C51 COMPILER V9.52.0.0   ADC                                                               02/25/2019 16:02:13 PAGE 1   


C51 COMPILER V9.52.0.0, COMPILATION OF MODULE ADC
OBJECT MODULE PLACED IN .\Obj\ADC.obj
COMPILER INVOKED BY: C:\Keil_v5\C51\BIN\C51.EXE Application\Source\ADC.c LARGE BROWSE INCDIR(.\Application\Header) DEBUG
                    - OBJECTEXTEND PRINT(.\Lis\ADC.lst) TABS(2) OBJECT(.\Obj\ADC.obj)

line level    source

   1          
   2          #include "ADCh.h"
   3          #include "stc15f2k60s2.h"
   4           #include <intrins.h>
   5           void Wait_ms(int ms);
   6          
   7          void ADC_Init(void)
   8          {
   9   1        // P1.0 is input
  10   1        P24=0;
  11   1        P25=0;
  12   1        P26=0;
  13   1        P1M1 |=( 1<<0);  
  14   1        P1M0 &=~( 1<<0); 
  15   1        CLK_DIV=0x00;//set ADRJ=0
  16   1        P1ASF |=P1_0_ADC_FUNCTION|P1_2_ADC_FUNCTION;  
  17   1      
  18   1        ADC_RES=0;
  19   1        ADC_RESL=0;
  20   1        ADC_CONTR=ADC_PWR | ADC_SPEEDLL;        
  21   1        //ADC_CONTR=ADC_PWR;  //enable ADC power  
  22   1        Wait_ms(2);
  23   1        
  24   1      }
  25          
  26          
  27          unsigned int ADC_GetResult(unsigned char ch)
  28          {
  29   1        unsigned int ADC_Value_H,ADC_Value_L,ADC_Value;// 16-bit
  30   1        ADC_CONTR =ADC_PWR | ADC_SPEEDLL | ch | ADC_START;  
  31   1        _nop_();                        
  32   1        _nop_();
  33   1        _nop_();
  34   1        _nop_();
  35   1        while (!(ADC_CONTR & ADC_FLAG));
  36   1        ADC_CONTR &= ~ADC_FLAG;         
  37   1        ADC_Value_H=ADC_RES;
  38   1        ADC_Value_L=ADC_RESL;
  39   1      
  40   1        ADC_Value=(ADC_Value_H<<2)|(ADC_Value_L&0x03);//RES[7:0], RESL[1:0]
  41   1        return ADC_Value;                   
  42   1      }


MODULE INFORMATION:   STATIC OVERLAYABLE
   CODE SIZE        =     75    ----
   CONSTANT SIZE    =   ----    ----
   XDATA SIZE       =   ----    ----
   PDATA SIZE       =   ----    ----
   DATA SIZE        =   ----    ----
   IDATA SIZE       =   ----    ----
   BIT SIZE         =   ----    ----
END OF MODULE INFORMATION.


C51 COMPILATION COMPLETE.  0 WARNING(S),  0 ERROR(S)
