C51 COMPILER V9.52.0.0   ADC                                                               07/26/2018 17:10:55 PAGE 1   


C51 COMPILER V9.52.0.0, COMPILATION OF MODULE ADC
OBJECT MODULE PLACED IN .\Obj\ADC.obj
COMPILER INVOKED BY: C:\Keil_v5\C51\BIN\C51.EXE ADC.c LARGE BROWSE INCDIR(.\Application\Header) DEBUG OBJECTEXTEND PRINT
                    -(.\Lis\ADC.lst) TABS(2) OBJECT(.\Obj\ADC.obj)

line level    source

   1          #include "ADC.h"
   2          #include "stc15f2k60s2.h"
   3          #include "LCD_Driver_SPLC780D.h"
   4          
   5          void adc_isr() interrupt 5 using 1
   6          {
   7   1        
   8   1        ADC_CONTR&=!ADC_Flag;
   9   1        adc_data=ADC_RES;// 8 high bit
  10   1        adc_data=(adc_data<<2)|ADC_RESL;//ADC 10 bit
  11   1      }
  12          
  13          void initADC()
  14          {
  15   1        P1ASF=P1ASF|(1<<0);// P1.0 is ADC port
  16   1        ADC_RES=0;
  17   1        ADC_RESL=0;
  18   1        ADC_CONTR=ADC_PWR | ADC_START;
  19   1        Wait_ms(2);
  20   1      }


MODULE INFORMATION:   STATIC OVERLAYABLE
   CODE SIZE        =     80    ----
   CONSTANT SIZE    =   ----    ----
   XDATA SIZE       =   ----    ----
   PDATA SIZE       =   ----    ----
   DATA SIZE        =   ----    ----
   IDATA SIZE       =   ----    ----
   BIT SIZE         =   ----    ----
END OF MODULE INFORMATION.


C51 COMPILATION COMPLETE.  0 WARNING(S),  0 ERROR(S)
