C51 COMPILER V9.52.0.0   BIPOLARMOTOR                                                      07/05/2018 10:05:36 PAGE 1   


C51 COMPILER V9.52.0.0, COMPILATION OF MODULE BIPOLARMOTOR
OBJECT MODULE PLACED IN .\Obj\BipolarMotor.obj
COMPILER INVOKED BY: C:\Keil_v5\C51\BIN\C51.EXE BipolarMotor.c LARGE BROWSE INCDIR(.\Application\Header) DEBUG OBJECTEXT
                    -END PRINT(.\Lis\BipolarMotor.lst) TABS(2) OBJECT(.\Obj\BipolarMotor.obj)

line level    source

   1          #include "stc15f2k60s2.h"
   2          #include "LCD_Driver_SPLC780D.h"
   3          void Delay_ms(unsigned int ms);
   4          void Move(unsigned int step, int direction)
   5          {
   6   1            unsigned int i=0;
   7   1            for( i=0;i<step;i++)
   8   1            {
   9   2                P4 |=0x06;// P41=1 // moving distance (mm)=pi^2*step*4/675
  10   2                Wait_ms(10);
  11   2                P4 &= 0xFC;
  12   2                Wait_ms(10);
  13   2            }
  14   1      }
*** WARNING C280 IN LINE 4 OF BipolarMotor.c: 'direction': unreferenced local variable


MODULE INFORMATION:   STATIC OVERLAYABLE
   CODE SIZE        =     83    ----
   CONSTANT SIZE    =   ----    ----
   XDATA SIZE       =   ----       6
   PDATA SIZE       =   ----    ----
   DATA SIZE        =   ----    ----
   IDATA SIZE       =   ----    ----
   BIT SIZE         =   ----    ----
END OF MODULE INFORMATION.


C51 COMPILATION COMPLETE.  1 WARNING(S),  0 ERROR(S)
