C51 COMPILER V9.52.0.0   CALIBRATION                                                       04/23/2019 15:03:08 PAGE 1   


C51 COMPILER V9.52.0.0, COMPILATION OF MODULE CALIBRATION
OBJECT MODULE PLACED IN .\Obj\Calibration.obj
COMPILER INVOKED BY: C:\Keil_v5\C51\BIN\C51.EXE Calibration.c LARGE BROWSE INCDIR(.\Application\Header) DEBUG OBJECTEXTE
                    -ND PRINT(.\Lis\Calibration.lst) TABS(2) OBJECT(.\Obj\Calibration.obj)

line level    source

   1          //#include "ADCh.h"
   2          #include "stc15f2k60s2.h"
   3          #include <stdio.h>
   4          #include <stdlib.h>
   5          #include "ADCh.h"
   6          #include "AT25SF041.h"
   7          void Wait_ms(int ms);
   8          unsigned int ADC_GetResult(unsigned char ch);
   9          void Move(float  distance, bit direction);
  10          unsigned int Max_Value(unsigned int *input);
  11          void Update_position(unsigned char mnths,unsigned char dys,
  12                               unsigned char hurs,unsigned char mns,unsigned char sconds,
  13                               float  *currnt_pos, float offset_calib);
  14          unsigned int Day_Of_Year(unsigned char months_bcd,unsigned char days_bcd); // this function is used to cou
             -nt the date in a year example: 22 March is the 80th day of the year
  15          void WriteData(unsigned char dat);
  16          void Command(unsigned char dat);//dat=0x0X
  17          void Display_Pos(float sign_dat);
  18          // read adc ch to sense the voltage of the solar panel.     
  19          
  20          int voltage_is_stable(void)
  21          {
  22   1        unsigned int sample_voltage[10];
  23   1        int i,ch=0;
  24   1        for (i=0; i<10;i++)
  25   1        {
  26   2              sample_voltage[i]=ADC_GetResult(ch);
  27   2        }
  28   1        
  29   1        for(i=1;i<=9;i++)
  30   1        {
  31   2              if(abs(sample_voltage[i]-sample_voltage[0])>ADC_Stable_Threshold)
  32   2                return 0;
  33   2        }
  34   1        return 1;
  35   1      }
  36          void  Find_Real_Max(float  *current_position, unsigned int *calib_max_ADC_Value,unsigned int *max_ADC_JP_v
             -alue, unsigned long int *address_to_write)
  37          {
  38   1          unsigned char ch=0;
  39   1          float calib_step_move=0.5;
  40   1          unsigned int voltage_at_scanned_pos[81],max_location, avg_voltage;
  41   1          int i,j;
  42   1          // move/scan +`
  43   1          for(i=0;i<81;i++)// 81 values
  44   1          {
  45   2            voltage_at_scanned_pos[i]=0;
  46   2          }
  47   1          for(i=0;i<81;i++)
  48   1          {
  49   2              //if(ADC_GetResult(2)>=sunlight_ADC_Threshold)
  50   2              {
  51   3                for(j=0;j<5;j++)
  52   3                {
C51 COMPILER V9.52.0.0   CALIBRATION                                                       04/23/2019 15:03:08 PAGE 2   

  53   4                  avg_voltage+=ADC_GetResult(ch);
  54   4                  Wait_ms(2);
  55   4      
  56   4                }
  57   3                voltage_at_scanned_pos[i]=avg_voltage/5;
  58   3      
  59   3                //  Because the uC Flash Memory is almost full, 
  60   3                //  so I did not change/increase the size of "struct data_to_store"
  61   3                //  STORE THE CALIB VOLTAGE IN THE SPI NOR FLASH after every calib, total 4*60=240 byte of data for e
             -ach calib time
  62   3                //if(i%2==0)
  63   3                {
  64   4                  AT25SF041_WriteEnable();
  65   4                  //Wait_ms_SPINOR(50); 
  66   4                  AT25SF041_Write(Byte_Page_Program, *address_to_write,ADC_GetResult(2)/4); // SUNLIGHT
  67   4                  Wait_ms_SPINOR(50); 
  68   4                  ++*address_to_write;
  69   4                  
  70   4                  AT25SF041_WriteEnable();
  71   4                  //Wait_ms_SPINOR(50); 
  72   4                  AT25SF041_Write(Byte_Page_Program, *address_to_write,voltage_at_scanned_pos[i]/4);// SOLAR CELL ADC 
             -VOLTAGE  
  73   4                  Wait_ms_SPINOR(50); 
  74   4                  ++*address_to_write;
  75   4                  
  76   4                  AT25SF041_WriteEnable();
  77   4                  //Wait_ms_SPINOR(50); 
  78   4                  AT25SF041_Write(Byte_Page_Program, *address_to_write,*current_position);  // SOLAR CELL Instant Posit
             -ion when calib
  79   4                  Wait_ms_SPINOR(50); 
  80   4                  ++*address_to_write;  
  81   4                  
  82   4                  AT25SF041_WriteEnable();
  83   4                  //Wait_ms_SPINOR(50); 
  84   4                  AT25SF041_Write(Byte_Page_Program, *address_to_write,(*current_position-(char)*current_position)*100
             -);  // SOLAR CELL Instant Position when calib
  85   4                  Wait_ms_SPINOR(50); 
  86   4                  ++*address_to_write;
  87   4        
  88   4                }
  89   3                  
  90   3              }
  91   2              /*else
  92   2              {
  93   2                // go back to JP max position
  94   2                if(i<=29)
  95   2                  Move(calib_step_move*(29-(i-1)),1);//
  96   2                  //*current_position=*current_position+calib_step_move*(29-i);
  97   2                else
  98   2                  Move(calib_step_move*(i-1-29),0);// 
  99   2                
 100   2                *current_position=*current_position+calib_step_move*(29-(i-1));
 101   2                break;// break FOR LOOP
 102   2              }*/
 103   2              
 104   2              //move cursor to line 1, pos 6
 105   2              //Write_PI4IOE5V96248(&dat);
 106   2              Command(0x08);
 107   2              Command(0x05);
 108   2              
 109   2              WriteData(0x41);//display "A"
 110   2              WriteData(0x44);//display "D"
C51 COMPILER V9.52.0.0   CALIBRATION                                                       04/23/2019 15:03:08 PAGE 3   

 111   2              WriteData(0x43);//display "C" 
 112   2              WriteData(0x3A);//display ":" 
 113   2              //LCD_clear();
 114   2              //real_voltage=(float)voltage_at_scanned_pos[i]/1024*5;
 115   2              Display_Pos((float)voltage_at_scanned_pos[i]/1024*5);
 116   2              WriteData(0x56);//display "V" 
 117   2              WriteData(0x10);//display " " 
 118   2              Wait_ms(500);
 119   2              
 120   2              Move(calib_step_move,1);
 121   2              *current_position=*current_position+0.5;
 122   2          }
 123   1      
 124   1          if(i==81)// make sure that all of the calibration value are scanned with GOOD SUN
 125   1          {
 126   2            max_location=Max_Value(voltage_at_scanned_pos);//max_location in an array [0,...,80]
 127   2            *calib_max_ADC_Value=voltage_at_scanned_pos[max_location];
 128   2      
 129   2            *max_ADC_JP_value=voltage_at_scanned_pos[40];
 130   2          
 131   2            // move to the optimal position in the area of +/-10mm from JP max theorical pos
 132   2            Move(calib_step_move*(80-max_location),0);
 133   2            *current_position=*current_position-calib_step_move*(80-max_location);
 134   2            Wait_ms(500);
 135   2          }
 136   1      
 137   1      }
 138          
 139          
 140          unsigned int Max_Value(unsigned int *input)
 141          {
 142   1        unsigned int max=0,max_location=40,i;
 143   1        //int i;
 144   1        for(i=0;i<81;i++) //total 81 diff values
 145   1        {
 146   2          max=max>*(input+i)? max:*(input+i);
 147   2          if (max==*(input+i)&& max!=0)
 148   2            max_location=i;
 149   2        }
 150   1        return max_location;// pos in the array
 151   1        
 152   1      }
 153          //input currnt_pos is the JP max theorical position
 154          float calibration(    unsigned char mnths,unsigned char dys,
 155                                unsigned char hurs,unsigned char mns,unsigned char sconds,
 156                                float  *currnt_pos,unsigned int *calib_max_ADC_Val,float *theorical_max_pos,
 157                                unsigned int *max_ADC_JP_value,unsigned long int *NOR_address_to_write)
 158          {
 159   1        float calib_value=0;
 160   1        unsigned int temporary_calib_max_ADC=0,temp_max_ADC_JP_value=0;//
 161   1        unsigned long int temp_NOR_address_to_write=*NOR_address_to_write;
 162   1        float JP_max_pos=*currnt_pos;
 163   1        *calib_max_ADC_Val=0;
 164   1        *max_ADC_JP_value=0;
 165   1        *theorical_max_pos=0;
 166   1        // if voltage is stable 
 167   1        if(voltage_is_stable())
 168   1        {
 169   2          //  move to JP theorical max position-20
 170   2          Update_position(mnths,dys,hurs,mns,sconds,&JP_max_pos,-20);// off set is Zero means we go to  (first, go
             - to JP max theorical position -20)
 171   2          *theorical_max_pos=JP_max_pos+20;// compensate +20 because of previous line.
C51 COMPILER V9.52.0.0   CALIBRATION                                                       04/23/2019 15:03:08 PAGE 4   

 172   2          //  find the real max value in the area of JP +/- 15mm
 173   2          Find_Real_Max(&JP_max_pos,&temporary_calib_max_ADC,&temp_max_ADC_JP_value,&temp_NOR_address_to_write); /
             -/find real max and move to real max position
 174   2          
 175   2          *NOR_address_to_write=temp_NOR_address_to_write;
 176   2          
 177   2          *calib_max_ADC_Val=temporary_calib_max_ADC;
 178   2          *max_ADC_JP_value=temp_max_ADC_JP_value;
 179   2          calib_value=JP_max_pos-*theorical_max_pos;
 180   2          *currnt_pos=JP_max_pos;
 181   2          return calib_value;
 182   2        }
 183   1        else
 184   1          return 0;
 185   1      }
 186          int FindClosestSamedayCalibTime(int *input_calibration_bool_array,int current_time_stamp_position)
 187          {
 188   1        int i;
 189   1        for(i=current_time_stamp_position;i>=0;i--)
 190   1        {
 191   2          if(*(input_calibration_bool_array+i)==1)// find the closest calibrated time stamp
 192   2            return i;// return the position in the array
 193   2          else 
 194   2            return 0;
 195   2        }
 196   1      }
*** WARNING C291 IN LINE 196 OF Calibration.c: not every exit path returns a value


MODULE INFORMATION:   STATIC OVERLAYABLE
   CODE SIZE        =   1868    ----
   CONSTANT SIZE    =   ----    ----
   XDATA SIZE       =   ----     251
   PDATA SIZE       =   ----    ----
   DATA SIZE        =   ----    ----
   IDATA SIZE       =   ----    ----
   BIT SIZE         =   ----    ----
END OF MODULE INFORMATION.


C51 COMPILATION COMPLETE.  1 WARNING(S),  0 ERROR(S)
