BL51 BANKED LINKER/LOCATER V6.22                                                        02/27/2019  16:11:06  PAGE 1


BL51 BANKED LINKER/LOCATER V6.22, INVOKED BY:
C:\KEIL_V5\C51\BIN\BL51.EXE .\Obj\main.obj, .\Obj\PCF85063BTL.obj, .\Obj\UART1.obj, .\Obj\LCd_Driver_SPLC780D.obj, .\Obj
>> \KeyPad.obj, .\Obj\BipolarMotor.obj, .\Obj\SunPos.obj, .\Obj\ADC.obj, .\Obj\Calibration.obj, .\Obj\IOExpander_PI4IOE5
>> V96248.obj, .\Obj\AT25SF041.obj, .\Obj\STARTUP.obj TO .\Obj\GPIO_RTC_Test PRINT (.\Lis\GPIO_RTC_Test.m51) RAMSIZE (25
>> 6)


MEMORY MODEL: LARGE WITH FLOATING POINT ARITHMETIC


INPUT MODULES INCLUDED:
  .\Obj\main.obj (MAIN)
  .\Obj\PCF85063BTL.obj (PCF85063BTL)
  .\Obj\UART1.obj (UART1)
  .\Obj\LCd_Driver_SPLC780D.obj (LCD_DRIVER_SPLC780D)
  .\Obj\KeyPad.obj (KEYPAD)
  .\Obj\BipolarMotor.obj (BIPOLARMOTOR)
  .\Obj\SunPos.obj (SUNPOS)
  .\Obj\ADC.obj (ADC)
  .\Obj\Calibration.obj (CALIBRATION)
  .\Obj\IOExpander_PI4IOE5V96248.obj (IOEXPANDER_PI4IOE5V96248)
  .\Obj\AT25SF041.obj (AT25SF041)
  .\Obj\STARTUP.obj (?C_STARTUP)
  C:\KEIL_V5\C51\LIB\C51FPL.LIB (?C?FPADD)
  C:\KEIL_V5\C51\LIB\C51FPL.LIB (?C?FPMUL)
  C:\KEIL_V5\C51\LIB\C51FPL.LIB (?C?FPDIV)
  C:\KEIL_V5\C51\LIB\C51FPL.LIB (?C?FPCMP)
  C:\KEIL_V5\C51\LIB\C51FPL.LIB (?C?FPNEG)
  C:\KEIL_V5\C51\LIB\C51FPL.LIB (?C?FCAST)
  C:\KEIL_V5\C51\LIB\C51FPL.LIB (?C?CASTF)
  C:\KEIL_V5\C51\LIB\C51FPL.LIB (ATAN2)
  C:\KEIL_V5\C51\LIB\C51FPL.LIB (SIN)
  C:\KEIL_V5\C51\LIB\C51FPL.LIB (ACOS)
  C:\KEIL_V5\C51\LIB\C51FPL.LIB (ASIN)
  C:\KEIL_V5\C51\LIB\C51FPL.LIB (?C?FPGETOPN)
  C:\KEIL_V5\C51\LIB\C51FPL.LIB (?C?FPSERIES)
  C:\KEIL_V5\C51\LIB\C51FPL.LIB (SQRT)
  C:\KEIL_V5\C51\LIB\C51FPL.LIB (ATAN)
  C:\KEIL_V5\C51\LIB\C51L.LIB (?C_INIT)
  C:\KEIL_V5\C51\LIB\C51L.LIB (?C?COPY)
  C:\KEIL_V5\C51\LIB\C51L.LIB (?C?CLDPTR)
  C:\KEIL_V5\C51\LIB\C51L.LIB (?C?CLDOPTR)
  C:\KEIL_V5\C51\LIB\C51L.LIB (?C?CSTPTR)
  C:\KEIL_V5\C51\LIB\C51L.LIB (?C?IMUL)
  C:\KEIL_V5\C51\LIB\C51L.LIB (?C?UIDIV)
  C:\KEIL_V5\C51\LIB\C51L.LIB (?C?SIDIV)
  C:\KEIL_V5\C51\LIB\C51L.LIB (?C?ILDIX)
  C:\KEIL_V5\C51\LIB\C51L.LIB (?C?ILDOPTR)
  C:\KEIL_V5\C51\LIB\C51L.LIB (?C?ISTPTR)
  C:\KEIL_V5\C51\LIB\C51L.LIB (?C?LMUL)
  C:\KEIL_V5\C51\LIB\C51L.LIB (?C?SLDIV)
  C:\KEIL_V5\C51\LIB\C51L.LIB (?C?LNEG)
  C:\KEIL_V5\C51\LIB\C51L.LIB (?C?ULCMP)
  C:\KEIL_V5\C51\LIB\C51L.LIB (?C?LSHL)
  C:\KEIL_V5\C51\LIB\C51L.LIB (?C?LLDPTR)
  C:\KEIL_V5\C51\LIB\C51L.LIB (?C?LLDOPTR)
  C:\KEIL_V5\C51\LIB\C51L.LIB (?C?LSTPTR)
  C:\KEIL_V5\C51\LIB\C51L.LIB (?C?LSTOPTR)
BL51 BANKED LINKER/LOCATER V6.22                                                      02/27/2019  16:11:06  PAGE 2


  C:\KEIL_V5\C51\LIB\C51L.LIB (?C?LLDXDATA)
  C:\KEIL_V5\C51\LIB\C51L.LIB (?C?LLDCODE)
  C:\KEIL_V5\C51\LIB\C51L.LIB (?C?LLDXDATA0)
  C:\KEIL_V5\C51\LIB\C51L.LIB (?C?LLDCODE0)
  C:\KEIL_V5\C51\LIB\C51L.LIB (?C?LLDPTR0)
  C:\KEIL_V5\C51\LIB\C51L.LIB (?C?LSTXDATA)
  C:\KEIL_V5\C51\LIB\C51L.LIB (?C?LSTKXDATA)
  C:\KEIL_V5\C51\LIB\C51L.LIB (?C?LSTKPTR)
  C:\KEIL_V5\C51\LIB\C51L.LIB (?C?OFFXADD)
  C:\KEIL_V5\C51\LIB\C51L.LIB (ABS)
  C:\KEIL_V5\C51\LIB\C51L.LIB (ATOI)
  C:\KEIL_V5\C51\LIB\C51L.LIB (?C?IILDX)
  C:\KEIL_V5\C51\LIB\C51L.LIB (?C?ULDIV)
  C:\KEIL_V5\C51\LIB\C51L.LIB (?C?LLDIDATA)
  C:\KEIL_V5\C51\LIB\C51L.LIB (?C?LLDPDATA)
  C:\KEIL_V5\C51\LIB\C51L.LIB (?C?LLDIDATA0)
  C:\KEIL_V5\C51\LIB\C51L.LIB (?C?LLDPDATA0)
  C:\KEIL_V5\C51\LIB\C51L.LIB (?C?LSTIDATA)
  C:\KEIL_V5\C51\LIB\C51L.LIB (?C?LSTPDATA)
  C:\KEIL_V5\C51\LIB\C51L.LIB (?C?LSTKIDATA)
  C:\KEIL_V5\C51\LIB\C51L.LIB (?C?LSTKPDATA)
  C:\KEIL_V5\C51\LIB\C51L.LIB (ISDIGIT)
  C:\KEIL_V5\C51\LIB\C51L.LIB (ISSPACE)


LINK MAP OF MODULE:  .\Obj\GPIO_RTC_Test (MAIN)


            TYPE    BASE      LENGTH    RELOCATION   SEGMENT NAME
            -----------------------------------------------------

            * * * * * * *   D A T A   M E M O R Y   * * * * * * *
            REG     0000H     0008H     ABSOLUTE     "REG BANK 0"
                    0008H     0018H                  *** GAP ***
            BIT     0020H.0   0000H.5   UNIT         ?BI?KEYPAD
            BIT     0020H.5   0000H.3   UNIT         _BIT_GROUP_
            BIT     0021H.0   0000H.1   UNIT         ?BI?MAIN
            BIT     0021H.1   0000H.1   UNIT         ?BI?_ATOI?ATOI
                    0021H.2   0000H.6                *** GAP ***
            IDATA   0022H     0001H     UNIT         ?STACK

            * * * * * * *  X D A T A   M E M O R Y  * * * * * * *
            XDATA   0000H     038FH     UNIT         ?XD?BIPOLARMOTOR
            XDATA   038FH     0158H     UNIT         _XDATA_GROUP_
            XDATA   04E7H     00D8H     UNIT         ?XD?MAIN
            XDATA   05BFH     0040H     UNIT         ?XD?_FINDDET4X4?BIPOLARMOTOR
            XDATA   05FFH     0024H     UNIT         ?XD?_FINDDET3X3?BIPOLARMOTOR
            XDATA   0623H     0009H     UNIT         ?XD?KEYPAD
            XDATA   062CH     0008H     UNIT         ?XD?_AT25SF041_READ?AT25SF041
            XDATA   0634H     0005H     UNIT         ?XD?_ATOI?ATOI
            XDATA   0639H     0004H     UNIT         ?XD?_DISPLAY_PROX?MAIN
            XDATA   063DH     0003H     UNIT         ?XD?_SENDSTRING?UART1
            XDATA   0640H     0001H     UNIT         ?XD?UC_ACK?IOEXPANDER_PI4IOE5V96248
            XDATA   0641H     0001H     UNIT         ?XD?UC_NACK?IOEXPANDER_PI4IOE5V96248

            * * * * * * *   C O D E   M E M O R Y   * * * * * * *
            CODE    0000H     0003H     ABSOLUTE     
BL51 BANKED LINKER/LOCATER V6.22                                                      02/27/2019  16:11:06  PAGE 3


            CODE    0003H     0006H     UNIT         ?PR?_TEN?UART1
            CODE    0009H     0001H     UNIT         ?PR?TM0_ISR?MAIN
            CODE    000AH     0001H     UNIT         ?PR?_DECTOBCD?UART1
            CODE    000BH     0003H     ABSOLUTE     
            CODE    000EH     0B46H     UNIT         ?PR?MAIN?MAIN
            CODE    0B54H     0B00H     UNIT         ?PR?_UPDATE_POSITION?BIPOLARMOTOR
            CODE    1654H     09B6H     UNIT         ?C?LIB_CODE
            CODE    200AH     07A2H     UNIT         ?PR?SUNPOS?SUNPOS
            CODE    27ACH     04B1H     UNIT         ?PR?_FIND_REAL_MAX?CALIBRATION
            CODE    2C5DH     03F9H     UNIT         ?C_INITSEG
            CODE    3056H     02C5H     UNIT         ?PR?KEY_PROCESS?KEYPAD
            CODE    331BH     02C0H     UNIT         ?PR?_FINDDET4X4?BIPOLARMOTOR
            CODE    35DBH     01D1H     UNIT         ?PR?_FINDDET3X3?BIPOLARMOTOR
            CODE    37ACH     01B3H     UNIT         ?PR?_CALIBRATION?CALIBRATION
            CODE    395FH     018DH     UNIT         ?PR?KEY_SCAN?KEYPAD
            CODE    3AECH     0189H     UNIT         ?PR?SPI_NOR_WRITE_DATA?AT25SF041
            CODE    3C75H     0188H     UNIT         ?PR?SIN?SIN
            CODE    3DFDH     0172H     UNIT         ?PR?_DISPLAY_POS?MAIN
            CODE    3F6FH     0122H     UNIT         ?PR?ATAN?ATAN
            CODE    4091H     0110H     UNIT         ?PR?_AT25SF041_READ?AT25SF041
            CODE    41A1H     0102H     UNIT         ?PR?_AT25SF041_WRITE?AT25SF041
            CODE    42A3H     00DBH     UNIT         ?PR?_ATOI?ATOI
            CODE    437EH     00C3H     UNIT         ?PR?LINEAR_INTERPOLATE?BIPOLARMOTOR
            CODE    4441H     00BBH     UNIT         ?PR?VOLTAGE_IS_STABLE?CALIBRATION
            CODE    44FCH     00ADH     UNIT         ?PR?_WRITE_PI4IOE5V96248?IOEXPANDER_PI4IOE5V96248
            CODE    45A9H     00ACH     UNIT         ?PR?SQRT?SQRT
            CODE    4655H     00A1H     UNIT         ?PR?UCREAD_STATUS_REGISTER_BYTE1?AT25SF041
            CODE    46F6H     009DH     UNIT         ?PR?_ATAN2?ATAN2
            CODE    4793H     009CH     UNIT         ?PR?_MAX_VALUE?CALIBRATION
            CODE    482FH     0095H     UNIT         ?PR?_DISPLAY_PROX?MAIN
            CODE    48C4H     008CH     UNIT         ?C_C51STARTUP
            CODE    4950H     0084H     UNIT         ?PR?_DAY_OF_YEAR?PCF85063BTL
            CODE    49D4H     0075H     UNIT         ?PR?_WRITEDATA?LCD_DRIVER_SPLC780D
            CODE    4A49H     0072H     UNIT         ?PR?AT25SF041_WRITEENABLE?AT25SF041
            CODE    4ABBH     006FH     UNIT         ?PR?_READ_TIME?PCF85063BTL
            CODE    4B2AH     005AH     UNIT         ?PR?AT25SF041_CHIPERASE?AT25SF041
            CODE    4B84H     0059H     UNIT         ?PR?LCD_INIT?LCD_DRIVER_SPLC780D
            CODE    4BDDH     004AH     UNIT         ?PR?VONESTEPMOVE?BIPOLARMOTOR
            CODE    4C27H     004AH     UNIT         ?PR?ACOS?ACOS
            CODE    4C71H     0044H     UNIT         ?C?LDIV
            CODE    4CB5H     0040H     UNIT         ?PR?_COMMAND?LCD_DRIVER_SPLC780D
            CODE    4CF5H     0040H     UNIT         ?PR?_STEP_MOVE?BIPOLARMOTOR
            CODE    4D35H     003BH     UNIT         ?PR?ASIN?ASIN
            CODE    4D70H     0033H     UNIT         ?PR?_SENDSTRING?UART1
            CODE    4DA3H     002CH     UNIT         ?PR?_ADC_GETRESULT?ADC
            CODE    4DCFH     002BH     UNIT         ?PR?_WAIT_MS_I2C?IOEXPANDER_PI4IOE5V96248
            CODE    4DFAH     002BH     UNIT         ?PR?_WAIT_MS_SPINOR?AT25SF041
            CODE    4E25H     0028H     UNIT         ?PR?_MOVE?BIPOLARMOTOR
            CODE    4E4DH     0027H     UNIT         ?PR?_I2C_SENDBYTE?IOEXPANDER_PI4IOE5V96248
            CODE    4E74H     0024H     UNIT         ?PR?_WAIT_MS?LCD_DRIVER_SPLC780D
            CODE    4E98H     0020H     UNIT         ?PR?_SPI_SENDBYTE?PCF85063BTL
            CODE    4EB8H     0020H     UNIT         ?PR?SPI_RECEIVEBYTE?PCF85063BTL
            CODE    4ED8H     001FH     UNIT         ?PR?ADC_INIT?ADC
            CODE    4EF7H     001EH     UNIT         ?PR?_DELAY_MS?KEYPAD
            CODE    4F15H     001DH     UNIT         ?PR?_DISPLAYLCD?LCD_DRIVER_SPLC780D
            CODE    4F32H     001BH     UNIT         ?PR?_BCDTODEC1?BIPOLARMOTOR
            CODE    4F4DH     0018H     UNIT         ?PR?_SPI_WRITETIME?PCF85063BTL
BL51 BANKED LINKER/LOCATER V6.22                                                      02/27/2019  16:11:06  PAGE 4


            CODE    4F65H     0017H     UNIT         ?PR?_ASCIITOBCD?UART1
            CODE    4F7CH     0016H     UNIT         ?PR?I2C_ACK?IOEXPANDER_PI4IOE5V96248
            CODE    4F92H     0015H     UNIT         ?PR?_DISPLAY_LINE?LCD_DRIVER_SPLC780D
            CODE    4FA7H     0015H     UNIT         ?PR?I2C_STOP?IOEXPANDER_PI4IOE5V96248
            CODE    4FBCH     0014H     UNIT         ?PR?_PCF85063BTL_DELAY?PCF85063BTL
            CODE    4FD0H     0014H     UNIT         ?PR?_ISSPACE?ISSPACE
            CODE    4FE4H     0011H     UNIT         ?PR?_SPI_READTIME?PCF85063BTL
            CODE    4FF5H     0011H     UNIT         ?PR?_BCDTODEC?PCF85063BTL
            CODE    5006H     0011H     UNIT         ?PR?INITUART1?UART1
            CODE    5017H     000FH     UNIT         ?PR?I2C_START?IOEXPANDER_PI4IOE5V96248
            CODE    5026H     000FH     UNIT         ?PR?UC_NACK?IOEXPANDER_PI4IOE5V96248
            CODE    5035H     000FH     UNIT         ?PR?_ISDIGIT?ISDIGIT
            CODE    5044H     000DH     UNIT         ?PR?SPI_INIT?PCF85063BTL
            CODE    5051H     000CH     UNIT         ?PR?KEYPAD_IO_INIT?KEYPAD
            CODE    505DH     000CH     UNIT         ?PR?_ABS?ABS
            CODE    5069H     000AH     UNIT         ?PR?LCD_RETURN_HOME?LCD_DRIVER_SPLC780D
            CODE    5073H     000AH     UNIT         ?PR?LCD_CLEAR?LCD_DRIVER_SPLC780D
            CODE    507DH     0006H     UNIT         ?PR?UC_ACK?IOEXPANDER_PI4IOE5V96248
            CODE    5083H     0005H     UNIT         ?PR?_UNIT?UART1
            CODE    5088H     0005H     UNIT         ?PR?_ASCII_LETTER?UART1
            CODE    508DH     0001H     UNIT         ?PR?WAIT?BIPOLARMOTOR
            CODE    508EH     0001H     UNIT         ?PR?NOP?IOEXPANDER_PI4IOE5V96248



OVERLAY MAP OF MODULE:   .\Obj\GPIO_RTC_Test (MAIN)


SEGMENT                                             BIT_GROUP          XDATA_GROUP
  +--> CALLED SEGMENT                            START    LENGTH     START    LENGTH
------------------------------------------------------------------------------------
?C_C51STARTUP                                    -----    -----      -----    -----
  +--> ?PR?MAIN?MAIN
  +--> ?C_INITSEG

?PR?MAIN?MAIN                                    -----    -----      038FH    002CH
  +--> ?PR?LCD_INIT?LCD_DRIVER_SPLC780D
  +--> ?PR?SPI_INIT?PCF85063BTL
  +--> ?PR?KEYPAD_IO_INIT?KEYPAD
  +--> ?PR?ADC_INIT?ADC
  +--> ?PR?_SPI_WRITETIME?PCF85063BTL
  +--> ?PR?_DELAY_MS?KEYPAD
  +--> ?PR?_DISPLAY_LINE?LCD_DRIVER_SPLC780D
  +--> ?PR?_WRITEDATA?LCD_DRIVER_SPLC780D
  +--> ?PR?KEY_PROCESS?KEYPAD
  +--> ?PR?_COMMAND?LCD_DRIVER_SPLC780D
  +--> ?PR?_DISPLAY_POS?MAIN
  +--> ?PR?_DISPLAYLCD?LCD_DRIVER_SPLC780D
  +--> ?PR?_STEP_MOVE?BIPOLARMOTOR
  +--> ?PR?LCD_RETURN_HOME?LCD_DRIVER_SPLC780D
  +--> ?PR?_READ_TIME?PCF85063BTL
  +--> ?PR?_ADC_GETRESULT?ADC
  +--> ?PR?_BCDTODEC1?BIPOLARMOTOR
  +--> ?PR?_CALIBRATION?CALIBRATION
  +--> ?PR?_WAIT_MS_SPINOR?AT25SF041
  +--> ?PR?SPI_NOR_WRITE_DATA?AT25SF041
  +--> ?PR?LINEAR_INTERPOLATE?BIPOLARMOTOR
BL51 BANKED LINKER/LOCATER V6.22                                                      02/27/2019  16:11:06  PAGE 5


  +--> ?PR?_UPDATE_POSITION?BIPOLARMOTOR
  +--> ?PR?LCD_CLEAR?LCD_DRIVER_SPLC780D
  +--> ?PR?AT25SF041_WRITEENABLE?AT25SF041
  +--> ?PR?AT25SF041_CHIPERASE?AT25SF041

?PR?LCD_INIT?LCD_DRIVER_SPLC780D                 -----    -----      -----    -----
  +--> ?PR?_WAIT_MS?LCD_DRIVER_SPLC780D
  +--> ?PR?_COMMAND?LCD_DRIVER_SPLC780D

?PR?_COMMAND?LCD_DRIVER_SPLC780D                 -----    -----      -----    -----
  +--> ?PR?_WAIT_MS?LCD_DRIVER_SPLC780D

?PR?ADC_INIT?ADC                                 -----    -----      -----    -----
  +--> ?PR?_WAIT_MS?LCD_DRIVER_SPLC780D

?PR?_SPI_WRITETIME?PCF85063BTL                   -----    -----      -----    -----
  +--> ?PR?_SPI_SENDBYTE?PCF85063BTL

?PR?_SPI_SENDBYTE?PCF85063BTL                    -----    -----      -----    -----
  +--> ?PR?_PCF85063BTL_DELAY?PCF85063BTL

?PR?_DISPLAY_LINE?LCD_DRIVER_SPLC780D            -----    -----      -----    -----
  +--> ?PR?_COMMAND?LCD_DRIVER_SPLC780D

?PR?_WRITEDATA?LCD_DRIVER_SPLC780D               -----    -----      0476H    0001H
  +--> ?PR?_WAIT_MS?LCD_DRIVER_SPLC780D

?PR?KEY_PROCESS?KEYPAD                           -----    -----      03BBH    0006H
  +--> ?PR?KEY_SCAN?KEYPAD
  +--> ?PR?_SPI_WRITETIME?PCF85063BTL
  +--> ?PR?LCD_CLEAR?LCD_DRIVER_SPLC780D
  +--> ?PR?_COMMAND?LCD_DRIVER_SPLC780D
  +--> ?PR?_WRITEDATA?LCD_DRIVER_SPLC780D

?PR?KEY_SCAN?KEYPAD                              -----    -----      03C1H    0003H

?PR?LCD_CLEAR?LCD_DRIVER_SPLC780D                -----    -----      -----    -----
  +--> ?PR?_COMMAND?LCD_DRIVER_SPLC780D

?PR?_DISPLAY_POS?MAIN                            -----    -----      046CH    000AH
  +--> ?PR?_ABS?ABS
  +--> ?PR?_WRITEDATA?LCD_DRIVER_SPLC780D

?PR?_DISPLAYLCD?LCD_DRIVER_SPLC780D              -----    -----      03BBH    0001H
  +--> ?PR?_WRITEDATA?LCD_DRIVER_SPLC780D

?PR?_STEP_MOVE?BIPOLARMOTOR                      0020H.6  0000H.1    0482H    0004H
  +--> ?PR?VONESTEPMOVE?BIPOLARMOTOR

?PR?VONESTEPMOVE?BIPOLARMOTOR                    0020H.7  0000H.1    -----    -----
  +--> ?PR?_WRITE_PI4IOE5V96248?IOEXPANDER_P...
  +--> ?PR?_DELAY_MS?KEYPAD

?PR?_WRITE_PI4IOE5V96248?IOEXPANDER_P...         -----    -----      0486H    0003H
  +--> ?PR?I2C_START?IOEXPANDER_PI4IOE5V96248
  +--> ?PR?_WAIT_MS_I2C?IOEXPANDER_PI4IOE5V9...
  +--> ?PR?_I2C_SENDBYTE?IOEXPANDER_PI4IOE5V...
BL51 BANKED LINKER/LOCATER V6.22                                                      02/27/2019  16:11:06  PAGE 6


  +--> ?PR?I2C_ACK?IOEXPANDER_PI4IOE5V96248
  +--> ?PR?I2C_STOP?IOEXPANDER_PI4IOE5V96248

?PR?I2C_START?IOEXPANDER_PI4IOE5V96248           -----    -----      -----    -----
  +--> ?PR?_WAIT_MS_I2C?IOEXPANDER_PI4IOE5V9...

?PR?_I2C_SENDBYTE?IOEXPANDER_PI4IOE5V...         -----    -----      -----    -----
  +--> ?PR?_WAIT_MS_I2C?IOEXPANDER_PI4IOE5V9...

?PR?I2C_ACK?IOEXPANDER_PI4IOE5V96248             -----    -----      0489H    0001H
  +--> ?PR?_WAIT_MS_I2C?IOEXPANDER_PI4IOE5V9...

?PR?I2C_STOP?IOEXPANDER_PI4IOE5V96248            -----    -----      -----    -----
  +--> ?PR?_WAIT_MS_I2C?IOEXPANDER_PI4IOE5V9...

?PR?LCD_RETURN_HOME?LCD_DRIVER_SPLC780D          -----    -----      -----    -----
  +--> ?PR?_COMMAND?LCD_DRIVER_SPLC780D

?PR?_READ_TIME?PCF85063BTL                       -----    -----      03BBH    000FH
  +--> ?PR?_SPI_READTIME?PCF85063BTL

?PR?_SPI_READTIME?PCF85063BTL                    -----    -----      -----    -----
  +--> ?PR?_SPI_SENDBYTE?PCF85063BTL
  +--> ?PR?SPI_RECEIVEBYTE?PCF85063BTL

?PR?SPI_RECEIVEBYTE?PCF85063BTL                  -----    -----      -----    -----
  +--> ?PR?_PCF85063BTL_DELAY?PCF85063BTL

?PR?_CALIBRATION?CALIBRATION                     -----    -----      03BBH    0024H
  +--> ?PR?VOLTAGE_IS_STABLE?CALIBRATION
  +--> ?PR?_UPDATE_POSITION?BIPOLARMOTOR
  +--> ?PR?_FIND_REAL_MAX?CALIBRATION

?PR?VOLTAGE_IS_STABLE?CALIBRATION                -----    -----      03DFH    0018H
  +--> ?PR?_ADC_GETRESULT?ADC
  +--> ?PR?_ABS?ABS

?PR?_UPDATE_POSITION?BIPOLARMOTOR                -----    -----      03DFH    009FH
  +--> ?PR?_BCDTODEC1?BIPOLARMOTOR
  +--> ?PR?SUNPOS?SUNPOS
  +--> ?PR?SIN?SIN
  +--> ?PR?ASIN?ASIN
  +--> ?PR?LINEAR_INTERPOLATE?BIPOLARMOTOR
  +--> ?PR?_ABS?ABS
  +--> ?PR?_MOVE?BIPOLARMOTOR

?PR?SUNPOS?SUNPOS                                -----    -----      047EH    005DH
  +--> ?PR?SIN?SIN
  +--> ?PR?_ATAN2?ATAN2
  +--> ?PR?ASIN?ASIN
  +--> ?PR?ACOS?ACOS

?PR?SIN?SIN                                      0020H.5  0000H.1    04DBH    0004H

?PR?_ATAN2?ATAN2                                 -----    -----      04DBH    0008H
  +--> ?PR?ATAN?ATAN

BL51 BANKED LINKER/LOCATER V6.22                                                      02/27/2019  16:11:06  PAGE 7


?PR?ATAN?ATAN                                    0020H.5  0000H.2    04E3H    0004H

?PR?ASIN?ASIN                                    -----    -----      -----    -----
  +--> ?PR?SQRT?SQRT
  +--> ?PR?ATAN?ATAN

?PR?SQRT?SQRT                                    -----    -----      04DBH    0004H

?PR?ACOS?ACOS                                    -----    -----      -----    -----
  +--> ?PR?SQRT?SQRT
  +--> ?PR?ATAN?ATAN

?PR?LINEAR_INTERPOLATE?BIPOLARMOTOR              -----    -----      047EH    0014H

?PR?_MOVE?BIPOLARMOTOR                           0020H.5  0000H.1    047EH    0004H
  +--> ?PR?_STEP_MOVE?BIPOLARMOTOR

?PR?_FIND_REAL_MAX?CALIBRATION                   -----    -----      03DFH    008DH
  +--> ?PR?_ADC_GETRESULT?ADC
  +--> ?PR?_MOVE?BIPOLARMOTOR
  +--> ?PR?AT25SF041_WRITEENABLE?AT25SF041
  +--> ?PR?_AT25SF041_WRITE?AT25SF041
  +--> ?PR?_WAIT_MS_SPINOR?AT25SF041
  +--> ?PR?_COMMAND?LCD_DRIVER_SPLC780D
  +--> ?PR?_WRITEDATA?LCD_DRIVER_SPLC780D
  +--> ?PR?_DISPLAY_POS?MAIN
  +--> ?PR?_WAIT_MS?LCD_DRIVER_SPLC780D
  +--> ?PR?_MAX_VALUE?CALIBRATION

?PR?AT25SF041_WRITEENABLE?AT25SF041              -----    -----      046CH    0002H
  +--> ?PR?_WAIT_MS_SPINOR?AT25SF041
  +--> ?PR?UCREAD_STATUS_REGISTER_BYTE1?AT25...

?PR?UCREAD_STATUS_REGISTER_BYTE1?AT25...         -----    -----      0474H    0003H
  +--> ?PR?_WAIT_MS_SPINOR?AT25SF041

?PR?_AT25SF041_WRITE?AT25SF041                   -----    -----      046CH    0008H
  +--> ?PR?_WAIT_MS_SPINOR?AT25SF041
  +--> ?PR?UCREAD_STATUS_REGISTER_BYTE1?AT25...

?PR?_MAX_VALUE?CALIBRATION                       -----    -----      046CH    0004H

?PR?SPI_NOR_WRITE_DATA?AT25SF041                 -----    -----      03BBH    000EH
  +--> ?PR?AT25SF041_WRITEENABLE?AT25SF041
  +--> ?PR?_AT25SF041_WRITE?AT25SF041
  +--> ?PR?_WAIT_MS_SPINOR?AT25SF041

?PR?AT25SF041_CHIPERASE?AT25SF041                -----    -----      03BBH    0002H
  +--> ?PR?_WAIT_MS_SPINOR?AT25SF041
  +--> ?PR?UCREAD_STATUS_REGISTER_BYTE1?AT25...



UNRESOLVED EXTERNAL SYMBOLS:
   AUTO_MODE
   SPI_NOR_CLEARENABLE
   _SENDUART1
BL51 BANKED LINKER/LOCATER V6.22                                                      02/27/2019  16:11:06  PAGE 8





SYMBOL TABLE OF MODULE:  .\Obj\GPIO_RTC_Test (MAIN)

  VALUE           TYPE          NAME
  ----------------------------------

  -------         MODULE        MAIN
  C:0000H         SYMBOL        _ICE_DUMMY_
  X:04EFH         PUBLIC        calib_value
  D:0080H         PUBLIC        P0
  D:00B2H         PUBLIC        P3M0
  D:0090H         PUBLIC        P1
  D:00B1H         PUBLIC        P3M1
  D:00A0H         PUBLIC        P2
  D:00B0H         PUBLIC        P3
  D:00C0H         PUBLIC        P4
  D:00C8H         PUBLIC        P5
  X:0543H         SYMBOL        PressedKey
  B:00A8H.7       PUBLIC        EA
  D:00E8H         PUBLIC        P6
  X:0547H         PUBLIC        calib_stamp
  D:00F8H         PUBLIC        P7
  X:0548H         PUBLIC        RX_Data_Uart_Cnt
  D:00A8H         PUBLIC        IE
  X:054AH         PUBLIC        calib_time
  D:00B8H         PUBLIC        IP
  X:059EH         PUBLIC        months
  D:00D8H         PUBLIC        CCON
  C:000EH         PUBLIC        main
  X:059FH         PUBLIC        count
  X:05A1H         PUBLIC        days
  X:05A2H         PUBLIC        hours
  D:0098H         PUBLIC        SCON
  D:0089H         PUBLIC        TMOD
  D:0088H         PUBLIC        TCON
  B:00A0H.3       PUBLIC        P23
  X:05A3H         SYMBOL        KeyCount
  X:05A5H         PUBLIC        mins
  X:05A6H         PUBLIC        Rec_data_hour
  B:00C8H.5       PUBLIC        P55
  X:05A9H         PUBLIC        Rec_data_min
  D:008EH         PUBLIC        AUXR
  C:0009H         PUBLIC        tm0_isr
  B:0021H.0       PUBLIC        busy
  B:00A8H.1       PUBLIC        ET0
  X:05ACH         PUBLIC        SPI_NOR_INTERNAL_FLASH_ADDR
  D:008CH         PUBLIC        TH0
  X:05B0H         PUBLIC        hour_count
  D:008AH         PUBLIC        TL0
  X:05B1H         PUBLIC        min_count
  B:0088H.4       PUBLIC        TR0
  X:05B2H         SYMBOL        KeyNum
  X:05B3H         SYMBOL        KeyNum_Old
  X:05B4H         PUBLIC        current_position
  X:05B8H         PUBLIC        hours1
BL51 BANKED LINKER/LOCATER V6.22                                                      02/27/2019  16:11:06  PAGE 9


  X:05B9H         PUBLIC        hours2
  C:482FH         PUBLIC        _Display_Prox
  X:05BAH         PUBLIC        mins1
  X:05BBH         PUBLIC        mins2
  C:3DFDH         PUBLIC        _Display_Pos
  X:05BCH         PUBLIC        seconds
  X:05BDH         PUBLIC        st_time
  D:00D0H         PUBLIC        PSW
  -------         PROC          TM0_ISR
  C:0009H         LINE#         85
  C:0009H         LINE#         87
  -------         ENDPROC       TM0_ISR
  -------         PROC          MAIN
  -------         DO            
  X:038FH         SYMBOL        sunlight_ADC
  X:04E7H         SYMBOL        KeyCount
  X:04E9H         SYMBOL        KeyNum_Old
  X:04EAH         SYMBOL        KeyNum
  X:04EBH         SYMBOL        PressedKey
  X:0391H         SYMBOL        prox_flag
  X:0392H         SYMBOL        iUse_prevday_calib_value
  X:0394H         SYMBOL        max_ADC_Val_JP
  X:0396H         SYMBOL        max_ADC_Val
  X:0398H         SYMBOL        calib_point1
  X:03A0H         SYMBOL        calib_point2
  X:03A8H         SYMBOL        dat_to_store
  X:03B3H         SYMBOL        calib_day
  X:03B5H         SYMBOL        calib_count
  X:03B7H         SYMBOL        theorical_JP_max_pos
  -------         ENDDO         
  C:000EH         LINE#         89
  C:000EH         LINE#         90
  C:000EH         LINE#         95
  C:0014H         LINE#         96
  C:0019H         LINE#         98
  C:0021H         LINE#         102
  C:0027H         LINE#         103
  C:0031H         LINE#         107
  C:0033H         LINE#         108
  C:0035H         LINE#         109
  C:0037H         LINE#         110
  C:0039H         LINE#         112
  C:0040H         LINE#         113
  C:0044H         LINE#         122
  C:0046H         LINE#         123
  C:0049H         LINE#         124
  C:004CH         LINE#         125
  C:004FH         LINE#         126
  C:0052H         LINE#         127
  C:0055H         LINE#         130
  C:0058H         LINE#         132
  C:005BH         LINE#         133
  C:005EH         LINE#         134
  C:0061H         LINE#         135
  C:0063H         LINE#         136
  C:0065H         LINE#         137
  C:0067H         LINE#         139
BL51 BANKED LINKER/LOCATER V6.22                                                      02/27/2019  16:11:06  PAGE 10


  C:0069H         LINE#         140
  C:0070H         LINE#         141
  C:0077H         LINE#         142
  C:007EH         LINE#         143
  C:0085H         LINE#         147
  C:008CH         LINE#         148
  C:0091H         LINE#         149
  C:0096H         LINE#         150
  C:009BH         LINE#         151
  C:00A0H         LINE#         152
  C:00A5H         LINE#         155
  C:00BEH         LINE#         156
  C:00BEH         LINE#         157
  C:00DAH         LINE#         158
  C:0121H         LINE#         159
  C:0132H         LINE#         162
  C:0132H         LINE#         163
  C:0132H         LINE#         164
  C:0135H         LINE#         167
  C:0135H         LINE#         170
  C:013AH         LINE#         171
  C:013FH         LINE#         173
  C:0144H         LINE#         174
  C:0149H         LINE#         175
  C:014EH         LINE#         176
  C:0153H         LINE#         178
  C:0164H         LINE#         179
  C:0169H         LINE#         180
  C:016EH         LINE#         182
  C:0175H         LINE#         183
  C:017DH         LINE#         184
  C:0182H         LINE#         185
  C:018AH         LINE#         186
  C:018FH         LINE#         187
  C:0199H         LINE#         188
  C:019EH         LINE#         189
  C:01A6H         LINE#         191
  C:01AEH         LINE#         192
  C:01B3H         LINE#         193
  C:01BDH         LINE#         194
  C:01BDH         LINE#         195
  C:01BFH         LINE#         196
  C:01C1H         LINE#         197
  C:01CBH         LINE#         198
  C:01CBH         LINE#         199
  C:01D0H         LINE#         200
  C:01D0H         LINE#         212
  C:01DDH         LINE#         213
  C:01DDH         LINE#         214
  C:01E7H         LINE#         215
  C:01FEH         LINE#         216
  C:01FEH         LINE#         217
  C:0200H         LINE#         218
  C:0202H         LINE#         220
  C:0202H         LINE#         221
  C:020DH         LINE#         222
  C:020DH         LINE#         223
BL51 BANKED LINKER/LOCATER V6.22                                                      02/27/2019  16:11:06  PAGE 11


  C:0212H         LINE#         224
  C:0212H         LINE#         225
  C:021FH         LINE#         226
  C:021FH         LINE#         229
  C:0229H         LINE#         230
  C:0240H         LINE#         231
  C:0240H         LINE#         232
  C:0242H         LINE#         233
  C:0244H         LINE#         235
  C:0244H         LINE#         236
  C:024FH         LINE#         237
  C:024FH         LINE#         238
  C:0254H         LINE#         239
  C:0256H         LINE#         240
  C:0256H         LINE#         242
  C:0278H         LINE#         243
  C:0278H         LINE#         244
  C:0282H         LINE#         245
  C:0288H         LINE#         246
  C:028AH         LINE#         247
  C:028CH         LINE#         248
  C:028EH         LINE#         249
  C:028EH         LINE#         250
  C:0291H         LINE#         252
  C:0291H         LINE#         253
  C:0297H         LINE#         254
  C:029FH         LINE#         255
  C:02A5H         LINE#         256
  C:02ADH         LINE#         257
  C:02E8H         LINE#         261
  C:02F5H         LINE#         262
  C:02F5H         LINE#         264
  C:0302H         LINE#         265
  C:0335H         LINE#         266
  C:0342H         LINE#         267
  C:0342H         LINE#         269
  C:0371H         LINE#         270
  C:0371H         LINE#         271
  C:0393H         LINE#         272
  C:0393H         LINE#         273
  C:040FH         LINE#         274
  C:0499H         LINE#         277
  C:04A1H         LINE#         278
  C:04A9H         LINE#         279
  C:04B1H         LINE#         280
  C:04B9H         LINE#         281
  C:04CDH         LINE#         282
  C:04E3H         LINE#         283
  C:0513H         LINE#         284
  C:0527H         LINE#         285
  C:0537H         LINE#         286
  C:0537H         LINE#         287
  C:0537H         LINE#         288
  C:0537H         LINE#         290
  C:0537H         LINE#         293
  C:053AH         LINE#         294
  C:054BH         LINE#         295
BL51 BANKED LINKER/LOCATER V6.22                                                      02/27/2019  16:11:06  PAGE 12


  C:054BH         LINE#         296
  C:054BH         LINE#         298
  C:054BH         LINE#         301
  C:054EH         LINE#         303
  C:054EH         LINE#         304
  C:0570H         LINE#         305
  C:0570H         LINE#         306
  C:05ECH         LINE#         307
  C:0641H         LINE#         308
  C:0641H         LINE#         309
  C:0641H         LINE#         310
  C:0644H         LINE#         314
  C:0644H         LINE#         317
  C:0678H         LINE#         318
  C:0678H         LINE#         319
  C:069AH         LINE#         320
  C:069AH         LINE#         321
  C:0716H         LINE#         322
  C:07A0H         LINE#         324
  C:07A8H         LINE#         325
  C:07B0H         LINE#         326
  C:07B8H         LINE#         327
  C:07C0H         LINE#         328
  C:07D4H         LINE#         329
  C:07EAH         LINE#         330
  C:081AH         LINE#         331
  C:082EH         LINE#         332
  C:0842H         LINE#         333
  C:0858H         LINE#         334
  C:0888H         LINE#         335
  C:088FH         LINE#         337
  C:08B3H         LINE#         339
  C:08B6H         LINE#         340
  C:08C7H         LINE#         341
  C:08C7H         LINE#         342
  C:08CFH         LINE#         344
  C:08CFH         LINE#         347
  C:08D2H         LINE#         349
  C:08D2H         LINE#         351
  C:08F4H         LINE#         352
  C:08F4H         LINE#         353
  C:0970H         LINE#         355
  C:099DH         LINE#         356
  C:09B8H         LINE#         357
  C:09E5H         LINE#         358
  C:0A00H         LINE#         360
  C:0A9CH         LINE#         363
  C:0A9CH         LINE#         364
  C:0A9CH         LINE#         365
  C:0A9CH         LINE#         367
  C:0A9CH         LINE#         370
  C:0AB8H         LINE#         371
  C:0ABCH         LINE#         373
  C:0ABEH         LINE#         376
  C:0AC9H         LINE#         377
  C:0AC9H         LINE#         378
  C:0ACCH         LINE#         379
BL51 BANKED LINKER/LOCATER V6.22                                                      02/27/2019  16:11:06  PAGE 13


  C:0AD3H         LINE#         380
  C:0AD8H         LINE#         381
  C:0ADDH         LINE#         382
  C:0AE2H         LINE#         383
  C:0AE7H         LINE#         384
  C:0AECH         LINE#         385
  C:0AF1H         LINE#         386
  C:0AF6H         LINE#         387
  C:0AFBH         LINE#         388
  C:0B00H         LINE#         389
  C:0B05H         LINE#         390
  C:0B0AH         LINE#         391
  C:0B0FH         LINE#         394
  C:0B12H         LINE#         396
  C:0B15H         LINE#         397
  C:0B1CH         LINE#         398
  C:0B26H         LINE#         399
  C:0B2BH         LINE#         401
  C:0B2EH         LINE#         402
  C:0B33H         LINE#         403
  C:0B38H         LINE#         404
  C:0B3DH         LINE#         405
  C:0B42H         LINE#         406
  C:0B47H         LINE#         407
  C:0B4CH         LINE#         408
  C:0B51H         LINE#         410
  C:0B51H         LINE#         411
  -------         ENDPROC       MAIN
  -------         PROC          _DISPLAY_PROX
  D:0002H         SYMBOL        dat
  -------         DO            
  X:0639H         SYMBOL        unit
  X:063AH         SYMBOL        ten
  X:063BH         SYMBOL        hundred
  X:063CH         SYMBOL        thousand
  -------         ENDDO         
  C:482FH         LINE#         495
  C:4833H         LINE#         496
  C:4833H         LINE#         498
  C:483FH         LINE#         499
  C:484FH         LINE#         500
  C:486BH         LINE#         501
  C:489BH         LINE#         502
  C:48A5H         LINE#         503
  C:48AFH         LINE#         504
  C:48B9H         LINE#         505
  C:48C3H         LINE#         507
  -------         ENDPROC       _DISPLAY_PROX
  -------         PROC          _DISPLAY_POS
  X:046CH         SYMBOL        sign_dat
  -------         DO            
  X:0470H         SYMBOL        unit
  X:0471H         SYMBOL        ten
  X:0472H         SYMBOL        hundred
  D:0003H         SYMBOL        thousand
  X:0473H         SYMBOL        after_dot
  X:0474H         SYMBOL        dat
BL51 BANKED LINKER/LOCATER V6.22                                                      02/27/2019  16:11:06  PAGE 14


  -------         ENDDO         
  C:3DFDH         LINE#         510
  C:3E03H         LINE#         511
  C:3E03H         LINE#         515
  C:3E1FH         LINE#         516
  C:3E39H         LINE#         517
  C:3E5DH         LINE#         519
  C:3EA7H         LINE#         521
  C:3EBEH         LINE#         522
  C:3ECBH         LINE#         523
  C:3EEDH         LINE#         524
  C:3F22H         LINE#         525
  C:3F3AH         LINE#         526
  C:3F3AH         LINE#         528
  C:3F3AH         LINE#         529
  C:3F3AH         LINE#         530
  C:3F3AH         LINE#         531
  C:3F3AH         LINE#         532
  C:3F3AH         LINE#         536
  C:3F3CH         LINE#         538
  C:3F3CH         LINE#         540
  C:3F41H         LINE#         541
  C:3F4BH         LINE#         542
  C:3F55H         LINE#         543
  C:3F5FH         LINE#         544
  C:3F64H         LINE#         545
  C:3F6EH         LINE#         549
  C:3F6EH         LINE#         551
  -------         ENDPROC       _DISPLAY_POS
  -------         ENDMOD        MAIN

  -------         MODULE        PCF85063BTL
  C:0000H         SYMBOL        _ICE_DUMMY_
  D:0096H         PUBLIC        P2M0
  D:0080H         PUBLIC        P0
  D:0095H         PUBLIC        P2M1
  D:0090H         PUBLIC        P1
  D:00A0H         PUBLIC        P2
  D:00B0H         PUBLIC        P3
  D:00C0H         PUBLIC        P4
  D:00C8H         PUBLIC        P5
  D:00E8H         PUBLIC        P6
  B:00A0H.1       PUBLIC        PCF85063BTL_SDI
  D:00F8H         PUBLIC        P7
  B:00A0H.2       PUBLIC        PCF85063BTL_SCK
  B:00A0H.1       PUBLIC        PCF85063BTL_SDO
  D:00A8H         PUBLIC        IE
  C:4ABBH         PUBLIC        _Read_time
  C:4FC2H         PUBLIC        _PCF85063BTL_Delay
  D:00B8H         PUBLIC        IP
  D:00D8H         PUBLIC        CCON
  C:4950H         PUBLIC        _Day_Of_Year
  C:4EB8H         PUBLIC        SPI_ReceiveByte
  D:0098H         PUBLIC        SCON
  D:0088H         PUBLIC        TCON
  C:4FF5H         PUBLIC        _BCDtoDec
  B:00A0H.0       PUBLIC        PCF85063BTL_CS
BL51 BANKED LINKER/LOCATER V6.22                                                      02/27/2019  16:11:06  PAGE 15


  C:4FE4H         PUBLIC        _SPI_ReadTime
  C:5044H         PUBLIC        SPI_Init
  C:4F4DH         PUBLIC        _SPI_WriteTime
  C:4E98H         PUBLIC        _SPI_SendByte
  D:00D0H         PUBLIC        PSW
  C:4FBEH         SYMBOL        L?0047
  -------         PROC          L?0046
  -------         ENDPROC       L?0046
  C:4FBEH         SYMBOL        L?0047
  -------         PROC          _PCF85063BTL_DELAY
  D:0006H         SYMBOL        us
  C:4FC2H         LINE#         8
  C:4FC2H         LINE#         9
  C:4FC2H         LINE#         10
  C:4FCCH         LINE#         11
  C:4FCCH         LINE#         12
  C:4FCDH         LINE#         13
  C:4FCFH         LINE#         14
  -------         ENDPROC       _PCF85063BTL_DELAY
  -------         PROC          _SPI_SENDBYTE
  D:0005H         SYMBOL        dat
  -------         DO            
  D:0003H         SYMBOL        i
  -------         ENDDO         
  C:4E98H         LINE#         17
  C:4E9AH         LINE#         18
  C:4E9AH         LINE#         20
  C:4E9CH         LINE#         21
  C:4E9CH         LINE#         22
  C:4E9EH         LINE#         23
  C:4EA2H         LINE#         24
  C:4EA2H         LINE#         25
  C:4EA4H         LINE#         26
  C:4EA6H         LINE#         28
  C:4EA6H         LINE#         29
  C:4EA8H         LINE#         30
  C:4EA8H         LINE#         31
  C:4EABH         LINE#         32
  C:4EABH         LINE#         33
  C:4EAEH         LINE#         34
  C:4EB2H         LINE#         35
  C:4EB7H         LINE#         36
  -------         ENDPROC       _SPI_SENDBYTE
  -------         PROC          SPI_RECEIVEBYTE
  -------         DO            
  D:0003H         SYMBOL        i
  D:0005H         SYMBOL        dat
  -------         ENDDO         
  C:4EB8H         LINE#         39
  C:4EB8H         LINE#         40
  C:4EB8H         LINE#         42
  C:4EBAH         LINE#         44
  C:4EBCH         LINE#         45
  C:4EBDH         LINE#         46
  C:4EBDH         LINE#         47
  C:4EC1H         LINE#         48
  C:4EC3H         LINE#         49
BL51 BANKED LINKER/LOCATER V6.22                                                      02/27/2019  16:11:06  PAGE 16


  C:4EC6H         LINE#         51
  C:4EC9H         LINE#         52
  C:4EC9H         LINE#         53
  C:4ECDH         LINE#         54
  C:4ECDH         LINE#         55
  C:4ECDH         LINE#         56
  C:4ED0H         LINE#         57
  C:4ED5H         LINE#         58
  C:4ED7H         LINE#         59
  -------         ENDPROC       SPI_RECEIVEBYTE
  -------         PROC          _SPI_READTIME
  D:0007H         SYMBOL        addr
  -------         DO            
  D:0006H         SYMBOL        dat
  -------         ENDDO         
  C:4FE4H         LINE#         61
  C:4FE4H         LINE#         62
  C:4FE4H         LINE#         64
  C:4FE6H         LINE#         65
  C:4FE8H         LINE#         66
  C:4FEFH         LINE#         67
  C:4FF2H         LINE#         68
  C:4FF4H         LINE#         69
  C:4FF4H         LINE#         70
  -------         ENDPROC       _SPI_READTIME
  -------         PROC          _SPI_WRITETIME
  D:0002H         SYMBOL        val
  D:0005H         SYMBOL        addr
  C:4F4DH         LINE#         71
  C:4F4FH         LINE#         72
  C:4F4FH         LINE#         74
  C:4F51H         LINE#         75
  C:4F58H         LINE#         76
  C:4F5DH         LINE#         77
  C:4F62H         LINE#         78
  C:4F64H         LINE#         79
  -------         ENDPROC       _SPI_WRITETIME
  -------         PROC          SPI_INIT
  C:5044H         LINE#         83
  C:5044H         LINE#         84
  C:5044H         LINE#         89
  C:5047H         LINE#         90
  C:504AH         LINE#         91
  C:504CH         LINE#         92
  C:504EH         LINE#         93
  C:5050H         LINE#         94
  -------         ENDPROC       SPI_INIT
  -------         PROC          _READ_TIME
  X:03BBH         SYMBOL        months
  X:03BEH         SYMBOL        days
  X:03C1H         SYMBOL        hours
  X:03C4H         SYMBOL        mins
  X:03C7H         SYMBOL        seconds
  C:4ABBH         LINE#         96
  C:4AC6H         LINE#         97
  C:4AC6H         LINE#         99
  C:4ADAH         LINE#         101
BL51 BANKED LINKER/LOCATER V6.22                                                      02/27/2019  16:11:06  PAGE 17


  C:4AEEH         LINE#         103
  C:4B02H         LINE#         108
  C:4B16H         LINE#         113
  -------         ENDPROC       _READ_TIME
  -------         PROC          _BCDTODEC
  D:0007H         SYMBOL        bcd
  -------         DO            
  D:0006H         SYMBOL        hi
  D:0007H         SYMBOL        lo
  -------         ENDDO         
  C:4FF5H         LINE#         119
  C:4FF5H         LINE#         120
  C:4FF5H         LINE#         122
  C:4FFAH         LINE#         123
  C:4FFEH         LINE#         124
  C:5005H         LINE#         125
  -------         ENDPROC       _BCDTODEC
  -------         PROC          _DAY_OF_YEAR
  D:0007H         SYMBOL        months_bcd
  D:0005H         SYMBOL        days_bcd
  -------         DO            
  D:0004H         SYMBOL        months
  D:0007H         SYMBOL        days
  -------         ENDDO         
  C:4950H         LINE#         126
  C:4950H         LINE#         127
  C:4950H         LINE#         130
  C:4955H         LINE#         132
  C:495AH         LINE#         134
  C:4993H         LINE#         135
  C:4993H         LINE#         136
  C:4993H         LINE#         137
  C:4996H         LINE#         138
  C:4996H         LINE#         139
  C:4996H         LINE#         140
  C:499BH         LINE#         141
  C:499BH         LINE#         142
  C:499BH         LINE#         143
  C:49A0H         LINE#         144
  C:49A0H         LINE#         145
  C:49A0H         LINE#         146
  C:49A5H         LINE#         147
  C:49A5H         LINE#         148
  C:49A5H         LINE#         149
  C:49AAH         LINE#         150
  C:49AAH         LINE#         151
  C:49AAH         LINE#         152
  C:49AFH         LINE#         153
  C:49AFH         LINE#         154
  C:49AFH         LINE#         155
  C:49B4H         LINE#         156
  C:49B4H         LINE#         157
  C:49B4H         LINE#         158
  C:49B9H         LINE#         159
  C:49B9H         LINE#         160
  C:49B9H         LINE#         161
  C:49C1H         LINE#         162
BL51 BANKED LINKER/LOCATER V6.22                                                      02/27/2019  16:11:06  PAGE 18


  C:49C1H         LINE#         163
  C:49C1H         LINE#         164
  C:49C6H         LINE#         165
  C:49C6H         LINE#         166
  C:49C6H         LINE#         167
  C:49CBH         LINE#         168
  C:49CBH         LINE#         169
  C:49CBH         LINE#         170
  C:49D3H         LINE#         171
  C:49D3H         LINE#         172
  C:49D3H         LINE#         173
  -------         ENDPROC       _DAY_OF_YEAR
  -------         ENDMOD        PCF85063BTL

  -------         MODULE        UART1
  C:0000H         SYMBOL        _ICE_DUMMY_
  D:0080H         PUBLIC        P0
  D:0090H         PUBLIC        P1
  D:00A0H         PUBLIC        P2
  D:00B0H         PUBLIC        P3
  D:00C0H         PUBLIC        P4
  D:00C8H         PUBLIC        P5
  B:00A8H.7       PUBLIC        EA
  D:00E8H         PUBLIC        P6
  D:00F8H         PUBLIC        P7
  C:4D70H         PUBLIC        _SendString
  D:00A8H         PUBLIC        IE
  B:00A8H.4       PUBLIC        ES
  D:00B8H         PUBLIC        IP
  C:4F65H         PUBLIC        _ASCIItoBCD
  D:00D8H         PUBLIC        CCON
  C:5006H         PUBLIC        initUART1
  D:0098H         PUBLIC        SCON
  D:0088H         PUBLIC        TCON
  C:000AH         PUBLIC        _DectoBCD
  C:5088H         PUBLIC        _ASCII_Letter
  D:008EH         PUBLIC        AUXR
  C:5083H         PUBLIC        _unit
  C:0003H         PUBLIC        _ten
  D:00D6H         PUBLIC        T2H
  D:00D7H         PUBLIC        T2L
  D:00D0H         PUBLIC        PSW
  -------         PROC          INITUART1
  C:5006H         LINE#         21
  C:5006H         LINE#         22
  C:5006H         LINE#         23
  C:5009H         LINE#         24
  C:500CH         LINE#         25
  C:500FH         LINE#         26
  C:5012H         LINE#         27
  C:5014H         LINE#         28
  C:5016H         LINE#         30
  -------         ENDPROC       INITUART1
  -------         PROC          _SENDSTRING
  X:063DH         SYMBOL        s
  C:4D70H         LINE#         35
  C:4D7BH         LINE#         36
BL51 BANKED LINKER/LOCATER V6.22                                                      02/27/2019  16:11:06  PAGE 19


  C:4D7BH         LINE#         37
  C:4D8BH         LINE#         38
  C:4D8BH         LINE#         39
  C:4DA0H         LINE#         40
  C:4DA2H         LINE#         41
  -------         ENDPROC       _SENDSTRING
  -------         PROC          _TEN
  D:0007H         SYMBOL        BCD
  C:0003H         LINE#         43
  C:0003H         LINE#         44
  C:0003H         LINE#         45
  C:0008H         LINE#         46
  -------         ENDPROC       _TEN
  -------         PROC          _UNIT
  D:0007H         SYMBOL        BCD
  C:5083H         LINE#         47
  C:5083H         LINE#         48
  C:5083H         LINE#         52
  C:5087H         LINE#         53
  -------         ENDPROC       _UNIT
  -------         PROC          _DECTOBCD
  D:0007H         SYMBOL        dec
  C:000AH         LINE#         54
  C:000AH         LINE#         55
  C:000AH         LINE#         57
  C:000AH         LINE#         58
  -------         ENDPROC       _DECTOBCD
  -------         PROC          _ASCII_LETTER
  D:0007H         SYMBOL        dat
  C:5088H         LINE#         60
  C:5088H         LINE#         61
  C:5088H         LINE#         63
  C:508CH         LINE#         64
  -------         ENDPROC       _ASCII_LETTER
  -------         PROC          _ASCIITOBCD
  D:0001H         SYMBOL        ascii
  -------         DO            
  D:0007H         SYMBOL        dec_val
  D:0006H         SYMBOL        ten
  D:0007H         SYMBOL        unit
  -------         ENDDO         
  C:4F65H         LINE#         66
  C:4F65H         LINE#         67
  C:4F65H         LINE#         69
  C:4F68H         LINE#         70
  C:4F6EH         LINE#         71
  C:4F75H         LINE#         72
  C:4F7BH         LINE#         74
  -------         ENDPROC       _ASCIITOBCD
  -------         ENDMOD        UART1

  -------         MODULE        LCD_DRIVER_SPLC780D
  C:0000H         SYMBOL        _ICE_DUMMY_
  D:0092H         PUBLIC        P1M0
  D:0091H         PUBLIC        P1M1
  D:0080H         PUBLIC        P0
  D:0090H         PUBLIC        P1
BL51 BANKED LINKER/LOCATER V6.22                                                      02/27/2019  16:11:06  PAGE 20


  D:00A0H         PUBLIC        P2
  D:00B0H         PUBLIC        P3
  D:00C0H         PUBLIC        P4
  D:00C8H         PUBLIC        P5
  D:00E8H         PUBLIC        P6
  D:00F8H         PUBLIC        P7
  C:49D4H         PUBLIC        _WriteData
  D:00A8H         PUBLIC        IE
  D:00B8H         PUBLIC        IP
  D:00D8H         PUBLIC        CCON
  B:00B0H.4       PUBLIC        LCD_D4
  B:00B0H.5       PUBLIC        LCD_D5
  B:00B0H.6       PUBLIC        LCD_D6
  C:4F15H         PUBLIC        _DisplayLCD
  B:00B0H.7       PUBLIC        LCD_D7
  D:0098H         PUBLIC        SCON
  D:0088H         PUBLIC        TCON
  C:5073H         PUBLIC        LCD_clear
  C:4CB5H         PUBLIC        _Command
  C:4F92H         PUBLIC        _Display_Line
  C:4B84H         PUBLIC        LCD_Init
  C:4E7AH         PUBLIC        _Wait_ms
  B:00C0H.0       PUBLIC        LCD_RS
  B:00B0H.2       PUBLIC        LCD_RW
  C:5069H         PUBLIC        LCD_return_home
  B:00B0H.3       PUBLIC        LCD_E
  D:00D0H         PUBLIC        PSW
  -------         PROC          LCD_INIT
  C:4B84H         LINE#         9
  C:4B84H         LINE#         10
  C:4B84H         LINE#         11
  C:4B87H         LINE#         12
  C:4B8AH         LINE#         14
  C:4B90H         LINE#         15
  C:4B95H         LINE#         17
  C:4B9CH         LINE#         18
  C:4BA1H         LINE#         20
  C:4BA4H         LINE#         21
  C:4BA9H         LINE#         23
  C:4BACH         LINE#         24
  C:4BB1H         LINE#         26
  C:4BB8H         LINE#         29
  C:4BBDH         LINE#         30
  C:4BC2H         LINE#         32
  C:4BC7H         LINE#         33
  C:4BCCH         LINE#         35
  C:4BD1H         LINE#         36
  C:4BD6H         LINE#         37
  -------         ENDPROC       LCD_INIT
  -------         PROC          _WRITEDATA
  X:0476H         SYMBOL        dat
  C:49D4H         LINE#         40
  C:49D9H         LINE#         41
  C:49D9H         LINE#         46
  C:49DBH         LINE#         47
  C:49DDH         LINE#         49
  C:49EBH         LINE#         50
BL51 BANKED LINKER/LOCATER V6.22                                                      02/27/2019  16:11:06  PAGE 21


  C:49F7H         LINE#         51
  C:4A03H         LINE#         52
  C:4A0DH         LINE#         53
  C:4A0FH         LINE#         54
  C:4A16H         LINE#         55
  C:4A18H         LINE#         57
  C:4A28H         LINE#         58
  C:4A33H         LINE#         59
  C:4A3DH         LINE#         60
  C:4A41H         LINE#         62
  C:4A41H         LINE#         63
  C:4A44H         LINE#         64
  C:4A46H         LINE#         65
  C:4A48H         LINE#         67
  -------         ENDPROC       _WRITEDATA
  -------         PROC          _COMMAND
  D:0007H         SYMBOL        dat
  C:4CB5H         LINE#         69
  C:4CB5H         LINE#         70
  C:4CB5H         LINE#         71
  C:4CB7H         LINE#         72
  C:4CB9H         LINE#         74
  C:4CC3H         LINE#         75
  C:4CC7H         LINE#         77
  C:4CC9H         LINE#         78
  C:4CD2H         LINE#         79
  C:4CD6H         LINE#         81
  C:4CD8H         LINE#         82
  C:4CDFH         LINE#         83
  C:4CE3H         LINE#         85
  C:4CE5H         LINE#         86
  C:4CE9H         LINE#         87
  C:4CEDH         LINE#         89
  C:4CEFH         LINE#         90
  C:4CEFH         LINE#         91
  C:4CF2H         LINE#         92
  C:4CF4H         LINE#         93
  -------         ENDPROC       _COMMAND
  C:4E76H         SYMBOL        L?0028
  -------         PROC          L?0027
  -------         ENDPROC       L?0027
  C:4E76H         SYMBOL        L?0028
  -------         PROC          _WAIT_MS
  D:0006H         SYMBOL        ms
  -------         DO            
  D:0004H         SYMBOL        De_Cnt
  -------         ENDDO         
  C:4E7AH         LINE#         95
  C:4E7AH         LINE#         96
  C:4E7AH         LINE#         98
  C:4E84H         LINE#         99
  C:4E84H         LINE#         100
  C:4E97H         LINE#         101
  C:4E97H         LINE#         102
  -------         ENDPROC       _WAIT_MS
  -------         PROC          _DISPLAYLCD
  D:0007H         SYMBOL        BCD
BL51 BANKED LINKER/LOCATER V6.22                                                      02/27/2019  16:11:06  PAGE 22


  -------         DO            
  D:0006H         SYMBOL        first_digit
  X:03BBH         SYMBOL        second_digit
  -------         ENDDO         
  C:4F15H         LINE#         103
  C:4F15H         LINE#         104
  C:4F15H         LINE#         106
  C:4F1CH         LINE#         107
  C:4F25H         LINE#         109
  C:4F2AH         LINE#         111
  -------         ENDPROC       _DISPLAYLCD
  -------         PROC          LCD_RETURN_HOME
  C:5069H         LINE#         115
  C:5069H         LINE#         116
  C:5069H         LINE#         117
  C:506EH         LINE#         118
  -------         ENDPROC       LCD_RETURN_HOME
  -------         PROC          LCD_CLEAR
  C:5073H         LINE#         121
  C:5073H         LINE#         122
  C:5073H         LINE#         123
  C:5078H         LINE#         124
  -------         ENDPROC       LCD_CLEAR
  -------         PROC          _DISPLAY_LINE
  D:0006H         SYMBOL        line
  C:4F92H         LINE#         128
  C:4F92H         LINE#         129
  C:4F92H         LINE#         130
  C:4F98H         LINE#         131
  C:4F98H         LINE#         132
  C:4F9AH         LINE#         133
  C:4F9AH         LINE#         134
  C:4F9CH         LINE#         136
  C:4F9CH         LINE#         137
  C:4FA1H         LINE#         138
  C:4FA6H         LINE#         139
  C:4FA6H         LINE#         140
  -------         ENDPROC       _DISPLAY_LINE
  -------         ENDMOD        LCD_DRIVER_SPLC780D

  -------         MODULE        KEYPAD
  C:0000H         SYMBOL        _ICE_DUMMY_
  D:0093H         PUBLIC        P0M1
  D:0080H         PUBLIC        P0
  D:0090H         PUBLIC        P1
  D:00A0H         PUBLIC        P2
  D:00B0H         PUBLIC        P3
  D:00C0H         PUBLIC        P4
  D:00C8H         PUBLIC        P5
  B:0020H.0       PUBLIC        calib_mode
  D:00E8H         PUBLIC        P6
  D:00F8H         PUBLIC        P7
  D:00A8H         PUBLIC        IE
  C:395FH         PUBLIC        Key_Scan
  D:00B8H         PUBLIC        IP
  D:00D8H         PUBLIC        CCON
  C:5051H         PUBLIC        KeyPad_IO_Init
BL51 BANKED LINKER/LOCATER V6.22                                                      02/27/2019  16:11:06  PAGE 23


  C:4EF7H         PUBLIC        _Delay_ms
  D:0098H         PUBLIC        SCON
  D:0088H         PUBLIC        TCON
  B:0020H.1       PUBLIC        small_move
  B:0020H.2       PUBLIC        move
  B:0020H.3       PUBLIC        direction
  B:0020H.4       PUBLIC        auto_move
  C:3056H         PUBLIC        Key_Process
  D:00D0H         PUBLIC        PSW
  D:0094H         PUBLIC        P0M0
  -------         PROC          _DELAY_MS
  D:0006H         SYMBOL        ms
  -------         DO            
  D:0004H         SYMBOL        De_Cnt
  -------         ENDDO         
  C:4EF7H         LINE#         19
  C:4EF7H         LINE#         20
  C:4EF7H         LINE#         22
  C:4F01H         LINE#         23
  C:4F01H         LINE#         24
  C:4F14H         LINE#         25
  C:4F14H         LINE#         26
  -------         ENDPROC       _DELAY_MS
  -------         PROC          KEY_SCAN
  -------         DO            
  X:03C1H         SYMBOL        KeyTemp1
  X:03C2H         SYMBOL        KeyTemp2
  X:03C3H         SYMBOL        KeyValue
  -------         ENDDO         
  C:395FH         LINE#         27
  C:395FH         LINE#         28
  C:395FH         LINE#         33
  C:3962H         LINE#         36
  C:3965H         LINE#         38
  C:396DH         LINE#         39
  C:3974H         LINE#         40
  C:3974H         LINE#         42
  C:3979H         LINE#         43
  C:3980H         LINE#         44
  C:3980H         LINE#         47
  C:3983H         LINE#         48
  C:3986H         LINE#         49
  C:398BH         LINE#         50
  C:398FH         LINE#         51
  C:398FH         LINE#         52
  C:3997H         LINE#         53
  C:3997H         LINE#         54
  C:399AH         LINE#         55
  C:39A2H         LINE#         56
  C:39A4H         LINE#         58
  C:39B8H         LINE#         59
  C:39B8H         LINE#         60
  C:39B8H         LINE#         61
  C:39B8H         LINE#         62
  C:39BEH         LINE#         64
  C:39C0H         LINE#         65
  C:39C0H         LINE#         66
BL51 BANKED LINKER/LOCATER V6.22                                                      02/27/2019  16:11:06  PAGE 24


  C:39C0H         LINE#         67
  C:39C6H         LINE#         69
  C:39C8H         LINE#         70
  C:39C8H         LINE#         71
  C:39C8H         LINE#         72
  C:39CEH         LINE#         74
  C:39D0H         LINE#         75
  C:39D0H         LINE#         76
  C:39D0H         LINE#         77
  C:39D6H         LINE#         79
  C:39D6H         LINE#         80
  C:39D6H         LINE#         81
  C:39D6H         LINE#         84
  C:39D9H         LINE#         85
  C:39DCH         LINE#         86
  C:39E4H         LINE#         87
  C:39E8H         LINE#         88
  C:39E8H         LINE#         89
  C:39F0H         LINE#         90
  C:39F0H         LINE#         91
  C:39F3H         LINE#         92
  C:39FBH         LINE#         93
  C:39FDH         LINE#         94
  C:3A11H         LINE#         95
  C:3A11H         LINE#         96
  C:3A11H         LINE#         97
  C:3A11H         LINE#         98
  C:3A17H         LINE#         100
  C:3A19H         LINE#         101
  C:3A19H         LINE#         102
  C:3A19H         LINE#         103
  C:3A1FH         LINE#         105
  C:3A21H         LINE#         106
  C:3A21H         LINE#         107
  C:3A21H         LINE#         108
  C:3A27H         LINE#         110
  C:3A29H         LINE#         111
  C:3A29H         LINE#         112
  C:3A29H         LINE#         113
  C:3A2EH         LINE#         115
  C:3A2EH         LINE#         116
  C:3A2EH         LINE#         117
  C:3A2EH         LINE#         120
  C:3A31H         LINE#         121
  C:3A34H         LINE#         122
  C:3A3CH         LINE#         123
  C:3A40H         LINE#         124
  C:3A40H         LINE#         125
  C:3A48H         LINE#         126
  C:3A48H         LINE#         127
  C:3A4BH         LINE#         128
  C:3A53H         LINE#         129
  C:3A55H         LINE#         130
  C:3A69H         LINE#         131
  C:3A69H         LINE#         132
  C:3A69H         LINE#         133
  C:3A69H         LINE#         134
BL51 BANKED LINKER/LOCATER V6.22                                                      02/27/2019  16:11:06  PAGE 25


  C:3A6FH         LINE#         136
  C:3A71H         LINE#         137
  C:3A71H         LINE#         138
  C:3A71H         LINE#         139
  C:3A77H         LINE#         141
  C:3A79H         LINE#         142
  C:3A79H         LINE#         143
  C:3A79H         LINE#         144
  C:3A7FH         LINE#         146
  C:3A81H         LINE#         147
  C:3A81H         LINE#         148
  C:3A81H         LINE#         149
  C:3A87H         LINE#         151
  C:3A87H         LINE#         152
  C:3A87H         LINE#         153
  C:3A87H         LINE#         157
  C:3A8AH         LINE#         158
  C:3A8DH         LINE#         159
  C:3A95H         LINE#         160
  C:3A99H         LINE#         161
  C:3A99H         LINE#         162
  C:3AA1H         LINE#         163
  C:3AA1H         LINE#         164
  C:3AA4H         LINE#         165
  C:3AACH         LINE#         166
  C:3AAEH         LINE#         167
  C:3AC2H         LINE#         168
  C:3AC2H         LINE#         169
  C:3AC2H         LINE#         170
  C:3AC2H         LINE#         171
  C:3AC8H         LINE#         173
  C:3ACAH         LINE#         174
  C:3ACAH         LINE#         175
  C:3ACAH         LINE#         176
  C:3AD0H         LINE#         178
  C:3AD2H         LINE#         179
  C:3AD2H         LINE#         180
  C:3AD2H         LINE#         181
  C:3AD8H         LINE#         183
  C:3ADAH         LINE#         184
  C:3ADAH         LINE#         185
  C:3ADAH         LINE#         186
  C:3AE0H         LINE#         188
  C:3AE0H         LINE#         189
  C:3AE0H         LINE#         190
  C:3AE0H         LINE#         192
  C:3AE6H         LINE#         193
  C:3AE6H         LINE#         195
  C:3AE6H         LINE#         196
  C:3AE9H         LINE#         197
  C:3AE9H         LINE#         198
  C:3AE9H         LINE#         200
  C:3AE9H         LINE#         201
  C:3AEBH         LINE#         202
  C:3AEBH         LINE#         203
  -------         ENDPROC       KEY_SCAN
  -------         PROC          KEY_PROCESS
BL51 BANKED LINKER/LOCATER V6.22                                                      02/27/2019  16:11:06  PAGE 26


  -------         DO            
  X:0623H         SYMBOL        KeyCount
  X:0625H         SYMBOL        KeyNum_Old
  X:0626H         SYMBOL        KeyNum
  X:0627H         SYMBOL        PressedKey
  X:03BBH         SYMBOL        d
  D:0004H         SYMBOL        hours
  D:0006H         SYMBOL        mins
  X:03BDH         SYMBOL        months
  X:03BFH         SYMBOL        days
  -------         ENDDO         
  C:3056H         LINE#         204
  C:3056H         LINE#         205
  C:3056H         LINE#         209
  C:305EH         LINE#         210
  C:3066H         LINE#         212
  C:3069H         LINE#         213
  C:3069H         LINE#         214
  C:306CH         LINE#         216
  C:306CH         LINE#         217
  C:3079H         LINE#         218
  C:3079H         LINE#         219
  C:307CH         LINE#         220
  C:307FH         LINE#         222
  C:3082H         LINE#         224
  C:3082H         LINE#         225
  C:308DH         LINE#         226
  C:308DH         LINE#         227
  C:3090H         LINE#         229
  C:3090H         LINE#         230
  C:3097H         LINE#         231
  C:3097H         LINE#         232
  C:309AH         LINE#         234
  C:309AH         LINE#         235
  C:30A2H         LINE#         236
  C:30A2H         LINE#         237
  C:30ACH         LINE#         238
  C:30B4H         LINE#         240
  C:30BDH         LINE#         242
  C:30BDH         LINE#         251
  C:30D2H         LINE#         252
  C:30D2H         LINE#         253
  C:30E4H         LINE#         254
  C:30F2H         LINE#         255
  C:3101H         LINE#         256
  C:3101H         LINE#         258
  C:3107H         LINE#         262
  C:311DH         LINE#         263
  C:312EH         LINE#         264
  C:3149H         LINE#         265
  C:3149H         LINE#         266
  C:3159H         LINE#         267
  C:316AH         LINE#         268
  C:316AH         LINE#         272
  C:3183H         LINE#         273
  C:319AH         LINE#         274
  C:31BAH         LINE#         275
BL51 BANKED LINKER/LOCATER V6.22                                                      02/27/2019  16:11:06  PAGE 27


  C:31BAH         LINE#         276
  C:31C4H         LINE#         277
  C:31C4H         LINE#         278
  C:31CDH         LINE#         279
  C:31CDH         LINE#         280
  C:31E1H         LINE#         281
  C:31E1H         LINE#         282
  C:31E1H         LINE#         283
  C:31E1H         LINE#         284
  C:31E1H         LINE#         285
  C:31E3H         LINE#         287
  C:31E3H         LINE#         288
  C:31EFH         LINE#         289
  C:31EFH         LINE#         290
  C:3200H         LINE#         291
  C:3200H         LINE#         292
  C:3200H         LINE#         293
  C:3200H         LINE#         294
  C:3200H         LINE#         296
  C:3202H         LINE#         298
  C:3202H         LINE#         299
  C:3213H         LINE#         300
  C:3213H         LINE#         301
  C:3213H         LINE#         302
  C:3213H         LINE#         303
  C:3213H         LINE#         305
  C:3213H         LINE#         307
  C:3213H         LINE#         308
  C:3215H         LINE#         310
  C:3215H         LINE#         311
  C:3228H         LINE#         312
  C:3228H         LINE#         313
  C:3239H         LINE#         314
  C:3239H         LINE#         315
  C:3239H         LINE#         316
  C:3239H         LINE#         317
  C:3239H         LINE#         318
  C:323BH         LINE#         320
  C:323BH         LINE#         321
  C:324CH         LINE#         322
  C:324CH         LINE#         323
  C:325DH         LINE#         324
  C:326EH         LINE#         325
  C:326EH         LINE#         326
  C:326EH         LINE#         327
  C:326EH         LINE#         328
  C:326EH         LINE#         330
  C:3288H         LINE#         331
  C:3288H         LINE#         332
  C:328DH         LINE#         333
  C:328DH         LINE#         334
  C:3293H         LINE#         335
  C:3293H         LINE#         336
  C:3296H         LINE#         337
  C:329BH         LINE#         338
  C:32A0H         LINE#         339
  C:32A5H         LINE#         340
BL51 BANKED LINKER/LOCATER V6.22                                                      02/27/2019  16:11:06  PAGE 28


  C:32AAH         LINE#         341
  C:32AFH         LINE#         342
  C:32B4H         LINE#         343
  C:32B9H         LINE#         344
  C:32B9H         LINE#         345
  C:32B9H         LINE#         347
  C:32DBH         LINE#         348
  C:32DBH         LINE#         349
  C:32E5H         LINE#         350
  C:32E5H         LINE#         351
  C:32EAH         LINE#         352
  C:32F3H         LINE#         353
  C:330AH         LINE#         354
  C:330AH         LINE#         355
  C:331AH         LINE#         357
  C:331AH         LINE#         361
  -------         ENDPROC       KEY_PROCESS
  -------         PROC          KEYPAD_IO_INIT
  C:5051H         LINE#         364
  C:5051H         LINE#         365
  C:5051H         LINE#         366
  C:5054H         LINE#         367
  C:5057H         LINE#         368
  C:505AH         LINE#         369
  C:505CH         LINE#         370
  -------         ENDPROC       KEYPAD_IO_INIT
  -------         ENDMOD        KEYPAD

  -------         MODULE        BIPOLARMOTOR
  C:0000H         SYMBOL        _ICE_DUMMY_
  D:0080H         PUBLIC        P0
  D:0090H         PUBLIC        P1
  X:0000H         PUBLIC        RX_pos_test
  D:00A0H         PUBLIC        P2
  D:00B0H         PUBLIC        P3
  D:00C0H         PUBLIC        P4
  D:00C8H         PUBLIC        P5
  D:00E8H         PUBLIC        P6
  D:00F8H         PUBLIC        P7
  X:00A0H         PUBLIC        low_date_azimuth_mapping
  D:00A8H         PUBLIC        IE
  C:43A1H         PUBLIC        linear_interpolate
  C:4E25H         PUBLIC        _Move
  D:00B8H         PUBLIC        IP
  C:360EH         PUBLIC        _findDet3x3
  C:331BH         PUBLIC        _findDet4x4
  D:00D8H         PUBLIC        CCON
  X:00C8H         PUBLIC        previous_move_time
  D:0098H         PUBLIC        SCON
  D:0088H         PUBLIC        TCON
  C:508DH         PUBLIC        wait
  C:4CF5H         PUBLIC        _Step_move
  X:00C9H         PUBLIC        dat
  C:0B54H         PUBLIC        _Update_position
  C:4BDDH         PUBLIC        vOneStepMove
  X:00CFH         PUBLIC        elevation_stamp
  X:010BH         PUBLIC        date_azimuth_mapping
BL51 BANKED LINKER/LOCATER V6.22                                                      02/27/2019  16:11:06  PAGE 29


  X:0133H         PUBLIC        RX_pos
  C:4F3CH         PUBLIC        _BCDtoDec1
  X:038BH         PUBLIC        degree
  D:00D0H         PUBLIC        PSW
  -------         PROC          L?0062
  -------         ENDPROC       L?0062
  -------         PROC          _BCDTODEC1
  D:0007H         SYMBOL        bcd
  -------         DO            
  D:0006H         SYMBOL        hi
  D:0007H         SYMBOL        lo
  -------         ENDDO         
  C:4F3CH         LINE#         28
  C:4F3CH         LINE#         29
  C:4F3CH         LINE#         31
  C:4F41H         LINE#         32
  C:4F45H         LINE#         33
  C:4F4CH         LINE#         34
  -------         ENDPROC       _BCDTODEC1
  -------         PROC          WAIT
  C:508DH         LINE#         36
  C:508DH         LINE#         38
  -------         ENDPROC       WAIT
  -------         PROC          VONESTEPMOVE
  B:0020H.7       SYMBOL        bDir
  C:4BDDH         LINE#         40
  C:4BDDH         LINE#         41
  C:4BDDH         LINE#         43
  C:4BE3H         LINE#         44
  C:4BE3H         LINE#         45
  C:4BE6H         LINE#         46
  C:4BEFH         LINE#         47
  C:4BF6H         LINE#         48
  C:4BFBH         LINE#         49
  C:4BFBH         LINE#         50
  C:4BFBH         LINE#         52
  C:4BFDH         LINE#         55
  C:4BFDH         LINE#         56
  C:4C00H         LINE#         57
  C:4C09H         LINE#         58
  C:4C10H         LINE#         59
  C:4C16H         LINE#         60
  C:4C1FH         LINE#         61
  C:4C26H         LINE#         62
  C:4C26H         LINE#         66
  -------         ENDPROC       VONESTEPMOVE
  -------         PROC          _STEP_MOVE
  X:0482H         SYMBOL        step
  B:0020H.6       SYMBOL        dir
  -------         DO            
  X:0484H         SYMBOL        i
  -------         ENDDO         
  C:4CF5H         LINE#         68
  C:4CFDH         LINE#         69
  C:4CFDH         LINE#         71
  C:4D02H         LINE#         74
  C:4D1DH         LINE#         75
BL51 BANKED LINKER/LOCATER V6.22                                                      02/27/2019  16:11:06  PAGE 30


  C:4D1DH         LINE#         76
  C:4D24H         LINE#         78
  C:4D34H         LINE#         80
  -------         ENDPROC       _STEP_MOVE
  -------         PROC          _MOVE
  X:047EH         SYMBOL        distance
  B:0020H.5       SYMBOL        direction
  -------         DO            
  D:0006H         SYMBOL        step
  -------         ENDDO         
  C:4E25H         LINE#         82
  C:4E2BH         LINE#         83
  C:4E2BH         LINE#         86
  C:4E46H         LINE#         87
  -------         ENDPROC       _MOVE
  C:35EFH         SYMBOL        L?0058
  C:3603H         SYMBOL        L?0059
  -------         PROC          L?0057
  -------         ENDPROC       L?0057
  C:35EFH         SYMBOL        L?0058
  C:3603H         SYMBOL        L?0059
  -------         PROC          _FINDDET3X3
  X:05FFH         SYMBOL        a11
  X:0603H         SYMBOL        a12
  X:0607H         SYMBOL        a13
  X:060BH         SYMBOL        a21
  X:060FH         SYMBOL        a22
  X:0613H         SYMBOL        a23
  X:0617H         SYMBOL        a31
  X:061BH         SYMBOL        a32
  X:061FH         SYMBOL        a33
  C:360EH         LINE#         91
  C:3614H         LINE#         95
  C:3614H         LINE#         96
  C:37ABH         LINE#         98
  -------         ENDPROC       _FINDDET3X3
  -------         PROC          _FINDDET4X4
  X:05BFH         SYMBOL        a11
  X:05C3H         SYMBOL        a12
  X:05C7H         SYMBOL        a13
  X:05CBH         SYMBOL        a14
  X:05CFH         SYMBOL        a21
  X:05D3H         SYMBOL        a22
  X:05D7H         SYMBOL        a23
  X:05DBH         SYMBOL        a24
  X:05DFH         SYMBOL        a31
  X:05E3H         SYMBOL        a32
  X:05E7H         SYMBOL        a33
  X:05EBH         SYMBOL        a34
  X:05EFH         SYMBOL        a41
  X:05F3H         SYMBOL        a42
  X:05F7H         SYMBOL        a43
  X:05FBH         SYMBOL        a44
  C:331BH         LINE#         99
  C:3321H         LINE#         103
  C:3321H         LINE#         110
  C:35DAH         LINE#         114
BL51 BANKED LINKER/LOCATER V6.22                                                      02/27/2019  16:11:06  PAGE 31


  -------         ENDPROC       _FINDDET4X4
  C:4390H         SYMBOL        L?0061
  -------         PROC          L?0060
  -------         ENDPROC       L?0060
  C:4390H         SYMBOL        L?0061
  -------         PROC          LINEAR_INTERPOLATE
  X:047EH         SYMBOL        p1
  X:0486H         SYMBOL        p2
  X:048EH         SYMBOL        x
  -------         DO            
  D:0004H         SYMBOL        fx
  -------         ENDDO         
  C:43A1H         LINE#         120
  C:43A1H         LINE#         121
  C:43A1H         LINE#         124
  C:4440H         LINE#         126
  C:4440H         LINE#         127
  -------         ENDPROC       LINEAR_INTERPOLATE
  -------         PROC          _UPDATE_POSITION
  D:0001H         SYMBOL        mnths
  D:0002H         SYMBOL        dys
  X:03E1H         SYMBOL        hurs
  X:03E2H         SYMBOL        mns
  X:03E3H         SYMBOL        sconds
  X:03E4H         SYMBOL        currnt_pos
  X:03E7H         SYMBOL        offset_calib
  -------         DO            
  X:03EBH         SYMBOL        date
  X:03EDH         SYMBOL        i
  X:03EFH         SYMBOL        yy
  X:03F1H         SYMBOL        desired_distance
  X:03F5H         SYMBOL        distance
  X:03F9H         SYMBOL        JP_pos
  X:03FDH         SYMBOL        pos_interpolate_azimuth
  X:0439H         SYMBOL        current_local_sun_time
  X:043DH         SYMBOL        azimuth
  X:0441H         SYMBOL        elevation
  X:0445H         SYMBOL        time_offset
  X:0449H         SYMBOL        UTC_time
  X:044DH         SYMBOL        declination
  X:0451H         SYMBOL        p1
  X:0459H         SYMBOL        p2
  X:0461H         SYMBOL        time
  X:0473H         SYMBOL        location
  X:047BH         SYMBOL        sunCoord
  -------         ENDDO         
  C:0B54H         LINE#         131
  C:0B5DH         LINE#         134
  C:0B5DH         LINE#         135
  C:0B68H         LINE#         137
  C:0B84H         LINE#         138
  C:0B8EH         LINE#         146
  C:0B98H         LINE#         147
  C:0BA2H         LINE#         148
  C:0BACH         LINE#         149
  C:0BB7H         LINE#         150
  C:0BC2H         LINE#         151
BL51 BANKED LINKER/LOCATER V6.22                                                      02/27/2019  16:11:06  PAGE 32


  C:0BDBH         LINE#         152
  C:0BECH         LINE#         153
  C:0BFBH         LINE#         156
  C:0C0FH         LINE#         160
  C:0C61H         LINE#         161
  C:0DC5H         LINE#         162
  C:0E15H         LINE#         164
  C:0F3DH         LINE#         166
  C:100CH         LINE#         173
  C:1053H         LINE#         174
  C:1053H         LINE#         176
  C:106DH         LINE#         177
  C:106DH         LINE#         178
  C:10DDH         LINE#         179
  C:10DDH         LINE#         180
  C:10E4H         LINE#         181
  C:10E4H         LINE#         182
  C:1111H         LINE#         183
  C:112CH         LINE#         185
  C:1173H         LINE#         186
  C:11A7H         LINE#         188
  C:11EDH         LINE#         189
  C:1210H         LINE#         191
  C:1210H         LINE#         193
  C:1286H         LINE#         194
  C:1286H         LINE#         195
  C:128DH         LINE#         196
  C:128DH         LINE#         197
  C:12BAH         LINE#         198
  C:12D5H         LINE#         200
  C:131CH         LINE#         201
  C:1350H         LINE#         203
  C:1396H         LINE#         204
  C:13B6H         LINE#         206
  C:13B6H         LINE#         207
  C:13C7H         LINE#         210
  C:13E1H         LINE#         211
  C:13E1H         LINE#         212
  C:1451H         LINE#         213
  C:1451H         LINE#         214
  C:147EH         LINE#         215
  C:1499H         LINE#         217
  C:14C6H         LINE#         218
  C:14E1H         LINE#         220
  C:1513H         LINE#         223
  C:1513H         LINE#         225
  C:1524H         LINE#         227
  C:1553H         LINE#         229
  C:1578H         LINE#         230
  C:15DDH         LINE#         231
  C:15DDH         LINE#         232
  C:15F7H         LINE#         233
  C:1609H         LINE#         234
  C:1621H         LINE#         235
  C:1637H         LINE#         237
  C:1653H         LINE#         238
  C:1653H         LINE#         239
BL51 BANKED LINKER/LOCATER V6.22                                                      02/27/2019  16:11:06  PAGE 33


  C:1653H         LINE#         242
  -------         ENDPROC       _UPDATE_POSITION
  -------         ENDMOD        BIPOLARMOTOR

  -------         MODULE        SUNPOS
  C:0000H         SYMBOL        _ICE_DUMMY_
  C:200AH         PUBLIC        sunpos
  -------         PROC          SUNPOS
  X:047EH         SYMBOL        udtTime
  X:0490H         SYMBOL        udtLocation
  X:0498H         SYMBOL        udtSunCoordinates
  -------         DO            
  X:049BH         SYMBOL        dElapsedJulianDays
  X:049FH         SYMBOL        dDecimalHours
  X:04A3H         SYMBOL        dEclipticLongitude
  X:04A7H         SYMBOL        dEclipticObliquity
  X:04ABH         SYMBOL        dRightAscension
  X:04AFH         SYMBOL        dDeclination
  X:04B3H         SYMBOL        dY
  X:04B7H         SYMBOL        dX
  -------         DO            
  X:04BBH         SYMBOL        dJulianDate
  X:04BFH         SYMBOL        liAux1
  X:04C3H         SYMBOL        liAux2
  X:04BBH         SYMBOL        dMeanLongitude
  X:04BFH         SYMBOL        dMeanAnomaly
  X:04C3H         SYMBOL        dOmega
  X:04BBH         SYMBOL        dSin_EclipticLongitude
  X:04BBH         SYMBOL        dGreenwichMeanSiderealTime
  X:04BFH         SYMBOL        dLocalMeanSiderealTime
  X:04C3H         SYMBOL        dLatitudeInRadians
  X:04C7H         SYMBOL        dHourAngle
  X:04CBH         SYMBOL        dCos_Latitude
  X:04CFH         SYMBOL        dSin_Latitude
  X:04D3H         SYMBOL        dCos_HourAngle
  X:04D7H         SYMBOL        dParallax
  -------         ENDDO         
  -------         DO            
  X:04BBH         SYMBOL        dMeanLongitude
  X:04BFH         SYMBOL        dMeanAnomaly
  X:04C3H         SYMBOL        dOmega
  X:04BBH         SYMBOL        dSin_EclipticLongitude
  X:04BBH         SYMBOL        dGreenwichMeanSiderealTime
  X:04BFH         SYMBOL        dLocalMeanSiderealTime
  X:04C3H         SYMBOL        dLatitudeInRadians
  X:04C7H         SYMBOL        dHourAngle
  X:04CBH         SYMBOL        dCos_Latitude
  X:04CFH         SYMBOL        dSin_Latitude
  X:04D3H         SYMBOL        dCos_HourAngle
  X:04D7H         SYMBOL        dParallax
  -------         ENDDO         
  -------         DO            
  X:04BBH         SYMBOL        dSin_EclipticLongitude
  X:04BBH         SYMBOL        dGreenwichMeanSiderealTime
  X:04BFH         SYMBOL        dLocalMeanSiderealTime
  X:04C3H         SYMBOL        dLatitudeInRadians
  X:04C7H         SYMBOL        dHourAngle
BL51 BANKED LINKER/LOCATER V6.22                                                      02/27/2019  16:11:06  PAGE 34


  X:04CBH         SYMBOL        dCos_Latitude
  X:04CFH         SYMBOL        dSin_Latitude
  X:04D3H         SYMBOL        dCos_HourAngle
  X:04D7H         SYMBOL        dParallax
  -------         ENDDO         
  -------         DO            
  X:04BBH         SYMBOL        dGreenwichMeanSiderealTime
  X:04BFH         SYMBOL        dLocalMeanSiderealTime
  X:04C3H         SYMBOL        dLatitudeInRadians
  X:04C7H         SYMBOL        dHourAngle
  X:04CBH         SYMBOL        dCos_Latitude
  X:04CFH         SYMBOL        dSin_Latitude
  X:04D3H         SYMBOL        dCos_HourAngle
  X:04D7H         SYMBOL        dParallax
  -------         ENDDO         
  -------         ENDDO         
  C:200AH         LINE#         6
  C:200AH         LINE#         7
  C:200AH         LINE#         9
  C:200AH         LINE#         27
  C:2054H         LINE#         30
  C:2075H         LINE#         31
  C:21BCH         LINE#         34
  C:2208H         LINE#         36
  C:2227H         LINE#         37
  C:2227H         LINE#         42
  C:2227H         LINE#         46
  C:2259H         LINE#         47
  C:2283H         LINE#         48
  C:22ADH         LINE#         49
  C:235AH         LINE#         52
  C:23BBH         LINE#         54
  C:23BBH         LINE#         59
  C:23BBH         LINE#         61
  C:23D2H         LINE#         62
  C:23FAH         LINE#         63
  C:2411H         LINE#         64
  C:243CH         LINE#         65
  C:2473H         LINE#         66
  C:249EH         LINE#         67
  C:249EH         LINE#         70
  C:249EH         LINE#         79
  C:24D9H         LINE#         82
  C:2513H         LINE#         84
  C:2538H         LINE#         85
  C:2557H         LINE#         86
[...]
  D:0003H         SYMBOL        opcode
  X:062DH         SYMBOL        addr
  -------         DO            
  X:0631H         SYMBOL        dat
  X:0632H         SYMBOL        i
  -------         ENDDO         
  C:4091H         LINE#         159
  C:4093H         LINE#         160
  C:4093H         LINE#         161
  C:4098H         LINE#         163
  C:409AH         LINE#         164
  C:40A0H         LINE#         168
  C:40A5H         LINE#         169
  C:40A5H         LINE#         170
  C:40A7H         LINE#         171
  C:40AAH         LINE#         172
  C:40AEH         LINE#         173
  C:40AEH         LINE#         174
  C:40B0H         LINE#         175
  C:40B2H         LINE#         177
  C:40B2H         LINE#         178
  C:40B4H         LINE#         180
  C:40B4H         LINE#         181
  C:40B4H         LINE#         182
  C:40B4H         LINE#         183
  C:40B7H         LINE#         184
  C:40BBH         LINE#         187
  C:40DAH         LINE#         189
  C:40E1H         LINE#         190
  C:40E1H         LINE#         191
  C:40E3H         LINE#         192
  C:40E6H         LINE#         193
  C:4102H         LINE#         194
  C:4102H         LINE#         195
  C:4104H         LINE#         196
  C:4106H         LINE#         198
  C:4106H         LINE#         199
  C:4108H         LINE#         201
  C:4108H         LINE#         202
  C:4108H         LINE#         203
  C:4108H         LINE#         204
  C:410BH         LINE#         205
  C:4124H         LINE#         207
  C:4143H         LINE#         210
  C:414AH         LINE#         212
  C:414CH         LINE#         213
  C:4153H         LINE#         215
  C:415AH         LINE#         216
BL51 BANKED LINKER/LOCATER V6.22                                                      02/27/2019  16:11:06  PAGE 47


  C:415AH         LINE#         217
  C:4161H         LINE#         218
  C:4161H         LINE#         219
  C:4164H         LINE#         220
  C:4166H         LINE#         221
  C:4169H         LINE#         223
  C:416CH         LINE#         224
  C:416CH         LINE#         226
  C:4170H         LINE#         227
  C:4170H         LINE#         233
  C:418FH         LINE#         236
  C:4191H         LINE#         237
  C:4194H         LINE#         238
  C:419BH         LINE#         240
  C:41A0H         LINE#         242
  -------         ENDPROC       _AT25SF041_READ
  -------         PROC          UCREAD_STATUS_REGISTER_BYTE1
  -------         DO            
  D:0003H         SYMBOL        dat
  D:0001H         SYMBOL        opcode
  X:0474H         SYMBOL        count
  X:0475H         SYMBOL        i
  -------         ENDDO         
  C:4655H         LINE#         246
  C:4655H         LINE#         247
  C:4655H         LINE#         248
  C:465BH         LINE#         249
  C:465FH         LINE#         250
  C:4661H         LINE#         251
  C:4663H         LINE#         252
  C:4669H         LINE#         256
  C:4670H         LINE#         257
  C:4670H         LINE#         258
  C:4672H         LINE#         259
  C:4675H         LINE#         260
  C:4679H         LINE#         261
  C:4679H         LINE#         262
  C:467BH         LINE#         263
  C:467DH         LINE#         265
  C:467DH         LINE#         266
  C:467FH         LINE#         268
  C:467FH         LINE#         269
  C:467FH         LINE#         270
  C:467FH         LINE#         271
  C:4682H         LINE#         272
  C:4686H         LINE#         275
  C:46A5H         LINE#         279
  C:46ACH         LINE#         281
  C:46AEH         LINE#         282
  C:46B5H         LINE#         283
  C:46BCH         LINE#         284
  C:46BCH         LINE#         285
  C:46C0H         LINE#         286
  C:46C0H         LINE#         287
  C:46C3H         LINE#         288
  C:46C5H         LINE#         289
  C:46C8H         LINE#         291
BL51 BANKED LINKER/LOCATER V6.22                                                      02/27/2019  16:11:06  PAGE 48


  C:46CBH         LINE#         292
  C:46CBH         LINE#         294
  C:46CFH         LINE#         295
  C:46CFH         LINE#         297
  C:46EEH         LINE#         301
  C:46F0H         LINE#         302
  C:46F3H         LINE#         303
  C:46F5H         LINE#         304
  -------         ENDPROC       UCREAD_STATUS_REGISTER_BYTE1
  -------         PROC          SPI_NOR_WRITE_DATA
  X:03BBH         SYMBOL        dat
  X:03C6H         SYMBOL        addr
  C:3AECH         LINE#         306
  C:3AECH         LINE#         307
  C:3AECH         LINE#         309
  C:3AEFH         LINE#         311
  C:3B09H         LINE#         312
  C:3B27H         LINE#         314
  C:3B2EH         LINE#         315
  C:3B31H         LINE#         317
  C:3B4BH         LINE#         318
  C:3B4BH         LINE#         319
  C:3B4BH         LINE#         322
  C:3B4EH         LINE#         324
  C:3B68H         LINE#         325
  C:3B68H         LINE#         326
  C:3B68H         LINE#         328
  C:3B6BH         LINE#         330
  C:3B85H         LINE#         331
  C:3B85H         LINE#         332
  C:3B85H         LINE#         334
  C:3B88H         LINE#         336
  C:3BA2H         LINE#         337
  C:3BA2H         LINE#         338
  C:3BA2H         LINE#         340
  C:3BA5H         LINE#         342
  C:3BBFH         LINE#         343
  C:3BBFH         LINE#         344
  C:3BBFH         LINE#         346
  C:3BC2H         LINE#         348
  C:3BDCH         LINE#         349
  C:3BDCH         LINE#         350
  C:3BDCH         LINE#         352
  C:3BDFH         LINE#         354
  C:3BF9H         LINE#         355
  C:3BF9H         LINE#         356
  C:3BF9H         LINE#         358
  C:3BFCH         LINE#         360
  C:3C16H         LINE#         361
  C:3C16H         LINE#         362
  C:3C16H         LINE#         364
  C:3C19H         LINE#         366
  C:3C33H         LINE#         367
  C:3C33H         LINE#         368
  C:3C33H         LINE#         370
  C:3C36H         LINE#         372
  C:3C50H         LINE#         373
BL51 BANKED LINKER/LOCATER V6.22                                                      02/27/2019  16:11:06  PAGE 49


  C:3C57H         LINE#         374
  -------         ENDPROC       SPI_NOR_WRITE_DATA
  -------         ENDMOD        AT25SF041

  -------         MODULE        ?C_STARTUP
  C:48C4H         SEGMENT       ?C_C51STARTUP
  I:0022H         SEGMENT       ?STACK
  C:0000H         PUBLIC        ?C_STARTUP
  D:00E0H         SYMBOL        ACC
  D:00F0H         SYMBOL        B
  D:0083H         SYMBOL        DPH
  D:0082H         SYMBOL        DPL
  N:0000H         SYMBOL        IBPSTACK
  N:0100H         SYMBOL        IBPSTACKTOP
  N:0080H         SYMBOL        IDATALEN
  C:48C7H         SYMBOL        IDATALOOP
  N:0000H         SYMBOL        PBPSTACK
  N:0100H         SYMBOL        PBPSTACKTOP
  N:0000H         SYMBOL        PDATALEN
  N:0000H         SYMBOL        PDATASTART
  N:0000H         SYMBOL        PPAGE
  N:0000H         SYMBOL        PPAGEENABLE
  D:00A0H         SYMBOL        PPAGE_SFR
  D:0081H         SYMBOL        SP
  C:48C4H         SYMBOL        STARTUP1
  N:0000H         SYMBOL        XBPSTACK
  N:0000H         SYMBOL        XBPSTACKTOP
  N:0000H         SYMBOL        XDATALEN
  N:0000H         SYMBOL        XDATASTART
  C:0000H         LINE#         126
  C:48C4H         LINE#         133
  C:48C6H         LINE#         134
  C:48C7H         LINE#         135
  C:48C8H         LINE#         136
  C:48CAH         LINE#         185
  C:48CDH         LINE#         196
  -------         ENDMOD        ?C_STARTUP

  -------         MODULE        ?C?FPADD
  C:165BH         PUBLIC        ?C?FPADD
  C:1657H         PUBLIC        ?C?FPSUB
  -------         ENDMOD        ?C?FPADD

  -------         MODULE        ?C?FPMUL
  C:174CH         PUBLIC        ?C?FPMUL
  -------         ENDMOD        ?C?FPMUL

  -------         MODULE        ?C?FPDIV
  C:1855H         PUBLIC        ?C?FPDIV
  -------         ENDMOD        ?C?FPDIV

  -------         MODULE        ?C?FPCMP
  C:18F4H         PUBLIC        ?C?FPCMP
  C:18F2H         PUBLIC        ?C?FPCMP3
  -------         ENDMOD        ?C?FPCMP

  -------         MODULE        ?C?FPNEG
BL51 BANKED LINKER/LOCATER V6.22                                                      02/27/2019  16:11:06  PAGE 50


  C:196BH         PUBLIC        ?C?FPNEG
  -------         ENDMOD        ?C?FPNEG

  -------         MODULE        ?C?FCAST
  C:1986H         PUBLIC        ?C?FCASTC
  C:1981H         PUBLIC        ?C?FCASTI
  C:197CH         PUBLIC        ?C?FCASTL
  -------         ENDMOD        ?C?FCAST

  -------         MODULE        ?C?CASTF
  C:19BAH         PUBLIC        ?C?CASTF
  -------         ENDMOD        ?C?CASTF

  -------         MODULE        ATAN2
  X:04DBH         PUBLIC        ?_atan2?BYTE
  C:46F6H         PUBLIC        _atan2
  -------         ENDMOD        ATAN2

  -------         MODULE        SIN
  C:3CBDH         PUBLIC        _COS
  C:3CD3H         PUBLIC        _SIN
  C:3D0FH         PUBLIC        _TAN
  -------         ENDMOD        SIN

  -------         MODULE        ACOS
  C:4C27H         PUBLIC        _ACOS
  -------         ENDMOD        ACOS

  -------         MODULE        ASIN
  C:4D35H         PUBLIC        _ASIN
  -------         ENDMOD        ASIN

  -------         MODULE        SQRT
  C:45ADH         PUBLIC        _SQRT
  -------         ENDMOD        SQRT

  -------         MODULE        ATAN
  C:3F8FH         PUBLIC        _ATAN
  -------         ENDMOD        ATAN

  -------         MODULE        ?C?COPY
  C:1B58H         PUBLIC        ?C?COPY
  -------         ENDMOD        ?C?COPY

  -------         MODULE        ?C?CLDPTR
  C:1B7EH         PUBLIC        ?C?CLDPTR
  -------         ENDMOD        ?C?CLDPTR

  -------         MODULE        ?C?CLDOPTR
  C:1B97H         PUBLIC        ?C?CLDOPTR
  -------         ENDMOD        ?C?CLDOPTR

  -------         MODULE        ?C?CSTPTR
  C:1BC4H         PUBLIC        ?C?CSTPTR
  -------         ENDMOD        ?C?CSTPTR

  -------         MODULE        ?C?IMUL
BL51 BANKED LINKER/LOCATER V6.22                                                      02/27/2019  16:11:06  PAGE 51


  C:1BD6H         PUBLIC        ?C?IMUL
  -------         ENDMOD        ?C?IMUL

  -------         MODULE        ?C?UIDIV
  C:1BE8H         PUBLIC        ?C?UIDIV
  -------         ENDMOD        ?C?UIDIV

  -------         MODULE        ?C?SIDIV
  C:1C3DH         PUBLIC        ?C?SIDIV
  -------         ENDMOD        ?C?SIDIV

  -------         MODULE        ?C?ILDIX
  C:1C73H         PUBLIC        ?C?ILDIX
  -------         ENDMOD        ?C?ILDIX

  -------         MODULE        ?C?ILDOPTR
  C:1C89H         PUBLIC        ?C?ILDOPTR
  -------         ENDMOD        ?C?ILDOPTR

  -------         MODULE        ?C?ISTPTR
  C:1CC1H         PUBLIC        ?C?ISTPTR
  -------         ENDMOD        ?C?ISTPTR

  -------         MODULE        ?C?LMUL
  C:1CE0H         PUBLIC        ?C?LMUL
  -------         ENDMOD        ?C?LMUL

  -------         MODULE        ?C?SLDIV
  C:4C71H         PUBLIC        ?C?SLDIV
  -------         ENDMOD        ?C?SLDIV

  -------         MODULE        ?C?LNEG
  C:1D2FH         PUBLIC        ?C?LNEG
  -------         ENDMOD        ?C?LNEG

  -------         MODULE        ?C?ULCMP
  C:1D3DH         PUBLIC        ?C?ULCMP
  -------         ENDMOD        ?C?ULCMP

  -------         MODULE        ?C?LSHL
  C:1D4EH         PUBLIC        ?C?LSHL
  -------         ENDMOD        ?C?LSHL

  -------         MODULE        ?C?LLDPTR
  C:1D61H         PUBLIC        ?C?LLDPTR
  -------         ENDMOD        ?C?LLDPTR

  -------         MODULE        ?C?LLDOPTR
  C:1D81H         PUBLIC        ?C?LLDOPTR
  -------         ENDMOD        ?C?LLDOPTR

  -------         MODULE        ?C?LSTPTR
  C:1DB1H         PUBLIC        ?C?LSTPTR
  -------         ENDMOD        ?C?LSTPTR

  -------         MODULE        ?C?LSTOPTR
  C:1DCBH         PUBLIC        ?C?LSTOPTR
BL51 BANKED LINKER/LOCATER V6.22                                                      02/27/2019  16:11:06  PAGE 52


  -------         ENDMOD        ?C?LSTOPTR

  -------         MODULE        ?C?LLDXDATA
  C:1DEFH         PUBLIC        ?C?LLDXDATA
  -------         ENDMOD        ?C?LLDXDATA

  -------         MODULE        ?C?LLDCODE
  C:1DFBH         PUBLIC        ?C?LLDCODE
  -------         ENDMOD        ?C?LLDCODE

  -------         MODULE        ?C?LLDXDATA0
  C:1E0BH         PUBLIC        ?C?LLDXDATA0
  -------         ENDMOD        ?C?LLDXDATA0

  -------         MODULE        ?C?LLDCODE0
  C:1E17H         PUBLIC        ?C?LLDCODE0
  -------         ENDMOD        ?C?LLDCODE0

  -------         MODULE        ?C?LLDPTR0
  C:1E27H         PUBLIC        ?C?LLDPTR0
  -------         ENDMOD        ?C?LLDPTR0

  -------         MODULE        ?C?LSTXDATA
  C:1E47H         PUBLIC        ?C?LSTXDATA
  -------         ENDMOD        ?C?LSTXDATA

  -------         MODULE        ?C?LSTKXDATA
  C:1E53H         PUBLIC        ?C?LSTKXDATA
  -------         ENDMOD        ?C?LSTKXDATA

  -------         MODULE        ?C?LSTKPTR
  C:1E84H         PUBLIC        ?C?LSTKPTR
  -------         ENDMOD        ?C?LSTKPTR

  -------         MODULE        ?C?OFFXADD
  C:1E9EH         PUBLIC        ?C?OFFXADD
  -------         ENDMOD        ?C?OFFXADD

  -------         MODULE        ABS
  C:505DH         PUBLIC        _ABS
  -------         ENDMOD        ABS

  -------         MODULE        ATOI
  C:42A3H         PUBLIC        _atoi
  -------         ENDMOD        ATOI

  -------         MODULE        ?C?IILDX
  C:1EAAH         PUBLIC        ?C?IILDX
  -------         ENDMOD        ?C?IILDX

  -------         MODULE        ?C?ULDIV
  C:1EFCH         PUBLIC        ?C?ULDIV
  -------         ENDMOD        ?C?ULDIV

  -------         MODULE        ?C?LLDIDATA
  C:1F8EH         PUBLIC        ?C?LLDIDATA
  -------         ENDMOD        ?C?LLDIDATA
BL51 BANKED LINKER/LOCATER V6.22                                                      02/27/2019  16:11:06  PAGE 53



  -------         MODULE        ?C?LLDPDATA
  C:1F9AH         PUBLIC        ?C?LLDPDATA
  -------         ENDMOD        ?C?LLDPDATA

  -------         MODULE        ?C?LLDIDATA0
  C:1FA6H         PUBLIC        ?C?LLDIDATA0
  -------         ENDMOD        ?C?LLDIDATA0

  -------         MODULE        ?C?LLDPDATA0
  C:1FB3H         PUBLIC        ?C?LLDPDATA0
  -------         ENDMOD        ?C?LLDPDATA0

  -------         MODULE        ?C?LSTIDATA
  C:1FC0H         PUBLIC        ?C?LSTIDATA
  -------         ENDMOD        ?C?LSTIDATA

  -------         MODULE        ?C?LSTPDATA
  C:1FCCH         PUBLIC        ?C?LSTPDATA
  -------         ENDMOD        ?C?LSTPDATA

  -------         MODULE        ?C?LSTKIDATA
  C:1FD8H         PUBLIC        ?C?LSTKIDATA
  -------         ENDMOD        ?C?LSTKIDATA

  -------         MODULE        ?C?LSTKPDATA
  C:1FF1H         PUBLIC        ?C?LSTKPDATA
  -------         ENDMOD        ?C?LSTKPDATA

  -------         MODULE        ISDIGIT
  C:5035H         PUBLIC        _isdigit
  -------         ENDMOD        ISDIGIT

  -------         MODULE        ISSPACE
  C:4FD0H         PUBLIC        _isspace
  -------         ENDMOD        ISSPACE

*** WARNING L16: UNCALLED SEGMENT, IGNORED FOR OVERLAY PROCESS
    SEGMENT: ?PR?_DISPLAY_PROX?MAIN

*** WARNING L16: UNCALLED SEGMENT, IGNORED FOR OVERLAY PROCESS
    SEGMENT: ?PR?_DAY_OF_YEAR?PCF85063BTL

*** WARNING L16: UNCALLED SEGMENT, IGNORED FOR OVERLAY PROCESS
    SEGMENT: ?PR?INITUART1?UART1

*** WARNING L16: UNCALLED SEGMENT, IGNORED FOR OVERLAY PROCESS
    SEGMENT: ?PR?_SENDSTRING?UART1

*** WARNING L16: UNCALLED SEGMENT, IGNORED FOR OVERLAY PROCESS
    SEGMENT: ?PR?_TEN?UART1

*** WARNING L16: UNCALLED SEGMENT, IGNORED FOR OVERLAY PROCESS
    SEGMENT: ?PR?_UNIT?UART1

*** WARNING L16: UNCALLED SEGMENT, IGNORED FOR OVERLAY PROCESS
    SEGMENT: ?PR?_DECTOBCD?UART1
BL51 BANKED LINKER/LOCATER V6.22                                                      02/27/2019  16:11:06  PAGE 54



*** WARNING L16: UNCALLED SEGMENT, IGNORED FOR OVERLAY PROCESS
    SEGMENT: ?PR?_ASCII_LETTER?UART1

*** WARNING L16: UNCALLED SEGMENT, IGNORED FOR OVERLAY PROCESS
    SEGMENT: ?PR?_ASCIITOBCD?UART1

*** WARNING L16: UNCALLED SEGMENT, IGNORED FOR OVERLAY PROCESS
    SEGMENT: ?PR?WAIT?BIPOLARMOTOR

*** WARNING L16: UNCALLED SEGMENT, IGNORED FOR OVERLAY PROCESS
    SEGMENT: ?PR?_FINDDET4X4?BIPOLARMOTOR

*** WARNING L16: UNCALLED SEGMENT, IGNORED FOR OVERLAY PROCESS
    SEGMENT: ?PR?NOP?IOEXPANDER_PI4IOE5V96248

*** WARNING L16: UNCALLED SEGMENT, IGNORED FOR OVERLAY PROCESS
    SEGMENT: ?PR?UC_ACK?IOEXPANDER_PI4IOE5V96248

*** WARNING L16: UNCALLED SEGMENT, IGNORED FOR OVERLAY PROCESS
    SEGMENT: ?PR?UC_NACK?IOEXPANDER_PI4IOE5V96248

*** WARNING L16: UNCALLED SEGMENT, IGNORED FOR OVERLAY PROCESS
    SEGMENT: ?PR?_AT25SF041_READ?AT25SF041

*** WARNING L1: UNRESOLVED EXTERNAL SYMBOL
    SYMBOL:  AUTO_MODE
    MODULE:  .\Obj\main.obj (MAIN)

*** WARNING L1: UNRESOLVED EXTERNAL SYMBOL
    SYMBOL:  SPI_NOR_CLEARENABLE
    MODULE:  .\Obj\main.obj (MAIN)

*** WARNING L2: REFERENCE MADE TO UNRESOLVED EXTERNAL
    SYMBOL:  AUTO_MODE
    MODULE:  .\Obj\main.obj (MAIN)
    ADDRESS: 003BH

*** WARNING L2: REFERENCE MADE TO UNRESOLVED EXTERNAL
    SYMBOL:  SPI_NOR_CLEARENABLE
    MODULE:  .\Obj\main.obj (MAIN)
    ADDRESS: 0041H

*** WARNING L2: REFERENCE MADE TO UNRESOLVED EXTERNAL
    SYMBOL:  AUTO_MODE
    MODULE:  .\Obj\main.obj (MAIN)
    ADDRESS: 01B4H

*** WARNING L2: REFERENCE MADE TO UNRESOLVED EXTERNAL
    SYMBOL:  AUTO_MODE
    MODULE:  .\Obj\main.obj (MAIN)
    ADDRESS: 01C2H

*** WARNING L2: REFERENCE MADE TO UNRESOLVED EXTERNAL
    SYMBOL:  AUTO_MODE
    MODULE:  .\Obj\main.obj (MAIN)
    ADDRESS: 01D4H
BL51 BANKED LINKER/LOCATER V6.22                                                      02/27/2019  16:11:06  PAGE 55



*** WARNING L2: REFERENCE MADE TO UNRESOLVED EXTERNAL
    SYMBOL:  AUTO_MODE
    MODULE:  .\Obj\main.obj (MAIN)
    ADDRESS: 0216H

*** WARNING L2: REFERENCE MADE TO UNRESOLVED EXTERNAL
    SYMBOL:  AUTO_MODE
    MODULE:  .\Obj\main.obj (MAIN)
    ADDRESS: 02E9H

*** WARNING L2: REFERENCE MADE TO UNRESOLVED EXTERNAL
    SYMBOL:  SPI_NOR_CLEARENABLE
    MODULE:  .\Obj\main.obj (MAIN)
    ADDRESS: 0ABFH

*** WARNING L2: REFERENCE MADE TO UNRESOLVED EXTERNAL
    SYMBOL:  SPI_NOR_CLEARENABLE
    MODULE:  .\Obj\main.obj (MAIN)
    ADDRESS: 0B28H

*** WARNING L1: UNRESOLVED EXTERNAL SYMBOL
    SYMBOL:  _SENDUART1
    MODULE:  .\Obj\UART1.obj (UART1)

*** WARNING L2: REFERENCE MADE TO UNRESOLVED EXTERNAL
    SYMBOL:  _SENDUART1
    MODULE:  .\Obj\UART1.obj (UART1)
    ADDRESS: 4D9EH

*** WARNING L1: UNRESOLVED EXTERNAL SYMBOL
    SYMBOL:  AUTO_MODE
    MODULE:  .\Obj\KeyPad.obj (KEYPAD)

*** WARNING L1: UNRESOLVED EXTERNAL SYMBOL
    SYMBOL:  SPI_NOR_CLEARENABLE
    MODULE:  .\Obj\KeyPad.obj (KEYPAD)

*** WARNING L2: REFERENCE MADE TO UNRESOLVED EXTERNAL
    SYMBOL:  AUTO_MODE
    MODULE:  .\Obj\KeyPad.obj (KEYPAD)
    ADDRESS: 30A3H

*** WARNING L2: REFERENCE MADE TO UNRESOLVED EXTERNAL
    SYMBOL:  AUTO_MODE
    MODULE:  .\Obj\KeyPad.obj (KEYPAD)
    ADDRESS: 30AEH

*** WARNING L2: REFERENCE MADE TO UNRESOLVED EXTERNAL
    SYMBOL:  AUTO_MODE
    MODULE:  .\Obj\KeyPad.obj (KEYPAD)
    ADDRESS: 30B5H

*** WARNING L2: REFERENCE MADE TO UNRESOLVED EXTERNAL
    SYMBOL:  SPI_NOR_CLEARENABLE
    MODULE:  .\Obj\KeyPad.obj (KEYPAD)
    ADDRESS: 3289H
BL51 BANKED LINKER/LOCATER V6.22                                                      02/27/2019  16:11:06  PAGE 56



*** WARNING L2: REFERENCE MADE TO UNRESOLVED EXTERNAL
    SYMBOL:  SPI_NOR_CLEARENABLE
    MODULE:  .\Obj\KeyPad.obj (KEYPAD)
    ADDRESS: 328EH

Program Size: data=10.2 xdata=1602 code=20623
LINK/LOCATE RUN COMPLETE.  35 WARNING(S),  0 ERROR(S)
