BL51 BANKED LINKER/LOCATER V6.22                                                        08/26/2019  13:44:03  PAGE 1


BL51 BANKED LINKER/LOCATER V6.22, INVOKED BY:
C:\KEIL_V5\C51\BIN\BL51.EXE .\Obj\main.obj, .\Obj\PCF85063BTL.obj, .\Obj\LCd_Driver_SPLC780D.obj, .\Obj\KeyPad.obj, .\Ob
>> j\BipolarMotor.obj, .\Obj\SunPos.obj, .\Obj\ADC.obj, .\Obj\Calibration.obj, .\Obj\IOExpander_PI4IOE5V96248.obj, .\Obj
>> \AT25SF041.obj, .\Obj\SI1120.obj, .\Obj\UART1.obj, .\Obj\STARTUP.obj TO .\Obj\GPIO_RTC_Test RTX51TINY PRINT (.\Lis\GP
>> IO_RTC_Test.m51) RAMSIZE (256)


MEMORY MODEL: LARGE WITH FLOATING POINT ARITHMETIC


INPUT MODULES INCLUDED:
  .\Obj\main.obj (MAIN)
  .\Obj\PCF85063BTL.obj (PCF85063BTL)
  .\Obj\LCd_Driver_SPLC780D.obj (LCD_DRIVER_SPLC780D)
  .\Obj\KeyPad.obj (KEYPAD)
  .\Obj\BipolarMotor.obj (BIPOLARMOTOR)
  .\Obj\SunPos.obj (SUNPOS)
  .\Obj\ADC.obj (ADC)
  .\Obj\Calibration.obj (CALIBRATION)
  .\Obj\IOExpander_PI4IOE5V96248.obj (IOEXPANDER_PI4IOE5V96248)
  .\Obj\AT25SF041.obj (AT25SF041)
  .\Obj\SI1120.obj (SI1120)
  .\Obj\UART1.obj (UART1)
  .\Obj\STARTUP.obj (?C_STARTUP)
  C:\KEIL_V5\C51\LIB\C51FPL.LIB (?C?FPADD)
  C:\KEIL_V5\C51\LIB\C51FPL.LIB (?C?FPMUL)
  C:\KEIL_V5\C51\LIB\C51FPL.LIB (?C?FPDIV)
  C:\KEIL_V5\C51\LIB\C51FPL.LIB (?C?FPCMP)
  C:\KEIL_V5\C51\LIB\C51FPL.LIB (?C?FPNEG)
  C:\KEIL_V5\C51\LIB\C51FPL.LIB (?C?FCAST)
  C:\KEIL_V5\C51\LIB\C51FPL.LIB (?C?CASTF)
  C:\KEIL_V5\C51\LIB\C51FPL.LIB (PRINTF)
  C:\KEIL_V5\C51\LIB\C51FPL.LIB (FABS)
  C:\KEIL_V5\C51\LIB\C51FPL.LIB (ATAN2)
  C:\KEIL_V5\C51\LIB\C51FPL.LIB (SIN)
  C:\KEIL_V5\C51\LIB\C51FPL.LIB (ACOS)
  C:\KEIL_V5\C51\LIB\C51FPL.LIB (ASIN)
  C:\KEIL_V5\C51\LIB\C51FPL.LIB (POW)
  C:\KEIL_V5\C51\LIB\C51FPL.LIB (?C?FPGETOPN)
  C:\KEIL_V5\C51\LIB\C51FPL.LIB (?C?CHKFLOAT)
  C:\KEIL_V5\C51\LIB\C51FPL.LIB (?C?FPROUND)
  C:\KEIL_V5\C51\LIB\C51FPL.LIB (?C?FPCONVERT)
  C:\KEIL_V5\C51\LIB\C51FPL.LIB (?C?FPSERIES)
  C:\KEIL_V5\C51\LIB\C51FPL.LIB (EXP)
  C:\KEIL_V5\C51\LIB\C51FPL.LIB (LOG)
  C:\KEIL_V5\C51\LIB\C51FPL.LIB (SQRT)
  C:\KEIL_V5\C51\LIB\C51FPL.LIB (ATAN)
  C:\KEIL_V5\C51\LIB\C51FPL.LIB (?C?FTNPWR)
  C:\KEIL_V5\C51\LIB\C51L.LIB (?C_INIT)
  C:\KEIL_V5\C51\LIB\C51L.LIB (?C?COPY)
  C:\KEIL_V5\C51\LIB\C51L.LIB (?C?CLDPTR)
  C:\KEIL_V5\C51\LIB\C51L.LIB (?C?CLDOPTR)
  C:\KEIL_V5\C51\LIB\C51L.LIB (?C?CSTPTR)
  C:\KEIL_V5\C51\LIB\C51L.LIB (?C?IMUL)
  C:\KEIL_V5\C51\LIB\C51L.LIB (?C?UIDIV)
  C:\KEIL_V5\C51\LIB\C51L.LIB (?C?SIDIV)
  C:\KEIL_V5\C51\LIB\C51L.LIB (?C?ILDIX)
  C:\KEIL_V5\C51\LIB\C51L.LIB (?C?ILDOPTR)
BL51 BANKED LINKER/LOCATER V6.22                                                      08/26/2019  13:44:03  PAGE 2


  C:\KEIL_V5\C51\LIB\C51L.LIB (?C?ISTPTR)
  C:\KEIL_V5\C51\LIB\C51L.LIB (?C?LMUL)
  C:\KEIL_V5\C51\LIB\C51L.LIB (?C?SLDIV)
  C:\KEIL_V5\C51\LIB\C51L.LIB (?C?LNEG)
  C:\KEIL_V5\C51\LIB\C51L.LIB (?C?ULCMP)
  C:\KEIL_V5\C51\LIB\C51L.LIB (?C?LSHL)
  C:\KEIL_V5\C51\LIB\C51L.LIB (?C?LLDPTR)
  C:\KEIL_V5\C51\LIB\C51L.LIB (?C?LLDOPTR)
  C:\KEIL_V5\C51\LIB\C51L.LIB (?C?LSTPTR)
  C:\KEIL_V5\C51\LIB\C51L.LIB (?C?LSTOPTR)
  C:\KEIL_V5\C51\LIB\C51L.LIB (?C?LLDXDATA)
  C:\KEIL_V5\C51\LIB\C51L.LIB (?C?LLDCODE)
  C:\KEIL_V5\C51\LIB\C51L.LIB (?C?LLDXDATA0)
  C:\KEIL_V5\C51\LIB\C51L.LIB (?C?LLDCODE0)
  C:\KEIL_V5\C51\LIB\C51L.LIB (?C?LLDPTR0)
  C:\KEIL_V5\C51\LIB\C51L.LIB (?C?LSTXDATA)
  C:\KEIL_V5\C51\LIB\C51L.LIB (?C?LSTKXDATA)
  C:\KEIL_V5\C51\LIB\C51L.LIB (?C?LSTKPTR)
  C:\KEIL_V5\C51\LIB\C51L.LIB (?C?OFFXADD)
  C:\KEIL_V5\C51\LIB\C51L.LIB (?C?PLDIXDATA)
  C:\KEIL_V5\C51\LIB\C51L.LIB (?C?PSTXDATA)
  C:\KEIL_V5\C51\LIB\C51L.LIB (?C?CCASE)
  C:\KEIL_V5\C51\LIB\C51L.LIB (PUTCHAR)
  C:\KEIL_V5\C51\LIB\C51L.LIB (ABS)
  C:\KEIL_V5\C51\LIB\C51L.LIB (ATOI)
  C:\KEIL_V5\C51\LIB\C51L.LIB (?C?IILDX)
  C:\KEIL_V5\C51\LIB\C51L.LIB (?C?ULDIV)
  C:\KEIL_V5\C51\LIB\C51L.LIB (?C?LLDIDATA)
  C:\KEIL_V5\C51\LIB\C51L.LIB (?C?LLDPDATA)
  C:\KEIL_V5\C51\LIB\C51L.LIB (?C?LLDIDATA0)
  C:\KEIL_V5\C51\LIB\C51L.LIB (?C?LLDPDATA0)
  C:\KEIL_V5\C51\LIB\C51L.LIB (?C?LSTIDATA)
  C:\KEIL_V5\C51\LIB\C51L.LIB (?C?LSTPDATA)
  C:\KEIL_V5\C51\LIB\C51L.LIB (?C?LSTKIDATA)
  C:\KEIL_V5\C51\LIB\C51L.LIB (?C?LSTKPDATA)
  C:\KEIL_V5\C51\LIB\C51L.LIB (ISDIGIT)
  C:\KEIL_V5\C51\LIB\C51L.LIB (ISSPACE)


LINK MAP OF MODULE:  .\Obj\GPIO_RTC_Test (MAIN)


            TYPE    BASE      LENGTH    RELOCATION   SEGMENT NAME
            -----------------------------------------------------

            * * * * * * *   D A T A   M E M O R Y   * * * * * * *
            REG     0000H     0008H     ABSOLUTE     "REG BANK 0"
            DATA    0008H     0005H     UNIT         _DATA_GROUP_
                    000DH     0013H                  *** GAP ***
            BIT     0020H.0   0001H.2   UNIT         _BIT_GROUP_
            BIT     0021H.2   0000H.1   UNIT         ?BI?MAIN
            BIT     0021H.3   0000H.1   UNIT         ?BI?_ATOI?ATOI
                    0021H.4   0000H.4                *** GAP ***
            IDATA   0022H     0001H     UNIT         ?STACK

            * * * * * * *  X D A T A   M E M O R Y  * * * * * * *
            XDATA   0000H     03BCH     UNIT         ?XD?BIPOLARMOTOR
BL51 BANKED LINKER/LOCATER V6.22                                                      08/26/2019  13:44:03  PAGE 3


            XDATA   03BCH     015DH     UNIT         _XDATA_GROUP_
            XDATA   0519H     011DH     UNIT         ?XD?MAIN
            XDATA   0636H     0019H     UNIT         ?XD?KEYPAD
            XDATA   064FH     0005H     UNIT         ?XD?_ATOI?ATOI
            XDATA   0654H     0001H     UNIT         ?XD?UC_ACK?IOEXPANDER_PI4IOE5V96248
            XDATA   0655H     0001H     UNIT         ?XD?UC_NACK?IOEXPANDER_PI4IOE5V96248

            * * * * * * *   C O D E   M E M O R Y   * * * * * * *
            CODE    0000H     0003H     ABSOLUTE     
            CODE    0003H     0003H     ABSOLUTE     
            CODE    0006H     0005H     UNIT         ?PR?_UNIT?UART1
            CODE    000BH     0003H     ABSOLUTE     
            CODE    000EH     000DH     UNIT         ?PR?UART?MAIN
            CODE    001BH     0003H     ABSOLUTE     
            CODE    001EH     0005H     UNIT         ?PR?_ASCII_LETTER?UART1
            CODE    0023H     0003H     ABSOLUTE     
            CODE    0026H     21F4H     UNIT         ?PR?MAIN?MAIN
            CODE    221AH     0BC8H     UNIT         ?C?LIB_CODE
            CODE    2DE2H     07A2H     UNIT         ?PR?SUNPOS?SUNPOS
            CODE    3584H     06F4H     UNIT         ?PR?_FIND_REAL_MAX?CALIBRATION
            CODE    3C78H     0631H     UNIT         ?PR?_UPDATE_POSITION?BIPOLARMOTOR
            CODE    42A9H     04FBH     UNIT         ?PR?_THEORICALJP_POSITION?BIPOLARMOTOR
            CODE    47A4H     0483H     UNIT         ?PR?PRINTF?PRINTF
            CODE    4C27H     041AH     UNIT         ?C_INITSEG
            CODE    5041H     038CH     UNIT         ?PR?KEY_PROCESS?KEYPAD
            CODE    53CDH     0380H     UNIT         ?PR?_ELEVATION_CALCULATION?BIPOLARMOTOR
            CODE    574DH     01C7H     UNIT         ?PR?_CALIBRATION?CALIBRATION
            CODE    5914H     018DH     UNIT         ?PR?KEY_SCAN?KEYPAD
            CODE    5AA1H     0189H     UNIT         ?PR?SPI_NOR_WRITE_DATA?AT25SF041
            CODE    5C2AH     0188H     UNIT         ?PR?SIN?SIN
            CODE    5DB2H     0166H     UNIT         ?PR?_POW?POW
            CODE    5F18H     0155H     UNIT         ?PR?_DISPLAY_POS?LCD_DRIVER_SPLC780D
            CODE    606DH     0129H     UNIT         ?PR?LOG?LOG
            CODE    6196H     0122H     UNIT         ?PR?ATAN?ATAN
            CODE    62B8H     0110H     UNIT         ?PR?_AT25SF041_READ?AT25SF041
            CODE    63C8H     0102H     UNIT         ?PR?_AT25SF041_WRITE?AT25SF041
            CODE    64CAH     00F5H     UNIT         ?PR?EXINT0?MAIN
            CODE    65BFH     00DBH     UNIT         ?PR?_ATOI?ATOI
            CODE    669AH     00C3H     UNIT         ?PR?LINEAR_INTERPOLATE?BIPOLARMOTOR
            CODE    675DH     00BBH     UNIT         ?PR?VOLTAGE_IS_STABLE?CALIBRATION
            CODE    6818H     00ADH     UNIT         ?PR?_WRITE_PI4IOE5V96248?IOEXPANDER_PI4IOE5V96248
            CODE    68C5H     00ACH     UNIT         ?PR?SQRT?SQRT
            CODE    6971H     00A1H     UNIT         ?PR?UCREAD_STATUS_REGISTER_BYTE1?AT25SF041
            CODE    6A12H     009DH     UNIT         ?PR?_ATAN2?ATAN2
            CODE    6AAFH     009CH     UNIT         ?PR?_MAX_VALUE?CALIBRATION
            CODE    6B4BH     009AH     UNIT         ?PR?EXP?EXP
            CODE    6BE5H     008CH     UNIT         ?C_C51STARTUP
            CODE    6C71H     0088H     UNIT         ?PR?_DAY_OF_YEAR?PCF85063BTL
            CODE    6CF9H     0079H     UNIT         ?PR?_WRITEDATA?LCD_DRIVER_SPLC780D
            CODE    6D72H     0072H     UNIT         ?PR?AT25SF041_WRITEENABLE?AT25SF041
            CODE    6DE4H     006FH     UNIT         ?PR?_READ_TIME?PCF85063BTL
            CODE    6E53H     005AH     UNIT         ?PR?AT25SF041_CHIPERASE?AT25SF041
            CODE    6EADH     0059H     UNIT         ?PR?LCD_INIT?LCD_DRIVER_SPLC780D
            CODE    6F06H     0056H     UNIT         ?CO?MAIN
            CODE    6F5CH     004BH     UNIT         ?CO?UART1
            CODE    6FA7H     004AH     UNIT         ?PR?VONESTEPMOVE?BIPOLARMOTOR
            CODE    6FF1H     004AH     UNIT         ?PR?ACOS?ACOS
BL51 BANKED LINKER/LOCATER V6.22                                                      08/26/2019  13:44:03  PAGE 4


            CODE    703BH     0044H     UNIT         ?C?LDIV
            CODE    707FH     0040H     UNIT         ?PR?_COMMAND?LCD_DRIVER_SPLC780D
            CODE    70BFH     0040H     UNIT         ?PR?_STEP_MOVE?BIPOLARMOTOR
            CODE    70FFH     003BH     UNIT         ?PR?ASIN?ASIN
            CODE    713AH     0033H     UNIT         ?PR?_SENDSTRING?UART1
            CODE    716DH     0031H     UNIT         ?PR?SI1120_CONFIG_MODE_VIRH?SI1120
            CODE    719EH     002BH     UNIT         ?PR?_WAIT_MS_I2C?IOEXPANDER_PI4IOE5V96248
            CODE    71C9H     002BH     UNIT         ?PR?_WAIT_MS_SPINOR?AT25SF041
            CODE    71F4H     002AH     UNIT         ?PR?_ADC_GETRESULT?ADC
            CODE    721EH     0028H     UNIT         ?PR?_MOVE?BIPOLARMOTOR
            CODE    7246H     0028H     UNIT         ?CO?CALIBRATION
            CODE    726EH     0027H     UNIT         ?PR?_I2C_SENDBYTE?IOEXPANDER_PI4IOE5V96248
            CODE    7295H     0027H     UNIT         ?PR?PUTCHAR?PUTCHAR
            CODE    72BCH     0025H     UNIT         ?PR?_FINDCLOSESTSAMEDAYCALIBTIME?CALIBRATION
            CODE    72E1H     0024H     UNIT         ?PR?_WAIT_MS?LCD_DRIVER_SPLC780D
            CODE    7305H     0024H     UNIT         ?PR?_UART1_SENDTOTCPSERVER?UART1
            CODE    7329H     0021H     UNIT         ?PR?TM0_ISR?MAIN
            CODE    734AH     0020H     UNIT         ?PR?_SPI_SENDBYTE?PCF85063BTL
            CODE    736AH     0020H     UNIT         ?PR?SPI_RECEIVEBYTE?PCF85063BTL
            CODE    738AH     001EH     UNIT         ?PR?_DELAY_MS?KEYPAD
            CODE    73A8H     001DH     UNIT         ?PR?_DISPLAYLCD?LCD_DRIVER_SPLC780D
            CODE    73C5H     001BH     UNIT         ?PR?_BCDTODEC1?BIPOLARMOTOR
            CODE    73E0H     001AH     UNIT         ?PR?ADC_INIT?ADC
            CODE    73FAH     0018H     UNIT         ?PR?_SPI_WRITETIME?PCF85063BTL
            CODE    7412H     0017H     UNIT         ?PR?_ASCIITOBCD?UART1
            CODE    7429H     0016H     UNIT         ?PR?I2C_ACK?IOEXPANDER_PI4IOE5V96248
            CODE    743FH     0015H     UNIT         ?PR?_DISPLAY_LINE?LCD_DRIVER_SPLC780D
            CODE    7454H     0015H     UNIT         ?PR?VSETLOCATION?BIPOLARMOTOR
            CODE    7469H     0015H     UNIT         ?PR?I2C_STOP?IOEXPANDER_PI4IOE5V96248
            CODE    747EH     0014H     UNIT         ?PR?_PCF85063BTL_DELAY?PCF85063BTL
            CODE    7492H     0014H     UNIT         ?PR?_ISSPACE?ISSPACE
            CODE    74A6H     0011H     UNIT         ?PR?_SPI_READTIME?PCF85063BTL
            CODE    74B7H     0011H     UNIT         ?PR?_BCDTODEC?PCF85063BTL
            CODE    74C8H     0011H     UNIT         ?PR?INITUART1?UART1
            CODE    74D9H     000FH     UNIT         ?PR?I2C_START?IOEXPANDER_PI4IOE5V96248
            CODE    74E8H     000FH     UNIT         ?PR?UC_NACK?IOEXPANDER_PI4IOE5V96248
            CODE    74F7H     000FH     UNIT         ?PR?_ISDIGIT?ISDIGIT
            CODE    7506H     000DH     UNIT         ?PR?SPI_INIT?PCF85063BTL
            CODE    7513H     000DH     UNIT         ?PR?ENABLE_EXTINT0?SI1120
            CODE    7520H     000DH     UNIT         ?PR?_FABS?FABS
            CODE    752DH     000CH     UNIT         ?PR?KEYPAD_IO_INIT?KEYPAD
            CODE    7539H     000CH     UNIT         ?PR?_ABS?ABS
            CODE    7545H     000AH     UNIT         ?PR?LCD_RETURN_HOME?LCD_DRIVER_SPLC780D
            CODE    754FH     000AH     UNIT         ?PR?LCD_CLEAR?LCD_DRIVER_SPLC780D
            CODE    7559H     0009H     UNIT         ?PR?TM1_ISR?MAIN
            CODE    7562H     0009H     UNIT         ?PR?_SENDUART1?MAIN
            CODE    756BH     0009H     UNIT         ?PR?UART1_INITTCPCONN?UART1
            CODE    7574H     0006H     UNIT         ?PR?UC_ACK?IOEXPANDER_PI4IOE5V96248
            CODE    757AH     0006H     UNIT         ?PR?_TEN?UART1
            CODE    7580H     0001H     UNIT         ?PR?NOP?IOEXPANDER_PI4IOE5V96248
            CODE    7581H     0001H     UNIT         ?PR?_DECTOBCD?UART1



OVERLAY MAP OF MODULE:   .\Obj\GPIO_RTC_Test (MAIN)


BL51 BANKED LINKER/LOCATER V6.22                                                      08/26/2019  13:44:03  PAGE 5


SEGMENT                                             BIT_GROUP          DATA_GROUP          XDATA_GROUP
  +--> CALLED SEGMENT                            START    LENGTH     START    LENGTH     START    LENGTH
--------------------------------------------------------------------------------------------------------
?PR?EXINT0?MAIN                                  -----    -----      -----    -----      -----    -----
  +--> ?PR?_POW?POW

?PR?_POW?POW                                     -----    -----      -----    -----      03BCH    000AH
  +--> ?PR?LOG?LOG
  +--> ?PR?EXP?EXP

?PR?LOG?LOG                                      0020H.0  0000H.1    -----    -----      03C6H    0004H

*** NEW ROOT ***************************************************

?C_C51STARTUP                                    -----    -----      -----    -----      -----    -----
  +--> ?PR?MAIN?MAIN
  +--> ?C_INITSEG

?PR?MAIN?MAIN                                    -----    -----      -----    -----      03CAH    002EH
  +--> ?PR?LCD_INIT?LCD_DRIVER_SPLC780D
  +--> ?PR?SPI_INIT?PCF85063BTL
  +--> ?PR?KEYPAD_IO_INIT?KEYPAD
  +--> ?PR?ADC_INIT?ADC
  +--> ?PR?SI1120_CONFIG_MODE_VIRH?SI1120
  +--> ?PR?ENABLE_EXTINT0?SI1120
  +--> ?PR?VSETLOCATION?BIPOLARMOTOR
  +--> ?PR?_SPI_WRITETIME?PCF85063BTL
  +--> ?PR?_DELAY_MS?KEYPAD
  +--> ?PR?_DISPLAY_LINE?LCD_DRIVER_SPLC780D
  +--> ?PR?_WRITEDATA?LCD_DRIVER_SPLC780D
  +--> ?PR?INITUART1?UART1
  +--> ?PR?UART1_INITTCPCONN?UART1
  +--> ?CO?MAIN
  +--> ?PR?_UART1_SENDTOTCPSERVER?UART1
  +--> ?PR?KEY_PROCESS?KEYPAD
  +--> ?PR?_COMMAND?LCD_DRIVER_SPLC780D
  +--> ?PR?_DISPLAY_POS?LCD_DRIVER_SPLC780D
  +--> ?PR?_DISPLAYLCD?LCD_DRIVER_SPLC780D
  +--> ?PR?_STEP_MOVE?BIPOLARMOTOR
  +--> ?PR?LCD_RETURN_HOME?LCD_DRIVER_SPLC780D
  +--> ?PR?_READ_TIME?PCF85063BTL
  +--> ?PR?_BCDTODEC1?BIPOLARMOTOR
  +--> ?PR?_SENDSTRING?UART1
  +--> ?PR?_ELEVATION_CALCULATION?BIPOLARMOTOR
  +--> ?PR?PRINTF?PRINTF
  +--> ?PR?SIN?SIN
  +--> ?PR?_CALIBRATION?CALIBRATION
  +--> ?PR?_UPDATE_POSITION?BIPOLARMOTOR
  +--> ?PR?_AT25SF041_READ?AT25SF041
  +--> ?PR?_WAIT_MS_SPINOR?AT25SF041
  +--> ?PR?AT25SF041_WRITEENABLE?AT25SF041
  +--> ?PR?_AT25SF041_WRITE?AT25SF041
  +--> ?PR?_ABS?ABS
  +--> ?PR?_FABS?FABS
  +--> ?PR?_ADC_GETRESULT?ADC
  +--> ?PR?SPI_NOR_WRITE_DATA?AT25SF041
  +--> ?PR?_WAIT_MS?LCD_DRIVER_SPLC780D
BL51 BANKED LINKER/LOCATER V6.22                                                      08/26/2019  13:44:03  PAGE 6


  +--> ?PR?LINEAR_INTERPOLATE?BIPOLARMOTOR
  +--> ?PR?_FINDCLOSESTSAMEDAYCALIBTIME?CALI...
  +--> ?PR?AT25SF041_CHIPERASE?AT25SF041
  +--> ?PR?LCD_CLEAR?LCD_DRIVER_SPLC780D

?PR?LCD_INIT?LCD_DRIVER_SPLC780D                 -----    -----      -----    -----      -----    -----
  +--> ?PR?_WAIT_MS?LCD_DRIVER_SPLC780D
  +--> ?PR?_COMMAND?LCD_DRIVER_SPLC780D

?PR?_COMMAND?LCD_DRIVER_SPLC780D                 -----    -----      -----    -----      -----    -----
  +--> ?PR?_WAIT_MS?LCD_DRIVER_SPLC780D

?PR?SI1120_CONFIG_MODE_VIRH?SI1120               -----    -----      -----    -----      -----    -----
  +--> ?PR?_WAIT_MS?LCD_DRIVER_SPLC780D

?PR?_SPI_WRITETIME?PCF85063BTL                   -----    -----      -----    -----      -----    -----
  +--> ?PR?_SPI_SENDBYTE?PCF85063BTL

?PR?_SPI_SENDBYTE?PCF85063BTL                    -----    -----      -----    -----      -----    -----
  +--> ?PR?_PCF85063BTL_DELAY?PCF85063BTL

?PR?_DISPLAY_LINE?LCD_DRIVER_SPLC780D            -----    -----      -----    -----      -----    -----
  +--> ?PR?_COMMAND?LCD_DRIVER_SPLC780D

?PR?_WRITEDATA?LCD_DRIVER_SPLC780D               -----    -----      -----    -----      04F4H    0001H
  +--> ?PR?_WAIT_MS?LCD_DRIVER_SPLC780D

?PR?UART1_INITTCPCONN?UART1                      -----    -----      -----    -----      -----    -----
  +--> ?CO?UART1
  +--> ?PR?_SENDSTRING?UART1

?PR?_SENDSTRING?UART1                            -----    -----      -----    -----      04E9H    0003H
  +--> ?PR?_SENDUART1?MAIN

?PR?_UART1_SENDTOTCPSERVER?UART1                 -----    -----      -----    -----      03F8H    0003H
  +--> ?CO?UART1
  +--> ?PR?_SENDSTRING?UART1
  +--> ?PR?_DELAY_MS?KEYPAD

?PR?KEY_PROCESS?KEYPAD                           -----    -----      -----    -----      03F8H    0006H
  +--> ?PR?KEY_SCAN?KEYPAD
  +--> ?PR?_SPI_WRITETIME?PCF85063BTL
  +--> ?PR?LCD_CLEAR?LCD_DRIVER_SPLC780D
  +--> ?PR?_COMMAND?LCD_DRIVER_SPLC780D
  +--> ?PR?_WRITEDATA?LCD_DRIVER_SPLC780D

?PR?KEY_SCAN?KEYPAD                              -----    -----      -----    -----      03FEH    0003H

?PR?LCD_CLEAR?LCD_DRIVER_SPLC780D                -----    -----      -----    -----      -----    -----
  +--> ?PR?_COMMAND?LCD_DRIVER_SPLC780D

?PR?_DISPLAY_POS?LCD_DRIVER_SPLC780D             -----    -----      -----    -----      04E9H    000BH
  +--> ?PR?_ABS?ABS
  +--> ?PR?_WRITEDATA?LCD_DRIVER_SPLC780D

?PR?_DISPLAYLCD?LCD_DRIVER_SPLC780D              -----    -----      -----    -----      03F8H    0001H
  +--> ?PR?_WRITEDATA?LCD_DRIVER_SPLC780D
BL51 BANKED LINKER/LOCATER V6.22                                                      08/26/2019  13:44:03  PAGE 7



?PR?_STEP_MOVE?BIPOLARMOTOR                      0020H.2  0000H.1    -----    -----      04EDH    0004H
  +--> ?PR?VONESTEPMOVE?BIPOLARMOTOR

?PR?VONESTEPMOVE?BIPOLARMOTOR                    0020H.3  0000H.1    -----    -----      -----    -----
  +--> ?PR?_WRITE_PI4IOE5V96248?IOEXPANDER_P...
  +--> ?PR?_DELAY_MS?KEYPAD

?PR?_WRITE_PI4IOE5V96248?IOEXPANDER_P...         -----    -----      -----    -----      04F1H    0003H
  +--> ?PR?I2C_START?IOEXPANDER_PI4IOE5V96248
  +--> ?PR?_WAIT_MS_I2C?IOEXPANDER_PI4IOE5V9...
  +--> ?PR?_I2C_SENDBYTE?IOEXPANDER_PI4IOE5V...
  +--> ?PR?I2C_ACK?IOEXPANDER_PI4IOE5V96248
  +--> ?PR?I2C_STOP?IOEXPANDER_PI4IOE5V96248

?PR?I2C_START?IOEXPANDER_PI4IOE5V96248           -----    -----      -----    -----      -----    -----
  +--> ?PR?_WAIT_MS_I2C?IOEXPANDER_PI4IOE5V9...

?PR?_I2C_SENDBYTE?IOEXPANDER_PI4IOE5V...         -----    -----      -----    -----      -----    -----
  +--> ?PR?_WAIT_MS_I2C?IOEXPANDER_PI4IOE5V9...

?PR?I2C_ACK?IOEXPANDER_PI4IOE5V96248             -----    -----      -----    -----      04F4H    0001H
  +--> ?PR?_WAIT_MS_I2C?IOEXPANDER_PI4IOE5V9...

?PR?I2C_STOP?IOEXPANDER_PI4IOE5V96248            -----    -----      -----    -----      -----    -----
  +--> ?PR?_WAIT_MS_I2C?IOEXPANDER_PI4IOE5V9...

?PR?LCD_RETURN_HOME?LCD_DRIVER_SPLC780D          -----    -----      -----    -----      -----    -----
  +--> ?PR?_COMMAND?LCD_DRIVER_SPLC780D

?PR?_READ_TIME?PCF85063BTL                       -----    -----      -----    -----      04E9H    000FH
  +--> ?PR?_SPI_READTIME?PCF85063BTL

?PR?_SPI_READTIME?PCF85063BTL                    -----    -----      -----    -----      -----    -----
  +--> ?PR?_SPI_SENDBYTE?PCF85063BTL
  +--> ?PR?SPI_RECEIVEBYTE?PCF85063BTL

?PR?SPI_RECEIVEBYTE?PCF85063BTL                  -----    -----      -----    -----      -----    -----
  +--> ?PR?_PCF85063BTL_DELAY?PCF85063BTL

?PR?_ELEVATION_CALCULATION?BIPOLARMOTOR          -----    -----      -----    -----      03F8H    0005H
  +--> ?PR?_BCDTODEC1?BIPOLARMOTOR
  +--> ?PR?SUNPOS?SUNPOS
  +--> ?PR?SIN?SIN
  +--> ?PR?ASIN?ASIN

?PR?SUNPOS?SUNPOS                                -----    -----      -----    -----      0442H    005DH
  +--> ?PR?SIN?SIN
  +--> ?PR?_ATAN2?ATAN2
  +--> ?PR?ASIN?ASIN
  +--> ?PR?ACOS?ACOS

?PR?SIN?SIN                                      0020H.1  0000H.1    -----    -----      049FH    0004H

?PR?_ATAN2?ATAN2                                 -----    -----      -----    -----      049FH    0008H
  +--> ?PR?ATAN?ATAN

BL51 BANKED LINKER/LOCATER V6.22                                                      08/26/2019  13:44:03  PAGE 8


?PR?ATAN?ATAN                                    0020H.1  0000H.2    -----    -----      04A7H    0004H

?PR?ASIN?ASIN                                    -----    -----      -----    -----      -----    -----
  +--> ?PR?SQRT?SQRT
  +--> ?PR?ATAN?ATAN

?PR?SQRT?SQRT                                    -----    -----      -----    -----      049FH    0004H

?PR?ACOS?ACOS                                    -----    -----      -----    -----      -----    -----
  +--> ?PR?SQRT?SQRT
  +--> ?PR?ATAN?ATAN

?PR?PRINTF?PRINTF                                0020H.1  0001H.1    0008H    0005H      04E9H    0030H
  +--> ?PR?PUTCHAR?PUTCHAR

?PR?_CALIBRATION?CALIBRATION                     -----    -----      -----    -----      03F8H    0024H
  +--> ?PR?VOLTAGE_IS_STABLE?CALIBRATION
  +--> ?PR?_UPDATE_POSITION?BIPOLARMOTOR
  +--> ?PR?_FIND_REAL_MAX?CALIBRATION

?PR?VOLTAGE_IS_STABLE?CALIBRATION                -----    -----      -----    -----      041CH    0018H
  +--> ?PR?_ADC_GETRESULT?ADC
  +--> ?PR?_ABS?ABS

?PR?_UPDATE_POSITION?BIPOLARMOTOR                -----    -----      -----    -----      041CH    0026H
  +--> ?PR?_BCDTODEC1?BIPOLARMOTOR
  +--> ?PR?SUNPOS?SUNPOS
  +--> ?PR?SIN?SIN
  +--> ?PR?ASIN?ASIN
  +--> ?PR?_THEORICALJP_POSITION?BIPOLARMOTOR
  +--> ?PR?_FABS?FABS
  +--> ?PR?_MOVE?BIPOLARMOTOR

?PR?_THEORICALJP_POSITION?BIPOLARMOTOR           -----    -----      -----    -----      0442H    005CH
  +--> ?PR?LINEAR_INTERPOLATE?BIPOLARMOTOR

?PR?LINEAR_INTERPOLATE?BIPOLARMOTOR              -----    -----      -----    -----      049EH    0014H

?PR?_MOVE?BIPOLARMOTOR                           0020H.1  0000H.1    -----    -----      04E9H    0004H
  +--> ?PR?_STEP_MOVE?BIPOLARMOTOR

?PR?_FIND_REAL_MAX?CALIBRATION                   -----    -----      -----    -----      041CH    00CDH
  +--> ?PR?_ADC_GETRESULT?ADC
  +--> ?PR?_WAIT_MS?LCD_DRIVER_SPLC780D
  +--> ?CO?CALIBRATION
  +--> ?PR?PRINTF?PRINTF
  +--> ?PR?_SENDSTRING?UART1
  +--> ?PR?_COMMAND?LCD_DRIVER_SPLC780D
  +--> ?PR?_WRITEDATA?LCD_DRIVER_SPLC780D
  +--> ?PR?_DISPLAY_POS?LCD_DRIVER_SPLC780D
  +--> ?PR?_MOVE?BIPOLARMOTOR
  +--> ?PR?_READ_TIME?PCF85063BTL
  +--> ?PR?_BCDTODEC1?BIPOLARMOTOR
  +--> ?PR?_MAX_VALUE?CALIBRATION

?PR?_MAX_VALUE?CALIBRATION                       -----    -----      -----    -----      04E9H    0004H

BL51 BANKED LINKER/LOCATER V6.22                                                      08/26/2019  13:44:03  PAGE 9


?PR?_AT25SF041_READ?AT25SF041                    -----    -----      -----    -----      03F8H    0008H
  +--> ?PR?_WAIT_MS_SPINOR?AT25SF041
  +--> ?PR?UCREAD_STATUS_REGISTER_BYTE1?AT25...

?PR?UCREAD_STATUS_REGISTER_BYTE1?AT25...         -----    -----      -----    -----      040EH    0003H
  +--> ?PR?_WAIT_MS_SPINOR?AT25SF041

?PR?AT25SF041_WRITEENABLE?AT25SF041              -----    -----      -----    -----      0406H    0002H
  +--> ?PR?_WAIT_MS_SPINOR?AT25SF041
  +--> ?PR?UCREAD_STATUS_REGISTER_BYTE1?AT25...

?PR?_AT25SF041_WRITE?AT25SF041                   -----    -----      -----    -----      0406H    0008H
  +--> ?PR?_WAIT_MS_SPINOR?AT25SF041
  +--> ?PR?UCREAD_STATUS_REGISTER_BYTE1?AT25...

?PR?SPI_NOR_WRITE_DATA?AT25SF041                 -----    -----      -----    -----      03F8H    000EH
  +--> ?PR?AT25SF041_WRITEENABLE?AT25SF041
  +--> ?PR?_AT25SF041_WRITE?AT25SF041
  +--> ?PR?_WAIT_MS_SPINOR?AT25SF041

?PR?AT25SF041_CHIPERASE?AT25SF041                -----    -----      -----    -----      03F8H    0002H
  +--> ?PR?_WAIT_MS_SPINOR?AT25SF041
  +--> ?PR?UCREAD_STATUS_REGISTER_BYTE1?AT25...



SYMBOL TABLE OF MODULE:  .\Obj\GPIO_RTC_Test (MAIN)

  VALUE           TYPE          NAME
  ----------------------------------

  -------         MODULE        MAIN
  C:0000H         SYMBOL        _ICE_DUMMY_
  X:0521H         PUBLIC        calib_value
  D:0080H         PUBLIC        P0
  D:0090H         PUBLIC        P1
  D:00A0H         PUBLIC        P2
  D:00B0H         PUBLIC        P3
  D:00C0H         PUBLIC        P4
  D:00C8H         PUBLIC        P5
  X:0575H         SYMBOL        PressedKey
  B:00A8H.7       PUBLIC        EA
  D:00E8H         PUBLIC        P6
  X:0579H         PUBLIC        calib_stamp
  D:00F8H         PUBLIC        P7
  X:057AH         PUBLIC        sTempString
  X:0583H         PUBLIC        calib_bool
  X:05ADH         PUBLIC        pwm_time_min
  D:00A8H         PUBLIC        IE
  X:05B1H         PUBLIC        calib_time
  X:0605H         PUBLIC        pwm_time_max
  B:0090H.7       PUBLIC        Connect_Electronics_Load
  D:00B8H         PUBLIC        IP
  B:0098H.0       PUBLIC        RI
  B:00B0H.2       PUBLIC        INT0
  X:0609H         PUBLIC        months
  B:0098H.1       PUBLIC        TI
BL51 BANKED LINKER/LOCATER V6.22                                                      08/26/2019  13:44:03  PAGE 10


  C:000EH         PUBLIC        Uart
  D:00D8H         PUBLIC        CCON
  C:0026H         PUBLIC        main
  X:060AH         PUBLIC        found_1st_point
  X:060CH         PUBLIC        i_point1
  X:060EH         PUBLIC        i_point2
  X:0610H         PUBLIC        count
  B:0090H.2       PUBLIC        Connect_IV_Load
  D:0099H         PUBLIC        SBUF
  X:0612H         PUBLIC        days
  X:0613H         PUBLIC        hours
  D:0098H         PUBLIC        SCON
  D:0089H         PUBLIC        TMOD
  D:0088H         PUBLIC        TCON
  B:00A0H.3       PUBLIC        P23
  X:0614H         SYMBOL        KeyCount
  X:0616H         PUBLIC        mins
  B:00C8H.5       PUBLIC        P55
  X:0617H         PUBLIC        diff_of_offset
  D:008EH         PUBLIC        AUXR
  C:7329H         PUBLIC        tm0_isr
  B:0090H.5       PUBLIC        SI1120_STX
  C:7559H         PUBLIC        tm1_isr
  B:0021H.2       PUBLIC        busy
  D:00E0H         PUBLIC        ACC
  B:00A8H.1       PUBLIC        ET0
  B:00A8H.3       PUBLIC        ET1
  X:061BH         PUBLIC        SPI_NOR_INTERNAL_FLASH_ADDR
  D:008CH         PUBLIC        TH0
  D:008DH         PUBLIC        TH1
  D:008AH         PUBLIC        TL0
  D:008BH         PUBLIC        TL1
  X:061FH         PUBLIC        ii
  X:0621H         PUBLIC        jj
  B:0088H.4       PUBLIC        TR0
  B:0088H.6       PUBLIC        TR1
  X:0623H         PUBLIC        old_mins
  C:64CAH         PUBLIC        exint0
  X:0624H         SYMBOL        KeyNum
  X:0625H         SYMBOL        KeyNum_Old
  X:0626H         PUBLIC        timer0_count
  X:0628H         PUBLIC        current_position
  X:062CH         PUBLIC        pwm_time
  X:0630H         PUBLIC        i
  X:0632H         PUBLIC        j
  X:0634H         PUBLIC        start_timer0_count
  X:0635H         PUBLIC        seconds
  D:00D0H         PUBLIC        PSW
  C:7562H         PUBLIC        _SendUART1
  -------         PROC          TM0_ISR
  C:7329H         LINE#         106
  C:732FH         LINE#         110
  C:7332H         LINE#         111
  C:7335H         LINE#         112
  C:7343H         LINE#         113
  -------         ENDPROC       TM0_ISR
  -------         PROC          TM1_ISR
BL51 BANKED LINKER/LOCATER V6.22                                                      08/26/2019  13:44:03  PAGE 11


  C:7559H         LINE#         114
  C:7559H         LINE#         116
  C:755BH         LINE#         118
  C:755EH         LINE#         119
  C:7561H         LINE#         120
  -------         ENDPROC       TM1_ISR
  -------         PROC          EXINT0
  C:64CAH         LINE#         121
  C:64E7H         LINE#         125
  C:64EAH         LINE#         126
  C:64EAH         LINE#         127
  C:64EDH         LINE#         128
  C:64F0H         LINE#         129
  C:64F2H         LINE#         130
  C:64F4H         LINE#         134
  C:64F7H         LINE#         137
  C:64F7H         LINE#         138
  C:64F9H         LINE#         140
  C:6505H         LINE#         141
  C:655FH         LINE#         142
  C:659DH         LINE#         143
  C:65A4H         LINE#         148
  C:65A4H         LINE#         150
  -------         ENDPROC       EXINT0
  -------         PROC          MAIN
  -------         DO            
  X:0519H         SYMBOL        KeyCount
  X:051BH         SYMBOL        KeyNum_Old
  X:051CH         SYMBOL        KeyNum
  X:051DH         SYMBOL        PressedKey
  X:03CAH         SYMBOL        prox_flag
  X:03CBH         SYMBOL        iUse_prevday_calib_value
  X:03CDH         SYMBOL        max_ADC_Val_JP
  X:03CFH         SYMBOL        max_ADC_Val
  X:03D1H         SYMBOL        calib_point1
  X:03D9H         SYMBOL        calib_point2
  X:03E1H         SYMBOL        dat_to_store
  X:03ECH         SYMBOL        calib_day
  X:03EEH         SYMBOL        calib_count
  X:03F0H         SYMBOL        theorical_JP_max_pos
  X:03F4H         SYMBOL        elevation
  -------         ENDDO         
  C:0026H         LINE#         152
  C:0026H         LINE#         153
  C:0026H         LINE#         158
  C:002CH         LINE#         159
  C:0031H         LINE#         161
  C:0039H         LINE#         165
  C:003FH         LINE#         166
  C:0049H         LINE#         177
  C:0051H         LINE#         178
  C:0058H         LINE#         179
  C:005EH         LINE#         181
  C:0064H         LINE#         193
  C:0067H         LINE#         194
  C:006AH         LINE#         195
  C:006DH         LINE#         197
BL51 BANKED LINKER/LOCATER V6.22                                                      08/26/2019  13:44:03  PAGE 12


  C:0070H         LINE#         200
  C:0073H         LINE#         201
  C:0076H         LINE#         203
  C:0079H         LINE#         205
  C:007CH         LINE#         206
  C:007FH         LINE#         207
  C:0082H         LINE#         208
  C:0084H         LINE#         209
  C:0086H         LINE#         210
  C:0089H         LINE#         211
  C:008BH         LINE#         212
  C:008DH         LINE#         214
  C:008FH         LINE#         215
  C:0096H         LINE#         216
  C:009DH         LINE#         217
  C:00A4H         LINE#         218
  C:00ABH         LINE#         222
  C:00B2H         LINE#         223
  C:00B7H         LINE#         224
  C:00BCH         LINE#         225
  C:00C1H         LINE#         226
  C:00C6H         LINE#         227
  C:00CBH         LINE#         230
  C:00D2H         LINE#         231
  C:00D2H         LINE#         232
  C:00F5H         LINE#         233
  C:013FH         LINE#         234
  C:0154H         LINE#         235
  C:0171H         LINE#         236
  C:0174H         LINE#         239
  C:017BH         LINE#         242
  C:017EH         LINE#         244
  C:0185H         LINE#         245
  C:018EH         LINE#         248
  C:018EH         LINE#         249
  C:018EH         LINE#         250
  C:0191H         LINE#         260
  C:0191H         LINE#         264
  C:0196H         LINE#         265
  C:019BH         LINE#         267
  C:01A0H         LINE#         269
  C:01A5H         LINE#         270
  C:01AAH         LINE#         273
  C:01BBH         LINE#         275
  C:01C0H         LINE#         276
  C:01C5H         LINE#         278
  C:01CCH         LINE#         279
  C:01D4H         LINE#         280
  C:01D9H         LINE#         281
  C:01E1H         LINE#         282
  C:01E6H         LINE#         283
  C:01F0H         LINE#         284
  C:01F5H         LINE#         285
  C:01FDH         LINE#         287
  C:0205H         LINE#         288
  C:020AH         LINE#         289
  C:0214H         LINE#         290
BL51 BANKED LINKER/LOCATER V6.22                                                      08/26/2019  13:44:03  PAGE 13


  C:0214H         LINE#         291
  C:0216H         LINE#         292
  C:0218H         LINE#         293
  C:0222H         LINE#         294
  C:0222H         LINE#         295
  C:0227H         LINE#         296
  C:0227H         LINE#         308
  C:023BH         LINE#         309
  C:023BH         LINE#         310
  C:0250H         LINE#         311
  C:025FH         LINE#         312
  C:025FH         LINE#         313
  C:0272H         LINE#         314
  C:0274H         LINE#         316
  C:0274H         LINE#         317
  C:0290H         LINE#         318
  C:0290H         LINE#         319
  C:0295H         LINE#         320
  C:0295H         LINE#         321
  C:02A9H         LINE#         322
  C:02A9H         LINE#         325
  C:02BEH         LINE#         326
  C:02CDH         LINE#         327
  C:02CDH         LINE#         328
  C:02E0H         LINE#         329
  C:02E2H         LINE#         331
  C:02E2H         LINE#         332
  C:02FEH         LINE#         333
  C:02FEH         LINE#         334
  C:0303H         LINE#         335
  C:0309H         LINE#         336
  C:0309H         LINE#         338
  C:032BH         LINE#         339
  C:032BH         LINE#         340
  C:0335H         LINE#         341
  C:033BH         LINE#         342
  C:0342H         LINE#         343
  C:0348H         LINE#         344
  C:034FH         LINE#         345
  C:034FH         LINE#         346
  C:0352H         LINE#         348
  C:0352H         LINE#         353
  C:035AH         LINE#         354
  C:0395H         LINE#         355
  C:03B3H         LINE#         356
  C:03B3H         LINE#         358
  C:03BCH         LINE#         359
  C:03C3H         LINE#         360
  C:03CCH         LINE#         361
  C:03D3H         LINE#         363
  C:03D3H         LINE#         367
  C:03E0H         LINE#         368
  C:03E0H         LINE#         371
  C:03E7H         LINE#         372
  C:03F8H         LINE#         375
  C:03F8H         LINE#         376
  C:0420H         LINE#         377
BL51 BANKED LINKER/LOCATER V6.22                                                      08/26/2019  13:44:03  PAGE 14


  C:0420H         LINE#         378
  C:0442H         LINE#         379
  C:0442H         LINE#         381
  C:0468H         LINE#         382
  C:04BEH         LINE#         383
  C:04C7H         LINE#         384
  C:04CEH         LINE#         385
  C:04D7H         LINE#         386
  C:04E0H         LINE#         387
  C:04E7H         LINE#         391
  C:0524H         LINE#         399
  C:0524H         LINE#         401
  C:05A0H         LINE#         402
  C:05B9H         LINE#         403
  C:05BBH         LINE#         404
  C:05BDH         LINE#         406
  C:0647H         LINE#         411
  C:0675H         LINE#         412
  C:0675H         LINE#         414
  C:06ABH         LINE#         415
  C:06CEH         LINE#         416
  C:06E3H         LINE#         417
  C:06EDH         LINE#         419
  C:06F0H         LINE#         421
  C:06F0H         LINE#         422
  C:0716H         LINE#         423
  C:0716H         LINE#         424
  C:073EH         LINE#         425
  C:07EDH         LINE#         426
  C:0813H         LINE#         427
  C:08C5H         LINE#         430
  C:08C5H         LINE#         432
  C:08CCH         LINE#         433
  C:08CFH         LINE#         436
  C:0904H         LINE#         437
  C:090BH         LINE#         438
  C:090EH         LINE#         440
  C:0948H         LINE#         441
  C:0974H         LINE#         443
  C:09A3H         LINE#         445
  C:09AAH         LINE#         446
  C:09B1H         LINE#         447
  C:09B4H         LINE#         450
  C:0A1CH         LINE#         452
  C:0A23H         LINE#         454
  C:0A2AH         LINE#         455
  C:0A2DH         LINE#         458
  C:0AECH         LINE#         460
  C:0AF3H         LINE#         461
  C:0AF3H         LINE#         463
  C:0AF6H         LINE#         465
  C:0AF6H         LINE#         467
  C:0AFDH         LINE#         468
  C:0AFDH         LINE#         469
  C:0B00H         LINE#         470
  C:0B1EH         LINE#         471
  C:0B25H         LINE#         472
BL51 BANKED LINKER/LOCATER V6.22                                                      08/26/2019  13:44:03  PAGE 15


  C:0B44H         LINE#         473
  C:0B63H         LINE#         475
  C:0BDFH         LINE#         476
  C:0BF7H         LINE#         478
  C:0BF9H         LINE#         479
  C:0BFBH         LINE#         480
  C:0C53H         LINE#         481
  C:0C8EH         LINE#         482
  C:0C9BH         LINE#         483
  C:0CAAH         LINE#         484
  C:0CAAH         LINE#         486
  C:0CB2H         LINE#         487
  C:0CBAH         LINE#         488
  C:0CC2H         LINE#         489
  C:0CCAH         LINE#         491
  C:0CDEH         LINE#         492
  C:0CF4H         LINE#         493
  C:0D24H         LINE#         494
  C:0D44H         LINE#         496
  C:0D58H         LINE#         497
  C:0D6EH         LINE#         498
  C:0D9EH         LINE#         499
  C:0DA5H         LINE#         501
  C:0DC9H         LINE#         504
  C:0DF4H         LINE#         506
  C:0DFDH         LINE#         507
  C:0E04H         LINE#         508
  C:0E0DH         LINE#         509
  C:0E16H         LINE#         510
  C:0E1DH         LINE#         512
  C:0E5AH         LINE#         514
  C:0E63H         LINE#         515
  C:0E6AH         LINE#         516
  C:0E73H         LINE#         517
  C:0E7CH         LINE#         518
  C:0E83H         LINE#         520
  C:0EAEH         LINE#         522
  C:0EB7H         LINE#         523
  C:0EBEH         LINE#         524
  C:0EC7H         LINE#         525
  C:0ED0H         LINE#         526
  C:0ED7H         LINE#         528
  C:0F02H         LINE#         530
  C:0F0BH         LINE#         531
  C:0F12H         LINE#         532
  C:0F1BH         LINE#         533
  C:0F22H         LINE#         534
  C:0F2BH         LINE#         535
  C:0F32H         LINE#         537
  C:0F34H         LINE#         539
  C:0F42H         LINE#         540
  C:0F42H         LINE#         541
  C:0F4AH         LINE#         544
  C:0F4AH         LINE#         545
  C:0F4AH         LINE#         547
  C:0F6FH         LINE#         548
  C:0F6FH         LINE#         549
BL51 BANKED LINKER/LOCATER V6.22                                                      08/26/2019  13:44:03  PAGE 16


  C:0F91H         LINE#         550
  C:0F91H         LINE#         551
  C:100DH         LINE#         552
  C:100FH         LINE#         553
  C:1011H         LINE#         555
  C:1069H         LINE#         558
  C:1078H         LINE#         559
  C:1078H         LINE#         560
  C:1078H         LINE#         561
  C:1078H         LINE#         562
  C:1078H         LINE#         563
  C:1078H         LINE#         564
  C:1078H         LINE#         565
  C:1078H         LINE#         568
  C:1078H         LINE#         570
  C:1078H         LINE#         571
  C:1078H         LINE#         572
  C:1078H         LINE#         573
  C:1078H         LINE#         577
  C:1078H         LINE#         579
  C:1078H         LINE#         581
  C:1078H         LINE#         582
  C:1078H         LINE#         583
  C:1078H         LINE#         584
  C:1078H         LINE#         585
  C:1078H         LINE#         586
  C:1078H         LINE#         589
  C:1078H         LINE#         591
  C:1078H         LINE#         592
  C:1078H         LINE#         593
  C:1078H         LINE#         594
  C:1078H         LINE#         595
  C:1078H         LINE#         596
  C:1078H         LINE#         597
  C:1078H         LINE#         599
  C:107BH         LINE#         602
  C:10A2H         LINE#         603
  C:10A2H         LINE#         606
  C:10C4H         LINE#         607
  C:10C4H         LINE#         609
  C:1140H         LINE#         611
  C:116DH         LINE#         612
  C:1188H         LINE#         618
  C:118AH         LINE#         619
  C:118CH         LINE#         621
  C:11B0H         LINE#         622
  C:11B0H         LINE#         628
  C:11D6H         LINE#         630
  C:11FDH         LINE#         631
  C:1271H         LINE#         633
  C:12FDH         LINE#         637
  C:1365H         LINE#         638
  C:1367H         LINE#         640
  C:1367H         LINE#         643
  C:13CAH         LINE#         644
  C:13CAH         LINE#         647
  C:13D9H         LINE#         648
BL51 BANKED LINKER/LOCATER V6.22                                                      08/26/2019  13:44:03  PAGE 17


  C:13D9H         LINE#         649
  C:1457H         LINE#         650
  C:1460H         LINE#         651
  C:1467H         LINE#         652
  C:1470H         LINE#         653
  C:1479H         LINE#         654
  C:1480H         LINE#         657
  C:14ABH         LINE#         659
  C:14B4H         LINE#         660
  C:14BBH         LINE#         661
  C:14C4H         LINE#         662
  C:14CDH         LINE#         666
  C:14D4H         LINE#         668
  C:14FFH         LINE#         670
  C:1508H         LINE#         671
  C:150FH         LINE#         672
  C:1518H         LINE#         673
  C:151FH         LINE#         675
  C:1528H         LINE#         676
  C:152FH         LINE#         679
  C:156DH         LINE#         681
  C:1576H         LINE#         682
  C:157DH         LINE#         683
  C:1586H         LINE#         684
  C:158FH         LINE#         685
  C:1596H         LINE#         686
  C:1596H         LINE#         688
  C:1596H         LINE#         690
  C:1596H         LINE#         691
  C:1596H         LINE#         693
  C:1596H         LINE#         697
  C:15B2H         LINE#         698
  C:15B2H         LINE#         699
  C:15B4H         LINE#         702
  C:15B7H         LINE#         704
  C:15E5H         LINE#         705
  C:15E5H         LINE#         706
  C:15E7H         LINE#         708
  C:15F6H         LINE#         709
  C:15F6H         LINE#         711
  C:15F9H         LINE#         713
  C:15FCH         LINE#         714
  C:1603H         LINE#         716
  C:161FH         LINE#         717
  C:161FH         LINE#         718
  C:163CH         LINE#         719
  C:163CH         LINE#         720
  C:1642H         LINE#         721
  C:1645H         LINE#         724
  C:167AH         LINE#         725
  C:1681H         LINE#         726
  C:1684H         LINE#         728
  C:16BEH         LINE#         729
  C:16D4H         LINE#         731
  C:16EDH         LINE#         733
  C:16F4H         LINE#         734
  C:16FBH         LINE#         735
BL51 BANKED LINKER/LOCATER V6.22                                                      08/26/2019  13:44:03  PAGE 18


  C:16FEH         LINE#         738
  C:1753H         LINE#         740
  C:175AH         LINE#         742
  C:1761H         LINE#         743
  C:1764H         LINE#         746
  C:1810H         LINE#         748
  C:1817H         LINE#         749
  C:1817H         LINE#         750
  C:1828H         LINE#         752
  C:1828H         LINE#         756
  C:182FH         LINE#         757
  C:182FH         LINE#         760
  C:183EH         LINE#         761
  C:183EH         LINE#         762
  C:1870H         LINE#         763
  C:1870H         LINE#         764
  C:18EFH         LINE#         766
  C:18F6H         LINE#         767
  C:18F9H         LINE#         769
  C:1933H         LINE#         770
  C:1949H         LINE#         772
  C:1962H         LINE#         774
  C:1969H         LINE#         775
  C:1970H         LINE#         776
  C:1973H         LINE#         778
  C:19C8H         LINE#         779
  C:19CFH         LINE#         781
  C:19D6H         LINE#         782
  C:19D9H         LINE#         784
  C:1A85H         LINE#         785
  C:1A8CH         LINE#         787
  C:1A93H         LINE#         788
  C:1A96H         LINE#         790
  C:1ABAH         LINE#         791
  C:1AC1H         LINE#         792
  C:1AD2H         LINE#         795
  C:1AE6H         LINE#         796
  C:1AFAH         LINE#         797
  C:1B09H         LINE#         798
  C:1B09H         LINE#         800
  C:1B35H         LINE#         801
  C:1B35H         LINE#         802
  C:1B62H         LINE#         809
  C:1B7DH         LINE#         812
  C:1B8CH         LINE#         813
  C:1B8FH         LINE#         816
  C:1BBFH         LINE#         817
  C:1BBFH         LINE#         819
  C:1BECH         LINE#         825
  C:1C07H         LINE#         828
  C:1C17H         LINE#         829
  C:1C1DH         LINE#         830
  C:1C31H         LINE#         831
  C:1C45H         LINE#         832
  C:1C4DH         LINE#         833
  C:1C5AH         LINE#         834
  C:1C5AH         LINE#         835
BL51 BANKED LINKER/LOCATER V6.22                                                      08/26/2019  13:44:03  PAGE 19


  C:1C7EH         LINE#         836
  C:1C7EH         LINE#         837
  C:1CC8H         LINE#         838
  C:1CCFH         LINE#         839
  C:1CD2H         LINE#         842
  C:1CF6H         LINE#         844
  C:1CFDH         LINE#         845
  C:1D00H         LINE#         847
  C:1D33H         LINE#         848
  C:1D52H         LINE#         850
  C:1D74H         LINE#         852
  C:1D7BH         LINE#         854
  C:1D82H         LINE#         855
  C:1D85H         LINE#         857
  C:1DDAH         LINE#         858
  C:1DE1H         LINE#         860
  C:1DE8H         LINE#         861
  C:1DEBH         LINE#         863
  C:1E97H         LINE#         864
  C:1E9EH         LINE#         865
  C:1EAFH         LINE#         866
  C:1EAFH         LINE#         867
  C:1EAFH         LINE#         871
  C:1ED1H         LINE#         872
  C:1EDEH         LINE#         873
  C:1EDEH         LINE#         874
  C:1F01H         LINE#         875
  C:1F01H         LINE#         876
  C:1F51H         LINE#         877
  C:1F51H         LINE#         878
  C:1F58H         LINE#         879
  C:1F5BH         LINE#         881
  C:1F95H         LINE#         882
  C:1FABH         LINE#         884
  C:1FC4H         LINE#         886
  C:1FCBH         LINE#         887
  C:1FD2H         LINE#         888
  C:1FD5H         LINE#         890
  C:202AH         LINE#         891
  C:2031H         LINE#         893
  C:2038H         LINE#         894
  C:203BH         LINE#         896
  C:20E7H         LINE#         897
  C:20EEH         LINE#         899
  C:20F5H         LINE#         900
  C:20F8H         LINE#         902
  C:211CH         LINE#         903
  C:2123H         LINE#         904
  C:2123H         LINE#         905
  C:2134H         LINE#         906
  C:2134H         LINE#         907
  C:2134H         LINE#         908
  C:215EH         LINE#         909
  C:215EH         LINE#         912
  C:2165H         LINE#         913
  C:216CH         LINE#         915
  C:2172H         LINE#         916
BL51 BANKED LINKER/LOCATER V6.22                                                      08/26/2019  13:44:03  PAGE 20


  C:2172H         LINE#         917
  C:2195H         LINE#         918
  C:21AAH         LINE#         920
  C:21C4H         LINE#         922
  C:21C4H         LINE#         925
  C:21D3H         LINE#         926
  C:21D3H         LINE#         927
  C:21D6H         LINE#         928
  C:21DDH         LINE#         929
  C:21E2H         LINE#         930
  C:21E7H         LINE#         931
  C:21ECH         LINE#         932
  C:21F1H         LINE#         933
  C:21F6H         LINE#         943
  C:21F9H         LINE#         945
  C:21FCH         LINE#         946
  C:2203H         LINE#         947
  C:220DH         LINE#         948
  C:2214H         LINE#         950
  C:2217H         LINE#         959
  C:2217H         LINE#         960
  -------         ENDPROC       MAIN
  -------         PROC          UART
  C:000EH         LINE#         974
  C:000EH         LINE#         976
  C:0011H         LINE#         977
  C:0011H         LINE#         978
  C:0013H         LINE#         980
  C:0013H         LINE#         981
  C:0016H         LINE#         982
  C:0016H         LINE#         983
  C:0018H         LINE#         984
  C:001AH         LINE#         985
  C:001AH         LINE#         986
  -------         ENDPROC       UART
  -------         PROC          _SENDUART1
  D:0007H         SYMBOL        dat
  C:7562H         LINE#         988
  C:7562H         LINE#         989
  C:7562H         LINE#         990
  C:7565H         LINE#         991
  C:7567H         LINE#         992
  C:7568H         LINE#         993
  C:756AH         LINE#         994
  -------         ENDPROC       _SENDUART1
  -------         ENDMOD        MAIN

  -------         MODULE        PCF85063BTL
  C:0000H         SYMBOL        _ICE_DUMMY_
  D:0096H         PUBLIC        P2M0
  D:0080H         PUBLIC        P0
  D:0095H         PUBLIC        P2M1
  D:0090H         PUBLIC        P1
  D:00A0H         PUBLIC        P2
  D:00B0H         PUBLIC        P3
  D:00C0H         PUBLIC        P4
  D:00C8H         PUBLIC        P5
BL51 BANKED LINKER/LOCATER V6.22                                                      08/26/2019  13:44:03  PAGE 21


  D:00E8H         PUBLIC        P6
  B:00A0H.1       PUBLIC        PCF85063BTL_SDI
  D:00F8H         PUBLIC        P7
  B:00A0H.2       PUBLIC        PCF85063BTL_SCK
  B:00A0H.1       PUBLIC        PCF85063BTL_SDO
  D:00A8H         PUBLIC        IE
  C:6DE4H         PUBLIC        _Read_time
  C:7484H         PUBLIC        _PCF85063BTL_Delay
  D:00B8H         PUBLIC        IP
  D:00D8H         PUBLIC        CCON
  C:6C71H         PUBLIC        _Day_Of_Year
  C:736AH         PUBLIC        SPI_ReceiveByte
  D:0098H         PUBLIC        SCON
  D:0088H         PUBLIC        TCON
  C:74B7H         PUBLIC        _BCDtoDec
  B:00A0H.0       PUBLIC        PCF85063BTL_CS
  C:74A6H         PUBLIC        _SPI_ReadTime
  C:7506H         PUBLIC        SPI_Init
  C:73FAH         PUBLIC        _SPI_WriteTime
  C:734AH         PUBLIC        _SPI_SendByte
  D:00D0H         PUBLIC        PSW
  C:7480H         SYMBOL        L?0048
  -------         PROC          L?0047
  -------         ENDPROC       L?0047
  C:7480H         SYMBOL        L?0048
  -------         PROC          _PCF85063BTL_DELAY
  D:0006H         SYMBOL        us
  C:7484H         LINE#         8
  C:7484H         LINE#         9
  C:7484H         LINE#         10
  C:748EH         LINE#         11
  C:748EH         LINE#         12
  C:748FH         LINE#         13
  C:7491H         LINE#         14
  -------         ENDPROC       _PCF85063BTL_DELAY
  -------         PROC          _SPI_SENDBYTE
  D:0005H         SYMBOL        dat
  -------         DO            
  D:0003H         SYMBOL        i
  -------         ENDDO         
  C:734AH         LINE#         17
  C:734CH         LINE#         18
  C:734CH         LINE#         20
  C:734EH         LINE#         21
  C:734EH         LINE#         22
  C:7350H         LINE#         23
  C:7354H         LINE#         24
  C:7354H         LINE#         25
  C:7356H         LINE#         26
  C:7358H         LINE#         28
  C:7358H         LINE#         29
  C:735AH         LINE#         30
  C:735AH         LINE#         31
  C:735DH         LINE#         32
  C:735DH         LINE#         33
  C:7360H         LINE#         34
  C:7364H         LINE#         35
BL51 BANKED LINKER/LOCATER V6.22                                                      08/26/2019  13:44:03  PAGE 22


  C:7369H         LINE#         36
  -------         ENDPROC       _SPI_SENDBYTE
  -------         PROC          SPI_RECEIVEBYTE
  -------         DO            
  D:0003H         SYMBOL        i
  D:0005H         SYMBOL        dat
  -------         ENDDO         
  C:736AH         LINE#         39
  C:736AH         LINE#         40
  C:736AH         LINE#         42
  C:736CH         LINE#         44
  C:736EH         LINE#         45
  C:736FH         LINE#         46
  C:736FH         LINE#         47
  C:7373H         LINE#         48
  C:7375H         LINE#         49
  C:7378H         LINE#         51
  C:737BH         LINE#         52
  C:737BH         LINE#         53
  C:737FH         LINE#         54
  C:737FH         LINE#         55
  C:737FH         LINE#         56
  C:7382H         LINE#         57
  C:7387H         LINE#         58
  C:7389H         LINE#         59
  -------         ENDPROC       SPI_RECEIVEBYTE
  -------         PROC          _SPI_READTIME
  D:0007H         SYMBOL        addr
  -------         DO            
  D:0006H         SYMBOL        dat
  -------         ENDDO         
  C:74A6H         LINE#         61
  C:74A6H         LINE#         62
  C:74A6H         LINE#         64
  C:74A8H         LINE#         65
  C:74AAH         LINE#         66
  C:74B1H         LINE#         67
  C:74B4H         LINE#         68
  C:74B6H         LINE#         69
  C:74B6H         LINE#         70
  -------         ENDPROC       _SPI_READTIME
  -------         PROC          _SPI_WRITETIME
  D:0002H         SYMBOL        val
  D:0005H         SYMBOL        addr
  C:73FAH         LINE#         71
  C:73FCH         LINE#         72
  C:73FCH         LINE#         74
  C:73FEH         LINE#         75
  C:7405H         LINE#         76
  C:740AH         LINE#         77
  C:740FH         LINE#         78
  C:7411H         LINE#         79
  -------         ENDPROC       _SPI_WRITETIME
  -------         PROC          SPI_INIT
  C:7506H         LINE#         83
  C:7506H         LINE#         84
  C:7506H         LINE#         89
BL51 BANKED LINKER/LOCATER V6.22                                                      08/26/2019  13:44:03  PAGE 23


  C:7509H         LINE#         90
  C:750CH         LINE#         91
  C:750EH         LINE#         92
  C:7510H         LINE#         93
  C:7512H         LINE#         94
  -------         ENDPROC       SPI_INIT
  -------         PROC          _READ_TIME
  X:04E9H         SYMBOL        months
  X:04ECH         SYMBOL        days
  X:04EFH         SYMBOL        hours
  X:04F2H         SYMBOL        mins
  X:04F5H         SYMBOL        seconds
  C:6DE4H         LINE#         96
  C:6DEFH         LINE#         97
  C:6DEFH         LINE#         99
  C:6E03H         LINE#         101
  C:6E17H         LINE#         103
  C:6E2BH         LINE#         108
  C:6E3FH         LINE#         113
  -------         ENDPROC       _READ_TIME
  -------         PROC          _BCDTODEC
  D:0007H         SYMBOL        bcd
  -------         DO            
  D:0006H         SYMBOL        hi
  D:0007H         SYMBOL        lo
  -------         ENDDO         
  C:74B7H         LINE#         119
  C:74B7H         LINE#         120
  C:74B7H         LINE#         122
  C:74BCH         LINE#         123
  C:74C0H         LINE#         124
  C:74C7H         LINE#         125
  -------         ENDPROC       _BCDTODEC
  -------         PROC          _DAY_OF_YEAR
  D:0007H         SYMBOL        months_bcd
  D:0005H         SYMBOL        days_bcd
  -------         DO            
  D:0004H         SYMBOL        months
  D:0007H         SYMBOL        days
  -------         ENDDO         
  C:6C71H         LINE#         126
  C:6C71H         LINE#         127
  C:6C71H         LINE#         130
  C:6C76H         LINE#         132
  C:6C7BH         LINE#         134
  C:6CB4H         LINE#         135
  C:6CB4H         LINE#         136
  C:6CB4H         LINE#         137
  C:6CB7H         LINE#         138
  C:6CB7H         LINE#         139
  C:6CB7H         LINE#         140
  C:6CBCH         LINE#         141
  C:6CBCH         LINE#         142
  C:6CBCH         LINE#         143
  C:6CC1H         LINE#         144
  C:6CC1H         LINE#         145
  C:6CC1H         LINE#         146
BL51 BANKED LINKER/LOCATER V6.22                                                      08/26/2019  13:44:03  PAGE 24


  C:6CC6H         LINE#         147
  C:6CC6H         LINE#         148
  C:6CC6H         LINE#         149
  C:6CCBH         LINE#         150
  C:6CCBH         LINE#         151
  C:6CCBH         LINE#         152
  C:6CD0H         LINE#         153
  C:6CD0H         LINE#         154
  C:6CD0H         LINE#         155
  C:6CD5H         LINE#         156
  C:6CD5H         LINE#         157
  C:6CD5H         LINE#         158
  C:6CDAH         LINE#         159
  C:6CDAH         LINE#         160
  C:6CDAH         LINE#         161
  C:6CE2H         LINE#         162
  C:6CE2H         LINE#         163
  C:6CE2H         LINE#         164
  C:6CE7H         LINE#         165
  C:6CE7H         LINE#         166
  C:6CE7H         LINE#         167
  C:6CECH         LINE#         168
  C:6CECH         LINE#         169
  C:6CECH         LINE#         170
  C:6CF5H         LINE#         171
  C:6CF5H         LINE#         172
  C:6CF5H         LINE#         173
  C:6CF8H         LINE#         174
  C:6CF8H         LINE#         175
  -------         ENDPROC       _DAY_OF_YEAR
  -------         ENDMOD        PCF85063BTL

  -------         MODULE        LCD_DRIVER_SPLC780D
  C:0000H         SYMBOL        _ICE_DUMMY_
  D:0092H         PUBLIC        P1M0
  D:0091H         PUBLIC        P1M1
  D:0080H         PUBLIC        P0
  D:0090H         PUBLIC        P1
  D:00A0H         PUBLIC        P2
  D:00B0H         PUBLIC        P3
  D:00C0H         PUBLIC        P4
  D:00C8H         PUBLIC        P5
  D:00E8H         PUBLIC        P6
  D:00F8H         PUBLIC        P7
  C:6CFDH         PUBLIC        _WriteData
  D:00A8H         PUBLIC        IE
  D:00B8H         PUBLIC        IP
  D:00D8H         PUBLIC        CCON
  B:00B0H.4       PUBLIC        LCD_D4
  B:00B0H.5       PUBLIC        LCD_D5
  B:00B0H.6       PUBLIC        LCD_D6
  C:73A8H         PUBLIC        _DisplayLCD
  B:00B0H.7       PUBLIC        LCD_D7
  D:0098H         PUBLIC        SCON
  D:0088H         PUBLIC        TCON
  C:754FH         PUBLIC        LCD_clear
  C:707FH         PUBLIC        _Command
BL51 BANKED LINKER/LOCATER V6.22                                                      08/26/2019  13:44:03  PAGE 25


  C:743FH         PUBLIC        _Display_Line
  C:6EADH         PUBLIC        LCD_Init
  C:72E7H         PUBLIC        _Wait_ms
  B:00C0H.0       PUBLIC        LCD_RS
  B:0090H.3       PUBLIC        LCD_RW
  C:7545H         PUBLIC        LCD_return_home
  C:5F18H         PUBLIC        _Display_Pos
  B:00B0H.3       PUBLIC        LCD_E
  D:00D0H         PUBLIC        PSW
  -------         PROC          LCD_INIT
  C:6EADH         LINE#         9
  C:6EADH         LINE#         10
  C:6EADH         LINE#         11
  C:6EB0H         LINE#         12
  C:6EB3H         LINE#         14
  C:6EB9H         LINE#         15
  C:6EBEH         LINE#         17
  C:6EC5H         LINE#         18
  C:6ECAH         LINE#         20
  C:6ECDH         LINE#         21
  C:6ED2H         LINE#         23
  C:6ED5H         LINE#         24
  C:6EDAH         LINE#         26
  C:6EE1H         LINE#         29
  C:6EE6H         LINE#         30
  C:6EEBH         LINE#         32
  C:6EF0H         LINE#         33
  C:6EF5H         LINE#         35
  C:6EFAH         LINE#         36
  C:6EFFH         LINE#         37
  -------         ENDPROC       LCD_INIT
  C:6CF9H         SYMBOL        L?0035
  -------         PROC          L?0034
  -------         ENDPROC       L?0034
  C:6CF9H         SYMBOL        L?0035
  -------         PROC          _WRITEDATA
  X:04F4H         SYMBOL        dat
  C:6CFDH         LINE#         40
  C:6D02H         LINE#         41
  C:6D02H         LINE#         46
  C:6D04H         LINE#         47
  C:6D06H         LINE#         49
  C:6D14H         LINE#         50
  C:6D20H         LINE#         51
  C:6D2CH         LINE#         52
  C:6D36H         LINE#         53
  C:6D38H         LINE#         54
  C:6D3FH         LINE#         55
  C:6D41H         LINE#         57
  C:6D51H         LINE#         58
  C:6D5CH         LINE#         59
  C:6D66H         LINE#         60
  C:6D6AH         LINE#         62
  C:6D6AH         LINE#         63
  C:6D6DH         LINE#         64
  C:6D6FH         LINE#         65
  C:6D71H         LINE#         67
BL51 BANKED LINKER/LOCATER V6.22                                                      08/26/2019  13:44:03  PAGE 26


  -------         ENDPROC       _WRITEDATA
  -------         PROC          _COMMAND
  D:0007H         SYMBOL        dat
  C:707FH         LINE#         69
  C:707FH         LINE#         70
  C:707FH         LINE#         71
  C:7081H         LINE#         72
  C:7083H         LINE#         74
  C:708DH         LINE#         75
  C:7091H         LINE#         77
  C:7093H         LINE#         78
  C:709CH         LINE#         79
  C:70A0H         LINE#         81
  C:70A2H         LINE#         82
  C:70A9H         LINE#         83
  C:70ADH         LINE#         85
  C:70AFH         LINE#         86
  C:70B3H         LINE#         87
  C:70B7H         LINE#         89
  C:70B9H         LINE#         90
  C:70B9H         LINE#         91
  C:70BCH         LINE#         92
  C:70BEH         LINE#         93
  -------         ENDPROC       _COMMAND
  C:72E3H         SYMBOL        L?0037
  -------         PROC          L?0036
  -------         ENDPROC       L?0036
  C:72E3H         SYMBOL        L?0037
  -------         PROC          _WAIT_MS
  D:0006H         SYMBOL        ms
  -------         DO            
  D:0004H         SYMBOL        De_Cnt
  -------         ENDDO         
  C:72E7H         LINE#         95
  C:72E7H         LINE#         96
  C:72E7H         LINE#         98
  C:72F1H         LINE#         99
  C:72F1H         LINE#         100
  C:7304H         LINE#         101
  C:7304H         LINE#         102
  -------         ENDPROC       _WAIT_MS
  -------         PROC          _DISPLAYLCD
  D:0007H         SYMBOL        BCD
  -------         DO            
  D:0006H         SYMBOL        first_digit
  X:03F8H         SYMBOL        second_digit
  -------         ENDDO         
  C:73A8H         LINE#         103
  C:73A8H         LINE#         104
  C:73A8H         LINE#         106
  C:73AFH         LINE#         107
  C:73B8H         LINE#         109
  C:73BDH         LINE#         111
  -------         ENDPROC       _DISPLAYLCD
  -------         PROC          LCD_RETURN_HOME
  C:7545H         LINE#         115
  C:7545H         LINE#         116
BL51 BANKED LINKER/LOCATER V6.22                                                      08/26/2019  13:44:03  PAGE 27


  C:7545H         LINE#         117
  C:754AH         LINE#         118
  -------         ENDPROC       LCD_RETURN_HOME
  -------         PROC          LCD_CLEAR
  C:754FH         LINE#         121
  C:754FH         LINE#         122
  C:754FH         LINE#         123
  C:7554H         LINE#         124
  -------         ENDPROC       LCD_CLEAR
  -------         PROC          _DISPLAY_LINE
  D:0006H         SYMBOL        line
  C:743FH         LINE#         128
  C:743FH         LINE#         129
  C:743FH         LINE#         130
  C:7445H         LINE#         131
  C:7445H         LINE#         132
  C:7447H         LINE#         133
  C:7447H         LINE#         134
  C:7449H         LINE#         136
  C:7449H         LINE#         137
  C:744EH         LINE#         138
  C:7453H         LINE#         139
  C:7453H         LINE#         140
  -------         ENDPROC       _DISPLAY_LINE
  -------         PROC          _DISPLAY_POS
  X:04E9H         SYMBOL        sign_dat
  -------         DO            
  X:04EDH         SYMBOL        unit
  X:04EEH         SYMBOL        ten
  X:04EFH         SYMBOL        hundred
  X:04F0H         SYMBOL        thousand
  X:04F1H         SYMBOL        after_dot
  X:04F2H         SYMBOL        dat
  -------         ENDDO         
  C:5F18H         LINE#         142
  C:5F1EH         LINE#         143
  C:5F1EH         LINE#         147
  C:5F3AH         LINE#         148
  C:5F54H         LINE#         149
  C:5F78H         LINE#         151
  C:5FC2H         LINE#         153
  C:5FD9H         LINE#         154
  C:5FEBH         LINE#         155
  C:6010H         LINE#         156
  C:602AH         LINE#         157
  C:6042H         LINE#         158
  C:6042H         LINE#         159
  C:6042H         LINE#         160
  C:6042H         LINE#         161
  C:6042H         LINE#         162
  C:6042H         LINE#         163
  C:6042H         LINE#         164
  C:6042H         LINE#         168
  C:6044H         LINE#         170
  C:6044H         LINE#         172
  C:6049H         LINE#         173
  C:604FH         LINE#         174
BL51 BANKED LINKER/LOCATER V6.22                                                      08/26/2019  13:44:03  PAGE 28


  C:6055H         LINE#         175
  C:605BH         LINE#         176
  C:6061H         LINE#         177
  C:6066H         LINE#         178
  C:606CH         LINE#         182
  C:606CH         LINE#         184
  -------         ENDPROC       _DISPLAY_POS
  -------         ENDMOD        LCD_DRIVER_SPLC780D

  -------         MODULE        KEYPAD
  C:0000H         SYMBOL        _ICE_DUMMY_
  D:0093H         PUBLIC        P0M1
  D:0080H         PUBLIC        P0
  D:0090H         PUBLIC        P1
  D:00A0H         PUBLIC        P2
  D:00B0H         PUBLIC        P3
  D:00C0H         PUBLIC        P4
  D:00C8H         PUBLIC        P5
  D:00E8H         PUBLIC        P6
  D:00F8H         PUBLIC        P7
  D:00A8H         PUBLIC        IE
  C:5914H         PUBLIC        Key_Scan
  D:00B8H         PUBLIC        IP
  D:00D8H         PUBLIC        CCON
  C:752DH         PUBLIC        KeyPad_IO_Init
  C:738AH         PUBLIC        _Delay_ms
  D:0098H         PUBLIC        SCON
  D:0088H         PUBLIC        TCON
  X:0645H         PUBLIC        small_move
  X:0647H         PUBLIC        move
  X:0649H         PUBLIC        auto_mode
  X:064BH         PUBLIC        direction
  X:064DH         PUBLIC        SPI_NOR_ClearEnable
  C:5041H         PUBLIC        Key_Process
  D:00D0H         PUBLIC        PSW
  D:0094H         PUBLIC        P0M0
  -------         PROC          _DELAY_MS
  D:0006H         SYMBOL        ms
  -------         DO            
  D:0004H         SYMBOL        De_Cnt
  -------         ENDDO         
  C:738AH         LINE#         20
  C:738AH         LINE#         21
  C:738AH         LINE#         23
  C:7394H         LINE#         24
  C:7394H         LINE#         25
  C:73A7H         LINE#         26
  C:73A7H         LINE#         27
  -------         ENDPROC       _DELAY_MS
  -------         PROC          KEY_SCAN
  -------         DO            
  X:03FEH         SYMBOL        KeyTemp1
  X:03FFH         SYMBOL        KeyTemp2
  X:0400H         SYMBOL        KeyValue
  -------         ENDDO         
  C:5914H         LINE#         28
  C:5914H         LINE#         29
BL51 BANKED LINKER/LOCATER V6.22                                                      08/26/2019  13:44:03  PAGE 29


  C:5914H         LINE#         34
  C:5917H         LINE#         37
  C:591AH         LINE#         39
  C:5922H         LINE#         40
  C:5929H         LINE#         41
  C:5929H         LINE#         43
  C:592EH         LINE#         44
  C:5935H         LINE#         45
  C:5935H         LINE#         48
  C:5938H         LINE#         49
  C:593BH         LINE#         50
  C:5940H         LINE#         51
  C:5944H         LINE#         52
  C:5944H         LINE#         53
  C:594CH         LINE#         54
  C:594CH         LINE#         55
  C:594FH         LINE#         56
  C:5957H         LINE#         57
  C:5959H         LINE#         59
  C:596DH         LINE#         60
  C:596DH         LINE#         61
  C:596DH         LINE#         62
  C:596DH         LINE#         63
  C:5973H         LINE#         65
  C:5975H         LINE#         66
  C:5975H         LINE#         67
  C:5975H         LINE#         68
  C:597BH         LINE#         70
  C:597DH         LINE#         71
  C:597DH         LINE#         72
  C:597DH         LINE#         73
  C:5983H         LINE#         75
  C:5985H         LINE#         76
  C:5985H         LINE#         77
  C:5985H         LINE#         78
  C:598BH         LINE#         80
  C:598BH         LINE#         81
  C:598BH         LINE#         82
  C:598BH         LINE#         85
  C:598EH         LINE#         86
  C:5991H         LINE#         87
  C:5999H         LINE#         88
  C:599DH         LINE#         89
  C:599DH         LINE#         90
  C:59A5H         LINE#         91
  C:59A5H         LINE#         92
  C:59A8H         LINE#         93
  C:59B0H         LINE#         94
  C:59B2H         LINE#         95
  C:59C6H         LINE#         96
  C:59C6H         LINE#         97
  C:59C6H         LINE#         98
  C:59C6H         LINE#         99
  C:59CCH         LINE#         101
  C:59CEH         LINE#         102
  C:59CEH         LINE#         103
  C:59CEH         LINE#         104
BL51 BANKED LINKER/LOCATER V6.22                                                      08/26/2019  13:44:03  PAGE 30


  C:59D4H         LINE#         106
  C:59D6H         LINE#         107
  C:59D6H         LINE#         108
  C:59D6H         LINE#         109
  C:59DCH         LINE#         111
  C:59DEH         LINE#         112
  C:59DEH         LINE#         113
  C:59DEH         LINE#         114
  C:59E3H         LINE#         116
  C:59E3H         LINE#         117
  C:59E3H         LINE#         118
  C:59E3H         LINE#         121
  C:59E6H         LINE#         122
  C:59E9H         LINE#         123
  C:59F1H         LINE#         124
  C:59F5H         LINE#         125
  C:59F5H         LINE#         126
  C:59FDH         LINE#         127
  C:59FDH         LINE#         128
  C:5A00H         LINE#         129
  C:5A08H         LINE#         130
  C:5A0AH         LINE#         131
  C:5A1EH         LINE#         132
  C:5A1EH         LINE#         133
  C:5A1EH         LINE#         134
  C:5A1EH         LINE#         135
  C:5A24H         LINE#         137
  C:5A26H         LINE#         138
  C:5A26H         LINE#         139
  C:5A26H         LINE#         140
  C:5A2CH         LINE#         142
  C:5A2EH         LINE#         143
  C:5A2EH         LINE#         144
  C:5A2EH         LINE#         145
  C:5A34H         LINE#         147
  C:5A36H         LINE#         148
  C:5A36H         LINE#         149
  C:5A36H         LINE#         150
  C:5A3CH         LINE#         152
  C:5A3CH         LINE#         153
  C:5A3CH         LINE#         154
  C:5A3CH         LINE#         158
  C:5A3FH         LINE#         159
  C:5A42H         LINE#         160
  C:5A4AH         LINE#         161
  C:5A4EH         LINE#         162
  C:5A4EH         LINE#         163
  C:5A56H         LINE#         164
  C:5A56H         LINE#         165
  C:5A59H         LINE#         166
  C:5A61H         LINE#         167
  C:5A63H         LINE#         168
  C:5A77H         LINE#         169
  C:5A77H         LINE#         170
  C:5A77H         LINE#         171
  C:5A77H         LINE#         172
  C:5A7DH         LINE#         174
BL51 BANKED LINKER/LOCATER V6.22                                                      08/26/2019  13:44:03  PAGE 31


  C:5A7FH         LINE#         175
  C:5A7FH         LINE#         176
  C:5A7FH         LINE#         177
  C:5A85H         LINE#         179
  C:5A87H         LINE#         180
  C:5A87H         LINE#         181
  C:5A87H         LINE#         182
  C:5A8DH         LINE#         184
  C:5A8FH         LINE#         185
  C:5A8FH         LINE#         186
  C:5A8FH         LINE#         187
  C:5A95H         LINE#         189
  C:5A95H         LINE#         190
  C:5A95H         LINE#         191
  C:5A95H         LINE#         193
  C:5A9BH         LINE#         194
  C:5A9BH         LINE#         196
  C:5A9BH         LINE#         197
  C:5A9EH         LINE#         198
  C:5A9EH         LINE#         199
  C:5A9EH         LINE#         201
  C:5A9EH         LINE#         202
  C:5AA0H         LINE#         203
  C:5AA0H         LINE#         204
  -------         ENDPROC       KEY_SCAN
  -------         PROC          KEY_PROCESS
  -------         DO            
  X:0636H         SYMBOL        KeyCount
  X:0637H         SYMBOL        KeyNum_Old
  X:0639H         SYMBOL        KeyNum
  X:063BH         SYMBOL        PressedKey
  X:03F8H         SYMBOL        d
  D:0002H         SYMBOL        hours
  D:0006H         SYMBOL        mins
  X:03FAH         SYMBOL        months
  X:03FCH         SYMBOL        days
  -------         ENDDO         
  C:5041H         LINE#         205
  C:5041H         LINE#         206
  C:5041H         LINE#         210
  C:5050H         LINE#         211
  C:505DH         LINE#         213
  C:5061H         LINE#         214
  C:5061H         LINE#         215
  C:5067H         LINE#         217
  C:5067H         LINE#         218
  C:507EH         LINE#         219
  C:507EH         LINE#         220
  C:5088H         LINE#         221
  C:508EH         LINE#         223
  C:5094H         LINE#         225
  C:5094H         LINE#         226
  C:50ABH         LINE#         227
  C:50ABH         LINE#         228
  C:50B0H         LINE#         230
  C:50B0H         LINE#         231
  C:50C0H         LINE#         232
BL51 BANKED LINKER/LOCATER V6.22                                                      08/26/2019  13:44:03  PAGE 32


  C:50C0H         LINE#         233
  C:50C6H         LINE#         235
  C:50C6H         LINE#         236
  C:50D8H         LINE#         237
  C:50D8H         LINE#         238
  C:50E2H         LINE#         239
  C:50EAH         LINE#         241
  C:50F3H         LINE#         243
  C:50F3H         LINE#         252
  C:5112H         LINE#         253
  C:5112H         LINE#         254
  C:5131H         LINE#         255
  C:5137H         LINE#         256
  C:513FH         LINE#         257
  C:513FH         LINE#         259
  C:5140H         LINE#         265
  C:514CH         LINE#         266
  C:514CH         LINE#         267
  C:5169H         LINE#         268
  C:5180H         LINE#         269
  C:5197H         LINE#         270
  C:5197H         LINE#         271
  C:51AAH         LINE#         272
  C:51BDH         LINE#         273
  C:51BDH         LINE#         274
  C:51BDH         LINE#         275
  C:51C0H         LINE#         280
  C:51CFH         LINE#         281
  C:51CFH         LINE#         282
  C:51F2H         LINE#         283
  C:520FH         LINE#         284
  C:5218H         LINE#         285
  C:5218H         LINE#         286
  C:521FH         LINE#         287
  C:521FH         LINE#         288
  C:5230H         LINE#         289
  C:5230H         LINE#         290
  C:523FH         LINE#         291
  C:523FH         LINE#         292
  C:523FH         LINE#         293
  C:5242H         LINE#         295
  C:5242H         LINE#         296
  C:524EH         LINE#         297
  C:524EH         LINE#         298
  C:5260H         LINE#         299
  C:5260H         LINE#         300
  C:5270H         LINE#         301
  C:5270H         LINE#         302
  C:5270H         LINE#         304
  C:5272H         LINE#         306
  C:5272H         LINE#         307
  C:5281H         LINE#         308
  C:5281H         LINE#         309
  C:5291H         LINE#         310
  C:5291H         LINE#         311
  C:5291H         LINE#         313
  C:5291H         LINE#         315
BL51 BANKED LINKER/LOCATER V6.22                                                      08/26/2019  13:44:03  PAGE 33


  C:5291H         LINE#         316
  C:5293H         LINE#         318
  C:5293H         LINE#         319
  C:529AH         LINE#         320
  C:529AH         LINE#         321
  C:52A9H         LINE#         322
  C:52A9H         LINE#         323
  C:52B9H         LINE#         324
  C:52B9H         LINE#         325
  C:52B9H         LINE#         326
  C:52BBH         LINE#         328
  C:52BBH         LINE#         329
  C:52CAH         LINE#         330
  C:52CAH         LINE#         331
  C:52DDH         LINE#         332
  C:52F0H         LINE#         333
  C:52F0H         LINE#         334
  C:52F0H         LINE#         335
  C:52F0H         LINE#         336
  C:52F9H         LINE#         338
  C:52F9H         LINE#         340
  C:5333H         LINE#         341
  C:5333H         LINE#         342
  C:533AH         LINE#         343
  C:533AH         LINE#         344
  C:5344H         LINE#         345
  C:5344H         LINE#         346
  C:5347H         LINE#         347
  C:534CH         LINE#         348
  C:5351H         LINE#         349
  C:5356H         LINE#         350
  C:535BH         LINE#         351
  C:5360H         LINE#         352
  C:5365H         LINE#         353
  C:536AH         LINE#         354
  C:536AH         LINE#         355
  C:536AH         LINE#         357
  C:5388H         LINE#         358
  C:5388H         LINE#         359
  C:538FH         LINE#         360
  C:538FH         LINE#         361
  C:5394H         LINE#         362
  C:539DH         LINE#         363
  C:53BCH         LINE#         364
  C:53BCH         LINE#         365
  C:53CCH         LINE#         367
  C:53CCH         LINE#         371
  -------         ENDPROC       KEY_PROCESS
  -------         PROC          KEYPAD_IO_INIT
  C:752DH         LINE#         374
  C:752DH         LINE#         375
  C:752DH         LINE#         376
  C:7530H         LINE#         377
  C:7533H         LINE#         378
  C:7536H         LINE#         379
  C:7538H         LINE#         380
  -------         ENDPROC       KEYPAD_IO_INIT
BL51 BANKED LINKER/LOCATER V6.22                                                      08/26/2019  13:44:03  PAGE 34


  -------         ENDMOD        KEYPAD

  -------         MODULE        BIPOLARMOTOR
  C:0000H         SYMBOL        _ICE_DUMMY_
  X:0000H         PUBLIC        UTC_time
  D:0080H         PUBLIC        P0
  D:0090H         PUBLIC        P1
  X:0004H         PUBLIC        RX_pos_test
  D:00A0H         PUBLIC        P2
  D:00B0H         PUBLIC        P3
  D:00C0H         PUBLIC        P4
  D:00C8H         PUBLIC        P5
  D:00E8H         PUBLIC        P6
  D:00F8H         PUBLIC        P7
  X:00A4H         PUBLIC        low_date_azimuth_mapping
  D:00A8H         PUBLIC        IE
  C:66BDH         PUBLIC        linear_interpolate
  X:00CCH         PUBLIC        declination
[...]


  C:5B1DH         LINE#         325
  C:5B1DH         LINE#         326
  C:5B1DH         LINE#         328
  C:5B20H         LINE#         330
  C:5B3AH         LINE#         331
  C:5B3AH         LINE#         332
  C:5B3AH         LINE#         334
  C:5B3DH         LINE#         336
  C:5B57H         LINE#         337
  C:5B57H         LINE#         338
  C:5B57H         LINE#         340
  C:5B5AH         LINE#         342
  C:5B74H         LINE#         343
  C:5B74H         LINE#         344
  C:5B74H         LINE#         346
  C:5B77H         LINE#         348
  C:5B91H         LINE#         349
  C:5B91H         LINE#         350
  C:5B91H         LINE#         352
  C:5B94H         LINE#         354
  C:5BAEH         LINE#         355
  C:5BAEH         LINE#         356
  C:5BAEH         LINE#         358
  C:5BB1H         LINE#         360
  C:5BCBH         LINE#         361
  C:5BCBH         LINE#         362
  C:5BCBH         LINE#         364
  C:5BCEH         LINE#         366
  C:5BE8H         LINE#         367
  C:5BE8H         LINE#         368
  C:5BE8H         LINE#         370
  C:5BEBH         LINE#         372
  C:5C05H         LINE#         373
  C:5C0CH         LINE#         374
  -------         ENDPROC       SPI_NOR_WRITE_DATA
  -------         ENDMOD        AT25SF041

  -------         MODULE        SI1120
  C:0000H         SYMBOL        _ICE_DUMMY_
  D:0080H         PUBLIC        P0
  D:00B2H         PUBLIC        P3M0
  D:0090H         PUBLIC        P1
  D:00B1H         PUBLIC        P3M1
  D:00A0H         PUBLIC        P2
  D:00B0H         PUBLIC        P3
  D:00C0H         PUBLIC        P4
  D:00C8H         PUBLIC        P5
  B:00A8H.7       PUBLIC        EA
  D:00E8H         PUBLIC        P6
  D:00F8H         PUBLIC        P7
  D:00A8H         PUBLIC        IE
  D:00B8H         PUBLIC        IP
  C:716DH         PUBLIC        SI1120_CONFIG_MODE_VIRH
  D:00D8H         PUBLIC        CCON
  D:0098H         PUBLIC        SCON
  D:0088H         PUBLIC        TCON
  C:7513H         PUBLIC        Enable_EXTINT0
BL51 BANKED LINKER/LOCATER V6.22                                                      08/26/2019  13:44:03  PAGE 56


  B:0090H.5       PUBLIC        SI1120_STX
  B:0088H.0       PUBLIC        IT0
  B:00A8H.0       PUBLIC        EX0
  B:0090H.4       PUBLIC        SI1120_MD
  B:0090H.6       PUBLIC        SI1120_SC
  D:00D0H         PUBLIC        PSW
  -------         PROC          SI1120_CONFIG_MODE_VIRH
  C:716DH         LINE#         4
  C:716DH         LINE#         5
  C:716DH         LINE#         6
  C:716FH         LINE#         7
  C:7171H         LINE#         8
  C:7173H         LINE#         10
  C:717AH         LINE#         11
  C:717CH         LINE#         13
  C:717EH         LINE#         14
  C:7180H         LINE#         16
  C:7187H         LINE#         18
  C:7189H         LINE#         20
  C:7190H         LINE#         23
  C:7192H         LINE#         25
  C:7194H         LINE#         27
  C:719BH         LINE#         29
  C:719DH         LINE#         31
  -------         ENDPROC       SI1120_CONFIG_MODE_VIRH
  -------         PROC          ENABLE_EXTINT0
  C:7513H         LINE#         33
  C:7513H         LINE#         34
  C:7513H         LINE#         35
  C:7516H         LINE#         36
  C:7519H         LINE#         37
  C:751BH         LINE#         38
  C:751DH         LINE#         39
  C:751FH         LINE#         40
  -------         ENDPROC       ENABLE_EXTINT0
  -------         ENDMOD        SI1120

  -------         MODULE        UART1
  C:0000H         SYMBOL        _ICE_DUMMY_
  D:0080H         PUBLIC        P0
  D:0090H         PUBLIC        P1
  D:00A0H         PUBLIC        P2
  D:00B0H         PUBLIC        P3
  D:00C0H         PUBLIC        P4
  D:00C8H         PUBLIC        P5
  C:7305H         PUBLIC        _uart1_SendToTCPServer
  B:00A8H.7       PUBLIC        EA
  D:00E8H         PUBLIC        P6
  D:00F8H         PUBLIC        P7
  C:713AH         PUBLIC        _SendString
  D:00A8H         PUBLIC        IE
  B:00A8H.4       PUBLIC        ES
  D:00B8H         PUBLIC        IP
  C:7412H         PUBLIC        _ASCIItoBCD
  D:00D8H         PUBLIC        CCON
  C:74C8H         PUBLIC        initUART1
  D:0098H         PUBLIC        SCON
BL51 BANKED LINKER/LOCATER V6.22                                                      08/26/2019  13:44:03  PAGE 57


  D:0088H         PUBLIC        TCON
  C:7581H         PUBLIC        _DectoBCD
  C:001EH         PUBLIC        _ASCII_Letter
  D:008EH         PUBLIC        AUXR
  C:0006H         PUBLIC        _unit
  C:757AH         PUBLIC        _ten
  D:00D6H         PUBLIC        T2H
  D:00D7H         PUBLIC        T2L
  C:756BH         PUBLIC        uart1_InitTCPConn
  D:00D0H         PUBLIC        PSW
  -------         PROC          INITUART1
  C:74C8H         LINE#         24
  C:74C8H         LINE#         25
  C:74C8H         LINE#         26
  C:74CBH         LINE#         27
  C:74CEH         LINE#         28
  C:74D1H         LINE#         29
  C:74D4H         LINE#         30
  C:74D6H         LINE#         31
  C:74D8H         LINE#         33
  -------         ENDPROC       INITUART1
  -------         PROC          _SENDSTRING
  X:04E9H         SYMBOL        s
  C:713AH         LINE#         36
  C:7145H         LINE#         37
  C:7145H         LINE#         38
  C:7155H         LINE#         39
  C:7155H         LINE#         40
  C:716AH         LINE#         41
  C:716CH         LINE#         42
  -------         ENDPROC       _SENDSTRING
  -------         PROC          _TEN
  D:0007H         SYMBOL        BCD
  C:757AH         LINE#         44
  C:757AH         LINE#         45
  C:757AH         LINE#         46
  C:757FH         LINE#         47
  -------         ENDPROC       _TEN
  -------         PROC          _UNIT
  D:0007H         SYMBOL        BCD
  C:0006H         LINE#         48
  C:0006H         LINE#         49
  C:0006H         LINE#         53
  C:000AH         LINE#         54
  -------         ENDPROC       _UNIT
  -------         PROC          _DECTOBCD
  D:0007H         SYMBOL        dec
  C:7581H         LINE#         55
  C:7581H         LINE#         56
  C:7581H         LINE#         58
  C:7581H         LINE#         59
  -------         ENDPROC       _DECTOBCD
  -------         PROC          _ASCII_LETTER
  D:0007H         SYMBOL        dat
  C:001EH         LINE#         61
  C:001EH         LINE#         62
  C:001EH         LINE#         64
BL51 BANKED LINKER/LOCATER V6.22                                                      08/26/2019  13:44:03  PAGE 58


  C:0022H         LINE#         65
  -------         ENDPROC       _ASCII_LETTER
  -------         PROC          _ASCIITOBCD
  D:0001H         SYMBOL        ascii
  -------         DO            
  D:0007H         SYMBOL        dec_val
  D:0006H         SYMBOL        ten
  D:0007H         SYMBOL        unit
  -------         ENDDO         
  C:7412H         LINE#         67
  C:7412H         LINE#         68
  C:7412H         LINE#         70
  C:7415H         LINE#         71
  C:741BH         LINE#         72
  C:7422H         LINE#         73
  C:7428H         LINE#         75
  -------         ENDPROC       _ASCIITOBCD
  -------         PROC          UART1_INITTCPCONN
  C:756BH         LINE#         77
  C:756BH         LINE#         78
  C:756BH         LINE#         82
  -------         ENDPROC       UART1_INITTCPCONN
  -------         PROC          _UART1_SENDTOTCPSERVER
  X:03F8H         SYMBOL        str
  C:7305H         LINE#         85
  C:7310H         LINE#         86
  C:7310H         LINE#         87
  C:7319H         LINE#         88
  C:7320H         LINE#         89
  -------         ENDPROC       _UART1_SENDTOTCPSERVER
  -------         ENDMOD        UART1

  -------         MODULE        ?C_STARTUP
  C:6BE5H         SEGMENT       ?C_C51STARTUP
  I:0022H         SEGMENT       ?STACK
  C:0000H         PUBLIC        ?C_STARTUP
  D:00E0H         SYMBOL        ACC
  D:00F0H         SYMBOL        B
  D:0083H         SYMBOL        DPH
  D:0082H         SYMBOL        DPL
  N:0000H         SYMBOL        IBPSTACK
  N:0100H         SYMBOL        IBPSTACKTOP
  N:0080H         SYMBOL        IDATALEN
  C:6BE8H         SYMBOL        IDATALOOP
  N:0000H         SYMBOL        PBPSTACK
  N:0100H         SYMBOL        PBPSTACKTOP
  N:0000H         SYMBOL        PDATALEN
  N:0000H         SYMBOL        PDATASTART
  N:0000H         SYMBOL        PPAGE
  N:0000H         SYMBOL        PPAGEENABLE
  D:00A0H         SYMBOL        PPAGE_SFR
  D:0081H         SYMBOL        SP
  C:6BE5H         SYMBOL        STARTUP1
  N:0000H         SYMBOL        XBPSTACK
  N:0000H         SYMBOL        XBPSTACKTOP
  N:0000H         SYMBOL        XDATALEN
  N:0000H         SYMBOL        XDATASTART
BL51 BANKED LINKER/LOCATER V6.22                                                      08/26/2019  13:44:03  PAGE 59


  C:0000H         LINE#         126
  C:6BE5H         LINE#         133
  C:6BE7H         LINE#         134
  C:6BE8H         LINE#         135
  C:6BE9H         LINE#         136
  C:6BEBH         LINE#         185
  C:6BEEH         LINE#         196
  -------         ENDMOD        ?C_STARTUP

  -------         MODULE        ?C?FPADD
  C:2221H         PUBLIC        ?C?FPADD
  C:221DH         PUBLIC        ?C?FPSUB
  -------         ENDMOD        ?C?FPADD

  -------         MODULE        ?C?FPMUL
  C:2312H         PUBLIC        ?C?FPMUL
  -------         ENDMOD        ?C?FPMUL

  -------         MODULE        ?C?FPDIV
  C:241BH         PUBLIC        ?C?FPDIV
  -------         ENDMOD        ?C?FPDIV

  -------         MODULE        ?C?FPCMP
  C:24BAH         PUBLIC        ?C?FPCMP
  C:24B8H         PUBLIC        ?C?FPCMP3
  -------         ENDMOD        ?C?FPCMP

  -------         MODULE        ?C?FPNEG
  C:2531H         PUBLIC        ?C?FPNEG
  -------         ENDMOD        ?C?FPNEG

  -------         MODULE        ?C?FCAST
  C:254CH         PUBLIC        ?C?FCASTC
  C:2547H         PUBLIC        ?C?FCASTI
  C:2542H         PUBLIC        ?C?FCASTL
  -------         ENDMOD        ?C?FCAST

  -------         MODULE        ?C?CASTF
  C:2580H         PUBLIC        ?C?CASTF
  -------         ENDMOD        ?C?CASTF

  -------         MODULE        PRINTF
  X:04E9H         PUBLIC        ?_PRINTF?BYTE
  X:04E9H         PUBLIC        ?_SPRINTF?BYTE
  C:480FH         PUBLIC        _PRINTF
  C:4809H         PUBLIC        _SPRINTF
  -------         ENDMOD        PRINTF

  -------         MODULE        FABS
  C:7520H         PUBLIC        _FABS
  -------         ENDMOD        FABS

  -------         MODULE        ATAN2
  X:049FH         PUBLIC        ?_atan2?BYTE
  C:6A12H         PUBLIC        _atan2
  -------         ENDMOD        ATAN2

BL51 BANKED LINKER/LOCATER V6.22                                                      08/26/2019  13:44:03  PAGE 60


  -------         MODULE        SIN
  C:5C72H         PUBLIC        _COS
  C:5C88H         PUBLIC        _SIN
  C:5CC4H         PUBLIC        _TAN
  -------         ENDMOD        SIN

  -------         MODULE        ACOS
  C:6FF1H         PUBLIC        _ACOS
  -------         ENDMOD        ACOS

  -------         MODULE        ASIN
  C:70FFH         PUBLIC        _ASIN
  -------         ENDMOD        ASIN

  -------         MODULE        POW
  X:03BCH         PUBLIC        ?_pow?BYTE
  C:5DB2H         PUBLIC        _pow
  -------         ENDMOD        POW

  -------         MODULE        ?C?CHKFLOAT
  C:2601H         PUBLIC        ?C?CHKFLOAT
  -------         ENDMOD        ?C?CHKFLOAT

  -------         MODULE        ?C?FPROUND
  C:261BH         PUBLIC        ?C?FPROUND
  -------         ENDMOD        ?C?FPROUND

  -------         MODULE        ?C?FPCONVERT
  C:2658H         PUBLIC        ?C?FPCONVERT
  -------         ENDMOD        ?C?FPCONVERT

  -------         MODULE        EXP
  C:6B83H         PUBLIC        _EXP
  -------         ENDMOD        EXP

  -------         MODULE        LOG
  C:60A1H         PUBLIC        _LOG
  C:609DH         PUBLIC        _LOG10
  -------         ENDMOD        LOG

  -------         MODULE        SQRT
  C:68C9H         PUBLIC        _SQRT
  -------         ENDMOD        SQRT

  -------         MODULE        ATAN
  C:61B6H         PUBLIC        _ATAN
  -------         ENDMOD        ATAN

  -------         MODULE        ?C?FTNPWR
  C:27DAH         PUBLIC        ?C?FTNPWR
  -------         ENDMOD        ?C?FTNPWR

  -------         MODULE        ?C?COPY
  C:28EAH         PUBLIC        ?C?COPY
  -------         ENDMOD        ?C?COPY

  -------         MODULE        ?C?CLDPTR
BL51 BANKED LINKER/LOCATER V6.22                                                      08/26/2019  13:44:03  PAGE 61


  C:2910H         PUBLIC        ?C?CLDPTR
  -------         ENDMOD        ?C?CLDPTR

  -------         MODULE        ?C?CLDOPTR
  C:2929H         PUBLIC        ?C?CLDOPTR
  -------         ENDMOD        ?C?CLDOPTR

  -------         MODULE        ?C?CSTPTR
  C:2956H         PUBLIC        ?C?CSTPTR
  -------         ENDMOD        ?C?CSTPTR

  -------         MODULE        ?C?IMUL
  C:2968H         PUBLIC        ?C?IMUL
  -------         ENDMOD        ?C?IMUL

  -------         MODULE        ?C?UIDIV
  C:297AH         PUBLIC        ?C?UIDIV
  -------         ENDMOD        ?C?UIDIV

  -------         MODULE        ?C?SIDIV
  C:29CFH         PUBLIC        ?C?SIDIV
  -------         ENDMOD        ?C?SIDIV

  -------         MODULE        ?C?ILDIX
  C:2A05H         PUBLIC        ?C?ILDIX
  -------         ENDMOD        ?C?ILDIX

  -------         MODULE        ?C?ILDOPTR
  C:2A1BH         PUBLIC        ?C?ILDOPTR
  -------         ENDMOD        ?C?ILDOPTR

  -------         MODULE        ?C?ISTPTR
  C:2A53H         PUBLIC        ?C?ISTPTR
  -------         ENDMOD        ?C?ISTPTR

  -------         MODULE        ?C?LMUL
  C:2A72H         PUBLIC        ?C?LMUL
  -------         ENDMOD        ?C?LMUL

  -------         MODULE        ?C?SLDIV
  C:703BH         PUBLIC        ?C?SLDIV
  -------         ENDMOD        ?C?SLDIV

  -------         MODULE        ?C?LNEG
  C:2AC1H         PUBLIC        ?C?LNEG
  -------         ENDMOD        ?C?LNEG

  -------         MODULE        ?C?ULCMP
  C:2ACFH         PUBLIC        ?C?ULCMP
  -------         ENDMOD        ?C?ULCMP

  -------         MODULE        ?C?LSHL
  C:2AE0H         PUBLIC        ?C?LSHL
  -------         ENDMOD        ?C?LSHL

  -------         MODULE        ?C?LLDPTR
  C:2AF3H         PUBLIC        ?C?LLDPTR
BL51 BANKED LINKER/LOCATER V6.22                                                      08/26/2019  13:44:03  PAGE 62


  -------         ENDMOD        ?C?LLDPTR

  -------         MODULE        ?C?LLDOPTR
  C:2B13H         PUBLIC        ?C?LLDOPTR
  -------         ENDMOD        ?C?LLDOPTR

  -------         MODULE        ?C?LSTPTR
  C:2B43H         PUBLIC        ?C?LSTPTR
  -------         ENDMOD        ?C?LSTPTR

  -------         MODULE        ?C?LSTOPTR
  C:2B5DH         PUBLIC        ?C?LSTOPTR
  -------         ENDMOD        ?C?LSTOPTR

  -------         MODULE        ?C?LLDXDATA
  C:2B81H         PUBLIC        ?C?LLDXDATA
  -------         ENDMOD        ?C?LLDXDATA

  -------         MODULE        ?C?LLDCODE
  C:2B8DH         PUBLIC        ?C?LLDCODE
  -------         ENDMOD        ?C?LLDCODE

  -------         MODULE        ?C?LLDXDATA0
  C:2B9DH         PUBLIC        ?C?LLDXDATA0
  -------         ENDMOD        ?C?LLDXDATA0

  -------         MODULE        ?C?LLDCODE0
  C:2BA9H         PUBLIC        ?C?LLDCODE0
  -------         ENDMOD        ?C?LLDCODE0

  -------         MODULE        ?C?LLDPTR0
  C:2BB9H         PUBLIC        ?C?LLDPTR0
  -------         ENDMOD        ?C?LLDPTR0

  -------         MODULE        ?C?LSTXDATA
  C:2BD9H         PUBLIC        ?C?LSTXDATA
  -------         ENDMOD        ?C?LSTXDATA

  -------         MODULE        ?C?LSTKXDATA
  C:2BE5H         PUBLIC        ?C?LSTKXDATA
  -------         ENDMOD        ?C?LSTKXDATA

  -------         MODULE        ?C?LSTKPTR
  C:2C16H         PUBLIC        ?C?LSTKPTR
  -------         ENDMOD        ?C?LSTKPTR

  -------         MODULE        ?C?OFFXADD
  C:2C30H         PUBLIC        ?C?OFFXADD
  -------         ENDMOD        ?C?OFFXADD

  -------         MODULE        ?C?PLDIXDATA
  C:2C3CH         PUBLIC        ?C?PLDIXDATA
  -------         ENDMOD        ?C?PLDIXDATA

  -------         MODULE        ?C?PSTXDATA
  C:2C53H         PUBLIC        ?C?PSTXDATA
  -------         ENDMOD        ?C?PSTXDATA
BL51 BANKED LINKER/LOCATER V6.22                                                      08/26/2019  13:44:03  PAGE 63



  -------         MODULE        ?C?CCASE
  C:2C5CH         PUBLIC        ?C?CCASE
  -------         ENDMOD        ?C?CCASE

  -------         MODULE        PUTCHAR
  C:7295H         PUBLIC        _PUTCHAR
  -------         ENDMOD        PUTCHAR

  -------         MODULE        ABS
  C:7539H         PUBLIC        _ABS
  -------         ENDMOD        ABS

  -------         MODULE        ATOI
  C:65BFH         PUBLIC        _atoi
  -------         ENDMOD        ATOI

  -------         MODULE        ?C?IILDX
  C:2C82H         PUBLIC        ?C?IILDX
  -------         ENDMOD        ?C?IILDX

  -------         MODULE        ?C?ULDIV
  C:2CD4H         PUBLIC        ?C?ULDIV
  -------         ENDMOD        ?C?ULDIV

  -------         MODULE        ?C?LLDIDATA
  C:2D66H         PUBLIC        ?C?LLDIDATA
  -------         ENDMOD        ?C?LLDIDATA

  -------         MODULE        ?C?LLDPDATA
  C:2D72H         PUBLIC        ?C?LLDPDATA
  -------         ENDMOD        ?C?LLDPDATA

  -------         MODULE        ?C?LLDIDATA0
  C:2D7EH         PUBLIC        ?C?LLDIDATA0
  -------         ENDMOD        ?C?LLDIDATA0

  -------         MODULE        ?C?LLDPDATA0
  C:2D8BH         PUBLIC        ?C?LLDPDATA0
  -------         ENDMOD        ?C?LLDPDATA0

  -------         MODULE        ?C?LSTIDATA
  C:2D98H         PUBLIC        ?C?LSTIDATA
  -------         ENDMOD        ?C?LSTIDATA

  -------         MODULE        ?C?LSTPDATA
  C:2DA4H         PUBLIC        ?C?LSTPDATA
  -------         ENDMOD        ?C?LSTPDATA

  -------         MODULE        ?C?LSTKIDATA
  C:2DB0H         PUBLIC        ?C?LSTKIDATA
  -------         ENDMOD        ?C?LSTKIDATA

  -------         MODULE        ?C?LSTKPDATA
  C:2DC9H         PUBLIC        ?C?LSTKPDATA
  -------         ENDMOD        ?C?LSTKPDATA

BL51 BANKED LINKER/LOCATER V6.22                                                      08/26/2019  13:44:03  PAGE 64


  -------         MODULE        ISDIGIT
  C:74F7H         PUBLIC        _isdigit
  -------         ENDMOD        ISDIGIT

  -------         MODULE        ISSPACE
  C:7492H         PUBLIC        _isspace
  -------         ENDMOD        ISSPACE

*** WARNING L16: UNCALLED SEGMENT, IGNORED FOR OVERLAY PROCESS
    SEGMENT: ?PR?_DAY_OF_YEAR?PCF85063BTL

*** WARNING L16: UNCALLED SEGMENT, IGNORED FOR OVERLAY PROCESS
    SEGMENT: ?PR?NOP?IOEXPANDER_PI4IOE5V96248

*** WARNING L16: UNCALLED SEGMENT, IGNORED FOR OVERLAY PROCESS
    SEGMENT: ?PR?UC_ACK?IOEXPANDER_PI4IOE5V96248

*** WARNING L16: UNCALLED SEGMENT, IGNORED FOR OVERLAY PROCESS
    SEGMENT: ?PR?UC_NACK?IOEXPANDER_PI4IOE5V96248

*** WARNING L16: UNCALLED SEGMENT, IGNORED FOR OVERLAY PROCESS
    SEGMENT: ?PR?_TEN?UART1

*** WARNING L16: UNCALLED SEGMENT, IGNORED FOR OVERLAY PROCESS
    SEGMENT: ?PR?_UNIT?UART1

*** WARNING L16: UNCALLED SEGMENT, IGNORED FOR OVERLAY PROCESS
    SEGMENT: ?PR?_DECTOBCD?UART1

*** WARNING L16: UNCALLED SEGMENT, IGNORED FOR OVERLAY PROCESS
    SEGMENT: ?PR?_ASCII_LETTER?UART1

*** WARNING L16: UNCALLED SEGMENT, IGNORED FOR OVERLAY PROCESS
    SEGMENT: ?PR?_ASCIITOBCD?UART1

Program Size: data=15.4 xdata=1622 code=30082
LINK/LOCATE RUN COMPLETE.  9 WARNING(S),  0 ERROR(S)
