BL51 BANKED LINKER/LOCATER V6.22                                                        01/29/2019  13:24:19  PAGE 1


BL51 BANKED LINKER/LOCATER V6.22, INVOKED BY:
C:\KEIL_V5\C51\BIN\BL51.EXE .\Obj\main.obj, .\Obj\PCF85063BTL.obj, .\Obj\UART1.obj, .\Obj\LCd_Driver_SPLC780D.obj, .\Obj
>> \KeyPad.obj, .\Obj\BipolarMotor.obj, .\Obj\SunPos.obj, .\Obj\ADC.obj, .\Obj\Calibration.obj, .\Obj\IOExpander_PI4IOE5
>> V96248.obj, .\Obj\STARTUP.obj TO .\Obj\GPIO_RTC_Test PRINT (.\Lis\GPIO_RTC_Test.m51) RAMSIZE (256)


MEMORY MODEL: LARGE WITH FLOATING POINT ARITHMETIC


INPUT MODULES INCLUDED:
  .\Obj\main.obj (MAIN)
  .\Obj\PCF85063BTL.obj (PCF85063BTL)
  .\Obj\UART1.obj (UART1)
  .\Obj\LCd_Driver_SPLC780D.obj (LCD_DRIVER_SPLC780D)
  .\Obj\KeyPad.obj (KEYPAD)
  .\Obj\BipolarMotor.obj (BIPOLARMOTOR)
  .\Obj\SunPos.obj (SUNPOS)
  .\Obj\ADC.obj (ADC)
  .\Obj\Calibration.obj (CALIBRATION)
  .\Obj\IOExpander_PI4IOE5V96248.obj (IOEXPANDER_PI4IOE5V96248)
  .\Obj\STARTUP.obj (?C_STARTUP)
  C:\KEIL_V5\C51\LIB\C51FPL.LIB (?C?FPADD)
  C:\KEIL_V5\C51\LIB\C51FPL.LIB (?C?FPMUL)
  C:\KEIL_V5\C51\LIB\C51FPL.LIB (?C?FPDIV)
  C:\KEIL_V5\C51\LIB\C51FPL.LIB (?C?FPCMP)
  C:\KEIL_V5\C51\LIB\C51FPL.LIB (?C?FPNEG)
  C:\KEIL_V5\C51\LIB\C51FPL.LIB (?C?FCAST)
  C:\KEIL_V5\C51\LIB\C51FPL.LIB (?C?CASTF)
  C:\KEIL_V5\C51\LIB\C51FPL.LIB (ATAN2)
  C:\KEIL_V5\C51\LIB\C51FPL.LIB (SIN)
  C:\KEIL_V5\C51\LIB\C51FPL.LIB (ACOS)
  C:\KEIL_V5\C51\LIB\C51FPL.LIB (ASIN)
  C:\KEIL_V5\C51\LIB\C51FPL.LIB (?C?FPGETOPN)
  C:\KEIL_V5\C51\LIB\C51FPL.LIB (?C?FPSERIES)
  C:\KEIL_V5\C51\LIB\C51FPL.LIB (SQRT)
  C:\KEIL_V5\C51\LIB\C51FPL.LIB (ATAN)
  C:\KEIL_V5\C51\LIB\C51L.LIB (?C_INIT)
  C:\KEIL_V5\C51\LIB\C51L.LIB (?C?COPY)
  C:\KEIL_V5\C51\LIB\C51L.LIB (?C?CLDPTR)
  C:\KEIL_V5\C51\LIB\C51L.LIB (?C?CLDOPTR)
  C:\KEIL_V5\C51\LIB\C51L.LIB (?C?CSTPTR)
  C:\KEIL_V5\C51\LIB\C51L.LIB (?C?IMUL)
  C:\KEIL_V5\C51\LIB\C51L.LIB (?C?UIDIV)
  C:\KEIL_V5\C51\LIB\C51L.LIB (?C?SIDIV)
  C:\KEIL_V5\C51\LIB\C51L.LIB (?C?ILDIX)
  C:\KEIL_V5\C51\LIB\C51L.LIB (?C?ILDOPTR)
  C:\KEIL_V5\C51\LIB\C51L.LIB (?C?LMUL)
  C:\KEIL_V5\C51\LIB\C51L.LIB (?C?SLDIV)
  C:\KEIL_V5\C51\LIB\C51L.LIB (?C?LNEG)
  C:\KEIL_V5\C51\LIB\C51L.LIB (?C?LLDPTR)
  C:\KEIL_V5\C51\LIB\C51L.LIB (?C?LLDOPTR)
  C:\KEIL_V5\C51\LIB\C51L.LIB (?C?LSTPTR)
  C:\KEIL_V5\C51\LIB\C51L.LIB (?C?LSTOPTR)
  C:\KEIL_V5\C51\LIB\C51L.LIB (?C?LLDXDATA)
  C:\KEIL_V5\C51\LIB\C51L.LIB (?C?LLDCODE)
  C:\KEIL_V5\C51\LIB\C51L.LIB (?C?LLDXDATA0)
  C:\KEIL_V5\C51\LIB\C51L.LIB (?C?LLDCODE0)
  C:\KEIL_V5\C51\LIB\C51L.LIB (?C?LLDPTR0)
BL51 BANKED LINKER/LOCATER V6.22                                                      01/29/2019  13:24:19  PAGE 2


  C:\KEIL_V5\C51\LIB\C51L.LIB (?C?LSTXDATA)
  C:\KEIL_V5\C51\LIB\C51L.LIB (?C?LSTKXDATA)
  C:\KEIL_V5\C51\LIB\C51L.LIB (?C?OFFXADD)
  C:\KEIL_V5\C51\LIB\C51L.LIB (ABS)
  C:\KEIL_V5\C51\LIB\C51L.LIB (ATOI)
  C:\KEIL_V5\C51\LIB\C51L.LIB (?C?IILDX)
  C:\KEIL_V5\C51\LIB\C51L.LIB (?C?ULDIV)
  C:\KEIL_V5\C51\LIB\C51L.LIB (?C?LLDIDATA)
  C:\KEIL_V5\C51\LIB\C51L.LIB (?C?LLDPDATA)
  C:\KEIL_V5\C51\LIB\C51L.LIB (?C?LLDIDATA0)
  C:\KEIL_V5\C51\LIB\C51L.LIB (?C?LLDPDATA0)
  C:\KEIL_V5\C51\LIB\C51L.LIB (?C?LSTIDATA)
  C:\KEIL_V5\C51\LIB\C51L.LIB (?C?LSTPDATA)
  C:\KEIL_V5\C51\LIB\C51L.LIB (ISDIGIT)
  C:\KEIL_V5\C51\LIB\C51L.LIB (ISSPACE)


LINK MAP OF MODULE:  .\Obj\GPIO_RTC_Test (MAIN)


            TYPE    BASE      LENGTH    RELOCATION   SEGMENT NAME
            -----------------------------------------------------

            * * * * * * *   D A T A   M E M O R Y   * * * * * * *
            REG     0000H     0008H     ABSOLUTE     "REG BANK 0"
                    0008H     0018H                  *** GAP ***
            BIT     0020H.0   0000H.5   UNIT         ?BI?KEYPAD
            BIT     0020H.5   0000H.3   UNIT         _BIT_GROUP_
            BIT     0021H.0   0000H.1   UNIT         ?BI?MAIN
            BIT     0021H.1   0000H.1   UNIT         ?BI?_ATOI?ATOI
                    0021H.2   0000H.6                *** GAP ***
            IDATA   0022H     0001H     UNIT         ?STACK

            * * * * * * *  X D A T A   M E M O R Y  * * * * * * *
            XDATA   0000H     023FH     UNIT         ?XD?BIPOLARMOTOR
            XDATA   023FH     0121H     UNIT         _XDATA_GROUP_
            XDATA   0360H     00D4H     UNIT         ?XD?MAIN
            XDATA   0434H     0040H     UNIT         ?XD?_FINDDET4X4?BIPOLARMOTOR
            XDATA   0474H     0024H     UNIT         ?XD?_FINDDET3X3?BIPOLARMOTOR
            XDATA   0498H     0009H     UNIT         ?XD?KEYPAD
            XDATA   04A1H     0005H     UNIT         ?XD?_ATOI?ATOI
            XDATA   04A6H     0004H     UNIT         ?XD?_DISPLAY_PROX?MAIN
            XDATA   04AAH     0003H     UNIT         ?XD?_SENDSTRING?UART1
            XDATA   04ADH     0001H     UNIT         ?XD?UC_ACK?IOEXPANDER_PI4IOE5V96248
            XDATA   04AEH     0001H     UNIT         ?XD?UC_NACK?IOEXPANDER_PI4IOE5V96248

            * * * * * * *   C O D E   M E M O R Y   * * * * * * *
            CODE    0000H     0003H     ABSOLUTE     
            CODE    0003H     0006H     UNIT         ?PR?_TEN?UART1
            CODE    0009H     0001H     UNIT         ?PR?TM0_ISR?MAIN
            CODE    000AH     0001H     UNIT         ?PR?_DECTOBCD?UART1
            CODE    000BH     0003H     ABSOLUTE     
            CODE    000EH     0A48H     UNIT         ?PR?_UPDATE_POSITION?BIPOLARMOTOR
            CODE    0A56H     0927H     UNIT         ?C?LIB_CODE
            CODE    137DH     0849H     UNIT         ?PR?MAIN?MAIN
            CODE    1BC6H     07A2H     UNIT         ?PR?SUNPOS?SUNPOS
            CODE    2368H     02C0H     UNIT         ?PR?_FINDDET4X4?BIPOLARMOTOR
BL51 BANKED LINKER/LOCATER V6.22                                                      01/29/2019  13:24:19  PAGE 3


            CODE    2628H     02A0H     UNIT         ?PR?KEY_PROCESS?KEYPAD
            CODE    28C8H     029EH     UNIT         ?C_INITSEG
            CODE    2B66H     01D1H     UNIT         ?PR?_FINDDET3X3?BIPOLARMOTOR
            CODE    2D37H     01B5H     UNIT         ?PR?_DISPLAY_POS?MAIN
            CODE    2EECH     018DH     UNIT         ?PR?KEY_SCAN?KEYPAD
            CODE    3079H     0188H     UNIT         ?PR?SIN?SIN
            CODE    3201H     013EH     UNIT         ?PR?_FIND_REAL_MAX?CALIBRATION
            CODE    333FH     0122H     UNIT         ?PR?ATAN?ATAN
            CODE    3461H     00E4H     UNIT         ?PR?_CALIBRATION?CALIBRATION
            CODE    3545H     00DBH     UNIT         ?PR?_ATOI?ATOI
            CODE    3620H     00C3H     UNIT         ?PR?LINEAR_INTERPOLATE?BIPOLARMOTOR
            CODE    36E3H     00BBH     UNIT         ?PR?VOLTAGE_IS_STABLE?CALIBRATION
            CODE    379EH     00ADH     UNIT         ?PR?_WRITE_PI4IOE5V96248?IOEXPANDER_PI4IOE5V96248
            CODE    384BH     00ACH     UNIT         ?PR?SQRT?SQRT
            CODE    38F7H     009DH     UNIT         ?PR?_ATAN2?ATAN2
            CODE    3994H     0096H     UNIT         ?PR?_MAX_VALUE?CALIBRATION
            CODE    3A2AH     0095H     UNIT         ?PR?_DISPLAY_PROX?MAIN
            CODE    3ABFH     008CH     UNIT         ?C_C51STARTUP
            CODE    3B4BH     0084H     UNIT         ?PR?_DAY_OF_YEAR?PCF85063BTL
            CODE    3BCFH     0075H     UNIT         ?PR?_WRITEDATA?LCD_DRIVER_SPLC780D
            CODE    3C44H     006FH     UNIT         ?PR?_READ_TIME?PCF85063BTL
            CODE    3CB3H     0059H     UNIT         ?PR?LCD_INIT?LCD_DRIVER_SPLC780D
            CODE    3D0CH     004AH     UNIT         ?PR?VONESTEPMOVE?BIPOLARMOTOR
            CODE    3D56H     004AH     UNIT         ?PR?ACOS?ACOS
            CODE    3DA0H     0044H     UNIT         ?C?LDIV
            CODE    3DE4H     0040H     UNIT         ?PR?_COMMAND?LCD_DRIVER_SPLC780D
            CODE    3E24H     0040H     UNIT         ?PR?_STEP_MOVE?BIPOLARMOTOR
            CODE    3E64H     003BH     UNIT         ?PR?ASIN?ASIN
            CODE    3E9FH     0033H     UNIT         ?PR?_SENDSTRING?UART1
            CODE    3ED2H     002BH     UNIT         ?PR?_WAIT_MS_I2C?IOEXPANDER_PI4IOE5V96248
            CODE    3EFDH     0028H     UNIT         ?PR?_MOVE?BIPOLARMOTOR
            CODE    3F25H     0027H     UNIT         ?PR?_I2C_SENDBYTE?IOEXPANDER_PI4IOE5V96248
            CODE    3F4CH     0026H     UNIT         ?PR?_ADC_GETRESULT?ADC
            CODE    3F72H     0024H     UNIT         ?PR?_WAIT_MS?LCD_DRIVER_SPLC780D
            CODE    3F96H     0020H     UNIT         ?PR?_SPI_SENDBYTE?PCF85063BTL
            CODE    3FB6H     0020H     UNIT         ?PR?SPI_RECEIVEBYTE?PCF85063BTL
            CODE    3FD6H     001EH     UNIT         ?PR?_DELAY_MS?KEYPAD
            CODE    3FF4H     001DH     UNIT         ?PR?_DISPLAYLCD?LCD_DRIVER_SPLC780D
            CODE    4011H     001DH     UNIT         ?PR?ADC_INIT?ADC
            CODE    402EH     001BH     UNIT         ?PR?_BCDTODEC1?BIPOLARMOTOR
            CODE    4049H     0018H     UNIT         ?PR?_SPI_WRITETIME?PCF85063BTL
            CODE    4061H     0017H     UNIT         ?PR?_ASCIITOBCD?UART1
            CODE    4078H     0016H     UNIT         ?PR?I2C_ACK?IOEXPANDER_PI4IOE5V96248
            CODE    408EH     0015H     UNIT         ?PR?_DISPLAY_LINE?LCD_DRIVER_SPLC780D
            CODE    40A3H     0015H     UNIT         ?PR?I2C_STOP?IOEXPANDER_PI4IOE5V96248
            CODE    40B8H     0014H     UNIT         ?PR?_PCF85063BTL_DELAY?PCF85063BTL
            CODE    40CCH     0014H     UNIT         ?PR?_ISSPACE?ISSPACE
            CODE    40E0H     0011H     UNIT         ?PR?_SPI_READTIME?PCF85063BTL
            CODE    40F1H     0011H     UNIT         ?PR?_BCDTODEC?PCF85063BTL
            CODE    4102H     0011H     UNIT         ?PR?INITUART1?UART1
            CODE    4113H     000FH     UNIT         ?PR?I2C_START?IOEXPANDER_PI4IOE5V96248
            CODE    4122H     000FH     UNIT         ?PR?UC_NACK?IOEXPANDER_PI4IOE5V96248
            CODE    4131H     000FH     UNIT         ?PR?_ISDIGIT?ISDIGIT
            CODE    4140H     000DH     UNIT         ?PR?SPI_INIT?PCF85063BTL
            CODE    414DH     000CH     UNIT         ?PR?KEYPAD_IO_INIT?KEYPAD
            CODE    4159H     000CH     UNIT         ?PR?_ABS?ABS
            CODE    4165H     000AH     UNIT         ?PR?LCD_RETURN_HOME?LCD_DRIVER_SPLC780D
BL51 BANKED LINKER/LOCATER V6.22                                                      01/29/2019  13:24:19  PAGE 4


            CODE    416FH     000AH     UNIT         ?PR?LCD_CLEAR?LCD_DRIVER_SPLC780D
            CODE    4179H     0006H     UNIT         ?PR?UC_ACK?IOEXPANDER_PI4IOE5V96248
            CODE    417FH     0005H     UNIT         ?PR?_UNIT?UART1
            CODE    4184H     0005H     UNIT         ?PR?_ASCII_LETTER?UART1
            CODE    4189H     0001H     UNIT         ?PR?WAIT?BIPOLARMOTOR
            CODE    418AH     0001H     UNIT         ?PR?NOP?IOEXPANDER_PI4IOE5V96248



OVERLAY MAP OF MODULE:   .\Obj\GPIO_RTC_Test (MAIN)


SEGMENT                                             BIT_GROUP          XDATA_GROUP
  +--> CALLED SEGMENT                            START    LENGTH     START    LENGTH
------------------------------------------------------------------------------------
?C_C51STARTUP                                    -----    -----      -----    -----
  +--> ?PR?MAIN?MAIN
  +--> ?C_INITSEG

?PR?MAIN?MAIN                                    -----    -----      023FH    0019H
  +--> ?PR?LCD_INIT?LCD_DRIVER_SPLC780D
  +--> ?PR?SPI_INIT?PCF85063BTL
  +--> ?PR?KEYPAD_IO_INIT?KEYPAD
  +--> ?PR?ADC_INIT?ADC
  +--> ?PR?_SPI_WRITETIME?PCF85063BTL
  +--> ?PR?_DELAY_MS?KEYPAD
  +--> ?PR?_DISPLAY_LINE?LCD_DRIVER_SPLC780D
  +--> ?PR?_WRITEDATA?LCD_DRIVER_SPLC780D
  +--> ?PR?KEY_PROCESS?KEYPAD
  +--> ?PR?_COMMAND?LCD_DRIVER_SPLC780D
  +--> ?PR?_DISPLAY_POS?MAIN
  +--> ?PR?_DISPLAYLCD?LCD_DRIVER_SPLC780D
  +--> ?PR?_STEP_MOVE?BIPOLARMOTOR
  +--> ?PR?LCD_RETURN_HOME?LCD_DRIVER_SPLC780D
  +--> ?PR?_READ_TIME?PCF85063BTL
  +--> ?PR?_BCDTODEC1?BIPOLARMOTOR
  +--> ?PR?_CALIBRATION?CALIBRATION
  +--> ?PR?LINEAR_INTERPOLATE?BIPOLARMOTOR
  +--> ?PR?_UPDATE_POSITION?BIPOLARMOTOR

?PR?LCD_INIT?LCD_DRIVER_SPLC780D                 -----    -----      -----    -----
  +--> ?PR?_WAIT_MS?LCD_DRIVER_SPLC780D
  +--> ?PR?_COMMAND?LCD_DRIVER_SPLC780D

?PR?_COMMAND?LCD_DRIVER_SPLC780D                 -----    -----      -----    -----
  +--> ?PR?_WAIT_MS?LCD_DRIVER_SPLC780D

?PR?ADC_INIT?ADC                                 -----    -----      -----    -----
  +--> ?PR?_WAIT_MS?LCD_DRIVER_SPLC780D

?PR?_SPI_WRITETIME?PCF85063BTL                   -----    -----      -----    -----
  +--> ?PR?_SPI_SENDBYTE?PCF85063BTL

?PR?_SPI_SENDBYTE?PCF85063BTL                    -----    -----      -----    -----
  +--> ?PR?_PCF85063BTL_DELAY?PCF85063BTL

?PR?_DISPLAY_LINE?LCD_DRIVER_SPLC780D            -----    -----      -----    -----
BL51 BANKED LINKER/LOCATER V6.22                                                      01/29/2019  13:24:19  PAGE 5


  +--> ?PR?_COMMAND?LCD_DRIVER_SPLC780D

?PR?_WRITEDATA?LCD_DRIVER_SPLC780D               -----    -----      0262H    0001H
  +--> ?PR?_WAIT_MS?LCD_DRIVER_SPLC780D

?PR?KEY_PROCESS?KEYPAD                           -----    -----      0258H    0006H
  +--> ?PR?KEY_SCAN?KEYPAD
  +--> ?PR?_SPI_WRITETIME?PCF85063BTL
  +--> ?PR?LCD_CLEAR?LCD_DRIVER_SPLC780D
  +--> ?PR?_COMMAND?LCD_DRIVER_SPLC780D
  +--> ?PR?_WRITEDATA?LCD_DRIVER_SPLC780D

?PR?KEY_SCAN?KEYPAD                              -----    -----      025EH    0003H

?PR?LCD_CLEAR?LCD_DRIVER_SPLC780D                -----    -----      -----    -----
  +--> ?PR?_COMMAND?LCD_DRIVER_SPLC780D

?PR?_DISPLAY_POS?MAIN                            -----    -----      0258H    000AH
  +--> ?PR?_ABS?ABS
  +--> ?PR?_WRITEDATA?LCD_DRIVER_SPLC780D

?PR?_DISPLAYLCD?LCD_DRIVER_SPLC780D              -----    -----      0258H    0001H
  +--> ?PR?_WRITEDATA?LCD_DRIVER_SPLC780D

?PR?_STEP_MOVE?BIPOLARMOTOR                      0020H.6  0000H.1    02F4H    0004H
  +--> ?PR?VONESTEPMOVE?BIPOLARMOTOR

?PR?VONESTEPMOVE?BIPOLARMOTOR                    0020H.7  0000H.1    -----    -----
  +--> ?PR?_WRITE_PI4IOE5V96248?IOEXPANDER_P...
  +--> ?PR?_DELAY_MS?KEYPAD

?PR?_WRITE_PI4IOE5V96248?IOEXPANDER_P...         -----    -----      02F8H    0003H
  +--> ?PR?I2C_START?IOEXPANDER_PI4IOE5V96248
  +--> ?PR?_WAIT_MS_I2C?IOEXPANDER_PI4IOE5V9...
  +--> ?PR?_I2C_SENDBYTE?IOEXPANDER_PI4IOE5V...
  +--> ?PR?I2C_ACK?IOEXPANDER_PI4IOE5V96248
  +--> ?PR?I2C_STOP?IOEXPANDER_PI4IOE5V96248

?PR?I2C_START?IOEXPANDER_PI4IOE5V96248           -----    -----      -----    -----
  +--> ?PR?_WAIT_MS_I2C?IOEXPANDER_PI4IOE5V9...

?PR?_I2C_SENDBYTE?IOEXPANDER_PI4IOE5V...         -----    -----      -----    -----
  +--> ?PR?_WAIT_MS_I2C?IOEXPANDER_PI4IOE5V9...

?PR?I2C_ACK?IOEXPANDER_PI4IOE5V96248             -----    -----      02FBH    0001H
  +--> ?PR?_WAIT_MS_I2C?IOEXPANDER_PI4IOE5V9...

?PR?I2C_STOP?IOEXPANDER_PI4IOE5V96248            -----    -----      -----    -----
  +--> ?PR?_WAIT_MS_I2C?IOEXPANDER_PI4IOE5V9...

?PR?LCD_RETURN_HOME?LCD_DRIVER_SPLC780D          -----    -----      -----    -----
  +--> ?PR?_COMMAND?LCD_DRIVER_SPLC780D

?PR?_READ_TIME?PCF85063BTL                       -----    -----      0258H    000FH
  +--> ?PR?_SPI_READTIME?PCF85063BTL

?PR?_SPI_READTIME?PCF85063BTL                    -----    -----      -----    -----
BL51 BANKED LINKER/LOCATER V6.22                                                      01/29/2019  13:24:19  PAGE 6


  +--> ?PR?_SPI_SENDBYTE?PCF85063BTL
  +--> ?PR?SPI_RECEIVEBYTE?PCF85063BTL

?PR?SPI_RECEIVEBYTE?PCF85063BTL                  -----    -----      -----    -----
  +--> ?PR?_PCF85063BTL_DELAY?PCF85063BTL

?PR?_CALIBRATION?CALIBRATION                     -----    -----      0258H    0014H
  +--> ?PR?VOLTAGE_IS_STABLE?CALIBRATION
  +--> ?PR?_UPDATE_POSITION?BIPOLARMOTOR
  +--> ?PR?_FIND_REAL_MAX?CALIBRATION

?PR?VOLTAGE_IS_STABLE?CALIBRATION                -----    -----      026CH    0018H
  +--> ?PR?_ADC_GETRESULT?ADC
  +--> ?PR?_ABS?ABS

?PR?_UPDATE_POSITION?BIPOLARMOTOR                -----    -----      026CH    008BH
  +--> ?PR?_BCDTODEC1?BIPOLARMOTOR
  +--> ?PR?SUNPOS?SUNPOS
  +--> ?PR?SIN?SIN
  +--> ?PR?ASIN?ASIN
  +--> ?PR?LINEAR_INTERPOLATE?BIPOLARMOTOR
  +--> ?PR?_ABS?ABS

?PR?SUNPOS?SUNPOS                                -----    -----      02F7H    005DH
  +--> ?PR?SIN?SIN
  +--> ?PR?_ATAN2?ATAN2
  +--> ?PR?ASIN?ASIN
  +--> ?PR?ACOS?ACOS

?PR?SIN?SIN                                      0020H.5  0000H.1    0354H    0004H

?PR?_ATAN2?ATAN2                                 -----    -----      0354H    0008H
  +--> ?PR?ATAN?ATAN

?PR?ATAN?ATAN                                    0020H.5  0000H.2    035CH    0004H

?PR?ASIN?ASIN                                    -----    -----      -----    -----
  +--> ?PR?SQRT?SQRT
  +--> ?PR?ATAN?ATAN

?PR?SQRT?SQRT                                    -----    -----      0354H    0004H

?PR?ACOS?ACOS                                    -----    -----      -----    -----
  +--> ?PR?SQRT?SQRT
  +--> ?PR?ATAN?ATAN

?PR?LINEAR_INTERPOLATE?BIPOLARMOTOR              -----    -----      02F7H    0014H

?PR?_FIND_REAL_MAX?CALIBRATION                   -----    -----      026CH    0084H
  +--> ?PR?_MOVE?BIPOLARMOTOR
  +--> ?PR?_ADC_GETRESULT?ADC
  +--> ?PR?_WAIT_MS?LCD_DRIVER_SPLC780D
  +--> ?PR?_MAX_VALUE?CALIBRATION

?PR?_MOVE?BIPOLARMOTOR                           0020H.5  0000H.1    02F0H    0004H
  +--> ?PR?_STEP_MOVE?BIPOLARMOTOR

BL51 BANKED LINKER/LOCATER V6.22                                                      01/29/2019  13:24:19  PAGE 7


?PR?_MAX_VALUE?CALIBRATION                       -----    -----      02F0H    0004H



UNRESOLVED EXTERNAL SYMBOLS:
   AUTO_MODE
   _SENDUART1



SYMBOL TABLE OF MODULE:  .\Obj\GPIO_RTC_Test (MAIN)

  VALUE           TYPE          NAME
  ----------------------------------

  -------         MODULE        MAIN
  C:0000H         SYMBOL        _ICE_DUMMY_
  X:0368H         PUBLIC        calib_value
  D:0080H         PUBLIC        P0
  D:00B2H         PUBLIC        P3M0
  D:0090H         PUBLIC        P1
  D:00B1H         PUBLIC        P3M1
  D:00A0H         PUBLIC        P2
  D:00B0H         PUBLIC        P3
  D:00C0H         PUBLIC        P4
  D:00C8H         PUBLIC        P5
  X:03BCH         SYMBOL        PressedKey
  B:00A8H.7       PUBLIC        EA
  D:00E8H         PUBLIC        P6
  X:03C0H         PUBLIC        calib_stamp
  D:00F8H         PUBLIC        P7
  X:03C1H         PUBLIC        RX_Data_Uart_Cnt
  D:00A8H         PUBLIC        IE
  X:03C3H         PUBLIC        calib_time
  D:00B8H         PUBLIC        IP
  X:0417H         PUBLIC        months
  D:00D8H         PUBLIC        CCON
  C:137DH         PUBLIC        main
  X:0418H         PUBLIC        count
  X:041AH         PUBLIC        days
  X:041BH         PUBLIC        hours
  D:0098H         PUBLIC        SCON
  D:0089H         PUBLIC        TMOD
  D:0088H         PUBLIC        TCON
  B:00A0H.3       PUBLIC        P23
  X:041CH         SYMBOL        KeyCount
  X:041EH         PUBLIC        mins
  X:041FH         PUBLIC        Rec_data_hour
  B:00C8H.5       PUBLIC        P55
  X:0422H         PUBLIC        Rec_data_min
  D:008EH         PUBLIC        AUXR
  C:0009H         PUBLIC        tm0_isr
  B:0021H.0       PUBLIC        busy
  B:00A8H.1       PUBLIC        ET0
  D:008CH         PUBLIC        TH0
  X:0425H         PUBLIC        hour_count
  D:008AH         PUBLIC        TL0
BL51 BANKED LINKER/LOCATER V6.22                                                      01/29/2019  13:24:19  PAGE 8


  X:0426H         PUBLIC        min_count
  B:0088H.4       PUBLIC        TR0
  X:0427H         SYMBOL        KeyNum
  X:0428H         SYMBOL        KeyNum_Old
  X:0429H         PUBLIC        current_position
  X:042DH         PUBLIC        hours1
  X:042EH         PUBLIC        hours2
  C:3A2AH         PUBLIC        _Display_Prox
  X:042FH         PUBLIC        mins1
  X:0430H         PUBLIC        mins2
  C:2D37H         PUBLIC        _Display_Pos
  X:0431H         PUBLIC        seconds
  X:0432H         PUBLIC        st_time
  D:00D0H         PUBLIC        PSW
  -------         PROC          TM0_ISR
  C:0009H         LINE#         86
  C:0009H         LINE#         88
  -------         ENDPROC       TM0_ISR
  -------         PROC          MAIN
  -------         DO            
  X:023FH         SYMBOL        prox_data
  X:0360H         SYMBOL        KeyCount
  X:0362H         SYMBOL        KeyNum_Old
  X:0363H         SYMBOL        KeyNum
  X:0364H         SYMBOL        PressedKey
  X:0241H         SYMBOL        prox_flag
  X:0242H         SYMBOL        iUse_prevday_calib_value
  X:0244H         SYMBOL        calib_point1
  X:024CH         SYMBOL        calib_point2
  X:0254H         SYMBOL        calib_day
  X:0256H         SYMBOL        calib_count
  -------         ENDDO         
  C:137DH         LINE#         90
  C:137DH         LINE#         91
  C:137DH         LINE#         96
  C:1383H         LINE#         97
  C:1388H         LINE#         100
  C:138EH         LINE#         104
  C:1390H         LINE#         105
  C:1392H         LINE#         106
  C:1394H         LINE#         107
  C:1396H         LINE#         109
  C:139CH         LINE#         118
  C:139EH         LINE#         119
  C:13A1H         LINE#         120
  C:13A4H         LINE#         121
  C:13A7H         LINE#         122
  C:13AAH         LINE#         123
  C:13ADH         LINE#         126
  C:13B0H         LINE#         128
  C:13B3H         LINE#         131
  C:13B6H         LINE#         132
  C:13B9H         LINE#         133
  C:13BBH         LINE#         134
  C:13BDH         LINE#         135
  C:13BFH         LINE#         137
  C:13C1H         LINE#         138
BL51 BANKED LINKER/LOCATER V6.22                                                      01/29/2019  13:24:19  PAGE 9


  C:13C8H         LINE#         139
  C:13CFH         LINE#         140
  C:13D6H         LINE#         141
  C:13DDH         LINE#         145
  C:13E4H         LINE#         146
  C:13E9H         LINE#         147
  C:13EEH         LINE#         148
  C:13F3H         LINE#         149
  C:13F8H         LINE#         150
  C:13FDH         LINE#         153
  C:1416H         LINE#         154
  C:1416H         LINE#         155
  C:1432H         LINE#         156
  C:1479H         LINE#         157
  C:148AH         LINE#         158
  C:148AH         LINE#         159
  C:148AH         LINE#         160
  C:148DH         LINE#         163
  C:148DH         LINE#         166
  C:1492H         LINE#         167
  C:1497H         LINE#         169
  C:149CH         LINE#         170
  C:14A1H         LINE#         171
  C:14A6H         LINE#         172
  C:14ABH         LINE#         174
  C:14BCH         LINE#         176
  C:14C3H         LINE#         177
  C:14CBH         LINE#         178
  C:14D0H         LINE#         179
  C:14D8H         LINE#         180
  C:14DDH         LINE#         181
  C:14E7H         LINE#         182
  C:14ECH         LINE#         183
  C:14F4H         LINE#         185
  C:14FCH         LINE#         186
  C:1501H         LINE#         187
  C:150BH         LINE#         188
  C:150BH         LINE#         189
  C:150DH         LINE#         190
  C:150FH         LINE#         191
  C:1519H         LINE#         192
  C:1519H         LINE#         193
  C:151EH         LINE#         194
  C:151EH         LINE#         206
  C:152BH         LINE#         207
  C:152BH         LINE#         208
  C:1535H         LINE#         209
  C:154CH         LINE#         210
  C:154CH         LINE#         211
  C:154EH         LINE#         212
  C:1550H         LINE#         214
  C:1550H         LINE#         215
  C:155BH         LINE#         216
  C:155BH         LINE#         217
  C:1560H         LINE#         218
  C:1560H         LINE#         219
  C:156DH         LINE#         220
BL51 BANKED LINKER/LOCATER V6.22                                                      01/29/2019  13:24:19  PAGE 10


  C:156DH         LINE#         223
  C:1577H         LINE#         224
  C:158EH         LINE#         225
  C:158EH         LINE#         226
  C:1590H         LINE#         227
  C:1592H         LINE#         229
  C:1592H         LINE#         230
  C:159DH         LINE#         231
  C:159DH         LINE#         232
  C:15A2H         LINE#         233
  C:15A4H         LINE#         234
  C:15A4H         LINE#         243
  C:15C6H         LINE#         244
  C:15C6H         LINE#         245
  C:15D0H         LINE#         246
  C:15D6H         LINE#         247
  C:15D8H         LINE#         248
  C:15DAH         LINE#         249
  C:15DCH         LINE#         250
  C:15DCH         LINE#         251
  C:15DFH         LINE#         253
  C:15DFH         LINE#         254
  C:15E5H         LINE#         255
  C:15EDH         LINE#         256
  C:15F3H         LINE#         257
  C:15FBH         LINE#         258
  C:1636H         LINE#         262
  C:1643H         LINE#         263
  C:1643H         LINE#         265
  C:1676H         LINE#         266
  C:1683H         LINE#         267
  C:1683H         LINE#         269
  C:16A6H         LINE#         270
  C:16A6H         LINE#         271
  C:16C8H         LINE#         272
  C:16C8H         LINE#         273
  C:1744H         LINE#         274
  C:178AH         LINE#         278
  C:178DH         LINE#         279
  C:179EH         LINE#         280
  C:179EH         LINE#         281
  C:179EH         LINE#         283
  C:179EH         LINE#         287
  C:17A1H         LINE#         289
  C:17A1H         LINE#         290
  C:17C3H         LINE#         291
  C:17C3H         LINE#         292
  C:183FH         LINE#         293
  C:1894H         LINE#         294
  C:1894H         LINE#         295
  C:1894H         LINE#         296
  C:1897H         LINE#         300
  C:1897H         LINE#         303
  C:18BFH         LINE#         304
  C:18BFH         LINE#         305
  C:18E1H         LINE#         306
  C:18E1H         LINE#         307
BL51 BANKED LINKER/LOCATER V6.22                                                      01/29/2019  13:24:19  PAGE 11


  C:195DH         LINE#         308
  C:19B7H         LINE#         313
  C:19BAH         LINE#         314
  C:19CBH         LINE#         315
  C:19CBH         LINE#         316
  C:19D3H         LINE#         318
  C:19D3H         LINE#         321
  C:19D6H         LINE#         323
  C:19D6H         LINE#         325
  C:19F8H         LINE#         326
  C:19F8H         LINE#         327
  C:1A74H         LINE#         329
  C:1AA1H         LINE#         330
  C:1ABCH         LINE#         331
  C:1AE9H         LINE#         332
  C:1B04H         LINE#         334
  C:1BA0H         LINE#         337
  C:1BA0H         LINE#         338
  C:1BA0H         LINE#         339
  C:1BA0H         LINE#         341
  C:1BA0H         LINE#         344
  C:1BBCH         LINE#         345
  C:1BC1H         LINE#         347
  C:1BC3H         LINE#         348
  -------         ENDPROC       MAIN
  -------         PROC          _DISPLAY_PROX
  D:0002H         SYMBOL        dat
  -------         DO            
  X:04A6H         SYMBOL        unit
  X:04A7H         SYMBOL        ten
  X:04A8H         SYMBOL        hundred
  X:04A9H         SYMBOL        thousand
  -------         ENDDO         
  C:3A2AH         LINE#         432
  C:3A2EH         LINE#         433
  C:3A2EH         LINE#         435
  C:3A3AH         LINE#         436
  C:3A4AH         LINE#         437
  C:3A66H         LINE#         438
  C:3A96H         LINE#         439
  C:3AA0H         LINE#         440
  C:3AAAH         LINE#         441
  C:3AB4H         LINE#         442
  C:3ABEH         LINE#         444
  -------         ENDPROC       _DISPLAY_PROX
  -------         PROC          _DISPLAY_POS
  X:0258H         SYMBOL        sign_dat
  -------         DO            
  X:025CH         SYMBOL        unit
  X:025DH         SYMBOL        ten
  X:025EH         SYMBOL        hundred
  D:0003H         SYMBOL        thousand
  X:025FH         SYMBOL        after_dot
  X:0260H         SYMBOL        dat
  -------         ENDDO         
  C:2D37H         LINE#         447
  C:2D3DH         LINE#         448
BL51 BANKED LINKER/LOCATER V6.22                                                      01/29/2019  13:24:19  PAGE 12


  C:2D3DH         LINE#         452
  C:2D59H         LINE#         453
  C:2D73H         LINE#         454
  C:2D97H         LINE#         456
  C:2DE1H         LINE#         458
  C:2DF8H         LINE#         459
  C:2E05H         LINE#         460
  C:2E27H         LINE#         461
  C:2E5CH         LINE#         462
  C:2E74H         LINE#         463
  C:2E74H         LINE#         465
  C:2E7EH         LINE#         466
  C:2E88H         LINE#         467
  C:2E92H         LINE#         468
  C:2E97H         LINE#         469
  C:2EA1H         LINE#         470
  C:2EA6H         LINE#         471
  C:2EABH         LINE#         472
  C:2EADH         LINE#         473
  C:2EAFH         LINE#         475
  C:2EAFH         LINE#         477
  C:2EB4H         LINE#         478
  C:2EBEH         LINE#         479
  C:2EC8H         LINE#         480
  C:2ED2H         LINE#         481
  C:2ED7H         LINE#         482
  C:2EE1H         LINE#         483
  C:2EE6H         LINE#         484
  C:2EEBH         LINE#         486
  C:2EEBH         LINE#         488
  -------         ENDPROC       _DISPLAY_POS
  -------         ENDMOD        MAIN

  -------         MODULE        PCF85063BTL
  C:0000H         SYMBOL        _ICE_DUMMY_
  D:0096H         PUBLIC        P2M0
  D:0080H         PUBLIC        P0
  D:0095H         PUBLIC        P2M1
  D:0090H         PUBLIC        P1
  D:00A0H         PUBLIC        P2
  D:00B0H         PUBLIC        P3
  D:00C0H         PUBLIC        P4
  D:00C8H         PUBLIC        P5
  D:00E8H         PUBLIC        P6
  B:00A0H.1       PUBLIC        PCF85063BTL_SDI
  D:00F8H         PUBLIC        P7
  B:00A0H.2       PUBLIC        PCF85063BTL_SCK
  B:00A0H.1       PUBLIC        PCF85063BTL_SDO
  D:00A8H         PUBLIC        IE
  C:3C44H         PUBLIC        _Read_time
  C:40BEH         PUBLIC        _PCF85063BTL_Delay
  D:00B8H         PUBLIC        IP
  D:00D8H         PUBLIC        CCON
  C:3B4BH         PUBLIC        _Day_Of_Year
  C:3FB6H         PUBLIC        SPI_ReceiveByte
  D:0098H         PUBLIC        SCON
  D:0088H         PUBLIC        TCON
BL51 BANKED LINKER/LOCATER V6.22                                                      01/29/2019  13:24:19  PAGE 13


  C:40F1H         PUBLIC        _BCDtoDec
  B:00A0H.0       PUBLIC        PCF85063BTL_CS
  C:40E0H         PUBLIC        _SPI_ReadTime
  C:4140H         PUBLIC        SPI_Init
  C:4049H         PUBLIC        _SPI_WriteTime
  C:3F96H         PUBLIC        _SPI_SendByte
  D:00D0H         PUBLIC        PSW
  C:40BAH         SYMBOL        L?0047
  -------         PROC          L?0046
  -------         ENDPROC       L?0046
  C:40BAH         SYMBOL        L?0047
  -------         PROC          _PCF85063BTL_DELAY
  D:0006H         SYMBOL        us
  C:40BEH         LINE#         8
  C:40BEH         LINE#         9
  C:40BEH         LINE#         10
  C:40C8H         LINE#         11
  C:40C8H         LINE#         12
  C:40C9H         LINE#         13
  C:40CBH         LINE#         14
  -------         ENDPROC       _PCF85063BTL_DELAY
  -------         PROC          _SPI_SENDBYTE
  D:0005H         SYMBOL        dat
  -------         DO            
  D:0003H         SYMBOL        i
  -------         ENDDO         
  C:3F96H         LINE#         17
  C:3F98H         LINE#         18
  C:3F98H         LINE#         20
  C:3F9AH         LINE#         21
  C:3F9AH         LINE#         22
  C:3F9CH         LINE#         23
  C:3FA0H         LINE#         24
  C:3FA0H         LINE#         25
  C:3FA2H         LINE#         26
  C:3FA4H         LINE#         28
  C:3FA4H         LINE#         29
  C:3FA6H         LINE#         30
  C:3FA6H         LINE#         31
  C:3FA9H         LINE#         32
  C:3FA9H         LINE#         33
  C:3FACH         LINE#         34
  C:3FB0H         LINE#         35
  C:3FB5H         LINE#         36
  -------         ENDPROC       _SPI_SENDBYTE
  -------         PROC          SPI_RECEIVEBYTE
  -------         DO            
  D:0003H         SYMBOL        i
  D:0005H         SYMBOL        dat
  -------         ENDDO         
  C:3FB6H         LINE#         39
  C:3FB6H         LINE#         40
  C:3FB6H         LINE#         42
  C:3FB8H         LINE#         44
  C:3FBAH         LINE#         45
  C:3FBBH         LINE#         46
  C:3FBBH         LINE#         47
BL51 BANKED LINKER/LOCATER V6.22                                                      01/29/2019  13:24:19  PAGE 14


  C:3FBFH         LINE#         48
  C:3FC1H         LINE#         49
  C:3FC4H         LINE#         51
  C:3FC7H         LINE#         52
  C:3FC7H         LINE#         53
  C:3FCBH         LINE#         54
  C:3FCBH         LINE#         55
  C:3FCBH         LINE#         56
  C:3FCEH         LINE#         57
  C:3FD3H         LINE#         58
  C:3FD5H         LINE#         59
  -------         ENDPROC       SPI_RECEIVEBYTE
  -------         PROC          _SPI_READTIME
  D:0007H         SYMBOL        addr
  -------         DO            
  D:0006H         SYMBOL        dat
  -------         ENDDO         
  C:40E0H         LINE#         61
  C:40E0H         LINE#         62
  C:40E0H         LINE#         64
  C:40E2H         LINE#         65
  C:40E4H         LINE#         66
  C:40EBH         LINE#         67
  C:40EEH         LINE#         68
  C:40F0H         LINE#         69
  C:40F0H         LINE#         70
  -------         ENDPROC       _SPI_READTIME
  -------         PROC          _SPI_WRITETIME
  D:0002H         SYMBOL        val
  D:0005H         SYMBOL        addr
  C:4049H         LINE#         71
  C:404BH         LINE#         72
  C:404BH         LINE#         74
  C:404DH         LINE#         75
  C:4054H         LINE#         76
  C:4059H         LINE#         77
  C:405EH         LINE#         78
  C:4060H         LINE#         79
  -------         ENDPROC       _SPI_WRITETIME
  -------         PROC          SPI_INIT
  C:4140H         LINE#         83
  C:4140H         LINE#         84
  C:4140H         LINE#         89
  C:4143H         LINE#         90
  C:4146H         LINE#         91
  C:4148H         LINE#         92
  C:414AH         LINE#         93
  C:414CH         LINE#         94
  -------         ENDPROC       SPI_INIT
  -------         PROC          _READ_TIME
  X:0258H         SYMBOL        months
  X:025BH         SYMBOL        days
  X:025EH         SYMBOL        hours
  X:0261H         SYMBOL        mins
  X:0264H         SYMBOL        seconds
  C:3C44H         LINE#         96
  C:3C4FH         LINE#         97
BL51 BANKED LINKER/LOCATER V6.22                                                      01/29/2019  13:24:19  PAGE 15


  C:3C4FH         LINE#         99
  C:3C63H         LINE#         101
  C:3C77H         LINE#         103
  C:3C8BH         LINE#         108
  C:3C9FH         LINE#         113
  -------         ENDPROC       _READ_TIME
  -------         PROC          _BCDTODEC
  D:0007H         SYMBOL        bcd
  -------         DO            
  D:0006H         SYMBOL        hi
  D:0007H         SYMBOL        lo
  -------         ENDDO         
  C:40F1H         LINE#         119
  C:40F1H         LINE#         120
  C:40F1H         LINE#         122
  C:40F6H         LINE#         123
  C:40FAH         LINE#         124
  C:4101H         LINE#         125
  -------         ENDPROC       _BCDTODEC
  -------         PROC          _DAY_OF_YEAR
  D:0007H         SYMBOL        months_bcd
  D:0005H         SYMBOL        days_bcd
  -------         DO            
  D:0004H         SYMBOL        months
  D:0007H         SYMBOL        days
  -------         ENDDO         
  C:3B4BH         LINE#         126
  C:3B4BH         LINE#         127
  C:3B4BH         LINE#         130
  C:3B50H         LINE#         132
  C:3B55H         LINE#         134
  C:3B8EH         LINE#         135
  C:3B8EH         LINE#         136
  C:3B8EH         LINE#         137
  C:3B91H         LINE#         138
  C:3B91H         LINE#         139
  C:3B91H         LINE#         140
  C:3B96H         LINE#         141
  C:3B96H         LINE#         142
  C:3B96H         LINE#         143
  C:3B9BH         LINE#         144
  C:3B9BH         LINE#         145
  C:3B9BH         LINE#         146
  C:3BA0H         LINE#         147
  C:3BA0H         LINE#         148
  C:3BA0H         LINE#         149
  C:3BA5H         LINE#         150
  C:3BA5H         LINE#         151
  C:3BA5H         LINE#         152
  C:3BAAH         LINE#         153
  C:3BAAH         LINE#         154
  C:3BAAH         LINE#         155
  C:3BAFH         LINE#         156
  C:3BAFH         LINE#         157
  C:3BAFH         LINE#         158
  C:3BB4H         LINE#         159
  C:3BB4H         LINE#         160
BL51 BANKED LINKER/LOCATER V6.22                                                      01/29/2019  13:24:19  PAGE 16


  C:3BB4H         LINE#         161
  C:3BBCH         LINE#         162
  C:3BBCH         LINE#         163
  C:3BBCH         LINE#         164
  C:3BC1H         LINE#         165
  C:3BC1H         LINE#         166
  C:3BC1H         LINE#         167
  C:3BC6H         LINE#         168
  C:3BC6H         LINE#         169
  C:3BC6H         LINE#         170
  C:3BCEH         LINE#         171
  C:3BCEH         LINE#         172
  C:3BCEH         LINE#         173
  -------         ENDPROC       _DAY_OF_YEAR
  -------         ENDMOD        PCF85063BTL

  -------         MODULE        UART1
  C:0000H         SYMBOL        _ICE_DUMMY_
  D:0080H         PUBLIC        P0
  D:0090H         PUBLIC        P1
  D:00A0H         PUBLIC        P2
  D:00B0H         PUBLIC        P3
  D:00C0H         PUBLIC        P4
  D:00C8H         PUBLIC        P5
  B:00A8H.7       PUBLIC        EA
  D:00E8H         PUBLIC        P6
  D:00F8H         PUBLIC        P7
  C:3E9FH         PUBLIC        _SendString
  D:00A8H         PUBLIC        IE
  B:00A8H.4       PUBLIC        ES
  D:00B8H         PUBLIC        IP
  C:4061H         PUBLIC        _ASCIItoBCD
  D:00D8H         PUBLIC        CCON
  C:4102H         PUBLIC        initUART1
  D:0098H         PUBLIC        SCON
  D:0088H         PUBLIC        TCON
  C:000AH         PUBLIC        _DectoBCD
  C:4184H         PUBLIC        _ASCII_Letter
  D:008EH         PUBLIC        AUXR
  C:417FH         PUBLIC        _unit
  C:0003H         PUBLIC        _ten
  D:00D6H         PUBLIC        T2H
  D:00D7H         PUBLIC        T2L
  D:00D0H         PUBLIC        PSW
  -------         PROC          INITUART1
  C:4102H         LINE#         21
  C:4102H         LINE#         22
  C:4102H         LINE#         23
  C:4105H         LINE#         24
  C:4108H         LINE#         25
  C:410BH         LINE#         26
  C:410EH         LINE#         27
  C:4110H         LINE#         28
  C:4112H         LINE#         30
  -------         ENDPROC       INITUART1
  -------         PROC          _SENDSTRING
  X:04AAH         SYMBOL        s
BL51 BANKED LINKER/LOCATER V6.22                                                      01/29/2019  13:24:19  PAGE 17


  C:3E9FH         LINE#         35
  C:3EAAH         LINE#         36
  C:3EAAH         LINE#         37
  C:3EBAH         LINE#         38
  C:3EBAH         LINE#         39
  C:3ECFH         LINE#         40
  C:3ED1H         LINE#         41
  -------         ENDPROC       _SENDSTRING
  -------         PROC          _TEN
  D:0007H         SYMBOL        BCD
  C:0003H         LINE#         43
  C:0003H         LINE#         44
  C:0003H         LINE#         45
  C:0008H         LINE#         46
  -------         ENDPROC       _TEN
  -------         PROC          _UNIT
  D:0007H         SYMBOL        BCD
  C:417FH         LINE#         47
  C:417FH         LINE#         48
  C:417FH         LINE#         52
  C:4183H         LINE#         53
  -------         ENDPROC       _UNIT
  -------         PROC          _DECTOBCD
  D:0007H         SYMBOL        dec
  C:000AH         LINE#         54
  C:000AH         LINE#         55
  C:000AH         LINE#         57
  C:000AH         LINE#         58
  -------         ENDPROC       _DECTOBCD
  -------         PROC          _ASCII_LETTER
  D:0007H         SYMBOL        dat
  C:4184H         LINE#         60
  C:4184H         LINE#         61
  C:4184H         LINE#         63
  C:4188H         LINE#         64
  -------         ENDPROC       _ASCII_LETTER
  -------         PROC          _ASCIITOBCD
  D:0001H         SYMBOL        ascii
  -------         DO            
  D:0007H         SYMBOL        dec_val
  D:0006H         SYMBOL        ten
  D:0007H         SYMBOL        unit
  -------         ENDDO         
  C:4061H         LINE#         66
  C:4061H         LINE#         67
  C:4061H         LINE#         69
  C:4064H         LINE#         70
  C:406AH         LINE#         71
  C:4071H         LINE#         72
  C:4077H         LINE#         74
  -------         ENDPROC       _ASCIITOBCD
  -------         ENDMOD        UART1

  -------         MODULE        LCD_DRIVER_SPLC780D
  C:0000H         SYMBOL        _ICE_DUMMY_
  D:0092H         PUBLIC        P1M0
  D:0091H         PUBLIC        P1M1
BL51 BANKED LINKER/LOCATER V6.22                                                      01/29/2019  13:24:19  PAGE 18


  D:0080H         PUBLIC        P0
  D:0090H         PUBLIC        P1
  D:00A0H         PUBLIC        P2
  D:00B0H         PUBLIC        P3
  D:00C0H         PUBLIC        P4
  D:00C8H         PUBLIC        P5
  D:00E8H         PUBLIC        P6
  D:00F8H         PUBLIC        P7
  C:3BCFH         PUBLIC        _WriteData
  D:00A8H         PUBLIC        IE
  D:00B8H         PUBLIC        IP
  D:00D8H         PUBLIC        CCON
  B:00B0H.4       PUBLIC        LCD_D4
  B:00B0H.5       PUBLIC        LCD_D5
  B:00B0H.6       PUBLIC        LCD_D6
  C:3FF4H         PUBLIC        _DisplayLCD
  B:00B0H.7       PUBLIC        LCD_D7
  D:0098H         PUBLIC        SCON
  D:0088H         PUBLIC        TCON
  C:416FH         PUBLIC        LCD_clear
  C:3DE4H         PUBLIC        _Command
  C:408EH         PUBLIC        _Display_Line
  C:3CB3H         PUBLIC        LCD_Init
  C:3F78H         PUBLIC        _Wait_ms
  B:00C0H.0       PUBLIC        LCD_RS
  B:00B0H.2       PUBLIC        LCD_RW
  C:4165H         PUBLIC        LCD_return_home
  B:00B0H.3       PUBLIC        LCD_E
  D:00D0H         PUBLIC        PSW
  -------         PROC          LCD_INIT
  C:3CB3H         LINE#         9
  C:3CB3H         LINE#         10
  C:3CB3H         LINE#         11
  C:3CB6H         LINE#         12
  C:3CB9H         LINE#         14
  C:3CBFH         LINE#         15
  C:3CC4H         LINE#         17
  C:3CCBH         LINE#         18
  C:3CD0H         LINE#         20
  C:3CD3H         LINE#         21
  C:3CD8H         LINE#         23
  C:3CDBH         LINE#         24
  C:3CE0H         LINE#         26
  C:3CE7H         LINE#         29
  C:3CECH         LINE#         30
  C:3CF1H         LINE#         32
  C:3CF6H         LINE#         33
  C:3CFBH         LINE#         35
  C:3D00H         LINE#         36
  C:3D05H         LINE#         37
  -------         ENDPROC       LCD_INIT
  -------         PROC          _WRITEDATA
  X:0262H         SYMBOL        dat
  C:3BCFH         LINE#         40
  C:3BD4H         LINE#         41
  C:3BD4H         LINE#         46
  C:3BD6H         LINE#         47
BL51 BANKED LINKER/LOCATER V6.22                                                      01/29/2019  13:24:19  PAGE 19


  C:3BD8H         LINE#         49
  C:3BE6H         LINE#         50
  C:3BF2H         LINE#         51
  C:3BFEH         LINE#         52
  C:3C08H         LINE#         53
  C:3C0AH         LINE#         54
  C:3C11H         LINE#         55
  C:3C13H         LINE#         57
  C:3C23H         LINE#         58
  C:3C2EH         LINE#         59
  C:3C38H         LINE#         60
  C:3C3CH         LINE#         62
  C:3C3CH         LINE#         63
  C:3C3FH         LINE#         64
  C:3C41H         LINE#         65
  C:3C43H         LINE#         67
  -------         ENDPROC       _WRITEDATA
  -------         PROC          _COMMAND
  D:0007H         SYMBOL        dat
  C:3DE4H         LINE#         69
  C:3DE4H         LINE#         70
  C:3DE4H         LINE#         71
  C:3DE6H         LINE#         72
  C:3DE8H         LINE#         74
  C:3DF2H         LINE#         75
  C:3DF6H         LINE#         77
  C:3DF8H         LINE#         78
  C:3E01H         LINE#         79
  C:3E05H         LINE#         81
  C:3E07H         LINE#         82
  C:3E0EH         LINE#         83
  C:3E12H         LINE#         85
  C:3E14H         LINE#         86
  C:3E18H         LINE#         87
  C:3E1CH         LINE#         89
  C:3E1EH         LINE#         90
  C:3E1EH         LINE#         91
  C:3E21H         LINE#         92
  C:3E23H         LINE#         93
  -------         ENDPROC       _COMMAND
  C:3F74H         SYMBOL        L?0028
  -------         PROC          L?0027
  -------         ENDPROC       L?0027
  C:3F74H         SYMBOL        L?0028
  -------         PROC          _WAIT_MS
  D:0006H         SYMBOL        ms
  -------         DO            
  D:0004H         SYMBOL        De_Cnt
  -------         ENDDO         
  C:3F78H         LINE#         95
  C:3F78H         LINE#         96
  C:3F78H         LINE#         98
  C:3F82H         LINE#         99
  C:3F82H         LINE#         100
  C:3F95H         LINE#         101
  C:3F95H         LINE#         102
  -------         ENDPROC       _WAIT_MS
BL51 BANKED LINKER/LOCATER V6.22                                                      01/29/2019  13:24:19  PAGE 20


  -------         PROC          _DISPLAYLCD
  D:0007H         SYMBOL        BCD
  -------         DO            
  D:0006H         SYMBOL        first_digit
  X:0258H         SYMBOL        second_digit
  -------         ENDDO         
  C:3FF4H         LINE#         103
  C:3FF4H         LINE#         104
  C:3FF4H         LINE#         106
  C:3FFBH         LINE#         107
  C:4004H         LINE#         109
  C:4009H         LINE#         111
  -------         ENDPROC       _DISPLAYLCD
  -------         PROC          LCD_RETURN_HOME
  C:4165H         LINE#         115
  C:4165H         LINE#         116
  C:4165H         LINE#         117
  C:416AH         LINE#         118
  -------         ENDPROC       LCD_RETURN_HOME
  -------         PROC          LCD_CLEAR
  C:416FH         LINE#         121
  C:416FH         LINE#         122
  C:416FH         LINE#         123
  C:4174H         LINE#         124
  -------         ENDPROC       LCD_CLEAR
  -------         PROC          _DISPLAY_LINE
  D:0006H         SYMBOL        line
  C:408EH         LINE#         128
  C:408EH         LINE#         129
  C:408EH         LINE#         130
  C:4094H         LINE#         131
  C:4094H         LINE#         132
  C:4096H         LINE#         133
  C:4096H         LINE#         134
  C:4098H         LINE#         136
  C:4098H         LINE#         137
  C:409DH         LINE#         138
  C:40A2H         LINE#         139
  C:40A2H         LINE#         140
  -------         ENDPROC       _DISPLAY_LINE
  -------         ENDMOD        LCD_DRIVER_SPLC780D

  -------         MODULE        KEYPAD
  C:0000H         SYMBOL        _ICE_DUMMY_
  D:0093H         PUBLIC        P0M1
  D:0080H         PUBLIC        P0
  D:0090H         PUBLIC        P1
  D:00A0H         PUBLIC        P2
  D:00B0H         PUBLIC        P3
  D:00C0H         PUBLIC        P4
  D:00C8H         PUBLIC        P5
  B:0020H.0       PUBLIC        calib_mode
  D:00E8H         PUBLIC        P6
  D:00F8H         PUBLIC        P7
  D:00A8H         PUBLIC        IE
  C:2EECH         PUBLIC        Key_Scan
  D:00B8H         PUBLIC        IP
BL51 BANKED LINKER/LOCATER V6.22                                                      01/29/2019  13:24:19  PAGE 21


  D:00D8H         PUBLIC        CCON
  C:414DH         PUBLIC        KeyPad_IO_Init
  C:3FD6H         PUBLIC        _Delay_ms
  D:0098H         PUBLIC        SCON
  D:0088H         PUBLIC        TCON
  B:0020H.1       PUBLIC        small_move
  B:0020H.2       PUBLIC        move
  B:0020H.3       PUBLIC        direction
  B:0020H.4       PUBLIC        auto_move
  C:2628H         PUBLIC        Key_Process
  D:00D0H         PUBLIC        PSW
  D:0094H         PUBLIC        P0M0
  -------         PROC          _DELAY_MS
  D:0006H         SYMBOL        ms
  -------         DO            
  D:0004H         SYMBOL        De_Cnt
  -------         ENDDO         
  C:3FD6H         LINE#         19
  C:3FD6H         LINE#         20
  C:3FD6H         LINE#         22
  C:3FE0H         LINE#         23
  C:3FE0H         LINE#         24
  C:3FF3H         LINE#         25
  C:3FF3H         LINE#         26
  -------         ENDPROC       _DELAY_MS
  -------         PROC          KEY_SCAN
  -------         DO            
  X:025EH         SYMBOL        KeyTemp1
  X:025FH         SYMBOL        KeyTemp2
  X:0260H         SYMBOL        KeyValue
  -------         ENDDO         
  C:2EECH         LINE#         27
  C:2EECH         LINE#         28
  C:2EECH         LINE#         33
  C:2EEFH         LINE#         36
  C:2EF2H         LINE#         38
  C:2EFAH         LINE#         39
  C:2F01H         LINE#         40
  C:2F01H         LINE#         42
  C:2F06H         LINE#         43
  C:2F0DH         LINE#         44
  C:2F0DH         LINE#         47
  C:2F10H         LINE#         48
  C:2F13H         LINE#         49
  C:2F18H         LINE#         50
  C:2F1CH         LINE#         51
  C:2F1CH         LINE#         52
  C:2F24H         LINE#         53
  C:2F24H         LINE#         54
  C:2F27H         LINE#         55
  C:2F2FH         LINE#         56
  C:2F31H         LINE#         58
  C:2F45H         LINE#         59
  C:2F45H         LINE#         60
  C:2F45H         LINE#         61
  C:2F45H         LINE#         62
  C:2F4BH         LINE#         64
BL51 BANKED LINKER/LOCATER V6.22                                                      01/29/2019  13:24:19  PAGE 22


  C:2F4DH         LINE#         65
  C:2F4DH         LINE#         66
  C:2F4DH         LINE#         67
  C:2F53H         LINE#         69
  C:2F55H         LINE#         70
  C:2F55H         LINE#         71
  C:2F55H         LINE#         72
  C:2F5BH         LINE#         74
  C:2F5DH         LINE#         75
  C:2F5DH         LINE#         76
  C:2F5DH         LINE#         77
  C:2F63H         LINE#         79
  C:2F63H         LINE#         80
  C:2F63H         LINE#         81
  C:2F63H         LINE#         84
  C:2F66H         LINE#         85
  C:2F69H         LINE#         86
  C:2F71H         LINE#         87
  C:2F75H         LINE#         88
  C:2F75H         LINE#         89
  C:2F7DH         LINE#         90
  C:2F7DH         LINE#         91
  C:2F80H         LINE#         92
  C:2F88H         LINE#         93
  C:2F8AH         LINE#         94
  C:2F9EH         LINE#         95
  C:2F9EH         LINE#         96
  C:2F9EH         LINE#         97
  C:2F9EH         LINE#         98
  C:2FA4H         LINE#         100
  C:2FA6H         LINE#         101
  C:2FA6H         LINE#         102
  C:2FA6H         LINE#         103
  C:2FACH         LINE#         105
  C:2FAEH         LINE#         106
  C:2FAEH         LINE#         107
  C:2FAEH         LINE#         108
  C:2FB4H         LINE#         110
  C:2FB6H         LINE#         111
  C:2FB6H         LINE#         112
  C:2FB6H         LINE#         113
  C:2FBBH         LINE#         115
  C:2FBBH         LINE#         116
  C:2FBBH         LINE#         117
  C:2FBBH         LINE#         120
  C:2FBEH         LINE#         121
  C:2FC1H         LINE#         122
  C:2FC9H         LINE#         123
  C:2FCDH         LINE#         124
  C:2FCDH         LINE#         125
  C:2FD5H         LINE#         126
  C:2FD5H         LINE#         127
  C:2FD8H         LINE#         128
  C:2FE0H         LINE#         129
  C:2FE2H         LINE#         130
  C:2FF6H         LINE#         131
  C:2FF6H         LINE#         132
BL51 BANKED LINKER/LOCATER V6.22                                                      01/29/2019  13:24:19  PAGE 23


  C:2FF6H         LINE#         133
  C:2FF6H         LINE#         134
  C:2FFCH         LINE#         136
  C:2FFEH         LINE#         137
  C:2FFEH         LINE#         138
  C:2FFEH         LINE#         139
  C:3004H         LINE#         141
  C:3006H         LINE#         142
  C:3006H         LINE#         143
  C:3006H         LINE#         144
  C:300CH         LINE#         146
  C:300EH         LINE#         147
  C:300EH         LINE#         148
  C:300EH         LINE#         149
  C:3014H         LINE#         151
  C:3014H         LINE#         152
  C:3014H         LINE#         153
  C:3014H         LINE#         157
  C:3017H         LINE#         158
  C:301AH         LINE#         159
  C:3022H         LINE#         160
  C:3026H         LINE#         161
  C:3026H         LINE#         162
  C:302EH         LINE#         163
  C:302EH         LINE#         164
  C:3031H         LINE#         165
  C:3039H         LINE#         166
  C:303BH         LINE#         167
  C:304FH         LINE#         168
  C:304FH         LINE#         169
  C:304FH         LINE#         170
  C:304FH         LINE#         171
  C:3055H         LINE#         173
  C:3057H         LINE#         174
  C:3057H         LINE#         175
  C:3057H         LINE#         176
  C:305DH         LINE#         178
  C:305FH         LINE#         179
  C:305FH         LINE#         180
  C:305FH         LINE#         181
  C:3065H         LINE#         183
  C:3067H         LINE#         184
  C:3067H         LINE#         185
  C:3067H         LINE#         186
  C:306DH         LINE#         188
  C:306DH         LINE#         189
  C:306DH         LINE#         190
  C:306DH         LINE#         192
  C:3073H         LINE#         193
  C:3073H         LINE#         195
  C:3073H         LINE#         196
  C:3076H         LINE#         197
  C:3076H         LINE#         198
  C:3076H         LINE#         200
  C:3076H         LINE#         201
  C:3078H         LINE#         202
  C:3078H         LINE#         203
BL51 BANKED LINKER/LOCATER V6.22                                                      01/29/2019  13:24:19  PAGE 24


  -------         ENDPROC       KEY_SCAN
  -------         PROC          KEY_PROCESS
  -------         DO            
  X:0498H         SYMBOL        KeyCount
  X:049AH         SYMBOL        KeyNum_Old
  X:049BH         SYMBOL        KeyNum
  X:049CH         SYMBOL        PressedKey
  X:0258H         SYMBOL        d
  D:0004H         SYMBOL        hours
  D:0006H         SYMBOL        mins
  X:025AH         SYMBOL        months
  X:025CH         SYMBOL        days
  -------         ENDDO         
  C:2628H         LINE#         204
  C:2628H         LINE#         205
  C:2628H         LINE#         209
  C:2630H         LINE#         210
  C:2638H         LINE#         212
  C:263BH         LINE#         213
  C:263BH         LINE#         214
  C:263EH         LINE#         216
  C:263EH         LINE#         217
  C:264BH         LINE#         218
  C:264BH         LINE#         219
  C:264EH         LINE#         220
  C:2651H         LINE#         222
  C:2654H         LINE#         224
  C:2654H         LINE#         225
  C:265FH         LINE#         226
  C:265FH         LINE#         227
  C:2662H         LINE#         229
  C:2662H         LINE#         230
  C:2669H         LINE#         231
  C:2669H         LINE#         232
  C:266CH         LINE#         234
  C:266CH         LINE#         235
  C:2674H         LINE#         236
  C:2674H         LINE#         237
  C:267EH         LINE#         238
  C:2686H         LINE#         240
  C:268FH         LINE#         242
  C:268FH         LINE#         251
  C:26A4H         LINE#         252
  C:26A4H         LINE#         253
  C:26B6H         LINE#         254
  C:26C4H         LINE#         255
  C:26D3H         LINE#         256
  C:26D3H         LINE#         258
  C:26D9H         LINE#         262
  C:26EFH         LINE#         263
  C:2700H         LINE#         264
  C:271BH         LINE#         265
  C:271BH         LINE#         266
  C:272BH         LINE#         267
  C:273CH         LINE#         268
  C:273CH         LINE#         272
  C:2755H         LINE#         273
BL51 BANKED LINKER/LOCATER V6.22                                                      01/29/2019  13:24:19  PAGE 25


  C:276CH         LINE#         274
  C:278CH         LINE#         275
  C:278CH         LINE#         276
  C:2796H         LINE#         277
  C:2796H         LINE#         278
  C:279FH         LINE#         279
  C:279FH         LINE#         280
  C:27B3H         LINE#         281
  C:27B3H         LINE#         282
  C:27B3H         LINE#         283
  C:27B3H         LINE#         284
  C:27B3H         LINE#         285
  C:27B5H         LINE#         287
  C:27B5H         LINE#         288
  C:27C1H         LINE#         289
  C:27C1H         LINE#         290
  C:27D2H         LINE#         291
  C:27D2H         LINE#         292
  C:27D2H         LINE#         293
  C:27D2H         LINE#         294
  C:27D2H         LINE#         296
  C:27D4H         LINE#         298
  C:27D4H         LINE#         299
  C:27E5H         LINE#         300
  C:27E5H         LINE#         301
  C:27E5H         LINE#         302
  C:27E5H         LINE#         303
  C:27E5H         LINE#         305
  C:27E5H         LINE#         307
  C:27E5H         LINE#         308
  C:27E7H         LINE#         310
  C:27E7H         LINE#         311
  C:27FAH         LINE#         312
  C:27FAH         LINE#         313
  C:280BH         LINE#         314
  C:280BH         LINE#         315
  C:280BH         LINE#         316
  C:280BH         LINE#         317
  C:280BH         LINE#         318
  C:280DH         LINE#         320
  C:280DH         LINE#         321
  C:281EH         LINE#         322
  C:281EH         LINE#         323
  C:282FH         LINE#         324
  C:2840H         LINE#         325
  C:2840H         LINE#         326
  C:2840H         LINE#         327
  C:2840H         LINE#         328
  C:2840H         LINE#         329
  C:2843H         LINE#         330
  C:2848H         LINE#         331
  C:284DH         LINE#         332
  C:2852H         LINE#         333
  C:2857H         LINE#         334
  C:285CH         LINE#         335
  C:2861H         LINE#         336
  C:2866H         LINE#         337
BL51 BANKED LINKER/LOCATER V6.22                                                      01/29/2019  13:24:19  PAGE 26


  C:2866H         LINE#         339
  C:2888H         LINE#         340
  C:2888H         LINE#         341
  C:2892H         LINE#         342
  C:2892H         LINE#         343
  C:2897H         LINE#         344
  C:28A0H         LINE#         345
  C:28B7H         LINE#         346
  C:28B7H         LINE#         347
  C:28C7H         LINE#         349
  C:28C7H         LINE#         353
  -------         ENDPROC       KEY_PROCESS
  -------         PROC          KEYPAD_IO_INIT
  C:414DH         LINE#         356
  C:414DH         LINE#         357
  C:414DH         LINE#         358
  C:4150H         LINE#         359
  C:4153H         LINE#         360
  C:4156H         LINE#         361
  C:4158H         LINE#         362
  -------         ENDPROC       KEYPAD_IO_INIT
  -------         ENDMOD        KEYPAD

  -------         MODULE        BIPOLARMOTOR
  C:0000H         SYMBOL        _ICE_DUMMY_
  D:0080H         PUBLIC        P0
  D:0090H         PUBLIC        P1
  D:00A0H         PUBLIC        P2
  D:00B0H         PUBLIC        P3
  D:00C0H         PUBLIC        P4
  D:00C8H         PUBLIC        P5
  D:00E8H         PUBLIC        P6
  D:00F8H         PUBLIC        P7
  X:0000H         PUBLIC        low_date_azimuth_mapping
  D:00A8H         PUBLIC        IE
  C:3643H         PUBLIC        linear_interpolate
  C:3EFDH         PUBLIC        _Move
  D:00B8H         PUBLIC        IP
  C:2B99H         PUBLIC        _findDet3x3
  C:2368H         PUBLIC        _findDet4x4
  D:00D8H         PUBLIC        CCON
  X:0028H         PUBLIC        previous_move_time
  D:0098H         PUBLIC        SCON
  D:0088H         PUBLIC        TCON
  C:4189H         PUBLIC        wait
  C:3E24H         PUBLIC        _Step_move
  X:0029H         PUBLIC        dat
  C:000EH         PUBLIC        _Update_position
  C:3D0CH         PUBLIC        vOneStepMove
  X:002FH         PUBLIC        elevation_stamp
  X:005BH         PUBLIC        date_azimuth_mapping
  X:0083H         PUBLIC        RX_pos
  C:4038H         PUBLIC        _BCDtoDec1
  X:023BH         PUBLIC        degree
  D:00D0H         PUBLIC        PSW
  -------         PROC          L?0058
  -------         ENDPROC       L?0058
BL51 BANKED LINKER/LOCATER V6.22                                                      01/29/2019  13:24:19  PAGE 27


  -------         PROC          _BCDTODEC1
  D:0007H         SYMBOL        bcd
  -------         DO            
  D:0006H         SYMBOL        hi
  D:0007H         SYMBOL        lo
  -------         ENDDO         
  C:4038H         LINE#         28
  C:4038H         LINE#         29
  C:4038H         LINE#         31
  C:403DH         LINE#         32
  C:4041H         LINE#         33
  C:4048H         LINE#         34
  -------         ENDPROC       _BCDTODEC1
  -------         PROC          WAIT
  C:4189H         LINE#         36
  C:4189H         LINE#         38
  -------         ENDPROC       WAIT
  -------         PROC          VONESTEPMOVE
  B:0020H.7       SYMBOL        bDir
  C:3D0CH         LINE#         40
  C:3D0CH         LINE#         41
  C:3D0CH         LINE#         43
  C:3D12H         LINE#         44
  C:3D12H         LINE#         45
  C:3D15H         LINE#         46
  C:3D1EH         LINE#         47
  C:3D25H         LINE#         48
  C:3D2AH         LINE#         49
  C:3D2AH         LINE#         50
  C:3D2AH         LINE#         52
  C:3D2CH         LINE#         55
  C:3D2CH         LINE#         56
  C:3D2FH         LINE#         57
  C:3D38H         LINE#         58
  C:3D3FH         LINE#         59
  C:3D45H         LINE#         60
  C:3D4EH         LINE#         61
  C:3D55H         LINE#         62
  C:3D55H         LINE#         66
  -------         ENDPROC       VONESTEPMOVE
  -------         PROC          _STEP_MOVE
  X:02F4H         SYMBOL        step
  B:0020H.6       SYMBOL        dir
  -------         DO            
  X:02F6H         SYMBOL        i
  -------         ENDDO         
  C:3E24H         LINE#         68
  C:3E2CH         LINE#         69
  C:3E2CH         LINE#         71
  C:3E31H         LINE#         74
  C:3E4CH         LINE#         75
  C:3E4CH         LINE#         76
  C:3E53H         LINE#         78
  C:3E63H         LINE#         80
  -------         ENDPROC       _STEP_MOVE
  -------         PROC          _MOVE
  X:02F0H         SYMBOL        distance
BL51 BANKED LINKER/LOCATER V6.22                                                      01/29/2019  13:24:19  PAGE 28


  B:0020H.5       SYMBOL        direction
  -------         DO            
  D:0006H         SYMBOL        step
  -------         ENDDO         
  C:3EFDH         LINE#         82
  C:3F03H         LINE#         83
  C:3F03H         LINE#         86
  C:3F1EH         LINE#         87
  -------         ENDPROC       _MOVE
  C:2B7AH         SYMBOL        L?0054
  C:2B8EH         SYMBOL        L?0055
  -------         PROC          L?0053
  -------         ENDPROC       L?0053
  C:2B7AH         SYMBOL        L?0054
  C:2B8EH         SYMBOL        L?0055
  -------         PROC          _FINDDET3X3
  X:0474H         SYMBOL        a11
  X:0478H         SYMBOL        a12
  X:047CH         SYMBOL        a13
  X:0480H         SYMBOL        a21
  X:0484H         SYMBOL        a22
  X:0488H         SYMBOL        a23
  X:048CH         SYMBOL        a31
  X:0490H         SYMBOL        a32
  X:0494H         SYMBOL        a33
  C:2B99H         LINE#         91
  C:2B9FH         LINE#         95
  C:2B9FH         LINE#         96
  C:2D36H         LINE#         98
  -------         ENDPROC       _FINDDET3X3
  -------         PROC          _FINDDET4X4
  X:0434H         SYMBOL        a11
  X:0438H         SYMBOL        a12
  X:043CH         SYMBOL        a13
  X:0440H         SYMBOL        a14
  X:0444H         SYMBOL        a21
  X:0448H         SYMBOL        a22
  X:044CH         SYMBOL        a23
  X:0450H         SYMBOL        a24
  X:0454H         SYMBOL        a31
  X:0458H         SYMBOL        a32
  X:045CH         SYMBOL        a33
  X:0460H         SYMBOL        a34
  X:0464H         SYMBOL        a41
  X:0468H         SYMBOL        a42
  X:046CH         SYMBOL        a43
  X:0470H         SYMBOL        a44
  C:2368H         LINE#         99
  C:236EH         LINE#         103
  C:236EH         LINE#         110
  C:2627H         LINE#         114
  -------         ENDPROC       _FINDDET4X4
  C:3632H         SYMBOL        L?0057
  -------         PROC          L?0056
  -------         ENDPROC       L?0056
  C:3632H         SYMBOL        L?0057
  -------         PROC          LINEAR_INTERPOLATE
BL51 BANKED LINKER/LOCATER V6.22                                                      01/29/2019  13:24:19  PAGE 29


  X:02F7H         SYMBOL        p1
  X:02FFH         SYMBOL        p2
  X:0307H         SYMBOL        x
  -------         DO            
  D:0004H         SYMBOL        fx
  -------         ENDDO         
  C:3643H         LINE#         120
  C:3643H         LINE#         121
  C:3643H         LINE#         124
  C:36E2H         LINE#         126
  C:36E2H         LINE#         127
  -------         ENDPROC       LINEAR_INTERPOLATE
  -------         PROC          _UPDATE_POSITION
  D:0001H         SYMBOL        mnths
  D:0002H         SYMBOL        dys
  X:026EH         SYMBOL        hurs
  X:026FH         SYMBOL        mns
  X:0270H         SYMBOL        sconds
  X:0271H         SYMBOL        currnt_pos
  X:0274H         SYMBOL        offset_calib
  -------         DO            
  X:0278H         SYMBOL        date
  X:027AH         SYMBOL        i
  X:027CH         SYMBOL        yy
  X:027EH         SYMBOL        desired_distance
  X:0282H         SYMBOL        distance
  X:0286H         SYMBOL        JP_pos
  X:028AH         SYMBOL        pos_interpolate_azimuth
  X:02B2H         SYMBOL        current_local_sun_time
  X:02B6H         SYMBOL        azimuth
  X:02BAH         SYMBOL        elevation
  X:02BEH         SYMBOL        time_offset
  X:02C2H         SYMBOL        UTC_time
  X:02C6H         SYMBOL        declination
  X:02CAH         SYMBOL        p1
  X:02D2H         SYMBOL        p2
  X:02DAH         SYMBOL        time
  X:02ECH         SYMBOL        location
  X:02F4H         SYMBOL        sunCoord
  -------         ENDDO         
  C:000EH         LINE#         131
  C:0017H         LINE#         134
  C:0017H         LINE#         135
  C:0022H         LINE#         137
  C:003EH         LINE#         138
  C:0048H         LINE#         146
  C:0052H         LINE#         147
  C:005CH         LINE#         148
  C:0066H         LINE#         149
  C:0071H         LINE#         150
  C:007CH         LINE#         151
  C:0095H         LINE#         152
  C:00A6H         LINE#         153
  C:00B5H         LINE#         156
  C:00C9H         LINE#         160
  C:011BH         LINE#         161
  C:027FH         LINE#         162
BL51 BANKED LINKER/LOCATER V6.22                                                      01/29/2019  13:24:19  PAGE 30


  C:02CFH         LINE#         164
  C:03F7H         LINE#         166
  C:04C6H         LINE#         173
  C:04D0H         LINE#         174
  C:04D0H         LINE#         176
  C:04EAH         LINE#         177
  C:04EAH         LINE#         178
  C:055AH         LINE#         179
  C:055AH         LINE#         180
  C:0561H         LINE#         181
  C:0561H         LINE#         182
  C:058EH         LINE#         183
  C:05A9H         LINE#         185
  C:05F0H         LINE#         186
  C:0624H         LINE#         188
  C:066AH         LINE#         189
  C:068DH         LINE#         191
  C:068DH         LINE#         193
  C:0703H         LINE#         194
  C:0703H         LINE#         195
  C:070AH         LINE#         196
  C:070AH         LINE#         197
  C:0737H         LINE#         198
  C:0752H         LINE#         200
  C:0799H         LINE#         201
  C:07CDH         LINE#         203
  C:0813H         LINE#         204
  C:0833H         LINE#         206
  C:0833H         LINE#         207
  C:0844H         LINE#         210
  C:085EH         LINE#         211
  C:085EH         LINE#         212
  C:08CEH         LINE#         213
  C:08CEH         LINE#         214
  C:08FBH         LINE#         215
  C:0916H         LINE#         217
  C:0943H         LINE#         218
  C:095EH         LINE#         220
  C:0990H         LINE#         223
  C:0990H         LINE#         225
  C:09A1H         LINE#         227
  C:09B5H         LINE#         229
  C:09DAH         LINE#         230
  C:0A39H         LINE#         231
  C:0A39H         LINE#         237
  C:0A55H         LINE#         238
  C:0A55H         LINE#         239
  C:0A55H         LINE#         242
  -------         ENDPROC       _UPDATE_POSITION
  -------         ENDMOD        BIPOLARMOTOR

  -------         MODULE        SUNPOS
  C:0000H         SYMBOL        _ICE_DUMMY_
  C:1BC6H         PUBLIC        sunpos
  -------         PROC          SUNPOS
  X:02F7H         SYMBOL        udtTime
  X:0309H         SYMBOL        udtLocation
BL51 BANKED LINKER/LOCATER V6.22                                                      01/29/2019  13:24:19  PAGE 31


  X:0311H         SYMBOL        udtSunCoordinates
  -------         DO            
  X:0314H         SYMBOL        dElapsedJulianDays
  X:0318H         SYMBOL        dDecimalHours
  X:031CH         SYMBOL        dEclipticLongitude
  X:0320H         SYMBOL        dEclipticObliquity
  X:0324H         SYMBOL        dRightAscension
  X:0328H         SYMBOL        dDeclination
  X:032CH         SYMBOL        dY
  X:0330H         SYMBOL        dX
  -------         DO            
  X:0334H         SYMBOL        dJulianDate
  X:0338H         SYMBOL        liAux1
  X:033CH         SYMBOL        liAux2
  X:0334H         SYMBOL        dMeanLongitude
  X:0338H         SYMBOL        dMeanAnomaly
  X:033CH         SYMBOL        dOmega
  X:0334H         SYMBOL        dSin_EclipticLongitude
  X:0334H         SYMBOL        dGreenwichMeanSiderealTime
  X:0338H         SYMBOL        dLocalMeanSiderealTime
  X:033CH         SYMBOL        dLatitudeInRadians
  X:0340H         SYMBOL        dHourAngle
  X:0344H         SYMBOL        dCos_Latitude
  X:0348H         SYMBOL        dSin_Latitude
  X:034CH         SYMBOL        dCos_HourAngle
  X:0350H         SYMBOL        dParallax
  -------         ENDDO         
  -------         DO            
  X:0334H         SYMBOL        dMeanLongitude
  X:0338H         SYMBOL        dMeanAnomaly
  X:033CH         SYMBOL        dOmega
  X:0334H         SYMBOL        dSin_EclipticLongitude
  X:0334H         SYMBOL        dGreenwichMeanSiderealTime
  X:0338H         SYMBOL        dLocalMeanSiderealTime
  X:033CH         SYMBOL        dLatitudeInRadians
  X:0340H         SYMBOL        dHourAngle
  X:0344H         SYMBOL        dCos_Latitude
  X:0348H         SYMBOL        dSin_Latitude
  X:034CH         SYMBOL        dCos_HourAngle
  X:0350H         SYMBOL        dParallax
  -------         ENDDO         
  -------         DO            
  X:0334H         SYMBOL        dSin_EclipticLongitude
  X:0334H         SYMBOL        dGreenwichMeanSiderealTime
  X:0338H         SYMBOL        dLocalMeanSiderealTime
  X:033CH         SYMBOL        dLatitudeInRadians
  X:0340H         SYMBOL        dHourAngle
  X:0344H         SYMBOL        dCos_Latitude
  X:0348H         SYMBOL        dSin_Latitude
  X:034CH         SYMBOL        dCos_HourAngle
  X:0350H         SYMBOL        dParallax
  -------         ENDDO         
  -------         DO            
  X:0334H         SYMBOL        dGreenwichMeanSiderealTime
  X:0338H         SYMBOL        dLocalMeanSiderealTime
  X:033CH         SYMBOL        dLatitudeInRadians
  X:0340H         SYMBOL        dHourAngle
BL51 BANKED LINKER/LOCATER V6.22                                                      01/29/2019  13:24:19  PAGE 32


  X:0344H         SYMBOL        dCos_Latitude
  X:0348H         SYMBOL        dSin_Latitude
  X:034CH         SYMBOL        dCos_HourAngle
  X:0350H         SYMBOL        dParallax
  -------         ENDDO         
  -------         ENDDO         
  C:1BC6H         LINE#         6
  C:1BC6H         LINE#         7
  C:1BC6H         LINE#         9
  C:1BC6H         LINE#         27
  C:1C10H         LINE#         30
  C:1C31H         LINE#         31
  C:1D78H         LINE#         34
  C:1DC4H         LINE#         36
  C:1DE3H         LINE#         37
  C:1DE3H         LINE#         42
  C:1DE3H         LINE#         46
  C:1E15H         LINE#         47
  C:1E3FH         LINE#         48
  C:1E69H         LINE#         49
  C:1F16H         LINE#         52
  C:1F77H         LINE#         54
  C:1F77H         LINE#         59
  C:1F77H         LINE#         61
  C:1F8EH         LINE#         62
  C:1FB6H         LINE#         63
  C:1FCDH         LINE#         64
  C:1FF8H         LINE#         65
  C:202FH         LINE#         66
  C:205AH         LINE#         67
  C:205AH         LINE#         70
  C:205AH         LINE#         79
  C:2095H         LINE#         82
  C:20CFH         LINE#         84
  C:20F4H         LINE#         85
  C:2113H         LINE#         86
  C:212AH         LINE#         87
  C:2141H         LINE#         88
  C:2158H         LINE#         89
  C:21E1H         LINE#         91
  C:21FBH         LINE#         92
  C:225DH         LINE#         93
  C:2293H         LINE#         94
  C:22A5H         LINE#         95
  C:22D2H         LINE#         96
  C:22FFH         LINE#         98
  C:2321H         LINE#         100
  C:2359H         LINE#         103
  C:2359H         LINE#         104
  C:2367H         LINE#         105
  -------         ENDPROC       SUNPOS
  -------         ENDMOD        SUNPOS

  -------         MODULE        ADC
  C:0000H         SYMBOL        _ICE_DUMMY_
  D:0092H         PUBLIC        P1M0
  D:0091H         PUBLIC        P1M1
BL51 BANKED LINKER/LOCATER V6.22                                                      01/29/2019  13:24:19  PAGE 33


  D:0080H         PUBLIC        P0
  D:0090H         PUBLIC        P1
  D:00A0H         PUBLIC        P2
  D:00B0H         PUBLIC        P3
  D:00C0H         PUBLIC        P4
  D:00C8H         PUBLIC        P5
  D:00E8H         PUBLIC        P6
  D:00F8H         PUBLIC        P7
  D:00A8H         PUBLIC        IE
  D:00BDH         PUBLIC        ADC_RES
  D:00B8H         PUBLIC        IP
  D:0097H         PUBLIC        CLK_DIV
  D:00D8H         PUBLIC        CCON
  D:00BCH         PUBLIC        ADC_CONTR
  D:0098H         PUBLIC        SCON
  D:0088H         PUBLIC        TCON
  B:00A0H.4       PUBLIC        P24
  B:00A0H.5       PUBLIC        P25
  B:00A0H.6       PUBLIC        P26
  C:4011H         PUBLIC        ADC_Init
  C:3F4CH         PUBLIC        _ADC_GetResult
  D:009DH         PUBLIC        P1ASF
  D:00BEH         PUBLIC        ADC_RESL
  D:00D0H         PUBLIC        PSW
  -------         PROC          ADC_INIT
  C:4011H         LINE#         7
  C:4011H         LINE#         8
  C:4011H         LINE#         10
  C:4013H         LINE#         11
  C:4015H         LINE#         12
  C:4017H         LINE#         13
  C:401AH         LINE#         14
  C:401DH         LINE#         15
  C:4020H         LINE#         16
  C:4023H         LINE#         18
  C:4025H         LINE#         19
  C:4028H         LINE#         21
  -------         ENDPROC       ADC_INIT
  -------         PROC          _ADC_GETRESULT
  D:0007H         SYMBOL        ch
  -------         DO            
  D:0006H         SYMBOL        ADC_Value
  -------         ENDDO         
  C:3F4CH         LINE#         26
  C:3F4CH         LINE#         27
  C:3F4CH         LINE#         29
  C:3F51H         LINE#         30
  C:3F52H         LINE#         31
  C:3F53H         LINE#         32
  C:3F54H         LINE#         33
  C:3F55H         LINE#         34
  C:3F5AH         LINE#         35
  C:3F5DH         LINE#         36
  C:3F61H         LINE#         37
  C:3F71H         LINE#         38
  C:3F71H         LINE#         39
  -------         ENDPROC       _ADC_GETRESULT
BL51 BANKED LINKER/LOCATER V6.22                                                      01/29/2019  13:24:19  PAGE 34


  -------         ENDMOD        ADC

  -------         MODULE        CALIBRATION
  C:0000H         SYMBOL        _ICE_DUMMY_
  D:0080H         PUBLIC        P0
  D:0090H         PUBLIC        P1
  D:00A0H         PUBLIC        P2
  D:00B0H         PUBLIC        P3
  D:00C0H         PUBLIC        P4
  D:00C8H         PUBLIC        P5
  D:00E8H         PUBLIC        P6
  D:00F8H         PUBLIC        P7
  C:3994H         PUBLIC        _Max_Value
  D:00A8H         PUBLIC        IE
  C:3461H         PUBLIC        _calibration
  C:36E3H         PUBLIC        voltage_is_stable
  D:00B8H         PUBLIC        IP
  D:00D8H         PUBLIC        CCON
  D:0098H         PUBLIC        SCON
  D:0088H         PUBLIC        TCON
  C:3201H         PUBLIC        _Find_Real_Max
  D:00D0H         PUBLIC        PSW
  -------         PROC          VOLTAGE_IS_STABLE
  -------         DO            
  X:026CH         SYMBOL        sample_voltage
  X:0280H         SYMBOL        i
  X:0282H         SYMBOL        ch
  -------         ENDDO         
  C:36E3H         LINE#         17
  C:36E3H         LINE#         18
  C:36E3H         LINE#         20
  C:36EAH         LINE#         21
  C:36F0H         LINE#         22
  C:36F0H         LINE#         23
  C:3719H         LINE#         24
  C:3738H         LINE#         26
  C:3752H         LINE#         27
  C:3752H         LINE#         28
  C:3785H         LINE#         29
  C:3789H         LINE#         30
  C:3799H         LINE#         31
  C:379DH         LINE#         32
  -------         ENDPROC       VOLTAGE_IS_STABLE
  -------         PROC          _FIND_REAL_MAX
  X:026CH         SYMBOL        current_position
  -------         DO            
  X:026FH         SYMBOL        ch
  X:0270H         SYMBOL        calib_step_move
  X:0274H         SYMBOL        voltage_at_scanned_pos
  X:02ECH         SYMBOL        max_location
  X:02EEH         SYMBOL        i
  -------         ENDDO         
  C:3201H         LINE#         33
  C:320CH         LINE#         34
  C:320CH         LINE#         35
  C:320FH         LINE#         36
  C:3217H         LINE#         40
BL51 BANKED LINKER/LOCATER V6.22                                                      01/29/2019  13:24:19  PAGE 35


  C:321EH         LINE#         41
[...]
  X:0268H         SYMBOL        JP_max_pos
  -------         ENDDO         
  C:3461H         LINE#         84
  C:346CH         LINE#         87
  C:346CH         LINE#         88
  C:3476H         LINE#         89
  C:348AH         LINE#         91
  C:3494H         LINE#         92
  C:3494H         LINE#         94
  C:34CAH         LINE#         95
  C:34E8H         LINE#         97
  C:34F1H         LINE#         98
  C:3514H         LINE#         99
  C:3530H         LINE#         100
  C:353FH         LINE#         101
  C:353FH         LINE#         103
  C:3544H         LINE#         104
BL51 BANKED LINKER/LOCATER V6.22                                                      01/29/2019  13:24:19  PAGE 36


  -------         ENDPROC       _CALIBRATION
  -------         ENDMOD        CALIBRATION

  -------         MODULE        IOEXPANDER_PI4IOE5V96248
  C:0000H         SYMBOL        _ICE_DUMMY_
  D:0080H         PUBLIC        P0
  B:00C8H.4       PUBLIC        I2C_SCK
  D:0090H         PUBLIC        P1
  D:00A0H         PUBLIC        P2
  D:00B0H         PUBLIC        P3
  D:00C0H         PUBLIC        P4
  D:00C8H         PUBLIC        P5
  D:00E8H         PUBLIC        P6
  D:00F8H         PUBLIC        P7
  D:00A8H         PUBLIC        IE
  D:00B8H         PUBLIC        IP
  D:00D8H         PUBLIC        CCON
  C:4113H         PUBLIC        I2C_Start
  D:0098H         PUBLIC        SCON
  D:0088H         PUBLIC        TCON
  C:379EH         PUBLIC        _Write_PI4IOE5V96248
  C:4122H         PUBLIC        uC_NACK
  C:3EDFH         PUBLIC        _Wait_ms_i2c
  C:3F2AH         PUBLIC        _I2C_SendByte
  C:40A3H         PUBLIC        I2C_Stop
  C:418AH         PUBLIC        nop
  C:4179H         PUBLIC        uC_ACK
  C:4078H         PUBLIC        I2C_ACK
  B:00C0H.7       PUBLIC        I2C_SDA
  D:00D0H         PUBLIC        PSW
  C:3ED9H         SYMBOL        L?0031
  C:3EDBH         SYMBOL        L?0032
  -------         PROC          L?0030
  -------         ENDPROC       L?0030
  C:3ED9H         SYMBOL        L?0031
  C:3EDBH         SYMBOL        L?0032
  -------         PROC          _WAIT_MS_I2C
  D:0006H         SYMBOL        ms
  -------         DO            
  D:0004H         SYMBOL        De_Cnt
  -------         ENDDO         
  C:3EDFH         LINE#         7
  C:3EDFH         LINE#         8
  C:3EDFH         LINE#         10
  C:3EE9H         LINE#         11
  C:3EE9H         LINE#         12
  C:3EFCH         LINE#         13
  C:3EFCH         LINE#         14
  -------         ENDPROC       _WAIT_MS_I2C
  -------         PROC          NOP
  C:418AH         LINE#         16
  C:418AH         LINE#         17
  C:418AH         LINE#         19
  -------         ENDPROC       NOP
  -------         PROC          I2C_START
  C:4113H         LINE#         20
  C:4113H         LINE#         21
BL51 BANKED LINKER/LOCATER V6.22                                                      01/29/2019  13:24:19  PAGE 37


  C:4113H         LINE#         23
  C:4115H         LINE#         24
  C:4117H         LINE#         25
  C:411AH         LINE#         26
  C:411CH         LINE#         27
  C:411FH         LINE#         28
  C:4121H         LINE#         31
  -------         ENDPROC       I2C_START
  -------         PROC          I2C_STOP
  C:40A3H         LINE#         33
  C:40A3H         LINE#         34
  C:40A3H         LINE#         35
  C:40A5H         LINE#         36
  C:40A7H         LINE#         37
  C:40AAH         LINE#         38
  C:40ACH         LINE#         39
  C:40AEH         LINE#         40
  C:40B5H         LINE#         41
  C:40B7H         LINE#         44
  -------         ENDPROC       I2C_STOP
  -------         PROC          I2C_ACK
  -------         DO            
  X:02FBH         SYMBOL        i
  D:0003H         SYMBOL        dat
  -------         ENDDO         
  C:4078H         LINE#         46
  C:4078H         LINE#         47
  C:4078H         LINE#         49
  C:4079H         LINE#         54
  C:407CH         LINE#         55
  C:407EH         LINE#         56
  C:4081H         LINE#         58
  C:4084H         LINE#         59
  C:4084H         LINE#         60
  C:4088H         LINE#         61
  C:4088H         LINE#         64
  C:4088H         LINE#         65
  C:408BH         LINE#         66
  C:408BH         LINE#         67
  C:408DH         LINE#         68
  -------         ENDPROC       I2C_ACK
  -------         PROC          UC_ACK
  -------         DO            
  X:04ADH         SYMBOL        i
  -------         ENDDO         
  C:4179H         LINE#         69
  C:4179H         LINE#         70
  C:4179H         LINE#         72
  C:4179H         LINE#         79
  C:4179H         LINE#         81
  C:4179H         LINE#         83
  C:4179H         LINE#         84
  C:4179H         LINE#         87
  C:417CH         LINE#         88
  C:417EH         LINE#         89
  C:417EH         LINE#         93
  -------         ENDPROC       UC_ACK
BL51 BANKED LINKER/LOCATER V6.22                                                      01/29/2019  13:24:19  PAGE 38


  -------         PROC          UC_NACK
  -------         DO            
  X:04AEH         SYMBOL        i
  -------         ENDDO         
  C:4122H         LINE#         95
  C:4122H         LINE#         96
  C:4122H         LINE#         98
  C:4122H         LINE#         102
  C:4124H         LINE#         105
  C:4124H         LINE#         106
  C:4126H         LINE#         107
  C:4126H         LINE#         109
  C:4126H         LINE#         110
  C:4126H         LINE#         113
  C:4129H         LINE#         114
  C:412BH         LINE#         115
  C:412EH         LINE#         116
  C:4130H         LINE#         117
  C:4130H         LINE#         121
  -------         ENDPROC       UC_NACK
  C:3F26H         SYMBOL        L?0034
  -------         PROC          L?0033
  -------         ENDPROC       L?0033
  C:3F26H         SYMBOL        L?0034
  -------         PROC          _I2C_SENDBYTE
  D:0001H         SYMBOL        dat
  -------         DO            
  D:0003H         SYMBOL        i
  -------         ENDDO         
  C:3F2AH         LINE#         125
  C:3F2CH         LINE#         126
  C:3F2CH         LINE#         129
  C:3F2EH         LINE#         130
  C:3F2EH         LINE#         131
  C:3F30H         LINE#         133
  C:3F34H         LINE#         134
  C:3F34H         LINE#         135
  C:3F36H         LINE#         136
  C:3F38H         LINE#         138
  C:3F38H         LINE#         139
  C:3F3AH         LINE#         140
  C:3F3AH         LINE#         141
  C:3F3DH         LINE#         142
  C:3F3FH         LINE#         144
  C:3F43H         LINE#         145
  C:3F46H         LINE#         146
  C:3F4BH         LINE#         147
  -------         ENDPROC       _I2C_SENDBYTE
  -------         PROC          _WRITE_PI4IOE5V96248
  X:02F8H         SYMBOL        xdat
  C:379EH         LINE#         148
  C:37A9H         LINE#         149
  C:37A9H         LINE#         150
  C:37ACH         LINE#         151
  C:37B3H         LINE#         152
  C:37B8H         LINE#         153
  C:37BEH         LINE#         154
BL51 BANKED LINKER/LOCATER V6.22                                                      01/29/2019  13:24:19  PAGE 39


  C:37BEH         LINE#         155
  C:37D0H         LINE#         156
  C:37D0H         LINE#         158
  C:37D6H         LINE#         159
  C:37D6H         LINE#         160
  C:37E6H         LINE#         161
  C:37E6H         LINE#         162
  C:37ECH         LINE#         163
  C:37ECH         LINE#         164
  C:37FCH         LINE#         165
  C:37FCH         LINE#         166
  C:3802H         LINE#         167
  C:3802H         LINE#         168
  C:3813H         LINE#         169
  C:3813H         LINE#         171
  C:3819H         LINE#         172
  C:3819H         LINE#         173
  C:382AH         LINE#         174
  C:382AH         LINE#         175
  C:3830H         LINE#         176
  C:3830H         LINE#         177
  C:3841H         LINE#         178
  C:3841H         LINE#         180
  C:3847H         LINE#         181
  C:384AH         LINE#         182
  -------         ENDPROC       _WRITE_PI4IOE5V96248
  -------         ENDMOD        IOEXPANDER_PI4IOE5V96248

  -------         MODULE        ?C_STARTUP
  C:3ABFH         SEGMENT       ?C_C51STARTUP
  I:0022H         SEGMENT       ?STACK
  C:0000H         PUBLIC        ?C_STARTUP
  D:00E0H         SYMBOL        ACC
  D:00F0H         SYMBOL        B
  D:0083H         SYMBOL        DPH
  D:0082H         SYMBOL        DPL
  N:0000H         SYMBOL        IBPSTACK
  N:0100H         SYMBOL        IBPSTACKTOP
  N:0080H         SYMBOL        IDATALEN
  C:3AC2H         SYMBOL        IDATALOOP
  N:0000H         SYMBOL        PBPSTACK
  N:0100H         SYMBOL        PBPSTACKTOP
  N:0000H         SYMBOL        PDATALEN
  N:0000H         SYMBOL        PDATASTART
  N:0000H         SYMBOL        PPAGE
  N:0000H         SYMBOL        PPAGEENABLE
  D:00A0H         SYMBOL        PPAGE_SFR
  D:0081H         SYMBOL        SP
  C:3ABFH         SYMBOL        STARTUP1
  N:0000H         SYMBOL        XBPSTACK
  N:0000H         SYMBOL        XBPSTACKTOP
  N:0000H         SYMBOL        XDATALEN
  N:0000H         SYMBOL        XDATASTART
  C:0000H         LINE#         126
  C:3ABFH         LINE#         133
  C:3AC1H         LINE#         134
  C:3AC2H         LINE#         135
BL51 BANKED LINKER/LOCATER V6.22                                                      01/29/2019  13:24:19  PAGE 40


  C:3AC3H         LINE#         136
  C:3AC5H         LINE#         185
  C:3AC8H         LINE#         196
  -------         ENDMOD        ?C_STARTUP

  -------         MODULE        ?C?FPADD
  C:0A5DH         PUBLIC        ?C?FPADD
  C:0A59H         PUBLIC        ?C?FPSUB
  -------         ENDMOD        ?C?FPADD

  -------         MODULE        ?C?FPMUL
  C:0B4EH         PUBLIC        ?C?FPMUL
  -------         ENDMOD        ?C?FPMUL

  -------         MODULE        ?C?FPDIV
  C:0C57H         PUBLIC        ?C?FPDIV
  -------         ENDMOD        ?C?FPDIV

  -------         MODULE        ?C?FPCMP
  C:0CF6H         PUBLIC        ?C?FPCMP
  C:0CF4H         PUBLIC        ?C?FPCMP3
  -------         ENDMOD        ?C?FPCMP

  -------         MODULE        ?C?FPNEG
  C:0D6DH         PUBLIC        ?C?FPNEG
  -------         ENDMOD        ?C?FPNEG

  -------         MODULE        ?C?FCAST
  C:0D88H         PUBLIC        ?C?FCASTC
  C:0D83H         PUBLIC        ?C?FCASTI
  C:0D7EH         PUBLIC        ?C?FCASTL
  -------         ENDMOD        ?C?FCAST

  -------         MODULE        ?C?CASTF
  C:0DBCH         PUBLIC        ?C?CASTF
  -------         ENDMOD        ?C?CASTF

  -------         MODULE        ATAN2
  X:0354H         PUBLIC        ?_atan2?BYTE
  C:38F7H         PUBLIC        _atan2
  -------         ENDMOD        ATAN2

  -------         MODULE        SIN
  C:30C1H         PUBLIC        _COS
  C:30D7H         PUBLIC        _SIN
  C:3113H         PUBLIC        _TAN
  -------         ENDMOD        SIN

  -------         MODULE        ACOS
  C:3D56H         PUBLIC        _ACOS
  -------         ENDMOD        ACOS

  -------         MODULE        ASIN
  C:3E64H         PUBLIC        _ASIN
  -------         ENDMOD        ASIN

  -------         MODULE        SQRT
BL51 BANKED LINKER/LOCATER V6.22                                                      01/29/2019  13:24:19  PAGE 41


  C:384FH         PUBLIC        _SQRT
  -------         ENDMOD        SQRT

  -------         MODULE        ATAN
  C:335FH         PUBLIC        _ATAN
  -------         ENDMOD        ATAN

  -------         MODULE        ?C?COPY
  C:0F5AH         PUBLIC        ?C?COPY
  -------         ENDMOD        ?C?COPY

  -------         MODULE        ?C?CLDPTR
  C:0F80H         PUBLIC        ?C?CLDPTR
  -------         ENDMOD        ?C?CLDPTR

  -------         MODULE        ?C?CLDOPTR
  C:0F99H         PUBLIC        ?C?CLDOPTR
  -------         ENDMOD        ?C?CLDOPTR

  -------         MODULE        ?C?CSTPTR
  C:0FC6H         PUBLIC        ?C?CSTPTR
  -------         ENDMOD        ?C?CSTPTR

  -------         MODULE        ?C?IMUL
  C:0FD8H         PUBLIC        ?C?IMUL
  -------         ENDMOD        ?C?IMUL

  -------         MODULE        ?C?UIDIV
  C:0FEAH         PUBLIC        ?C?UIDIV
  -------         ENDMOD        ?C?UIDIV

  -------         MODULE        ?C?SIDIV
  C:103FH         PUBLIC        ?C?SIDIV
  -------         ENDMOD        ?C?SIDIV

  -------         MODULE        ?C?ILDIX
  C:1075H         PUBLIC        ?C?ILDIX
  -------         ENDMOD        ?C?ILDIX

  -------         MODULE        ?C?ILDOPTR
  C:108BH         PUBLIC        ?C?ILDOPTR
  -------         ENDMOD        ?C?ILDOPTR

  -------         MODULE        ?C?LMUL
  C:10C3H         PUBLIC        ?C?LMUL
  -------         ENDMOD        ?C?LMUL

  -------         MODULE        ?C?SLDIV
  C:3DA0H         PUBLIC        ?C?SLDIV
  -------         ENDMOD        ?C?SLDIV

  -------         MODULE        ?C?LNEG
  C:1112H         PUBLIC        ?C?LNEG
  -------         ENDMOD        ?C?LNEG

  -------         MODULE        ?C?LLDPTR
  C:1120H         PUBLIC        ?C?LLDPTR
BL51 BANKED LINKER/LOCATER V6.22                                                      01/29/2019  13:24:19  PAGE 42


  -------         ENDMOD        ?C?LLDPTR

  -------         MODULE        ?C?LLDOPTR
  C:1140H         PUBLIC        ?C?LLDOPTR
  -------         ENDMOD        ?C?LLDOPTR

  -------         MODULE        ?C?LSTPTR
  C:1170H         PUBLIC        ?C?LSTPTR
  -------         ENDMOD        ?C?LSTPTR

  -------         MODULE        ?C?LSTOPTR
  C:118AH         PUBLIC        ?C?LSTOPTR
  -------         ENDMOD        ?C?LSTOPTR

  -------         MODULE        ?C?LLDXDATA
  C:11AEH         PUBLIC        ?C?LLDXDATA
  -------         ENDMOD        ?C?LLDXDATA

  -------         MODULE        ?C?LLDCODE
  C:11BAH         PUBLIC        ?C?LLDCODE
  -------         ENDMOD        ?C?LLDCODE

  -------         MODULE        ?C?LLDXDATA0
  C:11CAH         PUBLIC        ?C?LLDXDATA0
  -------         ENDMOD        ?C?LLDXDATA0

  -------         MODULE        ?C?LLDCODE0
  C:11D6H         PUBLIC        ?C?LLDCODE0
  -------         ENDMOD        ?C?LLDCODE0

  -------         MODULE        ?C?LLDPTR0
  C:11E6H         PUBLIC        ?C?LLDPTR0
  -------         ENDMOD        ?C?LLDPTR0

  -------         MODULE        ?C?LSTXDATA
  C:1206H         PUBLIC        ?C?LSTXDATA
  -------         ENDMOD        ?C?LSTXDATA

  -------         MODULE        ?C?LSTKXDATA
  C:1212H         PUBLIC        ?C?LSTKXDATA
  -------         ENDMOD        ?C?LSTKXDATA

  -------         MODULE        ?C?OFFXADD
  C:1243H         PUBLIC        ?C?OFFXADD
  -------         ENDMOD        ?C?OFFXADD

  -------         MODULE        ABS
  C:4159H         PUBLIC        _ABS
  -------         ENDMOD        ABS

  -------         MODULE        ATOI
  C:3545H         PUBLIC        _atoi
  -------         ENDMOD        ATOI

  -------         MODULE        ?C?IILDX
  C:124FH         PUBLIC        ?C?IILDX
  -------         ENDMOD        ?C?IILDX
BL51 BANKED LINKER/LOCATER V6.22                                                      01/29/2019  13:24:19  PAGE 43



  -------         MODULE        ?C?ULDIV
  C:12A1H         PUBLIC        ?C?ULDIV
  -------         ENDMOD        ?C?ULDIV

  -------         MODULE        ?C?LLDIDATA
  C:1333H         PUBLIC        ?C?LLDIDATA
  -------         ENDMOD        ?C?LLDIDATA

  -------         MODULE        ?C?LLDPDATA
  C:133FH         PUBLIC        ?C?LLDPDATA
  -------         ENDMOD        ?C?LLDPDATA

  -------         MODULE        ?C?LLDIDATA0
  C:134BH         PUBLIC        ?C?LLDIDATA0
  -------         ENDMOD        ?C?LLDIDATA0

  -------         MODULE        ?C?LLDPDATA0
  C:1358H         PUBLIC        ?C?LLDPDATA0
  -------         ENDMOD        ?C?LLDPDATA0

  -------         MODULE        ?C?LSTIDATA
  C:1365H         PUBLIC        ?C?LSTIDATA
  -------         ENDMOD        ?C?LSTIDATA

  -------         MODULE        ?C?LSTPDATA
  C:1371H         PUBLIC        ?C?LSTPDATA
  -------         ENDMOD        ?C?LSTPDATA

  -------         MODULE        ISDIGIT
  C:4131H         PUBLIC        _isdigit
  -------         ENDMOD        ISDIGIT

  -------         MODULE        ISSPACE
  C:40CCH         PUBLIC        _isspace
  -------         ENDMOD        ISSPACE

*** WARNING L16: UNCALLED SEGMENT, IGNORED FOR OVERLAY PROCESS
    SEGMENT: ?PR?_DISPLAY_PROX?MAIN

*** WARNING L16: UNCALLED SEGMENT, IGNORED FOR OVERLAY PROCESS
    SEGMENT: ?PR?_DAY_OF_YEAR?PCF85063BTL

*** WARNING L16: UNCALLED SEGMENT, IGNORED FOR OVERLAY PROCESS
    SEGMENT: ?PR?INITUART1?UART1

*** WARNING L16: UNCALLED SEGMENT, IGNORED FOR OVERLAY PROCESS
    SEGMENT: ?PR?_SENDSTRING?UART1

*** WARNING L16: UNCALLED SEGMENT, IGNORED FOR OVERLAY PROCESS
    SEGMENT: ?PR?_TEN?UART1

*** WARNING L16: UNCALLED SEGMENT, IGNORED FOR OVERLAY PROCESS
    SEGMENT: ?PR?_UNIT?UART1

*** WARNING L16: UNCALLED SEGMENT, IGNORED FOR OVERLAY PROCESS
    SEGMENT: ?PR?_DECTOBCD?UART1
BL51 BANKED LINKER/LOCATER V6.22                                                      01/29/2019  13:24:19  PAGE 44



*** WARNING L16: UNCALLED SEGMENT, IGNORED FOR OVERLAY PROCESS
    SEGMENT: ?PR?_ASCII_LETTER?UART1

*** WARNING L16: UNCALLED SEGMENT, IGNORED FOR OVERLAY PROCESS
    SEGMENT: ?PR?_ASCIITOBCD?UART1

*** WARNING L16: UNCALLED SEGMENT, IGNORED FOR OVERLAY PROCESS
    SEGMENT: ?PR?WAIT?BIPOLARMOTOR

*** WARNING L16: UNCALLED SEGMENT, IGNORED FOR OVERLAY PROCESS
    SEGMENT: ?PR?_FINDDET4X4?BIPOLARMOTOR

*** WARNING L16: UNCALLED SEGMENT, IGNORED FOR OVERLAY PROCESS
    SEGMENT: ?PR?NOP?IOEXPANDER_PI4IOE5V96248

*** WARNING L16: UNCALLED SEGMENT, IGNORED FOR OVERLAY PROCESS
    SEGMENT: ?PR?UC_ACK?IOEXPANDER_PI4IOE5V96248

*** WARNING L16: UNCALLED SEGMENT, IGNORED FOR OVERLAY PROCESS
    SEGMENT: ?PR?UC_NACK?IOEXPANDER_PI4IOE5V96248

*** WARNING L1: UNRESOLVED EXTERNAL SYMBOL
    SYMBOL:  AUTO_MODE
    MODULE:  .\Obj\main.obj (MAIN)

*** WARNING L2: REFERENCE MADE TO UNRESOLVED EXTERNAL
    SYMBOL:  AUTO_MODE
    MODULE:  .\Obj\main.obj (MAIN)
    ADDRESS: 1397H

*** WARNING L2: REFERENCE MADE TO UNRESOLVED EXTERNAL
    SYMBOL:  AUTO_MODE
    MODULE:  .\Obj\main.obj (MAIN)
    ADDRESS: 1502H

*** WARNING L2: REFERENCE MADE TO UNRESOLVED EXTERNAL
    SYMBOL:  AUTO_MODE
    MODULE:  .\Obj\main.obj (MAIN)
    ADDRESS: 1510H

*** WARNING L2: REFERENCE MADE TO UNRESOLVED EXTERNAL
    SYMBOL:  AUTO_MODE
    MODULE:  .\Obj\main.obj (MAIN)
    ADDRESS: 1522H

*** WARNING L2: REFERENCE MADE TO UNRESOLVED EXTERNAL
    SYMBOL:  AUTO_MODE
    MODULE:  .\Obj\main.obj (MAIN)
    ADDRESS: 1564H

*** WARNING L2: REFERENCE MADE TO UNRESOLVED EXTERNAL
    SYMBOL:  AUTO_MODE
    MODULE:  .\Obj\main.obj (MAIN)
    ADDRESS: 1637H

*** WARNING L1: UNRESOLVED EXTERNAL SYMBOL
BL51 BANKED LINKER/LOCATER V6.22                                                      01/29/2019  13:24:19  PAGE 45


    SYMBOL:  _SENDUART1
    MODULE:  .\Obj\UART1.obj (UART1)

*** WARNING L2: REFERENCE MADE TO UNRESOLVED EXTERNAL
    SYMBOL:  _SENDUART1
    MODULE:  .\Obj\UART1.obj (UART1)
    ADDRESS: 3ECDH

*** WARNING L1: UNRESOLVED EXTERNAL SYMBOL
    SYMBOL:  AUTO_MODE
    MODULE:  .\Obj\KeyPad.obj (KEYPAD)

*** WARNING L2: REFERENCE MADE TO UNRESOLVED EXTERNAL
    SYMBOL:  AUTO_MODE
    MODULE:  .\Obj\KeyPad.obj (KEYPAD)
    ADDRESS: 2675H

*** WARNING L2: REFERENCE MADE TO UNRESOLVED EXTERNAL
    SYMBOL:  AUTO_MODE
    MODULE:  .\Obj\KeyPad.obj (KEYPAD)
    ADDRESS: 2680H

*** WARNING L2: REFERENCE MADE TO UNRESOLVED EXTERNAL
    SYMBOL:  AUTO_MODE
    MODULE:  .\Obj\KeyPad.obj (KEYPAD)
    ADDRESS: 2687H

Program Size: data=10.2 xdata=1199 code=16779
LINK/LOCATE RUN COMPLETE.  27 WARNING(S),  0 ERROR(S)
