BL51 BANKED LINKER/LOCATER V6.22                                                        02/12/2019  13:31:23  PAGE 1


BL51 BANKED LINKER/LOCATER V6.22, INVOKED BY:
C:\KEIL_V5\C51\BIN\BL51.EXE .\Obj\main.obj, .\Obj\PCF85063BTL.obj, .\Obj\UART1.obj, .\Obj\LCd_Driver_SPLC780D.obj, .\Obj
>> \KeyPad.obj, .\Obj\BipolarMotor.obj, .\Obj\SunPos.obj, .\Obj\ADC.obj, .\Obj\Calibration.obj, .\Obj\IOExpander_PI4IOE5
>> V96248.obj, .\Obj\AT25SF041.obj, .\Obj\STARTUP.obj TO .\Obj\GPIO_RTC_Test PRINT (.\Lis\GPIO_RTC_Test.m51) RAMSIZE (25
>> 6)


MEMORY MODEL: LARGE WITH FLOATING POINT ARITHMETIC


INPUT MODULES INCLUDED:
  .\Obj\main.obj (MAIN)
  .\Obj\PCF85063BTL.obj (PCF85063BTL)
  .\Obj\UART1.obj (UART1)
  .\Obj\LCd_Driver_SPLC780D.obj (LCD_DRIVER_SPLC780D)
  .\Obj\KeyPad.obj (KEYPAD)
  .\Obj\BipolarMotor.obj (BIPOLARMOTOR)
  .\Obj\SunPos.obj (SUNPOS)
  .\Obj\ADC.obj (ADC)
  .\Obj\Calibration.obj (CALIBRATION)
  .\Obj\IOExpander_PI4IOE5V96248.obj (IOEXPANDER_PI4IOE5V96248)
  .\Obj\AT25SF041.obj (AT25SF041)
  .\Obj\STARTUP.obj (?C_STARTUP)
  C:\KEIL_V5\C51\LIB\C51FPL.LIB (?C?FPADD)
  C:\KEIL_V5\C51\LIB\C51FPL.LIB (?C?FPMUL)
  C:\KEIL_V5\C51\LIB\C51FPL.LIB (?C?FPDIV)
  C:\KEIL_V5\C51\LIB\C51FPL.LIB (?C?FPCMP)
  C:\KEIL_V5\C51\LIB\C51FPL.LIB (?C?FPNEG)
  C:\KEIL_V5\C51\LIB\C51FPL.LIB (?C?FCAST)
  C:\KEIL_V5\C51\LIB\C51FPL.LIB (?C?CASTF)
  C:\KEIL_V5\C51\LIB\C51FPL.LIB (ATAN2)
  C:\KEIL_V5\C51\LIB\C51FPL.LIB (SIN)
  C:\KEIL_V5\C51\LIB\C51FPL.LIB (ACOS)
  C:\KEIL_V5\C51\LIB\C51FPL.LIB (ASIN)
  C:\KEIL_V5\C51\LIB\C51FPL.LIB (?C?FPGETOPN)
  C:\KEIL_V5\C51\LIB\C51FPL.LIB (?C?FPSERIES)
  C:\KEIL_V5\C51\LIB\C51FPL.LIB (SQRT)
  C:\KEIL_V5\C51\LIB\C51FPL.LIB (ATAN)
  C:\KEIL_V5\C51\LIB\C51L.LIB (?C_INIT)
  C:\KEIL_V5\C51\LIB\C51L.LIB (?C?COPY)
  C:\KEIL_V5\C51\LIB\C51L.LIB (?C?CLDPTR)
  C:\KEIL_V5\C51\LIB\C51L.LIB (?C?CLDOPTR)
  C:\KEIL_V5\C51\LIB\C51L.LIB (?C?CSTPTR)
  C:\KEIL_V5\C51\LIB\C51L.LIB (?C?IMUL)
  C:\KEIL_V5\C51\LIB\C51L.LIB (?C?UIDIV)
  C:\KEIL_V5\C51\LIB\C51L.LIB (?C?SIDIV)
  C:\KEIL_V5\C51\LIB\C51L.LIB (?C?ILDIX)
  C:\KEIL_V5\C51\LIB\C51L.LIB (?C?ILDOPTR)
  C:\KEIL_V5\C51\LIB\C51L.LIB (?C?LMUL)
  C:\KEIL_V5\C51\LIB\C51L.LIB (?C?SLDIV)
  C:\KEIL_V5\C51\LIB\C51L.LIB (?C?LNEG)
  C:\KEIL_V5\C51\LIB\C51L.LIB (?C?ULCMP)
  C:\KEIL_V5\C51\LIB\C51L.LIB (?C?LSHL)
  C:\KEIL_V5\C51\LIB\C51L.LIB (?C?LLDPTR)
  C:\KEIL_V5\C51\LIB\C51L.LIB (?C?LLDOPTR)
  C:\KEIL_V5\C51\LIB\C51L.LIB (?C?LSTPTR)
  C:\KEIL_V5\C51\LIB\C51L.LIB (?C?LSTOPTR)
  C:\KEIL_V5\C51\LIB\C51L.LIB (?C?LLDXDATA)
BL51 BANKED LINKER/LOCATER V6.22                                                      02/12/2019  13:31:23  PAGE 2


  C:\KEIL_V5\C51\LIB\C51L.LIB (?C?LLDCODE)
  C:\KEIL_V5\C51\LIB\C51L.LIB (?C?LLDXDATA0)
  C:\KEIL_V5\C51\LIB\C51L.LIB (?C?LLDCODE0)
  C:\KEIL_V5\C51\LIB\C51L.LIB (?C?LLDPTR0)
  C:\KEIL_V5\C51\LIB\C51L.LIB (?C?LSTXDATA)
  C:\KEIL_V5\C51\LIB\C51L.LIB (?C?LSTKXDATA)
  C:\KEIL_V5\C51\LIB\C51L.LIB (?C?OFFXADD)
  C:\KEIL_V5\C51\LIB\C51L.LIB (ABS)
  C:\KEIL_V5\C51\LIB\C51L.LIB (ATOI)
  C:\KEIL_V5\C51\LIB\C51L.LIB (?C?IILDX)
  C:\KEIL_V5\C51\LIB\C51L.LIB (?C?ULDIV)
  C:\KEIL_V5\C51\LIB\C51L.LIB (?C?LLDIDATA)
  C:\KEIL_V5\C51\LIB\C51L.LIB (?C?LLDPDATA)
  C:\KEIL_V5\C51\LIB\C51L.LIB (?C?LLDIDATA0)
  C:\KEIL_V5\C51\LIB\C51L.LIB (?C?LLDPDATA0)
  C:\KEIL_V5\C51\LIB\C51L.LIB (?C?LSTIDATA)
  C:\KEIL_V5\C51\LIB\C51L.LIB (?C?LSTPDATA)
  C:\KEIL_V5\C51\LIB\C51L.LIB (ISDIGIT)
  C:\KEIL_V5\C51\LIB\C51L.LIB (ISSPACE)


LINK MAP OF MODULE:  .\Obj\GPIO_RTC_Test (MAIN)


            TYPE    BASE      LENGTH    RELOCATION   SEGMENT NAME
            -----------------------------------------------------

            * * * * * * *   D A T A   M E M O R Y   * * * * * * *
            REG     0000H     0008H     ABSOLUTE     "REG BANK 0"
                    0008H     0018H                  *** GAP ***
            BIT     0020H.0   0000H.5   UNIT         ?BI?KEYPAD
            BIT     0020H.5   0000H.2   UNIT         ?BI?ATAN?ATAN
            BIT     0020H.7   0000H.1   UNIT         ?BI?MAIN
            BIT     0021H.0   0000H.1   UNIT         ?BI?VONESTEPMOVE?BIPOLARMOTOR
            BIT     0021H.1   0000H.1   UNIT         ?BI?_STEP_MOVE?BIPOLARMOTOR
            BIT     0021H.2   0000H.1   UNIT         ?BI?_MOVE?BIPOLARMOTOR
            BIT     0021H.3   0000H.1   UNIT         ?BI?SIN?SIN
            BIT     0021H.4   0000H.1   UNIT         ?BI?_ATOI?ATOI
                    0021H.5   0000H.3                *** GAP ***
            IDATA   0022H     0001H     UNIT         ?STACK

            * * * * * * *  X D A T A   M E M O R Y  * * * * * * *
            XDATA   0000H     038FH     UNIT         ?XD?BIPOLARMOTOR
            XDATA   038FH     00D4H     UNIT         ?XD?MAIN
            XDATA   0463H     009FH     UNIT         ?XD?_UPDATE_POSITION?BIPOLARMOTOR
            XDATA   0502H     0084H     UNIT         ?XD?_FIND_REAL_MAX?CALIBRATION
            XDATA   0586H     005DH     UNIT         ?XD?SUNPOS?SUNPOS
            XDATA   05E3H     0040H     UNIT         ?XD?_FINDDET4X4?BIPOLARMOTOR
            XDATA   0623H     0024H     UNIT         ?XD?_FINDDET3X3?BIPOLARMOTOR
            XDATA   0647H     0021H     UNIT         _XDATA_GROUP_
            XDATA   0668H     0018H     UNIT         ?XD?VOLTAGE_IS_STABLE?CALIBRATION
            XDATA   0680H     0014H     UNIT         ?XD?LINEAR_INTERPOLATE?BIPOLARMOTOR
            XDATA   0694H     0014H     UNIT         ?XD?_CALIBRATION?CALIBRATION
            XDATA   06A8H     000FH     UNIT         ?XD?_READ_TIME?PCF85063BTL
            XDATA   06B7H     000AH     UNIT         ?XD?_DISPLAY_POS?MAIN
            XDATA   06C1H     0009H     UNIT         ?XD?KEYPAD
            XDATA   06CAH     0008H     UNIT         ?XD?_ATAN2?ATAN2
BL51 BANKED LINKER/LOCATER V6.22                                                      02/12/2019  13:31:23  PAGE 3


            XDATA   06D2H     0006H     UNIT         ?XD?KEY_PROCESS?KEYPAD
            XDATA   06D8H     0005H     UNIT         ?XD?_ATOI?ATOI
            XDATA   06DDH     0004H     UNIT         ?XD?_DISPLAY_PROX?MAIN
            XDATA   06E1H     0004H     UNIT         ?XD?_STEP_MOVE?BIPOLARMOTOR
            XDATA   06E5H     0004H     UNIT         ?XD?_MOVE?BIPOLARMOTOR
            XDATA   06E9H     0004H     UNIT         ?XD?_MAX_VALUE?CALIBRATION
            XDATA   06EDH     0004H     UNIT         ?XD?SIN?SIN
            XDATA   06F1H     0004H     UNIT         ?XD?SQRT?SQRT
            XDATA   06F5H     0004H     UNIT         ?XD?ATAN?ATAN
            XDATA   06F9H     0003H     UNIT         ?XD?_SENDSTRING?UART1
            XDATA   06FCH     0003H     UNIT         ?XD?KEY_SCAN?KEYPAD
            XDATA   06FFH     0003H     UNIT         ?XD?_WRITE_PI4IOE5V96248?IOEXPANDER_PI4IOE5V96248
            XDATA   0702H     0001H     UNIT         ?XD?_DISPLAYLCD?LCD_DRIVER_SPLC780D
            XDATA   0703H     0001H     UNIT         ?XD?I2C_ACK?IOEXPANDER_PI4IOE5V96248
            XDATA   0704H     0001H     UNIT         ?XD?UC_ACK?IOEXPANDER_PI4IOE5V96248
            XDATA   0705H     0001H     UNIT         ?XD?UC_NACK?IOEXPANDER_PI4IOE5V96248

            * * * * * * *   C O D E   M E M O R Y   * * * * * * *
            CODE    0000H     0003H     ABSOLUTE     
            CODE    0003H     0006H     UNIT         ?PR?_TEN?UART1
            CODE    0009H     0001H     UNIT         ?PR?TM0_ISR?MAIN
            CODE    000AH     0001H     UNIT         ?PR?_DECTOBCD?UART1
            CODE    000BH     0003H     ABSOLUTE     
            CODE    000EH     0B00H     UNIT         ?PR?_UPDATE_POSITION?BIPOLARMOTOR
            CODE    0B0EH     094BH     UNIT         ?C?LIB_CODE
            CODE    1459H     07A2H     UNIT         ?PR?SUNPOS?SUNPOS
            CODE    1BFBH     03F2H     UNIT         ?C_INITSEG
            CODE    1FEDH     02C0H     UNIT         ?PR?_FINDDET4X4?BIPOLARMOTOR
            CODE    22ADH     02B1H     UNIT         ?PR?_FIND_REAL_MAX?CALIBRATION
            CODE    255EH     02A0H     UNIT         ?PR?KEY_PROCESS?KEYPAD
            CODE    27FEH     01D1H     UNIT         ?PR?_FINDDET3X3?BIPOLARMOTOR
            CODE    29CFH     018DH     UNIT         ?PR?KEY_SCAN?KEYPAD
            CODE    2B5CH     0188H     UNIT         ?PR?SIN?SIN
            CODE    2CE4H     0172H     UNIT         ?PR?_DISPLAY_POS?MAIN
            CODE    2E56H     0136H     UNIT         ?PR?_AT25SF041_READ?AT25SF041
            CODE    2F8CH     012DH     UNIT         ?PR?MAIN?MAIN
            CODE    30B9H     012CH     UNIT         ?PR?_AT25SF041_WRITE?AT25SF041
            CODE    31E5H     0122H     UNIT         ?PR?ATAN?ATAN
            CODE    3307H     00E4H     UNIT         ?PR?_CALIBRATION?CALIBRATION
            CODE    33EBH     00DBH     UNIT         ?PR?_ATOI?ATOI
            CODE    34C6H     00C3H     UNIT         ?PR?LINEAR_INTERPOLATE?BIPOLARMOTOR
            CODE    3589H     00BBH     UNIT         ?PR?VOLTAGE_IS_STABLE?CALIBRATION
            CODE    3644H     00ADH     UNIT         ?PR?_WRITE_PI4IOE5V96248?IOEXPANDER_PI4IOE5V96248
            CODE    36F1H     00ACH     UNIT         ?PR?SQRT?SQRT
            CODE    379DH     009DH     UNIT         ?PR?_ATAN2?ATAN2
            CODE    383AH     009CH     UNIT         ?PR?_MAX_VALUE?CALIBRATION
            CODE    38D6H     0095H     UNIT         ?PR?_DISPLAY_PROX?MAIN
            CODE    396BH     008CH     UNIT         ?C_C51STARTUP
            CODE    39F7H     0084H     UNIT         ?PR?_DAY_OF_YEAR?PCF85063BTL
            CODE    3A7BH     0075H     UNIT         ?PR?_WRITEDATA?LCD_DRIVER_SPLC780D
            CODE    3AF0H     006FH     UNIT         ?PR?_READ_TIME?PCF85063BTL
            CODE    3B5FH     005AH     UNIT         ?PR?AT25SF041_WRITEENABLE?AT25SF041
            CODE    3BB9H     0059H     UNIT         ?PR?LCD_INIT?LCD_DRIVER_SPLC780D
            CODE    3C12H     004AH     UNIT         ?PR?VONESTEPMOVE?BIPOLARMOTOR
            CODE    3C5CH     004AH     UNIT         ?PR?ACOS?ACOS
            CODE    3CA6H     0044H     UNIT         ?C?LDIV
            CODE    3CEAH     0040H     UNIT         ?PR?_COMMAND?LCD_DRIVER_SPLC780D
BL51 BANKED LINKER/LOCATER V6.22                                                      02/12/2019  13:31:23  PAGE 4


            CODE    3D2AH     0040H     UNIT         ?PR?_STEP_MOVE?BIPOLARMOTOR
            CODE    3D6AH     003BH     UNIT         ?PR?ASIN?ASIN
            CODE    3DA5H     0033H     UNIT         ?PR?_SENDSTRING?UART1
            CODE    3DD8H     002CH     UNIT         ?PR?_ADC_GETRESULT?ADC
            CODE    3E04H     002BH     UNIT         ?PR?_WAIT_MS_I2C?IOEXPANDER_PI4IOE5V96248
            CODE    3E2FH     0028H     UNIT         ?PR?_MOVE?BIPOLARMOTOR
            CODE    3E57H     0027H     UNIT         ?PR?_I2C_SENDBYTE?IOEXPANDER_PI4IOE5V96248
            CODE    3E7EH     0024H     UNIT         ?PR?_WAIT_MS?LCD_DRIVER_SPLC780D
            CODE    3EA2H     0020H     UNIT         ?PR?_SPI_SENDBYTE?PCF85063BTL
            CODE    3EC2H     0020H     UNIT         ?PR?SPI_RECEIVEBYTE?PCF85063BTL
            CODE    3EE2H     001FH     UNIT         ?PR?ADC_INIT?ADC
            CODE    3F01H     001EH     UNIT         ?PR?_DELAY_MS?KEYPAD
            CODE    3F1FH     001DH     UNIT         ?PR?_DISPLAYLCD?LCD_DRIVER_SPLC780D
            CODE    3F3CH     001BH     UNIT         ?PR?_BCDTODEC1?BIPOLARMOTOR
            CODE    3F57H     0018H     UNIT         ?PR?_SPI_WRITETIME?PCF85063BTL
            CODE    3F6FH     0017H     UNIT         ?PR?_ASCIITOBCD?UART1
            CODE    3F86H     0016H     UNIT         ?PR?I2C_ACK?IOEXPANDER_PI4IOE5V96248
            CODE    3F9CH     0015H     UNIT         ?PR?_DISPLAY_LINE?LCD_DRIVER_SPLC780D
            CODE    3FB1H     0015H     UNIT         ?PR?I2C_STOP?IOEXPANDER_PI4IOE5V96248
            CODE    3FC6H     0014H     UNIT         ?PR?_PCF85063BTL_DELAY?PCF85063BTL
            CODE    3FDAH     0014H     UNIT         ?PR?_ISSPACE?ISSPACE
            CODE    3FEEH     0011H     UNIT         ?PR?_SPI_READTIME?PCF85063BTL
            CODE    3FFFH     0011H     UNIT         ?PR?_BCDTODEC?PCF85063BTL
            CODE    4010H     0011H     UNIT         ?PR?INITUART1?UART1
            CODE    4021H     000FH     UNIT         ?PR?I2C_START?IOEXPANDER_PI4IOE5V96248
            CODE    4030H     000FH     UNIT         ?PR?UC_NACK?IOEXPANDER_PI4IOE5V96248
            CODE    403FH     000FH     UNIT         ?PR?_ISDIGIT?ISDIGIT
            CODE    404EH     000DH     UNIT         ?PR?SPI_INIT?PCF85063BTL
            CODE    405BH     000CH     UNIT         ?PR?KEYPAD_IO_INIT?KEYPAD
            CODE    4067H     000CH     UNIT         ?PR?_ABS?ABS
            CODE    4073H     000AH     UNIT         ?PR?LCD_RETURN_HOME?LCD_DRIVER_SPLC780D
            CODE    407DH     000AH     UNIT         ?PR?LCD_CLEAR?LCD_DRIVER_SPLC780D
            CODE    4087H     0006H     UNIT         ?PR?UC_ACK?IOEXPANDER_PI4IOE5V96248
            CODE    408DH     0005H     UNIT         ?PR?_UNIT?UART1
            CODE    4092H     0005H     UNIT         ?PR?_ASCII_LETTER?UART1
            CODE    4097H     0001H     UNIT         ?PR?WAIT?BIPOLARMOTOR
            CODE    4098H     0001H     UNIT         ?PR?NOP?IOEXPANDER_PI4IOE5V96248



OVERLAY MAP OF MODULE:   .\Obj\GPIO_RTC_Test (MAIN)


SEGMENT                                            XDATA_GROUP
  +--> CALLED SEGMENT                            START    LENGTH
----------------------------------------------------------------
?C_C51STARTUP                                    -----    -----
  +--> ?PR?MAIN?MAIN
  +--> ?C_INITSEG

?PR?MAIN?MAIN                                    0647H    0019H
  +--> ?PR?LCD_INIT?LCD_DRIVER_SPLC780D
  +--> ?PR?SPI_INIT?PCF85063BTL
  +--> ?PR?KEYPAD_IO_INIT?KEYPAD
  +--> ?PR?ADC_INIT?ADC
  +--> ?PR?_SPI_WRITETIME?PCF85063BTL
  +--> ?PR?_DELAY_MS?KEYPAD
BL51 BANKED LINKER/LOCATER V6.22                                                      02/12/2019  13:31:23  PAGE 5


  +--> ?PR?_DISPLAY_LINE?LCD_DRIVER_SPLC780D
  +--> ?PR?_WRITEDATA?LCD_DRIVER_SPLC780D
  +--> ?PR?AT25SF041_WRITEENABLE?AT25SF041
  +--> ?PR?_AT25SF041_WRITE?AT25SF041
  +--> ?PR?_AT25SF041_READ?AT25SF041

?PR?LCD_INIT?LCD_DRIVER_SPLC780D                 -----    -----
  +--> ?PR?_WAIT_MS?LCD_DRIVER_SPLC780D
  +--> ?PR?_COMMAND?LCD_DRIVER_SPLC780D

?PR?_COMMAND?LCD_DRIVER_SPLC780D                 -----    -----
  +--> ?PR?_WAIT_MS?LCD_DRIVER_SPLC780D

?PR?ADC_INIT?ADC                                 -----    -----
  +--> ?PR?_WAIT_MS?LCD_DRIVER_SPLC780D

?PR?_SPI_WRITETIME?PCF85063BTL                   -----    -----
  +--> ?PR?_SPI_SENDBYTE?PCF85063BTL

?PR?_SPI_SENDBYTE?PCF85063BTL                    -----    -----
  +--> ?PR?_PCF85063BTL_DELAY?PCF85063BTL

?PR?_DISPLAY_LINE?LCD_DRIVER_SPLC780D            -----    -----
  +--> ?PR?_COMMAND?LCD_DRIVER_SPLC780D

?PR?_WRITEDATA?LCD_DRIVER_SPLC780D               0660H    0001H
  +--> ?PR?_WAIT_MS?LCD_DRIVER_SPLC780D

?PR?AT25SF041_WRITEENABLE?AT25SF041              0660H    0003H
  +--> ?PR?_WAIT_MS_I2C?IOEXPANDER_PI4IOE5V9...

?PR?_AT25SF041_WRITE?AT25SF041                   0660H    0008H
  +--> ?PR?_WAIT_MS_I2C?IOEXPANDER_PI4IOE5V9...

?PR?_AT25SF041_READ?AT25SF041                    0660H    0008H
  +--> ?PR?_WAIT_MS_I2C?IOEXPANDER_PI4IOE5V9...



UNRESOLVED EXTERNAL SYMBOLS:
   AUTO_MODE
   _SENDUART1



SYMBOL TABLE OF MODULE:  .\Obj\GPIO_RTC_Test (MAIN)

  VALUE           TYPE          NAME
  ----------------------------------

  -------         MODULE        MAIN
  C:0000H         SYMBOL        _ICE_DUMMY_
  X:0397H         PUBLIC        calib_value
  D:0080H         PUBLIC        P0
  D:00B2H         PUBLIC        P3M0
  D:0090H         PUBLIC        P1
  D:00B1H         PUBLIC        P3M1
BL51 BANKED LINKER/LOCATER V6.22                                                      02/12/2019  13:31:23  PAGE 6


  D:00A0H         PUBLIC        P2
  D:00B0H         PUBLIC        P3
  D:00C0H         PUBLIC        P4
  D:00C8H         PUBLIC        P5
  X:03EBH         SYMBOL        PressedKey
  B:00A8H.7       PUBLIC        EA
  D:00E8H         PUBLIC        P6
  X:03EFH         PUBLIC        calib_stamp
  D:00F8H         PUBLIC        P7
  X:03F0H         PUBLIC        RX_Data_Uart_Cnt
  D:00A8H         PUBLIC        IE
  X:03F2H         PUBLIC        calib_time
  D:00B8H         PUBLIC        IP
  X:0446H         PUBLIC        months
  D:00D8H         PUBLIC        CCON
  C:2F8CH         PUBLIC        main
  X:0447H         PUBLIC        count
  X:0449H         PUBLIC        days
  X:044AH         PUBLIC        hours
  D:0098H         PUBLIC        SCON
  D:0089H         PUBLIC        TMOD
  D:0088H         PUBLIC        TCON
  X:044BH         SYMBOL        KeyCount
  X:044DH         PUBLIC        mins
  X:044EH         PUBLIC        Rec_data_hour
  X:0451H         PUBLIC        Rec_data_min
  D:008EH         PUBLIC        AUXR
  C:0009H         PUBLIC        tm0_isr
  B:0020H.7       PUBLIC        busy
  B:00A8H.1       PUBLIC        ET0
  D:008CH         PUBLIC        TH0
  X:0454H         PUBLIC        hour_count
  D:008AH         PUBLIC        TL0
  X:0455H         PUBLIC        min_count
  B:0088H.4       PUBLIC        TR0
  X:0456H         SYMBOL        KeyNum
  X:0457H         SYMBOL        KeyNum_Old
  X:0458H         PUBLIC        current_position
  X:045CH         PUBLIC        hours1
  X:045DH         PUBLIC        hours2
  C:38D6H         PUBLIC        _Display_Prox
  X:045EH         PUBLIC        mins1
  X:045FH         PUBLIC        mins2
  C:2CE4H         PUBLIC        _Display_Pos
  X:0460H         PUBLIC        seconds
  X:0461H         PUBLIC        st_time
  D:00D0H         PUBLIC        PSW
  -------         PROC          TM0_ISR
  C:0009H         LINE#         86
  C:0009H         LINE#         88
  -------         ENDPROC       TM0_ISR
  -------         PROC          MAIN
  -------         DO            
  X:0647H         SYMBOL        sunlight_ADC
  X:038FH         SYMBOL        KeyCount
  X:0391H         SYMBOL        KeyNum_Old
  X:0392H         SYMBOL        KeyNum
BL51 BANKED LINKER/LOCATER V6.22                                                      02/12/2019  13:31:23  PAGE 7


  X:0393H         SYMBOL        PressedKey
  X:0649H         SYMBOL        prox_flag
  D:0007H         SYMBOL        SPI_NOR_DATA
  X:064AH         SYMBOL        iUse_prevday_calib_value
  X:064CH         SYMBOL        calib_point1
  X:0654H         SYMBOL        calib_point2
  X:065CH         SYMBOL        calib_day
  X:065EH         SYMBOL        calib_count
  -------         ENDDO         
  C:2F8CH         LINE#         90
  C:2F8CH         LINE#         91
  C:2F8CH         LINE#         96
  C:2F92H         LINE#         97
  C:2F97H         LINE#         100
  C:2F9DH         LINE#         105
  C:2F9FH         LINE#         106
  C:2FA1H         LINE#         107
  C:2FA3H         LINE#         108
  C:2FA5H         LINE#         110
  C:2FABH         LINE#         119
  C:2FADH         LINE#         120
  C:2FB0H         LINE#         121
  C:2FB3H         LINE#         122
  C:2FB6H         LINE#         123
  C:2FB9H         LINE#         124
  C:2FBCH         LINE#         127
  C:2FBFH         LINE#         129
  C:2FC2H         LINE#         130
  C:2FC5H         LINE#         131
  C:2FC8H         LINE#         132
  C:2FCAH         LINE#         133
  C:2FCCH         LINE#         134
  C:2FCEH         LINE#         136
  C:2FD0H         LINE#         137
  C:2FD7H         LINE#         138
  C:2FDEH         LINE#         139
  C:2FE5H         LINE#         140
  C:2FECH         LINE#         144
  C:2FF3H         LINE#         145
  C:2FF8H         LINE#         146
  C:2FFDH         LINE#         147
  C:3002H         LINE#         152
  C:301BH         LINE#         153
  C:301BH         LINE#         154
  C:3037H         LINE#         155
  C:307EH         LINE#         156
  C:308FH         LINE#         157
  C:3092H         LINE#         158
  C:30A7H         LINE#         159
  C:30B6H         LINE#         160
  -------         ENDPROC       MAIN
  -------         PROC          _DISPLAY_PROX
  D:0002H         SYMBOL        dat
  -------         DO            
  X:06DDH         SYMBOL        unit
  X:06DEH         SYMBOL        ten
  X:06DFH         SYMBOL        hundred
BL51 BANKED LINKER/LOCATER V6.22                                                      02/12/2019  13:31:23  PAGE 8


  X:06E0H         SYMBOL        thousand
  -------         ENDDO         
  C:38D6H         LINE#         240
  C:38DAH         LINE#         241
  C:38DAH         LINE#         243
  C:38E6H         LINE#         244
  C:38F6H         LINE#         245
  C:3912H         LINE#         246
  C:3942H         LINE#         247
  C:394CH         LINE#         248
  C:3956H         LINE#         249
  C:3960H         LINE#         250
  C:396AH         LINE#         252
  -------         ENDPROC       _DISPLAY_PROX
  -------         PROC          _DISPLAY_POS
  X:06B7H         SYMBOL        sign_dat
  -------         DO            
  X:06BBH         SYMBOL        unit
  X:06BCH         SYMBOL        ten
  X:06BDH         SYMBOL        hundred
  D:0003H         SYMBOL        thousand
  X:06BEH         SYMBOL        after_dot
  X:06BFH         SYMBOL        dat
  -------         ENDDO         
  C:2CE4H         LINE#         255
  C:2CEAH         LINE#         256
  C:2CEAH         LINE#         260
  C:2D06H         LINE#         261
  C:2D20H         LINE#         262
  C:2D44H         LINE#         264
  C:2D8EH         LINE#         266
  C:2DA5H         LINE#         267
  C:2DB2H         LINE#         268
  C:2DD4H         LINE#         269
  C:2E09H         LINE#         270
  C:2E21H         LINE#         271
  C:2E21H         LINE#         273
  C:2E21H         LINE#         274
  C:2E21H         LINE#         275
  C:2E21H         LINE#         276
  C:2E21H         LINE#         277
  C:2E21H         LINE#         281
  C:2E23H         LINE#         283
  C:2E23H         LINE#         285
  C:2E28H         LINE#         286
  C:2E32H         LINE#         287
  C:2E3CH         LINE#         288
  C:2E46H         LINE#         289
  C:2E4BH         LINE#         290
  C:2E55H         LINE#         294
  C:2E55H         LINE#         296
  -------         ENDPROC       _DISPLAY_POS
  -------         ENDMOD        MAIN

  -------         MODULE        PCF85063BTL
  C:0000H         SYMBOL        _ICE_DUMMY_
  D:0096H         PUBLIC        P2M0
BL51 BANKED LINKER/LOCATER V6.22                                                      02/12/2019  13:31:23  PAGE 9


  D:0080H         PUBLIC        P0
  D:0095H         PUBLIC        P2M1
  D:0090H         PUBLIC        P1
  D:00A0H         PUBLIC        P2
  D:00B0H         PUBLIC        P3
  D:00C0H         PUBLIC        P4
  D:00C8H         PUBLIC        P5
  D:00E8H         PUBLIC        P6
  B:00A0H.1       PUBLIC        PCF85063BTL_SDI
  D:00F8H         PUBLIC        P7
  B:00A0H.2       PUBLIC        PCF85063BTL_SCK
  B:00A0H.1       PUBLIC        PCF85063BTL_SDO
  D:00A8H         PUBLIC        IE
  C:3AF0H         PUBLIC        _Read_time
  C:3FCCH         PUBLIC        _PCF85063BTL_Delay
  D:00B8H         PUBLIC        IP
  D:00D8H         PUBLIC        CCON
  C:39F7H         PUBLIC        _Day_Of_Year
  C:3EC2H         PUBLIC        SPI_ReceiveByte
  D:0098H         PUBLIC        SCON
  D:0088H         PUBLIC        TCON
  C:3FFFH         PUBLIC        _BCDtoDec
  B:00A0H.0       PUBLIC        PCF85063BTL_CS
  C:3FEEH         PUBLIC        _SPI_ReadTime
  C:404EH         PUBLIC        SPI_Init
  C:3F57H         PUBLIC        _SPI_WriteTime
  C:3EA2H         PUBLIC        _SPI_SendByte
  D:00D0H         PUBLIC        PSW
  C:3FC8H         SYMBOL        L?0047
  -------         PROC          L?0046
  -------         ENDPROC       L?0046
  C:3FC8H         SYMBOL        L?0047
  -------         PROC          _PCF85063BTL_DELAY
  D:0006H         SYMBOL        us
  C:3FCCH         LINE#         8
  C:3FCCH         LINE#         9
  C:3FCCH         LINE#         10
  C:3FD6H         LINE#         11
  C:3FD6H         LINE#         12
  C:3FD7H         LINE#         13
  C:3FD9H         LINE#         14
  -------         ENDPROC       _PCF85063BTL_DELAY
  -------         PROC          _SPI_SENDBYTE
  D:0005H         SYMBOL        dat
  -------         DO            
  D:0003H         SYMBOL        i
  -------         ENDDO         
  C:3EA2H         LINE#         17
  C:3EA4H         LINE#         18
  C:3EA4H         LINE#         20
  C:3EA6H         LINE#         21
  C:3EA6H         LINE#         22
  C:3EA8H         LINE#         23
  C:3EACH         LINE#         24
  C:3EACH         LINE#         25
  C:3EAEH         LINE#         26
  C:3EB0H         LINE#         28
BL51 BANKED LINKER/LOCATER V6.22                                                      02/12/2019  13:31:23  PAGE 10


  C:3EB0H         LINE#         29
  C:3EB2H         LINE#         30
  C:3EB2H         LINE#         31
  C:3EB5H         LINE#         32
  C:3EB5H         LINE#         33
  C:3EB8H         LINE#         34
  C:3EBCH         LINE#         35
  C:3EC1H         LINE#         36
  -------         ENDPROC       _SPI_SENDBYTE
  -------         PROC          SPI_RECEIVEBYTE
  -------         DO            
  D:0003H         SYMBOL        i
  D:0005H         SYMBOL        dat
  -------         ENDDO         
  C:3EC2H         LINE#         39
  C:3EC2H         LINE#         40
  C:3EC2H         LINE#         42
  C:3EC4H         LINE#         44
  C:3EC6H         LINE#         45
  C:3EC7H         LINE#         46
  C:3EC7H         LINE#         47
  C:3ECBH         LINE#         48
  C:3ECDH         LINE#         49
  C:3ED0H         LINE#         51
  C:3ED3H         LINE#         52
  C:3ED3H         LINE#         53
  C:3ED7H         LINE#         54
  C:3ED7H         LINE#         55
  C:3ED7H         LINE#         56
  C:3EDAH         LINE#         57
  C:3EDFH         LINE#         58
  C:3EE1H         LINE#         59
  -------         ENDPROC       SPI_RECEIVEBYTE
  -------         PROC          _SPI_READTIME
  D:0007H         SYMBOL        addr
  -------         DO            
  D:0006H         SYMBOL        dat
  -------         ENDDO         
  C:3FEEH         LINE#         61
  C:3FEEH         LINE#         62
  C:3FEEH         LINE#         64
  C:3FF0H         LINE#         65
  C:3FF2H         LINE#         66
  C:3FF9H         LINE#         67
  C:3FFCH         LINE#         68
  C:3FFEH         LINE#         69
  C:3FFEH         LINE#         70
  -------         ENDPROC       _SPI_READTIME
  -------         PROC          _SPI_WRITETIME
  D:0002H         SYMBOL        val
  D:0005H         SYMBOL        addr
  C:3F57H         LINE#         71
  C:3F59H         LINE#         72
  C:3F59H         LINE#         74
  C:3F5BH         LINE#         75
  C:3F62H         LINE#         76
  C:3F67H         LINE#         77
BL51 BANKED LINKER/LOCATER V6.22                                                      02/12/2019  13:31:23  PAGE 11


  C:3F6CH         LINE#         78
  C:3F6EH         LINE#         79
  -------         ENDPROC       _SPI_WRITETIME
  -------         PROC          SPI_INIT
  C:404EH         LINE#         83
  C:404EH         LINE#         84
  C:404EH         LINE#         89
  C:4051H         LINE#         90
  C:4054H         LINE#         91
  C:4056H         LINE#         92
  C:4058H         LINE#         93
  C:405AH         LINE#         94
  -------         ENDPROC       SPI_INIT
  -------         PROC          _READ_TIME
  X:06A8H         SYMBOL        months
  X:06ABH         SYMBOL        days
  X:06AEH         SYMBOL        hours
  X:06B1H         SYMBOL        mins
  X:06B4H         SYMBOL        seconds
  C:3AF0H         LINE#         96
  C:3AFBH         LINE#         97
  C:3AFBH         LINE#         99
  C:3B0FH         LINE#         101
  C:3B23H         LINE#         103
  C:3B37H         LINE#         108
  C:3B4BH         LINE#         113
  -------         ENDPROC       _READ_TIME
  -------         PROC          _BCDTODEC
  D:0007H         SYMBOL        bcd
  -------         DO            
  D:0006H         SYMBOL        hi
  D:0007H         SYMBOL        lo
  -------         ENDDO         
  C:3FFFH         LINE#         119
  C:3FFFH         LINE#         120
  C:3FFFH         LINE#         122
  C:4004H         LINE#         123
  C:4008H         LINE#         124
  C:400FH         LINE#         125
  -------         ENDPROC       _BCDTODEC
  -------         PROC          _DAY_OF_YEAR
  D:0007H         SYMBOL        months_bcd
  D:0005H         SYMBOL        days_bcd
  -------         DO            
  D:0004H         SYMBOL        months
  D:0007H         SYMBOL        days
  -------         ENDDO         
  C:39F7H         LINE#         126
  C:39F7H         LINE#         127
  C:39F7H         LINE#         130
  C:39FCH         LINE#         132
  C:3A01H         LINE#         134
  C:3A3AH         LINE#         135
  C:3A3AH         LINE#         136
  C:3A3AH         LINE#         137
  C:3A3DH         LINE#         138
  C:3A3DH         LINE#         139
BL51 BANKED LINKER/LOCATER V6.22                                                      02/12/2019  13:31:23  PAGE 12


  C:3A3DH         LINE#         140
  C:3A42H         LINE#         141
  C:3A42H         LINE#         142
  C:3A42H         LINE#         143
  C:3A47H         LINE#         144
  C:3A47H         LINE#         145
  C:3A47H         LINE#         146
  C:3A4CH         LINE#         147
  C:3A4CH         LINE#         148
  C:3A4CH         LINE#         149
  C:3A51H         LINE#         150
  C:3A51H         LINE#         151
  C:3A51H         LINE#         152
  C:3A56H         LINE#         153
  C:3A56H         LINE#         154
  C:3A56H         LINE#         155
  C:3A5BH         LINE#         156
  C:3A5BH         LINE#         157
  C:3A5BH         LINE#         158
  C:3A60H         LINE#         159
  C:3A60H         LINE#         160
  C:3A60H         LINE#         161
  C:3A68H         LINE#         162
  C:3A68H         LINE#         163
  C:3A68H         LINE#         164
  C:3A6DH         LINE#         165
  C:3A6DH         LINE#         166
  C:3A6DH         LINE#         167
  C:3A72H         LINE#         168
  C:3A72H         LINE#         169
  C:3A72H         LINE#         170
  C:3A7AH         LINE#         171
  C:3A7AH         LINE#         172
  C:3A7AH         LINE#         173
  -------         ENDPROC       _DAY_OF_YEAR
  -------         ENDMOD        PCF85063BTL

  -------         MODULE        UART1
  C:0000H         SYMBOL        _ICE_DUMMY_
  D:0080H         PUBLIC        P0
  D:0090H         PUBLIC        P1
  D:00A0H         PUBLIC        P2
  D:00B0H         PUBLIC        P3
  D:00C0H         PUBLIC        P4
  D:00C8H         PUBLIC        P5
  B:00A8H.7       PUBLIC        EA
  D:00E8H         PUBLIC        P6
  D:00F8H         PUBLIC        P7
  C:3DA5H         PUBLIC        _SendString
  D:00A8H         PUBLIC        IE
  B:00A8H.4       PUBLIC        ES
  D:00B8H         PUBLIC        IP
  C:3F6FH         PUBLIC        _ASCIItoBCD
  D:00D8H         PUBLIC        CCON
  C:4010H         PUBLIC        initUART1
  D:0098H         PUBLIC        SCON
  D:0088H         PUBLIC        TCON
BL51 BANKED LINKER/LOCATER V6.22                                                      02/12/2019  13:31:23  PAGE 13


  C:000AH         PUBLIC        _DectoBCD
  C:4092H         PUBLIC        _ASCII_Letter
  D:008EH         PUBLIC        AUXR
  C:408DH         PUBLIC        _unit
  C:0003H         PUBLIC        _ten
  D:00D6H         PUBLIC        T2H
  D:00D7H         PUBLIC        T2L
  D:00D0H         PUBLIC        PSW
  -------         PROC          INITUART1
  C:4010H         LINE#         21
  C:4010H         LINE#         22
  C:4010H         LINE#         23
  C:4013H         LINE#         24
  C:4016H         LINE#         25
  C:4019H         LINE#         26
  C:401CH         LINE#         27
  C:401EH         LINE#         28
  C:4020H         LINE#         30
  -------         ENDPROC       INITUART1
  -------         PROC          _SENDSTRING
  X:06F9H         SYMBOL        s
  C:3DA5H         LINE#         35
  C:3DB0H         LINE#         36
  C:3DB0H         LINE#         37
  C:3DC0H         LINE#         38
  C:3DC0H         LINE#         39
  C:3DD5H         LINE#         40
  C:3DD7H         LINE#         41
  -------         ENDPROC       _SENDSTRING
  -------         PROC          _TEN
  D:0007H         SYMBOL        BCD
  C:0003H         LINE#         43
  C:0003H         LINE#         44
  C:0003H         LINE#         45
  C:0008H         LINE#         46
  -------         ENDPROC       _TEN
  -------         PROC          _UNIT
  D:0007H         SYMBOL        BCD
  C:408DH         LINE#         47
  C:408DH         LINE#         48
  C:408DH         LINE#         52
  C:4091H         LINE#         53
  -------         ENDPROC       _UNIT
  -------         PROC          _DECTOBCD
  D:0007H         SYMBOL        dec
  C:000AH         LINE#         54
  C:000AH         LINE#         55
  C:000AH         LINE#         57
  C:000AH         LINE#         58
  -------         ENDPROC       _DECTOBCD
  -------         PROC          _ASCII_LETTER
  D:0007H         SYMBOL        dat
  C:4092H         LINE#         60
  C:4092H         LINE#         61
  C:4092H         LINE#         63
  C:4096H         LINE#         64
  -------         ENDPROC       _ASCII_LETTER
BL51 BANKED LINKER/LOCATER V6.22                                                      02/12/2019  13:31:23  PAGE 14


  -------         PROC          _ASCIITOBCD
  D:0001H         SYMBOL        ascii
  -------         DO            
  D:0007H         SYMBOL        dec_val
  D:0006H         SYMBOL        ten
  D:0007H         SYMBOL        unit
  -------         ENDDO         
  C:3F6FH         LINE#         66
  C:3F6FH         LINE#         67
  C:3F6FH         LINE#         69
  C:3F72H         LINE#         70
  C:3F78H         LINE#         71
  C:3F7FH         LINE#         72
  C:3F85H         LINE#         74
  -------         ENDPROC       _ASCIITOBCD
  -------         ENDMOD        UART1

  -------         MODULE        LCD_DRIVER_SPLC780D
  C:0000H         SYMBOL        _ICE_DUMMY_
  D:0092H         PUBLIC        P1M0
  D:0091H         PUBLIC        P1M1
  D:0080H         PUBLIC        P0
  D:0090H         PUBLIC        P1
  D:00A0H         PUBLIC        P2
  D:00B0H         PUBLIC        P3
  D:00C0H         PUBLIC        P4
  D:00C8H         PUBLIC        P5
  D:00E8H         PUBLIC        P6
  D:00F8H         PUBLIC        P7
  C:3A7BH         PUBLIC        _WriteData
  D:00A8H         PUBLIC        IE
  D:00B8H         PUBLIC        IP
  D:00D8H         PUBLIC        CCON
  B:00B0H.4       PUBLIC        LCD_D4
  B:00B0H.5       PUBLIC        LCD_D5
  B:00B0H.6       PUBLIC        LCD_D6
  C:3F1FH         PUBLIC        _DisplayLCD
  B:00B0H.7       PUBLIC        LCD_D7
  D:0098H         PUBLIC        SCON
  D:0088H         PUBLIC        TCON
  C:407DH         PUBLIC        LCD_clear
  C:3CEAH         PUBLIC        _Command
  C:3F9CH         PUBLIC        _Display_Line
  C:3BB9H         PUBLIC        LCD_Init
  C:3E84H         PUBLIC        _Wait_ms
  B:00C0H.0       PUBLIC        LCD_RS
  B:00B0H.2       PUBLIC        LCD_RW
  C:4073H         PUBLIC        LCD_return_home
  B:00B0H.3       PUBLIC        LCD_E
  D:00D0H         PUBLIC        PSW
  -------         PROC          LCD_INIT
  C:3BB9H         LINE#         9
  C:3BB9H         LINE#         10
  C:3BB9H         LINE#         11
  C:3BBCH         LINE#         12
  C:3BBFH         LINE#         14
  C:3BC5H         LINE#         15
BL51 BANKED LINKER/LOCATER V6.22                                                      02/12/2019  13:31:23  PAGE 15


  C:3BCAH         LINE#         17
  C:3BD1H         LINE#         18
  C:3BD6H         LINE#         20
  C:3BD9H         LINE#         21
  C:3BDEH         LINE#         23
  C:3BE1H         LINE#         24
  C:3BE6H         LINE#         26
  C:3BEDH         LINE#         29
  C:3BF2H         LINE#         30
  C:3BF7H         LINE#         32
  C:3BFCH         LINE#         33
  C:3C01H         LINE#         35
  C:3C06H         LINE#         36
  C:3C0BH         LINE#         37
  -------         ENDPROC       LCD_INIT
  -------         PROC          _WRITEDATA
  X:0660H         SYMBOL        dat
  C:3A7BH         LINE#         40
  C:3A80H         LINE#         41
  C:3A80H         LINE#         46
  C:3A82H         LINE#         47
  C:3A84H         LINE#         49
  C:3A92H         LINE#         50
  C:3A9EH         LINE#         51
  C:3AAAH         LINE#         52
  C:3AB4H         LINE#         53
  C:3AB6H         LINE#         54
  C:3ABDH         LINE#         55
  C:3ABFH         LINE#         57
  C:3ACFH         LINE#         58
  C:3ADAH         LINE#         59
  C:3AE4H         LINE#         60
  C:3AE8H         LINE#         62
  C:3AE8H         LINE#         63
  C:3AEBH         LINE#         64
  C:3AEDH         LINE#         65
  C:3AEFH         LINE#         67
  -------         ENDPROC       _WRITEDATA
  -------         PROC          _COMMAND
  D:0007H         SYMBOL        dat
  C:3CEAH         LINE#         69
  C:3CEAH         LINE#         70
  C:3CEAH         LINE#         71
  C:3CECH         LINE#         72
  C:3CEEH         LINE#         74
  C:3CF8H         LINE#         75
  C:3CFCH         LINE#         77
  C:3CFEH         LINE#         78
  C:3D07H         LINE#         79
  C:3D0BH         LINE#         81
  C:3D0DH         LINE#         82
  C:3D14H         LINE#         83
  C:3D18H         LINE#         85
  C:3D1AH         LINE#         86
  C:3D1EH         LINE#         87
  C:3D22H         LINE#         89
  C:3D24H         LINE#         90
BL51 BANKED LINKER/LOCATER V6.22                                                      02/12/2019  13:31:23  PAGE 16


  C:3D24H         LINE#         91
  C:3D27H         LINE#         92
  C:3D29H         LINE#         93
  -------         ENDPROC       _COMMAND
  C:3E80H         SYMBOL        L?0028
  -------         PROC          L?0027
  -------         ENDPROC       L?0027
  C:3E80H         SYMBOL        L?0028
  -------         PROC          _WAIT_MS
  D:0006H         SYMBOL        ms
  -------         DO            
  D:0004H         SYMBOL        De_Cnt
  -------         ENDDO         
  C:3E84H         LINE#         95
  C:3E84H         LINE#         96
  C:3E84H         LINE#         98
  C:3E8EH         LINE#         99
  C:3E8EH         LINE#         100
  C:3EA1H         LINE#         101
  C:3EA1H         LINE#         102
  -------         ENDPROC       _WAIT_MS
  -------         PROC          _DISPLAYLCD
  D:0007H         SYMBOL        BCD
  -------         DO            
  D:0006H         SYMBOL        first_digit
  X:0702H         SYMBOL        second_digit
  -------         ENDDO         
  C:3F1FH         LINE#         103
  C:3F1FH         LINE#         104
  C:3F1FH         LINE#         106
  C:3F26H         LINE#         107
  C:3F2FH         LINE#         109
  C:3F34H         LINE#         111
  -------         ENDPROC       _DISPLAYLCD
  -------         PROC          LCD_RETURN_HOME
  C:4073H         LINE#         115
  C:4073H         LINE#         116
  C:4073H         LINE#         117
  C:4078H         LINE#         118
  -------         ENDPROC       LCD_RETURN_HOME
  -------         PROC          LCD_CLEAR
  C:407DH         LINE#         121
  C:407DH         LINE#         122
  C:407DH         LINE#         123
  C:4082H         LINE#         124
  -------         ENDPROC       LCD_CLEAR
  -------         PROC          _DISPLAY_LINE
  D:0006H         SYMBOL        line
  C:3F9CH         LINE#         128
  C:3F9CH         LINE#         129
  C:3F9CH         LINE#         130
  C:3FA2H         LINE#         131
  C:3FA2H         LINE#         132
  C:3FA4H         LINE#         133
  C:3FA4H         LINE#         134
  C:3FA6H         LINE#         136
  C:3FA6H         LINE#         137
BL51 BANKED LINKER/LOCATER V6.22                                                      02/12/2019  13:31:23  PAGE 17


  C:3FABH         LINE#         138
  C:3FB0H         LINE#         139
  C:3FB0H         LINE#         140
  -------         ENDPROC       _DISPLAY_LINE
  -------         ENDMOD        LCD_DRIVER_SPLC780D

  -------         MODULE        KEYPAD
  C:0000H         SYMBOL        _ICE_DUMMY_
  D:0093H         PUBLIC        P0M1
  D:0080H         PUBLIC        P0
  D:0090H         PUBLIC        P1
  D:00A0H         PUBLIC        P2
  D:00B0H         PUBLIC        P3
  D:00C0H         PUBLIC        P4
  D:00C8H         PUBLIC        P5
  B:0020H.0       PUBLIC        calib_mode
  D:00E8H         PUBLIC        P6
  D:00F8H         PUBLIC        P7
  D:00A8H         PUBLIC        IE
  C:29CFH         PUBLIC        Key_Scan
  D:00B8H         PUBLIC        IP
  D:00D8H         PUBLIC        CCON
  C:405BH         PUBLIC        KeyPad_IO_Init
  C:3F01H         PUBLIC        _Delay_ms
  D:0098H         PUBLIC        SCON
  D:0088H         PUBLIC        TCON
  B:0020H.1       PUBLIC        small_move
  B:0020H.2       PUBLIC        move
  B:0020H.3       PUBLIC        direction
  B:0020H.4       PUBLIC        auto_move
  C:255EH         PUBLIC        Key_Process
  D:00D0H         PUBLIC        PSW
  D:0094H         PUBLIC        P0M0
  -------         PROC          _DELAY_MS
  D:0006H         SYMBOL        ms
  -------         DO            
  D:0004H         SYMBOL        De_Cnt
  -------         ENDDO         
  C:3F01H         LINE#         19
  C:3F01H         LINE#         20
  C:3F01H         LINE#         22
  C:3F0BH         LINE#         23
  C:3F0BH         LINE#         24
  C:3F1EH         LINE#         25
  C:3F1EH         LINE#         26
  -------         ENDPROC       _DELAY_MS
  -------         PROC          KEY_SCAN
  -------         DO            
  X:06FCH         SYMBOL        KeyTemp1
  X:06FDH         SYMBOL        KeyTemp2
  X:06FEH         SYMBOL        KeyValue
  -------         ENDDO         
  C:29CFH         LINE#         27
  C:29CFH         LINE#         28
  C:29CFH         LINE#         33
  C:29D2H         LINE#         36
  C:29D5H         LINE#         38
BL51 BANKED LINKER/LOCATER V6.22                                                      02/12/2019  13:31:23  PAGE 18


  C:29DDH         LINE#         39
  C:29E4H         LINE#         40
  C:29E4H         LINE#         42
  C:29E9H         LINE#         43
  C:29F0H         LINE#         44
  C:29F0H         LINE#         47
  C:29F3H         LINE#         48
  C:29F6H         LINE#         49
  C:29FBH         LINE#         50
  C:29FFH         LINE#         51
  C:29FFH         LINE#         52
  C:2A07H         LINE#         53
  C:2A07H         LINE#         54
  C:2A0AH         LINE#         55
  C:2A12H         LINE#         56
  C:2A14H         LINE#         58
  C:2A28H         LINE#         59
  C:2A28H         LINE#         60
  C:2A28H         LINE#         61
  C:2A28H         LINE#         62
  C:2A2EH         LINE#         64
  C:2A30H         LINE#         65
  C:2A30H         LINE#         66
  C:2A30H         LINE#         67
  C:2A36H         LINE#         69
  C:2A38H         LINE#         70
  C:2A38H         LINE#         71
  C:2A38H         LINE#         72
  C:2A3EH         LINE#         74
  C:2A40H         LINE#         75
  C:2A40H         LINE#         76
  C:2A40H         LINE#         77
  C:2A46H         LINE#         79
  C:2A46H         LINE#         80
  C:2A46H         LINE#         81
  C:2A46H         LINE#         84
  C:2A49H         LINE#         85
  C:2A4CH         LINE#         86
  C:2A54H         LINE#         87
  C:2A58H         LINE#         88
  C:2A58H         LINE#         89
  C:2A60H         LINE#         90
  C:2A60H         LINE#         91
  C:2A63H         LINE#         92
  C:2A6BH         LINE#         93
  C:2A6DH         LINE#         94
  C:2A81H         LINE#         95
  C:2A81H         LINE#         96
  C:2A81H         LINE#         97
  C:2A81H         LINE#         98
  C:2A87H         LINE#         100
  C:2A89H         LINE#         101
  C:2A89H         LINE#         102
  C:2A89H         LINE#         103
  C:2A8FH         LINE#         105
  C:2A91H         LINE#         106
  C:2A91H         LINE#         107
BL51 BANKED LINKER/LOCATER V6.22                                                      02/12/2019  13:31:23  PAGE 19


  C:2A91H         LINE#         108
  C:2A97H         LINE#         110
  C:2A99H         LINE#         111
  C:2A99H         LINE#         112
  C:2A99H         LINE#         113
  C:2A9EH         LINE#         115
  C:2A9EH         LINE#         116
  C:2A9EH         LINE#         117
  C:2A9EH         LINE#         120
  C:2AA1H         LINE#         121
  C:2AA4H         LINE#         122
  C:2AACH         LINE#         123
  C:2AB0H         LINE#         124
  C:2AB0H         LINE#         125
  C:2AB8H         LINE#         126
  C:2AB8H         LINE#         127
  C:2ABBH         LINE#         128
  C:2AC3H         LINE#         129
  C:2AC5H         LINE#         130
  C:2AD9H         LINE#         131
  C:2AD9H         LINE#         132
  C:2AD9H         LINE#         133
  C:2AD9H         LINE#         134
  C:2ADFH         LINE#         136
  C:2AE1H         LINE#         137
  C:2AE1H         LINE#         138
  C:2AE1H         LINE#         139
  C:2AE7H         LINE#         141
  C:2AE9H         LINE#         142
  C:2AE9H         LINE#         143
  C:2AE9H         LINE#         144
  C:2AEFH         LINE#         146
  C:2AF1H         LINE#         147
  C:2AF1H         LINE#         148
  C:2AF1H         LINE#         149
  C:2AF7H         LINE#         151
  C:2AF7H         LINE#         152
  C:2AF7H         LINE#         153
  C:2AF7H         LINE#         157
  C:2AFAH         LINE#         158
  C:2AFDH         LINE#         159
  C:2B05H         LINE#         160
  C:2B09H         LINE#         161
  C:2B09H         LINE#         162
  C:2B11H         LINE#         163
  C:2B11H         LINE#         164
  C:2B14H         LINE#         165
  C:2B1CH         LINE#         166
  C:2B1EH         LINE#         167
  C:2B32H         LINE#         168
  C:2B32H         LINE#         169
  C:2B32H         LINE#         170
  C:2B32H         LINE#         171
  C:2B38H         LINE#         173
  C:2B3AH         LINE#         174
  C:2B3AH         LINE#         175
  C:2B3AH         LINE#         176
BL51 BANKED LINKER/LOCATER V6.22                                                      02/12/2019  13:31:23  PAGE 20


  C:2B40H         LINE#         178
  C:2B42H         LINE#         179
  C:2B42H         LINE#         180
  C:2B42H         LINE#         181
  C:2B48H         LINE#         183
  C:2B4AH         LINE#         184
  C:2B4AH         LINE#         185
  C:2B4AH         LINE#         186
  C:2B50H         LINE#         188
  C:2B50H         LINE#         189
  C:2B50H         LINE#         190
  C:2B50H         LINE#         192
  C:2B56H         LINE#         193
  C:2B56H         LINE#         195
  C:2B56H         LINE#         196
  C:2B59H         LINE#         197
  C:2B59H         LINE#         198
  C:2B59H         LINE#         200
  C:2B59H         LINE#         201
  C:2B5BH         LINE#         202
  C:2B5BH         LINE#         203
  -------         ENDPROC       KEY_SCAN
  -------         PROC          KEY_PROCESS
  -------         DO            
  X:06C1H         SYMBOL        KeyCount
  X:06C3H         SYMBOL        KeyNum_Old
  X:06C4H         SYMBOL        KeyNum
  X:06C5H         SYMBOL        PressedKey
  X:06D2H         SYMBOL        d
  D:0004H         SYMBOL        hours
  D:0006H         SYMBOL        mins
  X:06D4H         SYMBOL        months
  X:06D6H         SYMBOL        days
  -------         ENDDO         
  C:255EH         LINE#         204
  C:255EH         LINE#         205
  C:255EH         LINE#         209
  C:2566H         LINE#         210
  C:256EH         LINE#         212
  C:2571H         LINE#         213
  C:2571H         LINE#         214
  C:2574H         LINE#         216
  C:2574H         LINE#         217
  C:2581H         LINE#         218
  C:2581H         LINE#         219
  C:2584H         LINE#         220
  C:2587H         LINE#         222
  C:258AH         LINE#         224
  C:258AH         LINE#         225
  C:2595H         LINE#         226
  C:2595H         LINE#         227
  C:2598H         LINE#         229
  C:2598H         LINE#         230
  C:259FH         LINE#         231
  C:259FH         LINE#         232
  C:25A2H         LINE#         234
  C:25A2H         LINE#         235
BL51 BANKED LINKER/LOCATER V6.22                                                      02/12/2019  13:31:23  PAGE 21


  C:25AAH         LINE#         236
  C:25AAH         LINE#         237
  C:25B4H         LINE#         238
  C:25BCH         LINE#         240
  C:25C5H         LINE#         242
  C:25C5H         LINE#         251
  C:25DAH         LINE#         252
  C:25DAH         LINE#         253
  C:25ECH         LINE#         254
  C:25FAH         LINE#         255
  C:2609H         LINE#         256
  C:2609H         LINE#         258
  C:260FH         LINE#         262
  C:2625H         LINE#         263
  C:2636H         LINE#         264
  C:2651H         LINE#         265
  C:2651H         LINE#         266
  C:2661H         LINE#         267
  C:2672H         LINE#         268
  C:2672H         LINE#         272
  C:268BH         LINE#         273
  C:26A2H         LINE#         274
  C:26C2H         LINE#         275
  C:26C2H         LINE#         276
  C:26CCH         LINE#         277
  C:26CCH         LINE#         278
  C:26D5H         LINE#         279
  C:26D5H         LINE#         280
  C:26E9H         LINE#         281
  C:26E9H         LINE#         282
  C:26E9H         LINE#         283
  C:26E9H         LINE#         284
  C:26E9H         LINE#         285
  C:26EBH         LINE#         287
  C:26EBH         LINE#         288
  C:26F7H         LINE#         289
  C:26F7H         LINE#         290
  C:2708H         LINE#         291
  C:2708H         LINE#         292
  C:2708H         LINE#         293
  C:2708H         LINE#         294
  C:2708H         LINE#         296
  C:270AH         LINE#         298
  C:270AH         LINE#         299
  C:271BH         LINE#         300
  C:271BH         LINE#         301
  C:271BH         LINE#         302
  C:271BH         LINE#         303
  C:271BH         LINE#         305
  C:271BH         LINE#         307
  C:271BH         LINE#         308
  C:271DH         LINE#         310
  C:271DH         LINE#         311
  C:2730H         LINE#         312
  C:2730H         LINE#         313
  C:2741H         LINE#         314
  C:2741H         LINE#         315
BL51 BANKED LINKER/LOCATER V6.22                                                      02/12/2019  13:31:23  PAGE 22


  C:2741H         LINE#         316
  C:2741H         LINE#         317
  C:2741H         LINE#         318
  C:2743H         LINE#         320
  C:2743H         LINE#         321
  C:2754H         LINE#         322
  C:2754H         LINE#         323
  C:2765H         LINE#         324
  C:2776H         LINE#         325
  C:2776H         LINE#         326
  C:2776H         LINE#         327
  C:2776H         LINE#         328
  C:2776H         LINE#         329
  C:2779H         LINE#         330
  C:277EH         LINE#         331
  C:2783H         LINE#         332
  C:2788H         LINE#         333
  C:278DH         LINE#         334
  C:2792H         LINE#         335
  C:2797H         LINE#         336
  C:279CH         LINE#         337
  C:279CH         LINE#         339
  C:27BEH         LINE#         340
  C:27BEH         LINE#         341
  C:27C8H         LINE#         342
  C:27C8H         LINE#         343
  C:27CDH         LINE#         344
  C:27D6H         LINE#         345
  C:27EDH         LINE#         346
  C:27EDH         LINE#         347
  C:27FDH         LINE#         349
  C:27FDH         LINE#         353
  -------         ENDPROC       KEY_PROCESS
  -------         PROC          KEYPAD_IO_INIT
  C:405BH         LINE#         356
  C:405BH         LINE#         357
  C:405BH         LINE#         358
  C:405EH         LINE#         359
  C:4061H         LINE#         360
  C:4064H         LINE#         361
  C:4066H         LINE#         362
  -------         ENDPROC       KEYPAD_IO_INIT
  -------         ENDMOD        KEYPAD

  -------         MODULE        BIPOLARMOTOR
  C:0000H         SYMBOL        _ICE_DUMMY_
  D:0080H         PUBLIC        P0
  D:0090H         PUBLIC        P1
  X:0000H         PUBLIC        RX_pos_test
  D:00A0H         PUBLIC        P2
  D:00B0H         PUBLIC        P3
  D:00C0H         PUBLIC        P4
  D:00C8H         PUBLIC        P5
  D:00E8H         PUBLIC        P6
  D:00F8H         PUBLIC        P7
  X:00A0H         PUBLIC        low_date_azimuth_mapping
  D:00A8H         PUBLIC        IE
BL51 BANKED LINKER/LOCATER V6.22                                                      02/12/2019  13:31:23  PAGE 23


  C:34E9H         PUBLIC        linear_interpolate
  C:3E2FH         PUBLIC        _Move
  D:00B8H         PUBLIC        IP
  C:2831H         PUBLIC        _findDet3x3
  C:1FEDH         PUBLIC        _findDet4x4
  D:00D8H         PUBLIC        CCON
  X:00C8H         PUBLIC        previous_move_time
  D:0098H         PUBLIC        SCON
  D:0088H         PUBLIC        TCON
  C:4097H         PUBLIC        wait
  C:3D2AH         PUBLIC        _Step_move
  X:00C9H         PUBLIC        dat
  C:000EH         PUBLIC        _Update_position
  C:3C12H         PUBLIC        vOneStepMove
  X:00CFH         PUBLIC        elevation_stamp
  X:010BH         PUBLIC        date_azimuth_mapping
  X:0133H         PUBLIC        RX_pos
  C:3F46H         PUBLIC        _BCDtoDec1
  X:038BH         PUBLIC        degree
  D:00D0H         PUBLIC        PSW
  -------         PROC          L?0062
  -------         ENDPROC       L?0062
  -------         PROC          _BCDTODEC1
  D:0007H         SYMBOL        bcd
  -------         DO            
  D:0006H         SYMBOL        hi
  D:0007H         SYMBOL        lo
  -------         ENDDO         
  C:3F46H         LINE#         28
  C:3F46H         LINE#         29
  C:3F46H         LINE#         31
  C:3F4BH         LINE#         32
  C:3F4FH         LINE#         33
  C:3F56H         LINE#         34
  -------         ENDPROC       _BCDTODEC1
  -------         PROC          WAIT
  C:4097H         LINE#         36
  C:4097H         LINE#         38
  -------         ENDPROC       WAIT
  -------         PROC          VONESTEPMOVE
  B:0021H.0       SYMBOL        bDir
  C:3C12H         LINE#         40
  C:3C12H         LINE#         41
  C:3C12H         LINE#         43
  C:3C18H         LINE#         44
  C:3C18H         LINE#         45
  C:3C1BH         LINE#         46
  C:3C24H         LINE#         47
  C:3C2BH         LINE#         48
  C:3C30H         LINE#         49
  C:3C30H         LINE#         50
  C:3C30H         LINE#         52
  C:3C32H         LINE#         55
  C:3C32H         LINE#         56
  C:3C35H         LINE#         57
  C:3C3EH         LINE#         58
  C:3C45H         LINE#         59
BL51 BANKED LINKER/LOCATER V6.22                                                      02/12/2019  13:31:23  PAGE 24


  C:3C4BH         LINE#         60
  C:3C54H         LINE#         61
  C:3C5BH         LINE#         62
  C:3C5BH         LINE#         66
  -------         ENDPROC       VONESTEPMOVE
  -------         PROC          _STEP_MOVE
  X:06E1H         SYMBOL        step
  B:0021H.1       SYMBOL        dir
  -------         DO            
  X:06E3H         SYMBOL        i
  -------         ENDDO         
  C:3D2AH         LINE#         68
  C:3D32H         LINE#         69
  C:3D32H         LINE#         71
  C:3D37H         LINE#         74
  C:3D52H         LINE#         75
  C:3D52H         LINE#         76
  C:3D59H         LINE#         78
  C:3D69H         LINE#         80
  -------         ENDPROC       _STEP_MOVE
  -------         PROC          _MOVE
  X:06E5H         SYMBOL        distance
  B:0021H.2       SYMBOL        direction
  -------         DO            
  D:0006H         SYMBOL        step
  -------         ENDDO         
  C:3E2FH         LINE#         82
  C:3E35H         LINE#         83
  C:3E35H         LINE#         86
  C:3E50H         LINE#         87
  -------         ENDPROC       _MOVE
  C:2812H         SYMBOL        L?0058
  C:2826H         SYMBOL        L?0059
  -------         PROC          L?0057
  -------         ENDPROC       L?0057
  C:2812H         SYMBOL        L?0058
  C:2826H         SYMBOL        L?0059
  -------         PROC          _FINDDET3X3
  X:0623H         SYMBOL        a11
  X:0627H         SYMBOL        a12
  X:062BH         SYMBOL        a13
  X:062FH         SYMBOL        a21
  X:0633H         SYMBOL        a22
  X:0637H         SYMBOL        a23
  X:063BH         SYMBOL        a31
  X:063FH         SYMBOL        a32
  X:0643H         SYMBOL        a33
  C:2831H         LINE#         91
  C:2837H         LINE#         95
  C:2837H         LINE#         96
  C:29CEH         LINE#         98
  -------         ENDPROC       _FINDDET3X3
  -------         PROC          _FINDDET4X4
  X:05E3H         SYMBOL        a11
  X:05E7H         SYMBOL        a12
  X:05EBH         SYMBOL        a13
  X:05EFH         SYMBOL        a14
BL51 BANKED LINKER/LOCATER V6.22                                                      02/12/2019  13:31:23  PAGE 25


  X:05F3H         SYMBOL        a21
  X:05F7H         SYMBOL        a22
  X:05FBH         SYMBOL        a23
  X:05FFH         SYMBOL        a24
  X:0603H         SYMBOL        a31
  X:0607H         SYMBOL        a32
  X:060BH         SYMBOL        a33
  X:060FH         SYMBOL        a34
  X:0613H         SYMBOL        a41
  X:0617H         SYMBOL        a42
  X:061BH         SYMBOL        a43
  X:061FH         SYMBOL        a44
  C:1FEDH         LINE#         99
  C:1FF3H         LINE#         103
  C:1FF3H         LINE#         110
  C:22ACH         LINE#         114
  -------         ENDPROC       _FINDDET4X4
  C:34D8H         SYMBOL        L?0061
  -------         PROC          L?0060
  -------         ENDPROC       L?0060
  C:34D8H         SYMBOL        L?0061
  -------         PROC          LINEAR_INTERPOLATE
  X:0680H         SYMBOL        p1
  X:0688H         SYMBOL        p2
  X:0690H         SYMBOL        x
  -------         DO            
  D:0004H         SYMBOL        fx
  -------         ENDDO         
  C:34E9H         LINE#         120
  C:34E9H         LINE#         121
  C:34E9H         LINE#         124
  C:3588H         LINE#         126
  C:3588H         LINE#         127
  -------         ENDPROC       LINEAR_INTERPOLATE
  -------         PROC          _UPDATE_POSITION
  D:0001H         SYMBOL        mnths
  D:0002H         SYMBOL        dys
  X:0465H         SYMBOL        hurs
  X:0466H         SYMBOL        mns
  X:0467H         SYMBOL        sconds
  X:0468H         SYMBOL        currnt_pos
  X:046BH         SYMBOL        offset_calib
  -------         DO            
  X:046FH         SYMBOL        date
  X:0471H         SYMBOL        i
  X:0473H         SYMBOL        yy
  X:0475H         SYMBOL        desired_distance
  X:0479H         SYMBOL        distance
  X:047DH         SYMBOL        JP_pos
  X:0481H         SYMBOL        pos_interpolate_azimuth
  X:04BDH         SYMBOL        current_local_sun_time
  X:04C1H         SYMBOL        azimuth
  X:04C5H         SYMBOL        elevation
  X:04C9H         SYMBOL        time_offset
  X:04CDH         SYMBOL        UTC_time
  X:04D1H         SYMBOL        declination
  X:04D5H         SYMBOL        p1
BL51 BANKED LINKER/LOCATER V6.22                                                      02/12/2019  13:31:23  PAGE 26


  X:04DDH         SYMBOL        p2
  X:04E5H         SYMBOL        time
  X:04F7H         SYMBOL        location
  X:04FFH         SYMBOL        sunCoord
  -------         ENDDO         
  C:000EH         LINE#         131
  C:0017H         LINE#         134
  C:0017H         LINE#         135
  C:0022H         LINE#         137
  C:003EH         LINE#         138
  C:0048H         LINE#         146
  C:0052H         LINE#         147
  C:005CH         LINE#         148
  C:0066H         LINE#         149
  C:0071H         LINE#         150
  C:007CH         LINE#         151
  C:0095H         LINE#         152
  C:00A6H         LINE#         153
  C:00B5H         LINE#         156
  C:00C9H         LINE#         160
  C:011BH         LINE#         161
  C:027FH         LINE#         162
  C:02CFH         LINE#         164
  C:03F7H         LINE#         166
  C:04C6H         LINE#         173
  C:050DH         LINE#         174
  C:050DH         LINE#         176
  C:0527H         LINE#         177
  C:0527H         LINE#         178
  C:0597H         LINE#         179
  C:0597H         LINE#         180
  C:059EH         LINE#         181
  C:059EH         LINE#         182
  C:05CBH         LINE#         183
  C:05E6H         LINE#         185
  C:062DH         LINE#         186
  C:0661H         LINE#         188
  C:06A7H         LINE#         189
  C:06CAH         LINE#         191
  C:06CAH         LINE#         193
  C:0740H         LINE#         194
  C:0740H         LINE#         195
  C:0747H         LINE#         196
  C:0747H         LINE#         197
  C:0774H         LINE#         198
  C:078FH         LINE#         200
  C:07D6H         LINE#         201
  C:080AH         LINE#         203
  C:0850H         LINE#         204
  C:0870H         LINE#         206
  C:0870H         LINE#         207
  C:0881H         LINE#         210
  C:089BH         LINE#         211
  C:089BH         LINE#         212
  C:090BH         LINE#         213
  C:090BH         LINE#         214
  C:0938H         LINE#         215
BL51 BANKED LINKER/LOCATER V6.22                                                      02/12/2019  13:31:23  PAGE 27


  C:0953H         LINE#         217
  C:0980H         LINE#         218
  C:099BH         LINE#         220
  C:09CDH         LINE#         223
  C:09CDH         LINE#         225
  C:09DEH         LINE#         227
  C:0A0DH         LINE#         229
  C:0A32H         LINE#         230
  C:0A97H         LINE#         231
  C:0A97H         LINE#         232
  C:0AB1H         LINE#         233
  C:0AC3H         LINE#         234
  C:0ADBH         LINE#         235
  C:0AF1H         LINE#         237
  C:0B0DH         LINE#         238
  C:0B0DH         LINE#         239
  C:0B0DH         LINE#         242
  -------         ENDPROC       _UPDATE_POSITION
  -------         ENDMOD        BIPOLARMOTOR

  -------         MODULE        SUNPOS
  C:0000H         SYMBOL        _ICE_DUMMY_
  C:1459H         PUBLIC        sunpos
  -------         PROC          SUNPOS
  X:0586H         SYMBOL        udtTime
  X:0598H         SYMBOL        udtLocation
  X:05A0H         SYMBOL        udtSunCoordinates
  -------         DO            
  X:05A3H         SYMBOL        dElapsedJulianDays
  X:05A7H         SYMBOL        dDecimalHours
  X:05ABH         SYMBOL        dEclipticLongitude
  X:05AFH         SYMBOL        dEclipticObliquity
  X:05B3H         SYMBOL        dRightAscension
  X:05B7H         SYMBOL        dDeclination
  X:05BBH         SYMBOL        dY
  X:05BFH         SYMBOL        dX
  -------         DO            
  X:05C3H         SYMBOL        dJulianDate
  X:05C7H         SYMBOL        liAux1
  X:05CBH         SYMBOL        liAux2
  X:05C3H         SYMBOL        dMeanLongitude
  X:05C7H         SYMBOL        dMeanAnomaly
  X:05CBH         SYMBOL        dOmega
  X:05C3H         SYMBOL        dSin_EclipticLongitude
  X:05C3H         SYMBOL        dGreenwichMeanSiderealTime
  X:05C7H         SYMBOL        dLocalMeanSiderealTime
  X:05CBH         SYMBOL        dLatitudeInRadians
  X:05CFH         SYMBOL        dHourAngle
  X:05D3H         SYMBOL        dCos_Latitude
  X:05D7H         SYMBOL        dSin_Latitude
  X:05DBH         SYMBOL        dCos_HourAngle
  X:05DFH         SYMBOL        dParallax
  -------         ENDDO         
  -------         DO            
  X:05C3H         SYMBOL        dMeanLongitude
  X:05C7H         SYMBOL        dMeanAnomaly
  X:05CBH         SYMBOL        dOmega
BL51 BANKED LINKER/LOCATER V6.22                                                      02/12/2019  13:31:23  PAGE 28


  X:05C3H         SYMBOL        dSin_EclipticLongitude
  X:05C3H         SYMBOL        dGreenwichMeanSiderealTime
  X:05C7H         SYMBOL        dLocalMeanSiderealTime
  X:05CBH         SYMBOL        dLatitudeInRadians
  X:05CFH         SYMBOL        dHourAngle
  X:05D3H         SYMBOL        dCos_Latitude
  X:05D7H         SYMBOL        dSin_Latitude
  X:05DBH         SYMBOL        dCos_HourAngle
  X:05DFH         SYMBOL        dParallax
  -------         ENDDO         
  -------         DO            
  X:05C3H         SYMBOL        dSin_EclipticLongitude
  X:05C3H         SYMBOL        dGreenwichMeanSiderealTime
  X:05C7H         SYMBOL        dLocalMeanSiderealTime
  X:05CBH         SYMBOL        dLatitudeInRadians
  X:05CFH         SYMBOL        dHourAngle
  X:05D3H         SYMBOL        dCos_Latitude
  X:05D7H         SYMBOL        dSin_Latitude
  X:05DBH         SYMBOL        dCos_HourAngle
  X:05DFH         SYMBOL        dParallax
  -------         ENDDO         
  -------         DO            
  X:05C3H         SYMBOL        dGreenwichMeanSiderealTime
  X:05C7H         SYMBOL        dLocalMeanSiderealTime
  X:05CBH         SYMBOL        dLatitudeInRadians
  X:05CFH         SYMBOL        dHourAngle
  X:05D3H         SYMBOL        dCos_Latitude
  X:05D7H         SYMBOL        dSin_Latitude
  X:05DBH         SYMBOL        dCos_HourAngle
  X:05DFH         SYMBOL        dParallax
  -------         ENDDO         
  -------         ENDDO         
  C:1459H         LINE#         6
  C:1459H         LINE#         7
  C:1459H         LINE#         9
  C:1459H         LINE#         27
  C:14A3H         LINE#         30
  C:14C4H         LINE#         31
  C:160BH         LINE#         34
  C:1657H         LINE#         36
  C:1676H         LINE#         37
  C:1676H         LINE#         42
  C:1676H         LINE#         46
  C:16A8H         LINE#         47
  C:16D2H         LINE#         48
  C:16FCH         LINE#         49
  C:17A9H         LINE#         52
  C:180AH         LINE#         54
  C:180AH         LINE#         59
  C:180AH         LINE#         61
  C:1821H         LINE#         62
  C:1849H         LINE#         63
  C:1860H         LINE#         64
  C:188BH         LINE#         65
  C:18C2H         LINE#         66
  C:18EDH         LINE#         67
  C:18EDH         LINE#         70
BL51 BANKED LINKER/LOCATER V6.22                                                      02/12/2019  13:31:23  PAGE 29


  C:18EDH         LINE#         79
  C:1928H         LINE#         82
  C:1962H         LINE#         84
  C:1987H         LINE#         85
  C:19A6H         LINE#         86
  C:19BDH         LINE#         87
  C:19D4H         LINE#         88
  C:19EBH         LINE#         89
  C:1A74H         LINE#         91
  C:1A8EH         LINE#         92
  C:1AF0H         LINE#         93
  C:1B26H         LINE#         94
  C:1B38H         LINE#         95
  C:1B65H         LINE#         96
  C:1B92H         LINE#         98
  C:1BB4H         LINE#         100
  C:1BECH         LINE#         103
  C:1BECH         LINE#         104
  C:1BFAH         LINE#         105
  -------         ENDPROC       SUNPOS
  -------         ENDMOD        SUNPOS

  -------         MODULE        ADC
  C:0000H         SYMBOL        _ICE_DUMMY_
  D:0092H         PUBLIC        P1M0
  D:0091H         PUBLIC        P1M1
  D:0080H         PUBLIC        P0
  D:0090H         PUBLIC        P1
  D:00A0H         PUBLIC        P2
  D:00B0H         PUBLIC        P3
  D:00C0H         PUBLIC        P4
  D:00C8H         PUBLIC        P5
  D:00E8H         PUBLIC        P6
  D:00F8H         PUBLIC        P7
  D:00A8H         PUBLIC        IE
  D:00BDH         PUBLIC        ADC_RES
  D:00B8H         PUBLIC        IP
  D:0097H         PUBLIC        CLK_DIV
  D:00D8H         PUBLIC        CCON
  D:00BCH         PUBLIC        ADC_CONTR
  D:0098H         PUBLIC        SCON
  D:0088H         PUBLIC        TCON
  B:00A0H.4       PUBLIC        P24
  B:00A0H.5       PUBLIC        P25
  B:00A0H.6       PUBLIC        P26
  C:3EE2H         PUBLIC        ADC_Init
  C:3DD8H         PUBLIC        _ADC_GetResult
  D:009DH         PUBLIC        P1ASF
  D:00BEH         PUBLIC        ADC_RESL
  D:00D0H         PUBLIC        PSW
  -------         PROC          ADC_INIT
  C:3EE2H         LINE#         7
  C:3EE2H         LINE#         8
  C:3EE2H         LINE#         10
  C:3EE4H         LINE#         11
  C:3EE6H         LINE#         12
  C:3EE8H         LINE#         13
BL51 BANKED LINKER/LOCATER V6.22                                                      02/12/2019  13:31:23  PAGE 30


  C:3EEBH         LINE#         14
  C:3EEEH         LINE#         15
  C:3EF1H         LINE#         16
  C:3EF4H         LINE#         18
  C:3EF6H         LINE#         19
  C:3EF8H         LINE#         20
  C:3EFBH         LINE#         22
  -------         ENDPROC       ADC_INIT
  -------         PROC          _ADC_GETRESULT
  D:0007H         SYMBOL        ch
  -------         DO            
  D:0006H         SYMBOL        ADC_Value_H
  D:0004H         SYMBOL        ADC_Value_L
  D:0006H         SYMBOL        ADC_Value
  -------         ENDDO         
  C:3DD8H         LINE#         27
  C:3DD8H         LINE#         28
  C:3DD8H         LINE#         30
  C:3DDDH         LINE#         31
  C:3DDEH         LINE#         32
  C:3DDFH         LINE#         33
  C:3DE0H         LINE#         34
  C:3DE1H         LINE#         35
  C:3DE6H         LINE#         36
  C:3DE9H         LINE#         37
  C:3DEDH         LINE#         38
  C:3DF1H         LINE#         40
  C:3E03H         LINE#         41
  C:3E03H         LINE#         42
  -------         ENDPROC       _ADC_GETRESULT
  -------         ENDMOD        ADC

  -------         MODULE        CALIBRATION
  C:0000H         SYMBOL        _ICE_DUMMY_
  D:0080H         PUBLIC        P0
  D:0090H         PUBLIC        P1
  D:00A0H         PUBLIC        P2
  D:00B0H         PUBLIC        P3
  D:00C0H         PUBLIC        P4
  D:00C8H         PUBLIC        P5
  D:00E8H         PUBLIC        P6
  D:00F8H         PUBLIC        P7
  C:383AH         PUBLIC        _Max_Value
  D:00A8H         PUBLIC        IE
  C:3307H         PUBLIC        _calibration
  C:3589H         PUBLIC        voltage_is_stable
  D:00B8H         PUBLIC        IP
  D:00D8H         PUBLIC        CCON
  D:0098H         PUBLIC        SCON
  D:0088H         PUBLIC        TCON
  C:22ADH         PUBLIC        _Find_Real_Max
  D:00D0H         PUBLIC        PSW
  -------         PROC          VOLTAGE_IS_STABLE
  -------         DO            
  X:0668H         SYMBOL        sample_voltage
  X:067CH         SYMBOL        i
  X:067EH         SYMBOL        ch
BL51 BANKED LINKER/LOCATER V6.22                                                      02/12/2019  13:31:23  PAGE 31


  -------         ENDDO         
  C:3589H         LINE#         19
  C:3589H         LINE#         20
  C:3589H         LINE#         22
  C:3590H         LINE#         23
  C:3596H         LINE#         24
  C:3596H         LINE#         25
  C:35BFH         LINE#         26
  C:35DEH         LINE#         28
  C:35F8H         LINE#         29
  C:35F8H         LINE#         30
  C:362BH         LINE#         31
  C:362FH         LINE#         32
  C:363FH         LINE#         33
  C:3643H         LINE#         34
  -------         ENDPROC       VOLTAGE_IS_STABLE
  -------         PROC          _FIND_REAL_MAX
  X:0502H         SYMBOL        current_position
  -------         DO            
  X:0505H         SYMBOL        ch
  X:0506H         SYMBOL        calib_step_move
  X:050AH         SYMBOL        voltage_at_scanned_pos
  X:0582H         SYMBOL        max_location
  X:0584H         SYMBOL        i
  -------         ENDDO         
  C:22ADH         LINE#         35
  C:22B8H         LINE#         36
  C:22B8H         LINE#         37
  C:22BBH         LINE#         38
  C:22C3H         LINE#         42
  C:22DCH         LINE#         43
  C:22DCH         LINE#         44
  C:22F1H         LINE#         45
  C:2301H         LINE#         46
  C:2308H         LINE#         47
  C:2308H         LINE#         48
  C:2313H         LINE#         49
  C:2313H         LINE#         50
  C:2326H         LINE#         51
  C:234CH         LINE#         52
  C:2374H         LINE#         53
  C:2377H         LINE#         55
  C:2377H         LINE#         57
  C:2389H         LINE#         58
  C:23A9H         LINE#         61
  C:23D0H         LINE#         63
  C:242CH         LINE#         64
  C:242FH         LINE#         65
  C:242FH         LINE#         69
  C:2434H         LINE#         70
  C:2439H         LINE#         72
  C:243EH         LINE#         73
  C:2443H         LINE#         74
  C:2448H         LINE#         75
  C:244DH         LINE#         78
  C:2484H         LINE#         79
  C:2489H         LINE#         80
BL51 BANKED LINKER/LOCATER V6.22                                                      02/12/2019  13:31:23  PAGE 32


  C:248EH         LINE#         81
  C:2495H         LINE#         82
  C:24B7H         LINE#         96
  C:24C6H         LINE#         97
  C:24C6H         LINE#         98
  C:24D7H         LINE#         100
  C:24F9H         LINE#         101
  C:2556H         LINE#         102
  C:255DH         LINE#         103
  C:255DH         LINE#         105
  -------         ENDPROC       _FIND_REAL_MAX
  -------         PROC          _MAX_VALUE
  D:0001H         SYMBOL        input
  -------         DO            
  D:0004H         SYMBOL        max
  X:06E9H         SYMBOL        max_location
  X:06EBH         SYMBOL        i
  -------         ENDDO         
  C:383AH         LINE#         108
  C:383AH         LINE#         109
  C:383AH         LINE#         110
  C:3845H         LINE#         112
  C:385AH         LINE#         113
  C:385AH         LINE#         114
  C:3890H         LINE#         115
  C:38ADH         LINE#         116
  C:38BCH         LINE#         117
  C:38CDH         LINE#         118
  C:38D5H         LINE#         120
  -------         ENDPROC       _MAX_VALUE
  -------         PROC          _CALIBRATION
  X:0694H         SYMBOL        mnths
  X:0695H         SYMBOL        dys
  X:0696H         SYMBOL        hurs
  X:0697H         SYMBOL        mns
  X:0698H         SYMBOL        sconds
  X:0699H         SYMBOL        currnt_pos
  -------         DO            
  X:069CH         SYMBOL        calib_value
  X:06A0H         SYMBOL        theorical_max_pos
  X:06A4H         SYMBOL        JP_max_pos
  -------         ENDDO         
  C:3307H         LINE#         122
  C:3312H         LINE#         125
  C:3312H         LINE#         126
  C:331CH         LINE#         127
  C:3330H         LINE#         129
  C:333AH         LINE#         130
  C:333AH         LINE#         132
  C:3370H         LINE#         133
  C:338EH         LINE#         135
  C:3397H         LINE#         136
  C:33BAH         LINE#         137
  C:33D6H         LINE#         138
  C:33E5H         LINE#         139
  C:33E5H         LINE#         141
  C:33EAH         LINE#         142
BL51 BANKED LINKER/LOCATER V6.22                                                      02/12/2019  13:31:23  PAGE 33


  -------         ENDPROC       _CALIBRATION
  -------         ENDMOD        CALIBRATION

  -------         MODULE        IOEXPANDER_PI4IOE5V96248
  C:0000H         SYMBOL        _ICE_DUMMY_
  D:0080H         PUBLIC        P0
  B:00C8H.4       PUBLIC        I2C_SCK
  D:0090H         PUBLIC        P1
  D:00A0H         PUBLIC        P2
  D:00B0H         PUBLIC        P3
  D:00C0H         PUBLIC        P4
  D:00C8H         PUBLIC        P5
  D:00E8H         PUBLIC        P6
  D:00F8H         PUBLIC        P7
  D:00A8H         PUBLIC        IE
  D:00B8H         PUBLIC        IP
  D:00D8H         PUBLIC        CCON
  C:4021H         PUBLIC        I2C_Start
  D:0098H         PUBLIC        SCON
  D:0088H         PUBLIC        TCON
  C:3644H         PUBLIC        _Write_PI4IOE5V96248
  C:4030H         PUBLIC        uC_NACK
  C:3E11H         PUBLIC        _Wait_ms_i2c
  C:3E5CH         PUBLIC        _I2C_SendByte
  C:3FB1H         PUBLIC        I2C_Stop
  C:4098H         PUBLIC        nop
  C:4087H         PUBLIC        uC_ACK
  C:3F86H         PUBLIC        I2C_ACK
  B:00C0H.7       PUBLIC        I2C_SDA
  D:00D0H         PUBLIC        PSW
  C:3E0BH         SYMBOL        L?0031
  C:3E0DH         SYMBOL        L?0032
  -------         PROC          L?0030
  -------         ENDPROC       L?0030
  C:3E0BH         SYMBOL        L?0031
  C:3E0DH         SYMBOL        L?0032
  -------         PROC          _WAIT_MS_I2C
  D:0006H         SYMBOL        ms
  -------         DO            
  D:0004H         SYMBOL        De_Cnt
  -------         ENDDO         
  C:3E11H         LINE#         7
  C:3E11H         LINE#         8
  C:3E11H         LINE#         10
  C:3E1BH         LINE#         11
  C:3E1BH         LINE#         12
  C:3E2EH         LINE#         13
  C:3E2EH         LINE#         14
  -------         ENDPROC       _WAIT_MS_I2C
  -------         PROC          NOP
  C:4098H         LINE#         16
  C:4098H         LINE#         17
  C:4098H         LINE#         19
  -------         ENDPROC       NOP
  -------         PROC          I2C_START
  C:4021H         LINE#         20
  C:4021H         LINE#         21
BL51 BANKED LINKER/LOCATER V6.22                                                      02/12/2019  13:31:23  PAGE 34


  C:4021H         LINE#         23
  C:4023H         LINE#         24
  C:4025H         LINE#         25
  C:4028H         LINE#         26
  C:402AH         LINE#         27
  C:402DH         LINE#         28
  C:402FH         LINE#         31
  -------         ENDPROC       I2C_START
  -------         PROC          I2C_STOP
  C:3FB1H         LINE#         33
  C:3FB1H         LINE#         34
  C:3FB1H         LINE#         35
  C:3FB3H         LINE#         36
  C:3FB5H         LINE#         37
  C:3FB8H         LINE#         38
  C:3FBAH         LINE#         39
  C:3FBCH         LINE#         40
  C:3FC3H         LINE#         41
  C:3FC5H         LINE#         44
  -------         ENDPROC       I2C_STOP
  -------         PROC          I2C_ACK
  -------         DO            
  X:0703H         SYMBOL        i
  D:0003H         SYMBOL        dat
  -------         ENDDO         
  C:3F86H         LINE#         46
  C:3F86H         LINE#         47
  C:3F86H         LINE#         49
  C:3F87H         LINE#         54
  C:3F8AH         LINE#         55
  C:3F8CH         LINE#         56
  C:3F8FH         LINE#         58
  C:3F92H         LINE#         59
  C:3F92H         LINE#         60
  C:3F96H         LINE#         61
  C:3F96H         LINE#         64
  C:3F96H         LINE#         65
  C:3F99H         LINE#         66
  C:3F99H         LINE#         67
  C:3F9BH         LINE#         68
[...]
  -------         ENDPROC       _I2C_SENDBYTE
  -------         PROC          _WRITE_PI4IOE5V96248
  X:06FFH         SYMBOL        xdat
  C:3644H         LINE#         148
  C:364FH         LINE#         149
  C:364FH         LINE#         150
  C:3652H         LINE#         151
  C:3659H         LINE#         152
  C:365EH         LINE#         153
  C:3664H         LINE#         154
BL51 BANKED LINKER/LOCATER V6.22                                                      02/12/2019  13:31:23  PAGE 36


  C:3664H         LINE#         155
  C:3676H         LINE#         156
  C:3676H         LINE#         158
  C:367CH         LINE#         159
  C:367CH         LINE#         160
  C:368CH         LINE#         161
  C:368CH         LINE#         162
  C:3692H         LINE#         163
  C:3692H         LINE#         164
  C:36A2H         LINE#         165
  C:36A2H         LINE#         166
  C:36A8H         LINE#         167
  C:36A8H         LINE#         168
  C:36B9H         LINE#         169
  C:36B9H         LINE#         171
  C:36BFH         LINE#         172
  C:36BFH         LINE#         173
  C:36D0H         LINE#         174
  C:36D0H         LINE#         175
  C:36D6H         LINE#         176
  C:36D6H         LINE#         177
  C:36E7H         LINE#         178
  C:36E7H         LINE#         180
  C:36EDH         LINE#         181
  C:36F0H         LINE#         182
  -------         ENDPROC       _WRITE_PI4IOE5V96248
  -------         ENDMOD        IOEXPANDER_PI4IOE5V96248

  -------         MODULE        AT25SF041
  C:0000H         SYMBOL        _ICE_DUMMY_
  D:0080H         PUBLIC        P0
  D:0090H         PUBLIC        P1
  D:00A0H         PUBLIC        P2
  D:00B0H         PUBLIC        P3
  D:00C0H         PUBLIC        P4
  D:00C8H         PUBLIC        P5
  D:00E8H         PUBLIC        P6
  D:00F8H         PUBLIC        P7
  C:2E56H         PUBLIC        _AT25SF041_Read
  D:00A8H         PUBLIC        IE
  D:00B8H         PUBLIC        IP
  C:30B9H         PUBLIC        _AT25SF041_Write
  B:00C0H.1       PUBLIC        AT25SF041_CS
  D:00D8H         PUBLIC        CCON
  D:0098H         PUBLIC        SCON
  D:0088H         PUBLIC        TCON
  C:3B5FH         PUBLIC        AT25SF041_WriteEnable
  B:00C0H.2       PUBLIC        AT25SF041_SDI
  B:00C0H.3       PUBLIC        AT25SF041_SCK
  B:00C0H.4       PUBLIC        AT25SF041_SDO
  D:00D0H         PUBLIC        PSW
  -------         PROC          AT25SF041_WRITEENABLE
  -------         DO            
  X:0660H         SYMBOL        i
  X:0662H         SYMBOL        write_en
  -------         ENDDO         
  C:3B5FH         LINE#         3
BL51 BANKED LINKER/LOCATER V6.22                                                      02/12/2019  13:31:23  PAGE 37


  C:3B5FH         LINE#         4
  C:3B5FH         LINE#         7
  C:3B65H         LINE#         11
  C:3B6CH         LINE#         12
  C:3B6CH         LINE#         13
  C:3B6EH         LINE#         14
  C:3B75H         LINE#         15
  C:3B7CH         LINE#         16
  C:3B7CH         LINE#         17
  C:3B7EH         LINE#         18
  C:3B80H         LINE#         20
  C:3B80H         LINE#         21
  C:3B82H         LINE#         23
  C:3B82H         LINE#         24
  C:3B89H         LINE#         25
  C:3B8BH         LINE#         26
  C:3B92H         LINE#         27
  C:3B99H         LINE#         30
  C:3BB8H         LINE#         34
  -------         ENDPROC       AT25SF041_WRITEENABLE
  -------         PROC          _AT25SF041_WRITE
  X:0660H         SYMBOL        opcode
  X:0661H         SYMBOL        addr
  X:0665H         SYMBOL        dat
  -------         DO            
  X:0666H         SYMBOL        i
  -------         ENDDO         
  C:30B9H         LINE#         37
  C:30BEH         LINE#         38
  C:30BEH         LINE#         39
  C:30BEH         LINE#         40
  C:30C0H         LINE#         41
  C:30C7H         LINE#         44
  C:30CEH         LINE#         45
  C:30CEH         LINE#         46
  C:30D0H         LINE#         47
  C:30D7H         LINE#         48
  C:30DEH         LINE#         49
  C:30DEH         LINE#         50
  C:30E0H         LINE#         51
  C:30E2H         LINE#         53
  C:30E2H         LINE#         54
  C:30E4H         LINE#         56
  C:30E4H         LINE#         57
  C:30EBH         LINE#         58
  C:30EDH         LINE#         59
  C:30F4H         LINE#         60
  C:30FBH         LINE#         63
  C:311AH         LINE#         65
  C:3121H         LINE#         66
  C:3121H         LINE#         67
  C:3123H         LINE#         68
  C:312AH         LINE#         69
  C:3143H         LINE#         70
  C:3143H         LINE#         71
  C:3145H         LINE#         72
  C:3147H         LINE#         74
BL51 BANKED LINKER/LOCATER V6.22                                                      02/12/2019  13:31:23  PAGE 38


  C:3147H         LINE#         75
  C:3149H         LINE#         77
  C:3149H         LINE#         78
  C:3150H         LINE#         79
  C:3152H         LINE#         80
  C:3159H         LINE#         81
  C:3172H         LINE#         83
  C:3191H         LINE#         85
  C:3198H         LINE#         86
  C:3198H         LINE#         87
  C:319AH         LINE#         88
  C:31A1H         LINE#         89
  C:31A8H         LINE#         90
  C:31A8H         LINE#         91
  C:31AAH         LINE#         92
  C:31ACH         LINE#         94
  C:31ACH         LINE#         95
  C:31AEH         LINE#         97
  C:31AEH         LINE#         98
  C:31B5H         LINE#         99
  C:31B7H         LINE#         100
  C:31BEH         LINE#         101
  C:31C5H         LINE#         103
  C:31E4H         LINE#         108
  -------         ENDPROC       _AT25SF041_WRITE
  -------         PROC          _AT25SF041_READ
  X:0660H         SYMBOL        opcode
  X:0661H         SYMBOL        addr
  -------         DO            
  X:0665H         SYMBOL        dat
  X:0666H         SYMBOL        i
  -------         ENDDO         
  C:2E56H         LINE#         110
  C:2E5BH         LINE#         111
  C:2E5BH         LINE#         112
  C:2E60H         LINE#         114
  C:2E62H         LINE#         115
  C:2E68H         LINE#         119
  C:2E6FH         LINE#         120
  C:2E6FH         LINE#         121
  C:2E71H         LINE#         122
  C:2E78H         LINE#         123
  C:2E7FH         LINE#         124
  C:2E7FH         LINE#         125
  C:2E81H         LINE#         126
  C:2E83H         LINE#         128
  C:2E83H         LINE#         129
  C:2E85H         LINE#         131
  C:2E85H         LINE#         132
  C:2E8CH         LINE#         133
  C:2E8EH         LINE#         134
  C:2E95H         LINE#         135
  C:2E9CH         LINE#         138
  C:2EBBH         LINE#         140
  C:2EC2H         LINE#         141
  C:2EC2H         LINE#         142
  C:2EC4H         LINE#         143
BL51 BANKED LINKER/LOCATER V6.22                                                      02/12/2019  13:31:23  PAGE 39


  C:2ECBH         LINE#         144
  C:2EE4H         LINE#         145
  C:2EE4H         LINE#         146
  C:2EE6H         LINE#         147
  C:2EE8H         LINE#         149
  C:2EE8H         LINE#         150
  C:2EEAH         LINE#         152
  C:2EEAH         LINE#         153
  C:2EF1H         LINE#         154
  C:2EF3H         LINE#         155
  C:2EFAH         LINE#         156
  C:2F13H         LINE#         158
  C:2F32H         LINE#         161
  C:2F34H         LINE#         162
  C:2F3BH         LINE#         163
  C:2F3BH         LINE#         164
  C:2F42H         LINE#         165
  C:2F44H         LINE#         166
  C:2F4BH         LINE#         167
  C:2F4DH         LINE#         168
  C:2F54H         LINE#         170
  C:2F57H         LINE#         171
  C:2F57H         LINE#         173
  C:2F5EH         LINE#         174
  C:2F5EH         LINE#         180
  C:2F7DH         LINE#         183
  C:2F7FH         LINE#         184
  C:2F86H         LINE#         185
  C:2F8BH         LINE#         187
  -------         ENDPROC       _AT25SF041_READ
  -------         ENDMOD        AT25SF041

  -------         MODULE        ?C_STARTUP
  C:396BH         SEGMENT       ?C_C51STARTUP
  I:0022H         SEGMENT       ?STACK
  C:0000H         PUBLIC        ?C_STARTUP
  D:00E0H         SYMBOL        ACC
  D:00F0H         SYMBOL        B
  D:0083H         SYMBOL        DPH
  D:0082H         SYMBOL        DPL
  N:0000H         SYMBOL        IBPSTACK
  N:0100H         SYMBOL        IBPSTACKTOP
  N:0080H         SYMBOL        IDATALEN
  C:396EH         SYMBOL        IDATALOOP
  N:0000H         SYMBOL        PBPSTACK
  N:0100H         SYMBOL        PBPSTACKTOP
  N:0000H         SYMBOL        PDATALEN
  N:0000H         SYMBOL        PDATASTART
  N:0000H         SYMBOL        PPAGE
  N:0000H         SYMBOL        PPAGEENABLE
  D:00A0H         SYMBOL        PPAGE_SFR
  D:0081H         SYMBOL        SP
  C:396BH         SYMBOL        STARTUP1
  N:0000H         SYMBOL        XBPSTACK
  N:0000H         SYMBOL        XBPSTACKTOP
  N:0000H         SYMBOL        XDATALEN
  N:0000H         SYMBOL        XDATASTART
BL51 BANKED LINKER/LOCATER V6.22                                                      02/12/2019  13:31:23  PAGE 40


  C:0000H         LINE#         126
  C:396BH         LINE#         133
  C:396DH         LINE#         134
  C:396EH         LINE#         135
  C:396FH         LINE#         136
  C:3971H         LINE#         185
  C:3974H         LINE#         196
  -------         ENDMOD        ?C_STARTUP

  -------         MODULE        ?C?FPADD
  C:0B15H         PUBLIC        ?C?FPADD
  C:0B11H         PUBLIC        ?C?FPSUB
  -------         ENDMOD        ?C?FPADD

  -------         MODULE        ?C?FPMUL
  C:0C06H         PUBLIC        ?C?FPMUL
  -------         ENDMOD        ?C?FPMUL

  -------         MODULE        ?C?FPDIV
  C:0D0FH         PUBLIC        ?C?FPDIV
  -------         ENDMOD        ?C?FPDIV

  -------         MODULE        ?C?FPCMP
  C:0DAEH         PUBLIC        ?C?FPCMP
  C:0DACH         PUBLIC        ?C?FPCMP3
  -------         ENDMOD        ?C?FPCMP

  -------         MODULE        ?C?FPNEG
  C:0E25H         PUBLIC        ?C?FPNEG
  -------         ENDMOD        ?C?FPNEG

  -------         MODULE        ?C?FCAST
  C:0E40H         PUBLIC        ?C?FCASTC
  C:0E3BH         PUBLIC        ?C?FCASTI
  C:0E36H         PUBLIC        ?C?FCASTL
  -------         ENDMOD        ?C?FCAST

  -------         MODULE        ?C?CASTF
  C:0E74H         PUBLIC        ?C?CASTF
  -------         ENDMOD        ?C?CASTF

  -------         MODULE        ATAN2
  X:06CAH         PUBLIC        ?_atan2?BYTE
  C:379DH         PUBLIC        _atan2
  -------         ENDMOD        ATAN2

  -------         MODULE        SIN
  C:2BA4H         PUBLIC        _COS
  C:2BBAH         PUBLIC        _SIN
  C:2BF6H         PUBLIC        _TAN
  -------         ENDMOD        SIN

  -------         MODULE        ACOS
  C:3C5CH         PUBLIC        _ACOS
  -------         ENDMOD        ACOS

  -------         MODULE        ASIN
BL51 BANKED LINKER/LOCATER V6.22                                                      02/12/2019  13:31:23  PAGE 41


  C:3D6AH         PUBLIC        _ASIN
  -------         ENDMOD        ASIN

  -------         MODULE        SQRT
  C:36F5H         PUBLIC        _SQRT
  -------         ENDMOD        SQRT

  -------         MODULE        ATAN
  C:3205H         PUBLIC        _ATAN
  -------         ENDMOD        ATAN

  -------         MODULE        ?C?COPY
  C:1012H         PUBLIC        ?C?COPY
  -------         ENDMOD        ?C?COPY

  -------         MODULE        ?C?CLDPTR
  C:1038H         PUBLIC        ?C?CLDPTR
  -------         ENDMOD        ?C?CLDPTR

  -------         MODULE        ?C?CLDOPTR
  C:1051H         PUBLIC        ?C?CLDOPTR
  -------         ENDMOD        ?C?CLDOPTR

  -------         MODULE        ?C?CSTPTR
  C:107EH         PUBLIC        ?C?CSTPTR
  -------         ENDMOD        ?C?CSTPTR

  -------         MODULE        ?C?IMUL
  C:1090H         PUBLIC        ?C?IMUL
  -------         ENDMOD        ?C?IMUL

  -------         MODULE        ?C?UIDIV
  C:10A2H         PUBLIC        ?C?UIDIV
  -------         ENDMOD        ?C?UIDIV

  -------         MODULE        ?C?SIDIV
  C:10F7H         PUBLIC        ?C?SIDIV
  -------         ENDMOD        ?C?SIDIV

  -------         MODULE        ?C?ILDIX
  C:112DH         PUBLIC        ?C?ILDIX
  -------         ENDMOD        ?C?ILDIX

  -------         MODULE        ?C?ILDOPTR
  C:1143H         PUBLIC        ?C?ILDOPTR
  -------         ENDMOD        ?C?ILDOPTR

  -------         MODULE        ?C?LMUL
  C:117BH         PUBLIC        ?C?LMUL
  -------         ENDMOD        ?C?LMUL

  -------         MODULE        ?C?SLDIV
  C:3CA6H         PUBLIC        ?C?SLDIV
  -------         ENDMOD        ?C?SLDIV

  -------         MODULE        ?C?LNEG
  C:11CAH         PUBLIC        ?C?LNEG
BL51 BANKED LINKER/LOCATER V6.22                                                      02/12/2019  13:31:23  PAGE 42


  -------         ENDMOD        ?C?LNEG

  -------         MODULE        ?C?ULCMP
  C:11D8H         PUBLIC        ?C?ULCMP
  -------         ENDMOD        ?C?ULCMP

  -------         MODULE        ?C?LSHL
  C:11E9H         PUBLIC        ?C?LSHL
  -------         ENDMOD        ?C?LSHL

  -------         MODULE        ?C?LLDPTR
  C:11FCH         PUBLIC        ?C?LLDPTR
  -------         ENDMOD        ?C?LLDPTR

  -------         MODULE        ?C?LLDOPTR
  C:121CH         PUBLIC        ?C?LLDOPTR
  -------         ENDMOD        ?C?LLDOPTR

  -------         MODULE        ?C?LSTPTR
  C:124CH         PUBLIC        ?C?LSTPTR
  -------         ENDMOD        ?C?LSTPTR

  -------         MODULE        ?C?LSTOPTR
  C:1266H         PUBLIC        ?C?LSTOPTR
  -------         ENDMOD        ?C?LSTOPTR

  -------         MODULE        ?C?LLDXDATA
  C:128AH         PUBLIC        ?C?LLDXDATA
  -------         ENDMOD        ?C?LLDXDATA

  -------         MODULE        ?C?LLDCODE
  C:1296H         PUBLIC        ?C?LLDCODE
  -------         ENDMOD        ?C?LLDCODE

  -------         MODULE        ?C?LLDXDATA0
  C:12A6H         PUBLIC        ?C?LLDXDATA0
  -------         ENDMOD        ?C?LLDXDATA0

  -------         MODULE        ?C?LLDCODE0
  C:12B2H         PUBLIC        ?C?LLDCODE0
  -------         ENDMOD        ?C?LLDCODE0

  -------         MODULE        ?C?LLDPTR0
  C:12C2H         PUBLIC        ?C?LLDPTR0
  -------         ENDMOD        ?C?LLDPTR0

  -------         MODULE        ?C?LSTXDATA
  C:12E2H         PUBLIC        ?C?LSTXDATA
  -------         ENDMOD        ?C?LSTXDATA

  -------         MODULE        ?C?LSTKXDATA
  C:12EEH         PUBLIC        ?C?LSTKXDATA
  -------         ENDMOD        ?C?LSTKXDATA

  -------         MODULE        ?C?OFFXADD
  C:131FH         PUBLIC        ?C?OFFXADD
  -------         ENDMOD        ?C?OFFXADD
BL51 BANKED LINKER/LOCATER V6.22                                                      02/12/2019  13:31:23  PAGE 43



  -------         MODULE        ABS
  C:4067H         PUBLIC        _ABS
  -------         ENDMOD        ABS

  -------         MODULE        ATOI
  C:33EBH         PUBLIC        _atoi
  -------         ENDMOD        ATOI

  -------         MODULE        ?C?IILDX
  C:132BH         PUBLIC        ?C?IILDX
  -------         ENDMOD        ?C?IILDX

  -------         MODULE        ?C?ULDIV
  C:137DH         PUBLIC        ?C?ULDIV
  -------         ENDMOD        ?C?ULDIV

  -------         MODULE        ?C?LLDIDATA
  C:140FH         PUBLIC        ?C?LLDIDATA
  -------         ENDMOD        ?C?LLDIDATA

  -------         MODULE        ?C?LLDPDATA
  C:141BH         PUBLIC        ?C?LLDPDATA
  -------         ENDMOD        ?C?LLDPDATA

  -------         MODULE        ?C?LLDIDATA0
  C:1427H         PUBLIC        ?C?LLDIDATA0
  -------         ENDMOD        ?C?LLDIDATA0

  -------         MODULE        ?C?LLDPDATA0
  C:1434H         PUBLIC        ?C?LLDPDATA0
  -------         ENDMOD        ?C?LLDPDATA0

  -------         MODULE        ?C?LSTIDATA
  C:1441H         PUBLIC        ?C?LSTIDATA
  -------         ENDMOD        ?C?LSTIDATA

  -------         MODULE        ?C?LSTPDATA
  C:144DH         PUBLIC        ?C?LSTPDATA
  -------         ENDMOD        ?C?LSTPDATA

  -------         MODULE        ISDIGIT
  C:403FH         PUBLIC        _isdigit
  -------         ENDMOD        ISDIGIT

  -------         MODULE        ISSPACE
  C:3FDAH         PUBLIC        _isspace
  -------         ENDMOD        ISSPACE

*** WARNING L16: UNCALLED SEGMENT, IGNORED FOR OVERLAY PROCESS
    SEGMENT: ?PR?_DISPLAY_PROX?MAIN

*** WARNING L16: UNCALLED SEGMENT, IGNORED FOR OVERLAY PROCESS
    SEGMENT: ?PR?_READ_TIME?PCF85063BTL

*** WARNING L16: UNCALLED SEGMENT, IGNORED FOR OVERLAY PROCESS
    SEGMENT: ?PR?_DAY_OF_YEAR?PCF85063BTL
BL51 BANKED LINKER/LOCATER V6.22                                                      02/12/2019  13:31:23  PAGE 44



*** WARNING L16: UNCALLED SEGMENT, IGNORED FOR OVERLAY PROCESS
    SEGMENT: ?PR?INITUART1?UART1

*** WARNING L16: UNCALLED SEGMENT, IGNORED FOR OVERLAY PROCESS
    SEGMENT: ?PR?_SENDSTRING?UART1

*** WARNING L16: UNCALLED SEGMENT, IGNORED FOR OVERLAY PROCESS
    SEGMENT: ?PR?_TEN?UART1

*** WARNING L16: UNCALLED SEGMENT, IGNORED FOR OVERLAY PROCESS
    SEGMENT: ?PR?_UNIT?UART1

*** WARNING L16: UNCALLED SEGMENT, IGNORED FOR OVERLAY PROCESS
    SEGMENT: ?PR?_DECTOBCD?UART1

*** WARNING L16: UNCALLED SEGMENT, IGNORED FOR OVERLAY PROCESS
    SEGMENT: ?PR?_ASCII_LETTER?UART1

*** WARNING L16: UNCALLED SEGMENT, IGNORED FOR OVERLAY PROCESS
    SEGMENT: ?PR?_ASCIITOBCD?UART1

*** WARNING L16: UNCALLED SEGMENT, IGNORED FOR OVERLAY PROCESS
    SEGMENT: ?PR?_DISPLAYLCD?LCD_DRIVER_SPLC780D

*** WARNING L16: UNCALLED SEGMENT, IGNORED FOR OVERLAY PROCESS
    SEGMENT: ?PR?LCD_RETURN_HOME?LCD_DRIVER_SPLC780D

*** WARNING L16: UNCALLED SEGMENT, IGNORED FOR OVERLAY PROCESS
    SEGMENT: ?PR?KEY_PROCESS?KEYPAD

*** WARNING L16: UNCALLED SEGMENT, IGNORED FOR OVERLAY PROCESS
    SEGMENT: ?PR?WAIT?BIPOLARMOTOR

*** WARNING L16: UNCALLED SEGMENT, IGNORED FOR OVERLAY PROCESS
    SEGMENT: ?PR?_FINDDET4X4?BIPOLARMOTOR

*** WARNING L16: UNCALLED SEGMENT, IGNORED FOR OVERLAY PROCESS
    SEGMENT: ?PR?_CALIBRATION?CALIBRATION

*** WARNING L16: UNCALLED SEGMENT, IGNORED FOR OVERLAY PROCESS
    SEGMENT: ?PR?NOP?IOEXPANDER_PI4IOE5V96248

*** WARNING L16: UNCALLED SEGMENT, IGNORED FOR OVERLAY PROCESS
    SEGMENT: ?PR?UC_ACK?IOEXPANDER_PI4IOE5V96248

*** WARNING L16: UNCALLED SEGMENT, IGNORED FOR OVERLAY PROCESS
    SEGMENT: ?PR?UC_NACK?IOEXPANDER_PI4IOE5V96248

*** WARNING L1: UNRESOLVED EXTERNAL SYMBOL
    SYMBOL:  AUTO_MODE
    MODULE:  .\Obj\main.obj (MAIN)

*** WARNING L2: REFERENCE MADE TO UNRESOLVED EXTERNAL
    SYMBOL:  AUTO_MODE
    MODULE:  .\Obj\main.obj (MAIN)
    ADDRESS: 2FA6H
BL51 BANKED LINKER/LOCATER V6.22                                                      02/12/2019  13:31:23  PAGE 45



*** WARNING L1: UNRESOLVED EXTERNAL SYMBOL
    SYMBOL:  _SENDUART1
    MODULE:  .\Obj\UART1.obj (UART1)

*** WARNING L2: REFERENCE MADE TO UNRESOLVED EXTERNAL
    SYMBOL:  _SENDUART1
    MODULE:  .\Obj\UART1.obj (UART1)
    ADDRESS: 3DD3H

*** WARNING L1: UNRESOLVED EXTERNAL SYMBOL
    SYMBOL:  AUTO_MODE
    MODULE:  .\Obj\KeyPad.obj (KEYPAD)

*** WARNING L2: REFERENCE MADE TO UNRESOLVED EXTERNAL
    SYMBOL:  AUTO_MODE
    MODULE:  .\Obj\KeyPad.obj (KEYPAD)
    ADDRESS: 25ABH

*** WARNING L2: REFERENCE MADE TO UNRESOLVED EXTERNAL
    SYMBOL:  AUTO_MODE
    MODULE:  .\Obj\KeyPad.obj (KEYPAD)
    ADDRESS: 25B6H

*** WARNING L2: REFERENCE MADE TO UNRESOLVED EXTERNAL
    SYMBOL:  AUTO_MODE
    MODULE:  .\Obj\KeyPad.obj (KEYPAD)
    ADDRESS: 25BDH

Program Size: data=10.5 xdata=1798 code=16537
LINK/LOCATE RUN COMPLETE.  27 WARNING(S),  0 ERROR(S)
