BL51 BANKED LINKER/LOCATER V6.22                                                        01/11/2019  15:45:51  PAGE 1


BL51 BANKED LINKER/LOCATER V6.22, INVOKED BY:
C:\KEIL_V5\C51\BIN\BL51.EXE .\Obj\main.obj, .\Obj\PCF85063BTL.obj, .\Obj\UART1.obj, .\Obj\LCd_Driver_SPLC780D.obj, .\Obj
>> \KeyPad.obj, .\Obj\BipolarMotor.obj, .\Obj\SunPos.obj, .\Obj\ADC.obj, .\Obj\Calibration.obj, .\Obj\IOExpander_PI4IOE5
>> V96248.obj, .\Obj\STARTUP.obj TO .\Obj\GPIO_RTC_Test PRINT (.\Lis\GPIO_RTC_Test.m51) RAMSIZE (256)


MEMORY MODEL: LARGE WITH FLOATING POINT ARITHMETIC


INPUT MODULES INCLUDED:
  .\Obj\main.obj (MAIN)
  .\Obj\PCF85063BTL.obj (PCF85063BTL)
  .\Obj\UART1.obj (UART1)
  .\Obj\LCd_Driver_SPLC780D.obj (LCD_DRIVER_SPLC780D)
  .\Obj\KeyPad.obj (KEYPAD)
  .\Obj\BipolarMotor.obj (BIPOLARMOTOR)
  .\Obj\SunPos.obj (SUNPOS)
  .\Obj\ADC.obj (ADC)
  .\Obj\Calibration.obj (CALIBRATION)
  .\Obj\IOExpander_PI4IOE5V96248.obj (IOEXPANDER_PI4IOE5V96248)
  .\Obj\STARTUP.obj (?C_STARTUP)
  C:\KEIL_V5\C51\LIB\C51FPL.LIB (?C?FPADD)
  C:\KEIL_V5\C51\LIB\C51FPL.LIB (?C?FPMUL)
  C:\KEIL_V5\C51\LIB\C51FPL.LIB (?C?FPDIV)
  C:\KEIL_V5\C51\LIB\C51FPL.LIB (?C?FPCMP)
  C:\KEIL_V5\C51\LIB\C51FPL.LIB (?C?FPNEG)
  C:\KEIL_V5\C51\LIB\C51FPL.LIB (?C?FCAST)
  C:\KEIL_V5\C51\LIB\C51FPL.LIB (?C?CASTF)
  C:\KEIL_V5\C51\LIB\C51FPL.LIB (ATAN2)
  C:\KEIL_V5\C51\LIB\C51FPL.LIB (SIN)
  C:\KEIL_V5\C51\LIB\C51FPL.LIB (ACOS)
  C:\KEIL_V5\C51\LIB\C51FPL.LIB (ASIN)
  C:\KEIL_V5\C51\LIB\C51FPL.LIB (?C?FPGETOPN)
  C:\KEIL_V5\C51\LIB\C51FPL.LIB (?C?FPSERIES)
  C:\KEIL_V5\C51\LIB\C51FPL.LIB (SQRT)
  C:\KEIL_V5\C51\LIB\C51FPL.LIB (ATAN)
  C:\KEIL_V5\C51\LIB\C51L.LIB (?C_INIT)
  C:\KEIL_V5\C51\LIB\C51L.LIB (?C?COPY)
  C:\KEIL_V5\C51\LIB\C51L.LIB (?C?CLDPTR)
  C:\KEIL_V5\C51\LIB\C51L.LIB (?C?CLDOPTR)
  C:\KEIL_V5\C51\LIB\C51L.LIB (?C?CSTPTR)
  C:\KEIL_V5\C51\LIB\C51L.LIB (?C?IMUL)
  C:\KEIL_V5\C51\LIB\C51L.LIB (?C?UIDIV)
  C:\KEIL_V5\C51\LIB\C51L.LIB (?C?SIDIV)
  C:\KEIL_V5\C51\LIB\C51L.LIB (?C?ILDIX)
  C:\KEIL_V5\C51\LIB\C51L.LIB (?C?ILDOPTR)
  C:\KEIL_V5\C51\LIB\C51L.LIB (?C?LMUL)
  C:\KEIL_V5\C51\LIB\C51L.LIB (?C?SLDIV)
  C:\KEIL_V5\C51\LIB\C51L.LIB (?C?LNEG)
  C:\KEIL_V5\C51\LIB\C51L.LIB (?C?LLDPTR)
  C:\KEIL_V5\C51\LIB\C51L.LIB (?C?LLDOPTR)
  C:\KEIL_V5\C51\LIB\C51L.LIB (?C?LSTPTR)
  C:\KEIL_V5\C51\LIB\C51L.LIB (?C?LSTOPTR)
  C:\KEIL_V5\C51\LIB\C51L.LIB (?C?LLDXDATA)
  C:\KEIL_V5\C51\LIB\C51L.LIB (?C?LLDCODE)
  C:\KEIL_V5\C51\LIB\C51L.LIB (?C?LLDXDATA0)
  C:\KEIL_V5\C51\LIB\C51L.LIB (?C?LLDCODE0)
  C:\KEIL_V5\C51\LIB\C51L.LIB (?C?LLDPTR0)
BL51 BANKED LINKER/LOCATER V6.22                                                      01/11/2019  15:45:51  PAGE 2


  C:\KEIL_V5\C51\LIB\C51L.LIB (?C?LSTXDATA)
  C:\KEIL_V5\C51\LIB\C51L.LIB (?C?LSTKXDATA)
  C:\KEIL_V5\C51\LIB\C51L.LIB (?C?OFFXADD)
  C:\KEIL_V5\C51\LIB\C51L.LIB (ABS)
  C:\KEIL_V5\C51\LIB\C51L.LIB (ATOI)
  C:\KEIL_V5\C51\LIB\C51L.LIB (?C?IILDX)
  C:\KEIL_V5\C51\LIB\C51L.LIB (?C?ULDIV)
  C:\KEIL_V5\C51\LIB\C51L.LIB (?C?LLDIDATA)
  C:\KEIL_V5\C51\LIB\C51L.LIB (?C?LLDPDATA)
  C:\KEIL_V5\C51\LIB\C51L.LIB (?C?LLDIDATA0)
  C:\KEIL_V5\C51\LIB\C51L.LIB (?C?LLDPDATA0)
  C:\KEIL_V5\C51\LIB\C51L.LIB (?C?LSTIDATA)
  C:\KEIL_V5\C51\LIB\C51L.LIB (?C?LSTPDATA)
  C:\KEIL_V5\C51\LIB\C51L.LIB (ISDIGIT)
  C:\KEIL_V5\C51\LIB\C51L.LIB (ISSPACE)


LINK MAP OF MODULE:  .\Obj\GPIO_RTC_Test (MAIN)


            TYPE    BASE      LENGTH    RELOCATION   SEGMENT NAME
            -----------------------------------------------------

            * * * * * * *   D A T A   M E M O R Y   * * * * * * *
            REG     0000H     0008H     ABSOLUTE     "REG BANK 0"
            REG     0008H     0008H     ABSOLUTE     "REG BANK 1"
                    0010H     0010H                  *** GAP ***
            BIT     0020H.0   0000H.5   UNIT         ?BI?KEYPAD
            BIT     0020H.5   0000H.4   UNIT         _BIT_GROUP_
            BIT     0021H.1   0000H.1   UNIT         ?BI?MAIN
                    0021H.2   0000H.6                *** GAP ***
            IDATA   0022H     0001H     UNIT         ?STACK

            * * * * * * *  X D A T A   M E M O R Y  * * * * * * *
            XDATA   0000H     03C1H     UNIT         ?XD?BIPOLARMOTOR
            XDATA   03C1H     0137H     UNIT         _XDATA_GROUP_
            XDATA   04F8H     00F3H     UNIT         ?XD?MAIN
            XDATA   05EBH     0040H     UNIT         ?XD?_FINDDET4X4?BIPOLARMOTOR
            XDATA   062BH     0024H     UNIT         ?XD?_FINDDET3X3?BIPOLARMOTOR
            XDATA   064FH     001EH     UNIT         ?XD?_CALIB_INTERPOLATE?MAIN
            XDATA   066DH     0009H     UNIT         ?XD?KEYPAD
            XDATA   0676H     0004H     UNIT         ?XD?_DISPLAY_PROX?MAIN
            XDATA   067AH     0003H     UNIT         ?XD?_SENDSTRING?UART1
            XDATA   067DH     0001H     UNIT         ?XD?UC_ACK?IOEXPANDER_PI4IOE5V96248
            XDATA   067EH     0001H     UNIT         ?XD?UC_NACK?IOEXPANDER_PI4IOE5V96248

            * * * * * * *   C O D E   M E M O R Y   * * * * * * *
            CODE    0000H     0003H     ABSOLUTE     
            CODE    0003H     0006H     UNIT         ?PR?_TEN?UART1
            CODE    0009H     0001H     UNIT         ?PR?_DECTOBCD?UART1
            CODE    000AH     0001H     UNIT         ?PR?WAIT?BIPOLARMOTOR
            CODE    000BH     0003H     ABSOLUTE     
            CODE    000EH     0015H     UNIT         ?PR?_DISPLAY_LINE?LCD_DRIVER_SPLC780D
            CODE    0023H     0003H     ABSOLUTE     
            CODE    0026H     0927H     UNIT         ?C?LIB_CODE
            CODE    094DH     07DBH     UNIT         ?PR?_UPDATE_POSITION?BIPOLARMOTOR
            CODE    1128H     07A2H     UNIT         ?PR?SUNPOS?SUNPOS
BL51 BANKED LINKER/LOCATER V6.22                                                      01/11/2019  15:45:51  PAGE 3


            CODE    18CAH     0423H     UNIT         ?C_INITSEG
            CODE    1CEDH     03ADH     UNIT         ?PR?MAIN?MAIN
            CODE    209AH     02C0H     UNIT         ?PR?_FINDDET4X4?BIPOLARMOTOR
            CODE    235AH     02A0H     UNIT         ?PR?KEY_PROCESS?KEYPAD
            CODE    25FAH     01FFH     UNIT         ?PR?_FIND_REAL_MAX?CALIBRATION
            CODE    27F9H     01D1H     UNIT         ?PR?_FINDDET3X3?BIPOLARMOTOR
            CODE    29CAH     01B5H     UNIT         ?PR?_DISPLAY_POS?MAIN
            CODE    2B7FH     01A1H     UNIT         ?PR?_CALIB_INTERPOLATE?MAIN
            CODE    2D20H     018DH     UNIT         ?PR?KEY_SCAN?KEYPAD
            CODE    2EADH     0188H     UNIT         ?PR?SIN?SIN
            CODE    3035H     0122H     UNIT         ?PR?ATAN?ATAN
            CODE    3157H     00DBH     UNIT         ?PR?_ATOI?ATOI
            CODE    3232H     00C8H     UNIT         ?PR?_CALIBRATION?CALIBRATION
            CODE    32FAH     00BBH     UNIT         ?PR?VOLTAGE_IS_STABLE?CALIBRATION
            CODE    33B5H     00B1H     UNIT         ?PR?LINEAR_INTERPOLATE?BIPOLARMOTOR
            CODE    3466H     00ADH     UNIT         ?PR?_WRITE_PI4IOE5V96248?IOEXPANDER_PI4IOE5V96248
            CODE    3513H     00ACH     UNIT         ?PR?SQRT?SQRT
            CODE    35BFH     009DH     UNIT         ?PR?_ATAN2?ATAN2
            CODE    365CH     009BH     UNIT         ?PR?UART?MAIN
            CODE    36F7H     0095H     UNIT         ?PR?_DISPLAY_PROX?MAIN
            CODE    378CH     0093H     UNIT         ?PR?_MAX_VALUE?CALIBRATION
            CODE    381FH     008CH     UNIT         ?C_C51STARTUP
            CODE    38ABH     0084H     UNIT         ?PR?_DAY_OF_YEAR?PCF85063BTL
            CODE    392FH     0075H     UNIT         ?PR?_WRITEDATA?LCD_DRIVER_SPLC780D
            CODE    39A4H     006FH     UNIT         ?PR?_READ_TIME?PCF85063BTL
            CODE    3A13H     0059H     UNIT         ?PR?LCD_INIT?LCD_DRIVER_SPLC780D
            CODE    3A6CH     004AH     UNIT         ?PR?ACOS?ACOS
            CODE    3AB6H     0047H     UNIT         ?PR?_STEP_MOVE?BIPOLARMOTOR
            CODE    3AFDH     0046H     UNIT         ?PR?VONESTEPMOVE?BIPOLARMOTOR
            CODE    3B43H     0044H     UNIT         ?C?LDIV
            CODE    3B87H     0040H     UNIT         ?PR?_COMMAND?LCD_DRIVER_SPLC780D
            CODE    3BC7H     003BH     UNIT         ?PR?ASIN?ASIN
            CODE    3C02H     0033H     UNIT         ?PR?_SENDSTRING?UART1
            CODE    3C35H     0033H     UNIT         ?PR?_MOVE?BIPOLARMOTOR
            CODE    3C68H     002BH     UNIT         ?PR?_WAIT_MS_I2C?IOEXPANDER_PI4IOE5V96248
            CODE    3C93H     0027H     UNIT         ?PR?_I2C_SENDBYTE?IOEXPANDER_PI4IOE5V96248
            CODE    3CBAH     0026H     UNIT         ?PR?_ADC_GETRESULT?ADC
            CODE    3CE0H     0024H     UNIT         ?PR?_WAIT_MS?LCD_DRIVER_SPLC780D
            CODE    3D04H     0020H     UNIT         ?PR?_SPI_SENDBYTE?PCF85063BTL
            CODE    3D24H     0020H     UNIT         ?PR?SPI_RECEIVEBYTE?PCF85063BTL
            CODE    3D44H     001EH     UNIT         ?PR?_DELAY_MS?KEYPAD
            CODE    3D62H     001DH     UNIT         ?PR?_DISPLAYLCD?LCD_DRIVER_SPLC780D
            CODE    3D7FH     001BH     UNIT         ?PR?TM0_ISR?MAIN
            CODE    3D9AH     001BH     UNIT         ?PR?_BCDTODEC1?BIPOLARMOTOR
            CODE    3DB5H     0018H     UNIT         ?PR?_SPI_WRITETIME?PCF85063BTL
            CODE    3DCDH     0017H     UNIT         ?PR?_ASCIITOBCD?UART1
            CODE    3DE4H     0017H     UNIT         ?PR?ADC_INIT?ADC
            CODE    3DFBH     0016H     UNIT         ?PR?I2C_ACK?IOEXPANDER_PI4IOE5V96248
            CODE    3E11H     0015H     UNIT         ?PR?I2C_STOP?IOEXPANDER_PI4IOE5V96248
            CODE    3E26H     0014H     UNIT         ?PR?_PCF85063BTL_DELAY?PCF85063BTL
            CODE    3E3AH     0014H     UNIT         ?PR?_ISSPACE?ISSPACE
            CODE    3E4EH     0011H     UNIT         ?PR?_SPI_READTIME?PCF85063BTL
            CODE    3E5FH     0011H     UNIT         ?PR?_BCDTODEC?PCF85063BTL
            CODE    3E70H     0011H     UNIT         ?PR?INITUART1?UART1
            CODE    3E81H     000FH     UNIT         ?PR?I2C_START?IOEXPANDER_PI4IOE5V96248
            CODE    3E90H     000FH     UNIT         ?PR?UC_NACK?IOEXPANDER_PI4IOE5V96248
            CODE    3E9FH     000FH     UNIT         ?PR?_ISDIGIT?ISDIGIT
BL51 BANKED LINKER/LOCATER V6.22                                                      01/11/2019  15:45:51  PAGE 4


            CODE    3EAEH     000DH     UNIT         ?PR?SPI_INIT?PCF85063BTL
            CODE    3EBBH     000CH     UNIT         ?PR?KEYPAD_IO_INIT?KEYPAD
            CODE    3EC7H     000CH     UNIT         ?PR?_ABS?ABS
            CODE    3ED3H     000AH     UNIT         ?PR?LCD_RETURN_HOME?LCD_DRIVER_SPLC780D
            CODE    3EDDH     000AH     UNIT         ?PR?LCD_CLEAR?LCD_DRIVER_SPLC780D
            CODE    3EE7H     0009H     UNIT         ?PR?_SENDUART1?MAIN
            CODE    3EF0H     0006H     UNIT         ?PR?UC_ACK?IOEXPANDER_PI4IOE5V96248
            CODE    3EF6H     0005H     UNIT         ?PR?_UNIT?UART1
            CODE    3EFBH     0005H     UNIT         ?PR?_ASCII_LETTER?UART1
            CODE    3F00H     0001H     UNIT         ?PR?NOP?IOEXPANDER_PI4IOE5V96248



OVERLAY MAP OF MODULE:   .\Obj\GPIO_RTC_Test (MAIN)


SEGMENT                                             BIT_GROUP          XDATA_GROUP
  +--> CALLED SEGMENT                            START    LENGTH     START    LENGTH
------------------------------------------------------------------------------------
?PR?UART?MAIN                                    -----    -----      -----    -----
  +--> ?PR?_ASCIITOBCD?UART1

?PR?_ASCIITOBCD?UART1                            -----    -----      -----    -----
  +--> ?PR?_ATOI?ATOI

?PR?_ATOI?ATOI                                   0020H.5  0000H.1    03C1H    0005H
  +--> ?PR?_ISSPACE?ISSPACE
  +--> ?PR?_ISDIGIT?ISDIGIT

*** NEW ROOT ***************************************************

?C_C51STARTUP                                    -----    -----      -----    -----
  +--> ?PR?MAIN?MAIN
  +--> ?C_INITSEG

?PR?MAIN?MAIN                                    -----    -----      03C6H    000AH
  +--> ?PR?LCD_INIT?LCD_DRIVER_SPLC780D
  +--> ?PR?SPI_INIT?PCF85063BTL
  +--> ?PR?KEYPAD_IO_INIT?KEYPAD
  +--> ?PR?ADC_INIT?ADC
  +--> ?PR?_DELAY_MS?KEYPAD
  +--> ?PR?_DISPLAY_LINE?LCD_DRIVER_SPLC780D
  +--> ?PR?_WRITEDATA?LCD_DRIVER_SPLC780D
  +--> ?PR?KEY_PROCESS?KEYPAD
  +--> ?PR?_WRITE_PI4IOE5V96248?IOEXPANDER_P...
  +--> ?PR?_COMMAND?LCD_DRIVER_SPLC780D
  +--> ?PR?_DISPLAY_POS?MAIN
  +--> ?PR?_DISPLAYLCD?LCD_DRIVER_SPLC780D
  +--> ?PR?_STEP_MOVE?BIPOLARMOTOR
  +--> ?PR?LCD_RETURN_HOME?LCD_DRIVER_SPLC780D
  +--> ?PR?_READ_TIME?PCF85063BTL
  +--> ?PR?_DAY_OF_YEAR?PCF85063BTL
  +--> ?PR?_BCDTODEC1?BIPOLARMOTOR
  +--> ?PR?_CALIBRATION?CALIBRATION

?PR?LCD_INIT?LCD_DRIVER_SPLC780D                 -----    -----      -----    -----
  +--> ?PR?_WAIT_MS?LCD_DRIVER_SPLC780D
BL51 BANKED LINKER/LOCATER V6.22                                                      01/11/2019  15:45:51  PAGE 5


  +--> ?PR?_COMMAND?LCD_DRIVER_SPLC780D

?PR?_COMMAND?LCD_DRIVER_SPLC780D                 -----    -----      -----    -----
  +--> ?PR?_WAIT_MS?LCD_DRIVER_SPLC780D

?PR?ADC_INIT?ADC                                 -----    -----      -----    -----
  +--> ?PR?_WAIT_MS?LCD_DRIVER_SPLC780D

?PR?_DISPLAY_LINE?LCD_DRIVER_SPLC780D            -----    -----      -----    -----
  +--> ?PR?_COMMAND?LCD_DRIVER_SPLC780D

?PR?_WRITEDATA?LCD_DRIVER_SPLC780D               -----    -----      03DAH    0001H
  +--> ?PR?_WAIT_MS?LCD_DRIVER_SPLC780D

?PR?KEY_PROCESS?KEYPAD                           -----    -----      03D0H    0006H
  +--> ?PR?KEY_SCAN?KEYPAD
  +--> ?PR?_SPI_WRITETIME?PCF85063BTL
  +--> ?PR?LCD_CLEAR?LCD_DRIVER_SPLC780D
  +--> ?PR?_COMMAND?LCD_DRIVER_SPLC780D
  +--> ?PR?_WRITEDATA?LCD_DRIVER_SPLC780D

?PR?KEY_SCAN?KEYPAD                              -----    -----      03D6H    0003H

?PR?_SPI_WRITETIME?PCF85063BTL                   -----    -----      -----    -----
  +--> ?PR?_SPI_SENDBYTE?PCF85063BTL

?PR?_SPI_SENDBYTE?PCF85063BTL                    -----    -----      -----    -----
  +--> ?PR?_PCF85063BTL_DELAY?PCF85063BTL

?PR?LCD_CLEAR?LCD_DRIVER_SPLC780D                -----    -----      -----    -----
  +--> ?PR?_COMMAND?LCD_DRIVER_SPLC780D

?PR?_WRITE_PI4IOE5V96248?IOEXPANDER_P...         -----    -----      03D0H    0003H
  +--> ?PR?I2C_START?IOEXPANDER_PI4IOE5V96248
  +--> ?PR?_WAIT_MS_I2C?IOEXPANDER_PI4IOE5V9...
  +--> ?PR?_I2C_SENDBYTE?IOEXPANDER_PI4IOE5V...
  +--> ?PR?I2C_ACK?IOEXPANDER_PI4IOE5V96248
  +--> ?PR?I2C_STOP?IOEXPANDER_PI4IOE5V96248

?PR?I2C_START?IOEXPANDER_PI4IOE5V96248           -----    -----      -----    -----
  +--> ?PR?_WAIT_MS_I2C?IOEXPANDER_PI4IOE5V9...

?PR?_I2C_SENDBYTE?IOEXPANDER_PI4IOE5V...         -----    -----      -----    -----
  +--> ?PR?_WAIT_MS_I2C?IOEXPANDER_PI4IOE5V9...

?PR?I2C_ACK?IOEXPANDER_PI4IOE5V96248             -----    -----      03D3H    0001H
  +--> ?PR?_WAIT_MS_I2C?IOEXPANDER_PI4IOE5V9...

?PR?I2C_STOP?IOEXPANDER_PI4IOE5V96248            -----    -----      -----    -----
  +--> ?PR?_WAIT_MS_I2C?IOEXPANDER_PI4IOE5V9...

?PR?_DISPLAY_POS?MAIN                            -----    -----      03D0H    000AH
  +--> ?PR?_ABS?ABS
  +--> ?PR?_WRITEDATA?LCD_DRIVER_SPLC780D

?PR?_DISPLAYLCD?LCD_DRIVER_SPLC780D              -----    -----      03D0H    0001H
  +--> ?PR?_WRITEDATA?LCD_DRIVER_SPLC780D
BL51 BANKED LINKER/LOCATER V6.22                                                      01/11/2019  15:45:51  PAGE 6



?PR?_STEP_MOVE?BIPOLARMOTOR                      0020H.7  0000H.1    0493H    0004H
  +--> ?PR?VONESTEPMOVE?BIPOLARMOTOR
  +--> ?PR?_WAIT_MS?LCD_DRIVER_SPLC780D

?PR?VONESTEPMOVE?BIPOLARMOTOR                    0021H.0  0000H.1    0497H    0001H

?PR?LCD_RETURN_HOME?LCD_DRIVER_SPLC780D          -----    -----      -----    -----
  +--> ?PR?_COMMAND?LCD_DRIVER_SPLC780D

?PR?_READ_TIME?PCF85063BTL                       -----    -----      03D0H    000FH
  +--> ?PR?_SPI_READTIME?PCF85063BTL

?PR?_SPI_READTIME?PCF85063BTL                    -----    -----      -----    -----
  +--> ?PR?_SPI_SENDBYTE?PCF85063BTL
  +--> ?PR?SPI_RECEIVEBYTE?PCF85063BTL

?PR?SPI_RECEIVEBYTE?PCF85063BTL                  -----    -----      -----    -----
  +--> ?PR?_PCF85063BTL_DELAY?PCF85063BTL

?PR?_DAY_OF_YEAR?PCF85063BTL                     -----    -----      -----    -----
  +--> ?PR?_BCDTODEC?PCF85063BTL

?PR?_CALIBRATION?CALIBRATION                     -----    -----      03D0H    0010H
  +--> ?PR?VOLTAGE_IS_STABLE?CALIBRATION
  +--> ?PR?_UPDATE_POSITION?BIPOLARMOTOR
  +--> ?PR?_FIND_REAL_MAX?CALIBRATION

?PR?VOLTAGE_IS_STABLE?CALIBRATION                -----    -----      03E0H    0018H
  +--> ?PR?_ADC_GETRESULT?ADC
  +--> ?PR?_ABS?ABS

?PR?_UPDATE_POSITION?BIPOLARMOTOR                -----    -----      03E0H    00AFH
  +--> ?PR?_BCDTODEC1?BIPOLARMOTOR
  +--> ?PR?SUNPOS?SUNPOS
  +--> ?PR?SIN?SIN
  +--> ?PR?ASIN?ASIN
  +--> ?PR?LINEAR_INTERPOLATE?BIPOLARMOTOR
  +--> ?PR?_ABS?ABS
  +--> ?PR?_MOVE?BIPOLARMOTOR

?PR?SUNPOS?SUNPOS                                -----    -----      048FH    005DH
  +--> ?PR?SIN?SIN
  +--> ?PR?_ATAN2?ATAN2
  +--> ?PR?ASIN?ASIN
  +--> ?PR?ACOS?ACOS

?PR?SIN?SIN                                      0020H.6  0000H.1    04ECH    0004H

?PR?_ATAN2?ATAN2                                 -----    -----      04ECH    0008H
  +--> ?PR?ATAN?ATAN

?PR?ATAN?ATAN                                    0020H.6  0000H.2    04F4H    0004H

?PR?ASIN?ASIN                                    -----    -----      -----    -----
  +--> ?PR?SQRT?SQRT
  +--> ?PR?ATAN?ATAN
BL51 BANKED LINKER/LOCATER V6.22                                                      01/11/2019  15:45:51  PAGE 7



?PR?SQRT?SQRT                                    -----    -----      04ECH    0004H

?PR?ACOS?ACOS                                    -----    -----      -----    -----
  +--> ?PR?SQRT?SQRT
  +--> ?PR?ATAN?ATAN

?PR?LINEAR_INTERPOLATE?BIPOLARMOTOR              -----    -----      048FH    0014H

?PR?_MOVE?BIPOLARMOTOR                           0020H.6  0000H.1    048FH    0004H
  +--> ?PR?_STEP_MOVE?BIPOLARMOTOR

?PR?_FIND_REAL_MAX?CALIBRATION                   -----    -----      03E0H    005CH
  +--> ?PR?_MOVE?BIPOLARMOTOR
  +--> ?PR?_ADC_GETRESULT?ADC
  +--> ?PR?_WAIT_MS?LCD_DRIVER_SPLC780D
  +--> ?PR?_MAX_VALUE?CALIBRATION

?PR?_MAX_VALUE?CALIBRATION                       -----    -----      043CH    0004H



UNRESOLVED EXTERNAL SYMBOLS:
   AUTO_MODE



SYMBOL TABLE OF MODULE:  .\Obj\GPIO_RTC_Test (MAIN)

  VALUE           TYPE          NAME
  ----------------------------------

  -------         MODULE        MAIN
  C:0000H         SYMBOL        _ICE_DUMMY_
  X:0500H         PUBLIC        calib_value
  D:0080H         PUBLIC        P0
  D:00B2H         PUBLIC        P3M0
  D:0090H         PUBLIC        P1
  D:00B1H         PUBLIC        P3M1
  D:00A0H         PUBLIC        P2
  D:00B0H         PUBLIC        P3
  D:00C0H         PUBLIC        P4
  D:00C8H         PUBLIC        P5
  X:0560H         SYMBOL        PressedKey
  B:00A8H.7       PUBLIC        EA
  D:00E8H         PUBLIC        P6
  D:00F8H         PUBLIC        P7
  X:0564H         PUBLIC        RX_Data_Uart_Cnt
  C:2B7FH         PUBLIC        _calib_interpolate
  D:00A8H         PUBLIC        IE
  X:0566H         PUBLIC        calib_time
  D:00B8H         PUBLIC        IP
  B:0098H.0       PUBLIC        RI
  X:05C6H         PUBLIC        months
  B:0098H.1       PUBLIC        TI
  C:365CH         PUBLIC        Uart
  D:00D8H         PUBLIC        CCON
BL51 BANKED LINKER/LOCATER V6.22                                                      01/11/2019  15:45:51  PAGE 8


  C:1CEDH         PUBLIC        main
  X:05C7H         PUBLIC        count
  D:0099H         PUBLIC        SBUF
  X:05C9H         PUBLIC        days
  X:05CAH         PUBLIC        lcd
  X:05CCH         PUBLIC        hours
  D:0098H         PUBLIC        SCON
  D:0089H         PUBLIC        TMOD
  D:0088H         PUBLIC        TCON
  X:05CDH         SYMBOL        KeyCount
  X:05CFH         PUBLIC        mins
  X:05D0H         PUBLIC        Rec_data_hour
  B:00C0H.5       PUBLIC        P45
  X:05D3H         PUBLIC        dat
  X:05D9H         PUBLIC        Rec_data_min
  D:008EH         PUBLIC        AUXR
  C:3D7FH         PUBLIC        tm0_isr
  B:0021H.1       PUBLIC        busy
  D:00E0H         PUBLIC        ACC
  B:00A8H.1       PUBLIC        ET0
  D:008CH         PUBLIC        TH0
  X:05DCH         PUBLIC        hour_count
  D:008AH         PUBLIC        TL0
  X:05DDH         PUBLIC        min_count
  B:0088H.4       PUBLIC        TR0
  X:05DEH         SYMBOL        KeyNum
  X:05DFH         SYMBOL        KeyNum_Old
  X:05E0H         PUBLIC        current_position
  X:05E4H         PUBLIC        hours1
  X:05E5H         PUBLIC        hours2
  C:36F7H         PUBLIC        _Display_Prox
  X:05E6H         PUBLIC        mins1
  X:05E7H         PUBLIC        mins2
  C:29CAH         PUBLIC        _Display_Pos
  X:05E8H         PUBLIC        seconds
  X:05E9H         PUBLIC        st_time
  D:00D0H         PUBLIC        PSW
  C:3EE7H         PUBLIC        _SendUART1
  -------         PROC          TM0_ISR
  C:3D7FH         LINE#         80
  C:3D85H         LINE#         83
  C:3D93H         LINE#         127
  -------         ENDPROC       TM0_ISR
  -------         PROC          MAIN
  -------         DO            
  X:03C6H         SYMBOL        prox_data
  X:04F8H         SYMBOL        KeyCount
  X:04FAH         SYMBOL        KeyNum_Old
  X:04FBH         SYMBOL        KeyNum
  X:04FCH         SYMBOL        PressedKey
  X:03C8H         SYMBOL        prox_flag
  X:03C9H         SYMBOL        calib_day
  X:03CBH         SYMBOL        numStr
  -------         ENDDO         
  C:1CEDH         LINE#         129
  C:1CEDH         LINE#         130
  C:1CEDH         LINE#         135
BL51 BANKED LINKER/LOCATER V6.22                                                      01/11/2019  15:45:51  PAGE 9


  C:1CF3H         LINE#         137
  C:1CF8H         LINE#         141
  C:1CFAH         LINE#         142
  C:1CFCH         LINE#         143
  C:1CFEH         LINE#         144
  C:1D00H         LINE#         146
  C:1D06H         LINE#         147
  C:1D0AH         LINE#         148
  C:1D0CH         LINE#         149
  C:1D0EH         LINE#         150
  C:1D10H         LINE#         151
  C:1D12H         LINE#         152
  C:1D16H         LINE#         161
  C:1D19H         LINE#         162
  C:1D1CH         LINE#         163
  C:1D1FH         LINE#         164
  C:1D22H         LINE#         165
  C:1D25H         LINE#         166
  C:1D28H         LINE#         169
  C:1D2BH         LINE#         171
  C:1D2EH         LINE#         172
  C:1D31H         LINE#         173
  C:1D34H         LINE#         174
  C:1D36H         LINE#         175
  C:1D38H         LINE#         176
  C:1D3AH         LINE#         178
  C:1D3CH         LINE#         180
  C:1D43H         LINE#         182
  C:1D4AH         LINE#         186
  C:1D51H         LINE#         187
  C:1D56H         LINE#         188
  C:1D5BH         LINE#         189
  C:1D60H         LINE#         190
  C:1D65H         LINE#         191
  C:1D6AH         LINE#         194
  C:1D6AH         LINE#         195
  C:1D6AH         LINE#         196
  C:1D6DH         LINE#         199
  C:1D6DH         LINE#         201
  C:1D76H         LINE#         202
  C:1D7BH         LINE#         203
  C:1D80H         LINE#         205
  C:1D85H         LINE#         206
  C:1D8AH         LINE#         207
  C:1D8FH         LINE#         208
  C:1D94H         LINE#         210
  C:1DA5H         LINE#         212
  C:1DACH         LINE#         213
  C:1DB4H         LINE#         214
  C:1DB9H         LINE#         215
  C:1DC1H         LINE#         216
  C:1DC6H         LINE#         217
  C:1DD0H         LINE#         218
  C:1DD5H         LINE#         219
  C:1DDDH         LINE#         221
  C:1DE5H         LINE#         222
  C:1DEAH         LINE#         223
BL51 BANKED LINKER/LOCATER V6.22                                                      01/11/2019  15:45:51  PAGE 10


  C:1DF4H         LINE#         224
  C:1DF4H         LINE#         225
  C:1DF6H         LINE#         226
  C:1DF8H         LINE#         227
  C:1E02H         LINE#         228
  C:1E02H         LINE#         229
  C:1E07H         LINE#         230
  C:1E07H         LINE#         242
  C:1E14H         LINE#         243
  C:1E14H         LINE#         244
  C:1E1EH         LINE#         245
  C:1E35H         LINE#         246
  C:1E35H         LINE#         247
  C:1E37H         LINE#         248
  C:1E39H         LINE#         250
  C:1E39H         LINE#         251
  C:1E44H         LINE#         252
  C:1E44H         LINE#         253
  C:1E49H         LINE#         254
  C:1E49H         LINE#         255
  C:1E56H         LINE#         256
  C:1E56H         LINE#         259
  C:1E60H         LINE#         260
  C:1E77H         LINE#         261
  C:1E77H         LINE#         262
  C:1E79H         LINE#         263
  C:1E7BH         LINE#         265
  C:1E7BH         LINE#         266
  C:1E86H         LINE#         267
  C:1E86H         LINE#         268
  C:1E8BH         LINE#         269
  C:1E8DH         LINE#         270
  C:1E8DH         LINE#         279
  C:1EAFH         LINE#         280
  C:1EAFH         LINE#         281
  C:1EB9H         LINE#         282
  C:1EBFH         LINE#         283
  C:1EC1H         LINE#         284
  C:1EC3H         LINE#         285
  C:1EC5H         LINE#         286
  C:1EC5H         LINE#         287
  C:1EC8H         LINE#         289
  C:1EC8H         LINE#         290
  C:1ECEH         LINE#         291
  C:1ED6H         LINE#         292
  C:1EDCH         LINE#         293
  C:1EE4H         LINE#         294
  C:1F1FH         LINE#         298
  C:1F29H         LINE#         299
  C:1F29H         LINE#         301
  C:1F50H         LINE#         302
  C:1F77H         LINE#         303
  C:1F77H         LINE#         306
  C:1F77H         LINE#         308
  C:1F77H         LINE#         309
  C:1F9AH         LINE#         310
  C:1F9AH         LINE#         311
BL51 BANKED LINKER/LOCATER V6.22                                                      01/11/2019  15:45:51  PAGE 11


  C:1F9CH         LINE#         312
  C:1FA3H         LINE#         313
  C:1FA3H         LINE#         317
  C:1FCDH         LINE#         318
  C:1FCDH         LINE#         320
  C:2013H         LINE#         321
  C:2064H         LINE#         322
  C:2072H         LINE#         323
  C:2072H         LINE#         324
  C:2087H         LINE#         325
  C:2089H         LINE#         327
  C:2089H         LINE#         329
  C:2097H         LINE#         330
  C:2097H         LINE#         347
  -------         ENDPROC       MAIN
  -------         PROC          UART
  C:365CH         LINE#         354
  C:3669H         LINE#         356
  C:366CH         LINE#         357
  C:366CH         LINE#         358
  C:367AH         LINE#         359
  C:367CH         LINE#         360
  C:368EH         LINE#         361
  C:369DH         LINE#         362
  C:36A8H         LINE#         363
  C:36A8H         LINE#         366
  C:36B5H         LINE#         367
  C:36BBH         LINE#         368
  C:36BBH         LINE#         369
  C:36C1H         LINE#         370
  C:36CFH         LINE#         371
  C:36DDH         LINE#         372
  C:36E5H         LINE#         377
  C:36E5H         LINE#         378
  C:36E5H         LINE#         381
  C:36E5H         LINE#         382
  C:36E8H         LINE#         383
  C:36E8H         LINE#         384
  C:36EAH         LINE#         385
  C:36ECH         LINE#         386
  C:36ECH         LINE#         387
  -------         ENDPROC       UART
  -------         PROC          _CALIB_INTERPOLATE
  X:064FH         SYMBOL        hours
  X:0653H         SYMBOL        mins
  -------         DO            
  X:0657H         SYMBOL        p_calib1
  X:065FH         SYMBOL        p_calib2
  X:0667H         SYMBOL        i
  X:0669H         SYMBOL        current_time
  -------         ENDDO         
  C:2B7FH         LINE#         390
  C:2B85H         LINE#         391
  C:2B85H         LINE#         395
  C:2BDCH         LINE#         397
  C:2C02H         LINE#         398
  C:2C02H         LINE#         399
BL51 BANKED LINKER/LOCATER V6.22                                                      01/11/2019  15:45:51  PAGE 12


  C:2C74H         LINE#         400
  C:2C74H         LINE#         401
  C:2CA1H         LINE#         402
  C:2CBCH         LINE#         404
  C:2CE9H         LINE#         405
  C:2D04H         LINE#         407
  C:2D06H         LINE#         408
  C:2D06H         LINE#         409
  C:2D1AH         LINE#         410
  C:2D1FH         LINE#         412
  -------         ENDPROC       _CALIB_INTERPOLATE
  -------         PROC          _SENDUART1
  D:0007H         SYMBOL        dat
  C:3EE7H         LINE#         415
  C:3EE7H         LINE#         416
  C:3EE7H         LINE#         417
  C:3EEAH         LINE#         418
  C:3EECH         LINE#         419
  C:3EEDH         LINE#         420
  C:3EEFH         LINE#         421
  -------         ENDPROC       _SENDUART1
  -------         PROC          _DISPLAY_PROX
  D:0002H         SYMBOL        dat
  -------         DO            
  X:0676H         SYMBOL        unit
  X:0677H         SYMBOL        ten
  X:0678H         SYMBOL        hundred
  X:0679H         SYMBOL        thousand
  -------         ENDDO         
  C:36F7H         LINE#         424
  C:36FBH         LINE#         425
  C:36FBH         LINE#         427
  C:3707H         LINE#         428
  C:3717H         LINE#         429
  C:3733H         LINE#         430
  C:3763H         LINE#         431
  C:376DH         LINE#         432
  C:3777H         LINE#         433
  C:3781H         LINE#         434
  C:378BH         LINE#         436
  -------         ENDPROC       _DISPLAY_PROX
  -------         PROC          _DISPLAY_POS
  X:03D0H         SYMBOL        sign_dat
  -------         DO            
  X:03D4H         SYMBOL        unit
  X:03D5H         SYMBOL        ten
  X:03D6H         SYMBOL        hundred
  D:0003H         SYMBOL        thousand
  X:03D7H         SYMBOL        after_dot
  X:03D8H         SYMBOL        dat
  -------         ENDDO         
  C:29CAH         LINE#         439
  C:29D0H         LINE#         440
  C:29D0H         LINE#         444
  C:29ECH         LINE#         445
  C:2A06H         LINE#         446
  C:2A2AH         LINE#         448
BL51 BANKED LINKER/LOCATER V6.22                                                      01/11/2019  15:45:51  PAGE 13


  C:2A74H         LINE#         450
  C:2A8BH         LINE#         451
  C:2A98H         LINE#         452
  C:2ABAH         LINE#         453
  C:2AEFH         LINE#         454
  C:2B07H         LINE#         455
  C:2B07H         LINE#         457
  C:2B11H         LINE#         458
  C:2B1BH         LINE#         459
  C:2B25H         LINE#         460
  C:2B2AH         LINE#         461
  C:2B34H         LINE#         462
  C:2B39H         LINE#         463
  C:2B3EH         LINE#         464
  C:2B40H         LINE#         465
  C:2B42H         LINE#         467
  C:2B42H         LINE#         469
  C:2B47H         LINE#         470
  C:2B51H         LINE#         471
  C:2B5BH         LINE#         472
  C:2B65H         LINE#         473
  C:2B6AH         LINE#         474
  C:2B74H         LINE#         475
  C:2B79H         LINE#         476
  C:2B7EH         LINE#         478
  C:2B7EH         LINE#         480
  -------         ENDPROC       _DISPLAY_POS
  -------         ENDMOD        MAIN

  -------         MODULE        PCF85063BTL
  C:0000H         SYMBOL        _ICE_DUMMY_
  D:0096H         PUBLIC        P2M0
  D:0080H         PUBLIC        P0
  D:0095H         PUBLIC        P2M1
  D:0090H         PUBLIC        P1
  D:00A0H         PUBLIC        P2
  D:00B0H         PUBLIC        P3
  D:00C0H         PUBLIC        P4
  D:00C8H         PUBLIC        P5
  D:00E8H         PUBLIC        P6
  B:00A0H.1       PUBLIC        PCF85063BTL_SDI
  D:00F8H         PUBLIC        P7
  B:00A0H.2       PUBLIC        PCF85063BTL_SCK
  B:00A0H.1       PUBLIC        PCF85063BTL_SDO
  D:00A8H         PUBLIC        IE
  C:39A4H         PUBLIC        _Read_time
  C:3E2CH         PUBLIC        _PCF85063BTL_Delay
  D:00B8H         PUBLIC        IP
  D:00D8H         PUBLIC        CCON
  C:38ABH         PUBLIC        _Day_Of_Year
  C:3D24H         PUBLIC        SPI_ReceiveByte
  D:0098H         PUBLIC        SCON
  D:0088H         PUBLIC        TCON
  C:3E5FH         PUBLIC        _BCDtoDec
  B:00A0H.0       PUBLIC        PCF85063BTL_CS
  C:3E4EH         PUBLIC        _SPI_ReadTime
  C:3EAEH         PUBLIC        SPI_Init
BL51 BANKED LINKER/LOCATER V6.22                                                      01/11/2019  15:45:51  PAGE 14


  C:3DB5H         PUBLIC        _SPI_WriteTime
  C:3D04H         PUBLIC        _SPI_SendByte
  D:00D0H         PUBLIC        PSW
  C:3E28H         SYMBOL        L?0047
  -------         PROC          L?0046
  -------         ENDPROC       L?0046
  C:3E28H         SYMBOL        L?0047
  -------         PROC          _PCF85063BTL_DELAY
  D:0006H         SYMBOL        us
  C:3E2CH         LINE#         8
  C:3E2CH         LINE#         9
  C:3E2CH         LINE#         10
  C:3E36H         LINE#         11
  C:3E36H         LINE#         12
  C:3E37H         LINE#         13
  C:3E39H         LINE#         14
  -------         ENDPROC       _PCF85063BTL_DELAY
  -------         PROC          _SPI_SENDBYTE
  D:0005H         SYMBOL        dat
  -------         DO            
  D:0003H         SYMBOL        i
  -------         ENDDO         
  C:3D04H         LINE#         17
  C:3D06H         LINE#         18
  C:3D06H         LINE#         20
  C:3D08H         LINE#         21
  C:3D08H         LINE#         22
  C:3D0AH         LINE#         23
  C:3D0EH         LINE#         24
  C:3D0EH         LINE#         25
  C:3D10H         LINE#         26
  C:3D12H         LINE#         28
  C:3D12H         LINE#         29
  C:3D14H         LINE#         30
  C:3D14H         LINE#         31
  C:3D17H         LINE#         32
  C:3D17H         LINE#         33
  C:3D1AH         LINE#         34
  C:3D1EH         LINE#         35
  C:3D23H         LINE#         36
  -------         ENDPROC       _SPI_SENDBYTE
  -------         PROC          SPI_RECEIVEBYTE
  -------         DO            
  D:0003H         SYMBOL        i
  D:0005H         SYMBOL        dat
  -------         ENDDO         
  C:3D24H         LINE#         39
  C:3D24H         LINE#         40
  C:3D24H         LINE#         42
  C:3D26H         LINE#         44
  C:3D28H         LINE#         45
  C:3D29H         LINE#         46
  C:3D29H         LINE#         47
  C:3D2DH         LINE#         48
  C:3D2FH         LINE#         49
  C:3D32H         LINE#         51
  C:3D35H         LINE#         52
BL51 BANKED LINKER/LOCATER V6.22                                                      01/11/2019  15:45:51  PAGE 15


  C:3D35H         LINE#         53
  C:3D39H         LINE#         54
  C:3D39H         LINE#         55
  C:3D39H         LINE#         56
  C:3D3CH         LINE#         57
  C:3D41H         LINE#         58
  C:3D43H         LINE#         59
  -------         ENDPROC       SPI_RECEIVEBYTE
  -------         PROC          _SPI_READTIME
  D:0007H         SYMBOL        addr
  -------         DO            
  D:0006H         SYMBOL        dat
  -------         ENDDO         
  C:3E4EH         LINE#         61
  C:3E4EH         LINE#         62
  C:3E4EH         LINE#         64
  C:3E50H         LINE#         65
  C:3E52H         LINE#         66
  C:3E59H         LINE#         67
  C:3E5CH         LINE#         68
  C:3E5EH         LINE#         69
  C:3E5EH         LINE#         70
  -------         ENDPROC       _SPI_READTIME
  -------         PROC          _SPI_WRITETIME
  D:0002H         SYMBOL        val
  D:0005H         SYMBOL        addr
  C:3DB5H         LINE#         71
  C:3DB7H         LINE#         72
  C:3DB7H         LINE#         74
  C:3DB9H         LINE#         75
  C:3DC0H         LINE#         76
  C:3DC5H         LINE#         77
  C:3DCAH         LINE#         78
  C:3DCCH         LINE#         79
  -------         ENDPROC       _SPI_WRITETIME
  -------         PROC          SPI_INIT
  C:3EAEH         LINE#         83
  C:3EAEH         LINE#         84
  C:3EAEH         LINE#         89
  C:3EB1H         LINE#         90
  C:3EB4H         LINE#         91
  C:3EB6H         LINE#         92
  C:3EB8H         LINE#         93
  C:3EBAH         LINE#         94
  -------         ENDPROC       SPI_INIT
  -------         PROC          _READ_TIME
  X:03D0H         SYMBOL        months
  X:03D3H         SYMBOL        days
  X:03D6H         SYMBOL        hours
  X:03D9H         SYMBOL        mins
  X:03DCH         SYMBOL        seconds
  C:39A4H         LINE#         96
  C:39AFH         LINE#         97
  C:39AFH         LINE#         99
  C:39C3H         LINE#         101
  C:39D7H         LINE#         103
  C:39EBH         LINE#         108
BL51 BANKED LINKER/LOCATER V6.22                                                      01/11/2019  15:45:51  PAGE 16


  C:39FFH         LINE#         113
  -------         ENDPROC       _READ_TIME
  -------         PROC          _BCDTODEC
  D:0007H         SYMBOL        bcd
  -------         DO            
  D:0006H         SYMBOL        hi
  D:0007H         SYMBOL        lo
  -------         ENDDO         
  C:3E5FH         LINE#         119
  C:3E5FH         LINE#         120
  C:3E5FH         LINE#         122
  C:3E64H         LINE#         123
  C:3E68H         LINE#         124
  C:3E6FH         LINE#         125
  -------         ENDPROC       _BCDTODEC
  -------         PROC          _DAY_OF_YEAR
  D:0007H         SYMBOL        months_bcd
  D:0005H         SYMBOL        days_bcd
  -------         DO            
  D:0004H         SYMBOL        months
  D:0007H         SYMBOL        days
  -------         ENDDO         
  C:38ABH         LINE#         126
  C:38ABH         LINE#         127
  C:38ABH         LINE#         130
  C:38B0H         LINE#         132
  C:38B5H         LINE#         134
  C:38EEH         LINE#         135
  C:38EEH         LINE#         136
  C:38EEH         LINE#         137
  C:38F1H         LINE#         138
  C:38F1H         LINE#         139
  C:38F1H         LINE#         140
  C:38F6H         LINE#         141
  C:38F6H         LINE#         142
  C:38F6H         LINE#         143
  C:38FBH         LINE#         144
  C:38FBH         LINE#         145
  C:38FBH         LINE#         146
  C:3900H         LINE#         147
  C:3900H         LINE#         148
  C:3900H         LINE#         149
  C:3905H         LINE#         150
  C:3905H         LINE#         151
  C:3905H         LINE#         152
  C:390AH         LINE#         153
  C:390AH         LINE#         154
  C:390AH         LINE#         155
  C:390FH         LINE#         156
  C:390FH         LINE#         157
  C:390FH         LINE#         158
  C:3914H         LINE#         159
  C:3914H         LINE#         160
  C:3914H         LINE#         161
  C:391CH         LINE#         162
  C:391CH         LINE#         163
  C:391CH         LINE#         164
BL51 BANKED LINKER/LOCATER V6.22                                                      01/11/2019  15:45:51  PAGE 17


  C:3921H         LINE#         165
  C:3921H         LINE#         166
  C:3921H         LINE#         167
  C:3926H         LINE#         168
  C:3926H         LINE#         169
  C:3926H         LINE#         170
  C:392EH         LINE#         171
  C:392EH         LINE#         172
  C:392EH         LINE#         173
  -------         ENDPROC       _DAY_OF_YEAR
  -------         ENDMOD        PCF85063BTL

  -------         MODULE        UART1
  C:0000H         SYMBOL        _ICE_DUMMY_
  D:0080H         PUBLIC        P0
  D:0090H         PUBLIC        P1
  D:00A0H         PUBLIC        P2
  D:00B0H         PUBLIC        P3
  D:00C0H         PUBLIC        P4
  D:00C8H         PUBLIC        P5
  B:00A8H.7       PUBLIC        EA
  D:00E8H         PUBLIC        P6
  D:00F8H         PUBLIC        P7
  C:3C02H         PUBLIC        _SendString
  D:00A8H         PUBLIC        IE
  B:00A8H.4       PUBLIC        ES
  D:00B8H         PUBLIC        IP
  C:3DCDH         PUBLIC        _ASCIItoBCD
  D:00D8H         PUBLIC        CCON
  C:3E70H         PUBLIC        initUART1
  D:0098H         PUBLIC        SCON
  D:0088H         PUBLIC        TCON
  C:0009H         PUBLIC        _DectoBCD
  C:3EFBH         PUBLIC        _ASCII_Letter
  D:008EH         PUBLIC        AUXR
  C:3EF6H         PUBLIC        _unit
  C:0003H         PUBLIC        _ten
  D:00D6H         PUBLIC        T2H
  D:00D7H         PUBLIC        T2L
  D:00D0H         PUBLIC        PSW
  -------         PROC          INITUART1
  C:3E70H         LINE#         21
  C:3E70H         LINE#         22
  C:3E70H         LINE#         23
  C:3E73H         LINE#         24
  C:3E76H         LINE#         25
  C:3E79H         LINE#         26
  C:3E7CH         LINE#         27
  C:3E7EH         LINE#         28
  C:3E80H         LINE#         30
  -------         ENDPROC       INITUART1
  -------         PROC          _SENDSTRING
  X:067AH         SYMBOL        s
  C:3C02H         LINE#         35
  C:3C0DH         LINE#         36
  C:3C0DH         LINE#         37
  C:3C1DH         LINE#         38
BL51 BANKED LINKER/LOCATER V6.22                                                      01/11/2019  15:45:51  PAGE 18


  C:3C1DH         LINE#         39
  C:3C32H         LINE#         40
  C:3C34H         LINE#         41
  -------         ENDPROC       _SENDSTRING
  -------         PROC          _TEN
  D:0007H         SYMBOL        BCD
  C:0003H         LINE#         43
  C:0003H         LINE#         44
  C:0003H         LINE#         45
  C:0008H         LINE#         46
  -------         ENDPROC       _TEN
  -------         PROC          _UNIT
  D:0007H         SYMBOL        BCD
  C:3EF6H         LINE#         47
  C:3EF6H         LINE#         48
  C:3EF6H         LINE#         52
  C:3EFAH         LINE#         53
  -------         ENDPROC       _UNIT
  -------         PROC          _DECTOBCD
  D:0007H         SYMBOL        dec
  C:0009H         LINE#         54
  C:0009H         LINE#         55
  C:0009H         LINE#         57
  C:0009H         LINE#         58
  -------         ENDPROC       _DECTOBCD
  -------         PROC          _ASCII_LETTER
  D:0007H         SYMBOL        dat
  C:3EFBH         LINE#         60
  C:3EFBH         LINE#         61
  C:3EFBH         LINE#         63
  C:3EFFH         LINE#         64
  -------         ENDPROC       _ASCII_LETTER
  -------         PROC          _ASCIITOBCD
  D:0001H         SYMBOL        ascii
  -------         DO            
  D:0007H         SYMBOL        dec_val
  D:0006H         SYMBOL        ten
  D:0007H         SYMBOL        unit
  -------         ENDDO         
  C:3DCDH         LINE#         66
  C:3DCDH         LINE#         67
  C:3DCDH         LINE#         69
  C:3DD0H         LINE#         70
  C:3DD6H         LINE#         71
  C:3DDDH         LINE#         72
  C:3DE3H         LINE#         74
  -------         ENDPROC       _ASCIITOBCD
  -------         ENDMOD        UART1

  -------         MODULE        LCD_DRIVER_SPLC780D
  C:0000H         SYMBOL        _ICE_DUMMY_
  D:0092H         PUBLIC        P1M0
  D:0091H         PUBLIC        P1M1
  D:0080H         PUBLIC        P0
  D:0090H         PUBLIC        P1
  D:00A0H         PUBLIC        P2
  D:00B0H         PUBLIC        P3
BL51 BANKED LINKER/LOCATER V6.22                                                      01/11/2019  15:45:51  PAGE 19


  D:00C0H         PUBLIC        P4
  D:00C8H         PUBLIC        P5
  D:00E8H         PUBLIC        P6
  D:00F8H         PUBLIC        P7
  C:392FH         PUBLIC        _WriteData
  D:00A8H         PUBLIC        IE
  D:00B8H         PUBLIC        IP
  D:00D8H         PUBLIC        CCON
  B:00B0H.4       PUBLIC        LCD_D4
  B:00B0H.5       PUBLIC        LCD_D5
  B:00B0H.6       PUBLIC        LCD_D6
  C:3D62H         PUBLIC        _DisplayLCD
  B:00B0H.7       PUBLIC        LCD_D7
  D:0098H         PUBLIC        SCON
  D:0088H         PUBLIC        TCON
  C:3EDDH         PUBLIC        LCD_clear
  C:3B87H         PUBLIC        _Command
  C:000EH         PUBLIC        _Display_Line
  C:3A13H         PUBLIC        LCD_Init
  C:3CE6H         PUBLIC        _Wait_ms
  B:00C0H.0       PUBLIC        LCD_RS
  B:00B0H.2       PUBLIC        LCD_RW
  C:3ED3H         PUBLIC        LCD_return_home
  B:00B0H.3       PUBLIC        LCD_E
  D:00D0H         PUBLIC        PSW
  -------         PROC          LCD_INIT
  C:3A13H         LINE#         9
  C:3A13H         LINE#         10
  C:3A13H         LINE#         11
  C:3A16H         LINE#         12
  C:3A19H         LINE#         14
  C:3A1FH         LINE#         15
  C:3A24H         LINE#         17
  C:3A2BH         LINE#         18
  C:3A30H         LINE#         20
  C:3A33H         LINE#         21
  C:3A38H         LINE#         23
  C:3A3BH         LINE#         24
  C:3A40H         LINE#         26
  C:3A47H         LINE#         29
  C:3A4CH         LINE#         30
  C:3A51H         LINE#         32
  C:3A56H         LINE#         33
  C:3A5BH         LINE#         35
  C:3A60H         LINE#         36
  C:3A65H         LINE#         37
  -------         ENDPROC       LCD_INIT
  -------         PROC          _WRITEDATA
  X:03DAH         SYMBOL        dat
  C:392FH         LINE#         40
  C:3934H         LINE#         41
  C:3934H         LINE#         46
  C:3936H         LINE#         47
  C:3938H         LINE#         49
  C:3946H         LINE#         50
  C:3952H         LINE#         51
  C:395EH         LINE#         52
BL51 BANKED LINKER/LOCATER V6.22                                                      01/11/2019  15:45:51  PAGE 20


  C:3968H         LINE#         53
  C:396AH         LINE#         54
  C:3971H         LINE#         55
  C:3973H         LINE#         57
  C:3983H         LINE#         58
  C:398EH         LINE#         59
  C:3998H         LINE#         60
  C:399CH         LINE#         62
  C:399CH         LINE#         63
  C:399FH         LINE#         64
  C:39A1H         LINE#         65
  C:39A3H         LINE#         67
  -------         ENDPROC       _WRITEDATA
  -------         PROC          _COMMAND
  D:0007H         SYMBOL        dat
  C:3B87H         LINE#         69
  C:3B87H         LINE#         70
  C:3B87H         LINE#         71
  C:3B89H         LINE#         72
  C:3B8BH         LINE#         74
  C:3B95H         LINE#         75
  C:3B99H         LINE#         77
  C:3B9BH         LINE#         78
  C:3BA4H         LINE#         79
  C:3BA8H         LINE#         81
  C:3BAAH         LINE#         82
  C:3BB1H         LINE#         83
  C:3BB5H         LINE#         85
  C:3BB7H         LINE#         86
  C:3BBBH         LINE#         87
  C:3BBFH         LINE#         89
  C:3BC1H         LINE#         90
  C:3BC1H         LINE#         91
  C:3BC4H         LINE#         92
  C:3BC6H         LINE#         93
  -------         ENDPROC       _COMMAND
  C:3CE2H         SYMBOL        L?0028
  -------         PROC          L?0027
  -------         ENDPROC       L?0027
  C:3CE2H         SYMBOL        L?0028
  -------         PROC          _WAIT_MS
  D:0006H         SYMBOL        ms
  -------         DO            
  D:0004H         SYMBOL        De_Cnt
  -------         ENDDO         
  C:3CE6H         LINE#         95
  C:3CE6H         LINE#         96
  C:3CE6H         LINE#         98
  C:3CF0H         LINE#         99
  C:3CF0H         LINE#         100
  C:3D03H         LINE#         101
  C:3D03H         LINE#         102
  -------         ENDPROC       _WAIT_MS
  -------         PROC          _DISPLAYLCD
  D:0007H         SYMBOL        BCD
  -------         DO            
  D:0006H         SYMBOL        first_digit
BL51 BANKED LINKER/LOCATER V6.22                                                      01/11/2019  15:45:51  PAGE 21


  X:03D0H         SYMBOL        second_digit
  -------         ENDDO         
  C:3D62H         LINE#         103
  C:3D62H         LINE#         104
  C:3D62H         LINE#         106
  C:3D69H         LINE#         107
  C:3D72H         LINE#         109
  C:3D77H         LINE#         111
  -------         ENDPROC       _DISPLAYLCD
  -------         PROC          LCD_RETURN_HOME
  C:3ED3H         LINE#         115
  C:3ED3H         LINE#         116
  C:3ED3H         LINE#         117
  C:3ED8H         LINE#         118
  -------         ENDPROC       LCD_RETURN_HOME
  -------         PROC          LCD_CLEAR
  C:3EDDH         LINE#         121
  C:3EDDH         LINE#         122
  C:3EDDH         LINE#         123
  C:3EE2H         LINE#         124
  -------         ENDPROC       LCD_CLEAR
  -------         PROC          _DISPLAY_LINE
  D:0006H         SYMBOL        line
  C:000EH         LINE#         128
  C:000EH         LINE#         129
  C:000EH         LINE#         130
  C:0014H         LINE#         131
  C:0014H         LINE#         132
  C:0016H         LINE#         133
  C:0016H         LINE#         134
  C:0018H         LINE#         136
  C:0018H         LINE#         137
  C:001DH         LINE#         138
  C:0022H         LINE#         139
  C:0022H         LINE#         140
  -------         ENDPROC       _DISPLAY_LINE
  -------         ENDMOD        LCD_DRIVER_SPLC780D

  -------         MODULE        KEYPAD
  C:0000H         SYMBOL        _ICE_DUMMY_
  D:0093H         PUBLIC        P0M1
  D:0080H         PUBLIC        P0
  D:0090H         PUBLIC        P1
  D:00A0H         PUBLIC        P2
  D:00B0H         PUBLIC        P3
  D:00C0H         PUBLIC        P4
  D:00C8H         PUBLIC        P5
  B:0020H.0       PUBLIC        calib_mode
  D:00E8H         PUBLIC        P6
  D:00F8H         PUBLIC        P7
  D:00A8H         PUBLIC        IE
  C:2D20H         PUBLIC        Key_Scan
  D:00B8H         PUBLIC        IP
  D:00D8H         PUBLIC        CCON
  C:3EBBH         PUBLIC        KeyPad_IO_Init
  C:3D44H         PUBLIC        _Delay_ms
  D:0098H         PUBLIC        SCON
BL51 BANKED LINKER/LOCATER V6.22                                                      01/11/2019  15:45:51  PAGE 22


  D:0088H         PUBLIC        TCON
  B:0020H.1       PUBLIC        small_move
  B:0020H.2       PUBLIC        move
  B:0020H.3       PUBLIC        direction
  B:0020H.4       PUBLIC        auto_move
  C:235AH         PUBLIC        Key_Process
  D:00D0H         PUBLIC        PSW
  D:0094H         PUBLIC        P0M0
  -------         PROC          _DELAY_MS
  D:0006H         SYMBOL        ms
  -------         DO            
  D:0004H         SYMBOL        De_Cnt
  -------         ENDDO         
  C:3D44H         LINE#         19
  C:3D44H         LINE#         20
  C:3D44H         LINE#         22
  C:3D4EH         LINE#         23
  C:3D4EH         LINE#         24
  C:3D61H         LINE#         25
  C:3D61H         LINE#         26
  -------         ENDPROC       _DELAY_MS
  -------         PROC          KEY_SCAN
  -------         DO            
  X:03D6H         SYMBOL        KeyTemp1
  X:03D7H         SYMBOL        KeyTemp2
  X:03D8H         SYMBOL        KeyValue
  -------         ENDDO         
  C:2D20H         LINE#         27
  C:2D20H         LINE#         28
  C:2D20H         LINE#         33
  C:2D23H         LINE#         36
  C:2D26H         LINE#         38
  C:2D2EH         LINE#         39
  C:2D35H         LINE#         40
  C:2D35H         LINE#         42
  C:2D3AH         LINE#         43
  C:2D41H         LINE#         44
  C:2D41H         LINE#         47
  C:2D44H         LINE#         48
  C:2D47H         LINE#         49
  C:2D4CH         LINE#         50
  C:2D50H         LINE#         51
  C:2D50H         LINE#         52
  C:2D58H         LINE#         53
  C:2D58H         LINE#         54
  C:2D5BH         LINE#         55
  C:2D63H         LINE#         56
  C:2D65H         LINE#         58
  C:2D79H         LINE#         59
  C:2D79H         LINE#         60
  C:2D79H         LINE#         61
  C:2D79H         LINE#         62
  C:2D7FH         LINE#         64
  C:2D81H         LINE#         65
  C:2D81H         LINE#         66
  C:2D81H         LINE#         67
  C:2D87H         LINE#         69
BL51 BANKED LINKER/LOCATER V6.22                                                      01/11/2019  15:45:51  PAGE 23


  C:2D89H         LINE#         70
  C:2D89H         LINE#         71
  C:2D89H         LINE#         72
  C:2D8FH         LINE#         74
  C:2D91H         LINE#         75
  C:2D91H         LINE#         76
  C:2D91H         LINE#         77
  C:2D97H         LINE#         79
  C:2D97H         LINE#         80
  C:2D97H         LINE#         81
  C:2D97H         LINE#         84
  C:2D9AH         LINE#         85
  C:2D9DH         LINE#         86
  C:2DA5H         LINE#         87
  C:2DA9H         LINE#         88
  C:2DA9H         LINE#         89
  C:2DB1H         LINE#         90
  C:2DB1H         LINE#         91
  C:2DB4H         LINE#         92
  C:2DBCH         LINE#         93
  C:2DBEH         LINE#         94
  C:2DD2H         LINE#         95
  C:2DD2H         LINE#         96
  C:2DD2H         LINE#         97
  C:2DD2H         LINE#         98
  C:2DD8H         LINE#         100
  C:2DDAH         LINE#         101
  C:2DDAH         LINE#         102
  C:2DDAH         LINE#         103
  C:2DE0H         LINE#         105
  C:2DE2H         LINE#         106
  C:2DE2H         LINE#         107
  C:2DE2H         LINE#         108
  C:2DE8H         LINE#         110
  C:2DEAH         LINE#         111
  C:2DEAH         LINE#         112
  C:2DEAH         LINE#         113
  C:2DEFH         LINE#         115
  C:2DEFH         LINE#         116
  C:2DEFH         LINE#         117
  C:2DEFH         LINE#         120
  C:2DF2H         LINE#         121
  C:2DF5H         LINE#         122
  C:2DFDH         LINE#         123
  C:2E01H         LINE#         124
  C:2E01H         LINE#         125
  C:2E09H         LINE#         126
  C:2E09H         LINE#         127
  C:2E0CH         LINE#         128
  C:2E14H         LINE#         129
  C:2E16H         LINE#         130
  C:2E2AH         LINE#         131
  C:2E2AH         LINE#         132
  C:2E2AH         LINE#         133
  C:2E2AH         LINE#         134
  C:2E30H         LINE#         136
  C:2E32H         LINE#         137
BL51 BANKED LINKER/LOCATER V6.22                                                      01/11/2019  15:45:51  PAGE 24


  C:2E32H         LINE#         138
  C:2E32H         LINE#         139
  C:2E38H         LINE#         141
  C:2E3AH         LINE#         142
  C:2E3AH         LINE#         143
  C:2E3AH         LINE#         144
  C:2E40H         LINE#         146
  C:2E42H         LINE#         147
  C:2E42H         LINE#         148
  C:2E42H         LINE#         149
  C:2E48H         LINE#         151
  C:2E48H         LINE#         152
  C:2E48H         LINE#         153
  C:2E48H         LINE#         157
  C:2E4BH         LINE#         158
  C:2E4EH         LINE#         159
  C:2E56H         LINE#         160
  C:2E5AH         LINE#         161
  C:2E5AH         LINE#         162
  C:2E62H         LINE#         163
  C:2E62H         LINE#         164
  C:2E65H         LINE#         165
  C:2E6DH         LINE#         166
  C:2E6FH         LINE#         167
  C:2E83H         LINE#         168
  C:2E83H         LINE#         169
  C:2E83H         LINE#         170
  C:2E83H         LINE#         171
  C:2E89H         LINE#         173
  C:2E8BH         LINE#         174
  C:2E8BH         LINE#         175
  C:2E8BH         LINE#         176
  C:2E91H         LINE#         178
  C:2E93H         LINE#         179
  C:2E93H         LINE#         180
  C:2E93H         LINE#         181
  C:2E99H         LINE#         183
  C:2E9BH         LINE#         184
  C:2E9BH         LINE#         185
  C:2E9BH         LINE#         186
  C:2EA1H         LINE#         188
  C:2EA1H         LINE#         189
  C:2EA1H         LINE#         190
  C:2EA1H         LINE#         192
  C:2EA7H         LINE#         193
  C:2EA7H         LINE#         195
  C:2EA7H         LINE#         196
  C:2EAAH         LINE#         197
  C:2EAAH         LINE#         198
  C:2EAAH         LINE#         200
  C:2EAAH         LINE#         201
  C:2EACH         LINE#         202
  C:2EACH         LINE#         203
  -------         ENDPROC       KEY_SCAN
  -------         PROC          KEY_PROCESS
  -------         DO            
  X:066DH         SYMBOL        KeyCount
BL51 BANKED LINKER/LOCATER V6.22                                                      01/11/2019  15:45:51  PAGE 25


  X:066FH         SYMBOL        KeyNum_Old
  X:0670H         SYMBOL        KeyNum
  X:0671H         SYMBOL        PressedKey
  X:03D0H         SYMBOL        d
  D:0004H         SYMBOL        hours
  D:0006H         SYMBOL        mins
  X:03D2H         SYMBOL        months
  X:03D4H         SYMBOL        days
  -------         ENDDO         
  C:235AH         LINE#         204
  C:235AH         LINE#         205
  C:235AH         LINE#         209
  C:2362H         LINE#         210
  C:236AH         LINE#         212
  C:236DH         LINE#         213
  C:236DH         LINE#         214
  C:2370H         LINE#         216
  C:2370H         LINE#         217
  C:237DH         LINE#         218
  C:237DH         LINE#         219
  C:2380H         LINE#         220
  C:2383H         LINE#         222
  C:2386H         LINE#         224
  C:2386H         LINE#         225
  C:2391H         LINE#         226
  C:2391H         LINE#         227
  C:2394H         LINE#         229
  C:2394H         LINE#         230
  C:239BH         LINE#         231
  C:239BH         LINE#         232
  C:239EH         LINE#         234
  C:239EH         LINE#         235
  C:23A6H         LINE#         236
  C:23A6H         LINE#         237
  C:23B0H         LINE#         238
  C:23B8H         LINE#         240
  C:23C1H         LINE#         242
  C:23C1H         LINE#         251
  C:23D6H         LINE#         252
  C:23D6H         LINE#         253
  C:23E8H         LINE#         254
  C:23F6H         LINE#         255
  C:2405H         LINE#         256
  C:2405H         LINE#         258
  C:240BH         LINE#         262
  C:2421H         LINE#         263
  C:2432H         LINE#         264
  C:244DH         LINE#         265
  C:244DH         LINE#         266
  C:245DH         LINE#         267
  C:246EH         LINE#         268
  C:246EH         LINE#         272
  C:2487H         LINE#         273
  C:249EH         LINE#         274
  C:24BEH         LINE#         275
  C:24BEH         LINE#         276
  C:24C8H         LINE#         277
BL51 BANKED LINKER/LOCATER V6.22                                                      01/11/2019  15:45:51  PAGE 26


  C:24C8H         LINE#         278
  C:24D1H         LINE#         279
  C:24D1H         LINE#         280
  C:24E5H         LINE#         281
  C:24E5H         LINE#         282
  C:24E5H         LINE#         283
  C:24E5H         LINE#         284
  C:24E5H         LINE#         285
  C:24E7H         LINE#         287
  C:24E7H         LINE#         288
  C:24F3H         LINE#         289
  C:24F3H         LINE#         290
  C:2504H         LINE#         291
  C:2504H         LINE#         292
  C:2504H         LINE#         293
  C:2504H         LINE#         294
  C:2504H         LINE#         296
  C:2506H         LINE#         298
  C:2506H         LINE#         299
  C:2517H         LINE#         300
  C:2517H         LINE#         301
  C:2517H         LINE#         302
  C:2517H         LINE#         303
  C:2517H         LINE#         305
  C:2517H         LINE#         307
  C:2517H         LINE#         308
  C:2519H         LINE#         310
  C:2519H         LINE#         311
  C:252CH         LINE#         312
  C:252CH         LINE#         313
  C:253DH         LINE#         314
  C:253DH         LINE#         315
  C:253DH         LINE#         316
  C:253DH         LINE#         317
  C:253DH         LINE#         318
  C:253FH         LINE#         320
  C:253FH         LINE#         321
  C:2550H         LINE#         322
  C:2550H         LINE#         323
  C:2561H         LINE#         324
  C:2572H         LINE#         325
  C:2572H         LINE#         326
  C:2572H         LINE#         327
  C:2572H         LINE#         328
  C:2572H         LINE#         329
  C:2575H         LINE#         330
  C:257AH         LINE#         331
  C:257FH         LINE#         332
  C:2584H         LINE#         333
  C:2589H         LINE#         334
  C:258EH         LINE#         335
  C:2593H         LINE#         336
  C:2598H         LINE#         337
  C:2598H         LINE#         339
  C:25BAH         LINE#         340
  C:25BAH         LINE#         341
  C:25C4H         LINE#         342
BL51 BANKED LINKER/LOCATER V6.22                                                      01/11/2019  15:45:51  PAGE 27


  C:25C4H         LINE#         343
  C:25C9H         LINE#         344
  C:25D2H         LINE#         345
  C:25E9H         LINE#         346
  C:25E9H         LINE#         347
  C:25F9H         LINE#         349
  C:25F9H         LINE#         353
  -------         ENDPROC       KEY_PROCESS
  -------         PROC          KEYPAD_IO_INIT
  C:3EBBH         LINE#         356
  C:3EBBH         LINE#         357
  C:3EBBH         LINE#         358
  C:3EBEH         LINE#         359
  C:3EC1H         LINE#         360
  C:3EC4H         LINE#         361
  C:3EC6H         LINE#         362
  -------         ENDPROC       KEYPAD_IO_INIT
  -------         ENDMOD        KEYPAD

  -------         MODULE        BIPOLARMOTOR
  C:0000H         SYMBOL        _ICE_DUMMY_
  D:0080H         PUBLIC        P0
  D:0090H         PUBLIC        P1
  D:00A0H         PUBLIC        P2
  D:00B0H         PUBLIC        P3
  D:00C0H         PUBLIC        P4
  D:00C8H         PUBLIC        P5
  D:00E8H         PUBLIC        P6
  D:00F8H         PUBLIC        P7
  D:00A8H         PUBLIC        IE
  C:33C6H         PUBLIC        linear_interpolate
  C:3C35H         PUBLIC        _Move
  D:00B8H         PUBLIC        IP
  C:282CH         PUBLIC        _findDet3x3
  C:209AH         PUBLIC        _findDet4x4
  D:00D8H         PUBLIC        CCON
  X:0000H         PUBLIC        previous_move_time
  D:0098H         PUBLIC        SCON
  D:0088H         PUBLIC        TCON
  C:000AH         PUBLIC        wait
  C:3AB6H         PUBLIC        _Step_move
  C:094DH         PUBLIC        _Update_position
  C:3AFDH         PUBLIC        vOneStepMove
  X:0001H         PUBLIC        elevation_stamp
  X:002DH         PUBLIC        date_azimuth_mapping
  X:0079H         PUBLIC        RX_pos
  C:3DA4H         PUBLIC        _BCDtoDec1
  X:03BDH         PUBLIC        degree
  D:00D0H         PUBLIC        PSW
  C:3D9AH         SYMBOL        L?0067
  C:3D9DH         SYMBOL        L?0068
  -------         PROC          L?0066
  -------         ENDPROC       L?0066
  C:3D9AH         SYMBOL        L?0067
  C:3D9DH         SYMBOL        L?0068
  -------         PROC          _BCDTODEC1
  D:0007H         SYMBOL        bcd
BL51 BANKED LINKER/LOCATER V6.22                                                      01/11/2019  15:45:51  PAGE 28


  -------         DO            
  D:0006H         SYMBOL        hi
  D:0007H         SYMBOL        lo
  -------         ENDDO         
  C:3DA4H         LINE#         23
  C:3DA4H         LINE#         24
  C:3DA4H         LINE#         26
  C:3DA9H         LINE#         27
  C:3DADH         LINE#         28
  C:3DB4H         LINE#         29
  -------         ENDPROC       _BCDTODEC1
  -------         PROC          WAIT
  C:000AH         LINE#         31
  C:000AH         LINE#         33
  -------         ENDPROC       WAIT
  -------         PROC          VONESTEPMOVE
  B:0021H.0       SYMBOL        bDir
  -------         DO            
  X:0497H         SYMBOL        temp
  -------         ENDDO         
  C:3AFDH         LINE#         35
  C:3AFDH         LINE#         36
  C:3AFDH         LINE#         38
  C:3B03H         LINE#         39
  C:3B06H         LINE#         40
  C:3B06H         LINE#         41
  C:3B17H         LINE#         42
  C:3B17H         LINE#         43
  C:3B17H         LINE#         44
  C:3B19H         LINE#         45
  C:3B19H         LINE#         46
  C:3B19H         LINE#         47
  C:3B1BH         LINE#         48
  C:3B1BH         LINE#         49
  C:3B1BH         LINE#         50
  C:3B1DH         LINE#         51
  C:3B1DH         LINE#         52
  C:3B1DH         LINE#         53
  C:3B1FH         LINE#         54
  C:3B1FH         LINE#         55
  C:3B1FH         LINE#         57
  C:3B1FH         LINE#         58
  C:3B33H         LINE#         59
  C:3B33H         LINE#         60
  C:3B36H         LINE#         61
  C:3B37H         LINE#         62
  C:3B37H         LINE#         63
  C:3B3AH         LINE#         64
  C:3B3BH         LINE#         65
  C:3B3BH         LINE#         66
  C:3B3EH         LINE#         67
  C:3B3FH         LINE#         68
  C:3B3FH         LINE#         69
  C:3B42H         LINE#         70
  C:3B42H         LINE#         71
  C:3B42H         LINE#         72
  C:3B42H         LINE#         73
BL51 BANKED LINKER/LOCATER V6.22                                                      01/11/2019  15:45:51  PAGE 29


  -------         ENDPROC       VONESTEPMOVE
  -------         PROC          _STEP_MOVE
  X:0493H         SYMBOL        step
  B:0020H.7       SYMBOL        dir
  -------         DO            
  X:0495H         SYMBOL        i
  -------         ENDDO         
  C:3AB6H         LINE#         75
  C:3ABEH         LINE#         76
  C:3ABEH         LINE#         78
  C:3AC3H         LINE#         81
  C:3ADEH         LINE#         82
  C:3ADEH         LINE#         83
  C:3AE5H         LINE#         84
  C:3AECH         LINE#         85
  C:3AFCH         LINE#         87
  -------         ENDPROC       _STEP_MOVE
  -------         PROC          _MOVE
  X:048FH         SYMBOL        distance
  B:0020H.6       SYMBOL        direction
  -------         DO            
  D:0006H         SYMBOL        step
  -------         ENDDO         
  C:3C35H         LINE#         89
  C:3C3BH         LINE#         90
  C:3C3BH         LINE#         92
  C:3C61H         LINE#         93
  -------         ENDPROC       _MOVE
  C:280DH         SYMBOL        L?0064
  C:2821H         SYMBOL        L?0065
  -------         PROC          L?0063
  -------         ENDPROC       L?0063
  C:280DH         SYMBOL        L?0064
  C:2821H         SYMBOL        L?0065
  -------         PROC          _FINDDET3X3
  X:062BH         SYMBOL        a11
  X:062FH         SYMBOL        a12
  X:0633H         SYMBOL        a13
  X:0637H         SYMBOL        a21
  X:063BH         SYMBOL        a22
  X:063FH         SYMBOL        a23
  X:0643H         SYMBOL        a31
  X:0647H         SYMBOL        a32
  X:064BH         SYMBOL        a33
  C:282CH         LINE#         97
  C:2832H         LINE#         101
  C:2832H         LINE#         102
  C:29C9H         LINE#         104
  -------         ENDPROC       _FINDDET3X3
  -------         PROC          _FINDDET4X4
  X:05EBH         SYMBOL        a11
  X:05EFH         SYMBOL        a12
  X:05F3H         SYMBOL        a13
  X:05F7H         SYMBOL        a14
  X:05FBH         SYMBOL        a21
  X:05FFH         SYMBOL        a22
  X:0603H         SYMBOL        a23
BL51 BANKED LINKER/LOCATER V6.22                                                      01/11/2019  15:45:51  PAGE 30


  X:0607H         SYMBOL        a24
  X:060BH         SYMBOL        a31
  X:060FH         SYMBOL        a32
  X:0613H         SYMBOL        a33
  X:0617H         SYMBOL        a34
  X:061BH         SYMBOL        a41
  X:061FH         SYMBOL        a42
  X:0623H         SYMBOL        a43
  X:0627H         SYMBOL        a44
  C:209AH         LINE#         105
  C:20A0H         LINE#         109
  C:20A0H         LINE#         116
  C:2359H         LINE#         120
  -------         ENDPROC       _FINDDET4X4
  -------         PROC          L?0069
  -------         ENDPROC       L?0069
  -------         PROC          LINEAR_INTERPOLATE
  X:048FH         SYMBOL        p1
  X:0497H         SYMBOL        p2
  X:049FH         SYMBOL        x
  -------         DO            
  D:0004H         SYMBOL        fx
  -------         ENDDO         
  C:33C6H         LINE#         126
  C:33C6H         LINE#         127
  C:33C6H         LINE#         130
  C:3465H         LINE#         132
  C:3465H         LINE#         133
  -------         ENDPROC       LINEAR_INTERPOLATE
  -------         PROC          _UPDATE_POSITION
  D:0001H         SYMBOL        mnths
  D:0002H         SYMBOL        dys
  X:03E2H         SYMBOL        hurs
  X:03E3H         SYMBOL        mns
  X:03E4H         SYMBOL        sconds
  X:03E5H         SYMBOL        currnt_pos
  X:03E8H         SYMBOL        offset_calib
  -------         DO            
  X:03ECH         SYMBOL        date
  X:03EEH         SYMBOL        i
  X:03F0H         SYMBOL        yy
  X:03F2H         SYMBOL        desired_distance
  X:03F6H         SYMBOL        distance
  X:03FAH         SYMBOL        JP_pos
  X:03FEH         SYMBOL        pos_interpolate_azimuth
  X:044AH         SYMBOL        current_local_sun_time
  X:044EH         SYMBOL        azimuth
  X:0452H         SYMBOL        elevation
  X:0456H         SYMBOL        time_offset
  X:045AH         SYMBOL        UTC_time
  X:045EH         SYMBOL        declination
  X:0462H         SYMBOL        p1
  X:046AH         SYMBOL        p2
  X:0472H         SYMBOL        time
  X:0484H         SYMBOL        location
  X:048CH         SYMBOL        sunCoord
  -------         ENDDO         
BL51 BANKED LINKER/LOCATER V6.22                                                      01/11/2019  15:45:51  PAGE 31


  C:094DH         LINE#         137
  C:0956H         LINE#         140
  C:0956H         LINE#         141
  C:0961H         LINE#         143
  C:097DH         LINE#         144
  C:0987H         LINE#         152
  C:0991H         LINE#         153
  C:099BH         LINE#         154
  C:09A5H         LINE#         155
  C:09B0H         LINE#         156
  C:09BBH         LINE#         157
  C:09CFH         LINE#         158
  C:09E0H         LINE#         159
  C:09EFH         LINE#         162
  C:0A03H         LINE#         166
  C:0A55H         LINE#         167
  C:0A5FH         LINE#         168
  C:0AB9H         LINE#         170
  C:0BE1H         LINE#         172
  C:0CB0H         LINE#         179
  C:0CBAH         LINE#         180
  C:0CBAH         LINE#         182
  C:0CD4H         LINE#         183
  C:0CD4H         LINE#         184
  C:0D44H         LINE#         185
  C:0D44H         LINE#         186
  C:0D4BH         LINE#         187
  C:0D4BH         LINE#         188
  C:0D78H         LINE#         189
  C:0D93H         LINE#         191
  C:0DDAH         LINE#         192
  C:0E0EH         LINE#         194
  C:0E66H         LINE#         195
  C:0E86H         LINE#         197
  C:0E86H         LINE#         198
  C:0E97H         LINE#         201
  C:0EB1H         LINE#         202
  C:0EB1H         LINE#         203
  C:0F21H         LINE#         204
  C:0F21H         LINE#         205
  C:0F4EH         LINE#         206
  C:0F69H         LINE#         208
  C:0F96H         LINE#         209
  C:0FB1H         LINE#         211
  C:0FE3H         LINE#         214
  C:0FE3H         LINE#         216
  C:0FF4H         LINE#         218
  C:102CH         LINE#         220
  C:104EH         LINE#         221
  C:10A9H         LINE#         222
  C:10A9H         LINE#         223
  C:10C3H         LINE#         224
  C:10D5H         LINE#         225
  C:10EDH         LINE#         226
  C:1103H         LINE#         227
  C:110BH         LINE#         228
  C:1127H         LINE#         229
BL51 BANKED LINKER/LOCATER V6.22                                                      01/11/2019  15:45:51  PAGE 32


  C:1127H         LINE#         230
  C:1127H         LINE#         233
  -------         ENDPROC       _UPDATE_POSITION
  -------         ENDMOD        BIPOLARMOTOR

  -------         MODULE        SUNPOS
  C:0000H         SYMBOL        _ICE_DUMMY_
  C:1128H         PUBLIC        sunpos
  -------         PROC          SUNPOS
  X:048FH         SYMBOL        udtTime
  X:04A1H         SYMBOL        udtLocation
  X:04A9H         SYMBOL        udtSunCoordinates
  -------         DO            
  X:04ACH         SYMBOL        dElapsedJulianDays
  X:04B0H         SYMBOL        dDecimalHours
  X:04B4H         SYMBOL        dEclipticLongitude
  X:04B8H         SYMBOL        dEclipticObliquity
  X:04BCH         SYMBOL        dRightAscension
  X:04C0H         SYMBOL        dDeclination
  X:04C4H         SYMBOL        dY
  X:04C8H         SYMBOL        dX
  -------         DO            
  X:04CCH         SYMBOL        dJulianDate
  X:04D0H         SYMBOL        liAux1
  X:04D4H         SYMBOL        liAux2
  X:04CCH         SYMBOL        dMeanLongitude
  X:04D0H         SYMBOL        dMeanAnomaly
  X:04D4H         SYMBOL        dOmega
  X:04CCH         SYMBOL        dSin_EclipticLongitude
  X:04CCH         SYMBOL        dGreenwichMeanSiderealTime
  X:04D0H         SYMBOL        dLocalMeanSiderealTime
  X:04D4H         SYMBOL        dLatitudeInRadians
  X:04D8H         SYMBOL        dHourAngle
  X:04DCH         SYMBOL        dCos_Latitude
  X:04E0H         SYMBOL        dSin_Latitude
  X:04E4H         SYMBOL        dCos_HourAngle
  X:04E8H         SYMBOL        dParallax
  -------         ENDDO         
  -------         DO            
  X:04CCH         SYMBOL        dMeanLongitude
  X:04D0H         SYMBOL        dMeanAnomaly
  X:04D4H         SYMBOL        dOmega
  X:04CCH         SYMBOL        dSin_EclipticLongitude
  X:04CCH         SYMBOL        dGreenwichMeanSiderealTime
  X:04D0H         SYMBOL        dLocalMeanSiderealTime
  X:04D4H         SYMBOL        dLatitudeInRadians
  X:04D8H         SYMBOL        dHourAngle
  X:04DCH         SYMBOL        dCos_Latitude
  X:04E0H         SYMBOL        dSin_Latitude
  X:04E4H         SYMBOL        dCos_HourAngle
  X:04E8H         SYMBOL        dParallax
  -------         ENDDO         
  -------         DO            
  X:04CCH         SYMBOL        dSin_EclipticLongitude
  X:04CCH         SYMBOL        dGreenwichMeanSiderealTime
  X:04D0H         SYMBOL        dLocalMeanSiderealTime
  X:04D4H         SYMBOL        dLatitudeInRadians
BL51 BANKED LINKER/LOCATER V6.22                                                      01/11/2019  15:45:51  PAGE 33


  X:04D8H         SYMBOL        dHourAngle
  X:04DCH         SYMBOL        dCos_Latitude
  X:04E0H         SYMBOL        dSin_Latitude
  X:04E4H         SYMBOL        dCos_HourAngle
  X:04E8H         SYMBOL        dParallax
  -------         ENDDO         
  -------         DO            
  X:04CCH         SYMBOL        dGreenwichMeanSiderealTime
  X:04D0H         SYMBOL        dLocalMeanSiderealTime
  X:04D4H         SYMBOL        dLatitudeInRadians
  X:04D8H         SYMBOL        dHourAngle
  X:04DCH         SYMBOL        dCos_Latitude
  X:04E0H         SYMBOL        dSin_Latitude
  X:04E4H         SYMBOL        dCos_HourAngle
  X:04E8H         SYMBOL        dParallax
  -------         ENDDO         
  -------         ENDDO         
  C:1128H         LINE#         6
  C:1128H         LINE#         7
  C:1128H         LINE#         9
  C:1128H         LINE#         27
  C:1172H         LINE#         30
  C:1193H         LINE#         31
  C:12DAH         LINE#         34
  C:1326H         LINE#         36
  C:1345H         LINE#         37
  C:1345H         LINE#         42
  C:1345H         LINE#         46
  C:1377H         LINE#         47
  C:13A1H         LINE#         48
  C:13CBH         LINE#         49
  C:1478H         LINE#         52
  C:14D9H         LINE#         54
  C:14D9H         LINE#         59
  C:14D9H         LINE#         61
  C:14F0H         LINE#         62
  C:1518H         LINE#         63
  C:152FH         LINE#         64
  C:155AH         LINE#         65
  C:1591H         LINE#         66
  C:15BCH         LINE#         67
  C:15BCH         LINE#         70
  C:15BCH         LINE#         79
  C:15F7H         LINE#         82
  C:1631H         LINE#         84
  C:1656H         LINE#         85
  C:1675H         LINE#         86
  C:168CH         LINE#         87
  C:16A3H         LINE#         88
  C:16BAH         LINE#         89
  C:1743H         LINE#         91
  C:175DH         LINE#         92
  C:17BFH         LINE#         93
  C:17F5H         LINE#         94
  C:1807H         LINE#         95
  C:1834H         LINE#         96
  C:1861H         LINE#         98
BL51 BANKED LINKER/LOCATER V6.22                                                      01/11/2019  15:45:51  PAGE 34


  C:1883H         LINE#         100
  C:18BBH         LINE#         103
  C:18BBH         LINE#         104
  C:18C9H         LINE#         105
  -------         ENDPROC       SUNPOS
  -------         ENDMOD        SUNPOS

  -------         MODULE        ADC
  C:0000H         SYMBOL        _ICE_DUMMY_
  D:0092H         PUBLIC        P1M0
  D:0091H         PUBLIC        P1M1
  D:0080H         PUBLIC        P0
  D:0090H         PUBLIC        P1
  D:00A0H         PUBLIC        P2
  D:00B0H         PUBLIC        P3
  D:00C0H         PUBLIC        P4
  D:00C8H         PUBLIC        P5
  D:00E8H         PUBLIC        P6
  D:00F8H         PUBLIC        P7
  D:00A8H         PUBLIC        IE
  D:00BDH         PUBLIC        ADC_RES
  D:00B8H         PUBLIC        IP
  D:0097H         PUBLIC        CLK_DIV
  D:00D8H         PUBLIC        CCON
  D:00BCH         PUBLIC        ADC_CONTR
  D:0098H         PUBLIC        SCON
  D:0088H         PUBLIC        TCON
  C:3DE4H         PUBLIC        ADC_Init
  C:3CBAH         PUBLIC        _ADC_GetResult
  D:009DH         PUBLIC        P1ASF
  D:00BEH         PUBLIC        ADC_RESL
  D:00D0H         PUBLIC        PSW
  -------         PROC          ADC_INIT
  C:3DE4H         LINE#         7
  C:3DE4H         LINE#         8
  C:3DE4H         LINE#         10
  C:3DE7H         LINE#         11
  C:3DEAH         LINE#         12
  C:3DEDH         LINE#         13
  C:3DF0H         LINE#         15
  C:3DF2H         LINE#         16
  C:3DF5H         LINE#         18
  -------         ENDPROC       ADC_INIT
  -------         PROC          _ADC_GETRESULT
  D:0007H         SYMBOL        ch
  -------         DO            
  D:0006H         SYMBOL        ADC_Value
  -------         ENDDO         
  C:3CBAH         LINE#         23
  C:3CBAH         LINE#         24
  C:3CBAH         LINE#         26
  C:3CBFH         LINE#         27
  C:3CC0H         LINE#         28
  C:3CC1H         LINE#         29
  C:3CC2H         LINE#         30
  C:3CC3H         LINE#         31
  C:3CC8H         LINE#         32
[...]
  -------         ENDPROC       _MAX_VALUE
  -------         PROC          _CALIBRATION
  X:03D0H         SYMBOL        mnths
  X:03D1H         SYMBOL        dys
  X:03D2H         SYMBOL        hurs
  X:03D3H         SYMBOL        mns
  X:03D4H         SYMBOL        sconds
  X:03D5H         SYMBOL        currnt_pos
  -------         DO            
  X:03D8H         SYMBOL        calib_value
  X:03DCH         SYMBOL        JP_max_pos
  -------         ENDDO         
  C:3232H         LINE#         84
BL51 BANKED LINKER/LOCATER V6.22                                                      01/11/2019  15:45:51  PAGE 37


  C:323DH         LINE#         87
  C:323DH         LINE#         88
  C:3247H         LINE#         89
  C:325BH         LINE#         91
  C:3265H         LINE#         92
  C:3265H         LINE#         94
  C:329BH         LINE#         96
  C:32A4H         LINE#         97
  C:32C9H         LINE#         98
  C:32E5H         LINE#         99
  C:32F4H         LINE#         100
  C:32F4H         LINE#         102
  C:32F9H         LINE#         103
  -------         ENDPROC       _CALIBRATION
  -------         ENDMOD        CALIBRATION

  -------         MODULE        IOEXPANDER_PI4IOE5V96248
  C:0000H         SYMBOL        _ICE_DUMMY_
  D:0080H         PUBLIC        P0
  B:00C8H.4       PUBLIC        I2C_SCK
  D:0090H         PUBLIC        P1
  D:00A0H         PUBLIC        P2
  D:00B0H         PUBLIC        P3
  D:00C0H         PUBLIC        P4
  D:00C8H         PUBLIC        P5
  D:00E8H         PUBLIC        P6
  D:00F8H         PUBLIC        P7
  D:00A8H         PUBLIC        IE
  D:00B8H         PUBLIC        IP
  D:00D8H         PUBLIC        CCON
  C:3E81H         PUBLIC        I2C_Start
  D:0098H         PUBLIC        SCON
  D:0088H         PUBLIC        TCON
  C:3466H         PUBLIC        _Write_PI4IOE5V96248
  C:3E90H         PUBLIC        uC_NACK
  C:3C75H         PUBLIC        _Wait_ms_i2c
  C:3C98H         PUBLIC        _I2C_SendByte
  C:3E11H         PUBLIC        I2C_Stop
  C:3F00H         PUBLIC        nop
  C:3EF0H         PUBLIC        uC_ACK
  C:3DFBH         PUBLIC        I2C_ACK
  B:00C0H.7       PUBLIC        I2C_SDA
  D:00D0H         PUBLIC        PSW
  C:3C6FH         SYMBOL        L?0031
  C:3C71H         SYMBOL        L?0032
  -------         PROC          L?0030
  -------         ENDPROC       L?0030
  C:3C6FH         SYMBOL        L?0031
  C:3C71H         SYMBOL        L?0032
  -------         PROC          _WAIT_MS_I2C
  D:0006H         SYMBOL        ms
  -------         DO            
  D:0004H         SYMBOL        De_Cnt
  -------         ENDDO         
  C:3C75H         LINE#         7
  C:3C75H         LINE#         8
  C:3C75H         LINE#         10
BL51 BANKED LINKER/LOCATER V6.22                                                      01/11/2019  15:45:51  PAGE 38


  C:3C7FH         LINE#         11
  C:3C7FH         LINE#         12
  C:3C92H         LINE#         13
  C:3C92H         LINE#         14
  -------         ENDPROC       _WAIT_MS_I2C
  -------         PROC          NOP
  C:3F00H         LINE#         16
  C:3F00H         LINE#         17
  C:3F00H         LINE#         19
  -------         ENDPROC       NOP
  -------         PROC          I2C_START
  C:3E81H         LINE#         20
  C:3E81H         LINE#         21
  C:3E81H         LINE#         23
  C:3E83H         LINE#         24
  C:3E85H         LINE#         25
  C:3E88H         LINE#         26
  C:3E8AH         LINE#         27
  C:3E8DH         LINE#         28
  C:3E8FH         LINE#         31
  -------         ENDPROC       I2C_START
  -------         PROC          I2C_STOP
  C:3E11H         LINE#         33
  C:3E11H         LINE#         34
  C:3E11H         LINE#         35
  C:3E13H         LINE#         36
  C:3E15H         LINE#         37
  C:3E18H         LINE#         38
  C:3E1AH         LINE#         39
  C:3E1CH         LINE#         40
  C:3E23H         LINE#         41
  C:3E25H         LINE#         44
  -------         ENDPROC       I2C_STOP
  -------         PROC          I2C_ACK
  -------         DO            
  X:03D3H         SYMBOL        i
  D:0003H         SYMBOL        dat
  -------         ENDDO         
  C:3DFBH         LINE#         46
  C:3DFBH         LINE#         47
  C:3DFBH         LINE#         49
  C:3DFCH         LINE#         54
  C:3DFFH         LINE#         55
  C:3E01H         LINE#         56
  C:3E04H         LINE#         58
  C:3E07H         LINE#         59
  C:3E07H         LINE#         60
  C:3E0BH         LINE#         61
  C:3E0BH         LINE#         64
  C:3E0BH         LINE#         65
  C:3E0EH         LINE#         66
  C:3E0EH         LINE#         67
  C:3E10H         LINE#         68
  -------         ENDPROC       I2C_ACK
  -------         PROC          UC_ACK
  -------         DO            
  X:067DH         SYMBOL        i
BL51 BANKED LINKER/LOCATER V6.22                                                      01/11/2019  15:45:51  PAGE 39


  -------         ENDDO         
  C:3EF0H         LINE#         69
  C:3EF0H         LINE#         70
  C:3EF0H         LINE#         72
  C:3EF0H         LINE#         79
  C:3EF0H         LINE#         81
  C:3EF0H         LINE#         83
  C:3EF0H         LINE#         84
  C:3EF0H         LINE#         87
  C:3EF3H         LINE#         88
  C:3EF5H         LINE#         89
  C:3EF5H         LINE#         93
  -------         ENDPROC       UC_ACK
  -------         PROC          UC_NACK
  -------         DO            
  X:067EH         SYMBOL        i
  -------         ENDDO         
  C:3E90H         LINE#         95
  C:3E90H         LINE#         96
  C:3E90H         LINE#         98
  C:3E90H         LINE#         102
  C:3E92H         LINE#         105
  C:3E92H         LINE#         106
  C:3E94H         LINE#         107
  C:3E94H         LINE#         109
  C:3E94H         LINE#         110
  C:3E94H         LINE#         113
  C:3E97H         LINE#         114
  C:3E99H         LINE#         115
  C:3E9CH         LINE#         116
  C:3E9EH         LINE#         117
  C:3E9EH         LINE#         121
  -------         ENDPROC       UC_NACK
  C:3C94H         SYMBOL        L?0034
  -------         PROC          L?0033
  -------         ENDPROC       L?0033
  C:3C94H         SYMBOL        L?0034
  -------         PROC          _I2C_SENDBYTE
  D:0001H         SYMBOL        dat
  -------         DO            
  D:0003H         SYMBOL        i
  -------         ENDDO         
  C:3C98H         LINE#         125
  C:3C9AH         LINE#         126
  C:3C9AH         LINE#         129
  C:3C9CH         LINE#         130
  C:3C9CH         LINE#         131
  C:3C9EH         LINE#         133
  C:3CA2H         LINE#         134
  C:3CA2H         LINE#         135
  C:3CA4H         LINE#         136
  C:3CA6H         LINE#         138
  C:3CA6H         LINE#         139
  C:3CA8H         LINE#         140
  C:3CA8H         LINE#         141
  C:3CABH         LINE#         142
  C:3CADH         LINE#         144
BL51 BANKED LINKER/LOCATER V6.22                                                      01/11/2019  15:45:51  PAGE 40


  C:3CB1H         LINE#         145
  C:3CB4H         LINE#         146
  C:3CB9H         LINE#         147
  -------         ENDPROC       _I2C_SENDBYTE
  -------         PROC          _WRITE_PI4IOE5V96248
  X:03D0H         SYMBOL        xdat
  C:3466H         LINE#         148
  C:3471H         LINE#         149
  C:3471H         LINE#         150
  C:3474H         LINE#         151
  C:347BH         LINE#         152
  C:3480H         LINE#         153
  C:3486H         LINE#         154
  C:3486H         LINE#         155
  C:3498H         LINE#         156
  C:3498H         LINE#         158
  C:349EH         LINE#         159
  C:349EH         LINE#         160
  C:34AEH         LINE#         161
  C:34AEH         LINE#         162
  C:34B4H         LINE#         163
  C:34B4H         LINE#         164
  C:34C4H         LINE#         165
  C:34C4H         LINE#         166
  C:34CAH         LINE#         167
  C:34CAH         LINE#         168
  C:34DBH         LINE#         169
  C:34DBH         LINE#         171
  C:34E1H         LINE#         172
  C:34E1H         LINE#         173
  C:34F2H         LINE#         174
  C:34F2H         LINE#         175
  C:34F8H         LINE#         176
  C:34F8H         LINE#         177
  C:3509H         LINE#         178
  C:3509H         LINE#         180
  C:350FH         LINE#         181
  C:3512H         LINE#         182
  -------         ENDPROC       _WRITE_PI4IOE5V96248
  -------         ENDMOD        IOEXPANDER_PI4IOE5V96248

  -------         MODULE        ?C_STARTUP
  C:381FH         SEGMENT       ?C_C51STARTUP
  I:0022H         SEGMENT       ?STACK
  C:0000H         PUBLIC        ?C_STARTUP
  D:00E0H         SYMBOL        ACC
  D:00F0H         SYMBOL        B
  D:0083H         SYMBOL        DPH
  D:0082H         SYMBOL        DPL
  N:0000H         SYMBOL        IBPSTACK
  N:0100H         SYMBOL        IBPSTACKTOP
  N:0080H         SYMBOL        IDATALEN
  C:3822H         SYMBOL        IDATALOOP
  N:0000H         SYMBOL        PBPSTACK
  N:0100H         SYMBOL        PBPSTACKTOP
  N:0000H         SYMBOL        PDATALEN
  N:0000H         SYMBOL        PDATASTART
BL51 BANKED LINKER/LOCATER V6.22                                                      01/11/2019  15:45:51  PAGE 41


  N:0000H         SYMBOL        PPAGE
  N:0000H         SYMBOL        PPAGEENABLE
  D:00A0H         SYMBOL        PPAGE_SFR
  D:0081H         SYMBOL        SP
  C:381FH         SYMBOL        STARTUP1
  N:0000H         SYMBOL        XBPSTACK
  N:0000H         SYMBOL        XBPSTACKTOP
  N:0000H         SYMBOL        XDATALEN
  N:0000H         SYMBOL        XDATASTART
  C:0000H         LINE#         126
  C:381FH         LINE#         133
  C:3821H         LINE#         134
  C:3822H         LINE#         135
  C:3823H         LINE#         136
  C:3825H         LINE#         185
  C:3828H         LINE#         196
  -------         ENDMOD        ?C_STARTUP

  -------         MODULE        ?C?FPADD
  C:002DH         PUBLIC        ?C?FPADD
  C:0029H         PUBLIC        ?C?FPSUB
  -------         ENDMOD        ?C?FPADD

  -------         MODULE        ?C?FPMUL
  C:011EH         PUBLIC        ?C?FPMUL
  -------         ENDMOD        ?C?FPMUL

  -------         MODULE        ?C?FPDIV
  C:0227H         PUBLIC        ?C?FPDIV
  -------         ENDMOD        ?C?FPDIV

  -------         MODULE        ?C?FPCMP
  C:02C6H         PUBLIC        ?C?FPCMP
  C:02C4H         PUBLIC        ?C?FPCMP3
  -------         ENDMOD        ?C?FPCMP

  -------         MODULE        ?C?FPNEG
  C:033DH         PUBLIC        ?C?FPNEG
  -------         ENDMOD        ?C?FPNEG

  -------         MODULE        ?C?FCAST
  C:0358H         PUBLIC        ?C?FCASTC
  C:0353H         PUBLIC        ?C?FCASTI
  C:034EH         PUBLIC        ?C?FCASTL
  -------         ENDMOD        ?C?FCAST

  -------         MODULE        ?C?CASTF
  C:038CH         PUBLIC        ?C?CASTF
  -------         ENDMOD        ?C?CASTF

  -------         MODULE        ATAN2
  X:04ECH         PUBLIC        ?_atan2?BYTE
  C:35BFH         PUBLIC        _atan2
  -------         ENDMOD        ATAN2

  -------         MODULE        SIN
  C:2EF5H         PUBLIC        _COS
BL51 BANKED LINKER/LOCATER V6.22                                                      01/11/2019  15:45:51  PAGE 42


  C:2F0BH         PUBLIC        _SIN
  C:2F47H         PUBLIC        _TAN
  -------         ENDMOD        SIN

  -------         MODULE        ACOS
  C:3A6CH         PUBLIC        _ACOS
  -------         ENDMOD        ACOS

  -------         MODULE        ASIN
  C:3BC7H         PUBLIC        _ASIN
  -------         ENDMOD        ASIN

  -------         MODULE        SQRT
  C:3517H         PUBLIC        _SQRT
  -------         ENDMOD        SQRT

  -------         MODULE        ATAN
  C:3055H         PUBLIC        _ATAN
  -------         ENDMOD        ATAN

  -------         MODULE        ?C?COPY
  C:052AH         PUBLIC        ?C?COPY
  -------         ENDMOD        ?C?COPY

  -------         MODULE        ?C?CLDPTR
  C:0550H         PUBLIC        ?C?CLDPTR
  -------         ENDMOD        ?C?CLDPTR

  -------         MODULE        ?C?CLDOPTR
  C:0569H         PUBLIC        ?C?CLDOPTR
  -------         ENDMOD        ?C?CLDOPTR

  -------         MODULE        ?C?CSTPTR
  C:0596H         PUBLIC        ?C?CSTPTR
  -------         ENDMOD        ?C?CSTPTR

  -------         MODULE        ?C?IMUL
  C:05A8H         PUBLIC        ?C?IMUL
  -------         ENDMOD        ?C?IMUL

  -------         MODULE        ?C?UIDIV
  C:05BAH         PUBLIC        ?C?UIDIV
  -------         ENDMOD        ?C?UIDIV

  -------         MODULE        ?C?SIDIV
  C:060FH         PUBLIC        ?C?SIDIV
  -------         ENDMOD        ?C?SIDIV

  -------         MODULE        ?C?ILDIX
  C:0645H         PUBLIC        ?C?ILDIX
  -------         ENDMOD        ?C?ILDIX

  -------         MODULE        ?C?ILDOPTR
  C:065BH         PUBLIC        ?C?ILDOPTR
  -------         ENDMOD        ?C?ILDOPTR

  -------         MODULE        ?C?LMUL
BL51 BANKED LINKER/LOCATER V6.22                                                      01/11/2019  15:45:51  PAGE 43


  C:0693H         PUBLIC        ?C?LMUL
  -------         ENDMOD        ?C?LMUL

  -------         MODULE        ?C?SLDIV
  C:3B43H         PUBLIC        ?C?SLDIV
  -------         ENDMOD        ?C?SLDIV

  -------         MODULE        ?C?LNEG
  C:06E2H         PUBLIC        ?C?LNEG
  -------         ENDMOD        ?C?LNEG

  -------         MODULE        ?C?LLDPTR
  C:06F0H         PUBLIC        ?C?LLDPTR
  -------         ENDMOD        ?C?LLDPTR

  -------         MODULE        ?C?LLDOPTR
  C:0710H         PUBLIC        ?C?LLDOPTR
  -------         ENDMOD        ?C?LLDOPTR

  -------         MODULE        ?C?LSTPTR
  C:0740H         PUBLIC        ?C?LSTPTR
  -------         ENDMOD        ?C?LSTPTR

  -------         MODULE        ?C?LSTOPTR
  C:075AH         PUBLIC        ?C?LSTOPTR
  -------         ENDMOD        ?C?LSTOPTR

  -------         MODULE        ?C?LLDXDATA
  C:077EH         PUBLIC        ?C?LLDXDATA
  -------         ENDMOD        ?C?LLDXDATA

  -------         MODULE        ?C?LLDCODE
  C:078AH         PUBLIC        ?C?LLDCODE
  -------         ENDMOD        ?C?LLDCODE

  -------         MODULE        ?C?LLDXDATA0
  C:079AH         PUBLIC        ?C?LLDXDATA0
  -------         ENDMOD        ?C?LLDXDATA0

  -------         MODULE        ?C?LLDCODE0
  C:07A6H         PUBLIC        ?C?LLDCODE0
  -------         ENDMOD        ?C?LLDCODE0

  -------         MODULE        ?C?LLDPTR0
  C:07B6H         PUBLIC        ?C?LLDPTR0
  -------         ENDMOD        ?C?LLDPTR0

  -------         MODULE        ?C?LSTXDATA
  C:07D6H         PUBLIC        ?C?LSTXDATA
  -------         ENDMOD        ?C?LSTXDATA

  -------         MODULE        ?C?LSTKXDATA
  C:07E2H         PUBLIC        ?C?LSTKXDATA
  -------         ENDMOD        ?C?LSTKXDATA

  -------         MODULE        ?C?OFFXADD
  C:0813H         PUBLIC        ?C?OFFXADD
BL51 BANKED LINKER/LOCATER V6.22                                                      01/11/2019  15:45:51  PAGE 44


  -------         ENDMOD        ?C?OFFXADD

  -------         MODULE        ABS
  C:3EC7H         PUBLIC        _ABS
  -------         ENDMOD        ABS

  -------         MODULE        ATOI
  C:3157H         PUBLIC        _atoi
  -------         ENDMOD        ATOI

  -------         MODULE        ?C?IILDX
  C:081FH         PUBLIC        ?C?IILDX
  -------         ENDMOD        ?C?IILDX

  -------         MODULE        ?C?ULDIV
  C:0871H         PUBLIC        ?C?ULDIV
  -------         ENDMOD        ?C?ULDIV

  -------         MODULE        ?C?LLDIDATA
  C:0903H         PUBLIC        ?C?LLDIDATA
  -------         ENDMOD        ?C?LLDIDATA

  -------         MODULE        ?C?LLDPDATA
  C:090FH         PUBLIC        ?C?LLDPDATA
  -------         ENDMOD        ?C?LLDPDATA

  -------         MODULE        ?C?LLDIDATA0
  C:091BH         PUBLIC        ?C?LLDIDATA0
  -------         ENDMOD        ?C?LLDIDATA0

  -------         MODULE        ?C?LLDPDATA0
  C:0928H         PUBLIC        ?C?LLDPDATA0
  -------         ENDMOD        ?C?LLDPDATA0

  -------         MODULE        ?C?LSTIDATA
  C:0935H         PUBLIC        ?C?LSTIDATA
  -------         ENDMOD        ?C?LSTIDATA

  -------         MODULE        ?C?LSTPDATA
  C:0941H         PUBLIC        ?C?LSTPDATA
  -------         ENDMOD        ?C?LSTPDATA

  -------         MODULE        ISDIGIT
  C:3E9FH         PUBLIC        _isdigit
  -------         ENDMOD        ISDIGIT

  -------         MODULE        ISSPACE
  C:3E3AH         PUBLIC        _isspace
  -------         ENDMOD        ISSPACE

*** WARNING L16: UNCALLED SEGMENT, IGNORED FOR OVERLAY PROCESS
    SEGMENT: ?PR?_CALIB_INTERPOLATE?MAIN

*** WARNING L16: UNCALLED SEGMENT, IGNORED FOR OVERLAY PROCESS
    SEGMENT: ?PR?_DISPLAY_PROX?MAIN

*** WARNING L16: UNCALLED SEGMENT, IGNORED FOR OVERLAY PROCESS
BL51 BANKED LINKER/LOCATER V6.22                                                      01/11/2019  15:45:51  PAGE 45


    SEGMENT: ?PR?INITUART1?UART1

*** WARNING L16: UNCALLED SEGMENT, IGNORED FOR OVERLAY PROCESS
    SEGMENT: ?PR?_SENDSTRING?UART1

*** WARNING L16: UNCALLED SEGMENT, IGNORED FOR OVERLAY PROCESS
    SEGMENT: ?PR?_TEN?UART1

*** WARNING L16: UNCALLED SEGMENT, IGNORED FOR OVERLAY PROCESS
    SEGMENT: ?PR?_UNIT?UART1

*** WARNING L16: UNCALLED SEGMENT, IGNORED FOR OVERLAY PROCESS
    SEGMENT: ?PR?_DECTOBCD?UART1

*** WARNING L16: UNCALLED SEGMENT, IGNORED FOR OVERLAY PROCESS
    SEGMENT: ?PR?_ASCII_LETTER?UART1

*** WARNING L16: UNCALLED SEGMENT, IGNORED FOR OVERLAY PROCESS
    SEGMENT: ?PR?WAIT?BIPOLARMOTOR

*** WARNING L16: UNCALLED SEGMENT, IGNORED FOR OVERLAY PROCESS
    SEGMENT: ?PR?_FINDDET4X4?BIPOLARMOTOR

*** WARNING L16: UNCALLED SEGMENT, IGNORED FOR OVERLAY PROCESS
    SEGMENT: ?PR?NOP?IOEXPANDER_PI4IOE5V96248

*** WARNING L16: UNCALLED SEGMENT, IGNORED FOR OVERLAY PROCESS
    SEGMENT: ?PR?UC_ACK?IOEXPANDER_PI4IOE5V96248

*** WARNING L16: UNCALLED SEGMENT, IGNORED FOR OVERLAY PROCESS
    SEGMENT: ?PR?UC_NACK?IOEXPANDER_PI4IOE5V96248

*** WARNING L1: UNRESOLVED EXTERNAL SYMBOL
    SYMBOL:  AUTO_MODE
    MODULE:  .\Obj\main.obj (MAIN)

*** WARNING L2: REFERENCE MADE TO UNRESOLVED EXTERNAL
    SYMBOL:  AUTO_MODE
    MODULE:  .\Obj\main.obj (MAIN)
    ADDRESS: 1D01H

*** WARNING L2: REFERENCE MADE TO UNRESOLVED EXTERNAL
    SYMBOL:  AUTO_MODE
    MODULE:  .\Obj\main.obj (MAIN)
    ADDRESS: 1DEBH

*** WARNING L2: REFERENCE MADE TO UNRESOLVED EXTERNAL
    SYMBOL:  AUTO_MODE
    MODULE:  .\Obj\main.obj (MAIN)
    ADDRESS: 1DF9H

*** WARNING L2: REFERENCE MADE TO UNRESOLVED EXTERNAL
    SYMBOL:  AUTO_MODE
    MODULE:  .\Obj\main.obj (MAIN)
    ADDRESS: 1E0BH

*** WARNING L2: REFERENCE MADE TO UNRESOLVED EXTERNAL
BL51 BANKED LINKER/LOCATER V6.22                                                      01/11/2019  15:45:51  PAGE 46


    SYMBOL:  AUTO_MODE
    MODULE:  .\Obj\main.obj (MAIN)
    ADDRESS: 1E4DH

*** WARNING L2: REFERENCE MADE TO UNRESOLVED EXTERNAL
    SYMBOL:  AUTO_MODE
    MODULE:  .\Obj\main.obj (MAIN)
    ADDRESS: 1F20H

*** WARNING L1: UNRESOLVED EXTERNAL SYMBOL
    SYMBOL:  AUTO_MODE
    MODULE:  .\Obj\KeyPad.obj (KEYPAD)

*** WARNING L2: REFERENCE MADE TO UNRESOLVED EXTERNAL
    SYMBOL:  AUTO_MODE
    MODULE:  .\Obj\KeyPad.obj (KEYPAD)
    ADDRESS: 23A7H

*** WARNING L2: REFERENCE MADE TO UNRESOLVED EXTERNAL
    SYMBOL:  AUTO_MODE
    MODULE:  .\Obj\KeyPad.obj (KEYPAD)
    ADDRESS: 23B2H

*** WARNING L2: REFERENCE MADE TO UNRESOLVED EXTERNAL
    SYMBOL:  AUTO_MODE
    MODULE:  .\Obj\KeyPad.obj (KEYPAD)
    ADDRESS: 23B9H

Program Size: data=18.2 xdata=1663 code=16129
LINK/LOCATE RUN COMPLETE.  24 WARNING(S),  0 ERROR(S)
