BL51 BANKED LINKER/LOCATER V6.22                                                        04/23/2019  15:03:12  PAGE 1


BL51 BANKED LINKER/LOCATER V6.22, INVOKED BY:
C:\KEIL_V5\C51\BIN\BL51.EXE .\Obj\main.obj, .\Obj\PCF85063BTL.obj, .\Obj\UART1.obj, .\Obj\LCd_Driver_SPLC780D.obj, .\Obj
>> \KeyPad.obj, .\Obj\BipolarMotor.obj, .\Obj\SunPos.obj, .\Obj\ADC.obj, .\Obj\Calibration.obj, .\Obj\IOExpander_PI4IOE5
>> V96248.obj, .\Obj\AT25SF041.obj, .\Obj\STARTUP.obj TO .\Obj\GPIO_RTC_Test PRINT (.\Lis\GPIO_RTC_Test.m51) RAMSIZE (25
>> 6)


MEMORY MODEL: LARGE WITH FLOATING POINT ARITHMETIC


INPUT MODULES INCLUDED:
  .\Obj\main.obj (MAIN)
  .\Obj\PCF85063BTL.obj (PCF85063BTL)
  .\Obj\UART1.obj (UART1)
  .\Obj\LCd_Driver_SPLC780D.obj (LCD_DRIVER_SPLC780D)
  .\Obj\KeyPad.obj (KEYPAD)
  .\Obj\BipolarMotor.obj (BIPOLARMOTOR)
  .\Obj\SunPos.obj (SUNPOS)
  .\Obj\ADC.obj (ADC)
  .\Obj\Calibration.obj (CALIBRATION)
  .\Obj\IOExpander_PI4IOE5V96248.obj (IOEXPANDER_PI4IOE5V96248)
  .\Obj\AT25SF041.obj (AT25SF041)
  .\Obj\STARTUP.obj (?C_STARTUP)
  C:\KEIL_V5\C51\LIB\C51FPL.LIB (?C?FPADD)
  C:\KEIL_V5\C51\LIB\C51FPL.LIB (?C?FPMUL)
  C:\KEIL_V5\C51\LIB\C51FPL.LIB (?C?FPDIV)
  C:\KEIL_V5\C51\LIB\C51FPL.LIB (?C?FPCMP)
  C:\KEIL_V5\C51\LIB\C51FPL.LIB (?C?FPNEG)
  C:\KEIL_V5\C51\LIB\C51FPL.LIB (?C?FCAST)
  C:\KEIL_V5\C51\LIB\C51FPL.LIB (?C?CASTF)
  C:\KEIL_V5\C51\LIB\C51FPL.LIB (ATAN2)
  C:\KEIL_V5\C51\LIB\C51FPL.LIB (SIN)
  C:\KEIL_V5\C51\LIB\C51FPL.LIB (ACOS)
  C:\KEIL_V5\C51\LIB\C51FPL.LIB (ASIN)
  C:\KEIL_V5\C51\LIB\C51FPL.LIB (?C?FPGETOPN)
  C:\KEIL_V5\C51\LIB\C51FPL.LIB (?C?FPSERIES)
  C:\KEIL_V5\C51\LIB\C51FPL.LIB (SQRT)
  C:\KEIL_V5\C51\LIB\C51FPL.LIB (ATAN)
  C:\KEIL_V5\C51\LIB\C51L.LIB (?C_INIT)
  C:\KEIL_V5\C51\LIB\C51L.LIB (?C?COPY)
  C:\KEIL_V5\C51\LIB\C51L.LIB (?C?CLDPTR)
  C:\KEIL_V5\C51\LIB\C51L.LIB (?C?CLDOPTR)
  C:\KEIL_V5\C51\LIB\C51L.LIB (?C?CSTPTR)
  C:\KEIL_V5\C51\LIB\C51L.LIB (?C?IMUL)
  C:\KEIL_V5\C51\LIB\C51L.LIB (?C?UIDIV)
  C:\KEIL_V5\C51\LIB\C51L.LIB (?C?SIDIV)
  C:\KEIL_V5\C51\LIB\C51L.LIB (?C?ILDIX)
  C:\KEIL_V5\C51\LIB\C51L.LIB (?C?ILDOPTR)
  C:\KEIL_V5\C51\LIB\C51L.LIB (?C?ISTPTR)
  C:\KEIL_V5\C51\LIB\C51L.LIB (?C?LMUL)
  C:\KEIL_V5\C51\LIB\C51L.LIB (?C?SLDIV)
  C:\KEIL_V5\C51\LIB\C51L.LIB (?C?LNEG)
  C:\KEIL_V5\C51\LIB\C51L.LIB (?C?ULCMP)
  C:\KEIL_V5\C51\LIB\C51L.LIB (?C?LSHL)
  C:\KEIL_V5\C51\LIB\C51L.LIB (?C?LLDPTR)
  C:\KEIL_V5\C51\LIB\C51L.LIB (?C?LLDOPTR)
  C:\KEIL_V5\C51\LIB\C51L.LIB (?C?LSTPTR)
  C:\KEIL_V5\C51\LIB\C51L.LIB (?C?LSTOPTR)
BL51 BANKED LINKER/LOCATER V6.22                                                      04/23/2019  15:03:12  PAGE 2


  C:\KEIL_V5\C51\LIB\C51L.LIB (?C?LLDXDATA)
  C:\KEIL_V5\C51\LIB\C51L.LIB (?C?LLDCODE)
  C:\KEIL_V5\C51\LIB\C51L.LIB (?C?LLDXDATA0)
  C:\KEIL_V5\C51\LIB\C51L.LIB (?C?LLDCODE0)
  C:\KEIL_V5\C51\LIB\C51L.LIB (?C?LLDPTR0)
  C:\KEIL_V5\C51\LIB\C51L.LIB (?C?LSTXDATA)
  C:\KEIL_V5\C51\LIB\C51L.LIB (?C?LSTKXDATA)
  C:\KEIL_V5\C51\LIB\C51L.LIB (?C?LSTKPTR)
  C:\KEIL_V5\C51\LIB\C51L.LIB (?C?OFFXADD)
  C:\KEIL_V5\C51\LIB\C51L.LIB (ATOI)
  C:\KEIL_V5\C51\LIB\C51L.LIB (?C?IILDX)
  C:\KEIL_V5\C51\LIB\C51L.LIB (?C?ULDIV)
  C:\KEIL_V5\C51\LIB\C51L.LIB (?C?LLDIDATA)
  C:\KEIL_V5\C51\LIB\C51L.LIB (?C?LLDPDATA)
  C:\KEIL_V5\C51\LIB\C51L.LIB (?C?LLDIDATA0)
  C:\KEIL_V5\C51\LIB\C51L.LIB (?C?LLDPDATA0)
  C:\KEIL_V5\C51\LIB\C51L.LIB (?C?LSTIDATA)
  C:\KEIL_V5\C51\LIB\C51L.LIB (?C?LSTPDATA)
  C:\KEIL_V5\C51\LIB\C51L.LIB (?C?LSTKIDATA)
  C:\KEIL_V5\C51\LIB\C51L.LIB (?C?LSTKPDATA)
  C:\KEIL_V5\C51\LIB\C51L.LIB (ISDIGIT)
  C:\KEIL_V5\C51\LIB\C51L.LIB (ISSPACE)


LINK MAP OF MODULE:  .\Obj\GPIO_RTC_Test (MAIN)


            TYPE    BASE      LENGTH    RELOCATION   SEGMENT NAME
            -----------------------------------------------------

            * * * * * * *   D A T A   M E M O R Y   * * * * * * *
            REG     0000H     0008H     ABSOLUTE     "REG BANK 0"
                    0008H     0018H                  *** GAP ***
            BIT     0020H.0   0000H.5   UNIT         ?BI?KEYPAD
            BIT     0020H.5   0000H.3   UNIT         _BIT_GROUP_
            BIT     0021H.0   0000H.1   UNIT         ?BI?MAIN
            BIT     0021H.1   0000H.1   UNIT         ?BI?_ATOI?ATOI
                    0021H.2   0000H.6                *** GAP ***
            IDATA   0022H     0001H     UNIT         ?STACK

            * * * * * * *  X D A T A   M E M O R Y  * * * * * * *
            XDATA   0000H     03BCH     UNIT         ?XD?BIPOLARMOTOR
            XDATA   03BCH     0117H     UNIT         _XDATA_GROUP_
            XDATA   04D3H     0102H     UNIT         ?XD?MAIN
            XDATA   05D5H     0009H     UNIT         ?XD?KEYPAD
            XDATA   05DEH     0008H     UNIT         ?XD?_AT25SF041_READ?AT25SF041
            XDATA   05E6H     0005H     UNIT         ?XD?_ATOI?ATOI
            XDATA   05EBH     0003H     UNIT         ?XD?_SENDSTRING?UART1
            XDATA   05EEH     0001H     UNIT         ?XD?UC_ACK?IOEXPANDER_PI4IOE5V96248
            XDATA   05EFH     0001H     UNIT         ?XD?UC_NACK?IOEXPANDER_PI4IOE5V96248

            * * * * * * *   C O D E   M E M O R Y   * * * * * * *
            CODE    0000H     0003H     ABSOLUTE     
            CODE    0003H     0006H     UNIT         ?PR?_TEN?UART1
            CODE    0009H     0001H     UNIT         ?PR?TM0_ISR?MAIN
            CODE    000AH     0001H     UNIT         ?PR?_DECTOBCD?UART1
            CODE    000BH     0003H     ABSOLUTE     
BL51 BANKED LINKER/LOCATER V6.22                                                      04/23/2019  15:03:12  PAGE 3


            CODE    000EH     0BC7H     UNIT         ?PR?MAIN?MAIN
            CODE    0BD5H     09B6H     UNIT         ?C?LIB_CODE
            CODE    158BH     07A2H     UNIT         ?PR?SUNPOS?SUNPOS
            CODE    1D2DH     0646H     UNIT         ?PR?_UPDATE_POSITION?BIPOLARMOTOR
            CODE    2373H     04FBH     UNIT         ?PR?_THEORICALJP_POSITION?BIPOLARMOTOR
            CODE    286EH     041DH     UNIT         ?PR?_FIND_REAL_MAX?CALIBRATION
            CODE    2C8BH     0400H     UNIT         ?C_INITSEG
            CODE    308BH     0380H     UNIT         ?PR?_ELEVATION_CALCULATION?BIPOLARMOTOR
            CODE    340BH     02C5H     UNIT         ?PR?KEY_PROCESS?KEYPAD
            CODE    36D0H     01B3H     UNIT         ?PR?_CALIBRATION?CALIBRATION
            CODE    3883H     018DH     UNIT         ?PR?KEY_SCAN?KEYPAD
            CODE    3A10H     0189H     UNIT         ?PR?SPI_NOR_WRITE_DATA?AT25SF041
            CODE    3B99H     0188H     UNIT         ?PR?SIN?SIN
            CODE    3D21H     0162H     UNIT         ?PR?_DISPLAY_POS?LCD_DRIVER_SPLC780D
            CODE    3E83H     0122H     UNIT         ?PR?ATAN?ATAN
            CODE    3FA5H     0110H     UNIT         ?PR?_AT25SF041_READ?AT25SF041
            CODE    40B5H     0102H     UNIT         ?PR?_AT25SF041_WRITE?AT25SF041
            CODE    41B7H     00DBH     UNIT         ?PR?_ATOI?ATOI
            CODE    4292H     00C3H     UNIT         ?PR?LINEAR_INTERPOLATE?BIPOLARMOTOR
            CODE    4355H     00BBH     UNIT         ?PR?VOLTAGE_IS_STABLE?CALIBRATION
            CODE    4410H     00ADH     UNIT         ?PR?_WRITE_PI4IOE5V96248?IOEXPANDER_PI4IOE5V96248
            CODE    44BDH     00ACH     UNIT         ?PR?SQRT?SQRT
            CODE    4569H     00A1H     UNIT         ?PR?UCREAD_STATUS_REGISTER_BYTE1?AT25SF041
            CODE    460AH     009DH     UNIT         ?PR?_ATAN2?ATAN2
            CODE    46A7H     009CH     UNIT         ?PR?_MAX_VALUE?CALIBRATION
            CODE    4743H     008CH     UNIT         ?C_C51STARTUP
            CODE    47CFH     0088H     UNIT         ?PR?_DAY_OF_YEAR?PCF85063BTL
            CODE    4857H     0079H     UNIT         ?PR?_WRITEDATA?LCD_DRIVER_SPLC780D
            CODE    48D0H     0072H     UNIT         ?PR?AT25SF041_WRITEENABLE?AT25SF041
            CODE    4942H     006FH     UNIT         ?PR?_READ_TIME?PCF85063BTL
            CODE    49B1H     005AH     UNIT         ?PR?AT25SF041_CHIPERASE?AT25SF041
            CODE    4A0BH     0059H     UNIT         ?PR?LCD_INIT?LCD_DRIVER_SPLC780D
            CODE    4A64H     004AH     UNIT         ?PR?VONESTEPMOVE?BIPOLARMOTOR
            CODE    4AAEH     004AH     UNIT         ?PR?ACOS?ACOS
            CODE    4AF8H     0044H     UNIT         ?C?LDIV
            CODE    4B3CH     0040H     UNIT         ?PR?_COMMAND?LCD_DRIVER_SPLC780D
            CODE    4B7CH     0040H     UNIT         ?PR?_STEP_MOVE?BIPOLARMOTOR
            CODE    4BBCH     003BH     UNIT         ?PR?ASIN?ASIN
            CODE    4BF7H     0033H     UNIT         ?PR?_SENDSTRING?UART1
            CODE    4C2AH     002CH     UNIT         ?PR?_ADC_GETRESULT?ADC
            CODE    4C56H     002BH     UNIT         ?PR?_WAIT_MS_I2C?IOEXPANDER_PI4IOE5V96248
            CODE    4C81H     002BH     UNIT         ?PR?_WAIT_MS_SPINOR?AT25SF041
            CODE    4CACH     0028H     UNIT         ?PR?_MOVE?BIPOLARMOTOR
            CODE    4CD4H     0027H     UNIT         ?PR?_I2C_SENDBYTE?IOEXPANDER_PI4IOE5V96248
            CODE    4CFBH     0025H     UNIT         ?PR?_FINDCLOSESTSAMEDAYCALIBTIME?CALIBRATION
            CODE    4D20H     0024H     UNIT         ?PR?_WAIT_MS?LCD_DRIVER_SPLC780D
            CODE    4D44H     0020H     UNIT         ?PR?_SPI_SENDBYTE?PCF85063BTL
            CODE    4D64H     0020H     UNIT         ?PR?SPI_RECEIVEBYTE?PCF85063BTL
            CODE    4D84H     001FH     UNIT         ?PR?ADC_INIT?ADC
            CODE    4DA3H     001EH     UNIT         ?PR?_DELAY_MS?KEYPAD
            CODE    4DC1H     001DH     UNIT         ?PR?_DISPLAYLCD?LCD_DRIVER_SPLC780D
            CODE    4DDEH     001BH     UNIT         ?PR?_BCDTODEC1?BIPOLARMOTOR
            CODE    4DF9H     0018H     UNIT         ?PR?_SPI_WRITETIME?PCF85063BTL
            CODE    4E11H     0017H     UNIT         ?PR?_ASCIITOBCD?UART1
            CODE    4E28H     0016H     UNIT         ?PR?I2C_ACK?IOEXPANDER_PI4IOE5V96248
            CODE    4E3EH     0015H     UNIT         ?PR?_DISPLAY_LINE?LCD_DRIVER_SPLC780D
            CODE    4E53H     0015H     UNIT         ?PR?VSETLOCATION?BIPOLARMOTOR
BL51 BANKED LINKER/LOCATER V6.22                                                      04/23/2019  15:03:12  PAGE 4


            CODE    4E68H     0015H     UNIT         ?PR?I2C_STOP?IOEXPANDER_PI4IOE5V96248
            CODE    4E7DH     0014H     UNIT         ?PR?_PCF85063BTL_DELAY?PCF85063BTL
            CODE    4E91H     0014H     UNIT         ?PR?_ABS?LCD_DRIVER_SPLC780D
            CODE    4EA5H     0014H     UNIT         ?PR?_ISSPACE?ISSPACE
            CODE    4EB9H     0011H     UNIT         ?PR?_SPI_READTIME?PCF85063BTL
            CODE    4ECAH     0011H     UNIT         ?PR?_BCDTODEC?PCF85063BTL
            CODE    4EDBH     0011H     UNIT         ?PR?INITUART1?UART1
            CODE    4EECH     000FH     UNIT         ?PR?I2C_START?IOEXPANDER_PI4IOE5V96248
            CODE    4EFBH     000FH     UNIT         ?PR?UC_NACK?IOEXPANDER_PI4IOE5V96248
            CODE    4F0AH     000FH     UNIT         ?PR?_ISDIGIT?ISDIGIT
            CODE    4F19H     000DH     UNIT         ?PR?SPI_INIT?PCF85063BTL
            CODE    4F26H     000CH     UNIT         ?PR?KEYPAD_IO_INIT?KEYPAD
            CODE    4F32H     000AH     UNIT         ?PR?LCD_RETURN_HOME?LCD_DRIVER_SPLC780D
            CODE    4F3CH     000AH     UNIT         ?PR?LCD_CLEAR?LCD_DRIVER_SPLC780D
            CODE    4F46H     0006H     UNIT         ?PR?UC_ACK?IOEXPANDER_PI4IOE5V96248
            CODE    4F4CH     0005H     UNIT         ?PR?_UNIT?UART1
            CODE    4F51H     0005H     UNIT         ?PR?_ASCII_LETTER?UART1
            CODE    4F56H     0001H     UNIT         ?PR?WAIT?BIPOLARMOTOR
            CODE    4F57H     0001H     UNIT         ?PR?NOP?IOEXPANDER_PI4IOE5V96248



OVERLAY MAP OF MODULE:   .\Obj\GPIO_RTC_Test (MAIN)


SEGMENT                                             BIT_GROUP          XDATA_GROUP
  +--> CALLED SEGMENT                            START    LENGTH     START    LENGTH
------------------------------------------------------------------------------------
?C_C51STARTUP                                    -----    -----      -----    -----
  +--> ?PR?MAIN?MAIN
  +--> ?C_INITSEG

?PR?MAIN?MAIN                                    -----    -----      03BCH    002CH
  +--> ?PR?LCD_INIT?LCD_DRIVER_SPLC780D
  +--> ?PR?SPI_INIT?PCF85063BTL
  +--> ?PR?KEYPAD_IO_INIT?KEYPAD
  +--> ?PR?ADC_INIT?ADC
  +--> ?PR?VSETLOCATION?BIPOLARMOTOR
  +--> ?PR?_SPI_WRITETIME?PCF85063BTL
  +--> ?PR?_DELAY_MS?KEYPAD
  +--> ?PR?_DISPLAY_LINE?LCD_DRIVER_SPLC780D
  +--> ?PR?_WRITEDATA?LCD_DRIVER_SPLC780D
  +--> ?PR?KEY_PROCESS?KEYPAD
  +--> ?PR?_COMMAND?LCD_DRIVER_SPLC780D
  +--> ?PR?_DISPLAY_POS?LCD_DRIVER_SPLC780D
  +--> ?PR?_DISPLAYLCD?LCD_DRIVER_SPLC780D
  +--> ?PR?_STEP_MOVE?BIPOLARMOTOR
  +--> ?PR?LCD_RETURN_HOME?LCD_DRIVER_SPLC780D
  +--> ?PR?_READ_TIME?PCF85063BTL
  +--> ?PR?_ADC_GETRESULT?ADC
  +--> ?PR?_BCDTODEC1?BIPOLARMOTOR
  +--> ?PR?_ELEVATION_CALCULATION?BIPOLARMOTOR
  +--> ?PR?SIN?SIN
  +--> ?PR?_CALIBRATION?CALIBRATION
  +--> ?PR?AT25SF041_WRITEENABLE?AT25SF041
  +--> ?PR?_AT25SF041_WRITE?AT25SF041
  +--> ?PR?_WAIT_MS_SPINOR?AT25SF041
BL51 BANKED LINKER/LOCATER V6.22                                                      04/23/2019  15:03:12  PAGE 5


  +--> ?PR?_UPDATE_POSITION?BIPOLARMOTOR
  +--> ?PR?SPI_NOR_WRITE_DATA?AT25SF041
  +--> ?PR?LINEAR_INTERPOLATE?BIPOLARMOTOR
  +--> ?PR?_FINDCLOSESTSAMEDAYCALIBTIME?CALI...
  +--> ?PR?LCD_CLEAR?LCD_DRIVER_SPLC780D
  +--> ?PR?AT25SF041_CHIPERASE?AT25SF041

?PR?LCD_INIT?LCD_DRIVER_SPLC780D                 -----    -----      -----    -----
  +--> ?PR?_WAIT_MS?LCD_DRIVER_SPLC780D
  +--> ?PR?_COMMAND?LCD_DRIVER_SPLC780D

?PR?_COMMAND?LCD_DRIVER_SPLC780D                 -----    -----      -----    -----
  +--> ?PR?_WAIT_MS?LCD_DRIVER_SPLC780D

?PR?ADC_INIT?ADC                                 -----    -----      -----    -----
  +--> ?PR?_WAIT_MS?LCD_DRIVER_SPLC780D

?PR?_SPI_WRITETIME?PCF85063BTL                   -----    -----      -----    -----
  +--> ?PR?_SPI_SENDBYTE?PCF85063BTL

?PR?_SPI_SENDBYTE?PCF85063BTL                    -----    -----      -----    -----
  +--> ?PR?_PCF85063BTL_DELAY?PCF85063BTL

?PR?_DISPLAY_LINE?LCD_DRIVER_SPLC780D            -----    -----      -----    -----
  +--> ?PR?_COMMAND?LCD_DRIVER_SPLC780D

?PR?_WRITEDATA?LCD_DRIVER_SPLC780D               -----    -----      04D1H    0001H
  +--> ?PR?_WAIT_MS?LCD_DRIVER_SPLC780D

?PR?KEY_PROCESS?KEYPAD                           -----    -----      03E8H    0006H
  +--> ?PR?KEY_SCAN?KEYPAD
  +--> ?PR?_SPI_WRITETIME?PCF85063BTL
  +--> ?PR?LCD_CLEAR?LCD_DRIVER_SPLC780D
  +--> ?PR?_COMMAND?LCD_DRIVER_SPLC780D
  +--> ?PR?_WRITEDATA?LCD_DRIVER_SPLC780D

?PR?KEY_SCAN?KEYPAD                              -----    -----      03EEH    0003H

?PR?LCD_CLEAR?LCD_DRIVER_SPLC780D                -----    -----      -----    -----
  +--> ?PR?_COMMAND?LCD_DRIVER_SPLC780D

?PR?_DISPLAY_POS?LCD_DRIVER_SPLC780D             -----    -----      04C7H    000AH
  +--> ?PR?_ABS?LCD_DRIVER_SPLC780D
  +--> ?PR?_WRITEDATA?LCD_DRIVER_SPLC780D

?PR?_DISPLAYLCD?LCD_DRIVER_SPLC780D              -----    -----      03E8H    0001H
  +--> ?PR?_WRITEDATA?LCD_DRIVER_SPLC780D

?PR?_STEP_MOVE?BIPOLARMOTOR                      0020H.6  0000H.1    04CBH    0004H
  +--> ?PR?VONESTEPMOVE?BIPOLARMOTOR

?PR?VONESTEPMOVE?BIPOLARMOTOR                    0020H.7  0000H.1    -----    -----
  +--> ?PR?_WRITE_PI4IOE5V96248?IOEXPANDER_P...
  +--> ?PR?_DELAY_MS?KEYPAD

?PR?_WRITE_PI4IOE5V96248?IOEXPANDER_P...         -----    -----      04CFH    0003H
  +--> ?PR?I2C_START?IOEXPANDER_PI4IOE5V96248
BL51 BANKED LINKER/LOCATER V6.22                                                      04/23/2019  15:03:12  PAGE 6


  +--> ?PR?_WAIT_MS_I2C?IOEXPANDER_PI4IOE5V9...
  +--> ?PR?_I2C_SENDBYTE?IOEXPANDER_PI4IOE5V...
  +--> ?PR?I2C_ACK?IOEXPANDER_PI4IOE5V96248
  +--> ?PR?I2C_STOP?IOEXPANDER_PI4IOE5V96248

?PR?I2C_START?IOEXPANDER_PI4IOE5V96248           -----    -----      -----    -----
  +--> ?PR?_WAIT_MS_I2C?IOEXPANDER_PI4IOE5V9...

?PR?_I2C_SENDBYTE?IOEXPANDER_PI4IOE5V...         -----    -----      -----    -----
  +--> ?PR?_WAIT_MS_I2C?IOEXPANDER_PI4IOE5V9...

?PR?I2C_ACK?IOEXPANDER_PI4IOE5V96248             -----    -----      04D2H    0001H
  +--> ?PR?_WAIT_MS_I2C?IOEXPANDER_PI4IOE5V9...

?PR?I2C_STOP?IOEXPANDER_PI4IOE5V96248            -----    -----      -----    -----
  +--> ?PR?_WAIT_MS_I2C?IOEXPANDER_PI4IOE5V9...

?PR?LCD_RETURN_HOME?LCD_DRIVER_SPLC780D          -----    -----      -----    -----
  +--> ?PR?_COMMAND?LCD_DRIVER_SPLC780D

?PR?_READ_TIME?PCF85063BTL                       -----    -----      03E8H    000FH
  +--> ?PR?_SPI_READTIME?PCF85063BTL

?PR?_SPI_READTIME?PCF85063BTL                    -----    -----      -----    -----
  +--> ?PR?_SPI_SENDBYTE?PCF85063BTL
  +--> ?PR?SPI_RECEIVEBYTE?PCF85063BTL

?PR?SPI_RECEIVEBYTE?PCF85063BTL                  -----    -----      -----    -----
  +--> ?PR?_PCF85063BTL_DELAY?PCF85063BTL

?PR?_ELEVATION_CALCULATION?BIPOLARMOTOR          -----    -----      03E8H    0005H
  +--> ?PR?_BCDTODEC1?BIPOLARMOTOR
  +--> ?PR?SUNPOS?SUNPOS
  +--> ?PR?SIN?SIN
  +--> ?PR?ASIN?ASIN

?PR?SUNPOS?SUNPOS                                -----    -----      043AH    005DH
  +--> ?PR?SIN?SIN
  +--> ?PR?_ATAN2?ATAN2
  +--> ?PR?ASIN?ASIN
  +--> ?PR?ACOS?ACOS

?PR?SIN?SIN                                      0020H.5  0000H.1    0497H    0004H

?PR?_ATAN2?ATAN2                                 -----    -----      0497H    0008H
  +--> ?PR?ATAN?ATAN

?PR?ATAN?ATAN                                    0020H.5  0000H.2    049FH    0004H

?PR?ASIN?ASIN                                    -----    -----      -----    -----
  +--> ?PR?SQRT?SQRT
  +--> ?PR?ATAN?ATAN

?PR?SQRT?SQRT                                    -----    -----      0497H    0004H

?PR?ACOS?ACOS                                    -----    -----      -----    -----
  +--> ?PR?SQRT?SQRT
BL51 BANKED LINKER/LOCATER V6.22                                                      04/23/2019  15:03:12  PAGE 7


  +--> ?PR?ATAN?ATAN

?PR?_CALIBRATION?CALIBRATION                     -----    -----      03E8H    0024H
  +--> ?PR?VOLTAGE_IS_STABLE?CALIBRATION
  +--> ?PR?_UPDATE_POSITION?BIPOLARMOTOR
  +--> ?PR?_FIND_REAL_MAX?CALIBRATION

?PR?VOLTAGE_IS_STABLE?CALIBRATION                -----    -----      040CH    0018H
  +--> ?PR?_ADC_GETRESULT?ADC
  +--> ?PR?_ABS?LCD_DRIVER_SPLC780D

?PR?_UPDATE_POSITION?BIPOLARMOTOR                -----    -----      040CH    002EH
  +--> ?PR?_BCDTODEC1?BIPOLARMOTOR
  +--> ?PR?SUNPOS?SUNPOS
  +--> ?PR?SIN?SIN
  +--> ?PR?ASIN?ASIN
  +--> ?PR?_THEORICALJP_POSITION?BIPOLARMOTOR
  +--> ?PR?_ABS?LCD_DRIVER_SPLC780D
  +--> ?PR?_MOVE?BIPOLARMOTOR

?PR?_THEORICALJP_POSITION?BIPOLARMOTOR           -----    -----      043AH    005CH
  +--> ?PR?LINEAR_INTERPOLATE?BIPOLARMOTOR

?PR?LINEAR_INTERPOLATE?BIPOLARMOTOR              -----    -----      0496H    0014H

?PR?_MOVE?BIPOLARMOTOR                           0020H.5  0000H.1    04C7H    0004H
  +--> ?PR?_STEP_MOVE?BIPOLARMOTOR

?PR?_FIND_REAL_MAX?CALIBRATION                   -----    -----      040CH    00BBH
  +--> ?PR?_ADC_GETRESULT?ADC
  +--> ?PR?_WAIT_MS?LCD_DRIVER_SPLC780D
  +--> ?PR?AT25SF041_WRITEENABLE?AT25SF041
  +--> ?PR?_AT25SF041_WRITE?AT25SF041
  +--> ?PR?_WAIT_MS_SPINOR?AT25SF041
  +--> ?PR?_COMMAND?LCD_DRIVER_SPLC780D
  +--> ?PR?_WRITEDATA?LCD_DRIVER_SPLC780D
  +--> ?PR?_DISPLAY_POS?LCD_DRIVER_SPLC780D
  +--> ?PR?_MOVE?BIPOLARMOTOR
  +--> ?PR?_MAX_VALUE?CALIBRATION

?PR?AT25SF041_WRITEENABLE?AT25SF041              -----    -----      04C7H    0002H
  +--> ?PR?_WAIT_MS_SPINOR?AT25SF041
  +--> ?PR?UCREAD_STATUS_REGISTER_BYTE1?AT25...

?PR?UCREAD_STATUS_REGISTER_BYTE1?AT25...         -----    -----      04CFH    0003H
  +--> ?PR?_WAIT_MS_SPINOR?AT25SF041

?PR?_AT25SF041_WRITE?AT25SF041                   -----    -----      04C7H    0008H
  +--> ?PR?_WAIT_MS_SPINOR?AT25SF041
  +--> ?PR?UCREAD_STATUS_REGISTER_BYTE1?AT25...

?PR?_MAX_VALUE?CALIBRATION                       -----    -----      04C7H    0004H

?PR?SPI_NOR_WRITE_DATA?AT25SF041                 -----    -----      03E8H    000EH
  +--> ?PR?AT25SF041_WRITEENABLE?AT25SF041
  +--> ?PR?_AT25SF041_WRITE?AT25SF041
  +--> ?PR?_WAIT_MS_SPINOR?AT25SF041
BL51 BANKED LINKER/LOCATER V6.22                                                      04/23/2019  15:03:12  PAGE 8



?PR?AT25SF041_CHIPERASE?AT25SF041                -----    -----      03E8H    0002H
  +--> ?PR?_WAIT_MS_SPINOR?AT25SF041
  +--> ?PR?UCREAD_STATUS_REGISTER_BYTE1?AT25...



UNRESOLVED EXTERNAL SYMBOLS:
   AUTO_MODE
   SPI_NOR_CLEARENABLE
   _SENDUART1



SYMBOL TABLE OF MODULE:  .\Obj\GPIO_RTC_Test (MAIN)

  VALUE           TYPE          NAME
  ----------------------------------

  -------         MODULE        MAIN
  C:0000H         SYMBOL        _ICE_DUMMY_
  X:04DBH         PUBLIC        calib_value
  D:0080H         PUBLIC        P0
  D:00B2H         PUBLIC        P3M0
  D:0090H         PUBLIC        P1
  D:00B1H         PUBLIC        P3M1
  D:00A0H         PUBLIC        P2
  D:00B0H         PUBLIC        P3
  D:00C0H         PUBLIC        P4
  D:00C8H         PUBLIC        P5
  X:052FH         SYMBOL        PressedKey
  B:00A8H.7       PUBLIC        EA
  D:00E8H         PUBLIC        P6
  X:0533H         PUBLIC        calib_stamp
  D:00F8H         PUBLIC        P7
  X:0534H         PUBLIC        calib_bool
  X:055EH         PUBLIC        RX_Data_Uart_Cnt
  D:00A8H         PUBLIC        IE
  X:0560H         PUBLIC        calib_time
  D:00B8H         PUBLIC        IP
  X:05B4H         PUBLIC        months
  D:00D8H         PUBLIC        CCON
  C:000EH         PUBLIC        main
  X:05B5H         PUBLIC        count
  X:05B7H         PUBLIC        days
  X:05B8H         PUBLIC        hours
  D:0098H         PUBLIC        SCON
  D:0089H         PUBLIC        TMOD
  D:0088H         PUBLIC        TCON
  B:00A0H.3       PUBLIC        P23
  X:05B9H         SYMBOL        KeyCount
  X:05BBH         PUBLIC        mins
  X:05BCH         PUBLIC        Rec_data_hour
  B:00C8H.5       PUBLIC        P55
  X:05BFH         PUBLIC        Rec_data_min
  D:008EH         PUBLIC        AUXR
  C:0009H         PUBLIC        tm0_isr
BL51 BANKED LINKER/LOCATER V6.22                                                      04/23/2019  15:03:12  PAGE 9


  B:0021H.0       PUBLIC        busy
  B:00A8H.1       PUBLIC        ET0
  X:05C2H         PUBLIC        SPI_NOR_INTERNAL_FLASH_ADDR
  D:008CH         PUBLIC        TH0
  X:05C6H         PUBLIC        hour_count
  D:008AH         PUBLIC        TL0
  X:05C7H         PUBLIC        min_count
  B:0088H.4       PUBLIC        TR0
  X:05C8H         SYMBOL        KeyNum
  X:05C9H         SYMBOL        KeyNum_Old
  X:05CAH         PUBLIC        current_position
  X:05CEH         PUBLIC        hours1
  X:05CFH         PUBLIC        hours2
  X:05D0H         PUBLIC        mins1
  X:05D1H         PUBLIC        mins2
  X:05D2H         PUBLIC        seconds
  X:05D3H         PUBLIC        st_time
  D:00D0H         PUBLIC        PSW
  -------         PROC          TM0_ISR
  C:0009H         LINE#         83
  C:0009H         LINE#         85
  -------         ENDPROC       TM0_ISR
  -------         PROC          MAIN
  -------         DO            
  X:03BCH         SYMBOL        sunlight_ADC
  X:04D3H         SYMBOL        KeyCount
  X:04D5H         SYMBOL        KeyNum_Old
  X:04D6H         SYMBOL        KeyNum
  X:04D7H         SYMBOL        PressedKey
  X:03BEH         SYMBOL        prox_flag
  X:03BFH         SYMBOL        iUse_prevday_calib_value
  X:03C1H         SYMBOL        max_ADC_Val_JP
  X:03C3H         SYMBOL        max_ADC_Val
  X:03C5H         SYMBOL        calib_point1
  X:03CDH         SYMBOL        calib_point2
  X:03D5H         SYMBOL        dat_to_store
  X:03E0H         SYMBOL        calib_day
  X:03E2H         SYMBOL        calib_count
  X:03E4H         SYMBOL        theorical_JP_max_pos
  D:0004H         SYMBOL        elevation
  -------         ENDDO         
  C:000EH         LINE#         87
  C:000EH         LINE#         88
  C:000EH         LINE#         93
  C:0014H         LINE#         94
  C:0019H         LINE#         96
  C:0021H         LINE#         100
  C:0027H         LINE#         101
  C:0031H         LINE#         105
  C:0033H         LINE#         106
  C:0035H         LINE#         107
  C:0037H         LINE#         108
  C:0039H         LINE#         110
  C:0040H         LINE#         111
  C:0044H         LINE#         120
  C:0046H         LINE#         121
  C:0049H         LINE#         122
BL51 BANKED LINKER/LOCATER V6.22                                                      04/23/2019  15:03:12  PAGE 10


  C:004CH         LINE#         123
  C:004FH         LINE#         124
  C:0052H         LINE#         125
  C:0055H         LINE#         128
  C:0058H         LINE#         129
  C:005BH         LINE#         131
  C:005EH         LINE#         132
  C:0061H         LINE#         133
  C:0064H         LINE#         134
  C:0066H         LINE#         135
  C:0068H         LINE#         136
  C:006AH         LINE#         138
  C:006CH         LINE#         139
  C:0073H         LINE#         140
  C:007AH         LINE#         141
  C:0081H         LINE#         142
  C:0088H         LINE#         146
  C:008FH         LINE#         147
  C:0094H         LINE#         148
  C:0099H         LINE#         149
  C:009EH         LINE#         150
  C:00A3H         LINE#         151
  C:00A8H         LINE#         154
  C:00C1H         LINE#         155
  C:00C1H         LINE#         156
  C:00DDH         LINE#         157
  C:0124H         LINE#         158
  C:0135H         LINE#         161
  C:0135H         LINE#         162
  C:0135H         LINE#         163
  C:0138H         LINE#         166
  C:0138H         LINE#         169
  C:013DH         LINE#         170
  C:0142H         LINE#         172
  C:0147H         LINE#         173
  C:014CH         LINE#         174
  C:0151H         LINE#         175
  C:0156H         LINE#         177
  C:0167H         LINE#         178
  C:016CH         LINE#         179
  C:0171H         LINE#         181
  C:0178H         LINE#         182
  C:0180H         LINE#         183
  C:0185H         LINE#         184
  C:018DH         LINE#         185
  C:0192H         LINE#         186
  C:019CH         LINE#         187
  C:01A1H         LINE#         188
  C:01A9H         LINE#         190
  C:01B1H         LINE#         191
  C:01B6H         LINE#         192
  C:01C0H         LINE#         193
  C:01C0H         LINE#         194
  C:01C2H         LINE#         195
  C:01C4H         LINE#         196
  C:01CEH         LINE#         197
  C:01CEH         LINE#         198
BL51 BANKED LINKER/LOCATER V6.22                                                      04/23/2019  15:03:12  PAGE 11


  C:01D3H         LINE#         199
  C:01D3H         LINE#         211
  C:01E0H         LINE#         212
  C:01E0H         LINE#         213
  C:01EAH         LINE#         214
  C:0201H         LINE#         215
  C:0201H         LINE#         216
  C:0203H         LINE#         217
  C:0205H         LINE#         219
  C:0205H         LINE#         220
  C:0210H         LINE#         221
  C:0210H         LINE#         222
  C:0215H         LINE#         223
  C:0215H         LINE#         224
  C:0222H         LINE#         225
  C:0222H         LINE#         228
  C:022CH         LINE#         229
  C:0243H         LINE#         230
  C:0243H         LINE#         231
  C:0245H         LINE#         232
  C:0247H         LINE#         234
  C:0247H         LINE#         235
  C:0252H         LINE#         236
  C:0252H         LINE#         237
  C:0257H         LINE#         238
  C:0259H         LINE#         239
  C:0259H         LINE#         241
  C:027BH         LINE#         242
  C:027BH         LINE#         243
  C:0285H         LINE#         244
  C:028BH         LINE#         245
  C:028DH         LINE#         246
  C:028FH         LINE#         247
  C:0291H         LINE#         248
  C:0291H         LINE#         249
  C:0294H         LINE#         251
  C:0294H         LINE#         252
  C:029AH         LINE#         253
  C:02A2H         LINE#         254
  C:02A8H         LINE#         255
  C:02B0H         LINE#         256
  C:02EBH         LINE#         260
  C:02F8H         LINE#         261
  C:02F8H         LINE#         263
  C:0305H         LINE#         264
  C:0338H         LINE#         265
  C:0338H         LINE#         266
  C:035BH         LINE#         267
  C:035BH         LINE#         268
  C:037DH         LINE#         269
  C:037DH         LINE#         271
  C:039DH         LINE#         273
  C:03D6H         LINE#         274
  C:03D6H         LINE#         275
  C:0452H         LINE#         276
  C:046BH         LINE#         277
  C:04F5H         LINE#         278
BL51 BANKED LINKER/LOCATER V6.22                                                      04/23/2019  15:03:12  PAGE 12


  C:04F8H         LINE#         280
  C:04F8H         LINE#         282
  C:04FFH         LINE#         283
  C:04FFH         LINE#         284
  C:0502H         LINE#         285
  C:0520H         LINE#         286
  C:0527H         LINE#         287
  C:0546H         LINE#         288
  C:0565H         LINE#         290
  C:05E1H         LINE#         291
  C:05F9H         LINE#         293
  C:0651H         LINE#         294
  C:0665H         LINE#         295
  C:0672H         LINE#         296
  C:0681H         LINE#         297
  C:0681H         LINE#         299
  C:0689H         LINE#         300
  C:0691H         LINE#         301
  C:0699H         LINE#         302
  C:06A1H         LINE#         304
  C:06B5H         LINE#         305
  C:06CBH         LINE#         306
  C:06FBH         LINE#         307
  C:070FH         LINE#         309
  C:0723H         LINE#         310
  C:0739H         LINE#         311
  C:0769H         LINE#         312
  C:0770H         LINE#         314
  C:0794H         LINE#         317
  C:0796H         LINE#         319
  C:07A4H         LINE#         320
  C:07A4H         LINE#         321
  C:07ACH         LINE#         323
  C:07ACH         LINE#         326
  C:07ACH         LINE#         327
  C:07B9H         LINE#         328
  C:07B9H         LINE#         329
  C:07DBH         LINE#         330
  C:07DBH         LINE#         331
  C:0857H         LINE#         332
  C:08ACH         LINE#         333
  C:08ACH         LINE#         335
  C:08AFH         LINE#         339
  C:08AFH         LINE#         342
  C:08D1H         LINE#         343
  C:08D1H         LINE#         344
  C:094DH         LINE#         346
  C:097AH         LINE#         347
  C:0995H         LINE#         348
  C:09C2H         LINE#         349
  C:09F5H         LINE#         350
  C:09F5H         LINE#         351
  C:0A1FH         LINE#         352
  C:0AB8H         LINE#         353
  C:0ABAH         LINE#         355
  C:0ABAH         LINE#         356
  C:0B1DH         LINE#         357
BL51 BANKED LINKER/LOCATER V6.22                                                      04/23/2019  15:03:12  PAGE 13


  C:0B1DH         LINE#         361
  C:0B1DH         LINE#         363
  C:0B1DH         LINE#         364
  C:0B1DH         LINE#         366
  C:0B1DH         LINE#         369
  C:0B39H         LINE#         370
  C:0B3DH         LINE#         372
  C:0B3FH         LINE#         375
  C:0B4AH         LINE#         376
  C:0B4AH         LINE#         377
  C:0B4DH         LINE#         378
  C:0B54H         LINE#         379
  C:0B59H         LINE#         380
  C:0B5EH         LINE#         381
  C:0B63H         LINE#         382
  C:0B68H         LINE#         383
  C:0B6DH         LINE#         384
  C:0B72H         LINE#         385
  C:0B77H         LINE#         386
  C:0B7CH         LINE#         387
  C:0B81H         LINE#         388
  C:0B86H         LINE#         389
  C:0B8BH         LINE#         390
  C:0B90H         LINE#         393
  C:0B93H         LINE#         395
  C:0B96H         LINE#         396
  C:0B9DH         LINE#         397
  C:0BA7H         LINE#         398
  C:0BACH         LINE#         400
  C:0BAFH         LINE#         401
  C:0BB4H         LINE#         402
  C:0BB9H         LINE#         403
  C:0BBEH         LINE#         404
  C:0BC3H         LINE#         405
  C:0BC8H         LINE#         406
  C:0BCDH         LINE#         407
  C:0BD2H         LINE#         409
  C:0BD2H         LINE#         410
  -------         ENDPROC       MAIN
  -------         ENDMOD        MAIN

  -------         MODULE        PCF85063BTL
  C:0000H         SYMBOL        _ICE_DUMMY_
  D:0096H         PUBLIC        P2M0
  D:0080H         PUBLIC        P0
  D:0095H         PUBLIC        P2M1
  D:0090H         PUBLIC        P1
  D:00A0H         PUBLIC        P2
  D:00B0H         PUBLIC        P3
  D:00C0H         PUBLIC        P4
  D:00C8H         PUBLIC        P5
  D:00E8H         PUBLIC        P6
  B:00A0H.1       PUBLIC        PCF85063BTL_SDI
  D:00F8H         PUBLIC        P7
  B:00A0H.2       PUBLIC        PCF85063BTL_SCK
  B:00A0H.1       PUBLIC        PCF85063BTL_SDO
  D:00A8H         PUBLIC        IE
BL51 BANKED LINKER/LOCATER V6.22                                                      04/23/2019  15:03:12  PAGE 14


  C:4942H         PUBLIC        _Read_time
  C:4E83H         PUBLIC        _PCF85063BTL_Delay
  D:00B8H         PUBLIC        IP
  D:00D8H         PUBLIC        CCON
  C:47CFH         PUBLIC        _Day_Of_Year
  C:4D64H         PUBLIC        SPI_ReceiveByte
  D:0098H         PUBLIC        SCON
  D:0088H         PUBLIC        TCON
  C:4ECAH         PUBLIC        _BCDtoDec
  B:00A0H.0       PUBLIC        PCF85063BTL_CS
  C:4EB9H         PUBLIC        _SPI_ReadTime
  C:4F19H         PUBLIC        SPI_Init
  C:4DF9H         PUBLIC        _SPI_WriteTime
  C:4D44H         PUBLIC        _SPI_SendByte
  D:00D0H         PUBLIC        PSW
  C:4E7FH         SYMBOL        L?0048
  -------         PROC          L?0047
  -------         ENDPROC       L?0047
  C:4E7FH         SYMBOL        L?0048
  -------         PROC          _PCF85063BTL_DELAY
  D:0006H         SYMBOL        us
  C:4E83H         LINE#         8
  C:4E83H         LINE#         9
  C:4E83H         LINE#         10
  C:4E8DH         LINE#         11
  C:4E8DH         LINE#         12
  C:4E8EH         LINE#         13
  C:4E90H         LINE#         14
  -------         ENDPROC       _PCF85063BTL_DELAY
  -------         PROC          _SPI_SENDBYTE
  D:0005H         SYMBOL        dat
  -------         DO            
  D:0003H         SYMBOL        i
  -------         ENDDO         
  C:4D44H         LINE#         17
  C:4D46H         LINE#         18
  C:4D46H         LINE#         20
  C:4D48H         LINE#         21
  C:4D48H         LINE#         22
  C:4D4AH         LINE#         23
  C:4D4EH         LINE#         24
  C:4D4EH         LINE#         25
  C:4D50H         LINE#         26
  C:4D52H         LINE#         28
  C:4D52H         LINE#         29
  C:4D54H         LINE#         30
  C:4D54H         LINE#         31
  C:4D57H         LINE#         32
  C:4D57H         LINE#         33
  C:4D5AH         LINE#         34
  C:4D5EH         LINE#         35
  C:4D63H         LINE#         36
  -------         ENDPROC       _SPI_SENDBYTE
  -------         PROC          SPI_RECEIVEBYTE
  -------         DO            
  D:0003H         SYMBOL        i
  D:0005H         SYMBOL        dat
BL51 BANKED LINKER/LOCATER V6.22                                                      04/23/2019  15:03:12  PAGE 15


  -------         ENDDO         
  C:4D64H         LINE#         39
  C:4D64H         LINE#         40
  C:4D64H         LINE#         42
  C:4D66H         LINE#         44
  C:4D68H         LINE#         45
  C:4D69H         LINE#         46
  C:4D69H         LINE#         47
  C:4D6DH         LINE#         48
  C:4D6FH         LINE#         49
  C:4D72H         LINE#         51
  C:4D75H         LINE#         52
  C:4D75H         LINE#         53
  C:4D79H         LINE#         54
  C:4D79H         LINE#         55
  C:4D79H         LINE#         56
  C:4D7CH         LINE#         57
  C:4D81H         LINE#         58
  C:4D83H         LINE#         59
  -------         ENDPROC       SPI_RECEIVEBYTE
  -------         PROC          _SPI_READTIME
  D:0007H         SYMBOL        addr
  -------         DO            
  D:0006H         SYMBOL        dat
  -------         ENDDO         
  C:4EB9H         LINE#         61
  C:4EB9H         LINE#         62
  C:4EB9H         LINE#         64
  C:4EBBH         LINE#         65
  C:4EBDH         LINE#         66
  C:4EC4H         LINE#         67
  C:4EC7H         LINE#         68
  C:4EC9H         LINE#         69
  C:4EC9H         LINE#         70
  -------         ENDPROC       _SPI_READTIME
  -------         PROC          _SPI_WRITETIME
  D:0002H         SYMBOL        val
  D:0005H         SYMBOL        addr
  C:4DF9H         LINE#         71
  C:4DFBH         LINE#         72
  C:4DFBH         LINE#         74
  C:4DFDH         LINE#         75
  C:4E04H         LINE#         76
  C:4E09H         LINE#         77
  C:4E0EH         LINE#         78
  C:4E10H         LINE#         79
  -------         ENDPROC       _SPI_WRITETIME
  -------         PROC          SPI_INIT
  C:4F19H         LINE#         83
  C:4F19H         LINE#         84
  C:4F19H         LINE#         89
  C:4F1CH         LINE#         90
  C:4F1FH         LINE#         91
  C:4F21H         LINE#         92
  C:4F23H         LINE#         93
  C:4F25H         LINE#         94
  -------         ENDPROC       SPI_INIT
BL51 BANKED LINKER/LOCATER V6.22                                                      04/23/2019  15:03:12  PAGE 16


  -------         PROC          _READ_TIME
  X:03E8H         SYMBOL        months
  X:03EBH         SYMBOL        days
  X:03EEH         SYMBOL        hours
  X:03F1H         SYMBOL        mins
  X:03F4H         SYMBOL        seconds
  C:4942H         LINE#         96
  C:494DH         LINE#         97
  C:494DH         LINE#         99
  C:4961H         LINE#         101
  C:4975H         LINE#         103
  C:4989H         LINE#         108
  C:499DH         LINE#         113
  -------         ENDPROC       _READ_TIME
  -------         PROC          _BCDTODEC
  D:0007H         SYMBOL        bcd
  -------         DO            
  D:0006H         SYMBOL        hi
  D:0007H         SYMBOL        lo
  -------         ENDDO         
  C:4ECAH         LINE#         119
  C:4ECAH         LINE#         120
  C:4ECAH         LINE#         122
  C:4ECFH         LINE#         123
  C:4ED3H         LINE#         124
  C:4EDAH         LINE#         125
  -------         ENDPROC       _BCDTODEC
  -------         PROC          _DAY_OF_YEAR
  D:0007H         SYMBOL        months_bcd
  D:0005H         SYMBOL        days_bcd
  -------         DO            
  D:0004H         SYMBOL        months
  D:0007H         SYMBOL        days
  -------         ENDDO         
  C:47CFH         LINE#         126
  C:47CFH         LINE#         127
  C:47CFH         LINE#         130
  C:47D4H         LINE#         132
  C:47D9H         LINE#         134
  C:4812H         LINE#         135
  C:4812H         LINE#         136
  C:4812H         LINE#         137
  C:4815H         LINE#         138
  C:4815H         LINE#         139
  C:4815H         LINE#         140
  C:481AH         LINE#         141
  C:481AH         LINE#         142
  C:481AH         LINE#         143
  C:481FH         LINE#         144
  C:481FH         LINE#         145
  C:481FH         LINE#         146
  C:4824H         LINE#         147
  C:4824H         LINE#         148
  C:4824H         LINE#         149
  C:4829H         LINE#         150
  C:4829H         LINE#         151
  C:4829H         LINE#         152
BL51 BANKED LINKER/LOCATER V6.22                                                      04/23/2019  15:03:12  PAGE 17


  C:482EH         LINE#         153
  C:482EH         LINE#         154
  C:482EH         LINE#         155
  C:4833H         LINE#         156
  C:4833H         LINE#         157
  C:4833H         LINE#         158
  C:4838H         LINE#         159
  C:4838H         LINE#         160
  C:4838H         LINE#         161
  C:4840H         LINE#         162
  C:4840H         LINE#         163
  C:4840H         LINE#         164
  C:4845H         LINE#         165
  C:4845H         LINE#         166
  C:4845H         LINE#         167
  C:484AH         LINE#         168
  C:484AH         LINE#         169
  C:484AH         LINE#         170
  C:4853H         LINE#         171
  C:4853H         LINE#         172
  C:4853H         LINE#         173
  C:4856H         LINE#         174
  C:4856H         LINE#         175
  -------         ENDPROC       _DAY_OF_YEAR
  -------         ENDMOD        PCF85063BTL

  -------         MODULE        UART1
  C:0000H         SYMBOL        _ICE_DUMMY_
  D:0080H         PUBLIC        P0
  D:0090H         PUBLIC        P1
  D:00A0H         PUBLIC        P2
  D:00B0H         PUBLIC        P3
  D:00C0H         PUBLIC        P4
  D:00C8H         PUBLIC        P5
  B:00A8H.7       PUBLIC        EA
  D:00E8H         PUBLIC        P6
  D:00F8H         PUBLIC        P7
  C:4BF7H         PUBLIC        _SendString
  D:00A8H         PUBLIC        IE
  B:00A8H.4       PUBLIC        ES
  D:00B8H         PUBLIC        IP
  C:4E11H         PUBLIC        _ASCIItoBCD
  D:00D8H         PUBLIC        CCON
  C:4EDBH         PUBLIC        initUART1
  D:0098H         PUBLIC        SCON
  D:0088H         PUBLIC        TCON
  C:000AH         PUBLIC        _DectoBCD
  C:4F51H         PUBLIC        _ASCII_Letter
  D:008EH         PUBLIC        AUXR
  C:4F4CH         PUBLIC        _unit
  C:0003H         PUBLIC        _ten
  D:00D6H         PUBLIC        T2H
  D:00D7H         PUBLIC        T2L
  D:00D0H         PUBLIC        PSW
  -------         PROC          INITUART1
  C:4EDBH         LINE#         21
  C:4EDBH         LINE#         22
BL51 BANKED LINKER/LOCATER V6.22                                                      04/23/2019  15:03:12  PAGE 18


  C:4EDBH         LINE#         23
  C:4EDEH         LINE#         24
  C:4EE1H         LINE#         25
  C:4EE4H         LINE#         26
  C:4EE7H         LINE#         27
  C:4EE9H         LINE#         28
  C:4EEBH         LINE#         30
  -------         ENDPROC       INITUART1
  -------         PROC          _SENDSTRING
  X:05EBH         SYMBOL        s
  C:4BF7H         LINE#         35
  C:4C02H         LINE#         36
  C:4C02H         LINE#         37
  C:4C12H         LINE#         38
  C:4C12H         LINE#         39
  C:4C27H         LINE#         40
  C:4C29H         LINE#         41
  -------         ENDPROC       _SENDSTRING
  -------         PROC          _TEN
  D:0007H         SYMBOL        BCD
  C:0003H         LINE#         43
  C:0003H         LINE#         44
  C:0003H         LINE#         45
  C:0008H         LINE#         46
  -------         ENDPROC       _TEN
  -------         PROC          _UNIT
  D:0007H         SYMBOL        BCD
  C:4F4CH         LINE#         47
  C:4F4CH         LINE#         48
  C:4F4CH         LINE#         52
  C:4F50H         LINE#         53
  -------         ENDPROC       _UNIT
  -------         PROC          _DECTOBCD
  D:0007H         SYMBOL        dec
  C:000AH         LINE#         54
  C:000AH         LINE#         55
  C:000AH         LINE#         57
  C:000AH         LINE#         58
  -------         ENDPROC       _DECTOBCD
  -------         PROC          _ASCII_LETTER
  D:0007H         SYMBOL        dat
  C:4F51H         LINE#         60
  C:4F51H         LINE#         61
  C:4F51H         LINE#         63
  C:4F55H         LINE#         64
  -------         ENDPROC       _ASCII_LETTER
  -------         PROC          _ASCIITOBCD
  D:0001H         SYMBOL        ascii
  -------         DO            
  D:0007H         SYMBOL        dec_val
  D:0006H         SYMBOL        ten
  D:0007H         SYMBOL        unit
  -------         ENDDO         
  C:4E11H         LINE#         66
  C:4E11H         LINE#         67
  C:4E11H         LINE#         69
  C:4E14H         LINE#         70
BL51 BANKED LINKER/LOCATER V6.22                                                      04/23/2019  15:03:12  PAGE 19


  C:4E1AH         LINE#         71
  C:4E21H         LINE#         72
  C:4E27H         LINE#         74
  -------         ENDPROC       _ASCIITOBCD
  -------         ENDMOD        UART1

  -------         MODULE        LCD_DRIVER_SPLC780D
  C:0000H         SYMBOL        _ICE_DUMMY_
  D:0092H         PUBLIC        P1M0
  D:0091H         PUBLIC        P1M1
  D:0080H         PUBLIC        P0
  D:0090H         PUBLIC        P1
  D:00A0H         PUBLIC        P2
  D:00B0H         PUBLIC        P3
  D:00C0H         PUBLIC        P4
  D:00C8H         PUBLIC        P5
  D:00E8H         PUBLIC        P6
  D:00F8H         PUBLIC        P7
  C:485BH         PUBLIC        _WriteData
  D:00A8H         PUBLIC        IE
  D:00B8H         PUBLIC        IP
  D:00D8H         PUBLIC        CCON
  B:00B0H.4       PUBLIC        LCD_D4
  B:00B0H.5       PUBLIC        LCD_D5
  B:00B0H.6       PUBLIC        LCD_D6
  C:4DC1H         PUBLIC        _DisplayLCD
  B:00B0H.7       PUBLIC        LCD_D7
  D:0098H         PUBLIC        SCON
  D:0088H         PUBLIC        TCON
  C:4E91H         PUBLIC        _abs
  C:4F3CH         PUBLIC        LCD_clear
  C:4B3CH         PUBLIC        _Command
  C:4E3EH         PUBLIC        _Display_Line
  C:4A0BH         PUBLIC        LCD_Init
  C:4D26H         PUBLIC        _Wait_ms
  B:00C0H.0       PUBLIC        LCD_RS
  B:00B0H.2       PUBLIC        LCD_RW
  C:4F32H         PUBLIC        LCD_return_home
  C:3D21H         PUBLIC        _Display_Pos
  B:00B0H.3       PUBLIC        LCD_E
  D:00D0H         PUBLIC        PSW
  -------         PROC          LCD_INIT
  C:4A0BH         LINE#         9
  C:4A0BH         LINE#         10
  C:4A0BH         LINE#         11
  C:4A0EH         LINE#         12
  C:4A11H         LINE#         14
  C:4A17H         LINE#         15
  C:4A1CH         LINE#         17
  C:4A23H         LINE#         18
  C:4A28H         LINE#         20
  C:4A2BH         LINE#         21
  C:4A30H         LINE#         23
  C:4A33H         LINE#         24
  C:4A38H         LINE#         26
  C:4A3FH         LINE#         29
  C:4A44H         LINE#         30
BL51 BANKED LINKER/LOCATER V6.22                                                      04/23/2019  15:03:12  PAGE 20


  C:4A49H         LINE#         32
  C:4A4EH         LINE#         33
  C:4A53H         LINE#         35
  C:4A58H         LINE#         36
  C:4A5DH         LINE#         37
  -------         ENDPROC       LCD_INIT
  C:4857H         SYMBOL        L?0040
  -------         PROC          L?0039
  -------         ENDPROC       L?0039
  C:4857H         SYMBOL        L?0040
  -------         PROC          _WRITEDATA
  X:04D1H         SYMBOL        dat
  C:485BH         LINE#         40
  C:4860H         LINE#         41
  C:4860H         LINE#         46
  C:4862H         LINE#         47
  C:4864H         LINE#         49
  C:4872H         LINE#         50
  C:487EH         LINE#         51
  C:488AH         LINE#         52
  C:4894H         LINE#         53
  C:4896H         LINE#         54
  C:489DH         LINE#         55
  C:489FH         LINE#         57
  C:48AFH         LINE#         58
  C:48BAH         LINE#         59
  C:48C4H         LINE#         60
  C:48C8H         LINE#         62
  C:48C8H         LINE#         63
  C:48CBH         LINE#         64
  C:48CDH         LINE#         65
  C:48CFH         LINE#         67
  -------         ENDPROC       _WRITEDATA
  -------         PROC          _COMMAND
  D:0007H         SYMBOL        dat
  C:4B3CH         LINE#         69
  C:4B3CH         LINE#         70
  C:4B3CH         LINE#         71
  C:4B3EH         LINE#         72
  C:4B40H         LINE#         74
  C:4B4AH         LINE#         75
  C:4B4EH         LINE#         77
  C:4B50H         LINE#         78
  C:4B59H         LINE#         79
  C:4B5DH         LINE#         81
  C:4B5FH         LINE#         82
  C:4B66H         LINE#         83
  C:4B6AH         LINE#         85
  C:4B6CH         LINE#         86
  C:4B70H         LINE#         87
  C:4B74H         LINE#         89
  C:4B76H         LINE#         90
  C:4B76H         LINE#         91
  C:4B79H         LINE#         92
  C:4B7BH         LINE#         93
  -------         ENDPROC       _COMMAND
  C:4D22H         SYMBOL        L?0038
BL51 BANKED LINKER/LOCATER V6.22                                                      04/23/2019  15:03:12  PAGE 21


  -------         PROC          L?0037
  -------         ENDPROC       L?0037
  C:4D22H         SYMBOL        L?0038
  -------         PROC          _WAIT_MS
  D:0006H         SYMBOL        ms
  -------         DO            
  D:0004H         SYMBOL        De_Cnt
  -------         ENDDO         
  C:4D26H         LINE#         95
  C:4D26H         LINE#         96
  C:4D26H         LINE#         98
  C:4D30H         LINE#         99
  C:4D30H         LINE#         100
  C:4D43H         LINE#         101
  C:4D43H         LINE#         102
  -------         ENDPROC       _WAIT_MS
  -------         PROC          _DISPLAYLCD
  D:0007H         SYMBOL        BCD
  -------         DO            
  D:0006H         SYMBOL        first_digit
  X:03E8H         SYMBOL        second_digit
  -------         ENDDO         
  C:4DC1H         LINE#         103
  C:4DC1H         LINE#         104
  C:4DC1H         LINE#         106
  C:4DC8H         LINE#         107
  C:4DD1H         LINE#         109
  C:4DD6H         LINE#         111
  -------         ENDPROC       _DISPLAYLCD
  -------         PROC          LCD_RETURN_HOME
  C:4F32H         LINE#         115
  C:4F32H         LINE#         116
  C:4F32H         LINE#         117
  C:4F37H         LINE#         118
  -------         ENDPROC       LCD_RETURN_HOME
  -------         PROC          LCD_CLEAR
  C:4F3CH         LINE#         121
  C:4F3CH         LINE#         122
  C:4F3CH         LINE#         123
  C:4F41H         LINE#         124
  -------         ENDPROC       LCD_CLEAR
  -------         PROC          _DISPLAY_LINE
  D:0006H         SYMBOL        line
  C:4E3EH         LINE#         128
  C:4E3EH         LINE#         129
  C:4E3EH         LINE#         130
  C:4E44H         LINE#         131
  C:4E44H         LINE#         132
  C:4E46H         LINE#         133
  C:4E46H         LINE#         134
  C:4E48H         LINE#         136
  C:4E48H         LINE#         137
  C:4E4DH         LINE#         138
  C:4E52H         LINE#         139
  C:4E52H         LINE#         140
  -------         ENDPROC       _DISPLAY_LINE
  -------         PROC          _DISPLAY_POS
BL51 BANKED LINKER/LOCATER V6.22                                                      04/23/2019  15:03:12  PAGE 22


  X:04C7H         SYMBOL        sign_dat
  -------         DO            
  X:04CBH         SYMBOL        unit
  X:04CCH         SYMBOL        ten
  X:04CDH         SYMBOL        hundred
  D:0003H         SYMBOL        thousand
  X:04CEH         SYMBOL        after_dot
  X:04CFH         SYMBOL        dat
  -------         ENDDO         
  C:3D21H         LINE#         142
  C:3D27H         LINE#         143
  C:3D27H         LINE#         147
  C:3D43H         LINE#         148
  C:3D5DH         LINE#         149
  C:3D81H         LINE#         151
  C:3DCBH         LINE#         153
  C:3DE2H         LINE#         154
  C:3DEFH         LINE#         155
  C:3E11H         LINE#         156
  C:3E46H         LINE#         157
  C:3E5EH         LINE#         158
  C:3E5EH         LINE#         160
  C:3E5EH         LINE#         161
  C:3E5EH         LINE#         162
  C:3E5EH         LINE#         163
  C:3E5EH         LINE#         164
  C:3E5EH         LINE#         168
  C:3E60H         LINE#         170
  C:3E60H         LINE#         172
  C:3E65H         LINE#         173
  C:3E6BH         LINE#         174
  C:3E71H         LINE#         175
  C:3E77H         LINE#         176
  C:3E7CH         LINE#         177
  C:3E82H         LINE#         181
  C:3E82H         LINE#         183
  -------         ENDPROC       _DISPLAY_POS
  -------         PROC          _ABS
  D:0006H         SYMBOL        dat
  C:4E91H         LINE#         185
  C:4E91H         LINE#         186
  C:4E91H         LINE#         187
  C:4E9CH         LINE#         188
  C:4E9DH         LINE#         190
  C:4EA4H         LINE#         191
  -------         ENDPROC       _ABS
  -------         ENDMOD        LCD_DRIVER_SPLC780D

  -------         MODULE        KEYPAD
  C:0000H         SYMBOL        _ICE_DUMMY_
  D:0093H         PUBLIC        P0M1
  D:0080H         PUBLIC        P0
  D:0090H         PUBLIC        P1
  D:00A0H         PUBLIC        P2
  D:00B0H         PUBLIC        P3
  D:00C0H         PUBLIC        P4
  D:00C8H         PUBLIC        P5
BL51 BANKED LINKER/LOCATER V6.22                                                      04/23/2019  15:03:12  PAGE 23


  B:0020H.0       PUBLIC        calib_mode
  D:00E8H         PUBLIC        P6
  D:00F8H         PUBLIC        P7
  D:00A8H         PUBLIC        IE
  C:3883H         PUBLIC        Key_Scan
  D:00B8H         PUBLIC        IP
  D:00D8H         PUBLIC        CCON
  C:4F26H         PUBLIC        KeyPad_IO_Init
  C:4DA3H         PUBLIC        _Delay_ms
  D:0098H         PUBLIC        SCON
  D:0088H         PUBLIC        TCON
  B:0020H.1       PUBLIC        small_move
  B:0020H.2       PUBLIC        move
  B:0020H.3       PUBLIC        direction
  B:0020H.4       PUBLIC        auto_move
  C:340BH         PUBLIC        Key_Process
  D:00D0H         PUBLIC        PSW
  D:0094H         PUBLIC        P0M0
  -------         PROC          _DELAY_MS
  D:0006H         SYMBOL        ms
  -------         DO            
  D:0004H         SYMBOL        De_Cnt
  -------         ENDDO         
  C:4DA3H         LINE#         19
  C:4DA3H         LINE#         20
  C:4DA3H         LINE#         22
  C:4DADH         LINE#         23
  C:4DADH         LINE#         24
  C:4DC0H         LINE#         25
  C:4DC0H         LINE#         26
  -------         ENDPROC       _DELAY_MS
  -------         PROC          KEY_SCAN
  -------         DO            
  X:03EEH         SYMBOL        KeyTemp1
  X:03EFH         SYMBOL        KeyTemp2
  X:03F0H         SYMBOL        KeyValue
  -------         ENDDO         
  C:3883H         LINE#         27
  C:3883H         LINE#         28
  C:3883H         LINE#         33
  C:3886H         LINE#         36
  C:3889H         LINE#         38
  C:3891H         LINE#         39
  C:3898H         LINE#         40
  C:3898H         LINE#         42
  C:389DH         LINE#         43
  C:38A4H         LINE#         44
  C:38A4H         LINE#         47
  C:38A7H         LINE#         48
  C:38AAH         LINE#         49
  C:38AFH         LINE#         50
  C:38B3H         LINE#         51
  C:38B3H         LINE#         52
  C:38BBH         LINE#         53
  C:38BBH         LINE#         54
  C:38BEH         LINE#         55
  C:38C6H         LINE#         56
BL51 BANKED LINKER/LOCATER V6.22                                                      04/23/2019  15:03:12  PAGE 24


  C:38C8H         LINE#         58
  C:38DCH         LINE#         59
  C:38DCH         LINE#         60
  C:38DCH         LINE#         61
  C:38DCH         LINE#         62
  C:38E2H         LINE#         64
  C:38E4H         LINE#         65
  C:38E4H         LINE#         66
  C:38E4H         LINE#         67
  C:38EAH         LINE#         69
  C:38ECH         LINE#         70
  C:38ECH         LINE#         71
  C:38ECH         LINE#         72
  C:38F2H         LINE#         74
  C:38F4H         LINE#         75
  C:38F4H         LINE#         76
  C:38F4H         LINE#         77
  C:38FAH         LINE#         79
  C:38FAH         LINE#         80
  C:38FAH         LINE#         81
  C:38FAH         LINE#         84
  C:38FDH         LINE#         85
  C:3900H         LINE#         86
  C:3908H         LINE#         87
  C:390CH         LINE#         88
  C:390CH         LINE#         89
  C:3914H         LINE#         90
  C:3914H         LINE#         91
  C:3917H         LINE#         92
  C:391FH         LINE#         93
  C:3921H         LINE#         94
  C:3935H         LINE#         95
  C:3935H         LINE#         96
  C:3935H         LINE#         97
  C:3935H         LINE#         98
  C:393BH         LINE#         100
  C:393DH         LINE#         101
  C:393DH         LINE#         102
  C:393DH         LINE#         103
  C:3943H         LINE#         105
  C:3945H         LINE#         106
  C:3945H         LINE#         107
  C:3945H         LINE#         108
  C:394BH         LINE#         110
  C:394DH         LINE#         111
  C:394DH         LINE#         112
  C:394DH         LINE#         113
  C:3952H         LINE#         115
  C:3952H         LINE#         116
  C:3952H         LINE#         117
  C:3952H         LINE#         120
  C:3955H         LINE#         121
  C:3958H         LINE#         122
  C:3960H         LINE#         123
  C:3964H         LINE#         124
  C:3964H         LINE#         125
  C:396CH         LINE#         126
BL51 BANKED LINKER/LOCATER V6.22                                                      04/23/2019  15:03:12  PAGE 25


  C:396CH         LINE#         127
  C:396FH         LINE#         128
  C:3977H         LINE#         129
  C:3979H         LINE#         130
  C:398DH         LINE#         131
  C:398DH         LINE#         132
  C:398DH         LINE#         133
  C:398DH         LINE#         134
  C:3993H         LINE#         136
  C:3995H         LINE#         137
  C:3995H         LINE#         138
  C:3995H         LINE#         139
  C:399BH         LINE#         141
  C:399DH         LINE#         142
  C:399DH         LINE#         143
  C:399DH         LINE#         144
  C:39A3H         LINE#         146
  C:39A5H         LINE#         147
  C:39A5H         LINE#         148
  C:39A5H         LINE#         149
  C:39ABH         LINE#         151
  C:39ABH         LINE#         152
  C:39ABH         LINE#         153
  C:39ABH         LINE#         157
  C:39AEH         LINE#         158
  C:39B1H         LINE#         159
  C:39B9H         LINE#         160
  C:39BDH         LINE#         161
  C:39BDH         LINE#         162
  C:39C5H         LINE#         163
  C:39C5H         LINE#         164
  C:39C8H         LINE#         165
  C:39D0H         LINE#         166
  C:39D2H         LINE#         167
  C:39E6H         LINE#         168
  C:39E6H         LINE#         169
  C:39E6H         LINE#         170
  C:39E6H         LINE#         171
  C:39ECH         LINE#         173
  C:39EEH         LINE#         174
  C:39EEH         LINE#         175
  C:39EEH         LINE#         176
  C:39F4H         LINE#         178
  C:39F6H         LINE#         179
  C:39F6H         LINE#         180
  C:39F6H         LINE#         181
  C:39FCH         LINE#         183
  C:39FEH         LINE#         184
  C:39FEH         LINE#         185
  C:39FEH         LINE#         186
  C:3A04H         LINE#         188
  C:3A04H         LINE#         189
  C:3A04H         LINE#         190
  C:3A04H         LINE#         192
  C:3A0AH         LINE#         193
  C:3A0AH         LINE#         195
  C:3A0AH         LINE#         196
BL51 BANKED LINKER/LOCATER V6.22                                                      04/23/2019  15:03:12  PAGE 26


  C:3A0DH         LINE#         197
  C:3A0DH         LINE#         198
  C:3A0DH         LINE#         200
  C:3A0DH         LINE#         201
  C:3A0FH         LINE#         202
  C:3A0FH         LINE#         203
  -------         ENDPROC       KEY_SCAN
  -------         PROC          KEY_PROCESS
  -------         DO            
  X:05D5H         SYMBOL        KeyCount
  X:05D7H         SYMBOL        KeyNum_Old
  X:05D8H         SYMBOL        KeyNum
  X:05D9H         SYMBOL        PressedKey
  X:03E8H         SYMBOL        d
  D:0004H         SYMBOL        hours
  D:0006H         SYMBOL        mins
  X:03EAH         SYMBOL        months
  X:03ECH         SYMBOL        days
  -------         ENDDO         
  C:340BH         LINE#         204
  C:340BH         LINE#         205
  C:340BH         LINE#         209
  C:3413H         LINE#         210
  C:341BH         LINE#         212
  C:341EH         LINE#         213
  C:341EH         LINE#         214
  C:3421H         LINE#         216
  C:3421H         LINE#         217
  C:342EH         LINE#         218
  C:342EH         LINE#         219
  C:3431H         LINE#         220
  C:3434H         LINE#         222
  C:3437H         LINE#         224
  C:3437H         LINE#         225
  C:3442H         LINE#         226
  C:3442H         LINE#         227
  C:3445H         LINE#         229
  C:3445H         LINE#         230
  C:344CH         LINE#         231
  C:344CH         LINE#         232
  C:344FH         LINE#         234
  C:344FH         LINE#         235
  C:3457H         LINE#         236
  C:3457H         LINE#         237
  C:3461H         LINE#         238
  C:3469H         LINE#         240
  C:3472H         LINE#         242
  C:3472H         LINE#         251
  C:3487H         LINE#         252
  C:3487H         LINE#         253
  C:3499H         LINE#         254
  C:34A7H         LINE#         255
  C:34B6H         LINE#         256
  C:34B6H         LINE#         258
  C:34BCH         LINE#         262
  C:34D2H         LINE#         263
  C:34E3H         LINE#         264
BL51 BANKED LINKER/LOCATER V6.22                                                      04/23/2019  15:03:12  PAGE 27


  C:34FEH         LINE#         265
  C:34FEH         LINE#         266
  C:350EH         LINE#         267
  C:351FH         LINE#         268
  C:351FH         LINE#         272
  C:3538H         LINE#         273
  C:354FH         LINE#         274
  C:356FH         LINE#         275
  C:356FH         LINE#         276
  C:3579H         LINE#         277
  C:3579H         LINE#         278
  C:3582H         LINE#         279
  C:3582H         LINE#         280
  C:3596H         LINE#         281
  C:3596H         LINE#         282
  C:3596H         LINE#         283
  C:3596H         LINE#         284
  C:3596H         LINE#         285
  C:3598H         LINE#         287
  C:3598H         LINE#         288
  C:35A4H         LINE#         289
  C:35A4H         LINE#         290
  C:35B5H         LINE#         291
  C:35B5H         LINE#         292
  C:35B5H         LINE#         293
  C:35B5H         LINE#         294
  C:35B5H         LINE#         296
  C:35B7H         LINE#         298
  C:35B7H         LINE#         299
  C:35C8H         LINE#         300
  C:35C8H         LINE#         301
  C:35C8H         LINE#         302
  C:35C8H         LINE#         303
  C:35C8H         LINE#         305
  C:35C8H         LINE#         307
  C:35C8H         LINE#         308
  C:35CAH         LINE#         310
  C:35CAH         LINE#         311
  C:35DDH         LINE#         312
  C:35DDH         LINE#         313
  C:35EEH         LINE#         314
  C:35EEH         LINE#         315
  C:35EEH         LINE#         316
  C:35EEH         LINE#         317
  C:35EEH         LINE#         318
  C:35F0H         LINE#         320
  C:35F0H         LINE#         321
  C:3601H         LINE#         322
  C:3601H         LINE#         323
  C:3612H         LINE#         324
  C:3623H         LINE#         325
  C:3623H         LINE#         326
  C:3623H         LINE#         327
  C:3623H         LINE#         328
  C:3623H         LINE#         330
  C:363DH         LINE#         331
  C:363DH         LINE#         332
BL51 BANKED LINKER/LOCATER V6.22                                                      04/23/2019  15:03:12  PAGE 28


  C:3642H         LINE#         333
  C:3642H         LINE#         334
  C:3648H         LINE#         335
  C:3648H         LINE#         336
  C:364BH         LINE#         337
  C:3650H         LINE#         338
  C:3655H         LINE#         339
  C:365AH         LINE#         340
  C:365FH         LINE#         341
  C:3664H         LINE#         342
  C:3669H         LINE#         343
  C:366EH         LINE#         344
  C:366EH         LINE#         345
  C:366EH         LINE#         347
  C:3690H         LINE#         348
  C:3690H         LINE#         349
  C:369AH         LINE#         350
  C:369AH         LINE#         351
  C:369FH         LINE#         352
  C:36A8H         LINE#         353
  C:36BFH         LINE#         354
  C:36BFH         LINE#         355
  C:36CFH         LINE#         357
  C:36CFH         LINE#         361
  -------         ENDPROC       KEY_PROCESS
  -------         PROC          KEYPAD_IO_INIT
  C:4F26H         LINE#         364
  C:4F26H         LINE#         365
  C:4F26H         LINE#         366
  C:4F29H         LINE#         367
  C:4F2CH         LINE#         368
  C:4F2FH         LINE#         369
  C:4F31H         LINE#         370
  -------         ENDPROC       KEYPAD_IO_INIT
  -------         ENDMOD        KEYPAD

  -------         MODULE        BIPOLARMOTOR
  C:0000H         SYMBOL        _ICE_DUMMY_
  X:0000H         PUBLIC        UTC_time
  D:0080H         PUBLIC        P0
  D:0090H         PUBLIC        P1
  X:0004H         PUBLIC        RX_pos_test
  D:00A0H         PUBLIC        P2
  D:00B0H         PUBLIC        P3
  D:00C0H         PUBLIC        P4
  D:00C8H         PUBLIC        P5
  D:00E8H         PUBLIC        P6
  D:00F8H         PUBLIC        P7
  X:00A4H         PUBLIC        low_date_azimuth_mapping
  D:00A8H         PUBLIC        IE
  C:42B5H         PUBLIC        linear_interpolate
  X:00CCH         PUBLIC        declination
  C:4CACH         PUBLIC        _Move
  D:00B8H         PUBLIC        IP
  X:00D0H         PUBLIC        time_offset
  D:00D8H         PUBLIC        CCON
  X:00D4H         PUBLIC        previous_move_time
BL51 BANKED LINKER/LOCATER V6.22                                                      04/23/2019  15:03:12  PAGE 29


  X:00D5H         PUBLIC        time
  D:0098H         PUBLIC        SCON
  D:0088H         PUBLIC        TCON
  C:4F56H         PUBLIC        wait
  C:4B7CH         PUBLIC        _Step_move
  X:00E7H         PUBLIC        dat
  X:00EDH         PUBLIC        current_local_sun_time
  C:1D2DH         PUBLIC        _Update_position
  C:308BH         PUBLIC        _elevation_calculation
  X:00F1H         PUBLIC        sunCoord
  C:4A64H         PUBLIC        vOneStepMove
  X:00F4H         PUBLIC        elevation_stamp
  X:0130H         PUBLIC        date_azimuth_mapping
  X:0158H         PUBLIC        location
  X:0160H         PUBLIC        RX_pos
  C:4E53H         PUBLIC        vSetLocation
  C:4DE8H         PUBLIC        _BCDtoDec1
  X:03B8H         PUBLIC        degree
  C:2373H         PUBLIC        _TheoricalJP_Position
  D:00D0H         PUBLIC        PSW
  -------         PROC          VSETLOCATION
  C:4E53H         LINE#         44
  C:4E53H         LINE#         45
  C:4E53H         LINE#         46
  C:4E5DH         LINE#         47
  C:4E67H         LINE#         48
  -------         ENDPROC       VSETLOCATION
  C:4DE4H         SYMBOL        L?0061
  -------         PROC          L?0060
  -------         ENDPROC       L?0060
  C:4DE4H         SYMBOL        L?0061
  -------         PROC          _BCDTODEC1
  D:0007H         SYMBOL        bcd
  -------         DO            
  D:0006H         SYMBOL        hi
  D:0007H         SYMBOL        lo
  -------         ENDDO         
  C:4DE8H         LINE#         49
  C:4DE8H         LINE#         50
  C:4DE8H         LINE#         52
  C:4DEDH         LINE#         53
  C:4DF1H         LINE#         54
  C:4DF8H         LINE#         55
  -------         ENDPROC       _BCDTODEC1
  -------         PROC          WAIT
  C:4F56H         LINE#         57
  C:4F56H         LINE#         59
  -------         ENDPROC       WAIT
  -------         PROC          VONESTEPMOVE
  B:0020H.7       SYMBOL        bDir
  C:4A64H         LINE#         61
  C:4A64H         LINE#         62
  C:4A64H         LINE#         64
  C:4A6AH         LINE#         65
  C:4A6AH         LINE#         66
  C:4A6DH         LINE#         67
  C:4A76H         LINE#         68
BL51 BANKED LINKER/LOCATER V6.22                                                      04/23/2019  15:03:12  PAGE 30


  C:4A7DH         LINE#         69
  C:4A82H         LINE#         70
  C:4A82H         LINE#         71
  C:4A82H         LINE#         73
  C:4A84H         LINE#         76
  C:4A84H         LINE#         77
  C:4A87H         LINE#         78
  C:4A90H         LINE#         79
  C:4A97H         LINE#         80
  C:4A9DH         LINE#         81
  C:4AA6H         LINE#         82
  C:4AADH         LINE#         83
  C:4AADH         LINE#         87
  -------         ENDPROC       VONESTEPMOVE
  -------         PROC          _STEP_MOVE
  X:04CBH         SYMBOL        step
  B:0020H.6       SYMBOL        dir
  -------         DO            
  X:04CDH         SYMBOL        i
  -------         ENDDO         
  C:4B7CH         LINE#         89
  C:4B84H         LINE#         90
  C:4B84H         LINE#         92
  C:4B89H         LINE#         95
  C:4BA4H         LINE#         96
  C:4BA4H         LINE#         97
  C:4BABH         LINE#         99
  C:4BBBH         LINE#         101
  -------         ENDPROC       _STEP_MOVE
  -------         PROC          _MOVE
  X:04C7H         SYMBOL        distance
  B:0020H.5       SYMBOL        direction
  -------         DO            
  D:0006H         SYMBOL        step
  -------         ENDDO         
  C:4CACH         LINE#         103
  C:4CB2H         LINE#         104
  C:4CB2H         LINE#         107
  C:4CCDH         LINE#         108
  -------         ENDPROC       _MOVE
  C:42A4H         SYMBOL        L?0059
  -------         PROC          L?0058
  -------         ENDPROC       L?0058
  C:42A4H         SYMBOL        L?0059
  -------         PROC          LINEAR_INTERPOLATE
  X:0496H         SYMBOL        p1
  X:049EH         SYMBOL        p2
  X:04A6H         SYMBOL        x
  -------         DO            
  D:0004H         SYMBOL        fx
  -------         ENDDO         
  C:42B5H         LINE#         141
  C:42B5H         LINE#         142
  C:42B5H         LINE#         145
  C:4354H         LINE#         147
  C:4354H         LINE#         148
  -------         ENDPROC       LINEAR_INTERPOLATE
BL51 BANKED LINKER/LOCATER V6.22                                                      04/23/2019  15:03:12  PAGE 31


  -------         PROC          _THEORICALJP_POSITION
  X:043AH         SYMBOL        azimuth
  X:043EH         SYMBOL        elevation
  -------         DO            
  X:0442H         SYMBOL        pos_interpolate_azimuth
  X:047EH         SYMBOL        JP_pos
  X:0482H         SYMBOL        i
  X:0484H         SYMBOL        yy
  X:0486H         SYMBOL        p1
  X:048EH         SYMBOL        p2
  -------         ENDDO         
  C:2373H         LINE#         151
  C:2379H         LINE#         152
  C:2379H         LINE#         154
  C:2383H         LINE#         157
  C:239FH         LINE#         158
  C:239FH         LINE#         159
  C:240FH         LINE#         160
  C:240FH         LINE#         161
  C:2416H         LINE#         162
  C:2416H         LINE#         163
  C:2443H         LINE#         164
  C:245EH         LINE#         166
  C:24A5H         LINE#         167
  C:24D9H         LINE#         169
  C:251FH         LINE#         170
  C:2544H         LINE#         172
  C:2544H         LINE#         174
  C:25BAH         LINE#         175
  C:25BAH         LINE#         176
  C:25C1H         LINE#         177
  C:25C1H         LINE#         178
  C:25EEH         LINE#         179
  C:2609H         LINE#         181
  C:2650H         LINE#         182
  C:2684H         LINE#         184
  C:26CAH         LINE#         185
  C:26ECH         LINE#         187
  C:26ECH         LINE#         188
  C:2700H         LINE#         191
  C:271CH         LINE#         192
  C:271CH         LINE#         193
  C:278CH         LINE#         194
  C:278CH         LINE#         195
  C:27B9H         LINE#         196
  C:27D4H         LINE#         198
  C:2801H         LINE#         199
  C:281CH         LINE#         201
  C:284EH         LINE#         204
  C:284EH         LINE#         206
  C:285FH         LINE#         207
  C:286DH         LINE#         209
  -------         ENDPROC       _THEORICALJP_POSITION
  -------         PROC          _UPDATE_POSITION
  D:0001H         SYMBOL        mnths
  D:0002H         SYMBOL        dys
  X:040EH         SYMBOL        hurs
BL51 BANKED LINKER/LOCATER V6.22                                                      04/23/2019  15:03:12  PAGE 32


  X:040FH         SYMBOL        mns
  X:0410H         SYMBOL        sconds
  X:0411H         SYMBOL        currnt_pos
  X:0414H         SYMBOL        offset_calib
  -------         DO            
  X:0418H         SYMBOL        date
  X:041AH         SYMBOL        i
  X:041CH         SYMBOL        yy
  X:041EH         SYMBOL        desired_distance
  X:0422H         SYMBOL        distance
  X:0426H         SYMBOL        JP_pos
  X:042AH         SYMBOL        elevation
  X:042EH         SYMBOL        azimuth
  X:0432H         SYMBOL        time_offset
  X:0436H         SYMBOL        UTC_time
  -------         ENDDO         
  C:1D2DH         LINE#         212
  C:1D36H         LINE#         215
  C:1D36H         LINE#         216
  C:1D41H         LINE#         218
  C:1D5DH         LINE#         219
  C:1D67H         LINE#         225
  C:1D71H         LINE#         226
  C:1D7CH         LINE#         227
  C:1D87H         LINE#         228
  C:1DA0H         LINE#         229
  C:1DB1H         LINE#         230
  C:1DC0H         LINE#         233
  C:1DD4H         LINE#         237
  C:1E26H         LINE#         238
  C:1F8AH         LINE#         239
  C:1FDAH         LINE#         242
  C:2102H         LINE#         245
  C:21D1H         LINE#         252
  C:2218H         LINE#         253
  C:2218H         LINE#         255
  C:2243H         LINE#         256
  C:2272H         LINE#         258
  C:2297H         LINE#         259
  C:22FCH         LINE#         260
  C:22FCH         LINE#         261
  C:2316H         LINE#         262
  C:2328H         LINE#         263
  C:2340H         LINE#         264
  C:2356H         LINE#         266
  C:2372H         LINE#         267
  C:2372H         LINE#         268
  C:2372H         LINE#         271
  -------         ENDPROC       _UPDATE_POSITION
  -------         PROC          _ELEVATION_CALCULATION
  D:0007H         SYMBOL        mnths
  D:0005H         SYMBOL        dys
  X:03EAH         SYMBOL        hurs
  X:03EBH         SYMBOL        mns
  X:03ECH         SYMBOL        sconds
  C:308BH         LINE#         273
  C:3090H         LINE#         275
BL51 BANKED LINKER/LOCATER V6.22                                                      04/23/2019  15:03:12  PAGE 33


  C:3090H         LINE#         276
  C:309AH         LINE#         277
  C:30A3H         LINE#         278
  C:30AEH         LINE#         279
  C:30C7H         LINE#         280
  C:30DBH         LINE#         281
  C:30EDH         LINE#         285
  C:313FH         LINE#         286
  C:32A3H         LINE#         287
  C:32F3H         LINE#         289
  C:340AH         LINE#         291
  -------         ENDPROC       _ELEVATION_CALCULATION
  -------         ENDMOD        BIPOLARMOTOR

  -------         MODULE        SUNPOS
  C:0000H         SYMBOL        _ICE_DUMMY_
  C:158BH         PUBLIC        sunpos
  -------         PROC          SUNPOS
  X:043AH         SYMBOL        udtTime
  X:044CH         SYMBOL        udtLocation
  X:0454H         SYMBOL        udtSunCoordinates
  -------         DO            
  X:0457H         SYMBOL        dElapsedJulianDays
  X:045BH         SYMBOL        dDecimalHours
  X:045FH         SYMBOL        dEclipticLongitude
  X:0463H         SYMBOL        dEclipticObliquity
  X:0467H         SYMBOL        dRightAscension
  X:046BH         SYMBOL        dDeclination
  X:046FH         SYMBOL        dY
  X:0473H         SYMBOL        dX
  -------         DO            
  X:0477H         SYMBOL        dJulianDate
  X:047BH         SYMBOL        liAux1
  X:047FH         SYMBOL        liAux2
  X:0477H         SYMBOL        dMeanLongitude
  X:047BH         SYMBOL        dMeanAnomaly
  X:047FH         SYMBOL        dOmega
  X:0477H         SYMBOL        dSin_EclipticLongitude
  X:0477H         SYMBOL        dGreenwichMeanSiderealTime
  X:047BH         SYMBOL        dLocalMeanSiderealTime
  X:047FH         SYMBOL        dLatitudeInRadians
  X:0483H         SYMBOL        dHourAngle
  X:0487H         SYMBOL        dCos_Latitude
  X:048BH         SYMBOL        dSin_Latitude
  X:048FH         SYMBOL        dCos_HourAngle
  X:0493H         SYMBOL        dParallax
  -------         ENDDO         
  -------         DO            
  X:0477H         SYMBOL        dMeanLongitude
  X:047BH         SYMBOL        dMeanAnomaly
  X:047FH         SYMBOL        dOmega
  X:0477H         SYMBOL        dSin_EclipticLongitude
  X:0477H         SYMBOL        dGreenwichMeanSiderealTime
  X:047BH         SYMBOL        dLocalMeanSiderealTime
  X:047FH         SYMBOL        dLatitudeInRadians
  X:0483H         SYMBOL        dHourAngle
  X:0487H         SYMBOL        dCos_Latitude
BL51 BANKED LINKER/LOCATER V6.22                                                      04/23/2019  15:03:12  PAGE 34


  X:048BH         SYMBOL        dSin_Latitude
  X:048FH         SYMBOL        dCos_HourAngle
  X:0493H         SYMBOL        dParallax
  -------         ENDDO         
  -------         DO            
  X:0477H         SYMBOL        dSin_EclipticLongitude
  X:0477H         SYMBOL        dGreenwichMeanSiderealTime
  X:047BH         SYMBOL        dLocalMeanSiderealTime
  X:047FH         SYMBOL        dLatitudeInRadians
  X:0483H         SYMBOL        dHourAngle
  X:0487H         SYMBOL        dCos_Latitude
  X:048BH         SYMBOL        dSin_Latitude
  X:048FH         SYMBOL        dCos_HourAngle
  X:0493H         SYMBOL        dParallax
  -------         ENDDO         
  -------         DO            
  X:0477H         SYMBOL        dGreenwichMeanSiderealTime
  X:047BH         SYMBOL        dLocalMeanSiderealTime
  X:047FH         SYMBOL        dLatitudeInRadians
  X:0483H         SYMBOL        dHourAngle
  X:0487H         SYMBOL        dCos_Latitude
  X:048BH         SYMBOL        dSin_Latitude
  X:048FH         SYMBOL        dCos_HourAngle
  X:0493H         SYMBOL        dParallax
  -------         ENDDO         
  -------         ENDDO         
  C:158BH         LINE#         6
  C:158BH         LINE#         7
  C:158BH         LINE#         9
  C:158BH         LINE#         27
  C:15D5H         LINE#         30
  C:15F6H         LINE#         31
  C:173DH         LINE#         34
  C:1789H         LINE#         36
  C:17A8H         LINE#         37
  C:17A8H         LINE#         42
  C:17A8H         LINE#         46
  C:17DAH         LINE#         47
  C:1804H         LINE#         48
  C:182EH         LINE#         49
  C:18DBH         LINE#         52
[...]
  C:4181H         LINE#         148
  C:4184H         LINE#         149
  C:418BH         LINE#         151
  C:41AAH         LINE#         153
  C:41ACH         LINE#         154
  C:41AFH         LINE#         155
  C:41B6H         LINE#         157
  -------         ENDPROC       _AT25SF041_WRITE
  -------         PROC          _AT25SF041_READ
  D:0003H         SYMBOL        opcode
  X:05DFH         SYMBOL        addr
  -------         DO            
  X:05E3H         SYMBOL        dat
  X:05E4H         SYMBOL        i
  -------         ENDDO         
  C:3FA5H         LINE#         159
  C:3FA7H         LINE#         160
  C:3FA7H         LINE#         161
  C:3FACH         LINE#         163
  C:3FAEH         LINE#         164
  C:3FB4H         LINE#         168
  C:3FB9H         LINE#         169
  C:3FB9H         LINE#         170
  C:3FBBH         LINE#         171
  C:3FBEH         LINE#         172
  C:3FC2H         LINE#         173
  C:3FC2H         LINE#         174
  C:3FC4H         LINE#         175
  C:3FC6H         LINE#         177
  C:3FC6H         LINE#         178
  C:3FC8H         LINE#         180
  C:3FC8H         LINE#         181
BL51 BANKED LINKER/LOCATER V6.22                                                      04/23/2019  15:03:12  PAGE 47


  C:3FC8H         LINE#         182
  C:3FC8H         LINE#         183
  C:3FCBH         LINE#         184
  C:3FCFH         LINE#         187
  C:3FEEH         LINE#         189
  C:3FF5H         LINE#         190
  C:3FF5H         LINE#         191
  C:3FF7H         LINE#         192
  C:3FFAH         LINE#         193
  C:4016H         LINE#         194
  C:4016H         LINE#         195
  C:4018H         LINE#         196
  C:401AH         LINE#         198
  C:401AH         LINE#         199
  C:401CH         LINE#         201
  C:401CH         LINE#         202
  C:401CH         LINE#         203
  C:401CH         LINE#         204
  C:401FH         LINE#         205
  C:4038H         LINE#         207
  C:4057H         LINE#         210
  C:405EH         LINE#         212
  C:4060H         LINE#         213
  C:4067H         LINE#         215
  C:406EH         LINE#         216
  C:406EH         LINE#         217
  C:4075H         LINE#         218
  C:4075H         LINE#         219
  C:4078H         LINE#         220
  C:407AH         LINE#         221
  C:407DH         LINE#         223
  C:4080H         LINE#         224
  C:4080H         LINE#         226
  C:4084H         LINE#         227
  C:4084H         LINE#         233
  C:40A3H         LINE#         236
  C:40A5H         LINE#         237
  C:40A8H         LINE#         238
  C:40AFH         LINE#         240
  C:40B4H         LINE#         242
  -------         ENDPROC       _AT25SF041_READ
  -------         PROC          UCREAD_STATUS_REGISTER_BYTE1
  -------         DO            
  D:0003H         SYMBOL        dat
  D:0001H         SYMBOL        opcode
  X:04CFH         SYMBOL        count
  X:04D0H         SYMBOL        i
  -------         ENDDO         
  C:4569H         LINE#         246
  C:4569H         LINE#         247
  C:4569H         LINE#         248
  C:456FH         LINE#         249
  C:4573H         LINE#         250
  C:4575H         LINE#         251
  C:4577H         LINE#         252
  C:457DH         LINE#         256
  C:4584H         LINE#         257
BL51 BANKED LINKER/LOCATER V6.22                                                      04/23/2019  15:03:12  PAGE 48


  C:4584H         LINE#         258
  C:4586H         LINE#         259
  C:4589H         LINE#         260
  C:458DH         LINE#         261
  C:458DH         LINE#         262
  C:458FH         LINE#         263
  C:4591H         LINE#         265
  C:4591H         LINE#         266
  C:4593H         LINE#         268
  C:4593H         LINE#         269
  C:4593H         LINE#         270
  C:4593H         LINE#         271
  C:4596H         LINE#         272
  C:459AH         LINE#         275
  C:45B9H         LINE#         279
  C:45C0H         LINE#         281
  C:45C2H         LINE#         282
  C:45C9H         LINE#         283
  C:45D0H         LINE#         284
  C:45D0H         LINE#         285
  C:45D4H         LINE#         286
  C:45D4H         LINE#         287
  C:45D7H         LINE#         288
  C:45D9H         LINE#         289
  C:45DCH         LINE#         291
  C:45DFH         LINE#         292
  C:45DFH         LINE#         294
  C:45E3H         LINE#         295
  C:45E3H         LINE#         297
  C:4602H         LINE#         301
  C:4604H         LINE#         302
  C:4607H         LINE#         303
  C:4609H         LINE#         304
  -------         ENDPROC       UCREAD_STATUS_REGISTER_BYTE1
  -------         PROC          SPI_NOR_WRITE_DATA
  X:03E8H         SYMBOL        dat
  X:03F3H         SYMBOL        addr
  C:3A10H         LINE#         306
  C:3A10H         LINE#         307
  C:3A10H         LINE#         309
  C:3A13H         LINE#         311
  C:3A2DH         LINE#         312
  C:3A4BH         LINE#         314
  C:3A52H         LINE#         315
  C:3A55H         LINE#         317
  C:3A6FH         LINE#         318
  C:3A6FH         LINE#         319
  C:3A6FH         LINE#         322
  C:3A72H         LINE#         324
  C:3A8CH         LINE#         325
  C:3A8CH         LINE#         326
  C:3A8CH         LINE#         328
  C:3A8FH         LINE#         330
  C:3AA9H         LINE#         331
  C:3AA9H         LINE#         332
  C:3AA9H         LINE#         334
  C:3AACH         LINE#         336
BL51 BANKED LINKER/LOCATER V6.22                                                      04/23/2019  15:03:12  PAGE 49


  C:3AC6H         LINE#         337
  C:3AC6H         LINE#         338
  C:3AC6H         LINE#         340
  C:3AC9H         LINE#         342
  C:3AE3H         LINE#         343
  C:3AE3H         LINE#         344
  C:3AE3H         LINE#         346
  C:3AE6H         LINE#         348
  C:3B00H         LINE#         349
  C:3B00H         LINE#         350
  C:3B00H         LINE#         352
  C:3B03H         LINE#         354
  C:3B1DH         LINE#         355
  C:3B1DH         LINE#         356
  C:3B1DH         LINE#         358
  C:3B20H         LINE#         360
  C:3B3AH         LINE#         361
  C:3B3AH         LINE#         362
  C:3B3AH         LINE#         364
  C:3B3DH         LINE#         366
  C:3B57H         LINE#         367
  C:3B57H         LINE#         368
  C:3B57H         LINE#         370
  C:3B5AH         LINE#         372
  C:3B74H         LINE#         373
  C:3B7BH         LINE#         374
  -------         ENDPROC       SPI_NOR_WRITE_DATA
  -------         ENDMOD        AT25SF041

  -------         MODULE        ?C_STARTUP
  C:4743H         SEGMENT       ?C_C51STARTUP
  I:0022H         SEGMENT       ?STACK
  C:0000H         PUBLIC        ?C_STARTUP
  D:00E0H         SYMBOL        ACC
  D:00F0H         SYMBOL        B
  D:0083H         SYMBOL        DPH
  D:0082H         SYMBOL        DPL
  N:0000H         SYMBOL        IBPSTACK
  N:0100H         SYMBOL        IBPSTACKTOP
  N:0080H         SYMBOL        IDATALEN
  C:4746H         SYMBOL        IDATALOOP
  N:0000H         SYMBOL        PBPSTACK
  N:0100H         SYMBOL        PBPSTACKTOP
  N:0000H         SYMBOL        PDATALEN
  N:0000H         SYMBOL        PDATASTART
  N:0000H         SYMBOL        PPAGE
  N:0000H         SYMBOL        PPAGEENABLE
  D:00A0H         SYMBOL        PPAGE_SFR
  D:0081H         SYMBOL        SP
  C:4743H         SYMBOL        STARTUP1
  N:0000H         SYMBOL        XBPSTACK
  N:0000H         SYMBOL        XBPSTACKTOP
  N:0000H         SYMBOL        XDATALEN
  N:0000H         SYMBOL        XDATASTART
  C:0000H         LINE#         126
  C:4743H         LINE#         133
  C:4745H         LINE#         134
BL51 BANKED LINKER/LOCATER V6.22                                                      04/23/2019  15:03:12  PAGE 50


  C:4746H         LINE#         135
  C:4747H         LINE#         136
  C:4749H         LINE#         185
  C:474CH         LINE#         196
  -------         ENDMOD        ?C_STARTUP

  -------         MODULE        ?C?FPADD
  C:0BDCH         PUBLIC        ?C?FPADD
  C:0BD8H         PUBLIC        ?C?FPSUB
  -------         ENDMOD        ?C?FPADD

  -------         MODULE        ?C?FPMUL
  C:0CCDH         PUBLIC        ?C?FPMUL
  -------         ENDMOD        ?C?FPMUL

  -------         MODULE        ?C?FPDIV
  C:0DD6H         PUBLIC        ?C?FPDIV
  -------         ENDMOD        ?C?FPDIV

  -------         MODULE        ?C?FPCMP
  C:0E75H         PUBLIC        ?C?FPCMP
  C:0E73H         PUBLIC        ?C?FPCMP3
  -------         ENDMOD        ?C?FPCMP

  -------         MODULE        ?C?FPNEG
  C:0EECH         PUBLIC        ?C?FPNEG
  -------         ENDMOD        ?C?FPNEG

  -------         MODULE        ?C?FCAST
  C:0F07H         PUBLIC        ?C?FCASTC
  C:0F02H         PUBLIC        ?C?FCASTI
  C:0EFDH         PUBLIC        ?C?FCASTL
  -------         ENDMOD        ?C?FCAST

  -------         MODULE        ?C?CASTF
  C:0F3BH         PUBLIC        ?C?CASTF
  -------         ENDMOD        ?C?CASTF

  -------         MODULE        ATAN2
  X:0497H         PUBLIC        ?_atan2?BYTE
  C:460AH         PUBLIC        _atan2
  -------         ENDMOD        ATAN2

  -------         MODULE        SIN
  C:3BE1H         PUBLIC        _COS
  C:3BF7H         PUBLIC        _SIN
  C:3C33H         PUBLIC        _TAN
  -------         ENDMOD        SIN

  -------         MODULE        ACOS
  C:4AAEH         PUBLIC        _ACOS
  -------         ENDMOD        ACOS

  -------         MODULE        ASIN
  C:4BBCH         PUBLIC        _ASIN
  -------         ENDMOD        ASIN

BL51 BANKED LINKER/LOCATER V6.22                                                      04/23/2019  15:03:12  PAGE 51


  -------         MODULE        SQRT
  C:44C1H         PUBLIC        _SQRT
  -------         ENDMOD        SQRT

  -------         MODULE        ATAN
  C:3EA3H         PUBLIC        _ATAN
  -------         ENDMOD        ATAN

  -------         MODULE        ?C?COPY
  C:10D9H         PUBLIC        ?C?COPY
  -------         ENDMOD        ?C?COPY

  -------         MODULE        ?C?CLDPTR
  C:10FFH         PUBLIC        ?C?CLDPTR
  -------         ENDMOD        ?C?CLDPTR

  -------         MODULE        ?C?CLDOPTR
  C:1118H         PUBLIC        ?C?CLDOPTR
  -------         ENDMOD        ?C?CLDOPTR

  -------         MODULE        ?C?CSTPTR
  C:1145H         PUBLIC        ?C?CSTPTR
  -------         ENDMOD        ?C?CSTPTR

  -------         MODULE        ?C?IMUL
  C:1157H         PUBLIC        ?C?IMUL
  -------         ENDMOD        ?C?IMUL

  -------         MODULE        ?C?UIDIV
  C:1169H         PUBLIC        ?C?UIDIV
  -------         ENDMOD        ?C?UIDIV

  -------         MODULE        ?C?SIDIV
  C:11BEH         PUBLIC        ?C?SIDIV
  -------         ENDMOD        ?C?SIDIV

  -------         MODULE        ?C?ILDIX
  C:11F4H         PUBLIC        ?C?ILDIX
  -------         ENDMOD        ?C?ILDIX

  -------         MODULE        ?C?ILDOPTR
  C:120AH         PUBLIC        ?C?ILDOPTR
  -------         ENDMOD        ?C?ILDOPTR

  -------         MODULE        ?C?ISTPTR
  C:1242H         PUBLIC        ?C?ISTPTR
  -------         ENDMOD        ?C?ISTPTR

  -------         MODULE        ?C?LMUL
  C:1261H         PUBLIC        ?C?LMUL
  -------         ENDMOD        ?C?LMUL

  -------         MODULE        ?C?SLDIV
  C:4AF8H         PUBLIC        ?C?SLDIV
  -------         ENDMOD        ?C?SLDIV

  -------         MODULE        ?C?LNEG
BL51 BANKED LINKER/LOCATER V6.22                                                      04/23/2019  15:03:12  PAGE 52


  C:12B0H         PUBLIC        ?C?LNEG
  -------         ENDMOD        ?C?LNEG

  -------         MODULE        ?C?ULCMP
  C:12BEH         PUBLIC        ?C?ULCMP
  -------         ENDMOD        ?C?ULCMP

  -------         MODULE        ?C?LSHL
  C:12CFH         PUBLIC        ?C?LSHL
  -------         ENDMOD        ?C?LSHL

  -------         MODULE        ?C?LLDPTR
  C:12E2H         PUBLIC        ?C?LLDPTR
  -------         ENDMOD        ?C?LLDPTR

  -------         MODULE        ?C?LLDOPTR
  C:1302H         PUBLIC        ?C?LLDOPTR
  -------         ENDMOD        ?C?LLDOPTR

  -------         MODULE        ?C?LSTPTR
  C:1332H         PUBLIC        ?C?LSTPTR
  -------         ENDMOD        ?C?LSTPTR

  -------         MODULE        ?C?LSTOPTR
  C:134CH         PUBLIC        ?C?LSTOPTR
  -------         ENDMOD        ?C?LSTOPTR

  -------         MODULE        ?C?LLDXDATA
  C:1370H         PUBLIC        ?C?LLDXDATA
  -------         ENDMOD        ?C?LLDXDATA

  -------         MODULE        ?C?LLDCODE
  C:137CH         PUBLIC        ?C?LLDCODE
  -------         ENDMOD        ?C?LLDCODE

  -------         MODULE        ?C?LLDXDATA0
  C:138CH         PUBLIC        ?C?LLDXDATA0
  -------         ENDMOD        ?C?LLDXDATA0

  -------         MODULE        ?C?LLDCODE0
  C:1398H         PUBLIC        ?C?LLDCODE0
  -------         ENDMOD        ?C?LLDCODE0

  -------         MODULE        ?C?LLDPTR0
  C:13A8H         PUBLIC        ?C?LLDPTR0
  -------         ENDMOD        ?C?LLDPTR0

  -------         MODULE        ?C?LSTXDATA
  C:13C8H         PUBLIC        ?C?LSTXDATA
  -------         ENDMOD        ?C?LSTXDATA

  -------         MODULE        ?C?LSTKXDATA
  C:13D4H         PUBLIC        ?C?LSTKXDATA
  -------         ENDMOD        ?C?LSTKXDATA

  -------         MODULE        ?C?LSTKPTR
  C:1405H         PUBLIC        ?C?LSTKPTR
BL51 BANKED LINKER/LOCATER V6.22                                                      04/23/2019  15:03:12  PAGE 53


  -------         ENDMOD        ?C?LSTKPTR

  -------         MODULE        ?C?OFFXADD
  C:141FH         PUBLIC        ?C?OFFXADD
  -------         ENDMOD        ?C?OFFXADD

  -------         MODULE        ATOI
  C:41B7H         PUBLIC        _atoi
  -------         ENDMOD        ATOI

  -------         MODULE        ?C?IILDX
  C:142BH         PUBLIC        ?C?IILDX
  -------         ENDMOD        ?C?IILDX

  -------         MODULE        ?C?ULDIV
  C:147DH         PUBLIC        ?C?ULDIV
  -------         ENDMOD        ?C?ULDIV

  -------         MODULE        ?C?LLDIDATA
  C:150FH         PUBLIC        ?C?LLDIDATA
  -------         ENDMOD        ?C?LLDIDATA

  -------         MODULE        ?C?LLDPDATA
  C:151BH         PUBLIC        ?C?LLDPDATA
  -------         ENDMOD        ?C?LLDPDATA

  -------         MODULE        ?C?LLDIDATA0
  C:1527H         PUBLIC        ?C?LLDIDATA0
  -------         ENDMOD        ?C?LLDIDATA0

  -------         MODULE        ?C?LLDPDATA0
  C:1534H         PUBLIC        ?C?LLDPDATA0
  -------         ENDMOD        ?C?LLDPDATA0

  -------         MODULE        ?C?LSTIDATA
  C:1541H         PUBLIC        ?C?LSTIDATA
  -------         ENDMOD        ?C?LSTIDATA

  -------         MODULE        ?C?LSTPDATA
  C:154DH         PUBLIC        ?C?LSTPDATA
  -------         ENDMOD        ?C?LSTPDATA

  -------         MODULE        ?C?LSTKIDATA
  C:1559H         PUBLIC        ?C?LSTKIDATA
  -------         ENDMOD        ?C?LSTKIDATA

  -------         MODULE        ?C?LSTKPDATA
  C:1572H         PUBLIC        ?C?LSTKPDATA
  -------         ENDMOD        ?C?LSTKPDATA

  -------         MODULE        ISDIGIT
  C:4F0AH         PUBLIC        _isdigit
  -------         ENDMOD        ISDIGIT

  -------         MODULE        ISSPACE
  C:4EA5H         PUBLIC        _isspace
  -------         ENDMOD        ISSPACE
BL51 BANKED LINKER/LOCATER V6.22                                                      04/23/2019  15:03:12  PAGE 54



*** WARNING L16: UNCALLED SEGMENT, IGNORED FOR OVERLAY PROCESS
    SEGMENT: ?PR?_DAY_OF_YEAR?PCF85063BTL

*** WARNING L16: UNCALLED SEGMENT, IGNORED FOR OVERLAY PROCESS
    SEGMENT: ?PR?INITUART1?UART1

*** WARNING L16: UNCALLED SEGMENT, IGNORED FOR OVERLAY PROCESS
    SEGMENT: ?PR?_SENDSTRING?UART1

*** WARNING L16: UNCALLED SEGMENT, IGNORED FOR OVERLAY PROCESS
    SEGMENT: ?PR?_TEN?UART1

*** WARNING L16: UNCALLED SEGMENT, IGNORED FOR OVERLAY PROCESS
    SEGMENT: ?PR?_UNIT?UART1

*** WARNING L16: UNCALLED SEGMENT, IGNORED FOR OVERLAY PROCESS
    SEGMENT: ?PR?_DECTOBCD?UART1

*** WARNING L16: UNCALLED SEGMENT, IGNORED FOR OVERLAY PROCESS
    SEGMENT: ?PR?_ASCII_LETTER?UART1

*** WARNING L16: UNCALLED SEGMENT, IGNORED FOR OVERLAY PROCESS
    SEGMENT: ?PR?_ASCIITOBCD?UART1

*** WARNING L16: UNCALLED SEGMENT, IGNORED FOR OVERLAY PROCESS
    SEGMENT: ?PR?WAIT?BIPOLARMOTOR

*** WARNING L16: UNCALLED SEGMENT, IGNORED FOR OVERLAY PROCESS
    SEGMENT: ?PR?NOP?IOEXPANDER_PI4IOE5V96248

*** WARNING L16: UNCALLED SEGMENT, IGNORED FOR OVERLAY PROCESS
    SEGMENT: ?PR?UC_ACK?IOEXPANDER_PI4IOE5V96248

*** WARNING L16: UNCALLED SEGMENT, IGNORED FOR OVERLAY PROCESS
    SEGMENT: ?PR?UC_NACK?IOEXPANDER_PI4IOE5V96248

*** WARNING L16: UNCALLED SEGMENT, IGNORED FOR OVERLAY PROCESS
    SEGMENT: ?PR?_AT25SF041_READ?AT25SF041

*** WARNING L1: UNRESOLVED EXTERNAL SYMBOL
    SYMBOL:  AUTO_MODE
    MODULE:  .\Obj\main.obj (MAIN)

*** WARNING L1: UNRESOLVED EXTERNAL SYMBOL
    SYMBOL:  SPI_NOR_CLEARENABLE
    MODULE:  .\Obj\main.obj (MAIN)

*** WARNING L2: REFERENCE MADE TO UNRESOLVED EXTERNAL
    SYMBOL:  AUTO_MODE
    MODULE:  .\Obj\main.obj (MAIN)
    ADDRESS: 003BH

*** WARNING L2: REFERENCE MADE TO UNRESOLVED EXTERNAL
    SYMBOL:  SPI_NOR_CLEARENABLE
    MODULE:  .\Obj\main.obj (MAIN)
    ADDRESS: 0041H
BL51 BANKED LINKER/LOCATER V6.22                                                      04/23/2019  15:03:12  PAGE 55



*** WARNING L2: REFERENCE MADE TO UNRESOLVED EXTERNAL
    SYMBOL:  AUTO_MODE
    MODULE:  .\Obj\main.obj (MAIN)
    ADDRESS: 01B7H

*** WARNING L2: REFERENCE MADE TO UNRESOLVED EXTERNAL
    SYMBOL:  AUTO_MODE
    MODULE:  .\Obj\main.obj (MAIN)
    ADDRESS: 01C5H

*** WARNING L2: REFERENCE MADE TO UNRESOLVED EXTERNAL
    SYMBOL:  AUTO_MODE
    MODULE:  .\Obj\main.obj (MAIN)
    ADDRESS: 01D7H

*** WARNING L2: REFERENCE MADE TO UNRESOLVED EXTERNAL
    SYMBOL:  AUTO_MODE
    MODULE:  .\Obj\main.obj (MAIN)
    ADDRESS: 0219H

*** WARNING L2: REFERENCE MADE TO UNRESOLVED EXTERNAL
    SYMBOL:  AUTO_MODE
    MODULE:  .\Obj\main.obj (MAIN)
    ADDRESS: 02ECH

*** WARNING L2: REFERENCE MADE TO UNRESOLVED EXTERNAL
    SYMBOL:  SPI_NOR_CLEARENABLE
    MODULE:  .\Obj\main.obj (MAIN)
    ADDRESS: 0B40H

*** WARNING L2: REFERENCE MADE TO UNRESOLVED EXTERNAL
    SYMBOL:  SPI_NOR_CLEARENABLE
    MODULE:  .\Obj\main.obj (MAIN)
    ADDRESS: 0BA9H

*** WARNING L1: UNRESOLVED EXTERNAL SYMBOL
    SYMBOL:  _SENDUART1
    MODULE:  .\Obj\UART1.obj (UART1)

*** WARNING L2: REFERENCE MADE TO UNRESOLVED EXTERNAL
    SYMBOL:  _SENDUART1
    MODULE:  .\Obj\UART1.obj (UART1)
    ADDRESS: 4C25H

*** WARNING L1: UNRESOLVED EXTERNAL SYMBOL
    SYMBOL:  AUTO_MODE
    MODULE:  .\Obj\KeyPad.obj (KEYPAD)

*** WARNING L1: UNRESOLVED EXTERNAL SYMBOL
    SYMBOL:  SPI_NOR_CLEARENABLE
    MODULE:  .\Obj\KeyPad.obj (KEYPAD)

*** WARNING L2: REFERENCE MADE TO UNRESOLVED EXTERNAL
    SYMBOL:  AUTO_MODE
    MODULE:  .\Obj\KeyPad.obj (KEYPAD)
    ADDRESS: 3458H
BL51 BANKED LINKER/LOCATER V6.22                                                      04/23/2019  15:03:12  PAGE 56



*** WARNING L2: REFERENCE MADE TO UNRESOLVED EXTERNAL
    SYMBOL:  AUTO_MODE
    MODULE:  .\Obj\KeyPad.obj (KEYPAD)
    ADDRESS: 3463H

*** WARNING L2: REFERENCE MADE TO UNRESOLVED EXTERNAL
    SYMBOL:  AUTO_MODE
    MODULE:  .\Obj\KeyPad.obj (KEYPAD)
    ADDRESS: 346AH

*** WARNING L2: REFERENCE MADE TO UNRESOLVED EXTERNAL
    SYMBOL:  SPI_NOR_CLEARENABLE
    MODULE:  .\Obj\KeyPad.obj (KEYPAD)
    ADDRESS: 363EH

*** WARNING L2: REFERENCE MADE TO UNRESOLVED EXTERNAL
    SYMBOL:  SPI_NOR_CLEARENABLE
    MODULE:  .\Obj\KeyPad.obj (KEYPAD)
    ADDRESS: 3643H

Program Size: data=10.2 xdata=1520 code=20312
LINK/LOCATE RUN COMPLETE.  33 WARNING(S),  0 ERROR(S)
