BL51 BANKED LINKER/LOCATER V6.22                                                        05/07/2019  16:37:23  PAGE 1


BL51 BANKED LINKER/LOCATER V6.22, INVOKED BY:
C:\KEIL_V5\C51\BIN\BL51.EXE .\Obj\main.obj, .\Obj\PCF85063BTL.obj, .\Obj\LCd_Driver_SPLC780D.obj, .\Obj\KeyPad.obj, .\Ob
>> j\BipolarMotor.obj, .\Obj\SunPos.obj, .\Obj\ADC.obj, .\Obj\Calibration.obj, .\Obj\IOExpander_PI4IOE5V96248.obj, .\Obj
>> \AT25SF041.obj, .\Obj\SI1120.obj, .\Obj\STARTUP.obj TO .\Obj\GPIO_RTC_Test PRINT (.\Lis\GPIO_RTC_Test.m51) RAMSIZE (2
>> 56)


MEMORY MODEL: LARGE WITH FLOATING POINT ARITHMETIC


INPUT MODULES INCLUDED:
  .\Obj\main.obj (MAIN)
  .\Obj\PCF85063BTL.obj (PCF85063BTL)
  .\Obj\LCd_Driver_SPLC780D.obj (LCD_DRIVER_SPLC780D)
  .\Obj\KeyPad.obj (KEYPAD)
  .\Obj\BipolarMotor.obj (BIPOLARMOTOR)
  .\Obj\SunPos.obj (SUNPOS)
  .\Obj\ADC.obj (ADC)
  .\Obj\Calibration.obj (CALIBRATION)
  .\Obj\IOExpander_PI4IOE5V96248.obj (IOEXPANDER_PI4IOE5V96248)
  .\Obj\AT25SF041.obj (AT25SF041)
  .\Obj\SI1120.obj (SI1120)
  .\Obj\STARTUP.obj (?C_STARTUP)
  C:\KEIL_V5\C51\LIB\C51FPL.LIB (?C?FPADD)
  C:\KEIL_V5\C51\LIB\C51FPL.LIB (?C?FPMUL)
  C:\KEIL_V5\C51\LIB\C51FPL.LIB (?C?FPDIV)
  C:\KEIL_V5\C51\LIB\C51FPL.LIB (?C?FPCMP)
  C:\KEIL_V5\C51\LIB\C51FPL.LIB (?C?FPNEG)
  C:\KEIL_V5\C51\LIB\C51FPL.LIB (?C?FCAST)
  C:\KEIL_V5\C51\LIB\C51FPL.LIB (?C?CASTF)
  C:\KEIL_V5\C51\LIB\C51FPL.LIB (ATAN2)
  C:\KEIL_V5\C51\LIB\C51FPL.LIB (SIN)
  C:\KEIL_V5\C51\LIB\C51FPL.LIB (ACOS)
  C:\KEIL_V5\C51\LIB\C51FPL.LIB (ASIN)
  C:\KEIL_V5\C51\LIB\C51FPL.LIB (POW)
  C:\KEIL_V5\C51\LIB\C51FPL.LIB (?C?FPGETOPN)
  C:\KEIL_V5\C51\LIB\C51FPL.LIB (?C?CHKFLOAT)
  C:\KEIL_V5\C51\LIB\C51FPL.LIB (?C?FPSERIES)
  C:\KEIL_V5\C51\LIB\C51FPL.LIB (EXP)
  C:\KEIL_V5\C51\LIB\C51FPL.LIB (LOG)
  C:\KEIL_V5\C51\LIB\C51FPL.LIB (SQRT)
  C:\KEIL_V5\C51\LIB\C51FPL.LIB (ATAN)
  C:\KEIL_V5\C51\LIB\C51L.LIB (?C_INIT)
  C:\KEIL_V5\C51\LIB\C51L.LIB (?C?COPY)
  C:\KEIL_V5\C51\LIB\C51L.LIB (?C?CLDPTR)
  C:\KEIL_V5\C51\LIB\C51L.LIB (?C?CLDOPTR)
  C:\KEIL_V5\C51\LIB\C51L.LIB (?C?CSTPTR)
  C:\KEIL_V5\C51\LIB\C51L.LIB (?C?IMUL)
  C:\KEIL_V5\C51\LIB\C51L.LIB (?C?UIDIV)
  C:\KEIL_V5\C51\LIB\C51L.LIB (?C?SIDIV)
  C:\KEIL_V5\C51\LIB\C51L.LIB (?C?ILDOPTR)
  C:\KEIL_V5\C51\LIB\C51L.LIB (?C?ISTPTR)
  C:\KEIL_V5\C51\LIB\C51L.LIB (?C?LMUL)
  C:\KEIL_V5\C51\LIB\C51L.LIB (?C?SLDIV)
  C:\KEIL_V5\C51\LIB\C51L.LIB (?C?LNEG)
  C:\KEIL_V5\C51\LIB\C51L.LIB (?C?ULCMP)
  C:\KEIL_V5\C51\LIB\C51L.LIB (?C?LSHL)
  C:\KEIL_V5\C51\LIB\C51L.LIB (?C?LLDPTR)
BL51 BANKED LINKER/LOCATER V6.22                                                      05/07/2019  16:37:23  PAGE 2


  C:\KEIL_V5\C51\LIB\C51L.LIB (?C?LLDOPTR)
  C:\KEIL_V5\C51\LIB\C51L.LIB (?C?LSTPTR)
  C:\KEIL_V5\C51\LIB\C51L.LIB (?C?LSTOPTR)
  C:\KEIL_V5\C51\LIB\C51L.LIB (?C?LLDXDATA)
  C:\KEIL_V5\C51\LIB\C51L.LIB (?C?LLDCODE)
  C:\KEIL_V5\C51\LIB\C51L.LIB (?C?LLDXDATA0)
  C:\KEIL_V5\C51\LIB\C51L.LIB (?C?LLDCODE0)
  C:\KEIL_V5\C51\LIB\C51L.LIB (?C?LLDPTR0)
  C:\KEIL_V5\C51\LIB\C51L.LIB (?C?LSTXDATA)
  C:\KEIL_V5\C51\LIB\C51L.LIB (?C?LSTKXDATA)
  C:\KEIL_V5\C51\LIB\C51L.LIB (?C?LSTKPTR)
  C:\KEIL_V5\C51\LIB\C51L.LIB (?C?OFFXADD)
  C:\KEIL_V5\C51\LIB\C51L.LIB (?C?ULDIV)
  C:\KEIL_V5\C51\LIB\C51L.LIB (?C?LLDIDATA)
  C:\KEIL_V5\C51\LIB\C51L.LIB (?C?LLDPDATA)
  C:\KEIL_V5\C51\LIB\C51L.LIB (?C?LLDIDATA0)
  C:\KEIL_V5\C51\LIB\C51L.LIB (?C?LLDPDATA0)
  C:\KEIL_V5\C51\LIB\C51L.LIB (?C?LSTIDATA)
  C:\KEIL_V5\C51\LIB\C51L.LIB (?C?LSTPDATA)
  C:\KEIL_V5\C51\LIB\C51L.LIB (?C?LSTKIDATA)
  C:\KEIL_V5\C51\LIB\C51L.LIB (?C?LSTKPDATA)


LINK MAP OF MODULE:  .\Obj\GPIO_RTC_Test (MAIN)


            TYPE    BASE      LENGTH    RELOCATION   SEGMENT NAME
            -----------------------------------------------------

            * * * * * * *   D A T A   M E M O R Y   * * * * * * *
            REG     0000H     0008H     ABSOLUTE     "REG BANK 0"
                    0008H     0018H                  *** GAP ***
            BIT     0020H.0   0000H.4   UNIT         _BIT_GROUP_
            BIT     0020H.4   0000H.1   UNIT         ?BI?MAIN
                    0020H.5   0000H.3                *** GAP ***
            IDATA   0021H     0001H     UNIT         ?STACK

            * * * * * * *  X D A T A   M E M O R Y  * * * * * * *
            XDATA   0000H     03BCH     UNIT         ?XD?BIPOLARMOTOR
            XDATA   03BCH     0127H     UNIT         _XDATA_GROUP_
            XDATA   04E3H     0101H     UNIT         ?XD?MAIN
            XDATA   05E4H     0019H     UNIT         ?XD?KEYPAD
            XDATA   05FDH     0008H     UNIT         ?XD?_AT25SF041_READ?AT25SF041
            XDATA   0605H     0001H     UNIT         ?XD?UC_ACK?IOEXPANDER_PI4IOE5V96248
            XDATA   0606H     0001H     UNIT         ?XD?UC_NACK?IOEXPANDER_PI4IOE5V96248

            * * * * * * *   C O D E   M E M O R Y   * * * * * * *
            CODE    0000H     0003H     ABSOLUTE     
            CODE    0003H     0003H     ABSOLUTE     
            CODE    0006H     0001H     UNIT         ?PR?NOP?IOEXPANDER_PI4IOE5V96248
                    0007H     0004H                  *** GAP ***
            CODE    000BH     0003H     ABSOLUTE     
            CODE    000EH     000DH     UNIT         ?PR?SPI_INIT?PCF85063BTL
            CODE    001BH     0003H     ABSOLUTE     
            CODE    001EH     0C71H     UNIT         ?PR?MAIN?MAIN
            CODE    0C8FH     09A4H     UNIT         ?C?LIB_CODE
            CODE    1633H     07A2H     UNIT         ?PR?SUNPOS?SUNPOS
BL51 BANKED LINKER/LOCATER V6.22                                                      05/07/2019  16:37:23  PAGE 3


            CODE    1DD5H     0512H     UNIT         ?PR?_UPDATE_POSITION?BIPOLARMOTOR
            CODE    22E7H     04FBH     UNIT         ?PR?_THEORICALJP_POSITION?BIPOLARMOTOR
            CODE    27E2H     04C0H     UNIT         ?PR?_FIND_REAL_MAX?CALIBRATION
            CODE    2CA2H     040EH     UNIT         ?C_INITSEG
            CODE    30B0H     038CH     UNIT         ?PR?KEY_PROCESS?KEYPAD
            CODE    343CH     0380H     UNIT         ?PR?_ELEVATION_CALCULATION?BIPOLARMOTOR
            CODE    37BCH     01C0H     UNIT         ?PR?_CALIBRATION?CALIBRATION
            CODE    397CH     018DH     UNIT         ?PR?KEY_SCAN?KEYPAD
            CODE    3B09H     0189H     UNIT         ?PR?SPI_NOR_WRITE_DATA?AT25SF041
            CODE    3C92H     0188H     UNIT         ?PR?SIN?SIN
            CODE    3E1AH     0166H     UNIT         ?PR?_POW?POW
            CODE    3F80H     0155H     UNIT         ?PR?_DISPLAY_POS?LCD_DRIVER_SPLC780D
            CODE    40D5H     0129H     UNIT         ?PR?LOG?LOG
            CODE    41FEH     0122H     UNIT         ?PR?ATAN?ATAN
            CODE    4320H     0110H     UNIT         ?PR?_AT25SF041_READ?AT25SF041
            CODE    4430H     0102H     UNIT         ?PR?_AT25SF041_WRITE?AT25SF041
            CODE    4532H     00F5H     UNIT         ?PR?EXINT0?MAIN
            CODE    4627H     00C3H     UNIT         ?PR?LINEAR_INTERPOLATE?BIPOLARMOTOR
            CODE    46EAH     00BBH     UNIT         ?PR?VOLTAGE_IS_STABLE?CALIBRATION
            CODE    47A5H     00ADH     UNIT         ?PR?_WRITE_PI4IOE5V96248?IOEXPANDER_PI4IOE5V96248
            CODE    4852H     00ACH     UNIT         ?PR?SQRT?SQRT
            CODE    48FEH     00A1H     UNIT         ?PR?UCREAD_STATUS_REGISTER_BYTE1?AT25SF041
            CODE    499FH     009DH     UNIT         ?PR?_ATAN2?ATAN2
            CODE    4A3CH     009CH     UNIT         ?PR?_MAX_VALUE?CALIBRATION
            CODE    4AD8H     009AH     UNIT         ?PR?EXP?EXP
            CODE    4B72H     008CH     UNIT         ?C_C51STARTUP
            CODE    4BFEH     0088H     UNIT         ?PR?_DAY_OF_YEAR?PCF85063BTL
            CODE    4C86H     0079H     UNIT         ?PR?_WRITEDATA?LCD_DRIVER_SPLC780D
            CODE    4CFFH     0072H     UNIT         ?PR?AT25SF041_WRITEENABLE?AT25SF041
            CODE    4D71H     006FH     UNIT         ?PR?_READ_TIME?PCF85063BTL
            CODE    4DE0H     005AH     UNIT         ?PR?AT25SF041_CHIPERASE?AT25SF041
            CODE    4E3AH     0059H     UNIT         ?PR?LCD_INIT?LCD_DRIVER_SPLC780D
            CODE    4E93H     004AH     UNIT         ?PR?VONESTEPMOVE?BIPOLARMOTOR
            CODE    4EDDH     004AH     UNIT         ?PR?ACOS?ACOS
            CODE    4F27H     0044H     UNIT         ?C?LDIV
            CODE    4F6BH     0040H     UNIT         ?PR?_COMMAND?LCD_DRIVER_SPLC780D
            CODE    4FABH     0040H     UNIT         ?PR?_STEP_MOVE?BIPOLARMOTOR
            CODE    4FEBH     003BH     UNIT         ?PR?ASIN?ASIN
            CODE    5026H     0031H     UNIT         ?PR?SI1120_CONFIG_MODE_VIRH?SI1120
            CODE    5057H     002BH     UNIT         ?PR?_WAIT_MS_I2C?IOEXPANDER_PI4IOE5V96248
            CODE    5082H     002BH     UNIT         ?PR?_WAIT_MS_SPINOR?AT25SF041
            CODE    50ADH     002AH     UNIT         ?PR?_ADC_GETRESULT?ADC
            CODE    50D7H     0028H     UNIT         ?PR?_MOVE?BIPOLARMOTOR
            CODE    50FFH     0027H     UNIT         ?PR?_I2C_SENDBYTE?IOEXPANDER_PI4IOE5V96248
            CODE    5126H     0025H     UNIT         ?PR?_FINDCLOSESTSAMEDAYCALIBTIME?CALIBRATION
            CODE    514BH     0024H     UNIT         ?PR?_WAIT_MS?LCD_DRIVER_SPLC780D
            CODE    516FH     0021H     UNIT         ?PR?TM0_ISR?MAIN
            CODE    5190H     0020H     UNIT         ?PR?_SPI_SENDBYTE?PCF85063BTL
            CODE    51B0H     0020H     UNIT         ?PR?SPI_RECEIVEBYTE?PCF85063BTL
            CODE    51D0H     001EH     UNIT         ?PR?_DELAY_MS?KEYPAD
            CODE    51EEH     001DH     UNIT         ?PR?_DISPLAYLCD?LCD_DRIVER_SPLC780D
            CODE    520BH     001BH     UNIT         ?PR?_BCDTODEC1?BIPOLARMOTOR
            CODE    5226H     001AH     UNIT         ?PR?ADC_INIT?ADC
            CODE    5240H     0018H     UNIT         ?PR?_SPI_WRITETIME?PCF85063BTL
            CODE    5258H     0016H     UNIT         ?PR?I2C_ACK?IOEXPANDER_PI4IOE5V96248
            CODE    526EH     0015H     UNIT         ?PR?_DISPLAY_LINE?LCD_DRIVER_SPLC780D
            CODE    5283H     0015H     UNIT         ?PR?VSETLOCATION?BIPOLARMOTOR
BL51 BANKED LINKER/LOCATER V6.22                                                      05/07/2019  16:37:23  PAGE 4


            CODE    5298H     0015H     UNIT         ?PR?I2C_STOP?IOEXPANDER_PI4IOE5V96248
            CODE    52ADH     0014H     UNIT         ?PR?_PCF85063BTL_DELAY?PCF85063BTL
            CODE    52C1H     0014H     UNIT         ?PR?_ABS?LCD_DRIVER_SPLC780D
            CODE    52D5H     0011H     UNIT         ?PR?_SPI_READTIME?PCF85063BTL
            CODE    52E6H     0011H     UNIT         ?PR?_BCDTODEC?PCF85063BTL
            CODE    52F7H     000FH     UNIT         ?PR?I2C_START?IOEXPANDER_PI4IOE5V96248
            CODE    5306H     000FH     UNIT         ?PR?UC_NACK?IOEXPANDER_PI4IOE5V96248
            CODE    5315H     000DH     UNIT         ?PR?ENABLE_EXTINT0?SI1120
            CODE    5322H     000CH     UNIT         ?PR?KEYPAD_IO_INIT?KEYPAD
            CODE    532EH     000AH     UNIT         ?PR?LCD_RETURN_HOME?LCD_DRIVER_SPLC780D
            CODE    5338H     000AH     UNIT         ?PR?LCD_CLEAR?LCD_DRIVER_SPLC780D
            CODE    5342H     0009H     UNIT         ?PR?TM1_ISR?MAIN
            CODE    534BH     0006H     UNIT         ?PR?UC_ACK?IOEXPANDER_PI4IOE5V96248



OVERLAY MAP OF MODULE:   .\Obj\GPIO_RTC_Test (MAIN)


SEGMENT                                             BIT_GROUP          XDATA_GROUP
  +--> CALLED SEGMENT                            START    LENGTH     START    LENGTH
------------------------------------------------------------------------------------
?PR?EXINT0?MAIN                                  -----    -----      -----    -----
  +--> ?PR?_POW?POW

?PR?_POW?POW                                     -----    -----      03BCH    000AH
  +--> ?PR?LOG?LOG
  +--> ?PR?EXP?EXP

?PR?LOG?LOG                                      0020H.0  0000H.1    03C6H    0004H

*** NEW ROOT ***************************************************

?C_C51STARTUP                                    -----    -----      -----    -----
  +--> ?PR?MAIN?MAIN
  +--> ?C_INITSEG

?PR?MAIN?MAIN                                    -----    -----      03CAH    002EH
  +--> ?PR?LCD_INIT?LCD_DRIVER_SPLC780D
  +--> ?PR?SPI_INIT?PCF85063BTL
  +--> ?PR?KEYPAD_IO_INIT?KEYPAD
  +--> ?PR?ADC_INIT?ADC
  +--> ?PR?SI1120_CONFIG_MODE_VIRH?SI1120
  +--> ?PR?ENABLE_EXTINT0?SI1120
  +--> ?PR?VSETLOCATION?BIPOLARMOTOR
  +--> ?PR?_DISPLAY_LINE?LCD_DRIVER_SPLC780D
  +--> ?PR?_WRITEDATA?LCD_DRIVER_SPLC780D
  +--> ?PR?KEY_PROCESS?KEYPAD
  +--> ?PR?_DISPLAY_POS?LCD_DRIVER_SPLC780D
  +--> ?PR?_COMMAND?LCD_DRIVER_SPLC780D
  +--> ?PR?_DISPLAYLCD?LCD_DRIVER_SPLC780D
  +--> ?PR?_STEP_MOVE?BIPOLARMOTOR
  +--> ?PR?LCD_RETURN_HOME?LCD_DRIVER_SPLC780D
  +--> ?PR?_READ_TIME?PCF85063BTL
  +--> ?PR?_BCDTODEC1?BIPOLARMOTOR
  +--> ?PR?_ELEVATION_CALCULATION?BIPOLARMOTOR
  +--> ?PR?SIN?SIN
BL51 BANKED LINKER/LOCATER V6.22                                                      05/07/2019  16:37:23  PAGE 5


  +--> ?PR?_CALIBRATION?CALIBRATION
  +--> ?PR?AT25SF041_WRITEENABLE?AT25SF041
  +--> ?PR?_AT25SF041_WRITE?AT25SF041
  +--> ?PR?_WAIT_MS_SPINOR?AT25SF041
  +--> ?PR?_UPDATE_POSITION?BIPOLARMOTOR
  +--> ?PR?_ADC_GETRESULT?ADC
  +--> ?PR?SPI_NOR_WRITE_DATA?AT25SF041
  +--> ?PR?LINEAR_INTERPOLATE?BIPOLARMOTOR
  +--> ?PR?_FINDCLOSESTSAMEDAYCALIBTIME?CALI...
  +--> ?PR?LCD_CLEAR?LCD_DRIVER_SPLC780D
  +--> ?PR?AT25SF041_CHIPERASE?AT25SF041

?PR?LCD_INIT?LCD_DRIVER_SPLC780D                 -----    -----      -----    -----
  +--> ?PR?_WAIT_MS?LCD_DRIVER_SPLC780D
  +--> ?PR?_COMMAND?LCD_DRIVER_SPLC780D

?PR?_COMMAND?LCD_DRIVER_SPLC780D                 -----    -----      -----    -----
  +--> ?PR?_WAIT_MS?LCD_DRIVER_SPLC780D

?PR?SI1120_CONFIG_MODE_VIRH?SI1120               -----    -----      -----    -----
  +--> ?PR?_WAIT_MS?LCD_DRIVER_SPLC780D

?PR?_DISPLAY_LINE?LCD_DRIVER_SPLC780D            -----    -----      -----    -----
  +--> ?PR?_COMMAND?LCD_DRIVER_SPLC780D

?PR?_WRITEDATA?LCD_DRIVER_SPLC780D               -----    -----      04E2H    0001H
  +--> ?PR?_WAIT_MS?LCD_DRIVER_SPLC780D

?PR?KEY_PROCESS?KEYPAD                           -----    -----      03F8H    0006H
  +--> ?PR?KEY_SCAN?KEYPAD
  +--> ?PR?_SPI_WRITETIME?PCF85063BTL
  +--> ?PR?LCD_CLEAR?LCD_DRIVER_SPLC780D
  +--> ?PR?_COMMAND?LCD_DRIVER_SPLC780D
  +--> ?PR?_WRITEDATA?LCD_DRIVER_SPLC780D

?PR?KEY_SCAN?KEYPAD                              -----    -----      03FEH    0003H

?PR?_SPI_WRITETIME?PCF85063BTL                   -----    -----      -----    -----
  +--> ?PR?_SPI_SENDBYTE?PCF85063BTL

?PR?_SPI_SENDBYTE?PCF85063BTL                    -----    -----      -----    -----
  +--> ?PR?_PCF85063BTL_DELAY?PCF85063BTL

?PR?LCD_CLEAR?LCD_DRIVER_SPLC780D                -----    -----      -----    -----
  +--> ?PR?_COMMAND?LCD_DRIVER_SPLC780D

?PR?_DISPLAY_POS?LCD_DRIVER_SPLC780D             -----    -----      04D7H    000BH
  +--> ?PR?_ABS?LCD_DRIVER_SPLC780D
  +--> ?PR?_WRITEDATA?LCD_DRIVER_SPLC780D

?PR?_DISPLAYLCD?LCD_DRIVER_SPLC780D              -----    -----      03F8H    0001H
  +--> ?PR?_WRITEDATA?LCD_DRIVER_SPLC780D

?PR?_STEP_MOVE?BIPOLARMOTOR                      0020H.2  0000H.1    04DBH    0004H
  +--> ?PR?VONESTEPMOVE?BIPOLARMOTOR

?PR?VONESTEPMOVE?BIPOLARMOTOR                    0020H.3  0000H.1    -----    -----
BL51 BANKED LINKER/LOCATER V6.22                                                      05/07/2019  16:37:23  PAGE 6


  +--> ?PR?_WRITE_PI4IOE5V96248?IOEXPANDER_P...
  +--> ?PR?_DELAY_MS?KEYPAD

?PR?_WRITE_PI4IOE5V96248?IOEXPANDER_P...         -----    -----      04DFH    0003H
  +--> ?PR?I2C_START?IOEXPANDER_PI4IOE5V96248
  +--> ?PR?_WAIT_MS_I2C?IOEXPANDER_PI4IOE5V9...
  +--> ?PR?_I2C_SENDBYTE?IOEXPANDER_PI4IOE5V...
  +--> ?PR?I2C_ACK?IOEXPANDER_PI4IOE5V96248
  +--> ?PR?I2C_STOP?IOEXPANDER_PI4IOE5V96248

?PR?I2C_START?IOEXPANDER_PI4IOE5V96248           -----    -----      -----    -----
  +--> ?PR?_WAIT_MS_I2C?IOEXPANDER_PI4IOE5V9...

?PR?_I2C_SENDBYTE?IOEXPANDER_PI4IOE5V...         -----    -----      -----    -----
  +--> ?PR?_WAIT_MS_I2C?IOEXPANDER_PI4IOE5V9...

?PR?I2C_ACK?IOEXPANDER_PI4IOE5V96248             -----    -----      04E2H    0001H
  +--> ?PR?_WAIT_MS_I2C?IOEXPANDER_PI4IOE5V9...

?PR?I2C_STOP?IOEXPANDER_PI4IOE5V96248            -----    -----      -----    -----
  +--> ?PR?_WAIT_MS_I2C?IOEXPANDER_PI4IOE5V9...

?PR?LCD_RETURN_HOME?LCD_DRIVER_SPLC780D          -----    -----      -----    -----
  +--> ?PR?_COMMAND?LCD_DRIVER_SPLC780D

?PR?_READ_TIME?PCF85063BTL                       -----    -----      03F8H    000FH
  +--> ?PR?_SPI_READTIME?PCF85063BTL

?PR?_SPI_READTIME?PCF85063BTL                    -----    -----      -----    -----
  +--> ?PR?_SPI_SENDBYTE?PCF85063BTL
  +--> ?PR?SPI_RECEIVEBYTE?PCF85063BTL

?PR?SPI_RECEIVEBYTE?PCF85063BTL                  -----    -----      -----    -----
  +--> ?PR?_PCF85063BTL_DELAY?PCF85063BTL

?PR?_ELEVATION_CALCULATION?BIPOLARMOTOR          -----    -----      03F8H    0005H
  +--> ?PR?_BCDTODEC1?BIPOLARMOTOR
  +--> ?PR?SUNPOS?SUNPOS
  +--> ?PR?SIN?SIN
  +--> ?PR?ASIN?ASIN

?PR?SUNPOS?SUNPOS                                -----    -----      0442H    005DH
  +--> ?PR?SIN?SIN
  +--> ?PR?_ATAN2?ATAN2
  +--> ?PR?ASIN?ASIN
  +--> ?PR?ACOS?ACOS

?PR?SIN?SIN                                      0020H.1  0000H.1    049FH    0004H

?PR?_ATAN2?ATAN2                                 -----    -----      049FH    0008H
  +--> ?PR?ATAN?ATAN

?PR?ATAN?ATAN                                    0020H.1  0000H.2    04A7H    0004H

?PR?ASIN?ASIN                                    -----    -----      -----    -----
  +--> ?PR?SQRT?SQRT
  +--> ?PR?ATAN?ATAN
BL51 BANKED LINKER/LOCATER V6.22                                                      05/07/2019  16:37:23  PAGE 7



?PR?SQRT?SQRT                                    -----    -----      049FH    0004H

?PR?ACOS?ACOS                                    -----    -----      -----    -----
  +--> ?PR?SQRT?SQRT
  +--> ?PR?ATAN?ATAN

?PR?_CALIBRATION?CALIBRATION                     -----    -----      03F8H    0024H
  +--> ?PR?VOLTAGE_IS_STABLE?CALIBRATION
  +--> ?PR?_UPDATE_POSITION?BIPOLARMOTOR
  +--> ?PR?_FIND_REAL_MAX?CALIBRATION

?PR?VOLTAGE_IS_STABLE?CALIBRATION                -----    -----      041CH    0018H
  +--> ?PR?_ADC_GETRESULT?ADC
  +--> ?PR?_ABS?LCD_DRIVER_SPLC780D

?PR?_UPDATE_POSITION?BIPOLARMOTOR                -----    -----      041CH    0026H
  +--> ?PR?_BCDTODEC1?BIPOLARMOTOR
  +--> ?PR?SUNPOS?SUNPOS
  +--> ?PR?SIN?SIN
  +--> ?PR?ASIN?ASIN
  +--> ?PR?_THEORICALJP_POSITION?BIPOLARMOTOR
  +--> ?PR?_ABS?LCD_DRIVER_SPLC780D
  +--> ?PR?_MOVE?BIPOLARMOTOR

?PR?_THEORICALJP_POSITION?BIPOLARMOTOR           -----    -----      0442H    005CH
  +--> ?PR?LINEAR_INTERPOLATE?BIPOLARMOTOR

?PR?LINEAR_INTERPOLATE?BIPOLARMOTOR              -----    -----      049EH    0014H

?PR?_MOVE?BIPOLARMOTOR                           0020H.1  0000H.1    04D7H    0004H
  +--> ?PR?_STEP_MOVE?BIPOLARMOTOR

?PR?_FIND_REAL_MAX?CALIBRATION                   -----    -----      041CH    00BBH
  +--> ?PR?_ADC_GETRESULT?ADC
  +--> ?PR?_WAIT_MS?LCD_DRIVER_SPLC780D
  +--> ?PR?AT25SF041_WRITEENABLE?AT25SF041
  +--> ?PR?_AT25SF041_WRITE?AT25SF041
  +--> ?PR?_WAIT_MS_SPINOR?AT25SF041
  +--> ?PR?_COMMAND?LCD_DRIVER_SPLC780D
  +--> ?PR?_WRITEDATA?LCD_DRIVER_SPLC780D
  +--> ?PR?_DISPLAY_POS?LCD_DRIVER_SPLC780D
  +--> ?PR?_MOVE?BIPOLARMOTOR
  +--> ?PR?_MAX_VALUE?CALIBRATION

?PR?AT25SF041_WRITEENABLE?AT25SF041              -----    -----      04D7H    0002H
  +--> ?PR?_WAIT_MS_SPINOR?AT25SF041
  +--> ?PR?UCREAD_STATUS_REGISTER_BYTE1?AT25...

?PR?UCREAD_STATUS_REGISTER_BYTE1?AT25...         -----    -----      04DFH    0003H
  +--> ?PR?_WAIT_MS_SPINOR?AT25SF041

?PR?_AT25SF041_WRITE?AT25SF041                   -----    -----      04D7H    0008H
  +--> ?PR?_WAIT_MS_SPINOR?AT25SF041
  +--> ?PR?UCREAD_STATUS_REGISTER_BYTE1?AT25...

?PR?_MAX_VALUE?CALIBRATION                       -----    -----      04D7H    0004H
BL51 BANKED LINKER/LOCATER V6.22                                                      05/07/2019  16:37:23  PAGE 8



?PR?SPI_NOR_WRITE_DATA?AT25SF041                 -----    -----      03F8H    000EH
  +--> ?PR?AT25SF041_WRITEENABLE?AT25SF041
  +--> ?PR?_AT25SF041_WRITE?AT25SF041
  +--> ?PR?_WAIT_MS_SPINOR?AT25SF041

?PR?AT25SF041_CHIPERASE?AT25SF041                -----    -----      03F8H    0002H
  +--> ?PR?_WAIT_MS_SPINOR?AT25SF041
  +--> ?PR?UCREAD_STATUS_REGISTER_BYTE1?AT25...



SYMBOL TABLE OF MODULE:  .\Obj\GPIO_RTC_Test (MAIN)

  VALUE           TYPE          NAME
  ----------------------------------

  -------         MODULE        MAIN
  C:0000H         SYMBOL        _ICE_DUMMY_
  X:04EBH         PUBLIC        calib_value
  D:0080H         PUBLIC        P0
  D:00B2H         PUBLIC        P3M0
  D:0090H         PUBLIC        P1
  D:00B1H         PUBLIC        P3M1
  D:00A0H         PUBLIC        P2
  D:00B0H         PUBLIC        P3
  D:00C0H         PUBLIC        P4
  D:00C8H         PUBLIC        P5
  X:053FH         SYMBOL        PressedKey
  B:00A8H.7       PUBLIC        EA
  D:00E8H         PUBLIC        P6
  X:0543H         PUBLIC        calib_stamp
  D:00F8H         PUBLIC        P7
  X:0544H         PUBLIC        calib_bool
  X:056EH         PUBLIC        pwm_time_min
  D:00A8H         PUBLIC        IE
  X:0572H         PUBLIC        calib_time
  X:05C6H         PUBLIC        pwm_time_max
  D:00B8H         PUBLIC        IP
  B:00B0H.2       PUBLIC        INT0
  X:05CAH         PUBLIC        months
  D:00D8H         PUBLIC        CCON
  C:001EH         PUBLIC        main
  X:05CBH         PUBLIC        count
  X:05CDH         PUBLIC        days
  X:05CEH         PUBLIC        hours
  D:0098H         PUBLIC        SCON
  D:0089H         PUBLIC        TMOD
  D:0088H         PUBLIC        TCON
  B:00A0H.3       PUBLIC        P23
  X:05CFH         SYMBOL        KeyCount
  X:05D1H         PUBLIC        mins
  B:00C8H.5       PUBLIC        P55
  D:008EH         PUBLIC        AUXR
  C:516FH         PUBLIC        tm0_isr
  B:0090H.5       PUBLIC        SI1120_STX
  C:5342H         PUBLIC        tm1_isr
BL51 BANKED LINKER/LOCATER V6.22                                                      05/07/2019  16:37:23  PAGE 9


  B:0020H.4       PUBLIC        busy
  B:00A8H.1       PUBLIC        ET0
  B:00A8H.3       PUBLIC        ET1
  X:05D2H         PUBLIC        SPI_NOR_INTERNAL_FLASH_ADDR
  D:008CH         PUBLIC        TH0
  D:008DH         PUBLIC        TH1
  D:008AH         PUBLIC        TL0
  D:008BH         PUBLIC        TL1
  B:0088H.4       PUBLIC        TR0
  B:0088H.6       PUBLIC        TR1
  C:4532H         PUBLIC        exint0
  X:05D6H         SYMBOL        KeyNum
  X:05D7H         SYMBOL        KeyNum_Old
  X:05D8H         PUBLIC        timer0_count
  X:05DAH         PUBLIC        current_position
  X:05DEH         PUBLIC        pwm_time
  X:05E2H         PUBLIC        start_timer0_count
  X:05E3H         PUBLIC        seconds
  D:00D0H         PUBLIC        PSW
  -------         PROC          TM0_ISR
  C:516FH         LINE#         94
  C:5175H         LINE#         98
  C:5178H         LINE#         99
  C:517BH         LINE#         100
  C:5189H         LINE#         101
  -------         ENDPROC       TM0_ISR
  -------         PROC          TM1_ISR
  C:5342H         LINE#         102
  C:5342H         LINE#         104
  C:5344H         LINE#         106
  C:5347H         LINE#         107
  C:534AH         LINE#         108
  -------         ENDPROC       TM1_ISR
  -------         PROC          EXINT0
  C:4532H         LINE#         109
  C:454FH         LINE#         113
  C:4552H         LINE#         114
  C:4552H         LINE#         115
  C:4555H         LINE#         116
  C:4558H         LINE#         117
  C:455AH         LINE#         118
  C:455CH         LINE#         122
  C:455FH         LINE#         125
  C:455FH         LINE#         126
  C:4561H         LINE#         128
  C:456DH         LINE#         129
  C:45C7H         LINE#         130
  C:4605H         LINE#         131
  C:460CH         LINE#         136
  C:460CH         LINE#         138
  -------         ENDPROC       EXINT0
  -------         PROC          MAIN
  -------         DO            
  X:04E3H         SYMBOL        KeyCount
  X:04E5H         SYMBOL        KeyNum_Old
  X:04E6H         SYMBOL        KeyNum
  X:04E7H         SYMBOL        PressedKey
BL51 BANKED LINKER/LOCATER V6.22                                                      05/07/2019  16:37:23  PAGE 10


  X:03CAH         SYMBOL        prox_flag
  X:03CBH         SYMBOL        iUse_prevday_calib_value
  X:03CDH         SYMBOL        max_ADC_Val_JP
  X:03CFH         SYMBOL        max_ADC_Val
  X:03D1H         SYMBOL        calib_point1
  X:03D9H         SYMBOL        calib_point2
  X:03E1H         SYMBOL        dat_to_store
  X:03ECH         SYMBOL        calib_day
  X:03EEH         SYMBOL        calib_count
  X:03F0H         SYMBOL        theorical_JP_max_pos
  X:03F4H         SYMBOL        elevation
  -------         ENDDO         
  C:001EH         LINE#         140
  C:001EH         LINE#         141
  C:001EH         LINE#         146
  C:0024H         LINE#         147
  C:0029H         LINE#         149
  C:0031H         LINE#         153
  C:0037H         LINE#         154
  C:0041H         LINE#         161
  C:0049H         LINE#         162
  C:0050H         LINE#         163
  C:0056H         LINE#         165
  C:005CH         LINE#         174
  C:005EH         LINE#         175
  C:0061H         LINE#         176
  C:0064H         LINE#         177
  C:0067H         LINE#         178
  C:006AH         LINE#         179
  C:006DH         LINE#         182
  C:0070H         LINE#         185
  C:0073H         LINE#         186
  C:0076H         LINE#         188
  C:0079H         LINE#         190
  C:007CH         LINE#         191
  C:007FH         LINE#         192
  C:0082H         LINE#         193
  C:0085H         LINE#         194
  C:0088H         LINE#         195
  C:008BH         LINE#         196
  C:008DH         LINE#         197
  C:008FH         LINE#         199
  C:0091H         LINE#         207
  C:0097H         LINE#         208
  C:009CH         LINE#         209
  C:00A1H         LINE#         210
  C:00A6H         LINE#         211
  C:00ABH         LINE#         212
  C:00B0H         LINE#         215
  C:00C9H         LINE#         216
  C:00C9H         LINE#         217
  C:00E5H         LINE#         218
  C:012CH         LINE#         219
  C:013DH         LINE#         222
  C:013DH         LINE#         223
  C:013DH         LINE#         224
  C:0140H         LINE#         228
BL51 BANKED LINKER/LOCATER V6.22                                                      05/07/2019  16:37:23  PAGE 11


  C:0140H         LINE#         231
  C:0151H         LINE#         233
  C:0156H         LINE#         234
  C:015BH         LINE#         236
  C:0160H         LINE#         238
  C:0165H         LINE#         239
  C:016AH         LINE#         241
  C:017BH         LINE#         242
  C:0180H         LINE#         243
  C:0185H         LINE#         245
  C:018CH         LINE#         246
  C:0194H         LINE#         247
  C:0199H         LINE#         248
  C:01A1H         LINE#         249
  C:01A6H         LINE#         250
  C:01B0H         LINE#         251
  C:01B5H         LINE#         252
  C:01BDH         LINE#         254
  C:01C5H         LINE#         255
  C:01CAH         LINE#         256
  C:01D4H         LINE#         257
  C:01D4H         LINE#         258
  C:01D6H         LINE#         259
  C:01D8H         LINE#         260
  C:01E2H         LINE#         261
  C:01E2H         LINE#         262
  C:01E7H         LINE#         263
  C:01E7H         LINE#         275
  C:01FBH         LINE#         276
  C:01FBH         LINE#         277
  C:0210H         LINE#         278
  C:021FH         LINE#         279
  C:021FH         LINE#         280
  C:0232H         LINE#         281
  C:0234H         LINE#         283
  C:0234H         LINE#         284
  C:0250H         LINE#         285
  C:0250H         LINE#         286
  C:0255H         LINE#         287
  C:0255H         LINE#         288
  C:0269H         LINE#         289
  C:0269H         LINE#         292
  C:027EH         LINE#         293
  C:028DH         LINE#         294
  C:028DH         LINE#         295
  C:02A0H         LINE#         296
  C:02A2H         LINE#         298
  C:02A2H         LINE#         299
  C:02BEH         LINE#         300
  C:02BEH         LINE#         301
  C:02C3H         LINE#         302
  C:02C9H         LINE#         303
  C:02C9H         LINE#         305
  C:02EBH         LINE#         306
  C:02EBH         LINE#         307
  C:02F5H         LINE#         308
  C:02FBH         LINE#         309
BL51 BANKED LINKER/LOCATER V6.22                                                      05/07/2019  16:37:23  PAGE 12


  C:0302H         LINE#         310
  C:0308H         LINE#         311
  C:030FH         LINE#         312
  C:030FH         LINE#         313
  C:0312H         LINE#         315
  C:0312H         LINE#         320
  C:034DH         LINE#         324
  C:035AH         LINE#         325
  C:035AH         LINE#         329
  C:035AH         LINE#         330
  C:0382H         LINE#         331
  C:0382H         LINE#         332
  C:03A4H         LINE#         333
  C:03A4H         LINE#         335
  C:03CAH         LINE#         338
  C:0407H         LINE#         344
  C:0407H         LINE#         345
  C:0483H         LINE#         346
  C:049CH         LINE#         347
  C:0526H         LINE#         348
  C:0552H         LINE#         349
  C:0552H         LINE#         350
  C:056EH         LINE#         352
  C:058AH         LINE#         353
  C:058AH         LINE#         354
  C:058AH         LINE#         356
  C:058AH         LINE#         358
  C:0591H         LINE#         359
  C:0591H         LINE#         360
  C:0594H         LINE#         361
  C:05B2H         LINE#         362
  C:05B9H         LINE#         363
  C:05D8H         LINE#         364
  C:05F7H         LINE#         366
  C:0673H         LINE#         367
  C:068BH         LINE#         370
  C:06F9H         LINE#         371
  C:0734H         LINE#         372
  C:0741H         LINE#         373
  C:0751H         LINE#         374
  C:0751H         LINE#         376
  C:0759H         LINE#         377
  C:0761H         LINE#         378
  C:0769H         LINE#         379
  C:0771H         LINE#         381
  C:077FH         LINE#         382
  C:0795H         LINE#         383
  C:07C5H         LINE#         384
  C:07E5H         LINE#         386
  C:07F9H         LINE#         387
  C:080FH         LINE#         388
  C:083FH         LINE#         389
  C:0846H         LINE#         391
  C:086AH         LINE#         394
  C:086CH         LINE#         396
  C:087AH         LINE#         397
  C:087AH         LINE#         398
BL51 BANKED LINKER/LOCATER V6.22                                                      05/07/2019  16:37:23  PAGE 13


  C:0882H         LINE#         400
  C:0882H         LINE#         403
  C:0882H         LINE#         404
  C:088FH         LINE#         405
  C:088FH         LINE#         406
  C:08B1H         LINE#         407
  C:08B1H         LINE#         408
  C:092DH         LINE#         409
  C:0989H         LINE#         410
  C:0989H         LINE#         412
  C:098CH         LINE#         416
  C:098CH         LINE#         419
  C:09AEH         LINE#         420
  C:09AEH         LINE#         421
  C:0A2AH         LINE#         423
  C:0A57H         LINE#         424
  C:0A72H         LINE#         425
  C:0A9FH         LINE#         426
  C:0AD2H         LINE#         427
  C:0AD2H         LINE#         428
  C:0AFCH         LINE#         429
  C:0B9CH         LINE#         430
  C:0B9EH         LINE#         432
  C:0B9EH         LINE#         433
  C:0C17H         LINE#         434
  C:0C17H         LINE#         438
  C:0C17H         LINE#         440
  C:0C17H         LINE#         441
  C:0C17H         LINE#         443
  C:0C17H         LINE#         446
  C:0C33H         LINE#         447
  C:0C37H         LINE#         449
  C:0C39H         LINE#         452
  C:0C48H         LINE#         453
  C:0C48H         LINE#         454
  C:0C4BH         LINE#         455
  C:0C52H         LINE#         456
  C:0C57H         LINE#         457
  C:0C5CH         LINE#         458
  C:0C61H         LINE#         459
  C:0C66H         LINE#         460
  C:0C6BH         LINE#         470
  C:0C6EH         LINE#         472
  C:0C71H         LINE#         473
  C:0C78H         LINE#         474
  C:0C82H         LINE#         475
  C:0C89H         LINE#         477
  C:0C8CH         LINE#         486
  C:0C8CH         LINE#         487
  -------         ENDPROC       MAIN
  -------         ENDMOD        MAIN

  -------         MODULE        PCF85063BTL
  C:0000H         SYMBOL        _ICE_DUMMY_
  D:0096H         PUBLIC        P2M0
  D:0080H         PUBLIC        P0
  D:0095H         PUBLIC        P2M1
BL51 BANKED LINKER/LOCATER V6.22                                                      05/07/2019  16:37:23  PAGE 14


  D:0090H         PUBLIC        P1
  D:00A0H         PUBLIC        P2
  D:00B0H         PUBLIC        P3
  D:00C0H         PUBLIC        P4
  D:00C8H         PUBLIC        P5
  D:00E8H         PUBLIC        P6
  B:00A0H.1       PUBLIC        PCF85063BTL_SDI
  D:00F8H         PUBLIC        P7
  B:00A0H.2       PUBLIC        PCF85063BTL_SCK
  B:00A0H.1       PUBLIC        PCF85063BTL_SDO
  D:00A8H         PUBLIC        IE
  C:4D71H         PUBLIC        _Read_time
  C:52B3H         PUBLIC        _PCF85063BTL_Delay
  D:00B8H         PUBLIC        IP
  D:00D8H         PUBLIC        CCON
  C:4BFEH         PUBLIC        _Day_Of_Year
  C:51B0H         PUBLIC        SPI_ReceiveByte
  D:0098H         PUBLIC        SCON
  D:0088H         PUBLIC        TCON
  C:52E6H         PUBLIC        _BCDtoDec
  B:00A0H.0       PUBLIC        PCF85063BTL_CS
  C:52D5H         PUBLIC        _SPI_ReadTime
  C:000EH         PUBLIC        SPI_Init
  C:5240H         PUBLIC        _SPI_WriteTime
  C:5190H         PUBLIC        _SPI_SendByte
  D:00D0H         PUBLIC        PSW
  C:52AFH         SYMBOL        L?0048
  -------         PROC          L?0047
  -------         ENDPROC       L?0047
  C:52AFH         SYMBOL        L?0048
  -------         PROC          _PCF85063BTL_DELAY
  D:0006H         SYMBOL        us
  C:52B3H         LINE#         8
  C:52B3H         LINE#         9
  C:52B3H         LINE#         10
  C:52BDH         LINE#         11
  C:52BDH         LINE#         12
  C:52BEH         LINE#         13
  C:52C0H         LINE#         14
  -------         ENDPROC       _PCF85063BTL_DELAY
  -------         PROC          _SPI_SENDBYTE
  D:0005H         SYMBOL        dat
  -------         DO            
  D:0003H         SYMBOL        i
  -------         ENDDO         
  C:5190H         LINE#         17
  C:5192H         LINE#         18
  C:5192H         LINE#         20
  C:5194H         LINE#         21
  C:5194H         LINE#         22
  C:5196H         LINE#         23
  C:519AH         LINE#         24
  C:519AH         LINE#         25
  C:519CH         LINE#         26
  C:519EH         LINE#         28
  C:519EH         LINE#         29
  C:51A0H         LINE#         30
BL51 BANKED LINKER/LOCATER V6.22                                                      05/07/2019  16:37:23  PAGE 15


  C:51A0H         LINE#         31
  C:51A3H         LINE#         32
  C:51A3H         LINE#         33
  C:51A6H         LINE#         34
  C:51AAH         LINE#         35
  C:51AFH         LINE#         36
  -------         ENDPROC       _SPI_SENDBYTE
  -------         PROC          SPI_RECEIVEBYTE
  -------         DO            
  D:0003H         SYMBOL        i
  D:0005H         SYMBOL        dat
  -------         ENDDO         
  C:51B0H         LINE#         39
  C:51B0H         LINE#         40
  C:51B0H         LINE#         42
  C:51B2H         LINE#         44
  C:51B4H         LINE#         45
  C:51B5H         LINE#         46
  C:51B5H         LINE#         47
  C:51B9H         LINE#         48
  C:51BBH         LINE#         49
  C:51BEH         LINE#         51
  C:51C1H         LINE#         52
  C:51C1H         LINE#         53
  C:51C5H         LINE#         54
  C:51C5H         LINE#         55
  C:51C5H         LINE#         56
  C:51C8H         LINE#         57
  C:51CDH         LINE#         58
  C:51CFH         LINE#         59
  -------         ENDPROC       SPI_RECEIVEBYTE
  -------         PROC          _SPI_READTIME
  D:0007H         SYMBOL        addr
  -------         DO            
  D:0006H         SYMBOL        dat
  -------         ENDDO         
  C:52D5H         LINE#         61
  C:52D5H         LINE#         62
  C:52D5H         LINE#         64
  C:52D7H         LINE#         65
  C:52D9H         LINE#         66
  C:52E0H         LINE#         67
  C:52E3H         LINE#         68
  C:52E5H         LINE#         69
  C:52E5H         LINE#         70
  -------         ENDPROC       _SPI_READTIME
  -------         PROC          _SPI_WRITETIME
  D:0002H         SYMBOL        val
  D:0005H         SYMBOL        addr
  C:5240H         LINE#         71
  C:5242H         LINE#         72
  C:5242H         LINE#         74
  C:5244H         LINE#         75
  C:524BH         LINE#         76
  C:5250H         LINE#         77
  C:5255H         LINE#         78
  C:5257H         LINE#         79
BL51 BANKED LINKER/LOCATER V6.22                                                      05/07/2019  16:37:23  PAGE 16


  -------         ENDPROC       _SPI_WRITETIME
  -------         PROC          SPI_INIT
  C:000EH         LINE#         83
  C:000EH         LINE#         84
  C:000EH         LINE#         89
  C:0011H         LINE#         90
  C:0014H         LINE#         91
  C:0016H         LINE#         92
  C:0018H         LINE#         93
  C:001AH         LINE#         94
  -------         ENDPROC       SPI_INIT
  -------         PROC          _READ_TIME
  X:03F8H         SYMBOL        months
  X:03FBH         SYMBOL        days
  X:03FEH         SYMBOL        hours
  X:0401H         SYMBOL        mins
  X:0404H         SYMBOL        seconds
  C:4D71H         LINE#         96
  C:4D7CH         LINE#         97
  C:4D7CH         LINE#         99
  C:4D90H         LINE#         101
  C:4DA4H         LINE#         103
  C:4DB8H         LINE#         108
  C:4DCCH         LINE#         113
  -------         ENDPROC       _READ_TIME
  -------         PROC          _BCDTODEC
  D:0007H         SYMBOL        bcd
  -------         DO            
  D:0006H         SYMBOL        hi
  D:0007H         SYMBOL        lo
  -------         ENDDO         
  C:52E6H         LINE#         119
  C:52E6H         LINE#         120
  C:52E6H         LINE#         122
  C:52EBH         LINE#         123
  C:52EFH         LINE#         124
  C:52F6H         LINE#         125
  -------         ENDPROC       _BCDTODEC
  -------         PROC          _DAY_OF_YEAR
  D:0007H         SYMBOL        months_bcd
  D:0005H         SYMBOL        days_bcd
  -------         DO            
  D:0004H         SYMBOL        months
  D:0007H         SYMBOL        days
  -------         ENDDO         
  C:4BFEH         LINE#         126
  C:4BFEH         LINE#         127
  C:4BFEH         LINE#         130
  C:4C03H         LINE#         132
  C:4C08H         LINE#         134
  C:4C41H         LINE#         135
  C:4C41H         LINE#         136
  C:4C41H         LINE#         137
  C:4C44H         LINE#         138
  C:4C44H         LINE#         139
  C:4C44H         LINE#         140
  C:4C49H         LINE#         141
BL51 BANKED LINKER/LOCATER V6.22                                                      05/07/2019  16:37:23  PAGE 17


  C:4C49H         LINE#         142
  C:4C49H         LINE#         143
  C:4C4EH         LINE#         144
  C:4C4EH         LINE#         145
  C:4C4EH         LINE#         146
  C:4C53H         LINE#         147
  C:4C53H         LINE#         148
  C:4C53H         LINE#         149
  C:4C58H         LINE#         150
  C:4C58H         LINE#         151
  C:4C58H         LINE#         152
  C:4C5DH         LINE#         153
  C:4C5DH         LINE#         154
  C:4C5DH         LINE#         155
  C:4C62H         LINE#         156
  C:4C62H         LINE#         157
  C:4C62H         LINE#         158
  C:4C67H         LINE#         159
  C:4C67H         LINE#         160
  C:4C67H         LINE#         161
  C:4C6FH         LINE#         162
  C:4C6FH         LINE#         163
  C:4C6FH         LINE#         164
  C:4C74H         LINE#         165
  C:4C74H         LINE#         166
  C:4C74H         LINE#         167
  C:4C79H         LINE#         168
  C:4C79H         LINE#         169
  C:4C79H         LINE#         170
  C:4C82H         LINE#         171
  C:4C82H         LINE#         172
  C:4C82H         LINE#         173
  C:4C85H         LINE#         174
  C:4C85H         LINE#         175
  -------         ENDPROC       _DAY_OF_YEAR
  -------         ENDMOD        PCF85063BTL

  -------         MODULE        LCD_DRIVER_SPLC780D
  C:0000H         SYMBOL        _ICE_DUMMY_
  D:0092H         PUBLIC        P1M0
  D:0091H         PUBLIC        P1M1
  D:0080H         PUBLIC        P0
  D:0090H         PUBLIC        P1
  D:00A0H         PUBLIC        P2
  D:00B0H         PUBLIC        P3
  D:00C0H         PUBLIC        P4
  D:00C8H         PUBLIC        P5
  D:00E8H         PUBLIC        P6
  D:00F8H         PUBLIC        P7
  C:4C8AH         PUBLIC        _WriteData
  D:00A8H         PUBLIC        IE
  D:00B8H         PUBLIC        IP
  D:00D8H         PUBLIC        CCON
  B:00B0H.4       PUBLIC        LCD_D4
  B:00B0H.5       PUBLIC        LCD_D5
  B:00B0H.6       PUBLIC        LCD_D6
  C:51EEH         PUBLIC        _DisplayLCD
BL51 BANKED LINKER/LOCATER V6.22                                                      05/07/2019  16:37:23  PAGE 18


  B:00B0H.7       PUBLIC        LCD_D7
  D:0098H         PUBLIC        SCON
  D:0088H         PUBLIC        TCON
  C:52C1H         PUBLIC        _abs
  C:5338H         PUBLIC        LCD_clear
  C:4F6BH         PUBLIC        _Command
  C:526EH         PUBLIC        _Display_Line
  C:4E3AH         PUBLIC        LCD_Init
  C:5151H         PUBLIC        _Wait_ms
  B:00C0H.0       PUBLIC        LCD_RS
  B:0090H.3       PUBLIC        LCD_RW
  C:532EH         PUBLIC        LCD_return_home
  C:3F80H         PUBLIC        _Display_Pos
  B:00B0H.3       PUBLIC        LCD_E
  D:00D0H         PUBLIC        PSW
  -------         PROC          LCD_INIT
  C:4E3AH         LINE#         9
  C:4E3AH         LINE#         10
  C:4E3AH         LINE#         11
  C:4E3DH         LINE#         12
  C:4E40H         LINE#         14
  C:4E46H         LINE#         15
  C:4E4BH         LINE#         17
  C:4E52H         LINE#         18
  C:4E57H         LINE#         20
  C:4E5AH         LINE#         21
  C:4E5FH         LINE#         23
  C:4E62H         LINE#         24
  C:4E67H         LINE#         26
  C:4E6EH         LINE#         29
  C:4E73H         LINE#         30
  C:4E78H         LINE#         32
  C:4E7DH         LINE#         33
  C:4E82H         LINE#         35
  C:4E87H         LINE#         36
  C:4E8CH         LINE#         37
  -------         ENDPROC       LCD_INIT
  C:4C86H         SYMBOL        L?0038
  -------         PROC          L?0037
  -------         ENDPROC       L?0037
  C:4C86H         SYMBOL        L?0038
  -------         PROC          _WRITEDATA
  X:04E2H         SYMBOL        dat
  C:4C8AH         LINE#         40
  C:4C8FH         LINE#         41
  C:4C8FH         LINE#         46
  C:4C91H         LINE#         47
  C:4C93H         LINE#         49
  C:4CA1H         LINE#         50
  C:4CADH         LINE#         51
  C:4CB9H         LINE#         52
  C:4CC3H         LINE#         53
  C:4CC5H         LINE#         54
  C:4CCCH         LINE#         55
  C:4CCEH         LINE#         57
  C:4CDEH         LINE#         58
  C:4CE9H         LINE#         59
BL51 BANKED LINKER/LOCATER V6.22                                                      05/07/2019  16:37:23  PAGE 19


  C:4CF3H         LINE#         60
  C:4CF7H         LINE#         62
  C:4CF7H         LINE#         63
  C:4CFAH         LINE#         64
  C:4CFCH         LINE#         65
  C:4CFEH         LINE#         67
  -------         ENDPROC       _WRITEDATA
  -------         PROC          _COMMAND
  D:0007H         SYMBOL        dat
  C:4F6BH         LINE#         69
  C:4F6BH         LINE#         70
  C:4F6BH         LINE#         71
  C:4F6DH         LINE#         72
  C:4F6FH         LINE#         74
  C:4F79H         LINE#         75
  C:4F7DH         LINE#         77
  C:4F7FH         LINE#         78
  C:4F88H         LINE#         79
  C:4F8CH         LINE#         81
  C:4F8EH         LINE#         82
  C:4F95H         LINE#         83
  C:4F99H         LINE#         85
  C:4F9BH         LINE#         86
  C:4F9FH         LINE#         87
  C:4FA3H         LINE#         89
  C:4FA5H         LINE#         90
  C:4FA5H         LINE#         91
  C:4FA8H         LINE#         92
  C:4FAAH         LINE#         93
  -------         ENDPROC       _COMMAND
  C:514DH         SYMBOL        L?0040
  -------         PROC          L?0039
  -------         ENDPROC       L?0039
  C:514DH         SYMBOL        L?0040
  -------         PROC          _WAIT_MS
  D:0006H         SYMBOL        ms
  -------         DO            
  D:0004H         SYMBOL        De_Cnt
  -------         ENDDO         
  C:5151H         LINE#         95
  C:5151H         LINE#         96
  C:5151H         LINE#         98
  C:515BH         LINE#         99
  C:515BH         LINE#         100
  C:516EH         LINE#         101
  C:516EH         LINE#         102
  -------         ENDPROC       _WAIT_MS
  -------         PROC          _DISPLAYLCD
  D:0007H         SYMBOL        BCD
  -------         DO            
  D:0006H         SYMBOL        first_digit
  X:03F8H         SYMBOL        second_digit
  -------         ENDDO         
  C:51EEH         LINE#         103
  C:51EEH         LINE#         104
  C:51EEH         LINE#         106
  C:51F5H         LINE#         107
BL51 BANKED LINKER/LOCATER V6.22                                                      05/07/2019  16:37:23  PAGE 20


  C:51FEH         LINE#         109
  C:5203H         LINE#         111
  -------         ENDPROC       _DISPLAYLCD
  -------         PROC          LCD_RETURN_HOME
  C:532EH         LINE#         115
  C:532EH         LINE#         116
  C:532EH         LINE#         117
  C:5333H         LINE#         118
  -------         ENDPROC       LCD_RETURN_HOME
  -------         PROC          LCD_CLEAR
  C:5338H         LINE#         121
  C:5338H         LINE#         122
  C:5338H         LINE#         123
  C:533DH         LINE#         124
  -------         ENDPROC       LCD_CLEAR
  -------         PROC          _DISPLAY_LINE
  D:0006H         SYMBOL        line
  C:526EH         LINE#         128
  C:526EH         LINE#         129
  C:526EH         LINE#         130
  C:5274H         LINE#         131
  C:5274H         LINE#         132
  C:5276H         LINE#         133
  C:5276H         LINE#         134
  C:5278H         LINE#         136
  C:5278H         LINE#         137
  C:527DH         LINE#         138
  C:5282H         LINE#         139
  C:5282H         LINE#         140
  -------         ENDPROC       _DISPLAY_LINE
  -------         PROC          _DISPLAY_POS
  X:04D7H         SYMBOL        sign_dat
  -------         DO            
  X:04DBH         SYMBOL        unit
  X:04DCH         SYMBOL        ten
  X:04DDH         SYMBOL        hundred
  X:04DEH         SYMBOL        thousand
  X:04DFH         SYMBOL        after_dot
  X:04E0H         SYMBOL        dat
  -------         ENDDO         
  C:3F80H         LINE#         142
  C:3F86H         LINE#         143
  C:3F86H         LINE#         147
  C:3FA2H         LINE#         148
  C:3FBCH         LINE#         149
  C:3FE0H         LINE#         151
  C:402AH         LINE#         153
  C:4041H         LINE#         154
  C:4053H         LINE#         155
  C:4078H         LINE#         156
  C:4092H         LINE#         157
  C:40AAH         LINE#         158
  C:40AAH         LINE#         159
  C:40AAH         LINE#         160
  C:40AAH         LINE#         161
  C:40AAH         LINE#         162
  C:40AAH         LINE#         163
BL51 BANKED LINKER/LOCATER V6.22                                                      05/07/2019  16:37:23  PAGE 21


  C:40AAH         LINE#         164
  C:40AAH         LINE#         168
  C:40ACH         LINE#         170
  C:40ACH         LINE#         172
  C:40B1H         LINE#         173
  C:40B7H         LINE#         174
  C:40BDH         LINE#         175
  C:40C3H         LINE#         176
  C:40C9H         LINE#         177
  C:40CEH         LINE#         178
  C:40D4H         LINE#         182
  C:40D4H         LINE#         184
  -------         ENDPROC       _DISPLAY_POS
  -------         PROC          _ABS
  D:0006H         SYMBOL        dat
  C:52C1H         LINE#         186
  C:52C1H         LINE#         187
  C:52C1H         LINE#         188
  C:52CCH         LINE#         189
  C:52CDH         LINE#         191
  C:52D4H         LINE#         192
  -------         ENDPROC       _ABS
  -------         ENDMOD        LCD_DRIVER_SPLC780D

  -------         MODULE        KEYPAD
  C:0000H         SYMBOL        _ICE_DUMMY_
  D:0093H         PUBLIC        P0M1
  D:0080H         PUBLIC        P0
  D:0090H         PUBLIC        P1
  D:00A0H         PUBLIC        P2
  D:00B0H         PUBLIC        P3
  D:00C0H         PUBLIC        P4
  D:00C8H         PUBLIC        P5
  D:00E8H         PUBLIC        P6
  D:00F8H         PUBLIC        P7
  D:00A8H         PUBLIC        IE
  C:397CH         PUBLIC        Key_Scan
  D:00B8H         PUBLIC        IP
  D:00D8H         PUBLIC        CCON
  C:5322H         PUBLIC        KeyPad_IO_Init
  C:51D0H         PUBLIC        _Delay_ms
  D:0098H         PUBLIC        SCON
  D:0088H         PUBLIC        TCON
  X:05F3H         PUBLIC        small_move
  X:05F5H         PUBLIC        move
  X:05F7H         PUBLIC        auto_mode
  X:05F9H         PUBLIC        direction
  X:05FBH         PUBLIC        SPI_NOR_ClearEnable
  C:30B0H         PUBLIC        Key_Process
  D:00D0H         PUBLIC        PSW
  D:0094H         PUBLIC        P0M0
  -------         PROC          _DELAY_MS
  D:0006H         SYMBOL        ms
  -------         DO            
  D:0004H         SYMBOL        De_Cnt
  -------         ENDDO         
  C:51D0H         LINE#         20
BL51 BANKED LINKER/LOCATER V6.22                                                      05/07/2019  16:37:23  PAGE 22


  C:51D0H         LINE#         21
  C:51D0H         LINE#         23
  C:51DAH         LINE#         24
  C:51DAH         LINE#         25
  C:51EDH         LINE#         26
  C:51EDH         LINE#         27
  -------         ENDPROC       _DELAY_MS
  -------         PROC          KEY_SCAN
  -------         DO            
  X:03FEH         SYMBOL        KeyTemp1
  X:03FFH         SYMBOL        KeyTemp2
  X:0400H         SYMBOL        KeyValue
  -------         ENDDO         
  C:397CH         LINE#         28
  C:397CH         LINE#         29
  C:397CH         LINE#         34
  C:397FH         LINE#         37
  C:3982H         LINE#         39
  C:398AH         LINE#         40
  C:3991H         LINE#         41
  C:3991H         LINE#         43
  C:3996H         LINE#         44
  C:399DH         LINE#         45
  C:399DH         LINE#         48
  C:39A0H         LINE#         49
  C:39A3H         LINE#         50
  C:39A8H         LINE#         51
  C:39ACH         LINE#         52
  C:39ACH         LINE#         53
  C:39B4H         LINE#         54
  C:39B4H         LINE#         55
  C:39B7H         LINE#         56
  C:39BFH         LINE#         57
  C:39C1H         LINE#         59
  C:39D5H         LINE#         60
  C:39D5H         LINE#         61
  C:39D5H         LINE#         62
  C:39D5H         LINE#         63
  C:39DBH         LINE#         65
  C:39DDH         LINE#         66
  C:39DDH         LINE#         67
  C:39DDH         LINE#         68
  C:39E3H         LINE#         70
  C:39E5H         LINE#         71
  C:39E5H         LINE#         72
  C:39E5H         LINE#         73
  C:39EBH         LINE#         75
  C:39EDH         LINE#         76
  C:39EDH         LINE#         77
  C:39EDH         LINE#         78
  C:39F3H         LINE#         80
  C:39F3H         LINE#         81
  C:39F3H         LINE#         82
  C:39F3H         LINE#         85
  C:39F6H         LINE#         86
  C:39F9H         LINE#         87
  C:3A01H         LINE#         88
BL51 BANKED LINKER/LOCATER V6.22                                                      05/07/2019  16:37:23  PAGE 23


  C:3A05H         LINE#         89
  C:3A05H         LINE#         90
  C:3A0DH         LINE#         91
  C:3A0DH         LINE#         92
  C:3A10H         LINE#         93
  C:3A18H         LINE#         94
  C:3A1AH         LINE#         95
  C:3A2EH         LINE#         96
  C:3A2EH         LINE#         97
  C:3A2EH         LINE#         98
  C:3A2EH         LINE#         99
  C:3A34H         LINE#         101
  C:3A36H         LINE#         102
  C:3A36H         LINE#         103
  C:3A36H         LINE#         104
  C:3A3CH         LINE#         106
  C:3A3EH         LINE#         107
  C:3A3EH         LINE#         108
  C:3A3EH         LINE#         109
  C:3A44H         LINE#         111
  C:3A46H         LINE#         112
  C:3A46H         LINE#         113
  C:3A46H         LINE#         114
  C:3A4BH         LINE#         116
  C:3A4BH         LINE#         117
  C:3A4BH         LINE#         118
  C:3A4BH         LINE#         121
  C:3A4EH         LINE#         122
  C:3A51H         LINE#         123
  C:3A59H         LINE#         124
  C:3A5DH         LINE#         125
  C:3A5DH         LINE#         126
  C:3A65H         LINE#         127
  C:3A65H         LINE#         128
  C:3A68H         LINE#         129
  C:3A70H         LINE#         130
  C:3A72H         LINE#         131
  C:3A86H         LINE#         132
  C:3A86H         LINE#         133
  C:3A86H         LINE#         134
  C:3A86H         LINE#         135
  C:3A8CH         LINE#         137
  C:3A8EH         LINE#         138
  C:3A8EH         LINE#         139
  C:3A8EH         LINE#         140
  C:3A94H         LINE#         142
  C:3A96H         LINE#         143
  C:3A96H         LINE#         144
  C:3A96H         LINE#         145
  C:3A9CH         LINE#         147
  C:3A9EH         LINE#         148
  C:3A9EH         LINE#         149
  C:3A9EH         LINE#         150
  C:3AA4H         LINE#         152
  C:3AA4H         LINE#         153
  C:3AA4H         LINE#         154
  C:3AA4H         LINE#         158
BL51 BANKED LINKER/LOCATER V6.22                                                      05/07/2019  16:37:23  PAGE 24


  C:3AA7H         LINE#         159
  C:3AAAH         LINE#         160
  C:3AB2H         LINE#         161
  C:3AB6H         LINE#         162
  C:3AB6H         LINE#         163
  C:3ABEH         LINE#         164
  C:3ABEH         LINE#         165
  C:3AC1H         LINE#         166
  C:3AC9H         LINE#         167
  C:3ACBH         LINE#         168
  C:3ADFH         LINE#         169
  C:3ADFH         LINE#         170
  C:3ADFH         LINE#         171
  C:3ADFH         LINE#         172
  C:3AE5H         LINE#         174
  C:3AE7H         LINE#         175
  C:3AE7H         LINE#         176
  C:3AE7H         LINE#         177
  C:3AEDH         LINE#         179
  C:3AEFH         LINE#         180
  C:3AEFH         LINE#         181
  C:3AEFH         LINE#         182
  C:3AF5H         LINE#         184
  C:3AF7H         LINE#         185
  C:3AF7H         LINE#         186
  C:3AF7H         LINE#         187
  C:3AFDH         LINE#         189
  C:3AFDH         LINE#         190
  C:3AFDH         LINE#         191
  C:3AFDH         LINE#         193
  C:3B03H         LINE#         194
  C:3B03H         LINE#         196
  C:3B03H         LINE#         197
  C:3B06H         LINE#         198
  C:3B06H         LINE#         199
  C:3B06H         LINE#         201
  C:3B06H         LINE#         202
  C:3B08H         LINE#         203
  C:3B08H         LINE#         204
  -------         ENDPROC       KEY_SCAN
  -------         PROC          KEY_PROCESS
  -------         DO            
  X:05E4H         SYMBOL        KeyCount
  X:05E5H         SYMBOL        KeyNum_Old
  X:05E7H         SYMBOL        KeyNum
  X:05E9H         SYMBOL        PressedKey
  X:03F8H         SYMBOL        d
  D:0002H         SYMBOL        hours
  D:0006H         SYMBOL        mins
  X:03FAH         SYMBOL        months
  X:03FCH         SYMBOL        days
  -------         ENDDO         
  C:30B0H         LINE#         205
  C:30B0H         LINE#         206
  C:30B0H         LINE#         210
  C:30BFH         LINE#         211
  C:30CCH         LINE#         213
BL51 BANKED LINKER/LOCATER V6.22                                                      05/07/2019  16:37:23  PAGE 25


  C:30D0H         LINE#         214
  C:30D0H         LINE#         215
  C:30D6H         LINE#         217
  C:30D6H         LINE#         218
  C:30EDH         LINE#         219
  C:30EDH         LINE#         220
  C:30F7H         LINE#         221
  C:30FDH         LINE#         223
  C:3103H         LINE#         225
  C:3103H         LINE#         226
  C:311AH         LINE#         227
  C:311AH         LINE#         228
  C:311FH         LINE#         230
  C:311FH         LINE#         231
  C:312FH         LINE#         232
  C:312FH         LINE#         233
  C:3135H         LINE#         235
  C:3135H         LINE#         236
  C:3147H         LINE#         237
  C:3147H         LINE#         238
  C:3151H         LINE#         239
  C:3159H         LINE#         241
  C:3162H         LINE#         243
  C:3162H         LINE#         252
  C:3181H         LINE#         253
  C:3181H         LINE#         254
  C:31A0H         LINE#         255
  C:31A6H         LINE#         256
  C:31AEH         LINE#         257
  C:31AEH         LINE#         259
  C:31AFH         LINE#         265
  C:31BBH         LINE#         266
  C:31BBH         LINE#         267
  C:31D8H         LINE#         268
  C:31EFH         LINE#         269
  C:3206H         LINE#         270
  C:3206H         LINE#         271
  C:3219H         LINE#         272
  C:322CH         LINE#         273
  C:322CH         LINE#         274
  C:322CH         LINE#         275
  C:322FH         LINE#         280
  C:323EH         LINE#         281
  C:323EH         LINE#         282
  C:3261H         LINE#         283
  C:327EH         LINE#         284
  C:3287H         LINE#         285
  C:3287H         LINE#         286
  C:328EH         LINE#         287
  C:328EH         LINE#         288
  C:329FH         LINE#         289
  C:329FH         LINE#         290
  C:32AEH         LINE#         291
  C:32AEH         LINE#         292
  C:32AEH         LINE#         293
  C:32B1H         LINE#         295
  C:32B1H         LINE#         296
BL51 BANKED LINKER/LOCATER V6.22                                                      05/07/2019  16:37:23  PAGE 26


  C:32BDH         LINE#         297
  C:32BDH         LINE#         298
  C:32CFH         LINE#         299
  C:32CFH         LINE#         300
  C:32DFH         LINE#         301
  C:32DFH         LINE#         302
  C:32DFH         LINE#         304
  C:32E1H         LINE#         306
  C:32E1H         LINE#         307
  C:32F0H         LINE#         308
  C:32F0H         LINE#         309
  C:3300H         LINE#         310
  C:3300H         LINE#         311
  C:3300H         LINE#         313
  C:3300H         LINE#         315
  C:3300H         LINE#         316
  C:3302H         LINE#         318
  C:3302H         LINE#         319
  C:3309H         LINE#         320
  C:3309H         LINE#         321
  C:3318H         LINE#         322
  C:3318H         LINE#         323
  C:3328H         LINE#         324
  C:3328H         LINE#         325
  C:3328H         LINE#         326
  C:332AH         LINE#         328
  C:332AH         LINE#         329
  C:3339H         LINE#         330
  C:3339H         LINE#         331
  C:334CH         LINE#         332
  C:335FH         LINE#         333
  C:335FH         LINE#         334
  C:335FH         LINE#         335
  C:335FH         LINE#         336
  C:3368H         LINE#         338
  C:3368H         LINE#         340
  C:33A2H         LINE#         341
  C:33A2H         LINE#         342
  C:33A9H         LINE#         343
  C:33A9H         LINE#         344
  C:33B3H         LINE#         345
  C:33B3H         LINE#         346
  C:33B6H         LINE#         347
  C:33BBH         LINE#         348
  C:33C0H         LINE#         349
  C:33C5H         LINE#         350
  C:33CAH         LINE#         351
  C:33CFH         LINE#         352
  C:33D4H         LINE#         353
  C:33D9H         LINE#         354
  C:33D9H         LINE#         355
  C:33D9H         LINE#         357
  C:33F7H         LINE#         358
  C:33F7H         LINE#         359
  C:33FEH         LINE#         360
  C:33FEH         LINE#         361
  C:3403H         LINE#         362
BL51 BANKED LINKER/LOCATER V6.22                                                      05/07/2019  16:37:23  PAGE 27


  C:340CH         LINE#         363
  C:342BH         LINE#         364
  C:342BH         LINE#         365
  C:343BH         LINE#         367
  C:343BH         LINE#         371
  -------         ENDPROC       KEY_PROCESS
  -------         PROC          KEYPAD_IO_INIT
  C:5322H         LINE#         374
  C:5322H         LINE#         375
  C:5322H         LINE#         376
  C:5325H         LINE#         377
  C:5328H         LINE#         378
  C:532BH         LINE#         379
  C:532DH         LINE#         380
  -------         ENDPROC       KEYPAD_IO_INIT
  -------         ENDMOD        KEYPAD

  -------         MODULE        BIPOLARMOTOR
  C:0000H         SYMBOL        _ICE_DUMMY_
  X:0000H         PUBLIC        UTC_time
  D:0080H         PUBLIC        P0
  D:0090H         PUBLIC        P1
  X:0004H         PUBLIC        RX_pos_test
  D:00A0H         PUBLIC        P2
  D:00B0H         PUBLIC        P3
  D:00C0H         PUBLIC        P4
  D:00C8H         PUBLIC        P5
  D:00E8H         PUBLIC        P6
  D:00F8H         PUBLIC        P7
  X:00A4H         PUBLIC        low_date_azimuth_mapping
  D:00A8H         PUBLIC        IE
  C:464AH         PUBLIC        linear_interpolate
  X:00CCH         PUBLIC        declination
  C:50D7H         PUBLIC        _Move
  D:00B8H         PUBLIC        IP
  X:00D0H         PUBLIC        time_offset
  D:00D8H         PUBLIC        CCON
  X:00D4H         PUBLIC        previous_move_time
  X:00D5H         PUBLIC        time
  D:0098H         PUBLIC        SCON
  D:0088H         PUBLIC        TCON
  C:4FABH         PUBLIC        _Step_move
  X:00E7H         PUBLIC        dat
  X:00EDH         PUBLIC        current_local_sun_time
  C:1DD5H         PUBLIC        _Update_position
  C:343CH         PUBLIC        _elevation_calculation
  X:00F1H         PUBLIC        sunCoord
  C:4E93H         PUBLIC        vOneStepMove
  X:00F4H         PUBLIC        elevation_stamp
  X:0130H         PUBLIC        date_azimuth_mapping
  X:0158H         PUBLIC        location
  X:0160H         PUBLIC        RX_pos
  C:5283H         PUBLIC        vSetLocation
  C:5215H         PUBLIC        _BCDtoDec1
  X:03B8H         PUBLIC        degree
  C:22E7H         PUBLIC        _TheoricalJP_Position
  D:00D0H         PUBLIC        PSW
BL51 BANKED LINKER/LOCATER V6.22                                                      05/07/2019  16:37:23  PAGE 28


  -------         PROC          VSETLOCATION
  C:5283H         LINE#         44
  C:5283H         LINE#         45
  C:5283H         LINE#         46
  C:528DH         LINE#         47
  C:5297H         LINE#         48
  -------         ENDPROC       VSETLOCATION
  C:5211H         SYMBOL        L?0060
  -------         PROC          L?0059
  -------         ENDPROC       L?0059
  C:5211H         SYMBOL        L?0060
  -------         PROC          _BCDTODEC1
  D:0007H         SYMBOL        bcd
  -------         DO            
  D:0006H         SYMBOL        hi
  D:0007H         SYMBOL        lo
  -------         ENDDO         
  C:5215H         LINE#         49
  C:5215H         LINE#         50
  C:5215H         LINE#         52
  C:521AH         LINE#         53
  C:521EH         LINE#         54
  C:5225H         LINE#         55
  -------         ENDPROC       _BCDTODEC1
  -------         PROC          VONESTEPMOVE
  B:0020H.3       SYMBOL        bDir
  C:4E93H         LINE#         59
  C:4E93H         LINE#         60
  C:4E93H         LINE#         62
  C:4E99H         LINE#         63
  C:4E99H         LINE#         64
  C:4E9CH         LINE#         65
  C:4EA5H         LINE#         66
  C:4EACH         LINE#         67
  C:4EB1H         LINE#         68
  C:4EB1H         LINE#         69
  C:4EB1H         LINE#         71
  C:4EB3H         LINE#         74
  C:4EB3H         LINE#         75
  C:4EB6H         LINE#         76
  C:4EBFH         LINE#         77
  C:4EC6H         LINE#         78
  C:4ECCH         LINE#         79
  C:4ED5H         LINE#         80
  C:4EDCH         LINE#         81
  C:4EDCH         LINE#         85
  -------         ENDPROC       VONESTEPMOVE
  -------         PROC          _STEP_MOVE
  X:04DBH         SYMBOL        step
  B:0020H.2       SYMBOL        dir
  -------         DO            
  X:04DDH         SYMBOL        i
  -------         ENDDO         
  C:4FABH         LINE#         87
  C:4FB3H         LINE#         88
  C:4FB3H         LINE#         90
  C:4FB8H         LINE#         93
BL51 BANKED LINKER/LOCATER V6.22                                                      05/07/2019  16:37:23  PAGE 29


  C:4FD3H         LINE#         94
  C:4FD3H         LINE#         95
  C:4FDAH         LINE#         97
  C:4FEAH         LINE#         99
  -------         ENDPROC       _STEP_MOVE
  -------         PROC          _MOVE
  X:04D7H         SYMBOL        distance
  B:0020H.1       SYMBOL        direction
  -------         DO            
  D:0006H         SYMBOL        step
  -------         ENDDO         
  C:50D7H         LINE#         101
  C:50DDH         LINE#         102
  C:50DDH         LINE#         105
  C:50F8H         LINE#         106
  -------         ENDPROC       _MOVE
  C:4639H         SYMBOL        L?0058
  -------         PROC          L?0057
  -------         ENDPROC       L?0057
  C:4639H         SYMBOL        L?0058
  -------         PROC          LINEAR_INTERPOLATE
  X:049EH         SYMBOL        p1
  X:04A6H         SYMBOL        p2
  X:04AEH         SYMBOL        x
  -------         DO            
  D:0004H         SYMBOL        fx
  -------         ENDDO         
  C:464AH         LINE#         139
  C:464AH         LINE#         140
  C:464AH         LINE#         143
  C:46E9H         LINE#         145
  C:46E9H         LINE#         146
  -------         ENDPROC       LINEAR_INTERPOLATE
  -------         PROC          _THEORICALJP_POSITION
  X:0442H         SYMBOL        azimuth
  X:0446H         SYMBOL        elevation
  -------         DO            
  X:044AH         SYMBOL        pos_interpolate_azimuth
  X:0486H         SYMBOL        JP_pos
  X:048AH         SYMBOL        i
  X:048CH         SYMBOL        yy
  X:048EH         SYMBOL        p1
  X:0496H         SYMBOL        p2
  -------         ENDDO         
  C:22E7H         LINE#         149
  C:22EDH         LINE#         150
  C:22EDH         LINE#         152
  C:22F7H         LINE#         155
  C:2313H         LINE#         156
  C:2313H         LINE#         157
  C:2383H         LINE#         158
  C:2383H         LINE#         159
  C:238AH         LINE#         160
  C:238AH         LINE#         161
  C:23B7H         LINE#         162
  C:23D2H         LINE#         164
  C:2419H         LINE#         165
BL51 BANKED LINKER/LOCATER V6.22                                                      05/07/2019  16:37:23  PAGE 30


  C:244DH         LINE#         167
  C:2493H         LINE#         168
  C:24B8H         LINE#         170
  C:24B8H         LINE#         172
  C:252EH         LINE#         173
  C:252EH         LINE#         174
  C:2535H         LINE#         175
  C:2535H         LINE#         176
  C:2562H         LINE#         177
  C:257DH         LINE#         179
  C:25C4H         LINE#         180
  C:25F8H         LINE#         182
  C:263EH         LINE#         183
  C:2660H         LINE#         185
  C:2660H         LINE#         186
  C:2674H         LINE#         189
  C:2690H         LINE#         190
  C:2690H         LINE#         191
  C:2700H         LINE#         192
  C:2700H         LINE#         193
  C:272DH         LINE#         194
  C:2748H         LINE#         196
  C:2775H         LINE#         197
  C:2790H         LINE#         199
  C:27C2H         LINE#         202
  C:27C2H         LINE#         204
  C:27D3H         LINE#         205
  C:27E1H         LINE#         207
  -------         ENDPROC       _THEORICALJP_POSITION
  -------         PROC          _UPDATE_POSITION
  D:0001H         SYMBOL        mnths
  D:0002H         SYMBOL        dys
  X:041EH         SYMBOL        hurs
  X:041FH         SYMBOL        mns
  X:0420H         SYMBOL        sconds
  X:0421H         SYMBOL        elevation
  X:0425H         SYMBOL        currnt_pos
  X:0428H         SYMBOL        offset_calib
  -------         DO            
  X:042CH         SYMBOL        date
  X:042EH         SYMBOL        i
  X:0430H         SYMBOL        yy
  X:0432H         SYMBOL        desired_distance
  X:0436H         SYMBOL        distance
  X:043AH         SYMBOL        JP_pos
  X:043EH         SYMBOL        azimuth
  -------         ENDDO         
  C:1DD5H         LINE#         210
  C:1DDEH         LINE#         213
  C:1DDEH         LINE#         214
  C:1DE9H         LINE#         216
  C:1E05H         LINE#         223
  C:1E0FH         LINE#         224
  C:1E1AH         LINE#         225
  C:1E25H         LINE#         226
  C:1E3EH         LINE#         227
  C:1E4FH         LINE#         228
BL51 BANKED LINKER/LOCATER V6.22                                                      05/07/2019  16:37:23  PAGE 31


  C:1E5EH         LINE#         231
  C:1E72H         LINE#         235
  C:1EC4H         LINE#         236
  C:2028H         LINE#         237
  C:2078H         LINE#         243
  C:2147H         LINE#         250
  C:218CH         LINE#         251
  C:218CH         LINE#         253
  C:21B7H         LINE#         254
  C:21E6H         LINE#         256
  C:220BH         LINE#         257
  C:2270H         LINE#         258
  C:2270H         LINE#         259
  C:228AH         LINE#         260
  C:229CH         LINE#         261
  C:22B4H         LINE#         262
  C:22CAH         LINE#         264
  C:22E6H         LINE#         265
  C:22E6H         LINE#         266
  C:22E6H         LINE#         269
  -------         ENDPROC       _UPDATE_POSITION
  -------         PROC          _ELEVATION_CALCULATION
  D:0007H         SYMBOL        mnths
  D:0005H         SYMBOL        dys
  X:03FAH         SYMBOL        hurs
  X:03FBH         SYMBOL        mns
  X:03FCH         SYMBOL        sconds
  C:343CH         LINE#         271
  C:3441H         LINE#         273
  C:3441H         LINE#         274
  C:344BH         LINE#         275
  C:3454H         LINE#         276
  C:345FH         LINE#         277
  C:3478H         LINE#         278
  C:348CH         LINE#         279
  C:349EH         LINE#         283
  C:34F0H         LINE#         284
  C:3654H         LINE#         285
  C:36A4H         LINE#         287
  C:37BBH         LINE#         289
  -------         ENDPROC       _ELEVATION_CALCULATION
  -------         ENDMOD        BIPOLARMOTOR

  -------         MODULE        SUNPOS
  C:0000H         SYMBOL        _ICE_DUMMY_
  C:1633H         PUBLIC        sunpos
  -------         PROC          SUNPOS
  X:0442H         SYMBOL        udtTime
  X:0454H         SYMBOL        udtLocation
  X:045CH         SYMBOL        udtSunCoordinates
  -------         DO            
  X:045FH         SYMBOL        dElapsedJulianDays
  X:0463H         SYMBOL        dDecimalHours
  X:0467H         SYMBOL        dEclipticLongitude
  X:046BH         SYMBOL        dEclipticObliquity
  X:046FH         SYMBOL        dRightAscension
  X:0473H         SYMBOL        dDeclination
BL51 BANKED LINKER/LOCATER V6.22                                                      05/07/2019  16:37:23  PAGE 32


  X:0477H         SYMBOL        dY
  X:047BH         SYMBOL        dX
  -------         DO            
  X:047FH         SYMBOL        dJulianDate
  X:0483H         SYMBOL        liAux1
  X:0487H         SYMBOL        liAux2
  X:047FH         SYMBOL        dMeanLongitude
  X:0483H         SYMBOL        dMeanAnomaly
  X:0487H         SYMBOL        dOmega
  X:047FH         SYMBOL        dSin_EclipticLongitude
  X:047FH         SYMBOL        dGreenwichMeanSiderealTime
  X:0483H         SYMBOL        dLocalMeanSiderealTime
  X:0487H         SYMBOL        dLatitudeInRadians
  X:048BH         SYMBOL        dHourAngle
  X:048FH         SYMBOL        dCos_Latitude
  X:0493H         SYMBOL        dSin_Latitude
  X:0497H         SYMBOL        dCos_HourAngle
  X:049BH         SYMBOL        dParallax
  -------         ENDDO         
  -------         DO            
  X:047FH         SYMBOL        dMeanLongitude
  X:0483H         SYMBOL        dMeanAnomaly
  X:0487H         SYMBOL        dOmega
  X:047FH         SYMBOL        dSin_EclipticLongitude
  X:047FH         SYMBOL        dGreenwichMeanSiderealTime
  X:0483H         SYMBOL        dLocalMeanSiderealTime
  X:0487H         SYMBOL        dLatitudeInRadians
  X:048BH         SYMBOL        dHourAngle
  X:048FH         SYMBOL        dCos_Latitude
  X:0493H         SYMBOL        dSin_Latitude
  X:0497H         SYMBOL        dCos_HourAngle
  X:049BH         SYMBOL        dParallax
  -------         ENDDO         
  -------         DO            
  X:047FH         SYMBOL        dSin_EclipticLongitude
  X:047FH         SYMBOL        dGreenwichMeanSiderealTime
  X:0483H         SYMBOL        dLocalMeanSiderealTime
  X:0487H         SYMBOL        dLatitudeInRadians
  X:048BH         SYMBOL        dHourAngle
  X:048FH         SYMBOL        dCos_Latitude
  X:0493H         SYMBOL        dSin_Latitude
  X:0497H         SYMBOL        dCos_HourAngle
  X:049BH         SYMBOL        dParallax
  -------         ENDDO         
  -------         DO            
  X:047FH         SYMBOL        dGreenwichMeanSiderealTime
  X:0483H         SYMBOL        dLocalMeanSiderealTime
  X:0487H         SYMBOL        dLatitudeInRadians
  X:048BH         SYMBOL        dHourAngle
  X:048FH         SYMBOL        dCos_Latitude
  X:0493H         SYMBOL        dSin_Latitude
  X:0497H         SYMBOL        dCos_HourAngle
  X:049BH         SYMBOL        dParallax
  -------         ENDDO         
  -------         ENDDO         
  C:1633H         LINE#         6
  C:1633H         LINE#         7
BL51 BANKED LINKER/LOCATER V6.22                                                      05/07/2019  16:37:23  PAGE 33


  C:1633H         LINE#         9
  C:1633H         LINE#         27
  C:167DH         LINE#         30
  C:169EH         LINE#         31
  C:17E5H         LINE#         34
  C:1831H         LINE#         36
  C:1850H         LINE#         37
  C:1850H         LINE#         42
  C:1850H         LINE#         46
  C:1882H         LINE#         47
  C:18ACH         LINE#         48
  C:18D6H         LINE#         49
  C:1983H         LINE#         52
  C:19E4H         LINE#         54
  C:19E4H         LINE#         59
  C:19E4H         LINE#         61
  C:19FBH         LINE#         62
  C:1A23H         LINE#         63
  C:1A3AH         LINE#         64
  C:1A65H         LINE#         65
  C:1A9CH         LINE#         66
  C:1AC7H         LINE#         67
  C:1AC7H         LINE#         70
  C:1AC7H         LINE#         79
  C:1B02H         LINE#         82
  C:1B3CH         LINE#         84
  C:1B61H         LINE#         85
  C:1B80H         LINE#         86
  C:1B97H         LINE#         87
  C:1BAEH         LINE#         88
  C:1BC5H         LINE#         89
  C:1C4EH         LINE#         91
  C:1C68H         LINE#         92
  C:1CCAH         LINE#         93
  C:1D00H         LINE#         94
  C:1D12H         LINE#         95
  C:1D3FH         LINE#         96
  C:1D6CH         LINE#         98
  C:1D8EH         LINE#         100
  C:1DC6H         LINE#         103
  C:1DC6H         LINE#         104
  C:1DD4H         LINE#         105
  -------         ENDPROC       SUNPOS
  -------         ENDMOD        SUNPOS

  -------         MODULE        ADC
  C:0000H         SYMBOL        _ICE_DUMMY_
  D:0092H         PUBLIC        P1M0
  D:0091H         PUBLIC        P1M1
  D:0080H         PUBLIC        P0
  D:0090H         PUBLIC        P1
  D:00A0H         PUBLIC        P2
  D:00B0H         PUBLIC        P3
  D:00C0H         PUBLIC        P4
  D:00C8H         PUBLIC        P5
  D:00E8H         PUBLIC        P6
  D:00F8H         PUBLIC        P7
BL51 BANKED LINKER/LOCATER V6.22                                                      05/07/2019  16:37:23  PAGE 34


  D:00A8H         PUBLIC        IE
  D:00BDH         PUBLIC        ADC_RES
  D:00B8H         PUBLIC        IP
  D:0097H         PUBLIC        CLK_DIV
  D:00D8H         PUBLIC        CCON
  D:00BCH         PUBLIC        ADC_CONTR
  D:0098H         PUBLIC        SCON
  D:0088H         PUBLIC        TCON
  B:00A0H.4       PUBLIC        P24
  B:00A0H.5       PUBLIC        P25
  B:00A0H.6       PUBLIC        P26
  C:5226H         PUBLIC        ADC_Init
  C:50ADH         PUBLIC        _ADC_GetResult
  D:009DH         PUBLIC        P1ASF
  D:00BEH         PUBLIC        ADC_RESL
  D:00D0H         PUBLIC        PSW
  -------         PROC          ADC_INIT
  C:5226H         LINE#         7
  C:5226H         LINE#         8
  C:5226H         LINE#         10
  C:5228H         LINE#         11
  C:522AH         LINE#         12
  C:522CH         LINE#         13
  C:522FH         LINE#         14
  C:5232H         LINE#         15
  C:5235H         LINE#         16
  C:5238H         LINE#         18
  C:523AH         LINE#         19
  C:523CH         LINE#         20
  C:523FH         LINE#         24
  -------         ENDPROC       ADC_INIT
  -------         PROC          _ADC_GETRESULT
  D:0007H         SYMBOL        ch
  -------         DO            
  D:0006H         SYMBOL        ADC_Value_H
  D:0004H         SYMBOL        ADC_Value_L
  D:0006H         SYMBOL        ADC_Value
  -------         ENDDO         
  C:50ADH         LINE#         27
  C:50ADH         LINE#         28
  C:50ADH         LINE#         30
  C:50B2H         LINE#         31
  C:50B3H         LINE#         32
  C:50B4H         LINE#         35
[...]
  C:4452H         LINE#         101
  C:4452H         LINE#         102
  C:4454H         LINE#         104
  C:4454H         LINE#         105
  C:4454H         LINE#         106
  C:4454H         LINE#         107
  C:4457H         LINE#         108
  C:445BH         LINE#         111
  C:447AH         LINE#         113
  C:4481H         LINE#         114
  C:4481H         LINE#         115
  C:4483H         LINE#         116
  C:4486H         LINE#         117
  C:44A2H         LINE#         118
  C:44A2H         LINE#         119
  C:44A4H         LINE#         120
  C:44A6H         LINE#         122
  C:44A6H         LINE#         123
  C:44A8H         LINE#         125
  C:44A8H         LINE#         126
  C:44A8H         LINE#         127
  C:44A8H         LINE#         128
  C:44ABH         LINE#         129
  C:44C4H         LINE#         131
  C:44E3H         LINE#         133
  C:44EAH         LINE#         134
  C:44EAH         LINE#         135
BL51 BANKED LINKER/LOCATER V6.22                                                      05/07/2019  16:37:23  PAGE 45


  C:44ECH         LINE#         136
  C:44EFH         LINE#         137
  C:44F6H         LINE#         138
  C:44F6H         LINE#         139
  C:44F8H         LINE#         140
  C:44FAH         LINE#         142
  C:44FAH         LINE#         143
  C:44FCH         LINE#         145
  C:44FCH         LINE#         146
  C:44FCH         LINE#         147
  C:44FCH         LINE#         148
  C:44FFH         LINE#         149
  C:4506H         LINE#         151
  C:4525H         LINE#         153
  C:4527H         LINE#         154
  C:452AH         LINE#         155
  C:4531H         LINE#         157
  -------         ENDPROC       _AT25SF041_WRITE
  -------         PROC          _AT25SF041_READ
  D:0003H         SYMBOL        opcode
  X:05FEH         SYMBOL        addr
  -------         DO            
  X:0602H         SYMBOL        dat
  X:0603H         SYMBOL        i
  -------         ENDDO         
  C:4320H         LINE#         159
  C:4322H         LINE#         160
  C:4322H         LINE#         161
  C:4327H         LINE#         163
  C:4329H         LINE#         164
  C:432FH         LINE#         168
  C:4334H         LINE#         169
  C:4334H         LINE#         170
  C:4336H         LINE#         171
  C:4339H         LINE#         172
  C:433DH         LINE#         173
  C:433DH         LINE#         174
  C:433FH         LINE#         175
  C:4341H         LINE#         177
  C:4341H         LINE#         178
  C:4343H         LINE#         180
  C:4343H         LINE#         181
  C:4343H         LINE#         182
  C:4343H         LINE#         183
  C:4346H         LINE#         184
  C:434AH         LINE#         187
  C:4369H         LINE#         189
  C:4370H         LINE#         190
  C:4370H         LINE#         191
  C:4372H         LINE#         192
  C:4375H         LINE#         193
  C:4391H         LINE#         194
  C:4391H         LINE#         195
  C:4393H         LINE#         196
  C:4395H         LINE#         198
  C:4395H         LINE#         199
  C:4397H         LINE#         201
BL51 BANKED LINKER/LOCATER V6.22                                                      05/07/2019  16:37:23  PAGE 46


  C:4397H         LINE#         202
  C:4397H         LINE#         203
  C:4397H         LINE#         204
  C:439AH         LINE#         205
  C:43B3H         LINE#         207
  C:43D2H         LINE#         210
  C:43D9H         LINE#         212
  C:43DBH         LINE#         213
  C:43E2H         LINE#         215
  C:43E9H         LINE#         216
  C:43E9H         LINE#         217
  C:43F0H         LINE#         218
  C:43F0H         LINE#         219
  C:43F3H         LINE#         220
  C:43F5H         LINE#         221
  C:43F8H         LINE#         223
  C:43FBH         LINE#         224
  C:43FBH         LINE#         226
  C:43FFH         LINE#         227
  C:43FFH         LINE#         233
  C:441EH         LINE#         236
  C:4420H         LINE#         237
  C:4423H         LINE#         238
  C:442AH         LINE#         240
  C:442FH         LINE#         242
  -------         ENDPROC       _AT25SF041_READ
  -------         PROC          UCREAD_STATUS_REGISTER_BYTE1
  -------         DO            
  D:0003H         SYMBOL        dat
  D:0001H         SYMBOL        opcode
  X:04DFH         SYMBOL        count
  X:04E0H         SYMBOL        i
  -------         ENDDO         
  C:48FEH         LINE#         246
  C:48FEH         LINE#         247
  C:48FEH         LINE#         248
  C:4904H         LINE#         249
  C:4908H         LINE#         250
  C:490AH         LINE#         251
  C:490CH         LINE#         252
  C:4912H         LINE#         256
  C:4919H         LINE#         257
  C:4919H         LINE#         258
  C:491BH         LINE#         259
  C:491EH         LINE#         260
  C:4922H         LINE#         261
  C:4922H         LINE#         262
  C:4924H         LINE#         263
  C:4926H         LINE#         265
  C:4926H         LINE#         266
  C:4928H         LINE#         268
  C:4928H         LINE#         269
  C:4928H         LINE#         270
  C:4928H         LINE#         271
  C:492BH         LINE#         272
  C:492FH         LINE#         275
  C:494EH         LINE#         279
BL51 BANKED LINKER/LOCATER V6.22                                                      05/07/2019  16:37:23  PAGE 47


  C:4955H         LINE#         281
  C:4957H         LINE#         282
  C:495EH         LINE#         283
  C:4965H         LINE#         284
  C:4965H         LINE#         285
  C:4969H         LINE#         286
  C:4969H         LINE#         287
  C:496CH         LINE#         288
  C:496EH         LINE#         289
  C:4971H         LINE#         291
  C:4974H         LINE#         292
  C:4974H         LINE#         294
  C:4978H         LINE#         295
  C:4978H         LINE#         297
  C:4997H         LINE#         301
  C:4999H         LINE#         302
  C:499CH         LINE#         303
  C:499EH         LINE#         304
  -------         ENDPROC       UCREAD_STATUS_REGISTER_BYTE1
  -------         PROC          SPI_NOR_WRITE_DATA
  X:03F8H         SYMBOL        dat
  X:0403H         SYMBOL        addr
  C:3B09H         LINE#         306
  C:3B09H         LINE#         307
  C:3B09H         LINE#         309
  C:3B0CH         LINE#         311
  C:3B26H         LINE#         312
  C:3B44H         LINE#         314
  C:3B4BH         LINE#         315
  C:3B4EH         LINE#         317
  C:3B68H         LINE#         318
  C:3B68H         LINE#         319
  C:3B68H         LINE#         322
  C:3B6BH         LINE#         324
  C:3B85H         LINE#         325
  C:3B85H         LINE#         326
  C:3B85H         LINE#         328
  C:3B88H         LINE#         330
  C:3BA2H         LINE#         331
  C:3BA2H         LINE#         332
  C:3BA2H         LINE#         334
  C:3BA5H         LINE#         336
  C:3BBFH         LINE#         337
  C:3BBFH         LINE#         338
  C:3BBFH         LINE#         340
  C:3BC2H         LINE#         342
  C:3BDCH         LINE#         343
  C:3BDCH         LINE#         344
  C:3BDCH         LINE#         346
  C:3BDFH         LINE#         348
  C:3BF9H         LINE#         349
  C:3BF9H         LINE#         350
  C:3BF9H         LINE#         352
  C:3BFCH         LINE#         354
  C:3C16H         LINE#         355
  C:3C16H         LINE#         356
  C:3C16H         LINE#         358
BL51 BANKED LINKER/LOCATER V6.22                                                      05/07/2019  16:37:23  PAGE 48


  C:3C19H         LINE#         360
  C:3C33H         LINE#         361
  C:3C33H         LINE#         362
  C:3C33H         LINE#         364
  C:3C36H         LINE#         366
  C:3C50H         LINE#         367
  C:3C50H         LINE#         368
  C:3C50H         LINE#         370
  C:3C53H         LINE#         372
  C:3C6DH         LINE#         373
  C:3C74H         LINE#         374
  -------         ENDPROC       SPI_NOR_WRITE_DATA
  -------         ENDMOD        AT25SF041

  -------         MODULE        SI1120
  C:0000H         SYMBOL        _ICE_DUMMY_
  D:0080H         PUBLIC        P0
  D:00B2H         PUBLIC        P3M0
  D:0090H         PUBLIC        P1
  D:00B1H         PUBLIC        P3M1
  D:00A0H         PUBLIC        P2
  D:00B0H         PUBLIC        P3
  D:00C0H         PUBLIC        P4
  D:00C8H         PUBLIC        P5
  B:00A8H.7       PUBLIC        EA
  D:00E8H         PUBLIC        P6
  D:00F8H         PUBLIC        P7
  D:00A8H         PUBLIC        IE
  D:00B8H         PUBLIC        IP
  C:5026H         PUBLIC        SI1120_CONFIG_MODE_VIRH
  D:00D8H         PUBLIC        CCON
  D:0098H         PUBLIC        SCON
  D:0088H         PUBLIC        TCON
  C:5315H         PUBLIC        Enable_EXTINT0
  B:0090H.5       PUBLIC        SI1120_STX
  B:0088H.0       PUBLIC        IT0
  B:00A8H.0       PUBLIC        EX0
  B:0090H.4       PUBLIC        SI1120_MD
  B:0090H.6       PUBLIC        SI1120_SC
  D:00D0H         PUBLIC        PSW
  -------         PROC          SI1120_CONFIG_MODE_VIRH
  C:5026H         LINE#         4
  C:5026H         LINE#         5
  C:5026H         LINE#         6
  C:5028H         LINE#         7
  C:502AH         LINE#         8
  C:502CH         LINE#         10
  C:5033H         LINE#         11
  C:5035H         LINE#         13
  C:5037H         LINE#         14
  C:5039H         LINE#         16
  C:5040H         LINE#         18
  C:5042H         LINE#         20
  C:5049H         LINE#         23
  C:504BH         LINE#         25
  C:504DH         LINE#         27
  C:5054H         LINE#         29
BL51 BANKED LINKER/LOCATER V6.22                                                      05/07/2019  16:37:23  PAGE 49


  C:5056H         LINE#         31
  -------         ENDPROC       SI1120_CONFIG_MODE_VIRH
  -------         PROC          ENABLE_EXTINT0
  C:5315H         LINE#         33
  C:5315H         LINE#         34
  C:5315H         LINE#         35
  C:5318H         LINE#         36
  C:531BH         LINE#         37
  C:531DH         LINE#         38
  C:531FH         LINE#         39
  C:5321H         LINE#         40
  -------         ENDPROC       ENABLE_EXTINT0
  -------         ENDMOD        SI1120

  -------         MODULE        ?C_STARTUP
  C:4B72H         SEGMENT       ?C_C51STARTUP
  I:0021H         SEGMENT       ?STACK
  C:0000H         PUBLIC        ?C_STARTUP
  D:00E0H         SYMBOL        ACC
  D:00F0H         SYMBOL        B
  D:0083H         SYMBOL        DPH
  D:0082H         SYMBOL        DPL
  N:0000H         SYMBOL        IBPSTACK
  N:0100H         SYMBOL        IBPSTACKTOP
  N:0080H         SYMBOL        IDATALEN
  C:4B75H         SYMBOL        IDATALOOP
  N:0000H         SYMBOL        PBPSTACK
  N:0100H         SYMBOL        PBPSTACKTOP
  N:0000H         SYMBOL        PDATALEN
  N:0000H         SYMBOL        PDATASTART
  N:0000H         SYMBOL        PPAGE
  N:0000H         SYMBOL        PPAGEENABLE
  D:00A0H         SYMBOL        PPAGE_SFR
  D:0081H         SYMBOL        SP
  C:4B72H         SYMBOL        STARTUP1
  N:0000H         SYMBOL        XBPSTACK
  N:0000H         SYMBOL        XBPSTACKTOP
  N:0000H         SYMBOL        XDATALEN
  N:0000H         SYMBOL        XDATASTART
  C:0000H         LINE#         126
  C:4B72H         LINE#         133
  C:4B74H         LINE#         134
  C:4B75H         LINE#         135
  C:4B76H         LINE#         136
  C:4B78H         LINE#         185
  C:4B7BH         LINE#         196
  -------         ENDMOD        ?C_STARTUP

  -------         MODULE        ?C?FPADD
  C:0C96H         PUBLIC        ?C?FPADD
  C:0C92H         PUBLIC        ?C?FPSUB
  -------         ENDMOD        ?C?FPADD

  -------         MODULE        ?C?FPMUL
  C:0D87H         PUBLIC        ?C?FPMUL
  -------         ENDMOD        ?C?FPMUL

BL51 BANKED LINKER/LOCATER V6.22                                                      05/07/2019  16:37:23  PAGE 50


  -------         MODULE        ?C?FPDIV
  C:0E90H         PUBLIC        ?C?FPDIV
  -------         ENDMOD        ?C?FPDIV

  -------         MODULE        ?C?FPCMP
  C:0F2FH         PUBLIC        ?C?FPCMP
  C:0F2DH         PUBLIC        ?C?FPCMP3
  -------         ENDMOD        ?C?FPCMP

  -------         MODULE        ?C?FPNEG
  C:0FA6H         PUBLIC        ?C?FPNEG
  -------         ENDMOD        ?C?FPNEG

  -------         MODULE        ?C?FCAST
  C:0FC1H         PUBLIC        ?C?FCASTC
  C:0FBCH         PUBLIC        ?C?FCASTI
  C:0FB7H         PUBLIC        ?C?FCASTL
  -------         ENDMOD        ?C?FCAST

  -------         MODULE        ?C?CASTF
  C:0FF5H         PUBLIC        ?C?CASTF
  -------         ENDMOD        ?C?CASTF

  -------         MODULE        ATAN2
  X:049FH         PUBLIC        ?_atan2?BYTE
  C:499FH         PUBLIC        _atan2
  -------         ENDMOD        ATAN2

  -------         MODULE        SIN
  C:3CDAH         PUBLIC        _COS
  C:3CF0H         PUBLIC        _SIN
  C:3D2CH         PUBLIC        _TAN
  -------         ENDMOD        SIN

  -------         MODULE        ACOS
  C:4EDDH         PUBLIC        _ACOS
  -------         ENDMOD        ACOS

  -------         MODULE        ASIN
  C:4FEBH         PUBLIC        _ASIN
  -------         ENDMOD        ASIN

  -------         MODULE        POW
  X:03BCH         PUBLIC        ?_pow?BYTE
  C:3E1AH         PUBLIC        _pow
  -------         ENDMOD        POW

  -------         MODULE        ?C?CHKFLOAT
  C:1076H         PUBLIC        ?C?CHKFLOAT
  -------         ENDMOD        ?C?CHKFLOAT

  -------         MODULE        EXP
  C:4B10H         PUBLIC        _EXP
  -------         ENDMOD        EXP

  -------         MODULE        LOG
  C:4109H         PUBLIC        _LOG
BL51 BANKED LINKER/LOCATER V6.22                                                      05/07/2019  16:37:23  PAGE 51


  C:4105H         PUBLIC        _LOG10
  -------         ENDMOD        LOG

  -------         MODULE        SQRT
  C:4856H         PUBLIC        _SQRT
  -------         ENDMOD        SQRT

  -------         MODULE        ATAN
  C:421EH         PUBLIC        _ATAN
  -------         ENDMOD        ATAN

  -------         MODULE        ?C?COPY
  C:11ADH         PUBLIC        ?C?COPY
  -------         ENDMOD        ?C?COPY

  -------         MODULE        ?C?CLDPTR
  C:11D3H         PUBLIC        ?C?CLDPTR
  -------         ENDMOD        ?C?CLDPTR

  -------         MODULE        ?C?CLDOPTR
  C:11ECH         PUBLIC        ?C?CLDOPTR
  -------         ENDMOD        ?C?CLDOPTR

  -------         MODULE        ?C?CSTPTR
  C:1219H         PUBLIC        ?C?CSTPTR
  -------         ENDMOD        ?C?CSTPTR

  -------         MODULE        ?C?IMUL
  C:122BH         PUBLIC        ?C?IMUL
  -------         ENDMOD        ?C?IMUL

  -------         MODULE        ?C?UIDIV
  C:123DH         PUBLIC        ?C?UIDIV
  -------         ENDMOD        ?C?UIDIV

  -------         MODULE        ?C?SIDIV
  C:1292H         PUBLIC        ?C?SIDIV
  -------         ENDMOD        ?C?SIDIV

  -------         MODULE        ?C?ILDOPTR
  C:12C8H         PUBLIC        ?C?ILDOPTR
  -------         ENDMOD        ?C?ILDOPTR

  -------         MODULE        ?C?ISTPTR
  C:1300H         PUBLIC        ?C?ISTPTR
  -------         ENDMOD        ?C?ISTPTR

  -------         MODULE        ?C?LMUL
  C:131FH         PUBLIC        ?C?LMUL
  -------         ENDMOD        ?C?LMUL

  -------         MODULE        ?C?SLDIV
  C:4F27H         PUBLIC        ?C?SLDIV
  -------         ENDMOD        ?C?SLDIV

  -------         MODULE        ?C?LNEG
  C:136EH         PUBLIC        ?C?LNEG
BL51 BANKED LINKER/LOCATER V6.22                                                      05/07/2019  16:37:23  PAGE 52


  -------         ENDMOD        ?C?LNEG

  -------         MODULE        ?C?ULCMP
  C:137CH         PUBLIC        ?C?ULCMP
  -------         ENDMOD        ?C?ULCMP

  -------         MODULE        ?C?LSHL
  C:138DH         PUBLIC        ?C?LSHL
  -------         ENDMOD        ?C?LSHL

  -------         MODULE        ?C?LLDPTR
  C:13A0H         PUBLIC        ?C?LLDPTR
  -------         ENDMOD        ?C?LLDPTR

  -------         MODULE        ?C?LLDOPTR
  C:13C0H         PUBLIC        ?C?LLDOPTR
  -------         ENDMOD        ?C?LLDOPTR

  -------         MODULE        ?C?LSTPTR
  C:13F0H         PUBLIC        ?C?LSTPTR
  -------         ENDMOD        ?C?LSTPTR

  -------         MODULE        ?C?LSTOPTR
  C:140AH         PUBLIC        ?C?LSTOPTR
  -------         ENDMOD        ?C?LSTOPTR

  -------         MODULE        ?C?LLDXDATA
  C:142EH         PUBLIC        ?C?LLDXDATA
  -------         ENDMOD        ?C?LLDXDATA

  -------         MODULE        ?C?LLDCODE
  C:143AH         PUBLIC        ?C?LLDCODE
  -------         ENDMOD        ?C?LLDCODE

  -------         MODULE        ?C?LLDXDATA0
  C:144AH         PUBLIC        ?C?LLDXDATA0
  -------         ENDMOD        ?C?LLDXDATA0

  -------         MODULE        ?C?LLDCODE0
  C:1456H         PUBLIC        ?C?LLDCODE0
  -------         ENDMOD        ?C?LLDCODE0

  -------         MODULE        ?C?LLDPTR0
  C:1466H         PUBLIC        ?C?LLDPTR0
  -------         ENDMOD        ?C?LLDPTR0

  -------         MODULE        ?C?LSTXDATA
  C:1486H         PUBLIC        ?C?LSTXDATA
  -------         ENDMOD        ?C?LSTXDATA

  -------         MODULE        ?C?LSTKXDATA
  C:1492H         PUBLIC        ?C?LSTKXDATA
  -------         ENDMOD        ?C?LSTKXDATA

  -------         MODULE        ?C?LSTKPTR
  C:14C3H         PUBLIC        ?C?LSTKPTR
  -------         ENDMOD        ?C?LSTKPTR
BL51 BANKED LINKER/LOCATER V6.22                                                      05/07/2019  16:37:23  PAGE 53



  -------         MODULE        ?C?OFFXADD
  C:14DDH         PUBLIC        ?C?OFFXADD
  -------         ENDMOD        ?C?OFFXADD

  -------         MODULE        ?C?ULDIV
  C:1525H         PUBLIC        ?C?ULDIV
  -------         ENDMOD        ?C?ULDIV

  -------         MODULE        ?C?LLDIDATA
  C:15B7H         PUBLIC        ?C?LLDIDATA
  -------         ENDMOD        ?C?LLDIDATA

  -------         MODULE        ?C?LLDPDATA
  C:15C3H         PUBLIC        ?C?LLDPDATA
  -------         ENDMOD        ?C?LLDPDATA

  -------         MODULE        ?C?LLDIDATA0
  C:15CFH         PUBLIC        ?C?LLDIDATA0
  -------         ENDMOD        ?C?LLDIDATA0

  -------         MODULE        ?C?LLDPDATA0
  C:15DCH         PUBLIC        ?C?LLDPDATA0
  -------         ENDMOD        ?C?LLDPDATA0

  -------         MODULE        ?C?LSTIDATA
  C:15E9H         PUBLIC        ?C?LSTIDATA
  -------         ENDMOD        ?C?LSTIDATA

  -------         MODULE        ?C?LSTPDATA
  C:15F5H         PUBLIC        ?C?LSTPDATA
  -------         ENDMOD        ?C?LSTPDATA

  -------         MODULE        ?C?LSTKIDATA
  C:1601H         PUBLIC        ?C?LSTKIDATA
  -------         ENDMOD        ?C?LSTKIDATA

  -------         MODULE        ?C?LSTKPDATA
  C:161AH         PUBLIC        ?C?LSTKPDATA
  -------         ENDMOD        ?C?LSTKPDATA

*** WARNING L16: UNCALLED SEGMENT, IGNORED FOR OVERLAY PROCESS
    SEGMENT: ?PR?_DAY_OF_YEAR?PCF85063BTL

*** WARNING L16: UNCALLED SEGMENT, IGNORED FOR OVERLAY PROCESS
    SEGMENT: ?PR?NOP?IOEXPANDER_PI4IOE5V96248

*** WARNING L16: UNCALLED SEGMENT, IGNORED FOR OVERLAY PROCESS
    SEGMENT: ?PR?UC_ACK?IOEXPANDER_PI4IOE5V96248

*** WARNING L16: UNCALLED SEGMENT, IGNORED FOR OVERLAY PROCESS
    SEGMENT: ?PR?UC_NACK?IOEXPANDER_PI4IOE5V96248

*** WARNING L16: UNCALLED SEGMENT, IGNORED FOR OVERLAY PROCESS
    SEGMENT: ?PR?_AT25SF041_READ?AT25SF041

Program Size: data=9.5 xdata=1543 code=21325
BL51 BANKED LINKER/LOCATER V6.22                                                      05/07/2019  16:37:23  PAGE 54


LINK/LOCATE RUN COMPLETE.  5 WARNING(S),  0 ERROR(S)
