BL51 BANKED LINKER/LOCATER V6.22                                                        05/23/2019  17:00:52  PAGE 1


BL51 BANKED LINKER/LOCATER V6.22, INVOKED BY:
C:\KEIL_V5\C51\BIN\BL51.EXE .\Obj\main.obj, .\Obj\PCF85063BTL.obj, .\Obj\LCd_Driver_SPLC780D.obj, .\Obj\KeyPad.obj, .\Ob
>> j\BipolarMotor.obj, .\Obj\SunPos.obj, .\Obj\ADC.obj, .\Obj\Calibration.obj, .\Obj\IOExpander_PI4IOE5V96248.obj, .\Obj
>> \AT25SF041.obj, .\Obj\SI1120.obj, .\Obj\STARTUP.obj TO .\Obj\GPIO_RTC_Test PRINT (.\Lis\GPIO_RTC_Test.m51) RAMSIZE (2
>> 56)


MEMORY MODEL: LARGE WITH FLOATING POINT ARITHMETIC


INPUT MODULES INCLUDED:
  .\Obj\main.obj (MAIN)
  .\Obj\PCF85063BTL.obj (PCF85063BTL)
  .\Obj\LCd_Driver_SPLC780D.obj (LCD_DRIVER_SPLC780D)
  .\Obj\KeyPad.obj (KEYPAD)
  .\Obj\BipolarMotor.obj (BIPOLARMOTOR)
  .\Obj\SunPos.obj (SUNPOS)
  .\Obj\ADC.obj (ADC)
  .\Obj\Calibration.obj (CALIBRATION)
  .\Obj\IOExpander_PI4IOE5V96248.obj (IOEXPANDER_PI4IOE5V96248)
  .\Obj\AT25SF041.obj (AT25SF041)
  .\Obj\SI1120.obj (SI1120)
  .\Obj\STARTUP.obj (?C_STARTUP)
  C:\KEIL_V5\C51\LIB\C51FPL.LIB (?C?FPADD)
  C:\KEIL_V5\C51\LIB\C51FPL.LIB (?C?FPMUL)
  C:\KEIL_V5\C51\LIB\C51FPL.LIB (?C?FPDIV)
  C:\KEIL_V5\C51\LIB\C51FPL.LIB (?C?FPCMP)
  C:\KEIL_V5\C51\LIB\C51FPL.LIB (?C?FPNEG)
  C:\KEIL_V5\C51\LIB\C51FPL.LIB (?C?FCAST)
  C:\KEIL_V5\C51\LIB\C51FPL.LIB (?C?CASTF)
  C:\KEIL_V5\C51\LIB\C51FPL.LIB (ATAN2)
  C:\KEIL_V5\C51\LIB\C51FPL.LIB (SIN)
  C:\KEIL_V5\C51\LIB\C51FPL.LIB (ACOS)
  C:\KEIL_V5\C51\LIB\C51FPL.LIB (ASIN)
  C:\KEIL_V5\C51\LIB\C51FPL.LIB (POW)
  C:\KEIL_V5\C51\LIB\C51FPL.LIB (?C?FPGETOPN)
  C:\KEIL_V5\C51\LIB\C51FPL.LIB (?C?CHKFLOAT)
  C:\KEIL_V5\C51\LIB\C51FPL.LIB (?C?FPSERIES)
  C:\KEIL_V5\C51\LIB\C51FPL.LIB (EXP)
  C:\KEIL_V5\C51\LIB\C51FPL.LIB (LOG)
  C:\KEIL_V5\C51\LIB\C51FPL.LIB (SQRT)
  C:\KEIL_V5\C51\LIB\C51FPL.LIB (ATAN)
  C:\KEIL_V5\C51\LIB\C51L.LIB (?C_INIT)
  C:\KEIL_V5\C51\LIB\C51L.LIB (?C?COPY)
  C:\KEIL_V5\C51\LIB\C51L.LIB (?C?CLDPTR)
  C:\KEIL_V5\C51\LIB\C51L.LIB (?C?CLDOPTR)
  C:\KEIL_V5\C51\LIB\C51L.LIB (?C?CSTPTR)
  C:\KEIL_V5\C51\LIB\C51L.LIB (?C?IMUL)
  C:\KEIL_V5\C51\LIB\C51L.LIB (?C?UIDIV)
  C:\KEIL_V5\C51\LIB\C51L.LIB (?C?SIDIV)
  C:\KEIL_V5\C51\LIB\C51L.LIB (?C?ILDOPTR)
  C:\KEIL_V5\C51\LIB\C51L.LIB (?C?ISTPTR)
  C:\KEIL_V5\C51\LIB\C51L.LIB (?C?LMUL)
  C:\KEIL_V5\C51\LIB\C51L.LIB (?C?SLDIV)
  C:\KEIL_V5\C51\LIB\C51L.LIB (?C?LNEG)
  C:\KEIL_V5\C51\LIB\C51L.LIB (?C?ULCMP)
  C:\KEIL_V5\C51\LIB\C51L.LIB (?C?LSHL)
  C:\KEIL_V5\C51\LIB\C51L.LIB (?C?LLDPTR)
BL51 BANKED LINKER/LOCATER V6.22                                                      05/23/2019  17:00:52  PAGE 2


  C:\KEIL_V5\C51\LIB\C51L.LIB (?C?LLDOPTR)
  C:\KEIL_V5\C51\LIB\C51L.LIB (?C?LSTPTR)
  C:\KEIL_V5\C51\LIB\C51L.LIB (?C?LSTOPTR)
  C:\KEIL_V5\C51\LIB\C51L.LIB (?C?LLDXDATA)
  C:\KEIL_V5\C51\LIB\C51L.LIB (?C?LLDCODE)
  C:\KEIL_V5\C51\LIB\C51L.LIB (?C?LLDXDATA0)
  C:\KEIL_V5\C51\LIB\C51L.LIB (?C?LLDCODE0)
  C:\KEIL_V5\C51\LIB\C51L.LIB (?C?LLDPTR0)
  C:\KEIL_V5\C51\LIB\C51L.LIB (?C?LSTXDATA)
  C:\KEIL_V5\C51\LIB\C51L.LIB (?C?LSTKXDATA)
  C:\KEIL_V5\C51\LIB\C51L.LIB (?C?LSTKPTR)
  C:\KEIL_V5\C51\LIB\C51L.LIB (?C?OFFXADD)
  C:\KEIL_V5\C51\LIB\C51L.LIB (?C?ULDIV)
  C:\KEIL_V5\C51\LIB\C51L.LIB (?C?LLDIDATA)
  C:\KEIL_V5\C51\LIB\C51L.LIB (?C?LLDPDATA)
  C:\KEIL_V5\C51\LIB\C51L.LIB (?C?LLDIDATA0)
  C:\KEIL_V5\C51\LIB\C51L.LIB (?C?LLDPDATA0)
  C:\KEIL_V5\C51\LIB\C51L.LIB (?C?LSTIDATA)
  C:\KEIL_V5\C51\LIB\C51L.LIB (?C?LSTPDATA)
  C:\KEIL_V5\C51\LIB\C51L.LIB (?C?LSTKIDATA)
  C:\KEIL_V5\C51\LIB\C51L.LIB (?C?LSTKPDATA)


LINK MAP OF MODULE:  .\Obj\GPIO_RTC_Test (MAIN)


            TYPE    BASE      LENGTH    RELOCATION   SEGMENT NAME
            -----------------------------------------------------

            * * * * * * *   D A T A   M E M O R Y   * * * * * * *
            REG     0000H     0008H     ABSOLUTE     "REG BANK 0"
                    0008H     0018H                  *** GAP ***
            BIT     0020H.0   0000H.4   UNIT         _BIT_GROUP_
            BIT     0020H.4   0000H.1   UNIT         ?BI?MAIN
                    0020H.5   0000H.3                *** GAP ***
            IDATA   0021H     0001H     UNIT         ?STACK

            * * * * * * *  X D A T A   M E M O R Y  * * * * * * *
            XDATA   0000H     03BCH     UNIT         ?XD?BIPOLARMOTOR
            XDATA   03BCH     0127H     UNIT         _XDATA_GROUP_
            XDATA   04E3H     0101H     UNIT         ?XD?MAIN
            XDATA   05E4H     0019H     UNIT         ?XD?KEYPAD
            XDATA   05FDH     0008H     UNIT         ?XD?_AT25SF041_READ?AT25SF041
            XDATA   0605H     0001H     UNIT         ?XD?UC_ACK?IOEXPANDER_PI4IOE5V96248
            XDATA   0606H     0001H     UNIT         ?XD?UC_NACK?IOEXPANDER_PI4IOE5V96248

            * * * * * * *   C O D E   M E M O R Y   * * * * * * *
            CODE    0000H     0003H     ABSOLUTE     
            CODE    0003H     0003H     ABSOLUTE     
            CODE    0006H     0001H     UNIT         ?PR?NOP?IOEXPANDER_PI4IOE5V96248
                    0007H     0004H                  *** GAP ***
            CODE    000BH     0003H     ABSOLUTE     
            CODE    000EH     000DH     UNIT         ?PR?SPI_INIT?PCF85063BTL
            CODE    001BH     0003H     ABSOLUTE     
            CODE    001EH     0C13H     UNIT         ?PR?MAIN?MAIN
            CODE    0C31H     09A4H     UNIT         ?C?LIB_CODE
            CODE    15D5H     07A2H     UNIT         ?PR?SUNPOS?SUNPOS
BL51 BANKED LINKER/LOCATER V6.22                                                      05/23/2019  17:00:52  PAGE 3


            CODE    1D77H     063CH     UNIT         ?PR?_UPDATE_POSITION?BIPOLARMOTOR
            CODE    23B3H     04FCH     UNIT         ?PR?_FIND_REAL_MAX?CALIBRATION
            CODE    28AFH     04FBH     UNIT         ?PR?_THEORICALJP_POSITION?BIPOLARMOTOR
            CODE    2DAAH     040EH     UNIT         ?C_INITSEG
            CODE    31B8H     038CH     UNIT         ?PR?KEY_PROCESS?KEYPAD
            CODE    3544H     0380H     UNIT         ?PR?_ELEVATION_CALCULATION?BIPOLARMOTOR
            CODE    38C4H     01C7H     UNIT         ?PR?_CALIBRATION?CALIBRATION
            CODE    3A8BH     018DH     UNIT         ?PR?KEY_SCAN?KEYPAD
            CODE    3C18H     0189H     UNIT         ?PR?SPI_NOR_WRITE_DATA?AT25SF041
            CODE    3DA1H     0188H     UNIT         ?PR?SIN?SIN
            CODE    3F29H     0166H     UNIT         ?PR?_POW?POW
            CODE    408FH     0155H     UNIT         ?PR?_DISPLAY_POS?LCD_DRIVER_SPLC780D
            CODE    41E4H     0129H     UNIT         ?PR?LOG?LOG
            CODE    430DH     0122H     UNIT         ?PR?ATAN?ATAN
            CODE    442FH     0110H     UNIT         ?PR?_AT25SF041_READ?AT25SF041
            CODE    453FH     0102H     UNIT         ?PR?_AT25SF041_WRITE?AT25SF041
            CODE    4641H     00F5H     UNIT         ?PR?EXINT0?MAIN
            CODE    4736H     00C3H     UNIT         ?PR?LINEAR_INTERPOLATE?BIPOLARMOTOR
            CODE    47F9H     00BBH     UNIT         ?PR?VOLTAGE_IS_STABLE?CALIBRATION
            CODE    48B4H     00ADH     UNIT         ?PR?_WRITE_PI4IOE5V96248?IOEXPANDER_PI4IOE5V96248
            CODE    4961H     00ACH     UNIT         ?PR?SQRT?SQRT
            CODE    4A0DH     00A1H     UNIT         ?PR?UCREAD_STATUS_REGISTER_BYTE1?AT25SF041
            CODE    4AAEH     009DH     UNIT         ?PR?_ATAN2?ATAN2
            CODE    4B4BH     009CH     UNIT         ?PR?_MAX_VALUE?CALIBRATION
            CODE    4BE7H     009AH     UNIT         ?PR?EXP?EXP
            CODE    4C81H     008CH     UNIT         ?C_C51STARTUP
            CODE    4D0DH     0088H     UNIT         ?PR?_DAY_OF_YEAR?PCF85063BTL
            CODE    4D95H     0079H     UNIT         ?PR?_WRITEDATA?LCD_DRIVER_SPLC780D
            CODE    4E0EH     0072H     UNIT         ?PR?AT25SF041_WRITEENABLE?AT25SF041
            CODE    4E80H     006FH     UNIT         ?PR?_READ_TIME?PCF85063BTL
            CODE    4EEFH     005AH     UNIT         ?PR?AT25SF041_CHIPERASE?AT25SF041
            CODE    4F49H     0059H     UNIT         ?PR?LCD_INIT?LCD_DRIVER_SPLC780D
            CODE    4FA2H     004AH     UNIT         ?PR?VONESTEPMOVE?BIPOLARMOTOR
            CODE    4FECH     004AH     UNIT         ?PR?ACOS?ACOS
            CODE    5036H     0044H     UNIT         ?C?LDIV
            CODE    507AH     0040H     UNIT         ?PR?_COMMAND?LCD_DRIVER_SPLC780D
            CODE    50BAH     0040H     UNIT         ?PR?_STEP_MOVE?BIPOLARMOTOR
            CODE    50FAH     003BH     UNIT         ?PR?ASIN?ASIN
            CODE    5135H     0031H     UNIT         ?PR?SI1120_CONFIG_MODE_VIRH?SI1120
            CODE    5166H     002BH     UNIT         ?PR?_WAIT_MS_I2C?IOEXPANDER_PI4IOE5V96248
            CODE    5191H     002BH     UNIT         ?PR?_WAIT_MS_SPINOR?AT25SF041
            CODE    51BCH     002AH     UNIT         ?PR?_ADC_GETRESULT?ADC
            CODE    51E6H     0028H     UNIT         ?PR?_MOVE?BIPOLARMOTOR
            CODE    520EH     0027H     UNIT         ?PR?_I2C_SENDBYTE?IOEXPANDER_PI4IOE5V96248
            CODE    5235H     0025H     UNIT         ?PR?_FINDCLOSESTSAMEDAYCALIBTIME?CALIBRATION
            CODE    525AH     0024H     UNIT         ?PR?_WAIT_MS?LCD_DRIVER_SPLC780D
            CODE    527EH     0021H     UNIT         ?PR?TM0_ISR?MAIN
            CODE    529FH     0020H     UNIT         ?PR?_SPI_SENDBYTE?PCF85063BTL
            CODE    52BFH     0020H     UNIT         ?PR?SPI_RECEIVEBYTE?PCF85063BTL
            CODE    52DFH     001EH     UNIT         ?PR?_DELAY_MS?KEYPAD
            CODE    52FDH     001DH     UNIT         ?PR?_DISPLAYLCD?LCD_DRIVER_SPLC780D
            CODE    531AH     001BH     UNIT         ?PR?_BCDTODEC1?BIPOLARMOTOR
            CODE    5335H     001AH     UNIT         ?PR?ADC_INIT?ADC
            CODE    534FH     0018H     UNIT         ?PR?_SPI_WRITETIME?PCF85063BTL
            CODE    5367H     0016H     UNIT         ?PR?I2C_ACK?IOEXPANDER_PI4IOE5V96248
            CODE    537DH     0015H     UNIT         ?PR?_DISPLAY_LINE?LCD_DRIVER_SPLC780D
            CODE    5392H     0015H     UNIT         ?PR?VSETLOCATION?BIPOLARMOTOR
BL51 BANKED LINKER/LOCATER V6.22                                                      05/23/2019  17:00:52  PAGE 4


            CODE    53A7H     0015H     UNIT         ?PR?I2C_STOP?IOEXPANDER_PI4IOE5V96248
            CODE    53BCH     0014H     UNIT         ?PR?_PCF85063BTL_DELAY?PCF85063BTL
            CODE    53D0H     0014H     UNIT         ?PR?_ABS?LCD_DRIVER_SPLC780D
            CODE    53E4H     0011H     UNIT         ?PR?_SPI_READTIME?PCF85063BTL
            CODE    53F5H     0011H     UNIT         ?PR?_BCDTODEC?PCF85063BTL
            CODE    5406H     000FH     UNIT         ?PR?I2C_START?IOEXPANDER_PI4IOE5V96248
            CODE    5415H     000FH     UNIT         ?PR?UC_NACK?IOEXPANDER_PI4IOE5V96248
            CODE    5424H     000DH     UNIT         ?PR?ENABLE_EXTINT0?SI1120
            CODE    5431H     000CH     UNIT         ?PR?KEYPAD_IO_INIT?KEYPAD
            CODE    543DH     000AH     UNIT         ?PR?LCD_RETURN_HOME?LCD_DRIVER_SPLC780D
            CODE    5447H     000AH     UNIT         ?PR?LCD_CLEAR?LCD_DRIVER_SPLC780D
            CODE    5451H     0009H     UNIT         ?PR?TM1_ISR?MAIN
            CODE    545AH     0006H     UNIT         ?PR?UC_ACK?IOEXPANDER_PI4IOE5V96248



OVERLAY MAP OF MODULE:   .\Obj\GPIO_RTC_Test (MAIN)


SEGMENT                                             BIT_GROUP          XDATA_GROUP
  +--> CALLED SEGMENT                            START    LENGTH     START    LENGTH
------------------------------------------------------------------------------------
?PR?EXINT0?MAIN                                  -----    -----      -----    -----
  +--> ?PR?_POW?POW

?PR?_POW?POW                                     -----    -----      03BCH    000AH
  +--> ?PR?LOG?LOG
  +--> ?PR?EXP?EXP

?PR?LOG?LOG                                      0020H.0  0000H.1    03C6H    0004H

*** NEW ROOT ***************************************************

?C_C51STARTUP                                    -----    -----      -----    -----
  +--> ?PR?MAIN?MAIN
  +--> ?C_INITSEG

?PR?MAIN?MAIN                                    -----    -----      03CAH    002EH
  +--> ?PR?LCD_INIT?LCD_DRIVER_SPLC780D
  +--> ?PR?SPI_INIT?PCF85063BTL
  +--> ?PR?KEYPAD_IO_INIT?KEYPAD
  +--> ?PR?ADC_INIT?ADC
  +--> ?PR?SI1120_CONFIG_MODE_VIRH?SI1120
  +--> ?PR?ENABLE_EXTINT0?SI1120
  +--> ?PR?VSETLOCATION?BIPOLARMOTOR
  +--> ?PR?_DISPLAY_LINE?LCD_DRIVER_SPLC780D
  +--> ?PR?_WRITEDATA?LCD_DRIVER_SPLC780D
  +--> ?PR?KEY_PROCESS?KEYPAD
  +--> ?PR?_COMMAND?LCD_DRIVER_SPLC780D
  +--> ?PR?_DISPLAY_POS?LCD_DRIVER_SPLC780D
  +--> ?PR?_DISPLAYLCD?LCD_DRIVER_SPLC780D
  +--> ?PR?_STEP_MOVE?BIPOLARMOTOR
  +--> ?PR?LCD_RETURN_HOME?LCD_DRIVER_SPLC780D
  +--> ?PR?_READ_TIME?PCF85063BTL
  +--> ?PR?_BCDTODEC1?BIPOLARMOTOR
  +--> ?PR?_ELEVATION_CALCULATION?BIPOLARMOTOR
  +--> ?PR?_CALIBRATION?CALIBRATION
BL51 BANKED LINKER/LOCATER V6.22                                                      05/23/2019  17:00:52  PAGE 5


  +--> ?PR?AT25SF041_WRITEENABLE?AT25SF041
  +--> ?PR?_AT25SF041_WRITE?AT25SF041
  +--> ?PR?_WAIT_MS_SPINOR?AT25SF041
  +--> ?PR?_UPDATE_POSITION?BIPOLARMOTOR
  +--> ?PR?_ADC_GETRESULT?ADC
  +--> ?PR?SPI_NOR_WRITE_DATA?AT25SF041
  +--> ?PR?LINEAR_INTERPOLATE?BIPOLARMOTOR
  +--> ?PR?_FINDCLOSESTSAMEDAYCALIBTIME?CALI...
  +--> ?PR?LCD_CLEAR?LCD_DRIVER_SPLC780D
  +--> ?PR?AT25SF041_CHIPERASE?AT25SF041

?PR?LCD_INIT?LCD_DRIVER_SPLC780D                 -----    -----      -----    -----
  +--> ?PR?_WAIT_MS?LCD_DRIVER_SPLC780D
  +--> ?PR?_COMMAND?LCD_DRIVER_SPLC780D

?PR?_COMMAND?LCD_DRIVER_SPLC780D                 -----    -----      -----    -----
  +--> ?PR?_WAIT_MS?LCD_DRIVER_SPLC780D

?PR?SI1120_CONFIG_MODE_VIRH?SI1120               -----    -----      -----    -----
  +--> ?PR?_WAIT_MS?LCD_DRIVER_SPLC780D

?PR?_DISPLAY_LINE?LCD_DRIVER_SPLC780D            -----    -----      -----    -----
  +--> ?PR?_COMMAND?LCD_DRIVER_SPLC780D

?PR?_WRITEDATA?LCD_DRIVER_SPLC780D               -----    -----      04E2H    0001H
  +--> ?PR?_WAIT_MS?LCD_DRIVER_SPLC780D

?PR?KEY_PROCESS?KEYPAD                           -----    -----      03F8H    0006H
  +--> ?PR?KEY_SCAN?KEYPAD
  +--> ?PR?_SPI_WRITETIME?PCF85063BTL
  +--> ?PR?LCD_CLEAR?LCD_DRIVER_SPLC780D
  +--> ?PR?_COMMAND?LCD_DRIVER_SPLC780D
  +--> ?PR?_WRITEDATA?LCD_DRIVER_SPLC780D

?PR?KEY_SCAN?KEYPAD                              -----    -----      03FEH    0003H

?PR?_SPI_WRITETIME?PCF85063BTL                   -----    -----      -----    -----
  +--> ?PR?_SPI_SENDBYTE?PCF85063BTL

?PR?_SPI_SENDBYTE?PCF85063BTL                    -----    -----      -----    -----
  +--> ?PR?_PCF85063BTL_DELAY?PCF85063BTL

?PR?LCD_CLEAR?LCD_DRIVER_SPLC780D                -----    -----      -----    -----
  +--> ?PR?_COMMAND?LCD_DRIVER_SPLC780D

?PR?_DISPLAY_POS?LCD_DRIVER_SPLC780D             -----    -----      04D7H    000BH
  +--> ?PR?_ABS?LCD_DRIVER_SPLC780D
  +--> ?PR?_WRITEDATA?LCD_DRIVER_SPLC780D

?PR?_DISPLAYLCD?LCD_DRIVER_SPLC780D              -----    -----      03F8H    0001H
  +--> ?PR?_WRITEDATA?LCD_DRIVER_SPLC780D

?PR?_STEP_MOVE?BIPOLARMOTOR                      0020H.2  0000H.1    04DBH    0004H
  +--> ?PR?VONESTEPMOVE?BIPOLARMOTOR

?PR?VONESTEPMOVE?BIPOLARMOTOR                    0020H.3  0000H.1    -----    -----
  +--> ?PR?_WRITE_PI4IOE5V96248?IOEXPANDER_P...
BL51 BANKED LINKER/LOCATER V6.22                                                      05/23/2019  17:00:52  PAGE 6


  +--> ?PR?_DELAY_MS?KEYPAD

?PR?_WRITE_PI4IOE5V96248?IOEXPANDER_P...         -----    -----      04DFH    0003H
  +--> ?PR?I2C_START?IOEXPANDER_PI4IOE5V96248
  +--> ?PR?_WAIT_MS_I2C?IOEXPANDER_PI4IOE5V9...
  +--> ?PR?_I2C_SENDBYTE?IOEXPANDER_PI4IOE5V...
  +--> ?PR?I2C_ACK?IOEXPANDER_PI4IOE5V96248
  +--> ?PR?I2C_STOP?IOEXPANDER_PI4IOE5V96248

?PR?I2C_START?IOEXPANDER_PI4IOE5V96248           -----    -----      -----    -----
  +--> ?PR?_WAIT_MS_I2C?IOEXPANDER_PI4IOE5V9...

?PR?_I2C_SENDBYTE?IOEXPANDER_PI4IOE5V...         -----    -----      -----    -----
  +--> ?PR?_WAIT_MS_I2C?IOEXPANDER_PI4IOE5V9...

?PR?I2C_ACK?IOEXPANDER_PI4IOE5V96248             -----    -----      04E2H    0001H
  +--> ?PR?_WAIT_MS_I2C?IOEXPANDER_PI4IOE5V9...

?PR?I2C_STOP?IOEXPANDER_PI4IOE5V96248            -----    -----      -----    -----
  +--> ?PR?_WAIT_MS_I2C?IOEXPANDER_PI4IOE5V9...

?PR?LCD_RETURN_HOME?LCD_DRIVER_SPLC780D          -----    -----      -----    -----
  +--> ?PR?_COMMAND?LCD_DRIVER_SPLC780D

?PR?_READ_TIME?PCF85063BTL                       -----    -----      03F8H    000FH
  +--> ?PR?_SPI_READTIME?PCF85063BTL

?PR?_SPI_READTIME?PCF85063BTL                    -----    -----      -----    -----
  +--> ?PR?_SPI_SENDBYTE?PCF85063BTL
  +--> ?PR?SPI_RECEIVEBYTE?PCF85063BTL

?PR?SPI_RECEIVEBYTE?PCF85063BTL                  -----    -----      -----    -----
  +--> ?PR?_PCF85063BTL_DELAY?PCF85063BTL

?PR?_ELEVATION_CALCULATION?BIPOLARMOTOR          -----    -----      03F8H    0005H
  +--> ?PR?_BCDTODEC1?BIPOLARMOTOR
  +--> ?PR?SUNPOS?SUNPOS
  +--> ?PR?SIN?SIN
  +--> ?PR?ASIN?ASIN

?PR?SUNPOS?SUNPOS                                -----    -----      0442H    005DH
  +--> ?PR?SIN?SIN
  +--> ?PR?_ATAN2?ATAN2
  +--> ?PR?ASIN?ASIN
  +--> ?PR?ACOS?ACOS

?PR?SIN?SIN                                      0020H.1  0000H.1    049FH    0004H

?PR?_ATAN2?ATAN2                                 -----    -----      049FH    0008H
  +--> ?PR?ATAN?ATAN

?PR?ATAN?ATAN                                    0020H.1  0000H.2    04A7H    0004H

?PR?ASIN?ASIN                                    -----    -----      -----    -----
  +--> ?PR?SQRT?SQRT
  +--> ?PR?ATAN?ATAN

BL51 BANKED LINKER/LOCATER V6.22                                                      05/23/2019  17:00:52  PAGE 7


?PR?SQRT?SQRT                                    -----    -----      049FH    0004H

?PR?ACOS?ACOS                                    -----    -----      -----    -----
  +--> ?PR?SQRT?SQRT
  +--> ?PR?ATAN?ATAN

?PR?_CALIBRATION?CALIBRATION                     -----    -----      03F8H    0024H
  +--> ?PR?VOLTAGE_IS_STABLE?CALIBRATION
  +--> ?PR?_UPDATE_POSITION?BIPOLARMOTOR
  +--> ?PR?_FIND_REAL_MAX?CALIBRATION

?PR?VOLTAGE_IS_STABLE?CALIBRATION                -----    -----      041CH    0018H
  +--> ?PR?_ADC_GETRESULT?ADC
  +--> ?PR?_ABS?LCD_DRIVER_SPLC780D

?PR?_UPDATE_POSITION?BIPOLARMOTOR                -----    -----      041CH    0026H
  +--> ?PR?_BCDTODEC1?BIPOLARMOTOR
  +--> ?PR?SUNPOS?SUNPOS
  +--> ?PR?SIN?SIN
  +--> ?PR?ASIN?ASIN
  +--> ?PR?_THEORICALJP_POSITION?BIPOLARMOTOR
  +--> ?PR?_ABS?LCD_DRIVER_SPLC780D
  +--> ?PR?_MOVE?BIPOLARMOTOR

?PR?_THEORICALJP_POSITION?BIPOLARMOTOR           -----    -----      0442H    005CH
  +--> ?PR?LINEAR_INTERPOLATE?BIPOLARMOTOR

?PR?LINEAR_INTERPOLATE?BIPOLARMOTOR              -----    -----      049EH    0014H

?PR?_MOVE?BIPOLARMOTOR                           0020H.1  0000H.1    04D7H    0004H
  +--> ?PR?_STEP_MOVE?BIPOLARMOTOR

?PR?_FIND_REAL_MAX?CALIBRATION                   -----    -----      041CH    00BBH
  +--> ?PR?_ADC_GETRESULT?ADC
  +--> ?PR?_WAIT_MS?LCD_DRIVER_SPLC780D
  +--> ?PR?AT25SF041_WRITEENABLE?AT25SF041
  +--> ?PR?_AT25SF041_WRITE?AT25SF041
  +--> ?PR?_WAIT_MS_SPINOR?AT25SF041
  +--> ?PR?_COMMAND?LCD_DRIVER_SPLC780D
  +--> ?PR?_WRITEDATA?LCD_DRIVER_SPLC780D
  +--> ?PR?_DISPLAY_POS?LCD_DRIVER_SPLC780D
  +--> ?PR?_MOVE?BIPOLARMOTOR
  +--> ?PR?_MAX_VALUE?CALIBRATION

?PR?AT25SF041_WRITEENABLE?AT25SF041              -----    -----      04D7H    0002H
  +--> ?PR?_WAIT_MS_SPINOR?AT25SF041
  +--> ?PR?UCREAD_STATUS_REGISTER_BYTE1?AT25...

?PR?UCREAD_STATUS_REGISTER_BYTE1?AT25...         -----    -----      04DFH    0003H
  +--> ?PR?_WAIT_MS_SPINOR?AT25SF041

?PR?_AT25SF041_WRITE?AT25SF041                   -----    -----      04D7H    0008H
  +--> ?PR?_WAIT_MS_SPINOR?AT25SF041
  +--> ?PR?UCREAD_STATUS_REGISTER_BYTE1?AT25...

?PR?_MAX_VALUE?CALIBRATION                       -----    -----      04D7H    0004H

BL51 BANKED LINKER/LOCATER V6.22                                                      05/23/2019  17:00:52  PAGE 8


?PR?SPI_NOR_WRITE_DATA?AT25SF041                 -----    -----      03F8H    000EH
  +--> ?PR?AT25SF041_WRITEENABLE?AT25SF041
  +--> ?PR?_AT25SF041_WRITE?AT25SF041
  +--> ?PR?_WAIT_MS_SPINOR?AT25SF041

?PR?AT25SF041_CHIPERASE?AT25SF041                -----    -----      03F8H    0002H
  +--> ?PR?_WAIT_MS_SPINOR?AT25SF041
  +--> ?PR?UCREAD_STATUS_REGISTER_BYTE1?AT25...



SYMBOL TABLE OF MODULE:  .\Obj\GPIO_RTC_Test (MAIN)

  VALUE           TYPE          NAME
  ----------------------------------

  -------         MODULE        MAIN
  C:0000H         SYMBOL        _ICE_DUMMY_
  X:04EBH         PUBLIC        calib_value
  D:0080H         PUBLIC        P0
  D:00B2H         PUBLIC        P3M0
  D:0090H         PUBLIC        P1
  D:00B1H         PUBLIC        P3M1
  D:00A0H         PUBLIC        P2
  D:00B0H         PUBLIC        P3
  D:00C0H         PUBLIC        P4
  D:00C8H         PUBLIC        P5
  X:053FH         SYMBOL        PressedKey
  B:00A8H.7       PUBLIC        EA
  D:00E8H         PUBLIC        P6
  X:0543H         PUBLIC        calib_stamp
  D:00F8H         PUBLIC        P7
  X:0544H         PUBLIC        calib_bool
  X:056EH         PUBLIC        pwm_time_min
  D:00A8H         PUBLIC        IE
  X:0572H         PUBLIC        calib_time
  X:05C6H         PUBLIC        pwm_time_max
  D:00B8H         PUBLIC        IP
  B:00B0H.2       PUBLIC        INT0
  X:05CAH         PUBLIC        months
  D:00D8H         PUBLIC        CCON
  C:001EH         PUBLIC        main
  X:05CBH         PUBLIC        count
  X:05CDH         PUBLIC        days
  X:05CEH         PUBLIC        hours
  D:0098H         PUBLIC        SCON
  D:0089H         PUBLIC        TMOD
  D:0088H         PUBLIC        TCON
  B:00A0H.3       PUBLIC        P23
  X:05CFH         SYMBOL        KeyCount
  X:05D1H         PUBLIC        mins
  B:00C8H.5       PUBLIC        P55
  D:008EH         PUBLIC        AUXR
  C:527EH         PUBLIC        tm0_isr
  B:0090H.5       PUBLIC        SI1120_STX
  C:5451H         PUBLIC        tm1_isr
  B:0020H.4       PUBLIC        busy
BL51 BANKED LINKER/LOCATER V6.22                                                      05/23/2019  17:00:52  PAGE 9


  B:00A8H.1       PUBLIC        ET0
  B:00A8H.3       PUBLIC        ET1
  X:05D2H         PUBLIC        SPI_NOR_INTERNAL_FLASH_ADDR
  D:008CH         PUBLIC        TH0
  D:008DH         PUBLIC        TH1
  D:008AH         PUBLIC        TL0
  D:008BH         PUBLIC        TL1
  B:0088H.4       PUBLIC        TR0
  B:0088H.6       PUBLIC        TR1
  C:4641H         PUBLIC        exint0
  X:05D6H         SYMBOL        KeyNum
  X:05D7H         SYMBOL        KeyNum_Old
  X:05D8H         PUBLIC        timer0_count
  X:05DAH         PUBLIC        current_position
  X:05DEH         PUBLIC        pwm_time
  X:05E2H         PUBLIC        start_timer0_count
  X:05E3H         PUBLIC        seconds
  D:00D0H         PUBLIC        PSW
  -------         PROC          TM0_ISR
  C:527EH         LINE#         94
  C:5284H         LINE#         98
  C:5287H         LINE#         99
  C:528AH         LINE#         100
  C:5298H         LINE#         101
  -------         ENDPROC       TM0_ISR
  -------         PROC          TM1_ISR
  C:5451H         LINE#         102
  C:5451H         LINE#         104
  C:5453H         LINE#         106
  C:5456H         LINE#         107
  C:5459H         LINE#         108
  -------         ENDPROC       TM1_ISR
  -------         PROC          EXINT0
  C:4641H         LINE#         109
  C:465EH         LINE#         113
  C:4661H         LINE#         114
  C:4661H         LINE#         115
  C:4664H         LINE#         116
  C:4667H         LINE#         117
  C:4669H         LINE#         118
  C:466BH         LINE#         122
  C:466EH         LINE#         125
  C:466EH         LINE#         126
  C:4670H         LINE#         128
  C:467CH         LINE#         129
  C:46D6H         LINE#         130
  C:4714H         LINE#         131
  C:471BH         LINE#         136
  C:471BH         LINE#         138
  -------         ENDPROC       EXINT0
  -------         PROC          MAIN
  -------         DO            
  X:04E3H         SYMBOL        KeyCount
  X:04E5H         SYMBOL        KeyNum_Old
  X:04E6H         SYMBOL        KeyNum
  X:04E7H         SYMBOL        PressedKey
  X:03CAH         SYMBOL        prox_flag
BL51 BANKED LINKER/LOCATER V6.22                                                      05/23/2019  17:00:52  PAGE 10


  X:03CBH         SYMBOL        iUse_prevday_calib_value
  X:03CDH         SYMBOL        max_ADC_Val_JP
  X:03CFH         SYMBOL        max_ADC_Val
  X:03D1H         SYMBOL        calib_point1
  X:03D9H         SYMBOL        calib_point2
  X:03E1H         SYMBOL        dat_to_store
  X:03ECH         SYMBOL        calib_day
  X:03EEH         SYMBOL        calib_count
  X:03F0H         SYMBOL        theorical_JP_max_pos
  X:03F4H         SYMBOL        elevation
  -------         ENDDO         
  C:001EH         LINE#         140
  C:001EH         LINE#         141
  C:001EH         LINE#         146
  C:0024H         LINE#         147
  C:0029H         LINE#         149
  C:0031H         LINE#         153
  C:0037H         LINE#         154
  C:0041H         LINE#         161
  C:0049H         LINE#         162
  C:0050H         LINE#         163
  C:0056H         LINE#         165
  C:005CH         LINE#         174
  C:005EH         LINE#         175
  C:0061H         LINE#         176
  C:0064H         LINE#         177
  C:0067H         LINE#         178
  C:006AH         LINE#         179
  C:006DH         LINE#         182
  C:0070H         LINE#         185
  C:0073H         LINE#         186
  C:0076H         LINE#         188
  C:0079H         LINE#         190
  C:007CH         LINE#         191
  C:007FH         LINE#         192
  C:0082H         LINE#         193
  C:0085H         LINE#         194
  C:0088H         LINE#         195
  C:008BH         LINE#         196
  C:008DH         LINE#         197
  C:008FH         LINE#         199
  C:0091H         LINE#         207
  C:0097H         LINE#         208
  C:009CH         LINE#         209
  C:00A1H         LINE#         210
  C:00A6H         LINE#         211
  C:00ABH         LINE#         212
  C:00B0H         LINE#         215
  C:00C9H         LINE#         216
  C:00C9H         LINE#         217
  C:00E5H         LINE#         218
  C:012CH         LINE#         219
  C:013DH         LINE#         222
  C:013DH         LINE#         223
  C:013DH         LINE#         224
  C:0140H         LINE#         228
  C:0140H         LINE#         232
BL51 BANKED LINKER/LOCATER V6.22                                                      05/23/2019  17:00:52  PAGE 11


  C:0145H         LINE#         233
  C:014AH         LINE#         235
  C:014FH         LINE#         237
  C:0154H         LINE#         238
  C:0159H         LINE#         240
  C:016AH         LINE#         243
  C:016FH         LINE#         244
  C:0174H         LINE#         246
  C:017BH         LINE#         247
  C:0183H         LINE#         248
  C:0188H         LINE#         249
  C:0190H         LINE#         250
  C:0195H         LINE#         251
  C:019FH         LINE#         252
  C:01A4H         LINE#         253
  C:01ACH         LINE#         255
  C:01B4H         LINE#         256
  C:01B9H         LINE#         257
  C:01C3H         LINE#         258
  C:01C3H         LINE#         259
  C:01C5H         LINE#         260
  C:01C7H         LINE#         261
  C:01D1H         LINE#         262
  C:01D1H         LINE#         263
  C:01D6H         LINE#         264
  C:01D6H         LINE#         276
  C:01EAH         LINE#         277
  C:01EAH         LINE#         278
  C:01FFH         LINE#         279
  C:020EH         LINE#         280
  C:020EH         LINE#         281
  C:0221H         LINE#         282
  C:0223H         LINE#         284
  C:0223H         LINE#         285
  C:023FH         LINE#         286
  C:023FH         LINE#         287
  C:0244H         LINE#         288
  C:0244H         LINE#         289
  C:0258H         LINE#         290
  C:0258H         LINE#         293
  C:026DH         LINE#         294
  C:027CH         LINE#         295
  C:027CH         LINE#         296
  C:028FH         LINE#         297
  C:0291H         LINE#         299
  C:0291H         LINE#         300
  C:02ADH         LINE#         301
  C:02ADH         LINE#         302
  C:02B2H         LINE#         303
  C:02B8H         LINE#         304
  C:02B8H         LINE#         306
  C:02DAH         LINE#         307
  C:02DAH         LINE#         308
  C:02E4H         LINE#         309
  C:02EAH         LINE#         310
  C:02F1H         LINE#         311
  C:02F7H         LINE#         312
BL51 BANKED LINKER/LOCATER V6.22                                                      05/23/2019  17:00:52  PAGE 12


  C:02FEH         LINE#         313
  C:02FEH         LINE#         314
  C:0301H         LINE#         316
  C:0301H         LINE#         321
  C:033CH         LINE#         325
  C:0349H         LINE#         326
  C:0349H         LINE#         330
  C:0349H         LINE#         331
  C:0371H         LINE#         332
  C:0371H         LINE#         333
  C:0393H         LINE#         334
  C:0393H         LINE#         336
  C:03B9H         LINE#         342
  C:03D6H         LINE#         348
  C:03D6H         LINE#         349
  C:0452H         LINE#         350
  C:046BH         LINE#         351
  C:04F5H         LINE#         353
  C:0526H         LINE#         354
  C:0526H         LINE#         357
  C:0549H         LINE#         358
  C:055EH         LINE#         361
  C:055EH         LINE#         362
  C:0561H         LINE#         364
  C:0561H         LINE#         366
  C:0568H         LINE#         367
  C:0568H         LINE#         368
  C:056BH         LINE#         369
  C:0589H         LINE#         370
  C:0590H         LINE#         371
  C:05AFH         LINE#         372
  C:05CEH         LINE#         374
  C:064AH         LINE#         375
  C:0662H         LINE#         378
  C:06BAH         LINE#         379
  C:06F5H         LINE#         380
  C:0702H         LINE#         381
  C:0711H         LINE#         382
  C:0711H         LINE#         384
  C:0719H         LINE#         385
  C:0721H         LINE#         386
  C:0729H         LINE#         387
  C:0731H         LINE#         389
  C:0745H         LINE#         390
  C:075BH         LINE#         391
  C:078BH         LINE#         392
  C:07ABH         LINE#         394
  C:07BFH         LINE#         395
  C:07D5H         LINE#         396
  C:0805H         LINE#         397
  C:080CH         LINE#         399
  C:0830H         LINE#         402
  C:0832H         LINE#         404
  C:0840H         LINE#         405
  C:0840H         LINE#         406
  C:0848H         LINE#         408
  C:0848H         LINE#         411
BL51 BANKED LINKER/LOCATER V6.22                                                      05/23/2019  17:00:52  PAGE 13


  C:0848H         LINE#         412
  C:0855H         LINE#         413
  C:0855H         LINE#         414
  C:0877H         LINE#         415
  C:0877H         LINE#         416
  C:08F3H         LINE#         417
  C:0948H         LINE#         418
  C:0948H         LINE#         420
  C:094BH         LINE#         424
  C:094BH         LINE#         427
  C:096DH         LINE#         428
  C:096DH         LINE#         429
  C:09E9H         LINE#         431
  C:0A16H         LINE#         432
  C:0A31H         LINE#         433
  C:0A5EH         LINE#         434
  C:0A91H         LINE#         435
  C:0A91H         LINE#         436
  C:0ABBH         LINE#         437
  C:0B54H         LINE#         438
  C:0B56H         LINE#         440
  C:0B56H         LINE#         441
  C:0BB9H         LINE#         442
  C:0BB9H         LINE#         446
  C:0BB9H         LINE#         448
  C:0BB9H         LINE#         449
  C:0BB9H         LINE#         451
  C:0BB9H         LINE#         454
  C:0BD5H         LINE#         455
  C:0BD9H         LINE#         457
  C:0BDBH         LINE#         460
  C:0BEAH         LINE#         461
  C:0BEAH         LINE#         462
  C:0BEDH         LINE#         463
  C:0BF4H         LINE#         464
  C:0BF9H         LINE#         465
  C:0BFEH         LINE#         466
  C:0C03H         LINE#         467
  C:0C08H         LINE#         468
  C:0C0DH         LINE#         478
  C:0C10H         LINE#         480
  C:0C13H         LINE#         481
  C:0C1AH         LINE#         482
  C:0C24H         LINE#         483
  C:0C2BH         LINE#         485
  C:0C2EH         LINE#         494
  C:0C2EH         LINE#         495
  -------         ENDPROC       MAIN
  -------         ENDMOD        MAIN

  -------         MODULE        PCF85063BTL
  C:0000H         SYMBOL        _ICE_DUMMY_
  D:0096H         PUBLIC        P2M0
  D:0080H         PUBLIC        P0
  D:0095H         PUBLIC        P2M1
  D:0090H         PUBLIC        P1
  D:00A0H         PUBLIC        P2
BL51 BANKED LINKER/LOCATER V6.22                                                      05/23/2019  17:00:52  PAGE 14


  D:00B0H         PUBLIC        P3
  D:00C0H         PUBLIC        P4
  D:00C8H         PUBLIC        P5
  D:00E8H         PUBLIC        P6
  B:00A0H.1       PUBLIC        PCF85063BTL_SDI
  D:00F8H         PUBLIC        P7
  B:00A0H.2       PUBLIC        PCF85063BTL_SCK
  B:00A0H.1       PUBLIC        PCF85063BTL_SDO
  D:00A8H         PUBLIC        IE
  C:4E80H         PUBLIC        _Read_time
  C:53C2H         PUBLIC        _PCF85063BTL_Delay
  D:00B8H         PUBLIC        IP
  D:00D8H         PUBLIC        CCON
  C:4D0DH         PUBLIC        _Day_Of_Year
  C:52BFH         PUBLIC        SPI_ReceiveByte
  D:0098H         PUBLIC        SCON
  D:0088H         PUBLIC        TCON
  C:53F5H         PUBLIC        _BCDtoDec
  B:00A0H.0       PUBLIC        PCF85063BTL_CS
  C:53E4H         PUBLIC        _SPI_ReadTime
  C:000EH         PUBLIC        SPI_Init
  C:534FH         PUBLIC        _SPI_WriteTime
  C:529FH         PUBLIC        _SPI_SendByte
  D:00D0H         PUBLIC        PSW
  C:53BEH         SYMBOL        L?0048
  -------         PROC          L?0047
  -------         ENDPROC       L?0047
  C:53BEH         SYMBOL        L?0048
  -------         PROC          _PCF85063BTL_DELAY
  D:0006H         SYMBOL        us
  C:53C2H         LINE#         8
  C:53C2H         LINE#         9
  C:53C2H         LINE#         10
  C:53CCH         LINE#         11
  C:53CCH         LINE#         12
  C:53CDH         LINE#         13
  C:53CFH         LINE#         14
  -------         ENDPROC       _PCF85063BTL_DELAY
  -------         PROC          _SPI_SENDBYTE
  D:0005H         SYMBOL        dat
  -------         DO            
  D:0003H         SYMBOL        i
  -------         ENDDO         
  C:529FH         LINE#         17
  C:52A1H         LINE#         18
  C:52A1H         LINE#         20
  C:52A3H         LINE#         21
  C:52A3H         LINE#         22
  C:52A5H         LINE#         23
  C:52A9H         LINE#         24
  C:52A9H         LINE#         25
  C:52ABH         LINE#         26
  C:52ADH         LINE#         28
  C:52ADH         LINE#         29
  C:52AFH         LINE#         30
  C:52AFH         LINE#         31
  C:52B2H         LINE#         32
BL51 BANKED LINKER/LOCATER V6.22                                                      05/23/2019  17:00:52  PAGE 15


  C:52B2H         LINE#         33
  C:52B5H         LINE#         34
  C:52B9H         LINE#         35
  C:52BEH         LINE#         36
  -------         ENDPROC       _SPI_SENDBYTE
  -------         PROC          SPI_RECEIVEBYTE
  -------         DO            
  D:0003H         SYMBOL        i
  D:0005H         SYMBOL        dat
  -------         ENDDO         
  C:52BFH         LINE#         39
  C:52BFH         LINE#         40
  C:52BFH         LINE#         42
  C:52C1H         LINE#         44
  C:52C3H         LINE#         45
  C:52C4H         LINE#         46
  C:52C4H         LINE#         47
  C:52C8H         LINE#         48
  C:52CAH         LINE#         49
  C:52CDH         LINE#         51
  C:52D0H         LINE#         52
  C:52D0H         LINE#         53
  C:52D4H         LINE#         54
  C:52D4H         LINE#         55
  C:52D4H         LINE#         56
  C:52D7H         LINE#         57
  C:52DCH         LINE#         58
  C:52DEH         LINE#         59
  -------         ENDPROC       SPI_RECEIVEBYTE
  -------         PROC          _SPI_READTIME
  D:0007H         SYMBOL        addr
  -------         DO            
  D:0006H         SYMBOL        dat
  -------         ENDDO         
  C:53E4H         LINE#         61
  C:53E4H         LINE#         62
  C:53E4H         LINE#         64
  C:53E6H         LINE#         65
  C:53E8H         LINE#         66
  C:53EFH         LINE#         67
  C:53F2H         LINE#         68
  C:53F4H         LINE#         69
  C:53F4H         LINE#         70
  -------         ENDPROC       _SPI_READTIME
  -------         PROC          _SPI_WRITETIME
  D:0002H         SYMBOL        val
  D:0005H         SYMBOL        addr
  C:534FH         LINE#         71
  C:5351H         LINE#         72
  C:5351H         LINE#         74
  C:5353H         LINE#         75
  C:535AH         LINE#         76
  C:535FH         LINE#         77
  C:5364H         LINE#         78
  C:5366H         LINE#         79
  -------         ENDPROC       _SPI_WRITETIME
  -------         PROC          SPI_INIT
BL51 BANKED LINKER/LOCATER V6.22                                                      05/23/2019  17:00:52  PAGE 16


  C:000EH         LINE#         83
  C:000EH         LINE#         84
  C:000EH         LINE#         89
  C:0011H         LINE#         90
  C:0014H         LINE#         91
  C:0016H         LINE#         92
  C:0018H         LINE#         93
  C:001AH         LINE#         94
  -------         ENDPROC       SPI_INIT
  -------         PROC          _READ_TIME
  X:03F8H         SYMBOL        months
  X:03FBH         SYMBOL        days
  X:03FEH         SYMBOL        hours
  X:0401H         SYMBOL        mins
  X:0404H         SYMBOL        seconds
  C:4E80H         LINE#         96
  C:4E8BH         LINE#         97
  C:4E8BH         LINE#         99
  C:4E9FH         LINE#         101
  C:4EB3H         LINE#         103
  C:4EC7H         LINE#         108
  C:4EDBH         LINE#         113
  -------         ENDPROC       _READ_TIME
  -------         PROC          _BCDTODEC
  D:0007H         SYMBOL        bcd
  -------         DO            
  D:0006H         SYMBOL        hi
  D:0007H         SYMBOL        lo
  -------         ENDDO         
  C:53F5H         LINE#         119
  C:53F5H         LINE#         120
  C:53F5H         LINE#         122
  C:53FAH         LINE#         123
  C:53FEH         LINE#         124
  C:5405H         LINE#         125
  -------         ENDPROC       _BCDTODEC
  -------         PROC          _DAY_OF_YEAR
  D:0007H         SYMBOL        months_bcd
  D:0005H         SYMBOL        days_bcd
  -------         DO            
  D:0004H         SYMBOL        months
  D:0007H         SYMBOL        days
  -------         ENDDO         
  C:4D0DH         LINE#         126
  C:4D0DH         LINE#         127
  C:4D0DH         LINE#         130
  C:4D12H         LINE#         132
  C:4D17H         LINE#         134
  C:4D50H         LINE#         135
  C:4D50H         LINE#         136
  C:4D50H         LINE#         137
  C:4D53H         LINE#         138
  C:4D53H         LINE#         139
  C:4D53H         LINE#         140
  C:4D58H         LINE#         141
  C:4D58H         LINE#         142
  C:4D58H         LINE#         143
BL51 BANKED LINKER/LOCATER V6.22                                                      05/23/2019  17:00:52  PAGE 17


  C:4D5DH         LINE#         144
  C:4D5DH         LINE#         145
  C:4D5DH         LINE#         146
  C:4D62H         LINE#         147
  C:4D62H         LINE#         148
  C:4D62H         LINE#         149
  C:4D67H         LINE#         150
  C:4D67H         LINE#         151
  C:4D67H         LINE#         152
  C:4D6CH         LINE#         153
  C:4D6CH         LINE#         154
  C:4D6CH         LINE#         155
  C:4D71H         LINE#         156
  C:4D71H         LINE#         157
  C:4D71H         LINE#         158
  C:4D76H         LINE#         159
  C:4D76H         LINE#         160
  C:4D76H         LINE#         161
  C:4D7EH         LINE#         162
  C:4D7EH         LINE#         163
  C:4D7EH         LINE#         164
  C:4D83H         LINE#         165
  C:4D83H         LINE#         166
  C:4D83H         LINE#         167
  C:4D88H         LINE#         168
  C:4D88H         LINE#         169
  C:4D88H         LINE#         170
  C:4D91H         LINE#         171
  C:4D91H         LINE#         172
  C:4D91H         LINE#         173
  C:4D94H         LINE#         174
  C:4D94H         LINE#         175
  -------         ENDPROC       _DAY_OF_YEAR
  -------         ENDMOD        PCF85063BTL

  -------         MODULE        LCD_DRIVER_SPLC780D
  C:0000H         SYMBOL        _ICE_DUMMY_
  D:0092H         PUBLIC        P1M0
  D:0091H         PUBLIC        P1M1
  D:0080H         PUBLIC        P0
  D:0090H         PUBLIC        P1
  D:00A0H         PUBLIC        P2
  D:00B0H         PUBLIC        P3
  D:00C0H         PUBLIC        P4
  D:00C8H         PUBLIC        P5
  D:00E8H         PUBLIC        P6
  D:00F8H         PUBLIC        P7
  C:4D99H         PUBLIC        _WriteData
  D:00A8H         PUBLIC        IE
  D:00B8H         PUBLIC        IP
  D:00D8H         PUBLIC        CCON
  B:00B0H.4       PUBLIC        LCD_D4
  B:00B0H.5       PUBLIC        LCD_D5
  B:00B0H.6       PUBLIC        LCD_D6
  C:52FDH         PUBLIC        _DisplayLCD
  B:00B0H.7       PUBLIC        LCD_D7
  D:0098H         PUBLIC        SCON
BL51 BANKED LINKER/LOCATER V6.22                                                      05/23/2019  17:00:52  PAGE 18


  D:0088H         PUBLIC        TCON
  C:53D0H         PUBLIC        _abs
  C:5447H         PUBLIC        LCD_clear
  C:507AH         PUBLIC        _Command
  C:537DH         PUBLIC        _Display_Line
  C:4F49H         PUBLIC        LCD_Init
  C:5260H         PUBLIC        _Wait_ms
  B:00C0H.0       PUBLIC        LCD_RS
  B:0090H.3       PUBLIC        LCD_RW
  C:543DH         PUBLIC        LCD_return_home
  C:408FH         PUBLIC        _Display_Pos
  B:00B0H.3       PUBLIC        LCD_E
  D:00D0H         PUBLIC        PSW
  -------         PROC          LCD_INIT
  C:4F49H         LINE#         9
  C:4F49H         LINE#         10
  C:4F49H         LINE#         11
  C:4F4CH         LINE#         12
  C:4F4FH         LINE#         14
  C:4F55H         LINE#         15
  C:4F5AH         LINE#         17
  C:4F61H         LINE#         18
  C:4F66H         LINE#         20
  C:4F69H         LINE#         21
  C:4F6EH         LINE#         23
  C:4F71H         LINE#         24
  C:4F76H         LINE#         26
  C:4F7DH         LINE#         29
  C:4F82H         LINE#         30
  C:4F87H         LINE#         32
  C:4F8CH         LINE#         33
  C:4F91H         LINE#         35
  C:4F96H         LINE#         36
  C:4F9BH         LINE#         37
  -------         ENDPROC       LCD_INIT
  C:4D95H         SYMBOL        L?0038
  -------         PROC          L?0037
  -------         ENDPROC       L?0037
  C:4D95H         SYMBOL        L?0038
  -------         PROC          _WRITEDATA
  X:04E2H         SYMBOL        dat
  C:4D99H         LINE#         40
  C:4D9EH         LINE#         41
  C:4D9EH         LINE#         46
  C:4DA0H         LINE#         47
  C:4DA2H         LINE#         49
  C:4DB0H         LINE#         50
  C:4DBCH         LINE#         51
  C:4DC8H         LINE#         52
  C:4DD2H         LINE#         53
  C:4DD4H         LINE#         54
  C:4DDBH         LINE#         55
  C:4DDDH         LINE#         57
  C:4DEDH         LINE#         58
  C:4DF8H         LINE#         59
  C:4E02H         LINE#         60
  C:4E06H         LINE#         62
BL51 BANKED LINKER/LOCATER V6.22                                                      05/23/2019  17:00:52  PAGE 19


  C:4E06H         LINE#         63
  C:4E09H         LINE#         64
  C:4E0BH         LINE#         65
  C:4E0DH         LINE#         67
  -------         ENDPROC       _WRITEDATA
  -------         PROC          _COMMAND
  D:0007H         SYMBOL        dat
  C:507AH         LINE#         69
  C:507AH         LINE#         70
  C:507AH         LINE#         71
  C:507CH         LINE#         72
  C:507EH         LINE#         74
  C:5088H         LINE#         75
  C:508CH         LINE#         77
  C:508EH         LINE#         78
  C:5097H         LINE#         79
  C:509BH         LINE#         81
  C:509DH         LINE#         82
  C:50A4H         LINE#         83
  C:50A8H         LINE#         85
  C:50AAH         LINE#         86
  C:50AEH         LINE#         87
  C:50B2H         LINE#         89
  C:50B4H         LINE#         90
  C:50B4H         LINE#         91
  C:50B7H         LINE#         92
  C:50B9H         LINE#         93
  -------         ENDPROC       _COMMAND
  C:525CH         SYMBOL        L?0040
  -------         PROC          L?0039
  -------         ENDPROC       L?0039
  C:525CH         SYMBOL        L?0040
  -------         PROC          _WAIT_MS
  D:0006H         SYMBOL        ms
  -------         DO            
  D:0004H         SYMBOL        De_Cnt
  -------         ENDDO         
  C:5260H         LINE#         95
  C:5260H         LINE#         96
  C:5260H         LINE#         98
  C:526AH         LINE#         99
  C:526AH         LINE#         100
  C:527DH         LINE#         101
  C:527DH         LINE#         102
  -------         ENDPROC       _WAIT_MS
  -------         PROC          _DISPLAYLCD
  D:0007H         SYMBOL        BCD
  -------         DO            
  D:0006H         SYMBOL        first_digit
  X:03F8H         SYMBOL        second_digit
  -------         ENDDO         
  C:52FDH         LINE#         103
  C:52FDH         LINE#         104
  C:52FDH         LINE#         106
  C:5304H         LINE#         107
  C:530DH         LINE#         109
  C:5312H         LINE#         111
BL51 BANKED LINKER/LOCATER V6.22                                                      05/23/2019  17:00:52  PAGE 20


  -------         ENDPROC       _DISPLAYLCD
  -------         PROC          LCD_RETURN_HOME
  C:543DH         LINE#         115
  C:543DH         LINE#         116
  C:543DH         LINE#         117
  C:5442H         LINE#         118
  -------         ENDPROC       LCD_RETURN_HOME
  -------         PROC          LCD_CLEAR
  C:5447H         LINE#         121
  C:5447H         LINE#         122
  C:5447H         LINE#         123
  C:544CH         LINE#         124
  -------         ENDPROC       LCD_CLEAR
  -------         PROC          _DISPLAY_LINE
  D:0006H         SYMBOL        line
  C:537DH         LINE#         128
  C:537DH         LINE#         129
  C:537DH         LINE#         130
  C:5383H         LINE#         131
  C:5383H         LINE#         132
  C:5385H         LINE#         133
  C:5385H         LINE#         134
  C:5387H         LINE#         136
  C:5387H         LINE#         137
  C:538CH         LINE#         138
  C:5391H         LINE#         139
  C:5391H         LINE#         140
  -------         ENDPROC       _DISPLAY_LINE
  -------         PROC          _DISPLAY_POS
  X:04D7H         SYMBOL        sign_dat
  -------         DO            
  X:04DBH         SYMBOL        unit
  X:04DCH         SYMBOL        ten
  X:04DDH         SYMBOL        hundred
  X:04DEH         SYMBOL        thousand
  X:04DFH         SYMBOL        after_dot
  X:04E0H         SYMBOL        dat
  -------         ENDDO         
  C:408FH         LINE#         142
  C:4095H         LINE#         143
  C:4095H         LINE#         147
  C:40B1H         LINE#         148
  C:40CBH         LINE#         149
  C:40EFH         LINE#         151
  C:4139H         LINE#         153
  C:4150H         LINE#         154
  C:4162H         LINE#         155
  C:4187H         LINE#         156
  C:41A1H         LINE#         157
  C:41B9H         LINE#         158
  C:41B9H         LINE#         159
  C:41B9H         LINE#         160
  C:41B9H         LINE#         161
  C:41B9H         LINE#         162
  C:41B9H         LINE#         163
  C:41B9H         LINE#         164
  C:41B9H         LINE#         168
BL51 BANKED LINKER/LOCATER V6.22                                                      05/23/2019  17:00:52  PAGE 21


  C:41BBH         LINE#         170
  C:41BBH         LINE#         172
  C:41C0H         LINE#         173
  C:41C6H         LINE#         174
  C:41CCH         LINE#         175
  C:41D2H         LINE#         176
  C:41D8H         LINE#         177
  C:41DDH         LINE#         178
  C:41E3H         LINE#         182
  C:41E3H         LINE#         184
  -------         ENDPROC       _DISPLAY_POS
  -------         PROC          _ABS
  D:0006H         SYMBOL        dat
  C:53D0H         LINE#         186
  C:53D0H         LINE#         187
  C:53D0H         LINE#         188
  C:53DBH         LINE#         189
  C:53DCH         LINE#         191
  C:53E3H         LINE#         192
  -------         ENDPROC       _ABS
  -------         ENDMOD        LCD_DRIVER_SPLC780D

  -------         MODULE        KEYPAD
  C:0000H         SYMBOL        _ICE_DUMMY_
  D:0093H         PUBLIC        P0M1
  D:0080H         PUBLIC        P0
  D:0090H         PUBLIC        P1
  D:00A0H         PUBLIC        P2
  D:00B0H         PUBLIC        P3
  D:00C0H         PUBLIC        P4
  D:00C8H         PUBLIC        P5
  D:00E8H         PUBLIC        P6
  D:00F8H         PUBLIC        P7
  D:00A8H         PUBLIC        IE
  C:3A8BH         PUBLIC        Key_Scan
  D:00B8H         PUBLIC        IP
  D:00D8H         PUBLIC        CCON
  C:5431H         PUBLIC        KeyPad_IO_Init
  C:52DFH         PUBLIC        _Delay_ms
  D:0098H         PUBLIC        SCON
  D:0088H         PUBLIC        TCON
  X:05F3H         PUBLIC        small_move
  X:05F5H         PUBLIC        move
  X:05F7H         PUBLIC        auto_mode
  X:05F9H         PUBLIC        direction
  X:05FBH         PUBLIC        SPI_NOR_ClearEnable
  C:31B8H         PUBLIC        Key_Process
  D:00D0H         PUBLIC        PSW
  D:0094H         PUBLIC        P0M0
  -------         PROC          _DELAY_MS
  D:0006H         SYMBOL        ms
  -------         DO            
  D:0004H         SYMBOL        De_Cnt
  -------         ENDDO         
  C:52DFH         LINE#         20
  C:52DFH         LINE#         21
  C:52DFH         LINE#         23
BL51 BANKED LINKER/LOCATER V6.22                                                      05/23/2019  17:00:52  PAGE 22


  C:52E9H         LINE#         24
  C:52E9H         LINE#         25
  C:52FCH         LINE#         26
  C:52FCH         LINE#         27
  -------         ENDPROC       _DELAY_MS
  -------         PROC          KEY_SCAN
  -------         DO            
  X:03FEH         SYMBOL        KeyTemp1
  X:03FFH         SYMBOL        KeyTemp2
  X:0400H         SYMBOL        KeyValue
  -------         ENDDO         
  C:3A8BH         LINE#         28
  C:3A8BH         LINE#         29
  C:3A8BH         LINE#         34
  C:3A8EH         LINE#         37
  C:3A91H         LINE#         39
  C:3A99H         LINE#         40
  C:3AA0H         LINE#         41
  C:3AA0H         LINE#         43
  C:3AA5H         LINE#         44
  C:3AACH         LINE#         45
  C:3AACH         LINE#         48
  C:3AAFH         LINE#         49
  C:3AB2H         LINE#         50
  C:3AB7H         LINE#         51
  C:3ABBH         LINE#         52
  C:3ABBH         LINE#         53
  C:3AC3H         LINE#         54
  C:3AC3H         LINE#         55
  C:3AC6H         LINE#         56
  C:3ACEH         LINE#         57
  C:3AD0H         LINE#         59
  C:3AE4H         LINE#         60
  C:3AE4H         LINE#         61
  C:3AE4H         LINE#         62
  C:3AE4H         LINE#         63
  C:3AEAH         LINE#         65
  C:3AECH         LINE#         66
  C:3AECH         LINE#         67
  C:3AECH         LINE#         68
  C:3AF2H         LINE#         70
  C:3AF4H         LINE#         71
  C:3AF4H         LINE#         72
  C:3AF4H         LINE#         73
  C:3AFAH         LINE#         75
  C:3AFCH         LINE#         76
  C:3AFCH         LINE#         77
  C:3AFCH         LINE#         78
  C:3B02H         LINE#         80
  C:3B02H         LINE#         81
  C:3B02H         LINE#         82
  C:3B02H         LINE#         85
  C:3B05H         LINE#         86
  C:3B08H         LINE#         87
  C:3B10H         LINE#         88
  C:3B14H         LINE#         89
  C:3B14H         LINE#         90
BL51 BANKED LINKER/LOCATER V6.22                                                      05/23/2019  17:00:52  PAGE 23


  C:3B1CH         LINE#         91
  C:3B1CH         LINE#         92
  C:3B1FH         LINE#         93
  C:3B27H         LINE#         94
  C:3B29H         LINE#         95
  C:3B3DH         LINE#         96
  C:3B3DH         LINE#         97
  C:3B3DH         LINE#         98
  C:3B3DH         LINE#         99
  C:3B43H         LINE#         101
  C:3B45H         LINE#         102
  C:3B45H         LINE#         103
  C:3B45H         LINE#         104
  C:3B4BH         LINE#         106
  C:3B4DH         LINE#         107
  C:3B4DH         LINE#         108
  C:3B4DH         LINE#         109
  C:3B53H         LINE#         111
  C:3B55H         LINE#         112
  C:3B55H         LINE#         113
  C:3B55H         LINE#         114
  C:3B5AH         LINE#         116
  C:3B5AH         LINE#         117
  C:3B5AH         LINE#         118
  C:3B5AH         LINE#         121
  C:3B5DH         LINE#         122
  C:3B60H         LINE#         123
  C:3B68H         LINE#         124
  C:3B6CH         LINE#         125
  C:3B6CH         LINE#         126
  C:3B74H         LINE#         127
  C:3B74H         LINE#         128
  C:3B77H         LINE#         129
  C:3B7FH         LINE#         130
  C:3B81H         LINE#         131
  C:3B95H         LINE#         132
  C:3B95H         LINE#         133
  C:3B95H         LINE#         134
  C:3B95H         LINE#         135
  C:3B9BH         LINE#         137
  C:3B9DH         LINE#         138
  C:3B9DH         LINE#         139
  C:3B9DH         LINE#         140
  C:3BA3H         LINE#         142
  C:3BA5H         LINE#         143
  C:3BA5H         LINE#         144
  C:3BA5H         LINE#         145
  C:3BABH         LINE#         147
  C:3BADH         LINE#         148
  C:3BADH         LINE#         149
  C:3BADH         LINE#         150
  C:3BB3H         LINE#         152
  C:3BB3H         LINE#         153
  C:3BB3H         LINE#         154
  C:3BB3H         LINE#         158
  C:3BB6H         LINE#         159
  C:3BB9H         LINE#         160
BL51 BANKED LINKER/LOCATER V6.22                                                      05/23/2019  17:00:52  PAGE 24


  C:3BC1H         LINE#         161
  C:3BC5H         LINE#         162
  C:3BC5H         LINE#         163
  C:3BCDH         LINE#         164
  C:3BCDH         LINE#         165
  C:3BD0H         LINE#         166
  C:3BD8H         LINE#         167
  C:3BDAH         LINE#         168
  C:3BEEH         LINE#         169
  C:3BEEH         LINE#         170
  C:3BEEH         LINE#         171
  C:3BEEH         LINE#         172
  C:3BF4H         LINE#         174
  C:3BF6H         LINE#         175
  C:3BF6H         LINE#         176
  C:3BF6H         LINE#         177
  C:3BFCH         LINE#         179
  C:3BFEH         LINE#         180
  C:3BFEH         LINE#         181
  C:3BFEH         LINE#         182
  C:3C04H         LINE#         184
  C:3C06H         LINE#         185
  C:3C06H         LINE#         186
  C:3C06H         LINE#         187
  C:3C0CH         LINE#         189
  C:3C0CH         LINE#         190
  C:3C0CH         LINE#         191
  C:3C0CH         LINE#         193
  C:3C12H         LINE#         194
  C:3C12H         LINE#         196
  C:3C12H         LINE#         197
  C:3C15H         LINE#         198
  C:3C15H         LINE#         199
  C:3C15H         LINE#         201
  C:3C15H         LINE#         202
  C:3C17H         LINE#         203
  C:3C17H         LINE#         204
  -------         ENDPROC       KEY_SCAN
  -------         PROC          KEY_PROCESS
  -------         DO            
  X:05E4H         SYMBOL        KeyCount
  X:05E5H         SYMBOL        KeyNum_Old
  X:05E7H         SYMBOL        KeyNum
  X:05E9H         SYMBOL        PressedKey
  X:03F8H         SYMBOL        d
  D:0002H         SYMBOL        hours
  D:0006H         SYMBOL        mins
  X:03FAH         SYMBOL        months
  X:03FCH         SYMBOL        days
  -------         ENDDO         
  C:31B8H         LINE#         205
  C:31B8H         LINE#         206
  C:31B8H         LINE#         210
  C:31C7H         LINE#         211
  C:31D4H         LINE#         213
  C:31D8H         LINE#         214
  C:31D8H         LINE#         215
BL51 BANKED LINKER/LOCATER V6.22                                                      05/23/2019  17:00:52  PAGE 25


  C:31DEH         LINE#         217
  C:31DEH         LINE#         218
  C:31F5H         LINE#         219
  C:31F5H         LINE#         220
  C:31FFH         LINE#         221
  C:3205H         LINE#         223
  C:320BH         LINE#         225
  C:320BH         LINE#         226
  C:3222H         LINE#         227
  C:3222H         LINE#         228
  C:3227H         LINE#         230
  C:3227H         LINE#         231
  C:3237H         LINE#         232
  C:3237H         LINE#         233
  C:323DH         LINE#         235
  C:323DH         LINE#         236
  C:324FH         LINE#         237
  C:324FH         LINE#         238
  C:3259H         LINE#         239
  C:3261H         LINE#         241
  C:326AH         LINE#         243
  C:326AH         LINE#         252
  C:3289H         LINE#         253
  C:3289H         LINE#         254
  C:32A8H         LINE#         255
  C:32AEH         LINE#         256
  C:32B6H         LINE#         257
  C:32B6H         LINE#         259
  C:32B7H         LINE#         265
  C:32C3H         LINE#         266
  C:32C3H         LINE#         267
  C:32E0H         LINE#         268
  C:32F7H         LINE#         269
  C:330EH         LINE#         270
  C:330EH         LINE#         271
  C:3321H         LINE#         272
  C:3334H         LINE#         273
  C:3334H         LINE#         274
  C:3334H         LINE#         275
  C:3337H         LINE#         280
  C:3346H         LINE#         281
  C:3346H         LINE#         282
  C:3369H         LINE#         283
  C:3386H         LINE#         284
  C:338FH         LINE#         285
  C:338FH         LINE#         286
  C:3396H         LINE#         287
  C:3396H         LINE#         288
  C:33A7H         LINE#         289
  C:33A7H         LINE#         290
  C:33B6H         LINE#         291
  C:33B6H         LINE#         292
  C:33B6H         LINE#         293
  C:33B9H         LINE#         295
  C:33B9H         LINE#         296
  C:33C5H         LINE#         297
  C:33C5H         LINE#         298
BL51 BANKED LINKER/LOCATER V6.22                                                      05/23/2019  17:00:52  PAGE 26


  C:33D7H         LINE#         299
  C:33D7H         LINE#         300
  C:33E7H         LINE#         301
  C:33E7H         LINE#         302
  C:33E7H         LINE#         304
  C:33E9H         LINE#         306
  C:33E9H         LINE#         307
  C:33F8H         LINE#         308
  C:33F8H         LINE#         309
  C:3408H         LINE#         310
  C:3408H         LINE#         311
  C:3408H         LINE#         313
  C:3408H         LINE#         315
  C:3408H         LINE#         316
  C:340AH         LINE#         318
  C:340AH         LINE#         319
  C:3411H         LINE#         320
  C:3411H         LINE#         321
  C:3420H         LINE#         322
  C:3420H         LINE#         323
  C:3430H         LINE#         324
  C:3430H         LINE#         325
  C:3430H         LINE#         326
  C:3432H         LINE#         328
  C:3432H         LINE#         329
  C:3441H         LINE#         330
  C:3441H         LINE#         331
  C:3454H         LINE#         332
  C:3467H         LINE#         333
  C:3467H         LINE#         334
  C:3467H         LINE#         335
  C:3467H         LINE#         336
  C:3470H         LINE#         338
  C:3470H         LINE#         340
  C:34AAH         LINE#         341
  C:34AAH         LINE#         342
  C:34B1H         LINE#         343
  C:34B1H         LINE#         344
  C:34BBH         LINE#         345
  C:34BBH         LINE#         346
  C:34BEH         LINE#         347
  C:34C3H         LINE#         348
  C:34C8H         LINE#         349
  C:34CDH         LINE#         350
  C:34D2H         LINE#         351
  C:34D7H         LINE#         352
  C:34DCH         LINE#         353
  C:34E1H         LINE#         354
  C:34E1H         LINE#         355
  C:34E1H         LINE#         357
  C:34FFH         LINE#         358
  C:34FFH         LINE#         359
  C:3506H         LINE#         360
  C:3506H         LINE#         361
  C:350BH         LINE#         362
  C:3514H         LINE#         363
  C:3533H         LINE#         364
BL51 BANKED LINKER/LOCATER V6.22                                                      05/23/2019  17:00:52  PAGE 27


  C:3533H         LINE#         365
  C:3543H         LINE#         367
  C:3543H         LINE#         371
  -------         ENDPROC       KEY_PROCESS
  -------         PROC          KEYPAD_IO_INIT
  C:5431H         LINE#         374
  C:5431H         LINE#         375
  C:5431H         LINE#         376
  C:5434H         LINE#         377
  C:5437H         LINE#         378
  C:543AH         LINE#         379
  C:543CH         LINE#         380
  -------         ENDPROC       KEYPAD_IO_INIT
  -------         ENDMOD        KEYPAD

  -------         MODULE        BIPOLARMOTOR
  C:0000H         SYMBOL        _ICE_DUMMY_
  X:0000H         PUBLIC        UTC_time
  D:0080H         PUBLIC        P0
  D:0090H         PUBLIC        P1
  X:0004H         PUBLIC        RX_pos_test
  D:00A0H         PUBLIC        P2
  D:00B0H         PUBLIC        P3
  D:00C0H         PUBLIC        P4
  D:00C8H         PUBLIC        P5
  D:00E8H         PUBLIC        P6
  D:00F8H         PUBLIC        P7
  X:00A4H         PUBLIC        low_date_azimuth_mapping
  D:00A8H         PUBLIC        IE
  C:4759H         PUBLIC        linear_interpolate
  X:00CCH         PUBLIC        declination
  C:51E6H         PUBLIC        _Move
  D:00B8H         PUBLIC        IP
  X:00D0H         PUBLIC        time_offset
  D:00D8H         PUBLIC        CCON
  X:00D4H         PUBLIC        previous_move_time
  X:00D5H         PUBLIC        time
  D:0098H         PUBLIC        SCON
  D:0088H         PUBLIC        TCON
  C:50BAH         PUBLIC        _Step_move
  X:00E7H         PUBLIC        dat
  X:00EDH         PUBLIC        current_local_sun_time
  C:1D77H         PUBLIC        _Update_position
  C:3544H         PUBLIC        _elevation_calculation
  X:00F1H         PUBLIC        sunCoord
  C:4FA2H         PUBLIC        vOneStepMove
  X:00F4H         PUBLIC        elevation_stamp
  X:0130H         PUBLIC        date_azimuth_mapping
  X:0158H         PUBLIC        location
  X:0160H         PUBLIC        RX_pos
  C:5392H         PUBLIC        vSetLocation
  C:5324H         PUBLIC        _BCDtoDec1
  X:03B8H         PUBLIC        degree
  C:28AFH         PUBLIC        _TheoricalJP_Position
  D:00D0H         PUBLIC        PSW
  -------         PROC          VSETLOCATION
  C:5392H         LINE#         44
BL51 BANKED LINKER/LOCATER V6.22                                                      05/23/2019  17:00:52  PAGE 28


  C:5392H         LINE#         45
  C:5392H         LINE#         46
  C:539CH         LINE#         47
  C:53A6H         LINE#         48
  -------         ENDPROC       VSETLOCATION
  C:5320H         SYMBOL        L?0060
  -------         PROC          L?0059
  -------         ENDPROC       L?0059
  C:5320H         SYMBOL        L?0060
  -------         PROC          _BCDTODEC1
  D:0007H         SYMBOL        bcd
  -------         DO            
  D:0006H         SYMBOL        hi
  D:0007H         SYMBOL        lo
  -------         ENDDO         
  C:5324H         LINE#         49
  C:5324H         LINE#         50
  C:5324H         LINE#         52
  C:5329H         LINE#         53
  C:532DH         LINE#         54
  C:5334H         LINE#         55
  -------         ENDPROC       _BCDTODEC1
  -------         PROC          VONESTEPMOVE
  B:0020H.3       SYMBOL        bDir
  C:4FA2H         LINE#         59
  C:4FA2H         LINE#         60
  C:4FA2H         LINE#         62
  C:4FA8H         LINE#         63
  C:4FA8H         LINE#         64
  C:4FABH         LINE#         65
  C:4FB4H         LINE#         66
  C:4FBBH         LINE#         67
  C:4FC0H         LINE#         68
  C:4FC0H         LINE#         69
  C:4FC0H         LINE#         71
  C:4FC2H         LINE#         74
  C:4FC2H         LINE#         75
  C:4FC5H         LINE#         76
  C:4FCEH         LINE#         77
  C:4FD5H         LINE#         78
  C:4FDBH         LINE#         79
  C:4FE4H         LINE#         80
  C:4FEBH         LINE#         81
  C:4FEBH         LINE#         85
  -------         ENDPROC       VONESTEPMOVE
  -------         PROC          _STEP_MOVE
  X:04DBH         SYMBOL        step
  B:0020H.2       SYMBOL        dir
  -------         DO            
  X:04DDH         SYMBOL        i
  -------         ENDDO         
  C:50BAH         LINE#         87
  C:50C2H         LINE#         88
  C:50C2H         LINE#         90
  C:50C7H         LINE#         93
  C:50E2H         LINE#         94
  C:50E2H         LINE#         95
BL51 BANKED LINKER/LOCATER V6.22                                                      05/23/2019  17:00:52  PAGE 29


  C:50E9H         LINE#         97
  C:50F9H         LINE#         99
  -------         ENDPROC       _STEP_MOVE
  -------         PROC          _MOVE
  X:04D7H         SYMBOL        distance
  B:0020H.1       SYMBOL        direction
  -------         DO            
  D:0006H         SYMBOL        step
  -------         ENDDO         
  C:51E6H         LINE#         101
  C:51ECH         LINE#         102
  C:51ECH         LINE#         105
  C:5207H         LINE#         106
  -------         ENDPROC       _MOVE
  C:4748H         SYMBOL        L?0058
  -------         PROC          L?0057
  -------         ENDPROC       L?0057
  C:4748H         SYMBOL        L?0058
  -------         PROC          LINEAR_INTERPOLATE
  X:049EH         SYMBOL        p1
  X:04A6H         SYMBOL        p2
  X:04AEH         SYMBOL        x
  -------         DO            
  D:0004H         SYMBOL        fx
  -------         ENDDO         
  C:4759H         LINE#         139
  C:4759H         LINE#         140
  C:4759H         LINE#         143
  C:47F8H         LINE#         145
  C:47F8H         LINE#         146
  -------         ENDPROC       LINEAR_INTERPOLATE
  -------         PROC          _THEORICALJP_POSITION
  X:0442H         SYMBOL        azimuth
  X:0446H         SYMBOL        elevation
  -------         DO            
  X:044AH         SYMBOL        pos_interpolate_azimuth
  X:0486H         SYMBOL        JP_pos
  X:048AH         SYMBOL        i
  X:048CH         SYMBOL        yy
  X:048EH         SYMBOL        p1
  X:0496H         SYMBOL        p2
  -------         ENDDO         
  C:28AFH         LINE#         149
  C:28B5H         LINE#         150
  C:28B5H         LINE#         152
  C:28BFH         LINE#         155
  C:28DBH         LINE#         156
  C:28DBH         LINE#         157
  C:294BH         LINE#         158
  C:294BH         LINE#         159
  C:2952H         LINE#         160
  C:2952H         LINE#         161
  C:297FH         LINE#         162
  C:299AH         LINE#         164
  C:29E1H         LINE#         165
  C:2A15H         LINE#         167
  C:2A5BH         LINE#         168
BL51 BANKED LINKER/LOCATER V6.22                                                      05/23/2019  17:00:52  PAGE 30


  C:2A80H         LINE#         170
  C:2A80H         LINE#         172
  C:2AF6H         LINE#         173
  C:2AF6H         LINE#         174
  C:2AFDH         LINE#         175
  C:2AFDH         LINE#         176
  C:2B2AH         LINE#         177
  C:2B45H         LINE#         179
  C:2B8CH         LINE#         180
  C:2BC0H         LINE#         182
  C:2C06H         LINE#         183
  C:2C28H         LINE#         185
  C:2C28H         LINE#         186
  C:2C3CH         LINE#         189
  C:2C58H         LINE#         190
  C:2C58H         LINE#         191
  C:2CC8H         LINE#         192
  C:2CC8H         LINE#         193
  C:2CF5H         LINE#         194
  C:2D10H         LINE#         196
  C:2D3DH         LINE#         197
  C:2D58H         LINE#         199
  C:2D8AH         LINE#         202
  C:2D8AH         LINE#         204
  C:2D9BH         LINE#         205
  C:2DA9H         LINE#         207
  -------         ENDPROC       _THEORICALJP_POSITION
  -------         PROC          _UPDATE_POSITION
  D:0001H         SYMBOL        mnths
  D:0002H         SYMBOL        dys
  X:041EH         SYMBOL        hurs
  X:041FH         SYMBOL        mns
  X:0420H         SYMBOL        sconds
  X:0421H         SYMBOL        currnt_pos
  X:0424H         SYMBOL        offset_calib
  -------         DO            
  X:0428H         SYMBOL        date
  X:042AH         SYMBOL        i
  X:042CH         SYMBOL        yy
  X:042EH         SYMBOL        desired_distance
  X:0432H         SYMBOL        distance
  X:0436H         SYMBOL        JP_pos
  X:043AH         SYMBOL        elevation
  X:043EH         SYMBOL        azimuth
  -------         ENDDO         
  C:1D77H         LINE#         210
  C:1D80H         LINE#         213
  C:1D80H         LINE#         214
  C:1D8BH         LINE#         216
  C:1DA7H         LINE#         223
  C:1DB1H         LINE#         224
  C:1DBCH         LINE#         225
  C:1DC7H         LINE#         226
  C:1DE0H         LINE#         227
  C:1DF1H         LINE#         228
  C:1E00H         LINE#         231
  C:1E14H         LINE#         235
BL51 BANKED LINKER/LOCATER V6.22                                                      05/23/2019  17:00:52  PAGE 31


  C:1E66H         LINE#         236
  C:1FCAH         LINE#         237
  C:201AH         LINE#         240
  C:2142H         LINE#         243
  C:2211H         LINE#         250
  C:2258H         LINE#         251
  C:2258H         LINE#         253
  C:2283H         LINE#         254
  C:22B2H         LINE#         256
  C:22D7H         LINE#         257
  C:233CH         LINE#         258
  C:233CH         LINE#         259
  C:2356H         LINE#         260
  C:2368H         LINE#         261
  C:2380H         LINE#         262
  C:2396H         LINE#         264
  C:23B2H         LINE#         265
  C:23B2H         LINE#         266
  C:23B2H         LINE#         269
  -------         ENDPROC       _UPDATE_POSITION
  -------         PROC          _ELEVATION_CALCULATION
  D:0007H         SYMBOL        mnths
  D:0005H         SYMBOL        dys
  X:03FAH         SYMBOL        hurs
  X:03FBH         SYMBOL        mns
  X:03FCH         SYMBOL        sconds
  C:3544H         LINE#         271
  C:3549H         LINE#         273
  C:3549H         LINE#         274
  C:3553H         LINE#         275
  C:355CH         LINE#         276
  C:3567H         LINE#         277
  C:3580H         LINE#         278
  C:3594H         LINE#         279
  C:35A6H         LINE#         283
  C:35F8H         LINE#         284
  C:375CH         LINE#         285
  C:37ACH         LINE#         287
  C:38C3H         LINE#         289
  -------         ENDPROC       _ELEVATION_CALCULATION
  -------         ENDMOD        BIPOLARMOTOR

  -------         MODULE        SUNPOS
  C:0000H         SYMBOL        _ICE_DUMMY_
  C:15D5H         PUBLIC        sunpos
  -------         PROC          SUNPOS
  X:0442H         SYMBOL        udtTime
  X:0454H         SYMBOL        udtLocation
  X:045CH         SYMBOL        udtSunCoordinates
  -------         DO            
  X:045FH         SYMBOL        dElapsedJulianDays
  X:0463H         SYMBOL        dDecimalHours
  X:0467H         SYMBOL        dEclipticLongitude
  X:046BH         SYMBOL        dEclipticObliquity
  X:046FH         SYMBOL        dRightAscension
  X:0473H         SYMBOL        dDeclination
  X:0477H         SYMBOL        dY
BL51 BANKED LINKER/LOCATER V6.22                                                      05/23/2019  17:00:52  PAGE 32


  X:047BH         SYMBOL        dX
  -------         DO            
  X:047FH         SYMBOL        dJulianDate
  X:0483H         SYMBOL        liAux1
  X:0487H         SYMBOL        liAux2
  X:047FH         SYMBOL        dMeanLongitude
  X:0483H         SYMBOL        dMeanAnomaly
  X:0487H         SYMBOL        dOmega
  X:047FH         SYMBOL        dSin_EclipticLongitude
  X:047FH         SYMBOL        dGreenwichMeanSiderealTime
  X:0483H         SYMBOL        dLocalMeanSiderealTime
  X:0487H         SYMBOL        dLatitudeInRadians
  X:048BH         SYMBOL        dHourAngle
  X:048FH         SYMBOL        dCos_Latitude
  X:0493H         SYMBOL        dSin_Latitude
  X:0497H         SYMBOL        dCos_HourAngle
  X:049BH         SYMBOL        dParallax
  -------         ENDDO         
  -------         DO            
  X:047FH         SYMBOL        dMeanLongitude
  X:0483H         SYMBOL        dMeanAnomaly
  X:0487H         SYMBOL        dOmega
  X:047FH         SYMBOL        dSin_EclipticLongitude
  X:047FH         SYMBOL        dGreenwichMeanSiderealTime
  X:0483H         SYMBOL        dLocalMeanSiderealTime
  X:0487H         SYMBOL        dLatitudeInRadians
  X:048BH         SYMBOL        dHourAngle
  X:048FH         SYMBOL        dCos_Latitude
  X:0493H         SYMBOL        dSin_Latitude
  X:0497H         SYMBOL        dCos_HourAngle
  X:049BH         SYMBOL        dParallax
  -------         ENDDO         
  -------         DO            
  X:047FH         SYMBOL        dSin_EclipticLongitude
  X:047FH         SYMBOL        dGreenwichMeanSiderealTime
  X:0483H         SYMBOL        dLocalMeanSiderealTime
  X:0487H         SYMBOL        dLatitudeInRadians
  X:048BH         SYMBOL        dHourAngle
  X:048FH         SYMBOL        dCos_Latitude
  X:0493H         SYMBOL        dSin_Latitude
  X:0497H         SYMBOL        dCos_HourAngle
  X:049BH         SYMBOL        dParallax
  -------         ENDDO         
  -------         DO            
  X:047FH         SYMBOL        dGreenwichMeanSiderealTime
  X:0483H         SYMBOL        dLocalMeanSiderealTime
  X:0487H         SYMBOL        dLatitudeInRadians
  X:048BH         SYMBOL        dHourAngle
  X:048FH         SYMBOL        dCos_Latitude
  X:0493H         SYMBOL        dSin_Latitude
  X:0497H         SYMBOL        dCos_HourAngle
  X:049BH         SYMBOL        dParallax
  -------         ENDDO         
  -------         ENDDO         
  C:15D5H         LINE#         6
  C:15D5H         LINE#         7
  C:15D5H         LINE#         9
BL51 BANKED LINKER/LOCATER V6.22                                                      05/23/2019  17:00:52  PAGE 33


  C:15D5H         LINE#         27
  C:161FH         LINE#         30
  C:1640H         LINE#         31
  C:1787H         LINE#         34
  C:17D3H         LINE#         36
  C:17F2H         LINE#         37
  C:17F2H         LINE#         42
  C:17F2H         LINE#         46
  C:1824H         LINE#         47
  C:184EH         LINE#         48
  C:1878H         LINE#         49
  C:1925H         LINE#         52
  C:1986H         LINE#         54
  C:1986H         LINE#         59
  C:1986H         LINE#         61
  C:199DH         LINE#         62
  C:19C5H         LINE#         63
  C:19DCH         LINE#         64
  C:1A07H         LINE#         65
  C:1A3EH         LINE#         66
  C:1A69H         LINE#         67
  C:1A69H         LINE#         70
  C:1A69H         LINE#         79
  C:1AA4H         LINE#         82
  C:1ADEH         LINE#         84
  C:1B03H         LINE#         85
  C:1B22H         LINE#         86
  C:1B39H         LINE#         87
  C:1B50H         LINE#         88
  C:1B67H         LINE#         89
  C:1BF0H         LINE#         91
  C:1C0AH         LINE#         92
  C:1C6CH         LINE#         93
  C:1CA2H         LINE#         94
  C:1CB4H         LINE#         95
  C:1CE1H         LINE#         96
  C:1D0EH         LINE#         98
  C:1D30H         LINE#         100
  C:1D68H         LINE#         103
  C:1D68H         LINE#         104
  C:1D76H         LINE#         105
  -------         ENDPROC       SUNPOS
  -------         ENDMOD        SUNPOS

  -------         MODULE        ADC
  C:0000H         SYMBOL        _ICE_DUMMY_
  D:0092H         PUBLIC        P1M0
  D:0091H         PUBLIC        P1M1
  D:0080H         PUBLIC        P0
  D:0090H         PUBLIC        P1
  D:00A0H         PUBLIC        P2
  D:00B0H         PUBLIC        P3
  D:00C0H         PUBLIC        P4
  D:00C8H         PUBLIC        P5
  D:00E8H         PUBLIC        P6
  D:00F8H         PUBLIC        P7
  D:00A8H         PUBLIC        IE
BL51 BANKED LINKER/LOCATER V6.22                                                      05/23/2019  17:00:52  PAGE 34


  D:00BDH         PUBLIC        ADC_RES
  D:00B8H         PUBLIC        IP
  D:0097H         PUBLIC        CLK_DIV
  D:00D8H         PUBLIC        CCON
  D:00BCH         PUBLIC        ADC_CONTR
  D:0098H         PUBLIC        SCON
  D:0088H         PUBLIC        TCON
  B:00A0H.4       PUBLIC        P24
  B:00A0H.5       PUBLIC        P25
  B:00A0H.6       PUBLIC        P26
  C:5335H         PUBLIC        ADC_Init
  C:51BCH         PUBLIC        _ADC_GetResult
  D:009DH         PUBLIC        P1ASF
  D:00BEH         PUBLIC        ADC_RESL
  D:00D0H         PUBLIC        PSW
  -------         PROC          ADC_INIT
  C:5335H         LINE#         7
  C:5335H         LINE#         8
  C:5335H         LINE#         10
  C:5337H         LINE#         11
  C:5339H         LINE#         12
  C:533BH         LINE#         13
  C:533EH         LINE#         14
  C:5341H         LINE#         15
  C:5344H         LINE#         16
  C:5347H         LINE#         18
  C:5349H         LINE#         19
  C:534BH         LINE#         20
  C:534EH         LINE#         24
  -------         ENDPROC       ADC_INIT
  -------         PROC          _ADC_GETRESULT
  D:0007H         SYMBOL        ch
  -------         DO            
  D:0006H         SYMBOL        ADC_Value_H
  D:0004H         SYMBOL        ADC_Value_L
  D:0006H         SYMBOL        ADC_Value
  -------         ENDDO         
  C:51BCH         LINE#         27
  C:51BCH         LINE#         28
  C:51BCH         LINE#         30
  C:51C1H         LINE#         31
  C:51C2H         LINE#         32
  C:51C3H         LINE#         35
  C:51C8H         LINE#         36
[...]
  C:4561H         LINE#         101
  C:4561H         LINE#         102
  C:4563H         LINE#         104
  C:4563H         LINE#         105
  C:4563H         LINE#         106
  C:4563H         LINE#         107
  C:4566H         LINE#         108
  C:456AH         LINE#         111
  C:4589H         LINE#         113
  C:4590H         LINE#         114
  C:4590H         LINE#         115
  C:4592H         LINE#         116
  C:4595H         LINE#         117
  C:45B1H         LINE#         118
  C:45B1H         LINE#         119
  C:45B3H         LINE#         120
  C:45B5H         LINE#         122
  C:45B5H         LINE#         123
  C:45B7H         LINE#         125
  C:45B7H         LINE#         126
  C:45B7H         LINE#         127
  C:45B7H         LINE#         128
  C:45BAH         LINE#         129
  C:45D3H         LINE#         131
  C:45F2H         LINE#         133
  C:45F9H         LINE#         134
BL51 BANKED LINKER/LOCATER V6.22                                                      05/23/2019  17:00:52  PAGE 45


  C:45F9H         LINE#         135
  C:45FBH         LINE#         136
  C:45FEH         LINE#         137
  C:4605H         LINE#         138
  C:4605H         LINE#         139
  C:4607H         LINE#         140
  C:4609H         LINE#         142
  C:4609H         LINE#         143
  C:460BH         LINE#         145
  C:460BH         LINE#         146
  C:460BH         LINE#         147
  C:460BH         LINE#         148
  C:460EH         LINE#         149
  C:4615H         LINE#         151
  C:4634H         LINE#         153
  C:4636H         LINE#         154
  C:4639H         LINE#         155
  C:4640H         LINE#         157
  -------         ENDPROC       _AT25SF041_WRITE
  -------         PROC          _AT25SF041_READ
  D:0003H         SYMBOL        opcode
  X:05FEH         SYMBOL        addr
  -------         DO            
  X:0602H         SYMBOL        dat
  X:0603H         SYMBOL        i
  -------         ENDDO         
  C:442FH         LINE#         159
  C:4431H         LINE#         160
  C:4431H         LINE#         161
  C:4436H         LINE#         163
  C:4438H         LINE#         164
  C:443EH         LINE#         168
  C:4443H         LINE#         169
  C:4443H         LINE#         170
  C:4445H         LINE#         171
  C:4448H         LINE#         172
  C:444CH         LINE#         173
  C:444CH         LINE#         174
  C:444EH         LINE#         175
  C:4450H         LINE#         177
  C:4450H         LINE#         178
  C:4452H         LINE#         180
  C:4452H         LINE#         181
  C:4452H         LINE#         182
  C:4452H         LINE#         183
  C:4455H         LINE#         184
  C:4459H         LINE#         187
  C:4478H         LINE#         189
  C:447FH         LINE#         190
  C:447FH         LINE#         191
  C:4481H         LINE#         192
  C:4484H         LINE#         193
  C:44A0H         LINE#         194
  C:44A0H         LINE#         195
  C:44A2H         LINE#         196
  C:44A4H         LINE#         198
  C:44A4H         LINE#         199
BL51 BANKED LINKER/LOCATER V6.22                                                      05/23/2019  17:00:52  PAGE 46


  C:44A6H         LINE#         201
  C:44A6H         LINE#         202
  C:44A6H         LINE#         203
  C:44A6H         LINE#         204
  C:44A9H         LINE#         205
  C:44C2H         LINE#         207
  C:44E1H         LINE#         210
  C:44E8H         LINE#         212
  C:44EAH         LINE#         213
  C:44F1H         LINE#         215
  C:44F8H         LINE#         216
  C:44F8H         LINE#         217
  C:44FFH         LINE#         218
  C:44FFH         LINE#         219
  C:4502H         LINE#         220
  C:4504H         LINE#         221
  C:4507H         LINE#         223
  C:450AH         LINE#         224
  C:450AH         LINE#         226
  C:450EH         LINE#         227
  C:450EH         LINE#         233
  C:452DH         LINE#         236
  C:452FH         LINE#         237
  C:4532H         LINE#         238
  C:4539H         LINE#         240
  C:453EH         LINE#         242
  -------         ENDPROC       _AT25SF041_READ
  -------         PROC          UCREAD_STATUS_REGISTER_BYTE1
  -------         DO            
  D:0003H         SYMBOL        dat
  D:0001H         SYMBOL        opcode
  X:04DFH         SYMBOL        count
  X:04E0H         SYMBOL        i
  -------         ENDDO         
  C:4A0DH         LINE#         246
  C:4A0DH         LINE#         247
  C:4A0DH         LINE#         248
  C:4A13H         LINE#         249
  C:4A17H         LINE#         250
  C:4A19H         LINE#         251
  C:4A1BH         LINE#         252
  C:4A21H         LINE#         256
  C:4A28H         LINE#         257
  C:4A28H         LINE#         258
  C:4A2AH         LINE#         259
  C:4A2DH         LINE#         260
  C:4A31H         LINE#         261
  C:4A31H         LINE#         262
  C:4A33H         LINE#         263
  C:4A35H         LINE#         265
  C:4A35H         LINE#         266
  C:4A37H         LINE#         268
  C:4A37H         LINE#         269
  C:4A37H         LINE#         270
  C:4A37H         LINE#         271
  C:4A3AH         LINE#         272
  C:4A3EH         LINE#         275
BL51 BANKED LINKER/LOCATER V6.22                                                      05/23/2019  17:00:52  PAGE 47


  C:4A5DH         LINE#         279
  C:4A64H         LINE#         281
  C:4A66H         LINE#         282
  C:4A6DH         LINE#         283
  C:4A74H         LINE#         284
  C:4A74H         LINE#         285
  C:4A78H         LINE#         286
  C:4A78H         LINE#         287
  C:4A7BH         LINE#         288
  C:4A7DH         LINE#         289
  C:4A80H         LINE#         291
  C:4A83H         LINE#         292
  C:4A83H         LINE#         294
  C:4A87H         LINE#         295
  C:4A87H         LINE#         297
  C:4AA6H         LINE#         301
  C:4AA8H         LINE#         302
  C:4AABH         LINE#         303
  C:4AADH         LINE#         304
  -------         ENDPROC       UCREAD_STATUS_REGISTER_BYTE1
  -------         PROC          SPI_NOR_WRITE_DATA
  X:03F8H         SYMBOL        dat
  X:0403H         SYMBOL        addr
  C:3C18H         LINE#         306
  C:3C18H         LINE#         307
  C:3C18H         LINE#         309
  C:3C1BH         LINE#         311
  C:3C35H         LINE#         312
  C:3C53H         LINE#         314
  C:3C5AH         LINE#         315
  C:3C5DH         LINE#         317
  C:3C77H         LINE#         318
  C:3C77H         LINE#         319
  C:3C77H         LINE#         322
  C:3C7AH         LINE#         324
  C:3C94H         LINE#         325
  C:3C94H         LINE#         326
  C:3C94H         LINE#         328
  C:3C97H         LINE#         330
  C:3CB1H         LINE#         331
  C:3CB1H         LINE#         332
  C:3CB1H         LINE#         334
  C:3CB4H         LINE#         336
  C:3CCEH         LINE#         337
  C:3CCEH         LINE#         338
  C:3CCEH         LINE#         340
  C:3CD1H         LINE#         342
  C:3CEBH         LINE#         343
  C:3CEBH         LINE#         344
  C:3CEBH         LINE#         346
  C:3CEEH         LINE#         348
  C:3D08H         LINE#         349
  C:3D08H         LINE#         350
  C:3D08H         LINE#         352
  C:3D0BH         LINE#         354
  C:3D25H         LINE#         355
  C:3D25H         LINE#         356
BL51 BANKED LINKER/LOCATER V6.22                                                      05/23/2019  17:00:52  PAGE 48


  C:3D25H         LINE#         358
  C:3D28H         LINE#         360
  C:3D42H         LINE#         361
  C:3D42H         LINE#         362
  C:3D42H         LINE#         364
  C:3D45H         LINE#         366
  C:3D5FH         LINE#         367
  C:3D5FH         LINE#         368
  C:3D5FH         LINE#         370
  C:3D62H         LINE#         372
  C:3D7CH         LINE#         373
  C:3D83H         LINE#         374
  -------         ENDPROC       SPI_NOR_WRITE_DATA
  -------         ENDMOD        AT25SF041

  -------         MODULE        SI1120
  C:0000H         SYMBOL        _ICE_DUMMY_
  D:0080H         PUBLIC        P0
  D:00B2H         PUBLIC        P3M0
  D:0090H         PUBLIC        P1
  D:00B1H         PUBLIC        P3M1
  D:00A0H         PUBLIC        P2
  D:00B0H         PUBLIC        P3
  D:00C0H         PUBLIC        P4
  D:00C8H         PUBLIC        P5
  B:00A8H.7       PUBLIC        EA
  D:00E8H         PUBLIC        P6
  D:00F8H         PUBLIC        P7
  D:00A8H         PUBLIC        IE
  D:00B8H         PUBLIC        IP
  C:5135H         PUBLIC        SI1120_CONFIG_MODE_VIRH
  D:00D8H         PUBLIC        CCON
  D:0098H         PUBLIC        SCON
  D:0088H         PUBLIC        TCON
  C:5424H         PUBLIC        Enable_EXTINT0
  B:0090H.5       PUBLIC        SI1120_STX
  B:0088H.0       PUBLIC        IT0
  B:00A8H.0       PUBLIC        EX0
  B:0090H.4       PUBLIC        SI1120_MD
  B:0090H.6       PUBLIC        SI1120_SC
  D:00D0H         PUBLIC        PSW
  -------         PROC          SI1120_CONFIG_MODE_VIRH
  C:5135H         LINE#         4
  C:5135H         LINE#         5
  C:5135H         LINE#         6
  C:5137H         LINE#         7
  C:5139H         LINE#         8
  C:513BH         LINE#         10
  C:5142H         LINE#         11
  C:5144H         LINE#         13
  C:5146H         LINE#         14
  C:5148H         LINE#         16
  C:514FH         LINE#         18
  C:5151H         LINE#         20
  C:5158H         LINE#         23
  C:515AH         LINE#         25
  C:515CH         LINE#         27
BL51 BANKED LINKER/LOCATER V6.22                                                      05/23/2019  17:00:52  PAGE 49


  C:5163H         LINE#         29
  C:5165H         LINE#         31
  -------         ENDPROC       SI1120_CONFIG_MODE_VIRH
  -------         PROC          ENABLE_EXTINT0
  C:5424H         LINE#         33
  C:5424H         LINE#         34
  C:5424H         LINE#         35
  C:5427H         LINE#         36
  C:542AH         LINE#         37
  C:542CH         LINE#         38
  C:542EH         LINE#         39
  C:5430H         LINE#         40
  -------         ENDPROC       ENABLE_EXTINT0
  -------         ENDMOD        SI1120

  -------         MODULE        ?C_STARTUP
  C:4C81H         SEGMENT       ?C_C51STARTUP
  I:0021H         SEGMENT       ?STACK
  C:0000H         PUBLIC        ?C_STARTUP
  D:00E0H         SYMBOL        ACC
  D:00F0H         SYMBOL        B
  D:0083H         SYMBOL        DPH
  D:0082H         SYMBOL        DPL
  N:0000H         SYMBOL        IBPSTACK
  N:0100H         SYMBOL        IBPSTACKTOP
  N:0080H         SYMBOL        IDATALEN
  C:4C84H         SYMBOL        IDATALOOP
  N:0000H         SYMBOL        PBPSTACK
  N:0100H         SYMBOL        PBPSTACKTOP
  N:0000H         SYMBOL        PDATALEN
  N:0000H         SYMBOL        PDATASTART
  N:0000H         SYMBOL        PPAGE
  N:0000H         SYMBOL        PPAGEENABLE
  D:00A0H         SYMBOL        PPAGE_SFR
  D:0081H         SYMBOL        SP
  C:4C81H         SYMBOL        STARTUP1
  N:0000H         SYMBOL        XBPSTACK
  N:0000H         SYMBOL        XBPSTACKTOP
  N:0000H         SYMBOL        XDATALEN
  N:0000H         SYMBOL        XDATASTART
  C:0000H         LINE#         126
  C:4C81H         LINE#         133
  C:4C83H         LINE#         134
  C:4C84H         LINE#         135
  C:4C85H         LINE#         136
  C:4C87H         LINE#         185
  C:4C8AH         LINE#         196
  -------         ENDMOD        ?C_STARTUP

  -------         MODULE        ?C?FPADD
  C:0C38H         PUBLIC        ?C?FPADD
  C:0C34H         PUBLIC        ?C?FPSUB
  -------         ENDMOD        ?C?FPADD

  -------         MODULE        ?C?FPMUL
  C:0D29H         PUBLIC        ?C?FPMUL
  -------         ENDMOD        ?C?FPMUL
BL51 BANKED LINKER/LOCATER V6.22                                                      05/23/2019  17:00:52  PAGE 50



  -------         MODULE        ?C?FPDIV
  C:0E32H         PUBLIC        ?C?FPDIV
  -------         ENDMOD        ?C?FPDIV

  -------         MODULE        ?C?FPCMP
  C:0ED1H         PUBLIC        ?C?FPCMP
  C:0ECFH         PUBLIC        ?C?FPCMP3
  -------         ENDMOD        ?C?FPCMP

  -------         MODULE        ?C?FPNEG
  C:0F48H         PUBLIC        ?C?FPNEG
  -------         ENDMOD        ?C?FPNEG

  -------         MODULE        ?C?FCAST
  C:0F63H         PUBLIC        ?C?FCASTC
  C:0F5EH         PUBLIC        ?C?FCASTI
  C:0F59H         PUBLIC        ?C?FCASTL
  -------         ENDMOD        ?C?FCAST

  -------         MODULE        ?C?CASTF
  C:0F97H         PUBLIC        ?C?CASTF
  -------         ENDMOD        ?C?CASTF

  -------         MODULE        ATAN2
  X:049FH         PUBLIC        ?_atan2?BYTE
  C:4AAEH         PUBLIC        _atan2
  -------         ENDMOD        ATAN2

  -------         MODULE        SIN
  C:3DE9H         PUBLIC        _COS
  C:3DFFH         PUBLIC        _SIN
  C:3E3BH         PUBLIC        _TAN
  -------         ENDMOD        SIN

  -------         MODULE        ACOS
  C:4FECH         PUBLIC        _ACOS
  -------         ENDMOD        ACOS

  -------         MODULE        ASIN
  C:50FAH         PUBLIC        _ASIN
  -------         ENDMOD        ASIN

  -------         MODULE        POW
  X:03BCH         PUBLIC        ?_pow?BYTE
  C:3F29H         PUBLIC        _pow
  -------         ENDMOD        POW

  -------         MODULE        ?C?CHKFLOAT
  C:1018H         PUBLIC        ?C?CHKFLOAT
  -------         ENDMOD        ?C?CHKFLOAT

  -------         MODULE        EXP
  C:4C1FH         PUBLIC        _EXP
  -------         ENDMOD        EXP

  -------         MODULE        LOG
BL51 BANKED LINKER/LOCATER V6.22                                                      05/23/2019  17:00:52  PAGE 51


  C:4218H         PUBLIC        _LOG
  C:4214H         PUBLIC        _LOG10
  -------         ENDMOD        LOG

  -------         MODULE        SQRT
  C:4965H         PUBLIC        _SQRT
  -------         ENDMOD        SQRT

  -------         MODULE        ATAN
  C:432DH         PUBLIC        _ATAN
  -------         ENDMOD        ATAN

  -------         MODULE        ?C?COPY
  C:114FH         PUBLIC        ?C?COPY
  -------         ENDMOD        ?C?COPY

  -------         MODULE        ?C?CLDPTR
  C:1175H         PUBLIC        ?C?CLDPTR
  -------         ENDMOD        ?C?CLDPTR

  -------         MODULE        ?C?CLDOPTR
  C:118EH         PUBLIC        ?C?CLDOPTR
  -------         ENDMOD        ?C?CLDOPTR

  -------         MODULE        ?C?CSTPTR
  C:11BBH         PUBLIC        ?C?CSTPTR
  -------         ENDMOD        ?C?CSTPTR

  -------         MODULE        ?C?IMUL
  C:11CDH         PUBLIC        ?C?IMUL
  -------         ENDMOD        ?C?IMUL

  -------         MODULE        ?C?UIDIV
  C:11DFH         PUBLIC        ?C?UIDIV
  -------         ENDMOD        ?C?UIDIV

  -------         MODULE        ?C?SIDIV
  C:1234H         PUBLIC        ?C?SIDIV
  -------         ENDMOD        ?C?SIDIV

  -------         MODULE        ?C?ILDOPTR
  C:126AH         PUBLIC        ?C?ILDOPTR
  -------         ENDMOD        ?C?ILDOPTR

  -------         MODULE        ?C?ISTPTR
  C:12A2H         PUBLIC        ?C?ISTPTR
  -------         ENDMOD        ?C?ISTPTR

  -------         MODULE        ?C?LMUL
  C:12C1H         PUBLIC        ?C?LMUL
  -------         ENDMOD        ?C?LMUL

  -------         MODULE        ?C?SLDIV
  C:5036H         PUBLIC        ?C?SLDIV
  -------         ENDMOD        ?C?SLDIV

  -------         MODULE        ?C?LNEG
BL51 BANKED LINKER/LOCATER V6.22                                                      05/23/2019  17:00:52  PAGE 52


  C:1310H         PUBLIC        ?C?LNEG
  -------         ENDMOD        ?C?LNEG

  -------         MODULE        ?C?ULCMP
  C:131EH         PUBLIC        ?C?ULCMP
  -------         ENDMOD        ?C?ULCMP

  -------         MODULE        ?C?LSHL
  C:132FH         PUBLIC        ?C?LSHL
  -------         ENDMOD        ?C?LSHL

  -------         MODULE        ?C?LLDPTR
  C:1342H         PUBLIC        ?C?LLDPTR
  -------         ENDMOD        ?C?LLDPTR

  -------         MODULE        ?C?LLDOPTR
  C:1362H         PUBLIC        ?C?LLDOPTR
  -------         ENDMOD        ?C?LLDOPTR

  -------         MODULE        ?C?LSTPTR
  C:1392H         PUBLIC        ?C?LSTPTR
  -------         ENDMOD        ?C?LSTPTR

  -------         MODULE        ?C?LSTOPTR
  C:13ACH         PUBLIC        ?C?LSTOPTR
  -------         ENDMOD        ?C?LSTOPTR

  -------         MODULE        ?C?LLDXDATA
  C:13D0H         PUBLIC        ?C?LLDXDATA
  -------         ENDMOD        ?C?LLDXDATA

  -------         MODULE        ?C?LLDCODE
  C:13DCH         PUBLIC        ?C?LLDCODE
  -------         ENDMOD        ?C?LLDCODE

  -------         MODULE        ?C?LLDXDATA0
  C:13ECH         PUBLIC        ?C?LLDXDATA0
  -------         ENDMOD        ?C?LLDXDATA0

  -------         MODULE        ?C?LLDCODE0
  C:13F8H         PUBLIC        ?C?LLDCODE0
  -------         ENDMOD        ?C?LLDCODE0

  -------         MODULE        ?C?LLDPTR0
  C:1408H         PUBLIC        ?C?LLDPTR0
  -------         ENDMOD        ?C?LLDPTR0

  -------         MODULE        ?C?LSTXDATA
  C:1428H         PUBLIC        ?C?LSTXDATA
  -------         ENDMOD        ?C?LSTXDATA

  -------         MODULE        ?C?LSTKXDATA
  C:1434H         PUBLIC        ?C?LSTKXDATA
  -------         ENDMOD        ?C?LSTKXDATA

  -------         MODULE        ?C?LSTKPTR
  C:1465H         PUBLIC        ?C?LSTKPTR
BL51 BANKED LINKER/LOCATER V6.22                                                      05/23/2019  17:00:52  PAGE 53


  -------         ENDMOD        ?C?LSTKPTR

  -------         MODULE        ?C?OFFXADD
  C:147FH         PUBLIC        ?C?OFFXADD
  -------         ENDMOD        ?C?OFFXADD

  -------         MODULE        ?C?ULDIV
  C:14C7H         PUBLIC        ?C?ULDIV
  -------         ENDMOD        ?C?ULDIV

  -------         MODULE        ?C?LLDIDATA
  C:1559H         PUBLIC        ?C?LLDIDATA
  -------         ENDMOD        ?C?LLDIDATA

  -------         MODULE        ?C?LLDPDATA
  C:1565H         PUBLIC        ?C?LLDPDATA
  -------         ENDMOD        ?C?LLDPDATA

  -------         MODULE        ?C?LLDIDATA0
  C:1571H         PUBLIC        ?C?LLDIDATA0
  -------         ENDMOD        ?C?LLDIDATA0

  -------         MODULE        ?C?LLDPDATA0
  C:157EH         PUBLIC        ?C?LLDPDATA0
  -------         ENDMOD        ?C?LLDPDATA0

  -------         MODULE        ?C?LSTIDATA
  C:158BH         PUBLIC        ?C?LSTIDATA
  -------         ENDMOD        ?C?LSTIDATA

  -------         MODULE        ?C?LSTPDATA
  C:1597H         PUBLIC        ?C?LSTPDATA
  -------         ENDMOD        ?C?LSTPDATA

  -------         MODULE        ?C?LSTKIDATA
  C:15A3H         PUBLIC        ?C?LSTKIDATA
  -------         ENDMOD        ?C?LSTKIDATA

  -------         MODULE        ?C?LSTKPDATA
  C:15BCH         PUBLIC        ?C?LSTKPDATA
  -------         ENDMOD        ?C?LSTKPDATA

*** WARNING L16: UNCALLED SEGMENT, IGNORED FOR OVERLAY PROCESS
    SEGMENT: ?PR?_DAY_OF_YEAR?PCF85063BTL

*** WARNING L16: UNCALLED SEGMENT, IGNORED FOR OVERLAY PROCESS
    SEGMENT: ?PR?NOP?IOEXPANDER_PI4IOE5V96248

*** WARNING L16: UNCALLED SEGMENT, IGNORED FOR OVERLAY PROCESS
    SEGMENT: ?PR?UC_ACK?IOEXPANDER_PI4IOE5V96248

*** WARNING L16: UNCALLED SEGMENT, IGNORED FOR OVERLAY PROCESS
    SEGMENT: ?PR?UC_NACK?IOEXPANDER_PI4IOE5V96248

*** WARNING L16: UNCALLED SEGMENT, IGNORED FOR OVERLAY PROCESS
    SEGMENT: ?PR?_AT25SF041_READ?AT25SF041

BL51 BANKED LINKER/LOCATER V6.22                                                      05/23/2019  17:00:52  PAGE 54


Program Size: data=9.5 xdata=1543 code=21596
LINK/LOCATE RUN COMPLETE.  5 WARNING(S),  0 ERROR(S)
