BL51 BANKED LINKER/LOCATER V6.22                                                        02/21/2019  17:39:52  PAGE 1


BL51 BANKED LINKER/LOCATER V6.22, INVOKED BY:
C:\KEIL_V5\C51\BIN\BL51.EXE .\Obj\main.obj, .\Obj\PCF85063BTL.obj, .\Obj\UART1.obj, .\Obj\LCd_Driver_SPLC780D.obj, .\Obj
>> \KeyPad.obj, .\Obj\BipolarMotor.obj, .\Obj\SunPos.obj, .\Obj\ADC.obj, .\Obj\Calibration.obj, .\Obj\IOExpander_PI4IOE5
>> V96248.obj, .\Obj\AT25SF041.obj, .\Obj\STARTUP.obj TO .\Obj\GPIO_RTC_Test PRINT (.\Lis\GPIO_RTC_Test.m51) RAMSIZE (25
>> 6)


MEMORY MODEL: LARGE WITH FLOATING POINT ARITHMETIC


INPUT MODULES INCLUDED:
  .\Obj\main.obj (MAIN)
  .\Obj\PCF85063BTL.obj (PCF85063BTL)
  .\Obj\UART1.obj (UART1)
  .\Obj\LCd_Driver_SPLC780D.obj (LCD_DRIVER_SPLC780D)
  .\Obj\KeyPad.obj (KEYPAD)
  .\Obj\BipolarMotor.obj (BIPOLARMOTOR)
  .\Obj\SunPos.obj (SUNPOS)
  .\Obj\ADC.obj (ADC)
  .\Obj\Calibration.obj (CALIBRATION)
  .\Obj\IOExpander_PI4IOE5V96248.obj (IOEXPANDER_PI4IOE5V96248)
  .\Obj\AT25SF041.obj (AT25SF041)
  .\Obj\STARTUP.obj (?C_STARTUP)
  C:\KEIL_V5\C51\LIB\C51FPL.LIB (?C?FPADD)
  C:\KEIL_V5\C51\LIB\C51FPL.LIB (?C?FPMUL)
  C:\KEIL_V5\C51\LIB\C51FPL.LIB (?C?FPDIV)
  C:\KEIL_V5\C51\LIB\C51FPL.LIB (?C?FPCMP)
  C:\KEIL_V5\C51\LIB\C51FPL.LIB (?C?FPNEG)
  C:\KEIL_V5\C51\LIB\C51FPL.LIB (?C?FCAST)
  C:\KEIL_V5\C51\LIB\C51FPL.LIB (?C?CASTF)
  C:\KEIL_V5\C51\LIB\C51FPL.LIB (ATAN2)
  C:\KEIL_V5\C51\LIB\C51FPL.LIB (SIN)
  C:\KEIL_V5\C51\LIB\C51FPL.LIB (ACOS)
  C:\KEIL_V5\C51\LIB\C51FPL.LIB (ASIN)
  C:\KEIL_V5\C51\LIB\C51FPL.LIB (?C?FPGETOPN)
  C:\KEIL_V5\C51\LIB\C51FPL.LIB (?C?FPSERIES)
  C:\KEIL_V5\C51\LIB\C51FPL.LIB (SQRT)
  C:\KEIL_V5\C51\LIB\C51FPL.LIB (ATAN)
  C:\KEIL_V5\C51\LIB\C51L.LIB (?C_INIT)
  C:\KEIL_V5\C51\LIB\C51L.LIB (?C?COPY)
  C:\KEIL_V5\C51\LIB\C51L.LIB (?C?CLDPTR)
  C:\KEIL_V5\C51\LIB\C51L.LIB (?C?CLDOPTR)
  C:\KEIL_V5\C51\LIB\C51L.LIB (?C?CSTPTR)
  C:\KEIL_V5\C51\LIB\C51L.LIB (?C?IMUL)
  C:\KEIL_V5\C51\LIB\C51L.LIB (?C?UIDIV)
  C:\KEIL_V5\C51\LIB\C51L.LIB (?C?SIDIV)
  C:\KEIL_V5\C51\LIB\C51L.LIB (?C?ILDIX)
  C:\KEIL_V5\C51\LIB\C51L.LIB (?C?ILDOPTR)
  C:\KEIL_V5\C51\LIB\C51L.LIB (?C?ISTPTR)
  C:\KEIL_V5\C51\LIB\C51L.LIB (?C?LMUL)
  C:\KEIL_V5\C51\LIB\C51L.LIB (?C?SLDIV)
  C:\KEIL_V5\C51\LIB\C51L.LIB (?C?LNEG)
  C:\KEIL_V5\C51\LIB\C51L.LIB (?C?ULCMP)
  C:\KEIL_V5\C51\LIB\C51L.LIB (?C?LSHL)
  C:\KEIL_V5\C51\LIB\C51L.LIB (?C?LLDPTR)
  C:\KEIL_V5\C51\LIB\C51L.LIB (?C?LLDOPTR)
  C:\KEIL_V5\C51\LIB\C51L.LIB (?C?LSTPTR)
  C:\KEIL_V5\C51\LIB\C51L.LIB (?C?LSTOPTR)
BL51 BANKED LINKER/LOCATER V6.22                                                      02/21/2019  17:39:52  PAGE 2


  C:\KEIL_V5\C51\LIB\C51L.LIB (?C?LLDXDATA)
  C:\KEIL_V5\C51\LIB\C51L.LIB (?C?LLDCODE)
  C:\KEIL_V5\C51\LIB\C51L.LIB (?C?LLDXDATA0)
  C:\KEIL_V5\C51\LIB\C51L.LIB (?C?LLDCODE0)
  C:\KEIL_V5\C51\LIB\C51L.LIB (?C?LLDPTR0)
  C:\KEIL_V5\C51\LIB\C51L.LIB (?C?LSTXDATA)
  C:\KEIL_V5\C51\LIB\C51L.LIB (?C?LSTKXDATA)
  C:\KEIL_V5\C51\LIB\C51L.LIB (?C?LSTKPTR)
  C:\KEIL_V5\C51\LIB\C51L.LIB (?C?OFFXADD)
  C:\KEIL_V5\C51\LIB\C51L.LIB (ABS)
  C:\KEIL_V5\C51\LIB\C51L.LIB (ATOI)
  C:\KEIL_V5\C51\LIB\C51L.LIB (?C?IILDX)
  C:\KEIL_V5\C51\LIB\C51L.LIB (?C?ULDIV)
  C:\KEIL_V5\C51\LIB\C51L.LIB (?C?LLDIDATA)
  C:\KEIL_V5\C51\LIB\C51L.LIB (?C?LLDPDATA)
  C:\KEIL_V5\C51\LIB\C51L.LIB (?C?LLDIDATA0)
  C:\KEIL_V5\C51\LIB\C51L.LIB (?C?LLDPDATA0)
  C:\KEIL_V5\C51\LIB\C51L.LIB (?C?LSTIDATA)
  C:\KEIL_V5\C51\LIB\C51L.LIB (?C?LSTPDATA)
  C:\KEIL_V5\C51\LIB\C51L.LIB (?C?LSTKIDATA)
  C:\KEIL_V5\C51\LIB\C51L.LIB (?C?LSTKPDATA)
  C:\KEIL_V5\C51\LIB\C51L.LIB (ISDIGIT)
  C:\KEIL_V5\C51\LIB\C51L.LIB (ISSPACE)


LINK MAP OF MODULE:  .\Obj\GPIO_RTC_Test (MAIN)


            TYPE    BASE      LENGTH    RELOCATION   SEGMENT NAME
            -----------------------------------------------------

            * * * * * * *   D A T A   M E M O R Y   * * * * * * *
            REG     0000H     0008H     ABSOLUTE     "REG BANK 0"
                    0008H     0018H                  *** GAP ***
            BIT     0020H.0   0000H.5   UNIT         ?BI?KEYPAD
            BIT     0020H.5   0000H.3   UNIT         _BIT_GROUP_
            BIT     0021H.0   0000H.1   UNIT         ?BI?MAIN
            BIT     0021H.1   0000H.1   UNIT         ?BI?_ATOI?ATOI
                    0021H.2   0000H.6                *** GAP ***
            IDATA   0022H     0001H     UNIT         ?STACK

            * * * * * * *  X D A T A   M E M O R Y  * * * * * * *
            XDATA   0000H     038FH     UNIT         ?XD?BIPOLARMOTOR
            XDATA   038FH     0152H     UNIT         _XDATA_GROUP_
            XDATA   04E1H     00D4H     UNIT         ?XD?MAIN
            XDATA   05B5H     0040H     UNIT         ?XD?_FINDDET4X4?BIPOLARMOTOR
            XDATA   05F5H     0024H     UNIT         ?XD?_FINDDET3X3?BIPOLARMOTOR
            XDATA   0619H     0009H     UNIT         ?XD?KEYPAD
            XDATA   0622H     0008H     UNIT         ?XD?_AT25SF041_READ?AT25SF041
            XDATA   062AH     0005H     UNIT         ?XD?_ATOI?ATOI
            XDATA   062FH     0004H     UNIT         ?XD?_DISPLAY_PROX?MAIN
            XDATA   0633H     0003H     UNIT         ?XD?_SENDSTRING?UART1
            XDATA   0636H     0001H     UNIT         ?XD?UC_ACK?IOEXPANDER_PI4IOE5V96248
            XDATA   0637H     0001H     UNIT         ?XD?UC_NACK?IOEXPANDER_PI4IOE5V96248

            * * * * * * *   C O D E   M E M O R Y   * * * * * * *
            CODE    0000H     0003H     ABSOLUTE     
BL51 BANKED LINKER/LOCATER V6.22                                                      02/21/2019  17:39:52  PAGE 3


            CODE    0003H     0006H     UNIT         ?PR?_TEN?UART1
            CODE    0009H     0001H     UNIT         ?PR?TM0_ISR?MAIN
            CODE    000AH     0001H     UNIT         ?PR?_DECTOBCD?UART1
            CODE    000BH     0003H     ABSOLUTE     
            CODE    000EH     0B00H     UNIT         ?PR?_UPDATE_POSITION?BIPOLARMOTOR
            CODE    0B0EH     09CAH     UNIT         ?PR?MAIN?MAIN
            CODE    14D8H     09B6H     UNIT         ?C?LIB_CODE
            CODE    1E8EH     07A2H     UNIT         ?PR?SUNPOS?SUNPOS
            CODE    2630H     03F2H     UNIT         ?C_INITSEG
            CODE    2A22H     0309H     UNIT         ?PR?_FIND_REAL_MAX?CALIBRATION
            CODE    2D2BH     02C0H     UNIT         ?PR?_FINDDET4X4?BIPOLARMOTOR
            CODE    2FEBH     02A0H     UNIT         ?PR?KEY_PROCESS?KEYPAD
            CODE    328BH     01D1H     UNIT         ?PR?_FINDDET3X3?BIPOLARMOTOR
            CODE    345CH     018DH     UNIT         ?PR?KEY_SCAN?KEYPAD
            CODE    35E9H     0188H     UNIT         ?PR?SIN?SIN
            CODE    3771H     0172H     UNIT         ?PR?_DISPLAY_POS?MAIN
            CODE    38E3H     013CH     UNIT         ?PR?_CALIBRATION?CALIBRATION
            CODE    3A1FH     0122H     UNIT         ?PR?ATAN?ATAN
            CODE    3B41H     0106H     UNIT         ?PR?_AT25SF041_READ?AT25SF041
            CODE    3C47H     00FFH     UNIT         ?PR?SPI_NOR_WRITE_DATA?AT25SF041
            CODE    3D46H     00FBH     UNIT         ?PR?_AT25SF041_WRITE?AT25SF041
            CODE    3E41H     00DBH     UNIT         ?PR?_ATOI?ATOI
            CODE    3F1CH     00C3H     UNIT         ?PR?LINEAR_INTERPOLATE?BIPOLARMOTOR
            CODE    3FDFH     00BBH     UNIT         ?PR?VOLTAGE_IS_STABLE?CALIBRATION
            CODE    409AH     00ADH     UNIT         ?PR?_WRITE_PI4IOE5V96248?IOEXPANDER_PI4IOE5V96248
            CODE    4147H     00ACH     UNIT         ?PR?SQRT?SQRT
            CODE    41F3H     00A1H     UNIT         ?PR?READ_STATUS_REGISTER_BYTE1?AT25SF041
            CODE    4294H     009DH     UNIT         ?PR?_ATAN2?ATAN2
            CODE    4331H     009CH     UNIT         ?PR?_MAX_VALUE?CALIBRATION
            CODE    43CDH     0095H     UNIT         ?PR?_DISPLAY_PROX?MAIN
            CODE    4462H     008CH     UNIT         ?C_C51STARTUP
            CODE    44EEH     0084H     UNIT         ?PR?_DAY_OF_YEAR?PCF85063BTL
            CODE    4572H     0075H     UNIT         ?PR?_WRITEDATA?LCD_DRIVER_SPLC780D
            CODE    45E7H     006FH     UNIT         ?PR?_READ_TIME?PCF85063BTL
            CODE    4656H     005AH     UNIT         ?PR?AT25SF041_CHIPERASE?AT25SF041
            CODE    46B0H     0059H     UNIT         ?PR?LCD_INIT?LCD_DRIVER_SPLC780D
            CODE    4709H     0050H     UNIT         ?PR?AT25SF041_WRITEENABLE?AT25SF041
            CODE    4759H     004AH     UNIT         ?PR?VONESTEPMOVE?BIPOLARMOTOR
            CODE    47A3H     004AH     UNIT         ?PR?ACOS?ACOS
            CODE    47EDH     0044H     UNIT         ?C?LDIV
            CODE    4831H     0040H     UNIT         ?PR?_COMMAND?LCD_DRIVER_SPLC780D
            CODE    4871H     0040H     UNIT         ?PR?_STEP_MOVE?BIPOLARMOTOR
            CODE    48B1H     003BH     UNIT         ?PR?ASIN?ASIN
            CODE    48ECH     0033H     UNIT         ?PR?_SENDSTRING?UART1
            CODE    491FH     002CH     UNIT         ?PR?_ADC_GETRESULT?ADC
            CODE    494BH     002BH     UNIT         ?PR?_WAIT_MS_I2C?IOEXPANDER_PI4IOE5V96248
            CODE    4976H     002BH     UNIT         ?PR?_WAIT_MS_SPINOR?AT25SF041
            CODE    49A1H     0028H     UNIT         ?PR?_MOVE?BIPOLARMOTOR
            CODE    49C9H     0027H     UNIT         ?PR?_I2C_SENDBYTE?IOEXPANDER_PI4IOE5V96248
            CODE    49F0H     0024H     UNIT         ?PR?_WAIT_MS?LCD_DRIVER_SPLC780D
            CODE    4A14H     0020H     UNIT         ?PR?_SPI_SENDBYTE?PCF85063BTL
            CODE    4A34H     0020H     UNIT         ?PR?SPI_RECEIVEBYTE?PCF85063BTL
            CODE    4A54H     001FH     UNIT         ?PR?ADC_INIT?ADC
            CODE    4A73H     001EH     UNIT         ?PR?_DELAY_MS?KEYPAD
            CODE    4A91H     001DH     UNIT         ?PR?_DISPLAYLCD?LCD_DRIVER_SPLC780D
            CODE    4AAEH     001BH     UNIT         ?PR?_BCDTODEC1?BIPOLARMOTOR
            CODE    4AC9H     0018H     UNIT         ?PR?_SPI_WRITETIME?PCF85063BTL
BL51 BANKED LINKER/LOCATER V6.22                                                      02/21/2019  17:39:52  PAGE 4


            CODE    4AE1H     0017H     UNIT         ?PR?_ASCIITOBCD?UART1
            CODE    4AF8H     0016H     UNIT         ?PR?I2C_ACK?IOEXPANDER_PI4IOE5V96248
            CODE    4B0EH     0015H     UNIT         ?PR?_DISPLAY_LINE?LCD_DRIVER_SPLC780D
            CODE    4B23H     0015H     UNIT         ?PR?I2C_STOP?IOEXPANDER_PI4IOE5V96248
            CODE    4B38H     0014H     UNIT         ?PR?_PCF85063BTL_DELAY?PCF85063BTL
            CODE    4B4CH     0014H     UNIT         ?PR?_ISSPACE?ISSPACE
            CODE    4B60H     0011H     UNIT         ?PR?_SPI_READTIME?PCF85063BTL
            CODE    4B71H     0011H     UNIT         ?PR?_BCDTODEC?PCF85063BTL
            CODE    4B82H     0011H     UNIT         ?PR?INITUART1?UART1
            CODE    4B93H     000FH     UNIT         ?PR?I2C_START?IOEXPANDER_PI4IOE5V96248
            CODE    4BA2H     000FH     UNIT         ?PR?UC_NACK?IOEXPANDER_PI4IOE5V96248
            CODE    4BB1H     000FH     UNIT         ?PR?_ISDIGIT?ISDIGIT
            CODE    4BC0H     000DH     UNIT         ?PR?SPI_INIT?PCF85063BTL
            CODE    4BCDH     000CH     UNIT         ?PR?KEYPAD_IO_INIT?KEYPAD
            CODE    4BD9H     000CH     UNIT         ?PR?_ABS?ABS
            CODE    4BE5H     000AH     UNIT         ?PR?LCD_RETURN_HOME?LCD_DRIVER_SPLC780D
            CODE    4BEFH     000AH     UNIT         ?PR?LCD_CLEAR?LCD_DRIVER_SPLC780D
            CODE    4BF9H     0006H     UNIT         ?PR?UC_ACK?IOEXPANDER_PI4IOE5V96248
            CODE    4BFFH     0005H     UNIT         ?PR?_UNIT?UART1
            CODE    4C04H     0005H     UNIT         ?PR?_ASCII_LETTER?UART1
            CODE    4C09H     0001H     UNIT         ?PR?WAIT?BIPOLARMOTOR
            CODE    4C0AH     0001H     UNIT         ?PR?NOP?IOEXPANDER_PI4IOE5V96248



OVERLAY MAP OF MODULE:   .\Obj\GPIO_RTC_Test (MAIN)


SEGMENT                                             BIT_GROUP          XDATA_GROUP
  +--> CALLED SEGMENT                            START    LENGTH     START    LENGTH
------------------------------------------------------------------------------------
?C_C51STARTUP                                    -----    -----      -----    -----
  +--> ?PR?MAIN?MAIN
  +--> ?C_INITSEG

?PR?MAIN?MAIN                                    -----    -----      038FH    0031H
  +--> ?PR?LCD_INIT?LCD_DRIVER_SPLC780D
  +--> ?PR?SPI_INIT?PCF85063BTL
  +--> ?PR?KEYPAD_IO_INIT?KEYPAD
  +--> ?PR?ADC_INIT?ADC
  +--> ?PR?_SPI_WRITETIME?PCF85063BTL
  +--> ?PR?_DELAY_MS?KEYPAD
  +--> ?PR?_DISPLAY_LINE?LCD_DRIVER_SPLC780D
  +--> ?PR?_WRITEDATA?LCD_DRIVER_SPLC780D
  +--> ?PR?KEY_PROCESS?KEYPAD
  +--> ?PR?_COMMAND?LCD_DRIVER_SPLC780D
  +--> ?PR?_DISPLAY_POS?MAIN
  +--> ?PR?_DISPLAYLCD?LCD_DRIVER_SPLC780D
  +--> ?PR?_STEP_MOVE?BIPOLARMOTOR
  +--> ?PR?LCD_RETURN_HOME?LCD_DRIVER_SPLC780D
  +--> ?PR?_READ_TIME?PCF85063BTL
  +--> ?PR?_ADC_GETRESULT?ADC
  +--> ?PR?_BCDTODEC1?BIPOLARMOTOR
  +--> ?PR?_CALIBRATION?CALIBRATION
  +--> ?PR?SPI_NOR_WRITE_DATA?AT25SF041
  +--> ?PR?LINEAR_INTERPOLATE?BIPOLARMOTOR
  +--> ?PR?_UPDATE_POSITION?BIPOLARMOTOR
BL51 BANKED LINKER/LOCATER V6.22                                                      02/21/2019  17:39:52  PAGE 5



?PR?LCD_INIT?LCD_DRIVER_SPLC780D                 -----    -----      -----    -----
  +--> ?PR?_WAIT_MS?LCD_DRIVER_SPLC780D
  +--> ?PR?_COMMAND?LCD_DRIVER_SPLC780D

?PR?_COMMAND?LCD_DRIVER_SPLC780D                 -----    -----      -----    -----
  +--> ?PR?_WAIT_MS?LCD_DRIVER_SPLC780D

?PR?ADC_INIT?ADC                                 -----    -----      -----    -----
  +--> ?PR?_WAIT_MS?LCD_DRIVER_SPLC780D

?PR?_SPI_WRITETIME?PCF85063BTL                   -----    -----      -----    -----
  +--> ?PR?_SPI_SENDBYTE?PCF85063BTL

?PR?_SPI_SENDBYTE?PCF85063BTL                    -----    -----      -----    -----
  +--> ?PR?_PCF85063BTL_DELAY?PCF85063BTL

?PR?_DISPLAY_LINE?LCD_DRIVER_SPLC780D            -----    -----      -----    -----
  +--> ?PR?_COMMAND?LCD_DRIVER_SPLC780D

?PR?_WRITEDATA?LCD_DRIVER_SPLC780D               -----    -----      046DH    0001H
  +--> ?PR?_WAIT_MS?LCD_DRIVER_SPLC780D

?PR?KEY_PROCESS?KEYPAD                           -----    -----      03C0H    0006H
  +--> ?PR?KEY_SCAN?KEYPAD
  +--> ?PR?_SPI_WRITETIME?PCF85063BTL
  +--> ?PR?LCD_CLEAR?LCD_DRIVER_SPLC780D
  +--> ?PR?_COMMAND?LCD_DRIVER_SPLC780D
  +--> ?PR?_WRITEDATA?LCD_DRIVER_SPLC780D

?PR?KEY_SCAN?KEYPAD                              -----    -----      03C6H    0003H

?PR?LCD_CLEAR?LCD_DRIVER_SPLC780D                -----    -----      -----    -----
  +--> ?PR?_COMMAND?LCD_DRIVER_SPLC780D

?PR?_DISPLAY_POS?MAIN                            -----    -----      0463H    000AH
  +--> ?PR?_ABS?ABS
  +--> ?PR?_WRITEDATA?LCD_DRIVER_SPLC780D

?PR?_DISPLAYLCD?LCD_DRIVER_SPLC780D              -----    -----      03C0H    0001H
  +--> ?PR?_WRITEDATA?LCD_DRIVER_SPLC780D

?PR?_STEP_MOVE?BIPOLARMOTOR                      0020H.6  0000H.1    047CH    0004H
  +--> ?PR?VONESTEPMOVE?BIPOLARMOTOR

?PR?VONESTEPMOVE?BIPOLARMOTOR                    0020H.7  0000H.1    -----    -----
  +--> ?PR?_WRITE_PI4IOE5V96248?IOEXPANDER_P...
  +--> ?PR?_DELAY_MS?KEYPAD

?PR?_WRITE_PI4IOE5V96248?IOEXPANDER_P...         -----    -----      0480H    0003H
  +--> ?PR?I2C_START?IOEXPANDER_PI4IOE5V96248
  +--> ?PR?_WAIT_MS_I2C?IOEXPANDER_PI4IOE5V9...
  +--> ?PR?_I2C_SENDBYTE?IOEXPANDER_PI4IOE5V...
  +--> ?PR?I2C_ACK?IOEXPANDER_PI4IOE5V96248
  +--> ?PR?I2C_STOP?IOEXPANDER_PI4IOE5V96248

?PR?I2C_START?IOEXPANDER_PI4IOE5V96248           -----    -----      -----    -----
BL51 BANKED LINKER/LOCATER V6.22                                                      02/21/2019  17:39:52  PAGE 6


  +--> ?PR?_WAIT_MS_I2C?IOEXPANDER_PI4IOE5V9...

?PR?_I2C_SENDBYTE?IOEXPANDER_PI4IOE5V...         -----    -----      -----    -----
  +--> ?PR?_WAIT_MS_I2C?IOEXPANDER_PI4IOE5V9...

?PR?I2C_ACK?IOEXPANDER_PI4IOE5V96248             -----    -----      0483H    0001H
  +--> ?PR?_WAIT_MS_I2C?IOEXPANDER_PI4IOE5V9...

?PR?I2C_STOP?IOEXPANDER_PI4IOE5V96248            -----    -----      -----    -----
  +--> ?PR?_WAIT_MS_I2C?IOEXPANDER_PI4IOE5V9...

?PR?LCD_RETURN_HOME?LCD_DRIVER_SPLC780D          -----    -----      -----    -----
  +--> ?PR?_COMMAND?LCD_DRIVER_SPLC780D

?PR?_READ_TIME?PCF85063BTL                       -----    -----      03C0H    000FH
  +--> ?PR?_SPI_READTIME?PCF85063BTL

?PR?_SPI_READTIME?PCF85063BTL                    -----    -----      -----    -----
  +--> ?PR?_SPI_SENDBYTE?PCF85063BTL
  +--> ?PR?SPI_RECEIVEBYTE?PCF85063BTL

?PR?SPI_RECEIVEBYTE?PCF85063BTL                  -----    -----      -----    -----
  +--> ?PR?_PCF85063BTL_DELAY?PCF85063BTL

?PR?_CALIBRATION?CALIBRATION                     -----    -----      03C0H    0019H
  +--> ?PR?VOLTAGE_IS_STABLE?CALIBRATION
  +--> ?PR?_UPDATE_POSITION?BIPOLARMOTOR
  +--> ?PR?_FIND_REAL_MAX?CALIBRATION

?PR?VOLTAGE_IS_STABLE?CALIBRATION                -----    -----      03D9H    0018H
  +--> ?PR?_ADC_GETRESULT?ADC
  +--> ?PR?_ABS?ABS

?PR?_UPDATE_POSITION?BIPOLARMOTOR                -----    -----      03D9H    009FH
  +--> ?PR?_BCDTODEC1?BIPOLARMOTOR
  +--> ?PR?SUNPOS?SUNPOS
  +--> ?PR?SIN?SIN
  +--> ?PR?ASIN?ASIN
  +--> ?PR?LINEAR_INTERPOLATE?BIPOLARMOTOR
  +--> ?PR?_ABS?ABS
  +--> ?PR?_MOVE?BIPOLARMOTOR

?PR?SUNPOS?SUNPOS                                -----    -----      0478H    005DH
  +--> ?PR?SIN?SIN
  +--> ?PR?_ATAN2?ATAN2
  +--> ?PR?ASIN?ASIN
  +--> ?PR?ACOS?ACOS

?PR?SIN?SIN                                      0020H.5  0000H.1    04D5H    0004H

?PR?_ATAN2?ATAN2                                 -----    -----      04D5H    0008H
  +--> ?PR?ATAN?ATAN

?PR?ATAN?ATAN                                    0020H.5  0000H.2    04DDH    0004H

?PR?ASIN?ASIN                                    -----    -----      -----    -----
  +--> ?PR?SQRT?SQRT
BL51 BANKED LINKER/LOCATER V6.22                                                      02/21/2019  17:39:52  PAGE 7


  +--> ?PR?ATAN?ATAN

?PR?SQRT?SQRT                                    -----    -----      04D5H    0004H

?PR?ACOS?ACOS                                    -----    -----      -----    -----
  +--> ?PR?SQRT?SQRT
  +--> ?PR?ATAN?ATAN

?PR?LINEAR_INTERPOLATE?BIPOLARMOTOR              -----    -----      0478H    0014H

?PR?_MOVE?BIPOLARMOTOR                           0020H.5  0000H.1    0478H    0004H
  +--> ?PR?_STEP_MOVE?BIPOLARMOTOR

?PR?_FIND_REAL_MAX?CALIBRATION                   -----    -----      03D9H    008AH
  +--> ?PR?_ADC_GETRESULT?ADC
  +--> ?PR?_MOVE?BIPOLARMOTOR
  +--> ?PR?_COMMAND?LCD_DRIVER_SPLC780D
  +--> ?PR?_WRITEDATA?LCD_DRIVER_SPLC780D
  +--> ?PR?_DISPLAY_POS?MAIN
  +--> ?PR?_WAIT_MS?LCD_DRIVER_SPLC780D
  +--> ?PR?_MAX_VALUE?CALIBRATION

?PR?_MAX_VALUE?CALIBRATION                       -----    -----      0463H    0004H

?PR?SPI_NOR_WRITE_DATA?AT25SF041                 -----    -----      03C0H    000FH
  +--> ?PR?AT25SF041_WRITEENABLE?AT25SF041
  +--> ?PR?AT25SF041_CHIPERASE?AT25SF041
  +--> ?PR?_WAIT_MS_SPINOR?AT25SF041
  +--> ?PR?_AT25SF041_WRITE?AT25SF041

?PR?AT25SF041_WRITEENABLE?AT25SF041              -----    -----      03CFH    0002H
  +--> ?PR?_WAIT_MS_SPINOR?AT25SF041

?PR?AT25SF041_CHIPERASE?AT25SF041                -----    -----      03CFH    0002H
  +--> ?PR?_WAIT_MS_SPINOR?AT25SF041
  +--> ?PR?READ_STATUS_REGISTER_BYTE1?AT25SF041

?PR?READ_STATUS_REGISTER_BYTE1?AT25SF041         -----    -----      03D1H    0003H
  +--> ?PR?_WAIT_MS_SPINOR?AT25SF041

?PR?_AT25SF041_WRITE?AT25SF041                   -----    -----      03CFH    0008H
  +--> ?PR?_WAIT_MS_SPINOR?AT25SF041



UNRESOLVED EXTERNAL SYMBOLS:
   AUTO_MODE
   _SENDUART1



SYMBOL TABLE OF MODULE:  .\Obj\GPIO_RTC_Test (MAIN)

  VALUE           TYPE          NAME
  ----------------------------------

  -------         MODULE        MAIN
BL51 BANKED LINKER/LOCATER V6.22                                                      02/21/2019  17:39:52  PAGE 8


  C:0000H         SYMBOL        _ICE_DUMMY_
  X:04E9H         PUBLIC        calib_value
  D:0080H         PUBLIC        P0
  D:00B2H         PUBLIC        P3M0
  D:0090H         PUBLIC        P1
  D:00B1H         PUBLIC        P3M1
  D:00A0H         PUBLIC        P2
  D:00B0H         PUBLIC        P3
  D:00C0H         PUBLIC        P4
  D:00C8H         PUBLIC        P5
  X:053DH         SYMBOL        PressedKey
  B:00A8H.7       PUBLIC        EA
  D:00E8H         PUBLIC        P6
  X:0541H         PUBLIC        calib_stamp
  D:00F8H         PUBLIC        P7
  X:0542H         PUBLIC        RX_Data_Uart_Cnt
  D:00A8H         PUBLIC        IE
  X:0544H         PUBLIC        calib_time
  D:00B8H         PUBLIC        IP
  X:0598H         PUBLIC        months
  D:00D8H         PUBLIC        CCON
  C:0B0EH         PUBLIC        main
  X:0599H         PUBLIC        count
  X:059BH         PUBLIC        days
  X:059CH         PUBLIC        hours
  D:0098H         PUBLIC        SCON
  D:0089H         PUBLIC        TMOD
  D:0088H         PUBLIC        TCON
  B:00A0H.3       PUBLIC        P23
  X:059DH         SYMBOL        KeyCount
  X:059FH         PUBLIC        mins
  X:05A0H         PUBLIC        Rec_data_hour
  B:00C8H.5       PUBLIC        P55
  X:05A3H         PUBLIC        Rec_data_min
  D:008EH         PUBLIC        AUXR
  C:0009H         PUBLIC        tm0_isr
  B:0021H.0       PUBLIC        busy
  B:00A8H.1       PUBLIC        ET0
  D:008CH         PUBLIC        TH0
  X:05A6H         PUBLIC        hour_count
  D:008AH         PUBLIC        TL0
  X:05A7H         PUBLIC        min_count
  B:0088H.4       PUBLIC        TR0
  X:05A8H         SYMBOL        KeyNum
  X:05A9H         SYMBOL        KeyNum_Old
  X:05AAH         PUBLIC        current_position
  X:05AEH         PUBLIC        hours1
  X:05AFH         PUBLIC        hours2
  C:43CDH         PUBLIC        _Display_Prox
  X:05B0H         PUBLIC        mins1
  X:05B1H         PUBLIC        mins2
  C:3771H         PUBLIC        _Display_Pos
  X:05B2H         PUBLIC        seconds
  X:05B3H         PUBLIC        st_time
  D:00D0H         PUBLIC        PSW
  -------         PROC          TM0_ISR
  C:0009H         LINE#         85
BL51 BANKED LINKER/LOCATER V6.22                                                      02/21/2019  17:39:52  PAGE 9


  C:0009H         LINE#         87
  -------         ENDPROC       TM0_ISR
  -------         PROC          MAIN
  -------         DO            
  X:038FH         SYMBOL        sunlight_ADC
  X:04E1H         SYMBOL        KeyCount
  X:04E3H         SYMBOL        KeyNum_Old
  X:04E4H         SYMBOL        KeyNum
  X:04E5H         SYMBOL        PressedKey
  X:0391H         SYMBOL        prox_flag
  X:0392H         SYMBOL        iUse_prevday_calib_value
  X:0394H         SYMBOL        max_ADC_Val
  X:0396H         SYMBOL        max_ADC_Val_JP
  X:0398H         SYMBOL        calib_point1
  X:03A0H         SYMBOL        calib_point2
  X:03A8H         SYMBOL        dat_to_store
  X:03B4H         SYMBOL        calib_day
  X:03B6H         SYMBOL        calib_count
  X:03B8H         SYMBOL        theorical_JP_max_pos
  X:03BCH         SYMBOL        SPI_NOR_INTERNAL_FLASH_ADDR
  -------         ENDDO         
  C:0B0EH         LINE#         89
  C:0B0EH         LINE#         90
  C:0B0EH         LINE#         95
  C:0B14H         LINE#         96
  C:0B1DH         LINE#         100
  C:0B23H         LINE#         101
  C:0B2DH         LINE#         102
  C:0B37H         LINE#         106
  C:0B39H         LINE#         107
  C:0B3BH         LINE#         108
  C:0B3DH         LINE#         109
  C:0B3FH         LINE#         111
  C:0B46H         LINE#         120
  C:0B48H         LINE#         121
  C:0B4BH         LINE#         122
  C:0B4EH         LINE#         123
  C:0B51H         LINE#         124
  C:0B54H         LINE#         125
  C:0B57H         LINE#         128
  C:0B5AH         LINE#         130
  C:0B5DH         LINE#         131
  C:0B60H         LINE#         132
  C:0B63H         LINE#         133
  C:0B65H         LINE#         134
  C:0B67H         LINE#         135
  C:0B69H         LINE#         137
  C:0B6BH         LINE#         138
  C:0B72H         LINE#         139
  C:0B79H         LINE#         140
  C:0B80H         LINE#         141
  C:0B87H         LINE#         145
  C:0B8EH         LINE#         146
  C:0B93H         LINE#         147
  C:0B98H         LINE#         148
  C:0B9DH         LINE#         149
  C:0BA2H         LINE#         150
BL51 BANKED LINKER/LOCATER V6.22                                                      02/21/2019  17:39:52  PAGE 10


  C:0BA7H         LINE#         153
  C:0BC0H         LINE#         154
  C:0BC0H         LINE#         155
  C:0BDCH         LINE#         156
  C:0C23H         LINE#         157
  C:0C34H         LINE#         158
  C:0C34H         LINE#         159
  C:0C34H         LINE#         160
  C:0C37H         LINE#         163
  C:0C37H         LINE#         166
  C:0C3CH         LINE#         167
  C:0C41H         LINE#         169
  C:0C46H         LINE#         170
  C:0C4BH         LINE#         171
  C:0C50H         LINE#         172
  C:0C55H         LINE#         174
  C:0C66H         LINE#         175
  C:0C6BH         LINE#         176
  C:0C70H         LINE#         178
  C:0C77H         LINE#         179
  C:0C7FH         LINE#         180
  C:0C84H         LINE#         181
  C:0C8CH         LINE#         182
  C:0C91H         LINE#         183
  C:0C9BH         LINE#         184
  C:0CA0H         LINE#         185
  C:0CA8H         LINE#         187
  C:0CB0H         LINE#         188
  C:0CB5H         LINE#         189
  C:0CBFH         LINE#         190
  C:0CBFH         LINE#         191
  C:0CC1H         LINE#         192
  C:0CC3H         LINE#         193
  C:0CCDH         LINE#         194
  C:0CCDH         LINE#         195
  C:0CD2H         LINE#         196
  C:0CD2H         LINE#         208
  C:0CDFH         LINE#         209
  C:0CDFH         LINE#         210
  C:0CE9H         LINE#         211
  C:0D00H         LINE#         212
  C:0D00H         LINE#         213
  C:0D02H         LINE#         214
  C:0D04H         LINE#         216
  C:0D04H         LINE#         217
  C:0D0FH         LINE#         218
  C:0D0FH         LINE#         219
  C:0D14H         LINE#         220
  C:0D14H         LINE#         221
  C:0D21H         LINE#         222
  C:0D21H         LINE#         225
  C:0D2BH         LINE#         226
  C:0D42H         LINE#         227
  C:0D42H         LINE#         228
  C:0D44H         LINE#         229
  C:0D46H         LINE#         231
  C:0D46H         LINE#         232
BL51 BANKED LINKER/LOCATER V6.22                                                      02/21/2019  17:39:52  PAGE 11


  C:0D51H         LINE#         233
  C:0D51H         LINE#         234
  C:0D56H         LINE#         235
  C:0D58H         LINE#         236
  C:0D58H         LINE#         245
  C:0D7AH         LINE#         246
  C:0D7AH         LINE#         247
  C:0D84H         LINE#         248
  C:0D8AH         LINE#         249
  C:0D8CH         LINE#         250
  C:0D8EH         LINE#         251
  C:0D90H         LINE#         252
  C:0D90H         LINE#         253
  C:0D93H         LINE#         255
  C:0D93H         LINE#         256
  C:0D99H         LINE#         257
  C:0DA1H         LINE#         258
  C:0DA7H         LINE#         259
  C:0DAFH         LINE#         260
  C:0DEAH         LINE#         264
  C:0DF7H         LINE#         265
  C:0DF7H         LINE#         266
  C:0E04H         LINE#         267
  C:0E37H         LINE#         268
  C:0E44H         LINE#         269
  C:0E44H         LINE#         271
  C:0E73H         LINE#         272
  C:0E73H         LINE#         273
  C:0E95H         LINE#         274
  C:0E95H         LINE#         275
  C:0F11H         LINE#         276
  C:0F7BH         LINE#         280
  C:0F7BH         LINE#         281
  C:0F7BH         LINE#         282
  C:0F7BH         LINE#         284
  C:0F7BH         LINE#         285
  C:0F7BH         LINE#         286
  C:0F7BH         LINE#         288
  C:0F7BH         LINE#         289
  C:0F7BH         LINE#         290
  C:0F7BH         LINE#         292
  C:0F7BH         LINE#         293
  C:0F7BH         LINE#         294
  C:0F7BH         LINE#         295
  C:0F7EH         LINE#         296
  C:0F8FH         LINE#         297
  C:0F8FH         LINE#         298
  C:0F8FH         LINE#         300
  C:0F8FH         LINE#         303
  C:0F92H         LINE#         305
  C:0F92H         LINE#         306
  C:0FB4H         LINE#         307
  C:0FB4H         LINE#         308
  C:1030H         LINE#         309
  C:1085H         LINE#         310
  C:1085H         LINE#         311
  C:1085H         LINE#         312
BL51 BANKED LINKER/LOCATER V6.22                                                      02/21/2019  17:39:52  PAGE 12


  C:1088H         LINE#         316
  C:1088H         LINE#         319
  C:10BCH         LINE#         320
  C:10BCH         LINE#         321
  C:10DEH         LINE#         322
  C:10DEH         LINE#         323
  C:115AH         LINE#         324
  C:11D8H         LINE#         328
  C:11E0H         LINE#         329
  C:11E8H         LINE#         330
  C:11F0H         LINE#         332
  C:11F8H         LINE#         333
  C:1201H         LINE#         334
  C:1217H         LINE#         336
  C:1247H         LINE#         337
  C:1256H         LINE#         338
  C:125FH         LINE#         340
  C:1275H         LINE#         341
  C:12A5H         LINE#         342
  C:12C9H         LINE#         344
  C:12CCH         LINE#         345
  C:12DDH         LINE#         346
  C:12DDH         LINE#         347
  C:12E5H         LINE#         349
  C:12E5H         LINE#         352
  C:12E8H         LINE#         354
  C:12E8H         LINE#         356
  C:130AH         LINE#         357
  C:130AH         LINE#         358
  C:1386H         LINE#         360
  C:13B3H         LINE#         361
  C:13CEH         LINE#         362
  C:13FBH         LINE#         363
  C:1416H         LINE#         365
  C:14B2H         LINE#         368
  C:14B2H         LINE#         369
  C:14B2H         LINE#         370
  C:14B2H         LINE#         372
  C:14B2H         LINE#         375
  C:14CEH         LINE#         376
  C:14D3H         LINE#         378
  C:14D5H         LINE#         379
  -------         ENDPROC       MAIN
  -------         PROC          _DISPLAY_PROX
  D:0002H         SYMBOL        dat
  -------         DO            
  X:062FH         SYMBOL        unit
  X:0630H         SYMBOL        ten
  X:0631H         SYMBOL        hundred
  X:0632H         SYMBOL        thousand
  -------         ENDDO         
  C:43CDH         LINE#         463
  C:43D1H         LINE#         464
  C:43D1H         LINE#         466
  C:43DDH         LINE#         467
  C:43EDH         LINE#         468
  C:4409H         LINE#         469
BL51 BANKED LINKER/LOCATER V6.22                                                      02/21/2019  17:39:52  PAGE 13


  C:4439H         LINE#         470
  C:4443H         LINE#         471
  C:444DH         LINE#         472
  C:4457H         LINE#         473
  C:4461H         LINE#         475
  -------         ENDPROC       _DISPLAY_PROX
  -------         PROC          _DISPLAY_POS
  X:0463H         SYMBOL        sign_dat
  -------         DO            
  X:0467H         SYMBOL        unit
  X:0468H         SYMBOL        ten
  X:0469H         SYMBOL        hundred
  D:0003H         SYMBOL        thousand
  X:046AH         SYMBOL        after_dot
  X:046BH         SYMBOL        dat
  -------         ENDDO         
  C:3771H         LINE#         478
  C:3777H         LINE#         479
  C:3777H         LINE#         483
  C:3793H         LINE#         484
  C:37ADH         LINE#         485
  C:37D1H         LINE#         487
  C:381BH         LINE#         489
  C:3832H         LINE#         490
  C:383FH         LINE#         491
  C:3861H         LINE#         492
  C:3896H         LINE#         493
  C:38AEH         LINE#         494
  C:38AEH         LINE#         496
  C:38AEH         LINE#         497
  C:38AEH         LINE#         498
  C:38AEH         LINE#         499
  C:38AEH         LINE#         500
  C:38AEH         LINE#         504
  C:38B0H         LINE#         506
  C:38B0H         LINE#         508
  C:38B5H         LINE#         509
  C:38BFH         LINE#         510
  C:38C9H         LINE#         511
  C:38D3H         LINE#         512
  C:38D8H         LINE#         513
  C:38E2H         LINE#         517
  C:38E2H         LINE#         519
  -------         ENDPROC       _DISPLAY_POS
  -------         ENDMOD        MAIN

  -------         MODULE        PCF85063BTL
  C:0000H         SYMBOL        _ICE_DUMMY_
  D:0096H         PUBLIC        P2M0
  D:0080H         PUBLIC        P0
  D:0095H         PUBLIC        P2M1
  D:0090H         PUBLIC        P1
  D:00A0H         PUBLIC        P2
  D:00B0H         PUBLIC        P3
  D:00C0H         PUBLIC        P4
  D:00C8H         PUBLIC        P5
  D:00E8H         PUBLIC        P6
BL51 BANKED LINKER/LOCATER V6.22                                                      02/21/2019  17:39:52  PAGE 14


  B:00A0H.1       PUBLIC        PCF85063BTL_SDI
  D:00F8H         PUBLIC        P7
  B:00A0H.2       PUBLIC        PCF85063BTL_SCK
  B:00A0H.1       PUBLIC        PCF85063BTL_SDO
  D:00A8H         PUBLIC        IE
  C:45E7H         PUBLIC        _Read_time
  C:4B3EH         PUBLIC        _PCF85063BTL_Delay
  D:00B8H         PUBLIC        IP
  D:00D8H         PUBLIC        CCON
  C:44EEH         PUBLIC        _Day_Of_Year
  C:4A34H         PUBLIC        SPI_ReceiveByte
  D:0098H         PUBLIC        SCON
  D:0088H         PUBLIC        TCON
  C:4B71H         PUBLIC        _BCDtoDec
  B:00A0H.0       PUBLIC        PCF85063BTL_CS
  C:4B60H         PUBLIC        _SPI_ReadTime
  C:4BC0H         PUBLIC        SPI_Init
  C:4AC9H         PUBLIC        _SPI_WriteTime
  C:4A14H         PUBLIC        _SPI_SendByte
  D:00D0H         PUBLIC        PSW
  C:4B3AH         SYMBOL        L?0047
  -------         PROC          L?0046
  -------         ENDPROC       L?0046
  C:4B3AH         SYMBOL        L?0047
  -------         PROC          _PCF85063BTL_DELAY
  D:0006H         SYMBOL        us
  C:4B3EH         LINE#         8
  C:4B3EH         LINE#         9
  C:4B3EH         LINE#         10
  C:4B48H         LINE#         11
  C:4B48H         LINE#         12
  C:4B49H         LINE#         13
  C:4B4BH         LINE#         14
  -------         ENDPROC       _PCF85063BTL_DELAY
  -------         PROC          _SPI_SENDBYTE
  D:0005H         SYMBOL        dat
  -------         DO            
  D:0003H         SYMBOL        i
  -------         ENDDO         
  C:4A14H         LINE#         17
  C:4A16H         LINE#         18
  C:4A16H         LINE#         20
  C:4A18H         LINE#         21
  C:4A18H         LINE#         22
  C:4A1AH         LINE#         23
  C:4A1EH         LINE#         24
  C:4A1EH         LINE#         25
  C:4A20H         LINE#         26
  C:4A22H         LINE#         28
  C:4A22H         LINE#         29
  C:4A24H         LINE#         30
  C:4A24H         LINE#         31
  C:4A27H         LINE#         32
  C:4A27H         LINE#         33
  C:4A2AH         LINE#         34
  C:4A2EH         LINE#         35
  C:4A33H         LINE#         36
BL51 BANKED LINKER/LOCATER V6.22                                                      02/21/2019  17:39:52  PAGE 15


  -------         ENDPROC       _SPI_SENDBYTE
  -------         PROC          SPI_RECEIVEBYTE
  -------         DO            
  D:0003H         SYMBOL        i
  D:0005H         SYMBOL        dat
  -------         ENDDO         
  C:4A34H         LINE#         39
  C:4A34H         LINE#         40
  C:4A34H         LINE#         42
  C:4A36H         LINE#         44
  C:4A38H         LINE#         45
  C:4A39H         LINE#         46
  C:4A39H         LINE#         47
  C:4A3DH         LINE#         48
  C:4A3FH         LINE#         49
  C:4A42H         LINE#         51
  C:4A45H         LINE#         52
  C:4A45H         LINE#         53
  C:4A49H         LINE#         54
  C:4A49H         LINE#         55
  C:4A49H         LINE#         56
  C:4A4CH         LINE#         57
  C:4A51H         LINE#         58
  C:4A53H         LINE#         59
  -------         ENDPROC       SPI_RECEIVEBYTE
  -------         PROC          _SPI_READTIME
  D:0007H         SYMBOL        addr
  -------         DO            
  D:0006H         SYMBOL        dat
  -------         ENDDO         
  C:4B60H         LINE#         61
  C:4B60H         LINE#         62
  C:4B60H         LINE#         64
  C:4B62H         LINE#         65
  C:4B64H         LINE#         66
  C:4B6BH         LINE#         67
  C:4B6EH         LINE#         68
  C:4B70H         LINE#         69
  C:4B70H         LINE#         70
  -------         ENDPROC       _SPI_READTIME
  -------         PROC          _SPI_WRITETIME
  D:0002H         SYMBOL        val
  D:0005H         SYMBOL        addr
  C:4AC9H         LINE#         71
  C:4ACBH         LINE#         72
  C:4ACBH         LINE#         74
  C:4ACDH         LINE#         75
  C:4AD4H         LINE#         76
  C:4AD9H         LINE#         77
  C:4ADEH         LINE#         78
  C:4AE0H         LINE#         79
  -------         ENDPROC       _SPI_WRITETIME
  -------         PROC          SPI_INIT
  C:4BC0H         LINE#         83
  C:4BC0H         LINE#         84
  C:4BC0H         LINE#         89
  C:4BC3H         LINE#         90
BL51 BANKED LINKER/LOCATER V6.22                                                      02/21/2019  17:39:52  PAGE 16


  C:4BC6H         LINE#         91
  C:4BC8H         LINE#         92
  C:4BCAH         LINE#         93
  C:4BCCH         LINE#         94
  -------         ENDPROC       SPI_INIT
  -------         PROC          _READ_TIME
  X:03C0H         SYMBOL        months
  X:03C3H         SYMBOL        days
  X:03C6H         SYMBOL        hours
  X:03C9H         SYMBOL        mins
  X:03CCH         SYMBOL        seconds
  C:45E7H         LINE#         96
  C:45F2H         LINE#         97
  C:45F2H         LINE#         99
  C:4606H         LINE#         101
  C:461AH         LINE#         103
  C:462EH         LINE#         108
  C:4642H         LINE#         113
  -------         ENDPROC       _READ_TIME
  -------         PROC          _BCDTODEC
  D:0007H         SYMBOL        bcd
  -------         DO            
  D:0006H         SYMBOL        hi
  D:0007H         SYMBOL        lo
  -------         ENDDO         
  C:4B71H         LINE#         119
  C:4B71H         LINE#         120
  C:4B71H         LINE#         122
  C:4B76H         LINE#         123
  C:4B7AH         LINE#         124
  C:4B81H         LINE#         125
  -------         ENDPROC       _BCDTODEC
  -------         PROC          _DAY_OF_YEAR
  D:0007H         SYMBOL        months_bcd
  D:0005H         SYMBOL        days_bcd
  -------         DO            
  D:0004H         SYMBOL        months
  D:0007H         SYMBOL        days
  -------         ENDDO         
  C:44EEH         LINE#         126
  C:44EEH         LINE#         127
  C:44EEH         LINE#         130
  C:44F3H         LINE#         132
  C:44F8H         LINE#         134
  C:4531H         LINE#         135
  C:4531H         LINE#         136
  C:4531H         LINE#         137
  C:4534H         LINE#         138
  C:4534H         LINE#         139
  C:4534H         LINE#         140
  C:4539H         LINE#         141
  C:4539H         LINE#         142
  C:4539H         LINE#         143
  C:453EH         LINE#         144
  C:453EH         LINE#         145
  C:453EH         LINE#         146
  C:4543H         LINE#         147
BL51 BANKED LINKER/LOCATER V6.22                                                      02/21/2019  17:39:52  PAGE 17


  C:4543H         LINE#         148
  C:4543H         LINE#         149
  C:4548H         LINE#         150
  C:4548H         LINE#         151
  C:4548H         LINE#         152
  C:454DH         LINE#         153
  C:454DH         LINE#         154
  C:454DH         LINE#         155
  C:4552H         LINE#         156
  C:4552H         LINE#         157
  C:4552H         LINE#         158
  C:4557H         LINE#         159
  C:4557H         LINE#         160
  C:4557H         LINE#         161
  C:455FH         LINE#         162
  C:455FH         LINE#         163
  C:455FH         LINE#         164
  C:4564H         LINE#         165
  C:4564H         LINE#         166
  C:4564H         LINE#         167
  C:4569H         LINE#         168
  C:4569H         LINE#         169
  C:4569H         LINE#         170
  C:4571H         LINE#         171
  C:4571H         LINE#         172
  C:4571H         LINE#         173
  -------         ENDPROC       _DAY_OF_YEAR
  -------         ENDMOD        PCF85063BTL

  -------         MODULE        UART1
  C:0000H         SYMBOL        _ICE_DUMMY_
  D:0080H         PUBLIC        P0
  D:0090H         PUBLIC        P1
  D:00A0H         PUBLIC        P2
  D:00B0H         PUBLIC        P3
  D:00C0H         PUBLIC        P4
  D:00C8H         PUBLIC        P5
  B:00A8H.7       PUBLIC        EA
  D:00E8H         PUBLIC        P6
  D:00F8H         PUBLIC        P7
  C:48ECH         PUBLIC        _SendString
  D:00A8H         PUBLIC        IE
  B:00A8H.4       PUBLIC        ES
  D:00B8H         PUBLIC        IP
  C:4AE1H         PUBLIC        _ASCIItoBCD
  D:00D8H         PUBLIC        CCON
  C:4B82H         PUBLIC        initUART1
  D:0098H         PUBLIC        SCON
  D:0088H         PUBLIC        TCON
  C:000AH         PUBLIC        _DectoBCD
  C:4C04H         PUBLIC        _ASCII_Letter
  D:008EH         PUBLIC        AUXR
  C:4BFFH         PUBLIC        _unit
  C:0003H         PUBLIC        _ten
  D:00D6H         PUBLIC        T2H
  D:00D7H         PUBLIC        T2L
  D:00D0H         PUBLIC        PSW
BL51 BANKED LINKER/LOCATER V6.22                                                      02/21/2019  17:39:52  PAGE 18


  -------         PROC          INITUART1
  C:4B82H         LINE#         21
  C:4B82H         LINE#         22
  C:4B82H         LINE#         23
  C:4B85H         LINE#         24
  C:4B88H         LINE#         25
  C:4B8BH         LINE#         26
  C:4B8EH         LINE#         27
  C:4B90H         LINE#         28
  C:4B92H         LINE#         30
  -------         ENDPROC       INITUART1
  -------         PROC          _SENDSTRING
  X:0633H         SYMBOL        s
  C:48ECH         LINE#         35
  C:48F7H         LINE#         36
  C:48F7H         LINE#         37
  C:4907H         LINE#         38
  C:4907H         LINE#         39
  C:491CH         LINE#         40
  C:491EH         LINE#         41
  -------         ENDPROC       _SENDSTRING
  -------         PROC          _TEN
  D:0007H         SYMBOL        BCD
  C:0003H         LINE#         43
  C:0003H         LINE#         44
  C:0003H         LINE#         45
  C:0008H         LINE#         46
  -------         ENDPROC       _TEN
  -------         PROC          _UNIT
  D:0007H         SYMBOL        BCD
  C:4BFFH         LINE#         47
  C:4BFFH         LINE#         48
  C:4BFFH         LINE#         52
  C:4C03H         LINE#         53
  -------         ENDPROC       _UNIT
  -------         PROC          _DECTOBCD
  D:0007H         SYMBOL        dec
  C:000AH         LINE#         54
  C:000AH         LINE#         55
  C:000AH         LINE#         57
  C:000AH         LINE#         58
  -------         ENDPROC       _DECTOBCD
  -------         PROC          _ASCII_LETTER
  D:0007H         SYMBOL        dat
  C:4C04H         LINE#         60
  C:4C04H         LINE#         61
  C:4C04H         LINE#         63
  C:4C08H         LINE#         64
  -------         ENDPROC       _ASCII_LETTER
  -------         PROC          _ASCIITOBCD
  D:0001H         SYMBOL        ascii
  -------         DO            
  D:0007H         SYMBOL        dec_val
  D:0006H         SYMBOL        ten
  D:0007H         SYMBOL        unit
  -------         ENDDO         
  C:4AE1H         LINE#         66
BL51 BANKED LINKER/LOCATER V6.22                                                      02/21/2019  17:39:52  PAGE 19


  C:4AE1H         LINE#         67
  C:4AE1H         LINE#         69
  C:4AE4H         LINE#         70
  C:4AEAH         LINE#         71
  C:4AF1H         LINE#         72
  C:4AF7H         LINE#         74
  -------         ENDPROC       _ASCIITOBCD
  -------         ENDMOD        UART1

  -------         MODULE        LCD_DRIVER_SPLC780D
  C:0000H         SYMBOL        _ICE_DUMMY_
  D:0092H         PUBLIC        P1M0
  D:0091H         PUBLIC        P1M1
  D:0080H         PUBLIC        P0
  D:0090H         PUBLIC        P1
  D:00A0H         PUBLIC        P2
  D:00B0H         PUBLIC        P3
  D:00C0H         PUBLIC        P4
  D:00C8H         PUBLIC        P5
  D:00E8H         PUBLIC        P6
  D:00F8H         PUBLIC        P7
  C:4572H         PUBLIC        _WriteData
  D:00A8H         PUBLIC        IE
  D:00B8H         PUBLIC        IP
  D:00D8H         PUBLIC        CCON
  B:00B0H.4       PUBLIC        LCD_D4
  B:00B0H.5       PUBLIC        LCD_D5
  B:00B0H.6       PUBLIC        LCD_D6
  C:4A91H         PUBLIC        _DisplayLCD
  B:00B0H.7       PUBLIC        LCD_D7
  D:0098H         PUBLIC        SCON
  D:0088H         PUBLIC        TCON
  C:4BEFH         PUBLIC        LCD_clear
  C:4831H         PUBLIC        _Command
  C:4B0EH         PUBLIC        _Display_Line
  C:46B0H         PUBLIC        LCD_Init
  C:49F6H         PUBLIC        _Wait_ms
  B:00C0H.0       PUBLIC        LCD_RS
  B:00B0H.2       PUBLIC        LCD_RW
  C:4BE5H         PUBLIC        LCD_return_home
  B:00B0H.3       PUBLIC        LCD_E
  D:00D0H         PUBLIC        PSW
  -------         PROC          LCD_INIT
  C:46B0H         LINE#         9
  C:46B0H         LINE#         10
  C:46B0H         LINE#         11
  C:46B3H         LINE#         12
  C:46B6H         LINE#         14
  C:46BCH         LINE#         15
  C:46C1H         LINE#         17
  C:46C8H         LINE#         18
  C:46CDH         LINE#         20
  C:46D0H         LINE#         21
  C:46D5H         LINE#         23
  C:46D8H         LINE#         24
  C:46DDH         LINE#         26
  C:46E4H         LINE#         29
BL51 BANKED LINKER/LOCATER V6.22                                                      02/21/2019  17:39:52  PAGE 20


  C:46E9H         LINE#         30
  C:46EEH         LINE#         32
  C:46F3H         LINE#         33
  C:46F8H         LINE#         35
  C:46FDH         LINE#         36
  C:4702H         LINE#         37
  -------         ENDPROC       LCD_INIT
  -------         PROC          _WRITEDATA
  X:046DH         SYMBOL        dat
  C:4572H         LINE#         40
  C:4577H         LINE#         41
  C:4577H         LINE#         46
  C:4579H         LINE#         47
  C:457BH         LINE#         49
  C:4589H         LINE#         50
  C:4595H         LINE#         51
  C:45A1H         LINE#         52
  C:45ABH         LINE#         53
  C:45ADH         LINE#         54
  C:45B4H         LINE#         55
  C:45B6H         LINE#         57
  C:45C6H         LINE#         58
  C:45D1H         LINE#         59
  C:45DBH         LINE#         60
  C:45DFH         LINE#         62
  C:45DFH         LINE#         63
  C:45E2H         LINE#         64
  C:45E4H         LINE#         65
  C:45E6H         LINE#         67
  -------         ENDPROC       _WRITEDATA
  -------         PROC          _COMMAND
  D:0007H         SYMBOL        dat
  C:4831H         LINE#         69
  C:4831H         LINE#         70
  C:4831H         LINE#         71
  C:4833H         LINE#         72
  C:4835H         LINE#         74
  C:483FH         LINE#         75
  C:4843H         LINE#         77
  C:4845H         LINE#         78
  C:484EH         LINE#         79
  C:4852H         LINE#         81
  C:4854H         LINE#         82
  C:485BH         LINE#         83
  C:485FH         LINE#         85
  C:4861H         LINE#         86
  C:4865H         LINE#         87
  C:4869H         LINE#         89
  C:486BH         LINE#         90
  C:486BH         LINE#         91
  C:486EH         LINE#         92
  C:4870H         LINE#         93
  -------         ENDPROC       _COMMAND
  C:49F2H         SYMBOL        L?0028
  -------         PROC          L?0027
  -------         ENDPROC       L?0027
  C:49F2H         SYMBOL        L?0028
BL51 BANKED LINKER/LOCATER V6.22                                                      02/21/2019  17:39:52  PAGE 21


  -------         PROC          _WAIT_MS
  D:0006H         SYMBOL        ms
  -------         DO            
  D:0004H         SYMBOL        De_Cnt
  -------         ENDDO         
  C:49F6H         LINE#         95
  C:49F6H         LINE#         96
  C:49F6H         LINE#         98
  C:4A00H         LINE#         99
  C:4A00H         LINE#         100
  C:4A13H         LINE#         101
  C:4A13H         LINE#         102
  -------         ENDPROC       _WAIT_MS
  -------         PROC          _DISPLAYLCD
  D:0007H         SYMBOL        BCD
  -------         DO            
  D:0006H         SYMBOL        first_digit
  X:03C0H         SYMBOL        second_digit
  -------         ENDDO         
  C:4A91H         LINE#         103
  C:4A91H         LINE#         104
  C:4A91H         LINE#         106
  C:4A98H         LINE#         107
  C:4AA1H         LINE#         109
  C:4AA6H         LINE#         111
  -------         ENDPROC       _DISPLAYLCD
  -------         PROC          LCD_RETURN_HOME
  C:4BE5H         LINE#         115
  C:4BE5H         LINE#         116
  C:4BE5H         LINE#         117
  C:4BEAH         LINE#         118
  -------         ENDPROC       LCD_RETURN_HOME
  -------         PROC          LCD_CLEAR
  C:4BEFH         LINE#         121
  C:4BEFH         LINE#         122
  C:4BEFH         LINE#         123
  C:4BF4H         LINE#         124
  -------         ENDPROC       LCD_CLEAR
  -------         PROC          _DISPLAY_LINE
  D:0006H         SYMBOL        line
  C:4B0EH         LINE#         128
  C:4B0EH         LINE#         129
  C:4B0EH         LINE#         130
  C:4B14H         LINE#         131
  C:4B14H         LINE#         132
  C:4B16H         LINE#         133
  C:4B16H         LINE#         134
  C:4B18H         LINE#         136
  C:4B18H         LINE#         137
  C:4B1DH         LINE#         138
  C:4B22H         LINE#         139
  C:4B22H         LINE#         140
  -------         ENDPROC       _DISPLAY_LINE
  -------         ENDMOD        LCD_DRIVER_SPLC780D

  -------         MODULE        KEYPAD
  C:0000H         SYMBOL        _ICE_DUMMY_
BL51 BANKED LINKER/LOCATER V6.22                                                      02/21/2019  17:39:52  PAGE 22


  D:0093H         PUBLIC        P0M1
  D:0080H         PUBLIC        P0
  D:0090H         PUBLIC        P1
  D:00A0H         PUBLIC        P2
  D:00B0H         PUBLIC        P3
  D:00C0H         PUBLIC        P4
  D:00C8H         PUBLIC        P5
  B:0020H.0       PUBLIC        calib_mode
  D:00E8H         PUBLIC        P6
  D:00F8H         PUBLIC        P7
  D:00A8H         PUBLIC        IE
  C:345CH         PUBLIC        Key_Scan
  D:00B8H         PUBLIC        IP
  D:00D8H         PUBLIC        CCON
  C:4BCDH         PUBLIC        KeyPad_IO_Init
  C:4A73H         PUBLIC        _Delay_ms
  D:0098H         PUBLIC        SCON
  D:0088H         PUBLIC        TCON
  B:0020H.1       PUBLIC        small_move
  B:0020H.2       PUBLIC        move
  B:0020H.3       PUBLIC        direction
  B:0020H.4       PUBLIC        auto_move
  C:2FEBH         PUBLIC        Key_Process
  D:00D0H         PUBLIC        PSW
  D:0094H         PUBLIC        P0M0
  -------         PROC          _DELAY_MS
  D:0006H         SYMBOL        ms
  -------         DO            
  D:0004H         SYMBOL        De_Cnt
  -------         ENDDO         
  C:4A73H         LINE#         19
  C:4A73H         LINE#         20
  C:4A73H         LINE#         22
  C:4A7DH         LINE#         23
  C:4A7DH         LINE#         24
  C:4A90H         LINE#         25
  C:4A90H         LINE#         26
  -------         ENDPROC       _DELAY_MS
  -------         PROC          KEY_SCAN
  -------         DO            
  X:03C6H         SYMBOL        KeyTemp1
  X:03C7H         SYMBOL        KeyTemp2
  X:03C8H         SYMBOL        KeyValue
  -------         ENDDO         
  C:345CH         LINE#         27
  C:345CH         LINE#         28
  C:345CH         LINE#         33
  C:345FH         LINE#         36
  C:3462H         LINE#         38
  C:346AH         LINE#         39
  C:3471H         LINE#         40
  C:3471H         LINE#         42
  C:3476H         LINE#         43
  C:347DH         LINE#         44
  C:347DH         LINE#         47
  C:3480H         LINE#         48
  C:3483H         LINE#         49
BL51 BANKED LINKER/LOCATER V6.22                                                      02/21/2019  17:39:52  PAGE 23


  C:3488H         LINE#         50
  C:348CH         LINE#         51
  C:348CH         LINE#         52
  C:3494H         LINE#         53
  C:3494H         LINE#         54
  C:3497H         LINE#         55
  C:349FH         LINE#         56
  C:34A1H         LINE#         58
  C:34B5H         LINE#         59
  C:34B5H         LINE#         60
  C:34B5H         LINE#         61
  C:34B5H         LINE#         62
  C:34BBH         LINE#         64
  C:34BDH         LINE#         65
  C:34BDH         LINE#         66
  C:34BDH         LINE#         67
  C:34C3H         LINE#         69
  C:34C5H         LINE#         70
  C:34C5H         LINE#         71
  C:34C5H         LINE#         72
  C:34CBH         LINE#         74
  C:34CDH         LINE#         75
  C:34CDH         LINE#         76
  C:34CDH         LINE#         77
  C:34D3H         LINE#         79
  C:34D3H         LINE#         80
  C:34D3H         LINE#         81
  C:34D3H         LINE#         84
  C:34D6H         LINE#         85
  C:34D9H         LINE#         86
  C:34E1H         LINE#         87
  C:34E5H         LINE#         88
  C:34E5H         LINE#         89
  C:34EDH         LINE#         90
  C:34EDH         LINE#         91
  C:34F0H         LINE#         92
  C:34F8H         LINE#         93
  C:34FAH         LINE#         94
  C:350EH         LINE#         95
  C:350EH         LINE#         96
  C:350EH         LINE#         97
  C:350EH         LINE#         98
  C:3514H         LINE#         100
  C:3516H         LINE#         101
  C:3516H         LINE#         102
  C:3516H         LINE#         103
  C:351CH         LINE#         105
  C:351EH         LINE#         106
  C:351EH         LINE#         107
  C:351EH         LINE#         108
  C:3524H         LINE#         110
  C:3526H         LINE#         111
  C:3526H         LINE#         112
  C:3526H         LINE#         113
  C:352BH         LINE#         115
  C:352BH         LINE#         116
  C:352BH         LINE#         117
BL51 BANKED LINKER/LOCATER V6.22                                                      02/21/2019  17:39:52  PAGE 24


  C:352BH         LINE#         120
  C:352EH         LINE#         121
  C:3531H         LINE#         122
  C:3539H         LINE#         123
  C:353DH         LINE#         124
  C:353DH         LINE#         125
  C:3545H         LINE#         126
  C:3545H         LINE#         127
  C:3548H         LINE#         128
  C:3550H         LINE#         129
  C:3552H         LINE#         130
  C:3566H         LINE#         131
  C:3566H         LINE#         132
  C:3566H         LINE#         133
  C:3566H         LINE#         134
  C:356CH         LINE#         136
  C:356EH         LINE#         137
  C:356EH         LINE#         138
  C:356EH         LINE#         139
  C:3574H         LINE#         141
  C:3576H         LINE#         142
  C:3576H         LINE#         143
  C:3576H         LINE#         144
  C:357CH         LINE#         146
  C:357EH         LINE#         147
  C:357EH         LINE#         148
  C:357EH         LINE#         149
  C:3584H         LINE#         151
  C:3584H         LINE#         152
  C:3584H         LINE#         153
  C:3584H         LINE#         157
  C:3587H         LINE#         158
  C:358AH         LINE#         159
  C:3592H         LINE#         160
  C:3596H         LINE#         161
  C:3596H         LINE#         162
  C:359EH         LINE#         163
  C:359EH         LINE#         164
  C:35A1H         LINE#         165
  C:35A9H         LINE#         166
  C:35ABH         LINE#         167
  C:35BFH         LINE#         168
  C:35BFH         LINE#         169
  C:35BFH         LINE#         170
  C:35BFH         LINE#         171
  C:35C5H         LINE#         173
  C:35C7H         LINE#         174
  C:35C7H         LINE#         175
  C:35C7H         LINE#         176
  C:35CDH         LINE#         178
  C:35CFH         LINE#         179
  C:35CFH         LINE#         180
  C:35CFH         LINE#         181
  C:35D5H         LINE#         183
  C:35D7H         LINE#         184
  C:35D7H         LINE#         185
  C:35D7H         LINE#         186
BL51 BANKED LINKER/LOCATER V6.22                                                      02/21/2019  17:39:52  PAGE 25


  C:35DDH         LINE#         188
  C:35DDH         LINE#         189
  C:35DDH         LINE#         190
  C:35DDH         LINE#         192
  C:35E3H         LINE#         193
  C:35E3H         LINE#         195
  C:35E3H         LINE#         196
  C:35E6H         LINE#         197
  C:35E6H         LINE#         198
  C:35E6H         LINE#         200
  C:35E6H         LINE#         201
  C:35E8H         LINE#         202
  C:35E8H         LINE#         203
  -------         ENDPROC       KEY_SCAN
  -------         PROC          KEY_PROCESS
  -------         DO            
  X:0619H         SYMBOL        KeyCount
  X:061BH         SYMBOL        KeyNum_Old
  X:061CH         SYMBOL        KeyNum
  X:061DH         SYMBOL        PressedKey
  X:03C0H         SYMBOL        d
  D:0004H         SYMBOL        hours
  D:0006H         SYMBOL        mins
  X:03C2H         SYMBOL        months
  X:03C4H         SYMBOL        days
  -------         ENDDO         
  C:2FEBH         LINE#         204
  C:2FEBH         LINE#         205
  C:2FEBH         LINE#         209
  C:2FF3H         LINE#         210
  C:2FFBH         LINE#         212
  C:2FFEH         LINE#         213
  C:2FFEH         LINE#         214
  C:3001H         LINE#         216
  C:3001H         LINE#         217
  C:300EH         LINE#         218
  C:300EH         LINE#         219
  C:3011H         LINE#         220
  C:3014H         LINE#         222
  C:3017H         LINE#         224
  C:3017H         LINE#         225
  C:3022H         LINE#         226
  C:3022H         LINE#         227
  C:3025H         LINE#         229
  C:3025H         LINE#         230
  C:302CH         LINE#         231
  C:302CH         LINE#         232
  C:302FH         LINE#         234
  C:302FH         LINE#         235
  C:3037H         LINE#         236
  C:3037H         LINE#         237
  C:3041H         LINE#         238
  C:3049H         LINE#         240
  C:3052H         LINE#         242
  C:3052H         LINE#         251
  C:3067H         LINE#         252
  C:3067H         LINE#         253
BL51 BANKED LINKER/LOCATER V6.22                                                      02/21/2019  17:39:52  PAGE 26


  C:3079H         LINE#         254
  C:3087H         LINE#         255
  C:3096H         LINE#         256
  C:3096H         LINE#         258
  C:309CH         LINE#         262
  C:30B2H         LINE#         263
  C:30C3H         LINE#         264
  C:30DEH         LINE#         265
  C:30DEH         LINE#         266
  C:30EEH         LINE#         267
  C:30FFH         LINE#         268
  C:30FFH         LINE#         272
  C:3118H         LINE#         273
  C:312FH         LINE#         274
  C:314FH         LINE#         275
  C:314FH         LINE#         276
  C:3159H         LINE#         277
  C:3159H         LINE#         278
  C:3162H         LINE#         279
  C:3162H         LINE#         280
  C:3176H         LINE#         281
  C:3176H         LINE#         282
  C:3176H         LINE#         283
  C:3176H         LINE#         284
  C:3176H         LINE#         285
  C:3178H         LINE#         287
  C:3178H         LINE#         288
  C:3184H         LINE#         289
  C:3184H         LINE#         290
  C:3195H         LINE#         291
  C:3195H         LINE#         292
  C:3195H         LINE#         293
  C:3195H         LINE#         294
  C:3195H         LINE#         296
  C:3197H         LINE#         298
  C:3197H         LINE#         299
  C:31A8H         LINE#         300
  C:31A8H         LINE#         301
  C:31A8H         LINE#         302
  C:31A8H         LINE#         303
  C:31A8H         LINE#         305
  C:31A8H         LINE#         307
  C:31A8H         LINE#         308
  C:31AAH         LINE#         310
  C:31AAH         LINE#         311
  C:31BDH         LINE#         312
  C:31BDH         LINE#         313
  C:31CEH         LINE#         314
  C:31CEH         LINE#         315
  C:31CEH         LINE#         316
  C:31CEH         LINE#         317
  C:31CEH         LINE#         318
  C:31D0H         LINE#         320
  C:31D0H         LINE#         321
  C:31E1H         LINE#         322
  C:31E1H         LINE#         323
  C:31F2H         LINE#         324
BL51 BANKED LINKER/LOCATER V6.22                                                      02/21/2019  17:39:52  PAGE 27


  C:3203H         LINE#         325
  C:3203H         LINE#         326
  C:3203H         LINE#         327
  C:3203H         LINE#         328
  C:3203H         LINE#         329
  C:3206H         LINE#         330
  C:320BH         LINE#         331
  C:3210H         LINE#         332
  C:3215H         LINE#         333
  C:321AH         LINE#         334
  C:321FH         LINE#         335
  C:3224H         LINE#         336
  C:3229H         LINE#         337
  C:3229H         LINE#         339
  C:324BH         LINE#         340
  C:324BH         LINE#         341
  C:3255H         LINE#         342
  C:3255H         LINE#         343
  C:325AH         LINE#         344
  C:3263H         LINE#         345
  C:327AH         LINE#         346
  C:327AH         LINE#         347
  C:328AH         LINE#         349
  C:328AH         LINE#         353
  -------         ENDPROC       KEY_PROCESS
  -------         PROC          KEYPAD_IO_INIT
  C:4BCDH         LINE#         356
  C:4BCDH         LINE#         357
  C:4BCDH         LINE#         358
  C:4BD0H         LINE#         359
  C:4BD3H         LINE#         360
  C:4BD6H         LINE#         361
  C:4BD8H         LINE#         362
  -------         ENDPROC       KEYPAD_IO_INIT
  -------         ENDMOD        KEYPAD

  -------         MODULE        BIPOLARMOTOR
  C:0000H         SYMBOL        _ICE_DUMMY_
  D:0080H         PUBLIC        P0
  D:0090H         PUBLIC        P1
  X:0000H         PUBLIC        RX_pos_test
  D:00A0H         PUBLIC        P2
  D:00B0H         PUBLIC        P3
  D:00C0H         PUBLIC        P4
  D:00C8H         PUBLIC        P5
  D:00E8H         PUBLIC        P6
  D:00F8H         PUBLIC        P7
  X:00A0H         PUBLIC        low_date_azimuth_mapping
  D:00A8H         PUBLIC        IE
  C:3F3FH         PUBLIC        linear_interpolate
  C:49A1H         PUBLIC        _Move
  D:00B8H         PUBLIC        IP
  C:32BEH         PUBLIC        _findDet3x3
  C:2D2BH         PUBLIC        _findDet4x4
  D:00D8H         PUBLIC        CCON
  X:00C8H         PUBLIC        previous_move_time
  D:0098H         PUBLIC        SCON
BL51 BANKED LINKER/LOCATER V6.22                                                      02/21/2019  17:39:52  PAGE 28


  D:0088H         PUBLIC        TCON
  C:4C09H         PUBLIC        wait
  C:4871H         PUBLIC        _Step_move
  X:00C9H         PUBLIC        dat
  C:000EH         PUBLIC        _Update_position
  C:4759H         PUBLIC        vOneStepMove
  X:00CFH         PUBLIC        elevation_stamp
  X:010BH         PUBLIC        date_azimuth_mapping
  X:0133H         PUBLIC        RX_pos
  C:4AB8H         PUBLIC        _BCDtoDec1
  X:038BH         PUBLIC        degree
  D:00D0H         PUBLIC        PSW
  -------         PROC          L?0062
  -------         ENDPROC       L?0062
  -------         PROC          _BCDTODEC1
  D:0007H         SYMBOL        bcd
  -------         DO            
  D:0006H         SYMBOL        hi
  D:0007H         SYMBOL        lo
  -------         ENDDO         
  C:4AB8H         LINE#         28
  C:4AB8H         LINE#         29
  C:4AB8H         LINE#         31
  C:4ABDH         LINE#         32
  C:4AC1H         LINE#         33
  C:4AC8H         LINE#         34
  -------         ENDPROC       _BCDTODEC1
  -------         PROC          WAIT
  C:4C09H         LINE#         36
  C:4C09H         LINE#         38
  -------         ENDPROC       WAIT
  -------         PROC          VONESTEPMOVE
  B:0020H.7       SYMBOL        bDir
  C:4759H         LINE#         40
  C:4759H         LINE#         41
  C:4759H         LINE#         43
  C:475FH         LINE#         44
  C:475FH         LINE#         45
  C:4762H         LINE#         46
  C:476BH         LINE#         47
  C:4772H         LINE#         48
  C:4777H         LINE#         49
  C:4777H         LINE#         50
  C:4777H         LINE#         52
  C:4779H         LINE#         55
  C:4779H         LINE#         56
  C:477CH         LINE#         57
  C:4785H         LINE#         58
  C:478CH         LINE#         59
  C:4792H         LINE#         60
  C:479BH         LINE#         61
  C:47A2H         LINE#         62
  C:47A2H         LINE#         66
  -------         ENDPROC       VONESTEPMOVE
  -------         PROC          _STEP_MOVE
  X:047CH         SYMBOL        step
  B:0020H.6       SYMBOL        dir
BL51 BANKED LINKER/LOCATER V6.22                                                      02/21/2019  17:39:52  PAGE 29


  -------         DO            
  X:047EH         SYMBOL        i
  -------         ENDDO         
  C:4871H         LINE#         68
  C:4879H         LINE#         69
  C:4879H         LINE#         71
  C:487EH         LINE#         74
  C:4899H         LINE#         75
  C:4899H         LINE#         76
  C:48A0H         LINE#         78
  C:48B0H         LINE#         80
  -------         ENDPROC       _STEP_MOVE
  -------         PROC          _MOVE
  X:0478H         SYMBOL        distance
  B:0020H.5       SYMBOL        direction
  -------         DO            
  D:0006H         SYMBOL        step
  -------         ENDDO         
  C:49A1H         LINE#         82
  C:49A7H         LINE#         83
  C:49A7H         LINE#         86
  C:49C2H         LINE#         87
  -------         ENDPROC       _MOVE
  C:329FH         SYMBOL        L?0058
  C:32B3H         SYMBOL        L?0059
  -------         PROC          L?0057
  -------         ENDPROC       L?0057
  C:329FH         SYMBOL        L?0058
  C:32B3H         SYMBOL        L?0059
  -------         PROC          _FINDDET3X3
  X:05F5H         SYMBOL        a11
  X:05F9H         SYMBOL        a12
  X:05FDH         SYMBOL        a13
  X:0601H         SYMBOL        a21
  X:0605H         SYMBOL        a22
  X:0609H         SYMBOL        a23
  X:060DH         SYMBOL        a31
  X:0611H         SYMBOL        a32
  X:0615H         SYMBOL        a33
  C:32BEH         LINE#         91
  C:32C4H         LINE#         95
  C:32C4H         LINE#         96
  C:345BH         LINE#         98
  -------         ENDPROC       _FINDDET3X3
  -------         PROC          _FINDDET4X4
  X:05B5H         SYMBOL        a11
  X:05B9H         SYMBOL        a12
  X:05BDH         SYMBOL        a13
  X:05C1H         SYMBOL        a14
  X:05C5H         SYMBOL        a21
  X:05C9H         SYMBOL        a22
  X:05CDH         SYMBOL        a23
  X:05D1H         SYMBOL        a24
  X:05D5H         SYMBOL        a31
  X:05D9H         SYMBOL        a32
  X:05DDH         SYMBOL        a33
  X:05E1H         SYMBOL        a34
BL51 BANKED LINKER/LOCATER V6.22                                                      02/21/2019  17:39:52  PAGE 30


  X:05E5H         SYMBOL        a41
  X:05E9H         SYMBOL        a42
  X:05EDH         SYMBOL        a43
  X:05F1H         SYMBOL        a44
  C:2D2BH         LINE#         99
  C:2D31H         LINE#         103
  C:2D31H         LINE#         110
  C:2FEAH         LINE#         114
  -------         ENDPROC       _FINDDET4X4
  C:3F2EH         SYMBOL        L?0061
  -------         PROC          L?0060
  -------         ENDPROC       L?0060
  C:3F2EH         SYMBOL        L?0061
  -------         PROC          LINEAR_INTERPOLATE
  X:0478H         SYMBOL        p1
  X:0480H         SYMBOL        p2
  X:0488H         SYMBOL        x
  -------         DO            
  D:0004H         SYMBOL        fx
  -------         ENDDO         
  C:3F3FH         LINE#         120
  C:3F3FH         LINE#         121
  C:3F3FH         LINE#         124
  C:3FDEH         LINE#         126
  C:3FDEH         LINE#         127
  -------         ENDPROC       LINEAR_INTERPOLATE
  -------         PROC          _UPDATE_POSITION
  D:0001H         SYMBOL        mnths
  D:0002H         SYMBOL        dys
  X:03DBH         SYMBOL        hurs
  X:03DCH         SYMBOL        mns
  X:03DDH         SYMBOL        sconds
  X:03DEH         SYMBOL        currnt_pos
  X:03E1H         SYMBOL        offset_calib
  -------         DO            
  X:03E5H         SYMBOL        date
  X:03E7H         SYMBOL        i
  X:03E9H         SYMBOL        yy
  X:03EBH         SYMBOL        desired_distance
  X:03EFH         SYMBOL        distance
  X:03F3H         SYMBOL        JP_pos
  X:03F7H         SYMBOL        pos_interpolate_azimuth
  X:0433H         SYMBOL        current_local_sun_time
  X:0437H         SYMBOL        azimuth
  X:043BH         SYMBOL        elevation
  X:043FH         SYMBOL        time_offset
  X:0443H         SYMBOL        UTC_time
  X:0447H         SYMBOL        declination
  X:044BH         SYMBOL        p1
  X:0453H         SYMBOL        p2
  X:045BH         SYMBOL        time
  X:046DH         SYMBOL        location
  X:0475H         SYMBOL        sunCoord
  -------         ENDDO         
  C:000EH         LINE#         131
  C:0017H         LINE#         134
  C:0017H         LINE#         135
BL51 BANKED LINKER/LOCATER V6.22                                                      02/21/2019  17:39:52  PAGE 31


  C:0022H         LINE#         137
  C:003EH         LINE#         138
  C:0048H         LINE#         146
  C:0052H         LINE#         147
  C:005CH         LINE#         148
  C:0066H         LINE#         149
  C:0071H         LINE#         150
  C:007CH         LINE#         151
  C:0095H         LINE#         152
  C:00A6H         LINE#         153
  C:00B5H         LINE#         156
  C:00C9H         LINE#         160
  C:011BH         LINE#         161
  C:027FH         LINE#         162
  C:02CFH         LINE#         164
  C:03F7H         LINE#         166
  C:04C6H         LINE#         173
  C:050DH         LINE#         174
  C:050DH         LINE#         176
  C:0527H         LINE#         177
  C:0527H         LINE#         178
  C:0597H         LINE#         179
  C:0597H         LINE#         180
  C:059EH         LINE#         181
  C:059EH         LINE#         182
  C:05CBH         LINE#         183
  C:05E6H         LINE#         185
  C:062DH         LINE#         186
  C:0661H         LINE#         188
  C:06A7H         LINE#         189
  C:06CAH         LINE#         191
  C:06CAH         LINE#         193
  C:0740H         LINE#         194
  C:0740H         LINE#         195
  C:0747H         LINE#         196
  C:0747H         LINE#         197
  C:0774H         LINE#         198
  C:078FH         LINE#         200
  C:07D6H         LINE#         201
  C:080AH         LINE#         203
  C:0850H         LINE#         204
  C:0870H         LINE#         206
  C:0870H         LINE#         207
  C:0881H         LINE#         210
  C:089BH         LINE#         211
  C:089BH         LINE#         212
  C:090BH         LINE#         213
  C:090BH         LINE#         214
  C:0938H         LINE#         215
  C:0953H         LINE#         217
  C:0980H         LINE#         218
  C:099BH         LINE#         220
  C:09CDH         LINE#         223
  C:09CDH         LINE#         225
  C:09DEH         LINE#         227
  C:0A0DH         LINE#         229
  C:0A32H         LINE#         230
BL51 BANKED LINKER/LOCATER V6.22                                                      02/21/2019  17:39:52  PAGE 32


  C:0A97H         LINE#         231
  C:0A97H         LINE#         232
  C:0AB1H         LINE#         233
  C:0AC3H         LINE#         234
  C:0ADBH         LINE#         235
  C:0AF1H         LINE#         237
  C:0B0DH         LINE#         238
  C:0B0DH         LINE#         239
  C:0B0DH         LINE#         242
  -------         ENDPROC       _UPDATE_POSITION
  -------         ENDMOD        BIPOLARMOTOR

  -------         MODULE        SUNPOS
  C:0000H         SYMBOL        _ICE_DUMMY_
  C:1E8EH         PUBLIC        sunpos
  -------         PROC          SUNPOS
  X:0478H         SYMBOL        udtTime
  X:048AH         SYMBOL        udtLocation
  X:0492H         SYMBOL        udtSunCoordinates
  -------         DO            
  X:0495H         SYMBOL        dElapsedJulianDays
  X:0499H         SYMBOL        dDecimalHours
  X:049DH         SYMBOL        dEclipticLongitude
  X:04A1H         SYMBOL        dEclipticObliquity
  X:04A5H         SYMBOL        dRightAscension
  X:04A9H         SYMBOL        dDeclination
  X:04ADH         SYMBOL        dY
  X:04B1H         SYMBOL        dX
  -------         DO            
  X:04B5H         SYMBOL        dJulianDate
  X:04B9H         SYMBOL        liAux1
  X:04BDH         SYMBOL        liAux2
  X:04B5H         SYMBOL        dMeanLongitude
  X:04B9H         SYMBOL        dMeanAnomaly
  X:04BDH         SYMBOL        dOmega
  X:04B5H         SYMBOL        dSin_EclipticLongitude
  X:04B5H         SYMBOL        dGreenwichMeanSiderealTime
  X:04B9H         SYMBOL        dLocalMeanSiderealTime
  X:04BDH         SYMBOL        dLatitudeInRadians
  X:04C1H         SYMBOL        dHourAngle
  X:04C5H         SYMBOL        dCos_Latitude
  X:04C9H         SYMBOL        dSin_Latitude
  X:04CDH         SYMBOL        dCos_HourAngle
  X:04D1H         SYMBOL        dParallax
  -------         ENDDO         
  -------         DO            
  X:04B5H         SYMBOL        dMeanLongitude
  X:04B9H         SYMBOL        dMeanAnomaly
  X:04BDH         SYMBOL        dOmega
  X:04B5H         SYMBOL        dSin_EclipticLongitude
  X:04B5H         SYMBOL        dGreenwichMeanSiderealTime
  X:04B9H         SYMBOL        dLocalMeanSiderealTime
  X:04BDH         SYMBOL        dLatitudeInRadians
  X:04C1H         SYMBOL        dHourAngle
  X:04C5H         SYMBOL        dCos_Latitude
  X:04C9H         SYMBOL        dSin_Latitude
  X:04CDH         SYMBOL        dCos_HourAngle
BL51 BANKED LINKER/LOCATER V6.22                                                      02/21/2019  17:39:52  PAGE 33


  X:04D1H         SYMBOL        dParallax
  -------         ENDDO         
  -------         DO            
  X:04B5H         SYMBOL        dSin_EclipticLongitude
  X:04B5H         SYMBOL        dGreenwichMeanSiderealTime
  X:04B9H         SYMBOL        dLocalMeanSiderealTime
  X:04BDH         SYMBOL        dLatitudeInRadians
  X:04C1H         SYMBOL        dHourAngle
  X:04C5H         SYMBOL        dCos_Latitude
  X:04C9H         SYMBOL        dSin_Latitude
  X:04CDH         SYMBOL        dCos_HourAngle
  X:04D1H         SYMBOL        dParallax
  -------         ENDDO         
  -------         DO            
  X:04B5H         SYMBOL        dGreenwichMeanSiderealTime
  X:04B9H         SYMBOL        dLocalMeanSiderealTime
  X:04BDH         SYMBOL        dLatitudeInRadians
  X:04C1H         SYMBOL        dHourAngle
  X:04C5H         SYMBOL        dCos_Latitude
  X:04C9H         SYMBOL        dSin_Latitude
  X:04CDH         SYMBOL        dCos_HourAngle
  X:04D1H         SYMBOL        dParallax
  -------         ENDDO         
  -------         ENDDO         
  C:1E8EH         LINE#         6
  C:1E8EH         LINE#         7
  C:1E8EH         LINE#         9
  C:1E8EH         LINE#         27
  C:1ED8H         LINE#         30
  C:1EF9H         LINE#         31
  C:2040H         LINE#         34
  C:208CH         LINE#         36
  C:20ABH         LINE#         37
  C:20ABH         LINE#         42
  C:20ABH         LINE#         46
  C:20DDH         LINE#         47
  C:2107H         LINE#         48
  C:2131H         LINE#         49
  C:21DEH         LINE#         52
  C:223FH         LINE#         54
  C:223FH         LINE#         59
  C:223FH         LINE#         61
  C:2256H         LINE#         62
  C:227EH         LINE#         63
  C:2295H         LINE#         64
  C:22C0H         LINE#         65
  C:22F7H         LINE#         66
  C:2322H         LINE#         67
  C:2322H         LINE#         70
  C:2322H         LINE#         79
  C:235DH         LINE#         82
  C:2397H         LINE#         84
  C:23BCH         LINE#         85
  C:23DBH         LINE#         86
  C:23F2H         LINE#         87
  C:2409H         LINE#         88
  C:2420H         LINE#         89
BL51 BANKED LINKER/LOCATER V6.22                                                      02/21/2019  17:39:52  PAGE 34


  C:24A9H         LINE#         91
  C:24C3H         LINE#         92
  C:2525H         LINE#         93
  C:255BH         LINE#         94
  C:256DH         LINE#         95
  C:259AH         LINE#         96
  C:25C7H         LINE#         98
  C:25E9H         LINE#         100
  C:2621H         LINE#         103
  C:2621H         LINE#         104
  C:262FH         LINE#         105
  -------         ENDPROC       SUNPOS
  -------         ENDMOD        SUNPOS

  -------         MODULE        ADC
  C:0000H         SYMBOL        _ICE_DUMMY_
  D:0092H         PUBLIC        P1M0
  D:0091H         PUBLIC        P1M1
  D:0080H         PUBLIC        P0
  D:0090H         PUBLIC        P1
  D:00A0H         PUBLIC        P2
  D:00B0H         PUBLIC        P3
  D:00C0H         PUBLIC        P4
  D:00C8H         PUBLIC        P5
  D:00E8H         PUBLIC        P6
  D:00F8H         PUBLIC        P7
  D:00A8H         PUBLIC        IE
  D:00BDH         PUBLIC        ADC_RES
  D:00B8H         PUBLIC        IP
  D:0097H         PUBLIC        CLK_DIV
  D:00D8H         PUBLIC        CCON
  D:00BCH         PUBLIC        ADC_CONTR
  D:0098H         PUBLIC        SCON
  D:0088H         PUBLIC        TCON
  B:00A0H.4       PUBLIC        P24
  B:00A0H.5       PUBLIC        P25
  B:00A0H.6       PUBLIC        P26
  C:4A54H         PUBLIC        ADC_Init
  C:491FH         PUBLIC        _ADC_GetResult
  D:009DH         PUBLIC        P1ASF
  D:00BEH         PUBLIC        ADC_RESL
  D:00D0H         PUBLIC        PSW
  -------         PROC          ADC_INIT
  C:4A54H         LINE#         7
  C:4A54H         LINE#         8
  C:4A54H         LINE#         10
  C:4A56H         LINE#         11
[...]
  C:3D9CH         LINE#         115
  C:3DB5H         LINE#         116
  C:3DB5H         LINE#         117
  C:3DB7H         LINE#         118
  C:3DB9H         LINE#         120
  C:3DB9H         LINE#         121
  C:3DBBH         LINE#         123
  C:3DBBH         LINE#         124
  C:3DBBH         LINE#         125
  C:3DBBH         LINE#         126
  C:3DBEH         LINE#         127
  C:3DD7H         LINE#         129
  C:3DF6H         LINE#         131
  C:3DFDH         LINE#         132
  C:3DFDH         LINE#         133
  C:3DFFH         LINE#         134
  C:3E02H         LINE#         135
  C:3E09H         LINE#         136
  C:3E09H         LINE#         137
  C:3E0BH         LINE#         138
  C:3E0DH         LINE#         140
  C:3E0DH         LINE#         141
  C:3E0FH         LINE#         143
  C:3E0FH         LINE#         144
  C:3E0FH         LINE#         145
  C:3E0FH         LINE#         146
  C:3E12H         LINE#         147
  C:3E19H         LINE#         149
  C:3E38H         LINE#         151
  C:3E3AH         LINE#         152
  -------         ENDPROC       _AT25SF041_WRITE
  -------         PROC          _AT25SF041_READ
  D:0003H         SYMBOL        opcode
  X:0623H         SYMBOL        addr
  -------         DO            
  X:0627H         SYMBOL        dat
  X:0628H         SYMBOL        i
  -------         ENDDO         
  C:3B41H         LINE#         156
  C:3B43H         LINE#         157
  C:3B43H         LINE#         158
  C:3B48H         LINE#         160
  C:3B4AH         LINE#         161
  C:3B50H         LINE#         165
  C:3B55H         LINE#         166
BL51 BANKED LINKER/LOCATER V6.22                                                      02/21/2019  17:39:52  PAGE 45


  C:3B55H         LINE#         167
  C:3B57H         LINE#         168
  C:3B5AH         LINE#         169
  C:3B5EH         LINE#         170
  C:3B5EH         LINE#         171
  C:3B60H         LINE#         172
  C:3B62H         LINE#         174
  C:3B62H         LINE#         175
  C:3B64H         LINE#         177
  C:3B64H         LINE#         178
  C:3B64H         LINE#         179
  C:3B64H         LINE#         180
  C:3B67H         LINE#         181
  C:3B6BH         LINE#         184
  C:3B8AH         LINE#         186
  C:3B91H         LINE#         187
  C:3B91H         LINE#         188
  C:3B93H         LINE#         189
  C:3B96H         LINE#         190
  C:3BAFH         LINE#         191
  C:3BAFH         LINE#         192
  C:3BB1H         LINE#         193
  C:3BB3H         LINE#         195
  C:3BB3H         LINE#         196
  C:3BB5H         LINE#         198
  C:3BB5H         LINE#         199
  C:3BB5H         LINE#         200
  C:3BB5H         LINE#         201
  C:3BB8H         LINE#         202
  C:3BD1H         LINE#         204
  C:3BF0H         LINE#         207
  C:3BF7H         LINE#         209
  C:3BF9H         LINE#         210
  C:3C00H         LINE#         212
  C:3C07H         LINE#         213
  C:3C07H         LINE#         214
  C:3C0EH         LINE#         215
  C:3C0EH         LINE#         216
  C:3C11H         LINE#         217
  C:3C13H         LINE#         218
  C:3C16H         LINE#         220
  C:3C19H         LINE#         221
  C:3C19H         LINE#         223
  C:3C1DH         LINE#         224
  C:3C1DH         LINE#         230
  C:3C3CH         LINE#         233
  C:3C3EH         LINE#         234
  C:3C41H         LINE#         235
  C:3C46H         LINE#         237
  -------         ENDPROC       _AT25SF041_READ
  -------         PROC          READ_STATUS_REGISTER_BYTE1
  -------         DO            
  D:0003H         SYMBOL        dat
  D:0001H         SYMBOL        opcode
  X:03D1H         SYMBOL        count
  X:03D2H         SYMBOL        i
  -------         ENDDO         
BL51 BANKED LINKER/LOCATER V6.22                                                      02/21/2019  17:39:52  PAGE 46


  C:41F3H         LINE#         241
  C:41F3H         LINE#         242
  C:41F3H         LINE#         243
  C:41F9H         LINE#         244
  C:41FDH         LINE#         245
  C:41FFH         LINE#         246
  C:4201H         LINE#         247
  C:4207H         LINE#         251
  C:420EH         LINE#         252
  C:420EH         LINE#         253
  C:4210H         LINE#         254
  C:4213H         LINE#         255
  C:4217H         LINE#         256
  C:4217H         LINE#         257
  C:4219H         LINE#         258
  C:421BH         LINE#         260
  C:421BH         LINE#         261
  C:421DH         LINE#         263
  C:421DH         LINE#         264
  C:421DH         LINE#         265
  C:421DH         LINE#         266
  C:4220H         LINE#         267
  C:4224H         LINE#         270
  C:4243H         LINE#         274
  C:424AH         LINE#         276
  C:424CH         LINE#         277
  C:4253H         LINE#         278
  C:425AH         LINE#         279
  C:425AH         LINE#         280
  C:425EH         LINE#         281
  C:425EH         LINE#         282
  C:4261H         LINE#         283
  C:4263H         LINE#         284
  C:4266H         LINE#         286
  C:4269H         LINE#         287
  C:4269H         LINE#         289
  C:426DH         LINE#         290
  C:426DH         LINE#         292
  C:428CH         LINE#         296
  C:428EH         LINE#         297
  C:4291H         LINE#         298
  C:4293H         LINE#         299
  -------         ENDPROC       READ_STATUS_REGISTER_BYTE1
  -------         PROC          SPI_NOR_WRITE_DATA
  X:03C0H         SYMBOL        dat
  X:03CCH         SYMBOL        addr
  C:3C47H         LINE#         301
  C:3C47H         LINE#         302
  C:3C47H         LINE#         303
  C:3C60H         LINE#         304
  C:3C60H         LINE#         305
  C:3C63H         LINE#         307
  C:3C66H         LINE#         308
  C:3C6DH         LINE#         309
  C:3C6DH         LINE#         310
  C:3C70H         LINE#         312
  C:3C80H         LINE#         314
BL51 BANKED LINKER/LOCATER V6.22                                                      02/21/2019  17:39:52  PAGE 47


  C:3C80H         LINE#         315
  C:3C83H         LINE#         317
  C:3C93H         LINE#         318
  C:3C93H         LINE#         321
  C:3C96H         LINE#         323
  C:3CA6H         LINE#         324
  C:3CA6H         LINE#         326
  C:3CA9H         LINE#         328
  C:3CB9H         LINE#         329
  C:3CB9H         LINE#         331
  C:3CBCH         LINE#         333
  C:3CCCH         LINE#         334
  C:3CCCH         LINE#         336
  C:3CCFH         LINE#         338
  C:3CDFH         LINE#         339
  C:3CDFH         LINE#         340
  C:3CE2H         LINE#         342
  C:3CF2H         LINE#         343
  C:3CF2H         LINE#         345
  C:3CF5H         LINE#         347
  C:3D06H         LINE#         348
  C:3D06H         LINE#         350
  C:3D09H         LINE#         352
  C:3D19H         LINE#         353
  C:3D19H         LINE#         355
  C:3D1CH         LINE#         357
  C:3D2CH         LINE#         358
  C:3D2CH         LINE#         360
  C:3D2FH         LINE#         362
  C:3D3FH         LINE#         363
  -------         ENDPROC       SPI_NOR_WRITE_DATA
  -------         ENDMOD        AT25SF041

  -------         MODULE        ?C_STARTUP
  C:4462H         SEGMENT       ?C_C51STARTUP
  I:0022H         SEGMENT       ?STACK
  C:0000H         PUBLIC        ?C_STARTUP
  D:00E0H         SYMBOL        ACC
  D:00F0H         SYMBOL        B
  D:0083H         SYMBOL        DPH
  D:0082H         SYMBOL        DPL
  N:0000H         SYMBOL        IBPSTACK
  N:0100H         SYMBOL        IBPSTACKTOP
  N:0080H         SYMBOL        IDATALEN
  C:4465H         SYMBOL        IDATALOOP
  N:0000H         SYMBOL        PBPSTACK
  N:0100H         SYMBOL        PBPSTACKTOP
  N:0000H         SYMBOL        PDATALEN
  N:0000H         SYMBOL        PDATASTART
  N:0000H         SYMBOL        PPAGE
  N:0000H         SYMBOL        PPAGEENABLE
  D:00A0H         SYMBOL        PPAGE_SFR
  D:0081H         SYMBOL        SP
  C:4462H         SYMBOL        STARTUP1
  N:0000H         SYMBOL        XBPSTACK
  N:0000H         SYMBOL        XBPSTACKTOP
  N:0000H         SYMBOL        XDATALEN
BL51 BANKED LINKER/LOCATER V6.22                                                      02/21/2019  17:39:52  PAGE 48


  N:0000H         SYMBOL        XDATASTART
  C:0000H         LINE#         126
  C:4462H         LINE#         133
  C:4464H         LINE#         134
  C:4465H         LINE#         135
  C:4466H         LINE#         136
  C:4468H         LINE#         185
  C:446BH         LINE#         196
  -------         ENDMOD        ?C_STARTUP

  -------         MODULE        ?C?FPADD
  C:14DFH         PUBLIC        ?C?FPADD
  C:14DBH         PUBLIC        ?C?FPSUB
  -------         ENDMOD        ?C?FPADD

  -------         MODULE        ?C?FPMUL
  C:15D0H         PUBLIC        ?C?FPMUL
  -------         ENDMOD        ?C?FPMUL

  -------         MODULE        ?C?FPDIV
  C:16D9H         PUBLIC        ?C?FPDIV
  -------         ENDMOD        ?C?FPDIV

  -------         MODULE        ?C?FPCMP
  C:1778H         PUBLIC        ?C?FPCMP
  C:1776H         PUBLIC        ?C?FPCMP3
  -------         ENDMOD        ?C?FPCMP

  -------         MODULE        ?C?FPNEG
  C:17EFH         PUBLIC        ?C?FPNEG
  -------         ENDMOD        ?C?FPNEG

  -------         MODULE        ?C?FCAST
  C:180AH         PUBLIC        ?C?FCASTC
  C:1805H         PUBLIC        ?C?FCASTI
  C:1800H         PUBLIC        ?C?FCASTL
  -------         ENDMOD        ?C?FCAST

  -------         MODULE        ?C?CASTF
  C:183EH         PUBLIC        ?C?CASTF
  -------         ENDMOD        ?C?CASTF

  -------         MODULE        ATAN2
  X:04D5H         PUBLIC        ?_atan2?BYTE
  C:4294H         PUBLIC        _atan2
  -------         ENDMOD        ATAN2

  -------         MODULE        SIN
  C:3631H         PUBLIC        _COS
  C:3647H         PUBLIC        _SIN
  C:3683H         PUBLIC        _TAN
  -------         ENDMOD        SIN

  -------         MODULE        ACOS
  C:47A3H         PUBLIC        _ACOS
  -------         ENDMOD        ACOS

BL51 BANKED LINKER/LOCATER V6.22                                                      02/21/2019  17:39:52  PAGE 49


  -------         MODULE        ASIN
  C:48B1H         PUBLIC        _ASIN
  -------         ENDMOD        ASIN

  -------         MODULE        SQRT
  C:414BH         PUBLIC        _SQRT
  -------         ENDMOD        SQRT

  -------         MODULE        ATAN
  C:3A3FH         PUBLIC        _ATAN
  -------         ENDMOD        ATAN

  -------         MODULE        ?C?COPY
  C:19DCH         PUBLIC        ?C?COPY
  -------         ENDMOD        ?C?COPY

  -------         MODULE        ?C?CLDPTR
  C:1A02H         PUBLIC        ?C?CLDPTR
  -------         ENDMOD        ?C?CLDPTR

  -------         MODULE        ?C?CLDOPTR
  C:1A1BH         PUBLIC        ?C?CLDOPTR
  -------         ENDMOD        ?C?CLDOPTR

  -------         MODULE        ?C?CSTPTR
  C:1A48H         PUBLIC        ?C?CSTPTR
  -------         ENDMOD        ?C?CSTPTR

  -------         MODULE        ?C?IMUL
  C:1A5AH         PUBLIC        ?C?IMUL
  -------         ENDMOD        ?C?IMUL

  -------         MODULE        ?C?UIDIV
  C:1A6CH         PUBLIC        ?C?UIDIV
  -------         ENDMOD        ?C?UIDIV

  -------         MODULE        ?C?SIDIV
  C:1AC1H         PUBLIC        ?C?SIDIV
  -------         ENDMOD        ?C?SIDIV

  -------         MODULE        ?C?ILDIX
  C:1AF7H         PUBLIC        ?C?ILDIX
  -------         ENDMOD        ?C?ILDIX

  -------         MODULE        ?C?ILDOPTR
  C:1B0DH         PUBLIC        ?C?ILDOPTR
  -------         ENDMOD        ?C?ILDOPTR

  -------         MODULE        ?C?ISTPTR
  C:1B45H         PUBLIC        ?C?ISTPTR
  -------         ENDMOD        ?C?ISTPTR

  -------         MODULE        ?C?LMUL
  C:1B64H         PUBLIC        ?C?LMUL
  -------         ENDMOD        ?C?LMUL

  -------         MODULE        ?C?SLDIV
BL51 BANKED LINKER/LOCATER V6.22                                                      02/21/2019  17:39:52  PAGE 50


  C:47EDH         PUBLIC        ?C?SLDIV
  -------         ENDMOD        ?C?SLDIV

  -------         MODULE        ?C?LNEG
  C:1BB3H         PUBLIC        ?C?LNEG
  -------         ENDMOD        ?C?LNEG

  -------         MODULE        ?C?ULCMP
  C:1BC1H         PUBLIC        ?C?ULCMP
  -------         ENDMOD        ?C?ULCMP

  -------         MODULE        ?C?LSHL
  C:1BD2H         PUBLIC        ?C?LSHL
  -------         ENDMOD        ?C?LSHL

  -------         MODULE        ?C?LLDPTR
  C:1BE5H         PUBLIC        ?C?LLDPTR
  -------         ENDMOD        ?C?LLDPTR

  -------         MODULE        ?C?LLDOPTR
  C:1C05H         PUBLIC        ?C?LLDOPTR
  -------         ENDMOD        ?C?LLDOPTR

  -------         MODULE        ?C?LSTPTR
  C:1C35H         PUBLIC        ?C?LSTPTR
  -------         ENDMOD        ?C?LSTPTR

  -------         MODULE        ?C?LSTOPTR
  C:1C4FH         PUBLIC        ?C?LSTOPTR
  -------         ENDMOD        ?C?LSTOPTR

  -------         MODULE        ?C?LLDXDATA
  C:1C73H         PUBLIC        ?C?LLDXDATA
  -------         ENDMOD        ?C?LLDXDATA

  -------         MODULE        ?C?LLDCODE
  C:1C7FH         PUBLIC        ?C?LLDCODE
  -------         ENDMOD        ?C?LLDCODE

  -------         MODULE        ?C?LLDXDATA0
  C:1C8FH         PUBLIC        ?C?LLDXDATA0
  -------         ENDMOD        ?C?LLDXDATA0

  -------         MODULE        ?C?LLDCODE0
  C:1C9BH         PUBLIC        ?C?LLDCODE0
  -------         ENDMOD        ?C?LLDCODE0

  -------         MODULE        ?C?LLDPTR0
  C:1CABH         PUBLIC        ?C?LLDPTR0
  -------         ENDMOD        ?C?LLDPTR0

  -------         MODULE        ?C?LSTXDATA
  C:1CCBH         PUBLIC        ?C?LSTXDATA
  -------         ENDMOD        ?C?LSTXDATA

  -------         MODULE        ?C?LSTKXDATA
  C:1CD7H         PUBLIC        ?C?LSTKXDATA
BL51 BANKED LINKER/LOCATER V6.22                                                      02/21/2019  17:39:52  PAGE 51


  -------         ENDMOD        ?C?LSTKXDATA

  -------         MODULE        ?C?LSTKPTR
  C:1D08H         PUBLIC        ?C?LSTKPTR
  -------         ENDMOD        ?C?LSTKPTR

  -------         MODULE        ?C?OFFXADD
  C:1D22H         PUBLIC        ?C?OFFXADD
  -------         ENDMOD        ?C?OFFXADD

  -------         MODULE        ABS
  C:4BD9H         PUBLIC        _ABS
  -------         ENDMOD        ABS

  -------         MODULE        ATOI
  C:3E41H         PUBLIC        _atoi
  -------         ENDMOD        ATOI

  -------         MODULE        ?C?IILDX
  C:1D2EH         PUBLIC        ?C?IILDX
  -------         ENDMOD        ?C?IILDX

  -------         MODULE        ?C?ULDIV
  C:1D80H         PUBLIC        ?C?ULDIV
  -------         ENDMOD        ?C?ULDIV

  -------         MODULE        ?C?LLDIDATA
  C:1E12H         PUBLIC        ?C?LLDIDATA
  -------         ENDMOD        ?C?LLDIDATA

  -------         MODULE        ?C?LLDPDATA
  C:1E1EH         PUBLIC        ?C?LLDPDATA
  -------         ENDMOD        ?C?LLDPDATA

  -------         MODULE        ?C?LLDIDATA0
  C:1E2AH         PUBLIC        ?C?LLDIDATA0
  -------         ENDMOD        ?C?LLDIDATA0

  -------         MODULE        ?C?LLDPDATA0
  C:1E37H         PUBLIC        ?C?LLDPDATA0
  -------         ENDMOD        ?C?LLDPDATA0

  -------         MODULE        ?C?LSTIDATA
  C:1E44H         PUBLIC        ?C?LSTIDATA
  -------         ENDMOD        ?C?LSTIDATA

  -------         MODULE        ?C?LSTPDATA
  C:1E50H         PUBLIC        ?C?LSTPDATA
  -------         ENDMOD        ?C?LSTPDATA

  -------         MODULE        ?C?LSTKIDATA
  C:1E5CH         PUBLIC        ?C?LSTKIDATA
  -------         ENDMOD        ?C?LSTKIDATA

  -------         MODULE        ?C?LSTKPDATA
  C:1E75H         PUBLIC        ?C?LSTKPDATA
  -------         ENDMOD        ?C?LSTKPDATA
BL51 BANKED LINKER/LOCATER V6.22                                                      02/21/2019  17:39:52  PAGE 52



  -------         MODULE        ISDIGIT
  C:4BB1H         PUBLIC        _isdigit
  -------         ENDMOD        ISDIGIT

  -------         MODULE        ISSPACE
  C:4B4CH         PUBLIC        _isspace
  -------         ENDMOD        ISSPACE

*** WARNING L16: UNCALLED SEGMENT, IGNORED FOR OVERLAY PROCESS
    SEGMENT: ?PR?_DISPLAY_PROX?MAIN

*** WARNING L16: UNCALLED SEGMENT, IGNORED FOR OVERLAY PROCESS
    SEGMENT: ?PR?_DAY_OF_YEAR?PCF85063BTL

*** WARNING L16: UNCALLED SEGMENT, IGNORED FOR OVERLAY PROCESS
    SEGMENT: ?PR?INITUART1?UART1

*** WARNING L16: UNCALLED SEGMENT, IGNORED FOR OVERLAY PROCESS
    SEGMENT: ?PR?_SENDSTRING?UART1

*** WARNING L16: UNCALLED SEGMENT, IGNORED FOR OVERLAY PROCESS
    SEGMENT: ?PR?_TEN?UART1

*** WARNING L16: UNCALLED SEGMENT, IGNORED FOR OVERLAY PROCESS
    SEGMENT: ?PR?_UNIT?UART1

*** WARNING L16: UNCALLED SEGMENT, IGNORED FOR OVERLAY PROCESS
    SEGMENT: ?PR?_DECTOBCD?UART1

*** WARNING L16: UNCALLED SEGMENT, IGNORED FOR OVERLAY PROCESS
    SEGMENT: ?PR?_ASCII_LETTER?UART1

*** WARNING L16: UNCALLED SEGMENT, IGNORED FOR OVERLAY PROCESS
    SEGMENT: ?PR?_ASCIITOBCD?UART1

*** WARNING L16: UNCALLED SEGMENT, IGNORED FOR OVERLAY PROCESS
    SEGMENT: ?PR?WAIT?BIPOLARMOTOR

*** WARNING L16: UNCALLED SEGMENT, IGNORED FOR OVERLAY PROCESS
    SEGMENT: ?PR?_FINDDET4X4?BIPOLARMOTOR

*** WARNING L16: UNCALLED SEGMENT, IGNORED FOR OVERLAY PROCESS
    SEGMENT: ?PR?NOP?IOEXPANDER_PI4IOE5V96248

*** WARNING L16: UNCALLED SEGMENT, IGNORED FOR OVERLAY PROCESS
    SEGMENT: ?PR?UC_ACK?IOEXPANDER_PI4IOE5V96248

*** WARNING L16: UNCALLED SEGMENT, IGNORED FOR OVERLAY PROCESS
    SEGMENT: ?PR?UC_NACK?IOEXPANDER_PI4IOE5V96248

*** WARNING L16: UNCALLED SEGMENT, IGNORED FOR OVERLAY PROCESS
    SEGMENT: ?PR?_AT25SF041_READ?AT25SF041

*** WARNING L1: UNRESOLVED EXTERNAL SYMBOL
    SYMBOL:  AUTO_MODE
    MODULE:  .\Obj\main.obj (MAIN)
BL51 BANKED LINKER/LOCATER V6.22                                                      02/21/2019  17:39:52  PAGE 53



*** WARNING L2: REFERENCE MADE TO UNRESOLVED EXTERNAL
    SYMBOL:  AUTO_MODE
    MODULE:  .\Obj\main.obj (MAIN)
    ADDRESS: 0B41H

*** WARNING L2: REFERENCE MADE TO UNRESOLVED EXTERNAL
    SYMBOL:  AUTO_MODE
    MODULE:  .\Obj\main.obj (MAIN)
    ADDRESS: 0CB6H

*** WARNING L2: REFERENCE MADE TO UNRESOLVED EXTERNAL
    SYMBOL:  AUTO_MODE
    MODULE:  .\Obj\main.obj (MAIN)
    ADDRESS: 0CC4H

*** WARNING L2: REFERENCE MADE TO UNRESOLVED EXTERNAL
    SYMBOL:  AUTO_MODE
    MODULE:  .\Obj\main.obj (MAIN)
    ADDRESS: 0CD6H

*** WARNING L2: REFERENCE MADE TO UNRESOLVED EXTERNAL
    SYMBOL:  AUTO_MODE
    MODULE:  .\Obj\main.obj (MAIN)
    ADDRESS: 0D18H

*** WARNING L2: REFERENCE MADE TO UNRESOLVED EXTERNAL
    SYMBOL:  AUTO_MODE
    MODULE:  .\Obj\main.obj (MAIN)
    ADDRESS: 0DEBH

*** WARNING L1: UNRESOLVED EXTERNAL SYMBOL
    SYMBOL:  _SENDUART1
    MODULE:  .\Obj\UART1.obj (UART1)

*** WARNING L2: REFERENCE MADE TO UNRESOLVED EXTERNAL
    SYMBOL:  _SENDUART1
    MODULE:  .\Obj\UART1.obj (UART1)
    ADDRESS: 491AH

*** WARNING L1: UNRESOLVED EXTERNAL SYMBOL
    SYMBOL:  AUTO_MODE
    MODULE:  .\Obj\KeyPad.obj (KEYPAD)

*** WARNING L2: REFERENCE MADE TO UNRESOLVED EXTERNAL
    SYMBOL:  AUTO_MODE
    MODULE:  .\Obj\KeyPad.obj (KEYPAD)
    ADDRESS: 3038H

*** WARNING L2: REFERENCE MADE TO UNRESOLVED EXTERNAL
    SYMBOL:  AUTO_MODE
    MODULE:  .\Obj\KeyPad.obj (KEYPAD)
    ADDRESS: 3043H

*** WARNING L2: REFERENCE MADE TO UNRESOLVED EXTERNAL
    SYMBOL:  AUTO_MODE
    MODULE:  .\Obj\KeyPad.obj (KEYPAD)
BL51 BANKED LINKER/LOCATER V6.22                                                      02/21/2019  17:39:52  PAGE 54


    ADDRESS: 304AH

Program Size: data=10.2 xdata=1592 code=19467
LINK/LOCATE RUN COMPLETE.  28 WARNING(S),  0 ERROR(S)
