BL51 BANKED LINKER/LOCATER V6.22                                                        01/25/2019  12:22:06  PAGE 1


BL51 BANKED LINKER/LOCATER V6.22, INVOKED BY:
C:\KEIL_V5\C51\BIN\BL51.EXE .\Obj\main.obj, .\Obj\PCF85063BTL.obj, .\Obj\UART1.obj, .\Obj\LCd_Driver_SPLC780D.obj, .\Obj
>> \KeyPad.obj, .\Obj\BipolarMotor.obj, .\Obj\SunPos.obj, .\Obj\ADC.obj, .\Obj\Calibration.obj, .\Obj\IOExpander_PI4IOE5
>> V96248.obj, .\Obj\STARTUP.obj TO .\Obj\GPIO_RTC_Test PRINT (.\Lis\GPIO_RTC_Test.m51) RAMSIZE (256)


MEMORY MODEL: LARGE WITH FLOATING POINT ARITHMETIC


INPUT MODULES INCLUDED:
  .\Obj\main.obj (MAIN)
  .\Obj\PCF85063BTL.obj (PCF85063BTL)
  .\Obj\UART1.obj (UART1)
  .\Obj\LCd_Driver_SPLC780D.obj (LCD_DRIVER_SPLC780D)
  .\Obj\KeyPad.obj (KEYPAD)
  .\Obj\BipolarMotor.obj (BIPOLARMOTOR)
  .\Obj\SunPos.obj (SUNPOS)
  .\Obj\ADC.obj (ADC)
  .\Obj\Calibration.obj (CALIBRATION)
  .\Obj\IOExpander_PI4IOE5V96248.obj (IOEXPANDER_PI4IOE5V96248)
  .\Obj\STARTUP.obj (?C_STARTUP)
  C:\KEIL_V5\C51\LIB\C51FPL.LIB (?C?FPADD)
  C:\KEIL_V5\C51\LIB\C51FPL.LIB (?C?FPMUL)
  C:\KEIL_V5\C51\LIB\C51FPL.LIB (?C?FPDIV)
  C:\KEIL_V5\C51\LIB\C51FPL.LIB (?C?FPCMP)
  C:\KEIL_V5\C51\LIB\C51FPL.LIB (?C?FPNEG)
  C:\KEIL_V5\C51\LIB\C51FPL.LIB (?C?FCAST)
  C:\KEIL_V5\C51\LIB\C51FPL.LIB (?C?CASTF)
  C:\KEIL_V5\C51\LIB\C51FPL.LIB (ATAN2)
  C:\KEIL_V5\C51\LIB\C51FPL.LIB (SIN)
  C:\KEIL_V5\C51\LIB\C51FPL.LIB (ACOS)
  C:\KEIL_V5\C51\LIB\C51FPL.LIB (ASIN)
  C:\KEIL_V5\C51\LIB\C51FPL.LIB (?C?FPGETOPN)
  C:\KEIL_V5\C51\LIB\C51FPL.LIB (?C?FPSERIES)
  C:\KEIL_V5\C51\LIB\C51FPL.LIB (SQRT)
  C:\KEIL_V5\C51\LIB\C51FPL.LIB (ATAN)
  C:\KEIL_V5\C51\LIB\C51L.LIB (?C_INIT)
  C:\KEIL_V5\C51\LIB\C51L.LIB (?C?COPY)
  C:\KEIL_V5\C51\LIB\C51L.LIB (?C?CLDPTR)
  C:\KEIL_V5\C51\LIB\C51L.LIB (?C?CLDOPTR)
  C:\KEIL_V5\C51\LIB\C51L.LIB (?C?CSTPTR)
  C:\KEIL_V5\C51\LIB\C51L.LIB (?C?IMUL)
  C:\KEIL_V5\C51\LIB\C51L.LIB (?C?UIDIV)
  C:\KEIL_V5\C51\LIB\C51L.LIB (?C?SIDIV)
  C:\KEIL_V5\C51\LIB\C51L.LIB (?C?ILDIX)
  C:\KEIL_V5\C51\LIB\C51L.LIB (?C?ILDOPTR)
  C:\KEIL_V5\C51\LIB\C51L.LIB (?C?LMUL)
  C:\KEIL_V5\C51\LIB\C51L.LIB (?C?SLDIV)
  C:\KEIL_V5\C51\LIB\C51L.LIB (?C?LNEG)
  C:\KEIL_V5\C51\LIB\C51L.LIB (?C?LLDPTR)
  C:\KEIL_V5\C51\LIB\C51L.LIB (?C?LLDOPTR)
  C:\KEIL_V5\C51\LIB\C51L.LIB (?C?LSTPTR)
  C:\KEIL_V5\C51\LIB\C51L.LIB (?C?LSTOPTR)
  C:\KEIL_V5\C51\LIB\C51L.LIB (?C?LLDXDATA)
  C:\KEIL_V5\C51\LIB\C51L.LIB (?C?LLDCODE)
  C:\KEIL_V5\C51\LIB\C51L.LIB (?C?LLDXDATA0)
  C:\KEIL_V5\C51\LIB\C51L.LIB (?C?LLDCODE0)
  C:\KEIL_V5\C51\LIB\C51L.LIB (?C?LLDPTR0)
BL51 BANKED LINKER/LOCATER V6.22                                                      01/25/2019  12:22:06  PAGE 2


  C:\KEIL_V5\C51\LIB\C51L.LIB (?C?LSTXDATA)
  C:\KEIL_V5\C51\LIB\C51L.LIB (?C?LSTKXDATA)
  C:\KEIL_V5\C51\LIB\C51L.LIB (?C?OFFXADD)
  C:\KEIL_V5\C51\LIB\C51L.LIB (ABS)
  C:\KEIL_V5\C51\LIB\C51L.LIB (ATOI)
  C:\KEIL_V5\C51\LIB\C51L.LIB (?C?IILDX)
  C:\KEIL_V5\C51\LIB\C51L.LIB (?C?ULDIV)
  C:\KEIL_V5\C51\LIB\C51L.LIB (?C?LLDIDATA)
  C:\KEIL_V5\C51\LIB\C51L.LIB (?C?LLDPDATA)
  C:\KEIL_V5\C51\LIB\C51L.LIB (?C?LLDIDATA0)
  C:\KEIL_V5\C51\LIB\C51L.LIB (?C?LLDPDATA0)
  C:\KEIL_V5\C51\LIB\C51L.LIB (?C?LSTIDATA)
  C:\KEIL_V5\C51\LIB\C51L.LIB (?C?LSTPDATA)
  C:\KEIL_V5\C51\LIB\C51L.LIB (ISDIGIT)
  C:\KEIL_V5\C51\LIB\C51L.LIB (ISSPACE)


LINK MAP OF MODULE:  .\Obj\GPIO_RTC_Test (MAIN)


            TYPE    BASE      LENGTH    RELOCATION   SEGMENT NAME
            -----------------------------------------------------

            * * * * * * *   D A T A   M E M O R Y   * * * * * * *
            REG     0000H     0008H     ABSOLUTE     "REG BANK 0"
                    0008H     0018H                  *** GAP ***
            BIT     0020H.0   0000H.5   UNIT         ?BI?KEYPAD
            BIT     0020H.5   0000H.3   UNIT         _BIT_GROUP_
            BIT     0021H.0   0000H.1   UNIT         ?BI?MAIN
            BIT     0021H.1   0000H.1   UNIT         ?BI?_ATOI?ATOI
                    0021H.2   0000H.6                *** GAP ***
            IDATA   0022H     0001H     UNIT         ?STACK

            * * * * * * *  X D A T A   M E M O R Y  * * * * * * *
            XDATA   0000H     02EFH     UNIT         ?XD?BIPOLARMOTOR
            XDATA   02EFH     0121H     UNIT         _XDATA_GROUP_
            XDATA   0410H     00D4H     UNIT         ?XD?MAIN
            XDATA   04E4H     0040H     UNIT         ?XD?_FINDDET4X4?BIPOLARMOTOR
            XDATA   0524H     0024H     UNIT         ?XD?_FINDDET3X3?BIPOLARMOTOR
            XDATA   0548H     0009H     UNIT         ?XD?KEYPAD
            XDATA   0551H     0005H     UNIT         ?XD?_ATOI?ATOI
            XDATA   0556H     0004H     UNIT         ?XD?_DISPLAY_PROX?MAIN
            XDATA   055AH     0003H     UNIT         ?XD?_SENDSTRING?UART1
            XDATA   055DH     0001H     UNIT         ?XD?UC_ACK?IOEXPANDER_PI4IOE5V96248
            XDATA   055EH     0001H     UNIT         ?XD?UC_NACK?IOEXPANDER_PI4IOE5V96248

            * * * * * * *   C O D E   M E M O R Y   * * * * * * *
            CODE    0000H     0003H     ABSOLUTE     
            CODE    0003H     0006H     UNIT         ?PR?_TEN?UART1
            CODE    0009H     0001H     UNIT         ?PR?TM0_ISR?MAIN
            CODE    000AH     0001H     UNIT         ?PR?_DECTOBCD?UART1
            CODE    000BH     0003H     ABSOLUTE     
            CODE    000EH     0A2DH     UNIT         ?PR?_UPDATE_POSITION?BIPOLARMOTOR
            CODE    0A3BH     0927H     UNIT         ?C?LIB_CODE
            CODE    1362H     0829H     UNIT         ?PR?MAIN?MAIN
            CODE    1B8BH     07A2H     UNIT         ?PR?SUNPOS?SUNPOS
            CODE    232DH     0355H     UNIT         ?C_INITSEG
BL51 BANKED LINKER/LOCATER V6.22                                                      01/25/2019  12:22:06  PAGE 3


            CODE    2682H     02C0H     UNIT         ?PR?_FINDDET4X4?BIPOLARMOTOR
            CODE    2942H     02A0H     UNIT         ?PR?KEY_PROCESS?KEYPAD
            CODE    2BE2H     01D1H     UNIT         ?PR?_FINDDET3X3?BIPOLARMOTOR
            CODE    2DB3H     01B5H     UNIT         ?PR?_DISPLAY_POS?MAIN
            CODE    2F68H     018DH     UNIT         ?PR?KEY_SCAN?KEYPAD
            CODE    30F5H     0188H     UNIT         ?PR?SIN?SIN
            CODE    327DH     013EH     UNIT         ?PR?_FIND_REAL_MAX?CALIBRATION
            CODE    33BBH     0122H     UNIT         ?PR?ATAN?ATAN
            CODE    34DDH     00E4H     UNIT         ?PR?_CALIBRATION?CALIBRATION
            CODE    35C1H     00DBH     UNIT         ?PR?_ATOI?ATOI
            CODE    369CH     00C3H     UNIT         ?PR?LINEAR_INTERPOLATE?BIPOLARMOTOR
            CODE    375FH     00BBH     UNIT         ?PR?VOLTAGE_IS_STABLE?CALIBRATION
            CODE    381AH     00ADH     UNIT         ?PR?_WRITE_PI4IOE5V96248?IOEXPANDER_PI4IOE5V96248
            CODE    38C7H     00ACH     UNIT         ?PR?SQRT?SQRT
            CODE    3973H     009DH     UNIT         ?PR?_ATAN2?ATAN2
            CODE    3A10H     0096H     UNIT         ?PR?_MAX_VALUE?CALIBRATION
            CODE    3AA6H     0095H     UNIT         ?PR?_DISPLAY_PROX?MAIN
            CODE    3B3BH     008CH     UNIT         ?C_C51STARTUP
            CODE    3BC7H     0084H     UNIT         ?PR?_DAY_OF_YEAR?PCF85063BTL
            CODE    3C4BH     0075H     UNIT         ?PR?_WRITEDATA?LCD_DRIVER_SPLC780D
            CODE    3CC0H     006FH     UNIT         ?PR?_READ_TIME?PCF85063BTL
            CODE    3D2FH     0059H     UNIT         ?PR?LCD_INIT?LCD_DRIVER_SPLC780D
            CODE    3D88H     004AH     UNIT         ?PR?VONESTEPMOVE?BIPOLARMOTOR
            CODE    3DD2H     004AH     UNIT         ?PR?ACOS?ACOS
            CODE    3E1CH     0044H     UNIT         ?C?LDIV
            CODE    3E60H     0040H     UNIT         ?PR?_COMMAND?LCD_DRIVER_SPLC780D
            CODE    3EA0H     0040H     UNIT         ?PR?_STEP_MOVE?BIPOLARMOTOR
            CODE    3EE0H     003BH     UNIT         ?PR?ASIN?ASIN
            CODE    3F1BH     0033H     UNIT         ?PR?_SENDSTRING?UART1
            CODE    3F4EH     002BH     UNIT         ?PR?_WAIT_MS_I2C?IOEXPANDER_PI4IOE5V96248
            CODE    3F79H     0028H     UNIT         ?PR?_MOVE?BIPOLARMOTOR
            CODE    3FA1H     0027H     UNIT         ?PR?_I2C_SENDBYTE?IOEXPANDER_PI4IOE5V96248
            CODE    3FC8H     0026H     UNIT         ?PR?_ADC_GETRESULT?ADC
            CODE    3FEEH     0024H     UNIT         ?PR?_WAIT_MS?LCD_DRIVER_SPLC780D
            CODE    4012H     0020H     UNIT         ?PR?_SPI_SENDBYTE?PCF85063BTL
            CODE    4032H     0020H     UNIT         ?PR?SPI_RECEIVEBYTE?PCF85063BTL
            CODE    4052H     001EH     UNIT         ?PR?_DELAY_MS?KEYPAD
            CODE    4070H     001DH     UNIT         ?PR?_DISPLAYLCD?LCD_DRIVER_SPLC780D
            CODE    408DH     001DH     UNIT         ?PR?ADC_INIT?ADC
            CODE    40AAH     001BH     UNIT         ?PR?_BCDTODEC1?BIPOLARMOTOR
            CODE    40C5H     0018H     UNIT         ?PR?_SPI_WRITETIME?PCF85063BTL
            CODE    40DDH     0017H     UNIT         ?PR?_ASCIITOBCD?UART1
            CODE    40F4H     0016H     UNIT         ?PR?I2C_ACK?IOEXPANDER_PI4IOE5V96248
            CODE    410AH     0015H     UNIT         ?PR?_DISPLAY_LINE?LCD_DRIVER_SPLC780D
            CODE    411FH     0015H     UNIT         ?PR?I2C_STOP?IOEXPANDER_PI4IOE5V96248
            CODE    4134H     0014H     UNIT         ?PR?_PCF85063BTL_DELAY?PCF85063BTL
            CODE    4148H     0014H     UNIT         ?PR?_ISSPACE?ISSPACE
            CODE    415CH     0011H     UNIT         ?PR?_SPI_READTIME?PCF85063BTL
            CODE    416DH     0011H     UNIT         ?PR?_BCDTODEC?PCF85063BTL
            CODE    417EH     0011H     UNIT         ?PR?INITUART1?UART1
            CODE    418FH     000FH     UNIT         ?PR?I2C_START?IOEXPANDER_PI4IOE5V96248
            CODE    419EH     000FH     UNIT         ?PR?UC_NACK?IOEXPANDER_PI4IOE5V96248
            CODE    41ADH     000FH     UNIT         ?PR?_ISDIGIT?ISDIGIT
            CODE    41BCH     000DH     UNIT         ?PR?SPI_INIT?PCF85063BTL
            CODE    41C9H     000CH     UNIT         ?PR?KEYPAD_IO_INIT?KEYPAD
            CODE    41D5H     000CH     UNIT         ?PR?_ABS?ABS
            CODE    41E1H     000AH     UNIT         ?PR?LCD_RETURN_HOME?LCD_DRIVER_SPLC780D
BL51 BANKED LINKER/LOCATER V6.22                                                      01/25/2019  12:22:06  PAGE 4


            CODE    41EBH     000AH     UNIT         ?PR?LCD_CLEAR?LCD_DRIVER_SPLC780D
            CODE    41F5H     0006H     UNIT         ?PR?UC_ACK?IOEXPANDER_PI4IOE5V96248
            CODE    41FBH     0005H     UNIT         ?PR?_UNIT?UART1
            CODE    4200H     0005H     UNIT         ?PR?_ASCII_LETTER?UART1
            CODE    4205H     0001H     UNIT         ?PR?WAIT?BIPOLARMOTOR
            CODE    4206H     0001H     UNIT         ?PR?NOP?IOEXPANDER_PI4IOE5V96248



OVERLAY MAP OF MODULE:   .\Obj\GPIO_RTC_Test (MAIN)


SEGMENT                                             BIT_GROUP          XDATA_GROUP
  +--> CALLED SEGMENT                            START    LENGTH     START    LENGTH
------------------------------------------------------------------------------------
?C_C51STARTUP                                    -----    -----      -----    -----
  +--> ?PR?MAIN?MAIN
  +--> ?C_INITSEG

?PR?MAIN?MAIN                                    -----    -----      02EFH    0019H
  +--> ?PR?LCD_INIT?LCD_DRIVER_SPLC780D
  +--> ?PR?SPI_INIT?PCF85063BTL
  +--> ?PR?KEYPAD_IO_INIT?KEYPAD
  +--> ?PR?ADC_INIT?ADC
  +--> ?PR?_SPI_WRITETIME?PCF85063BTL
  +--> ?PR?_DELAY_MS?KEYPAD
  +--> ?PR?_DISPLAY_LINE?LCD_DRIVER_SPLC780D
  +--> ?PR?_WRITEDATA?LCD_DRIVER_SPLC780D
  +--> ?PR?KEY_PROCESS?KEYPAD
  +--> ?PR?_COMMAND?LCD_DRIVER_SPLC780D
  +--> ?PR?_DISPLAY_POS?MAIN
  +--> ?PR?_DISPLAYLCD?LCD_DRIVER_SPLC780D
  +--> ?PR?_STEP_MOVE?BIPOLARMOTOR
  +--> ?PR?LCD_RETURN_HOME?LCD_DRIVER_SPLC780D
  +--> ?PR?_READ_TIME?PCF85063BTL
  +--> ?PR?_BCDTODEC1?BIPOLARMOTOR
  +--> ?PR?_CALIBRATION?CALIBRATION
  +--> ?PR?_UPDATE_POSITION?BIPOLARMOTOR
  +--> ?PR?LINEAR_INTERPOLATE?BIPOLARMOTOR

?PR?LCD_INIT?LCD_DRIVER_SPLC780D                 -----    -----      -----    -----
  +--> ?PR?_WAIT_MS?LCD_DRIVER_SPLC780D
  +--> ?PR?_COMMAND?LCD_DRIVER_SPLC780D

?PR?_COMMAND?LCD_DRIVER_SPLC780D                 -----    -----      -----    -----
  +--> ?PR?_WAIT_MS?LCD_DRIVER_SPLC780D

?PR?ADC_INIT?ADC                                 -----    -----      -----    -----
  +--> ?PR?_WAIT_MS?LCD_DRIVER_SPLC780D

?PR?_SPI_WRITETIME?PCF85063BTL                   -----    -----      -----    -----
  +--> ?PR?_SPI_SENDBYTE?PCF85063BTL

?PR?_SPI_SENDBYTE?PCF85063BTL                    -----    -----      -----    -----
  +--> ?PR?_PCF85063BTL_DELAY?PCF85063BTL

?PR?_DISPLAY_LINE?LCD_DRIVER_SPLC780D            -----    -----      -----    -----
BL51 BANKED LINKER/LOCATER V6.22                                                      01/25/2019  12:22:06  PAGE 5


  +--> ?PR?_COMMAND?LCD_DRIVER_SPLC780D

?PR?_WRITEDATA?LCD_DRIVER_SPLC780D               -----    -----      0312H    0001H
  +--> ?PR?_WAIT_MS?LCD_DRIVER_SPLC780D

?PR?KEY_PROCESS?KEYPAD                           -----    -----      0308H    0006H
  +--> ?PR?KEY_SCAN?KEYPAD
  +--> ?PR?_SPI_WRITETIME?PCF85063BTL
  +--> ?PR?LCD_CLEAR?LCD_DRIVER_SPLC780D
  +--> ?PR?_COMMAND?LCD_DRIVER_SPLC780D
  +--> ?PR?_WRITEDATA?LCD_DRIVER_SPLC780D

?PR?KEY_SCAN?KEYPAD                              -----    -----      030EH    0003H

?PR?LCD_CLEAR?LCD_DRIVER_SPLC780D                -----    -----      -----    -----
  +--> ?PR?_COMMAND?LCD_DRIVER_SPLC780D

?PR?_DISPLAY_POS?MAIN                            -----    -----      0308H    000AH
  +--> ?PR?_ABS?ABS
  +--> ?PR?_WRITEDATA?LCD_DRIVER_SPLC780D

?PR?_DISPLAYLCD?LCD_DRIVER_SPLC780D              -----    -----      0308H    0001H
  +--> ?PR?_WRITEDATA?LCD_DRIVER_SPLC780D

?PR?_STEP_MOVE?BIPOLARMOTOR                      0020H.6  0000H.1    03A4H    0004H
  +--> ?PR?VONESTEPMOVE?BIPOLARMOTOR

?PR?VONESTEPMOVE?BIPOLARMOTOR                    0020H.7  0000H.1    -----    -----
  +--> ?PR?_WRITE_PI4IOE5V96248?IOEXPANDER_P...
  +--> ?PR?_DELAY_MS?KEYPAD

?PR?_WRITE_PI4IOE5V96248?IOEXPANDER_P...         -----    -----      03A8H    0003H
  +--> ?PR?I2C_START?IOEXPANDER_PI4IOE5V96248
  +--> ?PR?_WAIT_MS_I2C?IOEXPANDER_PI4IOE5V9...
  +--> ?PR?_I2C_SENDBYTE?IOEXPANDER_PI4IOE5V...
  +--> ?PR?I2C_ACK?IOEXPANDER_PI4IOE5V96248
  +--> ?PR?I2C_STOP?IOEXPANDER_PI4IOE5V96248

?PR?I2C_START?IOEXPANDER_PI4IOE5V96248           -----    -----      -----    -----
  +--> ?PR?_WAIT_MS_I2C?IOEXPANDER_PI4IOE5V9...

?PR?_I2C_SENDBYTE?IOEXPANDER_PI4IOE5V...         -----    -----      -----    -----
  +--> ?PR?_WAIT_MS_I2C?IOEXPANDER_PI4IOE5V9...

?PR?I2C_ACK?IOEXPANDER_PI4IOE5V96248             -----    -----      03ABH    0001H
  +--> ?PR?_WAIT_MS_I2C?IOEXPANDER_PI4IOE5V9...

?PR?I2C_STOP?IOEXPANDER_PI4IOE5V96248            -----    -----      -----    -----
  +--> ?PR?_WAIT_MS_I2C?IOEXPANDER_PI4IOE5V9...

?PR?LCD_RETURN_HOME?LCD_DRIVER_SPLC780D          -----    -----      -----    -----
  +--> ?PR?_COMMAND?LCD_DRIVER_SPLC780D

?PR?_READ_TIME?PCF85063BTL                       -----    -----      0308H    000FH
  +--> ?PR?_SPI_READTIME?PCF85063BTL

?PR?_SPI_READTIME?PCF85063BTL                    -----    -----      -----    -----
BL51 BANKED LINKER/LOCATER V6.22                                                      01/25/2019  12:22:06  PAGE 6


  +--> ?PR?_SPI_SENDBYTE?PCF85063BTL
  +--> ?PR?SPI_RECEIVEBYTE?PCF85063BTL

?PR?SPI_RECEIVEBYTE?PCF85063BTL                  -----    -----      -----    -----
  +--> ?PR?_PCF85063BTL_DELAY?PCF85063BTL

?PR?_CALIBRATION?CALIBRATION                     -----    -----      0308H    0014H
  +--> ?PR?VOLTAGE_IS_STABLE?CALIBRATION
  +--> ?PR?_UPDATE_POSITION?BIPOLARMOTOR
  +--> ?PR?_FIND_REAL_MAX?CALIBRATION

?PR?VOLTAGE_IS_STABLE?CALIBRATION                -----    -----      031CH    0018H
  +--> ?PR?_ADC_GETRESULT?ADC
  +--> ?PR?_ABS?ABS

?PR?_UPDATE_POSITION?BIPOLARMOTOR                -----    -----      031CH    008BH
  +--> ?PR?_BCDTODEC1?BIPOLARMOTOR
  +--> ?PR?SUNPOS?SUNPOS
  +--> ?PR?SIN?SIN
  +--> ?PR?ASIN?ASIN
  +--> ?PR?LINEAR_INTERPOLATE?BIPOLARMOTOR
  +--> ?PR?_ABS?ABS

?PR?SUNPOS?SUNPOS                                -----    -----      03A7H    005DH
  +--> ?PR?SIN?SIN
  +--> ?PR?_ATAN2?ATAN2
  +--> ?PR?ASIN?ASIN
  +--> ?PR?ACOS?ACOS

?PR?SIN?SIN                                      0020H.5  0000H.1    0404H    0004H

?PR?_ATAN2?ATAN2                                 -----    -----      0404H    0008H
  +--> ?PR?ATAN?ATAN

?PR?ATAN?ATAN                                    0020H.5  0000H.2    040CH    0004H

?PR?ASIN?ASIN                                    -----    -----      -----    -----
  +--> ?PR?SQRT?SQRT
  +--> ?PR?ATAN?ATAN

?PR?SQRT?SQRT                                    -----    -----      0404H    0004H

?PR?ACOS?ACOS                                    -----    -----      -----    -----
  +--> ?PR?SQRT?SQRT
  +--> ?PR?ATAN?ATAN

?PR?LINEAR_INTERPOLATE?BIPOLARMOTOR              -----    -----      03A7H    0014H

?PR?_FIND_REAL_MAX?CALIBRATION                   -----    -----      031CH    0084H
  +--> ?PR?_MOVE?BIPOLARMOTOR
  +--> ?PR?_ADC_GETRESULT?ADC
  +--> ?PR?_WAIT_MS?LCD_DRIVER_SPLC780D
  +--> ?PR?_MAX_VALUE?CALIBRATION

?PR?_MOVE?BIPOLARMOTOR                           0020H.5  0000H.1    03A0H    0004H
  +--> ?PR?_STEP_MOVE?BIPOLARMOTOR

BL51 BANKED LINKER/LOCATER V6.22                                                      01/25/2019  12:22:06  PAGE 7


?PR?_MAX_VALUE?CALIBRATION                       -----    -----      03A0H    0004H



UNRESOLVED EXTERNAL SYMBOLS:
   AUTO_MODE
   _SENDUART1



SYMBOL TABLE OF MODULE:  .\Obj\GPIO_RTC_Test (MAIN)

  VALUE           TYPE          NAME
  ----------------------------------

  -------         MODULE        MAIN
  C:0000H         SYMBOL        _ICE_DUMMY_
  X:0418H         PUBLIC        calib_value
  D:0080H         PUBLIC        P0
  D:00B2H         PUBLIC        P3M0
  D:0090H         PUBLIC        P1
  D:00B1H         PUBLIC        P3M1
  D:00A0H         PUBLIC        P2
  D:00B0H         PUBLIC        P3
  D:00C0H         PUBLIC        P4
  D:00C8H         PUBLIC        P5
  X:046CH         SYMBOL        PressedKey
  B:00A8H.7       PUBLIC        EA
  D:00E8H         PUBLIC        P6
  X:0470H         PUBLIC        calib_stamp
  D:00F8H         PUBLIC        P7
  X:0471H         PUBLIC        RX_Data_Uart_Cnt
  D:00A8H         PUBLIC        IE
  X:0473H         PUBLIC        calib_time
  D:00B8H         PUBLIC        IP
  X:04C7H         PUBLIC        months
  D:00D8H         PUBLIC        CCON
  C:1362H         PUBLIC        main
  X:04C8H         PUBLIC        count
  X:04CAH         PUBLIC        days
  X:04CBH         PUBLIC        hours
  D:0098H         PUBLIC        SCON
  D:0089H         PUBLIC        TMOD
  D:0088H         PUBLIC        TCON
  B:00A0H.3       PUBLIC        P23
  X:04CCH         SYMBOL        KeyCount
  X:04CEH         PUBLIC        mins
  X:04CFH         PUBLIC        Rec_data_hour
  X:04D2H         PUBLIC        Rec_data_min
  D:008EH         PUBLIC        AUXR
  C:0009H         PUBLIC        tm0_isr
  B:0021H.0       PUBLIC        busy
  B:00A8H.1       PUBLIC        ET0
  D:008CH         PUBLIC        TH0
  X:04D5H         PUBLIC        hour_count
  D:008AH         PUBLIC        TL0
  X:04D6H         PUBLIC        min_count
BL51 BANKED LINKER/LOCATER V6.22                                                      01/25/2019  12:22:06  PAGE 8


  B:0088H.4       PUBLIC        TR0
  X:04D7H         SYMBOL        KeyNum
  X:04D8H         SYMBOL        KeyNum_Old
  X:04D9H         PUBLIC        current_position
  X:04DDH         PUBLIC        hours1
  X:04DEH         PUBLIC        hours2
  C:3AA6H         PUBLIC        _Display_Prox
  X:04DFH         PUBLIC        mins1
  X:04E0H         PUBLIC        mins2
  C:2DB3H         PUBLIC        _Display_Pos
  X:04E1H         PUBLIC        seconds
  X:04E2H         PUBLIC        st_time
  D:00D0H         PUBLIC        PSW
  -------         PROC          TM0_ISR
  C:0009H         LINE#         86
  C:0009H         LINE#         88
  -------         ENDPROC       TM0_ISR
  -------         PROC          MAIN
  -------         DO            
  X:02EFH         SYMBOL        prox_data
  X:0410H         SYMBOL        KeyCount
  X:0412H         SYMBOL        KeyNum_Old
  X:0413H         SYMBOL        KeyNum
  X:0414H         SYMBOL        PressedKey
  X:02F1H         SYMBOL        prox_flag
  X:02F2H         SYMBOL        iUse_prevday_calib_value
  X:02F4H         SYMBOL        calib_point1
  X:02FCH         SYMBOL        calib_point2
  X:0304H         SYMBOL        calib_day
  X:0306H         SYMBOL        calib_count
  -------         ENDDO         
  C:1362H         LINE#         90
  C:1362H         LINE#         91
  C:1362H         LINE#         96
  C:1368H         LINE#         97
  C:136DH         LINE#         100
  C:1373H         LINE#         104
  C:1375H         LINE#         105
  C:1377H         LINE#         106
  C:1379H         LINE#         107
  C:137BH         LINE#         109
  C:1381H         LINE#         118
  C:1383H         LINE#         119
  C:1386H         LINE#         120
  C:1389H         LINE#         121
  C:138CH         LINE#         122
  C:138FH         LINE#         123
  C:1392H         LINE#         126
  C:1395H         LINE#         128
  C:1398H         LINE#         129
  C:139BH         LINE#         130
  C:139EH         LINE#         131
  C:13A0H         LINE#         132
  C:13A2H         LINE#         133
  C:13A4H         LINE#         135
  C:13A6H         LINE#         136
  C:13ADH         LINE#         137
BL51 BANKED LINKER/LOCATER V6.22                                                      01/25/2019  12:22:06  PAGE 9


  C:13B4H         LINE#         138
  C:13BBH         LINE#         139
  C:13C2H         LINE#         143
  C:13C9H         LINE#         144
  C:13CEH         LINE#         145
  C:13D3H         LINE#         146
  C:13D8H         LINE#         147
  C:13DDH         LINE#         148
  C:13E2H         LINE#         151
  C:13FBH         LINE#         152
  C:13FBH         LINE#         153
  C:1417H         LINE#         154
  C:145EH         LINE#         155
  C:146FH         LINE#         156
  C:146FH         LINE#         157
  C:146FH         LINE#         158
  C:1472H         LINE#         161
  C:1472H         LINE#         164
  C:1477H         LINE#         165
  C:147CH         LINE#         167
  C:1481H         LINE#         168
  C:1486H         LINE#         169
  C:148BH         LINE#         170
  C:1490H         LINE#         172
  C:14A1H         LINE#         174
  C:14A8H         LINE#         175
  C:14B0H         LINE#         176
  C:14B5H         LINE#         177
  C:14BDH         LINE#         178
  C:14C2H         LINE#         179
  C:14CCH         LINE#         180
  C:14D1H         LINE#         181
  C:14D9H         LINE#         183
  C:14E1H         LINE#         184
  C:14E6H         LINE#         185
  C:14F0H         LINE#         186
  C:14F0H         LINE#         187
  C:14F2H         LINE#         188
  C:14F4H         LINE#         189
  C:14FEH         LINE#         190
  C:14FEH         LINE#         191
  C:1503H         LINE#         192
  C:1503H         LINE#         204
  C:1510H         LINE#         205
  C:1510H         LINE#         206
  C:151AH         LINE#         207
  C:1531H         LINE#         208
  C:1531H         LINE#         209
  C:1533H         LINE#         210
  C:1535H         LINE#         212
  C:1535H         LINE#         213
  C:1540H         LINE#         214
  C:1540H         LINE#         215
  C:1545H         LINE#         216
  C:1545H         LINE#         217
  C:1552H         LINE#         218
  C:1552H         LINE#         221
BL51 BANKED LINKER/LOCATER V6.22                                                      01/25/2019  12:22:06  PAGE 10


  C:155CH         LINE#         222
  C:1573H         LINE#         223
  C:1573H         LINE#         224
  C:1575H         LINE#         225
  C:1577H         LINE#         227
  C:1577H         LINE#         228
  C:1582H         LINE#         229
  C:1582H         LINE#         230
  C:1587H         LINE#         231
  C:1589H         LINE#         232
  C:1589H         LINE#         241
  C:15ABH         LINE#         242
  C:15ABH         LINE#         243
  C:15B5H         LINE#         244
  C:15BBH         LINE#         245
  C:15BDH         LINE#         246
  C:15BFH         LINE#         247
  C:15C1H         LINE#         248
  C:15C1H         LINE#         249
  C:15C4H         LINE#         251
  C:15C4H         LINE#         252
  C:15CAH         LINE#         253
  C:15D2H         LINE#         254
  C:15D8H         LINE#         255
  C:15E0H         LINE#         256
  C:161BH         LINE#         260
  C:1628H         LINE#         261
  C:1628H         LINE#         263
  C:165BH         LINE#         264
  C:1668H         LINE#         265
  C:1668H         LINE#         267
  C:168BH         LINE#         268
  C:168BH         LINE#         269
  C:16ADH         LINE#         270
  C:16ADH         LINE#         271
  C:1729H         LINE#         272
  C:176FH         LINE#         276
  C:1772H         LINE#         277
  C:1783H         LINE#         278
  C:1783H         LINE#         279
  C:1783H         LINE#         281
  C:1783H         LINE#         285
  C:1786H         LINE#         287
  C:1786H         LINE#         288
  C:17A8H         LINE#         289
  C:17A8H         LINE#         290
  C:1824H         LINE#         291
  C:187CH         LINE#         292
  C:187CH         LINE#         293
  C:187CH         LINE#         294
  C:187FH         LINE#         298
  C:187FH         LINE#         301
  C:18A7H         LINE#         302
  C:18A7H         LINE#         303
  C:18C9H         LINE#         304
  C:18C9H         LINE#         305
  C:1945H         LINE#         306
BL51 BANKED LINKER/LOCATER V6.22                                                      01/25/2019  12:22:06  PAGE 11


  C:199FH         LINE#         311
  C:19A2H         LINE#         312
  C:19B3H         LINE#         313
  C:19B3H         LINE#         314
  C:19BBH         LINE#         316
  C:19BBH         LINE#         319
  C:19BEH         LINE#         321
  C:19BEH         LINE#         323
  C:19E0H         LINE#         324
  C:19E0H         LINE#         325
  C:1A5CH         LINE#         327
  C:1A89H         LINE#         328
  C:1AA4H         LINE#         329
  C:1AD1H         LINE#         330
  C:1AECH         LINE#         332
  C:1B88H         LINE#         335
  C:1B88H         LINE#         336
  C:1B88H         LINE#         337
  C:1B88H         LINE#         339
  C:1B88H         LINE#         340
  -------         ENDPROC       MAIN
  -------         PROC          _DISPLAY_PROX
  D:0002H         SYMBOL        dat
  -------         DO            
  X:0556H         SYMBOL        unit
  X:0557H         SYMBOL        ten
  X:0558H         SYMBOL        hundred
  X:0559H         SYMBOL        thousand
  -------         ENDDO         
  C:3AA6H         LINE#         424
  C:3AAAH         LINE#         425
  C:3AAAH         LINE#         427
  C:3AB6H         LINE#         428
  C:3AC6H         LINE#         429
  C:3AE2H         LINE#         430
  C:3B12H         LINE#         431
  C:3B1CH         LINE#         432
  C:3B26H         LINE#         433
  C:3B30H         LINE#         434
  C:3B3AH         LINE#         436
  -------         ENDPROC       _DISPLAY_PROX
  -------         PROC          _DISPLAY_POS
  X:0308H         SYMBOL        sign_dat
  -------         DO            
  X:030CH         SYMBOL        unit
  X:030DH         SYMBOL        ten
  X:030EH         SYMBOL        hundred
  D:0003H         SYMBOL        thousand
  X:030FH         SYMBOL        after_dot
  X:0310H         SYMBOL        dat
  -------         ENDDO         
  C:2DB3H         LINE#         439
  C:2DB9H         LINE#         440
  C:2DB9H         LINE#         444
  C:2DD5H         LINE#         445
  C:2DEFH         LINE#         446
  C:2E13H         LINE#         448
BL51 BANKED LINKER/LOCATER V6.22                                                      01/25/2019  12:22:06  PAGE 12


  C:2E5DH         LINE#         450
  C:2E74H         LINE#         451
  C:2E81H         LINE#         452
  C:2EA3H         LINE#         453
  C:2ED8H         LINE#         454
  C:2EF0H         LINE#         455
  C:2EF0H         LINE#         457
  C:2EFAH         LINE#         458
  C:2F04H         LINE#         459
  C:2F0EH         LINE#         460
  C:2F13H         LINE#         461
  C:2F1DH         LINE#         462
  C:2F22H         LINE#         463
  C:2F27H         LINE#         464
  C:2F29H         LINE#         465
  C:2F2BH         LINE#         467
  C:2F2BH         LINE#         469
  C:2F30H         LINE#         470
  C:2F3AH         LINE#         471
  C:2F44H         LINE#         472
  C:2F4EH         LINE#         473
  C:2F53H         LINE#         474
  C:2F5DH         LINE#         475
  C:2F62H         LINE#         476
  C:2F67H         LINE#         478
  C:2F67H         LINE#         480
  -------         ENDPROC       _DISPLAY_POS
  -------         ENDMOD        MAIN

  -------         MODULE        PCF85063BTL
  C:0000H         SYMBOL        _ICE_DUMMY_
  D:0096H         PUBLIC        P2M0
  D:0080H         PUBLIC        P0
  D:0095H         PUBLIC        P2M1
  D:0090H         PUBLIC        P1
  D:00A0H         PUBLIC        P2
  D:00B0H         PUBLIC        P3
  D:00C0H         PUBLIC        P4
  D:00C8H         PUBLIC        P5
  D:00E8H         PUBLIC        P6
  B:00A0H.1       PUBLIC        PCF85063BTL_SDI
  D:00F8H         PUBLIC        P7
  B:00A0H.2       PUBLIC        PCF85063BTL_SCK
  B:00A0H.1       PUBLIC        PCF85063BTL_SDO
  D:00A8H         PUBLIC        IE
  C:3CC0H         PUBLIC        _Read_time
  C:413AH         PUBLIC        _PCF85063BTL_Delay
  D:00B8H         PUBLIC        IP
  D:00D8H         PUBLIC        CCON
  C:3BC7H         PUBLIC        _Day_Of_Year
  C:4032H         PUBLIC        SPI_ReceiveByte
  D:0098H         PUBLIC        SCON
  D:0088H         PUBLIC        TCON
  C:416DH         PUBLIC        _BCDtoDec
  B:00A0H.0       PUBLIC        PCF85063BTL_CS
  C:415CH         PUBLIC        _SPI_ReadTime
  C:41BCH         PUBLIC        SPI_Init
BL51 BANKED LINKER/LOCATER V6.22                                                      01/25/2019  12:22:06  PAGE 13


  C:40C5H         PUBLIC        _SPI_WriteTime
  C:4012H         PUBLIC        _SPI_SendByte
  D:00D0H         PUBLIC        PSW
  C:4136H         SYMBOL        L?0047
  -------         PROC          L?0046
  -------         ENDPROC       L?0046
  C:4136H         SYMBOL        L?0047
  -------         PROC          _PCF85063BTL_DELAY
  D:0006H         SYMBOL        us
  C:413AH         LINE#         8
  C:413AH         LINE#         9
  C:413AH         LINE#         10
  C:4144H         LINE#         11
  C:4144H         LINE#         12
  C:4145H         LINE#         13
  C:4147H         LINE#         14
  -------         ENDPROC       _PCF85063BTL_DELAY
  -------         PROC          _SPI_SENDBYTE
  D:0005H         SYMBOL        dat
  -------         DO            
  D:0003H         SYMBOL        i
  -------         ENDDO         
  C:4012H         LINE#         17
  C:4014H         LINE#         18
  C:4014H         LINE#         20
  C:4016H         LINE#         21
  C:4016H         LINE#         22
  C:4018H         LINE#         23
  C:401CH         LINE#         24
  C:401CH         LINE#         25
  C:401EH         LINE#         26
  C:4020H         LINE#         28
  C:4020H         LINE#         29
  C:4022H         LINE#         30
  C:4022H         LINE#         31
  C:4025H         LINE#         32
  C:4025H         LINE#         33
  C:4028H         LINE#         34
  C:402CH         LINE#         35
  C:4031H         LINE#         36
  -------         ENDPROC       _SPI_SENDBYTE
  -------         PROC          SPI_RECEIVEBYTE
  -------         DO            
  D:0003H         SYMBOL        i
  D:0005H         SYMBOL        dat
  -------         ENDDO         
  C:4032H         LINE#         39
  C:4032H         LINE#         40
  C:4032H         LINE#         42
  C:4034H         LINE#         44
  C:4036H         LINE#         45
  C:4037H         LINE#         46
  C:4037H         LINE#         47
  C:403BH         LINE#         48
  C:403DH         LINE#         49
  C:4040H         LINE#         51
  C:4043H         LINE#         52
BL51 BANKED LINKER/LOCATER V6.22                                                      01/25/2019  12:22:06  PAGE 14


  C:4043H         LINE#         53
  C:4047H         LINE#         54
  C:4047H         LINE#         55
  C:4047H         LINE#         56
  C:404AH         LINE#         57
  C:404FH         LINE#         58
  C:4051H         LINE#         59
  -------         ENDPROC       SPI_RECEIVEBYTE
  -------         PROC          _SPI_READTIME
  D:0007H         SYMBOL        addr
  -------         DO            
  D:0006H         SYMBOL        dat
  -------         ENDDO         
  C:415CH         LINE#         61
  C:415CH         LINE#         62
  C:415CH         LINE#         64
  C:415EH         LINE#         65
  C:4160H         LINE#         66
  C:4167H         LINE#         67
  C:416AH         LINE#         68
  C:416CH         LINE#         69
  C:416CH         LINE#         70
  -------         ENDPROC       _SPI_READTIME
  -------         PROC          _SPI_WRITETIME
  D:0002H         SYMBOL        val
  D:0005H         SYMBOL        addr
  C:40C5H         LINE#         71
  C:40C7H         LINE#         72
  C:40C7H         LINE#         74
  C:40C9H         LINE#         75
  C:40D0H         LINE#         76
  C:40D5H         LINE#         77
  C:40DAH         LINE#         78
  C:40DCH         LINE#         79
  -------         ENDPROC       _SPI_WRITETIME
  -------         PROC          SPI_INIT
  C:41BCH         LINE#         83
  C:41BCH         LINE#         84
  C:41BCH         LINE#         89
  C:41BFH         LINE#         90
  C:41C2H         LINE#         91
  C:41C4H         LINE#         92
  C:41C6H         LINE#         93
  C:41C8H         LINE#         94
  -------         ENDPROC       SPI_INIT
  -------         PROC          _READ_TIME
  X:0308H         SYMBOL        months
  X:030BH         SYMBOL        days
  X:030EH         SYMBOL        hours
  X:0311H         SYMBOL        mins
  X:0314H         SYMBOL        seconds
  C:3CC0H         LINE#         96
  C:3CCBH         LINE#         97
  C:3CCBH         LINE#         99
  C:3CDFH         LINE#         101
  C:3CF3H         LINE#         103
  C:3D07H         LINE#         108
BL51 BANKED LINKER/LOCATER V6.22                                                      01/25/2019  12:22:06  PAGE 15


  C:3D1BH         LINE#         113
  -------         ENDPROC       _READ_TIME
  -------         PROC          _BCDTODEC
  D:0007H         SYMBOL        bcd
  -------         DO            
  D:0006H         SYMBOL        hi
  D:0007H         SYMBOL        lo
  -------         ENDDO         
  C:416DH         LINE#         119
  C:416DH         LINE#         120
  C:416DH         LINE#         122
  C:4172H         LINE#         123
  C:4176H         LINE#         124
  C:417DH         LINE#         125
  -------         ENDPROC       _BCDTODEC
  -------         PROC          _DAY_OF_YEAR
  D:0007H         SYMBOL        months_bcd
  D:0005H         SYMBOL        days_bcd
  -------         DO            
  D:0004H         SYMBOL        months
  D:0007H         SYMBOL        days
  -------         ENDDO         
  C:3BC7H         LINE#         126
  C:3BC7H         LINE#         127
  C:3BC7H         LINE#         130
  C:3BCCH         LINE#         132
  C:3BD1H         LINE#         134
  C:3C0AH         LINE#         135
  C:3C0AH         LINE#         136
  C:3C0AH         LINE#         137
  C:3C0DH         LINE#         138
  C:3C0DH         LINE#         139
  C:3C0DH         LINE#         140
  C:3C12H         LINE#         141
  C:3C12H         LINE#         142
  C:3C12H         LINE#         143
  C:3C17H         LINE#         144
  C:3C17H         LINE#         145
  C:3C17H         LINE#         146
  C:3C1CH         LINE#         147
  C:3C1CH         LINE#         148
  C:3C1CH         LINE#         149
  C:3C21H         LINE#         150
  C:3C21H         LINE#         151
  C:3C21H         LINE#         152
  C:3C26H         LINE#         153
  C:3C26H         LINE#         154
  C:3C26H         LINE#         155
  C:3C2BH         LINE#         156
  C:3C2BH         LINE#         157
  C:3C2BH         LINE#         158
  C:3C30H         LINE#         159
  C:3C30H         LINE#         160
  C:3C30H         LINE#         161
  C:3C38H         LINE#         162
  C:3C38H         LINE#         163
  C:3C38H         LINE#         164
BL51 BANKED LINKER/LOCATER V6.22                                                      01/25/2019  12:22:06  PAGE 16


  C:3C3DH         LINE#         165
  C:3C3DH         LINE#         166
  C:3C3DH         LINE#         167
  C:3C42H         LINE#         168
  C:3C42H         LINE#         169
  C:3C42H         LINE#         170
  C:3C4AH         LINE#         171
  C:3C4AH         LINE#         172
  C:3C4AH         LINE#         173
  -------         ENDPROC       _DAY_OF_YEAR
  -------         ENDMOD        PCF85063BTL

  -------         MODULE        UART1
  C:0000H         SYMBOL        _ICE_DUMMY_
  D:0080H         PUBLIC        P0
  D:0090H         PUBLIC        P1
  D:00A0H         PUBLIC        P2
  D:00B0H         PUBLIC        P3
  D:00C0H         PUBLIC        P4
  D:00C8H         PUBLIC        P5
  B:00A8H.7       PUBLIC        EA
  D:00E8H         PUBLIC        P6
  D:00F8H         PUBLIC        P7
  C:3F1BH         PUBLIC        _SendString
  D:00A8H         PUBLIC        IE
  B:00A8H.4       PUBLIC        ES
  D:00B8H         PUBLIC        IP
  C:40DDH         PUBLIC        _ASCIItoBCD
  D:00D8H         PUBLIC        CCON
  C:417EH         PUBLIC        initUART1
  D:0098H         PUBLIC        SCON
  D:0088H         PUBLIC        TCON
  C:000AH         PUBLIC        _DectoBCD
  C:4200H         PUBLIC        _ASCII_Letter
  D:008EH         PUBLIC        AUXR
  C:41FBH         PUBLIC        _unit
  C:0003H         PUBLIC        _ten
  D:00D6H         PUBLIC        T2H
  D:00D7H         PUBLIC        T2L
  D:00D0H         PUBLIC        PSW
  -------         PROC          INITUART1
  C:417EH         LINE#         21
  C:417EH         LINE#         22
  C:417EH         LINE#         23
  C:4181H         LINE#         24
  C:4184H         LINE#         25
  C:4187H         LINE#         26
  C:418AH         LINE#         27
  C:418CH         LINE#         28
  C:418EH         LINE#         30
  -------         ENDPROC       INITUART1
  -------         PROC          _SENDSTRING
  X:055AH         SYMBOL        s
  C:3F1BH         LINE#         35
  C:3F26H         LINE#         36
  C:3F26H         LINE#         37
  C:3F36H         LINE#         38
BL51 BANKED LINKER/LOCATER V6.22                                                      01/25/2019  12:22:06  PAGE 17


  C:3F36H         LINE#         39
  C:3F4BH         LINE#         40
  C:3F4DH         LINE#         41
  -------         ENDPROC       _SENDSTRING
  -------         PROC          _TEN
  D:0007H         SYMBOL        BCD
  C:0003H         LINE#         43
  C:0003H         LINE#         44
  C:0003H         LINE#         45
  C:0008H         LINE#         46
  -------         ENDPROC       _TEN
  -------         PROC          _UNIT
  D:0007H         SYMBOL        BCD
  C:41FBH         LINE#         47
  C:41FBH         LINE#         48
  C:41FBH         LINE#         52
  C:41FFH         LINE#         53
  -------         ENDPROC       _UNIT
  -------         PROC          _DECTOBCD
  D:0007H         SYMBOL        dec
  C:000AH         LINE#         54
  C:000AH         LINE#         55
  C:000AH         LINE#         57
  C:000AH         LINE#         58
  -------         ENDPROC       _DECTOBCD
  -------         PROC          _ASCII_LETTER
  D:0007H         SYMBOL        dat
  C:4200H         LINE#         60
  C:4200H         LINE#         61
  C:4200H         LINE#         63
  C:4204H         LINE#         64
  -------         ENDPROC       _ASCII_LETTER
  -------         PROC          _ASCIITOBCD
  D:0001H         SYMBOL        ascii
  -------         DO            
  D:0007H         SYMBOL        dec_val
  D:0006H         SYMBOL        ten
  D:0007H         SYMBOL        unit
  -------         ENDDO         
  C:40DDH         LINE#         66
  C:40DDH         LINE#         67
  C:40DDH         LINE#         69
  C:40E0H         LINE#         70
  C:40E6H         LINE#         71
  C:40EDH         LINE#         72
  C:40F3H         LINE#         74
  -------         ENDPROC       _ASCIITOBCD
  -------         ENDMOD        UART1

  -------         MODULE        LCD_DRIVER_SPLC780D
  C:0000H         SYMBOL        _ICE_DUMMY_
  D:0092H         PUBLIC        P1M0
  D:0091H         PUBLIC        P1M1
  D:0080H         PUBLIC        P0
  D:0090H         PUBLIC        P1
  D:00A0H         PUBLIC        P2
  D:00B0H         PUBLIC        P3
BL51 BANKED LINKER/LOCATER V6.22                                                      01/25/2019  12:22:06  PAGE 18


  D:00C0H         PUBLIC        P4
  D:00C8H         PUBLIC        P5
  D:00E8H         PUBLIC        P6
  D:00F8H         PUBLIC        P7
  C:3C4BH         PUBLIC        _WriteData
  D:00A8H         PUBLIC        IE
  D:00B8H         PUBLIC        IP
  D:00D8H         PUBLIC        CCON
  B:00B0H.4       PUBLIC        LCD_D4
  B:00B0H.5       PUBLIC        LCD_D5
  B:00B0H.6       PUBLIC        LCD_D6
  C:4070H         PUBLIC        _DisplayLCD
  B:00B0H.7       PUBLIC        LCD_D7
  D:0098H         PUBLIC        SCON
  D:0088H         PUBLIC        TCON
  C:41EBH         PUBLIC        LCD_clear
  C:3E60H         PUBLIC        _Command
  C:410AH         PUBLIC        _Display_Line
  C:3D2FH         PUBLIC        LCD_Init
  C:3FF4H         PUBLIC        _Wait_ms
  B:00C0H.0       PUBLIC        LCD_RS
  B:00B0H.2       PUBLIC        LCD_RW
  C:41E1H         PUBLIC        LCD_return_home
  B:00B0H.3       PUBLIC        LCD_E
  D:00D0H         PUBLIC        PSW
  -------         PROC          LCD_INIT
  C:3D2FH         LINE#         9
  C:3D2FH         LINE#         10
  C:3D2FH         LINE#         11
  C:3D32H         LINE#         12
  C:3D35H         LINE#         14
  C:3D3BH         LINE#         15
  C:3D40H         LINE#         17
  C:3D47H         LINE#         18
  C:3D4CH         LINE#         20
  C:3D4FH         LINE#         21
  C:3D54H         LINE#         23
  C:3D57H         LINE#         24
  C:3D5CH         LINE#         26
  C:3D63H         LINE#         29
  C:3D68H         LINE#         30
  C:3D6DH         LINE#         32
  C:3D72H         LINE#         33
  C:3D77H         LINE#         35
  C:3D7CH         LINE#         36
  C:3D81H         LINE#         37
  -------         ENDPROC       LCD_INIT
  -------         PROC          _WRITEDATA
  X:0312H         SYMBOL        dat
  C:3C4BH         LINE#         40
  C:3C50H         LINE#         41
  C:3C50H         LINE#         46
  C:3C52H         LINE#         47
  C:3C54H         LINE#         49
  C:3C62H         LINE#         50
  C:3C6EH         LINE#         51
  C:3C7AH         LINE#         52
BL51 BANKED LINKER/LOCATER V6.22                                                      01/25/2019  12:22:06  PAGE 19


  C:3C84H         LINE#         53
  C:3C86H         LINE#         54
  C:3C8DH         LINE#         55
  C:3C8FH         LINE#         57
  C:3C9FH         LINE#         58
  C:3CAAH         LINE#         59
  C:3CB4H         LINE#         60
  C:3CB8H         LINE#         62
  C:3CB8H         LINE#         63
  C:3CBBH         LINE#         64
  C:3CBDH         LINE#         65
  C:3CBFH         LINE#         67
  -------         ENDPROC       _WRITEDATA
  -------         PROC          _COMMAND
  D:0007H         SYMBOL        dat
  C:3E60H         LINE#         69
  C:3E60H         LINE#         70
  C:3E60H         LINE#         71
  C:3E62H         LINE#         72
  C:3E64H         LINE#         74
  C:3E6EH         LINE#         75
  C:3E72H         LINE#         77
  C:3E74H         LINE#         78
  C:3E7DH         LINE#         79
  C:3E81H         LINE#         81
  C:3E83H         LINE#         82
  C:3E8AH         LINE#         83
  C:3E8EH         LINE#         85
  C:3E90H         LINE#         86
  C:3E94H         LINE#         87
  C:3E98H         LINE#         89
  C:3E9AH         LINE#         90
  C:3E9AH         LINE#         91
  C:3E9DH         LINE#         92
  C:3E9FH         LINE#         93
  -------         ENDPROC       _COMMAND
  C:3FF0H         SYMBOL        L?0028
  -------         PROC          L?0027
  -------         ENDPROC       L?0027
  C:3FF0H         SYMBOL        L?0028
  -------         PROC          _WAIT_MS
  D:0006H         SYMBOL        ms
  -------         DO            
  D:0004H         SYMBOL        De_Cnt
  -------         ENDDO         
  C:3FF4H         LINE#         95
  C:3FF4H         LINE#         96
  C:3FF4H         LINE#         98
  C:3FFEH         LINE#         99
  C:3FFEH         LINE#         100
  C:4011H         LINE#         101
  C:4011H         LINE#         102
  -------         ENDPROC       _WAIT_MS
  -------         PROC          _DISPLAYLCD
  D:0007H         SYMBOL        BCD
  -------         DO            
  D:0006H         SYMBOL        first_digit
BL51 BANKED LINKER/LOCATER V6.22                                                      01/25/2019  12:22:06  PAGE 20


  X:0308H         SYMBOL        second_digit
  -------         ENDDO         
  C:4070H         LINE#         103
  C:4070H         LINE#         104
  C:4070H         LINE#         106
  C:4077H         LINE#         107
  C:4080H         LINE#         109
  C:4085H         LINE#         111
  -------         ENDPROC       _DISPLAYLCD
  -------         PROC          LCD_RETURN_HOME
  C:41E1H         LINE#         115
  C:41E1H         LINE#         116
  C:41E1H         LINE#         117
  C:41E6H         LINE#         118
  -------         ENDPROC       LCD_RETURN_HOME
  -------         PROC          LCD_CLEAR
  C:41EBH         LINE#         121
  C:41EBH         LINE#         122
  C:41EBH         LINE#         123
  C:41F0H         LINE#         124
  -------         ENDPROC       LCD_CLEAR
  -------         PROC          _DISPLAY_LINE
  D:0006H         SYMBOL        line
  C:410AH         LINE#         128
  C:410AH         LINE#         129
  C:410AH         LINE#         130
  C:4110H         LINE#         131
  C:4110H         LINE#         132
  C:4112H         LINE#         133
  C:4112H         LINE#         134
  C:4114H         LINE#         136
  C:4114H         LINE#         137
  C:4119H         LINE#         138
  C:411EH         LINE#         139
  C:411EH         LINE#         140
  -------         ENDPROC       _DISPLAY_LINE
  -------         ENDMOD        LCD_DRIVER_SPLC780D

  -------         MODULE        KEYPAD
  C:0000H         SYMBOL        _ICE_DUMMY_
  D:0093H         PUBLIC        P0M1
  D:0080H         PUBLIC        P0
  D:0090H         PUBLIC        P1
  D:00A0H         PUBLIC        P2
  D:00B0H         PUBLIC        P3
  D:00C0H         PUBLIC        P4
  D:00C8H         PUBLIC        P5
  B:0020H.0       PUBLIC        calib_mode
  D:00E8H         PUBLIC        P6
  D:00F8H         PUBLIC        P7
  D:00A8H         PUBLIC        IE
  C:2F68H         PUBLIC        Key_Scan
  D:00B8H         PUBLIC        IP
  D:00D8H         PUBLIC        CCON
  C:41C9H         PUBLIC        KeyPad_IO_Init
  C:4052H         PUBLIC        _Delay_ms
  D:0098H         PUBLIC        SCON
BL51 BANKED LINKER/LOCATER V6.22                                                      01/25/2019  12:22:06  PAGE 21


  D:0088H         PUBLIC        TCON
  B:0020H.1       PUBLIC        small_move
  B:0020H.2       PUBLIC        move
  B:0020H.3       PUBLIC        direction
  B:0020H.4       PUBLIC        auto_move
  C:2942H         PUBLIC        Key_Process
  D:00D0H         PUBLIC        PSW
  D:0094H         PUBLIC        P0M0
  -------         PROC          _DELAY_MS
  D:0006H         SYMBOL        ms
  -------         DO            
  D:0004H         SYMBOL        De_Cnt
  -------         ENDDO         
  C:4052H         LINE#         19
  C:4052H         LINE#         20
  C:4052H         LINE#         22
  C:405CH         LINE#         23
  C:405CH         LINE#         24
  C:406FH         LINE#         25
  C:406FH         LINE#         26
  -------         ENDPROC       _DELAY_MS
  -------         PROC          KEY_SCAN
  -------         DO            
  X:030EH         SYMBOL        KeyTemp1
  X:030FH         SYMBOL        KeyTemp2
  X:0310H         SYMBOL        KeyValue
  -------         ENDDO         
  C:2F68H         LINE#         27
  C:2F68H         LINE#         28
  C:2F68H         LINE#         33
  C:2F6BH         LINE#         36
  C:2F6EH         LINE#         38
  C:2F76H         LINE#         39
  C:2F7DH         LINE#         40
  C:2F7DH         LINE#         42
  C:2F82H         LINE#         43
  C:2F89H         LINE#         44
  C:2F89H         LINE#         47
  C:2F8CH         LINE#         48
  C:2F8FH         LINE#         49
  C:2F94H         LINE#         50
  C:2F98H         LINE#         51
  C:2F98H         LINE#         52
  C:2FA0H         LINE#         53
  C:2FA0H         LINE#         54
  C:2FA3H         LINE#         55
  C:2FABH         LINE#         56
  C:2FADH         LINE#         58
  C:2FC1H         LINE#         59
  C:2FC1H         LINE#         60
  C:2FC1H         LINE#         61
  C:2FC1H         LINE#         62
  C:2FC7H         LINE#         64
  C:2FC9H         LINE#         65
  C:2FC9H         LINE#         66
  C:2FC9H         LINE#         67
  C:2FCFH         LINE#         69
BL51 BANKED LINKER/LOCATER V6.22                                                      01/25/2019  12:22:06  PAGE 22


  C:2FD1H         LINE#         70
  C:2FD1H         LINE#         71
  C:2FD1H         LINE#         72
  C:2FD7H         LINE#         74
  C:2FD9H         LINE#         75
  C:2FD9H         LINE#         76
  C:2FD9H         LINE#         77
  C:2FDFH         LINE#         79
  C:2FDFH         LINE#         80
  C:2FDFH         LINE#         81
  C:2FDFH         LINE#         84
  C:2FE2H         LINE#         85
  C:2FE5H         LINE#         86
  C:2FEDH         LINE#         87
  C:2FF1H         LINE#         88
  C:2FF1H         LINE#         89
  C:2FF9H         LINE#         90
  C:2FF9H         LINE#         91
  C:2FFCH         LINE#         92
  C:3004H         LINE#         93
  C:3006H         LINE#         94
  C:301AH         LINE#         95
  C:301AH         LINE#         96
  C:301AH         LINE#         97
  C:301AH         LINE#         98
  C:3020H         LINE#         100
  C:3022H         LINE#         101
  C:3022H         LINE#         102
  C:3022H         LINE#         103
  C:3028H         LINE#         105
  C:302AH         LINE#         106
  C:302AH         LINE#         107
  C:302AH         LINE#         108
  C:3030H         LINE#         110
  C:3032H         LINE#         111
  C:3032H         LINE#         112
  C:3032H         LINE#         113
  C:3037H         LINE#         115
  C:3037H         LINE#         116
  C:3037H         LINE#         117
  C:3037H         LINE#         120
  C:303AH         LINE#         121
  C:303DH         LINE#         122
  C:3045H         LINE#         123
  C:3049H         LINE#         124
  C:3049H         LINE#         125
  C:3051H         LINE#         126
  C:3051H         LINE#         127
  C:3054H         LINE#         128
  C:305CH         LINE#         129
  C:305EH         LINE#         130
  C:3072H         LINE#         131
  C:3072H         LINE#         132
  C:3072H         LINE#         133
  C:3072H         LINE#         134
  C:3078H         LINE#         136
  C:307AH         LINE#         137
BL51 BANKED LINKER/LOCATER V6.22                                                      01/25/2019  12:22:06  PAGE 23


  C:307AH         LINE#         138
  C:307AH         LINE#         139
  C:3080H         LINE#         141
  C:3082H         LINE#         142
  C:3082H         LINE#         143
  C:3082H         LINE#         144
  C:3088H         LINE#         146
  C:308AH         LINE#         147
  C:308AH         LINE#         148
  C:308AH         LINE#         149
  C:3090H         LINE#         151
  C:3090H         LINE#         152
  C:3090H         LINE#         153
  C:3090H         LINE#         157
  C:3093H         LINE#         158
  C:3096H         LINE#         159
  C:309EH         LINE#         160
  C:30A2H         LINE#         161
  C:30A2H         LINE#         162
  C:30AAH         LINE#         163
  C:30AAH         LINE#         164
  C:30ADH         LINE#         165
  C:30B5H         LINE#         166
  C:30B7H         LINE#         167
  C:30CBH         LINE#         168
  C:30CBH         LINE#         169
  C:30CBH         LINE#         170
  C:30CBH         LINE#         171
  C:30D1H         LINE#         173
  C:30D3H         LINE#         174
  C:30D3H         LINE#         175
  C:30D3H         LINE#         176
  C:30D9H         LINE#         178
  C:30DBH         LINE#         179
  C:30DBH         LINE#         180
  C:30DBH         LINE#         181
  C:30E1H         LINE#         183
  C:30E3H         LINE#         184
  C:30E3H         LINE#         185
  C:30E3H         LINE#         186
  C:30E9H         LINE#         188
  C:30E9H         LINE#         189
  C:30E9H         LINE#         190
  C:30E9H         LINE#         192
  C:30EFH         LINE#         193
  C:30EFH         LINE#         195
  C:30EFH         LINE#         196
  C:30F2H         LINE#         197
  C:30F2H         LINE#         198
  C:30F2H         LINE#         200
  C:30F2H         LINE#         201
  C:30F4H         LINE#         202
  C:30F4H         LINE#         203
  -------         ENDPROC       KEY_SCAN
  -------         PROC          KEY_PROCESS
  -------         DO            
  X:0548H         SYMBOL        KeyCount
BL51 BANKED LINKER/LOCATER V6.22                                                      01/25/2019  12:22:06  PAGE 24


  X:054AH         SYMBOL        KeyNum_Old
  X:054BH         SYMBOL        KeyNum
  X:054CH         SYMBOL        PressedKey
  X:0308H         SYMBOL        d
  D:0004H         SYMBOL        hours
  D:0006H         SYMBOL        mins
  X:030AH         SYMBOL        months
  X:030CH         SYMBOL        days
  -------         ENDDO         
  C:2942H         LINE#         204
  C:2942H         LINE#         205
  C:2942H         LINE#         209
  C:294AH         LINE#         210
  C:2952H         LINE#         212
  C:2955H         LINE#         213
  C:2955H         LINE#         214
  C:2958H         LINE#         216
  C:2958H         LINE#         217
  C:2965H         LINE#         218
  C:2965H         LINE#         219
  C:2968H         LINE#         220
  C:296BH         LINE#         222
  C:296EH         LINE#         224
  C:296EH         LINE#         225
  C:2979H         LINE#         226
  C:2979H         LINE#         227
  C:297CH         LINE#         229
  C:297CH         LINE#         230
  C:2983H         LINE#         231
  C:2983H         LINE#         232
  C:2986H         LINE#         234
  C:2986H         LINE#         235
  C:298EH         LINE#         236
  C:298EH         LINE#         237
  C:2998H         LINE#         238
  C:29A0H         LINE#         240
  C:29A9H         LINE#         242
  C:29A9H         LINE#         251
  C:29BEH         LINE#         252
  C:29BEH         LINE#         253
  C:29D0H         LINE#         254
  C:29DEH         LINE#         255
  C:29EDH         LINE#         256
  C:29EDH         LINE#         258
  C:29F3H         LINE#         262
  C:2A09H         LINE#         263
  C:2A1AH         LINE#         264
  C:2A35H         LINE#         265
  C:2A35H         LINE#         266
  C:2A45H         LINE#         267
  C:2A56H         LINE#         268
  C:2A56H         LINE#         272
  C:2A6FH         LINE#         273
  C:2A86H         LINE#         274
  C:2AA6H         LINE#         275
  C:2AA6H         LINE#         276
  C:2AB0H         LINE#         277
BL51 BANKED LINKER/LOCATER V6.22                                                      01/25/2019  12:22:06  PAGE 25


  C:2AB0H         LINE#         278
  C:2AB9H         LINE#         279
  C:2AB9H         LINE#         280
  C:2ACDH         LINE#         281
  C:2ACDH         LINE#         282
  C:2ACDH         LINE#         283
  C:2ACDH         LINE#         284
  C:2ACDH         LINE#         285
  C:2ACFH         LINE#         287
  C:2ACFH         LINE#         288
  C:2ADBH         LINE#         289
  C:2ADBH         LINE#         290
  C:2AECH         LINE#         291
  C:2AECH         LINE#         292
  C:2AECH         LINE#         293
  C:2AECH         LINE#         294
  C:2AECH         LINE#         296
  C:2AEEH         LINE#         298
  C:2AEEH         LINE#         299
  C:2AFFH         LINE#         300
  C:2AFFH         LINE#         301
  C:2AFFH         LINE#         302
  C:2AFFH         LINE#         303
  C:2AFFH         LINE#         305
  C:2AFFH         LINE#         307
  C:2AFFH         LINE#         308
  C:2B01H         LINE#         310
  C:2B01H         LINE#         311
  C:2B14H         LINE#         312
  C:2B14H         LINE#         313
  C:2B25H         LINE#         314
  C:2B25H         LINE#         315
  C:2B25H         LINE#         316
  C:2B25H         LINE#         317
  C:2B25H         LINE#         318
  C:2B27H         LINE#         320
  C:2B27H         LINE#         321
  C:2B38H         LINE#         322
  C:2B38H         LINE#         323
  C:2B49H         LINE#         324
  C:2B5AH         LINE#         325
  C:2B5AH         LINE#         326
  C:2B5AH         LINE#         327
  C:2B5AH         LINE#         328
  C:2B5AH         LINE#         329
  C:2B5DH         LINE#         330
  C:2B62H         LINE#         331
  C:2B67H         LINE#         332
  C:2B6CH         LINE#         333
  C:2B71H         LINE#         334
  C:2B76H         LINE#         335
  C:2B7BH         LINE#         336
  C:2B80H         LINE#         337
  C:2B80H         LINE#         339
  C:2BA2H         LINE#         340
  C:2BA2H         LINE#         341
  C:2BACH         LINE#         342
BL51 BANKED LINKER/LOCATER V6.22                                                      01/25/2019  12:22:06  PAGE 26


  C:2BACH         LINE#         343
  C:2BB1H         LINE#         344
  C:2BBAH         LINE#         345
  C:2BD1H         LINE#         346
  C:2BD1H         LINE#         347
  C:2BE1H         LINE#         349
  C:2BE1H         LINE#         353
  -------         ENDPROC       KEY_PROCESS
  -------         PROC          KEYPAD_IO_INIT
  C:41C9H         LINE#         356
  C:41C9H         LINE#         357
  C:41C9H         LINE#         358
  C:41CCH         LINE#         359
  C:41CFH         LINE#         360
  C:41D2H         LINE#         361
  C:41D4H         LINE#         362
  -------         ENDPROC       KEYPAD_IO_INIT
  -------         ENDMOD        KEYPAD

  -------         MODULE        BIPOLARMOTOR
  C:0000H         SYMBOL        _ICE_DUMMY_
  D:0080H         PUBLIC        P0
  D:0090H         PUBLIC        P1
  X:0000H         PUBLIC        RX_pos_test
  D:00A0H         PUBLIC        P2
  D:00B0H         PUBLIC        P3
  D:00C0H         PUBLIC        P4
  D:00C8H         PUBLIC        P5
  D:00E8H         PUBLIC        P6
  D:00F8H         PUBLIC        P7
  X:00A0H         PUBLIC        low_date_azimuth_mapping
  D:00A8H         PUBLIC        IE
  C:36BFH         PUBLIC        linear_interpolate
  C:3F79H         PUBLIC        _Move
  D:00B8H         PUBLIC        IP
  C:2C15H         PUBLIC        _findDet3x3
  C:2682H         PUBLIC        _findDet4x4
  D:00D8H         PUBLIC        CCON
  X:00C8H         PUBLIC        previous_move_time
  D:0098H         PUBLIC        SCON
  D:0088H         PUBLIC        TCON
  C:4205H         PUBLIC        wait
  C:3EA0H         PUBLIC        _Step_move
  X:00C9H         PUBLIC        dat
  C:000EH         PUBLIC        _Update_position
  C:3D88H         PUBLIC        vOneStepMove
  X:00CFH         PUBLIC        elevation_stamp
  X:00FBH         PUBLIC        date_azimuth_mapping
  X:0123H         PUBLIC        RX_pos
  C:40B4H         PUBLIC        _BCDtoDec1
  X:02DBH         PUBLIC        degree
  X:02DFH         PUBLIC        elevation_stamp_test
  D:00D0H         PUBLIC        PSW
  -------         PROC          L?0058
  -------         ENDPROC       L?0058
  -------         PROC          _BCDTODEC1
  D:0007H         SYMBOL        bcd
BL51 BANKED LINKER/LOCATER V6.22                                                      01/25/2019  12:22:06  PAGE 27


  -------         DO            
  D:0006H         SYMBOL        hi
  D:0007H         SYMBOL        lo
  -------         ENDDO         
  C:40B4H         LINE#         28
  C:40B4H         LINE#         29
  C:40B4H         LINE#         31
  C:40B9H         LINE#         32
  C:40BDH         LINE#         33
  C:40C4H         LINE#         34
  -------         ENDPROC       _BCDTODEC1
  -------         PROC          WAIT
  C:4205H         LINE#         36
  C:4205H         LINE#         38
  -------         ENDPROC       WAIT
  -------         PROC          VONESTEPMOVE
  B:0020H.7       SYMBOL        bDir
  C:3D88H         LINE#         40
  C:3D88H         LINE#         41
  C:3D88H         LINE#         43
  C:3D8EH         LINE#         44
  C:3D8EH         LINE#         45
  C:3D91H         LINE#         46
  C:3D9AH         LINE#         47
  C:3DA1H         LINE#         48
  C:3DA6H         LINE#         49
  C:3DA6H         LINE#         50
  C:3DA6H         LINE#         52
  C:3DA8H         LINE#         55
  C:3DA8H         LINE#         56
  C:3DABH         LINE#         57
  C:3DB4H         LINE#         58
  C:3DBBH         LINE#         59
  C:3DC1H         LINE#         60
  C:3DCAH         LINE#         61
  C:3DD1H         LINE#         62
  C:3DD1H         LINE#         66
  -------         ENDPROC       VONESTEPMOVE
  -------         PROC          _STEP_MOVE
  X:03A4H         SYMBOL        step
  B:0020H.6       SYMBOL        dir
  -------         DO            
  X:03A6H         SYMBOL        i
  -------         ENDDO         
  C:3EA0H         LINE#         68
  C:3EA8H         LINE#         69
  C:3EA8H         LINE#         71
  C:3EADH         LINE#         74
  C:3EC8H         LINE#         75
  C:3EC8H         LINE#         76
  C:3ECFH         LINE#         78
  C:3EDFH         LINE#         80
  -------         ENDPROC       _STEP_MOVE
  -------         PROC          _MOVE
  X:03A0H         SYMBOL        distance
  B:0020H.5       SYMBOL        direction
  -------         DO            
BL51 BANKED LINKER/LOCATER V6.22                                                      01/25/2019  12:22:06  PAGE 28


  D:0006H         SYMBOL        step
  -------         ENDDO         
  C:3F79H         LINE#         82
  C:3F7FH         LINE#         83
  C:3F7FH         LINE#         86
  C:3F9AH         LINE#         87
  -------         ENDPROC       _MOVE
  C:2BF6H         SYMBOL        L?0054
  C:2C0AH         SYMBOL        L?0055
  -------         PROC          L?0053
  -------         ENDPROC       L?0053
  C:2BF6H         SYMBOL        L?0054
  C:2C0AH         SYMBOL        L?0055
  -------         PROC          _FINDDET3X3
  X:0524H         SYMBOL        a11
  X:0528H         SYMBOL        a12
  X:052CH         SYMBOL        a13
  X:0530H         SYMBOL        a21
  X:0534H         SYMBOL        a22
  X:0538H         SYMBOL        a23
  X:053CH         SYMBOL        a31
  X:0540H         SYMBOL        a32
  X:0544H         SYMBOL        a33
  C:2C15H         LINE#         91
  C:2C1BH         LINE#         95
  C:2C1BH         LINE#         96
  C:2DB2H         LINE#         98
  -------         ENDPROC       _FINDDET3X3
  -------         PROC          _FINDDET4X4
  X:04E4H         SYMBOL        a11
  X:04E8H         SYMBOL        a12
  X:04ECH         SYMBOL        a13
  X:04F0H         SYMBOL        a14
  X:04F4H         SYMBOL        a21
  X:04F8H         SYMBOL        a22
  X:04FCH         SYMBOL        a23
  X:0500H         SYMBOL        a24
  X:0504H         SYMBOL        a31
  X:0508H         SYMBOL        a32
  X:050CH         SYMBOL        a33
  X:0510H         SYMBOL        a34
  X:0514H         SYMBOL        a41
  X:0518H         SYMBOL        a42
  X:051CH         SYMBOL        a43
  X:0520H         SYMBOL        a44
  C:2682H         LINE#         99
  C:2688H         LINE#         103
  C:2688H         LINE#         110
  C:2941H         LINE#         114
  -------         ENDPROC       _FINDDET4X4
  C:36AEH         SYMBOL        L?0057
  -------         PROC          L?0056
  -------         ENDPROC       L?0056
  C:36AEH         SYMBOL        L?0057
  -------         PROC          LINEAR_INTERPOLATE
  X:03A7H         SYMBOL        p1
  X:03AFH         SYMBOL        p2
BL51 BANKED LINKER/LOCATER V6.22                                                      01/25/2019  12:22:06  PAGE 29


  X:03B7H         SYMBOL        x
  -------         DO            
  D:0004H         SYMBOL        fx
  -------         ENDDO         
  C:36BFH         LINE#         120
  C:36BFH         LINE#         121
  C:36BFH         LINE#         124
  C:375EH         LINE#         126
  C:375EH         LINE#         127
  -------         ENDPROC       LINEAR_INTERPOLATE
  -------         PROC          _UPDATE_POSITION
  D:0001H         SYMBOL        mnths
  D:0002H         SYMBOL        dys
  X:031EH         SYMBOL        hurs
  X:031FH         SYMBOL        mns
  X:0320H         SYMBOL        sconds
  X:0321H         SYMBOL        currnt_pos
  X:0324H         SYMBOL        offset_calib
  -------         DO            
  X:0328H         SYMBOL        date
  X:032AH         SYMBOL        i
  X:032CH         SYMBOL        yy
  X:032EH         SYMBOL        desired_distance
  X:0332H         SYMBOL        distance
  X:0336H         SYMBOL        JP_pos
  X:033AH         SYMBOL        pos_interpolate_azimuth
  X:0362H         SYMBOL        current_local_sun_time
  X:0366H         SYMBOL        azimuth
  X:036AH         SYMBOL        elevation
  X:036EH         SYMBOL        time_offset
  X:0372H         SYMBOL        UTC_time
  X:0376H         SYMBOL        declination
  X:037AH         SYMBOL        p1
  X:0382H         SYMBOL        p2
  X:038AH         SYMBOL        time
  X:039CH         SYMBOL        location
  X:03A4H         SYMBOL        sunCoord
  -------         ENDDO         
  C:000EH         LINE#         131
  C:0017H         LINE#         134
  C:0017H         LINE#         135
  C:0022H         LINE#         137
  C:003EH         LINE#         138
  C:0048H         LINE#         146
  C:0052H         LINE#         147
  C:005CH         LINE#         148
  C:0066H         LINE#         149
  C:0071H         LINE#         150
  C:007CH         LINE#         151
  C:0095H         LINE#         152
  C:00A6H         LINE#         153
  C:00B5H         LINE#         156
  C:00C9H         LINE#         160
  C:011BH         LINE#         161
  C:027FH         LINE#         162
  C:02CFH         LINE#         164
  C:03F7H         LINE#         166
BL51 BANKED LINKER/LOCATER V6.22                                                      01/25/2019  12:22:06  PAGE 30


  C:04C6H         LINE#         173
  C:04D0H         LINE#         174
  C:04D0H         LINE#         176
  C:04EAH         LINE#         177
  C:04EAH         LINE#         178
  C:055AH         LINE#         179
  C:055AH         LINE#         180
  C:0561H         LINE#         181
  C:0561H         LINE#         182
  C:058EH         LINE#         183
  C:05A9H         LINE#         185
  C:05F0H         LINE#         186
  C:0624H         LINE#         188
  C:066AH         LINE#         189
  C:068DH         LINE#         191
  C:068DH         LINE#         193
  C:0703H         LINE#         194
  C:0703H         LINE#         195
  C:070AH         LINE#         196
  C:070AH         LINE#         197
  C:0737H         LINE#         198
  C:0752H         LINE#         200
  C:0799H         LINE#         201
  C:07CDH         LINE#         203
  C:0813H         LINE#         204
  C:0833H         LINE#         206
  C:0833H         LINE#         207
  C:0844H         LINE#         210
  C:085EH         LINE#         211
  C:085EH         LINE#         212
  C:08CEH         LINE#         213
  C:08CEH         LINE#         214
  C:08FBH         LINE#         215
  C:0916H         LINE#         217
  C:0943H         LINE#         218
  C:095EH         LINE#         220
  C:0990H         LINE#         223
  C:0990H         LINE#         225
  C:09A1H         LINE#         227
  C:09D0H         LINE#         229
  C:09F5H         LINE#         230
  C:0A1EH         LINE#         231
  C:0A1EH         LINE#         237
  C:0A3AH         LINE#         238
  C:0A3AH         LINE#         239
  C:0A3AH         LINE#         242
  -------         ENDPROC       _UPDATE_POSITION
  -------         ENDMOD        BIPOLARMOTOR

  -------         MODULE        SUNPOS
  C:0000H         SYMBOL        _ICE_DUMMY_
  C:1B8BH         PUBLIC        sunpos
  -------         PROC          SUNPOS
  X:03A7H         SYMBOL        udtTime
  X:03B9H         SYMBOL        udtLocation
  X:03C1H         SYMBOL        udtSunCoordinates
  -------         DO            
BL51 BANKED LINKER/LOCATER V6.22                                                      01/25/2019  12:22:06  PAGE 31


  X:03C4H         SYMBOL        dElapsedJulianDays
  X:03C8H         SYMBOL        dDecimalHours
  X:03CCH         SYMBOL        dEclipticLongitude
  X:03D0H         SYMBOL        dEclipticObliquity
  X:03D4H         SYMBOL        dRightAscension
  X:03D8H         SYMBOL        dDeclination
  X:03DCH         SYMBOL        dY
  X:03E0H         SYMBOL        dX
  -------         DO            
  X:03E4H         SYMBOL        dJulianDate
  X:03E8H         SYMBOL        liAux1
  X:03ECH         SYMBOL        liAux2
  X:03E4H         SYMBOL        dMeanLongitude
  X:03E8H         SYMBOL        dMeanAnomaly
  X:03ECH         SYMBOL        dOmega
  X:03E4H         SYMBOL        dSin_EclipticLongitude
  X:03E4H         SYMBOL        dGreenwichMeanSiderealTime
  X:03E8H         SYMBOL        dLocalMeanSiderealTime
  X:03ECH         SYMBOL        dLatitudeInRadians
  X:03F0H         SYMBOL        dHourAngle
  X:03F4H         SYMBOL        dCos_Latitude
  X:03F8H         SYMBOL        dSin_Latitude
  X:03FCH         SYMBOL        dCos_HourAngle
  X:0400H         SYMBOL        dParallax
  -------         ENDDO         
  -------         DO            
  X:03E4H         SYMBOL        dMeanLongitude
  X:03E8H         SYMBOL        dMeanAnomaly
  X:03ECH         SYMBOL        dOmega
  X:03E4H         SYMBOL        dSin_EclipticLongitude
  X:03E4H         SYMBOL        dGreenwichMeanSiderealTime
  X:03E8H         SYMBOL        dLocalMeanSiderealTime
  X:03ECH         SYMBOL        dLatitudeInRadians
  X:03F0H         SYMBOL        dHourAngle
  X:03F4H         SYMBOL        dCos_Latitude
  X:03F8H         SYMBOL        dSin_Latitude
  X:03FCH         SYMBOL        dCos_HourAngle
  X:0400H         SYMBOL        dParallax
  -------         ENDDO         
  -------         DO            
  X:03E4H         SYMBOL        dSin_EclipticLongitude
  X:03E4H         SYMBOL        dGreenwichMeanSiderealTime
  X:03E8H         SYMBOL        dLocalMeanSiderealTime
  X:03ECH         SYMBOL        dLatitudeInRadians
  X:03F0H         SYMBOL        dHourAngle
  X:03F4H         SYMBOL        dCos_Latitude
  X:03F8H         SYMBOL        dSin_Latitude
  X:03FCH         SYMBOL        dCos_HourAngle
  X:0400H         SYMBOL        dParallax
  -------         ENDDO         
  -------         DO            
  X:03E4H         SYMBOL        dGreenwichMeanSiderealTime
  X:03E8H         SYMBOL        dLocalMeanSiderealTime
  X:03ECH         SYMBOL        dLatitudeInRadians
  X:03F0H         SYMBOL        dHourAngle
  X:03F4H         SYMBOL        dCos_Latitude
  X:03F8H         SYMBOL        dSin_Latitude
BL51 BANKED LINKER/LOCATER V6.22                                                      01/25/2019  12:22:06  PAGE 32


  X:03FCH         SYMBOL        dCos_HourAngle
  X:0400H         SYMBOL        dParallax
  -------         ENDDO         
  -------         ENDDO         
  C:1B8BH         LINE#         6
  C:1B8BH         LINE#         7
  C:1B8BH         LINE#         9
  C:1B8BH         LINE#         27
  C:1BD5H         LINE#         30
  C:1BF6H         LINE#         31
  C:1D3DH         LINE#         34
  C:1D89H         LINE#         36
  C:1DA8H         LINE#         37
  C:1DA8H         LINE#         42
  C:1DA8H         LINE#         46
  C:1DDAH         LINE#         47
  C:1E04H         LINE#         48
  C:1E2EH         LINE#         49
  C:1EDBH         LINE#         52
  C:1F3CH         LINE#         54
  C:1F3CH         LINE#         59
  C:1F3CH         LINE#         61
  C:1F53H         LINE#         62
  C:1F7BH         LINE#         63
  C:1F92H         LINE#         64
  C:1FBDH         LINE#         65
  C:1FF4H         LINE#         66
  C:201FH         LINE#         67
  C:201FH         LINE#         70
  C:201FH         LINE#         79
  C:205AH         LINE#         82
  C:2094H         LINE#         84
  C:20B9H         LINE#         85
  C:20D8H         LINE#         86
  C:20EFH         LINE#         87
  C:2106H         LINE#         88
  C:211DH         LINE#         89
  C:21A6H         LINE#         91
  C:21C0H         LINE#         92
  C:2222H         LINE#         93
  C:2258H         LINE#         94
  C:226AH         LINE#         95
  C:2297H         LINE#         96
  C:22C4H         LINE#         98
  C:22E6H         LINE#         100
  C:231EH         LINE#         103
  C:231EH         LINE#         104
  C:232CH         LINE#         105
  -------         ENDPROC       SUNPOS
  -------         ENDMOD        SUNPOS

  -------         MODULE        ADC
  C:0000H         SYMBOL        _ICE_DUMMY_
  D:0092H         PUBLIC        P1M0
  D:0091H         PUBLIC        P1M1
  D:0080H         PUBLIC        P0
  D:0090H         PUBLIC        P1
BL51 BANKED LINKER/LOCATER V6.22                                                      01/25/2019  12:22:06  PAGE 33


  D:00A0H         PUBLIC        P2
  D:00B0H         PUBLIC        P3
  D:00C0H         PUBLIC        P4
  D:00C8H         PUBLIC        P5
  D:00E8H         PUBLIC        P6
  D:00F8H         PUBLIC        P7
  D:00A8H         PUBLIC        IE
  D:00BDH         PUBLIC        ADC_RES
  D:00B8H         PUBLIC        IP
  D:0097H         PUBLIC        CLK_DIV
  D:00D8H         PUBLIC        CCON
  D:00BCH         PUBLIC        ADC_CONTR
  D:0098H         PUBLIC        SCON
  D:0088H         PUBLIC        TCON
  B:00A0H.4       PUBLIC        P24
  B:00A0H.5       PUBLIC        P25
  B:00A0H.6       PUBLIC        P26
  C:408DH         PUBLIC        ADC_Init
  C:3FC8H         PUBLIC        _ADC_GetResult
  D:009DH         PUBLIC        P1ASF
  D:00BEH         PUBLIC        ADC_RESL
  D:00D0H         PUBLIC        PSW
  -------         PROC          ADC_INIT
  C:408DH         LINE#         7
  C:408DH         LINE#         8
  C:408DH         LINE#         10
  C:408FH         LINE#         11
  C:4091H         LINE#         12
  C:4093H         LINE#         13
  C:4096H         LINE#         14
  C:4099H         LINE#         15
  C:409CH         LINE#         16
  C:409FH         LINE#         18
  C:40A1H         LINE#         19
  C:40A4H         LINE#         21
  -------         ENDPROC       ADC_INIT
  -------         PROC          _ADC_GETRESULT
  D:0007H         SYMBOL        ch
  -------         DO            
  D:0006H         SYMBOL        ADC_Value
  -------         ENDDO         
  C:3FC8H         LINE#         26
  C:3FC8H         LINE#         27
  C:3FC8H         LINE#         29
  C:3FCDH         LINE#         30
  C:3FCEH         LINE#         31
  C:3FCFH         LINE#         32
  C:3FD0H         LINE#         33
  C:3FD1H         LINE#         34
  C:3FD6H         LINE#         35
  C:3FD9H         LINE#         36
  C:3FDDH         LINE#         37
  C:3FEDH         LINE#         38
  C:3FEDH         LINE#         39
  -------         ENDPROC       _ADC_GETRESULT
  -------         ENDMOD        ADC

BL51 BANKED LINKER/LOCATER V6.22                                                      01/25/2019  12:22:06  PAGE 34


  -------         MODULE        CALIBRATION
  C:0000H         SYMBOL        _ICE_DUMMY_
  D:0080H         PUBLIC        P0
  D:0090H         PUBLIC        P1
  D:00A0H         PUBLIC        P2
  D:00B0H         PUBLIC        P3
  D:00C0H         PUBLIC        P4
  D:00C8H         PUBLIC        P5
  D:00E8H         PUBLIC        P6
  D:00F8H         PUBLIC        P7
  C:3A10H         PUBLIC        _Max_Value
  D:00A8H         PUBLIC        IE
  C:34DDH         PUBLIC        _calibration
  C:375FH         PUBLIC        voltage_is_stable
  D:00B8H         PUBLIC        IP
  D:00D8H         PUBLIC        CCON
  D:0098H         PUBLIC        SCON
  D:0088H         PUBLIC        TCON
  C:327DH         PUBLIC        _Find_Real_Max
  D:00D0H         PUBLIC        PSW
  -------         PROC          VOLTAGE_IS_STABLE
  -------         DO            
  X:031CH         SYMBOL        sample_voltage
  X:0330H         SYMBOL        i
  X:0332H         SYMBOL        ch
  -------         ENDDO         
  C:375FH         LINE#         17
  C:375FH         LINE#         18
  C:375FH         LINE#         20
  C:3766H         LINE#         21
  C:376CH         LINE#         22
  C:376CH         LINE#         23
  C:3795H         LINE#         24
  C:37B4H         LINE#         26
  C:37CEH         LINE#         27
  C:37CEH         LINE#         28
  C:3801H         LINE#         29
  C:3805H         LINE#         30
  C:3815H         LINE#         31
  C:3819H         LINE#         32
  -------         ENDPROC       VOLTAGE_IS_STABLE
  -------         PROC          _FIND_REAL_MAX
  X:031CH         SYMBOL        current_position
  -------         DO            
  X:031FH         SYMBOL        ch
  X:0320H         SYMBOL        calib_step_move
  X:0324H         SYMBOL        voltage_at_scanned_pos
  X:039CH         SYMBOL        max_location
  X:039EH         SYMBOL        i
  -------         ENDDO         
  C:327DH         LINE#         33
  C:3288H         LINE#         34
  C:3288H         LINE#         35
  C:328BH         LINE#         36
  C:3293H         LINE#         40
  C:329AH         LINE#         41
  C:329AH         LINE#         42
BL51 BANKED LINKER/LOCATER V6.22                                                      01/25/2019  12:22:06  PAGE 35


  C:32ADH         LINE#         43
[...]
  X:0318H         SYMBOL        JP_max_pos
  -------         ENDDO         
  C:34DDH         LINE#         84
  C:34E8H         LINE#         87
  C:34E8H         LINE#         88
  C:34F2H         LINE#         89
  C:3506H         LINE#         91
  C:3510H         LINE#         92
  C:3510H         LINE#         94
  C:3546H         LINE#         95
  C:3564H         LINE#         97
  C:356DH         LINE#         98
  C:3590H         LINE#         99
  C:35ACH         LINE#         100
  C:35BBH         LINE#         101
  C:35BBH         LINE#         103
  C:35C0H         LINE#         104
  -------         ENDPROC       _CALIBRATION
  -------         ENDMOD        CALIBRATION
BL51 BANKED LINKER/LOCATER V6.22                                                      01/25/2019  12:22:06  PAGE 36



  -------         MODULE        IOEXPANDER_PI4IOE5V96248
  C:0000H         SYMBOL        _ICE_DUMMY_
  D:0080H         PUBLIC        P0
  B:00C8H.4       PUBLIC        I2C_SCK
  D:0090H         PUBLIC        P1
  D:00A0H         PUBLIC        P2
  D:00B0H         PUBLIC        P3
  D:00C0H         PUBLIC        P4
  D:00C8H         PUBLIC        P5
  D:00E8H         PUBLIC        P6
  D:00F8H         PUBLIC        P7
  D:00A8H         PUBLIC        IE
  D:00B8H         PUBLIC        IP
  D:00D8H         PUBLIC        CCON
  C:418FH         PUBLIC        I2C_Start
  D:0098H         PUBLIC        SCON
  D:0088H         PUBLIC        TCON
  C:381AH         PUBLIC        _Write_PI4IOE5V96248
  C:419EH         PUBLIC        uC_NACK
  C:3F5BH         PUBLIC        _Wait_ms_i2c
  C:3FA6H         PUBLIC        _I2C_SendByte
  C:411FH         PUBLIC        I2C_Stop
  C:4206H         PUBLIC        nop
  C:41F5H         PUBLIC        uC_ACK
  C:40F4H         PUBLIC        I2C_ACK
  B:00C0H.7       PUBLIC        I2C_SDA
  D:00D0H         PUBLIC        PSW
  C:3F55H         SYMBOL        L?0031
  C:3F57H         SYMBOL        L?0032
  -------         PROC          L?0030
  -------         ENDPROC       L?0030
  C:3F55H         SYMBOL        L?0031
  C:3F57H         SYMBOL        L?0032
  -------         PROC          _WAIT_MS_I2C
  D:0006H         SYMBOL        ms
  -------         DO            
  D:0004H         SYMBOL        De_Cnt
  -------         ENDDO         
  C:3F5BH         LINE#         7
  C:3F5BH         LINE#         8
  C:3F5BH         LINE#         10
  C:3F65H         LINE#         11
  C:3F65H         LINE#         12
  C:3F78H         LINE#         13
  C:3F78H         LINE#         14
  -------         ENDPROC       _WAIT_MS_I2C
  -------         PROC          NOP
  C:4206H         LINE#         16
  C:4206H         LINE#         17
  C:4206H         LINE#         19
  -------         ENDPROC       NOP
  -------         PROC          I2C_START
  C:418FH         LINE#         20
  C:418FH         LINE#         21
  C:418FH         LINE#         23
  C:4191H         LINE#         24
BL51 BANKED LINKER/LOCATER V6.22                                                      01/25/2019  12:22:06  PAGE 37


  C:4193H         LINE#         25
  C:4196H         LINE#         26
  C:4198H         LINE#         27
  C:419BH         LINE#         28
  C:419DH         LINE#         31
  -------         ENDPROC       I2C_START
  -------         PROC          I2C_STOP
  C:411FH         LINE#         33
  C:411FH         LINE#         34
  C:411FH         LINE#         35
  C:4121H         LINE#         36
  C:4123H         LINE#         37
  C:4126H         LINE#         38
  C:4128H         LINE#         39
  C:412AH         LINE#         40
  C:4131H         LINE#         41
  C:4133H         LINE#         44
  -------         ENDPROC       I2C_STOP
  -------         PROC          I2C_ACK
  -------         DO            
  X:03ABH         SYMBOL        i
  D:0003H         SYMBOL        dat
  -------         ENDDO         
  C:40F4H         LINE#         46
  C:40F4H         LINE#         47
  C:40F4H         LINE#         49
  C:40F5H         LINE#         54
  C:40F8H         LINE#         55
  C:40FAH         LINE#         56
  C:40FDH         LINE#         58
  C:4100H         LINE#         59
  C:4100H         LINE#         60
  C:4104H         LINE#         61
  C:4104H         LINE#         64
  C:4104H         LINE#         65
  C:4107H         LINE#         66
  C:4107H         LINE#         67
  C:4109H         LINE#         68
  -------         ENDPROC       I2C_ACK
  -------         PROC          UC_ACK
  -------         DO            
  X:055DH         SYMBOL        i
  -------         ENDDO         
  C:41F5H         LINE#         69
  C:41F5H         LINE#         70
  C:41F5H         LINE#         72
  C:41F5H         LINE#         79
  C:41F5H         LINE#         81
  C:41F5H         LINE#         83
  C:41F5H         LINE#         84
  C:41F5H         LINE#         87
  C:41F8H         LINE#         88
  C:41FAH         LINE#         89
  C:41FAH         LINE#         93
  -------         ENDPROC       UC_ACK
  -------         PROC          UC_NACK
  -------         DO            
BL51 BANKED LINKER/LOCATER V6.22                                                      01/25/2019  12:22:06  PAGE 38


  X:055EH         SYMBOL        i
  -------         ENDDO         
  C:419EH         LINE#         95
  C:419EH         LINE#         96
  C:419EH         LINE#         98
  C:419EH         LINE#         102
  C:41A0H         LINE#         105
  C:41A0H         LINE#         106
  C:41A2H         LINE#         107
  C:41A2H         LINE#         109
  C:41A2H         LINE#         110
  C:41A2H         LINE#         113
  C:41A5H         LINE#         114
  C:41A7H         LINE#         115
  C:41AAH         LINE#         116
  C:41ACH         LINE#         117
  C:41ACH         LINE#         121
  -------         ENDPROC       UC_NACK
  C:3FA2H         SYMBOL        L?0034
  -------         PROC          L?0033
  -------         ENDPROC       L?0033
  C:3FA2H         SYMBOL        L?0034
  -------         PROC          _I2C_SENDBYTE
  D:0001H         SYMBOL        dat
  -------         DO            
  D:0003H         SYMBOL        i
  -------         ENDDO         
  C:3FA6H         LINE#         125
  C:3FA8H         LINE#         126
  C:3FA8H         LINE#         129
  C:3FAAH         LINE#         130
  C:3FAAH         LINE#         131
  C:3FACH         LINE#         133
  C:3FB0H         LINE#         134
  C:3FB0H         LINE#         135
  C:3FB2H         LINE#         136
  C:3FB4H         LINE#         138
  C:3FB4H         LINE#         139
  C:3FB6H         LINE#         140
  C:3FB6H         LINE#         141
  C:3FB9H         LINE#         142
  C:3FBBH         LINE#         144
  C:3FBFH         LINE#         145
  C:3FC2H         LINE#         146
  C:3FC7H         LINE#         147
  -------         ENDPROC       _I2C_SENDBYTE
  -------         PROC          _WRITE_PI4IOE5V96248
  X:03A8H         SYMBOL        xdat
  C:381AH         LINE#         148
  C:3825H         LINE#         149
  C:3825H         LINE#         150
  C:3828H         LINE#         151
  C:382FH         LINE#         152
  C:3834H         LINE#         153
  C:383AH         LINE#         154
  C:383AH         LINE#         155
  C:384CH         LINE#         156
BL51 BANKED LINKER/LOCATER V6.22                                                      01/25/2019  12:22:06  PAGE 39


  C:384CH         LINE#         158
  C:3852H         LINE#         159
  C:3852H         LINE#         160
  C:3862H         LINE#         161
  C:3862H         LINE#         162
  C:3868H         LINE#         163
  C:3868H         LINE#         164
  C:3878H         LINE#         165
  C:3878H         LINE#         166
  C:387EH         LINE#         167
  C:387EH         LINE#         168
  C:388FH         LINE#         169
  C:388FH         LINE#         171
  C:3895H         LINE#         172
  C:3895H         LINE#         173
  C:38A6H         LINE#         174
  C:38A6H         LINE#         175
  C:38ACH         LINE#         176
  C:38ACH         LINE#         177
  C:38BDH         LINE#         178
  C:38BDH         LINE#         180
  C:38C3H         LINE#         181
  C:38C6H         LINE#         182
  -------         ENDPROC       _WRITE_PI4IOE5V96248
  -------         ENDMOD        IOEXPANDER_PI4IOE5V96248

  -------         MODULE        ?C_STARTUP
  C:3B3BH         SEGMENT       ?C_C51STARTUP
  I:0022H         SEGMENT       ?STACK
  C:0000H         PUBLIC        ?C_STARTUP
  D:00E0H         SYMBOL        ACC
  D:00F0H         SYMBOL        B
  D:0083H         SYMBOL        DPH
  D:0082H         SYMBOL        DPL
  N:0000H         SYMBOL        IBPSTACK
  N:0100H         SYMBOL        IBPSTACKTOP
  N:0080H         SYMBOL        IDATALEN
  C:3B3EH         SYMBOL        IDATALOOP
  N:0000H         SYMBOL        PBPSTACK
  N:0100H         SYMBOL        PBPSTACKTOP
  N:0000H         SYMBOL        PDATALEN
  N:0000H         SYMBOL        PDATASTART
  N:0000H         SYMBOL        PPAGE
  N:0000H         SYMBOL        PPAGEENABLE
  D:00A0H         SYMBOL        PPAGE_SFR
  D:0081H         SYMBOL        SP
  C:3B3BH         SYMBOL        STARTUP1
  N:0000H         SYMBOL        XBPSTACK
  N:0000H         SYMBOL        XBPSTACKTOP
  N:0000H         SYMBOL        XDATALEN
  N:0000H         SYMBOL        XDATASTART
  C:0000H         LINE#         126
  C:3B3BH         LINE#         133
  C:3B3DH         LINE#         134
  C:3B3EH         LINE#         135
  C:3B3FH         LINE#         136
  C:3B41H         LINE#         185
BL51 BANKED LINKER/LOCATER V6.22                                                      01/25/2019  12:22:06  PAGE 40


  C:3B44H         LINE#         196
  -------         ENDMOD        ?C_STARTUP

  -------         MODULE        ?C?FPADD
  C:0A42H         PUBLIC        ?C?FPADD
  C:0A3EH         PUBLIC        ?C?FPSUB
  -------         ENDMOD        ?C?FPADD

  -------         MODULE        ?C?FPMUL
  C:0B33H         PUBLIC        ?C?FPMUL
  -------         ENDMOD        ?C?FPMUL

  -------         MODULE        ?C?FPDIV
  C:0C3CH         PUBLIC        ?C?FPDIV
  -------         ENDMOD        ?C?FPDIV

  -------         MODULE        ?C?FPCMP
  C:0CDBH         PUBLIC        ?C?FPCMP
  C:0CD9H         PUBLIC        ?C?FPCMP3
  -------         ENDMOD        ?C?FPCMP

  -------         MODULE        ?C?FPNEG
  C:0D52H         PUBLIC        ?C?FPNEG
  -------         ENDMOD        ?C?FPNEG

  -------         MODULE        ?C?FCAST
  C:0D6DH         PUBLIC        ?C?FCASTC
  C:0D68H         PUBLIC        ?C?FCASTI
  C:0D63H         PUBLIC        ?C?FCASTL
  -------         ENDMOD        ?C?FCAST

  -------         MODULE        ?C?CASTF
  C:0DA1H         PUBLIC        ?C?CASTF
  -------         ENDMOD        ?C?CASTF

  -------         MODULE        ATAN2
  X:0404H         PUBLIC        ?_atan2?BYTE
  C:3973H         PUBLIC        _atan2
  -------         ENDMOD        ATAN2

  -------         MODULE        SIN
  C:313DH         PUBLIC        _COS
  C:3153H         PUBLIC        _SIN
  C:318FH         PUBLIC        _TAN
  -------         ENDMOD        SIN

  -------         MODULE        ACOS
  C:3DD2H         PUBLIC        _ACOS
  -------         ENDMOD        ACOS

  -------         MODULE        ASIN
  C:3EE0H         PUBLIC        _ASIN
  -------         ENDMOD        ASIN

  -------         MODULE        SQRT
  C:38CBH         PUBLIC        _SQRT
  -------         ENDMOD        SQRT
BL51 BANKED LINKER/LOCATER V6.22                                                      01/25/2019  12:22:06  PAGE 41



  -------         MODULE        ATAN
  C:33DBH         PUBLIC        _ATAN
  -------         ENDMOD        ATAN

  -------         MODULE        ?C?COPY
  C:0F3FH         PUBLIC        ?C?COPY
  -------         ENDMOD        ?C?COPY

  -------         MODULE        ?C?CLDPTR
  C:0F65H         PUBLIC        ?C?CLDPTR
  -------         ENDMOD        ?C?CLDPTR

  -------         MODULE        ?C?CLDOPTR
  C:0F7EH         PUBLIC        ?C?CLDOPTR
  -------         ENDMOD        ?C?CLDOPTR

  -------         MODULE        ?C?CSTPTR
  C:0FABH         PUBLIC        ?C?CSTPTR
  -------         ENDMOD        ?C?CSTPTR

  -------         MODULE        ?C?IMUL
  C:0FBDH         PUBLIC        ?C?IMUL
  -------         ENDMOD        ?C?IMUL

  -------         MODULE        ?C?UIDIV
  C:0FCFH         PUBLIC        ?C?UIDIV
  -------         ENDMOD        ?C?UIDIV

  -------         MODULE        ?C?SIDIV
  C:1024H         PUBLIC        ?C?SIDIV
  -------         ENDMOD        ?C?SIDIV

  -------         MODULE        ?C?ILDIX
  C:105AH         PUBLIC        ?C?ILDIX
  -------         ENDMOD        ?C?ILDIX

  -------         MODULE        ?C?ILDOPTR
  C:1070H         PUBLIC        ?C?ILDOPTR
  -------         ENDMOD        ?C?ILDOPTR

  -------         MODULE        ?C?LMUL
  C:10A8H         PUBLIC        ?C?LMUL
  -------         ENDMOD        ?C?LMUL

  -------         MODULE        ?C?SLDIV
  C:3E1CH         PUBLIC        ?C?SLDIV
  -------         ENDMOD        ?C?SLDIV

  -------         MODULE        ?C?LNEG
  C:10F7H         PUBLIC        ?C?LNEG
  -------         ENDMOD        ?C?LNEG

  -------         MODULE        ?C?LLDPTR
  C:1105H         PUBLIC        ?C?LLDPTR
  -------         ENDMOD        ?C?LLDPTR

BL51 BANKED LINKER/LOCATER V6.22                                                      01/25/2019  12:22:06  PAGE 42


  -------         MODULE        ?C?LLDOPTR
  C:1125H         PUBLIC        ?C?LLDOPTR
  -------         ENDMOD        ?C?LLDOPTR

  -------         MODULE        ?C?LSTPTR
  C:1155H         PUBLIC        ?C?LSTPTR
  -------         ENDMOD        ?C?LSTPTR

  -------         MODULE        ?C?LSTOPTR
  C:116FH         PUBLIC        ?C?LSTOPTR
  -------         ENDMOD        ?C?LSTOPTR

  -------         MODULE        ?C?LLDXDATA
  C:1193H         PUBLIC        ?C?LLDXDATA
  -------         ENDMOD        ?C?LLDXDATA

  -------         MODULE        ?C?LLDCODE
  C:119FH         PUBLIC        ?C?LLDCODE
  -------         ENDMOD        ?C?LLDCODE

  -------         MODULE        ?C?LLDXDATA0
  C:11AFH         PUBLIC        ?C?LLDXDATA0
  -------         ENDMOD        ?C?LLDXDATA0

  -------         MODULE        ?C?LLDCODE0
  C:11BBH         PUBLIC        ?C?LLDCODE0
  -------         ENDMOD        ?C?LLDCODE0

  -------         MODULE        ?C?LLDPTR0
  C:11CBH         PUBLIC        ?C?LLDPTR0
  -------         ENDMOD        ?C?LLDPTR0

  -------         MODULE        ?C?LSTXDATA
  C:11EBH         PUBLIC        ?C?LSTXDATA
  -------         ENDMOD        ?C?LSTXDATA

  -------         MODULE        ?C?LSTKXDATA
  C:11F7H         PUBLIC        ?C?LSTKXDATA
  -------         ENDMOD        ?C?LSTKXDATA

  -------         MODULE        ?C?OFFXADD
  C:1228H         PUBLIC        ?C?OFFXADD
  -------         ENDMOD        ?C?OFFXADD

  -------         MODULE        ABS
  C:41D5H         PUBLIC        _ABS
  -------         ENDMOD        ABS

  -------         MODULE        ATOI
  C:35C1H         PUBLIC        _atoi
  -------         ENDMOD        ATOI

  -------         MODULE        ?C?IILDX
  C:1234H         PUBLIC        ?C?IILDX
  -------         ENDMOD        ?C?IILDX

  -------         MODULE        ?C?ULDIV
BL51 BANKED LINKER/LOCATER V6.22                                                      01/25/2019  12:22:06  PAGE 43


  C:1286H         PUBLIC        ?C?ULDIV
  -------         ENDMOD        ?C?ULDIV

  -------         MODULE        ?C?LLDIDATA
  C:1318H         PUBLIC        ?C?LLDIDATA
  -------         ENDMOD        ?C?LLDIDATA

  -------         MODULE        ?C?LLDPDATA
  C:1324H         PUBLIC        ?C?LLDPDATA
  -------         ENDMOD        ?C?LLDPDATA

  -------         MODULE        ?C?LLDIDATA0
  C:1330H         PUBLIC        ?C?LLDIDATA0
  -------         ENDMOD        ?C?LLDIDATA0

  -------         MODULE        ?C?LLDPDATA0
  C:133DH         PUBLIC        ?C?LLDPDATA0
  -------         ENDMOD        ?C?LLDPDATA0

  -------         MODULE        ?C?LSTIDATA
  C:134AH         PUBLIC        ?C?LSTIDATA
  -------         ENDMOD        ?C?LSTIDATA

  -------         MODULE        ?C?LSTPDATA
  C:1356H         PUBLIC        ?C?LSTPDATA
  -------         ENDMOD        ?C?LSTPDATA

  -------         MODULE        ISDIGIT
  C:41ADH         PUBLIC        _isdigit
  -------         ENDMOD        ISDIGIT

  -------         MODULE        ISSPACE
  C:4148H         PUBLIC        _isspace
  -------         ENDMOD        ISSPACE

*** WARNING L16: UNCALLED SEGMENT, IGNORED FOR OVERLAY PROCESS
    SEGMENT: ?PR?_DISPLAY_PROX?MAIN

*** WARNING L16: UNCALLED SEGMENT, IGNORED FOR OVERLAY PROCESS
    SEGMENT: ?PR?_DAY_OF_YEAR?PCF85063BTL

*** WARNING L16: UNCALLED SEGMENT, IGNORED FOR OVERLAY PROCESS
    SEGMENT: ?PR?INITUART1?UART1

*** WARNING L16: UNCALLED SEGMENT, IGNORED FOR OVERLAY PROCESS
    SEGMENT: ?PR?_SENDSTRING?UART1

*** WARNING L16: UNCALLED SEGMENT, IGNORED FOR OVERLAY PROCESS
    SEGMENT: ?PR?_TEN?UART1

*** WARNING L16: UNCALLED SEGMENT, IGNORED FOR OVERLAY PROCESS
    SEGMENT: ?PR?_UNIT?UART1

*** WARNING L16: UNCALLED SEGMENT, IGNORED FOR OVERLAY PROCESS
    SEGMENT: ?PR?_DECTOBCD?UART1

*** WARNING L16: UNCALLED SEGMENT, IGNORED FOR OVERLAY PROCESS
BL51 BANKED LINKER/LOCATER V6.22                                                      01/25/2019  12:22:06  PAGE 44


    SEGMENT: ?PR?_ASCII_LETTER?UART1

*** WARNING L16: UNCALLED SEGMENT, IGNORED FOR OVERLAY PROCESS
    SEGMENT: ?PR?_ASCIITOBCD?UART1

*** WARNING L16: UNCALLED SEGMENT, IGNORED FOR OVERLAY PROCESS
    SEGMENT: ?PR?WAIT?BIPOLARMOTOR

*** WARNING L16: UNCALLED SEGMENT, IGNORED FOR OVERLAY PROCESS
    SEGMENT: ?PR?_FINDDET4X4?BIPOLARMOTOR

*** WARNING L16: UNCALLED SEGMENT, IGNORED FOR OVERLAY PROCESS
    SEGMENT: ?PR?NOP?IOEXPANDER_PI4IOE5V96248

*** WARNING L16: UNCALLED SEGMENT, IGNORED FOR OVERLAY PROCESS
    SEGMENT: ?PR?UC_ACK?IOEXPANDER_PI4IOE5V96248

*** WARNING L16: UNCALLED SEGMENT, IGNORED FOR OVERLAY PROCESS
    SEGMENT: ?PR?UC_NACK?IOEXPANDER_PI4IOE5V96248

*** WARNING L1: UNRESOLVED EXTERNAL SYMBOL
    SYMBOL:  AUTO_MODE
    MODULE:  .\Obj\main.obj (MAIN)

*** WARNING L2: REFERENCE MADE TO UNRESOLVED EXTERNAL
    SYMBOL:  AUTO_MODE
    MODULE:  .\Obj\main.obj (MAIN)
    ADDRESS: 137CH

*** WARNING L2: REFERENCE MADE TO UNRESOLVED EXTERNAL
    SYMBOL:  AUTO_MODE
    MODULE:  .\Obj\main.obj (MAIN)
    ADDRESS: 14E7H

*** WARNING L2: REFERENCE MADE TO UNRESOLVED EXTERNAL
    SYMBOL:  AUTO_MODE
    MODULE:  .\Obj\main.obj (MAIN)
    ADDRESS: 14F5H

*** WARNING L2: REFERENCE MADE TO UNRESOLVED EXTERNAL
    SYMBOL:  AUTO_MODE
    MODULE:  .\Obj\main.obj (MAIN)
    ADDRESS: 1507H

*** WARNING L2: REFERENCE MADE TO UNRESOLVED EXTERNAL
    SYMBOL:  AUTO_MODE
    MODULE:  .\Obj\main.obj (MAIN)
    ADDRESS: 1549H

*** WARNING L2: REFERENCE MADE TO UNRESOLVED EXTERNAL
    SYMBOL:  AUTO_MODE
    MODULE:  .\Obj\main.obj (MAIN)
    ADDRESS: 161CH

*** WARNING L1: UNRESOLVED EXTERNAL SYMBOL
    SYMBOL:  _SENDUART1
    MODULE:  .\Obj\UART1.obj (UART1)
BL51 BANKED LINKER/LOCATER V6.22                                                      01/25/2019  12:22:06  PAGE 45



*** WARNING L2: REFERENCE MADE TO UNRESOLVED EXTERNAL
    SYMBOL:  _SENDUART1
    MODULE:  .\Obj\UART1.obj (UART1)
    ADDRESS: 3F49H

*** WARNING L1: UNRESOLVED EXTERNAL SYMBOL
    SYMBOL:  AUTO_MODE
    MODULE:  .\Obj\KeyPad.obj (KEYPAD)

*** WARNING L2: REFERENCE MADE TO UNRESOLVED EXTERNAL
    SYMBOL:  AUTO_MODE
    MODULE:  .\Obj\KeyPad.obj (KEYPAD)
    ADDRESS: 298FH

*** WARNING L2: REFERENCE MADE TO UNRESOLVED EXTERNAL
    SYMBOL:  AUTO_MODE
    MODULE:  .\Obj\KeyPad.obj (KEYPAD)
    ADDRESS: 299AH

*** WARNING L2: REFERENCE MADE TO UNRESOLVED EXTERNAL
    SYMBOL:  AUTO_MODE
    MODULE:  .\Obj\KeyPad.obj (KEYPAD)
    ADDRESS: 29A1H

Program Size: data=10.2 xdata=1375 code=16903
LINK/LOCATE RUN COMPLETE.  27 WARNING(S),  0 ERROR(S)
