BL51 BANKED LINKER/LOCATER V6.22                                                        02/25/2019  15:31:56  PAGE 1


BL51 BANKED LINKER/LOCATER V6.22, INVOKED BY:
C:\KEIL_V5\C51\BIN\BL51.EXE .\Obj\main.obj, .\Obj\PCF85063BTL.obj, .\Obj\UART1.obj, .\Obj\LCd_Driver_SPLC780D.obj, .\Obj
>> \KeyPad.obj, .\Obj\BipolarMotor.obj, .\Obj\SunPos.obj, .\Obj\ADC.obj, .\Obj\Calibration.obj, .\Obj\IOExpander_PI4IOE5
>> V96248.obj, .\Obj\AT25SF041.obj, .\Obj\STARTUP.obj TO .\Obj\GPIO_RTC_Test PRINT (.\Lis\GPIO_RTC_Test.m51) RAMSIZE (25
>> 6)


MEMORY MODEL: LARGE WITH FLOATING POINT ARITHMETIC


INPUT MODULES INCLUDED:
  .\Obj\main.obj (MAIN)
  .\Obj\PCF85063BTL.obj (PCF85063BTL)
  .\Obj\UART1.obj (UART1)
  .\Obj\LCd_Driver_SPLC780D.obj (LCD_DRIVER_SPLC780D)
  .\Obj\KeyPad.obj (KEYPAD)
  .\Obj\BipolarMotor.obj (BIPOLARMOTOR)
  .\Obj\SunPos.obj (SUNPOS)
  .\Obj\ADC.obj (ADC)
  .\Obj\Calibration.obj (CALIBRATION)
  .\Obj\IOExpander_PI4IOE5V96248.obj (IOEXPANDER_PI4IOE5V96248)
  .\Obj\AT25SF041.obj (AT25SF041)
  .\Obj\STARTUP.obj (?C_STARTUP)
  C:\KEIL_V5\C51\LIB\C51FPL.LIB (?C?FPADD)
  C:\KEIL_V5\C51\LIB\C51FPL.LIB (?C?FPMUL)
  C:\KEIL_V5\C51\LIB\C51FPL.LIB (?C?FPDIV)
  C:\KEIL_V5\C51\LIB\C51FPL.LIB (?C?FPCMP)
  C:\KEIL_V5\C51\LIB\C51FPL.LIB (?C?FPNEG)
  C:\KEIL_V5\C51\LIB\C51FPL.LIB (?C?FCAST)
  C:\KEIL_V5\C51\LIB\C51FPL.LIB (?C?CASTF)
  C:\KEIL_V5\C51\LIB\C51FPL.LIB (ATAN2)
  C:\KEIL_V5\C51\LIB\C51FPL.LIB (SIN)
  C:\KEIL_V5\C51\LIB\C51FPL.LIB (ACOS)
  C:\KEIL_V5\C51\LIB\C51FPL.LIB (ASIN)
  C:\KEIL_V5\C51\LIB\C51FPL.LIB (?C?FPGETOPN)
  C:\KEIL_V5\C51\LIB\C51FPL.LIB (?C?FPSERIES)
  C:\KEIL_V5\C51\LIB\C51FPL.LIB (SQRT)
  C:\KEIL_V5\C51\LIB\C51FPL.LIB (ATAN)
  C:\KEIL_V5\C51\LIB\C51L.LIB (?C_INIT)
  C:\KEIL_V5\C51\LIB\C51L.LIB (?C?COPY)
  C:\KEIL_V5\C51\LIB\C51L.LIB (?C?CLDPTR)
  C:\KEIL_V5\C51\LIB\C51L.LIB (?C?CLDOPTR)
  C:\KEIL_V5\C51\LIB\C51L.LIB (?C?CSTPTR)
  C:\KEIL_V5\C51\LIB\C51L.LIB (?C?IMUL)
  C:\KEIL_V5\C51\LIB\C51L.LIB (?C?UIDIV)
  C:\KEIL_V5\C51\LIB\C51L.LIB (?C?SIDIV)
  C:\KEIL_V5\C51\LIB\C51L.LIB (?C?ILDIX)
  C:\KEIL_V5\C51\LIB\C51L.LIB (?C?ILDOPTR)
  C:\KEIL_V5\C51\LIB\C51L.LIB (?C?ISTPTR)
  C:\KEIL_V5\C51\LIB\C51L.LIB (?C?LMUL)
  C:\KEIL_V5\C51\LIB\C51L.LIB (?C?SLDIV)
  C:\KEIL_V5\C51\LIB\C51L.LIB (?C?LNEG)
  C:\KEIL_V5\C51\LIB\C51L.LIB (?C?ULCMP)
  C:\KEIL_V5\C51\LIB\C51L.LIB (?C?LSHL)
  C:\KEIL_V5\C51\LIB\C51L.LIB (?C?LLDPTR)
  C:\KEIL_V5\C51\LIB\C51L.LIB (?C?LLDOPTR)
  C:\KEIL_V5\C51\LIB\C51L.LIB (?C?LSTPTR)
  C:\KEIL_V5\C51\LIB\C51L.LIB (?C?LSTOPTR)
BL51 BANKED LINKER/LOCATER V6.22                                                      02/25/2019  15:31:56  PAGE 2


  C:\KEIL_V5\C51\LIB\C51L.LIB (?C?LLDXDATA)
  C:\KEIL_V5\C51\LIB\C51L.LIB (?C?LLDCODE)
  C:\KEIL_V5\C51\LIB\C51L.LIB (?C?LLDXDATA0)
  C:\KEIL_V5\C51\LIB\C51L.LIB (?C?LLDCODE0)
  C:\KEIL_V5\C51\LIB\C51L.LIB (?C?LLDPTR0)
  C:\KEIL_V5\C51\LIB\C51L.LIB (?C?LSTXDATA)
  C:\KEIL_V5\C51\LIB\C51L.LIB (?C?LSTKXDATA)
  C:\KEIL_V5\C51\LIB\C51L.LIB (?C?LSTKPTR)
  C:\KEIL_V5\C51\LIB\C51L.LIB (?C?OFFXADD)
  C:\KEIL_V5\C51\LIB\C51L.LIB (ABS)
  C:\KEIL_V5\C51\LIB\C51L.LIB (ATOI)
  C:\KEIL_V5\C51\LIB\C51L.LIB (?C?IILDX)
  C:\KEIL_V5\C51\LIB\C51L.LIB (?C?ULDIV)
  C:\KEIL_V5\C51\LIB\C51L.LIB (?C?LLDIDATA)
  C:\KEIL_V5\C51\LIB\C51L.LIB (?C?LLDPDATA)
  C:\KEIL_V5\C51\LIB\C51L.LIB (?C?LLDIDATA0)
  C:\KEIL_V5\C51\LIB\C51L.LIB (?C?LLDPDATA0)
  C:\KEIL_V5\C51\LIB\C51L.LIB (?C?LSTIDATA)
  C:\KEIL_V5\C51\LIB\C51L.LIB (?C?LSTPDATA)
  C:\KEIL_V5\C51\LIB\C51L.LIB (?C?LSTKIDATA)
  C:\KEIL_V5\C51\LIB\C51L.LIB (?C?LSTKPDATA)
  C:\KEIL_V5\C51\LIB\C51L.LIB (ISDIGIT)
  C:\KEIL_V5\C51\LIB\C51L.LIB (ISSPACE)


LINK MAP OF MODULE:  .\Obj\GPIO_RTC_Test (MAIN)


            TYPE    BASE      LENGTH    RELOCATION   SEGMENT NAME
            -----------------------------------------------------

            * * * * * * *   D A T A   M E M O R Y   * * * * * * *
            REG     0000H     0008H     ABSOLUTE     "REG BANK 0"
                    0008H     0018H                  *** GAP ***
            BIT     0020H.0   0000H.5   UNIT         ?BI?KEYPAD
            BIT     0020H.5   0000H.3   UNIT         _BIT_GROUP_
            BIT     0021H.0   0000H.1   UNIT         ?BI?MAIN
            BIT     0021H.1   0000H.1   UNIT         ?BI?_ATOI?ATOI
                    0021H.2   0000H.6                *** GAP ***
            IDATA   0022H     0001H     UNIT         ?STACK

            * * * * * * *  X D A T A   M E M O R Y  * * * * * * *
            XDATA   0000H     038FH     UNIT         ?XD?BIPOLARMOTOR
            XDATA   038FH     0144H     UNIT         _XDATA_GROUP_
            XDATA   04D3H     00D8H     UNIT         ?XD?MAIN
            XDATA   05ABH     0040H     UNIT         ?XD?_FINDDET4X4?BIPOLARMOTOR
            XDATA   05EBH     0024H     UNIT         ?XD?_FINDDET3X3?BIPOLARMOTOR
            XDATA   060FH     0009H     UNIT         ?XD?KEYPAD
            XDATA   0618H     0008H     UNIT         ?XD?_AT25SF041_READ?AT25SF041
            XDATA   0620H     0005H     UNIT         ?XD?_ATOI?ATOI
            XDATA   0625H     0004H     UNIT         ?XD?_DISPLAY_PROX?MAIN
            XDATA   0629H     0003H     UNIT         ?XD?_SENDSTRING?UART1
            XDATA   062CH     0001H     UNIT         ?XD?UC_ACK?IOEXPANDER_PI4IOE5V96248
            XDATA   062DH     0001H     UNIT         ?XD?UC_NACK?IOEXPANDER_PI4IOE5V96248

            * * * * * * *   C O D E   M E M O R Y   * * * * * * *
            CODE    0000H     0003H     ABSOLUTE     
BL51 BANKED LINKER/LOCATER V6.22                                                      02/25/2019  15:31:56  PAGE 3


            CODE    0003H     0006H     UNIT         ?PR?_TEN?UART1
            CODE    0009H     0001H     UNIT         ?PR?TM0_ISR?MAIN
            CODE    000AH     0001H     UNIT         ?PR?_DECTOBCD?UART1
            CODE    000BH     0003H     ABSOLUTE     
            CODE    000EH     0B00H     UNIT         ?PR?_UPDATE_POSITION?BIPOLARMOTOR
            CODE    0B0EH     0A58H     UNIT         ?PR?MAIN?MAIN
            CODE    1566H     09B6H     UNIT         ?C?LIB_CODE
            CODE    1F1CH     07A2H     UNIT         ?PR?SUNPOS?SUNPOS
            CODE    26BEH     03F9H     UNIT         ?C_INITSEG
            CODE    2AB7H     0309H     UNIT         ?PR?_FIND_REAL_MAX?CALIBRATION
            CODE    2DC0H     02C0H     UNIT         ?PR?_FINDDET4X4?BIPOLARMOTOR
            CODE    3080H     02A0H     UNIT         ?PR?KEY_PROCESS?KEYPAD
            CODE    3320H     01D1H     UNIT         ?PR?_FINDDET3X3?BIPOLARMOTOR
            CODE    34F1H     018DH     UNIT         ?PR?KEY_SCAN?KEYPAD
            CODE    367EH     0188H     UNIT         ?PR?SIN?SIN
            CODE    3806H     0172H     UNIT         ?PR?_DISPLAY_POS?MAIN
            CODE    3978H     015BH     UNIT         ?PR?_CALIBRATION?CALIBRATION
            CODE    3AD3H     0122H     UNIT         ?PR?ATAN?ATAN
            CODE    3BF5H     010DH     UNIT         ?PR?_AT25SF041_READ?AT25SF041
            CODE    3D02H     00F8H     UNIT         ?PR?_AT25SF041_WRITE?AT25SF041
            CODE    3DFAH     00DBH     UNIT         ?PR?_ATOI?ATOI
            CODE    3ED5H     00C3H     UNIT         ?PR?LINEAR_INTERPOLATE?BIPOLARMOTOR
            CODE    3F98H     00BBH     UNIT         ?PR?VOLTAGE_IS_STABLE?CALIBRATION
            CODE    4053H     00ADH     UNIT         ?PR?_WRITE_PI4IOE5V96248?IOEXPANDER_PI4IOE5V96248
            CODE    4100H     00ACH     UNIT         ?PR?SQRT?SQRT
            CODE    41ACH     00A1H     UNIT         ?PR?UCREAD_STATUS_REGISTER_BYTE1?AT25SF041
            CODE    424DH     009DH     UNIT         ?PR?_ATAN2?ATAN2
            CODE    42EAH     009CH     UNIT         ?PR?_MAX_VALUE?CALIBRATION
            CODE    4386H     0095H     UNIT         ?PR?_DISPLAY_PROX?MAIN
            CODE    441BH     008CH     UNIT         ?C_C51STARTUP
            CODE    44A7H     0084H     UNIT         ?PR?_DAY_OF_YEAR?PCF85063BTL
            CODE    452BH     0075H     UNIT         ?PR?_WRITEDATA?LCD_DRIVER_SPLC780D
            CODE    45A0H     006FH     UNIT         ?PR?_READ_TIME?PCF85063BTL
            CODE    460FH     005AH     UNIT         ?PR?AT25SF041_CHIPERASE?AT25SF041
            CODE    4669H     0059H     UNIT         ?PR?LCD_INIT?LCD_DRIVER_SPLC780D
            CODE    46C2H     004DH     UNIT         ?PR?AT25SF041_WRITEENABLE?AT25SF041
            CODE    470FH     004AH     UNIT         ?PR?VONESTEPMOVE?BIPOLARMOTOR
            CODE    4759H     004AH     UNIT         ?PR?ACOS?ACOS
            CODE    47A3H     0044H     UNIT         ?C?LDIV
            CODE    47E7H     0040H     UNIT         ?PR?_COMMAND?LCD_DRIVER_SPLC780D
            CODE    4827H     0040H     UNIT         ?PR?_STEP_MOVE?BIPOLARMOTOR
            CODE    4867H     003BH     UNIT         ?PR?ASIN?ASIN
            CODE    48A2H     0033H     UNIT         ?PR?_SENDSTRING?UART1
            CODE    48D5H     002CH     UNIT         ?PR?_ADC_GETRESULT?ADC
            CODE    4901H     002BH     UNIT         ?PR?_WAIT_MS_I2C?IOEXPANDER_PI4IOE5V96248
            CODE    492CH     002BH     UNIT         ?PR?_WAIT_MS_SPINOR?AT25SF041
            CODE    4957H     0028H     UNIT         ?PR?_MOVE?BIPOLARMOTOR
            CODE    497FH     0027H     UNIT         ?PR?_I2C_SENDBYTE?IOEXPANDER_PI4IOE5V96248
            CODE    49A6H     0024H     UNIT         ?PR?_WAIT_MS?LCD_DRIVER_SPLC780D
            CODE    49CAH     0020H     UNIT         ?PR?_SPI_SENDBYTE?PCF85063BTL
            CODE    49EAH     0020H     UNIT         ?PR?SPI_RECEIVEBYTE?PCF85063BTL
            CODE    4A0AH     001FH     UNIT         ?PR?ADC_INIT?ADC
            CODE    4A29H     001EH     UNIT         ?PR?_DELAY_MS?KEYPAD
            CODE    4A47H     001DH     UNIT         ?PR?_DISPLAYLCD?LCD_DRIVER_SPLC780D
            CODE    4A64H     001BH     UNIT         ?PR?_BCDTODEC1?BIPOLARMOTOR
            CODE    4A7FH     0018H     UNIT         ?PR?_SPI_WRITETIME?PCF85063BTL
            CODE    4A97H     0017H     UNIT         ?PR?_ASCIITOBCD?UART1
BL51 BANKED LINKER/LOCATER V6.22                                                      02/25/2019  15:31:56  PAGE 4


            CODE    4AAEH     0016H     UNIT         ?PR?I2C_ACK?IOEXPANDER_PI4IOE5V96248
            CODE    4AC4H     0015H     UNIT         ?PR?_DISPLAY_LINE?LCD_DRIVER_SPLC780D
            CODE    4AD9H     0015H     UNIT         ?PR?I2C_STOP?IOEXPANDER_PI4IOE5V96248
            CODE    4AEEH     0014H     UNIT         ?PR?_PCF85063BTL_DELAY?PCF85063BTL
            CODE    4B02H     0014H     UNIT         ?PR?_ISSPACE?ISSPACE
            CODE    4B16H     0011H     UNIT         ?PR?_SPI_READTIME?PCF85063BTL
            CODE    4B27H     0011H     UNIT         ?PR?_BCDTODEC?PCF85063BTL
            CODE    4B38H     0011H     UNIT         ?PR?INITUART1?UART1
            CODE    4B49H     000FH     UNIT         ?PR?I2C_START?IOEXPANDER_PI4IOE5V96248
            CODE    4B58H     000FH     UNIT         ?PR?UC_NACK?IOEXPANDER_PI4IOE5V96248
            CODE    4B67H     000FH     UNIT         ?PR?_ISDIGIT?ISDIGIT
            CODE    4B76H     000DH     UNIT         ?PR?SPI_INIT?PCF85063BTL
            CODE    4B83H     000CH     UNIT         ?PR?KEYPAD_IO_INIT?KEYPAD
            CODE    4B8FH     000CH     UNIT         ?PR?_ABS?ABS
            CODE    4B9BH     000AH     UNIT         ?PR?LCD_RETURN_HOME?LCD_DRIVER_SPLC780D
            CODE    4BA5H     000AH     UNIT         ?PR?LCD_CLEAR?LCD_DRIVER_SPLC780D
            CODE    4BAFH     0006H     UNIT         ?PR?UC_ACK?IOEXPANDER_PI4IOE5V96248
            CODE    4BB5H     0005H     UNIT         ?PR?_UNIT?UART1
            CODE    4BBAH     0005H     UNIT         ?PR?_ASCII_LETTER?UART1
            CODE    4BBFH     0001H     UNIT         ?PR?WAIT?BIPOLARMOTOR
            CODE    4BC0H     0001H     UNIT         ?PR?NOP?IOEXPANDER_PI4IOE5V96248



OVERLAY MAP OF MODULE:   .\Obj\GPIO_RTC_Test (MAIN)


SEGMENT                                             BIT_GROUP          XDATA_GROUP
  +--> CALLED SEGMENT                            START    LENGTH     START    LENGTH
------------------------------------------------------------------------------------
?C_C51STARTUP                                    -----    -----      -----    -----
  +--> ?PR?MAIN?MAIN
  +--> ?C_INITSEG

?PR?MAIN?MAIN                                    -----    -----      038FH    0021H
  +--> ?PR?AT25SF041_WRITEENABLE?AT25SF041
  +--> ?PR?AT25SF041_CHIPERASE?AT25SF041
  +--> ?PR?_WAIT_MS_SPINOR?AT25SF041
  +--> ?PR?LCD_INIT?LCD_DRIVER_SPLC780D
  +--> ?PR?SPI_INIT?PCF85063BTL
  +--> ?PR?KEYPAD_IO_INIT?KEYPAD
  +--> ?PR?ADC_INIT?ADC
  +--> ?PR?_SPI_WRITETIME?PCF85063BTL
  +--> ?PR?_DELAY_MS?KEYPAD
  +--> ?PR?_DISPLAY_LINE?LCD_DRIVER_SPLC780D
  +--> ?PR?_WRITEDATA?LCD_DRIVER_SPLC780D
  +--> ?PR?_AT25SF041_WRITE?AT25SF041
  +--> ?PR?KEY_PROCESS?KEYPAD
  +--> ?PR?_COMMAND?LCD_DRIVER_SPLC780D
  +--> ?PR?_DISPLAY_POS?MAIN
  +--> ?PR?_DISPLAYLCD?LCD_DRIVER_SPLC780D
  +--> ?PR?_STEP_MOVE?BIPOLARMOTOR
  +--> ?PR?LCD_RETURN_HOME?LCD_DRIVER_SPLC780D
  +--> ?PR?_READ_TIME?PCF85063BTL
  +--> ?PR?_ADC_GETRESULT?ADC
  +--> ?PR?_BCDTODEC1?BIPOLARMOTOR
  +--> ?PR?_CALIBRATION?CALIBRATION
BL51 BANKED LINKER/LOCATER V6.22                                                      02/25/2019  15:31:56  PAGE 5


  +--> ?PR?LINEAR_INTERPOLATE?BIPOLARMOTOR
  +--> ?PR?_UPDATE_POSITION?BIPOLARMOTOR

?PR?AT25SF041_WRITEENABLE?AT25SF041              -----    -----      03B0H    0002H
  +--> ?PR?_WAIT_MS_SPINOR?AT25SF041
  +--> ?PR?UCREAD_STATUS_REGISTER_BYTE1?AT25...

?PR?UCREAD_STATUS_REGISTER_BYTE1?AT25...         -----    -----      03B8H    0003H
  +--> ?PR?_WAIT_MS_SPINOR?AT25SF041

?PR?AT25SF041_CHIPERASE?AT25SF041                -----    -----      03B0H    0002H
  +--> ?PR?_WAIT_MS_SPINOR?AT25SF041
  +--> ?PR?UCREAD_STATUS_REGISTER_BYTE1?AT25...

?PR?LCD_INIT?LCD_DRIVER_SPLC780D                 -----    -----      -----    -----
  +--> ?PR?_WAIT_MS?LCD_DRIVER_SPLC780D
  +--> ?PR?_COMMAND?LCD_DRIVER_SPLC780D

?PR?_COMMAND?LCD_DRIVER_SPLC780D                 -----    -----      -----    -----
  +--> ?PR?_WAIT_MS?LCD_DRIVER_SPLC780D

?PR?ADC_INIT?ADC                                 -----    -----      -----    -----
  +--> ?PR?_WAIT_MS?LCD_DRIVER_SPLC780D

?PR?_SPI_WRITETIME?PCF85063BTL                   -----    -----      -----    -----
  +--> ?PR?_SPI_SENDBYTE?PCF85063BTL

?PR?_SPI_SENDBYTE?PCF85063BTL                    -----    -----      -----    -----
  +--> ?PR?_PCF85063BTL_DELAY?PCF85063BTL

?PR?_DISPLAY_LINE?LCD_DRIVER_SPLC780D            -----    -----      -----    -----
  +--> ?PR?_COMMAND?LCD_DRIVER_SPLC780D

?PR?_WRITEDATA?LCD_DRIVER_SPLC780D               -----    -----      045FH    0001H
  +--> ?PR?_WAIT_MS?LCD_DRIVER_SPLC780D

?PR?_AT25SF041_WRITE?AT25SF041                   -----    -----      03B0H    0008H
  +--> ?PR?_WAIT_MS_SPINOR?AT25SF041
  +--> ?PR?UCREAD_STATUS_REGISTER_BYTE1?AT25...

?PR?KEY_PROCESS?KEYPAD                           -----    -----      03B0H    0006H
  +--> ?PR?KEY_SCAN?KEYPAD
  +--> ?PR?_SPI_WRITETIME?PCF85063BTL
  +--> ?PR?LCD_CLEAR?LCD_DRIVER_SPLC780D
  +--> ?PR?_COMMAND?LCD_DRIVER_SPLC780D
  +--> ?PR?_WRITEDATA?LCD_DRIVER_SPLC780D

?PR?KEY_SCAN?KEYPAD                              -----    -----      03B6H    0003H

?PR?LCD_CLEAR?LCD_DRIVER_SPLC780D                -----    -----      -----    -----
  +--> ?PR?_COMMAND?LCD_DRIVER_SPLC780D

?PR?_DISPLAY_POS?MAIN                            -----    -----      0455H    000AH
  +--> ?PR?_ABS?ABS
  +--> ?PR?_WRITEDATA?LCD_DRIVER_SPLC780D

?PR?_DISPLAYLCD?LCD_DRIVER_SPLC780D              -----    -----      03B0H    0001H
BL51 BANKED LINKER/LOCATER V6.22                                                      02/25/2019  15:31:56  PAGE 6


  +--> ?PR?_WRITEDATA?LCD_DRIVER_SPLC780D

?PR?_STEP_MOVE?BIPOLARMOTOR                      0020H.6  0000H.1    046EH    0004H
  +--> ?PR?VONESTEPMOVE?BIPOLARMOTOR

?PR?VONESTEPMOVE?BIPOLARMOTOR                    0020H.7  0000H.1    -----    -----
  +--> ?PR?_WRITE_PI4IOE5V96248?IOEXPANDER_P...
  +--> ?PR?_DELAY_MS?KEYPAD

?PR?_WRITE_PI4IOE5V96248?IOEXPANDER_P...         -----    -----      0472H    0003H
  +--> ?PR?I2C_START?IOEXPANDER_PI4IOE5V96248
  +--> ?PR?_WAIT_MS_I2C?IOEXPANDER_PI4IOE5V9...
  +--> ?PR?_I2C_SENDBYTE?IOEXPANDER_PI4IOE5V...
  +--> ?PR?I2C_ACK?IOEXPANDER_PI4IOE5V96248
  +--> ?PR?I2C_STOP?IOEXPANDER_PI4IOE5V96248

?PR?I2C_START?IOEXPANDER_PI4IOE5V96248           -----    -----      -----    -----
  +--> ?PR?_WAIT_MS_I2C?IOEXPANDER_PI4IOE5V9...

?PR?_I2C_SENDBYTE?IOEXPANDER_PI4IOE5V...         -----    -----      -----    -----
  +--> ?PR?_WAIT_MS_I2C?IOEXPANDER_PI4IOE5V9...

?PR?I2C_ACK?IOEXPANDER_PI4IOE5V96248             -----    -----      0475H    0001H
  +--> ?PR?_WAIT_MS_I2C?IOEXPANDER_PI4IOE5V9...

?PR?I2C_STOP?IOEXPANDER_PI4IOE5V96248            -----    -----      -----    -----
  +--> ?PR?_WAIT_MS_I2C?IOEXPANDER_PI4IOE5V9...

?PR?LCD_RETURN_HOME?LCD_DRIVER_SPLC780D          -----    -----      -----    -----
  +--> ?PR?_COMMAND?LCD_DRIVER_SPLC780D

?PR?_READ_TIME?PCF85063BTL                       -----    -----      03B0H    000FH
  +--> ?PR?_SPI_READTIME?PCF85063BTL

?PR?_SPI_READTIME?PCF85063BTL                    -----    -----      -----    -----
  +--> ?PR?_SPI_SENDBYTE?PCF85063BTL
  +--> ?PR?SPI_RECEIVEBYTE?PCF85063BTL

?PR?SPI_RECEIVEBYTE?PCF85063BTL                  -----    -----      -----    -----
  +--> ?PR?_PCF85063BTL_DELAY?PCF85063BTL

?PR?_CALIBRATION?CALIBRATION                     -----    -----      03B0H    001BH
  +--> ?PR?VOLTAGE_IS_STABLE?CALIBRATION
  +--> ?PR?_UPDATE_POSITION?BIPOLARMOTOR
  +--> ?PR?_FIND_REAL_MAX?CALIBRATION

?PR?VOLTAGE_IS_STABLE?CALIBRATION                -----    -----      03CBH    0018H
  +--> ?PR?_ADC_GETRESULT?ADC
  +--> ?PR?_ABS?ABS

?PR?_UPDATE_POSITION?BIPOLARMOTOR                -----    -----      03CBH    009FH
  +--> ?PR?_BCDTODEC1?BIPOLARMOTOR
  +--> ?PR?SUNPOS?SUNPOS
  +--> ?PR?SIN?SIN
  +--> ?PR?ASIN?ASIN
  +--> ?PR?LINEAR_INTERPOLATE?BIPOLARMOTOR
  +--> ?PR?_ABS?ABS
BL51 BANKED LINKER/LOCATER V6.22                                                      02/25/2019  15:31:56  PAGE 7


  +--> ?PR?_MOVE?BIPOLARMOTOR

?PR?SUNPOS?SUNPOS                                -----    -----      046AH    005DH
  +--> ?PR?SIN?SIN
  +--> ?PR?_ATAN2?ATAN2
  +--> ?PR?ASIN?ASIN
  +--> ?PR?ACOS?ACOS

?PR?SIN?SIN                                      0020H.5  0000H.1    04C7H    0004H

?PR?_ATAN2?ATAN2                                 -----    -----      04C7H    0008H
  +--> ?PR?ATAN?ATAN

?PR?ATAN?ATAN                                    0020H.5  0000H.2    04CFH    0004H

?PR?ASIN?ASIN                                    -----    -----      -----    -----
  +--> ?PR?SQRT?SQRT
  +--> ?PR?ATAN?ATAN

?PR?SQRT?SQRT                                    -----    -----      04C7H    0004H

?PR?ACOS?ACOS                                    -----    -----      -----    -----
  +--> ?PR?SQRT?SQRT
  +--> ?PR?ATAN?ATAN

?PR?LINEAR_INTERPOLATE?BIPOLARMOTOR              -----    -----      046AH    0014H

?PR?_MOVE?BIPOLARMOTOR                           0020H.5  0000H.1    046AH    0004H
  +--> ?PR?_STEP_MOVE?BIPOLARMOTOR

?PR?_FIND_REAL_MAX?CALIBRATION                   -----    -----      03CBH    008AH
  +--> ?PR?_ADC_GETRESULT?ADC
  +--> ?PR?_MOVE?BIPOLARMOTOR
  +--> ?PR?_COMMAND?LCD_DRIVER_SPLC780D
  +--> ?PR?_WRITEDATA?LCD_DRIVER_SPLC780D
  +--> ?PR?_DISPLAY_POS?MAIN
  +--> ?PR?_WAIT_MS?LCD_DRIVER_SPLC780D
  +--> ?PR?_MAX_VALUE?CALIBRATION

?PR?_MAX_VALUE?CALIBRATION                       -----    -----      0455H    0004H



UNRESOLVED EXTERNAL SYMBOLS:
   AUTO_MODE
   _SENDUART1



SYMBOL TABLE OF MODULE:  .\Obj\GPIO_RTC_Test (MAIN)

  VALUE           TYPE          NAME
  ----------------------------------

  -------         MODULE        MAIN
  C:0000H         SYMBOL        _ICE_DUMMY_
  X:04DBH         PUBLIC        calib_value
BL51 BANKED LINKER/LOCATER V6.22                                                      02/25/2019  15:31:56  PAGE 8


  D:0080H         PUBLIC        P0
  D:00B2H         PUBLIC        P3M0
  D:0090H         PUBLIC        P1
  D:00B1H         PUBLIC        P3M1
  D:00A0H         PUBLIC        P2
  D:00B0H         PUBLIC        P3
  D:00C0H         PUBLIC        P4
  D:00C8H         PUBLIC        P5
  X:052FH         SYMBOL        PressedKey
  B:00A8H.7       PUBLIC        EA
  D:00E8H         PUBLIC        P6
  X:0533H         PUBLIC        calib_stamp
  D:00F8H         PUBLIC        P7
  X:0534H         PUBLIC        RX_Data_Uart_Cnt
  D:00A8H         PUBLIC        IE
  X:0536H         PUBLIC        calib_time
  D:00B8H         PUBLIC        IP
  X:058AH         PUBLIC        months
  D:00D8H         PUBLIC        CCON
  C:0B0EH         PUBLIC        main
  X:058BH         PUBLIC        count
  X:058DH         PUBLIC        days
  X:058EH         PUBLIC        hours
  D:0098H         PUBLIC        SCON
  D:0089H         PUBLIC        TMOD
  D:0088H         PUBLIC        TCON
  B:00A0H.3       PUBLIC        P23
  X:058FH         SYMBOL        KeyCount
  X:0591H         PUBLIC        mins
  X:0592H         PUBLIC        Rec_data_hour
  B:00C8H.5       PUBLIC        P55
  X:0595H         PUBLIC        Rec_data_min
  D:008EH         PUBLIC        AUXR
  C:0009H         PUBLIC        tm0_isr
  B:0021H.0       PUBLIC        busy
  B:00A8H.1       PUBLIC        ET0
  X:0598H         PUBLIC        SPI_NOR_INTERNAL_FLASH_ADDR
  D:008CH         PUBLIC        TH0
  X:059CH         PUBLIC        hour_count
  D:008AH         PUBLIC        TL0
  X:059DH         PUBLIC        min_count
  B:0088H.4       PUBLIC        TR0
  X:059EH         SYMBOL        KeyNum
  X:059FH         SYMBOL        KeyNum_Old
  X:05A0H         PUBLIC        current_position
  X:05A4H         PUBLIC        hours1
  X:05A5H         PUBLIC        hours2
  C:4386H         PUBLIC        _Display_Prox
  X:05A6H         PUBLIC        mins1
  X:05A7H         PUBLIC        mins2
  C:3806H         PUBLIC        _Display_Pos
  X:05A8H         PUBLIC        seconds
  X:05A9H         PUBLIC        st_time
  D:00D0H         PUBLIC        PSW
  -------         PROC          TM0_ISR
  C:0009H         LINE#         90
  C:0009H         LINE#         92
BL51 BANKED LINKER/LOCATER V6.22                                                      02/25/2019  15:31:56  PAGE 9


  -------         ENDPROC       TM0_ISR
  -------         PROC          MAIN
  -------         DO            
  X:038FH         SYMBOL        sunlight_ADC
  X:04D3H         SYMBOL        KeyCount
  X:04D5H         SYMBOL        KeyNum_Old
  X:04D6H         SYMBOL        KeyNum
  X:04D7H         SYMBOL        PressedKey
  X:0391H         SYMBOL        prox_flag
  X:0392H         SYMBOL        iUse_prevday_calib_value
  X:0394H         SYMBOL        max_ADC_Val_JP
  X:0396H         SYMBOL        max_ADC_Val
  X:0398H         SYMBOL        calib_point1
  X:03A0H         SYMBOL        calib_point2
  X:03A8H         SYMBOL        calib_day
  X:03AAH         SYMBOL        calib_count
  X:03ACH         SYMBOL        theorical_JP_max_pos
  -------         ENDDO         
  C:0B0EH         LINE#         94
  C:0B0EH         LINE#         95
  C:0B0EH         LINE#         100
  C:0B14H         LINE#         101
  C:0B19H         LINE#         103
  C:0B21H         LINE#         107
  C:0B27H         LINE#         108
  C:0B31H         LINE#         112
  C:0B33H         LINE#         113
  C:0B35H         LINE#         114
  C:0B37H         LINE#         115
  C:0B39H         LINE#         117
  C:0B40H         LINE#         126
  C:0B40H         LINE#         127
  C:0B43H         LINE#         129
  C:0B46H         LINE#         130
  C:0B4DH         LINE#         131
  C:0B4DH         LINE#         132
  C:0B50H         LINE#         133
  C:0B53H         LINE#         134
  C:0B56H         LINE#         135
  C:0B59H         LINE#         136
  C:0B5CH         LINE#         137
  C:0B5FH         LINE#         140
  C:0B62H         LINE#         142
  C:0B65H         LINE#         143
  C:0B68H         LINE#         144
  C:0B6BH         LINE#         145
  C:0B6DH         LINE#         146
  C:0B6FH         LINE#         147
  C:0B71H         LINE#         149
  C:0B73H         LINE#         150
  C:0B7AH         LINE#         151
  C:0B81H         LINE#         152
  C:0B88H         LINE#         153
  C:0B8FH         LINE#         157
  C:0B96H         LINE#         158
  C:0B9BH         LINE#         159
  C:0BA0H         LINE#         160
BL51 BANKED LINKER/LOCATER V6.22                                                      02/25/2019  15:31:56  PAGE 10


  C:0BA5H         LINE#         161
  C:0BAAH         LINE#         162
  C:0BAFH         LINE#         165
  C:0BC8H         LINE#         166
  C:0BC8H         LINE#         167
  C:0BE4H         LINE#         168
  C:0C2BH         LINE#         169
  C:0C3CH         LINE#         172
  C:0C3FH         LINE#         173
  C:0C46H         LINE#         174
  C:0C5BH         LINE#         176
  C:0C62H         LINE#         177
  C:0C65H         LINE#         179
  C:0C7AH         LINE#         180
  C:0C81H         LINE#         183
  C:0C84H         LINE#         185
  C:0C99H         LINE#         186
  C:0CA0H         LINE#         188
  C:0CA3H         LINE#         190
  C:0CB8H         LINE#         191
  C:0CBFH         LINE#         193
  C:0CC2H         LINE#         195
  C:0CD7H         LINE#         196
  C:0CDEH         LINE#         198
  C:0CE1H         LINE#         200
  C:0CF6H         LINE#         201
  C:0CFDH         LINE#         203
  C:0D00H         LINE#         205
  C:0D15H         LINE#         206
  C:0D1CH         LINE#         208
  C:0D1FH         LINE#         210
  C:0D34H         LINE#         211
  C:0D3BH         LINE#         213
  C:0D3EH         LINE#         215
  C:0D53H         LINE#         216
  C:0D5AH         LINE#         218
  C:0D5DH         LINE#         220
  C:0D72H         LINE#         221
  C:0D79H         LINE#         223
  C:0D7CH         LINE#         225
  C:0D91H         LINE#         226
  C:0D98H         LINE#         230
  C:0D98H         LINE#         231
  C:0D98H         LINE#         232
  C:0D9BH         LINE#         235
  C:0D9BH         LINE#         238
  C:0DA0H         LINE#         239
  C:0DA5H         LINE#         241
  C:0DAAH         LINE#         242
  C:0DAFH         LINE#         243
  C:0DB4H         LINE#         244
  C:0DB9H         LINE#         246
  C:0DCAH         LINE#         247
  C:0DCFH         LINE#         248
  C:0DD4H         LINE#         250
  C:0DDBH         LINE#         251
  C:0DE3H         LINE#         252
BL51 BANKED LINKER/LOCATER V6.22                                                      02/25/2019  15:31:56  PAGE 11


  C:0DE8H         LINE#         253
  C:0DF0H         LINE#         254
  C:0DF5H         LINE#         255
  C:0DFFH         LINE#         256
  C:0E04H         LINE#         257
  C:0E0CH         LINE#         259
  C:0E14H         LINE#         260
  C:0E19H         LINE#         261
  C:0E23H         LINE#         262
  C:0E23H         LINE#         263
  C:0E25H         LINE#         264
  C:0E27H         LINE#         265
  C:0E31H         LINE#         266
  C:0E31H         LINE#         267
  C:0E36H         LINE#         268
  C:0E36H         LINE#         280
  C:0E43H         LINE#         281
  C:0E43H         LINE#         282
  C:0E4DH         LINE#         283
  C:0E64H         LINE#         284
  C:0E64H         LINE#         285
  C:0E66H         LINE#         286
  C:0E68H         LINE#         288
  C:0E68H         LINE#         289
  C:0E73H         LINE#         290
  C:0E73H         LINE#         291
  C:0E78H         LINE#         292
  C:0E78H         LINE#         293
  C:0E85H         LINE#         294
  C:0E85H         LINE#         297
  C:0E8FH         LINE#         298
  C:0EA6H         LINE#         299
  C:0EA6H         LINE#         300
  C:0EA8H         LINE#         301
  C:0EAAH         LINE#         303
  C:0EAAH         LINE#         304
  C:0EB5H         LINE#         305
  C:0EB5H         LINE#         306
  C:0EBAH         LINE#         307
  C:0EBCH         LINE#         308
  C:0EBCH         LINE#         317
  C:0EDEH         LINE#         318
  C:0EDEH         LINE#         319
  C:0EE8H         LINE#         320
  C:0EEEH         LINE#         321
  C:0EF0H         LINE#         322
  C:0EF2H         LINE#         323
  C:0EF4H         LINE#         324
  C:0EF4H         LINE#         325
  C:0EF7H         LINE#         327
  C:0EF7H         LINE#         328
  C:0EFDH         LINE#         329
  C:0F05H         LINE#         330
  C:0F0BH         LINE#         331
  C:0F13H         LINE#         332
  C:0F4EH         LINE#         336
  C:0F5BH         LINE#         337
BL51 BANKED LINKER/LOCATER V6.22                                                      02/25/2019  15:31:56  PAGE 12


  C:0F5BH         LINE#         338
  C:0F68H         LINE#         339
  C:0F9BH         LINE#         340
  C:0FA8H         LINE#         341
  C:0FA8H         LINE#         343
  C:0FD7H         LINE#         344
  C:0FD7H         LINE#         345
  C:0FF9H         LINE#         346
  C:0FF9H         LINE#         347
  C:1075H         LINE#         348
  C:10F3H         LINE#         441
  C:10FAH         LINE#         445
  C:10FDH         LINE#         446
  C:110EH         LINE#         447
  C:110EH         LINE#         448
  C:110EH         LINE#         450
  C:110EH         LINE#         453
  C:1111H         LINE#         455
  C:1111H         LINE#         456
  C:1133H         LINE#         457
  C:1133H         LINE#         458
  C:11AFH         LINE#         459
  C:1204H         LINE#         460
  C:1204H         LINE#         461
  C:1204H         LINE#         462
  C:1207H         LINE#         466
  C:1207H         LINE#         469
  C:123BH         LINE#         470
  C:123BH         LINE#         471
  C:125DH         LINE#         472
  C:125DH         LINE#         473
  C:12D9H         LINE#         474
  C:1357H         LINE#         494
  C:135AH         LINE#         495
  C:136BH         LINE#         496
  C:136BH         LINE#         497
  C:1373H         LINE#         499
  C:1373H         LINE#         502
  C:1376H         LINE#         504
  C:1376H         LINE#         506
  C:1398H         LINE#         507
  C:1398H         LINE#         508
  C:1414H         LINE#         510
  C:1441H         LINE#         511
  C:145CH         LINE#         512
  C:1489H         LINE#         513
  C:14A4H         LINE#         515
  C:1540H         LINE#         518
  C:1540H         LINE#         519
  C:1540H         LINE#         520
  C:1540H         LINE#         522
  C:1540H         LINE#         525
  C:155CH         LINE#         526
  C:1561H         LINE#         528
  C:1563H         LINE#         529
  -------         ENDPROC       MAIN
  -------         PROC          _DISPLAY_PROX
BL51 BANKED LINKER/LOCATER V6.22                                                      02/25/2019  15:31:56  PAGE 13


  D:0002H         SYMBOL        dat
  -------         DO            
  X:0625H         SYMBOL        unit
  X:0626H         SYMBOL        ten
  X:0627H         SYMBOL        hundred
  X:0628H         SYMBOL        thousand
  -------         ENDDO         
  C:4386H         LINE#         613
  C:438AH         LINE#         614
  C:438AH         LINE#         616
  C:4396H         LINE#         617
  C:43A6H         LINE#         618
  C:43C2H         LINE#         619
  C:43F2H         LINE#         620
  C:43FCH         LINE#         621
  C:4406H         LINE#         622
  C:4410H         LINE#         623
  C:441AH         LINE#         625
  -------         ENDPROC       _DISPLAY_PROX
  -------         PROC          _DISPLAY_POS
  X:0455H         SYMBOL        sign_dat
  -------         DO            
  X:0459H         SYMBOL        unit
  X:045AH         SYMBOL        ten
  X:045BH         SYMBOL        hundred
  D:0003H         SYMBOL        thousand
  X:045CH         SYMBOL        after_dot
  X:045DH         SYMBOL        dat
  -------         ENDDO         
  C:3806H         LINE#         628
  C:380CH         LINE#         629
  C:380CH         LINE#         633
  C:3828H         LINE#         634
  C:3842H         LINE#         635
  C:3866H         LINE#         637
  C:38B0H         LINE#         639
  C:38C7H         LINE#         640
  C:38D4H         LINE#         641
  C:38F6H         LINE#         642
  C:392BH         LINE#         643
  C:3943H         LINE#         644
  C:3943H         LINE#         646
  C:3943H         LINE#         647
  C:3943H         LINE#         648
  C:3943H         LINE#         649
  C:3943H         LINE#         650
  C:3943H         LINE#         654
  C:3945H         LINE#         656
  C:3945H         LINE#         658
  C:394AH         LINE#         659
  C:3954H         LINE#         660
  C:395EH         LINE#         661
  C:3968H         LINE#         662
  C:396DH         LINE#         663
  C:3977H         LINE#         667
  C:3977H         LINE#         669
  -------         ENDPROC       _DISPLAY_POS
BL51 BANKED LINKER/LOCATER V6.22                                                      02/25/2019  15:31:56  PAGE 14


  -------         ENDMOD        MAIN

  -------         MODULE        PCF85063BTL
  C:0000H         SYMBOL        _ICE_DUMMY_
  D:0096H         PUBLIC        P2M0
  D:0080H         PUBLIC        P0
  D:0095H         PUBLIC        P2M1
  D:0090H         PUBLIC        P1
  D:00A0H         PUBLIC        P2
  D:00B0H         PUBLIC        P3
  D:00C0H         PUBLIC        P4
  D:00C8H         PUBLIC        P5
  D:00E8H         PUBLIC        P6
  B:00A0H.1       PUBLIC        PCF85063BTL_SDI
  D:00F8H         PUBLIC        P7
  B:00A0H.2       PUBLIC        PCF85063BTL_SCK
  B:00A0H.1       PUBLIC        PCF85063BTL_SDO
  D:00A8H         PUBLIC        IE
  C:45A0H         PUBLIC        _Read_time
  C:4AF4H         PUBLIC        _PCF85063BTL_Delay
  D:00B8H         PUBLIC        IP
  D:00D8H         PUBLIC        CCON
  C:44A7H         PUBLIC        _Day_Of_Year
  C:49EAH         PUBLIC        SPI_ReceiveByte
  D:0098H         PUBLIC        SCON
  D:0088H         PUBLIC        TCON
  C:4B27H         PUBLIC        _BCDtoDec
  B:00A0H.0       PUBLIC        PCF85063BTL_CS
  C:4B16H         PUBLIC        _SPI_ReadTime
  C:4B76H         PUBLIC        SPI_Init
  C:4A7FH         PUBLIC        _SPI_WriteTime
  C:49CAH         PUBLIC        _SPI_SendByte
  D:00D0H         PUBLIC        PSW
  C:4AF0H         SYMBOL        L?0047
  -------         PROC          L?0046
  -------         ENDPROC       L?0046
  C:4AF0H         SYMBOL        L?0047
  -------         PROC          _PCF85063BTL_DELAY
  D:0006H         SYMBOL        us
  C:4AF4H         LINE#         8
  C:4AF4H         LINE#         9
  C:4AF4H         LINE#         10
  C:4AFEH         LINE#         11
  C:4AFEH         LINE#         12
  C:4AFFH         LINE#         13
  C:4B01H         LINE#         14
  -------         ENDPROC       _PCF85063BTL_DELAY
  -------         PROC          _SPI_SENDBYTE
  D:0005H         SYMBOL        dat
  -------         DO            
  D:0003H         SYMBOL        i
  -------         ENDDO         
  C:49CAH         LINE#         17
  C:49CCH         LINE#         18
  C:49CCH         LINE#         20
  C:49CEH         LINE#         21
  C:49CEH         LINE#         22
BL51 BANKED LINKER/LOCATER V6.22                                                      02/25/2019  15:31:56  PAGE 15


  C:49D0H         LINE#         23
  C:49D4H         LINE#         24
  C:49D4H         LINE#         25
  C:49D6H         LINE#         26
  C:49D8H         LINE#         28
  C:49D8H         LINE#         29
  C:49DAH         LINE#         30
  C:49DAH         LINE#         31
  C:49DDH         LINE#         32
  C:49DDH         LINE#         33
  C:49E0H         LINE#         34
  C:49E4H         LINE#         35
  C:49E9H         LINE#         36
  -------         ENDPROC       _SPI_SENDBYTE
  -------         PROC          SPI_RECEIVEBYTE
  -------         DO            
  D:0003H         SYMBOL        i
  D:0005H         SYMBOL        dat
  -------         ENDDO         
  C:49EAH         LINE#         39
  C:49EAH         LINE#         40
  C:49EAH         LINE#         42
  C:49ECH         LINE#         44
  C:49EEH         LINE#         45
  C:49EFH         LINE#         46
  C:49EFH         LINE#         47
  C:49F3H         LINE#         48
  C:49F5H         LINE#         49
  C:49F8H         LINE#         51
  C:49FBH         LINE#         52
  C:49FBH         LINE#         53
  C:49FFH         LINE#         54
  C:49FFH         LINE#         55
  C:49FFH         LINE#         56
  C:4A02H         LINE#         57
  C:4A07H         LINE#         58
  C:4A09H         LINE#         59
  -------         ENDPROC       SPI_RECEIVEBYTE
  -------         PROC          _SPI_READTIME
  D:0007H         SYMBOL        addr
  -------         DO            
  D:0006H         SYMBOL        dat
  -------         ENDDO         
  C:4B16H         LINE#         61
  C:4B16H         LINE#         62
  C:4B16H         LINE#         64
  C:4B18H         LINE#         65
  C:4B1AH         LINE#         66
  C:4B21H         LINE#         67
  C:4B24H         LINE#         68
  C:4B26H         LINE#         69
  C:4B26H         LINE#         70
  -------         ENDPROC       _SPI_READTIME
  -------         PROC          _SPI_WRITETIME
  D:0002H         SYMBOL        val
  D:0005H         SYMBOL        addr
  C:4A7FH         LINE#         71
BL51 BANKED LINKER/LOCATER V6.22                                                      02/25/2019  15:31:56  PAGE 16


  C:4A81H         LINE#         72
  C:4A81H         LINE#         74
  C:4A83H         LINE#         75
  C:4A8AH         LINE#         76
  C:4A8FH         LINE#         77
  C:4A94H         LINE#         78
  C:4A96H         LINE#         79
  -------         ENDPROC       _SPI_WRITETIME
  -------         PROC          SPI_INIT
  C:4B76H         LINE#         83
  C:4B76H         LINE#         84
  C:4B76H         LINE#         89
  C:4B79H         LINE#         90
  C:4B7CH         LINE#         91
  C:4B7EH         LINE#         92
  C:4B80H         LINE#         93
  C:4B82H         LINE#         94
  -------         ENDPROC       SPI_INIT
  -------         PROC          _READ_TIME
  X:03B0H         SYMBOL        months
  X:03B3H         SYMBOL        days
  X:03B6H         SYMBOL        hours
  X:03B9H         SYMBOL        mins
  X:03BCH         SYMBOL        seconds
  C:45A0H         LINE#         96
  C:45ABH         LINE#         97
  C:45ABH         LINE#         99
  C:45BFH         LINE#         101
  C:45D3H         LINE#         103
  C:45E7H         LINE#         108
  C:45FBH         LINE#         113
  -------         ENDPROC       _READ_TIME
  -------         PROC          _BCDTODEC
  D:0007H         SYMBOL        bcd
  -------         DO            
  D:0006H         SYMBOL        hi
  D:0007H         SYMBOL        lo
  -------         ENDDO         
  C:4B27H         LINE#         119
  C:4B27H         LINE#         120
  C:4B27H         LINE#         122
  C:4B2CH         LINE#         123
  C:4B30H         LINE#         124
  C:4B37H         LINE#         125
  -------         ENDPROC       _BCDTODEC
  -------         PROC          _DAY_OF_YEAR
  D:0007H         SYMBOL        months_bcd
  D:0005H         SYMBOL        days_bcd
  -------         DO            
  D:0004H         SYMBOL        months
  D:0007H         SYMBOL        days
  -------         ENDDO         
  C:44A7H         LINE#         126
  C:44A7H         LINE#         127
  C:44A7H         LINE#         130
  C:44ACH         LINE#         132
  C:44B1H         LINE#         134
BL51 BANKED LINKER/LOCATER V6.22                                                      02/25/2019  15:31:56  PAGE 17


  C:44EAH         LINE#         135
  C:44EAH         LINE#         136
  C:44EAH         LINE#         137
  C:44EDH         LINE#         138
  C:44EDH         LINE#         139
  C:44EDH         LINE#         140
  C:44F2H         LINE#         141
  C:44F2H         LINE#         142
  C:44F2H         LINE#         143
  C:44F7H         LINE#         144
  C:44F7H         LINE#         145
  C:44F7H         LINE#         146
  C:44FCH         LINE#         147
  C:44FCH         LINE#         148
  C:44FCH         LINE#         149
  C:4501H         LINE#         150
  C:4501H         LINE#         151
  C:4501H         LINE#         152
  C:4506H         LINE#         153
  C:4506H         LINE#         154
  C:4506H         LINE#         155
  C:450BH         LINE#         156
  C:450BH         LINE#         157
  C:450BH         LINE#         158
  C:4510H         LINE#         159
  C:4510H         LINE#         160
  C:4510H         LINE#         161
  C:4518H         LINE#         162
  C:4518H         LINE#         163
  C:4518H         LINE#         164
  C:451DH         LINE#         165
  C:451DH         LINE#         166
  C:451DH         LINE#         167
  C:4522H         LINE#         168
  C:4522H         LINE#         169
  C:4522H         LINE#         170
  C:452AH         LINE#         171
  C:452AH         LINE#         172
  C:452AH         LINE#         173
  -------         ENDPROC       _DAY_OF_YEAR
  -------         ENDMOD        PCF85063BTL

  -------         MODULE        UART1
  C:0000H         SYMBOL        _ICE_DUMMY_
  D:0080H         PUBLIC        P0
  D:0090H         PUBLIC        P1
  D:00A0H         PUBLIC        P2
  D:00B0H         PUBLIC        P3
  D:00C0H         PUBLIC        P4
  D:00C8H         PUBLIC        P5
  B:00A8H.7       PUBLIC        EA
  D:00E8H         PUBLIC        P6
  D:00F8H         PUBLIC        P7
  C:48A2H         PUBLIC        _SendString
  D:00A8H         PUBLIC        IE
  B:00A8H.4       PUBLIC        ES
  D:00B8H         PUBLIC        IP
BL51 BANKED LINKER/LOCATER V6.22                                                      02/25/2019  15:31:56  PAGE 18


  C:4A97H         PUBLIC        _ASCIItoBCD
  D:00D8H         PUBLIC        CCON
  C:4B38H         PUBLIC        initUART1
  D:0098H         PUBLIC        SCON
  D:0088H         PUBLIC        TCON
  C:000AH         PUBLIC        _DectoBCD
  C:4BBAH         PUBLIC        _ASCII_Letter
  D:008EH         PUBLIC        AUXR
  C:4BB5H         PUBLIC        _unit
  C:0003H         PUBLIC        _ten
  D:00D6H         PUBLIC        T2H
  D:00D7H         PUBLIC        T2L
  D:00D0H         PUBLIC        PSW
  -------         PROC          INITUART1
  C:4B38H         LINE#         21
  C:4B38H         LINE#         22
  C:4B38H         LINE#         23
  C:4B3BH         LINE#         24
  C:4B3EH         LINE#         25
  C:4B41H         LINE#         26
  C:4B44H         LINE#         27
  C:4B46H         LINE#         28
  C:4B48H         LINE#         30
  -------         ENDPROC       INITUART1
  -------         PROC          _SENDSTRING
  X:0629H         SYMBOL        s
  C:48A2H         LINE#         35
  C:48ADH         LINE#         36
  C:48ADH         LINE#         37
  C:48BDH         LINE#         38
  C:48BDH         LINE#         39
  C:48D2H         LINE#         40
  C:48D4H         LINE#         41
  -------         ENDPROC       _SENDSTRING
  -------         PROC          _TEN
  D:0007H         SYMBOL        BCD
  C:0003H         LINE#         43
  C:0003H         LINE#         44
  C:0003H         LINE#         45
  C:0008H         LINE#         46
  -------         ENDPROC       _TEN
  -------         PROC          _UNIT
  D:0007H         SYMBOL        BCD
  C:4BB5H         LINE#         47
  C:4BB5H         LINE#         48
  C:4BB5H         LINE#         52
  C:4BB9H         LINE#         53
  -------         ENDPROC       _UNIT
  -------         PROC          _DECTOBCD
  D:0007H         SYMBOL        dec
  C:000AH         LINE#         54
  C:000AH         LINE#         55
  C:000AH         LINE#         57
  C:000AH         LINE#         58
  -------         ENDPROC       _DECTOBCD
  -------         PROC          _ASCII_LETTER
  D:0007H         SYMBOL        dat
BL51 BANKED LINKER/LOCATER V6.22                                                      02/25/2019  15:31:56  PAGE 19


  C:4BBAH         LINE#         60
  C:4BBAH         LINE#         61
  C:4BBAH         LINE#         63
  C:4BBEH         LINE#         64
  -------         ENDPROC       _ASCII_LETTER
  -------         PROC          _ASCIITOBCD
  D:0001H         SYMBOL        ascii
  -------         DO            
  D:0007H         SYMBOL        dec_val
  D:0006H         SYMBOL        ten
  D:0007H         SYMBOL        unit
  -------         ENDDO         
  C:4A97H         LINE#         66
  C:4A97H         LINE#         67
  C:4A97H         LINE#         69
  C:4A9AH         LINE#         70
  C:4AA0H         LINE#         71
  C:4AA7H         LINE#         72
  C:4AADH         LINE#         74
  -------         ENDPROC       _ASCIITOBCD
  -------         ENDMOD        UART1

  -------         MODULE        LCD_DRIVER_SPLC780D
  C:0000H         SYMBOL        _ICE_DUMMY_
  D:0092H         PUBLIC        P1M0
  D:0091H         PUBLIC        P1M1
  D:0080H         PUBLIC        P0
  D:0090H         PUBLIC        P1
  D:00A0H         PUBLIC        P2
  D:00B0H         PUBLIC        P3
  D:00C0H         PUBLIC        P4
  D:00C8H         PUBLIC        P5
  D:00E8H         PUBLIC        P6
  D:00F8H         PUBLIC        P7
  C:452BH         PUBLIC        _WriteData
  D:00A8H         PUBLIC        IE
  D:00B8H         PUBLIC        IP
  D:00D8H         PUBLIC        CCON
  B:00B0H.4       PUBLIC        LCD_D4
  B:00B0H.5       PUBLIC        LCD_D5
  B:00B0H.6       PUBLIC        LCD_D6
  C:4A47H         PUBLIC        _DisplayLCD
  B:00B0H.7       PUBLIC        LCD_D7
  D:0098H         PUBLIC        SCON
  D:0088H         PUBLIC        TCON
  C:4BA5H         PUBLIC        LCD_clear
  C:47E7H         PUBLIC        _Command
  C:4AC4H         PUBLIC        _Display_Line
  C:4669H         PUBLIC        LCD_Init
  C:49ACH         PUBLIC        _Wait_ms
  B:00C0H.0       PUBLIC        LCD_RS
  B:00B0H.2       PUBLIC        LCD_RW
  C:4B9BH         PUBLIC        LCD_return_home
  B:00B0H.3       PUBLIC        LCD_E
  D:00D0H         PUBLIC        PSW
  -------         PROC          LCD_INIT
  C:4669H         LINE#         9
BL51 BANKED LINKER/LOCATER V6.22                                                      02/25/2019  15:31:56  PAGE 20


  C:4669H         LINE#         10
  C:4669H         LINE#         11
  C:466CH         LINE#         12
  C:466FH         LINE#         14
  C:4675H         LINE#         15
  C:467AH         LINE#         17
  C:4681H         LINE#         18
  C:4686H         LINE#         20
  C:4689H         LINE#         21
  C:468EH         LINE#         23
  C:4691H         LINE#         24
  C:4696H         LINE#         26
  C:469DH         LINE#         29
  C:46A2H         LINE#         30
  C:46A7H         LINE#         32
  C:46ACH         LINE#         33
  C:46B1H         LINE#         35
  C:46B6H         LINE#         36
  C:46BBH         LINE#         37
  -------         ENDPROC       LCD_INIT
  -------         PROC          _WRITEDATA
  X:045FH         SYMBOL        dat
  C:452BH         LINE#         40
  C:4530H         LINE#         41
  C:4530H         LINE#         46
  C:4532H         LINE#         47
  C:4534H         LINE#         49
  C:4542H         LINE#         50
  C:454EH         LINE#         51
  C:455AH         LINE#         52
  C:4564H         LINE#         53
  C:4566H         LINE#         54
  C:456DH         LINE#         55
  C:456FH         LINE#         57
  C:457FH         LINE#         58
  C:458AH         LINE#         59
  C:4594H         LINE#         60
  C:4598H         LINE#         62
  C:4598H         LINE#         63
  C:459BH         LINE#         64
  C:459DH         LINE#         65
  C:459FH         LINE#         67
  -------         ENDPROC       _WRITEDATA
  -------         PROC          _COMMAND
  D:0007H         SYMBOL        dat
  C:47E7H         LINE#         69
  C:47E7H         LINE#         70
  C:47E7H         LINE#         71
  C:47E9H         LINE#         72
  C:47EBH         LINE#         74
  C:47F5H         LINE#         75
  C:47F9H         LINE#         77
  C:47FBH         LINE#         78
  C:4804H         LINE#         79
  C:4808H         LINE#         81
  C:480AH         LINE#         82
  C:4811H         LINE#         83
BL51 BANKED LINKER/LOCATER V6.22                                                      02/25/2019  15:31:56  PAGE 21


  C:4815H         LINE#         85
  C:4817H         LINE#         86
  C:481BH         LINE#         87
  C:481FH         LINE#         89
  C:4821H         LINE#         90
  C:4821H         LINE#         91
  C:4824H         LINE#         92
  C:4826H         LINE#         93
  -------         ENDPROC       _COMMAND
  C:49A8H         SYMBOL        L?0028
  -------         PROC          L?0027
  -------         ENDPROC       L?0027
  C:49A8H         SYMBOL        L?0028
  -------         PROC          _WAIT_MS
  D:0006H         SYMBOL        ms
  -------         DO            
  D:0004H         SYMBOL        De_Cnt
  -------         ENDDO         
  C:49ACH         LINE#         95
  C:49ACH         LINE#         96
  C:49ACH         LINE#         98
  C:49B6H         LINE#         99
  C:49B6H         LINE#         100
  C:49C9H         LINE#         101
  C:49C9H         LINE#         102
  -------         ENDPROC       _WAIT_MS
  -------         PROC          _DISPLAYLCD
  D:0007H         SYMBOL        BCD
  -------         DO            
  D:0006H         SYMBOL        first_digit
  X:03B0H         SYMBOL        second_digit
  -------         ENDDO         
  C:4A47H         LINE#         103
  C:4A47H         LINE#         104
  C:4A47H         LINE#         106
  C:4A4EH         LINE#         107
  C:4A57H         LINE#         109
  C:4A5CH         LINE#         111
  -------         ENDPROC       _DISPLAYLCD
  -------         PROC          LCD_RETURN_HOME
  C:4B9BH         LINE#         115
  C:4B9BH         LINE#         116
  C:4B9BH         LINE#         117
  C:4BA0H         LINE#         118
  -------         ENDPROC       LCD_RETURN_HOME
  -------         PROC          LCD_CLEAR
  C:4BA5H         LINE#         121
  C:4BA5H         LINE#         122
  C:4BA5H         LINE#         123
  C:4BAAH         LINE#         124
  -------         ENDPROC       LCD_CLEAR
  -------         PROC          _DISPLAY_LINE
  D:0006H         SYMBOL        line
  C:4AC4H         LINE#         128
  C:4AC4H         LINE#         129
  C:4AC4H         LINE#         130
  C:4ACAH         LINE#         131
BL51 BANKED LINKER/LOCATER V6.22                                                      02/25/2019  15:31:56  PAGE 22


  C:4ACAH         LINE#         132
  C:4ACCH         LINE#         133
  C:4ACCH         LINE#         134
  C:4ACEH         LINE#         136
  C:4ACEH         LINE#         137
  C:4AD3H         LINE#         138
  C:4AD8H         LINE#         139
  C:4AD8H         LINE#         140
  -------         ENDPROC       _DISPLAY_LINE
  -------         ENDMOD        LCD_DRIVER_SPLC780D

  -------         MODULE        KEYPAD
  C:0000H         SYMBOL        _ICE_DUMMY_
  D:0093H         PUBLIC        P0M1
  D:0080H         PUBLIC        P0
  D:0090H         PUBLIC        P1
  D:00A0H         PUBLIC        P2
  D:00B0H         PUBLIC        P3
  D:00C0H         PUBLIC        P4
  D:00C8H         PUBLIC        P5
  B:0020H.0       PUBLIC        calib_mode
  D:00E8H         PUBLIC        P6
  D:00F8H         PUBLIC        P7
  D:00A8H         PUBLIC        IE
  C:34F1H         PUBLIC        Key_Scan
  D:00B8H         PUBLIC        IP
  D:00D8H         PUBLIC        CCON
  C:4B83H         PUBLIC        KeyPad_IO_Init
  C:4A29H         PUBLIC        _Delay_ms
  D:0098H         PUBLIC        SCON
  D:0088H         PUBLIC        TCON
  B:0020H.1       PUBLIC        small_move
  B:0020H.2       PUBLIC        move
  B:0020H.3       PUBLIC        direction
  B:0020H.4       PUBLIC        auto_move
  C:3080H         PUBLIC        Key_Process
  D:00D0H         PUBLIC        PSW
  D:0094H         PUBLIC        P0M0
  -------         PROC          _DELAY_MS
  D:0006H         SYMBOL        ms
  -------         DO            
  D:0004H         SYMBOL        De_Cnt
  -------         ENDDO         
  C:4A29H         LINE#         19
  C:4A29H         LINE#         20
  C:4A29H         LINE#         22
  C:4A33H         LINE#         23
  C:4A33H         LINE#         24
  C:4A46H         LINE#         25
  C:4A46H         LINE#         26
  -------         ENDPROC       _DELAY_MS
  -------         PROC          KEY_SCAN
  -------         DO            
  X:03B6H         SYMBOL        KeyTemp1
  X:03B7H         SYMBOL        KeyTemp2
  X:03B8H         SYMBOL        KeyValue
  -------         ENDDO         
BL51 BANKED LINKER/LOCATER V6.22                                                      02/25/2019  15:31:56  PAGE 23


  C:34F1H         LINE#         27
  C:34F1H         LINE#         28
  C:34F1H         LINE#         33
  C:34F4H         LINE#         36
  C:34F7H         LINE#         38
  C:34FFH         LINE#         39
  C:3506H         LINE#         40
  C:3506H         LINE#         42
  C:350BH         LINE#         43
  C:3512H         LINE#         44
  C:3512H         LINE#         47
  C:3515H         LINE#         48
  C:3518H         LINE#         49
  C:351DH         LINE#         50
  C:3521H         LINE#         51
  C:3521H         LINE#         52
  C:3529H         LINE#         53
  C:3529H         LINE#         54
  C:352CH         LINE#         55
  C:3534H         LINE#         56
  C:3536H         LINE#         58
  C:354AH         LINE#         59
  C:354AH         LINE#         60
  C:354AH         LINE#         61
  C:354AH         LINE#         62
  C:3550H         LINE#         64
  C:3552H         LINE#         65
  C:3552H         LINE#         66
  C:3552H         LINE#         67
  C:3558H         LINE#         69
  C:355AH         LINE#         70
  C:355AH         LINE#         71
  C:355AH         LINE#         72
  C:3560H         LINE#         74
  C:3562H         LINE#         75
  C:3562H         LINE#         76
  C:3562H         LINE#         77
  C:3568H         LINE#         79
  C:3568H         LINE#         80
  C:3568H         LINE#         81
  C:3568H         LINE#         84
  C:356BH         LINE#         85
  C:356EH         LINE#         86
  C:3576H         LINE#         87
  C:357AH         LINE#         88
  C:357AH         LINE#         89
  C:3582H         LINE#         90
  C:3582H         LINE#         91
  C:3585H         LINE#         92
  C:358DH         LINE#         93
  C:358FH         LINE#         94
  C:35A3H         LINE#         95
  C:35A3H         LINE#         96
  C:35A3H         LINE#         97
  C:35A3H         LINE#         98
  C:35A9H         LINE#         100
  C:35ABH         LINE#         101
BL51 BANKED LINKER/LOCATER V6.22                                                      02/25/2019  15:31:56  PAGE 24


  C:35ABH         LINE#         102
  C:35ABH         LINE#         103
  C:35B1H         LINE#         105
  C:35B3H         LINE#         106
  C:35B3H         LINE#         107
  C:35B3H         LINE#         108
  C:35B9H         LINE#         110
  C:35BBH         LINE#         111
  C:35BBH         LINE#         112
  C:35BBH         LINE#         113
  C:35C0H         LINE#         115
  C:35C0H         LINE#         116
  C:35C0H         LINE#         117
  C:35C0H         LINE#         120
  C:35C3H         LINE#         121
  C:35C6H         LINE#         122
  C:35CEH         LINE#         123
  C:35D2H         LINE#         124
  C:35D2H         LINE#         125
  C:35DAH         LINE#         126
  C:35DAH         LINE#         127
  C:35DDH         LINE#         128
  C:35E5H         LINE#         129
  C:35E7H         LINE#         130
  C:35FBH         LINE#         131
  C:35FBH         LINE#         132
  C:35FBH         LINE#         133
  C:35FBH         LINE#         134
  C:3601H         LINE#         136
  C:3603H         LINE#         137
  C:3603H         LINE#         138
  C:3603H         LINE#         139
  C:3609H         LINE#         141
  C:360BH         LINE#         142
  C:360BH         LINE#         143
  C:360BH         LINE#         144
  C:3611H         LINE#         146
  C:3613H         LINE#         147
  C:3613H         LINE#         148
  C:3613H         LINE#         149
  C:3619H         LINE#         151
  C:3619H         LINE#         152
  C:3619H         LINE#         153
  C:3619H         LINE#         157
  C:361CH         LINE#         158
  C:361FH         LINE#         159
  C:3627H         LINE#         160
  C:362BH         LINE#         161
  C:362BH         LINE#         162
  C:3633H         LINE#         163
  C:3633H         LINE#         164
  C:3636H         LINE#         165
  C:363EH         LINE#         166
  C:3640H         LINE#         167
  C:3654H         LINE#         168
  C:3654H         LINE#         169
  C:3654H         LINE#         170
BL51 BANKED LINKER/LOCATER V6.22                                                      02/25/2019  15:31:56  PAGE 25


  C:3654H         LINE#         171
  C:365AH         LINE#         173
  C:365CH         LINE#         174
  C:365CH         LINE#         175
  C:365CH         LINE#         176
  C:3662H         LINE#         178
  C:3664H         LINE#         179
  C:3664H         LINE#         180
  C:3664H         LINE#         181
  C:366AH         LINE#         183
  C:366CH         LINE#         184
  C:366CH         LINE#         185
  C:366CH         LINE#         186
  C:3672H         LINE#         188
  C:3672H         LINE#         189
  C:3672H         LINE#         190
  C:3672H         LINE#         192
  C:3678H         LINE#         193
  C:3678H         LINE#         195
  C:3678H         LINE#         196
  C:367BH         LINE#         197
  C:367BH         LINE#         198
  C:367BH         LINE#         200
  C:367BH         LINE#         201
  C:367DH         LINE#         202
  C:367DH         LINE#         203
  -------         ENDPROC       KEY_SCAN
  -------         PROC          KEY_PROCESS
  -------         DO            
  X:060FH         SYMBOL        KeyCount
  X:0611H         SYMBOL        KeyNum_Old
  X:0612H         SYMBOL        KeyNum
  X:0613H         SYMBOL        PressedKey
  X:03B0H         SYMBOL        d
  D:0004H         SYMBOL        hours
  D:0006H         SYMBOL        mins
  X:03B2H         SYMBOL        months
  X:03B4H         SYMBOL        days
  -------         ENDDO         
  C:3080H         LINE#         204
  C:3080H         LINE#         205
  C:3080H         LINE#         209
  C:3088H         LINE#         210
  C:3090H         LINE#         212
  C:3093H         LINE#         213
  C:3093H         LINE#         214
  C:3096H         LINE#         216
  C:3096H         LINE#         217
  C:30A3H         LINE#         218
  C:30A3H         LINE#         219
  C:30A6H         LINE#         220
  C:30A9H         LINE#         222
  C:30ACH         LINE#         224
  C:30ACH         LINE#         225
  C:30B7H         LINE#         226
  C:30B7H         LINE#         227
  C:30BAH         LINE#         229
BL51 BANKED LINKER/LOCATER V6.22                                                      02/25/2019  15:31:56  PAGE 26


  C:30BAH         LINE#         230
  C:30C1H         LINE#         231
  C:30C1H         LINE#         232
  C:30C4H         LINE#         234
  C:30C4H         LINE#         235
  C:30CCH         LINE#         236
  C:30CCH         LINE#         237
  C:30D6H         LINE#         238
  C:30DEH         LINE#         240
  C:30E7H         LINE#         242
  C:30E7H         LINE#         251
  C:30FCH         LINE#         252
  C:30FCH         LINE#         253
  C:310EH         LINE#         254
  C:311CH         LINE#         255
  C:312BH         LINE#         256
  C:312BH         LINE#         258
  C:3131H         LINE#         262
  C:3147H         LINE#         263
  C:3158H         LINE#         264
  C:3173H         LINE#         265
  C:3173H         LINE#         266
  C:3183H         LINE#         267
  C:3194H         LINE#         268
  C:3194H         LINE#         272
  C:31ADH         LINE#         273
  C:31C4H         LINE#         274
  C:31E4H         LINE#         275
  C:31E4H         LINE#         276
  C:31EEH         LINE#         277
  C:31EEH         LINE#         278
  C:31F7H         LINE#         279
  C:31F7H         LINE#         280
  C:320BH         LINE#         281
  C:320BH         LINE#         282
  C:320BH         LINE#         283
  C:320BH         LINE#         284
  C:320BH         LINE#         285
  C:320DH         LINE#         287
  C:320DH         LINE#         288
  C:3219H         LINE#         289
  C:3219H         LINE#         290
  C:322AH         LINE#         291
  C:322AH         LINE#         292
  C:322AH         LINE#         293
  C:322AH         LINE#         294
  C:322AH         LINE#         296
  C:322CH         LINE#         298
  C:322CH         LINE#         299
  C:323DH         LINE#         300
  C:323DH         LINE#         301
  C:323DH         LINE#         302
  C:323DH         LINE#         303
  C:323DH         LINE#         305
  C:323DH         LINE#         307
  C:323DH         LINE#         308
  C:323FH         LINE#         310
BL51 BANKED LINKER/LOCATER V6.22                                                      02/25/2019  15:31:56  PAGE 27


  C:323FH         LINE#         311
  C:3252H         LINE#         312
  C:3252H         LINE#         313
  C:3263H         LINE#         314
  C:3263H         LINE#         315
  C:3263H         LINE#         316
  C:3263H         LINE#         317
  C:3263H         LINE#         318
  C:3265H         LINE#         320
  C:3265H         LINE#         321
  C:3276H         LINE#         322
  C:3276H         LINE#         323
  C:3287H         LINE#         324
  C:3298H         LINE#         325
  C:3298H         LINE#         326
  C:3298H         LINE#         327
  C:3298H         LINE#         328
  C:3298H         LINE#         329
  C:329BH         LINE#         330
  C:32A0H         LINE#         331
  C:32A5H         LINE#         332
  C:32AAH         LINE#         333
  C:32AFH         LINE#         334
  C:32B4H         LINE#         335
  C:32B9H         LINE#         336
  C:32BEH         LINE#         337
  C:32BEH         LINE#         339
  C:32E0H         LINE#         340
  C:32E0H         LINE#         341
  C:32EAH         LINE#         342
  C:32EAH         LINE#         343
  C:32EFH         LINE#         344
  C:32F8H         LINE#         345
  C:330FH         LINE#         346
  C:330FH         LINE#         347
  C:331FH         LINE#         349
  C:331FH         LINE#         353
  -------         ENDPROC       KEY_PROCESS
  -------         PROC          KEYPAD_IO_INIT
  C:4B83H         LINE#         356
  C:4B83H         LINE#         357
  C:4B83H         LINE#         358
  C:4B86H         LINE#         359
  C:4B89H         LINE#         360
  C:4B8CH         LINE#         361
  C:4B8EH         LINE#         362
  -------         ENDPROC       KEYPAD_IO_INIT
  -------         ENDMOD        KEYPAD

  -------         MODULE        BIPOLARMOTOR
  C:0000H         SYMBOL        _ICE_DUMMY_
  D:0080H         PUBLIC        P0
  D:0090H         PUBLIC        P1
  X:0000H         PUBLIC        RX_pos_test
  D:00A0H         PUBLIC        P2
  D:00B0H         PUBLIC        P3
  D:00C0H         PUBLIC        P4
BL51 BANKED LINKER/LOCATER V6.22                                                      02/25/2019  15:31:56  PAGE 28


  D:00C8H         PUBLIC        P5
  D:00E8H         PUBLIC        P6
  D:00F8H         PUBLIC        P7
  X:00A0H         PUBLIC        low_date_azimuth_mapping
  D:00A8H         PUBLIC        IE
  C:3EF8H         PUBLIC        linear_interpolate
  C:4957H         PUBLIC        _Move
  D:00B8H         PUBLIC        IP
  C:3353H         PUBLIC        _findDet3x3
  C:2DC0H         PUBLIC        _findDet4x4
  D:00D8H         PUBLIC        CCON
  X:00C8H         PUBLIC        previous_move_time
  D:0098H         PUBLIC        SCON
  D:0088H         PUBLIC        TCON
  C:4BBFH         PUBLIC        wait
  C:4827H         PUBLIC        _Step_move
  X:00C9H         PUBLIC        dat
  C:000EH         PUBLIC        _Update_position
  C:470FH         PUBLIC        vOneStepMove
  X:00CFH         PUBLIC        elevation_stamp
  X:010BH         PUBLIC        date_azimuth_mapping
  X:0133H         PUBLIC        RX_pos
  C:4A6EH         PUBLIC        _BCDtoDec1
  X:038BH         PUBLIC        degree
  D:00D0H         PUBLIC        PSW
  -------         PROC          L?0062
  -------         ENDPROC       L?0062
  -------         PROC          _BCDTODEC1
  D:0007H         SYMBOL        bcd
  -------         DO            
  D:0006H         SYMBOL        hi
  D:0007H         SYMBOL        lo
  -------         ENDDO         
  C:4A6EH         LINE#         28
  C:4A6EH         LINE#         29
  C:4A6EH         LINE#         31
  C:4A73H         LINE#         32
  C:4A77H         LINE#         33
  C:4A7EH         LINE#         34
  -------         ENDPROC       _BCDTODEC1
  -------         PROC          WAIT
  C:4BBFH         LINE#         36
  C:4BBFH         LINE#         38
  -------         ENDPROC       WAIT
  -------         PROC          VONESTEPMOVE
  B:0020H.7       SYMBOL        bDir
  C:470FH         LINE#         40
  C:470FH         LINE#         41
  C:470FH         LINE#         43
  C:4715H         LINE#         44
  C:4715H         LINE#         45
  C:4718H         LINE#         46
  C:4721H         LINE#         47
  C:4728H         LINE#         48
  C:472DH         LINE#         49
  C:472DH         LINE#         50
  C:472DH         LINE#         52
BL51 BANKED LINKER/LOCATER V6.22                                                      02/25/2019  15:31:56  PAGE 29


  C:472FH         LINE#         55
  C:472FH         LINE#         56
  C:4732H         LINE#         57
  C:473BH         LINE#         58
  C:4742H         LINE#         59
  C:4748H         LINE#         60
  C:4751H         LINE#         61
  C:4758H         LINE#         62
  C:4758H         LINE#         66
  -------         ENDPROC       VONESTEPMOVE
  -------         PROC          _STEP_MOVE
  X:046EH         SYMBOL        step
  B:0020H.6       SYMBOL        dir
  -------         DO            
  X:0470H         SYMBOL        i
  -------         ENDDO         
  C:4827H         LINE#         68
  C:482FH         LINE#         69
  C:482FH         LINE#         71
  C:4834H         LINE#         74
  C:484FH         LINE#         75
  C:484FH         LINE#         76
  C:4856H         LINE#         78
  C:4866H         LINE#         80
  -------         ENDPROC       _STEP_MOVE
  -------         PROC          _MOVE
  X:046AH         SYMBOL        distance
  B:0020H.5       SYMBOL        direction
  -------         DO            
  D:0006H         SYMBOL        step
  -------         ENDDO         
  C:4957H         LINE#         82
  C:495DH         LINE#         83
  C:495DH         LINE#         86
  C:4978H         LINE#         87
  -------         ENDPROC       _MOVE
  C:3334H         SYMBOL        L?0058
  C:3348H         SYMBOL        L?0059
  -------         PROC          L?0057
  -------         ENDPROC       L?0057
  C:3334H         SYMBOL        L?0058
  C:3348H         SYMBOL        L?0059
  -------         PROC          _FINDDET3X3
  X:05EBH         SYMBOL        a11
  X:05EFH         SYMBOL        a12
  X:05F3H         SYMBOL        a13
  X:05F7H         SYMBOL        a21
  X:05FBH         SYMBOL        a22
  X:05FFH         SYMBOL        a23
  X:0603H         SYMBOL        a31
  X:0607H         SYMBOL        a32
  X:060BH         SYMBOL        a33
  C:3353H         LINE#         91
  C:3359H         LINE#         95
  C:3359H         LINE#         96
  C:34F0H         LINE#         98
  -------         ENDPROC       _FINDDET3X3
BL51 BANKED LINKER/LOCATER V6.22                                                      02/25/2019  15:31:56  PAGE 30


  -------         PROC          _FINDDET4X4
  X:05ABH         SYMBOL        a11
  X:05AFH         SYMBOL        a12
  X:05B3H         SYMBOL        a13
  X:05B7H         SYMBOL        a14
  X:05BBH         SYMBOL        a21
  X:05BFH         SYMBOL        a22
  X:05C3H         SYMBOL        a23
  X:05C7H         SYMBOL        a24
  X:05CBH         SYMBOL        a31
  X:05CFH         SYMBOL        a32
  X:05D3H         SYMBOL        a33
  X:05D7H         SYMBOL        a34
  X:05DBH         SYMBOL        a41
  X:05DFH         SYMBOL        a42
  X:05E3H         SYMBOL        a43
  X:05E7H         SYMBOL        a44
  C:2DC0H         LINE#         99
  C:2DC6H         LINE#         103
  C:2DC6H         LINE#         110
  C:307FH         LINE#         114
  -------         ENDPROC       _FINDDET4X4
  C:3EE7H         SYMBOL        L?0061
  -------         PROC          L?0060
  -------         ENDPROC       L?0060
  C:3EE7H         SYMBOL        L?0061
  -------         PROC          LINEAR_INTERPOLATE
  X:046AH         SYMBOL        p1
  X:0472H         SYMBOL        p2
  X:047AH         SYMBOL        x
  -------         DO            
  D:0004H         SYMBOL        fx
  -------         ENDDO         
  C:3EF8H         LINE#         120
  C:3EF8H         LINE#         121
  C:3EF8H         LINE#         124
  C:3F97H         LINE#         126
  C:3F97H         LINE#         127
  -------         ENDPROC       LINEAR_INTERPOLATE
  -------         PROC          _UPDATE_POSITION
  D:0001H         SYMBOL        mnths
  D:0002H         SYMBOL        dys
  X:03CDH         SYMBOL        hurs
  X:03CEH         SYMBOL        mns
  X:03CFH         SYMBOL        sconds
  X:03D0H         SYMBOL        currnt_pos
  X:03D3H         SYMBOL        offset_calib
  -------         DO            
  X:03D7H         SYMBOL        date
  X:03D9H         SYMBOL        i
  X:03DBH         SYMBOL        yy
  X:03DDH         SYMBOL        desired_distance
  X:03E1H         SYMBOL        distance
  X:03E5H         SYMBOL        JP_pos
  X:03E9H         SYMBOL        pos_interpolate_azimuth
  X:0425H         SYMBOL        current_local_sun_time
  X:0429H         SYMBOL        azimuth
BL51 BANKED LINKER/LOCATER V6.22                                                      02/25/2019  15:31:56  PAGE 31


  X:042DH         SYMBOL        elevation
  X:0431H         SYMBOL        time_offset
  X:0435H         SYMBOL        UTC_time
  X:0439H         SYMBOL        declination
  X:043DH         SYMBOL        p1
  X:0445H         SYMBOL        p2
  X:044DH         SYMBOL        time
  X:045FH         SYMBOL        location
  X:0467H         SYMBOL        sunCoord
  -------         ENDDO         
  C:000EH         LINE#         131
  C:0017H         LINE#         134
  C:0017H         LINE#         135
  C:0022H         LINE#         137
  C:003EH         LINE#         138
  C:0048H         LINE#         146
  C:0052H         LINE#         147
  C:005CH         LINE#         148
  C:0066H         LINE#         149
  C:0071H         LINE#         150
  C:007CH         LINE#         151
  C:0095H         LINE#         152
  C:00A6H         LINE#         153
  C:00B5H         LINE#         156
  C:00C9H         LINE#         160
  C:011BH         LINE#         161
  C:027FH         LINE#         162
  C:02CFH         LINE#         164
  C:03F7H         LINE#         166
  C:04C6H         LINE#         173
  C:050DH         LINE#         174
  C:050DH         LINE#         176
  C:0527H         LINE#         177
  C:0527H         LINE#         178
  C:0597H         LINE#         179
  C:0597H         LINE#         180
  C:059EH         LINE#         181
  C:059EH         LINE#         182
  C:05CBH         LINE#         183
  C:05E6H         LINE#         185
  C:062DH         LINE#         186
  C:0661H         LINE#         188
  C:06A7H         LINE#         189
  C:06CAH         LINE#         191
  C:06CAH         LINE#         193
  C:0740H         LINE#         194
  C:0740H         LINE#         195
  C:0747H         LINE#         196
  C:0747H         LINE#         197
  C:0774H         LINE#         198
  C:078FH         LINE#         200
  C:07D6H         LINE#         201
  C:080AH         LINE#         203
  C:0850H         LINE#         204
  C:0870H         LINE#         206
  C:0870H         LINE#         207
  C:0881H         LINE#         210
BL51 BANKED LINKER/LOCATER V6.22                                                      02/25/2019  15:31:56  PAGE 32


  C:089BH         LINE#         211
  C:089BH         LINE#         212
  C:090BH         LINE#         213
  C:090BH         LINE#         214
  C:0938H         LINE#         215
  C:0953H         LINE#         217
  C:0980H         LINE#         218
  C:099BH         LINE#         220
  C:09CDH         LINE#         223
  C:09CDH         LINE#         225
  C:09DEH         LINE#         227
  C:0A0DH         LINE#         229
  C:0A32H         LINE#         230
  C:0A97H         LINE#         231
  C:0A97H         LINE#         232
  C:0AB1H         LINE#         233
  C:0AC3H         LINE#         234
  C:0ADBH         LINE#         235
  C:0AF1H         LINE#         237
  C:0B0DH         LINE#         238
  C:0B0DH         LINE#         239
  C:0B0DH         LINE#         242
  -------         ENDPROC       _UPDATE_POSITION
  -------         ENDMOD        BIPOLARMOTOR

  -------         MODULE        SUNPOS
  C:0000H         SYMBOL        _ICE_DUMMY_
  C:1F1CH         PUBLIC        sunpos
  -------         PROC          SUNPOS
  X:046AH         SYMBOL        udtTime
  X:047CH         SYMBOL        udtLocation
  X:0484H         SYMBOL        udtSunCoordinates
  -------         DO            
  X:0487H         SYMBOL        dElapsedJulianDays
  X:048BH         SYMBOL        dDecimalHours
  X:048FH         SYMBOL        dEclipticLongitude
  X:0493H         SYMBOL        dEclipticObliquity
  X:0497H         SYMBOL        dRightAscension
  X:049BH         SYMBOL        dDeclination
  X:049FH         SYMBOL        dY
  X:04A3H         SYMBOL        dX
  -------         DO            
  X:04A7H         SYMBOL        dJulianDate
  X:04ABH         SYMBOL        liAux1
  X:04AFH         SYMBOL        liAux2
  X:04A7H         SYMBOL        dMeanLongitude
  X:04ABH         SYMBOL        dMeanAnomaly
  X:04AFH         SYMBOL        dOmega
  X:04A7H         SYMBOL        dSin_EclipticLongitude
  X:04A7H         SYMBOL        dGreenwichMeanSiderealTime
  X:04ABH         SYMBOL        dLocalMeanSiderealTime
  X:04AFH         SYMBOL        dLatitudeInRadians
  X:04B3H         SYMBOL        dHourAngle
  X:04B7H         SYMBOL        dCos_Latitude
  X:04BBH         SYMBOL        dSin_Latitude
  X:04BFH         SYMBOL        dCos_HourAngle
  X:04C3H         SYMBOL        dParallax
BL51 BANKED LINKER/LOCATER V6.22                                                      02/25/2019  15:31:56  PAGE 33


  -------         ENDDO         
  -------         DO            
  X:04A7H         SYMBOL        dMeanLongitude
  X:04ABH         SYMBOL        dMeanAnomaly
  X:04AFH         SYMBOL        dOmega
  X:04A7H         SYMBOL        dSin_EclipticLongitude
  X:04A7H         SYMBOL        dGreenwichMeanSiderealTime
  X:04ABH         SYMBOL        dLocalMeanSiderealTime
  X:04AFH         SYMBOL        dLatitudeInRadians
  X:04B3H         SYMBOL        dHourAngle
  X:04B7H         SYMBOL        dCos_Latitude
  X:04BBH         SYMBOL        dSin_Latitude
  X:04BFH         SYMBOL        dCos_HourAngle
  X:04C3H         SYMBOL        dParallax
  -------         ENDDO         
  -------         DO            
  X:04A7H         SYMBOL        dSin_EclipticLongitude
  X:04A7H         SYMBOL        dGreenwichMeanSiderealTime
  X:04ABH         SYMBOL        dLocalMeanSiderealTime
  X:04AFH         SYMBOL        dLatitudeInRadians
  X:04B3H         SYMBOL        dHourAngle
  X:04B7H         SYMBOL        dCos_Latitude
  X:04BBH         SYMBOL        dSin_Latitude
  X:04BFH         SYMBOL        dCos_HourAngle
  X:04C3H         SYMBOL        dParallax
  -------         ENDDO         
  -------         DO            
  X:04A7H         SYMBOL        dGreenwichMeanSiderealTime
  X:04ABH         SYMBOL        dLocalMeanSiderealTime
  X:04AFH         SYMBOL        dLatitudeInRadians
  X:04B3H         SYMBOL        dHourAngle
  X:04B7H         SYMBOL        dCos_Latitude
  X:04BBH         SYMBOL        dSin_Latitude
  X:04BFH         SYMBOL        dCos_HourAngle
  X:04C3H         SYMBOL        dParallax
  -------         ENDDO         
  -------         ENDDO         
  C:1F1CH         LINE#         6
  C:1F1CH         LINE#         7
  C:1F1CH         LINE#         9
  C:1F1CH         LINE#         27
  C:1F66H         LINE#         30
  C:1F87H         LINE#         31
  C:20CEH         LINE#         34
  C:211AH         LINE#         36
  C:2139H         LINE#         37
  C:2139H         LINE#         42
  C:2139H         LINE#         46
  C:216BH         LINE#         47
  C:2195H         LINE#         48
  C:21BFH         LINE#         49
  C:226CH         LINE#         52
  C:22CDH         LINE#         54
  C:22CDH         LINE#         59
  C:22CDH         LINE#         61
  C:22E4H         LINE#         62
  C:230CH         LINE#         63
BL51 BANKED LINKER/LOCATER V6.22                                                      02/25/2019  15:31:56  PAGE 34


  C:2323H         LINE#         64
  C:234EH         LINE#         65
  C:2385H         LINE#         66
  C:23B0H         LINE#         67
  C:23B0H         LINE#         70
  C:23B0H         LINE#         79
  C:23EBH         LINE#         82
  C:2425H         LINE#         84
  C:244AH         LINE#         85
  C:2469H         LINE#         86
  C:2480H         LINE#         87
  C:2497H         LINE#         88
  C:24AEH         LINE#         89
  C:2537H         LINE#         91
  C:2551H         LINE#         92
  C:25B3H         LINE#         93
  C:25E9H         LINE#         94
  C:25FBH         LINE#         95
  C:2628H         LINE#         96
  C:2655H         LINE#         98
  C:2677H         LINE#         100
  C:26AFH         LINE#         103
  C:26AFH         LINE#         104
  C:26BDH         LINE#         105
  -------         ENDPROC       SUNPOS
  -------         ENDMOD        SUNPOS

  -------         MODULE        ADC
  C:0000H         SYMBOL        _ICE_DUMMY_
  D:0092H         PUBLIC        P1M0
  D:0091H         PUBLIC        P1M1
  D:0080H         PUBLIC        P0
  D:0090H         PUBLIC        P1
  D:00A0H         PUBLIC        P2
  D:00B0H         PUBLIC        P3
  D:00C0H         PUBLIC        P4
  D:00C8H         PUBLIC        P5
  D:00E8H         PUBLIC        P6
  D:00F8H         PUBLIC        P7
  D:00A8H         PUBLIC        IE
  D:00BDH         PUBLIC        ADC_RES
  D:00B8H         PUBLIC        IP
  D:0097H         PUBLIC        CLK_DIV
  D:00D8H         PUBLIC        CCON
  D:00BCH         PUBLIC        ADC_CONTR
  D:0098H         PUBLIC        SCON
  D:0088H         PUBLIC        TCON
  B:00A0H.4       PUBLIC        P24
  B:00A0H.5       PUBLIC        P25
[...]
  C:46DCH         LINE#         71
  C:46DCH         LINE#         72
  C:46DCH         LINE#         73
  C:46DCH         LINE#         74
  C:46DFH         LINE#         75
  C:46E3H         LINE#         78
  C:4702H         LINE#         79
  C:4704H         LINE#         80
  C:4707H         LINE#         81
  C:470EH         LINE#         82
  -------         ENDPROC       AT25SF041_WRITEENABLE
  -------         PROC          _AT25SF041_WRITE
  D:0003H         SYMBOL        opcode
  X:03B1H         SYMBOL        addr
  X:03B5H         SYMBOL        dat
  -------         DO            
  X:03B6H         SYMBOL        i
  -------         ENDDO         
  C:3D02H         LINE#         85
  C:3D04H         LINE#         86
  C:3D04H         LINE#         87
  C:3D04H         LINE#         88
BL51 BANKED LINKER/LOCATER V6.22                                                      02/25/2019  15:31:56  PAGE 44


  C:3D06H         LINE#         89
  C:3D09H         LINE#         92
  C:3D10H         LINE#         93
  C:3D10H         LINE#         94
  C:3D12H         LINE#         95
  C:3D15H         LINE#         96
  C:3D19H         LINE#         97
  C:3D19H         LINE#         98
  C:3D1BH         LINE#         99
  C:3D1DH         LINE#         101
  C:3D1DH         LINE#         102
  C:3D1FH         LINE#         104
  C:3D1FH         LINE#         105
  C:3D1FH         LINE#         106
  C:3D1FH         LINE#         107
  C:3D22H         LINE#         108
  C:3D26H         LINE#         111
  C:3D45H         LINE#         113
  C:3D4CH         LINE#         114
  C:3D4CH         LINE#         115
  C:3D4EH         LINE#         116
  C:3D51H         LINE#         117
  C:3D6AH         LINE#         118
  C:3D6AH         LINE#         119
  C:3D6CH         LINE#         120
  C:3D6EH         LINE#         122
  C:3D6EH         LINE#         123
  C:3D70H         LINE#         125
  C:3D70H         LINE#         126
  C:3D70H         LINE#         127
  C:3D70H         LINE#         128
  C:3D73H         LINE#         129
  C:3D8CH         LINE#         131
  C:3DABH         LINE#         133
  C:3DB2H         LINE#         134
  C:3DB2H         LINE#         135
  C:3DB4H         LINE#         136
  C:3DB7H         LINE#         137
  C:3DBEH         LINE#         138
  C:3DBEH         LINE#         139
  C:3DC0H         LINE#         140
  C:3DC2H         LINE#         142
  C:3DC2H         LINE#         143
  C:3DC4H         LINE#         145
  C:3DC4H         LINE#         146
  C:3DC4H         LINE#         147
  C:3DC4H         LINE#         148
  C:3DC7H         LINE#         149
  C:3DCEH         LINE#         151
  C:3DEDH         LINE#         153
  C:3DEFH         LINE#         154
  C:3DF2H         LINE#         155
  C:3DF9H         LINE#         157
  -------         ENDPROC       _AT25SF041_WRITE
  -------         PROC          _AT25SF041_READ
  D:0003H         SYMBOL        opcode
  X:0619H         SYMBOL        addr
BL51 BANKED LINKER/LOCATER V6.22                                                      02/25/2019  15:31:56  PAGE 45


  -------         DO            
  X:061DH         SYMBOL        dat
  X:061EH         SYMBOL        i
  -------         ENDDO         
  C:3BF5H         LINE#         159
  C:3BF7H         LINE#         160
  C:3BF7H         LINE#         161
  C:3BFCH         LINE#         163
  C:3BFEH         LINE#         164
  C:3C04H         LINE#         168
  C:3C09H         LINE#         169
  C:3C09H         LINE#         170
  C:3C0BH         LINE#         171
  C:3C0EH         LINE#         172
  C:3C12H         LINE#         173
  C:3C12H         LINE#         174
  C:3C14H         LINE#         175
  C:3C16H         LINE#         177
  C:3C16H         LINE#         178
  C:3C18H         LINE#         180
  C:3C18H         LINE#         181
  C:3C18H         LINE#         182
  C:3C18H         LINE#         183
  C:3C1BH         LINE#         184
  C:3C1FH         LINE#         187
  C:3C3EH         LINE#         189
  C:3C45H         LINE#         190
  C:3C45H         LINE#         191
  C:3C47H         LINE#         192
  C:3C4AH         LINE#         193
  C:3C63H         LINE#         194
  C:3C63H         LINE#         195
  C:3C65H         LINE#         196
  C:3C67H         LINE#         198
  C:3C67H         LINE#         199
  C:3C69H         LINE#         201
  C:3C69H         LINE#         202
  C:3C69H         LINE#         203
  C:3C69H         LINE#         204
  C:3C6CH         LINE#         205
  C:3C85H         LINE#         207
  C:3CA4H         LINE#         210
  C:3CABH         LINE#         212
  C:3CADH         LINE#         213
  C:3CB4H         LINE#         215
  C:3CBBH         LINE#         216
  C:3CBBH         LINE#         217
  C:3CC2H         LINE#         218
  C:3CC2H         LINE#         219
  C:3CC5H         LINE#         220
  C:3CC7H         LINE#         221
  C:3CCAH         LINE#         223
  C:3CCDH         LINE#         224
  C:3CCDH         LINE#         226
  C:3CD1H         LINE#         227
  C:3CD1H         LINE#         233
  C:3CF0H         LINE#         236
BL51 BANKED LINKER/LOCATER V6.22                                                      02/25/2019  15:31:56  PAGE 46


  C:3CF2H         LINE#         237
  C:3CF5H         LINE#         238
  C:3CFCH         LINE#         240
  C:3D01H         LINE#         242
  -------         ENDPROC       _AT25SF041_READ
  -------         PROC          UCREAD_STATUS_REGISTER_BYTE1
  -------         DO            
  D:0003H         SYMBOL        dat
  D:0001H         SYMBOL        opcode
  X:03B8H         SYMBOL        count
  X:03B9H         SYMBOL        i
  -------         ENDDO         
  C:41ACH         LINE#         246
  C:41ACH         LINE#         247
  C:41ACH         LINE#         248
  C:41B2H         LINE#         249
  C:41B6H         LINE#         250
  C:41B8H         LINE#         251
  C:41BAH         LINE#         252
  C:41C0H         LINE#         256
  C:41C7H         LINE#         257
  C:41C7H         LINE#         258
  C:41C9H         LINE#         259
  C:41CCH         LINE#         260
  C:41D0H         LINE#         261
  C:41D0H         LINE#         262
  C:41D2H         LINE#         263
  C:41D4H         LINE#         265
  C:41D4H         LINE#         266
  C:41D6H         LINE#         268
  C:41D6H         LINE#         269
  C:41D6H         LINE#         270
  C:41D6H         LINE#         271
  C:41D9H         LINE#         272
  C:41DDH         LINE#         275
  C:41FCH         LINE#         279
  C:4203H         LINE#         281
  C:4205H         LINE#         282
  C:420CH         LINE#         283
  C:4213H         LINE#         284
  C:4213H         LINE#         285
  C:4217H         LINE#         286
  C:4217H         LINE#         287
  C:421AH         LINE#         288
  C:421CH         LINE#         289
  C:421FH         LINE#         291
  C:4222H         LINE#         292
  C:4222H         LINE#         294
  C:4226H         LINE#         295
  C:4226H         LINE#         297
  C:4245H         LINE#         301
  C:4247H         LINE#         302
  C:424AH         LINE#         303
  C:424CH         LINE#         304
  -------         ENDPROC       UCREAD_STATUS_REGISTER_BYTE1
  -------         ENDMOD        AT25SF041

BL51 BANKED LINKER/LOCATER V6.22                                                      02/25/2019  15:31:56  PAGE 47


  -------         MODULE        ?C_STARTUP
  C:441BH         SEGMENT       ?C_C51STARTUP
  I:0022H         SEGMENT       ?STACK
  C:0000H         PUBLIC        ?C_STARTUP
  D:00E0H         SYMBOL        ACC
  D:00F0H         SYMBOL        B
  D:0083H         SYMBOL        DPH
  D:0082H         SYMBOL        DPL
  N:0000H         SYMBOL        IBPSTACK
  N:0100H         SYMBOL        IBPSTACKTOP
  N:0080H         SYMBOL        IDATALEN
  C:441EH         SYMBOL        IDATALOOP
  N:0000H         SYMBOL        PBPSTACK
  N:0100H         SYMBOL        PBPSTACKTOP
  N:0000H         SYMBOL        PDATALEN
  N:0000H         SYMBOL        PDATASTART
  N:0000H         SYMBOL        PPAGE
  N:0000H         SYMBOL        PPAGEENABLE
  D:00A0H         SYMBOL        PPAGE_SFR
  D:0081H         SYMBOL        SP
  C:441BH         SYMBOL        STARTUP1
  N:0000H         SYMBOL        XBPSTACK
  N:0000H         SYMBOL        XBPSTACKTOP
  N:0000H         SYMBOL        XDATALEN
  N:0000H         SYMBOL        XDATASTART
  C:0000H         LINE#         126
  C:441BH         LINE#         133
  C:441DH         LINE#         134
  C:441EH         LINE#         135
  C:441FH         LINE#         136
  C:4421H         LINE#         185
  C:4424H         LINE#         196
  -------         ENDMOD        ?C_STARTUP

  -------         MODULE        ?C?FPADD
  C:156DH         PUBLIC        ?C?FPADD
  C:1569H         PUBLIC        ?C?FPSUB
  -------         ENDMOD        ?C?FPADD

  -------         MODULE        ?C?FPMUL
  C:165EH         PUBLIC        ?C?FPMUL
  -------         ENDMOD        ?C?FPMUL

  -------         MODULE        ?C?FPDIV
  C:1767H         PUBLIC        ?C?FPDIV
  -------         ENDMOD        ?C?FPDIV

  -------         MODULE        ?C?FPCMP
  C:1806H         PUBLIC        ?C?FPCMP
  C:1804H         PUBLIC        ?C?FPCMP3
  -------         ENDMOD        ?C?FPCMP

  -------         MODULE        ?C?FPNEG
  C:187DH         PUBLIC        ?C?FPNEG
  -------         ENDMOD        ?C?FPNEG

  -------         MODULE        ?C?FCAST
BL51 BANKED LINKER/LOCATER V6.22                                                      02/25/2019  15:31:56  PAGE 48


  C:1898H         PUBLIC        ?C?FCASTC
  C:1893H         PUBLIC        ?C?FCASTI
  C:188EH         PUBLIC        ?C?FCASTL
  -------         ENDMOD        ?C?FCAST

  -------         MODULE        ?C?CASTF
  C:18CCH         PUBLIC        ?C?CASTF
  -------         ENDMOD        ?C?CASTF

  -------         MODULE        ATAN2
  X:04C7H         PUBLIC        ?_atan2?BYTE
  C:424DH         PUBLIC        _atan2
  -------         ENDMOD        ATAN2

  -------         MODULE        SIN
  C:36C6H         PUBLIC        _COS
  C:36DCH         PUBLIC        _SIN
  C:3718H         PUBLIC        _TAN
  -------         ENDMOD        SIN

  -------         MODULE        ACOS
  C:4759H         PUBLIC        _ACOS
  -------         ENDMOD        ACOS

  -------         MODULE        ASIN
  C:4867H         PUBLIC        _ASIN
  -------         ENDMOD        ASIN

  -------         MODULE        SQRT
  C:4104H         PUBLIC        _SQRT
  -------         ENDMOD        SQRT

  -------         MODULE        ATAN
  C:3AF3H         PUBLIC        _ATAN
  -------         ENDMOD        ATAN

  -------         MODULE        ?C?COPY
  C:1A6AH         PUBLIC        ?C?COPY
  -------         ENDMOD        ?C?COPY

  -------         MODULE        ?C?CLDPTR
  C:1A90H         PUBLIC        ?C?CLDPTR
  -------         ENDMOD        ?C?CLDPTR

  -------         MODULE        ?C?CLDOPTR
  C:1AA9H         PUBLIC        ?C?CLDOPTR
  -------         ENDMOD        ?C?CLDOPTR

  -------         MODULE        ?C?CSTPTR
  C:1AD6H         PUBLIC        ?C?CSTPTR
  -------         ENDMOD        ?C?CSTPTR

  -------         MODULE        ?C?IMUL
  C:1AE8H         PUBLIC        ?C?IMUL
  -------         ENDMOD        ?C?IMUL

  -------         MODULE        ?C?UIDIV
BL51 BANKED LINKER/LOCATER V6.22                                                      02/25/2019  15:31:56  PAGE 49


  C:1AFAH         PUBLIC        ?C?UIDIV
  -------         ENDMOD        ?C?UIDIV

  -------         MODULE        ?C?SIDIV
  C:1B4FH         PUBLIC        ?C?SIDIV
  -------         ENDMOD        ?C?SIDIV

  -------         MODULE        ?C?ILDIX
  C:1B85H         PUBLIC        ?C?ILDIX
  -------         ENDMOD        ?C?ILDIX

  -------         MODULE        ?C?ILDOPTR
  C:1B9BH         PUBLIC        ?C?ILDOPTR
  -------         ENDMOD        ?C?ILDOPTR

  -------         MODULE        ?C?ISTPTR
  C:1BD3H         PUBLIC        ?C?ISTPTR
  -------         ENDMOD        ?C?ISTPTR

  -------         MODULE        ?C?LMUL
  C:1BF2H         PUBLIC        ?C?LMUL
  -------         ENDMOD        ?C?LMUL

  -------         MODULE        ?C?SLDIV
  C:47A3H         PUBLIC        ?C?SLDIV
  -------         ENDMOD        ?C?SLDIV

  -------         MODULE        ?C?LNEG
  C:1C41H         PUBLIC        ?C?LNEG
  -------         ENDMOD        ?C?LNEG

  -------         MODULE        ?C?ULCMP
  C:1C4FH         PUBLIC        ?C?ULCMP
  -------         ENDMOD        ?C?ULCMP

  -------         MODULE        ?C?LSHL
  C:1C60H         PUBLIC        ?C?LSHL
  -------         ENDMOD        ?C?LSHL

  -------         MODULE        ?C?LLDPTR
  C:1C73H         PUBLIC        ?C?LLDPTR
  -------         ENDMOD        ?C?LLDPTR

  -------         MODULE        ?C?LLDOPTR
  C:1C93H         PUBLIC        ?C?LLDOPTR
  -------         ENDMOD        ?C?LLDOPTR

  -------         MODULE        ?C?LSTPTR
  C:1CC3H         PUBLIC        ?C?LSTPTR
  -------         ENDMOD        ?C?LSTPTR

  -------         MODULE        ?C?LSTOPTR
  C:1CDDH         PUBLIC        ?C?LSTOPTR
  -------         ENDMOD        ?C?LSTOPTR

  -------         MODULE        ?C?LLDXDATA
  C:1D01H         PUBLIC        ?C?LLDXDATA
BL51 BANKED LINKER/LOCATER V6.22                                                      02/25/2019  15:31:56  PAGE 50


  -------         ENDMOD        ?C?LLDXDATA

  -------         MODULE        ?C?LLDCODE
  C:1D0DH         PUBLIC        ?C?LLDCODE
  -------         ENDMOD        ?C?LLDCODE

  -------         MODULE        ?C?LLDXDATA0
  C:1D1DH         PUBLIC        ?C?LLDXDATA0
  -------         ENDMOD        ?C?LLDXDATA0

  -------         MODULE        ?C?LLDCODE0
  C:1D29H         PUBLIC        ?C?LLDCODE0
  -------         ENDMOD        ?C?LLDCODE0

  -------         MODULE        ?C?LLDPTR0
  C:1D39H         PUBLIC        ?C?LLDPTR0
  -------         ENDMOD        ?C?LLDPTR0

  -------         MODULE        ?C?LSTXDATA
  C:1D59H         PUBLIC        ?C?LSTXDATA
  -------         ENDMOD        ?C?LSTXDATA

  -------         MODULE        ?C?LSTKXDATA
  C:1D65H         PUBLIC        ?C?LSTKXDATA
  -------         ENDMOD        ?C?LSTKXDATA

  -------         MODULE        ?C?LSTKPTR
  C:1D96H         PUBLIC        ?C?LSTKPTR
  -------         ENDMOD        ?C?LSTKPTR

  -------         MODULE        ?C?OFFXADD
  C:1DB0H         PUBLIC        ?C?OFFXADD
  -------         ENDMOD        ?C?OFFXADD

  -------         MODULE        ABS
  C:4B8FH         PUBLIC        _ABS
  -------         ENDMOD        ABS

  -------         MODULE        ATOI
  C:3DFAH         PUBLIC        _atoi
  -------         ENDMOD        ATOI

  -------         MODULE        ?C?IILDX
  C:1DBCH         PUBLIC        ?C?IILDX
  -------         ENDMOD        ?C?IILDX

  -------         MODULE        ?C?ULDIV
  C:1E0EH         PUBLIC        ?C?ULDIV
  -------         ENDMOD        ?C?ULDIV

  -------         MODULE        ?C?LLDIDATA
  C:1EA0H         PUBLIC        ?C?LLDIDATA
  -------         ENDMOD        ?C?LLDIDATA

  -------         MODULE        ?C?LLDPDATA
  C:1EACH         PUBLIC        ?C?LLDPDATA
  -------         ENDMOD        ?C?LLDPDATA
BL51 BANKED LINKER/LOCATER V6.22                                                      02/25/2019  15:31:56  PAGE 51



  -------         MODULE        ?C?LLDIDATA0
  C:1EB8H         PUBLIC        ?C?LLDIDATA0
  -------         ENDMOD        ?C?LLDIDATA0

  -------         MODULE        ?C?LLDPDATA0
  C:1EC5H         PUBLIC        ?C?LLDPDATA0
  -------         ENDMOD        ?C?LLDPDATA0

  -------         MODULE        ?C?LSTIDATA
  C:1ED2H         PUBLIC        ?C?LSTIDATA
  -------         ENDMOD        ?C?LSTIDATA

  -------         MODULE        ?C?LSTPDATA
  C:1EDEH         PUBLIC        ?C?LSTPDATA
  -------         ENDMOD        ?C?LSTPDATA

  -------         MODULE        ?C?LSTKIDATA
  C:1EEAH         PUBLIC        ?C?LSTKIDATA
  -------         ENDMOD        ?C?LSTKIDATA

  -------         MODULE        ?C?LSTKPDATA
  C:1F03H         PUBLIC        ?C?LSTKPDATA
  -------         ENDMOD        ?C?LSTKPDATA

  -------         MODULE        ISDIGIT
  C:4B67H         PUBLIC        _isdigit
  -------         ENDMOD        ISDIGIT

  -------         MODULE        ISSPACE
  C:4B02H         PUBLIC        _isspace
  -------         ENDMOD        ISSPACE

*** WARNING L16: UNCALLED SEGMENT, IGNORED FOR OVERLAY PROCESS
    SEGMENT: ?PR?_DISPLAY_PROX?MAIN

*** WARNING L16: UNCALLED SEGMENT, IGNORED FOR OVERLAY PROCESS
    SEGMENT: ?PR?_DAY_OF_YEAR?PCF85063BTL

*** WARNING L16: UNCALLED SEGMENT, IGNORED FOR OVERLAY PROCESS
    SEGMENT: ?PR?INITUART1?UART1

*** WARNING L16: UNCALLED SEGMENT, IGNORED FOR OVERLAY PROCESS
    SEGMENT: ?PR?_SENDSTRING?UART1

*** WARNING L16: UNCALLED SEGMENT, IGNORED FOR OVERLAY PROCESS
    SEGMENT: ?PR?_TEN?UART1

*** WARNING L16: UNCALLED SEGMENT, IGNORED FOR OVERLAY PROCESS
    SEGMENT: ?PR?_UNIT?UART1

*** WARNING L16: UNCALLED SEGMENT, IGNORED FOR OVERLAY PROCESS
    SEGMENT: ?PR?_DECTOBCD?UART1

*** WARNING L16: UNCALLED SEGMENT, IGNORED FOR OVERLAY PROCESS
    SEGMENT: ?PR?_ASCII_LETTER?UART1

BL51 BANKED LINKER/LOCATER V6.22                                                      02/25/2019  15:31:56  PAGE 52


*** WARNING L16: UNCALLED SEGMENT, IGNORED FOR OVERLAY PROCESS
    SEGMENT: ?PR?_ASCIITOBCD?UART1

*** WARNING L16: UNCALLED SEGMENT, IGNORED FOR OVERLAY PROCESS
    SEGMENT: ?PR?WAIT?BIPOLARMOTOR

*** WARNING L16: UNCALLED SEGMENT, IGNORED FOR OVERLAY PROCESS
    SEGMENT: ?PR?_FINDDET4X4?BIPOLARMOTOR

*** WARNING L16: UNCALLED SEGMENT, IGNORED FOR OVERLAY PROCESS
    SEGMENT: ?PR?NOP?IOEXPANDER_PI4IOE5V96248

*** WARNING L16: UNCALLED SEGMENT, IGNORED FOR OVERLAY PROCESS
    SEGMENT: ?PR?UC_ACK?IOEXPANDER_PI4IOE5V96248

*** WARNING L16: UNCALLED SEGMENT, IGNORED FOR OVERLAY PROCESS
    SEGMENT: ?PR?UC_NACK?IOEXPANDER_PI4IOE5V96248

*** WARNING L16: UNCALLED SEGMENT, IGNORED FOR OVERLAY PROCESS
    SEGMENT: ?PR?_AT25SF041_READ?AT25SF041

*** WARNING L1: UNRESOLVED EXTERNAL SYMBOL
    SYMBOL:  AUTO_MODE
    MODULE:  .\Obj\main.obj (MAIN)

*** WARNING L2: REFERENCE MADE TO UNRESOLVED EXTERNAL
    SYMBOL:  AUTO_MODE
    MODULE:  .\Obj\main.obj (MAIN)
    ADDRESS: 0B3BH

*** WARNING L2: REFERENCE MADE TO UNRESOLVED EXTERNAL
    SYMBOL:  AUTO_MODE
    MODULE:  .\Obj\main.obj (MAIN)
    ADDRESS: 0E1AH

*** WARNING L2: REFERENCE MADE TO UNRESOLVED EXTERNAL
    SYMBOL:  AUTO_MODE
    MODULE:  .\Obj\main.obj (MAIN)
    ADDRESS: 0E28H

*** WARNING L2: REFERENCE MADE TO UNRESOLVED EXTERNAL
    SYMBOL:  AUTO_MODE
    MODULE:  .\Obj\main.obj (MAIN)
    ADDRESS: 0E3AH

*** WARNING L2: REFERENCE MADE TO UNRESOLVED EXTERNAL
    SYMBOL:  AUTO_MODE
    MODULE:  .\Obj\main.obj (MAIN)
    ADDRESS: 0E7CH

*** WARNING L2: REFERENCE MADE TO UNRESOLVED EXTERNAL
    SYMBOL:  AUTO_MODE
    MODULE:  .\Obj\main.obj (MAIN)
    ADDRESS: 0F4FH

*** WARNING L1: UNRESOLVED EXTERNAL SYMBOL
    SYMBOL:  _SENDUART1
BL51 BANKED LINKER/LOCATER V6.22                                                      02/25/2019  15:31:56  PAGE 53


    MODULE:  .\Obj\UART1.obj (UART1)

*** WARNING L2: REFERENCE MADE TO UNRESOLVED EXTERNAL
    SYMBOL:  _SENDUART1
    MODULE:  .\Obj\UART1.obj (UART1)
    ADDRESS: 48D0H

*** WARNING L1: UNRESOLVED EXTERNAL SYMBOL
    SYMBOL:  AUTO_MODE
    MODULE:  .\Obj\KeyPad.obj (KEYPAD)

*** WARNING L2: REFERENCE MADE TO UNRESOLVED EXTERNAL
    SYMBOL:  AUTO_MODE
    MODULE:  .\Obj\KeyPad.obj (KEYPAD)
    ADDRESS: 30CDH

*** WARNING L2: REFERENCE MADE TO UNRESOLVED EXTERNAL
    SYMBOL:  AUTO_MODE
    MODULE:  .\Obj\KeyPad.obj (KEYPAD)
    ADDRESS: 30D8H

*** WARNING L2: REFERENCE MADE TO UNRESOLVED EXTERNAL
    SYMBOL:  AUTO_MODE
    MODULE:  .\Obj\KeyPad.obj (KEYPAD)
    ADDRESS: 30DFH

Program Size: data=10.2 xdata=1582 code=19393
LINK/LOCATE RUN COMPLETE.  28 WARNING(S),  0 ERROR(S)
