BL51 BANKED LINKER/LOCATER V6.22                                                        01/29/2020  11:26:31  PAGE 1


BL51 BANKED LINKER/LOCATER V6.22, INVOKED BY:
C:\KEIL_V5\C51\BIN\BL51.EXE .\Obj\main.obj, .\Obj\PCF85063BTL.obj, .\Obj\LCd_Driver_SPLC780D.obj, .\Obj\KeyPad.obj, .\Ob
>> j\BipolarMotor.obj, .\Obj\SunPos.obj, .\Obj\ADC.obj, .\Obj\Calibration.obj, .\Obj\IOExpander_PI4IOE5V96248.obj, .\Obj
>> \AT25SF041.obj, .\Obj\SI1120.obj, .\Obj\UART1.obj, .\Obj\STARTUP.obj TO .\Obj\GPIO_RTC_Test RTX51TINY PRINT (.\Lis\GP
>> IO_RTC_Test.m51) RAMSIZE (256)


MEMORY MODEL: LARGE WITH FLOATING POINT ARITHMETIC


INPUT MODULES INCLUDED:
  .\Obj\main.obj (MAIN)
  .\Obj\PCF85063BTL.obj (PCF85063BTL)
  .\Obj\LCd_Driver_SPLC780D.obj (LCD_DRIVER_SPLC780D)
  .\Obj\KeyPad.obj (KEYPAD)
  .\Obj\BipolarMotor.obj (BIPOLARMOTOR)
  .\Obj\SunPos.obj (SUNPOS)
  .\Obj\ADC.obj (ADC)
  .\Obj\Calibration.obj (CALIBRATION)
  .\Obj\IOExpander_PI4IOE5V96248.obj (IOEXPANDER_PI4IOE5V96248)
  .\Obj\AT25SF041.obj (AT25SF041)
  .\Obj\SI1120.obj (SI1120)
  .\Obj\UART1.obj (UART1)
  .\Obj\STARTUP.obj (?C_STARTUP)
  C:\KEIL_V5\C51\LIB\C51FPL.LIB (?C?FPADD)
  C:\KEIL_V5\C51\LIB\C51FPL.LIB (?C?FPMUL)
  C:\KEIL_V5\C51\LIB\C51FPL.LIB (?C?FPDIV)
  C:\KEIL_V5\C51\LIB\C51FPL.LIB (?C?FPCMP)
  C:\KEIL_V5\C51\LIB\C51FPL.LIB (?C?FPNEG)
  C:\KEIL_V5\C51\LIB\C51FPL.LIB (?C?FCAST)
  C:\KEIL_V5\C51\LIB\C51FPL.LIB (?C?CASTF)
  C:\KEIL_V5\C51\LIB\C51FPL.LIB (PRINTF)
  C:\KEIL_V5\C51\LIB\C51FPL.LIB (FABS)
  C:\KEIL_V5\C51\LIB\C51FPL.LIB (ATAN2)
  C:\KEIL_V5\C51\LIB\C51FPL.LIB (SIN)
  C:\KEIL_V5\C51\LIB\C51FPL.LIB (ACOS)
  C:\KEIL_V5\C51\LIB\C51FPL.LIB (ASIN)
  C:\KEIL_V5\C51\LIB\C51FPL.LIB (?C?FPGETOPN)
  C:\KEIL_V5\C51\LIB\C51FPL.LIB (?C?FPROUND)
  C:\KEIL_V5\C51\LIB\C51FPL.LIB (?C?FPCONVERT)
  C:\KEIL_V5\C51\LIB\C51FPL.LIB (?C?FPSERIES)
  C:\KEIL_V5\C51\LIB\C51FPL.LIB (SQRT)
  C:\KEIL_V5\C51\LIB\C51FPL.LIB (ATAN)
  C:\KEIL_V5\C51\LIB\C51FPL.LIB (?C?FTNPWR)
  C:\KEIL_V5\C51\LIB\C51L.LIB (?C_INIT)
  C:\KEIL_V5\C51\LIB\C51L.LIB (?C?COPY)
  C:\KEIL_V5\C51\LIB\C51L.LIB (?C?CLDPTR)
  C:\KEIL_V5\C51\LIB\C51L.LIB (?C?CLDOPTR)
  C:\KEIL_V5\C51\LIB\C51L.LIB (?C?CSTPTR)
  C:\KEIL_V5\C51\LIB\C51L.LIB (?C?IMUL)
  C:\KEIL_V5\C51\LIB\C51L.LIB (?C?UIDIV)
  C:\KEIL_V5\C51\LIB\C51L.LIB (?C?SIDIV)
  C:\KEIL_V5\C51\LIB\C51L.LIB (?C?ILDIX)
  C:\KEIL_V5\C51\LIB\C51L.LIB (?C?ILDOPTR)
  C:\KEIL_V5\C51\LIB\C51L.LIB (?C?ISTPTR)
  C:\KEIL_V5\C51\LIB\C51L.LIB (?C?LMUL)
  C:\KEIL_V5\C51\LIB\C51L.LIB (?C?SLDIV)
  C:\KEIL_V5\C51\LIB\C51L.LIB (?C?LNEG)
BL51 BANKED LINKER/LOCATER V6.22                                                      01/29/2020  11:26:31  PAGE 2


  C:\KEIL_V5\C51\LIB\C51L.LIB (?C?ULCMP)
  C:\KEIL_V5\C51\LIB\C51L.LIB (?C?LSHL)
  C:\KEIL_V5\C51\LIB\C51L.LIB (?C?LLDPTR)
  C:\KEIL_V5\C51\LIB\C51L.LIB (?C?LLDOPTR)
  C:\KEIL_V5\C51\LIB\C51L.LIB (?C?LSTPTR)
  C:\KEIL_V5\C51\LIB\C51L.LIB (?C?LSTOPTR)
  C:\KEIL_V5\C51\LIB\C51L.LIB (?C?LLDXDATA)
  C:\KEIL_V5\C51\LIB\C51L.LIB (?C?LLDCODE)
  C:\KEIL_V5\C51\LIB\C51L.LIB (?C?LLDXDATA0)
  C:\KEIL_V5\C51\LIB\C51L.LIB (?C?LLDCODE0)
  C:\KEIL_V5\C51\LIB\C51L.LIB (?C?LLDPTR0)
  C:\KEIL_V5\C51\LIB\C51L.LIB (?C?LSTXDATA)
  C:\KEIL_V5\C51\LIB\C51L.LIB (?C?LSTKXDATA)
  C:\KEIL_V5\C51\LIB\C51L.LIB (?C?LSTKPTR)
  C:\KEIL_V5\C51\LIB\C51L.LIB (?C?OFFXADD)
  C:\KEIL_V5\C51\LIB\C51L.LIB (?C?PLDIXDATA)
  C:\KEIL_V5\C51\LIB\C51L.LIB (?C?PSTXDATA)
  C:\KEIL_V5\C51\LIB\C51L.LIB (?C?CCASE)
  C:\KEIL_V5\C51\LIB\C51L.LIB (PUTCHAR)
  C:\KEIL_V5\C51\LIB\C51L.LIB (ABS)
  C:\KEIL_V5\C51\LIB\C51L.LIB (ATOI)
  C:\KEIL_V5\C51\LIB\C51L.LIB (?C?IILDX)
  C:\KEIL_V5\C51\LIB\C51L.LIB (?C?ULDIV)
  C:\KEIL_V5\C51\LIB\C51L.LIB (?C?LLDIDATA)
  C:\KEIL_V5\C51\LIB\C51L.LIB (?C?LLDPDATA)
  C:\KEIL_V5\C51\LIB\C51L.LIB (?C?LLDIDATA0)
  C:\KEIL_V5\C51\LIB\C51L.LIB (?C?LLDPDATA0)
  C:\KEIL_V5\C51\LIB\C51L.LIB (?C?LSTIDATA)
  C:\KEIL_V5\C51\LIB\C51L.LIB (?C?LSTPDATA)
  C:\KEIL_V5\C51\LIB\C51L.LIB (?C?LSTKIDATA)
  C:\KEIL_V5\C51\LIB\C51L.LIB (?C?LSTKPDATA)
  C:\KEIL_V5\C51\LIB\C51L.LIB (ISDIGIT)
  C:\KEIL_V5\C51\LIB\C51L.LIB (ISSPACE)


LINK MAP OF MODULE:  .\Obj\GPIO_RTC_Test (MAIN)


            TYPE    BASE      LENGTH    RELOCATION   SEGMENT NAME
            -----------------------------------------------------

            * * * * * * *   D A T A   M E M O R Y   * * * * * * *
            REG     0000H     0008H     ABSOLUTE     "REG BANK 0"
            DATA    0008H     0005H     UNIT         _DATA_GROUP_
                    000DH     0013H                  *** GAP ***
            BIT     0020H.0   0001H.1   UNIT         _BIT_GROUP_
            BIT     0021H.1   0000H.2   UNIT         ?BI?ATAN?ATAN
            BIT     0021H.3   0000H.1   UNIT         ?BI?MAIN
            BIT     0021H.4   0000H.1   UNIT         ?BI?VONESTEPMOVE?BIPOLARMOTOR
            BIT     0021H.5   0000H.1   UNIT         ?BI?_STEP_MOVE?BIPOLARMOTOR
            BIT     0021H.6   0000H.1   UNIT         ?BI?_MOVE?BIPOLARMOTOR
            BIT     0021H.7   0000H.1   UNIT         ?BI?SIN?SIN
            BIT     0022H.0   0000H.1   UNIT         ?BI?_ATOI?ATOI
                    0022H.1   0000H.7                *** GAP ***
            IDATA   0023H     0001H     UNIT         ?STACK

            * * * * * * *  X D A T A   M E M O R Y  * * * * * * *
BL51 BANKED LINKER/LOCATER V6.22                                                      01/29/2020  11:26:31  PAGE 3


            XDATA   0000H     031CH     UNIT         ?XD?BIPOLARMOTOR
            XDATA   031CH     015EH     UNIT         ?XD?MAIN
            XDATA   047AH     00D1H     UNIT         ?XD?_FIND_REAL_MAX?CALIBRATION
            XDATA   054BH     006CH     UNIT         ?XD?_THEORICALJP_POSITION?BIPOLARMOTOR
            XDATA   05B7H     005DH     UNIT         ?XD?SUNPOS?SUNPOS
            XDATA   0614H     0030H     UNIT         _XDATA_GROUP_
            XDATA   0644H     0026H     UNIT         ?XD?_UPDATE_POSITION?BIPOLARMOTOR
            XDATA   066AH     0024H     UNIT         ?XD?_CALIBRATION?CALIBRATION
            XDATA   068EH     0019H     UNIT         ?XD?KEYPAD
            XDATA   06A7H     0018H     UNIT         ?XD?VOLTAGE_IS_STABLE?CALIBRATION
            XDATA   06BFH     0014H     UNIT         ?XD?LINEAR_INTERPOLATE?BIPOLARMOTOR
            XDATA   06D3H     000FH     UNIT         ?XD?_READ_TIME?PCF85063BTL
            XDATA   06E2H     000EH     UNIT         ?XD?SPI_NOR_WRITE_DATA?AT25SF041
            XDATA   06F0H     000BH     UNIT         ?XD?_DISPLAY_POS?LCD_DRIVER_SPLC780D
            XDATA   06FBH     0009H     UNIT         ?XD?_AZIMUTH_CALCULATION?BIPOLARMOTOR
            XDATA   0704H     0008H     UNIT         ?XD?_AT25SF041_WRITE?AT25SF041
            XDATA   070CH     0008H     UNIT         ?XD?_AT25SF041_READ?AT25SF041
            XDATA   0714H     0008H     UNIT         ?XD?_ATAN2?ATAN2
            XDATA   071CH     0006H     UNIT         ?XD?KEY_PROCESS?KEYPAD
            XDATA   0722H     0005H     UNIT         ?XD?_ELEVATION_CALCULATION?BIPOLARMOTOR
            XDATA   0727H     0005H     UNIT         ?XD?_ATOI?ATOI
            XDATA   072CH     0004H     UNIT         ?XD?_STEP_MOVE?BIPOLARMOTOR
            XDATA   0730H     0004H     UNIT         ?XD?_MOVE?BIPOLARMOTOR
            XDATA   0734H     0004H     UNIT         ?XD?_MAX_VALUE?CALIBRATION
            XDATA   0738H     0004H     UNIT         ?XD?SIN?SIN
            XDATA   073CH     0004H     UNIT         ?XD?SQRT?SQRT
            XDATA   0740H     0004H     UNIT         ?XD?ATAN?ATAN
            XDATA   0744H     0003H     UNIT         ?XD?KEY_SCAN?KEYPAD
            XDATA   0747H     0003H     UNIT         ?XD?_WRITE_PI4IOE5V96248?IOEXPANDER_PI4IOE5V96248
            XDATA   074AH     0003H     UNIT         ?XD?UCREAD_STATUS_REGISTER_BYTE1?AT25SF041
            XDATA   074DH     0003H     UNIT         ?XD?_UART1_SENDTOTCPSERVER?UART1
            XDATA   0750H     0002H     UNIT         ?XD?AT25SF041_CHIPERASE?AT25SF041
            XDATA   0752H     0002H     UNIT         ?XD?AT25SF041_WRITEENABLE?AT25SF041
            XDATA   0754H     0001H     UNIT         ?XD?_WRITEDATA?LCD_DRIVER_SPLC780D
            XDATA   0755H     0001H     UNIT         ?XD?_DISPLAYLCD?LCD_DRIVER_SPLC780D
            XDATA   0756H     0001H     UNIT         ?XD?I2C_ACK?IOEXPANDER_PI4IOE5V96248
            XDATA   0757H     0001H     UNIT         ?XD?UC_ACK?IOEXPANDER_PI4IOE5V96248
            XDATA   0758H     0001H     UNIT         ?XD?UC_NACK?IOEXPANDER_PI4IOE5V96248

            * * * * * * *   C O D E   M E M O R Y   * * * * * * *
            CODE    0000H     0003H     ABSOLUTE     
            CODE    0003H     0003H     ABSOLUTE     
            CODE    0006H     0005H     UNIT         ?PR?_UNIT?UART1
            CODE    000BH     0003H     ABSOLUTE     
            CODE    000EH     000DH     UNIT         ?PR?UART?MAIN
            CODE    001BH     0003H     ABSOLUTE     
            CODE    001EH     0005H     UNIT         ?PR?_ASCII_LETTER?UART1
            CODE    0023H     0003H     ABSOLUTE     
            CODE    0026H     0BAEH     UNIT         ?C?LIB_CODE
            CODE    0BD4H     07F7H     UNIT         ?PR?_FIND_REAL_MAX?CALIBRATION
            CODE    13CBH     07A2H     UNIT         ?PR?SUNPOS?SUNPOS
            CODE    1B6DH     06C1H     UNIT         ?PR?_UPDATE_POSITION?BIPOLARMOTOR
            CODE    222EH     04FFH     UNIT         ?PR?_THEORICALJP_POSITION?BIPOLARMOTOR
            CODE    272DH     0483H     UNIT         ?PR?PRINTF?PRINTF
            CODE    2BB0H     044AH     UNIT         ?PR?_AZIMUTH_CALCULATION?BIPOLARMOTOR
            CODE    2FFAH     03A2H     UNIT         ?C_INITSEG
            CODE    339CH     038CH     UNIT         ?PR?KEY_PROCESS?KEYPAD
BL51 BANKED LINKER/LOCATER V6.22                                                      01/29/2020  11:26:31  PAGE 4


            CODE    3728H     036DH     UNIT         ?PR?_ELEVATION_CALCULATION?BIPOLARMOTOR
            CODE    3A95H     0304H     UNIT         ?PR?MAIN?MAIN
            CODE    3D99H     01C7H     UNIT         ?PR?_CALIBRATION?CALIBRATION
            CODE    3F60H     018DH     UNIT         ?PR?KEY_SCAN?KEYPAD
            CODE    40EDH     0189H     UNIT         ?PR?SPI_NOR_WRITE_DATA?AT25SF041
            CODE    4276H     0188H     UNIT         ?PR?SIN?SIN
            CODE    43FEH     0155H     UNIT         ?PR?_DISPLAY_POS?LCD_DRIVER_SPLC780D
            CODE    4553H     0122H     UNIT         ?PR?ATAN?ATAN
            CODE    4675H     0110H     UNIT         ?PR?_AT25SF041_READ?AT25SF041
            CODE    4785H     0102H     UNIT         ?PR?_AT25SF041_WRITE?AT25SF041
            CODE    4887H     00DBH     UNIT         ?PR?_ATOI?ATOI
            CODE    4962H     00C3H     UNIT         ?PR?LINEAR_INTERPOLATE?BIPOLARMOTOR
            CODE    4A25H     00BBH     UNIT         ?PR?VOLTAGE_IS_STABLE?CALIBRATION
            CODE    4AE0H     00ADH     UNIT         ?PR?_WRITE_PI4IOE5V96248?IOEXPANDER_PI4IOE5V96248
            CODE    4B8DH     00ACH     UNIT         ?PR?SQRT?SQRT
            CODE    4C39H     00A1H     UNIT         ?PR?UCREAD_STATUS_REGISTER_BYTE1?AT25SF041
            CODE    4CDAH     009DH     UNIT         ?PR?_ATAN2?ATAN2
            CODE    4D77H     009CH     UNIT         ?PR?_MAX_VALUE?CALIBRATION
            CODE    4E13H     008CH     UNIT         ?C_C51STARTUP
            CODE    4E9FH     0088H     UNIT         ?PR?_DAY_OF_YEAR?PCF85063BTL
            CODE    4F27H     0079H     UNIT         ?PR?_WRITEDATA?LCD_DRIVER_SPLC780D
            CODE    4FA0H     0072H     UNIT         ?PR?AT25SF041_WRITEENABLE?AT25SF041
            CODE    5012H     006FH     UNIT         ?PR?_READ_TIME?PCF85063BTL
            CODE    5081H     005AH     UNIT         ?PR?AT25SF041_CHIPERASE?AT25SF041
            CODE    50DBH     0059H     UNIT         ?PR?LCD_INIT?LCD_DRIVER_SPLC780D
            CODE    5134H     004BH     UNIT         ?CO?UART1
            CODE    517FH     004AH     UNIT         ?PR?VONESTEPMOVE?BIPOLARMOTOR
            CODE    51C9H     004AH     UNIT         ?PR?ACOS?ACOS
            CODE    5213H     0044H     UNIT         ?C?LDIV
            CODE    5257H     0040H     UNIT         ?PR?_COMMAND?LCD_DRIVER_SPLC780D
            CODE    5297H     0040H     UNIT         ?PR?_STEP_MOVE?BIPOLARMOTOR
            CODE    52D7H     003BH     UNIT         ?PR?ASIN?ASIN
            CODE    5312H     0035H     UNIT         ?PR?TM1_ISR?MAIN
            CODE    5347H     0033H     UNIT         ?PR?_SENDSTRING?UART1
            CODE    537AH     0031H     UNIT         ?PR?SI1120_CONFIG_MODE_VIRH?SI1120
            CODE    53ABH     002BH     UNIT         ?PR?_WAIT_MS_I2C?IOEXPANDER_PI4IOE5V96248
            CODE    53D6H     002BH     UNIT         ?PR?_WAIT_MS_SPINOR?AT25SF041
            CODE    5401H     002AH     UNIT         ?PR?_ADC_GETRESULT?ADC
            CODE    542BH     0028H     UNIT         ?PR?_BCDTODEC1?BIPOLARMOTOR
            CODE    5453H     0028H     UNIT         ?PR?_MOVE?BIPOLARMOTOR
            CODE    547BH     0028H     UNIT         ?CO?CALIBRATION
            CODE    54A3H     0027H     UNIT         ?PR?_I2C_SENDBYTE?IOEXPANDER_PI4IOE5V96248
            CODE    54CAH     0027H     UNIT         ?PR?PUTCHAR?PUTCHAR
            CODE    54F1H     0024H     UNIT         ?PR?_WAIT_MS?LCD_DRIVER_SPLC780D
            CODE    5515H     0024H     UNIT         ?PR?_FINDCLOSESTSAMEDAYCALIBTIME?CALIBRATION
            CODE    5539H     0024H     UNIT         ?PR?_UART1_SENDTOTCPSERVER?UART1
            CODE    555DH     0020H     UNIT         ?PR?_SPI_SENDBYTE?PCF85063BTL
            CODE    557DH     0020H     UNIT         ?PR?SPI_RECEIVEBYTE?PCF85063BTL
            CODE    559DH     0020H     UNIT         ?PR?ADC_INIT?ADC
            CODE    55BDH     001EH     UNIT         ?PR?_DELAY_MS?KEYPAD
            CODE    55DBH     001DH     UNIT         ?PR?_DISPLAYLCD?LCD_DRIVER_SPLC780D
            CODE    55F8H     0018H     UNIT         ?PR?_SPI_WRITETIME?PCF85063BTL
            CODE    5610H     0017H     UNIT         ?PR?_ASCIITOBCD?UART1
            CODE    5627H     0016H     UNIT         ?PR?I2C_ACK?IOEXPANDER_PI4IOE5V96248
            CODE    563DH     0015H     UNIT         ?PR?_DISPLAY_LINE?LCD_DRIVER_SPLC780D
            CODE    5652H     0015H     UNIT         ?PR?VSETLOCATION?BIPOLARMOTOR
            CODE    5667H     0015H     UNIT         ?PR?I2C_STOP?IOEXPANDER_PI4IOE5V96248
BL51 BANKED LINKER/LOCATER V6.22                                                      01/29/2020  11:26:31  PAGE 5


            CODE    567CH     0014H     UNIT         ?PR?_PCF85063BTL_DELAY?PCF85063BTL
            CODE    5690H     0014H     UNIT         ?PR?_ISSPACE?ISSPACE
            CODE    56A4H     0011H     UNIT         ?PR?_SPI_READTIME?PCF85063BTL
            CODE    56B5H     0011H     UNIT         ?PR?_BCDTODEC?PCF85063BTL
            CODE    56C6H     0011H     UNIT         ?PR?INITUART1?UART1
            CODE    56D7H     000FH     UNIT         ?PR?I2C_START?IOEXPANDER_PI4IOE5V96248
            CODE    56E6H     000FH     UNIT         ?PR?UC_NACK?IOEXPANDER_PI4IOE5V96248
            CODE    56F5H     000FH     UNIT         ?PR?_ISDIGIT?ISDIGIT
            CODE    5704H     000DH     UNIT         ?PR?SPI_INIT?PCF85063BTL
            CODE    5711H     000DH     UNIT         ?PR?ENABLE_EXTINT0?SI1120
            CODE    571EH     000DH     UNIT         ?PR?_FABS?FABS
            CODE    572BH     000CH     UNIT         ?CO?MAIN
            CODE    5737H     000CH     UNIT         ?PR?KEYPAD_IO_INIT?KEYPAD
            CODE    5743H     000CH     UNIT         ?PR?_ABS?ABS
            CODE    574FH     000AH     UNIT         ?PR?LCD_RETURN_HOME?LCD_DRIVER_SPLC780D
            CODE    5759H     000AH     UNIT         ?PR?LCD_CLEAR?LCD_DRIVER_SPLC780D
            CODE    5763H     0009H     UNIT         ?PR?_SENDUART1?MAIN
            CODE    576CH     0009H     UNIT         ?PR?UART1_INITTCPCONN?UART1
            CODE    5775H     0007H     UNIT         ?PR?TM0_ISR?MAIN
            CODE    577CH     0006H     UNIT         ?PR?UC_ACK?IOEXPANDER_PI4IOE5V96248
            CODE    5782H     0006H     UNIT         ?PR?_TEN?UART1
            CODE    5788H     0001H     UNIT         ?PR?EXINT0?MAIN
            CODE    5789H     0001H     UNIT         ?PR?NOP?IOEXPANDER_PI4IOE5V96248
            CODE    578AH     0001H     UNIT         ?PR?_DECTOBCD?UART1



OVERLAY MAP OF MODULE:   .\Obj\GPIO_RTC_Test (MAIN)


SEGMENT                                             BIT_GROUP          DATA_GROUP          XDATA_GROUP
  +--> CALLED SEGMENT                            START    LENGTH     START    LENGTH     START    LENGTH
--------------------------------------------------------------------------------------------------------
?C_C51STARTUP                                    -----    -----      -----    -----      -----    -----
  +--> ?PR?MAIN?MAIN
  +--> ?C_INITSEG

?PR?MAIN?MAIN                                    -----    -----      -----    -----      -----    -----
  +--> ?PR?ADC_INIT?ADC
  +--> ?PR?INITUART1?UART1
  +--> ?PR?_ADC_GETRESULT?ADC
  +--> ?CO?MAIN
  +--> ?PR?PRINTF?PRINTF
  +--> ?PR?_SENDSTRING?UART1

?PR?PRINTF?PRINTF                                0020H.0  0001H.1    0008H    0005H      0614H    0030H
  +--> ?PR?PUTCHAR?PUTCHAR

?PR?_SENDSTRING?UART1                            -----    -----      -----    -----      0614H    0003H
  +--> ?PR?_SENDUART1?MAIN



SYMBOL TABLE OF MODULE:  .\Obj\GPIO_RTC_Test (MAIN)

  VALUE           TYPE          NAME
  ----------------------------------
BL51 BANKED LINKER/LOCATER V6.22                                                      01/29/2020  11:26:31  PAGE 6



  -------         MODULE        MAIN
  C:0000H         SYMBOL        _ICE_DUMMY_
  X:031CH         PUBLIC        calib_value
  D:0080H         PUBLIC        P0
  D:0090H         PUBLIC        P1
  D:00A0H         PUBLIC        P2
  D:00B0H         PUBLIC        P3
  D:00C0H         PUBLIC        P4
  D:00C8H         PUBLIC        P5
  X:0370H         SYMBOL        PressedKey
  B:00A8H.7       PUBLIC        EA
  D:00E8H         PUBLIC        P6
  X:0374H         PUBLIC        calib_stamp
  D:00F8H         PUBLIC        P7
  X:0375H         PUBLIC        sTempString
  X:037EH         PUBLIC        calib_bool
  X:03A8H         PUBLIC        pwm_time_min
  D:00A8H         PUBLIC        IE
  X:03ACH         PUBLIC        calib_time
  X:0400H         PUBLIC        pwm_time_max
  X:0404H         PUBLIC        gas_sensor_voltage
  X:0408H         PUBLIC        seneca_sense_filted_gas_sensor_ADC
  D:00B8H         PUBLIC        IP
  B:0098H.0       PUBLIC        RI
  X:0414H         PUBLIC        months
  B:0098H.1       PUBLIC        TI
  C:000EH         PUBLIC        Uart
  D:00D8H         PUBLIC        CCON
  C:3A95H         PUBLIC        main
  X:0415H         PUBLIC        found_1st_point
  X:0417H         PUBLIC        i_point1
  X:0419H         PUBLIC        i_point2
  X:041BH         PUBLIC        day_offset
  X:041DH         PUBLIC        count
  D:0099H         PUBLIC        SBUF
  X:041FH         PUBLIC        days
  X:0420H         PUBLIC        hours
  D:0098H         PUBLIC        SCON
  D:0089H         PUBLIC        TMOD
  D:0088H         PUBLIC        TCON
  B:00A0H.4       PUBLIC        P24
  X:0421H         SYMBOL        KeyCount
  B:00A0H.5       PUBLIC        P25
  B:00A0H.6       PUBLIC        P26
  X:0423H         PUBLIC        mins
  X:0424H         PUBLIC        seneca_sense_gas_sensor_ADC
  X:042AH         PUBLIC        diff_of_offset
  X:042EH         PUBLIC        filted_gas_sensor_ADC
  D:008EH         PUBLIC        AUXR
  C:5775H         PUBLIC        tm0_isr
  C:5312H         PUBLIC        tm1_isr
  B:0021H.3       PUBLIC        busy
  D:00E0H         PUBLIC        ACC
  B:00A8H.3       PUBLIC        ET1
  X:043AH         PUBLIC        SPI_NOR_INTERNAL_FLASH_ADDR
  D:008CH         PUBLIC        TH0
BL51 BANKED LINKER/LOCATER V6.22                                                      01/29/2020  11:26:31  PAGE 7


  D:008DH         PUBLIC        TH1
  D:008AH         PUBLIC        TL0
  D:008BH         PUBLIC        TL1
  X:043EH         PUBLIC        ii
  X:0440H         PUBLIC        jj
  B:0088H.6       PUBLIC        TR1
  X:0442H         PUBLIC        old_mins
  C:5788H         PUBLIC        exint0
  X:0443H         SYMBOL        KeyNum
  X:0444H         SYMBOL        KeyNum_Old
  X:0445H         PUBLIC        a
  X:0451H         PUBLIC        b
  X:045DH         PUBLIC        timer0_count
  X:045FH         PUBLIC        current_position
  X:0463H         PUBLIC        gas_sensor_ADC
  X:0469H         PUBLIC        pwm_time
  X:046DH         PUBLIC        i
  X:046FH         PUBLIC        j
  X:0471H         PUBLIC        cRead_adc
  X:0472H         PUBLIC        n
  X:0474H         PUBLIC        Enable_UpdateSPINOR
  X:0476H         PUBLIC        flag_500ms
  X:0478H         PUBLIC        start_timer0_count
  X:0479H         PUBLIC        seconds
  D:00D0H         PUBLIC        PSW
  C:5763H         PUBLIC        _SendUART1
  -------         PROC          TM0_ISR
  C:5775H         LINE#         104
  C:5775H         LINE#         108
  C:5778H         LINE#         109
  C:577BH         LINE#         113
  -------         ENDPROC       TM0_ISR
  -------         PROC          TM1_ISR
  C:5312H         LINE#         117
  C:5318H         LINE#         121
  C:531BH         LINE#         122
  C:531EH         LINE#         123
  C:5324H         LINE#         124
  C:5332H         LINE#         125
  C:5340H         LINE#         129
  -------         ENDPROC       TM1_ISR
  -------         PROC          EXINT0
  C:5788H         LINE#         130
  C:5788H         LINE#         133
  -------         ENDPROC       EXINT0
  -------         PROC          MAIN
  C:3A95H         LINE#         135
  C:3A95H         LINE#         136
  C:3A95H         LINE#         138
  C:3A98H         LINE#         145
  C:3A9BH         LINE#         146
  C:3A9EH         LINE#         147
  C:3AA1H         LINE#         148
  C:3AA3H         LINE#         149
  C:3AA5H         LINE#         150
  C:3AA8H         LINE#         151
  C:3AAAH         LINE#         152
BL51 BANKED LINKER/LOCATER V6.22                                                      01/29/2020  11:26:31  PAGE 8


  C:3AACH         LINE#         154
  C:3AAEH         LINE#         157
  C:3AB1H         LINE#         158
  C:3AB8H         LINE#         159
  C:3AB8H         LINE#         160
  C:3AD4H         LINE#         161
  C:3AF0H         LINE#         163
  C:3AFEH         LINE#         164
  C:3B1EH         LINE#         165
  C:3B38H         LINE#         167
  C:3B38H         LINE#         168
  C:3B38H         LINE#         172
  C:3B43H         LINE#         173
  C:3B43H         LINE#         174
  C:3B45H         LINE#         175
  C:3B47H         LINE#         176
  C:3B49H         LINE#         177
  C:3B5BH         LINE#         181
  C:3B63H         LINE#         182
  C:3C74H         LINE#         185
  C:3C82H         LINE#         186
  C:3C88H         LINE#         188
  C:3C9AH         LINE#         189
  C:3CACH         LINE#         195
  C:3CAEH         LINE#         196
  C:3CB0H         LINE#         197
  C:3CB2H         LINE#         199
  C:3CC5H         LINE#         213
  C:3CCAH         LINE#         214
  C:3CCAH         LINE#         215
  C:3CDBH         LINE#         216
  C:3CDBH         LINE#         217
  C:3D1AH         LINE#         218
  C:3D23H         LINE#         219
  C:3D2CH         LINE#         220
  C:3D35H         LINE#         222
  C:3D74H         LINE#         223
  C:3D7DH         LINE#         224
  C:3D86H         LINE#         225
  C:3D8FH         LINE#         226
  C:3D96H         LINE#         227
  C:3D96H         LINE#         229
  -------         ENDPROC       MAIN
  -------         PROC          UART
  C:000EH         LINE#         237
  C:000EH         LINE#         239
  C:0011H         LINE#         240
  C:0011H         LINE#         241
  C:0013H         LINE#         243
  C:0013H         LINE#         244
  C:0016H         LINE#         245
  C:0016H         LINE#         246
  C:0018H         LINE#         247
  C:001AH         LINE#         248
  C:001AH         LINE#         249
  -------         ENDPROC       UART
  -------         PROC          _SENDUART1
BL51 BANKED LINKER/LOCATER V6.22                                                      01/29/2020  11:26:31  PAGE 9


  D:0007H         SYMBOL        dat
  C:5763H         LINE#         251
  C:5763H         LINE#         252
  C:5763H         LINE#         253
  C:5766H         LINE#         254
  C:5768H         LINE#         255
  C:5769H         LINE#         256
  C:576BH         LINE#         257
  -------         ENDPROC       _SENDUART1
  -------         ENDMOD        MAIN

  -------         MODULE        PCF85063BTL
  C:0000H         SYMBOL        _ICE_DUMMY_
  D:0096H         PUBLIC        P2M0
  D:0080H         PUBLIC        P0
  D:0095H         PUBLIC        P2M1
  D:0090H         PUBLIC        P1
  D:00A0H         PUBLIC        P2
  D:00B0H         PUBLIC        P3
  D:00C0H         PUBLIC        P4
  D:00C8H         PUBLIC        P5
  D:00E8H         PUBLIC        P6
  B:00A0H.1       PUBLIC        PCF85063BTL_SDI
  D:00F8H         PUBLIC        P7
  B:00A0H.2       PUBLIC        PCF85063BTL_SCK
  B:00A0H.1       PUBLIC        PCF85063BTL_SDO
  D:00A8H         PUBLIC        IE
  C:5012H         PUBLIC        _Read_time
  C:5682H         PUBLIC        _PCF85063BTL_Delay
  D:00B8H         PUBLIC        IP
  D:00D8H         PUBLIC        CCON
  C:4E9FH         PUBLIC        _Day_Of_Year
  C:557DH         PUBLIC        SPI_ReceiveByte
  D:0098H         PUBLIC        SCON
  D:0088H         PUBLIC        TCON
  C:56B5H         PUBLIC        _BCDtoDec
  B:00A0H.0       PUBLIC        PCF85063BTL_CS
  C:56A4H         PUBLIC        _SPI_ReadTime
  C:5704H         PUBLIC        SPI_Init
  C:55F8H         PUBLIC        _SPI_WriteTime
  C:555DH         PUBLIC        _SPI_SendByte
  D:00D0H         PUBLIC        PSW
  C:567EH         SYMBOL        L?0048
  -------         PROC          L?0047
  -------         ENDPROC       L?0047
  C:567EH         SYMBOL        L?0048
  -------         PROC          _PCF85063BTL_DELAY
  D:0006H         SYMBOL        us
  C:5682H         LINE#         8
  C:5682H         LINE#         9
  C:5682H         LINE#         10
  C:568CH         LINE#         11
  C:568CH         LINE#         12
  C:568DH         LINE#         13
  C:568FH         LINE#         14
  -------         ENDPROC       _PCF85063BTL_DELAY
  -------         PROC          _SPI_SENDBYTE
BL51 BANKED LINKER/LOCATER V6.22                                                      01/29/2020  11:26:31  PAGE 10


  D:0005H         SYMBOL        dat
  -------         DO            
  D:0003H         SYMBOL        i
  -------         ENDDO         
  C:555DH         LINE#         17
  C:555FH         LINE#         18
  C:555FH         LINE#         20
  C:5561H         LINE#         21
  C:5561H         LINE#         22
  C:5563H         LINE#         23
  C:5567H         LINE#         24
  C:5567H         LINE#         25
  C:5569H         LINE#         26
  C:556BH         LINE#         28
  C:556BH         LINE#         29
  C:556DH         LINE#         30
  C:556DH         LINE#         31
  C:5570H         LINE#         32
  C:5570H         LINE#         33
  C:5573H         LINE#         34
  C:5577H         LINE#         35
  C:557CH         LINE#         36
  -------         ENDPROC       _SPI_SENDBYTE
  -------         PROC          SPI_RECEIVEBYTE
  -------         DO            
  D:0003H         SYMBOL        i
  D:0005H         SYMBOL        dat
  -------         ENDDO         
  C:557DH         LINE#         39
  C:557DH         LINE#         40
  C:557DH         LINE#         42
  C:557FH         LINE#         44
  C:5581H         LINE#         45
  C:5582H         LINE#         46
  C:5582H         LINE#         47
  C:5586H         LINE#         48
  C:5588H         LINE#         49
  C:558BH         LINE#         51
  C:558EH         LINE#         52
  C:558EH         LINE#         53
  C:5592H         LINE#         54
  C:5592H         LINE#         55
  C:5592H         LINE#         56
  C:5595H         LINE#         57
  C:559AH         LINE#         58
  C:559CH         LINE#         59
  -------         ENDPROC       SPI_RECEIVEBYTE
  -------         PROC          _SPI_READTIME
  D:0007H         SYMBOL        addr
  -------         DO            
  D:0006H         SYMBOL        dat
  -------         ENDDO         
  C:56A4H         LINE#         61
  C:56A4H         LINE#         62
  C:56A4H         LINE#         64
  C:56A6H         LINE#         65
  C:56A8H         LINE#         66
BL51 BANKED LINKER/LOCATER V6.22                                                      01/29/2020  11:26:31  PAGE 11


  C:56AFH         LINE#         67
  C:56B2H         LINE#         68
  C:56B4H         LINE#         69
  C:56B4H         LINE#         70
  -------         ENDPROC       _SPI_READTIME
  -------         PROC          _SPI_WRITETIME
  D:0002H         SYMBOL        val
  D:0005H         SYMBOL        addr
  C:55F8H         LINE#         71
  C:55FAH         LINE#         72
  C:55FAH         LINE#         74
  C:55FCH         LINE#         75
  C:5603H         LINE#         76
  C:5608H         LINE#         77
  C:560DH         LINE#         78
  C:560FH         LINE#         79
  -------         ENDPROC       _SPI_WRITETIME
  -------         PROC          SPI_INIT
  C:5704H         LINE#         83
  C:5704H         LINE#         84
  C:5704H         LINE#         89
  C:5707H         LINE#         90
  C:570AH         LINE#         91
  C:570CH         LINE#         92
  C:570EH         LINE#         93
  C:5710H         LINE#         94
  -------         ENDPROC       SPI_INIT
  -------         PROC          _READ_TIME
  X:06D3H         SYMBOL        months
  X:06D6H         SYMBOL        days
  X:06D9H         SYMBOL        hours
  X:06DCH         SYMBOL        mins
  X:06DFH         SYMBOL        seconds
  C:5012H         LINE#         96
  C:501DH         LINE#         97
  C:501DH         LINE#         99
  C:5031H         LINE#         101
  C:5045H         LINE#         103
  C:5059H         LINE#         108
  C:506DH         LINE#         113
  -------         ENDPROC       _READ_TIME
  -------         PROC          _BCDTODEC
  D:0007H         SYMBOL        bcd
  -------         DO            
  D:0006H         SYMBOL        hi
  D:0007H         SYMBOL        lo
  -------         ENDDO         
  C:56B5H         LINE#         119
  C:56B5H         LINE#         120
  C:56B5H         LINE#         122
  C:56BAH         LINE#         123
  C:56BEH         LINE#         124
  C:56C5H         LINE#         125
  -------         ENDPROC       _BCDTODEC
  -------         PROC          _DAY_OF_YEAR
  D:0007H         SYMBOL        months_bcd
  D:0005H         SYMBOL        days_bcd
BL51 BANKED LINKER/LOCATER V6.22                                                      01/29/2020  11:26:31  PAGE 12


  -------         DO            
  D:0004H         SYMBOL        months
  D:0007H         SYMBOL        days
  -------         ENDDO         
  C:4E9FH         LINE#         126
  C:4E9FH         LINE#         127
  C:4E9FH         LINE#         130
  C:4EA4H         LINE#         132
  C:4EA9H         LINE#         134
  C:4EE2H         LINE#         135
  C:4EE2H         LINE#         136
  C:4EE2H         LINE#         137
  C:4EE5H         LINE#         138
  C:4EE5H         LINE#         139
  C:4EE5H         LINE#         140
  C:4EEAH         LINE#         141
  C:4EEAH         LINE#         142
  C:4EEAH         LINE#         143
  C:4EEFH         LINE#         144
  C:4EEFH         LINE#         145
  C:4EEFH         LINE#         146
  C:4EF4H         LINE#         147
  C:4EF4H         LINE#         148
  C:4EF4H         LINE#         149
  C:4EF9H         LINE#         150
  C:4EF9H         LINE#         151
  C:4EF9H         LINE#         152
  C:4EFEH         LINE#         153
  C:4EFEH         LINE#         154
  C:4EFEH         LINE#         155
  C:4F03H         LINE#         156
  C:4F03H         LINE#         157
  C:4F03H         LINE#         158
  C:4F08H         LINE#         159
  C:4F08H         LINE#         160
  C:4F08H         LINE#         161
  C:4F10H         LINE#         162
  C:4F10H         LINE#         163
  C:4F10H         LINE#         164
  C:4F15H         LINE#         165
  C:4F15H         LINE#         166
  C:4F15H         LINE#         167
  C:4F1AH         LINE#         168
  C:4F1AH         LINE#         169
  C:4F1AH         LINE#         170
  C:4F23H         LINE#         171
  C:4F23H         LINE#         172
  C:4F23H         LINE#         173
  C:4F26H         LINE#         174
  C:4F26H         LINE#         175
  -------         ENDPROC       _DAY_OF_YEAR
  -------         ENDMOD        PCF85063BTL

  -------         MODULE        LCD_DRIVER_SPLC780D
  C:0000H         SYMBOL        _ICE_DUMMY_
  D:0092H         PUBLIC        P1M0
  D:0091H         PUBLIC        P1M1
BL51 BANKED LINKER/LOCATER V6.22                                                      01/29/2020  11:26:31  PAGE 13


  D:0080H         PUBLIC        P0
  D:0090H         PUBLIC        P1
  D:00A0H         PUBLIC        P2
  D:00B0H         PUBLIC        P3
  D:00C0H         PUBLIC        P4
  D:00C8H         PUBLIC        P5
  D:00E8H         PUBLIC        P6
  D:00F8H         PUBLIC        P7
  C:4F2BH         PUBLIC        _WriteData
  D:00A8H         PUBLIC        IE
  D:00B8H         PUBLIC        IP
  D:00D8H         PUBLIC        CCON
  B:00B0H.4       PUBLIC        LCD_D4
  B:00B0H.5       PUBLIC        LCD_D5
  B:00B0H.6       PUBLIC        LCD_D6
  C:55DBH         PUBLIC        _DisplayLCD
  B:00B0H.7       PUBLIC        LCD_D7
  D:0098H         PUBLIC        SCON
  D:0088H         PUBLIC        TCON
  C:5759H         PUBLIC        LCD_clear
  C:5257H         PUBLIC        _Command
  C:563DH         PUBLIC        _Display_Line
  C:50DBH         PUBLIC        LCD_Init
  C:54F7H         PUBLIC        _Wait_ms
  B:00C0H.0       PUBLIC        LCD_RS
  B:0090H.3       PUBLIC        LCD_RW
  C:574FH         PUBLIC        LCD_return_home
  C:43FEH         PUBLIC        _Display_Pos
  B:00B0H.3       PUBLIC        LCD_E
  D:00D0H         PUBLIC        PSW
  -------         PROC          LCD_INIT
  C:50DBH         LINE#         9
  C:50DBH         LINE#         10
  C:50DBH         LINE#         11
  C:50DEH         LINE#         12
  C:50E1H         LINE#         14
  C:50E7H         LINE#         15
  C:50ECH         LINE#         17
  C:50F3H         LINE#         18
  C:50F8H         LINE#         20
  C:50FBH         LINE#         21
  C:5100H         LINE#         23
  C:5103H         LINE#         24
  C:5108H         LINE#         26
  C:510FH         LINE#         29
  C:5114H         LINE#         30
  C:5119H         LINE#         32
  C:511EH         LINE#         33
  C:5123H         LINE#         35
  C:5128H         LINE#         36
  C:512DH         LINE#         37
  -------         ENDPROC       LCD_INIT
  C:4F27H         SYMBOL        L?0035
  -------         PROC          L?0034
  -------         ENDPROC       L?0034
  C:4F27H         SYMBOL        L?0035
  -------         PROC          _WRITEDATA
BL51 BANKED LINKER/LOCATER V6.22                                                      01/29/2020  11:26:31  PAGE 14


  X:0754H         SYMBOL        dat
  C:4F2BH         LINE#         40
  C:4F30H         LINE#         41
  C:4F30H         LINE#         46
  C:4F32H         LINE#         47
  C:4F34H         LINE#         49
  C:4F42H         LINE#         50
  C:4F4EH         LINE#         51
  C:4F5AH         LINE#         52
  C:4F64H         LINE#         53
  C:4F66H         LINE#         54
  C:4F6DH         LINE#         55
  C:4F6FH         LINE#         57
  C:4F7FH         LINE#         58
  C:4F8AH         LINE#         59
  C:4F94H         LINE#         60
  C:4F98H         LINE#         62
  C:4F98H         LINE#         63
  C:4F9BH         LINE#         64
  C:4F9DH         LINE#         65
  C:4F9FH         LINE#         67
  -------         ENDPROC       _WRITEDATA
  -------         PROC          _COMMAND
  D:0007H         SYMBOL        dat
  C:5257H         LINE#         69
  C:5257H         LINE#         70
  C:5257H         LINE#         71
  C:5259H         LINE#         72
  C:525BH         LINE#         74
  C:5265H         LINE#         75
  C:5269H         LINE#         77
  C:526BH         LINE#         78
  C:5274H         LINE#         79
  C:5278H         LINE#         81
  C:527AH         LINE#         82
  C:5281H         LINE#         83
  C:5285H         LINE#         85
  C:5287H         LINE#         86
  C:528BH         LINE#         87
  C:528FH         LINE#         89
  C:5291H         LINE#         90
  C:5291H         LINE#         91
  C:5294H         LINE#         92
  C:5296H         LINE#         93
  -------         ENDPROC       _COMMAND
  C:54F3H         SYMBOL        L?0037
  -------         PROC          L?0036
  -------         ENDPROC       L?0036
  C:54F3H         SYMBOL        L?0037
  -------         PROC          _WAIT_MS
  D:0006H         SYMBOL        ms
  -------         DO            
  D:0004H         SYMBOL        De_Cnt
  -------         ENDDO         
  C:54F7H         LINE#         95
  C:54F7H         LINE#         96
  C:54F7H         LINE#         98
BL51 BANKED LINKER/LOCATER V6.22                                                      01/29/2020  11:26:31  PAGE 15


  C:5501H         LINE#         99
  C:5501H         LINE#         100
  C:5514H         LINE#         101
  C:5514H         LINE#         102
  -------         ENDPROC       _WAIT_MS
  -------         PROC          _DISPLAYLCD
  D:0007H         SYMBOL        BCD
  -------         DO            
  D:0006H         SYMBOL        first_digit
  X:0755H         SYMBOL        second_digit
  -------         ENDDO         
  C:55DBH         LINE#         103
  C:55DBH         LINE#         104
  C:55DBH         LINE#         106
  C:55E2H         LINE#         107
  C:55EBH         LINE#         109
  C:55F0H         LINE#         111
  -------         ENDPROC       _DISPLAYLCD
  -------         PROC          LCD_RETURN_HOME
  C:574FH         LINE#         115
  C:574FH         LINE#         116
  C:574FH         LINE#         117
  C:5754H         LINE#         118
  -------         ENDPROC       LCD_RETURN_HOME
  -------         PROC          LCD_CLEAR
  C:5759H         LINE#         121
  C:5759H         LINE#         122
  C:5759H         LINE#         123
  C:575EH         LINE#         124
  -------         ENDPROC       LCD_CLEAR
  -------         PROC          _DISPLAY_LINE
  D:0006H         SYMBOL        line
  C:563DH         LINE#         128
  C:563DH         LINE#         129
  C:563DH         LINE#         130
  C:5643H         LINE#         131
  C:5643H         LINE#         132
  C:5645H         LINE#         133
  C:5645H         LINE#         134
  C:5647H         LINE#         136
  C:5647H         LINE#         137
  C:564CH         LINE#         138
  C:5651H         LINE#         139
  C:5651H         LINE#         140
  -------         ENDPROC       _DISPLAY_LINE
  -------         PROC          _DISPLAY_POS
  X:06F0H         SYMBOL        sign_dat
  -------         DO            
  X:06F4H         SYMBOL        unit
  X:06F5H         SYMBOL        ten
  X:06F6H         SYMBOL        hundred
  X:06F7H         SYMBOL        thousand
  X:06F8H         SYMBOL        after_dot
  X:06F9H         SYMBOL        dat
  -------         ENDDO         
  C:43FEH         LINE#         142
  C:4404H         LINE#         143
BL51 BANKED LINKER/LOCATER V6.22                                                      01/29/2020  11:26:31  PAGE 16


  C:4404H         LINE#         147
  C:4420H         LINE#         148
  C:443AH         LINE#         149
  C:445EH         LINE#         151
  C:44A8H         LINE#         153
  C:44BFH         LINE#         154
  C:44D1H         LINE#         155
  C:44F6H         LINE#         156
  C:4510H         LINE#         157
  C:4528H         LINE#         158
  C:4528H         LINE#         159
  C:4528H         LINE#         160
  C:4528H         LINE#         161
  C:4528H         LINE#         162
  C:4528H         LINE#         163
  C:4528H         LINE#         164
  C:4528H         LINE#         168
  C:452AH         LINE#         170
  C:452AH         LINE#         172
  C:452FH         LINE#         173
  C:4535H         LINE#         174
  C:453BH         LINE#         175
  C:4541H         LINE#         176
  C:4547H         LINE#         177
  C:454CH         LINE#         178
  C:4552H         LINE#         182
  C:4552H         LINE#         184
  -------         ENDPROC       _DISPLAY_POS
  -------         ENDMOD        LCD_DRIVER_SPLC780D

  -------         MODULE        KEYPAD
  C:0000H         SYMBOL        _ICE_DUMMY_
  D:0093H         PUBLIC        P0M1
  D:0080H         PUBLIC        P0
  D:0090H         PUBLIC        P1
  D:00A0H         PUBLIC        P2
  D:00B0H         PUBLIC        P3
  D:00C0H         PUBLIC        P4
  D:00C8H         PUBLIC        P5
  D:00E8H         PUBLIC        P6
  D:00F8H         PUBLIC        P7
  D:00A8H         PUBLIC        IE
  C:3F60H         PUBLIC        Key_Scan
  D:00B8H         PUBLIC        IP
  D:00D8H         PUBLIC        CCON
  C:5737H         PUBLIC        KeyPad_IO_Init
  C:55BDH         PUBLIC        _Delay_ms
  D:0098H         PUBLIC        SCON
  D:0088H         PUBLIC        TCON
  X:069DH         PUBLIC        small_move
  X:069FH         PUBLIC        move
  X:06A1H         PUBLIC        auto_mode
  X:06A3H         PUBLIC        direction
  X:06A5H         PUBLIC        SPI_NOR_ClearEnable
  C:339CH         PUBLIC        Key_Process
  D:00D0H         PUBLIC        PSW
  D:0094H         PUBLIC        P0M0
BL51 BANKED LINKER/LOCATER V6.22                                                      01/29/2020  11:26:31  PAGE 17


  -------         PROC          _DELAY_MS
  D:0006H         SYMBOL        ms
  -------         DO            
  D:0004H         SYMBOL        De_Cnt
  -------         ENDDO         
  C:55BDH         LINE#         20
  C:55BDH         LINE#         21
  C:55BDH         LINE#         23
  C:55C7H         LINE#         24
  C:55C7H         LINE#         25
  C:55DAH         LINE#         26
  C:55DAH         LINE#         27
  -------         ENDPROC       _DELAY_MS
  -------         PROC          KEY_SCAN
  -------         DO            
  X:0744H         SYMBOL        KeyTemp1
  X:0745H         SYMBOL        KeyTemp2
  X:0746H         SYMBOL        KeyValue
  -------         ENDDO         
  C:3F60H         LINE#         28
  C:3F60H         LINE#         29
  C:3F60H         LINE#         34
  C:3F63H         LINE#         37
  C:3F66H         LINE#         39
  C:3F6EH         LINE#         40
  C:3F75H         LINE#         41
  C:3F75H         LINE#         43
  C:3F7AH         LINE#         44
  C:3F81H         LINE#         45
  C:3F81H         LINE#         48
  C:3F84H         LINE#         49
  C:3F87H         LINE#         50
  C:3F8CH         LINE#         51
  C:3F90H         LINE#         52
  C:3F90H         LINE#         53
  C:3F98H         LINE#         54
  C:3F98H         LINE#         55
  C:3F9BH         LINE#         56
  C:3FA3H         LINE#         57
  C:3FA5H         LINE#         59
  C:3FB9H         LINE#         60
  C:3FB9H         LINE#         61
  C:3FB9H         LINE#         62
  C:3FB9H         LINE#         63
  C:3FBFH         LINE#         65
  C:3FC1H         LINE#         66
  C:3FC1H         LINE#         67
  C:3FC1H         LINE#         68
  C:3FC7H         LINE#         70
  C:3FC9H         LINE#         71
  C:3FC9H         LINE#         72
  C:3FC9H         LINE#         73
  C:3FCFH         LINE#         75
  C:3FD1H         LINE#         76
  C:3FD1H         LINE#         77
  C:3FD1H         LINE#         78
  C:3FD7H         LINE#         80
BL51 BANKED LINKER/LOCATER V6.22                                                      01/29/2020  11:26:31  PAGE 18


  C:3FD7H         LINE#         81
  C:3FD7H         LINE#         82
  C:3FD7H         LINE#         85
  C:3FDAH         LINE#         86
  C:3FDDH         LINE#         87
  C:3FE5H         LINE#         88
  C:3FE9H         LINE#         89
  C:3FE9H         LINE#         90
  C:3FF1H         LINE#         91
  C:3FF1H         LINE#         92
  C:3FF4H         LINE#         93
  C:3FFCH         LINE#         94
  C:3FFEH         LINE#         95
  C:4012H         LINE#         96
  C:4012H         LINE#         97
  C:4012H         LINE#         98
  C:4012H         LINE#         99
  C:4018H         LINE#         101
  C:401AH         LINE#         102
  C:401AH         LINE#         103
  C:401AH         LINE#         104
  C:4020H         LINE#         106
  C:4022H         LINE#         107
  C:4022H         LINE#         108
  C:4022H         LINE#         109
  C:4028H         LINE#         111
  C:402AH         LINE#         112
  C:402AH         LINE#         113
  C:402AH         LINE#         114
  C:402FH         LINE#         116
  C:402FH         LINE#         117
  C:402FH         LINE#         118
  C:402FH         LINE#         121
  C:4032H         LINE#         122
  C:4035H         LINE#         123
  C:403DH         LINE#         124
  C:4041H         LINE#         125
  C:4041H         LINE#         126
  C:4049H         LINE#         127
  C:4049H         LINE#         128
  C:404CH         LINE#         129
  C:4054H         LINE#         130
  C:4056H         LINE#         131
  C:406AH         LINE#         132
  C:406AH         LINE#         133
  C:406AH         LINE#         134
  C:406AH         LINE#         135
  C:4070H         LINE#         137
  C:4072H         LINE#         138
  C:4072H         LINE#         139
  C:4072H         LINE#         140
  C:4078H         LINE#         142
  C:407AH         LINE#         143
  C:407AH         LINE#         144
  C:407AH         LINE#         145
  C:4080H         LINE#         147
  C:4082H         LINE#         148
BL51 BANKED LINKER/LOCATER V6.22                                                      01/29/2020  11:26:31  PAGE 19


  C:4082H         LINE#         149
  C:4082H         LINE#         150
  C:4088H         LINE#         152
  C:4088H         LINE#         153
  C:4088H         LINE#         154
  C:4088H         LINE#         158
  C:408BH         LINE#         159
  C:408EH         LINE#         160
  C:4096H         LINE#         161
  C:409AH         LINE#         162
  C:409AH         LINE#         163
  C:40A2H         LINE#         164
  C:40A2H         LINE#         165
  C:40A5H         LINE#         166
  C:40ADH         LINE#         167
  C:40AFH         LINE#         168
  C:40C3H         LINE#         169
  C:40C3H         LINE#         170
  C:40C3H         LINE#         171
  C:40C3H         LINE#         172
  C:40C9H         LINE#         174
  C:40CBH         LINE#         175
  C:40CBH         LINE#         176
  C:40CBH         LINE#         177
  C:40D1H         LINE#         179
  C:40D3H         LINE#         180
  C:40D3H         LINE#         181
  C:40D3H         LINE#         182
  C:40D9H         LINE#         184
  C:40DBH         LINE#         185
  C:40DBH         LINE#         186
  C:40DBH         LINE#         187
  C:40E1H         LINE#         189
  C:40E1H         LINE#         190
  C:40E1H         LINE#         191
  C:40E1H         LINE#         193
  C:40E7H         LINE#         194
  C:40E7H         LINE#         196
  C:40E7H         LINE#         197
  C:40EAH         LINE#         198
  C:40EAH         LINE#         199
  C:40EAH         LINE#         201
  C:40EAH         LINE#         202
  C:40ECH         LINE#         203
  C:40ECH         LINE#         204
  -------         ENDPROC       KEY_SCAN
  -------         PROC          KEY_PROCESS
  -------         DO            
  X:068EH         SYMBOL        KeyCount
  X:068FH         SYMBOL        KeyNum_Old
  X:0691H         SYMBOL        KeyNum
  X:0693H         SYMBOL        PressedKey
  X:071CH         SYMBOL        d
  D:0002H         SYMBOL        hours
  D:0006H         SYMBOL        mins
  X:071EH         SYMBOL        months
  X:0720H         SYMBOL        days
BL51 BANKED LINKER/LOCATER V6.22                                                      01/29/2020  11:26:31  PAGE 20


  -------         ENDDO         
  C:339CH         LINE#         205
  C:339CH         LINE#         206
  C:339CH         LINE#         210
  C:33ABH         LINE#         211
  C:33B8H         LINE#         213
  C:33BCH         LINE#         214
  C:33BCH         LINE#         215
  C:33C2H         LINE#         217
  C:33C2H         LINE#         218
  C:33D9H         LINE#         219
  C:33D9H         LINE#         220
  C:33E3H         LINE#         221
  C:33E9H         LINE#         223
  C:33EFH         LINE#         225
  C:33EFH         LINE#         226
  C:3406H         LINE#         227
  C:3406H         LINE#         228
  C:340BH         LINE#         230
  C:340BH         LINE#         231
  C:341BH         LINE#         232
  C:341BH         LINE#         233
  C:3421H         LINE#         235
  C:3421H         LINE#         236
  C:3433H         LINE#         237
  C:3433H         LINE#         238
  C:343DH         LINE#         239
  C:3445H         LINE#         241
  C:344EH         LINE#         243
  C:344EH         LINE#         252
  C:346DH         LINE#         253
  C:346DH         LINE#         254
  C:348CH         LINE#         255
  C:3492H         LINE#         256
  C:349AH         LINE#         257
  C:349AH         LINE#         259
  C:349BH         LINE#         265
  C:34A7H         LINE#         266
  C:34A7H         LINE#         267
  C:34C4H         LINE#         268
  C:34DBH         LINE#         269
  C:34F2H         LINE#         270
  C:34F2H         LINE#         271
  C:3505H         LINE#         272
  C:3518H         LINE#         273
  C:3518H         LINE#         274
  C:3518H         LINE#         275
  C:351BH         LINE#         280
  C:352AH         LINE#         281
  C:352AH         LINE#         282
  C:354DH         LINE#         283
  C:356AH         LINE#         284
  C:3573H         LINE#         285
  C:3573H         LINE#         286
  C:357AH         LINE#         287
  C:357AH         LINE#         288
  C:358BH         LINE#         289
BL51 BANKED LINKER/LOCATER V6.22                                                      01/29/2020  11:26:31  PAGE 21


  C:358BH         LINE#         290
  C:359AH         LINE#         291
  C:359AH         LINE#         292
  C:359AH         LINE#         293
  C:359DH         LINE#         295
  C:359DH         LINE#         296
  C:35A9H         LINE#         297
  C:35A9H         LINE#         298
  C:35BBH         LINE#         299
  C:35BBH         LINE#         300
  C:35CBH         LINE#         301
  C:35CBH         LINE#         302
  C:35CBH         LINE#         304
  C:35CDH         LINE#         306
  C:35CDH         LINE#         307
  C:35DCH         LINE#         308
  C:35DCH         LINE#         309
  C:35ECH         LINE#         310
  C:35ECH         LINE#         311
  C:35ECH         LINE#         313
  C:35ECH         LINE#         315
  C:35ECH         LINE#         316
  C:35EEH         LINE#         318
  C:35EEH         LINE#         319
  C:35F5H         LINE#         320
  C:35F5H         LINE#         321
  C:3604H         LINE#         322
  C:3604H         LINE#         323
  C:3614H         LINE#         324
  C:3614H         LINE#         325
  C:3614H         LINE#         326
  C:3616H         LINE#         328
  C:3616H         LINE#         329
  C:3625H         LINE#         330
  C:3625H         LINE#         331
  C:3638H         LINE#         332
  C:364BH         LINE#         333
  C:364BH         LINE#         334
  C:364BH         LINE#         335
  C:364BH         LINE#         336
  C:3654H         LINE#         338
  C:3654H         LINE#         340
  C:368EH         LINE#         341
  C:368EH         LINE#         342
  C:3695H         LINE#         343
  C:3695H         LINE#         344
  C:369FH         LINE#         345
  C:369FH         LINE#         346
  C:36A2H         LINE#         347
  C:36A7H         LINE#         348
  C:36ACH         LINE#         349
  C:36B1H         LINE#         350
  C:36B6H         LINE#         351
  C:36BBH         LINE#         352
  C:36C0H         LINE#         353
  C:36C5H         LINE#         354
  C:36C5H         LINE#         355
BL51 BANKED LINKER/LOCATER V6.22                                                      01/29/2020  11:26:31  PAGE 22


  C:36C5H         LINE#         357
  C:36E3H         LINE#         358
  C:36E3H         LINE#         359
  C:36EAH         LINE#         360
  C:36EAH         LINE#         361
  C:36EFH         LINE#         362
  C:36F8H         LINE#         363
  C:3717H         LINE#         364
  C:3717H         LINE#         365
  C:3727H         LINE#         367
  C:3727H         LINE#         371
  -------         ENDPROC       KEY_PROCESS
  -------         PROC          KEYPAD_IO_INIT
  C:5737H         LINE#         374
  C:5737H         LINE#         375
  C:5737H         LINE#         376
  C:573AH         LINE#         377
  C:573DH         LINE#         378
  C:5740H         LINE#         379
  C:5742H         LINE#         380
  -------         ENDPROC       KEYPAD_IO_INIT
  -------         ENDMOD        KEYPAD

  -------         MODULE        BIPOLARMOTOR
  C:0000H         SYMBOL        _ICE_DUMMY_
  X:0000H         PUBLIC        UTC_time
  C:2BB0H         PUBLIC        _azimuth_calculation
  D:0080H         PUBLIC        P0
  D:0090H         PUBLIC        P1
  D:00A0H         PUBLIC        P2
  D:00B0H         PUBLIC        P3
  D:00C0H         PUBLIC        P4
  D:00C8H         PUBLIC        P5
  D:00E8H         PUBLIC        P6
  D:00F8H         PUBLIC        P7
  X:0004H         PUBLIC        low_date_azimuth_mapping
  D:00A8H         PUBLIC        IE
  C:4985H         PUBLIC        linear_interpolate
  X:002CH         PUBLIC        declination
  C:5453H         PUBLIC        _Move
  D:00B8H         PUBLIC        IP
  X:0030H         PUBLIC        time_offset
  D:00D8H         PUBLIC        CCON
  X:0034H         PUBLIC        previous_move_time
  X:0035H         PUBLIC        time
  D:0098H         PUBLIC        SCON
  D:0088H         PUBLIC        TCON
  C:5297H         PUBLIC        _Step_move
  X:0047H         PUBLIC        dat
  X:004DH         PUBLIC        current_local_sun_time
  C:1B6DH         PUBLIC        _Update_position
  C:3728H         PUBLIC        _elevation_calculation
  X:0051H         PUBLIC        sunCoord
  C:517FH         PUBLIC        vOneStepMove
  X:0054H         PUBLIC        elevation_stamp
  X:0090H         PUBLIC        date_azimuth_mapping
  X:00B8H         PUBLIC        location
BL51 BANKED LINKER/LOCATER V6.22                                                      01/29/2020  11:26:31  PAGE 23


  X:00C0H         PUBLIC        RX_pos
  C:5652H         PUBLIC        vSetLocation
  C:5442H         PUBLIC        _BCDtoDec1
  X:0318H         PUBLIC        degree
  C:222EH         PUBLIC        _TheoricalJP_Position
  D:00D0H         PUBLIC        PSW
  -------         PROC          VSETLOCATION
  C:5652H         LINE#         44
  C:5652H         LINE#         45
  C:5652H         LINE#         46
  C:565CH         LINE#         47
  C:5666H         LINE#         48
  -------         ENDPROC       VSETLOCATION
  -------         PROC          L?0060
  -------         ENDPROC       L?0060
  -------         PROC          _BCDTODEC1
  D:0007H         SYMBOL        bcd
  -------         DO            
  D:0006H         SYMBOL        hi
  D:0007H         SYMBOL        lo
  -------         ENDDO         
  C:5442H         LINE#         49
  C:5442H         LINE#         50
  C:5442H         LINE#         52
  C:5447H         LINE#         53
  C:544BH         LINE#         54
  C:5452H         LINE#         55
  -------         ENDPROC       _BCDTODEC1
  -------         PROC          VONESTEPMOVE
  B:0021H.4       SYMBOL        bDir
  C:517FH         LINE#         59
  C:517FH         LINE#         60
  C:517FH         LINE#         62
  C:5185H         LINE#         63
  C:5185H         LINE#         64
  C:5188H         LINE#         65
  C:5191H         LINE#         66
  C:5198H         LINE#         67
  C:519DH         LINE#         68
  C:519DH         LINE#         69
  C:519DH         LINE#         71
  C:519FH         LINE#         74
  C:519FH         LINE#         75
  C:51A2H         LINE#         76
  C:51ABH         LINE#         77
  C:51B2H         LINE#         78
  C:51B8H         LINE#         79
  C:51C1H         LINE#         80
  C:51C8H         LINE#         81
  C:51C8H         LINE#         85
  -------         ENDPROC       VONESTEPMOVE
  -------         PROC          _STEP_MOVE
  X:072CH         SYMBOL        step
  B:0021H.5       SYMBOL        dir
  -------         DO            
  X:072EH         SYMBOL        i
  -------         ENDDO         
BL51 BANKED LINKER/LOCATER V6.22                                                      01/29/2020  11:26:31  PAGE 24


  C:5297H         LINE#         87
  C:529FH         LINE#         88
  C:529FH         LINE#         90
  C:52A4H         LINE#         93
  C:52BFH         LINE#         94
  C:52BFH         LINE#         95
  C:52C6H         LINE#         97
  C:52D6H         LINE#         99
  -------         ENDPROC       _STEP_MOVE
  -------         PROC          _MOVE
  X:0730H         SYMBOL        distance
  B:0021H.6       SYMBOL        direction
  -------         DO            
  D:0006H         SYMBOL        step
  -------         ENDDO         
  C:5453H         LINE#         101
  C:5459H         LINE#         102
  C:5459H         LINE#         105
  C:5474H         LINE#         108
  -------         ENDPROC       _MOVE
  C:4974H         SYMBOL        L?0059
  -------         PROC          L?0058
  -------         ENDPROC       L?0058
  C:4974H         SYMBOL        L?0059
  -------         PROC          LINEAR_INTERPOLATE
  X:06BFH         SYMBOL        p1
  X:06C7H         SYMBOL        p2
  X:06CFH         SYMBOL        x
  -------         DO            
  D:0004H         SYMBOL        fx
  -------         ENDDO         
  C:4985H         LINE#         141
  C:4985H         LINE#         142
  C:4985H         LINE#         145
  C:4A24H         LINE#         147
  C:4A24H         LINE#         148
  -------         ENDPROC       LINEAR_INTERPOLATE
  -------         PROC          _THEORICALJP_POSITION
  X:054BH         SYMBOL        azimuth
  X:054FH         SYMBOL        elevation
  -------         DO            
  X:0553H         SYMBOL        pos_interpolate_azimuth
  X:058FH         SYMBOL        JP_pos
  X:0593H         SYMBOL        i
  X:0595H         SYMBOL        yy
  X:0597H         SYMBOL        p1
  X:059FH         SYMBOL        p2
  X:05A7H         SYMBOL        p3
  X:05AFH         SYMBOL        p4
  -------         ENDDO         
  C:222EH         LINE#         151
  C:2234H         LINE#         152
  C:2234H         LINE#         156
  C:223EH         LINE#         161
  C:225AH         LINE#         162
  C:225AH         LINE#         163
  C:22CAH         LINE#         164
BL51 BANKED LINKER/LOCATER V6.22                                                      01/29/2020  11:26:31  PAGE 25


  C:22CAH         LINE#         165
  C:22D1H         LINE#         166
  C:22D1H         LINE#         167
  C:22FEH         LINE#         168
  C:2319H         LINE#         170
  C:2360H         LINE#         171
  C:2394H         LINE#         173
  C:23DAH         LINE#         174
  C:23FFH         LINE#         175
  C:23FFH         LINE#         176
  C:23FFH         LINE#         178
  C:2475H         LINE#         179
  C:2475H         LINE#         180
  C:247CH         LINE#         181
  C:247CH         LINE#         182
  C:24A9H         LINE#         183
  C:24C4H         LINE#         185
  C:250BH         LINE#         186
  C:253FH         LINE#         188
  C:2585H         LINE#         189
  C:25A9H         LINE#         190
  C:25A9H         LINE#         191
  C:25A9H         LINE#         192
  C:25BDH         LINE#         195
  C:25D9H         LINE#         196
  C:25D9H         LINE#         197
  C:2649H         LINE#         198
  C:2649H         LINE#         199
  C:2676H         LINE#         200
  C:2691H         LINE#         202
  C:26BEH         LINE#         203
  C:26D9H         LINE#         205
  C:270BH         LINE#         206
  C:270DH         LINE#         207
  C:270DH         LINE#         209
  C:271EH         LINE#         210
  C:271EH         LINE#         211
  C:272CH         LINE#         213
  -------         ENDPROC       _THEORICALJP_POSITION
  -------         PROC          _UPDATE_POSITION
  D:0001H         SYMBOL        mnths
  D:0002H         SYMBOL        dys
  X:0646H         SYMBOL        hurs
  X:0647H         SYMBOL        mns
  X:0648H         SYMBOL        sconds
  X:0649H         SYMBOL        currnt_pos
  X:064CH         SYMBOL        offset_calib
  -------         DO            
  X:0650H         SYMBOL        date
  X:0652H         SYMBOL        i
  X:0654H         SYMBOL        yy
  X:0656H         SYMBOL        desired_distance
  X:065AH         SYMBOL        distance
  X:065EH         SYMBOL        JP_pos
  X:0662H         SYMBOL        elevation
  X:0666H         SYMBOL        azimuth
  -------         ENDDO         
BL51 BANKED LINKER/LOCATER V6.22                                                      01/29/2020  11:26:31  PAGE 26


  C:1B6DH         LINE#         216
  C:1B76H         LINE#         219
  C:1B76H         LINE#         220
  C:1B81H         LINE#         222
  C:1B9DH         LINE#         229
  C:1BA7H         LINE#         230
  C:1BB2H         LINE#         231
  C:1BBDH         LINE#         232
  C:1BD6H         LINE#         233
  C:1BEAH         LINE#         234
  C:1C00H         LINE#         237
  C:1C14H         LINE#         241
  C:1C66H         LINE#         242
  C:1DCAH         LINE#         243
  C:1E1AH         LINE#         246
  C:1F42H         LINE#         249
  C:2014H         LINE#         256
  C:20A3H         LINE#         257
  C:20A3H         LINE#         258
  C:20CEH         LINE#         261
  C:20FDH         LINE#         264
  C:2122H         LINE#         265
  C:21B7H         LINE#         267
  C:21B7H         LINE#         268
  C:21D1H         LINE#         269
  C:21E3H         LINE#         270
  C:21FBH         LINE#         271
  C:2211H         LINE#         273
  C:222DH         LINE#         274
  C:222DH         LINE#         275
  C:222DH         LINE#         278
  -------         ENDPROC       _UPDATE_POSITION
  -------         PROC          _ELEVATION_CALCULATION
  D:0007H         SYMBOL        mnths
  D:0005H         SYMBOL        dys
  X:0724H         SYMBOL        hurs
  X:0725H         SYMBOL        mns
  X:0726H         SYMBOL        sconds
  C:3728H         LINE#         280
  C:372BH         LINE#         282
  C:372BH         LINE#         283
  C:372BH         LINE#         284
  C:372BH         LINE#         285
  C:3734H         LINE#         286
  C:374DH         LINE#         287
  C:3761H         LINE#         288
  C:3777H         LINE#         292
  C:37C9H         LINE#         293
  C:392DH         LINE#         294
  C:397DH         LINE#         296
  C:3A94H         LINE#         298
  -------         ENDPROC       _ELEVATION_CALCULATION
  -------         PROC          _AZIMUTH_CALCULATION
  D:0007H         SYMBOL        mnths
  D:0005H         SYMBOL        dys
  X:06FDH         SYMBOL        hurs
  X:06FEH         SYMBOL        mns
BL51 BANKED LINKER/LOCATER V6.22                                                      01/29/2020  11:26:31  PAGE 27


  X:06FFH         SYMBOL        sconds
  -------         DO            
  X:0700H         SYMBOL        elevation
  -------         ENDDO         
  C:2BB0H         LINE#         300
  C:2BB3H         LINE#         302
  C:2BB3H         LINE#         304
  C:2BB3H         LINE#         305
  C:2BB3H         LINE#         306
  C:2BBCH         LINE#         307
  C:2BD5H         LINE#         308
  C:2BE9H         LINE#         309
  C:2BFFH         LINE#         313
  C:2C51H         LINE#         314
  C:2DB5H         LINE#         315
  C:2E05H         LINE#         316
  C:2F2DH         LINE#         319
  C:2FF9H         LINE#         320
  -------         ENDPROC       _AZIMUTH_CALCULATION
  -------         ENDMOD        BIPOLARMOTOR

  -------         MODULE        SUNPOS
  C:0000H         SYMBOL        _ICE_DUMMY_
  C:13CBH         PUBLIC        sunpos
  -------         PROC          SUNPOS
  X:05B7H         SYMBOL        udtTime
  X:05C9H         SYMBOL        udtLocation
  X:05D1H         SYMBOL        udtSunCoordinates
  -------         DO            
  X:05D4H         SYMBOL        dElapsedJulianDays
  X:05D8H         SYMBOL        dDecimalHours
  X:05DCH         SYMBOL        dEclipticLongitude
  X:05E0H         SYMBOL        dEclipticObliquity
  X:05E4H         SYMBOL        dRightAscension
  X:05E8H         SYMBOL        dDeclination
  X:05ECH         SYMBOL        dY
  X:05F0H         SYMBOL        dX
  -------         DO            
  X:05F4H         SYMBOL        dJulianDate
  X:05F8H         SYMBOL        liAux1
  X:05FCH         SYMBOL        liAux2
  X:05F4H         SYMBOL        dMeanLongitude
  X:05F8H         SYMBOL        dMeanAnomaly
  X:05FCH         SYMBOL        dOmega
  X:05F4H         SYMBOL        dSin_EclipticLongitude
  X:05F4H         SYMBOL        dGreenwichMeanSiderealTime
  X:05F8H         SYMBOL        dLocalMeanSiderealTime
  X:05FCH         SYMBOL        dLatitudeInRadians
  X:0600H         SYMBOL        dHourAngle
  X:0604H         SYMBOL        dCos_Latitude
  X:0608H         SYMBOL        dSin_Latitude
  X:060CH         SYMBOL        dCos_HourAngle
  X:0610H         SYMBOL        dParallax
  -------         ENDDO         
  -------         DO            
  X:05F4H         SYMBOL        dMeanLongitude
  X:05F8H         SYMBOL        dMeanAnomaly
BL51 BANKED LINKER/LOCATER V6.22                                                      01/29/2020  11:26:31  PAGE 28


  X:05FCH         SYMBOL        dOmega
  X:05F4H         SYMBOL        dSin_EclipticLongitude
  X:05F4H         SYMBOL        dGreenwichMeanSiderealTime
  X:05F8H         SYMBOL        dLocalMeanSiderealTime
  X:05FCH         SYMBOL        dLatitudeInRadians
  X:0600H         SYMBOL        dHourAngle
  X:0604H         SYMBOL        dCos_Latitude
  X:0608H         SYMBOL        dSin_Latitude
  X:060CH         SYMBOL        dCos_HourAngle
  X:0610H         SYMBOL        dParallax
  -------         ENDDO         
  -------         DO            
  X:05F4H         SYMBOL        dSin_EclipticLongitude
  X:05F4H         SYMBOL        dGreenwichMeanSiderealTime
  X:05F8H         SYMBOL        dLocalMeanSiderealTime
  X:05FCH         SYMBOL        dLatitudeInRadians
  X:0600H         SYMBOL        dHourAngle
  X:0604H         SYMBOL        dCos_Latitude
  X:0608H         SYMBOL        dSin_Latitude
  X:060CH         SYMBOL        dCos_HourAngle
  X:0610H         SYMBOL        dParallax
  -------         ENDDO         
  -------         DO            
  X:05F4H         SYMBOL        dGreenwichMeanSiderealTime
  X:05F8H         SYMBOL        dLocalMeanSiderealTime
  X:05FCH         SYMBOL        dLatitudeInRadians
  X:0600H         SYMBOL        dHourAngle
  X:0604H         SYMBOL        dCos_Latitude
  X:0608H         SYMBOL        dSin_Latitude
  X:060CH         SYMBOL        dCos_HourAngle
  X:0610H         SYMBOL        dParallax
  -------         ENDDO         
  -------         ENDDO         
  C:13CBH         LINE#         6
  C:13CBH         LINE#         7
  C:13CBH         LINE#         9
  C:13CBH         LINE#         27
  C:1415H         LINE#         30
  C:1436H         LINE#         31
  C:157DH         LINE#         34
  C:15C9H         LINE#         36
  C:15E8H         LINE#         37
  C:15E8H         LINE#         42
  C:15E8H         LINE#         46
  C:161AH         LINE#         47
  C:1644H         LINE#         48
  C:166EH         LINE#         49
  C:171BH         LINE#         52
  C:177CH         LINE#         54
  C:177CH         LINE#         59
  C:177CH         LINE#         61
  C:1793H         LINE#         62
  C:17BBH         LINE#         63
  C:17D2H         LINE#         64
  C:17FDH         LINE#         65
  C:1834H         LINE#         66
  C:185FH         LINE#         67
BL51 BANKED LINKER/LOCATER V6.22                                                      01/29/2020  11:26:31  PAGE 29


  C:185FH         LINE#         70
  C:185FH         LINE#         79
  C:189AH         LINE#         82
  C:18D4H         LINE#         84
  C:18F9H         LINE#         85
  C:1918H         LINE#         86
  C:192FH         LINE#         87
  C:1946H         LINE#         88
  C:195DH         LINE#         89
  C:19E6H         LINE#         91
  C:1A00H         LINE#         92
  C:1A62H         LINE#         93
  C:1A98H         LINE#         94
  C:1AAAH         LINE#         95
  C:1AD7H         LINE#         96
  C:1B04H         LINE#         98
  C:1B26H         LINE#         100
  C:1B5EH         LINE#         103
  C:1B5EH         LINE#         104
  C:1B6CH         LINE#         105
  -------         ENDPROC       SUNPOS
  -------         ENDMOD        SUNPOS

  -------         MODULE        ADC
  C:0000H         SYMBOL        _ICE_DUMMY_
  D:0092H         PUBLIC        P1M0
  D:0091H         PUBLIC        P1M1
  D:0080H         PUBLIC        P0
  D:0090H         PUBLIC        P1
  D:00A0H         PUBLIC        P2
  D:00B0H         PUBLIC        P3
  D:00C0H         PUBLIC        P4
  D:00C8H         PUBLIC        P5
  D:00E8H         PUBLIC        P6
  D:00F8H         PUBLIC        P7
  D:00A8H         PUBLIC        IE
  D:00BDH         PUBLIC        ADC_RES
  D:00B8H         PUBLIC        IP
  D:0097H         PUBLIC        CLK_DIV
  D:00D8H         PUBLIC        CCON
  D:00BCH         PUBLIC        ADC_CONTR
  D:0098H         PUBLIC        SCON
  D:0088H         PUBLIC        TCON
  B:00A0H.4       PUBLIC        P24
  B:00A0H.5       PUBLIC        P25
  B:00A0H.6       PUBLIC        P26
  C:559DH         PUBLIC        ADC_Init
  C:5401H         PUBLIC        _ADC_GetResult
  D:009DH         PUBLIC        P1ASF
  D:00BEH         PUBLIC        ADC_RESL
  D:00D0H         PUBLIC        PSW
  -------         PROC          ADC_INIT
  C:559DH         LINE#         7
  C:559DH         LINE#         8
  C:559DH         LINE#         10
  C:559FH         LINE#         11
  C:55A1H         LINE#         12
BL51 BANKED LINKER/LOCATER V6.22                                                      01/29/2020  11:26:31  PAGE 30


  C:55A3H         LINE#         13
  C:55A6H         LINE#         14
  C:55A9H         LINE#         16
  C:55ACH         LINE#         17
  C:55AFH         LINE#         18
  C:55B2H         LINE#         19
  C:55B5H         LINE#         21
  C:55B7H         LINE#         22
  C:55B9H         LINE#         23
  C:55BCH         LINE#         27
  -------         ENDPROC       ADC_INIT
  -------         PROC          _ADC_GETRESULT
  D:0007H         SYMBOL        ch
  -------         DO            
  D:0006H         SYMBOL        ADC_Value_H
  D:0004H         SYMBOL        ADC_Value_L
  D:0006H         SYMBOL        ADC_Value
  -------         ENDDO         
  C:5401H         LINE#         30
  C:5401H         LINE#         31
  C:5401H         LINE#         33
  C:5406H         LINE#         34
  C:5407H         LINE#         35
  C:5408H         LINE#         38
  C:540DH         LINE#         39
  C:5410H         LINE#         40
  C:5414H         LINE#         41
  C:5418H         LINE#         43
  C:542AH         LINE#         44
  C:542AH         LINE#         45
  -------         ENDPROC       _ADC_GETRESULT
  -------         ENDMOD        ADC

  -------         MODULE        CALIBRATION
  C:0000H         SYMBOL        _ICE_DUMMY_
  D:0080H         PUBLIC        P0
  D:0090H         PUBLIC        P1
  D:00A0H         PUBLIC        P2
  D:00B0H         PUBLIC        P3
  D:00C0H         PUBLIC        P4
  D:00C8H         PUBLIC        P5
  D:00E8H         PUBLIC        P6
  D:00F8H         PUBLIC        P7
  C:4D77H         PUBLIC        _Max_Value
  D:00A8H         PUBLIC        IE
  C:3D99H         PUBLIC        _calibration
  C:4A25H         PUBLIC        voltage_is_stable
  D:00B8H         PUBLIC        IP
  C:5515H         PUBLIC        _FindClosestSamedayCalibTime
  D:00D8H         PUBLIC        CCON
  D:0098H         PUBLIC        SCON
  D:0088H         PUBLIC        TCON
  C:0BD4H         PUBLIC        _Find_Real_Max
  D:00D0H         PUBLIC        PSW
  -------         PROC          VOLTAGE_IS_STABLE
  -------         DO            
  X:06A7H         SYMBOL        sample_voltage
BL51 BANKED LINKER/LOCATER V6.22                                                      01/29/2020  11:26:31  PAGE 31


  X:06BBH         SYMBOL        i
  X:06BDH         SYMBOL        ch
  -------         ENDDO         
  C:4A25H         LINE#         26
  C:4A25H         LINE#         27
  C:4A25H         LINE#         29
  C:4A2CH         LINE#         30
  C:4A32H         LINE#         31
  C:4A32H         LINE#         32
  C:4A5BH         LINE#         33
  C:4A7AH         LINE#         35
  C:4A94H         LINE#         36
  C:4A94H         LINE#         37
  C:4AC7H         LINE#         38
  C:4ACBH         LINE#         39
  C:4ADBH         LINE#         40
  C:4ADFH         LINE#         41
  -------         ENDPROC       VOLTAGE_IS_STABLE
  -------         PROC          _FIND_REAL_MAX
  X:047AH         SYMBOL        current_position
  X:047DH         SYMBOL        calib_max_ADC_Value
  X:0480H         SYMBOL        max_ADC_JP_value
  X:0483H         SYMBOL        address_to_write
  -------         DO            
  X:0486H         SYMBOL        seconds
  X:0487H         SYMBOL        mins
  X:0488H         SYMBOL        hours
  X:0489H         SYMBOL        days
  X:048AH         SYMBOL        months
  X:048BH         SYMBOL        ch
  X:048CH         SYMBOL        calib_step_move
  X:0490H         SYMBOL        JPPos
  X:0494H         SYMBOL        sTemp
  X:049DH         SYMBOL        voltage_at_scanned_pos
  X:053FH         SYMBOL        max_location
  X:0541H         SYMBOL        avg_voltage
  X:0543H         SYMBOL        new_voltage_at_scanned_pos
  X:0545H         SYMBOL        old_voltage_at_scanned_pos
  X:0547H         SYMBOL        i
  X:0549H         SYMBOL        j
  -------         ENDDO         
  C:0BD4H         LINE#         42
  C:0BDFH         LINE#         43
  C:0BDFH         LINE#         46
  C:0BE4H         LINE#         47
  C:0BECH         LINE#         50
  C:0BFBH         LINE#         54
  C:0C05H         LINE#         55
  C:0C0FH         LINE#         56
  C:0C22H         LINE#         57
  C:0C3BH         LINE#         58
  C:0C3BH         LINE#         59
  C:0C50H         LINE#         60
  C:0C60H         LINE#         61
  C:0C67H         LINE#         62
  C:0C67H         LINE#         64
  C:0C67H         LINE#         66
BL51 BANKED LINKER/LOCATER V6.22                                                      01/29/2020  11:26:31  PAGE 32


  C:0C80H         LINE#         67
  C:0C80H         LINE#         68
  C:0C84H         LINE#         69
  C:0C84H         LINE#         70
  C:0C8AH         LINE#         71
  C:0C8AH         LINE#         72
  C:0C9EH         LINE#         73
  C:0CA5H         LINE#         75
  C:0CB5H         LINE#         76
  C:0CE4H         LINE#         79
  C:0D0FH         LINE#         81
  C:0D18H         LINE#         82
  C:0D1FH         LINE#         83
  C:0D28H         LINE#         84
  C:0D31H         LINE#         85
  C:0D38H         LINE#         87
  C:0D89H         LINE#         89
  C:0D92H         LINE#         90
  C:0D99H         LINE#         91
  C:0DA2H         LINE#         92
  C:0DABH         LINE#         93
  C:0DB2H         LINE#         97
  C:0DCAH         LINE#         98
  C:0DCAH         LINE#         99
  C:0DFEH         LINE#         100
  C:0E00H         LINE#         102
  C:0E14H         LINE#         104
  C:0E50H         LINE#         109
  C:0E50H         LINE#         134
  C:0E50H         LINE#         136
  C:0E50H         LINE#         152
  C:0E55H         LINE#         153
  C:0E5AH         LINE#         155
  C:0E5FH         LINE#         156
  C:0E64H         LINE#         157
  C:0E69H         LINE#         158
  C:0E6EH         LINE#         161
  C:0EA5H         LINE#         162
  C:0EAAH         LINE#         163
  C:0EAFH         LINE#         164
  C:0EB6H         LINE#         166
  C:0EE1H         LINE#         168
  C:0EEAH         LINE#         169
  C:0EF1H         LINE#         170
  C:0EFAH         LINE#         171
  C:0F03H         LINE#         173
  C:0F0AH         LINE#         175
  C:0F35H         LINE#         177
  C:0F3EH         LINE#         178
  C:0F45H         LINE#         179
  C:0F4EH         LINE#         180
  C:0F57H         LINE#         181
  C:0F5EH         LINE#         182
  C:0F71H         LINE#         183
  C:0F97H         LINE#         186
  C:0F9EH         LINE#         187
  C:0FD9H         LINE#         189
BL51 BANKED LINKER/LOCATER V6.22                                                      01/29/2020  11:26:31  PAGE 33


  C:105CH         LINE#         190
  C:1065H         LINE#         191
  C:106CH         LINE#         192
  C:1075H         LINE#         193
  C:107EH         LINE#         194
  C:1085H         LINE#         196
  C:10A7H         LINE#         197
  C:10AEH         LINE#         199
  C:10BDH         LINE#         200
  C:10BDH         LINE#         201
  C:10CEH         LINE#         202
  C:10F7H         LINE#         204
  C:110FH         LINE#         207
  C:1138H         LINE#         218
  C:1194H         LINE#         222
  C:119BH         LINE#         223
  C:119BH         LINE#         224
  C:11AEH         LINE#         225
  C:11B5H         LINE#         227
  C:11CEH         LINE#         228
  C:11CEH         LINE#         229
  C:11D2H         LINE#         230
  C:11D2H         LINE#         231
  C:11D8H         LINE#         232
  C:11D8H         LINE#         233
  C:11ECH         LINE#         234
  C:11F3H         LINE#         236
  C:1203H         LINE#         237
  C:1218H         LINE#         238
  C:122BH         LINE#         239
  C:122BH         LINE#         240
  C:1251H         LINE#         241
  C:1258H         LINE#         242
  C:125EH         LINE#         245
  C:1260H         LINE#         246
  C:1260H         LINE#         247
  C:126DH         LINE#         249
  C:128FH         LINE#         252
  C:12BAH         LINE#         254
  C:12C3H         LINE#         255
  C:12CAH         LINE#         256
  C:12D3H         LINE#         257
  C:12DCH         LINE#         258
  C:12E3H         LINE#         260
  C:131EH         LINE#         261
[...]
  D:0090H         PUBLIC        P1
  D:00B1H         PUBLIC        P3M1
  D:00A0H         PUBLIC        P2
  D:00B0H         PUBLIC        P3
  D:00C0H         PUBLIC        P4
  D:00C8H         PUBLIC        P5
  B:00A8H.7       PUBLIC        EA
  D:00E8H         PUBLIC        P6
  D:00F8H         PUBLIC        P7
  D:00A8H         PUBLIC        IE
  D:00B8H         PUBLIC        IP
  C:537AH         PUBLIC        SI1120_CONFIG_MODE_VIRH
  D:00D8H         PUBLIC        CCON
  D:0098H         PUBLIC        SCON
  D:0088H         PUBLIC        TCON
  C:5711H         PUBLIC        Enable_EXTINT0
  B:0090H.5       PUBLIC        SI1120_STX
  B:0088H.0       PUBLIC        IT0
  B:00A8H.0       PUBLIC        EX0
  B:0090H.4       PUBLIC        SI1120_MD
  B:0090H.6       PUBLIC        SI1120_SC
  D:00D0H         PUBLIC        PSW
  -------         PROC          SI1120_CONFIG_MODE_VIRH
  C:537AH         LINE#         4
  C:537AH         LINE#         5
  C:537AH         LINE#         6
  C:537CH         LINE#         7
  C:537EH         LINE#         8
  C:5380H         LINE#         10
  C:5387H         LINE#         11
  C:5389H         LINE#         13
  C:538BH         LINE#         14
  C:538DH         LINE#         16
  C:5394H         LINE#         18
  C:5396H         LINE#         20
  C:539DH         LINE#         23
  C:539FH         LINE#         25
  C:53A1H         LINE#         27
  C:53A8H         LINE#         29
  C:53AAH         LINE#         31
  -------         ENDPROC       SI1120_CONFIG_MODE_VIRH
  -------         PROC          ENABLE_EXTINT0
  C:5711H         LINE#         33
  C:5711H         LINE#         34
  C:5711H         LINE#         35
  C:5714H         LINE#         36
  C:5717H         LINE#         37
  C:5719H         LINE#         38
  C:571BH         LINE#         39
  C:571DH         LINE#         40
  -------         ENDPROC       ENABLE_EXTINT0
  -------         ENDMOD        SI1120

  -------         MODULE        UART1
BL51 BANKED LINKER/LOCATER V6.22                                                      01/29/2020  11:26:31  PAGE 46


  C:0000H         SYMBOL        _ICE_DUMMY_
  D:0080H         PUBLIC        P0
  D:0090H         PUBLIC        P1
  D:00A0H         PUBLIC        P2
  D:00B0H         PUBLIC        P3
  D:00C0H         PUBLIC        P4
  D:00C8H         PUBLIC        P5
  C:5539H         PUBLIC        _uart1_SendToTCPServer
  B:00A8H.7       PUBLIC        EA
  D:00E8H         PUBLIC        P6
  D:00F8H         PUBLIC        P7
  C:5347H         PUBLIC        _SendString
  D:00A8H         PUBLIC        IE
  B:00A8H.4       PUBLIC        ES
  D:00B8H         PUBLIC        IP
  C:5610H         PUBLIC        _ASCIItoBCD
  D:00D8H         PUBLIC        CCON
  C:56C6H         PUBLIC        initUART1
  D:0098H         PUBLIC        SCON
  D:0088H         PUBLIC        TCON
  C:578AH         PUBLIC        _DectoBCD
  C:001EH         PUBLIC        _ASCII_Letter
  D:008EH         PUBLIC        AUXR
  C:0006H         PUBLIC        _unit
  C:5782H         PUBLIC        _ten
  D:00D6H         PUBLIC        T2H
  D:00D7H         PUBLIC        T2L
  C:576CH         PUBLIC        uart1_InitTCPConn
  D:00D0H         PUBLIC        PSW
  -------         PROC          INITUART1
  C:56C6H         LINE#         24
  C:56C6H         LINE#         25
  C:56C6H         LINE#         26
  C:56C9H         LINE#         27
  C:56CCH         LINE#         28
  C:56CFH         LINE#         29
  C:56D2H         LINE#         30
  C:56D4H         LINE#         31
  C:56D6H         LINE#         33
  -------         ENDPROC       INITUART1
  -------         PROC          _SENDSTRING
  X:0614H         SYMBOL        s
  C:5347H         LINE#         36
  C:5352H         LINE#         37
  C:5352H         LINE#         38
  C:5362H         LINE#         39
  C:5362H         LINE#         40
  C:5377H         LINE#         41
  C:5379H         LINE#         42
  -------         ENDPROC       _SENDSTRING
  -------         PROC          _TEN
  D:0007H         SYMBOL        BCD
  C:5782H         LINE#         44
  C:5782H         LINE#         45
  C:5782H         LINE#         46
  C:5787H         LINE#         47
  -------         ENDPROC       _TEN
BL51 BANKED LINKER/LOCATER V6.22                                                      01/29/2020  11:26:31  PAGE 47


  -------         PROC          _UNIT
  D:0007H         SYMBOL        BCD
  C:0006H         LINE#         48
  C:0006H         LINE#         49
  C:0006H         LINE#         53
  C:000AH         LINE#         54
  -------         ENDPROC       _UNIT
  -------         PROC          _DECTOBCD
  D:0007H         SYMBOL        dec
  C:578AH         LINE#         55
  C:578AH         LINE#         56
  C:578AH         LINE#         58
  C:578AH         LINE#         59
  -------         ENDPROC       _DECTOBCD
  -------         PROC          _ASCII_LETTER
  D:0007H         SYMBOL        dat
  C:001EH         LINE#         61
  C:001EH         LINE#         62
  C:001EH         LINE#         64
  C:0022H         LINE#         65
  -------         ENDPROC       _ASCII_LETTER
  -------         PROC          _ASCIITOBCD
  D:0001H         SYMBOL        ascii
  -------         DO            
  D:0007H         SYMBOL        dec_val
  D:0006H         SYMBOL        ten
  D:0007H         SYMBOL        unit
  -------         ENDDO         
  C:5610H         LINE#         67
  C:5610H         LINE#         68
  C:5610H         LINE#         70
  C:5613H         LINE#         71
  C:5619H         LINE#         72
  C:5620H         LINE#         73
  C:5626H         LINE#         75
  -------         ENDPROC       _ASCIITOBCD
  -------         PROC          UART1_INITTCPCONN
  C:576CH         LINE#         77
  C:576CH         LINE#         78
  C:576CH         LINE#         82
  -------         ENDPROC       UART1_INITTCPCONN
  -------         PROC          _UART1_SENDTOTCPSERVER
  X:074DH         SYMBOL        str
  C:5539H         LINE#         88
  C:5544H         LINE#         89
  C:5544H         LINE#         90
  C:554DH         LINE#         91
  C:5554H         LINE#         92
  -------         ENDPROC       _UART1_SENDTOTCPSERVER
  -------         ENDMOD        UART1

  -------         MODULE        ?C_STARTUP
  C:4E13H         SEGMENT       ?C_C51STARTUP
  I:0023H         SEGMENT       ?STACK
  C:0000H         PUBLIC        ?C_STARTUP
  D:00E0H         SYMBOL        ACC
  D:00F0H         SYMBOL        B
BL51 BANKED LINKER/LOCATER V6.22                                                      01/29/2020  11:26:31  PAGE 48


  D:0083H         SYMBOL        DPH
  D:0082H         SYMBOL        DPL
  N:0000H         SYMBOL        IBPSTACK
  N:0100H         SYMBOL        IBPSTACKTOP
  N:0080H         SYMBOL        IDATALEN
  C:4E16H         SYMBOL        IDATALOOP
  N:0000H         SYMBOL        PBPSTACK
  N:0100H         SYMBOL        PBPSTACKTOP
  N:0000H         SYMBOL        PDATALEN
  N:0000H         SYMBOL        PDATASTART
  N:0000H         SYMBOL        PPAGE
  N:0000H         SYMBOL        PPAGEENABLE
  D:00A0H         SYMBOL        PPAGE_SFR
  D:0081H         SYMBOL        SP
  C:4E13H         SYMBOL        STARTUP1
  N:0000H         SYMBOL        XBPSTACK
  N:0000H         SYMBOL        XBPSTACKTOP
  N:0000H         SYMBOL        XDATALEN
  N:0000H         SYMBOL        XDATASTART
  C:0000H         LINE#         126
  C:4E13H         LINE#         133
  C:4E15H         LINE#         134
  C:4E16H         LINE#         135
  C:4E17H         LINE#         136
  C:4E19H         LINE#         185
  C:4E1CH         LINE#         196
  -------         ENDMOD        ?C_STARTUP

  -------         MODULE        ?C?FPADD
  C:002DH         PUBLIC        ?C?FPADD
  C:0029H         PUBLIC        ?C?FPSUB
  -------         ENDMOD        ?C?FPADD

  -------         MODULE        ?C?FPMUL
  C:011EH         PUBLIC        ?C?FPMUL
  -------         ENDMOD        ?C?FPMUL

  -------         MODULE        ?C?FPDIV
  C:0227H         PUBLIC        ?C?FPDIV
  -------         ENDMOD        ?C?FPDIV

  -------         MODULE        ?C?FPCMP
  C:02C6H         PUBLIC        ?C?FPCMP
  C:02C4H         PUBLIC        ?C?FPCMP3
  -------         ENDMOD        ?C?FPCMP

  -------         MODULE        ?C?FPNEG
  C:033DH         PUBLIC        ?C?FPNEG
  -------         ENDMOD        ?C?FPNEG

  -------         MODULE        ?C?FCAST
  C:0358H         PUBLIC        ?C?FCASTC
  C:0353H         PUBLIC        ?C?FCASTI
  C:034EH         PUBLIC        ?C?FCASTL
  -------         ENDMOD        ?C?FCAST

  -------         MODULE        ?C?CASTF
BL51 BANKED LINKER/LOCATER V6.22                                                      01/29/2020  11:26:31  PAGE 49


  C:038CH         PUBLIC        ?C?CASTF
  -------         ENDMOD        ?C?CASTF

  -------         MODULE        PRINTF
  X:0614H         PUBLIC        ?_PRINTF?BYTE
  X:0614H         PUBLIC        ?_SPRINTF?BYTE
  C:2798H         PUBLIC        _PRINTF
  C:2792H         PUBLIC        _SPRINTF
  -------         ENDMOD        PRINTF

  -------         MODULE        FABS
  C:571EH         PUBLIC        _FABS
  -------         ENDMOD        FABS

  -------         MODULE        ATAN2
  X:0714H         PUBLIC        ?_atan2?BYTE
  C:4CDAH         PUBLIC        _atan2
  -------         ENDMOD        ATAN2

  -------         MODULE        SIN
  C:42BEH         PUBLIC        _COS
  C:42D4H         PUBLIC        _SIN
  C:4310H         PUBLIC        _TAN
  -------         ENDMOD        SIN

  -------         MODULE        ACOS
  C:51C9H         PUBLIC        _ACOS
  -------         ENDMOD        ACOS

  -------         MODULE        ASIN
  C:52D7H         PUBLIC        _ASIN
  -------         ENDMOD        ASIN

  -------         MODULE        ?C?FPROUND
  C:040DH         PUBLIC        ?C?FPROUND
  -------         ENDMOD        ?C?FPROUND

  -------         MODULE        ?C?FPCONVERT
  C:044AH         PUBLIC        ?C?FPCONVERT
  -------         ENDMOD        ?C?FPCONVERT

  -------         MODULE        SQRT
  C:4B91H         PUBLIC        _SQRT
  -------         ENDMOD        SQRT

  -------         MODULE        ATAN
  C:4573H         PUBLIC        _ATAN
  -------         ENDMOD        ATAN

  -------         MODULE        ?C?FTNPWR
  C:05CCH         PUBLIC        ?C?FTNPWR
  -------         ENDMOD        ?C?FTNPWR

  -------         MODULE        ?C?COPY
  C:06DCH         PUBLIC        ?C?COPY
  -------         ENDMOD        ?C?COPY

BL51 BANKED LINKER/LOCATER V6.22                                                      01/29/2020  11:26:31  PAGE 50


  -------         MODULE        ?C?CLDPTR
  C:0702H         PUBLIC        ?C?CLDPTR
  -------         ENDMOD        ?C?CLDPTR

  -------         MODULE        ?C?CLDOPTR
  C:071BH         PUBLIC        ?C?CLDOPTR
  -------         ENDMOD        ?C?CLDOPTR

  -------         MODULE        ?C?CSTPTR
  C:0748H         PUBLIC        ?C?CSTPTR
  -------         ENDMOD        ?C?CSTPTR

  -------         MODULE        ?C?IMUL
  C:075AH         PUBLIC        ?C?IMUL
  -------         ENDMOD        ?C?IMUL

  -------         MODULE        ?C?UIDIV
  C:076CH         PUBLIC        ?C?UIDIV
  -------         ENDMOD        ?C?UIDIV

  -------         MODULE        ?C?SIDIV
  C:07C1H         PUBLIC        ?C?SIDIV
  -------         ENDMOD        ?C?SIDIV

  -------         MODULE        ?C?ILDIX
  C:07F7H         PUBLIC        ?C?ILDIX
  -------         ENDMOD        ?C?ILDIX

  -------         MODULE        ?C?ILDOPTR
  C:080DH         PUBLIC        ?C?ILDOPTR
  -------         ENDMOD        ?C?ILDOPTR

  -------         MODULE        ?C?ISTPTR
  C:0845H         PUBLIC        ?C?ISTPTR
  -------         ENDMOD        ?C?ISTPTR

  -------         MODULE        ?C?LMUL
  C:0864H         PUBLIC        ?C?LMUL
  -------         ENDMOD        ?C?LMUL

  -------         MODULE        ?C?SLDIV
  C:5213H         PUBLIC        ?C?SLDIV
  -------         ENDMOD        ?C?SLDIV

  -------         MODULE        ?C?LNEG
  C:08B3H         PUBLIC        ?C?LNEG
  -------         ENDMOD        ?C?LNEG

  -------         MODULE        ?C?ULCMP
  C:08C1H         PUBLIC        ?C?ULCMP
  -------         ENDMOD        ?C?ULCMP

  -------         MODULE        ?C?LSHL
  C:08D2H         PUBLIC        ?C?LSHL
  -------         ENDMOD        ?C?LSHL

  -------         MODULE        ?C?LLDPTR
BL51 BANKED LINKER/LOCATER V6.22                                                      01/29/2020  11:26:31  PAGE 51


  C:08E5H         PUBLIC        ?C?LLDPTR
  -------         ENDMOD        ?C?LLDPTR

  -------         MODULE        ?C?LLDOPTR
  C:0905H         PUBLIC        ?C?LLDOPTR
  -------         ENDMOD        ?C?LLDOPTR

  -------         MODULE        ?C?LSTPTR
  C:0935H         PUBLIC        ?C?LSTPTR
  -------         ENDMOD        ?C?LSTPTR

  -------         MODULE        ?C?LSTOPTR
  C:094FH         PUBLIC        ?C?LSTOPTR
  -------         ENDMOD        ?C?LSTOPTR

  -------         MODULE        ?C?LLDXDATA
  C:0973H         PUBLIC        ?C?LLDXDATA
  -------         ENDMOD        ?C?LLDXDATA

  -------         MODULE        ?C?LLDCODE
  C:097FH         PUBLIC        ?C?LLDCODE
  -------         ENDMOD        ?C?LLDCODE

  -------         MODULE        ?C?LLDXDATA0
  C:098FH         PUBLIC        ?C?LLDXDATA0
  -------         ENDMOD        ?C?LLDXDATA0

  -------         MODULE        ?C?LLDCODE0
  C:099BH         PUBLIC        ?C?LLDCODE0
  -------         ENDMOD        ?C?LLDCODE0

  -------         MODULE        ?C?LLDPTR0
  C:09ABH         PUBLIC        ?C?LLDPTR0
  -------         ENDMOD        ?C?LLDPTR0

  -------         MODULE        ?C?LSTXDATA
  C:09CBH         PUBLIC        ?C?LSTXDATA
  -------         ENDMOD        ?C?LSTXDATA

  -------         MODULE        ?C?LSTKXDATA
  C:09D7H         PUBLIC        ?C?LSTKXDATA
  -------         ENDMOD        ?C?LSTKXDATA

  -------         MODULE        ?C?LSTKPTR
  C:0A08H         PUBLIC        ?C?LSTKPTR
  -------         ENDMOD        ?C?LSTKPTR

  -------         MODULE        ?C?OFFXADD
  C:0A22H         PUBLIC        ?C?OFFXADD
  -------         ENDMOD        ?C?OFFXADD

  -------         MODULE        ?C?PLDIXDATA
  C:0A2EH         PUBLIC        ?C?PLDIXDATA
  -------         ENDMOD        ?C?PLDIXDATA

  -------         MODULE        ?C?PSTXDATA
  C:0A45H         PUBLIC        ?C?PSTXDATA
BL51 BANKED LINKER/LOCATER V6.22                                                      01/29/2020  11:26:31  PAGE 52


  -------         ENDMOD        ?C?PSTXDATA

  -------         MODULE        ?C?CCASE
  C:0A4EH         PUBLIC        ?C?CCASE
  -------         ENDMOD        ?C?CCASE

  -------         MODULE        PUTCHAR
  C:54CAH         PUBLIC        _PUTCHAR
  -------         ENDMOD        PUTCHAR

  -------         MODULE        ABS
  C:5743H         PUBLIC        _ABS
  -------         ENDMOD        ABS

  -------         MODULE        ATOI
  C:4887H         PUBLIC        _atoi
  -------         ENDMOD        ATOI

  -------         MODULE        ?C?IILDX
  C:0A74H         PUBLIC        ?C?IILDX
  -------         ENDMOD        ?C?IILDX

  -------         MODULE        ?C?ULDIV
  C:0AC6H         PUBLIC        ?C?ULDIV
  -------         ENDMOD        ?C?ULDIV

  -------         MODULE        ?C?LLDIDATA
  C:0B58H         PUBLIC        ?C?LLDIDATA
  -------         ENDMOD        ?C?LLDIDATA

  -------         MODULE        ?C?LLDPDATA
  C:0B64H         PUBLIC        ?C?LLDPDATA
  -------         ENDMOD        ?C?LLDPDATA

  -------         MODULE        ?C?LLDIDATA0
  C:0B70H         PUBLIC        ?C?LLDIDATA0
  -------         ENDMOD        ?C?LLDIDATA0

  -------         MODULE        ?C?LLDPDATA0
  C:0B7DH         PUBLIC        ?C?LLDPDATA0
  -------         ENDMOD        ?C?LLDPDATA0

  -------         MODULE        ?C?LSTIDATA
  C:0B8AH         PUBLIC        ?C?LSTIDATA
  -------         ENDMOD        ?C?LSTIDATA

  -------         MODULE        ?C?LSTPDATA
  C:0B96H         PUBLIC        ?C?LSTPDATA
  -------         ENDMOD        ?C?LSTPDATA

  -------         MODULE        ?C?LSTKIDATA
  C:0BA2H         PUBLIC        ?C?LSTKIDATA
  -------         ENDMOD        ?C?LSTKIDATA

  -------         MODULE        ?C?LSTKPDATA
  C:0BBBH         PUBLIC        ?C?LSTKPDATA
  -------         ENDMOD        ?C?LSTKPDATA
BL51 BANKED LINKER/LOCATER V6.22                                                      01/29/2020  11:26:31  PAGE 53



  -------         MODULE        ISDIGIT
  C:56F5H         PUBLIC        _isdigit
  -------         ENDMOD        ISDIGIT

  -------         MODULE        ISSPACE
  C:5690H         PUBLIC        _isspace
  -------         ENDMOD        ISSPACE

*** WARNING L16: UNCALLED SEGMENT, IGNORED FOR OVERLAY PROCESS
    SEGMENT: ?PR?SPI_INIT?PCF85063BTL

*** WARNING L16: UNCALLED SEGMENT, IGNORED FOR OVERLAY PROCESS
    SEGMENT: ?PR?_DAY_OF_YEAR?PCF85063BTL

*** WARNING L16: UNCALLED SEGMENT, IGNORED FOR OVERLAY PROCESS
    SEGMENT: ?PR?LCD_INIT?LCD_DRIVER_SPLC780D

*** WARNING L16: UNCALLED SEGMENT, IGNORED FOR OVERLAY PROCESS
    SEGMENT: ?PR?_DISPLAYLCD?LCD_DRIVER_SPLC780D

*** WARNING L16: UNCALLED SEGMENT, IGNORED FOR OVERLAY PROCESS
    SEGMENT: ?PR?LCD_RETURN_HOME?LCD_DRIVER_SPLC780D

*** WARNING L16: UNCALLED SEGMENT, IGNORED FOR OVERLAY PROCESS
    SEGMENT: ?PR?_DISPLAY_LINE?LCD_DRIVER_SPLC780D

*** WARNING L16: UNCALLED SEGMENT, IGNORED FOR OVERLAY PROCESS
    SEGMENT: ?PR?KEY_PROCESS?KEYPAD

*** WARNING L16: UNCALLED SEGMENT, IGNORED FOR OVERLAY PROCESS
    SEGMENT: ?PR?KEYPAD_IO_INIT?KEYPAD

*** WARNING L16: UNCALLED SEGMENT, IGNORED FOR OVERLAY PROCESS
    SEGMENT: ?PR?VSETLOCATION?BIPOLARMOTOR

*** WARNING L16: UNCALLED SEGMENT, IGNORED FOR OVERLAY PROCESS
    SEGMENT: ?PR?_ELEVATION_CALCULATION?BIPOLARMOTOR

*** WARNING L16: UNCALLED SEGMENT, IGNORED FOR OVERLAY PROCESS
    SEGMENT: ?PR?_AZIMUTH_CALCULATION?BIPOLARMOTOR

*** WARNING L16: UNCALLED SEGMENT, IGNORED FOR OVERLAY PROCESS
    SEGMENT: ?PR?_CALIBRATION?CALIBRATION

*** WARNING L16: UNCALLED SEGMENT, IGNORED FOR OVERLAY PROCESS
    SEGMENT: ?PR?_FINDCLOSESTSAMEDAYCALIBTIME?CALIBRATION

*** WARNING L16: UNCALLED SEGMENT, IGNORED FOR OVERLAY PROCESS
    SEGMENT: ?PR?NOP?IOEXPANDER_PI4IOE5V96248

*** WARNING L16: UNCALLED SEGMENT, IGNORED FOR OVERLAY PROCESS
    SEGMENT: ?PR?UC_ACK?IOEXPANDER_PI4IOE5V96248

*** WARNING L16: UNCALLED SEGMENT, IGNORED FOR OVERLAY PROCESS
    SEGMENT: ?PR?UC_NACK?IOEXPANDER_PI4IOE5V96248

BL51 BANKED LINKER/LOCATER V6.22                                                      01/29/2020  11:26:31  PAGE 54


*** WARNING L16: UNCALLED SEGMENT, IGNORED FOR OVERLAY PROCESS
    SEGMENT: ?PR?AT25SF041_CHIPERASE?AT25SF041

*** WARNING L16: UNCALLED SEGMENT, IGNORED FOR OVERLAY PROCESS
    SEGMENT: ?PR?_AT25SF041_READ?AT25SF041

*** WARNING L16: UNCALLED SEGMENT, IGNORED FOR OVERLAY PROCESS
    SEGMENT: ?PR?SPI_NOR_WRITE_DATA?AT25SF041

*** WARNING L16: UNCALLED SEGMENT, IGNORED FOR OVERLAY PROCESS
    SEGMENT: ?PR?SI1120_CONFIG_MODE_VIRH?SI1120

*** WARNING L16: UNCALLED SEGMENT, IGNORED FOR OVERLAY PROCESS
    SEGMENT: ?PR?ENABLE_EXTINT0?SI1120

*** WARNING L16: UNCALLED SEGMENT, IGNORED FOR OVERLAY PROCESS
    SEGMENT: ?PR?_TEN?UART1

*** WARNING L16: UNCALLED SEGMENT, IGNORED FOR OVERLAY PROCESS
    SEGMENT: ?PR?_UNIT?UART1

*** WARNING L16: UNCALLED SEGMENT, IGNORED FOR OVERLAY PROCESS
    SEGMENT: ?PR?_DECTOBCD?UART1

*** WARNING L16: UNCALLED SEGMENT, IGNORED FOR OVERLAY PROCESS
    SEGMENT: ?PR?_ASCII_LETTER?UART1

*** WARNING L16: UNCALLED SEGMENT, IGNORED FOR OVERLAY PROCESS
    SEGMENT: ?PR?_ASCIITOBCD?UART1

*** WARNING L16: UNCALLED SEGMENT, IGNORED FOR OVERLAY PROCESS
    SEGMENT: ?PR?UART1_INITTCPCONN?UART1

*** WARNING L16: UNCALLED SEGMENT, IGNORED FOR OVERLAY PROCESS
    SEGMENT: ?PR?_UART1_SENDTOTCPSERVER?UART1

Program Size: data=16.1 xdata=1881 code=22411
LINK/LOCATE RUN COMPLETE.  28 WARNING(S),  0 ERROR(S)
