BL51 BANKED LINKER/LOCATER V6.22                                                        09/09/2019  16:55:15  PAGE 1


BL51 BANKED LINKER/LOCATER V6.22, INVOKED BY:
C:\KEIL_V5\C51\BIN\BL51.EXE .\Obj\main.obj, .\Obj\PCF85063BTL.obj, .\Obj\LCd_Driver_SPLC780D.obj, .\Obj\KeyPad.obj, .\Ob
>> j\BipolarMotor.obj, .\Obj\SunPos.obj, .\Obj\ADC.obj, .\Obj\Calibration.obj, .\Obj\IOExpander_PI4IOE5V96248.obj, .\Obj
>> \AT25SF041.obj, .\Obj\SI1120.obj, .\Obj\UART1.obj, .\Obj\STARTUP.obj TO .\Obj\GPIO_RTC_Test RTX51TINY PRINT (.\Lis\GP
>> IO_RTC_Test.m51) RAMSIZE (256)


MEMORY MODEL: LARGE WITH FLOATING POINT ARITHMETIC


INPUT MODULES INCLUDED:
  .\Obj\main.obj (MAIN)
  .\Obj\PCF85063BTL.obj (PCF85063BTL)
  .\Obj\LCd_Driver_SPLC780D.obj (LCD_DRIVER_SPLC780D)
  .\Obj\KeyPad.obj (KEYPAD)
  .\Obj\BipolarMotor.obj (BIPOLARMOTOR)
  .\Obj\SunPos.obj (SUNPOS)
  .\Obj\ADC.obj (ADC)
  .\Obj\Calibration.obj (CALIBRATION)
  .\Obj\IOExpander_PI4IOE5V96248.obj (IOEXPANDER_PI4IOE5V96248)
  .\Obj\AT25SF041.obj (AT25SF041)
  .\Obj\SI1120.obj (SI1120)
  .\Obj\UART1.obj (UART1)
  .\Obj\STARTUP.obj (?C_STARTUP)
  C:\KEIL_V5\C51\LIB\C51FPL.LIB (?C?FPADD)
  C:\KEIL_V5\C51\LIB\C51FPL.LIB (?C?FPMUL)
  C:\KEIL_V5\C51\LIB\C51FPL.LIB (?C?FPDIV)
  C:\KEIL_V5\C51\LIB\C51FPL.LIB (?C?FPCMP)
  C:\KEIL_V5\C51\LIB\C51FPL.LIB (?C?FPNEG)
  C:\KEIL_V5\C51\LIB\C51FPL.LIB (?C?FCAST)
  C:\KEIL_V5\C51\LIB\C51FPL.LIB (?C?CASTF)
  C:\KEIL_V5\C51\LIB\C51FPL.LIB (PRINTF)
  C:\KEIL_V5\C51\LIB\C51FPL.LIB (FABS)
  C:\KEIL_V5\C51\LIB\C51FPL.LIB (ATAN2)
  C:\KEIL_V5\C51\LIB\C51FPL.LIB (SIN)
  C:\KEIL_V5\C51\LIB\C51FPL.LIB (ACOS)
  C:\KEIL_V5\C51\LIB\C51FPL.LIB (ASIN)
  C:\KEIL_V5\C51\LIB\C51FPL.LIB (POW)
  C:\KEIL_V5\C51\LIB\C51FPL.LIB (?C?FPGETOPN)
  C:\KEIL_V5\C51\LIB\C51FPL.LIB (?C?CHKFLOAT)
  C:\KEIL_V5\C51\LIB\C51FPL.LIB (?C?FPROUND)
  C:\KEIL_V5\C51\LIB\C51FPL.LIB (?C?FPCONVERT)
  C:\KEIL_V5\C51\LIB\C51FPL.LIB (?C?FPSERIES)
  C:\KEIL_V5\C51\LIB\C51FPL.LIB (EXP)
  C:\KEIL_V5\C51\LIB\C51FPL.LIB (LOG)
  C:\KEIL_V5\C51\LIB\C51FPL.LIB (SQRT)
  C:\KEIL_V5\C51\LIB\C51FPL.LIB (ATAN)
  C:\KEIL_V5\C51\LIB\C51FPL.LIB (?C?FTNPWR)
  C:\KEIL_V5\C51\LIB\C51L.LIB (?C_INIT)
  C:\KEIL_V5\C51\LIB\C51L.LIB (?C?COPY)
  C:\KEIL_V5\C51\LIB\C51L.LIB (?C?CLDPTR)
  C:\KEIL_V5\C51\LIB\C51L.LIB (?C?CLDOPTR)
  C:\KEIL_V5\C51\LIB\C51L.LIB (?C?CSTPTR)
  C:\KEIL_V5\C51\LIB\C51L.LIB (?C?IMUL)
  C:\KEIL_V5\C51\LIB\C51L.LIB (?C?UIDIV)
  C:\KEIL_V5\C51\LIB\C51L.LIB (?C?SIDIV)
  C:\KEIL_V5\C51\LIB\C51L.LIB (?C?ILDIX)
  C:\KEIL_V5\C51\LIB\C51L.LIB (?C?ILDOPTR)
BL51 BANKED LINKER/LOCATER V6.22                                                      09/09/2019  16:55:15  PAGE 2


  C:\KEIL_V5\C51\LIB\C51L.LIB (?C?ISTPTR)
  C:\KEIL_V5\C51\LIB\C51L.LIB (?C?LMUL)
  C:\KEIL_V5\C51\LIB\C51L.LIB (?C?SLDIV)
  C:\KEIL_V5\C51\LIB\C51L.LIB (?C?LNEG)
  C:\KEIL_V5\C51\LIB\C51L.LIB (?C?ULCMP)
  C:\KEIL_V5\C51\LIB\C51L.LIB (?C?LSHL)
  C:\KEIL_V5\C51\LIB\C51L.LIB (?C?LLDPTR)
  C:\KEIL_V5\C51\LIB\C51L.LIB (?C?LLDOPTR)
  C:\KEIL_V5\C51\LIB\C51L.LIB (?C?LSTPTR)
  C:\KEIL_V5\C51\LIB\C51L.LIB (?C?LSTOPTR)
  C:\KEIL_V5\C51\LIB\C51L.LIB (?C?LLDXDATA)
  C:\KEIL_V5\C51\LIB\C51L.LIB (?C?LLDCODE)
  C:\KEIL_V5\C51\LIB\C51L.LIB (?C?LLDXDATA0)
  C:\KEIL_V5\C51\LIB\C51L.LIB (?C?LLDCODE0)
  C:\KEIL_V5\C51\LIB\C51L.LIB (?C?LLDPTR0)
  C:\KEIL_V5\C51\LIB\C51L.LIB (?C?LSTXDATA)
  C:\KEIL_V5\C51\LIB\C51L.LIB (?C?LSTKXDATA)
  C:\KEIL_V5\C51\LIB\C51L.LIB (?C?LSTKPTR)
  C:\KEIL_V5\C51\LIB\C51L.LIB (?C?OFFXADD)
  C:\KEIL_V5\C51\LIB\C51L.LIB (?C?PLDIXDATA)
  C:\KEIL_V5\C51\LIB\C51L.LIB (?C?PSTXDATA)
  C:\KEIL_V5\C51\LIB\C51L.LIB (?C?CCASE)
  C:\KEIL_V5\C51\LIB\C51L.LIB (PUTCHAR)
  C:\KEIL_V5\C51\LIB\C51L.LIB (ABS)
  C:\KEIL_V5\C51\LIB\C51L.LIB (ATOI)
  C:\KEIL_V5\C51\LIB\C51L.LIB (?C?IILDX)
  C:\KEIL_V5\C51\LIB\C51L.LIB (?C?ULDIV)
  C:\KEIL_V5\C51\LIB\C51L.LIB (?C?LLDIDATA)
  C:\KEIL_V5\C51\LIB\C51L.LIB (?C?LLDPDATA)
  C:\KEIL_V5\C51\LIB\C51L.LIB (?C?LLDIDATA0)
  C:\KEIL_V5\C51\LIB\C51L.LIB (?C?LLDPDATA0)
  C:\KEIL_V5\C51\LIB\C51L.LIB (?C?LSTIDATA)
  C:\KEIL_V5\C51\LIB\C51L.LIB (?C?LSTPDATA)
  C:\KEIL_V5\C51\LIB\C51L.LIB (?C?LSTKIDATA)
  C:\KEIL_V5\C51\LIB\C51L.LIB (?C?LSTKPDATA)
  C:\KEIL_V5\C51\LIB\C51L.LIB (ISDIGIT)
  C:\KEIL_V5\C51\LIB\C51L.LIB (ISSPACE)


LINK MAP OF MODULE:  .\Obj\GPIO_RTC_Test (MAIN)


            TYPE    BASE      LENGTH    RELOCATION   SEGMENT NAME
            -----------------------------------------------------

            * * * * * * *   D A T A   M E M O R Y   * * * * * * *
            REG     0000H     0008H     ABSOLUTE     "REG BANK 0"
            DATA    0008H     0005H     UNIT         _DATA_GROUP_
                    000DH     0013H                  *** GAP ***
            BIT     0020H.0   0001H.2   UNIT         _BIT_GROUP_
            BIT     0021H.2   0000H.1   UNIT         ?BI?MAIN
            BIT     0021H.3   0000H.1   UNIT         ?BI?_ATOI?ATOI
                    0021H.4   0000H.4                *** GAP ***
            IDATA   0022H     0001H     UNIT         ?STACK

            * * * * * * *  X D A T A   M E M O R Y  * * * * * * *
            XDATA   0000H     03BCH     UNIT         ?XD?BIPOLARMOTOR
BL51 BANKED LINKER/LOCATER V6.22                                                      09/09/2019  16:55:15  PAGE 3


            XDATA   03BCH     0171H     UNIT         _XDATA_GROUP_
            XDATA   052DH     0121H     UNIT         ?XD?MAIN
            XDATA   064EH     0019H     UNIT         ?XD?KEYPAD
            XDATA   0667H     0005H     UNIT         ?XD?_ATOI?ATOI
            XDATA   066CH     0001H     UNIT         ?XD?UC_ACK?IOEXPANDER_PI4IOE5V96248
            XDATA   066DH     0001H     UNIT         ?XD?UC_NACK?IOEXPANDER_PI4IOE5V96248

            * * * * * * *   C O D E   M E M O R Y   * * * * * * *
            CODE    0000H     0003H     ABSOLUTE     
            CODE    0003H     0003H     ABSOLUTE     
            CODE    0006H     0005H     UNIT         ?PR?_UNIT?UART1
            CODE    000BH     0003H     ABSOLUTE     
            CODE    000EH     000DH     UNIT         ?PR?UART?MAIN
            CODE    001BH     0003H     ABSOLUTE     
            CODE    001EH     0005H     UNIT         ?PR?_ASCII_LETTER?UART1
            CODE    0023H     0003H     ABSOLUTE     
            CODE    0026H     2575H     UNIT         ?PR?MAIN?MAIN
            CODE    259BH     0BC8H     UNIT         ?C?LIB_CODE
            CODE    3163H     07F7H     UNIT         ?PR?_FIND_REAL_MAX?CALIBRATION
            CODE    395AH     07A2H     UNIT         ?PR?SUNPOS?SUNPOS
            CODE    40FCH     0645H     UNIT         ?PR?_UPDATE_POSITION?BIPOLARMOTOR
            CODE    4741H     04FBH     UNIT         ?PR?_THEORICALJP_POSITION?BIPOLARMOTOR
            CODE    4C3CH     0483H     UNIT         ?PR?PRINTF?PRINTF
            CODE    50BFH     044AH     UNIT         ?PR?_AZIMUTH_CALCULATION?BIPOLARMOTOR
            CODE    5509H     0424H     UNIT         ?C_INITSEG
            CODE    592DH     038CH     UNIT         ?PR?KEY_PROCESS?KEYPAD
            CODE    5CB9H     036DH     UNIT         ?PR?_ELEVATION_CALCULATION?BIPOLARMOTOR
            CODE    6026H     01C7H     UNIT         ?PR?_CALIBRATION?CALIBRATION
            CODE    61EDH     018DH     UNIT         ?PR?KEY_SCAN?KEYPAD
            CODE    637AH     0189H     UNIT         ?PR?SPI_NOR_WRITE_DATA?AT25SF041
            CODE    6503H     0188H     UNIT         ?PR?SIN?SIN
            CODE    668BH     0166H     UNIT         ?PR?_POW?POW
            CODE    67F1H     0155H     UNIT         ?PR?_DISPLAY_POS?LCD_DRIVER_SPLC780D
            CODE    6946H     0129H     UNIT         ?PR?LOG?LOG
            CODE    6A6FH     0122H     UNIT         ?PR?ATAN?ATAN
            CODE    6B91H     0110H     UNIT         ?PR?_AT25SF041_READ?AT25SF041
            CODE    6CA1H     0102H     UNIT         ?PR?_AT25SF041_WRITE?AT25SF041
            CODE    6DA3H     00F5H     UNIT         ?PR?EXINT0?MAIN
            CODE    6E98H     00DBH     UNIT         ?PR?_ATOI?ATOI
            CODE    6F73H     00C3H     UNIT         ?PR?LINEAR_INTERPOLATE?BIPOLARMOTOR
            CODE    7036H     00BBH     UNIT         ?PR?VOLTAGE_IS_STABLE?CALIBRATION
            CODE    70F1H     00ADH     UNIT         ?PR?_WRITE_PI4IOE5V96248?IOEXPANDER_PI4IOE5V96248
            CODE    719EH     00ACH     UNIT         ?PR?SQRT?SQRT
            CODE    724AH     00A1H     UNIT         ?PR?UCREAD_STATUS_REGISTER_BYTE1?AT25SF041
            CODE    72EBH     009DH     UNIT         ?PR?_ATAN2?ATAN2
            CODE    7388H     009CH     UNIT         ?PR?_MAX_VALUE?CALIBRATION
            CODE    7424H     009AH     UNIT         ?PR?EXP?EXP
            CODE    74BEH     008CH     UNIT         ?C_C51STARTUP
            CODE    754AH     0088H     UNIT         ?PR?_DAY_OF_YEAR?PCF85063BTL
            CODE    75D2H     0079H     UNIT         ?PR?_WRITEDATA?LCD_DRIVER_SPLC780D
            CODE    764BH     0072H     UNIT         ?PR?AT25SF041_WRITEENABLE?AT25SF041
            CODE    76BDH     006FH     UNIT         ?PR?_READ_TIME?PCF85063BTL
            CODE    772CH     005AH     UNIT         ?PR?AT25SF041_CHIPERASE?AT25SF041
            CODE    7786H     0059H     UNIT         ?PR?LCD_INIT?LCD_DRIVER_SPLC780D
            CODE    77DFH     0056H     UNIT         ?CO?MAIN
            CODE    7835H     004BH     UNIT         ?CO?UART1
            CODE    7880H     004AH     UNIT         ?PR?VONESTEPMOVE?BIPOLARMOTOR
BL51 BANKED LINKER/LOCATER V6.22                                                      09/09/2019  16:55:15  PAGE 4


            CODE    78CAH     004AH     UNIT         ?PR?ACOS?ACOS
            CODE    7914H     0044H     UNIT         ?C?LDIV
            CODE    7958H     0040H     UNIT         ?PR?_COMMAND?LCD_DRIVER_SPLC780D
            CODE    7998H     0040H     UNIT         ?PR?_STEP_MOVE?BIPOLARMOTOR
            CODE    79D8H     003BH     UNIT         ?PR?ASIN?ASIN
            CODE    7A13H     0033H     UNIT         ?PR?_SENDSTRING?UART1
            CODE    7A46H     0031H     UNIT         ?PR?SI1120_CONFIG_MODE_VIRH?SI1120
            CODE    7A77H     002BH     UNIT         ?PR?_WAIT_MS_I2C?IOEXPANDER_PI4IOE5V96248
            CODE    7AA2H     002BH     UNIT         ?PR?_WAIT_MS_SPINOR?AT25SF041
            CODE    7ACDH     002AH     UNIT         ?PR?_ADC_GETRESULT?ADC
            CODE    7AF7H     0028H     UNIT         ?PR?_BCDTODEC1?BIPOLARMOTOR
            CODE    7B1FH     0028H     UNIT         ?PR?_MOVE?BIPOLARMOTOR
            CODE    7B47H     0028H     UNIT         ?CO?CALIBRATION
            CODE    7B6FH     0027H     UNIT         ?PR?_I2C_SENDBYTE?IOEXPANDER_PI4IOE5V96248
            CODE    7B96H     0027H     UNIT         ?PR?PUTCHAR?PUTCHAR
            CODE    7BBDH     0024H     UNIT         ?PR?_WAIT_MS?LCD_DRIVER_SPLC780D
            CODE    7BE1H     0024H     UNIT         ?PR?_FINDCLOSESTSAMEDAYCALIBTIME?CALIBRATION
            CODE    7C05H     0024H     UNIT         ?PR?_UART1_SENDTOTCPSERVER?UART1
            CODE    7C29H     0021H     UNIT         ?PR?TM0_ISR?MAIN
            CODE    7C4AH     0020H     UNIT         ?PR?_SPI_SENDBYTE?PCF85063BTL
            CODE    7C6AH     0020H     UNIT         ?PR?SPI_RECEIVEBYTE?PCF85063BTL
            CODE    7C8AH     001EH     UNIT         ?PR?_DELAY_MS?KEYPAD
            CODE    7CA8H     001DH     UNIT         ?PR?_DISPLAYLCD?LCD_DRIVER_SPLC780D
            CODE    7CC5H     001AH     UNIT         ?PR?ADC_INIT?ADC
            CODE    7CDFH     0018H     UNIT         ?PR?_SPI_WRITETIME?PCF85063BTL
            CODE    7CF7H     0017H     UNIT         ?PR?_ASCIITOBCD?UART1
            CODE    7D0EH     0016H     UNIT         ?PR?I2C_ACK?IOEXPANDER_PI4IOE5V96248
            CODE    7D24H     0015H     UNIT         ?PR?_DISPLAY_LINE?LCD_DRIVER_SPLC780D
            CODE    7D39H     0015H     UNIT         ?PR?VSETLOCATION?BIPOLARMOTOR
            CODE    7D4EH     0015H     UNIT         ?PR?I2C_STOP?IOEXPANDER_PI4IOE5V96248
            CODE    7D63H     0014H     UNIT         ?PR?_PCF85063BTL_DELAY?PCF85063BTL
            CODE    7D77H     0014H     UNIT         ?PR?_ISSPACE?ISSPACE
            CODE    7D8BH     0011H     UNIT         ?PR?_SPI_READTIME?PCF85063BTL
            CODE    7D9CH     0011H     UNIT         ?PR?_BCDTODEC?PCF85063BTL
            CODE    7DADH     0011H     UNIT         ?PR?INITUART1?UART1
            CODE    7DBEH     000FH     UNIT         ?PR?I2C_START?IOEXPANDER_PI4IOE5V96248
            CODE    7DCDH     000FH     UNIT         ?PR?UC_NACK?IOEXPANDER_PI4IOE5V96248
            CODE    7DDCH     000FH     UNIT         ?PR?_ISDIGIT?ISDIGIT
            CODE    7DEBH     000DH     UNIT         ?PR?SPI_INIT?PCF85063BTL
            CODE    7DF8H     000DH     UNIT         ?PR?ENABLE_EXTINT0?SI1120
            CODE    7E05H     000DH     UNIT         ?PR?_FABS?FABS
            CODE    7E12H     000CH     UNIT         ?PR?KEYPAD_IO_INIT?KEYPAD
            CODE    7E1EH     000CH     UNIT         ?PR?_ABS?ABS
            CODE    7E2AH     000AH     UNIT         ?PR?LCD_RETURN_HOME?LCD_DRIVER_SPLC780D
            CODE    7E34H     000AH     UNIT         ?PR?LCD_CLEAR?LCD_DRIVER_SPLC780D
            CODE    7E3EH     0009H     UNIT         ?PR?TM1_ISR?MAIN
            CODE    7E47H     0009H     UNIT         ?PR?_SENDUART1?MAIN
            CODE    7E50H     0009H     UNIT         ?PR?UART1_INITTCPCONN?UART1
            CODE    7E59H     0006H     UNIT         ?PR?UC_ACK?IOEXPANDER_PI4IOE5V96248
            CODE    7E5FH     0006H     UNIT         ?PR?_TEN?UART1
            CODE    7E65H     0001H     UNIT         ?PR?NOP?IOEXPANDER_PI4IOE5V96248
            CODE    7E66H     0001H     UNIT         ?PR?_DECTOBCD?UART1



OVERLAY MAP OF MODULE:   .\Obj\GPIO_RTC_Test (MAIN)

BL51 BANKED LINKER/LOCATER V6.22                                                      09/09/2019  16:55:15  PAGE 5



SEGMENT                                             BIT_GROUP          DATA_GROUP          XDATA_GROUP
  +--> CALLED SEGMENT                            START    LENGTH     START    LENGTH     START    LENGTH
--------------------------------------------------------------------------------------------------------
?PR?EXINT0?MAIN                                  -----    -----      -----    -----      -----    -----
  +--> ?PR?_POW?POW

?PR?_POW?POW                                     -----    -----      -----    -----      03BCH    000AH
  +--> ?PR?LOG?LOG
  +--> ?PR?EXP?EXP

?PR?LOG?LOG                                      0020H.0  0000H.1    -----    -----      03C6H    0004H

*** NEW ROOT ***************************************************

?C_C51STARTUP                                    -----    -----      -----    -----      -----    -----
  +--> ?PR?MAIN?MAIN
  +--> ?C_INITSEG

?PR?MAIN?MAIN                                    -----    -----      -----    -----      03CAH    003EH
  +--> ?PR?LCD_INIT?LCD_DRIVER_SPLC780D
  +--> ?PR?SPI_INIT?PCF85063BTL
  +--> ?PR?KEYPAD_IO_INIT?KEYPAD
  +--> ?PR?ADC_INIT?ADC
  +--> ?PR?SI1120_CONFIG_MODE_VIRH?SI1120
  +--> ?PR?ENABLE_EXTINT0?SI1120
  +--> ?PR?VSETLOCATION?BIPOLARMOTOR
  +--> ?PR?_SPI_WRITETIME?PCF85063BTL
  +--> ?PR?_DELAY_MS?KEYPAD
  +--> ?PR?_DISPLAY_LINE?LCD_DRIVER_SPLC780D
  +--> ?PR?_WRITEDATA?LCD_DRIVER_SPLC780D
  +--> ?PR?INITUART1?UART1
  +--> ?PR?UART1_INITTCPCONN?UART1
  +--> ?CO?MAIN
  +--> ?PR?_UART1_SENDTOTCPSERVER?UART1
  +--> ?PR?KEY_PROCESS?KEYPAD
  +--> ?PR?_BCDTODEC1?BIPOLARMOTOR
  +--> ?PR?_COMMAND?LCD_DRIVER_SPLC780D
  +--> ?PR?_DISPLAY_POS?LCD_DRIVER_SPLC780D
  +--> ?PR?_DISPLAYLCD?LCD_DRIVER_SPLC780D
  +--> ?PR?_STEP_MOVE?BIPOLARMOTOR
  +--> ?PR?LCD_RETURN_HOME?LCD_DRIVER_SPLC780D
  +--> ?PR?_READ_TIME?PCF85063BTL
  +--> ?PR?_SENDSTRING?UART1
  +--> ?PR?_ELEVATION_CALCULATION?BIPOLARMOTOR
  +--> ?PR?_AZIMUTH_CALCULATION?BIPOLARMOTOR
  +--> ?PR?_AT25SF041_READ?AT25SF041
  +--> ?PR?_DAY_OF_YEAR?PCF85063BTL
  +--> ?PR?_THEORICALJP_POSITION?BIPOLARMOTOR
  +--> ?PR?PRINTF?PRINTF
  +--> ?PR?SIN?SIN
  +--> ?PR?_CALIBRATION?CALIBRATION
  +--> ?PR?_WAIT_MS_SPINOR?AT25SF041
  +--> ?PR?AT25SF041_WRITEENABLE?AT25SF041
  +--> ?PR?_AT25SF041_WRITE?AT25SF041
  +--> ?PR?_ABS?ABS
  +--> ?PR?_FABS?FABS
BL51 BANKED LINKER/LOCATER V6.22                                                      09/09/2019  16:55:15  PAGE 6


  +--> ?PR?_ADC_GETRESULT?ADC
  +--> ?PR?SPI_NOR_WRITE_DATA?AT25SF041
  +--> ?PR?_WAIT_MS?LCD_DRIVER_SPLC780D
  +--> ?PR?_UPDATE_POSITION?BIPOLARMOTOR
  +--> ?PR?LINEAR_INTERPOLATE?BIPOLARMOTOR
  +--> ?PR?AT25SF041_CHIPERASE?AT25SF041
  +--> ?PR?LCD_CLEAR?LCD_DRIVER_SPLC780D

?PR?LCD_INIT?LCD_DRIVER_SPLC780D                 -----    -----      -----    -----      -----    -----
  +--> ?PR?_WAIT_MS?LCD_DRIVER_SPLC780D
  +--> ?PR?_COMMAND?LCD_DRIVER_SPLC780D

?PR?_COMMAND?LCD_DRIVER_SPLC780D                 -----    -----      -----    -----      -----    -----
  +--> ?PR?_WAIT_MS?LCD_DRIVER_SPLC780D

?PR?SI1120_CONFIG_MODE_VIRH?SI1120               -----    -----      -----    -----      -----    -----
  +--> ?PR?_WAIT_MS?LCD_DRIVER_SPLC780D

?PR?_SPI_WRITETIME?PCF85063BTL                   -----    -----      -----    -----      -----    -----
  +--> ?PR?_SPI_SENDBYTE?PCF85063BTL

?PR?_SPI_SENDBYTE?PCF85063BTL                    -----    -----      -----    -----      -----    -----
  +--> ?PR?_PCF85063BTL_DELAY?PCF85063BTL

?PR?_DISPLAY_LINE?LCD_DRIVER_SPLC780D            -----    -----      -----    -----      -----    -----
  +--> ?PR?_COMMAND?LCD_DRIVER_SPLC780D

?PR?_WRITEDATA?LCD_DRIVER_SPLC780D               -----    -----      -----    -----      0508H    0001H
  +--> ?PR?_WAIT_MS?LCD_DRIVER_SPLC780D

?PR?UART1_INITTCPCONN?UART1                      -----    -----      -----    -----      -----    -----
  +--> ?CO?UART1
  +--> ?PR?_SENDSTRING?UART1

?PR?_SENDSTRING?UART1                            -----    -----      -----    -----      04FDH    0003H
  +--> ?PR?_SENDUART1?MAIN

?PR?_UART1_SENDTOTCPSERVER?UART1                 -----    -----      -----    -----      0408H    0003H
  +--> ?CO?UART1
  +--> ?PR?_SENDSTRING?UART1
  +--> ?PR?_DELAY_MS?KEYPAD

?PR?KEY_PROCESS?KEYPAD                           -----    -----      -----    -----      0408H    0006H
  +--> ?PR?KEY_SCAN?KEYPAD
  +--> ?PR?_SPI_WRITETIME?PCF85063BTL
  +--> ?PR?LCD_CLEAR?LCD_DRIVER_SPLC780D
  +--> ?PR?_COMMAND?LCD_DRIVER_SPLC780D
  +--> ?PR?_WRITEDATA?LCD_DRIVER_SPLC780D

?PR?KEY_SCAN?KEYPAD                              -----    -----      -----    -----      040EH    0003H

?PR?LCD_CLEAR?LCD_DRIVER_SPLC780D                -----    -----      -----    -----      -----    -----
  +--> ?PR?_COMMAND?LCD_DRIVER_SPLC780D

?PR?_DISPLAY_POS?LCD_DRIVER_SPLC780D             -----    -----      -----    -----      04FDH    000BH
  +--> ?PR?_ABS?ABS
  +--> ?PR?_WRITEDATA?LCD_DRIVER_SPLC780D
BL51 BANKED LINKER/LOCATER V6.22                                                      09/09/2019  16:55:15  PAGE 7



?PR?_DISPLAYLCD?LCD_DRIVER_SPLC780D              -----    -----      -----    -----      0408H    0001H
  +--> ?PR?_WRITEDATA?LCD_DRIVER_SPLC780D

?PR?_STEP_MOVE?BIPOLARMOTOR                      0020H.2  0000H.1    -----    -----      0501H    0004H
  +--> ?PR?VONESTEPMOVE?BIPOLARMOTOR

?PR?VONESTEPMOVE?BIPOLARMOTOR                    0020H.3  0000H.1    -----    -----      -----    -----
  +--> ?PR?_WRITE_PI4IOE5V96248?IOEXPANDER_P...
  +--> ?PR?_DELAY_MS?KEYPAD

?PR?_WRITE_PI4IOE5V96248?IOEXPANDER_P...         -----    -----      -----    -----      0505H    0003H
  +--> ?PR?I2C_START?IOEXPANDER_PI4IOE5V96248
  +--> ?PR?_WAIT_MS_I2C?IOEXPANDER_PI4IOE5V9...
  +--> ?PR?_I2C_SENDBYTE?IOEXPANDER_PI4IOE5V...
  +--> ?PR?I2C_ACK?IOEXPANDER_PI4IOE5V96248
  +--> ?PR?I2C_STOP?IOEXPANDER_PI4IOE5V96248

?PR?I2C_START?IOEXPANDER_PI4IOE5V96248           -----    -----      -----    -----      -----    -----
  +--> ?PR?_WAIT_MS_I2C?IOEXPANDER_PI4IOE5V9...

?PR?_I2C_SENDBYTE?IOEXPANDER_PI4IOE5V...         -----    -----      -----    -----      -----    -----
  +--> ?PR?_WAIT_MS_I2C?IOEXPANDER_PI4IOE5V9...

?PR?I2C_ACK?IOEXPANDER_PI4IOE5V96248             -----    -----      -----    -----      0508H    0001H
  +--> ?PR?_WAIT_MS_I2C?IOEXPANDER_PI4IOE5V9...

?PR?I2C_STOP?IOEXPANDER_PI4IOE5V96248            -----    -----      -----    -----      -----    -----
  +--> ?PR?_WAIT_MS_I2C?IOEXPANDER_PI4IOE5V9...

?PR?LCD_RETURN_HOME?LCD_DRIVER_SPLC780D          -----    -----      -----    -----      -----    -----
  +--> ?PR?_COMMAND?LCD_DRIVER_SPLC780D

?PR?_READ_TIME?PCF85063BTL                       -----    -----      -----    -----      04FDH    000FH
  +--> ?PR?_SPI_READTIME?PCF85063BTL

?PR?_SPI_READTIME?PCF85063BTL                    -----    -----      -----    -----      -----    -----
  +--> ?PR?_SPI_SENDBYTE?PCF85063BTL
  +--> ?PR?SPI_RECEIVEBYTE?PCF85063BTL

?PR?SPI_RECEIVEBYTE?PCF85063BTL                  -----    -----      -----    -----      -----    -----
  +--> ?PR?_PCF85063BTL_DELAY?PCF85063BTL

?PR?_ELEVATION_CALCULATION?BIPOLARMOTOR          -----    -----      -----    -----      0408H    0005H
  +--> ?PR?_BCDTODEC1?BIPOLARMOTOR
  +--> ?PR?SUNPOS?SUNPOS
  +--> ?PR?SIN?SIN
  +--> ?PR?ASIN?ASIN

?PR?SUNPOS?SUNPOS                                -----    -----      -----    -----      0452H    005DH
  +--> ?PR?SIN?SIN
  +--> ?PR?_ATAN2?ATAN2
  +--> ?PR?ASIN?ASIN
  +--> ?PR?ACOS?ACOS

?PR?SIN?SIN                                      0020H.1  0000H.1    -----    -----      04AFH    0004H

BL51 BANKED LINKER/LOCATER V6.22                                                      09/09/2019  16:55:15  PAGE 8


?PR?_ATAN2?ATAN2                                 -----    -----      -----    -----      04AFH    0008H
  +--> ?PR?ATAN?ATAN

?PR?ATAN?ATAN                                    0020H.1  0000H.2    -----    -----      04B7H    0004H

?PR?ASIN?ASIN                                    -----    -----      -----    -----      -----    -----
  +--> ?PR?SQRT?SQRT
  +--> ?PR?ATAN?ATAN

?PR?SQRT?SQRT                                    -----    -----      -----    -----      04AFH    0004H

?PR?ACOS?ACOS                                    -----    -----      -----    -----      -----    -----
  +--> ?PR?SQRT?SQRT
  +--> ?PR?ATAN?ATAN

?PR?_AZIMUTH_CALCULATION?BIPOLARMOTOR            -----    -----      -----    -----      0408H    0009H
  +--> ?PR?_BCDTODEC1?BIPOLARMOTOR
  +--> ?PR?SUNPOS?SUNPOS
  +--> ?PR?SIN?SIN
  +--> ?PR?ASIN?ASIN

?PR?_AT25SF041_READ?AT25SF041                    -----    -----      -----    -----      0408H    0008H
  +--> ?PR?_WAIT_MS_SPINOR?AT25SF041
  +--> ?PR?UCREAD_STATUS_REGISTER_BYTE1?AT25...

?PR?UCREAD_STATUS_REGISTER_BYTE1?AT25...         -----    -----      -----    -----      041EH    0003H
  +--> ?PR?_WAIT_MS_SPINOR?AT25SF041

?PR?_DAY_OF_YEAR?PCF85063BTL                     -----    -----      -----    -----      -----    -----
  +--> ?PR?_BCDTODEC?PCF85063BTL

?PR?_THEORICALJP_POSITION?BIPOLARMOTOR           -----    -----      -----    -----      0452H    005CH
  +--> ?PR?LINEAR_INTERPOLATE?BIPOLARMOTOR

?PR?LINEAR_INTERPOLATE?BIPOLARMOTOR              -----    -----      -----    -----      04AEH    0014H

?PR?PRINTF?PRINTF                                0020H.1  0001H.1    0008H    0005H      04FDH    0030H
  +--> ?PR?PUTCHAR?PUTCHAR

?PR?_CALIBRATION?CALIBRATION                     -----    -----      -----    -----      0408H    0024H
  +--> ?PR?VOLTAGE_IS_STABLE?CALIBRATION
  +--> ?PR?_UPDATE_POSITION?BIPOLARMOTOR
  +--> ?PR?_FIND_REAL_MAX?CALIBRATION

?PR?VOLTAGE_IS_STABLE?CALIBRATION                -----    -----      -----    -----      042CH    0018H
  +--> ?PR?_ADC_GETRESULT?ADC
  +--> ?PR?_ABS?ABS

?PR?_UPDATE_POSITION?BIPOLARMOTOR                -----    -----      -----    -----      042CH    0026H
  +--> ?PR?_BCDTODEC1?BIPOLARMOTOR
  +--> ?PR?SUNPOS?SUNPOS
  +--> ?PR?SIN?SIN
  +--> ?PR?ASIN?ASIN
  +--> ?PR?_THEORICALJP_POSITION?BIPOLARMOTOR
  +--> ?PR?_FABS?FABS
  +--> ?PR?_MOVE?BIPOLARMOTOR

BL51 BANKED LINKER/LOCATER V6.22                                                      09/09/2019  16:55:15  PAGE 9


?PR?_MOVE?BIPOLARMOTOR                           0020H.1  0000H.1    -----    -----      04FDH    0004H
  +--> ?PR?_STEP_MOVE?BIPOLARMOTOR

?PR?_FIND_REAL_MAX?CALIBRATION                   -----    -----      -----    -----      042CH    00D1H
  +--> ?PR?_ADC_GETRESULT?ADC
  +--> ?PR?_WAIT_MS?LCD_DRIVER_SPLC780D
  +--> ?CO?CALIBRATION
  +--> ?PR?PRINTF?PRINTF
  +--> ?PR?_SENDSTRING?UART1
  +--> ?PR?_COMMAND?LCD_DRIVER_SPLC780D
  +--> ?PR?_WRITEDATA?LCD_DRIVER_SPLC780D
  +--> ?PR?_DISPLAY_POS?LCD_DRIVER_SPLC780D
  +--> ?PR?_MOVE?BIPOLARMOTOR
  +--> ?PR?_READ_TIME?PCF85063BTL
  +--> ?PR?_BCDTODEC1?BIPOLARMOTOR
  +--> ?PR?_MAX_VALUE?CALIBRATION

?PR?_MAX_VALUE?CALIBRATION                       -----    -----      -----    -----      04FDH    0004H

?PR?AT25SF041_WRITEENABLE?AT25SF041              -----    -----      -----    -----      0416H    0002H
  +--> ?PR?_WAIT_MS_SPINOR?AT25SF041
  +--> ?PR?UCREAD_STATUS_REGISTER_BYTE1?AT25...

?PR?_AT25SF041_WRITE?AT25SF041                   -----    -----      -----    -----      0416H    0008H
  +--> ?PR?_WAIT_MS_SPINOR?AT25SF041
  +--> ?PR?UCREAD_STATUS_REGISTER_BYTE1?AT25...

?PR?SPI_NOR_WRITE_DATA?AT25SF041                 -----    -----      -----    -----      0408H    000EH
  +--> ?PR?AT25SF041_WRITEENABLE?AT25SF041
  +--> ?PR?_AT25SF041_WRITE?AT25SF041
  +--> ?PR?_WAIT_MS_SPINOR?AT25SF041

?PR?AT25SF041_CHIPERASE?AT25SF041                -----    -----      -----    -----      0408H    0002H
  +--> ?PR?_WAIT_MS_SPINOR?AT25SF041
  +--> ?PR?UCREAD_STATUS_REGISTER_BYTE1?AT25...



SYMBOL TABLE OF MODULE:  .\Obj\GPIO_RTC_Test (MAIN)

  VALUE           TYPE          NAME
  ----------------------------------

  -------         MODULE        MAIN
  C:0000H         SYMBOL        _ICE_DUMMY_
  X:0535H         PUBLIC        calib_value
  D:0080H         PUBLIC        P0
  D:0090H         PUBLIC        P1
  D:00A0H         PUBLIC        P2
  D:00B0H         PUBLIC        P3
  D:00C0H         PUBLIC        P4
  D:00C8H         PUBLIC        P5
  X:0589H         SYMBOL        PressedKey
  B:00A8H.7       PUBLIC        EA
  D:00E8H         PUBLIC        P6
  X:058DH         PUBLIC        calib_stamp
  D:00F8H         PUBLIC        P7
BL51 BANKED LINKER/LOCATER V6.22                                                      09/09/2019  16:55:15  PAGE 10


  X:058EH         PUBLIC        sTempString
  X:0597H         PUBLIC        calib_bool
  X:05C1H         PUBLIC        pwm_time_min
  D:00A8H         PUBLIC        IE
  X:05C5H         PUBLIC        calib_time
  X:0619H         PUBLIC        pwm_time_max
  B:0090H.7       PUBLIC        Connect_Electronics_Load
  D:00B8H         PUBLIC        IP
  B:0098H.0       PUBLIC        RI
  B:00B0H.2       PUBLIC        INT0
  X:061DH         PUBLIC        months
  B:0098H.1       PUBLIC        TI
  C:000EH         PUBLIC        Uart
  D:00D8H         PUBLIC        CCON
  C:0026H         PUBLIC        main
  X:061EH         PUBLIC        found_1st_point
  X:0620H         PUBLIC        i_point1
  X:0622H         PUBLIC        i_point2
  X:0624H         PUBLIC        day_offset
  X:0626H         PUBLIC        count
  B:0090H.2       PUBLIC        Connect_IV_Load
  D:0099H         PUBLIC        SBUF
  X:0628H         PUBLIC        days
  X:0629H         PUBLIC        hours
  D:0098H         PUBLIC        SCON
  D:0089H         PUBLIC        TMOD
  D:0088H         PUBLIC        TCON
  B:00A0H.3       PUBLIC        P23
  X:062AH         SYMBOL        KeyCount
  X:062CH         PUBLIC        mins
  B:00C8H.5       PUBLIC        P55
  X:062DH         PUBLIC        diff_of_offset
  D:008EH         PUBLIC        AUXR
  C:7C29H         PUBLIC        tm0_isr
  B:0090H.5       PUBLIC        SI1120_STX
  C:7E3EH         PUBLIC        tm1_isr
  B:0021H.2       PUBLIC        busy
  D:00E0H         PUBLIC        ACC
  B:00A8H.1       PUBLIC        ET0
  B:00A8H.3       PUBLIC        ET1
  X:0631H         PUBLIC        SPI_NOR_INTERNAL_FLASH_ADDR
  D:008CH         PUBLIC        TH0
  D:008DH         PUBLIC        TH1
  D:008AH         PUBLIC        TL0
  D:008BH         PUBLIC        TL1
  X:0635H         PUBLIC        ii
  X:0637H         PUBLIC        jj
  B:0088H.4       PUBLIC        TR0
  B:0088H.6       PUBLIC        TR1
  X:0639H         PUBLIC        old_mins
  C:6DA3H         PUBLIC        exint0
  X:063AH         SYMBOL        KeyNum
  X:063BH         SYMBOL        KeyNum_Old
  X:063CH         PUBLIC        timer0_count
  X:063EH         PUBLIC        current_position
  X:0642H         PUBLIC        pwm_time
  X:0646H         PUBLIC        i
BL51 BANKED LINKER/LOCATER V6.22                                                      09/09/2019  16:55:15  PAGE 11


  X:0648H         PUBLIC        j
  X:064AH         PUBLIC        Enable_UpdateSPINOR
  X:064CH         PUBLIC        start_timer0_count
  X:064DH         PUBLIC        seconds
  D:00D0H         PUBLIC        PSW
  C:7E47H         PUBLIC        _SendUART1
  -------         PROC          TM0_ISR
  C:7C29H         LINE#         110
  C:7C2FH         LINE#         114
  C:7C32H         LINE#         115
  C:7C35H         LINE#         116
  C:7C43H         LINE#         117
  -------         ENDPROC       TM0_ISR
  -------         PROC          TM1_ISR
  C:7E3EH         LINE#         118
  C:7E3EH         LINE#         120
  C:7E40H         LINE#         122
  C:7E43H         LINE#         123
  C:7E46H         LINE#         124
  -------         ENDPROC       TM1_ISR
  -------         PROC          EXINT0
  C:6DA3H         LINE#         125
  C:6DC0H         LINE#         129
  C:6DC3H         LINE#         130
  C:6DC3H         LINE#         131
  C:6DC6H         LINE#         132
  C:6DC9H         LINE#         133
  C:6DCBH         LINE#         134
  C:6DCDH         LINE#         138
  C:6DD0H         LINE#         141
  C:6DD0H         LINE#         142
  C:6DD2H         LINE#         144
  C:6DDEH         LINE#         145
  C:6E38H         LINE#         146
  C:6E76H         LINE#         147
  C:6E7DH         LINE#         152
  C:6E7DH         LINE#         154
  -------         ENDPROC       EXINT0
  -------         PROC          MAIN
  -------         DO            
  X:052DH         SYMBOL        KeyCount
  X:052FH         SYMBOL        KeyNum_Old
  X:0530H         SYMBOL        KeyNum
  X:0531H         SYMBOL        PressedKey
  X:03CAH         SYMBOL        prox_flag
  X:03CBH         SYMBOL        iUse_prevday_calib_value
  X:03CDH         SYMBOL        max_ADC_Val_JP
  X:03CFH         SYMBOL        max_ADC_Val
  X:03D1H         SYMBOL        calib_point1
  X:03D9H         SYMBOL        calib_point2
  X:03E1H         SYMBOL        dat_to_store
  X:03ECH         SYMBOL        calib_day
  X:03EEH         SYMBOL        calib_count
  X:03F0H         SYMBOL        theorical_JP_max_pos
  X:03F4H         SYMBOL        elevation
  X:03F8H         SYMBOL        azimuth
  X:03FCH         SYMBOL        prev_elevation
BL51 BANKED LINKER/LOCATER V6.22                                                      09/09/2019  16:55:15  PAGE 12


  X:0400H         SYMBOL        prev_azimuth
  X:0404H         SYMBOL        JP_Pos_Offset
  -------         ENDDO         
  C:0026H         LINE#         156
  C:0026H         LINE#         157
  C:0026H         LINE#         162
  C:002CH         LINE#         163
  C:0031H         LINE#         165
  C:0039H         LINE#         169
  C:003FH         LINE#         170
  C:007BH         LINE#         181
  C:0083H         LINE#         182
  C:008AH         LINE#         183
  C:0090H         LINE#         185
  C:0096H         LINE#         197
  C:0099H         LINE#         198
  C:009CH         LINE#         199
  C:009FH         LINE#         201
  C:00A2H         LINE#         204
  C:00A5H         LINE#         205
  C:00A8H         LINE#         207
  C:00ABH         LINE#         209
  C:00AEH         LINE#         210
  C:00B1H         LINE#         211
  C:00B4H         LINE#         212
  C:00B6H         LINE#         213
  C:00B8H         LINE#         214
  C:00BBH         LINE#         215
  C:00BDH         LINE#         216
  C:00BFH         LINE#         218
  C:00C1H         LINE#         219
  C:00C8H         LINE#         220
  C:00CFH         LINE#         221
  C:00D6H         LINE#         222
  C:00DDH         LINE#         226
  C:00E4H         LINE#         227
  C:00E9H         LINE#         228
  C:00EEH         LINE#         229
  C:00F3H         LINE#         230
  C:00F8H         LINE#         231
  C:00FDH         LINE#         234
  C:0104H         LINE#         235
  C:0104H         LINE#         236
  C:0127H         LINE#         237
  C:0171H         LINE#         238
  C:0186H         LINE#         239
  C:01A3H         LINE#         240
  C:01A6H         LINE#         243
  C:01ADH         LINE#         246
  C:01B0H         LINE#         248
  C:01B7H         LINE#         249
  C:01C0H         LINE#         252
  C:01C0H         LINE#         253
  C:01C0H         LINE#         254
  C:01C3H         LINE#         255
  C:01CEH         LINE#         256
  C:01CEH         LINE#         257
BL51 BANKED LINKER/LOCATER V6.22                                                      09/09/2019  16:55:15  PAGE 13


  C:01D5H         LINE#         258
  C:01DCH         LINE#         259
  C:01E3H         LINE#         260
  C:01EAH         LINE#         261
  C:01EAH         LINE#         271
  C:01EAH         LINE#         275
  C:01EFH         LINE#         276
  C:01F4H         LINE#         278
  C:01F9H         LINE#         280
  C:01FEH         LINE#         281
  C:0203H         LINE#         284
  C:0214H         LINE#         286
  C:0219H         LINE#         287
  C:021EH         LINE#         289
  C:0225H         LINE#         290
  C:022DH         LINE#         291
  C:0232H         LINE#         292
  C:023AH         LINE#         293
  C:023FH         LINE#         294
  C:0249H         LINE#         295
  C:024EH         LINE#         296
  C:0256H         LINE#         298
  C:025EH         LINE#         299
  C:0263H         LINE#         300
  C:026DH         LINE#         301
  C:026DH         LINE#         302
  C:026FH         LINE#         303
  C:0271H         LINE#         304
  C:027BH         LINE#         305
  C:027BH         LINE#         306
  C:0280H         LINE#         307
  C:0280H         LINE#         319
  C:0294H         LINE#         320
  C:0294H         LINE#         321
  C:02A9H         LINE#         322
  C:02B8H         LINE#         323
  C:02B8H         LINE#         324
  C:02CBH         LINE#         325
  C:02CDH         LINE#         327
  C:02CDH         LINE#         328
  C:02E9H         LINE#         329
  C:02E9H         LINE#         330
  C:02EEH         LINE#         331
  C:02EEH         LINE#         332
  C:0302H         LINE#         333
  C:0302H         LINE#         336
  C:0317H         LINE#         337
  C:0326H         LINE#         338
  C:0326H         LINE#         339
  C:0339H         LINE#         340
  C:033BH         LINE#         342
  C:033BH         LINE#         343
  C:0357H         LINE#         344
  C:0357H         LINE#         345
  C:035CH         LINE#         346
  C:0362H         LINE#         347
  C:0362H         LINE#         349
BL51 BANKED LINKER/LOCATER V6.22                                                      09/09/2019  16:55:15  PAGE 14


  C:0384H         LINE#         350
  C:0384H         LINE#         351
  C:038EH         LINE#         352
  C:0394H         LINE#         353
  C:039BH         LINE#         354
  C:03A1H         LINE#         355
  C:03A8H         LINE#         356
  C:03A8H         LINE#         357
  C:03ABH         LINE#         359
  C:03ABH         LINE#         364
  C:03B3H         LINE#         365
  C:03EEH         LINE#         366
  C:040CH         LINE#         367
  C:040CH         LINE#         369
  C:0415H         LINE#         370
  C:041CH         LINE#         371
  C:0425H         LINE#         372
  C:042CH         LINE#         374
  C:042CH         LINE#         378
  C:0439H         LINE#         379
  C:0439H         LINE#         386
  C:0439H         LINE#         387
  C:0461H         LINE#         388
  C:0461H         LINE#         389
  C:0483H         LINE#         390
  C:0483H         LINE#         392
  C:04A9H         LINE#         393
  C:04CFH         LINE#         396
  C:0516H         LINE#         403
  C:0558H         LINE#         406
  C:059AH         LINE#         409
  C:0613H         LINE#         412
  C:061AH         LINE#         415
  C:062BH         LINE#         416
  C:0681H         LINE#         417
  C:068AH         LINE#         418
  C:0691H         LINE#         419
  C:069AH         LINE#         420
  C:06A3H         LINE#         421
  C:06AAH         LINE#         425
  C:06E7H         LINE#         433
  C:06E7H         LINE#         435
  C:0763H         LINE#         436
  C:077CH         LINE#         437
  C:077EH         LINE#         438
  C:0780H         LINE#         440
  C:080AH         LINE#         446
  C:0838H         LINE#         447
  C:0838H         LINE#         450
  C:085BH         LINE#         451
  C:0870H         LINE#         452
  C:087AH         LINE#         454
  C:087DH         LINE#         457
  C:087DH         LINE#         458
  C:08A3H         LINE#         459
  C:08A3H         LINE#         460
  C:08CBH         LINE#         461
BL51 BANKED LINKER/LOCATER V6.22                                                      09/09/2019  16:55:15  PAGE 15


  C:097AH         LINE#         462
  C:09A0H         LINE#         463
  C:0A52H         LINE#         467
  C:0A52H         LINE#         468
  C:0A5AH         LINE#         469
  C:0A61H         LINE#         470
  C:0A64H         LINE#         473
  C:0A99H         LINE#         474
  C:0AA0H         LINE#         475
  C:0AA3H         LINE#         477
  C:0ADDH         LINE#         478
  C:0B09H         LINE#         480
  C:0B38H         LINE#         482
  C:0B3FH         LINE#         483
  C:0B46H         LINE#         484
  C:0B49H         LINE#         487
  C:0BB1H         LINE#         489
  C:0BB8H         LINE#         491
  C:0BBFH         LINE#         492
  C:0BC2H         LINE#         495
  C:0C81H         LINE#         497
  C:0C88H         LINE#         498
  C:0C88H         LINE#         500
  C:0C8BH         LINE#         502
  C:0C8BH         LINE#         504
  C:0C92H         LINE#         505
  C:0C92H         LINE#         506
  C:0C95H         LINE#         507
  C:0CB3H         LINE#         508
  C:0CBAH         LINE#         509
  C:0CD9H         LINE#         510
  C:0CF8H         LINE#         512
  C:0D74H         LINE#         513
  C:0D90H         LINE#         515
  C:0D92H         LINE#         516
  C:0D94H         LINE#         518
  C:0DCBH         LINE#         519
  C:0DD8H         LINE#         520
  C:0DE7H         LINE#         524
  C:0DE7H         LINE#         526
  C:0DEFH         LINE#         527
  C:0DF7H         LINE#         528
  C:0DFFH         LINE#         529
  C:0E07H         LINE#         531
  C:0E1BH         LINE#         532
  C:0E31H         LINE#         533
  C:0E61H         LINE#         534
  C:0E81H         LINE#         536
  C:0E95H         LINE#         537
  C:0EABH         LINE#         538
  C:0EDBH         LINE#         539
  C:0EE2H         LINE#         541
  C:0F06H         LINE#         544
  C:0F31H         LINE#         546
  C:0F3AH         LINE#         547
  C:0F41H         LINE#         548
  C:0F4AH         LINE#         549
BL51 BANKED LINKER/LOCATER V6.22                                                      09/09/2019  16:55:15  PAGE 16


  C:0F53H         LINE#         550
  C:0F5AH         LINE#         552
  C:0F97H         LINE#         554
  C:0FA0H         LINE#         555
  C:0FA7H         LINE#         556
  C:0FB0H         LINE#         557
  C:0FB9H         LINE#         558
  C:0FC0H         LINE#         560
  C:0FEBH         LINE#         562
  C:0FF4H         LINE#         563
  C:0FFBH         LINE#         564
  C:1004H         LINE#         565
  C:100DH         LINE#         566
  C:1014H         LINE#         568
  C:103FH         LINE#         570
  C:1048H         LINE#         571
  C:104FH         LINE#         572
  C:1058H         LINE#         573
  C:105FH         LINE#         574
  C:1068H         LINE#         575
  C:106FH         LINE#         577
  C:1071H         LINE#         582
  C:10A3H         LINE#         583
  C:10A3H         LINE#         584
  C:10ABH         LINE#         588
  C:10ABH         LINE#         589
  C:10ABH         LINE#         591
  C:10D0H         LINE#         592
  C:10D0H         LINE#         593
  C:10F2H         LINE#         594
  C:10F2H         LINE#         595
  C:116EH         LINE#         596
  C:1170H         LINE#         597
  C:1172H         LINE#         599
  C:11CAH         LINE#         602
  C:11D9H         LINE#         603
  C:11D9H         LINE#         604
  C:11D9H         LINE#         605
  C:11D9H         LINE#         606
  C:11D9H         LINE#         607
  C:11D9H         LINE#         608
  C:11D9H         LINE#         609
  C:11D9H         LINE#         612
  C:11D9H         LINE#         614
  C:11D9H         LINE#         615
  C:11D9H         LINE#         616
  C:11D9H         LINE#         617
  C:11D9H         LINE#         621
  C:11D9H         LINE#         623
  C:11D9H         LINE#         625
  C:11D9H         LINE#         626
  C:11D9H         LINE#         627
  C:11D9H         LINE#         628
  C:11D9H         LINE#         629
  C:11D9H         LINE#         630
  C:11D9H         LINE#         633
  C:11D9H         LINE#         635
BL51 BANKED LINKER/LOCATER V6.22                                                      09/09/2019  16:55:15  PAGE 17


  C:11D9H         LINE#         636
  C:11D9H         LINE#         637
  C:11D9H         LINE#         638
  C:11D9H         LINE#         639
  C:11D9H         LINE#         640
  C:11D9H         LINE#         641
  C:11D9H         LINE#         643
  C:11DCH         LINE#         646
  C:1203H         LINE#         647
  C:1203H         LINE#         650
  C:1225H         LINE#         651
  C:1225H         LINE#         653
  C:12A1H         LINE#         655
  C:12CEH         LINE#         656
  C:12E9H         LINE#         662
  C:12EBH         LINE#         663
  C:12EDH         LINE#         671
  C:131AH         LINE#         673
  C:1341H         LINE#         674
  C:13B5H         LINE#         676
  C:1441H         LINE#         680
  C:1464H         LINE#         681
  C:1464H         LINE#         682
  C:1500H         LINE#         683
  C:1503H         LINE#         685
  C:1503H         LINE#         686
  C:152BH         LINE#         687
  C:159FH         LINE#         689
  C:161AH         LINE#         696
  C:16C7H         LINE#         701
  C:16CEH         LINE#         703
  C:16DFH         LINE#         704
  C:16DFH         LINE#         707
  C:16EEH         LINE#         708
  C:16EEH         LINE#         709
  C:176CH         LINE#         710
  C:1775H         LINE#         711
  C:177CH         LINE#         712
  C:1785H         LINE#         713
  C:178EH         LINE#         714
  C:1795H         LINE#         717
  C:17C0H         LINE#         719
  C:17C9H         LINE#         720
  C:17D0H         LINE#         721
  C:17D9H         LINE#         722
  C:17E2H         LINE#         726
  C:17E9H         LINE#         728
  C:1814H         LINE#         730
  C:181DH         LINE#         731
  C:1824H         LINE#         732
  C:182DH         LINE#         733
  C:1834H         LINE#         735
  C:183DH         LINE#         736
  C:1844H         LINE#         739
  C:1882H         LINE#         741
  C:188BH         LINE#         742
  C:1892H         LINE#         743
BL51 BANKED LINKER/LOCATER V6.22                                                      09/09/2019  16:55:15  PAGE 18


  C:189BH         LINE#         744
  C:18A4H         LINE#         745
  C:18ABH         LINE#         746
  C:18ABH         LINE#         748
  C:18ABH         LINE#         750
  C:18ABH         LINE#         751
  C:18ABH         LINE#         753
  C:18ABH         LINE#         757
  C:18C7H         LINE#         758
  C:18C7H         LINE#         759
  C:18C9H         LINE#         762
  C:18CCH         LINE#         764
  C:1909H         LINE#         765
  C:1909H         LINE#         766
  C:190BH         LINE#         771
  C:190BH         LINE#         772
  C:1911H         LINE#         773
  C:1914H         LINE#         776
  C:192BH         LINE#         778
  C:1932H         LINE#         780
  C:1939H         LINE#         781
  C:193CH         LINE#         784
  C:1953H         LINE#         785
  C:1953H         LINE#         786
  C:1962H         LINE#         787
  C:1962H         LINE#         789
  C:1965H         LINE#         791
  C:1968H         LINE#         792
  C:196FH         LINE#         794
  C:198BH         LINE#         795
  C:198BH         LINE#         796
  C:19A8H         LINE#         797
  C:19A8H         LINE#         798
  C:19AEH         LINE#         799
  C:19B1H         LINE#         802
  C:19E6H         LINE#         803
  C:19EDH         LINE#         804
  C:19F0H         LINE#         806
  C:1A2AH         LINE#         807
  C:1A40H         LINE#         809
  C:1A59H         LINE#         811
  C:1A60H         LINE#         812
  C:1A67H         LINE#         813
  C:1A6AH         LINE#         816
  C:1ABFH         LINE#         818
  C:1AC6H         LINE#         820
  C:1ACDH         LINE#         821
  C:1AD0H         LINE#         824
  C:1B7CH         LINE#         826
  C:1B83H         LINE#         829
  C:1B83H         LINE#         830
  C:1B94H         LINE#         832
  C:1B94H         LINE#         836
  C:1B9BH         LINE#         837
  C:1B9BH         LINE#         840
  C:1BAAH         LINE#         841
  C:1BAAH         LINE#         842
BL51 BANKED LINKER/LOCATER V6.22                                                      09/09/2019  16:55:15  PAGE 19


  C:1BDCH         LINE#         843
  C:1BDCH         LINE#         844
  C:1C5BH         LINE#         846
  C:1C62H         LINE#         847
  C:1C65H         LINE#         849
  C:1C9FH         LINE#         850
  C:1CB5H         LINE#         852
  C:1CCEH         LINE#         854
  C:1CD5H         LINE#         855
  C:1CDCH         LINE#         856
  C:1CDFH         LINE#         858
  C:1D34H         LINE#         859
  C:1D3BH         LINE#         861
  C:1D42H         LINE#         862
  C:1D45H         LINE#         864
  C:1DF1H         LINE#         865
  C:1DF8H         LINE#         867
  C:1DFFH         LINE#         868
  C:1E02H         LINE#         870
  C:1E26H         LINE#         871
  C:1E2DH         LINE#         872
  C:1E3EH         LINE#         875
  C:1E52H         LINE#         876
  C:1E66H         LINE#         877
  C:1E75H         LINE#         878
  C:1E75H         LINE#         880
  C:1EA1H         LINE#         881
  C:1EA1H         LINE#         882
  C:1ECEH         LINE#         889
  C:1EE9H         LINE#         892
  C:1EF8H         LINE#         893
  C:1EFBH         LINE#         896
  C:1F2BH         LINE#         897
  C:1F2BH         LINE#         899
  C:1F58H         LINE#         905
  C:1F73H         LINE#         908
  C:1F83H         LINE#         909
  C:1F89H         LINE#         910
  C:1F9DH         LINE#         911
  C:1FB1H         LINE#         912
  C:1FB9H         LINE#         913
  C:1FC6H         LINE#         914
  C:1FC6H         LINE#         915
  C:1FEAH         LINE#         916
  C:1FEAH         LINE#         917
  C:2034H         LINE#         918
  C:203BH         LINE#         919
  C:203EH         LINE#         922
  C:2062H         LINE#         924
  C:2069H         LINE#         925
  C:206CH         LINE#         927
  C:209FH         LINE#         928
  C:20BEH         LINE#         930
  C:20E0H         LINE#         932
  C:20E7H         LINE#         934
  C:20EEH         LINE#         935
  C:20F1H         LINE#         937
BL51 BANKED LINKER/LOCATER V6.22                                                      09/09/2019  16:55:15  PAGE 20


  C:2146H         LINE#         938
  C:214DH         LINE#         940
  C:2154H         LINE#         941
  C:2157H         LINE#         943
  C:2203H         LINE#         944
  C:220AH         LINE#         945
  C:221BH         LINE#         946
  C:221BH         LINE#         947
  C:221BH         LINE#         951
  C:223DH         LINE#         952
  C:224AH         LINE#         953
  C:224AH         LINE#         954
  C:226DH         LINE#         955
  C:226DH         LINE#         956
  C:22BDH         LINE#         957
  C:22BDH         LINE#         958
  C:22C4H         LINE#         959
  C:22C7H         LINE#         961
  C:2301H         LINE#         962
  C:2317H         LINE#         964
  C:2330H         LINE#         966
  C:2337H         LINE#         967
  C:233EH         LINE#         968
  C:2341H         LINE#         970
  C:2396H         LINE#         971
  C:239DH         LINE#         973
  C:23A4H         LINE#         974
  C:23A7H         LINE#         976
  C:2453H         LINE#         977
  C:245AH         LINE#         979
  C:2461H         LINE#         980
  C:2464H         LINE#         982
  C:2488H         LINE#         983
  C:248FH         LINE#         984
  C:248FH         LINE#         985
  C:24A0H         LINE#         986
  C:24A0H         LINE#         987
  C:24A0H         LINE#         988
  C:24D9H         LINE#         989
  C:24D9H         LINE#         993
  C:24E0H         LINE#         994
  C:24E7H         LINE#         995
  C:24EDH         LINE#         996
  C:24F3H         LINE#         997
  C:24F3H         LINE#         998
  C:2516H         LINE#         999
  C:252BH         LINE#         1001
  C:2545H         LINE#         1003
  C:2545H         LINE#         1006
  C:2554H         LINE#         1007
  C:2554H         LINE#         1008
  C:2557H         LINE#         1009
  C:255EH         LINE#         1010
  C:2563H         LINE#         1011
  C:2568H         LINE#         1012
  C:256DH         LINE#         1013
  C:2572H         LINE#         1014
BL51 BANKED LINKER/LOCATER V6.22                                                      09/09/2019  16:55:15  PAGE 21


  C:2577H         LINE#         1024
  C:257AH         LINE#         1026
  C:257DH         LINE#         1027
  C:2584H         LINE#         1028
  C:258EH         LINE#         1029
  C:2595H         LINE#         1031
  C:2598H         LINE#         1040
  C:2598H         LINE#         1041
  -------         ENDPROC       MAIN
  -------         PROC          UART
  C:000EH         LINE#         1055
  C:000EH         LINE#         1057
  C:0011H         LINE#         1058
  C:0011H         LINE#         1059
  C:0013H         LINE#         1061
  C:0013H         LINE#         1062
  C:0016H         LINE#         1063
  C:0016H         LINE#         1064
  C:0018H         LINE#         1065
  C:001AH         LINE#         1066
  C:001AH         LINE#         1067
  -------         ENDPROC       UART
  -------         PROC          _SENDUART1
  D:0007H         SYMBOL        dat
  C:7E47H         LINE#         1069
  C:7E47H         LINE#         1070
  C:7E47H         LINE#         1071
  C:7E4AH         LINE#         1072
  C:7E4CH         LINE#         1073
  C:7E4DH         LINE#         1074
  C:7E4FH         LINE#         1075
  -------         ENDPROC       _SENDUART1
  -------         ENDMOD        MAIN

  -------         MODULE        PCF85063BTL
  C:0000H         SYMBOL        _ICE_DUMMY_
  D:0096H         PUBLIC        P2M0
  D:0080H         PUBLIC        P0
  D:0095H         PUBLIC        P2M1
  D:0090H         PUBLIC        P1
  D:00A0H         PUBLIC        P2
  D:00B0H         PUBLIC        P3
  D:00C0H         PUBLIC        P4
  D:00C8H         PUBLIC        P5
  D:00E8H         PUBLIC        P6
  B:00A0H.1       PUBLIC        PCF85063BTL_SDI
  D:00F8H         PUBLIC        P7
  B:00A0H.2       PUBLIC        PCF85063BTL_SCK
  B:00A0H.1       PUBLIC        PCF85063BTL_SDO
  D:00A8H         PUBLIC        IE
  C:76BDH         PUBLIC        _Read_time
  C:7D69H         PUBLIC        _PCF85063BTL_Delay
  D:00B8H         PUBLIC        IP
  D:00D8H         PUBLIC        CCON
  C:754AH         PUBLIC        _Day_Of_Year
  C:7C6AH         PUBLIC        SPI_ReceiveByte
  D:0098H         PUBLIC        SCON
BL51 BANKED LINKER/LOCATER V6.22                                                      09/09/2019  16:55:15  PAGE 22


  D:0088H         PUBLIC        TCON
  C:7D9CH         PUBLIC        _BCDtoDec
  B:00A0H.0       PUBLIC        PCF85063BTL_CS
  C:7D8BH         PUBLIC        _SPI_ReadTime
  C:7DEBH         PUBLIC        SPI_Init
  C:7CDFH         PUBLIC        _SPI_WriteTime
  C:7C4AH         PUBLIC        _SPI_SendByte
  D:00D0H         PUBLIC        PSW
  C:7D65H         SYMBOL        L?0048
  -------         PROC          L?0047
  -------         ENDPROC       L?0047
  C:7D65H         SYMBOL        L?0048
  -------         PROC          _PCF85063BTL_DELAY
  D:0006H         SYMBOL        us
  C:7D69H         LINE#         8
  C:7D69H         LINE#         9
  C:7D69H         LINE#         10
  C:7D73H         LINE#         11
  C:7D73H         LINE#         12
  C:7D74H         LINE#         13
  C:7D76H         LINE#         14
  -------         ENDPROC       _PCF85063BTL_DELAY
  -------         PROC          _SPI_SENDBYTE
  D:0005H         SYMBOL        dat
  -------         DO            
  D:0003H         SYMBOL        i
  -------         ENDDO         
  C:7C4AH         LINE#         17
  C:7C4CH         LINE#         18
  C:7C4CH         LINE#         20
  C:7C4EH         LINE#         21
  C:7C4EH         LINE#         22
  C:7C50H         LINE#         23
  C:7C54H         LINE#         24
  C:7C54H         LINE#         25
  C:7C56H         LINE#         26
  C:7C58H         LINE#         28
  C:7C58H         LINE#         29
  C:7C5AH         LINE#         30
  C:7C5AH         LINE#         31
  C:7C5DH         LINE#         32
  C:7C5DH         LINE#         33
  C:7C60H         LINE#         34
  C:7C64H         LINE#         35
  C:7C69H         LINE#         36
  -------         ENDPROC       _SPI_SENDBYTE
  -------         PROC          SPI_RECEIVEBYTE
  -------         DO            
  D:0003H         SYMBOL        i
  D:0005H         SYMBOL        dat
  -------         ENDDO         
  C:7C6AH         LINE#         39
  C:7C6AH         LINE#         40
  C:7C6AH         LINE#         42
  C:7C6CH         LINE#         44
  C:7C6EH         LINE#         45
  C:7C6FH         LINE#         46
BL51 BANKED LINKER/LOCATER V6.22                                                      09/09/2019  16:55:15  PAGE 23


  C:7C6FH         LINE#         47
  C:7C73H         LINE#         48
  C:7C75H         LINE#         49
  C:7C78H         LINE#         51
  C:7C7BH         LINE#         52
  C:7C7BH         LINE#         53
  C:7C7FH         LINE#         54
  C:7C7FH         LINE#         55
  C:7C7FH         LINE#         56
  C:7C82H         LINE#         57
  C:7C87H         LINE#         58
  C:7C89H         LINE#         59
  -------         ENDPROC       SPI_RECEIVEBYTE
  -------         PROC          _SPI_READTIME
  D:0007H         SYMBOL        addr
  -------         DO            
  D:0006H         SYMBOL        dat
  -------         ENDDO         
  C:7D8BH         LINE#         61
  C:7D8BH         LINE#         62
  C:7D8BH         LINE#         64
  C:7D8DH         LINE#         65
  C:7D8FH         LINE#         66
  C:7D96H         LINE#         67
  C:7D99H         LINE#         68
  C:7D9BH         LINE#         69
  C:7D9BH         LINE#         70
  -------         ENDPROC       _SPI_READTIME
  -------         PROC          _SPI_WRITETIME
  D:0002H         SYMBOL        val
  D:0005H         SYMBOL        addr
  C:7CDFH         LINE#         71
  C:7CE1H         LINE#         72
  C:7CE1H         LINE#         74
  C:7CE3H         LINE#         75
  C:7CEAH         LINE#         76
  C:7CEFH         LINE#         77
  C:7CF4H         LINE#         78
  C:7CF6H         LINE#         79
  -------         ENDPROC       _SPI_WRITETIME
  -------         PROC          SPI_INIT
  C:7DEBH         LINE#         83
  C:7DEBH         LINE#         84
  C:7DEBH         LINE#         89
  C:7DEEH         LINE#         90
  C:7DF1H         LINE#         91
  C:7DF3H         LINE#         92
  C:7DF5H         LINE#         93
  C:7DF7H         LINE#         94
  -------         ENDPROC       SPI_INIT
  -------         PROC          _READ_TIME
  X:04FDH         SYMBOL        months
  X:0500H         SYMBOL        days
  X:0503H         SYMBOL        hours
  X:0506H         SYMBOL        mins
  X:0509H         SYMBOL        seconds
  C:76BDH         LINE#         96
BL51 BANKED LINKER/LOCATER V6.22                                                      09/09/2019  16:55:15  PAGE 24


  C:76C8H         LINE#         97
  C:76C8H         LINE#         99
  C:76DCH         LINE#         101
  C:76F0H         LINE#         103
  C:7704H         LINE#         108
  C:7718H         LINE#         113
  -------         ENDPROC       _READ_TIME
  -------         PROC          _BCDTODEC
  D:0007H         SYMBOL        bcd
  -------         DO            
  D:0006H         SYMBOL        hi
  D:0007H         SYMBOL        lo
  -------         ENDDO         
  C:7D9CH         LINE#         119
  C:7D9CH         LINE#         120
  C:7D9CH         LINE#         122
  C:7DA1H         LINE#         123
  C:7DA5H         LINE#         124
  C:7DACH         LINE#         125
  -------         ENDPROC       _BCDTODEC
  -------         PROC          _DAY_OF_YEAR
  D:0007H         SYMBOL        months_bcd
  D:0005H         SYMBOL        days_bcd
  -------         DO            
  D:0004H         SYMBOL        months
  D:0007H         SYMBOL        days
  -------         ENDDO         
  C:754AH         LINE#         126
  C:754AH         LINE#         127
  C:754AH         LINE#         130
  C:754FH         LINE#         132
  C:7554H         LINE#         134
  C:758DH         LINE#         135
  C:758DH         LINE#         136
  C:758DH         LINE#         137
  C:7590H         LINE#         138
  C:7590H         LINE#         139
  C:7590H         LINE#         140
  C:7595H         LINE#         141
  C:7595H         LINE#         142
  C:7595H         LINE#         143
  C:759AH         LINE#         144
  C:759AH         LINE#         145
  C:759AH         LINE#         146
  C:759FH         LINE#         147
  C:759FH         LINE#         148
  C:759FH         LINE#         149
  C:75A4H         LINE#         150
  C:75A4H         LINE#         151
  C:75A4H         LINE#         152
  C:75A9H         LINE#         153
  C:75A9H         LINE#         154
  C:75A9H         LINE#         155
  C:75AEH         LINE#         156
  C:75AEH         LINE#         157
  C:75AEH         LINE#         158
  C:75B3H         LINE#         159
BL51 BANKED LINKER/LOCATER V6.22                                                      09/09/2019  16:55:15  PAGE 25


  C:75B3H         LINE#         160
  C:75B3H         LINE#         161
  C:75BBH         LINE#         162
  C:75BBH         LINE#         163
  C:75BBH         LINE#         164
  C:75C0H         LINE#         165
  C:75C0H         LINE#         166
  C:75C0H         LINE#         167
  C:75C5H         LINE#         168
  C:75C5H         LINE#         169
  C:75C5H         LINE#         170
  C:75CEH         LINE#         171
  C:75CEH         LINE#         172
  C:75CEH         LINE#         173
  C:75D1H         LINE#         174
  C:75D1H         LINE#         175
  -------         ENDPROC       _DAY_OF_YEAR
  -------         ENDMOD        PCF85063BTL

  -------         MODULE        LCD_DRIVER_SPLC780D
  C:0000H         SYMBOL        _ICE_DUMMY_
  D:0092H         PUBLIC        P1M0
  D:0091H         PUBLIC        P1M1
  D:0080H         PUBLIC        P0
  D:0090H         PUBLIC        P1
  D:00A0H         PUBLIC        P2
  D:00B0H         PUBLIC        P3
  D:00C0H         PUBLIC        P4
  D:00C8H         PUBLIC        P5
  D:00E8H         PUBLIC        P6
  D:00F8H         PUBLIC        P7
  C:75D6H         PUBLIC        _WriteData
  D:00A8H         PUBLIC        IE
  D:00B8H         PUBLIC        IP
  D:00D8H         PUBLIC        CCON
  B:00B0H.4       PUBLIC        LCD_D4
  B:00B0H.5       PUBLIC        LCD_D5
  B:00B0H.6       PUBLIC        LCD_D6
  C:7CA8H         PUBLIC        _DisplayLCD
  B:00B0H.7       PUBLIC        LCD_D7
  D:0098H         PUBLIC        SCON
  D:0088H         PUBLIC        TCON
  C:7E34H         PUBLIC        LCD_clear
  C:7958H         PUBLIC        _Command
  C:7D24H         PUBLIC        _Display_Line
  C:7786H         PUBLIC        LCD_Init
  C:7BC3H         PUBLIC        _Wait_ms
  B:00C0H.0       PUBLIC        LCD_RS
  B:0090H.3       PUBLIC        LCD_RW
  C:7E2AH         PUBLIC        LCD_return_home
  C:67F1H         PUBLIC        _Display_Pos
  B:00B0H.3       PUBLIC        LCD_E
  D:00D0H         PUBLIC        PSW
  -------         PROC          LCD_INIT
  C:7786H         LINE#         9
  C:7786H         LINE#         10
  C:7786H         LINE#         11
BL51 BANKED LINKER/LOCATER V6.22                                                      09/09/2019  16:55:15  PAGE 26


  C:7789H         LINE#         12
  C:778CH         LINE#         14
  C:7792H         LINE#         15
  C:7797H         LINE#         17
  C:779EH         LINE#         18
  C:77A3H         LINE#         20
  C:77A6H         LINE#         21
  C:77ABH         LINE#         23
  C:77AEH         LINE#         24
  C:77B3H         LINE#         26
  C:77BAH         LINE#         29
  C:77BFH         LINE#         30
  C:77C4H         LINE#         32
  C:77C9H         LINE#         33
  C:77CEH         LINE#         35
  C:77D3H         LINE#         36
  C:77D8H         LINE#         37
  -------         ENDPROC       LCD_INIT
  C:75D2H         SYMBOL        L?0035
  -------         PROC          L?0034
  -------         ENDPROC       L?0034
  C:75D2H         SYMBOL        L?0035
  -------         PROC          _WRITEDATA
  X:0508H         SYMBOL        dat
  C:75D6H         LINE#         40
  C:75DBH         LINE#         41
  C:75DBH         LINE#         46
  C:75DDH         LINE#         47
  C:75DFH         LINE#         49
  C:75EDH         LINE#         50
  C:75F9H         LINE#         51
  C:7605H         LINE#         52
  C:760FH         LINE#         53
  C:7611H         LINE#         54
  C:7618H         LINE#         55
  C:761AH         LINE#         57
  C:762AH         LINE#         58
  C:7635H         LINE#         59
  C:763FH         LINE#         60
  C:7643H         LINE#         62
  C:7643H         LINE#         63
  C:7646H         LINE#         64
  C:7648H         LINE#         65
  C:764AH         LINE#         67
  -------         ENDPROC       _WRITEDATA
  -------         PROC          _COMMAND
  D:0007H         SYMBOL        dat
  C:7958H         LINE#         69
  C:7958H         LINE#         70
  C:7958H         LINE#         71
  C:795AH         LINE#         72
  C:795CH         LINE#         74
  C:7966H         LINE#         75
  C:796AH         LINE#         77
  C:796CH         LINE#         78
  C:7975H         LINE#         79
  C:7979H         LINE#         81
BL51 BANKED LINKER/LOCATER V6.22                                                      09/09/2019  16:55:15  PAGE 27


  C:797BH         LINE#         82
  C:7982H         LINE#         83
  C:7986H         LINE#         85
  C:7988H         LINE#         86
  C:798CH         LINE#         87
  C:7990H         LINE#         89
  C:7992H         LINE#         90
  C:7992H         LINE#         91
  C:7995H         LINE#         92
  C:7997H         LINE#         93
  -------         ENDPROC       _COMMAND
  C:7BBFH         SYMBOL        L?0037
  -------         PROC          L?0036
  -------         ENDPROC       L?0036
  C:7BBFH         SYMBOL        L?0037
  -------         PROC          _WAIT_MS
  D:0006H         SYMBOL        ms
  -------         DO            
  D:0004H         SYMBOL        De_Cnt
  -------         ENDDO         
  C:7BC3H         LINE#         95
  C:7BC3H         LINE#         96
  C:7BC3H         LINE#         98
  C:7BCDH         LINE#         99
  C:7BCDH         LINE#         100
  C:7BE0H         LINE#         101
  C:7BE0H         LINE#         102
  -------         ENDPROC       _WAIT_MS
  -------         PROC          _DISPLAYLCD
  D:0007H         SYMBOL        BCD
  -------         DO            
  D:0006H         SYMBOL        first_digit
  X:0408H         SYMBOL        second_digit
  -------         ENDDO         
  C:7CA8H         LINE#         103
  C:7CA8H         LINE#         104
  C:7CA8H         LINE#         106
  C:7CAFH         LINE#         107
  C:7CB8H         LINE#         109
  C:7CBDH         LINE#         111
  -------         ENDPROC       _DISPLAYLCD
  -------         PROC          LCD_RETURN_HOME
  C:7E2AH         LINE#         115
  C:7E2AH         LINE#         116
  C:7E2AH         LINE#         117
  C:7E2FH         LINE#         118
  -------         ENDPROC       LCD_RETURN_HOME
  -------         PROC          LCD_CLEAR
  C:7E34H         LINE#         121
  C:7E34H         LINE#         122
  C:7E34H         LINE#         123
  C:7E39H         LINE#         124
  -------         ENDPROC       LCD_CLEAR
  -------         PROC          _DISPLAY_LINE
  D:0006H         SYMBOL        line
  C:7D24H         LINE#         128
  C:7D24H         LINE#         129
BL51 BANKED LINKER/LOCATER V6.22                                                      09/09/2019  16:55:15  PAGE 28


  C:7D24H         LINE#         130
  C:7D2AH         LINE#         131
  C:7D2AH         LINE#         132
  C:7D2CH         LINE#         133
  C:7D2CH         LINE#         134
  C:7D2EH         LINE#         136
  C:7D2EH         LINE#         137
  C:7D33H         LINE#         138
  C:7D38H         LINE#         139
  C:7D38H         LINE#         140
  -------         ENDPROC       _DISPLAY_LINE
  -------         PROC          _DISPLAY_POS
  X:04FDH         SYMBOL        sign_dat
  -------         DO            
  X:0501H         SYMBOL        unit
  X:0502H         SYMBOL        ten
  X:0503H         SYMBOL        hundred
  X:0504H         SYMBOL        thousand
  X:0505H         SYMBOL        after_dot
  X:0506H         SYMBOL        dat
  -------         ENDDO         
  C:67F1H         LINE#         142
  C:67F7H         LINE#         143
  C:67F7H         LINE#         147
  C:6813H         LINE#         148
  C:682DH         LINE#         149
  C:6851H         LINE#         151
  C:689BH         LINE#         153
  C:68B2H         LINE#         154
  C:68C4H         LINE#         155
  C:68E9H         LINE#         156
  C:6903H         LINE#         157
  C:691BH         LINE#         158
  C:691BH         LINE#         159
  C:691BH         LINE#         160
  C:691BH         LINE#         161
  C:691BH         LINE#         162
  C:691BH         LINE#         163
  C:691BH         LINE#         164
  C:691BH         LINE#         168
  C:691DH         LINE#         170
  C:691DH         LINE#         172
  C:6922H         LINE#         173
  C:6928H         LINE#         174
  C:692EH         LINE#         175
  C:6934H         LINE#         176
  C:693AH         LINE#         177
  C:693FH         LINE#         178
  C:6945H         LINE#         182
  C:6945H         LINE#         184
  -------         ENDPROC       _DISPLAY_POS
  -------         ENDMOD        LCD_DRIVER_SPLC780D

  -------         MODULE        KEYPAD
  C:0000H         SYMBOL        _ICE_DUMMY_
  D:0093H         PUBLIC        P0M1
  D:0080H         PUBLIC        P0
BL51 BANKED LINKER/LOCATER V6.22                                                      09/09/2019  16:55:15  PAGE 29


  D:0090H         PUBLIC        P1
  D:00A0H         PUBLIC        P2
  D:00B0H         PUBLIC        P3
  D:00C0H         PUBLIC        P4
  D:00C8H         PUBLIC        P5
  D:00E8H         PUBLIC        P6
  D:00F8H         PUBLIC        P7
  D:00A8H         PUBLIC        IE
  C:61EDH         PUBLIC        Key_Scan
  D:00B8H         PUBLIC        IP
  D:00D8H         PUBLIC        CCON
  C:7E12H         PUBLIC        KeyPad_IO_Init
  C:7C8AH         PUBLIC        _Delay_ms
  D:0098H         PUBLIC        SCON
  D:0088H         PUBLIC        TCON
  X:065DH         PUBLIC        small_move
  X:065FH         PUBLIC        move
  X:0661H         PUBLIC        auto_mode
  X:0663H         PUBLIC        direction
  X:0665H         PUBLIC        SPI_NOR_ClearEnable
  C:592DH         PUBLIC        Key_Process
  D:00D0H         PUBLIC        PSW
  D:0094H         PUBLIC        P0M0
  -------         PROC          _DELAY_MS
  D:0006H         SYMBOL        ms
  -------         DO            
  D:0004H         SYMBOL        De_Cnt
  -------         ENDDO         
  C:7C8AH         LINE#         20
  C:7C8AH         LINE#         21
  C:7C8AH         LINE#         23
  C:7C94H         LINE#         24
  C:7C94H         LINE#         25
  C:7CA7H         LINE#         26
  C:7CA7H         LINE#         27
  -------         ENDPROC       _DELAY_MS
  -------         PROC          KEY_SCAN
  -------         DO            
  X:040EH         SYMBOL        KeyTemp1
  X:040FH         SYMBOL        KeyTemp2
  X:0410H         SYMBOL        KeyValue
  -------         ENDDO         
  C:61EDH         LINE#         28
  C:61EDH         LINE#         29
  C:61EDH         LINE#         34
  C:61F0H         LINE#         37
  C:61F3H         LINE#         39
  C:61FBH         LINE#         40
  C:6202H         LINE#         41
  C:6202H         LINE#         43
  C:6207H         LINE#         44
  C:620EH         LINE#         45
  C:620EH         LINE#         48
  C:6211H         LINE#         49
  C:6214H         LINE#         50
  C:6219H         LINE#         51
  C:621DH         LINE#         52
BL51 BANKED LINKER/LOCATER V6.22                                                      09/09/2019  16:55:15  PAGE 30


  C:621DH         LINE#         53
  C:6225H         LINE#         54
  C:6225H         LINE#         55
  C:6228H         LINE#         56
  C:6230H         LINE#         57
  C:6232H         LINE#         59
  C:6246H         LINE#         60
  C:6246H         LINE#         61
  C:6246H         LINE#         62
  C:6246H         LINE#         63
  C:624CH         LINE#         65
  C:624EH         LINE#         66
  C:624EH         LINE#         67
  C:624EH         LINE#         68
  C:6254H         LINE#         70
  C:6256H         LINE#         71
  C:6256H         LINE#         72
  C:6256H         LINE#         73
  C:625CH         LINE#         75
  C:625EH         LINE#         76
  C:625EH         LINE#         77
  C:625EH         LINE#         78
  C:6264H         LINE#         80
  C:6264H         LINE#         81
  C:6264H         LINE#         82
  C:6264H         LINE#         85
  C:6267H         LINE#         86
  C:626AH         LINE#         87
  C:6272H         LINE#         88
  C:6276H         LINE#         89
  C:6276H         LINE#         90
  C:627EH         LINE#         91
  C:627EH         LINE#         92
  C:6281H         LINE#         93
  C:6289H         LINE#         94
  C:628BH         LINE#         95
  C:629FH         LINE#         96
  C:629FH         LINE#         97
  C:629FH         LINE#         98
  C:629FH         LINE#         99
  C:62A5H         LINE#         101
  C:62A7H         LINE#         102
  C:62A7H         LINE#         103
  C:62A7H         LINE#         104
  C:62ADH         LINE#         106
  C:62AFH         LINE#         107
  C:62AFH         LINE#         108
  C:62AFH         LINE#         109
  C:62B5H         LINE#         111
  C:62B7H         LINE#         112
  C:62B7H         LINE#         113
  C:62B7H         LINE#         114
  C:62BCH         LINE#         116
  C:62BCH         LINE#         117
  C:62BCH         LINE#         118
  C:62BCH         LINE#         121
  C:62BFH         LINE#         122
BL51 BANKED LINKER/LOCATER V6.22                                                      09/09/2019  16:55:15  PAGE 31


  C:62C2H         LINE#         123
  C:62CAH         LINE#         124
  C:62CEH         LINE#         125
  C:62CEH         LINE#         126
  C:62D6H         LINE#         127
  C:62D6H         LINE#         128
  C:62D9H         LINE#         129
  C:62E1H         LINE#         130
  C:62E3H         LINE#         131
  C:62F7H         LINE#         132
  C:62F7H         LINE#         133
  C:62F7H         LINE#         134
  C:62F7H         LINE#         135
  C:62FDH         LINE#         137
  C:62FFH         LINE#         138
  C:62FFH         LINE#         139
  C:62FFH         LINE#         140
  C:6305H         LINE#         142
  C:6307H         LINE#         143
  C:6307H         LINE#         144
  C:6307H         LINE#         145
  C:630DH         LINE#         147
  C:630FH         LINE#         148
  C:630FH         LINE#         149
  C:630FH         LINE#         150
  C:6315H         LINE#         152
  C:6315H         LINE#         153
  C:6315H         LINE#         154
  C:6315H         LINE#         158
  C:6318H         LINE#         159
  C:631BH         LINE#         160
  C:6323H         LINE#         161
  C:6327H         LINE#         162
  C:6327H         LINE#         163
  C:632FH         LINE#         164
  C:632FH         LINE#         165
  C:6332H         LINE#         166
  C:633AH         LINE#         167
  C:633CH         LINE#         168
  C:6350H         LINE#         169
  C:6350H         LINE#         170
  C:6350H         LINE#         171
  C:6350H         LINE#         172
  C:6356H         LINE#         174
  C:6358H         LINE#         175
  C:6358H         LINE#         176
  C:6358H         LINE#         177
  C:635EH         LINE#         179
  C:6360H         LINE#         180
  C:6360H         LINE#         181
  C:6360H         LINE#         182
  C:6366H         LINE#         184
  C:6368H         LINE#         185
  C:6368H         LINE#         186
  C:6368H         LINE#         187
  C:636EH         LINE#         189
  C:636EH         LINE#         190
BL51 BANKED LINKER/LOCATER V6.22                                                      09/09/2019  16:55:15  PAGE 32


  C:636EH         LINE#         191
  C:636EH         LINE#         193
  C:6374H         LINE#         194
  C:6374H         LINE#         196
  C:6374H         LINE#         197
  C:6377H         LINE#         198
  C:6377H         LINE#         199
  C:6377H         LINE#         201
  C:6377H         LINE#         202
  C:6379H         LINE#         203
  C:6379H         LINE#         204
  -------         ENDPROC       KEY_SCAN
  -------         PROC          KEY_PROCESS
  -------         DO            
  X:064EH         SYMBOL        KeyCount
  X:064FH         SYMBOL        KeyNum_Old
  X:0651H         SYMBOL        KeyNum
  X:0653H         SYMBOL        PressedKey
  X:0408H         SYMBOL        d
  D:0002H         SYMBOL        hours
  D:0006H         SYMBOL        mins
  X:040AH         SYMBOL        months
  X:040CH         SYMBOL        days
  -------         ENDDO         
  C:592DH         LINE#         205
  C:592DH         LINE#         206
  C:592DH         LINE#         210
  C:593CH         LINE#         211
  C:5949H         LINE#         213
  C:594DH         LINE#         214
  C:594DH         LINE#         215
  C:5953H         LINE#         217
  C:5953H         LINE#         218
  C:596AH         LINE#         219
  C:596AH         LINE#         220
  C:5974H         LINE#         221
  C:597AH         LINE#         223
  C:5980H         LINE#         225
  C:5980H         LINE#         226
  C:5997H         LINE#         227
  C:5997H         LINE#         228
  C:599CH         LINE#         230
  C:599CH         LINE#         231
  C:59ACH         LINE#         232
  C:59ACH         LINE#         233
  C:59B2H         LINE#         235
  C:59B2H         LINE#         236
  C:59C4H         LINE#         237
  C:59C4H         LINE#         238
  C:59CEH         LINE#         239
  C:59D6H         LINE#         241
  C:59DFH         LINE#         243
  C:59DFH         LINE#         252
  C:59FEH         LINE#         253
  C:59FEH         LINE#         254
  C:5A1DH         LINE#         255
  C:5A23H         LINE#         256
BL51 BANKED LINKER/LOCATER V6.22                                                      09/09/2019  16:55:15  PAGE 33


  C:5A2BH         LINE#         257
  C:5A2BH         LINE#         259
  C:5A2CH         LINE#         265
  C:5A38H         LINE#         266
  C:5A38H         LINE#         267
  C:5A55H         LINE#         268
  C:5A6CH         LINE#         269
  C:5A83H         LINE#         270
  C:5A83H         LINE#         271
  C:5A96H         LINE#         272
  C:5AA9H         LINE#         273
  C:5AA9H         LINE#         274
  C:5AA9H         LINE#         275
  C:5AACH         LINE#         280
  C:5ABBH         LINE#         281
  C:5ABBH         LINE#         282
  C:5ADEH         LINE#         283
  C:5AFBH         LINE#         284
  C:5B04H         LINE#         285
  C:5B04H         LINE#         286
  C:5B0BH         LINE#         287
  C:5B0BH         LINE#         288
  C:5B1CH         LINE#         289
  C:5B1CH         LINE#         290
  C:5B2BH         LINE#         291
  C:5B2BH         LINE#         292
  C:5B2BH         LINE#         293
  C:5B2EH         LINE#         295
  C:5B2EH         LINE#         296
  C:5B3AH         LINE#         297
  C:5B3AH         LINE#         298
  C:5B4CH         LINE#         299
  C:5B4CH         LINE#         300
  C:5B5CH         LINE#         301
  C:5B5CH         LINE#         302
  C:5B5CH         LINE#         304
  C:5B5EH         LINE#         306
  C:5B5EH         LINE#         307
  C:5B6DH         LINE#         308
  C:5B6DH         LINE#         309
  C:5B7DH         LINE#         310
  C:5B7DH         LINE#         311
  C:5B7DH         LINE#         313
  C:5B7DH         LINE#         315
  C:5B7DH         LINE#         316
  C:5B7FH         LINE#         318
  C:5B7FH         LINE#         319
  C:5B86H         LINE#         320
  C:5B86H         LINE#         321
  C:5B95H         LINE#         322
  C:5B95H         LINE#         323
  C:5BA5H         LINE#         324
  C:5BA5H         LINE#         325
  C:5BA5H         LINE#         326
  C:5BA7H         LINE#         328
  C:5BA7H         LINE#         329
  C:5BB6H         LINE#         330
BL51 BANKED LINKER/LOCATER V6.22                                                      09/09/2019  16:55:15  PAGE 34


  C:5BB6H         LINE#         331
  C:5BC9H         LINE#         332
  C:5BDCH         LINE#         333
  C:5BDCH         LINE#         334
  C:5BDCH         LINE#         335
  C:5BDCH         LINE#         336
  C:5BE5H         LINE#         338
  C:5BE5H         LINE#         340
  C:5C1FH         LINE#         341
  C:5C1FH         LINE#         342
  C:5C26H         LINE#         343
  C:5C26H         LINE#         344
  C:5C30H         LINE#         345
  C:5C30H         LINE#         346
  C:5C33H         LINE#         347
[...]
  C:63F6H         LINE#         328
  C:63F9H         LINE#         330
  C:6413H         LINE#         331
  C:6413H         LINE#         332
  C:6413H         LINE#         334
  C:6416H         LINE#         336
  C:6430H         LINE#         337
  C:6430H         LINE#         338
  C:6430H         LINE#         340
  C:6433H         LINE#         342
  C:644DH         LINE#         343
  C:644DH         LINE#         344
  C:644DH         LINE#         346
  C:6450H         LINE#         348
  C:646AH         LINE#         349
  C:646AH         LINE#         350
  C:646AH         LINE#         352
  C:646DH         LINE#         354
  C:6487H         LINE#         355
  C:6487H         LINE#         356
BL51 BANKED LINKER/LOCATER V6.22                                                      09/09/2019  16:55:15  PAGE 57


  C:6487H         LINE#         358
  C:648AH         LINE#         360
  C:64A4H         LINE#         361
  C:64A4H         LINE#         362
  C:64A4H         LINE#         364
  C:64A7H         LINE#         366
  C:64C1H         LINE#         367
  C:64C1H         LINE#         368
  C:64C1H         LINE#         370
  C:64C4H         LINE#         372
  C:64DEH         LINE#         373
  C:64E5H         LINE#         374
  -------         ENDPROC       SPI_NOR_WRITE_DATA
  -------         ENDMOD        AT25SF041

  -------         MODULE        SI1120
  C:0000H         SYMBOL        _ICE_DUMMY_
  D:0080H         PUBLIC        P0
  D:00B2H         PUBLIC        P3M0
  D:0090H         PUBLIC        P1
  D:00B1H         PUBLIC        P3M1
  D:00A0H         PUBLIC        P2
  D:00B0H         PUBLIC        P3
  D:00C0H         PUBLIC        P4
  D:00C8H         PUBLIC        P5
  B:00A8H.7       PUBLIC        EA
  D:00E8H         PUBLIC        P6
  D:00F8H         PUBLIC        P7
  D:00A8H         PUBLIC        IE
  D:00B8H         PUBLIC        IP
  C:7A46H         PUBLIC        SI1120_CONFIG_MODE_VIRH
  D:00D8H         PUBLIC        CCON
  D:0098H         PUBLIC        SCON
  D:0088H         PUBLIC        TCON
  C:7DF8H         PUBLIC        Enable_EXTINT0
  B:0090H.5       PUBLIC        SI1120_STX
  B:0088H.0       PUBLIC        IT0
  B:00A8H.0       PUBLIC        EX0
  B:0090H.4       PUBLIC        SI1120_MD
  B:0090H.6       PUBLIC        SI1120_SC
  D:00D0H         PUBLIC        PSW
  -------         PROC          SI1120_CONFIG_MODE_VIRH
  C:7A46H         LINE#         4
  C:7A46H         LINE#         5
  C:7A46H         LINE#         6
  C:7A48H         LINE#         7
  C:7A4AH         LINE#         8
  C:7A4CH         LINE#         10
  C:7A53H         LINE#         11
  C:7A55H         LINE#         13
  C:7A57H         LINE#         14
  C:7A59H         LINE#         16
  C:7A60H         LINE#         18
  C:7A62H         LINE#         20
  C:7A69H         LINE#         23
  C:7A6BH         LINE#         25
  C:7A6DH         LINE#         27
BL51 BANKED LINKER/LOCATER V6.22                                                      09/09/2019  16:55:15  PAGE 58


  C:7A74H         LINE#         29
  C:7A76H         LINE#         31
  -------         ENDPROC       SI1120_CONFIG_MODE_VIRH
  -------         PROC          ENABLE_EXTINT0
  C:7DF8H         LINE#         33
  C:7DF8H         LINE#         34
  C:7DF8H         LINE#         35
  C:7DFBH         LINE#         36
  C:7DFEH         LINE#         37
  C:7E00H         LINE#         38
  C:7E02H         LINE#         39
  C:7E04H         LINE#         40
  -------         ENDPROC       ENABLE_EXTINT0
  -------         ENDMOD        SI1120

  -------         MODULE        UART1
  C:0000H         SYMBOL        _ICE_DUMMY_
  D:0080H         PUBLIC        P0
  D:0090H         PUBLIC        P1
  D:00A0H         PUBLIC        P2
  D:00B0H         PUBLIC        P3
  D:00C0H         PUBLIC        P4
  D:00C8H         PUBLIC        P5
  C:7C05H         PUBLIC        _uart1_SendToTCPServer
  B:00A8H.7       PUBLIC        EA
  D:00E8H         PUBLIC        P6
  D:00F8H         PUBLIC        P7
  C:7A13H         PUBLIC        _SendString
  D:00A8H         PUBLIC        IE
  B:00A8H.4       PUBLIC        ES
  D:00B8H         PUBLIC        IP
  C:7CF7H         PUBLIC        _ASCIItoBCD
  D:00D8H         PUBLIC        CCON
  C:7DADH         PUBLIC        initUART1
  D:0098H         PUBLIC        SCON
  D:0088H         PUBLIC        TCON
  C:7E66H         PUBLIC        _DectoBCD
  C:001EH         PUBLIC        _ASCII_Letter
  D:008EH         PUBLIC        AUXR
  C:0006H         PUBLIC        _unit
  C:7E5FH         PUBLIC        _ten
  D:00D6H         PUBLIC        T2H
  D:00D7H         PUBLIC        T2L
  C:7E50H         PUBLIC        uart1_InitTCPConn
  D:00D0H         PUBLIC        PSW
  -------         PROC          INITUART1
  C:7DADH         LINE#         24
  C:7DADH         LINE#         25
  C:7DADH         LINE#         26
  C:7DB0H         LINE#         27
  C:7DB3H         LINE#         28
  C:7DB6H         LINE#         29
  C:7DB9H         LINE#         30
  C:7DBBH         LINE#         31
  C:7DBDH         LINE#         33
  -------         ENDPROC       INITUART1
  -------         PROC          _SENDSTRING
BL51 BANKED LINKER/LOCATER V6.22                                                      09/09/2019  16:55:15  PAGE 59


  X:04FDH         SYMBOL        s
  C:7A13H         LINE#         36
  C:7A1EH         LINE#         37
  C:7A1EH         LINE#         38
  C:7A2EH         LINE#         39
  C:7A2EH         LINE#         40
  C:7A43H         LINE#         41
  C:7A45H         LINE#         42
  -------         ENDPROC       _SENDSTRING
  -------         PROC          _TEN
  D:0007H         SYMBOL        BCD
  C:7E5FH         LINE#         44
  C:7E5FH         LINE#         45
  C:7E5FH         LINE#         46
  C:7E64H         LINE#         47
  -------         ENDPROC       _TEN
  -------         PROC          _UNIT
  D:0007H         SYMBOL        BCD
  C:0006H         LINE#         48
  C:0006H         LINE#         49
  C:0006H         LINE#         53
  C:000AH         LINE#         54
  -------         ENDPROC       _UNIT
  -------         PROC          _DECTOBCD
  D:0007H         SYMBOL        dec
  C:7E66H         LINE#         55
  C:7E66H         LINE#         56
  C:7E66H         LINE#         58
  C:7E66H         LINE#         59
  -------         ENDPROC       _DECTOBCD
  -------         PROC          _ASCII_LETTER
  D:0007H         SYMBOL        dat
  C:001EH         LINE#         61
  C:001EH         LINE#         62
  C:001EH         LINE#         64
  C:0022H         LINE#         65
  -------         ENDPROC       _ASCII_LETTER
  -------         PROC          _ASCIITOBCD
  D:0001H         SYMBOL        ascii
  -------         DO            
  D:0007H         SYMBOL        dec_val
  D:0006H         SYMBOL        ten
  D:0007H         SYMBOL        unit
  -------         ENDDO         
  C:7CF7H         LINE#         67
  C:7CF7H         LINE#         68
  C:7CF7H         LINE#         70
  C:7CFAH         LINE#         71
  C:7D00H         LINE#         72
  C:7D07H         LINE#         73
  C:7D0DH         LINE#         75
  -------         ENDPROC       _ASCIITOBCD
  -------         PROC          UART1_INITTCPCONN
  C:7E50H         LINE#         77
  C:7E50H         LINE#         78
  C:7E50H         LINE#         82
  -------         ENDPROC       UART1_INITTCPCONN
BL51 BANKED LINKER/LOCATER V6.22                                                      09/09/2019  16:55:15  PAGE 60


  -------         PROC          _UART1_SENDTOTCPSERVER
  X:0408H         SYMBOL        str
  C:7C05H         LINE#         85
  C:7C10H         LINE#         86
  C:7C10H         LINE#         87
  C:7C19H         LINE#         88
  C:7C20H         LINE#         89
  -------         ENDPROC       _UART1_SENDTOTCPSERVER
  -------         ENDMOD        UART1

  -------         MODULE        ?C_STARTUP
  C:74BEH         SEGMENT       ?C_C51STARTUP
  I:0022H         SEGMENT       ?STACK
  C:0000H         PUBLIC        ?C_STARTUP
  D:00E0H         SYMBOL        ACC
  D:00F0H         SYMBOL        B
  D:0083H         SYMBOL        DPH
  D:0082H         SYMBOL        DPL
  N:0000H         SYMBOL        IBPSTACK
  N:0100H         SYMBOL        IBPSTACKTOP
  N:0080H         SYMBOL        IDATALEN
  C:74C1H         SYMBOL        IDATALOOP
  N:0000H         SYMBOL        PBPSTACK
  N:0100H         SYMBOL        PBPSTACKTOP
  N:0000H         SYMBOL        PDATALEN
  N:0000H         SYMBOL        PDATASTART
  N:0000H         SYMBOL        PPAGE
  N:0000H         SYMBOL        PPAGEENABLE
  D:00A0H         SYMBOL        PPAGE_SFR
  D:0081H         SYMBOL        SP
  C:74BEH         SYMBOL        STARTUP1
  N:0000H         SYMBOL        XBPSTACK
  N:0000H         SYMBOL        XBPSTACKTOP
  N:0000H         SYMBOL        XDATALEN
  N:0000H         SYMBOL        XDATASTART
  C:0000H         LINE#         126
  C:74BEH         LINE#         133
  C:74C0H         LINE#         134
  C:74C1H         LINE#         135
  C:74C2H         LINE#         136
  C:74C4H         LINE#         185
  C:74C7H         LINE#         196
  -------         ENDMOD        ?C_STARTUP

  -------         MODULE        ?C?FPADD
  C:25A2H         PUBLIC        ?C?FPADD
  C:259EH         PUBLIC        ?C?FPSUB
  -------         ENDMOD        ?C?FPADD

  -------         MODULE        ?C?FPMUL
  C:2693H         PUBLIC        ?C?FPMUL
  -------         ENDMOD        ?C?FPMUL

  -------         MODULE        ?C?FPDIV
  C:279CH         PUBLIC        ?C?FPDIV
  -------         ENDMOD        ?C?FPDIV

BL51 BANKED LINKER/LOCATER V6.22                                                      09/09/2019  16:55:15  PAGE 61


  -------         MODULE        ?C?FPCMP
  C:283BH         PUBLIC        ?C?FPCMP
  C:2839H         PUBLIC        ?C?FPCMP3
  -------         ENDMOD        ?C?FPCMP

  -------         MODULE        ?C?FPNEG
  C:28B2H         PUBLIC        ?C?FPNEG
  -------         ENDMOD        ?C?FPNEG

  -------         MODULE        ?C?FCAST
  C:28CDH         PUBLIC        ?C?FCASTC
  C:28C8H         PUBLIC        ?C?FCASTI
  C:28C3H         PUBLIC        ?C?FCASTL
  -------         ENDMOD        ?C?FCAST

  -------         MODULE        ?C?CASTF
  C:2901H         PUBLIC        ?C?CASTF
  -------         ENDMOD        ?C?CASTF

  -------         MODULE        PRINTF
  X:04FDH         PUBLIC        ?_PRINTF?BYTE
  X:04FDH         PUBLIC        ?_SPRINTF?BYTE
  C:4CA7H         PUBLIC        _PRINTF
  C:4CA1H         PUBLIC        _SPRINTF
  -------         ENDMOD        PRINTF

  -------         MODULE        FABS
  C:7E05H         PUBLIC        _FABS
  -------         ENDMOD        FABS

  -------         MODULE        ATAN2
  X:04AFH         PUBLIC        ?_atan2?BYTE
  C:72EBH         PUBLIC        _atan2
  -------         ENDMOD        ATAN2

  -------         MODULE        SIN
  C:654BH         PUBLIC        _COS
  C:6561H         PUBLIC        _SIN
  C:659DH         PUBLIC        _TAN
  -------         ENDMOD        SIN

  -------         MODULE        ACOS
  C:78CAH         PUBLIC        _ACOS
  -------         ENDMOD        ACOS

  -------         MODULE        ASIN
  C:79D8H         PUBLIC        _ASIN
  -------         ENDMOD        ASIN

  -------         MODULE        POW
  X:03BCH         PUBLIC        ?_pow?BYTE
  C:668BH         PUBLIC        _pow
  -------         ENDMOD        POW

  -------         MODULE        ?C?CHKFLOAT
  C:2982H         PUBLIC        ?C?CHKFLOAT
  -------         ENDMOD        ?C?CHKFLOAT
BL51 BANKED LINKER/LOCATER V6.22                                                      09/09/2019  16:55:15  PAGE 62



  -------         MODULE        ?C?FPROUND
  C:299CH         PUBLIC        ?C?FPROUND
  -------         ENDMOD        ?C?FPROUND

  -------         MODULE        ?C?FPCONVERT
  C:29D9H         PUBLIC        ?C?FPCONVERT
  -------         ENDMOD        ?C?FPCONVERT

  -------         MODULE        EXP
  C:745CH         PUBLIC        _EXP
  -------         ENDMOD        EXP

  -------         MODULE        LOG
  C:697AH         PUBLIC        _LOG
  C:6976H         PUBLIC        _LOG10
  -------         ENDMOD        LOG

  -------         MODULE        SQRT
  C:71A2H         PUBLIC        _SQRT
  -------         ENDMOD        SQRT

  -------         MODULE        ATAN
  C:6A8FH         PUBLIC        _ATAN
  -------         ENDMOD        ATAN

  -------         MODULE        ?C?FTNPWR
  C:2B5BH         PUBLIC        ?C?FTNPWR
  -------         ENDMOD        ?C?FTNPWR

  -------         MODULE        ?C?COPY
  C:2C6BH         PUBLIC        ?C?COPY
  -------         ENDMOD        ?C?COPY

  -------         MODULE        ?C?CLDPTR
  C:2C91H         PUBLIC        ?C?CLDPTR
  -------         ENDMOD        ?C?CLDPTR

  -------         MODULE        ?C?CLDOPTR
  C:2CAAH         PUBLIC        ?C?CLDOPTR
  -------         ENDMOD        ?C?CLDOPTR

  -------         MODULE        ?C?CSTPTR
  C:2CD7H         PUBLIC        ?C?CSTPTR
  -------         ENDMOD        ?C?CSTPTR

  -------         MODULE        ?C?IMUL
  C:2CE9H         PUBLIC        ?C?IMUL
  -------         ENDMOD        ?C?IMUL

  -------         MODULE        ?C?UIDIV
  C:2CFBH         PUBLIC        ?C?UIDIV
  -------         ENDMOD        ?C?UIDIV

  -------         MODULE        ?C?SIDIV
  C:2D50H         PUBLIC        ?C?SIDIV
  -------         ENDMOD        ?C?SIDIV
BL51 BANKED LINKER/LOCATER V6.22                                                      09/09/2019  16:55:15  PAGE 63



  -------         MODULE        ?C?ILDIX
  C:2D86H         PUBLIC        ?C?ILDIX
  -------         ENDMOD        ?C?ILDIX

  -------         MODULE        ?C?ILDOPTR
  C:2D9CH         PUBLIC        ?C?ILDOPTR
  -------         ENDMOD        ?C?ILDOPTR

  -------         MODULE        ?C?ISTPTR
  C:2DD4H         PUBLIC        ?C?ISTPTR
  -------         ENDMOD        ?C?ISTPTR

  -------         MODULE        ?C?LMUL
  C:2DF3H         PUBLIC        ?C?LMUL
  -------         ENDMOD        ?C?LMUL

  -------         MODULE        ?C?SLDIV
  C:7914H         PUBLIC        ?C?SLDIV
  -------         ENDMOD        ?C?SLDIV

  -------         MODULE        ?C?LNEG
  C:2E42H         PUBLIC        ?C?LNEG
  -------         ENDMOD        ?C?LNEG

  -------         MODULE        ?C?ULCMP
  C:2E50H         PUBLIC        ?C?ULCMP
  -------         ENDMOD        ?C?ULCMP

  -------         MODULE        ?C?LSHL
  C:2E61H         PUBLIC        ?C?LSHL
  -------         ENDMOD        ?C?LSHL

  -------         MODULE        ?C?LLDPTR
  C:2E74H         PUBLIC        ?C?LLDPTR
  -------         ENDMOD        ?C?LLDPTR

  -------         MODULE        ?C?LLDOPTR
  C:2E94H         PUBLIC        ?C?LLDOPTR
  -------         ENDMOD        ?C?LLDOPTR

  -------         MODULE        ?C?LSTPTR
  C:2EC4H         PUBLIC        ?C?LSTPTR
  -------         ENDMOD        ?C?LSTPTR

  -------         MODULE        ?C?LSTOPTR
  C:2EDEH         PUBLIC        ?C?LSTOPTR
  -------         ENDMOD        ?C?LSTOPTR

  -------         MODULE        ?C?LLDXDATA
  C:2F02H         PUBLIC        ?C?LLDXDATA
  -------         ENDMOD        ?C?LLDXDATA

  -------         MODULE        ?C?LLDCODE
  C:2F0EH         PUBLIC        ?C?LLDCODE
  -------         ENDMOD        ?C?LLDCODE

BL51 BANKED LINKER/LOCATER V6.22                                                      09/09/2019  16:55:15  PAGE 64


  -------         MODULE        ?C?LLDXDATA0
  C:2F1EH         PUBLIC        ?C?LLDXDATA0
  -------         ENDMOD        ?C?LLDXDATA0

  -------         MODULE        ?C?LLDCODE0
  C:2F2AH         PUBLIC        ?C?LLDCODE0
  -------         ENDMOD        ?C?LLDCODE0

  -------         MODULE        ?C?LLDPTR0
  C:2F3AH         PUBLIC        ?C?LLDPTR0
  -------         ENDMOD        ?C?LLDPTR0

  -------         MODULE        ?C?LSTXDATA
  C:2F5AH         PUBLIC        ?C?LSTXDATA
  -------         ENDMOD        ?C?LSTXDATA

  -------         MODULE        ?C?LSTKXDATA
  C:2F66H         PUBLIC        ?C?LSTKXDATA
  -------         ENDMOD        ?C?LSTKXDATA

  -------         MODULE        ?C?LSTKPTR
  C:2F97H         PUBLIC        ?C?LSTKPTR
  -------         ENDMOD        ?C?LSTKPTR

  -------         MODULE        ?C?OFFXADD
  C:2FB1H         PUBLIC        ?C?OFFXADD
  -------         ENDMOD        ?C?OFFXADD

  -------         MODULE        ?C?PLDIXDATA
  C:2FBDH         PUBLIC        ?C?PLDIXDATA
  -------         ENDMOD        ?C?PLDIXDATA

  -------         MODULE        ?C?PSTXDATA
  C:2FD4H         PUBLIC        ?C?PSTXDATA
  -------         ENDMOD        ?C?PSTXDATA

  -------         MODULE        ?C?CCASE
  C:2FDDH         PUBLIC        ?C?CCASE
  -------         ENDMOD        ?C?CCASE

  -------         MODULE        PUTCHAR
  C:7B96H         PUBLIC        _PUTCHAR
  -------         ENDMOD        PUTCHAR

  -------         MODULE        ABS
  C:7E1EH         PUBLIC        _ABS
  -------         ENDMOD        ABS

  -------         MODULE        ATOI
  C:6E98H         PUBLIC        _atoi
  -------         ENDMOD        ATOI

  -------         MODULE        ?C?IILDX
  C:3003H         PUBLIC        ?C?IILDX
  -------         ENDMOD        ?C?IILDX

  -------         MODULE        ?C?ULDIV
BL51 BANKED LINKER/LOCATER V6.22                                                      09/09/2019  16:55:15  PAGE 65


  C:3055H         PUBLIC        ?C?ULDIV
  -------         ENDMOD        ?C?ULDIV

  -------         MODULE        ?C?LLDIDATA
  C:30E7H         PUBLIC        ?C?LLDIDATA
  -------         ENDMOD        ?C?LLDIDATA

  -------         MODULE        ?C?LLDPDATA
  C:30F3H         PUBLIC        ?C?LLDPDATA
  -------         ENDMOD        ?C?LLDPDATA

  -------         MODULE        ?C?LLDIDATA0
  C:30FFH         PUBLIC        ?C?LLDIDATA0
  -------         ENDMOD        ?C?LLDIDATA0

  -------         MODULE        ?C?LLDPDATA0
  C:310CH         PUBLIC        ?C?LLDPDATA0
  -------         ENDMOD        ?C?LLDPDATA0

  -------         MODULE        ?C?LSTIDATA
  C:3119H         PUBLIC        ?C?LSTIDATA
  -------         ENDMOD        ?C?LSTIDATA

  -------         MODULE        ?C?LSTPDATA
  C:3125H         PUBLIC        ?C?LSTPDATA
  -------         ENDMOD        ?C?LSTPDATA

  -------         MODULE        ?C?LSTKIDATA
  C:3131H         PUBLIC        ?C?LSTKIDATA
  -------         ENDMOD        ?C?LSTKIDATA

  -------         MODULE        ?C?LSTKPDATA
  C:314AH         PUBLIC        ?C?LSTKPDATA
  -------         ENDMOD        ?C?LSTKPDATA

  -------         MODULE        ISDIGIT
  C:7DDCH         PUBLIC        _isdigit
  -------         ENDMOD        ISDIGIT

  -------         MODULE        ISSPACE
  C:7D77H         PUBLIC        _isspace
  -------         ENDMOD        ISSPACE

*** WARNING L16: UNCALLED SEGMENT, IGNORED FOR OVERLAY PROCESS
    SEGMENT: ?PR?_FINDCLOSESTSAMEDAYCALIBTIME?CALIBRATION

*** WARNING L16: UNCALLED SEGMENT, IGNORED FOR OVERLAY PROCESS
    SEGMENT: ?PR?NOP?IOEXPANDER_PI4IOE5V96248

*** WARNING L16: UNCALLED SEGMENT, IGNORED FOR OVERLAY PROCESS
    SEGMENT: ?PR?UC_ACK?IOEXPANDER_PI4IOE5V96248

*** WARNING L16: UNCALLED SEGMENT, IGNORED FOR OVERLAY PROCESS
    SEGMENT: ?PR?UC_NACK?IOEXPANDER_PI4IOE5V96248

*** WARNING L16: UNCALLED SEGMENT, IGNORED FOR OVERLAY PROCESS
    SEGMENT: ?PR?_TEN?UART1
BL51 BANKED LINKER/LOCATER V6.22                                                      09/09/2019  16:55:15  PAGE 66



*** WARNING L16: UNCALLED SEGMENT, IGNORED FOR OVERLAY PROCESS
    SEGMENT: ?PR?_UNIT?UART1

*** WARNING L16: UNCALLED SEGMENT, IGNORED FOR OVERLAY PROCESS
    SEGMENT: ?PR?_DECTOBCD?UART1

*** WARNING L16: UNCALLED SEGMENT, IGNORED FOR OVERLAY PROCESS
    SEGMENT: ?PR?_ASCII_LETTER?UART1

*** WARNING L16: UNCALLED SEGMENT, IGNORED FOR OVERLAY PROCESS
    SEGMENT: ?PR?_ASCIITOBCD?UART1

Program Size: data=15.4 xdata=1646 code=32359
LINK/LOCATE RUN COMPLETE.  9 WARNING(S),  0 ERROR(S)
