BL51 BANKED LINKER/LOCATER V6.22                                                        08/26/2019  15:42:05  PAGE 1


BL51 BANKED LINKER/LOCATER V6.22, INVOKED BY:
C:\KEIL_V5\C51\BIN\BL51.EXE .\Obj\main.obj, .\Obj\PCF85063BTL.obj, .\Obj\LCd_Driver_SPLC780D.obj, .\Obj\KeyPad.obj, .\Ob
>> j\BipolarMotor.obj, .\Obj\SunPos.obj, .\Obj\ADC.obj, .\Obj\Calibration.obj, .\Obj\IOExpander_PI4IOE5V96248.obj, .\Obj
>> \AT25SF041.obj, .\Obj\SI1120.obj, .\Obj\UART1.obj, .\Obj\STARTUP.obj TO .\Obj\GPIO_RTC_Test RTX51TINY PRINT (.\Lis\GP
>> IO_RTC_Test.m51) RAMSIZE (256)


MEMORY MODEL: LARGE WITH FLOATING POINT ARITHMETIC


INPUT MODULES INCLUDED:
  .\Obj\main.obj (MAIN)
  .\Obj\PCF85063BTL.obj (PCF85063BTL)
  .\Obj\LCd_Driver_SPLC780D.obj (LCD_DRIVER_SPLC780D)
  .\Obj\KeyPad.obj (KEYPAD)
  .\Obj\BipolarMotor.obj (BIPOLARMOTOR)
  .\Obj\SunPos.obj (SUNPOS)
  .\Obj\ADC.obj (ADC)
  .\Obj\Calibration.obj (CALIBRATION)
  .\Obj\IOExpander_PI4IOE5V96248.obj (IOEXPANDER_PI4IOE5V96248)
  .\Obj\AT25SF041.obj (AT25SF041)
  .\Obj\SI1120.obj (SI1120)
  .\Obj\UART1.obj (UART1)
  .\Obj\STARTUP.obj (?C_STARTUP)
  C:\KEIL_V5\C51\LIB\C51FPL.LIB (?C?FPADD)
  C:\KEIL_V5\C51\LIB\C51FPL.LIB (?C?FPMUL)
  C:\KEIL_V5\C51\LIB\C51FPL.LIB (?C?FPDIV)
  C:\KEIL_V5\C51\LIB\C51FPL.LIB (?C?FPCMP)
  C:\KEIL_V5\C51\LIB\C51FPL.LIB (?C?FPNEG)
  C:\KEIL_V5\C51\LIB\C51FPL.LIB (?C?FCAST)
  C:\KEIL_V5\C51\LIB\C51FPL.LIB (?C?CASTF)
  C:\KEIL_V5\C51\LIB\C51FPL.LIB (PRINTF)
  C:\KEIL_V5\C51\LIB\C51FPL.LIB (FABS)
  C:\KEIL_V5\C51\LIB\C51FPL.LIB (ATAN2)
  C:\KEIL_V5\C51\LIB\C51FPL.LIB (SIN)
  C:\KEIL_V5\C51\LIB\C51FPL.LIB (ACOS)
  C:\KEIL_V5\C51\LIB\C51FPL.LIB (ASIN)
  C:\KEIL_V5\C51\LIB\C51FPL.LIB (POW)
  C:\KEIL_V5\C51\LIB\C51FPL.LIB (?C?FPGETOPN)
  C:\KEIL_V5\C51\LIB\C51FPL.LIB (?C?CHKFLOAT)
  C:\KEIL_V5\C51\LIB\C51FPL.LIB (?C?FPROUND)
  C:\KEIL_V5\C51\LIB\C51FPL.LIB (?C?FPCONVERT)
  C:\KEIL_V5\C51\LIB\C51FPL.LIB (?C?FPSERIES)
  C:\KEIL_V5\C51\LIB\C51FPL.LIB (EXP)
  C:\KEIL_V5\C51\LIB\C51FPL.LIB (LOG)
  C:\KEIL_V5\C51\LIB\C51FPL.LIB (SQRT)
  C:\KEIL_V5\C51\LIB\C51FPL.LIB (ATAN)
  C:\KEIL_V5\C51\LIB\C51FPL.LIB (?C?FTNPWR)
  C:\KEIL_V5\C51\LIB\C51L.LIB (?C_INIT)
  C:\KEIL_V5\C51\LIB\C51L.LIB (?C?COPY)
  C:\KEIL_V5\C51\LIB\C51L.LIB (?C?CLDPTR)
  C:\KEIL_V5\C51\LIB\C51L.LIB (?C?CLDOPTR)
  C:\KEIL_V5\C51\LIB\C51L.LIB (?C?CSTPTR)
  C:\KEIL_V5\C51\LIB\C51L.LIB (?C?IMUL)
  C:\KEIL_V5\C51\LIB\C51L.LIB (?C?UIDIV)
  C:\KEIL_V5\C51\LIB\C51L.LIB (?C?SIDIV)
  C:\KEIL_V5\C51\LIB\C51L.LIB (?C?ILDIX)
  C:\KEIL_V5\C51\LIB\C51L.LIB (?C?ILDOPTR)
BL51 BANKED LINKER/LOCATER V6.22                                                      08/26/2019  15:42:05  PAGE 2


  C:\KEIL_V5\C51\LIB\C51L.LIB (?C?ISTPTR)
  C:\KEIL_V5\C51\LIB\C51L.LIB (?C?LMUL)
  C:\KEIL_V5\C51\LIB\C51L.LIB (?C?SLDIV)
  C:\KEIL_V5\C51\LIB\C51L.LIB (?C?LNEG)
  C:\KEIL_V5\C51\LIB\C51L.LIB (?C?ULCMP)
  C:\KEIL_V5\C51\LIB\C51L.LIB (?C?LSHL)
  C:\KEIL_V5\C51\LIB\C51L.LIB (?C?LLDPTR)
  C:\KEIL_V5\C51\LIB\C51L.LIB (?C?LLDOPTR)
  C:\KEIL_V5\C51\LIB\C51L.LIB (?C?LSTPTR)
  C:\KEIL_V5\C51\LIB\C51L.LIB (?C?LSTOPTR)
  C:\KEIL_V5\C51\LIB\C51L.LIB (?C?LLDXDATA)
  C:\KEIL_V5\C51\LIB\C51L.LIB (?C?LLDCODE)
  C:\KEIL_V5\C51\LIB\C51L.LIB (?C?LLDXDATA0)
  C:\KEIL_V5\C51\LIB\C51L.LIB (?C?LLDCODE0)
  C:\KEIL_V5\C51\LIB\C51L.LIB (?C?LLDPTR0)
  C:\KEIL_V5\C51\LIB\C51L.LIB (?C?LSTXDATA)
  C:\KEIL_V5\C51\LIB\C51L.LIB (?C?LSTKXDATA)
  C:\KEIL_V5\C51\LIB\C51L.LIB (?C?LSTKPTR)
  C:\KEIL_V5\C51\LIB\C51L.LIB (?C?OFFXADD)
  C:\KEIL_V5\C51\LIB\C51L.LIB (?C?PLDIXDATA)
  C:\KEIL_V5\C51\LIB\C51L.LIB (?C?PSTXDATA)
  C:\KEIL_V5\C51\LIB\C51L.LIB (?C?CCASE)
  C:\KEIL_V5\C51\LIB\C51L.LIB (PUTCHAR)
  C:\KEIL_V5\C51\LIB\C51L.LIB (ABS)
  C:\KEIL_V5\C51\LIB\C51L.LIB (ATOI)
  C:\KEIL_V5\C51\LIB\C51L.LIB (?C?IILDX)
  C:\KEIL_V5\C51\LIB\C51L.LIB (?C?ULDIV)
  C:\KEIL_V5\C51\LIB\C51L.LIB (?C?LLDIDATA)
  C:\KEIL_V5\C51\LIB\C51L.LIB (?C?LLDPDATA)
  C:\KEIL_V5\C51\LIB\C51L.LIB (?C?LLDIDATA0)
  C:\KEIL_V5\C51\LIB\C51L.LIB (?C?LLDPDATA0)
  C:\KEIL_V5\C51\LIB\C51L.LIB (?C?LSTIDATA)
  C:\KEIL_V5\C51\LIB\C51L.LIB (?C?LSTPDATA)
  C:\KEIL_V5\C51\LIB\C51L.LIB (?C?LSTKIDATA)
  C:\KEIL_V5\C51\LIB\C51L.LIB (?C?LSTKPDATA)
  C:\KEIL_V5\C51\LIB\C51L.LIB (ISDIGIT)
  C:\KEIL_V5\C51\LIB\C51L.LIB (ISSPACE)


LINK MAP OF MODULE:  .\Obj\GPIO_RTC_Test (MAIN)


            TYPE    BASE      LENGTH    RELOCATION   SEGMENT NAME
            -----------------------------------------------------

            * * * * * * *   D A T A   M E M O R Y   * * * * * * *
            REG     0000H     0008H     ABSOLUTE     "REG BANK 0"
            DATA    0008H     0005H     UNIT         ?DT?PRINTF?PRINTF
                    000DH     0013H                  *** GAP ***
            BIT     0020H.0   0001H.1   UNIT         ?BI?PRINTF?PRINTF
            BIT     0021H.1   0000H.2   UNIT         ?BI?ATAN?ATAN
            BIT     0021H.3   0000H.1   UNIT         ?BI?MAIN
            BIT     0021H.4   0000H.1   UNIT         ?BI?VONESTEPMOVE?BIPOLARMOTOR
            BIT     0021H.5   0000H.1   UNIT         ?BI?_STEP_MOVE?BIPOLARMOTOR
            BIT     0021H.6   0000H.1   UNIT         ?BI?_MOVE?BIPOLARMOTOR
            BIT     0021H.7   0000H.1   UNIT         ?BI?SIN?SIN
            BIT     0022H.0   0000H.1   UNIT         ?BI?_ATOI?ATOI
BL51 BANKED LINKER/LOCATER V6.22                                                      08/26/2019  15:42:05  PAGE 3


            BIT     0022H.1   0000H.1   UNIT         _BIT_GROUP_
                    0022H.2   0000H.6                *** GAP ***
            IDATA   0023H     0001H     UNIT         ?STACK

            * * * * * * *  X D A T A   M E M O R Y  * * * * * * *
            XDATA   0000H     03BCH     UNIT         ?XD?BIPOLARMOTOR
            XDATA   03BCH     0171H     UNIT         ?XD?MAIN
            XDATA   052DH     00CDH     UNIT         ?XD?_FIND_REAL_MAX?CALIBRATION
            XDATA   05FAH     005DH     UNIT         ?XD?SUNPOS?SUNPOS
            XDATA   0657H     005CH     UNIT         ?XD?_THEORICALJP_POSITION?BIPOLARMOTOR
            XDATA   06B3H     004BH     UNIT         _XDATA_GROUP_
            XDATA   06FEH     0030H     UNIT         ?XD?PRINTF?PRINTF
            XDATA   072EH     0026H     UNIT         ?XD?_UPDATE_POSITION?BIPOLARMOTOR
            XDATA   0754H     0024H     UNIT         ?XD?_CALIBRATION?CALIBRATION
            XDATA   0778H     0019H     UNIT         ?XD?KEYPAD
            XDATA   0791H     0018H     UNIT         ?XD?VOLTAGE_IS_STABLE?CALIBRATION
            XDATA   07A9H     0014H     UNIT         ?XD?LINEAR_INTERPOLATE?BIPOLARMOTOR
            XDATA   07BDH     000EH     UNIT         ?XD?SPI_NOR_WRITE_DATA?AT25SF041
            XDATA   07CBH     000BH     UNIT         ?XD?_DISPLAY_POS?LCD_DRIVER_SPLC780D
            XDATA   07D6H     0008H     UNIT         ?XD?_AT25SF041_READ?AT25SF041
            XDATA   07DEH     0008H     UNIT         ?XD?_ATAN2?ATAN2
            XDATA   07E6H     0006H     UNIT         ?XD?KEY_PROCESS?KEYPAD
            XDATA   07ECH     0005H     UNIT         ?XD?_ELEVATION_CALCULATION?BIPOLARMOTOR
            XDATA   07F1H     0005H     UNIT         ?XD?_ATOI?ATOI
            XDATA   07F6H     0004H     UNIT         ?XD?_STEP_MOVE?BIPOLARMOTOR
            XDATA   07FAH     0004H     UNIT         ?XD?_MOVE?BIPOLARMOTOR
            XDATA   07FEH     0004H     UNIT         ?XD?_MAX_VALUE?CALIBRATION
            XDATA   0802H     0004H     UNIT         ?XD?SIN?SIN
            XDATA   0806H     0004H     UNIT         ?XD?SQRT?SQRT
            XDATA   080AH     0004H     UNIT         ?XD?ATAN?ATAN
            XDATA   080EH     0003H     UNIT         ?XD?KEY_SCAN?KEYPAD
            XDATA   0811H     0003H     UNIT         ?XD?_WRITE_PI4IOE5V96248?IOEXPANDER_PI4IOE5V96248
            XDATA   0814H     0001H     UNIT         ?XD?_DISPLAYLCD?LCD_DRIVER_SPLC780D
            XDATA   0815H     0001H     UNIT         ?XD?I2C_ACK?IOEXPANDER_PI4IOE5V96248
            XDATA   0816H     0001H     UNIT         ?XD?UC_ACK?IOEXPANDER_PI4IOE5V96248
            XDATA   0817H     0001H     UNIT         ?XD?UC_NACK?IOEXPANDER_PI4IOE5V96248

            * * * * * * *   C O D E   M E M O R Y   * * * * * * *
            CODE    0000H     0003H     ABSOLUTE     
            CODE    0003H     0003H     ABSOLUTE     
            CODE    0006H     0005H     UNIT         ?PR?_UNIT?UART1
            CODE    000BH     0003H     ABSOLUTE     
            CODE    000EH     000DH     UNIT         ?PR?UART?MAIN
            CODE    001BH     0003H     ABSOLUTE     
            CODE    001EH     0005H     UNIT         ?PR?_ASCII_LETTER?UART1
            CODE    0023H     0003H     ABSOLUTE     
            CODE    0026H     0BC8H     UNIT         ?C?LIB_CODE
            CODE    0BEEH     07A2H     UNIT         ?PR?SUNPOS?SUNPOS
            CODE    1390H     06F4H     UNIT         ?PR?_FIND_REAL_MAX?CALIBRATION
            CODE    1A84H     0667H     UNIT         ?PR?MAIN?MAIN
            CODE    20EBH     0631H     UNIT         ?PR?_UPDATE_POSITION?BIPOLARMOTOR
            CODE    271CH     04FBH     UNIT         ?PR?_THEORICALJP_POSITION?BIPOLARMOTOR
            CODE    2C17H     0483H     UNIT         ?PR?PRINTF?PRINTF
            CODE    309AH     0472H     UNIT         ?C_INITSEG
            CODE    350CH     038CH     UNIT         ?PR?KEY_PROCESS?KEYPAD
            CODE    3898H     0380H     UNIT         ?PR?_ELEVATION_CALCULATION?BIPOLARMOTOR
            CODE    3C18H     01C7H     UNIT         ?PR?_CALIBRATION?CALIBRATION
BL51 BANKED LINKER/LOCATER V6.22                                                      08/26/2019  15:42:05  PAGE 4


            CODE    3DDFH     018DH     UNIT         ?PR?KEY_SCAN?KEYPAD
            CODE    3F6CH     0189H     UNIT         ?PR?SPI_NOR_WRITE_DATA?AT25SF041
            CODE    40F5H     0188H     UNIT         ?PR?SIN?SIN
            CODE    427DH     0166H     UNIT         ?PR?_POW?POW
            CODE    43E3H     0155H     UNIT         ?PR?_DISPLAY_POS?LCD_DRIVER_SPLC780D
            CODE    4538H     0129H     UNIT         ?PR?LOG?LOG
            CODE    4661H     0122H     UNIT         ?PR?ATAN?ATAN
            CODE    4783H     0110H     UNIT         ?PR?_AT25SF041_READ?AT25SF041
            CODE    4893H     0102H     UNIT         ?PR?_AT25SF041_WRITE?AT25SF041
            CODE    4995H     00F5H     UNIT         ?PR?EXINT0?MAIN
            CODE    4A8AH     00DBH     UNIT         ?PR?_ATOI?ATOI
            CODE    4B65H     00C3H     UNIT         ?PR?LINEAR_INTERPOLATE?BIPOLARMOTOR
            CODE    4C28H     00BBH     UNIT         ?PR?VOLTAGE_IS_STABLE?CALIBRATION
            CODE    4CE3H     00ADH     UNIT         ?PR?_WRITE_PI4IOE5V96248?IOEXPANDER_PI4IOE5V96248
            CODE    4D90H     00ACH     UNIT         ?PR?SQRT?SQRT
            CODE    4E3CH     00A1H     UNIT         ?PR?UCREAD_STATUS_REGISTER_BYTE1?AT25SF041
            CODE    4EDDH     009DH     UNIT         ?PR?_ATAN2?ATAN2
            CODE    4F7AH     009CH     UNIT         ?PR?_MAX_VALUE?CALIBRATION
            CODE    5016H     009AH     UNIT         ?PR?EXP?EXP
            CODE    50B0H     008CH     UNIT         ?C_C51STARTUP
            CODE    513CH     0088H     UNIT         ?PR?_DAY_OF_YEAR?PCF85063BTL
            CODE    51C4H     0079H     UNIT         ?PR?_WRITEDATA?LCD_DRIVER_SPLC780D
            CODE    523DH     0072H     UNIT         ?PR?AT25SF041_WRITEENABLE?AT25SF041
            CODE    52AFH     006FH     UNIT         ?PR?_READ_TIME?PCF85063BTL
            CODE    531EH     005AH     UNIT         ?PR?AT25SF041_CHIPERASE?AT25SF041
            CODE    5378H     0059H     UNIT         ?PR?LCD_INIT?LCD_DRIVER_SPLC780D
            CODE    53D1H     004BH     UNIT         ?CO?UART1
            CODE    541CH     004AH     UNIT         ?PR?VONESTEPMOVE?BIPOLARMOTOR
            CODE    5466H     004AH     UNIT         ?PR?ACOS?ACOS
            CODE    54B0H     0044H     UNIT         ?C?LDIV
            CODE    54F4H     0040H     UNIT         ?PR?_COMMAND?LCD_DRIVER_SPLC780D
            CODE    5534H     0040H     UNIT         ?PR?_STEP_MOVE?BIPOLARMOTOR
            CODE    5574H     003BH     UNIT         ?PR?ASIN?ASIN
            CODE    55AFH     0033H     UNIT         ?PR?_SENDSTRING?UART1
            CODE    55E2H     0031H     UNIT         ?PR?SI1120_CONFIG_MODE_VIRH?SI1120
            CODE    5613H     002EH     UNIT         ?CO?MAIN
            CODE    5641H     002BH     UNIT         ?PR?_WAIT_MS_I2C?IOEXPANDER_PI4IOE5V96248
            CODE    566CH     002BH     UNIT         ?PR?_WAIT_MS_SPINOR?AT25SF041
            CODE    5697H     002AH     UNIT         ?PR?_ADC_GETRESULT?ADC
            CODE    56C1H     0028H     UNIT         ?PR?_MOVE?BIPOLARMOTOR
            CODE    56E9H     0028H     UNIT         ?CO?CALIBRATION
            CODE    5711H     0027H     UNIT         ?PR?_I2C_SENDBYTE?IOEXPANDER_PI4IOE5V96248
            CODE    5738H     0027H     UNIT         ?PR?PUTCHAR?PUTCHAR
            CODE    575FH     0025H     UNIT         ?PR?_FINDCLOSESTSAMEDAYCALIBTIME?CALIBRATION
            CODE    5784H     0024H     UNIT         ?PR?_WAIT_MS?LCD_DRIVER_SPLC780D
            CODE    57A8H     0024H     UNIT         ?PR?_UART1_SENDTOTCPSERVER?UART1
            CODE    57CCH     0021H     UNIT         ?PR?TM0_ISR?MAIN
            CODE    57EDH     0020H     UNIT         ?PR?_SPI_SENDBYTE?PCF85063BTL
            CODE    580DH     0020H     UNIT         ?PR?SPI_RECEIVEBYTE?PCF85063BTL
            CODE    582DH     001EH     UNIT         ?PR?_DELAY_MS?KEYPAD
            CODE    584BH     001DH     UNIT         ?PR?_DISPLAYLCD?LCD_DRIVER_SPLC780D
            CODE    5868H     001BH     UNIT         ?PR?_BCDTODEC1?BIPOLARMOTOR
            CODE    5883H     001AH     UNIT         ?PR?ADC_INIT?ADC
            CODE    589DH     0018H     UNIT         ?PR?_SPI_WRITETIME?PCF85063BTL
            CODE    58B5H     0017H     UNIT         ?PR?_ASCIITOBCD?UART1
            CODE    58CCH     0016H     UNIT         ?PR?I2C_ACK?IOEXPANDER_PI4IOE5V96248
            CODE    58E2H     0015H     UNIT         ?PR?_DISPLAY_LINE?LCD_DRIVER_SPLC780D
BL51 BANKED LINKER/LOCATER V6.22                                                      08/26/2019  15:42:05  PAGE 5


            CODE    58F7H     0015H     UNIT         ?PR?VSETLOCATION?BIPOLARMOTOR
            CODE    590CH     0015H     UNIT         ?PR?I2C_STOP?IOEXPANDER_PI4IOE5V96248
            CODE    5921H     0014H     UNIT         ?PR?_PCF85063BTL_DELAY?PCF85063BTL
            CODE    5935H     0014H     UNIT         ?PR?_ISSPACE?ISSPACE
            CODE    5949H     0011H     UNIT         ?PR?_SPI_READTIME?PCF85063BTL
            CODE    595AH     0011H     UNIT         ?PR?_BCDTODEC?PCF85063BTL
            CODE    596BH     0011H     UNIT         ?PR?INITUART1?UART1
            CODE    597CH     000FH     UNIT         ?PR?I2C_START?IOEXPANDER_PI4IOE5V96248
            CODE    598BH     000FH     UNIT         ?PR?UC_NACK?IOEXPANDER_PI4IOE5V96248
            CODE    599AH     000FH     UNIT         ?PR?_ISDIGIT?ISDIGIT
            CODE    59A9H     000DH     UNIT         ?PR?SPI_INIT?PCF85063BTL
            CODE    59B6H     000DH     UNIT         ?PR?ENABLE_EXTINT0?SI1120
            CODE    59C3H     000DH     UNIT         ?PR?_FABS?FABS
            CODE    59D0H     000CH     UNIT         ?PR?KEYPAD_IO_INIT?KEYPAD
            CODE    59DCH     000CH     UNIT         ?PR?_ABS?ABS
            CODE    59E8H     000AH     UNIT         ?PR?LCD_RETURN_HOME?LCD_DRIVER_SPLC780D
            CODE    59F2H     000AH     UNIT         ?PR?LCD_CLEAR?LCD_DRIVER_SPLC780D
            CODE    59FCH     0009H     UNIT         ?PR?TM1_ISR?MAIN
            CODE    5A05H     0009H     UNIT         ?PR?_SENDUART1?MAIN
            CODE    5A0EH     0009H     UNIT         ?PR?UART1_INITTCPCONN?UART1
            CODE    5A17H     0006H     UNIT         ?PR?UC_ACK?IOEXPANDER_PI4IOE5V96248
            CODE    5A1DH     0006H     UNIT         ?PR?_TEN?UART1
            CODE    5A23H     0001H     UNIT         ?PR?NOP?IOEXPANDER_PI4IOE5V96248
            CODE    5A24H     0001H     UNIT         ?PR?_DECTOBCD?UART1



OVERLAY MAP OF MODULE:   .\Obj\GPIO_RTC_Test (MAIN)


SEGMENT                                             BIT_GROUP          XDATA_GROUP
  +--> CALLED SEGMENT                            START    LENGTH     START    LENGTH
------------------------------------------------------------------------------------
?PR?EXINT0?MAIN                                  -----    -----      -----    -----
  +--> ?PR?_POW?POW

?PR?_POW?POW                                     -----    -----      06B3H    000AH
  +--> ?PR?LOG?LOG
  +--> ?PR?EXP?EXP

?PR?LOG?LOG                                      0022H.1  0000H.1    06BDH    0004H

*** NEW ROOT ***************************************************

?C_C51STARTUP                                    -----    -----      -----    -----
  +--> ?PR?MAIN?MAIN
  +--> ?C_INITSEG

?PR?MAIN?MAIN                                    -----    -----      06C1H    002EH
  +--> ?PR?LCD_INIT?LCD_DRIVER_SPLC780D
  +--> ?PR?SPI_INIT?PCF85063BTL
  +--> ?PR?KEYPAD_IO_INIT?KEYPAD
  +--> ?PR?ADC_INIT?ADC
  +--> ?PR?SI1120_CONFIG_MODE_VIRH?SI1120
  +--> ?PR?ENABLE_EXTINT0?SI1120
  +--> ?PR?VSETLOCATION?BIPOLARMOTOR
  +--> ?PR?_SPI_WRITETIME?PCF85063BTL
BL51 BANKED LINKER/LOCATER V6.22                                                      08/26/2019  15:42:05  PAGE 6


  +--> ?PR?_DELAY_MS?KEYPAD
  +--> ?PR?_DISPLAY_LINE?LCD_DRIVER_SPLC780D
  +--> ?PR?_WRITEDATA?LCD_DRIVER_SPLC780D
  +--> ?PR?INITUART1?UART1
  +--> ?PR?UART1_INITTCPCONN?UART1
  +--> ?CO?MAIN
  +--> ?PR?_UART1_SENDTOTCPSERVER?UART1
  +--> ?PR?_READ_TIME?PCF85063BTL
  +--> ?PR?_BCDTODEC1?BIPOLARMOTOR
  +--> ?PR?_SENDSTRING?UART1
  +--> ?PR?AT25SF041_WRITEENABLE?AT25SF041
  +--> ?PR?AT25SF041_CHIPERASE?AT25SF041
  +--> ?PR?_WAIT_MS_SPINOR?AT25SF041
  +--> ?PR?_AT25SF041_WRITE?AT25SF041
  +--> ?PR?_ABS?ABS
  +--> ?PR?_FABS?FABS

?PR?LCD_INIT?LCD_DRIVER_SPLC780D                 -----    -----      -----    -----
  +--> ?PR?_WAIT_MS?LCD_DRIVER_SPLC780D
  +--> ?PR?_COMMAND?LCD_DRIVER_SPLC780D

?PR?_COMMAND?LCD_DRIVER_SPLC780D                 -----    -----      -----    -----
  +--> ?PR?_WAIT_MS?LCD_DRIVER_SPLC780D

?PR?SI1120_CONFIG_MODE_VIRH?SI1120               -----    -----      -----    -----
  +--> ?PR?_WAIT_MS?LCD_DRIVER_SPLC780D

?PR?_SPI_WRITETIME?PCF85063BTL                   -----    -----      -----    -----
  +--> ?PR?_SPI_SENDBYTE?PCF85063BTL

?PR?_SPI_SENDBYTE?PCF85063BTL                    -----    -----      -----    -----
  +--> ?PR?_PCF85063BTL_DELAY?PCF85063BTL

?PR?_DISPLAY_LINE?LCD_DRIVER_SPLC780D            -----    -----      -----    -----
  +--> ?PR?_COMMAND?LCD_DRIVER_SPLC780D

?PR?_WRITEDATA?LCD_DRIVER_SPLC780D               -----    -----      06EFH    0001H
  +--> ?PR?_WAIT_MS?LCD_DRIVER_SPLC780D

?PR?UART1_INITTCPCONN?UART1                      -----    -----      -----    -----
  +--> ?CO?UART1
  +--> ?PR?_SENDSTRING?UART1

?PR?_SENDSTRING?UART1                            -----    -----      06F2H    0003H
  +--> ?PR?_SENDUART1?MAIN

?PR?_UART1_SENDTOTCPSERVER?UART1                 -----    -----      06EFH    0003H
  +--> ?CO?UART1
  +--> ?PR?_SENDSTRING?UART1
  +--> ?PR?_DELAY_MS?KEYPAD

?PR?_READ_TIME?PCF85063BTL                       -----    -----      06EFH    000FH
  +--> ?PR?_SPI_READTIME?PCF85063BTL

?PR?_SPI_READTIME?PCF85063BTL                    -----    -----      -----    -----
  +--> ?PR?_SPI_SENDBYTE?PCF85063BTL
  +--> ?PR?SPI_RECEIVEBYTE?PCF85063BTL
BL51 BANKED LINKER/LOCATER V6.22                                                      08/26/2019  15:42:05  PAGE 7



?PR?SPI_RECEIVEBYTE?PCF85063BTL                  -----    -----      -----    -----
  +--> ?PR?_PCF85063BTL_DELAY?PCF85063BTL

?PR?AT25SF041_WRITEENABLE?AT25SF041              -----    -----      06EFH    0002H
  +--> ?PR?_WAIT_MS_SPINOR?AT25SF041
  +--> ?PR?UCREAD_STATUS_REGISTER_BYTE1?AT25...

?PR?UCREAD_STATUS_REGISTER_BYTE1?AT25...         -----    -----      06F7H    0003H
  +--> ?PR?_WAIT_MS_SPINOR?AT25SF041

?PR?AT25SF041_CHIPERASE?AT25SF041                -----    -----      06EFH    0002H
  +--> ?PR?_WAIT_MS_SPINOR?AT25SF041
  +--> ?PR?UCREAD_STATUS_REGISTER_BYTE1?AT25...

?PR?_AT25SF041_WRITE?AT25SF041                   -----    -----      06EFH    0008H
  +--> ?PR?_WAIT_MS_SPINOR?AT25SF041
  +--> ?PR?UCREAD_STATUS_REGISTER_BYTE1?AT25...



SYMBOL TABLE OF MODULE:  .\Obj\GPIO_RTC_Test (MAIN)

  VALUE           TYPE          NAME
  ----------------------------------

  -------         MODULE        MAIN
  C:0000H         SYMBOL        _ICE_DUMMY_
  X:03C4H         PUBLIC        calib_value
  D:0080H         PUBLIC        P0
  D:0090H         PUBLIC        P1
  D:00A0H         PUBLIC        P2
  D:00B0H         PUBLIC        P3
  D:00C0H         PUBLIC        P4
  D:00C8H         PUBLIC        P5
  X:0418H         SYMBOL        PressedKey
  B:00A8H.7       PUBLIC        EA
  D:00E8H         PUBLIC        P6
  X:041CH         PUBLIC        calib_stamp
  D:00F8H         PUBLIC        P7
  X:041DH         PUBLIC        sTempString
  X:0426H         PUBLIC        calib_bool
  X:0450H         PUBLIC        pwm_time_min
  D:00A8H         PUBLIC        IE
  X:0454H         PUBLIC        calib_time
  X:04A8H         PUBLIC        pwm_time_max
  D:00B8H         PUBLIC        IP
  X:04ACH         PUBLIC        val_to_store
  B:0098H.0       PUBLIC        RI
  B:00B0H.2       PUBLIC        INT0
  X:0500H         PUBLIC        months
  B:0098H.1       PUBLIC        TI
  C:000EH         PUBLIC        Uart
  D:00D8H         PUBLIC        CCON
  C:1A84H         PUBLIC        main
  X:0501H         PUBLIC        found_1st_point
  X:0503H         PUBLIC        i_point1
BL51 BANKED LINKER/LOCATER V6.22                                                      08/26/2019  15:42:05  PAGE 8


  X:0505H         PUBLIC        i_point2
  X:0507H         PUBLIC        count
  D:0099H         PUBLIC        SBUF
  X:0509H         PUBLIC        days
  X:050AH         PUBLIC        hours
  D:0098H         PUBLIC        SCON
  D:0089H         PUBLIC        TMOD
  D:0088H         PUBLIC        TCON
  X:050BH         SYMBOL        KeyCount
  X:050DH         PUBLIC        mins
  B:00C8H.5       PUBLIC        P55
  X:050EH         PUBLIC        diff_of_offset
  D:008EH         PUBLIC        AUXR
  C:57CCH         PUBLIC        tm0_isr
  B:0090H.5       PUBLIC        SI1120_STX
  C:59FCH         PUBLIC        tm1_isr
  B:0021H.3       PUBLIC        busy
  D:00E0H         PUBLIC        ACC
  B:00A8H.1       PUBLIC        ET0
  B:00A8H.3       PUBLIC        ET1
  X:0512H         PUBLIC        SPI_NOR_INTERNAL_FLASH_ADDR
  D:008CH         PUBLIC        TH0
  D:008DH         PUBLIC        TH1
  D:008AH         PUBLIC        TL0
  D:008BH         PUBLIC        TL1
  X:0516H         PUBLIC        ii
  X:0518H         PUBLIC        jj
  B:0088H.4       PUBLIC        TR0
  B:0088H.6       PUBLIC        TR1
  X:051AH         PUBLIC        old_mins
  C:4995H         PUBLIC        exint0
  X:051BH         SYMBOL        KeyNum
  X:051CH         SYMBOL        KeyNum_Old
  X:051DH         PUBLIC        timer0_count
  X:051FH         PUBLIC        current_position
  X:0523H         PUBLIC        pwm_time
  X:0527H         PUBLIC        i
  X:0529H         PUBLIC        j
  X:052BH         PUBLIC        start_timer0_count
  X:052CH         PUBLIC        seconds
  D:00D0H         PUBLIC        PSW
  C:5A05H         PUBLIC        _SendUART1
  -------         PROC          TM0_ISR
  C:57CCH         LINE#         108
  C:57D2H         LINE#         112
  C:57D5H         LINE#         113
  C:57D8H         LINE#         114
  C:57E6H         LINE#         115
  -------         ENDPROC       TM0_ISR
  -------         PROC          TM1_ISR
  C:59FCH         LINE#         116
  C:59FCH         LINE#         118
  C:59FEH         LINE#         120
  C:5A01H         LINE#         121
  C:5A04H         LINE#         122
  -------         ENDPROC       TM1_ISR
  -------         PROC          EXINT0
BL51 BANKED LINKER/LOCATER V6.22                                                      08/26/2019  15:42:05  PAGE 9


  C:4995H         LINE#         123
  C:49B2H         LINE#         127
  C:49B5H         LINE#         128
  C:49B5H         LINE#         129
  C:49B8H         LINE#         130
  C:49BBH         LINE#         131
  C:49BDH         LINE#         132
  C:49BFH         LINE#         136
  C:49C2H         LINE#         139
  C:49C2H         LINE#         140
  C:49C4H         LINE#         142
  C:49D0H         LINE#         143
  C:4A2AH         LINE#         144
  C:4A68H         LINE#         145
  C:4A6FH         LINE#         150
  C:4A6FH         LINE#         152
  -------         ENDPROC       EXINT0
  -------         PROC          MAIN
  -------         DO            
  X:03BCH         SYMBOL        KeyCount
  X:03BEH         SYMBOL        KeyNum_Old
  X:03BFH         SYMBOL        KeyNum
  X:03C0H         SYMBOL        PressedKey
  X:06C1H         SYMBOL        prox_flag
  X:06C2H         SYMBOL        iUse_prevday_calib_value
  X:06C4H         SYMBOL        max_ADC_Val_JP
  X:06C6H         SYMBOL        max_ADC_Val
  X:06C8H         SYMBOL        calib_point1
  X:06D0H         SYMBOL        calib_point2
  X:06D8H         SYMBOL        dat_to_store
  X:06E3H         SYMBOL        calib_day
  X:06E5H         SYMBOL        calib_count
  X:06E7H         SYMBOL        theorical_JP_max_pos
  X:06EBH         SYMBOL        elevation
  -------         ENDDO         
  C:1A84H         LINE#         154
  C:1A84H         LINE#         155
  C:1A84H         LINE#         160
  C:1A8AH         LINE#         161
  C:1A8FH         LINE#         163
  C:1A97H         LINE#         167
  C:1A9DH         LINE#         168
  C:1AA7H         LINE#         179
  C:1AAFH         LINE#         180
  C:1AB6H         LINE#         181
  C:1ABCH         LINE#         183
  C:1AC2H         LINE#         195
  C:1AC5H         LINE#         196
  C:1AC8H         LINE#         197
  C:1ACBH         LINE#         199
  C:1ACEH         LINE#         202
  C:1AD1H         LINE#         203
  C:1AD4H         LINE#         205
  C:1AD7H         LINE#         207
  C:1ADAH         LINE#         208
  C:1ADDH         LINE#         209
  C:1AE0H         LINE#         210
BL51 BANKED LINKER/LOCATER V6.22                                                      08/26/2019  15:42:05  PAGE 10


  C:1AE2H         LINE#         211
  C:1AE4H         LINE#         212
  C:1AE7H         LINE#         213
  C:1AE9H         LINE#         214
  C:1AEBH         LINE#         216
  C:1AEDH         LINE#         217
  C:1AF4H         LINE#         218
  C:1AFBH         LINE#         219
  C:1B02H         LINE#         220
  C:1B09H         LINE#         224
  C:1B10H         LINE#         225
  C:1B15H         LINE#         226
  C:1B1AH         LINE#         227
  C:1B1FH         LINE#         228
  C:1B24H         LINE#         229
  C:1B29H         LINE#         232
  C:1B30H         LINE#         233
  C:1B30H         LINE#         234
  C:1B53H         LINE#         235
  C:1B9DH         LINE#         236
  C:1BB2H         LINE#         237
  C:1BCFH         LINE#         238
  C:1BD2H         LINE#         241
  C:1BD9H         LINE#         244
  C:1BDCH         LINE#         246
  C:1BE3H         LINE#         247
  C:1BECH         LINE#         255
  C:1BF4H         LINE#         256
  C:1C2FH         LINE#         257
  C:1C4DH         LINE#         258
  C:1C4DH         LINE#         260
  C:1C56H         LINE#         261
  C:1C5DH         LINE#         262
  C:1C66H         LINE#         263
  C:1C6DH         LINE#         265
  C:1C6DH         LINE#         266
  C:1C70H         LINE#         268
  C:1C73H         LINE#         269
  C:1C7AH         LINE#         271
  C:1C81H         LINE#         272
  C:1C81H         LINE#         273
  C:1C88H         LINE#         274
  C:1C8BH         LINE#         276
  C:1CC5H         LINE#         277
  C:1CDBH         LINE#         279
  C:1CF4H         LINE#         281
  C:1CFBH         LINE#         282
  C:1D02H         LINE#         283
  C:1D05H         LINE#         285
  C:1D5AH         LINE#         286
  C:1D61H         LINE#         288
  C:1D68H         LINE#         289
  C:1D6BH         LINE#         291
  C:1E17H         LINE#         292
  C:1E1EH         LINE#         293
  C:1E40H         LINE#         299
  C:1E42H         LINE#         301
BL51 BANKED LINKER/LOCATER V6.22                                                      08/26/2019  15:42:05  PAGE 11


  C:1E51H         LINE#         302
  C:1E51H         LINE#         304
  C:1E54H         LINE#         306
  C:1E57H         LINE#         307
  C:1E5EH         LINE#         309
  C:1E7AH         LINE#         310
  C:1E7AH         LINE#         311
  C:1E97H         LINE#         312
  C:1E97H         LINE#         313
  C:1E9DH         LINE#         314
  C:1EA0H         LINE#         317
  C:1ED5H         LINE#         318
  C:1EDCH         LINE#         319
  C:1EDFH         LINE#         321
  C:1F19H         LINE#         322
  C:1F2FH         LINE#         324
  C:1F48H         LINE#         326
  C:1F4FH         LINE#         327
  C:1F56H         LINE#         328
  C:1F59H         LINE#         331
  C:1FAEH         LINE#         333
  C:1FB5H         LINE#         335
  C:1FBCH         LINE#         336
  C:1FBFH         LINE#         339
  C:206BH         LINE#         341
  C:2072H         LINE#         342
  C:2072H         LINE#         343
  C:2083H         LINE#         345
  C:2083H         LINE#         352
  C:208BH         LINE#         353
  C:2092H         LINE#         355
  C:2098H         LINE#         356
  C:2098H         LINE#         357
  C:20BBH         LINE#         358
  C:20D0H         LINE#         360
  C:20EAH         LINE#         362
  -------         ENDPROC       MAIN
  -------         PROC          UART
  C:000EH         LINE#         377
  C:000EH         LINE#         379
  C:0011H         LINE#         380
  C:0011H         LINE#         381
  C:0013H         LINE#         383
  C:0013H         LINE#         384
  C:0016H         LINE#         385
  C:0016H         LINE#         386
  C:0018H         LINE#         387
  C:001AH         LINE#         388
  C:001AH         LINE#         389
  -------         ENDPROC       UART
  -------         PROC          _SENDUART1
  D:0007H         SYMBOL        dat
  C:5A05H         LINE#         391
  C:5A05H         LINE#         392
  C:5A05H         LINE#         393
  C:5A08H         LINE#         394
  C:5A0AH         LINE#         395
BL51 BANKED LINKER/LOCATER V6.22                                                      08/26/2019  15:42:05  PAGE 12


  C:5A0BH         LINE#         396
  C:5A0DH         LINE#         397
  -------         ENDPROC       _SENDUART1
  -------         ENDMOD        MAIN

  -------         MODULE        PCF85063BTL
  C:0000H         SYMBOL        _ICE_DUMMY_
  D:0096H         PUBLIC        P2M0
  D:0080H         PUBLIC        P0
  D:0095H         PUBLIC        P2M1
  D:0090H         PUBLIC        P1
  D:00A0H         PUBLIC        P2
  D:00B0H         PUBLIC        P3
  D:00C0H         PUBLIC        P4
  D:00C8H         PUBLIC        P5
  D:00E8H         PUBLIC        P6
  B:00A0H.1       PUBLIC        PCF85063BTL_SDI
  D:00F8H         PUBLIC        P7
  B:00A0H.2       PUBLIC        PCF85063BTL_SCK
  B:00A0H.1       PUBLIC        PCF85063BTL_SDO
  D:00A8H         PUBLIC        IE
  C:52AFH         PUBLIC        _Read_time
  C:5927H         PUBLIC        _PCF85063BTL_Delay
  D:00B8H         PUBLIC        IP
  D:00D8H         PUBLIC        CCON
  C:513CH         PUBLIC        _Day_Of_Year
  C:580DH         PUBLIC        SPI_ReceiveByte
  D:0098H         PUBLIC        SCON
  D:0088H         PUBLIC        TCON
  C:595AH         PUBLIC        _BCDtoDec
  B:00A0H.0       PUBLIC        PCF85063BTL_CS
  C:5949H         PUBLIC        _SPI_ReadTime
  C:59A9H         PUBLIC        SPI_Init
  C:589DH         PUBLIC        _SPI_WriteTime
  C:57EDH         PUBLIC        _SPI_SendByte
  D:00D0H         PUBLIC        PSW
  C:5923H         SYMBOL        L?0048
  -------         PROC          L?0047
  -------         ENDPROC       L?0047
  C:5923H         SYMBOL        L?0048
  -------         PROC          _PCF85063BTL_DELAY
  D:0006H         SYMBOL        us
  C:5927H         LINE#         8
  C:5927H         LINE#         9
  C:5927H         LINE#         10
  C:5931H         LINE#         11
  C:5931H         LINE#         12
  C:5932H         LINE#         13
  C:5934H         LINE#         14
  -------         ENDPROC       _PCF85063BTL_DELAY
  -------         PROC          _SPI_SENDBYTE
  D:0005H         SYMBOL        dat
  -------         DO            
  D:0003H         SYMBOL        i
  -------         ENDDO         
  C:57EDH         LINE#         17
  C:57EFH         LINE#         18
BL51 BANKED LINKER/LOCATER V6.22                                                      08/26/2019  15:42:05  PAGE 13


  C:57EFH         LINE#         20
  C:57F1H         LINE#         21
  C:57F1H         LINE#         22
  C:57F3H         LINE#         23
  C:57F7H         LINE#         24
  C:57F7H         LINE#         25
  C:57F9H         LINE#         26
  C:57FBH         LINE#         28
  C:57FBH         LINE#         29
  C:57FDH         LINE#         30
  C:57FDH         LINE#         31
  C:5800H         LINE#         32
  C:5800H         LINE#         33
  C:5803H         LINE#         34
  C:5807H         LINE#         35
  C:580CH         LINE#         36
  -------         ENDPROC       _SPI_SENDBYTE
  -------         PROC          SPI_RECEIVEBYTE
  -------         DO            
  D:0003H         SYMBOL        i
  D:0005H         SYMBOL        dat
  -------         ENDDO         
  C:580DH         LINE#         39
  C:580DH         LINE#         40
  C:580DH         LINE#         42
  C:580FH         LINE#         44
  C:5811H         LINE#         45
  C:5812H         LINE#         46
  C:5812H         LINE#         47
  C:5816H         LINE#         48
  C:5818H         LINE#         49
  C:581BH         LINE#         51
  C:581EH         LINE#         52
  C:581EH         LINE#         53
  C:5822H         LINE#         54
  C:5822H         LINE#         55
  C:5822H         LINE#         56
  C:5825H         LINE#         57
  C:582AH         LINE#         58
  C:582CH         LINE#         59
  -------         ENDPROC       SPI_RECEIVEBYTE
  -------         PROC          _SPI_READTIME
  D:0007H         SYMBOL        addr
  -------         DO            
  D:0006H         SYMBOL        dat
  -------         ENDDO         
  C:5949H         LINE#         61
  C:5949H         LINE#         62
  C:5949H         LINE#         64
  C:594BH         LINE#         65
  C:594DH         LINE#         66
  C:5954H         LINE#         67
  C:5957H         LINE#         68
  C:5959H         LINE#         69
  C:5959H         LINE#         70
  -------         ENDPROC       _SPI_READTIME
  -------         PROC          _SPI_WRITETIME
BL51 BANKED LINKER/LOCATER V6.22                                                      08/26/2019  15:42:05  PAGE 14


  D:0002H         SYMBOL        val
  D:0005H         SYMBOL        addr
  C:589DH         LINE#         71
  C:589FH         LINE#         72
  C:589FH         LINE#         74
  C:58A1H         LINE#         75
  C:58A8H         LINE#         76
  C:58ADH         LINE#         77
  C:58B2H         LINE#         78
  C:58B4H         LINE#         79
  -------         ENDPROC       _SPI_WRITETIME
  -------         PROC          SPI_INIT
  C:59A9H         LINE#         83
  C:59A9H         LINE#         84
  C:59A9H         LINE#         89
  C:59ACH         LINE#         90
  C:59AFH         LINE#         91
  C:59B1H         LINE#         92
  C:59B3H         LINE#         93
  C:59B5H         LINE#         94
  -------         ENDPROC       SPI_INIT
  -------         PROC          _READ_TIME
  X:06EFH         SYMBOL        months
  X:06F2H         SYMBOL        days
  X:06F5H         SYMBOL        hours
  X:06F8H         SYMBOL        mins
  X:06FBH         SYMBOL        seconds
  C:52AFH         LINE#         96
  C:52BAH         LINE#         97
  C:52BAH         LINE#         99
  C:52CEH         LINE#         101
  C:52E2H         LINE#         103
  C:52F6H         LINE#         108
  C:530AH         LINE#         113
  -------         ENDPROC       _READ_TIME
  -------         PROC          _BCDTODEC
  D:0007H         SYMBOL        bcd
  -------         DO            
  D:0006H         SYMBOL        hi
  D:0007H         SYMBOL        lo
  -------         ENDDO         
  C:595AH         LINE#         119
  C:595AH         LINE#         120
  C:595AH         LINE#         122
  C:595FH         LINE#         123
  C:5963H         LINE#         124
  C:596AH         LINE#         125
  -------         ENDPROC       _BCDTODEC
  -------         PROC          _DAY_OF_YEAR
  D:0007H         SYMBOL        months_bcd
  D:0005H         SYMBOL        days_bcd
  -------         DO            
  D:0004H         SYMBOL        months
  D:0007H         SYMBOL        days
  -------         ENDDO         
  C:513CH         LINE#         126
  C:513CH         LINE#         127
BL51 BANKED LINKER/LOCATER V6.22                                                      08/26/2019  15:42:05  PAGE 15


  C:513CH         LINE#         130
  C:5141H         LINE#         132
  C:5146H         LINE#         134
  C:517FH         LINE#         135
  C:517FH         LINE#         136
  C:517FH         LINE#         137
  C:5182H         LINE#         138
  C:5182H         LINE#         139
  C:5182H         LINE#         140
  C:5187H         LINE#         141
  C:5187H         LINE#         142
  C:5187H         LINE#         143
  C:518CH         LINE#         144
  C:518CH         LINE#         145
  C:518CH         LINE#         146
  C:5191H         LINE#         147
  C:5191H         LINE#         148
  C:5191H         LINE#         149
  C:5196H         LINE#         150
  C:5196H         LINE#         151
  C:5196H         LINE#         152
  C:519BH         LINE#         153
  C:519BH         LINE#         154
  C:519BH         LINE#         155
  C:51A0H         LINE#         156
  C:51A0H         LINE#         157
  C:51A0H         LINE#         158
  C:51A5H         LINE#         159
  C:51A5H         LINE#         160
  C:51A5H         LINE#         161
  C:51ADH         LINE#         162
  C:51ADH         LINE#         163
  C:51ADH         LINE#         164
  C:51B2H         LINE#         165
  C:51B2H         LINE#         166
  C:51B2H         LINE#         167
  C:51B7H         LINE#         168
  C:51B7H         LINE#         169
  C:51B7H         LINE#         170
  C:51C0H         LINE#         171
  C:51C0H         LINE#         172
  C:51C0H         LINE#         173
  C:51C3H         LINE#         174
  C:51C3H         LINE#         175
  -------         ENDPROC       _DAY_OF_YEAR
  -------         ENDMOD        PCF85063BTL

  -------         MODULE        LCD_DRIVER_SPLC780D
  C:0000H         SYMBOL        _ICE_DUMMY_
  D:0092H         PUBLIC        P1M0
  D:0091H         PUBLIC        P1M1
  D:0080H         PUBLIC        P0
  D:0090H         PUBLIC        P1
  D:00A0H         PUBLIC        P2
  D:00B0H         PUBLIC        P3
  D:00C0H         PUBLIC        P4
  D:00C8H         PUBLIC        P5
BL51 BANKED LINKER/LOCATER V6.22                                                      08/26/2019  15:42:05  PAGE 16


  D:00E8H         PUBLIC        P6
  D:00F8H         PUBLIC        P7
  C:51C8H         PUBLIC        _WriteData
  D:00A8H         PUBLIC        IE
  D:00B8H         PUBLIC        IP
  D:00D8H         PUBLIC        CCON
  B:00B0H.4       PUBLIC        LCD_D4
  B:00B0H.5       PUBLIC        LCD_D5
  B:00B0H.6       PUBLIC        LCD_D6
  C:584BH         PUBLIC        _DisplayLCD
  B:00B0H.7       PUBLIC        LCD_D7
  D:0098H         PUBLIC        SCON
  D:0088H         PUBLIC        TCON
  C:59F2H         PUBLIC        LCD_clear
  C:54F4H         PUBLIC        _Command
  C:58E2H         PUBLIC        _Display_Line
  C:5378H         PUBLIC        LCD_Init
  C:578AH         PUBLIC        _Wait_ms
  B:00C0H.0       PUBLIC        LCD_RS
  B:0090H.3       PUBLIC        LCD_RW
  C:59E8H         PUBLIC        LCD_return_home
  C:43E3H         PUBLIC        _Display_Pos
  B:00B0H.3       PUBLIC        LCD_E
  D:00D0H         PUBLIC        PSW
  -------         PROC          LCD_INIT
  C:5378H         LINE#         9
  C:5378H         LINE#         10
  C:5378H         LINE#         11
  C:537BH         LINE#         12
  C:537EH         LINE#         14
  C:5384H         LINE#         15
  C:5389H         LINE#         17
  C:5390H         LINE#         18
  C:5395H         LINE#         20
  C:5398H         LINE#         21
  C:539DH         LINE#         23
  C:53A0H         LINE#         24
  C:53A5H         LINE#         26
  C:53ACH         LINE#         29
  C:53B1H         LINE#         30
  C:53B6H         LINE#         32
  C:53BBH         LINE#         33
  C:53C0H         LINE#         35
  C:53C5H         LINE#         36
  C:53CAH         LINE#         37
  -------         ENDPROC       LCD_INIT
  C:51C4H         SYMBOL        L?0035
  -------         PROC          L?0034
  -------         ENDPROC       L?0034
  C:51C4H         SYMBOL        L?0035
  -------         PROC          _WRITEDATA
  X:06EFH         SYMBOL        dat
  C:51C8H         LINE#         40
  C:51CDH         LINE#         41
  C:51CDH         LINE#         46
  C:51CFH         LINE#         47
  C:51D1H         LINE#         49
BL51 BANKED LINKER/LOCATER V6.22                                                      08/26/2019  15:42:05  PAGE 17


  C:51DFH         LINE#         50
  C:51EBH         LINE#         51
  C:51F7H         LINE#         52
  C:5201H         LINE#         53
  C:5203H         LINE#         54
  C:520AH         LINE#         55
  C:520CH         LINE#         57
  C:521CH         LINE#         58
  C:5227H         LINE#         59
  C:5231H         LINE#         60
  C:5235H         LINE#         62
  C:5235H         LINE#         63
  C:5238H         LINE#         64
  C:523AH         LINE#         65
  C:523CH         LINE#         67
  -------         ENDPROC       _WRITEDATA
  -------         PROC          _COMMAND
  D:0007H         SYMBOL        dat
  C:54F4H         LINE#         69
  C:54F4H         LINE#         70
  C:54F4H         LINE#         71
  C:54F6H         LINE#         72
  C:54F8H         LINE#         74
  C:5502H         LINE#         75
  C:5506H         LINE#         77
  C:5508H         LINE#         78
  C:5511H         LINE#         79
  C:5515H         LINE#         81
  C:5517H         LINE#         82
  C:551EH         LINE#         83
  C:5522H         LINE#         85
  C:5524H         LINE#         86
  C:5528H         LINE#         87
  C:552CH         LINE#         89
  C:552EH         LINE#         90
  C:552EH         LINE#         91
  C:5531H         LINE#         92
  C:5533H         LINE#         93
  -------         ENDPROC       _COMMAND
  C:5786H         SYMBOL        L?0037
  -------         PROC          L?0036
  -------         ENDPROC       L?0036
  C:5786H         SYMBOL        L?0037
  -------         PROC          _WAIT_MS
  D:0006H         SYMBOL        ms
  -------         DO            
  D:0004H         SYMBOL        De_Cnt
  -------         ENDDO         
  C:578AH         LINE#         95
  C:578AH         LINE#         96
  C:578AH         LINE#         98
  C:5794H         LINE#         99
  C:5794H         LINE#         100
  C:57A7H         LINE#         101
  C:57A7H         LINE#         102
  -------         ENDPROC       _WAIT_MS
  -------         PROC          _DISPLAYLCD
BL51 BANKED LINKER/LOCATER V6.22                                                      08/26/2019  15:42:05  PAGE 18


  D:0007H         SYMBOL        BCD
  -------         DO            
  D:0006H         SYMBOL        first_digit
  X:0814H         SYMBOL        second_digit
  -------         ENDDO         
  C:584BH         LINE#         103
  C:584BH         LINE#         104
  C:584BH         LINE#         106
  C:5852H         LINE#         107
  C:585BH         LINE#         109
  C:5860H         LINE#         111
  -------         ENDPROC       _DISPLAYLCD
  -------         PROC          LCD_RETURN_HOME
  C:59E8H         LINE#         115
  C:59E8H         LINE#         116
  C:59E8H         LINE#         117
  C:59EDH         LINE#         118
  -------         ENDPROC       LCD_RETURN_HOME
  -------         PROC          LCD_CLEAR
  C:59F2H         LINE#         121
  C:59F2H         LINE#         122
  C:59F2H         LINE#         123
  C:59F7H         LINE#         124
  -------         ENDPROC       LCD_CLEAR
  -------         PROC          _DISPLAY_LINE
  D:0006H         SYMBOL        line
  C:58E2H         LINE#         128
  C:58E2H         LINE#         129
  C:58E2H         LINE#         130
  C:58E8H         LINE#         131
  C:58E8H         LINE#         132
  C:58EAH         LINE#         133
  C:58EAH         LINE#         134
  C:58ECH         LINE#         136
  C:58ECH         LINE#         137
  C:58F1H         LINE#         138
  C:58F6H         LINE#         139
  C:58F6H         LINE#         140
  -------         ENDPROC       _DISPLAY_LINE
  -------         PROC          _DISPLAY_POS
  X:07CBH         SYMBOL        sign_dat
  -------         DO            
  X:07CFH         SYMBOL        unit
  X:07D0H         SYMBOL        ten
  X:07D1H         SYMBOL        hundred
  X:07D2H         SYMBOL        thousand
  X:07D3H         SYMBOL        after_dot
  X:07D4H         SYMBOL        dat
  -------         ENDDO         
  C:43E3H         LINE#         142
  C:43E9H         LINE#         143
  C:43E9H         LINE#         147
  C:4405H         LINE#         148
  C:441FH         LINE#         149
  C:4443H         LINE#         151
  C:448DH         LINE#         153
  C:44A4H         LINE#         154
BL51 BANKED LINKER/LOCATER V6.22                                                      08/26/2019  15:42:05  PAGE 19


  C:44B6H         LINE#         155
  C:44DBH         LINE#         156
  C:44F5H         LINE#         157
  C:450DH         LINE#         158
  C:450DH         LINE#         159
  C:450DH         LINE#         160
  C:450DH         LINE#         161
  C:450DH         LINE#         162
  C:450DH         LINE#         163
  C:450DH         LINE#         164
  C:450DH         LINE#         168
  C:450FH         LINE#         170
  C:450FH         LINE#         172
  C:4514H         LINE#         173
  C:451AH         LINE#         174
  C:4520H         LINE#         175
  C:4526H         LINE#         176
  C:452CH         LINE#         177
  C:4531H         LINE#         178
  C:4537H         LINE#         182
  C:4537H         LINE#         184
  -------         ENDPROC       _DISPLAY_POS
  -------         ENDMOD        LCD_DRIVER_SPLC780D

  -------         MODULE        KEYPAD
  C:0000H         SYMBOL        _ICE_DUMMY_
  D:0093H         PUBLIC        P0M1
  D:0080H         PUBLIC        P0
  D:0090H         PUBLIC        P1
  D:00A0H         PUBLIC        P2
  D:00B0H         PUBLIC        P3
  D:00C0H         PUBLIC        P4
  D:00C8H         PUBLIC        P5
  D:00E8H         PUBLIC        P6
  D:00F8H         PUBLIC        P7
  D:00A8H         PUBLIC        IE
  C:3DDFH         PUBLIC        Key_Scan
  D:00B8H         PUBLIC        IP
  D:00D8H         PUBLIC        CCON
  C:59D0H         PUBLIC        KeyPad_IO_Init
  C:582DH         PUBLIC        _Delay_ms
  D:0098H         PUBLIC        SCON
  D:0088H         PUBLIC        TCON
  X:0787H         PUBLIC        small_move
  X:0789H         PUBLIC        move
  X:078BH         PUBLIC        auto_mode
  X:078DH         PUBLIC        direction
  X:078FH         PUBLIC        SPI_NOR_ClearEnable
  C:350CH         PUBLIC        Key_Process
  D:00D0H         PUBLIC        PSW
  D:0094H         PUBLIC        P0M0
  -------         PROC          _DELAY_MS
  D:0006H         SYMBOL        ms
  -------         DO            
  D:0004H         SYMBOL        De_Cnt
  -------         ENDDO         
  C:582DH         LINE#         20
BL51 BANKED LINKER/LOCATER V6.22                                                      08/26/2019  15:42:05  PAGE 20


  C:582DH         LINE#         21
  C:582DH         LINE#         23
  C:5837H         LINE#         24
  C:5837H         LINE#         25
  C:584AH         LINE#         26
  C:584AH         LINE#         27
  -------         ENDPROC       _DELAY_MS
  -------         PROC          KEY_SCAN
  -------         DO            
  X:080EH         SYMBOL        KeyTemp1
  X:080FH         SYMBOL        KeyTemp2
  X:0810H         SYMBOL        KeyValue
  -------         ENDDO         
  C:3DDFH         LINE#         28
  C:3DDFH         LINE#         29
  C:3DDFH         LINE#         34
  C:3DE2H         LINE#         37
  C:3DE5H         LINE#         39
  C:3DEDH         LINE#         40
  C:3DF4H         LINE#         41
  C:3DF4H         LINE#         43
  C:3DF9H         LINE#         44
  C:3E00H         LINE#         45
  C:3E00H         LINE#         48
  C:3E03H         LINE#         49
  C:3E06H         LINE#         50
  C:3E0BH         LINE#         51
  C:3E0FH         LINE#         52
  C:3E0FH         LINE#         53
  C:3E17H         LINE#         54
  C:3E17H         LINE#         55
  C:3E1AH         LINE#         56
  C:3E22H         LINE#         57
  C:3E24H         LINE#         59
  C:3E38H         LINE#         60
  C:3E38H         LINE#         61
  C:3E38H         LINE#         62
  C:3E38H         LINE#         63
  C:3E3EH         LINE#         65
  C:3E40H         LINE#         66
  C:3E40H         LINE#         67
  C:3E40H         LINE#         68
  C:3E46H         LINE#         70
  C:3E48H         LINE#         71
  C:3E48H         LINE#         72
  C:3E48H         LINE#         73
  C:3E4EH         LINE#         75
  C:3E50H         LINE#         76
  C:3E50H         LINE#         77
  C:3E50H         LINE#         78
  C:3E56H         LINE#         80
  C:3E56H         LINE#         81
  C:3E56H         LINE#         82
  C:3E56H         LINE#         85
  C:3E59H         LINE#         86
  C:3E5CH         LINE#         87
  C:3E64H         LINE#         88
BL51 BANKED LINKER/LOCATER V6.22                                                      08/26/2019  15:42:05  PAGE 21


  C:3E68H         LINE#         89
  C:3E68H         LINE#         90
  C:3E70H         LINE#         91
  C:3E70H         LINE#         92
  C:3E73H         LINE#         93
  C:3E7BH         LINE#         94
  C:3E7DH         LINE#         95
  C:3E91H         LINE#         96
  C:3E91H         LINE#         97
  C:3E91H         LINE#         98
  C:3E91H         LINE#         99
  C:3E97H         LINE#         101
  C:3E99H         LINE#         102
  C:3E99H         LINE#         103
  C:3E99H         LINE#         104
  C:3E9FH         LINE#         106
  C:3EA1H         LINE#         107
  C:3EA1H         LINE#         108
  C:3EA1H         LINE#         109
  C:3EA7H         LINE#         111
  C:3EA9H         LINE#         112
  C:3EA9H         LINE#         113
  C:3EA9H         LINE#         114
  C:3EAEH         LINE#         116
  C:3EAEH         LINE#         117
  C:3EAEH         LINE#         118
  C:3EAEH         LINE#         121
  C:3EB1H         LINE#         122
  C:3EB4H         LINE#         123
  C:3EBCH         LINE#         124
  C:3EC0H         LINE#         125
  C:3EC0H         LINE#         126
  C:3EC8H         LINE#         127
  C:3EC8H         LINE#         128
  C:3ECBH         LINE#         129
  C:3ED3H         LINE#         130
  C:3ED5H         LINE#         131
  C:3EE9H         LINE#         132
  C:3EE9H         LINE#         133
  C:3EE9H         LINE#         134
  C:3EE9H         LINE#         135
  C:3EEFH         LINE#         137
  C:3EF1H         LINE#         138
  C:3EF1H         LINE#         139
  C:3EF1H         LINE#         140
  C:3EF7H         LINE#         142
  C:3EF9H         LINE#         143
  C:3EF9H         LINE#         144
  C:3EF9H         LINE#         145
  C:3EFFH         LINE#         147
  C:3F01H         LINE#         148
  C:3F01H         LINE#         149
  C:3F01H         LINE#         150
  C:3F07H         LINE#         152
  C:3F07H         LINE#         153
  C:3F07H         LINE#         154
  C:3F07H         LINE#         158
BL51 BANKED LINKER/LOCATER V6.22                                                      08/26/2019  15:42:05  PAGE 22


  C:3F0AH         LINE#         159
  C:3F0DH         LINE#         160
  C:3F15H         LINE#         161
  C:3F19H         LINE#         162
  C:3F19H         LINE#         163
  C:3F21H         LINE#         164
  C:3F21H         LINE#         165
  C:3F24H         LINE#         166
  C:3F2CH         LINE#         167
  C:3F2EH         LINE#         168
  C:3F42H         LINE#         169
  C:3F42H         LINE#         170
  C:3F42H         LINE#         171
  C:3F42H         LINE#         172
  C:3F48H         LINE#         174
  C:3F4AH         LINE#         175
  C:3F4AH         LINE#         176
  C:3F4AH         LINE#         177
  C:3F50H         LINE#         179
  C:3F52H         LINE#         180
  C:3F52H         LINE#         181
  C:3F52H         LINE#         182
  C:3F58H         LINE#         184
  C:3F5AH         LINE#         185
  C:3F5AH         LINE#         186
  C:3F5AH         LINE#         187
  C:3F60H         LINE#         189
  C:3F60H         LINE#         190
  C:3F60H         LINE#         191
  C:3F60H         LINE#         193
  C:3F66H         LINE#         194
  C:3F66H         LINE#         196
  C:3F66H         LINE#         197
  C:3F69H         LINE#         198
  C:3F69H         LINE#         199
  C:3F69H         LINE#         201
  C:3F69H         LINE#         202
  C:3F6BH         LINE#         203
  C:3F6BH         LINE#         204
  -------         ENDPROC       KEY_SCAN
  -------         PROC          KEY_PROCESS
  -------         DO            
  X:0778H         SYMBOL        KeyCount
  X:0779H         SYMBOL        KeyNum_Old
  X:077BH         SYMBOL        KeyNum
  X:077DH         SYMBOL        PressedKey
  X:07E6H         SYMBOL        d
  D:0002H         SYMBOL        hours
  D:0006H         SYMBOL        mins
  X:07E8H         SYMBOL        months
  X:07EAH         SYMBOL        days
  -------         ENDDO         
  C:350CH         LINE#         205
  C:350CH         LINE#         206
  C:350CH         LINE#         210
  C:351BH         LINE#         211
  C:3528H         LINE#         213
BL51 BANKED LINKER/LOCATER V6.22                                                      08/26/2019  15:42:05  PAGE 23


  C:352CH         LINE#         214
  C:352CH         LINE#         215
  C:3532H         LINE#         217
  C:3532H         LINE#         218
  C:3549H         LINE#         219
  C:3549H         LINE#         220
  C:3553H         LINE#         221
  C:3559H         LINE#         223
  C:355FH         LINE#         225
  C:355FH         LINE#         226
  C:3576H         LINE#         227
  C:3576H         LINE#         228
  C:357BH         LINE#         230
  C:357BH         LINE#         231
  C:358BH         LINE#         232
  C:358BH         LINE#         233
  C:3591H         LINE#         235
  C:3591H         LINE#         236
  C:35A3H         LINE#         237
  C:35A3H         LINE#         238
  C:35ADH         LINE#         239
  C:35B5H         LINE#         241
  C:35BEH         LINE#         243
  C:35BEH         LINE#         252
  C:35DDH         LINE#         253
  C:35DDH         LINE#         254
  C:35FCH         LINE#         255
  C:3602H         LINE#         256
  C:360AH         LINE#         257
  C:360AH         LINE#         259
  C:360BH         LINE#         265
  C:3617H         LINE#         266
  C:3617H         LINE#         267
  C:3634H         LINE#         268
  C:364BH         LINE#         269
  C:3662H         LINE#         270
  C:3662H         LINE#         271
  C:3675H         LINE#         272
  C:3688H         LINE#         273
  C:3688H         LINE#         274
  C:3688H         LINE#         275
  C:368BH         LINE#         280
  C:369AH         LINE#         281
  C:369AH         LINE#         282
  C:36BDH         LINE#         283
  C:36DAH         LINE#         284
  C:36E3H         LINE#         285
  C:36E3H         LINE#         286
  C:36EAH         LINE#         287
  C:36EAH         LINE#         288
  C:36FBH         LINE#         289
  C:36FBH         LINE#         290
  C:370AH         LINE#         291
  C:370AH         LINE#         292
  C:370AH         LINE#         293
  C:370DH         LINE#         295
  C:370DH         LINE#         296
BL51 BANKED LINKER/LOCATER V6.22                                                      08/26/2019  15:42:05  PAGE 24


  C:3719H         LINE#         297
  C:3719H         LINE#         298
  C:372BH         LINE#         299
  C:372BH         LINE#         300
  C:373BH         LINE#         301
  C:373BH         LINE#         302
  C:373BH         LINE#         304
  C:373DH         LINE#         306
  C:373DH         LINE#         307
  C:374CH         LINE#         308
  C:374CH         LINE#         309
  C:375CH         LINE#         310
  C:375CH         LINE#         311
  C:375CH         LINE#         313
  C:375CH         LINE#         315
  C:375CH         LINE#         316
  C:375EH         LINE#         318
  C:375EH         LINE#         319
  C:3765H         LINE#         320
  C:3765H         LINE#         321
  C:3774H         LINE#         322
  C:3774H         LINE#         323
  C:3784H         LINE#         324
  C:3784H         LINE#         325
  C:3784H         LINE#         326
  C:3786H         LINE#         328
  C:3786H         LINE#         329
  C:3795H         LINE#         330
  C:3795H         LINE#         331
  C:37A8H         LINE#         332
  C:37BBH         LINE#         333
  C:37BBH         LINE#         334
  C:37BBH         LINE#         335
  C:37BBH         LINE#         336
  C:37C4H         LINE#         338
  C:37C4H         LINE#         340
  C:37FEH         LINE#         341
  C:37FEH         LINE#         342
  C:3805H         LINE#         343
  C:3805H         LINE#         344
  C:380FH         LINE#         345
  C:380FH         LINE#         346
  C:3812H         LINE#         347
  C:3817H         LINE#         348
  C:381CH         LINE#         349
  C:3821H         LINE#         350
  C:3826H         LINE#         351
  C:382BH         LINE#         352
  C:3830H         LINE#         353
  C:3835H         LINE#         354
  C:3835H         LINE#         355
  C:3835H         LINE#         357
  C:3853H         LINE#         358
  C:3853H         LINE#         359
  C:385AH         LINE#         360
  C:385AH         LINE#         361
  C:385FH         LINE#         362
BL51 BANKED LINKER/LOCATER V6.22                                                      08/26/2019  15:42:05  PAGE 25


  C:3868H         LINE#         363
  C:3887H         LINE#         364
  C:3887H         LINE#         365
  C:3897H         LINE#         367
  C:3897H         LINE#         371
  -------         ENDPROC       KEY_PROCESS
  -------         PROC          KEYPAD_IO_INIT
  C:59D0H         LINE#         374
  C:59D0H         LINE#         375
  C:59D0H         LINE#         376
  C:59D3H         LINE#         377
  C:59D6H         LINE#         378
  C:59D9H         LINE#         379
  C:59DBH         LINE#         380
  -------         ENDPROC       KEYPAD_IO_INIT
  -------         ENDMOD        KEYPAD

  -------         MODULE        BIPOLARMOTOR
  C:0000H         SYMBOL        _ICE_DUMMY_
  X:0000H         PUBLIC        UTC_time
  D:0080H         PUBLIC        P0
  D:0090H         PUBLIC        P1
  X:0004H         PUBLIC        RX_pos_test
  D:00A0H         PUBLIC        P2
  D:00B0H         PUBLIC        P3
  D:00C0H         PUBLIC        P4
  D:00C8H         PUBLIC        P5
  D:00E8H         PUBLIC        P6
  D:00F8H         PUBLIC        P7
  X:00A4H         PUBLIC        low_date_azimuth_mapping
  D:00A8H         PUBLIC        IE
  C:4B88H         PUBLIC        linear_interpolate
  X:00CCH         PUBLIC        declination
  C:56C1H         PUBLIC        _Move
  D:00B8H         PUBLIC        IP
  X:00D0H         PUBLIC        time_offset
  D:00D8H         PUBLIC        CCON
  X:00D4H         PUBLIC        previous_move_time
  X:00D5H         PUBLIC        time
  D:0098H         PUBLIC        SCON
  D:0088H         PUBLIC        TCON
  C:5534H         PUBLIC        _Step_move
  X:00E7H         PUBLIC        dat
  X:00EDH         PUBLIC        current_local_sun_time
  C:20EBH         PUBLIC        _Update_position
  C:3898H         PUBLIC        _elevation_calculation
  X:00F1H         PUBLIC        sunCoord
  C:541CH         PUBLIC        vOneStepMove
  X:00F4H         PUBLIC        elevation_stamp
  X:0130H         PUBLIC        date_azimuth_mapping
  X:0158H         PUBLIC        location
  X:0160H         PUBLIC        RX_pos
  C:58F7H         PUBLIC        vSetLocation
  C:5872H         PUBLIC        _BCDtoDec1
  X:03B8H         PUBLIC        degree
  C:271CH         PUBLIC        _TheoricalJP_Position
  D:00D0H         PUBLIC        PSW
BL51 BANKED LINKER/LOCATER V6.22                                                      08/26/2019  15:42:05  PAGE 26


  -------         PROC          VSETLOCATION
  C:58F7H         LINE#         44
  C:58F7H         LINE#         45
  C:58F7H         LINE#         46
  C:5901H         LINE#         47
  C:590BH         LINE#         48
  -------         ENDPROC       VSETLOCATION
  C:586EH         SYMBOL        L?0060
  -------         PROC          L?0059
  -------         ENDPROC       L?0059
  C:586EH         SYMBOL        L?0060
  -------         PROC          _BCDTODEC1
  D:0007H         SYMBOL        bcd
  -------         DO            
  D:0006H         SYMBOL        hi
  D:0007H         SYMBOL        lo
  -------         ENDDO         
  C:5872H         LINE#         49
  C:5872H         LINE#         50
  C:5872H         LINE#         52
  C:5877H         LINE#         53
  C:587BH         LINE#         54
  C:5882H         LINE#         55
  -------         ENDPROC       _BCDTODEC1
  -------         PROC          VONESTEPMOVE
  B:0021H.4       SYMBOL        bDir
  C:541CH         LINE#         59
  C:541CH         LINE#         60
  C:541CH         LINE#         62
  C:5422H         LINE#         63
  C:5422H         LINE#         64
  C:5425H         LINE#         65
  C:542EH         LINE#         66
  C:5435H         LINE#         67
  C:543AH         LINE#         68
  C:543AH         LINE#         69
  C:543AH         LINE#         71
  C:543CH         LINE#         74
  C:543CH         LINE#         75
  C:543FH         LINE#         76
  C:5448H         LINE#         77
  C:544FH         LINE#         78
  C:5455H         LINE#         79
  C:545EH         LINE#         80
  C:5465H         LINE#         81
  C:5465H         LINE#         85
  -------         ENDPROC       VONESTEPMOVE
  -------         PROC          _STEP_MOVE
  X:07F6H         SYMBOL        step
  B:0021H.5       SYMBOL        dir
  -------         DO            
  X:07F8H         SYMBOL        i
  -------         ENDDO         
  C:5534H         LINE#         87
  C:553CH         LINE#         88
  C:553CH         LINE#         90
  C:5541H         LINE#         93
BL51 BANKED LINKER/LOCATER V6.22                                                      08/26/2019  15:42:05  PAGE 27


  C:555CH         LINE#         94
  C:555CH         LINE#         95
  C:5563H         LINE#         97
  C:5573H         LINE#         99
  -------         ENDPROC       _STEP_MOVE
  -------         PROC          _MOVE
  X:07FAH         SYMBOL        distance
  B:0021H.6       SYMBOL        direction
  -------         DO            
  D:0006H         SYMBOL        step
  -------         ENDDO         
  C:56C1H         LINE#         101
  C:56C7H         LINE#         102
  C:56C7H         LINE#         106
  C:56E2H         LINE#         108
  -------         ENDPROC       _MOVE
  C:4B77H         SYMBOL        L?0058
  -------         PROC          L?0057
  -------         ENDPROC       L?0057
  C:4B77H         SYMBOL        L?0058
  -------         PROC          LINEAR_INTERPOLATE
  X:07A9H         SYMBOL        p1
  X:07B1H         SYMBOL        p2
  X:07B9H         SYMBOL        x
  -------         DO            
  D:0004H         SYMBOL        fx
  -------         ENDDO         
  C:4B88H         LINE#         141
  C:4B88H         LINE#         142
  C:4B88H         LINE#         145
  C:4C27H         LINE#         147
  C:4C27H         LINE#         148
  -------         ENDPROC       LINEAR_INTERPOLATE
  -------         PROC          _THEORICALJP_POSITION
  X:0657H         SYMBOL        azimuth
  X:065BH         SYMBOL        elevation
  -------         DO            
  X:065FH         SYMBOL        pos_interpolate_azimuth
  X:069BH         SYMBOL        JP_pos
  X:069FH         SYMBOL        i
  X:06A1H         SYMBOL        yy
  X:06A3H         SYMBOL        p1
  X:06ABH         SYMBOL        p2
  -------         ENDDO         
  C:271CH         LINE#         151
  C:2722H         LINE#         152
  C:2722H         LINE#         154
  C:272CH         LINE#         157
  C:2748H         LINE#         158
  C:2748H         LINE#         159
  C:27B8H         LINE#         160
  C:27B8H         LINE#         161
  C:27BFH         LINE#         162
  C:27BFH         LINE#         163
  C:27ECH         LINE#         164
  C:2807H         LINE#         166
  C:284EH         LINE#         167
BL51 BANKED LINKER/LOCATER V6.22                                                      08/26/2019  15:42:05  PAGE 28


  C:2882H         LINE#         169
  C:28C8H         LINE#         170
  C:28EDH         LINE#         172
  C:28EDH         LINE#         174
  C:2963H         LINE#         175
  C:2963H         LINE#         176
  C:296AH         LINE#         177
  C:296AH         LINE#         178
  C:2997H         LINE#         179
  C:29B2H         LINE#         181
  C:29F9H         LINE#         182
  C:2A2DH         LINE#         184
  C:2A73H         LINE#         185
  C:2A95H         LINE#         187
  C:2A95H         LINE#         188
  C:2AA9H         LINE#         191
  C:2AC5H         LINE#         192
  C:2AC5H         LINE#         193
  C:2B35H         LINE#         194
  C:2B35H         LINE#         195
  C:2B62H         LINE#         196
  C:2B7DH         LINE#         198
  C:2BAAH         LINE#         199
  C:2BC5H         LINE#         201
  C:2BF7H         LINE#         204
  C:2BF7H         LINE#         206
  C:2C08H         LINE#         207
  C:2C16H         LINE#         209
  -------         ENDPROC       _THEORICALJP_POSITION
  -------         PROC          _UPDATE_POSITION
  D:0001H         SYMBOL        mnths
  D:0002H         SYMBOL        dys
  X:0730H         SYMBOL        hurs
  X:0731H         SYMBOL        mns
  X:0732H         SYMBOL        sconds
  X:0733H         SYMBOL        currnt_pos
  X:0736H         SYMBOL        offset_calib
  -------         DO            
  X:073AH         SYMBOL        date
  X:073CH         SYMBOL        i
  X:073EH         SYMBOL        yy
  X:0740H         SYMBOL        desired_distance
  X:0744H         SYMBOL        distance
  X:0748H         SYMBOL        JP_pos
  X:074CH         SYMBOL        elevation
  X:0750H         SYMBOL        azimuth
  -------         ENDDO         
  C:20EBH         LINE#         212
  C:20F4H         LINE#         215
  C:20F4H         LINE#         216
  C:20FFH         LINE#         218
  C:211BH         LINE#         225
  C:2125H         LINE#         226
  C:2130H         LINE#         227
  C:213BH         LINE#         228
  C:2154H         LINE#         229
  C:2165H         LINE#         230
BL51 BANKED LINKER/LOCATER V6.22                                                      08/26/2019  15:42:05  PAGE 29


  C:2174H         LINE#         233
  C:2188H         LINE#         237
  C:21DAH         LINE#         238
  C:233EH         LINE#         239
  C:238EH         LINE#         242
  C:24B6H         LINE#         245
  C:2585H         LINE#         252
  C:25CCH         LINE#         253
  C:25CCH         LINE#         255
  C:25F7H         LINE#         256
  C:2626H         LINE#         258
  C:264BH         LINE#         259
  C:26A5H         LINE#         260
  C:26A5H         LINE#         261
  C:26BFH         LINE#         262
  C:26D1H         LINE#         263
  C:26E9H         LINE#         264
  C:26FFH         LINE#         266
  C:271BH         LINE#         267
  C:271BH         LINE#         268
  C:271BH         LINE#         271
  -------         ENDPROC       _UPDATE_POSITION
  -------         PROC          _ELEVATION_CALCULATION
  D:0007H         SYMBOL        mnths
  D:0005H         SYMBOL        dys
  X:07EEH         SYMBOL        hurs
  X:07EFH         SYMBOL        mns
  X:07F0H         SYMBOL        sconds
  C:3898H         LINE#         273
  C:389DH         LINE#         275
  C:389DH         LINE#         276
  C:38A7H         LINE#         277
  C:38B0H         LINE#         278
  C:38BBH         LINE#         279
  C:38D4H         LINE#         280
  C:38E8H         LINE#         281
  C:38FAH         LINE#         285
  C:394CH         LINE#         286
  C:3AB0H         LINE#         287
  C:3B00H         LINE#         289
  C:3C17H         LINE#         291
  -------         ENDPROC       _ELEVATION_CALCULATION
  -------         ENDMOD        BIPOLARMOTOR

  -------         MODULE        SUNPOS
  C:0000H         SYMBOL        _ICE_DUMMY_
  C:0BEEH         PUBLIC        sunpos
  -------         PROC          SUNPOS
  X:05FAH         SYMBOL        udtTime
  X:060CH         SYMBOL        udtLocation
  X:0614H         SYMBOL        udtSunCoordinates
  -------         DO            
  X:0617H         SYMBOL        dElapsedJulianDays
  X:061BH         SYMBOL        dDecimalHours
  X:061FH         SYMBOL        dEclipticLongitude
  X:0623H         SYMBOL        dEclipticObliquity
  X:0627H         SYMBOL        dRightAscension
BL51 BANKED LINKER/LOCATER V6.22                                                      08/26/2019  15:42:05  PAGE 30


  X:062BH         SYMBOL        dDeclination
  X:062FH         SYMBOL        dY
  X:0633H         SYMBOL        dX
  -------         DO            
  X:0637H         SYMBOL        dJulianDate
  X:063BH         SYMBOL        liAux1
  X:063FH         SYMBOL        liAux2
  X:0637H         SYMBOL        dMeanLongitude
  X:063BH         SYMBOL        dMeanAnomaly
  X:063FH         SYMBOL        dOmega
  X:0637H         SYMBOL        dSin_EclipticLongitude
  X:0637H         SYMBOL        dGreenwichMeanSiderealTime
  X:063BH         SYMBOL        dLocalMeanSiderealTime
  X:063FH         SYMBOL        dLatitudeInRadians
  X:0643H         SYMBOL        dHourAngle
  X:0647H         SYMBOL        dCos_Latitude
  X:064BH         SYMBOL        dSin_Latitude
  X:064FH         SYMBOL        dCos_HourAngle
  X:0653H         SYMBOL        dParallax
  -------         ENDDO         
  -------         DO            
  X:0637H         SYMBOL        dMeanLongitude
  X:063BH         SYMBOL        dMeanAnomaly
  X:063FH         SYMBOL        dOmega
  X:0637H         SYMBOL        dSin_EclipticLongitude
  X:0637H         SYMBOL        dGreenwichMeanSiderealTime
  X:063BH         SYMBOL        dLocalMeanSiderealTime
  X:063FH         SYMBOL        dLatitudeInRadians
  X:0643H         SYMBOL        dHourAngle
  X:0647H         SYMBOL        dCos_Latitude
  X:064BH         SYMBOL        dSin_Latitude
  X:064FH         SYMBOL        dCos_HourAngle
  X:0653H         SYMBOL        dParallax
  -------         ENDDO         
  -------         DO            
  X:0637H         SYMBOL        dSin_EclipticLongitude
  X:0637H         SYMBOL        dGreenwichMeanSiderealTime
  X:063BH         SYMBOL        dLocalMeanSiderealTime
  X:063FH         SYMBOL        dLatitudeInRadians
  X:0643H         SYMBOL        dHourAngle
  X:0647H         SYMBOL        dCos_Latitude
  X:064BH         SYMBOL        dSin_Latitude
  X:064FH         SYMBOL        dCos_HourAngle
  X:0653H         SYMBOL        dParallax
  -------         ENDDO         
  -------         DO            
  X:0637H         SYMBOL        dGreenwichMeanSiderealTime
  X:063BH         SYMBOL        dLocalMeanSiderealTime
  X:063FH         SYMBOL        dLatitudeInRadians
  X:0643H         SYMBOL        dHourAngle
  X:0647H         SYMBOL        dCos_Latitude
  X:064BH         SYMBOL        dSin_Latitude
  X:064FH         SYMBOL        dCos_HourAngle
  X:0653H         SYMBOL        dParallax
  -------         ENDDO         
  -------         ENDDO         
  C:0BEEH         LINE#         6
BL51 BANKED LINKER/LOCATER V6.22                                                      08/26/2019  15:42:05  PAGE 31


  C:0BEEH         LINE#         7
  C:0BEEH         LINE#         9
  C:0BEEH         LINE#         27
  C:0C38H         LINE#         30
  C:0C59H         LINE#         31
  C:0DA0H         LINE#         34
  C:0DECH         LINE#         36
  C:0E0BH         LINE#         37
  C:0E0BH         LINE#         42
  C:0E0BH         LINE#         46
  C:0E3DH         LINE#         47
  C:0E67H         LINE#         48
  C:0E91H         LINE#         49
  C:0F3EH         LINE#         52
  C:0F9FH         LINE#         54
  C:0F9FH         LINE#         59
  C:0F9FH         LINE#         61
  C:0FB6H         LINE#         62
  C:0FDEH         LINE#         63
  C:0FF5H         LINE#         64
  C:1020H         LINE#         65
  C:1057H         LINE#         66
  C:1082H         LINE#         67
  C:1082H         LINE#         70
  C:1082H         LINE#         79
  C:10BDH         LINE#         82
  C:10F7H         LINE#         84
  C:111CH         LINE#         85
  C:113BH         LINE#         86
  C:1152H         LINE#         87
  C:1169H         LINE#         88
  C:1180H         LINE#         89
  C:1209H         LINE#         91
  C:1223H         LINE#         92
  C:1285H         LINE#         93
  C:12BBH         LINE#         94
  C:12CDH         LINE#         95
  C:12FAH         LINE#         96
  C:1327H         LINE#         98
  C:1349H         LINE#         100
  C:1381H         LINE#         103
  C:1381H         LINE#         104
  C:138FH         LINE#         105
  -------         ENDPROC       SUNPOS
  -------         ENDMOD        SUNPOS

  -------         MODULE        ADC
  C:0000H         SYMBOL        _ICE_DUMMY_
  D:0092H         PUBLIC        P1M0
  D:0091H         PUBLIC        P1M1
  D:0080H         PUBLIC        P0
  D:0090H         PUBLIC        P1
  D:00A0H         PUBLIC        P2
  D:00B0H         PUBLIC        P3
  D:00C0H         PUBLIC        P4
  D:00C8H         PUBLIC        P5
  D:00E8H         PUBLIC        P6
BL51 BANKED LINKER/LOCATER V6.22                                                      08/26/2019  15:42:05  PAGE 32


  D:00F8H         PUBLIC        P7
  D:00A8H         PUBLIC        IE
  D:00BDH         PUBLIC        ADC_RES
  D:00B8H         PUBLIC        IP
  D:0097H         PUBLIC        CLK_DIV
  D:00D8H         PUBLIC        CCON
  D:00BCH         PUBLIC        ADC_CONTR
  D:0098H         PUBLIC        SCON
  D:0088H         PUBLIC        TCON
  B:00A0H.4       PUBLIC        P24
  B:00A0H.5       PUBLIC        P25
  B:00A0H.6       PUBLIC        P26
  C:5883H         PUBLIC        ADC_Init
  C:5697H         PUBLIC        _ADC_GetResult
  D:009DH         PUBLIC        P1ASF
  D:00BEH         PUBLIC        ADC_RESL
  D:00D0H         PUBLIC        PSW
  -------         PROC          ADC_INIT
  C:5883H         LINE#         7
  C:5883H         LINE#         8
  C:5883H         LINE#         10
  C:5885H         LINE#         11
  C:5887H         LINE#         12
  C:5889H         LINE#         13
  C:588CH         LINE#         14
  C:588FH         LINE#         15
  C:5892H         LINE#         16
  C:5895H         LINE#         18
  C:5897H         LINE#         19
  C:5899H         LINE#         20
  C:589CH         LINE#         24
  -------         ENDPROC       ADC_INIT
  -------         PROC          _ADC_GETRESULT
  D:0007H         SYMBOL        ch
  -------         DO            
  D:0006H         SYMBOL        ADC_Value_H
  D:0004H         SYMBOL        ADC_Value_L
  D:0006H         SYMBOL        ADC_Value
  -------         ENDDO         
  C:5697H         LINE#         27
  C:5697H         LINE#         28
  C:5697H         LINE#         30
  C:569CH         LINE#         31
  C:569DH         LINE#         32
  C:569EH         LINE#         35
  C:56A3H         LINE#         36
  C:56A6H         LINE#         37
  C:56AAH         LINE#         38
  C:56AEH         LINE#         40
  C:56C0H         LINE#         41
  C:56C0H         LINE#         42
  -------         ENDPROC       _ADC_GETRESULT
  -------         ENDMOD        ADC

  -------         MODULE        CALIBRATION
  C:0000H         SYMBOL        _ICE_DUMMY_
  D:0080H         PUBLIC        P0
BL51 BANKED LINKER/LOCATER V6.22                                                      08/26/2019  15:42:05  PAGE 33


  D:0090H         PUBLIC        P1
  D:00A0H         PUBLIC        P2
  D:00B0H         PUBLIC        P3
  D:00C0H         PUBLIC        P4
  D:00C8H         PUBLIC        P5
  D:00E8H         PUBLIC        P6
  D:00F8H         PUBLIC        P7
  C:4F7AH         PUBLIC        _Max_Value
  D:00A8H         PUBLIC        IE
  C:3C18H         PUBLIC        _calibration
  C:4C28H         PUBLIC        voltage_is_stable
  D:00B8H         PUBLIC        IP
  C:575FH         PUBLIC        _FindClosestSamedayCalibTime
  D:00D8H         PUBLIC        CCON
  D:0098H         PUBLIC        SCON
  D:0088H         PUBLIC        TCON
  C:1390H         PUBLIC        _Find_Real_Max
  D:00D0H         PUBLIC        PSW
  -------         PROC          VOLTAGE_IS_STABLE
  -------         DO            
  X:0791H         SYMBOL        sample_voltage
  X:07A5H         SYMBOL        i
  X:07A7H         SYMBOL        ch
  -------         ENDDO         
  C:4C28H         LINE#         26
  C:4C28H         LINE#         27
  C:4C28H         LINE#         29
  C:4C2FH         LINE#         30
  C:4C35H         LINE#         31
  C:4C35H         LINE#         32
  C:4C5EH         LINE#         33
  C:4C7DH         LINE#         35
  C:4C97H         LINE#         36
  C:4C97H         LINE#         37
  C:4CCAH         LINE#         38
  C:4CCEH         LINE#         39
  C:4CDEH         LINE#         40
  C:4CE2H         LINE#         41
  -------         ENDPROC       VOLTAGE_IS_STABLE
  -------         PROC          _FIND_REAL_MAX
  X:052DH         SYMBOL        current_position
  X:0530H         SYMBOL        calib_max_ADC_Value
  X:0533H         SYMBOL        max_ADC_JP_value
  X:0536H         SYMBOL        address_to_write
  -------         DO            
  X:0539H         SYMBOL        seconds
  X:053AH         SYMBOL        mins
  X:053BH         SYMBOL        hours
  X:053CH         SYMBOL        days
  X:053DH         SYMBOL        months
  X:053EH         SYMBOL        ch
  X:053FH         SYMBOL        calib_step_move
[...]
  C:4096H         LINE#         364
  C:4099H         LINE#         366
  C:40B3H         LINE#         367
  C:40B3H         LINE#         368
  C:40B3H         LINE#         370
  C:40B6H         LINE#         372
  C:40D0H         LINE#         373
  C:40D7H         LINE#         374
  -------         ENDPROC       SPI_NOR_WRITE_DATA
  -------         ENDMOD        AT25SF041

  -------         MODULE        SI1120
  C:0000H         SYMBOL        _ICE_DUMMY_
  D:0080H         PUBLIC        P0
  D:00B2H         PUBLIC        P3M0
  D:0090H         PUBLIC        P1
BL51 BANKED LINKER/LOCATER V6.22                                                      08/26/2019  15:42:05  PAGE 47


  D:00B1H         PUBLIC        P3M1
  D:00A0H         PUBLIC        P2
  D:00B0H         PUBLIC        P3
  D:00C0H         PUBLIC        P4
  D:00C8H         PUBLIC        P5
  B:00A8H.7       PUBLIC        EA
  D:00E8H         PUBLIC        P6
  D:00F8H         PUBLIC        P7
  D:00A8H         PUBLIC        IE
  D:00B8H         PUBLIC        IP
  C:55E2H         PUBLIC        SI1120_CONFIG_MODE_VIRH
  D:00D8H         PUBLIC        CCON
  D:0098H         PUBLIC        SCON
  D:0088H         PUBLIC        TCON
  C:59B6H         PUBLIC        Enable_EXTINT0
  B:0090H.5       PUBLIC        SI1120_STX
  B:0088H.0       PUBLIC        IT0
  B:00A8H.0       PUBLIC        EX0
  B:0090H.4       PUBLIC        SI1120_MD
  B:0090H.6       PUBLIC        SI1120_SC
  D:00D0H         PUBLIC        PSW
  -------         PROC          SI1120_CONFIG_MODE_VIRH
  C:55E2H         LINE#         4
  C:55E2H         LINE#         5
  C:55E2H         LINE#         6
  C:55E4H         LINE#         7
  C:55E6H         LINE#         8
  C:55E8H         LINE#         10
  C:55EFH         LINE#         11
  C:55F1H         LINE#         13
  C:55F3H         LINE#         14
  C:55F5H         LINE#         16
  C:55FCH         LINE#         18
  C:55FEH         LINE#         20
  C:5605H         LINE#         23
  C:5607H         LINE#         25
  C:5609H         LINE#         27
  C:5610H         LINE#         29
  C:5612H         LINE#         31
  -------         ENDPROC       SI1120_CONFIG_MODE_VIRH
  -------         PROC          ENABLE_EXTINT0
  C:59B6H         LINE#         33
  C:59B6H         LINE#         34
  C:59B6H         LINE#         35
  C:59B9H         LINE#         36
  C:59BCH         LINE#         37
  C:59BEH         LINE#         38
  C:59C0H         LINE#         39
  C:59C2H         LINE#         40
  -------         ENDPROC       ENABLE_EXTINT0
  -------         ENDMOD        SI1120

  -------         MODULE        UART1
  C:0000H         SYMBOL        _ICE_DUMMY_
  D:0080H         PUBLIC        P0
  D:0090H         PUBLIC        P1
  D:00A0H         PUBLIC        P2
BL51 BANKED LINKER/LOCATER V6.22                                                      08/26/2019  15:42:05  PAGE 48


  D:00B0H         PUBLIC        P3
  D:00C0H         PUBLIC        P4
  D:00C8H         PUBLIC        P5
  C:57A8H         PUBLIC        _uart1_SendToTCPServer
  B:00A8H.7       PUBLIC        EA
  D:00E8H         PUBLIC        P6
  D:00F8H         PUBLIC        P7
  C:55AFH         PUBLIC        _SendString
  D:00A8H         PUBLIC        IE
  B:00A8H.4       PUBLIC        ES
  D:00B8H         PUBLIC        IP
  C:58B5H         PUBLIC        _ASCIItoBCD
  D:00D8H         PUBLIC        CCON
  C:596BH         PUBLIC        initUART1
  D:0098H         PUBLIC        SCON
  D:0088H         PUBLIC        TCON
  C:5A24H         PUBLIC        _DectoBCD
  C:001EH         PUBLIC        _ASCII_Letter
  D:008EH         PUBLIC        AUXR
  C:0006H         PUBLIC        _unit
  C:5A1DH         PUBLIC        _ten
  D:00D6H         PUBLIC        T2H
  D:00D7H         PUBLIC        T2L
  C:5A0EH         PUBLIC        uart1_InitTCPConn
  D:00D0H         PUBLIC        PSW
  -------         PROC          INITUART1
  C:596BH         LINE#         24
  C:596BH         LINE#         25
  C:596BH         LINE#         26
  C:596EH         LINE#         27
  C:5971H         LINE#         28
  C:5974H         LINE#         29
  C:5977H         LINE#         30
  C:5979H         LINE#         31
  C:597BH         LINE#         33
  -------         ENDPROC       INITUART1
  -------         PROC          _SENDSTRING
  X:06F2H         SYMBOL        s
  C:55AFH         LINE#         36
  C:55BAH         LINE#         37
  C:55BAH         LINE#         38
  C:55CAH         LINE#         39
  C:55CAH         LINE#         40
  C:55DFH         LINE#         41
  C:55E1H         LINE#         42
  -------         ENDPROC       _SENDSTRING
  -------         PROC          _TEN
  D:0007H         SYMBOL        BCD
  C:5A1DH         LINE#         44
  C:5A1DH         LINE#         45
  C:5A1DH         LINE#         46
  C:5A22H         LINE#         47
  -------         ENDPROC       _TEN
  -------         PROC          _UNIT
  D:0007H         SYMBOL        BCD
  C:0006H         LINE#         48
  C:0006H         LINE#         49
BL51 BANKED LINKER/LOCATER V6.22                                                      08/26/2019  15:42:05  PAGE 49


  C:0006H         LINE#         53
  C:000AH         LINE#         54
  -------         ENDPROC       _UNIT
  -------         PROC          _DECTOBCD
  D:0007H         SYMBOL        dec
  C:5A24H         LINE#         55
  C:5A24H         LINE#         56
  C:5A24H         LINE#         58
  C:5A24H         LINE#         59
  -------         ENDPROC       _DECTOBCD
  -------         PROC          _ASCII_LETTER
  D:0007H         SYMBOL        dat
  C:001EH         LINE#         61
  C:001EH         LINE#         62
  C:001EH         LINE#         64
  C:0022H         LINE#         65
  -------         ENDPROC       _ASCII_LETTER
  -------         PROC          _ASCIITOBCD
  D:0001H         SYMBOL        ascii
  -------         DO            
  D:0007H         SYMBOL        dec_val
  D:0006H         SYMBOL        ten
  D:0007H         SYMBOL        unit
  -------         ENDDO         
  C:58B5H         LINE#         67
  C:58B5H         LINE#         68
  C:58B5H         LINE#         70
  C:58B8H         LINE#         71
  C:58BEH         LINE#         72
  C:58C5H         LINE#         73
  C:58CBH         LINE#         75
  -------         ENDPROC       _ASCIITOBCD
  -------         PROC          UART1_INITTCPCONN
  C:5A0EH         LINE#         77
  C:5A0EH         LINE#         78
  C:5A0EH         LINE#         82
  -------         ENDPROC       UART1_INITTCPCONN
  -------         PROC          _UART1_SENDTOTCPSERVER
  X:06EFH         SYMBOL        str
  C:57A8H         LINE#         85
  C:57B3H         LINE#         86
  C:57B3H         LINE#         87
  C:57BCH         LINE#         88
  C:57C3H         LINE#         89
  -------         ENDPROC       _UART1_SENDTOTCPSERVER
  -------         ENDMOD        UART1

  -------         MODULE        ?C_STARTUP
  C:50B0H         SEGMENT       ?C_C51STARTUP
  I:0023H         SEGMENT       ?STACK
  C:0000H         PUBLIC        ?C_STARTUP
  D:00E0H         SYMBOL        ACC
  D:00F0H         SYMBOL        B
  D:0083H         SYMBOL        DPH
  D:0082H         SYMBOL        DPL
  N:0000H         SYMBOL        IBPSTACK
  N:0100H         SYMBOL        IBPSTACKTOP
BL51 BANKED LINKER/LOCATER V6.22                                                      08/26/2019  15:42:05  PAGE 50


  N:0080H         SYMBOL        IDATALEN
  C:50B3H         SYMBOL        IDATALOOP
  N:0000H         SYMBOL        PBPSTACK
  N:0100H         SYMBOL        PBPSTACKTOP
  N:0000H         SYMBOL        PDATALEN
  N:0000H         SYMBOL        PDATASTART
  N:0000H         SYMBOL        PPAGE
  N:0000H         SYMBOL        PPAGEENABLE
  D:00A0H         SYMBOL        PPAGE_SFR
  D:0081H         SYMBOL        SP
  C:50B0H         SYMBOL        STARTUP1
  N:0000H         SYMBOL        XBPSTACK
  N:0000H         SYMBOL        XBPSTACKTOP
  N:0000H         SYMBOL        XDATALEN
  N:0000H         SYMBOL        XDATASTART
  C:0000H         LINE#         126
  C:50B0H         LINE#         133
  C:50B2H         LINE#         134
  C:50B3H         LINE#         135
  C:50B4H         LINE#         136
  C:50B6H         LINE#         185
  C:50B9H         LINE#         196
  -------         ENDMOD        ?C_STARTUP

  -------         MODULE        ?C?FPADD
  C:002DH         PUBLIC        ?C?FPADD
  C:0029H         PUBLIC        ?C?FPSUB
  -------         ENDMOD        ?C?FPADD

  -------         MODULE        ?C?FPMUL
  C:011EH         PUBLIC        ?C?FPMUL
  -------         ENDMOD        ?C?FPMUL

  -------         MODULE        ?C?FPDIV
  C:0227H         PUBLIC        ?C?FPDIV
  -------         ENDMOD        ?C?FPDIV

  -------         MODULE        ?C?FPCMP
  C:02C6H         PUBLIC        ?C?FPCMP
  C:02C4H         PUBLIC        ?C?FPCMP3
  -------         ENDMOD        ?C?FPCMP

  -------         MODULE        ?C?FPNEG
  C:033DH         PUBLIC        ?C?FPNEG
  -------         ENDMOD        ?C?FPNEG

  -------         MODULE        ?C?FCAST
  C:0358H         PUBLIC        ?C?FCASTC
  C:0353H         PUBLIC        ?C?FCASTI
  C:034EH         PUBLIC        ?C?FCASTL
  -------         ENDMOD        ?C?FCAST

  -------         MODULE        ?C?CASTF
  C:038CH         PUBLIC        ?C?CASTF
  -------         ENDMOD        ?C?CASTF

  -------         MODULE        PRINTF
BL51 BANKED LINKER/LOCATER V6.22                                                      08/26/2019  15:42:05  PAGE 51


  X:06FEH         PUBLIC        ?_PRINTF?BYTE
  X:06FEH         PUBLIC        ?_SPRINTF?BYTE
  C:2C82H         PUBLIC        _PRINTF
  C:2C7CH         PUBLIC        _SPRINTF
  -------         ENDMOD        PRINTF

  -------         MODULE        FABS
  C:59C3H         PUBLIC        _FABS
  -------         ENDMOD        FABS

  -------         MODULE        ATAN2
  X:07DEH         PUBLIC        ?_atan2?BYTE
  C:4EDDH         PUBLIC        _atan2
  -------         ENDMOD        ATAN2

  -------         MODULE        SIN
  C:413DH         PUBLIC        _COS
  C:4153H         PUBLIC        _SIN
  C:418FH         PUBLIC        _TAN
  -------         ENDMOD        SIN

  -------         MODULE        ACOS
  C:5466H         PUBLIC        _ACOS
  -------         ENDMOD        ACOS

  -------         MODULE        ASIN
  C:5574H         PUBLIC        _ASIN
  -------         ENDMOD        ASIN

  -------         MODULE        POW
  X:06B3H         PUBLIC        ?_pow?BYTE
  C:427DH         PUBLIC        _pow
  -------         ENDMOD        POW

  -------         MODULE        ?C?CHKFLOAT
  C:040DH         PUBLIC        ?C?CHKFLOAT
  -------         ENDMOD        ?C?CHKFLOAT

  -------         MODULE        ?C?FPROUND
  C:0427H         PUBLIC        ?C?FPROUND
  -------         ENDMOD        ?C?FPROUND

  -------         MODULE        ?C?FPCONVERT
  C:0464H         PUBLIC        ?C?FPCONVERT
  -------         ENDMOD        ?C?FPCONVERT

  -------         MODULE        EXP
  C:504EH         PUBLIC        _EXP
  -------         ENDMOD        EXP

  -------         MODULE        LOG
  C:456CH         PUBLIC        _LOG
  C:4568H         PUBLIC        _LOG10
  -------         ENDMOD        LOG

  -------         MODULE        SQRT
  C:4D94H         PUBLIC        _SQRT
BL51 BANKED LINKER/LOCATER V6.22                                                      08/26/2019  15:42:05  PAGE 52


  -------         ENDMOD        SQRT

  -------         MODULE        ATAN
  C:4681H         PUBLIC        _ATAN
  -------         ENDMOD        ATAN

  -------         MODULE        ?C?FTNPWR
  C:05E6H         PUBLIC        ?C?FTNPWR
  -------         ENDMOD        ?C?FTNPWR

  -------         MODULE        ?C?COPY
  C:06F6H         PUBLIC        ?C?COPY
  -------         ENDMOD        ?C?COPY

  -------         MODULE        ?C?CLDPTR
  C:071CH         PUBLIC        ?C?CLDPTR
  -------         ENDMOD        ?C?CLDPTR

  -------         MODULE        ?C?CLDOPTR
  C:0735H         PUBLIC        ?C?CLDOPTR
  -------         ENDMOD        ?C?CLDOPTR

  -------         MODULE        ?C?CSTPTR
  C:0762H         PUBLIC        ?C?CSTPTR
  -------         ENDMOD        ?C?CSTPTR

  -------         MODULE        ?C?IMUL
  C:0774H         PUBLIC        ?C?IMUL
  -------         ENDMOD        ?C?IMUL

  -------         MODULE        ?C?UIDIV
  C:0786H         PUBLIC        ?C?UIDIV
  -------         ENDMOD        ?C?UIDIV

  -------         MODULE        ?C?SIDIV
  C:07DBH         PUBLIC        ?C?SIDIV
  -------         ENDMOD        ?C?SIDIV

  -------         MODULE        ?C?ILDIX
  C:0811H         PUBLIC        ?C?ILDIX
  -------         ENDMOD        ?C?ILDIX

  -------         MODULE        ?C?ILDOPTR
  C:0827H         PUBLIC        ?C?ILDOPTR
  -------         ENDMOD        ?C?ILDOPTR

  -------         MODULE        ?C?ISTPTR
  C:085FH         PUBLIC        ?C?ISTPTR
  -------         ENDMOD        ?C?ISTPTR

  -------         MODULE        ?C?LMUL
  C:087EH         PUBLIC        ?C?LMUL
  -------         ENDMOD        ?C?LMUL

  -------         MODULE        ?C?SLDIV
  C:54B0H         PUBLIC        ?C?SLDIV
  -------         ENDMOD        ?C?SLDIV
BL51 BANKED LINKER/LOCATER V6.22                                                      08/26/2019  15:42:05  PAGE 53



  -------         MODULE        ?C?LNEG
  C:08CDH         PUBLIC        ?C?LNEG
  -------         ENDMOD        ?C?LNEG

  -------         MODULE        ?C?ULCMP
  C:08DBH         PUBLIC        ?C?ULCMP
  -------         ENDMOD        ?C?ULCMP

  -------         MODULE        ?C?LSHL
  C:08ECH         PUBLIC        ?C?LSHL
  -------         ENDMOD        ?C?LSHL

  -------         MODULE        ?C?LLDPTR
  C:08FFH         PUBLIC        ?C?LLDPTR
  -------         ENDMOD        ?C?LLDPTR

  -------         MODULE        ?C?LLDOPTR
  C:091FH         PUBLIC        ?C?LLDOPTR
  -------         ENDMOD        ?C?LLDOPTR

  -------         MODULE        ?C?LSTPTR
  C:094FH         PUBLIC        ?C?LSTPTR
  -------         ENDMOD        ?C?LSTPTR

  -------         MODULE        ?C?LSTOPTR
  C:0969H         PUBLIC        ?C?LSTOPTR
  -------         ENDMOD        ?C?LSTOPTR

  -------         MODULE        ?C?LLDXDATA
  C:098DH         PUBLIC        ?C?LLDXDATA
  -------         ENDMOD        ?C?LLDXDATA

  -------         MODULE        ?C?LLDCODE
  C:0999H         PUBLIC        ?C?LLDCODE
  -------         ENDMOD        ?C?LLDCODE

  -------         MODULE        ?C?LLDXDATA0
  C:09A9H         PUBLIC        ?C?LLDXDATA0
  -------         ENDMOD        ?C?LLDXDATA0

  -------         MODULE        ?C?LLDCODE0
  C:09B5H         PUBLIC        ?C?LLDCODE0
  -------         ENDMOD        ?C?LLDCODE0

  -------         MODULE        ?C?LLDPTR0
  C:09C5H         PUBLIC        ?C?LLDPTR0
  -------         ENDMOD        ?C?LLDPTR0

  -------         MODULE        ?C?LSTXDATA
  C:09E5H         PUBLIC        ?C?LSTXDATA
  -------         ENDMOD        ?C?LSTXDATA

  -------         MODULE        ?C?LSTKXDATA
  C:09F1H         PUBLIC        ?C?LSTKXDATA
  -------         ENDMOD        ?C?LSTKXDATA

BL51 BANKED LINKER/LOCATER V6.22                                                      08/26/2019  15:42:05  PAGE 54


  -------         MODULE        ?C?LSTKPTR
  C:0A22H         PUBLIC        ?C?LSTKPTR
  -------         ENDMOD        ?C?LSTKPTR

  -------         MODULE        ?C?OFFXADD
  C:0A3CH         PUBLIC        ?C?OFFXADD
  -------         ENDMOD        ?C?OFFXADD

  -------         MODULE        ?C?PLDIXDATA
  C:0A48H         PUBLIC        ?C?PLDIXDATA
  -------         ENDMOD        ?C?PLDIXDATA

  -------         MODULE        ?C?PSTXDATA
  C:0A5FH         PUBLIC        ?C?PSTXDATA
  -------         ENDMOD        ?C?PSTXDATA

  -------         MODULE        ?C?CCASE
  C:0A68H         PUBLIC        ?C?CCASE
  -------         ENDMOD        ?C?CCASE

  -------         MODULE        PUTCHAR
  C:5738H         PUBLIC        _PUTCHAR
  -------         ENDMOD        PUTCHAR

  -------         MODULE        ABS
  C:59DCH         PUBLIC        _ABS
  -------         ENDMOD        ABS

  -------         MODULE        ATOI
  C:4A8AH         PUBLIC        _atoi
  -------         ENDMOD        ATOI

  -------         MODULE        ?C?IILDX
  C:0A8EH         PUBLIC        ?C?IILDX
  -------         ENDMOD        ?C?IILDX

  -------         MODULE        ?C?ULDIV
  C:0AE0H         PUBLIC        ?C?ULDIV
  -------         ENDMOD        ?C?ULDIV

  -------         MODULE        ?C?LLDIDATA
  C:0B72H         PUBLIC        ?C?LLDIDATA
  -------         ENDMOD        ?C?LLDIDATA

  -------         MODULE        ?C?LLDPDATA
  C:0B7EH         PUBLIC        ?C?LLDPDATA
  -------         ENDMOD        ?C?LLDPDATA

  -------         MODULE        ?C?LLDIDATA0
  C:0B8AH         PUBLIC        ?C?LLDIDATA0
  -------         ENDMOD        ?C?LLDIDATA0

  -------         MODULE        ?C?LLDPDATA0
  C:0B97H         PUBLIC        ?C?LLDPDATA0
  -------         ENDMOD        ?C?LLDPDATA0

  -------         MODULE        ?C?LSTIDATA
BL51 BANKED LINKER/LOCATER V6.22                                                      08/26/2019  15:42:05  PAGE 55


  C:0BA4H         PUBLIC        ?C?LSTIDATA
  -------         ENDMOD        ?C?LSTIDATA

  -------         MODULE        ?C?LSTPDATA
  C:0BB0H         PUBLIC        ?C?LSTPDATA
  -------         ENDMOD        ?C?LSTPDATA

  -------         MODULE        ?C?LSTKIDATA
  C:0BBCH         PUBLIC        ?C?LSTKIDATA
  -------         ENDMOD        ?C?LSTKIDATA

  -------         MODULE        ?C?LSTKPDATA
  C:0BD5H         PUBLIC        ?C?LSTKPDATA
  -------         ENDMOD        ?C?LSTKPDATA

  -------         MODULE        ISDIGIT
  C:599AH         PUBLIC        _isdigit
  -------         ENDMOD        ISDIGIT

  -------         MODULE        ISSPACE
  C:5935H         PUBLIC        _isspace
  -------         ENDMOD        ISSPACE

*** WARNING L16: UNCALLED SEGMENT, IGNORED FOR OVERLAY PROCESS
    SEGMENT: ?PR?_DAY_OF_YEAR?PCF85063BTL

*** WARNING L16: UNCALLED SEGMENT, IGNORED FOR OVERLAY PROCESS
    SEGMENT: ?PR?_DISPLAYLCD?LCD_DRIVER_SPLC780D

*** WARNING L16: UNCALLED SEGMENT, IGNORED FOR OVERLAY PROCESS
    SEGMENT: ?PR?LCD_RETURN_HOME?LCD_DRIVER_SPLC780D

*** WARNING L16: UNCALLED SEGMENT, IGNORED FOR OVERLAY PROCESS
    SEGMENT: ?PR?KEY_PROCESS?KEYPAD

*** WARNING L16: UNCALLED SEGMENT, IGNORED FOR OVERLAY PROCESS
    SEGMENT: ?PR?_ELEVATION_CALCULATION?BIPOLARMOTOR

*** WARNING L16: UNCALLED SEGMENT, IGNORED FOR OVERLAY PROCESS
    SEGMENT: ?PR?_CALIBRATION?CALIBRATION

*** WARNING L16: UNCALLED SEGMENT, IGNORED FOR OVERLAY PROCESS
    SEGMENT: ?PR?_FINDCLOSESTSAMEDAYCALIBTIME?CALIBRATION

*** WARNING L16: UNCALLED SEGMENT, IGNORED FOR OVERLAY PROCESS
    SEGMENT: ?PR?NOP?IOEXPANDER_PI4IOE5V96248

*** WARNING L16: UNCALLED SEGMENT, IGNORED FOR OVERLAY PROCESS
    SEGMENT: ?PR?UC_ACK?IOEXPANDER_PI4IOE5V96248

*** WARNING L16: UNCALLED SEGMENT, IGNORED FOR OVERLAY PROCESS
    SEGMENT: ?PR?UC_NACK?IOEXPANDER_PI4IOE5V96248

*** WARNING L16: UNCALLED SEGMENT, IGNORED FOR OVERLAY PROCESS
    SEGMENT: ?PR?_AT25SF041_READ?AT25SF041

*** WARNING L16: UNCALLED SEGMENT, IGNORED FOR OVERLAY PROCESS
BL51 BANKED LINKER/LOCATER V6.22                                                      08/26/2019  15:42:05  PAGE 56


    SEGMENT: ?PR?SPI_NOR_WRITE_DATA?AT25SF041

*** WARNING L16: UNCALLED SEGMENT, IGNORED FOR OVERLAY PROCESS
    SEGMENT: ?PR?_TEN?UART1

*** WARNING L16: UNCALLED SEGMENT, IGNORED FOR OVERLAY PROCESS
    SEGMENT: ?PR?_UNIT?UART1

*** WARNING L16: UNCALLED SEGMENT, IGNORED FOR OVERLAY PROCESS
    SEGMENT: ?PR?_DECTOBCD?UART1

*** WARNING L16: UNCALLED SEGMENT, IGNORED FOR OVERLAY PROCESS
    SEGMENT: ?PR?_ASCII_LETTER?UART1

*** WARNING L16: UNCALLED SEGMENT, IGNORED FOR OVERLAY PROCESS
    SEGMENT: ?PR?_ASCIITOBCD?UART1

Program Size: data=16.2 xdata=2072 code=23077
LINK/LOCATE RUN COMPLETE.  17 WARNING(S),  0 ERROR(S)
