BL51 BANKED LINKER/LOCATER V6.22                                                        05/28/2019  15:04:09  PAGE 1


BL51 BANKED LINKER/LOCATER V6.22, INVOKED BY:
C:\KEIL_V5\C51\BIN\BL51.EXE .\Obj\main.obj, .\Obj\PCF85063BTL.obj, .\Obj\LCd_Driver_SPLC780D.obj, .\Obj\KeyPad.obj, .\Ob
>> j\BipolarMotor.obj, .\Obj\SunPos.obj, .\Obj\ADC.obj, .\Obj\Calibration.obj, .\Obj\IOExpander_PI4IOE5V96248.obj, .\Obj
>> \AT25SF041.obj, .\Obj\SI1120.obj, .\Obj\UART1.obj, .\Obj\STARTUP.obj TO .\Obj\GPIO_RTC_Test PRINT (.\Lis\GPIO_RTC_Tes
>> t.m51) RAMSIZE (256)


MEMORY MODEL: LARGE WITH FLOATING POINT ARITHMETIC


INPUT MODULES INCLUDED:
  .\Obj\main.obj (MAIN)
  .\Obj\PCF85063BTL.obj (PCF85063BTL)
  .\Obj\LCd_Driver_SPLC780D.obj (LCD_DRIVER_SPLC780D)
  .\Obj\KeyPad.obj (KEYPAD)
  .\Obj\BipolarMotor.obj (BIPOLARMOTOR)
  .\Obj\SunPos.obj (SUNPOS)
  .\Obj\ADC.obj (ADC)
  .\Obj\Calibration.obj (CALIBRATION)
  .\Obj\IOExpander_PI4IOE5V96248.obj (IOEXPANDER_PI4IOE5V96248)
  .\Obj\AT25SF041.obj (AT25SF041)
  .\Obj\SI1120.obj (SI1120)
  .\Obj\UART1.obj (UART1)
  .\Obj\STARTUP.obj (?C_STARTUP)
  C:\KEIL_V5\C51\LIB\C51FPL.LIB (?C?FPADD)
  C:\KEIL_V5\C51\LIB\C51FPL.LIB (?C?FPMUL)
  C:\KEIL_V5\C51\LIB\C51FPL.LIB (?C?FPDIV)
  C:\KEIL_V5\C51\LIB\C51FPL.LIB (?C?FPCMP)
  C:\KEIL_V5\C51\LIB\C51FPL.LIB (?C?FPNEG)
  C:\KEIL_V5\C51\LIB\C51FPL.LIB (?C?FCAST)
  C:\KEIL_V5\C51\LIB\C51FPL.LIB (?C?CASTF)
  C:\KEIL_V5\C51\LIB\C51FPL.LIB (ATAN2)
  C:\KEIL_V5\C51\LIB\C51FPL.LIB (SIN)
  C:\KEIL_V5\C51\LIB\C51FPL.LIB (ACOS)
  C:\KEIL_V5\C51\LIB\C51FPL.LIB (ASIN)
  C:\KEIL_V5\C51\LIB\C51FPL.LIB (POW)
  C:\KEIL_V5\C51\LIB\C51FPL.LIB (?C?FPGETOPN)
  C:\KEIL_V5\C51\LIB\C51FPL.LIB (?C?CHKFLOAT)
  C:\KEIL_V5\C51\LIB\C51FPL.LIB (?C?FPSERIES)
  C:\KEIL_V5\C51\LIB\C51FPL.LIB (EXP)
  C:\KEIL_V5\C51\LIB\C51FPL.LIB (LOG)
  C:\KEIL_V5\C51\LIB\C51FPL.LIB (SQRT)
  C:\KEIL_V5\C51\LIB\C51FPL.LIB (ATAN)
  C:\KEIL_V5\C51\LIB\C51L.LIB (?C_INIT)
  C:\KEIL_V5\C51\LIB\C51L.LIB (?C?COPY)
  C:\KEIL_V5\C51\LIB\C51L.LIB (?C?CLDPTR)
  C:\KEIL_V5\C51\LIB\C51L.LIB (?C?CLDOPTR)
  C:\KEIL_V5\C51\LIB\C51L.LIB (?C?CSTPTR)
  C:\KEIL_V5\C51\LIB\C51L.LIB (?C?IMUL)
  C:\KEIL_V5\C51\LIB\C51L.LIB (?C?UIDIV)
  C:\KEIL_V5\C51\LIB\C51L.LIB (?C?SIDIV)
  C:\KEIL_V5\C51\LIB\C51L.LIB (?C?ILDIX)
  C:\KEIL_V5\C51\LIB\C51L.LIB (?C?ILDOPTR)
  C:\KEIL_V5\C51\LIB\C51L.LIB (?C?ISTPTR)
  C:\KEIL_V5\C51\LIB\C51L.LIB (?C?LMUL)
  C:\KEIL_V5\C51\LIB\C51L.LIB (?C?SLDIV)
  C:\KEIL_V5\C51\LIB\C51L.LIB (?C?LNEG)
  C:\KEIL_V5\C51\LIB\C51L.LIB (?C?ULCMP)
BL51 BANKED LINKER/LOCATER V6.22                                                      05/28/2019  15:04:09  PAGE 2


  C:\KEIL_V5\C51\LIB\C51L.LIB (?C?LSHL)
  C:\KEIL_V5\C51\LIB\C51L.LIB (?C?LLDPTR)
  C:\KEIL_V5\C51\LIB\C51L.LIB (?C?LLDOPTR)
  C:\KEIL_V5\C51\LIB\C51L.LIB (?C?LSTPTR)
  C:\KEIL_V5\C51\LIB\C51L.LIB (?C?LSTOPTR)
  C:\KEIL_V5\C51\LIB\C51L.LIB (?C?LLDXDATA)
  C:\KEIL_V5\C51\LIB\C51L.LIB (?C?LLDCODE)
  C:\KEIL_V5\C51\LIB\C51L.LIB (?C?LLDXDATA0)
  C:\KEIL_V5\C51\LIB\C51L.LIB (?C?LLDCODE0)
  C:\KEIL_V5\C51\LIB\C51L.LIB (?C?LLDPTR0)
  C:\KEIL_V5\C51\LIB\C51L.LIB (?C?LSTXDATA)
  C:\KEIL_V5\C51\LIB\C51L.LIB (?C?LSTKXDATA)
  C:\KEIL_V5\C51\LIB\C51L.LIB (?C?LSTKPTR)
  C:\KEIL_V5\C51\LIB\C51L.LIB (?C?OFFXADD)
  C:\KEIL_V5\C51\LIB\C51L.LIB (ATOI)
  C:\KEIL_V5\C51\LIB\C51L.LIB (?C?IILDX)
  C:\KEIL_V5\C51\LIB\C51L.LIB (?C?ULDIV)
  C:\KEIL_V5\C51\LIB\C51L.LIB (?C?LLDIDATA)
  C:\KEIL_V5\C51\LIB\C51L.LIB (?C?LLDPDATA)
  C:\KEIL_V5\C51\LIB\C51L.LIB (?C?LLDIDATA0)
  C:\KEIL_V5\C51\LIB\C51L.LIB (?C?LLDPDATA0)
  C:\KEIL_V5\C51\LIB\C51L.LIB (?C?LSTIDATA)
  C:\KEIL_V5\C51\LIB\C51L.LIB (?C?LSTPDATA)
  C:\KEIL_V5\C51\LIB\C51L.LIB (?C?LSTKIDATA)
  C:\KEIL_V5\C51\LIB\C51L.LIB (?C?LSTKPDATA)
  C:\KEIL_V5\C51\LIB\C51L.LIB (ISDIGIT)
  C:\KEIL_V5\C51\LIB\C51L.LIB (ISSPACE)


LINK MAP OF MODULE:  .\Obj\GPIO_RTC_Test (MAIN)


            TYPE    BASE      LENGTH    RELOCATION   SEGMENT NAME
            -----------------------------------------------------

            * * * * * * *   D A T A   M E M O R Y   * * * * * * *
            REG     0000H     0008H     ABSOLUTE     "REG BANK 0"
                    0008H     0018H                  *** GAP ***
            BIT     0020H.0   0000H.4   UNIT         _BIT_GROUP_
            BIT     0020H.4   0000H.1   UNIT         ?BI?MAIN
            BIT     0020H.5   0000H.1   UNIT         ?BI?_ATOI?ATOI
                    0020H.6   0000H.2                *** GAP ***
            IDATA   0021H     0001H     UNIT         ?STACK

            * * * * * * *  X D A T A   M E M O R Y  * * * * * * *
            XDATA   0000H     03BCH     UNIT         ?XD?BIPOLARMOTOR
            XDATA   03BCH     0123H     UNIT         _XDATA_GROUP_
            XDATA   04DFH     0101H     UNIT         ?XD?MAIN
            XDATA   05E0H     0019H     UNIT         ?XD?KEYPAD
            XDATA   05F9H     0008H     UNIT         ?XD?_AT25SF041_READ?AT25SF041
            XDATA   0601H     0005H     UNIT         ?XD?_ATOI?ATOI
            XDATA   0606H     0001H     UNIT         ?XD?UC_ACK?IOEXPANDER_PI4IOE5V96248
            XDATA   0607H     0001H     UNIT         ?XD?UC_NACK?IOEXPANDER_PI4IOE5V96248

            * * * * * * *   C O D E   M E M O R Y   * * * * * * *
            CODE    0000H     0003H     ABSOLUTE     
            CODE    0003H     0003H     ABSOLUTE     
BL51 BANKED LINKER/LOCATER V6.22                                                      05/28/2019  15:04:09  PAGE 3


            CODE    0006H     0005H     UNIT         ?PR?_UNIT?UART1
            CODE    000BH     0003H     ABSOLUTE     
            CODE    000EH     000DH     UNIT         ?PR?UART?MAIN
            CODE    001BH     0003H     ABSOLUTE     
            CODE    001EH     0005H     UNIT         ?PR?_ASCII_LETTER?UART1
            CODE    0023H     0003H     ABSOLUTE     
            CODE    0026H     0C98H     UNIT         ?PR?MAIN?MAIN
            CODE    0CBEH     09D0H     UNIT         ?C?LIB_CODE
            CODE    168EH     07A2H     UNIT         ?PR?SUNPOS?SUNPOS
            CODE    1E30H     063CH     UNIT         ?PR?_UPDATE_POSITION?BIPOLARMOTOR
            CODE    246CH     04FCH     UNIT         ?PR?_FIND_REAL_MAX?CALIBRATION
            CODE    2968H     04FBH     UNIT         ?PR?_THEORICALJP_POSITION?BIPOLARMOTOR
            CODE    2E63H     040EH     UNIT         ?C_INITSEG
            CODE    3271H     038CH     UNIT         ?PR?KEY_PROCESS?KEYPAD
            CODE    35FDH     0380H     UNIT         ?PR?_ELEVATION_CALCULATION?BIPOLARMOTOR
            CODE    397DH     01C7H     UNIT         ?PR?_CALIBRATION?CALIBRATION
            CODE    3B44H     018DH     UNIT         ?PR?KEY_SCAN?KEYPAD
            CODE    3CD1H     0189H     UNIT         ?PR?SPI_NOR_WRITE_DATA?AT25SF041
            CODE    3E5AH     0188H     UNIT         ?PR?SIN?SIN
            CODE    3FE2H     0166H     UNIT         ?PR?_POW?POW
            CODE    4148H     0155H     UNIT         ?PR?_DISPLAY_POS?LCD_DRIVER_SPLC780D
            CODE    429DH     0129H     UNIT         ?PR?LOG?LOG
            CODE    43C6H     0122H     UNIT         ?PR?ATAN?ATAN
            CODE    44E8H     0110H     UNIT         ?PR?_AT25SF041_READ?AT25SF041
            CODE    45F8H     0102H     UNIT         ?PR?_AT25SF041_WRITE?AT25SF041
            CODE    46FAH     00F4H     UNIT         ?PR?EXINT0?MAIN
            CODE    47EEH     00DBH     UNIT         ?PR?_ATOI?ATOI
            CODE    48C9H     00C3H     UNIT         ?PR?LINEAR_INTERPOLATE?BIPOLARMOTOR
            CODE    498CH     00BBH     UNIT         ?PR?VOLTAGE_IS_STABLE?CALIBRATION
            CODE    4A47H     00ADH     UNIT         ?PR?_WRITE_PI4IOE5V96248?IOEXPANDER_PI4IOE5V96248
            CODE    4AF4H     00ACH     UNIT         ?PR?SQRT?SQRT
            CODE    4BA0H     00A1H     UNIT         ?PR?UCREAD_STATUS_REGISTER_BYTE1?AT25SF041
            CODE    4C41H     009DH     UNIT         ?PR?_ATAN2?ATAN2
            CODE    4CDEH     009CH     UNIT         ?PR?_MAX_VALUE?CALIBRATION
            CODE    4D7AH     009AH     UNIT         ?PR?EXP?EXP
            CODE    4E14H     008CH     UNIT         ?C_C51STARTUP
            CODE    4EA0H     0088H     UNIT         ?PR?_DAY_OF_YEAR?PCF85063BTL
            CODE    4F28H     0079H     UNIT         ?PR?_WRITEDATA?LCD_DRIVER_SPLC780D
            CODE    4FA1H     0072H     UNIT         ?PR?AT25SF041_WRITEENABLE?AT25SF041
            CODE    5013H     006FH     UNIT         ?PR?_READ_TIME?PCF85063BTL
            CODE    5082H     005AH     UNIT         ?PR?AT25SF041_CHIPERASE?AT25SF041
            CODE    50DCH     0059H     UNIT         ?PR?LCD_INIT?LCD_DRIVER_SPLC780D
            CODE    5135H     004AH     UNIT         ?PR?VONESTEPMOVE?BIPOLARMOTOR
            CODE    517FH     004AH     UNIT         ?PR?ACOS?ACOS
            CODE    51C9H     0044H     UNIT         ?C?LDIV
            CODE    520DH     0040H     UNIT         ?PR?_COMMAND?LCD_DRIVER_SPLC780D
            CODE    524DH     0040H     UNIT         ?PR?_STEP_MOVE?BIPOLARMOTOR
            CODE    528DH     0040H     UNIT         ?CO?UART1
            CODE    52CDH     003BH     UNIT         ?PR?ASIN?ASIN
            CODE    5308H     0034H     UNIT         ?PR?_UART1_SENDTOTCPSERVER?UART1
            CODE    533CH     0033H     UNIT         ?PR?_SENDSTRING?UART1
            CODE    536FH     0031H     UNIT         ?PR?SI1120_CONFIG_MODE_VIRH?SI1120
            CODE    53A0H     002BH     UNIT         ?PR?_WAIT_MS_I2C?IOEXPANDER_PI4IOE5V96248
            CODE    53CBH     002BH     UNIT         ?PR?_WAIT_MS_SPINOR?AT25SF041
            CODE    53F6H     002AH     UNIT         ?PR?_ADC_GETRESULT?ADC
            CODE    5420H     0028H     UNIT         ?PR?_MOVE?BIPOLARMOTOR
            CODE    5448H     0027H     UNIT         ?PR?_I2C_SENDBYTE?IOEXPANDER_PI4IOE5V96248
BL51 BANKED LINKER/LOCATER V6.22                                                      05/28/2019  15:04:09  PAGE 4


            CODE    546FH     0025H     UNIT         ?PR?_FINDCLOSESTSAMEDAYCALIBTIME?CALIBRATION
            CODE    5494H     0024H     UNIT         ?PR?_WAIT_MS?LCD_DRIVER_SPLC780D
            CODE    54B8H     0021H     UNIT         ?PR?TM0_ISR?MAIN
            CODE    54D9H     0020H     UNIT         ?PR?_SPI_SENDBYTE?PCF85063BTL
            CODE    54F9H     0020H     UNIT         ?PR?SPI_RECEIVEBYTE?PCF85063BTL
            CODE    5519H     001EH     UNIT         ?PR?_DELAY_MS?KEYPAD
            CODE    5537H     001DH     UNIT         ?PR?_DISPLAYLCD?LCD_DRIVER_SPLC780D
            CODE    5554H     001BH     UNIT         ?PR?_BCDTODEC1?BIPOLARMOTOR
            CODE    556FH     001AH     UNIT         ?PR?ADC_INIT?ADC
            CODE    5589H     0018H     UNIT         ?PR?_SPI_WRITETIME?PCF85063BTL
            CODE    55A1H     0017H     UNIT         ?PR?_ASCIITOBCD?UART1
            CODE    55B8H     0016H     UNIT         ?PR?I2C_ACK?IOEXPANDER_PI4IOE5V96248
            CODE    55CEH     0015H     UNIT         ?PR?_DISPLAY_LINE?LCD_DRIVER_SPLC780D
            CODE    55E3H     0015H     UNIT         ?PR?VSETLOCATION?BIPOLARMOTOR
            CODE    55F8H     0015H     UNIT         ?PR?I2C_STOP?IOEXPANDER_PI4IOE5V96248
            CODE    560DH     0014H     UNIT         ?PR?_PCF85063BTL_DELAY?PCF85063BTL
            CODE    5621H     0014H     UNIT         ?PR?_ABS?LCD_DRIVER_SPLC780D
            CODE    5635H     0014H     UNIT         ?PR?_ISSPACE?ISSPACE
            CODE    5649H     0011H     UNIT         ?PR?_SPI_READTIME?PCF85063BTL
            CODE    565AH     0011H     UNIT         ?PR?_BCDTODEC?PCF85063BTL
            CODE    566BH     0011H     UNIT         ?PR?INITUART1?UART1
            CODE    567CH     000FH     UNIT         ?PR?I2C_START?IOEXPANDER_PI4IOE5V96248
            CODE    568BH     000FH     UNIT         ?PR?UC_NACK?IOEXPANDER_PI4IOE5V96248
            CODE    569AH     000FH     UNIT         ?PR?_ISDIGIT?ISDIGIT
            CODE    56A9H     000DH     UNIT         ?PR?SPI_INIT?PCF85063BTL
            CODE    56B6H     000DH     UNIT         ?PR?ENABLE_EXTINT0?SI1120
            CODE    56C3H     000CH     UNIT         ?PR?KEYPAD_IO_INIT?KEYPAD
            CODE    56CFH     000AH     UNIT         ?CO?MAIN
            CODE    56D9H     000AH     UNIT         ?PR?LCD_RETURN_HOME?LCD_DRIVER_SPLC780D
            CODE    56E3H     000AH     UNIT         ?PR?LCD_CLEAR?LCD_DRIVER_SPLC780D
            CODE    56EDH     0009H     UNIT         ?PR?TM1_ISR?MAIN
            CODE    56F6H     0009H     UNIT         ?PR?_SENDUART1?UART1
            CODE    56FFH     0009H     UNIT         ?PR?UART1_INITTCPCONN?UART1
            CODE    5708H     0006H     UNIT         ?PR?UC_ACK?IOEXPANDER_PI4IOE5V96248
            CODE    570EH     0006H     UNIT         ?PR?_TEN?UART1
            CODE    5714H     0001H     UNIT         ?PR?NOP?IOEXPANDER_PI4IOE5V96248
            CODE    5715H     0001H     UNIT         ?PR?_DECTOBCD?UART1



OVERLAY MAP OF MODULE:   .\Obj\GPIO_RTC_Test (MAIN)


SEGMENT                                             BIT_GROUP          XDATA_GROUP
  +--> CALLED SEGMENT                            START    LENGTH     START    LENGTH
------------------------------------------------------------------------------------
?PR?EXINT0?MAIN                                  -----    -----      -----    -----
  +--> ?PR?_POW?POW

?PR?_POW?POW                                     -----    -----      03BCH    000AH
  +--> ?PR?LOG?LOG
  +--> ?PR?EXP?EXP

?PR?LOG?LOG                                      0020H.0  0000H.1    03C6H    0004H

*** NEW ROOT ***************************************************

BL51 BANKED LINKER/LOCATER V6.22                                                      05/28/2019  15:04:09  PAGE 5


?C_C51STARTUP                                    -----    -----      -----    -----
  +--> ?PR?MAIN?MAIN
  +--> ?C_INITSEG

?PR?MAIN?MAIN                                    -----    -----      03CAH    002AH
  +--> ?PR?LCD_INIT?LCD_DRIVER_SPLC780D
  +--> ?PR?SPI_INIT?PCF85063BTL
  +--> ?PR?KEYPAD_IO_INIT?KEYPAD
  +--> ?PR?INITUART1?UART1
  +--> ?PR?ADC_INIT?ADC
  +--> ?PR?SI1120_CONFIG_MODE_VIRH?SI1120
  +--> ?PR?ENABLE_EXTINT0?SI1120
  +--> ?PR?VSETLOCATION?BIPOLARMOTOR
  +--> ?PR?_SPI_WRITETIME?PCF85063BTL
  +--> ?PR?_DELAY_MS?KEYPAD
  +--> ?PR?_DISPLAY_LINE?LCD_DRIVER_SPLC780D
  +--> ?PR?_WRITEDATA?LCD_DRIVER_SPLC780D
  +--> ?PR?UART1_INITTCPCONN?UART1
  +--> ?CO?MAIN
  +--> ?PR?_SENDSTRING?UART1
  +--> ?PR?KEY_PROCESS?KEYPAD
  +--> ?PR?_UART1_SENDTOTCPSERVER?UART1
  +--> ?PR?_COMMAND?LCD_DRIVER_SPLC780D
  +--> ?PR?_DISPLAY_POS?LCD_DRIVER_SPLC780D
  +--> ?PR?_DISPLAYLCD?LCD_DRIVER_SPLC780D
  +--> ?PR?_STEP_MOVE?BIPOLARMOTOR
  +--> ?PR?LCD_RETURN_HOME?LCD_DRIVER_SPLC780D
  +--> ?PR?_READ_TIME?PCF85063BTL
  +--> ?PR?_BCDTODEC1?BIPOLARMOTOR
  +--> ?PR?_ELEVATION_CALCULATION?BIPOLARMOTOR
  +--> ?PR?SIN?SIN
  +--> ?PR?_CALIBRATION?CALIBRATION
  +--> ?PR?_UPDATE_POSITION?BIPOLARMOTOR
  +--> ?PR?AT25SF041_WRITEENABLE?AT25SF041
  +--> ?PR?_AT25SF041_WRITE?AT25SF041
  +--> ?PR?_WAIT_MS_SPINOR?AT25SF041
  +--> ?PR?_ADC_GETRESULT?ADC
  +--> ?PR?SPI_NOR_WRITE_DATA?AT25SF041
  +--> ?PR?LINEAR_INTERPOLATE?BIPOLARMOTOR
  +--> ?PR?_FINDCLOSESTSAMEDAYCALIBTIME?CALI...
  +--> ?PR?LCD_CLEAR?LCD_DRIVER_SPLC780D
  +--> ?PR?AT25SF041_CHIPERASE?AT25SF041

?PR?LCD_INIT?LCD_DRIVER_SPLC780D                 -----    -----      -----    -----
  +--> ?PR?_WAIT_MS?LCD_DRIVER_SPLC780D
  +--> ?PR?_COMMAND?LCD_DRIVER_SPLC780D

?PR?_COMMAND?LCD_DRIVER_SPLC780D                 -----    -----      -----    -----
  +--> ?PR?_WAIT_MS?LCD_DRIVER_SPLC780D

?PR?SI1120_CONFIG_MODE_VIRH?SI1120               -----    -----      -----    -----
  +--> ?PR?_WAIT_MS?LCD_DRIVER_SPLC780D

?PR?_SPI_WRITETIME?PCF85063BTL                   -----    -----      -----    -----
  +--> ?PR?_SPI_SENDBYTE?PCF85063BTL

?PR?_SPI_SENDBYTE?PCF85063BTL                    -----    -----      -----    -----
BL51 BANKED LINKER/LOCATER V6.22                                                      05/28/2019  15:04:09  PAGE 6


  +--> ?PR?_PCF85063BTL_DELAY?PCF85063BTL

?PR?_DISPLAY_LINE?LCD_DRIVER_SPLC780D            -----    -----      -----    -----
  +--> ?PR?_COMMAND?LCD_DRIVER_SPLC780D

?PR?_WRITEDATA?LCD_DRIVER_SPLC780D               -----    -----      04DEH    0001H
  +--> ?PR?_WAIT_MS?LCD_DRIVER_SPLC780D

?PR?UART1_INITTCPCONN?UART1                      -----    -----      -----    -----
  +--> ?CO?UART1
  +--> ?PR?_SENDSTRING?UART1

?PR?_SENDSTRING?UART1                            -----    -----      03F7H    0003H
  +--> ?PR?_SENDUART1?UART1

?PR?KEY_PROCESS?KEYPAD                           -----    -----      03F4H    0006H
  +--> ?PR?KEY_SCAN?KEYPAD
  +--> ?PR?_SPI_WRITETIME?PCF85063BTL
  +--> ?PR?LCD_CLEAR?LCD_DRIVER_SPLC780D
  +--> ?PR?_COMMAND?LCD_DRIVER_SPLC780D
  +--> ?PR?_WRITEDATA?LCD_DRIVER_SPLC780D

?PR?KEY_SCAN?KEYPAD                              -----    -----      03FAH    0003H

?PR?LCD_CLEAR?LCD_DRIVER_SPLC780D                -----    -----      -----    -----
  +--> ?PR?_COMMAND?LCD_DRIVER_SPLC780D

?PR?_UART1_SENDTOTCPSERVER?UART1                 -----    -----      03F4H    0003H
  +--> ?CO?UART1
  +--> ?PR?_SENDSTRING?UART1
  +--> ?PR?_DELAY_MS?KEYPAD

?PR?_DISPLAY_POS?LCD_DRIVER_SPLC780D             -----    -----      04D3H    000BH
  +--> ?PR?_ABS?LCD_DRIVER_SPLC780D
  +--> ?PR?_WRITEDATA?LCD_DRIVER_SPLC780D

?PR?_DISPLAYLCD?LCD_DRIVER_SPLC780D              -----    -----      03F4H    0001H
  +--> ?PR?_WRITEDATA?LCD_DRIVER_SPLC780D

?PR?_STEP_MOVE?BIPOLARMOTOR                      0020H.2  0000H.1    04D7H    0004H
  +--> ?PR?VONESTEPMOVE?BIPOLARMOTOR

?PR?VONESTEPMOVE?BIPOLARMOTOR                    0020H.3  0000H.1    -----    -----
  +--> ?PR?_WRITE_PI4IOE5V96248?IOEXPANDER_P...
  +--> ?PR?_DELAY_MS?KEYPAD

?PR?_WRITE_PI4IOE5V96248?IOEXPANDER_P...         -----    -----      04DBH    0003H
  +--> ?PR?I2C_START?IOEXPANDER_PI4IOE5V96248
  +--> ?PR?_WAIT_MS_I2C?IOEXPANDER_PI4IOE5V9...
  +--> ?PR?_I2C_SENDBYTE?IOEXPANDER_PI4IOE5V...
  +--> ?PR?I2C_ACK?IOEXPANDER_PI4IOE5V96248
  +--> ?PR?I2C_STOP?IOEXPANDER_PI4IOE5V96248

?PR?I2C_START?IOEXPANDER_PI4IOE5V96248           -----    -----      -----    -----
  +--> ?PR?_WAIT_MS_I2C?IOEXPANDER_PI4IOE5V9...

?PR?_I2C_SENDBYTE?IOEXPANDER_PI4IOE5V...         -----    -----      -----    -----
BL51 BANKED LINKER/LOCATER V6.22                                                      05/28/2019  15:04:09  PAGE 7


  +--> ?PR?_WAIT_MS_I2C?IOEXPANDER_PI4IOE5V9...

?PR?I2C_ACK?IOEXPANDER_PI4IOE5V96248             -----    -----      04DEH    0001H
  +--> ?PR?_WAIT_MS_I2C?IOEXPANDER_PI4IOE5V9...

?PR?I2C_STOP?IOEXPANDER_PI4IOE5V96248            -----    -----      -----    -----
  +--> ?PR?_WAIT_MS_I2C?IOEXPANDER_PI4IOE5V9...

?PR?LCD_RETURN_HOME?LCD_DRIVER_SPLC780D          -----    -----      -----    -----
  +--> ?PR?_COMMAND?LCD_DRIVER_SPLC780D

?PR?_READ_TIME?PCF85063BTL                       -----    -----      03F4H    000FH
  +--> ?PR?_SPI_READTIME?PCF85063BTL

?PR?_SPI_READTIME?PCF85063BTL                    -----    -----      -----    -----
  +--> ?PR?_SPI_SENDBYTE?PCF85063BTL
  +--> ?PR?SPI_RECEIVEBYTE?PCF85063BTL

?PR?SPI_RECEIVEBYTE?PCF85063BTL                  -----    -----      -----    -----
  +--> ?PR?_PCF85063BTL_DELAY?PCF85063BTL

?PR?_ELEVATION_CALCULATION?BIPOLARMOTOR          -----    -----      03F4H    0005H
  +--> ?PR?_BCDTODEC1?BIPOLARMOTOR
  +--> ?PR?SUNPOS?SUNPOS
  +--> ?PR?SIN?SIN
  +--> ?PR?ASIN?ASIN

?PR?SUNPOS?SUNPOS                                -----    -----      043EH    005DH
  +--> ?PR?SIN?SIN
  +--> ?PR?_ATAN2?ATAN2
  +--> ?PR?ASIN?ASIN
  +--> ?PR?ACOS?ACOS

?PR?SIN?SIN                                      0020H.1  0000H.1    049BH    0004H

?PR?_ATAN2?ATAN2                                 -----    -----      049BH    0008H
  +--> ?PR?ATAN?ATAN

?PR?ATAN?ATAN                                    0020H.1  0000H.2    04A3H    0004H

?PR?ASIN?ASIN                                    -----    -----      -----    -----
  +--> ?PR?SQRT?SQRT
  +--> ?PR?ATAN?ATAN

?PR?SQRT?SQRT                                    -----    -----      049BH    0004H

?PR?ACOS?ACOS                                    -----    -----      -----    -----
  +--> ?PR?SQRT?SQRT
  +--> ?PR?ATAN?ATAN

?PR?_CALIBRATION?CALIBRATION                     -----    -----      03F4H    0024H
  +--> ?PR?VOLTAGE_IS_STABLE?CALIBRATION
  +--> ?PR?_UPDATE_POSITION?BIPOLARMOTOR
  +--> ?PR?_FIND_REAL_MAX?CALIBRATION

?PR?VOLTAGE_IS_STABLE?CALIBRATION                -----    -----      0418H    0018H
  +--> ?PR?_ADC_GETRESULT?ADC
BL51 BANKED LINKER/LOCATER V6.22                                                      05/28/2019  15:04:09  PAGE 8


  +--> ?PR?_ABS?LCD_DRIVER_SPLC780D

?PR?_UPDATE_POSITION?BIPOLARMOTOR                -----    -----      0418H    0026H
  +--> ?PR?_BCDTODEC1?BIPOLARMOTOR
  +--> ?PR?SUNPOS?SUNPOS
  +--> ?PR?SIN?SIN
  +--> ?PR?ASIN?ASIN
  +--> ?PR?_THEORICALJP_POSITION?BIPOLARMOTOR
  +--> ?PR?_ABS?LCD_DRIVER_SPLC780D
  +--> ?PR?_MOVE?BIPOLARMOTOR

?PR?_THEORICALJP_POSITION?BIPOLARMOTOR           -----    -----      043EH    005CH
  +--> ?PR?LINEAR_INTERPOLATE?BIPOLARMOTOR

?PR?LINEAR_INTERPOLATE?BIPOLARMOTOR              -----    -----      049AH    0014H

?PR?_MOVE?BIPOLARMOTOR                           0020H.1  0000H.1    04D3H    0004H
  +--> ?PR?_STEP_MOVE?BIPOLARMOTOR

?PR?_FIND_REAL_MAX?CALIBRATION                   -----    -----      0418H    00BBH
  +--> ?PR?_ADC_GETRESULT?ADC
  +--> ?PR?_WAIT_MS?LCD_DRIVER_SPLC780D
  +--> ?PR?AT25SF041_WRITEENABLE?AT25SF041
  +--> ?PR?_AT25SF041_WRITE?AT25SF041
  +--> ?PR?_WAIT_MS_SPINOR?AT25SF041
  +--> ?PR?_COMMAND?LCD_DRIVER_SPLC780D
  +--> ?PR?_WRITEDATA?LCD_DRIVER_SPLC780D
  +--> ?PR?_DISPLAY_POS?LCD_DRIVER_SPLC780D
  +--> ?PR?_MOVE?BIPOLARMOTOR
  +--> ?PR?_MAX_VALUE?CALIBRATION

?PR?AT25SF041_WRITEENABLE?AT25SF041              -----    -----      04D3H    0002H
  +--> ?PR?_WAIT_MS_SPINOR?AT25SF041
  +--> ?PR?UCREAD_STATUS_REGISTER_BYTE1?AT25...

?PR?UCREAD_STATUS_REGISTER_BYTE1?AT25...         -----    -----      04DBH    0003H
  +--> ?PR?_WAIT_MS_SPINOR?AT25SF041

?PR?_AT25SF041_WRITE?AT25SF041                   -----    -----      04D3H    0008H
  +--> ?PR?_WAIT_MS_SPINOR?AT25SF041
  +--> ?PR?UCREAD_STATUS_REGISTER_BYTE1?AT25...

?PR?_MAX_VALUE?CALIBRATION                       -----    -----      04D3H    0004H

?PR?SPI_NOR_WRITE_DATA?AT25SF041                 -----    -----      03F4H    000EH
  +--> ?PR?AT25SF041_WRITEENABLE?AT25SF041
  +--> ?PR?_AT25SF041_WRITE?AT25SF041
  +--> ?PR?_WAIT_MS_SPINOR?AT25SF041

?PR?AT25SF041_CHIPERASE?AT25SF041                -----    -----      03F4H    0002H
  +--> ?PR?_WAIT_MS_SPINOR?AT25SF041
  +--> ?PR?UCREAD_STATUS_REGISTER_BYTE1?AT25...



SYMBOL TABLE OF MODULE:  .\Obj\GPIO_RTC_Test (MAIN)

BL51 BANKED LINKER/LOCATER V6.22                                                      05/28/2019  15:04:09  PAGE 9


  VALUE           TYPE          NAME
  ----------------------------------

  -------         MODULE        MAIN
  C:0000H         SYMBOL        _ICE_DUMMY_
  X:04E7H         PUBLIC        calib_value
  D:0080H         PUBLIC        P0
  D:00B2H         PUBLIC        P3M0
  D:0090H         PUBLIC        P1
  D:00B1H         PUBLIC        P3M1
  D:00A0H         PUBLIC        P2
  D:00B0H         PUBLIC        P3
  D:00C0H         PUBLIC        P4
  D:00C8H         PUBLIC        P5
  X:053BH         SYMBOL        PressedKey
  B:00A8H.7       PUBLIC        EA
  D:00E8H         PUBLIC        P6
  X:053FH         PUBLIC        calib_stamp
  D:00F8H         PUBLIC        P7
  X:0540H         PUBLIC        calib_bool
  X:056AH         PUBLIC        pwm_time_min
  D:00A8H         PUBLIC        IE
  X:056EH         PUBLIC        calib_time
  X:05C2H         PUBLIC        pwm_time_max
  D:00B8H         PUBLIC        IP
  B:0098H.0       PUBLIC        RI
  B:00B0H.2       PUBLIC        INT0
  X:05C6H         PUBLIC        months
  B:0098H.1       PUBLIC        TI
  C:000EH         PUBLIC        Uart
  D:00D8H         PUBLIC        CCON
  C:0026H         PUBLIC        main
  X:05C7H         PUBLIC        count
  X:05C9H         PUBLIC        days
  X:05CAH         PUBLIC        hours
  D:0098H         PUBLIC        SCON
  D:0089H         PUBLIC        TMOD
  D:0088H         PUBLIC        TCON
  B:00A0H.3       PUBLIC        P23
  X:05CBH         SYMBOL        KeyCount
  X:05CDH         PUBLIC        mins
  B:00C8H.5       PUBLIC        P55
  D:008EH         PUBLIC        AUXR
  C:54B8H         PUBLIC        tm0_isr
  B:0090H.5       PUBLIC        SI1120_STX
  C:56EDH         PUBLIC        tm1_isr
  B:0020H.4       PUBLIC        busy
  B:00A8H.1       PUBLIC        ET0
  B:00A8H.3       PUBLIC        ET1
  X:05CEH         PUBLIC        SPI_NOR_INTERNAL_FLASH_ADDR
  D:008CH         PUBLIC        TH0
  D:008DH         PUBLIC        TH1
  D:008AH         PUBLIC        TL0
  D:008BH         PUBLIC        TL1
  B:0088H.4       PUBLIC        TR0
  B:0088H.6       PUBLIC        TR1
  C:46FAH         PUBLIC        exint0
BL51 BANKED LINKER/LOCATER V6.22                                                      05/28/2019  15:04:09  PAGE 10


  X:05D2H         SYMBOL        KeyNum
  X:05D3H         SYMBOL        KeyNum_Old
  X:05D4H         PUBLIC        timer0_count
  X:05D6H         PUBLIC        current_position
  X:05DAH         PUBLIC        pwm_time
  X:05DEH         PUBLIC        start_timer0_count
  X:05DFH         PUBLIC        seconds
  D:00D0H         PUBLIC        PSW
  -------         PROC          TM0_ISR
  C:54B8H         LINE#         98
  C:54BEH         LINE#         102
  C:54C1H         LINE#         103
  C:54C4H         LINE#         104
  C:54D2H         LINE#         105
  -------         ENDPROC       TM0_ISR
  -------         PROC          TM1_ISR
  C:56EDH         LINE#         106
  C:56EDH         LINE#         108
  C:56EFH         LINE#         110
  C:56F2H         LINE#         111
  C:56F5H         LINE#         112
  -------         ENDPROC       TM1_ISR
  -------         PROC          EXINT0
  C:46FAH         LINE#         113
  C:4717H         LINE#         117
  C:471AH         LINE#         118
  C:471AH         LINE#         119
  C:471DH         LINE#         120
  C:4720H         LINE#         121
  C:4722H         LINE#         122
  C:4724H         LINE#         126
  C:4727H         LINE#         129
  C:4727H         LINE#         130
  C:4729H         LINE#         132
  C:4735H         LINE#         133
  C:478EH         LINE#         134
  C:47CCH         LINE#         135
  C:47D3H         LINE#         140
  C:47D3H         LINE#         142
  -------         ENDPROC       EXINT0
  -------         PROC          MAIN
  -------         DO            
  X:04DFH         SYMBOL        KeyCount
  X:04E1H         SYMBOL        KeyNum_Old
  X:04E2H         SYMBOL        KeyNum
  X:04E3H         SYMBOL        PressedKey
  X:03CAH         SYMBOL        prox_flag
  X:03CBH         SYMBOL        iUse_prevday_calib_value
  X:03CDH         SYMBOL        max_ADC_Val_JP
  X:03CFH         SYMBOL        max_ADC_Val
  X:03D1H         SYMBOL        calib_point1
  X:03D9H         SYMBOL        calib_point2
  X:03E1H         SYMBOL        dat_to_store
  X:03ECH         SYMBOL        calib_day
  X:03EEH         SYMBOL        calib_count
  X:03F0H         SYMBOL        theorical_JP_max_pos
  D:0004H         SYMBOL        elevation
BL51 BANKED LINKER/LOCATER V6.22                                                      05/28/2019  15:04:09  PAGE 11


  -------         ENDDO         
  C:0026H         LINE#         144
  C:0026H         LINE#         145
  C:0026H         LINE#         150
  C:002CH         LINE#         151
  C:0031H         LINE#         153
  C:0039H         LINE#         157
  C:003FH         LINE#         158
  C:0049H         LINE#         165
  C:0051H         LINE#         166
  C:0058H         LINE#         167
  C:005EH         LINE#         169
  C:0064H         LINE#         178
  C:0066H         LINE#         179
  C:0069H         LINE#         180
  C:006CH         LINE#         181
  C:006FH         LINE#         182
  C:0072H         LINE#         183
  C:0075H         LINE#         184
  C:0078H         LINE#         186
  C:007BH         LINE#         189
  C:007EH         LINE#         190
  C:0081H         LINE#         192
  C:0084H         LINE#         194
  C:0087H         LINE#         195
  C:008AH         LINE#         196
  C:008DH         LINE#         197
  C:008FH         LINE#         198
  C:0091H         LINE#         199
  C:0094H         LINE#         200
  C:0096H         LINE#         201
  C:0098H         LINE#         203
  C:009AH         LINE#         204
  C:00A1H         LINE#         205
  C:00A8H         LINE#         206
  C:00AFH         LINE#         207
  C:00B6H         LINE#         211
  C:00BDH         LINE#         212
  C:00C2H         LINE#         213
  C:00C7H         LINE#         214
  C:00CCH         LINE#         215
  C:00D1H         LINE#         216
  C:00D6H         LINE#         219
  C:00EFH         LINE#         220
  C:00EFH         LINE#         221
  C:010BH         LINE#         222
  C:0152H         LINE#         223
  C:0163H         LINE#         224
  C:016AH         LINE#         227
  C:016DH         LINE#         228
  C:0176H         LINE#         229
  C:0176H         LINE#         230
  C:0176H         LINE#         231
  C:0179H         LINE#         232
  C:0182H         LINE#         233
  C:018BH         LINE#         237
  C:018BH         LINE#         241
BL51 BANKED LINKER/LOCATER V6.22                                                      05/28/2019  15:04:09  PAGE 12


  C:0190H         LINE#         242
  C:0195H         LINE#         244
  C:019AH         LINE#         246
  C:019FH         LINE#         247
  C:01A4H         LINE#         249
  C:01B5H         LINE#         252
  C:01BAH         LINE#         253
  C:01BFH         LINE#         255
  C:01C6H         LINE#         256
  C:01CEH         LINE#         257
  C:01D3H         LINE#         258
  C:01DBH         LINE#         259
  C:01E0H         LINE#         260
  C:01EAH         LINE#         261
  C:01EFH         LINE#         262
  C:01F7H         LINE#         264
  C:01FFH         LINE#         265
  C:0204H         LINE#         266
  C:020EH         LINE#         267
  C:020EH         LINE#         268
  C:0210H         LINE#         269
  C:0212H         LINE#         270
  C:021CH         LINE#         271
  C:021CH         LINE#         272
  C:0221H         LINE#         273
  C:0221H         LINE#         285
  C:0235H         LINE#         286
  C:0235H         LINE#         287
  C:024AH         LINE#         288
  C:0259H         LINE#         289
  C:0259H         LINE#         290
  C:026CH         LINE#         291
  C:026EH         LINE#         293
  C:026EH         LINE#         294
  C:028AH         LINE#         295
  C:028AH         LINE#         296
  C:028FH         LINE#         297
  C:028FH         LINE#         298
  C:02A3H         LINE#         299
  C:02A3H         LINE#         302
  C:02B8H         LINE#         303
  C:02C7H         LINE#         304
  C:02C7H         LINE#         305
  C:02DAH         LINE#         306
  C:02DCH         LINE#         308
  C:02DCH         LINE#         309
  C:02F8H         LINE#         310
  C:02F8H         LINE#         311
  C:02FDH         LINE#         312
  C:0303H         LINE#         313
  C:0303H         LINE#         315
  C:0325H         LINE#         316
  C:0325H         LINE#         317
  C:032FH         LINE#         318
  C:0335H         LINE#         319
  C:033CH         LINE#         320
  C:0342H         LINE#         321
BL51 BANKED LINKER/LOCATER V6.22                                                      05/28/2019  15:04:09  PAGE 13


  C:0349H         LINE#         322
  C:0349H         LINE#         323
  C:034CH         LINE#         325
  C:034CH         LINE#         330
  C:0387H         LINE#         334
  C:0394H         LINE#         335
  C:0394H         LINE#         339
  C:0394H         LINE#         340
  C:03BCH         LINE#         341
  C:03BCH         LINE#         342
  C:03DEH         LINE#         343
  C:03DEH         LINE#         345
  C:03FEH         LINE#         349
  C:042DH         LINE#         357
  C:042DH         LINE#         358
  C:04A9H         LINE#         359
  C:04C2H         LINE#         360
  C:054CH         LINE#         362
  C:057DH         LINE#         363
  C:057DH         LINE#         365
  C:05B3H         LINE#         366
  C:05D6H         LINE#         367
  C:05EBH         LINE#         370
  C:05EBH         LINE#         371
  C:05EEH         LINE#         373
  C:05EEH         LINE#         375
  C:05F5H         LINE#         376
  C:05F5H         LINE#         377
  C:05F8H         LINE#         378
  C:0616H         LINE#         379
  C:061DH         LINE#         380
  C:063CH         LINE#         381
  C:065BH         LINE#         383
  C:06D7H         LINE#         384
  C:06EFH         LINE#         387
  C:0747H         LINE#         388
  C:0782H         LINE#         389
  C:078FH         LINE#         390
  C:079EH         LINE#         391
  C:079EH         LINE#         393
  C:07A6H         LINE#         394
  C:07AEH         LINE#         395
  C:07B6H         LINE#         396
  C:07BEH         LINE#         398
  C:07D2H         LINE#         399
  C:07E8H         LINE#         400
  C:0818H         LINE#         401
  C:0838H         LINE#         403
  C:084CH         LINE#         404
  C:0862H         LINE#         405
  C:0892H         LINE#         406
  C:0899H         LINE#         408
  C:08BDH         LINE#         411
  C:08BFH         LINE#         413
  C:08CDH         LINE#         414
  C:08CDH         LINE#         415
  C:08D5H         LINE#         417
BL51 BANKED LINKER/LOCATER V6.22                                                      05/28/2019  15:04:09  PAGE 14


  C:08D5H         LINE#         420
  C:08D5H         LINE#         421
  C:08E2H         LINE#         422
  C:08E2H         LINE#         423
  C:0904H         LINE#         424
  C:0904H         LINE#         425
  C:0980H         LINE#         426
  C:09D5H         LINE#         427
  C:09D5H         LINE#         429
  C:09D8H         LINE#         433
  C:09D8H         LINE#         436
  C:09FAH         LINE#         437
  C:09FAH         LINE#         438
  C:0A76H         LINE#         440
  C:0AA3H         LINE#         441
  C:0ABEH         LINE#         442
  C:0AEBH         LINE#         443
  C:0B1EH         LINE#         444
  C:0B1EH         LINE#         445
  C:0B48H         LINE#         446
  C:0BE1H         LINE#         447
  C:0BE3H         LINE#         449
  C:0BE3H         LINE#         450
  C:0C46H         LINE#         451
  C:0C46H         LINE#         455
  C:0C46H         LINE#         457
  C:0C46H         LINE#         458
  C:0C46H         LINE#         460
  C:0C46H         LINE#         463
  C:0C62H         LINE#         464
  C:0C66H         LINE#         466
  C:0C68H         LINE#         469
  C:0C77H         LINE#         470
  C:0C77H         LINE#         471
  C:0C7AH         LINE#         472
  C:0C81H         LINE#         473
  C:0C86H         LINE#         474
  C:0C8BH         LINE#         475
  C:0C90H         LINE#         476
  C:0C95H         LINE#         477
  C:0C9AH         LINE#         487
  C:0C9DH         LINE#         489
  C:0CA0H         LINE#         490
  C:0CA7H         LINE#         491
  C:0CB1H         LINE#         492
  C:0CB8H         LINE#         494
  C:0CBBH         LINE#         503
  C:0CBBH         LINE#         504
  -------         ENDPROC       MAIN
  -------         PROC          UART
  C:000EH         LINE#         518
  C:000EH         LINE#         520
  C:0011H         LINE#         521
  C:0011H         LINE#         522
  C:0013H         LINE#         524
  C:0013H         LINE#         525
  C:0016H         LINE#         526
BL51 BANKED LINKER/LOCATER V6.22                                                      05/28/2019  15:04:09  PAGE 15


  C:0016H         LINE#         527
  C:0018H         LINE#         528
  C:001AH         LINE#         529
  C:001AH         LINE#         530
  -------         ENDPROC       UART
  -------         ENDMOD        MAIN

  -------         MODULE        PCF85063BTL
  C:0000H         SYMBOL        _ICE_DUMMY_
  D:0096H         PUBLIC        P2M0
  D:0080H         PUBLIC        P0
  D:0095H         PUBLIC        P2M1
  D:0090H         PUBLIC        P1
  D:00A0H         PUBLIC        P2
  D:00B0H         PUBLIC        P3
  D:00C0H         PUBLIC        P4
  D:00C8H         PUBLIC        P5
  D:00E8H         PUBLIC        P6
  B:00A0H.1       PUBLIC        PCF85063BTL_SDI
  D:00F8H         PUBLIC        P7
  B:00A0H.2       PUBLIC        PCF85063BTL_SCK
  B:00A0H.1       PUBLIC        PCF85063BTL_SDO
  D:00A8H         PUBLIC        IE
  C:5013H         PUBLIC        _Read_time
  C:5613H         PUBLIC        _PCF85063BTL_Delay
  D:00B8H         PUBLIC        IP
  D:00D8H         PUBLIC        CCON
  C:4EA0H         PUBLIC        _Day_Of_Year
  C:54F9H         PUBLIC        SPI_ReceiveByte
  D:0098H         PUBLIC        SCON
  D:0088H         PUBLIC        TCON
  C:565AH         PUBLIC        _BCDtoDec
  B:00A0H.0       PUBLIC        PCF85063BTL_CS
  C:5649H         PUBLIC        _SPI_ReadTime
  C:56A9H         PUBLIC        SPI_Init
  C:5589H         PUBLIC        _SPI_WriteTime
  C:54D9H         PUBLIC        _SPI_SendByte
  D:00D0H         PUBLIC        PSW
  C:560FH         SYMBOL        L?0048
  -------         PROC          L?0047
  -------         ENDPROC       L?0047
  C:560FH         SYMBOL        L?0048
  -------         PROC          _PCF85063BTL_DELAY
  D:0006H         SYMBOL        us
  C:5613H         LINE#         8
  C:5613H         LINE#         9
  C:5613H         LINE#         10
  C:561DH         LINE#         11
  C:561DH         LINE#         12
  C:561EH         LINE#         13
  C:5620H         LINE#         14
  -------         ENDPROC       _PCF85063BTL_DELAY
  -------         PROC          _SPI_SENDBYTE
  D:0005H         SYMBOL        dat
  -------         DO            
  D:0003H         SYMBOL        i
  -------         ENDDO         
BL51 BANKED LINKER/LOCATER V6.22                                                      05/28/2019  15:04:09  PAGE 16


  C:54D9H         LINE#         17
  C:54DBH         LINE#         18
  C:54DBH         LINE#         20
  C:54DDH         LINE#         21
  C:54DDH         LINE#         22
  C:54DFH         LINE#         23
  C:54E3H         LINE#         24
  C:54E3H         LINE#         25
  C:54E5H         LINE#         26
  C:54E7H         LINE#         28
  C:54E7H         LINE#         29
  C:54E9H         LINE#         30
  C:54E9H         LINE#         31
  C:54ECH         LINE#         32
  C:54ECH         LINE#         33
  C:54EFH         LINE#         34
  C:54F3H         LINE#         35
  C:54F8H         LINE#         36
  -------         ENDPROC       _SPI_SENDBYTE
  -------         PROC          SPI_RECEIVEBYTE
  -------         DO            
  D:0003H         SYMBOL        i
  D:0005H         SYMBOL        dat
  -------         ENDDO         
  C:54F9H         LINE#         39
  C:54F9H         LINE#         40
  C:54F9H         LINE#         42
  C:54FBH         LINE#         44
  C:54FDH         LINE#         45
  C:54FEH         LINE#         46
  C:54FEH         LINE#         47
  C:5502H         LINE#         48
  C:5504H         LINE#         49
  C:5507H         LINE#         51
  C:550AH         LINE#         52
  C:550AH         LINE#         53
  C:550EH         LINE#         54
  C:550EH         LINE#         55
  C:550EH         LINE#         56
  C:5511H         LINE#         57
  C:5516H         LINE#         58
  C:5518H         LINE#         59
  -------         ENDPROC       SPI_RECEIVEBYTE
  -------         PROC          _SPI_READTIME
  D:0007H         SYMBOL        addr
  -------         DO            
  D:0006H         SYMBOL        dat
  -------         ENDDO         
  C:5649H         LINE#         61
  C:5649H         LINE#         62
  C:5649H         LINE#         64
  C:564BH         LINE#         65
  C:564DH         LINE#         66
  C:5654H         LINE#         67
  C:5657H         LINE#         68
  C:5659H         LINE#         69
  C:5659H         LINE#         70
BL51 BANKED LINKER/LOCATER V6.22                                                      05/28/2019  15:04:09  PAGE 17


  -------         ENDPROC       _SPI_READTIME
  -------         PROC          _SPI_WRITETIME
  D:0002H         SYMBOL        val
  D:0005H         SYMBOL        addr
  C:5589H         LINE#         71
  C:558BH         LINE#         72
  C:558BH         LINE#         74
  C:558DH         LINE#         75
  C:5594H         LINE#         76
  C:5599H         LINE#         77
  C:559EH         LINE#         78
  C:55A0H         LINE#         79
  -------         ENDPROC       _SPI_WRITETIME
  -------         PROC          SPI_INIT
  C:56A9H         LINE#         83
  C:56A9H         LINE#         84
  C:56A9H         LINE#         89
  C:56ACH         LINE#         90
  C:56AFH         LINE#         91
  C:56B1H         LINE#         92
  C:56B3H         LINE#         93
  C:56B5H         LINE#         94
  -------         ENDPROC       SPI_INIT
  -------         PROC          _READ_TIME
  X:03F4H         SYMBOL        months
  X:03F7H         SYMBOL        days
  X:03FAH         SYMBOL        hours
  X:03FDH         SYMBOL        mins
  X:0400H         SYMBOL        seconds
  C:5013H         LINE#         96
  C:501EH         LINE#         97
  C:501EH         LINE#         99
  C:5032H         LINE#         101
  C:5046H         LINE#         103
  C:505AH         LINE#         108
  C:506EH         LINE#         113
  -------         ENDPROC       _READ_TIME
  -------         PROC          _BCDTODEC
  D:0007H         SYMBOL        bcd
  -------         DO            
  D:0006H         SYMBOL        hi
  D:0007H         SYMBOL        lo
  -------         ENDDO         
  C:565AH         LINE#         119
  C:565AH         LINE#         120
  C:565AH         LINE#         122
  C:565FH         LINE#         123
  C:5663H         LINE#         124
  C:566AH         LINE#         125
  -------         ENDPROC       _BCDTODEC
  -------         PROC          _DAY_OF_YEAR
  D:0007H         SYMBOL        months_bcd
  D:0005H         SYMBOL        days_bcd
  -------         DO            
  D:0004H         SYMBOL        months
  D:0007H         SYMBOL        days
  -------         ENDDO         
BL51 BANKED LINKER/LOCATER V6.22                                                      05/28/2019  15:04:09  PAGE 18


  C:4EA0H         LINE#         126
  C:4EA0H         LINE#         127
  C:4EA0H         LINE#         130
  C:4EA5H         LINE#         132
  C:4EAAH         LINE#         134
  C:4EE3H         LINE#         135
  C:4EE3H         LINE#         136
  C:4EE3H         LINE#         137
  C:4EE6H         LINE#         138
  C:4EE6H         LINE#         139
  C:4EE6H         LINE#         140
  C:4EEBH         LINE#         141
  C:4EEBH         LINE#         142
  C:4EEBH         LINE#         143
  C:4EF0H         LINE#         144
  C:4EF0H         LINE#         145
  C:4EF0H         LINE#         146
  C:4EF5H         LINE#         147
  C:4EF5H         LINE#         148
  C:4EF5H         LINE#         149
  C:4EFAH         LINE#         150
  C:4EFAH         LINE#         151
  C:4EFAH         LINE#         152
  C:4EFFH         LINE#         153
  C:4EFFH         LINE#         154
  C:4EFFH         LINE#         155
  C:4F04H         LINE#         156
  C:4F04H         LINE#         157
  C:4F04H         LINE#         158
  C:4F09H         LINE#         159
  C:4F09H         LINE#         160
  C:4F09H         LINE#         161
  C:4F11H         LINE#         162
  C:4F11H         LINE#         163
  C:4F11H         LINE#         164
  C:4F16H         LINE#         165
  C:4F16H         LINE#         166
  C:4F16H         LINE#         167
  C:4F1BH         LINE#         168
  C:4F1BH         LINE#         169
  C:4F1BH         LINE#         170
  C:4F24H         LINE#         171
  C:4F24H         LINE#         172
  C:4F24H         LINE#         173
  C:4F27H         LINE#         174
  C:4F27H         LINE#         175
  -------         ENDPROC       _DAY_OF_YEAR
  -------         ENDMOD        PCF85063BTL

  -------         MODULE        LCD_DRIVER_SPLC780D
  C:0000H         SYMBOL        _ICE_DUMMY_
  D:0092H         PUBLIC        P1M0
  D:0091H         PUBLIC        P1M1
  D:0080H         PUBLIC        P0
  D:0090H         PUBLIC        P1
  D:00A0H         PUBLIC        P2
  D:00B0H         PUBLIC        P3
BL51 BANKED LINKER/LOCATER V6.22                                                      05/28/2019  15:04:09  PAGE 19


  D:00C0H         PUBLIC        P4
  D:00C8H         PUBLIC        P5
  D:00E8H         PUBLIC        P6
  D:00F8H         PUBLIC        P7
  C:4F2CH         PUBLIC        _WriteData
  D:00A8H         PUBLIC        IE
  D:00B8H         PUBLIC        IP
  D:00D8H         PUBLIC        CCON
  B:00B0H.4       PUBLIC        LCD_D4
  B:00B0H.5       PUBLIC        LCD_D5
  B:00B0H.6       PUBLIC        LCD_D6
  C:5537H         PUBLIC        _DisplayLCD
  B:00B0H.7       PUBLIC        LCD_D7
  D:0098H         PUBLIC        SCON
  D:0088H         PUBLIC        TCON
  C:5621H         PUBLIC        _abs
  C:56E3H         PUBLIC        LCD_clear
  C:520DH         PUBLIC        _Command
  C:55CEH         PUBLIC        _Display_Line
  C:50DCH         PUBLIC        LCD_Init
  C:549AH         PUBLIC        _Wait_ms
  B:00C0H.0       PUBLIC        LCD_RS
  B:0090H.3       PUBLIC        LCD_RW
  C:56D9H         PUBLIC        LCD_return_home
  C:4148H         PUBLIC        _Display_Pos
  B:00B0H.3       PUBLIC        LCD_E
  D:00D0H         PUBLIC        PSW
  -------         PROC          LCD_INIT
  C:50DCH         LINE#         9
  C:50DCH         LINE#         10
  C:50DCH         LINE#         11
  C:50DFH         LINE#         12
  C:50E2H         LINE#         14
  C:50E8H         LINE#         15
  C:50EDH         LINE#         17
  C:50F4H         LINE#         18
  C:50F9H         LINE#         20
  C:50FCH         LINE#         21
  C:5101H         LINE#         23
  C:5104H         LINE#         24
  C:5109H         LINE#         26
  C:5110H         LINE#         29
  C:5115H         LINE#         30
  C:511AH         LINE#         32
  C:511FH         LINE#         33
  C:5124H         LINE#         35
  C:5129H         LINE#         36
  C:512EH         LINE#         37
  -------         ENDPROC       LCD_INIT
  C:4F28H         SYMBOL        L?0038
  -------         PROC          L?0037
  -------         ENDPROC       L?0037
  C:4F28H         SYMBOL        L?0038
  -------         PROC          _WRITEDATA
  X:04DEH         SYMBOL        dat
  C:4F2CH         LINE#         40
  C:4F31H         LINE#         41
BL51 BANKED LINKER/LOCATER V6.22                                                      05/28/2019  15:04:09  PAGE 20


  C:4F31H         LINE#         46
  C:4F33H         LINE#         47
  C:4F35H         LINE#         49
  C:4F43H         LINE#         50
  C:4F4FH         LINE#         51
  C:4F5BH         LINE#         52
  C:4F65H         LINE#         53
  C:4F67H         LINE#         54
  C:4F6EH         LINE#         55
  C:4F70H         LINE#         57
  C:4F80H         LINE#         58
  C:4F8BH         LINE#         59
  C:4F95H         LINE#         60
  C:4F99H         LINE#         62
  C:4F99H         LINE#         63
  C:4F9CH         LINE#         64
  C:4F9EH         LINE#         65
  C:4FA0H         LINE#         67
  -------         ENDPROC       _WRITEDATA
  -------         PROC          _COMMAND
  D:0007H         SYMBOL        dat
  C:520DH         LINE#         69
  C:520DH         LINE#         70
  C:520DH         LINE#         71
  C:520FH         LINE#         72
  C:5211H         LINE#         74
  C:521BH         LINE#         75
  C:521FH         LINE#         77
  C:5221H         LINE#         78
  C:522AH         LINE#         79
  C:522EH         LINE#         81
  C:5230H         LINE#         82
  C:5237H         LINE#         83
  C:523BH         LINE#         85
  C:523DH         LINE#         86
  C:5241H         LINE#         87
  C:5245H         LINE#         89
  C:5247H         LINE#         90
  C:5247H         LINE#         91
  C:524AH         LINE#         92
  C:524CH         LINE#         93
  -------         ENDPROC       _COMMAND
  C:5496H         SYMBOL        L?0040
  -------         PROC          L?0039
  -------         ENDPROC       L?0039
  C:5496H         SYMBOL        L?0040
  -------         PROC          _WAIT_MS
  D:0006H         SYMBOL        ms
  -------         DO            
  D:0004H         SYMBOL        De_Cnt
  -------         ENDDO         
  C:549AH         LINE#         95
  C:549AH         LINE#         96
  C:549AH         LINE#         98
  C:54A4H         LINE#         99
  C:54A4H         LINE#         100
  C:54B7H         LINE#         101
BL51 BANKED LINKER/LOCATER V6.22                                                      05/28/2019  15:04:09  PAGE 21


  C:54B7H         LINE#         102
  -------         ENDPROC       _WAIT_MS
  -------         PROC          _DISPLAYLCD
  D:0007H         SYMBOL        BCD
  -------         DO            
  D:0006H         SYMBOL        first_digit
  X:03F4H         SYMBOL        second_digit
  -------         ENDDO         
  C:5537H         LINE#         103
  C:5537H         LINE#         104
  C:5537H         LINE#         106
  C:553EH         LINE#         107
  C:5547H         LINE#         109
  C:554CH         LINE#         111
  -------         ENDPROC       _DISPLAYLCD
  -------         PROC          LCD_RETURN_HOME
  C:56D9H         LINE#         115
  C:56D9H         LINE#         116
  C:56D9H         LINE#         117
  C:56DEH         LINE#         118
  -------         ENDPROC       LCD_RETURN_HOME
  -------         PROC          LCD_CLEAR
  C:56E3H         LINE#         121
  C:56E3H         LINE#         122
  C:56E3H         LINE#         123
  C:56E8H         LINE#         124
  -------         ENDPROC       LCD_CLEAR
  -------         PROC          _DISPLAY_LINE
  D:0006H         SYMBOL        line
  C:55CEH         LINE#         128
  C:55CEH         LINE#         129
  C:55CEH         LINE#         130
  C:55D4H         LINE#         131
  C:55D4H         LINE#         132
  C:55D6H         LINE#         133
  C:55D6H         LINE#         134
  C:55D8H         LINE#         136
  C:55D8H         LINE#         137
  C:55DDH         LINE#         138
  C:55E2H         LINE#         139
  C:55E2H         LINE#         140
  -------         ENDPROC       _DISPLAY_LINE
  -------         PROC          _DISPLAY_POS
  X:04D3H         SYMBOL        sign_dat
  -------         DO            
  X:04D7H         SYMBOL        unit
  X:04D8H         SYMBOL        ten
  X:04D9H         SYMBOL        hundred
  X:04DAH         SYMBOL        thousand
  X:04DBH         SYMBOL        after_dot
  X:04DCH         SYMBOL        dat
  -------         ENDDO         
  C:4148H         LINE#         142
  C:414EH         LINE#         143
  C:414EH         LINE#         147
  C:416AH         LINE#         148
  C:4184H         LINE#         149
BL51 BANKED LINKER/LOCATER V6.22                                                      05/28/2019  15:04:09  PAGE 22


  C:41A8H         LINE#         151
  C:41F2H         LINE#         153
  C:4209H         LINE#         154
  C:421BH         LINE#         155
  C:4240H         LINE#         156
  C:425AH         LINE#         157
  C:4272H         LINE#         158
  C:4272H         LINE#         159
  C:4272H         LINE#         160
  C:4272H         LINE#         161
  C:4272H         LINE#         162
  C:4272H         LINE#         163
  C:4272H         LINE#         164
  C:4272H         LINE#         168
  C:4274H         LINE#         170
  C:4274H         LINE#         172
  C:4279H         LINE#         173
  C:427FH         LINE#         174
  C:4285H         LINE#         175
  C:428BH         LINE#         176
  C:4291H         LINE#         177
  C:4296H         LINE#         178
  C:429CH         LINE#         182
  C:429CH         LINE#         184
  -------         ENDPROC       _DISPLAY_POS
  -------         PROC          _ABS
  D:0006H         SYMBOL        dat
  C:5621H         LINE#         186
  C:5621H         LINE#         187
  C:5621H         LINE#         188
  C:562CH         LINE#         189
  C:562DH         LINE#         191
  C:5634H         LINE#         192
  -------         ENDPROC       _ABS
  -------         ENDMOD        LCD_DRIVER_SPLC780D

  -------         MODULE        KEYPAD
  C:0000H         SYMBOL        _ICE_DUMMY_
  D:0093H         PUBLIC        P0M1
  D:0080H         PUBLIC        P0
  D:0090H         PUBLIC        P1
  D:00A0H         PUBLIC        P2
  D:00B0H         PUBLIC        P3
  D:00C0H         PUBLIC        P4
  D:00C8H         PUBLIC        P5
  D:00E8H         PUBLIC        P6
  D:00F8H         PUBLIC        P7
  D:00A8H         PUBLIC        IE
  C:3B44H         PUBLIC        Key_Scan
  D:00B8H         PUBLIC        IP
  D:00D8H         PUBLIC        CCON
  C:56C3H         PUBLIC        KeyPad_IO_Init
  C:5519H         PUBLIC        _Delay_ms
  D:0098H         PUBLIC        SCON
  D:0088H         PUBLIC        TCON
  X:05EFH         PUBLIC        small_move
  X:05F1H         PUBLIC        move
BL51 BANKED LINKER/LOCATER V6.22                                                      05/28/2019  15:04:09  PAGE 23


  X:05F3H         PUBLIC        auto_mode
  X:05F5H         PUBLIC        direction
  X:05F7H         PUBLIC        SPI_NOR_ClearEnable
  C:3271H         PUBLIC        Key_Process
  D:00D0H         PUBLIC        PSW
  D:0094H         PUBLIC        P0M0
  -------         PROC          _DELAY_MS
  D:0006H         SYMBOL        ms
  -------         DO            
  D:0004H         SYMBOL        De_Cnt
  -------         ENDDO         
  C:5519H         LINE#         20
  C:5519H         LINE#         21
  C:5519H         LINE#         23
  C:5523H         LINE#         24
  C:5523H         LINE#         25
  C:5536H         LINE#         26
  C:5536H         LINE#         27
  -------         ENDPROC       _DELAY_MS
  -------         PROC          KEY_SCAN
  -------         DO            
  X:03FAH         SYMBOL        KeyTemp1
  X:03FBH         SYMBOL        KeyTemp2
  X:03FCH         SYMBOL        KeyValue
  -------         ENDDO         
  C:3B44H         LINE#         28
  C:3B44H         LINE#         29
  C:3B44H         LINE#         34
  C:3B47H         LINE#         37
  C:3B4AH         LINE#         39
  C:3B52H         LINE#         40
  C:3B59H         LINE#         41
  C:3B59H         LINE#         43
  C:3B5EH         LINE#         44
  C:3B65H         LINE#         45
  C:3B65H         LINE#         48
  C:3B68H         LINE#         49
  C:3B6BH         LINE#         50
  C:3B70H         LINE#         51
  C:3B74H         LINE#         52
  C:3B74H         LINE#         53
  C:3B7CH         LINE#         54
  C:3B7CH         LINE#         55
  C:3B7FH         LINE#         56
  C:3B87H         LINE#         57
  C:3B89H         LINE#         59
  C:3B9DH         LINE#         60
  C:3B9DH         LINE#         61
  C:3B9DH         LINE#         62
  C:3B9DH         LINE#         63
  C:3BA3H         LINE#         65
  C:3BA5H         LINE#         66
  C:3BA5H         LINE#         67
  C:3BA5H         LINE#         68
  C:3BABH         LINE#         70
  C:3BADH         LINE#         71
  C:3BADH         LINE#         72
BL51 BANKED LINKER/LOCATER V6.22                                                      05/28/2019  15:04:09  PAGE 24


  C:3BADH         LINE#         73
  C:3BB3H         LINE#         75
  C:3BB5H         LINE#         76
  C:3BB5H         LINE#         77
  C:3BB5H         LINE#         78
  C:3BBBH         LINE#         80
  C:3BBBH         LINE#         81
  C:3BBBH         LINE#         82
  C:3BBBH         LINE#         85
  C:3BBEH         LINE#         86
  C:3BC1H         LINE#         87
  C:3BC9H         LINE#         88
  C:3BCDH         LINE#         89
  C:3BCDH         LINE#         90
  C:3BD5H         LINE#         91
  C:3BD5H         LINE#         92
  C:3BD8H         LINE#         93
  C:3BE0H         LINE#         94
  C:3BE2H         LINE#         95
  C:3BF6H         LINE#         96
  C:3BF6H         LINE#         97
  C:3BF6H         LINE#         98
  C:3BF6H         LINE#         99
  C:3BFCH         LINE#         101
  C:3BFEH         LINE#         102
  C:3BFEH         LINE#         103
  C:3BFEH         LINE#         104
  C:3C04H         LINE#         106
  C:3C06H         LINE#         107
  C:3C06H         LINE#         108
  C:3C06H         LINE#         109
  C:3C0CH         LINE#         111
  C:3C0EH         LINE#         112
  C:3C0EH         LINE#         113
  C:3C0EH         LINE#         114
  C:3C13H         LINE#         116
  C:3C13H         LINE#         117
  C:3C13H         LINE#         118
  C:3C13H         LINE#         121
  C:3C16H         LINE#         122
  C:3C19H         LINE#         123
  C:3C21H         LINE#         124
  C:3C25H         LINE#         125
  C:3C25H         LINE#         126
  C:3C2DH         LINE#         127
  C:3C2DH         LINE#         128
  C:3C30H         LINE#         129
  C:3C38H         LINE#         130
  C:3C3AH         LINE#         131
  C:3C4EH         LINE#         132
  C:3C4EH         LINE#         133
  C:3C4EH         LINE#         134
  C:3C4EH         LINE#         135
  C:3C54H         LINE#         137
  C:3C56H         LINE#         138
  C:3C56H         LINE#         139
  C:3C56H         LINE#         140
BL51 BANKED LINKER/LOCATER V6.22                                                      05/28/2019  15:04:09  PAGE 25


  C:3C5CH         LINE#         142
  C:3C5EH         LINE#         143
  C:3C5EH         LINE#         144
  C:3C5EH         LINE#         145
  C:3C64H         LINE#         147
  C:3C66H         LINE#         148
  C:3C66H         LINE#         149
  C:3C66H         LINE#         150
  C:3C6CH         LINE#         152
  C:3C6CH         LINE#         153
  C:3C6CH         LINE#         154
  C:3C6CH         LINE#         158
  C:3C6FH         LINE#         159
  C:3C72H         LINE#         160
  C:3C7AH         LINE#         161
  C:3C7EH         LINE#         162
  C:3C7EH         LINE#         163
  C:3C86H         LINE#         164
  C:3C86H         LINE#         165
  C:3C89H         LINE#         166
  C:3C91H         LINE#         167
  C:3C93H         LINE#         168
  C:3CA7H         LINE#         169
  C:3CA7H         LINE#         170
  C:3CA7H         LINE#         171
  C:3CA7H         LINE#         172
  C:3CADH         LINE#         174
  C:3CAFH         LINE#         175
  C:3CAFH         LINE#         176
  C:3CAFH         LINE#         177
  C:3CB5H         LINE#         179
  C:3CB7H         LINE#         180
  C:3CB7H         LINE#         181
  C:3CB7H         LINE#         182
  C:3CBDH         LINE#         184
  C:3CBFH         LINE#         185
  C:3CBFH         LINE#         186
  C:3CBFH         LINE#         187
  C:3CC5H         LINE#         189
  C:3CC5H         LINE#         190
  C:3CC5H         LINE#         191
  C:3CC5H         LINE#         193
  C:3CCBH         LINE#         194
  C:3CCBH         LINE#         196
  C:3CCBH         LINE#         197
  C:3CCEH         LINE#         198
  C:3CCEH         LINE#         199
  C:3CCEH         LINE#         201
  C:3CCEH         LINE#         202
  C:3CD0H         LINE#         203
  C:3CD0H         LINE#         204
  -------         ENDPROC       KEY_SCAN
  -------         PROC          KEY_PROCESS
  -------         DO            
  X:05E0H         SYMBOL        KeyCount
  X:05E1H         SYMBOL        KeyNum_Old
  X:05E3H         SYMBOL        KeyNum
BL51 BANKED LINKER/LOCATER V6.22                                                      05/28/2019  15:04:09  PAGE 26


  X:05E5H         SYMBOL        PressedKey
  X:03F4H         SYMBOL        d
  D:0002H         SYMBOL        hours
  D:0006H         SYMBOL        mins
  X:03F6H         SYMBOL        months
  X:03F8H         SYMBOL        days
  -------         ENDDO         
  C:3271H         LINE#         205
  C:3271H         LINE#         206
  C:3271H         LINE#         210
  C:3280H         LINE#         211
  C:328DH         LINE#         213
  C:3291H         LINE#         214
  C:3291H         LINE#         215
  C:3297H         LINE#         217
  C:3297H         LINE#         218
  C:32AEH         LINE#         219
  C:32AEH         LINE#         220
  C:32B8H         LINE#         221
  C:32BEH         LINE#         223
  C:32C4H         LINE#         225
  C:32C4H         LINE#         226
  C:32DBH         LINE#         227
  C:32DBH         LINE#         228
  C:32E0H         LINE#         230
  C:32E0H         LINE#         231
  C:32F0H         LINE#         232
  C:32F0H         LINE#         233
  C:32F6H         LINE#         235
  C:32F6H         LINE#         236
  C:3308H         LINE#         237
  C:3308H         LINE#         238
  C:3312H         LINE#         239
  C:331AH         LINE#         241
  C:3323H         LINE#         243
  C:3323H         LINE#         252
  C:3342H         LINE#         253
  C:3342H         LINE#         254
  C:3361H         LINE#         255
  C:3367H         LINE#         256
  C:336FH         LINE#         257
  C:336FH         LINE#         259
  C:3370H         LINE#         265
  C:337CH         LINE#         266
  C:337CH         LINE#         267
  C:3399H         LINE#         268
  C:33B0H         LINE#         269
  C:33C7H         LINE#         270
  C:33C7H         LINE#         271
  C:33DAH         LINE#         272
  C:33EDH         LINE#         273
  C:33EDH         LINE#         274
  C:33EDH         LINE#         275
  C:33F0H         LINE#         280
  C:33FFH         LINE#         281
  C:33FFH         LINE#         282
  C:3422H         LINE#         283
BL51 BANKED LINKER/LOCATER V6.22                                                      05/28/2019  15:04:09  PAGE 27


  C:343FH         LINE#         284
  C:3448H         LINE#         285
  C:3448H         LINE#         286
  C:344FH         LINE#         287
  C:344FH         LINE#         288
  C:3460H         LINE#         289
  C:3460H         LINE#         290
  C:346FH         LINE#         291
  C:346FH         LINE#         292
  C:346FH         LINE#         293
  C:3472H         LINE#         295
  C:3472H         LINE#         296
  C:347EH         LINE#         297
  C:347EH         LINE#         298
  C:3490H         LINE#         299
  C:3490H         LINE#         300
  C:34A0H         LINE#         301
  C:34A0H         LINE#         302
  C:34A0H         LINE#         304
  C:34A2H         LINE#         306
  C:34A2H         LINE#         307
  C:34B1H         LINE#         308
  C:34B1H         LINE#         309
  C:34C1H         LINE#         310
  C:34C1H         LINE#         311
  C:34C1H         LINE#         313
  C:34C1H         LINE#         315
  C:34C1H         LINE#         316
  C:34C3H         LINE#         318
  C:34C3H         LINE#         319
  C:34CAH         LINE#         320
  C:34CAH         LINE#         321
  C:34D9H         LINE#         322
  C:34D9H         LINE#         323
  C:34E9H         LINE#         324
  C:34E9H         LINE#         325
  C:34E9H         LINE#         326
  C:34EBH         LINE#         328
  C:34EBH         LINE#         329
  C:34FAH         LINE#         330
  C:34FAH         LINE#         331
  C:350DH         LINE#         332
  C:3520H         LINE#         333
  C:3520H         LINE#         334
  C:3520H         LINE#         335
  C:3520H         LINE#         336
  C:3529H         LINE#         338
  C:3529H         LINE#         340
  C:3563H         LINE#         341
  C:3563H         LINE#         342
  C:356AH         LINE#         343
  C:356AH         LINE#         344
  C:3574H         LINE#         345
  C:3574H         LINE#         346
  C:3577H         LINE#         347
  C:357CH         LINE#         348
  C:3581H         LINE#         349
BL51 BANKED LINKER/LOCATER V6.22                                                      05/28/2019  15:04:09  PAGE 28


  C:3586H         LINE#         350
  C:358BH         LINE#         351
  C:3590H         LINE#         352
  C:3595H         LINE#         353
  C:359AH         LINE#         354
  C:359AH         LINE#         355
  C:359AH         LINE#         357
  C:35B8H         LINE#         358
  C:35B8H         LINE#         359
  C:35BFH         LINE#         360
  C:35BFH         LINE#         361
  C:35C4H         LINE#         362
  C:35CDH         LINE#         363
  C:35ECH         LINE#         364
  C:35ECH         LINE#         365
  C:35FCH         LINE#         367
  C:35FCH         LINE#         371
  -------         ENDPROC       KEY_PROCESS
  -------         PROC          KEYPAD_IO_INIT
  C:56C3H         LINE#         374
  C:56C3H         LINE#         375
  C:56C3H         LINE#         376
  C:56C6H         LINE#         377
  C:56C9H         LINE#         378
  C:56CCH         LINE#         379
  C:56CEH         LINE#         380
  -------         ENDPROC       KEYPAD_IO_INIT
  -------         ENDMOD        KEYPAD

  -------         MODULE        BIPOLARMOTOR
  C:0000H         SYMBOL        _ICE_DUMMY_
  X:0000H         PUBLIC        UTC_time
  D:0080H         PUBLIC        P0
  D:0090H         PUBLIC        P1
  X:0004H         PUBLIC        RX_pos_test
  D:00A0H         PUBLIC        P2
  D:00B0H         PUBLIC        P3
  D:00C0H         PUBLIC        P4
  D:00C8H         PUBLIC        P5
  D:00E8H         PUBLIC        P6
  D:00F8H         PUBLIC        P7
  X:00A4H         PUBLIC        low_date_azimuth_mapping
  D:00A8H         PUBLIC        IE
  C:48ECH         PUBLIC        linear_interpolate
  X:00CCH         PUBLIC        declination
  C:5420H         PUBLIC        _Move
  D:00B8H         PUBLIC        IP
  X:00D0H         PUBLIC        time_offset
  D:00D8H         PUBLIC        CCON
  X:00D4H         PUBLIC        previous_move_time
  X:00D5H         PUBLIC        time
  D:0098H         PUBLIC        SCON
  D:0088H         PUBLIC        TCON
  C:524DH         PUBLIC        _Step_move
  X:00E7H         PUBLIC        dat
  X:00EDH         PUBLIC        current_local_sun_time
  C:1E30H         PUBLIC        _Update_position
BL51 BANKED LINKER/LOCATER V6.22                                                      05/28/2019  15:04:09  PAGE 29


  C:35FDH         PUBLIC        _elevation_calculation
  X:00F1H         PUBLIC        sunCoord
  C:5135H         PUBLIC        vOneStepMove
  X:00F4H         PUBLIC        elevation_stamp
  X:0130H         PUBLIC        date_azimuth_mapping
  X:0158H         PUBLIC        location
  X:0160H         PUBLIC        RX_pos
  C:55E3H         PUBLIC        vSetLocation
  C:555EH         PUBLIC        _BCDtoDec1
  X:03B8H         PUBLIC        degree
  C:2968H         PUBLIC        _TheoricalJP_Position
  D:00D0H         PUBLIC        PSW
  -------         PROC          VSETLOCATION
  C:55E3H         LINE#         44
  C:55E3H         LINE#         45
  C:55E3H         LINE#         46
  C:55EDH         LINE#         47
  C:55F7H         LINE#         48
  -------         ENDPROC       VSETLOCATION
  C:555AH         SYMBOL        L?0060
  -------         PROC          L?0059
  -------         ENDPROC       L?0059
  C:555AH         SYMBOL        L?0060
  -------         PROC          _BCDTODEC1
  D:0007H         SYMBOL        bcd
  -------         DO            
  D:0006H         SYMBOL        hi
  D:0007H         SYMBOL        lo
  -------         ENDDO         
  C:555EH         LINE#         49
  C:555EH         LINE#         50
  C:555EH         LINE#         52
  C:5563H         LINE#         53
  C:5567H         LINE#         54
  C:556EH         LINE#         55
  -------         ENDPROC       _BCDTODEC1
  -------         PROC          VONESTEPMOVE
  B:0020H.3       SYMBOL        bDir
  C:5135H         LINE#         59
  C:5135H         LINE#         60
  C:5135H         LINE#         62
  C:513BH         LINE#         63
  C:513BH         LINE#         64
  C:513EH         LINE#         65
  C:5147H         LINE#         66
  C:514EH         LINE#         67
  C:5153H         LINE#         68
  C:5153H         LINE#         69
  C:5153H         LINE#         71
  C:5155H         LINE#         74
  C:5155H         LINE#         75
  C:5158H         LINE#         76
  C:5161H         LINE#         77
  C:5168H         LINE#         78
  C:516EH         LINE#         79
  C:5177H         LINE#         80
  C:517EH         LINE#         81
BL51 BANKED LINKER/LOCATER V6.22                                                      05/28/2019  15:04:09  PAGE 30


  C:517EH         LINE#         85
  -------         ENDPROC       VONESTEPMOVE
  -------         PROC          _STEP_MOVE
  X:04D7H         SYMBOL        step
  B:0020H.2       SYMBOL        dir
  -------         DO            
  X:04D9H         SYMBOL        i
  -------         ENDDO         
  C:524DH         LINE#         87
  C:5255H         LINE#         88
  C:5255H         LINE#         90
  C:525AH         LINE#         93
  C:5275H         LINE#         94
  C:5275H         LINE#         95
  C:527CH         LINE#         97
  C:528CH         LINE#         99
  -------         ENDPROC       _STEP_MOVE
  -------         PROC          _MOVE
  X:04D3H         SYMBOL        distance
  B:0020H.1       SYMBOL        direction
  -------         DO            
  D:0006H         SYMBOL        step
  -------         ENDDO         
  C:5420H         LINE#         101
  C:5426H         LINE#         102
  C:5426H         LINE#         105
  C:5441H         LINE#         106
  -------         ENDPROC       _MOVE
  C:48DBH         SYMBOL        L?0058
  -------         PROC          L?0057
  -------         ENDPROC       L?0057
  C:48DBH         SYMBOL        L?0058
  -------         PROC          LINEAR_INTERPOLATE
  X:049AH         SYMBOL        p1
  X:04A2H         SYMBOL        p2
  X:04AAH         SYMBOL        x
  -------         DO            
  D:0004H         SYMBOL        fx
  -------         ENDDO         
  C:48ECH         LINE#         139
  C:48ECH         LINE#         140
  C:48ECH         LINE#         143
  C:498BH         LINE#         145
  C:498BH         LINE#         146
  -------         ENDPROC       LINEAR_INTERPOLATE
  -------         PROC          _THEORICALJP_POSITION
  X:043EH         SYMBOL        azimuth
  X:0442H         SYMBOL        elevation
  -------         DO            
  X:0446H         SYMBOL        pos_interpolate_azimuth
  X:0482H         SYMBOL        JP_pos
  X:0486H         SYMBOL        i
  X:0488H         SYMBOL        yy
  X:048AH         SYMBOL        p1
  X:0492H         SYMBOL        p2
  -------         ENDDO         
  C:2968H         LINE#         149
BL51 BANKED LINKER/LOCATER V6.22                                                      05/28/2019  15:04:09  PAGE 31


  C:296EH         LINE#         150
  C:296EH         LINE#         152
  C:2978H         LINE#         155
  C:2994H         LINE#         156
  C:2994H         LINE#         157
  C:2A04H         LINE#         158
  C:2A04H         LINE#         159
  C:2A0BH         LINE#         160
  C:2A0BH         LINE#         161
  C:2A38H         LINE#         162
  C:2A53H         LINE#         164
  C:2A9AH         LINE#         165
  C:2ACEH         LINE#         167
  C:2B14H         LINE#         168
  C:2B39H         LINE#         170
  C:2B39H         LINE#         172
  C:2BAFH         LINE#         173
  C:2BAFH         LINE#         174
  C:2BB6H         LINE#         175
  C:2BB6H         LINE#         176
  C:2BE3H         LINE#         177
  C:2BFEH         LINE#         179
  C:2C45H         LINE#         180
  C:2C79H         LINE#         182
  C:2CBFH         LINE#         183
  C:2CE1H         LINE#         185
  C:2CE1H         LINE#         186
  C:2CF5H         LINE#         189
  C:2D11H         LINE#         190
  C:2D11H         LINE#         191
  C:2D81H         LINE#         192
  C:2D81H         LINE#         193
  C:2DAEH         LINE#         194
  C:2DC9H         LINE#         196
  C:2DF6H         LINE#         197
  C:2E11H         LINE#         199
  C:2E43H         LINE#         202
  C:2E43H         LINE#         204
  C:2E54H         LINE#         205
  C:2E62H         LINE#         207
  -------         ENDPROC       _THEORICALJP_POSITION
  -------         PROC          _UPDATE_POSITION
  D:0001H         SYMBOL        mnths
  D:0002H         SYMBOL        dys
  X:041AH         SYMBOL        hurs
  X:041BH         SYMBOL        mns
  X:041CH         SYMBOL        sconds
  X:041DH         SYMBOL        currnt_pos
  X:0420H         SYMBOL        offset_calib
  -------         DO            
  X:0424H         SYMBOL        date
  X:0426H         SYMBOL        i
  X:0428H         SYMBOL        yy
  X:042AH         SYMBOL        desired_distance
  X:042EH         SYMBOL        distance
  X:0432H         SYMBOL        JP_pos
  X:0436H         SYMBOL        elevation
BL51 BANKED LINKER/LOCATER V6.22                                                      05/28/2019  15:04:09  PAGE 32


  X:043AH         SYMBOL        azimuth
  -------         ENDDO         
  C:1E30H         LINE#         210
  C:1E39H         LINE#         213
  C:1E39H         LINE#         214
  C:1E44H         LINE#         216
  C:1E60H         LINE#         223
  C:1E6AH         LINE#         224
  C:1E75H         LINE#         225
  C:1E80H         LINE#         226
  C:1E99H         LINE#         227
  C:1EAAH         LINE#         228
  C:1EB9H         LINE#         231
  C:1ECDH         LINE#         235
  C:1F1FH         LINE#         236
  C:2083H         LINE#         237
  C:20D3H         LINE#         240
  C:21FBH         LINE#         243
  C:22CAH         LINE#         250
  C:2311H         LINE#         251
  C:2311H         LINE#         253
  C:233CH         LINE#         254
  C:236BH         LINE#         256
  C:2390H         LINE#         257
  C:23F5H         LINE#         258
  C:23F5H         LINE#         259
  C:240FH         LINE#         260
  C:2421H         LINE#         261
  C:2439H         LINE#         262
  C:244FH         LINE#         264
  C:246BH         LINE#         265
  C:246BH         LINE#         266
  C:246BH         LINE#         269
  -------         ENDPROC       _UPDATE_POSITION
  -------         PROC          _ELEVATION_CALCULATION
  D:0007H         SYMBOL        mnths
  D:0005H         SYMBOL        dys
  X:03F6H         SYMBOL        hurs
  X:03F7H         SYMBOL        mns
  X:03F8H         SYMBOL        sconds
  C:35FDH         LINE#         271
  C:3602H         LINE#         273
  C:3602H         LINE#         274
  C:360CH         LINE#         275
  C:3615H         LINE#         276
  C:3620H         LINE#         277
  C:3639H         LINE#         278
  C:364DH         LINE#         279
  C:365FH         LINE#         283
  C:36B1H         LINE#         284
  C:3815H         LINE#         285
  C:3865H         LINE#         287
  C:397CH         LINE#         289
  -------         ENDPROC       _ELEVATION_CALCULATION
  -------         ENDMOD        BIPOLARMOTOR

  -------         MODULE        SUNPOS
BL51 BANKED LINKER/LOCATER V6.22                                                      05/28/2019  15:04:09  PAGE 33


  C:0000H         SYMBOL        _ICE_DUMMY_
  C:168EH         PUBLIC        sunpos
  -------         PROC          SUNPOS
  X:043EH         SYMBOL        udtTime
  X:0450H         SYMBOL        udtLocation
  X:0458H         SYMBOL        udtSunCoordinates
  -------         DO            
  X:045BH         SYMBOL        dElapsedJulianDays
  X:045FH         SYMBOL        dDecimalHours
  X:0463H         SYMBOL        dEclipticLongitude
  X:0467H         SYMBOL        dEclipticObliquity
  X:046BH         SYMBOL        dRightAscension
  X:046FH         SYMBOL        dDeclination
  X:0473H         SYMBOL        dY
  X:0477H         SYMBOL        dX
  -------         DO            
  X:047BH         SYMBOL        dJulianDate
  X:047FH         SYMBOL        liAux1
  X:0483H         SYMBOL        liAux2
  X:047BH         SYMBOL        dMeanLongitude
  X:047FH         SYMBOL        dMeanAnomaly
  X:0483H         SYMBOL        dOmega
  X:047BH         SYMBOL        dSin_EclipticLongitude
  X:047BH         SYMBOL        dGreenwichMeanSiderealTime
  X:047FH         SYMBOL        dLocalMeanSiderealTime
  X:0483H         SYMBOL        dLatitudeInRadians
  X:0487H         SYMBOL        dHourAngle
  X:048BH         SYMBOL        dCos_Latitude
  X:048FH         SYMBOL        dSin_Latitude
  X:0493H         SYMBOL        dCos_HourAngle
  X:0497H         SYMBOL        dParallax
  -------         ENDDO         
  -------         DO            
  X:047BH         SYMBOL        dMeanLongitude
  X:047FH         SYMBOL        dMeanAnomaly
  X:0483H         SYMBOL        dOmega
  X:047BH         SYMBOL        dSin_EclipticLongitude
  X:047BH         SYMBOL        dGreenwichMeanSiderealTime
  X:047FH         SYMBOL        dLocalMeanSiderealTime
  X:0483H         SYMBOL        dLatitudeInRadians
  X:0487H         SYMBOL        dHourAngle
  X:048BH         SYMBOL        dCos_Latitude
  X:048FH         SYMBOL        dSin_Latitude
  X:0493H         SYMBOL        dCos_HourAngle
  X:0497H         SYMBOL        dParallax
  -------         ENDDO         
  -------         DO            
  X:047BH         SYMBOL        dSin_EclipticLongitude
  X:047BH         SYMBOL        dGreenwichMeanSiderealTime
  X:047FH         SYMBOL        dLocalMeanSiderealTime
  X:0483H         SYMBOL        dLatitudeInRadians
  X:0487H         SYMBOL        dHourAngle
  X:048BH         SYMBOL        dCos_Latitude
  X:048FH         SYMBOL        dSin_Latitude
  X:0493H         SYMBOL        dCos_HourAngle
  X:0497H         SYMBOL        dParallax
  -------         ENDDO         
BL51 BANKED LINKER/LOCATER V6.22                                                      05/28/2019  15:04:09  PAGE 34


  -------         DO            
  X:047BH         SYMBOL        dGreenwichMeanSiderealTime
  X:047FH         SYMBOL        dLocalMeanSiderealTime
  X:0483H         SYMBOL        dLatitudeInRadians
  X:0487H         SYMBOL        dHourAngle
  X:048BH         SYMBOL        dCos_Latitude
  X:048FH         SYMBOL        dSin_Latitude
  X:0493H         SYMBOL        dCos_HourAngle
  X:0497H         SYMBOL        dParallax
  -------         ENDDO         
  -------         ENDDO         
  C:168EH         LINE#         6
  C:168EH         LINE#         7
  C:168EH         LINE#         9
  C:168EH         LINE#         27
  C:16D8H         LINE#         30
  C:16F9H         LINE#         31
  C:1840H         LINE#         34
  C:188CH         LINE#         36
  C:18ABH         LINE#         37
  C:18ABH         LINE#         42
  C:18ABH         LINE#         46
  C:18DDH         LINE#         47
  C:1907H         LINE#         48
  C:1931H         LINE#         49
  C:19DEH         LINE#         52
  C:1A3FH         LINE#         54
  C:1A3FH         LINE#         59
[...]
  C:4C40H         LINE#         304
  -------         ENDPROC       UCREAD_STATUS_REGISTER_BYTE1
  -------         PROC          SPI_NOR_WRITE_DATA
  X:03F4H         SYMBOL        dat
  X:03FFH         SYMBOL        addr
  C:3CD1H         LINE#         306
  C:3CD1H         LINE#         307
  C:3CD1H         LINE#         309
  C:3CD4H         LINE#         311
  C:3CEEH         LINE#         312
  C:3D0CH         LINE#         314
  C:3D13H         LINE#         315
  C:3D16H         LINE#         317
  C:3D30H         LINE#         318
  C:3D30H         LINE#         319
  C:3D30H         LINE#         322
  C:3D33H         LINE#         324
  C:3D4DH         LINE#         325
  C:3D4DH         LINE#         326
  C:3D4DH         LINE#         328
  C:3D50H         LINE#         330
  C:3D6AH         LINE#         331
  C:3D6AH         LINE#         332
  C:3D6AH         LINE#         334
  C:3D6DH         LINE#         336
BL51 BANKED LINKER/LOCATER V6.22                                                      05/28/2019  15:04:09  PAGE 49


  C:3D87H         LINE#         337
  C:3D87H         LINE#         338
  C:3D87H         LINE#         340
  C:3D8AH         LINE#         342
  C:3DA4H         LINE#         343
  C:3DA4H         LINE#         344
  C:3DA4H         LINE#         346
  C:3DA7H         LINE#         348
  C:3DC1H         LINE#         349
  C:3DC1H         LINE#         350
  C:3DC1H         LINE#         352
  C:3DC4H         LINE#         354
  C:3DDEH         LINE#         355
  C:3DDEH         LINE#         356
  C:3DDEH         LINE#         358
  C:3DE1H         LINE#         360
  C:3DFBH         LINE#         361
  C:3DFBH         LINE#         362
  C:3DFBH         LINE#         364
  C:3DFEH         LINE#         366
  C:3E18H         LINE#         367
  C:3E18H         LINE#         368
  C:3E18H         LINE#         370
  C:3E1BH         LINE#         372
  C:3E35H         LINE#         373
  C:3E3CH         LINE#         374
  -------         ENDPROC       SPI_NOR_WRITE_DATA
  -------         ENDMOD        AT25SF041

  -------         MODULE        SI1120
  C:0000H         SYMBOL        _ICE_DUMMY_
  D:0080H         PUBLIC        P0
  D:00B2H         PUBLIC        P3M0
  D:0090H         PUBLIC        P1
  D:00B1H         PUBLIC        P3M1
  D:00A0H         PUBLIC        P2
  D:00B0H         PUBLIC        P3
  D:00C0H         PUBLIC        P4
  D:00C8H         PUBLIC        P5
  B:00A8H.7       PUBLIC        EA
  D:00E8H         PUBLIC        P6
  D:00F8H         PUBLIC        P7
  D:00A8H         PUBLIC        IE
  D:00B8H         PUBLIC        IP
  C:536FH         PUBLIC        SI1120_CONFIG_MODE_VIRH
  D:00D8H         PUBLIC        CCON
  D:0098H         PUBLIC        SCON
  D:0088H         PUBLIC        TCON
  C:56B6H         PUBLIC        Enable_EXTINT0
  B:0090H.5       PUBLIC        SI1120_STX
  B:0088H.0       PUBLIC        IT0
  B:00A8H.0       PUBLIC        EX0
  B:0090H.4       PUBLIC        SI1120_MD
  B:0090H.6       PUBLIC        SI1120_SC
  D:00D0H         PUBLIC        PSW
  -------         PROC          SI1120_CONFIG_MODE_VIRH
  C:536FH         LINE#         4
BL51 BANKED LINKER/LOCATER V6.22                                                      05/28/2019  15:04:09  PAGE 50


  C:536FH         LINE#         5
  C:536FH         LINE#         6
  C:5371H         LINE#         7
  C:5373H         LINE#         8
  C:5375H         LINE#         10
  C:537CH         LINE#         11
  C:537EH         LINE#         13
  C:5380H         LINE#         14
  C:5382H         LINE#         16
  C:5389H         LINE#         18
  C:538BH         LINE#         20
  C:5392H         LINE#         23
  C:5394H         LINE#         25
  C:5396H         LINE#         27
  C:539DH         LINE#         29
  C:539FH         LINE#         31
  -------         ENDPROC       SI1120_CONFIG_MODE_VIRH
  -------         PROC          ENABLE_EXTINT0
  C:56B6H         LINE#         33
  C:56B6H         LINE#         34
  C:56B6H         LINE#         35
  C:56B9H         LINE#         36
  C:56BCH         LINE#         37
  C:56BEH         LINE#         38
  C:56C0H         LINE#         39
  C:56C2H         LINE#         40
  -------         ENDPROC       ENABLE_EXTINT0
  -------         ENDMOD        SI1120

  -------         MODULE        UART1
  C:0000H         SYMBOL        _ICE_DUMMY_
  D:0080H         PUBLIC        P0
  D:0090H         PUBLIC        P1
  D:00A0H         PUBLIC        P2
  D:00B0H         PUBLIC        P3
  D:00C0H         PUBLIC        P4
  D:00C8H         PUBLIC        P5
  C:5308H         PUBLIC        _uart1_SendToTCPServer
  B:00A8H.7       PUBLIC        EA
  D:00E8H         PUBLIC        P6
  D:00F8H         PUBLIC        P7
  C:533CH         PUBLIC        _SendString
  D:00A8H         PUBLIC        IE
  B:00A8H.4       PUBLIC        ES
  D:00B8H         PUBLIC        IP
  C:55A1H         PUBLIC        _ASCIItoBCD
  D:00D8H         PUBLIC        CCON
  C:566BH         PUBLIC        initUART1
  D:0099H         PUBLIC        SBUF
  D:0098H         PUBLIC        SCON
  D:0088H         PUBLIC        TCON
  C:5715H         PUBLIC        _DectoBCD
  C:001EH         PUBLIC        _ASCII_Letter
  D:008EH         PUBLIC        AUXR
  C:0006H         PUBLIC        _unit
  D:00E0H         PUBLIC        ACC
  C:570EH         PUBLIC        _ten
BL51 BANKED LINKER/LOCATER V6.22                                                      05/28/2019  15:04:09  PAGE 51


  D:00D6H         PUBLIC        T2H
  D:00D7H         PUBLIC        T2L
  C:56FFH         PUBLIC        uart1_InitTCPConn
  D:00D0H         PUBLIC        PSW
  C:56F6H         PUBLIC        _SendUART1
  -------         PROC          INITUART1
  C:566BH         LINE#         24
  C:566BH         LINE#         25
  C:566BH         LINE#         26
  C:566EH         LINE#         27
  C:5671H         LINE#         28
  C:5674H         LINE#         29
  C:5677H         LINE#         30
  C:5679H         LINE#         31
  C:567BH         LINE#         33
  -------         ENDPROC       INITUART1
  -------         PROC          _SENDUART1
  D:0007H         SYMBOL        dat
  C:56F6H         LINE#         35
  C:56F6H         LINE#         36
  C:56F6H         LINE#         37
  C:56F9H         LINE#         38
  C:56FBH         LINE#         39
  C:56FCH         LINE#         40
  C:56FEH         LINE#         41
  -------         ENDPROC       _SENDUART1
  -------         PROC          _SENDSTRING
  X:03F7H         SYMBOL        s
  C:533CH         LINE#         44
  C:5347H         LINE#         45
  C:5347H         LINE#         46
  C:5357H         LINE#         47
  C:5357H         LINE#         48
  C:536CH         LINE#         49
  C:536EH         LINE#         50
  -------         ENDPROC       _SENDSTRING
  -------         PROC          _TEN
  D:0007H         SYMBOL        BCD
  C:570EH         LINE#         52
  C:570EH         LINE#         53
  C:570EH         LINE#         54
  C:5713H         LINE#         55
  -------         ENDPROC       _TEN
  -------         PROC          _UNIT
  D:0007H         SYMBOL        BCD
  C:0006H         LINE#         56
  C:0006H         LINE#         57
  C:0006H         LINE#         61
  C:000AH         LINE#         62
  -------         ENDPROC       _UNIT
  -------         PROC          _DECTOBCD
  D:0007H         SYMBOL        dec
  C:5715H         LINE#         63
  C:5715H         LINE#         64
  C:5715H         LINE#         66
  C:5715H         LINE#         67
  -------         ENDPROC       _DECTOBCD
BL51 BANKED LINKER/LOCATER V6.22                                                      05/28/2019  15:04:09  PAGE 52


  -------         PROC          _ASCII_LETTER
  D:0007H         SYMBOL        dat
  C:001EH         LINE#         69
  C:001EH         LINE#         70
  C:001EH         LINE#         72
  C:0022H         LINE#         73
  -------         ENDPROC       _ASCII_LETTER
  -------         PROC          _ASCIITOBCD
  D:0001H         SYMBOL        ascii
  -------         DO            
  D:0007H         SYMBOL        dec_val
  D:0006H         SYMBOL        ten
  D:0007H         SYMBOL        unit
  -------         ENDDO         
  C:55A1H         LINE#         75
  C:55A1H         LINE#         76
  C:55A1H         LINE#         78
  C:55A4H         LINE#         79
  C:55AAH         LINE#         80
  C:55B1H         LINE#         81
  C:55B7H         LINE#         83
  -------         ENDPROC       _ASCIITOBCD
  -------         PROC          UART1_INITTCPCONN
  C:56FFH         LINE#         85
  C:56FFH         LINE#         86
  C:56FFH         LINE#         90
  -------         ENDPROC       UART1_INITTCPCONN
  -------         PROC          _UART1_SENDTOTCPSERVER
  X:03F4H         SYMBOL        str
  C:5308H         LINE#         94
  C:5313H         LINE#         95
  C:5313H         LINE#         96
  C:531CH         LINE#         97
  C:5323H         LINE#         98
  C:532CH         LINE#         99
  C:5335H         LINE#         100
  -------         ENDPROC       _UART1_SENDTOTCPSERVER
  -------         ENDMOD        UART1

  -------         MODULE        ?C_STARTUP
  C:4E14H         SEGMENT       ?C_C51STARTUP
  I:0021H         SEGMENT       ?STACK
  C:0000H         PUBLIC        ?C_STARTUP
  D:00E0H         SYMBOL        ACC
  D:00F0H         SYMBOL        B
  D:0083H         SYMBOL        DPH
  D:0082H         SYMBOL        DPL
  N:0000H         SYMBOL        IBPSTACK
  N:0100H         SYMBOL        IBPSTACKTOP
  N:0080H         SYMBOL        IDATALEN
  C:4E17H         SYMBOL        IDATALOOP
  N:0000H         SYMBOL        PBPSTACK
  N:0100H         SYMBOL        PBPSTACKTOP
  N:0000H         SYMBOL        PDATALEN
  N:0000H         SYMBOL        PDATASTART
  N:0000H         SYMBOL        PPAGE
  N:0000H         SYMBOL        PPAGEENABLE
BL51 BANKED LINKER/LOCATER V6.22                                                      05/28/2019  15:04:09  PAGE 53


  D:00A0H         SYMBOL        PPAGE_SFR
  D:0081H         SYMBOL        SP
  C:4E14H         SYMBOL        STARTUP1
  N:0000H         SYMBOL        XBPSTACK
  N:0000H         SYMBOL        XBPSTACKTOP
  N:0000H         SYMBOL        XDATALEN
  N:0000H         SYMBOL        XDATASTART
  C:0000H         LINE#         126
  C:4E14H         LINE#         133
  C:4E16H         LINE#         134
  C:4E17H         LINE#         135
  C:4E18H         LINE#         136
  C:4E1AH         LINE#         185
  C:4E1DH         LINE#         196
  -------         ENDMOD        ?C_STARTUP

  -------         MODULE        ?C?FPADD
  C:0CC5H         PUBLIC        ?C?FPADD
  C:0CC1H         PUBLIC        ?C?FPSUB
  -------         ENDMOD        ?C?FPADD

  -------         MODULE        ?C?FPMUL
  C:0DB6H         PUBLIC        ?C?FPMUL
  -------         ENDMOD        ?C?FPMUL

  -------         MODULE        ?C?FPDIV
  C:0EBFH         PUBLIC        ?C?FPDIV
  -------         ENDMOD        ?C?FPDIV

  -------         MODULE        ?C?FPCMP
  C:0F5EH         PUBLIC        ?C?FPCMP
  C:0F5CH         PUBLIC        ?C?FPCMP3
  -------         ENDMOD        ?C?FPCMP

  -------         MODULE        ?C?FPNEG
  C:0FD5H         PUBLIC        ?C?FPNEG
  -------         ENDMOD        ?C?FPNEG

  -------         MODULE        ?C?FCAST
  C:0FF0H         PUBLIC        ?C?FCASTC
  C:0FEBH         PUBLIC        ?C?FCASTI
  C:0FE6H         PUBLIC        ?C?FCASTL
  -------         ENDMOD        ?C?FCAST

  -------         MODULE        ?C?CASTF
  C:1024H         PUBLIC        ?C?CASTF
  -------         ENDMOD        ?C?CASTF

  -------         MODULE        ATAN2
  X:049BH         PUBLIC        ?_atan2?BYTE
  C:4C41H         PUBLIC        _atan2
  -------         ENDMOD        ATAN2

  -------         MODULE        SIN
  C:3EA2H         PUBLIC        _COS
  C:3EB8H         PUBLIC        _SIN
  C:3EF4H         PUBLIC        _TAN
BL51 BANKED LINKER/LOCATER V6.22                                                      05/28/2019  15:04:09  PAGE 54


  -------         ENDMOD        SIN

  -------         MODULE        ACOS
  C:517FH         PUBLIC        _ACOS
  -------         ENDMOD        ACOS

  -------         MODULE        ASIN
  C:52CDH         PUBLIC        _ASIN
  -------         ENDMOD        ASIN

  -------         MODULE        POW
  X:03BCH         PUBLIC        ?_pow?BYTE
  C:3FE2H         PUBLIC        _pow
  -------         ENDMOD        POW

  -------         MODULE        ?C?CHKFLOAT
  C:10A5H         PUBLIC        ?C?CHKFLOAT
  -------         ENDMOD        ?C?CHKFLOAT

  -------         MODULE        EXP
  C:4DB2H         PUBLIC        _EXP
  -------         ENDMOD        EXP

  -------         MODULE        LOG
  C:42D1H         PUBLIC        _LOG
  C:42CDH         PUBLIC        _LOG10
  -------         ENDMOD        LOG

  -------         MODULE        SQRT
  C:4AF8H         PUBLIC        _SQRT
  -------         ENDMOD        SQRT

  -------         MODULE        ATAN
  C:43E6H         PUBLIC        _ATAN
  -------         ENDMOD        ATAN

  -------         MODULE        ?C?COPY
  C:11DCH         PUBLIC        ?C?COPY
  -------         ENDMOD        ?C?COPY

  -------         MODULE        ?C?CLDPTR
  C:1202H         PUBLIC        ?C?CLDPTR
  -------         ENDMOD        ?C?CLDPTR

  -------         MODULE        ?C?CLDOPTR
  C:121BH         PUBLIC        ?C?CLDOPTR
  -------         ENDMOD        ?C?CLDOPTR

  -------         MODULE        ?C?CSTPTR
  C:1248H         PUBLIC        ?C?CSTPTR
  -------         ENDMOD        ?C?CSTPTR

  -------         MODULE        ?C?IMUL
  C:125AH         PUBLIC        ?C?IMUL
  -------         ENDMOD        ?C?IMUL

  -------         MODULE        ?C?UIDIV
BL51 BANKED LINKER/LOCATER V6.22                                                      05/28/2019  15:04:09  PAGE 55


  C:126CH         PUBLIC        ?C?UIDIV
  -------         ENDMOD        ?C?UIDIV

  -------         MODULE        ?C?SIDIV
  C:12C1H         PUBLIC        ?C?SIDIV
  -------         ENDMOD        ?C?SIDIV

  -------         MODULE        ?C?ILDIX
  C:12F7H         PUBLIC        ?C?ILDIX
  -------         ENDMOD        ?C?ILDIX

  -------         MODULE        ?C?ILDOPTR
  C:130DH         PUBLIC        ?C?ILDOPTR
  -------         ENDMOD        ?C?ILDOPTR

  -------         MODULE        ?C?ISTPTR
  C:1345H         PUBLIC        ?C?ISTPTR
  -------         ENDMOD        ?C?ISTPTR

  -------         MODULE        ?C?LMUL
  C:1364H         PUBLIC        ?C?LMUL
  -------         ENDMOD        ?C?LMUL

  -------         MODULE        ?C?SLDIV
  C:51C9H         PUBLIC        ?C?SLDIV
  -------         ENDMOD        ?C?SLDIV

  -------         MODULE        ?C?LNEG
  C:13B3H         PUBLIC        ?C?LNEG
  -------         ENDMOD        ?C?LNEG

  -------         MODULE        ?C?ULCMP
  C:13C1H         PUBLIC        ?C?ULCMP
  -------         ENDMOD        ?C?ULCMP

  -------         MODULE        ?C?LSHL
  C:13D2H         PUBLIC        ?C?LSHL
  -------         ENDMOD        ?C?LSHL

  -------         MODULE        ?C?LLDPTR
  C:13E5H         PUBLIC        ?C?LLDPTR
  -------         ENDMOD        ?C?LLDPTR

  -------         MODULE        ?C?LLDOPTR
  C:1405H         PUBLIC        ?C?LLDOPTR
  -------         ENDMOD        ?C?LLDOPTR

  -------         MODULE        ?C?LSTPTR
  C:1435H         PUBLIC        ?C?LSTPTR
  -------         ENDMOD        ?C?LSTPTR

  -------         MODULE        ?C?LSTOPTR
  C:144FH         PUBLIC        ?C?LSTOPTR
  -------         ENDMOD        ?C?LSTOPTR

  -------         MODULE        ?C?LLDXDATA
  C:1473H         PUBLIC        ?C?LLDXDATA
BL51 BANKED LINKER/LOCATER V6.22                                                      05/28/2019  15:04:09  PAGE 56


  -------         ENDMOD        ?C?LLDXDATA

  -------         MODULE        ?C?LLDCODE
  C:147FH         PUBLIC        ?C?LLDCODE
  -------         ENDMOD        ?C?LLDCODE

  -------         MODULE        ?C?LLDXDATA0
  C:148FH         PUBLIC        ?C?LLDXDATA0
  -------         ENDMOD        ?C?LLDXDATA0

  -------         MODULE        ?C?LLDCODE0
  C:149BH         PUBLIC        ?C?LLDCODE0
  -------         ENDMOD        ?C?LLDCODE0

  -------         MODULE        ?C?LLDPTR0
  C:14ABH         PUBLIC        ?C?LLDPTR0
  -------         ENDMOD        ?C?LLDPTR0

  -------         MODULE        ?C?LSTXDATA
  C:14CBH         PUBLIC        ?C?LSTXDATA
  -------         ENDMOD        ?C?LSTXDATA

  -------         MODULE        ?C?LSTKXDATA
  C:14D7H         PUBLIC        ?C?LSTKXDATA
  -------         ENDMOD        ?C?LSTKXDATA

  -------         MODULE        ?C?LSTKPTR
  C:1508H         PUBLIC        ?C?LSTKPTR
  -------         ENDMOD        ?C?LSTKPTR

  -------         MODULE        ?C?OFFXADD
  C:1522H         PUBLIC        ?C?OFFXADD
  -------         ENDMOD        ?C?OFFXADD

  -------         MODULE        ATOI
  C:47EEH         PUBLIC        _atoi
  -------         ENDMOD        ATOI

  -------         MODULE        ?C?IILDX
  C:152EH         PUBLIC        ?C?IILDX
  -------         ENDMOD        ?C?IILDX

  -------         MODULE        ?C?ULDIV
  C:1580H         PUBLIC        ?C?ULDIV
  -------         ENDMOD        ?C?ULDIV

  -------         MODULE        ?C?LLDIDATA
  C:1612H         PUBLIC        ?C?LLDIDATA
  -------         ENDMOD        ?C?LLDIDATA

  -------         MODULE        ?C?LLDPDATA
  C:161EH         PUBLIC        ?C?LLDPDATA
  -------         ENDMOD        ?C?LLDPDATA

  -------         MODULE        ?C?LLDIDATA0
  C:162AH         PUBLIC        ?C?LLDIDATA0
  -------         ENDMOD        ?C?LLDIDATA0
BL51 BANKED LINKER/LOCATER V6.22                                                      05/28/2019  15:04:09  PAGE 57



  -------         MODULE        ?C?LLDPDATA0
  C:1637H         PUBLIC        ?C?LLDPDATA0
  -------         ENDMOD        ?C?LLDPDATA0

  -------         MODULE        ?C?LSTIDATA
  C:1644H         PUBLIC        ?C?LSTIDATA
  -------         ENDMOD        ?C?LSTIDATA

  -------         MODULE        ?C?LSTPDATA
  C:1650H         PUBLIC        ?C?LSTPDATA
  -------         ENDMOD        ?C?LSTPDATA

  -------         MODULE        ?C?LSTKIDATA
  C:165CH         PUBLIC        ?C?LSTKIDATA
  -------         ENDMOD        ?C?LSTKIDATA

  -------         MODULE        ?C?LSTKPDATA
  C:1675H         PUBLIC        ?C?LSTKPDATA
  -------         ENDMOD        ?C?LSTKPDATA

  -------         MODULE        ISDIGIT
  C:569AH         PUBLIC        _isdigit
  -------         ENDMOD        ISDIGIT

  -------         MODULE        ISSPACE
  C:5635H         PUBLIC        _isspace
  -------         ENDMOD        ISSPACE

*** WARNING L16: UNCALLED SEGMENT, IGNORED FOR OVERLAY PROCESS
    SEGMENT: ?PR?_DAY_OF_YEAR?PCF85063BTL

*** WARNING L16: UNCALLED SEGMENT, IGNORED FOR OVERLAY PROCESS
    SEGMENT: ?PR?NOP?IOEXPANDER_PI4IOE5V96248

*** WARNING L16: UNCALLED SEGMENT, IGNORED FOR OVERLAY PROCESS
    SEGMENT: ?PR?UC_ACK?IOEXPANDER_PI4IOE5V96248

*** WARNING L16: UNCALLED SEGMENT, IGNORED FOR OVERLAY PROCESS
    SEGMENT: ?PR?UC_NACK?IOEXPANDER_PI4IOE5V96248

*** WARNING L16: UNCALLED SEGMENT, IGNORED FOR OVERLAY PROCESS
    SEGMENT: ?PR?_AT25SF041_READ?AT25SF041

*** WARNING L16: UNCALLED SEGMENT, IGNORED FOR OVERLAY PROCESS
    SEGMENT: ?PR?_TEN?UART1

*** WARNING L16: UNCALLED SEGMENT, IGNORED FOR OVERLAY PROCESS
    SEGMENT: ?PR?_UNIT?UART1

*** WARNING L16: UNCALLED SEGMENT, IGNORED FOR OVERLAY PROCESS
    SEGMENT: ?PR?_DECTOBCD?UART1

*** WARNING L16: UNCALLED SEGMENT, IGNORED FOR OVERLAY PROCESS
    SEGMENT: ?PR?_ASCII_LETTER?UART1

*** WARNING L16: UNCALLED SEGMENT, IGNORED FOR OVERLAY PROCESS
BL51 BANKED LINKER/LOCATER V6.22                                                      05/28/2019  15:04:09  PAGE 58


    SEGMENT: ?PR?_ASCIITOBCD?UART1

Program Size: data=9.6 xdata=1544 code=22294
LINK/LOCATE RUN COMPLETE.  10 WARNING(S),  0 ERROR(S)
