BL51 BANKED LINKER/LOCATER V6.22                                                        01/29/2019  10:51:40  PAGE 1


BL51 BANKED LINKER/LOCATER V6.22, INVOKED BY:
C:\KEIL_V5\C51\BIN\BL51.EXE .\Obj\main.obj, .\Obj\PCF85063BTL.obj, .\Obj\UART1.obj, .\Obj\LCd_Driver_SPLC780D.obj, .\Obj
>> \KeyPad.obj, .\Obj\BipolarMotor.obj, .\Obj\SunPos.obj, .\Obj\ADC.obj, .\Obj\Calibration.obj, .\Obj\IOExpander_PI4IOE5
>> V96248.obj, .\Obj\STARTUP.obj TO .\Obj\GPIO_RTC_Test PRINT (.\Lis\GPIO_RTC_Test.m51) RAMSIZE (256)


MEMORY MODEL: LARGE WITH FLOATING POINT ARITHMETIC


INPUT MODULES INCLUDED:
  .\Obj\main.obj (MAIN)
  .\Obj\PCF85063BTL.obj (PCF85063BTL)
  .\Obj\UART1.obj (UART1)
  .\Obj\LCd_Driver_SPLC780D.obj (LCD_DRIVER_SPLC780D)
  .\Obj\KeyPad.obj (KEYPAD)
  .\Obj\BipolarMotor.obj (BIPOLARMOTOR)
  .\Obj\SunPos.obj (SUNPOS)
  .\Obj\ADC.obj (ADC)
  .\Obj\Calibration.obj (CALIBRATION)
  .\Obj\IOExpander_PI4IOE5V96248.obj (IOEXPANDER_PI4IOE5V96248)
  .\Obj\STARTUP.obj (?C_STARTUP)
  C:\KEIL_V5\C51\LIB\C51FPL.LIB (?C?FPADD)
  C:\KEIL_V5\C51\LIB\C51FPL.LIB (?C?FPMUL)
  C:\KEIL_V5\C51\LIB\C51FPL.LIB (?C?FPDIV)
  C:\KEIL_V5\C51\LIB\C51FPL.LIB (?C?FPCMP)
  C:\KEIL_V5\C51\LIB\C51FPL.LIB (?C?FPNEG)
  C:\KEIL_V5\C51\LIB\C51FPL.LIB (?C?FCAST)
  C:\KEIL_V5\C51\LIB\C51FPL.LIB (?C?CASTF)
  C:\KEIL_V5\C51\LIB\C51FPL.LIB (ATAN2)
  C:\KEIL_V5\C51\LIB\C51FPL.LIB (SIN)
  C:\KEIL_V5\C51\LIB\C51FPL.LIB (ACOS)
  C:\KEIL_V5\C51\LIB\C51FPL.LIB (ASIN)
  C:\KEIL_V5\C51\LIB\C51FPL.LIB (?C?FPGETOPN)
  C:\KEIL_V5\C51\LIB\C51FPL.LIB (?C?FPSERIES)
  C:\KEIL_V5\C51\LIB\C51FPL.LIB (SQRT)
  C:\KEIL_V5\C51\LIB\C51FPL.LIB (ATAN)
  C:\KEIL_V5\C51\LIB\C51L.LIB (?C_INIT)
  C:\KEIL_V5\C51\LIB\C51L.LIB (?C?COPY)
  C:\KEIL_V5\C51\LIB\C51L.LIB (?C?CLDPTR)
  C:\KEIL_V5\C51\LIB\C51L.LIB (?C?CLDOPTR)
  C:\KEIL_V5\C51\LIB\C51L.LIB (?C?CSTPTR)
  C:\KEIL_V5\C51\LIB\C51L.LIB (?C?IMUL)
  C:\KEIL_V5\C51\LIB\C51L.LIB (?C?UIDIV)
  C:\KEIL_V5\C51\LIB\C51L.LIB (?C?SIDIV)
  C:\KEIL_V5\C51\LIB\C51L.LIB (?C?ILDIX)
  C:\KEIL_V5\C51\LIB\C51L.LIB (?C?ILDOPTR)
  C:\KEIL_V5\C51\LIB\C51L.LIB (?C?LMUL)
  C:\KEIL_V5\C51\LIB\C51L.LIB (?C?SLDIV)
  C:\KEIL_V5\C51\LIB\C51L.LIB (?C?LNEG)
  C:\KEIL_V5\C51\LIB\C51L.LIB (?C?LLDPTR)
  C:\KEIL_V5\C51\LIB\C51L.LIB (?C?LLDOPTR)
  C:\KEIL_V5\C51\LIB\C51L.LIB (?C?LSTPTR)
  C:\KEIL_V5\C51\LIB\C51L.LIB (?C?LSTOPTR)
  C:\KEIL_V5\C51\LIB\C51L.LIB (?C?LLDXDATA)
  C:\KEIL_V5\C51\LIB\C51L.LIB (?C?LLDCODE)
  C:\KEIL_V5\C51\LIB\C51L.LIB (?C?LLDXDATA0)
  C:\KEIL_V5\C51\LIB\C51L.LIB (?C?LLDCODE0)
  C:\KEIL_V5\C51\LIB\C51L.LIB (?C?LLDPTR0)
BL51 BANKED LINKER/LOCATER V6.22                                                      01/29/2019  10:51:40  PAGE 2


  C:\KEIL_V5\C51\LIB\C51L.LIB (?C?LSTXDATA)
  C:\KEIL_V5\C51\LIB\C51L.LIB (?C?LSTKXDATA)
  C:\KEIL_V5\C51\LIB\C51L.LIB (?C?OFFXADD)
  C:\KEIL_V5\C51\LIB\C51L.LIB (ABS)
  C:\KEIL_V5\C51\LIB\C51L.LIB (ATOI)
  C:\KEIL_V5\C51\LIB\C51L.LIB (?C?IILDX)
  C:\KEIL_V5\C51\LIB\C51L.LIB (?C?ULDIV)
  C:\KEIL_V5\C51\LIB\C51L.LIB (?C?LLDIDATA)
  C:\KEIL_V5\C51\LIB\C51L.LIB (?C?LLDPDATA)
  C:\KEIL_V5\C51\LIB\C51L.LIB (?C?LLDIDATA0)
  C:\KEIL_V5\C51\LIB\C51L.LIB (?C?LLDPDATA0)
  C:\KEIL_V5\C51\LIB\C51L.LIB (?C?LSTIDATA)
  C:\KEIL_V5\C51\LIB\C51L.LIB (?C?LSTPDATA)
  C:\KEIL_V5\C51\LIB\C51L.LIB (ISDIGIT)
  C:\KEIL_V5\C51\LIB\C51L.LIB (ISSPACE)


LINK MAP OF MODULE:  .\Obj\GPIO_RTC_Test (MAIN)


            TYPE    BASE      LENGTH    RELOCATION   SEGMENT NAME
            -----------------------------------------------------

            * * * * * * *   D A T A   M E M O R Y   * * * * * * *
            REG     0000H     0008H     ABSOLUTE     "REG BANK 0"
                    0008H     0018H                  *** GAP ***
            BIT     0020H.0   0000H.5   UNIT         ?BI?KEYPAD
            BIT     0020H.5   0000H.3   UNIT         _BIT_GROUP_
            BIT     0021H.0   0000H.1   UNIT         ?BI?MAIN
            BIT     0021H.1   0000H.1   UNIT         ?BI?_ATOI?ATOI
                    0021H.2   0000H.6                *** GAP ***
            IDATA   0022H     0001H     UNIT         ?STACK

            * * * * * * *  X D A T A   M E M O R Y  * * * * * * *
            XDATA   0000H     031BH     UNIT         ?XD?BIPOLARMOTOR
            XDATA   031BH     0121H     UNIT         _XDATA_GROUP_
            XDATA   043CH     00D4H     UNIT         ?XD?MAIN
            XDATA   0510H     0040H     UNIT         ?XD?_FINDDET4X4?BIPOLARMOTOR
            XDATA   0550H     0024H     UNIT         ?XD?_FINDDET3X3?BIPOLARMOTOR
            XDATA   0574H     0009H     UNIT         ?XD?KEYPAD
            XDATA   057DH     0005H     UNIT         ?XD?_ATOI?ATOI
            XDATA   0582H     0004H     UNIT         ?XD?_DISPLAY_PROX?MAIN
            XDATA   0586H     0003H     UNIT         ?XD?_SENDSTRING?UART1
            XDATA   0589H     0001H     UNIT         ?XD?UC_ACK?IOEXPANDER_PI4IOE5V96248
            XDATA   058AH     0001H     UNIT         ?XD?UC_NACK?IOEXPANDER_PI4IOE5V96248

            * * * * * * *   C O D E   M E M O R Y   * * * * * * *
            CODE    0000H     0003H     ABSOLUTE     
            CODE    0003H     0006H     UNIT         ?PR?_TEN?UART1
            CODE    0009H     0001H     UNIT         ?PR?TM0_ISR?MAIN
            CODE    000AH     0001H     UNIT         ?PR?_DECTOBCD?UART1
            CODE    000BH     0003H     ABSOLUTE     
            CODE    000EH     0A63H     UNIT         ?PR?_UPDATE_POSITION?BIPOLARMOTOR
            CODE    0A71H     0927H     UNIT         ?C?LIB_CODE
            CODE    1398H     0849H     UNIT         ?PR?MAIN?MAIN
            CODE    1BE1H     07A2H     UNIT         ?PR?SUNPOS?SUNPOS
            CODE    2383H     0381H     UNIT         ?C_INITSEG
BL51 BANKED LINKER/LOCATER V6.22                                                      01/29/2019  10:51:40  PAGE 3


            CODE    2704H     02C0H     UNIT         ?PR?_FINDDET4X4?BIPOLARMOTOR
            CODE    29C4H     02A0H     UNIT         ?PR?KEY_PROCESS?KEYPAD
            CODE    2C64H     01D1H     UNIT         ?PR?_FINDDET3X3?BIPOLARMOTOR
            CODE    2E35H     01B5H     UNIT         ?PR?_DISPLAY_POS?MAIN
            CODE    2FEAH     018DH     UNIT         ?PR?KEY_SCAN?KEYPAD
            CODE    3177H     0188H     UNIT         ?PR?SIN?SIN
            CODE    32FFH     013EH     UNIT         ?PR?_FIND_REAL_MAX?CALIBRATION
            CODE    343DH     0122H     UNIT         ?PR?ATAN?ATAN
            CODE    355FH     00E4H     UNIT         ?PR?_CALIBRATION?CALIBRATION
            CODE    3643H     00DBH     UNIT         ?PR?_ATOI?ATOI
            CODE    371EH     00C3H     UNIT         ?PR?LINEAR_INTERPOLATE?BIPOLARMOTOR
            CODE    37E1H     00BBH     UNIT         ?PR?VOLTAGE_IS_STABLE?CALIBRATION
            CODE    389CH     00ADH     UNIT         ?PR?_WRITE_PI4IOE5V96248?IOEXPANDER_PI4IOE5V96248
            CODE    3949H     00ACH     UNIT         ?PR?SQRT?SQRT
            CODE    39F5H     009DH     UNIT         ?PR?_ATAN2?ATAN2
            CODE    3A92H     0096H     UNIT         ?PR?_MAX_VALUE?CALIBRATION
            CODE    3B28H     0095H     UNIT         ?PR?_DISPLAY_PROX?MAIN
            CODE    3BBDH     008CH     UNIT         ?C_C51STARTUP
            CODE    3C49H     0084H     UNIT         ?PR?_DAY_OF_YEAR?PCF85063BTL
            CODE    3CCDH     0075H     UNIT         ?PR?_WRITEDATA?LCD_DRIVER_SPLC780D
            CODE    3D42H     006FH     UNIT         ?PR?_READ_TIME?PCF85063BTL
            CODE    3DB1H     0059H     UNIT         ?PR?LCD_INIT?LCD_DRIVER_SPLC780D
            CODE    3E0AH     004AH     UNIT         ?PR?VONESTEPMOVE?BIPOLARMOTOR
            CODE    3E54H     004AH     UNIT         ?PR?ACOS?ACOS
            CODE    3E9EH     0044H     UNIT         ?C?LDIV
            CODE    3EE2H     0040H     UNIT         ?PR?_COMMAND?LCD_DRIVER_SPLC780D
            CODE    3F22H     0040H     UNIT         ?PR?_STEP_MOVE?BIPOLARMOTOR
            CODE    3F62H     003BH     UNIT         ?PR?ASIN?ASIN
            CODE    3F9DH     0033H     UNIT         ?PR?_SENDSTRING?UART1
            CODE    3FD0H     002BH     UNIT         ?PR?_WAIT_MS_I2C?IOEXPANDER_PI4IOE5V96248
            CODE    3FFBH     0028H     UNIT         ?PR?_MOVE?BIPOLARMOTOR
            CODE    4023H     0027H     UNIT         ?PR?_I2C_SENDBYTE?IOEXPANDER_PI4IOE5V96248
            CODE    404AH     0026H     UNIT         ?PR?_ADC_GETRESULT?ADC
            CODE    4070H     0024H     UNIT         ?PR?_WAIT_MS?LCD_DRIVER_SPLC780D
            CODE    4094H     0020H     UNIT         ?PR?_SPI_SENDBYTE?PCF85063BTL
            CODE    40B4H     0020H     UNIT         ?PR?SPI_RECEIVEBYTE?PCF85063BTL
            CODE    40D4H     001EH     UNIT         ?PR?_DELAY_MS?KEYPAD
            CODE    40F2H     001DH     UNIT         ?PR?_DISPLAYLCD?LCD_DRIVER_SPLC780D
            CODE    410FH     001DH     UNIT         ?PR?ADC_INIT?ADC
            CODE    412CH     001BH     UNIT         ?PR?_BCDTODEC1?BIPOLARMOTOR
            CODE    4147H     0018H     UNIT         ?PR?_SPI_WRITETIME?PCF85063BTL
            CODE    415FH     0017H     UNIT         ?PR?_ASCIITOBCD?UART1
            CODE    4176H     0016H     UNIT         ?PR?I2C_ACK?IOEXPANDER_PI4IOE5V96248
            CODE    418CH     0015H     UNIT         ?PR?_DISPLAY_LINE?LCD_DRIVER_SPLC780D
            CODE    41A1H     0015H     UNIT         ?PR?I2C_STOP?IOEXPANDER_PI4IOE5V96248
            CODE    41B6H     0014H     UNIT         ?PR?_PCF85063BTL_DELAY?PCF85063BTL
            CODE    41CAH     0014H     UNIT         ?PR?_ISSPACE?ISSPACE
            CODE    41DEH     0011H     UNIT         ?PR?_SPI_READTIME?PCF85063BTL
            CODE    41EFH     0011H     UNIT         ?PR?_BCDTODEC?PCF85063BTL
            CODE    4200H     0011H     UNIT         ?PR?INITUART1?UART1
            CODE    4211H     000FH     UNIT         ?PR?I2C_START?IOEXPANDER_PI4IOE5V96248
            CODE    4220H     000FH     UNIT         ?PR?UC_NACK?IOEXPANDER_PI4IOE5V96248
            CODE    422FH     000FH     UNIT         ?PR?_ISDIGIT?ISDIGIT
            CODE    423EH     000DH     UNIT         ?PR?SPI_INIT?PCF85063BTL
            CODE    424BH     000CH     UNIT         ?PR?KEYPAD_IO_INIT?KEYPAD
            CODE    4257H     000CH     UNIT         ?PR?_ABS?ABS
            CODE    4263H     000AH     UNIT         ?PR?LCD_RETURN_HOME?LCD_DRIVER_SPLC780D
BL51 BANKED LINKER/LOCATER V6.22                                                      01/29/2019  10:51:40  PAGE 4


            CODE    426DH     000AH     UNIT         ?PR?LCD_CLEAR?LCD_DRIVER_SPLC780D
            CODE    4277H     0006H     UNIT         ?PR?UC_ACK?IOEXPANDER_PI4IOE5V96248
            CODE    427DH     0005H     UNIT         ?PR?_UNIT?UART1
            CODE    4282H     0005H     UNIT         ?PR?_ASCII_LETTER?UART1
            CODE    4287H     0001H     UNIT         ?PR?WAIT?BIPOLARMOTOR
            CODE    4288H     0001H     UNIT         ?PR?NOP?IOEXPANDER_PI4IOE5V96248



OVERLAY MAP OF MODULE:   .\Obj\GPIO_RTC_Test (MAIN)


SEGMENT                                             BIT_GROUP          XDATA_GROUP
  +--> CALLED SEGMENT                            START    LENGTH     START    LENGTH
------------------------------------------------------------------------------------
?C_C51STARTUP                                    -----    -----      -----    -----
  +--> ?PR?MAIN?MAIN
  +--> ?C_INITSEG

?PR?MAIN?MAIN                                    -----    -----      031BH    0019H
  +--> ?PR?LCD_INIT?LCD_DRIVER_SPLC780D
  +--> ?PR?SPI_INIT?PCF85063BTL
  +--> ?PR?KEYPAD_IO_INIT?KEYPAD
  +--> ?PR?ADC_INIT?ADC
  +--> ?PR?_SPI_WRITETIME?PCF85063BTL
  +--> ?PR?_DELAY_MS?KEYPAD
  +--> ?PR?_DISPLAY_LINE?LCD_DRIVER_SPLC780D
  +--> ?PR?_WRITEDATA?LCD_DRIVER_SPLC780D
  +--> ?PR?KEY_PROCESS?KEYPAD
  +--> ?PR?_COMMAND?LCD_DRIVER_SPLC780D
  +--> ?PR?_DISPLAY_POS?MAIN
  +--> ?PR?_DISPLAYLCD?LCD_DRIVER_SPLC780D
  +--> ?PR?_STEP_MOVE?BIPOLARMOTOR
  +--> ?PR?LCD_RETURN_HOME?LCD_DRIVER_SPLC780D
  +--> ?PR?_READ_TIME?PCF85063BTL
  +--> ?PR?_BCDTODEC1?BIPOLARMOTOR
  +--> ?PR?_CALIBRATION?CALIBRATION
  +--> ?PR?LINEAR_INTERPOLATE?BIPOLARMOTOR
  +--> ?PR?_UPDATE_POSITION?BIPOLARMOTOR

?PR?LCD_INIT?LCD_DRIVER_SPLC780D                 -----    -----      -----    -----
  +--> ?PR?_WAIT_MS?LCD_DRIVER_SPLC780D
  +--> ?PR?_COMMAND?LCD_DRIVER_SPLC780D

?PR?_COMMAND?LCD_DRIVER_SPLC780D                 -----    -----      -----    -----
  +--> ?PR?_WAIT_MS?LCD_DRIVER_SPLC780D

?PR?ADC_INIT?ADC                                 -----    -----      -----    -----
  +--> ?PR?_WAIT_MS?LCD_DRIVER_SPLC780D

?PR?_SPI_WRITETIME?PCF85063BTL                   -----    -----      -----    -----
  +--> ?PR?_SPI_SENDBYTE?PCF85063BTL

?PR?_SPI_SENDBYTE?PCF85063BTL                    -----    -----      -----    -----
  +--> ?PR?_PCF85063BTL_DELAY?PCF85063BTL

?PR?_DISPLAY_LINE?LCD_DRIVER_SPLC780D            -----    -----      -----    -----
BL51 BANKED LINKER/LOCATER V6.22                                                      01/29/2019  10:51:40  PAGE 5


  +--> ?PR?_COMMAND?LCD_DRIVER_SPLC780D

?PR?_WRITEDATA?LCD_DRIVER_SPLC780D               -----    -----      033EH    0001H
  +--> ?PR?_WAIT_MS?LCD_DRIVER_SPLC780D

?PR?KEY_PROCESS?KEYPAD                           -----    -----      0334H    0006H
  +--> ?PR?KEY_SCAN?KEYPAD
  +--> ?PR?_SPI_WRITETIME?PCF85063BTL
  +--> ?PR?LCD_CLEAR?LCD_DRIVER_SPLC780D
  +--> ?PR?_COMMAND?LCD_DRIVER_SPLC780D
  +--> ?PR?_WRITEDATA?LCD_DRIVER_SPLC780D

?PR?KEY_SCAN?KEYPAD                              -----    -----      033AH    0003H

?PR?LCD_CLEAR?LCD_DRIVER_SPLC780D                -----    -----      -----    -----
  +--> ?PR?_COMMAND?LCD_DRIVER_SPLC780D

?PR?_DISPLAY_POS?MAIN                            -----    -----      0334H    000AH
  +--> ?PR?_ABS?ABS
  +--> ?PR?_WRITEDATA?LCD_DRIVER_SPLC780D

?PR?_DISPLAYLCD?LCD_DRIVER_SPLC780D              -----    -----      0334H    0001H
  +--> ?PR?_WRITEDATA?LCD_DRIVER_SPLC780D

?PR?_STEP_MOVE?BIPOLARMOTOR                      0020H.6  0000H.1    03D0H    0004H
  +--> ?PR?VONESTEPMOVE?BIPOLARMOTOR

?PR?VONESTEPMOVE?BIPOLARMOTOR                    0020H.7  0000H.1    -----    -----
  +--> ?PR?_WRITE_PI4IOE5V96248?IOEXPANDER_P...
  +--> ?PR?_DELAY_MS?KEYPAD

?PR?_WRITE_PI4IOE5V96248?IOEXPANDER_P...         -----    -----      03D4H    0003H
  +--> ?PR?I2C_START?IOEXPANDER_PI4IOE5V96248
  +--> ?PR?_WAIT_MS_I2C?IOEXPANDER_PI4IOE5V9...
  +--> ?PR?_I2C_SENDBYTE?IOEXPANDER_PI4IOE5V...
  +--> ?PR?I2C_ACK?IOEXPANDER_PI4IOE5V96248
  +--> ?PR?I2C_STOP?IOEXPANDER_PI4IOE5V96248

?PR?I2C_START?IOEXPANDER_PI4IOE5V96248           -----    -----      -----    -----
  +--> ?PR?_WAIT_MS_I2C?IOEXPANDER_PI4IOE5V9...

?PR?_I2C_SENDBYTE?IOEXPANDER_PI4IOE5V...         -----    -----      -----    -----
  +--> ?PR?_WAIT_MS_I2C?IOEXPANDER_PI4IOE5V9...

?PR?I2C_ACK?IOEXPANDER_PI4IOE5V96248             -----    -----      03D7H    0001H
  +--> ?PR?_WAIT_MS_I2C?IOEXPANDER_PI4IOE5V9...

?PR?I2C_STOP?IOEXPANDER_PI4IOE5V96248            -----    -----      -----    -----
  +--> ?PR?_WAIT_MS_I2C?IOEXPANDER_PI4IOE5V9...

?PR?LCD_RETURN_HOME?LCD_DRIVER_SPLC780D          -----    -----      -----    -----
  +--> ?PR?_COMMAND?LCD_DRIVER_SPLC780D

?PR?_READ_TIME?PCF85063BTL                       -----    -----      0334H    000FH
  +--> ?PR?_SPI_READTIME?PCF85063BTL

?PR?_SPI_READTIME?PCF85063BTL                    -----    -----      -----    -----
BL51 BANKED LINKER/LOCATER V6.22                                                      01/29/2019  10:51:40  PAGE 6


  +--> ?PR?_SPI_SENDBYTE?PCF85063BTL
  +--> ?PR?SPI_RECEIVEBYTE?PCF85063BTL

?PR?SPI_RECEIVEBYTE?PCF85063BTL                  -----    -----      -----    -----
  +--> ?PR?_PCF85063BTL_DELAY?PCF85063BTL

?PR?_CALIBRATION?CALIBRATION                     -----    -----      0334H    0014H
  +--> ?PR?VOLTAGE_IS_STABLE?CALIBRATION
  +--> ?PR?_UPDATE_POSITION?BIPOLARMOTOR
  +--> ?PR?_FIND_REAL_MAX?CALIBRATION

?PR?VOLTAGE_IS_STABLE?CALIBRATION                -----    -----      0348H    0018H
  +--> ?PR?_ADC_GETRESULT?ADC
  +--> ?PR?_ABS?ABS

?PR?_UPDATE_POSITION?BIPOLARMOTOR                -----    -----      0348H    008BH
  +--> ?PR?_BCDTODEC1?BIPOLARMOTOR
  +--> ?PR?SUNPOS?SUNPOS
  +--> ?PR?SIN?SIN
  +--> ?PR?ASIN?ASIN
  +--> ?PR?LINEAR_INTERPOLATE?BIPOLARMOTOR
  +--> ?PR?_ABS?ABS

?PR?SUNPOS?SUNPOS                                -----    -----      03D3H    005DH
  +--> ?PR?SIN?SIN
  +--> ?PR?_ATAN2?ATAN2
  +--> ?PR?ASIN?ASIN
  +--> ?PR?ACOS?ACOS

?PR?SIN?SIN                                      0020H.5  0000H.1    0430H    0004H

?PR?_ATAN2?ATAN2                                 -----    -----      0430H    0008H
  +--> ?PR?ATAN?ATAN

?PR?ATAN?ATAN                                    0020H.5  0000H.2    0438H    0004H

?PR?ASIN?ASIN                                    -----    -----      -----    -----
  +--> ?PR?SQRT?SQRT
  +--> ?PR?ATAN?ATAN

?PR?SQRT?SQRT                                    -----    -----      0430H    0004H

?PR?ACOS?ACOS                                    -----    -----      -----    -----
  +--> ?PR?SQRT?SQRT
  +--> ?PR?ATAN?ATAN

?PR?LINEAR_INTERPOLATE?BIPOLARMOTOR              -----    -----      03D3H    0014H

?PR?_FIND_REAL_MAX?CALIBRATION                   -----    -----      0348H    0084H
  +--> ?PR?_MOVE?BIPOLARMOTOR
  +--> ?PR?_ADC_GETRESULT?ADC
  +--> ?PR?_WAIT_MS?LCD_DRIVER_SPLC780D
  +--> ?PR?_MAX_VALUE?CALIBRATION

?PR?_MOVE?BIPOLARMOTOR                           0020H.5  0000H.1    03CCH    0004H
  +--> ?PR?_STEP_MOVE?BIPOLARMOTOR

BL51 BANKED LINKER/LOCATER V6.22                                                      01/29/2019  10:51:40  PAGE 7


?PR?_MAX_VALUE?CALIBRATION                       -----    -----      03CCH    0004H



UNRESOLVED EXTERNAL SYMBOLS:
   AUTO_MODE
   _SENDUART1



SYMBOL TABLE OF MODULE:  .\Obj\GPIO_RTC_Test (MAIN)

  VALUE           TYPE          NAME
  ----------------------------------

  -------         MODULE        MAIN
  C:0000H         SYMBOL        _ICE_DUMMY_
  X:0444H         PUBLIC        calib_value
  D:0080H         PUBLIC        P0
  D:00B2H         PUBLIC        P3M0
  D:0090H         PUBLIC        P1
  D:00B1H         PUBLIC        P3M1
  D:00A0H         PUBLIC        P2
  D:00B0H         PUBLIC        P3
  D:00C0H         PUBLIC        P4
  D:00C8H         PUBLIC        P5
  X:0498H         SYMBOL        PressedKey
  B:00A8H.7       PUBLIC        EA
  D:00E8H         PUBLIC        P6
  X:049CH         PUBLIC        calib_stamp
  D:00F8H         PUBLIC        P7
  X:049DH         PUBLIC        RX_Data_Uart_Cnt
  D:00A8H         PUBLIC        IE
  X:049FH         PUBLIC        calib_time
  D:00B8H         PUBLIC        IP
  X:04F3H         PUBLIC        months
  D:00D8H         PUBLIC        CCON
  C:1398H         PUBLIC        main
  X:04F4H         PUBLIC        count
  X:04F6H         PUBLIC        days
  X:04F7H         PUBLIC        hours
  D:0098H         PUBLIC        SCON
  D:0089H         PUBLIC        TMOD
  D:0088H         PUBLIC        TCON
  B:00A0H.3       PUBLIC        P23
  X:04F8H         SYMBOL        KeyCount
  X:04FAH         PUBLIC        mins
  X:04FBH         PUBLIC        Rec_data_hour
  B:00C8H.5       PUBLIC        P55
  X:04FEH         PUBLIC        Rec_data_min
  D:008EH         PUBLIC        AUXR
  C:0009H         PUBLIC        tm0_isr
  B:0021H.0       PUBLIC        busy
  B:00A8H.1       PUBLIC        ET0
  D:008CH         PUBLIC        TH0
  X:0501H         PUBLIC        hour_count
  D:008AH         PUBLIC        TL0
BL51 BANKED LINKER/LOCATER V6.22                                                      01/29/2019  10:51:40  PAGE 8


  X:0502H         PUBLIC        min_count
  B:0088H.4       PUBLIC        TR0
  X:0503H         SYMBOL        KeyNum
  X:0504H         SYMBOL        KeyNum_Old
  X:0505H         PUBLIC        current_position
  X:0509H         PUBLIC        hours1
  X:050AH         PUBLIC        hours2
  C:3B28H         PUBLIC        _Display_Prox
  X:050BH         PUBLIC        mins1
  X:050CH         PUBLIC        mins2
  C:2E35H         PUBLIC        _Display_Pos
  X:050DH         PUBLIC        seconds
  X:050EH         PUBLIC        st_time
  D:00D0H         PUBLIC        PSW
  -------         PROC          TM0_ISR
  C:0009H         LINE#         86
  C:0009H         LINE#         88
  -------         ENDPROC       TM0_ISR
  -------         PROC          MAIN
  -------         DO            
  X:031BH         SYMBOL        prox_data
  X:043CH         SYMBOL        KeyCount
  X:043EH         SYMBOL        KeyNum_Old
  X:043FH         SYMBOL        KeyNum
  X:0440H         SYMBOL        PressedKey
  X:031DH         SYMBOL        prox_flag
  X:031EH         SYMBOL        iUse_prevday_calib_value
  X:0320H         SYMBOL        calib_point1
  X:0328H         SYMBOL        calib_point2
  X:0330H         SYMBOL        calib_day
  X:0332H         SYMBOL        calib_count
  -------         ENDDO         
  C:1398H         LINE#         90
  C:1398H         LINE#         91
  C:1398H         LINE#         96
  C:139EH         LINE#         97
  C:13A3H         LINE#         100
  C:13A9H         LINE#         104
  C:13ABH         LINE#         105
  C:13ADH         LINE#         106
  C:13AFH         LINE#         107
  C:13B1H         LINE#         109
  C:13B7H         LINE#         118
  C:13B9H         LINE#         119
  C:13BCH         LINE#         120
  C:13BFH         LINE#         121
  C:13C2H         LINE#         122
  C:13C5H         LINE#         123
  C:13C8H         LINE#         126
  C:13CBH         LINE#         128
  C:13CEH         LINE#         129
  C:13D1H         LINE#         130
  C:13D4H         LINE#         131
  C:13D6H         LINE#         132
  C:13D8H         LINE#         133
  C:13DAH         LINE#         135
  C:13DCH         LINE#         136
BL51 BANKED LINKER/LOCATER V6.22                                                      01/29/2019  10:51:40  PAGE 9


  C:13E3H         LINE#         137
  C:13EAH         LINE#         138
  C:13F1H         LINE#         139
  C:13F8H         LINE#         143
  C:13FFH         LINE#         144
  C:1404H         LINE#         145
  C:1409H         LINE#         146
  C:140EH         LINE#         147
  C:1413H         LINE#         148
  C:1418H         LINE#         151
  C:1431H         LINE#         152
  C:1431H         LINE#         153
  C:144DH         LINE#         154
  C:1494H         LINE#         155
  C:14A5H         LINE#         156
  C:14A5H         LINE#         157
  C:14A5H         LINE#         158
  C:14A8H         LINE#         161
  C:14A8H         LINE#         164
  C:14ADH         LINE#         165
  C:14B2H         LINE#         167
  C:14B7H         LINE#         168
  C:14BCH         LINE#         169
  C:14C1H         LINE#         170
  C:14C6H         LINE#         172
  C:14D7H         LINE#         174
  C:14DEH         LINE#         175
  C:14E6H         LINE#         176
  C:14EBH         LINE#         177
  C:14F3H         LINE#         178
  C:14F8H         LINE#         179
  C:1502H         LINE#         180
  C:1507H         LINE#         181
  C:150FH         LINE#         183
  C:1517H         LINE#         184
  C:151CH         LINE#         185
  C:1526H         LINE#         186
  C:1526H         LINE#         187
  C:1528H         LINE#         188
  C:152AH         LINE#         189
  C:1534H         LINE#         190
  C:1534H         LINE#         191
  C:1539H         LINE#         192
  C:1539H         LINE#         204
  C:1546H         LINE#         205
  C:1546H         LINE#         206
  C:1550H         LINE#         207
  C:1567H         LINE#         208
  C:1567H         LINE#         209
  C:1569H         LINE#         210
  C:156BH         LINE#         212
  C:156BH         LINE#         213
  C:1576H         LINE#         214
  C:1576H         LINE#         215
  C:157BH         LINE#         216
  C:157BH         LINE#         217
  C:1588H         LINE#         218
BL51 BANKED LINKER/LOCATER V6.22                                                      01/29/2019  10:51:40  PAGE 10


  C:1588H         LINE#         221
  C:1592H         LINE#         222
  C:15A9H         LINE#         223
  C:15A9H         LINE#         224
  C:15ABH         LINE#         225
  C:15ADH         LINE#         227
  C:15ADH         LINE#         228
  C:15B8H         LINE#         229
  C:15B8H         LINE#         230
  C:15BDH         LINE#         231
  C:15BFH         LINE#         232
  C:15BFH         LINE#         241
  C:15E1H         LINE#         242
  C:15E1H         LINE#         243
  C:15EBH         LINE#         244
  C:15F1H         LINE#         245
  C:15F3H         LINE#         246
  C:15F5H         LINE#         247
  C:15F7H         LINE#         248
  C:15F7H         LINE#         249
  C:15FAH         LINE#         251
  C:15FAH         LINE#         252
  C:1600H         LINE#         253
  C:1608H         LINE#         254
  C:160EH         LINE#         255
  C:1616H         LINE#         256
  C:1651H         LINE#         260
  C:165EH         LINE#         261
  C:165EH         LINE#         263
  C:1691H         LINE#         264
  C:169EH         LINE#         265
  C:169EH         LINE#         267
  C:16C1H         LINE#         268
  C:16C1H         LINE#         269
  C:16E3H         LINE#         270
  C:16E3H         LINE#         271
  C:175FH         LINE#         272
  C:17A5H         LINE#         276
  C:17A8H         LINE#         277
  C:17B9H         LINE#         278
  C:17B9H         LINE#         279
  C:17B9H         LINE#         281
  C:17B9H         LINE#         285
  C:17BCH         LINE#         287
  C:17BCH         LINE#         288
  C:17DEH         LINE#         289
  C:17DEH         LINE#         290
  C:185AH         LINE#         291
  C:18AFH         LINE#         292
  C:18AFH         LINE#         293
  C:18AFH         LINE#         294
  C:18B2H         LINE#         298
  C:18B2H         LINE#         301
  C:18DAH         LINE#         302
  C:18DAH         LINE#         303
  C:18FCH         LINE#         304
  C:18FCH         LINE#         305
BL51 BANKED LINKER/LOCATER V6.22                                                      01/29/2019  10:51:40  PAGE 11


  C:1978H         LINE#         306
  C:19D2H         LINE#         311
  C:19D5H         LINE#         312
  C:19E6H         LINE#         313
  C:19E6H         LINE#         314
  C:19EEH         LINE#         316
  C:19EEH         LINE#         319
  C:19F1H         LINE#         321
  C:19F1H         LINE#         323
  C:1A13H         LINE#         324
  C:1A13H         LINE#         325
  C:1A8FH         LINE#         327
  C:1ABCH         LINE#         328
  C:1AD7H         LINE#         329
  C:1B04H         LINE#         330
  C:1B1FH         LINE#         332
  C:1BBBH         LINE#         335
  C:1BBBH         LINE#         336
  C:1BBBH         LINE#         337
  C:1BBBH         LINE#         339
  C:1BBBH         LINE#         342
  C:1BD7H         LINE#         343
  C:1BDCH         LINE#         345
  C:1BDEH         LINE#         346
  -------         ENDPROC       MAIN
  -------         PROC          _DISPLAY_PROX
  D:0002H         SYMBOL        dat
  -------         DO            
  X:0582H         SYMBOL        unit
  X:0583H         SYMBOL        ten
  X:0584H         SYMBOL        hundred
  X:0585H         SYMBOL        thousand
  -------         ENDDO         
  C:3B28H         LINE#         430
  C:3B2CH         LINE#         431
  C:3B2CH         LINE#         433
  C:3B38H         LINE#         434
  C:3B48H         LINE#         435
  C:3B64H         LINE#         436
  C:3B94H         LINE#         437
  C:3B9EH         LINE#         438
  C:3BA8H         LINE#         439
  C:3BB2H         LINE#         440
  C:3BBCH         LINE#         442
  -------         ENDPROC       _DISPLAY_PROX
  -------         PROC          _DISPLAY_POS
  X:0334H         SYMBOL        sign_dat
  -------         DO            
  X:0338H         SYMBOL        unit
  X:0339H         SYMBOL        ten
  X:033AH         SYMBOL        hundred
  D:0003H         SYMBOL        thousand
  X:033BH         SYMBOL        after_dot
  X:033CH         SYMBOL        dat
  -------         ENDDO         
  C:2E35H         LINE#         445
  C:2E3BH         LINE#         446
BL51 BANKED LINKER/LOCATER V6.22                                                      01/29/2019  10:51:40  PAGE 12


  C:2E3BH         LINE#         450
  C:2E57H         LINE#         451
  C:2E71H         LINE#         452
  C:2E95H         LINE#         454
  C:2EDFH         LINE#         456
  C:2EF6H         LINE#         457
  C:2F03H         LINE#         458
  C:2F25H         LINE#         459
  C:2F5AH         LINE#         460
  C:2F72H         LINE#         461
  C:2F72H         LINE#         463
  C:2F7CH         LINE#         464
  C:2F86H         LINE#         465
  C:2F90H         LINE#         466
  C:2F95H         LINE#         467
  C:2F9FH         LINE#         468
  C:2FA4H         LINE#         469
  C:2FA9H         LINE#         470
  C:2FABH         LINE#         471
  C:2FADH         LINE#         473
  C:2FADH         LINE#         475
  C:2FB2H         LINE#         476
  C:2FBCH         LINE#         477
  C:2FC6H         LINE#         478
  C:2FD0H         LINE#         479
  C:2FD5H         LINE#         480
  C:2FDFH         LINE#         481
  C:2FE4H         LINE#         482
  C:2FE9H         LINE#         484
  C:2FE9H         LINE#         486
  -------         ENDPROC       _DISPLAY_POS
  -------         ENDMOD        MAIN

  -------         MODULE        PCF85063BTL
  C:0000H         SYMBOL        _ICE_DUMMY_
  D:0096H         PUBLIC        P2M0
  D:0080H         PUBLIC        P0
  D:0095H         PUBLIC        P2M1
  D:0090H         PUBLIC        P1
  D:00A0H         PUBLIC        P2
  D:00B0H         PUBLIC        P3
  D:00C0H         PUBLIC        P4
  D:00C8H         PUBLIC        P5
  D:00E8H         PUBLIC        P6
  B:00A0H.1       PUBLIC        PCF85063BTL_SDI
  D:00F8H         PUBLIC        P7
  B:00A0H.2       PUBLIC        PCF85063BTL_SCK
  B:00A0H.1       PUBLIC        PCF85063BTL_SDO
  D:00A8H         PUBLIC        IE
  C:3D42H         PUBLIC        _Read_time
  C:41BCH         PUBLIC        _PCF85063BTL_Delay
  D:00B8H         PUBLIC        IP
  D:00D8H         PUBLIC        CCON
  C:3C49H         PUBLIC        _Day_Of_Year
  C:40B4H         PUBLIC        SPI_ReceiveByte
  D:0098H         PUBLIC        SCON
  D:0088H         PUBLIC        TCON
BL51 BANKED LINKER/LOCATER V6.22                                                      01/29/2019  10:51:40  PAGE 13


  C:41EFH         PUBLIC        _BCDtoDec
  B:00A0H.0       PUBLIC        PCF85063BTL_CS
  C:41DEH         PUBLIC        _SPI_ReadTime
  C:423EH         PUBLIC        SPI_Init
  C:4147H         PUBLIC        _SPI_WriteTime
  C:4094H         PUBLIC        _SPI_SendByte
  D:00D0H         PUBLIC        PSW
  C:41B8H         SYMBOL        L?0047
  -------         PROC          L?0046
  -------         ENDPROC       L?0046
  C:41B8H         SYMBOL        L?0047
  -------         PROC          _PCF85063BTL_DELAY
  D:0006H         SYMBOL        us
  C:41BCH         LINE#         8
  C:41BCH         LINE#         9
  C:41BCH         LINE#         10
  C:41C6H         LINE#         11
  C:41C6H         LINE#         12
  C:41C7H         LINE#         13
  C:41C9H         LINE#         14
  -------         ENDPROC       _PCF85063BTL_DELAY
  -------         PROC          _SPI_SENDBYTE
  D:0005H         SYMBOL        dat
  -------         DO            
  D:0003H         SYMBOL        i
  -------         ENDDO         
  C:4094H         LINE#         17
  C:4096H         LINE#         18
  C:4096H         LINE#         20
  C:4098H         LINE#         21
  C:4098H         LINE#         22
  C:409AH         LINE#         23
  C:409EH         LINE#         24
  C:409EH         LINE#         25
  C:40A0H         LINE#         26
  C:40A2H         LINE#         28
  C:40A2H         LINE#         29
  C:40A4H         LINE#         30
  C:40A4H         LINE#         31
  C:40A7H         LINE#         32
  C:40A7H         LINE#         33
  C:40AAH         LINE#         34
  C:40AEH         LINE#         35
  C:40B3H         LINE#         36
  -------         ENDPROC       _SPI_SENDBYTE
  -------         PROC          SPI_RECEIVEBYTE
  -------         DO            
  D:0003H         SYMBOL        i
  D:0005H         SYMBOL        dat
  -------         ENDDO         
  C:40B4H         LINE#         39
  C:40B4H         LINE#         40
  C:40B4H         LINE#         42
  C:40B6H         LINE#         44
  C:40B8H         LINE#         45
  C:40B9H         LINE#         46
  C:40B9H         LINE#         47
BL51 BANKED LINKER/LOCATER V6.22                                                      01/29/2019  10:51:40  PAGE 14


  C:40BDH         LINE#         48
  C:40BFH         LINE#         49
  C:40C2H         LINE#         51
  C:40C5H         LINE#         52
  C:40C5H         LINE#         53
  C:40C9H         LINE#         54
  C:40C9H         LINE#         55
  C:40C9H         LINE#         56
  C:40CCH         LINE#         57
  C:40D1H         LINE#         58
  C:40D3H         LINE#         59
  -------         ENDPROC       SPI_RECEIVEBYTE
  -------         PROC          _SPI_READTIME
  D:0007H         SYMBOL        addr
  -------         DO            
  D:0006H         SYMBOL        dat
  -------         ENDDO         
  C:41DEH         LINE#         61
  C:41DEH         LINE#         62
  C:41DEH         LINE#         64
  C:41E0H         LINE#         65
  C:41E2H         LINE#         66
  C:41E9H         LINE#         67
  C:41ECH         LINE#         68
  C:41EEH         LINE#         69
  C:41EEH         LINE#         70
  -------         ENDPROC       _SPI_READTIME
  -------         PROC          _SPI_WRITETIME
  D:0002H         SYMBOL        val
  D:0005H         SYMBOL        addr
  C:4147H         LINE#         71
  C:4149H         LINE#         72
  C:4149H         LINE#         74
  C:414BH         LINE#         75
  C:4152H         LINE#         76
  C:4157H         LINE#         77
  C:415CH         LINE#         78
  C:415EH         LINE#         79
  -------         ENDPROC       _SPI_WRITETIME
  -------         PROC          SPI_INIT
  C:423EH         LINE#         83
  C:423EH         LINE#         84
  C:423EH         LINE#         89
  C:4241H         LINE#         90
  C:4244H         LINE#         91
  C:4246H         LINE#         92
  C:4248H         LINE#         93
  C:424AH         LINE#         94
  -------         ENDPROC       SPI_INIT
  -------         PROC          _READ_TIME
  X:0334H         SYMBOL        months
  X:0337H         SYMBOL        days
  X:033AH         SYMBOL        hours
  X:033DH         SYMBOL        mins
  X:0340H         SYMBOL        seconds
  C:3D42H         LINE#         96
  C:3D4DH         LINE#         97
BL51 BANKED LINKER/LOCATER V6.22                                                      01/29/2019  10:51:40  PAGE 15


  C:3D4DH         LINE#         99
  C:3D61H         LINE#         101
  C:3D75H         LINE#         103
  C:3D89H         LINE#         108
  C:3D9DH         LINE#         113
  -------         ENDPROC       _READ_TIME
  -------         PROC          _BCDTODEC
  D:0007H         SYMBOL        bcd
  -------         DO            
  D:0006H         SYMBOL        hi
  D:0007H         SYMBOL        lo
  -------         ENDDO         
  C:41EFH         LINE#         119
  C:41EFH         LINE#         120
  C:41EFH         LINE#         122
  C:41F4H         LINE#         123
  C:41F8H         LINE#         124
  C:41FFH         LINE#         125
  -------         ENDPROC       _BCDTODEC
  -------         PROC          _DAY_OF_YEAR
  D:0007H         SYMBOL        months_bcd
  D:0005H         SYMBOL        days_bcd
  -------         DO            
  D:0004H         SYMBOL        months
  D:0007H         SYMBOL        days
  -------         ENDDO         
  C:3C49H         LINE#         126
  C:3C49H         LINE#         127
  C:3C49H         LINE#         130
  C:3C4EH         LINE#         132
  C:3C53H         LINE#         134
  C:3C8CH         LINE#         135
  C:3C8CH         LINE#         136
  C:3C8CH         LINE#         137
  C:3C8FH         LINE#         138
  C:3C8FH         LINE#         139
  C:3C8FH         LINE#         140
  C:3C94H         LINE#         141
  C:3C94H         LINE#         142
  C:3C94H         LINE#         143
  C:3C99H         LINE#         144
  C:3C99H         LINE#         145
  C:3C99H         LINE#         146
  C:3C9EH         LINE#         147
  C:3C9EH         LINE#         148
  C:3C9EH         LINE#         149
  C:3CA3H         LINE#         150
  C:3CA3H         LINE#         151
  C:3CA3H         LINE#         152
  C:3CA8H         LINE#         153
  C:3CA8H         LINE#         154
  C:3CA8H         LINE#         155
  C:3CADH         LINE#         156
  C:3CADH         LINE#         157
  C:3CADH         LINE#         158
  C:3CB2H         LINE#         159
  C:3CB2H         LINE#         160
BL51 BANKED LINKER/LOCATER V6.22                                                      01/29/2019  10:51:40  PAGE 16


  C:3CB2H         LINE#         161
  C:3CBAH         LINE#         162
  C:3CBAH         LINE#         163
  C:3CBAH         LINE#         164
  C:3CBFH         LINE#         165
  C:3CBFH         LINE#         166
  C:3CBFH         LINE#         167
  C:3CC4H         LINE#         168
  C:3CC4H         LINE#         169
  C:3CC4H         LINE#         170
  C:3CCCH         LINE#         171
  C:3CCCH         LINE#         172
  C:3CCCH         LINE#         173
  -------         ENDPROC       _DAY_OF_YEAR
  -------         ENDMOD        PCF85063BTL

  -------         MODULE        UART1
  C:0000H         SYMBOL        _ICE_DUMMY_
  D:0080H         PUBLIC        P0
  D:0090H         PUBLIC        P1
  D:00A0H         PUBLIC        P2
  D:00B0H         PUBLIC        P3
  D:00C0H         PUBLIC        P4
  D:00C8H         PUBLIC        P5
  B:00A8H.7       PUBLIC        EA
  D:00E8H         PUBLIC        P6
  D:00F8H         PUBLIC        P7
  C:3F9DH         PUBLIC        _SendString
  D:00A8H         PUBLIC        IE
  B:00A8H.4       PUBLIC        ES
  D:00B8H         PUBLIC        IP
  C:415FH         PUBLIC        _ASCIItoBCD
  D:00D8H         PUBLIC        CCON
  C:4200H         PUBLIC        initUART1
  D:0098H         PUBLIC        SCON
  D:0088H         PUBLIC        TCON
  C:000AH         PUBLIC        _DectoBCD
  C:4282H         PUBLIC        _ASCII_Letter
  D:008EH         PUBLIC        AUXR
  C:427DH         PUBLIC        _unit
  C:0003H         PUBLIC        _ten
  D:00D6H         PUBLIC        T2H
  D:00D7H         PUBLIC        T2L
  D:00D0H         PUBLIC        PSW
  -------         PROC          INITUART1
  C:4200H         LINE#         21
  C:4200H         LINE#         22
  C:4200H         LINE#         23
  C:4203H         LINE#         24
  C:4206H         LINE#         25
  C:4209H         LINE#         26
  C:420CH         LINE#         27
  C:420EH         LINE#         28
  C:4210H         LINE#         30
  -------         ENDPROC       INITUART1
  -------         PROC          _SENDSTRING
  X:0586H         SYMBOL        s
BL51 BANKED LINKER/LOCATER V6.22                                                      01/29/2019  10:51:40  PAGE 17


  C:3F9DH         LINE#         35
  C:3FA8H         LINE#         36
  C:3FA8H         LINE#         37
  C:3FB8H         LINE#         38
  C:3FB8H         LINE#         39
  C:3FCDH         LINE#         40
  C:3FCFH         LINE#         41
  -------         ENDPROC       _SENDSTRING
  -------         PROC          _TEN
  D:0007H         SYMBOL        BCD
  C:0003H         LINE#         43
  C:0003H         LINE#         44
  C:0003H         LINE#         45
  C:0008H         LINE#         46
  -------         ENDPROC       _TEN
  -------         PROC          _UNIT
  D:0007H         SYMBOL        BCD
  C:427DH         LINE#         47
  C:427DH         LINE#         48
  C:427DH         LINE#         52
  C:4281H         LINE#         53
  -------         ENDPROC       _UNIT
  -------         PROC          _DECTOBCD
  D:0007H         SYMBOL        dec
  C:000AH         LINE#         54
  C:000AH         LINE#         55
  C:000AH         LINE#         57
  C:000AH         LINE#         58
  -------         ENDPROC       _DECTOBCD
  -------         PROC          _ASCII_LETTER
  D:0007H         SYMBOL        dat
  C:4282H         LINE#         60
  C:4282H         LINE#         61
  C:4282H         LINE#         63
  C:4286H         LINE#         64
  -------         ENDPROC       _ASCII_LETTER
  -------         PROC          _ASCIITOBCD
  D:0001H         SYMBOL        ascii
  -------         DO            
  D:0007H         SYMBOL        dec_val
  D:0006H         SYMBOL        ten
  D:0007H         SYMBOL        unit
  -------         ENDDO         
  C:415FH         LINE#         66
  C:415FH         LINE#         67
  C:415FH         LINE#         69
  C:4162H         LINE#         70
  C:4168H         LINE#         71
  C:416FH         LINE#         72
  C:4175H         LINE#         74
  -------         ENDPROC       _ASCIITOBCD
  -------         ENDMOD        UART1

  -------         MODULE        LCD_DRIVER_SPLC780D
  C:0000H         SYMBOL        _ICE_DUMMY_
  D:0092H         PUBLIC        P1M0
  D:0091H         PUBLIC        P1M1
BL51 BANKED LINKER/LOCATER V6.22                                                      01/29/2019  10:51:40  PAGE 18


  D:0080H         PUBLIC        P0
  D:0090H         PUBLIC        P1
  D:00A0H         PUBLIC        P2
  D:00B0H         PUBLIC        P3
  D:00C0H         PUBLIC        P4
  D:00C8H         PUBLIC        P5
  D:00E8H         PUBLIC        P6
  D:00F8H         PUBLIC        P7
  C:3CCDH         PUBLIC        _WriteData
  D:00A8H         PUBLIC        IE
  D:00B8H         PUBLIC        IP
  D:00D8H         PUBLIC        CCON
  B:00B0H.4       PUBLIC        LCD_D4
  B:00B0H.5       PUBLIC        LCD_D5
  B:00B0H.6       PUBLIC        LCD_D6
  C:40F2H         PUBLIC        _DisplayLCD
  B:00B0H.7       PUBLIC        LCD_D7
  D:0098H         PUBLIC        SCON
  D:0088H         PUBLIC        TCON
  C:426DH         PUBLIC        LCD_clear
  C:3EE2H         PUBLIC        _Command
  C:418CH         PUBLIC        _Display_Line
  C:3DB1H         PUBLIC        LCD_Init
  C:4076H         PUBLIC        _Wait_ms
  B:00C0H.0       PUBLIC        LCD_RS
  B:00B0H.2       PUBLIC        LCD_RW
  C:4263H         PUBLIC        LCD_return_home
  B:00B0H.3       PUBLIC        LCD_E
  D:00D0H         PUBLIC        PSW
  -------         PROC          LCD_INIT
  C:3DB1H         LINE#         9
  C:3DB1H         LINE#         10
  C:3DB1H         LINE#         11
  C:3DB4H         LINE#         12
  C:3DB7H         LINE#         14
  C:3DBDH         LINE#         15
  C:3DC2H         LINE#         17
  C:3DC9H         LINE#         18
  C:3DCEH         LINE#         20
  C:3DD1H         LINE#         21
  C:3DD6H         LINE#         23
  C:3DD9H         LINE#         24
  C:3DDEH         LINE#         26
  C:3DE5H         LINE#         29
  C:3DEAH         LINE#         30
  C:3DEFH         LINE#         32
  C:3DF4H         LINE#         33
  C:3DF9H         LINE#         35
  C:3DFEH         LINE#         36
  C:3E03H         LINE#         37
  -------         ENDPROC       LCD_INIT
  -------         PROC          _WRITEDATA
  X:033EH         SYMBOL        dat
  C:3CCDH         LINE#         40
  C:3CD2H         LINE#         41
  C:3CD2H         LINE#         46
  C:3CD4H         LINE#         47
BL51 BANKED LINKER/LOCATER V6.22                                                      01/29/2019  10:51:40  PAGE 19


  C:3CD6H         LINE#         49
  C:3CE4H         LINE#         50
  C:3CF0H         LINE#         51
  C:3CFCH         LINE#         52
  C:3D06H         LINE#         53
  C:3D08H         LINE#         54
  C:3D0FH         LINE#         55
  C:3D11H         LINE#         57
  C:3D21H         LINE#         58
  C:3D2CH         LINE#         59
  C:3D36H         LINE#         60
  C:3D3AH         LINE#         62
  C:3D3AH         LINE#         63
  C:3D3DH         LINE#         64
  C:3D3FH         LINE#         65
  C:3D41H         LINE#         67
  -------         ENDPROC       _WRITEDATA
  -------         PROC          _COMMAND
  D:0007H         SYMBOL        dat
  C:3EE2H         LINE#         69
  C:3EE2H         LINE#         70
  C:3EE2H         LINE#         71
  C:3EE4H         LINE#         72
  C:3EE6H         LINE#         74
  C:3EF0H         LINE#         75
  C:3EF4H         LINE#         77
  C:3EF6H         LINE#         78
  C:3EFFH         LINE#         79
  C:3F03H         LINE#         81
  C:3F05H         LINE#         82
  C:3F0CH         LINE#         83
  C:3F10H         LINE#         85
  C:3F12H         LINE#         86
  C:3F16H         LINE#         87
  C:3F1AH         LINE#         89
  C:3F1CH         LINE#         90
  C:3F1CH         LINE#         91
  C:3F1FH         LINE#         92
  C:3F21H         LINE#         93
  -------         ENDPROC       _COMMAND
  C:4072H         SYMBOL        L?0028
  -------         PROC          L?0027
  -------         ENDPROC       L?0027
  C:4072H         SYMBOL        L?0028
  -------         PROC          _WAIT_MS
  D:0006H         SYMBOL        ms
  -------         DO            
  D:0004H         SYMBOL        De_Cnt
  -------         ENDDO         
  C:4076H         LINE#         95
  C:4076H         LINE#         96
  C:4076H         LINE#         98
  C:4080H         LINE#         99
  C:4080H         LINE#         100
  C:4093H         LINE#         101
  C:4093H         LINE#         102
  -------         ENDPROC       _WAIT_MS
BL51 BANKED LINKER/LOCATER V6.22                                                      01/29/2019  10:51:40  PAGE 20


  -------         PROC          _DISPLAYLCD
  D:0007H         SYMBOL        BCD
  -------         DO            
  D:0006H         SYMBOL        first_digit
  X:0334H         SYMBOL        second_digit
  -------         ENDDO         
  C:40F2H         LINE#         103
  C:40F2H         LINE#         104
  C:40F2H         LINE#         106
  C:40F9H         LINE#         107
  C:4102H         LINE#         109
  C:4107H         LINE#         111
  -------         ENDPROC       _DISPLAYLCD
  -------         PROC          LCD_RETURN_HOME
  C:4263H         LINE#         115
  C:4263H         LINE#         116
  C:4263H         LINE#         117
  C:4268H         LINE#         118
  -------         ENDPROC       LCD_RETURN_HOME
  -------         PROC          LCD_CLEAR
  C:426DH         LINE#         121
  C:426DH         LINE#         122
  C:426DH         LINE#         123
  C:4272H         LINE#         124
  -------         ENDPROC       LCD_CLEAR
  -------         PROC          _DISPLAY_LINE
  D:0006H         SYMBOL        line
  C:418CH         LINE#         128
  C:418CH         LINE#         129
  C:418CH         LINE#         130
  C:4192H         LINE#         131
  C:4192H         LINE#         132
  C:4194H         LINE#         133
  C:4194H         LINE#         134
  C:4196H         LINE#         136
  C:4196H         LINE#         137
  C:419BH         LINE#         138
  C:41A0H         LINE#         139
  C:41A0H         LINE#         140
  -------         ENDPROC       _DISPLAY_LINE
  -------         ENDMOD        LCD_DRIVER_SPLC780D

  -------         MODULE        KEYPAD
  C:0000H         SYMBOL        _ICE_DUMMY_
  D:0093H         PUBLIC        P0M1
  D:0080H         PUBLIC        P0
  D:0090H         PUBLIC        P1
  D:00A0H         PUBLIC        P2
  D:00B0H         PUBLIC        P3
  D:00C0H         PUBLIC        P4
  D:00C8H         PUBLIC        P5
  B:0020H.0       PUBLIC        calib_mode
  D:00E8H         PUBLIC        P6
  D:00F8H         PUBLIC        P7
  D:00A8H         PUBLIC        IE
  C:2FEAH         PUBLIC        Key_Scan
  D:00B8H         PUBLIC        IP
BL51 BANKED LINKER/LOCATER V6.22                                                      01/29/2019  10:51:40  PAGE 21


  D:00D8H         PUBLIC        CCON
  C:424BH         PUBLIC        KeyPad_IO_Init
  C:40D4H         PUBLIC        _Delay_ms
  D:0098H         PUBLIC        SCON
  D:0088H         PUBLIC        TCON
  B:0020H.1       PUBLIC        small_move
  B:0020H.2       PUBLIC        move
  B:0020H.3       PUBLIC        direction
  B:0020H.4       PUBLIC        auto_move
  C:29C4H         PUBLIC        Key_Process
  D:00D0H         PUBLIC        PSW
  D:0094H         PUBLIC        P0M0
  -------         PROC          _DELAY_MS
  D:0006H         SYMBOL        ms
  -------         DO            
  D:0004H         SYMBOL        De_Cnt
  -------         ENDDO         
  C:40D4H         LINE#         19
  C:40D4H         LINE#         20
  C:40D4H         LINE#         22
  C:40DEH         LINE#         23
  C:40DEH         LINE#         24
  C:40F1H         LINE#         25
  C:40F1H         LINE#         26
  -------         ENDPROC       _DELAY_MS
  -------         PROC          KEY_SCAN
  -------         DO            
  X:033AH         SYMBOL        KeyTemp1
  X:033BH         SYMBOL        KeyTemp2
  X:033CH         SYMBOL        KeyValue
  -------         ENDDO         
  C:2FEAH         LINE#         27
  C:2FEAH         LINE#         28
  C:2FEAH         LINE#         33
  C:2FEDH         LINE#         36
  C:2FF0H         LINE#         38
  C:2FF8H         LINE#         39
  C:2FFFH         LINE#         40
  C:2FFFH         LINE#         42
  C:3004H         LINE#         43
  C:300BH         LINE#         44
  C:300BH         LINE#         47
  C:300EH         LINE#         48
  C:3011H         LINE#         49
  C:3016H         LINE#         50
  C:301AH         LINE#         51
  C:301AH         LINE#         52
  C:3022H         LINE#         53
  C:3022H         LINE#         54
  C:3025H         LINE#         55
  C:302DH         LINE#         56
  C:302FH         LINE#         58
  C:3043H         LINE#         59
  C:3043H         LINE#         60
  C:3043H         LINE#         61
  C:3043H         LINE#         62
  C:3049H         LINE#         64
BL51 BANKED LINKER/LOCATER V6.22                                                      01/29/2019  10:51:40  PAGE 22


  C:304BH         LINE#         65
  C:304BH         LINE#         66
  C:304BH         LINE#         67
  C:3051H         LINE#         69
  C:3053H         LINE#         70
  C:3053H         LINE#         71
  C:3053H         LINE#         72
  C:3059H         LINE#         74
  C:305BH         LINE#         75
  C:305BH         LINE#         76
  C:305BH         LINE#         77
  C:3061H         LINE#         79
  C:3061H         LINE#         80
  C:3061H         LINE#         81
  C:3061H         LINE#         84
  C:3064H         LINE#         85
  C:3067H         LINE#         86
  C:306FH         LINE#         87
  C:3073H         LINE#         88
  C:3073H         LINE#         89
  C:307BH         LINE#         90
  C:307BH         LINE#         91
  C:307EH         LINE#         92
  C:3086H         LINE#         93
  C:3088H         LINE#         94
  C:309CH         LINE#         95
  C:309CH         LINE#         96
  C:309CH         LINE#         97
  C:309CH         LINE#         98
  C:30A2H         LINE#         100
  C:30A4H         LINE#         101
  C:30A4H         LINE#         102
  C:30A4H         LINE#         103
  C:30AAH         LINE#         105
  C:30ACH         LINE#         106
  C:30ACH         LINE#         107
  C:30ACH         LINE#         108
  C:30B2H         LINE#         110
  C:30B4H         LINE#         111
  C:30B4H         LINE#         112
  C:30B4H         LINE#         113
  C:30B9H         LINE#         115
  C:30B9H         LINE#         116
  C:30B9H         LINE#         117
  C:30B9H         LINE#         120
  C:30BCH         LINE#         121
  C:30BFH         LINE#         122
  C:30C7H         LINE#         123
  C:30CBH         LINE#         124
  C:30CBH         LINE#         125
  C:30D3H         LINE#         126
  C:30D3H         LINE#         127
  C:30D6H         LINE#         128
  C:30DEH         LINE#         129
  C:30E0H         LINE#         130
  C:30F4H         LINE#         131
  C:30F4H         LINE#         132
BL51 BANKED LINKER/LOCATER V6.22                                                      01/29/2019  10:51:40  PAGE 23


  C:30F4H         LINE#         133
  C:30F4H         LINE#         134
  C:30FAH         LINE#         136
  C:30FCH         LINE#         137
  C:30FCH         LINE#         138
  C:30FCH         LINE#         139
  C:3102H         LINE#         141
  C:3104H         LINE#         142
  C:3104H         LINE#         143
  C:3104H         LINE#         144
  C:310AH         LINE#         146
  C:310CH         LINE#         147
  C:310CH         LINE#         148
  C:310CH         LINE#         149
  C:3112H         LINE#         151
  C:3112H         LINE#         152
  C:3112H         LINE#         153
  C:3112H         LINE#         157
  C:3115H         LINE#         158
  C:3118H         LINE#         159
  C:3120H         LINE#         160
  C:3124H         LINE#         161
  C:3124H         LINE#         162
  C:312CH         LINE#         163
  C:312CH         LINE#         164
  C:312FH         LINE#         165
  C:3137H         LINE#         166
  C:3139H         LINE#         167
  C:314DH         LINE#         168
  C:314DH         LINE#         169
  C:314DH         LINE#         170
  C:314DH         LINE#         171
  C:3153H         LINE#         173
  C:3155H         LINE#         174
  C:3155H         LINE#         175
  C:3155H         LINE#         176
  C:315BH         LINE#         178
  C:315DH         LINE#         179
  C:315DH         LINE#         180
  C:315DH         LINE#         181
  C:3163H         LINE#         183
  C:3165H         LINE#         184
  C:3165H         LINE#         185
  C:3165H         LINE#         186
  C:316BH         LINE#         188
  C:316BH         LINE#         189
  C:316BH         LINE#         190
  C:316BH         LINE#         192
  C:3171H         LINE#         193
  C:3171H         LINE#         195
  C:3171H         LINE#         196
  C:3174H         LINE#         197
  C:3174H         LINE#         198
  C:3174H         LINE#         200
  C:3174H         LINE#         201
  C:3176H         LINE#         202
  C:3176H         LINE#         203
BL51 BANKED LINKER/LOCATER V6.22                                                      01/29/2019  10:51:40  PAGE 24


  -------         ENDPROC       KEY_SCAN
  -------         PROC          KEY_PROCESS
  -------         DO            
  X:0574H         SYMBOL        KeyCount
  X:0576H         SYMBOL        KeyNum_Old
  X:0577H         SYMBOL        KeyNum
  X:0578H         SYMBOL        PressedKey
  X:0334H         SYMBOL        d
  D:0004H         SYMBOL        hours
  D:0006H         SYMBOL        mins
  X:0336H         SYMBOL        months
  X:0338H         SYMBOL        days
  -------         ENDDO         
  C:29C4H         LINE#         204
  C:29C4H         LINE#         205
  C:29C4H         LINE#         209
  C:29CCH         LINE#         210
  C:29D4H         LINE#         212
  C:29D7H         LINE#         213
  C:29D7H         LINE#         214
  C:29DAH         LINE#         216
  C:29DAH         LINE#         217
  C:29E7H         LINE#         218
  C:29E7H         LINE#         219
  C:29EAH         LINE#         220
  C:29EDH         LINE#         222
  C:29F0H         LINE#         224
  C:29F0H         LINE#         225
  C:29FBH         LINE#         226
  C:29FBH         LINE#         227
  C:29FEH         LINE#         229
  C:29FEH         LINE#         230
  C:2A05H         LINE#         231
  C:2A05H         LINE#         232
  C:2A08H         LINE#         234
  C:2A08H         LINE#         235
  C:2A10H         LINE#         236
  C:2A10H         LINE#         237
  C:2A1AH         LINE#         238
  C:2A22H         LINE#         240
  C:2A2BH         LINE#         242
  C:2A2BH         LINE#         251
  C:2A40H         LINE#         252
  C:2A40H         LINE#         253
  C:2A52H         LINE#         254
  C:2A60H         LINE#         255
  C:2A6FH         LINE#         256
  C:2A6FH         LINE#         258
  C:2A75H         LINE#         262
  C:2A8BH         LINE#         263
  C:2A9CH         LINE#         264
  C:2AB7H         LINE#         265
  C:2AB7H         LINE#         266
  C:2AC7H         LINE#         267
  C:2AD8H         LINE#         268
  C:2AD8H         LINE#         272
  C:2AF1H         LINE#         273
BL51 BANKED LINKER/LOCATER V6.22                                                      01/29/2019  10:51:40  PAGE 25


  C:2B08H         LINE#         274
  C:2B28H         LINE#         275
  C:2B28H         LINE#         276
  C:2B32H         LINE#         277
  C:2B32H         LINE#         278
  C:2B3BH         LINE#         279
  C:2B3BH         LINE#         280
  C:2B4FH         LINE#         281
  C:2B4FH         LINE#         282
  C:2B4FH         LINE#         283
  C:2B4FH         LINE#         284
  C:2B4FH         LINE#         285
  C:2B51H         LINE#         287
  C:2B51H         LINE#         288
  C:2B5DH         LINE#         289
  C:2B5DH         LINE#         290
  C:2B6EH         LINE#         291
  C:2B6EH         LINE#         292
  C:2B6EH         LINE#         293
  C:2B6EH         LINE#         294
  C:2B6EH         LINE#         296
  C:2B70H         LINE#         298
  C:2B70H         LINE#         299
  C:2B81H         LINE#         300
  C:2B81H         LINE#         301
  C:2B81H         LINE#         302
  C:2B81H         LINE#         303
  C:2B81H         LINE#         305
  C:2B81H         LINE#         307
  C:2B81H         LINE#         308
  C:2B83H         LINE#         310
  C:2B83H         LINE#         311
  C:2B96H         LINE#         312
  C:2B96H         LINE#         313
  C:2BA7H         LINE#         314
  C:2BA7H         LINE#         315
  C:2BA7H         LINE#         316
  C:2BA7H         LINE#         317
  C:2BA7H         LINE#         318
  C:2BA9H         LINE#         320
  C:2BA9H         LINE#         321
  C:2BBAH         LINE#         322
  C:2BBAH         LINE#         323
  C:2BCBH         LINE#         324
  C:2BDCH         LINE#         325
  C:2BDCH         LINE#         326
  C:2BDCH         LINE#         327
  C:2BDCH         LINE#         328
  C:2BDCH         LINE#         329
  C:2BDFH         LINE#         330
  C:2BE4H         LINE#         331
  C:2BE9H         LINE#         332
  C:2BEEH         LINE#         333
  C:2BF3H         LINE#         334
  C:2BF8H         LINE#         335
  C:2BFDH         LINE#         336
  C:2C02H         LINE#         337
BL51 BANKED LINKER/LOCATER V6.22                                                      01/29/2019  10:51:40  PAGE 26


  C:2C02H         LINE#         339
  C:2C24H         LINE#         340
  C:2C24H         LINE#         341
  C:2C2EH         LINE#         342
  C:2C2EH         LINE#         343
  C:2C33H         LINE#         344
  C:2C3CH         LINE#         345
  C:2C53H         LINE#         346
  C:2C53H         LINE#         347
  C:2C63H         LINE#         349
  C:2C63H         LINE#         353
  -------         ENDPROC       KEY_PROCESS
  -------         PROC          KEYPAD_IO_INIT
  C:424BH         LINE#         356
  C:424BH         LINE#         357
  C:424BH         LINE#         358
  C:424EH         LINE#         359
  C:4251H         LINE#         360
  C:4254H         LINE#         361
  C:4256H         LINE#         362
  -------         ENDPROC       KEYPAD_IO_INIT
  -------         ENDMOD        KEYPAD

  -------         MODULE        BIPOLARMOTOR
  C:0000H         SYMBOL        _ICE_DUMMY_
  D:0080H         PUBLIC        P0
  D:0090H         PUBLIC        P1
  X:0000H         PUBLIC        RX_pos_test
  D:00A0H         PUBLIC        P2
  D:00B0H         PUBLIC        P3
  D:00C0H         PUBLIC        P4
  D:00C8H         PUBLIC        P5
  D:00E8H         PUBLIC        P6
  D:00F8H         PUBLIC        P7
  X:00A0H         PUBLIC        low_date_azimuth_mapping
  D:00A8H         PUBLIC        IE
  C:3741H         PUBLIC        linear_interpolate
  C:3FFBH         PUBLIC        _Move
  D:00B8H         PUBLIC        IP
  C:2C97H         PUBLIC        _findDet3x3
  C:2704H         PUBLIC        _findDet4x4
  D:00D8H         PUBLIC        CCON
  X:00C8H         PUBLIC        previous_move_time
  D:0098H         PUBLIC        SCON
  D:0088H         PUBLIC        TCON
  C:4287H         PUBLIC        wait
  C:3F22H         PUBLIC        _Step_move
  X:00C9H         PUBLIC        dat
  C:000EH         PUBLIC        _Update_position
  C:3E0AH         PUBLIC        vOneStepMove
  X:00CFH         PUBLIC        elevation_stamp
  X:00FFH         PUBLIC        date_azimuth_mapping
  X:0127H         PUBLIC        RX_pos
  C:4136H         PUBLIC        _BCDtoDec1
  X:0307H         PUBLIC        degree
  X:030BH         PUBLIC        elevation_stamp_test
  D:00D0H         PUBLIC        PSW
BL51 BANKED LINKER/LOCATER V6.22                                                      01/29/2019  10:51:40  PAGE 27


  -------         PROC          L?0058
  -------         ENDPROC       L?0058
  -------         PROC          _BCDTODEC1
  D:0007H         SYMBOL        bcd
  -------         DO            
  D:0006H         SYMBOL        hi
  D:0007H         SYMBOL        lo
  -------         ENDDO         
  C:4136H         LINE#         28
  C:4136H         LINE#         29
  C:4136H         LINE#         31
  C:413BH         LINE#         32
  C:413FH         LINE#         33
  C:4146H         LINE#         34
  -------         ENDPROC       _BCDTODEC1
  -------         PROC          WAIT
  C:4287H         LINE#         36
  C:4287H         LINE#         38
  -------         ENDPROC       WAIT
  -------         PROC          VONESTEPMOVE
  B:0020H.7       SYMBOL        bDir
  C:3E0AH         LINE#         40
  C:3E0AH         LINE#         41
  C:3E0AH         LINE#         43
  C:3E10H         LINE#         44
  C:3E10H         LINE#         45
  C:3E13H         LINE#         46
  C:3E1CH         LINE#         47
  C:3E23H         LINE#         48
  C:3E28H         LINE#         49
  C:3E28H         LINE#         50
  C:3E28H         LINE#         52
  C:3E2AH         LINE#         55
  C:3E2AH         LINE#         56
  C:3E2DH         LINE#         57
  C:3E36H         LINE#         58
  C:3E3DH         LINE#         59
  C:3E43H         LINE#         60
  C:3E4CH         LINE#         61
  C:3E53H         LINE#         62
  C:3E53H         LINE#         66
  -------         ENDPROC       VONESTEPMOVE
  -------         PROC          _STEP_MOVE
  X:03D0H         SYMBOL        step
  B:0020H.6       SYMBOL        dir
  -------         DO            
  X:03D2H         SYMBOL        i
  -------         ENDDO         
  C:3F22H         LINE#         68
  C:3F2AH         LINE#         69
  C:3F2AH         LINE#         71
  C:3F2FH         LINE#         74
  C:3F4AH         LINE#         75
  C:3F4AH         LINE#         76
  C:3F51H         LINE#         78
  C:3F61H         LINE#         80
  -------         ENDPROC       _STEP_MOVE
BL51 BANKED LINKER/LOCATER V6.22                                                      01/29/2019  10:51:40  PAGE 28


  -------         PROC          _MOVE
  X:03CCH         SYMBOL        distance
  B:0020H.5       SYMBOL        direction
  -------         DO            
  D:0006H         SYMBOL        step
  -------         ENDDO         
  C:3FFBH         LINE#         82
  C:4001H         LINE#         83
  C:4001H         LINE#         86
  C:401CH         LINE#         87
  -------         ENDPROC       _MOVE
  C:2C78H         SYMBOL        L?0054
  C:2C8CH         SYMBOL        L?0055
  -------         PROC          L?0053
  -------         ENDPROC       L?0053
  C:2C78H         SYMBOL        L?0054
  C:2C8CH         SYMBOL        L?0055
  -------         PROC          _FINDDET3X3
  X:0550H         SYMBOL        a11
  X:0554H         SYMBOL        a12
  X:0558H         SYMBOL        a13
  X:055CH         SYMBOL        a21
  X:0560H         SYMBOL        a22
  X:0564H         SYMBOL        a23
  X:0568H         SYMBOL        a31
  X:056CH         SYMBOL        a32
  X:0570H         SYMBOL        a33
  C:2C97H         LINE#         91
  C:2C9DH         LINE#         95
  C:2C9DH         LINE#         96
  C:2E34H         LINE#         98
  -------         ENDPROC       _FINDDET3X3
  -------         PROC          _FINDDET4X4
  X:0510H         SYMBOL        a11
  X:0514H         SYMBOL        a12
  X:0518H         SYMBOL        a13
  X:051CH         SYMBOL        a14
  X:0520H         SYMBOL        a21
  X:0524H         SYMBOL        a22
  X:0528H         SYMBOL        a23
  X:052CH         SYMBOL        a24
  X:0530H         SYMBOL        a31
  X:0534H         SYMBOL        a32
  X:0538H         SYMBOL        a33
  X:053CH         SYMBOL        a34
  X:0540H         SYMBOL        a41
  X:0544H         SYMBOL        a42
  X:0548H         SYMBOL        a43
  X:054CH         SYMBOL        a44
  C:2704H         LINE#         99
  C:270AH         LINE#         103
  C:270AH         LINE#         110
  C:29C3H         LINE#         114
  -------         ENDPROC       _FINDDET4X4
  C:3730H         SYMBOL        L?0057
  -------         PROC          L?0056
  -------         ENDPROC       L?0056
BL51 BANKED LINKER/LOCATER V6.22                                                      01/29/2019  10:51:40  PAGE 29


  C:3730H         SYMBOL        L?0057
  -------         PROC          LINEAR_INTERPOLATE
  X:03D3H         SYMBOL        p1
  X:03DBH         SYMBOL        p2
  X:03E3H         SYMBOL        x
  -------         DO            
  D:0004H         SYMBOL        fx
  -------         ENDDO         
  C:3741H         LINE#         120
  C:3741H         LINE#         121
  C:3741H         LINE#         124
  C:37E0H         LINE#         126
  C:37E0H         LINE#         127
  -------         ENDPROC       LINEAR_INTERPOLATE
  -------         PROC          _UPDATE_POSITION
  D:0001H         SYMBOL        mnths
  D:0002H         SYMBOL        dys
  X:034AH         SYMBOL        hurs
  X:034BH         SYMBOL        mns
  X:034CH         SYMBOL        sconds
  X:034DH         SYMBOL        currnt_pos
  X:0350H         SYMBOL        offset_calib
  -------         DO            
  X:0354H         SYMBOL        date
  X:0356H         SYMBOL        i
  X:0358H         SYMBOL        yy
  X:035AH         SYMBOL        desired_distance
  X:035EH         SYMBOL        distance
  X:0362H         SYMBOL        JP_pos
  X:0366H         SYMBOL        pos_interpolate_azimuth
  X:038EH         SYMBOL        current_local_sun_time
  X:0392H         SYMBOL        azimuth
  X:0396H         SYMBOL        elevation
  X:039AH         SYMBOL        time_offset
  X:039EH         SYMBOL        UTC_time
  X:03A2H         SYMBOL        declination
  X:03A6H         SYMBOL        p1
  X:03AEH         SYMBOL        p2
  X:03B6H         SYMBOL        time
  X:03C8H         SYMBOL        location
  X:03D0H         SYMBOL        sunCoord
  -------         ENDDO         
  C:000EH         LINE#         131
  C:0017H         LINE#         134
  C:0017H         LINE#         135
  C:0022H         LINE#         137
  C:003EH         LINE#         138
  C:0048H         LINE#         146
  C:0052H         LINE#         147
  C:005CH         LINE#         148
  C:0066H         LINE#         149
  C:0071H         LINE#         150
  C:007CH         LINE#         151
  C:0095H         LINE#         152
  C:00A6H         LINE#         153
  C:00B5H         LINE#         156
  C:00C9H         LINE#         160
BL51 BANKED LINKER/LOCATER V6.22                                                      01/29/2019  10:51:40  PAGE 30


  C:011BH         LINE#         161
  C:027FH         LINE#         162
  C:02CFH         LINE#         164
  C:03F7H         LINE#         166
  C:04C6H         LINE#         173
  C:04D0H         LINE#         174
  C:04D0H         LINE#         176
  C:04EAH         LINE#         177
  C:04EAH         LINE#         178
  C:055AH         LINE#         179
  C:055AH         LINE#         180
  C:0561H         LINE#         181
  C:0561H         LINE#         182
  C:058EH         LINE#         183
  C:05A9H         LINE#         185
  C:05F0H         LINE#         186
  C:0624H         LINE#         188
  C:066AH         LINE#         189
  C:068DH         LINE#         191
  C:068DH         LINE#         193
  C:0703H         LINE#         194
  C:0703H         LINE#         195
  C:070AH         LINE#         196
  C:070AH         LINE#         197
  C:0737H         LINE#         198
  C:0752H         LINE#         200
  C:0799H         LINE#         201
  C:07CDH         LINE#         203
  C:0813H         LINE#         204
  C:0833H         LINE#         206
  C:0833H         LINE#         207
  C:0844H         LINE#         210
  C:085EH         LINE#         211
  C:085EH         LINE#         212
  C:08CEH         LINE#         213
  C:08CEH         LINE#         214
  C:08FBH         LINE#         215
  C:0916H         LINE#         217
  C:0943H         LINE#         218
  C:095EH         LINE#         220
  C:0990H         LINE#         223
  C:0990H         LINE#         225
  C:09A1H         LINE#         227
  C:09D0H         LINE#         229
  C:09F5H         LINE#         230
  C:0A54H         LINE#         231
  C:0A54H         LINE#         237
  C:0A70H         LINE#         238
  C:0A70H         LINE#         239
  C:0A70H         LINE#         242
  -------         ENDPROC       _UPDATE_POSITION
  -------         ENDMOD        BIPOLARMOTOR

  -------         MODULE        SUNPOS
  C:0000H         SYMBOL        _ICE_DUMMY_
  C:1BE1H         PUBLIC        sunpos
  -------         PROC          SUNPOS
BL51 BANKED LINKER/LOCATER V6.22                                                      01/29/2019  10:51:40  PAGE 31


  X:03D3H         SYMBOL        udtTime
  X:03E5H         SYMBOL        udtLocation
  X:03EDH         SYMBOL        udtSunCoordinates
  -------         DO            
  X:03F0H         SYMBOL        dElapsedJulianDays
  X:03F4H         SYMBOL        dDecimalHours
  X:03F8H         SYMBOL        dEclipticLongitude
  X:03FCH         SYMBOL        dEclipticObliquity
  X:0400H         SYMBOL        dRightAscension
  X:0404H         SYMBOL        dDeclination
  X:0408H         SYMBOL        dY
  X:040CH         SYMBOL        dX
  -------         DO            
  X:0410H         SYMBOL        dJulianDate
  X:0414H         SYMBOL        liAux1
  X:0418H         SYMBOL        liAux2
  X:0410H         SYMBOL        dMeanLongitude
  X:0414H         SYMBOL        dMeanAnomaly
  X:0418H         SYMBOL        dOmega
  X:0410H         SYMBOL        dSin_EclipticLongitude
  X:0410H         SYMBOL        dGreenwichMeanSiderealTime
  X:0414H         SYMBOL        dLocalMeanSiderealTime
  X:0418H         SYMBOL        dLatitudeInRadians
  X:041CH         SYMBOL        dHourAngle
  X:0420H         SYMBOL        dCos_Latitude
  X:0424H         SYMBOL        dSin_Latitude
  X:0428H         SYMBOL        dCos_HourAngle
  X:042CH         SYMBOL        dParallax
  -------         ENDDO         
  -------         DO            
  X:0410H         SYMBOL        dMeanLongitude
  X:0414H         SYMBOL        dMeanAnomaly
  X:0418H         SYMBOL        dOmega
  X:0410H         SYMBOL        dSin_EclipticLongitude
  X:0410H         SYMBOL        dGreenwichMeanSiderealTime
  X:0414H         SYMBOL        dLocalMeanSiderealTime
  X:0418H         SYMBOL        dLatitudeInRadians
  X:041CH         SYMBOL        dHourAngle
  X:0420H         SYMBOL        dCos_Latitude
  X:0424H         SYMBOL        dSin_Latitude
  X:0428H         SYMBOL        dCos_HourAngle
  X:042CH         SYMBOL        dParallax
  -------         ENDDO         
  -------         DO            
  X:0410H         SYMBOL        dSin_EclipticLongitude
  X:0410H         SYMBOL        dGreenwichMeanSiderealTime
  X:0414H         SYMBOL        dLocalMeanSiderealTime
  X:0418H         SYMBOL        dLatitudeInRadians
  X:041CH         SYMBOL        dHourAngle
  X:0420H         SYMBOL        dCos_Latitude
  X:0424H         SYMBOL        dSin_Latitude
  X:0428H         SYMBOL        dCos_HourAngle
  X:042CH         SYMBOL        dParallax
  -------         ENDDO         
  -------         DO            
  X:0410H         SYMBOL        dGreenwichMeanSiderealTime
  X:0414H         SYMBOL        dLocalMeanSiderealTime
BL51 BANKED LINKER/LOCATER V6.22                                                      01/29/2019  10:51:40  PAGE 32


  X:0418H         SYMBOL        dLatitudeInRadians
  X:041CH         SYMBOL        dHourAngle
  X:0420H         SYMBOL        dCos_Latitude
  X:0424H         SYMBOL        dSin_Latitude
  X:0428H         SYMBOL        dCos_HourAngle
  X:042CH         SYMBOL        dParallax
  -------         ENDDO         
  -------         ENDDO         
  C:1BE1H         LINE#         6
  C:1BE1H         LINE#         7
  C:1BE1H         LINE#         9
  C:1BE1H         LINE#         27
  C:1C2BH         LINE#         30
  C:1C4CH         LINE#         31
  C:1D93H         LINE#         34
  C:1DDFH         LINE#         36
  C:1DFEH         LINE#         37
  C:1DFEH         LINE#         42
  C:1DFEH         LINE#         46
  C:1E30H         LINE#         47
  C:1E5AH         LINE#         48
  C:1E84H         LINE#         49
  C:1F31H         LINE#         52
  C:1F92H         LINE#         54
  C:1F92H         LINE#         59
  C:1F92H         LINE#         61
  C:1FA9H         LINE#         62
  C:1FD1H         LINE#         63
  C:1FE8H         LINE#         64
  C:2013H         LINE#         65
  C:204AH         LINE#         66
  C:2075H         LINE#         67
  C:2075H         LINE#         70
  C:2075H         LINE#         79
  C:20B0H         LINE#         82
  C:20EAH         LINE#         84
  C:210FH         LINE#         85
  C:212EH         LINE#         86
  C:2145H         LINE#         87
  C:215CH         LINE#         88
  C:2173H         LINE#         89
  C:21FCH         LINE#         91
  C:2216H         LINE#         92
  C:2278H         LINE#         93
  C:22AEH         LINE#         94
  C:22C0H         LINE#         95
  C:22EDH         LINE#         96
  C:231AH         LINE#         98
  C:233CH         LINE#         100
  C:2374H         LINE#         103
  C:2374H         LINE#         104
  C:2382H         LINE#         105
  -------         ENDPROC       SUNPOS
  -------         ENDMOD        SUNPOS

  -------         MODULE        ADC
  C:0000H         SYMBOL        _ICE_DUMMY_
BL51 BANKED LINKER/LOCATER V6.22                                                      01/29/2019  10:51:40  PAGE 33


  D:0092H         PUBLIC        P1M0
  D:0091H         PUBLIC        P1M1
  D:0080H         PUBLIC        P0
  D:0090H         PUBLIC        P1
  D:00A0H         PUBLIC        P2
  D:00B0H         PUBLIC        P3
  D:00C0H         PUBLIC        P4
  D:00C8H         PUBLIC        P5
  D:00E8H         PUBLIC        P6
  D:00F8H         PUBLIC        P7
  D:00A8H         PUBLIC        IE
  D:00BDH         PUBLIC        ADC_RES
  D:00B8H         PUBLIC        IP
  D:0097H         PUBLIC        CLK_DIV
  D:00D8H         PUBLIC        CCON
  D:00BCH         PUBLIC        ADC_CONTR
  D:0098H         PUBLIC        SCON
  D:0088H         PUBLIC        TCON
  B:00A0H.4       PUBLIC        P24
  B:00A0H.5       PUBLIC        P25
  B:00A0H.6       PUBLIC        P26
  C:410FH         PUBLIC        ADC_Init
  C:404AH         PUBLIC        _ADC_GetResult
  D:009DH         PUBLIC        P1ASF
  D:00BEH         PUBLIC        ADC_RESL
  D:00D0H         PUBLIC        PSW
  -------         PROC          ADC_INIT
  C:410FH         LINE#         7
  C:410FH         LINE#         8
  C:410FH         LINE#         10
  C:4111H         LINE#         11
  C:4113H         LINE#         12
  C:4115H         LINE#         13
  C:4118H         LINE#         14
  C:411BH         LINE#         15
  C:411EH         LINE#         16
  C:4121H         LINE#         18
  C:4123H         LINE#         19
  C:4126H         LINE#         21
  -------         ENDPROC       ADC_INIT
  -------         PROC          _ADC_GETRESULT
  D:0007H         SYMBOL        ch
  -------         DO            
  D:0006H         SYMBOL        ADC_Value
  -------         ENDDO         
  C:404AH         LINE#         26
  C:404AH         LINE#         27
  C:404AH         LINE#         29
  C:404FH         LINE#         30
  C:4050H         LINE#         31
  C:4051H         LINE#         32
  C:4052H         LINE#         33
  C:4053H         LINE#         34
  C:4058H         LINE#         35
  C:405BH         LINE#         36
  C:405FH         LINE#         37
  C:406FH         LINE#         38
BL51 BANKED LINKER/LOCATER V6.22                                                      01/29/2019  10:51:40  PAGE 34


  C:406FH         LINE#         39
  -------         ENDPROC       _ADC_GETRESULT
  -------         ENDMOD        ADC

  -------         MODULE        CALIBRATION
  C:0000H         SYMBOL        _ICE_DUMMY_
  D:0080H         PUBLIC        P0
  D:0090H         PUBLIC        P1
  D:00A0H         PUBLIC        P2
  D:00B0H         PUBLIC        P3
  D:00C0H         PUBLIC        P4
  D:00C8H         PUBLIC        P5
  D:00E8H         PUBLIC        P6
  D:00F8H         PUBLIC        P7
  C:3A92H         PUBLIC        _Max_Value
  D:00A8H         PUBLIC        IE
  C:355FH         PUBLIC        _calibration
  C:37E1H         PUBLIC        voltage_is_stable
  D:00B8H         PUBLIC        IP
  D:00D8H         PUBLIC        CCON
  D:0098H         PUBLIC        SCON
  D:0088H         PUBLIC        TCON
  C:32FFH         PUBLIC        _Find_Real_Max
  D:00D0H         PUBLIC        PSW
  -------         PROC          VOLTAGE_IS_STABLE
  -------         DO            
  X:0348H         SYMBOL        sample_voltage
  X:035CH         SYMBOL        i
  X:035EH         SYMBOL        ch
  -------         ENDDO         
  C:37E1H         LINE#         17
  C:37E1H         LINE#         18
  C:37E1H         LINE#         20
  C:37E8H         LINE#         21
  C:37EEH         LINE#         22
  C:37EEH         LINE#         23
  C:3817H         LINE#         24
  C:3836H         LINE#         26
  C:3850H         LINE#         27
  C:3850H         LINE#         28
  C:3883H         LINE#         29
  C:3887H         LINE#         30
  C:3897H         LINE#         31
  C:389BH         LINE#         32
  -------         ENDPROC       VOLTAGE_IS_STABLE
  -------         PROC          _FIND_REAL_MAX
  X:0348H         SYMBOL        current_position
  -------         DO            
  X:034BH         SYMBOL        ch
  X:034CH         SYMBOL        calib_step_move
  X:0350H         SYMBOL        voltage_at_scanned_pos
  X:03C8H         SYMBOL        max_location
  X:03CAH         SYMBOL        i
  -------         ENDDO         
  C:32FFH         LINE#         33
  C:330AH         LINE#         34
  C:330AH         LINE#         35
BL51 BANKED LINKER/LOCATER V6.22                                                      01/29/2019  10:51:40  PAGE 35


  C:330DH         LINE#         36
[...]
  X:0344H         SYMBOL        JP_max_pos
  -------         ENDDO         
  C:355FH         LINE#         84
  C:356AH         LINE#         87
  C:356AH         LINE#         88
  C:3574H         LINE#         89
  C:3588H         LINE#         91
  C:3592H         LINE#         92
  C:3592H         LINE#         94
  C:35C8H         LINE#         95
  C:35E6H         LINE#         97
  C:35EFH         LINE#         98
  C:3612H         LINE#         99
  C:362EH         LINE#         100
  C:363DH         LINE#         101
BL51 BANKED LINKER/LOCATER V6.22                                                      01/29/2019  10:51:40  PAGE 36


  C:363DH         LINE#         103
  C:3642H         LINE#         104
  -------         ENDPROC       _CALIBRATION
  -------         ENDMOD        CALIBRATION

  -------         MODULE        IOEXPANDER_PI4IOE5V96248
  C:0000H         SYMBOL        _ICE_DUMMY_
  D:0080H         PUBLIC        P0
  B:00C8H.4       PUBLIC        I2C_SCK
  D:0090H         PUBLIC        P1
  D:00A0H         PUBLIC        P2
  D:00B0H         PUBLIC        P3
  D:00C0H         PUBLIC        P4
  D:00C8H         PUBLIC        P5
  D:00E8H         PUBLIC        P6
  D:00F8H         PUBLIC        P7
  D:00A8H         PUBLIC        IE
  D:00B8H         PUBLIC        IP
  D:00D8H         PUBLIC        CCON
  C:4211H         PUBLIC        I2C_Start
  D:0098H         PUBLIC        SCON
  D:0088H         PUBLIC        TCON
  C:389CH         PUBLIC        _Write_PI4IOE5V96248
  C:4220H         PUBLIC        uC_NACK
  C:3FDDH         PUBLIC        _Wait_ms_i2c
  C:4028H         PUBLIC        _I2C_SendByte
  C:41A1H         PUBLIC        I2C_Stop
  C:4288H         PUBLIC        nop
  C:4277H         PUBLIC        uC_ACK
  C:4176H         PUBLIC        I2C_ACK
  B:00C0H.7       PUBLIC        I2C_SDA
  D:00D0H         PUBLIC        PSW
  C:3FD7H         SYMBOL        L?0031
  C:3FD9H         SYMBOL        L?0032
  -------         PROC          L?0030
  -------         ENDPROC       L?0030
  C:3FD7H         SYMBOL        L?0031
  C:3FD9H         SYMBOL        L?0032
  -------         PROC          _WAIT_MS_I2C
  D:0006H         SYMBOL        ms
  -------         DO            
  D:0004H         SYMBOL        De_Cnt
  -------         ENDDO         
  C:3FDDH         LINE#         7
  C:3FDDH         LINE#         8
  C:3FDDH         LINE#         10
  C:3FE7H         LINE#         11
  C:3FE7H         LINE#         12
  C:3FFAH         LINE#         13
  C:3FFAH         LINE#         14
  -------         ENDPROC       _WAIT_MS_I2C
  -------         PROC          NOP
  C:4288H         LINE#         16
  C:4288H         LINE#         17
  C:4288H         LINE#         19
  -------         ENDPROC       NOP
  -------         PROC          I2C_START
BL51 BANKED LINKER/LOCATER V6.22                                                      01/29/2019  10:51:40  PAGE 37


  C:4211H         LINE#         20
  C:4211H         LINE#         21
  C:4211H         LINE#         23
  C:4213H         LINE#         24
  C:4215H         LINE#         25
  C:4218H         LINE#         26
  C:421AH         LINE#         27
  C:421DH         LINE#         28
  C:421FH         LINE#         31
  -------         ENDPROC       I2C_START
  -------         PROC          I2C_STOP
  C:41A1H         LINE#         33
  C:41A1H         LINE#         34
  C:41A1H         LINE#         35
  C:41A3H         LINE#         36
  C:41A5H         LINE#         37
  C:41A8H         LINE#         38
  C:41AAH         LINE#         39
  C:41ACH         LINE#         40
  C:41B3H         LINE#         41
  C:41B5H         LINE#         44
  -------         ENDPROC       I2C_STOP
  -------         PROC          I2C_ACK
  -------         DO            
  X:03D7H         SYMBOL        i
  D:0003H         SYMBOL        dat
  -------         ENDDO         
  C:4176H         LINE#         46
  C:4176H         LINE#         47
  C:4176H         LINE#         49
  C:4177H         LINE#         54
  C:417AH         LINE#         55
  C:417CH         LINE#         56
  C:417FH         LINE#         58
  C:4182H         LINE#         59
  C:4182H         LINE#         60
  C:4186H         LINE#         61
  C:4186H         LINE#         64
  C:4186H         LINE#         65
  C:4189H         LINE#         66
  C:4189H         LINE#         67
  C:418BH         LINE#         68
  -------         ENDPROC       I2C_ACK
  -------         PROC          UC_ACK
  -------         DO            
  X:0589H         SYMBOL        i
  -------         ENDDO         
  C:4277H         LINE#         69
  C:4277H         LINE#         70
  C:4277H         LINE#         72
  C:4277H         LINE#         79
  C:4277H         LINE#         81
  C:4277H         LINE#         83
  C:4277H         LINE#         84
  C:4277H         LINE#         87
  C:427AH         LINE#         88
  C:427CH         LINE#         89
BL51 BANKED LINKER/LOCATER V6.22                                                      01/29/2019  10:51:40  PAGE 38


  C:427CH         LINE#         93
  -------         ENDPROC       UC_ACK
  -------         PROC          UC_NACK
  -------         DO            
  X:058AH         SYMBOL        i
  -------         ENDDO         
  C:4220H         LINE#         95
  C:4220H         LINE#         96
  C:4220H         LINE#         98
  C:4220H         LINE#         102
  C:4222H         LINE#         105
  C:4222H         LINE#         106
  C:4224H         LINE#         107
  C:4224H         LINE#         109
  C:4224H         LINE#         110
  C:4224H         LINE#         113
  C:4227H         LINE#         114
  C:4229H         LINE#         115
  C:422CH         LINE#         116
  C:422EH         LINE#         117
  C:422EH         LINE#         121
  -------         ENDPROC       UC_NACK
  C:4024H         SYMBOL        L?0034
  -------         PROC          L?0033
  -------         ENDPROC       L?0033
  C:4024H         SYMBOL        L?0034
  -------         PROC          _I2C_SENDBYTE
  D:0001H         SYMBOL        dat
  -------         DO            
  D:0003H         SYMBOL        i
  -------         ENDDO         
  C:4028H         LINE#         125
  C:402AH         LINE#         126
  C:402AH         LINE#         129
  C:402CH         LINE#         130
  C:402CH         LINE#         131
  C:402EH         LINE#         133
  C:4032H         LINE#         134
  C:4032H         LINE#         135
  C:4034H         LINE#         136
  C:4036H         LINE#         138
  C:4036H         LINE#         139
  C:4038H         LINE#         140
  C:4038H         LINE#         141
  C:403BH         LINE#         142
  C:403DH         LINE#         144
  C:4041H         LINE#         145
  C:4044H         LINE#         146
  C:4049H         LINE#         147
  -------         ENDPROC       _I2C_SENDBYTE
  -------         PROC          _WRITE_PI4IOE5V96248
  X:03D4H         SYMBOL        xdat
  C:389CH         LINE#         148
  C:38A7H         LINE#         149
  C:38A7H         LINE#         150
  C:38AAH         LINE#         151
  C:38B1H         LINE#         152
BL51 BANKED LINKER/LOCATER V6.22                                                      01/29/2019  10:51:40  PAGE 39


  C:38B6H         LINE#         153
  C:38BCH         LINE#         154
  C:38BCH         LINE#         155
  C:38CEH         LINE#         156
  C:38CEH         LINE#         158
  C:38D4H         LINE#         159
  C:38D4H         LINE#         160
  C:38E4H         LINE#         161
  C:38E4H         LINE#         162
  C:38EAH         LINE#         163
  C:38EAH         LINE#         164
  C:38FAH         LINE#         165
  C:38FAH         LINE#         166
  C:3900H         LINE#         167
  C:3900H         LINE#         168
  C:3911H         LINE#         169
  C:3911H         LINE#         171
  C:3917H         LINE#         172
  C:3917H         LINE#         173
  C:3928H         LINE#         174
  C:3928H         LINE#         175
  C:392EH         LINE#         176
  C:392EH         LINE#         177
  C:393FH         LINE#         178
  C:393FH         LINE#         180
  C:3945H         LINE#         181
  C:3948H         LINE#         182
  -------         ENDPROC       _WRITE_PI4IOE5V96248
  -------         ENDMOD        IOEXPANDER_PI4IOE5V96248

  -------         MODULE        ?C_STARTUP
  C:3BBDH         SEGMENT       ?C_C51STARTUP
  I:0022H         SEGMENT       ?STACK
  C:0000H         PUBLIC        ?C_STARTUP
  D:00E0H         SYMBOL        ACC
  D:00F0H         SYMBOL        B
  D:0083H         SYMBOL        DPH
  D:0082H         SYMBOL        DPL
  N:0000H         SYMBOL        IBPSTACK
  N:0100H         SYMBOL        IBPSTACKTOP
  N:0080H         SYMBOL        IDATALEN
  C:3BC0H         SYMBOL        IDATALOOP
  N:0000H         SYMBOL        PBPSTACK
  N:0100H         SYMBOL        PBPSTACKTOP
  N:0000H         SYMBOL        PDATALEN
  N:0000H         SYMBOL        PDATASTART
  N:0000H         SYMBOL        PPAGE
  N:0000H         SYMBOL        PPAGEENABLE
  D:00A0H         SYMBOL        PPAGE_SFR
  D:0081H         SYMBOL        SP
  C:3BBDH         SYMBOL        STARTUP1
  N:0000H         SYMBOL        XBPSTACK
  N:0000H         SYMBOL        XBPSTACKTOP
  N:0000H         SYMBOL        XDATALEN
  N:0000H         SYMBOL        XDATASTART
  C:0000H         LINE#         126
  C:3BBDH         LINE#         133
BL51 BANKED LINKER/LOCATER V6.22                                                      01/29/2019  10:51:40  PAGE 40


  C:3BBFH         LINE#         134
  C:3BC0H         LINE#         135
  C:3BC1H         LINE#         136
  C:3BC3H         LINE#         185
  C:3BC6H         LINE#         196
  -------         ENDMOD        ?C_STARTUP

  -------         MODULE        ?C?FPADD
  C:0A78H         PUBLIC        ?C?FPADD
  C:0A74H         PUBLIC        ?C?FPSUB
  -------         ENDMOD        ?C?FPADD

  -------         MODULE        ?C?FPMUL
  C:0B69H         PUBLIC        ?C?FPMUL
  -------         ENDMOD        ?C?FPMUL

  -------         MODULE        ?C?FPDIV
  C:0C72H         PUBLIC        ?C?FPDIV
  -------         ENDMOD        ?C?FPDIV

  -------         MODULE        ?C?FPCMP
  C:0D11H         PUBLIC        ?C?FPCMP
  C:0D0FH         PUBLIC        ?C?FPCMP3
  -------         ENDMOD        ?C?FPCMP

  -------         MODULE        ?C?FPNEG
  C:0D88H         PUBLIC        ?C?FPNEG
  -------         ENDMOD        ?C?FPNEG

  -------         MODULE        ?C?FCAST
  C:0DA3H         PUBLIC        ?C?FCASTC
  C:0D9EH         PUBLIC        ?C?FCASTI
  C:0D99H         PUBLIC        ?C?FCASTL
  -------         ENDMOD        ?C?FCAST

  -------         MODULE        ?C?CASTF
  C:0DD7H         PUBLIC        ?C?CASTF
  -------         ENDMOD        ?C?CASTF

  -------         MODULE        ATAN2
  X:0430H         PUBLIC        ?_atan2?BYTE
  C:39F5H         PUBLIC        _atan2
  -------         ENDMOD        ATAN2

  -------         MODULE        SIN
  C:31BFH         PUBLIC        _COS
  C:31D5H         PUBLIC        _SIN
  C:3211H         PUBLIC        _TAN
  -------         ENDMOD        SIN

  -------         MODULE        ACOS
  C:3E54H         PUBLIC        _ACOS
  -------         ENDMOD        ACOS

  -------         MODULE        ASIN
  C:3F62H         PUBLIC        _ASIN
  -------         ENDMOD        ASIN
BL51 BANKED LINKER/LOCATER V6.22                                                      01/29/2019  10:51:40  PAGE 41



  -------         MODULE        SQRT
  C:394DH         PUBLIC        _SQRT
  -------         ENDMOD        SQRT

  -------         MODULE        ATAN
  C:345DH         PUBLIC        _ATAN
  -------         ENDMOD        ATAN

  -------         MODULE        ?C?COPY
  C:0F75H         PUBLIC        ?C?COPY
  -------         ENDMOD        ?C?COPY

  -------         MODULE        ?C?CLDPTR
  C:0F9BH         PUBLIC        ?C?CLDPTR
  -------         ENDMOD        ?C?CLDPTR

  -------         MODULE        ?C?CLDOPTR
  C:0FB4H         PUBLIC        ?C?CLDOPTR
  -------         ENDMOD        ?C?CLDOPTR

  -------         MODULE        ?C?CSTPTR
  C:0FE1H         PUBLIC        ?C?CSTPTR
  -------         ENDMOD        ?C?CSTPTR

  -------         MODULE        ?C?IMUL
  C:0FF3H         PUBLIC        ?C?IMUL
  -------         ENDMOD        ?C?IMUL

  -------         MODULE        ?C?UIDIV
  C:1005H         PUBLIC        ?C?UIDIV
  -------         ENDMOD        ?C?UIDIV

  -------         MODULE        ?C?SIDIV
  C:105AH         PUBLIC        ?C?SIDIV
  -------         ENDMOD        ?C?SIDIV

  -------         MODULE        ?C?ILDIX
  C:1090H         PUBLIC        ?C?ILDIX
  -------         ENDMOD        ?C?ILDIX

  -------         MODULE        ?C?ILDOPTR
  C:10A6H         PUBLIC        ?C?ILDOPTR
  -------         ENDMOD        ?C?ILDOPTR

  -------         MODULE        ?C?LMUL
  C:10DEH         PUBLIC        ?C?LMUL
  -------         ENDMOD        ?C?LMUL

  -------         MODULE        ?C?SLDIV
  C:3E9EH         PUBLIC        ?C?SLDIV
  -------         ENDMOD        ?C?SLDIV

  -------         MODULE        ?C?LNEG
  C:112DH         PUBLIC        ?C?LNEG
  -------         ENDMOD        ?C?LNEG

BL51 BANKED LINKER/LOCATER V6.22                                                      01/29/2019  10:51:40  PAGE 42


  -------         MODULE        ?C?LLDPTR
  C:113BH         PUBLIC        ?C?LLDPTR
  -------         ENDMOD        ?C?LLDPTR

  -------         MODULE        ?C?LLDOPTR
  C:115BH         PUBLIC        ?C?LLDOPTR
  -------         ENDMOD        ?C?LLDOPTR

  -------         MODULE        ?C?LSTPTR
  C:118BH         PUBLIC        ?C?LSTPTR
  -------         ENDMOD        ?C?LSTPTR

  -------         MODULE        ?C?LSTOPTR
  C:11A5H         PUBLIC        ?C?LSTOPTR
  -------         ENDMOD        ?C?LSTOPTR

  -------         MODULE        ?C?LLDXDATA
  C:11C9H         PUBLIC        ?C?LLDXDATA
  -------         ENDMOD        ?C?LLDXDATA

  -------         MODULE        ?C?LLDCODE
  C:11D5H         PUBLIC        ?C?LLDCODE
  -------         ENDMOD        ?C?LLDCODE

  -------         MODULE        ?C?LLDXDATA0
  C:11E5H         PUBLIC        ?C?LLDXDATA0
  -------         ENDMOD        ?C?LLDXDATA0

  -------         MODULE        ?C?LLDCODE0
  C:11F1H         PUBLIC        ?C?LLDCODE0
  -------         ENDMOD        ?C?LLDCODE0

  -------         MODULE        ?C?LLDPTR0
  C:1201H         PUBLIC        ?C?LLDPTR0
  -------         ENDMOD        ?C?LLDPTR0

  -------         MODULE        ?C?LSTXDATA
  C:1221H         PUBLIC        ?C?LSTXDATA
  -------         ENDMOD        ?C?LSTXDATA

  -------         MODULE        ?C?LSTKXDATA
  C:122DH         PUBLIC        ?C?LSTKXDATA
  -------         ENDMOD        ?C?LSTKXDATA

  -------         MODULE        ?C?OFFXADD
  C:125EH         PUBLIC        ?C?OFFXADD
  -------         ENDMOD        ?C?OFFXADD

  -------         MODULE        ABS
  C:4257H         PUBLIC        _ABS
  -------         ENDMOD        ABS

  -------         MODULE        ATOI
  C:3643H         PUBLIC        _atoi
  -------         ENDMOD        ATOI

  -------         MODULE        ?C?IILDX
BL51 BANKED LINKER/LOCATER V6.22                                                      01/29/2019  10:51:40  PAGE 43


  C:126AH         PUBLIC        ?C?IILDX
  -------         ENDMOD        ?C?IILDX

  -------         MODULE        ?C?ULDIV
  C:12BCH         PUBLIC        ?C?ULDIV
  -------         ENDMOD        ?C?ULDIV

  -------         MODULE        ?C?LLDIDATA
  C:134EH         PUBLIC        ?C?LLDIDATA
  -------         ENDMOD        ?C?LLDIDATA

  -------         MODULE        ?C?LLDPDATA
  C:135AH         PUBLIC        ?C?LLDPDATA
  -------         ENDMOD        ?C?LLDPDATA

  -------         MODULE        ?C?LLDIDATA0
  C:1366H         PUBLIC        ?C?LLDIDATA0
  -------         ENDMOD        ?C?LLDIDATA0

  -------         MODULE        ?C?LLDPDATA0
  C:1373H         PUBLIC        ?C?LLDPDATA0
  -------         ENDMOD        ?C?LLDPDATA0

  -------         MODULE        ?C?LSTIDATA
  C:1380H         PUBLIC        ?C?LSTIDATA
  -------         ENDMOD        ?C?LSTIDATA

  -------         MODULE        ?C?LSTPDATA
  C:138CH         PUBLIC        ?C?LSTPDATA
  -------         ENDMOD        ?C?LSTPDATA

  -------         MODULE        ISDIGIT
  C:422FH         PUBLIC        _isdigit
  -------         ENDMOD        ISDIGIT

  -------         MODULE        ISSPACE
  C:41CAH         PUBLIC        _isspace
  -------         ENDMOD        ISSPACE

*** WARNING L16: UNCALLED SEGMENT, IGNORED FOR OVERLAY PROCESS
    SEGMENT: ?PR?_DISPLAY_PROX?MAIN

*** WARNING L16: UNCALLED SEGMENT, IGNORED FOR OVERLAY PROCESS
    SEGMENT: ?PR?_DAY_OF_YEAR?PCF85063BTL

*** WARNING L16: UNCALLED SEGMENT, IGNORED FOR OVERLAY PROCESS
    SEGMENT: ?PR?INITUART1?UART1

*** WARNING L16: UNCALLED SEGMENT, IGNORED FOR OVERLAY PROCESS
    SEGMENT: ?PR?_SENDSTRING?UART1

*** WARNING L16: UNCALLED SEGMENT, IGNORED FOR OVERLAY PROCESS
    SEGMENT: ?PR?_TEN?UART1

*** WARNING L16: UNCALLED SEGMENT, IGNORED FOR OVERLAY PROCESS
    SEGMENT: ?PR?_UNIT?UART1

BL51 BANKED LINKER/LOCATER V6.22                                                      01/29/2019  10:51:40  PAGE 44


*** WARNING L16: UNCALLED SEGMENT, IGNORED FOR OVERLAY PROCESS
    SEGMENT: ?PR?_DECTOBCD?UART1

*** WARNING L16: UNCALLED SEGMENT, IGNORED FOR OVERLAY PROCESS
    SEGMENT: ?PR?_ASCII_LETTER?UART1

*** WARNING L16: UNCALLED SEGMENT, IGNORED FOR OVERLAY PROCESS
    SEGMENT: ?PR?_ASCIITOBCD?UART1

*** WARNING L16: UNCALLED SEGMENT, IGNORED FOR OVERLAY PROCESS
    SEGMENT: ?PR?WAIT?BIPOLARMOTOR

*** WARNING L16: UNCALLED SEGMENT, IGNORED FOR OVERLAY PROCESS
    SEGMENT: ?PR?_FINDDET4X4?BIPOLARMOTOR

*** WARNING L16: UNCALLED SEGMENT, IGNORED FOR OVERLAY PROCESS
    SEGMENT: ?PR?NOP?IOEXPANDER_PI4IOE5V96248

*** WARNING L16: UNCALLED SEGMENT, IGNORED FOR OVERLAY PROCESS
    SEGMENT: ?PR?UC_ACK?IOEXPANDER_PI4IOE5V96248

*** WARNING L16: UNCALLED SEGMENT, IGNORED FOR OVERLAY PROCESS
    SEGMENT: ?PR?UC_NACK?IOEXPANDER_PI4IOE5V96248

*** WARNING L1: UNRESOLVED EXTERNAL SYMBOL
    SYMBOL:  AUTO_MODE
    MODULE:  .\Obj\main.obj (MAIN)

*** WARNING L2: REFERENCE MADE TO UNRESOLVED EXTERNAL
    SYMBOL:  AUTO_MODE
    MODULE:  .\Obj\main.obj (MAIN)
    ADDRESS: 13B2H

*** WARNING L2: REFERENCE MADE TO UNRESOLVED EXTERNAL
    SYMBOL:  AUTO_MODE
    MODULE:  .\Obj\main.obj (MAIN)
    ADDRESS: 151DH

*** WARNING L2: REFERENCE MADE TO UNRESOLVED EXTERNAL
    SYMBOL:  AUTO_MODE
    MODULE:  .\Obj\main.obj (MAIN)
    ADDRESS: 152BH

*** WARNING L2: REFERENCE MADE TO UNRESOLVED EXTERNAL
    SYMBOL:  AUTO_MODE
    MODULE:  .\Obj\main.obj (MAIN)
    ADDRESS: 153DH

*** WARNING L2: REFERENCE MADE TO UNRESOLVED EXTERNAL
    SYMBOL:  AUTO_MODE
    MODULE:  .\Obj\main.obj (MAIN)
    ADDRESS: 157FH

*** WARNING L2: REFERENCE MADE TO UNRESOLVED EXTERNAL
    SYMBOL:  AUTO_MODE
    MODULE:  .\Obj\main.obj (MAIN)
    ADDRESS: 1652H
BL51 BANKED LINKER/LOCATER V6.22                                                      01/29/2019  10:51:40  PAGE 45



*** WARNING L1: UNRESOLVED EXTERNAL SYMBOL
    SYMBOL:  _SENDUART1
    MODULE:  .\Obj\UART1.obj (UART1)

*** WARNING L2: REFERENCE MADE TO UNRESOLVED EXTERNAL
    SYMBOL:  _SENDUART1
    MODULE:  .\Obj\UART1.obj (UART1)
    ADDRESS: 3FCBH

*** WARNING L1: UNRESOLVED EXTERNAL SYMBOL
    SYMBOL:  AUTO_MODE
    MODULE:  .\Obj\KeyPad.obj (KEYPAD)

*** WARNING L2: REFERENCE MADE TO UNRESOLVED EXTERNAL
    SYMBOL:  AUTO_MODE
    MODULE:  .\Obj\KeyPad.obj (KEYPAD)
    ADDRESS: 2A11H

*** WARNING L2: REFERENCE MADE TO UNRESOLVED EXTERNAL
    SYMBOL:  AUTO_MODE
    MODULE:  .\Obj\KeyPad.obj (KEYPAD)
    ADDRESS: 2A1CH

*** WARNING L2: REFERENCE MADE TO UNRESOLVED EXTERNAL
    SYMBOL:  AUTO_MODE
    MODULE:  .\Obj\KeyPad.obj (KEYPAD)
    ADDRESS: 2A23H

Program Size: data=10.2 xdata=1419 code=17033
LINK/LOCATE RUN COMPLETE.  27 WARNING(S),  0 ERROR(S)
