BL51 BANKED LINKER/LOCATER V6.22                                                        02/25/2019  12:22:08  PAGE 1


BL51 BANKED LINKER/LOCATER V6.22, INVOKED BY:
C:\KEIL_V5\C51\BIN\BL51.EXE .\Obj\main.obj, .\Obj\PCF85063BTL.obj, .\Obj\UART1.obj, .\Obj\LCd_Driver_SPLC780D.obj, .\Obj
>> \KeyPad.obj, .\Obj\BipolarMotor.obj, .\Obj\SunPos.obj, .\Obj\ADC.obj, .\Obj\Calibration.obj, .\Obj\IOExpander_PI4IOE5
>> V96248.obj, .\Obj\AT25SF041.obj, .\Obj\STARTUP.obj TO .\Obj\GPIO_RTC_Test PRINT (.\Lis\GPIO_RTC_Test.m51) RAMSIZE (25
>> 6)


MEMORY MODEL: LARGE WITH FLOATING POINT ARITHMETIC


INPUT MODULES INCLUDED:
  .\Obj\main.obj (MAIN)
  .\Obj\PCF85063BTL.obj (PCF85063BTL)
  .\Obj\UART1.obj (UART1)
  .\Obj\LCd_Driver_SPLC780D.obj (LCD_DRIVER_SPLC780D)
  .\Obj\KeyPad.obj (KEYPAD)
  .\Obj\BipolarMotor.obj (BIPOLARMOTOR)
  .\Obj\SunPos.obj (SUNPOS)
  .\Obj\ADC.obj (ADC)
  .\Obj\Calibration.obj (CALIBRATION)
  .\Obj\IOExpander_PI4IOE5V96248.obj (IOEXPANDER_PI4IOE5V96248)
  .\Obj\AT25SF041.obj (AT25SF041)
  .\Obj\STARTUP.obj (?C_STARTUP)
  C:\KEIL_V5\C51\LIB\C51FPL.LIB (?C?FPADD)
  C:\KEIL_V5\C51\LIB\C51FPL.LIB (?C?FPMUL)
  C:\KEIL_V5\C51\LIB\C51FPL.LIB (?C?FPDIV)
  C:\KEIL_V5\C51\LIB\C51FPL.LIB (?C?FPCMP)
  C:\KEIL_V5\C51\LIB\C51FPL.LIB (?C?FPNEG)
  C:\KEIL_V5\C51\LIB\C51FPL.LIB (?C?FCAST)
  C:\KEIL_V5\C51\LIB\C51FPL.LIB (?C?CASTF)
  C:\KEIL_V5\C51\LIB\C51FPL.LIB (ATAN2)
  C:\KEIL_V5\C51\LIB\C51FPL.LIB (SIN)
  C:\KEIL_V5\C51\LIB\C51FPL.LIB (ACOS)
  C:\KEIL_V5\C51\LIB\C51FPL.LIB (ASIN)
  C:\KEIL_V5\C51\LIB\C51FPL.LIB (?C?FPGETOPN)
  C:\KEIL_V5\C51\LIB\C51FPL.LIB (?C?FPSERIES)
  C:\KEIL_V5\C51\LIB\C51FPL.LIB (SQRT)
  C:\KEIL_V5\C51\LIB\C51FPL.LIB (ATAN)
  C:\KEIL_V5\C51\LIB\C51L.LIB (?C_INIT)
  C:\KEIL_V5\C51\LIB\C51L.LIB (?C?COPY)
  C:\KEIL_V5\C51\LIB\C51L.LIB (?C?CLDPTR)
  C:\KEIL_V5\C51\LIB\C51L.LIB (?C?CLDOPTR)
  C:\KEIL_V5\C51\LIB\C51L.LIB (?C?CSTPTR)
  C:\KEIL_V5\C51\LIB\C51L.LIB (?C?IMUL)
  C:\KEIL_V5\C51\LIB\C51L.LIB (?C?UIDIV)
  C:\KEIL_V5\C51\LIB\C51L.LIB (?C?SIDIV)
  C:\KEIL_V5\C51\LIB\C51L.LIB (?C?ILDIX)
  C:\KEIL_V5\C51\LIB\C51L.LIB (?C?ILDOPTR)
  C:\KEIL_V5\C51\LIB\C51L.LIB (?C?ISTPTR)
  C:\KEIL_V5\C51\LIB\C51L.LIB (?C?LMUL)
  C:\KEIL_V5\C51\LIB\C51L.LIB (?C?SLDIV)
  C:\KEIL_V5\C51\LIB\C51L.LIB (?C?LNEG)
  C:\KEIL_V5\C51\LIB\C51L.LIB (?C?ULCMP)
  C:\KEIL_V5\C51\LIB\C51L.LIB (?C?LSHL)
  C:\KEIL_V5\C51\LIB\C51L.LIB (?C?LLDPTR)
  C:\KEIL_V5\C51\LIB\C51L.LIB (?C?LLDOPTR)
  C:\KEIL_V5\C51\LIB\C51L.LIB (?C?LSTPTR)
  C:\KEIL_V5\C51\LIB\C51L.LIB (?C?LSTOPTR)
BL51 BANKED LINKER/LOCATER V6.22                                                      02/25/2019  12:22:08  PAGE 2


  C:\KEIL_V5\C51\LIB\C51L.LIB (?C?LLDXDATA)
  C:\KEIL_V5\C51\LIB\C51L.LIB (?C?LLDCODE)
  C:\KEIL_V5\C51\LIB\C51L.LIB (?C?LLDXDATA0)
  C:\KEIL_V5\C51\LIB\C51L.LIB (?C?LLDCODE0)
  C:\KEIL_V5\C51\LIB\C51L.LIB (?C?LLDPTR0)
  C:\KEIL_V5\C51\LIB\C51L.LIB (?C?LSTXDATA)
  C:\KEIL_V5\C51\LIB\C51L.LIB (?C?LSTKXDATA)
  C:\KEIL_V5\C51\LIB\C51L.LIB (?C?LSTKPTR)
  C:\KEIL_V5\C51\LIB\C51L.LIB (?C?OFFXADD)
  C:\KEIL_V5\C51\LIB\C51L.LIB (ABS)
  C:\KEIL_V5\C51\LIB\C51L.LIB (ATOI)
  C:\KEIL_V5\C51\LIB\C51L.LIB (?C?IILDX)
  C:\KEIL_V5\C51\LIB\C51L.LIB (?C?ULDIV)
  C:\KEIL_V5\C51\LIB\C51L.LIB (?C?LLDIDATA)
  C:\KEIL_V5\C51\LIB\C51L.LIB (?C?LLDPDATA)
  C:\KEIL_V5\C51\LIB\C51L.LIB (?C?LLDIDATA0)
  C:\KEIL_V5\C51\LIB\C51L.LIB (?C?LLDPDATA0)
  C:\KEIL_V5\C51\LIB\C51L.LIB (?C?LSTIDATA)
  C:\KEIL_V5\C51\LIB\C51L.LIB (?C?LSTPDATA)
  C:\KEIL_V5\C51\LIB\C51L.LIB (?C?LSTKIDATA)
  C:\KEIL_V5\C51\LIB\C51L.LIB (?C?LSTKPDATA)
  C:\KEIL_V5\C51\LIB\C51L.LIB (ISDIGIT)
  C:\KEIL_V5\C51\LIB\C51L.LIB (ISSPACE)


LINK MAP OF MODULE:  .\Obj\GPIO_RTC_Test (MAIN)


            TYPE    BASE      LENGTH    RELOCATION   SEGMENT NAME
            -----------------------------------------------------

            * * * * * * *   D A T A   M E M O R Y   * * * * * * *
            REG     0000H     0008H     ABSOLUTE     "REG BANK 0"
                    0008H     0018H                  *** GAP ***
            BIT     0020H.0   0000H.5   UNIT         ?BI?KEYPAD
            BIT     0020H.5   0000H.3   UNIT         _BIT_GROUP_
            BIT     0021H.0   0000H.1   UNIT         ?BI?MAIN
            BIT     0021H.1   0000H.1   UNIT         ?BI?_ATOI?ATOI
                    0021H.2   0000H.6                *** GAP ***
            IDATA   0022H     0001H     UNIT         ?STACK

            * * * * * * *  X D A T A   M E M O R Y  * * * * * * *
            XDATA   0000H     038FH     UNIT         ?XD?BIPOLARMOTOR
            XDATA   038FH     014FH     UNIT         _XDATA_GROUP_
            XDATA   04DEH     00D8H     UNIT         ?XD?MAIN
            XDATA   05B6H     0040H     UNIT         ?XD?_FINDDET4X4?BIPOLARMOTOR
            XDATA   05F6H     0024H     UNIT         ?XD?_FINDDET3X3?BIPOLARMOTOR
            XDATA   061AH     000EH     UNIT         ?XD?SPI_NOR_WRITE_DATA?AT25SF041
            XDATA   0628H     0009H     UNIT         ?XD?KEYPAD
            XDATA   0631H     0008H     UNIT         ?XD?_AT25SF041_READ?AT25SF041
            XDATA   0639H     0005H     UNIT         ?XD?_ATOI?ATOI
            XDATA   063EH     0004H     UNIT         ?XD?_DISPLAY_PROX?MAIN
            XDATA   0642H     0003H     UNIT         ?XD?_SENDSTRING?UART1
            XDATA   0645H     0001H     UNIT         ?XD?UC_ACK?IOEXPANDER_PI4IOE5V96248
            XDATA   0646H     0001H     UNIT         ?XD?UC_NACK?IOEXPANDER_PI4IOE5V96248

            * * * * * * *   C O D E   M E M O R Y   * * * * * * *
BL51 BANKED LINKER/LOCATER V6.22                                                      02/25/2019  12:22:08  PAGE 3


            CODE    0000H     0003H     ABSOLUTE     
            CODE    0003H     0006H     UNIT         ?PR?_TEN?UART1
            CODE    0009H     0001H     UNIT         ?PR?TM0_ISR?MAIN
            CODE    000AH     0001H     UNIT         ?PR?_DECTOBCD?UART1
            CODE    000BH     0003H     ABSOLUTE     
            CODE    000EH     0B00H     UNIT         ?PR?_UPDATE_POSITION?BIPOLARMOTOR
            CODE    0B0EH     0A58H     UNIT         ?PR?MAIN?MAIN
            CODE    1566H     09B6H     UNIT         ?C?LIB_CODE
            CODE    1F1CH     07A2H     UNIT         ?PR?SUNPOS?SUNPOS
            CODE    26BEH     03F9H     UNIT         ?C_INITSEG
            CODE    2AB7H     0309H     UNIT         ?PR?_FIND_REAL_MAX?CALIBRATION
            CODE    2DC0H     02C0H     UNIT         ?PR?_FINDDET4X4?BIPOLARMOTOR
            CODE    3080H     02A0H     UNIT         ?PR?KEY_PROCESS?KEYPAD
            CODE    3320H     01D1H     UNIT         ?PR?_FINDDET3X3?BIPOLARMOTOR
            CODE    34F1H     0196H     UNIT         ?PR?SPI_NOR_WRITE_DATA?AT25SF041
            CODE    3687H     018DH     UNIT         ?PR?KEY_SCAN?KEYPAD
            CODE    3814H     0188H     UNIT         ?PR?SIN?SIN
            CODE    399CH     0172H     UNIT         ?PR?_DISPLAY_POS?MAIN
            CODE    3B0EH     015BH     UNIT         ?PR?_CALIBRATION?CALIBRATION
            CODE    3C69H     0122H     UNIT         ?PR?ATAN?ATAN
            CODE    3D8BH     0106H     UNIT         ?PR?_AT25SF041_READ?AT25SF041
            CODE    3E91H     00FBH     UNIT         ?PR?_AT25SF041_WRITE?AT25SF041
            CODE    3F8CH     00DBH     UNIT         ?PR?_ATOI?ATOI
            CODE    4067H     00C3H     UNIT         ?PR?LINEAR_INTERPOLATE?BIPOLARMOTOR
            CODE    412AH     00BBH     UNIT         ?PR?VOLTAGE_IS_STABLE?CALIBRATION
            CODE    41E5H     00ADH     UNIT         ?PR?_WRITE_PI4IOE5V96248?IOEXPANDER_PI4IOE5V96248
            CODE    4292H     00ACH     UNIT         ?PR?SQRT?SQRT
            CODE    433EH     00A1H     UNIT         ?PR?READ_STATUS_REGISTER_BYTE1?AT25SF041
            CODE    43DFH     009DH     UNIT         ?PR?_ATAN2?ATAN2
            CODE    447CH     009CH     UNIT         ?PR?_MAX_VALUE?CALIBRATION
            CODE    4518H     0095H     UNIT         ?PR?_DISPLAY_PROX?MAIN
            CODE    45ADH     008CH     UNIT         ?C_C51STARTUP
            CODE    4639H     0084H     UNIT         ?PR?_DAY_OF_YEAR?PCF85063BTL
            CODE    46BDH     0075H     UNIT         ?PR?_WRITEDATA?LCD_DRIVER_SPLC780D
            CODE    4732H     006FH     UNIT         ?PR?_READ_TIME?PCF85063BTL
            CODE    47A1H     006EH     UNIT         ?PR?AT25SF041_WRITEENABLE?AT25SF041
            CODE    480FH     005AH     UNIT         ?PR?AT25SF041_CHIPERASE?AT25SF041
            CODE    4869H     0059H     UNIT         ?PR?LCD_INIT?LCD_DRIVER_SPLC780D
            CODE    48C2H     004AH     UNIT         ?PR?VONESTEPMOVE?BIPOLARMOTOR
            CODE    490CH     004AH     UNIT         ?PR?ACOS?ACOS
            CODE    4956H     0044H     UNIT         ?C?LDIV
            CODE    499AH     0040H     UNIT         ?PR?_COMMAND?LCD_DRIVER_SPLC780D
            CODE    49DAH     0040H     UNIT         ?PR?_STEP_MOVE?BIPOLARMOTOR
            CODE    4A1AH     003BH     UNIT         ?PR?ASIN?ASIN
            CODE    4A55H     0033H     UNIT         ?PR?_SENDSTRING?UART1
            CODE    4A88H     002CH     UNIT         ?PR?_ADC_GETRESULT?ADC
            CODE    4AB4H     002BH     UNIT         ?PR?_WAIT_MS_I2C?IOEXPANDER_PI4IOE5V96248
            CODE    4ADFH     002BH     UNIT         ?PR?_WAIT_MS_SPINOR?AT25SF041
            CODE    4B0AH     0028H     UNIT         ?PR?_MOVE?BIPOLARMOTOR
            CODE    4B32H     0027H     UNIT         ?PR?_I2C_SENDBYTE?IOEXPANDER_PI4IOE5V96248
            CODE    4B59H     0024H     UNIT         ?PR?_WAIT_MS?LCD_DRIVER_SPLC780D
            CODE    4B7DH     0020H     UNIT         ?PR?_SPI_SENDBYTE?PCF85063BTL
            CODE    4B9DH     0020H     UNIT         ?PR?SPI_RECEIVEBYTE?PCF85063BTL
            CODE    4BBDH     001FH     UNIT         ?PR?ADC_INIT?ADC
            CODE    4BDCH     001EH     UNIT         ?PR?_DELAY_MS?KEYPAD
            CODE    4BFAH     001DH     UNIT         ?PR?_DISPLAYLCD?LCD_DRIVER_SPLC780D
            CODE    4C17H     001BH     UNIT         ?PR?_BCDTODEC1?BIPOLARMOTOR
BL51 BANKED LINKER/LOCATER V6.22                                                      02/25/2019  12:22:08  PAGE 4


            CODE    4C32H     0018H     UNIT         ?PR?_SPI_WRITETIME?PCF85063BTL
            CODE    4C4AH     0017H     UNIT         ?PR?_ASCIITOBCD?UART1
            CODE    4C61H     0016H     UNIT         ?PR?I2C_ACK?IOEXPANDER_PI4IOE5V96248
            CODE    4C77H     0015H     UNIT         ?PR?_DISPLAY_LINE?LCD_DRIVER_SPLC780D
            CODE    4C8CH     0015H     UNIT         ?PR?I2C_STOP?IOEXPANDER_PI4IOE5V96248
            CODE    4CA1H     0014H     UNIT         ?PR?_PCF85063BTL_DELAY?PCF85063BTL
            CODE    4CB5H     0014H     UNIT         ?PR?_ISSPACE?ISSPACE
            CODE    4CC9H     0011H     UNIT         ?PR?_SPI_READTIME?PCF85063BTL
            CODE    4CDAH     0011H     UNIT         ?PR?_BCDTODEC?PCF85063BTL
            CODE    4CEBH     0011H     UNIT         ?PR?INITUART1?UART1
            CODE    4CFCH     000FH     UNIT         ?PR?I2C_START?IOEXPANDER_PI4IOE5V96248
            CODE    4D0BH     000FH     UNIT         ?PR?UC_NACK?IOEXPANDER_PI4IOE5V96248
            CODE    4D1AH     000FH     UNIT         ?PR?_ISDIGIT?ISDIGIT
            CODE    4D29H     000DH     UNIT         ?PR?SPI_INIT?PCF85063BTL
            CODE    4D36H     000CH     UNIT         ?PR?KEYPAD_IO_INIT?KEYPAD
            CODE    4D42H     000CH     UNIT         ?PR?_ABS?ABS
            CODE    4D4EH     000AH     UNIT         ?PR?LCD_RETURN_HOME?LCD_DRIVER_SPLC780D
            CODE    4D58H     000AH     UNIT         ?PR?LCD_CLEAR?LCD_DRIVER_SPLC780D
            CODE    4D62H     0006H     UNIT         ?PR?UC_ACK?IOEXPANDER_PI4IOE5V96248
            CODE    4D68H     0005H     UNIT         ?PR?_UNIT?UART1
            CODE    4D6DH     0005H     UNIT         ?PR?_ASCII_LETTER?UART1
            CODE    4D72H     0001H     UNIT         ?PR?WAIT?BIPOLARMOTOR
            CODE    4D73H     0001H     UNIT         ?PR?NOP?IOEXPANDER_PI4IOE5V96248



OVERLAY MAP OF MODULE:   .\Obj\GPIO_RTC_Test (MAIN)


SEGMENT                                             BIT_GROUP          XDATA_GROUP
  +--> CALLED SEGMENT                            START    LENGTH     START    LENGTH
------------------------------------------------------------------------------------
?C_C51STARTUP                                    -----    -----      -----    -----
  +--> ?PR?MAIN?MAIN
  +--> ?C_INITSEG

?PR?MAIN?MAIN                                    -----    -----      038FH    002CH
  +--> ?PR?LCD_INIT?LCD_DRIVER_SPLC780D
  +--> ?PR?SPI_INIT?PCF85063BTL
  +--> ?PR?KEYPAD_IO_INIT?KEYPAD
  +--> ?PR?ADC_INIT?ADC
  +--> ?PR?_SPI_WRITETIME?PCF85063BTL
  +--> ?PR?_DELAY_MS?KEYPAD
  +--> ?PR?_DISPLAY_LINE?LCD_DRIVER_SPLC780D
  +--> ?PR?_WRITEDATA?LCD_DRIVER_SPLC780D
  +--> ?PR?KEY_PROCESS?KEYPAD
  +--> ?PR?_COMMAND?LCD_DRIVER_SPLC780D
  +--> ?PR?_DISPLAY_POS?MAIN
  +--> ?PR?_DISPLAYLCD?LCD_DRIVER_SPLC780D
  +--> ?PR?_STEP_MOVE?BIPOLARMOTOR
  +--> ?PR?LCD_RETURN_HOME?LCD_DRIVER_SPLC780D
  +--> ?PR?_READ_TIME?PCF85063BTL
  +--> ?PR?_ADC_GETRESULT?ADC
  +--> ?PR?_BCDTODEC1?BIPOLARMOTOR
  +--> ?PR?_CALIBRATION?CALIBRATION
  +--> ?PR?AT25SF041_WRITEENABLE?AT25SF041
  +--> ?PR?AT25SF041_CHIPERASE?AT25SF041
BL51 BANKED LINKER/LOCATER V6.22                                                      02/25/2019  12:22:08  PAGE 5


  +--> ?PR?_WAIT_MS_SPINOR?AT25SF041
  +--> ?PR?_AT25SF041_WRITE?AT25SF041
  +--> ?PR?LINEAR_INTERPOLATE?BIPOLARMOTOR
  +--> ?PR?_UPDATE_POSITION?BIPOLARMOTOR

?PR?LCD_INIT?LCD_DRIVER_SPLC780D                 -----    -----      -----    -----
  +--> ?PR?_WAIT_MS?LCD_DRIVER_SPLC780D
  +--> ?PR?_COMMAND?LCD_DRIVER_SPLC780D

?PR?_COMMAND?LCD_DRIVER_SPLC780D                 -----    -----      -----    -----
  +--> ?PR?_WAIT_MS?LCD_DRIVER_SPLC780D

?PR?ADC_INIT?ADC                                 -----    -----      -----    -----
  +--> ?PR?_WAIT_MS?LCD_DRIVER_SPLC780D

?PR?_SPI_WRITETIME?PCF85063BTL                   -----    -----      -----    -----
  +--> ?PR?_SPI_SENDBYTE?PCF85063BTL

?PR?_SPI_SENDBYTE?PCF85063BTL                    -----    -----      -----    -----
  +--> ?PR?_PCF85063BTL_DELAY?PCF85063BTL

?PR?_DISPLAY_LINE?LCD_DRIVER_SPLC780D            -----    -----      -----    -----
  +--> ?PR?_COMMAND?LCD_DRIVER_SPLC780D

?PR?_WRITEDATA?LCD_DRIVER_SPLC780D               -----    -----      046AH    0001H
  +--> ?PR?_WAIT_MS?LCD_DRIVER_SPLC780D

?PR?KEY_PROCESS?KEYPAD                           -----    -----      03BBH    0006H
  +--> ?PR?KEY_SCAN?KEYPAD
  +--> ?PR?_SPI_WRITETIME?PCF85063BTL
  +--> ?PR?LCD_CLEAR?LCD_DRIVER_SPLC780D
  +--> ?PR?_COMMAND?LCD_DRIVER_SPLC780D
  +--> ?PR?_WRITEDATA?LCD_DRIVER_SPLC780D

?PR?KEY_SCAN?KEYPAD                              -----    -----      03C1H    0003H

?PR?LCD_CLEAR?LCD_DRIVER_SPLC780D                -----    -----      -----    -----
  +--> ?PR?_COMMAND?LCD_DRIVER_SPLC780D

?PR?_DISPLAY_POS?MAIN                            -----    -----      0460H    000AH
  +--> ?PR?_ABS?ABS
  +--> ?PR?_WRITEDATA?LCD_DRIVER_SPLC780D

?PR?_DISPLAYLCD?LCD_DRIVER_SPLC780D              -----    -----      03BBH    0001H
  +--> ?PR?_WRITEDATA?LCD_DRIVER_SPLC780D

?PR?_STEP_MOVE?BIPOLARMOTOR                      0020H.6  0000H.1    0479H    0004H
  +--> ?PR?VONESTEPMOVE?BIPOLARMOTOR

?PR?VONESTEPMOVE?BIPOLARMOTOR                    0020H.7  0000H.1    -----    -----
  +--> ?PR?_WRITE_PI4IOE5V96248?IOEXPANDER_P...
  +--> ?PR?_DELAY_MS?KEYPAD

?PR?_WRITE_PI4IOE5V96248?IOEXPANDER_P...         -----    -----      047DH    0003H
  +--> ?PR?I2C_START?IOEXPANDER_PI4IOE5V96248
  +--> ?PR?_WAIT_MS_I2C?IOEXPANDER_PI4IOE5V9...
  +--> ?PR?_I2C_SENDBYTE?IOEXPANDER_PI4IOE5V...
BL51 BANKED LINKER/LOCATER V6.22                                                      02/25/2019  12:22:08  PAGE 6


  +--> ?PR?I2C_ACK?IOEXPANDER_PI4IOE5V96248
  +--> ?PR?I2C_STOP?IOEXPANDER_PI4IOE5V96248

?PR?I2C_START?IOEXPANDER_PI4IOE5V96248           -----    -----      -----    -----
  +--> ?PR?_WAIT_MS_I2C?IOEXPANDER_PI4IOE5V9...

?PR?_I2C_SENDBYTE?IOEXPANDER_PI4IOE5V...         -----    -----      -----    -----
  +--> ?PR?_WAIT_MS_I2C?IOEXPANDER_PI4IOE5V9...

?PR?I2C_ACK?IOEXPANDER_PI4IOE5V96248             -----    -----      0480H    0001H
  +--> ?PR?_WAIT_MS_I2C?IOEXPANDER_PI4IOE5V9...

?PR?I2C_STOP?IOEXPANDER_PI4IOE5V96248            -----    -----      -----    -----
  +--> ?PR?_WAIT_MS_I2C?IOEXPANDER_PI4IOE5V9...

?PR?LCD_RETURN_HOME?LCD_DRIVER_SPLC780D          -----    -----      -----    -----
  +--> ?PR?_COMMAND?LCD_DRIVER_SPLC780D

?PR?_READ_TIME?PCF85063BTL                       -----    -----      03BBH    000FH
  +--> ?PR?_SPI_READTIME?PCF85063BTL

?PR?_SPI_READTIME?PCF85063BTL                    -----    -----      -----    -----
  +--> ?PR?_SPI_SENDBYTE?PCF85063BTL
  +--> ?PR?SPI_RECEIVEBYTE?PCF85063BTL

?PR?SPI_RECEIVEBYTE?PCF85063BTL                  -----    -----      -----    -----
  +--> ?PR?_PCF85063BTL_DELAY?PCF85063BTL

?PR?_CALIBRATION?CALIBRATION                     -----    -----      03BBH    001BH
  +--> ?PR?VOLTAGE_IS_STABLE?CALIBRATION
  +--> ?PR?_UPDATE_POSITION?BIPOLARMOTOR
  +--> ?PR?_FIND_REAL_MAX?CALIBRATION

?PR?VOLTAGE_IS_STABLE?CALIBRATION                -----    -----      03D6H    0018H
  +--> ?PR?_ADC_GETRESULT?ADC
  +--> ?PR?_ABS?ABS

?PR?_UPDATE_POSITION?BIPOLARMOTOR                -----    -----      03D6H    009FH
  +--> ?PR?_BCDTODEC1?BIPOLARMOTOR
  +--> ?PR?SUNPOS?SUNPOS
  +--> ?PR?SIN?SIN
  +--> ?PR?ASIN?ASIN
  +--> ?PR?LINEAR_INTERPOLATE?BIPOLARMOTOR
  +--> ?PR?_ABS?ABS
  +--> ?PR?_MOVE?BIPOLARMOTOR

?PR?SUNPOS?SUNPOS                                -----    -----      0475H    005DH
  +--> ?PR?SIN?SIN
  +--> ?PR?_ATAN2?ATAN2
  +--> ?PR?ASIN?ASIN
  +--> ?PR?ACOS?ACOS

?PR?SIN?SIN                                      0020H.5  0000H.1    04D2H    0004H

?PR?_ATAN2?ATAN2                                 -----    -----      04D2H    0008H
  +--> ?PR?ATAN?ATAN

BL51 BANKED LINKER/LOCATER V6.22                                                      02/25/2019  12:22:08  PAGE 7


?PR?ATAN?ATAN                                    0020H.5  0000H.2    04DAH    0004H

?PR?ASIN?ASIN                                    -----    -----      -----    -----
  +--> ?PR?SQRT?SQRT
  +--> ?PR?ATAN?ATAN

?PR?SQRT?SQRT                                    -----    -----      04D2H    0004H

?PR?ACOS?ACOS                                    -----    -----      -----    -----
  +--> ?PR?SQRT?SQRT
  +--> ?PR?ATAN?ATAN

?PR?LINEAR_INTERPOLATE?BIPOLARMOTOR              -----    -----      0475H    0014H

?PR?_MOVE?BIPOLARMOTOR                           0020H.5  0000H.1    0475H    0004H
  +--> ?PR?_STEP_MOVE?BIPOLARMOTOR

?PR?_FIND_REAL_MAX?CALIBRATION                   -----    -----      03D6H    008AH
  +--> ?PR?_ADC_GETRESULT?ADC
  +--> ?PR?_MOVE?BIPOLARMOTOR
  +--> ?PR?_COMMAND?LCD_DRIVER_SPLC780D
  +--> ?PR?_WRITEDATA?LCD_DRIVER_SPLC780D
  +--> ?PR?_DISPLAY_POS?MAIN
  +--> ?PR?_WAIT_MS?LCD_DRIVER_SPLC780D
  +--> ?PR?_MAX_VALUE?CALIBRATION

?PR?_MAX_VALUE?CALIBRATION                       -----    -----      0460H    0004H

?PR?AT25SF041_WRITEENABLE?AT25SF041              -----    -----      03BBH    0002H
  +--> ?PR?_WAIT_MS_SPINOR?AT25SF041

?PR?AT25SF041_CHIPERASE?AT25SF041                -----    -----      03BBH    0002H
  +--> ?PR?_WAIT_MS_SPINOR?AT25SF041
  +--> ?PR?READ_STATUS_REGISTER_BYTE1?AT25SF041

?PR?READ_STATUS_REGISTER_BYTE1?AT25SF041         -----    -----      03BDH    0003H
  +--> ?PR?_WAIT_MS_SPINOR?AT25SF041

?PR?_AT25SF041_WRITE?AT25SF041                   -----    -----      03BBH    0008H
  +--> ?PR?_WAIT_MS_SPINOR?AT25SF041



UNRESOLVED EXTERNAL SYMBOLS:
   AUTO_MODE
   _SENDUART1



SYMBOL TABLE OF MODULE:  .\Obj\GPIO_RTC_Test (MAIN)

  VALUE           TYPE          NAME
  ----------------------------------

  -------         MODULE        MAIN
  C:0000H         SYMBOL        _ICE_DUMMY_
  X:04E6H         PUBLIC        calib_value
BL51 BANKED LINKER/LOCATER V6.22                                                      02/25/2019  12:22:08  PAGE 8


  D:0080H         PUBLIC        P0
  D:00B2H         PUBLIC        P3M0
  D:0090H         PUBLIC        P1
  D:00B1H         PUBLIC        P3M1
  D:00A0H         PUBLIC        P2
  D:00B0H         PUBLIC        P3
  D:00C0H         PUBLIC        P4
  D:00C8H         PUBLIC        P5
  X:053AH         SYMBOL        PressedKey
  B:00A8H.7       PUBLIC        EA
  D:00E8H         PUBLIC        P6
  X:053EH         PUBLIC        calib_stamp
  D:00F8H         PUBLIC        P7
  X:053FH         PUBLIC        RX_Data_Uart_Cnt
  D:00A8H         PUBLIC        IE
  X:0541H         PUBLIC        calib_time
  D:00B8H         PUBLIC        IP
  X:0595H         PUBLIC        months
  D:00D8H         PUBLIC        CCON
  C:0B0EH         PUBLIC        main
  X:0596H         PUBLIC        count
  X:0598H         PUBLIC        days
  X:0599H         PUBLIC        hours
  D:0098H         PUBLIC        SCON
  D:0089H         PUBLIC        TMOD
  D:0088H         PUBLIC        TCON
  B:00A0H.3       PUBLIC        P23
  X:059AH         SYMBOL        KeyCount
  X:059CH         PUBLIC        mins
  X:059DH         PUBLIC        Rec_data_hour
  B:00C8H.5       PUBLIC        P55
  X:05A0H         PUBLIC        Rec_data_min
  D:008EH         PUBLIC        AUXR
  C:0009H         PUBLIC        tm0_isr
  B:0021H.0       PUBLIC        busy
  B:00A8H.1       PUBLIC        ET0
  X:05A3H         PUBLIC        SPI_NOR_INTERNAL_FLASH_ADDR
  D:008CH         PUBLIC        TH0
  X:05A7H         PUBLIC        hour_count
  D:008AH         PUBLIC        TL0
  X:05A8H         PUBLIC        min_count
  B:0088H.4       PUBLIC        TR0
  X:05A9H         SYMBOL        KeyNum
  X:05AAH         SYMBOL        KeyNum_Old
  X:05ABH         PUBLIC        current_position
  X:05AFH         PUBLIC        hours1
  X:05B0H         PUBLIC        hours2
  C:4518H         PUBLIC        _Display_Prox
  X:05B1H         PUBLIC        mins1
  X:05B2H         PUBLIC        mins2
  C:399CH         PUBLIC        _Display_Pos
  X:05B3H         PUBLIC        seconds
  X:05B4H         PUBLIC        st_time
  D:00D0H         PUBLIC        PSW
  -------         PROC          TM0_ISR
  C:0009H         LINE#         86
  C:0009H         LINE#         88
BL51 BANKED LINKER/LOCATER V6.22                                                      02/25/2019  12:22:08  PAGE 9


  -------         ENDPROC       TM0_ISR
  -------         PROC          MAIN
  -------         DO            
  X:038FH         SYMBOL        sunlight_ADC
  X:04DEH         SYMBOL        KeyCount
  X:04E0H         SYMBOL        KeyNum_Old
  X:04E1H         SYMBOL        KeyNum
  X:04E2H         SYMBOL        PressedKey
  X:0391H         SYMBOL        prox_flag
  X:0392H         SYMBOL        iUse_prevday_calib_value
  X:0394H         SYMBOL        max_ADC_Val_JP
  X:0396H         SYMBOL        max_ADC_Val
  X:0398H         SYMBOL        calib_point1
  X:03A0H         SYMBOL        calib_point2
  X:03A8H         SYMBOL        dat_to_store
  X:03B3H         SYMBOL        calib_day
  X:03B5H         SYMBOL        calib_count
  X:03B7H         SYMBOL        theorical_JP_max_pos
  -------         ENDDO         
  C:0B0EH         LINE#         90
  C:0B0EH         LINE#         91
  C:0B0EH         LINE#         96
  C:0B14H         LINE#         97
  C:0B19H         LINE#         99
  C:0B21H         LINE#         103
  C:0B27H         LINE#         104
  C:0B31H         LINE#         108
  C:0B33H         LINE#         109
  C:0B35H         LINE#         110
  C:0B37H         LINE#         111
  C:0B39H         LINE#         113
  C:0B40H         LINE#         122
  C:0B42H         LINE#         123
  C:0B45H         LINE#         124
  C:0B48H         LINE#         125
  C:0B4BH         LINE#         126
  C:0B4EH         LINE#         127
  C:0B51H         LINE#         130
  C:0B54H         LINE#         132
  C:0B57H         LINE#         133
  C:0B5AH         LINE#         134
  C:0B5DH         LINE#         135
  C:0B5FH         LINE#         136
  C:0B61H         LINE#         137
  C:0B63H         LINE#         139
  C:0B65H         LINE#         140
  C:0B6CH         LINE#         141
  C:0B73H         LINE#         142
  C:0B7AH         LINE#         143
  C:0B81H         LINE#         147
  C:0B88H         LINE#         148
  C:0B8DH         LINE#         149
  C:0B92H         LINE#         150
  C:0B97H         LINE#         151
  C:0B9CH         LINE#         152
  C:0BA1H         LINE#         155
  C:0BBAH         LINE#         156
BL51 BANKED LINKER/LOCATER V6.22                                                      02/25/2019  12:22:08  PAGE 10


  C:0BBAH         LINE#         157
  C:0BD6H         LINE#         158
  C:0C1DH         LINE#         159
  C:0C2EH         LINE#         160
  C:0C2EH         LINE#         161
  C:0C2EH         LINE#         162
  C:0C31H         LINE#         165
  C:0C31H         LINE#         168
  C:0C36H         LINE#         169
  C:0C3BH         LINE#         171
  C:0C40H         LINE#         172
  C:0C45H         LINE#         173
  C:0C4AH         LINE#         174
  C:0C4FH         LINE#         176
  C:0C60H         LINE#         177
  C:0C65H         LINE#         178
  C:0C6AH         LINE#         180
  C:0C71H         LINE#         181
  C:0C79H         LINE#         182
  C:0C7EH         LINE#         183
  C:0C86H         LINE#         184
  C:0C8BH         LINE#         185
  C:0C95H         LINE#         186
  C:0C9AH         LINE#         187
  C:0CA2H         LINE#         189
  C:0CAAH         LINE#         190
  C:0CAFH         LINE#         191
  C:0CB9H         LINE#         192
  C:0CB9H         LINE#         193
  C:0CBBH         LINE#         194
  C:0CBDH         LINE#         195
  C:0CC7H         LINE#         196
  C:0CC7H         LINE#         197
  C:0CCCH         LINE#         198
  C:0CCCH         LINE#         210
  C:0CD9H         LINE#         211
  C:0CD9H         LINE#         212
  C:0CE3H         LINE#         213
  C:0CFAH         LINE#         214
  C:0CFAH         LINE#         215
  C:0CFCH         LINE#         216
  C:0CFEH         LINE#         218
  C:0CFEH         LINE#         219
  C:0D09H         LINE#         220
  C:0D09H         LINE#         221
  C:0D0EH         LINE#         222
  C:0D0EH         LINE#         223
  C:0D1BH         LINE#         224
  C:0D1BH         LINE#         227
  C:0D25H         LINE#         228
  C:0D3CH         LINE#         229
  C:0D3CH         LINE#         230
  C:0D3EH         LINE#         231
  C:0D40H         LINE#         233
  C:0D40H         LINE#         234
  C:0D4BH         LINE#         235
  C:0D4BH         LINE#         236
BL51 BANKED LINKER/LOCATER V6.22                                                      02/25/2019  12:22:08  PAGE 11


  C:0D50H         LINE#         237
  C:0D52H         LINE#         238
  C:0D52H         LINE#         247
  C:0D74H         LINE#         248
  C:0D74H         LINE#         249
  C:0D7EH         LINE#         250
  C:0D84H         LINE#         251
  C:0D86H         LINE#         252
  C:0D88H         LINE#         253
  C:0D8AH         LINE#         254
  C:0D8AH         LINE#         255
  C:0D8DH         LINE#         257
  C:0D8DH         LINE#         258
  C:0D93H         LINE#         259
  C:0D9BH         LINE#         260
  C:0DA1H         LINE#         261
  C:0DA9H         LINE#         262
  C:0DE4H         LINE#         266
  C:0DF1H         LINE#         267
  C:0DF1H         LINE#         268
  C:0DFEH         LINE#         269
  C:0E31H         LINE#         270
  C:0E3EH         LINE#         271
  C:0E3EH         LINE#         273
  C:0E6DH         LINE#         274
  C:0E6DH         LINE#         275
  C:0E8FH         LINE#         276
  C:0E8FH         LINE#         277
  C:0F0BH         LINE#         278
  C:0F89H         LINE#         279
  C:0F89H         LINE#         280
  C:0F8CH         LINE#         282
  C:0F8FH         LINE#         283
  C:0F96H         LINE#         284
  C:0F96H         LINE#         285
  C:0F99H         LINE#         287
  C:0FB0H         LINE#         289
  C:0FB7H         LINE#         290
  C:0FBAH         LINE#         292
  C:0FD1H         LINE#         293
  C:0FD8H         LINE#         296
  C:0FDBH         LINE#         298
  C:0FF2H         LINE#         299
  C:0FF9H         LINE#         301
  C:0FFCH         LINE#         303
  C:1013H         LINE#         304
  C:101AH         LINE#         306
  C:101DH         LINE#         308
  C:1032H         LINE#         309
  C:1039H         LINE#         311
  C:103CH         LINE#         313
  C:1051H         LINE#         314
  C:1058H         LINE#         316
  C:105BH         LINE#         318
  C:1070H         LINE#         319
  C:1077H         LINE#         321
  C:107AH         LINE#         323
BL51 BANKED LINKER/LOCATER V6.22                                                      02/25/2019  12:22:08  PAGE 12


  C:108FH         LINE#         324
  C:1096H         LINE#         326
  C:1099H         LINE#         328
  C:10AEH         LINE#         329
  C:10B5H         LINE#         331
  C:10B8H         LINE#         333
  C:10CDH         LINE#         334
  C:10D4H         LINE#         336
  C:10D7H         LINE#         338
  C:10ECH         LINE#         339
  C:10F3H         LINE#         431
  C:10FAH         LINE#         435
  C:10FDH         LINE#         436
  C:110EH         LINE#         437
  C:110EH         LINE#         438
  C:110EH         LINE#         440
  C:110EH         LINE#         443
  C:1111H         LINE#         445
  C:1111H         LINE#         446
  C:1133H         LINE#         447
  C:1133H         LINE#         448
  C:11AFH         LINE#         449
  C:1204H         LINE#         450
  C:1204H         LINE#         451
  C:1204H         LINE#         452
  C:1207H         LINE#         456
  C:1207H         LINE#         459
  C:123BH         LINE#         460
  C:123BH         LINE#         461
  C:125DH         LINE#         462
  C:125DH         LINE#         463
  C:12D9H         LINE#         464
  C:1357H         LINE#         484
  C:135AH         LINE#         485
  C:136BH         LINE#         486
  C:136BH         LINE#         487
  C:1373H         LINE#         489
  C:1373H         LINE#         492
  C:1376H         LINE#         494
  C:1376H         LINE#         496
  C:1398H         LINE#         497
  C:1398H         LINE#         498
  C:1414H         LINE#         500
  C:1441H         LINE#         501
  C:145CH         LINE#         502
  C:1489H         LINE#         503
  C:14A4H         LINE#         505
  C:1540H         LINE#         508
  C:1540H         LINE#         509
  C:1540H         LINE#         510
  C:1540H         LINE#         512
  C:1540H         LINE#         515
  C:155CH         LINE#         516
  C:1561H         LINE#         518
  C:1563H         LINE#         519
  -------         ENDPROC       MAIN
  -------         PROC          _DISPLAY_PROX
BL51 BANKED LINKER/LOCATER V6.22                                                      02/25/2019  12:22:08  PAGE 13


  D:0002H         SYMBOL        dat
  -------         DO            
  X:063EH         SYMBOL        unit
  X:063FH         SYMBOL        ten
  X:0640H         SYMBOL        hundred
  X:0641H         SYMBOL        thousand
  -------         ENDDO         
  C:4518H         LINE#         603
  C:451CH         LINE#         604
  C:451CH         LINE#         606
  C:4528H         LINE#         607
  C:4538H         LINE#         608
  C:4554H         LINE#         609
  C:4584H         LINE#         610
  C:458EH         LINE#         611
  C:4598H         LINE#         612
  C:45A2H         LINE#         613
  C:45ACH         LINE#         615
  -------         ENDPROC       _DISPLAY_PROX
  -------         PROC          _DISPLAY_POS
  X:0460H         SYMBOL        sign_dat
  -------         DO            
  X:0464H         SYMBOL        unit
  X:0465H         SYMBOL        ten
  X:0466H         SYMBOL        hundred
  D:0003H         SYMBOL        thousand
  X:0467H         SYMBOL        after_dot
  X:0468H         SYMBOL        dat
  -------         ENDDO         
  C:399CH         LINE#         618
  C:39A2H         LINE#         619
  C:39A2H         LINE#         623
  C:39BEH         LINE#         624
  C:39D8H         LINE#         625
  C:39FCH         LINE#         627
  C:3A46H         LINE#         629
  C:3A5DH         LINE#         630
  C:3A6AH         LINE#         631
  C:3A8CH         LINE#         632
  C:3AC1H         LINE#         633
  C:3AD9H         LINE#         634
  C:3AD9H         LINE#         636
  C:3AD9H         LINE#         637
  C:3AD9H         LINE#         638
  C:3AD9H         LINE#         639
  C:3AD9H         LINE#         640
  C:3AD9H         LINE#         644
  C:3ADBH         LINE#         646
  C:3ADBH         LINE#         648
  C:3AE0H         LINE#         649
  C:3AEAH         LINE#         650
  C:3AF4H         LINE#         651
  C:3AFEH         LINE#         652
  C:3B03H         LINE#         653
  C:3B0DH         LINE#         657
  C:3B0DH         LINE#         659
  -------         ENDPROC       _DISPLAY_POS
BL51 BANKED LINKER/LOCATER V6.22                                                      02/25/2019  12:22:08  PAGE 14


  -------         ENDMOD        MAIN

  -------         MODULE        PCF85063BTL
  C:0000H         SYMBOL        _ICE_DUMMY_
  D:0096H         PUBLIC        P2M0
  D:0080H         PUBLIC        P0
  D:0095H         PUBLIC        P2M1
  D:0090H         PUBLIC        P1
  D:00A0H         PUBLIC        P2
  D:00B0H         PUBLIC        P3
  D:00C0H         PUBLIC        P4
  D:00C8H         PUBLIC        P5
  D:00E8H         PUBLIC        P6
  B:00A0H.1       PUBLIC        PCF85063BTL_SDI
  D:00F8H         PUBLIC        P7
  B:00A0H.2       PUBLIC        PCF85063BTL_SCK
  B:00A0H.1       PUBLIC        PCF85063BTL_SDO
  D:00A8H         PUBLIC        IE
  C:4732H         PUBLIC        _Read_time
  C:4CA7H         PUBLIC        _PCF85063BTL_Delay
  D:00B8H         PUBLIC        IP
  D:00D8H         PUBLIC        CCON
  C:4639H         PUBLIC        _Day_Of_Year
  C:4B9DH         PUBLIC        SPI_ReceiveByte
  D:0098H         PUBLIC        SCON
  D:0088H         PUBLIC        TCON
  C:4CDAH         PUBLIC        _BCDtoDec
  B:00A0H.0       PUBLIC        PCF85063BTL_CS
  C:4CC9H         PUBLIC        _SPI_ReadTime
  C:4D29H         PUBLIC        SPI_Init
  C:4C32H         PUBLIC        _SPI_WriteTime
  C:4B7DH         PUBLIC        _SPI_SendByte
  D:00D0H         PUBLIC        PSW
  C:4CA3H         SYMBOL        L?0047
  -------         PROC          L?0046
  -------         ENDPROC       L?0046
  C:4CA3H         SYMBOL        L?0047
  -------         PROC          _PCF85063BTL_DELAY
  D:0006H         SYMBOL        us
  C:4CA7H         LINE#         8
  C:4CA7H         LINE#         9
  C:4CA7H         LINE#         10
  C:4CB1H         LINE#         11
  C:4CB1H         LINE#         12
  C:4CB2H         LINE#         13
  C:4CB4H         LINE#         14
  -------         ENDPROC       _PCF85063BTL_DELAY
  -------         PROC          _SPI_SENDBYTE
  D:0005H         SYMBOL        dat
  -------         DO            
  D:0003H         SYMBOL        i
  -------         ENDDO         
  C:4B7DH         LINE#         17
  C:4B7FH         LINE#         18
  C:4B7FH         LINE#         20
  C:4B81H         LINE#         21
  C:4B81H         LINE#         22
BL51 BANKED LINKER/LOCATER V6.22                                                      02/25/2019  12:22:08  PAGE 15


  C:4B83H         LINE#         23
  C:4B87H         LINE#         24
  C:4B87H         LINE#         25
  C:4B89H         LINE#         26
  C:4B8BH         LINE#         28
  C:4B8BH         LINE#         29
  C:4B8DH         LINE#         30
  C:4B8DH         LINE#         31
  C:4B90H         LINE#         32
  C:4B90H         LINE#         33
  C:4B93H         LINE#         34
  C:4B97H         LINE#         35
  C:4B9CH         LINE#         36
  -------         ENDPROC       _SPI_SENDBYTE
  -------         PROC          SPI_RECEIVEBYTE
  -------         DO            
  D:0003H         SYMBOL        i
  D:0005H         SYMBOL        dat
  -------         ENDDO         
  C:4B9DH         LINE#         39
  C:4B9DH         LINE#         40
  C:4B9DH         LINE#         42
  C:4B9FH         LINE#         44
  C:4BA1H         LINE#         45
  C:4BA2H         LINE#         46
  C:4BA2H         LINE#         47
  C:4BA6H         LINE#         48
  C:4BA8H         LINE#         49
  C:4BABH         LINE#         51
  C:4BAEH         LINE#         52
  C:4BAEH         LINE#         53
  C:4BB2H         LINE#         54
  C:4BB2H         LINE#         55
  C:4BB2H         LINE#         56
  C:4BB5H         LINE#         57
  C:4BBAH         LINE#         58
  C:4BBCH         LINE#         59
  -------         ENDPROC       SPI_RECEIVEBYTE
  -------         PROC          _SPI_READTIME
  D:0007H         SYMBOL        addr
  -------         DO            
  D:0006H         SYMBOL        dat
  -------         ENDDO         
  C:4CC9H         LINE#         61
  C:4CC9H         LINE#         62
  C:4CC9H         LINE#         64
  C:4CCBH         LINE#         65
  C:4CCDH         LINE#         66
  C:4CD4H         LINE#         67
  C:4CD7H         LINE#         68
  C:4CD9H         LINE#         69
  C:4CD9H         LINE#         70
  -------         ENDPROC       _SPI_READTIME
  -------         PROC          _SPI_WRITETIME
  D:0002H         SYMBOL        val
  D:0005H         SYMBOL        addr
  C:4C32H         LINE#         71
BL51 BANKED LINKER/LOCATER V6.22                                                      02/25/2019  12:22:08  PAGE 16


  C:4C34H         LINE#         72
  C:4C34H         LINE#         74
  C:4C36H         LINE#         75
  C:4C3DH         LINE#         76
  C:4C42H         LINE#         77
  C:4C47H         LINE#         78
  C:4C49H         LINE#         79
  -------         ENDPROC       _SPI_WRITETIME
  -------         PROC          SPI_INIT
  C:4D29H         LINE#         83
  C:4D29H         LINE#         84
  C:4D29H         LINE#         89
  C:4D2CH         LINE#         90
  C:4D2FH         LINE#         91
  C:4D31H         LINE#         92
  C:4D33H         LINE#         93
  C:4D35H         LINE#         94
  -------         ENDPROC       SPI_INIT
  -------         PROC          _READ_TIME
  X:03BBH         SYMBOL        months
  X:03BEH         SYMBOL        days
  X:03C1H         SYMBOL        hours
  X:03C4H         SYMBOL        mins
  X:03C7H         SYMBOL        seconds
  C:4732H         LINE#         96
  C:473DH         LINE#         97
  C:473DH         LINE#         99
  C:4751H         LINE#         101
  C:4765H         LINE#         103
  C:4779H         LINE#         108
  C:478DH         LINE#         113
  -------         ENDPROC       _READ_TIME
  -------         PROC          _BCDTODEC
  D:0007H         SYMBOL        bcd
  -------         DO            
  D:0006H         SYMBOL        hi
  D:0007H         SYMBOL        lo
  -------         ENDDO         
  C:4CDAH         LINE#         119
  C:4CDAH         LINE#         120
  C:4CDAH         LINE#         122
  C:4CDFH         LINE#         123
  C:4CE3H         LINE#         124
  C:4CEAH         LINE#         125
  -------         ENDPROC       _BCDTODEC
  -------         PROC          _DAY_OF_YEAR
  D:0007H         SYMBOL        months_bcd
  D:0005H         SYMBOL        days_bcd
  -------         DO            
  D:0004H         SYMBOL        months
  D:0007H         SYMBOL        days
  -------         ENDDO         
  C:4639H         LINE#         126
  C:4639H         LINE#         127
  C:4639H         LINE#         130
  C:463EH         LINE#         132
  C:4643H         LINE#         134
BL51 BANKED LINKER/LOCATER V6.22                                                      02/25/2019  12:22:08  PAGE 17


  C:467CH         LINE#         135
  C:467CH         LINE#         136
  C:467CH         LINE#         137
  C:467FH         LINE#         138
  C:467FH         LINE#         139
  C:467FH         LINE#         140
  C:4684H         LINE#         141
  C:4684H         LINE#         142
  C:4684H         LINE#         143
  C:4689H         LINE#         144
  C:4689H         LINE#         145
  C:4689H         LINE#         146
  C:468EH         LINE#         147
  C:468EH         LINE#         148
  C:468EH         LINE#         149
  C:4693H         LINE#         150
  C:4693H         LINE#         151
  C:4693H         LINE#         152
  C:4698H         LINE#         153
  C:4698H         LINE#         154
  C:4698H         LINE#         155
  C:469DH         LINE#         156
  C:469DH         LINE#         157
  C:469DH         LINE#         158
  C:46A2H         LINE#         159
  C:46A2H         LINE#         160
  C:46A2H         LINE#         161
  C:46AAH         LINE#         162
  C:46AAH         LINE#         163
  C:46AAH         LINE#         164
  C:46AFH         LINE#         165
  C:46AFH         LINE#         166
  C:46AFH         LINE#         167
  C:46B4H         LINE#         168
  C:46B4H         LINE#         169
  C:46B4H         LINE#         170
  C:46BCH         LINE#         171
  C:46BCH         LINE#         172
  C:46BCH         LINE#         173
  -------         ENDPROC       _DAY_OF_YEAR
  -------         ENDMOD        PCF85063BTL

  -------         MODULE        UART1
  C:0000H         SYMBOL        _ICE_DUMMY_
  D:0080H         PUBLIC        P0
  D:0090H         PUBLIC        P1
  D:00A0H         PUBLIC        P2
  D:00B0H         PUBLIC        P3
  D:00C0H         PUBLIC        P4
  D:00C8H         PUBLIC        P5
  B:00A8H.7       PUBLIC        EA
  D:00E8H         PUBLIC        P6
  D:00F8H         PUBLIC        P7
  C:4A55H         PUBLIC        _SendString
  D:00A8H         PUBLIC        IE
  B:00A8H.4       PUBLIC        ES
  D:00B8H         PUBLIC        IP
BL51 BANKED LINKER/LOCATER V6.22                                                      02/25/2019  12:22:08  PAGE 18


  C:4C4AH         PUBLIC        _ASCIItoBCD
  D:00D8H         PUBLIC        CCON
  C:4CEBH         PUBLIC        initUART1
  D:0098H         PUBLIC        SCON
  D:0088H         PUBLIC        TCON
  C:000AH         PUBLIC        _DectoBCD
  C:4D6DH         PUBLIC        _ASCII_Letter
  D:008EH         PUBLIC        AUXR
  C:4D68H         PUBLIC        _unit
  C:0003H         PUBLIC        _ten
  D:00D6H         PUBLIC        T2H
  D:00D7H         PUBLIC        T2L
  D:00D0H         PUBLIC        PSW
  -------         PROC          INITUART1
  C:4CEBH         LINE#         21
  C:4CEBH         LINE#         22
  C:4CEBH         LINE#         23
  C:4CEEH         LINE#         24
  C:4CF1H         LINE#         25
  C:4CF4H         LINE#         26
  C:4CF7H         LINE#         27
  C:4CF9H         LINE#         28
  C:4CFBH         LINE#         30
  -------         ENDPROC       INITUART1
  -------         PROC          _SENDSTRING
  X:0642H         SYMBOL        s
  C:4A55H         LINE#         35
  C:4A60H         LINE#         36
  C:4A60H         LINE#         37
  C:4A70H         LINE#         38
  C:4A70H         LINE#         39
  C:4A85H         LINE#         40
  C:4A87H         LINE#         41
  -------         ENDPROC       _SENDSTRING
  -------         PROC          _TEN
  D:0007H         SYMBOL        BCD
  C:0003H         LINE#         43
  C:0003H         LINE#         44
  C:0003H         LINE#         45
  C:0008H         LINE#         46
  -------         ENDPROC       _TEN
  -------         PROC          _UNIT
  D:0007H         SYMBOL        BCD
  C:4D68H         LINE#         47
  C:4D68H         LINE#         48
  C:4D68H         LINE#         52
  C:4D6CH         LINE#         53
  -------         ENDPROC       _UNIT
  -------         PROC          _DECTOBCD
  D:0007H         SYMBOL        dec
  C:000AH         LINE#         54
  C:000AH         LINE#         55
  C:000AH         LINE#         57
  C:000AH         LINE#         58
  -------         ENDPROC       _DECTOBCD
  -------         PROC          _ASCII_LETTER
  D:0007H         SYMBOL        dat
BL51 BANKED LINKER/LOCATER V6.22                                                      02/25/2019  12:22:08  PAGE 19


  C:4D6DH         LINE#         60
  C:4D6DH         LINE#         61
  C:4D6DH         LINE#         63
  C:4D71H         LINE#         64
  -------         ENDPROC       _ASCII_LETTER
  -------         PROC          _ASCIITOBCD
  D:0001H         SYMBOL        ascii
  -------         DO            
  D:0007H         SYMBOL        dec_val
  D:0006H         SYMBOL        ten
  D:0007H         SYMBOL        unit
  -------         ENDDO         
  C:4C4AH         LINE#         66
  C:4C4AH         LINE#         67
  C:4C4AH         LINE#         69
  C:4C4DH         LINE#         70
  C:4C53H         LINE#         71
  C:4C5AH         LINE#         72
  C:4C60H         LINE#         74
  -------         ENDPROC       _ASCIITOBCD
  -------         ENDMOD        UART1

  -------         MODULE        LCD_DRIVER_SPLC780D
  C:0000H         SYMBOL        _ICE_DUMMY_
  D:0092H         PUBLIC        P1M0
  D:0091H         PUBLIC        P1M1
  D:0080H         PUBLIC        P0
  D:0090H         PUBLIC        P1
  D:00A0H         PUBLIC        P2
  D:00B0H         PUBLIC        P3
  D:00C0H         PUBLIC        P4
  D:00C8H         PUBLIC        P5
  D:00E8H         PUBLIC        P6
  D:00F8H         PUBLIC        P7
  C:46BDH         PUBLIC        _WriteData
  D:00A8H         PUBLIC        IE
  D:00B8H         PUBLIC        IP
  D:00D8H         PUBLIC        CCON
  B:00B0H.4       PUBLIC        LCD_D4
  B:00B0H.5       PUBLIC        LCD_D5
  B:00B0H.6       PUBLIC        LCD_D6
  C:4BFAH         PUBLIC        _DisplayLCD
  B:00B0H.7       PUBLIC        LCD_D7
  D:0098H         PUBLIC        SCON
  D:0088H         PUBLIC        TCON
  C:4D58H         PUBLIC        LCD_clear
  C:499AH         PUBLIC        _Command
  C:4C77H         PUBLIC        _Display_Line
  C:4869H         PUBLIC        LCD_Init
  C:4B5FH         PUBLIC        _Wait_ms
  B:00C0H.0       PUBLIC        LCD_RS
  B:00B0H.2       PUBLIC        LCD_RW
  C:4D4EH         PUBLIC        LCD_return_home
  B:00B0H.3       PUBLIC        LCD_E
  D:00D0H         PUBLIC        PSW
  -------         PROC          LCD_INIT
  C:4869H         LINE#         9
BL51 BANKED LINKER/LOCATER V6.22                                                      02/25/2019  12:22:08  PAGE 20


  C:4869H         LINE#         10
  C:4869H         LINE#         11
  C:486CH         LINE#         12
  C:486FH         LINE#         14
  C:4875H         LINE#         15
  C:487AH         LINE#         17
  C:4881H         LINE#         18
  C:4886H         LINE#         20
  C:4889H         LINE#         21
  C:488EH         LINE#         23
  C:4891H         LINE#         24
  C:4896H         LINE#         26
  C:489DH         LINE#         29
  C:48A2H         LINE#         30
  C:48A7H         LINE#         32
  C:48ACH         LINE#         33
  C:48B1H         LINE#         35
  C:48B6H         LINE#         36
  C:48BBH         LINE#         37
  -------         ENDPROC       LCD_INIT
  -------         PROC          _WRITEDATA
  X:046AH         SYMBOL        dat
  C:46BDH         LINE#         40
  C:46C2H         LINE#         41
  C:46C2H         LINE#         46
  C:46C4H         LINE#         47
  C:46C6H         LINE#         49
  C:46D4H         LINE#         50
  C:46E0H         LINE#         51
  C:46ECH         LINE#         52
  C:46F6H         LINE#         53
  C:46F8H         LINE#         54
  C:46FFH         LINE#         55
  C:4701H         LINE#         57
  C:4711H         LINE#         58
  C:471CH         LINE#         59
  C:4726H         LINE#         60
  C:472AH         LINE#         62
  C:472AH         LINE#         63
  C:472DH         LINE#         64
  C:472FH         LINE#         65
  C:4731H         LINE#         67
  -------         ENDPROC       _WRITEDATA
  -------         PROC          _COMMAND
  D:0007H         SYMBOL        dat
  C:499AH         LINE#         69
  C:499AH         LINE#         70
  C:499AH         LINE#         71
  C:499CH         LINE#         72
  C:499EH         LINE#         74
  C:49A8H         LINE#         75
  C:49ACH         LINE#         77
  C:49AEH         LINE#         78
  C:49B7H         LINE#         79
  C:49BBH         LINE#         81
  C:49BDH         LINE#         82
  C:49C4H         LINE#         83
BL51 BANKED LINKER/LOCATER V6.22                                                      02/25/2019  12:22:08  PAGE 21


  C:49C8H         LINE#         85
  C:49CAH         LINE#         86
  C:49CEH         LINE#         87
  C:49D2H         LINE#         89
  C:49D4H         LINE#         90
  C:49D4H         LINE#         91
  C:49D7H         LINE#         92
  C:49D9H         LINE#         93
  -------         ENDPROC       _COMMAND
  C:4B5BH         SYMBOL        L?0028
  -------         PROC          L?0027
  -------         ENDPROC       L?0027
  C:4B5BH         SYMBOL        L?0028
  -------         PROC          _WAIT_MS
  D:0006H         SYMBOL        ms
  -------         DO            
  D:0004H         SYMBOL        De_Cnt
  -------         ENDDO         
  C:4B5FH         LINE#         95
  C:4B5FH         LINE#         96
  C:4B5FH         LINE#         98
  C:4B69H         LINE#         99
  C:4B69H         LINE#         100
  C:4B7CH         LINE#         101
  C:4B7CH         LINE#         102
  -------         ENDPROC       _WAIT_MS
  -------         PROC          _DISPLAYLCD
  D:0007H         SYMBOL        BCD
  -------         DO            
  D:0006H         SYMBOL        first_digit
  X:03BBH         SYMBOL        second_digit
  -------         ENDDO         
  C:4BFAH         LINE#         103
  C:4BFAH         LINE#         104
  C:4BFAH         LINE#         106
  C:4C01H         LINE#         107
  C:4C0AH         LINE#         109
  C:4C0FH         LINE#         111
  -------         ENDPROC       _DISPLAYLCD
  -------         PROC          LCD_RETURN_HOME
  C:4D4EH         LINE#         115
  C:4D4EH         LINE#         116
  C:4D4EH         LINE#         117
  C:4D53H         LINE#         118
  -------         ENDPROC       LCD_RETURN_HOME
  -------         PROC          LCD_CLEAR
  C:4D58H         LINE#         121
  C:4D58H         LINE#         122
  C:4D58H         LINE#         123
  C:4D5DH         LINE#         124
  -------         ENDPROC       LCD_CLEAR
  -------         PROC          _DISPLAY_LINE
  D:0006H         SYMBOL        line
  C:4C77H         LINE#         128
  C:4C77H         LINE#         129
  C:4C77H         LINE#         130
  C:4C7DH         LINE#         131
BL51 BANKED LINKER/LOCATER V6.22                                                      02/25/2019  12:22:08  PAGE 22


  C:4C7DH         LINE#         132
  C:4C7FH         LINE#         133
  C:4C7FH         LINE#         134
  C:4C81H         LINE#         136
  C:4C81H         LINE#         137
  C:4C86H         LINE#         138
  C:4C8BH         LINE#         139
  C:4C8BH         LINE#         140
  -------         ENDPROC       _DISPLAY_LINE
  -------         ENDMOD        LCD_DRIVER_SPLC780D

  -------         MODULE        KEYPAD
  C:0000H         SYMBOL        _ICE_DUMMY_
  D:0093H         PUBLIC        P0M1
  D:0080H         PUBLIC        P0
  D:0090H         PUBLIC        P1
  D:00A0H         PUBLIC        P2
  D:00B0H         PUBLIC        P3
  D:00C0H         PUBLIC        P4
  D:00C8H         PUBLIC        P5
  B:0020H.0       PUBLIC        calib_mode
  D:00E8H         PUBLIC        P6
  D:00F8H         PUBLIC        P7
  D:00A8H         PUBLIC        IE
  C:3687H         PUBLIC        Key_Scan
  D:00B8H         PUBLIC        IP
  D:00D8H         PUBLIC        CCON
  C:4D36H         PUBLIC        KeyPad_IO_Init
  C:4BDCH         PUBLIC        _Delay_ms
  D:0098H         PUBLIC        SCON
  D:0088H         PUBLIC        TCON
  B:0020H.1       PUBLIC        small_move
  B:0020H.2       PUBLIC        move
  B:0020H.3       PUBLIC        direction
  B:0020H.4       PUBLIC        auto_move
  C:3080H         PUBLIC        Key_Process
  D:00D0H         PUBLIC        PSW
  D:0094H         PUBLIC        P0M0
  -------         PROC          _DELAY_MS
  D:0006H         SYMBOL        ms
  -------         DO            
  D:0004H         SYMBOL        De_Cnt
  -------         ENDDO         
  C:4BDCH         LINE#         19
  C:4BDCH         LINE#         20
  C:4BDCH         LINE#         22
  C:4BE6H         LINE#         23
  C:4BE6H         LINE#         24
  C:4BF9H         LINE#         25
  C:4BF9H         LINE#         26
  -------         ENDPROC       _DELAY_MS
  -------         PROC          KEY_SCAN
  -------         DO            
  X:03C1H         SYMBOL        KeyTemp1
  X:03C2H         SYMBOL        KeyTemp2
  X:03C3H         SYMBOL        KeyValue
  -------         ENDDO         
BL51 BANKED LINKER/LOCATER V6.22                                                      02/25/2019  12:22:08  PAGE 23


  C:3687H         LINE#         27
  C:3687H         LINE#         28
  C:3687H         LINE#         33
  C:368AH         LINE#         36
  C:368DH         LINE#         38
  C:3695H         LINE#         39
  C:369CH         LINE#         40
  C:369CH         LINE#         42
  C:36A1H         LINE#         43
  C:36A8H         LINE#         44
  C:36A8H         LINE#         47
  C:36ABH         LINE#         48
  C:36AEH         LINE#         49
  C:36B3H         LINE#         50
  C:36B7H         LINE#         51
  C:36B7H         LINE#         52
  C:36BFH         LINE#         53
  C:36BFH         LINE#         54
  C:36C2H         LINE#         55
  C:36CAH         LINE#         56
  C:36CCH         LINE#         58
  C:36E0H         LINE#         59
  C:36E0H         LINE#         60
  C:36E0H         LINE#         61
  C:36E0H         LINE#         62
  C:36E6H         LINE#         64
  C:36E8H         LINE#         65
  C:36E8H         LINE#         66
  C:36E8H         LINE#         67
  C:36EEH         LINE#         69
  C:36F0H         LINE#         70
  C:36F0H         LINE#         71
  C:36F0H         LINE#         72
  C:36F6H         LINE#         74
  C:36F8H         LINE#         75
  C:36F8H         LINE#         76
  C:36F8H         LINE#         77
  C:36FEH         LINE#         79
  C:36FEH         LINE#         80
  C:36FEH         LINE#         81
  C:36FEH         LINE#         84
  C:3701H         LINE#         85
  C:3704H         LINE#         86
  C:370CH         LINE#         87
  C:3710H         LINE#         88
  C:3710H         LINE#         89
  C:3718H         LINE#         90
  C:3718H         LINE#         91
  C:371BH         LINE#         92
  C:3723H         LINE#         93
  C:3725H         LINE#         94
  C:3739H         LINE#         95
  C:3739H         LINE#         96
  C:3739H         LINE#         97
  C:3739H         LINE#         98
  C:373FH         LINE#         100
  C:3741H         LINE#         101
BL51 BANKED LINKER/LOCATER V6.22                                                      02/25/2019  12:22:08  PAGE 24


  C:3741H         LINE#         102
  C:3741H         LINE#         103
  C:3747H         LINE#         105
  C:3749H         LINE#         106
  C:3749H         LINE#         107
  C:3749H         LINE#         108
  C:374FH         LINE#         110
  C:3751H         LINE#         111
  C:3751H         LINE#         112
  C:3751H         LINE#         113
  C:3756H         LINE#         115
  C:3756H         LINE#         116
  C:3756H         LINE#         117
  C:3756H         LINE#         120
  C:3759H         LINE#         121
  C:375CH         LINE#         122
  C:3764H         LINE#         123
  C:3768H         LINE#         124
  C:3768H         LINE#         125
  C:3770H         LINE#         126
  C:3770H         LINE#         127
  C:3773H         LINE#         128
  C:377BH         LINE#         129
  C:377DH         LINE#         130
  C:3791H         LINE#         131
  C:3791H         LINE#         132
  C:3791H         LINE#         133
  C:3791H         LINE#         134
  C:3797H         LINE#         136
  C:3799H         LINE#         137
  C:3799H         LINE#         138
  C:3799H         LINE#         139
  C:379FH         LINE#         141
  C:37A1H         LINE#         142
  C:37A1H         LINE#         143
  C:37A1H         LINE#         144
  C:37A7H         LINE#         146
  C:37A9H         LINE#         147
  C:37A9H         LINE#         148
  C:37A9H         LINE#         149
  C:37AFH         LINE#         151
  C:37AFH         LINE#         152
  C:37AFH         LINE#         153
  C:37AFH         LINE#         157
  C:37B2H         LINE#         158
  C:37B5H         LINE#         159
  C:37BDH         LINE#         160
  C:37C1H         LINE#         161
  C:37C1H         LINE#         162
  C:37C9H         LINE#         163
  C:37C9H         LINE#         164
  C:37CCH         LINE#         165
  C:37D4H         LINE#         166
  C:37D6H         LINE#         167
  C:37EAH         LINE#         168
  C:37EAH         LINE#         169
  C:37EAH         LINE#         170
BL51 BANKED LINKER/LOCATER V6.22                                                      02/25/2019  12:22:08  PAGE 25


  C:37EAH         LINE#         171
  C:37F0H         LINE#         173
  C:37F2H         LINE#         174
  C:37F2H         LINE#         175
  C:37F2H         LINE#         176
  C:37F8H         LINE#         178
  C:37FAH         LINE#         179
  C:37FAH         LINE#         180
  C:37FAH         LINE#         181
  C:3800H         LINE#         183
  C:3802H         LINE#         184
  C:3802H         LINE#         185
  C:3802H         LINE#         186
  C:3808H         LINE#         188
  C:3808H         LINE#         189
  C:3808H         LINE#         190
  C:3808H         LINE#         192
  C:380EH         LINE#         193
  C:380EH         LINE#         195
  C:380EH         LINE#         196
  C:3811H         LINE#         197
  C:3811H         LINE#         198
  C:3811H         LINE#         200
  C:3811H         LINE#         201
  C:3813H         LINE#         202
  C:3813H         LINE#         203
  -------         ENDPROC       KEY_SCAN
  -------         PROC          KEY_PROCESS
  -------         DO            
  X:0628H         SYMBOL        KeyCount
  X:062AH         SYMBOL        KeyNum_Old
  X:062BH         SYMBOL        KeyNum
  X:062CH         SYMBOL        PressedKey
  X:03BBH         SYMBOL        d
  D:0004H         SYMBOL        hours
  D:0006H         SYMBOL        mins
  X:03BDH         SYMBOL        months
  X:03BFH         SYMBOL        days
  -------         ENDDO         
  C:3080H         LINE#         204
  C:3080H         LINE#         205
  C:3080H         LINE#         209
  C:3088H         LINE#         210
  C:3090H         LINE#         212
  C:3093H         LINE#         213
  C:3093H         LINE#         214
  C:3096H         LINE#         216
  C:3096H         LINE#         217
  C:30A3H         LINE#         218
  C:30A3H         LINE#         219
  C:30A6H         LINE#         220
  C:30A9H         LINE#         222
  C:30ACH         LINE#         224
  C:30ACH         LINE#         225
  C:30B7H         LINE#         226
  C:30B7H         LINE#         227
  C:30BAH         LINE#         229
BL51 BANKED LINKER/LOCATER V6.22                                                      02/25/2019  12:22:08  PAGE 26


  C:30BAH         LINE#         230
  C:30C1H         LINE#         231
  C:30C1H         LINE#         232
  C:30C4H         LINE#         234
  C:30C4H         LINE#         235
  C:30CCH         LINE#         236
  C:30CCH         LINE#         237
  C:30D6H         LINE#         238
  C:30DEH         LINE#         240
  C:30E7H         LINE#         242
  C:30E7H         LINE#         251
  C:30FCH         LINE#         252
  C:30FCH         LINE#         253
  C:310EH         LINE#         254
  C:311CH         LINE#         255
  C:312BH         LINE#         256
  C:312BH         LINE#         258
  C:3131H         LINE#         262
  C:3147H         LINE#         263
  C:3158H         LINE#         264
  C:3173H         LINE#         265
  C:3173H         LINE#         266
  C:3183H         LINE#         267
  C:3194H         LINE#         268
  C:3194H         LINE#         272
  C:31ADH         LINE#         273
  C:31C4H         LINE#         274
  C:31E4H         LINE#         275
  C:31E4H         LINE#         276
  C:31EEH         LINE#         277
  C:31EEH         LINE#         278
  C:31F7H         LINE#         279
  C:31F7H         LINE#         280
  C:320BH         LINE#         281
  C:320BH         LINE#         282
  C:320BH         LINE#         283
  C:320BH         LINE#         284
  C:320BH         LINE#         285
  C:320DH         LINE#         287
  C:320DH         LINE#         288
  C:3219H         LINE#         289
  C:3219H         LINE#         290
  C:322AH         LINE#         291
  C:322AH         LINE#         292
  C:322AH         LINE#         293
  C:322AH         LINE#         294
  C:322AH         LINE#         296
  C:322CH         LINE#         298
  C:322CH         LINE#         299
  C:323DH         LINE#         300
  C:323DH         LINE#         301
  C:323DH         LINE#         302
  C:323DH         LINE#         303
  C:323DH         LINE#         305
  C:323DH         LINE#         307
  C:323DH         LINE#         308
  C:323FH         LINE#         310
BL51 BANKED LINKER/LOCATER V6.22                                                      02/25/2019  12:22:08  PAGE 27


  C:323FH         LINE#         311
  C:3252H         LINE#         312
  C:3252H         LINE#         313
  C:3263H         LINE#         314
  C:3263H         LINE#         315
  C:3263H         LINE#         316
  C:3263H         LINE#         317
  C:3263H         LINE#         318
  C:3265H         LINE#         320
  C:3265H         LINE#         321
  C:3276H         LINE#         322
  C:3276H         LINE#         323
  C:3287H         LINE#         324
  C:3298H         LINE#         325
  C:3298H         LINE#         326
  C:3298H         LINE#         327
  C:3298H         LINE#         328
  C:3298H         LINE#         329
  C:329BH         LINE#         330
  C:32A0H         LINE#         331
  C:32A5H         LINE#         332
  C:32AAH         LINE#         333
  C:32AFH         LINE#         334
  C:32B4H         LINE#         335
  C:32B9H         LINE#         336
  C:32BEH         LINE#         337
  C:32BEH         LINE#         339
  C:32E0H         LINE#         340
  C:32E0H         LINE#         341
  C:32EAH         LINE#         342
  C:32EAH         LINE#         343
  C:32EFH         LINE#         344
  C:32F8H         LINE#         345
  C:330FH         LINE#         346
  C:330FH         LINE#         347
  C:331FH         LINE#         349
  C:331FH         LINE#         353
  -------         ENDPROC       KEY_PROCESS
  -------         PROC          KEYPAD_IO_INIT
  C:4D36H         LINE#         356
  C:4D36H         LINE#         357
  C:4D36H         LINE#         358
  C:4D39H         LINE#         359
  C:4D3CH         LINE#         360
  C:4D3FH         LINE#         361
  C:4D41H         LINE#         362
  -------         ENDPROC       KEYPAD_IO_INIT
  -------         ENDMOD        KEYPAD

  -------         MODULE        BIPOLARMOTOR
  C:0000H         SYMBOL        _ICE_DUMMY_
  D:0080H         PUBLIC        P0
  D:0090H         PUBLIC        P1
  X:0000H         PUBLIC        RX_pos_test
  D:00A0H         PUBLIC        P2
  D:00B0H         PUBLIC        P3
  D:00C0H         PUBLIC        P4
BL51 BANKED LINKER/LOCATER V6.22                                                      02/25/2019  12:22:08  PAGE 28


  D:00C8H         PUBLIC        P5
  D:00E8H         PUBLIC        P6
  D:00F8H         PUBLIC        P7
  X:00A0H         PUBLIC        low_date_azimuth_mapping
  D:00A8H         PUBLIC        IE
  C:408AH         PUBLIC        linear_interpolate
  C:4B0AH         PUBLIC        _Move
  D:00B8H         PUBLIC        IP
  C:3353H         PUBLIC        _findDet3x3
  C:2DC0H         PUBLIC        _findDet4x4
  D:00D8H         PUBLIC        CCON
  X:00C8H         PUBLIC        previous_move_time
  D:0098H         PUBLIC        SCON
  D:0088H         PUBLIC        TCON
  C:4D72H         PUBLIC        wait
  C:49DAH         PUBLIC        _Step_move
  X:00C9H         PUBLIC        dat
  C:000EH         PUBLIC        _Update_position
  C:48C2H         PUBLIC        vOneStepMove
  X:00CFH         PUBLIC        elevation_stamp
  X:010BH         PUBLIC        date_azimuth_mapping
  X:0133H         PUBLIC        RX_pos
  C:4C21H         PUBLIC        _BCDtoDec1
  X:038BH         PUBLIC        degree
  D:00D0H         PUBLIC        PSW
  -------         PROC          L?0062
  -------         ENDPROC       L?0062
  -------         PROC          _BCDTODEC1
  D:0007H         SYMBOL        bcd
  -------         DO            
  D:0006H         SYMBOL        hi
  D:0007H         SYMBOL        lo
  -------         ENDDO         
  C:4C21H         LINE#         28
  C:4C21H         LINE#         29
  C:4C21H         LINE#         31
  C:4C26H         LINE#         32
  C:4C2AH         LINE#         33
  C:4C31H         LINE#         34
  -------         ENDPROC       _BCDTODEC1
  -------         PROC          WAIT
  C:4D72H         LINE#         36
  C:4D72H         LINE#         38
  -------         ENDPROC       WAIT
  -------         PROC          VONESTEPMOVE
  B:0020H.7       SYMBOL        bDir
  C:48C2H         LINE#         40
  C:48C2H         LINE#         41
  C:48C2H         LINE#         43
  C:48C8H         LINE#         44
  C:48C8H         LINE#         45
  C:48CBH         LINE#         46
  C:48D4H         LINE#         47
  C:48DBH         LINE#         48
  C:48E0H         LINE#         49
  C:48E0H         LINE#         50
  C:48E0H         LINE#         52
BL51 BANKED LINKER/LOCATER V6.22                                                      02/25/2019  12:22:08  PAGE 29


  C:48E2H         LINE#         55
  C:48E2H         LINE#         56
  C:48E5H         LINE#         57
  C:48EEH         LINE#         58
  C:48F5H         LINE#         59
  C:48FBH         LINE#         60
  C:4904H         LINE#         61
  C:490BH         LINE#         62
  C:490BH         LINE#         66
  -------         ENDPROC       VONESTEPMOVE
  -------         PROC          _STEP_MOVE
  X:0479H         SYMBOL        step
  B:0020H.6       SYMBOL        dir
  -------         DO            
  X:047BH         SYMBOL        i
  -------         ENDDO         
  C:49DAH         LINE#         68
  C:49E2H         LINE#         69
  C:49E2H         LINE#         71
  C:49E7H         LINE#         74
  C:4A02H         LINE#         75
  C:4A02H         LINE#         76
  C:4A09H         LINE#         78
  C:4A19H         LINE#         80
  -------         ENDPROC       _STEP_MOVE
  -------         PROC          _MOVE
  X:0475H         SYMBOL        distance
  B:0020H.5       SYMBOL        direction
  -------         DO            
  D:0006H         SYMBOL        step
  -------         ENDDO         
  C:4B0AH         LINE#         82
  C:4B10H         LINE#         83
  C:4B10H         LINE#         86
  C:4B2BH         LINE#         87
  -------         ENDPROC       _MOVE
  C:3334H         SYMBOL        L?0058
  C:3348H         SYMBOL        L?0059
  -------         PROC          L?0057
  -------         ENDPROC       L?0057
  C:3334H         SYMBOL        L?0058
  C:3348H         SYMBOL        L?0059
  -------         PROC          _FINDDET3X3
  X:05F6H         SYMBOL        a11
  X:05FAH         SYMBOL        a12
  X:05FEH         SYMBOL        a13
  X:0602H         SYMBOL        a21
  X:0606H         SYMBOL        a22
  X:060AH         SYMBOL        a23
  X:060EH         SYMBOL        a31
  X:0612H         SYMBOL        a32
  X:0616H         SYMBOL        a33
  C:3353H         LINE#         91
  C:3359H         LINE#         95
  C:3359H         LINE#         96
  C:34F0H         LINE#         98
  -------         ENDPROC       _FINDDET3X3
BL51 BANKED LINKER/LOCATER V6.22                                                      02/25/2019  12:22:08  PAGE 30


  -------         PROC          _FINDDET4X4
  X:05B6H         SYMBOL        a11
  X:05BAH         SYMBOL        a12
  X:05BEH         SYMBOL        a13
  X:05C2H         SYMBOL        a14
  X:05C6H         SYMBOL        a21
  X:05CAH         SYMBOL        a22
  X:05CEH         SYMBOL        a23
  X:05D2H         SYMBOL        a24
  X:05D6H         SYMBOL        a31
  X:05DAH         SYMBOL        a32
  X:05DEH         SYMBOL        a33
  X:05E2H         SYMBOL        a34
  X:05E6H         SYMBOL        a41
  X:05EAH         SYMBOL        a42
  X:05EEH         SYMBOL        a43
  X:05F2H         SYMBOL        a44
  C:2DC0H         LINE#         99
  C:2DC6H         LINE#         103
  C:2DC6H         LINE#         110
  C:307FH         LINE#         114
  -------         ENDPROC       _FINDDET4X4
  C:4079H         SYMBOL        L?0061
  -------         PROC          L?0060
  -------         ENDPROC       L?0060
  C:4079H         SYMBOL        L?0061
  -------         PROC          LINEAR_INTERPOLATE
  X:0475H         SYMBOL        p1
  X:047DH         SYMBOL        p2
  X:0485H         SYMBOL        x
  -------         DO            
  D:0004H         SYMBOL        fx
  -------         ENDDO         
  C:408AH         LINE#         120
  C:408AH         LINE#         121
  C:408AH         LINE#         124
  C:4129H         LINE#         126
  C:4129H         LINE#         127
  -------         ENDPROC       LINEAR_INTERPOLATE
  -------         PROC          _UPDATE_POSITION
  D:0001H         SYMBOL        mnths
  D:0002H         SYMBOL        dys
  X:03D8H         SYMBOL        hurs
  X:03D9H         SYMBOL        mns
  X:03DAH         SYMBOL        sconds
  X:03DBH         SYMBOL        currnt_pos
  X:03DEH         SYMBOL        offset_calib
  -------         DO            
  X:03E2H         SYMBOL        date
  X:03E4H         SYMBOL        i
  X:03E6H         SYMBOL        yy
  X:03E8H         SYMBOL        desired_distance
  X:03ECH         SYMBOL        distance
  X:03F0H         SYMBOL        JP_pos
  X:03F4H         SYMBOL        pos_interpolate_azimuth
  X:0430H         SYMBOL        current_local_sun_time
  X:0434H         SYMBOL        azimuth
BL51 BANKED LINKER/LOCATER V6.22                                                      02/25/2019  12:22:08  PAGE 31


  X:0438H         SYMBOL        elevation
  X:043CH         SYMBOL        time_offset
  X:0440H         SYMBOL        UTC_time
  X:0444H         SYMBOL        declination
  X:0448H         SYMBOL        p1
  X:0450H         SYMBOL        p2
  X:0458H         SYMBOL        time
  X:046AH         SYMBOL        location
  X:0472H         SYMBOL        sunCoord
  -------         ENDDO         
  C:000EH         LINE#         131
  C:0017H         LINE#         134
  C:0017H         LINE#         135
  C:0022H         LINE#         137
  C:003EH         LINE#         138
  C:0048H         LINE#         146
  C:0052H         LINE#         147
  C:005CH         LINE#         148
  C:0066H         LINE#         149
  C:0071H         LINE#         150
  C:007CH         LINE#         151
  C:0095H         LINE#         152
  C:00A6H         LINE#         153
  C:00B5H         LINE#         156
  C:00C9H         LINE#         160
  C:011BH         LINE#         161
  C:027FH         LINE#         162
  C:02CFH         LINE#         164
  C:03F7H         LINE#         166
  C:04C6H         LINE#         173
  C:050DH         LINE#         174
  C:050DH         LINE#         176
  C:0527H         LINE#         177
  C:0527H         LINE#         178
  C:0597H         LINE#         179
  C:0597H         LINE#         180
  C:059EH         LINE#         181
  C:059EH         LINE#         182
  C:05CBH         LINE#         183
  C:05E6H         LINE#         185
  C:062DH         LINE#         186
  C:0661H         LINE#         188
  C:06A7H         LINE#         189
  C:06CAH         LINE#         191
  C:06CAH         LINE#         193
  C:0740H         LINE#         194
  C:0740H         LINE#         195
  C:0747H         LINE#         196
  C:0747H         LINE#         197
  C:0774H         LINE#         198
  C:078FH         LINE#         200
  C:07D6H         LINE#         201
  C:080AH         LINE#         203
  C:0850H         LINE#         204
  C:0870H         LINE#         206
  C:0870H         LINE#         207
  C:0881H         LINE#         210
BL51 BANKED LINKER/LOCATER V6.22                                                      02/25/2019  12:22:08  PAGE 32


  C:089BH         LINE#         211
  C:089BH         LINE#         212
  C:090BH         LINE#         213
  C:090BH         LINE#         214
  C:0938H         LINE#         215
  C:0953H         LINE#         217
  C:0980H         LINE#         218
  C:099BH         LINE#         220
  C:09CDH         LINE#         223
  C:09CDH         LINE#         225
  C:09DEH         LINE#         227
  C:0A0DH         LINE#         229
  C:0A32H         LINE#         230
  C:0A97H         LINE#         231
  C:0A97H         LINE#         232
  C:0AB1H         LINE#         233
  C:0AC3H         LINE#         234
  C:0ADBH         LINE#         235
  C:0AF1H         LINE#         237
  C:0B0DH         LINE#         238
  C:0B0DH         LINE#         239
  C:0B0DH         LINE#         242
  -------         ENDPROC       _UPDATE_POSITION
  -------         ENDMOD        BIPOLARMOTOR

  -------         MODULE        SUNPOS
  C:0000H         SYMBOL        _ICE_DUMMY_
  C:1F1CH         PUBLIC        sunpos
  -------         PROC          SUNPOS
  X:0475H         SYMBOL        udtTime
  X:0487H         SYMBOL        udtLocation
  X:048FH         SYMBOL        udtSunCoordinates
  -------         DO            
  X:0492H         SYMBOL        dElapsedJulianDays
  X:0496H         SYMBOL        dDecimalHours
  X:049AH         SYMBOL        dEclipticLongitude
  X:049EH         SYMBOL        dEclipticObliquity
  X:04A2H         SYMBOL        dRightAscension
  X:04A6H         SYMBOL        dDeclination
  X:04AAH         SYMBOL        dY
  X:04AEH         SYMBOL        dX
  -------         DO            
  X:04B2H         SYMBOL        dJulianDate
  X:04B6H         SYMBOL        liAux1
  X:04BAH         SYMBOL        liAux2
  X:04B2H         SYMBOL        dMeanLongitude
  X:04B6H         SYMBOL        dMeanAnomaly
  X:04BAH         SYMBOL        dOmega
  X:04B2H         SYMBOL        dSin_EclipticLongitude
  X:04B2H         SYMBOL        dGreenwichMeanSiderealTime
  X:04B6H         SYMBOL        dLocalMeanSiderealTime
  X:04BAH         SYMBOL        dLatitudeInRadians
  X:04BEH         SYMBOL        dHourAngle
  X:04C2H         SYMBOL        dCos_Latitude
  X:04C6H         SYMBOL        dSin_Latitude
  X:04CAH         SYMBOL        dCos_HourAngle
  X:04CEH         SYMBOL        dParallax
BL51 BANKED LINKER/LOCATER V6.22                                                      02/25/2019  12:22:08  PAGE 33


  -------         ENDDO         
  -------         DO            
  X:04B2H         SYMBOL        dMeanLongitude
  X:04B6H         SYMBOL        dMeanAnomaly
  X:04BAH         SYMBOL        dOmega
  X:04B2H         SYMBOL        dSin_EclipticLongitude
  X:04B2H         SYMBOL        dGreenwichMeanSiderealTime
  X:04B6H         SYMBOL        dLocalMeanSiderealTime
  X:04BAH         SYMBOL        dLatitudeInRadians
  X:04BEH         SYMBOL        dHourAngle
  X:04C2H         SYMBOL        dCos_Latitude
  X:04C6H         SYMBOL        dSin_Latitude
  X:04CAH         SYMBOL        dCos_HourAngle
  X:04CEH         SYMBOL        dParallax
  -------         ENDDO         
  -------         DO            
  X:04B2H         SYMBOL        dSin_EclipticLongitude
  X:04B2H         SYMBOL        dGreenwichMeanSiderealTime
  X:04B6H         SYMBOL        dLocalMeanSiderealTime
  X:04BAH         SYMBOL        dLatitudeInRadians
  X:04BEH         SYMBOL        dHourAngle
  X:04C2H         SYMBOL        dCos_Latitude
  X:04C6H         SYMBOL        dSin_Latitude
  X:04CAH         SYMBOL        dCos_HourAngle
  X:04CEH         SYMBOL        dParallax
  -------         ENDDO         
  -------         DO            
  X:04B2H         SYMBOL        dGreenwichMeanSiderealTime
  X:04B6H         SYMBOL        dLocalMeanSiderealTime
  X:04BAH         SYMBOL        dLatitudeInRadians
  X:04BEH         SYMBOL        dHourAngle
  X:04C2H         SYMBOL        dCos_Latitude
  X:04C6H         SYMBOL        dSin_Latitude
  X:04CAH         SYMBOL        dCos_HourAngle
  X:04CEH         SYMBOL        dParallax
  -------         ENDDO         
  -------         ENDDO         
  C:1F1CH         LINE#         6
  C:1F1CH         LINE#         7
  C:1F1CH         LINE#         9
  C:1F1CH         LINE#         27
  C:1F66H         LINE#         30
  C:1F87H         LINE#         31
  C:20CEH         LINE#         34
  C:211AH         LINE#         36
  C:2139H         LINE#         37
  C:2139H         LINE#         42
  C:2139H         LINE#         46
  C:216BH         LINE#         47
  C:2195H         LINE#         48
  C:21BFH         LINE#         49
  C:226CH         LINE#         52
  C:22CDH         LINE#         54
  C:22CDH         LINE#         59
  C:22CDH         LINE#         61
  C:22E4H         LINE#         62
  C:230CH         LINE#         63
BL51 BANKED LINKER/LOCATER V6.22                                                      02/25/2019  12:22:08  PAGE 34


  C:2323H         LINE#         64
  C:234EH         LINE#         65
  C:2385H         LINE#         66
  C:23B0H         LINE#         67
  C:23B0H         LINE#         70
  C:23B0H         LINE#         79
  C:23EBH         LINE#         82
  C:2425H         LINE#         84
  C:244AH         LINE#         85
  C:2469H         LINE#         86
  C:2480H         LINE#         87
  C:2497H         LINE#         88
  C:24AEH         LINE#         89
  C:2537H         LINE#         91
  C:2551H         LINE#         92
  C:25B3H         LINE#         93
  C:25E9H         LINE#         94
  C:25FBH         LINE#         95
  C:2628H         LINE#         96
  C:2655H         LINE#         98
  C:2677H         LINE#         100
  C:26AFH         LINE#         103
  C:26AFH         LINE#         104
  C:26BDH         LINE#         105
  -------         ENDPROC       SUNPOS
  -------         ENDMOD        SUNPOS

  -------         MODULE        ADC
  C:0000H         SYMBOL        _ICE_DUMMY_
  D:0092H         PUBLIC        P1M0
  D:0091H         PUBLIC        P1M1
  D:0080H         PUBLIC        P0
  D:0090H         PUBLIC        P1
  D:00A0H         PUBLIC        P2
  D:00B0H         PUBLIC        P3
  D:00C0H         PUBLIC        P4
  D:00C8H         PUBLIC        P5
  D:00E8H         PUBLIC        P6
  D:00F8H         PUBLIC        P7
  D:00A8H         PUBLIC        IE
  D:00BDH         PUBLIC        ADC_RES
  D:00B8H         PUBLIC        IP
  D:0097H         PUBLIC        CLK_DIV
  D:00D8H         PUBLIC        CCON
  D:00BCH         PUBLIC        ADC_CONTR
  D:0098H         PUBLIC        SCON
  D:0088H         PUBLIC        TCON
[...]
  C:3F48H         LINE#         132
  C:3F48H         LINE#         133
  C:3F4AH         LINE#         134
  C:3F4DH         LINE#         135
  C:3F54H         LINE#         136
  C:3F54H         LINE#         137
  C:3F56H         LINE#         138
  C:3F58H         LINE#         140
  C:3F58H         LINE#         141
  C:3F5AH         LINE#         143
  C:3F5AH         LINE#         144
  C:3F5AH         LINE#         145
  C:3F5AH         LINE#         146
  C:3F5DH         LINE#         147
  C:3F64H         LINE#         149
  C:3F83H         LINE#         151
BL51 BANKED LINKER/LOCATER V6.22                                                      02/25/2019  12:22:08  PAGE 45


  C:3F85H         LINE#         152
  -------         ENDPROC       _AT25SF041_WRITE
  -------         PROC          _AT25SF041_READ
  D:0003H         SYMBOL        opcode
  X:0632H         SYMBOL        addr
  -------         DO            
  X:0636H         SYMBOL        dat
  X:0637H         SYMBOL        i
  -------         ENDDO         
  C:3D8BH         LINE#         156
  C:3D8DH         LINE#         157
  C:3D8DH         LINE#         158
  C:3D92H         LINE#         160
  C:3D94H         LINE#         161
  C:3D9AH         LINE#         165
  C:3D9FH         LINE#         166
  C:3D9FH         LINE#         167
  C:3DA1H         LINE#         168
  C:3DA4H         LINE#         169
  C:3DA8H         LINE#         170
  C:3DA8H         LINE#         171
  C:3DAAH         LINE#         172
  C:3DACH         LINE#         174
  C:3DACH         LINE#         175
  C:3DAEH         LINE#         177
  C:3DAEH         LINE#         178
  C:3DAEH         LINE#         179
  C:3DAEH         LINE#         180
  C:3DB1H         LINE#         181
  C:3DB5H         LINE#         184
  C:3DD4H         LINE#         186
  C:3DDBH         LINE#         187
  C:3DDBH         LINE#         188
  C:3DDDH         LINE#         189
  C:3DE0H         LINE#         190
  C:3DF9H         LINE#         191
  C:3DF9H         LINE#         192
  C:3DFBH         LINE#         193
  C:3DFDH         LINE#         195
  C:3DFDH         LINE#         196
  C:3DFFH         LINE#         198
  C:3DFFH         LINE#         199
  C:3DFFH         LINE#         200
  C:3DFFH         LINE#         201
  C:3E02H         LINE#         202
  C:3E1BH         LINE#         204
  C:3E3AH         LINE#         207
  C:3E41H         LINE#         209
  C:3E43H         LINE#         210
  C:3E4AH         LINE#         212
  C:3E51H         LINE#         213
  C:3E51H         LINE#         214
  C:3E58H         LINE#         215
  C:3E58H         LINE#         216
  C:3E5BH         LINE#         217
  C:3E5DH         LINE#         218
  C:3E60H         LINE#         220
BL51 BANKED LINKER/LOCATER V6.22                                                      02/25/2019  12:22:08  PAGE 46


  C:3E63H         LINE#         221
  C:3E63H         LINE#         223
  C:3E67H         LINE#         224
  C:3E67H         LINE#         230
  C:3E86H         LINE#         233
  C:3E88H         LINE#         234
  C:3E8BH         LINE#         235
  C:3E90H         LINE#         237
  -------         ENDPROC       _AT25SF041_READ
  -------         PROC          READ_STATUS_REGISTER_BYTE1
  -------         DO            
  D:0003H         SYMBOL        dat
  D:0001H         SYMBOL        opcode
  X:03BDH         SYMBOL        count
  X:03BEH         SYMBOL        i
  -------         ENDDO         
  C:433EH         LINE#         241
  C:433EH         LINE#         242
  C:433EH         LINE#         243
  C:4344H         LINE#         244
  C:4348H         LINE#         245
  C:434AH         LINE#         246
  C:434CH         LINE#         247
  C:4352H         LINE#         251
  C:4359H         LINE#         252
  C:4359H         LINE#         253
  C:435BH         LINE#         254
  C:435EH         LINE#         255
  C:4362H         LINE#         256
  C:4362H         LINE#         257
  C:4364H         LINE#         258
  C:4366H         LINE#         260
  C:4366H         LINE#         261
  C:4368H         LINE#         263
  C:4368H         LINE#         264
  C:4368H         LINE#         265
  C:4368H         LINE#         266
  C:436BH         LINE#         267
  C:436FH         LINE#         270
  C:438EH         LINE#         274
  C:4395H         LINE#         276
  C:4397H         LINE#         277
  C:439EH         LINE#         278
  C:43A5H         LINE#         279
  C:43A5H         LINE#         280
  C:43A9H         LINE#         281
  C:43A9H         LINE#         282
  C:43ACH         LINE#         283
  C:43AEH         LINE#         284
  C:43B1H         LINE#         286
  C:43B4H         LINE#         287
  C:43B4H         LINE#         289
  C:43B8H         LINE#         290
  C:43B8H         LINE#         292
  C:43D7H         LINE#         296
  C:43D9H         LINE#         297
  C:43DCH         LINE#         298
BL51 BANKED LINKER/LOCATER V6.22                                                      02/25/2019  12:22:08  PAGE 47


  C:43DEH         LINE#         299
  -------         ENDPROC       READ_STATUS_REGISTER_BYTE1
  -------         PROC          SPI_NOR_WRITE_DATA
  X:061AH         SYMBOL        dat
  X:0625H         SYMBOL        addr
  C:34F1H         LINE#         301
  C:34F1H         LINE#         302
  C:34F1H         LINE#         304
  C:34F1H         LINE#         305
  C:34F4H         LINE#         307
  C:34F7H         LINE#         308
  C:34FEH         LINE#         309
  C:34FEH         LINE#         310
  C:3501H         LINE#         312
  C:351BH         LINE#         313
  C:3539H         LINE#         315
  C:3540H         LINE#         316
  C:3543H         LINE#         318
  C:355DH         LINE#         319
  C:355DH         LINE#         320
  C:355DH         LINE#         323
  C:3560H         LINE#         325
  C:357AH         LINE#         326
  C:357AH         LINE#         327
  C:357AH         LINE#         329
  C:357DH         LINE#         331
  C:3597H         LINE#         332
  C:3597H         LINE#         333
  C:3597H         LINE#         335
  C:359AH         LINE#         337
  C:35B4H         LINE#         338
  C:35B4H         LINE#         339
  C:35B4H         LINE#         341
  C:35B7H         LINE#         343
  C:35D1H         LINE#         344
  C:35D1H         LINE#         345
  C:35D1H         LINE#         347
  C:35D4H         LINE#         349
  C:35EEH         LINE#         350
  C:35EEH         LINE#         351
  C:35EEH         LINE#         353
  C:35F1H         LINE#         355
  C:360BH         LINE#         356
  C:360BH         LINE#         357
  C:360BH         LINE#         359
  C:360EH         LINE#         361
  C:3628H         LINE#         362
  C:3628H         LINE#         363
  C:3628H         LINE#         365
  C:362BH         LINE#         367
  C:3645H         LINE#         368
  C:3645H         LINE#         369
  C:3645H         LINE#         371
  C:3648H         LINE#         373
  C:3662H         LINE#         374
  C:3669H         LINE#         375
  -------         ENDPROC       SPI_NOR_WRITE_DATA
BL51 BANKED LINKER/LOCATER V6.22                                                      02/25/2019  12:22:08  PAGE 48


  -------         ENDMOD        AT25SF041

  -------         MODULE        ?C_STARTUP
  C:45ADH         SEGMENT       ?C_C51STARTUP
  I:0022H         SEGMENT       ?STACK
  C:0000H         PUBLIC        ?C_STARTUP
  D:00E0H         SYMBOL        ACC
  D:00F0H         SYMBOL        B
  D:0083H         SYMBOL        DPH
  D:0082H         SYMBOL        DPL
  N:0000H         SYMBOL        IBPSTACK
  N:0100H         SYMBOL        IBPSTACKTOP
  N:0080H         SYMBOL        IDATALEN
  C:45B0H         SYMBOL        IDATALOOP
  N:0000H         SYMBOL        PBPSTACK
  N:0100H         SYMBOL        PBPSTACKTOP
  N:0000H         SYMBOL        PDATALEN
  N:0000H         SYMBOL        PDATASTART
  N:0000H         SYMBOL        PPAGE
  N:0000H         SYMBOL        PPAGEENABLE
  D:00A0H         SYMBOL        PPAGE_SFR
  D:0081H         SYMBOL        SP
  C:45ADH         SYMBOL        STARTUP1
  N:0000H         SYMBOL        XBPSTACK
  N:0000H         SYMBOL        XBPSTACKTOP
  N:0000H         SYMBOL        XDATALEN
  N:0000H         SYMBOL        XDATASTART
  C:0000H         LINE#         126
  C:45ADH         LINE#         133
  C:45AFH         LINE#         134
  C:45B0H         LINE#         135
  C:45B1H         LINE#         136
  C:45B3H         LINE#         185
  C:45B6H         LINE#         196
  -------         ENDMOD        ?C_STARTUP

  -------         MODULE        ?C?FPADD
  C:156DH         PUBLIC        ?C?FPADD
  C:1569H         PUBLIC        ?C?FPSUB
  -------         ENDMOD        ?C?FPADD

  -------         MODULE        ?C?FPMUL
  C:165EH         PUBLIC        ?C?FPMUL
  -------         ENDMOD        ?C?FPMUL

  -------         MODULE        ?C?FPDIV
  C:1767H         PUBLIC        ?C?FPDIV
  -------         ENDMOD        ?C?FPDIV

  -------         MODULE        ?C?FPCMP
  C:1806H         PUBLIC        ?C?FPCMP
  C:1804H         PUBLIC        ?C?FPCMP3
  -------         ENDMOD        ?C?FPCMP

  -------         MODULE        ?C?FPNEG
  C:187DH         PUBLIC        ?C?FPNEG
  -------         ENDMOD        ?C?FPNEG
BL51 BANKED LINKER/LOCATER V6.22                                                      02/25/2019  12:22:08  PAGE 49



  -------         MODULE        ?C?FCAST
  C:1898H         PUBLIC        ?C?FCASTC
  C:1893H         PUBLIC        ?C?FCASTI
  C:188EH         PUBLIC        ?C?FCASTL
  -------         ENDMOD        ?C?FCAST

  -------         MODULE        ?C?CASTF
  C:18CCH         PUBLIC        ?C?CASTF
  -------         ENDMOD        ?C?CASTF

  -------         MODULE        ATAN2
  X:04D2H         PUBLIC        ?_atan2?BYTE
  C:43DFH         PUBLIC        _atan2
  -------         ENDMOD        ATAN2

  -------         MODULE        SIN
  C:385CH         PUBLIC        _COS
  C:3872H         PUBLIC        _SIN
  C:38AEH         PUBLIC        _TAN
  -------         ENDMOD        SIN

  -------         MODULE        ACOS
  C:490CH         PUBLIC        _ACOS
  -------         ENDMOD        ACOS

  -------         MODULE        ASIN
  C:4A1AH         PUBLIC        _ASIN
  -------         ENDMOD        ASIN

  -------         MODULE        SQRT
  C:4296H         PUBLIC        _SQRT
  -------         ENDMOD        SQRT

  -------         MODULE        ATAN
  C:3C89H         PUBLIC        _ATAN
  -------         ENDMOD        ATAN

  -------         MODULE        ?C?COPY
  C:1A6AH         PUBLIC        ?C?COPY
  -------         ENDMOD        ?C?COPY

  -------         MODULE        ?C?CLDPTR
  C:1A90H         PUBLIC        ?C?CLDPTR
  -------         ENDMOD        ?C?CLDPTR

  -------         MODULE        ?C?CLDOPTR
  C:1AA9H         PUBLIC        ?C?CLDOPTR
  -------         ENDMOD        ?C?CLDOPTR

  -------         MODULE        ?C?CSTPTR
  C:1AD6H         PUBLIC        ?C?CSTPTR
  -------         ENDMOD        ?C?CSTPTR

  -------         MODULE        ?C?IMUL
  C:1AE8H         PUBLIC        ?C?IMUL
  -------         ENDMOD        ?C?IMUL
BL51 BANKED LINKER/LOCATER V6.22                                                      02/25/2019  12:22:08  PAGE 50



  -------         MODULE        ?C?UIDIV
  C:1AFAH         PUBLIC        ?C?UIDIV
  -------         ENDMOD        ?C?UIDIV

  -------         MODULE        ?C?SIDIV
  C:1B4FH         PUBLIC        ?C?SIDIV
  -------         ENDMOD        ?C?SIDIV

  -------         MODULE        ?C?ILDIX
  C:1B85H         PUBLIC        ?C?ILDIX
  -------         ENDMOD        ?C?ILDIX

  -------         MODULE        ?C?ILDOPTR
  C:1B9BH         PUBLIC        ?C?ILDOPTR
  -------         ENDMOD        ?C?ILDOPTR

  -------         MODULE        ?C?ISTPTR
  C:1BD3H         PUBLIC        ?C?ISTPTR
  -------         ENDMOD        ?C?ISTPTR

  -------         MODULE        ?C?LMUL
  C:1BF2H         PUBLIC        ?C?LMUL
  -------         ENDMOD        ?C?LMUL

  -------         MODULE        ?C?SLDIV
  C:4956H         PUBLIC        ?C?SLDIV
  -------         ENDMOD        ?C?SLDIV

  -------         MODULE        ?C?LNEG
  C:1C41H         PUBLIC        ?C?LNEG
  -------         ENDMOD        ?C?LNEG

  -------         MODULE        ?C?ULCMP
  C:1C4FH         PUBLIC        ?C?ULCMP
  -------         ENDMOD        ?C?ULCMP

  -------         MODULE        ?C?LSHL
  C:1C60H         PUBLIC        ?C?LSHL
  -------         ENDMOD        ?C?LSHL

  -------         MODULE        ?C?LLDPTR
  C:1C73H         PUBLIC        ?C?LLDPTR
  -------         ENDMOD        ?C?LLDPTR

  -------         MODULE        ?C?LLDOPTR
  C:1C93H         PUBLIC        ?C?LLDOPTR
  -------         ENDMOD        ?C?LLDOPTR

  -------         MODULE        ?C?LSTPTR
  C:1CC3H         PUBLIC        ?C?LSTPTR
  -------         ENDMOD        ?C?LSTPTR

  -------         MODULE        ?C?LSTOPTR
  C:1CDDH         PUBLIC        ?C?LSTOPTR
  -------         ENDMOD        ?C?LSTOPTR

BL51 BANKED LINKER/LOCATER V6.22                                                      02/25/2019  12:22:08  PAGE 51


  -------         MODULE        ?C?LLDXDATA
  C:1D01H         PUBLIC        ?C?LLDXDATA
  -------         ENDMOD        ?C?LLDXDATA

  -------         MODULE        ?C?LLDCODE
  C:1D0DH         PUBLIC        ?C?LLDCODE
  -------         ENDMOD        ?C?LLDCODE

  -------         MODULE        ?C?LLDXDATA0
  C:1D1DH         PUBLIC        ?C?LLDXDATA0
  -------         ENDMOD        ?C?LLDXDATA0

  -------         MODULE        ?C?LLDCODE0
  C:1D29H         PUBLIC        ?C?LLDCODE0
  -------         ENDMOD        ?C?LLDCODE0

  -------         MODULE        ?C?LLDPTR0
  C:1D39H         PUBLIC        ?C?LLDPTR0
  -------         ENDMOD        ?C?LLDPTR0

  -------         MODULE        ?C?LSTXDATA
  C:1D59H         PUBLIC        ?C?LSTXDATA
  -------         ENDMOD        ?C?LSTXDATA

  -------         MODULE        ?C?LSTKXDATA
  C:1D65H         PUBLIC        ?C?LSTKXDATA
  -------         ENDMOD        ?C?LSTKXDATA

  -------         MODULE        ?C?LSTKPTR
  C:1D96H         PUBLIC        ?C?LSTKPTR
  -------         ENDMOD        ?C?LSTKPTR

  -------         MODULE        ?C?OFFXADD
  C:1DB0H         PUBLIC        ?C?OFFXADD
  -------         ENDMOD        ?C?OFFXADD

  -------         MODULE        ABS
  C:4D42H         PUBLIC        _ABS
  -------         ENDMOD        ABS

  -------         MODULE        ATOI
  C:3F8CH         PUBLIC        _atoi
  -------         ENDMOD        ATOI

  -------         MODULE        ?C?IILDX
  C:1DBCH         PUBLIC        ?C?IILDX
  -------         ENDMOD        ?C?IILDX

  -------         MODULE        ?C?ULDIV
  C:1E0EH         PUBLIC        ?C?ULDIV
  -------         ENDMOD        ?C?ULDIV

  -------         MODULE        ?C?LLDIDATA
  C:1EA0H         PUBLIC        ?C?LLDIDATA
  -------         ENDMOD        ?C?LLDIDATA

  -------         MODULE        ?C?LLDPDATA
BL51 BANKED LINKER/LOCATER V6.22                                                      02/25/2019  12:22:08  PAGE 52


  C:1EACH         PUBLIC        ?C?LLDPDATA
  -------         ENDMOD        ?C?LLDPDATA

  -------         MODULE        ?C?LLDIDATA0
  C:1EB8H         PUBLIC        ?C?LLDIDATA0
  -------         ENDMOD        ?C?LLDIDATA0

  -------         MODULE        ?C?LLDPDATA0
  C:1EC5H         PUBLIC        ?C?LLDPDATA0
  -------         ENDMOD        ?C?LLDPDATA0

  -------         MODULE        ?C?LSTIDATA
  C:1ED2H         PUBLIC        ?C?LSTIDATA
  -------         ENDMOD        ?C?LSTIDATA

  -------         MODULE        ?C?LSTPDATA
  C:1EDEH         PUBLIC        ?C?LSTPDATA
  -------         ENDMOD        ?C?LSTPDATA

  -------         MODULE        ?C?LSTKIDATA
  C:1EEAH         PUBLIC        ?C?LSTKIDATA
  -------         ENDMOD        ?C?LSTKIDATA

  -------         MODULE        ?C?LSTKPDATA
  C:1F03H         PUBLIC        ?C?LSTKPDATA
  -------         ENDMOD        ?C?LSTKPDATA

  -------         MODULE        ISDIGIT
  C:4D1AH         PUBLIC        _isdigit
  -------         ENDMOD        ISDIGIT

  -------         MODULE        ISSPACE
  C:4CB5H         PUBLIC        _isspace
  -------         ENDMOD        ISSPACE

*** WARNING L16: UNCALLED SEGMENT, IGNORED FOR OVERLAY PROCESS
    SEGMENT: ?PR?_DISPLAY_PROX?MAIN

*** WARNING L16: UNCALLED SEGMENT, IGNORED FOR OVERLAY PROCESS
    SEGMENT: ?PR?_DAY_OF_YEAR?PCF85063BTL

*** WARNING L16: UNCALLED SEGMENT, IGNORED FOR OVERLAY PROCESS
    SEGMENT: ?PR?INITUART1?UART1

*** WARNING L16: UNCALLED SEGMENT, IGNORED FOR OVERLAY PROCESS
    SEGMENT: ?PR?_SENDSTRING?UART1

*** WARNING L16: UNCALLED SEGMENT, IGNORED FOR OVERLAY PROCESS
    SEGMENT: ?PR?_TEN?UART1

*** WARNING L16: UNCALLED SEGMENT, IGNORED FOR OVERLAY PROCESS
    SEGMENT: ?PR?_UNIT?UART1

*** WARNING L16: UNCALLED SEGMENT, IGNORED FOR OVERLAY PROCESS
    SEGMENT: ?PR?_DECTOBCD?UART1

*** WARNING L16: UNCALLED SEGMENT, IGNORED FOR OVERLAY PROCESS
BL51 BANKED LINKER/LOCATER V6.22                                                      02/25/2019  12:22:08  PAGE 53


    SEGMENT: ?PR?_ASCII_LETTER?UART1

*** WARNING L16: UNCALLED SEGMENT, IGNORED FOR OVERLAY PROCESS
    SEGMENT: ?PR?_ASCIITOBCD?UART1

*** WARNING L16: UNCALLED SEGMENT, IGNORED FOR OVERLAY PROCESS
    SEGMENT: ?PR?WAIT?BIPOLARMOTOR

*** WARNING L16: UNCALLED SEGMENT, IGNORED FOR OVERLAY PROCESS
    SEGMENT: ?PR?_FINDDET4X4?BIPOLARMOTOR

*** WARNING L16: UNCALLED SEGMENT, IGNORED FOR OVERLAY PROCESS
    SEGMENT: ?PR?NOP?IOEXPANDER_PI4IOE5V96248

*** WARNING L16: UNCALLED SEGMENT, IGNORED FOR OVERLAY PROCESS
    SEGMENT: ?PR?UC_ACK?IOEXPANDER_PI4IOE5V96248

*** WARNING L16: UNCALLED SEGMENT, IGNORED FOR OVERLAY PROCESS
    SEGMENT: ?PR?UC_NACK?IOEXPANDER_PI4IOE5V96248

*** WARNING L16: UNCALLED SEGMENT, IGNORED FOR OVERLAY PROCESS
    SEGMENT: ?PR?_AT25SF041_READ?AT25SF041

*** WARNING L16: UNCALLED SEGMENT, IGNORED FOR OVERLAY PROCESS
    SEGMENT: ?PR?SPI_NOR_WRITE_DATA?AT25SF041

*** WARNING L1: UNRESOLVED EXTERNAL SYMBOL
    SYMBOL:  AUTO_MODE
    MODULE:  .\Obj\main.obj (MAIN)

*** WARNING L2: REFERENCE MADE TO UNRESOLVED EXTERNAL
    SYMBOL:  AUTO_MODE
    MODULE:  .\Obj\main.obj (MAIN)
    ADDRESS: 0B3BH

*** WARNING L2: REFERENCE MADE TO UNRESOLVED EXTERNAL
    SYMBOL:  AUTO_MODE
    MODULE:  .\Obj\main.obj (MAIN)
    ADDRESS: 0CB0H

*** WARNING L2: REFERENCE MADE TO UNRESOLVED EXTERNAL
    SYMBOL:  AUTO_MODE
    MODULE:  .\Obj\main.obj (MAIN)
    ADDRESS: 0CBEH

*** WARNING L2: REFERENCE MADE TO UNRESOLVED EXTERNAL
    SYMBOL:  AUTO_MODE
    MODULE:  .\Obj\main.obj (MAIN)
    ADDRESS: 0CD0H

*** WARNING L2: REFERENCE MADE TO UNRESOLVED EXTERNAL
    SYMBOL:  AUTO_MODE
    MODULE:  .\Obj\main.obj (MAIN)
    ADDRESS: 0D12H

*** WARNING L2: REFERENCE MADE TO UNRESOLVED EXTERNAL
    SYMBOL:  AUTO_MODE
BL51 BANKED LINKER/LOCATER V6.22                                                      02/25/2019  12:22:08  PAGE 54


    MODULE:  .\Obj\main.obj (MAIN)
    ADDRESS: 0DE5H

*** WARNING L1: UNRESOLVED EXTERNAL SYMBOL
    SYMBOL:  _SENDUART1
    MODULE:  .\Obj\UART1.obj (UART1)

*** WARNING L2: REFERENCE MADE TO UNRESOLVED EXTERNAL
    SYMBOL:  _SENDUART1
    MODULE:  .\Obj\UART1.obj (UART1)
    ADDRESS: 4A83H

*** WARNING L1: UNRESOLVED EXTERNAL SYMBOL
    SYMBOL:  AUTO_MODE
    MODULE:  .\Obj\KeyPad.obj (KEYPAD)

*** WARNING L2: REFERENCE MADE TO UNRESOLVED EXTERNAL
    SYMBOL:  AUTO_MODE
    MODULE:  .\Obj\KeyPad.obj (KEYPAD)
    ADDRESS: 30CDH

*** WARNING L2: REFERENCE MADE TO UNRESOLVED EXTERNAL
    SYMBOL:  AUTO_MODE
    MODULE:  .\Obj\KeyPad.obj (KEYPAD)
    ADDRESS: 30D8H

*** WARNING L2: REFERENCE MADE TO UNRESOLVED EXTERNAL
    SYMBOL:  AUTO_MODE
    MODULE:  .\Obj\KeyPad.obj (KEYPAD)
    ADDRESS: 30DFH

Program Size: data=10.2 xdata=1607 code=19828
LINK/LOCATE RUN COMPLETE.  29 WARNING(S),  0 ERROR(S)
