BL51 BANKED LINKER/LOCATER V6.22                                                        06/10/2019  12:50:39  PAGE 1


BL51 BANKED LINKER/LOCATER V6.22, INVOKED BY:
C:\KEIL_V5\C51\BIN\BL51.EXE .\Obj\main.obj, .\Obj\PCF85063BTL.obj, .\Obj\LCd_Driver_SPLC780D.obj, .\Obj\KeyPad.obj, .\Ob
>> j\BipolarMotor.obj, .\Obj\SunPos.obj, .\Obj\ADC.obj, .\Obj\Calibration.obj, .\Obj\IOExpander_PI4IOE5V96248.obj, .\Obj
>> \AT25SF041.obj, .\Obj\SI1120.obj, .\Obj\UART1.obj, .\Obj\STARTUP.obj TO .\Obj\GPIO_RTC_Test PRINT (.\Lis\GPIO_RTC_Tes
>> t.m51) RAMSIZE (256)


MEMORY MODEL: LARGE WITH FLOATING POINT ARITHMETIC


INPUT MODULES INCLUDED:
  .\Obj\main.obj (MAIN)
  .\Obj\PCF85063BTL.obj (PCF85063BTL)
  .\Obj\LCd_Driver_SPLC780D.obj (LCD_DRIVER_SPLC780D)
  .\Obj\KeyPad.obj (KEYPAD)
  .\Obj\BipolarMotor.obj (BIPOLARMOTOR)
  .\Obj\SunPos.obj (SUNPOS)
  .\Obj\ADC.obj (ADC)
  .\Obj\Calibration.obj (CALIBRATION)
  .\Obj\IOExpander_PI4IOE5V96248.obj (IOEXPANDER_PI4IOE5V96248)
  .\Obj\AT25SF041.obj (AT25SF041)
  .\Obj\SI1120.obj (SI1120)
  .\Obj\UART1.obj (UART1)
  .\Obj\STARTUP.obj (?C_STARTUP)
  C:\KEIL_V5\C51\LIB\C51FPL.LIB (?C?FPADD)
  C:\KEIL_V5\C51\LIB\C51FPL.LIB (?C?FPMUL)
  C:\KEIL_V5\C51\LIB\C51FPL.LIB (?C?FPDIV)
  C:\KEIL_V5\C51\LIB\C51FPL.LIB (?C?FPCMP)
  C:\KEIL_V5\C51\LIB\C51FPL.LIB (?C?FPNEG)
  C:\KEIL_V5\C51\LIB\C51FPL.LIB (?C?FCAST)
  C:\KEIL_V5\C51\LIB\C51FPL.LIB (?C?CASTF)
  C:\KEIL_V5\C51\LIB\C51FPL.LIB (PRINTF)
  C:\KEIL_V5\C51\LIB\C51FPL.LIB (FABS)
  C:\KEIL_V5\C51\LIB\C51FPL.LIB (ATAN2)
  C:\KEIL_V5\C51\LIB\C51FPL.LIB (SIN)
  C:\KEIL_V5\C51\LIB\C51FPL.LIB (ACOS)
  C:\KEIL_V5\C51\LIB\C51FPL.LIB (ASIN)
  C:\KEIL_V5\C51\LIB\C51FPL.LIB (POW)
  C:\KEIL_V5\C51\LIB\C51FPL.LIB (?C?FPGETOPN)
  C:\KEIL_V5\C51\LIB\C51FPL.LIB (?C?CHKFLOAT)
  C:\KEIL_V5\C51\LIB\C51FPL.LIB (?C?FPROUND)
  C:\KEIL_V5\C51\LIB\C51FPL.LIB (?C?FPCONVERT)
  C:\KEIL_V5\C51\LIB\C51FPL.LIB (?C?FPSERIES)
  C:\KEIL_V5\C51\LIB\C51FPL.LIB (EXP)
  C:\KEIL_V5\C51\LIB\C51FPL.LIB (LOG)
  C:\KEIL_V5\C51\LIB\C51FPL.LIB (SQRT)
  C:\KEIL_V5\C51\LIB\C51FPL.LIB (ATAN)
  C:\KEIL_V5\C51\LIB\C51FPL.LIB (?C?FTNPWR)
  C:\KEIL_V5\C51\LIB\C51L.LIB (?C_INIT)
  C:\KEIL_V5\C51\LIB\C51L.LIB (?C?COPY)
  C:\KEIL_V5\C51\LIB\C51L.LIB (?C?CLDPTR)
  C:\KEIL_V5\C51\LIB\C51L.LIB (?C?CLDOPTR)
  C:\KEIL_V5\C51\LIB\C51L.LIB (?C?CSTPTR)
  C:\KEIL_V5\C51\LIB\C51L.LIB (?C?IMUL)
  C:\KEIL_V5\C51\LIB\C51L.LIB (?C?UIDIV)
  C:\KEIL_V5\C51\LIB\C51L.LIB (?C?SIDIV)
  C:\KEIL_V5\C51\LIB\C51L.LIB (?C?ILDIX)
  C:\KEIL_V5\C51\LIB\C51L.LIB (?C?ILDOPTR)
BL51 BANKED LINKER/LOCATER V6.22                                                      06/10/2019  12:50:39  PAGE 2


  C:\KEIL_V5\C51\LIB\C51L.LIB (?C?ISTPTR)
  C:\KEIL_V5\C51\LIB\C51L.LIB (?C?LMUL)
  C:\KEIL_V5\C51\LIB\C51L.LIB (?C?SLDIV)
  C:\KEIL_V5\C51\LIB\C51L.LIB (?C?LNEG)
  C:\KEIL_V5\C51\LIB\C51L.LIB (?C?ULCMP)
  C:\KEIL_V5\C51\LIB\C51L.LIB (?C?LSHL)
  C:\KEIL_V5\C51\LIB\C51L.LIB (?C?LLDPTR)
  C:\KEIL_V5\C51\LIB\C51L.LIB (?C?LLDOPTR)
  C:\KEIL_V5\C51\LIB\C51L.LIB (?C?LSTPTR)
  C:\KEIL_V5\C51\LIB\C51L.LIB (?C?LSTOPTR)
  C:\KEIL_V5\C51\LIB\C51L.LIB (?C?LLDXDATA)
  C:\KEIL_V5\C51\LIB\C51L.LIB (?C?LLDCODE)
  C:\KEIL_V5\C51\LIB\C51L.LIB (?C?LLDXDATA0)
  C:\KEIL_V5\C51\LIB\C51L.LIB (?C?LLDCODE0)
  C:\KEIL_V5\C51\LIB\C51L.LIB (?C?LLDPTR0)
  C:\KEIL_V5\C51\LIB\C51L.LIB (?C?LSTXDATA)
  C:\KEIL_V5\C51\LIB\C51L.LIB (?C?LSTKXDATA)
  C:\KEIL_V5\C51\LIB\C51L.LIB (?C?LSTKPTR)
  C:\KEIL_V5\C51\LIB\C51L.LIB (?C?OFFXADD)
  C:\KEIL_V5\C51\LIB\C51L.LIB (?C?PLDIXDATA)
  C:\KEIL_V5\C51\LIB\C51L.LIB (?C?PSTXDATA)
  C:\KEIL_V5\C51\LIB\C51L.LIB (?C?CCASE)
  C:\KEIL_V5\C51\LIB\C51L.LIB (PUTCHAR)
  C:\KEIL_V5\C51\LIB\C51L.LIB (ABS)
  C:\KEIL_V5\C51\LIB\C51L.LIB (ATOI)
  C:\KEIL_V5\C51\LIB\C51L.LIB (?C?IILDX)
  C:\KEIL_V5\C51\LIB\C51L.LIB (?C?ULDIV)
  C:\KEIL_V5\C51\LIB\C51L.LIB (?C?LLDIDATA)
  C:\KEIL_V5\C51\LIB\C51L.LIB (?C?LLDPDATA)
  C:\KEIL_V5\C51\LIB\C51L.LIB (?C?LLDIDATA0)
  C:\KEIL_V5\C51\LIB\C51L.LIB (?C?LLDPDATA0)
  C:\KEIL_V5\C51\LIB\C51L.LIB (?C?LSTIDATA)
  C:\KEIL_V5\C51\LIB\C51L.LIB (?C?LSTPDATA)
  C:\KEIL_V5\C51\LIB\C51L.LIB (?C?LSTKIDATA)
  C:\KEIL_V5\C51\LIB\C51L.LIB (?C?LSTKPDATA)
  C:\KEIL_V5\C51\LIB\C51L.LIB (ISDIGIT)
  C:\KEIL_V5\C51\LIB\C51L.LIB (ISSPACE)


LINK MAP OF MODULE:  .\Obj\GPIO_RTC_Test (MAIN)


            TYPE    BASE      LENGTH    RELOCATION   SEGMENT NAME
            -----------------------------------------------------

            * * * * * * *   D A T A   M E M O R Y   * * * * * * *
            REG     0000H     0008H     ABSOLUTE     "REG BANK 0"
            DATA    0008H     0005H     UNIT         _DATA_GROUP_
                    000DH     0013H                  *** GAP ***
            BIT     0020H.0   0001H.2   UNIT         _BIT_GROUP_
            BIT     0021H.2   0000H.1   UNIT         ?BI?MAIN
            BIT     0021H.3   0000H.1   UNIT         ?BI?_ATOI?ATOI
                    0021H.4   0000H.4                *** GAP ***
            IDATA   0022H     0001H     UNIT         ?STACK

            * * * * * * *  X D A T A   M E M O R Y  * * * * * * *
            XDATA   0000H     03BCH     UNIT         ?XD?BIPOLARMOTOR
BL51 BANKED LINKER/LOCATER V6.22                                                      06/10/2019  12:50:39  PAGE 3


            XDATA   03BCH     0156H     UNIT         _XDATA_GROUP_
            XDATA   0512H     0108H     UNIT         ?XD?MAIN
            XDATA   061AH     0019H     UNIT         ?XD?KEYPAD
            XDATA   0633H     000EH     UNIT         ?XD?SPI_NOR_WRITE_DATA?AT25SF041
            XDATA   0641H     0008H     UNIT         ?XD?_AT25SF041_READ?AT25SF041
            XDATA   0649H     0005H     UNIT         ?XD?_ATOI?ATOI
            XDATA   064EH     0001H     UNIT         ?XD?UC_ACK?IOEXPANDER_PI4IOE5V96248
            XDATA   064FH     0001H     UNIT         ?XD?UC_NACK?IOEXPANDER_PI4IOE5V96248

            * * * * * * *   C O D E   M E M O R Y   * * * * * * *
            CODE    0000H     0003H     ABSOLUTE     
            CODE    0003H     0003H     ABSOLUTE     
            CODE    0006H     0005H     UNIT         ?PR?_UNIT?UART1
            CODE    000BH     0003H     ABSOLUTE     
            CODE    000EH     000DH     UNIT         ?PR?UART?MAIN
            CODE    001BH     0003H     ABSOLUTE     
            CODE    001EH     0005H     UNIT         ?PR?_ASCII_LETTER?UART1
            CODE    0023H     0003H     ABSOLUTE     
            CODE    0026H     0D92H     UNIT         ?PR?MAIN?MAIN
            CODE    0DB8H     0BC8H     UNIT         ?C?LIB_CODE
            CODE    1980H     07A2H     UNIT         ?PR?SUNPOS?SUNPOS
            CODE    2122H     0631H     UNIT         ?PR?_UPDATE_POSITION?BIPOLARMOTOR
            CODE    2753H     0526H     UNIT         ?PR?_FIND_REAL_MAX?CALIBRATION
            CODE    2C79H     04FBH     UNIT         ?PR?_THEORICALJP_POSITION?BIPOLARMOTOR
            CODE    3174H     0483H     UNIT         ?PR?PRINTF?PRINTF
            CODE    35F7H     040EH     UNIT         ?C_INITSEG
            CODE    3A05H     038CH     UNIT         ?PR?KEY_PROCESS?KEYPAD
            CODE    3D91H     0380H     UNIT         ?PR?_ELEVATION_CALCULATION?BIPOLARMOTOR
            CODE    4111H     01C7H     UNIT         ?PR?_CALIBRATION?CALIBRATION
            CODE    42D8H     018DH     UNIT         ?PR?KEY_SCAN?KEYPAD
            CODE    4465H     0189H     UNIT         ?PR?SPI_NOR_WRITE_DATA?AT25SF041
            CODE    45EEH     0188H     UNIT         ?PR?SIN?SIN
            CODE    4776H     0166H     UNIT         ?PR?_POW?POW
            CODE    48DCH     0155H     UNIT         ?PR?_DISPLAY_POS?LCD_DRIVER_SPLC780D
            CODE    4A31H     0129H     UNIT         ?PR?LOG?LOG
            CODE    4B5AH     0122H     UNIT         ?PR?ATAN?ATAN
            CODE    4C7CH     0110H     UNIT         ?PR?_AT25SF041_READ?AT25SF041
            CODE    4D8CH     0102H     UNIT         ?PR?_AT25SF041_WRITE?AT25SF041
            CODE    4E8EH     00F5H     UNIT         ?PR?EXINT0?MAIN
            CODE    4F83H     00DBH     UNIT         ?PR?_ATOI?ATOI
            CODE    505EH     00C3H     UNIT         ?PR?LINEAR_INTERPOLATE?BIPOLARMOTOR
            CODE    5121H     00BBH     UNIT         ?PR?VOLTAGE_IS_STABLE?CALIBRATION
            CODE    51DCH     00ADH     UNIT         ?PR?_WRITE_PI4IOE5V96248?IOEXPANDER_PI4IOE5V96248
            CODE    5289H     00ACH     UNIT         ?PR?SQRT?SQRT
            CODE    5335H     00A1H     UNIT         ?PR?UCREAD_STATUS_REGISTER_BYTE1?AT25SF041
            CODE    53D6H     009DH     UNIT         ?PR?_ATAN2?ATAN2
            CODE    5473H     009CH     UNIT         ?PR?_MAX_VALUE?CALIBRATION
            CODE    550FH     009AH     UNIT         ?PR?EXP?EXP
            CODE    55A9H     008CH     UNIT         ?C_C51STARTUP
            CODE    5635H     0088H     UNIT         ?PR?_DAY_OF_YEAR?PCF85063BTL
            CODE    56BDH     0079H     UNIT         ?PR?_WRITEDATA?LCD_DRIVER_SPLC780D
            CODE    5736H     0072H     UNIT         ?PR?AT25SF041_WRITEENABLE?AT25SF041
            CODE    57A8H     006FH     UNIT         ?PR?_READ_TIME?PCF85063BTL
            CODE    5817H     005AH     UNIT         ?PR?AT25SF041_CHIPERASE?AT25SF041
            CODE    5871H     0059H     UNIT         ?PR?LCD_INIT?LCD_DRIVER_SPLC780D
            CODE    58CAH     0057H     UNIT         ?CO?MAIN
            CODE    5921H     004BH     UNIT         ?CO?UART1
BL51 BANKED LINKER/LOCATER V6.22                                                      06/10/2019  12:50:39  PAGE 4


            CODE    596CH     004AH     UNIT         ?PR?VONESTEPMOVE?BIPOLARMOTOR
            CODE    59B6H     004AH     UNIT         ?PR?ACOS?ACOS
            CODE    5A00H     0044H     UNIT         ?C?LDIV
            CODE    5A44H     0040H     UNIT         ?PR?_COMMAND?LCD_DRIVER_SPLC780D
            CODE    5A84H     0040H     UNIT         ?PR?_STEP_MOVE?BIPOLARMOTOR
            CODE    5AC4H     003BH     UNIT         ?PR?ASIN?ASIN
            CODE    5AFFH     0034H     UNIT         ?CO?CALIBRATION
            CODE    5B33H     0033H     UNIT         ?PR?_SENDSTRING?UART1
            CODE    5B66H     0031H     UNIT         ?PR?SI1120_CONFIG_MODE_VIRH?SI1120
            CODE    5B97H     002BH     UNIT         ?PR?_WAIT_MS_I2C?IOEXPANDER_PI4IOE5V96248
            CODE    5BC2H     002BH     UNIT         ?PR?_WAIT_MS_SPINOR?AT25SF041
            CODE    5BEDH     002AH     UNIT         ?PR?_ADC_GETRESULT?ADC
            CODE    5C17H     0028H     UNIT         ?PR?_MOVE?BIPOLARMOTOR
            CODE    5C3FH     0027H     UNIT         ?PR?_I2C_SENDBYTE?IOEXPANDER_PI4IOE5V96248
            CODE    5C66H     0027H     UNIT         ?PR?PUTCHAR?PUTCHAR
            CODE    5C8DH     0025H     UNIT         ?PR?_FINDCLOSESTSAMEDAYCALIBTIME?CALIBRATION
            CODE    5CB2H     0024H     UNIT         ?PR?_WAIT_MS?LCD_DRIVER_SPLC780D
            CODE    5CD6H     0024H     UNIT         ?PR?_UART1_SENDTOTCPSERVER?UART1
            CODE    5CFAH     0021H     UNIT         ?PR?TM0_ISR?MAIN
            CODE    5D1BH     0020H     UNIT         ?PR?_SPI_SENDBYTE?PCF85063BTL
            CODE    5D3BH     0020H     UNIT         ?PR?SPI_RECEIVEBYTE?PCF85063BTL
            CODE    5D5BH     001EH     UNIT         ?PR?_DELAY_MS?KEYPAD
            CODE    5D79H     001DH     UNIT         ?PR?_DISPLAYLCD?LCD_DRIVER_SPLC780D
            CODE    5D96H     001BH     UNIT         ?PR?_BCDTODEC1?BIPOLARMOTOR
            CODE    5DB1H     001AH     UNIT         ?PR?ADC_INIT?ADC
            CODE    5DCBH     0018H     UNIT         ?PR?_SPI_WRITETIME?PCF85063BTL
            CODE    5DE3H     0017H     UNIT         ?PR?_ASCIITOBCD?UART1
            CODE    5DFAH     0016H     UNIT         ?PR?I2C_ACK?IOEXPANDER_PI4IOE5V96248
            CODE    5E10H     0015H     UNIT         ?PR?_DISPLAY_LINE?LCD_DRIVER_SPLC780D
            CODE    5E25H     0015H     UNIT         ?PR?VSETLOCATION?BIPOLARMOTOR
            CODE    5E3AH     0015H     UNIT         ?PR?I2C_STOP?IOEXPANDER_PI4IOE5V96248
            CODE    5E4FH     0014H     UNIT         ?PR?_PCF85063BTL_DELAY?PCF85063BTL
            CODE    5E63H     0014H     UNIT         ?PR?_ISSPACE?ISSPACE
            CODE    5E77H     0011H     UNIT         ?PR?_SPI_READTIME?PCF85063BTL
            CODE    5E88H     0011H     UNIT         ?PR?_BCDTODEC?PCF85063BTL
            CODE    5E99H     0011H     UNIT         ?PR?INITUART1?UART1
            CODE    5EAAH     000FH     UNIT         ?PR?I2C_START?IOEXPANDER_PI4IOE5V96248
            CODE    5EB9H     000FH     UNIT         ?PR?UC_NACK?IOEXPANDER_PI4IOE5V96248
            CODE    5EC8H     000FH     UNIT         ?PR?_ISDIGIT?ISDIGIT
            CODE    5ED7H     000DH     UNIT         ?PR?SPI_INIT?PCF85063BTL
            CODE    5EE4H     000DH     UNIT         ?PR?ENABLE_EXTINT0?SI1120
            CODE    5EF1H     000DH     UNIT         ?PR?_FABS?FABS
            CODE    5EFEH     000CH     UNIT         ?PR?KEYPAD_IO_INIT?KEYPAD
            CODE    5F0AH     000CH     UNIT         ?PR?_ABS?ABS
            CODE    5F16H     000AH     UNIT         ?PR?LCD_RETURN_HOME?LCD_DRIVER_SPLC780D
            CODE    5F20H     000AH     UNIT         ?PR?LCD_CLEAR?LCD_DRIVER_SPLC780D
            CODE    5F2AH     0009H     UNIT         ?PR?TM1_ISR?MAIN
            CODE    5F33H     0009H     UNIT         ?PR?_SENDUART1?MAIN
            CODE    5F3CH     0009H     UNIT         ?PR?UART1_INITTCPCONN?UART1
            CODE    5F45H     0006H     UNIT         ?PR?UC_ACK?IOEXPANDER_PI4IOE5V96248
            CODE    5F4BH     0006H     UNIT         ?PR?_TEN?UART1
            CODE    5F51H     0001H     UNIT         ?PR?NOP?IOEXPANDER_PI4IOE5V96248
            CODE    5F52H     0001H     UNIT         ?PR?_DECTOBCD?UART1



OVERLAY MAP OF MODULE:   .\Obj\GPIO_RTC_Test (MAIN)
BL51 BANKED LINKER/LOCATER V6.22                                                      06/10/2019  12:50:39  PAGE 5




SEGMENT                                             BIT_GROUP          DATA_GROUP          XDATA_GROUP
  +--> CALLED SEGMENT                            START    LENGTH     START    LENGTH     START    LENGTH
--------------------------------------------------------------------------------------------------------
?PR?EXINT0?MAIN                                  -----    -----      -----    -----      -----    -----
  +--> ?PR?_POW?POW

?PR?_POW?POW                                     -----    -----      -----    -----      03BCH    000AH
  +--> ?PR?LOG?LOG
  +--> ?PR?EXP?EXP

?PR?LOG?LOG                                      0020H.0  0000H.1    -----    -----      03C6H    0004H

*** NEW ROOT ***************************************************

?C_C51STARTUP                                    -----    -----      -----    -----      -----    -----
  +--> ?PR?MAIN?MAIN
  +--> ?C_INITSEG

?PR?MAIN?MAIN                                    -----    -----      -----    -----      03CAH    002EH
  +--> ?PR?LCD_INIT?LCD_DRIVER_SPLC780D
  +--> ?PR?SPI_INIT?PCF85063BTL
  +--> ?PR?KEYPAD_IO_INIT?KEYPAD
  +--> ?PR?ADC_INIT?ADC
  +--> ?PR?SI1120_CONFIG_MODE_VIRH?SI1120
  +--> ?PR?ENABLE_EXTINT0?SI1120
  +--> ?PR?VSETLOCATION?BIPOLARMOTOR
  +--> ?PR?_SPI_WRITETIME?PCF85063BTL
  +--> ?PR?_DELAY_MS?KEYPAD
  +--> ?PR?_DISPLAY_LINE?LCD_DRIVER_SPLC780D
  +--> ?PR?_WRITEDATA?LCD_DRIVER_SPLC780D
  +--> ?PR?INITUART1?UART1
  +--> ?PR?UART1_INITTCPCONN?UART1
  +--> ?CO?MAIN
  +--> ?PR?_UART1_SENDTOTCPSERVER?UART1
  +--> ?PR?KEY_PROCESS?KEYPAD
  +--> ?PR?_COMMAND?LCD_DRIVER_SPLC780D
  +--> ?PR?_DISPLAY_POS?LCD_DRIVER_SPLC780D
  +--> ?PR?_DISPLAYLCD?LCD_DRIVER_SPLC780D
  +--> ?PR?_STEP_MOVE?BIPOLARMOTOR
  +--> ?PR?LCD_RETURN_HOME?LCD_DRIVER_SPLC780D
  +--> ?PR?_READ_TIME?PCF85063BTL
  +--> ?PR?_BCDTODEC1?BIPOLARMOTOR
  +--> ?PR?_SENDSTRING?UART1
  +--> ?PR?_ELEVATION_CALCULATION?BIPOLARMOTOR
  +--> ?PR?PRINTF?PRINTF
  +--> ?PR?SIN?SIN
  +--> ?PR?_CALIBRATION?CALIBRATION
  +--> ?PR?_UPDATE_POSITION?BIPOLARMOTOR
  +--> ?PR?AT25SF041_WRITEENABLE?AT25SF041
  +--> ?PR?_AT25SF041_WRITE?AT25SF041
  +--> ?PR?_WAIT_MS_SPINOR?AT25SF041
  +--> ?PR?_ADC_GETRESULT?ADC
  +--> ?PR?_WAIT_MS?LCD_DRIVER_SPLC780D
  +--> ?PR?LINEAR_INTERPOLATE?BIPOLARMOTOR
  +--> ?PR?_FINDCLOSESTSAMEDAYCALIBTIME?CALI...
BL51 BANKED LINKER/LOCATER V6.22                                                      06/10/2019  12:50:39  PAGE 6


  +--> ?PR?LCD_CLEAR?LCD_DRIVER_SPLC780D
  +--> ?PR?AT25SF041_CHIPERASE?AT25SF041

?PR?LCD_INIT?LCD_DRIVER_SPLC780D                 -----    -----      -----    -----      -----    -----
  +--> ?PR?_WAIT_MS?LCD_DRIVER_SPLC780D
  +--> ?PR?_COMMAND?LCD_DRIVER_SPLC780D

?PR?_COMMAND?LCD_DRIVER_SPLC780D                 -----    -----      -----    -----      -----    -----
  +--> ?PR?_WAIT_MS?LCD_DRIVER_SPLC780D

?PR?SI1120_CONFIG_MODE_VIRH?SI1120               -----    -----      -----    -----      -----    -----
  +--> ?PR?_WAIT_MS?LCD_DRIVER_SPLC780D

?PR?_SPI_WRITETIME?PCF85063BTL                   -----    -----      -----    -----      -----    -----
  +--> ?PR?_SPI_SENDBYTE?PCF85063BTL

?PR?_SPI_SENDBYTE?PCF85063BTL                    -----    -----      -----    -----      -----    -----
  +--> ?PR?_PCF85063BTL_DELAY?PCF85063BTL

?PR?_DISPLAY_LINE?LCD_DRIVER_SPLC780D            -----    -----      -----    -----      -----    -----
  +--> ?PR?_COMMAND?LCD_DRIVER_SPLC780D

?PR?_WRITEDATA?LCD_DRIVER_SPLC780D               -----    -----      -----    -----      04EDH    0001H
  +--> ?PR?_WAIT_MS?LCD_DRIVER_SPLC780D

?PR?UART1_INITTCPCONN?UART1                      -----    -----      -----    -----      -----    -----
  +--> ?CO?UART1
  +--> ?PR?_SENDSTRING?UART1

?PR?_SENDSTRING?UART1                            -----    -----      -----    -----      04E2H    0003H
  +--> ?PR?_SENDUART1?MAIN

?PR?_UART1_SENDTOTCPSERVER?UART1                 -----    -----      -----    -----      03F8H    0003H
  +--> ?CO?UART1
  +--> ?PR?_SENDSTRING?UART1
  +--> ?PR?_DELAY_MS?KEYPAD

?PR?KEY_PROCESS?KEYPAD                           -----    -----      -----    -----      03F8H    0006H
  +--> ?PR?KEY_SCAN?KEYPAD
  +--> ?PR?_SPI_WRITETIME?PCF85063BTL
  +--> ?PR?LCD_CLEAR?LCD_DRIVER_SPLC780D
  +--> ?PR?_COMMAND?LCD_DRIVER_SPLC780D
  +--> ?PR?_WRITEDATA?LCD_DRIVER_SPLC780D

?PR?KEY_SCAN?KEYPAD                              -----    -----      -----    -----      03FEH    0003H

?PR?LCD_CLEAR?LCD_DRIVER_SPLC780D                -----    -----      -----    -----      -----    -----
  +--> ?PR?_COMMAND?LCD_DRIVER_SPLC780D

?PR?_DISPLAY_POS?LCD_DRIVER_SPLC780D             -----    -----      -----    -----      04E2H    000BH
  +--> ?PR?_ABS?ABS
  +--> ?PR?_WRITEDATA?LCD_DRIVER_SPLC780D

?PR?_DISPLAYLCD?LCD_DRIVER_SPLC780D              -----    -----      -----    -----      03F8H    0001H
  +--> ?PR?_WRITEDATA?LCD_DRIVER_SPLC780D

?PR?_STEP_MOVE?BIPOLARMOTOR                      0020H.2  0000H.1    -----    -----      04E6H    0004H
BL51 BANKED LINKER/LOCATER V6.22                                                      06/10/2019  12:50:39  PAGE 7


  +--> ?PR?VONESTEPMOVE?BIPOLARMOTOR

?PR?VONESTEPMOVE?BIPOLARMOTOR                    0020H.3  0000H.1    -----    -----      -----    -----
  +--> ?PR?_WRITE_PI4IOE5V96248?IOEXPANDER_P...
  +--> ?PR?_DELAY_MS?KEYPAD

?PR?_WRITE_PI4IOE5V96248?IOEXPANDER_P...         -----    -----      -----    -----      04EAH    0003H
  +--> ?PR?I2C_START?IOEXPANDER_PI4IOE5V96248
  +--> ?PR?_WAIT_MS_I2C?IOEXPANDER_PI4IOE5V9...
  +--> ?PR?_I2C_SENDBYTE?IOEXPANDER_PI4IOE5V...
  +--> ?PR?I2C_ACK?IOEXPANDER_PI4IOE5V96248
  +--> ?PR?I2C_STOP?IOEXPANDER_PI4IOE5V96248

?PR?I2C_START?IOEXPANDER_PI4IOE5V96248           -----    -----      -----    -----      -----    -----
  +--> ?PR?_WAIT_MS_I2C?IOEXPANDER_PI4IOE5V9...

?PR?_I2C_SENDBYTE?IOEXPANDER_PI4IOE5V...         -----    -----      -----    -----      -----    -----
  +--> ?PR?_WAIT_MS_I2C?IOEXPANDER_PI4IOE5V9...

?PR?I2C_ACK?IOEXPANDER_PI4IOE5V96248             -----    -----      -----    -----      04EDH    0001H
  +--> ?PR?_WAIT_MS_I2C?IOEXPANDER_PI4IOE5V9...

?PR?I2C_STOP?IOEXPANDER_PI4IOE5V96248            -----    -----      -----    -----      -----    -----
  +--> ?PR?_WAIT_MS_I2C?IOEXPANDER_PI4IOE5V9...

?PR?LCD_RETURN_HOME?LCD_DRIVER_SPLC780D          -----    -----      -----    -----      -----    -----
  +--> ?PR?_COMMAND?LCD_DRIVER_SPLC780D

?PR?_READ_TIME?PCF85063BTL                       -----    -----      -----    -----      03F8H    000FH
  +--> ?PR?_SPI_READTIME?PCF85063BTL

?PR?_SPI_READTIME?PCF85063BTL                    -----    -----      -----    -----      -----    -----
  +--> ?PR?_SPI_SENDBYTE?PCF85063BTL
  +--> ?PR?SPI_RECEIVEBYTE?PCF85063BTL

?PR?SPI_RECEIVEBYTE?PCF85063BTL                  -----    -----      -----    -----      -----    -----
  +--> ?PR?_PCF85063BTL_DELAY?PCF85063BTL

?PR?_ELEVATION_CALCULATION?BIPOLARMOTOR          -----    -----      -----    -----      03F8H    0005H
  +--> ?PR?_BCDTODEC1?BIPOLARMOTOR
  +--> ?PR?SUNPOS?SUNPOS
  +--> ?PR?SIN?SIN
  +--> ?PR?ASIN?ASIN

?PR?SUNPOS?SUNPOS                                -----    -----      -----    -----      0442H    005DH
  +--> ?PR?SIN?SIN
  +--> ?PR?_ATAN2?ATAN2
  +--> ?PR?ASIN?ASIN
  +--> ?PR?ACOS?ACOS

?PR?SIN?SIN                                      0020H.1  0000H.1    -----    -----      049FH    0004H

?PR?_ATAN2?ATAN2                                 -----    -----      -----    -----      049FH    0008H
  +--> ?PR?ATAN?ATAN

?PR?ATAN?ATAN                                    0020H.1  0000H.2    -----    -----      04A7H    0004H

BL51 BANKED LINKER/LOCATER V6.22                                                      06/10/2019  12:50:39  PAGE 8


?PR?ASIN?ASIN                                    -----    -----      -----    -----      -----    -----
  +--> ?PR?SQRT?SQRT
  +--> ?PR?ATAN?ATAN

?PR?SQRT?SQRT                                    -----    -----      -----    -----      049FH    0004H

?PR?ACOS?ACOS                                    -----    -----      -----    -----      -----    -----
  +--> ?PR?SQRT?SQRT
  +--> ?PR?ATAN?ATAN

?PR?PRINTF?PRINTF                                0020H.1  0001H.1    0008H    0005H      04E2H    0030H
  +--> ?PR?PUTCHAR?PUTCHAR

?PR?_CALIBRATION?CALIBRATION                     -----    -----      -----    -----      03F8H    0024H
  +--> ?PR?VOLTAGE_IS_STABLE?CALIBRATION
  +--> ?PR?_UPDATE_POSITION?BIPOLARMOTOR
  +--> ?PR?_FIND_REAL_MAX?CALIBRATION

?PR?VOLTAGE_IS_STABLE?CALIBRATION                -----    -----      -----    -----      041CH    0018H
  +--> ?PR?_ADC_GETRESULT?ADC
  +--> ?PR?_ABS?ABS

?PR?_UPDATE_POSITION?BIPOLARMOTOR                -----    -----      -----    -----      041CH    0026H
  +--> ?PR?_BCDTODEC1?BIPOLARMOTOR
  +--> ?PR?SUNPOS?SUNPOS
  +--> ?PR?SIN?SIN
  +--> ?PR?ASIN?ASIN
  +--> ?PR?_THEORICALJP_POSITION?BIPOLARMOTOR
  +--> ?PR?_FABS?FABS
  +--> ?PR?_MOVE?BIPOLARMOTOR

?PR?_THEORICALJP_POSITION?BIPOLARMOTOR           -----    -----      -----    -----      0442H    005CH
  +--> ?PR?LINEAR_INTERPOLATE?BIPOLARMOTOR

?PR?LINEAR_INTERPOLATE?BIPOLARMOTOR              -----    -----      -----    -----      049EH    0014H

?PR?_MOVE?BIPOLARMOTOR                           0020H.1  0000H.1    -----    -----      04E2H    0004H
  +--> ?PR?_STEP_MOVE?BIPOLARMOTOR

?PR?_FIND_REAL_MAX?CALIBRATION                   -----    -----      -----    -----      041CH    00C6H
  +--> ?PR?_ADC_GETRESULT?ADC
  +--> ?PR?_WAIT_MS?LCD_DRIVER_SPLC780D
  +--> ?CO?CALIBRATION
  +--> ?PR?PRINTF?PRINTF
  +--> ?PR?_SENDSTRING?UART1
  +--> ?PR?_COMMAND?LCD_DRIVER_SPLC780D
  +--> ?PR?_WRITEDATA?LCD_DRIVER_SPLC780D
  +--> ?PR?_DISPLAY_POS?LCD_DRIVER_SPLC780D
  +--> ?PR?_MOVE?BIPOLARMOTOR
  +--> ?PR?_MAX_VALUE?CALIBRATION

?PR?_MAX_VALUE?CALIBRATION                       -----    -----      -----    -----      04E2H    0004H

?PR?AT25SF041_WRITEENABLE?AT25SF041              -----    -----      -----    -----      03F8H    0002H
  +--> ?PR?_WAIT_MS_SPINOR?AT25SF041
  +--> ?PR?UCREAD_STATUS_REGISTER_BYTE1?AT25...

BL51 BANKED LINKER/LOCATER V6.22                                                      06/10/2019  12:50:39  PAGE 9


?PR?UCREAD_STATUS_REGISTER_BYTE1?AT25...         -----    -----      -----    -----      0400H    0003H
  +--> ?PR?_WAIT_MS_SPINOR?AT25SF041

?PR?_AT25SF041_WRITE?AT25SF041                   -----    -----      -----    -----      03F8H    0008H
  +--> ?PR?_WAIT_MS_SPINOR?AT25SF041
  +--> ?PR?UCREAD_STATUS_REGISTER_BYTE1?AT25...

?PR?AT25SF041_CHIPERASE?AT25SF041                -----    -----      -----    -----      03F8H    0002H
  +--> ?PR?_WAIT_MS_SPINOR?AT25SF041
  +--> ?PR?UCREAD_STATUS_REGISTER_BYTE1?AT25...



SYMBOL TABLE OF MODULE:  .\Obj\GPIO_RTC_Test (MAIN)

  VALUE           TYPE          NAME
  ----------------------------------

  -------         MODULE        MAIN
  C:0000H         SYMBOL        _ICE_DUMMY_
  X:051AH         PUBLIC        calib_value
  D:0080H         PUBLIC        P0
  D:0090H         PUBLIC        P1
  D:00A0H         PUBLIC        P2
  D:00B0H         PUBLIC        P3
  D:00C0H         PUBLIC        P4
  D:00C8H         PUBLIC        P5
  X:056EH         SYMBOL        PressedKey
  B:00A8H.7       PUBLIC        EA
  D:00E8H         PUBLIC        P6
  X:0572H         PUBLIC        calib_stamp
  D:00F8H         PUBLIC        P7
  X:0573H         PUBLIC        sTempString
  X:057AH         PUBLIC        calib_bool
  X:05A4H         PUBLIC        pwm_time_min
  D:00A8H         PUBLIC        IE
  X:05A8H         PUBLIC        calib_time
  X:05FCH         PUBLIC        pwm_time_max
  D:00B8H         PUBLIC        IP
  B:0098H.0       PUBLIC        RI
  B:00B0H.2       PUBLIC        INT0
  X:0600H         PUBLIC        months
  B:0098H.1       PUBLIC        TI
  C:000EH         PUBLIC        Uart
  D:00D8H         PUBLIC        CCON
  C:0026H         PUBLIC        main
  X:0601H         PUBLIC        count
  D:0099H         PUBLIC        SBUF
  X:0603H         PUBLIC        days
  X:0604H         PUBLIC        hours
  D:0098H         PUBLIC        SCON
  D:0089H         PUBLIC        TMOD
  D:0088H         PUBLIC        TCON
  B:00A0H.3       PUBLIC        P23
  X:0605H         SYMBOL        KeyCount
  X:0607H         PUBLIC        mins
  B:00C8H.5       PUBLIC        P55
BL51 BANKED LINKER/LOCATER V6.22                                                      06/10/2019  12:50:39  PAGE 10


  D:008EH         PUBLIC        AUXR
  C:5CFAH         PUBLIC        tm0_isr
  B:0090H.5       PUBLIC        SI1120_STX
  C:5F2AH         PUBLIC        tm1_isr
  B:0021H.2       PUBLIC        busy
  D:00E0H         PUBLIC        ACC
  B:00A8H.1       PUBLIC        ET0
  B:00A8H.3       PUBLIC        ET1
  X:0608H         PUBLIC        SPI_NOR_INTERNAL_FLASH_ADDR
  D:008CH         PUBLIC        TH0
  D:008DH         PUBLIC        TH1
  D:008AH         PUBLIC        TL0
  D:008BH         PUBLIC        TL1
  B:0088H.4       PUBLIC        TR0
  B:0088H.6       PUBLIC        TR1
  C:4E8EH         PUBLIC        exint0
  X:060CH         SYMBOL        KeyNum
  X:060DH         SYMBOL        KeyNum_Old
  X:060EH         PUBLIC        timer0_count
  X:0610H         PUBLIC        current_position
  X:0614H         PUBLIC        pwm_time
  X:0618H         PUBLIC        start_timer0_count
  X:0619H         PUBLIC        seconds
  D:00D0H         PUBLIC        PSW
  C:5F33H         PUBLIC        _SendUART1
  -------         PROC          TM0_ISR
  C:5CFAH         LINE#         100
  C:5D00H         LINE#         104
  C:5D03H         LINE#         105
  C:5D06H         LINE#         106
  C:5D14H         LINE#         107
  -------         ENDPROC       TM0_ISR
  -------         PROC          TM1_ISR
  C:5F2AH         LINE#         108
  C:5F2AH         LINE#         110
  C:5F2CH         LINE#         112
  C:5F2FH         LINE#         113
  C:5F32H         LINE#         114
  -------         ENDPROC       TM1_ISR
  -------         PROC          EXINT0
  C:4E8EH         LINE#         115
  C:4EABH         LINE#         119
  C:4EAEH         LINE#         120
  C:4EAEH         LINE#         121
  C:4EB1H         LINE#         122
  C:4EB4H         LINE#         123
  C:4EB6H         LINE#         124
  C:4EB8H         LINE#         128
  C:4EBBH         LINE#         131
  C:4EBBH         LINE#         132
  C:4EBDH         LINE#         134
  C:4EC9H         LINE#         135
  C:4F23H         LINE#         136
  C:4F61H         LINE#         137
  C:4F68H         LINE#         142
  C:4F68H         LINE#         144
  -------         ENDPROC       EXINT0
BL51 BANKED LINKER/LOCATER V6.22                                                      06/10/2019  12:50:39  PAGE 11


  -------         PROC          MAIN
  -------         DO            
  X:0512H         SYMBOL        KeyCount
  X:0514H         SYMBOL        KeyNum_Old
  X:0515H         SYMBOL        KeyNum
  X:0516H         SYMBOL        PressedKey
  X:03CAH         SYMBOL        prox_flag
  X:03CBH         SYMBOL        iUse_prevday_calib_value
  X:03CDH         SYMBOL        max_ADC_Val_JP
  X:03CFH         SYMBOL        max_ADC_Val
  X:03D1H         SYMBOL        calib_point1
  X:03D9H         SYMBOL        calib_point2
  X:03E1H         SYMBOL        dat_to_store
  X:03ECH         SYMBOL        calib_day
  X:03EEH         SYMBOL        calib_count
  X:03F0H         SYMBOL        theorical_JP_max_pos
  X:03F4H         SYMBOL        elevation
  -------         ENDDO         
  C:0026H         LINE#         146
  C:0026H         LINE#         147
  C:0026H         LINE#         152
  C:002CH         LINE#         153
  C:0031H         LINE#         155
  C:0039H         LINE#         159
  C:003FH         LINE#         160
  C:0049H         LINE#         167
  C:0051H         LINE#         168
  C:0058H         LINE#         169
  C:005EH         LINE#         171
  C:0064H         LINE#         183
  C:0067H         LINE#         184
  C:006AH         LINE#         185
  C:006DH         LINE#         187
  C:0070H         LINE#         190
  C:0073H         LINE#         191
  C:0076H         LINE#         193
  C:0079H         LINE#         195
  C:007CH         LINE#         196
  C:007FH         LINE#         197
  C:0082H         LINE#         198
  C:0084H         LINE#         199
  C:0086H         LINE#         200
  C:0089H         LINE#         201
  C:008BH         LINE#         202
  C:008DH         LINE#         204
  C:008FH         LINE#         205
  C:0096H         LINE#         206
  C:009DH         LINE#         207
  C:00A4H         LINE#         208
  C:00ABH         LINE#         212
  C:00B2H         LINE#         213
  C:00B7H         LINE#         214
  C:00BCH         LINE#         215
  C:00C1H         LINE#         216
  C:00C6H         LINE#         217
  C:00CBH         LINE#         220
  C:00E4H         LINE#         221
BL51 BANKED LINKER/LOCATER V6.22                                                      06/10/2019  12:50:39  PAGE 12


  C:00E4H         LINE#         222
  C:0100H         LINE#         223
  C:0147H         LINE#         224
  C:0158H         LINE#         225
  C:015BH         LINE#         228
  C:0162H         LINE#         231
  C:0165H         LINE#         233
  C:016CH         LINE#         234
  C:0175H         LINE#         237
  C:0175H         LINE#         238
  C:0175H         LINE#         239
  C:0178H         LINE#         249
  C:0178H         LINE#         253
  C:017DH         LINE#         254
  C:0182H         LINE#         256
  C:0187H         LINE#         258
  C:018CH         LINE#         259
  C:0191H         LINE#         262
  C:01A2H         LINE#         264
  C:01A7H         LINE#         265
  C:01ACH         LINE#         267
  C:01B3H         LINE#         268
  C:01BBH         LINE#         269
  C:01C0H         LINE#         270
  C:01C8H         LINE#         271
  C:01CDH         LINE#         272
  C:01D7H         LINE#         273
  C:01DCH         LINE#         274
  C:01E4H         LINE#         276
  C:01ECH         LINE#         277
  C:01F1H         LINE#         278
  C:01FBH         LINE#         279
  C:01FBH         LINE#         280
  C:01FDH         LINE#         281
  C:01FFH         LINE#         282
  C:0209H         LINE#         283
  C:0209H         LINE#         284
  C:020EH         LINE#         285
  C:020EH         LINE#         297
  C:0222H         LINE#         298
  C:0222H         LINE#         299
  C:0237H         LINE#         300
  C:0246H         LINE#         301
  C:0246H         LINE#         302
  C:0259H         LINE#         303
  C:025BH         LINE#         305
  C:025BH         LINE#         306
  C:0277H         LINE#         307
  C:0277H         LINE#         308
  C:027CH         LINE#         309
  C:027CH         LINE#         310
  C:0290H         LINE#         311
  C:0290H         LINE#         314
  C:02A5H         LINE#         315
  C:02B4H         LINE#         316
  C:02B4H         LINE#         317
  C:02C7H         LINE#         318
BL51 BANKED LINKER/LOCATER V6.22                                                      06/10/2019  12:50:39  PAGE 13


  C:02C9H         LINE#         320
  C:02C9H         LINE#         321
  C:02E5H         LINE#         322
  C:02E5H         LINE#         323
  C:02EAH         LINE#         324
  C:02F0H         LINE#         325
  C:02F0H         LINE#         327
  C:0312H         LINE#         328
  C:0312H         LINE#         329
  C:031CH         LINE#         330
  C:0322H         LINE#         331
  C:0329H         LINE#         332
  C:032FH         LINE#         333
  C:0336H         LINE#         334
  C:0336H         LINE#         335
  C:0339H         LINE#         337
  C:0339H         LINE#         342
  C:0374H         LINE#         343
  C:0392H         LINE#         344
  C:0392H         LINE#         346
  C:039BH         LINE#         347
  C:03A2H         LINE#         348
  C:03ABH         LINE#         349
  C:03B2H         LINE#         351
  C:03B2H         LINE#         355
  C:03BFH         LINE#         356
  C:03BFH         LINE#         360
  C:03BFH         LINE#         361
  C:03E7H         LINE#         362
  C:03E7H         LINE#         363
  C:0409H         LINE#         364
  C:0409H         LINE#         366
  C:042FH         LINE#         367
  C:0485H         LINE#         368
  C:048EH         LINE#         369
  C:0495H         LINE#         370
  C:049EH         LINE#         371
  C:04A7H         LINE#         372
  C:04AEH         LINE#         376
  C:04EBH         LINE#         384
  C:04EBH         LINE#         386
  C:0567H         LINE#         387
  C:0580H         LINE#         388
  C:060AH         LINE#         393
  C:063BH         LINE#         394
  C:063BH         LINE#         396
  C:0671H         LINE#         397
  C:0694H         LINE#         398
  C:06A9H         LINE#         401
  C:06A9H         LINE#         402
  C:06ACH         LINE#         404
  C:06ACH         LINE#         406
  C:06B3H         LINE#         407
  C:06B3H         LINE#         408
  C:06B6H         LINE#         409
  C:06D4H         LINE#         410
  C:06DBH         LINE#         411
BL51 BANKED LINKER/LOCATER V6.22                                                      06/10/2019  12:50:39  PAGE 14


  C:06FAH         LINE#         412
  C:0719H         LINE#         414
  C:0795H         LINE#         415
  C:07ADH         LINE#         418
  C:0805H         LINE#         419
  C:0840H         LINE#         420
  C:084DH         LINE#         421
  C:085CH         LINE#         422
  C:085CH         LINE#         442
  C:0887H         LINE#         444
  C:0890H         LINE#         445
  C:0897H         LINE#         446
  C:08A0H         LINE#         447
  C:08A9H         LINE#         448
  C:08B0H         LINE#         450
  C:08EDH         LINE#         452
  C:08F6H         LINE#         453
  C:08FDH         LINE#         454
  C:0906H         LINE#         455
  C:090FH         LINE#         456
  C:0916H         LINE#         458
  C:0941H         LINE#         460
  C:094AH         LINE#         461
  C:0951H         LINE#         462
  C:095AH         LINE#         463
  C:0963H         LINE#         464
  C:096AH         LINE#         466
  C:0995H         LINE#         468
  C:099EH         LINE#         469
  C:09A5H         LINE#         470
  C:09AEH         LINE#         471
  C:09B7H         LINE#         472
  C:09B9H         LINE#         474
  C:09C7H         LINE#         475
  C:09C7H         LINE#         476
  C:09CFH         LINE#         478
  C:09CFH         LINE#         481
  C:09CFH         LINE#         482
  C:09DCH         LINE#         483
  C:09DCH         LINE#         484
  C:09FEH         LINE#         485
  C:09FEH         LINE#         486
  C:0A7AH         LINE#         487
  C:0ACFH         LINE#         488
  C:0ACFH         LINE#         490
  C:0AD2H         LINE#         494
  C:0AD2H         LINE#         497
  C:0AF4H         LINE#         498
  C:0AF4H         LINE#         499
  C:0B70H         LINE#         501
  C:0B9DH         LINE#         502
  C:0BB8H         LINE#         503
  C:0BE5H         LINE#         504
  C:0C18H         LINE#         505
  C:0C18H         LINE#         506
  C:0C42H         LINE#         507
  C:0CDBH         LINE#         508
BL51 BANKED LINKER/LOCATER V6.22                                                      06/10/2019  12:50:39  PAGE 15


  C:0CDDH         LINE#         510
  C:0CDDH         LINE#         511
  C:0D40H         LINE#         512
  C:0D40H         LINE#         516
  C:0D40H         LINE#         518
  C:0D40H         LINE#         519
  C:0D40H         LINE#         521
  C:0D40H         LINE#         524
  C:0D5CH         LINE#         525
  C:0D60H         LINE#         527
  C:0D62H         LINE#         530
  C:0D71H         LINE#         531
  C:0D71H         LINE#         532
  C:0D74H         LINE#         533
  C:0D7BH         LINE#         534
  C:0D80H         LINE#         535
  C:0D85H         LINE#         536
  C:0D8AH         LINE#         537
  C:0D8FH         LINE#         538
  C:0D94H         LINE#         548
  C:0D97H         LINE#         550
  C:0D9AH         LINE#         551
  C:0DA1H         LINE#         552
  C:0DABH         LINE#         553
  C:0DB2H         LINE#         555
  C:0DB5H         LINE#         564
  C:0DB5H         LINE#         565
  -------         ENDPROC       MAIN
  -------         PROC          UART
  C:000EH         LINE#         579
  C:000EH         LINE#         581
  C:0011H         LINE#         582
  C:0011H         LINE#         583
  C:0013H         LINE#         585
  C:0013H         LINE#         586
  C:0016H         LINE#         587
  C:0016H         LINE#         588
  C:0018H         LINE#         589
  C:001AH         LINE#         590
  C:001AH         LINE#         591
  -------         ENDPROC       UART
  -------         PROC          _SENDUART1
  D:0007H         SYMBOL        dat
  C:5F33H         LINE#         593
  C:5F33H         LINE#         594
  C:5F33H         LINE#         595
  C:5F36H         LINE#         596
  C:5F38H         LINE#         597
  C:5F39H         LINE#         598
  C:5F3BH         LINE#         599
  -------         ENDPROC       _SENDUART1
  -------         ENDMOD        MAIN

  -------         MODULE        PCF85063BTL
  C:0000H         SYMBOL        _ICE_DUMMY_
  D:0096H         PUBLIC        P2M0
  D:0080H         PUBLIC        P0
BL51 BANKED LINKER/LOCATER V6.22                                                      06/10/2019  12:50:39  PAGE 16


  D:0095H         PUBLIC        P2M1
  D:0090H         PUBLIC        P1
  D:00A0H         PUBLIC        P2
  D:00B0H         PUBLIC        P3
  D:00C0H         PUBLIC        P4
  D:00C8H         PUBLIC        P5
  D:00E8H         PUBLIC        P6
  B:00A0H.1       PUBLIC        PCF85063BTL_SDI
  D:00F8H         PUBLIC        P7
  B:00A0H.2       PUBLIC        PCF85063BTL_SCK
  B:00A0H.1       PUBLIC        PCF85063BTL_SDO
  D:00A8H         PUBLIC        IE
  C:57A8H         PUBLIC        _Read_time
  C:5E55H         PUBLIC        _PCF85063BTL_Delay
  D:00B8H         PUBLIC        IP
  D:00D8H         PUBLIC        CCON
  C:5635H         PUBLIC        _Day_Of_Year
  C:5D3BH         PUBLIC        SPI_ReceiveByte
  D:0098H         PUBLIC        SCON
  D:0088H         PUBLIC        TCON
  C:5E88H         PUBLIC        _BCDtoDec
  B:00A0H.0       PUBLIC        PCF85063BTL_CS
  C:5E77H         PUBLIC        _SPI_ReadTime
  C:5ED7H         PUBLIC        SPI_Init
  C:5DCBH         PUBLIC        _SPI_WriteTime
  C:5D1BH         PUBLIC        _SPI_SendByte
  D:00D0H         PUBLIC        PSW
  C:5E51H         SYMBOL        L?0048
  -------         PROC          L?0047
  -------         ENDPROC       L?0047
  C:5E51H         SYMBOL        L?0048
  -------         PROC          _PCF85063BTL_DELAY
  D:0006H         SYMBOL        us
  C:5E55H         LINE#         8
  C:5E55H         LINE#         9
  C:5E55H         LINE#         10
  C:5E5FH         LINE#         11
  C:5E5FH         LINE#         12
  C:5E60H         LINE#         13
  C:5E62H         LINE#         14
  -------         ENDPROC       _PCF85063BTL_DELAY
  -------         PROC          _SPI_SENDBYTE
  D:0005H         SYMBOL        dat
  -------         DO            
  D:0003H         SYMBOL        i
  -------         ENDDO         
  C:5D1BH         LINE#         17
  C:5D1DH         LINE#         18
  C:5D1DH         LINE#         20
  C:5D1FH         LINE#         21
  C:5D1FH         LINE#         22
  C:5D21H         LINE#         23
  C:5D25H         LINE#         24
  C:5D25H         LINE#         25
  C:5D27H         LINE#         26
  C:5D29H         LINE#         28
  C:5D29H         LINE#         29
BL51 BANKED LINKER/LOCATER V6.22                                                      06/10/2019  12:50:39  PAGE 17


  C:5D2BH         LINE#         30
  C:5D2BH         LINE#         31
  C:5D2EH         LINE#         32
  C:5D2EH         LINE#         33
  C:5D31H         LINE#         34
  C:5D35H         LINE#         35
  C:5D3AH         LINE#         36
  -------         ENDPROC       _SPI_SENDBYTE
  -------         PROC          SPI_RECEIVEBYTE
  -------         DO            
  D:0003H         SYMBOL        i
  D:0005H         SYMBOL        dat
  -------         ENDDO         
  C:5D3BH         LINE#         39
  C:5D3BH         LINE#         40
  C:5D3BH         LINE#         42
  C:5D3DH         LINE#         44
  C:5D3FH         LINE#         45
  C:5D40H         LINE#         46
  C:5D40H         LINE#         47
  C:5D44H         LINE#         48
  C:5D46H         LINE#         49
  C:5D49H         LINE#         51
  C:5D4CH         LINE#         52
  C:5D4CH         LINE#         53
  C:5D50H         LINE#         54
  C:5D50H         LINE#         55
  C:5D50H         LINE#         56
  C:5D53H         LINE#         57
  C:5D58H         LINE#         58
  C:5D5AH         LINE#         59
  -------         ENDPROC       SPI_RECEIVEBYTE
  -------         PROC          _SPI_READTIME
  D:0007H         SYMBOL        addr
  -------         DO            
  D:0006H         SYMBOL        dat
  -------         ENDDO         
  C:5E77H         LINE#         61
  C:5E77H         LINE#         62
  C:5E77H         LINE#         64
  C:5E79H         LINE#         65
  C:5E7BH         LINE#         66
  C:5E82H         LINE#         67
  C:5E85H         LINE#         68
  C:5E87H         LINE#         69
  C:5E87H         LINE#         70
  -------         ENDPROC       _SPI_READTIME
  -------         PROC          _SPI_WRITETIME
  D:0002H         SYMBOL        val
  D:0005H         SYMBOL        addr
  C:5DCBH         LINE#         71
  C:5DCDH         LINE#         72
  C:5DCDH         LINE#         74
  C:5DCFH         LINE#         75
  C:5DD6H         LINE#         76
  C:5DDBH         LINE#         77
  C:5DE0H         LINE#         78
BL51 BANKED LINKER/LOCATER V6.22                                                      06/10/2019  12:50:39  PAGE 18


  C:5DE2H         LINE#         79
  -------         ENDPROC       _SPI_WRITETIME
  -------         PROC          SPI_INIT
  C:5ED7H         LINE#         83
  C:5ED7H         LINE#         84
  C:5ED7H         LINE#         89
  C:5EDAH         LINE#         90
  C:5EDDH         LINE#         91
  C:5EDFH         LINE#         92
  C:5EE1H         LINE#         93
  C:5EE3H         LINE#         94
  -------         ENDPROC       SPI_INIT
  -------         PROC          _READ_TIME
  X:03F8H         SYMBOL        months
  X:03FBH         SYMBOL        days
  X:03FEH         SYMBOL        hours
  X:0401H         SYMBOL        mins
  X:0404H         SYMBOL        seconds
  C:57A8H         LINE#         96
  C:57B3H         LINE#         97
  C:57B3H         LINE#         99
  C:57C7H         LINE#         101
  C:57DBH         LINE#         103
  C:57EFH         LINE#         108
  C:5803H         LINE#         113
  -------         ENDPROC       _READ_TIME
  -------         PROC          _BCDTODEC
  D:0007H         SYMBOL        bcd
  -------         DO            
  D:0006H         SYMBOL        hi
  D:0007H         SYMBOL        lo
  -------         ENDDO         
  C:5E88H         LINE#         119
  C:5E88H         LINE#         120
  C:5E88H         LINE#         122
  C:5E8DH         LINE#         123
  C:5E91H         LINE#         124
  C:5E98H         LINE#         125
  -------         ENDPROC       _BCDTODEC
  -------         PROC          _DAY_OF_YEAR
  D:0007H         SYMBOL        months_bcd
  D:0005H         SYMBOL        days_bcd
  -------         DO            
  D:0004H         SYMBOL        months
  D:0007H         SYMBOL        days
  -------         ENDDO         
  C:5635H         LINE#         126
  C:5635H         LINE#         127
  C:5635H         LINE#         130
  C:563AH         LINE#         132
  C:563FH         LINE#         134
  C:5678H         LINE#         135
  C:5678H         LINE#         136
  C:5678H         LINE#         137
  C:567BH         LINE#         138
  C:567BH         LINE#         139
  C:567BH         LINE#         140
BL51 BANKED LINKER/LOCATER V6.22                                                      06/10/2019  12:50:39  PAGE 19


  C:5680H         LINE#         141
  C:5680H         LINE#         142
  C:5680H         LINE#         143
  C:5685H         LINE#         144
  C:5685H         LINE#         145
  C:5685H         LINE#         146
  C:568AH         LINE#         147
  C:568AH         LINE#         148
  C:568AH         LINE#         149
  C:568FH         LINE#         150
  C:568FH         LINE#         151
  C:568FH         LINE#         152
  C:5694H         LINE#         153
  C:5694H         LINE#         154
  C:5694H         LINE#         155
  C:5699H         LINE#         156
  C:5699H         LINE#         157
  C:5699H         LINE#         158
  C:569EH         LINE#         159
  C:569EH         LINE#         160
  C:569EH         LINE#         161
  C:56A6H         LINE#         162
  C:56A6H         LINE#         163
  C:56A6H         LINE#         164
  C:56ABH         LINE#         165
  C:56ABH         LINE#         166
  C:56ABH         LINE#         167
  C:56B0H         LINE#         168
  C:56B0H         LINE#         169
  C:56B0H         LINE#         170
  C:56B9H         LINE#         171
  C:56B9H         LINE#         172
  C:56B9H         LINE#         173
  C:56BCH         LINE#         174
  C:56BCH         LINE#         175
  -------         ENDPROC       _DAY_OF_YEAR
  -------         ENDMOD        PCF85063BTL

  -------         MODULE        LCD_DRIVER_SPLC780D
  C:0000H         SYMBOL        _ICE_DUMMY_
  D:0092H         PUBLIC        P1M0
  D:0091H         PUBLIC        P1M1
  D:0080H         PUBLIC        P0
  D:0090H         PUBLIC        P1
  D:00A0H         PUBLIC        P2
  D:00B0H         PUBLIC        P3
  D:00C0H         PUBLIC        P4
  D:00C8H         PUBLIC        P5
  D:00E8H         PUBLIC        P6
  D:00F8H         PUBLIC        P7
  C:56C1H         PUBLIC        _WriteData
  D:00A8H         PUBLIC        IE
  D:00B8H         PUBLIC        IP
  D:00D8H         PUBLIC        CCON
  B:00B0H.4       PUBLIC        LCD_D4
  B:00B0H.5       PUBLIC        LCD_D5
  B:00B0H.6       PUBLIC        LCD_D6
BL51 BANKED LINKER/LOCATER V6.22                                                      06/10/2019  12:50:39  PAGE 20


  C:5D79H         PUBLIC        _DisplayLCD
  B:00B0H.7       PUBLIC        LCD_D7
  D:0098H         PUBLIC        SCON
  D:0088H         PUBLIC        TCON
  C:5F20H         PUBLIC        LCD_clear
  C:5A44H         PUBLIC        _Command
  C:5E10H         PUBLIC        _Display_Line
  C:5871H         PUBLIC        LCD_Init
  C:5CB8H         PUBLIC        _Wait_ms
  B:00C0H.0       PUBLIC        LCD_RS
  B:0090H.3       PUBLIC        LCD_RW
  C:5F16H         PUBLIC        LCD_return_home
  C:48DCH         PUBLIC        _Display_Pos
  B:00B0H.3       PUBLIC        LCD_E
  D:00D0H         PUBLIC        PSW
  -------         PROC          LCD_INIT
  C:5871H         LINE#         9
  C:5871H         LINE#         10
  C:5871H         LINE#         11
  C:5874H         LINE#         12
  C:5877H         LINE#         14
  C:587DH         LINE#         15
  C:5882H         LINE#         17
  C:5889H         LINE#         18
  C:588EH         LINE#         20
  C:5891H         LINE#         21
  C:5896H         LINE#         23
  C:5899H         LINE#         24
  C:589EH         LINE#         26
  C:58A5H         LINE#         29
  C:58AAH         LINE#         30
  C:58AFH         LINE#         32
  C:58B4H         LINE#         33
  C:58B9H         LINE#         35
  C:58BEH         LINE#         36
  C:58C3H         LINE#         37
  -------         ENDPROC       LCD_INIT
  C:56BDH         SYMBOL        L?0035
  -------         PROC          L?0034
  -------         ENDPROC       L?0034
  C:56BDH         SYMBOL        L?0035
  -------         PROC          _WRITEDATA
  X:04EDH         SYMBOL        dat
  C:56C1H         LINE#         40
  C:56C6H         LINE#         41
  C:56C6H         LINE#         46
  C:56C8H         LINE#         47
  C:56CAH         LINE#         49
  C:56D8H         LINE#         50
  C:56E4H         LINE#         51
  C:56F0H         LINE#         52
  C:56FAH         LINE#         53
  C:56FCH         LINE#         54
  C:5703H         LINE#         55
  C:5705H         LINE#         57
  C:5715H         LINE#         58
  C:5720H         LINE#         59
BL51 BANKED LINKER/LOCATER V6.22                                                      06/10/2019  12:50:39  PAGE 21


  C:572AH         LINE#         60
  C:572EH         LINE#         62
  C:572EH         LINE#         63
  C:5731H         LINE#         64
  C:5733H         LINE#         65
  C:5735H         LINE#         67
  -------         ENDPROC       _WRITEDATA
  -------         PROC          _COMMAND
  D:0007H         SYMBOL        dat
  C:5A44H         LINE#         69
  C:5A44H         LINE#         70
  C:5A44H         LINE#         71
  C:5A46H         LINE#         72
  C:5A48H         LINE#         74
  C:5A52H         LINE#         75
  C:5A56H         LINE#         77
  C:5A58H         LINE#         78
  C:5A61H         LINE#         79
  C:5A65H         LINE#         81
  C:5A67H         LINE#         82
  C:5A6EH         LINE#         83
  C:5A72H         LINE#         85
  C:5A74H         LINE#         86
  C:5A78H         LINE#         87
  C:5A7CH         LINE#         89
  C:5A7EH         LINE#         90
  C:5A7EH         LINE#         91
  C:5A81H         LINE#         92
  C:5A83H         LINE#         93
  -------         ENDPROC       _COMMAND
  C:5CB4H         SYMBOL        L?0037
  -------         PROC          L?0036
  -------         ENDPROC       L?0036
  C:5CB4H         SYMBOL        L?0037
  -------         PROC          _WAIT_MS
  D:0006H         SYMBOL        ms
  -------         DO            
  D:0004H         SYMBOL        De_Cnt
  -------         ENDDO         
  C:5CB8H         LINE#         95
  C:5CB8H         LINE#         96
  C:5CB8H         LINE#         98
  C:5CC2H         LINE#         99
  C:5CC2H         LINE#         100
  C:5CD5H         LINE#         101
  C:5CD5H         LINE#         102
  -------         ENDPROC       _WAIT_MS
  -------         PROC          _DISPLAYLCD
  D:0007H         SYMBOL        BCD
  -------         DO            
  D:0006H         SYMBOL        first_digit
  X:03F8H         SYMBOL        second_digit
  -------         ENDDO         
  C:5D79H         LINE#         103
  C:5D79H         LINE#         104
  C:5D79H         LINE#         106
  C:5D80H         LINE#         107
BL51 BANKED LINKER/LOCATER V6.22                                                      06/10/2019  12:50:39  PAGE 22


  C:5D89H         LINE#         109
  C:5D8EH         LINE#         111
  -------         ENDPROC       _DISPLAYLCD
  -------         PROC          LCD_RETURN_HOME
  C:5F16H         LINE#         115
  C:5F16H         LINE#         116
  C:5F16H         LINE#         117
  C:5F1BH         LINE#         118
  -------         ENDPROC       LCD_RETURN_HOME
  -------         PROC          LCD_CLEAR
  C:5F20H         LINE#         121
  C:5F20H         LINE#         122
  C:5F20H         LINE#         123
  C:5F25H         LINE#         124
  -------         ENDPROC       LCD_CLEAR
  -------         PROC          _DISPLAY_LINE
  D:0006H         SYMBOL        line
  C:5E10H         LINE#         128
  C:5E10H         LINE#         129
  C:5E10H         LINE#         130
  C:5E16H         LINE#         131
  C:5E16H         LINE#         132
  C:5E18H         LINE#         133
  C:5E18H         LINE#         134
  C:5E1AH         LINE#         136
  C:5E1AH         LINE#         137
  C:5E1FH         LINE#         138
  C:5E24H         LINE#         139
  C:5E24H         LINE#         140
  -------         ENDPROC       _DISPLAY_LINE
  -------         PROC          _DISPLAY_POS
  X:04E2H         SYMBOL        sign_dat
  -------         DO            
  X:04E6H         SYMBOL        unit
  X:04E7H         SYMBOL        ten
  X:04E8H         SYMBOL        hundred
  X:04E9H         SYMBOL        thousand
  X:04EAH         SYMBOL        after_dot
  X:04EBH         SYMBOL        dat
  -------         ENDDO         
  C:48DCH         LINE#         142
  C:48E2H         LINE#         143
  C:48E2H         LINE#         147
  C:48FEH         LINE#         148
  C:4918H         LINE#         149
  C:493CH         LINE#         151
  C:4986H         LINE#         153
  C:499DH         LINE#         154
  C:49AFH         LINE#         155
  C:49D4H         LINE#         156
  C:49EEH         LINE#         157
  C:4A06H         LINE#         158
  C:4A06H         LINE#         159
  C:4A06H         LINE#         160
  C:4A06H         LINE#         161
  C:4A06H         LINE#         162
  C:4A06H         LINE#         163
BL51 BANKED LINKER/LOCATER V6.22                                                      06/10/2019  12:50:39  PAGE 23


  C:4A06H         LINE#         164
  C:4A06H         LINE#         168
  C:4A08H         LINE#         170
  C:4A08H         LINE#         172
  C:4A0DH         LINE#         173
  C:4A13H         LINE#         174
  C:4A19H         LINE#         175
  C:4A1FH         LINE#         176
  C:4A25H         LINE#         177
  C:4A2AH         LINE#         178
  C:4A30H         LINE#         182
  C:4A30H         LINE#         184
  -------         ENDPROC       _DISPLAY_POS
  -------         ENDMOD        LCD_DRIVER_SPLC780D

  -------         MODULE        KEYPAD
  C:0000H         SYMBOL        _ICE_DUMMY_
  D:0093H         PUBLIC        P0M1
  D:0080H         PUBLIC        P0
  D:0090H         PUBLIC        P1
  D:00A0H         PUBLIC        P2
  D:00B0H         PUBLIC        P3
  D:00C0H         PUBLIC        P4
  D:00C8H         PUBLIC        P5
  D:00E8H         PUBLIC        P6
  D:00F8H         PUBLIC        P7
  D:00A8H         PUBLIC        IE
  C:42D8H         PUBLIC        Key_Scan
  D:00B8H         PUBLIC        IP
  D:00D8H         PUBLIC        CCON
  C:5EFEH         PUBLIC        KeyPad_IO_Init
  C:5D5BH         PUBLIC        _Delay_ms
  D:0098H         PUBLIC        SCON
  D:0088H         PUBLIC        TCON
  X:0629H         PUBLIC        small_move
  X:062BH         PUBLIC        move
  X:062DH         PUBLIC        auto_mode
  X:062FH         PUBLIC        direction
  X:0631H         PUBLIC        SPI_NOR_ClearEnable
  C:3A05H         PUBLIC        Key_Process
  D:00D0H         PUBLIC        PSW
  D:0094H         PUBLIC        P0M0
  -------         PROC          _DELAY_MS
  D:0006H         SYMBOL        ms
  -------         DO            
  D:0004H         SYMBOL        De_Cnt
  -------         ENDDO         
  C:5D5BH         LINE#         20
  C:5D5BH         LINE#         21
  C:5D5BH         LINE#         23
  C:5D65H         LINE#         24
  C:5D65H         LINE#         25
  C:5D78H         LINE#         26
  C:5D78H         LINE#         27
  -------         ENDPROC       _DELAY_MS
  -------         PROC          KEY_SCAN
  -------         DO            
BL51 BANKED LINKER/LOCATER V6.22                                                      06/10/2019  12:50:39  PAGE 24


  X:03FEH         SYMBOL        KeyTemp1
  X:03FFH         SYMBOL        KeyTemp2
  X:0400H         SYMBOL        KeyValue
  -------         ENDDO         
  C:42D8H         LINE#         28
  C:42D8H         LINE#         29
  C:42D8H         LINE#         34
  C:42DBH         LINE#         37
  C:42DEH         LINE#         39
  C:42E6H         LINE#         40
  C:42EDH         LINE#         41
  C:42EDH         LINE#         43
  C:42F2H         LINE#         44
  C:42F9H         LINE#         45
  C:42F9H         LINE#         48
  C:42FCH         LINE#         49
  C:42FFH         LINE#         50
  C:4304H         LINE#         51
  C:4308H         LINE#         52
  C:4308H         LINE#         53
  C:4310H         LINE#         54
  C:4310H         LINE#         55
  C:4313H         LINE#         56
  C:431BH         LINE#         57
  C:431DH         LINE#         59
  C:4331H         LINE#         60
  C:4331H         LINE#         61
  C:4331H         LINE#         62
  C:4331H         LINE#         63
  C:4337H         LINE#         65
  C:4339H         LINE#         66
  C:4339H         LINE#         67
  C:4339H         LINE#         68
  C:433FH         LINE#         70
  C:4341H         LINE#         71
  C:4341H         LINE#         72
  C:4341H         LINE#         73
  C:4347H         LINE#         75
  C:4349H         LINE#         76
  C:4349H         LINE#         77
  C:4349H         LINE#         78
  C:434FH         LINE#         80
  C:434FH         LINE#         81
  C:434FH         LINE#         82
  C:434FH         LINE#         85
  C:4352H         LINE#         86
  C:4355H         LINE#         87
  C:435DH         LINE#         88
  C:4361H         LINE#         89
  C:4361H         LINE#         90
  C:4369H         LINE#         91
  C:4369H         LINE#         92
  C:436CH         LINE#         93
  C:4374H         LINE#         94
  C:4376H         LINE#         95
  C:438AH         LINE#         96
  C:438AH         LINE#         97
BL51 BANKED LINKER/LOCATER V6.22                                                      06/10/2019  12:50:39  PAGE 25


  C:438AH         LINE#         98
  C:438AH         LINE#         99
  C:4390H         LINE#         101
  C:4392H         LINE#         102
  C:4392H         LINE#         103
  C:4392H         LINE#         104
  C:4398H         LINE#         106
  C:439AH         LINE#         107
  C:439AH         LINE#         108
  C:439AH         LINE#         109
  C:43A0H         LINE#         111
  C:43A2H         LINE#         112
  C:43A2H         LINE#         113
  C:43A2H         LINE#         114
  C:43A7H         LINE#         116
  C:43A7H         LINE#         117
  C:43A7H         LINE#         118
  C:43A7H         LINE#         121
  C:43AAH         LINE#         122
  C:43ADH         LINE#         123
  C:43B5H         LINE#         124
  C:43B9H         LINE#         125
  C:43B9H         LINE#         126
  C:43C1H         LINE#         127
  C:43C1H         LINE#         128
  C:43C4H         LINE#         129
  C:43CCH         LINE#         130
  C:43CEH         LINE#         131
  C:43E2H         LINE#         132
  C:43E2H         LINE#         133
  C:43E2H         LINE#         134
  C:43E2H         LINE#         135
  C:43E8H         LINE#         137
  C:43EAH         LINE#         138
  C:43EAH         LINE#         139
  C:43EAH         LINE#         140
  C:43F0H         LINE#         142
  C:43F2H         LINE#         143
  C:43F2H         LINE#         144
  C:43F2H         LINE#         145
  C:43F8H         LINE#         147
  C:43FAH         LINE#         148
  C:43FAH         LINE#         149
  C:43FAH         LINE#         150
  C:4400H         LINE#         152
  C:4400H         LINE#         153
  C:4400H         LINE#         154
  C:4400H         LINE#         158
  C:4403H         LINE#         159
  C:4406H         LINE#         160
  C:440EH         LINE#         161
  C:4412H         LINE#         162
  C:4412H         LINE#         163
  C:441AH         LINE#         164
  C:441AH         LINE#         165
  C:441DH         LINE#         166
  C:4425H         LINE#         167
BL51 BANKED LINKER/LOCATER V6.22                                                      06/10/2019  12:50:39  PAGE 26


  C:4427H         LINE#         168
  C:443BH         LINE#         169
  C:443BH         LINE#         170
  C:443BH         LINE#         171
  C:443BH         LINE#         172
  C:4441H         LINE#         174
  C:4443H         LINE#         175
  C:4443H         LINE#         176
  C:4443H         LINE#         177
  C:4449H         LINE#         179
  C:444BH         LINE#         180
  C:444BH         LINE#         181
  C:444BH         LINE#         182
  C:4451H         LINE#         184
  C:4453H         LINE#         185
  C:4453H         LINE#         186
  C:4453H         LINE#         187
  C:4459H         LINE#         189
  C:4459H         LINE#         190
  C:4459H         LINE#         191
  C:4459H         LINE#         193
  C:445FH         LINE#         194
  C:445FH         LINE#         196
  C:445FH         LINE#         197
  C:4462H         LINE#         198
  C:4462H         LINE#         199
  C:4462H         LINE#         201
  C:4462H         LINE#         202
  C:4464H         LINE#         203
  C:4464H         LINE#         204
  -------         ENDPROC       KEY_SCAN
  -------         PROC          KEY_PROCESS
  -------         DO            
  X:061AH         SYMBOL        KeyCount
  X:061BH         SYMBOL        KeyNum_Old
  X:061DH         SYMBOL        KeyNum
  X:061FH         SYMBOL        PressedKey
  X:03F8H         SYMBOL        d
  D:0002H         SYMBOL        hours
  D:0006H         SYMBOL        mins
  X:03FAH         SYMBOL        months
  X:03FCH         SYMBOL        days
  -------         ENDDO         
  C:3A05H         LINE#         205
  C:3A05H         LINE#         206
  C:3A05H         LINE#         210
  C:3A14H         LINE#         211
  C:3A21H         LINE#         213
  C:3A25H         LINE#         214
  C:3A25H         LINE#         215
  C:3A2BH         LINE#         217
  C:3A2BH         LINE#         218
  C:3A42H         LINE#         219
  C:3A42H         LINE#         220
  C:3A4CH         LINE#         221
  C:3A52H         LINE#         223
  C:3A58H         LINE#         225
BL51 BANKED LINKER/LOCATER V6.22                                                      06/10/2019  12:50:39  PAGE 27


  C:3A58H         LINE#         226
  C:3A6FH         LINE#         227
  C:3A6FH         LINE#         228
  C:3A74H         LINE#         230
  C:3A74H         LINE#         231
  C:3A84H         LINE#         232
  C:3A84H         LINE#         233
  C:3A8AH         LINE#         235
  C:3A8AH         LINE#         236
  C:3A9CH         LINE#         237
  C:3A9CH         LINE#         238
  C:3AA6H         LINE#         239
  C:3AAEH         LINE#         241
  C:3AB7H         LINE#         243
  C:3AB7H         LINE#         252
  C:3AD6H         LINE#         253
  C:3AD6H         LINE#         254
  C:3AF5H         LINE#         255
  C:3AFBH         LINE#         256
  C:3B03H         LINE#         257
  C:3B03H         LINE#         259
  C:3B04H         LINE#         265
  C:3B10H         LINE#         266
  C:3B10H         LINE#         267
  C:3B2DH         LINE#         268
  C:3B44H         LINE#         269
  C:3B5BH         LINE#         270
  C:3B5BH         LINE#         271
  C:3B6EH         LINE#         272
  C:3B81H         LINE#         273
  C:3B81H         LINE#         274
  C:3B81H         LINE#         275
  C:3B84H         LINE#         280
  C:3B93H         LINE#         281
  C:3B93H         LINE#         282
  C:3BB6H         LINE#         283
  C:3BD3H         LINE#         284
  C:3BDCH         LINE#         285
  C:3BDCH         LINE#         286
  C:3BE3H         LINE#         287
  C:3BE3H         LINE#         288
  C:3BF4H         LINE#         289
  C:3BF4H         LINE#         290
  C:3C03H         LINE#         291
  C:3C03H         LINE#         292
  C:3C03H         LINE#         293
  C:3C06H         LINE#         295
  C:3C06H         LINE#         296
  C:3C12H         LINE#         297
  C:3C12H         LINE#         298
  C:3C24H         LINE#         299
  C:3C24H         LINE#         300
  C:3C34H         LINE#         301
  C:3C34H         LINE#         302
  C:3C34H         LINE#         304
  C:3C36H         LINE#         306
  C:3C36H         LINE#         307
BL51 BANKED LINKER/LOCATER V6.22                                                      06/10/2019  12:50:39  PAGE 28


  C:3C45H         LINE#         308
  C:3C45H         LINE#         309
  C:3C55H         LINE#         310
  C:3C55H         LINE#         311
  C:3C55H         LINE#         313
  C:3C55H         LINE#         315
  C:3C55H         LINE#         316
  C:3C57H         LINE#         318
  C:3C57H         LINE#         319
  C:3C5EH         LINE#         320
  C:3C5EH         LINE#         321
  C:3C6DH         LINE#         322
  C:3C6DH         LINE#         323
  C:3C7DH         LINE#         324
  C:3C7DH         LINE#         325
  C:3C7DH         LINE#         326
  C:3C7FH         LINE#         328
  C:3C7FH         LINE#         329
  C:3C8EH         LINE#         330
  C:3C8EH         LINE#         331
  C:3CA1H         LINE#         332
  C:3CB4H         LINE#         333
  C:3CB4H         LINE#         334
  C:3CB4H         LINE#         335
  C:3CB4H         LINE#         336
  C:3CBDH         LINE#         338
  C:3CBDH         LINE#         340
  C:3CF7H         LINE#         341
  C:3CF7H         LINE#         342
  C:3CFEH         LINE#         343
  C:3CFEH         LINE#         344
  C:3D08H         LINE#         345
  C:3D08H         LINE#         346
  C:3D0BH         LINE#         347
  C:3D10H         LINE#         348
  C:3D15H         LINE#         349
  C:3D1AH         LINE#         350
  C:3D1FH         LINE#         351
  C:3D24H         LINE#         352
  C:3D29H         LINE#         353
  C:3D2EH         LINE#         354
  C:3D2EH         LINE#         355
  C:3D2EH         LINE#         357
  C:3D4CH         LINE#         358
  C:3D4CH         LINE#         359
  C:3D53H         LINE#         360
  C:3D53H         LINE#         361
  C:3D58H         LINE#         362
  C:3D61H         LINE#         363
  C:3D80H         LINE#         364
  C:3D80H         LINE#         365
  C:3D90H         LINE#         367
  C:3D90H         LINE#         371
  -------         ENDPROC       KEY_PROCESS
  -------         PROC          KEYPAD_IO_INIT
  C:5EFEH         LINE#         374
  C:5EFEH         LINE#         375
BL51 BANKED LINKER/LOCATER V6.22                                                      06/10/2019  12:50:39  PAGE 29


  C:5EFEH         LINE#         376
  C:5F01H         LINE#         377
  C:5F04H         LINE#         378
  C:5F07H         LINE#         379
  C:5F09H         LINE#         380
  -------         ENDPROC       KEYPAD_IO_INIT
  -------         ENDMOD        KEYPAD

  -------         MODULE        BIPOLARMOTOR
  C:0000H         SYMBOL        _ICE_DUMMY_
  X:0000H         PUBLIC        UTC_time
  D:0080H         PUBLIC        P0
  D:0090H         PUBLIC        P1
  X:0004H         PUBLIC        RX_pos_test
  D:00A0H         PUBLIC        P2
  D:00B0H         PUBLIC        P3
  D:00C0H         PUBLIC        P4
  D:00C8H         PUBLIC        P5
  D:00E8H         PUBLIC        P6
  D:00F8H         PUBLIC        P7
  X:00A4H         PUBLIC        low_date_azimuth_mapping
  D:00A8H         PUBLIC        IE
  C:5081H         PUBLIC        linear_interpolate
  X:00CCH         PUBLIC        declination
  C:5C17H         PUBLIC        _Move
  D:00B8H         PUBLIC        IP
  X:00D0H         PUBLIC        time_offset
  D:00D8H         PUBLIC        CCON
  X:00D4H         PUBLIC        previous_move_time
  X:00D5H         PUBLIC        time
  D:0098H         PUBLIC        SCON
  D:0088H         PUBLIC        TCON
  C:5A84H         PUBLIC        _Step_move
  X:00E7H         PUBLIC        dat
  X:00EDH         PUBLIC        current_local_sun_time
  C:2122H         PUBLIC        _Update_position
  C:3D91H         PUBLIC        _elevation_calculation
  X:00F1H         PUBLIC        sunCoord
  C:596CH         PUBLIC        vOneStepMove
  X:00F4H         PUBLIC        elevation_stamp
  X:0130H         PUBLIC        date_azimuth_mapping
  X:0158H         PUBLIC        location
  X:0160H         PUBLIC        RX_pos
  C:5E25H         PUBLIC        vSetLocation
  C:5DA0H         PUBLIC        _BCDtoDec1
  X:03B8H         PUBLIC        degree
  C:2C79H         PUBLIC        _TheoricalJP_Position
  D:00D0H         PUBLIC        PSW
  -------         PROC          VSETLOCATION
  C:5E25H         LINE#         44
  C:5E25H         LINE#         45
  C:5E25H         LINE#         46
  C:5E2FH         LINE#         47
  C:5E39H         LINE#         48
  -------         ENDPROC       VSETLOCATION
  C:5D9CH         SYMBOL        L?0060
  -------         PROC          L?0059
BL51 BANKED LINKER/LOCATER V6.22                                                      06/10/2019  12:50:39  PAGE 30


  -------         ENDPROC       L?0059
  C:5D9CH         SYMBOL        L?0060
  -------         PROC          _BCDTODEC1
  D:0007H         SYMBOL        bcd
  -------         DO            
  D:0006H         SYMBOL        hi
  D:0007H         SYMBOL        lo
  -------         ENDDO         
  C:5DA0H         LINE#         49
  C:5DA0H         LINE#         50
  C:5DA0H         LINE#         52
  C:5DA5H         LINE#         53
  C:5DA9H         LINE#         54
  C:5DB0H         LINE#         55
  -------         ENDPROC       _BCDTODEC1
  -------         PROC          VONESTEPMOVE
  B:0020H.3       SYMBOL        bDir
  C:596CH         LINE#         59
  C:596CH         LINE#         60
  C:596CH         LINE#         62
  C:5972H         LINE#         63
  C:5972H         LINE#         64
  C:5975H         LINE#         65
  C:597EH         LINE#         66
  C:5985H         LINE#         67
  C:598AH         LINE#         68
  C:598AH         LINE#         69
  C:598AH         LINE#         71
  C:598CH         LINE#         74
  C:598CH         LINE#         75
  C:598FH         LINE#         76
  C:5998H         LINE#         77
  C:599FH         LINE#         78
  C:59A5H         LINE#         79
  C:59AEH         LINE#         80
  C:59B5H         LINE#         81
  C:59B5H         LINE#         85
  -------         ENDPROC       VONESTEPMOVE
  -------         PROC          _STEP_MOVE
  X:04E6H         SYMBOL        step
  B:0020H.2       SYMBOL        dir
  -------         DO            
  X:04E8H         SYMBOL        i
  -------         ENDDO         
  C:5A84H         LINE#         87
  C:5A8CH         LINE#         88
  C:5A8CH         LINE#         90
  C:5A91H         LINE#         93
  C:5AACH         LINE#         94
  C:5AACH         LINE#         95
  C:5AB3H         LINE#         97
  C:5AC3H         LINE#         99
  -------         ENDPROC       _STEP_MOVE
  -------         PROC          _MOVE
  X:04E2H         SYMBOL        distance
  B:0020H.1       SYMBOL        direction
  -------         DO            
BL51 BANKED LINKER/LOCATER V6.22                                                      06/10/2019  12:50:39  PAGE 31


  D:0006H         SYMBOL        step
  -------         ENDDO         
  C:5C17H         LINE#         101
  C:5C1DH         LINE#         102
  C:5C1DH         LINE#         105
  C:5C38H         LINE#         106
  -------         ENDPROC       _MOVE
  C:5070H         SYMBOL        L?0058
  -------         PROC          L?0057
  -------         ENDPROC       L?0057
  C:5070H         SYMBOL        L?0058
  -------         PROC          LINEAR_INTERPOLATE
  X:049EH         SYMBOL        p1
  X:04A6H         SYMBOL        p2
  X:04AEH         SYMBOL        x
  -------         DO            
  D:0004H         SYMBOL        fx
  -------         ENDDO         
  C:5081H         LINE#         139
  C:5081H         LINE#         140
  C:5081H         LINE#         143
  C:5120H         LINE#         145
  C:5120H         LINE#         146
  -------         ENDPROC       LINEAR_INTERPOLATE
  -------         PROC          _THEORICALJP_POSITION
  X:0442H         SYMBOL        azimuth
  X:0446H         SYMBOL        elevation
  -------         DO            
  X:044AH         SYMBOL        pos_interpolate_azimuth
  X:0486H         SYMBOL        JP_pos
  X:048AH         SYMBOL        i
  X:048CH         SYMBOL        yy
  X:048EH         SYMBOL        p1
  X:0496H         SYMBOL        p2
  -------         ENDDO         
  C:2C79H         LINE#         149
  C:2C7FH         LINE#         150
  C:2C7FH         LINE#         152
  C:2C89H         LINE#         155
  C:2CA5H         LINE#         156
  C:2CA5H         LINE#         157
  C:2D15H         LINE#         158
  C:2D15H         LINE#         159
  C:2D1CH         LINE#         160
  C:2D1CH         LINE#         161
  C:2D49H         LINE#         162
  C:2D64H         LINE#         164
  C:2DABH         LINE#         165
  C:2DDFH         LINE#         167
  C:2E25H         LINE#         168
  C:2E4AH         LINE#         170
  C:2E4AH         LINE#         172
  C:2EC0H         LINE#         173
  C:2EC0H         LINE#         174
  C:2EC7H         LINE#         175
  C:2EC7H         LINE#         176
  C:2EF4H         LINE#         177
BL51 BANKED LINKER/LOCATER V6.22                                                      06/10/2019  12:50:39  PAGE 32


  C:2F0FH         LINE#         179
  C:2F56H         LINE#         180
  C:2F8AH         LINE#         182
  C:2FD0H         LINE#         183
  C:2FF2H         LINE#         185
  C:2FF2H         LINE#         186
  C:3006H         LINE#         189
  C:3022H         LINE#         190
  C:3022H         LINE#         191
  C:3092H         LINE#         192
  C:3092H         LINE#         193
  C:30BFH         LINE#         194
  C:30DAH         LINE#         196
  C:3107H         LINE#         197
  C:3122H         LINE#         199
  C:3154H         LINE#         202
  C:3154H         LINE#         204
  C:3165H         LINE#         205
  C:3173H         LINE#         207
  -------         ENDPROC       _THEORICALJP_POSITION
  -------         PROC          _UPDATE_POSITION
  D:0001H         SYMBOL        mnths
  D:0002H         SYMBOL        dys
  X:041EH         SYMBOL        hurs
  X:041FH         SYMBOL        mns
  X:0420H         SYMBOL        sconds
  X:0421H         SYMBOL        currnt_pos
  X:0424H         SYMBOL        offset_calib
  -------         DO            
  X:0428H         SYMBOL        date
  X:042AH         SYMBOL        i
  X:042CH         SYMBOL        yy
  X:042EH         SYMBOL        desired_distance
  X:0432H         SYMBOL        distance
  X:0436H         SYMBOL        JP_pos
  X:043AH         SYMBOL        elevation
  X:043EH         SYMBOL        azimuth
  -------         ENDDO         
  C:2122H         LINE#         210
  C:212BH         LINE#         213
  C:212BH         LINE#         214
  C:2136H         LINE#         216
  C:2152H         LINE#         223
  C:215CH         LINE#         224
  C:2167H         LINE#         225
  C:2172H         LINE#         226
  C:218BH         LINE#         227
  C:219CH         LINE#         228
  C:21ABH         LINE#         231
  C:21BFH         LINE#         235
  C:2211H         LINE#         236
  C:2375H         LINE#         237
  C:23C5H         LINE#         240
  C:24EDH         LINE#         243
  C:25BCH         LINE#         250
  C:2603H         LINE#         251
  C:2603H         LINE#         253
BL51 BANKED LINKER/LOCATER V6.22                                                      06/10/2019  12:50:39  PAGE 33


  C:262EH         LINE#         254
  C:265DH         LINE#         256
  C:2682H         LINE#         257
  C:26DCH         LINE#         258
  C:26DCH         LINE#         259
  C:26F6H         LINE#         260
  C:2708H         LINE#         261
  C:2720H         LINE#         262
  C:2736H         LINE#         264
  C:2752H         LINE#         265
  C:2752H         LINE#         266
  C:2752H         LINE#         269
  -------         ENDPROC       _UPDATE_POSITION
  -------         PROC          _ELEVATION_CALCULATION
  D:0007H         SYMBOL        mnths
  D:0005H         SYMBOL        dys
  X:03FAH         SYMBOL        hurs
  X:03FBH         SYMBOL        mns
  X:03FCH         SYMBOL        sconds
  C:3D91H         LINE#         271
  C:3D96H         LINE#         273
  C:3D96H         LINE#         274
  C:3DA0H         LINE#         275
  C:3DA9H         LINE#         276
  C:3DB4H         LINE#         277
  C:3DCDH         LINE#         278
  C:3DE1H         LINE#         279
  C:3DF3H         LINE#         283
  C:3E45H         LINE#         284
  C:3FA9H         LINE#         285
  C:3FF9H         LINE#         287
  C:4110H         LINE#         289
  -------         ENDPROC       _ELEVATION_CALCULATION
  -------         ENDMOD        BIPOLARMOTOR

  -------         MODULE        SUNPOS
  C:0000H         SYMBOL        _ICE_DUMMY_
  C:1980H         PUBLIC        sunpos
  -------         PROC          SUNPOS
  X:0442H         SYMBOL        udtTime
  X:0454H         SYMBOL        udtLocation
  X:045CH         SYMBOL        udtSunCoordinates
  -------         DO            
  X:045FH         SYMBOL        dElapsedJulianDays
  X:0463H         SYMBOL        dDecimalHours
  X:0467H         SYMBOL        dEclipticLongitude
  X:046BH         SYMBOL        dEclipticObliquity
  X:046FH         SYMBOL        dRightAscension
  X:0473H         SYMBOL        dDeclination
  X:0477H         SYMBOL        dY
  X:047BH         SYMBOL        dX
  -------         DO            
  X:047FH         SYMBOL        dJulianDate
  X:0483H         SYMBOL        liAux1
  X:0487H         SYMBOL        liAux2
  X:047FH         SYMBOL        dMeanLongitude
  X:0483H         SYMBOL        dMeanAnomaly
BL51 BANKED LINKER/LOCATER V6.22                                                      06/10/2019  12:50:39  PAGE 34


  X:0487H         SYMBOL        dOmega
  X:047FH         SYMBOL        dSin_EclipticLongitude
  X:047FH         SYMBOL        dGreenwichMeanSiderealTime
[...]
  C:451BH         LINE#         337
  C:451BH         LINE#         338
  C:451BH         LINE#         340
  C:451EH         LINE#         342
  C:4538H         LINE#         343
BL51 BANKED LINKER/LOCATER V6.22                                                      06/10/2019  12:50:39  PAGE 50


  C:4538H         LINE#         344
  C:4538H         LINE#         346
  C:453BH         LINE#         348
  C:4555H         LINE#         349
  C:4555H         LINE#         350
  C:4555H         LINE#         352
  C:4558H         LINE#         354
  C:4572H         LINE#         355
  C:4572H         LINE#         356
  C:4572H         LINE#         358
  C:4575H         LINE#         360
  C:458FH         LINE#         361
  C:458FH         LINE#         362
  C:458FH         LINE#         364
  C:4592H         LINE#         366
  C:45ACH         LINE#         367
  C:45ACH         LINE#         368
  C:45ACH         LINE#         370
  C:45AFH         LINE#         372
  C:45C9H         LINE#         373
  C:45D0H         LINE#         374
  -------         ENDPROC       SPI_NOR_WRITE_DATA
  -------         ENDMOD        AT25SF041

  -------         MODULE        SI1120
  C:0000H         SYMBOL        _ICE_DUMMY_
  D:0080H         PUBLIC        P0
  D:00B2H         PUBLIC        P3M0
  D:0090H         PUBLIC        P1
  D:00B1H         PUBLIC        P3M1
  D:00A0H         PUBLIC        P2
  D:00B0H         PUBLIC        P3
  D:00C0H         PUBLIC        P4
  D:00C8H         PUBLIC        P5
  B:00A8H.7       PUBLIC        EA
  D:00E8H         PUBLIC        P6
  D:00F8H         PUBLIC        P7
  D:00A8H         PUBLIC        IE
  D:00B8H         PUBLIC        IP
  C:5B66H         PUBLIC        SI1120_CONFIG_MODE_VIRH
  D:00D8H         PUBLIC        CCON
  D:0098H         PUBLIC        SCON
  D:0088H         PUBLIC        TCON
  C:5EE4H         PUBLIC        Enable_EXTINT0
  B:0090H.5       PUBLIC        SI1120_STX
  B:0088H.0       PUBLIC        IT0
  B:00A8H.0       PUBLIC        EX0
  B:0090H.4       PUBLIC        SI1120_MD
  B:0090H.6       PUBLIC        SI1120_SC
  D:00D0H         PUBLIC        PSW
  -------         PROC          SI1120_CONFIG_MODE_VIRH
  C:5B66H         LINE#         4
  C:5B66H         LINE#         5
  C:5B66H         LINE#         6
  C:5B68H         LINE#         7
  C:5B6AH         LINE#         8
  C:5B6CH         LINE#         10
BL51 BANKED LINKER/LOCATER V6.22                                                      06/10/2019  12:50:39  PAGE 51


  C:5B73H         LINE#         11
  C:5B75H         LINE#         13
  C:5B77H         LINE#         14
  C:5B79H         LINE#         16
  C:5B80H         LINE#         18
  C:5B82H         LINE#         20
  C:5B89H         LINE#         23
  C:5B8BH         LINE#         25
  C:5B8DH         LINE#         27
  C:5B94H         LINE#         29
  C:5B96H         LINE#         31
  -------         ENDPROC       SI1120_CONFIG_MODE_VIRH
  -------         PROC          ENABLE_EXTINT0
  C:5EE4H         LINE#         33
  C:5EE4H         LINE#         34
  C:5EE4H         LINE#         35
  C:5EE7H         LINE#         36
  C:5EEAH         LINE#         37
  C:5EECH         LINE#         38
  C:5EEEH         LINE#         39
  C:5EF0H         LINE#         40
  -------         ENDPROC       ENABLE_EXTINT0
  -------         ENDMOD        SI1120

  -------         MODULE        UART1
  C:0000H         SYMBOL        _ICE_DUMMY_
  D:0080H         PUBLIC        P0
  D:0090H         PUBLIC        P1
  D:00A0H         PUBLIC        P2
  D:00B0H         PUBLIC        P3
  D:00C0H         PUBLIC        P4
  D:00C8H         PUBLIC        P5
  C:5CD6H         PUBLIC        _uart1_SendToTCPServer
  B:00A8H.7       PUBLIC        EA
  D:00E8H         PUBLIC        P6
  D:00F8H         PUBLIC        P7
  C:5B33H         PUBLIC        _SendString
  D:00A8H         PUBLIC        IE
  B:00A8H.4       PUBLIC        ES
  D:00B8H         PUBLIC        IP
  C:5DE3H         PUBLIC        _ASCIItoBCD
  D:00D8H         PUBLIC        CCON
  C:5E99H         PUBLIC        initUART1
  D:0098H         PUBLIC        SCON
  D:0088H         PUBLIC        TCON
  C:5F52H         PUBLIC        _DectoBCD
  C:001EH         PUBLIC        _ASCII_Letter
  D:008EH         PUBLIC        AUXR
  C:0006H         PUBLIC        _unit
  C:5F4BH         PUBLIC        _ten
  D:00D6H         PUBLIC        T2H
  D:00D7H         PUBLIC        T2L
  C:5F3CH         PUBLIC        uart1_InitTCPConn
  D:00D0H         PUBLIC        PSW
  -------         PROC          INITUART1
  C:5E99H         LINE#         24
  C:5E99H         LINE#         25
BL51 BANKED LINKER/LOCATER V6.22                                                      06/10/2019  12:50:39  PAGE 52


  C:5E99H         LINE#         26
  C:5E9CH         LINE#         27
  C:5E9FH         LINE#         28
  C:5EA2H         LINE#         29
  C:5EA5H         LINE#         30
  C:5EA7H         LINE#         31
  C:5EA9H         LINE#         33
  -------         ENDPROC       INITUART1
  -------         PROC          _SENDSTRING
  X:04E2H         SYMBOL        s
  C:5B33H         LINE#         36
  C:5B3EH         LINE#         37
  C:5B3EH         LINE#         38
  C:5B4EH         LINE#         39
  C:5B4EH         LINE#         40
  C:5B63H         LINE#         41
  C:5B65H         LINE#         42
  -------         ENDPROC       _SENDSTRING
  -------         PROC          _TEN
  D:0007H         SYMBOL        BCD
  C:5F4BH         LINE#         44
  C:5F4BH         LINE#         45
  C:5F4BH         LINE#         46
  C:5F50H         LINE#         47
  -------         ENDPROC       _TEN
  -------         PROC          _UNIT
  D:0007H         SYMBOL        BCD
  C:0006H         LINE#         48
  C:0006H         LINE#         49
  C:0006H         LINE#         53
  C:000AH         LINE#         54
  -------         ENDPROC       _UNIT
  -------         PROC          _DECTOBCD
  D:0007H         SYMBOL        dec
  C:5F52H         LINE#         55
  C:5F52H         LINE#         56
  C:5F52H         LINE#         58
  C:5F52H         LINE#         59
  -------         ENDPROC       _DECTOBCD
  -------         PROC          _ASCII_LETTER
  D:0007H         SYMBOL        dat
  C:001EH         LINE#         61
  C:001EH         LINE#         62
  C:001EH         LINE#         64
  C:0022H         LINE#         65
  -------         ENDPROC       _ASCII_LETTER
  -------         PROC          _ASCIITOBCD
  D:0001H         SYMBOL        ascii
  -------         DO            
  D:0007H         SYMBOL        dec_val
  D:0006H         SYMBOL        ten
  D:0007H         SYMBOL        unit
  -------         ENDDO         
  C:5DE3H         LINE#         67
  C:5DE3H         LINE#         68
  C:5DE3H         LINE#         70
  C:5DE6H         LINE#         71
BL51 BANKED LINKER/LOCATER V6.22                                                      06/10/2019  12:50:39  PAGE 53


  C:5DECH         LINE#         72
  C:5DF3H         LINE#         73
  C:5DF9H         LINE#         75
  -------         ENDPROC       _ASCIITOBCD
  -------         PROC          UART1_INITTCPCONN
  C:5F3CH         LINE#         77
  C:5F3CH         LINE#         78
  C:5F3CH         LINE#         82
  -------         ENDPROC       UART1_INITTCPCONN
  -------         PROC          _UART1_SENDTOTCPSERVER
  X:03F8H         SYMBOL        str
  C:5CD6H         LINE#         85
  C:5CE1H         LINE#         86
  C:5CE1H         LINE#         87
  C:5CEAH         LINE#         88
  C:5CF1H         LINE#         89
  -------         ENDPROC       _UART1_SENDTOTCPSERVER
  -------         ENDMOD        UART1

  -------         MODULE        ?C_STARTUP
  C:55A9H         SEGMENT       ?C_C51STARTUP
  I:0022H         SEGMENT       ?STACK
  C:0000H         PUBLIC        ?C_STARTUP
  D:00E0H         SYMBOL        ACC
  D:00F0H         SYMBOL        B
  D:0083H         SYMBOL        DPH
  D:0082H         SYMBOL        DPL
  N:0000H         SYMBOL        IBPSTACK
  N:0100H         SYMBOL        IBPSTACKTOP
  N:0080H         SYMBOL        IDATALEN
  C:55ACH         SYMBOL        IDATALOOP
  N:0000H         SYMBOL        PBPSTACK
  N:0100H         SYMBOL        PBPSTACKTOP
  N:0000H         SYMBOL        PDATALEN
  N:0000H         SYMBOL        PDATASTART
  N:0000H         SYMBOL        PPAGE
  N:0000H         SYMBOL        PPAGEENABLE
  D:00A0H         SYMBOL        PPAGE_SFR
  D:0081H         SYMBOL        SP
  C:55A9H         SYMBOL        STARTUP1
  N:0000H         SYMBOL        XBPSTACK
  N:0000H         SYMBOL        XBPSTACKTOP
  N:0000H         SYMBOL        XDATALEN
  N:0000H         SYMBOL        XDATASTART
  C:0000H         LINE#         126
  C:55A9H         LINE#         133
  C:55ABH         LINE#         134
  C:55ACH         LINE#         135
  C:55ADH         LINE#         136
  C:55AFH         LINE#         185
  C:55B2H         LINE#         196
  -------         ENDMOD        ?C_STARTUP

  -------         MODULE        ?C?FPADD
  C:0DBFH         PUBLIC        ?C?FPADD
  C:0DBBH         PUBLIC        ?C?FPSUB
  -------         ENDMOD        ?C?FPADD
BL51 BANKED LINKER/LOCATER V6.22                                                      06/10/2019  12:50:39  PAGE 54



  -------         MODULE        ?C?FPMUL
  C:0EB0H         PUBLIC        ?C?FPMUL
  -------         ENDMOD        ?C?FPMUL

  -------         MODULE        ?C?FPDIV
  C:0FB9H         PUBLIC        ?C?FPDIV
  -------         ENDMOD        ?C?FPDIV

  -------         MODULE        ?C?FPCMP
  C:1058H         PUBLIC        ?C?FPCMP
  C:1056H         PUBLIC        ?C?FPCMP3
  -------         ENDMOD        ?C?FPCMP

  -------         MODULE        ?C?FPNEG
  C:10CFH         PUBLIC        ?C?FPNEG
  -------         ENDMOD        ?C?FPNEG

  -------         MODULE        ?C?FCAST
  C:10EAH         PUBLIC        ?C?FCASTC
  C:10E5H         PUBLIC        ?C?FCASTI
  C:10E0H         PUBLIC        ?C?FCASTL
  -------         ENDMOD        ?C?FCAST

  -------         MODULE        ?C?CASTF
  C:111EH         PUBLIC        ?C?CASTF
  -------         ENDMOD        ?C?CASTF

  -------         MODULE        PRINTF
  X:04E2H         PUBLIC        ?_PRINTF?BYTE
  X:04E2H         PUBLIC        ?_SPRINTF?BYTE
  C:31DFH         PUBLIC        _PRINTF
  C:31D9H         PUBLIC        _SPRINTF
  -------         ENDMOD        PRINTF

  -------         MODULE        FABS
  C:5EF1H         PUBLIC        _FABS
  -------         ENDMOD        FABS

  -------         MODULE        ATAN2
  X:049FH         PUBLIC        ?_atan2?BYTE
  C:53D6H         PUBLIC        _atan2
  -------         ENDMOD        ATAN2

  -------         MODULE        SIN
  C:4636H         PUBLIC        _COS
  C:464CH         PUBLIC        _SIN
  C:4688H         PUBLIC        _TAN
  -------         ENDMOD        SIN

  -------         MODULE        ACOS
  C:59B6H         PUBLIC        _ACOS
  -------         ENDMOD        ACOS

  -------         MODULE        ASIN
  C:5AC4H         PUBLIC        _ASIN
  -------         ENDMOD        ASIN
BL51 BANKED LINKER/LOCATER V6.22                                                      06/10/2019  12:50:39  PAGE 55



  -------         MODULE        POW
  X:03BCH         PUBLIC        ?_pow?BYTE
  C:4776H         PUBLIC        _pow
  -------         ENDMOD        POW

  -------         MODULE        ?C?CHKFLOAT
  C:119FH         PUBLIC        ?C?CHKFLOAT
  -------         ENDMOD        ?C?CHKFLOAT

  -------         MODULE        ?C?FPROUND
  C:11B9H         PUBLIC        ?C?FPROUND
  -------         ENDMOD        ?C?FPROUND

  -------         MODULE        ?C?FPCONVERT
  C:11F6H         PUBLIC        ?C?FPCONVERT
  -------         ENDMOD        ?C?FPCONVERT

  -------         MODULE        EXP
  C:5547H         PUBLIC        _EXP
  -------         ENDMOD        EXP

  -------         MODULE        LOG
  C:4A65H         PUBLIC        _LOG
  C:4A61H         PUBLIC        _LOG10
  -------         ENDMOD        LOG

  -------         MODULE        SQRT
  C:528DH         PUBLIC        _SQRT
  -------         ENDMOD        SQRT

  -------         MODULE        ATAN
  C:4B7AH         PUBLIC        _ATAN
  -------         ENDMOD        ATAN

  -------         MODULE        ?C?FTNPWR
  C:1378H         PUBLIC        ?C?FTNPWR
  -------         ENDMOD        ?C?FTNPWR

  -------         MODULE        ?C?COPY
  C:1488H         PUBLIC        ?C?COPY
  -------         ENDMOD        ?C?COPY

  -------         MODULE        ?C?CLDPTR
  C:14AEH         PUBLIC        ?C?CLDPTR
  -------         ENDMOD        ?C?CLDPTR

  -------         MODULE        ?C?CLDOPTR
  C:14C7H         PUBLIC        ?C?CLDOPTR
  -------         ENDMOD        ?C?CLDOPTR

  -------         MODULE        ?C?CSTPTR
  C:14F4H         PUBLIC        ?C?CSTPTR
  -------         ENDMOD        ?C?CSTPTR

  -------         MODULE        ?C?IMUL
  C:1506H         PUBLIC        ?C?IMUL
BL51 BANKED LINKER/LOCATER V6.22                                                      06/10/2019  12:50:39  PAGE 56


  -------         ENDMOD        ?C?IMUL

  -------         MODULE        ?C?UIDIV
  C:1518H         PUBLIC        ?C?UIDIV
  -------         ENDMOD        ?C?UIDIV

  -------         MODULE        ?C?SIDIV
  C:156DH         PUBLIC        ?C?SIDIV
  -------         ENDMOD        ?C?SIDIV

  -------         MODULE        ?C?ILDIX
  C:15A3H         PUBLIC        ?C?ILDIX
  -------         ENDMOD        ?C?ILDIX

  -------         MODULE        ?C?ILDOPTR
  C:15B9H         PUBLIC        ?C?ILDOPTR
  -------         ENDMOD        ?C?ILDOPTR

  -------         MODULE        ?C?ISTPTR
  C:15F1H         PUBLIC        ?C?ISTPTR
  -------         ENDMOD        ?C?ISTPTR

  -------         MODULE        ?C?LMUL
  C:1610H         PUBLIC        ?C?LMUL
  -------         ENDMOD        ?C?LMUL

  -------         MODULE        ?C?SLDIV
  C:5A00H         PUBLIC        ?C?SLDIV
  -------         ENDMOD        ?C?SLDIV

  -------         MODULE        ?C?LNEG
  C:165FH         PUBLIC        ?C?LNEG
  -------         ENDMOD        ?C?LNEG

  -------         MODULE        ?C?ULCMP
  C:166DH         PUBLIC        ?C?ULCMP
  -------         ENDMOD        ?C?ULCMP

  -------         MODULE        ?C?LSHL
  C:167EH         PUBLIC        ?C?LSHL
  -------         ENDMOD        ?C?LSHL

  -------         MODULE        ?C?LLDPTR
  C:1691H         PUBLIC        ?C?LLDPTR
  -------         ENDMOD        ?C?LLDPTR

  -------         MODULE        ?C?LLDOPTR
  C:16B1H         PUBLIC        ?C?LLDOPTR
  -------         ENDMOD        ?C?LLDOPTR

  -------         MODULE        ?C?LSTPTR
  C:16E1H         PUBLIC        ?C?LSTPTR
  -------         ENDMOD        ?C?LSTPTR

  -------         MODULE        ?C?LSTOPTR
  C:16FBH         PUBLIC        ?C?LSTOPTR
  -------         ENDMOD        ?C?LSTOPTR
BL51 BANKED LINKER/LOCATER V6.22                                                      06/10/2019  12:50:39  PAGE 57



  -------         MODULE        ?C?LLDXDATA
  C:171FH         PUBLIC        ?C?LLDXDATA
  -------         ENDMOD        ?C?LLDXDATA

  -------         MODULE        ?C?LLDCODE
  C:172BH         PUBLIC        ?C?LLDCODE
  -------         ENDMOD        ?C?LLDCODE

  -------         MODULE        ?C?LLDXDATA0
  C:173BH         PUBLIC        ?C?LLDXDATA0
  -------         ENDMOD        ?C?LLDXDATA0

  -------         MODULE        ?C?LLDCODE0
  C:1747H         PUBLIC        ?C?LLDCODE0
  -------         ENDMOD        ?C?LLDCODE0

  -------         MODULE        ?C?LLDPTR0
  C:1757H         PUBLIC        ?C?LLDPTR0
  -------         ENDMOD        ?C?LLDPTR0

  -------         MODULE        ?C?LSTXDATA
  C:1777H         PUBLIC        ?C?LSTXDATA
  -------         ENDMOD        ?C?LSTXDATA

  -------         MODULE        ?C?LSTKXDATA
  C:1783H         PUBLIC        ?C?LSTKXDATA
  -------         ENDMOD        ?C?LSTKXDATA

  -------         MODULE        ?C?LSTKPTR
  C:17B4H         PUBLIC        ?C?LSTKPTR
  -------         ENDMOD        ?C?LSTKPTR

  -------         MODULE        ?C?OFFXADD
  C:17CEH         PUBLIC        ?C?OFFXADD
  -------         ENDMOD        ?C?OFFXADD

  -------         MODULE        ?C?PLDIXDATA
  C:17DAH         PUBLIC        ?C?PLDIXDATA
  -------         ENDMOD        ?C?PLDIXDATA

  -------         MODULE        ?C?PSTXDATA
  C:17F1H         PUBLIC        ?C?PSTXDATA
  -------         ENDMOD        ?C?PSTXDATA

  -------         MODULE        ?C?CCASE
  C:17FAH         PUBLIC        ?C?CCASE
  -------         ENDMOD        ?C?CCASE

  -------         MODULE        PUTCHAR
  C:5C66H         PUBLIC        _PUTCHAR
  -------         ENDMOD        PUTCHAR

  -------         MODULE        ABS
  C:5F0AH         PUBLIC        _ABS
  -------         ENDMOD        ABS

BL51 BANKED LINKER/LOCATER V6.22                                                      06/10/2019  12:50:39  PAGE 58


  -------         MODULE        ATOI
  C:4F83H         PUBLIC        _atoi
  -------         ENDMOD        ATOI

  -------         MODULE        ?C?IILDX
  C:1820H         PUBLIC        ?C?IILDX
  -------         ENDMOD        ?C?IILDX

  -------         MODULE        ?C?ULDIV
  C:1872H         PUBLIC        ?C?ULDIV
  -------         ENDMOD        ?C?ULDIV

  -------         MODULE        ?C?LLDIDATA
  C:1904H         PUBLIC        ?C?LLDIDATA
  -------         ENDMOD        ?C?LLDIDATA

  -------         MODULE        ?C?LLDPDATA
  C:1910H         PUBLIC        ?C?LLDPDATA
  -------         ENDMOD        ?C?LLDPDATA

  -------         MODULE        ?C?LLDIDATA0
  C:191CH         PUBLIC        ?C?LLDIDATA0
  -------         ENDMOD        ?C?LLDIDATA0

  -------         MODULE        ?C?LLDPDATA0
  C:1929H         PUBLIC        ?C?LLDPDATA0
  -------         ENDMOD        ?C?LLDPDATA0

  -------         MODULE        ?C?LSTIDATA
  C:1936H         PUBLIC        ?C?LSTIDATA
  -------         ENDMOD        ?C?LSTIDATA

  -------         MODULE        ?C?LSTPDATA
  C:1942H         PUBLIC        ?C?LSTPDATA
  -------         ENDMOD        ?C?LSTPDATA

  -------         MODULE        ?C?LSTKIDATA
  C:194EH         PUBLIC        ?C?LSTKIDATA
  -------         ENDMOD        ?C?LSTKIDATA

  -------         MODULE        ?C?LSTKPDATA
  C:1967H         PUBLIC        ?C?LSTKPDATA
  -------         ENDMOD        ?C?LSTKPDATA

  -------         MODULE        ISDIGIT
  C:5EC8H         PUBLIC        _isdigit
  -------         ENDMOD        ISDIGIT

  -------         MODULE        ISSPACE
  C:5E63H         PUBLIC        _isspace
  -------         ENDMOD        ISSPACE

*** WARNING L16: UNCALLED SEGMENT, IGNORED FOR OVERLAY PROCESS
    SEGMENT: ?PR?_DAY_OF_YEAR?PCF85063BTL

*** WARNING L16: UNCALLED SEGMENT, IGNORED FOR OVERLAY PROCESS
    SEGMENT: ?PR?NOP?IOEXPANDER_PI4IOE5V96248
BL51 BANKED LINKER/LOCATER V6.22                                                      06/10/2019  12:50:39  PAGE 59



*** WARNING L16: UNCALLED SEGMENT, IGNORED FOR OVERLAY PROCESS
    SEGMENT: ?PR?UC_ACK?IOEXPANDER_PI4IOE5V96248

*** WARNING L16: UNCALLED SEGMENT, IGNORED FOR OVERLAY PROCESS
    SEGMENT: ?PR?UC_NACK?IOEXPANDER_PI4IOE5V96248

*** WARNING L16: UNCALLED SEGMENT, IGNORED FOR OVERLAY PROCESS
    SEGMENT: ?PR?_AT25SF041_READ?AT25SF041

*** WARNING L16: UNCALLED SEGMENT, IGNORED FOR OVERLAY PROCESS
    SEGMENT: ?PR?SPI_NOR_WRITE_DATA?AT25SF041

*** WARNING L16: UNCALLED SEGMENT, IGNORED FOR OVERLAY PROCESS
    SEGMENT: ?PR?_TEN?UART1

*** WARNING L16: UNCALLED SEGMENT, IGNORED FOR OVERLAY PROCESS
    SEGMENT: ?PR?_UNIT?UART1

*** WARNING L16: UNCALLED SEGMENT, IGNORED FOR OVERLAY PROCESS
    SEGMENT: ?PR?_DECTOBCD?UART1

*** WARNING L16: UNCALLED SEGMENT, IGNORED FOR OVERLAY PROCESS
    SEGMENT: ?PR?_ASCII_LETTER?UART1

*** WARNING L16: UNCALLED SEGMENT, IGNORED FOR OVERLAY PROCESS
    SEGMENT: ?PR?_ASCIITOBCD?UART1

Program Size: data=15.4 xdata=1616 code=24403
LINK/LOCATE RUN COMPLETE.  11 WARNING(S),  0 ERROR(S)
