BL51 BANKED LINKER/LOCATER V6.22                                                        08/22/2018  11:09:11  PAGE 1


BL51 BANKED LINKER/LOCATER V6.22, INVOKED BY:
C:\KEIL_V5\C51\BIN\BL51.EXE .\Obj\main.obj, .\Obj\PCF85063BTL.obj, .\Obj\UART1.obj, .\Obj\LCd_Driver_SPLC780D.obj, .\Obj
>> \KeyPad.obj, .\Obj\VCNL4035.obj, .\Obj\BipolarMotor.obj, .\Obj\SunPos.obj, .\Obj\STARTUP.obj TO .\Obj\GPIO_RTC_Test P
>> RINT (.\Lis\GPIO_RTC_Test.m51) RAMSIZE (256)


MEMORY MODEL: LARGE WITH FLOATING POINT ARITHMETIC


INPUT MODULES INCLUDED:
  .\Obj\main.obj (MAIN)
  .\Obj\PCF85063BTL.obj (PCF85063BTL)
  .\Obj\UART1.obj (UART1)
  .\Obj\LCd_Driver_SPLC780D.obj (LCD_DRIVER_SPLC780D)
  .\Obj\KeyPad.obj (KEYPAD)
  .\Obj\VCNL4035.obj (VCNL4035)
  .\Obj\BipolarMotor.obj (BIPOLARMOTOR)
  .\Obj\SunPos.obj (SUNPOS)
  .\Obj\STARTUP.obj (?C_STARTUP)
  C:\KEIL_V5\C51\LIB\C51FPL.LIB (?C?FPADD)
  C:\KEIL_V5\C51\LIB\C51FPL.LIB (?C?FPMUL)
  C:\KEIL_V5\C51\LIB\C51FPL.LIB (?C?FPDIV)
  C:\KEIL_V5\C51\LIB\C51FPL.LIB (?C?FPCMP)
  C:\KEIL_V5\C51\LIB\C51FPL.LIB (?C?FPNEG)
  C:\KEIL_V5\C51\LIB\C51FPL.LIB (?C?FCAST)
  C:\KEIL_V5\C51\LIB\C51FPL.LIB (?C?CASTF)
  C:\KEIL_V5\C51\LIB\C51FPL.LIB (ATAN2)
  C:\KEIL_V5\C51\LIB\C51FPL.LIB (SIN)
  C:\KEIL_V5\C51\LIB\C51FPL.LIB (ACOS)
  C:\KEIL_V5\C51\LIB\C51FPL.LIB (ASIN)
  C:\KEIL_V5\C51\LIB\C51FPL.LIB (?C?FPGETOPN)
  C:\KEIL_V5\C51\LIB\C51FPL.LIB (?C?FPSERIES)
  C:\KEIL_V5\C51\LIB\C51FPL.LIB (SQRT)
  C:\KEIL_V5\C51\LIB\C51FPL.LIB (ATAN)
  C:\KEIL_V5\C51\LIB\C51L.LIB (?C_INIT)
  C:\KEIL_V5\C51\LIB\C51L.LIB (?C?COPY)
  C:\KEIL_V5\C51\LIB\C51L.LIB (?C?CLDPTR)
  C:\KEIL_V5\C51\LIB\C51L.LIB (?C?CSTPTR)
  C:\KEIL_V5\C51\LIB\C51L.LIB (?C?IMUL)
  C:\KEIL_V5\C51\LIB\C51L.LIB (?C?UIDIV)
  C:\KEIL_V5\C51\LIB\C51L.LIB (?C?SIDIV)
  C:\KEIL_V5\C51\LIB\C51L.LIB (?C?ILDIX)
  C:\KEIL_V5\C51\LIB\C51L.LIB (?C?LMUL)
  C:\KEIL_V5\C51\LIB\C51L.LIB (?C?SLDIV)
  C:\KEIL_V5\C51\LIB\C51L.LIB (?C?LNEG)
  C:\KEIL_V5\C51\LIB\C51L.LIB (?C?LLDPTR)
  C:\KEIL_V5\C51\LIB\C51L.LIB (?C?LLDOPTR)
  C:\KEIL_V5\C51\LIB\C51L.LIB (?C?LSTPTR)
  C:\KEIL_V5\C51\LIB\C51L.LIB (?C?LSTOPTR)
  C:\KEIL_V5\C51\LIB\C51L.LIB (?C?LLDXDATA)
  C:\KEIL_V5\C51\LIB\C51L.LIB (?C?LLDCODE)
  C:\KEIL_V5\C51\LIB\C51L.LIB (?C?LLDXDATA0)
  C:\KEIL_V5\C51\LIB\C51L.LIB (?C?LLDCODE0)
  C:\KEIL_V5\C51\LIB\C51L.LIB (?C?LLDPTR0)
  C:\KEIL_V5\C51\LIB\C51L.LIB (?C?LSTXDATA)
  C:\KEIL_V5\C51\LIB\C51L.LIB (?C?LSTKXDATA)
  C:\KEIL_V5\C51\LIB\C51L.LIB (?C?OFFXADD)
  C:\KEIL_V5\C51\LIB\C51L.LIB (ABS)
BL51 BANKED LINKER/LOCATER V6.22                                                      08/22/2018  11:09:11  PAGE 2


  C:\KEIL_V5\C51\LIB\C51L.LIB (ATOI)
  C:\KEIL_V5\C51\LIB\C51L.LIB (?C?IILDX)
  C:\KEIL_V5\C51\LIB\C51L.LIB (?C?ULDIV)
  C:\KEIL_V5\C51\LIB\C51L.LIB (?C?LLDIDATA)
  C:\KEIL_V5\C51\LIB\C51L.LIB (?C?LLDPDATA)
  C:\KEIL_V5\C51\LIB\C51L.LIB (?C?LLDIDATA0)
  C:\KEIL_V5\C51\LIB\C51L.LIB (?C?LLDPDATA0)
  C:\KEIL_V5\C51\LIB\C51L.LIB (?C?LSTIDATA)
  C:\KEIL_V5\C51\LIB\C51L.LIB (?C?LSTPDATA)
  C:\KEIL_V5\C51\LIB\C51L.LIB (ISDIGIT)
  C:\KEIL_V5\C51\LIB\C51L.LIB (ISSPACE)


LINK MAP OF MODULE:  .\Obj\GPIO_RTC_Test (MAIN)


            TYPE    BASE      LENGTH    RELOCATION   SEGMENT NAME
            -----------------------------------------------------

            * * * * * * *   D A T A   M E M O R Y   * * * * * * *
            REG     0000H     0008H     ABSOLUTE     "REG BANK 0"
            REG     0008H     0008H     ABSOLUTE     "REG BANK 1"
                    0010H     0010H                  *** GAP ***
            BIT     0020H.0   0000H.4   UNIT         ?BI?KEYPAD
            BIT     0020H.4   0000H.3   UNIT         _BIT_GROUP_
            BIT     0020H.7   0000H.1   UNIT         ?BI?MAIN
            IDATA   0021H     0001H     UNIT         ?STACK

            * * * * * * *  X D A T A   M E M O R Y  * * * * * * *
            XDATA   0000H     0210H     UNIT         ?XD?BIPOLARMOTOR
            XDATA   0210H     0100H     UNIT         _XDATA_GROUP_
            XDATA   0310H     0040H     UNIT         ?XD?_FINDDET4X4?BIPOLARMOTOR
            XDATA   0350H     0024H     UNIT         ?XD?_FINDDET3X3?BIPOLARMOTOR
            XDATA   0374H     001CH     UNIT         ?XD?MAIN
            XDATA   0390H     0009H     UNIT         ?XD?KEYPAD
            XDATA   0399H     0008H     UNIT         ?XD?_READ_VCNL4035?VCNL4035
            XDATA   03A1H     0004H     UNIT         ?XD?_DISPLAY_PROX?MAIN
            XDATA   03A5H     0003H     UNIT         ?XD?_SENDSTRING?UART1
            XDATA   03A8H     0001H     UNIT         ?XD?UC_ACK?VCNL4035
            XDATA   03A9H     0001H     UNIT         ?XD?UC_NACK?VCNL4035
            XDATA   03AAH     0001H     UNIT         ?XD?_DISPLAYLCD_VCNL4035?VCNL4035

            * * * * * * *   C O D E   M E M O R Y   * * * * * * *
            CODE    0000H     0003H     ABSOLUTE     
            CODE    0003H     0006H     UNIT         ?PR?_TEN?UART1
            CODE    0009H     0001H     UNIT         ?PR?TM0_ISR?MAIN
            CODE    000AH     0001H     UNIT         ?PR?_DECTOBCD?UART1
            CODE    000BH     0003H     ABSOLUTE     
            CODE    000EH     0015H     UNIT         ?PR?_DISPLAY_LINE?LCD_DRIVER_SPLC780D
            CODE    0023H     0003H     ABSOLUTE     
            CODE    0026H     08C2H     UNIT         ?C?LIB_CODE
            CODE    08E8H     07A2H     UNIT         ?PR?SUNPOS?SUNPOS
            CODE    108AH     0536H     UNIT         ?PR?_UPDATE_POSITION?BIPOLARMOTOR
            CODE    15C0H     02C0H     UNIT         ?PR?_FINDDET4X4?BIPOLARMOTOR
            CODE    1880H     02A0H     UNIT         ?PR?KEY_PROCESS?KEYPAD
            CODE    1B20H     025CH     UNIT         ?C_INITSEG
            CODE    1D7CH     024AH     UNIT         ?PR?MAIN?MAIN
BL51 BANKED LINKER/LOCATER V6.22                                                      08/22/2018  11:09:11  PAGE 3


            CODE    1FC6H     01D1H     UNIT         ?PR?_FINDDET3X3?BIPOLARMOTOR
            CODE    2197H     01B5H     UNIT         ?PR?_DISPLAY_POS?MAIN
            CODE    234CH     018DH     UNIT         ?PR?KEY_SCAN?KEYPAD
            CODE    24D9H     0188H     UNIT         ?PR?SIN?SIN
            CODE    2661H     0122H     UNIT         ?PR?ATAN?ATAN
            CODE    2783H     00DBH     UNIT         ?PR?_ATOI?ATOI
            CODE    285EH     00B1H     UNIT         ?PR?LINEAR_INTERPOLATE?BIPOLARMOTOR
            CODE    290FH     00ACH     UNIT         ?PR?SQRT?SQRT
            CODE    29BBH     009DH     UNIT         ?PR?_ATAN2?ATAN2
            CODE    2A58H     009BH     UNIT         ?PR?UART?MAIN
            CODE    2AF3H     009AH     UNIT         ?PR?_READ_VCNL4035?VCNL4035
            CODE    2B8DH     0095H     UNIT         ?PR?_DISPLAY_PROX?MAIN
            CODE    2C22H     008CH     UNIT         ?C_C51STARTUP
            CODE    2CAEH     0084H     UNIT         ?PR?_DAY_OF_YEAR?PCF85063BTL
            CODE    2D32H     0075H     UNIT         ?PR?_WRITEDATA?LCD_DRIVER_SPLC780D
            CODE    2DA7H     006FH     UNIT         ?PR?_READ_TIME?PCF85063BTL
            CODE    2E16H     0059H     UNIT         ?PR?LCD_INIT?LCD_DRIVER_SPLC780D
            CODE    2E6FH     0059H     UNIT         ?PR?_STEP_MOVE?BIPOLARMOTOR
            CODE    2EC8H     004AH     UNIT         ?PR?ACOS?ACOS
            CODE    2F12H     0049H     UNIT         ?PR?_WRITE_VCNL4035X?VCNL4035
            CODE    2F5BH     0044H     UNIT         ?C?LDIV
            CODE    2F9FH     0040H     UNIT         ?PR?_COMMAND?LCD_DRIVER_SPLC780D
            CODE    2FDFH     003BH     UNIT         ?PR?ASIN?ASIN
            CODE    301AH     0034H     UNIT         ?PR?_MOVE?BIPOLARMOTOR
            CODE    304EH     0033H     UNIT         ?PR?_SENDSTRING?UART1
            CODE    3081H     002CH     UNIT         ?PR?I2C_RECEIVEBYTE?VCNL4035
            CODE    30ADH     002BH     UNIT         ?PR?_WAIT_MS_I2C?VCNL4035
            CODE    30D8H     0024H     UNIT         ?PR?_WAIT_MS?LCD_DRIVER_SPLC780D
            CODE    30FCH     0022H     UNIT         ?PR?_I2C_SENDBYTE?VCNL4035
            CODE    311EH     0020H     UNIT         ?PR?_SPI_SENDBYTE?PCF85063BTL
            CODE    313EH     0020H     UNIT         ?PR?SPI_RECEIVEBYTE?PCF85063BTL
            CODE    315EH     001EH     UNIT         ?PR?_DELAY_MS?KEYPAD
            CODE    317CH     001EH     UNIT         ?PR?_WAIT_MS_IIC?VCNL4035
            CODE    319AH     001DH     UNIT         ?PR?_DISPLAYLCD?LCD_DRIVER_SPLC780D
            CODE    31B7H     001BH     UNIT         ?PR?I2C_ACK?VCNL4035
            CODE    31D2H     0018H     UNIT         ?PR?_SPI_WRITETIME?PCF85063BTL
            CODE    31EAH     0018H     UNIT         ?PR?_BCDTODEC1?BIPOLARMOTOR
            CODE    3202H     0017H     UNIT         ?PR?_ASCIITOBCD?UART1
            CODE    3219H     0017H     UNIT         ?PR?I2C_INIT?VCNL4035
            CODE    3230H     0015H     UNIT         ?PR?I2C_STOP?VCNL4035
            CODE    3245H     0014H     UNIT         ?PR?_PCF85063BTL_DELAY?PCF85063BTL
            CODE    3259H     0014H     UNIT         ?PR?_ISSPACE?ISSPACE
            CODE    326DH     0013H     UNIT         ?PR?I2C_START?VCNL4035
            CODE    3280H     0011H     UNIT         ?PR?_SPI_READTIME?PCF85063BTL
            CODE    3291H     0011H     UNIT         ?PR?_BCDTODEC?PCF85063BTL
            CODE    32A2H     0011H     UNIT         ?PR?INITUART1?UART1
            CODE    32B3H     000FH     UNIT         ?PR?UC_NACK?VCNL4035
            CODE    32C2H     000FH     UNIT         ?PR?_ISDIGIT?ISDIGIT
            CODE    32D1H     000DH     UNIT         ?PR?SPI_INIT?PCF85063BTL
            CODE    32DEH     000CH     UNIT         ?PR?KEYPAD_IO_INIT?KEYPAD
            CODE    32EAH     000CH     UNIT         ?PR?_ABS?ABS
            CODE    32F6H     000AH     UNIT         ?PR?LCD_RETURN_HOME?LCD_DRIVER_SPLC780D
            CODE    3300H     000AH     UNIT         ?PR?LCD_CLEAR?LCD_DRIVER_SPLC780D
            CODE    330AH     0009H     UNIT         ?PR?_SENDUART1?MAIN
            CODE    3313H     0006H     UNIT         ?PR?UC_ACK?VCNL4035
            CODE    3319H     0006H     UNIT         ?PR?_DISPLAYLCD_VCNL4035?VCNL4035
            CODE    331FH     0005H     UNIT         ?PR?_UNIT?UART1
BL51 BANKED LINKER/LOCATER V6.22                                                      08/22/2018  11:09:11  PAGE 4


            CODE    3324H     0005H     UNIT         ?PR?_ASCII_LETTER?UART1
            CODE    3329H     0001H     UNIT         ?PR?NOP?VCNL4035



OVERLAY MAP OF MODULE:   .\Obj\GPIO_RTC_Test (MAIN)


SEGMENT                                            BIT_GROUP          XDATA_GROUP
  +--> CALLED SEGMENT                           START    LENGTH     START    LENGTH
-----------------------------------------------------------------------------------
?PR?UART?MAIN                                   -----    -----      -----    -----
  +--> ?PR?_ASCIITOBCD?UART1

?PR?_ASCIITOBCD?UART1                           -----    -----      -----    -----
  +--> ?PR?_ATOI?ATOI

?PR?_ATOI?ATOI                                  0020H.4  0000H.1    0210H    0005H
  +--> ?PR?_ISSPACE?ISSPACE
  +--> ?PR?_ISDIGIT?ISDIGIT

*** NEW ROOT ***************************************************

?C_C51STARTUP                                   -----    -----      -----    -----
  +--> ?PR?MAIN?MAIN
  +--> ?C_INITSEG

?PR?MAIN?MAIN                                   -----    -----      0215H    0017H
  +--> ?PR?LCD_INIT?LCD_DRIVER_SPLC780D
  +--> ?PR?SPI_INIT?PCF85063BTL
  +--> ?PR?KEYPAD_IO_INIT?KEYPAD
  +--> ?PR?I2C_INIT?VCNL4035
  +--> ?PR?_DELAY_MS?KEYPAD
  +--> ?PR?_DISPLAY_LINE?LCD_DRIVER_SPLC780D
  +--> ?PR?_WRITEDATA?LCD_DRIVER_SPLC780D
  +--> ?PR?KEY_PROCESS?KEYPAD
  +--> ?PR?_COMMAND?LCD_DRIVER_SPLC780D
  +--> ?PR?_DISPLAY_POS?MAIN
  +--> ?PR?_DISPLAYLCD?LCD_DRIVER_SPLC780D
  +--> ?PR?_STEP_MOVE?BIPOLARMOTOR
  +--> ?PR?LCD_RETURN_HOME?LCD_DRIVER_SPLC780D
  +--> ?PR?_READ_TIME?PCF85063BTL
  +--> ?PR?_UPDATE_POSITION?BIPOLARMOTOR

?PR?LCD_INIT?LCD_DRIVER_SPLC780D                -----    -----      -----    -----
  +--> ?PR?_WAIT_MS?LCD_DRIVER_SPLC780D
  +--> ?PR?_COMMAND?LCD_DRIVER_SPLC780D

?PR?_COMMAND?LCD_DRIVER_SPLC780D                -----    -----      -----    -----
  +--> ?PR?_WAIT_MS?LCD_DRIVER_SPLC780D

?PR?I2C_INIT?VCNL4035                           -----    -----      -----    -----
  +--> ?PR?_WRITE_VCNL4035X?VCNL4035

?PR?_WRITE_VCNL4035X?VCNL4035                   -----    -----      022CH    0003H
  +--> ?PR?I2C_START?VCNL4035
  +--> ?PR?_WAIT_MS_I2C?VCNL4035
BL51 BANKED LINKER/LOCATER V6.22                                                      08/22/2018  11:09:11  PAGE 5


  +--> ?PR?I2C_ACK?VCNL4035
  +--> ?PR?_I2C_SENDBYTE?VCNL4035
  +--> ?PR?I2C_STOP?VCNL4035

?PR?I2C_START?VCNL4035                          -----    -----      -----    -----
  +--> ?PR?_WAIT_MS_IIC?VCNL4035
  +--> ?PR?_WAIT_MS_I2C?VCNL4035

?PR?I2C_ACK?VCNL4035                            -----    -----      022FH    0001H
  +--> ?PR?_I2C_SENDBYTE?VCNL4035
  +--> ?PR?_WAIT_MS_I2C?VCNL4035

?PR?_I2C_SENDBYTE?VCNL4035                      -----    -----      -----    -----
  +--> ?PR?_WAIT_MS_I2C?VCNL4035

?PR?I2C_STOP?VCNL4035                           -----    -----      -----    -----
  +--> ?PR?_WAIT_MS_I2C?VCNL4035

?PR?_DISPLAY_LINE?LCD_DRIVER_SPLC780D           -----    -----      -----    -----
  +--> ?PR?_COMMAND?LCD_DRIVER_SPLC780D

?PR?_WRITEDATA?LCD_DRIVER_SPLC780D              -----    -----      0236H    0001H
  +--> ?PR?_WAIT_MS?LCD_DRIVER_SPLC780D

?PR?KEY_PROCESS?KEYPAD                          -----    -----      022CH    0006H
  +--> ?PR?KEY_SCAN?KEYPAD
  +--> ?PR?_SPI_WRITETIME?PCF85063BTL
  +--> ?PR?LCD_CLEAR?LCD_DRIVER_SPLC780D
  +--> ?PR?_COMMAND?LCD_DRIVER_SPLC780D
  +--> ?PR?_WRITEDATA?LCD_DRIVER_SPLC780D

?PR?KEY_SCAN?KEYPAD                             -----    -----      0232H    0003H

?PR?_SPI_WRITETIME?PCF85063BTL                  -----    -----      -----    -----
  +--> ?PR?_SPI_SENDBYTE?PCF85063BTL

?PR?_SPI_SENDBYTE?PCF85063BTL                   -----    -----      -----    -----
  +--> ?PR?_PCF85063BTL_DELAY?PCF85063BTL

?PR?LCD_CLEAR?LCD_DRIVER_SPLC780D               -----    -----      -----    -----
  +--> ?PR?_COMMAND?LCD_DRIVER_SPLC780D

?PR?_DISPLAY_POS?MAIN                           -----    -----      022CH    000AH
  +--> ?PR?_ABS?ABS
  +--> ?PR?_WRITEDATA?LCD_DRIVER_SPLC780D

?PR?_DISPLAYLCD?LCD_DRIVER_SPLC780D             -----    -----      022CH    0001H
  +--> ?PR?_WRITEDATA?LCD_DRIVER_SPLC780D

?PR?_STEP_MOVE?BIPOLARMOTOR                     0020H.6  0000H.1    02ABH    0004H
  +--> ?PR?_WAIT_MS?LCD_DRIVER_SPLC780D

?PR?LCD_RETURN_HOME?LCD_DRIVER_SPLC780D         -----    -----      -----    -----
  +--> ?PR?_COMMAND?LCD_DRIVER_SPLC780D

?PR?_READ_TIME?PCF85063BTL                      -----    -----      022CH    000FH
  +--> ?PR?_SPI_READTIME?PCF85063BTL
BL51 BANKED LINKER/LOCATER V6.22                                                      08/22/2018  11:09:11  PAGE 6



?PR?_SPI_READTIME?PCF85063BTL                   -----    -----      -----    -----
  +--> ?PR?_SPI_SENDBYTE?PCF85063BTL
  +--> ?PR?SPI_RECEIVEBYTE?PCF85063BTL

?PR?SPI_RECEIVEBYTE?PCF85063BTL                 -----    -----      -----    -----
  +--> ?PR?_PCF85063BTL_DELAY?PCF85063BTL

?PR?_UPDATE_POSITION?BIPOLARMOTOR               -----    -----      022CH    007BH
  +--> ?PR?_BCDTODEC1?BIPOLARMOTOR
  +--> ?PR?SUNPOS?SUNPOS
  +--> ?PR?LINEAR_INTERPOLATE?BIPOLARMOTOR
  +--> ?PR?_MOVE?BIPOLARMOTOR

?PR?SUNPOS?SUNPOS                               -----    -----      02A7H    005DH
  +--> ?PR?SIN?SIN
  +--> ?PR?_ATAN2?ATAN2
  +--> ?PR?ASIN?ASIN
  +--> ?PR?ACOS?ACOS

?PR?SIN?SIN                                     0020H.5  0000H.1    0304H    0004H

?PR?_ATAN2?ATAN2                                -----    -----      0304H    0008H
  +--> ?PR?ATAN?ATAN

?PR?ATAN?ATAN                                   0020H.5  0000H.2    030CH    0004H

?PR?ASIN?ASIN                                   -----    -----      -----    -----
  +--> ?PR?SQRT?SQRT
  +--> ?PR?ATAN?ATAN

?PR?SQRT?SQRT                                   -----    -----      0304H    0004H

?PR?ACOS?ACOS                                   -----    -----      -----    -----
  +--> ?PR?SQRT?SQRT
  +--> ?PR?ATAN?ATAN

?PR?LINEAR_INTERPOLATE?BIPOLARMOTOR             -----    -----      02A7H    0014H

?PR?_MOVE?BIPOLARMOTOR                          0020H.5  0000H.1    02A7H    0004H
  +--> ?PR?_STEP_MOVE?BIPOLARMOTOR



UNRESOLVED EXTERNAL SYMBOLS:
   AUTO_MODE



SYMBOL TABLE OF MODULE:  .\Obj\GPIO_RTC_Test (MAIN)

  VALUE           TYPE          NAME
  ----------------------------------

  -------         MODULE        MAIN
  C:0000H         SYMBOL        _ICE_DUMMY_
  D:0080H         PUBLIC        P0
BL51 BANKED LINKER/LOCATER V6.22                                                      08/22/2018  11:09:11  PAGE 7


  D:0090H         PUBLIC        P1
  D:00A0H         PUBLIC        P2
  D:00B0H         PUBLIC        P3
  D:00C0H         PUBLIC        P4
  D:00C8H         PUBLIC        P5
  X:037CH         SYMBOL        PressedKey
  B:00A8H.7       PUBLIC        EA
  D:00E8H         PUBLIC        P6
  D:00F8H         PUBLIC        P7
  X:0380H         PUBLIC        RX_Data_Uart_Cnt
  D:00A8H         PUBLIC        IE
  D:00B8H         PUBLIC        IP
  B:0098H.0       PUBLIC        RI
  B:0098H.1       PUBLIC        TI
  C:2A58H         PUBLIC        Uart
  D:00D8H         PUBLIC        CCON
  C:1D7CH         PUBLIC        main
  D:0099H         PUBLIC        SBUF
  D:0098H         PUBLIC        SCON
  D:0089H         PUBLIC        TMOD
  D:0088H         PUBLIC        TCON
  B:00B0H.3       PUBLIC        P33
  X:0382H         SYMBOL        KeyCount
  X:0384H         PUBLIC        Rec_data_hour
  X:0387H         PUBLIC        Rec_data_min
  D:008EH         PUBLIC        AUXR
  C:0009H         PUBLIC        tm0_isr
  B:0020H.7       PUBLIC        busy
  D:00E0H         PUBLIC        ACC
  B:00A8H.1       PUBLIC        ET0
  D:008CH         PUBLIC        TH0
  X:038AH         PUBLIC        hour_count
  D:008AH         PUBLIC        TL0
  X:038BH         PUBLIC        min_count
  B:0088H.4       PUBLIC        TR0
  X:038CH         SYMBOL        KeyNum
  X:038DH         SYMBOL        KeyNum_Old
  C:2B8DH         PUBLIC        _Display_Prox
  C:2197H         PUBLIC        _Display_Pos
  X:038EH         PUBLIC        st_time
  D:00D0H         PUBLIC        PSW
  C:330AH         PUBLIC        _SendUART1
  -------         PROC          TM0_ISR
  C:0009H         LINE#         53
  C:0009H         LINE#         56
  -------         ENDPROC       TM0_ISR
  -------         PROC          MAIN
  -------         DO            
  X:0215H         SYMBOL        seconds
  X:0216H         SYMBOL        mins
  X:0217H         SYMBOL        hours
  X:0218H         SYMBOL        days
  X:0219H         SYMBOL        months
  X:021AH         SYMBOL        mins1
  X:021BH         SYMBOL        hours1
  X:021CH         SYMBOL        mins2
  X:021DH         SYMBOL        hours2
BL51 BANKED LINKER/LOCATER V6.22                                                      08/22/2018  11:09:11  PAGE 8


  X:021EH         SYMBOL        prox_data
  X:0374H         SYMBOL        KeyCount
  X:0376H         SYMBOL        KeyNum_Old
  X:0377H         SYMBOL        KeyNum
  X:0378H         SYMBOL        PressedKey
  X:0220H         SYMBOL        prox_flag
  X:0221H         SYMBOL        count
  X:0223H         SYMBOL        numStr
  X:0228H         SYMBOL        current_position
  -------         ENDDO         
  C:1D7CH         LINE#         58
  C:1D7CH         LINE#         59
  C:1D7CH         LINE#         64
  C:1D82H         LINE#         66
  C:1D87H         LINE#         68
  C:1D91H         LINE#         69
  C:1D93H         LINE#         70
  C:1D95H         LINE#         71
  C:1D97H         LINE#         72
  C:1D9EH         LINE#         81
  C:1DA1H         LINE#         82
  C:1DA4H         LINE#         83
  C:1DA7H         LINE#         85
  C:1DAAH         LINE#         87
  C:1DADH         LINE#         88
  C:1DB0H         LINE#         89
  C:1DB3H         LINE#         90
  C:1DB5H         LINE#         91
  C:1DB7H         LINE#         92
  C:1DB9H         LINE#         94
  C:1DBBH         LINE#         96
  C:1DC2H         LINE#         98
  C:1DC9H         LINE#         102
  C:1DD0H         LINE#         103
  C:1DD5H         LINE#         104
  C:1DDAH         LINE#         105
  C:1DDFH         LINE#         106
  C:1DE4H         LINE#         107
  C:1DE9H         LINE#         110
  C:1DE9H         LINE#         111
  C:1DE9H         LINE#         112
  C:1DECH         LINE#         115
  C:1DECH         LINE#         118
  C:1DF1H         LINE#         119
  C:1DF6H         LINE#         121
  C:1DFBH         LINE#         122
  C:1E00H         LINE#         123
  C:1E05H         LINE#         124
  C:1E0AH         LINE#         126
  C:1E1BH         LINE#         128
  C:1E22H         LINE#         129
  C:1E2AH         LINE#         130
  C:1E2FH         LINE#         131
  C:1E37H         LINE#         132
  C:1E3CH         LINE#         133
  C:1E46H         LINE#         134
  C:1E4BH         LINE#         135
BL51 BANKED LINKER/LOCATER V6.22                                                      08/22/2018  11:09:11  PAGE 9


  C:1E53H         LINE#         137
  C:1E5BH         LINE#         138
  C:1E60H         LINE#         139
  C:1E6AH         LINE#         140
  C:1E6AH         LINE#         141
  C:1E6CH         LINE#         142
  C:1E6EH         LINE#         143
  C:1E78H         LINE#         144
  C:1E78H         LINE#         145
  C:1E7DH         LINE#         146
  C:1E7DH         LINE#         158
  C:1E8AH         LINE#         159
  C:1E8AH         LINE#         160
  C:1E94H         LINE#         161
  C:1EABH         LINE#         162
  C:1EABH         LINE#         163
  C:1EADH         LINE#         164
  C:1EAFH         LINE#         166
  C:1EAFH         LINE#         167
  C:1EBAH         LINE#         168
  C:1EBAH         LINE#         169
  C:1EBFH         LINE#         170
  C:1EBFH         LINE#         171
  C:1ECCH         LINE#         172
  C:1ECCH         LINE#         175
  C:1ED6H         LINE#         176
  C:1EEDH         LINE#         177
  C:1EEDH         LINE#         178
  C:1EEFH         LINE#         179
  C:1EF1H         LINE#         181
  C:1EF1H         LINE#         182
  C:1EFCH         LINE#         183
  C:1EFCH         LINE#         184
  C:1F01H         LINE#         185
  C:1F03H         LINE#         186
  C:1F03H         LINE#         195
  C:1F25H         LINE#         196
  C:1F25H         LINE#         197
  C:1F2FH         LINE#         198
  C:1F35H         LINE#         199
  C:1F37H         LINE#         200
  C:1F39H         LINE#         201
  C:1F3BH         LINE#         202
  C:1F3BH         LINE#         203
  C:1F3EH         LINE#         205
  C:1F3EH         LINE#         206
  C:1F46H         LINE#         207
  C:1F4EH         LINE#         208
  C:1F56H         LINE#         209
  C:1F5EH         LINE#         210
  C:1F99H         LINE#         214
  C:1FA6H         LINE#         215
  C:1FA6H         LINE#         218
  C:1FC3H         LINE#         219
  C:1FC3H         LINE#         236
  -------         ENDPROC       MAIN
  -------         PROC          UART
BL51 BANKED LINKER/LOCATER V6.22                                                      08/22/2018  11:09:11  PAGE 10


  C:2A58H         LINE#         243
  C:2A65H         LINE#         245
  C:2A68H         LINE#         246
  C:2A68H         LINE#         247
  C:2A76H         LINE#         248
  C:2A78H         LINE#         249
  C:2A8AH         LINE#         250
  C:2A99H         LINE#         251
  C:2AA4H         LINE#         252
  C:2AA4H         LINE#         255
  C:2AB1H         LINE#         256
  C:2AB7H         LINE#         257
  C:2AB7H         LINE#         258
  C:2ABDH         LINE#         259
  C:2ACBH         LINE#         260
  C:2AD9H         LINE#         261
  C:2AE1H         LINE#         266
  C:2AE1H         LINE#         267
  C:2AE1H         LINE#         270
  C:2AE1H         LINE#         271
  C:2AE4H         LINE#         272
  C:2AE4H         LINE#         273
  C:2AE6H         LINE#         274
  C:2AE8H         LINE#         275
  C:2AE8H         LINE#         276
  -------         ENDPROC       UART
  -------         PROC          _SENDUART1
  D:0007H         SYMBOL        dat
  C:330AH         LINE#         279
  C:330AH         LINE#         280
  C:330AH         LINE#         281
  C:330DH         LINE#         282
  C:330FH         LINE#         283
  C:3310H         LINE#         284
  C:3312H         LINE#         285
  -------         ENDPROC       _SENDUART1
  -------         PROC          _DISPLAY_PROX
  D:0002H         SYMBOL        dat
  -------         DO            
  X:03A1H         SYMBOL        unit
  X:03A2H         SYMBOL        ten
  X:03A3H         SYMBOL        hundred
  X:03A4H         SYMBOL        thousand
  -------         ENDDO         
  C:2B8DH         LINE#         288
  C:2B91H         LINE#         289
  C:2B91H         LINE#         291
  C:2B9DH         LINE#         292
  C:2BADH         LINE#         293
  C:2BC9H         LINE#         294
  C:2BF9H         LINE#         295
  C:2C03H         LINE#         296
  C:2C0DH         LINE#         297
  C:2C17H         LINE#         298
  C:2C21H         LINE#         300
  -------         ENDPROC       _DISPLAY_PROX
  -------         PROC          _DISPLAY_POS
BL51 BANKED LINKER/LOCATER V6.22                                                      08/22/2018  11:09:11  PAGE 11


  X:022CH         SYMBOL        sign_dat
  -------         DO            
  X:0230H         SYMBOL        unit
  X:0231H         SYMBOL        ten
  X:0232H         SYMBOL        hundred
  D:0003H         SYMBOL        thousand
  X:0233H         SYMBOL        after_dot
  X:0234H         SYMBOL        dat
  -------         ENDDO         
  C:2197H         LINE#         303
  C:219DH         LINE#         304
  C:219DH         LINE#         308
  C:21B9H         LINE#         309
  C:21D3H         LINE#         310
  C:21F7H         LINE#         312
  C:2241H         LINE#         314
  C:2258H         LINE#         315
  C:2265H         LINE#         316
  C:2287H         LINE#         317
  C:22BCH         LINE#         318
  C:22D4H         LINE#         319
  C:22D4H         LINE#         321
  C:22DEH         LINE#         322
  C:22E8H         LINE#         323
  C:22F2H         LINE#         324
  C:22F7H         LINE#         325
  C:2301H         LINE#         326
  C:2306H         LINE#         327
  C:230BH         LINE#         328
  C:230DH         LINE#         329
  C:230FH         LINE#         331
  C:230FH         LINE#         333
  C:2314H         LINE#         334
  C:231EH         LINE#         335
  C:2328H         LINE#         336
  C:2332H         LINE#         337
  C:2337H         LINE#         338
  C:2341H         LINE#         339
  C:2346H         LINE#         340
  C:234BH         LINE#         342
  C:234BH         LINE#         344
  -------         ENDPROC       _DISPLAY_POS
  -------         ENDMOD        MAIN

  -------         MODULE        PCF85063BTL
  C:0000H         SYMBOL        _ICE_DUMMY_
  D:0096H         PUBLIC        P2M0
  D:0080H         PUBLIC        P0
  D:0095H         PUBLIC        P2M1
  D:0090H         PUBLIC        P1
  D:00A0H         PUBLIC        P2
  D:00B0H         PUBLIC        P3
  D:00C0H         PUBLIC        P4
  D:00C8H         PUBLIC        P5
  D:00E8H         PUBLIC        P6
  B:00A0H.2       PUBLIC        PCF85063BTL_SDI
  D:00F8H         PUBLIC        P7
BL51 BANKED LINKER/LOCATER V6.22                                                      08/22/2018  11:09:11  PAGE 12


  B:00A0H.1       PUBLIC        PCF85063BTL_SCK
  B:00A0H.2       PUBLIC        PCF85063BTL_SDO
  D:00A8H         PUBLIC        IE
  C:2DA7H         PUBLIC        _Read_time
  C:324BH         PUBLIC        _PCF85063BTL_Delay
  D:00B8H         PUBLIC        IP
  D:00D8H         PUBLIC        CCON
  C:2CAEH         PUBLIC        _Day_Of_Year
  C:313EH         PUBLIC        SPI_ReceiveByte
  D:0098H         PUBLIC        SCON
  D:0088H         PUBLIC        TCON
  C:3291H         PUBLIC        _BCDtoDec
  B:00A0H.0       PUBLIC        PCF85063BTL_CS
  C:3280H         PUBLIC        _SPI_ReadTime
  C:32D1H         PUBLIC        SPI_Init
  C:31D2H         PUBLIC        _SPI_WriteTime
  C:311EH         PUBLIC        _SPI_SendByte
  D:00D0H         PUBLIC        PSW
  C:3247H         SYMBOL        L?0047
  -------         PROC          L?0046
  -------         ENDPROC       L?0046
  C:3247H         SYMBOL        L?0047
  -------         PROC          _PCF85063BTL_DELAY
  D:0006H         SYMBOL        us
  C:324BH         LINE#         8
  C:324BH         LINE#         9
  C:324BH         LINE#         10
  C:3255H         LINE#         11
  C:3255H         LINE#         12
  C:3256H         LINE#         13
  C:3258H         LINE#         14
  -------         ENDPROC       _PCF85063BTL_DELAY
  -------         PROC          _SPI_SENDBYTE
  D:0005H         SYMBOL        dat
  -------         DO            
  D:0003H         SYMBOL        i
  -------         ENDDO         
  C:311EH         LINE#         17
  C:3120H         LINE#         18
  C:3120H         LINE#         20
  C:3122H         LINE#         21
  C:3122H         LINE#         22
  C:3124H         LINE#         23
  C:3128H         LINE#         24
  C:3128H         LINE#         25
  C:312AH         LINE#         26
  C:312CH         LINE#         28
  C:312CH         LINE#         29
  C:312EH         LINE#         30
  C:312EH         LINE#         31
  C:3131H         LINE#         32
  C:3131H         LINE#         33
  C:3134H         LINE#         34
  C:3138H         LINE#         35
  C:313DH         LINE#         36
  -------         ENDPROC       _SPI_SENDBYTE
  -------         PROC          SPI_RECEIVEBYTE
BL51 BANKED LINKER/LOCATER V6.22                                                      08/22/2018  11:09:11  PAGE 13


  -------         DO            
  D:0003H         SYMBOL        i
  D:0005H         SYMBOL        dat
  -------         ENDDO         
  C:313EH         LINE#         39
  C:313EH         LINE#         40
  C:313EH         LINE#         42
  C:3140H         LINE#         44
  C:3142H         LINE#         45
  C:3143H         LINE#         46
  C:3143H         LINE#         47
  C:3147H         LINE#         48
  C:3149H         LINE#         49
  C:314CH         LINE#         51
  C:314FH         LINE#         52
  C:314FH         LINE#         53
  C:3153H         LINE#         54
  C:3153H         LINE#         55
  C:3153H         LINE#         56
  C:3156H         LINE#         57
  C:315BH         LINE#         58
  C:315DH         LINE#         59
  -------         ENDPROC       SPI_RECEIVEBYTE
  -------         PROC          _SPI_READTIME
  D:0007H         SYMBOL        addr
  -------         DO            
  D:0006H         SYMBOL        dat
  -------         ENDDO         
  C:3280H         LINE#         61
  C:3280H         LINE#         62
  C:3280H         LINE#         64
  C:3282H         LINE#         65
  C:3284H         LINE#         66
  C:328BH         LINE#         67
  C:328EH         LINE#         68
  C:3290H         LINE#         69
  C:3290H         LINE#         70
  -------         ENDPROC       _SPI_READTIME
  -------         PROC          _SPI_WRITETIME
  D:0002H         SYMBOL        val
  D:0005H         SYMBOL        addr
  C:31D2H         LINE#         71
  C:31D4H         LINE#         72
  C:31D4H         LINE#         74
  C:31D6H         LINE#         75
  C:31DDH         LINE#         76
  C:31E2H         LINE#         77
  C:31E7H         LINE#         78
  C:31E9H         LINE#         79
  -------         ENDPROC       _SPI_WRITETIME
  -------         PROC          SPI_INIT
  C:32D1H         LINE#         83
  C:32D1H         LINE#         84
  C:32D1H         LINE#         89
  C:32D4H         LINE#         90
  C:32D7H         LINE#         91
  C:32D9H         LINE#         92
BL51 BANKED LINKER/LOCATER V6.22                                                      08/22/2018  11:09:11  PAGE 14


  C:32DBH         LINE#         93
  C:32DDH         LINE#         94
  -------         ENDPROC       SPI_INIT
  -------         PROC          _READ_TIME
  X:022CH         SYMBOL        months
  X:022FH         SYMBOL        days
  X:0232H         SYMBOL        hours
  X:0235H         SYMBOL        mins
  X:0238H         SYMBOL        seconds
  C:2DA7H         LINE#         96
  C:2DB2H         LINE#         97
  C:2DB2H         LINE#         99
  C:2DC6H         LINE#         101
  C:2DDAH         LINE#         103
  C:2DEEH         LINE#         108
  C:2E02H         LINE#         113
  -------         ENDPROC       _READ_TIME
  -------         PROC          _BCDTODEC
  D:0007H         SYMBOL        bcd
  -------         DO            
  D:0006H         SYMBOL        hi
  D:0007H         SYMBOL        lo
  -------         ENDDO         
  C:3291H         LINE#         119
  C:3291H         LINE#         120
  C:3291H         LINE#         122
  C:3296H         LINE#         123
  C:329AH         LINE#         124
  C:32A1H         LINE#         125
  -------         ENDPROC       _BCDTODEC
  -------         PROC          _DAY_OF_YEAR
  D:0007H         SYMBOL        months_bcd
  D:0005H         SYMBOL        days_bcd
  -------         DO            
  D:0004H         SYMBOL        months
  D:0007H         SYMBOL        days
  -------         ENDDO         
  C:2CAEH         LINE#         126
  C:2CAEH         LINE#         127
  C:2CAEH         LINE#         130
  C:2CB3H         LINE#         132
  C:2CB8H         LINE#         134
  C:2CF1H         LINE#         135
  C:2CF1H         LINE#         136
  C:2CF1H         LINE#         137
  C:2CF4H         LINE#         138
  C:2CF4H         LINE#         139
  C:2CF4H         LINE#         140
  C:2CF9H         LINE#         141
  C:2CF9H         LINE#         142
  C:2CF9H         LINE#         143
  C:2CFEH         LINE#         144
  C:2CFEH         LINE#         145
  C:2CFEH         LINE#         146
  C:2D03H         LINE#         147
  C:2D03H         LINE#         148
  C:2D03H         LINE#         149
BL51 BANKED LINKER/LOCATER V6.22                                                      08/22/2018  11:09:11  PAGE 15


  C:2D08H         LINE#         150
  C:2D08H         LINE#         151
  C:2D08H         LINE#         152
  C:2D0DH         LINE#         153
  C:2D0DH         LINE#         154
  C:2D0DH         LINE#         155
  C:2D12H         LINE#         156
  C:2D12H         LINE#         157
  C:2D12H         LINE#         158
  C:2D17H         LINE#         159
  C:2D17H         LINE#         160
  C:2D17H         LINE#         161
  C:2D1FH         LINE#         162
  C:2D1FH         LINE#         163
  C:2D1FH         LINE#         164
  C:2D24H         LINE#         165
  C:2D24H         LINE#         166
  C:2D24H         LINE#         167
  C:2D29H         LINE#         168
  C:2D29H         LINE#         169
  C:2D29H         LINE#         170
  C:2D31H         LINE#         171
  C:2D31H         LINE#         172
  C:2D31H         LINE#         173
  -------         ENDPROC       _DAY_OF_YEAR
  -------         ENDMOD        PCF85063BTL

  -------         MODULE        UART1
  C:0000H         SYMBOL        _ICE_DUMMY_
  D:0080H         PUBLIC        P0
  D:0090H         PUBLIC        P1
  D:00A0H         PUBLIC        P2
  D:00B0H         PUBLIC        P3
  D:00C0H         PUBLIC        P4
  D:00C8H         PUBLIC        P5
  B:00A8H.7       PUBLIC        EA
  D:00E8H         PUBLIC        P6
  D:00F8H         PUBLIC        P7
  C:304EH         PUBLIC        _SendString
  D:00A8H         PUBLIC        IE
  B:00A8H.4       PUBLIC        ES
  D:00B8H         PUBLIC        IP
  C:3202H         PUBLIC        _ASCIItoBCD
  D:00D8H         PUBLIC        CCON
  C:32A2H         PUBLIC        initUART1
  D:0098H         PUBLIC        SCON
  D:0088H         PUBLIC        TCON
  C:000AH         PUBLIC        _DectoBCD
  C:3324H         PUBLIC        _ASCII_Letter
  D:008EH         PUBLIC        AUXR
  C:331FH         PUBLIC        _unit
  C:0003H         PUBLIC        _ten
  D:00D6H         PUBLIC        T2H
  D:00D7H         PUBLIC        T2L
  D:00D0H         PUBLIC        PSW
  -------         PROC          INITUART1
  C:32A2H         LINE#         21
BL51 BANKED LINKER/LOCATER V6.22                                                      08/22/2018  11:09:11  PAGE 16


  C:32A2H         LINE#         22
  C:32A2H         LINE#         23
  C:32A5H         LINE#         24
  C:32A8H         LINE#         25
  C:32ABH         LINE#         26
  C:32AEH         LINE#         27
  C:32B0H         LINE#         28
  C:32B2H         LINE#         30
  -------         ENDPROC       INITUART1
  -------         PROC          _SENDSTRING
  X:03A5H         SYMBOL        s
  C:304EH         LINE#         35
  C:3059H         LINE#         36
  C:3059H         LINE#         37
  C:3069H         LINE#         38
  C:3069H         LINE#         39
  C:307EH         LINE#         40
  C:3080H         LINE#         41
  -------         ENDPROC       _SENDSTRING
  -------         PROC          _TEN
  D:0007H         SYMBOL        BCD
  C:0003H         LINE#         43
  C:0003H         LINE#         44
  C:0003H         LINE#         45
  C:0008H         LINE#         46
  -------         ENDPROC       _TEN
  -------         PROC          _UNIT
  D:0007H         SYMBOL        BCD
  C:331FH         LINE#         47
  C:331FH         LINE#         48
  C:331FH         LINE#         52
  C:3323H         LINE#         53
  -------         ENDPROC       _UNIT
  -------         PROC          _DECTOBCD
  D:0007H         SYMBOL        dec
  C:000AH         LINE#         54
  C:000AH         LINE#         55
  C:000AH         LINE#         57
  C:000AH         LINE#         58
  -------         ENDPROC       _DECTOBCD
  -------         PROC          _ASCII_LETTER
  D:0007H         SYMBOL        dat
  C:3324H         LINE#         60
  C:3324H         LINE#         61
  C:3324H         LINE#         63
  C:3328H         LINE#         64
  -------         ENDPROC       _ASCII_LETTER
  -------         PROC          _ASCIITOBCD
  D:0001H         SYMBOL        ascii
  -------         DO            
  D:0007H         SYMBOL        dec_val
  D:0006H         SYMBOL        ten
  D:0007H         SYMBOL        unit
  -------         ENDDO         
  C:3202H         LINE#         66
  C:3202H         LINE#         67
  C:3202H         LINE#         69
BL51 BANKED LINKER/LOCATER V6.22                                                      08/22/2018  11:09:11  PAGE 17


  C:3205H         LINE#         70
  C:320BH         LINE#         71
  C:3212H         LINE#         72
  C:3218H         LINE#         74
  -------         ENDPROC       _ASCIITOBCD
  -------         ENDMOD        UART1

  -------         MODULE        LCD_DRIVER_SPLC780D
  C:0000H         SYMBOL        _ICE_DUMMY_
  D:0092H         PUBLIC        P1M0
  D:0091H         PUBLIC        P1M1
  D:0080H         PUBLIC        P0
  D:0090H         PUBLIC        P1
  D:00A0H         PUBLIC        P2
  D:00B0H         PUBLIC        P3
  D:00C0H         PUBLIC        P4
  D:00C8H         PUBLIC        P5
  D:00E8H         PUBLIC        P6
  D:00F8H         PUBLIC        P7
  C:2D32H         PUBLIC        _WriteData
  D:00A8H         PUBLIC        IE
  D:00B8H         PUBLIC        IP
  D:00D8H         PUBLIC        CCON
  B:0090H.4       PUBLIC        LCD_D4
  B:0090H.5       PUBLIC        LCD_D5
  B:0090H.6       PUBLIC        LCD_D6
  C:319AH         PUBLIC        _DisplayLCD
  B:0090H.7       PUBLIC        LCD_D7
  D:0098H         PUBLIC        SCON
  D:0088H         PUBLIC        TCON
  C:3300H         PUBLIC        LCD_clear
  C:2F9FH         PUBLIC        _Command
  C:000EH         PUBLIC        _Display_Line
  C:2E16H         PUBLIC        LCD_Init
  C:30DEH         PUBLIC        _Wait_ms
  B:0090H.1       PUBLIC        LCD_RS
  B:0090H.2       PUBLIC        LCD_RW
  C:32F6H         PUBLIC        LCD_return_home
  B:0090H.3       PUBLIC        LCD_E
  D:00D0H         PUBLIC        PSW
  -------         PROC          LCD_INIT
  C:2E16H         LINE#         9
  C:2E16H         LINE#         10
  C:2E16H         LINE#         11
  C:2E19H         LINE#         12
  C:2E1CH         LINE#         14
  C:2E22H         LINE#         15
  C:2E27H         LINE#         17
  C:2E2EH         LINE#         18
  C:2E33H         LINE#         20
  C:2E36H         LINE#         21
  C:2E3BH         LINE#         23
  C:2E3EH         LINE#         24
  C:2E43H         LINE#         26
  C:2E4AH         LINE#         29
  C:2E4FH         LINE#         30
  C:2E54H         LINE#         32
BL51 BANKED LINKER/LOCATER V6.22                                                      08/22/2018  11:09:11  PAGE 18


  C:2E59H         LINE#         33
  C:2E5EH         LINE#         35
  C:2E63H         LINE#         36
  C:2E68H         LINE#         37
  -------         ENDPROC       LCD_INIT
  -------         PROC          _WRITEDATA
  X:0236H         SYMBOL        dat
  C:2D32H         LINE#         40
  C:2D37H         LINE#         41
  C:2D37H         LINE#         46
  C:2D39H         LINE#         47
  C:2D3BH         LINE#         49
  C:2D49H         LINE#         50
  C:2D55H         LINE#         51
  C:2D61H         LINE#         52
  C:2D6BH         LINE#         53
  C:2D6DH         LINE#         54
  C:2D74H         LINE#         55
  C:2D76H         LINE#         57
  C:2D86H         LINE#         58
  C:2D91H         LINE#         59
  C:2D9BH         LINE#         60
  C:2D9FH         LINE#         62
  C:2D9FH         LINE#         63
  C:2DA2H         LINE#         64
  C:2DA4H         LINE#         65
  C:2DA6H         LINE#         67
  -------         ENDPROC       _WRITEDATA
  -------         PROC          _COMMAND
  D:0007H         SYMBOL        dat
  C:2F9FH         LINE#         69
  C:2F9FH         LINE#         70
  C:2F9FH         LINE#         71
  C:2FA1H         LINE#         72
  C:2FA3H         LINE#         74
  C:2FADH         LINE#         75
  C:2FB1H         LINE#         77
  C:2FB3H         LINE#         78
  C:2FBCH         LINE#         79
  C:2FC0H         LINE#         81
  C:2FC2H         LINE#         82
  C:2FC9H         LINE#         83
  C:2FCDH         LINE#         85
  C:2FCFH         LINE#         86
  C:2FD3H         LINE#         87
  C:2FD7H         LINE#         89
  C:2FD9H         LINE#         90
  C:2FD9H         LINE#         91
  C:2FDCH         LINE#         92
  C:2FDEH         LINE#         93
  -------         ENDPROC       _COMMAND
  C:30DAH         SYMBOL        L?0028
  -------         PROC          L?0027
  -------         ENDPROC       L?0027
  C:30DAH         SYMBOL        L?0028
  -------         PROC          _WAIT_MS
  D:0006H         SYMBOL        ms
BL51 BANKED LINKER/LOCATER V6.22                                                      08/22/2018  11:09:11  PAGE 19


  -------         DO            
  D:0004H         SYMBOL        De_Cnt
  -------         ENDDO         
  C:30DEH         LINE#         95
  C:30DEH         LINE#         96
  C:30DEH         LINE#         98
  C:30E8H         LINE#         99
  C:30E8H         LINE#         100
  C:30FBH         LINE#         101
  C:30FBH         LINE#         102
  -------         ENDPROC       _WAIT_MS
  -------         PROC          _DISPLAYLCD
  D:0007H         SYMBOL        BCD
  -------         DO            
  D:0006H         SYMBOL        first_digit
  X:022CH         SYMBOL        second_digit
  -------         ENDDO         
  C:319AH         LINE#         103
  C:319AH         LINE#         104
  C:319AH         LINE#         106
  C:31A1H         LINE#         107
  C:31AAH         LINE#         109
  C:31AFH         LINE#         111
  -------         ENDPROC       _DISPLAYLCD
  -------         PROC          LCD_RETURN_HOME
  C:32F6H         LINE#         115
  C:32F6H         LINE#         116
  C:32F6H         LINE#         117
  C:32FBH         LINE#         118
  -------         ENDPROC       LCD_RETURN_HOME
  -------         PROC          LCD_CLEAR
  C:3300H         LINE#         121
  C:3300H         LINE#         122
  C:3300H         LINE#         123
  C:3305H         LINE#         124
  -------         ENDPROC       LCD_CLEAR
  -------         PROC          _DISPLAY_LINE
  D:0006H         SYMBOL        line
  C:000EH         LINE#         128
  C:000EH         LINE#         129
  C:000EH         LINE#         130
  C:0014H         LINE#         131
  C:0014H         LINE#         132
  C:0016H         LINE#         133
  C:0016H         LINE#         134
  C:0018H         LINE#         136
  C:0018H         LINE#         137
  C:001DH         LINE#         138
  C:0022H         LINE#         139
  C:0022H         LINE#         140
  -------         ENDPROC       _DISPLAY_LINE
  -------         ENDMOD        LCD_DRIVER_SPLC780D

  -------         MODULE        KEYPAD
  C:0000H         SYMBOL        _ICE_DUMMY_
  D:0093H         PUBLIC        P0M1
  D:0080H         PUBLIC        P0
BL51 BANKED LINKER/LOCATER V6.22                                                      08/22/2018  11:09:11  PAGE 20


  D:0090H         PUBLIC        P1
  D:00A0H         PUBLIC        P2
  D:00B0H         PUBLIC        P3
  D:00C0H         PUBLIC        P4
  D:00C8H         PUBLIC        P5
  D:00E8H         PUBLIC        P6
  D:00F8H         PUBLIC        P7
  D:00A8H         PUBLIC        IE
  C:234CH         PUBLIC        Key_Scan
  D:00B8H         PUBLIC        IP
  D:00D8H         PUBLIC        CCON
  C:32DEH         PUBLIC        KeyPad_IO_Init
  C:315EH         PUBLIC        _Delay_ms
  D:0098H         PUBLIC        SCON
  D:0088H         PUBLIC        TCON
  B:0020H.0       PUBLIC        small_move
  B:0020H.1       PUBLIC        move
  B:0020H.2       PUBLIC        direction
  B:0020H.3       PUBLIC        auto_move
  C:1880H         PUBLIC        Key_Process
  D:00D0H         PUBLIC        PSW
  D:0094H         PUBLIC        P0M0
  -------         PROC          _DELAY_MS
  D:0006H         SYMBOL        ms
  -------         DO            
  D:0004H         SYMBOL        De_Cnt
  -------         ENDDO         
  C:315EH         LINE#         19
  C:315EH         LINE#         20
  C:315EH         LINE#         22
  C:3168H         LINE#         23
  C:3168H         LINE#         24
  C:317BH         LINE#         25
  C:317BH         LINE#         26
  -------         ENDPROC       _DELAY_MS
  -------         PROC          KEY_SCAN
  -------         DO            
  X:0232H         SYMBOL        KeyTemp1
  X:0233H         SYMBOL        KeyTemp2
  X:0234H         SYMBOL        KeyValue
  -------         ENDDO         
  C:234CH         LINE#         27
  C:234CH         LINE#         28
  C:234CH         LINE#         33
  C:234FH         LINE#         36
  C:2352H         LINE#         38
  C:235AH         LINE#         39
  C:2361H         LINE#         40
  C:2361H         LINE#         42
  C:2366H         LINE#         43
  C:236DH         LINE#         44
  C:236DH         LINE#         47
  C:2370H         LINE#         48
  C:2373H         LINE#         49
  C:2378H         LINE#         50
  C:237CH         LINE#         51
  C:237CH         LINE#         52
BL51 BANKED LINKER/LOCATER V6.22                                                      08/22/2018  11:09:11  PAGE 21


  C:2384H         LINE#         53
  C:2384H         LINE#         54
  C:2387H         LINE#         55
  C:238FH         LINE#         56
  C:2391H         LINE#         58
  C:23A5H         LINE#         59
  C:23A5H         LINE#         60
  C:23A5H         LINE#         61
  C:23A5H         LINE#         62
  C:23ABH         LINE#         64
  C:23ADH         LINE#         65
  C:23ADH         LINE#         66
  C:23ADH         LINE#         67
  C:23B3H         LINE#         69
  C:23B5H         LINE#         70
  C:23B5H         LINE#         71
  C:23B5H         LINE#         72
  C:23BBH         LINE#         74
  C:23BDH         LINE#         75
  C:23BDH         LINE#         76
  C:23BDH         LINE#         77
  C:23C3H         LINE#         79
  C:23C3H         LINE#         80
  C:23C3H         LINE#         81
  C:23C3H         LINE#         84
  C:23C6H         LINE#         85
  C:23C9H         LINE#         86
  C:23D1H         LINE#         87
  C:23D5H         LINE#         88
  C:23D5H         LINE#         89
  C:23DDH         LINE#         90
  C:23DDH         LINE#         91
  C:23E0H         LINE#         92
  C:23E8H         LINE#         93
  C:23EAH         LINE#         94
  C:23FEH         LINE#         95
  C:23FEH         LINE#         96
  C:23FEH         LINE#         97
  C:23FEH         LINE#         98
  C:2404H         LINE#         100
  C:2406H         LINE#         101
  C:2406H         LINE#         102
  C:2406H         LINE#         103
  C:240CH         LINE#         105
  C:240EH         LINE#         106
  C:240EH         LINE#         107
  C:240EH         LINE#         108
  C:2414H         LINE#         110
  C:2416H         LINE#         111
  C:2416H         LINE#         112
  C:2416H         LINE#         113
  C:241BH         LINE#         115
  C:241BH         LINE#         116
  C:241BH         LINE#         117
  C:241BH         LINE#         120
  C:241EH         LINE#         121
  C:2421H         LINE#         122
BL51 BANKED LINKER/LOCATER V6.22                                                      08/22/2018  11:09:11  PAGE 22


  C:2429H         LINE#         123
  C:242DH         LINE#         124
  C:242DH         LINE#         125
  C:2435H         LINE#         126
  C:2435H         LINE#         127
  C:2438H         LINE#         128
  C:2440H         LINE#         129
  C:2442H         LINE#         130
  C:2456H         LINE#         131
  C:2456H         LINE#         132
  C:2456H         LINE#         133
  C:2456H         LINE#         134
  C:245CH         LINE#         136
  C:245EH         LINE#         137
  C:245EH         LINE#         138
  C:245EH         LINE#         139
  C:2464H         LINE#         141
  C:2466H         LINE#         142
  C:2466H         LINE#         143
  C:2466H         LINE#         144
  C:246CH         LINE#         146
  C:246EH         LINE#         147
  C:246EH         LINE#         148
  C:246EH         LINE#         149
  C:2474H         LINE#         151
  C:2474H         LINE#         152
  C:2474H         LINE#         153
  C:2474H         LINE#         157
  C:2477H         LINE#         158
  C:247AH         LINE#         159
  C:2482H         LINE#         160
  C:2486H         LINE#         161
  C:2486H         LINE#         162
  C:248EH         LINE#         163
  C:248EH         LINE#         164
  C:2491H         LINE#         165
  C:2499H         LINE#         166
  C:249BH         LINE#         167
  C:24AFH         LINE#         168
  C:24AFH         LINE#         169
  C:24AFH         LINE#         170
  C:24AFH         LINE#         171
  C:24B5H         LINE#         173
  C:24B7H         LINE#         174
  C:24B7H         LINE#         175
  C:24B7H         LINE#         176
  C:24BDH         LINE#         178
  C:24BFH         LINE#         179
  C:24BFH         LINE#         180
  C:24BFH         LINE#         181
  C:24C5H         LINE#         183
  C:24C7H         LINE#         184
  C:24C7H         LINE#         185
  C:24C7H         LINE#         186
  C:24CDH         LINE#         188
  C:24CDH         LINE#         189
  C:24CDH         LINE#         190
BL51 BANKED LINKER/LOCATER V6.22                                                      08/22/2018  11:09:11  PAGE 23


  C:24CDH         LINE#         192
  C:24D3H         LINE#         193
  C:24D3H         LINE#         195
  C:24D3H         LINE#         196
  C:24D6H         LINE#         197
  C:24D6H         LINE#         198
  C:24D6H         LINE#         200
  C:24D6H         LINE#         201
  C:24D8H         LINE#         202
  C:24D8H         LINE#         203
  -------         ENDPROC       KEY_SCAN
  -------         PROC          KEY_PROCESS
  -------         DO            
  X:0390H         SYMBOL        KeyCount
  X:0392H         SYMBOL        KeyNum_Old
  X:0393H         SYMBOL        KeyNum
  X:0394H         SYMBOL        PressedKey
  X:022CH         SYMBOL        d
  D:0004H         SYMBOL        hours
  D:0006H         SYMBOL        mins
  X:022EH         SYMBOL        months
  X:0230H         SYMBOL        days
  -------         ENDDO         
  C:1880H         LINE#         204
  C:1880H         LINE#         205
  C:1880H         LINE#         209
  C:1888H         LINE#         210
  C:1890H         LINE#         212
  C:1893H         LINE#         213
  C:1893H         LINE#         214
  C:1896H         LINE#         216
  C:1896H         LINE#         217
  C:18A3H         LINE#         218
  C:18A3H         LINE#         219
  C:18A6H         LINE#         220
  C:18A9H         LINE#         222
  C:18ACH         LINE#         224
  C:18ACH         LINE#         225
  C:18B7H         LINE#         226
  C:18B7H         LINE#         227
  C:18BAH         LINE#         229
  C:18BAH         LINE#         230
  C:18C1H         LINE#         231
  C:18C1H         LINE#         232
  C:18C4H         LINE#         234
  C:18C4H         LINE#         235
  C:18CCH         LINE#         236
  C:18CCH         LINE#         237
  C:18D6H         LINE#         238
  C:18DEH         LINE#         240
  C:18E7H         LINE#         242
  C:18E7H         LINE#         251
  C:18FCH         LINE#         252
  C:18FCH         LINE#         253
  C:190EH         LINE#         254
  C:191CH         LINE#         255
  C:192BH         LINE#         256
BL51 BANKED LINKER/LOCATER V6.22                                                      08/22/2018  11:09:11  PAGE 24


  C:192BH         LINE#         258
  C:1931H         LINE#         262
  C:1947H         LINE#         263
  C:1958H         LINE#         264
  C:1973H         LINE#         265
  C:1973H         LINE#         266
  C:1983H         LINE#         267
  C:1994H         LINE#         268
  C:1994H         LINE#         272
  C:19ADH         LINE#         273
  C:19C4H         LINE#         274
  C:19E4H         LINE#         275
  C:19E4H         LINE#         276
  C:19EEH         LINE#         277
  C:19EEH         LINE#         278
  C:19F7H         LINE#         279
  C:19F7H         LINE#         280
  C:1A0BH         LINE#         281
  C:1A0BH         LINE#         282
  C:1A0BH         LINE#         283
  C:1A0BH         LINE#         284
  C:1A0BH         LINE#         285
  C:1A0DH         LINE#         287
  C:1A0DH         LINE#         288
  C:1A19H         LINE#         289
  C:1A19H         LINE#         290
  C:1A2AH         LINE#         291
  C:1A2AH         LINE#         292
  C:1A2AH         LINE#         293
  C:1A2AH         LINE#         294
  C:1A2AH         LINE#         296
  C:1A2CH         LINE#         298
  C:1A2CH         LINE#         299
  C:1A3DH         LINE#         300
  C:1A3DH         LINE#         301
  C:1A3DH         LINE#         302
  C:1A3DH         LINE#         303
  C:1A3DH         LINE#         305
  C:1A3DH         LINE#         307
  C:1A3DH         LINE#         308
  C:1A3FH         LINE#         310
  C:1A3FH         LINE#         311
  C:1A52H         LINE#         312
  C:1A52H         LINE#         313
  C:1A63H         LINE#         314
  C:1A63H         LINE#         315
  C:1A63H         LINE#         316
  C:1A63H         LINE#         317
  C:1A63H         LINE#         318
  C:1A65H         LINE#         320
  C:1A65H         LINE#         321
  C:1A76H         LINE#         322
  C:1A76H         LINE#         323
  C:1A87H         LINE#         324
  C:1A98H         LINE#         325
  C:1A98H         LINE#         326
  C:1A98H         LINE#         327
BL51 BANKED LINKER/LOCATER V6.22                                                      08/22/2018  11:09:11  PAGE 25


  C:1A98H         LINE#         328
  C:1A98H         LINE#         329
  C:1A9BH         LINE#         330
  C:1AA0H         LINE#         331
  C:1AA5H         LINE#         332
  C:1AAAH         LINE#         333
  C:1AAFH         LINE#         334
  C:1AB4H         LINE#         335
  C:1AB9H         LINE#         336
  C:1ABEH         LINE#         337
  C:1ABEH         LINE#         339
  C:1AE0H         LINE#         340
  C:1AE0H         LINE#         341
  C:1AEAH         LINE#         342
  C:1AEAH         LINE#         343
  C:1AEFH         LINE#         344
  C:1AF8H         LINE#         345
  C:1B0FH         LINE#         346
  C:1B0FH         LINE#         347
  C:1B1FH         LINE#         349
  C:1B1FH         LINE#         353
  -------         ENDPROC       KEY_PROCESS
  -------         PROC          KEYPAD_IO_INIT
  C:32DEH         LINE#         356
  C:32DEH         LINE#         357
  C:32DEH         LINE#         358
  C:32E1H         LINE#         359
  C:32E4H         LINE#         360
  C:32E7H         LINE#         361
  C:32E9H         LINE#         362
  -------         ENDPROC       KEYPAD_IO_INIT
  -------         ENDMOD        KEYPAD

  -------         MODULE        VCNL4035
  C:0000H         SYMBOL        _ICE_DUMMY_
  D:0080H         PUBLIC        P0
  B:00B0H.2       PUBLIC        I2C_SCK
  D:00B2H         PUBLIC        P3M0
  D:0090H         PUBLIC        P1
  D:00B1H         PUBLIC        P3M1
  D:00A0H         PUBLIC        P2
  D:00B0H         PUBLIC        P3
  D:00C0H         PUBLIC        P4
  D:00C8H         PUBLIC        P5
  D:00E8H         PUBLIC        P6
  D:00F8H         PUBLIC        P7
  D:00A8H         PUBLIC        IE
  C:3319H         PUBLIC        _DisplayLCD_VCNL4035
  D:00B8H         PUBLIC        IP
  D:00D8H         PUBLIC        CCON
  C:326DH         PUBLIC        I2C_Start
  D:0098H         PUBLIC        SCON
  C:3219H         PUBLIC        I2C_Init
  D:0088H         PUBLIC        TCON
  C:32B3H         PUBLIC        uC_NACK
  C:30BAH         PUBLIC        _Wait_ms_i2c
  C:30FCH         PUBLIC        _I2C_SendByte
BL51 BANKED LINKER/LOCATER V6.22                                                      08/22/2018  11:09:11  PAGE 26


  C:3230H         PUBLIC        I2C_Stop
  C:2F12H         PUBLIC        _Write_VCNL4035X
  C:3329H         PUBLIC        nop
  C:2AF3H         PUBLIC        _Read_VCNL4035
  C:3313H         PUBLIC        uC_ACK
  C:31BCH         PUBLIC        I2C_ACK
  C:317CH         PUBLIC        _Wait_ms_iic
  B:00B0H.1       PUBLIC        I2C_SDA
  D:00D0H         PUBLIC        PSW
  C:3087H         PUBLIC        I2C_ReceiveByte
  -------         PROC          _WAIT_MS_IIC
  D:0006H         SYMBOL        ms
  -------         DO            
  D:0004H         SYMBOL        De_Cnt
  -------         ENDDO         
  C:317CH         LINE#         5
  C:317CH         LINE#         6
  C:317CH         LINE#         8
  C:3186H         LINE#         9
  C:3186H         LINE#         10
  C:3199H         LINE#         11
  C:3199H         LINE#         12
  -------         ENDPROC       _WAIT_MS_IIC
  C:30B4H         SYMBOL        L?0048
  C:30B6H         SYMBOL        L?0049
  -------         PROC          L?0047
  -------         ENDPROC       L?0047
  C:30B4H         SYMBOL        L?0048
  C:30B6H         SYMBOL        L?0049
  -------         PROC          _WAIT_MS_I2C
  D:0006H         SYMBOL        ms
  -------         DO            
  D:0004H         SYMBOL        De_Cnt
  -------         ENDDO         
  C:30BAH         LINE#         14
  C:30BAH         LINE#         15
  C:30BAH         LINE#         17
  C:30C4H         LINE#         18
  C:30C4H         LINE#         19
  C:30D7H         LINE#         20
  C:30D7H         LINE#         21
  -------         ENDPROC       _WAIT_MS_I2C
  -------         PROC          NOP
  C:3329H         LINE#         22
  C:3329H         LINE#         23
  C:3329H         LINE#         25
  -------         ENDPROC       NOP
  -------         PROC          I2C_START
  C:326DH         LINE#         26
  C:326DH         LINE#         27
  C:326DH         LINE#         29
  C:326FH         LINE#         30
  C:3271H         LINE#         31
  C:3278H         LINE#         32
  C:327AH         LINE#         33
  C:327DH         LINE#         34
  C:327FH         LINE#         37
BL51 BANKED LINKER/LOCATER V6.22                                                      08/22/2018  11:09:11  PAGE 27


  -------         ENDPROC       I2C_START
  -------         PROC          I2C_STOP
  C:3230H         LINE#         39
  C:3230H         LINE#         40
  C:3230H         LINE#         41
  C:3232H         LINE#         42
  C:3234H         LINE#         43
  C:3237H         LINE#         44
  C:3239H         LINE#         45
  C:323BH         LINE#         46
  C:3242H         LINE#         47
  C:3244H         LINE#         50
  -------         ENDPROC       I2C_STOP
  -------         PROC          L?0050
  -------         ENDPROC       L?0050
  -------         PROC          I2C_ACK
  -------         DO            
  X:022FH         SYMBOL        i
  D:0003H         SYMBOL        dat
  -------         ENDDO         
  C:31BCH         LINE#         52
  C:31BCH         LINE#         53
  C:31BCH         LINE#         55
  C:31BDH         LINE#         60
  C:31C0H         LINE#         61
  C:31C2H         LINE#         62
  C:31C5H         LINE#         64
  C:31C8H         LINE#         65
  C:31C8H         LINE#         66
  C:31CCH         LINE#         67
  C:31CCH         LINE#         70
  C:31CCH         LINE#         71
  C:31CFH         LINE#         72
  C:31CFH         LINE#         73
  C:31D1H         LINE#         74
  -------         ENDPROC       I2C_ACK
  -------         PROC          UC_ACK
  -------         DO            
  X:03A8H         SYMBOL        i
  -------         ENDDO         
  C:3313H         LINE#         75
  C:3313H         LINE#         76
  C:3313H         LINE#         78
  C:3313H         LINE#         85
  C:3313H         LINE#         87
  C:3313H         LINE#         89
  C:3313H         LINE#         90
  C:3313H         LINE#         93
  C:3316H         LINE#         94
  C:3318H         LINE#         95
  C:3318H         LINE#         99
  -------         ENDPROC       UC_ACK
  -------         PROC          UC_NACK
  -------         DO            
  X:03A9H         SYMBOL        i
  -------         ENDDO         
  C:32B3H         LINE#         101
BL51 BANKED LINKER/LOCATER V6.22                                                      08/22/2018  11:09:11  PAGE 28


  C:32B3H         LINE#         102
  C:32B3H         LINE#         104
  C:32B3H         LINE#         108
  C:32B5H         LINE#         111
  C:32B5H         LINE#         112
  C:32B7H         LINE#         113
  C:32B7H         LINE#         115
  C:32B7H         LINE#         116
  C:32B7H         LINE#         119
  C:32BAH         LINE#         120
  C:32BCH         LINE#         121
  C:32BFH         LINE#         122
  C:32C1H         LINE#         123
  C:32C1H         LINE#         127
  -------         ENDPROC       UC_NACK
  -------         PROC          I2C_INIT
  C:3219H         LINE#         129
  C:3219H         LINE#         130
  C:3219H         LINE#         133
  C:321CH         LINE#         134
  C:321FH         LINE#         139
  C:3227H         LINE#         141
  -------         ENDPROC       I2C_INIT
  -------         PROC          _I2C_SENDBYTE
  D:0001H         SYMBOL        dat
  -------         DO            
  D:0003H         SYMBOL        i
  -------         ENDDO         
  C:30FCH         LINE#         145
  C:30FEH         LINE#         146
  C:30FEH         LINE#         149
  C:3100H         LINE#         150
  C:3100H         LINE#         151
  C:3102H         LINE#         153
  C:3106H         LINE#         154
  C:3106H         LINE#         155
  C:3108H         LINE#         156
  C:310AH         LINE#         158
  C:310AH         LINE#         159
  C:310CH         LINE#         160
  C:310CH         LINE#         161
  C:310FH         LINE#         162
  C:3111H         LINE#         164
  C:3115H         LINE#         165
  C:3118H         LINE#         166
  C:311DH         LINE#         167
  -------         ENDPROC       _I2C_SENDBYTE
  -------         PROC          L?0051
  -------         ENDPROC       L?0051
  -------         PROC          I2C_RECEIVEBYTE
  -------         DO            
  D:0003H         SYMBOL        i
  D:0001H         SYMBOL        dat
  -------         ENDDO         
  C:3087H         LINE#         171
  C:3087H         LINE#         172
  C:3087H         LINE#         174
BL51 BANKED LINKER/LOCATER V6.22                                                      08/22/2018  11:09:11  PAGE 29


  C:3089H         LINE#         178
  C:308AH         LINE#         179
  C:308AH         LINE#         180
  C:308EH         LINE#         181
  C:3090H         LINE#         182
  C:3093H         LINE#         184
  C:3096H         LINE#         185
  C:3096H         LINE#         186
  C:309AH         LINE#         187
  C:309AH         LINE#         188
  C:309AH         LINE#         189
  C:309DH         LINE#         190
  C:30A1H         LINE#         191
  C:30A1H         LINE#         192
  C:30A3H         LINE#         193
  C:30A5H         LINE#         194
  C:30A5H         LINE#         196
  C:30AAH         LINE#         197
  C:30ACH         LINE#         198
  -------         ENDPROC       I2C_RECEIVEBYTE
  -------         PROC          _WRITE_VCNL4035X
  X:022CH         SYMBOL        command_code
  X:022DH         SYMBOL        dat_h
  X:022EH         SYMBOL        dat_l
  C:2F12H         LINE#         199
  C:2F1DH         LINE#         200
  C:2F1DH         LINE#         201
  C:2F20H         LINE#         202
  C:2F27H         LINE#         203
  C:2F27H         LINE#         204
  C:2F2DH         LINE#         205
  C:2F2DH         LINE#         206
  C:2F35H         LINE#         207
  C:2F35H         LINE#         208
  C:2F3BH         LINE#         209
  C:2F43H         LINE#         211
  C:2F49H         LINE#         212
  C:2F51H         LINE#         214
  C:2F57H         LINE#         215
  C:2F5AH         LINE#         216
  -------         ENDPROC       _WRITE_VCNL4035X
  -------         PROC          _READ_VCNL4035
  X:0399H         SYMBOL        command_code
  -------         DO            
  X:039BH         SYMBOL        temp_dat
  X:039DH         SYMBOL        temp_dat_l
  X:039FH         SYMBOL        temp_dat_h
  -------         ENDDO         
  C:2AF3H         LINE#         218
  C:2AFBH         LINE#         219
  C:2AFBH         LINE#         220
  C:2B08H         LINE#         222
  C:2B0BH         LINE#         223
  C:2B0EH         LINE#         224
  C:2B13H         LINE#         226
  C:2B19H         LINE#         227
  C:2B19H         LINE#         228
BL51 BANKED LINKER/LOCATER V6.22                                                      08/22/2018  11:09:11  PAGE 30


  C:2B19H         LINE#         229
  C:2B19H         LINE#         230
  C:2B24H         LINE#         231
  C:2B27H         LINE#         232
  C:2B2AH         LINE#         233
  C:2B2AH         LINE#         236
  C:2B2DH         LINE#         238
  C:2B34H         LINE#         239
  C:2B34H         LINE#         240
  C:2B34H         LINE#         241
  C:2B3FH         LINE#         242
  C:2B42H         LINE#         243
  C:2B45H         LINE#         244
  C:2B48H         LINE#         245
  C:2B4BH         LINE#         246
  C:2B4EH         LINE#         247
  C:2B51H         LINE#         248
  C:2B54H         LINE#         249
  C:2B57H         LINE#         250
  C:2B57H         LINE#         251
  C:2B5DH         LINE#         252
  C:2B5DH         LINE#         253
  C:2B66H         LINE#         255
  C:2B66H         LINE#         256
  C:2B6CH         LINE#         257
  C:2B6CH         LINE#         259
  C:2B6EH         LINE#         260
  C:2B74H         LINE#         261
  C:2B77H         LINE#         262
  C:2B7EH         LINE#         263
  C:2B7EH         LINE#         264
  C:2B8CH         LINE#         265
  -------         ENDPROC       _READ_VCNL4035
  -------         PROC          _DISPLAYLCD_VCNL4035
  X:03AAH         SYMBOL        dat
  C:3319H         LINE#         267
  C:331EH         LINE#         268
  C:331EH         LINE#         270
  -------         ENDPROC       _DISPLAYLCD_VCNL4035
  -------         ENDMOD        VCNL4035

  -------         MODULE        BIPOLARMOTOR
  C:0000H         SYMBOL        _ICE_DUMMY_
  D:0080H         PUBLIC        P0
  D:0090H         PUBLIC        P1
  D:00A0H         PUBLIC        P2
  D:00B0H         PUBLIC        P3
  D:00C0H         PUBLIC        P4
  D:00C8H         PUBLIC        P5
  D:00E8H         PUBLIC        P6
  D:00F8H         PUBLIC        P7
  D:00A8H         PUBLIC        IE
  C:286FH         PUBLIC        linear_interpolate
  X:0000H         PUBLIC        Time_stamp_PM
  C:301AH         PUBLIC        _Move
  D:00B8H         PUBLIC        IP
  C:1FF9H         PUBLIC        _findDet3x3
BL51 BANKED LINKER/LOCATER V6.22                                                      08/22/2018  11:09:11  PAGE 31


  C:15C0H         PUBLIC        _findDet4x4
  D:00D8H         PUBLIC        CCON
  D:0098H         PUBLIC        SCON
  D:0088H         PUBLIC        TCON
  C:2E6FH         PUBLIC        _Step_move
  C:108AH         PUBLIC        _Update_position
  X:002CH         PUBLIC        RX_pos
  X:01E4H         PUBLIC        date_declination_mapping
  C:31F1H         PUBLIC        _BCDtoDec1
  X:020CH         PUBLIC        degree
  D:00D0H         PUBLIC        PSW
  C:31EAH         SYMBOL        L?0045
  -------         PROC          L?0044
  -------         ENDPROC       L?0044
  C:31EAH         SYMBOL        L?0045
  -------         PROC          _BCDTODEC1
  D:0007H         SYMBOL        bcd
  -------         DO            
  D:0006H         SYMBOL        hi
  D:0007H         SYMBOL        lo
  -------         ENDDO         
  C:31F1H         LINE#         22
  C:31F1H         LINE#         23
  C:31F1H         LINE#         25
  C:31F6H         LINE#         26
  C:31FAH         LINE#         27
  C:3201H         LINE#         28
  -------         ENDPROC       _BCDTODEC1
  -------         PROC          _STEP_MOVE
  X:02ABH         SYMBOL        step
  B:0020H.6       SYMBOL        dir
  -------         DO            
  X:02ADH         SYMBOL        i
  -------         ENDDO         
  C:2E6FH         LINE#         34
  C:2E77H         LINE#         35
  C:2E77H         LINE#         36
  C:2E7CH         LINE#         37
  C:2E7FH         LINE#         38
  C:2E84H         LINE#         40
  C:2E87H         LINE#         42
  C:2EA3H         LINE#         43
  C:2EA3H         LINE#         44
  C:2EA6H         LINE#         45
  C:2EADH         LINE#         46
  C:2EB0H         LINE#         47
  C:2EB7H         LINE#         48
  C:2EC7H         LINE#         49
  -------         ENDPROC       _STEP_MOVE
  -------         PROC          _MOVE
  X:02A7H         SYMBOL        distance
  B:0020H.5       SYMBOL        direction
  -------         DO            
  D:0006H         SYMBOL        step
  -------         ENDDO         
  C:301AH         LINE#         51
  C:3020H         LINE#         52
BL51 BANKED LINKER/LOCATER V6.22                                                      08/22/2018  11:09:11  PAGE 32


  C:3020H         LINE#         54
  C:3047H         LINE#         55
  -------         ENDPROC       _MOVE
  C:1FDAH         SYMBOL        L?0041
  C:1FEEH         SYMBOL        L?0042
  -------         PROC          L?0040
  -------         ENDPROC       L?0040
  C:1FDAH         SYMBOL        L?0041
  C:1FEEH         SYMBOL        L?0042
  -------         PROC          _FINDDET3X3
  X:0350H         SYMBOL        a11
  X:0354H         SYMBOL        a12
  X:0358H         SYMBOL        a13
  X:035CH         SYMBOL        a21
  X:0360H         SYMBOL        a22
  X:0364H         SYMBOL        a23
  X:0368H         SYMBOL        a31
  X:036CH         SYMBOL        a32
  X:0370H         SYMBOL        a33
  C:1FF9H         LINE#         59
  C:1FFFH         LINE#         63
  C:1FFFH         LINE#         64
  C:2196H         LINE#         66
  -------         ENDPROC       _FINDDET3X3
  -------         PROC          _FINDDET4X4
  X:0310H         SYMBOL        a11
  X:0314H         SYMBOL        a12
  X:0318H         SYMBOL        a13
  X:031CH         SYMBOL        a14
  X:0320H         SYMBOL        a21
  X:0324H         SYMBOL        a22
  X:0328H         SYMBOL        a23
  X:032CH         SYMBOL        a24
  X:0330H         SYMBOL        a31
  X:0334H         SYMBOL        a32
  X:0338H         SYMBOL        a33
  X:033CH         SYMBOL        a34
  X:0340H         SYMBOL        a41
  X:0344H         SYMBOL        a42
  X:0348H         SYMBOL        a43
  X:034CH         SYMBOL        a44
  C:15C0H         LINE#         67
  C:15C6H         LINE#         71
  C:15C6H         LINE#         78
  C:187FH         LINE#         82
  -------         ENDPROC       _FINDDET4X4
  -------         PROC          L?0043
  -------         ENDPROC       L?0043
  -------         PROC          LINEAR_INTERPOLATE
  X:02A7H         SYMBOL        p1
  X:02AFH         SYMBOL        p2
  X:02B7H         SYMBOL        x
  -------         DO            
  D:0004H         SYMBOL        fx
  -------         ENDDO         
  C:286FH         LINE#         88
  C:286FH         LINE#         89
BL51 BANKED LINKER/LOCATER V6.22                                                      08/22/2018  11:09:11  PAGE 33


  C:286FH         LINE#         92
  C:290EH         LINE#         94
  C:290EH         LINE#         95
  -------         ENDPROC       LINEAR_INTERPOLATE
  -------         PROC          _UPDATE_POSITION
  D:0001H         SYMBOL        mnths
  D:0002H         SYMBOL        dys
  X:022EH         SYMBOL        hurs
  X:022FH         SYMBOL        mns
  X:0230H         SYMBOL        sconds
  X:0231H         SYMBOL        currnt_pos
  -------         DO            
  X:0234H         SYMBOL        date
  X:0236H         SYMBOL        i
  X:0238H         SYMBOL        yy
  X:023AH         SYMBOL        desired_distance
  X:023EH         SYMBOL        distance
  X:0242H         SYMBOL        JP_pos
  X:0246H         SYMBOL        pos_interpolate_12_17h
  X:0272H         SYMBOL        current_time
  X:0276H         SYMBOL        declination
  X:027AH         SYMBOL        p1
  X:0282H         SYMBOL        p2
  X:028AH         SYMBOL        time
  X:029CH         SYMBOL        location
  X:02A4H         SYMBOL        sunCoord
  -------         ENDDO         
  C:108AH         LINE#         98
  C:1093H         LINE#         101
  C:1093H         LINE#         103
  C:109DH         LINE#         110
  C:10A3H         LINE#         112
  C:10ADH         LINE#         113
  C:10B8H         LINE#         114
  C:10C3H         LINE#         115
  C:10D7H         LINE#         116
  C:10EBH         LINE#         117
  C:10FAH         LINE#         120
  C:110EH         LINE#         122
  C:1117H         LINE#         123
  C:1169H         LINE#         125
  C:11CEH         LINE#         128
  C:11E8H         LINE#         129
  C:11E8H         LINE#         130
  C:1258H         LINE#         131
  C:1258H         LINE#         132
  C:125FH         LINE#         133
  C:125FH         LINE#         134
  C:128CH         LINE#         135
  C:12A7H         LINE#         137
  C:12EEH         LINE#         138
  C:1322H         LINE#         140
  C:137AH         LINE#         141
  C:139CH         LINE#         142
  C:139CH         LINE#         143
  C:139CH         LINE#         144
  C:13ADH         LINE#         147
BL51 BANKED LINKER/LOCATER V6.22                                                      08/22/2018  11:09:11  PAGE 34


  C:13C7H         LINE#         148
  C:13C7H         LINE#         149
  C:1446H         LINE#         150
  C:1446H         LINE#         151
  C:1473H         LINE#         152
  C:148EH         LINE#         154
  C:14BBH         LINE#         155
  C:14D6H         LINE#         157
  C:1508H         LINE#         158
  C:150AH         LINE#         160
  C:150AH         LINE#         162
  C:151BH         LINE#         164
  C:1542H         LINE#         166
  C:1567H         LINE#         168
  C:1584H         LINE#         169
  C:1593H         LINE#         171
  C:15A3H         LINE#         173
  C:15BFH         LINE#         176
  -------         ENDPROC       _UPDATE_POSITION
  -------         ENDMOD        BIPOLARMOTOR

  -------         MODULE        SUNPOS
  C:0000H         SYMBOL        _ICE_DUMMY_
  C:08E8H         PUBLIC        sunpos
  -------         PROC          SUNPOS
  X:02A7H         SYMBOL        udtTime
  X:02B9H         SYMBOL        udtLocation
  X:02C1H         SYMBOL        udtSunCoordinates
  -------         DO            
  X:02C4H         SYMBOL        dElapsedJulianDays
  X:02C8H         SYMBOL        dDecimalHours
  X:02CCH         SYMBOL        dEclipticLongitude
  X:02D0H         SYMBOL        dEclipticObliquity
  X:02D4H         SYMBOL        dRightAscension
  X:02D8H         SYMBOL        dDeclination
  X:02DCH         SYMBOL        dY
  X:02E0H         SYMBOL        dX
  -------         DO            
  X:02E4H         SYMBOL        dJulianDate
  X:02E8H         SYMBOL        liAux1
  X:02ECH         SYMBOL        liAux2
  X:02E4H         SYMBOL        dMeanLongitude
  X:02E8H         SYMBOL        dMeanAnomaly
  X:02ECH         SYMBOL        dOmega
  X:02E4H         SYMBOL        dSin_EclipticLongitude
  X:02E4H         SYMBOL        dGreenwichMeanSiderealTime
  X:02E8H         SYMBOL        dLocalMeanSiderealTime
  X:02ECH         SYMBOL        dLatitudeInRadians
  X:02F0H         SYMBOL        dHourAngle
  X:02F4H         SYMBOL        dCos_Latitude
  X:02F8H         SYMBOL        dSin_Latitude
  X:02FCH         SYMBOL        dCos_HourAngle
  X:0300H         SYMBOL        dParallax
  -------         ENDDO         
  -------         DO            
  X:02E4H         SYMBOL        dMeanLongitude
  X:02E8H         SYMBOL        dMeanAnomaly
BL51 BANKED LINKER/LOCATER V6.22                                                      08/22/2018  11:09:11  PAGE 35


  X:02ECH         SYMBOL        dOmega
  X:02E4H         SYMBOL        dSin_EclipticLongitude
  X:02E4H         SYMBOL        dGreenwichMeanSiderealTime
  X:02E8H         SYMBOL        dLocalMeanSiderealTime
  X:02ECH         SYMBOL        dLatitudeInRadians
  X:02F0H         SYMBOL        dHourAngle
  X:02F4H         SYMBOL        dCos_Latitude
  X:02F8H         SYMBOL        dSin_Latitude
  X:02FCH         SYMBOL        dCos_HourAngle
  X:0300H         SYMBOL        dParallax
  -------         ENDDO         
  -------         DO            
  X:02E4H         SYMBOL        dSin_EclipticLongitude
  X:02E4H         SYMBOL        dGreenwichMeanSiderealTime
  X:02E8H         SYMBOL        dLocalMeanSiderealTime
  X:02ECH         SYMBOL        dLatitudeInRadians
  X:02F0H         SYMBOL        dHourAngle
  X:02F4H         SYMBOL        dCos_Latitude
  X:02F8H         SYMBOL        dSin_Latitude
  X:02FCH         SYMBOL        dCos_HourAngle
  X:0300H         SYMBOL        dParallax
  -------         ENDDO         
  -------         DO            
  X:02E4H         SYMBOL        dGreenwichMeanSiderealTime
  X:02E8H         SYMBOL        dLocalMeanSiderealTime
  X:02ECH         SYMBOL        dLatitudeInRadians
  X:02F0H         SYMBOL        dHourAngle
  X:02F4H         SYMBOL        dCos_Latitude
  X:02F8H         SYMBOL        dSin_Latitude
  X:02FCH         SYMBOL        dCos_HourAngle
  X:0300H         SYMBOL        dParallax
  -------         ENDDO         
  -------         ENDDO         
  C:08E8H         LINE#         6
  C:08E8H         LINE#         7
  C:08E8H         LINE#         9
  C:08E8H         LINE#         27
  C:0932H         LINE#         30
  C:0953H         LINE#         31
  C:0A9AH         LINE#         34
  C:0AE6H         LINE#         36
  C:0B05H         LINE#         37
  C:0B05H         LINE#         42
  C:0B05H         LINE#         46
  C:0B37H         LINE#         47
  C:0B61H         LINE#         48
  C:0B8BH         LINE#         49
  C:0C38H         LINE#         52
  C:0C99H         LINE#         54
  C:0C99H         LINE#         59
  C:0C99H         LINE#         61
  C:0CB0H         LINE#         62
  C:0CD8H         LINE#         63
  C:0CEFH         LINE#         64
  C:0D1AH         LINE#         65
  C:0D51H         LINE#         66
  C:0D7CH         LINE#         67
BL51 BANKED LINKER/LOCATER V6.22                                                      08/22/2018  11:09:11  PAGE 36


  C:0D7CH         LINE#         70
  C:0D7CH         LINE#         79
  C:0DB7H         LINE#         82
  C:0DF1H         LINE#         84
  C:0E16H         LINE#         85
  C:0E35H         LINE#         86
  C:0E4CH         LINE#         87
  C:0E63H         LINE#         88
  C:0E7AH         LINE#         89
  C:0F03H         LINE#         91
  C:0F1DH         LINE#         92
  C:0F7FH         LINE#         93
  C:0FB5H         LINE#         94
  C:0FC7H         LINE#         95
  C:0FF4H         LINE#         96
  C:1021H         LINE#         98
  C:1043H         LINE#         100
  C:107BH         LINE#         103
  C:107BH         LINE#         104
  C:1089H         LINE#         105
  -------         ENDPROC       SUNPOS
  -------         ENDMOD        SUNPOS

  -------         MODULE        ?C_STARTUP
  C:2C22H         SEGMENT       ?C_C51STARTUP
  I:0021H         SEGMENT       ?STACK
  C:0000H         PUBLIC        ?C_STARTUP
  D:00E0H         SYMBOL        ACC
  D:00F0H         SYMBOL        B
  D:0083H         SYMBOL        DPH
  D:0082H         SYMBOL        DPL
  N:0000H         SYMBOL        IBPSTACK
  N:0100H         SYMBOL        IBPSTACKTOP
  N:0080H         SYMBOL        IDATALEN
  C:2C25H         SYMBOL        IDATALOOP
  N:0000H         SYMBOL        PBPSTACK
  N:0100H         SYMBOL        PBPSTACKTOP
  N:0000H         SYMBOL        PDATALEN
  N:0000H         SYMBOL        PDATASTART
  N:0000H         SYMBOL        PPAGE
  N:0000H         SYMBOL        PPAGEENABLE
  D:00A0H         SYMBOL        PPAGE_SFR
  D:0081H         SYMBOL        SP
  C:2C22H         SYMBOL        STARTUP1
  N:0000H         SYMBOL        XBPSTACK
  N:0000H         SYMBOL        XBPSTACKTOP
  N:0000H         SYMBOL        XDATALEN
  N:0000H         SYMBOL        XDATASTART
  C:0000H         LINE#         126
  C:2C22H         LINE#         133
  C:2C24H         LINE#         134
  C:2C25H         LINE#         135
  C:2C26H         LINE#         136
  C:2C28H         LINE#         185
  C:2C2BH         LINE#         196
  -------         ENDMOD        ?C_STARTUP

BL51 BANKED LINKER/LOCATER V6.22                                                      08/22/2018  11:09:11  PAGE 37


  -------         MODULE        ?C?FPADD
  C:002DH         PUBLIC        ?C?FPADD
  C:0029H         PUBLIC        ?C?FPSUB
  -------         ENDMOD        ?C?FPADD

  -------         MODULE        ?C?FPMUL
  C:011EH         PUBLIC        ?C?FPMUL
  -------         ENDMOD        ?C?FPMUL

  -------         MODULE        ?C?FPDIV
  C:0227H         PUBLIC        ?C?FPDIV
  -------         ENDMOD        ?C?FPDIV

  -------         MODULE        ?C?FPCMP
  C:02C6H         PUBLIC        ?C?FPCMP
  C:02C4H         PUBLIC        ?C?FPCMP3
  -------         ENDMOD        ?C?FPCMP

  -------         MODULE        ?C?FPNEG
  C:033DH         PUBLIC        ?C?FPNEG
  -------         ENDMOD        ?C?FPNEG

  -------         MODULE        ?C?FCAST
  C:0358H         PUBLIC        ?C?FCASTC
  C:0353H         PUBLIC        ?C?FCASTI
  C:034EH         PUBLIC        ?C?FCASTL
  -------         ENDMOD        ?C?FCAST

  -------         MODULE        ?C?CASTF
  C:038CH         PUBLIC        ?C?CASTF
  -------         ENDMOD        ?C?CASTF

  -------         MODULE        ATAN2
  X:0304H         PUBLIC        ?_atan2?BYTE
  C:29BBH         PUBLIC        _atan2
  -------         ENDMOD        ATAN2

  -------         MODULE        SIN
  C:2521H         PUBLIC        _COS
  C:2537H         PUBLIC        _SIN
  C:2573H         PUBLIC        _TAN
  -------         ENDMOD        SIN

  -------         MODULE        ACOS
  C:2EC8H         PUBLIC        _ACOS
  -------         ENDMOD        ACOS

  -------         MODULE        ASIN
  C:2FDFH         PUBLIC        _ASIN
  -------         ENDMOD        ASIN

  -------         MODULE        SQRT
  C:2913H         PUBLIC        _SQRT
  -------         ENDMOD        SQRT

  -------         MODULE        ATAN
  C:2681H         PUBLIC        _ATAN
BL51 BANKED LINKER/LOCATER V6.22                                                      08/22/2018  11:09:11  PAGE 38


  -------         ENDMOD        ATAN

  -------         MODULE        ?C?COPY
  C:052AH         PUBLIC        ?C?COPY
  -------         ENDMOD        ?C?COPY

  -------         MODULE        ?C?CLDPTR
  C:0550H         PUBLIC        ?C?CLDPTR
  -------         ENDMOD        ?C?CLDPTR

  -------         MODULE        ?C?CSTPTR
  C:0569H         PUBLIC        ?C?CSTPTR
  -------         ENDMOD        ?C?CSTPTR

  -------         MODULE        ?C?IMUL
  C:057BH         PUBLIC        ?C?IMUL
  -------         ENDMOD        ?C?IMUL

  -------         MODULE        ?C?UIDIV
  C:058DH         PUBLIC        ?C?UIDIV
  -------         ENDMOD        ?C?UIDIV

  -------         MODULE        ?C?SIDIV
  C:05E2H         PUBLIC        ?C?SIDIV
  -------         ENDMOD        ?C?SIDIV

  -------         MODULE        ?C?ILDIX
  C:0618H         PUBLIC        ?C?ILDIX
  -------         ENDMOD        ?C?ILDIX

  -------         MODULE        ?C?LMUL
  C:062EH         PUBLIC        ?C?LMUL
  -------         ENDMOD        ?C?LMUL

  -------         MODULE        ?C?SLDIV
  C:2F5BH         PUBLIC        ?C?SLDIV
  -------         ENDMOD        ?C?SLDIV

  -------         MODULE        ?C?LNEG
  C:067DH         PUBLIC        ?C?LNEG
  -------         ENDMOD        ?C?LNEG

  -------         MODULE        ?C?LLDPTR
  C:068BH         PUBLIC        ?C?LLDPTR
  -------         ENDMOD        ?C?LLDPTR

  -------         MODULE        ?C?LLDOPTR
  C:06ABH         PUBLIC        ?C?LLDOPTR
  -------         ENDMOD        ?C?LLDOPTR

  -------         MODULE        ?C?LSTPTR
  C:06DBH         PUBLIC        ?C?LSTPTR
  -------         ENDMOD        ?C?LSTPTR

  -------         MODULE        ?C?LSTOPTR
  C:06F5H         PUBLIC        ?C?LSTOPTR
  -------         ENDMOD        ?C?LSTOPTR
BL51 BANKED LINKER/LOCATER V6.22                                                      08/22/2018  11:09:11  PAGE 39



  -------         MODULE        ?C?LLDXDATA
  C:0719H         PUBLIC        ?C?LLDXDATA
  -------         ENDMOD        ?C?LLDXDATA

  -------         MODULE        ?C?LLDCODE
  C:0725H         PUBLIC        ?C?LLDCODE
  -------         ENDMOD        ?C?LLDCODE

  -------         MODULE        ?C?LLDXDATA0
  C:0735H         PUBLIC        ?C?LLDXDATA0
  -------         ENDMOD        ?C?LLDXDATA0

  -------         MODULE        ?C?LLDCODE0
  C:0741H         PUBLIC        ?C?LLDCODE0
  -------         ENDMOD        ?C?LLDCODE0

  -------         MODULE        ?C?LLDPTR0
  C:0751H         PUBLIC        ?C?LLDPTR0
  -------         ENDMOD        ?C?LLDPTR0

  -------         MODULE        ?C?LSTXDATA
  C:0771H         PUBLIC        ?C?LSTXDATA
  -------         ENDMOD        ?C?LSTXDATA

  -------         MODULE        ?C?LSTKXDATA
  C:077DH         PUBLIC        ?C?LSTKXDATA
  -------         ENDMOD        ?C?LSTKXDATA

  -------         MODULE        ?C?OFFXADD
  C:07AEH         PUBLIC        ?C?OFFXADD
  -------         ENDMOD        ?C?OFFXADD

  -------         MODULE        ABS
  C:32EAH         PUBLIC        _ABS
  -------         ENDMOD        ABS

  -------         MODULE        ATOI
  C:2783H         PUBLIC        _atoi
  -------         ENDMOD        ATOI

  -------         MODULE        ?C?IILDX
  C:07BAH         PUBLIC        ?C?IILDX
  -------         ENDMOD        ?C?IILDX

  -------         MODULE        ?C?ULDIV
  C:080CH         PUBLIC        ?C?ULDIV
  -------         ENDMOD        ?C?ULDIV

  -------         MODULE        ?C?LLDIDATA
  C:089EH         PUBLIC        ?C?LLDIDATA
  -------         ENDMOD        ?C?LLDIDATA

  -------         MODULE        ?C?LLDPDATA
  C:08AAH         PUBLIC        ?C?LLDPDATA
  -------         ENDMOD        ?C?LLDPDATA

BL51 BANKED LINKER/LOCATER V6.22                                                      08/22/2018  11:09:11  PAGE 40


  -------         MODULE        ?C?LLDIDATA0
  C:08B6H         PUBLIC        ?C?LLDIDATA0
  -------         ENDMOD        ?C?LLDIDATA0

  -------         MODULE        ?C?LLDPDATA0
  C:08C3H         PUBLIC        ?C?LLDPDATA0
  -------         ENDMOD        ?C?LLDPDATA0

  -------         MODULE        ?C?LSTIDATA
  C:08D0H         PUBLIC        ?C?LSTIDATA
  -------         ENDMOD        ?C?LSTIDATA

  -------         MODULE        ?C?LSTPDATA
  C:08DCH         PUBLIC        ?C?LSTPDATA
  -------         ENDMOD        ?C?LSTPDATA

  -------         MODULE        ISDIGIT
  C:32C2H         PUBLIC        _isdigit
  -------         ENDMOD        ISDIGIT

  -------         MODULE        ISSPACE
  C:3259H         PUBLIC        _isspace
  -------         ENDMOD        ISSPACE

*** WARNING L16: UNCALLED SEGMENT, IGNORED FOR OVERLAY PROCESS
    SEGMENT: ?PR?_DISPLAY_PROX?MAIN

*** WARNING L16: UNCALLED SEGMENT, IGNORED FOR OVERLAY PROCESS
    SEGMENT: ?PR?_DAY_OF_YEAR?PCF85063BTL

*** WARNING L16: UNCALLED SEGMENT, IGNORED FOR OVERLAY PROCESS
    SEGMENT: ?PR?INITUART1?UART1

*** WARNING L16: UNCALLED SEGMENT, IGNORED FOR OVERLAY PROCESS
    SEGMENT: ?PR?_SENDSTRING?UART1

*** WARNING L16: UNCALLED SEGMENT, IGNORED FOR OVERLAY PROCESS
    SEGMENT: ?PR?_TEN?UART1

*** WARNING L16: UNCALLED SEGMENT, IGNORED FOR OVERLAY PROCESS
    SEGMENT: ?PR?_UNIT?UART1

*** WARNING L16: UNCALLED SEGMENT, IGNORED FOR OVERLAY PROCESS
    SEGMENT: ?PR?_DECTOBCD?UART1

*** WARNING L16: UNCALLED SEGMENT, IGNORED FOR OVERLAY PROCESS
    SEGMENT: ?PR?_ASCII_LETTER?UART1

*** WARNING L16: UNCALLED SEGMENT, IGNORED FOR OVERLAY PROCESS
    SEGMENT: ?PR?NOP?VCNL4035

*** WARNING L16: UNCALLED SEGMENT, IGNORED FOR OVERLAY PROCESS
    SEGMENT: ?PR?_READ_VCNL4035?VCNL4035

*** WARNING L16: UNCALLED SEGMENT, IGNORED FOR OVERLAY PROCESS
    SEGMENT: ?PR?_DISPLAYLCD_VCNL4035?VCNL4035

BL51 BANKED LINKER/LOCATER V6.22                                                      08/22/2018  11:09:11  PAGE 41


*** WARNING L16: UNCALLED SEGMENT, IGNORED FOR OVERLAY PROCESS
    SEGMENT: ?PR?_FINDDET4X4?BIPOLARMOTOR

*** WARNING L1: UNRESOLVED EXTERNAL SYMBOL
    SYMBOL:  AUTO_MODE
    MODULE:  .\Obj\main.obj (MAIN)

*** WARNING L2: REFERENCE MADE TO UNRESOLVED EXTERNAL
    SYMBOL:  AUTO_MODE
    MODULE:  .\Obj\main.obj (MAIN)
    ADDRESS: 1D99H

*** WARNING L2: REFERENCE MADE TO UNRESOLVED EXTERNAL
    SYMBOL:  AUTO_MODE
    MODULE:  .\Obj\main.obj (MAIN)
    ADDRESS: 1E61H

*** WARNING L2: REFERENCE MADE TO UNRESOLVED EXTERNAL
    SYMBOL:  AUTO_MODE
    MODULE:  .\Obj\main.obj (MAIN)
    ADDRESS: 1E6FH

*** WARNING L2: REFERENCE MADE TO UNRESOLVED EXTERNAL
    SYMBOL:  AUTO_MODE
    MODULE:  .\Obj\main.obj (MAIN)
    ADDRESS: 1E81H

*** WARNING L2: REFERENCE MADE TO UNRESOLVED EXTERNAL
    SYMBOL:  AUTO_MODE
    MODULE:  .\Obj\main.obj (MAIN)
    ADDRESS: 1EC3H

*** WARNING L2: REFERENCE MADE TO UNRESOLVED EXTERNAL
    SYMBOL:  AUTO_MODE
    MODULE:  .\Obj\main.obj (MAIN)
    ADDRESS: 1F9AH

*** WARNING L1: UNRESOLVED EXTERNAL SYMBOL
    SYMBOL:  AUTO_MODE
    MODULE:  .\Obj\KeyPad.obj (KEYPAD)

*** WARNING L2: REFERENCE MADE TO UNRESOLVED EXTERNAL
    SYMBOL:  AUTO_MODE
    MODULE:  .\Obj\KeyPad.obj (KEYPAD)
    ADDRESS: 18CDH

*** WARNING L2: REFERENCE MADE TO UNRESOLVED EXTERNAL
    SYMBOL:  AUTO_MODE
    MODULE:  .\Obj\KeyPad.obj (KEYPAD)
    ADDRESS: 18D8H

*** WARNING L2: REFERENCE MADE TO UNRESOLVED EXTERNAL
    SYMBOL:  AUTO_MODE
    MODULE:  .\Obj\KeyPad.obj (KEYPAD)
    ADDRESS: 18DFH

Program Size: data=18.0 xdata=939 code=13098
BL51 BANKED LINKER/LOCATER V6.22                                                      08/22/2018  11:09:11  PAGE 42


LINK/LOCATE RUN COMPLETE.  23 WARNING(S),  0 ERROR(S)
