BL51 BANKED LINKER/LOCATER V6.22                                                        08/20/2019  17:19:56  PAGE 1


BL51 BANKED LINKER/LOCATER V6.22, INVOKED BY:
C:\KEIL_V5\C51\BIN\BL51.EXE .\Obj\main.obj, .\Obj\PCF85063BTL.obj, .\Obj\LCd_Driver_SPLC780D.obj, .\Obj\KeyPad.obj, .\Ob
>> j\BipolarMotor.obj, .\Obj\SunPos.obj, .\Obj\ADC.obj, .\Obj\Calibration.obj, .\Obj\IOExpander_PI4IOE5V96248.obj, .\Obj
>> \AT25SF041.obj, .\Obj\SI1120.obj, .\Obj\UART1.obj, .\Obj\STARTUP.obj TO .\Obj\GPIO_RTC_Test RTX51TINY PRINT (.\Lis\GP
>> IO_RTC_Test.m51) RAMSIZE (256)


MEMORY MODEL: LARGE WITH FLOATING POINT ARITHMETIC


INPUT MODULES INCLUDED:
  .\Obj\main.obj (MAIN)
  .\Obj\PCF85063BTL.obj (PCF85063BTL)
  .\Obj\LCd_Driver_SPLC780D.obj (LCD_DRIVER_SPLC780D)
  .\Obj\KeyPad.obj (KEYPAD)
  .\Obj\BipolarMotor.obj (BIPOLARMOTOR)
  .\Obj\SunPos.obj (SUNPOS)
  .\Obj\ADC.obj (ADC)
  .\Obj\Calibration.obj (CALIBRATION)
  .\Obj\IOExpander_PI4IOE5V96248.obj (IOEXPANDER_PI4IOE5V96248)
  .\Obj\AT25SF041.obj (AT25SF041)
  .\Obj\SI1120.obj (SI1120)
  .\Obj\UART1.obj (UART1)
  .\Obj\STARTUP.obj (?C_STARTUP)
  C:\KEIL_V5\C51\LIB\C51FPL.LIB (?C?FPADD)
  C:\KEIL_V5\C51\LIB\C51FPL.LIB (?C?FPMUL)
  C:\KEIL_V5\C51\LIB\C51FPL.LIB (?C?FPDIV)
  C:\KEIL_V5\C51\LIB\C51FPL.LIB (?C?FPCMP)
  C:\KEIL_V5\C51\LIB\C51FPL.LIB (?C?FPNEG)
  C:\KEIL_V5\C51\LIB\C51FPL.LIB (?C?FCAST)
  C:\KEIL_V5\C51\LIB\C51FPL.LIB (?C?CASTF)
  C:\KEIL_V5\C51\LIB\C51FPL.LIB (PRINTF)
  C:\KEIL_V5\C51\LIB\C51FPL.LIB (FABS)
  C:\KEIL_V5\C51\LIB\C51FPL.LIB (ATAN2)
  C:\KEIL_V5\C51\LIB\C51FPL.LIB (SIN)
  C:\KEIL_V5\C51\LIB\C51FPL.LIB (ACOS)
  C:\KEIL_V5\C51\LIB\C51FPL.LIB (ASIN)
  C:\KEIL_V5\C51\LIB\C51FPL.LIB (POW)
  C:\KEIL_V5\C51\LIB\C51FPL.LIB (?C?FPGETOPN)
  C:\KEIL_V5\C51\LIB\C51FPL.LIB (?C?CHKFLOAT)
  C:\KEIL_V5\C51\LIB\C51FPL.LIB (?C?FPROUND)
  C:\KEIL_V5\C51\LIB\C51FPL.LIB (?C?FPCONVERT)
  C:\KEIL_V5\C51\LIB\C51FPL.LIB (?C?FPSERIES)
  C:\KEIL_V5\C51\LIB\C51FPL.LIB (EXP)
  C:\KEIL_V5\C51\LIB\C51FPL.LIB (LOG)
  C:\KEIL_V5\C51\LIB\C51FPL.LIB (SQRT)
  C:\KEIL_V5\C51\LIB\C51FPL.LIB (ATAN)
  C:\KEIL_V5\C51\LIB\C51FPL.LIB (?C?FTNPWR)
  C:\KEIL_V5\C51\LIB\C51L.LIB (?C_INIT)
  C:\KEIL_V5\C51\LIB\C51L.LIB (?C?COPY)
  C:\KEIL_V5\C51\LIB\C51L.LIB (?C?CLDPTR)
  C:\KEIL_V5\C51\LIB\C51L.LIB (?C?CLDOPTR)
  C:\KEIL_V5\C51\LIB\C51L.LIB (?C?CSTPTR)
  C:\KEIL_V5\C51\LIB\C51L.LIB (?C?IMUL)
  C:\KEIL_V5\C51\LIB\C51L.LIB (?C?UIDIV)
  C:\KEIL_V5\C51\LIB\C51L.LIB (?C?SIDIV)
  C:\KEIL_V5\C51\LIB\C51L.LIB (?C?ILDIX)
  C:\KEIL_V5\C51\LIB\C51L.LIB (?C?ILDOPTR)
BL51 BANKED LINKER/LOCATER V6.22                                                      08/20/2019  17:19:56  PAGE 2


  C:\KEIL_V5\C51\LIB\C51L.LIB (?C?ISTPTR)
  C:\KEIL_V5\C51\LIB\C51L.LIB (?C?LMUL)
  C:\KEIL_V5\C51\LIB\C51L.LIB (?C?SLDIV)
  C:\KEIL_V5\C51\LIB\C51L.LIB (?C?LNEG)
  C:\KEIL_V5\C51\LIB\C51L.LIB (?C?ULCMP)
  C:\KEIL_V5\C51\LIB\C51L.LIB (?C?LSHL)
  C:\KEIL_V5\C51\LIB\C51L.LIB (?C?LLDPTR)
  C:\KEIL_V5\C51\LIB\C51L.LIB (?C?LLDOPTR)
  C:\KEIL_V5\C51\LIB\C51L.LIB (?C?LSTPTR)
  C:\KEIL_V5\C51\LIB\C51L.LIB (?C?LSTOPTR)
  C:\KEIL_V5\C51\LIB\C51L.LIB (?C?LLDXDATA)
  C:\KEIL_V5\C51\LIB\C51L.LIB (?C?LLDCODE)
  C:\KEIL_V5\C51\LIB\C51L.LIB (?C?LLDXDATA0)
  C:\KEIL_V5\C51\LIB\C51L.LIB (?C?LLDCODE0)
  C:\KEIL_V5\C51\LIB\C51L.LIB (?C?LLDPTR0)
  C:\KEIL_V5\C51\LIB\C51L.LIB (?C?LSTXDATA)
  C:\KEIL_V5\C51\LIB\C51L.LIB (?C?LSTKXDATA)
  C:\KEIL_V5\C51\LIB\C51L.LIB (?C?LSTKPTR)
  C:\KEIL_V5\C51\LIB\C51L.LIB (?C?OFFXADD)
  C:\KEIL_V5\C51\LIB\C51L.LIB (?C?PLDIXDATA)
  C:\KEIL_V5\C51\LIB\C51L.LIB (?C?PSTXDATA)
  C:\KEIL_V5\C51\LIB\C51L.LIB (?C?CCASE)
  C:\KEIL_V5\C51\LIB\C51L.LIB (PUTCHAR)
  C:\KEIL_V5\C51\LIB\C51L.LIB (ABS)
  C:\KEIL_V5\C51\LIB\C51L.LIB (ATOI)
  C:\KEIL_V5\C51\LIB\C51L.LIB (?C?IILDX)
  C:\KEIL_V5\C51\LIB\C51L.LIB (?C?ULDIV)
  C:\KEIL_V5\C51\LIB\C51L.LIB (?C?LLDIDATA)
  C:\KEIL_V5\C51\LIB\C51L.LIB (?C?LLDPDATA)
  C:\KEIL_V5\C51\LIB\C51L.LIB (?C?LLDIDATA0)
  C:\KEIL_V5\C51\LIB\C51L.LIB (?C?LLDPDATA0)
  C:\KEIL_V5\C51\LIB\C51L.LIB (?C?LSTIDATA)
  C:\KEIL_V5\C51\LIB\C51L.LIB (?C?LSTPDATA)
  C:\KEIL_V5\C51\LIB\C51L.LIB (?C?LSTKIDATA)
  C:\KEIL_V5\C51\LIB\C51L.LIB (?C?LSTKPDATA)
  C:\KEIL_V5\C51\LIB\C51L.LIB (ISDIGIT)
  C:\KEIL_V5\C51\LIB\C51L.LIB (ISSPACE)


LINK MAP OF MODULE:  .\Obj\GPIO_RTC_Test (MAIN)


            TYPE    BASE      LENGTH    RELOCATION   SEGMENT NAME
            -----------------------------------------------------

            * * * * * * *   D A T A   M E M O R Y   * * * * * * *
            REG     0000H     0008H     ABSOLUTE     "REG BANK 0"
            DATA    0008H     0005H     UNIT         _DATA_GROUP_
                    000DH     0013H                  *** GAP ***
            BIT     0020H.0   0001H.2   UNIT         _BIT_GROUP_
            BIT     0021H.2   0000H.1   UNIT         ?BI?MAIN
            BIT     0021H.3   0000H.1   UNIT         ?BI?_ATOI?ATOI
                    0021H.4   0000H.4                *** GAP ***
            IDATA   0022H     0001H     UNIT         ?STACK

            * * * * * * *  X D A T A   M E M O R Y  * * * * * * *
            XDATA   0000H     03BCH     UNIT         ?XD?BIPOLARMOTOR
BL51 BANKED LINKER/LOCATER V6.22                                                      08/20/2019  17:19:56  PAGE 3


            XDATA   03BCH     015DH     UNIT         _XDATA_GROUP_
            XDATA   0519H     011DH     UNIT         ?XD?MAIN
            XDATA   0636H     0019H     UNIT         ?XD?KEYPAD
            XDATA   064FH     0005H     UNIT         ?XD?_ATOI?ATOI
            XDATA   0654H     0001H     UNIT         ?XD?UC_ACK?IOEXPANDER_PI4IOE5V96248
            XDATA   0655H     0001H     UNIT         ?XD?UC_NACK?IOEXPANDER_PI4IOE5V96248

            * * * * * * *   C O D E   M E M O R Y   * * * * * * *
            CODE    0000H     0003H     ABSOLUTE     
            CODE    0003H     0003H     ABSOLUTE     
            CODE    0006H     0005H     UNIT         ?PR?_UNIT?UART1
            CODE    000BH     0003H     ABSOLUTE     
            CODE    000EH     000DH     UNIT         ?PR?UART?MAIN
            CODE    001BH     0003H     ABSOLUTE     
            CODE    001EH     0005H     UNIT         ?PR?_ASCII_LETTER?UART1
            CODE    0023H     0003H     ABSOLUTE     
            CODE    0026H     2085H     UNIT         ?PR?MAIN?MAIN
            CODE    20ABH     0BC8H     UNIT         ?C?LIB_CODE
            CODE    2C73H     07A2H     UNIT         ?PR?SUNPOS?SUNPOS
            CODE    3415H     06F4H     UNIT         ?PR?_FIND_REAL_MAX?CALIBRATION
            CODE    3B09H     05D1H     UNIT         ?PR?_UPDATE_POSITION?BIPOLARMOTOR
            CODE    40DAH     04FBH     UNIT         ?PR?_THEORICALJP_POSITION?BIPOLARMOTOR
            CODE    45D5H     0483H     UNIT         ?PR?PRINTF?PRINTF
            CODE    4A58H     041AH     UNIT         ?C_INITSEG
            CODE    4E72H     038CH     UNIT         ?PR?KEY_PROCESS?KEYPAD
            CODE    51FEH     0380H     UNIT         ?PR?_ELEVATION_CALCULATION?BIPOLARMOTOR
            CODE    557EH     01C7H     UNIT         ?PR?_CALIBRATION?CALIBRATION
            CODE    5745H     018DH     UNIT         ?PR?KEY_SCAN?KEYPAD
            CODE    58D2H     0189H     UNIT         ?PR?SPI_NOR_WRITE_DATA?AT25SF041
            CODE    5A5BH     0188H     UNIT         ?PR?SIN?SIN
            CODE    5BE3H     0166H     UNIT         ?PR?_POW?POW
            CODE    5D49H     0155H     UNIT         ?PR?_DISPLAY_POS?LCD_DRIVER_SPLC780D
            CODE    5E9EH     0129H     UNIT         ?PR?LOG?LOG
            CODE    5FC7H     0122H     UNIT         ?PR?ATAN?ATAN
            CODE    60E9H     0110H     UNIT         ?PR?_AT25SF041_READ?AT25SF041
            CODE    61F9H     0102H     UNIT         ?PR?_AT25SF041_WRITE?AT25SF041
            CODE    62FBH     00F5H     UNIT         ?PR?EXINT0?MAIN
            CODE    63F0H     00DBH     UNIT         ?PR?_ATOI?ATOI
            CODE    64CBH     00C3H     UNIT         ?PR?LINEAR_INTERPOLATE?BIPOLARMOTOR
            CODE    658EH     00BBH     UNIT         ?PR?VOLTAGE_IS_STABLE?CALIBRATION
            CODE    6649H     00ADH     UNIT         ?PR?_WRITE_PI4IOE5V96248?IOEXPANDER_PI4IOE5V96248
            CODE    66F6H     00ACH     UNIT         ?PR?SQRT?SQRT
            CODE    67A2H     00A1H     UNIT         ?PR?UCREAD_STATUS_REGISTER_BYTE1?AT25SF041
            CODE    6843H     009DH     UNIT         ?PR?_ATAN2?ATAN2
            CODE    68E0H     009CH     UNIT         ?PR?_MAX_VALUE?CALIBRATION
            CODE    697CH     009AH     UNIT         ?PR?EXP?EXP
            CODE    6A16H     008CH     UNIT         ?C_C51STARTUP
            CODE    6AA2H     0088H     UNIT         ?PR?_DAY_OF_YEAR?PCF85063BTL
            CODE    6B2AH     0079H     UNIT         ?PR?_WRITEDATA?LCD_DRIVER_SPLC780D
            CODE    6BA3H     0072H     UNIT         ?PR?AT25SF041_WRITEENABLE?AT25SF041
            CODE    6C15H     006FH     UNIT         ?PR?_READ_TIME?PCF85063BTL
            CODE    6C84H     005AH     UNIT         ?PR?AT25SF041_CHIPERASE?AT25SF041
            CODE    6CDEH     0059H     UNIT         ?PR?LCD_INIT?LCD_DRIVER_SPLC780D
            CODE    6D37H     0056H     UNIT         ?CO?MAIN
            CODE    6D8DH     004BH     UNIT         ?CO?UART1
            CODE    6DD8H     004AH     UNIT         ?PR?VONESTEPMOVE?BIPOLARMOTOR
            CODE    6E22H     004AH     UNIT         ?PR?ACOS?ACOS
BL51 BANKED LINKER/LOCATER V6.22                                                      08/20/2019  17:19:56  PAGE 4


            CODE    6E6CH     0044H     UNIT         ?C?LDIV
            CODE    6EB0H     0040H     UNIT         ?PR?_COMMAND?LCD_DRIVER_SPLC780D
            CODE    6EF0H     0040H     UNIT         ?PR?_STEP_MOVE?BIPOLARMOTOR
            CODE    6F30H     003BH     UNIT         ?PR?ASIN?ASIN
            CODE    6F6BH     0033H     UNIT         ?PR?_SENDSTRING?UART1
            CODE    6F9EH     0031H     UNIT         ?PR?SI1120_CONFIG_MODE_VIRH?SI1120
            CODE    6FCFH     002BH     UNIT         ?PR?_WAIT_MS_I2C?IOEXPANDER_PI4IOE5V96248
            CODE    6FFAH     002BH     UNIT         ?PR?_WAIT_MS_SPINOR?AT25SF041
            CODE    7025H     002AH     UNIT         ?PR?_ADC_GETRESULT?ADC
            CODE    704FH     0028H     UNIT         ?PR?_MOVE?BIPOLARMOTOR
            CODE    7077H     0028H     UNIT         ?CO?CALIBRATION
            CODE    709FH     0027H     UNIT         ?PR?_I2C_SENDBYTE?IOEXPANDER_PI4IOE5V96248
            CODE    70C6H     0027H     UNIT         ?PR?PUTCHAR?PUTCHAR
            CODE    70EDH     0025H     UNIT         ?PR?_FINDCLOSESTSAMEDAYCALIBTIME?CALIBRATION
            CODE    7112H     0024H     UNIT         ?PR?_WAIT_MS?LCD_DRIVER_SPLC780D
            CODE    7136H     0024H     UNIT         ?PR?_UART1_SENDTOTCPSERVER?UART1
            CODE    715AH     0021H     UNIT         ?PR?TM0_ISR?MAIN
            CODE    717BH     0020H     UNIT         ?PR?_SPI_SENDBYTE?PCF85063BTL
            CODE    719BH     0020H     UNIT         ?PR?SPI_RECEIVEBYTE?PCF85063BTL
            CODE    71BBH     001EH     UNIT         ?PR?_DELAY_MS?KEYPAD
            CODE    71D9H     001DH     UNIT         ?PR?_DISPLAYLCD?LCD_DRIVER_SPLC780D
            CODE    71F6H     001BH     UNIT         ?PR?_BCDTODEC1?BIPOLARMOTOR
            CODE    7211H     001AH     UNIT         ?PR?ADC_INIT?ADC
            CODE    722BH     0018H     UNIT         ?PR?_SPI_WRITETIME?PCF85063BTL
            CODE    7243H     0017H     UNIT         ?PR?_ASCIITOBCD?UART1
            CODE    725AH     0016H     UNIT         ?PR?I2C_ACK?IOEXPANDER_PI4IOE5V96248
            CODE    7270H     0015H     UNIT         ?PR?_DISPLAY_LINE?LCD_DRIVER_SPLC780D
            CODE    7285H     0015H     UNIT         ?PR?VSETLOCATION?BIPOLARMOTOR
            CODE    729AH     0015H     UNIT         ?PR?I2C_STOP?IOEXPANDER_PI4IOE5V96248
            CODE    72AFH     0014H     UNIT         ?PR?_PCF85063BTL_DELAY?PCF85063BTL
            CODE    72C3H     0014H     UNIT         ?PR?_ISSPACE?ISSPACE
            CODE    72D7H     0011H     UNIT         ?PR?_SPI_READTIME?PCF85063BTL
            CODE    72E8H     0011H     UNIT         ?PR?_BCDTODEC?PCF85063BTL
            CODE    72F9H     0011H     UNIT         ?PR?INITUART1?UART1
            CODE    730AH     000FH     UNIT         ?PR?I2C_START?IOEXPANDER_PI4IOE5V96248
            CODE    7319H     000FH     UNIT         ?PR?UC_NACK?IOEXPANDER_PI4IOE5V96248
            CODE    7328H     000FH     UNIT         ?PR?_ISDIGIT?ISDIGIT
            CODE    7337H     000DH     UNIT         ?PR?SPI_INIT?PCF85063BTL
            CODE    7344H     000DH     UNIT         ?PR?ENABLE_EXTINT0?SI1120
            CODE    7351H     000DH     UNIT         ?PR?_FABS?FABS
            CODE    735EH     000CH     UNIT         ?PR?KEYPAD_IO_INIT?KEYPAD
            CODE    736AH     000CH     UNIT         ?PR?_ABS?ABS
            CODE    7376H     000AH     UNIT         ?PR?LCD_RETURN_HOME?LCD_DRIVER_SPLC780D
            CODE    7380H     000AH     UNIT         ?PR?LCD_CLEAR?LCD_DRIVER_SPLC780D
            CODE    738AH     0009H     UNIT         ?PR?TM1_ISR?MAIN
            CODE    7393H     0009H     UNIT         ?PR?_SENDUART1?MAIN
            CODE    739CH     0009H     UNIT         ?PR?UART1_INITTCPCONN?UART1
            CODE    73A5H     0006H     UNIT         ?PR?UC_ACK?IOEXPANDER_PI4IOE5V96248
            CODE    73ABH     0006H     UNIT         ?PR?_TEN?UART1
            CODE    73B1H     0001H     UNIT         ?PR?NOP?IOEXPANDER_PI4IOE5V96248
            CODE    73B2H     0001H     UNIT         ?PR?_DECTOBCD?UART1



OVERLAY MAP OF MODULE:   .\Obj\GPIO_RTC_Test (MAIN)


BL51 BANKED LINKER/LOCATER V6.22                                                      08/20/2019  17:19:56  PAGE 5


SEGMENT                                             BIT_GROUP          DATA_GROUP          XDATA_GROUP
  +--> CALLED SEGMENT                            START    LENGTH     START    LENGTH     START    LENGTH
--------------------------------------------------------------------------------------------------------
?PR?EXINT0?MAIN                                  -----    -----      -----    -----      -----    -----
  +--> ?PR?_POW?POW

?PR?_POW?POW                                     -----    -----      -----    -----      03BCH    000AH
  +--> ?PR?LOG?LOG
  +--> ?PR?EXP?EXP

?PR?LOG?LOG                                      0020H.0  0000H.1    -----    -----      03C6H    0004H

*** NEW ROOT ***************************************************

?C_C51STARTUP                                    -----    -----      -----    -----      -----    -----
  +--> ?PR?MAIN?MAIN
  +--> ?C_INITSEG

?PR?MAIN?MAIN                                    -----    -----      -----    -----      03CAH    002EH
  +--> ?PR?LCD_INIT?LCD_DRIVER_SPLC780D
  +--> ?PR?SPI_INIT?PCF85063BTL
  +--> ?PR?KEYPAD_IO_INIT?KEYPAD
  +--> ?PR?ADC_INIT?ADC
  +--> ?PR?SI1120_CONFIG_MODE_VIRH?SI1120
  +--> ?PR?ENABLE_EXTINT0?SI1120
  +--> ?PR?VSETLOCATION?BIPOLARMOTOR
  +--> ?PR?_SPI_WRITETIME?PCF85063BTL
  +--> ?PR?_DELAY_MS?KEYPAD
  +--> ?PR?_DISPLAY_LINE?LCD_DRIVER_SPLC780D
  +--> ?PR?_WRITEDATA?LCD_DRIVER_SPLC780D
  +--> ?PR?INITUART1?UART1
  +--> ?PR?UART1_INITTCPCONN?UART1
  +--> ?CO?MAIN
  +--> ?PR?_UART1_SENDTOTCPSERVER?UART1
  +--> ?PR?KEY_PROCESS?KEYPAD
  +--> ?PR?_COMMAND?LCD_DRIVER_SPLC780D
  +--> ?PR?_DISPLAY_POS?LCD_DRIVER_SPLC780D
  +--> ?PR?_DISPLAYLCD?LCD_DRIVER_SPLC780D
  +--> ?PR?_STEP_MOVE?BIPOLARMOTOR
  +--> ?PR?LCD_RETURN_HOME?LCD_DRIVER_SPLC780D
  +--> ?PR?_READ_TIME?PCF85063BTL
  +--> ?PR?_BCDTODEC1?BIPOLARMOTOR
  +--> ?PR?_SENDSTRING?UART1
  +--> ?PR?_ELEVATION_CALCULATION?BIPOLARMOTOR
  +--> ?PR?PRINTF?PRINTF
  +--> ?PR?_CALIBRATION?CALIBRATION
  +--> ?PR?_UPDATE_POSITION?BIPOLARMOTOR
  +--> ?PR?_AT25SF041_READ?AT25SF041
  +--> ?PR?_WAIT_MS_SPINOR?AT25SF041
  +--> ?PR?AT25SF041_WRITEENABLE?AT25SF041
  +--> ?PR?_AT25SF041_WRITE?AT25SF041
  +--> ?PR?_ABS?ABS
  +--> ?PR?_FABS?FABS
  +--> ?PR?SPI_NOR_WRITE_DATA?AT25SF041
  +--> ?PR?_WAIT_MS?LCD_DRIVER_SPLC780D
  +--> ?PR?LINEAR_INTERPOLATE?BIPOLARMOTOR
  +--> ?PR?_FINDCLOSESTSAMEDAYCALIBTIME?CALI...
BL51 BANKED LINKER/LOCATER V6.22                                                      08/20/2019  17:19:56  PAGE 6


  +--> ?PR?_ADC_GETRESULT?ADC
  +--> ?PR?AT25SF041_CHIPERASE?AT25SF041
  +--> ?PR?LCD_CLEAR?LCD_DRIVER_SPLC780D

?PR?LCD_INIT?LCD_DRIVER_SPLC780D                 -----    -----      -----    -----      -----    -----
  +--> ?PR?_WAIT_MS?LCD_DRIVER_SPLC780D
  +--> ?PR?_COMMAND?LCD_DRIVER_SPLC780D

?PR?_COMMAND?LCD_DRIVER_SPLC780D                 -----    -----      -----    -----      -----    -----
  +--> ?PR?_WAIT_MS?LCD_DRIVER_SPLC780D

?PR?SI1120_CONFIG_MODE_VIRH?SI1120               -----    -----      -----    -----      -----    -----
  +--> ?PR?_WAIT_MS?LCD_DRIVER_SPLC780D

?PR?_SPI_WRITETIME?PCF85063BTL                   -----    -----      -----    -----      -----    -----
  +--> ?PR?_SPI_SENDBYTE?PCF85063BTL

?PR?_SPI_SENDBYTE?PCF85063BTL                    -----    -----      -----    -----      -----    -----
  +--> ?PR?_PCF85063BTL_DELAY?PCF85063BTL

?PR?_DISPLAY_LINE?LCD_DRIVER_SPLC780D            -----    -----      -----    -----      -----    -----
  +--> ?PR?_COMMAND?LCD_DRIVER_SPLC780D

?PR?_WRITEDATA?LCD_DRIVER_SPLC780D               -----    -----      -----    -----      04F4H    0001H
  +--> ?PR?_WAIT_MS?LCD_DRIVER_SPLC780D

?PR?UART1_INITTCPCONN?UART1                      -----    -----      -----    -----      -----    -----
  +--> ?CO?UART1
  +--> ?PR?_SENDSTRING?UART1

?PR?_SENDSTRING?UART1                            -----    -----      -----    -----      04E9H    0003H
  +--> ?PR?_SENDUART1?MAIN

?PR?_UART1_SENDTOTCPSERVER?UART1                 -----    -----      -----    -----      03F8H    0003H
  +--> ?CO?UART1
  +--> ?PR?_SENDSTRING?UART1
  +--> ?PR?_DELAY_MS?KEYPAD

?PR?KEY_PROCESS?KEYPAD                           -----    -----      -----    -----      03F8H    0006H
  +--> ?PR?KEY_SCAN?KEYPAD
  +--> ?PR?_SPI_WRITETIME?PCF85063BTL
  +--> ?PR?LCD_CLEAR?LCD_DRIVER_SPLC780D
  +--> ?PR?_COMMAND?LCD_DRIVER_SPLC780D
  +--> ?PR?_WRITEDATA?LCD_DRIVER_SPLC780D

?PR?KEY_SCAN?KEYPAD                              -----    -----      -----    -----      03FEH    0003H

?PR?LCD_CLEAR?LCD_DRIVER_SPLC780D                -----    -----      -----    -----      -----    -----
  +--> ?PR?_COMMAND?LCD_DRIVER_SPLC780D

?PR?_DISPLAY_POS?LCD_DRIVER_SPLC780D             -----    -----      -----    -----      04E9H    000BH
  +--> ?PR?_ABS?ABS
  +--> ?PR?_WRITEDATA?LCD_DRIVER_SPLC780D

?PR?_DISPLAYLCD?LCD_DRIVER_SPLC780D              -----    -----      -----    -----      03F8H    0001H
  +--> ?PR?_WRITEDATA?LCD_DRIVER_SPLC780D

BL51 BANKED LINKER/LOCATER V6.22                                                      08/20/2019  17:19:56  PAGE 7


?PR?_STEP_MOVE?BIPOLARMOTOR                      0020H.2  0000H.1    -----    -----      04EDH    0004H
  +--> ?PR?VONESTEPMOVE?BIPOLARMOTOR

?PR?VONESTEPMOVE?BIPOLARMOTOR                    0020H.3  0000H.1    -----    -----      -----    -----
  +--> ?PR?_WRITE_PI4IOE5V96248?IOEXPANDER_P...
  +--> ?PR?_DELAY_MS?KEYPAD

?PR?_WRITE_PI4IOE5V96248?IOEXPANDER_P...         -----    -----      -----    -----      04F1H    0003H
  +--> ?PR?I2C_START?IOEXPANDER_PI4IOE5V96248
  +--> ?PR?_WAIT_MS_I2C?IOEXPANDER_PI4IOE5V9...
  +--> ?PR?_I2C_SENDBYTE?IOEXPANDER_PI4IOE5V...
  +--> ?PR?I2C_ACK?IOEXPANDER_PI4IOE5V96248
  +--> ?PR?I2C_STOP?IOEXPANDER_PI4IOE5V96248

?PR?I2C_START?IOEXPANDER_PI4IOE5V96248           -----    -----      -----    -----      -----    -----
  +--> ?PR?_WAIT_MS_I2C?IOEXPANDER_PI4IOE5V9...

?PR?_I2C_SENDBYTE?IOEXPANDER_PI4IOE5V...         -----    -----      -----    -----      -----    -----
  +--> ?PR?_WAIT_MS_I2C?IOEXPANDER_PI4IOE5V9...

?PR?I2C_ACK?IOEXPANDER_PI4IOE5V96248             -----    -----      -----    -----      04F4H    0001H
  +--> ?PR?_WAIT_MS_I2C?IOEXPANDER_PI4IOE5V9...

?PR?I2C_STOP?IOEXPANDER_PI4IOE5V96248            -----    -----      -----    -----      -----    -----
  +--> ?PR?_WAIT_MS_I2C?IOEXPANDER_PI4IOE5V9...

?PR?LCD_RETURN_HOME?LCD_DRIVER_SPLC780D          -----    -----      -----    -----      -----    -----
  +--> ?PR?_COMMAND?LCD_DRIVER_SPLC780D

?PR?_READ_TIME?PCF85063BTL                       -----    -----      -----    -----      04E9H    000FH
  +--> ?PR?_SPI_READTIME?PCF85063BTL

?PR?_SPI_READTIME?PCF85063BTL                    -----    -----      -----    -----      -----    -----
  +--> ?PR?_SPI_SENDBYTE?PCF85063BTL
  +--> ?PR?SPI_RECEIVEBYTE?PCF85063BTL

?PR?SPI_RECEIVEBYTE?PCF85063BTL                  -----    -----      -----    -----      -----    -----
  +--> ?PR?_PCF85063BTL_DELAY?PCF85063BTL

?PR?_ELEVATION_CALCULATION?BIPOLARMOTOR          -----    -----      -----    -----      03F8H    0005H
  +--> ?PR?_BCDTODEC1?BIPOLARMOTOR
  +--> ?PR?SUNPOS?SUNPOS
  +--> ?PR?SIN?SIN
  +--> ?PR?ASIN?ASIN

?PR?SUNPOS?SUNPOS                                -----    -----      -----    -----      0442H    005DH
  +--> ?PR?SIN?SIN
  +--> ?PR?_ATAN2?ATAN2
  +--> ?PR?ASIN?ASIN
  +--> ?PR?ACOS?ACOS

?PR?SIN?SIN                                      0020H.1  0000H.1    -----    -----      049FH    0004H

?PR?_ATAN2?ATAN2                                 -----    -----      -----    -----      049FH    0008H
  +--> ?PR?ATAN?ATAN

?PR?ATAN?ATAN                                    0020H.1  0000H.2    -----    -----      04A7H    0004H
BL51 BANKED LINKER/LOCATER V6.22                                                      08/20/2019  17:19:56  PAGE 8



?PR?ASIN?ASIN                                    -----    -----      -----    -----      -----    -----
  +--> ?PR?SQRT?SQRT
  +--> ?PR?ATAN?ATAN

?PR?SQRT?SQRT                                    -----    -----      -----    -----      049FH    0004H

?PR?ACOS?ACOS                                    -----    -----      -----    -----      -----    -----
  +--> ?PR?SQRT?SQRT
  +--> ?PR?ATAN?ATAN

?PR?PRINTF?PRINTF                                0020H.1  0001H.1    0008H    0005H      04E9H    0030H
  +--> ?PR?PUTCHAR?PUTCHAR

?PR?_CALIBRATION?CALIBRATION                     -----    -----      -----    -----      03F8H    0024H
  +--> ?PR?VOLTAGE_IS_STABLE?CALIBRATION
  +--> ?PR?_UPDATE_POSITION?BIPOLARMOTOR
  +--> ?PR?_FIND_REAL_MAX?CALIBRATION

?PR?VOLTAGE_IS_STABLE?CALIBRATION                -----    -----      -----    -----      041CH    0018H
  +--> ?PR?_ADC_GETRESULT?ADC
  +--> ?PR?_ABS?ABS

?PR?_UPDATE_POSITION?BIPOLARMOTOR                -----    -----      -----    -----      041CH    0026H
  +--> ?PR?_BCDTODEC1?BIPOLARMOTOR
  +--> ?PR?SUNPOS?SUNPOS
  +--> ?PR?SIN?SIN
  +--> ?PR?ASIN?ASIN
  +--> ?PR?_THEORICALJP_POSITION?BIPOLARMOTOR
  +--> ?PR?_FABS?FABS

?PR?_THEORICALJP_POSITION?BIPOLARMOTOR           -----    -----      -----    -----      0442H    005CH
  +--> ?PR?LINEAR_INTERPOLATE?BIPOLARMOTOR

?PR?LINEAR_INTERPOLATE?BIPOLARMOTOR              -----    -----      -----    -----      049EH    0014H

?PR?_FIND_REAL_MAX?CALIBRATION                   -----    -----      -----    -----      041CH    00CDH
  +--> ?PR?_ADC_GETRESULT?ADC
  +--> ?PR?_WAIT_MS?LCD_DRIVER_SPLC780D
  +--> ?CO?CALIBRATION
  +--> ?PR?PRINTF?PRINTF
  +--> ?PR?_SENDSTRING?UART1
  +--> ?PR?_COMMAND?LCD_DRIVER_SPLC780D
  +--> ?PR?_WRITEDATA?LCD_DRIVER_SPLC780D
  +--> ?PR?_DISPLAY_POS?LCD_DRIVER_SPLC780D
  +--> ?PR?_MOVE?BIPOLARMOTOR
  +--> ?PR?_READ_TIME?PCF85063BTL
  +--> ?PR?_BCDTODEC1?BIPOLARMOTOR
  +--> ?PR?_MAX_VALUE?CALIBRATION

?PR?_MOVE?BIPOLARMOTOR                           0020H.1  0000H.1    -----    -----      04E9H    0004H
  +--> ?PR?_STEP_MOVE?BIPOLARMOTOR

?PR?_MAX_VALUE?CALIBRATION                       -----    -----      -----    -----      04E9H    0004H

?PR?_AT25SF041_READ?AT25SF041                    -----    -----      -----    -----      03F8H    0008H
  +--> ?PR?_WAIT_MS_SPINOR?AT25SF041
BL51 BANKED LINKER/LOCATER V6.22                                                      08/20/2019  17:19:56  PAGE 9


  +--> ?PR?UCREAD_STATUS_REGISTER_BYTE1?AT25...

?PR?UCREAD_STATUS_REGISTER_BYTE1?AT25...         -----    -----      -----    -----      040EH    0003H
  +--> ?PR?_WAIT_MS_SPINOR?AT25SF041

?PR?AT25SF041_WRITEENABLE?AT25SF041              -----    -----      -----    -----      0406H    0002H
  +--> ?PR?_WAIT_MS_SPINOR?AT25SF041
  +--> ?PR?UCREAD_STATUS_REGISTER_BYTE1?AT25...

?PR?_AT25SF041_WRITE?AT25SF041                   -----    -----      -----    -----      0406H    0008H
  +--> ?PR?_WAIT_MS_SPINOR?AT25SF041
  +--> ?PR?UCREAD_STATUS_REGISTER_BYTE1?AT25...

?PR?SPI_NOR_WRITE_DATA?AT25SF041                 -----    -----      -----    -----      03F8H    000EH
  +--> ?PR?AT25SF041_WRITEENABLE?AT25SF041
  +--> ?PR?_AT25SF041_WRITE?AT25SF041
  +--> ?PR?_WAIT_MS_SPINOR?AT25SF041

?PR?AT25SF041_CHIPERASE?AT25SF041                -----    -----      -----    -----      03F8H    0002H
  +--> ?PR?_WAIT_MS_SPINOR?AT25SF041
  +--> ?PR?UCREAD_STATUS_REGISTER_BYTE1?AT25...



SYMBOL TABLE OF MODULE:  .\Obj\GPIO_RTC_Test (MAIN)

  VALUE           TYPE          NAME
  ----------------------------------

  -------         MODULE        MAIN
  C:0000H         SYMBOL        _ICE_DUMMY_
  X:0521H         PUBLIC        calib_value
  D:0080H         PUBLIC        P0
  D:0090H         PUBLIC        P1
  D:00A0H         PUBLIC        P2
  D:00B0H         PUBLIC        P3
  D:00C0H         PUBLIC        P4
  D:00C8H         PUBLIC        P5
  X:0575H         SYMBOL        PressedKey
  B:00A8H.7       PUBLIC        EA
  D:00E8H         PUBLIC        P6
  X:0579H         PUBLIC        calib_stamp
  D:00F8H         PUBLIC        P7
  X:057AH         PUBLIC        sTempString
  X:0583H         PUBLIC        calib_bool
  X:05ADH         PUBLIC        pwm_time_min
  D:00A8H         PUBLIC        IE
  X:05B1H         PUBLIC        calib_time
  X:0605H         PUBLIC        pwm_time_max
  B:0090H.7       PUBLIC        Connect_Electronics_Load
  D:00B8H         PUBLIC        IP
  B:0098H.0       PUBLIC        RI
  B:00B0H.2       PUBLIC        INT0
  X:0609H         PUBLIC        months
  B:0098H.1       PUBLIC        TI
  C:000EH         PUBLIC        Uart
  D:00D8H         PUBLIC        CCON
BL51 BANKED LINKER/LOCATER V6.22                                                      08/20/2019  17:19:56  PAGE 10


  C:0026H         PUBLIC        main
  X:060AH         PUBLIC        found_1st_point
  X:060CH         PUBLIC        i_point1
  X:060EH         PUBLIC        i_point2
  X:0610H         PUBLIC        count
  B:0090H.2       PUBLIC        Connect_IV_Load
  D:0099H         PUBLIC        SBUF
  X:0612H         PUBLIC        days
  X:0613H         PUBLIC        hours
  D:0098H         PUBLIC        SCON
  D:0089H         PUBLIC        TMOD
  D:0088H         PUBLIC        TCON
  B:00A0H.3       PUBLIC        P23
  X:0614H         SYMBOL        KeyCount
  X:0616H         PUBLIC        mins
  B:00C8H.5       PUBLIC        P55
  X:0617H         PUBLIC        diff_of_offset
  D:008EH         PUBLIC        AUXR
  C:715AH         PUBLIC        tm0_isr
  B:0090H.5       PUBLIC        SI1120_STX
  C:738AH         PUBLIC        tm1_isr
  B:0021H.2       PUBLIC        busy
  D:00E0H         PUBLIC        ACC
  B:00A8H.1       PUBLIC        ET0
  B:00A8H.3       PUBLIC        ET1
  X:061BH         PUBLIC        SPI_NOR_INTERNAL_FLASH_ADDR
  D:008CH         PUBLIC        TH0
  D:008DH         PUBLIC        TH1
  D:008AH         PUBLIC        TL0
  D:008BH         PUBLIC        TL1
  X:061FH         PUBLIC        ii
  X:0621H         PUBLIC        jj
  B:0088H.4       PUBLIC        TR0
  B:0088H.6       PUBLIC        TR1
  X:0623H         PUBLIC        old_mins
  C:62FBH         PUBLIC        exint0
  X:0624H         SYMBOL        KeyNum
  X:0625H         SYMBOL        KeyNum_Old
  X:0626H         PUBLIC        timer0_count
  X:0628H         PUBLIC        current_position
  X:062CH         PUBLIC        pwm_time
  X:0630H         PUBLIC        i
  X:0632H         PUBLIC        j
  X:0634H         PUBLIC        start_timer0_count
  X:0635H         PUBLIC        seconds
  D:00D0H         PUBLIC        PSW
  C:7393H         PUBLIC        _SendUART1
  -------         PROC          TM0_ISR
  C:715AH         LINE#         106
  C:7160H         LINE#         110
  C:7163H         LINE#         111
  C:7166H         LINE#         112
  C:7174H         LINE#         113
  -------         ENDPROC       TM0_ISR
  -------         PROC          TM1_ISR
  C:738AH         LINE#         114
  C:738AH         LINE#         116
BL51 BANKED LINKER/LOCATER V6.22                                                      08/20/2019  17:19:56  PAGE 11


  C:738CH         LINE#         118
  C:738FH         LINE#         119
  C:7392H         LINE#         120
  -------         ENDPROC       TM1_ISR
  -------         PROC          EXINT0
  C:62FBH         LINE#         121
  C:6318H         LINE#         125
  C:631BH         LINE#         126
  C:631BH         LINE#         127
  C:631EH         LINE#         128
  C:6321H         LINE#         129
  C:6323H         LINE#         130
  C:6325H         LINE#         134
  C:6328H         LINE#         137
  C:6328H         LINE#         138
  C:632AH         LINE#         140
  C:6336H         LINE#         141
  C:6390H         LINE#         142
  C:63CEH         LINE#         143
  C:63D5H         LINE#         148
  C:63D5H         LINE#         150
  -------         ENDPROC       EXINT0
  -------         PROC          MAIN
  -------         DO            
  X:0519H         SYMBOL        KeyCount
  X:051BH         SYMBOL        KeyNum_Old
  X:051CH         SYMBOL        KeyNum
  X:051DH         SYMBOL        PressedKey
  X:03CAH         SYMBOL        prox_flag
  X:03CBH         SYMBOL        iUse_prevday_calib_value
  X:03CDH         SYMBOL        max_ADC_Val_JP
  X:03CFH         SYMBOL        max_ADC_Val
  X:03D1H         SYMBOL        calib_point1
  X:03D9H         SYMBOL        calib_point2
  X:03E1H         SYMBOL        dat_to_store
  X:03ECH         SYMBOL        calib_day
  X:03EEH         SYMBOL        calib_count
  X:03F0H         SYMBOL        theorical_JP_max_pos
  X:03F4H         SYMBOL        elevation
  -------         ENDDO         
  C:0026H         LINE#         152
  C:0026H         LINE#         153
  C:0026H         LINE#         158
  C:002CH         LINE#         159
  C:0031H         LINE#         161
  C:0039H         LINE#         165
  C:003FH         LINE#         166
  C:0049H         LINE#         177
  C:0051H         LINE#         178
  C:0058H         LINE#         179
  C:005EH         LINE#         181
  C:0064H         LINE#         193
  C:0067H         LINE#         194
  C:006AH         LINE#         195
  C:006DH         LINE#         197
  C:0070H         LINE#         200
  C:0073H         LINE#         201
BL51 BANKED LINKER/LOCATER V6.22                                                      08/20/2019  17:19:56  PAGE 12


  C:0076H         LINE#         203
  C:0079H         LINE#         205
  C:007CH         LINE#         206
  C:007FH         LINE#         207
  C:0082H         LINE#         208
  C:0084H         LINE#         209
  C:0086H         LINE#         210
  C:0089H         LINE#         211
  C:008BH         LINE#         212
  C:008DH         LINE#         214
  C:008FH         LINE#         215
  C:0096H         LINE#         216
  C:009DH         LINE#         217
  C:00A4H         LINE#         218
  C:00ABH         LINE#         222
  C:00B2H         LINE#         223
  C:00B7H         LINE#         224
  C:00BCH         LINE#         225
  C:00C1H         LINE#         226
  C:00C6H         LINE#         227
  C:00CBH         LINE#         230
  C:00D2H         LINE#         231
  C:00D2H         LINE#         232
  C:00F5H         LINE#         233
  C:013FH         LINE#         234
  C:0154H         LINE#         235
  C:0171H         LINE#         236
  C:0174H         LINE#         239
  C:017BH         LINE#         242
  C:017EH         LINE#         244
  C:0185H         LINE#         245
  C:018EH         LINE#         248
  C:018EH         LINE#         249
  C:018EH         LINE#         250
  C:0191H         LINE#         260
  C:0191H         LINE#         264
  C:0196H         LINE#         265
  C:019BH         LINE#         267
  C:01A0H         LINE#         269
  C:01A5H         LINE#         270
  C:01AAH         LINE#         273
  C:01BBH         LINE#         275
  C:01C0H         LINE#         276
  C:01C5H         LINE#         278
  C:01CCH         LINE#         279
  C:01D4H         LINE#         280
  C:01D9H         LINE#         281
  C:01E1H         LINE#         282
  C:01E6H         LINE#         283
  C:01F0H         LINE#         284
  C:01F5H         LINE#         285
  C:01FDH         LINE#         287
  C:0205H         LINE#         288
  C:020AH         LINE#         289
  C:0214H         LINE#         290
  C:0214H         LINE#         291
  C:0216H         LINE#         292
BL51 BANKED LINKER/LOCATER V6.22                                                      08/20/2019  17:19:56  PAGE 13


  C:0218H         LINE#         293
  C:0222H         LINE#         294
  C:0222H         LINE#         295
  C:0227H         LINE#         296
  C:0227H         LINE#         308
  C:023BH         LINE#         309
  C:023BH         LINE#         310
  C:0250H         LINE#         311
  C:025FH         LINE#         312
  C:025FH         LINE#         313
  C:0272H         LINE#         314
  C:0274H         LINE#         316
  C:0274H         LINE#         317
  C:0290H         LINE#         318
  C:0290H         LINE#         319
  C:0295H         LINE#         320
  C:0295H         LINE#         321
  C:02A9H         LINE#         322
  C:02A9H         LINE#         325
  C:02BEH         LINE#         326
  C:02CDH         LINE#         327
  C:02CDH         LINE#         328
  C:02E0H         LINE#         329
  C:02E2H         LINE#         331
  C:02E2H         LINE#         332
  C:02FEH         LINE#         333
  C:02FEH         LINE#         334
  C:0303H         LINE#         335
  C:0309H         LINE#         336
  C:0309H         LINE#         338
  C:032BH         LINE#         339
  C:032BH         LINE#         340
  C:0335H         LINE#         341
  C:033BH         LINE#         342
  C:0342H         LINE#         343
  C:0348H         LINE#         344
  C:034FH         LINE#         345
  C:034FH         LINE#         346
  C:0352H         LINE#         348
  C:0352H         LINE#         353
  C:035AH         LINE#         354
  C:0395H         LINE#         355
  C:03B3H         LINE#         356
  C:03B3H         LINE#         358
  C:03BCH         LINE#         359
  C:03C3H         LINE#         360
  C:03CCH         LINE#         361
  C:03D3H         LINE#         363
  C:03D3H         LINE#         367
  C:03E0H         LINE#         368
  C:03E0H         LINE#         375
  C:03E0H         LINE#         376
  C:0408H         LINE#         377
  C:0408H         LINE#         378
  C:042AH         LINE#         379
  C:042AH         LINE#         381
  C:0450H         LINE#         382
BL51 BANKED LINKER/LOCATER V6.22                                                      08/20/2019  17:19:56  PAGE 14


  C:04A6H         LINE#         383
  C:04AFH         LINE#         384
  C:04B6H         LINE#         385
  C:04BFH         LINE#         386
  C:04C8H         LINE#         387
  C:04CFH         LINE#         393
  C:04CFH         LINE#         399
  C:04CFH         LINE#         401
  C:054BH         LINE#         402
  C:0564H         LINE#         403
  C:0566H         LINE#         404
  C:0568H         LINE#         406
  C:05F2H         LINE#         411
  C:0620H         LINE#         412
  C:0620H         LINE#         414
  C:0656H         LINE#         415
  C:0679H         LINE#         416
  C:068EH         LINE#         417
  C:0698H         LINE#         419
  C:069BH         LINE#         421
  C:069BH         LINE#         422
  C:06C1H         LINE#         423
  C:06C1H         LINE#         424
  C:06E9H         LINE#         425
  C:0798H         LINE#         426
  C:07BEH         LINE#         427
  C:0870H         LINE#         430
  C:0870H         LINE#         432
  C:0877H         LINE#         433
  C:087AH         LINE#         436
  C:08AFH         LINE#         437
  C:08B6H         LINE#         438
  C:08B9H         LINE#         440
  C:08F3H         LINE#         441
  C:091FH         LINE#         443
  C:094EH         LINE#         445
  C:0955H         LINE#         446
  C:095CH         LINE#         447
  C:095FH         LINE#         450
  C:09C7H         LINE#         452
  C:09CEH         LINE#         454
  C:09D5H         LINE#         455
  C:09D8H         LINE#         458
  C:0A97H         LINE#         460
  C:0A9EH         LINE#         461
  C:0A9EH         LINE#         463
  C:0AA0H         LINE#         465
  C:0AA0H         LINE#         467
  C:0AA0H         LINE#         468
  C:0AA0H         LINE#         469
  C:0AA0H         LINE#         486
  C:0AA8H         LINE#         487
  C:0AB0H         LINE#         488
  C:0AB8H         LINE#         489
  C:0AC0H         LINE#         491
  C:0AD4H         LINE#         492
  C:0AEAH         LINE#         493
BL51 BANKED LINKER/LOCATER V6.22                                                      08/20/2019  17:19:56  PAGE 15


  C:0B1AH         LINE#         494
  C:0B3AH         LINE#         496
  C:0B4EH         LINE#         497
  C:0B64H         LINE#         498
  C:0B94H         LINE#         499
  C:0B9BH         LINE#         501
  C:0BBFH         LINE#         504
  C:0BEAH         LINE#         506
  C:0BF3H         LINE#         507
  C:0BFAH         LINE#         508
  C:0C03H         LINE#         509
  C:0C0CH         LINE#         510
  C:0C13H         LINE#         512
  C:0C50H         LINE#         514
  C:0C59H         LINE#         515
  C:0C60H         LINE#         516
  C:0C69H         LINE#         517
  C:0C72H         LINE#         518
  C:0C79H         LINE#         520
  C:0CA4H         LINE#         522
  C:0CADH         LINE#         523
  C:0CB4H         LINE#         524
  C:0CBDH         LINE#         525
  C:0CC6H         LINE#         526
  C:0CCDH         LINE#         528
  C:0CF8H         LINE#         530
  C:0D01H         LINE#         531
  C:0D08H         LINE#         532
  C:0D11H         LINE#         533
  C:0D18H         LINE#         534
  C:0D21H         LINE#         535
  C:0D28H         LINE#         537
  C:0D2AH         LINE#         539
  C:0D38H         LINE#         540
  C:0D38H         LINE#         541
  C:0D40H         LINE#         544
  C:0D40H         LINE#         545
  C:0D40H         LINE#         547
  C:0D65H         LINE#         548
  C:0D65H         LINE#         549
  C:0D87H         LINE#         550
  C:0D87H         LINE#         551
  C:0E03H         LINE#         552
  C:0E05H         LINE#         553
  C:0E07H         LINE#         555
  C:0E5FH         LINE#         558
  C:0E6EH         LINE#         559
  C:0E6EH         LINE#         560
  C:0E6EH         LINE#         561
  C:0E6EH         LINE#         562
  C:0E6EH         LINE#         563
  C:0E6EH         LINE#         564
  C:0E6EH         LINE#         565
  C:0E6EH         LINE#         568
  C:0E6EH         LINE#         570
  C:0E6EH         LINE#         571
  C:0E6EH         LINE#         572
BL51 BANKED LINKER/LOCATER V6.22                                                      08/20/2019  17:19:56  PAGE 16


  C:0E6EH         LINE#         573
  C:0E6EH         LINE#         577
  C:0E6EH         LINE#         579
  C:0E6EH         LINE#         581
  C:0E6EH         LINE#         582
  C:0E6EH         LINE#         583
  C:0E6EH         LINE#         584
  C:0E6EH         LINE#         585
  C:0E6EH         LINE#         586
  C:0E6EH         LINE#         589
  C:0E6EH         LINE#         591
  C:0E6EH         LINE#         592
  C:0E6EH         LINE#         593
  C:0E6EH         LINE#         594
  C:0E6EH         LINE#         595
  C:0E6EH         LINE#         596
  C:0E6EH         LINE#         597
  C:0E6EH         LINE#         599
  C:0E71H         LINE#         602
  C:0E98H         LINE#         603
  C:0E98H         LINE#         606
  C:0EBAH         LINE#         607
  C:0EBAH         LINE#         609
  C:0F36H         LINE#         611
  C:0F63H         LINE#         612
  C:0F7EH         LINE#         618
  C:0F80H         LINE#         619
  C:0F82H         LINE#         621
  C:0FA6H         LINE#         622
  C:0FA6H         LINE#         628
  C:0FCCH         LINE#         630
  C:0FF5H         LINE#         631
  C:0FF9H         LINE#         632
  C:1071H         LINE#         633
  C:107EH         LINE#         634
  C:110DH         LINE#         635
  C:1114H         LINE#         636
  C:1125H         LINE#         638
  C:118DH         LINE#         639
  C:118FH         LINE#         641
  C:118FH         LINE#         642
  C:11F2H         LINE#         643
  C:11F2H         LINE#         646
  C:1201H         LINE#         647
  C:1201H         LINE#         648
  C:127FH         LINE#         649
  C:1288H         LINE#         650
  C:128FH         LINE#         651
  C:1298H         LINE#         652
  C:12A1H         LINE#         653
  C:12A8H         LINE#         656
  C:12D3H         LINE#         658
  C:12DCH         LINE#         659
  C:12E3H         LINE#         660
  C:12ECH         LINE#         661
  C:12F5H         LINE#         665
  C:12FCH         LINE#         667
BL51 BANKED LINKER/LOCATER V6.22                                                      08/20/2019  17:19:56  PAGE 17


  C:1327H         LINE#         669
  C:1330H         LINE#         670
  C:1337H         LINE#         671
  C:1340H         LINE#         672
  C:1347H         LINE#         674
  C:1350H         LINE#         675
  C:1357H         LINE#         678
  C:1395H         LINE#         680
  C:139EH         LINE#         681
  C:13A5H         LINE#         682
  C:13AEH         LINE#         683
  C:13B7H         LINE#         684
  C:13BEH         LINE#         685
  C:13BEH         LINE#         687
  C:13BEH         LINE#         689
  C:13BEH         LINE#         690
  C:13BEH         LINE#         692
  C:13BEH         LINE#         696
  C:13DAH         LINE#         697
  C:13DAH         LINE#         698
  C:13DCH         LINE#         701
  C:13DFH         LINE#         703
  C:140FH         LINE#         704
  C:140FH         LINE#         705
  C:1411H         LINE#         707
  C:1420H         LINE#         708
  C:1420H         LINE#         710
  C:1423H         LINE#         712
  C:1426H         LINE#         713
  C:142DH         LINE#         715
  C:1449H         LINE#         716
  C:1449H         LINE#         717
  C:1466H         LINE#         718
  C:1466H         LINE#         719
  C:146CH         LINE#         720
  C:146FH         LINE#         723
  C:14A4H         LINE#         724
  C:14ABH         LINE#         725
  C:14AEH         LINE#         727
  C:14E8H         LINE#         728
  C:14FEH         LINE#         730
  C:1517H         LINE#         732
  C:151EH         LINE#         733
  C:1525H         LINE#         734
  C:1528H         LINE#         737
  C:157DH         LINE#         739
  C:1584H         LINE#         741
  C:158BH         LINE#         742
  C:158EH         LINE#         745
  C:163AH         LINE#         747
  C:1641H         LINE#         748
  C:1641H         LINE#         749
  C:1652H         LINE#         751
  C:1652H         LINE#         755
  C:1659H         LINE#         756
  C:1659H         LINE#         759
  C:1668H         LINE#         760
BL51 BANKED LINKER/LOCATER V6.22                                                      08/20/2019  17:19:56  PAGE 18


  C:1668H         LINE#         761
  C:169AH         LINE#         762
  C:169AH         LINE#         763
  C:1719H         LINE#         765
  C:1720H         LINE#         766
  C:1723H         LINE#         768
  C:175DH         LINE#         769
  C:1773H         LINE#         771
  C:178CH         LINE#         773
  C:1793H         LINE#         774
  C:179AH         LINE#         775
  C:179DH         LINE#         777
  C:17F2H         LINE#         778
  C:17F9H         LINE#         780
  C:1800H         LINE#         781
  C:1803H         LINE#         783
  C:18AFH         LINE#         784
  C:18B6H         LINE#         786
  C:18BDH         LINE#         787
  C:18C0H         LINE#         789
  C:18E4H         LINE#         790
  C:18EBH         LINE#         791
  C:18FCH         LINE#         794
  C:1910H         LINE#         795
  C:1924H         LINE#         796
  C:1933H         LINE#         797
  C:1933H         LINE#         799
  C:1966H         LINE#         800
  C:1966H         LINE#         801
  C:198CH         LINE#         803
  C:19ABH         LINE#         805
  C:19BDH         LINE#         808
  C:19E7H         LINE#         811
  C:19F6H         LINE#         812
  C:19F9H         LINE#         815
  C:1A2AH         LINE#         816
  C:1A2AH         LINE#         818
  C:1A50H         LINE#         820
  C:1A6FH         LINE#         821
  C:1A81H         LINE#         824
  C:1AABH         LINE#         827
  C:1ABBH         LINE#         828
  C:1AC1H         LINE#         829
  C:1AD5H         LINE#         830
  C:1AE9H         LINE#         831
  C:1AF1H         LINE#         832
  C:1AFEH         LINE#         833
  C:1AFEH         LINE#         834
  C:1B22H         LINE#         835
  C:1B22H         LINE#         836
  C:1B6CH         LINE#         837
  C:1B73H         LINE#         838
  C:1B76H         LINE#         841
  C:1B9AH         LINE#         843
  C:1BA1H         LINE#         844
  C:1BA4H         LINE#         846
  C:1BD7H         LINE#         847
BL51 BANKED LINKER/LOCATER V6.22                                                      08/20/2019  17:19:56  PAGE 19


  C:1BF6H         LINE#         849
  C:1C18H         LINE#         851
  C:1C1FH         LINE#         853
  C:1C26H         LINE#         854
  C:1C29H         LINE#         856
  C:1C7EH         LINE#         857
  C:1C85H         LINE#         859
  C:1C8CH         LINE#         860
  C:1C8FH         LINE#         862
  C:1D3BH         LINE#         863
  C:1D42H         LINE#         864
  C:1D53H         LINE#         865
  C:1D53H         LINE#         866
  C:1D53H         LINE#         870
  C:1D75H         LINE#         871
  C:1D82H         LINE#         872
  C:1D82H         LINE#         873
  C:1DA5H         LINE#         874
  C:1DA5H         LINE#         875
  C:1DF5H         LINE#         876
  C:1DF5H         LINE#         877
  C:1DFCH         LINE#         878
  C:1DFFH         LINE#         880
  C:1E39H         LINE#         881
  C:1E4FH         LINE#         883
  C:1E68H         LINE#         885
  C:1E6FH         LINE#         886
  C:1E76H         LINE#         887
  C:1E79H         LINE#         889
  C:1ECEH         LINE#         890
  C:1ED5H         LINE#         892
  C:1EDCH         LINE#         893
  C:1EDFH         LINE#         895
  C:1F8BH         LINE#         896
  C:1F92H         LINE#         898
  C:1F99H         LINE#         899
  C:1F9CH         LINE#         901
  C:1FC0H         LINE#         902
  C:1FC7H         LINE#         903
  C:1FC7H         LINE#         904
  C:1FD8H         LINE#         905
  C:1FD8H         LINE#         906
  C:1FD8H         LINE#         907
  C:1FFDH         LINE#         908
  C:1FFDH         LINE#         909
  C:2015H         LINE#         910
  C:2015H         LINE#         911
  C:202FH         LINE#         912
  C:203FH         LINE#         914
  C:203FH         LINE#         915
  C:204DH         LINE#         916
  C:204DH         LINE#         917
  C:2055H         LINE#         918
  C:2055H         LINE#         920
  C:2064H         LINE#         921
  C:2064H         LINE#         922
  C:2067H         LINE#         923
BL51 BANKED LINKER/LOCATER V6.22                                                      08/20/2019  17:19:56  PAGE 20


  C:206EH         LINE#         924
  C:2073H         LINE#         925
  C:2078H         LINE#         926
  C:207DH         LINE#         927
  C:2082H         LINE#         928
  C:2087H         LINE#         938
  C:208AH         LINE#         940
  C:208DH         LINE#         941
  C:2094H         LINE#         942
  C:209EH         LINE#         943
  C:20A5H         LINE#         945
  C:20A8H         LINE#         954
  C:20A8H         LINE#         955
  -------         ENDPROC       MAIN
  -------         PROC          UART
  C:000EH         LINE#         969
  C:000EH         LINE#         971
  C:0011H         LINE#         972
  C:0011H         LINE#         973
  C:0013H         LINE#         975
  C:0013H         LINE#         976
  C:0016H         LINE#         977
  C:0016H         LINE#         978
  C:0018H         LINE#         979
  C:001AH         LINE#         980
  C:001AH         LINE#         981
  -------         ENDPROC       UART
  -------         PROC          _SENDUART1
  D:0007H         SYMBOL        dat
  C:7393H         LINE#         983
  C:7393H         LINE#         984
  C:7393H         LINE#         985
  C:7396H         LINE#         986
  C:7398H         LINE#         987
  C:7399H         LINE#         988
  C:739BH         LINE#         989
  -------         ENDPROC       _SENDUART1
  -------         ENDMOD        MAIN

  -------         MODULE        PCF85063BTL
  C:0000H         SYMBOL        _ICE_DUMMY_
  D:0096H         PUBLIC        P2M0
  D:0080H         PUBLIC        P0
  D:0095H         PUBLIC        P2M1
  D:0090H         PUBLIC        P1
  D:00A0H         PUBLIC        P2
  D:00B0H         PUBLIC        P3
  D:00C0H         PUBLIC        P4
  D:00C8H         PUBLIC        P5
  D:00E8H         PUBLIC        P6
  B:00A0H.1       PUBLIC        PCF85063BTL_SDI
  D:00F8H         PUBLIC        P7
  B:00A0H.2       PUBLIC        PCF85063BTL_SCK
  B:00A0H.1       PUBLIC        PCF85063BTL_SDO
  D:00A8H         PUBLIC        IE
  C:6C15H         PUBLIC        _Read_time
  C:72B5H         PUBLIC        _PCF85063BTL_Delay
BL51 BANKED LINKER/LOCATER V6.22                                                      08/20/2019  17:19:56  PAGE 21


  D:00B8H         PUBLIC        IP
  D:00D8H         PUBLIC        CCON
  C:6AA2H         PUBLIC        _Day_Of_Year
  C:719BH         PUBLIC        SPI_ReceiveByte
  D:0098H         PUBLIC        SCON
  D:0088H         PUBLIC        TCON
  C:72E8H         PUBLIC        _BCDtoDec
  B:00A0H.0       PUBLIC        PCF85063BTL_CS
  C:72D7H         PUBLIC        _SPI_ReadTime
  C:7337H         PUBLIC        SPI_Init
  C:722BH         PUBLIC        _SPI_WriteTime
  C:717BH         PUBLIC        _SPI_SendByte
  D:00D0H         PUBLIC        PSW
  C:72B1H         SYMBOL        L?0048
  -------         PROC          L?0047
  -------         ENDPROC       L?0047
  C:72B1H         SYMBOL        L?0048
  -------         PROC          _PCF85063BTL_DELAY
  D:0006H         SYMBOL        us
  C:72B5H         LINE#         8
  C:72B5H         LINE#         9
  C:72B5H         LINE#         10
  C:72BFH         LINE#         11
  C:72BFH         LINE#         12
  C:72C0H         LINE#         13
  C:72C2H         LINE#         14
  -------         ENDPROC       _PCF85063BTL_DELAY
  -------         PROC          _SPI_SENDBYTE
  D:0005H         SYMBOL        dat
  -------         DO            
  D:0003H         SYMBOL        i
  -------         ENDDO         
  C:717BH         LINE#         17
  C:717DH         LINE#         18
  C:717DH         LINE#         20
  C:717FH         LINE#         21
  C:717FH         LINE#         22
  C:7181H         LINE#         23
  C:7185H         LINE#         24
  C:7185H         LINE#         25
  C:7187H         LINE#         26
  C:7189H         LINE#         28
  C:7189H         LINE#         29
  C:718BH         LINE#         30
  C:718BH         LINE#         31
  C:718EH         LINE#         32
  C:718EH         LINE#         33
  C:7191H         LINE#         34
  C:7195H         LINE#         35
  C:719AH         LINE#         36
  -------         ENDPROC       _SPI_SENDBYTE
  -------         PROC          SPI_RECEIVEBYTE
  -------         DO            
  D:0003H         SYMBOL        i
  D:0005H         SYMBOL        dat
  -------         ENDDO         
  C:719BH         LINE#         39
BL51 BANKED LINKER/LOCATER V6.22                                                      08/20/2019  17:19:56  PAGE 22


  C:719BH         LINE#         40
  C:719BH         LINE#         42
  C:719DH         LINE#         44
  C:719FH         LINE#         45
  C:71A0H         LINE#         46
  C:71A0H         LINE#         47
  C:71A4H         LINE#         48
  C:71A6H         LINE#         49
  C:71A9H         LINE#         51
  C:71ACH         LINE#         52
  C:71ACH         LINE#         53
  C:71B0H         LINE#         54
  C:71B0H         LINE#         55
  C:71B0H         LINE#         56
  C:71B3H         LINE#         57
  C:71B8H         LINE#         58
  C:71BAH         LINE#         59
  -------         ENDPROC       SPI_RECEIVEBYTE
  -------         PROC          _SPI_READTIME
  D:0007H         SYMBOL        addr
  -------         DO            
  D:0006H         SYMBOL        dat
  -------         ENDDO         
  C:72D7H         LINE#         61
  C:72D7H         LINE#         62
  C:72D7H         LINE#         64
  C:72D9H         LINE#         65
  C:72DBH         LINE#         66
  C:72E2H         LINE#         67
  C:72E5H         LINE#         68
  C:72E7H         LINE#         69
  C:72E7H         LINE#         70
  -------         ENDPROC       _SPI_READTIME
  -------         PROC          _SPI_WRITETIME
  D:0002H         SYMBOL        val
  D:0005H         SYMBOL        addr
  C:722BH         LINE#         71
  C:722DH         LINE#         72
  C:722DH         LINE#         74
  C:722FH         LINE#         75
  C:7236H         LINE#         76
  C:723BH         LINE#         77
  C:7240H         LINE#         78
  C:7242H         LINE#         79
  -------         ENDPROC       _SPI_WRITETIME
  -------         PROC          SPI_INIT
  C:7337H         LINE#         83
  C:7337H         LINE#         84
  C:7337H         LINE#         89
  C:733AH         LINE#         90
  C:733DH         LINE#         91
  C:733FH         LINE#         92
  C:7341H         LINE#         93
  C:7343H         LINE#         94
  -------         ENDPROC       SPI_INIT
  -------         PROC          _READ_TIME
  X:04E9H         SYMBOL        months
BL51 BANKED LINKER/LOCATER V6.22                                                      08/20/2019  17:19:56  PAGE 23


  X:04ECH         SYMBOL        days
  X:04EFH         SYMBOL        hours
  X:04F2H         SYMBOL        mins
  X:04F5H         SYMBOL        seconds
  C:6C15H         LINE#         96
  C:6C20H         LINE#         97
  C:6C20H         LINE#         99
  C:6C34H         LINE#         101
  C:6C48H         LINE#         103
  C:6C5CH         LINE#         108
  C:6C70H         LINE#         113
  -------         ENDPROC       _READ_TIME
  -------         PROC          _BCDTODEC
  D:0007H         SYMBOL        bcd
  -------         DO            
  D:0006H         SYMBOL        hi
  D:0007H         SYMBOL        lo
  -------         ENDDO         
  C:72E8H         LINE#         119
  C:72E8H         LINE#         120
  C:72E8H         LINE#         122
  C:72EDH         LINE#         123
  C:72F1H         LINE#         124
  C:72F8H         LINE#         125
  -------         ENDPROC       _BCDTODEC
  -------         PROC          _DAY_OF_YEAR
  D:0007H         SYMBOL        months_bcd
  D:0005H         SYMBOL        days_bcd
  -------         DO            
  D:0004H         SYMBOL        months
  D:0007H         SYMBOL        days
  -------         ENDDO         
  C:6AA2H         LINE#         126
  C:6AA2H         LINE#         127
  C:6AA2H         LINE#         130
  C:6AA7H         LINE#         132
  C:6AACH         LINE#         134
  C:6AE5H         LINE#         135
  C:6AE5H         LINE#         136
  C:6AE5H         LINE#         137
  C:6AE8H         LINE#         138
  C:6AE8H         LINE#         139
  C:6AE8H         LINE#         140
  C:6AEDH         LINE#         141
  C:6AEDH         LINE#         142
  C:6AEDH         LINE#         143
  C:6AF2H         LINE#         144
  C:6AF2H         LINE#         145
  C:6AF2H         LINE#         146
  C:6AF7H         LINE#         147
  C:6AF7H         LINE#         148
  C:6AF7H         LINE#         149
  C:6AFCH         LINE#         150
  C:6AFCH         LINE#         151
  C:6AFCH         LINE#         152
  C:6B01H         LINE#         153
  C:6B01H         LINE#         154
BL51 BANKED LINKER/LOCATER V6.22                                                      08/20/2019  17:19:56  PAGE 24


  C:6B01H         LINE#         155
  C:6B06H         LINE#         156
  C:6B06H         LINE#         157
  C:6B06H         LINE#         158
  C:6B0BH         LINE#         159
  C:6B0BH         LINE#         160
  C:6B0BH         LINE#         161
  C:6B13H         LINE#         162
  C:6B13H         LINE#         163
  C:6B13H         LINE#         164
  C:6B18H         LINE#         165
  C:6B18H         LINE#         166
  C:6B18H         LINE#         167
  C:6B1DH         LINE#         168
  C:6B1DH         LINE#         169
  C:6B1DH         LINE#         170
  C:6B26H         LINE#         171
  C:6B26H         LINE#         172
  C:6B26H         LINE#         173
  C:6B29H         LINE#         174
  C:6B29H         LINE#         175
  -------         ENDPROC       _DAY_OF_YEAR
  -------         ENDMOD        PCF85063BTL

  -------         MODULE        LCD_DRIVER_SPLC780D
  C:0000H         SYMBOL        _ICE_DUMMY_
  D:0092H         PUBLIC        P1M0
  D:0091H         PUBLIC        P1M1
  D:0080H         PUBLIC        P0
  D:0090H         PUBLIC        P1
  D:00A0H         PUBLIC        P2
  D:00B0H         PUBLIC        P3
  D:00C0H         PUBLIC        P4
  D:00C8H         PUBLIC        P5
  D:00E8H         PUBLIC        P6
  D:00F8H         PUBLIC        P7
  C:6B2EH         PUBLIC        _WriteData
  D:00A8H         PUBLIC        IE
  D:00B8H         PUBLIC        IP
  D:00D8H         PUBLIC        CCON
  B:00B0H.4       PUBLIC        LCD_D4
  B:00B0H.5       PUBLIC        LCD_D5
  B:00B0H.6       PUBLIC        LCD_D6
  C:71D9H         PUBLIC        _DisplayLCD
  B:00B0H.7       PUBLIC        LCD_D7
  D:0098H         PUBLIC        SCON
  D:0088H         PUBLIC        TCON
  C:7380H         PUBLIC        LCD_clear
  C:6EB0H         PUBLIC        _Command
  C:7270H         PUBLIC        _Display_Line
  C:6CDEH         PUBLIC        LCD_Init
  C:7118H         PUBLIC        _Wait_ms
  B:00C0H.0       PUBLIC        LCD_RS
  B:0090H.3       PUBLIC        LCD_RW
  C:7376H         PUBLIC        LCD_return_home
  C:5D49H         PUBLIC        _Display_Pos
  B:00B0H.3       PUBLIC        LCD_E
BL51 BANKED LINKER/LOCATER V6.22                                                      08/20/2019  17:19:56  PAGE 25


  D:00D0H         PUBLIC        PSW
  -------         PROC          LCD_INIT
  C:6CDEH         LINE#         9
  C:6CDEH         LINE#         10
  C:6CDEH         LINE#         11
  C:6CE1H         LINE#         12
  C:6CE4H         LINE#         14
  C:6CEAH         LINE#         15
  C:6CEFH         LINE#         17
  C:6CF6H         LINE#         18
  C:6CFBH         LINE#         20
  C:6CFEH         LINE#         21
  C:6D03H         LINE#         23
  C:6D06H         LINE#         24
  C:6D0BH         LINE#         26
  C:6D12H         LINE#         29
  C:6D17H         LINE#         30
  C:6D1CH         LINE#         32
  C:6D21H         LINE#         33
  C:6D26H         LINE#         35
  C:6D2BH         LINE#         36
  C:6D30H         LINE#         37
  -------         ENDPROC       LCD_INIT
  C:6B2AH         SYMBOL        L?0035
  -------         PROC          L?0034
  -------         ENDPROC       L?0034
  C:6B2AH         SYMBOL        L?0035
  -------         PROC          _WRITEDATA
  X:04F4H         SYMBOL        dat
  C:6B2EH         LINE#         40
  C:6B33H         LINE#         41
  C:6B33H         LINE#         46
  C:6B35H         LINE#         47
  C:6B37H         LINE#         49
  C:6B45H         LINE#         50
  C:6B51H         LINE#         51
  C:6B5DH         LINE#         52
  C:6B67H         LINE#         53
  C:6B69H         LINE#         54
  C:6B70H         LINE#         55
  C:6B72H         LINE#         57
  C:6B82H         LINE#         58
  C:6B8DH         LINE#         59
  C:6B97H         LINE#         60
  C:6B9BH         LINE#         62
  C:6B9BH         LINE#         63
  C:6B9EH         LINE#         64
  C:6BA0H         LINE#         65
  C:6BA2H         LINE#         67
  -------         ENDPROC       _WRITEDATA
  -------         PROC          _COMMAND
  D:0007H         SYMBOL        dat
  C:6EB0H         LINE#         69
  C:6EB0H         LINE#         70
  C:6EB0H         LINE#         71
  C:6EB2H         LINE#         72
  C:6EB4H         LINE#         74
BL51 BANKED LINKER/LOCATER V6.22                                                      08/20/2019  17:19:56  PAGE 26


  C:6EBEH         LINE#         75
  C:6EC2H         LINE#         77
  C:6EC4H         LINE#         78
  C:6ECDH         LINE#         79
  C:6ED1H         LINE#         81
  C:6ED3H         LINE#         82
  C:6EDAH         LINE#         83
  C:6EDEH         LINE#         85
  C:6EE0H         LINE#         86
  C:6EE4H         LINE#         87
  C:6EE8H         LINE#         89
  C:6EEAH         LINE#         90
  C:6EEAH         LINE#         91
  C:6EEDH         LINE#         92
  C:6EEFH         LINE#         93
  -------         ENDPROC       _COMMAND
  C:7114H         SYMBOL        L?0037
  -------         PROC          L?0036
  -------         ENDPROC       L?0036
  C:7114H         SYMBOL        L?0037
  -------         PROC          _WAIT_MS
  D:0006H         SYMBOL        ms
  -------         DO            
  D:0004H         SYMBOL        De_Cnt
  -------         ENDDO         
  C:7118H         LINE#         95
  C:7118H         LINE#         96
  C:7118H         LINE#         98
  C:7122H         LINE#         99
  C:7122H         LINE#         100
  C:7135H         LINE#         101
  C:7135H         LINE#         102
  -------         ENDPROC       _WAIT_MS
  -------         PROC          _DISPLAYLCD
  D:0007H         SYMBOL        BCD
  -------         DO            
  D:0006H         SYMBOL        first_digit
  X:03F8H         SYMBOL        second_digit
  -------         ENDDO         
  C:71D9H         LINE#         103
  C:71D9H         LINE#         104
  C:71D9H         LINE#         106
  C:71E0H         LINE#         107
  C:71E9H         LINE#         109
  C:71EEH         LINE#         111
  -------         ENDPROC       _DISPLAYLCD
  -------         PROC          LCD_RETURN_HOME
  C:7376H         LINE#         115
  C:7376H         LINE#         116
  C:7376H         LINE#         117
  C:737BH         LINE#         118
  -------         ENDPROC       LCD_RETURN_HOME
  -------         PROC          LCD_CLEAR
  C:7380H         LINE#         121
  C:7380H         LINE#         122
  C:7380H         LINE#         123
  C:7385H         LINE#         124
BL51 BANKED LINKER/LOCATER V6.22                                                      08/20/2019  17:19:56  PAGE 27


  -------         ENDPROC       LCD_CLEAR
  -------         PROC          _DISPLAY_LINE
  D:0006H         SYMBOL        line
  C:7270H         LINE#         128
  C:7270H         LINE#         129
  C:7270H         LINE#         130
  C:7276H         LINE#         131
  C:7276H         LINE#         132
  C:7278H         LINE#         133
  C:7278H         LINE#         134
  C:727AH         LINE#         136
  C:727AH         LINE#         137
  C:727FH         LINE#         138
  C:7284H         LINE#         139
  C:7284H         LINE#         140
  -------         ENDPROC       _DISPLAY_LINE
  -------         PROC          _DISPLAY_POS
  X:04E9H         SYMBOL        sign_dat
  -------         DO            
  X:04EDH         SYMBOL        unit
  X:04EEH         SYMBOL        ten
  X:04EFH         SYMBOL        hundred
  X:04F0H         SYMBOL        thousand
  X:04F1H         SYMBOL        after_dot
  X:04F2H         SYMBOL        dat
  -------         ENDDO         
  C:5D49H         LINE#         142
  C:5D4FH         LINE#         143
  C:5D4FH         LINE#         147
  C:5D6BH         LINE#         148
  C:5D85H         LINE#         149
  C:5DA9H         LINE#         151
  C:5DF3H         LINE#         153
  C:5E0AH         LINE#         154
  C:5E1CH         LINE#         155
  C:5E41H         LINE#         156
  C:5E5BH         LINE#         157
  C:5E73H         LINE#         158
  C:5E73H         LINE#         159
  C:5E73H         LINE#         160
  C:5E73H         LINE#         161
  C:5E73H         LINE#         162
  C:5E73H         LINE#         163
  C:5E73H         LINE#         164
  C:5E73H         LINE#         168
  C:5E75H         LINE#         170
  C:5E75H         LINE#         172
  C:5E7AH         LINE#         173
  C:5E80H         LINE#         174
  C:5E86H         LINE#         175
  C:5E8CH         LINE#         176
  C:5E92H         LINE#         177
  C:5E97H         LINE#         178
  C:5E9DH         LINE#         182
  C:5E9DH         LINE#         184
  -------         ENDPROC       _DISPLAY_POS
  -------         ENDMOD        LCD_DRIVER_SPLC780D
BL51 BANKED LINKER/LOCATER V6.22                                                      08/20/2019  17:19:56  PAGE 28



  -------         MODULE        KEYPAD
  C:0000H         SYMBOL        _ICE_DUMMY_
  D:0093H         PUBLIC        P0M1
  D:0080H         PUBLIC        P0
  D:0090H         PUBLIC        P1
  D:00A0H         PUBLIC        P2
  D:00B0H         PUBLIC        P3
  D:00C0H         PUBLIC        P4
  D:00C8H         PUBLIC        P5
  D:00E8H         PUBLIC        P6
  D:00F8H         PUBLIC        P7
  D:00A8H         PUBLIC        IE
  C:5745H         PUBLIC        Key_Scan
  D:00B8H         PUBLIC        IP
  D:00D8H         PUBLIC        CCON
  C:735EH         PUBLIC        KeyPad_IO_Init
  C:71BBH         PUBLIC        _Delay_ms
  D:0098H         PUBLIC        SCON
  D:0088H         PUBLIC        TCON
  X:0645H         PUBLIC        small_move
  X:0647H         PUBLIC        move
  X:0649H         PUBLIC        auto_mode
  X:064BH         PUBLIC        direction
  X:064DH         PUBLIC        SPI_NOR_ClearEnable
  C:4E72H         PUBLIC        Key_Process
  D:00D0H         PUBLIC        PSW
  D:0094H         PUBLIC        P0M0
  -------         PROC          _DELAY_MS
  D:0006H         SYMBOL        ms
  -------         DO            
  D:0004H         SYMBOL        De_Cnt
  -------         ENDDO         
  C:71BBH         LINE#         20
  C:71BBH         LINE#         21
  C:71BBH         LINE#         23
  C:71C5H         LINE#         24
  C:71C5H         LINE#         25
  C:71D8H         LINE#         26
  C:71D8H         LINE#         27
  -------         ENDPROC       _DELAY_MS
  -------         PROC          KEY_SCAN
  -------         DO            
  X:03FEH         SYMBOL        KeyTemp1
  X:03FFH         SYMBOL        KeyTemp2
  X:0400H         SYMBOL        KeyValue
  -------         ENDDO         
  C:5745H         LINE#         28
  C:5745H         LINE#         29
  C:5745H         LINE#         34
  C:5748H         LINE#         37
  C:574BH         LINE#         39
  C:5753H         LINE#         40
  C:575AH         LINE#         41
  C:575AH         LINE#         43
  C:575FH         LINE#         44
  C:5766H         LINE#         45
BL51 BANKED LINKER/LOCATER V6.22                                                      08/20/2019  17:19:56  PAGE 29


  C:5766H         LINE#         48
  C:5769H         LINE#         49
  C:576CH         LINE#         50
  C:5771H         LINE#         51
  C:5775H         LINE#         52
  C:5775H         LINE#         53
  C:577DH         LINE#         54
  C:577DH         LINE#         55
  C:5780H         LINE#         56
  C:5788H         LINE#         57
  C:578AH         LINE#         59
  C:579EH         LINE#         60
  C:579EH         LINE#         61
  C:579EH         LINE#         62
  C:579EH         LINE#         63
  C:57A4H         LINE#         65
  C:57A6H         LINE#         66
  C:57A6H         LINE#         67
  C:57A6H         LINE#         68
  C:57ACH         LINE#         70
  C:57AEH         LINE#         71
  C:57AEH         LINE#         72
  C:57AEH         LINE#         73
  C:57B4H         LINE#         75
  C:57B6H         LINE#         76
  C:57B6H         LINE#         77
  C:57B6H         LINE#         78
  C:57BCH         LINE#         80
  C:57BCH         LINE#         81
  C:57BCH         LINE#         82
  C:57BCH         LINE#         85
  C:57BFH         LINE#         86
  C:57C2H         LINE#         87
  C:57CAH         LINE#         88
  C:57CEH         LINE#         89
  C:57CEH         LINE#         90
  C:57D6H         LINE#         91
  C:57D6H         LINE#         92
  C:57D9H         LINE#         93
  C:57E1H         LINE#         94
  C:57E3H         LINE#         95
  C:57F7H         LINE#         96
  C:57F7H         LINE#         97
  C:57F7H         LINE#         98
  C:57F7H         LINE#         99
  C:57FDH         LINE#         101
  C:57FFH         LINE#         102
  C:57FFH         LINE#         103
  C:57FFH         LINE#         104
  C:5805H         LINE#         106
  C:5807H         LINE#         107
  C:5807H         LINE#         108
  C:5807H         LINE#         109
  C:580DH         LINE#         111
  C:580FH         LINE#         112
  C:580FH         LINE#         113
  C:580FH         LINE#         114
BL51 BANKED LINKER/LOCATER V6.22                                                      08/20/2019  17:19:56  PAGE 30


  C:5814H         LINE#         116
  C:5814H         LINE#         117
  C:5814H         LINE#         118
  C:5814H         LINE#         121
  C:5817H         LINE#         122
  C:581AH         LINE#         123
  C:5822H         LINE#         124
  C:5826H         LINE#         125
  C:5826H         LINE#         126
  C:582EH         LINE#         127
  C:582EH         LINE#         128
  C:5831H         LINE#         129
  C:5839H         LINE#         130
  C:583BH         LINE#         131
  C:584FH         LINE#         132
  C:584FH         LINE#         133
  C:584FH         LINE#         134
  C:584FH         LINE#         135
  C:5855H         LINE#         137
  C:5857H         LINE#         138
  C:5857H         LINE#         139
  C:5857H         LINE#         140
  C:585DH         LINE#         142
  C:585FH         LINE#         143
  C:585FH         LINE#         144
  C:585FH         LINE#         145
  C:5865H         LINE#         147
  C:5867H         LINE#         148
  C:5867H         LINE#         149
  C:5867H         LINE#         150
  C:586DH         LINE#         152
  C:586DH         LINE#         153
  C:586DH         LINE#         154
  C:586DH         LINE#         158
  C:5870H         LINE#         159
  C:5873H         LINE#         160
  C:587BH         LINE#         161
  C:587FH         LINE#         162
  C:587FH         LINE#         163
  C:5887H         LINE#         164
  C:5887H         LINE#         165
  C:588AH         LINE#         166
  C:5892H         LINE#         167
  C:5894H         LINE#         168
  C:58A8H         LINE#         169
  C:58A8H         LINE#         170
  C:58A8H         LINE#         171
  C:58A8H         LINE#         172
  C:58AEH         LINE#         174
  C:58B0H         LINE#         175
  C:58B0H         LINE#         176
  C:58B0H         LINE#         177
  C:58B6H         LINE#         179
  C:58B8H         LINE#         180
  C:58B8H         LINE#         181
  C:58B8H         LINE#         182
  C:58BEH         LINE#         184
BL51 BANKED LINKER/LOCATER V6.22                                                      08/20/2019  17:19:56  PAGE 31


  C:58C0H         LINE#         185
  C:58C0H         LINE#         186
  C:58C0H         LINE#         187
  C:58C6H         LINE#         189
  C:58C6H         LINE#         190
  C:58C6H         LINE#         191
  C:58C6H         LINE#         193
  C:58CCH         LINE#         194
  C:58CCH         LINE#         196
  C:58CCH         LINE#         197
  C:58CFH         LINE#         198
  C:58CFH         LINE#         199
  C:58CFH         LINE#         201
  C:58CFH         LINE#         202
  C:58D1H         LINE#         203
  C:58D1H         LINE#         204
  -------         ENDPROC       KEY_SCAN
  -------         PROC          KEY_PROCESS
  -------         DO            
  X:0636H         SYMBOL        KeyCount
  X:0637H         SYMBOL        KeyNum_Old
  X:0639H         SYMBOL        KeyNum
  X:063BH         SYMBOL        PressedKey
  X:03F8H         SYMBOL        d
  D:0002H         SYMBOL        hours
  D:0006H         SYMBOL        mins
  X:03FAH         SYMBOL        months
  X:03FCH         SYMBOL        days
  -------         ENDDO         
  C:4E72H         LINE#         205
  C:4E72H         LINE#         206
  C:4E72H         LINE#         210
  C:4E81H         LINE#         211
  C:4E8EH         LINE#         213
  C:4E92H         LINE#         214
  C:4E92H         LINE#         215
  C:4E98H         LINE#         217
  C:4E98H         LINE#         218
  C:4EAFH         LINE#         219
  C:4EAFH         LINE#         220
  C:4EB9H         LINE#         221
  C:4EBFH         LINE#         223
  C:4EC5H         LINE#         225
  C:4EC5H         LINE#         226
  C:4EDCH         LINE#         227
  C:4EDCH         LINE#         228
  C:4EE1H         LINE#         230
  C:4EE1H         LINE#         231
  C:4EF1H         LINE#         232
  C:4EF1H         LINE#         233
  C:4EF7H         LINE#         235
  C:4EF7H         LINE#         236
  C:4F09H         LINE#         237
  C:4F09H         LINE#         238
  C:4F13H         LINE#         239
  C:4F1BH         LINE#         241
  C:4F24H         LINE#         243
BL51 BANKED LINKER/LOCATER V6.22                                                      08/20/2019  17:19:56  PAGE 32


  C:4F24H         LINE#         252
  C:4F43H         LINE#         253
  C:4F43H         LINE#         254
  C:4F62H         LINE#         255
  C:4F68H         LINE#         256
  C:4F70H         LINE#         257
  C:4F70H         LINE#         259
  C:4F71H         LINE#         265
  C:4F7DH         LINE#         266
  C:4F7DH         LINE#         267
  C:4F9AH         LINE#         268
  C:4FB1H         LINE#         269
  C:4FC8H         LINE#         270
  C:4FC8H         LINE#         271
  C:4FDBH         LINE#         272
  C:4FEEH         LINE#         273
  C:4FEEH         LINE#         274
  C:4FEEH         LINE#         275
  C:4FF1H         LINE#         280
  C:5000H         LINE#         281
  C:5000H         LINE#         282
  C:5023H         LINE#         283
  C:5040H         LINE#         284
  C:5049H         LINE#         285
  C:5049H         LINE#         286
  C:5050H         LINE#         287
  C:5050H         LINE#         288
  C:5061H         LINE#         289
  C:5061H         LINE#         290
  C:5070H         LINE#         291
  C:5070H         LINE#         292
  C:5070H         LINE#         293
  C:5073H         LINE#         295
  C:5073H         LINE#         296
  C:507FH         LINE#         297
  C:507FH         LINE#         298
  C:5091H         LINE#         299
  C:5091H         LINE#         300
  C:50A1H         LINE#         301
  C:50A1H         LINE#         302
  C:50A1H         LINE#         304
  C:50A3H         LINE#         306
  C:50A3H         LINE#         307
  C:50B2H         LINE#         308
  C:50B2H         LINE#         309
  C:50C2H         LINE#         310
  C:50C2H         LINE#         311
  C:50C2H         LINE#         313
  C:50C2H         LINE#         315
  C:50C2H         LINE#         316
  C:50C4H         LINE#         318
  C:50C4H         LINE#         319
  C:50CBH         LINE#         320
  C:50CBH         LINE#         321
  C:50DAH         LINE#         322
  C:50DAH         LINE#         323
  C:50EAH         LINE#         324
BL51 BANKED LINKER/LOCATER V6.22                                                      08/20/2019  17:19:56  PAGE 33


  C:50EAH         LINE#         325
  C:50EAH         LINE#         326
  C:50ECH         LINE#         328
  C:50ECH         LINE#         329
  C:50FBH         LINE#         330
  C:50FBH         LINE#         331
  C:510EH         LINE#         332
  C:5121H         LINE#         333
  C:5121H         LINE#         334
  C:5121H         LINE#         335
  C:5121H         LINE#         336
  C:512AH         LINE#         338
  C:512AH         LINE#         340
  C:5164H         LINE#         341
  C:5164H         LINE#         342
  C:516BH         LINE#         343
  C:516BH         LINE#         344
  C:5175H         LINE#         345
  C:5175H         LINE#         346
  C:5178H         LINE#         347
  C:517DH         LINE#         348
  C:5182H         LINE#         349
  C:5187H         LINE#         350
  C:518CH         LINE#         351
  C:5191H         LINE#         352
  C:5196H         LINE#         353
  C:519BH         LINE#         354
  C:519BH         LINE#         355
  C:519BH         LINE#         357
  C:51B9H         LINE#         358
  C:51B9H         LINE#         359
  C:51C0H         LINE#         360
  C:51C0H         LINE#         361
  C:51C5H         LINE#         362
  C:51CEH         LINE#         363
  C:51EDH         LINE#         364
  C:51EDH         LINE#         365
  C:51FDH         LINE#         367
  C:51FDH         LINE#         371
  -------         ENDPROC       KEY_PROCESS
  -------         PROC          KEYPAD_IO_INIT
  C:735EH         LINE#         374
  C:735EH         LINE#         375
  C:735EH         LINE#         376
  C:7361H         LINE#         377
  C:7364H         LINE#         378
  C:7367H         LINE#         379
  C:7369H         LINE#         380
  -------         ENDPROC       KEYPAD_IO_INIT
  -------         ENDMOD        KEYPAD

  -------         MODULE        BIPOLARMOTOR
  C:0000H         SYMBOL        _ICE_DUMMY_
  X:0000H         PUBLIC        UTC_time
  D:0080H         PUBLIC        P0
  D:0090H         PUBLIC        P1
  X:0004H         PUBLIC        RX_pos_test
BL51 BANKED LINKER/LOCATER V6.22                                                      08/20/2019  17:19:56  PAGE 34


  D:00A0H         PUBLIC        P2
  D:00B0H         PUBLIC        P3
  D:00C0H         PUBLIC        P4
  D:00C8H         PUBLIC        P5
  D:00E8H         PUBLIC        P6
  D:00F8H         PUBLIC        P7
  X:00A4H         PUBLIC        low_date_azimuth_mapping
  D:00A8H         PUBLIC        IE
  C:64EEH         PUBLIC        linear_interpolate
  X:00CCH         PUBLIC        declination
  C:704FH         PUBLIC        _Move
  D:00B8H         PUBLIC        IP
  X:00D0H         PUBLIC        time_offset
  D:00D8H         PUBLIC        CCON
  X:00D4H         PUBLIC        previous_move_time
  X:00D5H         PUBLIC        time
  D:0098H         PUBLIC        SCON
[...]
  C:594EH         LINE#         326
  C:594EH         LINE#         328
  C:5951H         LINE#         330
  C:596BH         LINE#         331
  C:596BH         LINE#         332
  C:596BH         LINE#         334
  C:596EH         LINE#         336
  C:5988H         LINE#         337
  C:5988H         LINE#         338
  C:5988H         LINE#         340
  C:598BH         LINE#         342
BL51 BANKED LINKER/LOCATER V6.22                                                      08/20/2019  17:19:56  PAGE 55


  C:59A5H         LINE#         343
  C:59A5H         LINE#         344
  C:59A5H         LINE#         346
  C:59A8H         LINE#         348
  C:59C2H         LINE#         349
  C:59C2H         LINE#         350
  C:59C2H         LINE#         352
  C:59C5H         LINE#         354
  C:59DFH         LINE#         355
  C:59DFH         LINE#         356
  C:59DFH         LINE#         358
  C:59E2H         LINE#         360
  C:59FCH         LINE#         361
  C:59FCH         LINE#         362
  C:59FCH         LINE#         364
  C:59FFH         LINE#         366
  C:5A19H         LINE#         367
  C:5A19H         LINE#         368
  C:5A19H         LINE#         370
  C:5A1CH         LINE#         372
  C:5A36H         LINE#         373
  C:5A3DH         LINE#         374
  -------         ENDPROC       SPI_NOR_WRITE_DATA
  -------         ENDMOD        AT25SF041

  -------         MODULE        SI1120
  C:0000H         SYMBOL        _ICE_DUMMY_
  D:0080H         PUBLIC        P0
  D:00B2H         PUBLIC        P3M0
  D:0090H         PUBLIC        P1
  D:00B1H         PUBLIC        P3M1
  D:00A0H         PUBLIC        P2
  D:00B0H         PUBLIC        P3
  D:00C0H         PUBLIC        P4
  D:00C8H         PUBLIC        P5
  B:00A8H.7       PUBLIC        EA
  D:00E8H         PUBLIC        P6
  D:00F8H         PUBLIC        P7
  D:00A8H         PUBLIC        IE
  D:00B8H         PUBLIC        IP
  C:6F9EH         PUBLIC        SI1120_CONFIG_MODE_VIRH
  D:00D8H         PUBLIC        CCON
  D:0098H         PUBLIC        SCON
  D:0088H         PUBLIC        TCON
  C:7344H         PUBLIC        Enable_EXTINT0
  B:0090H.5       PUBLIC        SI1120_STX
  B:0088H.0       PUBLIC        IT0
  B:00A8H.0       PUBLIC        EX0
  B:0090H.4       PUBLIC        SI1120_MD
  B:0090H.6       PUBLIC        SI1120_SC
  D:00D0H         PUBLIC        PSW
  -------         PROC          SI1120_CONFIG_MODE_VIRH
  C:6F9EH         LINE#         4
  C:6F9EH         LINE#         5
  C:6F9EH         LINE#         6
  C:6FA0H         LINE#         7
  C:6FA2H         LINE#         8
BL51 BANKED LINKER/LOCATER V6.22                                                      08/20/2019  17:19:56  PAGE 56


  C:6FA4H         LINE#         10
  C:6FABH         LINE#         11
  C:6FADH         LINE#         13
  C:6FAFH         LINE#         14
  C:6FB1H         LINE#         16
  C:6FB8H         LINE#         18
  C:6FBAH         LINE#         20
  C:6FC1H         LINE#         23
  C:6FC3H         LINE#         25
  C:6FC5H         LINE#         27
  C:6FCCH         LINE#         29
  C:6FCEH         LINE#         31
  -------         ENDPROC       SI1120_CONFIG_MODE_VIRH
  -------         PROC          ENABLE_EXTINT0
  C:7344H         LINE#         33
  C:7344H         LINE#         34
  C:7344H         LINE#         35
  C:7347H         LINE#         36
  C:734AH         LINE#         37
  C:734CH         LINE#         38
  C:734EH         LINE#         39
  C:7350H         LINE#         40
  -------         ENDPROC       ENABLE_EXTINT0
  -------         ENDMOD        SI1120

  -------         MODULE        UART1
  C:0000H         SYMBOL        _ICE_DUMMY_
  D:0080H         PUBLIC        P0
  D:0090H         PUBLIC        P1
  D:00A0H         PUBLIC        P2
  D:00B0H         PUBLIC        P3
  D:00C0H         PUBLIC        P4
  D:00C8H         PUBLIC        P5
  C:7136H         PUBLIC        _uart1_SendToTCPServer
  B:00A8H.7       PUBLIC        EA
  D:00E8H         PUBLIC        P6
  D:00F8H         PUBLIC        P7
  C:6F6BH         PUBLIC        _SendString
  D:00A8H         PUBLIC        IE
  B:00A8H.4       PUBLIC        ES
  D:00B8H         PUBLIC        IP
  C:7243H         PUBLIC        _ASCIItoBCD
  D:00D8H         PUBLIC        CCON
  C:72F9H         PUBLIC        initUART1
  D:0098H         PUBLIC        SCON
  D:0088H         PUBLIC        TCON
  C:73B2H         PUBLIC        _DectoBCD
  C:001EH         PUBLIC        _ASCII_Letter
  D:008EH         PUBLIC        AUXR
  C:0006H         PUBLIC        _unit
  C:73ABH         PUBLIC        _ten
  D:00D6H         PUBLIC        T2H
  D:00D7H         PUBLIC        T2L
  C:739CH         PUBLIC        uart1_InitTCPConn
  D:00D0H         PUBLIC        PSW
  -------         PROC          INITUART1
  C:72F9H         LINE#         24
BL51 BANKED LINKER/LOCATER V6.22                                                      08/20/2019  17:19:56  PAGE 57


  C:72F9H         LINE#         25
  C:72F9H         LINE#         26
  C:72FCH         LINE#         27
  C:72FFH         LINE#         28
  C:7302H         LINE#         29
  C:7305H         LINE#         30
  C:7307H         LINE#         31
  C:7309H         LINE#         33
  -------         ENDPROC       INITUART1
  -------         PROC          _SENDSTRING
  X:04E9H         SYMBOL        s
  C:6F6BH         LINE#         36
  C:6F76H         LINE#         37
  C:6F76H         LINE#         38
  C:6F86H         LINE#         39
  C:6F86H         LINE#         40
  C:6F9BH         LINE#         41
  C:6F9DH         LINE#         42
  -------         ENDPROC       _SENDSTRING
  -------         PROC          _TEN
  D:0007H         SYMBOL        BCD
  C:73ABH         LINE#         44
  C:73ABH         LINE#         45
  C:73ABH         LINE#         46
  C:73B0H         LINE#         47
  -------         ENDPROC       _TEN
  -------         PROC          _UNIT
  D:0007H         SYMBOL        BCD
  C:0006H         LINE#         48
  C:0006H         LINE#         49
  C:0006H         LINE#         53
  C:000AH         LINE#         54
  -------         ENDPROC       _UNIT
  -------         PROC          _DECTOBCD
  D:0007H         SYMBOL        dec
  C:73B2H         LINE#         55
  C:73B2H         LINE#         56
  C:73B2H         LINE#         58
  C:73B2H         LINE#         59
  -------         ENDPROC       _DECTOBCD
  -------         PROC          _ASCII_LETTER
  D:0007H         SYMBOL        dat
  C:001EH         LINE#         61
  C:001EH         LINE#         62
  C:001EH         LINE#         64
  C:0022H         LINE#         65
  -------         ENDPROC       _ASCII_LETTER
  -------         PROC          _ASCIITOBCD
  D:0001H         SYMBOL        ascii
  -------         DO            
  D:0007H         SYMBOL        dec_val
  D:0006H         SYMBOL        ten
  D:0007H         SYMBOL        unit
  -------         ENDDO         
  C:7243H         LINE#         67
  C:7243H         LINE#         68
  C:7243H         LINE#         70
BL51 BANKED LINKER/LOCATER V6.22                                                      08/20/2019  17:19:56  PAGE 58


  C:7246H         LINE#         71
  C:724CH         LINE#         72
  C:7253H         LINE#         73
  C:7259H         LINE#         75
  -------         ENDPROC       _ASCIITOBCD
  -------         PROC          UART1_INITTCPCONN
  C:739CH         LINE#         77
  C:739CH         LINE#         78
  C:739CH         LINE#         82
  -------         ENDPROC       UART1_INITTCPCONN
  -------         PROC          _UART1_SENDTOTCPSERVER
  X:03F8H         SYMBOL        str
  C:7136H         LINE#         85
  C:7141H         LINE#         86
  C:7141H         LINE#         87
  C:714AH         LINE#         88
  C:7151H         LINE#         89
  -------         ENDPROC       _UART1_SENDTOTCPSERVER
  -------         ENDMOD        UART1

  -------         MODULE        ?C_STARTUP
  C:6A16H         SEGMENT       ?C_C51STARTUP
  I:0022H         SEGMENT       ?STACK
  C:0000H         PUBLIC        ?C_STARTUP
  D:00E0H         SYMBOL        ACC
  D:00F0H         SYMBOL        B
  D:0083H         SYMBOL        DPH
  D:0082H         SYMBOL        DPL
  N:0000H         SYMBOL        IBPSTACK
  N:0100H         SYMBOL        IBPSTACKTOP
  N:0080H         SYMBOL        IDATALEN
  C:6A19H         SYMBOL        IDATALOOP
  N:0000H         SYMBOL        PBPSTACK
  N:0100H         SYMBOL        PBPSTACKTOP
  N:0000H         SYMBOL        PDATALEN
  N:0000H         SYMBOL        PDATASTART
  N:0000H         SYMBOL        PPAGE
  N:0000H         SYMBOL        PPAGEENABLE
  D:00A0H         SYMBOL        PPAGE_SFR
  D:0081H         SYMBOL        SP
  C:6A16H         SYMBOL        STARTUP1
  N:0000H         SYMBOL        XBPSTACK
  N:0000H         SYMBOL        XBPSTACKTOP
  N:0000H         SYMBOL        XDATALEN
  N:0000H         SYMBOL        XDATASTART
  C:0000H         LINE#         126
  C:6A16H         LINE#         133
  C:6A18H         LINE#         134
  C:6A19H         LINE#         135
  C:6A1AH         LINE#         136
  C:6A1CH         LINE#         185
  C:6A1FH         LINE#         196
  -------         ENDMOD        ?C_STARTUP

  -------         MODULE        ?C?FPADD
  C:20B2H         PUBLIC        ?C?FPADD
  C:20AEH         PUBLIC        ?C?FPSUB
BL51 BANKED LINKER/LOCATER V6.22                                                      08/20/2019  17:19:56  PAGE 59


  -------         ENDMOD        ?C?FPADD

  -------         MODULE        ?C?FPMUL
  C:21A3H         PUBLIC        ?C?FPMUL
  -------         ENDMOD        ?C?FPMUL

  -------         MODULE        ?C?FPDIV
  C:22ACH         PUBLIC        ?C?FPDIV
  -------         ENDMOD        ?C?FPDIV

  -------         MODULE        ?C?FPCMP
  C:234BH         PUBLIC        ?C?FPCMP
  C:2349H         PUBLIC        ?C?FPCMP3
  -------         ENDMOD        ?C?FPCMP

  -------         MODULE        ?C?FPNEG
  C:23C2H         PUBLIC        ?C?FPNEG
  -------         ENDMOD        ?C?FPNEG

  -------         MODULE        ?C?FCAST
  C:23DDH         PUBLIC        ?C?FCASTC
  C:23D8H         PUBLIC        ?C?FCASTI
  C:23D3H         PUBLIC        ?C?FCASTL
  -------         ENDMOD        ?C?FCAST

  -------         MODULE        ?C?CASTF
  C:2411H         PUBLIC        ?C?CASTF
  -------         ENDMOD        ?C?CASTF

  -------         MODULE        PRINTF
  X:04E9H         PUBLIC        ?_PRINTF?BYTE
  X:04E9H         PUBLIC        ?_SPRINTF?BYTE
  C:4640H         PUBLIC        _PRINTF
  C:463AH         PUBLIC        _SPRINTF
  -------         ENDMOD        PRINTF

  -------         MODULE        FABS
  C:7351H         PUBLIC        _FABS
  -------         ENDMOD        FABS

  -------         MODULE        ATAN2
  X:049FH         PUBLIC        ?_atan2?BYTE
  C:6843H         PUBLIC        _atan2
  -------         ENDMOD        ATAN2

  -------         MODULE        SIN
  C:5AA3H         PUBLIC        _COS
  C:5AB9H         PUBLIC        _SIN
  C:5AF5H         PUBLIC        _TAN
  -------         ENDMOD        SIN

  -------         MODULE        ACOS
  C:6E22H         PUBLIC        _ACOS
  -------         ENDMOD        ACOS

  -------         MODULE        ASIN
  C:6F30H         PUBLIC        _ASIN
BL51 BANKED LINKER/LOCATER V6.22                                                      08/20/2019  17:19:56  PAGE 60


  -------         ENDMOD        ASIN

  -------         MODULE        POW
  X:03BCH         PUBLIC        ?_pow?BYTE
  C:5BE3H         PUBLIC        _pow
  -------         ENDMOD        POW

  -------         MODULE        ?C?CHKFLOAT
  C:2492H         PUBLIC        ?C?CHKFLOAT
  -------         ENDMOD        ?C?CHKFLOAT

  -------         MODULE        ?C?FPROUND
  C:24ACH         PUBLIC        ?C?FPROUND
  -------         ENDMOD        ?C?FPROUND

  -------         MODULE        ?C?FPCONVERT
  C:24E9H         PUBLIC        ?C?FPCONVERT
  -------         ENDMOD        ?C?FPCONVERT

  -------         MODULE        EXP
  C:69B4H         PUBLIC        _EXP
  -------         ENDMOD        EXP

  -------         MODULE        LOG
  C:5ED2H         PUBLIC        _LOG
  C:5ECEH         PUBLIC        _LOG10
  -------         ENDMOD        LOG

  -------         MODULE        SQRT
  C:66FAH         PUBLIC        _SQRT
  -------         ENDMOD        SQRT

  -------         MODULE        ATAN
  C:5FE7H         PUBLIC        _ATAN
  -------         ENDMOD        ATAN

  -------         MODULE        ?C?FTNPWR
  C:266BH         PUBLIC        ?C?FTNPWR
  -------         ENDMOD        ?C?FTNPWR

  -------         MODULE        ?C?COPY
  C:277BH         PUBLIC        ?C?COPY
  -------         ENDMOD        ?C?COPY

  -------         MODULE        ?C?CLDPTR
  C:27A1H         PUBLIC        ?C?CLDPTR
  -------         ENDMOD        ?C?CLDPTR

  -------         MODULE        ?C?CLDOPTR
  C:27BAH         PUBLIC        ?C?CLDOPTR
  -------         ENDMOD        ?C?CLDOPTR

  -------         MODULE        ?C?CSTPTR
  C:27E7H         PUBLIC        ?C?CSTPTR
  -------         ENDMOD        ?C?CSTPTR

  -------         MODULE        ?C?IMUL
BL51 BANKED LINKER/LOCATER V6.22                                                      08/20/2019  17:19:56  PAGE 61


  C:27F9H         PUBLIC        ?C?IMUL
  -------         ENDMOD        ?C?IMUL

  -------         MODULE        ?C?UIDIV
  C:280BH         PUBLIC        ?C?UIDIV
  -------         ENDMOD        ?C?UIDIV

  -------         MODULE        ?C?SIDIV
  C:2860H         PUBLIC        ?C?SIDIV
  -------         ENDMOD        ?C?SIDIV

  -------         MODULE        ?C?ILDIX
  C:2896H         PUBLIC        ?C?ILDIX
  -------         ENDMOD        ?C?ILDIX

  -------         MODULE        ?C?ILDOPTR
  C:28ACH         PUBLIC        ?C?ILDOPTR
  -------         ENDMOD        ?C?ILDOPTR

  -------         MODULE        ?C?ISTPTR
  C:28E4H         PUBLIC        ?C?ISTPTR
  -------         ENDMOD        ?C?ISTPTR

  -------         MODULE        ?C?LMUL
  C:2903H         PUBLIC        ?C?LMUL
  -------         ENDMOD        ?C?LMUL

  -------         MODULE        ?C?SLDIV
  C:6E6CH         PUBLIC        ?C?SLDIV
  -------         ENDMOD        ?C?SLDIV

  -------         MODULE        ?C?LNEG
  C:2952H         PUBLIC        ?C?LNEG
  -------         ENDMOD        ?C?LNEG

  -------         MODULE        ?C?ULCMP
  C:2960H         PUBLIC        ?C?ULCMP
  -------         ENDMOD        ?C?ULCMP

  -------         MODULE        ?C?LSHL
  C:2971H         PUBLIC        ?C?LSHL
  -------         ENDMOD        ?C?LSHL

  -------         MODULE        ?C?LLDPTR
  C:2984H         PUBLIC        ?C?LLDPTR
  -------         ENDMOD        ?C?LLDPTR

  -------         MODULE        ?C?LLDOPTR
  C:29A4H         PUBLIC        ?C?LLDOPTR
  -------         ENDMOD        ?C?LLDOPTR

  -------         MODULE        ?C?LSTPTR
  C:29D4H         PUBLIC        ?C?LSTPTR
  -------         ENDMOD        ?C?LSTPTR

  -------         MODULE        ?C?LSTOPTR
  C:29EEH         PUBLIC        ?C?LSTOPTR
BL51 BANKED LINKER/LOCATER V6.22                                                      08/20/2019  17:19:56  PAGE 62


  -------         ENDMOD        ?C?LSTOPTR

  -------         MODULE        ?C?LLDXDATA
  C:2A12H         PUBLIC        ?C?LLDXDATA
  -------         ENDMOD        ?C?LLDXDATA

  -------         MODULE        ?C?LLDCODE
  C:2A1EH         PUBLIC        ?C?LLDCODE
  -------         ENDMOD        ?C?LLDCODE

  -------         MODULE        ?C?LLDXDATA0
  C:2A2EH         PUBLIC        ?C?LLDXDATA0
  -------         ENDMOD        ?C?LLDXDATA0

  -------         MODULE        ?C?LLDCODE0
  C:2A3AH         PUBLIC        ?C?LLDCODE0
  -------         ENDMOD        ?C?LLDCODE0

  -------         MODULE        ?C?LLDPTR0
  C:2A4AH         PUBLIC        ?C?LLDPTR0
  -------         ENDMOD        ?C?LLDPTR0

  -------         MODULE        ?C?LSTXDATA
  C:2A6AH         PUBLIC        ?C?LSTXDATA
  -------         ENDMOD        ?C?LSTXDATA

  -------         MODULE        ?C?LSTKXDATA
  C:2A76H         PUBLIC        ?C?LSTKXDATA
  -------         ENDMOD        ?C?LSTKXDATA

  -------         MODULE        ?C?LSTKPTR
  C:2AA7H         PUBLIC        ?C?LSTKPTR
  -------         ENDMOD        ?C?LSTKPTR

  -------         MODULE        ?C?OFFXADD
  C:2AC1H         PUBLIC        ?C?OFFXADD
  -------         ENDMOD        ?C?OFFXADD

  -------         MODULE        ?C?PLDIXDATA
  C:2ACDH         PUBLIC        ?C?PLDIXDATA
  -------         ENDMOD        ?C?PLDIXDATA

  -------         MODULE        ?C?PSTXDATA
  C:2AE4H         PUBLIC        ?C?PSTXDATA
  -------         ENDMOD        ?C?PSTXDATA

  -------         MODULE        ?C?CCASE
  C:2AEDH         PUBLIC        ?C?CCASE
  -------         ENDMOD        ?C?CCASE

  -------         MODULE        PUTCHAR
  C:70C6H         PUBLIC        _PUTCHAR
  -------         ENDMOD        PUTCHAR

  -------         MODULE        ABS
  C:736AH         PUBLIC        _ABS
  -------         ENDMOD        ABS
BL51 BANKED LINKER/LOCATER V6.22                                                      08/20/2019  17:19:56  PAGE 63



  -------         MODULE        ATOI
  C:63F0H         PUBLIC        _atoi
  -------         ENDMOD        ATOI

  -------         MODULE        ?C?IILDX
  C:2B13H         PUBLIC        ?C?IILDX
  -------         ENDMOD        ?C?IILDX

  -------         MODULE        ?C?ULDIV
  C:2B65H         PUBLIC        ?C?ULDIV
  -------         ENDMOD        ?C?ULDIV

  -------         MODULE        ?C?LLDIDATA
  C:2BF7H         PUBLIC        ?C?LLDIDATA
  -------         ENDMOD        ?C?LLDIDATA

  -------         MODULE        ?C?LLDPDATA
  C:2C03H         PUBLIC        ?C?LLDPDATA
  -------         ENDMOD        ?C?LLDPDATA

  -------         MODULE        ?C?LLDIDATA0
  C:2C0FH         PUBLIC        ?C?LLDIDATA0
  -------         ENDMOD        ?C?LLDIDATA0

  -------         MODULE        ?C?LLDPDATA0
  C:2C1CH         PUBLIC        ?C?LLDPDATA0
  -------         ENDMOD        ?C?LLDPDATA0

  -------         MODULE        ?C?LSTIDATA
  C:2C29H         PUBLIC        ?C?LSTIDATA
  -------         ENDMOD        ?C?LSTIDATA

  -------         MODULE        ?C?LSTPDATA
  C:2C35H         PUBLIC        ?C?LSTPDATA
  -------         ENDMOD        ?C?LSTPDATA

  -------         MODULE        ?C?LSTKIDATA
  C:2C41H         PUBLIC        ?C?LSTKIDATA
  -------         ENDMOD        ?C?LSTKIDATA

  -------         MODULE        ?C?LSTKPDATA
  C:2C5AH         PUBLIC        ?C?LSTKPDATA
  -------         ENDMOD        ?C?LSTKPDATA

  -------         MODULE        ISDIGIT
  C:7328H         PUBLIC        _isdigit
  -------         ENDMOD        ISDIGIT

  -------         MODULE        ISSPACE
  C:72C3H         PUBLIC        _isspace
  -------         ENDMOD        ISSPACE

*** WARNING L16: UNCALLED SEGMENT, IGNORED FOR OVERLAY PROCESS
    SEGMENT: ?PR?_DAY_OF_YEAR?PCF85063BTL

*** WARNING L16: UNCALLED SEGMENT, IGNORED FOR OVERLAY PROCESS
BL51 BANKED LINKER/LOCATER V6.22                                                      08/20/2019  17:19:56  PAGE 64


    SEGMENT: ?PR?NOP?IOEXPANDER_PI4IOE5V96248

*** WARNING L16: UNCALLED SEGMENT, IGNORED FOR OVERLAY PROCESS
    SEGMENT: ?PR?UC_ACK?IOEXPANDER_PI4IOE5V96248

*** WARNING L16: UNCALLED SEGMENT, IGNORED FOR OVERLAY PROCESS
    SEGMENT: ?PR?UC_NACK?IOEXPANDER_PI4IOE5V96248

*** WARNING L16: UNCALLED SEGMENT, IGNORED FOR OVERLAY PROCESS
    SEGMENT: ?PR?_TEN?UART1

*** WARNING L16: UNCALLED SEGMENT, IGNORED FOR OVERLAY PROCESS
    SEGMENT: ?PR?_UNIT?UART1

*** WARNING L16: UNCALLED SEGMENT, IGNORED FOR OVERLAY PROCESS
    SEGMENT: ?PR?_DECTOBCD?UART1

*** WARNING L16: UNCALLED SEGMENT, IGNORED FOR OVERLAY PROCESS
    SEGMENT: ?PR?_ASCII_LETTER?UART1

*** WARNING L16: UNCALLED SEGMENT, IGNORED FOR OVERLAY PROCESS
    SEGMENT: ?PR?_ASCIITOBCD?UART1

Program Size: data=15.4 xdata=1622 code=29619
LINK/LOCATE RUN COMPLETE.  9 WARNING(S),  0 ERROR(S)
