BL51 BANKED LINKER/LOCATER V6.22                                                        04/17/2019  16:38:30  PAGE 1


BL51 BANKED LINKER/LOCATER V6.22, INVOKED BY:
C:\KEIL_V5\C51\BIN\BL51.EXE .\Obj\main.obj, .\Obj\PCF85063BTL.obj, .\Obj\UART1.obj, .\Obj\LCd_Driver_SPLC780D.obj, .\Obj
>> \KeyPad.obj, .\Obj\BipolarMotor.obj, .\Obj\SunPos.obj, .\Obj\ADC.obj, .\Obj\Calibration.obj, .\Obj\IOExpander_PI4IOE5
>> V96248.obj, .\Obj\AT25SF041.obj, .\Obj\STARTUP.obj TO .\Obj\GPIO_RTC_Test PRINT (.\Lis\GPIO_RTC_Test.m51) RAMSIZE (25
>> 6)


MEMORY MODEL: LARGE WITH FLOATING POINT ARITHMETIC


INPUT MODULES INCLUDED:
  .\Obj\main.obj (MAIN)
  .\Obj\PCF85063BTL.obj (PCF85063BTL)
  .\Obj\UART1.obj (UART1)
  .\Obj\LCd_Driver_SPLC780D.obj (LCD_DRIVER_SPLC780D)
  .\Obj\KeyPad.obj (KEYPAD)
  .\Obj\BipolarMotor.obj (BIPOLARMOTOR)
  .\Obj\SunPos.obj (SUNPOS)
  .\Obj\ADC.obj (ADC)
  .\Obj\Calibration.obj (CALIBRATION)
  .\Obj\IOExpander_PI4IOE5V96248.obj (IOEXPANDER_PI4IOE5V96248)
  .\Obj\AT25SF041.obj (AT25SF041)
  .\Obj\STARTUP.obj (?C_STARTUP)
  C:\KEIL_V5\C51\LIB\C51FPL.LIB (?C?FPADD)
  C:\KEIL_V5\C51\LIB\C51FPL.LIB (?C?FPMUL)
  C:\KEIL_V5\C51\LIB\C51FPL.LIB (?C?FPDIV)
  C:\KEIL_V5\C51\LIB\C51FPL.LIB (?C?FPCMP)
  C:\KEIL_V5\C51\LIB\C51FPL.LIB (?C?FPNEG)
  C:\KEIL_V5\C51\LIB\C51FPL.LIB (?C?FCAST)
  C:\KEIL_V5\C51\LIB\C51FPL.LIB (?C?CASTF)
  C:\KEIL_V5\C51\LIB\C51FPL.LIB (ATAN2)
  C:\KEIL_V5\C51\LIB\C51FPL.LIB (SIN)
  C:\KEIL_V5\C51\LIB\C51FPL.LIB (ACOS)
  C:\KEIL_V5\C51\LIB\C51FPL.LIB (ASIN)
  C:\KEIL_V5\C51\LIB\C51FPL.LIB (?C?FPGETOPN)
  C:\KEIL_V5\C51\LIB\C51FPL.LIB (?C?FPSERIES)
  C:\KEIL_V5\C51\LIB\C51FPL.LIB (SQRT)
  C:\KEIL_V5\C51\LIB\C51FPL.LIB (ATAN)
  C:\KEIL_V5\C51\LIB\C51L.LIB (?C_INIT)
  C:\KEIL_V5\C51\LIB\C51L.LIB (?C?COPY)
  C:\KEIL_V5\C51\LIB\C51L.LIB (?C?CLDPTR)
  C:\KEIL_V5\C51\LIB\C51L.LIB (?C?CLDOPTR)
  C:\KEIL_V5\C51\LIB\C51L.LIB (?C?CSTPTR)
  C:\KEIL_V5\C51\LIB\C51L.LIB (?C?IMUL)
  C:\KEIL_V5\C51\LIB\C51L.LIB (?C?UIDIV)
  C:\KEIL_V5\C51\LIB\C51L.LIB (?C?SIDIV)
  C:\KEIL_V5\C51\LIB\C51L.LIB (?C?ILDIX)
  C:\KEIL_V5\C51\LIB\C51L.LIB (?C?ILDOPTR)
  C:\KEIL_V5\C51\LIB\C51L.LIB (?C?ISTPTR)
  C:\KEIL_V5\C51\LIB\C51L.LIB (?C?LMUL)
  C:\KEIL_V5\C51\LIB\C51L.LIB (?C?SLDIV)
  C:\KEIL_V5\C51\LIB\C51L.LIB (?C?LNEG)
  C:\KEIL_V5\C51\LIB\C51L.LIB (?C?ULCMP)
  C:\KEIL_V5\C51\LIB\C51L.LIB (?C?LSHL)
  C:\KEIL_V5\C51\LIB\C51L.LIB (?C?LLDPTR)
  C:\KEIL_V5\C51\LIB\C51L.LIB (?C?LLDOPTR)
  C:\KEIL_V5\C51\LIB\C51L.LIB (?C?LSTPTR)
  C:\KEIL_V5\C51\LIB\C51L.LIB (?C?LSTOPTR)
BL51 BANKED LINKER/LOCATER V6.22                                                      04/17/2019  16:38:30  PAGE 2


  C:\KEIL_V5\C51\LIB\C51L.LIB (?C?LLDXDATA)
  C:\KEIL_V5\C51\LIB\C51L.LIB (?C?LLDCODE)
  C:\KEIL_V5\C51\LIB\C51L.LIB (?C?LLDXDATA0)
  C:\KEIL_V5\C51\LIB\C51L.LIB (?C?LLDCODE0)
  C:\KEIL_V5\C51\LIB\C51L.LIB (?C?LLDPTR0)
  C:\KEIL_V5\C51\LIB\C51L.LIB (?C?LSTXDATA)
  C:\KEIL_V5\C51\LIB\C51L.LIB (?C?LSTKXDATA)
  C:\KEIL_V5\C51\LIB\C51L.LIB (?C?LSTKPTR)
  C:\KEIL_V5\C51\LIB\C51L.LIB (?C?OFFXADD)
  C:\KEIL_V5\C51\LIB\C51L.LIB (ATOI)
  C:\KEIL_V5\C51\LIB\C51L.LIB (?C?IILDX)
  C:\KEIL_V5\C51\LIB\C51L.LIB (?C?ULDIV)
  C:\KEIL_V5\C51\LIB\C51L.LIB (?C?LLDIDATA)
  C:\KEIL_V5\C51\LIB\C51L.LIB (?C?LLDPDATA)
  C:\KEIL_V5\C51\LIB\C51L.LIB (?C?LLDIDATA0)
  C:\KEIL_V5\C51\LIB\C51L.LIB (?C?LLDPDATA0)
  C:\KEIL_V5\C51\LIB\C51L.LIB (?C?LSTIDATA)
  C:\KEIL_V5\C51\LIB\C51L.LIB (?C?LSTPDATA)
  C:\KEIL_V5\C51\LIB\C51L.LIB (?C?LSTKIDATA)
  C:\KEIL_V5\C51\LIB\C51L.LIB (?C?LSTKPDATA)
  C:\KEIL_V5\C51\LIB\C51L.LIB (ISDIGIT)
  C:\KEIL_V5\C51\LIB\C51L.LIB (ISSPACE)


LINK MAP OF MODULE:  .\Obj\GPIO_RTC_Test (MAIN)


            TYPE    BASE      LENGTH    RELOCATION   SEGMENT NAME
            -----------------------------------------------------

            * * * * * * *   D A T A   M E M O R Y   * * * * * * *
            REG     0000H     0008H     ABSOLUTE     "REG BANK 0"
                    0008H     0018H                  *** GAP ***
            BIT     0020H.0   0000H.5   UNIT         ?BI?KEYPAD
            BIT     0020H.5   0000H.3   UNIT         _BIT_GROUP_
            BIT     0021H.0   0000H.1   UNIT         ?BI?MAIN
            BIT     0021H.1   0000H.1   UNIT         ?BI?_ATOI?ATOI
                    0021H.2   0000H.6                *** GAP ***
            IDATA   0022H     0001H     UNIT         ?STACK

            * * * * * * *  X D A T A   M E M O R Y  * * * * * * *
            XDATA   0000H     03BCH     UNIT         ?XD?BIPOLARMOTOR
            XDATA   03BCH     0113H     UNIT         _XDATA_GROUP_
            XDATA   04CFH     0102H     UNIT         ?XD?MAIN
            XDATA   05D1H     0009H     UNIT         ?XD?KEYPAD
            XDATA   05DAH     0008H     UNIT         ?XD?_AT25SF041_READ?AT25SF041
            XDATA   05E2H     0005H     UNIT         ?XD?_ATOI?ATOI
            XDATA   05E7H     0003H     UNIT         ?XD?_SENDSTRING?UART1
            XDATA   05EAH     0001H     UNIT         ?XD?UC_ACK?IOEXPANDER_PI4IOE5V96248
            XDATA   05EBH     0001H     UNIT         ?XD?UC_NACK?IOEXPANDER_PI4IOE5V96248

            * * * * * * *   C O D E   M E M O R Y   * * * * * * *
            CODE    0000H     0003H     ABSOLUTE     
            CODE    0003H     0006H     UNIT         ?PR?_TEN?UART1
            CODE    0009H     0001H     UNIT         ?PR?TM0_ISR?MAIN
            CODE    000AH     0001H     UNIT         ?PR?_DECTOBCD?UART1
            CODE    000BH     0003H     ABSOLUTE     
BL51 BANKED LINKER/LOCATER V6.22                                                      04/17/2019  16:38:30  PAGE 3


            CODE    000EH     0BC7H     UNIT         ?PR?MAIN?MAIN
            CODE    0BD5H     09B6H     UNIT         ?C?LIB_CODE
            CODE    158BH     07A2H     UNIT         ?PR?SUNPOS?SUNPOS
            CODE    1D2DH     0646H     UNIT         ?PR?_UPDATE_POSITION?BIPOLARMOTOR
            CODE    2373H     04FBH     UNIT         ?PR?_THEORICALJP_POSITION?BIPOLARMOTOR
            CODE    286EH     0400H     UNIT         ?C_INITSEG
            CODE    2C6EH     03D5H     UNIT         ?PR?_FIND_REAL_MAX?CALIBRATION
            CODE    3043H     0380H     UNIT         ?PR?_ELEVATION_CALCULATION?BIPOLARMOTOR
            CODE    33C3H     02C5H     UNIT         ?PR?KEY_PROCESS?KEYPAD
            CODE    3688H     01B3H     UNIT         ?PR?_CALIBRATION?CALIBRATION
            CODE    383BH     018DH     UNIT         ?PR?KEY_SCAN?KEYPAD
            CODE    39C8H     0189H     UNIT         ?PR?SPI_NOR_WRITE_DATA?AT25SF041
            CODE    3B51H     0188H     UNIT         ?PR?SIN?SIN
            CODE    3CD9H     0162H     UNIT         ?PR?_DISPLAY_POS?LCD_DRIVER_SPLC780D
            CODE    3E3BH     0122H     UNIT         ?PR?ATAN?ATAN
            CODE    3F5DH     0110H     UNIT         ?PR?_AT25SF041_READ?AT25SF041
            CODE    406DH     0102H     UNIT         ?PR?_AT25SF041_WRITE?AT25SF041
            CODE    416FH     00DBH     UNIT         ?PR?_ATOI?ATOI
            CODE    424AH     00C3H     UNIT         ?PR?LINEAR_INTERPOLATE?BIPOLARMOTOR
            CODE    430DH     00BBH     UNIT         ?PR?VOLTAGE_IS_STABLE?CALIBRATION
            CODE    43C8H     00ADH     UNIT         ?PR?_WRITE_PI4IOE5V96248?IOEXPANDER_PI4IOE5V96248
            CODE    4475H     00ACH     UNIT         ?PR?SQRT?SQRT
            CODE    4521H     00A1H     UNIT         ?PR?UCREAD_STATUS_REGISTER_BYTE1?AT25SF041
            CODE    45C2H     009DH     UNIT         ?PR?_ATAN2?ATAN2
            CODE    465FH     009CH     UNIT         ?PR?_MAX_VALUE?CALIBRATION
            CODE    46FBH     008CH     UNIT         ?C_C51STARTUP
            CODE    4787H     0088H     UNIT         ?PR?_DAY_OF_YEAR?PCF85063BTL
            CODE    480FH     0079H     UNIT         ?PR?_WRITEDATA?LCD_DRIVER_SPLC780D
            CODE    4888H     0072H     UNIT         ?PR?AT25SF041_WRITEENABLE?AT25SF041
            CODE    48FAH     006FH     UNIT         ?PR?_READ_TIME?PCF85063BTL
            CODE    4969H     005AH     UNIT         ?PR?AT25SF041_CHIPERASE?AT25SF041
            CODE    49C3H     0059H     UNIT         ?PR?LCD_INIT?LCD_DRIVER_SPLC780D
            CODE    4A1CH     004AH     UNIT         ?PR?VONESTEPMOVE?BIPOLARMOTOR
            CODE    4A66H     004AH     UNIT         ?PR?ACOS?ACOS
            CODE    4AB0H     0044H     UNIT         ?C?LDIV
            CODE    4AF4H     0040H     UNIT         ?PR?_COMMAND?LCD_DRIVER_SPLC780D
            CODE    4B34H     0040H     UNIT         ?PR?_STEP_MOVE?BIPOLARMOTOR
            CODE    4B74H     003BH     UNIT         ?PR?ASIN?ASIN
            CODE    4BAFH     0033H     UNIT         ?PR?_SENDSTRING?UART1
            CODE    4BE2H     002CH     UNIT         ?PR?_ADC_GETRESULT?ADC
            CODE    4C0EH     002BH     UNIT         ?PR?_WAIT_MS_I2C?IOEXPANDER_PI4IOE5V96248
            CODE    4C39H     002BH     UNIT         ?PR?_WAIT_MS_SPINOR?AT25SF041
            CODE    4C64H     0028H     UNIT         ?PR?_MOVE?BIPOLARMOTOR
            CODE    4C8CH     0027H     UNIT         ?PR?_I2C_SENDBYTE?IOEXPANDER_PI4IOE5V96248
            CODE    4CB3H     0025H     UNIT         ?PR?_FINDCLOSESTSAMEDAYCALIBTIME?CALIBRATION
            CODE    4CD8H     0024H     UNIT         ?PR?_WAIT_MS?LCD_DRIVER_SPLC780D
            CODE    4CFCH     0020H     UNIT         ?PR?_SPI_SENDBYTE?PCF85063BTL
            CODE    4D1CH     0020H     UNIT         ?PR?SPI_RECEIVEBYTE?PCF85063BTL
            CODE    4D3CH     001FH     UNIT         ?PR?ADC_INIT?ADC
            CODE    4D5BH     001EH     UNIT         ?PR?_DELAY_MS?KEYPAD
            CODE    4D79H     001DH     UNIT         ?PR?_DISPLAYLCD?LCD_DRIVER_SPLC780D
            CODE    4D96H     001BH     UNIT         ?PR?_BCDTODEC1?BIPOLARMOTOR
            CODE    4DB1H     0018H     UNIT         ?PR?_SPI_WRITETIME?PCF85063BTL
            CODE    4DC9H     0017H     UNIT         ?PR?_ASCIITOBCD?UART1
            CODE    4DE0H     0016H     UNIT         ?PR?I2C_ACK?IOEXPANDER_PI4IOE5V96248
            CODE    4DF6H     0015H     UNIT         ?PR?_DISPLAY_LINE?LCD_DRIVER_SPLC780D
            CODE    4E0BH     0015H     UNIT         ?PR?VSETLOCATION?BIPOLARMOTOR
BL51 BANKED LINKER/LOCATER V6.22                                                      04/17/2019  16:38:30  PAGE 4


            CODE    4E20H     0015H     UNIT         ?PR?I2C_STOP?IOEXPANDER_PI4IOE5V96248
            CODE    4E35H     0014H     UNIT         ?PR?_PCF85063BTL_DELAY?PCF85063BTL
            CODE    4E49H     0014H     UNIT         ?PR?_ABS?LCD_DRIVER_SPLC780D
            CODE    4E5DH     0014H     UNIT         ?PR?_ISSPACE?ISSPACE
            CODE    4E71H     0011H     UNIT         ?PR?_SPI_READTIME?PCF85063BTL
            CODE    4E82H     0011H     UNIT         ?PR?_BCDTODEC?PCF85063BTL
            CODE    4E93H     0011H     UNIT         ?PR?INITUART1?UART1
            CODE    4EA4H     000FH     UNIT         ?PR?I2C_START?IOEXPANDER_PI4IOE5V96248
            CODE    4EB3H     000FH     UNIT         ?PR?UC_NACK?IOEXPANDER_PI4IOE5V96248
            CODE    4EC2H     000FH     UNIT         ?PR?_ISDIGIT?ISDIGIT
            CODE    4ED1H     000DH     UNIT         ?PR?SPI_INIT?PCF85063BTL
            CODE    4EDEH     000CH     UNIT         ?PR?KEYPAD_IO_INIT?KEYPAD
            CODE    4EEAH     000AH     UNIT         ?PR?LCD_RETURN_HOME?LCD_DRIVER_SPLC780D
            CODE    4EF4H     000AH     UNIT         ?PR?LCD_CLEAR?LCD_DRIVER_SPLC780D
            CODE    4EFEH     0006H     UNIT         ?PR?UC_ACK?IOEXPANDER_PI4IOE5V96248
            CODE    4F04H     0005H     UNIT         ?PR?_UNIT?UART1
            CODE    4F09H     0005H     UNIT         ?PR?_ASCII_LETTER?UART1
            CODE    4F0EH     0001H     UNIT         ?PR?WAIT?BIPOLARMOTOR
            CODE    4F0FH     0001H     UNIT         ?PR?NOP?IOEXPANDER_PI4IOE5V96248



OVERLAY MAP OF MODULE:   .\Obj\GPIO_RTC_Test (MAIN)


SEGMENT                                             BIT_GROUP          XDATA_GROUP
  +--> CALLED SEGMENT                            START    LENGTH     START    LENGTH
------------------------------------------------------------------------------------
?C_C51STARTUP                                    -----    -----      -----    -----
  +--> ?PR?MAIN?MAIN
  +--> ?C_INITSEG

?PR?MAIN?MAIN                                    -----    -----      03BCH    002CH
  +--> ?PR?LCD_INIT?LCD_DRIVER_SPLC780D
  +--> ?PR?SPI_INIT?PCF85063BTL
  +--> ?PR?KEYPAD_IO_INIT?KEYPAD
  +--> ?PR?ADC_INIT?ADC
  +--> ?PR?VSETLOCATION?BIPOLARMOTOR
  +--> ?PR?_SPI_WRITETIME?PCF85063BTL
  +--> ?PR?_DELAY_MS?KEYPAD
  +--> ?PR?_DISPLAY_LINE?LCD_DRIVER_SPLC780D
  +--> ?PR?_WRITEDATA?LCD_DRIVER_SPLC780D
  +--> ?PR?KEY_PROCESS?KEYPAD
  +--> ?PR?_COMMAND?LCD_DRIVER_SPLC780D
  +--> ?PR?_DISPLAY_POS?LCD_DRIVER_SPLC780D
  +--> ?PR?_DISPLAYLCD?LCD_DRIVER_SPLC780D
  +--> ?PR?_STEP_MOVE?BIPOLARMOTOR
  +--> ?PR?LCD_RETURN_HOME?LCD_DRIVER_SPLC780D
  +--> ?PR?_READ_TIME?PCF85063BTL
  +--> ?PR?_ADC_GETRESULT?ADC
  +--> ?PR?_BCDTODEC1?BIPOLARMOTOR
  +--> ?PR?_ELEVATION_CALCULATION?BIPOLARMOTOR
  +--> ?PR?SIN?SIN
  +--> ?PR?_CALIBRATION?CALIBRATION
  +--> ?PR?AT25SF041_WRITEENABLE?AT25SF041
  +--> ?PR?_AT25SF041_WRITE?AT25SF041
  +--> ?PR?_WAIT_MS_SPINOR?AT25SF041
BL51 BANKED LINKER/LOCATER V6.22                                                      04/17/2019  16:38:30  PAGE 5


  +--> ?PR?_UPDATE_POSITION?BIPOLARMOTOR
  +--> ?PR?SPI_NOR_WRITE_DATA?AT25SF041
  +--> ?PR?LINEAR_INTERPOLATE?BIPOLARMOTOR
  +--> ?PR?_FINDCLOSESTSAMEDAYCALIBTIME?CALI...
  +--> ?PR?LCD_CLEAR?LCD_DRIVER_SPLC780D
  +--> ?PR?AT25SF041_CHIPERASE?AT25SF041

?PR?LCD_INIT?LCD_DRIVER_SPLC780D                 -----    -----      -----    -----
  +--> ?PR?_WAIT_MS?LCD_DRIVER_SPLC780D
  +--> ?PR?_COMMAND?LCD_DRIVER_SPLC780D

?PR?_COMMAND?LCD_DRIVER_SPLC780D                 -----    -----      -----    -----
  +--> ?PR?_WAIT_MS?LCD_DRIVER_SPLC780D

?PR?ADC_INIT?ADC                                 -----    -----      -----    -----
  +--> ?PR?_WAIT_MS?LCD_DRIVER_SPLC780D

?PR?_SPI_WRITETIME?PCF85063BTL                   -----    -----      -----    -----
  +--> ?PR?_SPI_SENDBYTE?PCF85063BTL

?PR?_SPI_SENDBYTE?PCF85063BTL                    -----    -----      -----    -----
  +--> ?PR?_PCF85063BTL_DELAY?PCF85063BTL

?PR?_DISPLAY_LINE?LCD_DRIVER_SPLC780D            -----    -----      -----    -----
  +--> ?PR?_COMMAND?LCD_DRIVER_SPLC780D

?PR?_WRITEDATA?LCD_DRIVER_SPLC780D               -----    -----      04CDH    0001H
  +--> ?PR?_WAIT_MS?LCD_DRIVER_SPLC780D

?PR?KEY_PROCESS?KEYPAD                           -----    -----      03E8H    0006H
  +--> ?PR?KEY_SCAN?KEYPAD
  +--> ?PR?_SPI_WRITETIME?PCF85063BTL
  +--> ?PR?LCD_CLEAR?LCD_DRIVER_SPLC780D
  +--> ?PR?_COMMAND?LCD_DRIVER_SPLC780D
  +--> ?PR?_WRITEDATA?LCD_DRIVER_SPLC780D

?PR?KEY_SCAN?KEYPAD                              -----    -----      03EEH    0003H

?PR?LCD_CLEAR?LCD_DRIVER_SPLC780D                -----    -----      -----    -----
  +--> ?PR?_COMMAND?LCD_DRIVER_SPLC780D

?PR?_DISPLAY_POS?LCD_DRIVER_SPLC780D             -----    -----      04C3H    000AH
  +--> ?PR?_ABS?LCD_DRIVER_SPLC780D
  +--> ?PR?_WRITEDATA?LCD_DRIVER_SPLC780D

?PR?_DISPLAYLCD?LCD_DRIVER_SPLC780D              -----    -----      03E8H    0001H
  +--> ?PR?_WRITEDATA?LCD_DRIVER_SPLC780D

?PR?_STEP_MOVE?BIPOLARMOTOR                      0020H.6  0000H.1    04C7H    0004H
  +--> ?PR?VONESTEPMOVE?BIPOLARMOTOR

?PR?VONESTEPMOVE?BIPOLARMOTOR                    0020H.7  0000H.1    -----    -----
  +--> ?PR?_WRITE_PI4IOE5V96248?IOEXPANDER_P...
  +--> ?PR?_DELAY_MS?KEYPAD

?PR?_WRITE_PI4IOE5V96248?IOEXPANDER_P...         -----    -----      04CBH    0003H
  +--> ?PR?I2C_START?IOEXPANDER_PI4IOE5V96248
BL51 BANKED LINKER/LOCATER V6.22                                                      04/17/2019  16:38:30  PAGE 6


  +--> ?PR?_WAIT_MS_I2C?IOEXPANDER_PI4IOE5V9...
  +--> ?PR?_I2C_SENDBYTE?IOEXPANDER_PI4IOE5V...
  +--> ?PR?I2C_ACK?IOEXPANDER_PI4IOE5V96248
  +--> ?PR?I2C_STOP?IOEXPANDER_PI4IOE5V96248

?PR?I2C_START?IOEXPANDER_PI4IOE5V96248           -----    -----      -----    -----
  +--> ?PR?_WAIT_MS_I2C?IOEXPANDER_PI4IOE5V9...

?PR?_I2C_SENDBYTE?IOEXPANDER_PI4IOE5V...         -----    -----      -----    -----
  +--> ?PR?_WAIT_MS_I2C?IOEXPANDER_PI4IOE5V9...

?PR?I2C_ACK?IOEXPANDER_PI4IOE5V96248             -----    -----      04CEH    0001H
  +--> ?PR?_WAIT_MS_I2C?IOEXPANDER_PI4IOE5V9...

?PR?I2C_STOP?IOEXPANDER_PI4IOE5V96248            -----    -----      -----    -----
  +--> ?PR?_WAIT_MS_I2C?IOEXPANDER_PI4IOE5V9...

?PR?LCD_RETURN_HOME?LCD_DRIVER_SPLC780D          -----    -----      -----    -----
  +--> ?PR?_COMMAND?LCD_DRIVER_SPLC780D

?PR?_READ_TIME?PCF85063BTL                       -----    -----      03E8H    000FH
  +--> ?PR?_SPI_READTIME?PCF85063BTL

?PR?_SPI_READTIME?PCF85063BTL                    -----    -----      -----    -----
  +--> ?PR?_SPI_SENDBYTE?PCF85063BTL
  +--> ?PR?SPI_RECEIVEBYTE?PCF85063BTL

?PR?SPI_RECEIVEBYTE?PCF85063BTL                  -----    -----      -----    -----
  +--> ?PR?_PCF85063BTL_DELAY?PCF85063BTL

?PR?_ELEVATION_CALCULATION?BIPOLARMOTOR          -----    -----      03E8H    0005H
  +--> ?PR?_BCDTODEC1?BIPOLARMOTOR
  +--> ?PR?SUNPOS?SUNPOS
  +--> ?PR?SIN?SIN
  +--> ?PR?ASIN?ASIN

?PR?SUNPOS?SUNPOS                                -----    -----      043AH    005DH
  +--> ?PR?SIN?SIN
  +--> ?PR?_ATAN2?ATAN2
  +--> ?PR?ASIN?ASIN
  +--> ?PR?ACOS?ACOS

?PR?SIN?SIN                                      0020H.5  0000H.1    0497H    0004H

?PR?_ATAN2?ATAN2                                 -----    -----      0497H    0008H
  +--> ?PR?ATAN?ATAN

?PR?ATAN?ATAN                                    0020H.5  0000H.2    049FH    0004H

?PR?ASIN?ASIN                                    -----    -----      -----    -----
  +--> ?PR?SQRT?SQRT
  +--> ?PR?ATAN?ATAN

?PR?SQRT?SQRT                                    -----    -----      0497H    0004H

?PR?ACOS?ACOS                                    -----    -----      -----    -----
  +--> ?PR?SQRT?SQRT
BL51 BANKED LINKER/LOCATER V6.22                                                      04/17/2019  16:38:30  PAGE 7


  +--> ?PR?ATAN?ATAN

?PR?_CALIBRATION?CALIBRATION                     -----    -----      03E8H    0024H
  +--> ?PR?VOLTAGE_IS_STABLE?CALIBRATION
  +--> ?PR?_UPDATE_POSITION?BIPOLARMOTOR
  +--> ?PR?_FIND_REAL_MAX?CALIBRATION

?PR?VOLTAGE_IS_STABLE?CALIBRATION                -----    -----      040CH    0018H
  +--> ?PR?_ADC_GETRESULT?ADC
  +--> ?PR?_ABS?LCD_DRIVER_SPLC780D

?PR?_UPDATE_POSITION?BIPOLARMOTOR                -----    -----      040CH    002EH
  +--> ?PR?_BCDTODEC1?BIPOLARMOTOR
  +--> ?PR?SUNPOS?SUNPOS
  +--> ?PR?SIN?SIN
  +--> ?PR?ASIN?ASIN
  +--> ?PR?_THEORICALJP_POSITION?BIPOLARMOTOR
  +--> ?PR?_ABS?LCD_DRIVER_SPLC780D
  +--> ?PR?_MOVE?BIPOLARMOTOR

?PR?_THEORICALJP_POSITION?BIPOLARMOTOR           -----    -----      043AH    005CH
  +--> ?PR?LINEAR_INTERPOLATE?BIPOLARMOTOR

?PR?LINEAR_INTERPOLATE?BIPOLARMOTOR              -----    -----      0496H    0014H

?PR?_MOVE?BIPOLARMOTOR                           0020H.5  0000H.1    04C3H    0004H
  +--> ?PR?_STEP_MOVE?BIPOLARMOTOR

?PR?_FIND_REAL_MAX?CALIBRATION                   -----    -----      040CH    00B7H
  +--> ?PR?_MOVE?BIPOLARMOTOR
  +--> ?PR?_ADC_GETRESULT?ADC
  +--> ?PR?AT25SF041_WRITEENABLE?AT25SF041
  +--> ?PR?_AT25SF041_WRITE?AT25SF041
  +--> ?PR?_WAIT_MS_SPINOR?AT25SF041
  +--> ?PR?_COMMAND?LCD_DRIVER_SPLC780D
  +--> ?PR?_WRITEDATA?LCD_DRIVER_SPLC780D
  +--> ?PR?_DISPLAY_POS?LCD_DRIVER_SPLC780D
  +--> ?PR?_WAIT_MS?LCD_DRIVER_SPLC780D
  +--> ?PR?_MAX_VALUE?CALIBRATION

?PR?AT25SF041_WRITEENABLE?AT25SF041              -----    -----      04C3H    0002H
  +--> ?PR?_WAIT_MS_SPINOR?AT25SF041
  +--> ?PR?UCREAD_STATUS_REGISTER_BYTE1?AT25...

?PR?UCREAD_STATUS_REGISTER_BYTE1?AT25...         -----    -----      04CBH    0003H
  +--> ?PR?_WAIT_MS_SPINOR?AT25SF041

?PR?_AT25SF041_WRITE?AT25SF041                   -----    -----      04C3H    0008H
  +--> ?PR?_WAIT_MS_SPINOR?AT25SF041
  +--> ?PR?UCREAD_STATUS_REGISTER_BYTE1?AT25...

?PR?_MAX_VALUE?CALIBRATION                       -----    -----      04C3H    0004H

?PR?SPI_NOR_WRITE_DATA?AT25SF041                 -----    -----      03E8H    000EH
  +--> ?PR?AT25SF041_WRITEENABLE?AT25SF041
  +--> ?PR?_AT25SF041_WRITE?AT25SF041
  +--> ?PR?_WAIT_MS_SPINOR?AT25SF041
BL51 BANKED LINKER/LOCATER V6.22                                                      04/17/2019  16:38:30  PAGE 8



?PR?AT25SF041_CHIPERASE?AT25SF041                -----    -----      03E8H    0002H
  +--> ?PR?_WAIT_MS_SPINOR?AT25SF041
  +--> ?PR?UCREAD_STATUS_REGISTER_BYTE1?AT25...



UNRESOLVED EXTERNAL SYMBOLS:
   AUTO_MODE
   SPI_NOR_CLEARENABLE
   _SENDUART1



SYMBOL TABLE OF MODULE:  .\Obj\GPIO_RTC_Test (MAIN)

  VALUE           TYPE          NAME
  ----------------------------------

  -------         MODULE        MAIN
  C:0000H         SYMBOL        _ICE_DUMMY_
  X:04D7H         PUBLIC        calib_value
  D:0080H         PUBLIC        P0
  D:00B2H         PUBLIC        P3M0
  D:0090H         PUBLIC        P1
  D:00B1H         PUBLIC        P3M1
  D:00A0H         PUBLIC        P2
  D:00B0H         PUBLIC        P3
  D:00C0H         PUBLIC        P4
  D:00C8H         PUBLIC        P5
  X:052BH         SYMBOL        PressedKey
  B:00A8H.7       PUBLIC        EA
  D:00E8H         PUBLIC        P6
  X:052FH         PUBLIC        calib_stamp
  D:00F8H         PUBLIC        P7
  X:0530H         PUBLIC        calib_bool
  X:055AH         PUBLIC        RX_Data_Uart_Cnt
  D:00A8H         PUBLIC        IE
  X:055CH         PUBLIC        calib_time
  D:00B8H         PUBLIC        IP
  X:05B0H         PUBLIC        months
  D:00D8H         PUBLIC        CCON
  C:000EH         PUBLIC        main
  X:05B1H         PUBLIC        count
  X:05B3H         PUBLIC        days
  X:05B4H         PUBLIC        hours
  D:0098H         PUBLIC        SCON
  D:0089H         PUBLIC        TMOD
  D:0088H         PUBLIC        TCON
  B:00A0H.3       PUBLIC        P23
  X:05B5H         SYMBOL        KeyCount
  X:05B7H         PUBLIC        mins
  X:05B8H         PUBLIC        Rec_data_hour
  B:00C8H.5       PUBLIC        P55
  X:05BBH         PUBLIC        Rec_data_min
  D:008EH         PUBLIC        AUXR
  C:0009H         PUBLIC        tm0_isr
BL51 BANKED LINKER/LOCATER V6.22                                                      04/17/2019  16:38:30  PAGE 9


  B:0021H.0       PUBLIC        busy
  B:00A8H.1       PUBLIC        ET0
  X:05BEH         PUBLIC        SPI_NOR_INTERNAL_FLASH_ADDR
  D:008CH         PUBLIC        TH0
  X:05C2H         PUBLIC        hour_count
  D:008AH         PUBLIC        TL0
  X:05C3H         PUBLIC        min_count
  B:0088H.4       PUBLIC        TR0
  X:05C4H         SYMBOL        KeyNum
  X:05C5H         SYMBOL        KeyNum_Old
  X:05C6H         PUBLIC        current_position
  X:05CAH         PUBLIC        hours1
  X:05CBH         PUBLIC        hours2
  X:05CCH         PUBLIC        mins1
  X:05CDH         PUBLIC        mins2
  X:05CEH         PUBLIC        seconds
  X:05CFH         PUBLIC        st_time
  D:00D0H         PUBLIC        PSW
  -------         PROC          TM0_ISR
  C:0009H         LINE#         83
  C:0009H         LINE#         85
  -------         ENDPROC       TM0_ISR
  -------         PROC          MAIN
  -------         DO            
  X:03BCH         SYMBOL        sunlight_ADC
  X:04CFH         SYMBOL        KeyCount
  X:04D1H         SYMBOL        KeyNum_Old
  X:04D2H         SYMBOL        KeyNum
  X:04D3H         SYMBOL        PressedKey
  X:03BEH         SYMBOL        prox_flag
  X:03BFH         SYMBOL        iUse_prevday_calib_value
  X:03C1H         SYMBOL        max_ADC_Val_JP
  X:03C3H         SYMBOL        max_ADC_Val
  X:03C5H         SYMBOL        calib_point1
  X:03CDH         SYMBOL        calib_point2
  X:03D5H         SYMBOL        dat_to_store
  X:03E0H         SYMBOL        calib_day
  X:03E2H         SYMBOL        calib_count
  X:03E4H         SYMBOL        theorical_JP_max_pos
  D:0004H         SYMBOL        elevation
  -------         ENDDO         
  C:000EH         LINE#         87
  C:000EH         LINE#         88
  C:000EH         LINE#         93
  C:0014H         LINE#         94
  C:0019H         LINE#         96
  C:0021H         LINE#         100
  C:0027H         LINE#         101
  C:0031H         LINE#         105
  C:0033H         LINE#         106
  C:0035H         LINE#         107
  C:0037H         LINE#         108
  C:0039H         LINE#         110
  C:0040H         LINE#         111
  C:0044H         LINE#         120
  C:0046H         LINE#         121
  C:0049H         LINE#         122
BL51 BANKED LINKER/LOCATER V6.22                                                      04/17/2019  16:38:30  PAGE 10


  C:004CH         LINE#         123
  C:004FH         LINE#         124
  C:0052H         LINE#         125
  C:0055H         LINE#         128
  C:0058H         LINE#         129
  C:005BH         LINE#         131
  C:005EH         LINE#         132
  C:0061H         LINE#         133
  C:0064H         LINE#         134
  C:0066H         LINE#         135
  C:0068H         LINE#         136
  C:006AH         LINE#         138
  C:006CH         LINE#         139
  C:0073H         LINE#         140
  C:007AH         LINE#         141
  C:0081H         LINE#         142
  C:0088H         LINE#         146
  C:008FH         LINE#         147
  C:0094H         LINE#         148
  C:0099H         LINE#         149
  C:009EH         LINE#         150
  C:00A3H         LINE#         151
  C:00A8H         LINE#         154
  C:00C1H         LINE#         155
  C:00C1H         LINE#         156
  C:00DDH         LINE#         157
  C:0124H         LINE#         158
  C:0135H         LINE#         161
  C:0135H         LINE#         162
  C:0135H         LINE#         163
  C:0138H         LINE#         166
  C:0138H         LINE#         169
  C:013DH         LINE#         170
  C:0142H         LINE#         172
  C:0147H         LINE#         173
  C:014CH         LINE#         174
  C:0151H         LINE#         175
  C:0156H         LINE#         177
  C:0167H         LINE#         178
  C:016CH         LINE#         179
  C:0171H         LINE#         181
  C:0178H         LINE#         182
  C:0180H         LINE#         183
  C:0185H         LINE#         184
  C:018DH         LINE#         185
  C:0192H         LINE#         186
  C:019CH         LINE#         187
  C:01A1H         LINE#         188
  C:01A9H         LINE#         190
  C:01B1H         LINE#         191
  C:01B6H         LINE#         192
  C:01C0H         LINE#         193
  C:01C0H         LINE#         194
  C:01C2H         LINE#         195
  C:01C4H         LINE#         196
  C:01CEH         LINE#         197
  C:01CEH         LINE#         198
BL51 BANKED LINKER/LOCATER V6.22                                                      04/17/2019  16:38:30  PAGE 11


  C:01D3H         LINE#         199
  C:01D3H         LINE#         211
  C:01E0H         LINE#         212
  C:01E0H         LINE#         213
  C:01EAH         LINE#         214
  C:0201H         LINE#         215
  C:0201H         LINE#         216
  C:0203H         LINE#         217
  C:0205H         LINE#         219
  C:0205H         LINE#         220
  C:0210H         LINE#         221
  C:0210H         LINE#         222
  C:0215H         LINE#         223
  C:0215H         LINE#         224
  C:0222H         LINE#         225
  C:0222H         LINE#         228
  C:022CH         LINE#         229
  C:0243H         LINE#         230
  C:0243H         LINE#         231
  C:0245H         LINE#         232
  C:0247H         LINE#         234
  C:0247H         LINE#         235
  C:0252H         LINE#         236
  C:0252H         LINE#         237
  C:0257H         LINE#         238
  C:0259H         LINE#         239
  C:0259H         LINE#         241
  C:027BH         LINE#         242
  C:027BH         LINE#         243
  C:0285H         LINE#         244
  C:028BH         LINE#         245
  C:028DH         LINE#         246
  C:028FH         LINE#         247
  C:0291H         LINE#         248
  C:0291H         LINE#         249
  C:0294H         LINE#         251
  C:0294H         LINE#         252
  C:029AH         LINE#         253
  C:02A2H         LINE#         254
  C:02A8H         LINE#         255
  C:02B0H         LINE#         256
  C:02EBH         LINE#         260
  C:02F8H         LINE#         261
  C:02F8H         LINE#         263
  C:0305H         LINE#         264
  C:0338H         LINE#         265
  C:0338H         LINE#         266
  C:035BH         LINE#         267
  C:035BH         LINE#         268
  C:037DH         LINE#         269
  C:037DH         LINE#         271
  C:039DH         LINE#         273
  C:03D6H         LINE#         274
  C:03D6H         LINE#         275
  C:0452H         LINE#         276
  C:046BH         LINE#         277
  C:04F5H         LINE#         278
BL51 BANKED LINKER/LOCATER V6.22                                                      04/17/2019  16:38:30  PAGE 12


  C:04F8H         LINE#         280
  C:04F8H         LINE#         282
  C:04FFH         LINE#         283
  C:04FFH         LINE#         284
  C:0502H         LINE#         285
  C:0520H         LINE#         286
  C:0527H         LINE#         287
  C:0546H         LINE#         288
  C:0565H         LINE#         290
  C:05E1H         LINE#         291
  C:05F9H         LINE#         293
  C:0651H         LINE#         294
  C:0665H         LINE#         295
  C:0672H         LINE#         296
  C:0681H         LINE#         297
  C:0681H         LINE#         299
  C:0689H         LINE#         300
  C:0691H         LINE#         301
  C:0699H         LINE#         302
  C:06A1H         LINE#         304
  C:06B5H         LINE#         305
  C:06CBH         LINE#         306
  C:06FBH         LINE#         307
  C:070FH         LINE#         309
  C:0723H         LINE#         310
  C:0739H         LINE#         311
  C:0769H         LINE#         312
  C:0770H         LINE#         314
  C:0794H         LINE#         317
  C:0796H         LINE#         319
  C:07A4H         LINE#         320
  C:07A4H         LINE#         321
  C:07ACH         LINE#         323
  C:07ACH         LINE#         326
  C:07ACH         LINE#         327
  C:07B9H         LINE#         328
  C:07B9H         LINE#         329
  C:07DBH         LINE#         330
  C:07DBH         LINE#         331
  C:0857H         LINE#         332
  C:08ACH         LINE#         333
  C:08ACH         LINE#         335
  C:08AFH         LINE#         339
  C:08AFH         LINE#         342
  C:08D1H         LINE#         343
  C:08D1H         LINE#         344
  C:094DH         LINE#         346
  C:097AH         LINE#         347
  C:0995H         LINE#         348
  C:09C2H         LINE#         349
  C:09F5H         LINE#         350
  C:09F5H         LINE#         351
  C:0A1FH         LINE#         352
  C:0AB8H         LINE#         353
  C:0ABAH         LINE#         355
  C:0ABAH         LINE#         356
  C:0B1DH         LINE#         357
BL51 BANKED LINKER/LOCATER V6.22                                                      04/17/2019  16:38:30  PAGE 13


  C:0B1DH         LINE#         361
  C:0B1DH         LINE#         363
  C:0B1DH         LINE#         364
  C:0B1DH         LINE#         366
  C:0B1DH         LINE#         369
  C:0B39H         LINE#         370
  C:0B3DH         LINE#         372
  C:0B3FH         LINE#         375
  C:0B4AH         LINE#         376
  C:0B4AH         LINE#         377
  C:0B4DH         LINE#         378
  C:0B54H         LINE#         379
  C:0B59H         LINE#         380
  C:0B5EH         LINE#         381
  C:0B63H         LINE#         382
  C:0B68H         LINE#         383
  C:0B6DH         LINE#         384
  C:0B72H         LINE#         385
  C:0B77H         LINE#         386
  C:0B7CH         LINE#         387
  C:0B81H         LINE#         388
  C:0B86H         LINE#         389
  C:0B8BH         LINE#         390
  C:0B90H         LINE#         393
  C:0B93H         LINE#         395
  C:0B96H         LINE#         396
  C:0B9DH         LINE#         397
  C:0BA7H         LINE#         398
  C:0BACH         LINE#         400
  C:0BAFH         LINE#         401
  C:0BB4H         LINE#         402
  C:0BB9H         LINE#         403
  C:0BBEH         LINE#         404
  C:0BC3H         LINE#         405
  C:0BC8H         LINE#         406
  C:0BCDH         LINE#         407
  C:0BD2H         LINE#         409
  C:0BD2H         LINE#         410
  -------         ENDPROC       MAIN
  -------         ENDMOD        MAIN

  -------         MODULE        PCF85063BTL
  C:0000H         SYMBOL        _ICE_DUMMY_
  D:0096H         PUBLIC        P2M0
  D:0080H         PUBLIC        P0
  D:0095H         PUBLIC        P2M1
  D:0090H         PUBLIC        P1
  D:00A0H         PUBLIC        P2
  D:00B0H         PUBLIC        P3
  D:00C0H         PUBLIC        P4
  D:00C8H         PUBLIC        P5
  D:00E8H         PUBLIC        P6
  B:00A0H.1       PUBLIC        PCF85063BTL_SDI
  D:00F8H         PUBLIC        P7
  B:00A0H.2       PUBLIC        PCF85063BTL_SCK
  B:00A0H.1       PUBLIC        PCF85063BTL_SDO
  D:00A8H         PUBLIC        IE
BL51 BANKED LINKER/LOCATER V6.22                                                      04/17/2019  16:38:30  PAGE 14


  C:48FAH         PUBLIC        _Read_time
  C:4E3BH         PUBLIC        _PCF85063BTL_Delay
  D:00B8H         PUBLIC        IP
  D:00D8H         PUBLIC        CCON
  C:4787H         PUBLIC        _Day_Of_Year
  C:4D1CH         PUBLIC        SPI_ReceiveByte
  D:0098H         PUBLIC        SCON
  D:0088H         PUBLIC        TCON
  C:4E82H         PUBLIC        _BCDtoDec
  B:00A0H.0       PUBLIC        PCF85063BTL_CS
  C:4E71H         PUBLIC        _SPI_ReadTime
  C:4ED1H         PUBLIC        SPI_Init
  C:4DB1H         PUBLIC        _SPI_WriteTime
  C:4CFCH         PUBLIC        _SPI_SendByte
  D:00D0H         PUBLIC        PSW
  C:4E37H         SYMBOL        L?0048
  -------         PROC          L?0047
  -------         ENDPROC       L?0047
  C:4E37H         SYMBOL        L?0048
  -------         PROC          _PCF85063BTL_DELAY
  D:0006H         SYMBOL        us
  C:4E3BH         LINE#         8
  C:4E3BH         LINE#         9
  C:4E3BH         LINE#         10
  C:4E45H         LINE#         11
  C:4E45H         LINE#         12
  C:4E46H         LINE#         13
  C:4E48H         LINE#         14
  -------         ENDPROC       _PCF85063BTL_DELAY
  -------         PROC          _SPI_SENDBYTE
  D:0005H         SYMBOL        dat
  -------         DO            
  D:0003H         SYMBOL        i
  -------         ENDDO         
  C:4CFCH         LINE#         17
  C:4CFEH         LINE#         18
  C:4CFEH         LINE#         20
  C:4D00H         LINE#         21
  C:4D00H         LINE#         22
  C:4D02H         LINE#         23
  C:4D06H         LINE#         24
  C:4D06H         LINE#         25
  C:4D08H         LINE#         26
  C:4D0AH         LINE#         28
  C:4D0AH         LINE#         29
  C:4D0CH         LINE#         30
  C:4D0CH         LINE#         31
  C:4D0FH         LINE#         32
  C:4D0FH         LINE#         33
  C:4D12H         LINE#         34
  C:4D16H         LINE#         35
  C:4D1BH         LINE#         36
  -------         ENDPROC       _SPI_SENDBYTE
  -------         PROC          SPI_RECEIVEBYTE
  -------         DO            
  D:0003H         SYMBOL        i
  D:0005H         SYMBOL        dat
BL51 BANKED LINKER/LOCATER V6.22                                                      04/17/2019  16:38:30  PAGE 15


  -------         ENDDO         
  C:4D1CH         LINE#         39
  C:4D1CH         LINE#         40
  C:4D1CH         LINE#         42
  C:4D1EH         LINE#         44
  C:4D20H         LINE#         45
  C:4D21H         LINE#         46
  C:4D21H         LINE#         47
  C:4D25H         LINE#         48
  C:4D27H         LINE#         49
  C:4D2AH         LINE#         51
  C:4D2DH         LINE#         52
  C:4D2DH         LINE#         53
  C:4D31H         LINE#         54
  C:4D31H         LINE#         55
  C:4D31H         LINE#         56
  C:4D34H         LINE#         57
  C:4D39H         LINE#         58
  C:4D3BH         LINE#         59
  -------         ENDPROC       SPI_RECEIVEBYTE
  -------         PROC          _SPI_READTIME
  D:0007H         SYMBOL        addr
  -------         DO            
  D:0006H         SYMBOL        dat
  -------         ENDDO         
  C:4E71H         LINE#         61
  C:4E71H         LINE#         62
  C:4E71H         LINE#         64
  C:4E73H         LINE#         65
  C:4E75H         LINE#         66
  C:4E7CH         LINE#         67
  C:4E7FH         LINE#         68
  C:4E81H         LINE#         69
  C:4E81H         LINE#         70
  -------         ENDPROC       _SPI_READTIME
  -------         PROC          _SPI_WRITETIME
  D:0002H         SYMBOL        val
  D:0005H         SYMBOL        addr
  C:4DB1H         LINE#         71
  C:4DB3H         LINE#         72
  C:4DB3H         LINE#         74
  C:4DB5H         LINE#         75
  C:4DBCH         LINE#         76
  C:4DC1H         LINE#         77
  C:4DC6H         LINE#         78
  C:4DC8H         LINE#         79
  -------         ENDPROC       _SPI_WRITETIME
  -------         PROC          SPI_INIT
  C:4ED1H         LINE#         83
  C:4ED1H         LINE#         84
  C:4ED1H         LINE#         89
  C:4ED4H         LINE#         90
  C:4ED7H         LINE#         91
  C:4ED9H         LINE#         92
  C:4EDBH         LINE#         93
  C:4EDDH         LINE#         94
  -------         ENDPROC       SPI_INIT
BL51 BANKED LINKER/LOCATER V6.22                                                      04/17/2019  16:38:30  PAGE 16


  -------         PROC          _READ_TIME
  X:03E8H         SYMBOL        months
  X:03EBH         SYMBOL        days
  X:03EEH         SYMBOL        hours
  X:03F1H         SYMBOL        mins
  X:03F4H         SYMBOL        seconds
  C:48FAH         LINE#         96
  C:4905H         LINE#         97
  C:4905H         LINE#         99
  C:4919H         LINE#         101
  C:492DH         LINE#         103
  C:4941H         LINE#         108
  C:4955H         LINE#         113
  -------         ENDPROC       _READ_TIME
  -------         PROC          _BCDTODEC
  D:0007H         SYMBOL        bcd
  -------         DO            
  D:0006H         SYMBOL        hi
  D:0007H         SYMBOL        lo
  -------         ENDDO         
  C:4E82H         LINE#         119
  C:4E82H         LINE#         120
  C:4E82H         LINE#         122
  C:4E87H         LINE#         123
  C:4E8BH         LINE#         124
  C:4E92H         LINE#         125
  -------         ENDPROC       _BCDTODEC
  -------         PROC          _DAY_OF_YEAR
  D:0007H         SYMBOL        months_bcd
  D:0005H         SYMBOL        days_bcd
  -------         DO            
  D:0004H         SYMBOL        months
  D:0007H         SYMBOL        days
  -------         ENDDO         
  C:4787H         LINE#         126
  C:4787H         LINE#         127
  C:4787H         LINE#         130
  C:478CH         LINE#         132
  C:4791H         LINE#         134
  C:47CAH         LINE#         135
  C:47CAH         LINE#         136
  C:47CAH         LINE#         137
  C:47CDH         LINE#         138
  C:47CDH         LINE#         139
  C:47CDH         LINE#         140
  C:47D2H         LINE#         141
  C:47D2H         LINE#         142
  C:47D2H         LINE#         143
  C:47D7H         LINE#         144
  C:47D7H         LINE#         145
  C:47D7H         LINE#         146
  C:47DCH         LINE#         147
  C:47DCH         LINE#         148
  C:47DCH         LINE#         149
  C:47E1H         LINE#         150
  C:47E1H         LINE#         151
  C:47E1H         LINE#         152
BL51 BANKED LINKER/LOCATER V6.22                                                      04/17/2019  16:38:30  PAGE 17


  C:47E6H         LINE#         153
  C:47E6H         LINE#         154
  C:47E6H         LINE#         155
  C:47EBH         LINE#         156
  C:47EBH         LINE#         157
  C:47EBH         LINE#         158
  C:47F0H         LINE#         159
  C:47F0H         LINE#         160
  C:47F0H         LINE#         161
  C:47F8H         LINE#         162
  C:47F8H         LINE#         163
  C:47F8H         LINE#         164
  C:47FDH         LINE#         165
  C:47FDH         LINE#         166
  C:47FDH         LINE#         167
  C:4802H         LINE#         168
  C:4802H         LINE#         169
  C:4802H         LINE#         170
  C:480BH         LINE#         171
  C:480BH         LINE#         172
  C:480BH         LINE#         173
  C:480EH         LINE#         174
  C:480EH         LINE#         175
  -------         ENDPROC       _DAY_OF_YEAR
  -------         ENDMOD        PCF85063BTL

  -------         MODULE        UART1
  C:0000H         SYMBOL        _ICE_DUMMY_
  D:0080H         PUBLIC        P0
  D:0090H         PUBLIC        P1
  D:00A0H         PUBLIC        P2
  D:00B0H         PUBLIC        P3
  D:00C0H         PUBLIC        P4
  D:00C8H         PUBLIC        P5
  B:00A8H.7       PUBLIC        EA
  D:00E8H         PUBLIC        P6
  D:00F8H         PUBLIC        P7
  C:4BAFH         PUBLIC        _SendString
  D:00A8H         PUBLIC        IE
  B:00A8H.4       PUBLIC        ES
  D:00B8H         PUBLIC        IP
  C:4DC9H         PUBLIC        _ASCIItoBCD
  D:00D8H         PUBLIC        CCON
  C:4E93H         PUBLIC        initUART1
  D:0098H         PUBLIC        SCON
  D:0088H         PUBLIC        TCON
  C:000AH         PUBLIC        _DectoBCD
  C:4F09H         PUBLIC        _ASCII_Letter
  D:008EH         PUBLIC        AUXR
  C:4F04H         PUBLIC        _unit
  C:0003H         PUBLIC        _ten
  D:00D6H         PUBLIC        T2H
  D:00D7H         PUBLIC        T2L
  D:00D0H         PUBLIC        PSW
  -------         PROC          INITUART1
  C:4E93H         LINE#         21
  C:4E93H         LINE#         22
BL51 BANKED LINKER/LOCATER V6.22                                                      04/17/2019  16:38:30  PAGE 18


  C:4E93H         LINE#         23
  C:4E96H         LINE#         24
  C:4E99H         LINE#         25
  C:4E9CH         LINE#         26
  C:4E9FH         LINE#         27
  C:4EA1H         LINE#         28
  C:4EA3H         LINE#         30
  -------         ENDPROC       INITUART1
  -------         PROC          _SENDSTRING
  X:05E7H         SYMBOL        s
  C:4BAFH         LINE#         35
  C:4BBAH         LINE#         36
  C:4BBAH         LINE#         37
  C:4BCAH         LINE#         38
  C:4BCAH         LINE#         39
  C:4BDFH         LINE#         40
  C:4BE1H         LINE#         41
  -------         ENDPROC       _SENDSTRING
  -------         PROC          _TEN
  D:0007H         SYMBOL        BCD
  C:0003H         LINE#         43
  C:0003H         LINE#         44
  C:0003H         LINE#         45
  C:0008H         LINE#         46
  -------         ENDPROC       _TEN
  -------         PROC          _UNIT
  D:0007H         SYMBOL        BCD
  C:4F04H         LINE#         47
  C:4F04H         LINE#         48
  C:4F04H         LINE#         52
  C:4F08H         LINE#         53
  -------         ENDPROC       _UNIT
  -------         PROC          _DECTOBCD
  D:0007H         SYMBOL        dec
  C:000AH         LINE#         54
  C:000AH         LINE#         55
  C:000AH         LINE#         57
  C:000AH         LINE#         58
  -------         ENDPROC       _DECTOBCD
  -------         PROC          _ASCII_LETTER
  D:0007H         SYMBOL        dat
  C:4F09H         LINE#         60
  C:4F09H         LINE#         61
  C:4F09H         LINE#         63
  C:4F0DH         LINE#         64
  -------         ENDPROC       _ASCII_LETTER
  -------         PROC          _ASCIITOBCD
  D:0001H         SYMBOL        ascii
  -------         DO            
  D:0007H         SYMBOL        dec_val
  D:0006H         SYMBOL        ten
  D:0007H         SYMBOL        unit
  -------         ENDDO         
  C:4DC9H         LINE#         66
  C:4DC9H         LINE#         67
  C:4DC9H         LINE#         69
  C:4DCCH         LINE#         70
BL51 BANKED LINKER/LOCATER V6.22                                                      04/17/2019  16:38:30  PAGE 19


  C:4DD2H         LINE#         71
  C:4DD9H         LINE#         72
  C:4DDFH         LINE#         74
  -------         ENDPROC       _ASCIITOBCD
  -------         ENDMOD        UART1

  -------         MODULE        LCD_DRIVER_SPLC780D
  C:0000H         SYMBOL        _ICE_DUMMY_
  D:0092H         PUBLIC        P1M0
  D:0091H         PUBLIC        P1M1
  D:0080H         PUBLIC        P0
  D:0090H         PUBLIC        P1
  D:00A0H         PUBLIC        P2
  D:00B0H         PUBLIC        P3
  D:00C0H         PUBLIC        P4
  D:00C8H         PUBLIC        P5
  D:00E8H         PUBLIC        P6
  D:00F8H         PUBLIC        P7
  C:4813H         PUBLIC        _WriteData
  D:00A8H         PUBLIC        IE
  D:00B8H         PUBLIC        IP
  D:00D8H         PUBLIC        CCON
  B:00B0H.4       PUBLIC        LCD_D4
  B:00B0H.5       PUBLIC        LCD_D5
  B:00B0H.6       PUBLIC        LCD_D6
  C:4D79H         PUBLIC        _DisplayLCD
  B:00B0H.7       PUBLIC        LCD_D7
  D:0098H         PUBLIC        SCON
  D:0088H         PUBLIC        TCON
  C:4E49H         PUBLIC        _abs
  C:4EF4H         PUBLIC        LCD_clear
  C:4AF4H         PUBLIC        _Command
  C:4DF6H         PUBLIC        _Display_Line
  C:49C3H         PUBLIC        LCD_Init
  C:4CDEH         PUBLIC        _Wait_ms
  B:00C0H.0       PUBLIC        LCD_RS
  B:00B0H.2       PUBLIC        LCD_RW
  C:4EEAH         PUBLIC        LCD_return_home
  C:3CD9H         PUBLIC        _Display_Pos
  B:00B0H.3       PUBLIC        LCD_E
  D:00D0H         PUBLIC        PSW
  -------         PROC          LCD_INIT
  C:49C3H         LINE#         9
  C:49C3H         LINE#         10
  C:49C3H         LINE#         11
  C:49C6H         LINE#         12
  C:49C9H         LINE#         14
  C:49CFH         LINE#         15
  C:49D4H         LINE#         17
  C:49DBH         LINE#         18
  C:49E0H         LINE#         20
  C:49E3H         LINE#         21
  C:49E8H         LINE#         23
  C:49EBH         LINE#         24
  C:49F0H         LINE#         26
  C:49F7H         LINE#         29
  C:49FCH         LINE#         30
BL51 BANKED LINKER/LOCATER V6.22                                                      04/17/2019  16:38:30  PAGE 20


  C:4A01H         LINE#         32
  C:4A06H         LINE#         33
  C:4A0BH         LINE#         35
  C:4A10H         LINE#         36
  C:4A15H         LINE#         37
  -------         ENDPROC       LCD_INIT
  C:480FH         SYMBOL        L?0040
  -------         PROC          L?0039
  -------         ENDPROC       L?0039
  C:480FH         SYMBOL        L?0040
  -------         PROC          _WRITEDATA
  X:04CDH         SYMBOL        dat
  C:4813H         LINE#         40
  C:4818H         LINE#         41
  C:4818H         LINE#         46
  C:481AH         LINE#         47
  C:481CH         LINE#         49
  C:482AH         LINE#         50
  C:4836H         LINE#         51
  C:4842H         LINE#         52
  C:484CH         LINE#         53
  C:484EH         LINE#         54
  C:4855H         LINE#         55
  C:4857H         LINE#         57
  C:4867H         LINE#         58
  C:4872H         LINE#         59
  C:487CH         LINE#         60
  C:4880H         LINE#         62
  C:4880H         LINE#         63
  C:4883H         LINE#         64
  C:4885H         LINE#         65
  C:4887H         LINE#         67
  -------         ENDPROC       _WRITEDATA
  -------         PROC          _COMMAND
  D:0007H         SYMBOL        dat
  C:4AF4H         LINE#         69
  C:4AF4H         LINE#         70
  C:4AF4H         LINE#         71
  C:4AF6H         LINE#         72
  C:4AF8H         LINE#         74
  C:4B02H         LINE#         75
  C:4B06H         LINE#         77
  C:4B08H         LINE#         78
  C:4B11H         LINE#         79
  C:4B15H         LINE#         81
  C:4B17H         LINE#         82
  C:4B1EH         LINE#         83
  C:4B22H         LINE#         85
  C:4B24H         LINE#         86
  C:4B28H         LINE#         87
  C:4B2CH         LINE#         89
  C:4B2EH         LINE#         90
  C:4B2EH         LINE#         91
  C:4B31H         LINE#         92
  C:4B33H         LINE#         93
  -------         ENDPROC       _COMMAND
  C:4CDAH         SYMBOL        L?0038
BL51 BANKED LINKER/LOCATER V6.22                                                      04/17/2019  16:38:30  PAGE 21


  -------         PROC          L?0037
  -------         ENDPROC       L?0037
  C:4CDAH         SYMBOL        L?0038
  -------         PROC          _WAIT_MS
  D:0006H         SYMBOL        ms
  -------         DO            
  D:0004H         SYMBOL        De_Cnt
  -------         ENDDO         
  C:4CDEH         LINE#         95
  C:4CDEH         LINE#         96
  C:4CDEH         LINE#         98
  C:4CE8H         LINE#         99
  C:4CE8H         LINE#         100
  C:4CFBH         LINE#         101
  C:4CFBH         LINE#         102
  -------         ENDPROC       _WAIT_MS
  -------         PROC          _DISPLAYLCD
  D:0007H         SYMBOL        BCD
  -------         DO            
  D:0006H         SYMBOL        first_digit
  X:03E8H         SYMBOL        second_digit
  -------         ENDDO         
  C:4D79H         LINE#         103
  C:4D79H         LINE#         104
  C:4D79H         LINE#         106
  C:4D80H         LINE#         107
  C:4D89H         LINE#         109
  C:4D8EH         LINE#         111
  -------         ENDPROC       _DISPLAYLCD
  -------         PROC          LCD_RETURN_HOME
  C:4EEAH         LINE#         115
  C:4EEAH         LINE#         116
  C:4EEAH         LINE#         117
  C:4EEFH         LINE#         118
  -------         ENDPROC       LCD_RETURN_HOME
  -------         PROC          LCD_CLEAR
  C:4EF4H         LINE#         121
  C:4EF4H         LINE#         122
  C:4EF4H         LINE#         123
  C:4EF9H         LINE#         124
  -------         ENDPROC       LCD_CLEAR
  -------         PROC          _DISPLAY_LINE
  D:0006H         SYMBOL        line
  C:4DF6H         LINE#         128
  C:4DF6H         LINE#         129
  C:4DF6H         LINE#         130
  C:4DFCH         LINE#         131
  C:4DFCH         LINE#         132
  C:4DFEH         LINE#         133
  C:4DFEH         LINE#         134
  C:4E00H         LINE#         136
  C:4E00H         LINE#         137
  C:4E05H         LINE#         138
  C:4E0AH         LINE#         139
  C:4E0AH         LINE#         140
  -------         ENDPROC       _DISPLAY_LINE
  -------         PROC          _DISPLAY_POS
BL51 BANKED LINKER/LOCATER V6.22                                                      04/17/2019  16:38:30  PAGE 22


  X:04C3H         SYMBOL        sign_dat
  -------         DO            
  X:04C7H         SYMBOL        unit
  X:04C8H         SYMBOL        ten
  X:04C9H         SYMBOL        hundred
  D:0003H         SYMBOL        thousand
  X:04CAH         SYMBOL        after_dot
  X:04CBH         SYMBOL        dat
  -------         ENDDO         
  C:3CD9H         LINE#         142
  C:3CDFH         LINE#         143
  C:3CDFH         LINE#         147
  C:3CFBH         LINE#         148
  C:3D15H         LINE#         149
  C:3D39H         LINE#         151
  C:3D83H         LINE#         153
  C:3D9AH         LINE#         154
  C:3DA7H         LINE#         155
  C:3DC9H         LINE#         156
  C:3DFEH         LINE#         157
  C:3E16H         LINE#         158
  C:3E16H         LINE#         160
  C:3E16H         LINE#         161
  C:3E16H         LINE#         162
  C:3E16H         LINE#         163
  C:3E16H         LINE#         164
  C:3E16H         LINE#         168
  C:3E18H         LINE#         170
  C:3E18H         LINE#         172
  C:3E1DH         LINE#         173
  C:3E23H         LINE#         174
  C:3E29H         LINE#         175
  C:3E2FH         LINE#         176
  C:3E34H         LINE#         177
  C:3E3AH         LINE#         181
  C:3E3AH         LINE#         183
  -------         ENDPROC       _DISPLAY_POS
  -------         PROC          _ABS
  D:0006H         SYMBOL        dat
  C:4E49H         LINE#         185
  C:4E49H         LINE#         186
  C:4E49H         LINE#         187
  C:4E54H         LINE#         188
  C:4E55H         LINE#         190
  C:4E5CH         LINE#         191
  -------         ENDPROC       _ABS
  -------         ENDMOD        LCD_DRIVER_SPLC780D

  -------         MODULE        KEYPAD
  C:0000H         SYMBOL        _ICE_DUMMY_
  D:0093H         PUBLIC        P0M1
  D:0080H         PUBLIC        P0
  D:0090H         PUBLIC        P1
  D:00A0H         PUBLIC        P2
  D:00B0H         PUBLIC        P3
  D:00C0H         PUBLIC        P4
  D:00C8H         PUBLIC        P5
BL51 BANKED LINKER/LOCATER V6.22                                                      04/17/2019  16:38:30  PAGE 23


  B:0020H.0       PUBLIC        calib_mode
  D:00E8H         PUBLIC        P6
  D:00F8H         PUBLIC        P7
  D:00A8H         PUBLIC        IE
  C:383BH         PUBLIC        Key_Scan
  D:00B8H         PUBLIC        IP
  D:00D8H         PUBLIC        CCON
  C:4EDEH         PUBLIC        KeyPad_IO_Init
  C:4D5BH         PUBLIC        _Delay_ms
  D:0098H         PUBLIC        SCON
  D:0088H         PUBLIC        TCON
  B:0020H.1       PUBLIC        small_move
  B:0020H.2       PUBLIC        move
  B:0020H.3       PUBLIC        direction
  B:0020H.4       PUBLIC        auto_move
  C:33C3H         PUBLIC        Key_Process
  D:00D0H         PUBLIC        PSW
  D:0094H         PUBLIC        P0M0
  -------         PROC          _DELAY_MS
  D:0006H         SYMBOL        ms
  -------         DO            
  D:0004H         SYMBOL        De_Cnt
  -------         ENDDO         
  C:4D5BH         LINE#         19
  C:4D5BH         LINE#         20
  C:4D5BH         LINE#         22
  C:4D65H         LINE#         23
  C:4D65H         LINE#         24
  C:4D78H         LINE#         25
  C:4D78H         LINE#         26
  -------         ENDPROC       _DELAY_MS
  -------         PROC          KEY_SCAN
  -------         DO            
  X:03EEH         SYMBOL        KeyTemp1
  X:03EFH         SYMBOL        KeyTemp2
  X:03F0H         SYMBOL        KeyValue
  -------         ENDDO         
  C:383BH         LINE#         27
  C:383BH         LINE#         28
  C:383BH         LINE#         33
  C:383EH         LINE#         36
  C:3841H         LINE#         38
  C:3849H         LINE#         39
  C:3850H         LINE#         40
  C:3850H         LINE#         42
  C:3855H         LINE#         43
  C:385CH         LINE#         44
  C:385CH         LINE#         47
  C:385FH         LINE#         48
  C:3862H         LINE#         49
  C:3867H         LINE#         50
  C:386BH         LINE#         51
  C:386BH         LINE#         52
  C:3873H         LINE#         53
  C:3873H         LINE#         54
  C:3876H         LINE#         55
  C:387EH         LINE#         56
BL51 BANKED LINKER/LOCATER V6.22                                                      04/17/2019  16:38:30  PAGE 24


  C:3880H         LINE#         58
  C:3894H         LINE#         59
  C:3894H         LINE#         60
  C:3894H         LINE#         61
  C:3894H         LINE#         62
  C:389AH         LINE#         64
  C:389CH         LINE#         65
  C:389CH         LINE#         66
  C:389CH         LINE#         67
  C:38A2H         LINE#         69
  C:38A4H         LINE#         70
  C:38A4H         LINE#         71
  C:38A4H         LINE#         72
  C:38AAH         LINE#         74
  C:38ACH         LINE#         75
  C:38ACH         LINE#         76
  C:38ACH         LINE#         77
  C:38B2H         LINE#         79
  C:38B2H         LINE#         80
  C:38B2H         LINE#         81
  C:38B2H         LINE#         84
  C:38B5H         LINE#         85
  C:38B8H         LINE#         86
  C:38C0H         LINE#         87
  C:38C4H         LINE#         88
  C:38C4H         LINE#         89
  C:38CCH         LINE#         90
  C:38CCH         LINE#         91
  C:38CFH         LINE#         92
  C:38D7H         LINE#         93
  C:38D9H         LINE#         94
  C:38EDH         LINE#         95
  C:38EDH         LINE#         96
  C:38EDH         LINE#         97
  C:38EDH         LINE#         98
  C:38F3H         LINE#         100
  C:38F5H         LINE#         101
  C:38F5H         LINE#         102
  C:38F5H         LINE#         103
  C:38FBH         LINE#         105
  C:38FDH         LINE#         106
  C:38FDH         LINE#         107
  C:38FDH         LINE#         108
  C:3903H         LINE#         110
  C:3905H         LINE#         111
  C:3905H         LINE#         112
  C:3905H         LINE#         113
  C:390AH         LINE#         115
  C:390AH         LINE#         116
  C:390AH         LINE#         117
  C:390AH         LINE#         120
  C:390DH         LINE#         121
  C:3910H         LINE#         122
  C:3918H         LINE#         123
  C:391CH         LINE#         124
  C:391CH         LINE#         125
  C:3924H         LINE#         126
BL51 BANKED LINKER/LOCATER V6.22                                                      04/17/2019  16:38:30  PAGE 25


  C:3924H         LINE#         127
  C:3927H         LINE#         128
  C:392FH         LINE#         129
  C:3931H         LINE#         130
  C:3945H         LINE#         131
  C:3945H         LINE#         132
  C:3945H         LINE#         133
  C:3945H         LINE#         134
  C:394BH         LINE#         136
  C:394DH         LINE#         137
  C:394DH         LINE#         138
  C:394DH         LINE#         139
  C:3953H         LINE#         141
  C:3955H         LINE#         142
  C:3955H         LINE#         143
  C:3955H         LINE#         144
  C:395BH         LINE#         146
  C:395DH         LINE#         147
  C:395DH         LINE#         148
  C:395DH         LINE#         149
  C:3963H         LINE#         151
  C:3963H         LINE#         152
  C:3963H         LINE#         153
  C:3963H         LINE#         157
  C:3966H         LINE#         158
  C:3969H         LINE#         159
  C:3971H         LINE#         160
  C:3975H         LINE#         161
  C:3975H         LINE#         162
  C:397DH         LINE#         163
  C:397DH         LINE#         164
  C:3980H         LINE#         165
  C:3988H         LINE#         166
  C:398AH         LINE#         167
  C:399EH         LINE#         168
  C:399EH         LINE#         169
  C:399EH         LINE#         170
  C:399EH         LINE#         171
  C:39A4H         LINE#         173
  C:39A6H         LINE#         174
  C:39A6H         LINE#         175
  C:39A6H         LINE#         176
  C:39ACH         LINE#         178
  C:39AEH         LINE#         179
  C:39AEH         LINE#         180
  C:39AEH         LINE#         181
  C:39B4H         LINE#         183
  C:39B6H         LINE#         184
  C:39B6H         LINE#         185
  C:39B6H         LINE#         186
  C:39BCH         LINE#         188
  C:39BCH         LINE#         189
  C:39BCH         LINE#         190
  C:39BCH         LINE#         192
  C:39C2H         LINE#         193
  C:39C2H         LINE#         195
  C:39C2H         LINE#         196
BL51 BANKED LINKER/LOCATER V6.22                                                      04/17/2019  16:38:30  PAGE 26


  C:39C5H         LINE#         197
  C:39C5H         LINE#         198
  C:39C5H         LINE#         200
  C:39C5H         LINE#         201
  C:39C7H         LINE#         202
  C:39C7H         LINE#         203
  -------         ENDPROC       KEY_SCAN
  -------         PROC          KEY_PROCESS
  -------         DO            
  X:05D1H         SYMBOL        KeyCount
  X:05D3H         SYMBOL        KeyNum_Old
  X:05D4H         SYMBOL        KeyNum
  X:05D5H         SYMBOL        PressedKey
  X:03E8H         SYMBOL        d
  D:0004H         SYMBOL        hours
  D:0006H         SYMBOL        mins
  X:03EAH         SYMBOL        months
  X:03ECH         SYMBOL        days
  -------         ENDDO         
  C:33C3H         LINE#         204
  C:33C3H         LINE#         205
  C:33C3H         LINE#         209
  C:33CBH         LINE#         210
  C:33D3H         LINE#         212
  C:33D6H         LINE#         213
  C:33D6H         LINE#         214
  C:33D9H         LINE#         216
  C:33D9H         LINE#         217
  C:33E6H         LINE#         218
  C:33E6H         LINE#         219
  C:33E9H         LINE#         220
  C:33ECH         LINE#         222
  C:33EFH         LINE#         224
  C:33EFH         LINE#         225
  C:33FAH         LINE#         226
  C:33FAH         LINE#         227
  C:33FDH         LINE#         229
  C:33FDH         LINE#         230
  C:3404H         LINE#         231
  C:3404H         LINE#         232
  C:3407H         LINE#         234
  C:3407H         LINE#         235
  C:340FH         LINE#         236
  C:340FH         LINE#         237
  C:3419H         LINE#         238
  C:3421H         LINE#         240
  C:342AH         LINE#         242
  C:342AH         LINE#         251
  C:343FH         LINE#         252
  C:343FH         LINE#         253
  C:3451H         LINE#         254
  C:345FH         LINE#         255
  C:346EH         LINE#         256
  C:346EH         LINE#         258
  C:3474H         LINE#         262
  C:348AH         LINE#         263
  C:349BH         LINE#         264
BL51 BANKED LINKER/LOCATER V6.22                                                      04/17/2019  16:38:30  PAGE 27


  C:34B6H         LINE#         265
  C:34B6H         LINE#         266
  C:34C6H         LINE#         267
  C:34D7H         LINE#         268
  C:34D7H         LINE#         272
  C:34F0H         LINE#         273
  C:3507H         LINE#         274
  C:3527H         LINE#         275
  C:3527H         LINE#         276
  C:3531H         LINE#         277
  C:3531H         LINE#         278
  C:353AH         LINE#         279
  C:353AH         LINE#         280
  C:354EH         LINE#         281
  C:354EH         LINE#         282
  C:354EH         LINE#         283
  C:354EH         LINE#         284
  C:354EH         LINE#         285
  C:3550H         LINE#         287
  C:3550H         LINE#         288
  C:355CH         LINE#         289
  C:355CH         LINE#         290
  C:356DH         LINE#         291
  C:356DH         LINE#         292
  C:356DH         LINE#         293
  C:356DH         LINE#         294
  C:356DH         LINE#         296
  C:356FH         LINE#         298
  C:356FH         LINE#         299
  C:3580H         LINE#         300
  C:3580H         LINE#         301
  C:3580H         LINE#         302
  C:3580H         LINE#         303
  C:3580H         LINE#         305
  C:3580H         LINE#         307
  C:3580H         LINE#         308
  C:3582H         LINE#         310
  C:3582H         LINE#         311
  C:3595H         LINE#         312
  C:3595H         LINE#         313
  C:35A6H         LINE#         314
  C:35A6H         LINE#         315
  C:35A6H         LINE#         316
  C:35A6H         LINE#         317
  C:35A6H         LINE#         318
  C:35A8H         LINE#         320
  C:35A8H         LINE#         321
  C:35B9H         LINE#         322
  C:35B9H         LINE#         323
  C:35CAH         LINE#         324
  C:35DBH         LINE#         325
  C:35DBH         LINE#         326
  C:35DBH         LINE#         327
  C:35DBH         LINE#         328
  C:35DBH         LINE#         330
  C:35F5H         LINE#         331
  C:35F5H         LINE#         332
BL51 BANKED LINKER/LOCATER V6.22                                                      04/17/2019  16:38:30  PAGE 28


  C:35FAH         LINE#         333
  C:35FAH         LINE#         334
  C:3600H         LINE#         335
  C:3600H         LINE#         336
  C:3603H         LINE#         337
  C:3608H         LINE#         338
  C:360DH         LINE#         339
  C:3612H         LINE#         340
  C:3617H         LINE#         341
  C:361CH         LINE#         342
  C:3621H         LINE#         343
  C:3626H         LINE#         344
  C:3626H         LINE#         345
  C:3626H         LINE#         347
  C:3648H         LINE#         348
  C:3648H         LINE#         349
  C:3652H         LINE#         350
  C:3652H         LINE#         351
  C:3657H         LINE#         352
  C:3660H         LINE#         353
  C:3677H         LINE#         354
  C:3677H         LINE#         355
  C:3687H         LINE#         357
  C:3687H         LINE#         361
  -------         ENDPROC       KEY_PROCESS
  -------         PROC          KEYPAD_IO_INIT
  C:4EDEH         LINE#         364
  C:4EDEH         LINE#         365
  C:4EDEH         LINE#         366
  C:4EE1H         LINE#         367
  C:4EE4H         LINE#         368
  C:4EE7H         LINE#         369
  C:4EE9H         LINE#         370
  -------         ENDPROC       KEYPAD_IO_INIT
  -------         ENDMOD        KEYPAD

  -------         MODULE        BIPOLARMOTOR
  C:0000H         SYMBOL        _ICE_DUMMY_
  X:0000H         PUBLIC        UTC_time
  D:0080H         PUBLIC        P0
  D:0090H         PUBLIC        P1
  X:0004H         PUBLIC        RX_pos_test
  D:00A0H         PUBLIC        P2
  D:00B0H         PUBLIC        P3
  D:00C0H         PUBLIC        P4
  D:00C8H         PUBLIC        P5
  D:00E8H         PUBLIC        P6
  D:00F8H         PUBLIC        P7
  X:00A4H         PUBLIC        low_date_azimuth_mapping
  D:00A8H         PUBLIC        IE
  C:426DH         PUBLIC        linear_interpolate
  X:00CCH         PUBLIC        declination
  C:4C64H         PUBLIC        _Move
  D:00B8H         PUBLIC        IP
  X:00D0H         PUBLIC        time_offset
  D:00D8H         PUBLIC        CCON
  X:00D4H         PUBLIC        previous_move_time
BL51 BANKED LINKER/LOCATER V6.22                                                      04/17/2019  16:38:30  PAGE 29


  X:00D5H         PUBLIC        time
  D:0098H         PUBLIC        SCON
  D:0088H         PUBLIC        TCON
  C:4F0EH         PUBLIC        wait
  C:4B34H         PUBLIC        _Step_move
  X:00E7H         PUBLIC        dat
  X:00EDH         PUBLIC        current_local_sun_time
  C:1D2DH         PUBLIC        _Update_position
  C:3043H         PUBLIC        _elevation_calculation
  X:00F1H         PUBLIC        sunCoord
  C:4A1CH         PUBLIC        vOneStepMove
  X:00F4H         PUBLIC        elevation_stamp
  X:0130H         PUBLIC        date_azimuth_mapping
  X:0158H         PUBLIC        location
  X:0160H         PUBLIC        RX_pos
  C:4E0BH         PUBLIC        vSetLocation
  C:4DA0H         PUBLIC        _BCDtoDec1
  X:03B8H         PUBLIC        degree
  C:2373H         PUBLIC        _TheoricalJP_Position
  D:00D0H         PUBLIC        PSW
  -------         PROC          VSETLOCATION
  C:4E0BH         LINE#         44
  C:4E0BH         LINE#         45
  C:4E0BH         LINE#         46
  C:4E15H         LINE#         47
  C:4E1FH         LINE#         48
  -------         ENDPROC       VSETLOCATION
  C:4D9CH         SYMBOL        L?0061
  -------         PROC          L?0060
  -------         ENDPROC       L?0060
  C:4D9CH         SYMBOL        L?0061
  -------         PROC          _BCDTODEC1
  D:0007H         SYMBOL        bcd
  -------         DO            
  D:0006H         SYMBOL        hi
  D:0007H         SYMBOL        lo
  -------         ENDDO         
  C:4DA0H         LINE#         49
  C:4DA0H         LINE#         50
  C:4DA0H         LINE#         52
  C:4DA5H         LINE#         53
  C:4DA9H         LINE#         54
  C:4DB0H         LINE#         55
  -------         ENDPROC       _BCDTODEC1
  -------         PROC          WAIT
  C:4F0EH         LINE#         57
  C:4F0EH         LINE#         59
  -------         ENDPROC       WAIT
  -------         PROC          VONESTEPMOVE
  B:0020H.7       SYMBOL        bDir
  C:4A1CH         LINE#         61
  C:4A1CH         LINE#         62
  C:4A1CH         LINE#         64
  C:4A22H         LINE#         65
  C:4A22H         LINE#         66
  C:4A25H         LINE#         67
  C:4A2EH         LINE#         68
BL51 BANKED LINKER/LOCATER V6.22                                                      04/17/2019  16:38:30  PAGE 30


  C:4A35H         LINE#         69
  C:4A3AH         LINE#         70
  C:4A3AH         LINE#         71
  C:4A3AH         LINE#         73
  C:4A3CH         LINE#         76
  C:4A3CH         LINE#         77
  C:4A3FH         LINE#         78
  C:4A48H         LINE#         79
  C:4A4FH         LINE#         80
  C:4A55H         LINE#         81
  C:4A5EH         LINE#         82
  C:4A65H         LINE#         83
  C:4A65H         LINE#         87
  -------         ENDPROC       VONESTEPMOVE
  -------         PROC          _STEP_MOVE
  X:04C7H         SYMBOL        step
  B:0020H.6       SYMBOL        dir
  -------         DO            
  X:04C9H         SYMBOL        i
  -------         ENDDO         
  C:4B34H         LINE#         89
  C:4B3CH         LINE#         90
  C:4B3CH         LINE#         92
  C:4B41H         LINE#         95
  C:4B5CH         LINE#         96
  C:4B5CH         LINE#         97
  C:4B63H         LINE#         99
  C:4B73H         LINE#         101
  -------         ENDPROC       _STEP_MOVE
  -------         PROC          _MOVE
  X:04C3H         SYMBOL        distance
  B:0020H.5       SYMBOL        direction
  -------         DO            
  D:0006H         SYMBOL        step
  -------         ENDDO         
  C:4C64H         LINE#         103
  C:4C6AH         LINE#         104
  C:4C6AH         LINE#         107
  C:4C85H         LINE#         108
  -------         ENDPROC       _MOVE
  C:425CH         SYMBOL        L?0059
  -------         PROC          L?0058
  -------         ENDPROC       L?0058
  C:425CH         SYMBOL        L?0059
  -------         PROC          LINEAR_INTERPOLATE
  X:0496H         SYMBOL        p1
  X:049EH         SYMBOL        p2
  X:04A6H         SYMBOL        x
  -------         DO            
  D:0004H         SYMBOL        fx
  -------         ENDDO         
  C:426DH         LINE#         141
  C:426DH         LINE#         142
  C:426DH         LINE#         145
  C:430CH         LINE#         147
  C:430CH         LINE#         148
  -------         ENDPROC       LINEAR_INTERPOLATE
BL51 BANKED LINKER/LOCATER V6.22                                                      04/17/2019  16:38:30  PAGE 31


  -------         PROC          _THEORICALJP_POSITION
  X:043AH         SYMBOL        azimuth
  X:043EH         SYMBOL        elevation
  -------         DO            
  X:0442H         SYMBOL        pos_interpolate_azimuth
  X:047EH         SYMBOL        JP_pos
  X:0482H         SYMBOL        i
  X:0484H         SYMBOL        yy
  X:0486H         SYMBOL        p1
  X:048EH         SYMBOL        p2
  -------         ENDDO         
  C:2373H         LINE#         151
  C:2379H         LINE#         152
  C:2379H         LINE#         154
  C:2383H         LINE#         157
  C:239FH         LINE#         158
  C:239FH         LINE#         159
  C:240FH         LINE#         160
  C:240FH         LINE#         161
  C:2416H         LINE#         162
  C:2416H         LINE#         163
  C:2443H         LINE#         164
  C:245EH         LINE#         166
  C:24A5H         LINE#         167
  C:24D9H         LINE#         169
  C:251FH         LINE#         170
  C:2544H         LINE#         172
  C:2544H         LINE#         174
  C:25BAH         LINE#         175
  C:25BAH         LINE#         176
  C:25C1H         LINE#         177
  C:25C1H         LINE#         178
  C:25EEH         LINE#         179
  C:2609H         LINE#         181
  C:2650H         LINE#         182
  C:2684H         LINE#         184
  C:26CAH         LINE#         185
  C:26ECH         LINE#         187
  C:26ECH         LINE#         188
  C:2700H         LINE#         191
  C:271CH         LINE#         192
  C:271CH         LINE#         193
  C:278CH         LINE#         194
  C:278CH         LINE#         195
  C:27B9H         LINE#         196
  C:27D4H         LINE#         198
  C:2801H         LINE#         199
  C:281CH         LINE#         201
  C:284EH         LINE#         204
  C:284EH         LINE#         206
  C:285FH         LINE#         207
  C:286DH         LINE#         209
  -------         ENDPROC       _THEORICALJP_POSITION
  -------         PROC          _UPDATE_POSITION
  D:0001H         SYMBOL        mnths
  D:0002H         SYMBOL        dys
  X:040EH         SYMBOL        hurs
BL51 BANKED LINKER/LOCATER V6.22                                                      04/17/2019  16:38:30  PAGE 32


  X:040FH         SYMBOL        mns
  X:0410H         SYMBOL        sconds
  X:0411H         SYMBOL        currnt_pos
  X:0414H         SYMBOL        offset_calib
  -------         DO            
  X:0418H         SYMBOL        date
  X:041AH         SYMBOL        i
  X:041CH         SYMBOL        yy
  X:041EH         SYMBOL        desired_distance
  X:0422H         SYMBOL        distance
  X:0426H         SYMBOL        JP_pos
  X:042AH         SYMBOL        elevation
  X:042EH         SYMBOL        azimuth
  X:0432H         SYMBOL        time_offset
  X:0436H         SYMBOL        UTC_time
  -------         ENDDO         
  C:1D2DH         LINE#         212
  C:1D36H         LINE#         215
  C:1D36H         LINE#         216
  C:1D41H         LINE#         218
  C:1D5DH         LINE#         219
  C:1D67H         LINE#         225
  C:1D71H         LINE#         226
  C:1D7CH         LINE#         227
  C:1D87H         LINE#         228
  C:1DA0H         LINE#         229
  C:1DB1H         LINE#         230
  C:1DC0H         LINE#         233
  C:1DD4H         LINE#         237
  C:1E26H         LINE#         238
  C:1F8AH         LINE#         239
  C:1FDAH         LINE#         242
  C:2102H         LINE#         245
  C:21D1H         LINE#         252
  C:2218H         LINE#         253
  C:2218H         LINE#         255
  C:2243H         LINE#         256
  C:2272H         LINE#         258
  C:2297H         LINE#         259
  C:22FCH         LINE#         260
  C:22FCH         LINE#         261
  C:2316H         LINE#         262
  C:2328H         LINE#         263
  C:2340H         LINE#         264
  C:2356H         LINE#         266
  C:2372H         LINE#         267
  C:2372H         LINE#         268
  C:2372H         LINE#         271
  -------         ENDPROC       _UPDATE_POSITION
  -------         PROC          _ELEVATION_CALCULATION
  D:0007H         SYMBOL        mnths
  D:0005H         SYMBOL        dys
  X:03EAH         SYMBOL        hurs
  X:03EBH         SYMBOL        mns
  X:03ECH         SYMBOL        sconds
  C:3043H         LINE#         273
  C:3048H         LINE#         275
BL51 BANKED LINKER/LOCATER V6.22                                                      04/17/2019  16:38:30  PAGE 33


  C:3048H         LINE#         276
  C:3052H         LINE#         277
  C:305BH         LINE#         278
  C:3066H         LINE#         279
  C:307FH         LINE#         280
  C:3093H         LINE#         281
  C:30A5H         LINE#         285
  C:30F7H         LINE#         286
  C:325BH         LINE#         287
  C:32ABH         LINE#         289
  C:33C2H         LINE#         291
  -------         ENDPROC       _ELEVATION_CALCULATION
  -------         ENDMOD        BIPOLARMOTOR

  -------         MODULE        SUNPOS
  C:0000H         SYMBOL        _ICE_DUMMY_
  C:158BH         PUBLIC        sunpos
  -------         PROC          SUNPOS
  X:043AH         SYMBOL        udtTime
  X:044CH         SYMBOL        udtLocation
  X:0454H         SYMBOL        udtSunCoordinates
  -------         DO            
  X:0457H         SYMBOL        dElapsedJulianDays
  X:045BH         SYMBOL        dDecimalHours
  X:045FH         SYMBOL        dEclipticLongitude
  X:0463H         SYMBOL        dEclipticObliquity
  X:0467H         SYMBOL        dRightAscension
  X:046BH         SYMBOL        dDeclination
  X:046FH         SYMBOL        dY
  X:0473H         SYMBOL        dX
  -------         DO            
  X:0477H         SYMBOL        dJulianDate
  X:047BH         SYMBOL        liAux1
  X:047FH         SYMBOL        liAux2
  X:0477H         SYMBOL        dMeanLongitude
  X:047BH         SYMBOL        dMeanAnomaly
  X:047FH         SYMBOL        dOmega
  X:0477H         SYMBOL        dSin_EclipticLongitude
  X:0477H         SYMBOL        dGreenwichMeanSiderealTime
  X:047BH         SYMBOL        dLocalMeanSiderealTime
  X:047FH         SYMBOL        dLatitudeInRadians
  X:0483H         SYMBOL        dHourAngle
  X:0487H         SYMBOL        dCos_Latitude
  X:048BH         SYMBOL        dSin_Latitude
  X:048FH         SYMBOL        dCos_HourAngle
  X:0493H         SYMBOL        dParallax
  -------         ENDDO         
  -------         DO            
  X:0477H         SYMBOL        dMeanLongitude
  X:047BH         SYMBOL        dMeanAnomaly
  X:047FH         SYMBOL        dOmega
  X:0477H         SYMBOL        dSin_EclipticLongitude
  X:0477H         SYMBOL        dGreenwichMeanSiderealTime
  X:047BH         SYMBOL        dLocalMeanSiderealTime
  X:047FH         SYMBOL        dLatitudeInRadians
  X:0483H         SYMBOL        dHourAngle
  X:0487H         SYMBOL        dCos_Latitude
BL51 BANKED LINKER/LOCATER V6.22                                                      04/17/2019  16:38:30  PAGE 34


  X:048BH         SYMBOL        dSin_Latitude
  X:048FH         SYMBOL        dCos_HourAngle
  X:0493H         SYMBOL        dParallax
  -------         ENDDO         
  -------         DO            
  X:0477H         SYMBOL        dSin_EclipticLongitude
  X:0477H         SYMBOL        dGreenwichMeanSiderealTime
  X:047BH         SYMBOL        dLocalMeanSiderealTime
  X:047FH         SYMBOL        dLatitudeInRadians
  X:0483H         SYMBOL        dHourAngle
  X:0487H         SYMBOL        dCos_Latitude
  X:048BH         SYMBOL        dSin_Latitude
  X:048FH         SYMBOL        dCos_HourAngle
  X:0493H         SYMBOL        dParallax
  -------         ENDDO         
  -------         DO            
  X:0477H         SYMBOL        dGreenwichMeanSiderealTime
  X:047BH         SYMBOL        dLocalMeanSiderealTime
  X:047FH         SYMBOL        dLatitudeInRadians
  X:0483H         SYMBOL        dHourAngle
  X:0487H         SYMBOL        dCos_Latitude
  X:048BH         SYMBOL        dSin_Latitude
  X:048FH         SYMBOL        dCos_HourAngle
  X:0493H         SYMBOL        dParallax
  -------         ENDDO         
  -------         ENDDO         
  C:158BH         LINE#         6
  C:158BH         LINE#         7
  C:158BH         LINE#         9
  C:158BH         LINE#         27
  C:15D5H         LINE#         30
  C:15F6H         LINE#         31
  C:173DH         LINE#         34
  C:1789H         LINE#         36
  C:17A8H         LINE#         37
  C:17A8H         LINE#         42
  C:17A8H         LINE#         46
  C:17DAH         LINE#         47
  C:1804H         LINE#         48
  C:182EH         LINE#         49
  C:18DBH         LINE#         52
[...]
  C:4139H         LINE#         148
  C:413CH         LINE#         149
  C:4143H         LINE#         151
  C:4162H         LINE#         153
  C:4164H         LINE#         154
  C:4167H         LINE#         155
  C:416EH         LINE#         157
  -------         ENDPROC       _AT25SF041_WRITE
  -------         PROC          _AT25SF041_READ
  D:0003H         SYMBOL        opcode
  X:05DBH         SYMBOL        addr
  -------         DO            
  X:05DFH         SYMBOL        dat
  X:05E0H         SYMBOL        i
  -------         ENDDO         
  C:3F5DH         LINE#         159
  C:3F5FH         LINE#         160
  C:3F5FH         LINE#         161
  C:3F64H         LINE#         163
  C:3F66H         LINE#         164
  C:3F6CH         LINE#         168
  C:3F71H         LINE#         169
  C:3F71H         LINE#         170
  C:3F73H         LINE#         171
  C:3F76H         LINE#         172
  C:3F7AH         LINE#         173
  C:3F7AH         LINE#         174
  C:3F7CH         LINE#         175
  C:3F7EH         LINE#         177
  C:3F7EH         LINE#         178
  C:3F80H         LINE#         180
  C:3F80H         LINE#         181
  C:3F80H         LINE#         182
  C:3F80H         LINE#         183
  C:3F83H         LINE#         184
  C:3F87H         LINE#         187
  C:3FA6H         LINE#         189
  C:3FADH         LINE#         190
  C:3FADH         LINE#         191
BL51 BANKED LINKER/LOCATER V6.22                                                      04/17/2019  16:38:30  PAGE 47


  C:3FAFH         LINE#         192
  C:3FB2H         LINE#         193
  C:3FCEH         LINE#         194
  C:3FCEH         LINE#         195
  C:3FD0H         LINE#         196
  C:3FD2H         LINE#         198
  C:3FD2H         LINE#         199
  C:3FD4H         LINE#         201
  C:3FD4H         LINE#         202
  C:3FD4H         LINE#         203
  C:3FD4H         LINE#         204
  C:3FD7H         LINE#         205
  C:3FF0H         LINE#         207
  C:400FH         LINE#         210
  C:4016H         LINE#         212
  C:4018H         LINE#         213
  C:401FH         LINE#         215
  C:4026H         LINE#         216
  C:4026H         LINE#         217
  C:402DH         LINE#         218
  C:402DH         LINE#         219
  C:4030H         LINE#         220
  C:4032H         LINE#         221
  C:4035H         LINE#         223
  C:4038H         LINE#         224
  C:4038H         LINE#         226
  C:403CH         LINE#         227
  C:403CH         LINE#         233
  C:405BH         LINE#         236
  C:405DH         LINE#         237
  C:4060H         LINE#         238
  C:4067H         LINE#         240
  C:406CH         LINE#         242
  -------         ENDPROC       _AT25SF041_READ
  -------         PROC          UCREAD_STATUS_REGISTER_BYTE1
  -------         DO            
  D:0003H         SYMBOL        dat
  D:0001H         SYMBOL        opcode
  X:04CBH         SYMBOL        count
  X:04CCH         SYMBOL        i
  -------         ENDDO         
  C:4521H         LINE#         246
  C:4521H         LINE#         247
  C:4521H         LINE#         248
  C:4527H         LINE#         249
  C:452BH         LINE#         250
  C:452DH         LINE#         251
  C:452FH         LINE#         252
  C:4535H         LINE#         256
  C:453CH         LINE#         257
  C:453CH         LINE#         258
  C:453EH         LINE#         259
  C:4541H         LINE#         260
  C:4545H         LINE#         261
  C:4545H         LINE#         262
  C:4547H         LINE#         263
  C:4549H         LINE#         265
BL51 BANKED LINKER/LOCATER V6.22                                                      04/17/2019  16:38:30  PAGE 48


  C:4549H         LINE#         266
  C:454BH         LINE#         268
  C:454BH         LINE#         269
  C:454BH         LINE#         270
  C:454BH         LINE#         271
  C:454EH         LINE#         272
  C:4552H         LINE#         275
  C:4571H         LINE#         279
  C:4578H         LINE#         281
  C:457AH         LINE#         282
  C:4581H         LINE#         283
  C:4588H         LINE#         284
  C:4588H         LINE#         285
  C:458CH         LINE#         286
  C:458CH         LINE#         287
  C:458FH         LINE#         288
  C:4591H         LINE#         289
  C:4594H         LINE#         291
  C:4597H         LINE#         292
  C:4597H         LINE#         294
  C:459BH         LINE#         295
  C:459BH         LINE#         297
  C:45BAH         LINE#         301
  C:45BCH         LINE#         302
  C:45BFH         LINE#         303
  C:45C1H         LINE#         304
  -------         ENDPROC       UCREAD_STATUS_REGISTER_BYTE1
  -------         PROC          SPI_NOR_WRITE_DATA
  X:03E8H         SYMBOL        dat
  X:03F3H         SYMBOL        addr
  C:39C8H         LINE#         306
  C:39C8H         LINE#         307
  C:39C8H         LINE#         309
  C:39CBH         LINE#         311
  C:39E5H         LINE#         312
  C:3A03H         LINE#         314
  C:3A0AH         LINE#         315
  C:3A0DH         LINE#         317
  C:3A27H         LINE#         318
  C:3A27H         LINE#         319
  C:3A27H         LINE#         322
  C:3A2AH         LINE#         324
  C:3A44H         LINE#         325
  C:3A44H         LINE#         326
  C:3A44H         LINE#         328
  C:3A47H         LINE#         330
  C:3A61H         LINE#         331
  C:3A61H         LINE#         332
  C:3A61H         LINE#         334
  C:3A64H         LINE#         336
  C:3A7EH         LINE#         337
  C:3A7EH         LINE#         338
  C:3A7EH         LINE#         340
  C:3A81H         LINE#         342
  C:3A9BH         LINE#         343
  C:3A9BH         LINE#         344
  C:3A9BH         LINE#         346
BL51 BANKED LINKER/LOCATER V6.22                                                      04/17/2019  16:38:30  PAGE 49


  C:3A9EH         LINE#         348
  C:3AB8H         LINE#         349
  C:3AB8H         LINE#         350
  C:3AB8H         LINE#         352
  C:3ABBH         LINE#         354
  C:3AD5H         LINE#         355
  C:3AD5H         LINE#         356
  C:3AD5H         LINE#         358
  C:3AD8H         LINE#         360
  C:3AF2H         LINE#         361
  C:3AF2H         LINE#         362
  C:3AF2H         LINE#         364
  C:3AF5H         LINE#         366
  C:3B0FH         LINE#         367
  C:3B0FH         LINE#         368
  C:3B0FH         LINE#         370
  C:3B12H         LINE#         372
  C:3B2CH         LINE#         373
  C:3B33H         LINE#         374
  -------         ENDPROC       SPI_NOR_WRITE_DATA
  -------         ENDMOD        AT25SF041

  -------         MODULE        ?C_STARTUP
  C:46FBH         SEGMENT       ?C_C51STARTUP
  I:0022H         SEGMENT       ?STACK
  C:0000H         PUBLIC        ?C_STARTUP
  D:00E0H         SYMBOL        ACC
  D:00F0H         SYMBOL        B
  D:0083H         SYMBOL        DPH
  D:0082H         SYMBOL        DPL
  N:0000H         SYMBOL        IBPSTACK
  N:0100H         SYMBOL        IBPSTACKTOP
  N:0080H         SYMBOL        IDATALEN
  C:46FEH         SYMBOL        IDATALOOP
  N:0000H         SYMBOL        PBPSTACK
  N:0100H         SYMBOL        PBPSTACKTOP
  N:0000H         SYMBOL        PDATALEN
  N:0000H         SYMBOL        PDATASTART
  N:0000H         SYMBOL        PPAGE
  N:0000H         SYMBOL        PPAGEENABLE
  D:00A0H         SYMBOL        PPAGE_SFR
  D:0081H         SYMBOL        SP
  C:46FBH         SYMBOL        STARTUP1
  N:0000H         SYMBOL        XBPSTACK
  N:0000H         SYMBOL        XBPSTACKTOP
  N:0000H         SYMBOL        XDATALEN
  N:0000H         SYMBOL        XDATASTART
  C:0000H         LINE#         126
  C:46FBH         LINE#         133
  C:46FDH         LINE#         134
  C:46FEH         LINE#         135
  C:46FFH         LINE#         136
  C:4701H         LINE#         185
  C:4704H         LINE#         196
  -------         ENDMOD        ?C_STARTUP

  -------         MODULE        ?C?FPADD
BL51 BANKED LINKER/LOCATER V6.22                                                      04/17/2019  16:38:30  PAGE 50


  C:0BDCH         PUBLIC        ?C?FPADD
  C:0BD8H         PUBLIC        ?C?FPSUB
  -------         ENDMOD        ?C?FPADD

  -------         MODULE        ?C?FPMUL
  C:0CCDH         PUBLIC        ?C?FPMUL
  -------         ENDMOD        ?C?FPMUL

  -------         MODULE        ?C?FPDIV
  C:0DD6H         PUBLIC        ?C?FPDIV
  -------         ENDMOD        ?C?FPDIV

  -------         MODULE        ?C?FPCMP
  C:0E75H         PUBLIC        ?C?FPCMP
  C:0E73H         PUBLIC        ?C?FPCMP3
  -------         ENDMOD        ?C?FPCMP

  -------         MODULE        ?C?FPNEG
  C:0EECH         PUBLIC        ?C?FPNEG
  -------         ENDMOD        ?C?FPNEG

  -------         MODULE        ?C?FCAST
  C:0F07H         PUBLIC        ?C?FCASTC
  C:0F02H         PUBLIC        ?C?FCASTI
  C:0EFDH         PUBLIC        ?C?FCASTL
  -------         ENDMOD        ?C?FCAST

  -------         MODULE        ?C?CASTF
  C:0F3BH         PUBLIC        ?C?CASTF
  -------         ENDMOD        ?C?CASTF

  -------         MODULE        ATAN2
  X:0497H         PUBLIC        ?_atan2?BYTE
  C:45C2H         PUBLIC        _atan2
  -------         ENDMOD        ATAN2

  -------         MODULE        SIN
  C:3B99H         PUBLIC        _COS
  C:3BAFH         PUBLIC        _SIN
  C:3BEBH         PUBLIC        _TAN
  -------         ENDMOD        SIN

  -------         MODULE        ACOS
  C:4A66H         PUBLIC        _ACOS
  -------         ENDMOD        ACOS

  -------         MODULE        ASIN
  C:4B74H         PUBLIC        _ASIN
  -------         ENDMOD        ASIN

  -------         MODULE        SQRT
  C:4479H         PUBLIC        _SQRT
  -------         ENDMOD        SQRT

  -------         MODULE        ATAN
  C:3E5BH         PUBLIC        _ATAN
  -------         ENDMOD        ATAN
BL51 BANKED LINKER/LOCATER V6.22                                                      04/17/2019  16:38:30  PAGE 51



  -------         MODULE        ?C?COPY
  C:10D9H         PUBLIC        ?C?COPY
  -------         ENDMOD        ?C?COPY

  -------         MODULE        ?C?CLDPTR
  C:10FFH         PUBLIC        ?C?CLDPTR
  -------         ENDMOD        ?C?CLDPTR

  -------         MODULE        ?C?CLDOPTR
  C:1118H         PUBLIC        ?C?CLDOPTR
  -------         ENDMOD        ?C?CLDOPTR

  -------         MODULE        ?C?CSTPTR
  C:1145H         PUBLIC        ?C?CSTPTR
  -------         ENDMOD        ?C?CSTPTR

  -------         MODULE        ?C?IMUL
  C:1157H         PUBLIC        ?C?IMUL
  -------         ENDMOD        ?C?IMUL

  -------         MODULE        ?C?UIDIV
  C:1169H         PUBLIC        ?C?UIDIV
  -------         ENDMOD        ?C?UIDIV

  -------         MODULE        ?C?SIDIV
  C:11BEH         PUBLIC        ?C?SIDIV
  -------         ENDMOD        ?C?SIDIV

  -------         MODULE        ?C?ILDIX
  C:11F4H         PUBLIC        ?C?ILDIX
  -------         ENDMOD        ?C?ILDIX

  -------         MODULE        ?C?ILDOPTR
  C:120AH         PUBLIC        ?C?ILDOPTR
  -------         ENDMOD        ?C?ILDOPTR

  -------         MODULE        ?C?ISTPTR
  C:1242H         PUBLIC        ?C?ISTPTR
  -------         ENDMOD        ?C?ISTPTR

  -------         MODULE        ?C?LMUL
  C:1261H         PUBLIC        ?C?LMUL
  -------         ENDMOD        ?C?LMUL

  -------         MODULE        ?C?SLDIV
  C:4AB0H         PUBLIC        ?C?SLDIV
  -------         ENDMOD        ?C?SLDIV

  -------         MODULE        ?C?LNEG
  C:12B0H         PUBLIC        ?C?LNEG
  -------         ENDMOD        ?C?LNEG

  -------         MODULE        ?C?ULCMP
  C:12BEH         PUBLIC        ?C?ULCMP
  -------         ENDMOD        ?C?ULCMP

BL51 BANKED LINKER/LOCATER V6.22                                                      04/17/2019  16:38:30  PAGE 52


  -------         MODULE        ?C?LSHL
  C:12CFH         PUBLIC        ?C?LSHL
  -------         ENDMOD        ?C?LSHL

  -------         MODULE        ?C?LLDPTR
  C:12E2H         PUBLIC        ?C?LLDPTR
  -------         ENDMOD        ?C?LLDPTR

  -------         MODULE        ?C?LLDOPTR
  C:1302H         PUBLIC        ?C?LLDOPTR
  -------         ENDMOD        ?C?LLDOPTR

  -------         MODULE        ?C?LSTPTR
  C:1332H         PUBLIC        ?C?LSTPTR
  -------         ENDMOD        ?C?LSTPTR

  -------         MODULE        ?C?LSTOPTR
  C:134CH         PUBLIC        ?C?LSTOPTR
  -------         ENDMOD        ?C?LSTOPTR

  -------         MODULE        ?C?LLDXDATA
  C:1370H         PUBLIC        ?C?LLDXDATA
  -------         ENDMOD        ?C?LLDXDATA

  -------         MODULE        ?C?LLDCODE
  C:137CH         PUBLIC        ?C?LLDCODE
  -------         ENDMOD        ?C?LLDCODE

  -------         MODULE        ?C?LLDXDATA0
  C:138CH         PUBLIC        ?C?LLDXDATA0
  -------         ENDMOD        ?C?LLDXDATA0

  -------         MODULE        ?C?LLDCODE0
  C:1398H         PUBLIC        ?C?LLDCODE0
  -------         ENDMOD        ?C?LLDCODE0

  -------         MODULE        ?C?LLDPTR0
  C:13A8H         PUBLIC        ?C?LLDPTR0
  -------         ENDMOD        ?C?LLDPTR0

  -------         MODULE        ?C?LSTXDATA
  C:13C8H         PUBLIC        ?C?LSTXDATA
  -------         ENDMOD        ?C?LSTXDATA

  -------         MODULE        ?C?LSTKXDATA
  C:13D4H         PUBLIC        ?C?LSTKXDATA
  -------         ENDMOD        ?C?LSTKXDATA

  -------         MODULE        ?C?LSTKPTR
  C:1405H         PUBLIC        ?C?LSTKPTR
  -------         ENDMOD        ?C?LSTKPTR

  -------         MODULE        ?C?OFFXADD
  C:141FH         PUBLIC        ?C?OFFXADD
  -------         ENDMOD        ?C?OFFXADD

  -------         MODULE        ATOI
BL51 BANKED LINKER/LOCATER V6.22                                                      04/17/2019  16:38:30  PAGE 53


  C:416FH         PUBLIC        _atoi
  -------         ENDMOD        ATOI

  -------         MODULE        ?C?IILDX
  C:142BH         PUBLIC        ?C?IILDX
  -------         ENDMOD        ?C?IILDX

  -------         MODULE        ?C?ULDIV
  C:147DH         PUBLIC        ?C?ULDIV
  -------         ENDMOD        ?C?ULDIV

  -------         MODULE        ?C?LLDIDATA
  C:150FH         PUBLIC        ?C?LLDIDATA
  -------         ENDMOD        ?C?LLDIDATA

  -------         MODULE        ?C?LLDPDATA
  C:151BH         PUBLIC        ?C?LLDPDATA
  -------         ENDMOD        ?C?LLDPDATA

  -------         MODULE        ?C?LLDIDATA0
  C:1527H         PUBLIC        ?C?LLDIDATA0
  -------         ENDMOD        ?C?LLDIDATA0

  -------         MODULE        ?C?LLDPDATA0
  C:1534H         PUBLIC        ?C?LLDPDATA0
  -------         ENDMOD        ?C?LLDPDATA0

  -------         MODULE        ?C?LSTIDATA
  C:1541H         PUBLIC        ?C?LSTIDATA
  -------         ENDMOD        ?C?LSTIDATA

  -------         MODULE        ?C?LSTPDATA
  C:154DH         PUBLIC        ?C?LSTPDATA
  -------         ENDMOD        ?C?LSTPDATA

  -------         MODULE        ?C?LSTKIDATA
  C:1559H         PUBLIC        ?C?LSTKIDATA
  -------         ENDMOD        ?C?LSTKIDATA

  -------         MODULE        ?C?LSTKPDATA
  C:1572H         PUBLIC        ?C?LSTKPDATA
  -------         ENDMOD        ?C?LSTKPDATA

  -------         MODULE        ISDIGIT
  C:4EC2H         PUBLIC        _isdigit
  -------         ENDMOD        ISDIGIT

  -------         MODULE        ISSPACE
  C:4E5DH         PUBLIC        _isspace
  -------         ENDMOD        ISSPACE

*** WARNING L16: UNCALLED SEGMENT, IGNORED FOR OVERLAY PROCESS
    SEGMENT: ?PR?_DAY_OF_YEAR?PCF85063BTL

*** WARNING L16: UNCALLED SEGMENT, IGNORED FOR OVERLAY PROCESS
    SEGMENT: ?PR?INITUART1?UART1

BL51 BANKED LINKER/LOCATER V6.22                                                      04/17/2019  16:38:30  PAGE 54


*** WARNING L16: UNCALLED SEGMENT, IGNORED FOR OVERLAY PROCESS
    SEGMENT: ?PR?_SENDSTRING?UART1

*** WARNING L16: UNCALLED SEGMENT, IGNORED FOR OVERLAY PROCESS
    SEGMENT: ?PR?_TEN?UART1

*** WARNING L16: UNCALLED SEGMENT, IGNORED FOR OVERLAY PROCESS
    SEGMENT: ?PR?_UNIT?UART1

*** WARNING L16: UNCALLED SEGMENT, IGNORED FOR OVERLAY PROCESS
    SEGMENT: ?PR?_DECTOBCD?UART1

*** WARNING L16: UNCALLED SEGMENT, IGNORED FOR OVERLAY PROCESS
    SEGMENT: ?PR?_ASCII_LETTER?UART1

*** WARNING L16: UNCALLED SEGMENT, IGNORED FOR OVERLAY PROCESS
    SEGMENT: ?PR?_ASCIITOBCD?UART1

*** WARNING L16: UNCALLED SEGMENT, IGNORED FOR OVERLAY PROCESS
    SEGMENT: ?PR?WAIT?BIPOLARMOTOR

*** WARNING L16: UNCALLED SEGMENT, IGNORED FOR OVERLAY PROCESS
    SEGMENT: ?PR?NOP?IOEXPANDER_PI4IOE5V96248

*** WARNING L16: UNCALLED SEGMENT, IGNORED FOR OVERLAY PROCESS
    SEGMENT: ?PR?UC_ACK?IOEXPANDER_PI4IOE5V96248

*** WARNING L16: UNCALLED SEGMENT, IGNORED FOR OVERLAY PROCESS
    SEGMENT: ?PR?UC_NACK?IOEXPANDER_PI4IOE5V96248

*** WARNING L16: UNCALLED SEGMENT, IGNORED FOR OVERLAY PROCESS
    SEGMENT: ?PR?_AT25SF041_READ?AT25SF041

*** WARNING L1: UNRESOLVED EXTERNAL SYMBOL
    SYMBOL:  AUTO_MODE
    MODULE:  .\Obj\main.obj (MAIN)

*** WARNING L1: UNRESOLVED EXTERNAL SYMBOL
    SYMBOL:  SPI_NOR_CLEARENABLE
    MODULE:  .\Obj\main.obj (MAIN)

*** WARNING L2: REFERENCE MADE TO UNRESOLVED EXTERNAL
    SYMBOL:  AUTO_MODE
    MODULE:  .\Obj\main.obj (MAIN)
    ADDRESS: 003BH

*** WARNING L2: REFERENCE MADE TO UNRESOLVED EXTERNAL
    SYMBOL:  SPI_NOR_CLEARENABLE
    MODULE:  .\Obj\main.obj (MAIN)
    ADDRESS: 0041H

*** WARNING L2: REFERENCE MADE TO UNRESOLVED EXTERNAL
    SYMBOL:  AUTO_MODE
    MODULE:  .\Obj\main.obj (MAIN)
    ADDRESS: 01B7H

*** WARNING L2: REFERENCE MADE TO UNRESOLVED EXTERNAL
BL51 BANKED LINKER/LOCATER V6.22                                                      04/17/2019  16:38:30  PAGE 55


    SYMBOL:  AUTO_MODE
    MODULE:  .\Obj\main.obj (MAIN)
    ADDRESS: 01C5H

*** WARNING L2: REFERENCE MADE TO UNRESOLVED EXTERNAL
    SYMBOL:  AUTO_MODE
    MODULE:  .\Obj\main.obj (MAIN)
    ADDRESS: 01D7H

*** WARNING L2: REFERENCE MADE TO UNRESOLVED EXTERNAL
    SYMBOL:  AUTO_MODE
    MODULE:  .\Obj\main.obj (MAIN)
    ADDRESS: 0219H

*** WARNING L2: REFERENCE MADE TO UNRESOLVED EXTERNAL
    SYMBOL:  AUTO_MODE
    MODULE:  .\Obj\main.obj (MAIN)
    ADDRESS: 02ECH

*** WARNING L2: REFERENCE MADE TO UNRESOLVED EXTERNAL
    SYMBOL:  SPI_NOR_CLEARENABLE
    MODULE:  .\Obj\main.obj (MAIN)
    ADDRESS: 0B40H

*** WARNING L2: REFERENCE MADE TO UNRESOLVED EXTERNAL
    SYMBOL:  SPI_NOR_CLEARENABLE
    MODULE:  .\Obj\main.obj (MAIN)
    ADDRESS: 0BA9H

*** WARNING L1: UNRESOLVED EXTERNAL SYMBOL
    SYMBOL:  _SENDUART1
    MODULE:  .\Obj\UART1.obj (UART1)

*** WARNING L2: REFERENCE MADE TO UNRESOLVED EXTERNAL
    SYMBOL:  _SENDUART1
    MODULE:  .\Obj\UART1.obj (UART1)
    ADDRESS: 4BDDH

*** WARNING L1: UNRESOLVED EXTERNAL SYMBOL
    SYMBOL:  AUTO_MODE
    MODULE:  .\Obj\KeyPad.obj (KEYPAD)

*** WARNING L1: UNRESOLVED EXTERNAL SYMBOL
    SYMBOL:  SPI_NOR_CLEARENABLE
    MODULE:  .\Obj\KeyPad.obj (KEYPAD)

*** WARNING L2: REFERENCE MADE TO UNRESOLVED EXTERNAL
    SYMBOL:  AUTO_MODE
    MODULE:  .\Obj\KeyPad.obj (KEYPAD)
    ADDRESS: 3410H

*** WARNING L2: REFERENCE MADE TO UNRESOLVED EXTERNAL
    SYMBOL:  AUTO_MODE
    MODULE:  .\Obj\KeyPad.obj (KEYPAD)
    ADDRESS: 341BH

*** WARNING L2: REFERENCE MADE TO UNRESOLVED EXTERNAL
BL51 BANKED LINKER/LOCATER V6.22                                                      04/17/2019  16:38:30  PAGE 56


    SYMBOL:  AUTO_MODE
    MODULE:  .\Obj\KeyPad.obj (KEYPAD)
    ADDRESS: 3422H

*** WARNING L2: REFERENCE MADE TO UNRESOLVED EXTERNAL
    SYMBOL:  SPI_NOR_CLEARENABLE
    MODULE:  .\Obj\KeyPad.obj (KEYPAD)
    ADDRESS: 35F6H

*** WARNING L2: REFERENCE MADE TO UNRESOLVED EXTERNAL
    SYMBOL:  SPI_NOR_CLEARENABLE
    MODULE:  .\Obj\KeyPad.obj (KEYPAD)
    ADDRESS: 35FBH

Program Size: data=10.2 xdata=1516 code=20240
LINK/LOCATE RUN COMPLETE.  33 WARNING(S),  0 ERROR(S)
