BL51 BANKED LINKER/LOCATER V6.22                                                        01/21/2019  11:54:39  PAGE 1


BL51 BANKED LINKER/LOCATER V6.22, INVOKED BY:
C:\KEIL_V5\C51\BIN\BL51.EXE .\Obj\main.obj, .\Obj\PCF85063BTL.obj, .\Obj\UART1.obj, .\Obj\LCd_Driver_SPLC780D.obj, .\Obj
>> \KeyPad.obj, .\Obj\BipolarMotor.obj, .\Obj\SunPos.obj, .\Obj\ADC.obj, .\Obj\Calibration.obj, .\Obj\IOExpander_PI4IOE5
>> V96248.obj, .\Obj\STARTUP.obj TO .\Obj\GPIO_RTC_Test PRINT (.\Lis\GPIO_RTC_Test.m51) RAMSIZE (256)


MEMORY MODEL: LARGE WITH FLOATING POINT ARITHMETIC


INPUT MODULES INCLUDED:
  .\Obj\main.obj (MAIN)
  .\Obj\PCF85063BTL.obj (PCF85063BTL)
  .\Obj\UART1.obj (UART1)
  .\Obj\LCd_Driver_SPLC780D.obj (LCD_DRIVER_SPLC780D)
  .\Obj\KeyPad.obj (KEYPAD)
  .\Obj\BipolarMotor.obj (BIPOLARMOTOR)
  .\Obj\SunPos.obj (SUNPOS)
  .\Obj\ADC.obj (ADC)
  .\Obj\Calibration.obj (CALIBRATION)
  .\Obj\IOExpander_PI4IOE5V96248.obj (IOEXPANDER_PI4IOE5V96248)
  .\Obj\STARTUP.obj (?C_STARTUP)
  C:\KEIL_V5\C51\LIB\C51FPL.LIB (?C?FPADD)
  C:\KEIL_V5\C51\LIB\C51FPL.LIB (?C?FPMUL)
  C:\KEIL_V5\C51\LIB\C51FPL.LIB (?C?FPDIV)
  C:\KEIL_V5\C51\LIB\C51FPL.LIB (?C?FPCMP)
  C:\KEIL_V5\C51\LIB\C51FPL.LIB (?C?FPNEG)
  C:\KEIL_V5\C51\LIB\C51FPL.LIB (?C?FCAST)
  C:\KEIL_V5\C51\LIB\C51FPL.LIB (?C?CASTF)
  C:\KEIL_V5\C51\LIB\C51FPL.LIB (ATAN2)
  C:\KEIL_V5\C51\LIB\C51FPL.LIB (SIN)
  C:\KEIL_V5\C51\LIB\C51FPL.LIB (ACOS)
  C:\KEIL_V5\C51\LIB\C51FPL.LIB (ASIN)
  C:\KEIL_V5\C51\LIB\C51FPL.LIB (?C?FPGETOPN)
  C:\KEIL_V5\C51\LIB\C51FPL.LIB (?C?FPSERIES)
  C:\KEIL_V5\C51\LIB\C51FPL.LIB (SQRT)
  C:\KEIL_V5\C51\LIB\C51FPL.LIB (ATAN)
  C:\KEIL_V5\C51\LIB\C51L.LIB (?C_INIT)
  C:\KEIL_V5\C51\LIB\C51L.LIB (?C?COPY)
  C:\KEIL_V5\C51\LIB\C51L.LIB (?C?CLDPTR)
  C:\KEIL_V5\C51\LIB\C51L.LIB (?C?CLDOPTR)
  C:\KEIL_V5\C51\LIB\C51L.LIB (?C?CSTPTR)
  C:\KEIL_V5\C51\LIB\C51L.LIB (?C?IMUL)
  C:\KEIL_V5\C51\LIB\C51L.LIB (?C?UIDIV)
  C:\KEIL_V5\C51\LIB\C51L.LIB (?C?SIDIV)
  C:\KEIL_V5\C51\LIB\C51L.LIB (?C?ILDIX)
  C:\KEIL_V5\C51\LIB\C51L.LIB (?C?ILDOPTR)
  C:\KEIL_V5\C51\LIB\C51L.LIB (?C?LMUL)
  C:\KEIL_V5\C51\LIB\C51L.LIB (?C?SLDIV)
  C:\KEIL_V5\C51\LIB\C51L.LIB (?C?LNEG)
  C:\KEIL_V5\C51\LIB\C51L.LIB (?C?LLDPTR)
  C:\KEIL_V5\C51\LIB\C51L.LIB (?C?LLDOPTR)
  C:\KEIL_V5\C51\LIB\C51L.LIB (?C?LSTPTR)
  C:\KEIL_V5\C51\LIB\C51L.LIB (?C?LSTOPTR)
  C:\KEIL_V5\C51\LIB\C51L.LIB (?C?LLDXDATA)
  C:\KEIL_V5\C51\LIB\C51L.LIB (?C?LLDCODE)
  C:\KEIL_V5\C51\LIB\C51L.LIB (?C?LLDXDATA0)
  C:\KEIL_V5\C51\LIB\C51L.LIB (?C?LLDCODE0)
  C:\KEIL_V5\C51\LIB\C51L.LIB (?C?LLDPTR0)
BL51 BANKED LINKER/LOCATER V6.22                                                      01/21/2019  11:54:39  PAGE 2


  C:\KEIL_V5\C51\LIB\C51L.LIB (?C?LSTXDATA)
  C:\KEIL_V5\C51\LIB\C51L.LIB (?C?LSTKXDATA)
  C:\KEIL_V5\C51\LIB\C51L.LIB (?C?OFFXADD)
  C:\KEIL_V5\C51\LIB\C51L.LIB (ABS)
  C:\KEIL_V5\C51\LIB\C51L.LIB (ATOI)
  C:\KEIL_V5\C51\LIB\C51L.LIB (?C?IILDX)
  C:\KEIL_V5\C51\LIB\C51L.LIB (?C?ULDIV)
  C:\KEIL_V5\C51\LIB\C51L.LIB (?C?LLDIDATA)
  C:\KEIL_V5\C51\LIB\C51L.LIB (?C?LLDPDATA)
  C:\KEIL_V5\C51\LIB\C51L.LIB (?C?LLDIDATA0)
  C:\KEIL_V5\C51\LIB\C51L.LIB (?C?LLDPDATA0)
  C:\KEIL_V5\C51\LIB\C51L.LIB (?C?LSTIDATA)
  C:\KEIL_V5\C51\LIB\C51L.LIB (?C?LSTPDATA)
  C:\KEIL_V5\C51\LIB\C51L.LIB (ISDIGIT)
  C:\KEIL_V5\C51\LIB\C51L.LIB (ISSPACE)


LINK MAP OF MODULE:  .\Obj\GPIO_RTC_Test (MAIN)


            TYPE    BASE      LENGTH    RELOCATION   SEGMENT NAME
            -----------------------------------------------------

            * * * * * * *   D A T A   M E M O R Y   * * * * * * *
            REG     0000H     0008H     ABSOLUTE     "REG BANK 0"
            REG     0008H     0008H     ABSOLUTE     "REG BANK 1"
                    0010H     0010H                  *** GAP ***
            BIT     0020H.0   0000H.5   UNIT         ?BI?KEYPAD
            BIT     0020H.5   0000H.4   UNIT         _BIT_GROUP_
            BIT     0021H.1   0000H.1   UNIT         ?BI?MAIN
                    0021H.2   0000H.6                *** GAP ***
            IDATA   0022H     0001H     UNIT         ?STACK

            * * * * * * *  X D A T A   M E M O R Y  * * * * * * *
            XDATA   0000H     0377H     UNIT         ?XD?BIPOLARMOTOR
            XDATA   0377H     0113H     UNIT         _XDATA_GROUP_
            XDATA   048AH     00EDH     UNIT         ?XD?MAIN
            XDATA   0577H     0040H     UNIT         ?XD?_FINDDET4X4?BIPOLARMOTOR
            XDATA   05B7H     0024H     UNIT         ?XD?_FINDDET3X3?BIPOLARMOTOR
            XDATA   05DBH     001EH     UNIT         ?XD?_CALIB_INTERPOLATE?MAIN
            XDATA   05F9H     0009H     UNIT         ?XD?KEYPAD
            XDATA   0602H     0004H     UNIT         ?XD?_DISPLAY_PROX?MAIN
            XDATA   0606H     0003H     UNIT         ?XD?_SENDSTRING?UART1
            XDATA   0609H     0001H     UNIT         ?XD?UC_ACK?IOEXPANDER_PI4IOE5V96248
            XDATA   060AH     0001H     UNIT         ?XD?UC_NACK?IOEXPANDER_PI4IOE5V96248

            * * * * * * *   C O D E   M E M O R Y   * * * * * * *
            CODE    0000H     0003H     ABSOLUTE     
            CODE    0003H     0006H     UNIT         ?PR?_TEN?UART1
            CODE    0009H     0001H     UNIT         ?PR?_DECTOBCD?UART1
            CODE    000AH     0001H     UNIT         ?PR?WAIT?BIPOLARMOTOR
            CODE    000BH     0003H     ABSOLUTE     
            CODE    000EH     0015H     UNIT         ?PR?_DISPLAY_LINE?LCD_DRIVER_SPLC780D
            CODE    0023H     0003H     ABSOLUTE     
            CODE    0026H     0927H     UNIT         ?C?LIB_CODE
            CODE    094DH     07A2H     UNIT         ?PR?SUNPOS?SUNPOS
            CODE    10EFH     06E5H     UNIT         ?PR?_UPDATE_POSITION?BIPOLARMOTOR
BL51 BANKED LINKER/LOCATER V6.22                                                      01/21/2019  11:54:39  PAGE 3


            CODE    17D4H     03DAH     UNIT         ?C_INITSEG
            CODE    1BAEH     03B2H     UNIT         ?PR?MAIN?MAIN
            CODE    1F60H     02C0H     UNIT         ?PR?_FINDDET4X4?BIPOLARMOTOR
            CODE    2220H     02A0H     UNIT         ?PR?KEY_PROCESS?KEYPAD
            CODE    24C0H     01D1H     UNIT         ?PR?_FINDDET3X3?BIPOLARMOTOR
            CODE    2691H     01B5H     UNIT         ?PR?_DISPLAY_POS?MAIN
            CODE    2846H     01A1H     UNIT         ?PR?_CALIB_INTERPOLATE?MAIN
            CODE    29E7H     018DH     UNIT         ?PR?KEY_SCAN?KEYPAD
            CODE    2B74H     0188H     UNIT         ?PR?SIN?SIN
            CODE    2CFCH     013EH     UNIT         ?PR?_FIND_REAL_MAX?CALIBRATION
            CODE    2E3AH     0122H     UNIT         ?PR?ATAN?ATAN
            CODE    2F5CH     00DBH     UNIT         ?PR?_ATOI?ATOI
            CODE    3037H     00C8H     UNIT         ?PR?_CALIBRATION?CALIBRATION
            CODE    30FFH     00BBH     UNIT         ?PR?VOLTAGE_IS_STABLE?CALIBRATION
            CODE    31BAH     00B1H     UNIT         ?PR?LINEAR_INTERPOLATE?BIPOLARMOTOR
            CODE    326BH     00ADH     UNIT         ?PR?_WRITE_PI4IOE5V96248?IOEXPANDER_PI4IOE5V96248
            CODE    3318H     00ACH     UNIT         ?PR?SQRT?SQRT
            CODE    33C4H     009DH     UNIT         ?PR?_ATAN2?ATAN2
            CODE    3461H     009BH     UNIT         ?PR?UART?MAIN
            CODE    34FCH     0095H     UNIT         ?PR?_DISPLAY_PROX?MAIN
            CODE    3591H     0093H     UNIT         ?PR?_MAX_VALUE?CALIBRATION
            CODE    3624H     008CH     UNIT         ?C_C51STARTUP
            CODE    36B0H     0084H     UNIT         ?PR?_DAY_OF_YEAR?PCF85063BTL
            CODE    3734H     0075H     UNIT         ?PR?_WRITEDATA?LCD_DRIVER_SPLC780D
            CODE    37A9H     006FH     UNIT         ?PR?_READ_TIME?PCF85063BTL
            CODE    3818H     0059H     UNIT         ?PR?LCD_INIT?LCD_DRIVER_SPLC780D
            CODE    3871H     004AH     UNIT         ?PR?VONESTEPMOVE?BIPOLARMOTOR
            CODE    38BBH     004AH     UNIT         ?PR?ACOS?ACOS
            CODE    3905H     0044H     UNIT         ?C?LDIV
            CODE    3949H     0040H     UNIT         ?PR?_COMMAND?LCD_DRIVER_SPLC780D
            CODE    3989H     0040H     UNIT         ?PR?_STEP_MOVE?BIPOLARMOTOR
            CODE    39C9H     003BH     UNIT         ?PR?ASIN?ASIN
            CODE    3A04H     0033H     UNIT         ?PR?_SENDSTRING?UART1
            CODE    3A37H     002BH     UNIT         ?PR?_WAIT_MS_I2C?IOEXPANDER_PI4IOE5V96248
            CODE    3A62H     0028H     UNIT         ?PR?_MOVE?BIPOLARMOTOR
            CODE    3A8AH     0027H     UNIT         ?PR?_I2C_SENDBYTE?IOEXPANDER_PI4IOE5V96248
            CODE    3AB1H     0026H     UNIT         ?PR?_ADC_GETRESULT?ADC
            CODE    3AD7H     0024H     UNIT         ?PR?_WAIT_MS?LCD_DRIVER_SPLC780D
            CODE    3AFBH     0020H     UNIT         ?PR?_SPI_SENDBYTE?PCF85063BTL
            CODE    3B1BH     0020H     UNIT         ?PR?SPI_RECEIVEBYTE?PCF85063BTL
            CODE    3B3BH     001EH     UNIT         ?PR?_DELAY_MS?KEYPAD
            CODE    3B59H     001DH     UNIT         ?PR?_DISPLAYLCD?LCD_DRIVER_SPLC780D
            CODE    3B76H     001DH     UNIT         ?PR?ADC_INIT?ADC
            CODE    3B93H     001BH     UNIT         ?PR?TM0_ISR?MAIN
            CODE    3BAEH     001BH     UNIT         ?PR?_BCDTODEC1?BIPOLARMOTOR
            CODE    3BC9H     0018H     UNIT         ?PR?_SPI_WRITETIME?PCF85063BTL
            CODE    3BE1H     0017H     UNIT         ?PR?_ASCIITOBCD?UART1
            CODE    3BF8H     0016H     UNIT         ?PR?I2C_ACK?IOEXPANDER_PI4IOE5V96248
            CODE    3C0EH     0015H     UNIT         ?PR?I2C_STOP?IOEXPANDER_PI4IOE5V96248
            CODE    3C23H     0014H     UNIT         ?PR?_PCF85063BTL_DELAY?PCF85063BTL
            CODE    3C37H     0014H     UNIT         ?PR?_ISSPACE?ISSPACE
            CODE    3C4BH     0011H     UNIT         ?PR?_SPI_READTIME?PCF85063BTL
            CODE    3C5CH     0011H     UNIT         ?PR?_BCDTODEC?PCF85063BTL
            CODE    3C6DH     0011H     UNIT         ?PR?INITUART1?UART1
            CODE    3C7EH     000FH     UNIT         ?PR?I2C_START?IOEXPANDER_PI4IOE5V96248
            CODE    3C8DH     000FH     UNIT         ?PR?UC_NACK?IOEXPANDER_PI4IOE5V96248
            CODE    3C9CH     000FH     UNIT         ?PR?_ISDIGIT?ISDIGIT
BL51 BANKED LINKER/LOCATER V6.22                                                      01/21/2019  11:54:39  PAGE 4


            CODE    3CABH     000DH     UNIT         ?PR?SPI_INIT?PCF85063BTL
            CODE    3CB8H     000CH     UNIT         ?PR?KEYPAD_IO_INIT?KEYPAD
            CODE    3CC4H     000CH     UNIT         ?PR?_ABS?ABS
            CODE    3CD0H     000AH     UNIT         ?PR?LCD_RETURN_HOME?LCD_DRIVER_SPLC780D
            CODE    3CDAH     000AH     UNIT         ?PR?LCD_CLEAR?LCD_DRIVER_SPLC780D
            CODE    3CE4H     0009H     UNIT         ?PR?_SENDUART1?MAIN
            CODE    3CEDH     0006H     UNIT         ?PR?UC_ACK?IOEXPANDER_PI4IOE5V96248
            CODE    3CF3H     0005H     UNIT         ?PR?_UNIT?UART1
            CODE    3CF8H     0005H     UNIT         ?PR?_ASCII_LETTER?UART1
            CODE    3CFDH     0001H     UNIT         ?PR?NOP?IOEXPANDER_PI4IOE5V96248



OVERLAY MAP OF MODULE:   .\Obj\GPIO_RTC_Test (MAIN)


SEGMENT                                             BIT_GROUP          XDATA_GROUP
  +--> CALLED SEGMENT                            START    LENGTH     START    LENGTH
------------------------------------------------------------------------------------
?PR?UART?MAIN                                    -----    -----      -----    -----
  +--> ?PR?_ASCIITOBCD?UART1

?PR?_ASCIITOBCD?UART1                            -----    -----      -----    -----
  +--> ?PR?_ATOI?ATOI

?PR?_ATOI?ATOI                                   0020H.5  0000H.1    0377H    0005H
  +--> ?PR?_ISSPACE?ISSPACE
  +--> ?PR?_ISDIGIT?ISDIGIT

*** NEW ROOT ***************************************************

?C_C51STARTUP                                    -----    -----      -----    -----
  +--> ?PR?MAIN?MAIN
  +--> ?C_INITSEG

?PR?MAIN?MAIN                                    -----    -----      037CH    000AH
  +--> ?PR?LCD_INIT?LCD_DRIVER_SPLC780D
  +--> ?PR?SPI_INIT?PCF85063BTL
  +--> ?PR?KEYPAD_IO_INIT?KEYPAD
  +--> ?PR?ADC_INIT?ADC
  +--> ?PR?_DELAY_MS?KEYPAD
  +--> ?PR?_DISPLAY_LINE?LCD_DRIVER_SPLC780D
  +--> ?PR?_WRITEDATA?LCD_DRIVER_SPLC780D
  +--> ?PR?KEY_PROCESS?KEYPAD
  +--> ?PR?_COMMAND?LCD_DRIVER_SPLC780D
  +--> ?PR?_DISPLAY_POS?MAIN
  +--> ?PR?_DISPLAYLCD?LCD_DRIVER_SPLC780D
  +--> ?PR?_STEP_MOVE?BIPOLARMOTOR
  +--> ?PR?LCD_RETURN_HOME?LCD_DRIVER_SPLC780D
  +--> ?PR?_READ_TIME?PCF85063BTL
  +--> ?PR?_UPDATE_POSITION?BIPOLARMOTOR
  +--> ?PR?_DAY_OF_YEAR?PCF85063BTL
  +--> ?PR?_BCDTODEC1?BIPOLARMOTOR
  +--> ?PR?_CALIBRATION?CALIBRATION

?PR?LCD_INIT?LCD_DRIVER_SPLC780D                 -----    -----      -----    -----
  +--> ?PR?_WAIT_MS?LCD_DRIVER_SPLC780D
BL51 BANKED LINKER/LOCATER V6.22                                                      01/21/2019  11:54:39  PAGE 5


  +--> ?PR?_COMMAND?LCD_DRIVER_SPLC780D

?PR?_COMMAND?LCD_DRIVER_SPLC780D                 -----    -----      -----    -----
  +--> ?PR?_WAIT_MS?LCD_DRIVER_SPLC780D

?PR?ADC_INIT?ADC                                 -----    -----      -----    -----
  +--> ?PR?_WAIT_MS?LCD_DRIVER_SPLC780D

?PR?_DISPLAY_LINE?LCD_DRIVER_SPLC780D            -----    -----      -----    -----
  +--> ?PR?_COMMAND?LCD_DRIVER_SPLC780D

?PR?_WRITEDATA?LCD_DRIVER_SPLC780D               -----    -----      0390H    0001H
  +--> ?PR?_WAIT_MS?LCD_DRIVER_SPLC780D

?PR?KEY_PROCESS?KEYPAD                           -----    -----      0386H    0006H
  +--> ?PR?KEY_SCAN?KEYPAD
  +--> ?PR?_SPI_WRITETIME?PCF85063BTL
  +--> ?PR?LCD_CLEAR?LCD_DRIVER_SPLC780D
  +--> ?PR?_COMMAND?LCD_DRIVER_SPLC780D
  +--> ?PR?_WRITEDATA?LCD_DRIVER_SPLC780D

?PR?KEY_SCAN?KEYPAD                              -----    -----      038CH    0003H

?PR?_SPI_WRITETIME?PCF85063BTL                   -----    -----      -----    -----
  +--> ?PR?_SPI_SENDBYTE?PCF85063BTL

?PR?_SPI_SENDBYTE?PCF85063BTL                    -----    -----      -----    -----
  +--> ?PR?_PCF85063BTL_DELAY?PCF85063BTL

?PR?LCD_CLEAR?LCD_DRIVER_SPLC780D                -----    -----      -----    -----
  +--> ?PR?_COMMAND?LCD_DRIVER_SPLC780D

?PR?_DISPLAY_POS?MAIN                            -----    -----      0386H    000AH
  +--> ?PR?_ABS?ABS
  +--> ?PR?_WRITEDATA?LCD_DRIVER_SPLC780D

?PR?_DISPLAYLCD?LCD_DRIVER_SPLC780D              -----    -----      0386H    0001H
  +--> ?PR?_WRITEDATA?LCD_DRIVER_SPLC780D

?PR?_STEP_MOVE?BIPOLARMOTOR                      0020H.7  0000H.1    03F6H    0004H
  +--> ?PR?VONESTEPMOVE?BIPOLARMOTOR

?PR?VONESTEPMOVE?BIPOLARMOTOR                    0021H.0  0000H.1    -----    -----
  +--> ?PR?_WRITE_PI4IOE5V96248?IOEXPANDER_P...
  +--> ?PR?_DELAY_MS?KEYPAD

?PR?_WRITE_PI4IOE5V96248?IOEXPANDER_P...         -----    -----      03FAH    0003H
  +--> ?PR?I2C_START?IOEXPANDER_PI4IOE5V96248
  +--> ?PR?_WAIT_MS_I2C?IOEXPANDER_PI4IOE5V9...
  +--> ?PR?_I2C_SENDBYTE?IOEXPANDER_PI4IOE5V...
  +--> ?PR?I2C_ACK?IOEXPANDER_PI4IOE5V96248
  +--> ?PR?I2C_STOP?IOEXPANDER_PI4IOE5V96248

?PR?I2C_START?IOEXPANDER_PI4IOE5V96248           -----    -----      -----    -----
  +--> ?PR?_WAIT_MS_I2C?IOEXPANDER_PI4IOE5V9...

?PR?_I2C_SENDBYTE?IOEXPANDER_PI4IOE5V...         -----    -----      -----    -----
BL51 BANKED LINKER/LOCATER V6.22                                                      01/21/2019  11:54:39  PAGE 6


  +--> ?PR?_WAIT_MS_I2C?IOEXPANDER_PI4IOE5V9...

?PR?I2C_ACK?IOEXPANDER_PI4IOE5V96248             -----    -----      03FDH    0001H
  +--> ?PR?_WAIT_MS_I2C?IOEXPANDER_PI4IOE5V9...

?PR?I2C_STOP?IOEXPANDER_PI4IOE5V96248            -----    -----      -----    -----
  +--> ?PR?_WAIT_MS_I2C?IOEXPANDER_PI4IOE5V9...

?PR?LCD_RETURN_HOME?LCD_DRIVER_SPLC780D          -----    -----      -----    -----
  +--> ?PR?_COMMAND?LCD_DRIVER_SPLC780D

?PR?_READ_TIME?PCF85063BTL                       -----    -----      0386H    000FH
  +--> ?PR?_SPI_READTIME?PCF85063BTL

?PR?_SPI_READTIME?PCF85063BTL                    -----    -----      -----    -----
  +--> ?PR?_SPI_SENDBYTE?PCF85063BTL
  +--> ?PR?SPI_RECEIVEBYTE?PCF85063BTL

?PR?SPI_RECEIVEBYTE?PCF85063BTL                  -----    -----      -----    -----
  +--> ?PR?_PCF85063BTL_DELAY?PCF85063BTL

?PR?_UPDATE_POSITION?BIPOLARMOTOR                -----    -----      0396H    008BH
  +--> ?PR?_BCDTODEC1?BIPOLARMOTOR
  +--> ?PR?SUNPOS?SUNPOS
  +--> ?PR?SIN?SIN
  +--> ?PR?ASIN?ASIN
  +--> ?PR?LINEAR_INTERPOLATE?BIPOLARMOTOR

?PR?SUNPOS?SUNPOS                                -----    -----      0421H    005DH
  +--> ?PR?SIN?SIN
  +--> ?PR?_ATAN2?ATAN2
  +--> ?PR?ASIN?ASIN
  +--> ?PR?ACOS?ACOS

?PR?SIN?SIN                                      0020H.6  0000H.1    047EH    0004H

?PR?_ATAN2?ATAN2                                 -----    -----      047EH    0008H
  +--> ?PR?ATAN?ATAN

?PR?ATAN?ATAN                                    0020H.6  0000H.2    0486H    0004H

?PR?ASIN?ASIN                                    -----    -----      -----    -----
  +--> ?PR?SQRT?SQRT
  +--> ?PR?ATAN?ATAN

?PR?SQRT?SQRT                                    -----    -----      047EH    0004H

?PR?ACOS?ACOS                                    -----    -----      -----    -----
  +--> ?PR?SQRT?SQRT
  +--> ?PR?ATAN?ATAN

?PR?LINEAR_INTERPOLATE?BIPOLARMOTOR              -----    -----      0421H    0014H

?PR?_DAY_OF_YEAR?PCF85063BTL                     -----    -----      -----    -----
  +--> ?PR?_BCDTODEC?PCF85063BTL

?PR?_CALIBRATION?CALIBRATION                     -----    -----      0386H    0010H
BL51 BANKED LINKER/LOCATER V6.22                                                      01/21/2019  11:54:39  PAGE 7


  +--> ?PR?VOLTAGE_IS_STABLE?CALIBRATION
  +--> ?PR?_UPDATE_POSITION?BIPOLARMOTOR
  +--> ?PR?_FIND_REAL_MAX?CALIBRATION

?PR?VOLTAGE_IS_STABLE?CALIBRATION                -----    -----      0396H    0018H
  +--> ?PR?_ADC_GETRESULT?ADC
  +--> ?PR?_ABS?ABS

?PR?_FIND_REAL_MAX?CALIBRATION                   -----    -----      0396H    005CH
  +--> ?PR?_MOVE?BIPOLARMOTOR
  +--> ?PR?_ADC_GETRESULT?ADC
  +--> ?PR?_WAIT_MS?LCD_DRIVER_SPLC780D
  +--> ?PR?_MAX_VALUE?CALIBRATION

?PR?_MOVE?BIPOLARMOTOR                           0020H.6  0000H.1    03F2H    0004H
  +--> ?PR?_STEP_MOVE?BIPOLARMOTOR

?PR?_MAX_VALUE?CALIBRATION                       -----    -----      03F2H    0004H



UNRESOLVED EXTERNAL SYMBOLS:
   AUTO_MODE



SYMBOL TABLE OF MODULE:  .\Obj\GPIO_RTC_Test (MAIN)

  VALUE           TYPE          NAME
  ----------------------------------

  -------         MODULE        MAIN
  C:0000H         SYMBOL        _ICE_DUMMY_
  X:0492H         PUBLIC        calib_value
  D:0080H         PUBLIC        P0
  D:00B2H         PUBLIC        P3M0
  D:0090H         PUBLIC        P1
  D:00B1H         PUBLIC        P3M1
  D:00A0H         PUBLIC        P2
  D:00B0H         PUBLIC        P3
  D:00C0H         PUBLIC        P4
  D:00C8H         PUBLIC        P5
  X:04F2H         SYMBOL        PressedKey
  B:00A8H.7       PUBLIC        EA
  D:00E8H         PUBLIC        P6
  D:00F8H         PUBLIC        P7
  X:04F6H         PUBLIC        RX_Data_Uart_Cnt
  C:2846H         PUBLIC        _calib_interpolate
  D:00A8H         PUBLIC        IE
  X:04F8H         PUBLIC        calib_time
  D:00B8H         PUBLIC        IP
  B:0098H.0       PUBLIC        RI
  X:0558H         PUBLIC        months
  B:0098H.1       PUBLIC        TI
  C:3461H         PUBLIC        Uart
  D:00D8H         PUBLIC        CCON
  C:1BAEH         PUBLIC        main
BL51 BANKED LINKER/LOCATER V6.22                                                      01/21/2019  11:54:39  PAGE 8


  X:0559H         PUBLIC        count
  D:0099H         PUBLIC        SBUF
  X:055BH         PUBLIC        days
  X:055CH         PUBLIC        lcd
  X:055EH         PUBLIC        hours
  D:0098H         PUBLIC        SCON
  D:0089H         PUBLIC        TMOD
  D:0088H         PUBLIC        TCON
  B:00A0H.3       PUBLIC        P23
  X:055FH         SYMBOL        KeyCount
  X:0561H         PUBLIC        mins
  X:0562H         PUBLIC        Rec_data_hour
  X:0565H         PUBLIC        Rec_data_min
  D:008EH         PUBLIC        AUXR
  C:3B93H         PUBLIC        tm0_isr
  B:0021H.1       PUBLIC        busy
  D:00E0H         PUBLIC        ACC
  B:00A8H.1       PUBLIC        ET0
  D:008CH         PUBLIC        TH0
  X:0568H         PUBLIC        hour_count
  D:008AH         PUBLIC        TL0
  X:0569H         PUBLIC        min_count
  B:0088H.4       PUBLIC        TR0
  X:056AH         SYMBOL        KeyNum
  X:056BH         SYMBOL        KeyNum_Old
  X:056CH         PUBLIC        current_position
  X:0570H         PUBLIC        hours1
  X:0571H         PUBLIC        hours2
  C:34FCH         PUBLIC        _Display_Prox
  X:0572H         PUBLIC        mins1
  X:0573H         PUBLIC        mins2
  C:2691H         PUBLIC        _Display_Pos
  X:0574H         PUBLIC        seconds
  X:0575H         PUBLIC        st_time
  D:00D0H         PUBLIC        PSW
  C:3CE4H         PUBLIC        _SendUART1
  -------         PROC          TM0_ISR
  C:3B93H         LINE#         85
  C:3B99H         LINE#         88
  C:3BA7H         LINE#         132
  -------         ENDPROC       TM0_ISR
  -------         PROC          MAIN
  -------         DO            
  X:037CH         SYMBOL        prox_data
  X:048AH         SYMBOL        KeyCount
  X:048CH         SYMBOL        KeyNum_Old
  X:048DH         SYMBOL        KeyNum
  X:048EH         SYMBOL        PressedKey
  X:037EH         SYMBOL        prox_flag
  X:037FH         SYMBOL        calib_day
  X:0381H         SYMBOL        numStr
  -------         ENDDO         
  C:1BAEH         LINE#         134
  C:1BAEH         LINE#         135
  C:1BAEH         LINE#         140
  C:1BB4H         LINE#         142
  C:1BB9H         LINE#         146
BL51 BANKED LINKER/LOCATER V6.22                                                      01/21/2019  11:54:39  PAGE 9


  C:1BBBH         LINE#         147
  C:1BBDH         LINE#         148
  C:1BBFH         LINE#         149
  C:1BC1H         LINE#         151
  C:1BC7H         LINE#         161
  C:1BC9H         LINE#         162
  C:1BCCH         LINE#         163
  C:1BCFH         LINE#         164
  C:1BD2H         LINE#         165
  C:1BD5H         LINE#         166
  C:1BD8H         LINE#         169
  C:1BDBH         LINE#         171
  C:1BDEH         LINE#         172
  C:1BE1H         LINE#         173
  C:1BE4H         LINE#         174
  C:1BE6H         LINE#         175
  C:1BE8H         LINE#         176
  C:1BEAH         LINE#         178
  C:1BECH         LINE#         180
  C:1BF3H         LINE#         182
  C:1BFAH         LINE#         186
  C:1C01H         LINE#         187
  C:1C06H         LINE#         188
  C:1C0BH         LINE#         189
  C:1C10H         LINE#         190
  C:1C15H         LINE#         191
  C:1C1AH         LINE#         194
  C:1C1AH         LINE#         195
  C:1C1AH         LINE#         196
  C:1C1DH         LINE#         199
  C:1C1DH         LINE#         202
  C:1C22H         LINE#         203
  C:1C27H         LINE#         205
  C:1C2CH         LINE#         206
  C:1C31H         LINE#         207
  C:1C36H         LINE#         208
  C:1C3BH         LINE#         210
  C:1C4CH         LINE#         212
  C:1C53H         LINE#         213
  C:1C5BH         LINE#         214
  C:1C60H         LINE#         215
  C:1C68H         LINE#         216
  C:1C6DH         LINE#         217
  C:1C77H         LINE#         218
  C:1C7CH         LINE#         219
  C:1C84H         LINE#         221
  C:1C8CH         LINE#         222
  C:1C91H         LINE#         223
  C:1C9BH         LINE#         224
  C:1C9BH         LINE#         225
  C:1C9DH         LINE#         226
  C:1C9FH         LINE#         227
  C:1CA9H         LINE#         228
  C:1CA9H         LINE#         229
  C:1CAEH         LINE#         230
  C:1CAEH         LINE#         242
  C:1CBBH         LINE#         243
BL51 BANKED LINKER/LOCATER V6.22                                                      01/21/2019  11:54:39  PAGE 10


  C:1CBBH         LINE#         244
  C:1CC5H         LINE#         245
  C:1CDCH         LINE#         246
  C:1CDCH         LINE#         247
  C:1CDEH         LINE#         248
  C:1CE0H         LINE#         250
  C:1CE0H         LINE#         251
  C:1CEBH         LINE#         252
  C:1CEBH         LINE#         253
  C:1CF0H         LINE#         254
  C:1CF0H         LINE#         255
  C:1CFDH         LINE#         256
  C:1CFDH         LINE#         259
  C:1D07H         LINE#         260
  C:1D1EH         LINE#         261
  C:1D1EH         LINE#         262
  C:1D20H         LINE#         263
  C:1D22H         LINE#         265
  C:1D22H         LINE#         266
  C:1D2DH         LINE#         267
  C:1D2DH         LINE#         268
  C:1D32H         LINE#         269
  C:1D34H         LINE#         270
  C:1D34H         LINE#         279
  C:1D56H         LINE#         280
  C:1D56H         LINE#         281
  C:1D60H         LINE#         282
  C:1D66H         LINE#         283
  C:1D68H         LINE#         284
  C:1D6AH         LINE#         285
  C:1D6CH         LINE#         286
  C:1D6CH         LINE#         287
  C:1D6FH         LINE#         289
  C:1D6FH         LINE#         290
  C:1D75H         LINE#         291
  C:1D7DH         LINE#         292
  C:1D83H         LINE#         293
  C:1D8BH         LINE#         294
  C:1DC6H         LINE#         298
  C:1DD0H         LINE#         299
  C:1DD0H         LINE#         301
  C:1DF7H         LINE#         303
  C:1DF7H         LINE#         306
  C:1E29H         LINE#         308
  C:1E29H         LINE#         311
  C:1E29H         LINE#         312
  C:1E4CH         LINE#         313
  C:1E4CH         LINE#         314
  C:1E4EH         LINE#         315
  C:1E55H         LINE#         316
  C:1E55H         LINE#         320
  C:1E7FH         LINE#         321
  C:1E7FH         LINE#         322
  C:1ED9H         LINE#         324
  C:1F2AH         LINE#         325
  C:1F38H         LINE#         326
  C:1F38H         LINE#         327
BL51 BANKED LINKER/LOCATER V6.22                                                      01/21/2019  11:54:39  PAGE 11


  C:1F4DH         LINE#         328
  C:1F4FH         LINE#         330
  C:1F4FH         LINE#         332
  C:1F5DH         LINE#         333
  C:1F5DH         LINE#         350
  -------         ENDPROC       MAIN
  -------         PROC          UART
  C:3461H         LINE#         357
  C:346EH         LINE#         359
  C:3471H         LINE#         360
  C:3471H         LINE#         361
  C:347FH         LINE#         362
  C:3481H         LINE#         363
  C:3493H         LINE#         364
  C:34A2H         LINE#         365
  C:34ADH         LINE#         366
  C:34ADH         LINE#         369
  C:34BAH         LINE#         370
  C:34C0H         LINE#         371
  C:34C0H         LINE#         372
  C:34C6H         LINE#         373
  C:34D4H         LINE#         374
  C:34E2H         LINE#         375
  C:34EAH         LINE#         380
  C:34EAH         LINE#         381
  C:34EAH         LINE#         384
  C:34EAH         LINE#         385
  C:34EDH         LINE#         386
  C:34EDH         LINE#         387
  C:34EFH         LINE#         388
  C:34F1H         LINE#         389
  C:34F1H         LINE#         390
  -------         ENDPROC       UART
  -------         PROC          _CALIB_INTERPOLATE
  X:05DBH         SYMBOL        hours
  X:05DFH         SYMBOL        mins
  -------         DO            
  X:05E3H         SYMBOL        p_calib1
  X:05EBH         SYMBOL        p_calib2
  X:05F3H         SYMBOL        i
  X:05F5H         SYMBOL        current_time
  -------         ENDDO         
  C:2846H         LINE#         393
  C:284CH         LINE#         394
  C:284CH         LINE#         398
  C:28A3H         LINE#         400
  C:28C9H         LINE#         401
  C:28C9H         LINE#         402
  C:293BH         LINE#         403
  C:293BH         LINE#         404
  C:2968H         LINE#         405
  C:2983H         LINE#         407
  C:29B0H         LINE#         408
  C:29CBH         LINE#         410
  C:29CDH         LINE#         411
  C:29CDH         LINE#         412
  C:29E1H         LINE#         413
BL51 BANKED LINKER/LOCATER V6.22                                                      01/21/2019  11:54:39  PAGE 12


  C:29E6H         LINE#         415
  -------         ENDPROC       _CALIB_INTERPOLATE
  -------         PROC          _SENDUART1
  D:0007H         SYMBOL        dat
  C:3CE4H         LINE#         418
  C:3CE4H         LINE#         419
  C:3CE4H         LINE#         420
  C:3CE7H         LINE#         421
  C:3CE9H         LINE#         422
  C:3CEAH         LINE#         423
  C:3CECH         LINE#         424
  -------         ENDPROC       _SENDUART1
  -------         PROC          _DISPLAY_PROX
  D:0002H         SYMBOL        dat
  -------         DO            
  X:0602H         SYMBOL        unit
  X:0603H         SYMBOL        ten
  X:0604H         SYMBOL        hundred
  X:0605H         SYMBOL        thousand
  -------         ENDDO         
  C:34FCH         LINE#         427
  C:3500H         LINE#         428
  C:3500H         LINE#         430
  C:350CH         LINE#         431
  C:351CH         LINE#         432
  C:3538H         LINE#         433
  C:3568H         LINE#         434
  C:3572H         LINE#         435
  C:357CH         LINE#         436
  C:3586H         LINE#         437
  C:3590H         LINE#         439
  -------         ENDPROC       _DISPLAY_PROX
  -------         PROC          _DISPLAY_POS
  X:0386H         SYMBOL        sign_dat
  -------         DO            
  X:038AH         SYMBOL        unit
  X:038BH         SYMBOL        ten
  X:038CH         SYMBOL        hundred
  D:0003H         SYMBOL        thousand
  X:038DH         SYMBOL        after_dot
  X:038EH         SYMBOL        dat
  -------         ENDDO         
  C:2691H         LINE#         442
  C:2697H         LINE#         443
  C:2697H         LINE#         447
  C:26B3H         LINE#         448
  C:26CDH         LINE#         449
  C:26F1H         LINE#         451
  C:273BH         LINE#         453
  C:2752H         LINE#         454
  C:275FH         LINE#         455
  C:2781H         LINE#         456
  C:27B6H         LINE#         457
  C:27CEH         LINE#         458
  C:27CEH         LINE#         460
  C:27D8H         LINE#         461
  C:27E2H         LINE#         462
BL51 BANKED LINKER/LOCATER V6.22                                                      01/21/2019  11:54:39  PAGE 13


  C:27ECH         LINE#         463
  C:27F1H         LINE#         464
  C:27FBH         LINE#         465
  C:2800H         LINE#         466
  C:2805H         LINE#         467
  C:2807H         LINE#         468
  C:2809H         LINE#         470
  C:2809H         LINE#         472
  C:280EH         LINE#         473
  C:2818H         LINE#         474
  C:2822H         LINE#         475
  C:282CH         LINE#         476
  C:2831H         LINE#         477
  C:283BH         LINE#         478
  C:2840H         LINE#         479
  C:2845H         LINE#         481
  C:2845H         LINE#         483
  -------         ENDPROC       _DISPLAY_POS
  -------         ENDMOD        MAIN

  -------         MODULE        PCF85063BTL
  C:0000H         SYMBOL        _ICE_DUMMY_
  D:0096H         PUBLIC        P2M0
  D:0080H         PUBLIC        P0
  D:0095H         PUBLIC        P2M1
  D:0090H         PUBLIC        P1
  D:00A0H         PUBLIC        P2
  D:00B0H         PUBLIC        P3
  D:00C0H         PUBLIC        P4
  D:00C8H         PUBLIC        P5
  D:00E8H         PUBLIC        P6
  B:00A0H.1       PUBLIC        PCF85063BTL_SDI
  D:00F8H         PUBLIC        P7
  B:00A0H.2       PUBLIC        PCF85063BTL_SCK
  B:00A0H.1       PUBLIC        PCF85063BTL_SDO
  D:00A8H         PUBLIC        IE
  C:37A9H         PUBLIC        _Read_time
  C:3C29H         PUBLIC        _PCF85063BTL_Delay
  D:00B8H         PUBLIC        IP
  D:00D8H         PUBLIC        CCON
  C:36B0H         PUBLIC        _Day_Of_Year
  C:3B1BH         PUBLIC        SPI_ReceiveByte
  D:0098H         PUBLIC        SCON
  D:0088H         PUBLIC        TCON
  C:3C5CH         PUBLIC        _BCDtoDec
  B:00A0H.0       PUBLIC        PCF85063BTL_CS
  C:3C4BH         PUBLIC        _SPI_ReadTime
  C:3CABH         PUBLIC        SPI_Init
  C:3BC9H         PUBLIC        _SPI_WriteTime
  C:3AFBH         PUBLIC        _SPI_SendByte
  D:00D0H         PUBLIC        PSW
  C:3C25H         SYMBOL        L?0047
  -------         PROC          L?0046
  -------         ENDPROC       L?0046
  C:3C25H         SYMBOL        L?0047
  -------         PROC          _PCF85063BTL_DELAY
  D:0006H         SYMBOL        us
BL51 BANKED LINKER/LOCATER V6.22                                                      01/21/2019  11:54:39  PAGE 14


  C:3C29H         LINE#         8
  C:3C29H         LINE#         9
  C:3C29H         LINE#         10
  C:3C33H         LINE#         11
  C:3C33H         LINE#         12
  C:3C34H         LINE#         13
  C:3C36H         LINE#         14
  -------         ENDPROC       _PCF85063BTL_DELAY
  -------         PROC          _SPI_SENDBYTE
  D:0005H         SYMBOL        dat
  -------         DO            
  D:0003H         SYMBOL        i
  -------         ENDDO         
  C:3AFBH         LINE#         17
  C:3AFDH         LINE#         18
  C:3AFDH         LINE#         20
  C:3AFFH         LINE#         21
  C:3AFFH         LINE#         22
  C:3B01H         LINE#         23
  C:3B05H         LINE#         24
  C:3B05H         LINE#         25
  C:3B07H         LINE#         26
  C:3B09H         LINE#         28
  C:3B09H         LINE#         29
  C:3B0BH         LINE#         30
  C:3B0BH         LINE#         31
  C:3B0EH         LINE#         32
  C:3B0EH         LINE#         33
  C:3B11H         LINE#         34
  C:3B15H         LINE#         35
  C:3B1AH         LINE#         36
  -------         ENDPROC       _SPI_SENDBYTE
  -------         PROC          SPI_RECEIVEBYTE
  -------         DO            
  D:0003H         SYMBOL        i
  D:0005H         SYMBOL        dat
  -------         ENDDO         
  C:3B1BH         LINE#         39
  C:3B1BH         LINE#         40
  C:3B1BH         LINE#         42
  C:3B1DH         LINE#         44
  C:3B1FH         LINE#         45
  C:3B20H         LINE#         46
  C:3B20H         LINE#         47
  C:3B24H         LINE#         48
  C:3B26H         LINE#         49
  C:3B29H         LINE#         51
  C:3B2CH         LINE#         52
  C:3B2CH         LINE#         53
  C:3B30H         LINE#         54
  C:3B30H         LINE#         55
  C:3B30H         LINE#         56
  C:3B33H         LINE#         57
  C:3B38H         LINE#         58
  C:3B3AH         LINE#         59
  -------         ENDPROC       SPI_RECEIVEBYTE
  -------         PROC          _SPI_READTIME
BL51 BANKED LINKER/LOCATER V6.22                                                      01/21/2019  11:54:39  PAGE 15


  D:0007H         SYMBOL        addr
  -------         DO            
  D:0006H         SYMBOL        dat
  -------         ENDDO         
  C:3C4BH         LINE#         61
  C:3C4BH         LINE#         62
  C:3C4BH         LINE#         64
  C:3C4DH         LINE#         65
  C:3C4FH         LINE#         66
  C:3C56H         LINE#         67
  C:3C59H         LINE#         68
  C:3C5BH         LINE#         69
  C:3C5BH         LINE#         70
  -------         ENDPROC       _SPI_READTIME
  -------         PROC          _SPI_WRITETIME
  D:0002H         SYMBOL        val
  D:0005H         SYMBOL        addr
  C:3BC9H         LINE#         71
  C:3BCBH         LINE#         72
  C:3BCBH         LINE#         74
  C:3BCDH         LINE#         75
  C:3BD4H         LINE#         76
  C:3BD9H         LINE#         77
  C:3BDEH         LINE#         78
  C:3BE0H         LINE#         79
  -------         ENDPROC       _SPI_WRITETIME
  -------         PROC          SPI_INIT
  C:3CABH         LINE#         83
  C:3CABH         LINE#         84
  C:3CABH         LINE#         89
  C:3CAEH         LINE#         90
  C:3CB1H         LINE#         91
  C:3CB3H         LINE#         92
  C:3CB5H         LINE#         93
  C:3CB7H         LINE#         94
  -------         ENDPROC       SPI_INIT
  -------         PROC          _READ_TIME
  X:0386H         SYMBOL        months
  X:0389H         SYMBOL        days
  X:038CH         SYMBOL        hours
  X:038FH         SYMBOL        mins
  X:0392H         SYMBOL        seconds
  C:37A9H         LINE#         96
  C:37B4H         LINE#         97
  C:37B4H         LINE#         99
  C:37C8H         LINE#         101
  C:37DCH         LINE#         103
  C:37F0H         LINE#         108
  C:3804H         LINE#         113
  -------         ENDPROC       _READ_TIME
  -------         PROC          _BCDTODEC
  D:0007H         SYMBOL        bcd
  -------         DO            
  D:0006H         SYMBOL        hi
  D:0007H         SYMBOL        lo
  -------         ENDDO         
  C:3C5CH         LINE#         119
BL51 BANKED LINKER/LOCATER V6.22                                                      01/21/2019  11:54:39  PAGE 16


  C:3C5CH         LINE#         120
  C:3C5CH         LINE#         122
  C:3C61H         LINE#         123
  C:3C65H         LINE#         124
  C:3C6CH         LINE#         125
  -------         ENDPROC       _BCDTODEC
  -------         PROC          _DAY_OF_YEAR
  D:0007H         SYMBOL        months_bcd
  D:0005H         SYMBOL        days_bcd
  -------         DO            
  D:0004H         SYMBOL        months
  D:0007H         SYMBOL        days
  -------         ENDDO         
  C:36B0H         LINE#         126
  C:36B0H         LINE#         127
  C:36B0H         LINE#         130
  C:36B5H         LINE#         132
  C:36BAH         LINE#         134
  C:36F3H         LINE#         135
  C:36F3H         LINE#         136
  C:36F3H         LINE#         137
  C:36F6H         LINE#         138
  C:36F6H         LINE#         139
  C:36F6H         LINE#         140
  C:36FBH         LINE#         141
  C:36FBH         LINE#         142
  C:36FBH         LINE#         143
  C:3700H         LINE#         144
  C:3700H         LINE#         145
  C:3700H         LINE#         146
  C:3705H         LINE#         147
  C:3705H         LINE#         148
  C:3705H         LINE#         149
  C:370AH         LINE#         150
  C:370AH         LINE#         151
  C:370AH         LINE#         152
  C:370FH         LINE#         153
  C:370FH         LINE#         154
  C:370FH         LINE#         155
  C:3714H         LINE#         156
  C:3714H         LINE#         157
  C:3714H         LINE#         158
  C:3719H         LINE#         159
  C:3719H         LINE#         160
  C:3719H         LINE#         161
  C:3721H         LINE#         162
  C:3721H         LINE#         163
  C:3721H         LINE#         164
  C:3726H         LINE#         165
  C:3726H         LINE#         166
  C:3726H         LINE#         167
  C:372BH         LINE#         168
  C:372BH         LINE#         169
  C:372BH         LINE#         170
  C:3733H         LINE#         171
  C:3733H         LINE#         172
  C:3733H         LINE#         173
BL51 BANKED LINKER/LOCATER V6.22                                                      01/21/2019  11:54:39  PAGE 17


  -------         ENDPROC       _DAY_OF_YEAR
  -------         ENDMOD        PCF85063BTL

  -------         MODULE        UART1
  C:0000H         SYMBOL        _ICE_DUMMY_
  D:0080H         PUBLIC        P0
  D:0090H         PUBLIC        P1
  D:00A0H         PUBLIC        P2
  D:00B0H         PUBLIC        P3
  D:00C0H         PUBLIC        P4
  D:00C8H         PUBLIC        P5
  B:00A8H.7       PUBLIC        EA
  D:00E8H         PUBLIC        P6
  D:00F8H         PUBLIC        P7
  C:3A04H         PUBLIC        _SendString
  D:00A8H         PUBLIC        IE
  B:00A8H.4       PUBLIC        ES
  D:00B8H         PUBLIC        IP
  C:3BE1H         PUBLIC        _ASCIItoBCD
  D:00D8H         PUBLIC        CCON
  C:3C6DH         PUBLIC        initUART1
  D:0098H         PUBLIC        SCON
  D:0088H         PUBLIC        TCON
  C:0009H         PUBLIC        _DectoBCD
  C:3CF8H         PUBLIC        _ASCII_Letter
  D:008EH         PUBLIC        AUXR
  C:3CF3H         PUBLIC        _unit
  C:0003H         PUBLIC        _ten
  D:00D6H         PUBLIC        T2H
  D:00D7H         PUBLIC        T2L
  D:00D0H         PUBLIC        PSW
  -------         PROC          INITUART1
  C:3C6DH         LINE#         21
  C:3C6DH         LINE#         22
  C:3C6DH         LINE#         23
  C:3C70H         LINE#         24
  C:3C73H         LINE#         25
  C:3C76H         LINE#         26
  C:3C79H         LINE#         27
  C:3C7BH         LINE#         28
  C:3C7DH         LINE#         30
  -------         ENDPROC       INITUART1
  -------         PROC          _SENDSTRING
  X:0606H         SYMBOL        s
  C:3A04H         LINE#         35
  C:3A0FH         LINE#         36
  C:3A0FH         LINE#         37
  C:3A1FH         LINE#         38
  C:3A1FH         LINE#         39
  C:3A34H         LINE#         40
  C:3A36H         LINE#         41
  -------         ENDPROC       _SENDSTRING
  -------         PROC          _TEN
  D:0007H         SYMBOL        BCD
  C:0003H         LINE#         43
  C:0003H         LINE#         44
  C:0003H         LINE#         45
BL51 BANKED LINKER/LOCATER V6.22                                                      01/21/2019  11:54:39  PAGE 18


  C:0008H         LINE#         46
  -------         ENDPROC       _TEN
  -------         PROC          _UNIT
  D:0007H         SYMBOL        BCD
  C:3CF3H         LINE#         47
  C:3CF3H         LINE#         48
  C:3CF3H         LINE#         52
  C:3CF7H         LINE#         53
  -------         ENDPROC       _UNIT
  -------         PROC          _DECTOBCD
  D:0007H         SYMBOL        dec
  C:0009H         LINE#         54
  C:0009H         LINE#         55
  C:0009H         LINE#         57
  C:0009H         LINE#         58
  -------         ENDPROC       _DECTOBCD
  -------         PROC          _ASCII_LETTER
  D:0007H         SYMBOL        dat
  C:3CF8H         LINE#         60
  C:3CF8H         LINE#         61
  C:3CF8H         LINE#         63
  C:3CFCH         LINE#         64
  -------         ENDPROC       _ASCII_LETTER
  -------         PROC          _ASCIITOBCD
  D:0001H         SYMBOL        ascii
  -------         DO            
  D:0007H         SYMBOL        dec_val
  D:0006H         SYMBOL        ten
  D:0007H         SYMBOL        unit
  -------         ENDDO         
  C:3BE1H         LINE#         66
  C:3BE1H         LINE#         67
  C:3BE1H         LINE#         69
  C:3BE4H         LINE#         70
  C:3BEAH         LINE#         71
  C:3BF1H         LINE#         72
  C:3BF7H         LINE#         74
  -------         ENDPROC       _ASCIITOBCD
  -------         ENDMOD        UART1

  -------         MODULE        LCD_DRIVER_SPLC780D
  C:0000H         SYMBOL        _ICE_DUMMY_
  D:0092H         PUBLIC        P1M0
  D:0091H         PUBLIC        P1M1
  D:0080H         PUBLIC        P0
  D:0090H         PUBLIC        P1
  D:00A0H         PUBLIC        P2
  D:00B0H         PUBLIC        P3
  D:00C0H         PUBLIC        P4
  D:00C8H         PUBLIC        P5
  D:00E8H         PUBLIC        P6
  D:00F8H         PUBLIC        P7
  C:3734H         PUBLIC        _WriteData
  D:00A8H         PUBLIC        IE
  D:00B8H         PUBLIC        IP
  D:00D8H         PUBLIC        CCON
  B:00B0H.4       PUBLIC        LCD_D4
BL51 BANKED LINKER/LOCATER V6.22                                                      01/21/2019  11:54:39  PAGE 19


  B:00B0H.5       PUBLIC        LCD_D5
  B:00B0H.6       PUBLIC        LCD_D6
  C:3B59H         PUBLIC        _DisplayLCD
  B:00B0H.7       PUBLIC        LCD_D7
  D:0098H         PUBLIC        SCON
  D:0088H         PUBLIC        TCON
  C:3CDAH         PUBLIC        LCD_clear
  C:3949H         PUBLIC        _Command
  C:000EH         PUBLIC        _Display_Line
  C:3818H         PUBLIC        LCD_Init
  C:3ADDH         PUBLIC        _Wait_ms
  B:00C0H.0       PUBLIC        LCD_RS
  B:00B0H.2       PUBLIC        LCD_RW
  C:3CD0H         PUBLIC        LCD_return_home
  B:00B0H.3       PUBLIC        LCD_E
  D:00D0H         PUBLIC        PSW
  -------         PROC          LCD_INIT
  C:3818H         LINE#         9
  C:3818H         LINE#         10
  C:3818H         LINE#         11
  C:381BH         LINE#         12
  C:381EH         LINE#         14
  C:3824H         LINE#         15
  C:3829H         LINE#         17
  C:3830H         LINE#         18
  C:3835H         LINE#         20
  C:3838H         LINE#         21
  C:383DH         LINE#         23
  C:3840H         LINE#         24
  C:3845H         LINE#         26
  C:384CH         LINE#         29
  C:3851H         LINE#         30
  C:3856H         LINE#         32
  C:385BH         LINE#         33
  C:3860H         LINE#         35
  C:3865H         LINE#         36
  C:386AH         LINE#         37
  -------         ENDPROC       LCD_INIT
  -------         PROC          _WRITEDATA
  X:0390H         SYMBOL        dat
  C:3734H         LINE#         40
  C:3739H         LINE#         41
  C:3739H         LINE#         46
  C:373BH         LINE#         47
  C:373DH         LINE#         49
  C:374BH         LINE#         50
  C:3757H         LINE#         51
  C:3763H         LINE#         52
  C:376DH         LINE#         53
  C:376FH         LINE#         54
  C:3776H         LINE#         55
  C:3778H         LINE#         57
  C:3788H         LINE#         58
  C:3793H         LINE#         59
  C:379DH         LINE#         60
  C:37A1H         LINE#         62
  C:37A1H         LINE#         63
BL51 BANKED LINKER/LOCATER V6.22                                                      01/21/2019  11:54:39  PAGE 20


  C:37A4H         LINE#         64
  C:37A6H         LINE#         65
  C:37A8H         LINE#         67
  -------         ENDPROC       _WRITEDATA
  -------         PROC          _COMMAND
  D:0007H         SYMBOL        dat
  C:3949H         LINE#         69
  C:3949H         LINE#         70
  C:3949H         LINE#         71
  C:394BH         LINE#         72
  C:394DH         LINE#         74
  C:3957H         LINE#         75
  C:395BH         LINE#         77
  C:395DH         LINE#         78
  C:3966H         LINE#         79
  C:396AH         LINE#         81
  C:396CH         LINE#         82
  C:3973H         LINE#         83
  C:3977H         LINE#         85
  C:3979H         LINE#         86
  C:397DH         LINE#         87
  C:3981H         LINE#         89
  C:3983H         LINE#         90
  C:3983H         LINE#         91
  C:3986H         LINE#         92
  C:3988H         LINE#         93
  -------         ENDPROC       _COMMAND
  C:3AD9H         SYMBOL        L?0028
  -------         PROC          L?0027
  -------         ENDPROC       L?0027
  C:3AD9H         SYMBOL        L?0028
  -------         PROC          _WAIT_MS
  D:0006H         SYMBOL        ms
  -------         DO            
  D:0004H         SYMBOL        De_Cnt
  -------         ENDDO         
  C:3ADDH         LINE#         95
  C:3ADDH         LINE#         96
  C:3ADDH         LINE#         98
  C:3AE7H         LINE#         99
  C:3AE7H         LINE#         100
  C:3AFAH         LINE#         101
  C:3AFAH         LINE#         102
  -------         ENDPROC       _WAIT_MS
  -------         PROC          _DISPLAYLCD
  D:0007H         SYMBOL        BCD
  -------         DO            
  D:0006H         SYMBOL        first_digit
  X:0386H         SYMBOL        second_digit
  -------         ENDDO         
  C:3B59H         LINE#         103
  C:3B59H         LINE#         104
  C:3B59H         LINE#         106
  C:3B60H         LINE#         107
  C:3B69H         LINE#         109
  C:3B6EH         LINE#         111
  -------         ENDPROC       _DISPLAYLCD
BL51 BANKED LINKER/LOCATER V6.22                                                      01/21/2019  11:54:39  PAGE 21


  -------         PROC          LCD_RETURN_HOME
  C:3CD0H         LINE#         115
  C:3CD0H         LINE#         116
  C:3CD0H         LINE#         117
  C:3CD5H         LINE#         118
  -------         ENDPROC       LCD_RETURN_HOME
  -------         PROC          LCD_CLEAR
  C:3CDAH         LINE#         121
  C:3CDAH         LINE#         122
  C:3CDAH         LINE#         123
  C:3CDFH         LINE#         124
  -------         ENDPROC       LCD_CLEAR
  -------         PROC          _DISPLAY_LINE
  D:0006H         SYMBOL        line
  C:000EH         LINE#         128
  C:000EH         LINE#         129
  C:000EH         LINE#         130
  C:0014H         LINE#         131
  C:0014H         LINE#         132
  C:0016H         LINE#         133
  C:0016H         LINE#         134
  C:0018H         LINE#         136
  C:0018H         LINE#         137
  C:001DH         LINE#         138
  C:0022H         LINE#         139
  C:0022H         LINE#         140
  -------         ENDPROC       _DISPLAY_LINE
  -------         ENDMOD        LCD_DRIVER_SPLC780D

  -------         MODULE        KEYPAD
  C:0000H         SYMBOL        _ICE_DUMMY_
  D:0093H         PUBLIC        P0M1
  D:0080H         PUBLIC        P0
  D:0090H         PUBLIC        P1
  D:00A0H         PUBLIC        P2
  D:00B0H         PUBLIC        P3
  D:00C0H         PUBLIC        P4
  D:00C8H         PUBLIC        P5
  B:0020H.0       PUBLIC        calib_mode
  D:00E8H         PUBLIC        P6
  D:00F8H         PUBLIC        P7
  D:00A8H         PUBLIC        IE
  C:29E7H         PUBLIC        Key_Scan
  D:00B8H         PUBLIC        IP
  D:00D8H         PUBLIC        CCON
  C:3CB8H         PUBLIC        KeyPad_IO_Init
  C:3B3BH         PUBLIC        _Delay_ms
  D:0098H         PUBLIC        SCON
  D:0088H         PUBLIC        TCON
  B:0020H.1       PUBLIC        small_move
  B:0020H.2       PUBLIC        move
  B:0020H.3       PUBLIC        direction
  B:0020H.4       PUBLIC        auto_move
  C:2220H         PUBLIC        Key_Process
  D:00D0H         PUBLIC        PSW
  D:0094H         PUBLIC        P0M0
  -------         PROC          _DELAY_MS
BL51 BANKED LINKER/LOCATER V6.22                                                      01/21/2019  11:54:39  PAGE 22


  D:0006H         SYMBOL        ms
  -------         DO            
  D:0004H         SYMBOL        De_Cnt
  -------         ENDDO         
  C:3B3BH         LINE#         19
  C:3B3BH         LINE#         20
  C:3B3BH         LINE#         22
  C:3B45H         LINE#         23
  C:3B45H         LINE#         24
  C:3B58H         LINE#         25
  C:3B58H         LINE#         26
  -------         ENDPROC       _DELAY_MS
  -------         PROC          KEY_SCAN
  -------         DO            
  X:038CH         SYMBOL        KeyTemp1
  X:038DH         SYMBOL        KeyTemp2
  X:038EH         SYMBOL        KeyValue
  -------         ENDDO         
  C:29E7H         LINE#         27
  C:29E7H         LINE#         28
  C:29E7H         LINE#         33
  C:29EAH         LINE#         36
  C:29EDH         LINE#         38
  C:29F5H         LINE#         39
  C:29FCH         LINE#         40
  C:29FCH         LINE#         42
  C:2A01H         LINE#         43
  C:2A08H         LINE#         44
  C:2A08H         LINE#         47
  C:2A0BH         LINE#         48
  C:2A0EH         LINE#         49
  C:2A13H         LINE#         50
  C:2A17H         LINE#         51
  C:2A17H         LINE#         52
  C:2A1FH         LINE#         53
  C:2A1FH         LINE#         54
  C:2A22H         LINE#         55
  C:2A2AH         LINE#         56
  C:2A2CH         LINE#         58
  C:2A40H         LINE#         59
  C:2A40H         LINE#         60
  C:2A40H         LINE#         61
  C:2A40H         LINE#         62
  C:2A46H         LINE#         64
  C:2A48H         LINE#         65
  C:2A48H         LINE#         66
  C:2A48H         LINE#         67
  C:2A4EH         LINE#         69
  C:2A50H         LINE#         70
  C:2A50H         LINE#         71
  C:2A50H         LINE#         72
  C:2A56H         LINE#         74
  C:2A58H         LINE#         75
  C:2A58H         LINE#         76
  C:2A58H         LINE#         77
  C:2A5EH         LINE#         79
  C:2A5EH         LINE#         80
BL51 BANKED LINKER/LOCATER V6.22                                                      01/21/2019  11:54:39  PAGE 23


  C:2A5EH         LINE#         81
  C:2A5EH         LINE#         84
  C:2A61H         LINE#         85
  C:2A64H         LINE#         86
  C:2A6CH         LINE#         87
  C:2A70H         LINE#         88
  C:2A70H         LINE#         89
  C:2A78H         LINE#         90
  C:2A78H         LINE#         91
  C:2A7BH         LINE#         92
  C:2A83H         LINE#         93
  C:2A85H         LINE#         94
  C:2A99H         LINE#         95
  C:2A99H         LINE#         96
  C:2A99H         LINE#         97
  C:2A99H         LINE#         98
  C:2A9FH         LINE#         100
  C:2AA1H         LINE#         101
  C:2AA1H         LINE#         102
  C:2AA1H         LINE#         103
  C:2AA7H         LINE#         105
  C:2AA9H         LINE#         106
  C:2AA9H         LINE#         107
  C:2AA9H         LINE#         108
  C:2AAFH         LINE#         110
  C:2AB1H         LINE#         111
  C:2AB1H         LINE#         112
  C:2AB1H         LINE#         113
  C:2AB6H         LINE#         115
  C:2AB6H         LINE#         116
  C:2AB6H         LINE#         117
  C:2AB6H         LINE#         120
  C:2AB9H         LINE#         121
  C:2ABCH         LINE#         122
  C:2AC4H         LINE#         123
  C:2AC8H         LINE#         124
  C:2AC8H         LINE#         125
  C:2AD0H         LINE#         126
  C:2AD0H         LINE#         127
  C:2AD3H         LINE#         128
  C:2ADBH         LINE#         129
  C:2ADDH         LINE#         130
  C:2AF1H         LINE#         131
  C:2AF1H         LINE#         132
  C:2AF1H         LINE#         133
  C:2AF1H         LINE#         134
  C:2AF7H         LINE#         136
  C:2AF9H         LINE#         137
  C:2AF9H         LINE#         138
  C:2AF9H         LINE#         139
  C:2AFFH         LINE#         141
  C:2B01H         LINE#         142
  C:2B01H         LINE#         143
  C:2B01H         LINE#         144
  C:2B07H         LINE#         146
  C:2B09H         LINE#         147
  C:2B09H         LINE#         148
BL51 BANKED LINKER/LOCATER V6.22                                                      01/21/2019  11:54:39  PAGE 24


  C:2B09H         LINE#         149
  C:2B0FH         LINE#         151
  C:2B0FH         LINE#         152
  C:2B0FH         LINE#         153
  C:2B0FH         LINE#         157
  C:2B12H         LINE#         158
  C:2B15H         LINE#         159
  C:2B1DH         LINE#         160
  C:2B21H         LINE#         161
  C:2B21H         LINE#         162
  C:2B29H         LINE#         163
  C:2B29H         LINE#         164
  C:2B2CH         LINE#         165
  C:2B34H         LINE#         166
  C:2B36H         LINE#         167
  C:2B4AH         LINE#         168
  C:2B4AH         LINE#         169
  C:2B4AH         LINE#         170
  C:2B4AH         LINE#         171
  C:2B50H         LINE#         173
  C:2B52H         LINE#         174
  C:2B52H         LINE#         175
  C:2B52H         LINE#         176
  C:2B58H         LINE#         178
  C:2B5AH         LINE#         179
  C:2B5AH         LINE#         180
  C:2B5AH         LINE#         181
  C:2B60H         LINE#         183
  C:2B62H         LINE#         184
  C:2B62H         LINE#         185
  C:2B62H         LINE#         186
  C:2B68H         LINE#         188
  C:2B68H         LINE#         189
  C:2B68H         LINE#         190
  C:2B68H         LINE#         192
  C:2B6EH         LINE#         193
  C:2B6EH         LINE#         195
  C:2B6EH         LINE#         196
  C:2B71H         LINE#         197
  C:2B71H         LINE#         198
  C:2B71H         LINE#         200
  C:2B71H         LINE#         201
  C:2B73H         LINE#         202
  C:2B73H         LINE#         203
  -------         ENDPROC       KEY_SCAN
  -------         PROC          KEY_PROCESS
  -------         DO            
  X:05F9H         SYMBOL        KeyCount
  X:05FBH         SYMBOL        KeyNum_Old
  X:05FCH         SYMBOL        KeyNum
  X:05FDH         SYMBOL        PressedKey
  X:0386H         SYMBOL        d
  D:0004H         SYMBOL        hours
  D:0006H         SYMBOL        mins
  X:0388H         SYMBOL        months
  X:038AH         SYMBOL        days
  -------         ENDDO         
BL51 BANKED LINKER/LOCATER V6.22                                                      01/21/2019  11:54:39  PAGE 25


  C:2220H         LINE#         204
  C:2220H         LINE#         205
  C:2220H         LINE#         209
  C:2228H         LINE#         210
  C:2230H         LINE#         212
  C:2233H         LINE#         213
  C:2233H         LINE#         214
  C:2236H         LINE#         216
  C:2236H         LINE#         217
  C:2243H         LINE#         218
  C:2243H         LINE#         219
  C:2246H         LINE#         220
  C:2249H         LINE#         222
  C:224CH         LINE#         224
  C:224CH         LINE#         225
  C:2257H         LINE#         226
  C:2257H         LINE#         227
  C:225AH         LINE#         229
  C:225AH         LINE#         230
  C:2261H         LINE#         231
  C:2261H         LINE#         232
  C:2264H         LINE#         234
  C:2264H         LINE#         235
  C:226CH         LINE#         236
  C:226CH         LINE#         237
  C:2276H         LINE#         238
  C:227EH         LINE#         240
  C:2287H         LINE#         242
  C:2287H         LINE#         251
  C:229CH         LINE#         252
  C:229CH         LINE#         253
  C:22AEH         LINE#         254
  C:22BCH         LINE#         255
  C:22CBH         LINE#         256
  C:22CBH         LINE#         258
  C:22D1H         LINE#         262
  C:22E7H         LINE#         263
  C:22F8H         LINE#         264
  C:2313H         LINE#         265
  C:2313H         LINE#         266
  C:2323H         LINE#         267
  C:2334H         LINE#         268
  C:2334H         LINE#         272
  C:234DH         LINE#         273
  C:2364H         LINE#         274
  C:2384H         LINE#         275
  C:2384H         LINE#         276
  C:238EH         LINE#         277
  C:238EH         LINE#         278
  C:2397H         LINE#         279
  C:2397H         LINE#         280
  C:23ABH         LINE#         281
  C:23ABH         LINE#         282
  C:23ABH         LINE#         283
  C:23ABH         LINE#         284
  C:23ABH         LINE#         285
  C:23ADH         LINE#         287
BL51 BANKED LINKER/LOCATER V6.22                                                      01/21/2019  11:54:39  PAGE 26


  C:23ADH         LINE#         288
  C:23B9H         LINE#         289
  C:23B9H         LINE#         290
  C:23CAH         LINE#         291
  C:23CAH         LINE#         292
  C:23CAH         LINE#         293
  C:23CAH         LINE#         294
  C:23CAH         LINE#         296
  C:23CCH         LINE#         298
  C:23CCH         LINE#         299
  C:23DDH         LINE#         300
  C:23DDH         LINE#         301
  C:23DDH         LINE#         302
  C:23DDH         LINE#         303
  C:23DDH         LINE#         305
  C:23DDH         LINE#         307
  C:23DDH         LINE#         308
  C:23DFH         LINE#         310
  C:23DFH         LINE#         311
  C:23F2H         LINE#         312
  C:23F2H         LINE#         313
  C:2403H         LINE#         314
  C:2403H         LINE#         315
  C:2403H         LINE#         316
  C:2403H         LINE#         317
  C:2403H         LINE#         318
  C:2405H         LINE#         320
  C:2405H         LINE#         321
  C:2416H         LINE#         322
  C:2416H         LINE#         323
  C:2427H         LINE#         324
  C:2438H         LINE#         325
  C:2438H         LINE#         326
  C:2438H         LINE#         327
  C:2438H         LINE#         328
  C:2438H         LINE#         329
  C:243BH         LINE#         330
  C:2440H         LINE#         331
  C:2445H         LINE#         332
  C:244AH         LINE#         333
  C:244FH         LINE#         334
  C:2454H         LINE#         335
  C:2459H         LINE#         336
  C:245EH         LINE#         337
  C:245EH         LINE#         339
  C:2480H         LINE#         340
  C:2480H         LINE#         341
  C:248AH         LINE#         342
  C:248AH         LINE#         343
  C:248FH         LINE#         344
  C:2498H         LINE#         345
  C:24AFH         LINE#         346
  C:24AFH         LINE#         347
  C:24BFH         LINE#         349
  C:24BFH         LINE#         353
  -------         ENDPROC       KEY_PROCESS
  -------         PROC          KEYPAD_IO_INIT
BL51 BANKED LINKER/LOCATER V6.22                                                      01/21/2019  11:54:39  PAGE 27


  C:3CB8H         LINE#         356
  C:3CB8H         LINE#         357
  C:3CB8H         LINE#         358
  C:3CBBH         LINE#         359
  C:3CBEH         LINE#         360
  C:3CC1H         LINE#         361
  C:3CC3H         LINE#         362
  -------         ENDPROC       KEYPAD_IO_INIT
  -------         ENDMOD        KEYPAD

  -------         MODULE        BIPOLARMOTOR
  C:0000H         SYMBOL        _ICE_DUMMY_
  D:0080H         PUBLIC        P0
  D:0090H         PUBLIC        P1
  X:0000H         PUBLIC        RX_pos_test
  D:00A0H         PUBLIC        P2
  D:00B0H         PUBLIC        P3
  D:00C0H         PUBLIC        P4
  D:00C8H         PUBLIC        P5
  D:00E8H         PUBLIC        P6
  D:00F8H         PUBLIC        P7
  D:00A8H         PUBLIC        IE
  C:31CBH         PUBLIC        linear_interpolate
  C:3A62H         PUBLIC        _Move
  D:00B8H         PUBLIC        IP
  C:24F3H         PUBLIC        _findDet3x3
  C:1F60H         PUBLIC        _findDet4x4
  D:00D8H         PUBLIC        CCON
  X:00A0H         PUBLIC        previous_move_time
  D:0098H         PUBLIC        SCON
  D:0088H         PUBLIC        TCON
  C:000AH         PUBLIC        wait
  C:3989H         PUBLIC        _Step_move
  X:00A1H         PUBLIC        dat
  C:10EFH         PUBLIC        _Update_position
  C:3871H         PUBLIC        vOneStepMove
  X:00A7H         PUBLIC        elevation_stamp
  X:00E3H         PUBLIC        date_azimuth_mapping
  X:010BH         PUBLIC        RX_pos
  C:3BB8H         PUBLIC        _BCDtoDec1
  X:0363H         PUBLIC        degree
  X:0367H         PUBLIC        elevation_stamp_test
  D:00D0H         PUBLIC        PSW
  C:3BAEH         SYMBOL        L?0045
  -------         PROC          L?0044
  -------         ENDPROC       L?0044
  C:3BAEH         SYMBOL        L?0045
  -------         PROC          _BCDTODEC1
  D:0007H         SYMBOL        bcd
  -------         DO            
  D:0006H         SYMBOL        hi
  D:0007H         SYMBOL        lo
  -------         ENDDO         
  C:3BB8H         LINE#         28
  C:3BB8H         LINE#         29
  C:3BB8H         LINE#         31
  C:3BBDH         LINE#         32
BL51 BANKED LINKER/LOCATER V6.22                                                      01/21/2019  11:54:39  PAGE 28


  C:3BC1H         LINE#         33
  C:3BC8H         LINE#         34
  -------         ENDPROC       _BCDTODEC1
  -------         PROC          WAIT
  C:000AH         LINE#         36
  C:000AH         LINE#         38
  -------         ENDPROC       WAIT
  -------         PROC          VONESTEPMOVE
  B:0021H.0       SYMBOL        bDir
  C:3871H         LINE#         40
  C:3871H         LINE#         41
  C:3871H         LINE#         43
  C:3877H         LINE#         44
  C:3877H         LINE#         45
  C:387AH         LINE#         46
  C:3883H         LINE#         47
  C:388AH         LINE#         48
  C:388FH         LINE#         49
  C:388FH         LINE#         50
  C:388FH         LINE#         52
  C:3891H         LINE#         55
  C:3891H         LINE#         56
  C:3894H         LINE#         57
  C:389DH         LINE#         58
  C:38A4H         LINE#         59
  C:38AAH         LINE#         60
  C:38B3H         LINE#         61
  C:38BAH         LINE#         62
  C:38BAH         LINE#         66
  -------         ENDPROC       VONESTEPMOVE
  -------         PROC          _STEP_MOVE
  X:03F6H         SYMBOL        step
  B:0020H.7       SYMBOL        dir
  -------         DO            
  X:03F8H         SYMBOL        i
  -------         ENDDO         
  C:3989H         LINE#         68
  C:3991H         LINE#         69
  C:3991H         LINE#         71
  C:3996H         LINE#         74
  C:39B1H         LINE#         75
  C:39B1H         LINE#         76
  C:39B8H         LINE#         78
  C:39C8H         LINE#         80
  -------         ENDPROC       _STEP_MOVE
  -------         PROC          _MOVE
  X:03F2H         SYMBOL        distance
  B:0020H.6       SYMBOL        direction
  -------         DO            
  D:0006H         SYMBOL        step
  -------         ENDDO         
  C:3A62H         LINE#         82
  C:3A68H         LINE#         83
  C:3A68H         LINE#         86
  C:3A83H         LINE#         87
  -------         ENDPROC       _MOVE
  C:24D4H         SYMBOL        L?0042
BL51 BANKED LINKER/LOCATER V6.22                                                      01/21/2019  11:54:39  PAGE 29


  C:24E8H         SYMBOL        L?0043
  -------         PROC          L?0041
  -------         ENDPROC       L?0041
  C:24D4H         SYMBOL        L?0042
  C:24E8H         SYMBOL        L?0043
  -------         PROC          _FINDDET3X3
  X:05B7H         SYMBOL        a11
  X:05BBH         SYMBOL        a12
  X:05BFH         SYMBOL        a13
  X:05C3H         SYMBOL        a21
  X:05C7H         SYMBOL        a22
  X:05CBH         SYMBOL        a23
  X:05CFH         SYMBOL        a31
  X:05D3H         SYMBOL        a32
  X:05D7H         SYMBOL        a33
  C:24F3H         LINE#         91
  C:24F9H         LINE#         95
  C:24F9H         LINE#         96
  C:2690H         LINE#         98
  -------         ENDPROC       _FINDDET3X3
  -------         PROC          _FINDDET4X4
  X:0577H         SYMBOL        a11
  X:057BH         SYMBOL        a12
  X:057FH         SYMBOL        a13
  X:0583H         SYMBOL        a14
  X:0587H         SYMBOL        a21
  X:058BH         SYMBOL        a22
  X:058FH         SYMBOL        a23
  X:0593H         SYMBOL        a24
  X:0597H         SYMBOL        a31
  X:059BH         SYMBOL        a32
  X:059FH         SYMBOL        a33
  X:05A3H         SYMBOL        a34
  X:05A7H         SYMBOL        a41
  X:05ABH         SYMBOL        a42
  X:05AFH         SYMBOL        a43
  X:05B3H         SYMBOL        a44
  C:1F60H         LINE#         99
  C:1F66H         LINE#         103
  C:1F66H         LINE#         110
  C:221FH         LINE#         114
  -------         ENDPROC       _FINDDET4X4
  -------         PROC          L?0046
  -------         ENDPROC       L?0046
  -------         PROC          LINEAR_INTERPOLATE
  X:0421H         SYMBOL        p1
  X:0429H         SYMBOL        p2
  X:0431H         SYMBOL        x
  -------         DO            
  D:0004H         SYMBOL        fx
  -------         ENDDO         
  C:31CBH         LINE#         120
  C:31CBH         LINE#         121
  C:31CBH         LINE#         124
  C:326AH         LINE#         126
  C:326AH         LINE#         127
  -------         ENDPROC       LINEAR_INTERPOLATE
BL51 BANKED LINKER/LOCATER V6.22                                                      01/21/2019  11:54:39  PAGE 30


  -------         PROC          _UPDATE_POSITION
  X:0396H         SYMBOL        mnths
  X:0397H         SYMBOL        dys
  X:0398H         SYMBOL        hurs
  X:0399H         SYMBOL        mns
  X:039AH         SYMBOL        sconds
  X:039BH         SYMBOL        currnt_pos
  X:039EH         SYMBOL        offset_calib
  -------         DO            
  X:03A2H         SYMBOL        date
  X:03A4H         SYMBOL        i
  X:03A6H         SYMBOL        yy
  X:03A8H         SYMBOL        desired_distance
  X:03ACH         SYMBOL        distance
  X:03B0H         SYMBOL        JP_pos
  X:03B4H         SYMBOL        pos_interpolate_azimuth
  X:03DCH         SYMBOL        current_local_sun_time
  X:03E0H         SYMBOL        azimuth
  X:03E4H         SYMBOL        elevation
  X:03E8H         SYMBOL        time_offset
  X:03ECH         SYMBOL        UTC_time
  X:03F0H         SYMBOL        declination
  X:03F4H         SYMBOL        p1
  X:03FCH         SYMBOL        p2
  X:0404H         SYMBOL        time
  X:0416H         SYMBOL        location
  X:041EH         SYMBOL        sunCoord
  -------         ENDDO         
  C:10EFH         LINE#         131
  C:10FAH         LINE#         134
  C:10FAH         LINE#         135
  C:1105H         LINE#         137
  C:1121H         LINE#         138
  C:112BH         LINE#         146
  C:1135H         LINE#         147
  C:113FH         LINE#         148
  C:1149H         LINE#         149
  C:114FH         LINE#         150
  C:1156H         LINE#         151
  C:115EH         LINE#         152
  C:116FH         LINE#         153
  C:117EH         LINE#         156
  C:1192H         LINE#         160
  C:11E4H         LINE#         161
  C:11EEH         LINE#         162
  C:123EH         LINE#         164
  C:1366H         LINE#         166
  C:1435H         LINE#         173
  C:143FH         LINE#         174
  C:143FH         LINE#         176
  C:1459H         LINE#         177
  C:1459H         LINE#         178
  C:14C9H         LINE#         179
  C:14C9H         LINE#         180
  C:14D0H         LINE#         181
  C:14D0H         LINE#         182
  C:14FDH         LINE#         183
BL51 BANKED LINKER/LOCATER V6.22                                                      01/21/2019  11:54:39  PAGE 31


  C:1518H         LINE#         185
  C:155FH         LINE#         186
  C:1593H         LINE#         188
  C:15EBH         LINE#         189
  C:160BH         LINE#         191
  C:160BH         LINE#         207
  C:161CH         LINE#         210
  C:1636H         LINE#         211
  C:1636H         LINE#         212
  C:16A6H         LINE#         213
  C:16A6H         LINE#         214
  C:16D3H         LINE#         215
  C:16EEH         LINE#         217
  C:171BH         LINE#         218
  C:1736H         LINE#         220
  C:1768H         LINE#         223
  C:1768H         LINE#         225
  C:1779H         LINE#         227
  C:178DH         LINE#         229
  C:17AFH         LINE#         231
  C:17AFH         LINE#         236
  C:17B7H         LINE#         237
  C:17D3H         LINE#         238
  C:17D3H         LINE#         239
  C:17D3H         LINE#         242
  -------         ENDPROC       _UPDATE_POSITION
  -------         ENDMOD        BIPOLARMOTOR

  -------         MODULE        SUNPOS
  C:0000H         SYMBOL        _ICE_DUMMY_
  C:094DH         PUBLIC        sunpos
  -------         PROC          SUNPOS
  X:0421H         SYMBOL        udtTime
  X:0433H         SYMBOL        udtLocation
  X:043BH         SYMBOL        udtSunCoordinates
  -------         DO            
  X:043EH         SYMBOL        dElapsedJulianDays
  X:0442H         SYMBOL        dDecimalHours
  X:0446H         SYMBOL        dEclipticLongitude
  X:044AH         SYMBOL        dEclipticObliquity
  X:044EH         SYMBOL        dRightAscension
  X:0452H         SYMBOL        dDeclination
  X:0456H         SYMBOL        dY
  X:045AH         SYMBOL        dX
  -------         DO            
  X:045EH         SYMBOL        dJulianDate
  X:0462H         SYMBOL        liAux1
  X:0466H         SYMBOL        liAux2
  X:045EH         SYMBOL        dMeanLongitude
  X:0462H         SYMBOL        dMeanAnomaly
  X:0466H         SYMBOL        dOmega
  X:045EH         SYMBOL        dSin_EclipticLongitude
  X:045EH         SYMBOL        dGreenwichMeanSiderealTime
  X:0462H         SYMBOL        dLocalMeanSiderealTime
  X:0466H         SYMBOL        dLatitudeInRadians
  X:046AH         SYMBOL        dHourAngle
  X:046EH         SYMBOL        dCos_Latitude
BL51 BANKED LINKER/LOCATER V6.22                                                      01/21/2019  11:54:39  PAGE 32


  X:0472H         SYMBOL        dSin_Latitude
  X:0476H         SYMBOL        dCos_HourAngle
  X:047AH         SYMBOL        dParallax
  -------         ENDDO         
  -------         DO            
  X:045EH         SYMBOL        dMeanLongitude
  X:0462H         SYMBOL        dMeanAnomaly
  X:0466H         SYMBOL        dOmega
  X:045EH         SYMBOL        dSin_EclipticLongitude
  X:045EH         SYMBOL        dGreenwichMeanSiderealTime
  X:0462H         SYMBOL        dLocalMeanSiderealTime
  X:0466H         SYMBOL        dLatitudeInRadians
  X:046AH         SYMBOL        dHourAngle
  X:046EH         SYMBOL        dCos_Latitude
  X:0472H         SYMBOL        dSin_Latitude
  X:0476H         SYMBOL        dCos_HourAngle
  X:047AH         SYMBOL        dParallax
  -------         ENDDO         
  -------         DO            
  X:045EH         SYMBOL        dSin_EclipticLongitude
  X:045EH         SYMBOL        dGreenwichMeanSiderealTime
  X:0462H         SYMBOL        dLocalMeanSiderealTime
  X:0466H         SYMBOL        dLatitudeInRadians
  X:046AH         SYMBOL        dHourAngle
  X:046EH         SYMBOL        dCos_Latitude
  X:0472H         SYMBOL        dSin_Latitude
  X:0476H         SYMBOL        dCos_HourAngle
  X:047AH         SYMBOL        dParallax
  -------         ENDDO         
  -------         DO            
  X:045EH         SYMBOL        dGreenwichMeanSiderealTime
  X:0462H         SYMBOL        dLocalMeanSiderealTime
  X:0466H         SYMBOL        dLatitudeInRadians
  X:046AH         SYMBOL        dHourAngle
  X:046EH         SYMBOL        dCos_Latitude
  X:0472H         SYMBOL        dSin_Latitude
  X:0476H         SYMBOL        dCos_HourAngle
  X:047AH         SYMBOL        dParallax
  -------         ENDDO         
  -------         ENDDO         
  C:094DH         LINE#         6
  C:094DH         LINE#         7
  C:094DH         LINE#         9
  C:094DH         LINE#         27
  C:0997H         LINE#         30
  C:09B8H         LINE#         31
  C:0AFFH         LINE#         34
  C:0B4BH         LINE#         36
  C:0B6AH         LINE#         37
  C:0B6AH         LINE#         42
  C:0B6AH         LINE#         46
  C:0B9CH         LINE#         47
  C:0BC6H         LINE#         48
  C:0BF0H         LINE#         49
  C:0C9DH         LINE#         52
  C:0CFEH         LINE#         54
  C:0CFEH         LINE#         59
BL51 BANKED LINKER/LOCATER V6.22                                                      01/21/2019  11:54:39  PAGE 33


  C:0CFEH         LINE#         61
  C:0D15H         LINE#         62
  C:0D3DH         LINE#         63
  C:0D54H         LINE#         64
  C:0D7FH         LINE#         65
  C:0DB6H         LINE#         66
  C:0DE1H         LINE#         67
  C:0DE1H         LINE#         70
  C:0DE1H         LINE#         79
  C:0E1CH         LINE#         82
  C:0E56H         LINE#         84
  C:0E7BH         LINE#         85
  C:0E9AH         LINE#         86
  C:0EB1H         LINE#         87
  C:0EC8H         LINE#         88
  C:0EDFH         LINE#         89
  C:0F68H         LINE#         91
  C:0F82H         LINE#         92
  C:0FE4H         LINE#         93
  C:101AH         LINE#         94
  C:102CH         LINE#         95
  C:1059H         LINE#         96
  C:1086H         LINE#         98
  C:10A8H         LINE#         100
  C:10E0H         LINE#         103
  C:10E0H         LINE#         104
  C:10EEH         LINE#         105
  -------         ENDPROC       SUNPOS
  -------         ENDMOD        SUNPOS

  -------         MODULE        ADC
  C:0000H         SYMBOL        _ICE_DUMMY_
  D:0092H         PUBLIC        P1M0
  D:0091H         PUBLIC        P1M1
  D:0080H         PUBLIC        P0
  D:0090H         PUBLIC        P1
  D:00A0H         PUBLIC        P2
  D:00B0H         PUBLIC        P3
  D:00C0H         PUBLIC        P4
  D:00C8H         PUBLIC        P5
  D:00E8H         PUBLIC        P6
  D:00F8H         PUBLIC        P7
  D:00A8H         PUBLIC        IE
  D:00BDH         PUBLIC        ADC_RES
  D:00B8H         PUBLIC        IP
  D:0097H         PUBLIC        CLK_DIV
  D:00D8H         PUBLIC        CCON
  D:00BCH         PUBLIC        ADC_CONTR
  D:0098H         PUBLIC        SCON
  D:0088H         PUBLIC        TCON
  B:00A0H.4       PUBLIC        P24
  B:00A0H.5       PUBLIC        P25
  B:00A0H.6       PUBLIC        P26
  C:3B76H         PUBLIC        ADC_Init
  C:3AB1H         PUBLIC        _ADC_GetResult
  D:009DH         PUBLIC        P1ASF
  D:00BEH         PUBLIC        ADC_RESL
BL51 BANKED LINKER/LOCATER V6.22                                                      01/21/2019  11:54:39  PAGE 34


  D:00D0H         PUBLIC        PSW
  -------         PROC          ADC_INIT
  C:3B76H         LINE#         7
  C:3B76H         LINE#         8
  C:3B76H         LINE#         10
  C:3B78H         LINE#         11
  C:3B7AH         LINE#         12
  C:3B7CH         LINE#         13
  C:3B7FH         LINE#         14
  C:3B82H         LINE#         15
  C:3B85H         LINE#         16
  C:3B88H         LINE#         18
  C:3B8AH         LINE#         19
  C:3B8DH         LINE#         21
  -------         ENDPROC       ADC_INIT
  -------         PROC          _ADC_GETRESULT
  D:0007H         SYMBOL        ch
  -------         DO            
  D:0006H         SYMBOL        ADC_Value
  -------         ENDDO         
  C:3AB1H         LINE#         26
  C:3AB1H         LINE#         27
  C:3AB1H         LINE#         29
  C:3AB6H         LINE#         30
  C:3AB7H         LINE#         31
  C:3AB8H         LINE#         32
  C:3AB9H         LINE#         33
  C:3ABAH         LINE#         34
  C:3ABFH         LINE#         35
  C:3AC2H         LINE#         36
  C:3AC6H         LINE#         37
  C:3AD6H         LINE#         38
  C:3AD6H         LINE#         39
  -------         ENDPROC       _ADC_GETRESULT
  -------         ENDMOD        ADC

  -------         MODULE        CALIBRATION
  C:0000H         SYMBOL        _ICE_DUMMY_
  D:0080H         PUBLIC        P0
  D:0090H         PUBLIC        P1
  D:00A0H         PUBLIC        P2
  D:00B0H         PUBLIC        P3
  D:00C0H         PUBLIC        P4
  D:00C8H         PUBLIC        P5
  D:00E8H         PUBLIC        P6
  D:00F8H         PUBLIC        P7
  C:3591H         PUBLIC        _Max_Value
  D:00A8H         PUBLIC        IE
  C:3037H         PUBLIC        _calibration
  C:30FFH         PUBLIC        voltage_is_stable
  D:00B8H         PUBLIC        IP
  D:00D8H         PUBLIC        CCON
  D:0098H         PUBLIC        SCON
  D:0088H         PUBLIC        TCON
  C:2CFCH         PUBLIC        _Find_Real_Max
  D:00D0H         PUBLIC        PSW
  -------         PROC          VOLTAGE_IS_STABLE
[...]
  C:360BH         LINE#         79
  C:361BH         LINE#         80
  C:3623H         LINE#         82
  -------         ENDPROC       _MAX_VALUE
  -------         PROC          _CALIBRATION
  X:0386H         SYMBOL        mnths
  X:0387H         SYMBOL        dys
  X:0388H         SYMBOL        hurs
  X:0389H         SYMBOL        mns
  X:038AH         SYMBOL        sconds
  X:038BH         SYMBOL        currnt_pos
  -------         DO            
  X:038EH         SYMBOL        calib_value
  X:0392H         SYMBOL        JP_max_pos
  -------         ENDDO         
  C:3037H         LINE#         84
  C:3042H         LINE#         87
  C:3042H         LINE#         88
  C:304CH         LINE#         89
  C:3060H         LINE#         91
  C:306AH         LINE#         92
  C:306AH         LINE#         94
  C:30A0H         LINE#         96
  C:30A9H         LINE#         97
  C:30CEH         LINE#         98
  C:30EAH         LINE#         99
  C:30F9H         LINE#         100
  C:30F9H         LINE#         102
  C:30FEH         LINE#         103
  -------         ENDPROC       _CALIBRATION
  -------         ENDMOD        CALIBRATION

  -------         MODULE        IOEXPANDER_PI4IOE5V96248
  C:0000H         SYMBOL        _ICE_DUMMY_
  D:0080H         PUBLIC        P0
  B:00C8H.4       PUBLIC        I2C_SCK
  D:0090H         PUBLIC        P1
  D:00A0H         PUBLIC        P2
  D:00B0H         PUBLIC        P3
  D:00C0H         PUBLIC        P4
  D:00C8H         PUBLIC        P5
  D:00E8H         PUBLIC        P6
  D:00F8H         PUBLIC        P7
  D:00A8H         PUBLIC        IE
  D:00B8H         PUBLIC        IP
  D:00D8H         PUBLIC        CCON
  C:3C7EH         PUBLIC        I2C_Start
  D:0098H         PUBLIC        SCON
  D:0088H         PUBLIC        TCON
  C:326BH         PUBLIC        _Write_PI4IOE5V96248
  C:3C8DH         PUBLIC        uC_NACK
  C:3A44H         PUBLIC        _Wait_ms_i2c
  C:3A8FH         PUBLIC        _I2C_SendByte
  C:3C0EH         PUBLIC        I2C_Stop
BL51 BANKED LINKER/LOCATER V6.22                                                      01/21/2019  11:54:39  PAGE 37


  C:3CFDH         PUBLIC        nop
  C:3CEDH         PUBLIC        uC_ACK
  C:3BF8H         PUBLIC        I2C_ACK
  B:00C0H.7       PUBLIC        I2C_SDA
  D:00D0H         PUBLIC        PSW
  C:3A3EH         SYMBOL        L?0031
  C:3A40H         SYMBOL        L?0032
  -------         PROC          L?0030
  -------         ENDPROC       L?0030
  C:3A3EH         SYMBOL        L?0031
  C:3A40H         SYMBOL        L?0032
  -------         PROC          _WAIT_MS_I2C
  D:0006H         SYMBOL        ms
  -------         DO            
  D:0004H         SYMBOL        De_Cnt
  -------         ENDDO         
  C:3A44H         LINE#         7
  C:3A44H         LINE#         8
  C:3A44H         LINE#         10
  C:3A4EH         LINE#         11
  C:3A4EH         LINE#         12
  C:3A61H         LINE#         13
  C:3A61H         LINE#         14
  -------         ENDPROC       _WAIT_MS_I2C
  -------         PROC          NOP
  C:3CFDH         LINE#         16
  C:3CFDH         LINE#         17
  C:3CFDH         LINE#         19
  -------         ENDPROC       NOP
  -------         PROC          I2C_START
  C:3C7EH         LINE#         20
  C:3C7EH         LINE#         21
  C:3C7EH         LINE#         23
  C:3C80H         LINE#         24
  C:3C82H         LINE#         25
  C:3C85H         LINE#         26
  C:3C87H         LINE#         27
  C:3C8AH         LINE#         28
  C:3C8CH         LINE#         31
  -------         ENDPROC       I2C_START
  -------         PROC          I2C_STOP
  C:3C0EH         LINE#         33
  C:3C0EH         LINE#         34
  C:3C0EH         LINE#         35
  C:3C10H         LINE#         36
  C:3C12H         LINE#         37
  C:3C15H         LINE#         38
  C:3C17H         LINE#         39
  C:3C19H         LINE#         40
  C:3C20H         LINE#         41
  C:3C22H         LINE#         44
  -------         ENDPROC       I2C_STOP
  -------         PROC          I2C_ACK
  -------         DO            
  X:03FDH         SYMBOL        i
  D:0003H         SYMBOL        dat
  -------         ENDDO         
BL51 BANKED LINKER/LOCATER V6.22                                                      01/21/2019  11:54:39  PAGE 38


  C:3BF8H         LINE#         46
  C:3BF8H         LINE#         47
  C:3BF8H         LINE#         49
  C:3BF9H         LINE#         54
  C:3BFCH         LINE#         55
  C:3BFEH         LINE#         56
  C:3C01H         LINE#         58
  C:3C04H         LINE#         59
  C:3C04H         LINE#         60
  C:3C08H         LINE#         61
  C:3C08H         LINE#         64
  C:3C08H         LINE#         65
  C:3C0BH         LINE#         66
  C:3C0BH         LINE#         67
  C:3C0DH         LINE#         68
  -------         ENDPROC       I2C_ACK
  -------         PROC          UC_ACK
  -------         DO            
  X:0609H         SYMBOL        i
  -------         ENDDO         
  C:3CEDH         LINE#         69
  C:3CEDH         LINE#         70
  C:3CEDH         LINE#         72
  C:3CEDH         LINE#         79
  C:3CEDH         LINE#         81
  C:3CEDH         LINE#         83
  C:3CEDH         LINE#         84
  C:3CEDH         LINE#         87
  C:3CF0H         LINE#         88
  C:3CF2H         LINE#         89
  C:3CF2H         LINE#         93
  -------         ENDPROC       UC_ACK
  -------         PROC          UC_NACK
  -------         DO            
  X:060AH         SYMBOL        i
  -------         ENDDO         
  C:3C8DH         LINE#         95
  C:3C8DH         LINE#         96
  C:3C8DH         LINE#         98
  C:3C8DH         LINE#         102
  C:3C8FH         LINE#         105
  C:3C8FH         LINE#         106
  C:3C91H         LINE#         107
  C:3C91H         LINE#         109
  C:3C91H         LINE#         110
  C:3C91H         LINE#         113
  C:3C94H         LINE#         114
  C:3C96H         LINE#         115
  C:3C99H         LINE#         116
  C:3C9BH         LINE#         117
  C:3C9BH         LINE#         121
  -------         ENDPROC       UC_NACK
  C:3A8BH         SYMBOL        L?0034
  -------         PROC          L?0033
  -------         ENDPROC       L?0033
  C:3A8BH         SYMBOL        L?0034
  -------         PROC          _I2C_SENDBYTE
BL51 BANKED LINKER/LOCATER V6.22                                                      01/21/2019  11:54:39  PAGE 39


  D:0001H         SYMBOL        dat
  -------         DO            
  D:0003H         SYMBOL        i
  -------         ENDDO         
  C:3A8FH         LINE#         125
  C:3A91H         LINE#         126
  C:3A91H         LINE#         129
  C:3A93H         LINE#         130
  C:3A93H         LINE#         131
  C:3A95H         LINE#         133
  C:3A99H         LINE#         134
  C:3A99H         LINE#         135
  C:3A9BH         LINE#         136
  C:3A9DH         LINE#         138
  C:3A9DH         LINE#         139
  C:3A9FH         LINE#         140
  C:3A9FH         LINE#         141
  C:3AA2H         LINE#         142
  C:3AA4H         LINE#         144
  C:3AA8H         LINE#         145
  C:3AABH         LINE#         146
  C:3AB0H         LINE#         147
  -------         ENDPROC       _I2C_SENDBYTE
  -------         PROC          _WRITE_PI4IOE5V96248
  X:03FAH         SYMBOL        xdat
  C:326BH         LINE#         148
  C:3276H         LINE#         149
  C:3276H         LINE#         150
  C:3279H         LINE#         151
  C:3280H         LINE#         152
  C:3285H         LINE#         153
  C:328BH         LINE#         154
  C:328BH         LINE#         155
  C:329DH         LINE#         156
  C:329DH         LINE#         158
  C:32A3H         LINE#         159
  C:32A3H         LINE#         160
  C:32B3H         LINE#         161
  C:32B3H         LINE#         162
  C:32B9H         LINE#         163
  C:32B9H         LINE#         164
  C:32C9H         LINE#         165
  C:32C9H         LINE#         166
  C:32CFH         LINE#         167
  C:32CFH         LINE#         168
  C:32E0H         LINE#         169
  C:32E0H         LINE#         171
  C:32E6H         LINE#         172
  C:32E6H         LINE#         173
  C:32F7H         LINE#         174
  C:32F7H         LINE#         175
  C:32FDH         LINE#         176
  C:32FDH         LINE#         177
  C:330EH         LINE#         178
  C:330EH         LINE#         180
  C:3314H         LINE#         181
  C:3317H         LINE#         182
BL51 BANKED LINKER/LOCATER V6.22                                                      01/21/2019  11:54:39  PAGE 40


  -------         ENDPROC       _WRITE_PI4IOE5V96248
  -------         ENDMOD        IOEXPANDER_PI4IOE5V96248

  -------         MODULE        ?C_STARTUP
  C:3624H         SEGMENT       ?C_C51STARTUP
  I:0022H         SEGMENT       ?STACK
  C:0000H         PUBLIC        ?C_STARTUP
  D:00E0H         SYMBOL        ACC
  D:00F0H         SYMBOL        B
  D:0083H         SYMBOL        DPH
  D:0082H         SYMBOL        DPL
  N:0000H         SYMBOL        IBPSTACK
  N:0100H         SYMBOL        IBPSTACKTOP
  N:0080H         SYMBOL        IDATALEN
  C:3627H         SYMBOL        IDATALOOP
  N:0000H         SYMBOL        PBPSTACK
  N:0100H         SYMBOL        PBPSTACKTOP
  N:0000H         SYMBOL        PDATALEN
  N:0000H         SYMBOL        PDATASTART
  N:0000H         SYMBOL        PPAGE
  N:0000H         SYMBOL        PPAGEENABLE
  D:00A0H         SYMBOL        PPAGE_SFR
  D:0081H         SYMBOL        SP
  C:3624H         SYMBOL        STARTUP1
  N:0000H         SYMBOL        XBPSTACK
  N:0000H         SYMBOL        XBPSTACKTOP
  N:0000H         SYMBOL        XDATALEN
  N:0000H         SYMBOL        XDATASTART
  C:0000H         LINE#         126
  C:3624H         LINE#         133
  C:3626H         LINE#         134
  C:3627H         LINE#         135
  C:3628H         LINE#         136
  C:362AH         LINE#         185
  C:362DH         LINE#         196
  -------         ENDMOD        ?C_STARTUP

  -------         MODULE        ?C?FPADD
  C:002DH         PUBLIC        ?C?FPADD
  C:0029H         PUBLIC        ?C?FPSUB
  -------         ENDMOD        ?C?FPADD

  -------         MODULE        ?C?FPMUL
  C:011EH         PUBLIC        ?C?FPMUL
  -------         ENDMOD        ?C?FPMUL

  -------         MODULE        ?C?FPDIV
  C:0227H         PUBLIC        ?C?FPDIV
  -------         ENDMOD        ?C?FPDIV

  -------         MODULE        ?C?FPCMP
  C:02C6H         PUBLIC        ?C?FPCMP
  C:02C4H         PUBLIC        ?C?FPCMP3
  -------         ENDMOD        ?C?FPCMP

  -------         MODULE        ?C?FPNEG
  C:033DH         PUBLIC        ?C?FPNEG
BL51 BANKED LINKER/LOCATER V6.22                                                      01/21/2019  11:54:39  PAGE 41


  -------         ENDMOD        ?C?FPNEG

  -------         MODULE        ?C?FCAST
  C:0358H         PUBLIC        ?C?FCASTC
  C:0353H         PUBLIC        ?C?FCASTI
  C:034EH         PUBLIC        ?C?FCASTL
  -------         ENDMOD        ?C?FCAST

  -------         MODULE        ?C?CASTF
  C:038CH         PUBLIC        ?C?CASTF
  -------         ENDMOD        ?C?CASTF

  -------         MODULE        ATAN2
  X:047EH         PUBLIC        ?_atan2?BYTE
  C:33C4H         PUBLIC        _atan2
  -------         ENDMOD        ATAN2

  -------         MODULE        SIN
  C:2BBCH         PUBLIC        _COS
  C:2BD2H         PUBLIC        _SIN
  C:2C0EH         PUBLIC        _TAN
  -------         ENDMOD        SIN

  -------         MODULE        ACOS
  C:38BBH         PUBLIC        _ACOS
  -------         ENDMOD        ACOS

  -------         MODULE        ASIN
  C:39C9H         PUBLIC        _ASIN
  -------         ENDMOD        ASIN

  -------         MODULE        SQRT
  C:331CH         PUBLIC        _SQRT
  -------         ENDMOD        SQRT

  -------         MODULE        ATAN
  C:2E5AH         PUBLIC        _ATAN
  -------         ENDMOD        ATAN

  -------         MODULE        ?C?COPY
  C:052AH         PUBLIC        ?C?COPY
  -------         ENDMOD        ?C?COPY

  -------         MODULE        ?C?CLDPTR
  C:0550H         PUBLIC        ?C?CLDPTR
  -------         ENDMOD        ?C?CLDPTR

  -------         MODULE        ?C?CLDOPTR
  C:0569H         PUBLIC        ?C?CLDOPTR
  -------         ENDMOD        ?C?CLDOPTR

  -------         MODULE        ?C?CSTPTR
  C:0596H         PUBLIC        ?C?CSTPTR
  -------         ENDMOD        ?C?CSTPTR

  -------         MODULE        ?C?IMUL
  C:05A8H         PUBLIC        ?C?IMUL
BL51 BANKED LINKER/LOCATER V6.22                                                      01/21/2019  11:54:39  PAGE 42


  -------         ENDMOD        ?C?IMUL

  -------         MODULE        ?C?UIDIV
  C:05BAH         PUBLIC        ?C?UIDIV
  -------         ENDMOD        ?C?UIDIV

  -------         MODULE        ?C?SIDIV
  C:060FH         PUBLIC        ?C?SIDIV
  -------         ENDMOD        ?C?SIDIV

  -------         MODULE        ?C?ILDIX
  C:0645H         PUBLIC        ?C?ILDIX
  -------         ENDMOD        ?C?ILDIX

  -------         MODULE        ?C?ILDOPTR
  C:065BH         PUBLIC        ?C?ILDOPTR
  -------         ENDMOD        ?C?ILDOPTR

  -------         MODULE        ?C?LMUL
  C:0693H         PUBLIC        ?C?LMUL
  -------         ENDMOD        ?C?LMUL

  -------         MODULE        ?C?SLDIV
  C:3905H         PUBLIC        ?C?SLDIV
  -------         ENDMOD        ?C?SLDIV

  -------         MODULE        ?C?LNEG
  C:06E2H         PUBLIC        ?C?LNEG
  -------         ENDMOD        ?C?LNEG

  -------         MODULE        ?C?LLDPTR
  C:06F0H         PUBLIC        ?C?LLDPTR
  -------         ENDMOD        ?C?LLDPTR

  -------         MODULE        ?C?LLDOPTR
  C:0710H         PUBLIC        ?C?LLDOPTR
  -------         ENDMOD        ?C?LLDOPTR

  -------         MODULE        ?C?LSTPTR
  C:0740H         PUBLIC        ?C?LSTPTR
  -------         ENDMOD        ?C?LSTPTR

  -------         MODULE        ?C?LSTOPTR
  C:075AH         PUBLIC        ?C?LSTOPTR
  -------         ENDMOD        ?C?LSTOPTR

  -------         MODULE        ?C?LLDXDATA
  C:077EH         PUBLIC        ?C?LLDXDATA
  -------         ENDMOD        ?C?LLDXDATA

  -------         MODULE        ?C?LLDCODE
  C:078AH         PUBLIC        ?C?LLDCODE
  -------         ENDMOD        ?C?LLDCODE

  -------         MODULE        ?C?LLDXDATA0
  C:079AH         PUBLIC        ?C?LLDXDATA0
  -------         ENDMOD        ?C?LLDXDATA0
BL51 BANKED LINKER/LOCATER V6.22                                                      01/21/2019  11:54:39  PAGE 43



  -------         MODULE        ?C?LLDCODE0
  C:07A6H         PUBLIC        ?C?LLDCODE0
  -------         ENDMOD        ?C?LLDCODE0

  -------         MODULE        ?C?LLDPTR0
  C:07B6H         PUBLIC        ?C?LLDPTR0
  -------         ENDMOD        ?C?LLDPTR0

  -------         MODULE        ?C?LSTXDATA
  C:07D6H         PUBLIC        ?C?LSTXDATA
  -------         ENDMOD        ?C?LSTXDATA

  -------         MODULE        ?C?LSTKXDATA
  C:07E2H         PUBLIC        ?C?LSTKXDATA
  -------         ENDMOD        ?C?LSTKXDATA

  -------         MODULE        ?C?OFFXADD
  C:0813H         PUBLIC        ?C?OFFXADD
  -------         ENDMOD        ?C?OFFXADD

  -------         MODULE        ABS
  C:3CC4H         PUBLIC        _ABS
  -------         ENDMOD        ABS

  -------         MODULE        ATOI
  C:2F5CH         PUBLIC        _atoi
  -------         ENDMOD        ATOI

  -------         MODULE        ?C?IILDX
  C:081FH         PUBLIC        ?C?IILDX
  -------         ENDMOD        ?C?IILDX

  -------         MODULE        ?C?ULDIV
  C:0871H         PUBLIC        ?C?ULDIV
  -------         ENDMOD        ?C?ULDIV

  -------         MODULE        ?C?LLDIDATA
  C:0903H         PUBLIC        ?C?LLDIDATA
  -------         ENDMOD        ?C?LLDIDATA

  -------         MODULE        ?C?LLDPDATA
  C:090FH         PUBLIC        ?C?LLDPDATA
  -------         ENDMOD        ?C?LLDPDATA

  -------         MODULE        ?C?LLDIDATA0
  C:091BH         PUBLIC        ?C?LLDIDATA0
  -------         ENDMOD        ?C?LLDIDATA0

  -------         MODULE        ?C?LLDPDATA0
  C:0928H         PUBLIC        ?C?LLDPDATA0
  -------         ENDMOD        ?C?LLDPDATA0

  -------         MODULE        ?C?LSTIDATA
  C:0935H         PUBLIC        ?C?LSTIDATA
  -------         ENDMOD        ?C?LSTIDATA

BL51 BANKED LINKER/LOCATER V6.22                                                      01/21/2019  11:54:39  PAGE 44


  -------         MODULE        ?C?LSTPDATA
  C:0941H         PUBLIC        ?C?LSTPDATA
  -------         ENDMOD        ?C?LSTPDATA

  -------         MODULE        ISDIGIT
  C:3C9CH         PUBLIC        _isdigit
  -------         ENDMOD        ISDIGIT

  -------         MODULE        ISSPACE
  C:3C37H         PUBLIC        _isspace
  -------         ENDMOD        ISSPACE

*** WARNING L16: UNCALLED SEGMENT, IGNORED FOR OVERLAY PROCESS
    SEGMENT: ?PR?_CALIB_INTERPOLATE?MAIN

*** WARNING L16: UNCALLED SEGMENT, IGNORED FOR OVERLAY PROCESS
    SEGMENT: ?PR?_DISPLAY_PROX?MAIN

*** WARNING L16: UNCALLED SEGMENT, IGNORED FOR OVERLAY PROCESS
    SEGMENT: ?PR?INITUART1?UART1

*** WARNING L16: UNCALLED SEGMENT, IGNORED FOR OVERLAY PROCESS
    SEGMENT: ?PR?_SENDSTRING?UART1

*** WARNING L16: UNCALLED SEGMENT, IGNORED FOR OVERLAY PROCESS
    SEGMENT: ?PR?_TEN?UART1

*** WARNING L16: UNCALLED SEGMENT, IGNORED FOR OVERLAY PROCESS
    SEGMENT: ?PR?_UNIT?UART1

*** WARNING L16: UNCALLED SEGMENT, IGNORED FOR OVERLAY PROCESS
    SEGMENT: ?PR?_DECTOBCD?UART1

*** WARNING L16: UNCALLED SEGMENT, IGNORED FOR OVERLAY PROCESS
    SEGMENT: ?PR?_ASCII_LETTER?UART1

*** WARNING L16: UNCALLED SEGMENT, IGNORED FOR OVERLAY PROCESS
    SEGMENT: ?PR?WAIT?BIPOLARMOTOR

*** WARNING L16: UNCALLED SEGMENT, IGNORED FOR OVERLAY PROCESS
    SEGMENT: ?PR?_FINDDET4X4?BIPOLARMOTOR

*** WARNING L16: UNCALLED SEGMENT, IGNORED FOR OVERLAY PROCESS
    SEGMENT: ?PR?NOP?IOEXPANDER_PI4IOE5V96248

*** WARNING L16: UNCALLED SEGMENT, IGNORED FOR OVERLAY PROCESS
    SEGMENT: ?PR?UC_ACK?IOEXPANDER_PI4IOE5V96248

*** WARNING L16: UNCALLED SEGMENT, IGNORED FOR OVERLAY PROCESS
    SEGMENT: ?PR?UC_NACK?IOEXPANDER_PI4IOE5V96248

*** WARNING L1: UNRESOLVED EXTERNAL SYMBOL
    SYMBOL:  AUTO_MODE
    MODULE:  .\Obj\main.obj (MAIN)

*** WARNING L2: REFERENCE MADE TO UNRESOLVED EXTERNAL
    SYMBOL:  AUTO_MODE
BL51 BANKED LINKER/LOCATER V6.22                                                      01/21/2019  11:54:39  PAGE 45


    MODULE:  .\Obj\main.obj (MAIN)
    ADDRESS: 1BC2H

*** WARNING L2: REFERENCE MADE TO UNRESOLVED EXTERNAL
    SYMBOL:  AUTO_MODE
    MODULE:  .\Obj\main.obj (MAIN)
    ADDRESS: 1C92H

*** WARNING L2: REFERENCE MADE TO UNRESOLVED EXTERNAL
    SYMBOL:  AUTO_MODE
    MODULE:  .\Obj\main.obj (MAIN)
    ADDRESS: 1CA0H

*** WARNING L2: REFERENCE MADE TO UNRESOLVED EXTERNAL
    SYMBOL:  AUTO_MODE
    MODULE:  .\Obj\main.obj (MAIN)
    ADDRESS: 1CB2H

*** WARNING L2: REFERENCE MADE TO UNRESOLVED EXTERNAL
    SYMBOL:  AUTO_MODE
    MODULE:  .\Obj\main.obj (MAIN)
    ADDRESS: 1CF4H

*** WARNING L2: REFERENCE MADE TO UNRESOLVED EXTERNAL
    SYMBOL:  AUTO_MODE
    MODULE:  .\Obj\main.obj (MAIN)
    ADDRESS: 1DC7H

*** WARNING L1: UNRESOLVED EXTERNAL SYMBOL
    SYMBOL:  AUTO_MODE
    MODULE:  .\Obj\KeyPad.obj (KEYPAD)

*** WARNING L2: REFERENCE MADE TO UNRESOLVED EXTERNAL
    SYMBOL:  AUTO_MODE
    MODULE:  .\Obj\KeyPad.obj (KEYPAD)
    ADDRESS: 226DH

*** WARNING L2: REFERENCE MADE TO UNRESOLVED EXTERNAL
    SYMBOL:  AUTO_MODE
    MODULE:  .\Obj\KeyPad.obj (KEYPAD)
    ADDRESS: 2278H

*** WARNING L2: REFERENCE MADE TO UNRESOLVED EXTERNAL
    SYMBOL:  AUTO_MODE
    MODULE:  .\Obj\KeyPad.obj (KEYPAD)
    ADDRESS: 227FH

Program Size: data=18.2 xdata=1547 code=15614
LINK/LOCATE RUN COMPLETE.  24 WARNING(S),  0 ERROR(S)
