BL51 BANKED LINKER/LOCATER V6.22                                                        02/22/2019  14:54:55  PAGE 1


BL51 BANKED LINKER/LOCATER V6.22, INVOKED BY:
C:\KEIL_V5\C51\BIN\BL51.EXE .\Obj\main.obj, .\Obj\PCF85063BTL.obj, .\Obj\UART1.obj, .\Obj\LCd_Driver_SPLC780D.obj, .\Obj
>> \KeyPad.obj, .\Obj\BipolarMotor.obj, .\Obj\SunPos.obj, .\Obj\ADC.obj, .\Obj\Calibration.obj, .\Obj\IOExpander_PI4IOE5
>> V96248.obj, .\Obj\AT25SF041.obj, .\Obj\STARTUP.obj TO .\Obj\GPIO_RTC_Test PRINT (.\Lis\GPIO_RTC_Test.m51) RAMSIZE (25
>> 6)


MEMORY MODEL: LARGE WITH FLOATING POINT ARITHMETIC


INPUT MODULES INCLUDED:
  .\Obj\main.obj (MAIN)
  .\Obj\PCF85063BTL.obj (PCF85063BTL)
  .\Obj\UART1.obj (UART1)
  .\Obj\LCd_Driver_SPLC780D.obj (LCD_DRIVER_SPLC780D)
  .\Obj\KeyPad.obj (KEYPAD)
  .\Obj\BipolarMotor.obj (BIPOLARMOTOR)
  .\Obj\SunPos.obj (SUNPOS)
  .\Obj\ADC.obj (ADC)
  .\Obj\Calibration.obj (CALIBRATION)
  .\Obj\IOExpander_PI4IOE5V96248.obj (IOEXPANDER_PI4IOE5V96248)
  .\Obj\AT25SF041.obj (AT25SF041)
  .\Obj\STARTUP.obj (?C_STARTUP)
  C:\KEIL_V5\C51\LIB\C51FPL.LIB (?C?FPADD)
  C:\KEIL_V5\C51\LIB\C51FPL.LIB (?C?FPMUL)
  C:\KEIL_V5\C51\LIB\C51FPL.LIB (?C?FPDIV)
  C:\KEIL_V5\C51\LIB\C51FPL.LIB (?C?FPCMP)
  C:\KEIL_V5\C51\LIB\C51FPL.LIB (?C?FPNEG)
  C:\KEIL_V5\C51\LIB\C51FPL.LIB (?C?FCAST)
  C:\KEIL_V5\C51\LIB\C51FPL.LIB (?C?CASTF)
  C:\KEIL_V5\C51\LIB\C51FPL.LIB (ATAN2)
  C:\KEIL_V5\C51\LIB\C51FPL.LIB (SIN)
  C:\KEIL_V5\C51\LIB\C51FPL.LIB (ACOS)
  C:\KEIL_V5\C51\LIB\C51FPL.LIB (ASIN)
  C:\KEIL_V5\C51\LIB\C51FPL.LIB (?C?FPGETOPN)
  C:\KEIL_V5\C51\LIB\C51FPL.LIB (?C?FPSERIES)
  C:\KEIL_V5\C51\LIB\C51FPL.LIB (SQRT)
  C:\KEIL_V5\C51\LIB\C51FPL.LIB (ATAN)
  C:\KEIL_V5\C51\LIB\C51L.LIB (?C_INIT)
  C:\KEIL_V5\C51\LIB\C51L.LIB (?C?COPY)
  C:\KEIL_V5\C51\LIB\C51L.LIB (?C?CLDPTR)
  C:\KEIL_V5\C51\LIB\C51L.LIB (?C?CLDOPTR)
  C:\KEIL_V5\C51\LIB\C51L.LIB (?C?CSTPTR)
  C:\KEIL_V5\C51\LIB\C51L.LIB (?C?IMUL)
  C:\KEIL_V5\C51\LIB\C51L.LIB (?C?UIDIV)
  C:\KEIL_V5\C51\LIB\C51L.LIB (?C?SIDIV)
  C:\KEIL_V5\C51\LIB\C51L.LIB (?C?ILDIX)
  C:\KEIL_V5\C51\LIB\C51L.LIB (?C?ILDOPTR)
  C:\KEIL_V5\C51\LIB\C51L.LIB (?C?ISTPTR)
  C:\KEIL_V5\C51\LIB\C51L.LIB (?C?LMUL)
  C:\KEIL_V5\C51\LIB\C51L.LIB (?C?SLDIV)
  C:\KEIL_V5\C51\LIB\C51L.LIB (?C?LNEG)
  C:\KEIL_V5\C51\LIB\C51L.LIB (?C?ULCMP)
  C:\KEIL_V5\C51\LIB\C51L.LIB (?C?LSHL)
  C:\KEIL_V5\C51\LIB\C51L.LIB (?C?LLDPTR)
  C:\KEIL_V5\C51\LIB\C51L.LIB (?C?LLDOPTR)
  C:\KEIL_V5\C51\LIB\C51L.LIB (?C?LSTPTR)
  C:\KEIL_V5\C51\LIB\C51L.LIB (?C?LSTOPTR)
BL51 BANKED LINKER/LOCATER V6.22                                                      02/22/2019  14:54:55  PAGE 2


  C:\KEIL_V5\C51\LIB\C51L.LIB (?C?LLDXDATA)
  C:\KEIL_V5\C51\LIB\C51L.LIB (?C?LLDCODE)
  C:\KEIL_V5\C51\LIB\C51L.LIB (?C?LLDXDATA0)
  C:\KEIL_V5\C51\LIB\C51L.LIB (?C?LLDCODE0)
  C:\KEIL_V5\C51\LIB\C51L.LIB (?C?LLDPTR0)
  C:\KEIL_V5\C51\LIB\C51L.LIB (?C?LSTXDATA)
  C:\KEIL_V5\C51\LIB\C51L.LIB (?C?LSTKXDATA)
  C:\KEIL_V5\C51\LIB\C51L.LIB (?C?LSTKPTR)
  C:\KEIL_V5\C51\LIB\C51L.LIB (?C?OFFXADD)
  C:\KEIL_V5\C51\LIB\C51L.LIB (ABS)
  C:\KEIL_V5\C51\LIB\C51L.LIB (ATOI)
  C:\KEIL_V5\C51\LIB\C51L.LIB (?C?IILDX)
  C:\KEIL_V5\C51\LIB\C51L.LIB (?C?ULDIV)
  C:\KEIL_V5\C51\LIB\C51L.LIB (?C?LLDIDATA)
  C:\KEIL_V5\C51\LIB\C51L.LIB (?C?LLDPDATA)
  C:\KEIL_V5\C51\LIB\C51L.LIB (?C?LLDIDATA0)
  C:\KEIL_V5\C51\LIB\C51L.LIB (?C?LLDPDATA0)
  C:\KEIL_V5\C51\LIB\C51L.LIB (?C?LSTIDATA)
  C:\KEIL_V5\C51\LIB\C51L.LIB (?C?LSTPDATA)
  C:\KEIL_V5\C51\LIB\C51L.LIB (?C?LSTKIDATA)
  C:\KEIL_V5\C51\LIB\C51L.LIB (?C?LSTKPDATA)
  C:\KEIL_V5\C51\LIB\C51L.LIB (ISDIGIT)
  C:\KEIL_V5\C51\LIB\C51L.LIB (ISSPACE)


LINK MAP OF MODULE:  .\Obj\GPIO_RTC_Test (MAIN)


            TYPE    BASE      LENGTH    RELOCATION   SEGMENT NAME
            -----------------------------------------------------

            * * * * * * *   D A T A   M E M O R Y   * * * * * * *
            REG     0000H     0008H     ABSOLUTE     "REG BANK 0"
                    0008H     0018H                  *** GAP ***
            BIT     0020H.0   0000H.5   UNIT         ?BI?KEYPAD
            BIT     0020H.5   0000H.3   UNIT         _BIT_GROUP_
            BIT     0021H.0   0000H.1   UNIT         ?BI?MAIN
            BIT     0021H.1   0000H.1   UNIT         ?BI?_ATOI?ATOI
                    0021H.2   0000H.6                *** GAP ***
            IDATA   0022H     0001H     UNIT         ?STACK

            * * * * * * *  X D A T A   M E M O R Y  * * * * * * *
            XDATA   0000H     02EFH     UNIT         ?XD?BIPOLARMOTOR
            XDATA   02EFH     0142H     UNIT         _XDATA_GROUP_
            XDATA   0431H     00E3H     UNIT         ?XD?MAIN
            XDATA   0514H     0040H     UNIT         ?XD?_FINDDET4X4?BIPOLARMOTOR
            XDATA   0554H     0024H     UNIT         ?XD?_FINDDET3X3?BIPOLARMOTOR
            XDATA   0578H     0009H     UNIT         ?XD?KEYPAD
            XDATA   0581H     0008H     UNIT         ?XD?_AT25SF041_READ?AT25SF041
            XDATA   0589H     0005H     UNIT         ?XD?_ATOI?ATOI
            XDATA   058EH     0004H     UNIT         ?XD?_DISPLAY_PROX?MAIN
            XDATA   0592H     0003H     UNIT         ?XD?_SENDSTRING?UART1
            XDATA   0595H     0001H     UNIT         ?XD?UC_ACK?IOEXPANDER_PI4IOE5V96248
            XDATA   0596H     0001H     UNIT         ?XD?UC_NACK?IOEXPANDER_PI4IOE5V96248

            * * * * * * *   C O D E   M E M O R Y   * * * * * * *
            CODE    0000H     0003H     ABSOLUTE     
BL51 BANKED LINKER/LOCATER V6.22                                                      02/22/2019  14:54:55  PAGE 3


            CODE    0003H     0006H     UNIT         ?PR?_TEN?UART1
            CODE    0009H     0001H     UNIT         ?PR?TM0_ISR?MAIN
            CODE    000AH     0001H     UNIT         ?PR?_DECTOBCD?UART1
            CODE    000BH     0003H     ABSOLUTE     
            CODE    000EH     0B00H     UNIT         ?PR?_UPDATE_POSITION?BIPOLARMOTOR
            CODE    0B0EH     0AA0H     UNIT         ?PR?MAIN?MAIN
            CODE    15AEH     09B6H     UNIT         ?C?LIB_CODE
            CODE    1F64H     07A2H     UNIT         ?PR?SUNPOS?SUNPOS
            CODE    2706H     0355H     UNIT         ?C_INITSEG
            CODE    2A5BH     0309H     UNIT         ?PR?_FIND_REAL_MAX?CALIBRATION
            CODE    2D64H     02C0H     UNIT         ?PR?_FINDDET4X4?BIPOLARMOTOR
            CODE    3024H     02A0H     UNIT         ?PR?KEY_PROCESS?KEYPAD
            CODE    32C4H     01D1H     UNIT         ?PR?_FINDDET3X3?BIPOLARMOTOR
            CODE    3495H     018DH     UNIT         ?PR?KEY_SCAN?KEYPAD
            CODE    3622H     0188H     UNIT         ?PR?SIN?SIN
            CODE    37AAH     0172H     UNIT         ?PR?_DISPLAY_POS?MAIN
            CODE    391CH     013CH     UNIT         ?PR?_CALIBRATION?CALIBRATION
            CODE    3A58H     0122H     UNIT         ?PR?ATAN?ATAN
            CODE    3B7AH     0106H     UNIT         ?PR?_AT25SF041_READ?AT25SF041
            CODE    3C80H     00FBH     UNIT         ?PR?_AT25SF041_WRITE?AT25SF041
            CODE    3D7BH     00E9H     UNIT         ?PR?SPI_NOR_WRITE_DATA?AT25SF041
            CODE    3E64H     00DBH     UNIT         ?PR?_ATOI?ATOI
            CODE    3F3FH     00C3H     UNIT         ?PR?LINEAR_INTERPOLATE?BIPOLARMOTOR
            CODE    4002H     00BBH     UNIT         ?PR?VOLTAGE_IS_STABLE?CALIBRATION
            CODE    40BDH     00ADH     UNIT         ?PR?_WRITE_PI4IOE5V96248?IOEXPANDER_PI4IOE5V96248
            CODE    416AH     00ACH     UNIT         ?PR?SQRT?SQRT
            CODE    4216H     00A1H     UNIT         ?PR?READ_STATUS_REGISTER_BYTE1?AT25SF041
            CODE    42B7H     009DH     UNIT         ?PR?_ATAN2?ATAN2
            CODE    4354H     009CH     UNIT         ?PR?_MAX_VALUE?CALIBRATION
            CODE    43F0H     0095H     UNIT         ?PR?_DISPLAY_PROX?MAIN
            CODE    4485H     008CH     UNIT         ?C_C51STARTUP
            CODE    4511H     0084H     UNIT         ?PR?_DAY_OF_YEAR?PCF85063BTL
            CODE    4595H     0075H     UNIT         ?PR?_WRITEDATA?LCD_DRIVER_SPLC780D
            CODE    460AH     006FH     UNIT         ?PR?_READ_TIME?PCF85063BTL
            CODE    4679H     005AH     UNIT         ?PR?AT25SF041_CHIPERASE?AT25SF041
            CODE    46D3H     0059H     UNIT         ?PR?LCD_INIT?LCD_DRIVER_SPLC780D
            CODE    472CH     0050H     UNIT         ?PR?AT25SF041_WRITEENABLE?AT25SF041
            CODE    477CH     004AH     UNIT         ?PR?VONESTEPMOVE?BIPOLARMOTOR
            CODE    47C6H     004AH     UNIT         ?PR?ACOS?ACOS
            CODE    4810H     0044H     UNIT         ?C?LDIV
            CODE    4854H     0040H     UNIT         ?PR?_COMMAND?LCD_DRIVER_SPLC780D
            CODE    4894H     0040H     UNIT         ?PR?_STEP_MOVE?BIPOLARMOTOR
            CODE    48D4H     003BH     UNIT         ?PR?ASIN?ASIN
            CODE    490FH     0033H     UNIT         ?PR?_SENDSTRING?UART1
            CODE    4942H     002CH     UNIT         ?PR?_ADC_GETRESULT?ADC
            CODE    496EH     002BH     UNIT         ?PR?_WAIT_MS_I2C?IOEXPANDER_PI4IOE5V96248
            CODE    4999H     002BH     UNIT         ?PR?_WAIT_MS_SPINOR?AT25SF041
            CODE    49C4H     0028H     UNIT         ?PR?_MOVE?BIPOLARMOTOR
            CODE    49ECH     0027H     UNIT         ?PR?_I2C_SENDBYTE?IOEXPANDER_PI4IOE5V96248
            CODE    4A13H     0024H     UNIT         ?PR?_WAIT_MS?LCD_DRIVER_SPLC780D
            CODE    4A37H     0020H     UNIT         ?PR?_SPI_SENDBYTE?PCF85063BTL
            CODE    4A57H     0020H     UNIT         ?PR?SPI_RECEIVEBYTE?PCF85063BTL
            CODE    4A77H     001FH     UNIT         ?PR?ADC_INIT?ADC
            CODE    4A96H     001EH     UNIT         ?PR?_DELAY_MS?KEYPAD
            CODE    4AB4H     001DH     UNIT         ?PR?_DISPLAYLCD?LCD_DRIVER_SPLC780D
            CODE    4AD1H     001BH     UNIT         ?PR?_BCDTODEC1?BIPOLARMOTOR
            CODE    4AECH     0018H     UNIT         ?PR?_SPI_WRITETIME?PCF85063BTL
BL51 BANKED LINKER/LOCATER V6.22                                                      02/22/2019  14:54:55  PAGE 4


            CODE    4B04H     0017H     UNIT         ?PR?_ASCIITOBCD?UART1
            CODE    4B1BH     0016H     UNIT         ?PR?I2C_ACK?IOEXPANDER_PI4IOE5V96248
            CODE    4B31H     0015H     UNIT         ?PR?_DISPLAY_LINE?LCD_DRIVER_SPLC780D
            CODE    4B46H     0015H     UNIT         ?PR?I2C_STOP?IOEXPANDER_PI4IOE5V96248
            CODE    4B5BH     0014H     UNIT         ?PR?_PCF85063BTL_DELAY?PCF85063BTL
            CODE    4B6FH     0014H     UNIT         ?PR?_ISSPACE?ISSPACE
            CODE    4B83H     0011H     UNIT         ?PR?_SPI_READTIME?PCF85063BTL
            CODE    4B94H     0011H     UNIT         ?PR?_BCDTODEC?PCF85063BTL
            CODE    4BA5H     0011H     UNIT         ?PR?INITUART1?UART1
            CODE    4BB6H     000FH     UNIT         ?PR?I2C_START?IOEXPANDER_PI4IOE5V96248
            CODE    4BC5H     000FH     UNIT         ?PR?UC_NACK?IOEXPANDER_PI4IOE5V96248
            CODE    4BD4H     000FH     UNIT         ?PR?_ISDIGIT?ISDIGIT
            CODE    4BE3H     000DH     UNIT         ?PR?SPI_INIT?PCF85063BTL
            CODE    4BF0H     000CH     UNIT         ?PR?KEYPAD_IO_INIT?KEYPAD
            CODE    4BFCH     000CH     UNIT         ?PR?_ABS?ABS
            CODE    4C08H     000AH     UNIT         ?PR?LCD_RETURN_HOME?LCD_DRIVER_SPLC780D
            CODE    4C12H     000AH     UNIT         ?PR?LCD_CLEAR?LCD_DRIVER_SPLC780D
            CODE    4C1CH     0006H     UNIT         ?PR?UC_ACK?IOEXPANDER_PI4IOE5V96248
            CODE    4C22H     0005H     UNIT         ?PR?_UNIT?UART1
            CODE    4C27H     0005H     UNIT         ?PR?_ASCII_LETTER?UART1
            CODE    4C2CH     0001H     UNIT         ?PR?WAIT?BIPOLARMOTOR
            CODE    4C2DH     0001H     UNIT         ?PR?NOP?IOEXPANDER_PI4IOE5V96248



OVERLAY MAP OF MODULE:   .\Obj\GPIO_RTC_Test (MAIN)


SEGMENT                                             BIT_GROUP          XDATA_GROUP
  +--> CALLED SEGMENT                            START    LENGTH     START    LENGTH
------------------------------------------------------------------------------------
?C_C51STARTUP                                    -----    -----      -----    -----
  +--> ?PR?MAIN?MAIN
  +--> ?C_INITSEG

?PR?MAIN?MAIN                                    -----    -----      02EFH    0021H
  +--> ?PR?LCD_INIT?LCD_DRIVER_SPLC780D
  +--> ?PR?SPI_INIT?PCF85063BTL
  +--> ?PR?KEYPAD_IO_INIT?KEYPAD
  +--> ?PR?ADC_INIT?ADC
  +--> ?PR?_SPI_WRITETIME?PCF85063BTL
  +--> ?PR?_DELAY_MS?KEYPAD
  +--> ?PR?_DISPLAY_LINE?LCD_DRIVER_SPLC780D
  +--> ?PR?_WRITEDATA?LCD_DRIVER_SPLC780D
  +--> ?PR?KEY_PROCESS?KEYPAD
  +--> ?PR?_COMMAND?LCD_DRIVER_SPLC780D
  +--> ?PR?_DISPLAY_POS?MAIN
  +--> ?PR?_DISPLAYLCD?LCD_DRIVER_SPLC780D
  +--> ?PR?_STEP_MOVE?BIPOLARMOTOR
  +--> ?PR?LCD_RETURN_HOME?LCD_DRIVER_SPLC780D
  +--> ?PR?_READ_TIME?PCF85063BTL
  +--> ?PR?_ADC_GETRESULT?ADC
  +--> ?PR?_BCDTODEC1?BIPOLARMOTOR
  +--> ?PR?_CALIBRATION?CALIBRATION
  +--> ?PR?_WAIT_MS_SPINOR?AT25SF041
  +--> ?PR?SPI_NOR_WRITE_DATA?AT25SF041
  +--> ?PR?LINEAR_INTERPOLATE?BIPOLARMOTOR
BL51 BANKED LINKER/LOCATER V6.22                                                      02/22/2019  14:54:55  PAGE 5


  +--> ?PR?_UPDATE_POSITION?BIPOLARMOTOR

?PR?LCD_INIT?LCD_DRIVER_SPLC780D                 -----    -----      -----    -----
  +--> ?PR?_WAIT_MS?LCD_DRIVER_SPLC780D
  +--> ?PR?_COMMAND?LCD_DRIVER_SPLC780D

?PR?_COMMAND?LCD_DRIVER_SPLC780D                 -----    -----      -----    -----
  +--> ?PR?_WAIT_MS?LCD_DRIVER_SPLC780D

?PR?ADC_INIT?ADC                                 -----    -----      -----    -----
  +--> ?PR?_WAIT_MS?LCD_DRIVER_SPLC780D

?PR?_SPI_WRITETIME?PCF85063BTL                   -----    -----      -----    -----
  +--> ?PR?_SPI_SENDBYTE?PCF85063BTL

?PR?_SPI_SENDBYTE?PCF85063BTL                    -----    -----      -----    -----
  +--> ?PR?_PCF85063BTL_DELAY?PCF85063BTL

?PR?_DISPLAY_LINE?LCD_DRIVER_SPLC780D            -----    -----      -----    -----
  +--> ?PR?_COMMAND?LCD_DRIVER_SPLC780D

?PR?_WRITEDATA?LCD_DRIVER_SPLC780D               -----    -----      03BDH    0001H
  +--> ?PR?_WAIT_MS?LCD_DRIVER_SPLC780D

?PR?KEY_PROCESS?KEYPAD                           -----    -----      0310H    0006H
  +--> ?PR?KEY_SCAN?KEYPAD
  +--> ?PR?_SPI_WRITETIME?PCF85063BTL
  +--> ?PR?LCD_CLEAR?LCD_DRIVER_SPLC780D
  +--> ?PR?_COMMAND?LCD_DRIVER_SPLC780D
  +--> ?PR?_WRITEDATA?LCD_DRIVER_SPLC780D

?PR?KEY_SCAN?KEYPAD                              -----    -----      0316H    0003H

?PR?LCD_CLEAR?LCD_DRIVER_SPLC780D                -----    -----      -----    -----
  +--> ?PR?_COMMAND?LCD_DRIVER_SPLC780D

?PR?_DISPLAY_POS?MAIN                            -----    -----      03B3H    000AH
  +--> ?PR?_ABS?ABS
  +--> ?PR?_WRITEDATA?LCD_DRIVER_SPLC780D

?PR?_DISPLAYLCD?LCD_DRIVER_SPLC780D              -----    -----      0310H    0001H
  +--> ?PR?_WRITEDATA?LCD_DRIVER_SPLC780D

?PR?_STEP_MOVE?BIPOLARMOTOR                      0020H.6  0000H.1    03CCH    0004H
  +--> ?PR?VONESTEPMOVE?BIPOLARMOTOR

?PR?VONESTEPMOVE?BIPOLARMOTOR                    0020H.7  0000H.1    -----    -----
  +--> ?PR?_WRITE_PI4IOE5V96248?IOEXPANDER_P...
  +--> ?PR?_DELAY_MS?KEYPAD

?PR?_WRITE_PI4IOE5V96248?IOEXPANDER_P...         -----    -----      03D0H    0003H
  +--> ?PR?I2C_START?IOEXPANDER_PI4IOE5V96248
  +--> ?PR?_WAIT_MS_I2C?IOEXPANDER_PI4IOE5V9...
  +--> ?PR?_I2C_SENDBYTE?IOEXPANDER_PI4IOE5V...
  +--> ?PR?I2C_ACK?IOEXPANDER_PI4IOE5V96248
  +--> ?PR?I2C_STOP?IOEXPANDER_PI4IOE5V96248

BL51 BANKED LINKER/LOCATER V6.22                                                      02/22/2019  14:54:55  PAGE 6


?PR?I2C_START?IOEXPANDER_PI4IOE5V96248           -----    -----      -----    -----
  +--> ?PR?_WAIT_MS_I2C?IOEXPANDER_PI4IOE5V9...

?PR?_I2C_SENDBYTE?IOEXPANDER_PI4IOE5V...         -----    -----      -----    -----
  +--> ?PR?_WAIT_MS_I2C?IOEXPANDER_PI4IOE5V9...

?PR?I2C_ACK?IOEXPANDER_PI4IOE5V96248             -----    -----      03D3H    0001H
  +--> ?PR?_WAIT_MS_I2C?IOEXPANDER_PI4IOE5V9...

?PR?I2C_STOP?IOEXPANDER_PI4IOE5V96248            -----    -----      -----    -----
  +--> ?PR?_WAIT_MS_I2C?IOEXPANDER_PI4IOE5V9...

?PR?LCD_RETURN_HOME?LCD_DRIVER_SPLC780D          -----    -----      -----    -----
  +--> ?PR?_COMMAND?LCD_DRIVER_SPLC780D

?PR?_READ_TIME?PCF85063BTL                       -----    -----      0310H    000FH
  +--> ?PR?_SPI_READTIME?PCF85063BTL

?PR?_SPI_READTIME?PCF85063BTL                    -----    -----      -----    -----
  +--> ?PR?_SPI_SENDBYTE?PCF85063BTL
  +--> ?PR?SPI_RECEIVEBYTE?PCF85063BTL

?PR?SPI_RECEIVEBYTE?PCF85063BTL                  -----    -----      -----    -----
  +--> ?PR?_PCF85063BTL_DELAY?PCF85063BTL

?PR?_CALIBRATION?CALIBRATION                     -----    -----      0310H    0019H
  +--> ?PR?VOLTAGE_IS_STABLE?CALIBRATION
  +--> ?PR?_UPDATE_POSITION?BIPOLARMOTOR
  +--> ?PR?_FIND_REAL_MAX?CALIBRATION

?PR?VOLTAGE_IS_STABLE?CALIBRATION                -----    -----      0329H    0018H
  +--> ?PR?_ADC_GETRESULT?ADC
  +--> ?PR?_ABS?ABS

?PR?_UPDATE_POSITION?BIPOLARMOTOR                -----    -----      0329H    009FH
  +--> ?PR?_BCDTODEC1?BIPOLARMOTOR
  +--> ?PR?SUNPOS?SUNPOS
  +--> ?PR?SIN?SIN
  +--> ?PR?ASIN?ASIN
  +--> ?PR?LINEAR_INTERPOLATE?BIPOLARMOTOR
  +--> ?PR?_ABS?ABS
  +--> ?PR?_MOVE?BIPOLARMOTOR

?PR?SUNPOS?SUNPOS                                -----    -----      03C8H    005DH
  +--> ?PR?SIN?SIN
  +--> ?PR?_ATAN2?ATAN2
  +--> ?PR?ASIN?ASIN
  +--> ?PR?ACOS?ACOS

?PR?SIN?SIN                                      0020H.5  0000H.1    0425H    0004H

?PR?_ATAN2?ATAN2                                 -----    -----      0425H    0008H
  +--> ?PR?ATAN?ATAN

?PR?ATAN?ATAN                                    0020H.5  0000H.2    042DH    0004H

?PR?ASIN?ASIN                                    -----    -----      -----    -----
BL51 BANKED LINKER/LOCATER V6.22                                                      02/22/2019  14:54:55  PAGE 7


  +--> ?PR?SQRT?SQRT
  +--> ?PR?ATAN?ATAN

?PR?SQRT?SQRT                                    -----    -----      0425H    0004H

?PR?ACOS?ACOS                                    -----    -----      -----    -----
  +--> ?PR?SQRT?SQRT
  +--> ?PR?ATAN?ATAN

?PR?LINEAR_INTERPOLATE?BIPOLARMOTOR              -----    -----      03C8H    0014H

?PR?_MOVE?BIPOLARMOTOR                           0020H.5  0000H.1    03C8H    0004H
  +--> ?PR?_STEP_MOVE?BIPOLARMOTOR

?PR?_FIND_REAL_MAX?CALIBRATION                   -----    -----      0329H    008AH
  +--> ?PR?_ADC_GETRESULT?ADC
  +--> ?PR?_MOVE?BIPOLARMOTOR
  +--> ?PR?_COMMAND?LCD_DRIVER_SPLC780D
  +--> ?PR?_WRITEDATA?LCD_DRIVER_SPLC780D
  +--> ?PR?_DISPLAY_POS?MAIN
  +--> ?PR?_WAIT_MS?LCD_DRIVER_SPLC780D
  +--> ?PR?_MAX_VALUE?CALIBRATION

?PR?_MAX_VALUE?CALIBRATION                       -----    -----      03B3H    0004H

?PR?SPI_NOR_WRITE_DATA?AT25SF041                 -----    -----      0310H    000EH
  +--> ?PR?AT25SF041_WRITEENABLE?AT25SF041
  +--> ?PR?AT25SF041_CHIPERASE?AT25SF041
  +--> ?PR?_WAIT_MS_SPINOR?AT25SF041
  +--> ?PR?_AT25SF041_WRITE?AT25SF041

?PR?AT25SF041_WRITEENABLE?AT25SF041              -----    -----      031EH    0002H
  +--> ?PR?_WAIT_MS_SPINOR?AT25SF041

?PR?AT25SF041_CHIPERASE?AT25SF041                -----    -----      031EH    0002H
  +--> ?PR?_WAIT_MS_SPINOR?AT25SF041
  +--> ?PR?READ_STATUS_REGISTER_BYTE1?AT25SF041

?PR?READ_STATUS_REGISTER_BYTE1?AT25SF041         -----    -----      0320H    0003H
  +--> ?PR?_WAIT_MS_SPINOR?AT25SF041

?PR?_AT25SF041_WRITE?AT25SF041                   -----    -----      031EH    0008H
  +--> ?PR?_WAIT_MS_SPINOR?AT25SF041



UNRESOLVED EXTERNAL SYMBOLS:
   AUTO_MODE
   _SENDUART1



SYMBOL TABLE OF MODULE:  .\Obj\GPIO_RTC_Test (MAIN)

  VALUE           TYPE          NAME
  ----------------------------------

BL51 BANKED LINKER/LOCATER V6.22                                                      02/22/2019  14:54:55  PAGE 8


  -------         MODULE        MAIN
  C:0000H         SYMBOL        _ICE_DUMMY_
  X:0439H         PUBLIC        calib_value
  D:0080H         PUBLIC        P0
  D:00B2H         PUBLIC        P3M0
  D:0090H         PUBLIC        P1
  D:00B1H         PUBLIC        P3M1
  D:00A0H         PUBLIC        P2
  D:00B0H         PUBLIC        P3
  D:00C0H         PUBLIC        P4
  D:00C8H         PUBLIC        P5
  X:048DH         SYMBOL        PressedKey
  B:00A8H.7       PUBLIC        EA
  D:00E8H         PUBLIC        P6
  X:0491H         PUBLIC        calib_stamp
  D:00F8H         PUBLIC        P7
  X:0492H         PUBLIC        RX_Data_Uart_Cnt
  D:00A8H         PUBLIC        IE
  X:0494H         PUBLIC        dat_to_store
  X:049FH         PUBLIC        calib_time
  X:04F3H         PUBLIC        theorical_JP_max_pos
  D:00B8H         PUBLIC        IP
  X:04F7H         PUBLIC        months
  D:00D8H         PUBLIC        CCON
  C:0B0EH         PUBLIC        main
  X:04F8H         PUBLIC        count
  X:04FAH         PUBLIC        days
  X:04FBH         PUBLIC        hours
  D:0098H         PUBLIC        SCON
  D:0089H         PUBLIC        TMOD
  D:0088H         PUBLIC        TCON
  B:00A0H.3       PUBLIC        P23
  X:04FCH         SYMBOL        KeyCount
  X:04FEH         PUBLIC        mins
  X:04FFH         PUBLIC        Rec_data_hour
  B:00C8H.5       PUBLIC        P55
  X:0502H         PUBLIC        Rec_data_min
  D:008EH         PUBLIC        AUXR
  C:0009H         PUBLIC        tm0_isr
  B:0021H.0       PUBLIC        busy
  B:00A8H.1       PUBLIC        ET0
  D:008CH         PUBLIC        TH0
  X:0505H         PUBLIC        hour_count
  D:008AH         PUBLIC        TL0
  X:0506H         PUBLIC        min_count
  B:0088H.4       PUBLIC        TR0
  X:0507H         SYMBOL        KeyNum
  X:0508H         SYMBOL        KeyNum_Old
  X:0509H         PUBLIC        current_position
  X:050DH         PUBLIC        hours1
  X:050EH         PUBLIC        hours2
  C:43F0H         PUBLIC        _Display_Prox
  X:050FH         PUBLIC        mins1
  X:0510H         PUBLIC        mins2
  C:37AAH         PUBLIC        _Display_Pos
  X:0511H         PUBLIC        seconds
  X:0512H         PUBLIC        st_time
BL51 BANKED LINKER/LOCATER V6.22                                                      02/22/2019  14:54:55  PAGE 9


  D:00D0H         PUBLIC        PSW
  -------         PROC          TM0_ISR
  C:0009H         LINE#         86
  C:0009H         LINE#         88
  -------         ENDPROC       TM0_ISR
  -------         PROC          MAIN
  -------         DO            
  X:02EFH         SYMBOL        sunlight_ADC
  X:0431H         SYMBOL        KeyCount
  X:0433H         SYMBOL        KeyNum_Old
  X:0434H         SYMBOL        KeyNum
  X:0435H         SYMBOL        PressedKey
  X:02F1H         SYMBOL        prox_flag
  X:02F2H         SYMBOL        iUse_prevday_calib_value
  X:02F4H         SYMBOL        max_ADC_Val
  X:02F6H         SYMBOL        max_ADC_Val_JP
  X:02F8H         SYMBOL        calib_point1
  X:0300H         SYMBOL        calib_point2
  X:0308H         SYMBOL        calib_day
  X:030AH         SYMBOL        calib_count
  X:030CH         SYMBOL        SPI_NOR_INTERNAL_FLASH_ADDR
  -------         ENDDO         
  C:0B0EH         LINE#         90
  C:0B0EH         LINE#         91
  C:0B0EH         LINE#         96
  C:0B14H         LINE#         97
  C:0B21H         LINE#         101
  C:0B27H         LINE#         103
  C:0B31H         LINE#         107
  C:0B33H         LINE#         108
  C:0B35H         LINE#         109
  C:0B37H         LINE#         110
  C:0B39H         LINE#         112
  C:0B40H         LINE#         121
  C:0B42H         LINE#         122
  C:0B45H         LINE#         123
  C:0B48H         LINE#         124
  C:0B4BH         LINE#         125
  C:0B4EH         LINE#         126
  C:0B51H         LINE#         129
  C:0B54H         LINE#         131
  C:0B57H         LINE#         132
  C:0B5AH         LINE#         133
  C:0B5DH         LINE#         134
  C:0B5FH         LINE#         135
  C:0B61H         LINE#         136
  C:0B63H         LINE#         138
  C:0B65H         LINE#         139
  C:0B6CH         LINE#         140
  C:0B73H         LINE#         141
  C:0B7AH         LINE#         142
  C:0B81H         LINE#         146
  C:0B88H         LINE#         147
  C:0B8DH         LINE#         148
  C:0B92H         LINE#         149
  C:0B97H         LINE#         150
  C:0B9CH         LINE#         151
BL51 BANKED LINKER/LOCATER V6.22                                                      02/22/2019  14:54:55  PAGE 10


  C:0BA1H         LINE#         154
  C:0BBAH         LINE#         155
  C:0BBAH         LINE#         156
  C:0BD6H         LINE#         157
  C:0C1DH         LINE#         158
  C:0C2EH         LINE#         159
  C:0C2EH         LINE#         160
  C:0C2EH         LINE#         161
  C:0C31H         LINE#         164
  C:0C31H         LINE#         167
  C:0C36H         LINE#         168
  C:0C3BH         LINE#         170
  C:0C40H         LINE#         171
  C:0C45H         LINE#         172
  C:0C4AH         LINE#         173
  C:0C4FH         LINE#         175
  C:0C60H         LINE#         176
  C:0C65H         LINE#         177
  C:0C6AH         LINE#         179
  C:0C71H         LINE#         180
  C:0C79H         LINE#         181
  C:0C7EH         LINE#         182
  C:0C86H         LINE#         183
  C:0C8BH         LINE#         184
  C:0C95H         LINE#         185
  C:0C9AH         LINE#         186
  C:0CA2H         LINE#         188
  C:0CAAH         LINE#         189
  C:0CAFH         LINE#         190
  C:0CB9H         LINE#         191
  C:0CB9H         LINE#         192
  C:0CBBH         LINE#         193
  C:0CBDH         LINE#         194
  C:0CC7H         LINE#         195
  C:0CC7H         LINE#         196
  C:0CCCH         LINE#         197
  C:0CCCH         LINE#         209
  C:0CD9H         LINE#         210
  C:0CD9H         LINE#         211
  C:0CE3H         LINE#         212
  C:0CFAH         LINE#         213
  C:0CFAH         LINE#         214
  C:0CFCH         LINE#         215
  C:0CFEH         LINE#         217
  C:0CFEH         LINE#         218
  C:0D09H         LINE#         219
  C:0D09H         LINE#         220
  C:0D0EH         LINE#         221
  C:0D0EH         LINE#         222
  C:0D1BH         LINE#         223
  C:0D1BH         LINE#         226
  C:0D25H         LINE#         227
  C:0D3CH         LINE#         228
  C:0D3CH         LINE#         229
  C:0D3EH         LINE#         230
  C:0D40H         LINE#         232
  C:0D40H         LINE#         233
BL51 BANKED LINKER/LOCATER V6.22                                                      02/22/2019  14:54:55  PAGE 11


  C:0D4BH         LINE#         234
  C:0D4BH         LINE#         235
  C:0D50H         LINE#         236
  C:0D52H         LINE#         237
  C:0D52H         LINE#         246
  C:0D74H         LINE#         247
  C:0D74H         LINE#         248
  C:0D7EH         LINE#         249
  C:0D84H         LINE#         250
  C:0D86H         LINE#         251
  C:0D88H         LINE#         252
  C:0D8AH         LINE#         253
  C:0D8AH         LINE#         254
  C:0D8DH         LINE#         256
  C:0D8DH         LINE#         257
  C:0D93H         LINE#         258
  C:0D9BH         LINE#         259
  C:0DA1H         LINE#         260
  C:0DA9H         LINE#         261
  C:0DE4H         LINE#         265
  C:0DF1H         LINE#         266
  C:0DF1H         LINE#         267
  C:0DFEH         LINE#         268
  C:0E31H         LINE#         269
  C:0E3EH         LINE#         270
  C:0E3EH         LINE#         272
  C:0E6DH         LINE#         273
  C:0E6DH         LINE#         274
  C:0E8FH         LINE#         275
  C:0E8FH         LINE#         276
  C:0F0BH         LINE#         277
  C:0F89H         LINE#         281
  C:0F91H         LINE#         282
  C:0F99H         LINE#         283
  C:0FA1H         LINE#         285
  C:0FA9H         LINE#         286
  C:0FBDH         LINE#         287
  C:0FD3H         LINE#         289
  C:1003H         LINE#         290
  C:1017H         LINE#         291
  C:102BH         LINE#         294
  C:1041H         LINE#         295
  C:106BH         LINE#         360
  C:1072H         LINE#         361
  C:1072H         LINE#         362
  C:1075H         LINE#         363
  C:1086H         LINE#         364
  C:1086H         LINE#         365
  C:1086H         LINE#         367
  C:1086H         LINE#         370
  C:1089H         LINE#         372
  C:1089H         LINE#         373
  C:10ABH         LINE#         374
  C:10ABH         LINE#         375
  C:1127H         LINE#         376
  C:117CH         LINE#         377
  C:117CH         LINE#         378
BL51 BANKED LINKER/LOCATER V6.22                                                      02/22/2019  14:54:55  PAGE 12


  C:117CH         LINE#         379
  C:117FH         LINE#         383
  C:117FH         LINE#         386
  C:11B3H         LINE#         387
  C:11B3H         LINE#         388
  C:11D5H         LINE#         389
  C:11D5H         LINE#         390
  C:1251H         LINE#         391
  C:12CFH         LINE#         395
  C:12D7H         LINE#         396
  C:12DFH         LINE#         397
  C:12E7H         LINE#         399
  C:12EFH         LINE#         401
  C:1305H         LINE#         403
  C:1335H         LINE#         407
  C:134BH         LINE#         408
  C:137BH         LINE#         409
  C:139FH         LINE#         411
  C:13A2H         LINE#         412
  C:13B3H         LINE#         413
  C:13B3H         LINE#         414
  C:13BBH         LINE#         416
  C:13BBH         LINE#         419
  C:13BEH         LINE#         421
  C:13BEH         LINE#         423
  C:13E0H         LINE#         424
  C:13E0H         LINE#         425
  C:145CH         LINE#         427
  C:1489H         LINE#         428
  C:14A4H         LINE#         429
  C:14D1H         LINE#         430
  C:14ECH         LINE#         432
  C:1588H         LINE#         435
  C:1588H         LINE#         436
  C:1588H         LINE#         437
  C:1588H         LINE#         439
  C:1588H         LINE#         442
  C:15A4H         LINE#         443
  C:15A9H         LINE#         445
  C:15ABH         LINE#         446
  -------         ENDPROC       MAIN
  -------         PROC          _DISPLAY_PROX
  D:0002H         SYMBOL        dat
  -------         DO            
  X:058EH         SYMBOL        unit
  X:058FH         SYMBOL        ten
  X:0590H         SYMBOL        hundred
  X:0591H         SYMBOL        thousand
  -------         ENDDO         
  C:43F0H         LINE#         530
  C:43F4H         LINE#         531
  C:43F4H         LINE#         533
  C:4400H         LINE#         534
  C:4410H         LINE#         535
  C:442CH         LINE#         536
  C:445CH         LINE#         537
  C:4466H         LINE#         538
BL51 BANKED LINKER/LOCATER V6.22                                                      02/22/2019  14:54:55  PAGE 13


  C:4470H         LINE#         539
  C:447AH         LINE#         540
  C:4484H         LINE#         542
  -------         ENDPROC       _DISPLAY_PROX
  -------         PROC          _DISPLAY_POS
  X:03B3H         SYMBOL        sign_dat
  -------         DO            
  X:03B7H         SYMBOL        unit
  X:03B8H         SYMBOL        ten
  X:03B9H         SYMBOL        hundred
  D:0003H         SYMBOL        thousand
  X:03BAH         SYMBOL        after_dot
  X:03BBH         SYMBOL        dat
  -------         ENDDO         
  C:37AAH         LINE#         545
  C:37B0H         LINE#         546
  C:37B0H         LINE#         550
  C:37CCH         LINE#         551
  C:37E6H         LINE#         552
  C:380AH         LINE#         554
  C:3854H         LINE#         556
  C:386BH         LINE#         557
  C:3878H         LINE#         558
  C:389AH         LINE#         559
  C:38CFH         LINE#         560
  C:38E7H         LINE#         561
  C:38E7H         LINE#         563
  C:38E7H         LINE#         564
  C:38E7H         LINE#         565
  C:38E7H         LINE#         566
  C:38E7H         LINE#         567
  C:38E7H         LINE#         571
  C:38E9H         LINE#         573
  C:38E9H         LINE#         575
  C:38EEH         LINE#         576
  C:38F8H         LINE#         577
  C:3902H         LINE#         578
  C:390CH         LINE#         579
  C:3911H         LINE#         580
  C:391BH         LINE#         584
  C:391BH         LINE#         586
  -------         ENDPROC       _DISPLAY_POS
  -------         ENDMOD        MAIN

  -------         MODULE        PCF85063BTL
  C:0000H         SYMBOL        _ICE_DUMMY_
  D:0096H         PUBLIC        P2M0
  D:0080H         PUBLIC        P0
  D:0095H         PUBLIC        P2M1
  D:0090H         PUBLIC        P1
  D:00A0H         PUBLIC        P2
  D:00B0H         PUBLIC        P3
  D:00C0H         PUBLIC        P4
  D:00C8H         PUBLIC        P5
  D:00E8H         PUBLIC        P6
  B:00A0H.1       PUBLIC        PCF85063BTL_SDI
  D:00F8H         PUBLIC        P7
BL51 BANKED LINKER/LOCATER V6.22                                                      02/22/2019  14:54:55  PAGE 14


  B:00A0H.2       PUBLIC        PCF85063BTL_SCK
  B:00A0H.1       PUBLIC        PCF85063BTL_SDO
  D:00A8H         PUBLIC        IE
  C:460AH         PUBLIC        _Read_time
  C:4B61H         PUBLIC        _PCF85063BTL_Delay
  D:00B8H         PUBLIC        IP
  D:00D8H         PUBLIC        CCON
  C:4511H         PUBLIC        _Day_Of_Year
  C:4A57H         PUBLIC        SPI_ReceiveByte
  D:0098H         PUBLIC        SCON
  D:0088H         PUBLIC        TCON
  C:4B94H         PUBLIC        _BCDtoDec
  B:00A0H.0       PUBLIC        PCF85063BTL_CS
  C:4B83H         PUBLIC        _SPI_ReadTime
  C:4BE3H         PUBLIC        SPI_Init
  C:4AECH         PUBLIC        _SPI_WriteTime
  C:4A37H         PUBLIC        _SPI_SendByte
  D:00D0H         PUBLIC        PSW
  C:4B5DH         SYMBOL        L?0047
  -------         PROC          L?0046
  -------         ENDPROC       L?0046
  C:4B5DH         SYMBOL        L?0047
  -------         PROC          _PCF85063BTL_DELAY
  D:0006H         SYMBOL        us
  C:4B61H         LINE#         8
  C:4B61H         LINE#         9
  C:4B61H         LINE#         10
  C:4B6BH         LINE#         11
  C:4B6BH         LINE#         12
  C:4B6CH         LINE#         13
  C:4B6EH         LINE#         14
  -------         ENDPROC       _PCF85063BTL_DELAY
  -------         PROC          _SPI_SENDBYTE
  D:0005H         SYMBOL        dat
  -------         DO            
  D:0003H         SYMBOL        i
  -------         ENDDO         
  C:4A37H         LINE#         17
  C:4A39H         LINE#         18
  C:4A39H         LINE#         20
  C:4A3BH         LINE#         21
  C:4A3BH         LINE#         22
  C:4A3DH         LINE#         23
  C:4A41H         LINE#         24
  C:4A41H         LINE#         25
  C:4A43H         LINE#         26
  C:4A45H         LINE#         28
  C:4A45H         LINE#         29
  C:4A47H         LINE#         30
  C:4A47H         LINE#         31
  C:4A4AH         LINE#         32
  C:4A4AH         LINE#         33
  C:4A4DH         LINE#         34
  C:4A51H         LINE#         35
  C:4A56H         LINE#         36
  -------         ENDPROC       _SPI_SENDBYTE
  -------         PROC          SPI_RECEIVEBYTE
BL51 BANKED LINKER/LOCATER V6.22                                                      02/22/2019  14:54:55  PAGE 15


  -------         DO            
  D:0003H         SYMBOL        i
  D:0005H         SYMBOL        dat
  -------         ENDDO         
  C:4A57H         LINE#         39
  C:4A57H         LINE#         40
  C:4A57H         LINE#         42
  C:4A59H         LINE#         44
  C:4A5BH         LINE#         45
  C:4A5CH         LINE#         46
  C:4A5CH         LINE#         47
  C:4A60H         LINE#         48
  C:4A62H         LINE#         49
  C:4A65H         LINE#         51
  C:4A68H         LINE#         52
  C:4A68H         LINE#         53
  C:4A6CH         LINE#         54
  C:4A6CH         LINE#         55
  C:4A6CH         LINE#         56
  C:4A6FH         LINE#         57
  C:4A74H         LINE#         58
  C:4A76H         LINE#         59
  -------         ENDPROC       SPI_RECEIVEBYTE
  -------         PROC          _SPI_READTIME
  D:0007H         SYMBOL        addr
  -------         DO            
  D:0006H         SYMBOL        dat
  -------         ENDDO         
  C:4B83H         LINE#         61
  C:4B83H         LINE#         62
  C:4B83H         LINE#         64
  C:4B85H         LINE#         65
  C:4B87H         LINE#         66
  C:4B8EH         LINE#         67
  C:4B91H         LINE#         68
  C:4B93H         LINE#         69
  C:4B93H         LINE#         70
  -------         ENDPROC       _SPI_READTIME
  -------         PROC          _SPI_WRITETIME
  D:0002H         SYMBOL        val
  D:0005H         SYMBOL        addr
  C:4AECH         LINE#         71
  C:4AEEH         LINE#         72
  C:4AEEH         LINE#         74
  C:4AF0H         LINE#         75
  C:4AF7H         LINE#         76
  C:4AFCH         LINE#         77
  C:4B01H         LINE#         78
  C:4B03H         LINE#         79
  -------         ENDPROC       _SPI_WRITETIME
  -------         PROC          SPI_INIT
  C:4BE3H         LINE#         83
  C:4BE3H         LINE#         84
  C:4BE3H         LINE#         89
  C:4BE6H         LINE#         90
  C:4BE9H         LINE#         91
  C:4BEBH         LINE#         92
BL51 BANKED LINKER/LOCATER V6.22                                                      02/22/2019  14:54:55  PAGE 16


  C:4BEDH         LINE#         93
  C:4BEFH         LINE#         94
  -------         ENDPROC       SPI_INIT
  -------         PROC          _READ_TIME
  X:0310H         SYMBOL        months
  X:0313H         SYMBOL        days
  X:0316H         SYMBOL        hours
  X:0319H         SYMBOL        mins
  X:031CH         SYMBOL        seconds
  C:460AH         LINE#         96
  C:4615H         LINE#         97
  C:4615H         LINE#         99
  C:4629H         LINE#         101
  C:463DH         LINE#         103
  C:4651H         LINE#         108
  C:4665H         LINE#         113
  -------         ENDPROC       _READ_TIME
  -------         PROC          _BCDTODEC
  D:0007H         SYMBOL        bcd
  -------         DO            
  D:0006H         SYMBOL        hi
  D:0007H         SYMBOL        lo
  -------         ENDDO         
  C:4B94H         LINE#         119
  C:4B94H         LINE#         120
  C:4B94H         LINE#         122
  C:4B99H         LINE#         123
  C:4B9DH         LINE#         124
  C:4BA4H         LINE#         125
  -------         ENDPROC       _BCDTODEC
  -------         PROC          _DAY_OF_YEAR
  D:0007H         SYMBOL        months_bcd
  D:0005H         SYMBOL        days_bcd
  -------         DO            
  D:0004H         SYMBOL        months
  D:0007H         SYMBOL        days
  -------         ENDDO         
  C:4511H         LINE#         126
  C:4511H         LINE#         127
  C:4511H         LINE#         130
  C:4516H         LINE#         132
  C:451BH         LINE#         134
  C:4554H         LINE#         135
  C:4554H         LINE#         136
  C:4554H         LINE#         137
  C:4557H         LINE#         138
  C:4557H         LINE#         139
  C:4557H         LINE#         140
  C:455CH         LINE#         141
  C:455CH         LINE#         142
  C:455CH         LINE#         143
  C:4561H         LINE#         144
  C:4561H         LINE#         145
  C:4561H         LINE#         146
  C:4566H         LINE#         147
  C:4566H         LINE#         148
  C:4566H         LINE#         149
BL51 BANKED LINKER/LOCATER V6.22                                                      02/22/2019  14:54:55  PAGE 17


  C:456BH         LINE#         150
  C:456BH         LINE#         151
  C:456BH         LINE#         152
  C:4570H         LINE#         153
  C:4570H         LINE#         154
  C:4570H         LINE#         155
  C:4575H         LINE#         156
  C:4575H         LINE#         157
  C:4575H         LINE#         158
  C:457AH         LINE#         159
  C:457AH         LINE#         160
  C:457AH         LINE#         161
  C:4582H         LINE#         162
  C:4582H         LINE#         163
  C:4582H         LINE#         164
  C:4587H         LINE#         165
  C:4587H         LINE#         166
  C:4587H         LINE#         167
  C:458CH         LINE#         168
  C:458CH         LINE#         169
  C:458CH         LINE#         170
  C:4594H         LINE#         171
  C:4594H         LINE#         172
  C:4594H         LINE#         173
  -------         ENDPROC       _DAY_OF_YEAR
  -------         ENDMOD        PCF85063BTL

  -------         MODULE        UART1
  C:0000H         SYMBOL        _ICE_DUMMY_
  D:0080H         PUBLIC        P0
  D:0090H         PUBLIC        P1
  D:00A0H         PUBLIC        P2
  D:00B0H         PUBLIC        P3
  D:00C0H         PUBLIC        P4
  D:00C8H         PUBLIC        P5
  B:00A8H.7       PUBLIC        EA
  D:00E8H         PUBLIC        P6
  D:00F8H         PUBLIC        P7
  C:490FH         PUBLIC        _SendString
  D:00A8H         PUBLIC        IE
  B:00A8H.4       PUBLIC        ES
  D:00B8H         PUBLIC        IP
  C:4B04H         PUBLIC        _ASCIItoBCD
  D:00D8H         PUBLIC        CCON
  C:4BA5H         PUBLIC        initUART1
  D:0098H         PUBLIC        SCON
  D:0088H         PUBLIC        TCON
  C:000AH         PUBLIC        _DectoBCD
  C:4C27H         PUBLIC        _ASCII_Letter
  D:008EH         PUBLIC        AUXR
  C:4C22H         PUBLIC        _unit
  C:0003H         PUBLIC        _ten
  D:00D6H         PUBLIC        T2H
  D:00D7H         PUBLIC        T2L
  D:00D0H         PUBLIC        PSW
  -------         PROC          INITUART1
  C:4BA5H         LINE#         21
BL51 BANKED LINKER/LOCATER V6.22                                                      02/22/2019  14:54:55  PAGE 18


  C:4BA5H         LINE#         22
  C:4BA5H         LINE#         23
  C:4BA8H         LINE#         24
  C:4BABH         LINE#         25
  C:4BAEH         LINE#         26
  C:4BB1H         LINE#         27
  C:4BB3H         LINE#         28
  C:4BB5H         LINE#         30
  -------         ENDPROC       INITUART1
  -------         PROC          _SENDSTRING
  X:0592H         SYMBOL        s
  C:490FH         LINE#         35
  C:491AH         LINE#         36
  C:491AH         LINE#         37
  C:492AH         LINE#         38
  C:492AH         LINE#         39
  C:493FH         LINE#         40
  C:4941H         LINE#         41
  -------         ENDPROC       _SENDSTRING
  -------         PROC          _TEN
  D:0007H         SYMBOL        BCD
  C:0003H         LINE#         43
  C:0003H         LINE#         44
  C:0003H         LINE#         45
  C:0008H         LINE#         46
  -------         ENDPROC       _TEN
  -------         PROC          _UNIT
  D:0007H         SYMBOL        BCD
  C:4C22H         LINE#         47
  C:4C22H         LINE#         48
  C:4C22H         LINE#         52
  C:4C26H         LINE#         53
  -------         ENDPROC       _UNIT
  -------         PROC          _DECTOBCD
  D:0007H         SYMBOL        dec
  C:000AH         LINE#         54
  C:000AH         LINE#         55
  C:000AH         LINE#         57
  C:000AH         LINE#         58
  -------         ENDPROC       _DECTOBCD
  -------         PROC          _ASCII_LETTER
  D:0007H         SYMBOL        dat
  C:4C27H         LINE#         60
  C:4C27H         LINE#         61
  C:4C27H         LINE#         63
  C:4C2BH         LINE#         64
  -------         ENDPROC       _ASCII_LETTER
  -------         PROC          _ASCIITOBCD
  D:0001H         SYMBOL        ascii
  -------         DO            
  D:0007H         SYMBOL        dec_val
  D:0006H         SYMBOL        ten
  D:0007H         SYMBOL        unit
  -------         ENDDO         
  C:4B04H         LINE#         66
  C:4B04H         LINE#         67
  C:4B04H         LINE#         69
BL51 BANKED LINKER/LOCATER V6.22                                                      02/22/2019  14:54:55  PAGE 19


  C:4B07H         LINE#         70
  C:4B0DH         LINE#         71
  C:4B14H         LINE#         72
  C:4B1AH         LINE#         74
  -------         ENDPROC       _ASCIITOBCD
  -------         ENDMOD        UART1

  -------         MODULE        LCD_DRIVER_SPLC780D
  C:0000H         SYMBOL        _ICE_DUMMY_
  D:0092H         PUBLIC        P1M0
  D:0091H         PUBLIC        P1M1
  D:0080H         PUBLIC        P0
  D:0090H         PUBLIC        P1
  D:00A0H         PUBLIC        P2
  D:00B0H         PUBLIC        P3
  D:00C0H         PUBLIC        P4
  D:00C8H         PUBLIC        P5
  D:00E8H         PUBLIC        P6
  D:00F8H         PUBLIC        P7
  C:4595H         PUBLIC        _WriteData
  D:00A8H         PUBLIC        IE
  D:00B8H         PUBLIC        IP
  D:00D8H         PUBLIC        CCON
  B:00B0H.4       PUBLIC        LCD_D4
  B:00B0H.5       PUBLIC        LCD_D5
  B:00B0H.6       PUBLIC        LCD_D6
  C:4AB4H         PUBLIC        _DisplayLCD
  B:00B0H.7       PUBLIC        LCD_D7
  D:0098H         PUBLIC        SCON
  D:0088H         PUBLIC        TCON
  C:4C12H         PUBLIC        LCD_clear
  C:4854H         PUBLIC        _Command
  C:4B31H         PUBLIC        _Display_Line
  C:46D3H         PUBLIC        LCD_Init
  C:4A19H         PUBLIC        _Wait_ms
  B:00C0H.0       PUBLIC        LCD_RS
  B:00B0H.2       PUBLIC        LCD_RW
  C:4C08H         PUBLIC        LCD_return_home
  B:00B0H.3       PUBLIC        LCD_E
  D:00D0H         PUBLIC        PSW
  -------         PROC          LCD_INIT
  C:46D3H         LINE#         9
  C:46D3H         LINE#         10
  C:46D3H         LINE#         11
  C:46D6H         LINE#         12
  C:46D9H         LINE#         14
  C:46DFH         LINE#         15
  C:46E4H         LINE#         17
  C:46EBH         LINE#         18
  C:46F0H         LINE#         20
  C:46F3H         LINE#         21
  C:46F8H         LINE#         23
  C:46FBH         LINE#         24
  C:4700H         LINE#         26
  C:4707H         LINE#         29
  C:470CH         LINE#         30
  C:4711H         LINE#         32
BL51 BANKED LINKER/LOCATER V6.22                                                      02/22/2019  14:54:55  PAGE 20


  C:4716H         LINE#         33
  C:471BH         LINE#         35
  C:4720H         LINE#         36
  C:4725H         LINE#         37
  -------         ENDPROC       LCD_INIT
  -------         PROC          _WRITEDATA
  X:03BDH         SYMBOL        dat
  C:4595H         LINE#         40
  C:459AH         LINE#         41
  C:459AH         LINE#         46
  C:459CH         LINE#         47
  C:459EH         LINE#         49
  C:45ACH         LINE#         50
  C:45B8H         LINE#         51
  C:45C4H         LINE#         52
  C:45CEH         LINE#         53
  C:45D0H         LINE#         54
  C:45D7H         LINE#         55
  C:45D9H         LINE#         57
  C:45E9H         LINE#         58
  C:45F4H         LINE#         59
  C:45FEH         LINE#         60
  C:4602H         LINE#         62
  C:4602H         LINE#         63
  C:4605H         LINE#         64
  C:4607H         LINE#         65
  C:4609H         LINE#         67
  -------         ENDPROC       _WRITEDATA
  -------         PROC          _COMMAND
  D:0007H         SYMBOL        dat
  C:4854H         LINE#         69
  C:4854H         LINE#         70
  C:4854H         LINE#         71
  C:4856H         LINE#         72
  C:4858H         LINE#         74
  C:4862H         LINE#         75
  C:4866H         LINE#         77
  C:4868H         LINE#         78
  C:4871H         LINE#         79
  C:4875H         LINE#         81
  C:4877H         LINE#         82
  C:487EH         LINE#         83
  C:4882H         LINE#         85
  C:4884H         LINE#         86
  C:4888H         LINE#         87
  C:488CH         LINE#         89
  C:488EH         LINE#         90
  C:488EH         LINE#         91
  C:4891H         LINE#         92
  C:4893H         LINE#         93
  -------         ENDPROC       _COMMAND
  C:4A15H         SYMBOL        L?0028
  -------         PROC          L?0027
  -------         ENDPROC       L?0027
  C:4A15H         SYMBOL        L?0028
  -------         PROC          _WAIT_MS
  D:0006H         SYMBOL        ms
BL51 BANKED LINKER/LOCATER V6.22                                                      02/22/2019  14:54:55  PAGE 21


  -------         DO            
  D:0004H         SYMBOL        De_Cnt
  -------         ENDDO         
  C:4A19H         LINE#         95
  C:4A19H         LINE#         96
  C:4A19H         LINE#         98
  C:4A23H         LINE#         99
  C:4A23H         LINE#         100
  C:4A36H         LINE#         101
  C:4A36H         LINE#         102
  -------         ENDPROC       _WAIT_MS
  -------         PROC          _DISPLAYLCD
  D:0007H         SYMBOL        BCD
  -------         DO            
  D:0006H         SYMBOL        first_digit
  X:0310H         SYMBOL        second_digit
  -------         ENDDO         
  C:4AB4H         LINE#         103
  C:4AB4H         LINE#         104
  C:4AB4H         LINE#         106
  C:4ABBH         LINE#         107
  C:4AC4H         LINE#         109
  C:4AC9H         LINE#         111
  -------         ENDPROC       _DISPLAYLCD
  -------         PROC          LCD_RETURN_HOME
  C:4C08H         LINE#         115
  C:4C08H         LINE#         116
  C:4C08H         LINE#         117
  C:4C0DH         LINE#         118
  -------         ENDPROC       LCD_RETURN_HOME
  -------         PROC          LCD_CLEAR
  C:4C12H         LINE#         121
  C:4C12H         LINE#         122
  C:4C12H         LINE#         123
  C:4C17H         LINE#         124
  -------         ENDPROC       LCD_CLEAR
  -------         PROC          _DISPLAY_LINE
  D:0006H         SYMBOL        line
  C:4B31H         LINE#         128
  C:4B31H         LINE#         129
  C:4B31H         LINE#         130
  C:4B37H         LINE#         131
  C:4B37H         LINE#         132
  C:4B39H         LINE#         133
  C:4B39H         LINE#         134
  C:4B3BH         LINE#         136
  C:4B3BH         LINE#         137
  C:4B40H         LINE#         138
  C:4B45H         LINE#         139
  C:4B45H         LINE#         140
  -------         ENDPROC       _DISPLAY_LINE
  -------         ENDMOD        LCD_DRIVER_SPLC780D

  -------         MODULE        KEYPAD
  C:0000H         SYMBOL        _ICE_DUMMY_
  D:0093H         PUBLIC        P0M1
  D:0080H         PUBLIC        P0
BL51 BANKED LINKER/LOCATER V6.22                                                      02/22/2019  14:54:55  PAGE 22


  D:0090H         PUBLIC        P1
  D:00A0H         PUBLIC        P2
  D:00B0H         PUBLIC        P3
  D:00C0H         PUBLIC        P4
  D:00C8H         PUBLIC        P5
  B:0020H.0       PUBLIC        calib_mode
  D:00E8H         PUBLIC        P6
  D:00F8H         PUBLIC        P7
  D:00A8H         PUBLIC        IE
  C:3495H         PUBLIC        Key_Scan
  D:00B8H         PUBLIC        IP
  D:00D8H         PUBLIC        CCON
  C:4BF0H         PUBLIC        KeyPad_IO_Init
  C:4A96H         PUBLIC        _Delay_ms
  D:0098H         PUBLIC        SCON
  D:0088H         PUBLIC        TCON
  B:0020H.1       PUBLIC        small_move
  B:0020H.2       PUBLIC        move
  B:0020H.3       PUBLIC        direction
  B:0020H.4       PUBLIC        auto_move
  C:3024H         PUBLIC        Key_Process
  D:00D0H         PUBLIC        PSW
  D:0094H         PUBLIC        P0M0
  -------         PROC          _DELAY_MS
  D:0006H         SYMBOL        ms
  -------         DO            
  D:0004H         SYMBOL        De_Cnt
  -------         ENDDO         
  C:4A96H         LINE#         19
  C:4A96H         LINE#         20
  C:4A96H         LINE#         22
  C:4AA0H         LINE#         23
  C:4AA0H         LINE#         24
  C:4AB3H         LINE#         25
  C:4AB3H         LINE#         26
  -------         ENDPROC       _DELAY_MS
  -------         PROC          KEY_SCAN
  -------         DO            
  X:0316H         SYMBOL        KeyTemp1
  X:0317H         SYMBOL        KeyTemp2
  X:0318H         SYMBOL        KeyValue
  -------         ENDDO         
  C:3495H         LINE#         27
  C:3495H         LINE#         28
  C:3495H         LINE#         33
  C:3498H         LINE#         36
  C:349BH         LINE#         38
  C:34A3H         LINE#         39
  C:34AAH         LINE#         40
  C:34AAH         LINE#         42
  C:34AFH         LINE#         43
  C:34B6H         LINE#         44
  C:34B6H         LINE#         47
  C:34B9H         LINE#         48
  C:34BCH         LINE#         49
  C:34C1H         LINE#         50
  C:34C5H         LINE#         51
BL51 BANKED LINKER/LOCATER V6.22                                                      02/22/2019  14:54:55  PAGE 23


  C:34C5H         LINE#         52
  C:34CDH         LINE#         53
  C:34CDH         LINE#         54
  C:34D0H         LINE#         55
  C:34D8H         LINE#         56
  C:34DAH         LINE#         58
  C:34EEH         LINE#         59
  C:34EEH         LINE#         60
  C:34EEH         LINE#         61
  C:34EEH         LINE#         62
  C:34F4H         LINE#         64
  C:34F6H         LINE#         65
  C:34F6H         LINE#         66
  C:34F6H         LINE#         67
  C:34FCH         LINE#         69
  C:34FEH         LINE#         70
  C:34FEH         LINE#         71
  C:34FEH         LINE#         72
  C:3504H         LINE#         74
  C:3506H         LINE#         75
  C:3506H         LINE#         76
  C:3506H         LINE#         77
  C:350CH         LINE#         79
  C:350CH         LINE#         80
  C:350CH         LINE#         81
  C:350CH         LINE#         84
  C:350FH         LINE#         85
  C:3512H         LINE#         86
  C:351AH         LINE#         87
  C:351EH         LINE#         88
  C:351EH         LINE#         89
  C:3526H         LINE#         90
  C:3526H         LINE#         91
  C:3529H         LINE#         92
  C:3531H         LINE#         93
  C:3533H         LINE#         94
  C:3547H         LINE#         95
  C:3547H         LINE#         96
  C:3547H         LINE#         97
  C:3547H         LINE#         98
  C:354DH         LINE#         100
  C:354FH         LINE#         101
  C:354FH         LINE#         102
  C:354FH         LINE#         103
  C:3555H         LINE#         105
  C:3557H         LINE#         106
  C:3557H         LINE#         107
  C:3557H         LINE#         108
  C:355DH         LINE#         110
  C:355FH         LINE#         111
  C:355FH         LINE#         112
  C:355FH         LINE#         113
  C:3564H         LINE#         115
  C:3564H         LINE#         116
  C:3564H         LINE#         117
  C:3564H         LINE#         120
  C:3567H         LINE#         121
BL51 BANKED LINKER/LOCATER V6.22                                                      02/22/2019  14:54:55  PAGE 24


  C:356AH         LINE#         122
  C:3572H         LINE#         123
  C:3576H         LINE#         124
  C:3576H         LINE#         125
  C:357EH         LINE#         126
  C:357EH         LINE#         127
  C:3581H         LINE#         128
  C:3589H         LINE#         129
  C:358BH         LINE#         130
  C:359FH         LINE#         131
  C:359FH         LINE#         132
  C:359FH         LINE#         133
  C:359FH         LINE#         134
  C:35A5H         LINE#         136
  C:35A7H         LINE#         137
  C:35A7H         LINE#         138
  C:35A7H         LINE#         139
  C:35ADH         LINE#         141
  C:35AFH         LINE#         142
  C:35AFH         LINE#         143
  C:35AFH         LINE#         144
  C:35B5H         LINE#         146
  C:35B7H         LINE#         147
  C:35B7H         LINE#         148
  C:35B7H         LINE#         149
  C:35BDH         LINE#         151
  C:35BDH         LINE#         152
  C:35BDH         LINE#         153
  C:35BDH         LINE#         157
  C:35C0H         LINE#         158
  C:35C3H         LINE#         159
  C:35CBH         LINE#         160
  C:35CFH         LINE#         161
  C:35CFH         LINE#         162
  C:35D7H         LINE#         163
  C:35D7H         LINE#         164
  C:35DAH         LINE#         165
  C:35E2H         LINE#         166
  C:35E4H         LINE#         167
  C:35F8H         LINE#         168
  C:35F8H         LINE#         169
  C:35F8H         LINE#         170
  C:35F8H         LINE#         171
  C:35FEH         LINE#         173
  C:3600H         LINE#         174
  C:3600H         LINE#         175
  C:3600H         LINE#         176
  C:3606H         LINE#         178
  C:3608H         LINE#         179
  C:3608H         LINE#         180
  C:3608H         LINE#         181
  C:360EH         LINE#         183
  C:3610H         LINE#         184
  C:3610H         LINE#         185
  C:3610H         LINE#         186
  C:3616H         LINE#         188
  C:3616H         LINE#         189
BL51 BANKED LINKER/LOCATER V6.22                                                      02/22/2019  14:54:55  PAGE 25


  C:3616H         LINE#         190
  C:3616H         LINE#         192
  C:361CH         LINE#         193
  C:361CH         LINE#         195
  C:361CH         LINE#         196
  C:361FH         LINE#         197
  C:361FH         LINE#         198
  C:361FH         LINE#         200
  C:361FH         LINE#         201
  C:3621H         LINE#         202
  C:3621H         LINE#         203
  -------         ENDPROC       KEY_SCAN
  -------         PROC          KEY_PROCESS
  -------         DO            
  X:0578H         SYMBOL        KeyCount
  X:057AH         SYMBOL        KeyNum_Old
  X:057BH         SYMBOL        KeyNum
  X:057CH         SYMBOL        PressedKey
  X:0310H         SYMBOL        d
  D:0004H         SYMBOL        hours
  D:0006H         SYMBOL        mins
  X:0312H         SYMBOL        months
  X:0314H         SYMBOL        days
  -------         ENDDO         
  C:3024H         LINE#         204
  C:3024H         LINE#         205
  C:3024H         LINE#         209
  C:302CH         LINE#         210
  C:3034H         LINE#         212
  C:3037H         LINE#         213
  C:3037H         LINE#         214
  C:303AH         LINE#         216
  C:303AH         LINE#         217
  C:3047H         LINE#         218
  C:3047H         LINE#         219
  C:304AH         LINE#         220
  C:304DH         LINE#         222
  C:3050H         LINE#         224
  C:3050H         LINE#         225
  C:305BH         LINE#         226
  C:305BH         LINE#         227
  C:305EH         LINE#         229
  C:305EH         LINE#         230
  C:3065H         LINE#         231
  C:3065H         LINE#         232
  C:3068H         LINE#         234
  C:3068H         LINE#         235
  C:3070H         LINE#         236
  C:3070H         LINE#         237
  C:307AH         LINE#         238
  C:3082H         LINE#         240
  C:308BH         LINE#         242
  C:308BH         LINE#         251
  C:30A0H         LINE#         252
  C:30A0H         LINE#         253
  C:30B2H         LINE#         254
  C:30C0H         LINE#         255
BL51 BANKED LINKER/LOCATER V6.22                                                      02/22/2019  14:54:55  PAGE 26


  C:30CFH         LINE#         256
  C:30CFH         LINE#         258
  C:30D5H         LINE#         262
  C:30EBH         LINE#         263
  C:30FCH         LINE#         264
  C:3117H         LINE#         265
  C:3117H         LINE#         266
  C:3127H         LINE#         267
  C:3138H         LINE#         268
  C:3138H         LINE#         272
  C:3151H         LINE#         273
  C:3168H         LINE#         274
  C:3188H         LINE#         275
  C:3188H         LINE#         276
  C:3192H         LINE#         277
  C:3192H         LINE#         278
  C:319BH         LINE#         279
  C:319BH         LINE#         280
  C:31AFH         LINE#         281
  C:31AFH         LINE#         282
  C:31AFH         LINE#         283
  C:31AFH         LINE#         284
  C:31AFH         LINE#         285
  C:31B1H         LINE#         287
  C:31B1H         LINE#         288
  C:31BDH         LINE#         289
  C:31BDH         LINE#         290
  C:31CEH         LINE#         291
  C:31CEH         LINE#         292
  C:31CEH         LINE#         293
  C:31CEH         LINE#         294
  C:31CEH         LINE#         296
  C:31D0H         LINE#         298
  C:31D0H         LINE#         299
  C:31E1H         LINE#         300
  C:31E1H         LINE#         301
  C:31E1H         LINE#         302
  C:31E1H         LINE#         303
  C:31E1H         LINE#         305
  C:31E1H         LINE#         307
  C:31E1H         LINE#         308
  C:31E3H         LINE#         310
  C:31E3H         LINE#         311
  C:31F6H         LINE#         312
  C:31F6H         LINE#         313
  C:3207H         LINE#         314
  C:3207H         LINE#         315
  C:3207H         LINE#         316
  C:3207H         LINE#         317
  C:3207H         LINE#         318
  C:3209H         LINE#         320
  C:3209H         LINE#         321
  C:321AH         LINE#         322
  C:321AH         LINE#         323
  C:322BH         LINE#         324
  C:323CH         LINE#         325
  C:323CH         LINE#         326
BL51 BANKED LINKER/LOCATER V6.22                                                      02/22/2019  14:54:55  PAGE 27


  C:323CH         LINE#         327
  C:323CH         LINE#         328
  C:323CH         LINE#         329
  C:323FH         LINE#         330
  C:3244H         LINE#         331
  C:3249H         LINE#         332
  C:324EH         LINE#         333
  C:3253H         LINE#         334
  C:3258H         LINE#         335
  C:325DH         LINE#         336
  C:3262H         LINE#         337
  C:3262H         LINE#         339
  C:3284H         LINE#         340
  C:3284H         LINE#         341
  C:328EH         LINE#         342
  C:328EH         LINE#         343
  C:3293H         LINE#         344
  C:329CH         LINE#         345
  C:32B3H         LINE#         346
  C:32B3H         LINE#         347
  C:32C3H         LINE#         349
  C:32C3H         LINE#         353
  -------         ENDPROC       KEY_PROCESS
  -------         PROC          KEYPAD_IO_INIT
  C:4BF0H         LINE#         356
  C:4BF0H         LINE#         357
  C:4BF0H         LINE#         358
  C:4BF3H         LINE#         359
  C:4BF6H         LINE#         360
  C:4BF9H         LINE#         361
  C:4BFBH         LINE#         362
  -------         ENDPROC       KEYPAD_IO_INIT
  -------         ENDMOD        KEYPAD

  -------         MODULE        BIPOLARMOTOR
  C:0000H         SYMBOL        _ICE_DUMMY_
  D:0080H         PUBLIC        P0
  D:0090H         PUBLIC        P1
  D:00A0H         PUBLIC        P2
  D:00B0H         PUBLIC        P3
  D:00C0H         PUBLIC        P4
  D:00C8H         PUBLIC        P5
  D:00E8H         PUBLIC        P6
  D:00F8H         PUBLIC        P7
  X:0000H         PUBLIC        low_date_azimuth_mapping
  D:00A8H         PUBLIC        IE
  C:3F62H         PUBLIC        linear_interpolate
  C:49C4H         PUBLIC        _Move
  D:00B8H         PUBLIC        IP
  C:32F7H         PUBLIC        _findDet3x3
  C:2D64H         PUBLIC        _findDet4x4
  D:00D8H         PUBLIC        CCON
  X:0028H         PUBLIC        previous_move_time
  D:0098H         PUBLIC        SCON
  D:0088H         PUBLIC        TCON
  C:4C2CH         PUBLIC        wait
  C:4894H         PUBLIC        _Step_move
BL51 BANKED LINKER/LOCATER V6.22                                                      02/22/2019  14:54:55  PAGE 28


  X:0029H         PUBLIC        dat
  C:000EH         PUBLIC        _Update_position
  C:477CH         PUBLIC        vOneStepMove
  X:002FH         PUBLIC        elevation_stamp
  X:006BH         PUBLIC        date_azimuth_mapping
  X:0093H         PUBLIC        RX_pos
  C:4ADBH         PUBLIC        _BCDtoDec1
  X:02EBH         PUBLIC        degree
  D:00D0H         PUBLIC        PSW
  -------         PROC          L?0062
  -------         ENDPROC       L?0062
  -------         PROC          _BCDTODEC1
  D:0007H         SYMBOL        bcd
  -------         DO            
  D:0006H         SYMBOL        hi
  D:0007H         SYMBOL        lo
  -------         ENDDO         
  C:4ADBH         LINE#         28
  C:4ADBH         LINE#         29
  C:4ADBH         LINE#         31
  C:4AE0H         LINE#         32
  C:4AE4H         LINE#         33
  C:4AEBH         LINE#         34
  -------         ENDPROC       _BCDTODEC1
  -------         PROC          WAIT
  C:4C2CH         LINE#         36
  C:4C2CH         LINE#         38
  -------         ENDPROC       WAIT
  -------         PROC          VONESTEPMOVE
  B:0020H.7       SYMBOL        bDir
  C:477CH         LINE#         40
  C:477CH         LINE#         41
  C:477CH         LINE#         43
  C:4782H         LINE#         44
  C:4782H         LINE#         45
  C:4785H         LINE#         46
  C:478EH         LINE#         47
  C:4795H         LINE#         48
  C:479AH         LINE#         49
  C:479AH         LINE#         50
  C:479AH         LINE#         52
  C:479CH         LINE#         55
  C:479CH         LINE#         56
  C:479FH         LINE#         57
  C:47A8H         LINE#         58
  C:47AFH         LINE#         59
  C:47B5H         LINE#         60
  C:47BEH         LINE#         61
  C:47C5H         LINE#         62
  C:47C5H         LINE#         66
  -------         ENDPROC       VONESTEPMOVE
  -------         PROC          _STEP_MOVE
  X:03CCH         SYMBOL        step
  B:0020H.6       SYMBOL        dir
  -------         DO            
  X:03CEH         SYMBOL        i
  -------         ENDDO         
BL51 BANKED LINKER/LOCATER V6.22                                                      02/22/2019  14:54:55  PAGE 29


  C:4894H         LINE#         68
  C:489CH         LINE#         69
  C:489CH         LINE#         71
  C:48A1H         LINE#         74
  C:48BCH         LINE#         75
  C:48BCH         LINE#         76
  C:48C3H         LINE#         78
  C:48D3H         LINE#         80
  -------         ENDPROC       _STEP_MOVE
  -------         PROC          _MOVE
  X:03C8H         SYMBOL        distance
  B:0020H.5       SYMBOL        direction
  -------         DO            
  D:0006H         SYMBOL        step
  -------         ENDDO         
  C:49C4H         LINE#         82
  C:49CAH         LINE#         83
  C:49CAH         LINE#         86
  C:49E5H         LINE#         87
  -------         ENDPROC       _MOVE
  C:32D8H         SYMBOL        L?0058
  C:32ECH         SYMBOL        L?0059
  -------         PROC          L?0057
  -------         ENDPROC       L?0057
  C:32D8H         SYMBOL        L?0058
  C:32ECH         SYMBOL        L?0059
  -------         PROC          _FINDDET3X3
  X:0554H         SYMBOL        a11
  X:0558H         SYMBOL        a12
  X:055CH         SYMBOL        a13
  X:0560H         SYMBOL        a21
  X:0564H         SYMBOL        a22
  X:0568H         SYMBOL        a23
  X:056CH         SYMBOL        a31
  X:0570H         SYMBOL        a32
  X:0574H         SYMBOL        a33
  C:32F7H         LINE#         91
  C:32FDH         LINE#         95
  C:32FDH         LINE#         96
  C:3494H         LINE#         98
  -------         ENDPROC       _FINDDET3X3
  -------         PROC          _FINDDET4X4
  X:0514H         SYMBOL        a11
  X:0518H         SYMBOL        a12
  X:051CH         SYMBOL        a13
  X:0520H         SYMBOL        a14
  X:0524H         SYMBOL        a21
  X:0528H         SYMBOL        a22
  X:052CH         SYMBOL        a23
  X:0530H         SYMBOL        a24
  X:0534H         SYMBOL        a31
  X:0538H         SYMBOL        a32
  X:053CH         SYMBOL        a33
  X:0540H         SYMBOL        a34
  X:0544H         SYMBOL        a41
  X:0548H         SYMBOL        a42
  X:054CH         SYMBOL        a43
BL51 BANKED LINKER/LOCATER V6.22                                                      02/22/2019  14:54:55  PAGE 30


  X:0550H         SYMBOL        a44
  C:2D64H         LINE#         99
  C:2D6AH         LINE#         103
  C:2D6AH         LINE#         110
  C:3023H         LINE#         114
  -------         ENDPROC       _FINDDET4X4
  C:3F51H         SYMBOL        L?0061
  -------         PROC          L?0060
  -------         ENDPROC       L?0060
  C:3F51H         SYMBOL        L?0061
  -------         PROC          LINEAR_INTERPOLATE
  X:03C8H         SYMBOL        p1
  X:03D0H         SYMBOL        p2
  X:03D8H         SYMBOL        x
  -------         DO            
  D:0004H         SYMBOL        fx
  -------         ENDDO         
  C:3F62H         LINE#         120
  C:3F62H         LINE#         121
  C:3F62H         LINE#         124
  C:4001H         LINE#         126
  C:4001H         LINE#         127
  -------         ENDPROC       LINEAR_INTERPOLATE
  -------         PROC          _UPDATE_POSITION
  D:0001H         SYMBOL        mnths
  D:0002H         SYMBOL        dys
  X:032BH         SYMBOL        hurs
  X:032CH         SYMBOL        mns
  X:032DH         SYMBOL        sconds
  X:032EH         SYMBOL        currnt_pos
  X:0331H         SYMBOL        offset_calib
  -------         DO            
  X:0335H         SYMBOL        date
  X:0337H         SYMBOL        i
  X:0339H         SYMBOL        yy
  X:033BH         SYMBOL        desired_distance
  X:033FH         SYMBOL        distance
  X:0343H         SYMBOL        JP_pos
  X:0347H         SYMBOL        pos_interpolate_azimuth
  X:0383H         SYMBOL        current_local_sun_time
  X:0387H         SYMBOL        azimuth
  X:038BH         SYMBOL        elevation
  X:038FH         SYMBOL        time_offset
  X:0393H         SYMBOL        UTC_time
  X:0397H         SYMBOL        declination
  X:039BH         SYMBOL        p1
  X:03A3H         SYMBOL        p2
  X:03ABH         SYMBOL        time
  X:03BDH         SYMBOL        location
  X:03C5H         SYMBOL        sunCoord
  -------         ENDDO         
  C:000EH         LINE#         131
  C:0017H         LINE#         134
  C:0017H         LINE#         135
  C:0022H         LINE#         137
  C:003EH         LINE#         138
  C:0048H         LINE#         146
BL51 BANKED LINKER/LOCATER V6.22                                                      02/22/2019  14:54:55  PAGE 31


  C:0052H         LINE#         147
  C:005CH         LINE#         148
  C:0066H         LINE#         149
  C:0071H         LINE#         150
  C:007CH         LINE#         151
  C:0095H         LINE#         152
  C:00A6H         LINE#         153
  C:00B5H         LINE#         156
  C:00C9H         LINE#         160
  C:011BH         LINE#         161
  C:027FH         LINE#         162
  C:02CFH         LINE#         164
  C:03F7H         LINE#         166
  C:04C6H         LINE#         173
  C:050DH         LINE#         174
  C:050DH         LINE#         176
  C:0527H         LINE#         177
  C:0527H         LINE#         178
  C:0597H         LINE#         179
  C:0597H         LINE#         180
  C:059EH         LINE#         181
  C:059EH         LINE#         182
  C:05CBH         LINE#         183
  C:05E6H         LINE#         185
  C:062DH         LINE#         186
  C:0661H         LINE#         188
  C:06A7H         LINE#         189
  C:06CAH         LINE#         191
  C:06CAH         LINE#         193
  C:0740H         LINE#         194
  C:0740H         LINE#         195
  C:0747H         LINE#         196
  C:0747H         LINE#         197
  C:0774H         LINE#         198
  C:078FH         LINE#         200
  C:07D6H         LINE#         201
  C:080AH         LINE#         203
  C:0850H         LINE#         204
  C:0870H         LINE#         206
  C:0870H         LINE#         207
  C:0881H         LINE#         210
  C:089BH         LINE#         211
  C:089BH         LINE#         212
  C:090BH         LINE#         213
  C:090BH         LINE#         214
  C:0938H         LINE#         215
  C:0953H         LINE#         217
  C:0980H         LINE#         218
  C:099BH         LINE#         220
  C:09CDH         LINE#         223
  C:09CDH         LINE#         225
  C:09DEH         LINE#         227
  C:0A0DH         LINE#         229
  C:0A32H         LINE#         230
  C:0A97H         LINE#         231
  C:0A97H         LINE#         232
  C:0AB1H         LINE#         233
BL51 BANKED LINKER/LOCATER V6.22                                                      02/22/2019  14:54:55  PAGE 32


  C:0AC3H         LINE#         234
  C:0ADBH         LINE#         235
  C:0AF1H         LINE#         237
  C:0B0DH         LINE#         238
  C:0B0DH         LINE#         239
  C:0B0DH         LINE#         242
  -------         ENDPROC       _UPDATE_POSITION
  -------         ENDMOD        BIPOLARMOTOR

  -------         MODULE        SUNPOS
  C:0000H         SYMBOL        _ICE_DUMMY_
  C:1F64H         PUBLIC        sunpos
  -------         PROC          SUNPOS
  X:03C8H         SYMBOL        udtTime
  X:03DAH         SYMBOL        udtLocation
  X:03E2H         SYMBOL        udtSunCoordinates
  -------         DO            
  X:03E5H         SYMBOL        dElapsedJulianDays
  X:03E9H         SYMBOL        dDecimalHours
  X:03EDH         SYMBOL        dEclipticLongitude
  X:03F1H         SYMBOL        dEclipticObliquity
  X:03F5H         SYMBOL        dRightAscension
  X:03F9H         SYMBOL        dDeclination
  X:03FDH         SYMBOL        dY
  X:0401H         SYMBOL        dX
  -------         DO            
  X:0405H         SYMBOL        dJulianDate
  X:0409H         SYMBOL        liAux1
  X:040DH         SYMBOL        liAux2
  X:0405H         SYMBOL        dMeanLongitude
  X:0409H         SYMBOL        dMeanAnomaly
  X:040DH         SYMBOL        dOmega
  X:0405H         SYMBOL        dSin_EclipticLongitude
  X:0405H         SYMBOL        dGreenwichMeanSiderealTime
  X:0409H         SYMBOL        dLocalMeanSiderealTime
  X:040DH         SYMBOL        dLatitudeInRadians
  X:0411H         SYMBOL        dHourAngle
  X:0415H         SYMBOL        dCos_Latitude
  X:0419H         SYMBOL        dSin_Latitude
  X:041DH         SYMBOL        dCos_HourAngle
  X:0421H         SYMBOL        dParallax
  -------         ENDDO         
  -------         DO            
  X:0405H         SYMBOL        dMeanLongitude
  X:0409H         SYMBOL        dMeanAnomaly
  X:040DH         SYMBOL        dOmega
  X:0405H         SYMBOL        dSin_EclipticLongitude
  X:0405H         SYMBOL        dGreenwichMeanSiderealTime
  X:0409H         SYMBOL        dLocalMeanSiderealTime
  X:040DH         SYMBOL        dLatitudeInRadians
  X:0411H         SYMBOL        dHourAngle
  X:0415H         SYMBOL        dCos_Latitude
  X:0419H         SYMBOL        dSin_Latitude
  X:041DH         SYMBOL        dCos_HourAngle
  X:0421H         SYMBOL        dParallax
  -------         ENDDO         
  -------         DO            
BL51 BANKED LINKER/LOCATER V6.22                                                      02/22/2019  14:54:55  PAGE 33


  X:0405H         SYMBOL        dSin_EclipticLongitude
  X:0405H         SYMBOL        dGreenwichMeanSiderealTime
  X:0409H         SYMBOL        dLocalMeanSiderealTime
  X:040DH         SYMBOL        dLatitudeInRadians
  X:0411H         SYMBOL        dHourAngle
  X:0415H         SYMBOL        dCos_Latitude
  X:0419H         SYMBOL        dSin_Latitude
  X:041DH         SYMBOL        dCos_HourAngle
  X:0421H         SYMBOL        dParallax
  -------         ENDDO         
  -------         DO            
  X:0405H         SYMBOL        dGreenwichMeanSiderealTime
  X:0409H         SYMBOL        dLocalMeanSiderealTime
  X:040DH         SYMBOL        dLatitudeInRadians
  X:0411H         SYMBOL        dHourAngle
  X:0415H         SYMBOL        dCos_Latitude
  X:0419H         SYMBOL        dSin_Latitude
  X:041DH         SYMBOL        dCos_HourAngle
  X:0421H         SYMBOL        dParallax
  -------         ENDDO         
  -------         ENDDO         
  C:1F64H         LINE#         6
  C:1F64H         LINE#         7
  C:1F64H         LINE#         9
  C:1F64H         LINE#         27
  C:1FAEH         LINE#         30
  C:1FCFH         LINE#         31
  C:2116H         LINE#         34
  C:2162H         LINE#         36
  C:2181H         LINE#         37
  C:2181H         LINE#         42
  C:2181H         LINE#         46
  C:21B3H         LINE#         47
  C:21DDH         LINE#         48
  C:2207H         LINE#         49
  C:22B4H         LINE#         52
  C:2315H         LINE#         54
  C:2315H         LINE#         59
  C:2315H         LINE#         61
  C:232CH         LINE#         62
  C:2354H         LINE#         63
  C:236BH         LINE#         64
  C:2396H         LINE#         65
  C:23CDH         LINE#         66
  C:23F8H         LINE#         67
  C:23F8H         LINE#         70
  C:23F8H         LINE#         79
  C:2433H         LINE#         82
  C:246DH         LINE#         84
  C:2492H         LINE#         85
  C:24B1H         LINE#         86
  C:24C8H         LINE#         87
  C:24DFH         LINE#         88
  C:24F6H         LINE#         89
  C:257FH         LINE#         91
  C:2599H         LINE#         92
  C:25FBH         LINE#         93
BL51 BANKED LINKER/LOCATER V6.22                                                      02/22/2019  14:54:55  PAGE 34


  C:2631H         LINE#         94
  C:2643H         LINE#         95
  C:2670H         LINE#         96
  C:269DH         LINE#         98
  C:26BFH         LINE#         100
  C:26F7H         LINE#         103
  C:26F7H         LINE#         104
  C:2705H         LINE#         105
  -------         ENDPROC       SUNPOS
  -------         ENDMOD        SUNPOS

  -------         MODULE        ADC
  C:0000H         SYMBOL        _ICE_DUMMY_
  D:0092H         PUBLIC        P1M0
  D:0091H         PUBLIC        P1M1
  D:0080H         PUBLIC        P0
  D:0090H         PUBLIC        P1
  D:00A0H         PUBLIC        P2
  D:00B0H         PUBLIC        P3
  D:00C0H         PUBLIC        P4
  D:00C8H         PUBLIC        P5
  D:00E8H         PUBLIC        P6
  D:00F8H         PUBLIC        P7
  D:00A8H         PUBLIC        IE
  D:00BDH         PUBLIC        ADC_RES
  D:00B8H         PUBLIC        IP
  D:0097H         PUBLIC        CLK_DIV
  D:00D8H         PUBLIC        CCON
  D:00BCH         PUBLIC        ADC_CONTR
  D:0098H         PUBLIC        SCON
  D:0088H         PUBLIC        TCON
  B:00A0H.4       PUBLIC        P24
  B:00A0H.5       PUBLIC        P25
  B:00A0H.6       PUBLIC        P26
  C:4A77H         PUBLIC        ADC_Init
  C:4942H         PUBLIC        _ADC_GetResult
  D:009DH         PUBLIC        P1ASF
  D:00BEH         PUBLIC        ADC_RESL
  D:00D0H         PUBLIC        PSW
  -------         PROC          ADC_INIT
  C:4A77H         LINE#         7
  C:4A77H         LINE#         8
  C:4A77H         LINE#         10
  C:4A79H         LINE#         11
  C:4A7BH         LINE#         12
  C:4A7DH         LINE#         13
  C:4A80H         LINE#         14
  C:4A83H         LINE#         15
[...]
  C:3CA4H         LINE#         105
  C:3CA7H         LINE#         106
  C:3CABH         LINE#         109
  C:3CCAH         LINE#         111
  C:3CD1H         LINE#         112
  C:3CD1H         LINE#         113
  C:3CD3H         LINE#         114
  C:3CD6H         LINE#         115
  C:3CEFH         LINE#         116
  C:3CEFH         LINE#         117
  C:3CF1H         LINE#         118
  C:3CF3H         LINE#         120
  C:3CF3H         LINE#         121
  C:3CF5H         LINE#         123
  C:3CF5H         LINE#         124
  C:3CF5H         LINE#         125
  C:3CF5H         LINE#         126
  C:3CF8H         LINE#         127
  C:3D11H         LINE#         129
  C:3D30H         LINE#         131
  C:3D37H         LINE#         132
  C:3D37H         LINE#         133
  C:3D39H         LINE#         134
  C:3D3CH         LINE#         135
  C:3D43H         LINE#         136
  C:3D43H         LINE#         137
  C:3D45H         LINE#         138
  C:3D47H         LINE#         140
  C:3D47H         LINE#         141
  C:3D49H         LINE#         143
  C:3D49H         LINE#         144
  C:3D49H         LINE#         145
  C:3D49H         LINE#         146
  C:3D4CH         LINE#         147
  C:3D53H         LINE#         149
  C:3D72H         LINE#         151
  C:3D74H         LINE#         152
  -------         ENDPROC       _AT25SF041_WRITE
  -------         PROC          _AT25SF041_READ
  D:0003H         SYMBOL        opcode
  X:0582H         SYMBOL        addr
  -------         DO            
  X:0586H         SYMBOL        dat
  X:0587H         SYMBOL        i
  -------         ENDDO         
  C:3B7AH         LINE#         156
  C:3B7CH         LINE#         157
  C:3B7CH         LINE#         158
  C:3B81H         LINE#         160
  C:3B83H         LINE#         161
  C:3B89H         LINE#         165
  C:3B8EH         LINE#         166
  C:3B8EH         LINE#         167
BL51 BANKED LINKER/LOCATER V6.22                                                      02/22/2019  14:54:55  PAGE 45


  C:3B90H         LINE#         168
  C:3B93H         LINE#         169
  C:3B97H         LINE#         170
  C:3B97H         LINE#         171
  C:3B99H         LINE#         172
  C:3B9BH         LINE#         174
  C:3B9BH         LINE#         175
  C:3B9DH         LINE#         177
  C:3B9DH         LINE#         178
  C:3B9DH         LINE#         179
  C:3B9DH         LINE#         180
  C:3BA0H         LINE#         181
  C:3BA4H         LINE#         184
  C:3BC3H         LINE#         186
  C:3BCAH         LINE#         187
  C:3BCAH         LINE#         188
  C:3BCCH         LINE#         189
  C:3BCFH         LINE#         190
  C:3BE8H         LINE#         191
  C:3BE8H         LINE#         192
  C:3BEAH         LINE#         193
  C:3BECH         LINE#         195
  C:3BECH         LINE#         196
  C:3BEEH         LINE#         198
  C:3BEEH         LINE#         199
  C:3BEEH         LINE#         200
  C:3BEEH         LINE#         201
  C:3BF1H         LINE#         202
  C:3C0AH         LINE#         204
  C:3C29H         LINE#         207
  C:3C30H         LINE#         209
  C:3C32H         LINE#         210
  C:3C39H         LINE#         212
  C:3C40H         LINE#         213
  C:3C40H         LINE#         214
  C:3C47H         LINE#         215
  C:3C47H         LINE#         216
  C:3C4AH         LINE#         217
  C:3C4CH         LINE#         218
  C:3C4FH         LINE#         220
  C:3C52H         LINE#         221
  C:3C52H         LINE#         223
  C:3C56H         LINE#         224
  C:3C56H         LINE#         230
  C:3C75H         LINE#         233
  C:3C77H         LINE#         234
  C:3C7AH         LINE#         235
  C:3C7FH         LINE#         237
  -------         ENDPROC       _AT25SF041_READ
  -------         PROC          READ_STATUS_REGISTER_BYTE1
  -------         DO            
  D:0003H         SYMBOL        dat
  D:0001H         SYMBOL        opcode
  X:0320H         SYMBOL        count
  X:0321H         SYMBOL        i
  -------         ENDDO         
  C:4216H         LINE#         241
BL51 BANKED LINKER/LOCATER V6.22                                                      02/22/2019  14:54:55  PAGE 46


  C:4216H         LINE#         242
  C:4216H         LINE#         243
  C:421CH         LINE#         244
  C:4220H         LINE#         245
  C:4222H         LINE#         246
  C:4224H         LINE#         247
  C:422AH         LINE#         251
  C:4231H         LINE#         252
  C:4231H         LINE#         253
  C:4233H         LINE#         254
  C:4236H         LINE#         255
  C:423AH         LINE#         256
  C:423AH         LINE#         257
  C:423CH         LINE#         258
  C:423EH         LINE#         260
  C:423EH         LINE#         261
  C:4240H         LINE#         263
  C:4240H         LINE#         264
  C:4240H         LINE#         265
  C:4240H         LINE#         266
  C:4243H         LINE#         267
  C:4247H         LINE#         270
  C:4266H         LINE#         274
  C:426DH         LINE#         276
  C:426FH         LINE#         277
  C:4276H         LINE#         278
  C:427DH         LINE#         279
  C:427DH         LINE#         280
  C:4281H         LINE#         281
  C:4281H         LINE#         282
  C:4284H         LINE#         283
  C:4286H         LINE#         284
  C:4289H         LINE#         286
  C:428CH         LINE#         287
  C:428CH         LINE#         289
  C:4290H         LINE#         290
  C:4290H         LINE#         292
  C:42AFH         LINE#         296
  C:42B1H         LINE#         297
  C:42B4H         LINE#         298
  C:42B6H         LINE#         299
  -------         ENDPROC       READ_STATUS_REGISTER_BYTE1
  -------         PROC          SPI_NOR_WRITE_DATA
  X:0310H         SYMBOL        dat
  X:031BH         SYMBOL        addr
  C:3D7BH         LINE#         301
  C:3D7BH         LINE#         302
  C:3D7BH         LINE#         303
  C:3D94H         LINE#         304
  C:3D94H         LINE#         305
  C:3D97H         LINE#         307
  C:3D9AH         LINE#         308
  C:3DA1H         LINE#         309
  C:3DA1H         LINE#         310
  C:3DA4H         LINE#         312
  C:3DB4H         LINE#         314
  C:3DB4H         LINE#         315
BL51 BANKED LINKER/LOCATER V6.22                                                      02/22/2019  14:54:55  PAGE 47


  C:3DB7H         LINE#         317
  C:3DC7H         LINE#         318
  C:3DC7H         LINE#         321
  C:3DCAH         LINE#         323
  C:3DDAH         LINE#         324
  C:3DDAH         LINE#         326
  C:3DDDH         LINE#         328
  C:3DEDH         LINE#         329
  C:3DEDH         LINE#         331
  C:3DF0H         LINE#         333
  C:3E00H         LINE#         334
  C:3E00H         LINE#         336
  C:3E03H         LINE#         338
  C:3E13H         LINE#         339
  C:3E13H         LINE#         340
  C:3E16H         LINE#         342
  C:3E26H         LINE#         343
  C:3E26H         LINE#         345
  C:3E29H         LINE#         347
  C:3E39H         LINE#         348
  C:3E39H         LINE#         350
  C:3E3CH         LINE#         352
  C:3E4CH         LINE#         353
  C:3E4CH         LINE#         355
  C:3E4FH         LINE#         357
  C:3E5DH         LINE#         358
  -------         ENDPROC       SPI_NOR_WRITE_DATA
  -------         ENDMOD        AT25SF041

  -------         MODULE        ?C_STARTUP
  C:4485H         SEGMENT       ?C_C51STARTUP
  I:0022H         SEGMENT       ?STACK
  C:0000H         PUBLIC        ?C_STARTUP
  D:00E0H         SYMBOL        ACC
  D:00F0H         SYMBOL        B
  D:0083H         SYMBOL        DPH
  D:0082H         SYMBOL        DPL
  N:0000H         SYMBOL        IBPSTACK
  N:0100H         SYMBOL        IBPSTACKTOP
  N:0080H         SYMBOL        IDATALEN
  C:4488H         SYMBOL        IDATALOOP
  N:0000H         SYMBOL        PBPSTACK
  N:0100H         SYMBOL        PBPSTACKTOP
  N:0000H         SYMBOL        PDATALEN
  N:0000H         SYMBOL        PDATASTART
  N:0000H         SYMBOL        PPAGE
  N:0000H         SYMBOL        PPAGEENABLE
  D:00A0H         SYMBOL        PPAGE_SFR
  D:0081H         SYMBOL        SP
  C:4485H         SYMBOL        STARTUP1
  N:0000H         SYMBOL        XBPSTACK
  N:0000H         SYMBOL        XBPSTACKTOP
  N:0000H         SYMBOL        XDATALEN
  N:0000H         SYMBOL        XDATASTART
  C:0000H         LINE#         126
  C:4485H         LINE#         133
  C:4487H         LINE#         134
BL51 BANKED LINKER/LOCATER V6.22                                                      02/22/2019  14:54:55  PAGE 48


  C:4488H         LINE#         135
  C:4489H         LINE#         136
  C:448BH         LINE#         185
  C:448EH         LINE#         196
  -------         ENDMOD        ?C_STARTUP

  -------         MODULE        ?C?FPADD
  C:15B5H         PUBLIC        ?C?FPADD
  C:15B1H         PUBLIC        ?C?FPSUB
  -------         ENDMOD        ?C?FPADD

  -------         MODULE        ?C?FPMUL
  C:16A6H         PUBLIC        ?C?FPMUL
  -------         ENDMOD        ?C?FPMUL

  -------         MODULE        ?C?FPDIV
  C:17AFH         PUBLIC        ?C?FPDIV
  -------         ENDMOD        ?C?FPDIV

  -------         MODULE        ?C?FPCMP
  C:184EH         PUBLIC        ?C?FPCMP
  C:184CH         PUBLIC        ?C?FPCMP3
  -------         ENDMOD        ?C?FPCMP

  -------         MODULE        ?C?FPNEG
  C:18C5H         PUBLIC        ?C?FPNEG
  -------         ENDMOD        ?C?FPNEG

  -------         MODULE        ?C?FCAST
  C:18E0H         PUBLIC        ?C?FCASTC
  C:18DBH         PUBLIC        ?C?FCASTI
  C:18D6H         PUBLIC        ?C?FCASTL
  -------         ENDMOD        ?C?FCAST

  -------         MODULE        ?C?CASTF
  C:1914H         PUBLIC        ?C?CASTF
  -------         ENDMOD        ?C?CASTF

  -------         MODULE        ATAN2
  X:0425H         PUBLIC        ?_atan2?BYTE
  C:42B7H         PUBLIC        _atan2
  -------         ENDMOD        ATAN2

  -------         MODULE        SIN
  C:366AH         PUBLIC        _COS
  C:3680H         PUBLIC        _SIN
  C:36BCH         PUBLIC        _TAN
  -------         ENDMOD        SIN

  -------         MODULE        ACOS
  C:47C6H         PUBLIC        _ACOS
  -------         ENDMOD        ACOS

  -------         MODULE        ASIN
  C:48D4H         PUBLIC        _ASIN
  -------         ENDMOD        ASIN

BL51 BANKED LINKER/LOCATER V6.22                                                      02/22/2019  14:54:55  PAGE 49


  -------         MODULE        SQRT
  C:416EH         PUBLIC        _SQRT
  -------         ENDMOD        SQRT

  -------         MODULE        ATAN
  C:3A78H         PUBLIC        _ATAN
  -------         ENDMOD        ATAN

  -------         MODULE        ?C?COPY
  C:1AB2H         PUBLIC        ?C?COPY
  -------         ENDMOD        ?C?COPY

  -------         MODULE        ?C?CLDPTR
  C:1AD8H         PUBLIC        ?C?CLDPTR
  -------         ENDMOD        ?C?CLDPTR

  -------         MODULE        ?C?CLDOPTR
  C:1AF1H         PUBLIC        ?C?CLDOPTR
  -------         ENDMOD        ?C?CLDOPTR

  -------         MODULE        ?C?CSTPTR
  C:1B1EH         PUBLIC        ?C?CSTPTR
  -------         ENDMOD        ?C?CSTPTR

  -------         MODULE        ?C?IMUL
  C:1B30H         PUBLIC        ?C?IMUL
  -------         ENDMOD        ?C?IMUL

  -------         MODULE        ?C?UIDIV
  C:1B42H         PUBLIC        ?C?UIDIV
  -------         ENDMOD        ?C?UIDIV

  -------         MODULE        ?C?SIDIV
  C:1B97H         PUBLIC        ?C?SIDIV
  -------         ENDMOD        ?C?SIDIV

  -------         MODULE        ?C?ILDIX
  C:1BCDH         PUBLIC        ?C?ILDIX
  -------         ENDMOD        ?C?ILDIX

  -------         MODULE        ?C?ILDOPTR
  C:1BE3H         PUBLIC        ?C?ILDOPTR
  -------         ENDMOD        ?C?ILDOPTR

  -------         MODULE        ?C?ISTPTR
  C:1C1BH         PUBLIC        ?C?ISTPTR
  -------         ENDMOD        ?C?ISTPTR

  -------         MODULE        ?C?LMUL
  C:1C3AH         PUBLIC        ?C?LMUL
  -------         ENDMOD        ?C?LMUL

  -------         MODULE        ?C?SLDIV
  C:4810H         PUBLIC        ?C?SLDIV
  -------         ENDMOD        ?C?SLDIV

  -------         MODULE        ?C?LNEG
BL51 BANKED LINKER/LOCATER V6.22                                                      02/22/2019  14:54:55  PAGE 50


  C:1C89H         PUBLIC        ?C?LNEG
  -------         ENDMOD        ?C?LNEG

  -------         MODULE        ?C?ULCMP
  C:1C97H         PUBLIC        ?C?ULCMP
  -------         ENDMOD        ?C?ULCMP

  -------         MODULE        ?C?LSHL
  C:1CA8H         PUBLIC        ?C?LSHL
  -------         ENDMOD        ?C?LSHL

  -------         MODULE        ?C?LLDPTR
  C:1CBBH         PUBLIC        ?C?LLDPTR
  -------         ENDMOD        ?C?LLDPTR

  -------         MODULE        ?C?LLDOPTR
  C:1CDBH         PUBLIC        ?C?LLDOPTR
  -------         ENDMOD        ?C?LLDOPTR

  -------         MODULE        ?C?LSTPTR
  C:1D0BH         PUBLIC        ?C?LSTPTR
  -------         ENDMOD        ?C?LSTPTR

  -------         MODULE        ?C?LSTOPTR
  C:1D25H         PUBLIC        ?C?LSTOPTR
  -------         ENDMOD        ?C?LSTOPTR

  -------         MODULE        ?C?LLDXDATA
  C:1D49H         PUBLIC        ?C?LLDXDATA
  -------         ENDMOD        ?C?LLDXDATA

  -------         MODULE        ?C?LLDCODE
  C:1D55H         PUBLIC        ?C?LLDCODE
  -------         ENDMOD        ?C?LLDCODE

  -------         MODULE        ?C?LLDXDATA0
  C:1D65H         PUBLIC        ?C?LLDXDATA0
  -------         ENDMOD        ?C?LLDXDATA0

  -------         MODULE        ?C?LLDCODE0
  C:1D71H         PUBLIC        ?C?LLDCODE0
  -------         ENDMOD        ?C?LLDCODE0

  -------         MODULE        ?C?LLDPTR0
  C:1D81H         PUBLIC        ?C?LLDPTR0
  -------         ENDMOD        ?C?LLDPTR0

  -------         MODULE        ?C?LSTXDATA
  C:1DA1H         PUBLIC        ?C?LSTXDATA
  -------         ENDMOD        ?C?LSTXDATA

  -------         MODULE        ?C?LSTKXDATA
  C:1DADH         PUBLIC        ?C?LSTKXDATA
  -------         ENDMOD        ?C?LSTKXDATA

  -------         MODULE        ?C?LSTKPTR
  C:1DDEH         PUBLIC        ?C?LSTKPTR
BL51 BANKED LINKER/LOCATER V6.22                                                      02/22/2019  14:54:55  PAGE 51


  -------         ENDMOD        ?C?LSTKPTR

  -------         MODULE        ?C?OFFXADD
  C:1DF8H         PUBLIC        ?C?OFFXADD
  -------         ENDMOD        ?C?OFFXADD

  -------         MODULE        ABS
  C:4BFCH         PUBLIC        _ABS
  -------         ENDMOD        ABS

  -------         MODULE        ATOI
  C:3E64H         PUBLIC        _atoi
  -------         ENDMOD        ATOI

  -------         MODULE        ?C?IILDX
  C:1E04H         PUBLIC        ?C?IILDX
  -------         ENDMOD        ?C?IILDX

  -------         MODULE        ?C?ULDIV
  C:1E56H         PUBLIC        ?C?ULDIV
  -------         ENDMOD        ?C?ULDIV

  -------         MODULE        ?C?LLDIDATA
  C:1EE8H         PUBLIC        ?C?LLDIDATA
  -------         ENDMOD        ?C?LLDIDATA

  -------         MODULE        ?C?LLDPDATA
  C:1EF4H         PUBLIC        ?C?LLDPDATA
  -------         ENDMOD        ?C?LLDPDATA

  -------         MODULE        ?C?LLDIDATA0
  C:1F00H         PUBLIC        ?C?LLDIDATA0
  -------         ENDMOD        ?C?LLDIDATA0

  -------         MODULE        ?C?LLDPDATA0
  C:1F0DH         PUBLIC        ?C?LLDPDATA0
  -------         ENDMOD        ?C?LLDPDATA0

  -------         MODULE        ?C?LSTIDATA
  C:1F1AH         PUBLIC        ?C?LSTIDATA
  -------         ENDMOD        ?C?LSTIDATA

  -------         MODULE        ?C?LSTPDATA
  C:1F26H         PUBLIC        ?C?LSTPDATA
  -------         ENDMOD        ?C?LSTPDATA

  -------         MODULE        ?C?LSTKIDATA
  C:1F32H         PUBLIC        ?C?LSTKIDATA
  -------         ENDMOD        ?C?LSTKIDATA

  -------         MODULE        ?C?LSTKPDATA
  C:1F4BH         PUBLIC        ?C?LSTKPDATA
  -------         ENDMOD        ?C?LSTKPDATA

  -------         MODULE        ISDIGIT
  C:4BD4H         PUBLIC        _isdigit
  -------         ENDMOD        ISDIGIT
BL51 BANKED LINKER/LOCATER V6.22                                                      02/22/2019  14:54:55  PAGE 52



  -------         MODULE        ISSPACE
  C:4B6FH         PUBLIC        _isspace
  -------         ENDMOD        ISSPACE

*** WARNING L16: UNCALLED SEGMENT, IGNORED FOR OVERLAY PROCESS
    SEGMENT: ?PR?_DISPLAY_PROX?MAIN

*** WARNING L16: UNCALLED SEGMENT, IGNORED FOR OVERLAY PROCESS
    SEGMENT: ?PR?_DAY_OF_YEAR?PCF85063BTL

*** WARNING L16: UNCALLED SEGMENT, IGNORED FOR OVERLAY PROCESS
    SEGMENT: ?PR?INITUART1?UART1

*** WARNING L16: UNCALLED SEGMENT, IGNORED FOR OVERLAY PROCESS
    SEGMENT: ?PR?_SENDSTRING?UART1

*** WARNING L16: UNCALLED SEGMENT, IGNORED FOR OVERLAY PROCESS
    SEGMENT: ?PR?_TEN?UART1

*** WARNING L16: UNCALLED SEGMENT, IGNORED FOR OVERLAY PROCESS
    SEGMENT: ?PR?_UNIT?UART1

*** WARNING L16: UNCALLED SEGMENT, IGNORED FOR OVERLAY PROCESS
    SEGMENT: ?PR?_DECTOBCD?UART1

*** WARNING L16: UNCALLED SEGMENT, IGNORED FOR OVERLAY PROCESS
    SEGMENT: ?PR?_ASCII_LETTER?UART1

*** WARNING L16: UNCALLED SEGMENT, IGNORED FOR OVERLAY PROCESS
    SEGMENT: ?PR?_ASCIITOBCD?UART1

*** WARNING L16: UNCALLED SEGMENT, IGNORED FOR OVERLAY PROCESS
    SEGMENT: ?PR?WAIT?BIPOLARMOTOR

*** WARNING L16: UNCALLED SEGMENT, IGNORED FOR OVERLAY PROCESS
    SEGMENT: ?PR?_FINDDET4X4?BIPOLARMOTOR

*** WARNING L16: UNCALLED SEGMENT, IGNORED FOR OVERLAY PROCESS
    SEGMENT: ?PR?NOP?IOEXPANDER_PI4IOE5V96248

*** WARNING L16: UNCALLED SEGMENT, IGNORED FOR OVERLAY PROCESS
    SEGMENT: ?PR?UC_ACK?IOEXPANDER_PI4IOE5V96248

*** WARNING L16: UNCALLED SEGMENT, IGNORED FOR OVERLAY PROCESS
    SEGMENT: ?PR?UC_NACK?IOEXPANDER_PI4IOE5V96248

*** WARNING L16: UNCALLED SEGMENT, IGNORED FOR OVERLAY PROCESS
    SEGMENT: ?PR?_AT25SF041_READ?AT25SF041

*** WARNING L1: UNRESOLVED EXTERNAL SYMBOL
    SYMBOL:  AUTO_MODE
    MODULE:  .\Obj\main.obj (MAIN)

*** WARNING L2: REFERENCE MADE TO UNRESOLVED EXTERNAL
    SYMBOL:  AUTO_MODE
    MODULE:  .\Obj\main.obj (MAIN)
BL51 BANKED LINKER/LOCATER V6.22                                                      02/22/2019  14:54:55  PAGE 53


    ADDRESS: 0B3BH

*** WARNING L2: REFERENCE MADE TO UNRESOLVED EXTERNAL
    SYMBOL:  AUTO_MODE
    MODULE:  .\Obj\main.obj (MAIN)
    ADDRESS: 0CB0H

*** WARNING L2: REFERENCE MADE TO UNRESOLVED EXTERNAL
    SYMBOL:  AUTO_MODE
    MODULE:  .\Obj\main.obj (MAIN)
    ADDRESS: 0CBEH

*** WARNING L2: REFERENCE MADE TO UNRESOLVED EXTERNAL
    SYMBOL:  AUTO_MODE
    MODULE:  .\Obj\main.obj (MAIN)
    ADDRESS: 0CD0H

*** WARNING L2: REFERENCE MADE TO UNRESOLVED EXTERNAL
    SYMBOL:  AUTO_MODE
    MODULE:  .\Obj\main.obj (MAIN)
    ADDRESS: 0D12H

*** WARNING L2: REFERENCE MADE TO UNRESOLVED EXTERNAL
    SYMBOL:  AUTO_MODE
    MODULE:  .\Obj\main.obj (MAIN)
    ADDRESS: 0DE5H

*** WARNING L1: UNRESOLVED EXTERNAL SYMBOL
    SYMBOL:  _SENDUART1
    MODULE:  .\Obj\UART1.obj (UART1)

*** WARNING L2: REFERENCE MADE TO UNRESOLVED EXTERNAL
    SYMBOL:  _SENDUART1
    MODULE:  .\Obj\UART1.obj (UART1)
    ADDRESS: 493DH

*** WARNING L1: UNRESOLVED EXTERNAL SYMBOL
    SYMBOL:  AUTO_MODE
    MODULE:  .\Obj\KeyPad.obj (KEYPAD)

*** WARNING L2: REFERENCE MADE TO UNRESOLVED EXTERNAL
    SYMBOL:  AUTO_MODE
    MODULE:  .\Obj\KeyPad.obj (KEYPAD)
    ADDRESS: 3071H

*** WARNING L2: REFERENCE MADE TO UNRESOLVED EXTERNAL
    SYMBOL:  AUTO_MODE
    MODULE:  .\Obj\KeyPad.obj (KEYPAD)
    ADDRESS: 307CH

*** WARNING L2: REFERENCE MADE TO UNRESOLVED EXTERNAL
    SYMBOL:  AUTO_MODE
    MODULE:  .\Obj\KeyPad.obj (KEYPAD)
    ADDRESS: 3083H

Program Size: data=10.2 xdata=1431 code=19502
LINK/LOCATE RUN COMPLETE.  28 WARNING(S),  0 ERROR(S)
