BL51 BANKED LINKER/LOCATER V6.22                                                        01/29/2019  17:59:25  PAGE 1


BL51 BANKED LINKER/LOCATER V6.22, INVOKED BY:
C:\KEIL_V5\C51\BIN\BL51.EXE .\Obj\main.obj, .\Obj\PCF85063BTL.obj, .\Obj\UART1.obj, .\Obj\LCd_Driver_SPLC780D.obj, .\Obj
>> \KeyPad.obj, .\Obj\BipolarMotor.obj, .\Obj\SunPos.obj, .\Obj\ADC.obj, .\Obj\Calibration.obj, .\Obj\IOExpander_PI4IOE5
>> V96248.obj, .\Obj\STARTUP.obj TO .\Obj\GPIO_RTC_Test PRINT (.\Lis\GPIO_RTC_Test.m51) RAMSIZE (256)


MEMORY MODEL: LARGE WITH FLOATING POINT ARITHMETIC


INPUT MODULES INCLUDED:
  .\Obj\main.obj (MAIN)
  .\Obj\PCF85063BTL.obj (PCF85063BTL)
  .\Obj\UART1.obj (UART1)
  .\Obj\LCd_Driver_SPLC780D.obj (LCD_DRIVER_SPLC780D)
  .\Obj\KeyPad.obj (KEYPAD)
  .\Obj\BipolarMotor.obj (BIPOLARMOTOR)
  .\Obj\SunPos.obj (SUNPOS)
  .\Obj\ADC.obj (ADC)
  .\Obj\Calibration.obj (CALIBRATION)
  .\Obj\IOExpander_PI4IOE5V96248.obj (IOEXPANDER_PI4IOE5V96248)
  .\Obj\STARTUP.obj (?C_STARTUP)
  C:\KEIL_V5\C51\LIB\C51FPL.LIB (?C?FPADD)
  C:\KEIL_V5\C51\LIB\C51FPL.LIB (?C?FPMUL)
  C:\KEIL_V5\C51\LIB\C51FPL.LIB (?C?FPDIV)
  C:\KEIL_V5\C51\LIB\C51FPL.LIB (?C?FPCMP)
  C:\KEIL_V5\C51\LIB\C51FPL.LIB (?C?FPNEG)
  C:\KEIL_V5\C51\LIB\C51FPL.LIB (?C?FCAST)
  C:\KEIL_V5\C51\LIB\C51FPL.LIB (?C?CASTF)
  C:\KEIL_V5\C51\LIB\C51FPL.LIB (ATAN2)
  C:\KEIL_V5\C51\LIB\C51FPL.LIB (SIN)
  C:\KEIL_V5\C51\LIB\C51FPL.LIB (ACOS)
  C:\KEIL_V5\C51\LIB\C51FPL.LIB (ASIN)
  C:\KEIL_V5\C51\LIB\C51FPL.LIB (?C?FPGETOPN)
  C:\KEIL_V5\C51\LIB\C51FPL.LIB (?C?FPSERIES)
  C:\KEIL_V5\C51\LIB\C51FPL.LIB (SQRT)
  C:\KEIL_V5\C51\LIB\C51FPL.LIB (ATAN)
  C:\KEIL_V5\C51\LIB\C51L.LIB (?C_INIT)
  C:\KEIL_V5\C51\LIB\C51L.LIB (?C?COPY)
  C:\KEIL_V5\C51\LIB\C51L.LIB (?C?CLDPTR)
  C:\KEIL_V5\C51\LIB\C51L.LIB (?C?CLDOPTR)
  C:\KEIL_V5\C51\LIB\C51L.LIB (?C?CSTPTR)
  C:\KEIL_V5\C51\LIB\C51L.LIB (?C?IMUL)
  C:\KEIL_V5\C51\LIB\C51L.LIB (?C?UIDIV)
  C:\KEIL_V5\C51\LIB\C51L.LIB (?C?SIDIV)
  C:\KEIL_V5\C51\LIB\C51L.LIB (?C?ILDIX)
  C:\KEIL_V5\C51\LIB\C51L.LIB (?C?ILDOPTR)
  C:\KEIL_V5\C51\LIB\C51L.LIB (?C?LMUL)
  C:\KEIL_V5\C51\LIB\C51L.LIB (?C?SLDIV)
  C:\KEIL_V5\C51\LIB\C51L.LIB (?C?LNEG)
  C:\KEIL_V5\C51\LIB\C51L.LIB (?C?LLDPTR)
  C:\KEIL_V5\C51\LIB\C51L.LIB (?C?LLDOPTR)
  C:\KEIL_V5\C51\LIB\C51L.LIB (?C?LSTPTR)
  C:\KEIL_V5\C51\LIB\C51L.LIB (?C?LSTOPTR)
  C:\KEIL_V5\C51\LIB\C51L.LIB (?C?LLDXDATA)
  C:\KEIL_V5\C51\LIB\C51L.LIB (?C?LLDCODE)
  C:\KEIL_V5\C51\LIB\C51L.LIB (?C?LLDXDATA0)
  C:\KEIL_V5\C51\LIB\C51L.LIB (?C?LLDCODE0)
  C:\KEIL_V5\C51\LIB\C51L.LIB (?C?LLDPTR0)
BL51 BANKED LINKER/LOCATER V6.22                                                      01/29/2019  17:59:25  PAGE 2


  C:\KEIL_V5\C51\LIB\C51L.LIB (?C?LSTXDATA)
  C:\KEIL_V5\C51\LIB\C51L.LIB (?C?LSTKXDATA)
  C:\KEIL_V5\C51\LIB\C51L.LIB (?C?OFFXADD)
  C:\KEIL_V5\C51\LIB\C51L.LIB (ABS)
  C:\KEIL_V5\C51\LIB\C51L.LIB (ATOI)
  C:\KEIL_V5\C51\LIB\C51L.LIB (?C?IILDX)
  C:\KEIL_V5\C51\LIB\C51L.LIB (?C?ULDIV)
  C:\KEIL_V5\C51\LIB\C51L.LIB (?C?LLDIDATA)
  C:\KEIL_V5\C51\LIB\C51L.LIB (?C?LLDPDATA)
  C:\KEIL_V5\C51\LIB\C51L.LIB (?C?LLDIDATA0)
  C:\KEIL_V5\C51\LIB\C51L.LIB (?C?LLDPDATA0)
  C:\KEIL_V5\C51\LIB\C51L.LIB (?C?LSTIDATA)
  C:\KEIL_V5\C51\LIB\C51L.LIB (?C?LSTPDATA)
  C:\KEIL_V5\C51\LIB\C51L.LIB (ISDIGIT)
  C:\KEIL_V5\C51\LIB\C51L.LIB (ISSPACE)


LINK MAP OF MODULE:  .\Obj\GPIO_RTC_Test (MAIN)


            TYPE    BASE      LENGTH    RELOCATION   SEGMENT NAME
            -----------------------------------------------------

            * * * * * * *   D A T A   M E M O R Y   * * * * * * *
            REG     0000H     0008H     ABSOLUTE     "REG BANK 0"
                    0008H     0018H                  *** GAP ***
            BIT     0020H.0   0000H.5   UNIT         ?BI?KEYPAD
            BIT     0020H.5   0000H.3   UNIT         _BIT_GROUP_
            BIT     0021H.0   0000H.1   UNIT         ?BI?MAIN
            BIT     0021H.1   0000H.1   UNIT         ?BI?_ATOI?ATOI
                    0021H.2   0000H.6                *** GAP ***
            IDATA   0022H     0001H     UNIT         ?STACK

            * * * * * * *  X D A T A   M E M O R Y  * * * * * * *
            XDATA   0000H     039FH     UNIT         ?XD?BIPOLARMOTOR
            XDATA   039FH     0135H     UNIT         _XDATA_GROUP_
            XDATA   04D4H     00D4H     UNIT         ?XD?MAIN
            XDATA   05A8H     0040H     UNIT         ?XD?_FINDDET4X4?BIPOLARMOTOR
            XDATA   05E8H     0024H     UNIT         ?XD?_FINDDET3X3?BIPOLARMOTOR
            XDATA   060CH     0009H     UNIT         ?XD?KEYPAD
            XDATA   0615H     0005H     UNIT         ?XD?_ATOI?ATOI
            XDATA   061AH     0004H     UNIT         ?XD?_DISPLAY_PROX?MAIN
            XDATA   061EH     0003H     UNIT         ?XD?_SENDSTRING?UART1
            XDATA   0621H     0001H     UNIT         ?XD?UC_ACK?IOEXPANDER_PI4IOE5V96248
            XDATA   0622H     0001H     UNIT         ?XD?UC_NACK?IOEXPANDER_PI4IOE5V96248

            * * * * * * *   C O D E   M E M O R Y   * * * * * * *
            CODE    0000H     0003H     ABSOLUTE     
            CODE    0003H     0006H     UNIT         ?PR?_TEN?UART1
            CODE    0009H     0001H     UNIT         ?PR?TM0_ISR?MAIN
            CODE    000AH     0001H     UNIT         ?PR?_DECTOBCD?UART1
            CODE    000BH     0003H     ABSOLUTE     
            CODE    000EH     0A2DH     UNIT         ?PR?_UPDATE_POSITION?BIPOLARMOTOR
            CODE    0A3BH     0927H     UNIT         ?C?LIB_CODE
            CODE    1362H     0849H     UNIT         ?PR?MAIN?MAIN
            CODE    1BABH     07A2H     UNIT         ?PR?SUNPOS?SUNPOS
            CODE    234DH     0405H     UNIT         ?C_INITSEG
BL51 BANKED LINKER/LOCATER V6.22                                                      01/29/2019  17:59:25  PAGE 3


            CODE    2752H     02C0H     UNIT         ?PR?_FINDDET4X4?BIPOLARMOTOR
            CODE    2A12H     02A0H     UNIT         ?PR?KEY_PROCESS?KEYPAD
            CODE    2CB2H     01D1H     UNIT         ?PR?_FINDDET3X3?BIPOLARMOTOR
            CODE    2E83H     01B5H     UNIT         ?PR?_DISPLAY_POS?MAIN
            CODE    3038H     018DH     UNIT         ?PR?KEY_SCAN?KEYPAD
            CODE    31C5H     0188H     UNIT         ?PR?SIN?SIN
            CODE    334DH     013EH     UNIT         ?PR?_FIND_REAL_MAX?CALIBRATION
            CODE    348BH     0122H     UNIT         ?PR?ATAN?ATAN
            CODE    35ADH     00E4H     UNIT         ?PR?_CALIBRATION?CALIBRATION
            CODE    3691H     00DBH     UNIT         ?PR?_ATOI?ATOI
            CODE    376CH     00C3H     UNIT         ?PR?LINEAR_INTERPOLATE?BIPOLARMOTOR
            CODE    382FH     00BBH     UNIT         ?PR?VOLTAGE_IS_STABLE?CALIBRATION
            CODE    38EAH     00ADH     UNIT         ?PR?_WRITE_PI4IOE5V96248?IOEXPANDER_PI4IOE5V96248
            CODE    3997H     00ACH     UNIT         ?PR?SQRT?SQRT
            CODE    3A43H     009DH     UNIT         ?PR?_ATAN2?ATAN2
            CODE    3AE0H     0096H     UNIT         ?PR?_MAX_VALUE?CALIBRATION
            CODE    3B76H     0095H     UNIT         ?PR?_DISPLAY_PROX?MAIN
            CODE    3C0BH     008CH     UNIT         ?C_C51STARTUP
            CODE    3C97H     0084H     UNIT         ?PR?_DAY_OF_YEAR?PCF85063BTL
            CODE    3D1BH     0075H     UNIT         ?PR?_WRITEDATA?LCD_DRIVER_SPLC780D
            CODE    3D90H     006FH     UNIT         ?PR?_READ_TIME?PCF85063BTL
            CODE    3DFFH     0059H     UNIT         ?PR?LCD_INIT?LCD_DRIVER_SPLC780D
            CODE    3E58H     004AH     UNIT         ?PR?VONESTEPMOVE?BIPOLARMOTOR
            CODE    3EA2H     004AH     UNIT         ?PR?ACOS?ACOS
            CODE    3EECH     0044H     UNIT         ?C?LDIV
            CODE    3F30H     0040H     UNIT         ?PR?_COMMAND?LCD_DRIVER_SPLC780D
            CODE    3F70H     0040H     UNIT         ?PR?_STEP_MOVE?BIPOLARMOTOR
            CODE    3FB0H     003BH     UNIT         ?PR?ASIN?ASIN
            CODE    3FEBH     0033H     UNIT         ?PR?_SENDSTRING?UART1
            CODE    401EH     002BH     UNIT         ?PR?_WAIT_MS_I2C?IOEXPANDER_PI4IOE5V96248
            CODE    4049H     0028H     UNIT         ?PR?_MOVE?BIPOLARMOTOR
            CODE    4071H     0027H     UNIT         ?PR?_I2C_SENDBYTE?IOEXPANDER_PI4IOE5V96248
            CODE    4098H     0026H     UNIT         ?PR?_ADC_GETRESULT?ADC
            CODE    40BEH     0024H     UNIT         ?PR?_WAIT_MS?LCD_DRIVER_SPLC780D
            CODE    40E2H     0020H     UNIT         ?PR?_SPI_SENDBYTE?PCF85063BTL
            CODE    4102H     0020H     UNIT         ?PR?SPI_RECEIVEBYTE?PCF85063BTL
            CODE    4122H     001EH     UNIT         ?PR?_DELAY_MS?KEYPAD
            CODE    4140H     001DH     UNIT         ?PR?_DISPLAYLCD?LCD_DRIVER_SPLC780D
            CODE    415DH     001DH     UNIT         ?PR?ADC_INIT?ADC
            CODE    417AH     001BH     UNIT         ?PR?_BCDTODEC1?BIPOLARMOTOR
            CODE    4195H     0018H     UNIT         ?PR?_SPI_WRITETIME?PCF85063BTL
            CODE    41ADH     0017H     UNIT         ?PR?_ASCIITOBCD?UART1
            CODE    41C4H     0016H     UNIT         ?PR?I2C_ACK?IOEXPANDER_PI4IOE5V96248
            CODE    41DAH     0015H     UNIT         ?PR?_DISPLAY_LINE?LCD_DRIVER_SPLC780D
            CODE    41EFH     0015H     UNIT         ?PR?I2C_STOP?IOEXPANDER_PI4IOE5V96248
            CODE    4204H     0014H     UNIT         ?PR?_PCF85063BTL_DELAY?PCF85063BTL
            CODE    4218H     0014H     UNIT         ?PR?_ISSPACE?ISSPACE
            CODE    422CH     0011H     UNIT         ?PR?_SPI_READTIME?PCF85063BTL
            CODE    423DH     0011H     UNIT         ?PR?_BCDTODEC?PCF85063BTL
            CODE    424EH     0011H     UNIT         ?PR?INITUART1?UART1
            CODE    425FH     000FH     UNIT         ?PR?I2C_START?IOEXPANDER_PI4IOE5V96248
            CODE    426EH     000FH     UNIT         ?PR?UC_NACK?IOEXPANDER_PI4IOE5V96248
            CODE    427DH     000FH     UNIT         ?PR?_ISDIGIT?ISDIGIT
            CODE    428CH     000DH     UNIT         ?PR?SPI_INIT?PCF85063BTL
            CODE    4299H     000CH     UNIT         ?PR?KEYPAD_IO_INIT?KEYPAD
            CODE    42A5H     000CH     UNIT         ?PR?_ABS?ABS
            CODE    42B1H     000AH     UNIT         ?PR?LCD_RETURN_HOME?LCD_DRIVER_SPLC780D
BL51 BANKED LINKER/LOCATER V6.22                                                      01/29/2019  17:59:25  PAGE 4


            CODE    42BBH     000AH     UNIT         ?PR?LCD_CLEAR?LCD_DRIVER_SPLC780D
            CODE    42C5H     0006H     UNIT         ?PR?UC_ACK?IOEXPANDER_PI4IOE5V96248
            CODE    42CBH     0005H     UNIT         ?PR?_UNIT?UART1
            CODE    42D0H     0005H     UNIT         ?PR?_ASCII_LETTER?UART1
            CODE    42D5H     0001H     UNIT         ?PR?WAIT?BIPOLARMOTOR
            CODE    42D6H     0001H     UNIT         ?PR?NOP?IOEXPANDER_PI4IOE5V96248



OVERLAY MAP OF MODULE:   .\Obj\GPIO_RTC_Test (MAIN)


SEGMENT                                             BIT_GROUP          XDATA_GROUP
  +--> CALLED SEGMENT                            START    LENGTH     START    LENGTH
------------------------------------------------------------------------------------
?C_C51STARTUP                                    -----    -----      -----    -----
  +--> ?PR?MAIN?MAIN
  +--> ?C_INITSEG

?PR?MAIN?MAIN                                    -----    -----      039FH    0019H
  +--> ?PR?LCD_INIT?LCD_DRIVER_SPLC780D
  +--> ?PR?SPI_INIT?PCF85063BTL
  +--> ?PR?KEYPAD_IO_INIT?KEYPAD
  +--> ?PR?ADC_INIT?ADC
  +--> ?PR?_SPI_WRITETIME?PCF85063BTL
  +--> ?PR?_DELAY_MS?KEYPAD
  +--> ?PR?_DISPLAY_LINE?LCD_DRIVER_SPLC780D
  +--> ?PR?_WRITEDATA?LCD_DRIVER_SPLC780D
  +--> ?PR?KEY_PROCESS?KEYPAD
  +--> ?PR?_COMMAND?LCD_DRIVER_SPLC780D
  +--> ?PR?_DISPLAY_POS?MAIN
  +--> ?PR?_DISPLAYLCD?LCD_DRIVER_SPLC780D
  +--> ?PR?_STEP_MOVE?BIPOLARMOTOR
  +--> ?PR?LCD_RETURN_HOME?LCD_DRIVER_SPLC780D
  +--> ?PR?_READ_TIME?PCF85063BTL
  +--> ?PR?_BCDTODEC1?BIPOLARMOTOR
  +--> ?PR?_CALIBRATION?CALIBRATION
  +--> ?PR?LINEAR_INTERPOLATE?BIPOLARMOTOR
  +--> ?PR?_UPDATE_POSITION?BIPOLARMOTOR

?PR?LCD_INIT?LCD_DRIVER_SPLC780D                 -----    -----      -----    -----
  +--> ?PR?_WAIT_MS?LCD_DRIVER_SPLC780D
  +--> ?PR?_COMMAND?LCD_DRIVER_SPLC780D

?PR?_COMMAND?LCD_DRIVER_SPLC780D                 -----    -----      -----    -----
  +--> ?PR?_WAIT_MS?LCD_DRIVER_SPLC780D

?PR?ADC_INIT?ADC                                 -----    -----      -----    -----
  +--> ?PR?_WAIT_MS?LCD_DRIVER_SPLC780D

?PR?_SPI_WRITETIME?PCF85063BTL                   -----    -----      -----    -----
  +--> ?PR?_SPI_SENDBYTE?PCF85063BTL

?PR?_SPI_SENDBYTE?PCF85063BTL                    -----    -----      -----    -----
  +--> ?PR?_PCF85063BTL_DELAY?PCF85063BTL

?PR?_DISPLAY_LINE?LCD_DRIVER_SPLC780D            -----    -----      -----    -----
BL51 BANKED LINKER/LOCATER V6.22                                                      01/29/2019  17:59:25  PAGE 5


  +--> ?PR?_COMMAND?LCD_DRIVER_SPLC780D

?PR?_WRITEDATA?LCD_DRIVER_SPLC780D               -----    -----      03C2H    0001H
  +--> ?PR?_WAIT_MS?LCD_DRIVER_SPLC780D

?PR?KEY_PROCESS?KEYPAD                           -----    -----      03B8H    0006H
  +--> ?PR?KEY_SCAN?KEYPAD
  +--> ?PR?_SPI_WRITETIME?PCF85063BTL
  +--> ?PR?LCD_CLEAR?LCD_DRIVER_SPLC780D
  +--> ?PR?_COMMAND?LCD_DRIVER_SPLC780D
  +--> ?PR?_WRITEDATA?LCD_DRIVER_SPLC780D

?PR?KEY_SCAN?KEYPAD                              -----    -----      03BEH    0003H

?PR?LCD_CLEAR?LCD_DRIVER_SPLC780D                -----    -----      -----    -----
  +--> ?PR?_COMMAND?LCD_DRIVER_SPLC780D

?PR?_DISPLAY_POS?MAIN                            -----    -----      03B8H    000AH
  +--> ?PR?_ABS?ABS
  +--> ?PR?_WRITEDATA?LCD_DRIVER_SPLC780D

?PR?_DISPLAYLCD?LCD_DRIVER_SPLC780D              -----    -----      03B8H    0001H
  +--> ?PR?_WRITEDATA?LCD_DRIVER_SPLC780D

?PR?_STEP_MOVE?BIPOLARMOTOR                      0020H.6  0000H.1    0454H    0004H
  +--> ?PR?VONESTEPMOVE?BIPOLARMOTOR

?PR?VONESTEPMOVE?BIPOLARMOTOR                    0020H.7  0000H.1    -----    -----
  +--> ?PR?_WRITE_PI4IOE5V96248?IOEXPANDER_P...
  +--> ?PR?_DELAY_MS?KEYPAD

?PR?_WRITE_PI4IOE5V96248?IOEXPANDER_P...         -----    -----      0458H    0003H
  +--> ?PR?I2C_START?IOEXPANDER_PI4IOE5V96248
  +--> ?PR?_WAIT_MS_I2C?IOEXPANDER_PI4IOE5V9...
  +--> ?PR?_I2C_SENDBYTE?IOEXPANDER_PI4IOE5V...
  +--> ?PR?I2C_ACK?IOEXPANDER_PI4IOE5V96248
  +--> ?PR?I2C_STOP?IOEXPANDER_PI4IOE5V96248

?PR?I2C_START?IOEXPANDER_PI4IOE5V96248           -----    -----      -----    -----
  +--> ?PR?_WAIT_MS_I2C?IOEXPANDER_PI4IOE5V9...

?PR?_I2C_SENDBYTE?IOEXPANDER_PI4IOE5V...         -----    -----      -----    -----
  +--> ?PR?_WAIT_MS_I2C?IOEXPANDER_PI4IOE5V9...

?PR?I2C_ACK?IOEXPANDER_PI4IOE5V96248             -----    -----      045BH    0001H
  +--> ?PR?_WAIT_MS_I2C?IOEXPANDER_PI4IOE5V9...

?PR?I2C_STOP?IOEXPANDER_PI4IOE5V96248            -----    -----      -----    -----
  +--> ?PR?_WAIT_MS_I2C?IOEXPANDER_PI4IOE5V9...

?PR?LCD_RETURN_HOME?LCD_DRIVER_SPLC780D          -----    -----      -----    -----
  +--> ?PR?_COMMAND?LCD_DRIVER_SPLC780D

?PR?_READ_TIME?PCF85063BTL                       -----    -----      03B8H    000FH
  +--> ?PR?_SPI_READTIME?PCF85063BTL

?PR?_SPI_READTIME?PCF85063BTL                    -----    -----      -----    -----
BL51 BANKED LINKER/LOCATER V6.22                                                      01/29/2019  17:59:25  PAGE 6


  +--> ?PR?_SPI_SENDBYTE?PCF85063BTL
  +--> ?PR?SPI_RECEIVEBYTE?PCF85063BTL

?PR?SPI_RECEIVEBYTE?PCF85063BTL                  -----    -----      -----    -----
  +--> ?PR?_PCF85063BTL_DELAY?PCF85063BTL

?PR?_CALIBRATION?CALIBRATION                     -----    -----      03B8H    0014H
  +--> ?PR?VOLTAGE_IS_STABLE?CALIBRATION
  +--> ?PR?_UPDATE_POSITION?BIPOLARMOTOR
  +--> ?PR?_FIND_REAL_MAX?CALIBRATION

?PR?VOLTAGE_IS_STABLE?CALIBRATION                -----    -----      03CCH    0018H
  +--> ?PR?_ADC_GETRESULT?ADC
  +--> ?PR?_ABS?ABS

?PR?_UPDATE_POSITION?BIPOLARMOTOR                -----    -----      03CCH    009FH
  +--> ?PR?_BCDTODEC1?BIPOLARMOTOR
  +--> ?PR?SUNPOS?SUNPOS
  +--> ?PR?SIN?SIN
  +--> ?PR?ASIN?ASIN
  +--> ?PR?LINEAR_INTERPOLATE?BIPOLARMOTOR
  +--> ?PR?_ABS?ABS

?PR?SUNPOS?SUNPOS                                -----    -----      046BH    005DH
  +--> ?PR?SIN?SIN
  +--> ?PR?_ATAN2?ATAN2
  +--> ?PR?ASIN?ASIN
  +--> ?PR?ACOS?ACOS

?PR?SIN?SIN                                      0020H.5  0000H.1    04C8H    0004H

?PR?_ATAN2?ATAN2                                 -----    -----      04C8H    0008H
  +--> ?PR?ATAN?ATAN

?PR?ATAN?ATAN                                    0020H.5  0000H.2    04D0H    0004H

?PR?ASIN?ASIN                                    -----    -----      -----    -----
  +--> ?PR?SQRT?SQRT
  +--> ?PR?ATAN?ATAN

?PR?SQRT?SQRT                                    -----    -----      04C8H    0004H

?PR?ACOS?ACOS                                    -----    -----      -----    -----
  +--> ?PR?SQRT?SQRT
  +--> ?PR?ATAN?ATAN

?PR?LINEAR_INTERPOLATE?BIPOLARMOTOR              -----    -----      046BH    0014H

?PR?_FIND_REAL_MAX?CALIBRATION                   -----    -----      03CCH    0084H
  +--> ?PR?_MOVE?BIPOLARMOTOR
  +--> ?PR?_ADC_GETRESULT?ADC
  +--> ?PR?_WAIT_MS?LCD_DRIVER_SPLC780D
  +--> ?PR?_MAX_VALUE?CALIBRATION

?PR?_MOVE?BIPOLARMOTOR                           0020H.5  0000H.1    0450H    0004H
  +--> ?PR?_STEP_MOVE?BIPOLARMOTOR

BL51 BANKED LINKER/LOCATER V6.22                                                      01/29/2019  17:59:25  PAGE 7


?PR?_MAX_VALUE?CALIBRATION                       -----    -----      0450H    0004H



UNRESOLVED EXTERNAL SYMBOLS:
   AUTO_MODE
   _SENDUART1



SYMBOL TABLE OF MODULE:  .\Obj\GPIO_RTC_Test (MAIN)

  VALUE           TYPE          NAME
  ----------------------------------

  -------         MODULE        MAIN
  C:0000H         SYMBOL        _ICE_DUMMY_
  X:04DCH         PUBLIC        calib_value
  D:0080H         PUBLIC        P0
  D:00B2H         PUBLIC        P3M0
  D:0090H         PUBLIC        P1
  D:00B1H         PUBLIC        P3M1
  D:00A0H         PUBLIC        P2
  D:00B0H         PUBLIC        P3
  D:00C0H         PUBLIC        P4
  D:00C8H         PUBLIC        P5
  X:0530H         SYMBOL        PressedKey
  B:00A8H.7       PUBLIC        EA
  D:00E8H         PUBLIC        P6
  X:0534H         PUBLIC        calib_stamp
  D:00F8H         PUBLIC        P7
  X:0535H         PUBLIC        RX_Data_Uart_Cnt
  D:00A8H         PUBLIC        IE
  X:0537H         PUBLIC        calib_time
  D:00B8H         PUBLIC        IP
  X:058BH         PUBLIC        months
  D:00D8H         PUBLIC        CCON
  C:1362H         PUBLIC        main
  X:058CH         PUBLIC        count
  X:058EH         PUBLIC        days
  X:058FH         PUBLIC        hours
  D:0098H         PUBLIC        SCON
  D:0089H         PUBLIC        TMOD
  D:0088H         PUBLIC        TCON
  B:00A0H.3       PUBLIC        P23
  X:0590H         SYMBOL        KeyCount
  X:0592H         PUBLIC        mins
  X:0593H         PUBLIC        Rec_data_hour
  B:00C8H.5       PUBLIC        P55
  X:0596H         PUBLIC        Rec_data_min
  D:008EH         PUBLIC        AUXR
  C:0009H         PUBLIC        tm0_isr
  B:0021H.0       PUBLIC        busy
  B:00A8H.1       PUBLIC        ET0
  D:008CH         PUBLIC        TH0
  X:0599H         PUBLIC        hour_count
  D:008AH         PUBLIC        TL0
BL51 BANKED LINKER/LOCATER V6.22                                                      01/29/2019  17:59:25  PAGE 8


  X:059AH         PUBLIC        min_count
  B:0088H.4       PUBLIC        TR0
  X:059BH         SYMBOL        KeyNum
  X:059CH         SYMBOL        KeyNum_Old
  X:059DH         PUBLIC        current_position
  X:05A1H         PUBLIC        hours1
  X:05A2H         PUBLIC        hours2
  C:3B76H         PUBLIC        _Display_Prox
  X:05A3H         PUBLIC        mins1
  X:05A4H         PUBLIC        mins2
  C:2E83H         PUBLIC        _Display_Pos
  X:05A5H         PUBLIC        seconds
  X:05A6H         PUBLIC        st_time
  D:00D0H         PUBLIC        PSW
  -------         PROC          TM0_ISR
  C:0009H         LINE#         86
  C:0009H         LINE#         88
  -------         ENDPROC       TM0_ISR
  -------         PROC          MAIN
  -------         DO            
  X:039FH         SYMBOL        prox_data
  X:04D4H         SYMBOL        KeyCount
  X:04D6H         SYMBOL        KeyNum_Old
  X:04D7H         SYMBOL        KeyNum
  X:04D8H         SYMBOL        PressedKey
  X:03A1H         SYMBOL        prox_flag
  X:03A2H         SYMBOL        iUse_prevday_calib_value
  X:03A4H         SYMBOL        calib_point1
  X:03ACH         SYMBOL        calib_point2
  X:03B4H         SYMBOL        calib_day
  X:03B6H         SYMBOL        calib_count
  -------         ENDDO         
  C:1362H         LINE#         90
  C:1362H         LINE#         91
  C:1362H         LINE#         96
  C:1368H         LINE#         97
  C:136DH         LINE#         100
  C:1373H         LINE#         104
  C:1375H         LINE#         105
  C:1377H         LINE#         106
  C:1379H         LINE#         107
  C:137BH         LINE#         109
  C:1381H         LINE#         118
  C:1383H         LINE#         119
  C:1386H         LINE#         120
  C:1389H         LINE#         121
  C:138CH         LINE#         122
  C:138FH         LINE#         123
  C:1392H         LINE#         126
  C:1395H         LINE#         128
  C:1398H         LINE#         129
  C:139BH         LINE#         130
  C:139EH         LINE#         131
  C:13A0H         LINE#         132
  C:13A2H         LINE#         133
  C:13A4H         LINE#         135
  C:13A6H         LINE#         136
BL51 BANKED LINKER/LOCATER V6.22                                                      01/29/2019  17:59:25  PAGE 9


  C:13ADH         LINE#         137
  C:13B4H         LINE#         138
  C:13BBH         LINE#         139
  C:13C2H         LINE#         143
  C:13C9H         LINE#         144
  C:13CEH         LINE#         145
  C:13D3H         LINE#         146
  C:13D8H         LINE#         147
  C:13DDH         LINE#         148
  C:13E2H         LINE#         151
  C:13FBH         LINE#         152
  C:13FBH         LINE#         153
  C:1417H         LINE#         154
  C:145EH         LINE#         155
  C:146FH         LINE#         156
  C:146FH         LINE#         157
  C:146FH         LINE#         158
  C:1472H         LINE#         161
  C:1472H         LINE#         164
  C:1477H         LINE#         165
  C:147CH         LINE#         167
  C:1481H         LINE#         168
  C:1486H         LINE#         169
  C:148BH         LINE#         170
  C:1490H         LINE#         172
  C:14A1H         LINE#         174
  C:14A8H         LINE#         175
  C:14B0H         LINE#         176
  C:14B5H         LINE#         177
  C:14BDH         LINE#         178
  C:14C2H         LINE#         179
  C:14CCH         LINE#         180
  C:14D1H         LINE#         181
  C:14D9H         LINE#         183
  C:14E1H         LINE#         184
  C:14E6H         LINE#         185
  C:14F0H         LINE#         186
  C:14F0H         LINE#         187
  C:14F2H         LINE#         188
  C:14F4H         LINE#         189
  C:14FEH         LINE#         190
  C:14FEH         LINE#         191
  C:1503H         LINE#         192
  C:1503H         LINE#         204
  C:1510H         LINE#         205
  C:1510H         LINE#         206
  C:151AH         LINE#         207
  C:1531H         LINE#         208
  C:1531H         LINE#         209
  C:1533H         LINE#         210
  C:1535H         LINE#         212
  C:1535H         LINE#         213
  C:1540H         LINE#         214
  C:1540H         LINE#         215
  C:1545H         LINE#         216
  C:1545H         LINE#         217
  C:1552H         LINE#         218
BL51 BANKED LINKER/LOCATER V6.22                                                      01/29/2019  17:59:25  PAGE 10


  C:1552H         LINE#         221
  C:155CH         LINE#         222
  C:1573H         LINE#         223
  C:1573H         LINE#         224
  C:1575H         LINE#         225
  C:1577H         LINE#         227
  C:1577H         LINE#         228
  C:1582H         LINE#         229
  C:1582H         LINE#         230
  C:1587H         LINE#         231
  C:1589H         LINE#         232
  C:1589H         LINE#         241
  C:15ABH         LINE#         242
  C:15ABH         LINE#         243
  C:15B5H         LINE#         244
  C:15BBH         LINE#         245
  C:15BDH         LINE#         246
  C:15BFH         LINE#         247
  C:15C1H         LINE#         248
  C:15C1H         LINE#         249
  C:15C4H         LINE#         251
  C:15C4H         LINE#         252
  C:15CAH         LINE#         253
  C:15D2H         LINE#         254
  C:15D8H         LINE#         255
  C:15E0H         LINE#         256
  C:161BH         LINE#         260
  C:1628H         LINE#         261
  C:1628H         LINE#         263
  C:165BH         LINE#         264
  C:1668H         LINE#         265
  C:1668H         LINE#         267
  C:168BH         LINE#         268
  C:168BH         LINE#         269
  C:16ADH         LINE#         270
  C:16ADH         LINE#         271
  C:1729H         LINE#         272
  C:176FH         LINE#         276
  C:1772H         LINE#         277
  C:1783H         LINE#         278
  C:1783H         LINE#         279
  C:1783H         LINE#         281
  C:1783H         LINE#         285
  C:1786H         LINE#         287
  C:1786H         LINE#         288
  C:17A8H         LINE#         289
  C:17A8H         LINE#         290
  C:1824H         LINE#         291
  C:1879H         LINE#         292
  C:1879H         LINE#         293
  C:1879H         LINE#         294
  C:187CH         LINE#         298
  C:187CH         LINE#         301
  C:18A4H         LINE#         302
  C:18A4H         LINE#         303
  C:18C6H         LINE#         304
  C:18C6H         LINE#         305
BL51 BANKED LINKER/LOCATER V6.22                                                      01/29/2019  17:59:25  PAGE 11


  C:1942H         LINE#         306
  C:199CH         LINE#         311
  C:199FH         LINE#         312
  C:19B0H         LINE#         313
  C:19B0H         LINE#         314
  C:19B8H         LINE#         316
  C:19B8H         LINE#         319
  C:19BBH         LINE#         321
  C:19BBH         LINE#         323
  C:19DDH         LINE#         324
  C:19DDH         LINE#         325
  C:1A59H         LINE#         327
  C:1A86H         LINE#         328
  C:1AA1H         LINE#         329
  C:1ACEH         LINE#         330
  C:1AE9H         LINE#         332
  C:1B85H         LINE#         335
  C:1B85H         LINE#         336
  C:1B85H         LINE#         337
  C:1B85H         LINE#         339
  C:1B85H         LINE#         342
  C:1BA1H         LINE#         343
  C:1BA6H         LINE#         345
  C:1BA8H         LINE#         346
  -------         ENDPROC       MAIN
  -------         PROC          _DISPLAY_PROX
  D:0002H         SYMBOL        dat
  -------         DO            
  X:061AH         SYMBOL        unit
  X:061BH         SYMBOL        ten
  X:061CH         SYMBOL        hundred
  X:061DH         SYMBOL        thousand
  -------         ENDDO         
  C:3B76H         LINE#         430
  C:3B7AH         LINE#         431
  C:3B7AH         LINE#         433
  C:3B86H         LINE#         434
  C:3B96H         LINE#         435
  C:3BB2H         LINE#         436
  C:3BE2H         LINE#         437
  C:3BECH         LINE#         438
  C:3BF6H         LINE#         439
  C:3C00H         LINE#         440
  C:3C0AH         LINE#         442
  -------         ENDPROC       _DISPLAY_PROX
  -------         PROC          _DISPLAY_POS
  X:03B8H         SYMBOL        sign_dat
  -------         DO            
  X:03BCH         SYMBOL        unit
  X:03BDH         SYMBOL        ten
  X:03BEH         SYMBOL        hundred
  D:0003H         SYMBOL        thousand
  X:03BFH         SYMBOL        after_dot
  X:03C0H         SYMBOL        dat
  -------         ENDDO         
  C:2E83H         LINE#         445
  C:2E89H         LINE#         446
BL51 BANKED LINKER/LOCATER V6.22                                                      01/29/2019  17:59:25  PAGE 12


  C:2E89H         LINE#         450
  C:2EA5H         LINE#         451
  C:2EBFH         LINE#         452
  C:2EE3H         LINE#         454
  C:2F2DH         LINE#         456
  C:2F44H         LINE#         457
  C:2F51H         LINE#         458
  C:2F73H         LINE#         459
  C:2FA8H         LINE#         460
  C:2FC0H         LINE#         461
  C:2FC0H         LINE#         463
  C:2FCAH         LINE#         464
  C:2FD4H         LINE#         465
  C:2FDEH         LINE#         466
  C:2FE3H         LINE#         467
  C:2FEDH         LINE#         468
  C:2FF2H         LINE#         469
  C:2FF7H         LINE#         470
  C:2FF9H         LINE#         471
  C:2FFBH         LINE#         473
  C:2FFBH         LINE#         475
  C:3000H         LINE#         476
  C:300AH         LINE#         477
  C:3014H         LINE#         478
  C:301EH         LINE#         479
  C:3023H         LINE#         480
  C:302DH         LINE#         481
  C:3032H         LINE#         482
  C:3037H         LINE#         484
  C:3037H         LINE#         486
  -------         ENDPROC       _DISPLAY_POS
  -------         ENDMOD        MAIN

  -------         MODULE        PCF85063BTL
  C:0000H         SYMBOL        _ICE_DUMMY_
  D:0096H         PUBLIC        P2M0
  D:0080H         PUBLIC        P0
  D:0095H         PUBLIC        P2M1
  D:0090H         PUBLIC        P1
  D:00A0H         PUBLIC        P2
  D:00B0H         PUBLIC        P3
  D:00C0H         PUBLIC        P4
  D:00C8H         PUBLIC        P5
  D:00E8H         PUBLIC        P6
  B:00A0H.1       PUBLIC        PCF85063BTL_SDI
  D:00F8H         PUBLIC        P7
  B:00A0H.2       PUBLIC        PCF85063BTL_SCK
  B:00A0H.1       PUBLIC        PCF85063BTL_SDO
  D:00A8H         PUBLIC        IE
  C:3D90H         PUBLIC        _Read_time
  C:420AH         PUBLIC        _PCF85063BTL_Delay
  D:00B8H         PUBLIC        IP
  D:00D8H         PUBLIC        CCON
  C:3C97H         PUBLIC        _Day_Of_Year
  C:4102H         PUBLIC        SPI_ReceiveByte
  D:0098H         PUBLIC        SCON
  D:0088H         PUBLIC        TCON
BL51 BANKED LINKER/LOCATER V6.22                                                      01/29/2019  17:59:25  PAGE 13


  C:423DH         PUBLIC        _BCDtoDec
  B:00A0H.0       PUBLIC        PCF85063BTL_CS
  C:422CH         PUBLIC        _SPI_ReadTime
  C:428CH         PUBLIC        SPI_Init
  C:4195H         PUBLIC        _SPI_WriteTime
  C:40E2H         PUBLIC        _SPI_SendByte
  D:00D0H         PUBLIC        PSW
  C:4206H         SYMBOL        L?0047
  -------         PROC          L?0046
  -------         ENDPROC       L?0046
  C:4206H         SYMBOL        L?0047
  -------         PROC          _PCF85063BTL_DELAY
  D:0006H         SYMBOL        us
  C:420AH         LINE#         8
  C:420AH         LINE#         9
  C:420AH         LINE#         10
  C:4214H         LINE#         11
  C:4214H         LINE#         12
  C:4215H         LINE#         13
  C:4217H         LINE#         14
  -------         ENDPROC       _PCF85063BTL_DELAY
  -------         PROC          _SPI_SENDBYTE
  D:0005H         SYMBOL        dat
  -------         DO            
  D:0003H         SYMBOL        i
  -------         ENDDO         
  C:40E2H         LINE#         17
  C:40E4H         LINE#         18
  C:40E4H         LINE#         20
  C:40E6H         LINE#         21
  C:40E6H         LINE#         22
  C:40E8H         LINE#         23
  C:40ECH         LINE#         24
  C:40ECH         LINE#         25
  C:40EEH         LINE#         26
  C:40F0H         LINE#         28
  C:40F0H         LINE#         29
  C:40F2H         LINE#         30
  C:40F2H         LINE#         31
  C:40F5H         LINE#         32
  C:40F5H         LINE#         33
  C:40F8H         LINE#         34
  C:40FCH         LINE#         35
  C:4101H         LINE#         36
  -------         ENDPROC       _SPI_SENDBYTE
  -------         PROC          SPI_RECEIVEBYTE
  -------         DO            
  D:0003H         SYMBOL        i
  D:0005H         SYMBOL        dat
  -------         ENDDO         
  C:4102H         LINE#         39
  C:4102H         LINE#         40
  C:4102H         LINE#         42
  C:4104H         LINE#         44
  C:4106H         LINE#         45
  C:4107H         LINE#         46
  C:4107H         LINE#         47
BL51 BANKED LINKER/LOCATER V6.22                                                      01/29/2019  17:59:25  PAGE 14


  C:410BH         LINE#         48
  C:410DH         LINE#         49
  C:4110H         LINE#         51
  C:4113H         LINE#         52
  C:4113H         LINE#         53
  C:4117H         LINE#         54
  C:4117H         LINE#         55
  C:4117H         LINE#         56
  C:411AH         LINE#         57
  C:411FH         LINE#         58
  C:4121H         LINE#         59
  -------         ENDPROC       SPI_RECEIVEBYTE
  -------         PROC          _SPI_READTIME
  D:0007H         SYMBOL        addr
  -------         DO            
  D:0006H         SYMBOL        dat
  -------         ENDDO         
  C:422CH         LINE#         61
  C:422CH         LINE#         62
  C:422CH         LINE#         64
  C:422EH         LINE#         65
  C:4230H         LINE#         66
  C:4237H         LINE#         67
  C:423AH         LINE#         68
  C:423CH         LINE#         69
  C:423CH         LINE#         70
  -------         ENDPROC       _SPI_READTIME
  -------         PROC          _SPI_WRITETIME
  D:0002H         SYMBOL        val
  D:0005H         SYMBOL        addr
  C:4195H         LINE#         71
  C:4197H         LINE#         72
  C:4197H         LINE#         74
  C:4199H         LINE#         75
  C:41A0H         LINE#         76
  C:41A5H         LINE#         77
  C:41AAH         LINE#         78
  C:41ACH         LINE#         79
  -------         ENDPROC       _SPI_WRITETIME
  -------         PROC          SPI_INIT
  C:428CH         LINE#         83
  C:428CH         LINE#         84
  C:428CH         LINE#         89
  C:428FH         LINE#         90
  C:4292H         LINE#         91
  C:4294H         LINE#         92
  C:4296H         LINE#         93
  C:4298H         LINE#         94
  -------         ENDPROC       SPI_INIT
  -------         PROC          _READ_TIME
  X:03B8H         SYMBOL        months
  X:03BBH         SYMBOL        days
  X:03BEH         SYMBOL        hours
  X:03C1H         SYMBOL        mins
  X:03C4H         SYMBOL        seconds
  C:3D90H         LINE#         96
  C:3D9BH         LINE#         97
BL51 BANKED LINKER/LOCATER V6.22                                                      01/29/2019  17:59:25  PAGE 15


  C:3D9BH         LINE#         99
  C:3DAFH         LINE#         101
  C:3DC3H         LINE#         103
  C:3DD7H         LINE#         108
  C:3DEBH         LINE#         113
  -------         ENDPROC       _READ_TIME
  -------         PROC          _BCDTODEC
  D:0007H         SYMBOL        bcd
  -------         DO            
  D:0006H         SYMBOL        hi
  D:0007H         SYMBOL        lo
  -------         ENDDO         
  C:423DH         LINE#         119
  C:423DH         LINE#         120
  C:423DH         LINE#         122
  C:4242H         LINE#         123
  C:4246H         LINE#         124
  C:424DH         LINE#         125
  -------         ENDPROC       _BCDTODEC
  -------         PROC          _DAY_OF_YEAR
  D:0007H         SYMBOL        months_bcd
  D:0005H         SYMBOL        days_bcd
  -------         DO            
  D:0004H         SYMBOL        months
  D:0007H         SYMBOL        days
  -------         ENDDO         
  C:3C97H         LINE#         126
  C:3C97H         LINE#         127
  C:3C97H         LINE#         130
  C:3C9CH         LINE#         132
  C:3CA1H         LINE#         134
  C:3CDAH         LINE#         135
  C:3CDAH         LINE#         136
  C:3CDAH         LINE#         137
  C:3CDDH         LINE#         138
  C:3CDDH         LINE#         139
  C:3CDDH         LINE#         140
  C:3CE2H         LINE#         141
  C:3CE2H         LINE#         142
  C:3CE2H         LINE#         143
  C:3CE7H         LINE#         144
  C:3CE7H         LINE#         145
  C:3CE7H         LINE#         146
  C:3CECH         LINE#         147
  C:3CECH         LINE#         148
  C:3CECH         LINE#         149
  C:3CF1H         LINE#         150
  C:3CF1H         LINE#         151
  C:3CF1H         LINE#         152
  C:3CF6H         LINE#         153
  C:3CF6H         LINE#         154
  C:3CF6H         LINE#         155
  C:3CFBH         LINE#         156
  C:3CFBH         LINE#         157
  C:3CFBH         LINE#         158
  C:3D00H         LINE#         159
  C:3D00H         LINE#         160
BL51 BANKED LINKER/LOCATER V6.22                                                      01/29/2019  17:59:25  PAGE 16


  C:3D00H         LINE#         161
  C:3D08H         LINE#         162
  C:3D08H         LINE#         163
  C:3D08H         LINE#         164
  C:3D0DH         LINE#         165
  C:3D0DH         LINE#         166
  C:3D0DH         LINE#         167
  C:3D12H         LINE#         168
  C:3D12H         LINE#         169
  C:3D12H         LINE#         170
  C:3D1AH         LINE#         171
  C:3D1AH         LINE#         172
  C:3D1AH         LINE#         173
  -------         ENDPROC       _DAY_OF_YEAR
  -------         ENDMOD        PCF85063BTL

  -------         MODULE        UART1
  C:0000H         SYMBOL        _ICE_DUMMY_
  D:0080H         PUBLIC        P0
  D:0090H         PUBLIC        P1
  D:00A0H         PUBLIC        P2
  D:00B0H         PUBLIC        P3
  D:00C0H         PUBLIC        P4
  D:00C8H         PUBLIC        P5
  B:00A8H.7       PUBLIC        EA
  D:00E8H         PUBLIC        P6
  D:00F8H         PUBLIC        P7
  C:3FEBH         PUBLIC        _SendString
  D:00A8H         PUBLIC        IE
  B:00A8H.4       PUBLIC        ES
  D:00B8H         PUBLIC        IP
  C:41ADH         PUBLIC        _ASCIItoBCD
  D:00D8H         PUBLIC        CCON
  C:424EH         PUBLIC        initUART1
  D:0098H         PUBLIC        SCON
  D:0088H         PUBLIC        TCON
  C:000AH         PUBLIC        _DectoBCD
  C:42D0H         PUBLIC        _ASCII_Letter
  D:008EH         PUBLIC        AUXR
  C:42CBH         PUBLIC        _unit
  C:0003H         PUBLIC        _ten
  D:00D6H         PUBLIC        T2H
  D:00D7H         PUBLIC        T2L
  D:00D0H         PUBLIC        PSW
  -------         PROC          INITUART1
  C:424EH         LINE#         21
  C:424EH         LINE#         22
  C:424EH         LINE#         23
  C:4251H         LINE#         24
  C:4254H         LINE#         25
  C:4257H         LINE#         26
  C:425AH         LINE#         27
  C:425CH         LINE#         28
  C:425EH         LINE#         30
  -------         ENDPROC       INITUART1
  -------         PROC          _SENDSTRING
  X:061EH         SYMBOL        s
BL51 BANKED LINKER/LOCATER V6.22                                                      01/29/2019  17:59:25  PAGE 17


  C:3FEBH         LINE#         35
  C:3FF6H         LINE#         36
  C:3FF6H         LINE#         37
  C:4006H         LINE#         38
  C:4006H         LINE#         39
  C:401BH         LINE#         40
  C:401DH         LINE#         41
  -------         ENDPROC       _SENDSTRING
  -------         PROC          _TEN
  D:0007H         SYMBOL        BCD
  C:0003H         LINE#         43
  C:0003H         LINE#         44
  C:0003H         LINE#         45
  C:0008H         LINE#         46
  -------         ENDPROC       _TEN
  -------         PROC          _UNIT
  D:0007H         SYMBOL        BCD
  C:42CBH         LINE#         47
  C:42CBH         LINE#         48
  C:42CBH         LINE#         52
  C:42CFH         LINE#         53
  -------         ENDPROC       _UNIT
  -------         PROC          _DECTOBCD
  D:0007H         SYMBOL        dec
  C:000AH         LINE#         54
  C:000AH         LINE#         55
  C:000AH         LINE#         57
  C:000AH         LINE#         58
  -------         ENDPROC       _DECTOBCD
  -------         PROC          _ASCII_LETTER
  D:0007H         SYMBOL        dat
  C:42D0H         LINE#         60
  C:42D0H         LINE#         61
  C:42D0H         LINE#         63
  C:42D4H         LINE#         64
  -------         ENDPROC       _ASCII_LETTER
  -------         PROC          _ASCIITOBCD
  D:0001H         SYMBOL        ascii
  -------         DO            
  D:0007H         SYMBOL        dec_val
  D:0006H         SYMBOL        ten
  D:0007H         SYMBOL        unit
  -------         ENDDO         
  C:41ADH         LINE#         66
  C:41ADH         LINE#         67
  C:41ADH         LINE#         69
  C:41B0H         LINE#         70
  C:41B6H         LINE#         71
  C:41BDH         LINE#         72
  C:41C3H         LINE#         74
  -------         ENDPROC       _ASCIITOBCD
  -------         ENDMOD        UART1

  -------         MODULE        LCD_DRIVER_SPLC780D
  C:0000H         SYMBOL        _ICE_DUMMY_
  D:0092H         PUBLIC        P1M0
  D:0091H         PUBLIC        P1M1
BL51 BANKED LINKER/LOCATER V6.22                                                      01/29/2019  17:59:25  PAGE 18


  D:0080H         PUBLIC        P0
  D:0090H         PUBLIC        P1
  D:00A0H         PUBLIC        P2
  D:00B0H         PUBLIC        P3
  D:00C0H         PUBLIC        P4
  D:00C8H         PUBLIC        P5
  D:00E8H         PUBLIC        P6
  D:00F8H         PUBLIC        P7
  C:3D1BH         PUBLIC        _WriteData
  D:00A8H         PUBLIC        IE
  D:00B8H         PUBLIC        IP
  D:00D8H         PUBLIC        CCON
  B:00B0H.4       PUBLIC        LCD_D4
  B:00B0H.5       PUBLIC        LCD_D5
  B:00B0H.6       PUBLIC        LCD_D6
  C:4140H         PUBLIC        _DisplayLCD
  B:00B0H.7       PUBLIC        LCD_D7
  D:0098H         PUBLIC        SCON
  D:0088H         PUBLIC        TCON
  C:42BBH         PUBLIC        LCD_clear
  C:3F30H         PUBLIC        _Command
  C:41DAH         PUBLIC        _Display_Line
  C:3DFFH         PUBLIC        LCD_Init
  C:40C4H         PUBLIC        _Wait_ms
  B:00C0H.0       PUBLIC        LCD_RS
  B:00B0H.2       PUBLIC        LCD_RW
  C:42B1H         PUBLIC        LCD_return_home
  B:00B0H.3       PUBLIC        LCD_E
  D:00D0H         PUBLIC        PSW
  -------         PROC          LCD_INIT
  C:3DFFH         LINE#         9
  C:3DFFH         LINE#         10
  C:3DFFH         LINE#         11
  C:3E02H         LINE#         12
  C:3E05H         LINE#         14
  C:3E0BH         LINE#         15
  C:3E10H         LINE#         17
  C:3E17H         LINE#         18
  C:3E1CH         LINE#         20
  C:3E1FH         LINE#         21
  C:3E24H         LINE#         23
  C:3E27H         LINE#         24
  C:3E2CH         LINE#         26
  C:3E33H         LINE#         29
  C:3E38H         LINE#         30
  C:3E3DH         LINE#         32
  C:3E42H         LINE#         33
  C:3E47H         LINE#         35
  C:3E4CH         LINE#         36
  C:3E51H         LINE#         37
  -------         ENDPROC       LCD_INIT
  -------         PROC          _WRITEDATA
  X:03C2H         SYMBOL        dat
  C:3D1BH         LINE#         40
  C:3D20H         LINE#         41
  C:3D20H         LINE#         46
  C:3D22H         LINE#         47
BL51 BANKED LINKER/LOCATER V6.22                                                      01/29/2019  17:59:25  PAGE 19


  C:3D24H         LINE#         49
  C:3D32H         LINE#         50
  C:3D3EH         LINE#         51
  C:3D4AH         LINE#         52
  C:3D54H         LINE#         53
  C:3D56H         LINE#         54
  C:3D5DH         LINE#         55
  C:3D5FH         LINE#         57
  C:3D6FH         LINE#         58
  C:3D7AH         LINE#         59
  C:3D84H         LINE#         60
  C:3D88H         LINE#         62
  C:3D88H         LINE#         63
  C:3D8BH         LINE#         64
  C:3D8DH         LINE#         65
  C:3D8FH         LINE#         67
  -------         ENDPROC       _WRITEDATA
  -------         PROC          _COMMAND
  D:0007H         SYMBOL        dat
  C:3F30H         LINE#         69
  C:3F30H         LINE#         70
  C:3F30H         LINE#         71
  C:3F32H         LINE#         72
  C:3F34H         LINE#         74
  C:3F3EH         LINE#         75
  C:3F42H         LINE#         77
  C:3F44H         LINE#         78
  C:3F4DH         LINE#         79
  C:3F51H         LINE#         81
  C:3F53H         LINE#         82
  C:3F5AH         LINE#         83
  C:3F5EH         LINE#         85
  C:3F60H         LINE#         86
  C:3F64H         LINE#         87
  C:3F68H         LINE#         89
  C:3F6AH         LINE#         90
  C:3F6AH         LINE#         91
  C:3F6DH         LINE#         92
  C:3F6FH         LINE#         93
  -------         ENDPROC       _COMMAND
  C:40C0H         SYMBOL        L?0028
  -------         PROC          L?0027
  -------         ENDPROC       L?0027
  C:40C0H         SYMBOL        L?0028
  -------         PROC          _WAIT_MS
  D:0006H         SYMBOL        ms
  -------         DO            
  D:0004H         SYMBOL        De_Cnt
  -------         ENDDO         
  C:40C4H         LINE#         95
  C:40C4H         LINE#         96
  C:40C4H         LINE#         98
  C:40CEH         LINE#         99
  C:40CEH         LINE#         100
  C:40E1H         LINE#         101
  C:40E1H         LINE#         102
  -------         ENDPROC       _WAIT_MS
BL51 BANKED LINKER/LOCATER V6.22                                                      01/29/2019  17:59:25  PAGE 20


  -------         PROC          _DISPLAYLCD
  D:0007H         SYMBOL        BCD
  -------         DO            
  D:0006H         SYMBOL        first_digit
  X:03B8H         SYMBOL        second_digit
  -------         ENDDO         
  C:4140H         LINE#         103
  C:4140H         LINE#         104
  C:4140H         LINE#         106
  C:4147H         LINE#         107
  C:4150H         LINE#         109
  C:4155H         LINE#         111
  -------         ENDPROC       _DISPLAYLCD
  -------         PROC          LCD_RETURN_HOME
  C:42B1H         LINE#         115
  C:42B1H         LINE#         116
  C:42B1H         LINE#         117
  C:42B6H         LINE#         118
  -------         ENDPROC       LCD_RETURN_HOME
  -------         PROC          LCD_CLEAR
  C:42BBH         LINE#         121
  C:42BBH         LINE#         122
  C:42BBH         LINE#         123
  C:42C0H         LINE#         124
  -------         ENDPROC       LCD_CLEAR
  -------         PROC          _DISPLAY_LINE
  D:0006H         SYMBOL        line
  C:41DAH         LINE#         128
  C:41DAH         LINE#         129
  C:41DAH         LINE#         130
  C:41E0H         LINE#         131
  C:41E0H         LINE#         132
  C:41E2H         LINE#         133
  C:41E2H         LINE#         134
  C:41E4H         LINE#         136
  C:41E4H         LINE#         137
  C:41E9H         LINE#         138
  C:41EEH         LINE#         139
  C:41EEH         LINE#         140
  -------         ENDPROC       _DISPLAY_LINE
  -------         ENDMOD        LCD_DRIVER_SPLC780D

  -------         MODULE        KEYPAD
  C:0000H         SYMBOL        _ICE_DUMMY_
  D:0093H         PUBLIC        P0M1
  D:0080H         PUBLIC        P0
  D:0090H         PUBLIC        P1
  D:00A0H         PUBLIC        P2
  D:00B0H         PUBLIC        P3
  D:00C0H         PUBLIC        P4
  D:00C8H         PUBLIC        P5
  B:0020H.0       PUBLIC        calib_mode
  D:00E8H         PUBLIC        P6
  D:00F8H         PUBLIC        P7
  D:00A8H         PUBLIC        IE
  C:3038H         PUBLIC        Key_Scan
  D:00B8H         PUBLIC        IP
BL51 BANKED LINKER/LOCATER V6.22                                                      01/29/2019  17:59:25  PAGE 21


  D:00D8H         PUBLIC        CCON
  C:4299H         PUBLIC        KeyPad_IO_Init
  C:4122H         PUBLIC        _Delay_ms
  D:0098H         PUBLIC        SCON
  D:0088H         PUBLIC        TCON
  B:0020H.1       PUBLIC        small_move
  B:0020H.2       PUBLIC        move
  B:0020H.3       PUBLIC        direction
  B:0020H.4       PUBLIC        auto_move
  C:2A12H         PUBLIC        Key_Process
  D:00D0H         PUBLIC        PSW
  D:0094H         PUBLIC        P0M0
  -------         PROC          _DELAY_MS
  D:0006H         SYMBOL        ms
  -------         DO            
  D:0004H         SYMBOL        De_Cnt
  -------         ENDDO         
  C:4122H         LINE#         19
  C:4122H         LINE#         20
  C:4122H         LINE#         22
  C:412CH         LINE#         23
  C:412CH         LINE#         24
  C:413FH         LINE#         25
  C:413FH         LINE#         26
  -------         ENDPROC       _DELAY_MS
  -------         PROC          KEY_SCAN
  -------         DO            
  X:03BEH         SYMBOL        KeyTemp1
  X:03BFH         SYMBOL        KeyTemp2
  X:03C0H         SYMBOL        KeyValue
  -------         ENDDO         
  C:3038H         LINE#         27
  C:3038H         LINE#         28
  C:3038H         LINE#         33
  C:303BH         LINE#         36
  C:303EH         LINE#         38
  C:3046H         LINE#         39
  C:304DH         LINE#         40
  C:304DH         LINE#         42
  C:3052H         LINE#         43
  C:3059H         LINE#         44
  C:3059H         LINE#         47
  C:305CH         LINE#         48
  C:305FH         LINE#         49
  C:3064H         LINE#         50
  C:3068H         LINE#         51
  C:3068H         LINE#         52
  C:3070H         LINE#         53
  C:3070H         LINE#         54
  C:3073H         LINE#         55
  C:307BH         LINE#         56
  C:307DH         LINE#         58
  C:3091H         LINE#         59
  C:3091H         LINE#         60
  C:3091H         LINE#         61
  C:3091H         LINE#         62
  C:3097H         LINE#         64
BL51 BANKED LINKER/LOCATER V6.22                                                      01/29/2019  17:59:25  PAGE 22


  C:3099H         LINE#         65
  C:3099H         LINE#         66
  C:3099H         LINE#         67
  C:309FH         LINE#         69
  C:30A1H         LINE#         70
  C:30A1H         LINE#         71
  C:30A1H         LINE#         72
  C:30A7H         LINE#         74
  C:30A9H         LINE#         75
  C:30A9H         LINE#         76
  C:30A9H         LINE#         77
  C:30AFH         LINE#         79
  C:30AFH         LINE#         80
  C:30AFH         LINE#         81
  C:30AFH         LINE#         84
  C:30B2H         LINE#         85
  C:30B5H         LINE#         86
  C:30BDH         LINE#         87
  C:30C1H         LINE#         88
  C:30C1H         LINE#         89
  C:30C9H         LINE#         90
  C:30C9H         LINE#         91
  C:30CCH         LINE#         92
  C:30D4H         LINE#         93
  C:30D6H         LINE#         94
  C:30EAH         LINE#         95
  C:30EAH         LINE#         96
  C:30EAH         LINE#         97
  C:30EAH         LINE#         98
  C:30F0H         LINE#         100
  C:30F2H         LINE#         101
  C:30F2H         LINE#         102
  C:30F2H         LINE#         103
  C:30F8H         LINE#         105
  C:30FAH         LINE#         106
  C:30FAH         LINE#         107
  C:30FAH         LINE#         108
  C:3100H         LINE#         110
  C:3102H         LINE#         111
  C:3102H         LINE#         112
  C:3102H         LINE#         113
  C:3107H         LINE#         115
  C:3107H         LINE#         116
  C:3107H         LINE#         117
  C:3107H         LINE#         120
  C:310AH         LINE#         121
  C:310DH         LINE#         122
  C:3115H         LINE#         123
  C:3119H         LINE#         124
  C:3119H         LINE#         125
  C:3121H         LINE#         126
  C:3121H         LINE#         127
  C:3124H         LINE#         128
  C:312CH         LINE#         129
  C:312EH         LINE#         130
  C:3142H         LINE#         131
  C:3142H         LINE#         132
BL51 BANKED LINKER/LOCATER V6.22                                                      01/29/2019  17:59:25  PAGE 23


  C:3142H         LINE#         133
  C:3142H         LINE#         134
  C:3148H         LINE#         136
  C:314AH         LINE#         137
  C:314AH         LINE#         138
  C:314AH         LINE#         139
  C:3150H         LINE#         141
  C:3152H         LINE#         142
  C:3152H         LINE#         143
  C:3152H         LINE#         144
  C:3158H         LINE#         146
  C:315AH         LINE#         147
  C:315AH         LINE#         148
  C:315AH         LINE#         149
  C:3160H         LINE#         151
  C:3160H         LINE#         152
  C:3160H         LINE#         153
  C:3160H         LINE#         157
  C:3163H         LINE#         158
  C:3166H         LINE#         159
  C:316EH         LINE#         160
  C:3172H         LINE#         161
  C:3172H         LINE#         162
  C:317AH         LINE#         163
  C:317AH         LINE#         164
  C:317DH         LINE#         165
  C:3185H         LINE#         166
  C:3187H         LINE#         167
  C:319BH         LINE#         168
  C:319BH         LINE#         169
  C:319BH         LINE#         170
  C:319BH         LINE#         171
  C:31A1H         LINE#         173
  C:31A3H         LINE#         174
  C:31A3H         LINE#         175
  C:31A3H         LINE#         176
  C:31A9H         LINE#         178
  C:31ABH         LINE#         179
  C:31ABH         LINE#         180
  C:31ABH         LINE#         181
  C:31B1H         LINE#         183
  C:31B3H         LINE#         184
  C:31B3H         LINE#         185
  C:31B3H         LINE#         186
  C:31B9H         LINE#         188
  C:31B9H         LINE#         189
  C:31B9H         LINE#         190
  C:31B9H         LINE#         192
  C:31BFH         LINE#         193
  C:31BFH         LINE#         195
  C:31BFH         LINE#         196
  C:31C2H         LINE#         197
  C:31C2H         LINE#         198
  C:31C2H         LINE#         200
  C:31C2H         LINE#         201
  C:31C4H         LINE#         202
  C:31C4H         LINE#         203
BL51 BANKED LINKER/LOCATER V6.22                                                      01/29/2019  17:59:25  PAGE 24


  -------         ENDPROC       KEY_SCAN
  -------         PROC          KEY_PROCESS
  -------         DO            
  X:060CH         SYMBOL        KeyCount
  X:060EH         SYMBOL        KeyNum_Old
  X:060FH         SYMBOL        KeyNum
  X:0610H         SYMBOL        PressedKey
  X:03B8H         SYMBOL        d
  D:0004H         SYMBOL        hours
  D:0006H         SYMBOL        mins
  X:03BAH         SYMBOL        months
  X:03BCH         SYMBOL        days
  -------         ENDDO         
  C:2A12H         LINE#         204
  C:2A12H         LINE#         205
  C:2A12H         LINE#         209
  C:2A1AH         LINE#         210
  C:2A22H         LINE#         212
  C:2A25H         LINE#         213
  C:2A25H         LINE#         214
  C:2A28H         LINE#         216
  C:2A28H         LINE#         217
  C:2A35H         LINE#         218
  C:2A35H         LINE#         219
  C:2A38H         LINE#         220
  C:2A3BH         LINE#         222
  C:2A3EH         LINE#         224
  C:2A3EH         LINE#         225
  C:2A49H         LINE#         226
  C:2A49H         LINE#         227
  C:2A4CH         LINE#         229
  C:2A4CH         LINE#         230
  C:2A53H         LINE#         231
  C:2A53H         LINE#         232
  C:2A56H         LINE#         234
  C:2A56H         LINE#         235
  C:2A5EH         LINE#         236
  C:2A5EH         LINE#         237
  C:2A68H         LINE#         238
  C:2A70H         LINE#         240
  C:2A79H         LINE#         242
  C:2A79H         LINE#         251
  C:2A8EH         LINE#         252
  C:2A8EH         LINE#         253
  C:2AA0H         LINE#         254
  C:2AAEH         LINE#         255
  C:2ABDH         LINE#         256
  C:2ABDH         LINE#         258
  C:2AC3H         LINE#         262
  C:2AD9H         LINE#         263
  C:2AEAH         LINE#         264
  C:2B05H         LINE#         265
  C:2B05H         LINE#         266
  C:2B15H         LINE#         267
  C:2B26H         LINE#         268
  C:2B26H         LINE#         272
  C:2B3FH         LINE#         273
BL51 BANKED LINKER/LOCATER V6.22                                                      01/29/2019  17:59:25  PAGE 25


  C:2B56H         LINE#         274
  C:2B76H         LINE#         275
  C:2B76H         LINE#         276
  C:2B80H         LINE#         277
  C:2B80H         LINE#         278
  C:2B89H         LINE#         279
  C:2B89H         LINE#         280
  C:2B9DH         LINE#         281
  C:2B9DH         LINE#         282
  C:2B9DH         LINE#         283
  C:2B9DH         LINE#         284
  C:2B9DH         LINE#         285
  C:2B9FH         LINE#         287
  C:2B9FH         LINE#         288
  C:2BABH         LINE#         289
  C:2BABH         LINE#         290
  C:2BBCH         LINE#         291
  C:2BBCH         LINE#         292
  C:2BBCH         LINE#         293
  C:2BBCH         LINE#         294
  C:2BBCH         LINE#         296
  C:2BBEH         LINE#         298
  C:2BBEH         LINE#         299
  C:2BCFH         LINE#         300
  C:2BCFH         LINE#         301
  C:2BCFH         LINE#         302
  C:2BCFH         LINE#         303
  C:2BCFH         LINE#         305
  C:2BCFH         LINE#         307
  C:2BCFH         LINE#         308
  C:2BD1H         LINE#         310
  C:2BD1H         LINE#         311
  C:2BE4H         LINE#         312
  C:2BE4H         LINE#         313
  C:2BF5H         LINE#         314
  C:2BF5H         LINE#         315
  C:2BF5H         LINE#         316
  C:2BF5H         LINE#         317
  C:2BF5H         LINE#         318
  C:2BF7H         LINE#         320
  C:2BF7H         LINE#         321
  C:2C08H         LINE#         322
  C:2C08H         LINE#         323
  C:2C19H         LINE#         324
  C:2C2AH         LINE#         325
  C:2C2AH         LINE#         326
  C:2C2AH         LINE#         327
  C:2C2AH         LINE#         328
  C:2C2AH         LINE#         329
  C:2C2DH         LINE#         330
  C:2C32H         LINE#         331
  C:2C37H         LINE#         332
  C:2C3CH         LINE#         333
  C:2C41H         LINE#         334
  C:2C46H         LINE#         335
  C:2C4BH         LINE#         336
  C:2C50H         LINE#         337
BL51 BANKED LINKER/LOCATER V6.22                                                      01/29/2019  17:59:25  PAGE 26


  C:2C50H         LINE#         339
  C:2C72H         LINE#         340
  C:2C72H         LINE#         341
  C:2C7CH         LINE#         342
  C:2C7CH         LINE#         343
  C:2C81H         LINE#         344
  C:2C8AH         LINE#         345
  C:2CA1H         LINE#         346
  C:2CA1H         LINE#         347
  C:2CB1H         LINE#         349
  C:2CB1H         LINE#         353
  -------         ENDPROC       KEY_PROCESS
  -------         PROC          KEYPAD_IO_INIT
  C:4299H         LINE#         356
  C:4299H         LINE#         357
  C:4299H         LINE#         358
  C:429CH         LINE#         359
  C:429FH         LINE#         360
  C:42A2H         LINE#         361
  C:42A4H         LINE#         362
  -------         ENDPROC       KEYPAD_IO_INIT
  -------         ENDMOD        KEYPAD

  -------         MODULE        BIPOLARMOTOR
  C:0000H         SYMBOL        _ICE_DUMMY_
  D:0080H         PUBLIC        P0
  D:0090H         PUBLIC        P1
  X:0000H         PUBLIC        RX_pos_test
  D:00A0H         PUBLIC        P2
  D:00B0H         PUBLIC        P3
  D:00C0H         PUBLIC        P4
  D:00C8H         PUBLIC        P5
  D:00E8H         PUBLIC        P6
  D:00F8H         PUBLIC        P7
  X:00A0H         PUBLIC        low_date_azimuth_mapping
  D:00A8H         PUBLIC        IE
  C:378FH         PUBLIC        linear_interpolate
  C:4049H         PUBLIC        _Move
  D:00B8H         PUBLIC        IP
  C:2CE5H         PUBLIC        _findDet3x3
  C:2752H         PUBLIC        _findDet4x4
  D:00D8H         PUBLIC        CCON
  X:00C8H         PUBLIC        previous_move_time
  D:0098H         PUBLIC        SCON
  D:0088H         PUBLIC        TCON
  C:42D5H         PUBLIC        wait
  C:3F70H         PUBLIC        _Step_move
  X:00C9H         PUBLIC        dat
  C:000EH         PUBLIC        _Update_position
  C:3E58H         PUBLIC        vOneStepMove
  X:00CFH         PUBLIC        elevation_stamp
  X:010BH         PUBLIC        date_azimuth_mapping
  X:0133H         PUBLIC        RX_pos
  C:4184H         PUBLIC        _BCDtoDec1
  X:038BH         PUBLIC        degree
  X:038FH         PUBLIC        elevation_stamp_test
  D:00D0H         PUBLIC        PSW
BL51 BANKED LINKER/LOCATER V6.22                                                      01/29/2019  17:59:25  PAGE 27


  -------         PROC          L?0058
  -------         ENDPROC       L?0058
  -------         PROC          _BCDTODEC1
  D:0007H         SYMBOL        bcd
  -------         DO            
  D:0006H         SYMBOL        hi
  D:0007H         SYMBOL        lo
  -------         ENDDO         
  C:4184H         LINE#         28
  C:4184H         LINE#         29
  C:4184H         LINE#         31
  C:4189H         LINE#         32
  C:418DH         LINE#         33
  C:4194H         LINE#         34
  -------         ENDPROC       _BCDTODEC1
  -------         PROC          WAIT
  C:42D5H         LINE#         36
  C:42D5H         LINE#         38
  -------         ENDPROC       WAIT
  -------         PROC          VONESTEPMOVE
  B:0020H.7       SYMBOL        bDir
  C:3E58H         LINE#         40
  C:3E58H         LINE#         41
  C:3E58H         LINE#         43
  C:3E5EH         LINE#         44
  C:3E5EH         LINE#         45
  C:3E61H         LINE#         46
  C:3E6AH         LINE#         47
  C:3E71H         LINE#         48
  C:3E76H         LINE#         49
  C:3E76H         LINE#         50
  C:3E76H         LINE#         52
  C:3E78H         LINE#         55
  C:3E78H         LINE#         56
  C:3E7BH         LINE#         57
  C:3E84H         LINE#         58
  C:3E8BH         LINE#         59
  C:3E91H         LINE#         60
  C:3E9AH         LINE#         61
  C:3EA1H         LINE#         62
  C:3EA1H         LINE#         66
  -------         ENDPROC       VONESTEPMOVE
  -------         PROC          _STEP_MOVE
  X:0454H         SYMBOL        step
  B:0020H.6       SYMBOL        dir
  -------         DO            
  X:0456H         SYMBOL        i
  -------         ENDDO         
  C:3F70H         LINE#         68
  C:3F78H         LINE#         69
  C:3F78H         LINE#         71
  C:3F7DH         LINE#         74
  C:3F98H         LINE#         75
  C:3F98H         LINE#         76
  C:3F9FH         LINE#         78
  C:3FAFH         LINE#         80
  -------         ENDPROC       _STEP_MOVE
BL51 BANKED LINKER/LOCATER V6.22                                                      01/29/2019  17:59:25  PAGE 28


  -------         PROC          _MOVE
  X:0450H         SYMBOL        distance
  B:0020H.5       SYMBOL        direction
  -------         DO            
  D:0006H         SYMBOL        step
  -------         ENDDO         
  C:4049H         LINE#         82
  C:404FH         LINE#         83
  C:404FH         LINE#         86
  C:406AH         LINE#         87
  -------         ENDPROC       _MOVE
  C:2CC6H         SYMBOL        L?0054
  C:2CDAH         SYMBOL        L?0055
  -------         PROC          L?0053
  -------         ENDPROC       L?0053
  C:2CC6H         SYMBOL        L?0054
  C:2CDAH         SYMBOL        L?0055
  -------         PROC          _FINDDET3X3
  X:05E8H         SYMBOL        a11
  X:05ECH         SYMBOL        a12
  X:05F0H         SYMBOL        a13
  X:05F4H         SYMBOL        a21
  X:05F8H         SYMBOL        a22
  X:05FCH         SYMBOL        a23
  X:0600H         SYMBOL        a31
  X:0604H         SYMBOL        a32
  X:0608H         SYMBOL        a33
  C:2CE5H         LINE#         91
  C:2CEBH         LINE#         95
  C:2CEBH         LINE#         96
  C:2E82H         LINE#         98
  -------         ENDPROC       _FINDDET3X3
  -------         PROC          _FINDDET4X4
  X:05A8H         SYMBOL        a11
  X:05ACH         SYMBOL        a12
  X:05B0H         SYMBOL        a13
  X:05B4H         SYMBOL        a14
  X:05B8H         SYMBOL        a21
  X:05BCH         SYMBOL        a22
  X:05C0H         SYMBOL        a23
  X:05C4H         SYMBOL        a24
  X:05C8H         SYMBOL        a31
  X:05CCH         SYMBOL        a32
  X:05D0H         SYMBOL        a33
  X:05D4H         SYMBOL        a34
  X:05D8H         SYMBOL        a41
  X:05DCH         SYMBOL        a42
  X:05E0H         SYMBOL        a43
  X:05E4H         SYMBOL        a44
  C:2752H         LINE#         99
  C:2758H         LINE#         103
  C:2758H         LINE#         110
  C:2A11H         LINE#         114
  -------         ENDPROC       _FINDDET4X4
  C:377EH         SYMBOL        L?0057
  -------         PROC          L?0056
  -------         ENDPROC       L?0056
BL51 BANKED LINKER/LOCATER V6.22                                                      01/29/2019  17:59:25  PAGE 29


  C:377EH         SYMBOL        L?0057
  -------         PROC          LINEAR_INTERPOLATE
  X:046BH         SYMBOL        p1
  X:0473H         SYMBOL        p2
  X:047BH         SYMBOL        x
  -------         DO            
  D:0004H         SYMBOL        fx
  -------         ENDDO         
  C:378FH         LINE#         120
  C:378FH         LINE#         121
  C:378FH         LINE#         124
  C:382EH         LINE#         126
  C:382EH         LINE#         127
  -------         ENDPROC       LINEAR_INTERPOLATE
  -------         PROC          _UPDATE_POSITION
  D:0001H         SYMBOL        mnths
  D:0002H         SYMBOL        dys
  X:03CEH         SYMBOL        hurs
  X:03CFH         SYMBOL        mns
  X:03D0H         SYMBOL        sconds
  X:03D1H         SYMBOL        currnt_pos
  X:03D4H         SYMBOL        offset_calib
  -------         DO            
  X:03D8H         SYMBOL        date
  X:03DAH         SYMBOL        i
  X:03DCH         SYMBOL        yy
  X:03DEH         SYMBOL        desired_distance
  X:03E2H         SYMBOL        distance
  X:03E6H         SYMBOL        JP_pos
  X:03EAH         SYMBOL        pos_interpolate_azimuth
  X:0426H         SYMBOL        current_local_sun_time
  X:042AH         SYMBOL        azimuth
  X:042EH         SYMBOL        elevation
  X:0432H         SYMBOL        time_offset
  X:0436H         SYMBOL        UTC_time
  X:043AH         SYMBOL        declination
  X:043EH         SYMBOL        p1
  X:0446H         SYMBOL        p2
  X:044EH         SYMBOL        time
  X:0460H         SYMBOL        location
  X:0468H         SYMBOL        sunCoord
  -------         ENDDO         
  C:000EH         LINE#         131
  C:0017H         LINE#         134
  C:0017H         LINE#         135
  C:0022H         LINE#         137
  C:003EH         LINE#         138
  C:0048H         LINE#         146
  C:0052H         LINE#         147
  C:005CH         LINE#         148
  C:0066H         LINE#         149
  C:0071H         LINE#         150
  C:007CH         LINE#         151
  C:0095H         LINE#         152
  C:00A6H         LINE#         153
  C:00B5H         LINE#         156
  C:00C9H         LINE#         160
BL51 BANKED LINKER/LOCATER V6.22                                                      01/29/2019  17:59:25  PAGE 30


  C:011BH         LINE#         161
  C:027FH         LINE#         162
  C:02CFH         LINE#         164
  C:03F7H         LINE#         166
  C:04C6H         LINE#         173
  C:04D0H         LINE#         174
  C:04D0H         LINE#         176
  C:04EAH         LINE#         177
  C:04EAH         LINE#         178
  C:055AH         LINE#         179
  C:055AH         LINE#         180
  C:0561H         LINE#         181
  C:0561H         LINE#         182
  C:058EH         LINE#         183
  C:05A9H         LINE#         185
  C:05F0H         LINE#         186
  C:0624H         LINE#         188
  C:066AH         LINE#         189
  C:068DH         LINE#         191
  C:068DH         LINE#         193
  C:0703H         LINE#         194
  C:0703H         LINE#         195
  C:070AH         LINE#         196
  C:070AH         LINE#         197
  C:0737H         LINE#         198
  C:0752H         LINE#         200
  C:0799H         LINE#         201
  C:07CDH         LINE#         203
  C:0813H         LINE#         204
  C:0833H         LINE#         206
  C:0833H         LINE#         207
  C:0844H         LINE#         210
  C:085EH         LINE#         211
  C:085EH         LINE#         212
  C:08CEH         LINE#         213
  C:08CEH         LINE#         214
  C:08FBH         LINE#         215
  C:0916H         LINE#         217
  C:0943H         LINE#         218
  C:095EH         LINE#         220
  C:0990H         LINE#         223
  C:0990H         LINE#         225
  C:09A1H         LINE#         227
  C:09D0H         LINE#         229
  C:09F5H         LINE#         230
  C:0A1EH         LINE#         231
  C:0A1EH         LINE#         237
  C:0A3AH         LINE#         238
  C:0A3AH         LINE#         239
  C:0A3AH         LINE#         242
  -------         ENDPROC       _UPDATE_POSITION
  -------         ENDMOD        BIPOLARMOTOR

  -------         MODULE        SUNPOS
  C:0000H         SYMBOL        _ICE_DUMMY_
  C:1BABH         PUBLIC        sunpos
  -------         PROC          SUNPOS
BL51 BANKED LINKER/LOCATER V6.22                                                      01/29/2019  17:59:25  PAGE 31


  X:046BH         SYMBOL        udtTime
  X:047DH         SYMBOL        udtLocation
  X:0485H         SYMBOL        udtSunCoordinates
  -------         DO            
  X:0488H         SYMBOL        dElapsedJulianDays
  X:048CH         SYMBOL        dDecimalHours
  X:0490H         SYMBOL        dEclipticLongitude
  X:0494H         SYMBOL        dEclipticObliquity
  X:0498H         SYMBOL        dRightAscension
  X:049CH         SYMBOL        dDeclination
  X:04A0H         SYMBOL        dY
  X:04A4H         SYMBOL        dX
  -------         DO            
  X:04A8H         SYMBOL        dJulianDate
  X:04ACH         SYMBOL        liAux1
  X:04B0H         SYMBOL        liAux2
  X:04A8H         SYMBOL        dMeanLongitude
  X:04ACH         SYMBOL        dMeanAnomaly
  X:04B0H         SYMBOL        dOmega
  X:04A8H         SYMBOL        dSin_EclipticLongitude
  X:04A8H         SYMBOL        dGreenwichMeanSiderealTime
  X:04ACH         SYMBOL        dLocalMeanSiderealTime
  X:04B0H         SYMBOL        dLatitudeInRadians
  X:04B4H         SYMBOL        dHourAngle
  X:04B8H         SYMBOL        dCos_Latitude
  X:04BCH         SYMBOL        dSin_Latitude
  X:04C0H         SYMBOL        dCos_HourAngle
  X:04C4H         SYMBOL        dParallax
  -------         ENDDO         
  -------         DO            
  X:04A8H         SYMBOL        dMeanLongitude
  X:04ACH         SYMBOL        dMeanAnomaly
  X:04B0H         SYMBOL        dOmega
  X:04A8H         SYMBOL        dSin_EclipticLongitude
  X:04A8H         SYMBOL        dGreenwichMeanSiderealTime
  X:04ACH         SYMBOL        dLocalMeanSiderealTime
  X:04B0H         SYMBOL        dLatitudeInRadians
  X:04B4H         SYMBOL        dHourAngle
  X:04B8H         SYMBOL        dCos_Latitude
  X:04BCH         SYMBOL        dSin_Latitude
  X:04C0H         SYMBOL        dCos_HourAngle
  X:04C4H         SYMBOL        dParallax
  -------         ENDDO         
  -------         DO            
  X:04A8H         SYMBOL        dSin_EclipticLongitude
  X:04A8H         SYMBOL        dGreenwichMeanSiderealTime
  X:04ACH         SYMBOL        dLocalMeanSiderealTime
  X:04B0H         SYMBOL        dLatitudeInRadians
  X:04B4H         SYMBOL        dHourAngle
  X:04B8H         SYMBOL        dCos_Latitude
  X:04BCH         SYMBOL        dSin_Latitude
  X:04C0H         SYMBOL        dCos_HourAngle
  X:04C4H         SYMBOL        dParallax
  -------         ENDDO         
  -------         DO            
  X:04A8H         SYMBOL        dGreenwichMeanSiderealTime
  X:04ACH         SYMBOL        dLocalMeanSiderealTime
BL51 BANKED LINKER/LOCATER V6.22                                                      01/29/2019  17:59:25  PAGE 32


  X:04B0H         SYMBOL        dLatitudeInRadians
  X:04B4H         SYMBOL        dHourAngle
  X:04B8H         SYMBOL        dCos_Latitude
  X:04BCH         SYMBOL        dSin_Latitude
  X:04C0H         SYMBOL        dCos_HourAngle
  X:04C4H         SYMBOL        dParallax
  -------         ENDDO         
  -------         ENDDO         
  C:1BABH         LINE#         6
  C:1BABH         LINE#         7
  C:1BABH         LINE#         9
  C:1BABH         LINE#         27
  C:1BF5H         LINE#         30
  C:1C16H         LINE#         31
  C:1D5DH         LINE#         34
  C:1DA9H         LINE#         36
  C:1DC8H         LINE#         37
  C:1DC8H         LINE#         42
  C:1DC8H         LINE#         46
  C:1DFAH         LINE#         47
  C:1E24H         LINE#         48
  C:1E4EH         LINE#         49
  C:1EFBH         LINE#         52
  C:1F5CH         LINE#         54
  C:1F5CH         LINE#         59
  C:1F5CH         LINE#         61
  C:1F73H         LINE#         62
  C:1F9BH         LINE#         63
  C:1FB2H         LINE#         64
  C:1FDDH         LINE#         65
  C:2014H         LINE#         66
  C:203FH         LINE#         67
  C:203FH         LINE#         70
  C:203FH         LINE#         79
  C:207AH         LINE#         82
  C:20B4H         LINE#         84
  C:20D9H         LINE#         85
  C:20F8H         LINE#         86
  C:210FH         LINE#         87
  C:2126H         LINE#         88
  C:213DH         LINE#         89
  C:21C6H         LINE#         91
  C:21E0H         LINE#         92
  C:2242H         LINE#         93
  C:2278H         LINE#         94
  C:228AH         LINE#         95
  C:22B7H         LINE#         96
  C:22E4H         LINE#         98
  C:2306H         LINE#         100
  C:233EH         LINE#         103
  C:233EH         LINE#         104
  C:234CH         LINE#         105
  -------         ENDPROC       SUNPOS
  -------         ENDMOD        SUNPOS

  -------         MODULE        ADC
  C:0000H         SYMBOL        _ICE_DUMMY_
BL51 BANKED LINKER/LOCATER V6.22                                                      01/29/2019  17:59:25  PAGE 33


  D:0092H         PUBLIC        P1M0
  D:0091H         PUBLIC        P1M1
  D:0080H         PUBLIC        P0
  D:0090H         PUBLIC        P1
  D:00A0H         PUBLIC        P2
  D:00B0H         PUBLIC        P3
  D:00C0H         PUBLIC        P4
  D:00C8H         PUBLIC        P5
  D:00E8H         PUBLIC        P6
  D:00F8H         PUBLIC        P7
  D:00A8H         PUBLIC        IE
  D:00BDH         PUBLIC        ADC_RES
  D:00B8H         PUBLIC        IP
  D:0097H         PUBLIC        CLK_DIV
  D:00D8H         PUBLIC        CCON
  D:00BCH         PUBLIC        ADC_CONTR
  D:0098H         PUBLIC        SCON
  D:0088H         PUBLIC        TCON
  B:00A0H.4       PUBLIC        P24
  B:00A0H.5       PUBLIC        P25
  B:00A0H.6       PUBLIC        P26
  C:415DH         PUBLIC        ADC_Init
  C:4098H         PUBLIC        _ADC_GetResult
  D:009DH         PUBLIC        P1ASF
  D:00BEH         PUBLIC        ADC_RESL
  D:00D0H         PUBLIC        PSW
  -------         PROC          ADC_INIT
  C:415DH         LINE#         7
  C:415DH         LINE#         8
  C:415DH         LINE#         10
  C:415FH         LINE#         11
  C:4161H         LINE#         12
  C:4163H         LINE#         13
  C:4166H         LINE#         14
  C:4169H         LINE#         15
  C:416CH         LINE#         16
  C:416FH         LINE#         18
  C:4171H         LINE#         19
  C:4174H         LINE#         21
  -------         ENDPROC       ADC_INIT
  -------         PROC          _ADC_GETRESULT
  D:0007H         SYMBOL        ch
  -------         DO            
  D:0006H         SYMBOL        ADC_Value
  -------         ENDDO         
  C:4098H         LINE#         26
  C:4098H         LINE#         27
  C:4098H         LINE#         29
  C:409DH         LINE#         30
  C:409EH         LINE#         31
  C:409FH         LINE#         32
  C:40A0H         LINE#         33
  C:40A1H         LINE#         34
  C:40A6H         LINE#         35
  C:40A9H         LINE#         36
  C:40ADH         LINE#         37
  C:40BDH         LINE#         38
BL51 BANKED LINKER/LOCATER V6.22                                                      01/29/2019  17:59:25  PAGE 34


  C:40BDH         LINE#         39
  -------         ENDPROC       _ADC_GETRESULT
  -------         ENDMOD        ADC

  -------         MODULE        CALIBRATION
  C:0000H         SYMBOL        _ICE_DUMMY_
  D:0080H         PUBLIC        P0
  D:0090H         PUBLIC        P1
  D:00A0H         PUBLIC        P2
  D:00B0H         PUBLIC        P3
  D:00C0H         PUBLIC        P4
  D:00C8H         PUBLIC        P5
  D:00E8H         PUBLIC        P6
  D:00F8H         PUBLIC        P7
  C:3AE0H         PUBLIC        _Max_Value
  D:00A8H         PUBLIC        IE
  C:35ADH         PUBLIC        _calibration
  C:382FH         PUBLIC        voltage_is_stable
  D:00B8H         PUBLIC        IP
  D:00D8H         PUBLIC        CCON
  D:0098H         PUBLIC        SCON
  D:0088H         PUBLIC        TCON
  C:334DH         PUBLIC        _Find_Real_Max
  D:00D0H         PUBLIC        PSW
  -------         PROC          VOLTAGE_IS_STABLE
  -------         DO            
  X:03CCH         SYMBOL        sample_voltage
  X:03E0H         SYMBOL        i
  X:03E2H         SYMBOL        ch
  -------         ENDDO         
  C:382FH         LINE#         17
  C:382FH         LINE#         18
  C:382FH         LINE#         20
  C:3836H         LINE#         21
  C:383CH         LINE#         22
  C:383CH         LINE#         23
  C:3865H         LINE#         24
  C:3884H         LINE#         26
  C:389EH         LINE#         27
  C:389EH         LINE#         28
  C:38D1H         LINE#         29
  C:38D5H         LINE#         30
  C:38E5H         LINE#         31
  C:38E9H         LINE#         32
  -------         ENDPROC       VOLTAGE_IS_STABLE
  -------         PROC          _FIND_REAL_MAX
  X:03CCH         SYMBOL        current_position
  -------         DO            
  X:03CFH         SYMBOL        ch
  X:03D0H         SYMBOL        calib_step_move
  X:03D4H         SYMBOL        voltage_at_scanned_pos
  X:044CH         SYMBOL        max_location
  X:044EH         SYMBOL        i
  -------         ENDDO         
  C:334DH         LINE#         33
  C:3358H         LINE#         34
  C:3358H         LINE#         35
BL51 BANKED LINKER/LOCATER V6.22                                                      01/29/2019  17:59:25  PAGE 35


  C:335BH         LINE#         36
[...]
  X:03C8H         SYMBOL        JP_max_pos
  -------         ENDDO         
  C:35ADH         LINE#         84
  C:35B8H         LINE#         87
  C:35B8H         LINE#         88
  C:35C2H         LINE#         89
  C:35D6H         LINE#         91
  C:35E0H         LINE#         92
  C:35E0H         LINE#         94
  C:3616H         LINE#         95
  C:3634H         LINE#         97
  C:363DH         LINE#         98
  C:3660H         LINE#         99
  C:367CH         LINE#         100
  C:368BH         LINE#         101
BL51 BANKED LINKER/LOCATER V6.22                                                      01/29/2019  17:59:25  PAGE 36


  C:368BH         LINE#         103
  C:3690H         LINE#         104
  -------         ENDPROC       _CALIBRATION
  -------         ENDMOD        CALIBRATION

  -------         MODULE        IOEXPANDER_PI4IOE5V96248
  C:0000H         SYMBOL        _ICE_DUMMY_
  D:0080H         PUBLIC        P0
  B:00C8H.4       PUBLIC        I2C_SCK
  D:0090H         PUBLIC        P1
  D:00A0H         PUBLIC        P2
  D:00B0H         PUBLIC        P3
  D:00C0H         PUBLIC        P4
  D:00C8H         PUBLIC        P5
  D:00E8H         PUBLIC        P6
  D:00F8H         PUBLIC        P7
  D:00A8H         PUBLIC        IE
  D:00B8H         PUBLIC        IP
  D:00D8H         PUBLIC        CCON
  C:425FH         PUBLIC        I2C_Start
  D:0098H         PUBLIC        SCON
  D:0088H         PUBLIC        TCON
  C:38EAH         PUBLIC        _Write_PI4IOE5V96248
  C:426EH         PUBLIC        uC_NACK
  C:402BH         PUBLIC        _Wait_ms_i2c
  C:4076H         PUBLIC        _I2C_SendByte
  C:41EFH         PUBLIC        I2C_Stop
  C:42D6H         PUBLIC        nop
  C:42C5H         PUBLIC        uC_ACK
  C:41C4H         PUBLIC        I2C_ACK
  B:00C0H.7       PUBLIC        I2C_SDA
  D:00D0H         PUBLIC        PSW
  C:4025H         SYMBOL        L?0031
  C:4027H         SYMBOL        L?0032
  -------         PROC          L?0030
  -------         ENDPROC       L?0030
  C:4025H         SYMBOL        L?0031
  C:4027H         SYMBOL        L?0032
  -------         PROC          _WAIT_MS_I2C
  D:0006H         SYMBOL        ms
  -------         DO            
  D:0004H         SYMBOL        De_Cnt
  -------         ENDDO         
  C:402BH         LINE#         7
  C:402BH         LINE#         8
  C:402BH         LINE#         10
  C:4035H         LINE#         11
  C:4035H         LINE#         12
  C:4048H         LINE#         13
  C:4048H         LINE#         14
  -------         ENDPROC       _WAIT_MS_I2C
  -------         PROC          NOP
  C:42D6H         LINE#         16
  C:42D6H         LINE#         17
  C:42D6H         LINE#         19
  -------         ENDPROC       NOP
  -------         PROC          I2C_START
BL51 BANKED LINKER/LOCATER V6.22                                                      01/29/2019  17:59:25  PAGE 37


  C:425FH         LINE#         20
  C:425FH         LINE#         21
  C:425FH         LINE#         23
  C:4261H         LINE#         24
  C:4263H         LINE#         25
  C:4266H         LINE#         26
  C:4268H         LINE#         27
  C:426BH         LINE#         28
  C:426DH         LINE#         31
  -------         ENDPROC       I2C_START
  -------         PROC          I2C_STOP
  C:41EFH         LINE#         33
  C:41EFH         LINE#         34
  C:41EFH         LINE#         35
  C:41F1H         LINE#         36
  C:41F3H         LINE#         37
  C:41F6H         LINE#         38
  C:41F8H         LINE#         39
  C:41FAH         LINE#         40
  C:4201H         LINE#         41
  C:4203H         LINE#         44
  -------         ENDPROC       I2C_STOP
  -------         PROC          I2C_ACK
  -------         DO            
  X:045BH         SYMBOL        i
  D:0003H         SYMBOL        dat
  -------         ENDDO         
  C:41C4H         LINE#         46
  C:41C4H         LINE#         47
  C:41C4H         LINE#         49
  C:41C5H         LINE#         54
  C:41C8H         LINE#         55
  C:41CAH         LINE#         56
  C:41CDH         LINE#         58
  C:41D0H         LINE#         59
  C:41D0H         LINE#         60
  C:41D4H         LINE#         61
  C:41D4H         LINE#         64
  C:41D4H         LINE#         65
  C:41D7H         LINE#         66
  C:41D7H         LINE#         67
  C:41D9H         LINE#         68
  -------         ENDPROC       I2C_ACK
  -------         PROC          UC_ACK
  -------         DO            
  X:0621H         SYMBOL        i
  -------         ENDDO         
  C:42C5H         LINE#         69
  C:42C5H         LINE#         70
  C:42C5H         LINE#         72
  C:42C5H         LINE#         79
  C:42C5H         LINE#         81
  C:42C5H         LINE#         83
  C:42C5H         LINE#         84
  C:42C5H         LINE#         87
  C:42C8H         LINE#         88
  C:42CAH         LINE#         89
BL51 BANKED LINKER/LOCATER V6.22                                                      01/29/2019  17:59:25  PAGE 38


  C:42CAH         LINE#         93
  -------         ENDPROC       UC_ACK
  -------         PROC          UC_NACK
  -------         DO            
  X:0622H         SYMBOL        i
  -------         ENDDO         
  C:426EH         LINE#         95
  C:426EH         LINE#         96
  C:426EH         LINE#         98
  C:426EH         LINE#         102
  C:4270H         LINE#         105
  C:4270H         LINE#         106
  C:4272H         LINE#         107
  C:4272H         LINE#         109
  C:4272H         LINE#         110
  C:4272H         LINE#         113
  C:4275H         LINE#         114
  C:4277H         LINE#         115
  C:427AH         LINE#         116
  C:427CH         LINE#         117
  C:427CH         LINE#         121
  -------         ENDPROC       UC_NACK
  C:4072H         SYMBOL        L?0034
  -------         PROC          L?0033
  -------         ENDPROC       L?0033
  C:4072H         SYMBOL        L?0034
  -------         PROC          _I2C_SENDBYTE
  D:0001H         SYMBOL        dat
  -------         DO            
  D:0003H         SYMBOL        i
  -------         ENDDO         
  C:4076H         LINE#         125
  C:4078H         LINE#         126
  C:4078H         LINE#         129
  C:407AH         LINE#         130
  C:407AH         LINE#         131
  C:407CH         LINE#         133
  C:4080H         LINE#         134
  C:4080H         LINE#         135
  C:4082H         LINE#         136
  C:4084H         LINE#         138
  C:4084H         LINE#         139
  C:4086H         LINE#         140
  C:4086H         LINE#         141
  C:4089H         LINE#         142
  C:408BH         LINE#         144
  C:408FH         LINE#         145
  C:4092H         LINE#         146
  C:4097H         LINE#         147
  -------         ENDPROC       _I2C_SENDBYTE
  -------         PROC          _WRITE_PI4IOE5V96248
  X:0458H         SYMBOL        xdat
  C:38EAH         LINE#         148
  C:38F5H         LINE#         149
  C:38F5H         LINE#         150
  C:38F8H         LINE#         151
  C:38FFH         LINE#         152
BL51 BANKED LINKER/LOCATER V6.22                                                      01/29/2019  17:59:25  PAGE 39


  C:3904H         LINE#         153
  C:390AH         LINE#         154
  C:390AH         LINE#         155
  C:391CH         LINE#         156
  C:391CH         LINE#         158
  C:3922H         LINE#         159
  C:3922H         LINE#         160
  C:3932H         LINE#         161
  C:3932H         LINE#         162
  C:3938H         LINE#         163
  C:3938H         LINE#         164
  C:3948H         LINE#         165
  C:3948H         LINE#         166
  C:394EH         LINE#         167
  C:394EH         LINE#         168
  C:395FH         LINE#         169
  C:395FH         LINE#         171
  C:3965H         LINE#         172
  C:3965H         LINE#         173
  C:3976H         LINE#         174
  C:3976H         LINE#         175
  C:397CH         LINE#         176
  C:397CH         LINE#         177
  C:398DH         LINE#         178
  C:398DH         LINE#         180
  C:3993H         LINE#         181
  C:3996H         LINE#         182
  -------         ENDPROC       _WRITE_PI4IOE5V96248
  -------         ENDMOD        IOEXPANDER_PI4IOE5V96248

  -------         MODULE        ?C_STARTUP
  C:3C0BH         SEGMENT       ?C_C51STARTUP
  I:0022H         SEGMENT       ?STACK
  C:0000H         PUBLIC        ?C_STARTUP
  D:00E0H         SYMBOL        ACC
  D:00F0H         SYMBOL        B
  D:0083H         SYMBOL        DPH
  D:0082H         SYMBOL        DPL
  N:0000H         SYMBOL        IBPSTACK
  N:0100H         SYMBOL        IBPSTACKTOP
  N:0080H         SYMBOL        IDATALEN
  C:3C0EH         SYMBOL        IDATALOOP
  N:0000H         SYMBOL        PBPSTACK
  N:0100H         SYMBOL        PBPSTACKTOP
  N:0000H         SYMBOL        PDATALEN
  N:0000H         SYMBOL        PDATASTART
  N:0000H         SYMBOL        PPAGE
  N:0000H         SYMBOL        PPAGEENABLE
  D:00A0H         SYMBOL        PPAGE_SFR
  D:0081H         SYMBOL        SP
  C:3C0BH         SYMBOL        STARTUP1
  N:0000H         SYMBOL        XBPSTACK
  N:0000H         SYMBOL        XBPSTACKTOP
  N:0000H         SYMBOL        XDATALEN
  N:0000H         SYMBOL        XDATASTART
  C:0000H         LINE#         126
  C:3C0BH         LINE#         133
BL51 BANKED LINKER/LOCATER V6.22                                                      01/29/2019  17:59:25  PAGE 40


  C:3C0DH         LINE#         134
  C:3C0EH         LINE#         135
  C:3C0FH         LINE#         136
  C:3C11H         LINE#         185
  C:3C14H         LINE#         196
  -------         ENDMOD        ?C_STARTUP

  -------         MODULE        ?C?FPADD
  C:0A42H         PUBLIC        ?C?FPADD
  C:0A3EH         PUBLIC        ?C?FPSUB
  -------         ENDMOD        ?C?FPADD

  -------         MODULE        ?C?FPMUL
  C:0B33H         PUBLIC        ?C?FPMUL
  -------         ENDMOD        ?C?FPMUL

  -------         MODULE        ?C?FPDIV
  C:0C3CH         PUBLIC        ?C?FPDIV
  -------         ENDMOD        ?C?FPDIV

  -------         MODULE        ?C?FPCMP
  C:0CDBH         PUBLIC        ?C?FPCMP
  C:0CD9H         PUBLIC        ?C?FPCMP3
  -------         ENDMOD        ?C?FPCMP

  -------         MODULE        ?C?FPNEG
  C:0D52H         PUBLIC        ?C?FPNEG
  -------         ENDMOD        ?C?FPNEG

  -------         MODULE        ?C?FCAST
  C:0D6DH         PUBLIC        ?C?FCASTC
  C:0D68H         PUBLIC        ?C?FCASTI
  C:0D63H         PUBLIC        ?C?FCASTL
  -------         ENDMOD        ?C?FCAST

  -------         MODULE        ?C?CASTF
  C:0DA1H         PUBLIC        ?C?CASTF
  -------         ENDMOD        ?C?CASTF

  -------         MODULE        ATAN2
  X:04C8H         PUBLIC        ?_atan2?BYTE
  C:3A43H         PUBLIC        _atan2
  -------         ENDMOD        ATAN2

  -------         MODULE        SIN
  C:320DH         PUBLIC        _COS
  C:3223H         PUBLIC        _SIN
  C:325FH         PUBLIC        _TAN
  -------         ENDMOD        SIN

  -------         MODULE        ACOS
  C:3EA2H         PUBLIC        _ACOS
  -------         ENDMOD        ACOS

  -------         MODULE        ASIN
  C:3FB0H         PUBLIC        _ASIN
  -------         ENDMOD        ASIN
BL51 BANKED LINKER/LOCATER V6.22                                                      01/29/2019  17:59:25  PAGE 41



  -------         MODULE        SQRT
  C:399BH         PUBLIC        _SQRT
  -------         ENDMOD        SQRT

  -------         MODULE        ATAN
  C:34ABH         PUBLIC        _ATAN
  -------         ENDMOD        ATAN

  -------         MODULE        ?C?COPY
  C:0F3FH         PUBLIC        ?C?COPY
  -------         ENDMOD        ?C?COPY

  -------         MODULE        ?C?CLDPTR
  C:0F65H         PUBLIC        ?C?CLDPTR
  -------         ENDMOD        ?C?CLDPTR

  -------         MODULE        ?C?CLDOPTR
  C:0F7EH         PUBLIC        ?C?CLDOPTR
  -------         ENDMOD        ?C?CLDOPTR

  -------         MODULE        ?C?CSTPTR
  C:0FABH         PUBLIC        ?C?CSTPTR
  -------         ENDMOD        ?C?CSTPTR

  -------         MODULE        ?C?IMUL
  C:0FBDH         PUBLIC        ?C?IMUL
  -------         ENDMOD        ?C?IMUL

  -------         MODULE        ?C?UIDIV
  C:0FCFH         PUBLIC        ?C?UIDIV
  -------         ENDMOD        ?C?UIDIV

  -------         MODULE        ?C?SIDIV
  C:1024H         PUBLIC        ?C?SIDIV
  -------         ENDMOD        ?C?SIDIV

  -------         MODULE        ?C?ILDIX
  C:105AH         PUBLIC        ?C?ILDIX
  -------         ENDMOD        ?C?ILDIX

  -------         MODULE        ?C?ILDOPTR
  C:1070H         PUBLIC        ?C?ILDOPTR
  -------         ENDMOD        ?C?ILDOPTR

  -------         MODULE        ?C?LMUL
  C:10A8H         PUBLIC        ?C?LMUL
  -------         ENDMOD        ?C?LMUL

  -------         MODULE        ?C?SLDIV
  C:3EECH         PUBLIC        ?C?SLDIV
  -------         ENDMOD        ?C?SLDIV

  -------         MODULE        ?C?LNEG
  C:10F7H         PUBLIC        ?C?LNEG
  -------         ENDMOD        ?C?LNEG

BL51 BANKED LINKER/LOCATER V6.22                                                      01/29/2019  17:59:25  PAGE 42


  -------         MODULE        ?C?LLDPTR
  C:1105H         PUBLIC        ?C?LLDPTR
  -------         ENDMOD        ?C?LLDPTR

  -------         MODULE        ?C?LLDOPTR
  C:1125H         PUBLIC        ?C?LLDOPTR
  -------         ENDMOD        ?C?LLDOPTR

  -------         MODULE        ?C?LSTPTR
  C:1155H         PUBLIC        ?C?LSTPTR
  -------         ENDMOD        ?C?LSTPTR

  -------         MODULE        ?C?LSTOPTR
  C:116FH         PUBLIC        ?C?LSTOPTR
  -------         ENDMOD        ?C?LSTOPTR

  -------         MODULE        ?C?LLDXDATA
  C:1193H         PUBLIC        ?C?LLDXDATA
  -------         ENDMOD        ?C?LLDXDATA

  -------         MODULE        ?C?LLDCODE
  C:119FH         PUBLIC        ?C?LLDCODE
  -------         ENDMOD        ?C?LLDCODE

  -------         MODULE        ?C?LLDXDATA0
  C:11AFH         PUBLIC        ?C?LLDXDATA0
  -------         ENDMOD        ?C?LLDXDATA0

  -------         MODULE        ?C?LLDCODE0
  C:11BBH         PUBLIC        ?C?LLDCODE0
  -------         ENDMOD        ?C?LLDCODE0

  -------         MODULE        ?C?LLDPTR0
  C:11CBH         PUBLIC        ?C?LLDPTR0
  -------         ENDMOD        ?C?LLDPTR0

  -------         MODULE        ?C?LSTXDATA
  C:11EBH         PUBLIC        ?C?LSTXDATA
  -------         ENDMOD        ?C?LSTXDATA

  -------         MODULE        ?C?LSTKXDATA
  C:11F7H         PUBLIC        ?C?LSTKXDATA
  -------         ENDMOD        ?C?LSTKXDATA

  -------         MODULE        ?C?OFFXADD
  C:1228H         PUBLIC        ?C?OFFXADD
  -------         ENDMOD        ?C?OFFXADD

  -------         MODULE        ABS
  C:42A5H         PUBLIC        _ABS
  -------         ENDMOD        ABS

  -------         MODULE        ATOI
  C:3691H         PUBLIC        _atoi
  -------         ENDMOD        ATOI

  -------         MODULE        ?C?IILDX
BL51 BANKED LINKER/LOCATER V6.22                                                      01/29/2019  17:59:25  PAGE 43


  C:1234H         PUBLIC        ?C?IILDX
  -------         ENDMOD        ?C?IILDX

  -------         MODULE        ?C?ULDIV
  C:1286H         PUBLIC        ?C?ULDIV
  -------         ENDMOD        ?C?ULDIV

  -------         MODULE        ?C?LLDIDATA
  C:1318H         PUBLIC        ?C?LLDIDATA
  -------         ENDMOD        ?C?LLDIDATA

  -------         MODULE        ?C?LLDPDATA
  C:1324H         PUBLIC        ?C?LLDPDATA
  -------         ENDMOD        ?C?LLDPDATA

  -------         MODULE        ?C?LLDIDATA0
  C:1330H         PUBLIC        ?C?LLDIDATA0
  -------         ENDMOD        ?C?LLDIDATA0

  -------         MODULE        ?C?LLDPDATA0
  C:133DH         PUBLIC        ?C?LLDPDATA0
  -------         ENDMOD        ?C?LLDPDATA0

  -------         MODULE        ?C?LSTIDATA
  C:134AH         PUBLIC        ?C?LSTIDATA
  -------         ENDMOD        ?C?LSTIDATA

  -------         MODULE        ?C?LSTPDATA
  C:1356H         PUBLIC        ?C?LSTPDATA
  -------         ENDMOD        ?C?LSTPDATA

  -------         MODULE        ISDIGIT
  C:427DH         PUBLIC        _isdigit
  -------         ENDMOD        ISDIGIT

  -------         MODULE        ISSPACE
  C:4218H         PUBLIC        _isspace
  -------         ENDMOD        ISSPACE

*** WARNING L16: UNCALLED SEGMENT, IGNORED FOR OVERLAY PROCESS
    SEGMENT: ?PR?_DISPLAY_PROX?MAIN

*** WARNING L16: UNCALLED SEGMENT, IGNORED FOR OVERLAY PROCESS
    SEGMENT: ?PR?_DAY_OF_YEAR?PCF85063BTL

*** WARNING L16: UNCALLED SEGMENT, IGNORED FOR OVERLAY PROCESS
    SEGMENT: ?PR?INITUART1?UART1

*** WARNING L16: UNCALLED SEGMENT, IGNORED FOR OVERLAY PROCESS
    SEGMENT: ?PR?_SENDSTRING?UART1

*** WARNING L16: UNCALLED SEGMENT, IGNORED FOR OVERLAY PROCESS
    SEGMENT: ?PR?_TEN?UART1

*** WARNING L16: UNCALLED SEGMENT, IGNORED FOR OVERLAY PROCESS
    SEGMENT: ?PR?_UNIT?UART1

BL51 BANKED LINKER/LOCATER V6.22                                                      01/29/2019  17:59:25  PAGE 44


*** WARNING L16: UNCALLED SEGMENT, IGNORED FOR OVERLAY PROCESS
    SEGMENT: ?PR?_DECTOBCD?UART1

*** WARNING L16: UNCALLED SEGMENT, IGNORED FOR OVERLAY PROCESS
    SEGMENT: ?PR?_ASCII_LETTER?UART1

*** WARNING L16: UNCALLED SEGMENT, IGNORED FOR OVERLAY PROCESS
    SEGMENT: ?PR?_ASCIITOBCD?UART1

*** WARNING L16: UNCALLED SEGMENT, IGNORED FOR OVERLAY PROCESS
    SEGMENT: ?PR?WAIT?BIPOLARMOTOR

*** WARNING L16: UNCALLED SEGMENT, IGNORED FOR OVERLAY PROCESS
    SEGMENT: ?PR?_FINDDET4X4?BIPOLARMOTOR

*** WARNING L16: UNCALLED SEGMENT, IGNORED FOR OVERLAY PROCESS
    SEGMENT: ?PR?NOP?IOEXPANDER_PI4IOE5V96248

*** WARNING L16: UNCALLED SEGMENT, IGNORED FOR OVERLAY PROCESS
    SEGMENT: ?PR?UC_ACK?IOEXPANDER_PI4IOE5V96248

*** WARNING L16: UNCALLED SEGMENT, IGNORED FOR OVERLAY PROCESS
    SEGMENT: ?PR?UC_NACK?IOEXPANDER_PI4IOE5V96248

*** WARNING L1: UNRESOLVED EXTERNAL SYMBOL
    SYMBOL:  AUTO_MODE
    MODULE:  .\Obj\main.obj (MAIN)

*** WARNING L2: REFERENCE MADE TO UNRESOLVED EXTERNAL
    SYMBOL:  AUTO_MODE
    MODULE:  .\Obj\main.obj (MAIN)
    ADDRESS: 137CH

*** WARNING L2: REFERENCE MADE TO UNRESOLVED EXTERNAL
    SYMBOL:  AUTO_MODE
    MODULE:  .\Obj\main.obj (MAIN)
    ADDRESS: 14E7H

*** WARNING L2: REFERENCE MADE TO UNRESOLVED EXTERNAL
    SYMBOL:  AUTO_MODE
    MODULE:  .\Obj\main.obj (MAIN)
    ADDRESS: 14F5H

*** WARNING L2: REFERENCE MADE TO UNRESOLVED EXTERNAL
    SYMBOL:  AUTO_MODE
    MODULE:  .\Obj\main.obj (MAIN)
    ADDRESS: 1507H

*** WARNING L2: REFERENCE MADE TO UNRESOLVED EXTERNAL
    SYMBOL:  AUTO_MODE
    MODULE:  .\Obj\main.obj (MAIN)
    ADDRESS: 1549H

*** WARNING L2: REFERENCE MADE TO UNRESOLVED EXTERNAL
    SYMBOL:  AUTO_MODE
    MODULE:  .\Obj\main.obj (MAIN)
    ADDRESS: 161CH
BL51 BANKED LINKER/LOCATER V6.22                                                      01/29/2019  17:59:25  PAGE 45



*** WARNING L1: UNRESOLVED EXTERNAL SYMBOL
    SYMBOL:  _SENDUART1
    MODULE:  .\Obj\UART1.obj (UART1)

*** WARNING L2: REFERENCE MADE TO UNRESOLVED EXTERNAL
    SYMBOL:  _SENDUART1
    MODULE:  .\Obj\UART1.obj (UART1)
    ADDRESS: 4019H

*** WARNING L1: UNRESOLVED EXTERNAL SYMBOL
    SYMBOL:  AUTO_MODE
    MODULE:  .\Obj\KeyPad.obj (KEYPAD)

*** WARNING L2: REFERENCE MADE TO UNRESOLVED EXTERNAL
    SYMBOL:  AUTO_MODE
    MODULE:  .\Obj\KeyPad.obj (KEYPAD)
    ADDRESS: 2A5FH

*** WARNING L2: REFERENCE MADE TO UNRESOLVED EXTERNAL
    SYMBOL:  AUTO_MODE
    MODULE:  .\Obj\KeyPad.obj (KEYPAD)
    ADDRESS: 2A6AH

*** WARNING L2: REFERENCE MADE TO UNRESOLVED EXTERNAL
    SYMBOL:  AUTO_MODE
    MODULE:  .\Obj\KeyPad.obj (KEYPAD)
    ADDRESS: 2A71H

Program Size: data=10.2 xdata=1571 code=17111
LINK/LOCATE RUN COMPLETE.  27 WARNING(S),  0 ERROR(S)
