BL51 BANKED LINKER/LOCATER V6.22                                                        02/25/2019  11:50:19  PAGE 1


BL51 BANKED LINKER/LOCATER V6.22, INVOKED BY:
C:\KEIL_V5\C51\BIN\BL51.EXE .\Obj\main.obj, .\Obj\PCF85063BTL.obj, .\Obj\UART1.obj, .\Obj\LCd_Driver_SPLC780D.obj, .\Obj
>> \KeyPad.obj, .\Obj\BipolarMotor.obj, .\Obj\SunPos.obj, .\Obj\ADC.obj, .\Obj\Calibration.obj, .\Obj\IOExpander_PI4IOE5
>> V96248.obj, .\Obj\AT25SF041.obj, .\Obj\STARTUP.obj TO .\Obj\GPIO_RTC_Test PRINT (.\Lis\GPIO_RTC_Test.m51) RAMSIZE (25
>> 6)


MEMORY MODEL: LARGE WITH FLOATING POINT ARITHMETIC


INPUT MODULES INCLUDED:
  .\Obj\main.obj (MAIN)
  .\Obj\PCF85063BTL.obj (PCF85063BTL)
  .\Obj\UART1.obj (UART1)
  .\Obj\LCd_Driver_SPLC780D.obj (LCD_DRIVER_SPLC780D)
  .\Obj\KeyPad.obj (KEYPAD)
  .\Obj\BipolarMotor.obj (BIPOLARMOTOR)
  .\Obj\SunPos.obj (SUNPOS)
  .\Obj\ADC.obj (ADC)
  .\Obj\Calibration.obj (CALIBRATION)
  .\Obj\IOExpander_PI4IOE5V96248.obj (IOEXPANDER_PI4IOE5V96248)
  .\Obj\AT25SF041.obj (AT25SF041)
  .\Obj\STARTUP.obj (?C_STARTUP)
  C:\KEIL_V5\C51\LIB\C51FPL.LIB (?C?FPADD)
  C:\KEIL_V5\C51\LIB\C51FPL.LIB (?C?FPMUL)
  C:\KEIL_V5\C51\LIB\C51FPL.LIB (?C?FPDIV)
  C:\KEIL_V5\C51\LIB\C51FPL.LIB (?C?FPCMP)
  C:\KEIL_V5\C51\LIB\C51FPL.LIB (?C?FPNEG)
  C:\KEIL_V5\C51\LIB\C51FPL.LIB (?C?FCAST)
  C:\KEIL_V5\C51\LIB\C51FPL.LIB (?C?CASTF)
  C:\KEIL_V5\C51\LIB\C51FPL.LIB (ATAN2)
  C:\KEIL_V5\C51\LIB\C51FPL.LIB (SIN)
  C:\KEIL_V5\C51\LIB\C51FPL.LIB (ACOS)
  C:\KEIL_V5\C51\LIB\C51FPL.LIB (ASIN)
  C:\KEIL_V5\C51\LIB\C51FPL.LIB (?C?FPGETOPN)
  C:\KEIL_V5\C51\LIB\C51FPL.LIB (?C?FPSERIES)
  C:\KEIL_V5\C51\LIB\C51FPL.LIB (SQRT)
  C:\KEIL_V5\C51\LIB\C51FPL.LIB (ATAN)
  C:\KEIL_V5\C51\LIB\C51L.LIB (?C_INIT)
  C:\KEIL_V5\C51\LIB\C51L.LIB (?C?COPY)
  C:\KEIL_V5\C51\LIB\C51L.LIB (?C?CLDPTR)
  C:\KEIL_V5\C51\LIB\C51L.LIB (?C?CLDOPTR)
  C:\KEIL_V5\C51\LIB\C51L.LIB (?C?CSTPTR)
  C:\KEIL_V5\C51\LIB\C51L.LIB (?C?IMUL)
  C:\KEIL_V5\C51\LIB\C51L.LIB (?C?UIDIV)
  C:\KEIL_V5\C51\LIB\C51L.LIB (?C?SIDIV)
  C:\KEIL_V5\C51\LIB\C51L.LIB (?C?ILDIX)
  C:\KEIL_V5\C51\LIB\C51L.LIB (?C?ILDOPTR)
  C:\KEIL_V5\C51\LIB\C51L.LIB (?C?ISTPTR)
  C:\KEIL_V5\C51\LIB\C51L.LIB (?C?LMUL)
  C:\KEIL_V5\C51\LIB\C51L.LIB (?C?SLDIV)
  C:\KEIL_V5\C51\LIB\C51L.LIB (?C?LNEG)
  C:\KEIL_V5\C51\LIB\C51L.LIB (?C?ULCMP)
  C:\KEIL_V5\C51\LIB\C51L.LIB (?C?LSHL)
  C:\KEIL_V5\C51\LIB\C51L.LIB (?C?LLDPTR)
  C:\KEIL_V5\C51\LIB\C51L.LIB (?C?LLDOPTR)
  C:\KEIL_V5\C51\LIB\C51L.LIB (?C?LSTPTR)
  C:\KEIL_V5\C51\LIB\C51L.LIB (?C?LSTOPTR)
BL51 BANKED LINKER/LOCATER V6.22                                                      02/25/2019  11:50:19  PAGE 2


  C:\KEIL_V5\C51\LIB\C51L.LIB (?C?LLDXDATA)
  C:\KEIL_V5\C51\LIB\C51L.LIB (?C?LLDCODE)
  C:\KEIL_V5\C51\LIB\C51L.LIB (?C?LLDXDATA0)
  C:\KEIL_V5\C51\LIB\C51L.LIB (?C?LLDCODE0)
  C:\KEIL_V5\C51\LIB\C51L.LIB (?C?LLDPTR0)
  C:\KEIL_V5\C51\LIB\C51L.LIB (?C?LSTXDATA)
  C:\KEIL_V5\C51\LIB\C51L.LIB (?C?LSTKXDATA)
  C:\KEIL_V5\C51\LIB\C51L.LIB (?C?LSTKPTR)
  C:\KEIL_V5\C51\LIB\C51L.LIB (?C?OFFXADD)
  C:\KEIL_V5\C51\LIB\C51L.LIB (ABS)
  C:\KEIL_V5\C51\LIB\C51L.LIB (ATOI)
  C:\KEIL_V5\C51\LIB\C51L.LIB (?C?IILDX)
  C:\KEIL_V5\C51\LIB\C51L.LIB (?C?ULDIV)
  C:\KEIL_V5\C51\LIB\C51L.LIB (?C?LLDIDATA)
  C:\KEIL_V5\C51\LIB\C51L.LIB (?C?LLDPDATA)
  C:\KEIL_V5\C51\LIB\C51L.LIB (?C?LLDIDATA0)
  C:\KEIL_V5\C51\LIB\C51L.LIB (?C?LLDPDATA0)
  C:\KEIL_V5\C51\LIB\C51L.LIB (?C?LSTIDATA)
  C:\KEIL_V5\C51\LIB\C51L.LIB (?C?LSTPDATA)
  C:\KEIL_V5\C51\LIB\C51L.LIB (?C?LSTKIDATA)
  C:\KEIL_V5\C51\LIB\C51L.LIB (?C?LSTKPDATA)
  C:\KEIL_V5\C51\LIB\C51L.LIB (ISDIGIT)
  C:\KEIL_V5\C51\LIB\C51L.LIB (ISSPACE)


LINK MAP OF MODULE:  .\Obj\GPIO_RTC_Test (MAIN)


            TYPE    BASE      LENGTH    RELOCATION   SEGMENT NAME
            -----------------------------------------------------

            * * * * * * *   D A T A   M E M O R Y   * * * * * * *
            REG     0000H     0008H     ABSOLUTE     "REG BANK 0"
                    0008H     0018H                  *** GAP ***
            BIT     0020H.0   0000H.5   UNIT         ?BI?KEYPAD
            BIT     0020H.5   0000H.3   UNIT         _BIT_GROUP_
            BIT     0021H.0   0000H.1   UNIT         ?BI?MAIN
            BIT     0021H.1   0000H.1   UNIT         ?BI?_ATOI?ATOI
                    0021H.2   0000H.6                *** GAP ***
            IDATA   0022H     0001H     UNIT         ?STACK

            * * * * * * *  X D A T A   M E M O R Y  * * * * * * *
            XDATA   0000H     038FH     UNIT         ?XD?BIPOLARMOTOR
            XDATA   038FH     014FH     UNIT         _XDATA_GROUP_
            XDATA   04DEH     00D8H     UNIT         ?XD?MAIN
            XDATA   05B6H     0040H     UNIT         ?XD?_FINDDET4X4?BIPOLARMOTOR
            XDATA   05F6H     0024H     UNIT         ?XD?_FINDDET3X3?BIPOLARMOTOR
            XDATA   061AH     0009H     UNIT         ?XD?KEYPAD
            XDATA   0623H     0008H     UNIT         ?XD?_AT25SF041_READ?AT25SF041
            XDATA   062BH     0005H     UNIT         ?XD?_ATOI?ATOI
            XDATA   0630H     0004H     UNIT         ?XD?_DISPLAY_PROX?MAIN
            XDATA   0634H     0003H     UNIT         ?XD?_SENDSTRING?UART1
            XDATA   0637H     0001H     UNIT         ?XD?UC_ACK?IOEXPANDER_PI4IOE5V96248
            XDATA   0638H     0001H     UNIT         ?XD?UC_NACK?IOEXPANDER_PI4IOE5V96248

            * * * * * * *   C O D E   M E M O R Y   * * * * * * *
            CODE    0000H     0003H     ABSOLUTE     
BL51 BANKED LINKER/LOCATER V6.22                                                      02/25/2019  11:50:19  PAGE 3


            CODE    0003H     0006H     UNIT         ?PR?_TEN?UART1
            CODE    0009H     0001H     UNIT         ?PR?TM0_ISR?MAIN
            CODE    000AH     0001H     UNIT         ?PR?_DECTOBCD?UART1
            CODE    000BH     0003H     ABSOLUTE     
            CODE    000EH     0B00H     UNIT         ?PR?_UPDATE_POSITION?BIPOLARMOTOR
            CODE    0B0EH     0A7CH     UNIT         ?PR?MAIN?MAIN
            CODE    158AH     09B6H     UNIT         ?C?LIB_CODE
            CODE    1F40H     07A2H     UNIT         ?PR?SUNPOS?SUNPOS
            CODE    26E2H     03F9H     UNIT         ?C_INITSEG
            CODE    2ADBH     0309H     UNIT         ?PR?_FIND_REAL_MAX?CALIBRATION
            CODE    2DE4H     02C0H     UNIT         ?PR?_FINDDET4X4?BIPOLARMOTOR
            CODE    30A4H     02A0H     UNIT         ?PR?KEY_PROCESS?KEYPAD
            CODE    3344H     01D1H     UNIT         ?PR?_FINDDET3X3?BIPOLARMOTOR
            CODE    3515H     0196H     UNIT         ?PR?SPI_NOR_WRITE_DATA?AT25SF041
            CODE    36ABH     018DH     UNIT         ?PR?KEY_SCAN?KEYPAD
            CODE    3838H     0188H     UNIT         ?PR?SIN?SIN
            CODE    39C0H     0172H     UNIT         ?PR?_DISPLAY_POS?MAIN
            CODE    3B32H     015BH     UNIT         ?PR?_CALIBRATION?CALIBRATION
            CODE    3C8DH     0122H     UNIT         ?PR?ATAN?ATAN
            CODE    3DAFH     0106H     UNIT         ?PR?_AT25SF041_READ?AT25SF041
            CODE    3EB5H     00FBH     UNIT         ?PR?_AT25SF041_WRITE?AT25SF041
            CODE    3FB0H     00DBH     UNIT         ?PR?_ATOI?ATOI
            CODE    408BH     00C3H     UNIT         ?PR?LINEAR_INTERPOLATE?BIPOLARMOTOR
            CODE    414EH     00BBH     UNIT         ?PR?VOLTAGE_IS_STABLE?CALIBRATION
            CODE    4209H     00ADH     UNIT         ?PR?_WRITE_PI4IOE5V96248?IOEXPANDER_PI4IOE5V96248
            CODE    42B6H     00ACH     UNIT         ?PR?SQRT?SQRT
            CODE    4362H     00A1H     UNIT         ?PR?READ_STATUS_REGISTER_BYTE1?AT25SF041
            CODE    4403H     009DH     UNIT         ?PR?_ATAN2?ATAN2
            CODE    44A0H     009CH     UNIT         ?PR?_MAX_VALUE?CALIBRATION
            CODE    453CH     0095H     UNIT         ?PR?_DISPLAY_PROX?MAIN
            CODE    45D1H     008CH     UNIT         ?C_C51STARTUP
            CODE    465DH     0084H     UNIT         ?PR?_DAY_OF_YEAR?PCF85063BTL
            CODE    46E1H     0075H     UNIT         ?PR?_WRITEDATA?LCD_DRIVER_SPLC780D
            CODE    4756H     006FH     UNIT         ?PR?_READ_TIME?PCF85063BTL
            CODE    47C5H     006EH     UNIT         ?PR?AT25SF041_WRITEENABLE?AT25SF041
            CODE    4833H     005AH     UNIT         ?PR?AT25SF041_CHIPERASE?AT25SF041
            CODE    488DH     0059H     UNIT         ?PR?LCD_INIT?LCD_DRIVER_SPLC780D
            CODE    48E6H     004AH     UNIT         ?PR?VONESTEPMOVE?BIPOLARMOTOR
            CODE    4930H     004AH     UNIT         ?PR?ACOS?ACOS
            CODE    497AH     0044H     UNIT         ?C?LDIV
            CODE    49BEH     0040H     UNIT         ?PR?_COMMAND?LCD_DRIVER_SPLC780D
            CODE    49FEH     0040H     UNIT         ?PR?_STEP_MOVE?BIPOLARMOTOR
            CODE    4A3EH     003BH     UNIT         ?PR?ASIN?ASIN
            CODE    4A79H     0033H     UNIT         ?PR?_SENDSTRING?UART1
            CODE    4AACH     002CH     UNIT         ?PR?_ADC_GETRESULT?ADC
            CODE    4AD8H     002BH     UNIT         ?PR?_WAIT_MS_I2C?IOEXPANDER_PI4IOE5V96248
            CODE    4B03H     002BH     UNIT         ?PR?_WAIT_MS_SPINOR?AT25SF041
            CODE    4B2EH     0028H     UNIT         ?PR?_MOVE?BIPOLARMOTOR
            CODE    4B56H     0027H     UNIT         ?PR?_I2C_SENDBYTE?IOEXPANDER_PI4IOE5V96248
            CODE    4B7DH     0024H     UNIT         ?PR?_WAIT_MS?LCD_DRIVER_SPLC780D
            CODE    4BA1H     0020H     UNIT         ?PR?_SPI_SENDBYTE?PCF85063BTL
            CODE    4BC1H     0020H     UNIT         ?PR?SPI_RECEIVEBYTE?PCF85063BTL
            CODE    4BE1H     001FH     UNIT         ?PR?ADC_INIT?ADC
            CODE    4C00H     001EH     UNIT         ?PR?_DELAY_MS?KEYPAD
            CODE    4C1EH     001DH     UNIT         ?PR?_DISPLAYLCD?LCD_DRIVER_SPLC780D
            CODE    4C3BH     001BH     UNIT         ?PR?_BCDTODEC1?BIPOLARMOTOR
            CODE    4C56H     0018H     UNIT         ?PR?_SPI_WRITETIME?PCF85063BTL
BL51 BANKED LINKER/LOCATER V6.22                                                      02/25/2019  11:50:19  PAGE 4


            CODE    4C6EH     0017H     UNIT         ?PR?_ASCIITOBCD?UART1
            CODE    4C85H     0016H     UNIT         ?PR?I2C_ACK?IOEXPANDER_PI4IOE5V96248
            CODE    4C9BH     0015H     UNIT         ?PR?_DISPLAY_LINE?LCD_DRIVER_SPLC780D
            CODE    4CB0H     0015H     UNIT         ?PR?I2C_STOP?IOEXPANDER_PI4IOE5V96248
            CODE    4CC5H     0014H     UNIT         ?PR?_PCF85063BTL_DELAY?PCF85063BTL
            CODE    4CD9H     0014H     UNIT         ?PR?_ISSPACE?ISSPACE
            CODE    4CEDH     0011H     UNIT         ?PR?_SPI_READTIME?PCF85063BTL
            CODE    4CFEH     0011H     UNIT         ?PR?_BCDTODEC?PCF85063BTL
            CODE    4D0FH     0011H     UNIT         ?PR?INITUART1?UART1
            CODE    4D20H     000FH     UNIT         ?PR?I2C_START?IOEXPANDER_PI4IOE5V96248
            CODE    4D2FH     000FH     UNIT         ?PR?UC_NACK?IOEXPANDER_PI4IOE5V96248
            CODE    4D3EH     000FH     UNIT         ?PR?_ISDIGIT?ISDIGIT
            CODE    4D4DH     000DH     UNIT         ?PR?SPI_INIT?PCF85063BTL
            CODE    4D5AH     000CH     UNIT         ?PR?KEYPAD_IO_INIT?KEYPAD
            CODE    4D66H     000CH     UNIT         ?PR?_ABS?ABS
            CODE    4D72H     000AH     UNIT         ?PR?LCD_RETURN_HOME?LCD_DRIVER_SPLC780D
            CODE    4D7CH     000AH     UNIT         ?PR?LCD_CLEAR?LCD_DRIVER_SPLC780D
            CODE    4D86H     0006H     UNIT         ?PR?UC_ACK?IOEXPANDER_PI4IOE5V96248
            CODE    4D8CH     0005H     UNIT         ?PR?_UNIT?UART1
            CODE    4D91H     0005H     UNIT         ?PR?_ASCII_LETTER?UART1
            CODE    4D96H     0001H     UNIT         ?PR?WAIT?BIPOLARMOTOR
            CODE    4D97H     0001H     UNIT         ?PR?NOP?IOEXPANDER_PI4IOE5V96248



OVERLAY MAP OF MODULE:   .\Obj\GPIO_RTC_Test (MAIN)


SEGMENT                                             BIT_GROUP          XDATA_GROUP
  +--> CALLED SEGMENT                            START    LENGTH     START    LENGTH
------------------------------------------------------------------------------------
?C_C51STARTUP                                    -----    -----      -----    -----
  +--> ?PR?MAIN?MAIN
  +--> ?C_INITSEG

?PR?MAIN?MAIN                                    -----    -----      038FH    002CH
  +--> ?PR?LCD_INIT?LCD_DRIVER_SPLC780D
  +--> ?PR?SPI_INIT?PCF85063BTL
  +--> ?PR?KEYPAD_IO_INIT?KEYPAD
  +--> ?PR?ADC_INIT?ADC
  +--> ?PR?_SPI_WRITETIME?PCF85063BTL
  +--> ?PR?_DELAY_MS?KEYPAD
  +--> ?PR?_DISPLAY_LINE?LCD_DRIVER_SPLC780D
  +--> ?PR?_WRITEDATA?LCD_DRIVER_SPLC780D
  +--> ?PR?KEY_PROCESS?KEYPAD
  +--> ?PR?_COMMAND?LCD_DRIVER_SPLC780D
  +--> ?PR?_DISPLAY_POS?MAIN
  +--> ?PR?_DISPLAYLCD?LCD_DRIVER_SPLC780D
  +--> ?PR?_STEP_MOVE?BIPOLARMOTOR
  +--> ?PR?LCD_RETURN_HOME?LCD_DRIVER_SPLC780D
  +--> ?PR?_READ_TIME?PCF85063BTL
  +--> ?PR?_ADC_GETRESULT?ADC
  +--> ?PR?_BCDTODEC1?BIPOLARMOTOR
  +--> ?PR?_CALIBRATION?CALIBRATION
  +--> ?PR?AT25SF041_WRITEENABLE?AT25SF041
  +--> ?PR?AT25SF041_CHIPERASE?AT25SF041
  +--> ?PR?_WAIT_MS_SPINOR?AT25SF041
BL51 BANKED LINKER/LOCATER V6.22                                                      02/25/2019  11:50:19  PAGE 5


  +--> ?PR?_AT25SF041_WRITE?AT25SF041
  +--> ?PR?SPI_NOR_WRITE_DATA?AT25SF041
  +--> ?PR?LINEAR_INTERPOLATE?BIPOLARMOTOR
  +--> ?PR?_UPDATE_POSITION?BIPOLARMOTOR

?PR?LCD_INIT?LCD_DRIVER_SPLC780D                 -----    -----      -----    -----
  +--> ?PR?_WAIT_MS?LCD_DRIVER_SPLC780D
  +--> ?PR?_COMMAND?LCD_DRIVER_SPLC780D

?PR?_COMMAND?LCD_DRIVER_SPLC780D                 -----    -----      -----    -----
  +--> ?PR?_WAIT_MS?LCD_DRIVER_SPLC780D

?PR?ADC_INIT?ADC                                 -----    -----      -----    -----
  +--> ?PR?_WAIT_MS?LCD_DRIVER_SPLC780D

?PR?_SPI_WRITETIME?PCF85063BTL                   -----    -----      -----    -----
  +--> ?PR?_SPI_SENDBYTE?PCF85063BTL

?PR?_SPI_SENDBYTE?PCF85063BTL                    -----    -----      -----    -----
  +--> ?PR?_PCF85063BTL_DELAY?PCF85063BTL

?PR?_DISPLAY_LINE?LCD_DRIVER_SPLC780D            -----    -----      -----    -----
  +--> ?PR?_COMMAND?LCD_DRIVER_SPLC780D

?PR?_WRITEDATA?LCD_DRIVER_SPLC780D               -----    -----      046AH    0001H
  +--> ?PR?_WAIT_MS?LCD_DRIVER_SPLC780D

?PR?KEY_PROCESS?KEYPAD                           -----    -----      03BBH    0006H
  +--> ?PR?KEY_SCAN?KEYPAD
  +--> ?PR?_SPI_WRITETIME?PCF85063BTL
  +--> ?PR?LCD_CLEAR?LCD_DRIVER_SPLC780D
  +--> ?PR?_COMMAND?LCD_DRIVER_SPLC780D
  +--> ?PR?_WRITEDATA?LCD_DRIVER_SPLC780D

?PR?KEY_SCAN?KEYPAD                              -----    -----      03C1H    0003H

?PR?LCD_CLEAR?LCD_DRIVER_SPLC780D                -----    -----      -----    -----
  +--> ?PR?_COMMAND?LCD_DRIVER_SPLC780D

?PR?_DISPLAY_POS?MAIN                            -----    -----      0460H    000AH
  +--> ?PR?_ABS?ABS
  +--> ?PR?_WRITEDATA?LCD_DRIVER_SPLC780D

?PR?_DISPLAYLCD?LCD_DRIVER_SPLC780D              -----    -----      03BBH    0001H
  +--> ?PR?_WRITEDATA?LCD_DRIVER_SPLC780D

?PR?_STEP_MOVE?BIPOLARMOTOR                      0020H.6  0000H.1    0479H    0004H
  +--> ?PR?VONESTEPMOVE?BIPOLARMOTOR

?PR?VONESTEPMOVE?BIPOLARMOTOR                    0020H.7  0000H.1    -----    -----
  +--> ?PR?_WRITE_PI4IOE5V96248?IOEXPANDER_P...
  +--> ?PR?_DELAY_MS?KEYPAD

?PR?_WRITE_PI4IOE5V96248?IOEXPANDER_P...         -----    -----      047DH    0003H
  +--> ?PR?I2C_START?IOEXPANDER_PI4IOE5V96248
  +--> ?PR?_WAIT_MS_I2C?IOEXPANDER_PI4IOE5V9...
  +--> ?PR?_I2C_SENDBYTE?IOEXPANDER_PI4IOE5V...
BL51 BANKED LINKER/LOCATER V6.22                                                      02/25/2019  11:50:19  PAGE 6


  +--> ?PR?I2C_ACK?IOEXPANDER_PI4IOE5V96248
  +--> ?PR?I2C_STOP?IOEXPANDER_PI4IOE5V96248

?PR?I2C_START?IOEXPANDER_PI4IOE5V96248           -----    -----      -----    -----
  +--> ?PR?_WAIT_MS_I2C?IOEXPANDER_PI4IOE5V9...

?PR?_I2C_SENDBYTE?IOEXPANDER_PI4IOE5V...         -----    -----      -----    -----
  +--> ?PR?_WAIT_MS_I2C?IOEXPANDER_PI4IOE5V9...

?PR?I2C_ACK?IOEXPANDER_PI4IOE5V96248             -----    -----      0480H    0001H
  +--> ?PR?_WAIT_MS_I2C?IOEXPANDER_PI4IOE5V9...

?PR?I2C_STOP?IOEXPANDER_PI4IOE5V96248            -----    -----      -----    -----
  +--> ?PR?_WAIT_MS_I2C?IOEXPANDER_PI4IOE5V9...

?PR?LCD_RETURN_HOME?LCD_DRIVER_SPLC780D          -----    -----      -----    -----
  +--> ?PR?_COMMAND?LCD_DRIVER_SPLC780D

?PR?_READ_TIME?PCF85063BTL                       -----    -----      03BBH    000FH
  +--> ?PR?_SPI_READTIME?PCF85063BTL

?PR?_SPI_READTIME?PCF85063BTL                    -----    -----      -----    -----
  +--> ?PR?_SPI_SENDBYTE?PCF85063BTL
  +--> ?PR?SPI_RECEIVEBYTE?PCF85063BTL

?PR?SPI_RECEIVEBYTE?PCF85063BTL                  -----    -----      -----    -----
  +--> ?PR?_PCF85063BTL_DELAY?PCF85063BTL

?PR?_CALIBRATION?CALIBRATION                     -----    -----      03BBH    001BH
  +--> ?PR?VOLTAGE_IS_STABLE?CALIBRATION
  +--> ?PR?_UPDATE_POSITION?BIPOLARMOTOR
  +--> ?PR?_FIND_REAL_MAX?CALIBRATION

?PR?VOLTAGE_IS_STABLE?CALIBRATION                -----    -----      03D6H    0018H
  +--> ?PR?_ADC_GETRESULT?ADC
  +--> ?PR?_ABS?ABS

?PR?_UPDATE_POSITION?BIPOLARMOTOR                -----    -----      03D6H    009FH
  +--> ?PR?_BCDTODEC1?BIPOLARMOTOR
  +--> ?PR?SUNPOS?SUNPOS
  +--> ?PR?SIN?SIN
  +--> ?PR?ASIN?ASIN
  +--> ?PR?LINEAR_INTERPOLATE?BIPOLARMOTOR
  +--> ?PR?_ABS?ABS
  +--> ?PR?_MOVE?BIPOLARMOTOR

?PR?SUNPOS?SUNPOS                                -----    -----      0475H    005DH
  +--> ?PR?SIN?SIN
  +--> ?PR?_ATAN2?ATAN2
  +--> ?PR?ASIN?ASIN
  +--> ?PR?ACOS?ACOS

?PR?SIN?SIN                                      0020H.5  0000H.1    04D2H    0004H

?PR?_ATAN2?ATAN2                                 -----    -----      04D2H    0008H
  +--> ?PR?ATAN?ATAN

BL51 BANKED LINKER/LOCATER V6.22                                                      02/25/2019  11:50:19  PAGE 7


?PR?ATAN?ATAN                                    0020H.5  0000H.2    04DAH    0004H

?PR?ASIN?ASIN                                    -----    -----      -----    -----
  +--> ?PR?SQRT?SQRT
  +--> ?PR?ATAN?ATAN

?PR?SQRT?SQRT                                    -----    -----      04D2H    0004H

?PR?ACOS?ACOS                                    -----    -----      -----    -----
  +--> ?PR?SQRT?SQRT
  +--> ?PR?ATAN?ATAN

?PR?LINEAR_INTERPOLATE?BIPOLARMOTOR              -----    -----      0475H    0014H

?PR?_MOVE?BIPOLARMOTOR                           0020H.5  0000H.1    0475H    0004H
  +--> ?PR?_STEP_MOVE?BIPOLARMOTOR

?PR?_FIND_REAL_MAX?CALIBRATION                   -----    -----      03D6H    008AH
  +--> ?PR?_ADC_GETRESULT?ADC
  +--> ?PR?_MOVE?BIPOLARMOTOR
  +--> ?PR?_COMMAND?LCD_DRIVER_SPLC780D
  +--> ?PR?_WRITEDATA?LCD_DRIVER_SPLC780D
  +--> ?PR?_DISPLAY_POS?MAIN
  +--> ?PR?_WAIT_MS?LCD_DRIVER_SPLC780D
  +--> ?PR?_MAX_VALUE?CALIBRATION

?PR?_MAX_VALUE?CALIBRATION                       -----    -----      0460H    0004H

?PR?AT25SF041_WRITEENABLE?AT25SF041              -----    -----      03C9H    0002H
  +--> ?PR?_WAIT_MS_SPINOR?AT25SF041

?PR?AT25SF041_CHIPERASE?AT25SF041                -----    -----      03C9H    0002H
  +--> ?PR?_WAIT_MS_SPINOR?AT25SF041
  +--> ?PR?READ_STATUS_REGISTER_BYTE1?AT25SF041

?PR?READ_STATUS_REGISTER_BYTE1?AT25SF041         -----    -----      03CBH    0003H
  +--> ?PR?_WAIT_MS_SPINOR?AT25SF041

?PR?_AT25SF041_WRITE?AT25SF041                   -----    -----      03C9H    0008H
  +--> ?PR?_WAIT_MS_SPINOR?AT25SF041

?PR?SPI_NOR_WRITE_DATA?AT25SF041                 -----    -----      03BBH    000EH
  +--> ?PR?AT25SF041_WRITEENABLE?AT25SF041
  +--> ?PR?AT25SF041_CHIPERASE?AT25SF041
  +--> ?PR?_WAIT_MS_SPINOR?AT25SF041
  +--> ?PR?_AT25SF041_WRITE?AT25SF041



UNRESOLVED EXTERNAL SYMBOLS:
   AUTO_MODE
   _SENDUART1



SYMBOL TABLE OF MODULE:  .\Obj\GPIO_RTC_Test (MAIN)

BL51 BANKED LINKER/LOCATER V6.22                                                      02/25/2019  11:50:19  PAGE 8


  VALUE           TYPE          NAME
  ----------------------------------

  -------         MODULE        MAIN
  C:0000H         SYMBOL        _ICE_DUMMY_
  X:04E6H         PUBLIC        calib_value
  D:0080H         PUBLIC        P0
  D:00B2H         PUBLIC        P3M0
  D:0090H         PUBLIC        P1
  D:00B1H         PUBLIC        P3M1
  D:00A0H         PUBLIC        P2
  D:00B0H         PUBLIC        P3
  D:00C0H         PUBLIC        P4
  D:00C8H         PUBLIC        P5
  X:053AH         SYMBOL        PressedKey
  B:00A8H.7       PUBLIC        EA
  D:00E8H         PUBLIC        P6
  X:053EH         PUBLIC        calib_stamp
  D:00F8H         PUBLIC        P7
  X:053FH         PUBLIC        RX_Data_Uart_Cnt
  D:00A8H         PUBLIC        IE
  X:0541H         PUBLIC        calib_time
  D:00B8H         PUBLIC        IP
  X:0595H         PUBLIC        months
  D:00D8H         PUBLIC        CCON
  C:0B0EH         PUBLIC        main
  X:0596H         PUBLIC        count
  X:0598H         PUBLIC        days
  X:0599H         PUBLIC        hours
  D:0098H         PUBLIC        SCON
  D:0089H         PUBLIC        TMOD
  D:0088H         PUBLIC        TCON
  B:00A0H.3       PUBLIC        P23
  X:059AH         SYMBOL        KeyCount
  X:059CH         PUBLIC        mins
  X:059DH         PUBLIC        Rec_data_hour
  B:00C8H.5       PUBLIC        P55
  X:05A0H         PUBLIC        Rec_data_min
  D:008EH         PUBLIC        AUXR
  C:0009H         PUBLIC        tm0_isr
  B:0021H.0       PUBLIC        busy
  B:00A8H.1       PUBLIC        ET0
  X:05A3H         PUBLIC        SPI_NOR_INTERNAL_FLASH_ADDR
  D:008CH         PUBLIC        TH0
  X:05A7H         PUBLIC        hour_count
  D:008AH         PUBLIC        TL0
  X:05A8H         PUBLIC        min_count
  B:0088H.4       PUBLIC        TR0
  X:05A9H         SYMBOL        KeyNum
  X:05AAH         SYMBOL        KeyNum_Old
  X:05ABH         PUBLIC        current_position
  X:05AFH         PUBLIC        hours1
  X:05B0H         PUBLIC        hours2
  C:453CH         PUBLIC        _Display_Prox
  X:05B1H         PUBLIC        mins1
  X:05B2H         PUBLIC        mins2
  C:39C0H         PUBLIC        _Display_Pos
BL51 BANKED LINKER/LOCATER V6.22                                                      02/25/2019  11:50:19  PAGE 9


  X:05B3H         PUBLIC        seconds
  X:05B4H         PUBLIC        st_time
  D:00D0H         PUBLIC        PSW
  -------         PROC          TM0_ISR
  C:0009H         LINE#         86
  C:0009H         LINE#         88
  -------         ENDPROC       TM0_ISR
  -------         PROC          MAIN
  -------         DO            
  X:038FH         SYMBOL        sunlight_ADC
  X:04DEH         SYMBOL        KeyCount
  X:04E0H         SYMBOL        KeyNum_Old
  X:04E1H         SYMBOL        KeyNum
  X:04E2H         SYMBOL        PressedKey
  X:0391H         SYMBOL        prox_flag
  X:0392H         SYMBOL        iUse_prevday_calib_value
  X:0394H         SYMBOL        max_ADC_Val_JP
  X:0396H         SYMBOL        max_ADC_Val
  X:0398H         SYMBOL        calib_point1
  X:03A0H         SYMBOL        calib_point2
  X:03A8H         SYMBOL        dat_to_store
  X:03B3H         SYMBOL        calib_day
  X:03B5H         SYMBOL        calib_count
  X:03B7H         SYMBOL        theorical_JP_max_pos
  -------         ENDDO         
  C:0B0EH         LINE#         90
  C:0B0EH         LINE#         91
  C:0B0EH         LINE#         96
  C:0B14H         LINE#         97
  C:0B19H         LINE#         99
  C:0B21H         LINE#         103
  C:0B27H         LINE#         104
  C:0B31H         LINE#         108
  C:0B33H         LINE#         109
  C:0B35H         LINE#         110
  C:0B37H         LINE#         111
  C:0B39H         LINE#         113
  C:0B40H         LINE#         122
  C:0B42H         LINE#         123
  C:0B45H         LINE#         124
  C:0B48H         LINE#         125
  C:0B4BH         LINE#         126
  C:0B4EH         LINE#         127
  C:0B51H         LINE#         130
  C:0B54H         LINE#         132
  C:0B57H         LINE#         133
  C:0B5AH         LINE#         134
  C:0B5DH         LINE#         135
  C:0B5FH         LINE#         136
  C:0B61H         LINE#         137
  C:0B63H         LINE#         139
  C:0B65H         LINE#         140
  C:0B6CH         LINE#         141
  C:0B73H         LINE#         142
  C:0B7AH         LINE#         143
  C:0B81H         LINE#         147
  C:0B88H         LINE#         148
BL51 BANKED LINKER/LOCATER V6.22                                                      02/25/2019  11:50:19  PAGE 10


  C:0B8DH         LINE#         149
  C:0B92H         LINE#         150
  C:0B97H         LINE#         151
  C:0B9CH         LINE#         152
  C:0BA1H         LINE#         155
  C:0BBAH         LINE#         156
  C:0BBAH         LINE#         157
  C:0BD6H         LINE#         158
  C:0C1DH         LINE#         159
  C:0C2EH         LINE#         160
  C:0C2EH         LINE#         161
  C:0C2EH         LINE#         162
  C:0C31H         LINE#         165
  C:0C31H         LINE#         168
  C:0C36H         LINE#         169
  C:0C3BH         LINE#         171
  C:0C40H         LINE#         172
  C:0C45H         LINE#         173
  C:0C4AH         LINE#         174
  C:0C4FH         LINE#         176
  C:0C60H         LINE#         177
  C:0C65H         LINE#         178
  C:0C6AH         LINE#         180
  C:0C71H         LINE#         181
  C:0C79H         LINE#         182
  C:0C7EH         LINE#         183
  C:0C86H         LINE#         184
  C:0C8BH         LINE#         185
  C:0C95H         LINE#         186
  C:0C9AH         LINE#         187
  C:0CA2H         LINE#         189
  C:0CAAH         LINE#         190
  C:0CAFH         LINE#         191
  C:0CB9H         LINE#         192
  C:0CB9H         LINE#         193
  C:0CBBH         LINE#         194
  C:0CBDH         LINE#         195
  C:0CC7H         LINE#         196
  C:0CC7H         LINE#         197
  C:0CCCH         LINE#         198
  C:0CCCH         LINE#         210
  C:0CD9H         LINE#         211
  C:0CD9H         LINE#         212
  C:0CE3H         LINE#         213
  C:0CFAH         LINE#         214
  C:0CFAH         LINE#         215
  C:0CFCH         LINE#         216
  C:0CFEH         LINE#         218
  C:0CFEH         LINE#         219
  C:0D09H         LINE#         220
  C:0D09H         LINE#         221
  C:0D0EH         LINE#         222
  C:0D0EH         LINE#         223
  C:0D1BH         LINE#         224
  C:0D1BH         LINE#         227
  C:0D25H         LINE#         228
  C:0D3CH         LINE#         229
BL51 BANKED LINKER/LOCATER V6.22                                                      02/25/2019  11:50:19  PAGE 11


  C:0D3CH         LINE#         230
  C:0D3EH         LINE#         231
  C:0D40H         LINE#         233
  C:0D40H         LINE#         234
  C:0D4BH         LINE#         235
  C:0D4BH         LINE#         236
  C:0D50H         LINE#         237
  C:0D52H         LINE#         238
  C:0D52H         LINE#         247
  C:0D74H         LINE#         248
  C:0D74H         LINE#         249
  C:0D7EH         LINE#         250
  C:0D84H         LINE#         251
  C:0D86H         LINE#         252
  C:0D88H         LINE#         253
  C:0D8AH         LINE#         254
  C:0D8AH         LINE#         255
  C:0D8DH         LINE#         257
  C:0D8DH         LINE#         258
  C:0D93H         LINE#         259
  C:0D9BH         LINE#         260
  C:0DA1H         LINE#         261
  C:0DA9H         LINE#         262
  C:0DE4H         LINE#         266
  C:0DF1H         LINE#         267
  C:0DF1H         LINE#         268
  C:0DFEH         LINE#         269
  C:0E31H         LINE#         270
  C:0E3EH         LINE#         271
  C:0E3EH         LINE#         273
  C:0E6DH         LINE#         274
  C:0E6DH         LINE#         275
  C:0E8FH         LINE#         276
  C:0E8FH         LINE#         277
  C:0F0BH         LINE#         278
  C:0F89H         LINE#         279
  C:0F89H         LINE#         280
  C:0F8CH         LINE#         282
  C:0F8FH         LINE#         283
  C:0F96H         LINE#         284
  C:0F96H         LINE#         285
  C:0F99H         LINE#         287
  C:0FB0H         LINE#         289
  C:0FB7H         LINE#         290
  C:0FBAH         LINE#         292
  C:0FD1H         LINE#         293
  C:0FD8H         LINE#         296
  C:0FDBH         LINE#         298
  C:0FF2H         LINE#         299
  C:0FF9H         LINE#         301
  C:0FFCH         LINE#         303
  C:1013H         LINE#         304
  C:101AH         LINE#         306
  C:101DH         LINE#         308
  C:1032H         LINE#         309
  C:1039H         LINE#         311
  C:103CH         LINE#         313
BL51 BANKED LINKER/LOCATER V6.22                                                      02/25/2019  11:50:19  PAGE 12


  C:1051H         LINE#         314
  C:1058H         LINE#         316
  C:105BH         LINE#         318
  C:1070H         LINE#         319
  C:1077H         LINE#         321
  C:107AH         LINE#         323
  C:108FH         LINE#         324
  C:1096H         LINE#         326
  C:1099H         LINE#         328
  C:10AEH         LINE#         329
  C:10B5H         LINE#         331
  C:10B8H         LINE#         333
  C:10CDH         LINE#         334
  C:10D4H         LINE#         336
  C:10D7H         LINE#         338
  C:10ECH         LINE#         339
  C:10F3H         LINE#         431
  C:10FAH         LINE#         432
  C:111EH         LINE#         435
  C:1121H         LINE#         436
  C:1132H         LINE#         437
  C:1132H         LINE#         438
  C:1132H         LINE#         440
  C:1132H         LINE#         443
  C:1135H         LINE#         445
  C:1135H         LINE#         446
  C:1157H         LINE#         447
  C:1157H         LINE#         448
  C:11D3H         LINE#         449
  C:1228H         LINE#         450
  C:1228H         LINE#         451
  C:1228H         LINE#         452
  C:122BH         LINE#         456
  C:122BH         LINE#         459
  C:125FH         LINE#         460
  C:125FH         LINE#         461
  C:1281H         LINE#         462
  C:1281H         LINE#         463
  C:12FDH         LINE#         464
  C:137BH         LINE#         484
  C:137EH         LINE#         485
  C:138FH         LINE#         486
  C:138FH         LINE#         487
  C:1397H         LINE#         489
  C:1397H         LINE#         492
  C:139AH         LINE#         494
  C:139AH         LINE#         496
  C:13BCH         LINE#         497
  C:13BCH         LINE#         498
  C:1438H         LINE#         500
  C:1465H         LINE#         501
  C:1480H         LINE#         502
  C:14ADH         LINE#         503
  C:14C8H         LINE#         505
  C:1564H         LINE#         508
  C:1564H         LINE#         509
  C:1564H         LINE#         510
BL51 BANKED LINKER/LOCATER V6.22                                                      02/25/2019  11:50:19  PAGE 13


  C:1564H         LINE#         512
  C:1564H         LINE#         515
  C:1580H         LINE#         516
  C:1585H         LINE#         518
  C:1587H         LINE#         519
  -------         ENDPROC       MAIN
  -------         PROC          _DISPLAY_PROX
  D:0002H         SYMBOL        dat
  -------         DO            
  X:0630H         SYMBOL        unit
  X:0631H         SYMBOL        ten
  X:0632H         SYMBOL        hundred
  X:0633H         SYMBOL        thousand
  -------         ENDDO         
  C:453CH         LINE#         603
  C:4540H         LINE#         604
  C:4540H         LINE#         606
  C:454CH         LINE#         607
  C:455CH         LINE#         608
  C:4578H         LINE#         609
  C:45A8H         LINE#         610
  C:45B2H         LINE#         611
  C:45BCH         LINE#         612
  C:45C6H         LINE#         613
  C:45D0H         LINE#         615
  -------         ENDPROC       _DISPLAY_PROX
  -------         PROC          _DISPLAY_POS
  X:0460H         SYMBOL        sign_dat
  -------         DO            
  X:0464H         SYMBOL        unit
  X:0465H         SYMBOL        ten
  X:0466H         SYMBOL        hundred
  D:0003H         SYMBOL        thousand
  X:0467H         SYMBOL        after_dot
  X:0468H         SYMBOL        dat
  -------         ENDDO         
  C:39C0H         LINE#         618
  C:39C6H         LINE#         619
  C:39C6H         LINE#         623
  C:39E2H         LINE#         624
  C:39FCH         LINE#         625
  C:3A20H         LINE#         627
  C:3A6AH         LINE#         629
  C:3A81H         LINE#         630
  C:3A8EH         LINE#         631
  C:3AB0H         LINE#         632
  C:3AE5H         LINE#         633
  C:3AFDH         LINE#         634
  C:3AFDH         LINE#         636
  C:3AFDH         LINE#         637
  C:3AFDH         LINE#         638
  C:3AFDH         LINE#         639
  C:3AFDH         LINE#         640
  C:3AFDH         LINE#         644
  C:3AFFH         LINE#         646
  C:3AFFH         LINE#         648
  C:3B04H         LINE#         649
BL51 BANKED LINKER/LOCATER V6.22                                                      02/25/2019  11:50:19  PAGE 14


  C:3B0EH         LINE#         650
  C:3B18H         LINE#         651
  C:3B22H         LINE#         652
  C:3B27H         LINE#         653
  C:3B31H         LINE#         657
  C:3B31H         LINE#         659
  -------         ENDPROC       _DISPLAY_POS
  -------         ENDMOD        MAIN

  -------         MODULE        PCF85063BTL
  C:0000H         SYMBOL        _ICE_DUMMY_
  D:0096H         PUBLIC        P2M0
  D:0080H         PUBLIC        P0
  D:0095H         PUBLIC        P2M1
  D:0090H         PUBLIC        P1
  D:00A0H         PUBLIC        P2
  D:00B0H         PUBLIC        P3
  D:00C0H         PUBLIC        P4
  D:00C8H         PUBLIC        P5
  D:00E8H         PUBLIC        P6
  B:00A0H.1       PUBLIC        PCF85063BTL_SDI
  D:00F8H         PUBLIC        P7
  B:00A0H.2       PUBLIC        PCF85063BTL_SCK
  B:00A0H.1       PUBLIC        PCF85063BTL_SDO
  D:00A8H         PUBLIC        IE
  C:4756H         PUBLIC        _Read_time
  C:4CCBH         PUBLIC        _PCF85063BTL_Delay
  D:00B8H         PUBLIC        IP
  D:00D8H         PUBLIC        CCON
  C:465DH         PUBLIC        _Day_Of_Year
  C:4BC1H         PUBLIC        SPI_ReceiveByte
  D:0098H         PUBLIC        SCON
  D:0088H         PUBLIC        TCON
  C:4CFEH         PUBLIC        _BCDtoDec
  B:00A0H.0       PUBLIC        PCF85063BTL_CS
  C:4CEDH         PUBLIC        _SPI_ReadTime
  C:4D4DH         PUBLIC        SPI_Init
  C:4C56H         PUBLIC        _SPI_WriteTime
  C:4BA1H         PUBLIC        _SPI_SendByte
  D:00D0H         PUBLIC        PSW
  C:4CC7H         SYMBOL        L?0047
  -------         PROC          L?0046
  -------         ENDPROC       L?0046
  C:4CC7H         SYMBOL        L?0047
  -------         PROC          _PCF85063BTL_DELAY
  D:0006H         SYMBOL        us
  C:4CCBH         LINE#         8
  C:4CCBH         LINE#         9
  C:4CCBH         LINE#         10
  C:4CD5H         LINE#         11
  C:4CD5H         LINE#         12
  C:4CD6H         LINE#         13
  C:4CD8H         LINE#         14
  -------         ENDPROC       _PCF85063BTL_DELAY
  -------         PROC          _SPI_SENDBYTE
  D:0005H         SYMBOL        dat
  -------         DO            
BL51 BANKED LINKER/LOCATER V6.22                                                      02/25/2019  11:50:19  PAGE 15


  D:0003H         SYMBOL        i
  -------         ENDDO         
  C:4BA1H         LINE#         17
  C:4BA3H         LINE#         18
  C:4BA3H         LINE#         20
  C:4BA5H         LINE#         21
  C:4BA5H         LINE#         22
  C:4BA7H         LINE#         23
  C:4BABH         LINE#         24
  C:4BABH         LINE#         25
  C:4BADH         LINE#         26
  C:4BAFH         LINE#         28
  C:4BAFH         LINE#         29
  C:4BB1H         LINE#         30
  C:4BB1H         LINE#         31
  C:4BB4H         LINE#         32
  C:4BB4H         LINE#         33
  C:4BB7H         LINE#         34
  C:4BBBH         LINE#         35
  C:4BC0H         LINE#         36
  -------         ENDPROC       _SPI_SENDBYTE
  -------         PROC          SPI_RECEIVEBYTE
  -------         DO            
  D:0003H         SYMBOL        i
  D:0005H         SYMBOL        dat
  -------         ENDDO         
  C:4BC1H         LINE#         39
  C:4BC1H         LINE#         40
  C:4BC1H         LINE#         42
  C:4BC3H         LINE#         44
  C:4BC5H         LINE#         45
  C:4BC6H         LINE#         46
  C:4BC6H         LINE#         47
  C:4BCAH         LINE#         48
  C:4BCCH         LINE#         49
  C:4BCFH         LINE#         51
  C:4BD2H         LINE#         52
  C:4BD2H         LINE#         53
  C:4BD6H         LINE#         54
  C:4BD6H         LINE#         55
  C:4BD6H         LINE#         56
  C:4BD9H         LINE#         57
  C:4BDEH         LINE#         58
  C:4BE0H         LINE#         59
  -------         ENDPROC       SPI_RECEIVEBYTE
  -------         PROC          _SPI_READTIME
  D:0007H         SYMBOL        addr
  -------         DO            
  D:0006H         SYMBOL        dat
  -------         ENDDO         
  C:4CEDH         LINE#         61
  C:4CEDH         LINE#         62
  C:4CEDH         LINE#         64
  C:4CEFH         LINE#         65
  C:4CF1H         LINE#         66
  C:4CF8H         LINE#         67
  C:4CFBH         LINE#         68
BL51 BANKED LINKER/LOCATER V6.22                                                      02/25/2019  11:50:19  PAGE 16


  C:4CFDH         LINE#         69
  C:4CFDH         LINE#         70
  -------         ENDPROC       _SPI_READTIME
  -------         PROC          _SPI_WRITETIME
  D:0002H         SYMBOL        val
  D:0005H         SYMBOL        addr
  C:4C56H         LINE#         71
  C:4C58H         LINE#         72
  C:4C58H         LINE#         74
  C:4C5AH         LINE#         75
  C:4C61H         LINE#         76
  C:4C66H         LINE#         77
  C:4C6BH         LINE#         78
  C:4C6DH         LINE#         79
  -------         ENDPROC       _SPI_WRITETIME
  -------         PROC          SPI_INIT
  C:4D4DH         LINE#         83
  C:4D4DH         LINE#         84
  C:4D4DH         LINE#         89
  C:4D50H         LINE#         90
  C:4D53H         LINE#         91
  C:4D55H         LINE#         92
  C:4D57H         LINE#         93
  C:4D59H         LINE#         94
  -------         ENDPROC       SPI_INIT
  -------         PROC          _READ_TIME
  X:03BBH         SYMBOL        months
  X:03BEH         SYMBOL        days
  X:03C1H         SYMBOL        hours
  X:03C4H         SYMBOL        mins
  X:03C7H         SYMBOL        seconds
  C:4756H         LINE#         96
  C:4761H         LINE#         97
  C:4761H         LINE#         99
  C:4775H         LINE#         101
  C:4789H         LINE#         103
  C:479DH         LINE#         108
  C:47B1H         LINE#         113
  -------         ENDPROC       _READ_TIME
  -------         PROC          _BCDTODEC
  D:0007H         SYMBOL        bcd
  -------         DO            
  D:0006H         SYMBOL        hi
  D:0007H         SYMBOL        lo
  -------         ENDDO         
  C:4CFEH         LINE#         119
  C:4CFEH         LINE#         120
  C:4CFEH         LINE#         122
  C:4D03H         LINE#         123
  C:4D07H         LINE#         124
  C:4D0EH         LINE#         125
  -------         ENDPROC       _BCDTODEC
  -------         PROC          _DAY_OF_YEAR
  D:0007H         SYMBOL        months_bcd
  D:0005H         SYMBOL        days_bcd
  -------         DO            
  D:0004H         SYMBOL        months
BL51 BANKED LINKER/LOCATER V6.22                                                      02/25/2019  11:50:19  PAGE 17


  D:0007H         SYMBOL        days
  -------         ENDDO         
  C:465DH         LINE#         126
  C:465DH         LINE#         127
  C:465DH         LINE#         130
  C:4662H         LINE#         132
  C:4667H         LINE#         134
  C:46A0H         LINE#         135
  C:46A0H         LINE#         136
  C:46A0H         LINE#         137
  C:46A3H         LINE#         138
  C:46A3H         LINE#         139
  C:46A3H         LINE#         140
  C:46A8H         LINE#         141
  C:46A8H         LINE#         142
  C:46A8H         LINE#         143
  C:46ADH         LINE#         144
  C:46ADH         LINE#         145
  C:46ADH         LINE#         146
  C:46B2H         LINE#         147
  C:46B2H         LINE#         148
  C:46B2H         LINE#         149
  C:46B7H         LINE#         150
  C:46B7H         LINE#         151
  C:46B7H         LINE#         152
  C:46BCH         LINE#         153
  C:46BCH         LINE#         154
  C:46BCH         LINE#         155
  C:46C1H         LINE#         156
  C:46C1H         LINE#         157
  C:46C1H         LINE#         158
  C:46C6H         LINE#         159
  C:46C6H         LINE#         160
  C:46C6H         LINE#         161
  C:46CEH         LINE#         162
  C:46CEH         LINE#         163
  C:46CEH         LINE#         164
  C:46D3H         LINE#         165
  C:46D3H         LINE#         166
  C:46D3H         LINE#         167
  C:46D8H         LINE#         168
  C:46D8H         LINE#         169
  C:46D8H         LINE#         170
  C:46E0H         LINE#         171
  C:46E0H         LINE#         172
  C:46E0H         LINE#         173
  -------         ENDPROC       _DAY_OF_YEAR
  -------         ENDMOD        PCF85063BTL

  -------         MODULE        UART1
  C:0000H         SYMBOL        _ICE_DUMMY_
  D:0080H         PUBLIC        P0
  D:0090H         PUBLIC        P1
  D:00A0H         PUBLIC        P2
  D:00B0H         PUBLIC        P3
  D:00C0H         PUBLIC        P4
  D:00C8H         PUBLIC        P5
BL51 BANKED LINKER/LOCATER V6.22                                                      02/25/2019  11:50:19  PAGE 18


  B:00A8H.7       PUBLIC        EA
  D:00E8H         PUBLIC        P6
  D:00F8H         PUBLIC        P7
  C:4A79H         PUBLIC        _SendString
  D:00A8H         PUBLIC        IE
  B:00A8H.4       PUBLIC        ES
  D:00B8H         PUBLIC        IP
  C:4C6EH         PUBLIC        _ASCIItoBCD
  D:00D8H         PUBLIC        CCON
  C:4D0FH         PUBLIC        initUART1
  D:0098H         PUBLIC        SCON
  D:0088H         PUBLIC        TCON
  C:000AH         PUBLIC        _DectoBCD
  C:4D91H         PUBLIC        _ASCII_Letter
  D:008EH         PUBLIC        AUXR
  C:4D8CH         PUBLIC        _unit
  C:0003H         PUBLIC        _ten
  D:00D6H         PUBLIC        T2H
  D:00D7H         PUBLIC        T2L
  D:00D0H         PUBLIC        PSW
  -------         PROC          INITUART1
  C:4D0FH         LINE#         21
  C:4D0FH         LINE#         22
  C:4D0FH         LINE#         23
  C:4D12H         LINE#         24
  C:4D15H         LINE#         25
  C:4D18H         LINE#         26
  C:4D1BH         LINE#         27
  C:4D1DH         LINE#         28
  C:4D1FH         LINE#         30
  -------         ENDPROC       INITUART1
  -------         PROC          _SENDSTRING
  X:0634H         SYMBOL        s
  C:4A79H         LINE#         35
  C:4A84H         LINE#         36
  C:4A84H         LINE#         37
  C:4A94H         LINE#         38
  C:4A94H         LINE#         39
  C:4AA9H         LINE#         40
  C:4AABH         LINE#         41
  -------         ENDPROC       _SENDSTRING
  -------         PROC          _TEN
  D:0007H         SYMBOL        BCD
  C:0003H         LINE#         43
  C:0003H         LINE#         44
  C:0003H         LINE#         45
  C:0008H         LINE#         46
  -------         ENDPROC       _TEN
  -------         PROC          _UNIT
  D:0007H         SYMBOL        BCD
  C:4D8CH         LINE#         47
  C:4D8CH         LINE#         48
  C:4D8CH         LINE#         52
  C:4D90H         LINE#         53
  -------         ENDPROC       _UNIT
  -------         PROC          _DECTOBCD
  D:0007H         SYMBOL        dec
BL51 BANKED LINKER/LOCATER V6.22                                                      02/25/2019  11:50:19  PAGE 19


  C:000AH         LINE#         54
  C:000AH         LINE#         55
  C:000AH         LINE#         57
  C:000AH         LINE#         58
  -------         ENDPROC       _DECTOBCD
  -------         PROC          _ASCII_LETTER
  D:0007H         SYMBOL        dat
  C:4D91H         LINE#         60
  C:4D91H         LINE#         61
  C:4D91H         LINE#         63
  C:4D95H         LINE#         64
  -------         ENDPROC       _ASCII_LETTER
  -------         PROC          _ASCIITOBCD
  D:0001H         SYMBOL        ascii
  -------         DO            
  D:0007H         SYMBOL        dec_val
  D:0006H         SYMBOL        ten
  D:0007H         SYMBOL        unit
  -------         ENDDO         
  C:4C6EH         LINE#         66
  C:4C6EH         LINE#         67
  C:4C6EH         LINE#         69
  C:4C71H         LINE#         70
  C:4C77H         LINE#         71
  C:4C7EH         LINE#         72
  C:4C84H         LINE#         74
  -------         ENDPROC       _ASCIITOBCD
  -------         ENDMOD        UART1

  -------         MODULE        LCD_DRIVER_SPLC780D
  C:0000H         SYMBOL        _ICE_DUMMY_
  D:0092H         PUBLIC        P1M0
  D:0091H         PUBLIC        P1M1
  D:0080H         PUBLIC        P0
  D:0090H         PUBLIC        P1
  D:00A0H         PUBLIC        P2
  D:00B0H         PUBLIC        P3
  D:00C0H         PUBLIC        P4
  D:00C8H         PUBLIC        P5
  D:00E8H         PUBLIC        P6
  D:00F8H         PUBLIC        P7
  C:46E1H         PUBLIC        _WriteData
  D:00A8H         PUBLIC        IE
  D:00B8H         PUBLIC        IP
  D:00D8H         PUBLIC        CCON
  B:00B0H.4       PUBLIC        LCD_D4
  B:00B0H.5       PUBLIC        LCD_D5
  B:00B0H.6       PUBLIC        LCD_D6
  C:4C1EH         PUBLIC        _DisplayLCD
  B:00B0H.7       PUBLIC        LCD_D7
  D:0098H         PUBLIC        SCON
  D:0088H         PUBLIC        TCON
  C:4D7CH         PUBLIC        LCD_clear
  C:49BEH         PUBLIC        _Command
  C:4C9BH         PUBLIC        _Display_Line
  C:488DH         PUBLIC        LCD_Init
  C:4B83H         PUBLIC        _Wait_ms
BL51 BANKED LINKER/LOCATER V6.22                                                      02/25/2019  11:50:19  PAGE 20


  B:00C0H.0       PUBLIC        LCD_RS
  B:00B0H.2       PUBLIC        LCD_RW
  C:4D72H         PUBLIC        LCD_return_home
  B:00B0H.3       PUBLIC        LCD_E
  D:00D0H         PUBLIC        PSW
  -------         PROC          LCD_INIT
  C:488DH         LINE#         9
  C:488DH         LINE#         10
  C:488DH         LINE#         11
  C:4890H         LINE#         12
  C:4893H         LINE#         14
  C:4899H         LINE#         15
  C:489EH         LINE#         17
  C:48A5H         LINE#         18
  C:48AAH         LINE#         20
  C:48ADH         LINE#         21
  C:48B2H         LINE#         23
  C:48B5H         LINE#         24
  C:48BAH         LINE#         26
  C:48C1H         LINE#         29
  C:48C6H         LINE#         30
  C:48CBH         LINE#         32
  C:48D0H         LINE#         33
  C:48D5H         LINE#         35
  C:48DAH         LINE#         36
  C:48DFH         LINE#         37
  -------         ENDPROC       LCD_INIT
  -------         PROC          _WRITEDATA
  X:046AH         SYMBOL        dat
  C:46E1H         LINE#         40
  C:46E6H         LINE#         41
  C:46E6H         LINE#         46
  C:46E8H         LINE#         47
  C:46EAH         LINE#         49
  C:46F8H         LINE#         50
  C:4704H         LINE#         51
  C:4710H         LINE#         52
  C:471AH         LINE#         53
  C:471CH         LINE#         54
  C:4723H         LINE#         55
  C:4725H         LINE#         57
  C:4735H         LINE#         58
  C:4740H         LINE#         59
  C:474AH         LINE#         60
  C:474EH         LINE#         62
  C:474EH         LINE#         63
  C:4751H         LINE#         64
  C:4753H         LINE#         65
  C:4755H         LINE#         67
  -------         ENDPROC       _WRITEDATA
  -------         PROC          _COMMAND
  D:0007H         SYMBOL        dat
  C:49BEH         LINE#         69
  C:49BEH         LINE#         70
  C:49BEH         LINE#         71
  C:49C0H         LINE#         72
  C:49C2H         LINE#         74
BL51 BANKED LINKER/LOCATER V6.22                                                      02/25/2019  11:50:19  PAGE 21


  C:49CCH         LINE#         75
  C:49D0H         LINE#         77
  C:49D2H         LINE#         78
  C:49DBH         LINE#         79
  C:49DFH         LINE#         81
  C:49E1H         LINE#         82
  C:49E8H         LINE#         83
  C:49ECH         LINE#         85
  C:49EEH         LINE#         86
  C:49F2H         LINE#         87
  C:49F6H         LINE#         89
  C:49F8H         LINE#         90
  C:49F8H         LINE#         91
  C:49FBH         LINE#         92
  C:49FDH         LINE#         93
  -------         ENDPROC       _COMMAND
  C:4B7FH         SYMBOL        L?0028
  -------         PROC          L?0027
  -------         ENDPROC       L?0027
  C:4B7FH         SYMBOL        L?0028
  -------         PROC          _WAIT_MS
  D:0006H         SYMBOL        ms
  -------         DO            
  D:0004H         SYMBOL        De_Cnt
  -------         ENDDO         
  C:4B83H         LINE#         95
  C:4B83H         LINE#         96
  C:4B83H         LINE#         98
  C:4B8DH         LINE#         99
  C:4B8DH         LINE#         100
  C:4BA0H         LINE#         101
  C:4BA0H         LINE#         102
  -------         ENDPROC       _WAIT_MS
  -------         PROC          _DISPLAYLCD
  D:0007H         SYMBOL        BCD
  -------         DO            
  D:0006H         SYMBOL        first_digit
  X:03BBH         SYMBOL        second_digit
  -------         ENDDO         
  C:4C1EH         LINE#         103
  C:4C1EH         LINE#         104
  C:4C1EH         LINE#         106
  C:4C25H         LINE#         107
  C:4C2EH         LINE#         109
  C:4C33H         LINE#         111
  -------         ENDPROC       _DISPLAYLCD
  -------         PROC          LCD_RETURN_HOME
  C:4D72H         LINE#         115
  C:4D72H         LINE#         116
  C:4D72H         LINE#         117
  C:4D77H         LINE#         118
  -------         ENDPROC       LCD_RETURN_HOME
  -------         PROC          LCD_CLEAR
  C:4D7CH         LINE#         121
  C:4D7CH         LINE#         122
  C:4D7CH         LINE#         123
  C:4D81H         LINE#         124
BL51 BANKED LINKER/LOCATER V6.22                                                      02/25/2019  11:50:19  PAGE 22


  -------         ENDPROC       LCD_CLEAR
  -------         PROC          _DISPLAY_LINE
  D:0006H         SYMBOL        line
  C:4C9BH         LINE#         128
  C:4C9BH         LINE#         129
  C:4C9BH         LINE#         130
  C:4CA1H         LINE#         131
  C:4CA1H         LINE#         132
  C:4CA3H         LINE#         133
  C:4CA3H         LINE#         134
  C:4CA5H         LINE#         136
  C:4CA5H         LINE#         137
  C:4CAAH         LINE#         138
  C:4CAFH         LINE#         139
  C:4CAFH         LINE#         140
  -------         ENDPROC       _DISPLAY_LINE
  -------         ENDMOD        LCD_DRIVER_SPLC780D

  -------         MODULE        KEYPAD
  C:0000H         SYMBOL        _ICE_DUMMY_
  D:0093H         PUBLIC        P0M1
  D:0080H         PUBLIC        P0
  D:0090H         PUBLIC        P1
  D:00A0H         PUBLIC        P2
  D:00B0H         PUBLIC        P3
  D:00C0H         PUBLIC        P4
  D:00C8H         PUBLIC        P5
  B:0020H.0       PUBLIC        calib_mode
  D:00E8H         PUBLIC        P6
  D:00F8H         PUBLIC        P7
  D:00A8H         PUBLIC        IE
  C:36ABH         PUBLIC        Key_Scan
  D:00B8H         PUBLIC        IP
  D:00D8H         PUBLIC        CCON
  C:4D5AH         PUBLIC        KeyPad_IO_Init
  C:4C00H         PUBLIC        _Delay_ms
  D:0098H         PUBLIC        SCON
  D:0088H         PUBLIC        TCON
  B:0020H.1       PUBLIC        small_move
  B:0020H.2       PUBLIC        move
  B:0020H.3       PUBLIC        direction
  B:0020H.4       PUBLIC        auto_move
  C:30A4H         PUBLIC        Key_Process
  D:00D0H         PUBLIC        PSW
  D:0094H         PUBLIC        P0M0
  -------         PROC          _DELAY_MS
  D:0006H         SYMBOL        ms
  -------         DO            
  D:0004H         SYMBOL        De_Cnt
  -------         ENDDO         
  C:4C00H         LINE#         19
  C:4C00H         LINE#         20
  C:4C00H         LINE#         22
  C:4C0AH         LINE#         23
  C:4C0AH         LINE#         24
  C:4C1DH         LINE#         25
  C:4C1DH         LINE#         26
BL51 BANKED LINKER/LOCATER V6.22                                                      02/25/2019  11:50:19  PAGE 23


  -------         ENDPROC       _DELAY_MS
  -------         PROC          KEY_SCAN
  -------         DO            
  X:03C1H         SYMBOL        KeyTemp1
  X:03C2H         SYMBOL        KeyTemp2
  X:03C3H         SYMBOL        KeyValue
  -------         ENDDO         
  C:36ABH         LINE#         27
  C:36ABH         LINE#         28
  C:36ABH         LINE#         33
  C:36AEH         LINE#         36
  C:36B1H         LINE#         38
  C:36B9H         LINE#         39
  C:36C0H         LINE#         40
  C:36C0H         LINE#         42
  C:36C5H         LINE#         43
  C:36CCH         LINE#         44
  C:36CCH         LINE#         47
  C:36CFH         LINE#         48
  C:36D2H         LINE#         49
  C:36D7H         LINE#         50
  C:36DBH         LINE#         51
  C:36DBH         LINE#         52
  C:36E3H         LINE#         53
  C:36E3H         LINE#         54
  C:36E6H         LINE#         55
  C:36EEH         LINE#         56
  C:36F0H         LINE#         58
  C:3704H         LINE#         59
  C:3704H         LINE#         60
  C:3704H         LINE#         61
  C:3704H         LINE#         62
  C:370AH         LINE#         64
  C:370CH         LINE#         65
  C:370CH         LINE#         66
  C:370CH         LINE#         67
  C:3712H         LINE#         69
  C:3714H         LINE#         70
  C:3714H         LINE#         71
  C:3714H         LINE#         72
  C:371AH         LINE#         74
  C:371CH         LINE#         75
  C:371CH         LINE#         76
  C:371CH         LINE#         77
  C:3722H         LINE#         79
  C:3722H         LINE#         80
  C:3722H         LINE#         81
  C:3722H         LINE#         84
  C:3725H         LINE#         85
  C:3728H         LINE#         86
  C:3730H         LINE#         87
  C:3734H         LINE#         88
  C:3734H         LINE#         89
  C:373CH         LINE#         90
  C:373CH         LINE#         91
  C:373FH         LINE#         92
  C:3747H         LINE#         93
BL51 BANKED LINKER/LOCATER V6.22                                                      02/25/2019  11:50:19  PAGE 24


  C:3749H         LINE#         94
  C:375DH         LINE#         95
  C:375DH         LINE#         96
  C:375DH         LINE#         97
  C:375DH         LINE#         98
  C:3763H         LINE#         100
  C:3765H         LINE#         101
  C:3765H         LINE#         102
  C:3765H         LINE#         103
  C:376BH         LINE#         105
  C:376DH         LINE#         106
  C:376DH         LINE#         107
  C:376DH         LINE#         108
  C:3773H         LINE#         110
  C:3775H         LINE#         111
  C:3775H         LINE#         112
  C:3775H         LINE#         113
  C:377AH         LINE#         115
  C:377AH         LINE#         116
  C:377AH         LINE#         117
  C:377AH         LINE#         120
  C:377DH         LINE#         121
  C:3780H         LINE#         122
  C:3788H         LINE#         123
  C:378CH         LINE#         124
  C:378CH         LINE#         125
  C:3794H         LINE#         126
  C:3794H         LINE#         127
  C:3797H         LINE#         128
  C:379FH         LINE#         129
  C:37A1H         LINE#         130
  C:37B5H         LINE#         131
  C:37B5H         LINE#         132
  C:37B5H         LINE#         133
  C:37B5H         LINE#         134
  C:37BBH         LINE#         136
  C:37BDH         LINE#         137
  C:37BDH         LINE#         138
  C:37BDH         LINE#         139
  C:37C3H         LINE#         141
  C:37C5H         LINE#         142
  C:37C5H         LINE#         143
  C:37C5H         LINE#         144
  C:37CBH         LINE#         146
  C:37CDH         LINE#         147
  C:37CDH         LINE#         148
  C:37CDH         LINE#         149
  C:37D3H         LINE#         151
  C:37D3H         LINE#         152
  C:37D3H         LINE#         153
  C:37D3H         LINE#         157
  C:37D6H         LINE#         158
  C:37D9H         LINE#         159
  C:37E1H         LINE#         160
  C:37E5H         LINE#         161
  C:37E5H         LINE#         162
  C:37EDH         LINE#         163
BL51 BANKED LINKER/LOCATER V6.22                                                      02/25/2019  11:50:19  PAGE 25


  C:37EDH         LINE#         164
  C:37F0H         LINE#         165
  C:37F8H         LINE#         166
  C:37FAH         LINE#         167
  C:380EH         LINE#         168
  C:380EH         LINE#         169
  C:380EH         LINE#         170
  C:380EH         LINE#         171
  C:3814H         LINE#         173
  C:3816H         LINE#         174
  C:3816H         LINE#         175
  C:3816H         LINE#         176
  C:381CH         LINE#         178
  C:381EH         LINE#         179
  C:381EH         LINE#         180
  C:381EH         LINE#         181
  C:3824H         LINE#         183
  C:3826H         LINE#         184
  C:3826H         LINE#         185
  C:3826H         LINE#         186
  C:382CH         LINE#         188
  C:382CH         LINE#         189
  C:382CH         LINE#         190
  C:382CH         LINE#         192
  C:3832H         LINE#         193
  C:3832H         LINE#         195
  C:3832H         LINE#         196
  C:3835H         LINE#         197
  C:3835H         LINE#         198
  C:3835H         LINE#         200
  C:3835H         LINE#         201
  C:3837H         LINE#         202
  C:3837H         LINE#         203
  -------         ENDPROC       KEY_SCAN
  -------         PROC          KEY_PROCESS
  -------         DO            
  X:061AH         SYMBOL        KeyCount
  X:061CH         SYMBOL        KeyNum_Old
  X:061DH         SYMBOL        KeyNum
  X:061EH         SYMBOL        PressedKey
  X:03BBH         SYMBOL        d
  D:0004H         SYMBOL        hours
  D:0006H         SYMBOL        mins
  X:03BDH         SYMBOL        months
  X:03BFH         SYMBOL        days
  -------         ENDDO         
  C:30A4H         LINE#         204
  C:30A4H         LINE#         205
  C:30A4H         LINE#         209
  C:30ACH         LINE#         210
  C:30B4H         LINE#         212
  C:30B7H         LINE#         213
  C:30B7H         LINE#         214
  C:30BAH         LINE#         216
  C:30BAH         LINE#         217
  C:30C7H         LINE#         218
  C:30C7H         LINE#         219
BL51 BANKED LINKER/LOCATER V6.22                                                      02/25/2019  11:50:19  PAGE 26


  C:30CAH         LINE#         220
  C:30CDH         LINE#         222
  C:30D0H         LINE#         224
  C:30D0H         LINE#         225
  C:30DBH         LINE#         226
  C:30DBH         LINE#         227
  C:30DEH         LINE#         229
  C:30DEH         LINE#         230
  C:30E5H         LINE#         231
  C:30E5H         LINE#         232
  C:30E8H         LINE#         234
  C:30E8H         LINE#         235
  C:30F0H         LINE#         236
  C:30F0H         LINE#         237
  C:30FAH         LINE#         238
  C:3102H         LINE#         240
  C:310BH         LINE#         242
  C:310BH         LINE#         251
  C:3120H         LINE#         252
  C:3120H         LINE#         253
  C:3132H         LINE#         254
  C:3140H         LINE#         255
  C:314FH         LINE#         256
  C:314FH         LINE#         258
  C:3155H         LINE#         262
  C:316BH         LINE#         263
  C:317CH         LINE#         264
  C:3197H         LINE#         265
  C:3197H         LINE#         266
  C:31A7H         LINE#         267
  C:31B8H         LINE#         268
  C:31B8H         LINE#         272
  C:31D1H         LINE#         273
  C:31E8H         LINE#         274
  C:3208H         LINE#         275
  C:3208H         LINE#         276
  C:3212H         LINE#         277
  C:3212H         LINE#         278
  C:321BH         LINE#         279
  C:321BH         LINE#         280
  C:322FH         LINE#         281
  C:322FH         LINE#         282
  C:322FH         LINE#         283
  C:322FH         LINE#         284
  C:322FH         LINE#         285
  C:3231H         LINE#         287
  C:3231H         LINE#         288
  C:323DH         LINE#         289
  C:323DH         LINE#         290
  C:324EH         LINE#         291
  C:324EH         LINE#         292
  C:324EH         LINE#         293
  C:324EH         LINE#         294
  C:324EH         LINE#         296
  C:3250H         LINE#         298
  C:3250H         LINE#         299
  C:3261H         LINE#         300
BL51 BANKED LINKER/LOCATER V6.22                                                      02/25/2019  11:50:19  PAGE 27


  C:3261H         LINE#         301
  C:3261H         LINE#         302
  C:3261H         LINE#         303
  C:3261H         LINE#         305
  C:3261H         LINE#         307
  C:3261H         LINE#         308
  C:3263H         LINE#         310
  C:3263H         LINE#         311
  C:3276H         LINE#         312
  C:3276H         LINE#         313
  C:3287H         LINE#         314
  C:3287H         LINE#         315
  C:3287H         LINE#         316
  C:3287H         LINE#         317
  C:3287H         LINE#         318
  C:3289H         LINE#         320
  C:3289H         LINE#         321
  C:329AH         LINE#         322
  C:329AH         LINE#         323
  C:32ABH         LINE#         324
  C:32BCH         LINE#         325
  C:32BCH         LINE#         326
  C:32BCH         LINE#         327
  C:32BCH         LINE#         328
  C:32BCH         LINE#         329
  C:32BFH         LINE#         330
  C:32C4H         LINE#         331
  C:32C9H         LINE#         332
  C:32CEH         LINE#         333
  C:32D3H         LINE#         334
  C:32D8H         LINE#         335
  C:32DDH         LINE#         336
  C:32E2H         LINE#         337
  C:32E2H         LINE#         339
  C:3304H         LINE#         340
  C:3304H         LINE#         341
  C:330EH         LINE#         342
  C:330EH         LINE#         343
  C:3313H         LINE#         344
  C:331CH         LINE#         345
  C:3333H         LINE#         346
  C:3333H         LINE#         347
  C:3343H         LINE#         349
  C:3343H         LINE#         353
  -------         ENDPROC       KEY_PROCESS
  -------         PROC          KEYPAD_IO_INIT
  C:4D5AH         LINE#         356
  C:4D5AH         LINE#         357
  C:4D5AH         LINE#         358
  C:4D5DH         LINE#         359
  C:4D60H         LINE#         360
  C:4D63H         LINE#         361
  C:4D65H         LINE#         362
  -------         ENDPROC       KEYPAD_IO_INIT
  -------         ENDMOD        KEYPAD

  -------         MODULE        BIPOLARMOTOR
BL51 BANKED LINKER/LOCATER V6.22                                                      02/25/2019  11:50:19  PAGE 28


  C:0000H         SYMBOL        _ICE_DUMMY_
  D:0080H         PUBLIC        P0
  D:0090H         PUBLIC        P1
  X:0000H         PUBLIC        RX_pos_test
  D:00A0H         PUBLIC        P2
  D:00B0H         PUBLIC        P3
  D:00C0H         PUBLIC        P4
  D:00C8H         PUBLIC        P5
  D:00E8H         PUBLIC        P6
  D:00F8H         PUBLIC        P7
  X:00A0H         PUBLIC        low_date_azimuth_mapping
  D:00A8H         PUBLIC        IE
  C:40AEH         PUBLIC        linear_interpolate
  C:4B2EH         PUBLIC        _Move
  D:00B8H         PUBLIC        IP
  C:3377H         PUBLIC        _findDet3x3
  C:2DE4H         PUBLIC        _findDet4x4
  D:00D8H         PUBLIC        CCON
  X:00C8H         PUBLIC        previous_move_time
  D:0098H         PUBLIC        SCON
  D:0088H         PUBLIC        TCON
  C:4D96H         PUBLIC        wait
  C:49FEH         PUBLIC        _Step_move
  X:00C9H         PUBLIC        dat
  C:000EH         PUBLIC        _Update_position
  C:48E6H         PUBLIC        vOneStepMove
  X:00CFH         PUBLIC        elevation_stamp
  X:010BH         PUBLIC        date_azimuth_mapping
  X:0133H         PUBLIC        RX_pos
  C:4C45H         PUBLIC        _BCDtoDec1
  X:038BH         PUBLIC        degree
  D:00D0H         PUBLIC        PSW
  -------         PROC          L?0062
  -------         ENDPROC       L?0062
  -------         PROC          _BCDTODEC1
  D:0007H         SYMBOL        bcd
  -------         DO            
  D:0006H         SYMBOL        hi
  D:0007H         SYMBOL        lo
  -------         ENDDO         
  C:4C45H         LINE#         28
  C:4C45H         LINE#         29
  C:4C45H         LINE#         31
  C:4C4AH         LINE#         32
  C:4C4EH         LINE#         33
  C:4C55H         LINE#         34
  -------         ENDPROC       _BCDTODEC1
  -------         PROC          WAIT
  C:4D96H         LINE#         36
  C:4D96H         LINE#         38
  -------         ENDPROC       WAIT
  -------         PROC          VONESTEPMOVE
  B:0020H.7       SYMBOL        bDir
  C:48E6H         LINE#         40
  C:48E6H         LINE#         41
  C:48E6H         LINE#         43
  C:48ECH         LINE#         44
BL51 BANKED LINKER/LOCATER V6.22                                                      02/25/2019  11:50:19  PAGE 29


  C:48ECH         LINE#         45
  C:48EFH         LINE#         46
  C:48F8H         LINE#         47
  C:48FFH         LINE#         48
  C:4904H         LINE#         49
  C:4904H         LINE#         50
  C:4904H         LINE#         52
  C:4906H         LINE#         55
  C:4906H         LINE#         56
  C:4909H         LINE#         57
  C:4912H         LINE#         58
  C:4919H         LINE#         59
  C:491FH         LINE#         60
  C:4928H         LINE#         61
  C:492FH         LINE#         62
  C:492FH         LINE#         66
  -------         ENDPROC       VONESTEPMOVE
  -------         PROC          _STEP_MOVE
  X:0479H         SYMBOL        step
  B:0020H.6       SYMBOL        dir
  -------         DO            
  X:047BH         SYMBOL        i
  -------         ENDDO         
  C:49FEH         LINE#         68
  C:4A06H         LINE#         69
  C:4A06H         LINE#         71
  C:4A0BH         LINE#         74
  C:4A26H         LINE#         75
  C:4A26H         LINE#         76
  C:4A2DH         LINE#         78
  C:4A3DH         LINE#         80
  -------         ENDPROC       _STEP_MOVE
  -------         PROC          _MOVE
  X:0475H         SYMBOL        distance
  B:0020H.5       SYMBOL        direction
  -------         DO            
  D:0006H         SYMBOL        step
  -------         ENDDO         
  C:4B2EH         LINE#         82
  C:4B34H         LINE#         83
  C:4B34H         LINE#         86
  C:4B4FH         LINE#         87
  -------         ENDPROC       _MOVE
  C:3358H         SYMBOL        L?0058
  C:336CH         SYMBOL        L?0059
  -------         PROC          L?0057
  -------         ENDPROC       L?0057
  C:3358H         SYMBOL        L?0058
  C:336CH         SYMBOL        L?0059
  -------         PROC          _FINDDET3X3
  X:05F6H         SYMBOL        a11
  X:05FAH         SYMBOL        a12
  X:05FEH         SYMBOL        a13
  X:0602H         SYMBOL        a21
  X:0606H         SYMBOL        a22
  X:060AH         SYMBOL        a23
  X:060EH         SYMBOL        a31
BL51 BANKED LINKER/LOCATER V6.22                                                      02/25/2019  11:50:19  PAGE 30


  X:0612H         SYMBOL        a32
  X:0616H         SYMBOL        a33
  C:3377H         LINE#         91
  C:337DH         LINE#         95
  C:337DH         LINE#         96
  C:3514H         LINE#         98
  -------         ENDPROC       _FINDDET3X3
  -------         PROC          _FINDDET4X4
  X:05B6H         SYMBOL        a11
  X:05BAH         SYMBOL        a12
  X:05BEH         SYMBOL        a13
  X:05C2H         SYMBOL        a14
  X:05C6H         SYMBOL        a21
  X:05CAH         SYMBOL        a22
  X:05CEH         SYMBOL        a23
  X:05D2H         SYMBOL        a24
  X:05D6H         SYMBOL        a31
  X:05DAH         SYMBOL        a32
  X:05DEH         SYMBOL        a33
  X:05E2H         SYMBOL        a34
  X:05E6H         SYMBOL        a41
  X:05EAH         SYMBOL        a42
  X:05EEH         SYMBOL        a43
  X:05F2H         SYMBOL        a44
  C:2DE4H         LINE#         99
  C:2DEAH         LINE#         103
  C:2DEAH         LINE#         110
  C:30A3H         LINE#         114
  -------         ENDPROC       _FINDDET4X4
  C:409DH         SYMBOL        L?0061
  -------         PROC          L?0060
  -------         ENDPROC       L?0060
  C:409DH         SYMBOL        L?0061
  -------         PROC          LINEAR_INTERPOLATE
  X:0475H         SYMBOL        p1
  X:047DH         SYMBOL        p2
  X:0485H         SYMBOL        x
  -------         DO            
  D:0004H         SYMBOL        fx
  -------         ENDDO         
  C:40AEH         LINE#         120
  C:40AEH         LINE#         121
  C:40AEH         LINE#         124
  C:414DH         LINE#         126
  C:414DH         LINE#         127
  -------         ENDPROC       LINEAR_INTERPOLATE
  -------         PROC          _UPDATE_POSITION
  D:0001H         SYMBOL        mnths
  D:0002H         SYMBOL        dys
  X:03D8H         SYMBOL        hurs
  X:03D9H         SYMBOL        mns
  X:03DAH         SYMBOL        sconds
  X:03DBH         SYMBOL        currnt_pos
  X:03DEH         SYMBOL        offset_calib
  -------         DO            
  X:03E2H         SYMBOL        date
  X:03E4H         SYMBOL        i
BL51 BANKED LINKER/LOCATER V6.22                                                      02/25/2019  11:50:19  PAGE 31


  X:03E6H         SYMBOL        yy
  X:03E8H         SYMBOL        desired_distance
  X:03ECH         SYMBOL        distance
  X:03F0H         SYMBOL        JP_pos
  X:03F4H         SYMBOL        pos_interpolate_azimuth
  X:0430H         SYMBOL        current_local_sun_time
  X:0434H         SYMBOL        azimuth
  X:0438H         SYMBOL        elevation
  X:043CH         SYMBOL        time_offset
  X:0440H         SYMBOL        UTC_time
  X:0444H         SYMBOL        declination
  X:0448H         SYMBOL        p1
  X:0450H         SYMBOL        p2
  X:0458H         SYMBOL        time
  X:046AH         SYMBOL        location
  X:0472H         SYMBOL        sunCoord
  -------         ENDDO         
  C:000EH         LINE#         131
  C:0017H         LINE#         134
  C:0017H         LINE#         135
  C:0022H         LINE#         137
  C:003EH         LINE#         138
  C:0048H         LINE#         146
  C:0052H         LINE#         147
  C:005CH         LINE#         148
  C:0066H         LINE#         149
  C:0071H         LINE#         150
  C:007CH         LINE#         151
  C:0095H         LINE#         152
  C:00A6H         LINE#         153
  C:00B5H         LINE#         156
  C:00C9H         LINE#         160
  C:011BH         LINE#         161
  C:027FH         LINE#         162
  C:02CFH         LINE#         164
  C:03F7H         LINE#         166
  C:04C6H         LINE#         173
  C:050DH         LINE#         174
  C:050DH         LINE#         176
  C:0527H         LINE#         177
  C:0527H         LINE#         178
  C:0597H         LINE#         179
  C:0597H         LINE#         180
  C:059EH         LINE#         181
  C:059EH         LINE#         182
  C:05CBH         LINE#         183
  C:05E6H         LINE#         185
  C:062DH         LINE#         186
  C:0661H         LINE#         188
  C:06A7H         LINE#         189
  C:06CAH         LINE#         191
  C:06CAH         LINE#         193
  C:0740H         LINE#         194
  C:0740H         LINE#         195
  C:0747H         LINE#         196
  C:0747H         LINE#         197
  C:0774H         LINE#         198
BL51 BANKED LINKER/LOCATER V6.22                                                      02/25/2019  11:50:19  PAGE 32


  C:078FH         LINE#         200
  C:07D6H         LINE#         201
  C:080AH         LINE#         203
  C:0850H         LINE#         204
  C:0870H         LINE#         206
  C:0870H         LINE#         207
  C:0881H         LINE#         210
  C:089BH         LINE#         211
  C:089BH         LINE#         212
  C:090BH         LINE#         213
  C:090BH         LINE#         214
  C:0938H         LINE#         215
  C:0953H         LINE#         217
  C:0980H         LINE#         218
  C:099BH         LINE#         220
  C:09CDH         LINE#         223
  C:09CDH         LINE#         225
  C:09DEH         LINE#         227
  C:0A0DH         LINE#         229
  C:0A32H         LINE#         230
  C:0A97H         LINE#         231
  C:0A97H         LINE#         232
  C:0AB1H         LINE#         233
  C:0AC3H         LINE#         234
  C:0ADBH         LINE#         235
  C:0AF1H         LINE#         237
  C:0B0DH         LINE#         238
  C:0B0DH         LINE#         239
  C:0B0DH         LINE#         242
  -------         ENDPROC       _UPDATE_POSITION
  -------         ENDMOD        BIPOLARMOTOR

  -------         MODULE        SUNPOS
  C:0000H         SYMBOL        _ICE_DUMMY_
  C:1F40H         PUBLIC        sunpos
  -------         PROC          SUNPOS
  X:0475H         SYMBOL        udtTime
  X:0487H         SYMBOL        udtLocation
  X:048FH         SYMBOL        udtSunCoordinates
  -------         DO            
  X:0492H         SYMBOL        dElapsedJulianDays
  X:0496H         SYMBOL        dDecimalHours
  X:049AH         SYMBOL        dEclipticLongitude
  X:049EH         SYMBOL        dEclipticObliquity
  X:04A2H         SYMBOL        dRightAscension
  X:04A6H         SYMBOL        dDeclination
  X:04AAH         SYMBOL        dY
  X:04AEH         SYMBOL        dX
  -------         DO            
  X:04B2H         SYMBOL        dJulianDate
  X:04B6H         SYMBOL        liAux1
  X:04BAH         SYMBOL        liAux2
  X:04B2H         SYMBOL        dMeanLongitude
  X:04B6H         SYMBOL        dMeanAnomaly
  X:04BAH         SYMBOL        dOmega
  X:04B2H         SYMBOL        dSin_EclipticLongitude
  X:04B2H         SYMBOL        dGreenwichMeanSiderealTime
BL51 BANKED LINKER/LOCATER V6.22                                                      02/25/2019  11:50:19  PAGE 33


  X:04B6H         SYMBOL        dLocalMeanSiderealTime
  X:04BAH         SYMBOL        dLatitudeInRadians
  X:04BEH         SYMBOL        dHourAngle
  X:04C2H         SYMBOL        dCos_Latitude
  X:04C6H         SYMBOL        dSin_Latitude
  X:04CAH         SYMBOL        dCos_HourAngle
  X:04CEH         SYMBOL        dParallax
  -------         ENDDO         
  -------         DO            
  X:04B2H         SYMBOL        dMeanLongitude
  X:04B6H         SYMBOL        dMeanAnomaly
  X:04BAH         SYMBOL        dOmega
  X:04B2H         SYMBOL        dSin_EclipticLongitude
  X:04B2H         SYMBOL        dGreenwichMeanSiderealTime
  X:04B6H         SYMBOL        dLocalMeanSiderealTime
  X:04BAH         SYMBOL        dLatitudeInRadians
  X:04BEH         SYMBOL        dHourAngle
  X:04C2H         SYMBOL        dCos_Latitude
  X:04C6H         SYMBOL        dSin_Latitude
  X:04CAH         SYMBOL        dCos_HourAngle
  X:04CEH         SYMBOL        dParallax
  -------         ENDDO         
  -------         DO            
  X:04B2H         SYMBOL        dSin_EclipticLongitude
  X:04B2H         SYMBOL        dGreenwichMeanSiderealTime
  X:04B6H         SYMBOL        dLocalMeanSiderealTime
  X:04BAH         SYMBOL        dLatitudeInRadians
  X:04BEH         SYMBOL        dHourAngle
  X:04C2H         SYMBOL        dCos_Latitude
  X:04C6H         SYMBOL        dSin_Latitude
  X:04CAH         SYMBOL        dCos_HourAngle
  X:04CEH         SYMBOL        dParallax
  -------         ENDDO         
  -------         DO            
  X:04B2H         SYMBOL        dGreenwichMeanSiderealTime
  X:04B6H         SYMBOL        dLocalMeanSiderealTime
  X:04BAH         SYMBOL        dLatitudeInRadians
  X:04BEH         SYMBOL        dHourAngle
  X:04C2H         SYMBOL        dCos_Latitude
  X:04C6H         SYMBOL        dSin_Latitude
  X:04CAH         SYMBOL        dCos_HourAngle
  X:04CEH         SYMBOL        dParallax
  -------         ENDDO         
  -------         ENDDO         
  C:1F40H         LINE#         6
  C:1F40H         LINE#         7
  C:1F40H         LINE#         9
  C:1F40H         LINE#         27
  C:1F8AH         LINE#         30
  C:1FABH         LINE#         31
  C:20F2H         LINE#         34
  C:213EH         LINE#         36
  C:215DH         LINE#         37
  C:215DH         LINE#         42
  C:215DH         LINE#         46
  C:218FH         LINE#         47
  C:21B9H         LINE#         48
BL51 BANKED LINKER/LOCATER V6.22                                                      02/25/2019  11:50:19  PAGE 34


  C:21E3H         LINE#         49
  C:2290H         LINE#         52
  C:22F1H         LINE#         54
  C:22F1H         LINE#         59
  C:22F1H         LINE#         61
  C:2308H         LINE#         62
  C:2330H         LINE#         63
  C:2347H         LINE#         64
  C:2372H         LINE#         65
  C:23A9H         LINE#         66
  C:23D4H         LINE#         67
  C:23D4H         LINE#         70
  C:23D4H         LINE#         79
  C:240FH         LINE#         82
  C:2449H         LINE#         84
  C:246EH         LINE#         85
  C:248DH         LINE#         86
  C:24A4H         LINE#         87
  C:24BBH         LINE#         88
  C:24D2H         LINE#         89
  C:255BH         LINE#         91
  C:2575H         LINE#         92
  C:25D7H         LINE#         93
  C:260DH         LINE#         94
  C:261FH         LINE#         95
  C:264CH         LINE#         96
  C:2679H         LINE#         98
  C:269BH         LINE#         100
  C:26D3H         LINE#         103
  C:26D3H         LINE#         104
  C:26E1H         LINE#         105
  -------         ENDPROC       SUNPOS
  -------         ENDMOD        SUNPOS

  -------         MODULE        ADC
  C:0000H         SYMBOL        _ICE_DUMMY_
  D:0092H         PUBLIC        P1M0
  D:0091H         PUBLIC        P1M1
  D:0080H         PUBLIC        P0
  D:0090H         PUBLIC        P1
  D:00A0H         PUBLIC        P2
  D:00B0H         PUBLIC        P3
  D:00C0H         PUBLIC        P4
  D:00C8H         PUBLIC        P5
  D:00E8H         PUBLIC        P6
  D:00F8H         PUBLIC        P7
  D:00A8H         PUBLIC        IE
  D:00BDH         PUBLIC        ADC_RES
[...]
  C:3F2DH         LINE#         127
  C:3F46H         LINE#         129
  C:3F65H         LINE#         131
  C:3F6CH         LINE#         132
  C:3F6CH         LINE#         133
  C:3F6EH         LINE#         134
  C:3F71H         LINE#         135
  C:3F78H         LINE#         136
  C:3F78H         LINE#         137
  C:3F7AH         LINE#         138
  C:3F7CH         LINE#         140
  C:3F7CH         LINE#         141
BL51 BANKED LINKER/LOCATER V6.22                                                      02/25/2019  11:50:19  PAGE 45


  C:3F7EH         LINE#         143
  C:3F7EH         LINE#         144
  C:3F7EH         LINE#         145
  C:3F7EH         LINE#         146
  C:3F81H         LINE#         147
  C:3F88H         LINE#         149
  C:3FA7H         LINE#         151
  C:3FA9H         LINE#         152
  -------         ENDPROC       _AT25SF041_WRITE
  -------         PROC          _AT25SF041_READ
  D:0003H         SYMBOL        opcode
  X:0624H         SYMBOL        addr
  -------         DO            
  X:0628H         SYMBOL        dat
  X:0629H         SYMBOL        i
  -------         ENDDO         
  C:3DAFH         LINE#         156
  C:3DB1H         LINE#         157
  C:3DB1H         LINE#         158
  C:3DB6H         LINE#         160
  C:3DB8H         LINE#         161
  C:3DBEH         LINE#         165
  C:3DC3H         LINE#         166
  C:3DC3H         LINE#         167
  C:3DC5H         LINE#         168
  C:3DC8H         LINE#         169
  C:3DCCH         LINE#         170
  C:3DCCH         LINE#         171
  C:3DCEH         LINE#         172
  C:3DD0H         LINE#         174
  C:3DD0H         LINE#         175
  C:3DD2H         LINE#         177
  C:3DD2H         LINE#         178
  C:3DD2H         LINE#         179
  C:3DD2H         LINE#         180
  C:3DD5H         LINE#         181
  C:3DD9H         LINE#         184
  C:3DF8H         LINE#         186
  C:3DFFH         LINE#         187
  C:3DFFH         LINE#         188
  C:3E01H         LINE#         189
  C:3E04H         LINE#         190
  C:3E1DH         LINE#         191
  C:3E1DH         LINE#         192
  C:3E1FH         LINE#         193
  C:3E21H         LINE#         195
  C:3E21H         LINE#         196
  C:3E23H         LINE#         198
  C:3E23H         LINE#         199
  C:3E23H         LINE#         200
  C:3E23H         LINE#         201
  C:3E26H         LINE#         202
  C:3E3FH         LINE#         204
  C:3E5EH         LINE#         207
  C:3E65H         LINE#         209
  C:3E67H         LINE#         210
  C:3E6EH         LINE#         212
BL51 BANKED LINKER/LOCATER V6.22                                                      02/25/2019  11:50:19  PAGE 46


  C:3E75H         LINE#         213
  C:3E75H         LINE#         214
  C:3E7CH         LINE#         215
  C:3E7CH         LINE#         216
  C:3E7FH         LINE#         217
  C:3E81H         LINE#         218
  C:3E84H         LINE#         220
  C:3E87H         LINE#         221
  C:3E87H         LINE#         223
  C:3E8BH         LINE#         224
  C:3E8BH         LINE#         230
  C:3EAAH         LINE#         233
  C:3EACH         LINE#         234
  C:3EAFH         LINE#         235
  C:3EB4H         LINE#         237
  -------         ENDPROC       _AT25SF041_READ
  -------         PROC          READ_STATUS_REGISTER_BYTE1
  -------         DO            
  D:0003H         SYMBOL        dat
  D:0001H         SYMBOL        opcode
  X:03CBH         SYMBOL        count
  X:03CCH         SYMBOL        i
  -------         ENDDO         
  C:4362H         LINE#         241
  C:4362H         LINE#         242
  C:4362H         LINE#         243
  C:4368H         LINE#         244
  C:436CH         LINE#         245
  C:436EH         LINE#         246
  C:4370H         LINE#         247
  C:4376H         LINE#         251
  C:437DH         LINE#         252
  C:437DH         LINE#         253
  C:437FH         LINE#         254
  C:4382H         LINE#         255
  C:4386H         LINE#         256
  C:4386H         LINE#         257
  C:4388H         LINE#         258
  C:438AH         LINE#         260
  C:438AH         LINE#         261
  C:438CH         LINE#         263
  C:438CH         LINE#         264
  C:438CH         LINE#         265
  C:438CH         LINE#         266
  C:438FH         LINE#         267
  C:4393H         LINE#         270
  C:43B2H         LINE#         274
  C:43B9H         LINE#         276
  C:43BBH         LINE#         277
  C:43C2H         LINE#         278
  C:43C9H         LINE#         279
  C:43C9H         LINE#         280
  C:43CDH         LINE#         281
  C:43CDH         LINE#         282
  C:43D0H         LINE#         283
  C:43D2H         LINE#         284
  C:43D5H         LINE#         286
BL51 BANKED LINKER/LOCATER V6.22                                                      02/25/2019  11:50:19  PAGE 47


  C:43D8H         LINE#         287
  C:43D8H         LINE#         289
  C:43DCH         LINE#         290
  C:43DCH         LINE#         292
  C:43FBH         LINE#         296
  C:43FDH         LINE#         297
  C:4400H         LINE#         298
  C:4402H         LINE#         299
  -------         ENDPROC       READ_STATUS_REGISTER_BYTE1
  -------         PROC          SPI_NOR_WRITE_DATA
  X:03BBH         SYMBOL        dat
  X:03C6H         SYMBOL        addr
  C:3515H         LINE#         301
  C:3515H         LINE#         302
  C:3515H         LINE#         304
  C:3515H         LINE#         305
  C:3518H         LINE#         307
  C:351BH         LINE#         308
  C:3522H         LINE#         309
  C:3522H         LINE#         310
  C:3525H         LINE#         312
  C:353FH         LINE#         313
  C:355DH         LINE#         315
  C:3564H         LINE#         316
  C:3567H         LINE#         318
  C:3581H         LINE#         319
  C:3581H         LINE#         320
  C:3581H         LINE#         323
  C:3584H         LINE#         325
  C:359EH         LINE#         326
  C:359EH         LINE#         327
  C:359EH         LINE#         329
  C:35A1H         LINE#         331
  C:35BBH         LINE#         332
  C:35BBH         LINE#         333
  C:35BBH         LINE#         335
  C:35BEH         LINE#         337
  C:35D8H         LINE#         338
  C:35D8H         LINE#         339
  C:35D8H         LINE#         341
  C:35DBH         LINE#         343
  C:35F5H         LINE#         344
  C:35F5H         LINE#         345
  C:35F5H         LINE#         347
  C:35F8H         LINE#         349
  C:3612H         LINE#         350
  C:3612H         LINE#         351
  C:3612H         LINE#         353
  C:3615H         LINE#         355
  C:362FH         LINE#         356
  C:362FH         LINE#         357
  C:362FH         LINE#         359
  C:3632H         LINE#         361
  C:364CH         LINE#         362
  C:364CH         LINE#         363
  C:364CH         LINE#         365
  C:364FH         LINE#         367
BL51 BANKED LINKER/LOCATER V6.22                                                      02/25/2019  11:50:19  PAGE 48


  C:3669H         LINE#         368
  C:3669H         LINE#         369
  C:3669H         LINE#         371
  C:366CH         LINE#         373
  C:3686H         LINE#         374
  C:368DH         LINE#         375
  -------         ENDPROC       SPI_NOR_WRITE_DATA
  -------         ENDMOD        AT25SF041

  -------         MODULE        ?C_STARTUP
  C:45D1H         SEGMENT       ?C_C51STARTUP
  I:0022H         SEGMENT       ?STACK
  C:0000H         PUBLIC        ?C_STARTUP
  D:00E0H         SYMBOL        ACC
  D:00F0H         SYMBOL        B
  D:0083H         SYMBOL        DPH
  D:0082H         SYMBOL        DPL
  N:0000H         SYMBOL        IBPSTACK
  N:0100H         SYMBOL        IBPSTACKTOP
  N:0080H         SYMBOL        IDATALEN
  C:45D4H         SYMBOL        IDATALOOP
  N:0000H         SYMBOL        PBPSTACK
  N:0100H         SYMBOL        PBPSTACKTOP
  N:0000H         SYMBOL        PDATALEN
  N:0000H         SYMBOL        PDATASTART
  N:0000H         SYMBOL        PPAGE
  N:0000H         SYMBOL        PPAGEENABLE
  D:00A0H         SYMBOL        PPAGE_SFR
  D:0081H         SYMBOL        SP
  C:45D1H         SYMBOL        STARTUP1
  N:0000H         SYMBOL        XBPSTACK
  N:0000H         SYMBOL        XBPSTACKTOP
  N:0000H         SYMBOL        XDATALEN
  N:0000H         SYMBOL        XDATASTART
  C:0000H         LINE#         126
  C:45D1H         LINE#         133
  C:45D3H         LINE#         134
  C:45D4H         LINE#         135
  C:45D5H         LINE#         136
  C:45D7H         LINE#         185
  C:45DAH         LINE#         196
  -------         ENDMOD        ?C_STARTUP

  -------         MODULE        ?C?FPADD
  C:1591H         PUBLIC        ?C?FPADD
  C:158DH         PUBLIC        ?C?FPSUB
  -------         ENDMOD        ?C?FPADD

  -------         MODULE        ?C?FPMUL
  C:1682H         PUBLIC        ?C?FPMUL
  -------         ENDMOD        ?C?FPMUL

  -------         MODULE        ?C?FPDIV
  C:178BH         PUBLIC        ?C?FPDIV
  -------         ENDMOD        ?C?FPDIV

  -------         MODULE        ?C?FPCMP
BL51 BANKED LINKER/LOCATER V6.22                                                      02/25/2019  11:50:19  PAGE 49


  C:182AH         PUBLIC        ?C?FPCMP
  C:1828H         PUBLIC        ?C?FPCMP3
  -------         ENDMOD        ?C?FPCMP

  -------         MODULE        ?C?FPNEG
  C:18A1H         PUBLIC        ?C?FPNEG
  -------         ENDMOD        ?C?FPNEG

  -------         MODULE        ?C?FCAST
  C:18BCH         PUBLIC        ?C?FCASTC
  C:18B7H         PUBLIC        ?C?FCASTI
  C:18B2H         PUBLIC        ?C?FCASTL
  -------         ENDMOD        ?C?FCAST

  -------         MODULE        ?C?CASTF
  C:18F0H         PUBLIC        ?C?CASTF
  -------         ENDMOD        ?C?CASTF

  -------         MODULE        ATAN2
  X:04D2H         PUBLIC        ?_atan2?BYTE
  C:4403H         PUBLIC        _atan2
  -------         ENDMOD        ATAN2

  -------         MODULE        SIN
  C:3880H         PUBLIC        _COS
  C:3896H         PUBLIC        _SIN
  C:38D2H         PUBLIC        _TAN
  -------         ENDMOD        SIN

  -------         MODULE        ACOS
  C:4930H         PUBLIC        _ACOS
  -------         ENDMOD        ACOS

  -------         MODULE        ASIN
  C:4A3EH         PUBLIC        _ASIN
  -------         ENDMOD        ASIN

  -------         MODULE        SQRT
  C:42BAH         PUBLIC        _SQRT
  -------         ENDMOD        SQRT

  -------         MODULE        ATAN
  C:3CADH         PUBLIC        _ATAN
  -------         ENDMOD        ATAN

  -------         MODULE        ?C?COPY
  C:1A8EH         PUBLIC        ?C?COPY
  -------         ENDMOD        ?C?COPY

  -------         MODULE        ?C?CLDPTR
  C:1AB4H         PUBLIC        ?C?CLDPTR
  -------         ENDMOD        ?C?CLDPTR

  -------         MODULE        ?C?CLDOPTR
  C:1ACDH         PUBLIC        ?C?CLDOPTR
  -------         ENDMOD        ?C?CLDOPTR

BL51 BANKED LINKER/LOCATER V6.22                                                      02/25/2019  11:50:19  PAGE 50


  -------         MODULE        ?C?CSTPTR
  C:1AFAH         PUBLIC        ?C?CSTPTR
  -------         ENDMOD        ?C?CSTPTR

  -------         MODULE        ?C?IMUL
  C:1B0CH         PUBLIC        ?C?IMUL
  -------         ENDMOD        ?C?IMUL

  -------         MODULE        ?C?UIDIV
  C:1B1EH         PUBLIC        ?C?UIDIV
  -------         ENDMOD        ?C?UIDIV

  -------         MODULE        ?C?SIDIV
  C:1B73H         PUBLIC        ?C?SIDIV
  -------         ENDMOD        ?C?SIDIV

  -------         MODULE        ?C?ILDIX
  C:1BA9H         PUBLIC        ?C?ILDIX
  -------         ENDMOD        ?C?ILDIX

  -------         MODULE        ?C?ILDOPTR
  C:1BBFH         PUBLIC        ?C?ILDOPTR
  -------         ENDMOD        ?C?ILDOPTR

  -------         MODULE        ?C?ISTPTR
  C:1BF7H         PUBLIC        ?C?ISTPTR
  -------         ENDMOD        ?C?ISTPTR

  -------         MODULE        ?C?LMUL
  C:1C16H         PUBLIC        ?C?LMUL
  -------         ENDMOD        ?C?LMUL

  -------         MODULE        ?C?SLDIV
  C:497AH         PUBLIC        ?C?SLDIV
  -------         ENDMOD        ?C?SLDIV

  -------         MODULE        ?C?LNEG
  C:1C65H         PUBLIC        ?C?LNEG
  -------         ENDMOD        ?C?LNEG

  -------         MODULE        ?C?ULCMP
  C:1C73H         PUBLIC        ?C?ULCMP
  -------         ENDMOD        ?C?ULCMP

  -------         MODULE        ?C?LSHL
  C:1C84H         PUBLIC        ?C?LSHL
  -------         ENDMOD        ?C?LSHL

  -------         MODULE        ?C?LLDPTR
  C:1C97H         PUBLIC        ?C?LLDPTR
  -------         ENDMOD        ?C?LLDPTR

  -------         MODULE        ?C?LLDOPTR
  C:1CB7H         PUBLIC        ?C?LLDOPTR
  -------         ENDMOD        ?C?LLDOPTR

  -------         MODULE        ?C?LSTPTR
BL51 BANKED LINKER/LOCATER V6.22                                                      02/25/2019  11:50:19  PAGE 51


  C:1CE7H         PUBLIC        ?C?LSTPTR
  -------         ENDMOD        ?C?LSTPTR

  -------         MODULE        ?C?LSTOPTR
  C:1D01H         PUBLIC        ?C?LSTOPTR
  -------         ENDMOD        ?C?LSTOPTR

  -------         MODULE        ?C?LLDXDATA
  C:1D25H         PUBLIC        ?C?LLDXDATA
  -------         ENDMOD        ?C?LLDXDATA

  -------         MODULE        ?C?LLDCODE
  C:1D31H         PUBLIC        ?C?LLDCODE
  -------         ENDMOD        ?C?LLDCODE

  -------         MODULE        ?C?LLDXDATA0
  C:1D41H         PUBLIC        ?C?LLDXDATA0
  -------         ENDMOD        ?C?LLDXDATA0

  -------         MODULE        ?C?LLDCODE0
  C:1D4DH         PUBLIC        ?C?LLDCODE0
  -------         ENDMOD        ?C?LLDCODE0

  -------         MODULE        ?C?LLDPTR0
  C:1D5DH         PUBLIC        ?C?LLDPTR0
  -------         ENDMOD        ?C?LLDPTR0

  -------         MODULE        ?C?LSTXDATA
  C:1D7DH         PUBLIC        ?C?LSTXDATA
  -------         ENDMOD        ?C?LSTXDATA

  -------         MODULE        ?C?LSTKXDATA
  C:1D89H         PUBLIC        ?C?LSTKXDATA
  -------         ENDMOD        ?C?LSTKXDATA

  -------         MODULE        ?C?LSTKPTR
  C:1DBAH         PUBLIC        ?C?LSTKPTR
  -------         ENDMOD        ?C?LSTKPTR

  -------         MODULE        ?C?OFFXADD
  C:1DD4H         PUBLIC        ?C?OFFXADD
  -------         ENDMOD        ?C?OFFXADD

  -------         MODULE        ABS
  C:4D66H         PUBLIC        _ABS
  -------         ENDMOD        ABS

  -------         MODULE        ATOI
  C:3FB0H         PUBLIC        _atoi
  -------         ENDMOD        ATOI

  -------         MODULE        ?C?IILDX
  C:1DE0H         PUBLIC        ?C?IILDX
  -------         ENDMOD        ?C?IILDX

  -------         MODULE        ?C?ULDIV
  C:1E32H         PUBLIC        ?C?ULDIV
BL51 BANKED LINKER/LOCATER V6.22                                                      02/25/2019  11:50:19  PAGE 52


  -------         ENDMOD        ?C?ULDIV

  -------         MODULE        ?C?LLDIDATA
  C:1EC4H         PUBLIC        ?C?LLDIDATA
  -------         ENDMOD        ?C?LLDIDATA

  -------         MODULE        ?C?LLDPDATA
  C:1ED0H         PUBLIC        ?C?LLDPDATA
  -------         ENDMOD        ?C?LLDPDATA

  -------         MODULE        ?C?LLDIDATA0
  C:1EDCH         PUBLIC        ?C?LLDIDATA0
  -------         ENDMOD        ?C?LLDIDATA0

  -------         MODULE        ?C?LLDPDATA0
  C:1EE9H         PUBLIC        ?C?LLDPDATA0
  -------         ENDMOD        ?C?LLDPDATA0

  -------         MODULE        ?C?LSTIDATA
  C:1EF6H         PUBLIC        ?C?LSTIDATA
  -------         ENDMOD        ?C?LSTIDATA

  -------         MODULE        ?C?LSTPDATA
  C:1F02H         PUBLIC        ?C?LSTPDATA
  -------         ENDMOD        ?C?LSTPDATA

  -------         MODULE        ?C?LSTKIDATA
  C:1F0EH         PUBLIC        ?C?LSTKIDATA
  -------         ENDMOD        ?C?LSTKIDATA

  -------         MODULE        ?C?LSTKPDATA
  C:1F27H         PUBLIC        ?C?LSTKPDATA
  -------         ENDMOD        ?C?LSTKPDATA

  -------         MODULE        ISDIGIT
  C:4D3EH         PUBLIC        _isdigit
  -------         ENDMOD        ISDIGIT

  -------         MODULE        ISSPACE
  C:4CD9H         PUBLIC        _isspace
  -------         ENDMOD        ISSPACE

*** WARNING L16: UNCALLED SEGMENT, IGNORED FOR OVERLAY PROCESS
    SEGMENT: ?PR?_DISPLAY_PROX?MAIN

*** WARNING L16: UNCALLED SEGMENT, IGNORED FOR OVERLAY PROCESS
    SEGMENT: ?PR?_DAY_OF_YEAR?PCF85063BTL

*** WARNING L16: UNCALLED SEGMENT, IGNORED FOR OVERLAY PROCESS
    SEGMENT: ?PR?INITUART1?UART1

*** WARNING L16: UNCALLED SEGMENT, IGNORED FOR OVERLAY PROCESS
    SEGMENT: ?PR?_SENDSTRING?UART1

*** WARNING L16: UNCALLED SEGMENT, IGNORED FOR OVERLAY PROCESS
    SEGMENT: ?PR?_TEN?UART1

BL51 BANKED LINKER/LOCATER V6.22                                                      02/25/2019  11:50:19  PAGE 53


*** WARNING L16: UNCALLED SEGMENT, IGNORED FOR OVERLAY PROCESS
    SEGMENT: ?PR?_UNIT?UART1

*** WARNING L16: UNCALLED SEGMENT, IGNORED FOR OVERLAY PROCESS
    SEGMENT: ?PR?_DECTOBCD?UART1

*** WARNING L16: UNCALLED SEGMENT, IGNORED FOR OVERLAY PROCESS
    SEGMENT: ?PR?_ASCII_LETTER?UART1

*** WARNING L16: UNCALLED SEGMENT, IGNORED FOR OVERLAY PROCESS
    SEGMENT: ?PR?_ASCIITOBCD?UART1

*** WARNING L16: UNCALLED SEGMENT, IGNORED FOR OVERLAY PROCESS
    SEGMENT: ?PR?WAIT?BIPOLARMOTOR

*** WARNING L16: UNCALLED SEGMENT, IGNORED FOR OVERLAY PROCESS
    SEGMENT: ?PR?_FINDDET4X4?BIPOLARMOTOR

*** WARNING L16: UNCALLED SEGMENT, IGNORED FOR OVERLAY PROCESS
    SEGMENT: ?PR?NOP?IOEXPANDER_PI4IOE5V96248

*** WARNING L16: UNCALLED SEGMENT, IGNORED FOR OVERLAY PROCESS
    SEGMENT: ?PR?UC_ACK?IOEXPANDER_PI4IOE5V96248

*** WARNING L16: UNCALLED SEGMENT, IGNORED FOR OVERLAY PROCESS
    SEGMENT: ?PR?UC_NACK?IOEXPANDER_PI4IOE5V96248

*** WARNING L16: UNCALLED SEGMENT, IGNORED FOR OVERLAY PROCESS
    SEGMENT: ?PR?_AT25SF041_READ?AT25SF041

*** WARNING L1: UNRESOLVED EXTERNAL SYMBOL
    SYMBOL:  AUTO_MODE
    MODULE:  .\Obj\main.obj (MAIN)

*** WARNING L2: REFERENCE MADE TO UNRESOLVED EXTERNAL
    SYMBOL:  AUTO_MODE
    MODULE:  .\Obj\main.obj (MAIN)
    ADDRESS: 0B3BH

*** WARNING L2: REFERENCE MADE TO UNRESOLVED EXTERNAL
    SYMBOL:  AUTO_MODE
    MODULE:  .\Obj\main.obj (MAIN)
    ADDRESS: 0CB0H

*** WARNING L2: REFERENCE MADE TO UNRESOLVED EXTERNAL
    SYMBOL:  AUTO_MODE
    MODULE:  .\Obj\main.obj (MAIN)
    ADDRESS: 0CBEH

*** WARNING L2: REFERENCE MADE TO UNRESOLVED EXTERNAL
    SYMBOL:  AUTO_MODE
    MODULE:  .\Obj\main.obj (MAIN)
    ADDRESS: 0CD0H

*** WARNING L2: REFERENCE MADE TO UNRESOLVED EXTERNAL
    SYMBOL:  AUTO_MODE
    MODULE:  .\Obj\main.obj (MAIN)
BL51 BANKED LINKER/LOCATER V6.22                                                      02/25/2019  11:50:19  PAGE 54


    ADDRESS: 0D12H

*** WARNING L2: REFERENCE MADE TO UNRESOLVED EXTERNAL
    SYMBOL:  AUTO_MODE
    MODULE:  .\Obj\main.obj (MAIN)
    ADDRESS: 0DE5H

*** WARNING L1: UNRESOLVED EXTERNAL SYMBOL
    SYMBOL:  _SENDUART1
    MODULE:  .\Obj\UART1.obj (UART1)

*** WARNING L2: REFERENCE MADE TO UNRESOLVED EXTERNAL
    SYMBOL:  _SENDUART1
    MODULE:  .\Obj\UART1.obj (UART1)
    ADDRESS: 4AA7H

*** WARNING L1: UNRESOLVED EXTERNAL SYMBOL
    SYMBOL:  AUTO_MODE
    MODULE:  .\Obj\KeyPad.obj (KEYPAD)

*** WARNING L2: REFERENCE MADE TO UNRESOLVED EXTERNAL
    SYMBOL:  AUTO_MODE
    MODULE:  .\Obj\KeyPad.obj (KEYPAD)
    ADDRESS: 30F1H

*** WARNING L2: REFERENCE MADE TO UNRESOLVED EXTERNAL
    SYMBOL:  AUTO_MODE
    MODULE:  .\Obj\KeyPad.obj (KEYPAD)
    ADDRESS: 30FCH

*** WARNING L2: REFERENCE MADE TO UNRESOLVED EXTERNAL
    SYMBOL:  AUTO_MODE
    MODULE:  .\Obj\KeyPad.obj (KEYPAD)
    ADDRESS: 3103H

Program Size: data=10.2 xdata=1593 code=19864
LINK/LOCATE RUN COMPLETE.  28 WARNING(S),  0 ERROR(S)
