BL51 BANKED LINKER/LOCATER V6.22                                                        03/27/2019  16:21:31  PAGE 1


BL51 BANKED LINKER/LOCATER V6.22, INVOKED BY:
C:\KEIL_V5\C51\BIN\BL51.EXE .\Obj\main.obj, .\Obj\PCF85063BTL.obj, .\Obj\UART1.obj, .\Obj\LCd_Driver_SPLC780D.obj, .\Obj
>> \KeyPad.obj, .\Obj\BipolarMotor.obj, .\Obj\SunPos.obj, .\Obj\ADC.obj, .\Obj\Calibration.obj, .\Obj\IOExpander_PI4IOE5
>> V96248.obj, .\Obj\AT25SF041.obj, .\Obj\STARTUP.obj TO .\Obj\GPIO_RTC_Test PRINT (.\Lis\GPIO_RTC_Test.m51) RAMSIZE (25
>> 6)


MEMORY MODEL: LARGE WITH FLOATING POINT ARITHMETIC


INPUT MODULES INCLUDED:
  .\Obj\main.obj (MAIN)
  .\Obj\PCF85063BTL.obj (PCF85063BTL)
  .\Obj\UART1.obj (UART1)
  .\Obj\LCd_Driver_SPLC780D.obj (LCD_DRIVER_SPLC780D)
  .\Obj\KeyPad.obj (KEYPAD)
  .\Obj\BipolarMotor.obj (BIPOLARMOTOR)
  .\Obj\SunPos.obj (SUNPOS)
  .\Obj\ADC.obj (ADC)
  .\Obj\Calibration.obj (CALIBRATION)
  .\Obj\IOExpander_PI4IOE5V96248.obj (IOEXPANDER_PI4IOE5V96248)
  .\Obj\AT25SF041.obj (AT25SF041)
  .\Obj\STARTUP.obj (?C_STARTUP)
  C:\KEIL_V5\C51\LIB\C51FPL.LIB (?C?FPADD)
  C:\KEIL_V5\C51\LIB\C51FPL.LIB (?C?FPMUL)
  C:\KEIL_V5\C51\LIB\C51FPL.LIB (?C?FPDIV)
  C:\KEIL_V5\C51\LIB\C51FPL.LIB (?C?FPCMP)
  C:\KEIL_V5\C51\LIB\C51FPL.LIB (?C?FPNEG)
  C:\KEIL_V5\C51\LIB\C51FPL.LIB (?C?FCAST)
  C:\KEIL_V5\C51\LIB\C51FPL.LIB (?C?CASTF)
  C:\KEIL_V5\C51\LIB\C51FPL.LIB (ATAN2)
  C:\KEIL_V5\C51\LIB\C51FPL.LIB (SIN)
  C:\KEIL_V5\C51\LIB\C51FPL.LIB (ACOS)
  C:\KEIL_V5\C51\LIB\C51FPL.LIB (ASIN)
  C:\KEIL_V5\C51\LIB\C51FPL.LIB (?C?FPGETOPN)
  C:\KEIL_V5\C51\LIB\C51FPL.LIB (?C?FPSERIES)
  C:\KEIL_V5\C51\LIB\C51FPL.LIB (SQRT)
  C:\KEIL_V5\C51\LIB\C51FPL.LIB (ATAN)
  C:\KEIL_V5\C51\LIB\C51L.LIB (?C_INIT)
  C:\KEIL_V5\C51\LIB\C51L.LIB (?C?COPY)
  C:\KEIL_V5\C51\LIB\C51L.LIB (?C?CLDPTR)
  C:\KEIL_V5\C51\LIB\C51L.LIB (?C?CLDOPTR)
  C:\KEIL_V5\C51\LIB\C51L.LIB (?C?CSTPTR)
  C:\KEIL_V5\C51\LIB\C51L.LIB (?C?IMUL)
  C:\KEIL_V5\C51\LIB\C51L.LIB (?C?UIDIV)
  C:\KEIL_V5\C51\LIB\C51L.LIB (?C?SIDIV)
  C:\KEIL_V5\C51\LIB\C51L.LIB (?C?ILDIX)
  C:\KEIL_V5\C51\LIB\C51L.LIB (?C?ILDOPTR)
  C:\KEIL_V5\C51\LIB\C51L.LIB (?C?LMUL)
  C:\KEIL_V5\C51\LIB\C51L.LIB (?C?ULDIV)
  C:\KEIL_V5\C51\LIB\C51L.LIB (?C?SLDIV)
  C:\KEIL_V5\C51\LIB\C51L.LIB (?C?LNEG)
  C:\KEIL_V5\C51\LIB\C51L.LIB (?C?ULCMP)
  C:\KEIL_V5\C51\LIB\C51L.LIB (?C?LSHL)
  C:\KEIL_V5\C51\LIB\C51L.LIB (?C?LLDPTR)
  C:\KEIL_V5\C51\LIB\C51L.LIB (?C?LLDOPTR)
  C:\KEIL_V5\C51\LIB\C51L.LIB (?C?LSTPTR)
  C:\KEIL_V5\C51\LIB\C51L.LIB (?C?LSTOPTR)
BL51 BANKED LINKER/LOCATER V6.22                                                      03/27/2019  16:21:31  PAGE 2


  C:\KEIL_V5\C51\LIB\C51L.LIB (?C?LLDXDATA)
  C:\KEIL_V5\C51\LIB\C51L.LIB (?C?LLDCODE)
  C:\KEIL_V5\C51\LIB\C51L.LIB (?C?LLDXDATA0)
  C:\KEIL_V5\C51\LIB\C51L.LIB (?C?LLDCODE0)
  C:\KEIL_V5\C51\LIB\C51L.LIB (?C?LLDPTR0)
  C:\KEIL_V5\C51\LIB\C51L.LIB (?C?LSTXDATA)
  C:\KEIL_V5\C51\LIB\C51L.LIB (?C?LSTKXDATA)
  C:\KEIL_V5\C51\LIB\C51L.LIB (ABS)
  C:\KEIL_V5\C51\LIB\C51L.LIB (ATOI)
  C:\KEIL_V5\C51\LIB\C51L.LIB (?C?IILDX)
  C:\KEIL_V5\C51\LIB\C51L.LIB (?C?LLDIDATA)
  C:\KEIL_V5\C51\LIB\C51L.LIB (?C?LLDPDATA)
  C:\KEIL_V5\C51\LIB\C51L.LIB (?C?LLDIDATA0)
  C:\KEIL_V5\C51\LIB\C51L.LIB (?C?LLDPDATA0)
  C:\KEIL_V5\C51\LIB\C51L.LIB (?C?LSTIDATA)
  C:\KEIL_V5\C51\LIB\C51L.LIB (?C?LSTPDATA)
  C:\KEIL_V5\C51\LIB\C51L.LIB (ISDIGIT)
  C:\KEIL_V5\C51\LIB\C51L.LIB (ISSPACE)


LINK MAP OF MODULE:  .\Obj\GPIO_RTC_Test (MAIN)


            TYPE    BASE      LENGTH    RELOCATION   SEGMENT NAME
            -----------------------------------------------------

            * * * * * * *   D A T A   M E M O R Y   * * * * * * *
            REG     0000H     0008H     ABSOLUTE     "REG BANK 0"
                    0008H     0018H                  *** GAP ***
            BIT     0020H.0   0000H.5   UNIT         ?BI?KEYPAD
            BIT     0020H.5   0000H.2   UNIT         ?BI?ATAN?ATAN
            BIT     0020H.7   0000H.1   UNIT         ?BI?MAIN
            BIT     0021H.0   0000H.1   UNIT         ?BI?VONESTEPMOVE?BIPOLARMOTOR
            BIT     0021H.1   0000H.1   UNIT         ?BI?_STEP_MOVE?BIPOLARMOTOR
            BIT     0021H.2   0000H.1   UNIT         ?BI?_MOVE?BIPOLARMOTOR
            BIT     0021H.3   0000H.1   UNIT         ?BI?SIN?SIN
            BIT     0021H.4   0000H.1   UNIT         ?BI?_ATOI?ATOI
                    0021H.5   0000H.3                *** GAP ***
            IDATA   0022H     0001H     UNIT         ?STACK

            * * * * * * *  X D A T A   M E M O R Y  * * * * * * *
            XDATA   0000H     00D4H     UNIT         ?XD?MAIN
            XDATA   00D4H     00A7H     UNIT         ?XD?BIPOLARMOTOR
            XDATA   017BH     009FH     UNIT         ?XD?_UPDATE_POSITION?BIPOLARMOTOR
            XDATA   021AH     0084H     UNIT         ?XD?_FIND_REAL_MAX?CALIBRATION
            XDATA   029EH     005DH     UNIT         ?XD?SUNPOS?SUNPOS
            XDATA   02FBH     0040H     UNIT         ?XD?_FINDDET4X4?BIPOLARMOTOR
            XDATA   033BH     0027H     UNIT         _XDATA_GROUP_
            XDATA   0362H     0024H     UNIT         ?XD?_FINDDET3X3?BIPOLARMOTOR
            XDATA   0386H     0018H     UNIT         ?XD?VOLTAGE_IS_STABLE?CALIBRATION
            XDATA   039EH     0014H     UNIT         ?XD?LINEAR_INTERPOLATE?BIPOLARMOTOR
            XDATA   03B2H     0014H     UNIT         ?XD?_CALIBRATION?CALIBRATION
            XDATA   03C6H     000FH     UNIT         ?XD?_READ_TIME?PCF85063BTL
            XDATA   03D5H     000AH     UNIT         ?XD?_DISPLAY_POS?MAIN
            XDATA   03DFH     0009H     UNIT         ?XD?KEYPAD
            XDATA   03E8H     0008H     UNIT         ?XD?_AT25SF041_WRITE?AT25SF041
            XDATA   03F0H     0008H     UNIT         ?XD?_ATAN2?ATAN2
BL51 BANKED LINKER/LOCATER V6.22                                                      03/27/2019  16:21:31  PAGE 3


            XDATA   03F8H     0006H     UNIT         ?XD?KEY_PROCESS?KEYPAD
            XDATA   03FEH     0005H     UNIT         ?XD?_ATOI?ATOI
            XDATA   0403H     0004H     UNIT         ?XD?_DISPLAY_PROX?MAIN
            XDATA   0407H     0004H     UNIT         ?XD?_STEP_MOVE?BIPOLARMOTOR
            XDATA   040BH     0004H     UNIT         ?XD?_MOVE?BIPOLARMOTOR
            XDATA   040FH     0004H     UNIT         ?XD?_MAX_VALUE?CALIBRATION
            XDATA   0413H     0004H     UNIT         ?XD?SIN?SIN
            XDATA   0417H     0004H     UNIT         ?XD?SQRT?SQRT
            XDATA   041BH     0004H     UNIT         ?XD?ATAN?ATAN
            XDATA   041FH     0003H     UNIT         ?XD?KEY_SCAN?KEYPAD
            XDATA   0422H     0003H     UNIT         ?XD?_WRITE_PI4IOE5V96248?IOEXPANDER_PI4IOE5V96248
            XDATA   0425H     0003H     UNIT         ?XD?UCREAD_STATUS_REGISTER_BYTE1?AT25SF041
            XDATA   0428H     0002H     UNIT         ?XD?AT25SF041_CHIPERASE?AT25SF041
            XDATA   042AH     0002H     UNIT         ?XD?AT25SF041_WRITEENABLE?AT25SF041
            XDATA   042CH     0001H     UNIT         ?XD?_WRITEDATA?LCD_DRIVER_SPLC780D
            XDATA   042DH     0001H     UNIT         ?XD?_DISPLAYLCD?LCD_DRIVER_SPLC780D
            XDATA   042EH     0001H     UNIT         ?XD?I2C_ACK?IOEXPANDER_PI4IOE5V96248
            XDATA   042FH     0001H     UNIT         ?XD?UC_ACK?IOEXPANDER_PI4IOE5V96248
            XDATA   0430H     0001H     UNIT         ?XD?UC_NACK?IOEXPANDER_PI4IOE5V96248

            * * * * * * *   C O D E   M E M O R Y   * * * * * * *
            CODE    0000H     0003H     ABSOLUTE     
            CODE    0003H     0008H     UNIT         ?PR?UART?MAIN
            CODE    000BH     0003H     ABSOLUTE     
            CODE    000EH     0015H     UNIT         ?PR?_DISPLAY_LINE?LCD_DRIVER_SPLC780D
            CODE    0023H     0003H     ABSOLUTE     
            CODE    0026H     0B00H     UNIT         ?PR?_UPDATE_POSITION?BIPOLARMOTOR
            CODE    0B26H     093FH     UNIT         ?C?LIB_CODE
            CODE    1465H     07A2H     UNIT         ?PR?SUNPOS?SUNPOS
            CODE    1C07H     02C0H     UNIT         ?PR?_FINDDET4X4?BIPOLARMOTOR
            CODE    1EC7H     02B1H     UNIT         ?PR?_FIND_REAL_MAX?CALIBRATION
            CODE    2178H     02A0H     UNIT         ?PR?KEY_PROCESS?KEYPAD
            CODE    2418H     0210H     UNIT         ?PR?_SENDSPIDATATOUART?UART1
            CODE    2628H     01D1H     UNIT         ?PR?_FINDDET3X3?BIPOLARMOTOR
            CODE    27F9H     018DH     UNIT         ?PR?KEY_SCAN?KEYPAD
            CODE    2986H     0188H     UNIT         ?PR?SIN?SIN
            CODE    2B0EH     0172H     UNIT         ?PR?_DISPLAY_POS?MAIN
            CODE    2C80H     0122H     UNIT         ?PR?ATAN?ATAN
            CODE    2DA2H     0109H     UNIT         ?PR?_AT25SF041_READ?AT25SF041
            CODE    2EABH     00F7H     UNIT         ?PR?_AT25SF041_WRITE?AT25SF041
            CODE    2FA2H     00EBH     UNIT         ?PR?MAIN?MAIN
            CODE    308DH     00E4H     UNIT         ?PR?_CALIBRATION?CALIBRATION
            CODE    3171H     00DBH     UNIT         ?PR?_ATOI?ATOI
            CODE    324CH     00C3H     UNIT         ?PR?LINEAR_INTERPOLATE?BIPOLARMOTOR
            CODE    330FH     00BBH     UNIT         ?PR?VOLTAGE_IS_STABLE?CALIBRATION
            CODE    33CAH     00B2H     UNIT         ?C_INITSEG
            CODE    347CH     00ADH     UNIT         ?PR?_WRITE_PI4IOE5V96248?IOEXPANDER_PI4IOE5V96248
            CODE    3529H     00ACH     UNIT         ?PR?SQRT?SQRT
            CODE    35D5H     00A1H     UNIT         ?PR?UCREAD_STATUS_REGISTER_BYTE1?AT25SF041
            CODE    3676H     009DH     UNIT         ?PR?_ATAN2?ATAN2
            CODE    3713H     009CH     UNIT         ?PR?_MAX_VALUE?CALIBRATION
            CODE    37AFH     0095H     UNIT         ?PR?_DISPLAY_PROX?MAIN
            CODE    3844H     008CH     UNIT         ?C_C51STARTUP
            CODE    38D0H     0084H     UNIT         ?PR?_DAY_OF_YEAR?PCF85063BTL
            CODE    3954H     0075H     UNIT         ?PR?_WRITEDATA?LCD_DRIVER_SPLC780D
            CODE    39C9H     006FH     UNIT         ?PR?_READ_TIME?PCF85063BTL
            CODE    3A38H     005AH     UNIT         ?PR?AT25SF041_CHIPERASE?AT25SF041
BL51 BANKED LINKER/LOCATER V6.22                                                      03/27/2019  16:21:31  PAGE 4


            CODE    3A92H     0059H     UNIT         ?PR?LCD_INIT?LCD_DRIVER_SPLC780D
            CODE    3AEBH     0053H     UNIT         ?CO?UART1
            CODE    3B3EH     004FH     UNIT         ?PR?_SENDDECVALTOUART?UART1
            CODE    3B8DH     004AH     UNIT         ?PR?VONESTEPMOVE?BIPOLARMOTOR
            CODE    3BD7H     004AH     UNIT         ?PR?ACOS?ACOS
            CODE    3C21H     0049H     UNIT         ?PR?AT25SF041_WRITEENABLE?AT25SF041
            CODE    3C6AH     0044H     UNIT         ?C?LDIV
            CODE    3CAEH     0040H     UNIT         ?PR?_COMMAND?LCD_DRIVER_SPLC780D
            CODE    3CEEH     0040H     UNIT         ?PR?_STEP_MOVE?BIPOLARMOTOR
            CODE    3D2EH     003BH     UNIT         ?PR?ASIN?ASIN
            CODE    3D69H     0033H     UNIT         ?PR?_SENDSTRING?UART1
            CODE    3D9CH     002CH     UNIT         ?PR?_ADC_GETRESULT?ADC
            CODE    3DC8H     002BH     UNIT         ?PR?_WAIT_MS_I2C?IOEXPANDER_PI4IOE5V96248
            CODE    3DF3H     002BH     UNIT         ?PR?_WAIT_MS_SPINOR?AT25SF041
            CODE    3E1EH     0028H     UNIT         ?PR?_MOVE?BIPOLARMOTOR
            CODE    3E46H     0027H     UNIT         ?PR?_I2C_SENDBYTE?IOEXPANDER_PI4IOE5V96248
            CODE    3E6DH     0024H     UNIT         ?PR?_WAIT_MS?LCD_DRIVER_SPLC780D
            CODE    3E91H     0020H     UNIT         ?PR?_SPI_SENDBYTE?PCF85063BTL
            CODE    3EB1H     0020H     UNIT         ?PR?SPI_RECEIVEBYTE?PCF85063BTL
            CODE    3ED1H     0020H     UNIT         ?PR?_SENDBCDVALTOUART?UART1
            CODE    3EF1H     001FH     UNIT         ?PR?ADC_INIT?ADC
            CODE    3F10H     001EH     UNIT         ?PR?_DELAY_MS?KEYPAD
            CODE    3F2EH     001DH     UNIT         ?PR?_DISPLAYLCD?LCD_DRIVER_SPLC780D
            CODE    3F4BH     001BH     UNIT         ?PR?_BCDTODEC1?BIPOLARMOTOR
            CODE    3F66H     0018H     UNIT         ?PR?_SPI_WRITETIME?PCF85063BTL
            CODE    3F7EH     0017H     UNIT         ?PR?_ASCIITOBCD?UART1
            CODE    3F95H     0016H     UNIT         ?PR?I2C_ACK?IOEXPANDER_PI4IOE5V96248
            CODE    3FABH     0015H     UNIT         ?PR?I2C_STOP?IOEXPANDER_PI4IOE5V96248
            CODE    3FC0H     0014H     UNIT         ?PR?_PCF85063BTL_DELAY?PCF85063BTL
            CODE    3FD4H     0014H     UNIT         ?PR?_ISSPACE?ISSPACE
            CODE    3FE8H     0011H     UNIT         ?PR?_SPI_READTIME?PCF85063BTL
            CODE    3FF9H     0011H     UNIT         ?PR?_BCDTODEC?PCF85063BTL
            CODE    400AH     0011H     UNIT         ?PR?INITUART1?UART1
            CODE    401BH     000FH     UNIT         ?PR?I2C_START?IOEXPANDER_PI4IOE5V96248
            CODE    402AH     000FH     UNIT         ?PR?UC_NACK?IOEXPANDER_PI4IOE5V96248
            CODE    4039H     000FH     UNIT         ?PR?_ISDIGIT?ISDIGIT
            CODE    4048H     000DH     UNIT         ?PR?SPI_INIT?PCF85063BTL
            CODE    4055H     000DH     UNIT         ?PR?_SENDUART1?UART1
            CODE    4062H     000CH     UNIT         ?PR?KEYPAD_IO_INIT?KEYPAD
            CODE    406EH     000CH     UNIT         ?PR?_ABS?ABS
            CODE    407AH     000AH     UNIT         ?PR?LCD_RETURN_HOME?LCD_DRIVER_SPLC780D
            CODE    4084H     000AH     UNIT         ?PR?LCD_CLEAR?LCD_DRIVER_SPLC780D
            CODE    408EH     0006H     UNIT         ?PR?_TEN?UART1
            CODE    4094H     0006H     UNIT         ?PR?UC_ACK?IOEXPANDER_PI4IOE5V96248
            CODE    409AH     0005H     UNIT         ?PR?_UNIT?UART1
            CODE    409FH     0005H     UNIT         ?PR?_ASCII_LETTER?UART1
            CODE    40A4H     0001H     UNIT         ?PR?TM0_ISR?MAIN
            CODE    40A5H     0001H     UNIT         ?PR?_DECTOBCD?UART1
            CODE    40A6H     0001H     UNIT         ?PR?WAIT?BIPOLARMOTOR
            CODE    40A7H     0001H     UNIT         ?PR?NOP?IOEXPANDER_PI4IOE5V96248



OVERLAY MAP OF MODULE:   .\Obj\GPIO_RTC_Test (MAIN)


SEGMENT                                            XDATA_GROUP
BL51 BANKED LINKER/LOCATER V6.22                                                      03/27/2019  16:21:31  PAGE 5


  +--> CALLED SEGMENT                            START    LENGTH
----------------------------------------------------------------
?C_C51STARTUP                                    -----    -----
  +--> ?PR?MAIN?MAIN
  +--> ?C_INITSEG

?PR?MAIN?MAIN                                    033BH    001FH
  +--> ?PR?LCD_INIT?LCD_DRIVER_SPLC780D
  +--> ?PR?INITUART1?UART1
  +--> ?PR?_SPI_WRITETIME?PCF85063BTL
  +--> ?PR?_DELAY_MS?KEYPAD
  +--> ?PR?_WAIT_MS_SPINOR?AT25SF041
  +--> ?PR?_AT25SF041_READ?AT25SF041
  +--> ?PR?_SENDSPIDATATOUART?UART1

?PR?LCD_INIT?LCD_DRIVER_SPLC780D                 -----    -----
  +--> ?PR?_WAIT_MS?LCD_DRIVER_SPLC780D
  +--> ?PR?_COMMAND?LCD_DRIVER_SPLC780D

?PR?_COMMAND?LCD_DRIVER_SPLC780D                 -----    -----
  +--> ?PR?_WAIT_MS?LCD_DRIVER_SPLC780D

?PR?_SPI_WRITETIME?PCF85063BTL                   -----    -----
  +--> ?PR?_SPI_SENDBYTE?PCF85063BTL

?PR?_SPI_SENDBYTE?PCF85063BTL                    -----    -----
  +--> ?PR?_PCF85063BTL_DELAY?PCF85063BTL

?PR?_AT25SF041_READ?AT25SF041                    035AH    0008H
  +--> ?PR?_WAIT_MS_SPINOR?AT25SF041

?PR?_SENDSPIDATATOUART?UART1                     035AH    0005H
  +--> ?PR?_SENDDECVALTOUART?UART1
  +--> ?CO?UART1
  +--> ?PR?_SENDSTRING?UART1
  +--> ?PR?_SENDBCDVALTOUART?UART1

?PR?_SENDDECVALTOUART?UART1                      035FH    0002H
  +--> ?PR?_SENDUART1?UART1

?PR?_SENDSTRING?UART1                            035FH    0003H
  +--> ?PR?_SENDUART1?UART1

?PR?_SENDBCDVALTOUART?UART1                      035FH    0001H
  +--> ?PR?_SENDUART1?UART1



UNRESOLVED EXTERNAL SYMBOLS:
   AUTO_MODE



SYMBOL TABLE OF MODULE:  .\Obj\GPIO_RTC_Test (MAIN)

  VALUE           TYPE          NAME
  ----------------------------------
BL51 BANKED LINKER/LOCATER V6.22                                                      03/27/2019  16:21:31  PAGE 6



  -------         MODULE        MAIN
  C:0000H         SYMBOL        _ICE_DUMMY_
  X:0008H         PUBLIC        calib_value
  D:0080H         PUBLIC        P0
  D:0090H         PUBLIC        P1
  D:00A0H         PUBLIC        P2
  D:00B0H         PUBLIC        P3
  D:00C0H         PUBLIC        P4
  D:00C8H         PUBLIC        P5
  X:005CH         SYMBOL        PressedKey
  B:00A8H.7       PUBLIC        EA
  D:00E8H         PUBLIC        P6
  X:0060H         PUBLIC        calib_stamp
  D:00F8H         PUBLIC        P7
  X:0061H         PUBLIC        RX_Data_Uart_Cnt
  D:00A8H         PUBLIC        IE
  X:0063H         PUBLIC        calib_time
  D:00B8H         PUBLIC        IP
  B:0098H.0       PUBLIC        RI
  X:00B7H         PUBLIC        months
  B:0098H.1       PUBLIC        TI
  C:0003H         PUBLIC        Uart
  B:00C0H.1       PUBLIC        AT25SF041_CS
  D:00D8H         PUBLIC        CCON
  C:2FA2H         PUBLIC        main
  X:00B8H         PUBLIC        count
  X:00BAH         PUBLIC        days
  X:00BBH         PUBLIC        hours
  D:0098H         PUBLIC        SCON
  D:0089H         PUBLIC        TMOD
  D:0088H         PUBLIC        TCON
  X:00BCH         SYMBOL        KeyCount
  X:00BEH         PUBLIC        mins
  X:00BFH         PUBLIC        Rec_data_hour
  X:00C2H         PUBLIC        Rec_data_min
  D:008EH         PUBLIC        AUXR
  C:40A4H         PUBLIC        tm0_isr
  B:0020H.7       PUBLIC        busy
  X:00C5H         PUBLIC        hour_count
  X:00C6H         PUBLIC        min_count
  X:00C7H         SYMBOL        KeyNum
  X:00C8H         SYMBOL        KeyNum_Old
  X:00C9H         PUBLIC        current_position
  X:00CDH         PUBLIC        hours1
  X:00CEH         PUBLIC        hours2
  C:37AFH         PUBLIC        _Display_Prox
  X:00CFH         PUBLIC        mins1
  X:00D0H         PUBLIC        mins2
  C:2B0EH         PUBLIC        _Display_Pos
  X:00D1H         PUBLIC        seconds
  X:00D2H         PUBLIC        st_time
  D:00D0H         PUBLIC        PSW
  -------         PROC          TM0_ISR
  C:40A4H         LINE#         86
  C:40A4H         LINE#         88
  -------         ENDPROC       TM0_ISR
BL51 BANKED LINKER/LOCATER V6.22                                                      03/27/2019  16:21:31  PAGE 7


  -------         PROC          MAIN
  -------         DO            
  X:033BH         SYMBOL        sunlight_ADC
  X:033DH         SYMBOL        address
  X:0000H         SYMBOL        KeyCount
  X:0002H         SYMBOL        KeyNum_Old
  X:0003H         SYMBOL        KeyNum
  X:0004H         SYMBOL        PressedKey
  X:0341H         SYMBOL        prox_flag
  X:0342H         SYMBOL        SPI_NOR_DATA
  X:0343H         SYMBOL        error
  X:0344H         SYMBOL        iUse_prevday_calib_value
  X:0346H         SYMBOL        calib_point1
  X:034EH         SYMBOL        calib_point2
  X:0356H         SYMBOL        calib_day
  X:0358H         SYMBOL        calib_count
  -------         ENDDO         
  C:2FA2H         LINE#         90
  C:2FA2H         LINE#         91
  C:2FA2H         LINE#         94
  C:2FACH         LINE#         97
  C:2FB7H         LINE#         98
  C:2FBBH         LINE#         101
  C:2FC1H         LINE#         106
  C:2FC3H         LINE#         107
  C:2FC5H         LINE#         108
  C:2FC7H         LINE#         109
  C:2FC9H         LINE#         111
  C:2FCFH         LINE#         123
  C:2FD2H         LINE#         126
  C:2FD5H         LINE#         127
  C:2FD8H         LINE#         130
  C:2FDBH         LINE#         133
  C:2FDEH         LINE#         136
  C:2FE0H         LINE#         137
  C:2FE7H         LINE#         138
  C:2FEEH         LINE#         139
  C:2FF5H         LINE#         140
  C:2FFCH         LINE#         142
  C:3006H         LINE#         143
  C:3021H         LINE#         144
  C:3021H         LINE#         145
  C:3028H         LINE#         146
  C:302AH         LINE#         147
  C:3031H         LINE#         150
  C:304FH         LINE#         153
  C:306AH         LINE#         154
  C:3089H         LINE#         156
  C:308CH         LINE#         160
  -------         ENDPROC       MAIN
  -------         PROC          UART
  C:0003H         LINE#         168
  C:0003H         LINE#         170
  C:0003H         LINE#         171
  C:0003H         LINE#         195
  C:0003H         LINE#         196
  C:0006H         LINE#         197
BL51 BANKED LINKER/LOCATER V6.22                                                      03/27/2019  16:21:31  PAGE 8


  C:0006H         LINE#         198
  C:0008H         LINE#         199
  C:000AH         LINE#         201
  C:000AH         LINE#         202
  -------         ENDPROC       UART
  -------         PROC          _DISPLAY_PROX
  D:0002H         SYMBOL        dat
  -------         DO            
  X:0403H         SYMBOL        unit
  X:0404H         SYMBOL        ten
  X:0405H         SYMBOL        hundred
  X:0406H         SYMBOL        thousand
  -------         ENDDO         
  C:37AFH         LINE#         234
  C:37B3H         LINE#         235
  C:37B3H         LINE#         237
  C:37BFH         LINE#         238
  C:37CFH         LINE#         239
  C:37EBH         LINE#         240
  C:381BH         LINE#         241
  C:3825H         LINE#         242
  C:382FH         LINE#         243
  C:3839H         LINE#         244
  C:3843H         LINE#         246
  -------         ENDPROC       _DISPLAY_PROX
  -------         PROC          _DISPLAY_POS
  X:03D5H         SYMBOL        sign_dat
  -------         DO            
  X:03D9H         SYMBOL        unit
  X:03DAH         SYMBOL        ten
  X:03DBH         SYMBOL        hundred
  D:0003H         SYMBOL        thousand
  X:03DCH         SYMBOL        after_dot
  X:03DDH         SYMBOL        dat
  -------         ENDDO         
  C:2B0EH         LINE#         249
  C:2B14H         LINE#         250
  C:2B14H         LINE#         254
  C:2B30H         LINE#         255
  C:2B4AH         LINE#         256
  C:2B6EH         LINE#         258
  C:2BB8H         LINE#         260
  C:2BCFH         LINE#         261
  C:2BDCH         LINE#         262
  C:2BFEH         LINE#         263
  C:2C33H         LINE#         264
  C:2C4BH         LINE#         265
  C:2C4BH         LINE#         267
  C:2C4BH         LINE#         268
  C:2C4BH         LINE#         269
  C:2C4BH         LINE#         270
  C:2C4BH         LINE#         271
  C:2C4BH         LINE#         275
  C:2C4DH         LINE#         277
  C:2C4DH         LINE#         279
  C:2C52H         LINE#         280
  C:2C5CH         LINE#         281
BL51 BANKED LINKER/LOCATER V6.22                                                      03/27/2019  16:21:31  PAGE 9


  C:2C66H         LINE#         282
  C:2C70H         LINE#         283
  C:2C75H         LINE#         284
  C:2C7FH         LINE#         288
  C:2C7FH         LINE#         290
  -------         ENDPROC       _DISPLAY_POS
  -------         ENDMOD        MAIN

  -------         MODULE        PCF85063BTL
  C:0000H         SYMBOL        _ICE_DUMMY_
  D:0096H         PUBLIC        P2M0
  D:0080H         PUBLIC        P0
  D:0095H         PUBLIC        P2M1
  D:0090H         PUBLIC        P1
  D:00A0H         PUBLIC        P2
  D:00B0H         PUBLIC        P3
  D:00C0H         PUBLIC        P4
  D:00C8H         PUBLIC        P5
  D:00E8H         PUBLIC        P6
  B:00A0H.1       PUBLIC        PCF85063BTL_SDI
  D:00F8H         PUBLIC        P7
  B:00A0H.2       PUBLIC        PCF85063BTL_SCK
  B:00A0H.1       PUBLIC        PCF85063BTL_SDO
  D:00A8H         PUBLIC        IE
  C:39C9H         PUBLIC        _Read_time
  C:3FC6H         PUBLIC        _PCF85063BTL_Delay
  D:00B8H         PUBLIC        IP
  D:00D8H         PUBLIC        CCON
  C:38D0H         PUBLIC        _Day_Of_Year
  C:3EB1H         PUBLIC        SPI_ReceiveByte
  D:0098H         PUBLIC        SCON
  D:0088H         PUBLIC        TCON
  C:3FF9H         PUBLIC        _BCDtoDec
  B:00A0H.0       PUBLIC        PCF85063BTL_CS
  C:3FE8H         PUBLIC        _SPI_ReadTime
  C:4048H         PUBLIC        SPI_Init
  C:3F66H         PUBLIC        _SPI_WriteTime
  C:3E91H         PUBLIC        _SPI_SendByte
  D:00D0H         PUBLIC        PSW
  C:3FC2H         SYMBOL        L?0047
  -------         PROC          L?0046
  -------         ENDPROC       L?0046
  C:3FC2H         SYMBOL        L?0047
  -------         PROC          _PCF85063BTL_DELAY
  D:0006H         SYMBOL        us
  C:3FC6H         LINE#         8
  C:3FC6H         LINE#         9
  C:3FC6H         LINE#         10
  C:3FD0H         LINE#         11
  C:3FD0H         LINE#         12
  C:3FD1H         LINE#         13
  C:3FD3H         LINE#         14
  -------         ENDPROC       _PCF85063BTL_DELAY
  -------         PROC          _SPI_SENDBYTE
  D:0005H         SYMBOL        dat
  -------         DO            
  D:0003H         SYMBOL        i
BL51 BANKED LINKER/LOCATER V6.22                                                      03/27/2019  16:21:31  PAGE 10


  -------         ENDDO         
  C:3E91H         LINE#         17
  C:3E93H         LINE#         18
  C:3E93H         LINE#         20
  C:3E95H         LINE#         21
  C:3E95H         LINE#         22
  C:3E97H         LINE#         23
  C:3E9BH         LINE#         24
  C:3E9BH         LINE#         25
  C:3E9DH         LINE#         26
  C:3E9FH         LINE#         28
  C:3E9FH         LINE#         29
  C:3EA1H         LINE#         30
  C:3EA1H         LINE#         31
  C:3EA4H         LINE#         32
  C:3EA4H         LINE#         33
  C:3EA7H         LINE#         34
  C:3EABH         LINE#         35
  C:3EB0H         LINE#         36
  -------         ENDPROC       _SPI_SENDBYTE
  -------         PROC          SPI_RECEIVEBYTE
  -------         DO            
  D:0003H         SYMBOL        i
  D:0005H         SYMBOL        dat
  -------         ENDDO         
  C:3EB1H         LINE#         39
  C:3EB1H         LINE#         40
  C:3EB1H         LINE#         42
  C:3EB3H         LINE#         44
  C:3EB5H         LINE#         45
  C:3EB6H         LINE#         46
  C:3EB6H         LINE#         47
  C:3EBAH         LINE#         48
  C:3EBCH         LINE#         49
  C:3EBFH         LINE#         51
  C:3EC2H         LINE#         52
  C:3EC2H         LINE#         53
  C:3EC6H         LINE#         54
  C:3EC6H         LINE#         55
  C:3EC6H         LINE#         56
  C:3EC9H         LINE#         57
  C:3ECEH         LINE#         58
  C:3ED0H         LINE#         59
  -------         ENDPROC       SPI_RECEIVEBYTE
  -------         PROC          _SPI_READTIME
  D:0007H         SYMBOL        addr
  -------         DO            
  D:0006H         SYMBOL        dat
  -------         ENDDO         
  C:3FE8H         LINE#         61
  C:3FE8H         LINE#         62
  C:3FE8H         LINE#         64
  C:3FEAH         LINE#         65
  C:3FECH         LINE#         66
  C:3FF3H         LINE#         67
  C:3FF6H         LINE#         68
  C:3FF8H         LINE#         69
BL51 BANKED LINKER/LOCATER V6.22                                                      03/27/2019  16:21:31  PAGE 11


  C:3FF8H         LINE#         70
  -------         ENDPROC       _SPI_READTIME
  -------         PROC          _SPI_WRITETIME
  D:0002H         SYMBOL        val
  D:0005H         SYMBOL        addr
  C:3F66H         LINE#         71
  C:3F68H         LINE#         72
  C:3F68H         LINE#         74
  C:3F6AH         LINE#         75
  C:3F71H         LINE#         76
  C:3F76H         LINE#         77
  C:3F7BH         LINE#         78
  C:3F7DH         LINE#         79
  -------         ENDPROC       _SPI_WRITETIME
  -------         PROC          SPI_INIT
  C:4048H         LINE#         83
  C:4048H         LINE#         84
  C:4048H         LINE#         89
  C:404BH         LINE#         90
  C:404EH         LINE#         91
  C:4050H         LINE#         92
  C:4052H         LINE#         93
  C:4054H         LINE#         94
  -------         ENDPROC       SPI_INIT
  -------         PROC          _READ_TIME
  X:03C6H         SYMBOL        months
  X:03C9H         SYMBOL        days
  X:03CCH         SYMBOL        hours
  X:03CFH         SYMBOL        mins
  X:03D2H         SYMBOL        seconds
  C:39C9H         LINE#         96
  C:39D4H         LINE#         97
  C:39D4H         LINE#         99
  C:39E8H         LINE#         101
  C:39FCH         LINE#         103
  C:3A10H         LINE#         108
  C:3A24H         LINE#         113
  -------         ENDPROC       _READ_TIME
  -------         PROC          _BCDTODEC
  D:0007H         SYMBOL        bcd
  -------         DO            
  D:0006H         SYMBOL        hi
  D:0007H         SYMBOL        lo
  -------         ENDDO         
  C:3FF9H         LINE#         119
  C:3FF9H         LINE#         120
  C:3FF9H         LINE#         122
  C:3FFEH         LINE#         123
  C:4002H         LINE#         124
  C:4009H         LINE#         125
  -------         ENDPROC       _BCDTODEC
  -------         PROC          _DAY_OF_YEAR
  D:0007H         SYMBOL        months_bcd
  D:0005H         SYMBOL        days_bcd
  -------         DO            
  D:0004H         SYMBOL        months
  D:0007H         SYMBOL        days
BL51 BANKED LINKER/LOCATER V6.22                                                      03/27/2019  16:21:31  PAGE 12


  -------         ENDDO         
  C:38D0H         LINE#         126
  C:38D0H         LINE#         127
  C:38D0H         LINE#         130
  C:38D5H         LINE#         132
  C:38DAH         LINE#         134
  C:3913H         LINE#         135
  C:3913H         LINE#         136
  C:3913H         LINE#         137
  C:3916H         LINE#         138
  C:3916H         LINE#         139
  C:3916H         LINE#         140
  C:391BH         LINE#         141
  C:391BH         LINE#         142
  C:391BH         LINE#         143
  C:3920H         LINE#         144
  C:3920H         LINE#         145
  C:3920H         LINE#         146
  C:3925H         LINE#         147
  C:3925H         LINE#         148
  C:3925H         LINE#         149
  C:392AH         LINE#         150
  C:392AH         LINE#         151
  C:392AH         LINE#         152
  C:392FH         LINE#         153
  C:392FH         LINE#         154
  C:392FH         LINE#         155
  C:3934H         LINE#         156
  C:3934H         LINE#         157
  C:3934H         LINE#         158
  C:3939H         LINE#         159
  C:3939H         LINE#         160
  C:3939H         LINE#         161
  C:3941H         LINE#         162
  C:3941H         LINE#         163
  C:3941H         LINE#         164
  C:3946H         LINE#         165
  C:3946H         LINE#         166
  C:3946H         LINE#         167
  C:394BH         LINE#         168
  C:394BH         LINE#         169
  C:394BH         LINE#         170
  C:3953H         LINE#         171
  C:3953H         LINE#         172
  C:3953H         LINE#         173
  -------         ENDPROC       _DAY_OF_YEAR
  -------         ENDMOD        PCF85063BTL

  -------         MODULE        UART1
  C:0000H         SYMBOL        _ICE_DUMMY_
  D:0080H         PUBLIC        P0
  D:0090H         PUBLIC        P1
  D:00A0H         PUBLIC        P2
  D:00B0H         PUBLIC        P3
  D:00C0H         PUBLIC        P4
  D:00C8H         PUBLIC        P5
  B:00A8H.7       PUBLIC        EA
BL51 BANKED LINKER/LOCATER V6.22                                                      03/27/2019  16:21:31  PAGE 13


  D:00E8H         PUBLIC        P6
  D:00F8H         PUBLIC        P7
  C:3D69H         PUBLIC        _SendString
  D:00A8H         PUBLIC        IE
  B:00A8H.4       PUBLIC        ES
  D:00B8H         PUBLIC        IP
  C:3F7EH         PUBLIC        _ASCIItoBCD
  C:3ED6H         PUBLIC        _SendBCDValtoUART
  D:00D8H         PUBLIC        CCON
  C:400AH         PUBLIC        initUART1
  D:0099H         PUBLIC        SBUF
  D:0098H         PUBLIC        SCON
  D:0088H         PUBLIC        TCON
  C:40A5H         PUBLIC        _DectoBCD
  C:409FH         PUBLIC        _ASCII_Letter
  D:008EH         PUBLIC        AUXR
  C:409AH         PUBLIC        _unit
  D:00E0H         PUBLIC        ACC
  C:408EH         PUBLIC        _ten
  D:00D6H         PUBLIC        T2H
  D:00D7H         PUBLIC        T2L
  C:3B3EH         PUBLIC        _SendDecValtoUART
  C:2418H         PUBLIC        _SendSPIDataToUART
  D:00D0H         PUBLIC        PSW
  C:4059H         PUBLIC        _SendUART1
  -------         PROC          INITUART1
  C:400AH         LINE#         21
  C:400AH         LINE#         22
  C:400AH         LINE#         23
  C:400DH         LINE#         24
  C:4010H         LINE#         25
  C:4013H         LINE#         26
  C:4016H         LINE#         27
  C:4018H         LINE#         28
  C:401AH         LINE#         30
  -------         ENDPROC       INITUART1
  -------         PROC          _SENDSTRING
  X:035FH         SYMBOL        s
  C:3D69H         LINE#         35
  C:3D74H         LINE#         36
  C:3D74H         LINE#         37
  C:3D84H         LINE#         38
  C:3D84H         LINE#         39
  C:3D99H         LINE#         40
  C:3D9BH         LINE#         41
  -------         ENDPROC       _SENDSTRING
  -------         PROC          _TEN
  D:0007H         SYMBOL        BCD
  C:408EH         LINE#         43
  C:408EH         LINE#         44
  C:408EH         LINE#         45
  C:4093H         LINE#         46
  -------         ENDPROC       _TEN
  -------         PROC          _UNIT
  D:0007H         SYMBOL        BCD
  C:409AH         LINE#         47
  C:409AH         LINE#         48
BL51 BANKED LINKER/LOCATER V6.22                                                      03/27/2019  16:21:31  PAGE 14


  C:409AH         LINE#         52
  C:409EH         LINE#         53
  -------         ENDPROC       _UNIT
  -------         PROC          _DECTOBCD
  D:0007H         SYMBOL        dec
  C:40A5H         LINE#         54
  C:40A5H         LINE#         55
  C:40A5H         LINE#         57
  C:40A5H         LINE#         58
  -------         ENDPROC       _DECTOBCD
  -------         PROC          _ASCII_LETTER
  D:0007H         SYMBOL        dat
  C:409FH         LINE#         60
  C:409FH         LINE#         61
  C:409FH         LINE#         63
  C:40A3H         LINE#         64
  -------         ENDPROC       _ASCII_LETTER
  -------         PROC          _ASCIITOBCD
  D:0001H         SYMBOL        ascii
  -------         DO            
  D:0007H         SYMBOL        dec_val
  D:0006H         SYMBOL        ten
  D:0007H         SYMBOL        unit
  -------         ENDDO         
  C:3F7EH         LINE#         66
  C:3F7EH         LINE#         67
  C:3F7EH         LINE#         69
  C:3F81H         LINE#         70
  C:3F87H         LINE#         71
  C:3F8EH         LINE#         72
  C:3F94H         LINE#         74
  -------         ENDPROC       _ASCIITOBCD
  -------         PROC          _SENDDECVALTOUART
  D:0003H         SYMBOL        dat
  -------         DO            
  D:0002H         SYMBOL        hundred
  X:035FH         SYMBOL        ten
  X:0360H         SYMBOL        unit
  -------         ENDDO         
  C:3B3EH         LINE#         76
  C:3B40H         LINE#         77
  C:3B40H         LINE#         79
  C:3B46H         LINE#         80
  C:3B5FH         LINE#         81
  C:3B74H         LINE#         82
  C:3B79H         LINE#         83
  C:3B83H         LINE#         84
  -------         ENDPROC       _SENDDECVALTOUART
  C:3ED1H         SYMBOL        L?0042
  -------         PROC          L?0041
  -------         ENDPROC       L?0041
  C:3ED1H         SYMBOL        L?0042
  -------         PROC          _SENDBCDVALTOUART
  D:0007H         SYMBOL        dat
  -------         DO            
  D:0006H         SYMBOL        ten
  X:035FH         SYMBOL        unit
BL51 BANKED LINKER/LOCATER V6.22                                                      03/27/2019  16:21:31  PAGE 15


  -------         ENDDO         
  C:3ED6H         LINE#         88
  C:3ED6H         LINE#         89
  C:3ED6H         LINE#         91
  C:3EDBH         LINE#         92
  C:3EE2H         LINE#         93
  C:3EE7H         LINE#         94
  -------         ENDPROC       _SENDBCDVALTOUART
  -------         PROC          _SENDSPIDATATOUART
  X:035AH         SYMBOL        dat
  X:035BH         SYMBOL        adr
  C:2418H         LINE#         97
  C:241DH         LINE#         98
  C:241DH         LINE#         99
  C:2445H         LINE#         100
  C:2445H         LINE#         103
  C:244DH         LINE#         104
  C:244DH         LINE#         105
  C:244FH         LINE#         107
  C:24A5H         LINE#         108
  C:24A5H         LINE#         109
  C:24ADH         LINE#         110
  C:24C6H         LINE#         111
  C:24C6H         LINE#         112
  C:24C8H         LINE#         113
  C:24CAH         LINE#         115
  C:24CAH         LINE#         116
  C:24F7H         LINE#         117
  C:24FEH         LINE#         119
  C:2502H         LINE#         120
  C:2502H         LINE#         122
  C:2505H         LINE#         124
  C:2533H         LINE#         125
  C:2533H         LINE#         126
  C:255CH         LINE#         127
  C:255CH         LINE#         128
  C:2565H         LINE#         130
  C:2568H         LINE#         131
  C:256EH         LINE#         132
  C:2571H         LINE#         133
  C:259CH         LINE#         134
  C:259CH         LINE#         135
  C:259FH         LINE#         136
  C:25A5H         LINE#         137
  C:25A8H         LINE#         138
  C:25D3H         LINE#         139
  C:25D3H         LINE#         140
  C:25D6H         LINE#         141
  C:25DCH         LINE#         142
  C:25DEH         LINE#         143
  C:260CH         LINE#         144
  C:260CH         LINE#         145
  C:2611H         LINE#         146
  C:2617H         LINE#         147
  C:2619H         LINE#         149
  C:2619H         LINE#         150
  C:261EH         LINE#         151
BL51 BANKED LINKER/LOCATER V6.22                                                      03/27/2019  16:21:31  PAGE 16


  C:2627H         LINE#         152
  C:2627H         LINE#         153
  C:2627H         LINE#         154
  -------         ENDPROC       _SENDSPIDATATOUART
  -------         PROC          L?0043
  -------         ENDPROC       L?0043
  -------         PROC          _SENDUART1
  D:0007H         SYMBOL        dat
  C:4059H         LINE#         156
  C:4059H         LINE#         157
  C:4059H         LINE#         158
  C:405CH         LINE#         159
  C:405EH         LINE#         160
  C:405FH         LINE#         161
  C:4061H         LINE#         162
  -------         ENDPROC       _SENDUART1
  -------         ENDMOD        UART1

  -------         MODULE        LCD_DRIVER_SPLC780D
  C:0000H         SYMBOL        _ICE_DUMMY_
  D:0092H         PUBLIC        P1M0
  D:0091H         PUBLIC        P1M1
  D:0080H         PUBLIC        P0
  D:0090H         PUBLIC        P1
  D:00A0H         PUBLIC        P2
  D:00B0H         PUBLIC        P3
  D:00C0H         PUBLIC        P4
  D:00C8H         PUBLIC        P5
  D:00E8H         PUBLIC        P6
  D:00F8H         PUBLIC        P7
  C:3954H         PUBLIC        _WriteData
  D:00A8H         PUBLIC        IE
  D:00B8H         PUBLIC        IP
  D:00D8H         PUBLIC        CCON
  B:00B0H.4       PUBLIC        LCD_D4
  B:00B0H.5       PUBLIC        LCD_D5
  B:00B0H.6       PUBLIC        LCD_D6
  C:3F2EH         PUBLIC        _DisplayLCD
  B:00B0H.7       PUBLIC        LCD_D7
  D:0098H         PUBLIC        SCON
  D:0088H         PUBLIC        TCON
  C:4084H         PUBLIC        LCD_clear
  C:3CAEH         PUBLIC        _Command
  C:000EH         PUBLIC        _Display_Line
  C:3A92H         PUBLIC        LCD_Init
  C:3E73H         PUBLIC        _Wait_ms
  B:00C0H.0       PUBLIC        LCD_RS
  B:00B0H.2       PUBLIC        LCD_RW
  C:407AH         PUBLIC        LCD_return_home
  B:00B0H.3       PUBLIC        LCD_E
  D:00D0H         PUBLIC        PSW
  -------         PROC          LCD_INIT
  C:3A92H         LINE#         9
  C:3A92H         LINE#         10
  C:3A92H         LINE#         11
  C:3A95H         LINE#         12
  C:3A98H         LINE#         14
BL51 BANKED LINKER/LOCATER V6.22                                                      03/27/2019  16:21:31  PAGE 17


  C:3A9EH         LINE#         15
  C:3AA3H         LINE#         17
  C:3AAAH         LINE#         18
  C:3AAFH         LINE#         20
  C:3AB2H         LINE#         21
  C:3AB7H         LINE#         23
  C:3ABAH         LINE#         24
  C:3ABFH         LINE#         26
  C:3AC6H         LINE#         29
  C:3ACBH         LINE#         30
  C:3AD0H         LINE#         32
  C:3AD5H         LINE#         33
  C:3ADAH         LINE#         35
  C:3ADFH         LINE#         36
  C:3AE4H         LINE#         37
  -------         ENDPROC       LCD_INIT
  -------         PROC          _WRITEDATA
  X:042CH         SYMBOL        dat
  C:3954H         LINE#         40
  C:3959H         LINE#         41
  C:3959H         LINE#         46
  C:395BH         LINE#         47
  C:395DH         LINE#         49
  C:396BH         LINE#         50
  C:3977H         LINE#         51
  C:3983H         LINE#         52
  C:398DH         LINE#         53
  C:398FH         LINE#         54
  C:3996H         LINE#         55
  C:3998H         LINE#         57
  C:39A8H         LINE#         58
  C:39B3H         LINE#         59
  C:39BDH         LINE#         60
  C:39C1H         LINE#         62
  C:39C1H         LINE#         63
  C:39C4H         LINE#         64
  C:39C6H         LINE#         65
  C:39C8H         LINE#         67
  -------         ENDPROC       _WRITEDATA
  -------         PROC          _COMMAND
  D:0007H         SYMBOL        dat
  C:3CAEH         LINE#         69
  C:3CAEH         LINE#         70
  C:3CAEH         LINE#         71
  C:3CB0H         LINE#         72
  C:3CB2H         LINE#         74
  C:3CBCH         LINE#         75
  C:3CC0H         LINE#         77
  C:3CC2H         LINE#         78
  C:3CCBH         LINE#         79
  C:3CCFH         LINE#         81
  C:3CD1H         LINE#         82
  C:3CD8H         LINE#         83
  C:3CDCH         LINE#         85
  C:3CDEH         LINE#         86
  C:3CE2H         LINE#         87
  C:3CE6H         LINE#         89
BL51 BANKED LINKER/LOCATER V6.22                                                      03/27/2019  16:21:31  PAGE 18


  C:3CE8H         LINE#         90
  C:3CE8H         LINE#         91
  C:3CEBH         LINE#         92
  C:3CEDH         LINE#         93
  -------         ENDPROC       _COMMAND
  C:3E6FH         SYMBOL        L?0028
  -------         PROC          L?0027
  -------         ENDPROC       L?0027
  C:3E6FH         SYMBOL        L?0028
  -------         PROC          _WAIT_MS
  D:0006H         SYMBOL        ms
  -------         DO            
  D:0004H         SYMBOL        De_Cnt
  -------         ENDDO         
  C:3E73H         LINE#         95
  C:3E73H         LINE#         96
  C:3E73H         LINE#         98
  C:3E7DH         LINE#         99
  C:3E7DH         LINE#         100
  C:3E90H         LINE#         101
  C:3E90H         LINE#         102
  -------         ENDPROC       _WAIT_MS
  -------         PROC          _DISPLAYLCD
  D:0007H         SYMBOL        BCD
  -------         DO            
  D:0006H         SYMBOL        first_digit
  X:042DH         SYMBOL        second_digit
  -------         ENDDO         
  C:3F2EH         LINE#         103
  C:3F2EH         LINE#         104
  C:3F2EH         LINE#         106
  C:3F35H         LINE#         107
  C:3F3EH         LINE#         109
  C:3F43H         LINE#         111
  -------         ENDPROC       _DISPLAYLCD
  -------         PROC          LCD_RETURN_HOME
  C:407AH         LINE#         115
  C:407AH         LINE#         116
  C:407AH         LINE#         117
  C:407FH         LINE#         118
  -------         ENDPROC       LCD_RETURN_HOME
  -------         PROC          LCD_CLEAR
  C:4084H         LINE#         121
  C:4084H         LINE#         122
  C:4084H         LINE#         123
  C:4089H         LINE#         124
  -------         ENDPROC       LCD_CLEAR
  -------         PROC          _DISPLAY_LINE
  D:0006H         SYMBOL        line
  C:000EH         LINE#         128
  C:000EH         LINE#         129
  C:000EH         LINE#         130
  C:0014H         LINE#         131
  C:0014H         LINE#         132
  C:0016H         LINE#         133
  C:0016H         LINE#         134
  C:0018H         LINE#         136
BL51 BANKED LINKER/LOCATER V6.22                                                      03/27/2019  16:21:31  PAGE 19


  C:0018H         LINE#         137
  C:001DH         LINE#         138
  C:0022H         LINE#         139
  C:0022H         LINE#         140
  -------         ENDPROC       _DISPLAY_LINE
  -------         ENDMOD        LCD_DRIVER_SPLC780D

  -------         MODULE        KEYPAD
  C:0000H         SYMBOL        _ICE_DUMMY_
  D:0093H         PUBLIC        P0M1
  D:0080H         PUBLIC        P0
  D:0090H         PUBLIC        P1
  D:00A0H         PUBLIC        P2
  D:00B0H         PUBLIC        P3
  D:00C0H         PUBLIC        P4
  D:00C8H         PUBLIC        P5
  B:0020H.0       PUBLIC        calib_mode
  D:00E8H         PUBLIC        P6
  D:00F8H         PUBLIC        P7
  D:00A8H         PUBLIC        IE
  C:27F9H         PUBLIC        Key_Scan
  D:00B8H         PUBLIC        IP
  D:00D8H         PUBLIC        CCON
  C:4062H         PUBLIC        KeyPad_IO_Init
  C:3F10H         PUBLIC        _Delay_ms
  D:0098H         PUBLIC        SCON
  D:0088H         PUBLIC        TCON
  B:0020H.1       PUBLIC        small_move
  B:0020H.2       PUBLIC        move
  B:0020H.3       PUBLIC        direction
  B:0020H.4       PUBLIC        auto_move
  C:2178H         PUBLIC        Key_Process
  D:00D0H         PUBLIC        PSW
  D:0094H         PUBLIC        P0M0
  -------         PROC          _DELAY_MS
  D:0006H         SYMBOL        ms
  -------         DO            
  D:0004H         SYMBOL        De_Cnt
  -------         ENDDO         
  C:3F10H         LINE#         19
  C:3F10H         LINE#         20
  C:3F10H         LINE#         22
  C:3F1AH         LINE#         23
  C:3F1AH         LINE#         24
  C:3F2DH         LINE#         25
  C:3F2DH         LINE#         26
  -------         ENDPROC       _DELAY_MS
  -------         PROC          KEY_SCAN
  -------         DO            
  X:041FH         SYMBOL        KeyTemp1
  X:0420H         SYMBOL        KeyTemp2
  X:0421H         SYMBOL        KeyValue
  -------         ENDDO         
  C:27F9H         LINE#         27
  C:27F9H         LINE#         28
  C:27F9H         LINE#         33
  C:27FCH         LINE#         36
BL51 BANKED LINKER/LOCATER V6.22                                                      03/27/2019  16:21:31  PAGE 20


  C:27FFH         LINE#         38
  C:2807H         LINE#         39
  C:280EH         LINE#         40
  C:280EH         LINE#         42
  C:2813H         LINE#         43
  C:281AH         LINE#         44
  C:281AH         LINE#         47
  C:281DH         LINE#         48
  C:2820H         LINE#         49
  C:2825H         LINE#         50
  C:2829H         LINE#         51
  C:2829H         LINE#         52
  C:2831H         LINE#         53
  C:2831H         LINE#         54
  C:2834H         LINE#         55
  C:283CH         LINE#         56
  C:283EH         LINE#         58
  C:2852H         LINE#         59
  C:2852H         LINE#         60
  C:2852H         LINE#         61
  C:2852H         LINE#         62
  C:2858H         LINE#         64
  C:285AH         LINE#         65
  C:285AH         LINE#         66
  C:285AH         LINE#         67
  C:2860H         LINE#         69
  C:2862H         LINE#         70
  C:2862H         LINE#         71
  C:2862H         LINE#         72
  C:2868H         LINE#         74
  C:286AH         LINE#         75
  C:286AH         LINE#         76
  C:286AH         LINE#         77
  C:2870H         LINE#         79
  C:2870H         LINE#         80
  C:2870H         LINE#         81
  C:2870H         LINE#         84
  C:2873H         LINE#         85
  C:2876H         LINE#         86
  C:287EH         LINE#         87
  C:2882H         LINE#         88
  C:2882H         LINE#         89
  C:288AH         LINE#         90
  C:288AH         LINE#         91
  C:288DH         LINE#         92
  C:2895H         LINE#         93
  C:2897H         LINE#         94
  C:28ABH         LINE#         95
  C:28ABH         LINE#         96
  C:28ABH         LINE#         97
  C:28ABH         LINE#         98
  C:28B1H         LINE#         100
  C:28B3H         LINE#         101
  C:28B3H         LINE#         102
  C:28B3H         LINE#         103
  C:28B9H         LINE#         105
  C:28BBH         LINE#         106
BL51 BANKED LINKER/LOCATER V6.22                                                      03/27/2019  16:21:31  PAGE 21


  C:28BBH         LINE#         107
  C:28BBH         LINE#         108
  C:28C1H         LINE#         110
  C:28C3H         LINE#         111
  C:28C3H         LINE#         112
  C:28C3H         LINE#         113
  C:28C8H         LINE#         115
  C:28C8H         LINE#         116
  C:28C8H         LINE#         117
  C:28C8H         LINE#         120
  C:28CBH         LINE#         121
  C:28CEH         LINE#         122
  C:28D6H         LINE#         123
  C:28DAH         LINE#         124
  C:28DAH         LINE#         125
  C:28E2H         LINE#         126
  C:28E2H         LINE#         127
  C:28E5H         LINE#         128
  C:28EDH         LINE#         129
  C:28EFH         LINE#         130
  C:2903H         LINE#         131
  C:2903H         LINE#         132
  C:2903H         LINE#         133
  C:2903H         LINE#         134
  C:2909H         LINE#         136
  C:290BH         LINE#         137
  C:290BH         LINE#         138
  C:290BH         LINE#         139
  C:2911H         LINE#         141
  C:2913H         LINE#         142
  C:2913H         LINE#         143
  C:2913H         LINE#         144
  C:2919H         LINE#         146
  C:291BH         LINE#         147
  C:291BH         LINE#         148
  C:291BH         LINE#         149
  C:2921H         LINE#         151
  C:2921H         LINE#         152
  C:2921H         LINE#         153
  C:2921H         LINE#         157
  C:2924H         LINE#         158
  C:2927H         LINE#         159
  C:292FH         LINE#         160
  C:2933H         LINE#         161
  C:2933H         LINE#         162
  C:293BH         LINE#         163
  C:293BH         LINE#         164
  C:293EH         LINE#         165
  C:2946H         LINE#         166
  C:2948H         LINE#         167
  C:295CH         LINE#         168
  C:295CH         LINE#         169
  C:295CH         LINE#         170
  C:295CH         LINE#         171
  C:2962H         LINE#         173
  C:2964H         LINE#         174
  C:2964H         LINE#         175
BL51 BANKED LINKER/LOCATER V6.22                                                      03/27/2019  16:21:31  PAGE 22


  C:2964H         LINE#         176
  C:296AH         LINE#         178
  C:296CH         LINE#         179
  C:296CH         LINE#         180
  C:296CH         LINE#         181
  C:2972H         LINE#         183
  C:2974H         LINE#         184
  C:2974H         LINE#         185
  C:2974H         LINE#         186
  C:297AH         LINE#         188
  C:297AH         LINE#         189
  C:297AH         LINE#         190
  C:297AH         LINE#         192
  C:2980H         LINE#         193
  C:2980H         LINE#         195
  C:2980H         LINE#         196
  C:2983H         LINE#         197
  C:2983H         LINE#         198
  C:2983H         LINE#         200
  C:2983H         LINE#         201
  C:2985H         LINE#         202
  C:2985H         LINE#         203
  -------         ENDPROC       KEY_SCAN
  -------         PROC          KEY_PROCESS
  -------         DO            
  X:03DFH         SYMBOL        KeyCount
  X:03E1H         SYMBOL        KeyNum_Old
  X:03E2H         SYMBOL        KeyNum
  X:03E3H         SYMBOL        PressedKey
  X:03F8H         SYMBOL        d
  D:0004H         SYMBOL        hours
  D:0006H         SYMBOL        mins
  X:03FAH         SYMBOL        months
  X:03FCH         SYMBOL        days
  -------         ENDDO         
  C:2178H         LINE#         204
  C:2178H         LINE#         205
  C:2178H         LINE#         209
  C:2180H         LINE#         210
  C:2188H         LINE#         212
  C:218BH         LINE#         213
  C:218BH         LINE#         214
  C:218EH         LINE#         216
  C:218EH         LINE#         217
  C:219BH         LINE#         218
  C:219BH         LINE#         219
  C:219EH         LINE#         220
  C:21A1H         LINE#         222
  C:21A4H         LINE#         224
  C:21A4H         LINE#         225
  C:21AFH         LINE#         226
  C:21AFH         LINE#         227
  C:21B2H         LINE#         229
  C:21B2H         LINE#         230
  C:21B9H         LINE#         231
  C:21B9H         LINE#         232
  C:21BCH         LINE#         234
BL51 BANKED LINKER/LOCATER V6.22                                                      03/27/2019  16:21:31  PAGE 23


  C:21BCH         LINE#         235
  C:21C4H         LINE#         236
  C:21C4H         LINE#         237
  C:21CEH         LINE#         238
  C:21D6H         LINE#         240
  C:21DFH         LINE#         242
  C:21DFH         LINE#         251
  C:21F4H         LINE#         252
  C:21F4H         LINE#         253
  C:2206H         LINE#         254
  C:2214H         LINE#         255
  C:2223H         LINE#         256
  C:2223H         LINE#         258
  C:2229H         LINE#         262
  C:223FH         LINE#         263
  C:2250H         LINE#         264
  C:226BH         LINE#         265
  C:226BH         LINE#         266
  C:227BH         LINE#         267
  C:228CH         LINE#         268
  C:228CH         LINE#         272
  C:22A5H         LINE#         273
  C:22BCH         LINE#         274
  C:22DCH         LINE#         275
  C:22DCH         LINE#         276
  C:22E6H         LINE#         277
  C:22E6H         LINE#         278
  C:22EFH         LINE#         279
  C:22EFH         LINE#         280
  C:2303H         LINE#         281
  C:2303H         LINE#         282
  C:2303H         LINE#         283
  C:2303H         LINE#         284
  C:2303H         LINE#         285
  C:2305H         LINE#         287
  C:2305H         LINE#         288
  C:2311H         LINE#         289
  C:2311H         LINE#         290
  C:2322H         LINE#         291
  C:2322H         LINE#         292
  C:2322H         LINE#         293
  C:2322H         LINE#         294
  C:2322H         LINE#         296
  C:2324H         LINE#         298
  C:2324H         LINE#         299
  C:2335H         LINE#         300
  C:2335H         LINE#         301
  C:2335H         LINE#         302
  C:2335H         LINE#         303
  C:2335H         LINE#         305
  C:2335H         LINE#         307
  C:2335H         LINE#         308
  C:2337H         LINE#         310
  C:2337H         LINE#         311
  C:234AH         LINE#         312
  C:234AH         LINE#         313
  C:235BH         LINE#         314
BL51 BANKED LINKER/LOCATER V6.22                                                      03/27/2019  16:21:31  PAGE 24


  C:235BH         LINE#         315
  C:235BH         LINE#         316
  C:235BH         LINE#         317
  C:235BH         LINE#         318
  C:235DH         LINE#         320
  C:235DH         LINE#         321
  C:236EH         LINE#         322
  C:236EH         LINE#         323
  C:237FH         LINE#         324
  C:2390H         LINE#         325
  C:2390H         LINE#         326
  C:2390H         LINE#         327
  C:2390H         LINE#         328
  C:2390H         LINE#         329
  C:2393H         LINE#         330
  C:2398H         LINE#         331
  C:239DH         LINE#         332
  C:23A2H         LINE#         333
  C:23A7H         LINE#         334
  C:23ACH         LINE#         335
  C:23B1H         LINE#         336
  C:23B6H         LINE#         337
  C:23B6H         LINE#         339
  C:23D8H         LINE#         340
  C:23D8H         LINE#         341
  C:23E2H         LINE#         342
  C:23E2H         LINE#         343
  C:23E7H         LINE#         344
  C:23F0H         LINE#         345
  C:2407H         LINE#         346
  C:2407H         LINE#         347
  C:2417H         LINE#         349
  C:2417H         LINE#         353
  -------         ENDPROC       KEY_PROCESS
  -------         PROC          KEYPAD_IO_INIT
  C:4062H         LINE#         356
  C:4062H         LINE#         357
  C:4062H         LINE#         358
  C:4065H         LINE#         359
  C:4068H         LINE#         360
  C:406BH         LINE#         361
  C:406DH         LINE#         362
  -------         ENDPROC       KEYPAD_IO_INIT
  -------         ENDMOD        KEYPAD

  -------         MODULE        BIPOLARMOTOR
  C:0000H         SYMBOL        _ICE_DUMMY_
  D:0080H         PUBLIC        P0
  D:0090H         PUBLIC        P1
  D:00A0H         PUBLIC        P2
  D:00B0H         PUBLIC        P3
  D:00C0H         PUBLIC        P4
  D:00C8H         PUBLIC        P5
  D:00E8H         PUBLIC        P6
  D:00F8H         PUBLIC        P7
  X:00D4H         PUBLIC        low_date_azimuth_mapping
  D:00A8H         PUBLIC        IE
BL51 BANKED LINKER/LOCATER V6.22                                                      03/27/2019  16:21:31  PAGE 25


  C:326FH         PUBLIC        linear_interpolate
  C:3E1EH         PUBLIC        _Move
  D:00B8H         PUBLIC        IP
  C:265BH         PUBLIC        _findDet3x3
  C:1C07H         PUBLIC        _findDet4x4
  D:00D8H         PUBLIC        CCON
  X:00FCH         PUBLIC        previous_move_time
  D:0098H         PUBLIC        SCON
  D:0088H         PUBLIC        TCON
  C:40A6H         PUBLIC        wait
  C:3CEEH         PUBLIC        _Step_move
  X:00FDH         PUBLIC        dat
  C:0026H         PUBLIC        _Update_position
  C:3B8DH         PUBLIC        vOneStepMove
  X:0103H         PUBLIC        elevation_stamp
  X:013FH         PUBLIC        date_azimuth_mapping
  X:0167H         PUBLIC        RX_pos
  C:3F55H         PUBLIC        _BCDtoDec1
  X:0177H         PUBLIC        degree
  D:00D0H         PUBLIC        PSW
  -------         PROC          L?0066
  -------         ENDPROC       L?0066
  -------         PROC          _BCDTODEC1
  D:0007H         SYMBOL        bcd
  -------         DO            
  D:0006H         SYMBOL        hi
  D:0007H         SYMBOL        lo
  -------         ENDDO         
  C:3F55H         LINE#         28
  C:3F55H         LINE#         29
  C:3F55H         LINE#         31
  C:3F5AH         LINE#         32
  C:3F5EH         LINE#         33
  C:3F65H         LINE#         34
  -------         ENDPROC       _BCDTODEC1
  -------         PROC          WAIT
  C:40A6H         LINE#         36
  C:40A6H         LINE#         38
  -------         ENDPROC       WAIT
  -------         PROC          VONESTEPMOVE
  B:0021H.0       SYMBOL        bDir
  C:3B8DH         LINE#         40
  C:3B8DH         LINE#         41
  C:3B8DH         LINE#         43
  C:3B93H         LINE#         44
  C:3B93H         LINE#         45
  C:3B96H         LINE#         46
  C:3B9FH         LINE#         47
  C:3BA6H         LINE#         48
  C:3BABH         LINE#         49
  C:3BABH         LINE#         50
  C:3BABH         LINE#         52
  C:3BADH         LINE#         55
  C:3BADH         LINE#         56
  C:3BB0H         LINE#         57
  C:3BB9H         LINE#         58
  C:3BC0H         LINE#         59
BL51 BANKED LINKER/LOCATER V6.22                                                      03/27/2019  16:21:31  PAGE 26


  C:3BC6H         LINE#         60
  C:3BCFH         LINE#         61
  C:3BD6H         LINE#         62
  C:3BD6H         LINE#         66
  -------         ENDPROC       VONESTEPMOVE
  -------         PROC          _STEP_MOVE
  X:0407H         SYMBOL        step
  B:0021H.1       SYMBOL        dir
  -------         DO            
  X:0409H         SYMBOL        i
  -------         ENDDO         
  C:3CEEH         LINE#         68
  C:3CF6H         LINE#         69
  C:3CF6H         LINE#         71
  C:3CFBH         LINE#         74
  C:3D16H         LINE#         75
  C:3D16H         LINE#         76
  C:3D1DH         LINE#         78
  C:3D2DH         LINE#         80
  -------         ENDPROC       _STEP_MOVE
  -------         PROC          _MOVE
  X:040BH         SYMBOL        distance
  B:0021H.2       SYMBOL        direction
  -------         DO            
  D:0006H         SYMBOL        step
  -------         ENDDO         
  C:3E1EH         LINE#         82
  C:3E24H         LINE#         83
  C:3E24H         LINE#         86
  C:3E3FH         LINE#         87
  -------         ENDPROC       _MOVE
  C:263CH         SYMBOL        L?0062
  C:2650H         SYMBOL        L?0063
  -------         PROC          L?0061
  -------         ENDPROC       L?0061
  C:263CH         SYMBOL        L?0062
  C:2650H         SYMBOL        L?0063
  -------         PROC          _FINDDET3X3
  X:0362H         SYMBOL        a11
  X:0366H         SYMBOL        a12
  X:036AH         SYMBOL        a13
  X:036EH         SYMBOL        a21
  X:0372H         SYMBOL        a22
  X:0376H         SYMBOL        a23
  X:037AH         SYMBOL        a31
  X:037EH         SYMBOL        a32
  X:0382H         SYMBOL        a33
  C:265BH         LINE#         91
  C:2661H         LINE#         95
  C:2661H         LINE#         96
  C:27F8H         LINE#         98
  -------         ENDPROC       _FINDDET3X3
  -------         PROC          _FINDDET4X4
  X:02FBH         SYMBOL        a11
  X:02FFH         SYMBOL        a12
  X:0303H         SYMBOL        a13
  X:0307H         SYMBOL        a14
BL51 BANKED LINKER/LOCATER V6.22                                                      03/27/2019  16:21:31  PAGE 27


  X:030BH         SYMBOL        a21
  X:030FH         SYMBOL        a22
  X:0313H         SYMBOL        a23
  X:0317H         SYMBOL        a24
  X:031BH         SYMBOL        a31
  X:031FH         SYMBOL        a32
  X:0323H         SYMBOL        a33
  X:0327H         SYMBOL        a34
  X:032BH         SYMBOL        a41
  X:032FH         SYMBOL        a42
  X:0333H         SYMBOL        a43
  X:0337H         SYMBOL        a44
  C:1C07H         LINE#         99
  C:1C0DH         LINE#         103
  C:1C0DH         LINE#         110
  C:1EC6H         LINE#         114
  -------         ENDPROC       _FINDDET4X4
  C:325EH         SYMBOL        L?0065
  -------         PROC          L?0064
  -------         ENDPROC       L?0064
  C:325EH         SYMBOL        L?0065
  -------         PROC          LINEAR_INTERPOLATE
  X:039EH         SYMBOL        p1
  X:03A6H         SYMBOL        p2
  X:03AEH         SYMBOL        x
  -------         DO            
  D:0004H         SYMBOL        fx
  -------         ENDDO         
  C:326FH         LINE#         120
  C:326FH         LINE#         121
  C:326FH         LINE#         124
  C:330EH         LINE#         126
  C:330EH         LINE#         127
  -------         ENDPROC       LINEAR_INTERPOLATE
  -------         PROC          _UPDATE_POSITION
  D:0001H         SYMBOL        mnths
  D:0002H         SYMBOL        dys
  X:017DH         SYMBOL        hurs
  X:017EH         SYMBOL        mns
  X:017FH         SYMBOL        sconds
  X:0180H         SYMBOL        currnt_pos
  X:0183H         SYMBOL        offset_calib
  -------         DO            
  X:0187H         SYMBOL        date
  X:0189H         SYMBOL        i
  X:018BH         SYMBOL        yy
  X:018DH         SYMBOL        desired_distance
  X:0191H         SYMBOL        distance
  X:0195H         SYMBOL        JP_pos
  X:0199H         SYMBOL        pos_interpolate_azimuth
  X:01D5H         SYMBOL        current_local_sun_time
  X:01D9H         SYMBOL        azimuth
  X:01DDH         SYMBOL        elevation
  X:01E1H         SYMBOL        time_offset
  X:01E5H         SYMBOL        UTC_time
  X:01E9H         SYMBOL        declination
  X:01EDH         SYMBOL        p1
BL51 BANKED LINKER/LOCATER V6.22                                                      03/27/2019  16:21:31  PAGE 28


  X:01F5H         SYMBOL        p2
  X:01FDH         SYMBOL        time
  X:020FH         SYMBOL        location
  X:0217H         SYMBOL        sunCoord
  -------         ENDDO         
  C:0026H         LINE#         131
  C:002FH         LINE#         134
  C:002FH         LINE#         135
  C:003AH         LINE#         137
  C:0056H         LINE#         138
  C:0060H         LINE#         146
  C:006AH         LINE#         147
  C:0074H         LINE#         148
  C:007EH         LINE#         149
  C:0089H         LINE#         150
  C:0094H         LINE#         151
  C:00ADH         LINE#         152
  C:00BEH         LINE#         153
  C:00CDH         LINE#         156
  C:00E1H         LINE#         160
  C:0133H         LINE#         161
  C:0297H         LINE#         162
  C:02E7H         LINE#         164
  C:040FH         LINE#         166
  C:04DEH         LINE#         173
  C:0525H         LINE#         174
  C:0525H         LINE#         176
  C:053FH         LINE#         177
  C:053FH         LINE#         178
  C:05AFH         LINE#         179
  C:05AFH         LINE#         180
  C:05B6H         LINE#         181
  C:05B6H         LINE#         182
  C:05E3H         LINE#         183
  C:05FEH         LINE#         185
  C:0645H         LINE#         186
  C:0679H         LINE#         188
  C:06BFH         LINE#         189
  C:06E2H         LINE#         191
  C:06E2H         LINE#         193
  C:0758H         LINE#         194
  C:0758H         LINE#         195
  C:075FH         LINE#         196
  C:075FH         LINE#         197
  C:078CH         LINE#         198
  C:07A7H         LINE#         200
  C:07EEH         LINE#         201
  C:0822H         LINE#         203
  C:0868H         LINE#         204
  C:0888H         LINE#         206
  C:0888H         LINE#         207
  C:0899H         LINE#         210
  C:08B3H         LINE#         211
  C:08B3H         LINE#         212
  C:0923H         LINE#         213
  C:0923H         LINE#         214
  C:0950H         LINE#         215
BL51 BANKED LINKER/LOCATER V6.22                                                      03/27/2019  16:21:31  PAGE 29


  C:096BH         LINE#         217
  C:0998H         LINE#         218
  C:09B3H         LINE#         220
  C:09E5H         LINE#         223
  C:09E5H         LINE#         225
  C:09F6H         LINE#         227
  C:0A25H         LINE#         229
  C:0A4AH         LINE#         230
  C:0AAFH         LINE#         231
  C:0AAFH         LINE#         232
  C:0AC9H         LINE#         233
  C:0ADBH         LINE#         234
  C:0AF3H         LINE#         235
  C:0B09H         LINE#         237
  C:0B25H         LINE#         238
  C:0B25H         LINE#         239
  C:0B25H         LINE#         242
  -------         ENDPROC       _UPDATE_POSITION
  -------         ENDMOD        BIPOLARMOTOR

  -------         MODULE        SUNPOS
  C:0000H         SYMBOL        _ICE_DUMMY_
  C:1465H         PUBLIC        sunpos
  -------         PROC          SUNPOS
  X:029EH         SYMBOL        udtTime
  X:02B0H         SYMBOL        udtLocation
  X:02B8H         SYMBOL        udtSunCoordinates
  -------         DO            
  X:02BBH         SYMBOL        dElapsedJulianDays
  X:02BFH         SYMBOL        dDecimalHours
  X:02C3H         SYMBOL        dEclipticLongitude
  X:02C7H         SYMBOL        dEclipticObliquity
  X:02CBH         SYMBOL        dRightAscension
  X:02CFH         SYMBOL        dDeclination
  X:02D3H         SYMBOL        dY
  X:02D7H         SYMBOL        dX
  -------         DO            
  X:02DBH         SYMBOL        dJulianDate
  X:02DFH         SYMBOL        liAux1
  X:02E3H         SYMBOL        liAux2
  X:02DBH         SYMBOL        dMeanLongitude
  X:02DFH         SYMBOL        dMeanAnomaly
  X:02E3H         SYMBOL        dOmega
  X:02DBH         SYMBOL        dSin_EclipticLongitude
  X:02DBH         SYMBOL        dGreenwichMeanSiderealTime
  X:02DFH         SYMBOL        dLocalMeanSiderealTime
  X:02E3H         SYMBOL        dLatitudeInRadians
  X:02E7H         SYMBOL        dHourAngle
  X:02EBH         SYMBOL        dCos_Latitude
  X:02EFH         SYMBOL        dSin_Latitude
  X:02F3H         SYMBOL        dCos_HourAngle
  X:02F7H         SYMBOL        dParallax
  -------         ENDDO         
  -------         DO            
  X:02DBH         SYMBOL        dMeanLongitude
  X:02DFH         SYMBOL        dMeanAnomaly
  X:02E3H         SYMBOL        dOmega
BL51 BANKED LINKER/LOCATER V6.22                                                      03/27/2019  16:21:31  PAGE 30


  X:02DBH         SYMBOL        dSin_EclipticLongitude
  X:02DBH         SYMBOL        dGreenwichMeanSiderealTime
  X:02DFH         SYMBOL        dLocalMeanSiderealTime
  X:02E3H         SYMBOL        dLatitudeInRadians
  X:02E7H         SYMBOL        dHourAngle
  X:02EBH         SYMBOL        dCos_Latitude
  X:02EFH         SYMBOL        dSin_Latitude
  X:02F3H         SYMBOL        dCos_HourAngle
  X:02F7H         SYMBOL        dParallax
  -------         ENDDO         
  -------         DO            
  X:02DBH         SYMBOL        dSin_EclipticLongitude
  X:02DBH         SYMBOL        dGreenwichMeanSiderealTime
  X:02DFH         SYMBOL        dLocalMeanSiderealTime
  X:02E3H         SYMBOL        dLatitudeInRadians
  X:02E7H         SYMBOL        dHourAngle
  X:02EBH         SYMBOL        dCos_Latitude
  X:02EFH         SYMBOL        dSin_Latitude
  X:02F3H         SYMBOL        dCos_HourAngle
  X:02F7H         SYMBOL        dParallax
  -------         ENDDO         
  -------         DO            
  X:02DBH         SYMBOL        dGreenwichMeanSiderealTime
  X:02DFH         SYMBOL        dLocalMeanSiderealTime
  X:02E3H         SYMBOL        dLatitudeInRadians
  X:02E7H         SYMBOL        dHourAngle
  X:02EBH         SYMBOL        dCos_Latitude
  X:02EFH         SYMBOL        dSin_Latitude
  X:02F3H         SYMBOL        dCos_HourAngle
  X:02F7H         SYMBOL        dParallax
  -------         ENDDO         
  -------         ENDDO         
  C:1465H         LINE#         6
  C:1465H         LINE#         7
  C:1465H         LINE#         9
  C:1465H         LINE#         27
  C:14AFH         LINE#         30
  C:14D0H         LINE#         31
  C:1617H         LINE#         34
  C:1663H         LINE#         36
  C:1682H         LINE#         37
  C:1682H         LINE#         42
  C:1682H         LINE#         46
  C:16B4H         LINE#         47
  C:16DEH         LINE#         48
  C:1708H         LINE#         49
  C:17B5H         LINE#         52
  C:1816H         LINE#         54
  C:1816H         LINE#         59
  C:1816H         LINE#         61
  C:182DH         LINE#         62
  C:1855H         LINE#         63
  C:186CH         LINE#         64
  C:1897H         LINE#         65
  C:18CEH         LINE#         66
  C:18F9H         LINE#         67
  C:18F9H         LINE#         70
BL51 BANKED LINKER/LOCATER V6.22                                                      03/27/2019  16:21:31  PAGE 31


  C:18F9H         LINE#         79
  C:1934H         LINE#         82
  C:196EH         LINE#         84
  C:1993H         LINE#         85
  C:19B2H         LINE#         86
  C:19C9H         LINE#         87
  C:19E0H         LINE#         88
  C:19F7H         LINE#         89
  C:1A80H         LINE#         91
  C:1A9AH         LINE#         92
  C:1AFCH         LINE#         93
  C:1B32H         LINE#         94
  C:1B44H         LINE#         95
  C:1B71H         LINE#         96
  C:1B9EH         LINE#         98
  C:1BC0H         LINE#         100
  C:1BF8H         LINE#         103
  C:1BF8H         LINE#         104
  C:1C06H         LINE#         105
  -------         ENDPROC       SUNPOS
  -------         ENDMOD        SUNPOS

  -------         MODULE        ADC
  C:0000H         SYMBOL        _ICE_DUMMY_
  D:0092H         PUBLIC        P1M0
  D:0091H         PUBLIC        P1M1
  D:0080H         PUBLIC        P0
  D:0090H         PUBLIC        P1
  D:00A0H         PUBLIC        P2
  D:00B0H         PUBLIC        P3
  D:00C0H         PUBLIC        P4
  D:00C8H         PUBLIC        P5
  D:00E8H         PUBLIC        P6
  D:00F8H         PUBLIC        P7
  D:00A8H         PUBLIC        IE
  D:00BDH         PUBLIC        ADC_RES
  D:00B8H         PUBLIC        IP
  D:0097H         PUBLIC        CLK_DIV
  D:00D8H         PUBLIC        CCON
  D:00BCH         PUBLIC        ADC_CONTR
  D:0098H         PUBLIC        SCON
  D:0088H         PUBLIC        TCON
  B:00A0H.4       PUBLIC        P24
  B:00A0H.5       PUBLIC        P25
  B:00A0H.6       PUBLIC        P26
  C:3EF1H         PUBLIC        ADC_Init
  C:3D9CH         PUBLIC        _ADC_GetResult
  D:009DH         PUBLIC        P1ASF
  D:00BEH         PUBLIC        ADC_RESL
  D:00D0H         PUBLIC        PSW
  -------         PROC          ADC_INIT
  C:3EF1H         LINE#         7
  C:3EF1H         LINE#         8
  C:3EF1H         LINE#         10
  C:3EF3H         LINE#         11
  C:3EF5H         LINE#         12
  C:3EF7H         LINE#         13
BL51 BANKED LINKER/LOCATER V6.22                                                      03/27/2019  16:21:31  PAGE 32


  C:3EFAH         LINE#         14
  C:3EFDH         LINE#         15
  C:3F00H         LINE#         16
  C:3F03H         LINE#         18
  C:3F05H         LINE#         19
  C:3F07H         LINE#         20
  C:3F0AH         LINE#         22
  -------         ENDPROC       ADC_INIT
  -------         PROC          _ADC_GETRESULT
  D:0007H         SYMBOL        ch
  -------         DO            
  D:0006H         SYMBOL        ADC_Value_H
  D:0004H         SYMBOL        ADC_Value_L
  D:0006H         SYMBOL        ADC_Value
  -------         ENDDO         
  C:3D9CH         LINE#         27
  C:3D9CH         LINE#         28
  C:3D9CH         LINE#         30
  C:3DA1H         LINE#         31
  C:3DA2H         LINE#         32
  C:3DA3H         LINE#         33
  C:3DA4H         LINE#         34
  C:3DA5H         LINE#         35
  C:3DAAH         LINE#         36
  C:3DADH         LINE#         37
  C:3DB1H         LINE#         38
  C:3DB5H         LINE#         40
  C:3DC7H         LINE#         41
  C:3DC7H         LINE#         42
  -------         ENDPROC       _ADC_GETRESULT
  -------         ENDMOD        ADC

  -------         MODULE        CALIBRATION
  C:0000H         SYMBOL        _ICE_DUMMY_
  D:0080H         PUBLIC        P0
  D:0090H         PUBLIC        P1
  D:00A0H         PUBLIC        P2
  D:00B0H         PUBLIC        P3
  D:00C0H         PUBLIC        P4
  D:00C8H         PUBLIC        P5
  D:00E8H         PUBLIC        P6
  D:00F8H         PUBLIC        P7
  C:3713H         PUBLIC        _Max_Value
  D:00A8H         PUBLIC        IE
  C:308DH         PUBLIC        _calibration
  C:330FH         PUBLIC        voltage_is_stable
  D:00B8H         PUBLIC        IP
  D:00D8H         PUBLIC        CCON
  D:0098H         PUBLIC        SCON
  D:0088H         PUBLIC        TCON
  C:1EC7H         PUBLIC        _Find_Real_Max
  D:00D0H         PUBLIC        PSW
  -------         PROC          VOLTAGE_IS_STABLE
  -------         DO            
  X:0386H         SYMBOL        sample_voltage
  X:039AH         SYMBOL        i
  X:039CH         SYMBOL        ch
BL51 BANKED LINKER/LOCATER V6.22                                                      03/27/2019  16:21:31  PAGE 33


  -------         ENDDO         
  C:330FH         LINE#         19
  C:330FH         LINE#         20
  C:330FH         LINE#         22
  C:3316H         LINE#         23
  C:331CH         LINE#         24
  C:331CH         LINE#         25
  C:3345H         LINE#         26
  C:3364H         LINE#         28
  C:337EH         LINE#         29
  C:337EH         LINE#         30
  C:33B1H         LINE#         31
  C:33B5H         LINE#         32
  C:33C5H         LINE#         33
  C:33C9H         LINE#         34
  -------         ENDPROC       VOLTAGE_IS_STABLE
  -------         PROC          _FIND_REAL_MAX
  X:021AH         SYMBOL        current_position
  -------         DO            
  X:021DH         SYMBOL        ch
  X:021EH         SYMBOL        calib_step_move
  X:0222H         SYMBOL        voltage_at_scanned_pos
  X:029AH         SYMBOL        max_location
  X:029CH         SYMBOL        i
  -------         ENDDO         
  C:1EC7H         LINE#         35
  C:1ED2H         LINE#         36
  C:1ED2H         LINE#         37
  C:1ED5H         LINE#         38
  C:1EDDH         LINE#         42
  C:1EF6H         LINE#         43
  C:1EF6H         LINE#         44
  C:1F0BH         LINE#         45
  C:1F1BH         LINE#         46
  C:1F22H         LINE#         47
  C:1F22H         LINE#         48
  C:1F2DH         LINE#         49
  C:1F2DH         LINE#         50
  C:1F40H         LINE#         51
  C:1F66H         LINE#         52
  C:1F8EH         LINE#         53
  C:1F91H         LINE#         55
  C:1F91H         LINE#         57
  C:1FA3H         LINE#         58
  C:1FC3H         LINE#         61
  C:1FEAH         LINE#         63
  C:2046H         LINE#         64
  C:2049H         LINE#         65
  C:2049H         LINE#         69
  C:204EH         LINE#         70
  C:2053H         LINE#         72
  C:2058H         LINE#         73
  C:205DH         LINE#         74
  C:2062H         LINE#         75
  C:2067H         LINE#         78
  C:209EH         LINE#         79
  C:20A3H         LINE#         80
BL51 BANKED LINKER/LOCATER V6.22                                                      03/27/2019  16:21:31  PAGE 34


  C:20A8H         LINE#         81
  C:20AFH         LINE#         82
  C:20D1H         LINE#         96
  C:20E0H         LINE#         97
  C:20E0H         LINE#         98
  C:20F1H         LINE#         100
  C:2113H         LINE#         101
  C:2170H         LINE#         102
  C:2177H         LINE#         103
  C:2177H         LINE#         105
  -------         ENDPROC       _FIND_REAL_MAX
  -------         PROC          _MAX_VALUE
  D:0001H         SYMBOL        input
  -------         DO            
  D:0004H         SYMBOL        max
  X:040FH         SYMBOL        max_location
  X:0411H         SYMBOL        i
  -------         ENDDO         
  C:3713H         LINE#         108
  C:3713H         LINE#         109
  C:3713H         LINE#         110
  C:371EH         LINE#         112
  C:3733H         LINE#         113
  C:3733H         LINE#         114
[...]
  -------         ENDPROC       AT25SF041_CHIPERASE
  -------         PROC          AT25SF041_WRITEENABLE
  -------         DO            
  X:042AH         SYMBOL        i
  D:0003H         SYMBOL        write_en
BL51 BANKED LINKER/LOCATER V6.22                                                      03/27/2019  16:21:31  PAGE 40


  -------         ENDDO         
  C:3C21H         LINE#         49
  C:3C21H         LINE#         50
  C:3C21H         LINE#         53
  C:3C23H         LINE#         54
  C:3C25H         LINE#         57
  C:3C2CH         LINE#         58
  C:3C2CH         LINE#         59
  C:3C2EH         LINE#         60
  C:3C31H         LINE#         61
  C:3C35H         LINE#         62
  C:3C35H         LINE#         63
  C:3C37H         LINE#         64
  C:3C39H         LINE#         66
  C:3C39H         LINE#         67
  C:3C3BH         LINE#         69
  C:3C3BH         LINE#         70
  C:3C3BH         LINE#         71
  C:3C3BH         LINE#         72
  C:3C3EH         LINE#         73
  C:3C42H         LINE#         76
  C:3C61H         LINE#         77
  C:3C63H         LINE#         78
  -------         ENDPROC       AT25SF041_WRITEENABLE
  -------         PROC          _AT25SF041_WRITE
  D:0003H         SYMBOL        opcode
  X:03E9H         SYMBOL        addr
  X:03EDH         SYMBOL        dat
  -------         DO            
  X:03EEH         SYMBOL        i
  -------         ENDDO         
  C:2EABH         LINE#         83
  C:2EADH         LINE#         84
  C:2EADH         LINE#         85
  C:2EADH         LINE#         86
  C:2EAFH         LINE#         87
  C:2EB2H         LINE#         90
  C:2EB9H         LINE#         91
  C:2EB9H         LINE#         92
  C:2EBBH         LINE#         93
  C:2EBEH         LINE#         94
  C:2EC2H         LINE#         95
  C:2EC2H         LINE#         96
  C:2EC4H         LINE#         97
  C:2EC6H         LINE#         99
  C:2EC6H         LINE#         100
  C:2EC8H         LINE#         102
  C:2EC8H         LINE#         103
  C:2EC8H         LINE#         104
  C:2EC8H         LINE#         105
  C:2ECBH         LINE#         106
  C:2ECFH         LINE#         109
  C:2EEEH         LINE#         111
  C:2EF5H         LINE#         112
  C:2EF5H         LINE#         113
  C:2EF7H         LINE#         114
  C:2EFAH         LINE#         115
BL51 BANKED LINKER/LOCATER V6.22                                                      03/27/2019  16:21:31  PAGE 41


  C:2F16H         LINE#         116
  C:2F16H         LINE#         117
  C:2F18H         LINE#         118
  C:2F1AH         LINE#         120
  C:2F1AH         LINE#         121
  C:2F1CH         LINE#         123
  C:2F1CH         LINE#         124
  C:2F1CH         LINE#         125
  C:2F1CH         LINE#         126
  C:2F1FH         LINE#         127
  C:2F38H         LINE#         129
  C:2F57H         LINE#         131
  C:2F5EH         LINE#         132
  C:2F5EH         LINE#         133
  C:2F60H         LINE#         134
  C:2F63H         LINE#         135
  C:2F6AH         LINE#         136
  C:2F6AH         LINE#         137
  C:2F6CH         LINE#         138
  C:2F6EH         LINE#         140
  C:2F6EH         LINE#         141
  C:2F70H         LINE#         143
  C:2F70H         LINE#         144
  C:2F70H         LINE#         145
  C:2F70H         LINE#         146
  C:2F73H         LINE#         147
  C:2F7AH         LINE#         149
  C:2F99H         LINE#         151
  C:2F9BH         LINE#         152
  -------         ENDPROC       _AT25SF041_WRITE
  -------         PROC          _AT25SF041_READ
  D:0003H         SYMBOL        opcode
  X:035BH         SYMBOL        addr
  -------         DO            
  X:035FH         SYMBOL        dat
  X:0360H         SYMBOL        i
  -------         ENDDO         
  C:2DA2H         LINE#         156
  C:2DA4H         LINE#         157
  C:2DA4H         LINE#         158
  C:2DA9H         LINE#         160
  C:2DABH         LINE#         161
  C:2DB1H         LINE#         165
  C:2DB6H         LINE#         166
  C:2DB6H         LINE#         167
  C:2DB8H         LINE#         168
  C:2DBBH         LINE#         169
  C:2DBFH         LINE#         170
  C:2DBFH         LINE#         171
  C:2DC1H         LINE#         172
  C:2DC3H         LINE#         174
  C:2DC3H         LINE#         175
  C:2DC5H         LINE#         177
  C:2DC5H         LINE#         178
  C:2DC5H         LINE#         179
  C:2DC5H         LINE#         180
  C:2DC8H         LINE#         181
BL51 BANKED LINKER/LOCATER V6.22                                                      03/27/2019  16:21:31  PAGE 42


  C:2DCCH         LINE#         184
  C:2DEBH         LINE#         186
  C:2DF2H         LINE#         187
  C:2DF2H         LINE#         188
  C:2DF4H         LINE#         189
  C:2DF7H         LINE#         190
  C:2E13H         LINE#         191
  C:2E13H         LINE#         192
  C:2E15H         LINE#         193
  C:2E17H         LINE#         195
  C:2E17H         LINE#         196
  C:2E19H         LINE#         198
  C:2E19H         LINE#         199
  C:2E19H         LINE#         200
  C:2E19H         LINE#         201
  C:2E1CH         LINE#         202
  C:2E35H         LINE#         204
  C:2E54H         LINE#         207
  C:2E5BH         LINE#         209
  C:2E5DH         LINE#         210
  C:2E64H         LINE#         212
  C:2E6BH         LINE#         213
  C:2E6BH         LINE#         214
  C:2E72H         LINE#         215
  C:2E72H         LINE#         216
  C:2E75H         LINE#         217
  C:2E77H         LINE#         218
  C:2E7AH         LINE#         220
  C:2E7DH         LINE#         221
  C:2E7DH         LINE#         223
  C:2E81H         LINE#         224
  C:2E81H         LINE#         230
  C:2EA0H         LINE#         233
  C:2EA2H         LINE#         234
  C:2EA5H         LINE#         235
  C:2EAAH         LINE#         237
  -------         ENDPROC       _AT25SF041_READ
  -------         PROC          UCREAD_STATUS_REGISTER_BYTE1
  -------         DO            
  D:0003H         SYMBOL        dat
  D:0001H         SYMBOL        opcode
  X:0425H         SYMBOL        count
  X:0426H         SYMBOL        i
  -------         ENDDO         
  C:35D5H         LINE#         241
  C:35D5H         LINE#         242
  C:35D5H         LINE#         243
  C:35DBH         LINE#         244
  C:35DFH         LINE#         245
  C:35E1H         LINE#         246
  C:35E3H         LINE#         247
  C:35E9H         LINE#         251
  C:35F0H         LINE#         252
  C:35F0H         LINE#         253
  C:35F2H         LINE#         254
  C:35F5H         LINE#         255
  C:35F9H         LINE#         256
BL51 BANKED LINKER/LOCATER V6.22                                                      03/27/2019  16:21:31  PAGE 43


  C:35F9H         LINE#         257
  C:35FBH         LINE#         258
  C:35FDH         LINE#         260
  C:35FDH         LINE#         261
  C:35FFH         LINE#         263
  C:35FFH         LINE#         264
  C:35FFH         LINE#         265
  C:35FFH         LINE#         266
  C:3602H         LINE#         267
  C:3606H         LINE#         270
  C:3625H         LINE#         274
  C:362CH         LINE#         276
  C:362EH         LINE#         277
  C:3635H         LINE#         278
  C:363CH         LINE#         279
  C:363CH         LINE#         280
  C:3640H         LINE#         281
  C:3640H         LINE#         282
  C:3643H         LINE#         283
  C:3645H         LINE#         284
  C:3648H         LINE#         286
  C:364BH         LINE#         287
  C:364BH         LINE#         289
  C:364FH         LINE#         290
  C:364FH         LINE#         292
  C:366EH         LINE#         296
  C:3670H         LINE#         297
  C:3673H         LINE#         298
  C:3675H         LINE#         299
  -------         ENDPROC       UCREAD_STATUS_REGISTER_BYTE1
  -------         ENDMOD        AT25SF041

  -------         MODULE        ?C_STARTUP
  C:3844H         SEGMENT       ?C_C51STARTUP
  I:0022H         SEGMENT       ?STACK
  C:0000H         PUBLIC        ?C_STARTUP
  D:00E0H         SYMBOL        ACC
  D:00F0H         SYMBOL        B
  D:0083H         SYMBOL        DPH
  D:0082H         SYMBOL        DPL
  N:0000H         SYMBOL        IBPSTACK
  N:0100H         SYMBOL        IBPSTACKTOP
  N:0080H         SYMBOL        IDATALEN
  C:3847H         SYMBOL        IDATALOOP
  N:0000H         SYMBOL        PBPSTACK
  N:0100H         SYMBOL        PBPSTACKTOP
  N:0000H         SYMBOL        PDATALEN
  N:0000H         SYMBOL        PDATASTART
  N:0000H         SYMBOL        PPAGE
  N:0000H         SYMBOL        PPAGEENABLE
  D:00A0H         SYMBOL        PPAGE_SFR
  D:0081H         SYMBOL        SP
  C:3844H         SYMBOL        STARTUP1
  N:0000H         SYMBOL        XBPSTACK
  N:0000H         SYMBOL        XBPSTACKTOP
  N:0000H         SYMBOL        XDATALEN
  N:0000H         SYMBOL        XDATASTART
BL51 BANKED LINKER/LOCATER V6.22                                                      03/27/2019  16:21:31  PAGE 44


  C:0000H         LINE#         126
  C:3844H         LINE#         133
  C:3846H         LINE#         134
  C:3847H         LINE#         135
  C:3848H         LINE#         136
  C:384AH         LINE#         185
  C:384DH         LINE#         196
  -------         ENDMOD        ?C_STARTUP

  -------         MODULE        ?C?FPADD
  C:0B2DH         PUBLIC        ?C?FPADD
  C:0B29H         PUBLIC        ?C?FPSUB
  -------         ENDMOD        ?C?FPADD

  -------         MODULE        ?C?FPMUL
  C:0C1EH         PUBLIC        ?C?FPMUL
  -------         ENDMOD        ?C?FPMUL

  -------         MODULE        ?C?FPDIV
  C:0D27H         PUBLIC        ?C?FPDIV
  -------         ENDMOD        ?C?FPDIV

  -------         MODULE        ?C?FPCMP
  C:0DC6H         PUBLIC        ?C?FPCMP
  C:0DC4H         PUBLIC        ?C?FPCMP3
  -------         ENDMOD        ?C?FPCMP

  -------         MODULE        ?C?FPNEG
  C:0E3DH         PUBLIC        ?C?FPNEG
  -------         ENDMOD        ?C?FPNEG

  -------         MODULE        ?C?FCAST
  C:0E58H         PUBLIC        ?C?FCASTC
  C:0E53H         PUBLIC        ?C?FCASTI
  C:0E4EH         PUBLIC        ?C?FCASTL
  -------         ENDMOD        ?C?FCAST

  -------         MODULE        ?C?CASTF
  C:0E8CH         PUBLIC        ?C?CASTF
  -------         ENDMOD        ?C?CASTF

  -------         MODULE        ATAN2
  X:03F0H         PUBLIC        ?_atan2?BYTE
  C:3676H         PUBLIC        _atan2
  -------         ENDMOD        ATAN2

  -------         MODULE        SIN
  C:29CEH         PUBLIC        _COS
  C:29E4H         PUBLIC        _SIN
  C:2A20H         PUBLIC        _TAN
  -------         ENDMOD        SIN

  -------         MODULE        ACOS
  C:3BD7H         PUBLIC        _ACOS
  -------         ENDMOD        ACOS

  -------         MODULE        ASIN
BL51 BANKED LINKER/LOCATER V6.22                                                      03/27/2019  16:21:31  PAGE 45


  C:3D2EH         PUBLIC        _ASIN
  -------         ENDMOD        ASIN

  -------         MODULE        SQRT
  C:352DH         PUBLIC        _SQRT
  -------         ENDMOD        SQRT

  -------         MODULE        ATAN
  C:2CA0H         PUBLIC        _ATAN
  -------         ENDMOD        ATAN

  -------         MODULE        ?C?COPY
  C:102AH         PUBLIC        ?C?COPY
  -------         ENDMOD        ?C?COPY

  -------         MODULE        ?C?CLDPTR
  C:1050H         PUBLIC        ?C?CLDPTR
  -------         ENDMOD        ?C?CLDPTR

  -------         MODULE        ?C?CLDOPTR
  C:1069H         PUBLIC        ?C?CLDOPTR
  -------         ENDMOD        ?C?CLDOPTR

  -------         MODULE        ?C?CSTPTR
  C:1096H         PUBLIC        ?C?CSTPTR
  -------         ENDMOD        ?C?CSTPTR

  -------         MODULE        ?C?IMUL
  C:10A8H         PUBLIC        ?C?IMUL
  -------         ENDMOD        ?C?IMUL

  -------         MODULE        ?C?UIDIV
  C:10BAH         PUBLIC        ?C?UIDIV
  -------         ENDMOD        ?C?UIDIV

  -------         MODULE        ?C?SIDIV
  C:110FH         PUBLIC        ?C?SIDIV
  -------         ENDMOD        ?C?SIDIV

  -------         MODULE        ?C?ILDIX
  C:1145H         PUBLIC        ?C?ILDIX
  -------         ENDMOD        ?C?ILDIX

  -------         MODULE        ?C?ILDOPTR
  C:115BH         PUBLIC        ?C?ILDOPTR
  -------         ENDMOD        ?C?ILDOPTR

  -------         MODULE        ?C?LMUL
  C:1193H         PUBLIC        ?C?LMUL
  -------         ENDMOD        ?C?LMUL

  -------         MODULE        ?C?ULDIV
  C:121EH         PUBLIC        ?C?ULDIV
  -------         ENDMOD        ?C?ULDIV

  -------         MODULE        ?C?SLDIV
  C:3C6AH         PUBLIC        ?C?SLDIV
BL51 BANKED LINKER/LOCATER V6.22                                                      03/27/2019  16:21:31  PAGE 46


  -------         ENDMOD        ?C?SLDIV

  -------         MODULE        ?C?LNEG
  C:12B0H         PUBLIC        ?C?LNEG
  -------         ENDMOD        ?C?LNEG

  -------         MODULE        ?C?ULCMP
  C:12BEH         PUBLIC        ?C?ULCMP
  -------         ENDMOD        ?C?ULCMP

  -------         MODULE        ?C?LSHL
  C:12CFH         PUBLIC        ?C?LSHL
  -------         ENDMOD        ?C?LSHL

  -------         MODULE        ?C?LLDPTR
  C:12E2H         PUBLIC        ?C?LLDPTR
  -------         ENDMOD        ?C?LLDPTR

  -------         MODULE        ?C?LLDOPTR
  C:1302H         PUBLIC        ?C?LLDOPTR
  -------         ENDMOD        ?C?LLDOPTR

  -------         MODULE        ?C?LSTPTR
  C:1332H         PUBLIC        ?C?LSTPTR
  -------         ENDMOD        ?C?LSTPTR

  -------         MODULE        ?C?LSTOPTR
  C:134CH         PUBLIC        ?C?LSTOPTR
  -------         ENDMOD        ?C?LSTOPTR

  -------         MODULE        ?C?LLDXDATA
  C:1370H         PUBLIC        ?C?LLDXDATA
  -------         ENDMOD        ?C?LLDXDATA

  -------         MODULE        ?C?LLDCODE
  C:137CH         PUBLIC        ?C?LLDCODE
  -------         ENDMOD        ?C?LLDCODE

  -------         MODULE        ?C?LLDXDATA0
  C:138CH         PUBLIC        ?C?LLDXDATA0
  -------         ENDMOD        ?C?LLDXDATA0

  -------         MODULE        ?C?LLDCODE0
  C:1398H         PUBLIC        ?C?LLDCODE0
  -------         ENDMOD        ?C?LLDCODE0

  -------         MODULE        ?C?LLDPTR0
  C:13A8H         PUBLIC        ?C?LLDPTR0
  -------         ENDMOD        ?C?LLDPTR0

  -------         MODULE        ?C?LSTXDATA
  C:13C8H         PUBLIC        ?C?LSTXDATA
  -------         ENDMOD        ?C?LSTXDATA

  -------         MODULE        ?C?LSTKXDATA
  C:13D4H         PUBLIC        ?C?LSTKXDATA
  -------         ENDMOD        ?C?LSTKXDATA
BL51 BANKED LINKER/LOCATER V6.22                                                      03/27/2019  16:21:31  PAGE 47



  -------         MODULE        ABS
  C:406EH         PUBLIC        _ABS
  -------         ENDMOD        ABS

  -------         MODULE        ATOI
  C:3171H         PUBLIC        _atoi
  -------         ENDMOD        ATOI

  -------         MODULE        ?C?IILDX
  C:1405H         PUBLIC        ?C?IILDX
  -------         ENDMOD        ?C?IILDX

  -------         MODULE        ?C?LLDIDATA
  C:141BH         PUBLIC        ?C?LLDIDATA
  -------         ENDMOD        ?C?LLDIDATA

  -------         MODULE        ?C?LLDPDATA
  C:1427H         PUBLIC        ?C?LLDPDATA
  -------         ENDMOD        ?C?LLDPDATA

  -------         MODULE        ?C?LLDIDATA0
  C:1433H         PUBLIC        ?C?LLDIDATA0
  -------         ENDMOD        ?C?LLDIDATA0

  -------         MODULE        ?C?LLDPDATA0
  C:1440H         PUBLIC        ?C?LLDPDATA0
  -------         ENDMOD        ?C?LLDPDATA0

  -------         MODULE        ?C?LSTIDATA
  C:144DH         PUBLIC        ?C?LSTIDATA
  -------         ENDMOD        ?C?LSTIDATA

  -------         MODULE        ?C?LSTPDATA
  C:1459H         PUBLIC        ?C?LSTPDATA
  -------         ENDMOD        ?C?LSTPDATA

  -------         MODULE        ISDIGIT
  C:4039H         PUBLIC        _isdigit
  -------         ENDMOD        ISDIGIT

  -------         MODULE        ISSPACE
  C:3FD4H         PUBLIC        _isspace
  -------         ENDMOD        ISSPACE

*** WARNING L16: UNCALLED SEGMENT, IGNORED FOR OVERLAY PROCESS
    SEGMENT: ?PR?_DISPLAY_PROX?MAIN

*** WARNING L16: UNCALLED SEGMENT, IGNORED FOR OVERLAY PROCESS
    SEGMENT: ?PR?SPI_INIT?PCF85063BTL

*** WARNING L16: UNCALLED SEGMENT, IGNORED FOR OVERLAY PROCESS
    SEGMENT: ?PR?_READ_TIME?PCF85063BTL

*** WARNING L16: UNCALLED SEGMENT, IGNORED FOR OVERLAY PROCESS
    SEGMENT: ?PR?_DAY_OF_YEAR?PCF85063BTL

BL51 BANKED LINKER/LOCATER V6.22                                                      03/27/2019  16:21:31  PAGE 48


*** WARNING L16: UNCALLED SEGMENT, IGNORED FOR OVERLAY PROCESS
    SEGMENT: ?PR?_TEN?UART1

*** WARNING L16: UNCALLED SEGMENT, IGNORED FOR OVERLAY PROCESS
    SEGMENT: ?PR?_UNIT?UART1

*** WARNING L16: UNCALLED SEGMENT, IGNORED FOR OVERLAY PROCESS
    SEGMENT: ?PR?_DECTOBCD?UART1

*** WARNING L16: UNCALLED SEGMENT, IGNORED FOR OVERLAY PROCESS
    SEGMENT: ?PR?_ASCII_LETTER?UART1

*** WARNING L16: UNCALLED SEGMENT, IGNORED FOR OVERLAY PROCESS
    SEGMENT: ?PR?_ASCIITOBCD?UART1

*** WARNING L16: UNCALLED SEGMENT, IGNORED FOR OVERLAY PROCESS
    SEGMENT: ?PR?_DISPLAYLCD?LCD_DRIVER_SPLC780D

*** WARNING L16: UNCALLED SEGMENT, IGNORED FOR OVERLAY PROCESS
    SEGMENT: ?PR?LCD_RETURN_HOME?LCD_DRIVER_SPLC780D

*** WARNING L16: UNCALLED SEGMENT, IGNORED FOR OVERLAY PROCESS
    SEGMENT: ?PR?_DISPLAY_LINE?LCD_DRIVER_SPLC780D

*** WARNING L16: UNCALLED SEGMENT, IGNORED FOR OVERLAY PROCESS
    SEGMENT: ?PR?KEY_PROCESS?KEYPAD

*** WARNING L16: UNCALLED SEGMENT, IGNORED FOR OVERLAY PROCESS
    SEGMENT: ?PR?KEYPAD_IO_INIT?KEYPAD

*** WARNING L16: UNCALLED SEGMENT, IGNORED FOR OVERLAY PROCESS
    SEGMENT: ?PR?WAIT?BIPOLARMOTOR

*** WARNING L16: UNCALLED SEGMENT, IGNORED FOR OVERLAY PROCESS
    SEGMENT: ?PR?_FINDDET4X4?BIPOLARMOTOR

*** WARNING L16: UNCALLED SEGMENT, IGNORED FOR OVERLAY PROCESS
    SEGMENT: ?PR?ADC_INIT?ADC

*** WARNING L16: UNCALLED SEGMENT, IGNORED FOR OVERLAY PROCESS
    SEGMENT: ?PR?_CALIBRATION?CALIBRATION

*** WARNING L16: UNCALLED SEGMENT, IGNORED FOR OVERLAY PROCESS
    SEGMENT: ?PR?NOP?IOEXPANDER_PI4IOE5V96248

*** WARNING L16: UNCALLED SEGMENT, IGNORED FOR OVERLAY PROCESS
    SEGMENT: ?PR?UC_ACK?IOEXPANDER_PI4IOE5V96248

*** WARNING L16: UNCALLED SEGMENT, IGNORED FOR OVERLAY PROCESS
    SEGMENT: ?PR?UC_NACK?IOEXPANDER_PI4IOE5V96248

*** WARNING L16: UNCALLED SEGMENT, IGNORED FOR OVERLAY PROCESS
    SEGMENT: ?PR?AT25SF041_CHIPERASE?AT25SF041

*** WARNING L16: UNCALLED SEGMENT, IGNORED FOR OVERLAY PROCESS
    SEGMENT: ?PR?AT25SF041_WRITEENABLE?AT25SF041

BL51 BANKED LINKER/LOCATER V6.22                                                      03/27/2019  16:21:31  PAGE 49


*** WARNING L16: UNCALLED SEGMENT, IGNORED FOR OVERLAY PROCESS
    SEGMENT: ?PR?_AT25SF041_WRITE?AT25SF041

*** WARNING L1: UNRESOLVED EXTERNAL SYMBOL
    SYMBOL:  AUTO_MODE
    MODULE:  .\Obj\main.obj (MAIN)

*** WARNING L2: REFERENCE MADE TO UNRESOLVED EXTERNAL
    SYMBOL:  AUTO_MODE
    MODULE:  .\Obj\main.obj (MAIN)
    ADDRESS: 2FCAH

*** WARNING L1: UNRESOLVED EXTERNAL SYMBOL
    SYMBOL:  AUTO_MODE
    MODULE:  .\Obj\KeyPad.obj (KEYPAD)

*** WARNING L2: REFERENCE MADE TO UNRESOLVED EXTERNAL
    SYMBOL:  AUTO_MODE
    MODULE:  .\Obj\KeyPad.obj (KEYPAD)
    ADDRESS: 21C5H

*** WARNING L2: REFERENCE MADE TO UNRESOLVED EXTERNAL
    SYMBOL:  AUTO_MODE
    MODULE:  .\Obj\KeyPad.obj (KEYPAD)
    ADDRESS: 21D0H

*** WARNING L2: REFERENCE MADE TO UNRESOLVED EXTERNAL
    SYMBOL:  AUTO_MODE
    MODULE:  .\Obj\KeyPad.obj (KEYPAD)
    ADDRESS: 21D7H

Program Size: data=10.5 xdata=1073 code=16552
LINK/LOCATE RUN COMPLETE.  30 WARNING(S),  0 ERROR(S)
