BL51 BANKED LINKER/LOCATER V6.22                                                        05/14/2019  16:54:33  PAGE 1


BL51 BANKED LINKER/LOCATER V6.22, INVOKED BY:
C:\KEIL_V5\C51\BIN\BL51.EXE .\Obj\main.obj, .\Obj\PCF85063BTL.obj, .\Obj\UART1.obj, .\Obj\LCd_Driver_SPLC780D.obj, .\Obj
>> \KeyPad.obj, .\Obj\BipolarMotor.obj, .\Obj\SunPos.obj, .\Obj\ADC.obj, .\Obj\Calibration.obj, .\Obj\IOExpander_PI4IOE5
>> V96248.obj, .\Obj\AT25SF041.obj, .\Obj\STARTUP.obj TO .\Obj\GPIO_RTC_Test PRINT (.\Lis\GPIO_RTC_Test.m51) RAMSIZE (25
>> 6)


MEMORY MODEL: LARGE WITH FLOATING POINT ARITHMETIC


INPUT MODULES INCLUDED:
  .\Obj\main.obj (MAIN)
  .\Obj\PCF85063BTL.obj (PCF85063BTL)
  .\Obj\UART1.obj (UART1)
  .\Obj\LCd_Driver_SPLC780D.obj (LCD_DRIVER_SPLC780D)
  .\Obj\KeyPad.obj (KEYPAD)
  .\Obj\BipolarMotor.obj (BIPOLARMOTOR)
  .\Obj\SunPos.obj (SUNPOS)
  .\Obj\ADC.obj (ADC)
  .\Obj\Calibration.obj (CALIBRATION)
  .\Obj\IOExpander_PI4IOE5V96248.obj (IOEXPANDER_PI4IOE5V96248)
  .\Obj\AT25SF041.obj (AT25SF041)
  .\Obj\STARTUP.obj (?C_STARTUP)
  C:\KEIL_V5\C51\LIB\C51FPL.LIB (?C?FPADD)
  C:\KEIL_V5\C51\LIB\C51FPL.LIB (?C?FPMUL)
  C:\KEIL_V5\C51\LIB\C51FPL.LIB (?C?FPDIV)
  C:\KEIL_V5\C51\LIB\C51FPL.LIB (?C?FPCMP)
  C:\KEIL_V5\C51\LIB\C51FPL.LIB (?C?FPNEG)
  C:\KEIL_V5\C51\LIB\C51FPL.LIB (?C?FCAST)
  C:\KEIL_V5\C51\LIB\C51FPL.LIB (?C?CASTF)
  C:\KEIL_V5\C51\LIB\C51FPL.LIB (ATAN2)
  C:\KEIL_V5\C51\LIB\C51FPL.LIB (SIN)
  C:\KEIL_V5\C51\LIB\C51FPL.LIB (ACOS)
  C:\KEIL_V5\C51\LIB\C51FPL.LIB (ASIN)
  C:\KEIL_V5\C51\LIB\C51FPL.LIB (?C?FPGETOPN)
  C:\KEIL_V5\C51\LIB\C51FPL.LIB (?C?FPSERIES)
  C:\KEIL_V5\C51\LIB\C51FPL.LIB (SQRT)
  C:\KEIL_V5\C51\LIB\C51FPL.LIB (ATAN)
  C:\KEIL_V5\C51\LIB\C51L.LIB (?C_INIT)
  C:\KEIL_V5\C51\LIB\C51L.LIB (?C?COPY)
  C:\KEIL_V5\C51\LIB\C51L.LIB (?C?CLDPTR)
  C:\KEIL_V5\C51\LIB\C51L.LIB (?C?CLDOPTR)
  C:\KEIL_V5\C51\LIB\C51L.LIB (?C?CSTPTR)
  C:\KEIL_V5\C51\LIB\C51L.LIB (?C?IMUL)
  C:\KEIL_V5\C51\LIB\C51L.LIB (?C?UIDIV)
  C:\KEIL_V5\C51\LIB\C51L.LIB (?C?SIDIV)
  C:\KEIL_V5\C51\LIB\C51L.LIB (?C?ILDIX)
  C:\KEIL_V5\C51\LIB\C51L.LIB (?C?ILDOPTR)
  C:\KEIL_V5\C51\LIB\C51L.LIB (?C?LMUL)
  C:\KEIL_V5\C51\LIB\C51L.LIB (?C?ULDIV)
  C:\KEIL_V5\C51\LIB\C51L.LIB (?C?SLDIV)
  C:\KEIL_V5\C51\LIB\C51L.LIB (?C?LNEG)
  C:\KEIL_V5\C51\LIB\C51L.LIB (?C?ULCMP)
  C:\KEIL_V5\C51\LIB\C51L.LIB (?C?LSHL)
  C:\KEIL_V5\C51\LIB\C51L.LIB (?C?LLDPTR)
  C:\KEIL_V5\C51\LIB\C51L.LIB (?C?LLDOPTR)
  C:\KEIL_V5\C51\LIB\C51L.LIB (?C?LSTPTR)
  C:\KEIL_V5\C51\LIB\C51L.LIB (?C?LSTOPTR)
BL51 BANKED LINKER/LOCATER V6.22                                                      05/14/2019  16:54:33  PAGE 2


  C:\KEIL_V5\C51\LIB\C51L.LIB (?C?LLDXDATA)
  C:\KEIL_V5\C51\LIB\C51L.LIB (?C?LLDCODE)
  C:\KEIL_V5\C51\LIB\C51L.LIB (?C?LLDXDATA0)
  C:\KEIL_V5\C51\LIB\C51L.LIB (?C?LLDCODE0)
  C:\KEIL_V5\C51\LIB\C51L.LIB (?C?LLDPTR0)
  C:\KEIL_V5\C51\LIB\C51L.LIB (?C?LSTXDATA)
  C:\KEIL_V5\C51\LIB\C51L.LIB (?C?LSTKXDATA)
  C:\KEIL_V5\C51\LIB\C51L.LIB (ABS)
  C:\KEIL_V5\C51\LIB\C51L.LIB (ATOI)
  C:\KEIL_V5\C51\LIB\C51L.LIB (?C?IILDX)
  C:\KEIL_V5\C51\LIB\C51L.LIB (?C?LLDIDATA)
  C:\KEIL_V5\C51\LIB\C51L.LIB (?C?LLDPDATA)
  C:\KEIL_V5\C51\LIB\C51L.LIB (?C?LLDIDATA0)
  C:\KEIL_V5\C51\LIB\C51L.LIB (?C?LLDPDATA0)
  C:\KEIL_V5\C51\LIB\C51L.LIB (?C?LSTIDATA)
  C:\KEIL_V5\C51\LIB\C51L.LIB (?C?LSTPDATA)
  C:\KEIL_V5\C51\LIB\C51L.LIB (ISDIGIT)
  C:\KEIL_V5\C51\LIB\C51L.LIB (ISSPACE)


LINK MAP OF MODULE:  .\Obj\GPIO_RTC_Test (MAIN)


            TYPE    BASE      LENGTH    RELOCATION   SEGMENT NAME
            -----------------------------------------------------

            * * * * * * *   D A T A   M E M O R Y   * * * * * * *
            REG     0000H     0008H     ABSOLUTE     "REG BANK 0"
            REG     0008H     0008H     ABSOLUTE     "REG BANK 1"
                    0010H     0010H                  *** GAP ***
            BIT     0020H.0   0000H.5   UNIT         ?BI?KEYPAD
            BIT     0020H.5   0000H.2   UNIT         ?BI?ATAN?ATAN
            BIT     0020H.7   0000H.1   UNIT         ?BI?MAIN
            BIT     0021H.0   0000H.1   UNIT         ?BI?VONESTEPMOVE?BIPOLARMOTOR
            BIT     0021H.1   0000H.1   UNIT         ?BI?_STEP_MOVE?BIPOLARMOTOR
            BIT     0021H.2   0000H.1   UNIT         ?BI?_MOVE?BIPOLARMOTOR
            BIT     0021H.3   0000H.1   UNIT         ?BI?SIN?SIN
            BIT     0021H.4   0000H.1   UNIT         ?BI?_ATOI?ATOI
                    0021H.5   0000H.3                *** GAP ***
            IDATA   0022H     0001H     UNIT         ?STACK

            * * * * * * *  X D A T A   M E M O R Y  * * * * * * *
            XDATA   0000H     00D4H     UNIT         ?XD?MAIN
            XDATA   00D4H     00A7H     UNIT         ?XD?BIPOLARMOTOR
            XDATA   017BH     009FH     UNIT         ?XD?_UPDATE_POSITION?BIPOLARMOTOR
            XDATA   021AH     0084H     UNIT         ?XD?_FIND_REAL_MAX?CALIBRATION
            XDATA   029EH     005DH     UNIT         ?XD?SUNPOS?SUNPOS
            XDATA   02FBH     0040H     UNIT         ?XD?_FINDDET4X4?BIPOLARMOTOR
            XDATA   033BH     0024H     UNIT         ?XD?_FINDDET3X3?BIPOLARMOTOR
            XDATA   035FH     0022H     UNIT         _XDATA_GROUP_
            XDATA   0381H     0018H     UNIT         ?XD?VOLTAGE_IS_STABLE?CALIBRATION
            XDATA   0399H     0014H     UNIT         ?XD?LINEAR_INTERPOLATE?BIPOLARMOTOR
            XDATA   03ADH     0014H     UNIT         ?XD?_CALIBRATION?CALIBRATION
            XDATA   03C1H     000FH     UNIT         ?XD?_READ_TIME?PCF85063BTL
            XDATA   03D0H     000AH     UNIT         ?XD?_DISPLAY_POS?MAIN
            XDATA   03DAH     0009H     UNIT         ?XD?KEYPAD
            XDATA   03E3H     0008H     UNIT         ?XD?_AT25SF041_WRITE?AT25SF041
BL51 BANKED LINKER/LOCATER V6.22                                                      05/14/2019  16:54:33  PAGE 3


            XDATA   03EBH     0008H     UNIT         ?XD?_AT25SF041_READ?AT25SF041
            XDATA   03F3H     0008H     UNIT         ?XD?_ATAN2?ATAN2
            XDATA   03FBH     0006H     UNIT         ?XD?KEY_PROCESS?KEYPAD
            XDATA   0401H     0005H     UNIT         ?XD?_SENDSPIDATATOUART?UART1
            XDATA   0406H     0005H     UNIT         ?XD?_ATOI?ATOI
            XDATA   040BH     0004H     UNIT         ?XD?_DISPLAY_PROX?MAIN
            XDATA   040FH     0004H     UNIT         ?XD?_STEP_MOVE?BIPOLARMOTOR
            XDATA   0413H     0004H     UNIT         ?XD?_MOVE?BIPOLARMOTOR
            XDATA   0417H     0004H     UNIT         ?XD?_MAX_VALUE?CALIBRATION
            XDATA   041BH     0004H     UNIT         ?XD?SIN?SIN
            XDATA   041FH     0004H     UNIT         ?XD?SQRT?SQRT
            XDATA   0423H     0004H     UNIT         ?XD?ATAN?ATAN
            XDATA   0427H     0003H     UNIT         ?XD?KEY_SCAN?KEYPAD
            XDATA   042AH     0003H     UNIT         ?XD?_WRITE_PI4IOE5V96248?IOEXPANDER_PI4IOE5V96248
            XDATA   042DH     0003H     UNIT         ?XD?UCREAD_STATUS_REGISTER_BYTE1?AT25SF041
            XDATA   0430H     0002H     UNIT         ?XD?_SENDDECVALTOUART?UART1
            XDATA   0432H     0002H     UNIT         ?XD?AT25SF041_CHIPERASE?AT25SF041
            XDATA   0434H     0002H     UNIT         ?XD?AT25SF041_WRITEENABLE?AT25SF041
            XDATA   0436H     0001H     UNIT         ?XD?_SENDBCDVALTOUART?UART1
            XDATA   0437H     0001H     UNIT         ?XD?_WRITEDATA?LCD_DRIVER_SPLC780D
            XDATA   0438H     0001H     UNIT         ?XD?_DISPLAYLCD?LCD_DRIVER_SPLC780D
            XDATA   0439H     0001H     UNIT         ?XD?I2C_ACK?IOEXPANDER_PI4IOE5V96248
            XDATA   043AH     0001H     UNIT         ?XD?UC_ACK?IOEXPANDER_PI4IOE5V96248
            XDATA   043BH     0001H     UNIT         ?XD?UC_NACK?IOEXPANDER_PI4IOE5V96248

            * * * * * * *   C O D E   M E M O R Y   * * * * * * *
            CODE    0000H     0003H     ABSOLUTE     
            CODE    0003H     0006H     UNIT         ?PR?_TEN?UART1
            CODE    0009H     0001H     UNIT         ?PR?TM0_ISR?MAIN
            CODE    000AH     0001H     UNIT         ?PR?_DECTOBCD?UART1
            CODE    000BH     0003H     ABSOLUTE     
            CODE    000EH     0015H     UNIT         ?PR?_DISPLAY_LINE?LCD_DRIVER_SPLC780D
            CODE    0023H     0003H     ABSOLUTE     
            CODE    0026H     0B00H     UNIT         ?PR?_UPDATE_POSITION?BIPOLARMOTOR
            CODE    0B26H     093FH     UNIT         ?C?LIB_CODE
            CODE    1465H     07A2H     UNIT         ?PR?SUNPOS?SUNPOS
            CODE    1C07H     02C0H     UNIT         ?PR?_FINDDET4X4?BIPOLARMOTOR
            CODE    1EC7H     02B1H     UNIT         ?PR?_FIND_REAL_MAX?CALIBRATION
            CODE    2178H     02A0H     UNIT         ?PR?KEY_PROCESS?KEYPAD
            CODE    2418H     0297H     UNIT         ?PR?_SENDSPIDATATOUART?UART1
            CODE    26AFH     01D1H     UNIT         ?PR?_FINDDET3X3?BIPOLARMOTOR
            CODE    2880H     018DH     UNIT         ?PR?KEY_SCAN?KEYPAD
            CODE    2A0DH     0188H     UNIT         ?PR?SIN?SIN
            CODE    2B95H     0172H     UNIT         ?PR?_DISPLAY_POS?MAIN
            CODE    2D07H     0122H     UNIT         ?PR?ATAN?ATAN
            CODE    2E29H     0109H     UNIT         ?PR?_AT25SF041_READ?AT25SF041
            CODE    2F32H     00F7H     UNIT         ?PR?_AT25SF041_WRITE?AT25SF041
            CODE    3029H     00E4H     UNIT         ?PR?_CALIBRATION?CALIBRATION
            CODE    310DH     00DBH     UNIT         ?PR?_ATOI?ATOI
            CODE    31E8H     00C3H     UNIT         ?PR?LINEAR_INTERPOLATE?BIPOLARMOTOR
            CODE    32ABH     00BBH     UNIT         ?PR?VOLTAGE_IS_STABLE?CALIBRATION
            CODE    3366H     00B2H     UNIT         ?C_INITSEG
            CODE    3418H     00ADH     UNIT         ?PR?_WRITE_PI4IOE5V96248?IOEXPANDER_PI4IOE5V96248
            CODE    34C5H     00ACH     UNIT         ?PR?SQRT?SQRT
            CODE    3571H     00A1H     UNIT         ?PR?UCREAD_STATUS_REGISTER_BYTE1?AT25SF041
            CODE    3612H     009DH     UNIT         ?PR?_ATAN2?ATAN2
            CODE    36AFH     009CH     UNIT         ?PR?_MAX_VALUE?CALIBRATION
BL51 BANKED LINKER/LOCATER V6.22                                                      05/14/2019  16:54:33  PAGE 4


            CODE    374BH     0095H     UNIT         ?PR?_DISPLAY_PROX?MAIN
            CODE    37E0H     008CH     UNIT         ?C_C51STARTUP
            CODE    386CH     0084H     UNIT         ?PR?_DAY_OF_YEAR?PCF85063BTL
            CODE    38F0H     0075H     UNIT         ?PR?_WRITEDATA?LCD_DRIVER_SPLC780D
            CODE    3965H     006FH     UNIT         ?PR?MAIN?MAIN
            CODE    39D4H     006FH     UNIT         ?PR?_READ_TIME?PCF85063BTL
            CODE    3A43H     005AH     UNIT         ?PR?AT25SF041_CHIPERASE?AT25SF041
            CODE    3A9DH     0059H     UNIT         ?PR?LCD_INIT?LCD_DRIVER_SPLC780D
            CODE    3AF6H     0053H     UNIT         ?CO?UART1
            CODE    3B49H     004FH     UNIT         ?PR?_SENDDECVALTOUART?UART1
            CODE    3B98H     004AH     UNIT         ?PR?VONESTEPMOVE?BIPOLARMOTOR
            CODE    3BE2H     004AH     UNIT         ?PR?ACOS?ACOS
            CODE    3C2CH     0049H     UNIT         ?PR?AT25SF041_WRITEENABLE?AT25SF041
            CODE    3C75H     0044H     UNIT         ?C?LDIV
            CODE    3CB9H     0040H     UNIT         ?PR?_COMMAND?LCD_DRIVER_SPLC780D
            CODE    3CF9H     0040H     UNIT         ?PR?_STEP_MOVE?BIPOLARMOTOR
            CODE    3D39H     003BH     UNIT         ?PR?ASIN?ASIN
            CODE    3D74H     0033H     UNIT         ?PR?_SENDSTRING?UART1
            CODE    3DA7H     002CH     UNIT         ?PR?_ADC_GETRESULT?ADC
            CODE    3DD3H     002BH     UNIT         ?PR?_WAIT_MS_I2C?IOEXPANDER_PI4IOE5V96248
            CODE    3DFEH     002BH     UNIT         ?PR?_WAIT_MS_SPINOR?AT25SF041
            CODE    3E29H     0029H     UNIT         ?PR?UART?MAIN
            CODE    3E52H     0028H     UNIT         ?PR?_MOVE?BIPOLARMOTOR
            CODE    3E7AH     0027H     UNIT         ?PR?_I2C_SENDBYTE?IOEXPANDER_PI4IOE5V96248
            CODE    3EA1H     0024H     UNIT         ?PR?_WAIT_MS?LCD_DRIVER_SPLC780D
            CODE    3EC5H     0020H     UNIT         ?PR?_SPI_SENDBYTE?PCF85063BTL
            CODE    3EE5H     0020H     UNIT         ?PR?SPI_RECEIVEBYTE?PCF85063BTL
            CODE    3F05H     0020H     UNIT         ?PR?_SENDBCDVALTOUART?UART1
            CODE    3F25H     001FH     UNIT         ?PR?ADC_INIT?ADC
            CODE    3F44H     001EH     UNIT         ?PR?_DELAY_MS?KEYPAD
            CODE    3F62H     001DH     UNIT         ?PR?_DISPLAYLCD?LCD_DRIVER_SPLC780D
            CODE    3F7FH     001BH     UNIT         ?PR?_BCDTODEC1?BIPOLARMOTOR
            CODE    3F9AH     0018H     UNIT         ?PR?_SPI_WRITETIME?PCF85063BTL
            CODE    3FB2H     0017H     UNIT         ?PR?_ASCIITOBCD?UART1
            CODE    3FC9H     0016H     UNIT         ?PR?I2C_ACK?IOEXPANDER_PI4IOE5V96248
            CODE    3FDFH     0015H     UNIT         ?PR?I2C_STOP?IOEXPANDER_PI4IOE5V96248
            CODE    3FF4H     0014H     UNIT         ?PR?_PCF85063BTL_DELAY?PCF85063BTL
            CODE    4008H     0014H     UNIT         ?PR?_ISSPACE?ISSPACE
            CODE    401CH     0011H     UNIT         ?PR?_SPI_READTIME?PCF85063BTL
            CODE    402DH     0011H     UNIT         ?PR?_BCDTODEC?PCF85063BTL
            CODE    403EH     0011H     UNIT         ?PR?INITUART1?UART1
            CODE    404FH     000FH     UNIT         ?PR?I2C_START?IOEXPANDER_PI4IOE5V96248
            CODE    405EH     000FH     UNIT         ?PR?UC_NACK?IOEXPANDER_PI4IOE5V96248
            CODE    406DH     000FH     UNIT         ?PR?_ISDIGIT?ISDIGIT
            CODE    407CH     000DH     UNIT         ?PR?SPI_INIT?PCF85063BTL
            CODE    4089H     000DH     UNIT         ?PR?_SENDUART1?UART1
            CODE    4096H     000CH     UNIT         ?PR?KEYPAD_IO_INIT?KEYPAD
            CODE    40A2H     000CH     UNIT         ?PR?_ABS?ABS
            CODE    40AEH     000AH     UNIT         ?PR?LCD_RETURN_HOME?LCD_DRIVER_SPLC780D
            CODE    40B8H     000AH     UNIT         ?PR?LCD_CLEAR?LCD_DRIVER_SPLC780D
            CODE    40C2H     0006H     UNIT         ?PR?UC_ACK?IOEXPANDER_PI4IOE5V96248
            CODE    40C8H     0005H     UNIT         ?PR?_UNIT?UART1
            CODE    40CDH     0005H     UNIT         ?PR?_ASCII_LETTER?UART1
            CODE    40D2H     0003H     UNIT         ?CO?MAIN
            CODE    40D5H     0001H     UNIT         ?PR?WAIT?BIPOLARMOTOR
            CODE    40D6H     0001H     UNIT         ?PR?NOP?IOEXPANDER_PI4IOE5V96248

BL51 BANKED LINKER/LOCATER V6.22                                                      05/14/2019  16:54:33  PAGE 5




OVERLAY MAP OF MODULE:   .\Obj\GPIO_RTC_Test (MAIN)


SEGMENT                                            XDATA_GROUP
  +--> CALLED SEGMENT                            START    LENGTH
----------------------------------------------------------------
?PR?UART?MAIN                                    -----    -----
  +--> ?PR?_SENDUART1?UART1

*** NEW ROOT ***************************************************

?C_C51STARTUP                                    -----    -----
  +--> ?PR?MAIN?MAIN
  +--> ?C_INITSEG

?PR?MAIN?MAIN                                    035FH    001FH
  +--> ?PR?LCD_INIT?LCD_DRIVER_SPLC780D
  +--> ?PR?INITUART1?UART1
  +--> ?PR?_SPI_WRITETIME?PCF85063BTL
  +--> ?PR?_DELAY_MS?KEYPAD
  +--> ?CO?MAIN
  +--> ?PR?_SENDSTRING?UART1

?PR?LCD_INIT?LCD_DRIVER_SPLC780D                 -----    -----
  +--> ?PR?_WAIT_MS?LCD_DRIVER_SPLC780D
  +--> ?PR?_COMMAND?LCD_DRIVER_SPLC780D

?PR?_COMMAND?LCD_DRIVER_SPLC780D                 -----    -----
  +--> ?PR?_WAIT_MS?LCD_DRIVER_SPLC780D

?PR?_SPI_WRITETIME?PCF85063BTL                   -----    -----
  +--> ?PR?_SPI_SENDBYTE?PCF85063BTL

?PR?_SPI_SENDBYTE?PCF85063BTL                    -----    -----
  +--> ?PR?_PCF85063BTL_DELAY?PCF85063BTL

?PR?_SENDSTRING?UART1                            037EH    0003H
  +--> ?PR?_SENDUART1?UART1



UNRESOLVED EXTERNAL SYMBOLS:
   AUTO_MODE



SYMBOL TABLE OF MODULE:  .\Obj\GPIO_RTC_Test (MAIN)

  VALUE           TYPE          NAME
  ----------------------------------

  -------         MODULE        MAIN
  C:0000H         SYMBOL        _ICE_DUMMY_
  X:0008H         PUBLIC        calib_value
  D:0080H         PUBLIC        P0
BL51 BANKED LINKER/LOCATER V6.22                                                      05/14/2019  16:54:33  PAGE 6


  D:0090H         PUBLIC        P1
  D:00A0H         PUBLIC        P2
  D:00B0H         PUBLIC        P3
  D:00C0H         PUBLIC        P4
  D:00C8H         PUBLIC        P5
  X:005CH         SYMBOL        PressedKey
  B:00A8H.7       PUBLIC        EA
  D:00E8H         PUBLIC        P6
  X:0060H         PUBLIC        calib_stamp
  D:00F8H         PUBLIC        P7
  X:0061H         PUBLIC        RX_Data_Uart_Cnt
  D:00A8H         PUBLIC        IE
  X:0063H         PUBLIC        calib_time
  D:00B8H         PUBLIC        IP
  B:0098H.0       PUBLIC        RI
  X:00B7H         PUBLIC        months
  B:0098H.1       PUBLIC        TI
  C:3E29H         PUBLIC        Uart
  D:00D8H         PUBLIC        CCON
  C:3965H         PUBLIC        main
  X:00B8H         PUBLIC        count
  D:0099H         PUBLIC        SBUF
  X:00BAH         PUBLIC        days
  X:00BBH         PUBLIC        hours
  D:0098H         PUBLIC        SCON
  D:0089H         PUBLIC        TMOD
  D:0088H         PUBLIC        TCON
  X:00BCH         SYMBOL        KeyCount
  X:00BEH         PUBLIC        mins
  X:00BFH         PUBLIC        Rec_data_hour
  X:00C2H         PUBLIC        Rec_data_min
  D:008EH         PUBLIC        AUXR
  C:0009H         PUBLIC        tm0_isr
  B:0020H.7       PUBLIC        busy
  X:00C5H         PUBLIC        hour_count
  X:00C6H         PUBLIC        min_count
  X:00C7H         SYMBOL        KeyNum
  X:00C8H         SYMBOL        KeyNum_Old
  X:00C9H         PUBLIC        current_position
  X:00CDH         PUBLIC        hours1
  X:00CEH         PUBLIC        hours2
  C:374BH         PUBLIC        _Display_Prox
  X:00CFH         PUBLIC        mins1
  X:00D0H         PUBLIC        mins2
  C:2B95H         PUBLIC        _Display_Pos
  X:00D1H         PUBLIC        seconds
  X:00D2H         PUBLIC        st_time
  D:00D0H         PUBLIC        PSW
  -------         PROC          TM0_ISR
  C:0009H         LINE#         86
  C:0009H         LINE#         88
  -------         ENDPROC       TM0_ISR
  -------         PROC          MAIN
  -------         DO            
  X:035FH         SYMBOL        sunlight_ADC
  X:0361H         SYMBOL        address
  X:0000H         SYMBOL        KeyCount
BL51 BANKED LINKER/LOCATER V6.22                                                      05/14/2019  16:54:33  PAGE 7


  X:0002H         SYMBOL        KeyNum_Old
  X:0003H         SYMBOL        KeyNum
  X:0004H         SYMBOL        PressedKey
  X:0365H         SYMBOL        prox_flag
  X:0366H         SYMBOL        SPI_NOR_DATA
  X:0367H         SYMBOL        error
  X:0368H         SYMBOL        iUse_prevday_calib_value
  X:036AH         SYMBOL        calib_point1
  X:0372H         SYMBOL        calib_point2
  X:037AH         SYMBOL        calib_day
  X:037CH         SYMBOL        calib_count
  -------         ENDDO         
  C:3965H         LINE#         90
  C:3965H         LINE#         91
  C:3965H         LINE#         94
  C:396FH         LINE#         97
  C:397AH         LINE#         98
  C:397EH         LINE#         101
  C:3984H         LINE#         106
  C:3986H         LINE#         107
  C:3988H         LINE#         108
  C:398AH         LINE#         109
  C:398CH         LINE#         111
  C:3992H         LINE#         123
  C:3995H         LINE#         126
  C:3998H         LINE#         127
  C:399BH         LINE#         130
  C:399EH         LINE#         133
  C:39A1H         LINE#         136
  C:39A3H         LINE#         137
  C:39AAH         LINE#         138
  C:39B1H         LINE#         139
  C:39B8H         LINE#         140
  C:39BFH         LINE#         142
  C:39C9H         LINE#         143
  C:39C9H         LINE#         144
  C:39C9H         LINE#         145
  C:39D2H         LINE#         157
  -------         ENDPROC       MAIN
  -------         PROC          UART
  C:3E29H         LINE#         169
  C:3E36H         LINE#         171
  C:3E39H         LINE#         172
  C:3E39H         LINE#         173
  C:3E3BH         LINE#         175
  C:3E40H         LINE#         200
  C:3E40H         LINE#         201
  C:3E43H         LINE#         202
  C:3E43H         LINE#         203
  C:3E45H         LINE#         204
  C:3E47H         LINE#         206
  C:3E47H         LINE#         207
  -------         ENDPROC       UART
  -------         PROC          _DISPLAY_PROX
  D:0002H         SYMBOL        dat
  -------         DO            
  X:040BH         SYMBOL        unit
BL51 BANKED LINKER/LOCATER V6.22                                                      05/14/2019  16:54:33  PAGE 8


  X:040CH         SYMBOL        ten
  X:040DH         SYMBOL        hundred
  X:040EH         SYMBOL        thousand
  -------         ENDDO         
  C:374BH         LINE#         239
  C:374FH         LINE#         240
  C:374FH         LINE#         242
  C:375BH         LINE#         243
  C:376BH         LINE#         244
  C:3787H         LINE#         245
  C:37B7H         LINE#         246
  C:37C1H         LINE#         247
  C:37CBH         LINE#         248
  C:37D5H         LINE#         249
  C:37DFH         LINE#         251
  -------         ENDPROC       _DISPLAY_PROX
  -------         PROC          _DISPLAY_POS
  X:03D0H         SYMBOL        sign_dat
  -------         DO            
  X:03D4H         SYMBOL        unit
  X:03D5H         SYMBOL        ten
  X:03D6H         SYMBOL        hundred
  D:0003H         SYMBOL        thousand
  X:03D7H         SYMBOL        after_dot
  X:03D8H         SYMBOL        dat
  -------         ENDDO         
  C:2B95H         LINE#         254
  C:2B9BH         LINE#         255
  C:2B9BH         LINE#         259
  C:2BB7H         LINE#         260
  C:2BD1H         LINE#         261
  C:2BF5H         LINE#         263
  C:2C3FH         LINE#         265
  C:2C56H         LINE#         266
  C:2C63H         LINE#         267
  C:2C85H         LINE#         268
  C:2CBAH         LINE#         269
  C:2CD2H         LINE#         270
  C:2CD2H         LINE#         272
  C:2CD2H         LINE#         273
  C:2CD2H         LINE#         274
  C:2CD2H         LINE#         275
  C:2CD2H         LINE#         276
  C:2CD2H         LINE#         280
  C:2CD4H         LINE#         282
  C:2CD4H         LINE#         284
  C:2CD9H         LINE#         285
  C:2CE3H         LINE#         286
  C:2CEDH         LINE#         287
  C:2CF7H         LINE#         288
  C:2CFCH         LINE#         289
  C:2D06H         LINE#         293
  C:2D06H         LINE#         295
  -------         ENDPROC       _DISPLAY_POS
  -------         ENDMOD        MAIN

  -------         MODULE        PCF85063BTL
BL51 BANKED LINKER/LOCATER V6.22                                                      05/14/2019  16:54:33  PAGE 9


  C:0000H         SYMBOL        _ICE_DUMMY_
  D:0096H         PUBLIC        P2M0
  D:0080H         PUBLIC        P0
  D:0095H         PUBLIC        P2M1
  D:0090H         PUBLIC        P1
  D:00A0H         PUBLIC        P2
  D:00B0H         PUBLIC        P3
  D:00C0H         PUBLIC        P4
  D:00C8H         PUBLIC        P5
  D:00E8H         PUBLIC        P6
  B:00A0H.1       PUBLIC        PCF85063BTL_SDI
  D:00F8H         PUBLIC        P7
  B:00A0H.2       PUBLIC        PCF85063BTL_SCK
  B:00A0H.1       PUBLIC        PCF85063BTL_SDO
  D:00A8H         PUBLIC        IE
  C:39D4H         PUBLIC        _Read_time
  C:3FFAH         PUBLIC        _PCF85063BTL_Delay
  D:00B8H         PUBLIC        IP
  D:00D8H         PUBLIC        CCON
  C:386CH         PUBLIC        _Day_Of_Year
  C:3EE5H         PUBLIC        SPI_ReceiveByte
  D:0098H         PUBLIC        SCON
  D:0088H         PUBLIC        TCON
  C:402DH         PUBLIC        _BCDtoDec
  B:00A0H.0       PUBLIC        PCF85063BTL_CS
  C:401CH         PUBLIC        _SPI_ReadTime
  C:407CH         PUBLIC        SPI_Init
  C:3F9AH         PUBLIC        _SPI_WriteTime
  C:3EC5H         PUBLIC        _SPI_SendByte
  D:00D0H         PUBLIC        PSW
  C:3FF6H         SYMBOL        L?0047
  -------         PROC          L?0046
  -------         ENDPROC       L?0046
  C:3FF6H         SYMBOL        L?0047
  -------         PROC          _PCF85063BTL_DELAY
  D:0006H         SYMBOL        us
  C:3FFAH         LINE#         8
  C:3FFAH         LINE#         9
  C:3FFAH         LINE#         10
  C:4004H         LINE#         11
  C:4004H         LINE#         12
  C:4005H         LINE#         13
  C:4007H         LINE#         14
  -------         ENDPROC       _PCF85063BTL_DELAY
  -------         PROC          _SPI_SENDBYTE
  D:0005H         SYMBOL        dat
  -------         DO            
  D:0003H         SYMBOL        i
  -------         ENDDO         
  C:3EC5H         LINE#         17
  C:3EC7H         LINE#         18
  C:3EC7H         LINE#         20
  C:3EC9H         LINE#         21
  C:3EC9H         LINE#         22
  C:3ECBH         LINE#         23
  C:3ECFH         LINE#         24
  C:3ECFH         LINE#         25
BL51 BANKED LINKER/LOCATER V6.22                                                      05/14/2019  16:54:33  PAGE 10


  C:3ED1H         LINE#         26
  C:3ED3H         LINE#         28
  C:3ED3H         LINE#         29
  C:3ED5H         LINE#         30
  C:3ED5H         LINE#         31
  C:3ED8H         LINE#         32
  C:3ED8H         LINE#         33
  C:3EDBH         LINE#         34
  C:3EDFH         LINE#         35
  C:3EE4H         LINE#         36
  -------         ENDPROC       _SPI_SENDBYTE
  -------         PROC          SPI_RECEIVEBYTE
  -------         DO            
  D:0003H         SYMBOL        i
  D:0005H         SYMBOL        dat
  -------         ENDDO         
  C:3EE5H         LINE#         39
  C:3EE5H         LINE#         40
  C:3EE5H         LINE#         42
  C:3EE7H         LINE#         44
  C:3EE9H         LINE#         45
  C:3EEAH         LINE#         46
  C:3EEAH         LINE#         47
  C:3EEEH         LINE#         48
  C:3EF0H         LINE#         49
  C:3EF3H         LINE#         51
  C:3EF6H         LINE#         52
  C:3EF6H         LINE#         53
  C:3EFAH         LINE#         54
  C:3EFAH         LINE#         55
  C:3EFAH         LINE#         56
  C:3EFDH         LINE#         57
  C:3F02H         LINE#         58
  C:3F04H         LINE#         59
  -------         ENDPROC       SPI_RECEIVEBYTE
  -------         PROC          _SPI_READTIME
  D:0007H         SYMBOL        addr
  -------         DO            
  D:0006H         SYMBOL        dat
  -------         ENDDO         
  C:401CH         LINE#         61
  C:401CH         LINE#         62
  C:401CH         LINE#         64
  C:401EH         LINE#         65
  C:4020H         LINE#         66
  C:4027H         LINE#         67
  C:402AH         LINE#         68
  C:402CH         LINE#         69
  C:402CH         LINE#         70
  -------         ENDPROC       _SPI_READTIME
  -------         PROC          _SPI_WRITETIME
  D:0002H         SYMBOL        val
  D:0005H         SYMBOL        addr
  C:3F9AH         LINE#         71
  C:3F9CH         LINE#         72
  C:3F9CH         LINE#         74
  C:3F9EH         LINE#         75
BL51 BANKED LINKER/LOCATER V6.22                                                      05/14/2019  16:54:33  PAGE 11


  C:3FA5H         LINE#         76
  C:3FAAH         LINE#         77
  C:3FAFH         LINE#         78
  C:3FB1H         LINE#         79
  -------         ENDPROC       _SPI_WRITETIME
  -------         PROC          SPI_INIT
  C:407CH         LINE#         83
  C:407CH         LINE#         84
  C:407CH         LINE#         89
  C:407FH         LINE#         90
  C:4082H         LINE#         91
  C:4084H         LINE#         92
  C:4086H         LINE#         93
  C:4088H         LINE#         94
  -------         ENDPROC       SPI_INIT
  -------         PROC          _READ_TIME
  X:03C1H         SYMBOL        months
  X:03C4H         SYMBOL        days
  X:03C7H         SYMBOL        hours
  X:03CAH         SYMBOL        mins
  X:03CDH         SYMBOL        seconds
  C:39D4H         LINE#         96
  C:39DFH         LINE#         97
  C:39DFH         LINE#         99
  C:39F3H         LINE#         101
  C:3A07H         LINE#         103
  C:3A1BH         LINE#         108
  C:3A2FH         LINE#         113
  -------         ENDPROC       _READ_TIME
  -------         PROC          _BCDTODEC
  D:0007H         SYMBOL        bcd
  -------         DO            
  D:0006H         SYMBOL        hi
  D:0007H         SYMBOL        lo
  -------         ENDDO         
  C:402DH         LINE#         119
  C:402DH         LINE#         120
  C:402DH         LINE#         122
  C:4032H         LINE#         123
  C:4036H         LINE#         124
  C:403DH         LINE#         125
  -------         ENDPROC       _BCDTODEC
  -------         PROC          _DAY_OF_YEAR
  D:0007H         SYMBOL        months_bcd
  D:0005H         SYMBOL        days_bcd
  -------         DO            
  D:0004H         SYMBOL        months
  D:0007H         SYMBOL        days
  -------         ENDDO         
  C:386CH         LINE#         126
  C:386CH         LINE#         127
  C:386CH         LINE#         130
  C:3871H         LINE#         132
  C:3876H         LINE#         134
  C:38AFH         LINE#         135
  C:38AFH         LINE#         136
  C:38AFH         LINE#         137
BL51 BANKED LINKER/LOCATER V6.22                                                      05/14/2019  16:54:33  PAGE 12


  C:38B2H         LINE#         138
  C:38B2H         LINE#         139
  C:38B2H         LINE#         140
  C:38B7H         LINE#         141
  C:38B7H         LINE#         142
  C:38B7H         LINE#         143
  C:38BCH         LINE#         144
  C:38BCH         LINE#         145
  C:38BCH         LINE#         146
  C:38C1H         LINE#         147
  C:38C1H         LINE#         148
  C:38C1H         LINE#         149
  C:38C6H         LINE#         150
  C:38C6H         LINE#         151
  C:38C6H         LINE#         152
  C:38CBH         LINE#         153
  C:38CBH         LINE#         154
  C:38CBH         LINE#         155
  C:38D0H         LINE#         156
  C:38D0H         LINE#         157
  C:38D0H         LINE#         158
  C:38D5H         LINE#         159
  C:38D5H         LINE#         160
  C:38D5H         LINE#         161
  C:38DDH         LINE#         162
  C:38DDH         LINE#         163
  C:38DDH         LINE#         164
  C:38E2H         LINE#         165
  C:38E2H         LINE#         166
  C:38E2H         LINE#         167
  C:38E7H         LINE#         168
  C:38E7H         LINE#         169
  C:38E7H         LINE#         170
  C:38EFH         LINE#         171
  C:38EFH         LINE#         172
  C:38EFH         LINE#         173
  -------         ENDPROC       _DAY_OF_YEAR
  -------         ENDMOD        PCF85063BTL

  -------         MODULE        UART1
  C:0000H         SYMBOL        _ICE_DUMMY_
  D:0080H         PUBLIC        P0
  D:0090H         PUBLIC        P1
  D:00A0H         PUBLIC        P2
  D:00B0H         PUBLIC        P3
  D:00C0H         PUBLIC        P4
  D:00C8H         PUBLIC        P5
  B:00A8H.7       PUBLIC        EA
  D:00E8H         PUBLIC        P6
  D:00F8H         PUBLIC        P7
  C:3D74H         PUBLIC        _SendString
  D:00A8H         PUBLIC        IE
  B:00A8H.4       PUBLIC        ES
  D:00B8H         PUBLIC        IP
  C:3FB2H         PUBLIC        _ASCIItoBCD
  C:3F0AH         PUBLIC        _SendBCDValtoUART
  D:00D8H         PUBLIC        CCON
BL51 BANKED LINKER/LOCATER V6.22                                                      05/14/2019  16:54:33  PAGE 13


  C:403EH         PUBLIC        initUART1
  D:0099H         PUBLIC        SBUF
  D:0098H         PUBLIC        SCON
  D:0088H         PUBLIC        TCON
  C:000AH         PUBLIC        _DectoBCD
  C:40CDH         PUBLIC        _ASCII_Letter
  D:008EH         PUBLIC        AUXR
  C:40C8H         PUBLIC        _unit
  D:00E0H         PUBLIC        ACC
  C:0003H         PUBLIC        _ten
  D:00D6H         PUBLIC        T2H
  D:00D7H         PUBLIC        T2L
  C:3B49H         PUBLIC        _SendDecValtoUART
  C:2418H         PUBLIC        _SendSPIDataToUART
  D:00D0H         PUBLIC        PSW
  C:408DH         PUBLIC        _SendUART1
  -------         PROC          INITUART1
  C:403EH         LINE#         21
  C:403EH         LINE#         22
  C:403EH         LINE#         23
  C:4041H         LINE#         24
  C:4044H         LINE#         25
  C:4047H         LINE#         26
  C:404AH         LINE#         27
  C:404CH         LINE#         28
  C:404EH         LINE#         30
  -------         ENDPROC       INITUART1
  -------         PROC          _SENDSTRING
  X:037EH         SYMBOL        s
  C:3D74H         LINE#         35
  C:3D7FH         LINE#         36
  C:3D7FH         LINE#         37
  C:3D8FH         LINE#         38
  C:3D8FH         LINE#         39
  C:3DA4H         LINE#         40
  C:3DA6H         LINE#         41
  -------         ENDPROC       _SENDSTRING
  -------         PROC          _TEN
  D:0007H         SYMBOL        BCD
  C:0003H         LINE#         43
  C:0003H         LINE#         44
  C:0003H         LINE#         45
  C:0008H         LINE#         46
  -------         ENDPROC       _TEN
  -------         PROC          _UNIT
  D:0007H         SYMBOL        BCD
  C:40C8H         LINE#         47
  C:40C8H         LINE#         48
  C:40C8H         LINE#         52
  C:40CCH         LINE#         53
  -------         ENDPROC       _UNIT
  -------         PROC          _DECTOBCD
  D:0007H         SYMBOL        dec
  C:000AH         LINE#         54
  C:000AH         LINE#         55
  C:000AH         LINE#         57
  C:000AH         LINE#         58
BL51 BANKED LINKER/LOCATER V6.22                                                      05/14/2019  16:54:33  PAGE 14


  -------         ENDPROC       _DECTOBCD
  -------         PROC          _ASCII_LETTER
  D:0007H         SYMBOL        dat
  C:40CDH         LINE#         60
  C:40CDH         LINE#         61
  C:40CDH         LINE#         63
  C:40D1H         LINE#         64
  -------         ENDPROC       _ASCII_LETTER
  -------         PROC          _ASCIITOBCD
  D:0001H         SYMBOL        ascii
  -------         DO            
  D:0007H         SYMBOL        dec_val
  D:0006H         SYMBOL        ten
  D:0007H         SYMBOL        unit
  -------         ENDDO         
  C:3FB2H         LINE#         66
  C:3FB2H         LINE#         67
  C:3FB2H         LINE#         69
  C:3FB5H         LINE#         70
  C:3FBBH         LINE#         71
  C:3FC2H         LINE#         72
  C:3FC8H         LINE#         74
  -------         ENDPROC       _ASCIITOBCD
  -------         PROC          _SENDDECVALTOUART
  D:0003H         SYMBOL        dat
  -------         DO            
  D:0002H         SYMBOL        hundred
  X:0430H         SYMBOL        ten
  X:0431H         SYMBOL        unit
  -------         ENDDO         
  C:3B49H         LINE#         76
  C:3B4BH         LINE#         77
  C:3B4BH         LINE#         79
  C:3B51H         LINE#         80
  C:3B6AH         LINE#         81
  C:3B7FH         LINE#         82
  C:3B84H         LINE#         83
  C:3B8EH         LINE#         84
  -------         ENDPROC       _SENDDECVALTOUART
  C:3F05H         SYMBOL        L?0043
  -------         PROC          L?0042
  -------         ENDPROC       L?0042
  C:3F05H         SYMBOL        L?0043
  -------         PROC          _SENDBCDVALTOUART
  D:0007H         SYMBOL        dat
  -------         DO            
  D:0006H         SYMBOL        ten
  X:0436H         SYMBOL        unit
  -------         ENDDO         
  C:3F0AH         LINE#         88
  C:3F0AH         LINE#         89
  C:3F0AH         LINE#         91
  C:3F0FH         LINE#         92
  C:3F16H         LINE#         93
  C:3F1BH         LINE#         94
  -------         ENDPROC       _SENDBCDVALTOUART
  -------         PROC          _SENDSPIDATATOUART
BL51 BANKED LINKER/LOCATER V6.22                                                      05/14/2019  16:54:33  PAGE 15


  X:0401H         SYMBOL        dat
  X:0402H         SYMBOL        adr
  C:2418H         LINE#         98
  C:241DH         LINE#         99
  C:241DH         LINE#         101
  C:2446H         LINE#         102
  C:2446H         LINE#         104
  C:244FH         LINE#         105
  C:2457H         LINE#         106
  C:2457H         LINE#         107
  C:245AH         LINE#         109
  C:24B5H         LINE#         110
  C:24B5H         LINE#         111
  C:24BDH         LINE#         112
  C:24E8H         LINE#         113
  C:24E8H         LINE#         114
  C:253AH         LINE#         115
  C:2543H         LINE#         117
  C:2549H         LINE#         118
  C:254CH         LINE#         119
  C:257AH         LINE#         120
  C:257AH         LINE#         121
  C:2580H         LINE#         122
  C:2580H         LINE#         124
  C:2583H         LINE#         126
  C:25B3H         LINE#         127
  C:25B3H         LINE#         128
  C:25DDH         LINE#         129
  C:25DDH         LINE#         130
  C:25E6H         LINE#         132
  C:25E9H         LINE#         133
  C:25EFH         LINE#         134
  C:25F2H         LINE#         135
  C:261FH         LINE#         136
  C:261FH         LINE#         137
  C:2622H         LINE#         138
  C:2628H         LINE#         139
  C:262BH         LINE#         140
  C:2658H         LINE#         141
  C:2658H         LINE#         142
  C:265BH         LINE#         143
  C:2661H         LINE#         144
  C:2663H         LINE#         145
  C:2693H         LINE#         146
  C:2693H         LINE#         147
  C:2698H         LINE#         148
  C:269EH         LINE#         149
  C:26A0H         LINE#         151
  C:26A0H         LINE#         152
  C:26A5H         LINE#         153
  C:26AEH         LINE#         154
  C:26AEH         LINE#         155
  C:26AEH         LINE#         156
  -------         ENDPROC       _SENDSPIDATATOUART
  -------         PROC          L?0044
  -------         ENDPROC       L?0044
  -------         PROC          _SENDUART1
BL51 BANKED LINKER/LOCATER V6.22                                                      05/14/2019  16:54:33  PAGE 16


  D:0007H         SYMBOL        dat
  C:408DH         LINE#         158
  C:408DH         LINE#         159
  C:408DH         LINE#         160
  C:4090H         LINE#         161
  C:4092H         LINE#         162
  C:4093H         LINE#         163
  C:4095H         LINE#         164
  -------         ENDPROC       _SENDUART1
  -------         ENDMOD        UART1

  -------         MODULE        LCD_DRIVER_SPLC780D
  C:0000H         SYMBOL        _ICE_DUMMY_
  D:0092H         PUBLIC        P1M0
  D:0091H         PUBLIC        P1M1
  D:0080H         PUBLIC        P0
  D:0090H         PUBLIC        P1
  D:00A0H         PUBLIC        P2
  D:00B0H         PUBLIC        P3
  D:00C0H         PUBLIC        P4
  D:00C8H         PUBLIC        P5
  D:00E8H         PUBLIC        P6
  D:00F8H         PUBLIC        P7
  C:38F0H         PUBLIC        _WriteData
  D:00A8H         PUBLIC        IE
  D:00B8H         PUBLIC        IP
  D:00D8H         PUBLIC        CCON
  B:00B0H.4       PUBLIC        LCD_D4
  B:00B0H.5       PUBLIC        LCD_D5
  B:00B0H.6       PUBLIC        LCD_D6
  C:3F62H         PUBLIC        _DisplayLCD
  B:00B0H.7       PUBLIC        LCD_D7
  D:0098H         PUBLIC        SCON
  D:0088H         PUBLIC        TCON
  C:40B8H         PUBLIC        LCD_clear
  C:3CB9H         PUBLIC        _Command
  C:000EH         PUBLIC        _Display_Line
  C:3A9DH         PUBLIC        LCD_Init
  C:3EA7H         PUBLIC        _Wait_ms
  B:00C0H.0       PUBLIC        LCD_RS
  B:00B0H.2       PUBLIC        LCD_RW
  C:40AEH         PUBLIC        LCD_return_home
  B:00B0H.3       PUBLIC        LCD_E
  D:00D0H         PUBLIC        PSW
  -------         PROC          LCD_INIT
  C:3A9DH         LINE#         9
  C:3A9DH         LINE#         10
  C:3A9DH         LINE#         11
  C:3AA0H         LINE#         12
  C:3AA3H         LINE#         14
  C:3AA9H         LINE#         15
  C:3AAEH         LINE#         17
  C:3AB5H         LINE#         18
  C:3ABAH         LINE#         20
  C:3ABDH         LINE#         21
  C:3AC2H         LINE#         23
  C:3AC5H         LINE#         24
BL51 BANKED LINKER/LOCATER V6.22                                                      05/14/2019  16:54:33  PAGE 17


  C:3ACAH         LINE#         26
  C:3AD1H         LINE#         29
  C:3AD6H         LINE#         30
  C:3ADBH         LINE#         32
  C:3AE0H         LINE#         33
  C:3AE5H         LINE#         35
  C:3AEAH         LINE#         36
  C:3AEFH         LINE#         37
  -------         ENDPROC       LCD_INIT
  -------         PROC          _WRITEDATA
  X:0437H         SYMBOL        dat
  C:38F0H         LINE#         40
  C:38F5H         LINE#         41
  C:38F5H         LINE#         46
  C:38F7H         LINE#         47
  C:38F9H         LINE#         49
  C:3907H         LINE#         50
  C:3913H         LINE#         51
  C:391FH         LINE#         52
  C:3929H         LINE#         53
  C:392BH         LINE#         54
  C:3932H         LINE#         55
  C:3934H         LINE#         57
  C:3944H         LINE#         58
  C:394FH         LINE#         59
  C:3959H         LINE#         60
  C:395DH         LINE#         62
  C:395DH         LINE#         63
  C:3960H         LINE#         64
  C:3962H         LINE#         65
  C:3964H         LINE#         67
  -------         ENDPROC       _WRITEDATA
  -------         PROC          _COMMAND
  D:0007H         SYMBOL        dat
  C:3CB9H         LINE#         69
  C:3CB9H         LINE#         70
  C:3CB9H         LINE#         71
  C:3CBBH         LINE#         72
  C:3CBDH         LINE#         74
  C:3CC7H         LINE#         75
  C:3CCBH         LINE#         77
  C:3CCDH         LINE#         78
  C:3CD6H         LINE#         79
  C:3CDAH         LINE#         81
  C:3CDCH         LINE#         82
  C:3CE3H         LINE#         83
  C:3CE7H         LINE#         85
  C:3CE9H         LINE#         86
  C:3CEDH         LINE#         87
  C:3CF1H         LINE#         89
  C:3CF3H         LINE#         90
  C:3CF3H         LINE#         91
  C:3CF6H         LINE#         92
  C:3CF8H         LINE#         93
  -------         ENDPROC       _COMMAND
  C:3EA3H         SYMBOL        L?0028
  -------         PROC          L?0027
BL51 BANKED LINKER/LOCATER V6.22                                                      05/14/2019  16:54:33  PAGE 18


  -------         ENDPROC       L?0027
  C:3EA3H         SYMBOL        L?0028
  -------         PROC          _WAIT_MS
  D:0006H         SYMBOL        ms
  -------         DO            
  D:0004H         SYMBOL        De_Cnt
  -------         ENDDO         
  C:3EA7H         LINE#         95
  C:3EA7H         LINE#         96
  C:3EA7H         LINE#         98
  C:3EB1H         LINE#         99
  C:3EB1H         LINE#         100
  C:3EC4H         LINE#         101
  C:3EC4H         LINE#         102
  -------         ENDPROC       _WAIT_MS
  -------         PROC          _DISPLAYLCD
  D:0007H         SYMBOL        BCD
  -------         DO            
  D:0006H         SYMBOL        first_digit
  X:0438H         SYMBOL        second_digit
  -------         ENDDO         
  C:3F62H         LINE#         103
  C:3F62H         LINE#         104
  C:3F62H         LINE#         106
  C:3F69H         LINE#         107
  C:3F72H         LINE#         109
  C:3F77H         LINE#         111
  -------         ENDPROC       _DISPLAYLCD
  -------         PROC          LCD_RETURN_HOME
  C:40AEH         LINE#         115
  C:40AEH         LINE#         116
  C:40AEH         LINE#         117
  C:40B3H         LINE#         118
  -------         ENDPROC       LCD_RETURN_HOME
  -------         PROC          LCD_CLEAR
  C:40B8H         LINE#         121
  C:40B8H         LINE#         122
  C:40B8H         LINE#         123
  C:40BDH         LINE#         124
  -------         ENDPROC       LCD_CLEAR
  -------         PROC          _DISPLAY_LINE
  D:0006H         SYMBOL        line
  C:000EH         LINE#         128
  C:000EH         LINE#         129
  C:000EH         LINE#         130
  C:0014H         LINE#         131
  C:0014H         LINE#         132
  C:0016H         LINE#         133
  C:0016H         LINE#         134
  C:0018H         LINE#         136
  C:0018H         LINE#         137
  C:001DH         LINE#         138
  C:0022H         LINE#         139
  C:0022H         LINE#         140
  -------         ENDPROC       _DISPLAY_LINE
  -------         ENDMOD        LCD_DRIVER_SPLC780D

BL51 BANKED LINKER/LOCATER V6.22                                                      05/14/2019  16:54:33  PAGE 19


  -------         MODULE        KEYPAD
  C:0000H         SYMBOL        _ICE_DUMMY_
  D:0093H         PUBLIC        P0M1
  D:0080H         PUBLIC        P0
  D:0090H         PUBLIC        P1
  D:00A0H         PUBLIC        P2
  D:00B0H         PUBLIC        P3
  D:00C0H         PUBLIC        P4
  D:00C8H         PUBLIC        P5
  B:0020H.0       PUBLIC        calib_mode
  D:00E8H         PUBLIC        P6
  D:00F8H         PUBLIC        P7
  D:00A8H         PUBLIC        IE
  C:2880H         PUBLIC        Key_Scan
  D:00B8H         PUBLIC        IP
  D:00D8H         PUBLIC        CCON
  C:4096H         PUBLIC        KeyPad_IO_Init
  C:3F44H         PUBLIC        _Delay_ms
  D:0098H         PUBLIC        SCON
  D:0088H         PUBLIC        TCON
  B:0020H.1       PUBLIC        small_move
  B:0020H.2       PUBLIC        move
  B:0020H.3       PUBLIC        direction
  B:0020H.4       PUBLIC        auto_move
  C:2178H         PUBLIC        Key_Process
  D:00D0H         PUBLIC        PSW
  D:0094H         PUBLIC        P0M0
  -------         PROC          _DELAY_MS
  D:0006H         SYMBOL        ms
  -------         DO            
  D:0004H         SYMBOL        De_Cnt
  -------         ENDDO         
  C:3F44H         LINE#         19
  C:3F44H         LINE#         20
  C:3F44H         LINE#         22
  C:3F4EH         LINE#         23
  C:3F4EH         LINE#         24
  C:3F61H         LINE#         25
  C:3F61H         LINE#         26
  -------         ENDPROC       _DELAY_MS
  -------         PROC          KEY_SCAN
  -------         DO            
  X:0427H         SYMBOL        KeyTemp1
  X:0428H         SYMBOL        KeyTemp2
  X:0429H         SYMBOL        KeyValue
  -------         ENDDO         
  C:2880H         LINE#         27
  C:2880H         LINE#         28
  C:2880H         LINE#         33
  C:2883H         LINE#         36
  C:2886H         LINE#         38
  C:288EH         LINE#         39
  C:2895H         LINE#         40
  C:2895H         LINE#         42
  C:289AH         LINE#         43
  C:28A1H         LINE#         44
  C:28A1H         LINE#         47
BL51 BANKED LINKER/LOCATER V6.22                                                      05/14/2019  16:54:33  PAGE 20


  C:28A4H         LINE#         48
  C:28A7H         LINE#         49
  C:28ACH         LINE#         50
  C:28B0H         LINE#         51
  C:28B0H         LINE#         52
  C:28B8H         LINE#         53
  C:28B8H         LINE#         54
  C:28BBH         LINE#         55
  C:28C3H         LINE#         56
  C:28C5H         LINE#         58
  C:28D9H         LINE#         59
  C:28D9H         LINE#         60
  C:28D9H         LINE#         61
  C:28D9H         LINE#         62
  C:28DFH         LINE#         64
  C:28E1H         LINE#         65
  C:28E1H         LINE#         66
  C:28E1H         LINE#         67
  C:28E7H         LINE#         69
  C:28E9H         LINE#         70
  C:28E9H         LINE#         71
  C:28E9H         LINE#         72
  C:28EFH         LINE#         74
  C:28F1H         LINE#         75
  C:28F1H         LINE#         76
  C:28F1H         LINE#         77
  C:28F7H         LINE#         79
  C:28F7H         LINE#         80
  C:28F7H         LINE#         81
  C:28F7H         LINE#         84
  C:28FAH         LINE#         85
  C:28FDH         LINE#         86
  C:2905H         LINE#         87
  C:2909H         LINE#         88
  C:2909H         LINE#         89
  C:2911H         LINE#         90
  C:2911H         LINE#         91
  C:2914H         LINE#         92
  C:291CH         LINE#         93
  C:291EH         LINE#         94
  C:2932H         LINE#         95
  C:2932H         LINE#         96
  C:2932H         LINE#         97
  C:2932H         LINE#         98
  C:2938H         LINE#         100
  C:293AH         LINE#         101
  C:293AH         LINE#         102
  C:293AH         LINE#         103
  C:2940H         LINE#         105
  C:2942H         LINE#         106
  C:2942H         LINE#         107
  C:2942H         LINE#         108
  C:2948H         LINE#         110
  C:294AH         LINE#         111
  C:294AH         LINE#         112
  C:294AH         LINE#         113
  C:294FH         LINE#         115
BL51 BANKED LINKER/LOCATER V6.22                                                      05/14/2019  16:54:33  PAGE 21


  C:294FH         LINE#         116
  C:294FH         LINE#         117
  C:294FH         LINE#         120
  C:2952H         LINE#         121
  C:2955H         LINE#         122
  C:295DH         LINE#         123
  C:2961H         LINE#         124
  C:2961H         LINE#         125
  C:2969H         LINE#         126
  C:2969H         LINE#         127
  C:296CH         LINE#         128
  C:2974H         LINE#         129
  C:2976H         LINE#         130
  C:298AH         LINE#         131
  C:298AH         LINE#         132
  C:298AH         LINE#         133
  C:298AH         LINE#         134
  C:2990H         LINE#         136
  C:2992H         LINE#         137
  C:2992H         LINE#         138
  C:2992H         LINE#         139
  C:2998H         LINE#         141
  C:299AH         LINE#         142
  C:299AH         LINE#         143
  C:299AH         LINE#         144
  C:29A0H         LINE#         146
  C:29A2H         LINE#         147
  C:29A2H         LINE#         148
  C:29A2H         LINE#         149
  C:29A8H         LINE#         151
  C:29A8H         LINE#         152
  C:29A8H         LINE#         153
  C:29A8H         LINE#         157
  C:29ABH         LINE#         158
  C:29AEH         LINE#         159
  C:29B6H         LINE#         160
  C:29BAH         LINE#         161
  C:29BAH         LINE#         162
  C:29C2H         LINE#         163
  C:29C2H         LINE#         164
  C:29C5H         LINE#         165
  C:29CDH         LINE#         166
  C:29CFH         LINE#         167
  C:29E3H         LINE#         168
  C:29E3H         LINE#         169
  C:29E3H         LINE#         170
  C:29E3H         LINE#         171
  C:29E9H         LINE#         173
  C:29EBH         LINE#         174
  C:29EBH         LINE#         175
  C:29EBH         LINE#         176
  C:29F1H         LINE#         178
  C:29F3H         LINE#         179
  C:29F3H         LINE#         180
  C:29F3H         LINE#         181
  C:29F9H         LINE#         183
  C:29FBH         LINE#         184
BL51 BANKED LINKER/LOCATER V6.22                                                      05/14/2019  16:54:33  PAGE 22


  C:29FBH         LINE#         185
  C:29FBH         LINE#         186
  C:2A01H         LINE#         188
  C:2A01H         LINE#         189
  C:2A01H         LINE#         190
  C:2A01H         LINE#         192
  C:2A07H         LINE#         193
  C:2A07H         LINE#         195
  C:2A07H         LINE#         196
  C:2A0AH         LINE#         197
  C:2A0AH         LINE#         198
  C:2A0AH         LINE#         200
  C:2A0AH         LINE#         201
  C:2A0CH         LINE#         202
  C:2A0CH         LINE#         203
  -------         ENDPROC       KEY_SCAN
  -------         PROC          KEY_PROCESS
  -------         DO            
  X:03DAH         SYMBOL        KeyCount
  X:03DCH         SYMBOL        KeyNum_Old
  X:03DDH         SYMBOL        KeyNum
  X:03DEH         SYMBOL        PressedKey
  X:03FBH         SYMBOL        d
  D:0004H         SYMBOL        hours
  D:0006H         SYMBOL        mins
  X:03FDH         SYMBOL        months
  X:03FFH         SYMBOL        days
  -------         ENDDO         
  C:2178H         LINE#         204
  C:2178H         LINE#         205
  C:2178H         LINE#         209
  C:2180H         LINE#         210
  C:2188H         LINE#         212
  C:218BH         LINE#         213
  C:218BH         LINE#         214
  C:218EH         LINE#         216
  C:218EH         LINE#         217
  C:219BH         LINE#         218
  C:219BH         LINE#         219
  C:219EH         LINE#         220
  C:21A1H         LINE#         222
  C:21A4H         LINE#         224
  C:21A4H         LINE#         225
  C:21AFH         LINE#         226
  C:21AFH         LINE#         227
  C:21B2H         LINE#         229
  C:21B2H         LINE#         230
  C:21B9H         LINE#         231
  C:21B9H         LINE#         232
  C:21BCH         LINE#         234
  C:21BCH         LINE#         235
  C:21C4H         LINE#         236
  C:21C4H         LINE#         237
  C:21CEH         LINE#         238
  C:21D6H         LINE#         240
  C:21DFH         LINE#         242
  C:21DFH         LINE#         251
BL51 BANKED LINKER/LOCATER V6.22                                                      05/14/2019  16:54:33  PAGE 23


  C:21F4H         LINE#         252
  C:21F4H         LINE#         253
  C:2206H         LINE#         254
  C:2214H         LINE#         255
  C:2223H         LINE#         256
  C:2223H         LINE#         258
  C:2229H         LINE#         262
  C:223FH         LINE#         263
  C:2250H         LINE#         264
  C:226BH         LINE#         265
  C:226BH         LINE#         266
  C:227BH         LINE#         267
  C:228CH         LINE#         268
  C:228CH         LINE#         272
  C:22A5H         LINE#         273
  C:22BCH         LINE#         274
  C:22DCH         LINE#         275
  C:22DCH         LINE#         276
  C:22E6H         LINE#         277
  C:22E6H         LINE#         278
  C:22EFH         LINE#         279
  C:22EFH         LINE#         280
  C:2303H         LINE#         281
  C:2303H         LINE#         282
  C:2303H         LINE#         283
  C:2303H         LINE#         284
  C:2303H         LINE#         285
  C:2305H         LINE#         287
  C:2305H         LINE#         288
  C:2311H         LINE#         289
  C:2311H         LINE#         290
  C:2322H         LINE#         291
  C:2322H         LINE#         292
  C:2322H         LINE#         293
  C:2322H         LINE#         294
  C:2322H         LINE#         296
  C:2324H         LINE#         298
  C:2324H         LINE#         299
  C:2335H         LINE#         300
  C:2335H         LINE#         301
  C:2335H         LINE#         302
  C:2335H         LINE#         303
  C:2335H         LINE#         305
  C:2335H         LINE#         307
  C:2335H         LINE#         308
  C:2337H         LINE#         310
  C:2337H         LINE#         311
  C:234AH         LINE#         312
  C:234AH         LINE#         313
  C:235BH         LINE#         314
  C:235BH         LINE#         315
  C:235BH         LINE#         316
  C:235BH         LINE#         317
  C:235BH         LINE#         318
  C:235DH         LINE#         320
  C:235DH         LINE#         321
  C:236EH         LINE#         322
BL51 BANKED LINKER/LOCATER V6.22                                                      05/14/2019  16:54:33  PAGE 24


  C:236EH         LINE#         323
  C:237FH         LINE#         324
  C:2390H         LINE#         325
  C:2390H         LINE#         326
  C:2390H         LINE#         327
  C:2390H         LINE#         328
  C:2390H         LINE#         329
  C:2393H         LINE#         330
  C:2398H         LINE#         331
  C:239DH         LINE#         332
  C:23A2H         LINE#         333
  C:23A7H         LINE#         334
  C:23ACH         LINE#         335
  C:23B1H         LINE#         336
  C:23B6H         LINE#         337
  C:23B6H         LINE#         339
  C:23D8H         LINE#         340
  C:23D8H         LINE#         341
  C:23E2H         LINE#         342
  C:23E2H         LINE#         343
  C:23E7H         LINE#         344
  C:23F0H         LINE#         345
  C:2407H         LINE#         346
  C:2407H         LINE#         347
  C:2417H         LINE#         349
  C:2417H         LINE#         353
  -------         ENDPROC       KEY_PROCESS
  -------         PROC          KEYPAD_IO_INIT
  C:4096H         LINE#         356
  C:4096H         LINE#         357
  C:4096H         LINE#         358
  C:4099H         LINE#         359
  C:409CH         LINE#         360
  C:409FH         LINE#         361
  C:40A1H         LINE#         362
  -------         ENDPROC       KEYPAD_IO_INIT
  -------         ENDMOD        KEYPAD

  -------         MODULE        BIPOLARMOTOR
  C:0000H         SYMBOL        _ICE_DUMMY_
  D:0080H         PUBLIC        P0
  D:0090H         PUBLIC        P1
  D:00A0H         PUBLIC        P2
  D:00B0H         PUBLIC        P3
  D:00C0H         PUBLIC        P4
  D:00C8H         PUBLIC        P5
  D:00E8H         PUBLIC        P6
  D:00F8H         PUBLIC        P7
  X:00D4H         PUBLIC        low_date_azimuth_mapping
  D:00A8H         PUBLIC        IE
  C:320BH         PUBLIC        linear_interpolate
  C:3E52H         PUBLIC        _Move
  D:00B8H         PUBLIC        IP
  C:26E2H         PUBLIC        _findDet3x3
  C:1C07H         PUBLIC        _findDet4x4
  D:00D8H         PUBLIC        CCON
  X:00FCH         PUBLIC        previous_move_time
BL51 BANKED LINKER/LOCATER V6.22                                                      05/14/2019  16:54:33  PAGE 25


  D:0098H         PUBLIC        SCON
  D:0088H         PUBLIC        TCON
  C:40D5H         PUBLIC        wait
  C:3CF9H         PUBLIC        _Step_move
  X:00FDH         PUBLIC        dat
  C:0026H         PUBLIC        _Update_position
  C:3B98H         PUBLIC        vOneStepMove
  X:0103H         PUBLIC        elevation_stamp
  X:013FH         PUBLIC        date_azimuth_mapping
  X:0167H         PUBLIC        RX_pos
  C:3F89H         PUBLIC        _BCDtoDec1
  X:0177H         PUBLIC        degree
  D:00D0H         PUBLIC        PSW
  -------         PROC          L?0066
  -------         ENDPROC       L?0066
  -------         PROC          _BCDTODEC1
  D:0007H         SYMBOL        bcd
  -------         DO            
  D:0006H         SYMBOL        hi
  D:0007H         SYMBOL        lo
  -------         ENDDO         
  C:3F89H         LINE#         28
  C:3F89H         LINE#         29
  C:3F89H         LINE#         31
  C:3F8EH         LINE#         32
  C:3F92H         LINE#         33
  C:3F99H         LINE#         34
  -------         ENDPROC       _BCDTODEC1
  -------         PROC          WAIT
  C:40D5H         LINE#         36
  C:40D5H         LINE#         38
  -------         ENDPROC       WAIT
  -------         PROC          VONESTEPMOVE
  B:0021H.0       SYMBOL        bDir
  C:3B98H         LINE#         40
  C:3B98H         LINE#         41
  C:3B98H         LINE#         43
  C:3B9EH         LINE#         44
  C:3B9EH         LINE#         45
  C:3BA1H         LINE#         46
  C:3BAAH         LINE#         47
  C:3BB1H         LINE#         48
  C:3BB6H         LINE#         49
  C:3BB6H         LINE#         50
  C:3BB6H         LINE#         52
  C:3BB8H         LINE#         55
  C:3BB8H         LINE#         56
  C:3BBBH         LINE#         57
  C:3BC4H         LINE#         58
  C:3BCBH         LINE#         59
  C:3BD1H         LINE#         60
  C:3BDAH         LINE#         61
  C:3BE1H         LINE#         62
  C:3BE1H         LINE#         66
  -------         ENDPROC       VONESTEPMOVE
  -------         PROC          _STEP_MOVE
  X:040FH         SYMBOL        step
BL51 BANKED LINKER/LOCATER V6.22                                                      05/14/2019  16:54:33  PAGE 26


  B:0021H.1       SYMBOL        dir
  -------         DO            
  X:0411H         SYMBOL        i
  -------         ENDDO         
  C:3CF9H         LINE#         68
  C:3D01H         LINE#         69
  C:3D01H         LINE#         71
  C:3D06H         LINE#         74
  C:3D21H         LINE#         75
  C:3D21H         LINE#         76
  C:3D28H         LINE#         78
  C:3D38H         LINE#         80
  -------         ENDPROC       _STEP_MOVE
  -------         PROC          _MOVE
  X:0413H         SYMBOL        distance
  B:0021H.2       SYMBOL        direction
  -------         DO            
  D:0006H         SYMBOL        step
  -------         ENDDO         
  C:3E52H         LINE#         82
  C:3E58H         LINE#         83
  C:3E58H         LINE#         86
  C:3E73H         LINE#         87
  -------         ENDPROC       _MOVE
  C:26C3H         SYMBOL        L?0062
  C:26D7H         SYMBOL        L?0063
  -------         PROC          L?0061
  -------         ENDPROC       L?0061
  C:26C3H         SYMBOL        L?0062
  C:26D7H         SYMBOL        L?0063
  -------         PROC          _FINDDET3X3
  X:033BH         SYMBOL        a11
  X:033FH         SYMBOL        a12
  X:0343H         SYMBOL        a13
  X:0347H         SYMBOL        a21
  X:034BH         SYMBOL        a22
  X:034FH         SYMBOL        a23
  X:0353H         SYMBOL        a31
  X:0357H         SYMBOL        a32
  X:035BH         SYMBOL        a33
  C:26E2H         LINE#         91
  C:26E8H         LINE#         95
  C:26E8H         LINE#         96
  C:287FH         LINE#         98
  -------         ENDPROC       _FINDDET3X3
  -------         PROC          _FINDDET4X4
  X:02FBH         SYMBOL        a11
  X:02FFH         SYMBOL        a12
  X:0303H         SYMBOL        a13
  X:0307H         SYMBOL        a14
  X:030BH         SYMBOL        a21
  X:030FH         SYMBOL        a22
  X:0313H         SYMBOL        a23
  X:0317H         SYMBOL        a24
  X:031BH         SYMBOL        a31
  X:031FH         SYMBOL        a32
  X:0323H         SYMBOL        a33
BL51 BANKED LINKER/LOCATER V6.22                                                      05/14/2019  16:54:33  PAGE 27


  X:0327H         SYMBOL        a34
  X:032BH         SYMBOL        a41
  X:032FH         SYMBOL        a42
  X:0333H         SYMBOL        a43
  X:0337H         SYMBOL        a44
  C:1C07H         LINE#         99
  C:1C0DH         LINE#         103
  C:1C0DH         LINE#         110
  C:1EC6H         LINE#         114
  -------         ENDPROC       _FINDDET4X4
  C:31FAH         SYMBOL        L?0065
  -------         PROC          L?0064
  -------         ENDPROC       L?0064
  C:31FAH         SYMBOL        L?0065
  -------         PROC          LINEAR_INTERPOLATE
  X:0399H         SYMBOL        p1
  X:03A1H         SYMBOL        p2
  X:03A9H         SYMBOL        x
  -------         DO            
  D:0004H         SYMBOL        fx
  -------         ENDDO         
  C:320BH         LINE#         120
  C:320BH         LINE#         121
  C:320BH         LINE#         124
  C:32AAH         LINE#         126
  C:32AAH         LINE#         127
  -------         ENDPROC       LINEAR_INTERPOLATE
  -------         PROC          _UPDATE_POSITION
  D:0001H         SYMBOL        mnths
  D:0002H         SYMBOL        dys
  X:017DH         SYMBOL        hurs
  X:017EH         SYMBOL        mns
  X:017FH         SYMBOL        sconds
  X:0180H         SYMBOL        currnt_pos
  X:0183H         SYMBOL        offset_calib
  -------         DO            
  X:0187H         SYMBOL        date
  X:0189H         SYMBOL        i
  X:018BH         SYMBOL        yy
  X:018DH         SYMBOL        desired_distance
  X:0191H         SYMBOL        distance
  X:0195H         SYMBOL        JP_pos
  X:0199H         SYMBOL        pos_interpolate_azimuth
  X:01D5H         SYMBOL        current_local_sun_time
  X:01D9H         SYMBOL        azimuth
  X:01DDH         SYMBOL        elevation
  X:01E1H         SYMBOL        time_offset
  X:01E5H         SYMBOL        UTC_time
  X:01E9H         SYMBOL        declination
  X:01EDH         SYMBOL        p1
  X:01F5H         SYMBOL        p2
  X:01FDH         SYMBOL        time
  X:020FH         SYMBOL        location
  X:0217H         SYMBOL        sunCoord
  -------         ENDDO         
  C:0026H         LINE#         131
  C:002FH         LINE#         134
BL51 BANKED LINKER/LOCATER V6.22                                                      05/14/2019  16:54:33  PAGE 28


  C:002FH         LINE#         135
  C:003AH         LINE#         137
  C:0056H         LINE#         138
  C:0060H         LINE#         146
  C:006AH         LINE#         147
  C:0074H         LINE#         148
  C:007EH         LINE#         149
  C:0089H         LINE#         150
  C:0094H         LINE#         151
  C:00ADH         LINE#         152
  C:00BEH         LINE#         153
  C:00CDH         LINE#         156
  C:00E1H         LINE#         160
  C:0133H         LINE#         161
  C:0297H         LINE#         162
  C:02E7H         LINE#         164
  C:040FH         LINE#         166
  C:04DEH         LINE#         173
  C:0525H         LINE#         174
  C:0525H         LINE#         176
  C:053FH         LINE#         177
  C:053FH         LINE#         178
  C:05AFH         LINE#         179
  C:05AFH         LINE#         180
  C:05B6H         LINE#         181
  C:05B6H         LINE#         182
  C:05E3H         LINE#         183
  C:05FEH         LINE#         185
  C:0645H         LINE#         186
  C:0679H         LINE#         188
  C:06BFH         LINE#         189
  C:06E2H         LINE#         191
  C:06E2H         LINE#         193
  C:0758H         LINE#         194
  C:0758H         LINE#         195
  C:075FH         LINE#         196
  C:075FH         LINE#         197
  C:078CH         LINE#         198
  C:07A7H         LINE#         200
  C:07EEH         LINE#         201
  C:0822H         LINE#         203
  C:0868H         LINE#         204
  C:0888H         LINE#         206
  C:0888H         LINE#         207
  C:0899H         LINE#         210
  C:08B3H         LINE#         211
  C:08B3H         LINE#         212
  C:0923H         LINE#         213
  C:0923H         LINE#         214
  C:0950H         LINE#         215
  C:096BH         LINE#         217
  C:0998H         LINE#         218
  C:09B3H         LINE#         220
  C:09E5H         LINE#         223
  C:09E5H         LINE#         225
  C:09F6H         LINE#         227
  C:0A25H         LINE#         229
BL51 BANKED LINKER/LOCATER V6.22                                                      05/14/2019  16:54:33  PAGE 29


  C:0A4AH         LINE#         230
  C:0AAFH         LINE#         231
  C:0AAFH         LINE#         232
  C:0AC9H         LINE#         233
  C:0ADBH         LINE#         234
  C:0AF3H         LINE#         235
  C:0B09H         LINE#         237
  C:0B25H         LINE#         238
  C:0B25H         LINE#         239
  C:0B25H         LINE#         242
  -------         ENDPROC       _UPDATE_POSITION
  -------         ENDMOD        BIPOLARMOTOR

  -------         MODULE        SUNPOS
  C:0000H         SYMBOL        _ICE_DUMMY_
  C:1465H         PUBLIC        sunpos
  -------         PROC          SUNPOS
  X:029EH         SYMBOL        udtTime
  X:02B0H         SYMBOL        udtLocation
  X:02B8H         SYMBOL        udtSunCoordinates
  -------         DO            
  X:02BBH         SYMBOL        dElapsedJulianDays
  X:02BFH         SYMBOL        dDecimalHours
  X:02C3H         SYMBOL        dEclipticLongitude
  X:02C7H         SYMBOL        dEclipticObliquity
  X:02CBH         SYMBOL        dRightAscension
  X:02CFH         SYMBOL        dDeclination
  X:02D3H         SYMBOL        dY
  X:02D7H         SYMBOL        dX
  -------         DO            
  X:02DBH         SYMBOL        dJulianDate
  X:02DFH         SYMBOL        liAux1
  X:02E3H         SYMBOL        liAux2
  X:02DBH         SYMBOL        dMeanLongitude
  X:02DFH         SYMBOL        dMeanAnomaly
  X:02E3H         SYMBOL        dOmega
  X:02DBH         SYMBOL        dSin_EclipticLongitude
  X:02DBH         SYMBOL        dGreenwichMeanSiderealTime
  X:02DFH         SYMBOL        dLocalMeanSiderealTime
  X:02E3H         SYMBOL        dLatitudeInRadians
  X:02E7H         SYMBOL        dHourAngle
  X:02EBH         SYMBOL        dCos_Latitude
  X:02EFH         SYMBOL        dSin_Latitude
  X:02F3H         SYMBOL        dCos_HourAngle
  X:02F7H         SYMBOL        dParallax
  -------         ENDDO         
  -------         DO            
  X:02DBH         SYMBOL        dMeanLongitude
  X:02DFH         SYMBOL        dMeanAnomaly
  X:02E3H         SYMBOL        dOmega
  X:02DBH         SYMBOL        dSin_EclipticLongitude
  X:02DBH         SYMBOL        dGreenwichMeanSiderealTime
  X:02DFH         SYMBOL        dLocalMeanSiderealTime
  X:02E3H         SYMBOL        dLatitudeInRadians
  X:02E7H         SYMBOL        dHourAngle
  X:02EBH         SYMBOL        dCos_Latitude
  X:02EFH         SYMBOL        dSin_Latitude
BL51 BANKED LINKER/LOCATER V6.22                                                      05/14/2019  16:54:33  PAGE 30


  X:02F3H         SYMBOL        dCos_HourAngle
  X:02F7H         SYMBOL        dParallax
  -------         ENDDO         
  -------         DO            
  X:02DBH         SYMBOL        dSin_EclipticLongitude
  X:02DBH         SYMBOL        dGreenwichMeanSiderealTime
  X:02DFH         SYMBOL        dLocalMeanSiderealTime
  X:02E3H         SYMBOL        dLatitudeInRadians
  X:02E7H         SYMBOL        dHourAngle
  X:02EBH         SYMBOL        dCos_Latitude
  X:02EFH         SYMBOL        dSin_Latitude
  X:02F3H         SYMBOL        dCos_HourAngle
  X:02F7H         SYMBOL        dParallax
  -------         ENDDO         
  -------         DO            
  X:02DBH         SYMBOL        dGreenwichMeanSiderealTime
  X:02DFH         SYMBOL        dLocalMeanSiderealTime
  X:02E3H         SYMBOL        dLatitudeInRadians
  X:02E7H         SYMBOL        dHourAngle
  X:02EBH         SYMBOL        dCos_Latitude
  X:02EFH         SYMBOL        dSin_Latitude
  X:02F3H         SYMBOL        dCos_HourAngle
  X:02F7H         SYMBOL        dParallax
  -------         ENDDO         
  -------         ENDDO         
  C:1465H         LINE#         6
  C:1465H         LINE#         7
  C:1465H         LINE#         9
  C:1465H         LINE#         27
  C:14AFH         LINE#         30
  C:14D0H         LINE#         31
  C:1617H         LINE#         34
  C:1663H         LINE#         36
  C:1682H         LINE#         37
  C:1682H         LINE#         42
  C:1682H         LINE#         46
  C:16B4H         LINE#         47
  C:16DEH         LINE#         48
  C:1708H         LINE#         49
  C:17B5H         LINE#         52
  C:1816H         LINE#         54
  C:1816H         LINE#         59
  C:1816H         LINE#         61
  C:182DH         LINE#         62
  C:1855H         LINE#         63
  C:186CH         LINE#         64
  C:1897H         LINE#         65
  C:18CEH         LINE#         66
  C:18F9H         LINE#         67
  C:18F9H         LINE#         70
  C:18F9H         LINE#         79
  C:1934H         LINE#         82
  C:196EH         LINE#         84
  C:1993H         LINE#         85
  C:19B2H         LINE#         86
  C:19C9H         LINE#         87
  C:19E0H         LINE#         88
BL51 BANKED LINKER/LOCATER V6.22                                                      05/14/2019  16:54:33  PAGE 31


  C:19F7H         LINE#         89
  C:1A80H         LINE#         91
  C:1A9AH         LINE#         92
  C:1AFCH         LINE#         93
  C:1B32H         LINE#         94
  C:1B44H         LINE#         95
  C:1B71H         LINE#         96
  C:1B9EH         LINE#         98
  C:1BC0H         LINE#         100
  C:1BF8H         LINE#         103
  C:1BF8H         LINE#         104
  C:1C06H         LINE#         105
  -------         ENDPROC       SUNPOS
  -------         ENDMOD        SUNPOS

  -------         MODULE        ADC
  C:0000H         SYMBOL        _ICE_DUMMY_
  D:0092H         PUBLIC        P1M0
  D:0091H         PUBLIC        P1M1
  D:0080H         PUBLIC        P0
  D:0090H         PUBLIC        P1
  D:00A0H         PUBLIC        P2
  D:00B0H         PUBLIC        P3
  D:00C0H         PUBLIC        P4
  D:00C8H         PUBLIC        P5
  D:00E8H         PUBLIC        P6
  D:00F8H         PUBLIC        P7
  D:00A8H         PUBLIC        IE
  D:00BDH         PUBLIC        ADC_RES
  D:00B8H         PUBLIC        IP
  D:0097H         PUBLIC        CLK_DIV
  D:00D8H         PUBLIC        CCON
  D:00BCH         PUBLIC        ADC_CONTR
  D:0098H         PUBLIC        SCON
  D:0088H         PUBLIC        TCON
  B:00A0H.4       PUBLIC        P24
  B:00A0H.5       PUBLIC        P25
  B:00A0H.6       PUBLIC        P26
  C:3F25H         PUBLIC        ADC_Init
  C:3DA7H         PUBLIC        _ADC_GetResult
  D:009DH         PUBLIC        P1ASF
  D:00BEH         PUBLIC        ADC_RESL
  D:00D0H         PUBLIC        PSW
  -------         PROC          ADC_INIT
  C:3F25H         LINE#         7
  C:3F25H         LINE#         8
  C:3F25H         LINE#         10
  C:3F27H         LINE#         11
  C:3F29H         LINE#         12
  C:3F2BH         LINE#         13
  C:3F2EH         LINE#         14
  C:3F31H         LINE#         15
  C:3F34H         LINE#         16
  C:3F37H         LINE#         18
  C:3F39H         LINE#         19
  C:3F3BH         LINE#         20
  C:3F3EH         LINE#         22
BL51 BANKED LINKER/LOCATER V6.22                                                      05/14/2019  16:54:33  PAGE 32


  -------         ENDPROC       ADC_INIT
  -------         PROC          _ADC_GETRESULT
  D:0007H         SYMBOL        ch
  -------         DO            
  D:0006H         SYMBOL        ADC_Value_H
  D:0004H         SYMBOL        ADC_Value_L
  D:0006H         SYMBOL        ADC_Value
  -------         ENDDO         
  C:3DA7H         LINE#         27
  C:3DA7H         LINE#         28
  C:3DA7H         LINE#         30
  C:3DACH         LINE#         31
  C:3DADH         LINE#         32
  C:3DAEH         LINE#         33
  C:3DAFH         LINE#         34
  C:3DB0H         LINE#         35
  C:3DB5H         LINE#         36
  C:3DB8H         LINE#         37
  C:3DBCH         LINE#         38
  C:3DC0H         LINE#         40
  C:3DD2H         LINE#         41
  C:3DD2H         LINE#         42
  -------         ENDPROC       _ADC_GETRESULT
  -------         ENDMOD        ADC

  -------         MODULE        CALIBRATION
  C:0000H         SYMBOL        _ICE_DUMMY_
  D:0080H         PUBLIC        P0
  D:0090H         PUBLIC        P1
  D:00A0H         PUBLIC        P2
  D:00B0H         PUBLIC        P3
  D:00C0H         PUBLIC        P4
  D:00C8H         PUBLIC        P5
  D:00E8H         PUBLIC        P6
  D:00F8H         PUBLIC        P7
  C:36AFH         PUBLIC        _Max_Value
  D:00A8H         PUBLIC        IE
  C:3029H         PUBLIC        _calibration
  C:32ABH         PUBLIC        voltage_is_stable
  D:00B8H         PUBLIC        IP
  D:00D8H         PUBLIC        CCON
  D:0098H         PUBLIC        SCON
  D:0088H         PUBLIC        TCON
  C:1EC7H         PUBLIC        _Find_Real_Max
  D:00D0H         PUBLIC        PSW
  -------         PROC          VOLTAGE_IS_STABLE
  -------         DO            
  X:0381H         SYMBOL        sample_voltage
  X:0395H         SYMBOL        i
  X:0397H         SYMBOL        ch
  -------         ENDDO         
  C:32ABH         LINE#         19
  C:32ABH         LINE#         20
  C:32ABH         LINE#         22
  C:32B2H         LINE#         23
  C:32B8H         LINE#         24
  C:32B8H         LINE#         25
BL51 BANKED LINKER/LOCATER V6.22                                                      05/14/2019  16:54:33  PAGE 33


  C:32E1H         LINE#         26
  C:3300H         LINE#         28
  C:331AH         LINE#         29
  C:331AH         LINE#         30
  C:334DH         LINE#         31
  C:3351H         LINE#         32
  C:3361H         LINE#         33
  C:3365H         LINE#         34
  -------         ENDPROC       VOLTAGE_IS_STABLE
  -------         PROC          _FIND_REAL_MAX
  X:021AH         SYMBOL        current_position
  -------         DO            
  X:021DH         SYMBOL        ch
  X:021EH         SYMBOL        calib_step_move
  X:0222H         SYMBOL        voltage_at_scanned_pos
  X:029AH         SYMBOL        max_location
  X:029CH         SYMBOL        i
  -------         ENDDO         
  C:1EC7H         LINE#         35
  C:1ED2H         LINE#         36
  C:1ED2H         LINE#         37
  C:1ED5H         LINE#         38
  C:1EDDH         LINE#         42
  C:1EF6H         LINE#         43
  C:1EF6H         LINE#         44
  C:1F0BH         LINE#         45
  C:1F1BH         LINE#         46
  C:1F22H         LINE#         47
  C:1F22H         LINE#         48
  C:1F2DH         LINE#         49
  C:1F2DH         LINE#         50
  C:1F40H         LINE#         51
  C:1F66H         LINE#         52
  C:1F8EH         LINE#         53
  C:1F91H         LINE#         55
  C:1F91H         LINE#         57
  C:1FA3H         LINE#         58
  C:1FC3H         LINE#         61
  C:1FEAH         LINE#         63
  C:2046H         LINE#         64
  C:2049H         LINE#         65
  C:2049H         LINE#         69
  C:204EH         LINE#         70
  C:2053H         LINE#         72
  C:2058H         LINE#         73
  C:205DH         LINE#         74
  C:2062H         LINE#         75
  C:2067H         LINE#         78
  C:209EH         LINE#         79
  C:20A3H         LINE#         80
  C:20A8H         LINE#         81
  C:20AFH         LINE#         82
  C:20D1H         LINE#         96
  C:20E0H         LINE#         97
  C:20E0H         LINE#         98
  C:20F1H         LINE#         100
  C:2113H         LINE#         101
BL51 BANKED LINKER/LOCATER V6.22                                                      05/14/2019  16:54:33  PAGE 34


  C:2170H         LINE#         102
  C:2177H         LINE#         103
  C:2177H         LINE#         105
  -------         ENDPROC       _FIND_REAL_MAX
  -------         PROC          _MAX_VALUE
  D:0001H         SYMBOL        input
  -------         DO            
  D:0004H         SYMBOL        max
  X:0417H         SYMBOL        max_location
  X:0419H         SYMBOL        i
  -------         ENDDO         
  C:36AFH         LINE#         108
  C:36AFH         LINE#         109
  C:36AFH         LINE#         110
  C:36BAH         LINE#         112
  C:36CFH         LINE#         113
  C:36CFH         LINE#         114
[...]
  -------         ENDDO         
  C:3C2CH         LINE#         49
  C:3C2CH         LINE#         50
  C:3C2CH         LINE#         53
  C:3C2EH         LINE#         54
  C:3C30H         LINE#         57
  C:3C37H         LINE#         58
BL51 BANKED LINKER/LOCATER V6.22                                                      05/14/2019  16:54:33  PAGE 40


  C:3C37H         LINE#         59
  C:3C39H         LINE#         60
  C:3C3CH         LINE#         61
  C:3C40H         LINE#         62
  C:3C40H         LINE#         63
  C:3C42H         LINE#         64
  C:3C44H         LINE#         66
  C:3C44H         LINE#         67
  C:3C46H         LINE#         69
  C:3C46H         LINE#         70
  C:3C46H         LINE#         71
  C:3C46H         LINE#         72
  C:3C49H         LINE#         73
  C:3C4DH         LINE#         76
  C:3C6CH         LINE#         77
  C:3C6EH         LINE#         78
  -------         ENDPROC       AT25SF041_WRITEENABLE
  -------         PROC          _AT25SF041_WRITE
  D:0003H         SYMBOL        opcode
  X:03E4H         SYMBOL        addr
  X:03E8H         SYMBOL        dat
  -------         DO            
  X:03E9H         SYMBOL        i
  -------         ENDDO         
  C:2F32H         LINE#         83
  C:2F34H         LINE#         84
  C:2F34H         LINE#         85
  C:2F34H         LINE#         86
  C:2F36H         LINE#         87
  C:2F39H         LINE#         90
  C:2F40H         LINE#         91
  C:2F40H         LINE#         92
  C:2F42H         LINE#         93
  C:2F45H         LINE#         94
  C:2F49H         LINE#         95
  C:2F49H         LINE#         96
  C:2F4BH         LINE#         97
  C:2F4DH         LINE#         99
  C:2F4DH         LINE#         100
  C:2F4FH         LINE#         102
  C:2F4FH         LINE#         103
  C:2F4FH         LINE#         104
  C:2F4FH         LINE#         105
  C:2F52H         LINE#         106
  C:2F56H         LINE#         109
  C:2F75H         LINE#         111
  C:2F7CH         LINE#         112
  C:2F7CH         LINE#         113
  C:2F7EH         LINE#         114
  C:2F81H         LINE#         115
  C:2F9DH         LINE#         116
  C:2F9DH         LINE#         117
  C:2F9FH         LINE#         118
  C:2FA1H         LINE#         120
  C:2FA1H         LINE#         121
  C:2FA3H         LINE#         123
  C:2FA3H         LINE#         124
BL51 BANKED LINKER/LOCATER V6.22                                                      05/14/2019  16:54:33  PAGE 41


  C:2FA3H         LINE#         125
  C:2FA3H         LINE#         126
  C:2FA6H         LINE#         127
  C:2FBFH         LINE#         129
  C:2FDEH         LINE#         131
  C:2FE5H         LINE#         132
  C:2FE5H         LINE#         133
  C:2FE7H         LINE#         134
  C:2FEAH         LINE#         135
  C:2FF1H         LINE#         136
  C:2FF1H         LINE#         137
  C:2FF3H         LINE#         138
  C:2FF5H         LINE#         140
  C:2FF5H         LINE#         141
  C:2FF7H         LINE#         143
  C:2FF7H         LINE#         144
  C:2FF7H         LINE#         145
  C:2FF7H         LINE#         146
  C:2FFAH         LINE#         147
  C:3001H         LINE#         149
  C:3020H         LINE#         151
  C:3022H         LINE#         152
  -------         ENDPROC       _AT25SF041_WRITE
  -------         PROC          _AT25SF041_READ
  D:0003H         SYMBOL        opcode
  X:03ECH         SYMBOL        addr
  -------         DO            
  X:03F0H         SYMBOL        dat
  X:03F1H         SYMBOL        i
  -------         ENDDO         
  C:2E29H         LINE#         156
  C:2E2BH         LINE#         157
  C:2E2BH         LINE#         158
  C:2E30H         LINE#         160
  C:2E32H         LINE#         161
  C:2E38H         LINE#         165
  C:2E3DH         LINE#         166
  C:2E3DH         LINE#         167
  C:2E3FH         LINE#         168
  C:2E42H         LINE#         169
  C:2E46H         LINE#         170
  C:2E46H         LINE#         171
  C:2E48H         LINE#         172
  C:2E4AH         LINE#         174
  C:2E4AH         LINE#         175
  C:2E4CH         LINE#         177
  C:2E4CH         LINE#         178
  C:2E4CH         LINE#         179
  C:2E4CH         LINE#         180
  C:2E4FH         LINE#         181
  C:2E53H         LINE#         184
  C:2E72H         LINE#         186
  C:2E79H         LINE#         187
  C:2E79H         LINE#         188
  C:2E7BH         LINE#         189
  C:2E7EH         LINE#         190
  C:2E9AH         LINE#         191
BL51 BANKED LINKER/LOCATER V6.22                                                      05/14/2019  16:54:33  PAGE 42


  C:2E9AH         LINE#         192
  C:2E9CH         LINE#         193
  C:2E9EH         LINE#         195
  C:2E9EH         LINE#         196
  C:2EA0H         LINE#         198
  C:2EA0H         LINE#         199
  C:2EA0H         LINE#         200
  C:2EA0H         LINE#         201
  C:2EA3H         LINE#         202
  C:2EBCH         LINE#         204
  C:2EDBH         LINE#         207
  C:2EE2H         LINE#         209
  C:2EE4H         LINE#         210
  C:2EEBH         LINE#         212
  C:2EF2H         LINE#         213
  C:2EF2H         LINE#         214
  C:2EF9H         LINE#         215
  C:2EF9H         LINE#         216
  C:2EFCH         LINE#         217
  C:2EFEH         LINE#         218
  C:2F01H         LINE#         220
  C:2F04H         LINE#         221
  C:2F04H         LINE#         223
  C:2F08H         LINE#         224
  C:2F08H         LINE#         230
  C:2F27H         LINE#         233
  C:2F29H         LINE#         234
  C:2F2CH         LINE#         235
  C:2F31H         LINE#         237
  -------         ENDPROC       _AT25SF041_READ
  -------         PROC          UCREAD_STATUS_REGISTER_BYTE1
  -------         DO            
  D:0003H         SYMBOL        dat
  D:0001H         SYMBOL        opcode
  X:042DH         SYMBOL        count
  X:042EH         SYMBOL        i
  -------         ENDDO         
  C:3571H         LINE#         241
  C:3571H         LINE#         242
  C:3571H         LINE#         243
  C:3577H         LINE#         244
  C:357BH         LINE#         245
  C:357DH         LINE#         246
  C:357FH         LINE#         247
  C:3585H         LINE#         251
  C:358CH         LINE#         252
  C:358CH         LINE#         253
  C:358EH         LINE#         254
  C:3591H         LINE#         255
  C:3595H         LINE#         256
  C:3595H         LINE#         257
  C:3597H         LINE#         258
  C:3599H         LINE#         260
  C:3599H         LINE#         261
  C:359BH         LINE#         263
  C:359BH         LINE#         264
  C:359BH         LINE#         265
BL51 BANKED LINKER/LOCATER V6.22                                                      05/14/2019  16:54:33  PAGE 43


  C:359BH         LINE#         266
  C:359EH         LINE#         267
  C:35A2H         LINE#         270
  C:35C1H         LINE#         274
  C:35C8H         LINE#         276
  C:35CAH         LINE#         277
  C:35D1H         LINE#         278
  C:35D8H         LINE#         279
  C:35D8H         LINE#         280
  C:35DCH         LINE#         281
  C:35DCH         LINE#         282
  C:35DFH         LINE#         283
  C:35E1H         LINE#         284
  C:35E4H         LINE#         286
  C:35E7H         LINE#         287
  C:35E7H         LINE#         289
  C:35EBH         LINE#         290
  C:35EBH         LINE#         292
  C:360AH         LINE#         296
  C:360CH         LINE#         297
  C:360FH         LINE#         298
  C:3611H         LINE#         299
  -------         ENDPROC       UCREAD_STATUS_REGISTER_BYTE1
  -------         ENDMOD        AT25SF041

  -------         MODULE        ?C_STARTUP
  C:37E0H         SEGMENT       ?C_C51STARTUP
  I:0022H         SEGMENT       ?STACK
  C:0000H         PUBLIC        ?C_STARTUP
  D:00E0H         SYMBOL        ACC
  D:00F0H         SYMBOL        B
  D:0083H         SYMBOL        DPH
  D:0082H         SYMBOL        DPL
  N:0000H         SYMBOL        IBPSTACK
  N:0100H         SYMBOL        IBPSTACKTOP
  N:0080H         SYMBOL        IDATALEN
  C:37E3H         SYMBOL        IDATALOOP
  N:0000H         SYMBOL        PBPSTACK
  N:0100H         SYMBOL        PBPSTACKTOP
  N:0000H         SYMBOL        PDATALEN
  N:0000H         SYMBOL        PDATASTART
  N:0000H         SYMBOL        PPAGE
  N:0000H         SYMBOL        PPAGEENABLE
  D:00A0H         SYMBOL        PPAGE_SFR
  D:0081H         SYMBOL        SP
  C:37E0H         SYMBOL        STARTUP1
  N:0000H         SYMBOL        XBPSTACK
  N:0000H         SYMBOL        XBPSTACKTOP
  N:0000H         SYMBOL        XDATALEN
  N:0000H         SYMBOL        XDATASTART
  C:0000H         LINE#         126
  C:37E0H         LINE#         133
  C:37E2H         LINE#         134
  C:37E3H         LINE#         135
  C:37E4H         LINE#         136
  C:37E6H         LINE#         185
  C:37E9H         LINE#         196
BL51 BANKED LINKER/LOCATER V6.22                                                      05/14/2019  16:54:33  PAGE 44


  -------         ENDMOD        ?C_STARTUP

  -------         MODULE        ?C?FPADD
  C:0B2DH         PUBLIC        ?C?FPADD
  C:0B29H         PUBLIC        ?C?FPSUB
  -------         ENDMOD        ?C?FPADD

  -------         MODULE        ?C?FPMUL
  C:0C1EH         PUBLIC        ?C?FPMUL
  -------         ENDMOD        ?C?FPMUL

  -------         MODULE        ?C?FPDIV
  C:0D27H         PUBLIC        ?C?FPDIV
  -------         ENDMOD        ?C?FPDIV

  -------         MODULE        ?C?FPCMP
  C:0DC6H         PUBLIC        ?C?FPCMP
  C:0DC4H         PUBLIC        ?C?FPCMP3
  -------         ENDMOD        ?C?FPCMP

  -------         MODULE        ?C?FPNEG
  C:0E3DH         PUBLIC        ?C?FPNEG
  -------         ENDMOD        ?C?FPNEG

  -------         MODULE        ?C?FCAST
  C:0E58H         PUBLIC        ?C?FCASTC
  C:0E53H         PUBLIC        ?C?FCASTI
  C:0E4EH         PUBLIC        ?C?FCASTL
  -------         ENDMOD        ?C?FCAST

  -------         MODULE        ?C?CASTF
  C:0E8CH         PUBLIC        ?C?CASTF
  -------         ENDMOD        ?C?CASTF

  -------         MODULE        ATAN2
  X:03F3H         PUBLIC        ?_atan2?BYTE
  C:3612H         PUBLIC        _atan2
  -------         ENDMOD        ATAN2

  -------         MODULE        SIN
  C:2A55H         PUBLIC        _COS
  C:2A6BH         PUBLIC        _SIN
  C:2AA7H         PUBLIC        _TAN
  -------         ENDMOD        SIN

  -------         MODULE        ACOS
  C:3BE2H         PUBLIC        _ACOS
  -------         ENDMOD        ACOS

  -------         MODULE        ASIN
  C:3D39H         PUBLIC        _ASIN
  -------         ENDMOD        ASIN

  -------         MODULE        SQRT
  C:34C9H         PUBLIC        _SQRT
  -------         ENDMOD        SQRT

BL51 BANKED LINKER/LOCATER V6.22                                                      05/14/2019  16:54:33  PAGE 45


  -------         MODULE        ATAN
  C:2D27H         PUBLIC        _ATAN
  -------         ENDMOD        ATAN

  -------         MODULE        ?C?COPY
  C:102AH         PUBLIC        ?C?COPY
  -------         ENDMOD        ?C?COPY

  -------         MODULE        ?C?CLDPTR
  C:1050H         PUBLIC        ?C?CLDPTR
  -------         ENDMOD        ?C?CLDPTR

  -------         MODULE        ?C?CLDOPTR
  C:1069H         PUBLIC        ?C?CLDOPTR
  -------         ENDMOD        ?C?CLDOPTR

  -------         MODULE        ?C?CSTPTR
  C:1096H         PUBLIC        ?C?CSTPTR
  -------         ENDMOD        ?C?CSTPTR

  -------         MODULE        ?C?IMUL
  C:10A8H         PUBLIC        ?C?IMUL
  -------         ENDMOD        ?C?IMUL

  -------         MODULE        ?C?UIDIV
  C:10BAH         PUBLIC        ?C?UIDIV
  -------         ENDMOD        ?C?UIDIV

  -------         MODULE        ?C?SIDIV
  C:110FH         PUBLIC        ?C?SIDIV
  -------         ENDMOD        ?C?SIDIV

  -------         MODULE        ?C?ILDIX
  C:1145H         PUBLIC        ?C?ILDIX
  -------         ENDMOD        ?C?ILDIX

  -------         MODULE        ?C?ILDOPTR
  C:115BH         PUBLIC        ?C?ILDOPTR
  -------         ENDMOD        ?C?ILDOPTR

  -------         MODULE        ?C?LMUL
  C:1193H         PUBLIC        ?C?LMUL
  -------         ENDMOD        ?C?LMUL

  -------         MODULE        ?C?ULDIV
  C:121EH         PUBLIC        ?C?ULDIV
  -------         ENDMOD        ?C?ULDIV

  -------         MODULE        ?C?SLDIV
  C:3C75H         PUBLIC        ?C?SLDIV
  -------         ENDMOD        ?C?SLDIV

  -------         MODULE        ?C?LNEG
  C:12B0H         PUBLIC        ?C?LNEG
  -------         ENDMOD        ?C?LNEG

  -------         MODULE        ?C?ULCMP
BL51 BANKED LINKER/LOCATER V6.22                                                      05/14/2019  16:54:33  PAGE 46


  C:12BEH         PUBLIC        ?C?ULCMP
  -------         ENDMOD        ?C?ULCMP

  -------         MODULE        ?C?LSHL
  C:12CFH         PUBLIC        ?C?LSHL
  -------         ENDMOD        ?C?LSHL

  -------         MODULE        ?C?LLDPTR
  C:12E2H         PUBLIC        ?C?LLDPTR
  -------         ENDMOD        ?C?LLDPTR

  -------         MODULE        ?C?LLDOPTR
  C:1302H         PUBLIC        ?C?LLDOPTR
  -------         ENDMOD        ?C?LLDOPTR

  -------         MODULE        ?C?LSTPTR
  C:1332H         PUBLIC        ?C?LSTPTR
  -------         ENDMOD        ?C?LSTPTR

  -------         MODULE        ?C?LSTOPTR
  C:134CH         PUBLIC        ?C?LSTOPTR
  -------         ENDMOD        ?C?LSTOPTR

  -------         MODULE        ?C?LLDXDATA
  C:1370H         PUBLIC        ?C?LLDXDATA
  -------         ENDMOD        ?C?LLDXDATA

  -------         MODULE        ?C?LLDCODE
  C:137CH         PUBLIC        ?C?LLDCODE
  -------         ENDMOD        ?C?LLDCODE

  -------         MODULE        ?C?LLDXDATA0
  C:138CH         PUBLIC        ?C?LLDXDATA0
  -------         ENDMOD        ?C?LLDXDATA0

  -------         MODULE        ?C?LLDCODE0
  C:1398H         PUBLIC        ?C?LLDCODE0
  -------         ENDMOD        ?C?LLDCODE0

  -------         MODULE        ?C?LLDPTR0
  C:13A8H         PUBLIC        ?C?LLDPTR0
  -------         ENDMOD        ?C?LLDPTR0

  -------         MODULE        ?C?LSTXDATA
  C:13C8H         PUBLIC        ?C?LSTXDATA
  -------         ENDMOD        ?C?LSTXDATA

  -------         MODULE        ?C?LSTKXDATA
  C:13D4H         PUBLIC        ?C?LSTKXDATA
  -------         ENDMOD        ?C?LSTKXDATA

  -------         MODULE        ABS
  C:40A2H         PUBLIC        _ABS
  -------         ENDMOD        ABS

  -------         MODULE        ATOI
  C:310DH         PUBLIC        _atoi
BL51 BANKED LINKER/LOCATER V6.22                                                      05/14/2019  16:54:33  PAGE 47


  -------         ENDMOD        ATOI

  -------         MODULE        ?C?IILDX
  C:1405H         PUBLIC        ?C?IILDX
  -------         ENDMOD        ?C?IILDX

  -------         MODULE        ?C?LLDIDATA
  C:141BH         PUBLIC        ?C?LLDIDATA
  -------         ENDMOD        ?C?LLDIDATA

  -------         MODULE        ?C?LLDPDATA
  C:1427H         PUBLIC        ?C?LLDPDATA
  -------         ENDMOD        ?C?LLDPDATA

  -------         MODULE        ?C?LLDIDATA0
  C:1433H         PUBLIC        ?C?LLDIDATA0
  -------         ENDMOD        ?C?LLDIDATA0

  -------         MODULE        ?C?LLDPDATA0
  C:1440H         PUBLIC        ?C?LLDPDATA0
  -------         ENDMOD        ?C?LLDPDATA0

  -------         MODULE        ?C?LSTIDATA
  C:144DH         PUBLIC        ?C?LSTIDATA
  -------         ENDMOD        ?C?LSTIDATA

  -------         MODULE        ?C?LSTPDATA
  C:1459H         PUBLIC        ?C?LSTPDATA
  -------         ENDMOD        ?C?LSTPDATA

  -------         MODULE        ISDIGIT
  C:406DH         PUBLIC        _isdigit
  -------         ENDMOD        ISDIGIT

  -------         MODULE        ISSPACE
  C:4008H         PUBLIC        _isspace
  -------         ENDMOD        ISSPACE

*** WARNING L16: UNCALLED SEGMENT, IGNORED FOR OVERLAY PROCESS
    SEGMENT: ?PR?_DISPLAY_PROX?MAIN

*** WARNING L16: UNCALLED SEGMENT, IGNORED FOR OVERLAY PROCESS
    SEGMENT: ?PR?SPI_INIT?PCF85063BTL

*** WARNING L16: UNCALLED SEGMENT, IGNORED FOR OVERLAY PROCESS
    SEGMENT: ?PR?_READ_TIME?PCF85063BTL

*** WARNING L16: UNCALLED SEGMENT, IGNORED FOR OVERLAY PROCESS
    SEGMENT: ?PR?_DAY_OF_YEAR?PCF85063BTL

*** WARNING L16: UNCALLED SEGMENT, IGNORED FOR OVERLAY PROCESS
    SEGMENT: ?PR?_TEN?UART1

*** WARNING L16: UNCALLED SEGMENT, IGNORED FOR OVERLAY PROCESS
    SEGMENT: ?PR?_UNIT?UART1

*** WARNING L16: UNCALLED SEGMENT, IGNORED FOR OVERLAY PROCESS
BL51 BANKED LINKER/LOCATER V6.22                                                      05/14/2019  16:54:33  PAGE 48


    SEGMENT: ?PR?_DECTOBCD?UART1

*** WARNING L16: UNCALLED SEGMENT, IGNORED FOR OVERLAY PROCESS
    SEGMENT: ?PR?_ASCII_LETTER?UART1

*** WARNING L16: UNCALLED SEGMENT, IGNORED FOR OVERLAY PROCESS
    SEGMENT: ?PR?_ASCIITOBCD?UART1

*** WARNING L16: UNCALLED SEGMENT, IGNORED FOR OVERLAY PROCESS
    SEGMENT: ?PR?_SENDSPIDATATOUART?UART1

*** WARNING L16: UNCALLED SEGMENT, IGNORED FOR OVERLAY PROCESS
    SEGMENT: ?PR?_DISPLAYLCD?LCD_DRIVER_SPLC780D

*** WARNING L16: UNCALLED SEGMENT, IGNORED FOR OVERLAY PROCESS
    SEGMENT: ?PR?LCD_RETURN_HOME?LCD_DRIVER_SPLC780D

*** WARNING L16: UNCALLED SEGMENT, IGNORED FOR OVERLAY PROCESS
    SEGMENT: ?PR?_DISPLAY_LINE?LCD_DRIVER_SPLC780D

*** WARNING L16: UNCALLED SEGMENT, IGNORED FOR OVERLAY PROCESS
    SEGMENT: ?PR?KEY_PROCESS?KEYPAD

*** WARNING L16: UNCALLED SEGMENT, IGNORED FOR OVERLAY PROCESS
    SEGMENT: ?PR?KEYPAD_IO_INIT?KEYPAD

*** WARNING L16: UNCALLED SEGMENT, IGNORED FOR OVERLAY PROCESS
    SEGMENT: ?PR?WAIT?BIPOLARMOTOR

*** WARNING L16: UNCALLED SEGMENT, IGNORED FOR OVERLAY PROCESS
    SEGMENT: ?PR?_FINDDET4X4?BIPOLARMOTOR

*** WARNING L16: UNCALLED SEGMENT, IGNORED FOR OVERLAY PROCESS
    SEGMENT: ?PR?ADC_INIT?ADC

*** WARNING L16: UNCALLED SEGMENT, IGNORED FOR OVERLAY PROCESS
    SEGMENT: ?PR?_CALIBRATION?CALIBRATION

*** WARNING L16: UNCALLED SEGMENT, IGNORED FOR OVERLAY PROCESS
    SEGMENT: ?PR?NOP?IOEXPANDER_PI4IOE5V96248

*** WARNING L16: UNCALLED SEGMENT, IGNORED FOR OVERLAY PROCESS
    SEGMENT: ?PR?UC_ACK?IOEXPANDER_PI4IOE5V96248

*** WARNING L16: UNCALLED SEGMENT, IGNORED FOR OVERLAY PROCESS
    SEGMENT: ?PR?UC_NACK?IOEXPANDER_PI4IOE5V96248

*** WARNING L16: UNCALLED SEGMENT, IGNORED FOR OVERLAY PROCESS
    SEGMENT: ?PR?AT25SF041_CHIPERASE?AT25SF041

*** WARNING L16: UNCALLED SEGMENT, IGNORED FOR OVERLAY PROCESS
    SEGMENT: ?PR?AT25SF041_WRITEENABLE?AT25SF041

*** WARNING L16: UNCALLED SEGMENT, IGNORED FOR OVERLAY PROCESS
    SEGMENT: ?PR?_AT25SF041_WRITE?AT25SF041

*** WARNING L16: UNCALLED SEGMENT, IGNORED FOR OVERLAY PROCESS
BL51 BANKED LINKER/LOCATER V6.22                                                      05/14/2019  16:54:33  PAGE 49


    SEGMENT: ?PR?_AT25SF041_READ?AT25SF041

*** WARNING L1: UNRESOLVED EXTERNAL SYMBOL
    SYMBOL:  AUTO_MODE
    MODULE:  .\Obj\main.obj (MAIN)

*** WARNING L2: REFERENCE MADE TO UNRESOLVED EXTERNAL
    SYMBOL:  AUTO_MODE
    MODULE:  .\Obj\main.obj (MAIN)
    ADDRESS: 398DH

*** WARNING L1: UNRESOLVED EXTERNAL SYMBOL
    SYMBOL:  AUTO_MODE
    MODULE:  .\Obj\KeyPad.obj (KEYPAD)

*** WARNING L2: REFERENCE MADE TO UNRESOLVED EXTERNAL
    SYMBOL:  AUTO_MODE
    MODULE:  .\Obj\KeyPad.obj (KEYPAD)
    ADDRESS: 21C5H

*** WARNING L2: REFERENCE MADE TO UNRESOLVED EXTERNAL
    SYMBOL:  AUTO_MODE
    MODULE:  .\Obj\KeyPad.obj (KEYPAD)
    ADDRESS: 21D0H

*** WARNING L2: REFERENCE MADE TO UNRESOLVED EXTERNAL
    SYMBOL:  AUTO_MODE
    MODULE:  .\Obj\KeyPad.obj (KEYPAD)
    ADDRESS: 21D7H

Program Size: data=18.5 xdata=1084 code=16599
LINK/LOCATE RUN COMPLETE.  32 WARNING(S),  0 ERROR(S)
