BL51 BANKED LINKER/LOCATER V6.22                                                        05/31/2019  11:58:14  PAGE 1


BL51 BANKED LINKER/LOCATER V6.22, INVOKED BY:
C:\KEIL_V5\C51\BIN\BL51.EXE .\Obj\main.obj, .\Obj\PCF85063BTL.obj, .\Obj\LCd_Driver_SPLC780D.obj, .\Obj\KeyPad.obj, .\Ob
>> j\BipolarMotor.obj, .\Obj\SunPos.obj, .\Obj\ADC.obj, .\Obj\Calibration.obj, .\Obj\IOExpander_PI4IOE5V96248.obj, .\Obj
>> \AT25SF041.obj, .\Obj\SI1120.obj, .\Obj\UART1.obj, .\Obj\STARTUP.obj TO .\Obj\GPIO_RTC_Test PRINT (.\Lis\GPIO_RTC_Tes
>> t.m51) RAMSIZE (256)


MEMORY MODEL: LARGE WITH FLOATING POINT ARITHMETIC


INPUT MODULES INCLUDED:
  .\Obj\main.obj (MAIN)
  .\Obj\PCF85063BTL.obj (PCF85063BTL)
  .\Obj\LCd_Driver_SPLC780D.obj (LCD_DRIVER_SPLC780D)
  .\Obj\KeyPad.obj (KEYPAD)
  .\Obj\BipolarMotor.obj (BIPOLARMOTOR)
  .\Obj\SunPos.obj (SUNPOS)
  .\Obj\ADC.obj (ADC)
  .\Obj\Calibration.obj (CALIBRATION)
  .\Obj\IOExpander_PI4IOE5V96248.obj (IOEXPANDER_PI4IOE5V96248)
  .\Obj\AT25SF041.obj (AT25SF041)
  .\Obj\SI1120.obj (SI1120)
  .\Obj\UART1.obj (UART1)
  .\Obj\STARTUP.obj (?C_STARTUP)
  C:\KEIL_V5\C51\LIB\C51FPL.LIB (?C?FPADD)
  C:\KEIL_V5\C51\LIB\C51FPL.LIB (?C?FPMUL)
  C:\KEIL_V5\C51\LIB\C51FPL.LIB (?C?FPDIV)
  C:\KEIL_V5\C51\LIB\C51FPL.LIB (?C?FPCMP)
  C:\KEIL_V5\C51\LIB\C51FPL.LIB (?C?FPNEG)
  C:\KEIL_V5\C51\LIB\C51FPL.LIB (?C?FCAST)
  C:\KEIL_V5\C51\LIB\C51FPL.LIB (?C?CASTF)
  C:\KEIL_V5\C51\LIB\C51FPL.LIB (PRINTF)
  C:\KEIL_V5\C51\LIB\C51FPL.LIB (ATAN2)
  C:\KEIL_V5\C51\LIB\C51FPL.LIB (SIN)
  C:\KEIL_V5\C51\LIB\C51FPL.LIB (ACOS)
  C:\KEIL_V5\C51\LIB\C51FPL.LIB (ASIN)
  C:\KEIL_V5\C51\LIB\C51FPL.LIB (POW)
  C:\KEIL_V5\C51\LIB\C51FPL.LIB (?C?FPGETOPN)
  C:\KEIL_V5\C51\LIB\C51FPL.LIB (?C?CHKFLOAT)
  C:\KEIL_V5\C51\LIB\C51FPL.LIB (?C?FPROUND)
  C:\KEIL_V5\C51\LIB\C51FPL.LIB (?C?FPCONVERT)
  C:\KEIL_V5\C51\LIB\C51FPL.LIB (?C?FPSERIES)
  C:\KEIL_V5\C51\LIB\C51FPL.LIB (EXP)
  C:\KEIL_V5\C51\LIB\C51FPL.LIB (LOG)
  C:\KEIL_V5\C51\LIB\C51FPL.LIB (SQRT)
  C:\KEIL_V5\C51\LIB\C51FPL.LIB (ATAN)
  C:\KEIL_V5\C51\LIB\C51FPL.LIB (?C?FTNPWR)
  C:\KEIL_V5\C51\LIB\C51L.LIB (?C_INIT)
  C:\KEIL_V5\C51\LIB\C51L.LIB (?C?COPY)
  C:\KEIL_V5\C51\LIB\C51L.LIB (?C?CLDPTR)
  C:\KEIL_V5\C51\LIB\C51L.LIB (?C?CLDOPTR)
  C:\KEIL_V5\C51\LIB\C51L.LIB (?C?CSTPTR)
  C:\KEIL_V5\C51\LIB\C51L.LIB (?C?IMUL)
  C:\KEIL_V5\C51\LIB\C51L.LIB (?C?UIDIV)
  C:\KEIL_V5\C51\LIB\C51L.LIB (?C?SIDIV)
  C:\KEIL_V5\C51\LIB\C51L.LIB (?C?ILDIX)
  C:\KEIL_V5\C51\LIB\C51L.LIB (?C?ILDOPTR)
  C:\KEIL_V5\C51\LIB\C51L.LIB (?C?ISTPTR)
BL51 BANKED LINKER/LOCATER V6.22                                                      05/31/2019  11:58:14  PAGE 2


  C:\KEIL_V5\C51\LIB\C51L.LIB (?C?LMUL)
  C:\KEIL_V5\C51\LIB\C51L.LIB (?C?SLDIV)
  C:\KEIL_V5\C51\LIB\C51L.LIB (?C?LNEG)
  C:\KEIL_V5\C51\LIB\C51L.LIB (?C?ULCMP)
  C:\KEIL_V5\C51\LIB\C51L.LIB (?C?LSHL)
  C:\KEIL_V5\C51\LIB\C51L.LIB (?C?LLDPTR)
  C:\KEIL_V5\C51\LIB\C51L.LIB (?C?LLDOPTR)
  C:\KEIL_V5\C51\LIB\C51L.LIB (?C?LSTPTR)
  C:\KEIL_V5\C51\LIB\C51L.LIB (?C?LSTOPTR)
  C:\KEIL_V5\C51\LIB\C51L.LIB (?C?LLDXDATA)
  C:\KEIL_V5\C51\LIB\C51L.LIB (?C?LLDCODE)
  C:\KEIL_V5\C51\LIB\C51L.LIB (?C?LLDXDATA0)
  C:\KEIL_V5\C51\LIB\C51L.LIB (?C?LLDCODE0)
  C:\KEIL_V5\C51\LIB\C51L.LIB (?C?LLDPTR0)
  C:\KEIL_V5\C51\LIB\C51L.LIB (?C?LSTXDATA)
  C:\KEIL_V5\C51\LIB\C51L.LIB (?C?LSTKXDATA)
  C:\KEIL_V5\C51\LIB\C51L.LIB (?C?LSTKPTR)
  C:\KEIL_V5\C51\LIB\C51L.LIB (?C?OFFXADD)
  C:\KEIL_V5\C51\LIB\C51L.LIB (?C?PLDIXDATA)
  C:\KEIL_V5\C51\LIB\C51L.LIB (?C?PSTXDATA)
  C:\KEIL_V5\C51\LIB\C51L.LIB (?C?CCASE)
  C:\KEIL_V5\C51\LIB\C51L.LIB (PUTCHAR)
  C:\KEIL_V5\C51\LIB\C51L.LIB (ATOI)
  C:\KEIL_V5\C51\LIB\C51L.LIB (?C?IILDX)
  C:\KEIL_V5\C51\LIB\C51L.LIB (?C?ULDIV)
  C:\KEIL_V5\C51\LIB\C51L.LIB (?C?LLDIDATA)
  C:\KEIL_V5\C51\LIB\C51L.LIB (?C?LLDPDATA)
  C:\KEIL_V5\C51\LIB\C51L.LIB (?C?LLDIDATA0)
  C:\KEIL_V5\C51\LIB\C51L.LIB (?C?LLDPDATA0)
  C:\KEIL_V5\C51\LIB\C51L.LIB (?C?LSTIDATA)
  C:\KEIL_V5\C51\LIB\C51L.LIB (?C?LSTPDATA)
  C:\KEIL_V5\C51\LIB\C51L.LIB (?C?LSTKIDATA)
  C:\KEIL_V5\C51\LIB\C51L.LIB (?C?LSTKPDATA)
  C:\KEIL_V5\C51\LIB\C51L.LIB (ISDIGIT)
  C:\KEIL_V5\C51\LIB\C51L.LIB (ISSPACE)


LINK MAP OF MODULE:  .\Obj\GPIO_RTC_Test (MAIN)


            TYPE    BASE      LENGTH    RELOCATION   SEGMENT NAME
            -----------------------------------------------------

            * * * * * * *   D A T A   M E M O R Y   * * * * * * *
            REG     0000H     0008H     ABSOLUTE     "REG BANK 0"
            DATA    0008H     0005H     UNIT         _DATA_GROUP_
                    000DH     0013H                  *** GAP ***
            BIT     0020H.0   0001H.2   UNIT         _BIT_GROUP_
            BIT     0021H.2   0000H.1   UNIT         ?BI?MAIN
            BIT     0021H.3   0000H.1   UNIT         ?BI?_ATOI?ATOI
                    0021H.4   0000H.4                *** GAP ***
            IDATA   0022H     0001H     UNIT         ?STACK

            * * * * * * *  X D A T A   M E M O R Y  * * * * * * *
            XDATA   0000H     03BCH     UNIT         ?XD?BIPOLARMOTOR
            XDATA   03BCH     0151H     UNIT         _XDATA_GROUP_
            XDATA   050DH     0107H     UNIT         ?XD?MAIN
BL51 BANKED LINKER/LOCATER V6.22                                                      05/31/2019  11:58:14  PAGE 3


            XDATA   0614H     0019H     UNIT         ?XD?KEYPAD
            XDATA   062DH     000EH     UNIT         ?XD?SPI_NOR_WRITE_DATA?AT25SF041
            XDATA   063BH     0008H     UNIT         ?XD?_AT25SF041_READ?AT25SF041
            XDATA   0643H     0005H     UNIT         ?XD?_ATOI?ATOI
            XDATA   0648H     0001H     UNIT         ?XD?UC_ACK?IOEXPANDER_PI4IOE5V96248
            XDATA   0649H     0001H     UNIT         ?XD?UC_NACK?IOEXPANDER_PI4IOE5V96248

            * * * * * * *   C O D E   M E M O R Y   * * * * * * *
            CODE    0000H     0003H     ABSOLUTE     
            CODE    0003H     0003H     ABSOLUTE     
            CODE    0006H     0005H     UNIT         ?PR?_UNIT?UART1
            CODE    000BH     0003H     ABSOLUTE     
            CODE    000EH     000DH     UNIT         ?PR?UART?MAIN
            CODE    001BH     0003H     ABSOLUTE     
            CODE    001EH     0005H     UNIT         ?PR?_ASCII_LETTER?UART1
            CODE    0023H     0003H     ABSOLUTE     
            CODE    0026H     0BC8H     UNIT         ?C?LIB_CODE
            CODE    0BEEH     0BBCH     UNIT         ?PR?MAIN?MAIN
            CODE    17AAH     07A2H     UNIT         ?PR?SUNPOS?SUNPOS
            CODE    1F4CH     063CH     UNIT         ?PR?_UPDATE_POSITION?BIPOLARMOTOR
            CODE    2588H     04FBH     UNIT         ?PR?_THEORICALJP_POSITION?BIPOLARMOTOR
            CODE    2A83H     04B2H     UNIT         ?PR?_FIND_REAL_MAX?CALIBRATION
            CODE    2F35H     0483H     UNIT         ?PR?PRINTF?PRINTF
            CODE    33B8H     040EH     UNIT         ?C_INITSEG
            CODE    37C6H     038CH     UNIT         ?PR?KEY_PROCESS?KEYPAD
            CODE    3B52H     0380H     UNIT         ?PR?_ELEVATION_CALCULATION?BIPOLARMOTOR
            CODE    3ED2H     01C7H     UNIT         ?PR?_CALIBRATION?CALIBRATION
            CODE    4099H     018DH     UNIT         ?PR?KEY_SCAN?KEYPAD
            CODE    4226H     0189H     UNIT         ?PR?SPI_NOR_WRITE_DATA?AT25SF041
            CODE    43AFH     0188H     UNIT         ?PR?SIN?SIN
            CODE    4537H     0166H     UNIT         ?PR?_POW?POW
            CODE    469DH     0155H     UNIT         ?PR?_DISPLAY_POS?LCD_DRIVER_SPLC780D
            CODE    47F2H     0129H     UNIT         ?PR?LOG?LOG
            CODE    491BH     0122H     UNIT         ?PR?ATAN?ATAN
            CODE    4A3DH     0110H     UNIT         ?PR?_AT25SF041_READ?AT25SF041
            CODE    4B4DH     0102H     UNIT         ?PR?_AT25SF041_WRITE?AT25SF041
            CODE    4C4FH     00F5H     UNIT         ?PR?EXINT0?MAIN
            CODE    4D44H     00DBH     UNIT         ?PR?_ATOI?ATOI
            CODE    4E1FH     00C3H     UNIT         ?PR?LINEAR_INTERPOLATE?BIPOLARMOTOR
            CODE    4EE2H     00BBH     UNIT         ?PR?VOLTAGE_IS_STABLE?CALIBRATION
            CODE    4F9DH     00ADH     UNIT         ?PR?_WRITE_PI4IOE5V96248?IOEXPANDER_PI4IOE5V96248
            CODE    504AH     00ACH     UNIT         ?PR?SQRT?SQRT
            CODE    50F6H     00A1H     UNIT         ?PR?UCREAD_STATUS_REGISTER_BYTE1?AT25SF041
            CODE    5197H     009DH     UNIT         ?PR?_ATAN2?ATAN2
            CODE    5234H     009CH     UNIT         ?PR?_MAX_VALUE?CALIBRATION
            CODE    52D0H     009AH     UNIT         ?PR?EXP?EXP
            CODE    536AH     008CH     UNIT         ?C_C51STARTUP
            CODE    53F6H     0088H     UNIT         ?PR?_DAY_OF_YEAR?PCF85063BTL
            CODE    547EH     0079H     UNIT         ?PR?_WRITEDATA?LCD_DRIVER_SPLC780D
            CODE    54F7H     0072H     UNIT         ?PR?AT25SF041_WRITEENABLE?AT25SF041
            CODE    5569H     006FH     UNIT         ?PR?_READ_TIME?PCF85063BTL
            CODE    55D8H     005AH     UNIT         ?PR?AT25SF041_CHIPERASE?AT25SF041
            CODE    5632H     0059H     UNIT         ?PR?LCD_INIT?LCD_DRIVER_SPLC780D
            CODE    568BH     004BH     UNIT         ?CO?UART1
            CODE    56D6H     004AH     UNIT         ?PR?VONESTEPMOVE?BIPOLARMOTOR
            CODE    5720H     004AH     UNIT         ?PR?ACOS?ACOS
            CODE    576AH     0044H     UNIT         ?C?LDIV
BL51 BANKED LINKER/LOCATER V6.22                                                      05/31/2019  11:58:14  PAGE 4


            CODE    57AEH     0040H     UNIT         ?PR?_COMMAND?LCD_DRIVER_SPLC780D
            CODE    57EEH     0040H     UNIT         ?PR?_STEP_MOVE?BIPOLARMOTOR
            CODE    582EH     003BH     UNIT         ?PR?ASIN?ASIN
            CODE    5869H     0033H     UNIT         ?PR?_SENDSTRING?UART1
            CODE    589CH     0031H     UNIT         ?PR?SI1120_CONFIG_MODE_VIRH?SI1120
            CODE    58CDH     002BH     UNIT         ?PR?_WAIT_MS_I2C?IOEXPANDER_PI4IOE5V96248
            CODE    58F8H     002BH     UNIT         ?PR?_WAIT_MS_SPINOR?AT25SF041
            CODE    5923H     002AH     UNIT         ?PR?_ADC_GETRESULT?ADC
            CODE    594DH     0028H     UNIT         ?PR?_MOVE?BIPOLARMOTOR
            CODE    5975H     0027H     UNIT         ?PR?_I2C_SENDBYTE?IOEXPANDER_PI4IOE5V96248
            CODE    599CH     0027H     UNIT         ?PR?PUTCHAR?PUTCHAR
            CODE    59C3H     0025H     UNIT         ?PR?_FINDCLOSESTSAMEDAYCALIBTIME?CALIBRATION
            CODE    59E8H     0024H     UNIT         ?PR?_WAIT_MS?LCD_DRIVER_SPLC780D
            CODE    5A0CH     0024H     UNIT         ?PR?_UART1_SENDTOTCPSERVER?UART1
            CODE    5A30H     0021H     UNIT         ?PR?TM0_ISR?MAIN
            CODE    5A51H     0020H     UNIT         ?PR?_SPI_SENDBYTE?PCF85063BTL
            CODE    5A71H     0020H     UNIT         ?PR?SPI_RECEIVEBYTE?PCF85063BTL
            CODE    5A91H     0020H     UNIT         ?CO?CALIBRATION
            CODE    5AB1H     001EH     UNIT         ?PR?_DELAY_MS?KEYPAD
            CODE    5ACFH     001DH     UNIT         ?PR?_DISPLAYLCD?LCD_DRIVER_SPLC780D
            CODE    5AECH     001CH     UNIT         ?CO?MAIN
            CODE    5B08H     001BH     UNIT         ?PR?_BCDTODEC1?BIPOLARMOTOR
            CODE    5B23H     001AH     UNIT         ?PR?ADC_INIT?ADC
            CODE    5B3DH     0018H     UNIT         ?PR?_SPI_WRITETIME?PCF85063BTL
            CODE    5B55H     0017H     UNIT         ?PR?_ASCIITOBCD?UART1
            CODE    5B6CH     0016H     UNIT         ?PR?I2C_ACK?IOEXPANDER_PI4IOE5V96248
            CODE    5B82H     0015H     UNIT         ?PR?_DISPLAY_LINE?LCD_DRIVER_SPLC780D
            CODE    5B97H     0015H     UNIT         ?PR?VSETLOCATION?BIPOLARMOTOR
            CODE    5BACH     0015H     UNIT         ?PR?I2C_STOP?IOEXPANDER_PI4IOE5V96248
            CODE    5BC1H     0014H     UNIT         ?PR?_PCF85063BTL_DELAY?PCF85063BTL
            CODE    5BD5H     0014H     UNIT         ?PR?_ABS?LCD_DRIVER_SPLC780D
            CODE    5BE9H     0014H     UNIT         ?PR?_ISSPACE?ISSPACE
            CODE    5BFDH     0011H     UNIT         ?PR?_SPI_READTIME?PCF85063BTL
            CODE    5C0EH     0011H     UNIT         ?PR?_BCDTODEC?PCF85063BTL
            CODE    5C1FH     0011H     UNIT         ?PR?INITUART1?UART1
            CODE    5C30H     000FH     UNIT         ?PR?I2C_START?IOEXPANDER_PI4IOE5V96248
            CODE    5C3FH     000FH     UNIT         ?PR?UC_NACK?IOEXPANDER_PI4IOE5V96248
            CODE    5C4EH     000FH     UNIT         ?PR?_ISDIGIT?ISDIGIT
            CODE    5C5DH     000DH     UNIT         ?PR?SPI_INIT?PCF85063BTL
            CODE    5C6AH     000DH     UNIT         ?PR?ENABLE_EXTINT0?SI1120
            CODE    5C77H     000CH     UNIT         ?PR?KEYPAD_IO_INIT?KEYPAD
            CODE    5C83H     000AH     UNIT         ?PR?LCD_RETURN_HOME?LCD_DRIVER_SPLC780D
            CODE    5C8DH     000AH     UNIT         ?PR?LCD_CLEAR?LCD_DRIVER_SPLC780D
            CODE    5C97H     0009H     UNIT         ?PR?TM1_ISR?MAIN
            CODE    5CA0H     0009H     UNIT         ?PR?_SENDUART1?MAIN
            CODE    5CA9H     0009H     UNIT         ?PR?UART1_INITTCPCONN?UART1
            CODE    5CB2H     0006H     UNIT         ?PR?UC_ACK?IOEXPANDER_PI4IOE5V96248
            CODE    5CB8H     0006H     UNIT         ?PR?_TEN?UART1
            CODE    5CBEH     0001H     UNIT         ?PR?NOP?IOEXPANDER_PI4IOE5V96248
            CODE    5CBFH     0001H     UNIT         ?PR?_DECTOBCD?UART1



OVERLAY MAP OF MODULE:   .\Obj\GPIO_RTC_Test (MAIN)


SEGMENT                                             BIT_GROUP          DATA_GROUP          XDATA_GROUP
BL51 BANKED LINKER/LOCATER V6.22                                                      05/31/2019  11:58:14  PAGE 5


  +--> CALLED SEGMENT                            START    LENGTH     START    LENGTH     START    LENGTH
--------------------------------------------------------------------------------------------------------
?PR?EXINT0?MAIN                                  -----    -----      -----    -----      -----    -----
  +--> ?PR?_POW?POW

?PR?_POW?POW                                     -----    -----      -----    -----      03BCH    000AH
  +--> ?PR?LOG?LOG
  +--> ?PR?EXP?EXP

?PR?LOG?LOG                                      0020H.0  0000H.1    -----    -----      03C6H    0004H

*** NEW ROOT ***************************************************

?C_C51STARTUP                                    -----    -----      -----    -----      -----    -----
  +--> ?PR?MAIN?MAIN
  +--> ?C_INITSEG

?PR?MAIN?MAIN                                    -----    -----      -----    -----      03CAH    002EH
  +--> ?PR?LCD_INIT?LCD_DRIVER_SPLC780D
  +--> ?PR?SPI_INIT?PCF85063BTL
  +--> ?PR?KEYPAD_IO_INIT?KEYPAD
  +--> ?PR?ADC_INIT?ADC
  +--> ?PR?SI1120_CONFIG_MODE_VIRH?SI1120
  +--> ?PR?ENABLE_EXTINT0?SI1120
  +--> ?PR?VSETLOCATION?BIPOLARMOTOR
  +--> ?PR?_SPI_WRITETIME?PCF85063BTL
  +--> ?PR?_DELAY_MS?KEYPAD
  +--> ?PR?_DISPLAY_LINE?LCD_DRIVER_SPLC780D
  +--> ?PR?_WRITEDATA?LCD_DRIVER_SPLC780D
  +--> ?PR?INITUART1?UART1
  +--> ?PR?UART1_INITTCPCONN?UART1
  +--> ?CO?MAIN
  +--> ?PR?_UART1_SENDTOTCPSERVER?UART1
  +--> ?PR?KEY_PROCESS?KEYPAD
  +--> ?PR?_COMMAND?LCD_DRIVER_SPLC780D
  +--> ?PR?_DISPLAY_POS?LCD_DRIVER_SPLC780D
  +--> ?PR?_DISPLAYLCD?LCD_DRIVER_SPLC780D
  +--> ?PR?_STEP_MOVE?BIPOLARMOTOR
  +--> ?PR?LCD_RETURN_HOME?LCD_DRIVER_SPLC780D
  +--> ?PR?_READ_TIME?PCF85063BTL
  +--> ?PR?_BCDTODEC1?BIPOLARMOTOR
  +--> ?PR?_ELEVATION_CALCULATION?BIPOLARMOTOR
  +--> ?PR?PRINTF?PRINTF
  +--> ?PR?_SENDSTRING?UART1
  +--> ?PR?_CALIBRATION?CALIBRATION
  +--> ?PR?_UPDATE_POSITION?BIPOLARMOTOR
  +--> ?PR?AT25SF041_WRITEENABLE?AT25SF041
  +--> ?PR?_AT25SF041_WRITE?AT25SF041
  +--> ?PR?_WAIT_MS_SPINOR?AT25SF041
  +--> ?PR?_ADC_GETRESULT?ADC
  +--> ?PR?LINEAR_INTERPOLATE?BIPOLARMOTOR
  +--> ?PR?_FINDCLOSESTSAMEDAYCALIBTIME?CALI...
  +--> ?PR?LCD_CLEAR?LCD_DRIVER_SPLC780D
  +--> ?PR?AT25SF041_CHIPERASE?AT25SF041

?PR?LCD_INIT?LCD_DRIVER_SPLC780D                 -----    -----      -----    -----      -----    -----
  +--> ?PR?_WAIT_MS?LCD_DRIVER_SPLC780D
BL51 BANKED LINKER/LOCATER V6.22                                                      05/31/2019  11:58:14  PAGE 6


  +--> ?PR?_COMMAND?LCD_DRIVER_SPLC780D

?PR?_COMMAND?LCD_DRIVER_SPLC780D                 -----    -----      -----    -----      -----    -----
  +--> ?PR?_WAIT_MS?LCD_DRIVER_SPLC780D

?PR?SI1120_CONFIG_MODE_VIRH?SI1120               -----    -----      -----    -----      -----    -----
  +--> ?PR?_WAIT_MS?LCD_DRIVER_SPLC780D

?PR?_SPI_WRITETIME?PCF85063BTL                   -----    -----      -----    -----      -----    -----
  +--> ?PR?_SPI_SENDBYTE?PCF85063BTL

?PR?_SPI_SENDBYTE?PCF85063BTL                    -----    -----      -----    -----      -----    -----
  +--> ?PR?_PCF85063BTL_DELAY?PCF85063BTL

?PR?_DISPLAY_LINE?LCD_DRIVER_SPLC780D            -----    -----      -----    -----      -----    -----
  +--> ?PR?_COMMAND?LCD_DRIVER_SPLC780D

?PR?_WRITEDATA?LCD_DRIVER_SPLC780D               -----    -----      -----    -----      04E8H    0001H
  +--> ?PR?_WAIT_MS?LCD_DRIVER_SPLC780D

?PR?UART1_INITTCPCONN?UART1                      -----    -----      -----    -----      -----    -----
  +--> ?CO?UART1
  +--> ?PR?_SENDSTRING?UART1

?PR?_SENDSTRING?UART1                            -----    -----      -----    -----      04DDH    0003H
  +--> ?PR?_SENDUART1?MAIN

?PR?_UART1_SENDTOTCPSERVER?UART1                 -----    -----      -----    -----      03F8H    0003H
  +--> ?CO?UART1
  +--> ?PR?_SENDSTRING?UART1
  +--> ?PR?_DELAY_MS?KEYPAD

?PR?KEY_PROCESS?KEYPAD                           -----    -----      -----    -----      03F8H    0006H
  +--> ?PR?KEY_SCAN?KEYPAD
  +--> ?PR?_SPI_WRITETIME?PCF85063BTL
  +--> ?PR?LCD_CLEAR?LCD_DRIVER_SPLC780D
  +--> ?PR?_COMMAND?LCD_DRIVER_SPLC780D
  +--> ?PR?_WRITEDATA?LCD_DRIVER_SPLC780D

?PR?KEY_SCAN?KEYPAD                              -----    -----      -----    -----      03FEH    0003H

?PR?LCD_CLEAR?LCD_DRIVER_SPLC780D                -----    -----      -----    -----      -----    -----
  +--> ?PR?_COMMAND?LCD_DRIVER_SPLC780D

?PR?_DISPLAY_POS?LCD_DRIVER_SPLC780D             -----    -----      -----    -----      04DDH    000BH
  +--> ?PR?_ABS?LCD_DRIVER_SPLC780D
  +--> ?PR?_WRITEDATA?LCD_DRIVER_SPLC780D

?PR?_DISPLAYLCD?LCD_DRIVER_SPLC780D              -----    -----      -----    -----      03F8H    0001H
  +--> ?PR?_WRITEDATA?LCD_DRIVER_SPLC780D

?PR?_STEP_MOVE?BIPOLARMOTOR                      0020H.2  0000H.1    -----    -----      04E1H    0004H
  +--> ?PR?VONESTEPMOVE?BIPOLARMOTOR

?PR?VONESTEPMOVE?BIPOLARMOTOR                    0020H.3  0000H.1    -----    -----      -----    -----
  +--> ?PR?_WRITE_PI4IOE5V96248?IOEXPANDER_P...
  +--> ?PR?_DELAY_MS?KEYPAD
BL51 BANKED LINKER/LOCATER V6.22                                                      05/31/2019  11:58:14  PAGE 7



?PR?_WRITE_PI4IOE5V96248?IOEXPANDER_P...         -----    -----      -----    -----      04E5H    0003H
  +--> ?PR?I2C_START?IOEXPANDER_PI4IOE5V96248
  +--> ?PR?_WAIT_MS_I2C?IOEXPANDER_PI4IOE5V9...
  +--> ?PR?_I2C_SENDBYTE?IOEXPANDER_PI4IOE5V...
  +--> ?PR?I2C_ACK?IOEXPANDER_PI4IOE5V96248
  +--> ?PR?I2C_STOP?IOEXPANDER_PI4IOE5V96248

?PR?I2C_START?IOEXPANDER_PI4IOE5V96248           -----    -----      -----    -----      -----    -----
  +--> ?PR?_WAIT_MS_I2C?IOEXPANDER_PI4IOE5V9...

?PR?_I2C_SENDBYTE?IOEXPANDER_PI4IOE5V...         -----    -----      -----    -----      -----    -----
  +--> ?PR?_WAIT_MS_I2C?IOEXPANDER_PI4IOE5V9...

?PR?I2C_ACK?IOEXPANDER_PI4IOE5V96248             -----    -----      -----    -----      04E8H    0001H
  +--> ?PR?_WAIT_MS_I2C?IOEXPANDER_PI4IOE5V9...

?PR?I2C_STOP?IOEXPANDER_PI4IOE5V96248            -----    -----      -----    -----      -----    -----
  +--> ?PR?_WAIT_MS_I2C?IOEXPANDER_PI4IOE5V9...

?PR?LCD_RETURN_HOME?LCD_DRIVER_SPLC780D          -----    -----      -----    -----      -----    -----
  +--> ?PR?_COMMAND?LCD_DRIVER_SPLC780D

?PR?_READ_TIME?PCF85063BTL                       -----    -----      -----    -----      03F8H    000FH
  +--> ?PR?_SPI_READTIME?PCF85063BTL

?PR?_SPI_READTIME?PCF85063BTL                    -----    -----      -----    -----      -----    -----
  +--> ?PR?_SPI_SENDBYTE?PCF85063BTL
  +--> ?PR?SPI_RECEIVEBYTE?PCF85063BTL

?PR?SPI_RECEIVEBYTE?PCF85063BTL                  -----    -----      -----    -----      -----    -----
  +--> ?PR?_PCF85063BTL_DELAY?PCF85063BTL

?PR?_ELEVATION_CALCULATION?BIPOLARMOTOR          -----    -----      -----    -----      03F8H    0005H
  +--> ?PR?_BCDTODEC1?BIPOLARMOTOR
  +--> ?PR?SUNPOS?SUNPOS
  +--> ?PR?SIN?SIN
  +--> ?PR?ASIN?ASIN

?PR?SUNPOS?SUNPOS                                -----    -----      -----    -----      0442H    005DH
  +--> ?PR?SIN?SIN
  +--> ?PR?_ATAN2?ATAN2
  +--> ?PR?ASIN?ASIN
  +--> ?PR?ACOS?ACOS

?PR?SIN?SIN                                      0020H.1  0000H.1    -----    -----      049FH    0004H

?PR?_ATAN2?ATAN2                                 -----    -----      -----    -----      049FH    0008H
  +--> ?PR?ATAN?ATAN

?PR?ATAN?ATAN                                    0020H.1  0000H.2    -----    -----      04A7H    0004H

?PR?ASIN?ASIN                                    -----    -----      -----    -----      -----    -----
  +--> ?PR?SQRT?SQRT
  +--> ?PR?ATAN?ATAN

?PR?SQRT?SQRT                                    -----    -----      -----    -----      049FH    0004H
BL51 BANKED LINKER/LOCATER V6.22                                                      05/31/2019  11:58:14  PAGE 8



?PR?ACOS?ACOS                                    -----    -----      -----    -----      -----    -----
  +--> ?PR?SQRT?SQRT
  +--> ?PR?ATAN?ATAN

?PR?PRINTF?PRINTF                                0020H.1  0001H.1    0008H    0005H      04DDH    0030H
  +--> ?PR?PUTCHAR?PUTCHAR

?PR?_CALIBRATION?CALIBRATION                     -----    -----      -----    -----      03F8H    0024H
  +--> ?PR?VOLTAGE_IS_STABLE?CALIBRATION
  +--> ?PR?_UPDATE_POSITION?BIPOLARMOTOR
  +--> ?PR?_FIND_REAL_MAX?CALIBRATION

?PR?VOLTAGE_IS_STABLE?CALIBRATION                -----    -----      -----    -----      041CH    0018H
  +--> ?PR?_ADC_GETRESULT?ADC
  +--> ?PR?_ABS?LCD_DRIVER_SPLC780D

?PR?_UPDATE_POSITION?BIPOLARMOTOR                -----    -----      -----    -----      041CH    0026H
  +--> ?PR?_BCDTODEC1?BIPOLARMOTOR
  +--> ?PR?SUNPOS?SUNPOS
  +--> ?PR?SIN?SIN
  +--> ?PR?ASIN?ASIN
  +--> ?PR?_THEORICALJP_POSITION?BIPOLARMOTOR
  +--> ?PR?_ABS?LCD_DRIVER_SPLC780D
  +--> ?PR?_MOVE?BIPOLARMOTOR

?PR?_THEORICALJP_POSITION?BIPOLARMOTOR           -----    -----      -----    -----      0442H    005CH
  +--> ?PR?LINEAR_INTERPOLATE?BIPOLARMOTOR

?PR?LINEAR_INTERPOLATE?BIPOLARMOTOR              -----    -----      -----    -----      049EH    0014H

?PR?_MOVE?BIPOLARMOTOR                           0020H.1  0000H.1    -----    -----      04DDH    0004H
  +--> ?PR?_STEP_MOVE?BIPOLARMOTOR

?PR?_FIND_REAL_MAX?CALIBRATION                   -----    -----      -----    -----      041CH    00C1H
  +--> ?PR?_ADC_GETRESULT?ADC
  +--> ?PR?_WAIT_MS?LCD_DRIVER_SPLC780D
  +--> ?CO?CALIBRATION
  +--> ?PR?PRINTF?PRINTF
  +--> ?PR?_SENDSTRING?UART1
  +--> ?PR?_COMMAND?LCD_DRIVER_SPLC780D
  +--> ?PR?_WRITEDATA?LCD_DRIVER_SPLC780D
  +--> ?PR?_DISPLAY_POS?LCD_DRIVER_SPLC780D
  +--> ?PR?_MOVE?BIPOLARMOTOR
  +--> ?PR?_MAX_VALUE?CALIBRATION

?PR?_MAX_VALUE?CALIBRATION                       -----    -----      -----    -----      04DDH    0004H

?PR?AT25SF041_WRITEENABLE?AT25SF041              -----    -----      -----    -----      03F8H    0002H
  +--> ?PR?_WAIT_MS_SPINOR?AT25SF041
  +--> ?PR?UCREAD_STATUS_REGISTER_BYTE1?AT25...

?PR?UCREAD_STATUS_REGISTER_BYTE1?AT25...         -----    -----      -----    -----      0400H    0003H
  +--> ?PR?_WAIT_MS_SPINOR?AT25SF041

?PR?_AT25SF041_WRITE?AT25SF041                   -----    -----      -----    -----      03F8H    0008H
  +--> ?PR?_WAIT_MS_SPINOR?AT25SF041
BL51 BANKED LINKER/LOCATER V6.22                                                      05/31/2019  11:58:14  PAGE 9


  +--> ?PR?UCREAD_STATUS_REGISTER_BYTE1?AT25...

?PR?AT25SF041_CHIPERASE?AT25SF041                -----    -----      -----    -----      03F8H    0002H
  +--> ?PR?_WAIT_MS_SPINOR?AT25SF041
  +--> ?PR?UCREAD_STATUS_REGISTER_BYTE1?AT25...



SYMBOL TABLE OF MODULE:  .\Obj\GPIO_RTC_Test (MAIN)

  VALUE           TYPE          NAME
  ----------------------------------

  -------         MODULE        MAIN
  C:0000H         SYMBOL        _ICE_DUMMY_
  X:0515H         PUBLIC        calib_value
  D:0080H         PUBLIC        P0
  D:0090H         PUBLIC        P1
  D:00A0H         PUBLIC        P2
  D:00B0H         PUBLIC        P3
  D:00C0H         PUBLIC        P4
  D:00C8H         PUBLIC        P5
  X:0569H         SYMBOL        PressedKey
  B:00A8H.7       PUBLIC        EA
  D:00E8H         PUBLIC        P6
  X:056DH         PUBLIC        calib_stamp
  D:00F8H         PUBLIC        P7
  X:056EH         PUBLIC        sTempString
  X:0574H         PUBLIC        calib_bool
  X:059EH         PUBLIC        pwm_time_min
  D:00A8H         PUBLIC        IE
  X:05A2H         PUBLIC        calib_time
  X:05F6H         PUBLIC        pwm_time_max
  D:00B8H         PUBLIC        IP
  B:0098H.0       PUBLIC        RI
  B:00B0H.2       PUBLIC        INT0
  X:05FAH         PUBLIC        months
  B:0098H.1       PUBLIC        TI
  C:000EH         PUBLIC        Uart
  D:00D8H         PUBLIC        CCON
  C:0BEEH         PUBLIC        main
  X:05FBH         PUBLIC        count
  D:0099H         PUBLIC        SBUF
  X:05FDH         PUBLIC        days
  X:05FEH         PUBLIC        hours
  D:0098H         PUBLIC        SCON
  D:0089H         PUBLIC        TMOD
  D:0088H         PUBLIC        TCON
  B:00A0H.3       PUBLIC        P23
  X:05FFH         SYMBOL        KeyCount
  X:0601H         PUBLIC        mins
  B:00C8H.5       PUBLIC        P55
  D:008EH         PUBLIC        AUXR
  C:5A30H         PUBLIC        tm0_isr
  B:0090H.5       PUBLIC        SI1120_STX
  C:5C97H         PUBLIC        tm1_isr
  B:0021H.2       PUBLIC        busy
BL51 BANKED LINKER/LOCATER V6.22                                                      05/31/2019  11:58:14  PAGE 10


  D:00E0H         PUBLIC        ACC
  B:00A8H.1       PUBLIC        ET0
  B:00A8H.3       PUBLIC        ET1
  X:0602H         PUBLIC        SPI_NOR_INTERNAL_FLASH_ADDR
  D:008CH         PUBLIC        TH0
  D:008DH         PUBLIC        TH1
  D:008AH         PUBLIC        TL0
  D:008BH         PUBLIC        TL1
  B:0088H.4       PUBLIC        TR0
  B:0088H.6       PUBLIC        TR1
  C:4C4FH         PUBLIC        exint0
  X:0606H         SYMBOL        KeyNum
  X:0607H         SYMBOL        KeyNum_Old
  X:0608H         PUBLIC        timer0_count
  X:060AH         PUBLIC        current_position
  X:060EH         PUBLIC        pwm_time
  X:0612H         PUBLIC        start_timer0_count
  X:0613H         PUBLIC        seconds
  D:00D0H         PUBLIC        PSW
  C:5CA0H         PUBLIC        _SendUART1
  -------         PROC          TM0_ISR
  C:5A30H         LINE#         100
  C:5A36H         LINE#         104
  C:5A39H         LINE#         105
  C:5A3CH         LINE#         106
  C:5A4AH         LINE#         107
  -------         ENDPROC       TM0_ISR
  -------         PROC          TM1_ISR
  C:5C97H         LINE#         108
  C:5C97H         LINE#         110
  C:5C99H         LINE#         112
  C:5C9CH         LINE#         113
  C:5C9FH         LINE#         114
  -------         ENDPROC       TM1_ISR
  -------         PROC          EXINT0
  C:4C4FH         LINE#         115
  C:4C6CH         LINE#         119
  C:4C6FH         LINE#         120
  C:4C6FH         LINE#         121
  C:4C72H         LINE#         122
  C:4C75H         LINE#         123
  C:4C77H         LINE#         124
  C:4C79H         LINE#         128
  C:4C7CH         LINE#         131
  C:4C7CH         LINE#         132
  C:4C7EH         LINE#         134
  C:4C8AH         LINE#         135
  C:4CE4H         LINE#         136
  C:4D22H         LINE#         137
  C:4D29H         LINE#         142
  C:4D29H         LINE#         144
  -------         ENDPROC       EXINT0
  -------         PROC          MAIN
  -------         DO            
  X:050DH         SYMBOL        KeyCount
  X:050FH         SYMBOL        KeyNum_Old
  X:0510H         SYMBOL        KeyNum
BL51 BANKED LINKER/LOCATER V6.22                                                      05/31/2019  11:58:14  PAGE 11


  X:0511H         SYMBOL        PressedKey
  X:03CAH         SYMBOL        prox_flag
  X:03CBH         SYMBOL        iUse_prevday_calib_value
  X:03CDH         SYMBOL        max_ADC_Val_JP
  X:03CFH         SYMBOL        max_ADC_Val
  X:03D1H         SYMBOL        calib_point1
  X:03D9H         SYMBOL        calib_point2
  X:03E1H         SYMBOL        dat_to_store
  X:03ECH         SYMBOL        calib_day
  X:03EEH         SYMBOL        calib_count
  X:03F0H         SYMBOL        theorical_JP_max_pos
  X:03F4H         SYMBOL        elevation
  -------         ENDDO         
  C:0BEEH         LINE#         146
  C:0BEEH         LINE#         147
  C:0BEEH         LINE#         152
  C:0BF4H         LINE#         153
  C:0BF9H         LINE#         155
  C:0C01H         LINE#         159
  C:0C07H         LINE#         160
  C:0C11H         LINE#         167
  C:0C19H         LINE#         168
  C:0C20H         LINE#         169
  C:0C26H         LINE#         171
  C:0C2CH         LINE#         183
  C:0C2FH         LINE#         184
  C:0C32H         LINE#         185
  C:0C35H         LINE#         187
  C:0C38H         LINE#         190
  C:0C3BH         LINE#         191
  C:0C3EH         LINE#         193
  C:0C41H         LINE#         195
  C:0C44H         LINE#         196
  C:0C47H         LINE#         197
  C:0C4AH         LINE#         198
  C:0C4CH         LINE#         199
  C:0C4EH         LINE#         200
  C:0C51H         LINE#         201
  C:0C53H         LINE#         202
  C:0C55H         LINE#         204
  C:0C57H         LINE#         205
  C:0C5EH         LINE#         206
  C:0C65H         LINE#         207
  C:0C6CH         LINE#         208
  C:0C73H         LINE#         212
  C:0C7AH         LINE#         213
  C:0C7FH         LINE#         214
  C:0C84H         LINE#         215
  C:0C89H         LINE#         216
  C:0C8EH         LINE#         217
  C:0C93H         LINE#         220
  C:0CACH         LINE#         221
  C:0CACH         LINE#         222
  C:0CC8H         LINE#         223
  C:0D0FH         LINE#         224
  C:0D20H         LINE#         225
  C:0D23H         LINE#         226
BL51 BANKED LINKER/LOCATER V6.22                                                      05/31/2019  11:58:14  PAGE 12


  C:0D26H         LINE#         227
  C:0D29H         LINE#         228
  C:0D30H         LINE#         231
  C:0D33H         LINE#         233
  C:0D3AH         LINE#         234
  C:0D43H         LINE#         237
  C:0D43H         LINE#         238
  C:0D43H         LINE#         239
  C:0D46H         LINE#         249
  C:0D46H         LINE#         253
  C:0D4BH         LINE#         254
  C:0D50H         LINE#         256
  C:0D55H         LINE#         258
  C:0D5AH         LINE#         259
  C:0D5FH         LINE#         261
  C:0D70H         LINE#         264
  C:0D75H         LINE#         265
  C:0D7AH         LINE#         267
  C:0D81H         LINE#         268
  C:0D89H         LINE#         269
  C:0D8EH         LINE#         270
  C:0D96H         LINE#         271
  C:0D9BH         LINE#         272
  C:0DA5H         LINE#         273
  C:0DAAH         LINE#         274
  C:0DB2H         LINE#         276
  C:0DBAH         LINE#         277
  C:0DBFH         LINE#         278
  C:0DC9H         LINE#         279
  C:0DC9H         LINE#         280
  C:0DCBH         LINE#         281
  C:0DCDH         LINE#         282
  C:0DD7H         LINE#         283
  C:0DD7H         LINE#         284
  C:0DDCH         LINE#         285
  C:0DDCH         LINE#         297
  C:0DF0H         LINE#         298
  C:0DF0H         LINE#         299
  C:0E05H         LINE#         300
  C:0E14H         LINE#         301
  C:0E14H         LINE#         302
  C:0E27H         LINE#         303
  C:0E29H         LINE#         305
  C:0E29H         LINE#         306
  C:0E45H         LINE#         307
  C:0E45H         LINE#         308
  C:0E4AH         LINE#         309
  C:0E4AH         LINE#         310
  C:0E5EH         LINE#         311
  C:0E5EH         LINE#         314
  C:0E73H         LINE#         315
  C:0E82H         LINE#         316
  C:0E82H         LINE#         317
  C:0E95H         LINE#         318
  C:0E97H         LINE#         320
  C:0E97H         LINE#         321
  C:0EB3H         LINE#         322
BL51 BANKED LINKER/LOCATER V6.22                                                      05/31/2019  11:58:14  PAGE 13


  C:0EB3H         LINE#         323
  C:0EB8H         LINE#         324
  C:0EBEH         LINE#         325
  C:0EBEH         LINE#         327
  C:0EE0H         LINE#         328
  C:0EE0H         LINE#         329
  C:0EEAH         LINE#         330
  C:0EF0H         LINE#         331
  C:0EF7H         LINE#         332
  C:0EFDH         LINE#         333
  C:0F04H         LINE#         334
  C:0F04H         LINE#         335
  C:0F07H         LINE#         337
  C:0F07H         LINE#         342
  C:0F42H         LINE#         354
  C:0F4FH         LINE#         355
  C:0F4FH         LINE#         359
  C:0F4FH         LINE#         360
  C:0F77H         LINE#         361
  C:0F77H         LINE#         362
  C:0F99H         LINE#         363
  C:0F99H         LINE#         365
  C:0FBFH         LINE#         377
  C:0FBFH         LINE#         378
  C:1015H         LINE#         379
  C:101EH         LINE#         380
  C:1025H         LINE#         381
  C:102EH         LINE#         382
  C:1037H         LINE#         383
  C:103EH         LINE#         384
  C:10BAH         LINE#         385
  C:10D3H         LINE#         386
  C:115DH         LINE#         391
  C:118BH         LINE#         392
  C:118BH         LINE#         394
  C:11C1H         LINE#         395
  C:11E4H         LINE#         396
  C:11F9H         LINE#         399
  C:11F9H         LINE#         400
  C:11F9H         LINE#         402
  C:11F9H         LINE#         404
  C:1200H         LINE#         405
  C:1200H         LINE#         406
  C:1203H         LINE#         407
  C:1221H         LINE#         408
  C:1228H         LINE#         409
  C:1247H         LINE#         410
  C:1266H         LINE#         412
  C:12E2H         LINE#         413
  C:12FAH         LINE#         416
  C:1352H         LINE#         417
  C:138DH         LINE#         418
  C:139AH         LINE#         419
  C:13A9H         LINE#         420
  C:13A9H         LINE#         440
  C:13ABH         LINE#         442
  C:13B9H         LINE#         443
BL51 BANKED LINKER/LOCATER V6.22                                                      05/31/2019  11:58:14  PAGE 14


  C:13B9H         LINE#         444
  C:13C1H         LINE#         446
  C:13C1H         LINE#         449
  C:13C1H         LINE#         450
  C:13CEH         LINE#         451
  C:13CEH         LINE#         452
  C:13F0H         LINE#         453
  C:13F0H         LINE#         454
  C:146CH         LINE#         455
  C:14C1H         LINE#         456
  C:14C1H         LINE#         458
  C:14C4H         LINE#         462
  C:14C4H         LINE#         465
  C:14E6H         LINE#         466
  C:14E6H         LINE#         467
  C:1562H         LINE#         469
  C:158FH         LINE#         470
  C:15AAH         LINE#         471
  C:15D7H         LINE#         472
  C:160AH         LINE#         473
  C:160AH         LINE#         474
  C:1634H         LINE#         475
  C:16CDH         LINE#         476
  C:16CFH         LINE#         478
  C:16CFH         LINE#         479
  C:1732H         LINE#         480
  C:1732H         LINE#         484
  C:1732H         LINE#         486
  C:1732H         LINE#         487
  C:1732H         LINE#         489
  C:1732H         LINE#         492
  C:174EH         LINE#         493
  C:1752H         LINE#         495
  C:1754H         LINE#         498
  C:1763H         LINE#         499
  C:1763H         LINE#         500
  C:1766H         LINE#         501
  C:176DH         LINE#         502
  C:1772H         LINE#         503
  C:1777H         LINE#         504
  C:177CH         LINE#         505
  C:1781H         LINE#         506
  C:1786H         LINE#         516
  C:1789H         LINE#         518
  C:178CH         LINE#         519
  C:1793H         LINE#         520
  C:179DH         LINE#         521
  C:17A4H         LINE#         523
  C:17A7H         LINE#         532
  C:17A7H         LINE#         533
  -------         ENDPROC       MAIN
  -------         PROC          UART
  C:000EH         LINE#         547
  C:000EH         LINE#         549
  C:0011H         LINE#         550
  C:0011H         LINE#         551
  C:0013H         LINE#         553
BL51 BANKED LINKER/LOCATER V6.22                                                      05/31/2019  11:58:14  PAGE 15


  C:0013H         LINE#         554
  C:0016H         LINE#         555
  C:0016H         LINE#         556
  C:0018H         LINE#         557
  C:001AH         LINE#         558
  C:001AH         LINE#         559
  -------         ENDPROC       UART
  -------         PROC          _SENDUART1
  D:0007H         SYMBOL        dat
  C:5CA0H         LINE#         561
  C:5CA0H         LINE#         562
  C:5CA0H         LINE#         563
  C:5CA3H         LINE#         564
  C:5CA5H         LINE#         565
  C:5CA6H         LINE#         566
  C:5CA8H         LINE#         567
  -------         ENDPROC       _SENDUART1
  -------         ENDMOD        MAIN

  -------         MODULE        PCF85063BTL
  C:0000H         SYMBOL        _ICE_DUMMY_
  D:0096H         PUBLIC        P2M0
  D:0080H         PUBLIC        P0
  D:0095H         PUBLIC        P2M1
  D:0090H         PUBLIC        P1
  D:00A0H         PUBLIC        P2
  D:00B0H         PUBLIC        P3
  D:00C0H         PUBLIC        P4
  D:00C8H         PUBLIC        P5
  D:00E8H         PUBLIC        P6
  B:00A0H.1       PUBLIC        PCF85063BTL_SDI
  D:00F8H         PUBLIC        P7
  B:00A0H.2       PUBLIC        PCF85063BTL_SCK
  B:00A0H.1       PUBLIC        PCF85063BTL_SDO
  D:00A8H         PUBLIC        IE
  C:5569H         PUBLIC        _Read_time
  C:5BC7H         PUBLIC        _PCF85063BTL_Delay
  D:00B8H         PUBLIC        IP
  D:00D8H         PUBLIC        CCON
  C:53F6H         PUBLIC        _Day_Of_Year
  C:5A71H         PUBLIC        SPI_ReceiveByte
  D:0098H         PUBLIC        SCON
  D:0088H         PUBLIC        TCON
  C:5C0EH         PUBLIC        _BCDtoDec
  B:00A0H.0       PUBLIC        PCF85063BTL_CS
  C:5BFDH         PUBLIC        _SPI_ReadTime
  C:5C5DH         PUBLIC        SPI_Init
  C:5B3DH         PUBLIC        _SPI_WriteTime
  C:5A51H         PUBLIC        _SPI_SendByte
  D:00D0H         PUBLIC        PSW
  C:5BC3H         SYMBOL        L?0048
  -------         PROC          L?0047
  -------         ENDPROC       L?0047
  C:5BC3H         SYMBOL        L?0048
  -------         PROC          _PCF85063BTL_DELAY
  D:0006H         SYMBOL        us
  C:5BC7H         LINE#         8
BL51 BANKED LINKER/LOCATER V6.22                                                      05/31/2019  11:58:14  PAGE 16


  C:5BC7H         LINE#         9
  C:5BC7H         LINE#         10
  C:5BD1H         LINE#         11
  C:5BD1H         LINE#         12
  C:5BD2H         LINE#         13
  C:5BD4H         LINE#         14
  -------         ENDPROC       _PCF85063BTL_DELAY
  -------         PROC          _SPI_SENDBYTE
  D:0005H         SYMBOL        dat
  -------         DO            
  D:0003H         SYMBOL        i
  -------         ENDDO         
  C:5A51H         LINE#         17
  C:5A53H         LINE#         18
  C:5A53H         LINE#         20
  C:5A55H         LINE#         21
  C:5A55H         LINE#         22
  C:5A57H         LINE#         23
  C:5A5BH         LINE#         24
  C:5A5BH         LINE#         25
  C:5A5DH         LINE#         26
  C:5A5FH         LINE#         28
  C:5A5FH         LINE#         29
  C:5A61H         LINE#         30
  C:5A61H         LINE#         31
  C:5A64H         LINE#         32
  C:5A64H         LINE#         33
  C:5A67H         LINE#         34
  C:5A6BH         LINE#         35
  C:5A70H         LINE#         36
  -------         ENDPROC       _SPI_SENDBYTE
  -------         PROC          SPI_RECEIVEBYTE
  -------         DO            
  D:0003H         SYMBOL        i
  D:0005H         SYMBOL        dat
  -------         ENDDO         
  C:5A71H         LINE#         39
  C:5A71H         LINE#         40
  C:5A71H         LINE#         42
  C:5A73H         LINE#         44
  C:5A75H         LINE#         45
  C:5A76H         LINE#         46
  C:5A76H         LINE#         47
  C:5A7AH         LINE#         48
  C:5A7CH         LINE#         49
  C:5A7FH         LINE#         51
  C:5A82H         LINE#         52
  C:5A82H         LINE#         53
  C:5A86H         LINE#         54
  C:5A86H         LINE#         55
  C:5A86H         LINE#         56
  C:5A89H         LINE#         57
  C:5A8EH         LINE#         58
  C:5A90H         LINE#         59
  -------         ENDPROC       SPI_RECEIVEBYTE
  -------         PROC          _SPI_READTIME
  D:0007H         SYMBOL        addr
BL51 BANKED LINKER/LOCATER V6.22                                                      05/31/2019  11:58:14  PAGE 17


  -------         DO            
  D:0006H         SYMBOL        dat
  -------         ENDDO         
  C:5BFDH         LINE#         61
  C:5BFDH         LINE#         62
  C:5BFDH         LINE#         64
  C:5BFFH         LINE#         65
  C:5C01H         LINE#         66
  C:5C08H         LINE#         67
  C:5C0BH         LINE#         68
  C:5C0DH         LINE#         69
  C:5C0DH         LINE#         70
  -------         ENDPROC       _SPI_READTIME
  -------         PROC          _SPI_WRITETIME
  D:0002H         SYMBOL        val
  D:0005H         SYMBOL        addr
  C:5B3DH         LINE#         71
  C:5B3FH         LINE#         72
  C:5B3FH         LINE#         74
  C:5B41H         LINE#         75
  C:5B48H         LINE#         76
  C:5B4DH         LINE#         77
  C:5B52H         LINE#         78
  C:5B54H         LINE#         79
  -------         ENDPROC       _SPI_WRITETIME
  -------         PROC          SPI_INIT
  C:5C5DH         LINE#         83
  C:5C5DH         LINE#         84
  C:5C5DH         LINE#         89
  C:5C60H         LINE#         90
  C:5C63H         LINE#         91
  C:5C65H         LINE#         92
  C:5C67H         LINE#         93
  C:5C69H         LINE#         94
  -------         ENDPROC       SPI_INIT
  -------         PROC          _READ_TIME
  X:03F8H         SYMBOL        months
  X:03FBH         SYMBOL        days
  X:03FEH         SYMBOL        hours
  X:0401H         SYMBOL        mins
  X:0404H         SYMBOL        seconds
  C:5569H         LINE#         96
  C:5574H         LINE#         97
  C:5574H         LINE#         99
  C:5588H         LINE#         101
  C:559CH         LINE#         103
  C:55B0H         LINE#         108
  C:55C4H         LINE#         113
  -------         ENDPROC       _READ_TIME
  -------         PROC          _BCDTODEC
  D:0007H         SYMBOL        bcd
  -------         DO            
  D:0006H         SYMBOL        hi
  D:0007H         SYMBOL        lo
  -------         ENDDO         
  C:5C0EH         LINE#         119
  C:5C0EH         LINE#         120
BL51 BANKED LINKER/LOCATER V6.22                                                      05/31/2019  11:58:14  PAGE 18


  C:5C0EH         LINE#         122
  C:5C13H         LINE#         123
  C:5C17H         LINE#         124
  C:5C1EH         LINE#         125
  -------         ENDPROC       _BCDTODEC
  -------         PROC          _DAY_OF_YEAR
  D:0007H         SYMBOL        months_bcd
  D:0005H         SYMBOL        days_bcd
  -------         DO            
  D:0004H         SYMBOL        months
  D:0007H         SYMBOL        days
  -------         ENDDO         
  C:53F6H         LINE#         126
  C:53F6H         LINE#         127
  C:53F6H         LINE#         130
  C:53FBH         LINE#         132
  C:5400H         LINE#         134
  C:5439H         LINE#         135
  C:5439H         LINE#         136
  C:5439H         LINE#         137
  C:543CH         LINE#         138
  C:543CH         LINE#         139
  C:543CH         LINE#         140
  C:5441H         LINE#         141
  C:5441H         LINE#         142
  C:5441H         LINE#         143
  C:5446H         LINE#         144
  C:5446H         LINE#         145
  C:5446H         LINE#         146
  C:544BH         LINE#         147
  C:544BH         LINE#         148
  C:544BH         LINE#         149
  C:5450H         LINE#         150
  C:5450H         LINE#         151
  C:5450H         LINE#         152
  C:5455H         LINE#         153
  C:5455H         LINE#         154
  C:5455H         LINE#         155
  C:545AH         LINE#         156
  C:545AH         LINE#         157
  C:545AH         LINE#         158
  C:545FH         LINE#         159
  C:545FH         LINE#         160
  C:545FH         LINE#         161
  C:5467H         LINE#         162
  C:5467H         LINE#         163
  C:5467H         LINE#         164
  C:546CH         LINE#         165
  C:546CH         LINE#         166
  C:546CH         LINE#         167
  C:5471H         LINE#         168
  C:5471H         LINE#         169
  C:5471H         LINE#         170
  C:547AH         LINE#         171
  C:547AH         LINE#         172
  C:547AH         LINE#         173
  C:547DH         LINE#         174
BL51 BANKED LINKER/LOCATER V6.22                                                      05/31/2019  11:58:14  PAGE 19


  C:547DH         LINE#         175
  -------         ENDPROC       _DAY_OF_YEAR
  -------         ENDMOD        PCF85063BTL

  -------         MODULE        LCD_DRIVER_SPLC780D
  C:0000H         SYMBOL        _ICE_DUMMY_
  D:0092H         PUBLIC        P1M0
  D:0091H         PUBLIC        P1M1
  D:0080H         PUBLIC        P0
  D:0090H         PUBLIC        P1
  D:00A0H         PUBLIC        P2
  D:00B0H         PUBLIC        P3
  D:00C0H         PUBLIC        P4
  D:00C8H         PUBLIC        P5
  D:00E8H         PUBLIC        P6
  D:00F8H         PUBLIC        P7
  C:5482H         PUBLIC        _WriteData
  D:00A8H         PUBLIC        IE
  D:00B8H         PUBLIC        IP
  D:00D8H         PUBLIC        CCON
  B:00B0H.4       PUBLIC        LCD_D4
  B:00B0H.5       PUBLIC        LCD_D5
  B:00B0H.6       PUBLIC        LCD_D6
  C:5ACFH         PUBLIC        _DisplayLCD
  B:00B0H.7       PUBLIC        LCD_D7
  D:0098H         PUBLIC        SCON
  D:0088H         PUBLIC        TCON
  C:5BD5H         PUBLIC        _abs
  C:5C8DH         PUBLIC        LCD_clear
  C:57AEH         PUBLIC        _Command
  C:5B82H         PUBLIC        _Display_Line
  C:5632H         PUBLIC        LCD_Init
  C:59EEH         PUBLIC        _Wait_ms
  B:00C0H.0       PUBLIC        LCD_RS
  B:0090H.3       PUBLIC        LCD_RW
  C:5C83H         PUBLIC        LCD_return_home
  C:469DH         PUBLIC        _Display_Pos
  B:00B0H.3       PUBLIC        LCD_E
  D:00D0H         PUBLIC        PSW
  -------         PROC          LCD_INIT
  C:5632H         LINE#         9
  C:5632H         LINE#         10
  C:5632H         LINE#         11
  C:5635H         LINE#         12
  C:5638H         LINE#         14
  C:563EH         LINE#         15
  C:5643H         LINE#         17
  C:564AH         LINE#         18
  C:564FH         LINE#         20
  C:5652H         LINE#         21
  C:5657H         LINE#         23
  C:565AH         LINE#         24
  C:565FH         LINE#         26
  C:5666H         LINE#         29
  C:566BH         LINE#         30
  C:5670H         LINE#         32
  C:5675H         LINE#         33
BL51 BANKED LINKER/LOCATER V6.22                                                      05/31/2019  11:58:14  PAGE 20


  C:567AH         LINE#         35
  C:567FH         LINE#         36
  C:5684H         LINE#         37
  -------         ENDPROC       LCD_INIT
  C:547EH         SYMBOL        L?0038
  -------         PROC          L?0037
  -------         ENDPROC       L?0037
  C:547EH         SYMBOL        L?0038
  -------         PROC          _WRITEDATA
  X:04E8H         SYMBOL        dat
  C:5482H         LINE#         40
  C:5487H         LINE#         41
  C:5487H         LINE#         46
  C:5489H         LINE#         47
  C:548BH         LINE#         49
  C:5499H         LINE#         50
  C:54A5H         LINE#         51
  C:54B1H         LINE#         52
  C:54BBH         LINE#         53
  C:54BDH         LINE#         54
  C:54C4H         LINE#         55
  C:54C6H         LINE#         57
  C:54D6H         LINE#         58
  C:54E1H         LINE#         59
  C:54EBH         LINE#         60
  C:54EFH         LINE#         62
  C:54EFH         LINE#         63
  C:54F2H         LINE#         64
  C:54F4H         LINE#         65
  C:54F6H         LINE#         67
  -------         ENDPROC       _WRITEDATA
  -------         PROC          _COMMAND
  D:0007H         SYMBOL        dat
  C:57AEH         LINE#         69
  C:57AEH         LINE#         70
  C:57AEH         LINE#         71
  C:57B0H         LINE#         72
  C:57B2H         LINE#         74
  C:57BCH         LINE#         75
  C:57C0H         LINE#         77
  C:57C2H         LINE#         78
  C:57CBH         LINE#         79
  C:57CFH         LINE#         81
  C:57D1H         LINE#         82
  C:57D8H         LINE#         83
  C:57DCH         LINE#         85
  C:57DEH         LINE#         86
  C:57E2H         LINE#         87
  C:57E6H         LINE#         89
  C:57E8H         LINE#         90
  C:57E8H         LINE#         91
  C:57EBH         LINE#         92
  C:57EDH         LINE#         93
  -------         ENDPROC       _COMMAND
  C:59EAH         SYMBOL        L?0040
  -------         PROC          L?0039
  -------         ENDPROC       L?0039
BL51 BANKED LINKER/LOCATER V6.22                                                      05/31/2019  11:58:14  PAGE 21


  C:59EAH         SYMBOL        L?0040
  -------         PROC          _WAIT_MS
  D:0006H         SYMBOL        ms
  -------         DO            
  D:0004H         SYMBOL        De_Cnt
  -------         ENDDO         
  C:59EEH         LINE#         95
  C:59EEH         LINE#         96
  C:59EEH         LINE#         98
  C:59F8H         LINE#         99
  C:59F8H         LINE#         100
  C:5A0BH         LINE#         101
  C:5A0BH         LINE#         102
  -------         ENDPROC       _WAIT_MS
  -------         PROC          _DISPLAYLCD
  D:0007H         SYMBOL        BCD
  -------         DO            
  D:0006H         SYMBOL        first_digit
  X:03F8H         SYMBOL        second_digit
  -------         ENDDO         
  C:5ACFH         LINE#         103
  C:5ACFH         LINE#         104
  C:5ACFH         LINE#         106
  C:5AD6H         LINE#         107
  C:5ADFH         LINE#         109
  C:5AE4H         LINE#         111
  -------         ENDPROC       _DISPLAYLCD
  -------         PROC          LCD_RETURN_HOME
  C:5C83H         LINE#         115
  C:5C83H         LINE#         116
  C:5C83H         LINE#         117
  C:5C88H         LINE#         118
  -------         ENDPROC       LCD_RETURN_HOME
  -------         PROC          LCD_CLEAR
  C:5C8DH         LINE#         121
  C:5C8DH         LINE#         122
  C:5C8DH         LINE#         123
  C:5C92H         LINE#         124
  -------         ENDPROC       LCD_CLEAR
  -------         PROC          _DISPLAY_LINE
  D:0006H         SYMBOL        line
  C:5B82H         LINE#         128
  C:5B82H         LINE#         129
  C:5B82H         LINE#         130
  C:5B88H         LINE#         131
  C:5B88H         LINE#         132
  C:5B8AH         LINE#         133
  C:5B8AH         LINE#         134
  C:5B8CH         LINE#         136
  C:5B8CH         LINE#         137
  C:5B91H         LINE#         138
  C:5B96H         LINE#         139
  C:5B96H         LINE#         140
  -------         ENDPROC       _DISPLAY_LINE
  -------         PROC          _DISPLAY_POS
  X:04DDH         SYMBOL        sign_dat
  -------         DO            
BL51 BANKED LINKER/LOCATER V6.22                                                      05/31/2019  11:58:14  PAGE 22


  X:04E1H         SYMBOL        unit
  X:04E2H         SYMBOL        ten
  X:04E3H         SYMBOL        hundred
  X:04E4H         SYMBOL        thousand
  X:04E5H         SYMBOL        after_dot
  X:04E6H         SYMBOL        dat
  -------         ENDDO         
  C:469DH         LINE#         142
  C:46A3H         LINE#         143
  C:46A3H         LINE#         147
  C:46BFH         LINE#         148
  C:46D9H         LINE#         149
  C:46FDH         LINE#         151
  C:4747H         LINE#         153
  C:475EH         LINE#         154
  C:4770H         LINE#         155
  C:4795H         LINE#         156
  C:47AFH         LINE#         157
  C:47C7H         LINE#         158
  C:47C7H         LINE#         159
  C:47C7H         LINE#         160
  C:47C7H         LINE#         161
  C:47C7H         LINE#         162
  C:47C7H         LINE#         163
  C:47C7H         LINE#         164
  C:47C7H         LINE#         168
  C:47C9H         LINE#         170
  C:47C9H         LINE#         172
  C:47CEH         LINE#         173
  C:47D4H         LINE#         174
  C:47DAH         LINE#         175
  C:47E0H         LINE#         176
  C:47E6H         LINE#         177
  C:47EBH         LINE#         178
  C:47F1H         LINE#         182
  C:47F1H         LINE#         184
  -------         ENDPROC       _DISPLAY_POS
  -------         PROC          _ABS
  D:0006H         SYMBOL        dat
  C:5BD5H         LINE#         186
  C:5BD5H         LINE#         187
  C:5BD5H         LINE#         188
  C:5BE0H         LINE#         189
  C:5BE1H         LINE#         191
  C:5BE8H         LINE#         192
  -------         ENDPROC       _ABS
  -------         ENDMOD        LCD_DRIVER_SPLC780D

  -------         MODULE        KEYPAD
  C:0000H         SYMBOL        _ICE_DUMMY_
  D:0093H         PUBLIC        P0M1
  D:0080H         PUBLIC        P0
  D:0090H         PUBLIC        P1
  D:00A0H         PUBLIC        P2
  D:00B0H         PUBLIC        P3
  D:00C0H         PUBLIC        P4
  D:00C8H         PUBLIC        P5
BL51 BANKED LINKER/LOCATER V6.22                                                      05/31/2019  11:58:14  PAGE 23


  D:00E8H         PUBLIC        P6
  D:00F8H         PUBLIC        P7
  D:00A8H         PUBLIC        IE
  C:4099H         PUBLIC        Key_Scan
  D:00B8H         PUBLIC        IP
  D:00D8H         PUBLIC        CCON
  C:5C77H         PUBLIC        KeyPad_IO_Init
  C:5AB1H         PUBLIC        _Delay_ms
  D:0098H         PUBLIC        SCON
  D:0088H         PUBLIC        TCON
  X:0623H         PUBLIC        small_move
  X:0625H         PUBLIC        move
  X:0627H         PUBLIC        auto_mode
  X:0629H         PUBLIC        direction
  X:062BH         PUBLIC        SPI_NOR_ClearEnable
  C:37C6H         PUBLIC        Key_Process
  D:00D0H         PUBLIC        PSW
  D:0094H         PUBLIC        P0M0
  -------         PROC          _DELAY_MS
  D:0006H         SYMBOL        ms
  -------         DO            
  D:0004H         SYMBOL        De_Cnt
  -------         ENDDO         
  C:5AB1H         LINE#         20
  C:5AB1H         LINE#         21
  C:5AB1H         LINE#         23
  C:5ABBH         LINE#         24
  C:5ABBH         LINE#         25
  C:5ACEH         LINE#         26
  C:5ACEH         LINE#         27
  -------         ENDPROC       _DELAY_MS
  -------         PROC          KEY_SCAN
  -------         DO            
  X:03FEH         SYMBOL        KeyTemp1
  X:03FFH         SYMBOL        KeyTemp2
  X:0400H         SYMBOL        KeyValue
  -------         ENDDO         
  C:4099H         LINE#         28
  C:4099H         LINE#         29
  C:4099H         LINE#         34
  C:409CH         LINE#         37
  C:409FH         LINE#         39
  C:40A7H         LINE#         40
  C:40AEH         LINE#         41
  C:40AEH         LINE#         43
  C:40B3H         LINE#         44
  C:40BAH         LINE#         45
  C:40BAH         LINE#         48
  C:40BDH         LINE#         49
  C:40C0H         LINE#         50
  C:40C5H         LINE#         51
  C:40C9H         LINE#         52
  C:40C9H         LINE#         53
  C:40D1H         LINE#         54
  C:40D1H         LINE#         55
  C:40D4H         LINE#         56
  C:40DCH         LINE#         57
BL51 BANKED LINKER/LOCATER V6.22                                                      05/31/2019  11:58:14  PAGE 24


  C:40DEH         LINE#         59
  C:40F2H         LINE#         60
  C:40F2H         LINE#         61
  C:40F2H         LINE#         62
  C:40F2H         LINE#         63
  C:40F8H         LINE#         65
  C:40FAH         LINE#         66
  C:40FAH         LINE#         67
  C:40FAH         LINE#         68
  C:4100H         LINE#         70
  C:4102H         LINE#         71
  C:4102H         LINE#         72
  C:4102H         LINE#         73
  C:4108H         LINE#         75
  C:410AH         LINE#         76
  C:410AH         LINE#         77
  C:410AH         LINE#         78
  C:4110H         LINE#         80
  C:4110H         LINE#         81
  C:4110H         LINE#         82
  C:4110H         LINE#         85
  C:4113H         LINE#         86
  C:4116H         LINE#         87
  C:411EH         LINE#         88
  C:4122H         LINE#         89
  C:4122H         LINE#         90
  C:412AH         LINE#         91
  C:412AH         LINE#         92
  C:412DH         LINE#         93
  C:4135H         LINE#         94
  C:4137H         LINE#         95
  C:414BH         LINE#         96
  C:414BH         LINE#         97
  C:414BH         LINE#         98
  C:414BH         LINE#         99
  C:4151H         LINE#         101
  C:4153H         LINE#         102
  C:4153H         LINE#         103
  C:4153H         LINE#         104
  C:4159H         LINE#         106
  C:415BH         LINE#         107
  C:415BH         LINE#         108
  C:415BH         LINE#         109
  C:4161H         LINE#         111
  C:4163H         LINE#         112
  C:4163H         LINE#         113
  C:4163H         LINE#         114
  C:4168H         LINE#         116
  C:4168H         LINE#         117
  C:4168H         LINE#         118
  C:4168H         LINE#         121
  C:416BH         LINE#         122
  C:416EH         LINE#         123
  C:4176H         LINE#         124
  C:417AH         LINE#         125
  C:417AH         LINE#         126
  C:4182H         LINE#         127
BL51 BANKED LINKER/LOCATER V6.22                                                      05/31/2019  11:58:14  PAGE 25


  C:4182H         LINE#         128
  C:4185H         LINE#         129
  C:418DH         LINE#         130
  C:418FH         LINE#         131
  C:41A3H         LINE#         132
  C:41A3H         LINE#         133
  C:41A3H         LINE#         134
  C:41A3H         LINE#         135
  C:41A9H         LINE#         137
  C:41ABH         LINE#         138
  C:41ABH         LINE#         139
  C:41ABH         LINE#         140
  C:41B1H         LINE#         142
  C:41B3H         LINE#         143
  C:41B3H         LINE#         144
  C:41B3H         LINE#         145
  C:41B9H         LINE#         147
  C:41BBH         LINE#         148
  C:41BBH         LINE#         149
  C:41BBH         LINE#         150
  C:41C1H         LINE#         152
  C:41C1H         LINE#         153
  C:41C1H         LINE#         154
  C:41C1H         LINE#         158
  C:41C4H         LINE#         159
  C:41C7H         LINE#         160
  C:41CFH         LINE#         161
  C:41D3H         LINE#         162
  C:41D3H         LINE#         163
  C:41DBH         LINE#         164
  C:41DBH         LINE#         165
  C:41DEH         LINE#         166
  C:41E6H         LINE#         167
  C:41E8H         LINE#         168
  C:41FCH         LINE#         169
  C:41FCH         LINE#         170
  C:41FCH         LINE#         171
  C:41FCH         LINE#         172
  C:4202H         LINE#         174
  C:4204H         LINE#         175
  C:4204H         LINE#         176
  C:4204H         LINE#         177
  C:420AH         LINE#         179
  C:420CH         LINE#         180
  C:420CH         LINE#         181
  C:420CH         LINE#         182
  C:4212H         LINE#         184
  C:4214H         LINE#         185
  C:4214H         LINE#         186
  C:4214H         LINE#         187
  C:421AH         LINE#         189
  C:421AH         LINE#         190
  C:421AH         LINE#         191
  C:421AH         LINE#         193
  C:4220H         LINE#         194
  C:4220H         LINE#         196
  C:4220H         LINE#         197
BL51 BANKED LINKER/LOCATER V6.22                                                      05/31/2019  11:58:14  PAGE 26


  C:4223H         LINE#         198
  C:4223H         LINE#         199
  C:4223H         LINE#         201
  C:4223H         LINE#         202
  C:4225H         LINE#         203
  C:4225H         LINE#         204
  -------         ENDPROC       KEY_SCAN
  -------         PROC          KEY_PROCESS
  -------         DO            
  X:0614H         SYMBOL        KeyCount
  X:0615H         SYMBOL        KeyNum_Old
  X:0617H         SYMBOL        KeyNum
  X:0619H         SYMBOL        PressedKey
  X:03F8H         SYMBOL        d
  D:0002H         SYMBOL        hours
  D:0006H         SYMBOL        mins
  X:03FAH         SYMBOL        months
  X:03FCH         SYMBOL        days
  -------         ENDDO         
  C:37C6H         LINE#         205
  C:37C6H         LINE#         206
  C:37C6H         LINE#         210
  C:37D5H         LINE#         211
  C:37E2H         LINE#         213
  C:37E6H         LINE#         214
  C:37E6H         LINE#         215
  C:37ECH         LINE#         217
  C:37ECH         LINE#         218
  C:3803H         LINE#         219
  C:3803H         LINE#         220
  C:380DH         LINE#         221
  C:3813H         LINE#         223
  C:3819H         LINE#         225
  C:3819H         LINE#         226
  C:3830H         LINE#         227
  C:3830H         LINE#         228
  C:3835H         LINE#         230
  C:3835H         LINE#         231
  C:3845H         LINE#         232
  C:3845H         LINE#         233
  C:384BH         LINE#         235
  C:384BH         LINE#         236
  C:385DH         LINE#         237
  C:385DH         LINE#         238
  C:3867H         LINE#         239
  C:386FH         LINE#         241
  C:3878H         LINE#         243
  C:3878H         LINE#         252
  C:3897H         LINE#         253
  C:3897H         LINE#         254
  C:38B6H         LINE#         255
  C:38BCH         LINE#         256
  C:38C4H         LINE#         257
  C:38C4H         LINE#         259
  C:38C5H         LINE#         265
  C:38D1H         LINE#         266
  C:38D1H         LINE#         267
BL51 BANKED LINKER/LOCATER V6.22                                                      05/31/2019  11:58:14  PAGE 27


  C:38EEH         LINE#         268
  C:3905H         LINE#         269
  C:391CH         LINE#         270
  C:391CH         LINE#         271
  C:392FH         LINE#         272
  C:3942H         LINE#         273
  C:3942H         LINE#         274
  C:3942H         LINE#         275
  C:3945H         LINE#         280
  C:3954H         LINE#         281
  C:3954H         LINE#         282
  C:3977H         LINE#         283
  C:3994H         LINE#         284
  C:399DH         LINE#         285
  C:399DH         LINE#         286
  C:39A4H         LINE#         287
  C:39A4H         LINE#         288
  C:39B5H         LINE#         289
  C:39B5H         LINE#         290
  C:39C4H         LINE#         291
  C:39C4H         LINE#         292
  C:39C4H         LINE#         293
  C:39C7H         LINE#         295
  C:39C7H         LINE#         296
  C:39D3H         LINE#         297
  C:39D3H         LINE#         298
  C:39E5H         LINE#         299
  C:39E5H         LINE#         300
  C:39F5H         LINE#         301
  C:39F5H         LINE#         302
  C:39F5H         LINE#         304
  C:39F7H         LINE#         306
  C:39F7H         LINE#         307
  C:3A06H         LINE#         308
  C:3A06H         LINE#         309
  C:3A16H         LINE#         310
  C:3A16H         LINE#         311
  C:3A16H         LINE#         313
  C:3A16H         LINE#         315
  C:3A16H         LINE#         316
  C:3A18H         LINE#         318
  C:3A18H         LINE#         319
  C:3A1FH         LINE#         320
  C:3A1FH         LINE#         321
  C:3A2EH         LINE#         322
  C:3A2EH         LINE#         323
  C:3A3EH         LINE#         324
  C:3A3EH         LINE#         325
  C:3A3EH         LINE#         326
  C:3A40H         LINE#         328
  C:3A40H         LINE#         329
  C:3A4FH         LINE#         330
  C:3A4FH         LINE#         331
  C:3A62H         LINE#         332
  C:3A75H         LINE#         333
  C:3A75H         LINE#         334
  C:3A75H         LINE#         335
BL51 BANKED LINKER/LOCATER V6.22                                                      05/31/2019  11:58:14  PAGE 28


  C:3A75H         LINE#         336
  C:3A7EH         LINE#         338
  C:3A7EH         LINE#         340
  C:3AB8H         LINE#         341
  C:3AB8H         LINE#         342
  C:3ABFH         LINE#         343
  C:3ABFH         LINE#         344
  C:3AC9H         LINE#         345
  C:3AC9H         LINE#         346
  C:3ACCH         LINE#         347
  C:3AD1H         LINE#         348
  C:3AD6H         LINE#         349
  C:3ADBH         LINE#         350
  C:3AE0H         LINE#         351
  C:3AE5H         LINE#         352
  C:3AEAH         LINE#         353
  C:3AEFH         LINE#         354
  C:3AEFH         LINE#         355
  C:3AEFH         LINE#         357
  C:3B0DH         LINE#         358
  C:3B0DH         LINE#         359
  C:3B14H         LINE#         360
  C:3B14H         LINE#         361
  C:3B19H         LINE#         362
  C:3B22H         LINE#         363
  C:3B41H         LINE#         364
  C:3B41H         LINE#         365
  C:3B51H         LINE#         367
  C:3B51H         LINE#         371
  -------         ENDPROC       KEY_PROCESS
  -------         PROC          KEYPAD_IO_INIT
  C:5C77H         LINE#         374
  C:5C77H         LINE#         375
  C:5C77H         LINE#         376
  C:5C7AH         LINE#         377
  C:5C7DH         LINE#         378
  C:5C80H         LINE#         379
  C:5C82H         LINE#         380
  -------         ENDPROC       KEYPAD_IO_INIT
  -------         ENDMOD        KEYPAD

  -------         MODULE        BIPOLARMOTOR
  C:0000H         SYMBOL        _ICE_DUMMY_
  X:0000H         PUBLIC        UTC_time
  D:0080H         PUBLIC        P0
  D:0090H         PUBLIC        P1
  X:0004H         PUBLIC        RX_pos_test
  D:00A0H         PUBLIC        P2
  D:00B0H         PUBLIC        P3
  D:00C0H         PUBLIC        P4
  D:00C8H         PUBLIC        P5
  D:00E8H         PUBLIC        P6
  D:00F8H         PUBLIC        P7
  X:00A4H         PUBLIC        low_date_azimuth_mapping
  D:00A8H         PUBLIC        IE
  C:4E42H         PUBLIC        linear_interpolate
  X:00CCH         PUBLIC        declination
BL51 BANKED LINKER/LOCATER V6.22                                                      05/31/2019  11:58:14  PAGE 29


  C:594DH         PUBLIC        _Move
  D:00B8H         PUBLIC        IP
  X:00D0H         PUBLIC        time_offset
  D:00D8H         PUBLIC        CCON
  X:00D4H         PUBLIC        previous_move_time
  X:00D5H         PUBLIC        time
  D:0098H         PUBLIC        SCON
  D:0088H         PUBLIC        TCON
  C:57EEH         PUBLIC        _Step_move
  X:00E7H         PUBLIC        dat
  X:00EDH         PUBLIC        current_local_sun_time
  C:1F4CH         PUBLIC        _Update_position
  C:3B52H         PUBLIC        _elevation_calculation
  X:00F1H         PUBLIC        sunCoord
  C:56D6H         PUBLIC        vOneStepMove
  X:00F4H         PUBLIC        elevation_stamp
  X:0130H         PUBLIC        date_azimuth_mapping
  X:0158H         PUBLIC        location
  X:0160H         PUBLIC        RX_pos
  C:5B97H         PUBLIC        vSetLocation
  C:5B12H         PUBLIC        _BCDtoDec1
  X:03B8H         PUBLIC        degree
  C:2588H         PUBLIC        _TheoricalJP_Position
  D:00D0H         PUBLIC        PSW
  -------         PROC          VSETLOCATION
  C:5B97H         LINE#         44
  C:5B97H         LINE#         45
  C:5B97H         LINE#         46
  C:5BA1H         LINE#         47
  C:5BABH         LINE#         48
  -------         ENDPROC       VSETLOCATION
  C:5B0EH         SYMBOL        L?0060
  -------         PROC          L?0059
  -------         ENDPROC       L?0059
  C:5B0EH         SYMBOL        L?0060
  -------         PROC          _BCDTODEC1
  D:0007H         SYMBOL        bcd
  -------         DO            
  D:0006H         SYMBOL        hi
  D:0007H         SYMBOL        lo
  -------         ENDDO         
  C:5B12H         LINE#         49
  C:5B12H         LINE#         50
  C:5B12H         LINE#         52
  C:5B17H         LINE#         53
  C:5B1BH         LINE#         54
  C:5B22H         LINE#         55
  -------         ENDPROC       _BCDTODEC1
  -------         PROC          VONESTEPMOVE
  B:0020H.3       SYMBOL        bDir
  C:56D6H         LINE#         59
  C:56D6H         LINE#         60
  C:56D6H         LINE#         62
  C:56DCH         LINE#         63
  C:56DCH         LINE#         64
  C:56DFH         LINE#         65
  C:56E8H         LINE#         66
BL51 BANKED LINKER/LOCATER V6.22                                                      05/31/2019  11:58:14  PAGE 30


  C:56EFH         LINE#         67
  C:56F4H         LINE#         68
  C:56F4H         LINE#         69
  C:56F4H         LINE#         71
  C:56F6H         LINE#         74
  C:56F6H         LINE#         75
  C:56F9H         LINE#         76
  C:5702H         LINE#         77
  C:5709H         LINE#         78
  C:570FH         LINE#         79
  C:5718H         LINE#         80
  C:571FH         LINE#         81
  C:571FH         LINE#         85
  -------         ENDPROC       VONESTEPMOVE
  -------         PROC          _STEP_MOVE
  X:04E1H         SYMBOL        step
  B:0020H.2       SYMBOL        dir
  -------         DO            
  X:04E3H         SYMBOL        i
  -------         ENDDO         
  C:57EEH         LINE#         87
  C:57F6H         LINE#         88
  C:57F6H         LINE#         90
  C:57FBH         LINE#         93
  C:5816H         LINE#         94
  C:5816H         LINE#         95
  C:581DH         LINE#         97
  C:582DH         LINE#         99
  -------         ENDPROC       _STEP_MOVE
  -------         PROC          _MOVE
  X:04DDH         SYMBOL        distance
  B:0020H.1       SYMBOL        direction
  -------         DO            
  D:0006H         SYMBOL        step
  -------         ENDDO         
  C:594DH         LINE#         101
  C:5953H         LINE#         102
  C:5953H         LINE#         105
  C:596EH         LINE#         106
  -------         ENDPROC       _MOVE
  C:4E31H         SYMBOL        L?0058
  -------         PROC          L?0057
  -------         ENDPROC       L?0057
  C:4E31H         SYMBOL        L?0058
  -------         PROC          LINEAR_INTERPOLATE
  X:049EH         SYMBOL        p1
  X:04A6H         SYMBOL        p2
  X:04AEH         SYMBOL        x
  -------         DO            
  D:0004H         SYMBOL        fx
  -------         ENDDO         
  C:4E42H         LINE#         139
  C:4E42H         LINE#         140
  C:4E42H         LINE#         143
  C:4EE1H         LINE#         145
  C:4EE1H         LINE#         146
  -------         ENDPROC       LINEAR_INTERPOLATE
BL51 BANKED LINKER/LOCATER V6.22                                                      05/31/2019  11:58:14  PAGE 31


  -------         PROC          _THEORICALJP_POSITION
  X:0442H         SYMBOL        azimuth
  X:0446H         SYMBOL        elevation
  -------         DO            
  X:044AH         SYMBOL        pos_interpolate_azimuth
  X:0486H         SYMBOL        JP_pos
  X:048AH         SYMBOL        i
  X:048CH         SYMBOL        yy
  X:048EH         SYMBOL        p1
  X:0496H         SYMBOL        p2
  -------         ENDDO         
  C:2588H         LINE#         149
  C:258EH         LINE#         150
  C:258EH         LINE#         152
  C:2598H         LINE#         155
  C:25B4H         LINE#         156
  C:25B4H         LINE#         157
  C:2624H         LINE#         158
  C:2624H         LINE#         159
  C:262BH         LINE#         160
  C:262BH         LINE#         161
  C:2658H         LINE#         162
  C:2673H         LINE#         164
  C:26BAH         LINE#         165
  C:26EEH         LINE#         167
  C:2734H         LINE#         168
  C:2759H         LINE#         170
  C:2759H         LINE#         172
  C:27CFH         LINE#         173
  C:27CFH         LINE#         174
  C:27D6H         LINE#         175
  C:27D6H         LINE#         176
  C:2803H         LINE#         177
  C:281EH         LINE#         179
  C:2865H         LINE#         180
  C:2899H         LINE#         182
  C:28DFH         LINE#         183
  C:2901H         LINE#         185
  C:2901H         LINE#         186
  C:2915H         LINE#         189
  C:2931H         LINE#         190
  C:2931H         LINE#         191
  C:29A1H         LINE#         192
  C:29A1H         LINE#         193
  C:29CEH         LINE#         194
  C:29E9H         LINE#         196
  C:2A16H         LINE#         197
  C:2A31H         LINE#         199
  C:2A63H         LINE#         202
  C:2A63H         LINE#         204
  C:2A74H         LINE#         205
  C:2A82H         LINE#         207
  -------         ENDPROC       _THEORICALJP_POSITION
  -------         PROC          _UPDATE_POSITION
  D:0001H         SYMBOL        mnths
  D:0002H         SYMBOL        dys
  X:041EH         SYMBOL        hurs
BL51 BANKED LINKER/LOCATER V6.22                                                      05/31/2019  11:58:14  PAGE 32


  X:041FH         SYMBOL        mns
  X:0420H         SYMBOL        sconds
  X:0421H         SYMBOL        currnt_pos
  X:0424H         SYMBOL        offset_calib
  -------         DO            
  X:0428H         SYMBOL        date
  X:042AH         SYMBOL        i
  X:042CH         SYMBOL        yy
  X:042EH         SYMBOL        desired_distance
  X:0432H         SYMBOL        distance
  X:0436H         SYMBOL        JP_pos
  X:043AH         SYMBOL        elevation
  X:043EH         SYMBOL        azimuth
  -------         ENDDO         
  C:1F4CH         LINE#         210
  C:1F55H         LINE#         213
  C:1F55H         LINE#         214
  C:1F60H         LINE#         216
  C:1F7CH         LINE#         223
  C:1F86H         LINE#         224
  C:1F91H         LINE#         225
  C:1F9CH         LINE#         226
  C:1FB5H         LINE#         227
  C:1FC6H         LINE#         228
  C:1FD5H         LINE#         231
  C:1FE9H         LINE#         235
  C:203BH         LINE#         236
  C:219FH         LINE#         237
  C:21EFH         LINE#         240
  C:2317H         LINE#         243
  C:23E6H         LINE#         250
  C:242DH         LINE#         251
  C:242DH         LINE#         253
  C:2458H         LINE#         254
  C:2487H         LINE#         256
  C:24ACH         LINE#         257
  C:2511H         LINE#         258
  C:2511H         LINE#         259
  C:252BH         LINE#         260
  C:253DH         LINE#         261
  C:2555H         LINE#         262
  C:256BH         LINE#         264
  C:2587H         LINE#         265
  C:2587H         LINE#         266
  C:2587H         LINE#         269
  -------         ENDPROC       _UPDATE_POSITION
  -------         PROC          _ELEVATION_CALCULATION
  D:0007H         SYMBOL        mnths
  D:0005H         SYMBOL        dys
  X:03FAH         SYMBOL        hurs
  X:03FBH         SYMBOL        mns
  X:03FCH         SYMBOL        sconds
  C:3B52H         LINE#         271
  C:3B57H         LINE#         273
  C:3B57H         LINE#         274
  C:3B61H         LINE#         275
  C:3B6AH         LINE#         276
BL51 BANKED LINKER/LOCATER V6.22                                                      05/31/2019  11:58:14  PAGE 33


  C:3B75H         LINE#         277
  C:3B8EH         LINE#         278
  C:3BA2H         LINE#         279
  C:3BB4H         LINE#         283
  C:3C06H         LINE#         284
  C:3D6AH         LINE#         285
  C:3DBAH         LINE#         287
  C:3ED1H         LINE#         289
  -------         ENDPROC       _ELEVATION_CALCULATION
  -------         ENDMOD        BIPOLARMOTOR

  -------         MODULE        SUNPOS
  C:0000H         SYMBOL        _ICE_DUMMY_
  C:17AAH         PUBLIC        sunpos
  -------         PROC          SUNPOS
  X:0442H         SYMBOL        udtTime
  X:0454H         SYMBOL        udtLocation
  X:045CH         SYMBOL        udtSunCoordinates
  -------         DO            
  X:045FH         SYMBOL        dElapsedJulianDays
  X:0463H         SYMBOL        dDecimalHours
  X:0467H         SYMBOL        dEclipticLongitude
  X:046BH         SYMBOL        dEclipticObliquity
  X:046FH         SYMBOL        dRightAscension
  X:0473H         SYMBOL        dDeclination
  X:0477H         SYMBOL        dY
  X:047BH         SYMBOL        dX
  -------         DO            
  X:047FH         SYMBOL        dJulianDate
  X:0483H         SYMBOL        liAux1
  X:0487H         SYMBOL        liAux2
  X:047FH         SYMBOL        dMeanLongitude
  X:0483H         SYMBOL        dMeanAnomaly
  X:0487H         SYMBOL        dOmega
  X:047FH         SYMBOL        dSin_EclipticLongitude
  X:047FH         SYMBOL        dGreenwichMeanSiderealTime
  X:0483H         SYMBOL        dLocalMeanSiderealTime
  X:0487H         SYMBOL        dLatitudeInRadians
  X:048BH         SYMBOL        dHourAngle
  X:048FH         SYMBOL        dCos_Latitude
  X:0493H         SYMBOL        dSin_Latitude
  X:0497H         SYMBOL        dCos_HourAngle
  X:049BH         SYMBOL        dParallax
  -------         ENDDO         
  -------         DO            
  X:047FH         SYMBOL        dMeanLongitude
  X:0483H         SYMBOL        dMeanAnomaly
  X:0487H         SYMBOL        dOmega
  X:047FH         SYMBOL        dSin_EclipticLongitude
  X:047FH         SYMBOL        dGreenwichMeanSiderealTime
  X:0483H         SYMBOL        dLocalMeanSiderealTime
  X:0487H         SYMBOL        dLatitudeInRadians
  X:048BH         SYMBOL        dHourAngle
  X:048FH         SYMBOL        dCos_Latitude
  X:0493H         SYMBOL        dSin_Latitude
  X:0497H         SYMBOL        dCos_HourAngle
  X:049BH         SYMBOL        dParallax
[...]
  C:4285H         LINE#         322
  C:4288H         LINE#         324
  C:42A2H         LINE#         325
  C:42A2H         LINE#         326
  C:42A2H         LINE#         328
  C:42A5H         LINE#         330
  C:42BFH         LINE#         331
  C:42BFH         LINE#         332
  C:42BFH         LINE#         334
  C:42C2H         LINE#         336
  C:42DCH         LINE#         337
  C:42DCH         LINE#         338
  C:42DCH         LINE#         340
  C:42DFH         LINE#         342
  C:42F9H         LINE#         343
  C:42F9H         LINE#         344
  C:42F9H         LINE#         346
  C:42FCH         LINE#         348
  C:4316H         LINE#         349
  C:4316H         LINE#         350
  C:4316H         LINE#         352
  C:4319H         LINE#         354
  C:4333H         LINE#         355
  C:4333H         LINE#         356
  C:4333H         LINE#         358
  C:4336H         LINE#         360
  C:4350H         LINE#         361
  C:4350H         LINE#         362
  C:4350H         LINE#         364
  C:4353H         LINE#         366
  C:436DH         LINE#         367
  C:436DH         LINE#         368
  C:436DH         LINE#         370
  C:4370H         LINE#         372
  C:438AH         LINE#         373
  C:4391H         LINE#         374
  -------         ENDPROC       SPI_NOR_WRITE_DATA
  -------         ENDMOD        AT25SF041

  -------         MODULE        SI1120
  C:0000H         SYMBOL        _ICE_DUMMY_
  D:0080H         PUBLIC        P0
  D:00B2H         PUBLIC        P3M0
  D:0090H         PUBLIC        P1
  D:00B1H         PUBLIC        P3M1
  D:00A0H         PUBLIC        P2
  D:00B0H         PUBLIC        P3
BL51 BANKED LINKER/LOCATER V6.22                                                      05/31/2019  11:58:14  PAGE 50


  D:00C0H         PUBLIC        P4
  D:00C8H         PUBLIC        P5
  B:00A8H.7       PUBLIC        EA
  D:00E8H         PUBLIC        P6
  D:00F8H         PUBLIC        P7
  D:00A8H         PUBLIC        IE
  D:00B8H         PUBLIC        IP
  C:589CH         PUBLIC        SI1120_CONFIG_MODE_VIRH
  D:00D8H         PUBLIC        CCON
  D:0098H         PUBLIC        SCON
  D:0088H         PUBLIC        TCON
  C:5C6AH         PUBLIC        Enable_EXTINT0
  B:0090H.5       PUBLIC        SI1120_STX
  B:0088H.0       PUBLIC        IT0
  B:00A8H.0       PUBLIC        EX0
  B:0090H.4       PUBLIC        SI1120_MD
  B:0090H.6       PUBLIC        SI1120_SC
  D:00D0H         PUBLIC        PSW
  -------         PROC          SI1120_CONFIG_MODE_VIRH
  C:589CH         LINE#         4
  C:589CH         LINE#         5
  C:589CH         LINE#         6
  C:589EH         LINE#         7
  C:58A0H         LINE#         8
  C:58A2H         LINE#         10
  C:58A9H         LINE#         11
  C:58ABH         LINE#         13
  C:58ADH         LINE#         14
  C:58AFH         LINE#         16
  C:58B6H         LINE#         18
  C:58B8H         LINE#         20
  C:58BFH         LINE#         23
  C:58C1H         LINE#         25
  C:58C3H         LINE#         27
  C:58CAH         LINE#         29
  C:58CCH         LINE#         31
  -------         ENDPROC       SI1120_CONFIG_MODE_VIRH
  -------         PROC          ENABLE_EXTINT0
  C:5C6AH         LINE#         33
  C:5C6AH         LINE#         34
  C:5C6AH         LINE#         35
  C:5C6DH         LINE#         36
  C:5C70H         LINE#         37
  C:5C72H         LINE#         38
  C:5C74H         LINE#         39
  C:5C76H         LINE#         40
  -------         ENDPROC       ENABLE_EXTINT0
  -------         ENDMOD        SI1120

  -------         MODULE        UART1
  C:0000H         SYMBOL        _ICE_DUMMY_
  D:0080H         PUBLIC        P0
  D:0090H         PUBLIC        P1
  D:00A0H         PUBLIC        P2
  D:00B0H         PUBLIC        P3
  D:00C0H         PUBLIC        P4
  D:00C8H         PUBLIC        P5
BL51 BANKED LINKER/LOCATER V6.22                                                      05/31/2019  11:58:14  PAGE 51


  C:5A0CH         PUBLIC        _uart1_SendToTCPServer
  B:00A8H.7       PUBLIC        EA
  D:00E8H         PUBLIC        P6
  D:00F8H         PUBLIC        P7
  C:5869H         PUBLIC        _SendString
  D:00A8H         PUBLIC        IE
  B:00A8H.4       PUBLIC        ES
  D:00B8H         PUBLIC        IP
  C:5B55H         PUBLIC        _ASCIItoBCD
  D:00D8H         PUBLIC        CCON
  C:5C1FH         PUBLIC        initUART1
  D:0098H         PUBLIC        SCON
  D:0088H         PUBLIC        TCON
  C:5CBFH         PUBLIC        _DectoBCD
  C:001EH         PUBLIC        _ASCII_Letter
  D:008EH         PUBLIC        AUXR
  C:0006H         PUBLIC        _unit
  C:5CB8H         PUBLIC        _ten
  D:00D6H         PUBLIC        T2H
  D:00D7H         PUBLIC        T2L
  C:5CA9H         PUBLIC        uart1_InitTCPConn
  D:00D0H         PUBLIC        PSW
  -------         PROC          INITUART1
  C:5C1FH         LINE#         24
  C:5C1FH         LINE#         25
  C:5C1FH         LINE#         26
  C:5C22H         LINE#         27
  C:5C25H         LINE#         28
  C:5C28H         LINE#         29
  C:5C2BH         LINE#         30
  C:5C2DH         LINE#         31
  C:5C2FH         LINE#         33
  -------         ENDPROC       INITUART1
  -------         PROC          _SENDSTRING
  X:04DDH         SYMBOL        s
  C:5869H         LINE#         36
  C:5874H         LINE#         37
  C:5874H         LINE#         38
  C:5884H         LINE#         39
  C:5884H         LINE#         40
  C:5899H         LINE#         41
  C:589BH         LINE#         42
  -------         ENDPROC       _SENDSTRING
  -------         PROC          _TEN
  D:0007H         SYMBOL        BCD
  C:5CB8H         LINE#         44
  C:5CB8H         LINE#         45
  C:5CB8H         LINE#         46
  C:5CBDH         LINE#         47
  -------         ENDPROC       _TEN
  -------         PROC          _UNIT
  D:0007H         SYMBOL        BCD
  C:0006H         LINE#         48
  C:0006H         LINE#         49
  C:0006H         LINE#         53
  C:000AH         LINE#         54
  -------         ENDPROC       _UNIT
BL51 BANKED LINKER/LOCATER V6.22                                                      05/31/2019  11:58:14  PAGE 52


  -------         PROC          _DECTOBCD
  D:0007H         SYMBOL        dec
  C:5CBFH         LINE#         55
  C:5CBFH         LINE#         56
  C:5CBFH         LINE#         58
  C:5CBFH         LINE#         59
  -------         ENDPROC       _DECTOBCD
  -------         PROC          _ASCII_LETTER
  D:0007H         SYMBOL        dat
  C:001EH         LINE#         61
  C:001EH         LINE#         62
  C:001EH         LINE#         64
  C:0022H         LINE#         65
  -------         ENDPROC       _ASCII_LETTER
  -------         PROC          _ASCIITOBCD
  D:0001H         SYMBOL        ascii
  -------         DO            
  D:0007H         SYMBOL        dec_val
  D:0006H         SYMBOL        ten
  D:0007H         SYMBOL        unit
  -------         ENDDO         
  C:5B55H         LINE#         67
  C:5B55H         LINE#         68
  C:5B55H         LINE#         70
  C:5B58H         LINE#         71
  C:5B5EH         LINE#         72
  C:5B65H         LINE#         73
  C:5B6BH         LINE#         75
  -------         ENDPROC       _ASCIITOBCD
  -------         PROC          UART1_INITTCPCONN
  C:5CA9H         LINE#         77
  C:5CA9H         LINE#         78
  C:5CA9H         LINE#         82
  -------         ENDPROC       UART1_INITTCPCONN
  -------         PROC          _UART1_SENDTOTCPSERVER
  X:03F8H         SYMBOL        str
  C:5A0CH         LINE#         85
  C:5A17H         LINE#         86
  C:5A17H         LINE#         87
  C:5A20H         LINE#         88
  C:5A27H         LINE#         89
  -------         ENDPROC       _UART1_SENDTOTCPSERVER
  -------         ENDMOD        UART1

  -------         MODULE        ?C_STARTUP
  C:536AH         SEGMENT       ?C_C51STARTUP
  I:0022H         SEGMENT       ?STACK
  C:0000H         PUBLIC        ?C_STARTUP
  D:00E0H         SYMBOL        ACC
  D:00F0H         SYMBOL        B
  D:0083H         SYMBOL        DPH
  D:0082H         SYMBOL        DPL
  N:0000H         SYMBOL        IBPSTACK
  N:0100H         SYMBOL        IBPSTACKTOP
  N:0080H         SYMBOL        IDATALEN
  C:536DH         SYMBOL        IDATALOOP
  N:0000H         SYMBOL        PBPSTACK
BL51 BANKED LINKER/LOCATER V6.22                                                      05/31/2019  11:58:14  PAGE 53


  N:0100H         SYMBOL        PBPSTACKTOP
  N:0000H         SYMBOL        PDATALEN
  N:0000H         SYMBOL        PDATASTART
  N:0000H         SYMBOL        PPAGE
  N:0000H         SYMBOL        PPAGEENABLE
  D:00A0H         SYMBOL        PPAGE_SFR
  D:0081H         SYMBOL        SP
  C:536AH         SYMBOL        STARTUP1
  N:0000H         SYMBOL        XBPSTACK
  N:0000H         SYMBOL        XBPSTACKTOP
  N:0000H         SYMBOL        XDATALEN
  N:0000H         SYMBOL        XDATASTART
  C:0000H         LINE#         126
  C:536AH         LINE#         133
  C:536CH         LINE#         134
  C:536DH         LINE#         135
  C:536EH         LINE#         136
  C:5370H         LINE#         185
  C:5373H         LINE#         196
  -------         ENDMOD        ?C_STARTUP

  -------         MODULE        ?C?FPADD
  C:002DH         PUBLIC        ?C?FPADD
  C:0029H         PUBLIC        ?C?FPSUB
  -------         ENDMOD        ?C?FPADD

  -------         MODULE        ?C?FPMUL
  C:011EH         PUBLIC        ?C?FPMUL
  -------         ENDMOD        ?C?FPMUL

  -------         MODULE        ?C?FPDIV
  C:0227H         PUBLIC        ?C?FPDIV
  -------         ENDMOD        ?C?FPDIV

  -------         MODULE        ?C?FPCMP
  C:02C6H         PUBLIC        ?C?FPCMP
  C:02C4H         PUBLIC        ?C?FPCMP3
  -------         ENDMOD        ?C?FPCMP

  -------         MODULE        ?C?FPNEG
  C:033DH         PUBLIC        ?C?FPNEG
  -------         ENDMOD        ?C?FPNEG

  -------         MODULE        ?C?FCAST
  C:0358H         PUBLIC        ?C?FCASTC
  C:0353H         PUBLIC        ?C?FCASTI
  C:034EH         PUBLIC        ?C?FCASTL
  -------         ENDMOD        ?C?FCAST

  -------         MODULE        ?C?CASTF
  C:038CH         PUBLIC        ?C?CASTF
  -------         ENDMOD        ?C?CASTF

  -------         MODULE        PRINTF
  X:04DDH         PUBLIC        ?_PRINTF?BYTE
  X:04DDH         PUBLIC        ?_SPRINTF?BYTE
  C:2FA0H         PUBLIC        _PRINTF
BL51 BANKED LINKER/LOCATER V6.22                                                      05/31/2019  11:58:14  PAGE 54


  C:2F9AH         PUBLIC        _SPRINTF
  -------         ENDMOD        PRINTF

  -------         MODULE        ATAN2
  X:049FH         PUBLIC        ?_atan2?BYTE
  C:5197H         PUBLIC        _atan2
  -------         ENDMOD        ATAN2

  -------         MODULE        SIN
  C:43F7H         PUBLIC        _COS
  C:440DH         PUBLIC        _SIN
  C:4449H         PUBLIC        _TAN
  -------         ENDMOD        SIN

  -------         MODULE        ACOS
  C:5720H         PUBLIC        _ACOS
  -------         ENDMOD        ACOS

  -------         MODULE        ASIN
  C:582EH         PUBLIC        _ASIN
  -------         ENDMOD        ASIN

  -------         MODULE        POW
  X:03BCH         PUBLIC        ?_pow?BYTE
  C:4537H         PUBLIC        _pow
  -------         ENDMOD        POW

  -------         MODULE        ?C?CHKFLOAT
  C:040DH         PUBLIC        ?C?CHKFLOAT
  -------         ENDMOD        ?C?CHKFLOAT

  -------         MODULE        ?C?FPROUND
  C:0427H         PUBLIC        ?C?FPROUND
  -------         ENDMOD        ?C?FPROUND

  -------         MODULE        ?C?FPCONVERT
  C:0464H         PUBLIC        ?C?FPCONVERT
  -------         ENDMOD        ?C?FPCONVERT

  -------         MODULE        EXP
  C:5308H         PUBLIC        _EXP
  -------         ENDMOD        EXP

  -------         MODULE        LOG
  C:4826H         PUBLIC        _LOG
  C:4822H         PUBLIC        _LOG10
  -------         ENDMOD        LOG

  -------         MODULE        SQRT
  C:504EH         PUBLIC        _SQRT
  -------         ENDMOD        SQRT

  -------         MODULE        ATAN
  C:493BH         PUBLIC        _ATAN
  -------         ENDMOD        ATAN

  -------         MODULE        ?C?FTNPWR
BL51 BANKED LINKER/LOCATER V6.22                                                      05/31/2019  11:58:14  PAGE 55


  C:05E6H         PUBLIC        ?C?FTNPWR
  -------         ENDMOD        ?C?FTNPWR

  -------         MODULE        ?C?COPY
  C:06F6H         PUBLIC        ?C?COPY
  -------         ENDMOD        ?C?COPY

  -------         MODULE        ?C?CLDPTR
  C:071CH         PUBLIC        ?C?CLDPTR
  -------         ENDMOD        ?C?CLDPTR

  -------         MODULE        ?C?CLDOPTR
  C:0735H         PUBLIC        ?C?CLDOPTR
  -------         ENDMOD        ?C?CLDOPTR

  -------         MODULE        ?C?CSTPTR
  C:0762H         PUBLIC        ?C?CSTPTR
  -------         ENDMOD        ?C?CSTPTR

  -------         MODULE        ?C?IMUL
  C:0774H         PUBLIC        ?C?IMUL
  -------         ENDMOD        ?C?IMUL

  -------         MODULE        ?C?UIDIV
  C:0786H         PUBLIC        ?C?UIDIV
  -------         ENDMOD        ?C?UIDIV

  -------         MODULE        ?C?SIDIV
  C:07DBH         PUBLIC        ?C?SIDIV
  -------         ENDMOD        ?C?SIDIV

  -------         MODULE        ?C?ILDIX
  C:0811H         PUBLIC        ?C?ILDIX
  -------         ENDMOD        ?C?ILDIX

  -------         MODULE        ?C?ILDOPTR
  C:0827H         PUBLIC        ?C?ILDOPTR
  -------         ENDMOD        ?C?ILDOPTR

  -------         MODULE        ?C?ISTPTR
  C:085FH         PUBLIC        ?C?ISTPTR
  -------         ENDMOD        ?C?ISTPTR

  -------         MODULE        ?C?LMUL
  C:087EH         PUBLIC        ?C?LMUL
  -------         ENDMOD        ?C?LMUL

  -------         MODULE        ?C?SLDIV
  C:576AH         PUBLIC        ?C?SLDIV
  -------         ENDMOD        ?C?SLDIV

  -------         MODULE        ?C?LNEG
  C:08CDH         PUBLIC        ?C?LNEG
  -------         ENDMOD        ?C?LNEG

  -------         MODULE        ?C?ULCMP
  C:08DBH         PUBLIC        ?C?ULCMP
BL51 BANKED LINKER/LOCATER V6.22                                                      05/31/2019  11:58:14  PAGE 56


  -------         ENDMOD        ?C?ULCMP

  -------         MODULE        ?C?LSHL
  C:08ECH         PUBLIC        ?C?LSHL
  -------         ENDMOD        ?C?LSHL

  -------         MODULE        ?C?LLDPTR
  C:08FFH         PUBLIC        ?C?LLDPTR
  -------         ENDMOD        ?C?LLDPTR

  -------         MODULE        ?C?LLDOPTR
  C:091FH         PUBLIC        ?C?LLDOPTR
  -------         ENDMOD        ?C?LLDOPTR

  -------         MODULE        ?C?LSTPTR
  C:094FH         PUBLIC        ?C?LSTPTR
  -------         ENDMOD        ?C?LSTPTR

  -------         MODULE        ?C?LSTOPTR
  C:0969H         PUBLIC        ?C?LSTOPTR
  -------         ENDMOD        ?C?LSTOPTR

  -------         MODULE        ?C?LLDXDATA
  C:098DH         PUBLIC        ?C?LLDXDATA
  -------         ENDMOD        ?C?LLDXDATA

  -------         MODULE        ?C?LLDCODE
  C:0999H         PUBLIC        ?C?LLDCODE
  -------         ENDMOD        ?C?LLDCODE

  -------         MODULE        ?C?LLDXDATA0
  C:09A9H         PUBLIC        ?C?LLDXDATA0
  -------         ENDMOD        ?C?LLDXDATA0

  -------         MODULE        ?C?LLDCODE0
  C:09B5H         PUBLIC        ?C?LLDCODE0
  -------         ENDMOD        ?C?LLDCODE0

  -------         MODULE        ?C?LLDPTR0
  C:09C5H         PUBLIC        ?C?LLDPTR0
  -------         ENDMOD        ?C?LLDPTR0

  -------         MODULE        ?C?LSTXDATA
  C:09E5H         PUBLIC        ?C?LSTXDATA
  -------         ENDMOD        ?C?LSTXDATA

  -------         MODULE        ?C?LSTKXDATA
  C:09F1H         PUBLIC        ?C?LSTKXDATA
  -------         ENDMOD        ?C?LSTKXDATA

  -------         MODULE        ?C?LSTKPTR
  C:0A22H         PUBLIC        ?C?LSTKPTR
  -------         ENDMOD        ?C?LSTKPTR

  -------         MODULE        ?C?OFFXADD
  C:0A3CH         PUBLIC        ?C?OFFXADD
  -------         ENDMOD        ?C?OFFXADD
BL51 BANKED LINKER/LOCATER V6.22                                                      05/31/2019  11:58:14  PAGE 57



  -------         MODULE        ?C?PLDIXDATA
  C:0A48H         PUBLIC        ?C?PLDIXDATA
  -------         ENDMOD        ?C?PLDIXDATA

  -------         MODULE        ?C?PSTXDATA
  C:0A5FH         PUBLIC        ?C?PSTXDATA
  -------         ENDMOD        ?C?PSTXDATA

  -------         MODULE        ?C?CCASE
  C:0A68H         PUBLIC        ?C?CCASE
  -------         ENDMOD        ?C?CCASE

  -------         MODULE        PUTCHAR
  C:599CH         PUBLIC        _PUTCHAR
  -------         ENDMOD        PUTCHAR

  -------         MODULE        ATOI
  C:4D44H         PUBLIC        _atoi
  -------         ENDMOD        ATOI

  -------         MODULE        ?C?IILDX
  C:0A8EH         PUBLIC        ?C?IILDX
  -------         ENDMOD        ?C?IILDX

  -------         MODULE        ?C?ULDIV
  C:0AE0H         PUBLIC        ?C?ULDIV
  -------         ENDMOD        ?C?ULDIV

  -------         MODULE        ?C?LLDIDATA
  C:0B72H         PUBLIC        ?C?LLDIDATA
  -------         ENDMOD        ?C?LLDIDATA

  -------         MODULE        ?C?LLDPDATA
  C:0B7EH         PUBLIC        ?C?LLDPDATA
  -------         ENDMOD        ?C?LLDPDATA

  -------         MODULE        ?C?LLDIDATA0
  C:0B8AH         PUBLIC        ?C?LLDIDATA0
  -------         ENDMOD        ?C?LLDIDATA0

  -------         MODULE        ?C?LLDPDATA0
  C:0B97H         PUBLIC        ?C?LLDPDATA0
  -------         ENDMOD        ?C?LLDPDATA0

  -------         MODULE        ?C?LSTIDATA
  C:0BA4H         PUBLIC        ?C?LSTIDATA
  -------         ENDMOD        ?C?LSTIDATA

  -------         MODULE        ?C?LSTPDATA
  C:0BB0H         PUBLIC        ?C?LSTPDATA
  -------         ENDMOD        ?C?LSTPDATA

  -------         MODULE        ?C?LSTKIDATA
  C:0BBCH         PUBLIC        ?C?LSTKIDATA
  -------         ENDMOD        ?C?LSTKIDATA

BL51 BANKED LINKER/LOCATER V6.22                                                      05/31/2019  11:58:14  PAGE 58


  -------         MODULE        ?C?LSTKPDATA
  C:0BD5H         PUBLIC        ?C?LSTKPDATA
  -------         ENDMOD        ?C?LSTKPDATA

  -------         MODULE        ISDIGIT
  C:5C4EH         PUBLIC        _isdigit
  -------         ENDMOD        ISDIGIT

  -------         MODULE        ISSPACE
  C:5BE9H         PUBLIC        _isspace
  -------         ENDMOD        ISSPACE

*** WARNING L16: UNCALLED SEGMENT, IGNORED FOR OVERLAY PROCESS
    SEGMENT: ?PR?_DAY_OF_YEAR?PCF85063BTL

*** WARNING L16: UNCALLED SEGMENT, IGNORED FOR OVERLAY PROCESS
    SEGMENT: ?PR?NOP?IOEXPANDER_PI4IOE5V96248

*** WARNING L16: UNCALLED SEGMENT, IGNORED FOR OVERLAY PROCESS
    SEGMENT: ?PR?UC_ACK?IOEXPANDER_PI4IOE5V96248

*** WARNING L16: UNCALLED SEGMENT, IGNORED FOR OVERLAY PROCESS
    SEGMENT: ?PR?UC_NACK?IOEXPANDER_PI4IOE5V96248

*** WARNING L16: UNCALLED SEGMENT, IGNORED FOR OVERLAY PROCESS
    SEGMENT: ?PR?_AT25SF041_READ?AT25SF041

*** WARNING L16: UNCALLED SEGMENT, IGNORED FOR OVERLAY PROCESS
    SEGMENT: ?PR?SPI_NOR_WRITE_DATA?AT25SF041

*** WARNING L16: UNCALLED SEGMENT, IGNORED FOR OVERLAY PROCESS
    SEGMENT: ?PR?_TEN?UART1

*** WARNING L16: UNCALLED SEGMENT, IGNORED FOR OVERLAY PROCESS
    SEGMENT: ?PR?_UNIT?UART1

*** WARNING L16: UNCALLED SEGMENT, IGNORED FOR OVERLAY PROCESS
    SEGMENT: ?PR?_DECTOBCD?UART1

*** WARNING L16: UNCALLED SEGMENT, IGNORED FOR OVERLAY PROCESS
    SEGMENT: ?PR?_ASCII_LETTER?UART1

*** WARNING L16: UNCALLED SEGMENT, IGNORED FOR OVERLAY PROCESS
    SEGMENT: ?PR?_ASCIITOBCD?UART1

Program Size: data=15.4 xdata=1610 code=23744
LINK/LOCATE RUN COMPLETE.  11 WARNING(S),  0 ERROR(S)
