BL51 BANKED LINKER/LOCATER V6.22                                                        02/25/2019  12:42:34  PAGE 1


BL51 BANKED LINKER/LOCATER V6.22, INVOKED BY:
C:\KEIL_V5\C51\BIN\BL51.EXE .\Obj\main.obj, .\Obj\PCF85063BTL.obj, .\Obj\UART1.obj, .\Obj\LCd_Driver_SPLC780D.obj, .\Obj
>> \KeyPad.obj, .\Obj\BipolarMotor.obj, .\Obj\SunPos.obj, .\Obj\ADC.obj, .\Obj\Calibration.obj, .\Obj\IOExpander_PI4IOE5
>> V96248.obj, .\Obj\AT25SF041.obj, .\Obj\STARTUP.obj TO .\Obj\GPIO_RTC_Test PRINT (.\Lis\GPIO_RTC_Test.m51) RAMSIZE (25
>> 6)


MEMORY MODEL: LARGE WITH FLOATING POINT ARITHMETIC


INPUT MODULES INCLUDED:
  .\Obj\main.obj (MAIN)
  .\Obj\PCF85063BTL.obj (PCF85063BTL)
  .\Obj\UART1.obj (UART1)
  .\Obj\LCd_Driver_SPLC780D.obj (LCD_DRIVER_SPLC780D)
  .\Obj\KeyPad.obj (KEYPAD)
  .\Obj\BipolarMotor.obj (BIPOLARMOTOR)
  .\Obj\SunPos.obj (SUNPOS)
  .\Obj\ADC.obj (ADC)
  .\Obj\Calibration.obj (CALIBRATION)
  .\Obj\IOExpander_PI4IOE5V96248.obj (IOEXPANDER_PI4IOE5V96248)
  .\Obj\AT25SF041.obj (AT25SF041)
  .\Obj\STARTUP.obj (?C_STARTUP)
  C:\KEIL_V5\C51\LIB\C51FPL.LIB (?C?FPADD)
  C:\KEIL_V5\C51\LIB\C51FPL.LIB (?C?FPMUL)
  C:\KEIL_V5\C51\LIB\C51FPL.LIB (?C?FPDIV)
  C:\KEIL_V5\C51\LIB\C51FPL.LIB (?C?FPCMP)
  C:\KEIL_V5\C51\LIB\C51FPL.LIB (?C?FPNEG)
  C:\KEIL_V5\C51\LIB\C51FPL.LIB (?C?FCAST)
  C:\KEIL_V5\C51\LIB\C51FPL.LIB (?C?CASTF)
  C:\KEIL_V5\C51\LIB\C51FPL.LIB (ATAN2)
  C:\KEIL_V5\C51\LIB\C51FPL.LIB (SIN)
  C:\KEIL_V5\C51\LIB\C51FPL.LIB (ACOS)
  C:\KEIL_V5\C51\LIB\C51FPL.LIB (ASIN)
  C:\KEIL_V5\C51\LIB\C51FPL.LIB (?C?FPGETOPN)
  C:\KEIL_V5\C51\LIB\C51FPL.LIB (?C?FPSERIES)
  C:\KEIL_V5\C51\LIB\C51FPL.LIB (SQRT)
  C:\KEIL_V5\C51\LIB\C51FPL.LIB (ATAN)
  C:\KEIL_V5\C51\LIB\C51L.LIB (?C_INIT)
  C:\KEIL_V5\C51\LIB\C51L.LIB (?C?COPY)
  C:\KEIL_V5\C51\LIB\C51L.LIB (?C?CLDPTR)
  C:\KEIL_V5\C51\LIB\C51L.LIB (?C?CLDOPTR)
  C:\KEIL_V5\C51\LIB\C51L.LIB (?C?CSTPTR)
  C:\KEIL_V5\C51\LIB\C51L.LIB (?C?IMUL)
  C:\KEIL_V5\C51\LIB\C51L.LIB (?C?UIDIV)
  C:\KEIL_V5\C51\LIB\C51L.LIB (?C?SIDIV)
  C:\KEIL_V5\C51\LIB\C51L.LIB (?C?ILDIX)
  C:\KEIL_V5\C51\LIB\C51L.LIB (?C?ILDOPTR)
  C:\KEIL_V5\C51\LIB\C51L.LIB (?C?ISTPTR)
  C:\KEIL_V5\C51\LIB\C51L.LIB (?C?LMUL)
  C:\KEIL_V5\C51\LIB\C51L.LIB (?C?SLDIV)
  C:\KEIL_V5\C51\LIB\C51L.LIB (?C?LNEG)
  C:\KEIL_V5\C51\LIB\C51L.LIB (?C?ULCMP)
  C:\KEIL_V5\C51\LIB\C51L.LIB (?C?LSHL)
  C:\KEIL_V5\C51\LIB\C51L.LIB (?C?LLDPTR)
  C:\KEIL_V5\C51\LIB\C51L.LIB (?C?LLDOPTR)
  C:\KEIL_V5\C51\LIB\C51L.LIB (?C?LSTPTR)
  C:\KEIL_V5\C51\LIB\C51L.LIB (?C?LSTOPTR)
BL51 BANKED LINKER/LOCATER V6.22                                                      02/25/2019  12:42:34  PAGE 2


  C:\KEIL_V5\C51\LIB\C51L.LIB (?C?LLDXDATA)
  C:\KEIL_V5\C51\LIB\C51L.LIB (?C?LLDCODE)
  C:\KEIL_V5\C51\LIB\C51L.LIB (?C?LLDXDATA0)
  C:\KEIL_V5\C51\LIB\C51L.LIB (?C?LLDCODE0)
  C:\KEIL_V5\C51\LIB\C51L.LIB (?C?LLDPTR0)
  C:\KEIL_V5\C51\LIB\C51L.LIB (?C?LSTXDATA)
  C:\KEIL_V5\C51\LIB\C51L.LIB (?C?LSTKXDATA)
  C:\KEIL_V5\C51\LIB\C51L.LIB (?C?LSTKPTR)
  C:\KEIL_V5\C51\LIB\C51L.LIB (?C?OFFXADD)
  C:\KEIL_V5\C51\LIB\C51L.LIB (ABS)
  C:\KEIL_V5\C51\LIB\C51L.LIB (ATOI)
  C:\KEIL_V5\C51\LIB\C51L.LIB (?C?IILDX)
  C:\KEIL_V5\C51\LIB\C51L.LIB (?C?ULDIV)
  C:\KEIL_V5\C51\LIB\C51L.LIB (?C?LLDIDATA)
  C:\KEIL_V5\C51\LIB\C51L.LIB (?C?LLDPDATA)
  C:\KEIL_V5\C51\LIB\C51L.LIB (?C?LLDIDATA0)
  C:\KEIL_V5\C51\LIB\C51L.LIB (?C?LLDPDATA0)
  C:\KEIL_V5\C51\LIB\C51L.LIB (?C?LSTIDATA)
  C:\KEIL_V5\C51\LIB\C51L.LIB (?C?LSTPDATA)
  C:\KEIL_V5\C51\LIB\C51L.LIB (?C?LSTKIDATA)
  C:\KEIL_V5\C51\LIB\C51L.LIB (?C?LSTKPDATA)
  C:\KEIL_V5\C51\LIB\C51L.LIB (ISDIGIT)
  C:\KEIL_V5\C51\LIB\C51L.LIB (ISSPACE)


LINK MAP OF MODULE:  .\Obj\GPIO_RTC_Test (MAIN)


            TYPE    BASE      LENGTH    RELOCATION   SEGMENT NAME
            -----------------------------------------------------

            * * * * * * *   D A T A   M E M O R Y   * * * * * * *
            REG     0000H     0008H     ABSOLUTE     "REG BANK 0"
                    0008H     0018H                  *** GAP ***
            BIT     0020H.0   0000H.5   UNIT         ?BI?KEYPAD
            BIT     0020H.5   0000H.3   UNIT         _BIT_GROUP_
            BIT     0021H.0   0000H.1   UNIT         ?BI?MAIN
            BIT     0021H.1   0000H.1   UNIT         ?BI?_ATOI?ATOI
                    0021H.2   0000H.6                *** GAP ***
            IDATA   0022H     0001H     UNIT         ?STACK

            * * * * * * *  X D A T A   M E M O R Y  * * * * * * *
            XDATA   0000H     038FH     UNIT         ?XD?BIPOLARMOTOR
            XDATA   038FH     014FH     UNIT         _XDATA_GROUP_
            XDATA   04DEH     00D8H     UNIT         ?XD?MAIN
            XDATA   05B6H     0040H     UNIT         ?XD?_FINDDET4X4?BIPOLARMOTOR
            XDATA   05F6H     0024H     UNIT         ?XD?_FINDDET3X3?BIPOLARMOTOR
            XDATA   061AH     000EH     UNIT         ?XD?SPI_NOR_WRITE_DATA?AT25SF041
            XDATA   0628H     0009H     UNIT         ?XD?KEYPAD
            XDATA   0631H     0008H     UNIT         ?XD?_AT25SF041_READ?AT25SF041
            XDATA   0639H     0005H     UNIT         ?XD?_ATOI?ATOI
            XDATA   063EH     0004H     UNIT         ?XD?_DISPLAY_PROX?MAIN
            XDATA   0642H     0003H     UNIT         ?XD?_SENDSTRING?UART1
            XDATA   0645H     0001H     UNIT         ?XD?UC_ACK?IOEXPANDER_PI4IOE5V96248
            XDATA   0646H     0001H     UNIT         ?XD?UC_NACK?IOEXPANDER_PI4IOE5V96248

            * * * * * * *   C O D E   M E M O R Y   * * * * * * *
BL51 BANKED LINKER/LOCATER V6.22                                                      02/25/2019  12:42:34  PAGE 3


            CODE    0000H     0003H     ABSOLUTE     
            CODE    0003H     0006H     UNIT         ?PR?_TEN?UART1
            CODE    0009H     0001H     UNIT         ?PR?TM0_ISR?MAIN
            CODE    000AH     0001H     UNIT         ?PR?_DECTOBCD?UART1
            CODE    000BH     0003H     ABSOLUTE     
            CODE    000EH     0B00H     UNIT         ?PR?_UPDATE_POSITION?BIPOLARMOTOR
            CODE    0B0EH     0A50H     UNIT         ?PR?MAIN?MAIN
            CODE    155EH     09B6H     UNIT         ?C?LIB_CODE
            CODE    1F14H     07A2H     UNIT         ?PR?SUNPOS?SUNPOS
            CODE    26B6H     03F9H     UNIT         ?C_INITSEG
            CODE    2AAFH     0309H     UNIT         ?PR?_FIND_REAL_MAX?CALIBRATION
            CODE    2DB8H     02C0H     UNIT         ?PR?_FINDDET4X4?BIPOLARMOTOR
            CODE    3078H     02A0H     UNIT         ?PR?KEY_PROCESS?KEYPAD
            CODE    3318H     01D1H     UNIT         ?PR?_FINDDET3X3?BIPOLARMOTOR
            CODE    34E9H     0196H     UNIT         ?PR?SPI_NOR_WRITE_DATA?AT25SF041
            CODE    367FH     018DH     UNIT         ?PR?KEY_SCAN?KEYPAD
            CODE    380CH     0188H     UNIT         ?PR?SIN?SIN
            CODE    3994H     0172H     UNIT         ?PR?_DISPLAY_POS?MAIN
            CODE    3B06H     015BH     UNIT         ?PR?_CALIBRATION?CALIBRATION
            CODE    3C61H     0122H     UNIT         ?PR?ATAN?ATAN
            CODE    3D83H     0106H     UNIT         ?PR?_AT25SF041_READ?AT25SF041
            CODE    3E89H     00FBH     UNIT         ?PR?_AT25SF041_WRITE?AT25SF041
            CODE    3F84H     00DBH     UNIT         ?PR?_ATOI?ATOI
            CODE    405FH     00C3H     UNIT         ?PR?LINEAR_INTERPOLATE?BIPOLARMOTOR
            CODE    4122H     00BBH     UNIT         ?PR?VOLTAGE_IS_STABLE?CALIBRATION
            CODE    41DDH     00ADH     UNIT         ?PR?_WRITE_PI4IOE5V96248?IOEXPANDER_PI4IOE5V96248
            CODE    428AH     00ACH     UNIT         ?PR?SQRT?SQRT
            CODE    4336H     00A1H     UNIT         ?PR?READ_STATUS_REGISTER_BYTE1?AT25SF041
            CODE    43D7H     009DH     UNIT         ?PR?_ATAN2?ATAN2
            CODE    4474H     009CH     UNIT         ?PR?_MAX_VALUE?CALIBRATION
            CODE    4510H     0095H     UNIT         ?PR?_DISPLAY_PROX?MAIN
            CODE    45A5H     008CH     UNIT         ?C_C51STARTUP
            CODE    4631H     0084H     UNIT         ?PR?_DAY_OF_YEAR?PCF85063BTL
            CODE    46B5H     0075H     UNIT         ?PR?_WRITEDATA?LCD_DRIVER_SPLC780D
            CODE    472AH     006FH     UNIT         ?PR?_READ_TIME?PCF85063BTL
            CODE    4799H     006EH     UNIT         ?PR?AT25SF041_WRITEENABLE?AT25SF041
            CODE    4807H     005AH     UNIT         ?PR?AT25SF041_CHIPERASE?AT25SF041
            CODE    4861H     0059H     UNIT         ?PR?LCD_INIT?LCD_DRIVER_SPLC780D
            CODE    48BAH     004AH     UNIT         ?PR?VONESTEPMOVE?BIPOLARMOTOR
            CODE    4904H     004AH     UNIT         ?PR?ACOS?ACOS
            CODE    494EH     0044H     UNIT         ?C?LDIV
            CODE    4992H     0040H     UNIT         ?PR?_COMMAND?LCD_DRIVER_SPLC780D
            CODE    49D2H     0040H     UNIT         ?PR?_STEP_MOVE?BIPOLARMOTOR
            CODE    4A12H     003BH     UNIT         ?PR?ASIN?ASIN
            CODE    4A4DH     0033H     UNIT         ?PR?_SENDSTRING?UART1
            CODE    4A80H     002CH     UNIT         ?PR?_ADC_GETRESULT?ADC
            CODE    4AACH     002BH     UNIT         ?PR?_WAIT_MS_I2C?IOEXPANDER_PI4IOE5V96248
            CODE    4AD7H     002BH     UNIT         ?PR?_WAIT_MS_SPINOR?AT25SF041
            CODE    4B02H     0028H     UNIT         ?PR?_MOVE?BIPOLARMOTOR
            CODE    4B2AH     0027H     UNIT         ?PR?_I2C_SENDBYTE?IOEXPANDER_PI4IOE5V96248
            CODE    4B51H     0024H     UNIT         ?PR?_WAIT_MS?LCD_DRIVER_SPLC780D
            CODE    4B75H     0020H     UNIT         ?PR?_SPI_SENDBYTE?PCF85063BTL
            CODE    4B95H     0020H     UNIT         ?PR?SPI_RECEIVEBYTE?PCF85063BTL
            CODE    4BB5H     001FH     UNIT         ?PR?ADC_INIT?ADC
            CODE    4BD4H     001EH     UNIT         ?PR?_DELAY_MS?KEYPAD
            CODE    4BF2H     001DH     UNIT         ?PR?_DISPLAYLCD?LCD_DRIVER_SPLC780D
            CODE    4C0FH     001BH     UNIT         ?PR?_BCDTODEC1?BIPOLARMOTOR
BL51 BANKED LINKER/LOCATER V6.22                                                      02/25/2019  12:42:34  PAGE 4


            CODE    4C2AH     0018H     UNIT         ?PR?_SPI_WRITETIME?PCF85063BTL
            CODE    4C42H     0017H     UNIT         ?PR?_ASCIITOBCD?UART1
            CODE    4C59H     0016H     UNIT         ?PR?I2C_ACK?IOEXPANDER_PI4IOE5V96248
            CODE    4C6FH     0015H     UNIT         ?PR?_DISPLAY_LINE?LCD_DRIVER_SPLC780D
            CODE    4C84H     0015H     UNIT         ?PR?I2C_STOP?IOEXPANDER_PI4IOE5V96248
            CODE    4C99H     0014H     UNIT         ?PR?_PCF85063BTL_DELAY?PCF85063BTL
            CODE    4CADH     0014H     UNIT         ?PR?_ISSPACE?ISSPACE
            CODE    4CC1H     0011H     UNIT         ?PR?_SPI_READTIME?PCF85063BTL
            CODE    4CD2H     0011H     UNIT         ?PR?_BCDTODEC?PCF85063BTL
            CODE    4CE3H     0011H     UNIT         ?PR?INITUART1?UART1
            CODE    4CF4H     000FH     UNIT         ?PR?I2C_START?IOEXPANDER_PI4IOE5V96248
            CODE    4D03H     000FH     UNIT         ?PR?UC_NACK?IOEXPANDER_PI4IOE5V96248
            CODE    4D12H     000FH     UNIT         ?PR?_ISDIGIT?ISDIGIT
            CODE    4D21H     000DH     UNIT         ?PR?SPI_INIT?PCF85063BTL
            CODE    4D2EH     000CH     UNIT         ?PR?KEYPAD_IO_INIT?KEYPAD
            CODE    4D3AH     000CH     UNIT         ?PR?_ABS?ABS
            CODE    4D46H     000AH     UNIT         ?PR?LCD_RETURN_HOME?LCD_DRIVER_SPLC780D
            CODE    4D50H     000AH     UNIT         ?PR?LCD_CLEAR?LCD_DRIVER_SPLC780D
            CODE    4D5AH     0006H     UNIT         ?PR?UC_ACK?IOEXPANDER_PI4IOE5V96248
            CODE    4D60H     0005H     UNIT         ?PR?_UNIT?UART1
            CODE    4D65H     0005H     UNIT         ?PR?_ASCII_LETTER?UART1
            CODE    4D6AH     0001H     UNIT         ?PR?WAIT?BIPOLARMOTOR
            CODE    4D6BH     0001H     UNIT         ?PR?NOP?IOEXPANDER_PI4IOE5V96248



OVERLAY MAP OF MODULE:   .\Obj\GPIO_RTC_Test (MAIN)


SEGMENT                                             BIT_GROUP          XDATA_GROUP
  +--> CALLED SEGMENT                            START    LENGTH     START    LENGTH
------------------------------------------------------------------------------------
?C_C51STARTUP                                    -----    -----      -----    -----
  +--> ?PR?MAIN?MAIN
  +--> ?C_INITSEG

?PR?MAIN?MAIN                                    -----    -----      038FH    002CH
  +--> ?PR?LCD_INIT?LCD_DRIVER_SPLC780D
  +--> ?PR?SPI_INIT?PCF85063BTL
  +--> ?PR?KEYPAD_IO_INIT?KEYPAD
  +--> ?PR?ADC_INIT?ADC
  +--> ?PR?_SPI_WRITETIME?PCF85063BTL
  +--> ?PR?_DELAY_MS?KEYPAD
  +--> ?PR?_DISPLAY_LINE?LCD_DRIVER_SPLC780D
  +--> ?PR?_WRITEDATA?LCD_DRIVER_SPLC780D
  +--> ?PR?KEY_PROCESS?KEYPAD
  +--> ?PR?_COMMAND?LCD_DRIVER_SPLC780D
  +--> ?PR?_DISPLAY_POS?MAIN
  +--> ?PR?_DISPLAYLCD?LCD_DRIVER_SPLC780D
  +--> ?PR?_STEP_MOVE?BIPOLARMOTOR
  +--> ?PR?LCD_RETURN_HOME?LCD_DRIVER_SPLC780D
  +--> ?PR?_READ_TIME?PCF85063BTL
  +--> ?PR?_ADC_GETRESULT?ADC
  +--> ?PR?_BCDTODEC1?BIPOLARMOTOR
  +--> ?PR?_CALIBRATION?CALIBRATION
  +--> ?PR?AT25SF041_WRITEENABLE?AT25SF041
  +--> ?PR?AT25SF041_CHIPERASE?AT25SF041
BL51 BANKED LINKER/LOCATER V6.22                                                      02/25/2019  12:42:34  PAGE 5


  +--> ?PR?_WAIT_MS_SPINOR?AT25SF041
  +--> ?PR?_AT25SF041_WRITE?AT25SF041
  +--> ?PR?LINEAR_INTERPOLATE?BIPOLARMOTOR
  +--> ?PR?_UPDATE_POSITION?BIPOLARMOTOR

?PR?LCD_INIT?LCD_DRIVER_SPLC780D                 -----    -----      -----    -----
  +--> ?PR?_WAIT_MS?LCD_DRIVER_SPLC780D
  +--> ?PR?_COMMAND?LCD_DRIVER_SPLC780D

?PR?_COMMAND?LCD_DRIVER_SPLC780D                 -----    -----      -----    -----
  +--> ?PR?_WAIT_MS?LCD_DRIVER_SPLC780D

?PR?ADC_INIT?ADC                                 -----    -----      -----    -----
  +--> ?PR?_WAIT_MS?LCD_DRIVER_SPLC780D

?PR?_SPI_WRITETIME?PCF85063BTL                   -----    -----      -----    -----
  +--> ?PR?_SPI_SENDBYTE?PCF85063BTL

?PR?_SPI_SENDBYTE?PCF85063BTL                    -----    -----      -----    -----
  +--> ?PR?_PCF85063BTL_DELAY?PCF85063BTL

?PR?_DISPLAY_LINE?LCD_DRIVER_SPLC780D            -----    -----      -----    -----
  +--> ?PR?_COMMAND?LCD_DRIVER_SPLC780D

?PR?_WRITEDATA?LCD_DRIVER_SPLC780D               -----    -----      046AH    0001H
  +--> ?PR?_WAIT_MS?LCD_DRIVER_SPLC780D

?PR?KEY_PROCESS?KEYPAD                           -----    -----      03BBH    0006H
  +--> ?PR?KEY_SCAN?KEYPAD
  +--> ?PR?_SPI_WRITETIME?PCF85063BTL
  +--> ?PR?LCD_CLEAR?LCD_DRIVER_SPLC780D
  +--> ?PR?_COMMAND?LCD_DRIVER_SPLC780D
  +--> ?PR?_WRITEDATA?LCD_DRIVER_SPLC780D

?PR?KEY_SCAN?KEYPAD                              -----    -----      03C1H    0003H

?PR?LCD_CLEAR?LCD_DRIVER_SPLC780D                -----    -----      -----    -----
  +--> ?PR?_COMMAND?LCD_DRIVER_SPLC780D

?PR?_DISPLAY_POS?MAIN                            -----    -----      0460H    000AH
  +--> ?PR?_ABS?ABS
  +--> ?PR?_WRITEDATA?LCD_DRIVER_SPLC780D

?PR?_DISPLAYLCD?LCD_DRIVER_SPLC780D              -----    -----      03BBH    0001H
  +--> ?PR?_WRITEDATA?LCD_DRIVER_SPLC780D

?PR?_STEP_MOVE?BIPOLARMOTOR                      0020H.6  0000H.1    0479H    0004H
  +--> ?PR?VONESTEPMOVE?BIPOLARMOTOR

?PR?VONESTEPMOVE?BIPOLARMOTOR                    0020H.7  0000H.1    -----    -----
  +--> ?PR?_WRITE_PI4IOE5V96248?IOEXPANDER_P...
  +--> ?PR?_DELAY_MS?KEYPAD

?PR?_WRITE_PI4IOE5V96248?IOEXPANDER_P...         -----    -----      047DH    0003H
  +--> ?PR?I2C_START?IOEXPANDER_PI4IOE5V96248
  +--> ?PR?_WAIT_MS_I2C?IOEXPANDER_PI4IOE5V9...
  +--> ?PR?_I2C_SENDBYTE?IOEXPANDER_PI4IOE5V...
BL51 BANKED LINKER/LOCATER V6.22                                                      02/25/2019  12:42:34  PAGE 6


  +--> ?PR?I2C_ACK?IOEXPANDER_PI4IOE5V96248
  +--> ?PR?I2C_STOP?IOEXPANDER_PI4IOE5V96248

?PR?I2C_START?IOEXPANDER_PI4IOE5V96248           -----    -----      -----    -----
  +--> ?PR?_WAIT_MS_I2C?IOEXPANDER_PI4IOE5V9...

?PR?_I2C_SENDBYTE?IOEXPANDER_PI4IOE5V...         -----    -----      -----    -----
  +--> ?PR?_WAIT_MS_I2C?IOEXPANDER_PI4IOE5V9...

?PR?I2C_ACK?IOEXPANDER_PI4IOE5V96248             -----    -----      0480H    0001H
  +--> ?PR?_WAIT_MS_I2C?IOEXPANDER_PI4IOE5V9...

?PR?I2C_STOP?IOEXPANDER_PI4IOE5V96248            -----    -----      -----    -----
  +--> ?PR?_WAIT_MS_I2C?IOEXPANDER_PI4IOE5V9...

?PR?LCD_RETURN_HOME?LCD_DRIVER_SPLC780D          -----    -----      -----    -----
  +--> ?PR?_COMMAND?LCD_DRIVER_SPLC780D

?PR?_READ_TIME?PCF85063BTL                       -----    -----      03BBH    000FH
  +--> ?PR?_SPI_READTIME?PCF85063BTL

?PR?_SPI_READTIME?PCF85063BTL                    -----    -----      -----    -----
  +--> ?PR?_SPI_SENDBYTE?PCF85063BTL
  +--> ?PR?SPI_RECEIVEBYTE?PCF85063BTL

?PR?SPI_RECEIVEBYTE?PCF85063BTL                  -----    -----      -----    -----
  +--> ?PR?_PCF85063BTL_DELAY?PCF85063BTL

?PR?_CALIBRATION?CALIBRATION                     -----    -----      03BBH    001BH
  +--> ?PR?VOLTAGE_IS_STABLE?CALIBRATION
  +--> ?PR?_UPDATE_POSITION?BIPOLARMOTOR
  +--> ?PR?_FIND_REAL_MAX?CALIBRATION

?PR?VOLTAGE_IS_STABLE?CALIBRATION                -----    -----      03D6H    0018H
  +--> ?PR?_ADC_GETRESULT?ADC
  +--> ?PR?_ABS?ABS

?PR?_UPDATE_POSITION?BIPOLARMOTOR                -----    -----      03D6H    009FH
  +--> ?PR?_BCDTODEC1?BIPOLARMOTOR
  +--> ?PR?SUNPOS?SUNPOS
  +--> ?PR?SIN?SIN
  +--> ?PR?ASIN?ASIN
  +--> ?PR?LINEAR_INTERPOLATE?BIPOLARMOTOR
  +--> ?PR?_ABS?ABS
  +--> ?PR?_MOVE?BIPOLARMOTOR

?PR?SUNPOS?SUNPOS                                -----    -----      0475H    005DH
  +--> ?PR?SIN?SIN
  +--> ?PR?_ATAN2?ATAN2
  +--> ?PR?ASIN?ASIN
  +--> ?PR?ACOS?ACOS

?PR?SIN?SIN                                      0020H.5  0000H.1    04D2H    0004H

?PR?_ATAN2?ATAN2                                 -----    -----      04D2H    0008H
  +--> ?PR?ATAN?ATAN

BL51 BANKED LINKER/LOCATER V6.22                                                      02/25/2019  12:42:34  PAGE 7


?PR?ATAN?ATAN                                    0020H.5  0000H.2    04DAH    0004H

?PR?ASIN?ASIN                                    -----    -----      -----    -----
  +--> ?PR?SQRT?SQRT
  +--> ?PR?ATAN?ATAN

?PR?SQRT?SQRT                                    -----    -----      04D2H    0004H

?PR?ACOS?ACOS                                    -----    -----      -----    -----
  +--> ?PR?SQRT?SQRT
  +--> ?PR?ATAN?ATAN

?PR?LINEAR_INTERPOLATE?BIPOLARMOTOR              -----    -----      0475H    0014H

?PR?_MOVE?BIPOLARMOTOR                           0020H.5  0000H.1    0475H    0004H
  +--> ?PR?_STEP_MOVE?BIPOLARMOTOR

?PR?_FIND_REAL_MAX?CALIBRATION                   -----    -----      03D6H    008AH
  +--> ?PR?_ADC_GETRESULT?ADC
  +--> ?PR?_MOVE?BIPOLARMOTOR
  +--> ?PR?_COMMAND?LCD_DRIVER_SPLC780D
  +--> ?PR?_WRITEDATA?LCD_DRIVER_SPLC780D
  +--> ?PR?_DISPLAY_POS?MAIN
  +--> ?PR?_WAIT_MS?LCD_DRIVER_SPLC780D
  +--> ?PR?_MAX_VALUE?CALIBRATION

?PR?_MAX_VALUE?CALIBRATION                       -----    -----      0460H    0004H

?PR?AT25SF041_WRITEENABLE?AT25SF041              -----    -----      03BBH    0002H
  +--> ?PR?_WAIT_MS_SPINOR?AT25SF041

?PR?AT25SF041_CHIPERASE?AT25SF041                -----    -----      03BBH    0002H
  +--> ?PR?_WAIT_MS_SPINOR?AT25SF041
  +--> ?PR?READ_STATUS_REGISTER_BYTE1?AT25SF041

?PR?READ_STATUS_REGISTER_BYTE1?AT25SF041         -----    -----      03BDH    0003H
  +--> ?PR?_WAIT_MS_SPINOR?AT25SF041

?PR?_AT25SF041_WRITE?AT25SF041                   -----    -----      03BBH    0008H
  +--> ?PR?_WAIT_MS_SPINOR?AT25SF041



UNRESOLVED EXTERNAL SYMBOLS:
   AUTO_MODE
   _SENDUART1



SYMBOL TABLE OF MODULE:  .\Obj\GPIO_RTC_Test (MAIN)

  VALUE           TYPE          NAME
  ----------------------------------

  -------         MODULE        MAIN
  C:0000H         SYMBOL        _ICE_DUMMY_
  X:04E6H         PUBLIC        calib_value
BL51 BANKED LINKER/LOCATER V6.22                                                      02/25/2019  12:42:34  PAGE 8


  D:0080H         PUBLIC        P0
  D:00B2H         PUBLIC        P3M0
  D:0090H         PUBLIC        P1
  D:00B1H         PUBLIC        P3M1
  D:00A0H         PUBLIC        P2
  D:00B0H         PUBLIC        P3
  D:00C0H         PUBLIC        P4
  D:00C8H         PUBLIC        P5
  X:053AH         SYMBOL        PressedKey
  B:00A8H.7       PUBLIC        EA
  D:00E8H         PUBLIC        P6
  X:053EH         PUBLIC        calib_stamp
  D:00F8H         PUBLIC        P7
  X:053FH         PUBLIC        RX_Data_Uart_Cnt
  D:00A8H         PUBLIC        IE
  X:0541H         PUBLIC        calib_time
  D:00B8H         PUBLIC        IP
  X:0595H         PUBLIC        months
  D:00D8H         PUBLIC        CCON
  C:0B0EH         PUBLIC        main
  X:0596H         PUBLIC        count
  X:0598H         PUBLIC        days
  X:0599H         PUBLIC        hours
  D:0098H         PUBLIC        SCON
  D:0089H         PUBLIC        TMOD
  D:0088H         PUBLIC        TCON
  B:00A0H.3       PUBLIC        P23
  X:059AH         SYMBOL        KeyCount
  X:059CH         PUBLIC        mins
  X:059DH         PUBLIC        Rec_data_hour
  B:00C8H.5       PUBLIC        P55
  X:05A0H         PUBLIC        Rec_data_min
  D:008EH         PUBLIC        AUXR
  C:0009H         PUBLIC        tm0_isr
  B:0021H.0       PUBLIC        busy
  B:00A8H.1       PUBLIC        ET0
  X:05A3H         PUBLIC        SPI_NOR_INTERNAL_FLASH_ADDR
  D:008CH         PUBLIC        TH0
  X:05A7H         PUBLIC        hour_count
  D:008AH         PUBLIC        TL0
  X:05A8H         PUBLIC        min_count
  B:0088H.4       PUBLIC        TR0
  X:05A9H         SYMBOL        KeyNum
  X:05AAH         SYMBOL        KeyNum_Old
  X:05ABH         PUBLIC        current_position
  X:05AFH         PUBLIC        hours1
  X:05B0H         PUBLIC        hours2
  C:4510H         PUBLIC        _Display_Prox
  X:05B1H         PUBLIC        mins1
  X:05B2H         PUBLIC        mins2
  C:3994H         PUBLIC        _Display_Pos
  X:05B3H         PUBLIC        seconds
  X:05B4H         PUBLIC        st_time
  D:00D0H         PUBLIC        PSW
  -------         PROC          TM0_ISR
  C:0009H         LINE#         86
  C:0009H         LINE#         88
BL51 BANKED LINKER/LOCATER V6.22                                                      02/25/2019  12:42:34  PAGE 9


  -------         ENDPROC       TM0_ISR
  -------         PROC          MAIN
  -------         DO            
  X:038FH         SYMBOL        sunlight_ADC
  X:04DEH         SYMBOL        KeyCount
  X:04E0H         SYMBOL        KeyNum_Old
  X:04E1H         SYMBOL        KeyNum
  X:04E2H         SYMBOL        PressedKey
  X:0391H         SYMBOL        prox_flag
  X:0392H         SYMBOL        iUse_prevday_calib_value
  X:0394H         SYMBOL        max_ADC_Val_JP
  X:0396H         SYMBOL        max_ADC_Val
  X:0398H         SYMBOL        calib_point1
  X:03A0H         SYMBOL        calib_point2
  X:03A8H         SYMBOL        dat_to_store
  X:03B3H         SYMBOL        calib_day
  X:03B5H         SYMBOL        calib_count
  X:03B7H         SYMBOL        theorical_JP_max_pos
  -------         ENDDO         
  C:0B0EH         LINE#         90
  C:0B0EH         LINE#         91
  C:0B0EH         LINE#         96
  C:0B14H         LINE#         97
  C:0B19H         LINE#         99
  C:0B21H         LINE#         103
  C:0B27H         LINE#         104
  C:0B31H         LINE#         108
  C:0B33H         LINE#         109
  C:0B35H         LINE#         110
  C:0B37H         LINE#         111
  C:0B39H         LINE#         113
  C:0B40H         LINE#         122
  C:0B42H         LINE#         123
  C:0B45H         LINE#         124
  C:0B48H         LINE#         125
  C:0B4BH         LINE#         126
  C:0B4EH         LINE#         127
  C:0B51H         LINE#         130
  C:0B54H         LINE#         132
  C:0B57H         LINE#         133
  C:0B5AH         LINE#         134
  C:0B5DH         LINE#         135
  C:0B5FH         LINE#         136
  C:0B61H         LINE#         137
  C:0B63H         LINE#         139
  C:0B65H         LINE#         140
  C:0B6CH         LINE#         141
  C:0B73H         LINE#         142
  C:0B7AH         LINE#         143
  C:0B81H         LINE#         147
  C:0B88H         LINE#         148
  C:0B8DH         LINE#         149
  C:0B92H         LINE#         150
  C:0B97H         LINE#         151
  C:0B9CH         LINE#         152
  C:0BA1H         LINE#         155
  C:0BBAH         LINE#         156
BL51 BANKED LINKER/LOCATER V6.22                                                      02/25/2019  12:42:34  PAGE 10


  C:0BBAH         LINE#         157
  C:0BD6H         LINE#         158
  C:0C1DH         LINE#         159
  C:0C2EH         LINE#         160
  C:0C2EH         LINE#         161
  C:0C2EH         LINE#         162
  C:0C31H         LINE#         165
  C:0C31H         LINE#         168
  C:0C36H         LINE#         169
  C:0C3BH         LINE#         171
  C:0C40H         LINE#         172
  C:0C45H         LINE#         173
  C:0C4AH         LINE#         174
  C:0C4FH         LINE#         176
  C:0C60H         LINE#         177
  C:0C65H         LINE#         178
  C:0C6AH         LINE#         180
  C:0C71H         LINE#         181
  C:0C79H         LINE#         182
  C:0C7EH         LINE#         183
  C:0C86H         LINE#         184
  C:0C8BH         LINE#         185
  C:0C95H         LINE#         186
  C:0C9AH         LINE#         187
  C:0CA2H         LINE#         189
  C:0CAAH         LINE#         190
  C:0CAFH         LINE#         191
  C:0CB9H         LINE#         192
  C:0CB9H         LINE#         193
  C:0CBBH         LINE#         194
  C:0CBDH         LINE#         195
  C:0CC7H         LINE#         196
  C:0CC7H         LINE#         197
  C:0CCCH         LINE#         198
  C:0CCCH         LINE#         210
  C:0CD9H         LINE#         211
  C:0CD9H         LINE#         212
  C:0CE3H         LINE#         213
  C:0CFAH         LINE#         214
  C:0CFAH         LINE#         215
  C:0CFCH         LINE#         216
  C:0CFEH         LINE#         218
  C:0CFEH         LINE#         219
  C:0D09H         LINE#         220
  C:0D09H         LINE#         221
  C:0D0EH         LINE#         222
  C:0D0EH         LINE#         223
  C:0D1BH         LINE#         224
  C:0D1BH         LINE#         227
  C:0D25H         LINE#         228
  C:0D3CH         LINE#         229
  C:0D3CH         LINE#         230
  C:0D3EH         LINE#         231
  C:0D40H         LINE#         233
  C:0D40H         LINE#         234
  C:0D4BH         LINE#         235
  C:0D4BH         LINE#         236
BL51 BANKED LINKER/LOCATER V6.22                                                      02/25/2019  12:42:34  PAGE 11


  C:0D50H         LINE#         237
  C:0D52H         LINE#         238
  C:0D52H         LINE#         247
  C:0D74H         LINE#         248
  C:0D74H         LINE#         249
  C:0D7EH         LINE#         250
  C:0D84H         LINE#         251
  C:0D86H         LINE#         252
  C:0D88H         LINE#         253
  C:0D8AH         LINE#         254
  C:0D8AH         LINE#         255
  C:0D8DH         LINE#         257
  C:0D8DH         LINE#         258
  C:0D93H         LINE#         259
  C:0D9BH         LINE#         260
  C:0DA1H         LINE#         261
  C:0DA9H         LINE#         262
  C:0DE4H         LINE#         266
  C:0DF1H         LINE#         267
  C:0DF1H         LINE#         268
  C:0DFEH         LINE#         269
  C:0E31H         LINE#         270
  C:0E3EH         LINE#         271
  C:0E3EH         LINE#         273
  C:0E6DH         LINE#         274
  C:0E6DH         LINE#         275
  C:0E8FH         LINE#         276
  C:0E8FH         LINE#         277
  C:0F0BH         LINE#         278
  C:0F89H         LINE#         279
  C:0F89H         LINE#         280
  C:0F8CH         LINE#         282
  C:0F8FH         LINE#         283
  C:0F96H         LINE#         284
  C:0F96H         LINE#         285
  C:0F99H         LINE#         287
  C:0FAEH         LINE#         289
  C:0FB5H         LINE#         290
  C:0FB8H         LINE#         292
  C:0FCDH         LINE#         293
  C:0FD4H         LINE#         296
  C:0FD7H         LINE#         298
  C:0FECH         LINE#         299
  C:0FF3H         LINE#         301
  C:0FF6H         LINE#         303
  C:100BH         LINE#         304
  C:1012H         LINE#         306
  C:1015H         LINE#         308
  C:102AH         LINE#         309
  C:1031H         LINE#         311
  C:1034H         LINE#         313
  C:1049H         LINE#         314
  C:1050H         LINE#         316
  C:1053H         LINE#         318
  C:1068H         LINE#         319
  C:106FH         LINE#         321
  C:1072H         LINE#         323
BL51 BANKED LINKER/LOCATER V6.22                                                      02/25/2019  12:42:34  PAGE 12


  C:1087H         LINE#         324
  C:108EH         LINE#         326
  C:1091H         LINE#         328
  C:10A6H         LINE#         329
  C:10ADH         LINE#         331
  C:10B0H         LINE#         333
  C:10C5H         LINE#         334
  C:10CCH         LINE#         336
  C:10CFH         LINE#         338
  C:10E4H         LINE#         339
  C:10EBH         LINE#         431
  C:10F2H         LINE#         435
  C:10F5H         LINE#         436
  C:1106H         LINE#         437
  C:1106H         LINE#         438
  C:1106H         LINE#         440
  C:1106H         LINE#         443
  C:1109H         LINE#         445
  C:1109H         LINE#         446
  C:112BH         LINE#         447
  C:112BH         LINE#         448
  C:11A7H         LINE#         449
  C:11FCH         LINE#         450
  C:11FCH         LINE#         451
  C:11FCH         LINE#         452
  C:11FFH         LINE#         456
  C:11FFH         LINE#         459
  C:1233H         LINE#         460
  C:1233H         LINE#         461
  C:1255H         LINE#         462
  C:1255H         LINE#         463
  C:12D1H         LINE#         464
  C:134FH         LINE#         484
  C:1352H         LINE#         485
  C:1363H         LINE#         486
  C:1363H         LINE#         487
  C:136BH         LINE#         489
  C:136BH         LINE#         492
  C:136EH         LINE#         494
  C:136EH         LINE#         496
  C:1390H         LINE#         497
  C:1390H         LINE#         498
  C:140CH         LINE#         500
  C:1439H         LINE#         501
  C:1454H         LINE#         502
  C:1481H         LINE#         503
  C:149CH         LINE#         505
  C:1538H         LINE#         508
  C:1538H         LINE#         509
  C:1538H         LINE#         510
  C:1538H         LINE#         512
  C:1538H         LINE#         515
  C:1554H         LINE#         516
  C:1559H         LINE#         518
  C:155BH         LINE#         519
  -------         ENDPROC       MAIN
  -------         PROC          _DISPLAY_PROX
BL51 BANKED LINKER/LOCATER V6.22                                                      02/25/2019  12:42:34  PAGE 13


  D:0002H         SYMBOL        dat
  -------         DO            
  X:063EH         SYMBOL        unit
  X:063FH         SYMBOL        ten
  X:0640H         SYMBOL        hundred
  X:0641H         SYMBOL        thousand
  -------         ENDDO         
  C:4510H         LINE#         603
  C:4514H         LINE#         604
  C:4514H         LINE#         606
  C:4520H         LINE#         607
  C:4530H         LINE#         608
  C:454CH         LINE#         609
  C:457CH         LINE#         610
  C:4586H         LINE#         611
  C:4590H         LINE#         612
  C:459AH         LINE#         613
  C:45A4H         LINE#         615
  -------         ENDPROC       _DISPLAY_PROX
  -------         PROC          _DISPLAY_POS
  X:0460H         SYMBOL        sign_dat
  -------         DO            
  X:0464H         SYMBOL        unit
  X:0465H         SYMBOL        ten
  X:0466H         SYMBOL        hundred
  D:0003H         SYMBOL        thousand
  X:0467H         SYMBOL        after_dot
  X:0468H         SYMBOL        dat
  -------         ENDDO         
  C:3994H         LINE#         618
  C:399AH         LINE#         619
  C:399AH         LINE#         623
  C:39B6H         LINE#         624
  C:39D0H         LINE#         625
  C:39F4H         LINE#         627
  C:3A3EH         LINE#         629
  C:3A55H         LINE#         630
  C:3A62H         LINE#         631
  C:3A84H         LINE#         632
  C:3AB9H         LINE#         633
  C:3AD1H         LINE#         634
  C:3AD1H         LINE#         636
  C:3AD1H         LINE#         637
  C:3AD1H         LINE#         638
  C:3AD1H         LINE#         639
  C:3AD1H         LINE#         640
  C:3AD1H         LINE#         644
  C:3AD3H         LINE#         646
  C:3AD3H         LINE#         648
  C:3AD8H         LINE#         649
  C:3AE2H         LINE#         650
  C:3AECH         LINE#         651
  C:3AF6H         LINE#         652
  C:3AFBH         LINE#         653
  C:3B05H         LINE#         657
  C:3B05H         LINE#         659
  -------         ENDPROC       _DISPLAY_POS
BL51 BANKED LINKER/LOCATER V6.22                                                      02/25/2019  12:42:34  PAGE 14


  -------         ENDMOD        MAIN

  -------         MODULE        PCF85063BTL
  C:0000H         SYMBOL        _ICE_DUMMY_
  D:0096H         PUBLIC        P2M0
  D:0080H         PUBLIC        P0
  D:0095H         PUBLIC        P2M1
  D:0090H         PUBLIC        P1
  D:00A0H         PUBLIC        P2
  D:00B0H         PUBLIC        P3
  D:00C0H         PUBLIC        P4
  D:00C8H         PUBLIC        P5
  D:00E8H         PUBLIC        P6
  B:00A0H.1       PUBLIC        PCF85063BTL_SDI
  D:00F8H         PUBLIC        P7
  B:00A0H.2       PUBLIC        PCF85063BTL_SCK
  B:00A0H.1       PUBLIC        PCF85063BTL_SDO
  D:00A8H         PUBLIC        IE
  C:472AH         PUBLIC        _Read_time
  C:4C9FH         PUBLIC        _PCF85063BTL_Delay
  D:00B8H         PUBLIC        IP
  D:00D8H         PUBLIC        CCON
  C:4631H         PUBLIC        _Day_Of_Year
  C:4B95H         PUBLIC        SPI_ReceiveByte
  D:0098H         PUBLIC        SCON
  D:0088H         PUBLIC        TCON
  C:4CD2H         PUBLIC        _BCDtoDec
  B:00A0H.0       PUBLIC        PCF85063BTL_CS
  C:4CC1H         PUBLIC        _SPI_ReadTime
  C:4D21H         PUBLIC        SPI_Init
  C:4C2AH         PUBLIC        _SPI_WriteTime
  C:4B75H         PUBLIC        _SPI_SendByte
  D:00D0H         PUBLIC        PSW
  C:4C9BH         SYMBOL        L?0047
  -------         PROC          L?0046
  -------         ENDPROC       L?0046
  C:4C9BH         SYMBOL        L?0047
  -------         PROC          _PCF85063BTL_DELAY
  D:0006H         SYMBOL        us
  C:4C9FH         LINE#         8
  C:4C9FH         LINE#         9
  C:4C9FH         LINE#         10
  C:4CA9H         LINE#         11
  C:4CA9H         LINE#         12
  C:4CAAH         LINE#         13
  C:4CACH         LINE#         14
  -------         ENDPROC       _PCF85063BTL_DELAY
  -------         PROC          _SPI_SENDBYTE
  D:0005H         SYMBOL        dat
  -------         DO            
  D:0003H         SYMBOL        i
  -------         ENDDO         
  C:4B75H         LINE#         17
  C:4B77H         LINE#         18
  C:4B77H         LINE#         20
  C:4B79H         LINE#         21
  C:4B79H         LINE#         22
BL51 BANKED LINKER/LOCATER V6.22                                                      02/25/2019  12:42:34  PAGE 15


  C:4B7BH         LINE#         23
  C:4B7FH         LINE#         24
  C:4B7FH         LINE#         25
  C:4B81H         LINE#         26
  C:4B83H         LINE#         28
  C:4B83H         LINE#         29
  C:4B85H         LINE#         30
  C:4B85H         LINE#         31
  C:4B88H         LINE#         32
  C:4B88H         LINE#         33
  C:4B8BH         LINE#         34
  C:4B8FH         LINE#         35
  C:4B94H         LINE#         36
  -------         ENDPROC       _SPI_SENDBYTE
  -------         PROC          SPI_RECEIVEBYTE
  -------         DO            
  D:0003H         SYMBOL        i
  D:0005H         SYMBOL        dat
  -------         ENDDO         
  C:4B95H         LINE#         39
  C:4B95H         LINE#         40
  C:4B95H         LINE#         42
  C:4B97H         LINE#         44
  C:4B99H         LINE#         45
  C:4B9AH         LINE#         46
  C:4B9AH         LINE#         47
  C:4B9EH         LINE#         48
  C:4BA0H         LINE#         49
  C:4BA3H         LINE#         51
  C:4BA6H         LINE#         52
  C:4BA6H         LINE#         53
  C:4BAAH         LINE#         54
  C:4BAAH         LINE#         55
  C:4BAAH         LINE#         56
  C:4BADH         LINE#         57
  C:4BB2H         LINE#         58
  C:4BB4H         LINE#         59
  -------         ENDPROC       SPI_RECEIVEBYTE
  -------         PROC          _SPI_READTIME
  D:0007H         SYMBOL        addr
  -------         DO            
  D:0006H         SYMBOL        dat
  -------         ENDDO         
  C:4CC1H         LINE#         61
  C:4CC1H         LINE#         62
  C:4CC1H         LINE#         64
  C:4CC3H         LINE#         65
  C:4CC5H         LINE#         66
  C:4CCCH         LINE#         67
  C:4CCFH         LINE#         68
  C:4CD1H         LINE#         69
  C:4CD1H         LINE#         70
  -------         ENDPROC       _SPI_READTIME
  -------         PROC          _SPI_WRITETIME
  D:0002H         SYMBOL        val
  D:0005H         SYMBOL        addr
  C:4C2AH         LINE#         71
BL51 BANKED LINKER/LOCATER V6.22                                                      02/25/2019  12:42:34  PAGE 16


  C:4C2CH         LINE#         72
  C:4C2CH         LINE#         74
  C:4C2EH         LINE#         75
  C:4C35H         LINE#         76
  C:4C3AH         LINE#         77
  C:4C3FH         LINE#         78
  C:4C41H         LINE#         79
  -------         ENDPROC       _SPI_WRITETIME
  -------         PROC          SPI_INIT
  C:4D21H         LINE#         83
  C:4D21H         LINE#         84
  C:4D21H         LINE#         89
  C:4D24H         LINE#         90
  C:4D27H         LINE#         91
  C:4D29H         LINE#         92
  C:4D2BH         LINE#         93
  C:4D2DH         LINE#         94
  -------         ENDPROC       SPI_INIT
  -------         PROC          _READ_TIME
  X:03BBH         SYMBOL        months
  X:03BEH         SYMBOL        days
  X:03C1H         SYMBOL        hours
  X:03C4H         SYMBOL        mins
  X:03C7H         SYMBOL        seconds
  C:472AH         LINE#         96
  C:4735H         LINE#         97
  C:4735H         LINE#         99
  C:4749H         LINE#         101
  C:475DH         LINE#         103
  C:4771H         LINE#         108
  C:4785H         LINE#         113
  -------         ENDPROC       _READ_TIME
  -------         PROC          _BCDTODEC
  D:0007H         SYMBOL        bcd
  -------         DO            
  D:0006H         SYMBOL        hi
  D:0007H         SYMBOL        lo
  -------         ENDDO         
  C:4CD2H         LINE#         119
  C:4CD2H         LINE#         120
  C:4CD2H         LINE#         122
  C:4CD7H         LINE#         123
  C:4CDBH         LINE#         124
  C:4CE2H         LINE#         125
  -------         ENDPROC       _BCDTODEC
  -------         PROC          _DAY_OF_YEAR
  D:0007H         SYMBOL        months_bcd
  D:0005H         SYMBOL        days_bcd
  -------         DO            
  D:0004H         SYMBOL        months
  D:0007H         SYMBOL        days
  -------         ENDDO         
  C:4631H         LINE#         126
  C:4631H         LINE#         127
  C:4631H         LINE#         130
  C:4636H         LINE#         132
  C:463BH         LINE#         134
BL51 BANKED LINKER/LOCATER V6.22                                                      02/25/2019  12:42:34  PAGE 17


  C:4674H         LINE#         135
  C:4674H         LINE#         136
  C:4674H         LINE#         137
  C:4677H         LINE#         138
  C:4677H         LINE#         139
  C:4677H         LINE#         140
  C:467CH         LINE#         141
  C:467CH         LINE#         142
  C:467CH         LINE#         143
  C:4681H         LINE#         144
  C:4681H         LINE#         145
  C:4681H         LINE#         146
  C:4686H         LINE#         147
  C:4686H         LINE#         148
  C:4686H         LINE#         149
  C:468BH         LINE#         150
  C:468BH         LINE#         151
  C:468BH         LINE#         152
  C:4690H         LINE#         153
  C:4690H         LINE#         154
  C:4690H         LINE#         155
  C:4695H         LINE#         156
  C:4695H         LINE#         157
  C:4695H         LINE#         158
  C:469AH         LINE#         159
  C:469AH         LINE#         160
  C:469AH         LINE#         161
  C:46A2H         LINE#         162
  C:46A2H         LINE#         163
  C:46A2H         LINE#         164
  C:46A7H         LINE#         165
  C:46A7H         LINE#         166
  C:46A7H         LINE#         167
  C:46ACH         LINE#         168
  C:46ACH         LINE#         169
  C:46ACH         LINE#         170
  C:46B4H         LINE#         171
  C:46B4H         LINE#         172
  C:46B4H         LINE#         173
  -------         ENDPROC       _DAY_OF_YEAR
  -------         ENDMOD        PCF85063BTL

  -------         MODULE        UART1
  C:0000H         SYMBOL        _ICE_DUMMY_
  D:0080H         PUBLIC        P0
  D:0090H         PUBLIC        P1
  D:00A0H         PUBLIC        P2
  D:00B0H         PUBLIC        P3
  D:00C0H         PUBLIC        P4
  D:00C8H         PUBLIC        P5
  B:00A8H.7       PUBLIC        EA
  D:00E8H         PUBLIC        P6
  D:00F8H         PUBLIC        P7
  C:4A4DH         PUBLIC        _SendString
  D:00A8H         PUBLIC        IE
  B:00A8H.4       PUBLIC        ES
  D:00B8H         PUBLIC        IP
BL51 BANKED LINKER/LOCATER V6.22                                                      02/25/2019  12:42:34  PAGE 18


  C:4C42H         PUBLIC        _ASCIItoBCD
  D:00D8H         PUBLIC        CCON
  C:4CE3H         PUBLIC        initUART1
  D:0098H         PUBLIC        SCON
  D:0088H         PUBLIC        TCON
  C:000AH         PUBLIC        _DectoBCD
  C:4D65H         PUBLIC        _ASCII_Letter
  D:008EH         PUBLIC        AUXR
  C:4D60H         PUBLIC        _unit
  C:0003H         PUBLIC        _ten
  D:00D6H         PUBLIC        T2H
  D:00D7H         PUBLIC        T2L
  D:00D0H         PUBLIC        PSW
  -------         PROC          INITUART1
  C:4CE3H         LINE#         21
  C:4CE3H         LINE#         22
  C:4CE3H         LINE#         23
  C:4CE6H         LINE#         24
  C:4CE9H         LINE#         25
  C:4CECH         LINE#         26
  C:4CEFH         LINE#         27
  C:4CF1H         LINE#         28
  C:4CF3H         LINE#         30
  -------         ENDPROC       INITUART1
  -------         PROC          _SENDSTRING
  X:0642H         SYMBOL        s
  C:4A4DH         LINE#         35
  C:4A58H         LINE#         36
  C:4A58H         LINE#         37
  C:4A68H         LINE#         38
  C:4A68H         LINE#         39
  C:4A7DH         LINE#         40
  C:4A7FH         LINE#         41
  -------         ENDPROC       _SENDSTRING
  -------         PROC          _TEN
  D:0007H         SYMBOL        BCD
  C:0003H         LINE#         43
  C:0003H         LINE#         44
  C:0003H         LINE#         45
  C:0008H         LINE#         46
  -------         ENDPROC       _TEN
  -------         PROC          _UNIT
  D:0007H         SYMBOL        BCD
  C:4D60H         LINE#         47
  C:4D60H         LINE#         48
  C:4D60H         LINE#         52
  C:4D64H         LINE#         53
  -------         ENDPROC       _UNIT
  -------         PROC          _DECTOBCD
  D:0007H         SYMBOL        dec
  C:000AH         LINE#         54
  C:000AH         LINE#         55
  C:000AH         LINE#         57
  C:000AH         LINE#         58
  -------         ENDPROC       _DECTOBCD
  -------         PROC          _ASCII_LETTER
  D:0007H         SYMBOL        dat
BL51 BANKED LINKER/LOCATER V6.22                                                      02/25/2019  12:42:34  PAGE 19


  C:4D65H         LINE#         60
  C:4D65H         LINE#         61
  C:4D65H         LINE#         63
  C:4D69H         LINE#         64
  -------         ENDPROC       _ASCII_LETTER
  -------         PROC          _ASCIITOBCD
  D:0001H         SYMBOL        ascii
  -------         DO            
  D:0007H         SYMBOL        dec_val
  D:0006H         SYMBOL        ten
  D:0007H         SYMBOL        unit
  -------         ENDDO         
  C:4C42H         LINE#         66
  C:4C42H         LINE#         67
  C:4C42H         LINE#         69
  C:4C45H         LINE#         70
  C:4C4BH         LINE#         71
  C:4C52H         LINE#         72
  C:4C58H         LINE#         74
  -------         ENDPROC       _ASCIITOBCD
  -------         ENDMOD        UART1

  -------         MODULE        LCD_DRIVER_SPLC780D
  C:0000H         SYMBOL        _ICE_DUMMY_
  D:0092H         PUBLIC        P1M0
  D:0091H         PUBLIC        P1M1
  D:0080H         PUBLIC        P0
  D:0090H         PUBLIC        P1
  D:00A0H         PUBLIC        P2
  D:00B0H         PUBLIC        P3
  D:00C0H         PUBLIC        P4
  D:00C8H         PUBLIC        P5
  D:00E8H         PUBLIC        P6
  D:00F8H         PUBLIC        P7
  C:46B5H         PUBLIC        _WriteData
  D:00A8H         PUBLIC        IE
  D:00B8H         PUBLIC        IP
  D:00D8H         PUBLIC        CCON
  B:00B0H.4       PUBLIC        LCD_D4
  B:00B0H.5       PUBLIC        LCD_D5
  B:00B0H.6       PUBLIC        LCD_D6
  C:4BF2H         PUBLIC        _DisplayLCD
  B:00B0H.7       PUBLIC        LCD_D7
  D:0098H         PUBLIC        SCON
  D:0088H         PUBLIC        TCON
  C:4D50H         PUBLIC        LCD_clear
  C:4992H         PUBLIC        _Command
  C:4C6FH         PUBLIC        _Display_Line
  C:4861H         PUBLIC        LCD_Init
  C:4B57H         PUBLIC        _Wait_ms
  B:00C0H.0       PUBLIC        LCD_RS
  B:00B0H.2       PUBLIC        LCD_RW
  C:4D46H         PUBLIC        LCD_return_home
  B:00B0H.3       PUBLIC        LCD_E
  D:00D0H         PUBLIC        PSW
  -------         PROC          LCD_INIT
  C:4861H         LINE#         9
BL51 BANKED LINKER/LOCATER V6.22                                                      02/25/2019  12:42:34  PAGE 20


  C:4861H         LINE#         10
  C:4861H         LINE#         11
  C:4864H         LINE#         12
  C:4867H         LINE#         14
  C:486DH         LINE#         15
  C:4872H         LINE#         17
  C:4879H         LINE#         18
  C:487EH         LINE#         20
  C:4881H         LINE#         21
  C:4886H         LINE#         23
  C:4889H         LINE#         24
  C:488EH         LINE#         26
  C:4895H         LINE#         29
  C:489AH         LINE#         30
  C:489FH         LINE#         32
  C:48A4H         LINE#         33
  C:48A9H         LINE#         35
  C:48AEH         LINE#         36
  C:48B3H         LINE#         37
  -------         ENDPROC       LCD_INIT
  -------         PROC          _WRITEDATA
  X:046AH         SYMBOL        dat
  C:46B5H         LINE#         40
  C:46BAH         LINE#         41
  C:46BAH         LINE#         46
  C:46BCH         LINE#         47
  C:46BEH         LINE#         49
  C:46CCH         LINE#         50
  C:46D8H         LINE#         51
  C:46E4H         LINE#         52
  C:46EEH         LINE#         53
  C:46F0H         LINE#         54
  C:46F7H         LINE#         55
  C:46F9H         LINE#         57
  C:4709H         LINE#         58
  C:4714H         LINE#         59
  C:471EH         LINE#         60
  C:4722H         LINE#         62
  C:4722H         LINE#         63
  C:4725H         LINE#         64
  C:4727H         LINE#         65
  C:4729H         LINE#         67
  -------         ENDPROC       _WRITEDATA
  -------         PROC          _COMMAND
  D:0007H         SYMBOL        dat
  C:4992H         LINE#         69
  C:4992H         LINE#         70
  C:4992H         LINE#         71
  C:4994H         LINE#         72
  C:4996H         LINE#         74
  C:49A0H         LINE#         75
  C:49A4H         LINE#         77
  C:49A6H         LINE#         78
  C:49AFH         LINE#         79
  C:49B3H         LINE#         81
  C:49B5H         LINE#         82
  C:49BCH         LINE#         83
BL51 BANKED LINKER/LOCATER V6.22                                                      02/25/2019  12:42:34  PAGE 21


  C:49C0H         LINE#         85
  C:49C2H         LINE#         86
  C:49C6H         LINE#         87
  C:49CAH         LINE#         89
  C:49CCH         LINE#         90
  C:49CCH         LINE#         91
  C:49CFH         LINE#         92
  C:49D1H         LINE#         93
  -------         ENDPROC       _COMMAND
  C:4B53H         SYMBOL        L?0028
  -------         PROC          L?0027
  -------         ENDPROC       L?0027
  C:4B53H         SYMBOL        L?0028
  -------         PROC          _WAIT_MS
  D:0006H         SYMBOL        ms
  -------         DO            
  D:0004H         SYMBOL        De_Cnt
  -------         ENDDO         
  C:4B57H         LINE#         95
  C:4B57H         LINE#         96
  C:4B57H         LINE#         98
  C:4B61H         LINE#         99
  C:4B61H         LINE#         100
  C:4B74H         LINE#         101
  C:4B74H         LINE#         102
  -------         ENDPROC       _WAIT_MS
  -------         PROC          _DISPLAYLCD
  D:0007H         SYMBOL        BCD
  -------         DO            
  D:0006H         SYMBOL        first_digit
  X:03BBH         SYMBOL        second_digit
  -------         ENDDO         
  C:4BF2H         LINE#         103
  C:4BF2H         LINE#         104
  C:4BF2H         LINE#         106
  C:4BF9H         LINE#         107
  C:4C02H         LINE#         109
  C:4C07H         LINE#         111
  -------         ENDPROC       _DISPLAYLCD
  -------         PROC          LCD_RETURN_HOME
  C:4D46H         LINE#         115
  C:4D46H         LINE#         116
  C:4D46H         LINE#         117
  C:4D4BH         LINE#         118
  -------         ENDPROC       LCD_RETURN_HOME
  -------         PROC          LCD_CLEAR
  C:4D50H         LINE#         121
  C:4D50H         LINE#         122
  C:4D50H         LINE#         123
  C:4D55H         LINE#         124
  -------         ENDPROC       LCD_CLEAR
  -------         PROC          _DISPLAY_LINE
  D:0006H         SYMBOL        line
  C:4C6FH         LINE#         128
  C:4C6FH         LINE#         129
  C:4C6FH         LINE#         130
  C:4C75H         LINE#         131
BL51 BANKED LINKER/LOCATER V6.22                                                      02/25/2019  12:42:34  PAGE 22


  C:4C75H         LINE#         132
  C:4C77H         LINE#         133
  C:4C77H         LINE#         134
  C:4C79H         LINE#         136
  C:4C79H         LINE#         137
  C:4C7EH         LINE#         138
  C:4C83H         LINE#         139
  C:4C83H         LINE#         140
  -------         ENDPROC       _DISPLAY_LINE
  -------         ENDMOD        LCD_DRIVER_SPLC780D

  -------         MODULE        KEYPAD
  C:0000H         SYMBOL        _ICE_DUMMY_
  D:0093H         PUBLIC        P0M1
  D:0080H         PUBLIC        P0
  D:0090H         PUBLIC        P1
  D:00A0H         PUBLIC        P2
  D:00B0H         PUBLIC        P3
  D:00C0H         PUBLIC        P4
  D:00C8H         PUBLIC        P5
  B:0020H.0       PUBLIC        calib_mode
  D:00E8H         PUBLIC        P6
  D:00F8H         PUBLIC        P7
  D:00A8H         PUBLIC        IE
  C:367FH         PUBLIC        Key_Scan
  D:00B8H         PUBLIC        IP
  D:00D8H         PUBLIC        CCON
  C:4D2EH         PUBLIC        KeyPad_IO_Init
  C:4BD4H         PUBLIC        _Delay_ms
  D:0098H         PUBLIC        SCON
  D:0088H         PUBLIC        TCON
  B:0020H.1       PUBLIC        small_move
  B:0020H.2       PUBLIC        move
  B:0020H.3       PUBLIC        direction
  B:0020H.4       PUBLIC        auto_move
  C:3078H         PUBLIC        Key_Process
  D:00D0H         PUBLIC        PSW
  D:0094H         PUBLIC        P0M0
  -------         PROC          _DELAY_MS
  D:0006H         SYMBOL        ms
  -------         DO            
  D:0004H         SYMBOL        De_Cnt
  -------         ENDDO         
  C:4BD4H         LINE#         19
  C:4BD4H         LINE#         20
  C:4BD4H         LINE#         22
  C:4BDEH         LINE#         23
  C:4BDEH         LINE#         24
  C:4BF1H         LINE#         25
  C:4BF1H         LINE#         26
  -------         ENDPROC       _DELAY_MS
  -------         PROC          KEY_SCAN
  -------         DO            
  X:03C1H         SYMBOL        KeyTemp1
  X:03C2H         SYMBOL        KeyTemp2
  X:03C3H         SYMBOL        KeyValue
  -------         ENDDO         
BL51 BANKED LINKER/LOCATER V6.22                                                      02/25/2019  12:42:34  PAGE 23


  C:367FH         LINE#         27
  C:367FH         LINE#         28
  C:367FH         LINE#         33
  C:3682H         LINE#         36
  C:3685H         LINE#         38
  C:368DH         LINE#         39
  C:3694H         LINE#         40
  C:3694H         LINE#         42
  C:3699H         LINE#         43
  C:36A0H         LINE#         44
  C:36A0H         LINE#         47
  C:36A3H         LINE#         48
  C:36A6H         LINE#         49
  C:36ABH         LINE#         50
  C:36AFH         LINE#         51
  C:36AFH         LINE#         52
  C:36B7H         LINE#         53
  C:36B7H         LINE#         54
  C:36BAH         LINE#         55
  C:36C2H         LINE#         56
  C:36C4H         LINE#         58
  C:36D8H         LINE#         59
  C:36D8H         LINE#         60
  C:36D8H         LINE#         61
  C:36D8H         LINE#         62
  C:36DEH         LINE#         64
  C:36E0H         LINE#         65
  C:36E0H         LINE#         66
  C:36E0H         LINE#         67
  C:36E6H         LINE#         69
  C:36E8H         LINE#         70
  C:36E8H         LINE#         71
  C:36E8H         LINE#         72
  C:36EEH         LINE#         74
  C:36F0H         LINE#         75
  C:36F0H         LINE#         76
  C:36F0H         LINE#         77
  C:36F6H         LINE#         79
  C:36F6H         LINE#         80
  C:36F6H         LINE#         81
  C:36F6H         LINE#         84
  C:36F9H         LINE#         85
  C:36FCH         LINE#         86
  C:3704H         LINE#         87
  C:3708H         LINE#         88
  C:3708H         LINE#         89
  C:3710H         LINE#         90
  C:3710H         LINE#         91
  C:3713H         LINE#         92
  C:371BH         LINE#         93
  C:371DH         LINE#         94
  C:3731H         LINE#         95
  C:3731H         LINE#         96
  C:3731H         LINE#         97
  C:3731H         LINE#         98
  C:3737H         LINE#         100
  C:3739H         LINE#         101
BL51 BANKED LINKER/LOCATER V6.22                                                      02/25/2019  12:42:34  PAGE 24


  C:3739H         LINE#         102
  C:3739H         LINE#         103
  C:373FH         LINE#         105
  C:3741H         LINE#         106
  C:3741H         LINE#         107
  C:3741H         LINE#         108
  C:3747H         LINE#         110
  C:3749H         LINE#         111
  C:3749H         LINE#         112
  C:3749H         LINE#         113
  C:374EH         LINE#         115
  C:374EH         LINE#         116
  C:374EH         LINE#         117
  C:374EH         LINE#         120
  C:3751H         LINE#         121
  C:3754H         LINE#         122
  C:375CH         LINE#         123
  C:3760H         LINE#         124
  C:3760H         LINE#         125
  C:3768H         LINE#         126
  C:3768H         LINE#         127
  C:376BH         LINE#         128
  C:3773H         LINE#         129
  C:3775H         LINE#         130
  C:3789H         LINE#         131
  C:3789H         LINE#         132
  C:3789H         LINE#         133
  C:3789H         LINE#         134
  C:378FH         LINE#         136
  C:3791H         LINE#         137
  C:3791H         LINE#         138
  C:3791H         LINE#         139
  C:3797H         LINE#         141
  C:3799H         LINE#         142
  C:3799H         LINE#         143
  C:3799H         LINE#         144
  C:379FH         LINE#         146
  C:37A1H         LINE#         147
  C:37A1H         LINE#         148
  C:37A1H         LINE#         149
  C:37A7H         LINE#         151
  C:37A7H         LINE#         152
  C:37A7H         LINE#         153
  C:37A7H         LINE#         157
  C:37AAH         LINE#         158
  C:37ADH         LINE#         159
  C:37B5H         LINE#         160
  C:37B9H         LINE#         161
  C:37B9H         LINE#         162
  C:37C1H         LINE#         163
  C:37C1H         LINE#         164
  C:37C4H         LINE#         165
  C:37CCH         LINE#         166
  C:37CEH         LINE#         167
  C:37E2H         LINE#         168
  C:37E2H         LINE#         169
  C:37E2H         LINE#         170
BL51 BANKED LINKER/LOCATER V6.22                                                      02/25/2019  12:42:34  PAGE 25


  C:37E2H         LINE#         171
  C:37E8H         LINE#         173
  C:37EAH         LINE#         174
  C:37EAH         LINE#         175
  C:37EAH         LINE#         176
  C:37F0H         LINE#         178
  C:37F2H         LINE#         179
  C:37F2H         LINE#         180
  C:37F2H         LINE#         181
  C:37F8H         LINE#         183
  C:37FAH         LINE#         184
  C:37FAH         LINE#         185
  C:37FAH         LINE#         186
  C:3800H         LINE#         188
  C:3800H         LINE#         189
  C:3800H         LINE#         190
  C:3800H         LINE#         192
  C:3806H         LINE#         193
  C:3806H         LINE#         195
  C:3806H         LINE#         196
  C:3809H         LINE#         197
  C:3809H         LINE#         198
  C:3809H         LINE#         200
  C:3809H         LINE#         201
  C:380BH         LINE#         202
  C:380BH         LINE#         203
  -------         ENDPROC       KEY_SCAN
  -------         PROC          KEY_PROCESS
  -------         DO            
  X:0628H         SYMBOL        KeyCount
  X:062AH         SYMBOL        KeyNum_Old
  X:062BH         SYMBOL        KeyNum
  X:062CH         SYMBOL        PressedKey
  X:03BBH         SYMBOL        d
  D:0004H         SYMBOL        hours
  D:0006H         SYMBOL        mins
  X:03BDH         SYMBOL        months
  X:03BFH         SYMBOL        days
  -------         ENDDO         
  C:3078H         LINE#         204
  C:3078H         LINE#         205
  C:3078H         LINE#         209
  C:3080H         LINE#         210
  C:3088H         LINE#         212
  C:308BH         LINE#         213
  C:308BH         LINE#         214
  C:308EH         LINE#         216
  C:308EH         LINE#         217
  C:309BH         LINE#         218
  C:309BH         LINE#         219
  C:309EH         LINE#         220
  C:30A1H         LINE#         222
  C:30A4H         LINE#         224
  C:30A4H         LINE#         225
  C:30AFH         LINE#         226
  C:30AFH         LINE#         227
  C:30B2H         LINE#         229
BL51 BANKED LINKER/LOCATER V6.22                                                      02/25/2019  12:42:34  PAGE 26


  C:30B2H         LINE#         230
  C:30B9H         LINE#         231
  C:30B9H         LINE#         232
  C:30BCH         LINE#         234
  C:30BCH         LINE#         235
  C:30C4H         LINE#         236
  C:30C4H         LINE#         237
  C:30CEH         LINE#         238
  C:30D6H         LINE#         240
  C:30DFH         LINE#         242
  C:30DFH         LINE#         251
  C:30F4H         LINE#         252
  C:30F4H         LINE#         253
  C:3106H         LINE#         254
  C:3114H         LINE#         255
  C:3123H         LINE#         256
  C:3123H         LINE#         258
  C:3129H         LINE#         262
  C:313FH         LINE#         263
  C:3150H         LINE#         264
  C:316BH         LINE#         265
  C:316BH         LINE#         266
  C:317BH         LINE#         267
  C:318CH         LINE#         268
  C:318CH         LINE#         272
  C:31A5H         LINE#         273
  C:31BCH         LINE#         274
  C:31DCH         LINE#         275
  C:31DCH         LINE#         276
  C:31E6H         LINE#         277
  C:31E6H         LINE#         278
  C:31EFH         LINE#         279
  C:31EFH         LINE#         280
  C:3203H         LINE#         281
  C:3203H         LINE#         282
  C:3203H         LINE#         283
  C:3203H         LINE#         284
  C:3203H         LINE#         285
  C:3205H         LINE#         287
  C:3205H         LINE#         288
  C:3211H         LINE#         289
  C:3211H         LINE#         290
  C:3222H         LINE#         291
  C:3222H         LINE#         292
  C:3222H         LINE#         293
  C:3222H         LINE#         294
  C:3222H         LINE#         296
  C:3224H         LINE#         298
  C:3224H         LINE#         299
  C:3235H         LINE#         300
  C:3235H         LINE#         301
  C:3235H         LINE#         302
  C:3235H         LINE#         303
  C:3235H         LINE#         305
  C:3235H         LINE#         307
  C:3235H         LINE#         308
  C:3237H         LINE#         310
BL51 BANKED LINKER/LOCATER V6.22                                                      02/25/2019  12:42:34  PAGE 27


  C:3237H         LINE#         311
  C:324AH         LINE#         312
  C:324AH         LINE#         313
  C:325BH         LINE#         314
  C:325BH         LINE#         315
  C:325BH         LINE#         316
  C:325BH         LINE#         317
  C:325BH         LINE#         318
  C:325DH         LINE#         320
  C:325DH         LINE#         321
  C:326EH         LINE#         322
  C:326EH         LINE#         323
  C:327FH         LINE#         324
  C:3290H         LINE#         325
  C:3290H         LINE#         326
  C:3290H         LINE#         327
  C:3290H         LINE#         328
  C:3290H         LINE#         329
  C:3293H         LINE#         330
  C:3298H         LINE#         331
  C:329DH         LINE#         332
  C:32A2H         LINE#         333
  C:32A7H         LINE#         334
  C:32ACH         LINE#         335
  C:32B1H         LINE#         336
  C:32B6H         LINE#         337
  C:32B6H         LINE#         339
  C:32D8H         LINE#         340
  C:32D8H         LINE#         341
  C:32E2H         LINE#         342
  C:32E2H         LINE#         343
  C:32E7H         LINE#         344
  C:32F0H         LINE#         345
  C:3307H         LINE#         346
  C:3307H         LINE#         347
  C:3317H         LINE#         349
  C:3317H         LINE#         353
  -------         ENDPROC       KEY_PROCESS
  -------         PROC          KEYPAD_IO_INIT
  C:4D2EH         LINE#         356
  C:4D2EH         LINE#         357
  C:4D2EH         LINE#         358
  C:4D31H         LINE#         359
  C:4D34H         LINE#         360
  C:4D37H         LINE#         361
  C:4D39H         LINE#         362
  -------         ENDPROC       KEYPAD_IO_INIT
  -------         ENDMOD        KEYPAD

  -------         MODULE        BIPOLARMOTOR
  C:0000H         SYMBOL        _ICE_DUMMY_
  D:0080H         PUBLIC        P0
  D:0090H         PUBLIC        P1
  X:0000H         PUBLIC        RX_pos_test
  D:00A0H         PUBLIC        P2
  D:00B0H         PUBLIC        P3
  D:00C0H         PUBLIC        P4
BL51 BANKED LINKER/LOCATER V6.22                                                      02/25/2019  12:42:34  PAGE 28


  D:00C8H         PUBLIC        P5
  D:00E8H         PUBLIC        P6
  D:00F8H         PUBLIC        P7
  X:00A0H         PUBLIC        low_date_azimuth_mapping
  D:00A8H         PUBLIC        IE
  C:4082H         PUBLIC        linear_interpolate
  C:4B02H         PUBLIC        _Move
  D:00B8H         PUBLIC        IP
  C:334BH         PUBLIC        _findDet3x3
  C:2DB8H         PUBLIC        _findDet4x4
  D:00D8H         PUBLIC        CCON
  X:00C8H         PUBLIC        previous_move_time
  D:0098H         PUBLIC        SCON
  D:0088H         PUBLIC        TCON
  C:4D6AH         PUBLIC        wait
  C:49D2H         PUBLIC        _Step_move
  X:00C9H         PUBLIC        dat
  C:000EH         PUBLIC        _Update_position
  C:48BAH         PUBLIC        vOneStepMove
  X:00CFH         PUBLIC        elevation_stamp
  X:010BH         PUBLIC        date_azimuth_mapping
  X:0133H         PUBLIC        RX_pos
  C:4C19H         PUBLIC        _BCDtoDec1
  X:038BH         PUBLIC        degree
  D:00D0H         PUBLIC        PSW
  -------         PROC          L?0062
  -------         ENDPROC       L?0062
  -------         PROC          _BCDTODEC1
  D:0007H         SYMBOL        bcd
  -------         DO            
  D:0006H         SYMBOL        hi
  D:0007H         SYMBOL        lo
  -------         ENDDO         
  C:4C19H         LINE#         28
  C:4C19H         LINE#         29
  C:4C19H         LINE#         31
  C:4C1EH         LINE#         32
  C:4C22H         LINE#         33
  C:4C29H         LINE#         34
  -------         ENDPROC       _BCDTODEC1
  -------         PROC          WAIT
  C:4D6AH         LINE#         36
  C:4D6AH         LINE#         38
  -------         ENDPROC       WAIT
  -------         PROC          VONESTEPMOVE
  B:0020H.7       SYMBOL        bDir
  C:48BAH         LINE#         40
  C:48BAH         LINE#         41
  C:48BAH         LINE#         43
  C:48C0H         LINE#         44
  C:48C0H         LINE#         45
  C:48C3H         LINE#         46
  C:48CCH         LINE#         47
  C:48D3H         LINE#         48
  C:48D8H         LINE#         49
  C:48D8H         LINE#         50
  C:48D8H         LINE#         52
BL51 BANKED LINKER/LOCATER V6.22                                                      02/25/2019  12:42:34  PAGE 29


  C:48DAH         LINE#         55
  C:48DAH         LINE#         56
  C:48DDH         LINE#         57
  C:48E6H         LINE#         58
  C:48EDH         LINE#         59
  C:48F3H         LINE#         60
  C:48FCH         LINE#         61
  C:4903H         LINE#         62
  C:4903H         LINE#         66
  -------         ENDPROC       VONESTEPMOVE
  -------         PROC          _STEP_MOVE
  X:0479H         SYMBOL        step
  B:0020H.6       SYMBOL        dir
  -------         DO            
  X:047BH         SYMBOL        i
  -------         ENDDO         
  C:49D2H         LINE#         68
  C:49DAH         LINE#         69
  C:49DAH         LINE#         71
  C:49DFH         LINE#         74
  C:49FAH         LINE#         75
  C:49FAH         LINE#         76
  C:4A01H         LINE#         78
  C:4A11H         LINE#         80
  -------         ENDPROC       _STEP_MOVE
  -------         PROC          _MOVE
  X:0475H         SYMBOL        distance
  B:0020H.5       SYMBOL        direction
  -------         DO            
  D:0006H         SYMBOL        step
  -------         ENDDO         
  C:4B02H         LINE#         82
  C:4B08H         LINE#         83
  C:4B08H         LINE#         86
  C:4B23H         LINE#         87
  -------         ENDPROC       _MOVE
  C:332CH         SYMBOL        L?0058
  C:3340H         SYMBOL        L?0059
  -------         PROC          L?0057
  -------         ENDPROC       L?0057
  C:332CH         SYMBOL        L?0058
  C:3340H         SYMBOL        L?0059
  -------         PROC          _FINDDET3X3
  X:05F6H         SYMBOL        a11
  X:05FAH         SYMBOL        a12
  X:05FEH         SYMBOL        a13
  X:0602H         SYMBOL        a21
  X:0606H         SYMBOL        a22
  X:060AH         SYMBOL        a23
  X:060EH         SYMBOL        a31
  X:0612H         SYMBOL        a32
  X:0616H         SYMBOL        a33
  C:334BH         LINE#         91
  C:3351H         LINE#         95
  C:3351H         LINE#         96
  C:34E8H         LINE#         98
  -------         ENDPROC       _FINDDET3X3
BL51 BANKED LINKER/LOCATER V6.22                                                      02/25/2019  12:42:34  PAGE 30


  -------         PROC          _FINDDET4X4
  X:05B6H         SYMBOL        a11
  X:05BAH         SYMBOL        a12
  X:05BEH         SYMBOL        a13
  X:05C2H         SYMBOL        a14
  X:05C6H         SYMBOL        a21
  X:05CAH         SYMBOL        a22
  X:05CEH         SYMBOL        a23
  X:05D2H         SYMBOL        a24
  X:05D6H         SYMBOL        a31
  X:05DAH         SYMBOL        a32
  X:05DEH         SYMBOL        a33
  X:05E2H         SYMBOL        a34
  X:05E6H         SYMBOL        a41
  X:05EAH         SYMBOL        a42
  X:05EEH         SYMBOL        a43
  X:05F2H         SYMBOL        a44
  C:2DB8H         LINE#         99
  C:2DBEH         LINE#         103
  C:2DBEH         LINE#         110
  C:3077H         LINE#         114
  -------         ENDPROC       _FINDDET4X4
  C:4071H         SYMBOL        L?0061
  -------         PROC          L?0060
  -------         ENDPROC       L?0060
  C:4071H         SYMBOL        L?0061
  -------         PROC          LINEAR_INTERPOLATE
  X:0475H         SYMBOL        p1
  X:047DH         SYMBOL        p2
  X:0485H         SYMBOL        x
  -------         DO            
  D:0004H         SYMBOL        fx
  -------         ENDDO         
  C:4082H         LINE#         120
  C:4082H         LINE#         121
  C:4082H         LINE#         124
  C:4121H         LINE#         126
  C:4121H         LINE#         127
  -------         ENDPROC       LINEAR_INTERPOLATE
  -------         PROC          _UPDATE_POSITION
  D:0001H         SYMBOL        mnths
  D:0002H         SYMBOL        dys
  X:03D8H         SYMBOL        hurs
  X:03D9H         SYMBOL        mns
  X:03DAH         SYMBOL        sconds
  X:03DBH         SYMBOL        currnt_pos
  X:03DEH         SYMBOL        offset_calib
  -------         DO            
  X:03E2H         SYMBOL        date
  X:03E4H         SYMBOL        i
  X:03E6H         SYMBOL        yy
  X:03E8H         SYMBOL        desired_distance
  X:03ECH         SYMBOL        distance
  X:03F0H         SYMBOL        JP_pos
  X:03F4H         SYMBOL        pos_interpolate_azimuth
  X:0430H         SYMBOL        current_local_sun_time
  X:0434H         SYMBOL        azimuth
BL51 BANKED LINKER/LOCATER V6.22                                                      02/25/2019  12:42:34  PAGE 31


  X:0438H         SYMBOL        elevation
  X:043CH         SYMBOL        time_offset
  X:0440H         SYMBOL        UTC_time
  X:0444H         SYMBOL        declination
  X:0448H         SYMBOL        p1
  X:0450H         SYMBOL        p2
  X:0458H         SYMBOL        time
  X:046AH         SYMBOL        location
  X:0472H         SYMBOL        sunCoord
  -------         ENDDO         
  C:000EH         LINE#         131
  C:0017H         LINE#         134
  C:0017H         LINE#         135
  C:0022H         LINE#         137
  C:003EH         LINE#         138
  C:0048H         LINE#         146
  C:0052H         LINE#         147
  C:005CH         LINE#         148
  C:0066H         LINE#         149
  C:0071H         LINE#         150
  C:007CH         LINE#         151
  C:0095H         LINE#         152
  C:00A6H         LINE#         153
  C:00B5H         LINE#         156
  C:00C9H         LINE#         160
  C:011BH         LINE#         161
  C:027FH         LINE#         162
  C:02CFH         LINE#         164
  C:03F7H         LINE#         166
  C:04C6H         LINE#         173
  C:050DH         LINE#         174
  C:050DH         LINE#         176
  C:0527H         LINE#         177
  C:0527H         LINE#         178
  C:0597H         LINE#         179
  C:0597H         LINE#         180
  C:059EH         LINE#         181
  C:059EH         LINE#         182
  C:05CBH         LINE#         183
  C:05E6H         LINE#         185
  C:062DH         LINE#         186
  C:0661H         LINE#         188
  C:06A7H         LINE#         189
  C:06CAH         LINE#         191
  C:06CAH         LINE#         193
  C:0740H         LINE#         194
  C:0740H         LINE#         195
  C:0747H         LINE#         196
  C:0747H         LINE#         197
  C:0774H         LINE#         198
  C:078FH         LINE#         200
  C:07D6H         LINE#         201
  C:080AH         LINE#         203
  C:0850H         LINE#         204
  C:0870H         LINE#         206
  C:0870H         LINE#         207
  C:0881H         LINE#         210
BL51 BANKED LINKER/LOCATER V6.22                                                      02/25/2019  12:42:34  PAGE 32


  C:089BH         LINE#         211
  C:089BH         LINE#         212
  C:090BH         LINE#         213
  C:090BH         LINE#         214
  C:0938H         LINE#         215
  C:0953H         LINE#         217
  C:0980H         LINE#         218
  C:099BH         LINE#         220
  C:09CDH         LINE#         223
  C:09CDH         LINE#         225
  C:09DEH         LINE#         227
  C:0A0DH         LINE#         229
  C:0A32H         LINE#         230
  C:0A97H         LINE#         231
  C:0A97H         LINE#         232
  C:0AB1H         LINE#         233
  C:0AC3H         LINE#         234
  C:0ADBH         LINE#         235
  C:0AF1H         LINE#         237
  C:0B0DH         LINE#         238
  C:0B0DH         LINE#         239
  C:0B0DH         LINE#         242
  -------         ENDPROC       _UPDATE_POSITION
  -------         ENDMOD        BIPOLARMOTOR

  -------         MODULE        SUNPOS
  C:0000H         SYMBOL        _ICE_DUMMY_
  C:1F14H         PUBLIC        sunpos
  -------         PROC          SUNPOS
  X:0475H         SYMBOL        udtTime
  X:0487H         SYMBOL        udtLocation
  X:048FH         SYMBOL        udtSunCoordinates
  -------         DO            
  X:0492H         SYMBOL        dElapsedJulianDays
  X:0496H         SYMBOL        dDecimalHours
  X:049AH         SYMBOL        dEclipticLongitude
  X:049EH         SYMBOL        dEclipticObliquity
  X:04A2H         SYMBOL        dRightAscension
  X:04A6H         SYMBOL        dDeclination
  X:04AAH         SYMBOL        dY
  X:04AEH         SYMBOL        dX
  -------         DO            
  X:04B2H         SYMBOL        dJulianDate
  X:04B6H         SYMBOL        liAux1
  X:04BAH         SYMBOL        liAux2
  X:04B2H         SYMBOL        dMeanLongitude
  X:04B6H         SYMBOL        dMeanAnomaly
  X:04BAH         SYMBOL        dOmega
  X:04B2H         SYMBOL        dSin_EclipticLongitude
  X:04B2H         SYMBOL        dGreenwichMeanSiderealTime
  X:04B6H         SYMBOL        dLocalMeanSiderealTime
  X:04BAH         SYMBOL        dLatitudeInRadians
  X:04BEH         SYMBOL        dHourAngle
  X:04C2H         SYMBOL        dCos_Latitude
  X:04C6H         SYMBOL        dSin_Latitude
  X:04CAH         SYMBOL        dCos_HourAngle
  X:04CEH         SYMBOL        dParallax
BL51 BANKED LINKER/LOCATER V6.22                                                      02/25/2019  12:42:34  PAGE 33


  -------         ENDDO         
  -------         DO            
  X:04B2H         SYMBOL        dMeanLongitude
  X:04B6H         SYMBOL        dMeanAnomaly
  X:04BAH         SYMBOL        dOmega
  X:04B2H         SYMBOL        dSin_EclipticLongitude
  X:04B2H         SYMBOL        dGreenwichMeanSiderealTime
  X:04B6H         SYMBOL        dLocalMeanSiderealTime
  X:04BAH         SYMBOL        dLatitudeInRadians
  X:04BEH         SYMBOL        dHourAngle
  X:04C2H         SYMBOL        dCos_Latitude
  X:04C6H         SYMBOL        dSin_Latitude
  X:04CAH         SYMBOL        dCos_HourAngle
  X:04CEH         SYMBOL        dParallax
  -------         ENDDO         
  -------         DO            
  X:04B2H         SYMBOL        dSin_EclipticLongitude
  X:04B2H         SYMBOL        dGreenwichMeanSiderealTime
  X:04B6H         SYMBOL        dLocalMeanSiderealTime
  X:04BAH         SYMBOL        dLatitudeInRadians
  X:04BEH         SYMBOL        dHourAngle
  X:04C2H         SYMBOL        dCos_Latitude
  X:04C6H         SYMBOL        dSin_Latitude
  X:04CAH         SYMBOL        dCos_HourAngle
  X:04CEH         SYMBOL        dParallax
  -------         ENDDO         
  -------         DO            
  X:04B2H         SYMBOL        dGreenwichMeanSiderealTime
  X:04B6H         SYMBOL        dLocalMeanSiderealTime
  X:04BAH         SYMBOL        dLatitudeInRadians
  X:04BEH         SYMBOL        dHourAngle
  X:04C2H         SYMBOL        dCos_Latitude
  X:04C6H         SYMBOL        dSin_Latitude
  X:04CAH         SYMBOL        dCos_HourAngle
  X:04CEH         SYMBOL        dParallax
  -------         ENDDO         
  -------         ENDDO         
  C:1F14H         LINE#         6
  C:1F14H         LINE#         7
  C:1F14H         LINE#         9
  C:1F14H         LINE#         27
  C:1F5EH         LINE#         30
  C:1F7FH         LINE#         31
  C:20C6H         LINE#         34
  C:2112H         LINE#         36
  C:2131H         LINE#         37
  C:2131H         LINE#         42
  C:2131H         LINE#         46
  C:2163H         LINE#         47
  C:218DH         LINE#         48
  C:21B7H         LINE#         49
  C:2264H         LINE#         52
  C:22C5H         LINE#         54
  C:22C5H         LINE#         59
  C:22C5H         LINE#         61
  C:22DCH         LINE#         62
  C:2304H         LINE#         63
BL51 BANKED LINKER/LOCATER V6.22                                                      02/25/2019  12:42:34  PAGE 34


  C:231BH         LINE#         64
  C:2346H         LINE#         65
  C:237DH         LINE#         66
  C:23A8H         LINE#         67
  C:23A8H         LINE#         70
  C:23A8H         LINE#         79
  C:23E3H         LINE#         82
  C:241DH         LINE#         84
  C:2442H         LINE#         85
  C:2461H         LINE#         86
  C:2478H         LINE#         87
  C:248FH         LINE#         88
  C:24A6H         LINE#         89
  C:252FH         LINE#         91
  C:2549H         LINE#         92
  C:25ABH         LINE#         93
  C:25E1H         LINE#         94
  C:25F3H         LINE#         95
  C:2620H         LINE#         96
  C:264DH         LINE#         98
  C:266FH         LINE#         100
  C:26A7H         LINE#         103
  C:26A7H         LINE#         104
  C:26B5H         LINE#         105
  -------         ENDPROC       SUNPOS
  -------         ENDMOD        SUNPOS

  -------         MODULE        ADC
  C:0000H         SYMBOL        _ICE_DUMMY_
  D:0092H         PUBLIC        P1M0
  D:0091H         PUBLIC        P1M1
  D:0080H         PUBLIC        P0
  D:0090H         PUBLIC        P1
  D:00A0H         PUBLIC        P2
  D:00B0H         PUBLIC        P3
  D:00C0H         PUBLIC        P4
  D:00C8H         PUBLIC        P5
  D:00E8H         PUBLIC        P6
  D:00F8H         PUBLIC        P7
  D:00A8H         PUBLIC        IE
  D:00BDH         PUBLIC        ADC_RES
  D:00B8H         PUBLIC        IP
  D:0097H         PUBLIC        CLK_DIV
  D:00D8H         PUBLIC        CCON
  D:00BCH         PUBLIC        ADC_CONTR
  D:0098H         PUBLIC        SCON
  D:0088H         PUBLIC        TCON
[...]
  C:3F40H         LINE#         132
  C:3F40H         LINE#         133
  C:3F42H         LINE#         134
  C:3F45H         LINE#         135
  C:3F4CH         LINE#         136
  C:3F4CH         LINE#         137
  C:3F4EH         LINE#         138
  C:3F50H         LINE#         140
  C:3F50H         LINE#         141
  C:3F52H         LINE#         143
  C:3F52H         LINE#         144
  C:3F52H         LINE#         145
  C:3F52H         LINE#         146
  C:3F55H         LINE#         147
  C:3F5CH         LINE#         149
  C:3F7BH         LINE#         151
BL51 BANKED LINKER/LOCATER V6.22                                                      02/25/2019  12:42:34  PAGE 45


  C:3F7DH         LINE#         152
  -------         ENDPROC       _AT25SF041_WRITE
  -------         PROC          _AT25SF041_READ
  D:0003H         SYMBOL        opcode
  X:0632H         SYMBOL        addr
  -------         DO            
  X:0636H         SYMBOL        dat
  X:0637H         SYMBOL        i
  -------         ENDDO         
  C:3D83H         LINE#         156
  C:3D85H         LINE#         157
  C:3D85H         LINE#         158
  C:3D8AH         LINE#         160
  C:3D8CH         LINE#         161
  C:3D92H         LINE#         165
  C:3D97H         LINE#         166
  C:3D97H         LINE#         167
  C:3D99H         LINE#         168
  C:3D9CH         LINE#         169
  C:3DA0H         LINE#         170
  C:3DA0H         LINE#         171
  C:3DA2H         LINE#         172
  C:3DA4H         LINE#         174
  C:3DA4H         LINE#         175
  C:3DA6H         LINE#         177
  C:3DA6H         LINE#         178
  C:3DA6H         LINE#         179
  C:3DA6H         LINE#         180
  C:3DA9H         LINE#         181
  C:3DADH         LINE#         184
  C:3DCCH         LINE#         186
  C:3DD3H         LINE#         187
  C:3DD3H         LINE#         188
  C:3DD5H         LINE#         189
  C:3DD8H         LINE#         190
  C:3DF1H         LINE#         191
  C:3DF1H         LINE#         192
  C:3DF3H         LINE#         193
  C:3DF5H         LINE#         195
  C:3DF5H         LINE#         196
  C:3DF7H         LINE#         198
  C:3DF7H         LINE#         199
  C:3DF7H         LINE#         200
  C:3DF7H         LINE#         201
  C:3DFAH         LINE#         202
  C:3E13H         LINE#         204
  C:3E32H         LINE#         207
  C:3E39H         LINE#         209
  C:3E3BH         LINE#         210
  C:3E42H         LINE#         212
  C:3E49H         LINE#         213
  C:3E49H         LINE#         214
  C:3E50H         LINE#         215
  C:3E50H         LINE#         216
  C:3E53H         LINE#         217
  C:3E55H         LINE#         218
  C:3E58H         LINE#         220
BL51 BANKED LINKER/LOCATER V6.22                                                      02/25/2019  12:42:34  PAGE 46


  C:3E5BH         LINE#         221
  C:3E5BH         LINE#         223
  C:3E5FH         LINE#         224
  C:3E5FH         LINE#         230
  C:3E7EH         LINE#         233
  C:3E80H         LINE#         234
  C:3E83H         LINE#         235
  C:3E88H         LINE#         237
  -------         ENDPROC       _AT25SF041_READ
  -------         PROC          READ_STATUS_REGISTER_BYTE1
  -------         DO            
  D:0003H         SYMBOL        dat
  D:0001H         SYMBOL        opcode
  X:03BDH         SYMBOL        count
  X:03BEH         SYMBOL        i
  -------         ENDDO         
  C:4336H         LINE#         241
  C:4336H         LINE#         242
  C:4336H         LINE#         243
  C:433CH         LINE#         244
  C:4340H         LINE#         245
  C:4342H         LINE#         246
  C:4344H         LINE#         247
  C:434AH         LINE#         251
  C:4351H         LINE#         252
  C:4351H         LINE#         253
  C:4353H         LINE#         254
  C:4356H         LINE#         255
  C:435AH         LINE#         256
  C:435AH         LINE#         257
  C:435CH         LINE#         258
  C:435EH         LINE#         260
  C:435EH         LINE#         261
  C:4360H         LINE#         263
  C:4360H         LINE#         264
  C:4360H         LINE#         265
  C:4360H         LINE#         266
  C:4363H         LINE#         267
  C:4367H         LINE#         270
  C:4386H         LINE#         274
  C:438DH         LINE#         276
  C:438FH         LINE#         277
  C:4396H         LINE#         278
  C:439DH         LINE#         279
  C:439DH         LINE#         280
  C:43A1H         LINE#         281
  C:43A1H         LINE#         282
  C:43A4H         LINE#         283
  C:43A6H         LINE#         284
  C:43A9H         LINE#         286
  C:43ACH         LINE#         287
  C:43ACH         LINE#         289
  C:43B0H         LINE#         290
  C:43B0H         LINE#         292
  C:43CFH         LINE#         296
  C:43D1H         LINE#         297
  C:43D4H         LINE#         298
BL51 BANKED LINKER/LOCATER V6.22                                                      02/25/2019  12:42:34  PAGE 47


  C:43D6H         LINE#         299
  -------         ENDPROC       READ_STATUS_REGISTER_BYTE1
  -------         PROC          SPI_NOR_WRITE_DATA
  X:061AH         SYMBOL        dat
  X:0625H         SYMBOL        addr
  C:34E9H         LINE#         301
  C:34E9H         LINE#         302
  C:34E9H         LINE#         304
  C:34E9H         LINE#         305
  C:34ECH         LINE#         307
  C:34EFH         LINE#         308
  C:34F6H         LINE#         309
  C:34F6H         LINE#         310
  C:34F9H         LINE#         312
  C:3513H         LINE#         313
  C:3531H         LINE#         315
  C:3538H         LINE#         316
  C:353BH         LINE#         318
  C:3555H         LINE#         319
  C:3555H         LINE#         320
  C:3555H         LINE#         323
  C:3558H         LINE#         325
  C:3572H         LINE#         326
  C:3572H         LINE#         327
  C:3572H         LINE#         329
  C:3575H         LINE#         331
  C:358FH         LINE#         332
  C:358FH         LINE#         333
  C:358FH         LINE#         335
  C:3592H         LINE#         337
  C:35ACH         LINE#         338
  C:35ACH         LINE#         339
  C:35ACH         LINE#         341
  C:35AFH         LINE#         343
  C:35C9H         LINE#         344
  C:35C9H         LINE#         345
  C:35C9H         LINE#         347
  C:35CCH         LINE#         349
  C:35E6H         LINE#         350
  C:35E6H         LINE#         351
  C:35E6H         LINE#         353
  C:35E9H         LINE#         355
  C:3603H         LINE#         356
  C:3603H         LINE#         357
  C:3603H         LINE#         359
  C:3606H         LINE#         361
  C:3620H         LINE#         362
  C:3620H         LINE#         363
  C:3620H         LINE#         365
  C:3623H         LINE#         367
  C:363DH         LINE#         368
  C:363DH         LINE#         369
  C:363DH         LINE#         371
  C:3640H         LINE#         373
  C:365AH         LINE#         374
  C:3661H         LINE#         375
  -------         ENDPROC       SPI_NOR_WRITE_DATA
BL51 BANKED LINKER/LOCATER V6.22                                                      02/25/2019  12:42:34  PAGE 48


  -------         ENDMOD        AT25SF041

  -------         MODULE        ?C_STARTUP
  C:45A5H         SEGMENT       ?C_C51STARTUP
  I:0022H         SEGMENT       ?STACK
  C:0000H         PUBLIC        ?C_STARTUP
  D:00E0H         SYMBOL        ACC
  D:00F0H         SYMBOL        B
  D:0083H         SYMBOL        DPH
  D:0082H         SYMBOL        DPL
  N:0000H         SYMBOL        IBPSTACK
  N:0100H         SYMBOL        IBPSTACKTOP
  N:0080H         SYMBOL        IDATALEN
  C:45A8H         SYMBOL        IDATALOOP
  N:0000H         SYMBOL        PBPSTACK
  N:0100H         SYMBOL        PBPSTACKTOP
  N:0000H         SYMBOL        PDATALEN
  N:0000H         SYMBOL        PDATASTART
  N:0000H         SYMBOL        PPAGE
  N:0000H         SYMBOL        PPAGEENABLE
  D:00A0H         SYMBOL        PPAGE_SFR
  D:0081H         SYMBOL        SP
  C:45A5H         SYMBOL        STARTUP1
  N:0000H         SYMBOL        XBPSTACK
  N:0000H         SYMBOL        XBPSTACKTOP
  N:0000H         SYMBOL        XDATALEN
  N:0000H         SYMBOL        XDATASTART
  C:0000H         LINE#         126
  C:45A5H         LINE#         133
  C:45A7H         LINE#         134
  C:45A8H         LINE#         135
  C:45A9H         LINE#         136
  C:45ABH         LINE#         185
  C:45AEH         LINE#         196
  -------         ENDMOD        ?C_STARTUP

  -------         MODULE        ?C?FPADD
  C:1565H         PUBLIC        ?C?FPADD
  C:1561H         PUBLIC        ?C?FPSUB
  -------         ENDMOD        ?C?FPADD

  -------         MODULE        ?C?FPMUL
  C:1656H         PUBLIC        ?C?FPMUL
  -------         ENDMOD        ?C?FPMUL

  -------         MODULE        ?C?FPDIV
  C:175FH         PUBLIC        ?C?FPDIV
  -------         ENDMOD        ?C?FPDIV

  -------         MODULE        ?C?FPCMP
  C:17FEH         PUBLIC        ?C?FPCMP
  C:17FCH         PUBLIC        ?C?FPCMP3
  -------         ENDMOD        ?C?FPCMP

  -------         MODULE        ?C?FPNEG
  C:1875H         PUBLIC        ?C?FPNEG
  -------         ENDMOD        ?C?FPNEG
BL51 BANKED LINKER/LOCATER V6.22                                                      02/25/2019  12:42:34  PAGE 49



  -------         MODULE        ?C?FCAST
  C:1890H         PUBLIC        ?C?FCASTC
  C:188BH         PUBLIC        ?C?FCASTI
  C:1886H         PUBLIC        ?C?FCASTL
  -------         ENDMOD        ?C?FCAST

  -------         MODULE        ?C?CASTF
  C:18C4H         PUBLIC        ?C?CASTF
  -------         ENDMOD        ?C?CASTF

  -------         MODULE        ATAN2
  X:04D2H         PUBLIC        ?_atan2?BYTE
  C:43D7H         PUBLIC        _atan2
  -------         ENDMOD        ATAN2

  -------         MODULE        SIN
  C:3854H         PUBLIC        _COS
  C:386AH         PUBLIC        _SIN
  C:38A6H         PUBLIC        _TAN
  -------         ENDMOD        SIN

  -------         MODULE        ACOS
  C:4904H         PUBLIC        _ACOS
  -------         ENDMOD        ACOS

  -------         MODULE        ASIN
  C:4A12H         PUBLIC        _ASIN
  -------         ENDMOD        ASIN

  -------         MODULE        SQRT
  C:428EH         PUBLIC        _SQRT
  -------         ENDMOD        SQRT

  -------         MODULE        ATAN
  C:3C81H         PUBLIC        _ATAN
  -------         ENDMOD        ATAN

  -------         MODULE        ?C?COPY
  C:1A62H         PUBLIC        ?C?COPY
  -------         ENDMOD        ?C?COPY

  -------         MODULE        ?C?CLDPTR
  C:1A88H         PUBLIC        ?C?CLDPTR
  -------         ENDMOD        ?C?CLDPTR

  -------         MODULE        ?C?CLDOPTR
  C:1AA1H         PUBLIC        ?C?CLDOPTR
  -------         ENDMOD        ?C?CLDOPTR

  -------         MODULE        ?C?CSTPTR
  C:1ACEH         PUBLIC        ?C?CSTPTR
  -------         ENDMOD        ?C?CSTPTR

  -------         MODULE        ?C?IMUL
  C:1AE0H         PUBLIC        ?C?IMUL
  -------         ENDMOD        ?C?IMUL
BL51 BANKED LINKER/LOCATER V6.22                                                      02/25/2019  12:42:34  PAGE 50



  -------         MODULE        ?C?UIDIV
  C:1AF2H         PUBLIC        ?C?UIDIV
  -------         ENDMOD        ?C?UIDIV

  -------         MODULE        ?C?SIDIV
  C:1B47H         PUBLIC        ?C?SIDIV
  -------         ENDMOD        ?C?SIDIV

  -------         MODULE        ?C?ILDIX
  C:1B7DH         PUBLIC        ?C?ILDIX
  -------         ENDMOD        ?C?ILDIX

  -------         MODULE        ?C?ILDOPTR
  C:1B93H         PUBLIC        ?C?ILDOPTR
  -------         ENDMOD        ?C?ILDOPTR

  -------         MODULE        ?C?ISTPTR
  C:1BCBH         PUBLIC        ?C?ISTPTR
  -------         ENDMOD        ?C?ISTPTR

  -------         MODULE        ?C?LMUL
  C:1BEAH         PUBLIC        ?C?LMUL
  -------         ENDMOD        ?C?LMUL

  -------         MODULE        ?C?SLDIV
  C:494EH         PUBLIC        ?C?SLDIV
  -------         ENDMOD        ?C?SLDIV

  -------         MODULE        ?C?LNEG
  C:1C39H         PUBLIC        ?C?LNEG
  -------         ENDMOD        ?C?LNEG

  -------         MODULE        ?C?ULCMP
  C:1C47H         PUBLIC        ?C?ULCMP
  -------         ENDMOD        ?C?ULCMP

  -------         MODULE        ?C?LSHL
  C:1C58H         PUBLIC        ?C?LSHL
  -------         ENDMOD        ?C?LSHL

  -------         MODULE        ?C?LLDPTR
  C:1C6BH         PUBLIC        ?C?LLDPTR
  -------         ENDMOD        ?C?LLDPTR

  -------         MODULE        ?C?LLDOPTR
  C:1C8BH         PUBLIC        ?C?LLDOPTR
  -------         ENDMOD        ?C?LLDOPTR

  -------         MODULE        ?C?LSTPTR
  C:1CBBH         PUBLIC        ?C?LSTPTR
  -------         ENDMOD        ?C?LSTPTR

  -------         MODULE        ?C?LSTOPTR
  C:1CD5H         PUBLIC        ?C?LSTOPTR
  -------         ENDMOD        ?C?LSTOPTR

BL51 BANKED LINKER/LOCATER V6.22                                                      02/25/2019  12:42:34  PAGE 51


  -------         MODULE        ?C?LLDXDATA
  C:1CF9H         PUBLIC        ?C?LLDXDATA
  -------         ENDMOD        ?C?LLDXDATA

  -------         MODULE        ?C?LLDCODE
  C:1D05H         PUBLIC        ?C?LLDCODE
  -------         ENDMOD        ?C?LLDCODE

  -------         MODULE        ?C?LLDXDATA0
  C:1D15H         PUBLIC        ?C?LLDXDATA0
  -------         ENDMOD        ?C?LLDXDATA0

  -------         MODULE        ?C?LLDCODE0
  C:1D21H         PUBLIC        ?C?LLDCODE0
  -------         ENDMOD        ?C?LLDCODE0

  -------         MODULE        ?C?LLDPTR0
  C:1D31H         PUBLIC        ?C?LLDPTR0
  -------         ENDMOD        ?C?LLDPTR0

  -------         MODULE        ?C?LSTXDATA
  C:1D51H         PUBLIC        ?C?LSTXDATA
  -------         ENDMOD        ?C?LSTXDATA

  -------         MODULE        ?C?LSTKXDATA
  C:1D5DH         PUBLIC        ?C?LSTKXDATA
  -------         ENDMOD        ?C?LSTKXDATA

  -------         MODULE        ?C?LSTKPTR
  C:1D8EH         PUBLIC        ?C?LSTKPTR
  -------         ENDMOD        ?C?LSTKPTR

  -------         MODULE        ?C?OFFXADD
  C:1DA8H         PUBLIC        ?C?OFFXADD
  -------         ENDMOD        ?C?OFFXADD

  -------         MODULE        ABS
  C:4D3AH         PUBLIC        _ABS
  -------         ENDMOD        ABS

  -------         MODULE        ATOI
  C:3F84H         PUBLIC        _atoi
  -------         ENDMOD        ATOI

  -------         MODULE        ?C?IILDX
  C:1DB4H         PUBLIC        ?C?IILDX
  -------         ENDMOD        ?C?IILDX

  -------         MODULE        ?C?ULDIV
  C:1E06H         PUBLIC        ?C?ULDIV
  -------         ENDMOD        ?C?ULDIV

  -------         MODULE        ?C?LLDIDATA
  C:1E98H         PUBLIC        ?C?LLDIDATA
  -------         ENDMOD        ?C?LLDIDATA

  -------         MODULE        ?C?LLDPDATA
BL51 BANKED LINKER/LOCATER V6.22                                                      02/25/2019  12:42:34  PAGE 52


  C:1EA4H         PUBLIC        ?C?LLDPDATA
  -------         ENDMOD        ?C?LLDPDATA

  -------         MODULE        ?C?LLDIDATA0
  C:1EB0H         PUBLIC        ?C?LLDIDATA0
  -------         ENDMOD        ?C?LLDIDATA0

  -------         MODULE        ?C?LLDPDATA0
  C:1EBDH         PUBLIC        ?C?LLDPDATA0
  -------         ENDMOD        ?C?LLDPDATA0

  -------         MODULE        ?C?LSTIDATA
  C:1ECAH         PUBLIC        ?C?LSTIDATA
  -------         ENDMOD        ?C?LSTIDATA

  -------         MODULE        ?C?LSTPDATA
  C:1ED6H         PUBLIC        ?C?LSTPDATA
  -------         ENDMOD        ?C?LSTPDATA

  -------         MODULE        ?C?LSTKIDATA
  C:1EE2H         PUBLIC        ?C?LSTKIDATA
  -------         ENDMOD        ?C?LSTKIDATA

  -------         MODULE        ?C?LSTKPDATA
  C:1EFBH         PUBLIC        ?C?LSTKPDATA
  -------         ENDMOD        ?C?LSTKPDATA

  -------         MODULE        ISDIGIT
  C:4D12H         PUBLIC        _isdigit
  -------         ENDMOD        ISDIGIT

  -------         MODULE        ISSPACE
  C:4CADH         PUBLIC        _isspace
  -------         ENDMOD        ISSPACE

*** WARNING L16: UNCALLED SEGMENT, IGNORED FOR OVERLAY PROCESS
    SEGMENT: ?PR?_DISPLAY_PROX?MAIN

*** WARNING L16: UNCALLED SEGMENT, IGNORED FOR OVERLAY PROCESS
    SEGMENT: ?PR?_DAY_OF_YEAR?PCF85063BTL

*** WARNING L16: UNCALLED SEGMENT, IGNORED FOR OVERLAY PROCESS
    SEGMENT: ?PR?INITUART1?UART1

*** WARNING L16: UNCALLED SEGMENT, IGNORED FOR OVERLAY PROCESS
    SEGMENT: ?PR?_SENDSTRING?UART1

*** WARNING L16: UNCALLED SEGMENT, IGNORED FOR OVERLAY PROCESS
    SEGMENT: ?PR?_TEN?UART1

*** WARNING L16: UNCALLED SEGMENT, IGNORED FOR OVERLAY PROCESS
    SEGMENT: ?PR?_UNIT?UART1

*** WARNING L16: UNCALLED SEGMENT, IGNORED FOR OVERLAY PROCESS
    SEGMENT: ?PR?_DECTOBCD?UART1

*** WARNING L16: UNCALLED SEGMENT, IGNORED FOR OVERLAY PROCESS
BL51 BANKED LINKER/LOCATER V6.22                                                      02/25/2019  12:42:34  PAGE 53


    SEGMENT: ?PR?_ASCII_LETTER?UART1

*** WARNING L16: UNCALLED SEGMENT, IGNORED FOR OVERLAY PROCESS
    SEGMENT: ?PR?_ASCIITOBCD?UART1

*** WARNING L16: UNCALLED SEGMENT, IGNORED FOR OVERLAY PROCESS
    SEGMENT: ?PR?WAIT?BIPOLARMOTOR

*** WARNING L16: UNCALLED SEGMENT, IGNORED FOR OVERLAY PROCESS
    SEGMENT: ?PR?_FINDDET4X4?BIPOLARMOTOR

*** WARNING L16: UNCALLED SEGMENT, IGNORED FOR OVERLAY PROCESS
    SEGMENT: ?PR?NOP?IOEXPANDER_PI4IOE5V96248

*** WARNING L16: UNCALLED SEGMENT, IGNORED FOR OVERLAY PROCESS
    SEGMENT: ?PR?UC_ACK?IOEXPANDER_PI4IOE5V96248

*** WARNING L16: UNCALLED SEGMENT, IGNORED FOR OVERLAY PROCESS
    SEGMENT: ?PR?UC_NACK?IOEXPANDER_PI4IOE5V96248

*** WARNING L16: UNCALLED SEGMENT, IGNORED FOR OVERLAY PROCESS
    SEGMENT: ?PR?_AT25SF041_READ?AT25SF041

*** WARNING L16: UNCALLED SEGMENT, IGNORED FOR OVERLAY PROCESS
    SEGMENT: ?PR?SPI_NOR_WRITE_DATA?AT25SF041

*** WARNING L1: UNRESOLVED EXTERNAL SYMBOL
    SYMBOL:  AUTO_MODE
    MODULE:  .\Obj\main.obj (MAIN)

*** WARNING L2: REFERENCE MADE TO UNRESOLVED EXTERNAL
    SYMBOL:  AUTO_MODE
    MODULE:  .\Obj\main.obj (MAIN)
    ADDRESS: 0B3BH

*** WARNING L2: REFERENCE MADE TO UNRESOLVED EXTERNAL
    SYMBOL:  AUTO_MODE
    MODULE:  .\Obj\main.obj (MAIN)
    ADDRESS: 0CB0H

*** WARNING L2: REFERENCE MADE TO UNRESOLVED EXTERNAL
    SYMBOL:  AUTO_MODE
    MODULE:  .\Obj\main.obj (MAIN)
    ADDRESS: 0CBEH

*** WARNING L2: REFERENCE MADE TO UNRESOLVED EXTERNAL
    SYMBOL:  AUTO_MODE
    MODULE:  .\Obj\main.obj (MAIN)
    ADDRESS: 0CD0H

*** WARNING L2: REFERENCE MADE TO UNRESOLVED EXTERNAL
    SYMBOL:  AUTO_MODE
    MODULE:  .\Obj\main.obj (MAIN)
    ADDRESS: 0D12H

*** WARNING L2: REFERENCE MADE TO UNRESOLVED EXTERNAL
    SYMBOL:  AUTO_MODE
BL51 BANKED LINKER/LOCATER V6.22                                                      02/25/2019  12:42:34  PAGE 54


    MODULE:  .\Obj\main.obj (MAIN)
    ADDRESS: 0DE5H

*** WARNING L1: UNRESOLVED EXTERNAL SYMBOL
    SYMBOL:  _SENDUART1
    MODULE:  .\Obj\UART1.obj (UART1)

*** WARNING L2: REFERENCE MADE TO UNRESOLVED EXTERNAL
    SYMBOL:  _SENDUART1
    MODULE:  .\Obj\UART1.obj (UART1)
    ADDRESS: 4A7BH

*** WARNING L1: UNRESOLVED EXTERNAL SYMBOL
    SYMBOL:  AUTO_MODE
    MODULE:  .\Obj\KeyPad.obj (KEYPAD)

*** WARNING L2: REFERENCE MADE TO UNRESOLVED EXTERNAL
    SYMBOL:  AUTO_MODE
    MODULE:  .\Obj\KeyPad.obj (KEYPAD)
    ADDRESS: 30C5H

*** WARNING L2: REFERENCE MADE TO UNRESOLVED EXTERNAL
    SYMBOL:  AUTO_MODE
    MODULE:  .\Obj\KeyPad.obj (KEYPAD)
    ADDRESS: 30D0H

*** WARNING L2: REFERENCE MADE TO UNRESOLVED EXTERNAL
    SYMBOL:  AUTO_MODE
    MODULE:  .\Obj\KeyPad.obj (KEYPAD)
    ADDRESS: 30D7H

Program Size: data=10.2 xdata=1607 code=19820
LINK/LOCATE RUN COMPLETE.  29 WARNING(S),  0 ERROR(S)
