BL51 BANKED LINKER/LOCATER V6.22                                                        03/22/2019  16:38:29  PAGE 1


BL51 BANKED LINKER/LOCATER V6.22, INVOKED BY:
C:\KEIL\C51\BIN\BL51.EXE .\Obj\main.obj, .\Obj\PCF85063BTL.obj, .\Obj\UART1.obj, .\Obj\LCd_Driver_SPLC780D.obj, .\Obj\Ke
>> yPad.obj, .\Obj\VCNL4035.obj, .\Obj\BipolarMotor.obj, .\Obj\SunPos.obj, .\Obj\STARTUP.obj TO .\Obj\GPIO_RTC_Test PRIN
>> T (.\Lis\GPIO_RTC_Test.m51) RAMSIZE (256)


MEMORY MODEL: LARGE WITH FLOATING POINT ARITHMETIC


INPUT MODULES INCLUDED:
  .\Obj\main.obj (MAIN)
  .\Obj\PCF85063BTL.obj (PCF85063BTL)
  .\Obj\UART1.obj (UART1)
  .\Obj\LCd_Driver_SPLC780D.obj (LCD_DRIVER_SPLC780D)
  .\Obj\KeyPad.obj (KEYPAD)
  .\Obj\VCNL4035.obj (VCNL4035)
  .\Obj\BipolarMotor.obj (BIPOLARMOTOR)
  .\Obj\SunPos.obj (SUNPOS)
  .\Obj\STARTUP.obj (?C_STARTUP)
  C:\KEIL\C51\LIB\C51FPL.LIB (?C?FPADD)
  C:\KEIL\C51\LIB\C51FPL.LIB (?C?FPMUL)
  C:\KEIL\C51\LIB\C51FPL.LIB (?C?FPDIV)
  C:\KEIL\C51\LIB\C51FPL.LIB (?C?FPCMP)
  C:\KEIL\C51\LIB\C51FPL.LIB (?C?FPNEG)
  C:\KEIL\C51\LIB\C51FPL.LIB (?C?FCAST)
  C:\KEIL\C51\LIB\C51FPL.LIB (?C?CASTF)
  C:\KEIL\C51\LIB\C51FPL.LIB (ATAN2)
  C:\KEIL\C51\LIB\C51FPL.LIB (SIN)
  C:\KEIL\C51\LIB\C51FPL.LIB (ACOS)
  C:\KEIL\C51\LIB\C51FPL.LIB (ASIN)
  C:\KEIL\C51\LIB\C51FPL.LIB (?C?FPGETOPN)
  C:\KEIL\C51\LIB\C51FPL.LIB (?C?FPSERIES)
  C:\KEIL\C51\LIB\C51FPL.LIB (SQRT)
  C:\KEIL\C51\LIB\C51FPL.LIB (ATAN)
  C:\KEIL\C51\LIB\C51L.LIB (?C_INIT)
  C:\KEIL\C51\LIB\C51L.LIB (?C?COPY)
  C:\KEIL\C51\LIB\C51L.LIB (?C?CLDPTR)
  C:\KEIL\C51\LIB\C51L.LIB (?C?CSTPTR)
  C:\KEIL\C51\LIB\C51L.LIB (?C?IMUL)
  C:\KEIL\C51\LIB\C51L.LIB (?C?UIDIV)
  C:\KEIL\C51\LIB\C51L.LIB (?C?SIDIV)
  C:\KEIL\C51\LIB\C51L.LIB (?C?ILDIX)
  C:\KEIL\C51\LIB\C51L.LIB (?C?LMUL)
  C:\KEIL\C51\LIB\C51L.LIB (?C?ULDIV)
  C:\KEIL\C51\LIB\C51L.LIB (?C?SLDIV)
  C:\KEIL\C51\LIB\C51L.LIB (?C?LNEG)
  C:\KEIL\C51\LIB\C51L.LIB (?C?ULCMP)
  C:\KEIL\C51\LIB\C51L.LIB (?C?LLDPTR)
  C:\KEIL\C51\LIB\C51L.LIB (?C?LLDOPTR)
  C:\KEIL\C51\LIB\C51L.LIB (?C?LSTPTR)
  C:\KEIL\C51\LIB\C51L.LIB (?C?LSTOPTR)
  C:\KEIL\C51\LIB\C51L.LIB (?C?LLDXDATA)
  C:\KEIL\C51\LIB\C51L.LIB (?C?LLDCODE)
  C:\KEIL\C51\LIB\C51L.LIB (?C?LLDXDATA0)
  C:\KEIL\C51\LIB\C51L.LIB (?C?LLDCODE0)
  C:\KEIL\C51\LIB\C51L.LIB (?C?LLDPTR0)
  C:\KEIL\C51\LIB\C51L.LIB (?C?LSTXDATA)
  C:\KEIL\C51\LIB\C51L.LIB (?C?LSTKXDATA)
BL51 BANKED LINKER/LOCATER V6.22                                                      03/22/2019  16:38:29  PAGE 2


  C:\KEIL\C51\LIB\C51L.LIB (?C?OFFXADD)
  C:\KEIL\C51\LIB\C51L.LIB (ABS)
  C:\KEIL\C51\LIB\C51L.LIB (ATOI)
  C:\KEIL\C51\LIB\C51L.LIB (?C?IILDX)
  C:\KEIL\C51\LIB\C51L.LIB (?C?LLDIDATA)
  C:\KEIL\C51\LIB\C51L.LIB (?C?LLDPDATA)
  C:\KEIL\C51\LIB\C51L.LIB (?C?LLDIDATA0)
  C:\KEIL\C51\LIB\C51L.LIB (?C?LLDPDATA0)
  C:\KEIL\C51\LIB\C51L.LIB (?C?LSTIDATA)
  C:\KEIL\C51\LIB\C51L.LIB (?C?LSTPDATA)
  C:\KEIL\C51\LIB\C51L.LIB (ISDIGIT)
  C:\KEIL\C51\LIB\C51L.LIB (ISSPACE)


LINK MAP OF MODULE:  .\Obj\GPIO_RTC_Test (MAIN)


            TYPE    BASE      LENGTH    RELOCATION   SEGMENT NAME
            -----------------------------------------------------

            * * * * * * *   D A T A   M E M O R Y   * * * * * * *
            REG     0000H     0008H     ABSOLUTE     "REG BANK 0"
                    0008H     0018H                  *** GAP ***
            BIT     0020H.0   0000H.6   UNIT         ?BI?KEYPAD
            BIT     0020H.6   0000H.3   UNIT         ?BI?MAIN
            BIT     0021H.1   0000H.2   UNIT         _BIT_GROUP_
            BIT     0021H.3   0000H.1   UNIT         ?BI?_ATOI?ATOI
                    0021H.4   0000H.4                *** GAP ***
            IDATA   0022H     0001H     UNIT         ?STACK

            * * * * * * *  X D A T A   M E M O R Y  * * * * * * *
            XDATA   0000H     03CBH     UNIT         ?XD?BIPOLARMOTOR
            XDATA   03CBH     0134H     UNIT         _XDATA_GROUP_
            XDATA   04FFH     00F1H     UNIT         ?XD?MAIN
            XDATA   05F0H     0040H     UNIT         ?XD?_FINDDET4X4?BIPOLARMOTOR
            XDATA   0630H     0024H     UNIT         ?XD?_FINDDET3X3?BIPOLARMOTOR
            XDATA   0654H     001EH     UNIT         ?XD?_CALIB_INTERPOLATE?MAIN
            XDATA   0672H     0009H     UNIT         ?XD?KEYPAD
            XDATA   067BH     0008H     UNIT         ?XD?_READ_VCNL4035?VCNL4035
            XDATA   0683H     0005H     UNIT         ?XD?_ATOI?ATOI
            XDATA   0688H     0003H     UNIT         ?XD?_SENDSTRING?UART1
            XDATA   068BH     0001H     UNIT         ?XD?UC_ACK?VCNL4035
            XDATA   068CH     0001H     UNIT         ?XD?UC_NACK?VCNL4035
            XDATA   068DH     0001H     UNIT         ?XD?_DISPLAYLCD_VCNL4035?VCNL4035

            * * * * * * *   C O D E   M E M O R Y   * * * * * * *
            CODE    0000H     0003H     ABSOLUTE     
            CODE    0003H     0006H     UNIT         ?PR?_TEN?UART1
            CODE    0009H     0001H     UNIT         ?PR?UART?MAIN
            CODE    000AH     0001H     UNIT         ?PR?_DECTOBCD?UART1
            CODE    000BH     0003H     ABSOLUTE     
            CODE    000EH     0015H     UNIT         ?PR?_DISPLAY_LINE?LCD_DRIVER_SPLC780D
            CODE    0023H     0003H     ABSOLUTE     
            CODE    0026H     0E08H     UNIT         ?PR?_UPDATE_POSITION?BIPOLARMOTOR
            CODE    0E2EH     08D3H     UNIT         ?C?LIB_CODE
            CODE    1701H     07A2H     UNIT         ?PR?SUNPOS?SUNPOS
            CODE    1EA3H     043CH     UNIT         ?C_INITSEG
BL51 BANKED LINKER/LOCATER V6.22                                                      03/22/2019  16:38:29  PAGE 3


            CODE    22DFH     03AFH     UNIT         ?PR?MAIN?MAIN
            CODE    268EH     02C0H     UNIT         ?PR?_FINDDET4X4?BIPOLARMOTOR
            CODE    294EH     02B2H     UNIT         ?PR?KEY_PROCESS?KEYPAD
            CODE    2C00H     01D9H     UNIT         ?PR?_DISPLAY_POS?BIPOLARMOTOR
            CODE    2DD9H     01D1H     UNIT         ?PR?_FINDDET3X3?BIPOLARMOTOR
            CODE    2FAAH     01A1H     UNIT         ?PR?_CALIB_INTERPOLATE?MAIN
            CODE    314BH     018DH     UNIT         ?PR?KEY_SCAN?KEYPAD
            CODE    32D8H     0188H     UNIT         ?PR?SIN?SIN
            CODE    3460H     0145H     UNIT         ?PR?LINEAR_INTERPOLATE?BIPOLARMOTOR
            CODE    35A5H     0122H     UNIT         ?PR?ATAN?ATAN
            CODE    36C7H     00EBH     UNIT         ?PR?_MOVE?BIPOLARMOTOR
            CODE    37B2H     00DBH     UNIT         ?PR?_ATOI?ATOI
            CODE    388DH     00ACH     UNIT         ?PR?SQRT?SQRT
            CODE    3939H     009DH     UNIT         ?PR?_ATAN2?ATAN2
            CODE    39D6H     009AH     UNIT         ?PR?_READ_VCNL4035?VCNL4035
            CODE    3A70H     0094H     UNIT         ?PR?_MOVE_2NDMOTOR?BIPOLARMOTOR
            CODE    3B04H     008CH     UNIT         ?C_C51STARTUP
            CODE    3B90H     0084H     UNIT         ?PR?_DAY_OF_YEAR?PCF85063BTL
            CODE    3C14H     0075H     UNIT         ?PR?_WRITEDATA?LCD_DRIVER_SPLC780D
            CODE    3C89H     006FH     UNIT         ?PR?_READ_TIME?PCF85063BTL
            CODE    3CF8H     0059H     UNIT         ?PR?LCD_INIT?LCD_DRIVER_SPLC780D
            CODE    3D51H     004AH     UNIT         ?PR?ACOS?ACOS
            CODE    3D9BH     0049H     UNIT         ?PR?_WRITE_VCNL4035X?VCNL4035
            CODE    3DE4H     0044H     UNIT         ?C?LDIV
            CODE    3E28H     0040H     UNIT         ?PR?_COMMAND?LCD_DRIVER_SPLC780D
            CODE    3E68H     003BH     UNIT         ?PR?ASIN?ASIN
            CODE    3EA3H     0034H     UNIT         ?PR?TM0_ISR?MAIN
            CODE    3ED7H     0033H     UNIT         ?PR?_SENDSTRING?UART1
            CODE    3F0AH     002CH     UNIT         ?PR?I2C_RECEIVEBYTE?VCNL4035
            CODE    3F36H     002CH     UNIT         ?PR?_STEP_MOVE?BIPOLARMOTOR
            CODE    3F62H     002CH     UNIT         ?PR?_STEP_MOVE_2NDMOTOR?BIPOLARMOTOR
            CODE    3F8EH     002BH     UNIT         ?PR?_WAIT_MS_I2C?VCNL4035
            CODE    3FB9H     0024H     UNIT         ?PR?_WAIT_MS?LCD_DRIVER_SPLC780D
            CODE    3FDDH     0022H     UNIT         ?PR?_I2C_SENDBYTE?VCNL4035
            CODE    3FFFH     0020H     UNIT         ?PR?_SPI_SENDBYTE?PCF85063BTL
            CODE    401FH     0020H     UNIT         ?PR?SPI_RECEIVEBYTE?PCF85063BTL
            CODE    403FH     001EH     UNIT         ?PR?_DELAY_MS?KEYPAD
            CODE    405DH     001EH     UNIT         ?PR?_WAIT_MS_IIC?VCNL4035
            CODE    407BH     001DH     UNIT         ?PR?_DISPLAYLCD?LCD_DRIVER_SPLC780D
            CODE    4098H     001BH     UNIT         ?PR?I2C_ACK?VCNL4035
            CODE    40B3H     001BH     UNIT         ?PR?_BCDTODEC1?BIPOLARMOTOR
            CODE    40CEH     0018H     UNIT         ?PR?_SPI_WRITETIME?PCF85063BTL
            CODE    40E6H     0017H     UNIT         ?PR?_ASCIITOBCD?UART1
            CODE    40FDH     0017H     UNIT         ?PR?I2C_INIT?VCNL4035
            CODE    4114H     0015H     UNIT         ?PR?I2C_STOP?VCNL4035
            CODE    4129H     0014H     UNIT         ?PR?_PCF85063BTL_DELAY?PCF85063BTL
            CODE    413DH     0014H     UNIT         ?PR?_ISSPACE?ISSPACE
            CODE    4151H     0013H     UNIT         ?PR?I2C_START?VCNL4035
            CODE    4164H     0011H     UNIT         ?PR?_SPI_READTIME?PCF85063BTL
            CODE    4175H     0011H     UNIT         ?PR?_BCDTODEC?PCF85063BTL
            CODE    4186H     0011H     UNIT         ?PR?INITUART1?UART1
            CODE    4197H     000FH     UNIT         ?PR?UC_NACK?VCNL4035
            CODE    41A6H     000FH     UNIT         ?PR?_ISDIGIT?ISDIGIT
            CODE    41B5H     000DH     UNIT         ?PR?SPI_INIT?PCF85063BTL
            CODE    41C2H     000CH     UNIT         ?PR?KEYPAD_IO_INIT?KEYPAD
            CODE    41CEH     000CH     UNIT         ?PR?_ABS?ABS
            CODE    41DAH     000AH     UNIT         ?PR?LCD_RETURN_HOME?LCD_DRIVER_SPLC780D
BL51 BANKED LINKER/LOCATER V6.22                                                      03/22/2019  16:38:29  PAGE 4


            CODE    41E4H     000AH     UNIT         ?PR?LCD_CLEAR?LCD_DRIVER_SPLC780D
            CODE    41EEH     0009H     UNIT         ?PR?_SENDUART1?MAIN
            CODE    41F7H     0006H     UNIT         ?PR?UC_ACK?VCNL4035
            CODE    41FDH     0006H     UNIT         ?PR?_DISPLAYLCD_VCNL4035?VCNL4035
            CODE    4203H     0005H     UNIT         ?PR?_UNIT?UART1
            CODE    4208H     0005H     UNIT         ?PR?_ASCII_LETTER?UART1
            CODE    420DH     0001H     UNIT         ?PR?NOP?VCNL4035



OVERLAY MAP OF MODULE:   .\Obj\GPIO_RTC_Test (MAIN)


SEGMENT                                            BIT_GROUP          XDATA_GROUP
  +--> CALLED SEGMENT                           START    LENGTH     START    LENGTH
-----------------------------------------------------------------------------------
?C_C51STARTUP                                   -----    -----      -----    -----
  +--> ?PR?MAIN?MAIN
  +--> ?C_INITSEG

?PR?MAIN?MAIN                                   -----    -----      03CBH    0009H
  +--> ?PR?LCD_INIT?LCD_DRIVER_SPLC780D
  +--> ?PR?SPI_INIT?PCF85063BTL
  +--> ?PR?KEYPAD_IO_INIT?KEYPAD
  +--> ?PR?I2C_INIT?VCNL4035
  +--> ?PR?_DELAY_MS?KEYPAD
  +--> ?PR?_DISPLAY_LINE?LCD_DRIVER_SPLC780D
  +--> ?PR?_WRITEDATA?LCD_DRIVER_SPLC780D
  +--> ?PR?KEY_PROCESS?KEYPAD
  +--> ?PR?_COMMAND?LCD_DRIVER_SPLC780D
  +--> ?PR?_DISPLAY_POS?BIPOLARMOTOR
  +--> ?PR?_DISPLAYLCD?LCD_DRIVER_SPLC780D
  +--> ?PR?_STEP_MOVE?BIPOLARMOTOR
  +--> ?PR?_STEP_MOVE_2NDMOTOR?BIPOLARMOTOR
  +--> ?PR?LCD_RETURN_HOME?LCD_DRIVER_SPLC780D
  +--> ?PR?_READ_TIME?PCF85063BTL
  +--> ?PR?_UPDATE_POSITION?BIPOLARMOTOR

?PR?LCD_INIT?LCD_DRIVER_SPLC780D                -----    -----      -----    -----
  +--> ?PR?_WAIT_MS?LCD_DRIVER_SPLC780D
  +--> ?PR?_COMMAND?LCD_DRIVER_SPLC780D

?PR?_COMMAND?LCD_DRIVER_SPLC780D                -----    -----      -----    -----
  +--> ?PR?_WAIT_MS?LCD_DRIVER_SPLC780D

?PR?I2C_INIT?VCNL4035                           -----    -----      -----    -----
  +--> ?PR?_WRITE_VCNL4035X?VCNL4035

?PR?_WRITE_VCNL4035X?VCNL4035                   -----    -----      03D4H    0003H
  +--> ?PR?I2C_START?VCNL4035
  +--> ?PR?_WAIT_MS_I2C?VCNL4035
  +--> ?PR?I2C_ACK?VCNL4035
  +--> ?PR?_I2C_SENDBYTE?VCNL4035
  +--> ?PR?I2C_STOP?VCNL4035

?PR?I2C_START?VCNL4035                          -----    -----      -----    -----
  +--> ?PR?_WAIT_MS_IIC?VCNL4035
BL51 BANKED LINKER/LOCATER V6.22                                                      03/22/2019  16:38:29  PAGE 5


  +--> ?PR?_WAIT_MS_I2C?VCNL4035

?PR?I2C_ACK?VCNL4035                            -----    -----      03D7H    0001H
  +--> ?PR?_I2C_SENDBYTE?VCNL4035
  +--> ?PR?_WAIT_MS_I2C?VCNL4035

?PR?_I2C_SENDBYTE?VCNL4035                      -----    -----      -----    -----
  +--> ?PR?_WAIT_MS_I2C?VCNL4035

?PR?I2C_STOP?VCNL4035                           -----    -----      -----    -----
  +--> ?PR?_WAIT_MS_I2C?VCNL4035

?PR?_DISPLAY_LINE?LCD_DRIVER_SPLC780D           -----    -----      -----    -----
  +--> ?PR?_COMMAND?LCD_DRIVER_SPLC780D

?PR?_WRITEDATA?LCD_DRIVER_SPLC780D              -----    -----      04B1H    0001H
  +--> ?PR?_WAIT_MS?LCD_DRIVER_SPLC780D

?PR?KEY_PROCESS?KEYPAD                          -----    -----      03D4H    0006H
  +--> ?PR?KEY_SCAN?KEYPAD
  +--> ?PR?_SPI_WRITETIME?PCF85063BTL
  +--> ?PR?LCD_CLEAR?LCD_DRIVER_SPLC780D
  +--> ?PR?_COMMAND?LCD_DRIVER_SPLC780D
  +--> ?PR?_WRITEDATA?LCD_DRIVER_SPLC780D

?PR?KEY_SCAN?KEYPAD                             -----    -----      03DAH    0003H

?PR?_SPI_WRITETIME?PCF85063BTL                  -----    -----      -----    -----
  +--> ?PR?_SPI_SENDBYTE?PCF85063BTL

?PR?_SPI_SENDBYTE?PCF85063BTL                   -----    -----      -----    -----
  +--> ?PR?_PCF85063BTL_DELAY?PCF85063BTL

?PR?LCD_CLEAR?LCD_DRIVER_SPLC780D               -----    -----      -----    -----
  +--> ?PR?_COMMAND?LCD_DRIVER_SPLC780D

?PR?_DISPLAY_POS?BIPOLARMOTOR                   -----    -----      04A6H    000BH
  +--> ?PR?_ABS?ABS
  +--> ?PR?_WRITEDATA?LCD_DRIVER_SPLC780D

?PR?_DISPLAYLCD?LCD_DRIVER_SPLC780D             -----    -----      03D4H    0001H
  +--> ?PR?_WRITEDATA?LCD_DRIVER_SPLC780D

?PR?_STEP_MOVE?BIPOLARMOTOR                     0021H.2  0000H.1    04A6H    0004H
  +--> ?PR?_WAIT_MS?LCD_DRIVER_SPLC780D

?PR?_STEP_MOVE_2NDMOTOR?BIPOLARMOTOR            0021H.2  0000H.1    04A2H    0004H
  +--> ?PR?_WAIT_MS?LCD_DRIVER_SPLC780D

?PR?LCD_RETURN_HOME?LCD_DRIVER_SPLC780D         -----    -----      -----    -----
  +--> ?PR?_COMMAND?LCD_DRIVER_SPLC780D

?PR?_READ_TIME?PCF85063BTL                      -----    -----      03D4H    000FH
  +--> ?PR?_SPI_READTIME?PCF85063BTL

?PR?_SPI_READTIME?PCF85063BTL                   -----    -----      -----    -----
  +--> ?PR?_SPI_SENDBYTE?PCF85063BTL
BL51 BANKED LINKER/LOCATER V6.22                                                      03/22/2019  16:38:29  PAGE 6


  +--> ?PR?SPI_RECEIVEBYTE?PCF85063BTL

?PR?SPI_RECEIVEBYTE?PCF85063BTL                 -----    -----      -----    -----
  +--> ?PR?_PCF85063BTL_DELAY?PCF85063BTL

?PR?_UPDATE_POSITION?BIPOLARMOTOR               -----    -----      03D4H    00C2H
  +--> ?PR?_BCDTODEC1?BIPOLARMOTOR
  +--> ?PR?SUNPOS?SUNPOS
  +--> ?PR?SIN?SIN
  +--> ?PR?ASIN?ASIN
  +--> ?PR?LINEAR_INTERPOLATE?BIPOLARMOTOR
  +--> ?PR?_ABS?ABS
  +--> ?PR?_MOVE?BIPOLARMOTOR
  +--> ?PR?_MOVE_2NDMOTOR?BIPOLARMOTOR

?PR?SUNPOS?SUNPOS                               -----    -----      0496H    005DH
  +--> ?PR?SIN?SIN
  +--> ?PR?_ATAN2?ATAN2
  +--> ?PR?ASIN?ASIN
  +--> ?PR?ACOS?ACOS

?PR?SIN?SIN                                     0021H.1  0000H.1    04F3H    0004H

?PR?_ATAN2?ATAN2                                -----    -----      04F3H    0008H
  +--> ?PR?ATAN?ATAN

?PR?ATAN?ATAN                                   0021H.1  0000H.2    04FBH    0004H

?PR?ASIN?ASIN                                   -----    -----      -----    -----
  +--> ?PR?SQRT?SQRT
  +--> ?PR?ATAN?ATAN

?PR?SQRT?SQRT                                   -----    -----      04F3H    0004H

?PR?ACOS?ACOS                                   -----    -----      -----    -----
  +--> ?PR?SQRT?SQRT
  +--> ?PR?ATAN?ATAN

?PR?LINEAR_INTERPOLATE?BIPOLARMOTOR             -----    -----      0496H    0014H

?PR?_MOVE?BIPOLARMOTOR                          0021H.1  0000H.1    0496H    0010H
  +--> ?PR?_STEP_MOVE?BIPOLARMOTOR
  +--> ?PR?_COMMAND?LCD_DRIVER_SPLC780D
  +--> ?PR?_DISPLAY_POS?BIPOLARMOTOR

?PR?_MOVE_2NDMOTOR?BIPOLARMOTOR                 0021H.1  0000H.1    0496H    000CH
  +--> ?PR?_STEP_MOVE_2NDMOTOR?BIPOLARMOTOR
  +--> ?PR?_COMMAND?LCD_DRIVER_SPLC780D
  +--> ?PR?_DISPLAY_POS?BIPOLARMOTOR



SYMBOL TABLE OF MODULE:  .\Obj\GPIO_RTC_Test (MAIN)

  VALUE           TYPE          NAME
  ----------------------------------

BL51 BANKED LINKER/LOCATER V6.22                                                      03/22/2019  16:38:29  PAGE 7


  -------         MODULE        MAIN
  C:0000H         SYMBOL        _ICE_DUMMY_
  X:0507H         PUBLIC        calib_value
  D:0080H         PUBLIC        P0
  D:0090H         PUBLIC        P1
  D:00A0H         PUBLIC        P2
  D:00B0H         PUBLIC        P3
  D:00C0H         PUBLIC        P4
  D:00C8H         PUBLIC        P5
  X:0567H         SYMBOL        PressedKey
  B:00A8H.7       PUBLIC        EA
  D:00E8H         PUBLIC        P6
  D:00F8H         PUBLIC        P7
  X:056BH         PUBLIC        RX_Data_Uart_Cnt
  C:2FAAH         PUBLIC        _calib_interpolate
  D:00A8H         PUBLIC        IE
  X:056DH         PUBLIC        calib_time
  D:00B8H         PUBLIC        IP
  B:0020H.6       PUBLIC        pos_angle_display
  X:05CDH         PUBLIC        months
  C:0009H         PUBLIC        Uart
  B:0020H.7       PUBLIC        direction_rotation
  D:00D8H         PUBLIC        CCON
  C:22DFH         PUBLIC        main
  X:05CEH         PUBLIC        count
  D:0099H         PUBLIC        SBUF
  X:05D0H         PUBLIC        days
  X:05D1H         PUBLIC        hours
  D:0098H         PUBLIC        SCON
  D:0089H         PUBLIC        TMOD
  D:0088H         PUBLIC        TCON
  B:00B0H.2       PUBLIC        P32
  B:00B0H.3       PUBLIC        P33
  X:05D2H         SYMBOL        KeyCount
  X:05D4H         PUBLIC        mins
  X:05D5H         PUBLIC        Rec_data_hour
  X:05D8H         PUBLIC        Rec_data_min
  D:008EH         PUBLIC        AUXR
  C:3EA3H         PUBLIC        tm0_isr
  X:05DBH         PUBLIC        auto_mode
  B:0021H.0       PUBLIC        busy
  D:00E0H         PUBLIC        ACC
  B:00A8H.1       PUBLIC        ET0
  D:008CH         PUBLIC        TH0
  X:05DDH         PUBLIC        hour_count
  D:008AH         PUBLIC        TL0
  X:05DEH         PUBLIC        min_count
  B:0088H.4       PUBLIC        TR0
  X:05DFH         SYMBOL        KeyNum
  X:05E0H         SYMBOL        KeyNum_Old
  X:05E1H         PUBLIC        current_position
  X:05E5H         PUBLIC        hours1
  X:05E6H         PUBLIC        hours2
  X:05E7H         PUBLIC        mins1
  X:05E8H         PUBLIC        mins2
  X:05E9H         PUBLIC        current_angle
  X:05EDH         PUBLIC        seconds
BL51 BANKED LINKER/LOCATER V6.22                                                      03/22/2019  16:38:29  PAGE 8


  X:05EEH         PUBLIC        st_time
  D:00D0H         PUBLIC        PSW
  C:41EEH         PUBLIC        _SendUART1
  -------         PROC          TM0_ISR
  C:3EA3H         LINE#         80
  C:3EABH         LINE#         82
  C:3EB9H         LINE#         83
  C:3EC5H         LINE#         84
  C:3EC5H         LINE#         85
  C:3ECCH         LINE#         86
  C:3ECEH         LINE#         87
  C:3ECEH         LINE#         88
  -------         ENDPROC       TM0_ISR
  -------         PROC          MAIN
  -------         DO            
  X:04FFH         SYMBOL        KeyCount
  X:0501H         SYMBOL        KeyNum_Old
  X:0502H         SYMBOL        KeyNum
  X:0503H         SYMBOL        PressedKey
  X:03CBH         SYMBOL        prox_flag
  X:03CCH         SYMBOL        prox_flag_rotation
  X:03CDH         SYMBOL        calib_day
  X:03CFH         SYMBOL        numStr
  -------         ENDDO         
  C:22DFH         LINE#         90
  C:22DFH         LINE#         91
  C:22DFH         LINE#         96
  C:22E7H         LINE#         98
  C:22ECH         LINE#         102
  C:22EEH         LINE#         105
  C:22F0H         LINE#         108
  C:22F2H         LINE#         110
  C:22F9H         LINE#         111
  C:22FBH         LINE#         112
  C:22FDH         LINE#         124
  C:2300H         LINE#         125
  C:2303H         LINE#         126
  C:2306H         LINE#         128
  C:2309H         LINE#         131
  C:230CH         LINE#         132
  C:230FH         LINE#         133
  C:2312H         LINE#         134
  C:2314H         LINE#         135
  C:2316H         LINE#         136
  C:2318H         LINE#         138
  C:231AH         LINE#         140
  C:2321H         LINE#         142
  C:2328H         LINE#         146
  C:232FH         LINE#         147
  C:2334H         LINE#         148
  C:2339H         LINE#         149
  C:233EH         LINE#         150
  C:2343H         LINE#         151
  C:2348H         LINE#         154
  C:2348H         LINE#         155
  C:2348H         LINE#         156
  C:234BH         LINE#         159
BL51 BANKED LINKER/LOCATER V6.22                                                      03/22/2019  16:38:29  PAGE 9


  C:234BH         LINE#         164
  C:2355H         LINE#         165
  C:2355H         LINE#         166
  C:2358H         LINE#         167
  C:2358H         LINE#         168
  C:235DH         LINE#         169
  C:2362H         LINE#         170
  C:2367H         LINE#         171
  C:236CH         LINE#         172
  C:2371H         LINE#         173
  C:2376H         LINE#         174
  C:2387H         LINE#         175
  C:2387H         LINE#         176
  C:238AH         LINE#         177
  C:238AH         LINE#         178
  C:238AH         LINE#         179
  C:238AH         LINE#         180
  C:238AH         LINE#         181
  C:238AH         LINE#         182
  C:238AH         LINE#         183
  C:238AH         LINE#         184
  C:238AH         LINE#         185
  C:238AH         LINE#         186
  C:238CH         LINE#         188
  C:238CH         LINE#         189
  C:238FH         LINE#         190
  C:238FH         LINE#         191
  C:2394H         LINE#         192
  C:2399H         LINE#         193
  C:239EH         LINE#         194
  C:23A3H         LINE#         195
  C:23A8H         LINE#         196
  C:23ADH         LINE#         197
  C:23BEH         LINE#         198
  C:23BEH         LINE#         199
  C:23C1H         LINE#         200
  C:23C1H         LINE#         201
  C:23C6H         LINE#         202
  C:23CBH         LINE#         203
  C:23D0H         LINE#         204
  C:23D5H         LINE#         205
  C:23DAH         LINE#         206
  C:23DFH         LINE#         207
  C:23F0H         LINE#         208
  C:23F0H         LINE#         209
  C:23F0H         LINE#         213
  C:23F7H         LINE#         214
  C:23FFH         LINE#         215
  C:2404H         LINE#         216
  C:240CH         LINE#         217
  C:2411H         LINE#         218
  C:241BH         LINE#         219
  C:2420H         LINE#         220
  C:2428H         LINE#         222
  C:2430H         LINE#         223
  C:2435H         LINE#         224
  C:243FH         LINE#         225
BL51 BANKED LINKER/LOCATER V6.22                                                      03/22/2019  16:38:29  PAGE 10


  C:243FH         LINE#         226
  C:2441H         LINE#         227
  C:2443H         LINE#         228
  C:244DH         LINE#         229
  C:244DH         LINE#         230
  C:2452H         LINE#         231
  C:2452H         LINE#         243
  C:2458H         LINE#         244
  C:2458H         LINE#         245
  C:2465H         LINE#         246
  C:2465H         LINE#         247
  C:246FH         LINE#         248
  C:2486H         LINE#         249
  C:2486H         LINE#         250
  C:2488H         LINE#         251
  C:248AH         LINE#         253
  C:248AH         LINE#         254
  C:2495H         LINE#         255
  C:2495H         LINE#         256
  C:249AH         LINE#         257
  C:249AH         LINE#         258
  C:24ADH         LINE#         259
  C:24ADH         LINE#         262
  C:24B7H         LINE#         263
  C:24CEH         LINE#         264
  C:24CEH         LINE#         265
  C:24D0H         LINE#         266
  C:24D2H         LINE#         268
  C:24D2H         LINE#         269
  C:24DDH         LINE#         270
  C:24DDH         LINE#         271
  C:24E1H         LINE#         272
  C:24E1H         LINE#         273
  C:24E1H         LINE#         274
  C:24E4H         LINE#         275
  C:24EAH         LINE#         276
  C:24EAH         LINE#         277
  C:24F7H         LINE#         278
  C:24F7H         LINE#         279
  C:2501H         LINE#         280
  C:2518H         LINE#         281
  C:2518H         LINE#         282
  C:251AH         LINE#         283
  C:251CH         LINE#         285
  C:251CH         LINE#         286
  C:2527H         LINE#         287
  C:2527H         LINE#         288
  C:252CH         LINE#         289
  C:252CH         LINE#         290
  C:2539H         LINE#         291
  C:2539H         LINE#         294
  C:2543H         LINE#         295
  C:255AH         LINE#         296
  C:255AH         LINE#         297
  C:255CH         LINE#         298
  C:255EH         LINE#         300
  C:255EH         LINE#         301
BL51 BANKED LINKER/LOCATER V6.22                                                      03/22/2019  16:38:29  PAGE 11


  C:2569H         LINE#         302
  C:2569H         LINE#         303
  C:256EH         LINE#         304
  C:2570H         LINE#         305
  C:2570H         LINE#         306
  C:2570H         LINE#         309
  C:2592H         LINE#         310
  C:2592H         LINE#         311
  C:259CH         LINE#         312
  C:25A2H         LINE#         313
  C:25A4H         LINE#         314
  C:25A6H         LINE#         315
  C:25A8H         LINE#         316
  C:25A8H         LINE#         319
  C:25CAH         LINE#         320
  C:25CAH         LINE#         321
  C:25D4H         LINE#         322
  C:25DAH         LINE#         323
  C:25DCH         LINE#         324
  C:25DEH         LINE#         325
  C:25E0H         LINE#         326
  C:25E0H         LINE#         327
  C:25E3H         LINE#         329
  C:25E3H         LINE#         330
  C:25E9H         LINE#         331
  C:25F1H         LINE#         332
  C:25F7H         LINE#         333
  C:25FFH         LINE#         334
  C:263AH         LINE#         338
  C:2647H         LINE#         339
  C:2647H         LINE#         341
  C:2647H         LINE#         343
  C:2647H         LINE#         346
  C:2647H         LINE#         347
  C:268BH         LINE#         348
  C:268BH         LINE#         370
  -------         ENDPROC       MAIN
  -------         PROC          UART
  C:0009H         LINE#         377
  C:0009H         LINE#         410
  -------         ENDPROC       UART
  -------         PROC          _CALIB_INTERPOLATE
  X:0654H         SYMBOL        hours
  X:0658H         SYMBOL        mins
  -------         DO            
  X:065CH         SYMBOL        p_calib1
  X:0664H         SYMBOL        p_calib2
  X:066CH         SYMBOL        i
  X:066EH         SYMBOL        current_time
  -------         ENDDO         
  C:2FAAH         LINE#         413
  C:2FB0H         LINE#         414
  C:2FB0H         LINE#         418
  C:3007H         LINE#         420
  C:302DH         LINE#         421
  C:302DH         LINE#         422
  C:309FH         LINE#         423
BL51 BANKED LINKER/LOCATER V6.22                                                      03/22/2019  16:38:29  PAGE 12


  C:309FH         LINE#         424
  C:30CCH         LINE#         425
  C:30E7H         LINE#         427
  C:3114H         LINE#         428
  C:312FH         LINE#         430
  C:3131H         LINE#         431
  C:3131H         LINE#         432
  C:3145H         LINE#         433
  C:314AH         LINE#         435
  -------         ENDPROC       _CALIB_INTERPOLATE
  -------         PROC          _SENDUART1
  D:0007H         SYMBOL        dat
  C:41EEH         LINE#         438
  C:41EEH         LINE#         439
  C:41EEH         LINE#         440
  C:41F1H         LINE#         441
  C:41F3H         LINE#         442
  C:41F4H         LINE#         443
  C:41F6H         LINE#         444
  -------         ENDPROC       _SENDUART1
  -------         ENDMOD        MAIN

  -------         MODULE        PCF85063BTL
  C:0000H         SYMBOL        _ICE_DUMMY_
  D:0096H         PUBLIC        P2M0
  D:0080H         PUBLIC        P0
  D:0095H         PUBLIC        P2M1
  D:0090H         PUBLIC        P1
  D:00A0H         PUBLIC        P2
  D:00B0H         PUBLIC        P3
  D:00C0H         PUBLIC        P4
  D:00C8H         PUBLIC        P5
  D:00E8H         PUBLIC        P6
  B:00A0H.2       PUBLIC        PCF85063BTL_SDI
  D:00F8H         PUBLIC        P7
  B:00A0H.1       PUBLIC        PCF85063BTL_SCK
  B:00A0H.2       PUBLIC        PCF85063BTL_SDO
  D:00A8H         PUBLIC        IE
  C:3C89H         PUBLIC        _Read_time
  C:412FH         PUBLIC        _PCF85063BTL_Delay
  D:00B8H         PUBLIC        IP
  D:00D8H         PUBLIC        CCON
  C:3B90H         PUBLIC        _Day_Of_Year
  C:401FH         PUBLIC        SPI_ReceiveByte
  D:0098H         PUBLIC        SCON
  D:0088H         PUBLIC        TCON
  C:4175H         PUBLIC        _BCDtoDec
  B:00A0H.0       PUBLIC        PCF85063BTL_CS
  C:4164H         PUBLIC        _SPI_ReadTime
  C:41B5H         PUBLIC        SPI_Init
  C:40CEH         PUBLIC        _SPI_WriteTime
  C:3FFFH         PUBLIC        _SPI_SendByte
  D:00D0H         PUBLIC        PSW
  C:412BH         SYMBOL        L?0047
  -------         PROC          L?0046
  -------         ENDPROC       L?0046
  C:412BH         SYMBOL        L?0047
BL51 BANKED LINKER/LOCATER V6.22                                                      03/22/2019  16:38:29  PAGE 13


  -------         PROC          _PCF85063BTL_DELAY
  D:0006H         SYMBOL        us
  C:412FH         LINE#         8
  C:412FH         LINE#         9
  C:412FH         LINE#         10
  C:4139H         LINE#         11
  C:4139H         LINE#         12
  C:413AH         LINE#         13
  C:413CH         LINE#         14
  -------         ENDPROC       _PCF85063BTL_DELAY
  -------         PROC          _SPI_SENDBYTE
  D:0005H         SYMBOL        dat
  -------         DO            
  D:0003H         SYMBOL        i
  -------         ENDDO         
  C:3FFFH         LINE#         17
  C:4001H         LINE#         18
  C:4001H         LINE#         20
  C:4003H         LINE#         21
  C:4003H         LINE#         22
  C:4005H         LINE#         23
  C:4009H         LINE#         24
  C:4009H         LINE#         25
  C:400BH         LINE#         26
  C:400DH         LINE#         28
  C:400DH         LINE#         29
  C:400FH         LINE#         30
  C:400FH         LINE#         31
  C:4012H         LINE#         32
  C:4012H         LINE#         33
  C:4015H         LINE#         34
  C:4019H         LINE#         35
  C:401EH         LINE#         36
  -------         ENDPROC       _SPI_SENDBYTE
  -------         PROC          SPI_RECEIVEBYTE
  -------         DO            
  D:0003H         SYMBOL        i
  D:0005H         SYMBOL        dat
  -------         ENDDO         
  C:401FH         LINE#         39
  C:401FH         LINE#         40
  C:401FH         LINE#         42
  C:4021H         LINE#         44
  C:4023H         LINE#         45
  C:4024H         LINE#         46
  C:4024H         LINE#         47
  C:4028H         LINE#         48
  C:402AH         LINE#         49
  C:402DH         LINE#         51
  C:4030H         LINE#         52
  C:4030H         LINE#         53
  C:4034H         LINE#         54
  C:4034H         LINE#         55
  C:4034H         LINE#         56
  C:4037H         LINE#         57
  C:403CH         LINE#         58
  C:403EH         LINE#         59
BL51 BANKED LINKER/LOCATER V6.22                                                      03/22/2019  16:38:29  PAGE 14


  -------         ENDPROC       SPI_RECEIVEBYTE
  -------         PROC          _SPI_READTIME
  D:0007H         SYMBOL        addr
  -------         DO            
  D:0006H         SYMBOL        dat
  -------         ENDDO         
  C:4164H         LINE#         61
  C:4164H         LINE#         62
  C:4164H         LINE#         64
  C:4166H         LINE#         65
  C:4168H         LINE#         66
  C:416FH         LINE#         67
  C:4172H         LINE#         68
  C:4174H         LINE#         69
  C:4174H         LINE#         70
  -------         ENDPROC       _SPI_READTIME
  -------         PROC          _SPI_WRITETIME
  D:0002H         SYMBOL        val
  D:0005H         SYMBOL        addr
  C:40CEH         LINE#         71
  C:40D0H         LINE#         72
  C:40D0H         LINE#         74
  C:40D2H         LINE#         75
  C:40D9H         LINE#         76
  C:40DEH         LINE#         77
  C:40E3H         LINE#         78
  C:40E5H         LINE#         79
  -------         ENDPROC       _SPI_WRITETIME
  -------         PROC          SPI_INIT
  C:41B5H         LINE#         83
  C:41B5H         LINE#         84
  C:41B5H         LINE#         89
  C:41B8H         LINE#         90
  C:41BBH         LINE#         91
  C:41BDH         LINE#         92
  C:41BFH         LINE#         93
  C:41C1H         LINE#         94
  -------         ENDPROC       SPI_INIT
  -------         PROC          _READ_TIME
  X:03D4H         SYMBOL        months
  X:03D7H         SYMBOL        days
  X:03DAH         SYMBOL        hours
  X:03DDH         SYMBOL        mins
  X:03E0H         SYMBOL        seconds
  C:3C89H         LINE#         96
  C:3C94H         LINE#         97
  C:3C94H         LINE#         99
  C:3CA8H         LINE#         101
  C:3CBCH         LINE#         103
  C:3CD0H         LINE#         108
  C:3CE4H         LINE#         113
  -------         ENDPROC       _READ_TIME
  -------         PROC          _BCDTODEC
  D:0007H         SYMBOL        bcd
  -------         DO            
  D:0006H         SYMBOL        hi
  D:0007H         SYMBOL        lo
BL51 BANKED LINKER/LOCATER V6.22                                                      03/22/2019  16:38:29  PAGE 15


  -------         ENDDO         
  C:4175H         LINE#         119
  C:4175H         LINE#         120
  C:4175H         LINE#         122
  C:417AH         LINE#         123
  C:417EH         LINE#         124
  C:4185H         LINE#         125
  -------         ENDPROC       _BCDTODEC
  -------         PROC          _DAY_OF_YEAR
  D:0007H         SYMBOL        months_bcd
  D:0005H         SYMBOL        days_bcd
  -------         DO            
  D:0004H         SYMBOL        months
  D:0007H         SYMBOL        days
  -------         ENDDO         
  C:3B90H         LINE#         126
  C:3B90H         LINE#         127
  C:3B90H         LINE#         130
  C:3B95H         LINE#         132
  C:3B9AH         LINE#         134
  C:3BD3H         LINE#         135
  C:3BD3H         LINE#         136
  C:3BD3H         LINE#         137
  C:3BD6H         LINE#         138
  C:3BD6H         LINE#         139
  C:3BD6H         LINE#         140
  C:3BDBH         LINE#         141
  C:3BDBH         LINE#         142
  C:3BDBH         LINE#         143
  C:3BE0H         LINE#         144
  C:3BE0H         LINE#         145
  C:3BE0H         LINE#         146
  C:3BE5H         LINE#         147
  C:3BE5H         LINE#         148
  C:3BE5H         LINE#         149
  C:3BEAH         LINE#         150
  C:3BEAH         LINE#         151
  C:3BEAH         LINE#         152
  C:3BEFH         LINE#         153
  C:3BEFH         LINE#         154
  C:3BEFH         LINE#         155
  C:3BF4H         LINE#         156
  C:3BF4H         LINE#         157
  C:3BF4H         LINE#         158
  C:3BF9H         LINE#         159
  C:3BF9H         LINE#         160
  C:3BF9H         LINE#         161
  C:3C01H         LINE#         162
  C:3C01H         LINE#         163
  C:3C01H         LINE#         164
  C:3C06H         LINE#         165
  C:3C06H         LINE#         166
  C:3C06H         LINE#         167
  C:3C0BH         LINE#         168
  C:3C0BH         LINE#         169
  C:3C0BH         LINE#         170
  C:3C13H         LINE#         171
BL51 BANKED LINKER/LOCATER V6.22                                                      03/22/2019  16:38:29  PAGE 16


  C:3C13H         LINE#         172
  C:3C13H         LINE#         173
  -------         ENDPROC       _DAY_OF_YEAR
  -------         ENDMOD        PCF85063BTL

  -------         MODULE        UART1
  C:0000H         SYMBOL        _ICE_DUMMY_
  D:0080H         PUBLIC        P0
  D:0090H         PUBLIC        P1
  D:00A0H         PUBLIC        P2
  D:00B0H         PUBLIC        P3
  D:00C0H         PUBLIC        P4
  D:00C8H         PUBLIC        P5
  B:00A8H.7       PUBLIC        EA
  D:00E8H         PUBLIC        P6
  D:00F8H         PUBLIC        P7
  C:3ED7H         PUBLIC        _SendString
  D:00A8H         PUBLIC        IE
  B:00A8H.4       PUBLIC        ES
  D:00B8H         PUBLIC        IP
  C:40E6H         PUBLIC        _ASCIItoBCD
  D:00D8H         PUBLIC        CCON
  C:4186H         PUBLIC        initUART1
  D:0098H         PUBLIC        SCON
  D:0088H         PUBLIC        TCON
  C:000AH         PUBLIC        _DectoBCD
  C:4208H         PUBLIC        _ASCII_Letter
  D:008EH         PUBLIC        AUXR
  C:4203H         PUBLIC        _unit
  C:0003H         PUBLIC        _ten
  D:00D6H         PUBLIC        T2H
  D:00D7H         PUBLIC        T2L
  D:00D0H         PUBLIC        PSW
  -------         PROC          INITUART1
  C:4186H         LINE#         21
  C:4186H         LINE#         22
  C:4186H         LINE#         23
  C:4189H         LINE#         24
  C:418CH         LINE#         25
  C:418FH         LINE#         26
  C:4192H         LINE#         27
  C:4194H         LINE#         28
  C:4196H         LINE#         30
  -------         ENDPROC       INITUART1
  -------         PROC          _SENDSTRING
  X:0688H         SYMBOL        s
  C:3ED7H         LINE#         35
  C:3EE2H         LINE#         36
  C:3EE2H         LINE#         37
  C:3EF2H         LINE#         38
  C:3EF2H         LINE#         39
  C:3F07H         LINE#         40
  C:3F09H         LINE#         41
  -------         ENDPROC       _SENDSTRING
  -------         PROC          _TEN
  D:0007H         SYMBOL        BCD
  C:0003H         LINE#         43
BL51 BANKED LINKER/LOCATER V6.22                                                      03/22/2019  16:38:29  PAGE 17


  C:0003H         LINE#         44
  C:0003H         LINE#         45
  C:0008H         LINE#         46
  -------         ENDPROC       _TEN
  -------         PROC          _UNIT
  D:0007H         SYMBOL        BCD
  C:4203H         LINE#         47
  C:4203H         LINE#         48
  C:4203H         LINE#         52
  C:4207H         LINE#         53
  -------         ENDPROC       _UNIT
  -------         PROC          _DECTOBCD
  D:0007H         SYMBOL        dec
  C:000AH         LINE#         54
  C:000AH         LINE#         55
  C:000AH         LINE#         57
  C:000AH         LINE#         58
  -------         ENDPROC       _DECTOBCD
  -------         PROC          _ASCII_LETTER
  D:0007H         SYMBOL        dat
  C:4208H         LINE#         60
  C:4208H         LINE#         61
  C:4208H         LINE#         63
  C:420CH         LINE#         64
  -------         ENDPROC       _ASCII_LETTER
  -------         PROC          _ASCIITOBCD
  D:0001H         SYMBOL        ascii
  -------         DO            
  D:0007H         SYMBOL        dec_val
  D:0006H         SYMBOL        ten
  D:0007H         SYMBOL        unit
  -------         ENDDO         
  C:40E6H         LINE#         66
  C:40E6H         LINE#         67
  C:40E6H         LINE#         69
  C:40E9H         LINE#         70
  C:40EFH         LINE#         71
  C:40F6H         LINE#         72
  C:40FCH         LINE#         74
  -------         ENDPROC       _ASCIITOBCD
  -------         ENDMOD        UART1

  -------         MODULE        LCD_DRIVER_SPLC780D
  C:0000H         SYMBOL        _ICE_DUMMY_
  D:0092H         PUBLIC        P1M0
  D:0091H         PUBLIC        P1M1
  D:0080H         PUBLIC        P0
  D:0090H         PUBLIC        P1
  D:00A0H         PUBLIC        P2
  D:00B0H         PUBLIC        P3
  D:00C0H         PUBLIC        P4
  D:00C8H         PUBLIC        P5
  D:00E8H         PUBLIC        P6
  D:00F8H         PUBLIC        P7
  C:3C14H         PUBLIC        _WriteData
  D:00A8H         PUBLIC        IE
  D:00B8H         PUBLIC        IP
BL51 BANKED LINKER/LOCATER V6.22                                                      03/22/2019  16:38:29  PAGE 18


  D:00D8H         PUBLIC        CCON
  B:0090H.4       PUBLIC        LCD_D4
  B:0090H.5       PUBLIC        LCD_D5
  B:0090H.6       PUBLIC        LCD_D6
  C:407BH         PUBLIC        _DisplayLCD
  B:0090H.7       PUBLIC        LCD_D7
  D:0098H         PUBLIC        SCON
  D:0088H         PUBLIC        TCON
  C:41E4H         PUBLIC        LCD_clear
  C:3E28H         PUBLIC        _Command
  C:000EH         PUBLIC        _Display_Line
  C:3CF8H         PUBLIC        LCD_Init
  C:3FBFH         PUBLIC        _Wait_ms
  B:0090H.1       PUBLIC        LCD_RS
  B:0090H.2       PUBLIC        LCD_RW
  C:41DAH         PUBLIC        LCD_return_home
  B:0090H.3       PUBLIC        LCD_E
  D:00D0H         PUBLIC        PSW
  -------         PROC          LCD_INIT
  C:3CF8H         LINE#         9
  C:3CF8H         LINE#         10
  C:3CF8H         LINE#         11
  C:3CFBH         LINE#         12
  C:3CFEH         LINE#         14
  C:3D04H         LINE#         15
  C:3D09H         LINE#         17
  C:3D10H         LINE#         18
  C:3D15H         LINE#         20
  C:3D18H         LINE#         21
  C:3D1DH         LINE#         23
  C:3D20H         LINE#         24
  C:3D25H         LINE#         26
  C:3D2CH         LINE#         29
  C:3D31H         LINE#         30
  C:3D36H         LINE#         32
  C:3D3BH         LINE#         33
  C:3D40H         LINE#         35
  C:3D45H         LINE#         36
  C:3D4AH         LINE#         37
  -------         ENDPROC       LCD_INIT
  -------         PROC          _WRITEDATA
  X:04B1H         SYMBOL        dat
  C:3C14H         LINE#         40
  C:3C19H         LINE#         41
  C:3C19H         LINE#         46
  C:3C1BH         LINE#         47
  C:3C1DH         LINE#         49
  C:3C2BH         LINE#         50
  C:3C37H         LINE#         51
  C:3C43H         LINE#         52
  C:3C4DH         LINE#         53
  C:3C4FH         LINE#         54
  C:3C56H         LINE#         55
  C:3C58H         LINE#         57
  C:3C68H         LINE#         58
  C:3C73H         LINE#         59
  C:3C7DH         LINE#         60
BL51 BANKED LINKER/LOCATER V6.22                                                      03/22/2019  16:38:29  PAGE 19


  C:3C81H         LINE#         62
  C:3C81H         LINE#         63
  C:3C84H         LINE#         64
  C:3C86H         LINE#         65
  C:3C88H         LINE#         67
  -------         ENDPROC       _WRITEDATA
  -------         PROC          _COMMAND
  D:0007H         SYMBOL        dat
  C:3E28H         LINE#         69
  C:3E28H         LINE#         70
  C:3E28H         LINE#         71
  C:3E2AH         LINE#         72
  C:3E2CH         LINE#         74
  C:3E36H         LINE#         75
  C:3E3AH         LINE#         77
  C:3E3CH         LINE#         78
  C:3E45H         LINE#         79
  C:3E49H         LINE#         81
  C:3E4BH         LINE#         82
  C:3E52H         LINE#         83
  C:3E56H         LINE#         85
  C:3E58H         LINE#         86
  C:3E5CH         LINE#         87
  C:3E60H         LINE#         89
  C:3E62H         LINE#         90
  C:3E62H         LINE#         91
  C:3E65H         LINE#         92
  C:3E67H         LINE#         93
  -------         ENDPROC       _COMMAND
  C:3FBBH         SYMBOL        L?0028
  -------         PROC          L?0027
  -------         ENDPROC       L?0027
  C:3FBBH         SYMBOL        L?0028
  -------         PROC          _WAIT_MS
  D:0006H         SYMBOL        ms
  -------         DO            
  D:0004H         SYMBOL        De_Cnt
  -------         ENDDO         
  C:3FBFH         LINE#         95
  C:3FBFH         LINE#         96
  C:3FBFH         LINE#         98
  C:3FC9H         LINE#         99
  C:3FC9H         LINE#         100
  C:3FDCH         LINE#         101
  C:3FDCH         LINE#         102
  -------         ENDPROC       _WAIT_MS
  -------         PROC          _DISPLAYLCD
  D:0007H         SYMBOL        BCD
  -------         DO            
  D:0006H         SYMBOL        first_digit
  X:03D4H         SYMBOL        second_digit
  -------         ENDDO         
  C:407BH         LINE#         103
  C:407BH         LINE#         104
  C:407BH         LINE#         106
  C:4082H         LINE#         107
  C:408BH         LINE#         109
BL51 BANKED LINKER/LOCATER V6.22                                                      03/22/2019  16:38:29  PAGE 20


  C:4090H         LINE#         111
  -------         ENDPROC       _DISPLAYLCD
  -------         PROC          LCD_RETURN_HOME
  C:41DAH         LINE#         115
  C:41DAH         LINE#         116
  C:41DAH         LINE#         117
  C:41DFH         LINE#         118
  -------         ENDPROC       LCD_RETURN_HOME
  -------         PROC          LCD_CLEAR
  C:41E4H         LINE#         121
  C:41E4H         LINE#         122
  C:41E4H         LINE#         123
  C:41E9H         LINE#         124
  -------         ENDPROC       LCD_CLEAR
  -------         PROC          _DISPLAY_LINE
  D:0006H         SYMBOL        line
  C:000EH         LINE#         128
  C:000EH         LINE#         129
  C:000EH         LINE#         130
  C:0014H         LINE#         131
  C:0014H         LINE#         132
  C:0016H         LINE#         133
  C:0016H         LINE#         134
  C:0018H         LINE#         136
  C:0018H         LINE#         137
  C:001DH         LINE#         138
  C:0022H         LINE#         139
  C:0022H         LINE#         140
  -------         ENDPROC       _DISPLAY_LINE
  -------         ENDMOD        LCD_DRIVER_SPLC780D

  -------         MODULE        KEYPAD
  C:0000H         SYMBOL        _ICE_DUMMY_
  D:0093H         PUBLIC        P0M1
  D:0080H         PUBLIC        P0
  D:0090H         PUBLIC        P1
  D:00A0H         PUBLIC        P2
  D:00B0H         PUBLIC        P3
  D:00C0H         PUBLIC        P4
  D:00C8H         PUBLIC        P5
  B:0020H.0       PUBLIC        calib_mode
  D:00E8H         PUBLIC        P6
  D:00F8H         PUBLIC        P7
  D:00A8H         PUBLIC        IE
  C:314BH         PUBLIC        Key_Scan
  D:00B8H         PUBLIC        IP
  D:00D8H         PUBLIC        CCON
  C:41C2H         PUBLIC        KeyPad_IO_Init
  C:403FH         PUBLIC        _Delay_ms
  D:0098H         PUBLIC        SCON
  D:0088H         PUBLIC        TCON
  B:0020H.1       PUBLIC        small_move
  B:0020H.2       PUBLIC        move
  B:0020H.3       PUBLIC        direction
  B:0020H.4       PUBLIC        auto_move
  B:0020H.5       PUBLIC        selected_motor
  C:294EH         PUBLIC        Key_Process
BL51 BANKED LINKER/LOCATER V6.22                                                      03/22/2019  16:38:29  PAGE 21


  D:00D0H         PUBLIC        PSW
  D:0094H         PUBLIC        P0M0
  -------         PROC          _DELAY_MS
  D:0006H         SYMBOL        ms
  -------         DO            
  D:0004H         SYMBOL        De_Cnt
  -------         ENDDO         
  C:403FH         LINE#         22
  C:403FH         LINE#         23
  C:403FH         LINE#         25
  C:4049H         LINE#         26
  C:4049H         LINE#         27
  C:405CH         LINE#         28
  C:405CH         LINE#         29
  -------         ENDPROC       _DELAY_MS
  -------         PROC          KEY_SCAN
  -------         DO            
  X:03DAH         SYMBOL        KeyTemp1
  X:03DBH         SYMBOL        KeyTemp2
  X:03DCH         SYMBOL        KeyValue
  -------         ENDDO         
  C:314BH         LINE#         30
  C:314BH         LINE#         31
  C:314BH         LINE#         36
  C:314EH         LINE#         39
  C:3151H         LINE#         41
  C:3159H         LINE#         42
  C:3160H         LINE#         43
  C:3160H         LINE#         45
  C:3165H         LINE#         46
  C:316CH         LINE#         47
  C:316CH         LINE#         50
  C:316FH         LINE#         51
  C:3172H         LINE#         52
  C:3177H         LINE#         53
  C:317BH         LINE#         54
  C:317BH         LINE#         55
  C:3183H         LINE#         56
  C:3183H         LINE#         57
  C:3186H         LINE#         58
  C:318EH         LINE#         59
  C:3190H         LINE#         61
  C:31A4H         LINE#         62
  C:31A4H         LINE#         63
  C:31A4H         LINE#         64
  C:31A4H         LINE#         65
  C:31AAH         LINE#         67
  C:31ACH         LINE#         68
  C:31ACH         LINE#         69
  C:31ACH         LINE#         70
  C:31B2H         LINE#         72
  C:31B4H         LINE#         73
  C:31B4H         LINE#         74
  C:31B4H         LINE#         75
  C:31BAH         LINE#         77
  C:31BCH         LINE#         78
  C:31BCH         LINE#         79
BL51 BANKED LINKER/LOCATER V6.22                                                      03/22/2019  16:38:29  PAGE 22


  C:31BCH         LINE#         80
  C:31C2H         LINE#         82
  C:31C2H         LINE#         83
  C:31C2H         LINE#         84
  C:31C2H         LINE#         87
  C:31C5H         LINE#         88
  C:31C8H         LINE#         89
  C:31D0H         LINE#         90
  C:31D4H         LINE#         91
  C:31D4H         LINE#         92
  C:31DCH         LINE#         93
  C:31DCH         LINE#         94
  C:31DFH         LINE#         95
  C:31E7H         LINE#         96
  C:31E9H         LINE#         97
  C:31FDH         LINE#         98
  C:31FDH         LINE#         99
  C:31FDH         LINE#         100
  C:31FDH         LINE#         101
  C:3203H         LINE#         103
  C:3205H         LINE#         104
  C:3205H         LINE#         105
  C:3205H         LINE#         106
  C:320BH         LINE#         108
  C:320DH         LINE#         109
  C:320DH         LINE#         110
  C:320DH         LINE#         111
  C:3213H         LINE#         113
  C:3215H         LINE#         114
  C:3215H         LINE#         115
  C:3215H         LINE#         116
  C:321AH         LINE#         118
  C:321AH         LINE#         119
  C:321AH         LINE#         120
  C:321AH         LINE#         123
  C:321DH         LINE#         124
  C:3220H         LINE#         125
  C:3228H         LINE#         126
  C:322CH         LINE#         127
  C:322CH         LINE#         128
  C:3234H         LINE#         129
  C:3234H         LINE#         130
  C:3237H         LINE#         131
  C:323FH         LINE#         132
  C:3241H         LINE#         133
  C:3255H         LINE#         134
  C:3255H         LINE#         135
  C:3255H         LINE#         136
  C:3255H         LINE#         137
  C:325BH         LINE#         139
  C:325DH         LINE#         140
  C:325DH         LINE#         141
  C:325DH         LINE#         142
  C:3263H         LINE#         144
  C:3265H         LINE#         145
  C:3265H         LINE#         146
  C:3265H         LINE#         147
BL51 BANKED LINKER/LOCATER V6.22                                                      03/22/2019  16:38:29  PAGE 23


  C:326BH         LINE#         149
  C:326DH         LINE#         150
  C:326DH         LINE#         151
  C:326DH         LINE#         152
  C:3273H         LINE#         154
  C:3273H         LINE#         155
  C:3273H         LINE#         156
  C:3273H         LINE#         160
  C:3276H         LINE#         161
  C:3279H         LINE#         162
  C:3281H         LINE#         163
  C:3285H         LINE#         164
  C:3285H         LINE#         165
  C:328DH         LINE#         166
  C:328DH         LINE#         167
  C:3290H         LINE#         168
  C:3298H         LINE#         169
  C:329AH         LINE#         170
  C:32AEH         LINE#         171
  C:32AEH         LINE#         172
  C:32AEH         LINE#         173
  C:32AEH         LINE#         174
  C:32B4H         LINE#         176
  C:32B6H         LINE#         177
  C:32B6H         LINE#         178
  C:32B6H         LINE#         179
  C:32BCH         LINE#         181
  C:32BEH         LINE#         182
  C:32BEH         LINE#         183
  C:32BEH         LINE#         184
  C:32C4H         LINE#         186
  C:32C6H         LINE#         187
  C:32C6H         LINE#         188
  C:32C6H         LINE#         189
  C:32CCH         LINE#         191
  C:32CCH         LINE#         192
  C:32CCH         LINE#         193
  C:32CCH         LINE#         195
  C:32D2H         LINE#         196
  C:32D2H         LINE#         198
  C:32D2H         LINE#         199
  C:32D5H         LINE#         200
  C:32D5H         LINE#         201
  C:32D5H         LINE#         203
  C:32D5H         LINE#         204
  C:32D7H         LINE#         205
  C:32D7H         LINE#         206
  -------         ENDPROC       KEY_SCAN
  -------         PROC          KEY_PROCESS
  -------         DO            
  X:0672H         SYMBOL        KeyCount
  X:0674H         SYMBOL        KeyNum_Old
  X:0675H         SYMBOL        KeyNum
  X:0676H         SYMBOL        PressedKey
  X:03D4H         SYMBOL        d
  D:0004H         SYMBOL        hours
  D:0006H         SYMBOL        mins
BL51 BANKED LINKER/LOCATER V6.22                                                      03/22/2019  16:38:29  PAGE 24


  X:03D6H         SYMBOL        months
  X:03D8H         SYMBOL        days
  -------         ENDDO         
  C:294EH         LINE#         207
  C:294EH         LINE#         208
  C:294EH         LINE#         212
  C:2956H         LINE#         213
  C:295EH         LINE#         215
  C:2961H         LINE#         216
  C:2961H         LINE#         217
  C:2964H         LINE#         219
  C:2964H         LINE#         220
  C:2971H         LINE#         221
  C:2971H         LINE#         222
  C:2974H         LINE#         223
  C:2977H         LINE#         225
  C:297AH         LINE#         227
  C:297AH         LINE#         228
  C:2985H         LINE#         229
  C:2985H         LINE#         230
  C:2988H         LINE#         232
  C:2988H         LINE#         233
  C:298FH         LINE#         234
  C:298FH         LINE#         235
  C:2992H         LINE#         237
  C:2992H         LINE#         238
  C:299AH         LINE#         239
  C:299AH         LINE#         240
  C:29A4H         LINE#         241
  C:29ACH         LINE#         243
  C:29B5H         LINE#         245
  C:29B5H         LINE#         254
  C:29CAH         LINE#         255
  C:29CAH         LINE#         256
  C:29DCH         LINE#         257
  C:29EAH         LINE#         258
  C:29F9H         LINE#         259
  C:29F9H         LINE#         261
  C:29FFH         LINE#         265
  C:2A15H         LINE#         266
  C:2A26H         LINE#         267
  C:2A41H         LINE#         268
  C:2A41H         LINE#         269
  C:2A51H         LINE#         270
  C:2A62H         LINE#         271
  C:2A62H         LINE#         272
  C:2A6AH         LINE#         273
  C:2A6AH         LINE#         274
  C:2A6CH         LINE#         275
  C:2A6EH         LINE#         276
  C:2A72H         LINE#         277
  C:2A72H         LINE#         278
  C:2A74H         LINE#         279
  C:2A74H         LINE#         283
  C:2A8DH         LINE#         284
  C:2AA4H         LINE#         285
  C:2AC4H         LINE#         286
BL51 BANKED LINKER/LOCATER V6.22                                                      03/22/2019  16:38:29  PAGE 25


  C:2AC4H         LINE#         287
  C:2ACEH         LINE#         288
  C:2ACEH         LINE#         289
  C:2AD7H         LINE#         290
  C:2AD7H         LINE#         291
  C:2AEBH         LINE#         292
  C:2AEBH         LINE#         293
  C:2AEBH         LINE#         294
  C:2AEBH         LINE#         295
  C:2AEBH         LINE#         296
  C:2AEDH         LINE#         298
  C:2AEDH         LINE#         299
  C:2AF9H         LINE#         300
  C:2AF9H         LINE#         301
  C:2B0AH         LINE#         302
  C:2B0AH         LINE#         303
  C:2B0AH         LINE#         304
  C:2B0AH         LINE#         305
  C:2B0AH         LINE#         307
  C:2B0CH         LINE#         309
  C:2B0CH         LINE#         310
  C:2B1DH         LINE#         311
  C:2B1DH         LINE#         312
  C:2B1DH         LINE#         313
  C:2B1DH         LINE#         314
  C:2B1DH         LINE#         316
  C:2B1DH         LINE#         318
  C:2B1DH         LINE#         319
  C:2B1FH         LINE#         321
  C:2B1FH         LINE#         322
  C:2B32H         LINE#         323
  C:2B32H         LINE#         324
  C:2B43H         LINE#         325
  C:2B43H         LINE#         326
  C:2B43H         LINE#         327
  C:2B43H         LINE#         328
  C:2B43H         LINE#         329
  C:2B45H         LINE#         331
  C:2B45H         LINE#         332
  C:2B56H         LINE#         333
  C:2B56H         LINE#         334
  C:2B67H         LINE#         335
  C:2B78H         LINE#         336
  C:2B78H         LINE#         337
  C:2B78H         LINE#         338
  C:2B78H         LINE#         339
  C:2B78H         LINE#         340
  C:2B7BH         LINE#         341
  C:2B80H         LINE#         342
  C:2B85H         LINE#         343
  C:2B8AH         LINE#         344
  C:2B8FH         LINE#         345
  C:2B94H         LINE#         346
  C:2B99H         LINE#         347
  C:2B9EH         LINE#         348
  C:2B9EH         LINE#         350
  C:2BC0H         LINE#         351
BL51 BANKED LINKER/LOCATER V6.22                                                      03/22/2019  16:38:29  PAGE 26


  C:2BC0H         LINE#         352
  C:2BCAH         LINE#         353
  C:2BCAH         LINE#         354
  C:2BCFH         LINE#         355
  C:2BD8H         LINE#         356
  C:2BEFH         LINE#         357
  C:2BEFH         LINE#         358
  C:2BFFH         LINE#         360
  C:2BFFH         LINE#         364
  -------         ENDPROC       KEY_PROCESS
  -------         PROC          KEYPAD_IO_INIT
  C:41C2H         LINE#         367
  C:41C2H         LINE#         368
  C:41C2H         LINE#         369
  C:41C5H         LINE#         370
  C:41C8H         LINE#         371
  C:41CBH         LINE#         372
  C:41CDH         LINE#         373
  -------         ENDPROC       KEYPAD_IO_INIT
  -------         ENDMOD        KEYPAD

  -------         MODULE        VCNL4035
  C:0000H         SYMBOL        _ICE_DUMMY_
  D:0080H         PUBLIC        P0
  B:00B0H.2       PUBLIC        I2C_SCK
  D:00B2H         PUBLIC        P3M0
  D:0090H         PUBLIC        P1
  D:00B1H         PUBLIC        P3M1
  D:00A0H         PUBLIC        P2
  D:00B0H         PUBLIC        P3
  D:00C0H         PUBLIC        P4
  D:00C8H         PUBLIC        P5
  D:00E8H         PUBLIC        P6
  D:00F8H         PUBLIC        P7
  D:00A8H         PUBLIC        IE
  C:41FDH         PUBLIC        _DisplayLCD_VCNL4035
  D:00B8H         PUBLIC        IP
  D:00D8H         PUBLIC        CCON
  C:4151H         PUBLIC        I2C_Start
  D:0098H         PUBLIC        SCON
  C:40FDH         PUBLIC        I2C_Init
  D:0088H         PUBLIC        TCON
  C:4197H         PUBLIC        uC_NACK
  C:3F9BH         PUBLIC        _Wait_ms_i2c
  C:3FDDH         PUBLIC        _I2C_SendByte
  C:4114H         PUBLIC        I2C_Stop
  C:3D9BH         PUBLIC        _Write_VCNL4035X
  C:420DH         PUBLIC        nop
  C:39D6H         PUBLIC        _Read_VCNL4035
  C:41F7H         PUBLIC        uC_ACK
  C:409DH         PUBLIC        I2C_ACK
  C:405DH         PUBLIC        _Wait_ms_iic
  B:00B0H.1       PUBLIC        I2C_SDA
  D:00D0H         PUBLIC        PSW
  C:3F10H         PUBLIC        I2C_ReceiveByte
  -------         PROC          _WAIT_MS_IIC
  D:0006H         SYMBOL        ms
BL51 BANKED LINKER/LOCATER V6.22                                                      03/22/2019  16:38:29  PAGE 27


  -------         DO            
  D:0004H         SYMBOL        De_Cnt
  -------         ENDDO         
  C:405DH         LINE#         5
  C:405DH         LINE#         6
  C:405DH         LINE#         8
  C:4067H         LINE#         9
  C:4067H         LINE#         10
  C:407AH         LINE#         11
  C:407AH         LINE#         12
  -------         ENDPROC       _WAIT_MS_IIC
  C:3F95H         SYMBOL        L?0048
  C:3F97H         SYMBOL        L?0049
  -------         PROC          L?0047
  -------         ENDPROC       L?0047
  C:3F95H         SYMBOL        L?0048
  C:3F97H         SYMBOL        L?0049
  -------         PROC          _WAIT_MS_I2C
  D:0006H         SYMBOL        ms
  -------         DO            
  D:0004H         SYMBOL        De_Cnt
  -------         ENDDO         
  C:3F9BH         LINE#         14
  C:3F9BH         LINE#         15
  C:3F9BH         LINE#         17
  C:3FA5H         LINE#         18
  C:3FA5H         LINE#         19
  C:3FB8H         LINE#         20
  C:3FB8H         LINE#         21
  -------         ENDPROC       _WAIT_MS_I2C
  -------         PROC          NOP
  C:420DH         LINE#         22
  C:420DH         LINE#         23
  C:420DH         LINE#         25
  -------         ENDPROC       NOP
  -------         PROC          I2C_START
  C:4151H         LINE#         26
  C:4151H         LINE#         27
  C:4151H         LINE#         29
  C:4153H         LINE#         30
  C:4155H         LINE#         31
  C:415CH         LINE#         32
  C:415EH         LINE#         33
  C:4161H         LINE#         34
  C:4163H         LINE#         37
  -------         ENDPROC       I2C_START
  -------         PROC          I2C_STOP
  C:4114H         LINE#         39
  C:4114H         LINE#         40
  C:4114H         LINE#         41
  C:4116H         LINE#         42
  C:4118H         LINE#         43
  C:411BH         LINE#         44
  C:411DH         LINE#         45
  C:411FH         LINE#         46
  C:4126H         LINE#         47
  C:4128H         LINE#         50
BL51 BANKED LINKER/LOCATER V6.22                                                      03/22/2019  16:38:29  PAGE 28


  -------         ENDPROC       I2C_STOP
  -------         PROC          L?0050
  -------         ENDPROC       L?0050
  -------         PROC          I2C_ACK
  -------         DO            
  X:03D7H         SYMBOL        i
  D:0003H         SYMBOL        dat
  -------         ENDDO         
  C:409DH         LINE#         52
  C:409DH         LINE#         53
  C:409DH         LINE#         55
  C:409EH         LINE#         60
  C:40A1H         LINE#         61
  C:40A3H         LINE#         62
  C:40A6H         LINE#         64
  C:40A9H         LINE#         65
  C:40A9H         LINE#         66
  C:40ADH         LINE#         67
  C:40ADH         LINE#         70
  C:40ADH         LINE#         71
  C:40B0H         LINE#         72
  C:40B0H         LINE#         73
  C:40B2H         LINE#         74
  -------         ENDPROC       I2C_ACK
  -------         PROC          UC_ACK
  -------         DO            
  X:068BH         SYMBOL        i
  -------         ENDDO         
  C:41F7H         LINE#         75
  C:41F7H         LINE#         76
  C:41F7H         LINE#         78
  C:41F7H         LINE#         85
  C:41F7H         LINE#         87
  C:41F7H         LINE#         89
  C:41F7H         LINE#         90
  C:41F7H         LINE#         93
  C:41FAH         LINE#         94
  C:41FCH         LINE#         95
  C:41FCH         LINE#         99
  -------         ENDPROC       UC_ACK
  -------         PROC          UC_NACK
  -------         DO            
  X:068CH         SYMBOL        i
  -------         ENDDO         
  C:4197H         LINE#         101
  C:4197H         LINE#         102
  C:4197H         LINE#         104
  C:4197H         LINE#         108
  C:4199H         LINE#         111
  C:4199H         LINE#         112
  C:419BH         LINE#         113
  C:419BH         LINE#         115
  C:419BH         LINE#         116
  C:419BH         LINE#         119
  C:419EH         LINE#         120
  C:41A0H         LINE#         121
  C:41A3H         LINE#         122
BL51 BANKED LINKER/LOCATER V6.22                                                      03/22/2019  16:38:29  PAGE 29


  C:41A5H         LINE#         123
  C:41A5H         LINE#         127
  -------         ENDPROC       UC_NACK
  -------         PROC          I2C_INIT
  C:40FDH         LINE#         129
  C:40FDH         LINE#         130
  C:40FDH         LINE#         133
  C:4100H         LINE#         134
  C:4103H         LINE#         139
  C:410BH         LINE#         141
  -------         ENDPROC       I2C_INIT
  -------         PROC          _I2C_SENDBYTE
  D:0001H         SYMBOL        dat
  -------         DO            
  D:0003H         SYMBOL        i
  -------         ENDDO         
  C:3FDDH         LINE#         145
  C:3FDFH         LINE#         146
  C:3FDFH         LINE#         149
  C:3FE1H         LINE#         150
  C:3FE1H         LINE#         151
  C:3FE3H         LINE#         153
  C:3FE7H         LINE#         154
  C:3FE7H         LINE#         155
  C:3FE9H         LINE#         156
  C:3FEBH         LINE#         158
  C:3FEBH         LINE#         159
  C:3FEDH         LINE#         160
  C:3FEDH         LINE#         161
  C:3FF0H         LINE#         162
  C:3FF2H         LINE#         164
  C:3FF6H         LINE#         165
  C:3FF9H         LINE#         166
  C:3FFEH         LINE#         167
  -------         ENDPROC       _I2C_SENDBYTE
  -------         PROC          L?0051
  -------         ENDPROC       L?0051
  -------         PROC          I2C_RECEIVEBYTE
  -------         DO            
  D:0003H         SYMBOL        i
  D:0001H         SYMBOL        dat
  -------         ENDDO         
  C:3F10H         LINE#         171
  C:3F10H         LINE#         172
  C:3F10H         LINE#         174
  C:3F12H         LINE#         178
  C:3F13H         LINE#         179
  C:3F13H         LINE#         180
  C:3F17H         LINE#         181
  C:3F19H         LINE#         182
  C:3F1CH         LINE#         184
  C:3F1FH         LINE#         185
  C:3F1FH         LINE#         186
  C:3F23H         LINE#         187
  C:3F23H         LINE#         188
  C:3F23H         LINE#         189
  C:3F26H         LINE#         190
BL51 BANKED LINKER/LOCATER V6.22                                                      03/22/2019  16:38:29  PAGE 30


  C:3F2AH         LINE#         191
  C:3F2AH         LINE#         192
  C:3F2CH         LINE#         193
  C:3F2EH         LINE#         194
  C:3F2EH         LINE#         196
  C:3F33H         LINE#         197
  C:3F35H         LINE#         198
  -------         ENDPROC       I2C_RECEIVEBYTE
  -------         PROC          _WRITE_VCNL4035X
  X:03D4H         SYMBOL        command_code
  X:03D5H         SYMBOL        dat_h
  X:03D6H         SYMBOL        dat_l
  C:3D9BH         LINE#         199
  C:3DA6H         LINE#         200
  C:3DA6H         LINE#         201
  C:3DA9H         LINE#         202
  C:3DB0H         LINE#         203
  C:3DB0H         LINE#         204
  C:3DB6H         LINE#         205
  C:3DB6H         LINE#         206
  C:3DBEH         LINE#         207
  C:3DBEH         LINE#         208
  C:3DC4H         LINE#         209
  C:3DCCH         LINE#         211
  C:3DD2H         LINE#         212
  C:3DDAH         LINE#         214
  C:3DE0H         LINE#         215
  C:3DE3H         LINE#         216
  -------         ENDPROC       _WRITE_VCNL4035X
  -------         PROC          _READ_VCNL4035
  X:067BH         SYMBOL        command_code
  -------         DO            
  X:067DH         SYMBOL        temp_dat
  X:067FH         SYMBOL        temp_dat_l
  X:0681H         SYMBOL        temp_dat_h
  -------         ENDDO         
  C:39D6H         LINE#         218
  C:39DEH         LINE#         219
  C:39DEH         LINE#         220
  C:39EBH         LINE#         222
  C:39EEH         LINE#         223
  C:39F1H         LINE#         224
  C:39F6H         LINE#         226
  C:39FCH         LINE#         227
  C:39FCH         LINE#         228
  C:39FCH         LINE#         229
  C:39FCH         LINE#         230
  C:3A07H         LINE#         231
  C:3A0AH         LINE#         232
  C:3A0DH         LINE#         233
  C:3A0DH         LINE#         236
  C:3A10H         LINE#         238
  C:3A17H         LINE#         239
  C:3A17H         LINE#         240
  C:3A17H         LINE#         241
  C:3A22H         LINE#         242
  C:3A25H         LINE#         243
BL51 BANKED LINKER/LOCATER V6.22                                                      03/22/2019  16:38:29  PAGE 31


  C:3A28H         LINE#         244
  C:3A2BH         LINE#         245
  C:3A2EH         LINE#         246
  C:3A31H         LINE#         247
  C:3A34H         LINE#         248
  C:3A37H         LINE#         249
  C:3A3AH         LINE#         250
  C:3A3AH         LINE#         251
  C:3A40H         LINE#         252
  C:3A40H         LINE#         253
  C:3A49H         LINE#         255
  C:3A49H         LINE#         256
  C:3A4FH         LINE#         257
  C:3A4FH         LINE#         259
  C:3A51H         LINE#         260
  C:3A57H         LINE#         261
  C:3A5AH         LINE#         262
  C:3A61H         LINE#         263
  C:3A61H         LINE#         264
  C:3A6FH         LINE#         265
  -------         ENDPROC       _READ_VCNL4035
  -------         PROC          _DISPLAYLCD_VCNL4035
  X:068DH         SYMBOL        dat
  C:41FDH         LINE#         267
  C:4202H         LINE#         268
  C:4202H         LINE#         270
  -------         ENDPROC       _DISPLAYLCD_VCNL4035
  -------         ENDMOD        VCNL4035

  -------         MODULE        BIPOLARMOTOR
  C:0000H         SYMBOL        _ICE_DUMMY_
  D:0080H         PUBLIC        P0
  D:0090H         PUBLIC        P1
  D:00A0H         PUBLIC        P2
  D:00B0H         PUBLIC        P3
  D:00C0H         PUBLIC        P4
  D:00C8H         PUBLIC        P5
  D:00E8H         PUBLIC        P6
  D:00F8H         PUBLIC        P7
  D:00A8H         PUBLIC        IE
  C:3505H         PUBLIC        linear_interpolate
  C:3A70H         PUBLIC        _Move_2ndMotor
  X:0000H         PUBLIC        RX_angle
  C:36C7H         PUBLIC        _Move
  D:00B8H         PUBLIC        IP
  C:2E0CH         PUBLIC        _findDet3x3
  C:268EH         PUBLIC        _findDet4x4
  D:00D8H         PUBLIC        CCON
  X:01B8H         PUBLIC        previous_move_time
  C:3F62H         PUBLIC        _Step_move_2ndMotor
  X:01B9H         PUBLIC        lcd
  D:0098H         PUBLIC        SCON
  D:0088H         PUBLIC        TCON
  C:3F36H         PUBLIC        _Step_move
  C:0026H         PUBLIC        _Update_position
  X:01BBH         PUBLIC        date_azimuth_mapping_symmetry_side
  X:01CFH         PUBLIC        elevation_stamp
BL51 BANKED LINKER/LOCATER V6.22                                                      03/22/2019  16:38:29  PAGE 32


  X:01FBH         PUBLIC        date_azimuth_mapping
  X:020FH         PUBLIC        RX_pos
  C:40BDH         PUBLIC        _BCDtoDec1
  C:2C0BH         PUBLIC        _Display_Pos
  X:03C7H         PUBLIC        degree
  D:00D0H         PUBLIC        PSW
  C:40B3H         SYMBOL        L?0124
  C:40B6H         SYMBOL        L?0125
  -------         PROC          L?0123
  -------         ENDPROC       L?0123
  C:40B3H         SYMBOL        L?0124
  C:40B6H         SYMBOL        L?0125
  -------         PROC          _BCDTODEC1
  D:0007H         SYMBOL        bcd
  -------         DO            
  D:0006H         SYMBOL        hi
  D:0007H         SYMBOL        lo
  -------         ENDDO         
  C:40BDH         LINE#         31
  C:40BDH         LINE#         32
  C:40BDH         LINE#         34
  C:40C2H         LINE#         35
  C:40C6H         LINE#         36
  C:40CDH         LINE#         37
  -------         ENDPROC       _BCDTODEC1
  -------         PROC          _STEP_MOVE
  X:04A6H         SYMBOL        step
  B:0021H.2       SYMBOL        dir
  -------         DO            
  X:04A8H         SYMBOL        i
  -------         ENDDO         
  C:3F36H         LINE#         43
  C:3F3EH         LINE#         44
  C:3F3EH         LINE#         45
  C:3F43H         LINE#         46
  C:3F46H         LINE#         47
  C:3F4BH         LINE#         49
  C:3F4EH         LINE#         52
  C:3F4EH         LINE#         53
  C:3F51H         LINE#         54
  C:3F58H         LINE#         55
  C:3F5BH         LINE#         56
  -------         ENDPROC       _STEP_MOVE
  -------         PROC          _STEP_MOVE_2NDMOTOR
  X:04A2H         SYMBOL        step
  B:0021H.2       SYMBOL        dir
  -------         DO            
  X:04A4H         SYMBOL        i
  -------         ENDDO         
  C:3F62H         LINE#         62
  C:3F6AH         LINE#         63
  C:3F6AH         LINE#         64
  C:3F6FH         LINE#         65
  C:3F72H         LINE#         66
  C:3F77H         LINE#         68
  C:3F7AH         LINE#         71
  C:3F7AH         LINE#         72
BL51 BANKED LINKER/LOCATER V6.22                                                      03/22/2019  16:38:29  PAGE 33


  C:3F7DH         LINE#         73
  C:3F84H         LINE#         74
  C:3F87H         LINE#         75
  -------         ENDPROC       _STEP_MOVE_2NDMOTOR
  -------         PROC          _MOVE_2NDMOTOR
  D:0004H         SYMBOL        angle_distance
  B:0021H.1       SYMBOL        direction
  X:049AH         SYMBOL        current_angle
  -------         DO            
  X:049EH         SYMBOL        step
  X:04A0H         SYMBOL        i
  -------         ENDDO         
  C:3A70H         LINE#         79
  C:3A70H         LINE#         80
  C:3A70H         LINE#         82
  C:3A86H         LINE#         85
  C:3AA0H         LINE#         86
  C:3AA0H         LINE#         87
  C:3AA7H         LINE#         88
  C:3ABEH         LINE#         89
  C:3AC2H         LINE#         91
  C:3ACDH         LINE#         92
  C:3AE0H         LINE#         93
  C:3AE0H         LINE#         94
  C:3AE5H         LINE#         95
  C:3AEAH         LINE#         96
  C:3AECH         LINE#         97
  C:3AF2H         LINE#         98
  C:3AF2H         LINE#         99
  C:3B03H         LINE#         100
  -------         ENDPROC       _MOVE_2NDMOTOR
  -------         PROC          _MOVE
  X:0496H         SYMBOL        distance
  B:0021H.1       SYMBOL        direction
  X:049AH         SYMBOL        current_position
  -------         DO            
  X:049EH         SYMBOL        step
  X:04A2H         SYMBOL        i
  -------         ENDDO         
  C:36C7H         LINE#         102
  C:36CDH         LINE#         103
  C:36CDH         LINE#         106
  C:36EFH         LINE#         107
  C:371CH         LINE#         108
  C:371CH         LINE#         109
  C:372DH         LINE#         110
  C:3744H         LINE#         111
  C:3748H         LINE#         113
  C:3753H         LINE#         114
  C:377DH         LINE#         115
  C:377DH         LINE#         116
  C:3782H         LINE#         117
  C:3787H         LINE#         118
  C:3789H         LINE#         119
  C:378FH         LINE#         120
  C:378FH         LINE#         121
  C:37B1H         LINE#         122
BL51 BANKED LINKER/LOCATER V6.22                                                      03/22/2019  16:38:29  PAGE 34


  -------         ENDPROC       _MOVE
  C:2DEDH         SYMBOL        L?0121
  C:2E01H         SYMBOL        L?0122
  -------         PROC          L?0120
  -------         ENDPROC       L?0120
  C:2DEDH         SYMBOL        L?0121
  C:2E01H         SYMBOL        L?0122
  -------         PROC          _FINDDET3X3
  X:0630H         SYMBOL        a11
  X:0634H         SYMBOL        a12
  X:0638H         SYMBOL        a13
  X:063CH         SYMBOL        a21
  X:0640H         SYMBOL        a22
  X:0644H         SYMBOL        a23
  X:0648H         SYMBOL        a31
  X:064CH         SYMBOL        a32
  X:0650H         SYMBOL        a33
  C:2E0CH         LINE#         125
  C:2E12H         LINE#         129
  C:2E12H         LINE#         130
  C:2FA9H         LINE#         132
  -------         ENDPROC       _FINDDET3X3
  -------         PROC          _FINDDET4X4
  X:05F0H         SYMBOL        a11
  X:05F4H         SYMBOL        a12
  X:05F8H         SYMBOL        a13
  X:05FCH         SYMBOL        a14
  X:0600H         SYMBOL        a21
  X:0604H         SYMBOL        a22
  X:0608H         SYMBOL        a23
  X:060CH         SYMBOL        a24
  X:0610H         SYMBOL        a31
  X:0614H         SYMBOL        a32
  X:0618H         SYMBOL        a33
  X:061CH         SYMBOL        a34
  X:0620H         SYMBOL        a41
  X:0624H         SYMBOL        a42
  X:0628H         SYMBOL        a43
  X:062CH         SYMBOL        a44
  C:268EH         LINE#         133
  C:2694H         LINE#         137
  C:2694H         LINE#         144
  C:294DH         LINE#         148
  -------         ENDPROC       _FINDDET4X4
  C:34A1H         SYMBOL        L?0118
  C:34F4H         SYMBOL        L?0119
  -------         PROC          L?0117
  -------         ENDPROC       L?0117
  C:34A1H         SYMBOL        L?0118
  C:34F4H         SYMBOL        L?0119
  -------         PROC          LINEAR_INTERPOLATE
  X:0496H         SYMBOL        p1
  X:049EH         SYMBOL        p2
  X:04A6H         SYMBOL        x
  -------         DO            
  D:0004H         SYMBOL        fx
  -------         ENDDO         
BL51 BANKED LINKER/LOCATER V6.22                                                      03/22/2019  16:38:29  PAGE 35


  C:3505H         LINE#         154
  C:3505H         LINE#         155
  C:3505H         LINE#         158
  C:35A4H         LINE#         160
  C:35A4H         LINE#         161
  -------         ENDPROC       LINEAR_INTERPOLATE
  -------         PROC          _UPDATE_POSITION
  D:0001H         SYMBOL        mnths
  D:0002H         SYMBOL        dys
  X:03D6H         SYMBOL        hurs
  X:03D7H         SYMBOL        mns
  X:03D8H         SYMBOL        sconds
  X:03D9H         SYMBOL        currnt_pos
  X:03DCH         SYMBOL        offset_calib
  X:03E0H         SYMBOL        currnt_angle
  -------         DO            
  X:03E3H         SYMBOL        date
  X:03E5H         SYMBOL        i
[...]
  C:0579H         LINE#         232
  C:059FH         LINE#         234
  C:05AFH         LINE#         235
  C:05AFH         LINE#         237
  C:05DEH         LINE#         238
  C:05FEH         LINE#         240
  C:05FEH         LINE#         242
  C:060FH         LINE#         245
  C:0629H         LINE#         246
  C:0629H         LINE#         247
  C:0699H         LINE#         248
  C:0699H         LINE#         249
  C:06C6H         LINE#         250
  C:06E1H         LINE#         252
  C:070EH         LINE#         253
  C:0729H         LINE#         255
  C:075BH         LINE#         258
  C:075BH         LINE#         260
  C:076CH         LINE#         262
  C:0780H         LINE#         267
  C:07A2H         LINE#         268
  C:07FDH         LINE#         269
  C:07FDH         LINE#         270
  C:0817H         LINE#         271
  C:083DH         LINE#         272
  C:0855H         LINE#         273
  C:088FH         LINE#         274
  C:0897H         LINE#         275
  C:08B3H         LINE#         276
  C:08B3H         LINE#         283
  C:08CDH         LINE#         284
  C:08CDH         LINE#         285
  C:0935H         LINE#         286
  C:0935H         LINE#         287
  C:093CH         LINE#         288
  C:093CH         LINE#         289
BL51 BANKED LINKER/LOCATER V6.22                                                      03/22/2019  16:38:29  PAGE 37


  C:0962H         LINE#         290
  C:0988H         LINE#         292
  C:09CFH         LINE#         293
  C:09D9H         LINE#         295
  C:0A08H         LINE#         296
  C:0A2BH         LINE#         298
  C:0A2BH         LINE#         299
  C:0A99H         LINE#         300
  C:0A99H         LINE#         301
  C:0AA0H         LINE#         302
  C:0AA0H         LINE#         303
  C:0AC6H         LINE#         304
  C:0AECH         LINE#         306
  C:0B33H         LINE#         307
  C:0B3DH         LINE#         309
  C:0B6CH         LINE#         310
  C:0B8CH         LINE#         312
  C:0B8CH         LINE#         314
  C:0B9DH         LINE#         317
  C:0BB7H         LINE#         318
  C:0BB7H         LINE#         319
  C:0C27H         LINE#         320
  C:0C27H         LINE#         321
  C:0C54H         LINE#         322
  C:0C6FH         LINE#         324
  C:0C9CH         LINE#         325
  C:0CB7H         LINE#         327
  C:0CE9H         LINE#         330
  C:0CE9H         LINE#         332
  C:0CFAH         LINE#         334
  C:0D1CH         LINE#         335
  C:0D77H         LINE#         336
  C:0D77H         LINE#         337
  C:0D91H         LINE#         338
  C:0DB7H         LINE#         339
  C:0DCFH         LINE#         340
  C:0E09H         LINE#         341
  C:0E11H         LINE#         342
  C:0E2DH         LINE#         343
  C:0E2DH         LINE#         345
  C:0E2DH         LINE#         348
  -------         ENDPROC       _UPDATE_POSITION
  -------         PROC          L?0126
  -------         ENDPROC       L?0126
  -------         PROC          _DISPLAY_POS
  X:04A6H         SYMBOL        sign_dat
  -------         DO            
  X:04AAH         SYMBOL        unit
  X:04ABH         SYMBOL        ten
  X:04ACH         SYMBOL        hundred
  X:04ADH         SYMBOL        thousand
  X:04AEH         SYMBOL        after_dot
  X:04AFH         SYMBOL        dat
  -------         ENDDO         
  C:2C0BH         LINE#         350
  C:2C11H         LINE#         351
  C:2C11H         LINE#         355
BL51 BANKED LINKER/LOCATER V6.22                                                      03/22/2019  16:38:29  PAGE 38


  C:2C2DH         LINE#         356
  C:2C47H         LINE#         357
  C:2C6BH         LINE#         359
  C:2CB5H         LINE#         361
  C:2CCCH         LINE#         362
  C:2CDEH         LINE#         363
  C:2D03H         LINE#         364
  C:2D1DH         LINE#         365
  C:2D35H         LINE#         366
  C:2D35H         LINE#         367
  C:2D3FH         LINE#         368
  C:2D49H         LINE#         369
  C:2D53H         LINE#         370
  C:2D5DH         LINE#         371
  C:2D62H         LINE#         372
  C:2D6CH         LINE#         373
  C:2D6FH         LINE#         374
  C:2D6FH         LINE#         375
  C:2D74H         LINE#         376
  C:2D76H         LINE#         377
  C:2D76H         LINE#         380
  C:2D78H         LINE#         382
  C:2D78H         LINE#         383
  C:2D7DH         LINE#         384
  C:2D7FH         LINE#         385
  C:2D7FH         LINE#         386
  C:2D7FH         LINE#         387
  C:2D81H         LINE#         389
  C:2D81H         LINE#         391
  C:2D86H         LINE#         392
  C:2D90H         LINE#         393
  C:2D9AH         LINE#         394
  C:2DA4H         LINE#         395
  C:2DAEH         LINE#         396
  C:2DB3H         LINE#         397
  C:2DBDH         LINE#         398
  C:2DC0H         LINE#         399
  C:2DC0H         LINE#         400
  C:2DC5H         LINE#         401
  C:2DC7H         LINE#         402
  C:2DC7H         LINE#         405
  C:2DC9H         LINE#         407
  C:2DC9H         LINE#         408
  C:2DCEH         LINE#         409
  C:2DD3H         LINE#         410
  C:2DD8H         LINE#         411
  C:2DD8H         LINE#         415
  C:2DD8H         LINE#         417
  -------         ENDPROC       _DISPLAY_POS
  -------         ENDMOD        BIPOLARMOTOR

  -------         MODULE        SUNPOS
  C:0000H         SYMBOL        _ICE_DUMMY_
  C:1701H         PUBLIC        sunpos
  -------         PROC          SUNPOS
  X:0496H         SYMBOL        udtTime
  X:04A8H         SYMBOL        udtLocation
BL51 BANKED LINKER/LOCATER V6.22                                                      03/22/2019  16:38:29  PAGE 39


  X:04B0H         SYMBOL        udtSunCoordinates
  -------         DO            
  X:04B3H         SYMBOL        dElapsedJulianDays
  X:04B7H         SYMBOL        dDecimalHours
  X:04BBH         SYMBOL        dEclipticLongitude
  X:04BFH         SYMBOL        dEclipticObliquity
  X:04C3H         SYMBOL        dRightAscension
  X:04C7H         SYMBOL        dDeclination
  X:04CBH         SYMBOL        dY
  X:04CFH         SYMBOL        dX
  -------         DO            
  X:04D3H         SYMBOL        dJulianDate
  X:04D7H         SYMBOL        liAux1
  X:04DBH         SYMBOL        liAux2
  X:04D3H         SYMBOL        dMeanLongitude
  X:04D7H         SYMBOL        dMeanAnomaly
  X:04DBH         SYMBOL        dOmega
  X:04D3H         SYMBOL        dSin_EclipticLongitude
  X:04D3H         SYMBOL        dGreenwichMeanSiderealTime
  X:04D7H         SYMBOL        dLocalMeanSiderealTime
  X:04DBH         SYMBOL        dLatitudeInRadians
  X:04DFH         SYMBOL        dHourAngle
  X:04E3H         SYMBOL        dCos_Latitude
  X:04E7H         SYMBOL        dSin_Latitude
  X:04EBH         SYMBOL        dCos_HourAngle
  X:04EFH         SYMBOL        dParallax
  -------         ENDDO         
  -------         DO            
  X:04D3H         SYMBOL        dMeanLongitude
  X:04D7H         SYMBOL        dMeanAnomaly
  X:04DBH         SYMBOL        dOmega
  X:04D3H         SYMBOL        dSin_EclipticLongitude
  X:04D3H         SYMBOL        dGreenwichMeanSiderealTime
  X:04D7H         SYMBOL        dLocalMeanSiderealTime
  X:04DBH         SYMBOL        dLatitudeInRadians
  X:04DFH         SYMBOL        dHourAngle
  X:04E3H         SYMBOL        dCos_Latitude
  X:04E7H         SYMBOL        dSin_Latitude
  X:04EBH         SYMBOL        dCos_HourAngle
  X:04EFH         SYMBOL        dParallax
  -------         ENDDO         
  -------         DO            
  X:04D3H         SYMBOL        dSin_EclipticLongitude
  X:04D3H         SYMBOL        dGreenwichMeanSiderealTime
  X:04D7H         SYMBOL        dLocalMeanSiderealTime
  X:04DBH         SYMBOL        dLatitudeInRadians
  X:04DFH         SYMBOL        dHourAngle
  X:04E3H         SYMBOL        dCos_Latitude
  X:04E7H         SYMBOL        dSin_Latitude
  X:04EBH         SYMBOL        dCos_HourAngle
  X:04EFH         SYMBOL        dParallax
  -------         ENDDO         
  -------         DO            
  X:04D3H         SYMBOL        dGreenwichMeanSiderealTime
  X:04D7H         SYMBOL        dLocalMeanSiderealTime
  X:04DBH         SYMBOL        dLatitudeInRadians
  X:04DFH         SYMBOL        dHourAngle
BL51 BANKED LINKER/LOCATER V6.22                                                      03/22/2019  16:38:29  PAGE 40


  X:04E3H         SYMBOL        dCos_Latitude
  X:04E7H         SYMBOL        dSin_Latitude
  X:04EBH         SYMBOL        dCos_HourAngle
  X:04EFH         SYMBOL        dParallax
  -------         ENDDO         
  -------         ENDDO         
  C:1701H         LINE#         6
  C:1701H         LINE#         7
  C:1701H         LINE#         9
  C:1701H         LINE#         27
  C:174BH         LINE#         30
  C:176CH         LINE#         31
  C:18B3H         LINE#         34
  C:18FFH         LINE#         36
  C:191EH         LINE#         37
  C:191EH         LINE#         42
  C:191EH         LINE#         46
  C:1950H         LINE#         47
  C:197AH         LINE#         48
  C:19A4H         LINE#         49
  C:1A51H         LINE#         52
  C:1AB2H         LINE#         54
  C:1AB2H         LINE#         59
  C:1AB2H         LINE#         61
  C:1AC9H         LINE#         62
  C:1AF1H         LINE#         63
  C:1B08H         LINE#         64
  C:1B33H         LINE#         65
  C:1B6AH         LINE#         66
  C:1B95H         LINE#         67
  C:1B95H         LINE#         70
  C:1B95H         LINE#         79
  C:1BD0H         LINE#         82
  C:1C0AH         LINE#         84
  C:1C2FH         LINE#         85
  C:1C4EH         LINE#         86
  C:1C65H         LINE#         87
  C:1C7CH         LINE#         88
  C:1C93H         LINE#         89
  C:1D1CH         LINE#         91
  C:1D36H         LINE#         92
  C:1D98H         LINE#         93
  C:1DCEH         LINE#         94
  C:1DE0H         LINE#         95
  C:1E0DH         LINE#         96
  C:1E3AH         LINE#         98
  C:1E5CH         LINE#         100
  C:1E94H         LINE#         103
  C:1E94H         LINE#         104
  C:1EA2H         LINE#         105
  -------         ENDPROC       SUNPOS
  -------         ENDMOD        SUNPOS

  -------         MODULE        ?C_STARTUP
  C:3B04H         SEGMENT       ?C_C51STARTUP
  I:0022H         SEGMENT       ?STACK
  C:0000H         PUBLIC        ?C_STARTUP
BL51 BANKED LINKER/LOCATER V6.22                                                      03/22/2019  16:38:29  PAGE 41


  D:00E0H         SYMBOL        ACC
  D:00F0H         SYMBOL        B
  D:0083H         SYMBOL        DPH
  D:0082H         SYMBOL        DPL
  N:0000H         SYMBOL        IBPSTACK
  N:0100H         SYMBOL        IBPSTACKTOP
  N:0080H         SYMBOL        IDATALEN
  C:3B07H         SYMBOL        IDATALOOP
  N:0000H         SYMBOL        PBPSTACK
  N:0100H         SYMBOL        PBPSTACKTOP
  N:0000H         SYMBOL        PDATALEN
  N:0000H         SYMBOL        PDATASTART
  N:0000H         SYMBOL        PPAGE
  N:0000H         SYMBOL        PPAGEENABLE
  D:00A0H         SYMBOL        PPAGE_SFR
  D:0081H         SYMBOL        SP
  C:3B04H         SYMBOL        STARTUP1
  N:0000H         SYMBOL        XBPSTACK
  N:0000H         SYMBOL        XBPSTACKTOP
  N:0000H         SYMBOL        XDATALEN
  N:0000H         SYMBOL        XDATASTART
  C:0000H         LINE#         126
  C:3B04H         LINE#         133
  C:3B06H         LINE#         134
  C:3B07H         LINE#         135
  C:3B08H         LINE#         136
  C:3B0AH         LINE#         185
  C:3B0DH         LINE#         196
  -------         ENDMOD        ?C_STARTUP

  -------         MODULE        ?C?FPADD
  C:0E35H         PUBLIC        ?C?FPADD
  C:0E31H         PUBLIC        ?C?FPSUB
  -------         ENDMOD        ?C?FPADD

  -------         MODULE        ?C?FPMUL
  C:0F26H         PUBLIC        ?C?FPMUL
  -------         ENDMOD        ?C?FPMUL

  -------         MODULE        ?C?FPDIV
  C:102FH         PUBLIC        ?C?FPDIV
  -------         ENDMOD        ?C?FPDIV

  -------         MODULE        ?C?FPCMP
  C:10CEH         PUBLIC        ?C?FPCMP
  C:10CCH         PUBLIC        ?C?FPCMP3
  -------         ENDMOD        ?C?FPCMP

  -------         MODULE        ?C?FPNEG
  C:1145H         PUBLIC        ?C?FPNEG
  -------         ENDMOD        ?C?FPNEG

  -------         MODULE        ?C?FCAST
  C:1160H         PUBLIC        ?C?FCASTC
  C:115BH         PUBLIC        ?C?FCASTI
  C:1156H         PUBLIC        ?C?FCASTL
  -------         ENDMOD        ?C?FCAST
BL51 BANKED LINKER/LOCATER V6.22                                                      03/22/2019  16:38:29  PAGE 42



  -------         MODULE        ?C?CASTF
  C:1194H         PUBLIC        ?C?CASTF
  -------         ENDMOD        ?C?CASTF

  -------         MODULE        ATAN2
  X:04F3H         PUBLIC        ?_atan2?BYTE
  C:3939H         PUBLIC        _atan2
  -------         ENDMOD        ATAN2

  -------         MODULE        SIN
  C:3320H         PUBLIC        _COS
  C:3336H         PUBLIC        _SIN
  C:3372H         PUBLIC        _TAN
  -------         ENDMOD        SIN

  -------         MODULE        ACOS
  C:3D51H         PUBLIC        _ACOS
  -------         ENDMOD        ACOS

  -------         MODULE        ASIN
  C:3E68H         PUBLIC        _ASIN
  -------         ENDMOD        ASIN

  -------         MODULE        SQRT
  C:3891H         PUBLIC        _SQRT
  -------         ENDMOD        SQRT

  -------         MODULE        ATAN
  C:35C5H         PUBLIC        _ATAN
  -------         ENDMOD        ATAN

  -------         MODULE        ?C?COPY
  C:1332H         PUBLIC        ?C?COPY
  -------         ENDMOD        ?C?COPY

  -------         MODULE        ?C?CLDPTR
  C:1358H         PUBLIC        ?C?CLDPTR
  -------         ENDMOD        ?C?CLDPTR

  -------         MODULE        ?C?CSTPTR
  C:1371H         PUBLIC        ?C?CSTPTR
  -------         ENDMOD        ?C?CSTPTR

  -------         MODULE        ?C?IMUL
  C:1383H         PUBLIC        ?C?IMUL
  -------         ENDMOD        ?C?IMUL

  -------         MODULE        ?C?UIDIV
  C:1395H         PUBLIC        ?C?UIDIV
  -------         ENDMOD        ?C?UIDIV

  -------         MODULE        ?C?SIDIV
  C:13EAH         PUBLIC        ?C?SIDIV
  -------         ENDMOD        ?C?SIDIV

  -------         MODULE        ?C?ILDIX
BL51 BANKED LINKER/LOCATER V6.22                                                      03/22/2019  16:38:29  PAGE 43


  C:1420H         PUBLIC        ?C?ILDIX
  -------         ENDMOD        ?C?ILDIX

  -------         MODULE        ?C?LMUL
  C:1436H         PUBLIC        ?C?LMUL
  -------         ENDMOD        ?C?LMUL

  -------         MODULE        ?C?ULDIV
  C:14C1H         PUBLIC        ?C?ULDIV
  -------         ENDMOD        ?C?ULDIV

  -------         MODULE        ?C?SLDIV
  C:3DE4H         PUBLIC        ?C?SLDIV
  -------         ENDMOD        ?C?SLDIV

  -------         MODULE        ?C?LNEG
  C:1553H         PUBLIC        ?C?LNEG
  -------         ENDMOD        ?C?LNEG

  -------         MODULE        ?C?ULCMP
  C:1561H         PUBLIC        ?C?ULCMP
  -------         ENDMOD        ?C?ULCMP

  -------         MODULE        ?C?LLDPTR
  C:1572H         PUBLIC        ?C?LLDPTR
  -------         ENDMOD        ?C?LLDPTR

  -------         MODULE        ?C?LLDOPTR
  C:1592H         PUBLIC        ?C?LLDOPTR
  -------         ENDMOD        ?C?LLDOPTR

  -------         MODULE        ?C?LSTPTR
  C:15C2H         PUBLIC        ?C?LSTPTR
  -------         ENDMOD        ?C?LSTPTR

  -------         MODULE        ?C?LSTOPTR
  C:15DCH         PUBLIC        ?C?LSTOPTR
  -------         ENDMOD        ?C?LSTOPTR

  -------         MODULE        ?C?LLDXDATA
  C:1600H         PUBLIC        ?C?LLDXDATA
  -------         ENDMOD        ?C?LLDXDATA

  -------         MODULE        ?C?LLDCODE
  C:160CH         PUBLIC        ?C?LLDCODE
  -------         ENDMOD        ?C?LLDCODE

  -------         MODULE        ?C?LLDXDATA0
  C:161CH         PUBLIC        ?C?LLDXDATA0
  -------         ENDMOD        ?C?LLDXDATA0

  -------         MODULE        ?C?LLDCODE0
  C:1628H         PUBLIC        ?C?LLDCODE0
  -------         ENDMOD        ?C?LLDCODE0

  -------         MODULE        ?C?LLDPTR0
  C:1638H         PUBLIC        ?C?LLDPTR0
BL51 BANKED LINKER/LOCATER V6.22                                                      03/22/2019  16:38:29  PAGE 44


  -------         ENDMOD        ?C?LLDPTR0

  -------         MODULE        ?C?LSTXDATA
  C:1658H         PUBLIC        ?C?LSTXDATA
  -------         ENDMOD        ?C?LSTXDATA

  -------         MODULE        ?C?LSTKXDATA
  C:1664H         PUBLIC        ?C?LSTKXDATA
  -------         ENDMOD        ?C?LSTKXDATA

  -------         MODULE        ?C?OFFXADD
  C:1695H         PUBLIC        ?C?OFFXADD
  -------         ENDMOD        ?C?OFFXADD

  -------         MODULE        ABS
  C:41CEH         PUBLIC        _ABS
  -------         ENDMOD        ABS

  -------         MODULE        ATOI
  C:37B2H         PUBLIC        _atoi
  -------         ENDMOD        ATOI

  -------         MODULE        ?C?IILDX
  C:16A1H         PUBLIC        ?C?IILDX
  -------         ENDMOD        ?C?IILDX

  -------         MODULE        ?C?LLDIDATA
  C:16B7H         PUBLIC        ?C?LLDIDATA
  -------         ENDMOD        ?C?LLDIDATA

  -------         MODULE        ?C?LLDPDATA
  C:16C3H         PUBLIC        ?C?LLDPDATA
  -------         ENDMOD        ?C?LLDPDATA

  -------         MODULE        ?C?LLDIDATA0
  C:16CFH         PUBLIC        ?C?LLDIDATA0
  -------         ENDMOD        ?C?LLDIDATA0

  -------         MODULE        ?C?LLDPDATA0
  C:16DCH         PUBLIC        ?C?LLDPDATA0
  -------         ENDMOD        ?C?LLDPDATA0

  -------         MODULE        ?C?LSTIDATA
  C:16E9H         PUBLIC        ?C?LSTIDATA
  -------         ENDMOD        ?C?LSTIDATA

  -------         MODULE        ?C?LSTPDATA
  C:16F5H         PUBLIC        ?C?LSTPDATA
  -------         ENDMOD        ?C?LSTPDATA

  -------         MODULE        ISDIGIT
  C:41A6H         PUBLIC        _isdigit
  -------         ENDMOD        ISDIGIT

  -------         MODULE        ISSPACE
  C:413DH         PUBLIC        _isspace
  -------         ENDMOD        ISSPACE
BL51 BANKED LINKER/LOCATER V6.22                                                      03/22/2019  16:38:29  PAGE 45



*** WARNING L16: UNCALLED SEGMENT, IGNORED FOR OVERLAY PROCESS
    SEGMENT: ?PR?_CALIB_INTERPOLATE?MAIN

*** WARNING L16: UNCALLED SEGMENT, IGNORED FOR OVERLAY PROCESS
    SEGMENT: ?PR?_DAY_OF_YEAR?PCF85063BTL

*** WARNING L16: UNCALLED SEGMENT, IGNORED FOR OVERLAY PROCESS
    SEGMENT: ?PR?INITUART1?UART1

*** WARNING L16: UNCALLED SEGMENT, IGNORED FOR OVERLAY PROCESS
    SEGMENT: ?PR?_SENDSTRING?UART1

*** WARNING L16: UNCALLED SEGMENT, IGNORED FOR OVERLAY PROCESS
    SEGMENT: ?PR?_TEN?UART1

*** WARNING L16: UNCALLED SEGMENT, IGNORED FOR OVERLAY PROCESS
    SEGMENT: ?PR?_UNIT?UART1

*** WARNING L16: UNCALLED SEGMENT, IGNORED FOR OVERLAY PROCESS
    SEGMENT: ?PR?_DECTOBCD?UART1

*** WARNING L16: UNCALLED SEGMENT, IGNORED FOR OVERLAY PROCESS
    SEGMENT: ?PR?_ASCII_LETTER?UART1

*** WARNING L16: UNCALLED SEGMENT, IGNORED FOR OVERLAY PROCESS
    SEGMENT: ?PR?_ASCIITOBCD?UART1

*** WARNING L16: UNCALLED SEGMENT, IGNORED FOR OVERLAY PROCESS
    SEGMENT: ?PR?NOP?VCNL4035

*** WARNING L16: UNCALLED SEGMENT, IGNORED FOR OVERLAY PROCESS
    SEGMENT: ?PR?_READ_VCNL4035?VCNL4035

*** WARNING L16: UNCALLED SEGMENT, IGNORED FOR OVERLAY PROCESS
    SEGMENT: ?PR?_DISPLAYLCD_VCNL4035?VCNL4035

*** WARNING L16: UNCALLED SEGMENT, IGNORED FOR OVERLAY PROCESS
    SEGMENT: ?PR?_FINDDET4X4?BIPOLARMOTOR

Program Size: data=10.4 xdata=1678 code=16910
LINK/LOCATE RUN COMPLETE.  13 WARNING(S),  0 ERROR(S)
