BL51 BANKED LINKER/LOCATER V6.22                                                        05/09/2019  09:31:08  PAGE 1


BL51 BANKED LINKER/LOCATER V6.22, INVOKED BY:
C:\KEIL_V5\C51\BIN\BL51.EXE .\Obj\main.obj, .\Obj\PCF85063BTL.obj, .\Obj\LCd_Driver_SPLC780D.obj, .\Obj\KeyPad.obj, .\Ob
>> j\BipolarMotor.obj, .\Obj\SunPos.obj, .\Obj\ADC.obj, .\Obj\Calibration.obj, .\Obj\IOExpander_PI4IOE5V96248.obj, .\Obj
>> \AT25SF041.obj, .\Obj\SI1120.obj, .\Obj\STARTUP.obj TO .\Obj\GPIO_RTC_Test PRINT (.\Lis\GPIO_RTC_Test.m51) RAMSIZE (2
>> 56)


MEMORY MODEL: LARGE WITH FLOATING POINT ARITHMETIC


INPUT MODULES INCLUDED:
  .\Obj\main.obj (MAIN)
  .\Obj\PCF85063BTL.obj (PCF85063BTL)
  .\Obj\LCd_Driver_SPLC780D.obj (LCD_DRIVER_SPLC780D)
  .\Obj\KeyPad.obj (KEYPAD)
  .\Obj\BipolarMotor.obj (BIPOLARMOTOR)
  .\Obj\SunPos.obj (SUNPOS)
  .\Obj\ADC.obj (ADC)
  .\Obj\Calibration.obj (CALIBRATION)
  .\Obj\IOExpander_PI4IOE5V96248.obj (IOEXPANDER_PI4IOE5V96248)
  .\Obj\AT25SF041.obj (AT25SF041)
  .\Obj\SI1120.obj (SI1120)
  .\Obj\STARTUP.obj (?C_STARTUP)
  C:\KEIL_V5\C51\LIB\C51FPL.LIB (?C?FPADD)
  C:\KEIL_V5\C51\LIB\C51FPL.LIB (?C?FPMUL)
  C:\KEIL_V5\C51\LIB\C51FPL.LIB (?C?FPDIV)
  C:\KEIL_V5\C51\LIB\C51FPL.LIB (?C?FPCMP)
  C:\KEIL_V5\C51\LIB\C51FPL.LIB (?C?FPNEG)
  C:\KEIL_V5\C51\LIB\C51FPL.LIB (?C?FCAST)
  C:\KEIL_V5\C51\LIB\C51FPL.LIB (?C?CASTF)
  C:\KEIL_V5\C51\LIB\C51FPL.LIB (ATAN2)
  C:\KEIL_V5\C51\LIB\C51FPL.LIB (SIN)
  C:\KEIL_V5\C51\LIB\C51FPL.LIB (ACOS)
  C:\KEIL_V5\C51\LIB\C51FPL.LIB (ASIN)
  C:\KEIL_V5\C51\LIB\C51FPL.LIB (POW)
  C:\KEIL_V5\C51\LIB\C51FPL.LIB (?C?FPGETOPN)
  C:\KEIL_V5\C51\LIB\C51FPL.LIB (?C?CHKFLOAT)
  C:\KEIL_V5\C51\LIB\C51FPL.LIB (?C?FPSERIES)
  C:\KEIL_V5\C51\LIB\C51FPL.LIB (EXP)
  C:\KEIL_V5\C51\LIB\C51FPL.LIB (LOG)
  C:\KEIL_V5\C51\LIB\C51FPL.LIB (SQRT)
  C:\KEIL_V5\C51\LIB\C51FPL.LIB (ATAN)
  C:\KEIL_V5\C51\LIB\C51L.LIB (?C_INIT)
  C:\KEIL_V5\C51\LIB\C51L.LIB (?C?COPY)
  C:\KEIL_V5\C51\LIB\C51L.LIB (?C?CLDPTR)
  C:\KEIL_V5\C51\LIB\C51L.LIB (?C?CLDOPTR)
  C:\KEIL_V5\C51\LIB\C51L.LIB (?C?CSTPTR)
  C:\KEIL_V5\C51\LIB\C51L.LIB (?C?IMUL)
  C:\KEIL_V5\C51\LIB\C51L.LIB (?C?UIDIV)
  C:\KEIL_V5\C51\LIB\C51L.LIB (?C?SIDIV)
  C:\KEIL_V5\C51\LIB\C51L.LIB (?C?ILDOPTR)
  C:\KEIL_V5\C51\LIB\C51L.LIB (?C?ISTPTR)
  C:\KEIL_V5\C51\LIB\C51L.LIB (?C?LMUL)
  C:\KEIL_V5\C51\LIB\C51L.LIB (?C?SLDIV)
  C:\KEIL_V5\C51\LIB\C51L.LIB (?C?LNEG)
  C:\KEIL_V5\C51\LIB\C51L.LIB (?C?ULCMP)
  C:\KEIL_V5\C51\LIB\C51L.LIB (?C?LSHL)
  C:\KEIL_V5\C51\LIB\C51L.LIB (?C?LLDPTR)
BL51 BANKED LINKER/LOCATER V6.22                                                      05/09/2019  09:31:08  PAGE 2


  C:\KEIL_V5\C51\LIB\C51L.LIB (?C?LLDOPTR)
  C:\KEIL_V5\C51\LIB\C51L.LIB (?C?LSTPTR)
  C:\KEIL_V5\C51\LIB\C51L.LIB (?C?LSTOPTR)
  C:\KEIL_V5\C51\LIB\C51L.LIB (?C?LLDXDATA)
  C:\KEIL_V5\C51\LIB\C51L.LIB (?C?LLDCODE)
  C:\KEIL_V5\C51\LIB\C51L.LIB (?C?LLDXDATA0)
  C:\KEIL_V5\C51\LIB\C51L.LIB (?C?LLDCODE0)
  C:\KEIL_V5\C51\LIB\C51L.LIB (?C?LLDPTR0)
  C:\KEIL_V5\C51\LIB\C51L.LIB (?C?LSTXDATA)
  C:\KEIL_V5\C51\LIB\C51L.LIB (?C?LSTKXDATA)
  C:\KEIL_V5\C51\LIB\C51L.LIB (?C?LSTKPTR)
  C:\KEIL_V5\C51\LIB\C51L.LIB (?C?OFFXADD)
  C:\KEIL_V5\C51\LIB\C51L.LIB (?C?ULDIV)
  C:\KEIL_V5\C51\LIB\C51L.LIB (?C?LLDIDATA)
  C:\KEIL_V5\C51\LIB\C51L.LIB (?C?LLDPDATA)
  C:\KEIL_V5\C51\LIB\C51L.LIB (?C?LLDIDATA0)
  C:\KEIL_V5\C51\LIB\C51L.LIB (?C?LLDPDATA0)
  C:\KEIL_V5\C51\LIB\C51L.LIB (?C?LSTIDATA)
  C:\KEIL_V5\C51\LIB\C51L.LIB (?C?LSTPDATA)
  C:\KEIL_V5\C51\LIB\C51L.LIB (?C?LSTKIDATA)
  C:\KEIL_V5\C51\LIB\C51L.LIB (?C?LSTKPDATA)


LINK MAP OF MODULE:  .\Obj\GPIO_RTC_Test (MAIN)


            TYPE    BASE      LENGTH    RELOCATION   SEGMENT NAME
            -----------------------------------------------------

            * * * * * * *   D A T A   M E M O R Y   * * * * * * *
            REG     0000H     0008H     ABSOLUTE     "REG BANK 0"
                    0008H     0018H                  *** GAP ***
            BIT     0020H.0   0000H.4   UNIT         _BIT_GROUP_
            BIT     0020H.4   0000H.1   UNIT         ?BI?MAIN
                    0020H.5   0000H.3                *** GAP ***
            IDATA   0021H     0001H     UNIT         ?STACK

            * * * * * * *  X D A T A   M E M O R Y  * * * * * * *
            XDATA   0000H     03BCH     UNIT         ?XD?BIPOLARMOTOR
            XDATA   03BCH     0123H     UNIT         _XDATA_GROUP_
            XDATA   04DFH     0101H     UNIT         ?XD?MAIN
            XDATA   05E0H     0019H     UNIT         ?XD?KEYPAD
            XDATA   05F9H     0008H     UNIT         ?XD?_AT25SF041_READ?AT25SF041
            XDATA   0601H     0001H     UNIT         ?XD?UC_ACK?IOEXPANDER_PI4IOE5V96248
            XDATA   0602H     0001H     UNIT         ?XD?UC_NACK?IOEXPANDER_PI4IOE5V96248

            * * * * * * *   C O D E   M E M O R Y   * * * * * * *
            CODE    0000H     0003H     ABSOLUTE     
            CODE    0003H     0003H     ABSOLUTE     
            CODE    0006H     0001H     UNIT         ?PR?NOP?IOEXPANDER_PI4IOE5V96248
                    0007H     0004H                  *** GAP ***
            CODE    000BH     0003H     ABSOLUTE     
            CODE    000EH     000DH     UNIT         ?PR?SPI_INIT?PCF85063BTL
            CODE    001BH     0003H     ABSOLUTE     
            CODE    001EH     0BAEH     UNIT         ?PR?MAIN?MAIN
            CODE    0BCCH     09A4H     UNIT         ?C?LIB_CODE
            CODE    1570H     07A2H     UNIT         ?PR?SUNPOS?SUNPOS
BL51 BANKED LINKER/LOCATER V6.22                                                      05/09/2019  09:31:08  PAGE 3


            CODE    1D12H     063CH     UNIT         ?PR?_UPDATE_POSITION?BIPOLARMOTOR
            CODE    234EH     04FBH     UNIT         ?PR?_THEORICALJP_POSITION?BIPOLARMOTOR
            CODE    2849H     0494H     UNIT         ?PR?_FIND_REAL_MAX?CALIBRATION
            CODE    2CDDH     040EH     UNIT         ?C_INITSEG
            CODE    30EBH     038CH     UNIT         ?PR?KEY_PROCESS?KEYPAD
            CODE    3477H     0380H     UNIT         ?PR?_ELEVATION_CALCULATION?BIPOLARMOTOR
            CODE    37F7H     01C0H     UNIT         ?PR?_CALIBRATION?CALIBRATION
            CODE    39B7H     018DH     UNIT         ?PR?KEY_SCAN?KEYPAD
            CODE    3B44H     0189H     UNIT         ?PR?SPI_NOR_WRITE_DATA?AT25SF041
            CODE    3CCDH     0188H     UNIT         ?PR?SIN?SIN
            CODE    3E55H     0166H     UNIT         ?PR?_POW?POW
            CODE    3FBBH     0155H     UNIT         ?PR?_DISPLAY_POS?LCD_DRIVER_SPLC780D
            CODE    4110H     0129H     UNIT         ?PR?LOG?LOG
            CODE    4239H     0122H     UNIT         ?PR?ATAN?ATAN
            CODE    435BH     0110H     UNIT         ?PR?_AT25SF041_READ?AT25SF041
            CODE    446BH     0102H     UNIT         ?PR?_AT25SF041_WRITE?AT25SF041
            CODE    456DH     00F5H     UNIT         ?PR?EXINT0?MAIN
            CODE    4662H     00C3H     UNIT         ?PR?LINEAR_INTERPOLATE?BIPOLARMOTOR
            CODE    4725H     00BBH     UNIT         ?PR?VOLTAGE_IS_STABLE?CALIBRATION
            CODE    47E0H     00ADH     UNIT         ?PR?_WRITE_PI4IOE5V96248?IOEXPANDER_PI4IOE5V96248
            CODE    488DH     00ACH     UNIT         ?PR?SQRT?SQRT
            CODE    4939H     00A1H     UNIT         ?PR?UCREAD_STATUS_REGISTER_BYTE1?AT25SF041
            CODE    49DAH     009DH     UNIT         ?PR?_ATAN2?ATAN2
            CODE    4A77H     009CH     UNIT         ?PR?_MAX_VALUE?CALIBRATION
            CODE    4B13H     009AH     UNIT         ?PR?EXP?EXP
            CODE    4BADH     008CH     UNIT         ?C_C51STARTUP
            CODE    4C39H     0088H     UNIT         ?PR?_DAY_OF_YEAR?PCF85063BTL
            CODE    4CC1H     0079H     UNIT         ?PR?_WRITEDATA?LCD_DRIVER_SPLC780D
            CODE    4D3AH     0072H     UNIT         ?PR?AT25SF041_WRITEENABLE?AT25SF041
            CODE    4DACH     006FH     UNIT         ?PR?_READ_TIME?PCF85063BTL
            CODE    4E1BH     005AH     UNIT         ?PR?AT25SF041_CHIPERASE?AT25SF041
            CODE    4E75H     0059H     UNIT         ?PR?LCD_INIT?LCD_DRIVER_SPLC780D
            CODE    4ECEH     004AH     UNIT         ?PR?VONESTEPMOVE?BIPOLARMOTOR
            CODE    4F18H     004AH     UNIT         ?PR?ACOS?ACOS
            CODE    4F62H     0044H     UNIT         ?C?LDIV
            CODE    4FA6H     0040H     UNIT         ?PR?_COMMAND?LCD_DRIVER_SPLC780D
            CODE    4FE6H     0040H     UNIT         ?PR?_STEP_MOVE?BIPOLARMOTOR
            CODE    5026H     003BH     UNIT         ?PR?ASIN?ASIN
            CODE    5061H     0031H     UNIT         ?PR?SI1120_CONFIG_MODE_VIRH?SI1120
            CODE    5092H     002BH     UNIT         ?PR?_WAIT_MS_I2C?IOEXPANDER_PI4IOE5V96248
            CODE    50BDH     002BH     UNIT         ?PR?_WAIT_MS_SPINOR?AT25SF041
            CODE    50E8H     002AH     UNIT         ?PR?_ADC_GETRESULT?ADC
            CODE    5112H     0028H     UNIT         ?PR?_MOVE?BIPOLARMOTOR
            CODE    513AH     0027H     UNIT         ?PR?_I2C_SENDBYTE?IOEXPANDER_PI4IOE5V96248
            CODE    5161H     0025H     UNIT         ?PR?_FINDCLOSESTSAMEDAYCALIBTIME?CALIBRATION
            CODE    5186H     0024H     UNIT         ?PR?_WAIT_MS?LCD_DRIVER_SPLC780D
            CODE    51AAH     0021H     UNIT         ?PR?TM0_ISR?MAIN
            CODE    51CBH     0020H     UNIT         ?PR?_SPI_SENDBYTE?PCF85063BTL
            CODE    51EBH     0020H     UNIT         ?PR?SPI_RECEIVEBYTE?PCF85063BTL
            CODE    520BH     001EH     UNIT         ?PR?_DELAY_MS?KEYPAD
            CODE    5229H     001DH     UNIT         ?PR?_DISPLAYLCD?LCD_DRIVER_SPLC780D
            CODE    5246H     001BH     UNIT         ?PR?_BCDTODEC1?BIPOLARMOTOR
            CODE    5261H     001AH     UNIT         ?PR?ADC_INIT?ADC
            CODE    527BH     0018H     UNIT         ?PR?_SPI_WRITETIME?PCF85063BTL
            CODE    5293H     0016H     UNIT         ?PR?I2C_ACK?IOEXPANDER_PI4IOE5V96248
            CODE    52A9H     0015H     UNIT         ?PR?_DISPLAY_LINE?LCD_DRIVER_SPLC780D
            CODE    52BEH     0015H     UNIT         ?PR?VSETLOCATION?BIPOLARMOTOR
BL51 BANKED LINKER/LOCATER V6.22                                                      05/09/2019  09:31:08  PAGE 4


            CODE    52D3H     0015H     UNIT         ?PR?I2C_STOP?IOEXPANDER_PI4IOE5V96248
            CODE    52E8H     0014H     UNIT         ?PR?_PCF85063BTL_DELAY?PCF85063BTL
            CODE    52FCH     0014H     UNIT         ?PR?_ABS?LCD_DRIVER_SPLC780D
            CODE    5310H     0011H     UNIT         ?PR?_SPI_READTIME?PCF85063BTL
            CODE    5321H     0011H     UNIT         ?PR?_BCDTODEC?PCF85063BTL
            CODE    5332H     000FH     UNIT         ?PR?I2C_START?IOEXPANDER_PI4IOE5V96248
            CODE    5341H     000FH     UNIT         ?PR?UC_NACK?IOEXPANDER_PI4IOE5V96248
            CODE    5350H     000DH     UNIT         ?PR?ENABLE_EXTINT0?SI1120
            CODE    535DH     000CH     UNIT         ?PR?KEYPAD_IO_INIT?KEYPAD
            CODE    5369H     000AH     UNIT         ?PR?LCD_RETURN_HOME?LCD_DRIVER_SPLC780D
            CODE    5373H     000AH     UNIT         ?PR?LCD_CLEAR?LCD_DRIVER_SPLC780D
            CODE    537DH     0009H     UNIT         ?PR?TM1_ISR?MAIN
            CODE    5386H     0006H     UNIT         ?PR?UC_ACK?IOEXPANDER_PI4IOE5V96248



OVERLAY MAP OF MODULE:   .\Obj\GPIO_RTC_Test (MAIN)


SEGMENT                                             BIT_GROUP          XDATA_GROUP
  +--> CALLED SEGMENT                            START    LENGTH     START    LENGTH
------------------------------------------------------------------------------------
?PR?EXINT0?MAIN                                  -----    -----      -----    -----
  +--> ?PR?_POW?POW

?PR?_POW?POW                                     -----    -----      03BCH    000AH
  +--> ?PR?LOG?LOG
  +--> ?PR?EXP?EXP

?PR?LOG?LOG                                      0020H.0  0000H.1    03C6H    0004H

*** NEW ROOT ***************************************************

?C_C51STARTUP                                    -----    -----      -----    -----
  +--> ?PR?MAIN?MAIN
  +--> ?C_INITSEG

?PR?MAIN?MAIN                                    -----    -----      03CAH    002AH
  +--> ?PR?LCD_INIT?LCD_DRIVER_SPLC780D
  +--> ?PR?SPI_INIT?PCF85063BTL
  +--> ?PR?KEYPAD_IO_INIT?KEYPAD
  +--> ?PR?ADC_INIT?ADC
  +--> ?PR?SI1120_CONFIG_MODE_VIRH?SI1120
  +--> ?PR?ENABLE_EXTINT0?SI1120
  +--> ?PR?VSETLOCATION?BIPOLARMOTOR
  +--> ?PR?_DISPLAY_LINE?LCD_DRIVER_SPLC780D
  +--> ?PR?_WRITEDATA?LCD_DRIVER_SPLC780D
  +--> ?PR?KEY_PROCESS?KEYPAD
  +--> ?PR?_COMMAND?LCD_DRIVER_SPLC780D
  +--> ?PR?_DISPLAY_POS?LCD_DRIVER_SPLC780D
  +--> ?PR?_DISPLAYLCD?LCD_DRIVER_SPLC780D
  +--> ?PR?_STEP_MOVE?BIPOLARMOTOR
  +--> ?PR?LCD_RETURN_HOME?LCD_DRIVER_SPLC780D
  +--> ?PR?_READ_TIME?PCF85063BTL
  +--> ?PR?_BCDTODEC1?BIPOLARMOTOR
  +--> ?PR?_ELEVATION_CALCULATION?BIPOLARMOTOR
  +--> ?PR?SIN?SIN
BL51 BANKED LINKER/LOCATER V6.22                                                      05/09/2019  09:31:08  PAGE 5


  +--> ?PR?_CALIBRATION?CALIBRATION
  +--> ?PR?AT25SF041_WRITEENABLE?AT25SF041
  +--> ?PR?_AT25SF041_WRITE?AT25SF041
  +--> ?PR?_WAIT_MS_SPINOR?AT25SF041
  +--> ?PR?_UPDATE_POSITION?BIPOLARMOTOR
  +--> ?PR?_ADC_GETRESULT?ADC
  +--> ?PR?SPI_NOR_WRITE_DATA?AT25SF041
  +--> ?PR?LINEAR_INTERPOLATE?BIPOLARMOTOR
  +--> ?PR?_FINDCLOSESTSAMEDAYCALIBTIME?CALI...
  +--> ?PR?LCD_CLEAR?LCD_DRIVER_SPLC780D
  +--> ?PR?AT25SF041_CHIPERASE?AT25SF041

?PR?LCD_INIT?LCD_DRIVER_SPLC780D                 -----    -----      -----    -----
  +--> ?PR?_WAIT_MS?LCD_DRIVER_SPLC780D
  +--> ?PR?_COMMAND?LCD_DRIVER_SPLC780D

?PR?_COMMAND?LCD_DRIVER_SPLC780D                 -----    -----      -----    -----
  +--> ?PR?_WAIT_MS?LCD_DRIVER_SPLC780D

?PR?SI1120_CONFIG_MODE_VIRH?SI1120               -----    -----      -----    -----
  +--> ?PR?_WAIT_MS?LCD_DRIVER_SPLC780D

?PR?_DISPLAY_LINE?LCD_DRIVER_SPLC780D            -----    -----      -----    -----
  +--> ?PR?_COMMAND?LCD_DRIVER_SPLC780D

?PR?_WRITEDATA?LCD_DRIVER_SPLC780D               -----    -----      04DEH    0001H
  +--> ?PR?_WAIT_MS?LCD_DRIVER_SPLC780D

?PR?KEY_PROCESS?KEYPAD                           -----    -----      03F4H    0006H
  +--> ?PR?KEY_SCAN?KEYPAD
  +--> ?PR?_SPI_WRITETIME?PCF85063BTL
  +--> ?PR?LCD_CLEAR?LCD_DRIVER_SPLC780D
  +--> ?PR?_COMMAND?LCD_DRIVER_SPLC780D
  +--> ?PR?_WRITEDATA?LCD_DRIVER_SPLC780D

?PR?KEY_SCAN?KEYPAD                              -----    -----      03FAH    0003H

?PR?_SPI_WRITETIME?PCF85063BTL                   -----    -----      -----    -----
  +--> ?PR?_SPI_SENDBYTE?PCF85063BTL

?PR?_SPI_SENDBYTE?PCF85063BTL                    -----    -----      -----    -----
  +--> ?PR?_PCF85063BTL_DELAY?PCF85063BTL

?PR?LCD_CLEAR?LCD_DRIVER_SPLC780D                -----    -----      -----    -----
  +--> ?PR?_COMMAND?LCD_DRIVER_SPLC780D

?PR?_DISPLAY_POS?LCD_DRIVER_SPLC780D             -----    -----      04D3H    000BH
  +--> ?PR?_ABS?LCD_DRIVER_SPLC780D
  +--> ?PR?_WRITEDATA?LCD_DRIVER_SPLC780D

?PR?_DISPLAYLCD?LCD_DRIVER_SPLC780D              -----    -----      03F4H    0001H
  +--> ?PR?_WRITEDATA?LCD_DRIVER_SPLC780D

?PR?_STEP_MOVE?BIPOLARMOTOR                      0020H.2  0000H.1    04D7H    0004H
  +--> ?PR?VONESTEPMOVE?BIPOLARMOTOR

?PR?VONESTEPMOVE?BIPOLARMOTOR                    0020H.3  0000H.1    -----    -----
BL51 BANKED LINKER/LOCATER V6.22                                                      05/09/2019  09:31:08  PAGE 6


  +--> ?PR?_WRITE_PI4IOE5V96248?IOEXPANDER_P...
  +--> ?PR?_DELAY_MS?KEYPAD

?PR?_WRITE_PI4IOE5V96248?IOEXPANDER_P...         -----    -----      04DBH    0003H
  +--> ?PR?I2C_START?IOEXPANDER_PI4IOE5V96248
  +--> ?PR?_WAIT_MS_I2C?IOEXPANDER_PI4IOE5V9...
  +--> ?PR?_I2C_SENDBYTE?IOEXPANDER_PI4IOE5V...
  +--> ?PR?I2C_ACK?IOEXPANDER_PI4IOE5V96248
  +--> ?PR?I2C_STOP?IOEXPANDER_PI4IOE5V96248

?PR?I2C_START?IOEXPANDER_PI4IOE5V96248           -----    -----      -----    -----
  +--> ?PR?_WAIT_MS_I2C?IOEXPANDER_PI4IOE5V9...

?PR?_I2C_SENDBYTE?IOEXPANDER_PI4IOE5V...         -----    -----      -----    -----
  +--> ?PR?_WAIT_MS_I2C?IOEXPANDER_PI4IOE5V9...

?PR?I2C_ACK?IOEXPANDER_PI4IOE5V96248             -----    -----      04DEH    0001H
  +--> ?PR?_WAIT_MS_I2C?IOEXPANDER_PI4IOE5V9...

?PR?I2C_STOP?IOEXPANDER_PI4IOE5V96248            -----    -----      -----    -----
  +--> ?PR?_WAIT_MS_I2C?IOEXPANDER_PI4IOE5V9...

?PR?LCD_RETURN_HOME?LCD_DRIVER_SPLC780D          -----    -----      -----    -----
  +--> ?PR?_COMMAND?LCD_DRIVER_SPLC780D

?PR?_READ_TIME?PCF85063BTL                       -----    -----      03F4H    000FH
  +--> ?PR?_SPI_READTIME?PCF85063BTL

?PR?_SPI_READTIME?PCF85063BTL                    -----    -----      -----    -----
  +--> ?PR?_SPI_SENDBYTE?PCF85063BTL
  +--> ?PR?SPI_RECEIVEBYTE?PCF85063BTL

?PR?SPI_RECEIVEBYTE?PCF85063BTL                  -----    -----      -----    -----
  +--> ?PR?_PCF85063BTL_DELAY?PCF85063BTL

?PR?_ELEVATION_CALCULATION?BIPOLARMOTOR          -----    -----      03F4H    0005H
  +--> ?PR?_BCDTODEC1?BIPOLARMOTOR
  +--> ?PR?SUNPOS?SUNPOS
  +--> ?PR?SIN?SIN
  +--> ?PR?ASIN?ASIN

?PR?SUNPOS?SUNPOS                                -----    -----      043EH    005DH
  +--> ?PR?SIN?SIN
  +--> ?PR?_ATAN2?ATAN2
  +--> ?PR?ASIN?ASIN
  +--> ?PR?ACOS?ACOS

?PR?SIN?SIN                                      0020H.1  0000H.1    049BH    0004H

?PR?_ATAN2?ATAN2                                 -----    -----      049BH    0008H
  +--> ?PR?ATAN?ATAN

?PR?ATAN?ATAN                                    0020H.1  0000H.2    04A3H    0004H

?PR?ASIN?ASIN                                    -----    -----      -----    -----
  +--> ?PR?SQRT?SQRT
  +--> ?PR?ATAN?ATAN
BL51 BANKED LINKER/LOCATER V6.22                                                      05/09/2019  09:31:08  PAGE 7



?PR?SQRT?SQRT                                    -----    -----      049BH    0004H

?PR?ACOS?ACOS                                    -----    -----      -----    -----
  +--> ?PR?SQRT?SQRT
  +--> ?PR?ATAN?ATAN

?PR?_CALIBRATION?CALIBRATION                     -----    -----      03F4H    0024H
  +--> ?PR?VOLTAGE_IS_STABLE?CALIBRATION
  +--> ?PR?_UPDATE_POSITION?BIPOLARMOTOR
  +--> ?PR?_FIND_REAL_MAX?CALIBRATION

?PR?VOLTAGE_IS_STABLE?CALIBRATION                -----    -----      0418H    0018H
  +--> ?PR?_ADC_GETRESULT?ADC
  +--> ?PR?_ABS?LCD_DRIVER_SPLC780D

?PR?_UPDATE_POSITION?BIPOLARMOTOR                -----    -----      0418H    0026H
  +--> ?PR?_BCDTODEC1?BIPOLARMOTOR
  +--> ?PR?SUNPOS?SUNPOS
  +--> ?PR?SIN?SIN
  +--> ?PR?ASIN?ASIN
  +--> ?PR?_THEORICALJP_POSITION?BIPOLARMOTOR
  +--> ?PR?_ABS?LCD_DRIVER_SPLC780D
  +--> ?PR?_MOVE?BIPOLARMOTOR

?PR?_THEORICALJP_POSITION?BIPOLARMOTOR           -----    -----      043EH    005CH
  +--> ?PR?LINEAR_INTERPOLATE?BIPOLARMOTOR

?PR?LINEAR_INTERPOLATE?BIPOLARMOTOR              -----    -----      049AH    0014H

?PR?_MOVE?BIPOLARMOTOR                           0020H.1  0000H.1    04D3H    0004H
  +--> ?PR?_STEP_MOVE?BIPOLARMOTOR

?PR?_FIND_REAL_MAX?CALIBRATION                   -----    -----      0418H    00BBH
  +--> ?PR?_ADC_GETRESULT?ADC
  +--> ?PR?_WAIT_MS?LCD_DRIVER_SPLC780D
  +--> ?PR?AT25SF041_WRITEENABLE?AT25SF041
  +--> ?PR?_AT25SF041_WRITE?AT25SF041
  +--> ?PR?_WAIT_MS_SPINOR?AT25SF041
  +--> ?PR?_COMMAND?LCD_DRIVER_SPLC780D
  +--> ?PR?_WRITEDATA?LCD_DRIVER_SPLC780D
  +--> ?PR?_DISPLAY_POS?LCD_DRIVER_SPLC780D
  +--> ?PR?_MOVE?BIPOLARMOTOR
  +--> ?PR?_MAX_VALUE?CALIBRATION

?PR?AT25SF041_WRITEENABLE?AT25SF041              -----    -----      04D3H    0002H
  +--> ?PR?_WAIT_MS_SPINOR?AT25SF041
  +--> ?PR?UCREAD_STATUS_REGISTER_BYTE1?AT25...

?PR?UCREAD_STATUS_REGISTER_BYTE1?AT25...         -----    -----      04DBH    0003H
  +--> ?PR?_WAIT_MS_SPINOR?AT25SF041

?PR?_AT25SF041_WRITE?AT25SF041                   -----    -----      04D3H    0008H
  +--> ?PR?_WAIT_MS_SPINOR?AT25SF041
  +--> ?PR?UCREAD_STATUS_REGISTER_BYTE1?AT25...

?PR?_MAX_VALUE?CALIBRATION                       -----    -----      04D3H    0004H
BL51 BANKED LINKER/LOCATER V6.22                                                      05/09/2019  09:31:08  PAGE 8



?PR?SPI_NOR_WRITE_DATA?AT25SF041                 -----    -----      03F4H    000EH
  +--> ?PR?AT25SF041_WRITEENABLE?AT25SF041
  +--> ?PR?_AT25SF041_WRITE?AT25SF041
  +--> ?PR?_WAIT_MS_SPINOR?AT25SF041

?PR?AT25SF041_CHIPERASE?AT25SF041                -----    -----      03F4H    0002H
  +--> ?PR?_WAIT_MS_SPINOR?AT25SF041
  +--> ?PR?UCREAD_STATUS_REGISTER_BYTE1?AT25...



SYMBOL TABLE OF MODULE:  .\Obj\GPIO_RTC_Test (MAIN)

  VALUE           TYPE          NAME
  ----------------------------------

  -------         MODULE        MAIN
  C:0000H         SYMBOL        _ICE_DUMMY_
  X:04E7H         PUBLIC        calib_value
  D:0080H         PUBLIC        P0
  D:00B2H         PUBLIC        P3M0
  D:0090H         PUBLIC        P1
  D:00B1H         PUBLIC        P3M1
  D:00A0H         PUBLIC        P2
  D:00B0H         PUBLIC        P3
  D:00C0H         PUBLIC        P4
  D:00C8H         PUBLIC        P5
  X:053BH         SYMBOL        PressedKey
  B:00A8H.7       PUBLIC        EA
  D:00E8H         PUBLIC        P6
  X:053FH         PUBLIC        calib_stamp
  D:00F8H         PUBLIC        P7
  X:0540H         PUBLIC        calib_bool
  X:056AH         PUBLIC        pwm_time_min
  D:00A8H         PUBLIC        IE
  X:056EH         PUBLIC        calib_time
  X:05C2H         PUBLIC        pwm_time_max
  D:00B8H         PUBLIC        IP
  B:00B0H.2       PUBLIC        INT0
  X:05C6H         PUBLIC        months
  D:00D8H         PUBLIC        CCON
  C:001EH         PUBLIC        main
  X:05C7H         PUBLIC        count
  X:05C9H         PUBLIC        days
  X:05CAH         PUBLIC        hours
  D:0098H         PUBLIC        SCON
  D:0089H         PUBLIC        TMOD
  D:0088H         PUBLIC        TCON
  B:00A0H.3       PUBLIC        P23
  X:05CBH         SYMBOL        KeyCount
  X:05CDH         PUBLIC        mins
  B:00C8H.5       PUBLIC        P55
  D:008EH         PUBLIC        AUXR
  C:51AAH         PUBLIC        tm0_isr
  B:0090H.5       PUBLIC        SI1120_STX
  C:537DH         PUBLIC        tm1_isr
BL51 BANKED LINKER/LOCATER V6.22                                                      05/09/2019  09:31:08  PAGE 9


  B:0020H.4       PUBLIC        busy
  B:00A8H.1       PUBLIC        ET0
  B:00A8H.3       PUBLIC        ET1
  X:05CEH         PUBLIC        SPI_NOR_INTERNAL_FLASH_ADDR
  D:008CH         PUBLIC        TH0
  D:008DH         PUBLIC        TH1
  D:008AH         PUBLIC        TL0
  D:008BH         PUBLIC        TL1
  B:0088H.4       PUBLIC        TR0
  B:0088H.6       PUBLIC        TR1
  C:456DH         PUBLIC        exint0
  X:05D2H         SYMBOL        KeyNum
  X:05D3H         SYMBOL        KeyNum_Old
  X:05D4H         PUBLIC        timer0_count
  X:05D6H         PUBLIC        current_position
  X:05DAH         PUBLIC        pwm_time
  X:05DEH         PUBLIC        start_timer0_count
  X:05DFH         PUBLIC        seconds
  D:00D0H         PUBLIC        PSW
  -------         PROC          TM0_ISR
  C:51AAH         LINE#         94
  C:51B0H         LINE#         98
  C:51B3H         LINE#         99
  C:51B6H         LINE#         100
  C:51C4H         LINE#         101
  -------         ENDPROC       TM0_ISR
  -------         PROC          TM1_ISR
  C:537DH         LINE#         102
  C:537DH         LINE#         104
  C:537FH         LINE#         106
  C:5382H         LINE#         107
  C:5385H         LINE#         108
  -------         ENDPROC       TM1_ISR
  -------         PROC          EXINT0
  C:456DH         LINE#         109
  C:458AH         LINE#         113
  C:458DH         LINE#         114
  C:458DH         LINE#         115
  C:4590H         LINE#         116
  C:4593H         LINE#         117
  C:4595H         LINE#         118
  C:4597H         LINE#         122
  C:459AH         LINE#         125
  C:459AH         LINE#         126
  C:459CH         LINE#         128
  C:45A8H         LINE#         129
  C:4602H         LINE#         130
  C:4640H         LINE#         131
  C:4647H         LINE#         136
  C:4647H         LINE#         138
  -------         ENDPROC       EXINT0
  -------         PROC          MAIN
  -------         DO            
  X:04DFH         SYMBOL        KeyCount
  X:04E1H         SYMBOL        KeyNum_Old
  X:04E2H         SYMBOL        KeyNum
  X:04E3H         SYMBOL        PressedKey
BL51 BANKED LINKER/LOCATER V6.22                                                      05/09/2019  09:31:08  PAGE 10


  X:03CAH         SYMBOL        prox_flag
  X:03CBH         SYMBOL        iUse_prevday_calib_value
  X:03CDH         SYMBOL        max_ADC_Val_JP
  X:03CFH         SYMBOL        max_ADC_Val
  X:03D1H         SYMBOL        calib_point1
  X:03D9H         SYMBOL        calib_point2
  X:03E1H         SYMBOL        dat_to_store
  X:03ECH         SYMBOL        calib_day
  X:03EEH         SYMBOL        calib_count
  X:03F0H         SYMBOL        theorical_JP_max_pos
  D:0004H         SYMBOL        elevation
  -------         ENDDO         
  C:001EH         LINE#         140
  C:001EH         LINE#         141
  C:001EH         LINE#         146
  C:0024H         LINE#         147
  C:0029H         LINE#         149
  C:0031H         LINE#         153
  C:0037H         LINE#         154
  C:0041H         LINE#         161
  C:0049H         LINE#         162
  C:0050H         LINE#         163
  C:0056H         LINE#         165
  C:005CH         LINE#         174
  C:005EH         LINE#         175
  C:0061H         LINE#         176
  C:0064H         LINE#         177
  C:0067H         LINE#         178
  C:006AH         LINE#         179
  C:006DH         LINE#         182
  C:0070H         LINE#         185
  C:0073H         LINE#         186
  C:0076H         LINE#         188
  C:0079H         LINE#         190
  C:007CH         LINE#         191
  C:007FH         LINE#         192
  C:0082H         LINE#         193
  C:0085H         LINE#         194
  C:0088H         LINE#         195
  C:008BH         LINE#         196
  C:008DH         LINE#         197
  C:008FH         LINE#         199
  C:0091H         LINE#         207
  C:0097H         LINE#         208
  C:009CH         LINE#         209
  C:00A1H         LINE#         210
  C:00A6H         LINE#         211
  C:00ABH         LINE#         212
  C:00B0H         LINE#         215
  C:00C9H         LINE#         216
  C:00C9H         LINE#         217
  C:00E5H         LINE#         218
  C:012CH         LINE#         219
  C:013DH         LINE#         222
  C:013DH         LINE#         223
  C:013DH         LINE#         224
  C:0140H         LINE#         228
BL51 BANKED LINKER/LOCATER V6.22                                                      05/09/2019  09:31:08  PAGE 11


  C:0140H         LINE#         232
  C:0145H         LINE#         233
  C:014AH         LINE#         235
  C:014FH         LINE#         237
  C:0154H         LINE#         238
  C:0159H         LINE#         240
  C:016AH         LINE#         241
  C:016FH         LINE#         242
  C:0174H         LINE#         244
  C:017BH         LINE#         245
  C:0183H         LINE#         246
  C:0188H         LINE#         247
  C:0190H         LINE#         248
  C:0195H         LINE#         249
  C:019FH         LINE#         250
  C:01A4H         LINE#         251
  C:01ACH         LINE#         253
  C:01B4H         LINE#         254
  C:01B9H         LINE#         255
  C:01C3H         LINE#         256
  C:01C3H         LINE#         257
  C:01C5H         LINE#         258
  C:01C7H         LINE#         259
  C:01D1H         LINE#         260
  C:01D1H         LINE#         261
  C:01D6H         LINE#         262
  C:01D6H         LINE#         274
  C:01EAH         LINE#         275
  C:01EAH         LINE#         276
  C:01FFH         LINE#         277
  C:020EH         LINE#         278
  C:020EH         LINE#         279
  C:0221H         LINE#         280
  C:0223H         LINE#         282
  C:0223H         LINE#         283
  C:023FH         LINE#         284
  C:023FH         LINE#         285
  C:0244H         LINE#         286
  C:0244H         LINE#         287
  C:0258H         LINE#         288
  C:0258H         LINE#         291
  C:026DH         LINE#         292
  C:027CH         LINE#         293
  C:027CH         LINE#         294
  C:028FH         LINE#         295
  C:0291H         LINE#         297
  C:0291H         LINE#         298
  C:02ADH         LINE#         299
  C:02ADH         LINE#         300
  C:02B2H         LINE#         301
  C:02B8H         LINE#         302
  C:02B8H         LINE#         304
  C:02DAH         LINE#         305
  C:02DAH         LINE#         306
  C:02E4H         LINE#         307
  C:02EAH         LINE#         308
  C:02F1H         LINE#         309
BL51 BANKED LINKER/LOCATER V6.22                                                      05/09/2019  09:31:08  PAGE 12


  C:02F7H         LINE#         310
  C:02FEH         LINE#         311
  C:02FEH         LINE#         312
  C:0301H         LINE#         314
  C:0301H         LINE#         319
  C:033CH         LINE#         323
  C:0349H         LINE#         324
  C:0349H         LINE#         328
  C:0349H         LINE#         329
  C:0371H         LINE#         330
  C:0371H         LINE#         331
  C:0393H         LINE#         332
  C:0393H         LINE#         334
  C:03B3H         LINE#         337
  C:03E2H         LINE#         343
  C:03E2H         LINE#         344
  C:045EH         LINE#         345
  C:0477H         LINE#         346
  C:0501H         LINE#         347
  C:0501H         LINE#         348
  C:0501H         LINE#         352
  C:0501H         LINE#         353
  C:0501H         LINE#         355
  C:0501H         LINE#         357
  C:0508H         LINE#         358
  C:0508H         LINE#         359
  C:050BH         LINE#         360
  C:0529H         LINE#         361
  C:0530H         LINE#         362
  C:054FH         LINE#         363
  C:056EH         LINE#         365
  C:05EAH         LINE#         366
  C:0602H         LINE#         369
  C:065AH         LINE#         370
  C:0695H         LINE#         371
  C:06A2H         LINE#         372
  C:06B2H         LINE#         373
  C:06B2H         LINE#         375
  C:06BAH         LINE#         376
  C:06C2H         LINE#         377
  C:06CAH         LINE#         378
  C:06D2H         LINE#         380
  C:06E0H         LINE#         381
  C:06F6H         LINE#         382
  C:0726H         LINE#         383
  C:0746H         LINE#         385
  C:075AH         LINE#         386
  C:0770H         LINE#         387
  C:07A0H         LINE#         388
  C:07A7H         LINE#         390
  C:07CBH         LINE#         393
  C:07CDH         LINE#         395
  C:07DBH         LINE#         396
  C:07DBH         LINE#         397
  C:07E3H         LINE#         399
  C:07E3H         LINE#         402
  C:07E3H         LINE#         403
BL51 BANKED LINKER/LOCATER V6.22                                                      05/09/2019  09:31:08  PAGE 13


  C:07F0H         LINE#         404
  C:07F0H         LINE#         405
  C:0812H         LINE#         406
  C:0812H         LINE#         407
  C:088EH         LINE#         408
  C:08E3H         LINE#         409
  C:08E3H         LINE#         411
  C:08E6H         LINE#         415
  C:08E6H         LINE#         418
  C:0908H         LINE#         419
  C:0908H         LINE#         420
  C:0984H         LINE#         422
  C:09B1H         LINE#         423
  C:09CCH         LINE#         424
  C:09F9H         LINE#         425
  C:0A2CH         LINE#         426
  C:0A2CH         LINE#         427
  C:0A56H         LINE#         428
  C:0AEFH         LINE#         429
  C:0AF1H         LINE#         431
  C:0AF1H         LINE#         432
  C:0B54H         LINE#         433
  C:0B54H         LINE#         437
  C:0B54H         LINE#         439
  C:0B54H         LINE#         440
  C:0B54H         LINE#         442
  C:0B54H         LINE#         445
  C:0B70H         LINE#         446
  C:0B74H         LINE#         448
  C:0B76H         LINE#         451
  C:0B85H         LINE#         452
  C:0B85H         LINE#         453
  C:0B88H         LINE#         454
  C:0B8FH         LINE#         455
  C:0B94H         LINE#         456
  C:0B99H         LINE#         457
  C:0B9EH         LINE#         458
  C:0BA3H         LINE#         459
  C:0BA8H         LINE#         469
  C:0BABH         LINE#         471
  C:0BAEH         LINE#         472
  C:0BB5H         LINE#         473
  C:0BBFH         LINE#         474
  C:0BC6H         LINE#         476
  C:0BC9H         LINE#         485
  C:0BC9H         LINE#         486
  -------         ENDPROC       MAIN
  -------         ENDMOD        MAIN

  -------         MODULE        PCF85063BTL
  C:0000H         SYMBOL        _ICE_DUMMY_
  D:0096H         PUBLIC        P2M0
  D:0080H         PUBLIC        P0
  D:0095H         PUBLIC        P2M1
  D:0090H         PUBLIC        P1
  D:00A0H         PUBLIC        P2
  D:00B0H         PUBLIC        P3
BL51 BANKED LINKER/LOCATER V6.22                                                      05/09/2019  09:31:08  PAGE 14


  D:00C0H         PUBLIC        P4
  D:00C8H         PUBLIC        P5
  D:00E8H         PUBLIC        P6
  B:00A0H.1       PUBLIC        PCF85063BTL_SDI
  D:00F8H         PUBLIC        P7
  B:00A0H.2       PUBLIC        PCF85063BTL_SCK
  B:00A0H.1       PUBLIC        PCF85063BTL_SDO
  D:00A8H         PUBLIC        IE
  C:4DACH         PUBLIC        _Read_time
  C:52EEH         PUBLIC        _PCF85063BTL_Delay
  D:00B8H         PUBLIC        IP
  D:00D8H         PUBLIC        CCON
  C:4C39H         PUBLIC        _Day_Of_Year
  C:51EBH         PUBLIC        SPI_ReceiveByte
  D:0098H         PUBLIC        SCON
  D:0088H         PUBLIC        TCON
  C:5321H         PUBLIC        _BCDtoDec
  B:00A0H.0       PUBLIC        PCF85063BTL_CS
  C:5310H         PUBLIC        _SPI_ReadTime
  C:000EH         PUBLIC        SPI_Init
  C:527BH         PUBLIC        _SPI_WriteTime
  C:51CBH         PUBLIC        _SPI_SendByte
  D:00D0H         PUBLIC        PSW
  C:52EAH         SYMBOL        L?0048
  -------         PROC          L?0047
  -------         ENDPROC       L?0047
  C:52EAH         SYMBOL        L?0048
  -------         PROC          _PCF85063BTL_DELAY
  D:0006H         SYMBOL        us
  C:52EEH         LINE#         8
  C:52EEH         LINE#         9
  C:52EEH         LINE#         10
  C:52F8H         LINE#         11
  C:52F8H         LINE#         12
  C:52F9H         LINE#         13
  C:52FBH         LINE#         14
  -------         ENDPROC       _PCF85063BTL_DELAY
  -------         PROC          _SPI_SENDBYTE
  D:0005H         SYMBOL        dat
  -------         DO            
  D:0003H         SYMBOL        i
  -------         ENDDO         
  C:51CBH         LINE#         17
  C:51CDH         LINE#         18
  C:51CDH         LINE#         20
  C:51CFH         LINE#         21
  C:51CFH         LINE#         22
  C:51D1H         LINE#         23
  C:51D5H         LINE#         24
  C:51D5H         LINE#         25
  C:51D7H         LINE#         26
  C:51D9H         LINE#         28
  C:51D9H         LINE#         29
  C:51DBH         LINE#         30
  C:51DBH         LINE#         31
  C:51DEH         LINE#         32
  C:51DEH         LINE#         33
BL51 BANKED LINKER/LOCATER V6.22                                                      05/09/2019  09:31:08  PAGE 15


  C:51E1H         LINE#         34
  C:51E5H         LINE#         35
  C:51EAH         LINE#         36
  -------         ENDPROC       _SPI_SENDBYTE
  -------         PROC          SPI_RECEIVEBYTE
  -------         DO            
  D:0003H         SYMBOL        i
  D:0005H         SYMBOL        dat
  -------         ENDDO         
  C:51EBH         LINE#         39
  C:51EBH         LINE#         40
  C:51EBH         LINE#         42
  C:51EDH         LINE#         44
  C:51EFH         LINE#         45
  C:51F0H         LINE#         46
  C:51F0H         LINE#         47
  C:51F4H         LINE#         48
  C:51F6H         LINE#         49
  C:51F9H         LINE#         51
  C:51FCH         LINE#         52
  C:51FCH         LINE#         53
  C:5200H         LINE#         54
  C:5200H         LINE#         55
  C:5200H         LINE#         56
  C:5203H         LINE#         57
  C:5208H         LINE#         58
  C:520AH         LINE#         59
  -------         ENDPROC       SPI_RECEIVEBYTE
  -------         PROC          _SPI_READTIME
  D:0007H         SYMBOL        addr
  -------         DO            
  D:0006H         SYMBOL        dat
  -------         ENDDO         
  C:5310H         LINE#         61
  C:5310H         LINE#         62
  C:5310H         LINE#         64
  C:5312H         LINE#         65
  C:5314H         LINE#         66
  C:531BH         LINE#         67
  C:531EH         LINE#         68
  C:5320H         LINE#         69
  C:5320H         LINE#         70
  -------         ENDPROC       _SPI_READTIME
  -------         PROC          _SPI_WRITETIME
  D:0002H         SYMBOL        val
  D:0005H         SYMBOL        addr
  C:527BH         LINE#         71
  C:527DH         LINE#         72
  C:527DH         LINE#         74
  C:527FH         LINE#         75
  C:5286H         LINE#         76
  C:528BH         LINE#         77
  C:5290H         LINE#         78
  C:5292H         LINE#         79
  -------         ENDPROC       _SPI_WRITETIME
  -------         PROC          SPI_INIT
  C:000EH         LINE#         83
BL51 BANKED LINKER/LOCATER V6.22                                                      05/09/2019  09:31:08  PAGE 16


  C:000EH         LINE#         84
  C:000EH         LINE#         89
  C:0011H         LINE#         90
  C:0014H         LINE#         91
  C:0016H         LINE#         92
  C:0018H         LINE#         93
  C:001AH         LINE#         94
  -------         ENDPROC       SPI_INIT
  -------         PROC          _READ_TIME
  X:03F4H         SYMBOL        months
  X:03F7H         SYMBOL        days
  X:03FAH         SYMBOL        hours
  X:03FDH         SYMBOL        mins
  X:0400H         SYMBOL        seconds
  C:4DACH         LINE#         96
  C:4DB7H         LINE#         97
  C:4DB7H         LINE#         99
  C:4DCBH         LINE#         101
  C:4DDFH         LINE#         103
  C:4DF3H         LINE#         108
  C:4E07H         LINE#         113
  -------         ENDPROC       _READ_TIME
  -------         PROC          _BCDTODEC
  D:0007H         SYMBOL        bcd
  -------         DO            
  D:0006H         SYMBOL        hi
  D:0007H         SYMBOL        lo
  -------         ENDDO         
  C:5321H         LINE#         119
  C:5321H         LINE#         120
  C:5321H         LINE#         122
  C:5326H         LINE#         123
  C:532AH         LINE#         124
  C:5331H         LINE#         125
  -------         ENDPROC       _BCDTODEC
  -------         PROC          _DAY_OF_YEAR
  D:0007H         SYMBOL        months_bcd
  D:0005H         SYMBOL        days_bcd
  -------         DO            
  D:0004H         SYMBOL        months
  D:0007H         SYMBOL        days
  -------         ENDDO         
  C:4C39H         LINE#         126
  C:4C39H         LINE#         127
  C:4C39H         LINE#         130
  C:4C3EH         LINE#         132
  C:4C43H         LINE#         134
  C:4C7CH         LINE#         135
  C:4C7CH         LINE#         136
  C:4C7CH         LINE#         137
  C:4C7FH         LINE#         138
  C:4C7FH         LINE#         139
  C:4C7FH         LINE#         140
  C:4C84H         LINE#         141
  C:4C84H         LINE#         142
  C:4C84H         LINE#         143
  C:4C89H         LINE#         144
BL51 BANKED LINKER/LOCATER V6.22                                                      05/09/2019  09:31:08  PAGE 17


  C:4C89H         LINE#         145
  C:4C89H         LINE#         146
  C:4C8EH         LINE#         147
  C:4C8EH         LINE#         148
  C:4C8EH         LINE#         149
  C:4C93H         LINE#         150
  C:4C93H         LINE#         151
  C:4C93H         LINE#         152
  C:4C98H         LINE#         153
  C:4C98H         LINE#         154
  C:4C98H         LINE#         155
  C:4C9DH         LINE#         156
  C:4C9DH         LINE#         157
  C:4C9DH         LINE#         158
  C:4CA2H         LINE#         159
  C:4CA2H         LINE#         160
  C:4CA2H         LINE#         161
  C:4CAAH         LINE#         162
  C:4CAAH         LINE#         163
  C:4CAAH         LINE#         164
  C:4CAFH         LINE#         165
  C:4CAFH         LINE#         166
  C:4CAFH         LINE#         167
  C:4CB4H         LINE#         168
  C:4CB4H         LINE#         169
  C:4CB4H         LINE#         170
  C:4CBDH         LINE#         171
  C:4CBDH         LINE#         172
  C:4CBDH         LINE#         173
  C:4CC0H         LINE#         174
  C:4CC0H         LINE#         175
  -------         ENDPROC       _DAY_OF_YEAR
  -------         ENDMOD        PCF85063BTL

  -------         MODULE        LCD_DRIVER_SPLC780D
  C:0000H         SYMBOL        _ICE_DUMMY_
  D:0092H         PUBLIC        P1M0
  D:0091H         PUBLIC        P1M1
  D:0080H         PUBLIC        P0
  D:0090H         PUBLIC        P1
  D:00A0H         PUBLIC        P2
  D:00B0H         PUBLIC        P3
  D:00C0H         PUBLIC        P4
  D:00C8H         PUBLIC        P5
  D:00E8H         PUBLIC        P6
  D:00F8H         PUBLIC        P7
  C:4CC5H         PUBLIC        _WriteData
  D:00A8H         PUBLIC        IE
  D:00B8H         PUBLIC        IP
  D:00D8H         PUBLIC        CCON
  B:00B0H.4       PUBLIC        LCD_D4
  B:00B0H.5       PUBLIC        LCD_D5
  B:00B0H.6       PUBLIC        LCD_D6
  C:5229H         PUBLIC        _DisplayLCD
  B:00B0H.7       PUBLIC        LCD_D7
  D:0098H         PUBLIC        SCON
  D:0088H         PUBLIC        TCON
BL51 BANKED LINKER/LOCATER V6.22                                                      05/09/2019  09:31:08  PAGE 18


  C:52FCH         PUBLIC        _abs
  C:5373H         PUBLIC        LCD_clear
  C:4FA6H         PUBLIC        _Command
  C:52A9H         PUBLIC        _Display_Line
  C:4E75H         PUBLIC        LCD_Init
  C:518CH         PUBLIC        _Wait_ms
  B:00C0H.0       PUBLIC        LCD_RS
  B:0090H.3       PUBLIC        LCD_RW
  C:5369H         PUBLIC        LCD_return_home
  C:3FBBH         PUBLIC        _Display_Pos
  B:00B0H.3       PUBLIC        LCD_E
  D:00D0H         PUBLIC        PSW
  -------         PROC          LCD_INIT
  C:4E75H         LINE#         9
  C:4E75H         LINE#         10
  C:4E75H         LINE#         11
  C:4E78H         LINE#         12
  C:4E7BH         LINE#         14
  C:4E81H         LINE#         15
  C:4E86H         LINE#         17
  C:4E8DH         LINE#         18
  C:4E92H         LINE#         20
  C:4E95H         LINE#         21
  C:4E9AH         LINE#         23
  C:4E9DH         LINE#         24
  C:4EA2H         LINE#         26
  C:4EA9H         LINE#         29
  C:4EAEH         LINE#         30
  C:4EB3H         LINE#         32
  C:4EB8H         LINE#         33
  C:4EBDH         LINE#         35
  C:4EC2H         LINE#         36
  C:4EC7H         LINE#         37
  -------         ENDPROC       LCD_INIT
  C:4CC1H         SYMBOL        L?0038
  -------         PROC          L?0037
  -------         ENDPROC       L?0037
  C:4CC1H         SYMBOL        L?0038
  -------         PROC          _WRITEDATA
  X:04DEH         SYMBOL        dat
  C:4CC5H         LINE#         40
  C:4CCAH         LINE#         41
  C:4CCAH         LINE#         46
  C:4CCCH         LINE#         47
  C:4CCEH         LINE#         49
  C:4CDCH         LINE#         50
  C:4CE8H         LINE#         51
  C:4CF4H         LINE#         52
  C:4CFEH         LINE#         53
  C:4D00H         LINE#         54
  C:4D07H         LINE#         55
  C:4D09H         LINE#         57
  C:4D19H         LINE#         58
  C:4D24H         LINE#         59
  C:4D2EH         LINE#         60
  C:4D32H         LINE#         62
  C:4D32H         LINE#         63
BL51 BANKED LINKER/LOCATER V6.22                                                      05/09/2019  09:31:08  PAGE 19


  C:4D35H         LINE#         64
  C:4D37H         LINE#         65
  C:4D39H         LINE#         67
  -------         ENDPROC       _WRITEDATA
  -------         PROC          _COMMAND
  D:0007H         SYMBOL        dat
  C:4FA6H         LINE#         69
  C:4FA6H         LINE#         70
  C:4FA6H         LINE#         71
  C:4FA8H         LINE#         72
  C:4FAAH         LINE#         74
  C:4FB4H         LINE#         75
  C:4FB8H         LINE#         77
  C:4FBAH         LINE#         78
  C:4FC3H         LINE#         79
  C:4FC7H         LINE#         81
  C:4FC9H         LINE#         82
  C:4FD0H         LINE#         83
  C:4FD4H         LINE#         85
  C:4FD6H         LINE#         86
  C:4FDAH         LINE#         87
  C:4FDEH         LINE#         89
  C:4FE0H         LINE#         90
  C:4FE0H         LINE#         91
  C:4FE3H         LINE#         92
  C:4FE5H         LINE#         93
  -------         ENDPROC       _COMMAND
  C:5188H         SYMBOL        L?0040
  -------         PROC          L?0039
  -------         ENDPROC       L?0039
  C:5188H         SYMBOL        L?0040
  -------         PROC          _WAIT_MS
  D:0006H         SYMBOL        ms
  -------         DO            
  D:0004H         SYMBOL        De_Cnt
  -------         ENDDO         
  C:518CH         LINE#         95
  C:518CH         LINE#         96
  C:518CH         LINE#         98
  C:5196H         LINE#         99
  C:5196H         LINE#         100
  C:51A9H         LINE#         101
  C:51A9H         LINE#         102
  -------         ENDPROC       _WAIT_MS
  -------         PROC          _DISPLAYLCD
  D:0007H         SYMBOL        BCD
  -------         DO            
  D:0006H         SYMBOL        first_digit
  X:03F4H         SYMBOL        second_digit
  -------         ENDDO         
  C:5229H         LINE#         103
  C:5229H         LINE#         104
  C:5229H         LINE#         106
  C:5230H         LINE#         107
  C:5239H         LINE#         109
  C:523EH         LINE#         111
  -------         ENDPROC       _DISPLAYLCD
BL51 BANKED LINKER/LOCATER V6.22                                                      05/09/2019  09:31:08  PAGE 20


  -------         PROC          LCD_RETURN_HOME
  C:5369H         LINE#         115
  C:5369H         LINE#         116
  C:5369H         LINE#         117
  C:536EH         LINE#         118
  -------         ENDPROC       LCD_RETURN_HOME
  -------         PROC          LCD_CLEAR
  C:5373H         LINE#         121
  C:5373H         LINE#         122
  C:5373H         LINE#         123
  C:5378H         LINE#         124
  -------         ENDPROC       LCD_CLEAR
  -------         PROC          _DISPLAY_LINE
  D:0006H         SYMBOL        line
  C:52A9H         LINE#         128
  C:52A9H         LINE#         129
  C:52A9H         LINE#         130
  C:52AFH         LINE#         131
  C:52AFH         LINE#         132
  C:52B1H         LINE#         133
  C:52B1H         LINE#         134
  C:52B3H         LINE#         136
  C:52B3H         LINE#         137
  C:52B8H         LINE#         138
  C:52BDH         LINE#         139
  C:52BDH         LINE#         140
  -------         ENDPROC       _DISPLAY_LINE
  -------         PROC          _DISPLAY_POS
  X:04D3H         SYMBOL        sign_dat
  -------         DO            
  X:04D7H         SYMBOL        unit
  X:04D8H         SYMBOL        ten
  X:04D9H         SYMBOL        hundred
  X:04DAH         SYMBOL        thousand
  X:04DBH         SYMBOL        after_dot
  X:04DCH         SYMBOL        dat
  -------         ENDDO         
  C:3FBBH         LINE#         142
  C:3FC1H         LINE#         143
  C:3FC1H         LINE#         147
  C:3FDDH         LINE#         148
  C:3FF7H         LINE#         149
  C:401BH         LINE#         151
  C:4065H         LINE#         153
  C:407CH         LINE#         154
  C:408EH         LINE#         155
  C:40B3H         LINE#         156
  C:40CDH         LINE#         157
  C:40E5H         LINE#         158
  C:40E5H         LINE#         159
  C:40E5H         LINE#         160
  C:40E5H         LINE#         161
  C:40E5H         LINE#         162
  C:40E5H         LINE#         163
  C:40E5H         LINE#         164
  C:40E5H         LINE#         168
  C:40E7H         LINE#         170
BL51 BANKED LINKER/LOCATER V6.22                                                      05/09/2019  09:31:08  PAGE 21


  C:40E7H         LINE#         172
  C:40ECH         LINE#         173
  C:40F2H         LINE#         174
  C:40F8H         LINE#         175
  C:40FEH         LINE#         176
  C:4104H         LINE#         177
  C:4109H         LINE#         178
  C:410FH         LINE#         182
  C:410FH         LINE#         184
  -------         ENDPROC       _DISPLAY_POS
  -------         PROC          _ABS
  D:0006H         SYMBOL        dat
  C:52FCH         LINE#         186
  C:52FCH         LINE#         187
  C:52FCH         LINE#         188
  C:5307H         LINE#         189
  C:5308H         LINE#         191
  C:530FH         LINE#         192
  -------         ENDPROC       _ABS
  -------         ENDMOD        LCD_DRIVER_SPLC780D

  -------         MODULE        KEYPAD
  C:0000H         SYMBOL        _ICE_DUMMY_
  D:0093H         PUBLIC        P0M1
  D:0080H         PUBLIC        P0
  D:0090H         PUBLIC        P1
  D:00A0H         PUBLIC        P2
  D:00B0H         PUBLIC        P3
  D:00C0H         PUBLIC        P4
  D:00C8H         PUBLIC        P5
  D:00E8H         PUBLIC        P6
  D:00F8H         PUBLIC        P7
  D:00A8H         PUBLIC        IE
  C:39B7H         PUBLIC        Key_Scan
  D:00B8H         PUBLIC        IP
  D:00D8H         PUBLIC        CCON
  C:535DH         PUBLIC        KeyPad_IO_Init
  C:520BH         PUBLIC        _Delay_ms
  D:0098H         PUBLIC        SCON
  D:0088H         PUBLIC        TCON
  X:05EFH         PUBLIC        small_move
  X:05F1H         PUBLIC        move
  X:05F3H         PUBLIC        auto_mode
  X:05F5H         PUBLIC        direction
  X:05F7H         PUBLIC        SPI_NOR_ClearEnable
  C:30EBH         PUBLIC        Key_Process
  D:00D0H         PUBLIC        PSW
  D:0094H         PUBLIC        P0M0
  -------         PROC          _DELAY_MS
  D:0006H         SYMBOL        ms
  -------         DO            
  D:0004H         SYMBOL        De_Cnt
  -------         ENDDO         
  C:520BH         LINE#         20
  C:520BH         LINE#         21
  C:520BH         LINE#         23
  C:5215H         LINE#         24
BL51 BANKED LINKER/LOCATER V6.22                                                      05/09/2019  09:31:08  PAGE 22


  C:5215H         LINE#         25
  C:5228H         LINE#         26
  C:5228H         LINE#         27
  -------         ENDPROC       _DELAY_MS
  -------         PROC          KEY_SCAN
  -------         DO            
  X:03FAH         SYMBOL        KeyTemp1
  X:03FBH         SYMBOL        KeyTemp2
  X:03FCH         SYMBOL        KeyValue
  -------         ENDDO         
  C:39B7H         LINE#         28
  C:39B7H         LINE#         29
  C:39B7H         LINE#         34
  C:39BAH         LINE#         37
  C:39BDH         LINE#         39
  C:39C5H         LINE#         40
  C:39CCH         LINE#         41
  C:39CCH         LINE#         43
  C:39D1H         LINE#         44
  C:39D8H         LINE#         45
  C:39D8H         LINE#         48
  C:39DBH         LINE#         49
  C:39DEH         LINE#         50
  C:39E3H         LINE#         51
  C:39E7H         LINE#         52
  C:39E7H         LINE#         53
  C:39EFH         LINE#         54
  C:39EFH         LINE#         55
  C:39F2H         LINE#         56
  C:39FAH         LINE#         57
  C:39FCH         LINE#         59
  C:3A10H         LINE#         60
  C:3A10H         LINE#         61
  C:3A10H         LINE#         62
  C:3A10H         LINE#         63
  C:3A16H         LINE#         65
  C:3A18H         LINE#         66
  C:3A18H         LINE#         67
  C:3A18H         LINE#         68
  C:3A1EH         LINE#         70
  C:3A20H         LINE#         71
  C:3A20H         LINE#         72
  C:3A20H         LINE#         73
  C:3A26H         LINE#         75
  C:3A28H         LINE#         76
  C:3A28H         LINE#         77
  C:3A28H         LINE#         78
  C:3A2EH         LINE#         80
  C:3A2EH         LINE#         81
  C:3A2EH         LINE#         82
  C:3A2EH         LINE#         85
  C:3A31H         LINE#         86
  C:3A34H         LINE#         87
  C:3A3CH         LINE#         88
  C:3A40H         LINE#         89
  C:3A40H         LINE#         90
  C:3A48H         LINE#         91
BL51 BANKED LINKER/LOCATER V6.22                                                      05/09/2019  09:31:08  PAGE 23


  C:3A48H         LINE#         92
  C:3A4BH         LINE#         93
  C:3A53H         LINE#         94
  C:3A55H         LINE#         95
  C:3A69H         LINE#         96
  C:3A69H         LINE#         97
  C:3A69H         LINE#         98
  C:3A69H         LINE#         99
  C:3A6FH         LINE#         101
  C:3A71H         LINE#         102
  C:3A71H         LINE#         103
  C:3A71H         LINE#         104
  C:3A77H         LINE#         106
  C:3A79H         LINE#         107
  C:3A79H         LINE#         108
  C:3A79H         LINE#         109
  C:3A7FH         LINE#         111
  C:3A81H         LINE#         112
  C:3A81H         LINE#         113
  C:3A81H         LINE#         114
  C:3A86H         LINE#         116
  C:3A86H         LINE#         117
  C:3A86H         LINE#         118
  C:3A86H         LINE#         121
  C:3A89H         LINE#         122
  C:3A8CH         LINE#         123
  C:3A94H         LINE#         124
  C:3A98H         LINE#         125
  C:3A98H         LINE#         126
  C:3AA0H         LINE#         127
  C:3AA0H         LINE#         128
  C:3AA3H         LINE#         129
  C:3AABH         LINE#         130
  C:3AADH         LINE#         131
  C:3AC1H         LINE#         132
  C:3AC1H         LINE#         133
  C:3AC1H         LINE#         134
  C:3AC1H         LINE#         135
  C:3AC7H         LINE#         137
  C:3AC9H         LINE#         138
  C:3AC9H         LINE#         139
  C:3AC9H         LINE#         140
  C:3ACFH         LINE#         142
  C:3AD1H         LINE#         143
  C:3AD1H         LINE#         144
  C:3AD1H         LINE#         145
  C:3AD7H         LINE#         147
  C:3AD9H         LINE#         148
  C:3AD9H         LINE#         149
  C:3AD9H         LINE#         150
  C:3ADFH         LINE#         152
  C:3ADFH         LINE#         153
  C:3ADFH         LINE#         154
  C:3ADFH         LINE#         158
  C:3AE2H         LINE#         159
  C:3AE5H         LINE#         160
  C:3AEDH         LINE#         161
BL51 BANKED LINKER/LOCATER V6.22                                                      05/09/2019  09:31:08  PAGE 24


  C:3AF1H         LINE#         162
  C:3AF1H         LINE#         163
  C:3AF9H         LINE#         164
  C:3AF9H         LINE#         165
  C:3AFCH         LINE#         166
  C:3B04H         LINE#         167
  C:3B06H         LINE#         168
  C:3B1AH         LINE#         169
  C:3B1AH         LINE#         170
  C:3B1AH         LINE#         171
  C:3B1AH         LINE#         172
  C:3B20H         LINE#         174
  C:3B22H         LINE#         175
  C:3B22H         LINE#         176
  C:3B22H         LINE#         177
  C:3B28H         LINE#         179
  C:3B2AH         LINE#         180
  C:3B2AH         LINE#         181
  C:3B2AH         LINE#         182
  C:3B30H         LINE#         184
  C:3B32H         LINE#         185
  C:3B32H         LINE#         186
  C:3B32H         LINE#         187
  C:3B38H         LINE#         189
  C:3B38H         LINE#         190
  C:3B38H         LINE#         191
  C:3B38H         LINE#         193
  C:3B3EH         LINE#         194
  C:3B3EH         LINE#         196
  C:3B3EH         LINE#         197
  C:3B41H         LINE#         198
  C:3B41H         LINE#         199
  C:3B41H         LINE#         201
  C:3B41H         LINE#         202
  C:3B43H         LINE#         203
  C:3B43H         LINE#         204
  -------         ENDPROC       KEY_SCAN
  -------         PROC          KEY_PROCESS
  -------         DO            
  X:05E0H         SYMBOL        KeyCount
  X:05E1H         SYMBOL        KeyNum_Old
  X:05E3H         SYMBOL        KeyNum
  X:05E5H         SYMBOL        PressedKey
  X:03F4H         SYMBOL        d
  D:0002H         SYMBOL        hours
  D:0006H         SYMBOL        mins
  X:03F6H         SYMBOL        months
  X:03F8H         SYMBOL        days
  -------         ENDDO         
  C:30EBH         LINE#         205
  C:30EBH         LINE#         206
  C:30EBH         LINE#         210
  C:30FAH         LINE#         211
  C:3107H         LINE#         213
  C:310BH         LINE#         214
  C:310BH         LINE#         215
  C:3111H         LINE#         217
BL51 BANKED LINKER/LOCATER V6.22                                                      05/09/2019  09:31:08  PAGE 25


  C:3111H         LINE#         218
  C:3128H         LINE#         219
  C:3128H         LINE#         220
  C:3132H         LINE#         221
  C:3138H         LINE#         223
  C:313EH         LINE#         225
  C:313EH         LINE#         226
  C:3155H         LINE#         227
  C:3155H         LINE#         228
  C:315AH         LINE#         230
  C:315AH         LINE#         231
  C:316AH         LINE#         232
  C:316AH         LINE#         233
  C:3170H         LINE#         235
  C:3170H         LINE#         236
  C:3182H         LINE#         237
  C:3182H         LINE#         238
  C:318CH         LINE#         239
  C:3194H         LINE#         241
  C:319DH         LINE#         243
  C:319DH         LINE#         252
  C:31BCH         LINE#         253
  C:31BCH         LINE#         254
  C:31DBH         LINE#         255
  C:31E1H         LINE#         256
  C:31E9H         LINE#         257
  C:31E9H         LINE#         259
  C:31EAH         LINE#         265
  C:31F6H         LINE#         266
  C:31F6H         LINE#         267
  C:3213H         LINE#         268
  C:322AH         LINE#         269
  C:3241H         LINE#         270
  C:3241H         LINE#         271
  C:3254H         LINE#         272
  C:3267H         LINE#         273
  C:3267H         LINE#         274
  C:3267H         LINE#         275
  C:326AH         LINE#         280
  C:3279H         LINE#         281
  C:3279H         LINE#         282
  C:329CH         LINE#         283
  C:32B9H         LINE#         284
  C:32C2H         LINE#         285
  C:32C2H         LINE#         286
  C:32C9H         LINE#         287
  C:32C9H         LINE#         288
  C:32DAH         LINE#         289
  C:32DAH         LINE#         290
  C:32E9H         LINE#         291
  C:32E9H         LINE#         292
  C:32E9H         LINE#         293
  C:32ECH         LINE#         295
  C:32ECH         LINE#         296
  C:32F8H         LINE#         297
  C:32F8H         LINE#         298
  C:330AH         LINE#         299
BL51 BANKED LINKER/LOCATER V6.22                                                      05/09/2019  09:31:08  PAGE 26


  C:330AH         LINE#         300
  C:331AH         LINE#         301
  C:331AH         LINE#         302
  C:331AH         LINE#         304
  C:331CH         LINE#         306
  C:331CH         LINE#         307
  C:332BH         LINE#         308
  C:332BH         LINE#         309
  C:333BH         LINE#         310
  C:333BH         LINE#         311
  C:333BH         LINE#         313
  C:333BH         LINE#         315
  C:333BH         LINE#         316
  C:333DH         LINE#         318
  C:333DH         LINE#         319
  C:3344H         LINE#         320
  C:3344H         LINE#         321
  C:3353H         LINE#         322
  C:3353H         LINE#         323
  C:3363H         LINE#         324
  C:3363H         LINE#         325
  C:3363H         LINE#         326
  C:3365H         LINE#         328
  C:3365H         LINE#         329
  C:3374H         LINE#         330
  C:3374H         LINE#         331
  C:3387H         LINE#         332
  C:339AH         LINE#         333
  C:339AH         LINE#         334
  C:339AH         LINE#         335
  C:339AH         LINE#         336
  C:33A3H         LINE#         338
  C:33A3H         LINE#         340
  C:33DDH         LINE#         341
  C:33DDH         LINE#         342
  C:33E4H         LINE#         343
  C:33E4H         LINE#         344
  C:33EEH         LINE#         345
  C:33EEH         LINE#         346
  C:33F1H         LINE#         347
  C:33F6H         LINE#         348
  C:33FBH         LINE#         349
  C:3400H         LINE#         350
  C:3405H         LINE#         351
  C:340AH         LINE#         352
  C:340FH         LINE#         353
  C:3414H         LINE#         354
  C:3414H         LINE#         355
  C:3414H         LINE#         357
  C:3432H         LINE#         358
  C:3432H         LINE#         359
  C:3439H         LINE#         360
  C:3439H         LINE#         361
  C:343EH         LINE#         362
  C:3447H         LINE#         363
  C:3466H         LINE#         364
  C:3466H         LINE#         365
BL51 BANKED LINKER/LOCATER V6.22                                                      05/09/2019  09:31:08  PAGE 27


  C:3476H         LINE#         367
  C:3476H         LINE#         371
  -------         ENDPROC       KEY_PROCESS
  -------         PROC          KEYPAD_IO_INIT
  C:535DH         LINE#         374
  C:535DH         LINE#         375
  C:535DH         LINE#         376
  C:5360H         LINE#         377
  C:5363H         LINE#         378
  C:5366H         LINE#         379
  C:5368H         LINE#         380
  -------         ENDPROC       KEYPAD_IO_INIT
  -------         ENDMOD        KEYPAD

  -------         MODULE        BIPOLARMOTOR
  C:0000H         SYMBOL        _ICE_DUMMY_
  X:0000H         PUBLIC        UTC_time
  D:0080H         PUBLIC        P0
  D:0090H         PUBLIC        P1
  X:0004H         PUBLIC        RX_pos_test
  D:00A0H         PUBLIC        P2
  D:00B0H         PUBLIC        P3
  D:00C0H         PUBLIC        P4
  D:00C8H         PUBLIC        P5
  D:00E8H         PUBLIC        P6
  D:00F8H         PUBLIC        P7
  X:00A4H         PUBLIC        low_date_azimuth_mapping
  D:00A8H         PUBLIC        IE
  C:4685H         PUBLIC        linear_interpolate
  X:00CCH         PUBLIC        declination
  C:5112H         PUBLIC        _Move
  D:00B8H         PUBLIC        IP
  X:00D0H         PUBLIC        time_offset
  D:00D8H         PUBLIC        CCON
  X:00D4H         PUBLIC        previous_move_time
  X:00D5H         PUBLIC        time
  D:0098H         PUBLIC        SCON
  D:0088H         PUBLIC        TCON
  C:4FE6H         PUBLIC        _Step_move
  X:00E7H         PUBLIC        dat
  X:00EDH         PUBLIC        current_local_sun_time
  C:1D12H         PUBLIC        _Update_position
  C:3477H         PUBLIC        _elevation_calculation
  X:00F1H         PUBLIC        sunCoord
  C:4ECEH         PUBLIC        vOneStepMove
  X:00F4H         PUBLIC        elevation_stamp
  X:0130H         PUBLIC        date_azimuth_mapping
  X:0158H         PUBLIC        location
  X:0160H         PUBLIC        RX_pos
  C:52BEH         PUBLIC        vSetLocation
  C:5250H         PUBLIC        _BCDtoDec1
  X:03B8H         PUBLIC        degree
  C:234EH         PUBLIC        _TheoricalJP_Position
  D:00D0H         PUBLIC        PSW
  -------         PROC          VSETLOCATION
  C:52BEH         LINE#         44
  C:52BEH         LINE#         45
BL51 BANKED LINKER/LOCATER V6.22                                                      05/09/2019  09:31:08  PAGE 28


  C:52BEH         LINE#         46
  C:52C8H         LINE#         47
  C:52D2H         LINE#         48
  -------         ENDPROC       VSETLOCATION
  C:524CH         SYMBOL        L?0060
  -------         PROC          L?0059
  -------         ENDPROC       L?0059
  C:524CH         SYMBOL        L?0060
  -------         PROC          _BCDTODEC1
  D:0007H         SYMBOL        bcd
  -------         DO            
  D:0006H         SYMBOL        hi
  D:0007H         SYMBOL        lo
  -------         ENDDO         
  C:5250H         LINE#         49
  C:5250H         LINE#         50
  C:5250H         LINE#         52
  C:5255H         LINE#         53
  C:5259H         LINE#         54
  C:5260H         LINE#         55
  -------         ENDPROC       _BCDTODEC1
  -------         PROC          VONESTEPMOVE
  B:0020H.3       SYMBOL        bDir
  C:4ECEH         LINE#         59
  C:4ECEH         LINE#         60
  C:4ECEH         LINE#         62
  C:4ED4H         LINE#         63
  C:4ED4H         LINE#         64
  C:4ED7H         LINE#         65
  C:4EE0H         LINE#         66
  C:4EE7H         LINE#         67
  C:4EECH         LINE#         68
  C:4EECH         LINE#         69
  C:4EECH         LINE#         71
  C:4EEEH         LINE#         74
  C:4EEEH         LINE#         75
  C:4EF1H         LINE#         76
  C:4EFAH         LINE#         77
  C:4F01H         LINE#         78
  C:4F07H         LINE#         79
  C:4F10H         LINE#         80
  C:4F17H         LINE#         81
  C:4F17H         LINE#         85
  -------         ENDPROC       VONESTEPMOVE
  -------         PROC          _STEP_MOVE
  X:04D7H         SYMBOL        step
  B:0020H.2       SYMBOL        dir
  -------         DO            
  X:04D9H         SYMBOL        i
  -------         ENDDO         
  C:4FE6H         LINE#         87
  C:4FEEH         LINE#         88
  C:4FEEH         LINE#         90
  C:4FF3H         LINE#         93
  C:500EH         LINE#         94
  C:500EH         LINE#         95
  C:5015H         LINE#         97
BL51 BANKED LINKER/LOCATER V6.22                                                      05/09/2019  09:31:08  PAGE 29


  C:5025H         LINE#         99
  -------         ENDPROC       _STEP_MOVE
  -------         PROC          _MOVE
  X:04D3H         SYMBOL        distance
  B:0020H.1       SYMBOL        direction
  -------         DO            
  D:0006H         SYMBOL        step
  -------         ENDDO         
  C:5112H         LINE#         101
  C:5118H         LINE#         102
  C:5118H         LINE#         105
  C:5133H         LINE#         106
  -------         ENDPROC       _MOVE
  C:4674H         SYMBOL        L?0058
  -------         PROC          L?0057
  -------         ENDPROC       L?0057
  C:4674H         SYMBOL        L?0058
  -------         PROC          LINEAR_INTERPOLATE
  X:049AH         SYMBOL        p1
  X:04A2H         SYMBOL        p2
  X:04AAH         SYMBOL        x
  -------         DO            
  D:0004H         SYMBOL        fx
  -------         ENDDO         
  C:4685H         LINE#         139
  C:4685H         LINE#         140
  C:4685H         LINE#         143
  C:4724H         LINE#         145
  C:4724H         LINE#         146
  -------         ENDPROC       LINEAR_INTERPOLATE
  -------         PROC          _THEORICALJP_POSITION
  X:043EH         SYMBOL        azimuth
  X:0442H         SYMBOL        elevation
  -------         DO            
  X:0446H         SYMBOL        pos_interpolate_azimuth
  X:0482H         SYMBOL        JP_pos
  X:0486H         SYMBOL        i
  X:0488H         SYMBOL        yy
  X:048AH         SYMBOL        p1
  X:0492H         SYMBOL        p2
  -------         ENDDO         
  C:234EH         LINE#         149
  C:2354H         LINE#         150
  C:2354H         LINE#         152
  C:235EH         LINE#         155
  C:237AH         LINE#         156
  C:237AH         LINE#         157
  C:23EAH         LINE#         158
  C:23EAH         LINE#         159
  C:23F1H         LINE#         160
  C:23F1H         LINE#         161
  C:241EH         LINE#         162
  C:2439H         LINE#         164
  C:2480H         LINE#         165
  C:24B4H         LINE#         167
  C:24FAH         LINE#         168
  C:251FH         LINE#         170
BL51 BANKED LINKER/LOCATER V6.22                                                      05/09/2019  09:31:08  PAGE 30


  C:251FH         LINE#         172
  C:2595H         LINE#         173
  C:2595H         LINE#         174
  C:259CH         LINE#         175
  C:259CH         LINE#         176
  C:25C9H         LINE#         177
  C:25E4H         LINE#         179
  C:262BH         LINE#         180
  C:265FH         LINE#         182
  C:26A5H         LINE#         183
  C:26C7H         LINE#         185
  C:26C7H         LINE#         186
  C:26DBH         LINE#         189
  C:26F7H         LINE#         190
  C:26F7H         LINE#         191
  C:2767H         LINE#         192
  C:2767H         LINE#         193
  C:2794H         LINE#         194
  C:27AFH         LINE#         196
  C:27DCH         LINE#         197
  C:27F7H         LINE#         199
  C:2829H         LINE#         202
  C:2829H         LINE#         204
  C:283AH         LINE#         205
  C:2848H         LINE#         207
  -------         ENDPROC       _THEORICALJP_POSITION
  -------         PROC          _UPDATE_POSITION
  D:0001H         SYMBOL        mnths
  D:0002H         SYMBOL        dys
  X:041AH         SYMBOL        hurs
  X:041BH         SYMBOL        mns
  X:041CH         SYMBOL        sconds
  X:041DH         SYMBOL        currnt_pos
  X:0420H         SYMBOL        offset_calib
  -------         DO            
  X:0424H         SYMBOL        date
  X:0426H         SYMBOL        i
  X:0428H         SYMBOL        yy
  X:042AH         SYMBOL        desired_distance
  X:042EH         SYMBOL        distance
  X:0432H         SYMBOL        JP_pos
  X:0436H         SYMBOL        elevation
  X:043AH         SYMBOL        azimuth
  -------         ENDDO         
  C:1D12H         LINE#         210
  C:1D1BH         LINE#         213
  C:1D1BH         LINE#         214
  C:1D26H         LINE#         216
  C:1D42H         LINE#         223
  C:1D4CH         LINE#         224
  C:1D57H         LINE#         225
  C:1D62H         LINE#         226
  C:1D7BH         LINE#         227
  C:1D8CH         LINE#         228
  C:1D9BH         LINE#         231
  C:1DAFH         LINE#         235
  C:1E01H         LINE#         236
BL51 BANKED LINKER/LOCATER V6.22                                                      05/09/2019  09:31:08  PAGE 31


  C:1F65H         LINE#         237
  C:1FB5H         LINE#         240
  C:20DDH         LINE#         243
  C:21ACH         LINE#         250
  C:21F3H         LINE#         251
  C:21F3H         LINE#         253
  C:221EH         LINE#         254
  C:224DH         LINE#         256
  C:2272H         LINE#         257
  C:22D7H         LINE#         258
  C:22D7H         LINE#         259
  C:22F1H         LINE#         260
  C:2303H         LINE#         261
  C:231BH         LINE#         262
  C:2331H         LINE#         264
  C:234DH         LINE#         265
  C:234DH         LINE#         266
  C:234DH         LINE#         269
  -------         ENDPROC       _UPDATE_POSITION
  -------         PROC          _ELEVATION_CALCULATION
  D:0007H         SYMBOL        mnths
  D:0005H         SYMBOL        dys
  X:03F6H         SYMBOL        hurs
  X:03F7H         SYMBOL        mns
  X:03F8H         SYMBOL        sconds
  C:3477H         LINE#         271
  C:347CH         LINE#         273
  C:347CH         LINE#         274
  C:3486H         LINE#         275
  C:348FH         LINE#         276
  C:349AH         LINE#         277
  C:34B3H         LINE#         278
  C:34C7H         LINE#         279
  C:34D9H         LINE#         283
  C:352BH         LINE#         284
  C:368FH         LINE#         285
  C:36DFH         LINE#         287
  C:37F6H         LINE#         289
  -------         ENDPROC       _ELEVATION_CALCULATION
  -------         ENDMOD        BIPOLARMOTOR

  -------         MODULE        SUNPOS
  C:0000H         SYMBOL        _ICE_DUMMY_
  C:1570H         PUBLIC        sunpos
  -------         PROC          SUNPOS
  X:043EH         SYMBOL        udtTime
  X:0450H         SYMBOL        udtLocation
  X:0458H         SYMBOL        udtSunCoordinates
  -------         DO            
  X:045BH         SYMBOL        dElapsedJulianDays
  X:045FH         SYMBOL        dDecimalHours
  X:0463H         SYMBOL        dEclipticLongitude
  X:0467H         SYMBOL        dEclipticObliquity
  X:046BH         SYMBOL        dRightAscension
  X:046FH         SYMBOL        dDeclination
  X:0473H         SYMBOL        dY
  X:0477H         SYMBOL        dX
BL51 BANKED LINKER/LOCATER V6.22                                                      05/09/2019  09:31:08  PAGE 32


  -------         DO            
  X:047BH         SYMBOL        dJulianDate
  X:047FH         SYMBOL        liAux1
  X:0483H         SYMBOL        liAux2
  X:047BH         SYMBOL        dMeanLongitude
  X:047FH         SYMBOL        dMeanAnomaly
  X:0483H         SYMBOL        dOmega
  X:047BH         SYMBOL        dSin_EclipticLongitude
  X:047BH         SYMBOL        dGreenwichMeanSiderealTime
  X:047FH         SYMBOL        dLocalMeanSiderealTime
  X:0483H         SYMBOL        dLatitudeInRadians
  X:0487H         SYMBOL        dHourAngle
  X:048BH         SYMBOL        dCos_Latitude
  X:048FH         SYMBOL        dSin_Latitude
  X:0493H         SYMBOL        dCos_HourAngle
  X:0497H         SYMBOL        dParallax
  -------         ENDDO         
  -------         DO            
  X:047BH         SYMBOL        dMeanLongitude
  X:047FH         SYMBOL        dMeanAnomaly
  X:0483H         SYMBOL        dOmega
  X:047BH         SYMBOL        dSin_EclipticLongitude
  X:047BH         SYMBOL        dGreenwichMeanSiderealTime
  X:047FH         SYMBOL        dLocalMeanSiderealTime
  X:0483H         SYMBOL        dLatitudeInRadians
  X:0487H         SYMBOL        dHourAngle
  X:048BH         SYMBOL        dCos_Latitude
  X:048FH         SYMBOL        dSin_Latitude
  X:0493H         SYMBOL        dCos_HourAngle
  X:0497H         SYMBOL        dParallax
  -------         ENDDO         
  -------         DO            
  X:047BH         SYMBOL        dSin_EclipticLongitude
  X:047BH         SYMBOL        dGreenwichMeanSiderealTime
  X:047FH         SYMBOL        dLocalMeanSiderealTime
  X:0483H         SYMBOL        dLatitudeInRadians
  X:0487H         SYMBOL        dHourAngle
  X:048BH         SYMBOL        dCos_Latitude
  X:048FH         SYMBOL        dSin_Latitude
  X:0493H         SYMBOL        dCos_HourAngle
  X:0497H         SYMBOL        dParallax
  -------         ENDDO         
  -------         DO            
  X:047BH         SYMBOL        dGreenwichMeanSiderealTime
  X:047FH         SYMBOL        dLocalMeanSiderealTime
  X:0483H         SYMBOL        dLatitudeInRadians
  X:0487H         SYMBOL        dHourAngle
  X:048BH         SYMBOL        dCos_Latitude
  X:048FH         SYMBOL        dSin_Latitude
  X:0493H         SYMBOL        dCos_HourAngle
  X:0497H         SYMBOL        dParallax
  -------         ENDDO         
  -------         ENDDO         
  C:1570H         LINE#         6
  C:1570H         LINE#         7
  C:1570H         LINE#         9
  C:1570H         LINE#         27
BL51 BANKED LINKER/LOCATER V6.22                                                      05/09/2019  09:31:08  PAGE 33


  C:15BAH         LINE#         30
  C:15DBH         LINE#         31
  C:1722H         LINE#         34
  C:176EH         LINE#         36
  C:178DH         LINE#         37
  C:178DH         LINE#         42
  C:178DH         LINE#         46
  C:17BFH         LINE#         47
  C:17E9H         LINE#         48
  C:1813H         LINE#         49
  C:18C0H         LINE#         52
  C:1921H         LINE#         54
  C:1921H         LINE#         59
  C:1921H         LINE#         61
  C:1938H         LINE#         62
  C:1960H         LINE#         63
  C:1977H         LINE#         64
  C:19A2H         LINE#         65
  C:19D9H         LINE#         66
  C:1A04H         LINE#         67
  C:1A04H         LINE#         70
  C:1A04H         LINE#         79
  C:1A3FH         LINE#         82
  C:1A79H         LINE#         84
  C:1A9EH         LINE#         85
  C:1ABDH         LINE#         86
  C:1AD4H         LINE#         87
  C:1AEBH         LINE#         88
  C:1B02H         LINE#         89
  C:1B8BH         LINE#         91
  C:1BA5H         LINE#         92
  C:1C07H         LINE#         93
  C:1C3DH         LINE#         94
  C:1C4FH         LINE#         95
  C:1C7CH         LINE#         96
  C:1CA9H         LINE#         98
  C:1CCBH         LINE#         100
  C:1D03H         LINE#         103
  C:1D03H         LINE#         104
  C:1D11H         LINE#         105
  -------         ENDPROC       SUNPOS
  -------         ENDMOD        SUNPOS

  -------         MODULE        ADC
  C:0000H         SYMBOL        _ICE_DUMMY_
  D:0092H         PUBLIC        P1M0
  D:0091H         PUBLIC        P1M1
  D:0080H         PUBLIC        P0
  D:0090H         PUBLIC        P1
  D:00A0H         PUBLIC        P2
  D:00B0H         PUBLIC        P3
  D:00C0H         PUBLIC        P4
  D:00C8H         PUBLIC        P5
  D:00E8H         PUBLIC        P6
  D:00F8H         PUBLIC        P7
  D:00A8H         PUBLIC        IE
  D:00BDH         PUBLIC        ADC_RES
BL51 BANKED LINKER/LOCATER V6.22                                                      05/09/2019  09:31:08  PAGE 34


  D:00B8H         PUBLIC        IP
  D:0097H         PUBLIC        CLK_DIV
  D:00D8H         PUBLIC        CCON
  D:00BCH         PUBLIC        ADC_CONTR
  D:0098H         PUBLIC        SCON
  D:0088H         PUBLIC        TCON
  B:00A0H.4       PUBLIC        P24
  B:00A0H.5       PUBLIC        P25
  B:00A0H.6       PUBLIC        P26
  C:5261H         PUBLIC        ADC_Init
  C:50E8H         PUBLIC        _ADC_GetResult
  D:009DH         PUBLIC        P1ASF
  D:00BEH         PUBLIC        ADC_RESL
  D:00D0H         PUBLIC        PSW
  -------         PROC          ADC_INIT
  C:5261H         LINE#         7
  C:5261H         LINE#         8
  C:5261H         LINE#         10
  C:5263H         LINE#         11
  C:5265H         LINE#         12
  C:5267H         LINE#         13
  C:526AH         LINE#         14
  C:526DH         LINE#         15
  C:5270H         LINE#         16
  C:5273H         LINE#         18
  C:5275H         LINE#         19
  C:5277H         LINE#         20
  C:527AH         LINE#         24
  -------         ENDPROC       ADC_INIT
  -------         PROC          _ADC_GETRESULT
  D:0007H         SYMBOL        ch
  -------         DO            
  D:0006H         SYMBOL        ADC_Value_H
  D:0004H         SYMBOL        ADC_Value_L
  D:0006H         SYMBOL        ADC_Value
  -------         ENDDO         
  C:50E8H         LINE#         27
  C:50E8H         LINE#         28
  C:50E8H         LINE#         30
  C:50EDH         LINE#         31
  C:50EEH         LINE#         32
  C:50EFH         LINE#         35
  C:50F4H         LINE#         36
  C:50F7H         LINE#         37
[...]
  C:4489H         LINE#         97
  C:4489H         LINE#         98
  C:448BH         LINE#         99
  C:448DH         LINE#         101
  C:448DH         LINE#         102
  C:448FH         LINE#         104
  C:448FH         LINE#         105
  C:448FH         LINE#         106
  C:448FH         LINE#         107
  C:4492H         LINE#         108
  C:4496H         LINE#         111
  C:44B5H         LINE#         113
  C:44BCH         LINE#         114
  C:44BCH         LINE#         115
  C:44BEH         LINE#         116
  C:44C1H         LINE#         117
  C:44DDH         LINE#         118
  C:44DDH         LINE#         119
  C:44DFH         LINE#         120
  C:44E1H         LINE#         122
  C:44E1H         LINE#         123
  C:44E3H         LINE#         125
  C:44E3H         LINE#         126
  C:44E3H         LINE#         127
  C:44E3H         LINE#         128
  C:44E6H         LINE#         129
  C:44FFH         LINE#         131
  C:451EH         LINE#         133
  C:4525H         LINE#         134
  C:4525H         LINE#         135
  C:4527H         LINE#         136
  C:452AH         LINE#         137
BL51 BANKED LINKER/LOCATER V6.22                                                      05/09/2019  09:31:08  PAGE 45


  C:4531H         LINE#         138
  C:4531H         LINE#         139
  C:4533H         LINE#         140
  C:4535H         LINE#         142
  C:4535H         LINE#         143
  C:4537H         LINE#         145
  C:4537H         LINE#         146
  C:4537H         LINE#         147
  C:4537H         LINE#         148
  C:453AH         LINE#         149
  C:4541H         LINE#         151
  C:4560H         LINE#         153
  C:4562H         LINE#         154
  C:4565H         LINE#         155
  C:456CH         LINE#         157
  -------         ENDPROC       _AT25SF041_WRITE
  -------         PROC          _AT25SF041_READ
  D:0003H         SYMBOL        opcode
  X:05FAH         SYMBOL        addr
  -------         DO            
  X:05FEH         SYMBOL        dat
  X:05FFH         SYMBOL        i
  -------         ENDDO         
  C:435BH         LINE#         159
  C:435DH         LINE#         160
  C:435DH         LINE#         161
  C:4362H         LINE#         163
  C:4364H         LINE#         164
  C:436AH         LINE#         168
  C:436FH         LINE#         169
  C:436FH         LINE#         170
  C:4371H         LINE#         171
  C:4374H         LINE#         172
  C:4378H         LINE#         173
  C:4378H         LINE#         174
  C:437AH         LINE#         175
  C:437CH         LINE#         177
  C:437CH         LINE#         178
  C:437EH         LINE#         180
  C:437EH         LINE#         181
  C:437EH         LINE#         182
  C:437EH         LINE#         183
  C:4381H         LINE#         184
  C:4385H         LINE#         187
  C:43A4H         LINE#         189
  C:43ABH         LINE#         190
  C:43ABH         LINE#         191
  C:43ADH         LINE#         192
  C:43B0H         LINE#         193
  C:43CCH         LINE#         194
  C:43CCH         LINE#         195
  C:43CEH         LINE#         196
  C:43D0H         LINE#         198
  C:43D0H         LINE#         199
  C:43D2H         LINE#         201
  C:43D2H         LINE#         202
  C:43D2H         LINE#         203
BL51 BANKED LINKER/LOCATER V6.22                                                      05/09/2019  09:31:08  PAGE 46


  C:43D2H         LINE#         204
  C:43D5H         LINE#         205
  C:43EEH         LINE#         207
  C:440DH         LINE#         210
  C:4414H         LINE#         212
  C:4416H         LINE#         213
  C:441DH         LINE#         215
  C:4424H         LINE#         216
  C:4424H         LINE#         217
  C:442BH         LINE#         218
  C:442BH         LINE#         219
  C:442EH         LINE#         220
  C:4430H         LINE#         221
  C:4433H         LINE#         223
  C:4436H         LINE#         224
  C:4436H         LINE#         226
  C:443AH         LINE#         227
  C:443AH         LINE#         233
  C:4459H         LINE#         236
  C:445BH         LINE#         237
  C:445EH         LINE#         238
  C:4465H         LINE#         240
  C:446AH         LINE#         242
  -------         ENDPROC       _AT25SF041_READ
  -------         PROC          UCREAD_STATUS_REGISTER_BYTE1
  -------         DO            
  D:0003H         SYMBOL        dat
  D:0001H         SYMBOL        opcode
  X:04DBH         SYMBOL        count
  X:04DCH         SYMBOL        i
  -------         ENDDO         
  C:4939H         LINE#         246
  C:4939H         LINE#         247
  C:4939H         LINE#         248
  C:493FH         LINE#         249
  C:4943H         LINE#         250
  C:4945H         LINE#         251
  C:4947H         LINE#         252
  C:494DH         LINE#         256
  C:4954H         LINE#         257
  C:4954H         LINE#         258
  C:4956H         LINE#         259
  C:4959H         LINE#         260
  C:495DH         LINE#         261
  C:495DH         LINE#         262
  C:495FH         LINE#         263
  C:4961H         LINE#         265
  C:4961H         LINE#         266
  C:4963H         LINE#         268
  C:4963H         LINE#         269
  C:4963H         LINE#         270
  C:4963H         LINE#         271
  C:4966H         LINE#         272
  C:496AH         LINE#         275
  C:4989H         LINE#         279
  C:4990H         LINE#         281
  C:4992H         LINE#         282
BL51 BANKED LINKER/LOCATER V6.22                                                      05/09/2019  09:31:08  PAGE 47


  C:4999H         LINE#         283
  C:49A0H         LINE#         284
  C:49A0H         LINE#         285
  C:49A4H         LINE#         286
  C:49A4H         LINE#         287
  C:49A7H         LINE#         288
  C:49A9H         LINE#         289
  C:49ACH         LINE#         291
  C:49AFH         LINE#         292
  C:49AFH         LINE#         294
  C:49B3H         LINE#         295
  C:49B3H         LINE#         297
  C:49D2H         LINE#         301
  C:49D4H         LINE#         302
  C:49D7H         LINE#         303
  C:49D9H         LINE#         304
  -------         ENDPROC       UCREAD_STATUS_REGISTER_BYTE1
  -------         PROC          SPI_NOR_WRITE_DATA
  X:03F4H         SYMBOL        dat
  X:03FFH         SYMBOL        addr
  C:3B44H         LINE#         306
  C:3B44H         LINE#         307
  C:3B44H         LINE#         309
  C:3B47H         LINE#         311
  C:3B61H         LINE#         312
  C:3B7FH         LINE#         314
  C:3B86H         LINE#         315
  C:3B89H         LINE#         317
  C:3BA3H         LINE#         318
  C:3BA3H         LINE#         319
  C:3BA3H         LINE#         322
  C:3BA6H         LINE#         324
  C:3BC0H         LINE#         325
  C:3BC0H         LINE#         326
  C:3BC0H         LINE#         328
  C:3BC3H         LINE#         330
  C:3BDDH         LINE#         331
  C:3BDDH         LINE#         332
  C:3BDDH         LINE#         334
  C:3BE0H         LINE#         336
  C:3BFAH         LINE#         337
  C:3BFAH         LINE#         338
  C:3BFAH         LINE#         340
  C:3BFDH         LINE#         342
  C:3C17H         LINE#         343
  C:3C17H         LINE#         344
  C:3C17H         LINE#         346
  C:3C1AH         LINE#         348
  C:3C34H         LINE#         349
  C:3C34H         LINE#         350
  C:3C34H         LINE#         352
  C:3C37H         LINE#         354
  C:3C51H         LINE#         355
  C:3C51H         LINE#         356
  C:3C51H         LINE#         358
  C:3C54H         LINE#         360
  C:3C6EH         LINE#         361
BL51 BANKED LINKER/LOCATER V6.22                                                      05/09/2019  09:31:08  PAGE 48


  C:3C6EH         LINE#         362
  C:3C6EH         LINE#         364
  C:3C71H         LINE#         366
  C:3C8BH         LINE#         367
  C:3C8BH         LINE#         368
  C:3C8BH         LINE#         370
  C:3C8EH         LINE#         372
  C:3CA8H         LINE#         373
  C:3CAFH         LINE#         374
  -------         ENDPROC       SPI_NOR_WRITE_DATA
  -------         ENDMOD        AT25SF041

  -------         MODULE        SI1120
  C:0000H         SYMBOL        _ICE_DUMMY_
  D:0080H         PUBLIC        P0
  D:00B2H         PUBLIC        P3M0
  D:0090H         PUBLIC        P1
  D:00B1H         PUBLIC        P3M1
  D:00A0H         PUBLIC        P2
  D:00B0H         PUBLIC        P3
  D:00C0H         PUBLIC        P4
  D:00C8H         PUBLIC        P5
  B:00A8H.7       PUBLIC        EA
  D:00E8H         PUBLIC        P6
  D:00F8H         PUBLIC        P7
  D:00A8H         PUBLIC        IE
  D:00B8H         PUBLIC        IP
  C:5061H         PUBLIC        SI1120_CONFIG_MODE_VIRH
  D:00D8H         PUBLIC        CCON
  D:0098H         PUBLIC        SCON
  D:0088H         PUBLIC        TCON
  C:5350H         PUBLIC        Enable_EXTINT0
  B:0090H.5       PUBLIC        SI1120_STX
  B:0088H.0       PUBLIC        IT0
  B:00A8H.0       PUBLIC        EX0
  B:0090H.4       PUBLIC        SI1120_MD
  B:0090H.6       PUBLIC        SI1120_SC
  D:00D0H         PUBLIC        PSW
  -------         PROC          SI1120_CONFIG_MODE_VIRH
  C:5061H         LINE#         4
  C:5061H         LINE#         5
  C:5061H         LINE#         6
  C:5063H         LINE#         7
  C:5065H         LINE#         8
  C:5067H         LINE#         10
  C:506EH         LINE#         11
  C:5070H         LINE#         13
  C:5072H         LINE#         14
  C:5074H         LINE#         16
  C:507BH         LINE#         18
  C:507DH         LINE#         20
  C:5084H         LINE#         23
  C:5086H         LINE#         25
  C:5088H         LINE#         27
  C:508FH         LINE#         29
  C:5091H         LINE#         31
  -------         ENDPROC       SI1120_CONFIG_MODE_VIRH
BL51 BANKED LINKER/LOCATER V6.22                                                      05/09/2019  09:31:08  PAGE 49


  -------         PROC          ENABLE_EXTINT0
  C:5350H         LINE#         33
  C:5350H         LINE#         34
  C:5350H         LINE#         35
  C:5353H         LINE#         36
  C:5356H         LINE#         37
  C:5358H         LINE#         38
  C:535AH         LINE#         39
  C:535CH         LINE#         40
  -------         ENDPROC       ENABLE_EXTINT0
  -------         ENDMOD        SI1120

  -------         MODULE        ?C_STARTUP
  C:4BADH         SEGMENT       ?C_C51STARTUP
  I:0021H         SEGMENT       ?STACK
  C:0000H         PUBLIC        ?C_STARTUP
  D:00E0H         SYMBOL        ACC
  D:00F0H         SYMBOL        B
  D:0083H         SYMBOL        DPH
  D:0082H         SYMBOL        DPL
  N:0000H         SYMBOL        IBPSTACK
  N:0100H         SYMBOL        IBPSTACKTOP
  N:0080H         SYMBOL        IDATALEN
  C:4BB0H         SYMBOL        IDATALOOP
  N:0000H         SYMBOL        PBPSTACK
  N:0100H         SYMBOL        PBPSTACKTOP
  N:0000H         SYMBOL        PDATALEN
  N:0000H         SYMBOL        PDATASTART
  N:0000H         SYMBOL        PPAGE
  N:0000H         SYMBOL        PPAGEENABLE
  D:00A0H         SYMBOL        PPAGE_SFR
  D:0081H         SYMBOL        SP
  C:4BADH         SYMBOL        STARTUP1
  N:0000H         SYMBOL        XBPSTACK
  N:0000H         SYMBOL        XBPSTACKTOP
  N:0000H         SYMBOL        XDATALEN
  N:0000H         SYMBOL        XDATASTART
  C:0000H         LINE#         126
  C:4BADH         LINE#         133
  C:4BAFH         LINE#         134
  C:4BB0H         LINE#         135
  C:4BB1H         LINE#         136
  C:4BB3H         LINE#         185
  C:4BB6H         LINE#         196
  -------         ENDMOD        ?C_STARTUP

  -------         MODULE        ?C?FPADD
  C:0BD3H         PUBLIC        ?C?FPADD
  C:0BCFH         PUBLIC        ?C?FPSUB
  -------         ENDMOD        ?C?FPADD

  -------         MODULE        ?C?FPMUL
  C:0CC4H         PUBLIC        ?C?FPMUL
  -------         ENDMOD        ?C?FPMUL

  -------         MODULE        ?C?FPDIV
  C:0DCDH         PUBLIC        ?C?FPDIV
BL51 BANKED LINKER/LOCATER V6.22                                                      05/09/2019  09:31:08  PAGE 50


  -------         ENDMOD        ?C?FPDIV

  -------         MODULE        ?C?FPCMP
  C:0E6CH         PUBLIC        ?C?FPCMP
  C:0E6AH         PUBLIC        ?C?FPCMP3
  -------         ENDMOD        ?C?FPCMP

  -------         MODULE        ?C?FPNEG
  C:0EE3H         PUBLIC        ?C?FPNEG
  -------         ENDMOD        ?C?FPNEG

  -------         MODULE        ?C?FCAST
  C:0EFEH         PUBLIC        ?C?FCASTC
  C:0EF9H         PUBLIC        ?C?FCASTI
  C:0EF4H         PUBLIC        ?C?FCASTL
  -------         ENDMOD        ?C?FCAST

  -------         MODULE        ?C?CASTF
  C:0F32H         PUBLIC        ?C?CASTF
  -------         ENDMOD        ?C?CASTF

  -------         MODULE        ATAN2
  X:049BH         PUBLIC        ?_atan2?BYTE
  C:49DAH         PUBLIC        _atan2
  -------         ENDMOD        ATAN2

  -------         MODULE        SIN
  C:3D15H         PUBLIC        _COS
  C:3D2BH         PUBLIC        _SIN
  C:3D67H         PUBLIC        _TAN
  -------         ENDMOD        SIN

  -------         MODULE        ACOS
  C:4F18H         PUBLIC        _ACOS
  -------         ENDMOD        ACOS

  -------         MODULE        ASIN
  C:5026H         PUBLIC        _ASIN
  -------         ENDMOD        ASIN

  -------         MODULE        POW
  X:03BCH         PUBLIC        ?_pow?BYTE
  C:3E55H         PUBLIC        _pow
  -------         ENDMOD        POW

  -------         MODULE        ?C?CHKFLOAT
  C:0FB3H         PUBLIC        ?C?CHKFLOAT
  -------         ENDMOD        ?C?CHKFLOAT

  -------         MODULE        EXP
  C:4B4BH         PUBLIC        _EXP
  -------         ENDMOD        EXP

  -------         MODULE        LOG
  C:4144H         PUBLIC        _LOG
  C:4140H         PUBLIC        _LOG10
  -------         ENDMOD        LOG
BL51 BANKED LINKER/LOCATER V6.22                                                      05/09/2019  09:31:08  PAGE 51



  -------         MODULE        SQRT
  C:4891H         PUBLIC        _SQRT
  -------         ENDMOD        SQRT

  -------         MODULE        ATAN
  C:4259H         PUBLIC        _ATAN
  -------         ENDMOD        ATAN

  -------         MODULE        ?C?COPY
  C:10EAH         PUBLIC        ?C?COPY
  -------         ENDMOD        ?C?COPY

  -------         MODULE        ?C?CLDPTR
  C:1110H         PUBLIC        ?C?CLDPTR
  -------         ENDMOD        ?C?CLDPTR

  -------         MODULE        ?C?CLDOPTR
  C:1129H         PUBLIC        ?C?CLDOPTR
  -------         ENDMOD        ?C?CLDOPTR

  -------         MODULE        ?C?CSTPTR
  C:1156H         PUBLIC        ?C?CSTPTR
  -------         ENDMOD        ?C?CSTPTR

  -------         MODULE        ?C?IMUL
  C:1168H         PUBLIC        ?C?IMUL
  -------         ENDMOD        ?C?IMUL

  -------         MODULE        ?C?UIDIV
  C:117AH         PUBLIC        ?C?UIDIV
  -------         ENDMOD        ?C?UIDIV

  -------         MODULE        ?C?SIDIV
  C:11CFH         PUBLIC        ?C?SIDIV
  -------         ENDMOD        ?C?SIDIV

  -------         MODULE        ?C?ILDOPTR
  C:1205H         PUBLIC        ?C?ILDOPTR
  -------         ENDMOD        ?C?ILDOPTR

  -------         MODULE        ?C?ISTPTR
  C:123DH         PUBLIC        ?C?ISTPTR
  -------         ENDMOD        ?C?ISTPTR

  -------         MODULE        ?C?LMUL
  C:125CH         PUBLIC        ?C?LMUL
  -------         ENDMOD        ?C?LMUL

  -------         MODULE        ?C?SLDIV
  C:4F62H         PUBLIC        ?C?SLDIV
  -------         ENDMOD        ?C?SLDIV

  -------         MODULE        ?C?LNEG
  C:12ABH         PUBLIC        ?C?LNEG
  -------         ENDMOD        ?C?LNEG

BL51 BANKED LINKER/LOCATER V6.22                                                      05/09/2019  09:31:08  PAGE 52


  -------         MODULE        ?C?ULCMP
  C:12B9H         PUBLIC        ?C?ULCMP
  -------         ENDMOD        ?C?ULCMP

  -------         MODULE        ?C?LSHL
  C:12CAH         PUBLIC        ?C?LSHL
  -------         ENDMOD        ?C?LSHL

  -------         MODULE        ?C?LLDPTR
  C:12DDH         PUBLIC        ?C?LLDPTR
  -------         ENDMOD        ?C?LLDPTR

  -------         MODULE        ?C?LLDOPTR
  C:12FDH         PUBLIC        ?C?LLDOPTR
  -------         ENDMOD        ?C?LLDOPTR

  -------         MODULE        ?C?LSTPTR
  C:132DH         PUBLIC        ?C?LSTPTR
  -------         ENDMOD        ?C?LSTPTR

  -------         MODULE        ?C?LSTOPTR
  C:1347H         PUBLIC        ?C?LSTOPTR
  -------         ENDMOD        ?C?LSTOPTR

  -------         MODULE        ?C?LLDXDATA
  C:136BH         PUBLIC        ?C?LLDXDATA
  -------         ENDMOD        ?C?LLDXDATA

  -------         MODULE        ?C?LLDCODE
  C:1377H         PUBLIC        ?C?LLDCODE
  -------         ENDMOD        ?C?LLDCODE

  -------         MODULE        ?C?LLDXDATA0
  C:1387H         PUBLIC        ?C?LLDXDATA0
  -------         ENDMOD        ?C?LLDXDATA0

  -------         MODULE        ?C?LLDCODE0
  C:1393H         PUBLIC        ?C?LLDCODE0
  -------         ENDMOD        ?C?LLDCODE0

  -------         MODULE        ?C?LLDPTR0
  C:13A3H         PUBLIC        ?C?LLDPTR0
  -------         ENDMOD        ?C?LLDPTR0

  -------         MODULE        ?C?LSTXDATA
  C:13C3H         PUBLIC        ?C?LSTXDATA
  -------         ENDMOD        ?C?LSTXDATA

  -------         MODULE        ?C?LSTKXDATA
  C:13CFH         PUBLIC        ?C?LSTKXDATA
  -------         ENDMOD        ?C?LSTKXDATA

  -------         MODULE        ?C?LSTKPTR
  C:1400H         PUBLIC        ?C?LSTKPTR
  -------         ENDMOD        ?C?LSTKPTR

  -------         MODULE        ?C?OFFXADD
BL51 BANKED LINKER/LOCATER V6.22                                                      05/09/2019  09:31:08  PAGE 53


  C:141AH         PUBLIC        ?C?OFFXADD
  -------         ENDMOD        ?C?OFFXADD

  -------         MODULE        ?C?ULDIV
  C:1462H         PUBLIC        ?C?ULDIV
  -------         ENDMOD        ?C?ULDIV

  -------         MODULE        ?C?LLDIDATA
  C:14F4H         PUBLIC        ?C?LLDIDATA
  -------         ENDMOD        ?C?LLDIDATA

  -------         MODULE        ?C?LLDPDATA
  C:1500H         PUBLIC        ?C?LLDPDATA
  -------         ENDMOD        ?C?LLDPDATA

  -------         MODULE        ?C?LLDIDATA0
  C:150CH         PUBLIC        ?C?LLDIDATA0
  -------         ENDMOD        ?C?LLDIDATA0

  -------         MODULE        ?C?LLDPDATA0
  C:1519H         PUBLIC        ?C?LLDPDATA0
  -------         ENDMOD        ?C?LLDPDATA0

  -------         MODULE        ?C?LSTIDATA
  C:1526H         PUBLIC        ?C?LSTIDATA
  -------         ENDMOD        ?C?LSTIDATA

  -------         MODULE        ?C?LSTPDATA
  C:1532H         PUBLIC        ?C?LSTPDATA
  -------         ENDMOD        ?C?LSTPDATA

  -------         MODULE        ?C?LSTKIDATA
  C:153EH         PUBLIC        ?C?LSTKIDATA
  -------         ENDMOD        ?C?LSTKIDATA

  -------         MODULE        ?C?LSTKPDATA
  C:1557H         PUBLIC        ?C?LSTKPDATA
  -------         ENDMOD        ?C?LSTKPDATA

*** WARNING L16: UNCALLED SEGMENT, IGNORED FOR OVERLAY PROCESS
    SEGMENT: ?PR?_DAY_OF_YEAR?PCF85063BTL

*** WARNING L16: UNCALLED SEGMENT, IGNORED FOR OVERLAY PROCESS
    SEGMENT: ?PR?NOP?IOEXPANDER_PI4IOE5V96248

*** WARNING L16: UNCALLED SEGMENT, IGNORED FOR OVERLAY PROCESS
    SEGMENT: ?PR?UC_ACK?IOEXPANDER_PI4IOE5V96248

*** WARNING L16: UNCALLED SEGMENT, IGNORED FOR OVERLAY PROCESS
    SEGMENT: ?PR?UC_NACK?IOEXPANDER_PI4IOE5V96248

*** WARNING L16: UNCALLED SEGMENT, IGNORED FOR OVERLAY PROCESS
    SEGMENT: ?PR?_AT25SF041_READ?AT25SF041

Program Size: data=9.5 xdata=1539 code=21384
LINK/LOCATE RUN COMPLETE.  5 WARNING(S),  0 ERROR(S)
