BL51 BANKED LINKER/LOCATER V6.22                                                        01/16/2019  17:02:19  PAGE 1


BL51 BANKED LINKER/LOCATER V6.22, INVOKED BY:
C:\KEIL_V5\C51\BIN\BL51.EXE .\Obj\main.obj, .\Obj\PCF85063BTL.obj, .\Obj\UART1.obj, .\Obj\LCd_Driver_SPLC780D.obj, .\Obj
>> \KeyPad.obj, .\Obj\BipolarMotor.obj, .\Obj\SunPos.obj, .\Obj\ADC.obj, .\Obj\Calibration.obj, .\Obj\IOExpander_PI4IOE5
>> V96248.obj, .\Obj\STARTUP.obj TO .\Obj\GPIO_RTC_Test PRINT (.\Lis\GPIO_RTC_Test.m51) RAMSIZE (256)


MEMORY MODEL: LARGE WITH FLOATING POINT ARITHMETIC


INPUT MODULES INCLUDED:
  .\Obj\main.obj (MAIN)
  .\Obj\PCF85063BTL.obj (PCF85063BTL)
  .\Obj\UART1.obj (UART1)
  .\Obj\LCd_Driver_SPLC780D.obj (LCD_DRIVER_SPLC780D)
  .\Obj\KeyPad.obj (KEYPAD)
  .\Obj\BipolarMotor.obj (BIPOLARMOTOR)
  .\Obj\SunPos.obj (SUNPOS)
  .\Obj\ADC.obj (ADC)
  .\Obj\Calibration.obj (CALIBRATION)
  .\Obj\IOExpander_PI4IOE5V96248.obj (IOEXPANDER_PI4IOE5V96248)
  .\Obj\STARTUP.obj (?C_STARTUP)
  C:\KEIL_V5\C51\LIB\C51FPL.LIB (?C?FPADD)
  C:\KEIL_V5\C51\LIB\C51FPL.LIB (?C?FPMUL)
  C:\KEIL_V5\C51\LIB\C51FPL.LIB (?C?FPDIV)
  C:\KEIL_V5\C51\LIB\C51FPL.LIB (?C?FPCMP)
  C:\KEIL_V5\C51\LIB\C51FPL.LIB (?C?FPNEG)
  C:\KEIL_V5\C51\LIB\C51FPL.LIB (?C?FCAST)
  C:\KEIL_V5\C51\LIB\C51FPL.LIB (?C?CASTF)
  C:\KEIL_V5\C51\LIB\C51FPL.LIB (ATAN2)
  C:\KEIL_V5\C51\LIB\C51FPL.LIB (SIN)
  C:\KEIL_V5\C51\LIB\C51FPL.LIB (ACOS)
  C:\KEIL_V5\C51\LIB\C51FPL.LIB (ASIN)
  C:\KEIL_V5\C51\LIB\C51FPL.LIB (?C?FPGETOPN)
  C:\KEIL_V5\C51\LIB\C51FPL.LIB (?C?FPSERIES)
  C:\KEIL_V5\C51\LIB\C51FPL.LIB (SQRT)
  C:\KEIL_V5\C51\LIB\C51FPL.LIB (ATAN)
  C:\KEIL_V5\C51\LIB\C51L.LIB (?C_INIT)
  C:\KEIL_V5\C51\LIB\C51L.LIB (?C?COPY)
  C:\KEIL_V5\C51\LIB\C51L.LIB (?C?CLDPTR)
  C:\KEIL_V5\C51\LIB\C51L.LIB (?C?CLDOPTR)
  C:\KEIL_V5\C51\LIB\C51L.LIB (?C?CSTPTR)
  C:\KEIL_V5\C51\LIB\C51L.LIB (?C?IMUL)
  C:\KEIL_V5\C51\LIB\C51L.LIB (?C?UIDIV)
  C:\KEIL_V5\C51\LIB\C51L.LIB (?C?SIDIV)
  C:\KEIL_V5\C51\LIB\C51L.LIB (?C?ILDIX)
  C:\KEIL_V5\C51\LIB\C51L.LIB (?C?ILDOPTR)
  C:\KEIL_V5\C51\LIB\C51L.LIB (?C?LMUL)
  C:\KEIL_V5\C51\LIB\C51L.LIB (?C?ULDIV)
  C:\KEIL_V5\C51\LIB\C51L.LIB (?C?SLDIV)
  C:\KEIL_V5\C51\LIB\C51L.LIB (?C?LNEG)
  C:\KEIL_V5\C51\LIB\C51L.LIB (?C?ULCMP)
  C:\KEIL_V5\C51\LIB\C51L.LIB (?C?LLDPTR)
  C:\KEIL_V5\C51\LIB\C51L.LIB (?C?LLDOPTR)
  C:\KEIL_V5\C51\LIB\C51L.LIB (?C?LSTPTR)
  C:\KEIL_V5\C51\LIB\C51L.LIB (?C?LSTOPTR)
  C:\KEIL_V5\C51\LIB\C51L.LIB (?C?LLDXDATA)
  C:\KEIL_V5\C51\LIB\C51L.LIB (?C?LLDCODE)
  C:\KEIL_V5\C51\LIB\C51L.LIB (?C?LLDXDATA0)
BL51 BANKED LINKER/LOCATER V6.22                                                      01/16/2019  17:02:19  PAGE 2


  C:\KEIL_V5\C51\LIB\C51L.LIB (?C?LLDCODE0)
  C:\KEIL_V5\C51\LIB\C51L.LIB (?C?LLDPTR0)
  C:\KEIL_V5\C51\LIB\C51L.LIB (?C?LSTXDATA)
  C:\KEIL_V5\C51\LIB\C51L.LIB (?C?LSTKXDATA)
  C:\KEIL_V5\C51\LIB\C51L.LIB (?C?OFFXADD)
  C:\KEIL_V5\C51\LIB\C51L.LIB (ABS)
  C:\KEIL_V5\C51\LIB\C51L.LIB (ATOI)
  C:\KEIL_V5\C51\LIB\C51L.LIB (?C?IILDX)
  C:\KEIL_V5\C51\LIB\C51L.LIB (?C?LLDIDATA)
  C:\KEIL_V5\C51\LIB\C51L.LIB (?C?LLDPDATA)
  C:\KEIL_V5\C51\LIB\C51L.LIB (?C?LLDIDATA0)
  C:\KEIL_V5\C51\LIB\C51L.LIB (?C?LLDPDATA0)
  C:\KEIL_V5\C51\LIB\C51L.LIB (?C?LSTIDATA)
  C:\KEIL_V5\C51\LIB\C51L.LIB (?C?LSTPDATA)
  C:\KEIL_V5\C51\LIB\C51L.LIB (ISDIGIT)
  C:\KEIL_V5\C51\LIB\C51L.LIB (ISSPACE)


LINK MAP OF MODULE:  .\Obj\GPIO_RTC_Test (MAIN)


            TYPE    BASE      LENGTH    RELOCATION   SEGMENT NAME
            -----------------------------------------------------

            * * * * * * *   D A T A   M E M O R Y   * * * * * * *
            REG     0000H     0008H     ABSOLUTE     "REG BANK 0"
                    0008H     0018H                  *** GAP ***
            BIT     0020H.0   0000H.6   UNIT         ?BI?KEYPAD
            BIT     0020H.6   0000H.2   UNIT         ?BI?MAIN
            BIT     0021H.0   0000H.2   UNIT         _BIT_GROUP_
            BIT     0021H.2   0000H.1   UNIT         ?BI?_ATOI?ATOI
                    0021H.3   0000H.5                *** GAP ***
            IDATA   0022H     0001H     UNIT         ?STACK

            * * * * * * *  X D A T A   M E M O R Y  * * * * * * *
            XDATA   0000H     03CBH     UNIT         ?XD?BIPOLARMOTOR
            XDATA   03CBH     014BH     UNIT         _XDATA_GROUP_
            XDATA   0516H     00EFH     UNIT         ?XD?MAIN
            XDATA   0605H     0040H     UNIT         ?XD?_FINDDET4X4?BIPOLARMOTOR
            XDATA   0645H     0024H     UNIT         ?XD?_FINDDET3X3?BIPOLARMOTOR
            XDATA   0669H     001EH     UNIT         ?XD?_CALIB_INTERPOLATE?MAIN
            XDATA   0687H     0009H     UNIT         ?XD?KEYPAD
            XDATA   0690H     0005H     UNIT         ?XD?_ATOI?ATOI
            XDATA   0695H     0003H     UNIT         ?XD?_SENDSTRING?UART1
            XDATA   0698H     0003H     UNIT         ?XD?_WRITE_PI4IOE5V96248?IOEXPANDER_PI4IOE5V96248
            XDATA   069BH     0001H     UNIT         ?XD?I2C_ACK?IOEXPANDER_PI4IOE5V96248
            XDATA   069CH     0001H     UNIT         ?XD?UC_ACK?IOEXPANDER_PI4IOE5V96248
            XDATA   069DH     0001H     UNIT         ?XD?UC_NACK?IOEXPANDER_PI4IOE5V96248

            * * * * * * *   C O D E   M E M O R Y   * * * * * * *
            CODE    0000H     0003H     ABSOLUTE     
            CODE    0003H     0006H     UNIT         ?PR?_TEN?UART1
            CODE    0009H     0001H     UNIT         ?PR?UART?MAIN
            CODE    000AH     0001H     UNIT         ?PR?_DECTOBCD?UART1
            CODE    000BH     0003H     ABSOLUTE     
            CODE    000EH     0015H     UNIT         ?PR?_DISPLAY_LINE?LCD_DRIVER_SPLC780D
            CODE    0023H     0003H     ABSOLUTE     
BL51 BANKED LINKER/LOCATER V6.22                                                      01/16/2019  17:02:19  PAGE 3


            CODE    0026H     0E08H     UNIT         ?PR?_UPDATE_POSITION?BIPOLARMOTOR
            CODE    0E2EH     0938H     UNIT         ?C?LIB_CODE
            CODE    1766H     07A2H     UNIT         ?PR?SUNPOS?SUNPOS
            CODE    1F08H     04EEH     UNIT         ?PR?MAIN?MAIN
            CODE    23F6H     043CH     UNIT         ?C_INITSEG
            CODE    2832H     02C0H     UNIT         ?PR?_FINDDET4X4?BIPOLARMOTOR
            CODE    2AF2H     02B2H     UNIT         ?PR?KEY_PROCESS?KEYPAD
            CODE    2DA4H     025FH     UNIT         ?PR?_FIND_REAL_MAX?CALIBRATION
            CODE    3003H     01D9H     UNIT         ?PR?_DISPLAY_POS?BIPOLARMOTOR
            CODE    31DCH     01D1H     UNIT         ?PR?_FINDDET3X3?BIPOLARMOTOR
            CODE    33ADH     01A1H     UNIT         ?PR?_CALIB_INTERPOLATE?MAIN
            CODE    354EH     018DH     UNIT         ?PR?KEY_SCAN?KEYPAD
            CODE    36DBH     0188H     UNIT         ?PR?SIN?SIN
            CODE    3863H     0145H     UNIT         ?PR?LINEAR_INTERPOLATE?BIPOLARMOTOR
            CODE    39A8H     0122H     UNIT         ?PR?ATAN?ATAN
            CODE    3ACAH     0106H     UNIT         ?PR?_CALIBRATION?CALIBRATION
            CODE    3BD0H     00EBH     UNIT         ?PR?_MOVE?BIPOLARMOTOR
            CODE    3CBBH     00DBH     UNIT         ?PR?_ATOI?ATOI
            CODE    3D96H     00BBH     UNIT         ?PR?VOLTAGE_IS_STABLE?CALIBRATION
            CODE    3E51H     00ADH     UNIT         ?PR?_WRITE_PI4IOE5V96248?IOEXPANDER_PI4IOE5V96248
            CODE    3EFEH     00ACH     UNIT         ?PR?SQRT?SQRT
            CODE    3FAAH     009DH     UNIT         ?PR?_ATAN2?ATAN2
            CODE    4047H     0094H     UNIT         ?PR?_MOVE_2NDMOTOR?BIPOLARMOTOR
            CODE    40DBH     0093H     UNIT         ?PR?_MAX_VALUE?CALIBRATION
            CODE    416EH     008CH     UNIT         ?C_C51STARTUP
            CODE    41FAH     0084H     UNIT         ?PR?_DAY_OF_YEAR?PCF85063BTL
            CODE    427EH     0075H     UNIT         ?PR?_WRITEDATA?LCD_DRIVER_SPLC780D
            CODE    42F3H     006FH     UNIT         ?PR?_READ_TIME?PCF85063BTL
            CODE    4362H     0059H     UNIT         ?PR?LCD_INIT?LCD_DRIVER_SPLC780D
            CODE    43BBH     004AH     UNIT         ?PR?ACOS?ACOS
            CODE    4405H     0044H     UNIT         ?C?LDIV
            CODE    4449H     0040H     UNIT         ?PR?_COMMAND?LCD_DRIVER_SPLC780D
            CODE    4489H     003BH     UNIT         ?PR?ASIN?ASIN
            CODE    44C4H     0034H     UNIT         ?PR?TM0_ISR?MAIN
            CODE    44F8H     0033H     UNIT         ?PR?_SENDSTRING?UART1
            CODE    452BH     002EH     UNIT         ?PR?_ADC_GETRESULT?ADC
            CODE    4559H     002CH     UNIT         ?PR?_STEP_MOVE?BIPOLARMOTOR
            CODE    4585H     002CH     UNIT         ?PR?_STEP_MOVE_2NDMOTOR?BIPOLARMOTOR
            CODE    45B1H     002BH     UNIT         ?PR?_WAIT_MS_I2C?IOEXPANDER_PI4IOE5V96248
            CODE    45DCH     0027H     UNIT         ?PR?_I2C_SENDBYTE?IOEXPANDER_PI4IOE5V96248
            CODE    4603H     0024H     UNIT         ?PR?_WAIT_MS?LCD_DRIVER_SPLC780D
            CODE    4627H     0020H     UNIT         ?PR?_SPI_SENDBYTE?PCF85063BTL
            CODE    4647H     0020H     UNIT         ?PR?SPI_RECEIVEBYTE?PCF85063BTL
            CODE    4667H     001EH     UNIT         ?PR?_DELAY_MS?KEYPAD
            CODE    4685H     001DH     UNIT         ?PR?_DISPLAYLCD?LCD_DRIVER_SPLC780D
            CODE    46A2H     001BH     UNIT         ?PR?_BCDTODEC1?BIPOLARMOTOR
            CODE    46BDH     0018H     UNIT         ?PR?_SPI_WRITETIME?PCF85063BTL
            CODE    46D5H     0017H     UNIT         ?PR?_ASCIITOBCD?UART1
            CODE    46ECH     0016H     UNIT         ?PR?I2C_ACK?IOEXPANDER_PI4IOE5V96248
            CODE    4702H     0015H     UNIT         ?PR?I2C_STOP?IOEXPANDER_PI4IOE5V96248
            CODE    4717H     0014H     UNIT         ?PR?_PCF85063BTL_DELAY?PCF85063BTL
            CODE    472BH     0014H     UNIT         ?PR?_ISSPACE?ISSPACE
            CODE    473FH     0011H     UNIT         ?PR?_SPI_READTIME?PCF85063BTL
            CODE    4750H     0011H     UNIT         ?PR?_BCDTODEC?PCF85063BTL
            CODE    4761H     0011H     UNIT         ?PR?INITUART1?UART1
            CODE    4772H     0010H     UNIT         ?PR?ADC_INIT?ADC
            CODE    4782H     000FH     UNIT         ?PR?I2C_START?IOEXPANDER_PI4IOE5V96248
BL51 BANKED LINKER/LOCATER V6.22                                                      01/16/2019  17:02:19  PAGE 4


            CODE    4791H     000FH     UNIT         ?PR?UC_NACK?IOEXPANDER_PI4IOE5V96248
            CODE    47A0H     000FH     UNIT         ?PR?_ISDIGIT?ISDIGIT
            CODE    47AFH     000DH     UNIT         ?PR?SPI_INIT?PCF85063BTL
            CODE    47BCH     000CH     UNIT         ?PR?KEYPAD_IO_INIT?KEYPAD
            CODE    47C8H     000CH     UNIT         ?PR?_ABS?ABS
            CODE    47D4H     000AH     UNIT         ?PR?LCD_RETURN_HOME?LCD_DRIVER_SPLC780D
            CODE    47DEH     000AH     UNIT         ?PR?LCD_CLEAR?LCD_DRIVER_SPLC780D
            CODE    47E8H     0009H     UNIT         ?PR?_SENDUART1?MAIN
            CODE    47F1H     0006H     UNIT         ?PR?UC_ACK?IOEXPANDER_PI4IOE5V96248
            CODE    47F7H     0005H     UNIT         ?PR?_UNIT?UART1
            CODE    47FCH     0005H     UNIT         ?PR?_ASCII_LETTER?UART1
            CODE    4801H     0001H     UNIT         ?PR?NOP?IOEXPANDER_PI4IOE5V96248



OVERLAY MAP OF MODULE:   .\Obj\GPIO_RTC_Test (MAIN)


SEGMENT                                             BIT_GROUP          XDATA_GROUP
  +--> CALLED SEGMENT                            START    LENGTH     START    LENGTH
------------------------------------------------------------------------------------
?C_C51STARTUP                                    -----    -----      -----    -----
  +--> ?PR?MAIN?MAIN
  +--> ?C_INITSEG

?PR?MAIN?MAIN                                    -----    -----      03CBH    0009H
  +--> ?PR?LCD_INIT?LCD_DRIVER_SPLC780D
  +--> ?PR?SPI_INIT?PCF85063BTL
  +--> ?PR?KEYPAD_IO_INIT?KEYPAD
  +--> ?PR?ADC_INIT?ADC
  +--> ?PR?_DELAY_MS?KEYPAD
  +--> ?PR?_DISPLAY_LINE?LCD_DRIVER_SPLC780D
  +--> ?PR?_WRITEDATA?LCD_DRIVER_SPLC780D
  +--> ?PR?KEY_PROCESS?KEYPAD
  +--> ?PR?_COMMAND?LCD_DRIVER_SPLC780D
  +--> ?PR?_DISPLAY_POS?BIPOLARMOTOR
  +--> ?PR?_DISPLAYLCD?LCD_DRIVER_SPLC780D
  +--> ?PR?_STEP_MOVE?BIPOLARMOTOR
  +--> ?PR?_STEP_MOVE_2NDMOTOR?BIPOLARMOTOR
  +--> ?PR?LCD_RETURN_HOME?LCD_DRIVER_SPLC780D
  +--> ?PR?_READ_TIME?PCF85063BTL
  +--> ?PR?_UPDATE_POSITION?BIPOLARMOTOR
  +--> ?PR?_DAY_OF_YEAR?PCF85063BTL
  +--> ?PR?_BCDTODEC1?BIPOLARMOTOR
  +--> ?PR?_CALIBRATION?CALIBRATION

?PR?LCD_INIT?LCD_DRIVER_SPLC780D                 -----    -----      -----    -----
  +--> ?PR?_WAIT_MS?LCD_DRIVER_SPLC780D
  +--> ?PR?_COMMAND?LCD_DRIVER_SPLC780D

?PR?_COMMAND?LCD_DRIVER_SPLC780D                 -----    -----      -----    -----
  +--> ?PR?_WAIT_MS?LCD_DRIVER_SPLC780D

?PR?_DISPLAY_LINE?LCD_DRIVER_SPLC780D            -----    -----      -----    -----
  +--> ?PR?_COMMAND?LCD_DRIVER_SPLC780D

?PR?_WRITEDATA?LCD_DRIVER_SPLC780D               -----    -----      04C8H    0001H
BL51 BANKED LINKER/LOCATER V6.22                                                      01/16/2019  17:02:19  PAGE 5


  +--> ?PR?_WAIT_MS?LCD_DRIVER_SPLC780D

?PR?KEY_PROCESS?KEYPAD                           -----    -----      03D4H    0006H
  +--> ?PR?KEY_SCAN?KEYPAD
  +--> ?PR?_SPI_WRITETIME?PCF85063BTL
  +--> ?PR?LCD_CLEAR?LCD_DRIVER_SPLC780D
  +--> ?PR?_COMMAND?LCD_DRIVER_SPLC780D
  +--> ?PR?_WRITEDATA?LCD_DRIVER_SPLC780D

?PR?KEY_SCAN?KEYPAD                              -----    -----      03DAH    0003H

?PR?_SPI_WRITETIME?PCF85063BTL                   -----    -----      -----    -----
  +--> ?PR?_SPI_SENDBYTE?PCF85063BTL

?PR?_SPI_SENDBYTE?PCF85063BTL                    -----    -----      -----    -----
  +--> ?PR?_PCF85063BTL_DELAY?PCF85063BTL

?PR?LCD_CLEAR?LCD_DRIVER_SPLC780D                -----    -----      -----    -----
  +--> ?PR?_COMMAND?LCD_DRIVER_SPLC780D

?PR?_DISPLAY_POS?BIPOLARMOTOR                    -----    -----      04BDH    000BH
  +--> ?PR?_ABS?ABS
  +--> ?PR?_WRITEDATA?LCD_DRIVER_SPLC780D

?PR?_DISPLAYLCD?LCD_DRIVER_SPLC780D              -----    -----      03D4H    0001H
  +--> ?PR?_WRITEDATA?LCD_DRIVER_SPLC780D

?PR?_STEP_MOVE?BIPOLARMOTOR                      0021H.1  0000H.1    04BDH    0004H
  +--> ?PR?_WAIT_MS?LCD_DRIVER_SPLC780D

?PR?_STEP_MOVE_2NDMOTOR?BIPOLARMOTOR             0021H.1  0000H.1    04B9H    0004H
  +--> ?PR?_WAIT_MS?LCD_DRIVER_SPLC780D

?PR?LCD_RETURN_HOME?LCD_DRIVER_SPLC780D          -----    -----      -----    -----
  +--> ?PR?_COMMAND?LCD_DRIVER_SPLC780D

?PR?_READ_TIME?PCF85063BTL                       -----    -----      03D4H    000FH
  +--> ?PR?_SPI_READTIME?PCF85063BTL

?PR?_SPI_READTIME?PCF85063BTL                    -----    -----      -----    -----
  +--> ?PR?_SPI_SENDBYTE?PCF85063BTL
  +--> ?PR?SPI_RECEIVEBYTE?PCF85063BTL

?PR?SPI_RECEIVEBYTE?PCF85063BTL                  -----    -----      -----    -----
  +--> ?PR?_PCF85063BTL_DELAY?PCF85063BTL

?PR?_UPDATE_POSITION?BIPOLARMOTOR                -----    -----      03EBH    00C2H
  +--> ?PR?_BCDTODEC1?BIPOLARMOTOR
  +--> ?PR?SUNPOS?SUNPOS
  +--> ?PR?SIN?SIN
  +--> ?PR?ASIN?ASIN
  +--> ?PR?LINEAR_INTERPOLATE?BIPOLARMOTOR
  +--> ?PR?_ABS?ABS
  +--> ?PR?_MOVE?BIPOLARMOTOR
  +--> ?PR?_MOVE_2NDMOTOR?BIPOLARMOTOR

?PR?SUNPOS?SUNPOS                                -----    -----      04ADH    005DH
BL51 BANKED LINKER/LOCATER V6.22                                                      01/16/2019  17:02:19  PAGE 6


  +--> ?PR?SIN?SIN
  +--> ?PR?_ATAN2?ATAN2
  +--> ?PR?ASIN?ASIN
  +--> ?PR?ACOS?ACOS

?PR?SIN?SIN                                      0021H.0  0000H.1    050AH    0004H

?PR?_ATAN2?ATAN2                                 -----    -----      050AH    0008H
  +--> ?PR?ATAN?ATAN

?PR?ATAN?ATAN                                    0021H.0  0000H.2    0512H    0004H

?PR?ASIN?ASIN                                    -----    -----      -----    -----
  +--> ?PR?SQRT?SQRT
  +--> ?PR?ATAN?ATAN

?PR?SQRT?SQRT                                    -----    -----      050AH    0004H

?PR?ACOS?ACOS                                    -----    -----      -----    -----
  +--> ?PR?SQRT?SQRT
  +--> ?PR?ATAN?ATAN

?PR?LINEAR_INTERPOLATE?BIPOLARMOTOR              -----    -----      04ADH    0014H

?PR?_MOVE?BIPOLARMOTOR                           0021H.0  0000H.1    04ADH    0010H
  +--> ?PR?_STEP_MOVE?BIPOLARMOTOR
  +--> ?PR?_COMMAND?LCD_DRIVER_SPLC780D
  +--> ?PR?_DISPLAY_POS?BIPOLARMOTOR

?PR?_MOVE_2NDMOTOR?BIPOLARMOTOR                  0021H.0  0000H.1    04ADH    000CH
  +--> ?PR?_STEP_MOVE_2NDMOTOR?BIPOLARMOTOR
  +--> ?PR?_COMMAND?LCD_DRIVER_SPLC780D
  +--> ?PR?_DISPLAY_POS?BIPOLARMOTOR

?PR?_DAY_OF_YEAR?PCF85063BTL                     -----    -----      -----    -----
  +--> ?PR?_BCDTODEC?PCF85063BTL

?PR?_CALIBRATION?CALIBRATION                     -----    -----      03D4H    0017H
  +--> ?PR?VOLTAGE_IS_STABLE?CALIBRATION
  +--> ?PR?_UPDATE_POSITION?BIPOLARMOTOR
  +--> ?PR?_FIND_REAL_MAX?CALIBRATION

?PR?VOLTAGE_IS_STABLE?CALIBRATION                -----    -----      03EBH    0018H
  +--> ?PR?_ADC_GETRESULT?ADC
  +--> ?PR?_ABS?ABS

?PR?_FIND_REAL_MAX?CALIBRATION                   -----    -----      03EBH    005CH
  +--> ?PR?_MOVE?BIPOLARMOTOR
  +--> ?PR?_ADC_GETRESULT?ADC
  +--> ?PR?_WAIT_MS?LCD_DRIVER_SPLC780D
  +--> ?PR?_MAX_VALUE?CALIBRATION

?PR?_MAX_VALUE?CALIBRATION                       -----    -----      0447H    0004H



UNRESOLVED EXTERNAL SYMBOLS:
BL51 BANKED LINKER/LOCATER V6.22                                                      01/16/2019  17:02:19  PAGE 7


   AUTO_MODE
   DIRECTION_ROTATION
   I2C_INIT



SYMBOL TABLE OF MODULE:  .\Obj\GPIO_RTC_Test (MAIN)

  VALUE           TYPE          NAME
  ----------------------------------

  -------         MODULE        MAIN
  C:0000H         SYMBOL        _ICE_DUMMY_
  X:051EH         PUBLIC        calib_value
  D:0080H         PUBLIC        P0
  D:0090H         PUBLIC        P1
  D:00A0H         PUBLIC        P2
  D:00B0H         PUBLIC        P3
  D:00C0H         PUBLIC        P4
  D:00C8H         PUBLIC        P5
  X:057EH         SYMBOL        PressedKey
  B:00A8H.7       PUBLIC        EA
  D:00E8H         PUBLIC        P6
  D:00F8H         PUBLIC        P7
  X:0582H         PUBLIC        RX_Data_Uart_Cnt
  C:33ADH         PUBLIC        _calib_interpolate
  D:00A8H         PUBLIC        IE
  X:0584H         PUBLIC        calib_time
  D:00B8H         PUBLIC        IP
  B:0020H.6       PUBLIC        pos_angle_display
  X:05E4H         PUBLIC        months
  C:0009H         PUBLIC        Uart
  D:00D8H         PUBLIC        CCON
  C:1F08H         PUBLIC        main
  X:05E5H         PUBLIC        count
  D:0099H         PUBLIC        SBUF
  X:05E7H         PUBLIC        days
  X:05E8H         PUBLIC        hours
  D:0098H         PUBLIC        SCON
  D:0089H         PUBLIC        TMOD
  D:0088H         PUBLIC        TCON
  B:00B0H.2       PUBLIC        P32
  B:00B0H.3       PUBLIC        P33
  X:05E9H         SYMBOL        KeyCount
  X:05EBH         PUBLIC        mins
  X:05ECH         PUBLIC        Rec_data_hour
  X:05EFH         PUBLIC        Rec_data_min
  D:008EH         PUBLIC        AUXR
  C:44C4H         PUBLIC        tm0_isr
  B:0020H.7       PUBLIC        busy
  D:00E0H         PUBLIC        ACC
  B:00A8H.1       PUBLIC        ET0
  D:008CH         PUBLIC        TH0
  X:05F2H         PUBLIC        hour_count
  D:008AH         PUBLIC        TL0
  X:05F3H         PUBLIC        min_count
  B:0088H.4       PUBLIC        TR0
BL51 BANKED LINKER/LOCATER V6.22                                                      01/16/2019  17:02:19  PAGE 8


  X:05F4H         SYMBOL        KeyNum
  X:05F5H         SYMBOL        KeyNum_Old
  X:05F6H         PUBLIC        current_position
  X:05FAH         PUBLIC        hours1
  X:05FBH         PUBLIC        hours2
  X:05FCH         PUBLIC        mins1
  X:05FDH         PUBLIC        mins2
  X:05FEH         PUBLIC        current_angle
  X:0602H         PUBLIC        seconds
  X:0603H         PUBLIC        st_time
  D:00D0H         PUBLIC        PSW
  C:47E8H         PUBLIC        _SendUART1
  -------         PROC          TM0_ISR
  C:44C4H         LINE#         76
  C:44CCH         LINE#         78
  C:44DAH         LINE#         79
  C:44E6H         LINE#         80
  C:44E6H         LINE#         81
  C:44EDH         LINE#         82
  C:44EFH         LINE#         83
  C:44EFH         LINE#         84
  -------         ENDPROC       TM0_ISR
  -------         PROC          MAIN
  -------         DO            
  X:0516H         SYMBOL        KeyCount
  X:0518H         SYMBOL        KeyNum_Old
  X:0519H         SYMBOL        KeyNum
  X:051AH         SYMBOL        PressedKey
  X:03CBH         SYMBOL        prox_flag
  X:03CCH         SYMBOL        prox_flag_rotation
  X:03CDH         SYMBOL        calib_day
  X:03CFH         SYMBOL        numStr
  -------         ENDDO         
  C:1F08H         LINE#         86
  C:1F08H         LINE#         87
  C:1F08H         LINE#         92
  C:1F10H         LINE#         94
  C:1F15H         LINE#         98
  C:1F17H         LINE#         101
  C:1F19H         LINE#         104
  C:1F1BH         LINE#         106
  C:1F21H         LINE#         107
  C:1F23H         LINE#         108
  C:1F25H         LINE#         120
  C:1F28H         LINE#         121
  C:1F2BH         LINE#         122
  C:1F2EH         LINE#         124
  C:1F31H         LINE#         125
  C:1F34H         LINE#         127
  C:1F37H         LINE#         128
  C:1F3AH         LINE#         129
  C:1F3DH         LINE#         130
  C:1F3FH         LINE#         131
  C:1F41H         LINE#         132
  C:1F43H         LINE#         134
  C:1F45H         LINE#         136
  C:1F4CH         LINE#         138
BL51 BANKED LINKER/LOCATER V6.22                                                      01/16/2019  17:02:19  PAGE 9


  C:1F53H         LINE#         142
  C:1F5AH         LINE#         143
  C:1F5FH         LINE#         144
  C:1F64H         LINE#         145
  C:1F69H         LINE#         146
  C:1F6EH         LINE#         147
  C:1F73H         LINE#         150
  C:1F73H         LINE#         151
  C:1F73H         LINE#         152
  C:1F76H         LINE#         155
  C:1F76H         LINE#         160
  C:1F80H         LINE#         161
  C:1F80H         LINE#         162
  C:1F83H         LINE#         163
  C:1F83H         LINE#         164
  C:1F88H         LINE#         165
  C:1F8DH         LINE#         166
  C:1F92H         LINE#         167
  C:1F97H         LINE#         168
  C:1F9CH         LINE#         169
  C:1FA1H         LINE#         170
  C:1FB2H         LINE#         171
  C:1FB2H         LINE#         172
  C:1FB5H         LINE#         173
  C:1FB5H         LINE#         174
  C:1FB5H         LINE#         175
  C:1FB5H         LINE#         176
  C:1FB5H         LINE#         177
  C:1FB5H         LINE#         178
  C:1FB5H         LINE#         179
  C:1FB5H         LINE#         180
  C:1FB5H         LINE#         181
  C:1FB5H         LINE#         182
  C:1FB7H         LINE#         184
  C:1FB7H         LINE#         185
  C:1FBAH         LINE#         186
  C:1FBAH         LINE#         187
  C:1FBFH         LINE#         188
  C:1FC4H         LINE#         189
  C:1FC9H         LINE#         190
  C:1FCEH         LINE#         191
  C:1FD3H         LINE#         192
  C:1FD8H         LINE#         193
  C:1FE9H         LINE#         194
  C:1FE9H         LINE#         195
  C:1FECH         LINE#         196
  C:1FECH         LINE#         197
  C:1FF1H         LINE#         198
  C:1FF6H         LINE#         199
  C:1FFBH         LINE#         200
  C:2000H         LINE#         201
  C:2005H         LINE#         202
  C:200AH         LINE#         203
  C:201BH         LINE#         204
  C:201BH         LINE#         205
  C:201BH         LINE#         209
  C:2022H         LINE#         210
BL51 BANKED LINKER/LOCATER V6.22                                                      01/16/2019  17:02:19  PAGE 10


  C:202AH         LINE#         211
  C:202FH         LINE#         212
  C:2037H         LINE#         213
  C:203CH         LINE#         214
  C:2046H         LINE#         215
  C:204BH         LINE#         216
  C:2053H         LINE#         218
  C:205BH         LINE#         219
  C:2060H         LINE#         220
  C:206AH         LINE#         221
  C:206AH         LINE#         222
  C:206CH         LINE#         223
  C:206EH         LINE#         224
  C:2078H         LINE#         225
  C:2078H         LINE#         226
  C:207DH         LINE#         227
  C:207DH         LINE#         239
  C:2083H         LINE#         240
  C:2083H         LINE#         241
  C:2090H         LINE#         242
  C:2090H         LINE#         243
  C:209AH         LINE#         244
  C:20B1H         LINE#         245
  C:20B1H         LINE#         246
  C:20B3H         LINE#         247
  C:20B5H         LINE#         249
  C:20B5H         LINE#         250
  C:20C0H         LINE#         251
  C:20C0H         LINE#         252
  C:20C5H         LINE#         253
  C:20C5H         LINE#         254
  C:20D8H         LINE#         255
  C:20D8H         LINE#         258
  C:20E2H         LINE#         259
  C:20F9H         LINE#         260
  C:20F9H         LINE#         261
  C:20FBH         LINE#         262
  C:20FDH         LINE#         264
  C:20FDH         LINE#         265
  C:2108H         LINE#         266
  C:2108H         LINE#         267
  C:210CH         LINE#         268
  C:210CH         LINE#         269
  C:210CH         LINE#         270
  C:210FH         LINE#         271
  C:2115H         LINE#         272
  C:2115H         LINE#         273
  C:2122H         LINE#         274
  C:2122H         LINE#         275
  C:212CH         LINE#         276
  C:2143H         LINE#         277
  C:2143H         LINE#         278
  C:2145H         LINE#         279
  C:2147H         LINE#         281
  C:2147H         LINE#         282
  C:2152H         LINE#         283
  C:2152H         LINE#         284
BL51 BANKED LINKER/LOCATER V6.22                                                      01/16/2019  17:02:19  PAGE 11


  C:2157H         LINE#         285
  C:2157H         LINE#         286
  C:2164H         LINE#         287
  C:2164H         LINE#         290
  C:216EH         LINE#         291
  C:2185H         LINE#         292
  C:2185H         LINE#         293
  C:2187H         LINE#         294
  C:2189H         LINE#         296
  C:2189H         LINE#         297
  C:2194H         LINE#         298
  C:2194H         LINE#         299
  C:2199H         LINE#         300
  C:219BH         LINE#         301
  C:219BH         LINE#         302
  C:219BH         LINE#         305
  C:21BDH         LINE#         306
  C:21BDH         LINE#         307
  C:21C7H         LINE#         308
  C:21CDH         LINE#         309
  C:21CFH         LINE#         310
  C:21D1H         LINE#         311
  C:21D3H         LINE#         312
  C:21D3H         LINE#         315
  C:21F5H         LINE#         316
  C:21F5H         LINE#         317
  C:21FFH         LINE#         318
  C:2205H         LINE#         319
  C:2207H         LINE#         320
  C:2209H         LINE#         321
  C:220BH         LINE#         322
  C:220BH         LINE#         323
  C:220EH         LINE#         325
  C:220EH         LINE#         326
  C:2214H         LINE#         327
  C:221CH         LINE#         328
  C:2222H         LINE#         329
  C:222AH         LINE#         330
  C:2265H         LINE#         334
  C:226FH         LINE#         335
  C:226FH         LINE#         337
  C:226FH         LINE#         339
  C:226FH         LINE#         342
  C:226FH         LINE#         343
  C:22B3H         LINE#         344
  C:22B3H         LINE#         345
  C:22D6H         LINE#         346
  C:22D6H         LINE#         347
  C:22D8H         LINE#         348
  C:22DFH         LINE#         349
  C:22DFH         LINE#         351
  C:2309H         LINE#         352
  C:2309H         LINE#         353
  C:236FH         LINE#         354
  C:23C0H         LINE#         355
  C:23CEH         LINE#         356
  C:23CEH         LINE#         357
BL51 BANKED LINKER/LOCATER V6.22                                                      01/16/2019  17:02:19  PAGE 12


  C:23E3H         LINE#         358
  C:23E5H         LINE#         359
  C:23E5H         LINE#         360
  C:23F3H         LINE#         361
  C:23F3H         LINE#         363
  -------         ENDPROC       MAIN
  -------         PROC          UART
  C:0009H         LINE#         370
  C:0009H         LINE#         403
  -------         ENDPROC       UART
  -------         PROC          _CALIB_INTERPOLATE
  X:0669H         SYMBOL        hours
  X:066DH         SYMBOL        mins
  -------         DO            
  X:0671H         SYMBOL        p_calib1
  X:0679H         SYMBOL        p_calib2
  X:0681H         SYMBOL        i
  X:0683H         SYMBOL        current_time
  -------         ENDDO         
  C:33ADH         LINE#         406
  C:33B3H         LINE#         407
  C:33B3H         LINE#         411
  C:340AH         LINE#         413
  C:3430H         LINE#         414
  C:3430H         LINE#         415
  C:34A2H         LINE#         416
  C:34A2H         LINE#         417
  C:34CFH         LINE#         418
  C:34EAH         LINE#         420
  C:3517H         LINE#         421
  C:3532H         LINE#         423
  C:3534H         LINE#         424
  C:3534H         LINE#         425
  C:3548H         LINE#         426
  C:354DH         LINE#         428
  -------         ENDPROC       _CALIB_INTERPOLATE
  -------         PROC          _SENDUART1
  D:0007H         SYMBOL        dat
  C:47E8H         LINE#         431
  C:47E8H         LINE#         432
  C:47E8H         LINE#         433
  C:47EBH         LINE#         434
  C:47EDH         LINE#         435
  C:47EEH         LINE#         436
  C:47F0H         LINE#         437
  -------         ENDPROC       _SENDUART1
  -------         ENDMOD        MAIN

  -------         MODULE        PCF85063BTL
  C:0000H         SYMBOL        _ICE_DUMMY_
  D:0096H         PUBLIC        P2M0
  D:0080H         PUBLIC        P0
  D:0095H         PUBLIC        P2M1
  D:0090H         PUBLIC        P1
  D:00A0H         PUBLIC        P2
  D:00B0H         PUBLIC        P3
  D:00C0H         PUBLIC        P4
BL51 BANKED LINKER/LOCATER V6.22                                                      01/16/2019  17:02:19  PAGE 13


  D:00C8H         PUBLIC        P5
  D:00E8H         PUBLIC        P6
  B:00A0H.1       PUBLIC        PCF85063BTL_SDI
  D:00F8H         PUBLIC        P7
  B:00A0H.2       PUBLIC        PCF85063BTL_SCK
  B:00A0H.1       PUBLIC        PCF85063BTL_SDO
  D:00A8H         PUBLIC        IE
  C:42F3H         PUBLIC        _Read_time
  C:471DH         PUBLIC        _PCF85063BTL_Delay
  D:00B8H         PUBLIC        IP
  D:00D8H         PUBLIC        CCON
  C:41FAH         PUBLIC        _Day_Of_Year
  C:4647H         PUBLIC        SPI_ReceiveByte
  D:0098H         PUBLIC        SCON
  D:0088H         PUBLIC        TCON
  C:4750H         PUBLIC        _BCDtoDec
  B:00A0H.0       PUBLIC        PCF85063BTL_CS
  C:473FH         PUBLIC        _SPI_ReadTime
  C:47AFH         PUBLIC        SPI_Init
  C:46BDH         PUBLIC        _SPI_WriteTime
  C:4627H         PUBLIC        _SPI_SendByte
  D:00D0H         PUBLIC        PSW
  C:4719H         SYMBOL        L?0047
  -------         PROC          L?0046
  -------         ENDPROC       L?0046
  C:4719H         SYMBOL        L?0047
  -------         PROC          _PCF85063BTL_DELAY
  D:0006H         SYMBOL        us
  C:471DH         LINE#         8
  C:471DH         LINE#         9
  C:471DH         LINE#         10
  C:4727H         LINE#         11
  C:4727H         LINE#         12
  C:4728H         LINE#         13
  C:472AH         LINE#         14
  -------         ENDPROC       _PCF85063BTL_DELAY
  -------         PROC          _SPI_SENDBYTE
  D:0005H         SYMBOL        dat
  -------         DO            
  D:0003H         SYMBOL        i
  -------         ENDDO         
  C:4627H         LINE#         17
  C:4629H         LINE#         18
  C:4629H         LINE#         20
  C:462BH         LINE#         21
  C:462BH         LINE#         22
  C:462DH         LINE#         23
  C:4631H         LINE#         24
  C:4631H         LINE#         25
  C:4633H         LINE#         26
  C:4635H         LINE#         28
  C:4635H         LINE#         29
  C:4637H         LINE#         30
  C:4637H         LINE#         31
  C:463AH         LINE#         32
  C:463AH         LINE#         33
  C:463DH         LINE#         34
BL51 BANKED LINKER/LOCATER V6.22                                                      01/16/2019  17:02:19  PAGE 14


  C:4641H         LINE#         35
  C:4646H         LINE#         36
  -------         ENDPROC       _SPI_SENDBYTE
  -------         PROC          SPI_RECEIVEBYTE
  -------         DO            
  D:0003H         SYMBOL        i
  D:0005H         SYMBOL        dat
  -------         ENDDO         
  C:4647H         LINE#         39
  C:4647H         LINE#         40
  C:4647H         LINE#         42
  C:4649H         LINE#         44
  C:464BH         LINE#         45
  C:464CH         LINE#         46
  C:464CH         LINE#         47
  C:4650H         LINE#         48
  C:4652H         LINE#         49
  C:4655H         LINE#         51
  C:4658H         LINE#         52
  C:4658H         LINE#         53
  C:465CH         LINE#         54
  C:465CH         LINE#         55
  C:465CH         LINE#         56
  C:465FH         LINE#         57
  C:4664H         LINE#         58
  C:4666H         LINE#         59
  -------         ENDPROC       SPI_RECEIVEBYTE
  -------         PROC          _SPI_READTIME
  D:0007H         SYMBOL        addr
  -------         DO            
  D:0006H         SYMBOL        dat
  -------         ENDDO         
  C:473FH         LINE#         61
  C:473FH         LINE#         62
  C:473FH         LINE#         64
  C:4741H         LINE#         65
  C:4743H         LINE#         66
  C:474AH         LINE#         67
  C:474DH         LINE#         68
  C:474FH         LINE#         69
  C:474FH         LINE#         70
  -------         ENDPROC       _SPI_READTIME
  -------         PROC          _SPI_WRITETIME
  D:0002H         SYMBOL        val
  D:0005H         SYMBOL        addr
  C:46BDH         LINE#         71
  C:46BFH         LINE#         72
  C:46BFH         LINE#         74
  C:46C1H         LINE#         75
  C:46C8H         LINE#         76
  C:46CDH         LINE#         77
  C:46D2H         LINE#         78
  C:46D4H         LINE#         79
  -------         ENDPROC       _SPI_WRITETIME
  -------         PROC          SPI_INIT
  C:47AFH         LINE#         83
  C:47AFH         LINE#         84
BL51 BANKED LINKER/LOCATER V6.22                                                      01/16/2019  17:02:19  PAGE 15


  C:47AFH         LINE#         89
  C:47B2H         LINE#         90
  C:47B5H         LINE#         91
  C:47B7H         LINE#         92
  C:47B9H         LINE#         93
  C:47BBH         LINE#         94
  -------         ENDPROC       SPI_INIT
  -------         PROC          _READ_TIME
  X:03D4H         SYMBOL        months
  X:03D7H         SYMBOL        days
  X:03DAH         SYMBOL        hours
  X:03DDH         SYMBOL        mins
  X:03E0H         SYMBOL        seconds
  C:42F3H         LINE#         96
  C:42FEH         LINE#         97
  C:42FEH         LINE#         99
  C:4312H         LINE#         101
  C:4326H         LINE#         103
  C:433AH         LINE#         108
  C:434EH         LINE#         113
  -------         ENDPROC       _READ_TIME
  -------         PROC          _BCDTODEC
  D:0007H         SYMBOL        bcd
  -------         DO            
  D:0006H         SYMBOL        hi
  D:0007H         SYMBOL        lo
  -------         ENDDO         
  C:4750H         LINE#         119
  C:4750H         LINE#         120
  C:4750H         LINE#         122
  C:4755H         LINE#         123
  C:4759H         LINE#         124
  C:4760H         LINE#         125
  -------         ENDPROC       _BCDTODEC
  -------         PROC          _DAY_OF_YEAR
  D:0007H         SYMBOL        months_bcd
  D:0005H         SYMBOL        days_bcd
  -------         DO            
  D:0004H         SYMBOL        months
  D:0007H         SYMBOL        days
  -------         ENDDO         
  C:41FAH         LINE#         126
  C:41FAH         LINE#         127
  C:41FAH         LINE#         130
  C:41FFH         LINE#         132
  C:4204H         LINE#         134
  C:423DH         LINE#         135
  C:423DH         LINE#         136
  C:423DH         LINE#         137
  C:4240H         LINE#         138
  C:4240H         LINE#         139
  C:4240H         LINE#         140
  C:4245H         LINE#         141
  C:4245H         LINE#         142
  C:4245H         LINE#         143
  C:424AH         LINE#         144
  C:424AH         LINE#         145
BL51 BANKED LINKER/LOCATER V6.22                                                      01/16/2019  17:02:19  PAGE 16


  C:424AH         LINE#         146
  C:424FH         LINE#         147
  C:424FH         LINE#         148
  C:424FH         LINE#         149
  C:4254H         LINE#         150
  C:4254H         LINE#         151
  C:4254H         LINE#         152
  C:4259H         LINE#         153
  C:4259H         LINE#         154
  C:4259H         LINE#         155
  C:425EH         LINE#         156
  C:425EH         LINE#         157
  C:425EH         LINE#         158
  C:4263H         LINE#         159
  C:4263H         LINE#         160
  C:4263H         LINE#         161
  C:426BH         LINE#         162
  C:426BH         LINE#         163
  C:426BH         LINE#         164
  C:4270H         LINE#         165
  C:4270H         LINE#         166
  C:4270H         LINE#         167
  C:4275H         LINE#         168
  C:4275H         LINE#         169
  C:4275H         LINE#         170
  C:427DH         LINE#         171
  C:427DH         LINE#         172
  C:427DH         LINE#         173
  -------         ENDPROC       _DAY_OF_YEAR
  -------         ENDMOD        PCF85063BTL

  -------         MODULE        UART1
  C:0000H         SYMBOL        _ICE_DUMMY_
  D:0080H         PUBLIC        P0
  D:0090H         PUBLIC        P1
  D:00A0H         PUBLIC        P2
  D:00B0H         PUBLIC        P3
  D:00C0H         PUBLIC        P4
  D:00C8H         PUBLIC        P5
  B:00A8H.7       PUBLIC        EA
  D:00E8H         PUBLIC        P6
  D:00F8H         PUBLIC        P7
  C:44F8H         PUBLIC        _SendString
  D:00A8H         PUBLIC        IE
  B:00A8H.4       PUBLIC        ES
  D:00B8H         PUBLIC        IP
  C:46D5H         PUBLIC        _ASCIItoBCD
  D:00D8H         PUBLIC        CCON
  C:4761H         PUBLIC        initUART1
  D:0098H         PUBLIC        SCON
  D:0088H         PUBLIC        TCON
  C:000AH         PUBLIC        _DectoBCD
  C:47FCH         PUBLIC        _ASCII_Letter
  D:008EH         PUBLIC        AUXR
  C:47F7H         PUBLIC        _unit
  C:0003H         PUBLIC        _ten
  D:00D6H         PUBLIC        T2H
BL51 BANKED LINKER/LOCATER V6.22                                                      01/16/2019  17:02:19  PAGE 17


  D:00D7H         PUBLIC        T2L
  D:00D0H         PUBLIC        PSW
  -------         PROC          INITUART1
  C:4761H         LINE#         21
  C:4761H         LINE#         22
  C:4761H         LINE#         23
  C:4764H         LINE#         24
  C:4767H         LINE#         25
  C:476AH         LINE#         26
  C:476DH         LINE#         27
  C:476FH         LINE#         28
  C:4771H         LINE#         30
  -------         ENDPROC       INITUART1
  -------         PROC          _SENDSTRING
  X:0695H         SYMBOL        s
  C:44F8H         LINE#         35
  C:4503H         LINE#         36
  C:4503H         LINE#         37
  C:4513H         LINE#         38
  C:4513H         LINE#         39
  C:4528H         LINE#         40
  C:452AH         LINE#         41
  -------         ENDPROC       _SENDSTRING
  -------         PROC          _TEN
  D:0007H         SYMBOL        BCD
  C:0003H         LINE#         43
  C:0003H         LINE#         44
  C:0003H         LINE#         45
  C:0008H         LINE#         46
  -------         ENDPROC       _TEN
  -------         PROC          _UNIT
  D:0007H         SYMBOL        BCD
  C:47F7H         LINE#         47
  C:47F7H         LINE#         48
  C:47F7H         LINE#         52
  C:47FBH         LINE#         53
  -------         ENDPROC       _UNIT
  -------         PROC          _DECTOBCD
  D:0007H         SYMBOL        dec
  C:000AH         LINE#         54
  C:000AH         LINE#         55
  C:000AH         LINE#         57
  C:000AH         LINE#         58
  -------         ENDPROC       _DECTOBCD
  -------         PROC          _ASCII_LETTER
  D:0007H         SYMBOL        dat
  C:47FCH         LINE#         60
  C:47FCH         LINE#         61
  C:47FCH         LINE#         63
  C:4800H         LINE#         64
  -------         ENDPROC       _ASCII_LETTER
  -------         PROC          _ASCIITOBCD
  D:0001H         SYMBOL        ascii
  -------         DO            
  D:0007H         SYMBOL        dec_val
  D:0006H         SYMBOL        ten
  D:0007H         SYMBOL        unit
BL51 BANKED LINKER/LOCATER V6.22                                                      01/16/2019  17:02:19  PAGE 18


  -------         ENDDO         
  C:46D5H         LINE#         66
  C:46D5H         LINE#         67
  C:46D5H         LINE#         69
  C:46D8H         LINE#         70
  C:46DEH         LINE#         71
  C:46E5H         LINE#         72
  C:46EBH         LINE#         74
  -------         ENDPROC       _ASCIITOBCD
  -------         ENDMOD        UART1

  -------         MODULE        LCD_DRIVER_SPLC780D
  C:0000H         SYMBOL        _ICE_DUMMY_
  D:0092H         PUBLIC        P1M0
  D:0091H         PUBLIC        P1M1
  D:0080H         PUBLIC        P0
  D:0090H         PUBLIC        P1
  D:00A0H         PUBLIC        P2
  D:00B0H         PUBLIC        P3
  D:00C0H         PUBLIC        P4
  D:00C8H         PUBLIC        P5
  D:00E8H         PUBLIC        P6
  D:00F8H         PUBLIC        P7
  C:427EH         PUBLIC        _WriteData
  D:00A8H         PUBLIC        IE
  D:00B8H         PUBLIC        IP
  D:00D8H         PUBLIC        CCON
  B:00B0H.4       PUBLIC        LCD_D4
  B:00B0H.5       PUBLIC        LCD_D5
  B:00B0H.6       PUBLIC        LCD_D6
  C:4685H         PUBLIC        _DisplayLCD
  B:00B0H.7       PUBLIC        LCD_D7
  D:0098H         PUBLIC        SCON
  D:0088H         PUBLIC        TCON
  C:47DEH         PUBLIC        LCD_clear
  C:4449H         PUBLIC        _Command
  C:000EH         PUBLIC        _Display_Line
  C:4362H         PUBLIC        LCD_Init
  C:4609H         PUBLIC        _Wait_ms
  B:00C0H.0       PUBLIC        LCD_RS
  B:00B0H.2       PUBLIC        LCD_RW
  C:47D4H         PUBLIC        LCD_return_home
  B:00B0H.3       PUBLIC        LCD_E
  D:00D0H         PUBLIC        PSW
  -------         PROC          LCD_INIT
  C:4362H         LINE#         9
  C:4362H         LINE#         10
  C:4362H         LINE#         11
  C:4365H         LINE#         12
  C:4368H         LINE#         14
  C:436EH         LINE#         15
  C:4373H         LINE#         17
  C:437AH         LINE#         18
  C:437FH         LINE#         20
  C:4382H         LINE#         21
  C:4387H         LINE#         23
  C:438AH         LINE#         24
BL51 BANKED LINKER/LOCATER V6.22                                                      01/16/2019  17:02:19  PAGE 19


  C:438FH         LINE#         26
  C:4396H         LINE#         29
  C:439BH         LINE#         30
  C:43A0H         LINE#         32
  C:43A5H         LINE#         33
  C:43AAH         LINE#         35
  C:43AFH         LINE#         36
  C:43B4H         LINE#         37
  -------         ENDPROC       LCD_INIT
  -------         PROC          _WRITEDATA
  X:04C8H         SYMBOL        dat
  C:427EH         LINE#         40
  C:4283H         LINE#         41
  C:4283H         LINE#         46
  C:4285H         LINE#         47
  C:4287H         LINE#         49
  C:4295H         LINE#         50
  C:42A1H         LINE#         51
  C:42ADH         LINE#         52
  C:42B7H         LINE#         53
  C:42B9H         LINE#         54
  C:42C0H         LINE#         55
  C:42C2H         LINE#         57
  C:42D2H         LINE#         58
  C:42DDH         LINE#         59
  C:42E7H         LINE#         60
  C:42EBH         LINE#         62
  C:42EBH         LINE#         63
  C:42EEH         LINE#         64
  C:42F0H         LINE#         65
  C:42F2H         LINE#         67
  -------         ENDPROC       _WRITEDATA
  -------         PROC          _COMMAND
  D:0007H         SYMBOL        dat
  C:4449H         LINE#         69
  C:4449H         LINE#         70
  C:4449H         LINE#         71
  C:444BH         LINE#         72
  C:444DH         LINE#         74
  C:4457H         LINE#         75
  C:445BH         LINE#         77
  C:445DH         LINE#         78
  C:4466H         LINE#         79
  C:446AH         LINE#         81
  C:446CH         LINE#         82
  C:4473H         LINE#         83
  C:4477H         LINE#         85
  C:4479H         LINE#         86
  C:447DH         LINE#         87
  C:4481H         LINE#         89
  C:4483H         LINE#         90
  C:4483H         LINE#         91
  C:4486H         LINE#         92
  C:4488H         LINE#         93
  -------         ENDPROC       _COMMAND
  C:4605H         SYMBOL        L?0028
  -------         PROC          L?0027
BL51 BANKED LINKER/LOCATER V6.22                                                      01/16/2019  17:02:19  PAGE 20


  -------         ENDPROC       L?0027
  C:4605H         SYMBOL        L?0028
  -------         PROC          _WAIT_MS
  D:0006H         SYMBOL        ms
  -------         DO            
  D:0004H         SYMBOL        De_Cnt
  -------         ENDDO         
  C:4609H         LINE#         95
  C:4609H         LINE#         96
  C:4609H         LINE#         98
  C:4613H         LINE#         99
  C:4613H         LINE#         100
  C:4626H         LINE#         101
  C:4626H         LINE#         102
  -------         ENDPROC       _WAIT_MS
  -------         PROC          _DISPLAYLCD
  D:0007H         SYMBOL        BCD
  -------         DO            
  D:0006H         SYMBOL        first_digit
  X:03D4H         SYMBOL        second_digit
  -------         ENDDO         
  C:4685H         LINE#         103
  C:4685H         LINE#         104
  C:4685H         LINE#         106
  C:468CH         LINE#         107
  C:4695H         LINE#         109
  C:469AH         LINE#         111
  -------         ENDPROC       _DISPLAYLCD
  -------         PROC          LCD_RETURN_HOME
  C:47D4H         LINE#         115
  C:47D4H         LINE#         116
  C:47D4H         LINE#         117
  C:47D9H         LINE#         118
  -------         ENDPROC       LCD_RETURN_HOME
  -------         PROC          LCD_CLEAR
  C:47DEH         LINE#         121
  C:47DEH         LINE#         122
  C:47DEH         LINE#         123
  C:47E3H         LINE#         124
  -------         ENDPROC       LCD_CLEAR
  -------         PROC          _DISPLAY_LINE
  D:0006H         SYMBOL        line
  C:000EH         LINE#         128
  C:000EH         LINE#         129
  C:000EH         LINE#         130
  C:0014H         LINE#         131
  C:0014H         LINE#         132
  C:0016H         LINE#         133
  C:0016H         LINE#         134
  C:0018H         LINE#         136
  C:0018H         LINE#         137
  C:001DH         LINE#         138
  C:0022H         LINE#         139
  C:0022H         LINE#         140
  -------         ENDPROC       _DISPLAY_LINE
  -------         ENDMOD        LCD_DRIVER_SPLC780D

BL51 BANKED LINKER/LOCATER V6.22                                                      01/16/2019  17:02:19  PAGE 21


  -------         MODULE        KEYPAD
  C:0000H         SYMBOL        _ICE_DUMMY_
  D:0093H         PUBLIC        P0M1
  D:0080H         PUBLIC        P0
  D:0090H         PUBLIC        P1
  D:00A0H         PUBLIC        P2
  D:00B0H         PUBLIC        P3
  D:00C0H         PUBLIC        P4
  D:00C8H         PUBLIC        P5
  B:0020H.0       PUBLIC        calib_mode
  D:00E8H         PUBLIC        P6
  D:00F8H         PUBLIC        P7
  D:00A8H         PUBLIC        IE
  C:354EH         PUBLIC        Key_Scan
  D:00B8H         PUBLIC        IP
  D:00D8H         PUBLIC        CCON
  C:47BCH         PUBLIC        KeyPad_IO_Init
  C:4667H         PUBLIC        _Delay_ms
  D:0098H         PUBLIC        SCON
  D:0088H         PUBLIC        TCON
  B:0020H.1       PUBLIC        small_move
  B:0020H.2       PUBLIC        move
  B:0020H.3       PUBLIC        direction
  B:0020H.4       PUBLIC        auto_move
  B:0020H.5       PUBLIC        selected_motor
  C:2AF2H         PUBLIC        Key_Process
  D:00D0H         PUBLIC        PSW
  D:0094H         PUBLIC        P0M0
  -------         PROC          _DELAY_MS
  D:0006H         SYMBOL        ms
  -------         DO            
  D:0004H         SYMBOL        De_Cnt
  -------         ENDDO         
  C:4667H         LINE#         21
  C:4667H         LINE#         22
  C:4667H         LINE#         24
  C:4671H         LINE#         25
  C:4671H         LINE#         26
  C:4684H         LINE#         27
  C:4684H         LINE#         28
  -------         ENDPROC       _DELAY_MS
  -------         PROC          KEY_SCAN
  -------         DO            
  X:03DAH         SYMBOL        KeyTemp1
  X:03DBH         SYMBOL        KeyTemp2
  X:03DCH         SYMBOL        KeyValue
  -------         ENDDO         
  C:354EH         LINE#         29
  C:354EH         LINE#         30
  C:354EH         LINE#         35
  C:3551H         LINE#         38
  C:3554H         LINE#         40
  C:355CH         LINE#         41
  C:3563H         LINE#         42
  C:3563H         LINE#         44
  C:3568H         LINE#         45
  C:356FH         LINE#         46
BL51 BANKED LINKER/LOCATER V6.22                                                      01/16/2019  17:02:19  PAGE 22


  C:356FH         LINE#         49
  C:3572H         LINE#         50
  C:3575H         LINE#         51
  C:357AH         LINE#         52
  C:357EH         LINE#         53
  C:357EH         LINE#         54
  C:3586H         LINE#         55
  C:3586H         LINE#         56
  C:3589H         LINE#         57
  C:3591H         LINE#         58
  C:3593H         LINE#         60
  C:35A7H         LINE#         61
  C:35A7H         LINE#         62
  C:35A7H         LINE#         63
  C:35A7H         LINE#         64
  C:35ADH         LINE#         66
  C:35AFH         LINE#         67
  C:35AFH         LINE#         68
  C:35AFH         LINE#         69
  C:35B5H         LINE#         71
  C:35B7H         LINE#         72
  C:35B7H         LINE#         73
  C:35B7H         LINE#         74
  C:35BDH         LINE#         76
  C:35BFH         LINE#         77
  C:35BFH         LINE#         78
  C:35BFH         LINE#         79
  C:35C5H         LINE#         81
  C:35C5H         LINE#         82
  C:35C5H         LINE#         83
  C:35C5H         LINE#         86
  C:35C8H         LINE#         87
  C:35CBH         LINE#         88
  C:35D3H         LINE#         89
  C:35D7H         LINE#         90
  C:35D7H         LINE#         91
  C:35DFH         LINE#         92
  C:35DFH         LINE#         93
  C:35E2H         LINE#         94
  C:35EAH         LINE#         95
  C:35ECH         LINE#         96
  C:3600H         LINE#         97
  C:3600H         LINE#         98
  C:3600H         LINE#         99
  C:3600H         LINE#         100
  C:3606H         LINE#         102
  C:3608H         LINE#         103
  C:3608H         LINE#         104
  C:3608H         LINE#         105
  C:360EH         LINE#         107
  C:3610H         LINE#         108
  C:3610H         LINE#         109
  C:3610H         LINE#         110
  C:3616H         LINE#         112
  C:3618H         LINE#         113
  C:3618H         LINE#         114
  C:3618H         LINE#         115
BL51 BANKED LINKER/LOCATER V6.22                                                      01/16/2019  17:02:19  PAGE 23


  C:361DH         LINE#         117
  C:361DH         LINE#         118
  C:361DH         LINE#         119
  C:361DH         LINE#         122
  C:3620H         LINE#         123
  C:3623H         LINE#         124
  C:362BH         LINE#         125
  C:362FH         LINE#         126
  C:362FH         LINE#         127
  C:3637H         LINE#         128
  C:3637H         LINE#         129
  C:363AH         LINE#         130
  C:3642H         LINE#         131
  C:3644H         LINE#         132
  C:3658H         LINE#         133
  C:3658H         LINE#         134
  C:3658H         LINE#         135
  C:3658H         LINE#         136
  C:365EH         LINE#         138
  C:3660H         LINE#         139
  C:3660H         LINE#         140
  C:3660H         LINE#         141
  C:3666H         LINE#         143
  C:3668H         LINE#         144
  C:3668H         LINE#         145
  C:3668H         LINE#         146
  C:366EH         LINE#         148
  C:3670H         LINE#         149
  C:3670H         LINE#         150
  C:3670H         LINE#         151
  C:3676H         LINE#         153
  C:3676H         LINE#         154
  C:3676H         LINE#         155
  C:3676H         LINE#         159
  C:3679H         LINE#         160
  C:367CH         LINE#         161
  C:3684H         LINE#         162
  C:3688H         LINE#         163
  C:3688H         LINE#         164
  C:3690H         LINE#         165
  C:3690H         LINE#         166
  C:3693H         LINE#         167
  C:369BH         LINE#         168
  C:369DH         LINE#         169
  C:36B1H         LINE#         170
  C:36B1H         LINE#         171
  C:36B1H         LINE#         172
  C:36B1H         LINE#         173
  C:36B7H         LINE#         175
  C:36B9H         LINE#         176
  C:36B9H         LINE#         177
  C:36B9H         LINE#         178
  C:36BFH         LINE#         180
  C:36C1H         LINE#         181
  C:36C1H         LINE#         182
  C:36C1H         LINE#         183
  C:36C7H         LINE#         185
BL51 BANKED LINKER/LOCATER V6.22                                                      01/16/2019  17:02:19  PAGE 24


  C:36C9H         LINE#         186
  C:36C9H         LINE#         187
  C:36C9H         LINE#         188
  C:36CFH         LINE#         190
  C:36CFH         LINE#         191
  C:36CFH         LINE#         192
  C:36CFH         LINE#         194
  C:36D5H         LINE#         195
  C:36D5H         LINE#         197
  C:36D5H         LINE#         198
  C:36D8H         LINE#         199
  C:36D8H         LINE#         200
  C:36D8H         LINE#         202
  C:36D8H         LINE#         203
  C:36DAH         LINE#         204
  C:36DAH         LINE#         205
  -------         ENDPROC       KEY_SCAN
  -------         PROC          KEY_PROCESS
  -------         DO            
  X:0687H         SYMBOL        KeyCount
  X:0689H         SYMBOL        KeyNum_Old
  X:068AH         SYMBOL        KeyNum
  X:068BH         SYMBOL        PressedKey
  X:03D4H         SYMBOL        d
  D:0004H         SYMBOL        hours
  D:0006H         SYMBOL        mins
  X:03D6H         SYMBOL        months
  X:03D8H         SYMBOL        days
  -------         ENDDO         
  C:2AF2H         LINE#         206
  C:2AF2H         LINE#         207
  C:2AF2H         LINE#         211
  C:2AFAH         LINE#         212
  C:2B02H         LINE#         214
  C:2B05H         LINE#         215
  C:2B05H         LINE#         216
  C:2B08H         LINE#         218
  C:2B08H         LINE#         219
  C:2B15H         LINE#         220
  C:2B15H         LINE#         221
  C:2B18H         LINE#         222
  C:2B1BH         LINE#         224
  C:2B1EH         LINE#         226
  C:2B1EH         LINE#         227
  C:2B29H         LINE#         228
  C:2B29H         LINE#         229
  C:2B2CH         LINE#         231
  C:2B2CH         LINE#         232
  C:2B33H         LINE#         233
  C:2B33H         LINE#         234
  C:2B36H         LINE#         236
  C:2B36H         LINE#         237
  C:2B3EH         LINE#         238
  C:2B3EH         LINE#         239
  C:2B48H         LINE#         240
  C:2B50H         LINE#         242
  C:2B59H         LINE#         244
BL51 BANKED LINKER/LOCATER V6.22                                                      01/16/2019  17:02:19  PAGE 25


  C:2B59H         LINE#         253
  C:2B6EH         LINE#         254
  C:2B6EH         LINE#         255
  C:2B80H         LINE#         256
  C:2B8EH         LINE#         257
  C:2B9DH         LINE#         258
  C:2B9DH         LINE#         260
  C:2BA3H         LINE#         264
  C:2BB9H         LINE#         265
  C:2BCAH         LINE#         266
  C:2BE5H         LINE#         267
  C:2BE5H         LINE#         268
  C:2BF5H         LINE#         269
  C:2C06H         LINE#         270
  C:2C06H         LINE#         271
  C:2C0EH         LINE#         272
  C:2C0EH         LINE#         273
  C:2C10H         LINE#         274
  C:2C12H         LINE#         275
  C:2C16H         LINE#         276
  C:2C16H         LINE#         277
  C:2C18H         LINE#         278
  C:2C18H         LINE#         282
  C:2C31H         LINE#         283
  C:2C48H         LINE#         284
  C:2C68H         LINE#         285
  C:2C68H         LINE#         286
  C:2C72H         LINE#         287
  C:2C72H         LINE#         288
  C:2C7BH         LINE#         289
  C:2C7BH         LINE#         290
  C:2C8FH         LINE#         291
  C:2C8FH         LINE#         292
  C:2C8FH         LINE#         293
  C:2C8FH         LINE#         294
  C:2C8FH         LINE#         295
  C:2C91H         LINE#         297
  C:2C91H         LINE#         298
  C:2C9DH         LINE#         299
  C:2C9DH         LINE#         300
  C:2CAEH         LINE#         301
  C:2CAEH         LINE#         302
  C:2CAEH         LINE#         303
  C:2CAEH         LINE#         304
  C:2CAEH         LINE#         306
  C:2CB0H         LINE#         308
  C:2CB0H         LINE#         309
  C:2CC1H         LINE#         310
  C:2CC1H         LINE#         311
  C:2CC1H         LINE#         312
  C:2CC1H         LINE#         313
  C:2CC1H         LINE#         315
  C:2CC1H         LINE#         317
  C:2CC1H         LINE#         318
  C:2CC3H         LINE#         320
  C:2CC3H         LINE#         321
  C:2CD6H         LINE#         322
BL51 BANKED LINKER/LOCATER V6.22                                                      01/16/2019  17:02:19  PAGE 26


  C:2CD6H         LINE#         323
  C:2CE7H         LINE#         324
  C:2CE7H         LINE#         325
  C:2CE7H         LINE#         326
  C:2CE7H         LINE#         327
  C:2CE7H         LINE#         328
  C:2CE9H         LINE#         330
  C:2CE9H         LINE#         331
  C:2CFAH         LINE#         332
  C:2CFAH         LINE#         333
  C:2D0BH         LINE#         334
  C:2D1CH         LINE#         335
  C:2D1CH         LINE#         336
  C:2D1CH         LINE#         337
  C:2D1CH         LINE#         338
  C:2D1CH         LINE#         339
  C:2D1FH         LINE#         340
  C:2D24H         LINE#         341
  C:2D29H         LINE#         342
  C:2D2EH         LINE#         343
  C:2D33H         LINE#         344
  C:2D38H         LINE#         345
  C:2D3DH         LINE#         346
  C:2D42H         LINE#         347
  C:2D42H         LINE#         349
  C:2D64H         LINE#         350
  C:2D64H         LINE#         351
  C:2D6EH         LINE#         352
  C:2D6EH         LINE#         353
  C:2D73H         LINE#         354
  C:2D7CH         LINE#         355
  C:2D93H         LINE#         356
  C:2D93H         LINE#         357
  C:2DA3H         LINE#         359
  C:2DA3H         LINE#         363
  -------         ENDPROC       KEY_PROCESS
  -------         PROC          KEYPAD_IO_INIT
  C:47BCH         LINE#         366
  C:47BCH         LINE#         367
  C:47BCH         LINE#         368
  C:47BFH         LINE#         369
  C:47C2H         LINE#         370
  C:47C5H         LINE#         371
  C:47C7H         LINE#         372
  -------         ENDPROC       KEYPAD_IO_INIT
  -------         ENDMOD        KEYPAD

  -------         MODULE        BIPOLARMOTOR
  C:0000H         SYMBOL        _ICE_DUMMY_
  D:0080H         PUBLIC        P0
  D:0090H         PUBLIC        P1
  D:00A0H         PUBLIC        P2
  D:00B0H         PUBLIC        P3
  D:00C0H         PUBLIC        P4
  D:00C8H         PUBLIC        P5
  D:00E8H         PUBLIC        P6
  D:00F8H         PUBLIC        P7
BL51 BANKED LINKER/LOCATER V6.22                                                      01/16/2019  17:02:19  PAGE 27


  D:00A8H         PUBLIC        IE
  C:3908H         PUBLIC        linear_interpolate
  C:4047H         PUBLIC        _Move_2ndMotor
  X:0000H         PUBLIC        RX_angle
  C:3BD0H         PUBLIC        _Move
  D:00B8H         PUBLIC        IP
  C:320FH         PUBLIC        _findDet3x3
  C:2832H         PUBLIC        _findDet4x4
  D:00D8H         PUBLIC        CCON
  X:01B8H         PUBLIC        previous_move_time
  C:4585H         PUBLIC        _Step_move_2ndMotor
  X:01B9H         PUBLIC        lcd
  D:0098H         PUBLIC        SCON
  D:0088H         PUBLIC        TCON
  C:4559H         PUBLIC        _Step_move
  C:0026H         PUBLIC        _Update_position
  X:01BBH         PUBLIC        date_azimuth_mapping_symmetry_side
  X:01CFH         PUBLIC        elevation_stamp
  X:01FBH         PUBLIC        date_azimuth_mapping
  X:020FH         PUBLIC        RX_pos
  C:46ACH         PUBLIC        _BCDtoDec1
  C:300EH         PUBLIC        _Display_Pos
  X:03C7H         PUBLIC        degree
  D:00D0H         PUBLIC        PSW
  C:46A2H         SYMBOL        L?0124
  C:46A5H         SYMBOL        L?0125
  -------         PROC          L?0123
  -------         ENDPROC       L?0123
  C:46A2H         SYMBOL        L?0124
  C:46A5H         SYMBOL        L?0125
  -------         PROC          _BCDTODEC1
  D:0007H         SYMBOL        bcd
  -------         DO            
  D:0006H         SYMBOL        hi
  D:0007H         SYMBOL        lo
  -------         ENDDO         
  C:46ACH         LINE#         31
  C:46ACH         LINE#         32
  C:46ACH         LINE#         34
  C:46B1H         LINE#         35
  C:46B5H         LINE#         36
  C:46BCH         LINE#         37
  -------         ENDPROC       _BCDTODEC1
  -------         PROC          _STEP_MOVE
  X:04BDH         SYMBOL        step
  B:0021H.1       SYMBOL        dir
  -------         DO            
  X:04BFH         SYMBOL        i
  -------         ENDDO         
  C:4559H         LINE#         43
  C:4561H         LINE#         44
  C:4561H         LINE#         45
  C:4566H         LINE#         46
  C:4569H         LINE#         47
  C:456EH         LINE#         49
  C:4571H         LINE#         52
  C:4571H         LINE#         53
BL51 BANKED LINKER/LOCATER V6.22                                                      01/16/2019  17:02:19  PAGE 28


  C:4574H         LINE#         54
  C:457BH         LINE#         55
  C:457EH         LINE#         56
  -------         ENDPROC       _STEP_MOVE
  -------         PROC          _STEP_MOVE_2NDMOTOR
  X:04B9H         SYMBOL        step
  B:0021H.1       SYMBOL        dir
  -------         DO            
  X:04BBH         SYMBOL        i
  -------         ENDDO         
  C:4585H         LINE#         62
  C:458DH         LINE#         63
  C:458DH         LINE#         64
  C:4592H         LINE#         65
  C:4595H         LINE#         66
  C:459AH         LINE#         68
  C:459DH         LINE#         71
  C:459DH         LINE#         72
  C:45A0H         LINE#         73
  C:45A7H         LINE#         74
  C:45AAH         LINE#         75
  -------         ENDPROC       _STEP_MOVE_2NDMOTOR
  -------         PROC          _MOVE_2NDMOTOR
  D:0004H         SYMBOL        angle_distance
  B:0021H.0       SYMBOL        direction
  X:04B1H         SYMBOL        current_angle
  -------         DO            
  X:04B5H         SYMBOL        step
  X:04B7H         SYMBOL        i
  -------         ENDDO         
  C:4047H         LINE#         79
  C:4047H         LINE#         80
  C:4047H         LINE#         82
  C:405DH         LINE#         85
  C:4077H         LINE#         86
  C:4077H         LINE#         87
  C:407EH         LINE#         88
  C:4095H         LINE#         89
  C:4099H         LINE#         91
  C:40A4H         LINE#         92
  C:40B7H         LINE#         93
  C:40B7H         LINE#         94
  C:40BCH         LINE#         95
  C:40C1H         LINE#         96
  C:40C3H         LINE#         97
  C:40C9H         LINE#         98
  C:40C9H         LINE#         99
  C:40DAH         LINE#         100
  -------         ENDPROC       _MOVE_2NDMOTOR
  -------         PROC          _MOVE
  X:04ADH         SYMBOL        distance
  B:0021H.0       SYMBOL        direction
  X:04B1H         SYMBOL        current_position
  -------         DO            
  X:04B5H         SYMBOL        step
  X:04B9H         SYMBOL        i
  -------         ENDDO         
BL51 BANKED LINKER/LOCATER V6.22                                                      01/16/2019  17:02:19  PAGE 29


  C:3BD0H         LINE#         102
  C:3BD6H         LINE#         103
  C:3BD6H         LINE#         106
  C:3BF8H         LINE#         107
  C:3C25H         LINE#         108
  C:3C25H         LINE#         109
  C:3C36H         LINE#         110
  C:3C4DH         LINE#         111
  C:3C51H         LINE#         113
  C:3C5CH         LINE#         114
  C:3C86H         LINE#         115
  C:3C86H         LINE#         116
  C:3C8BH         LINE#         117
  C:3C90H         LINE#         118
  C:3C92H         LINE#         119
  C:3C98H         LINE#         120
  C:3C98H         LINE#         121
  C:3CBAH         LINE#         122
  -------         ENDPROC       _MOVE
  C:31F0H         SYMBOL        L?0121
  C:3204H         SYMBOL        L?0122
  -------         PROC          L?0120
  -------         ENDPROC       L?0120
  C:31F0H         SYMBOL        L?0121
  C:3204H         SYMBOL        L?0122
  -------         PROC          _FINDDET3X3
  X:0645H         SYMBOL        a11
  X:0649H         SYMBOL        a12
  X:064DH         SYMBOL        a13
  X:0651H         SYMBOL        a21
  X:0655H         SYMBOL        a22
  X:0659H         SYMBOL        a23
  X:065DH         SYMBOL        a31
  X:0661H         SYMBOL        a32
  X:0665H         SYMBOL        a33
  C:320FH         LINE#         125
  C:3215H         LINE#         129
  C:3215H         LINE#         130
  C:33ACH         LINE#         132
  -------         ENDPROC       _FINDDET3X3
  -------         PROC          _FINDDET4X4
  X:0605H         SYMBOL        a11
  X:0609H         SYMBOL        a12
  X:060DH         SYMBOL        a13
  X:0611H         SYMBOL        a14
  X:0615H         SYMBOL        a21
  X:0619H         SYMBOL        a22
  X:061DH         SYMBOL        a23
  X:0621H         SYMBOL        a24
  X:0625H         SYMBOL        a31
  X:0629H         SYMBOL        a32
  X:062DH         SYMBOL        a33
  X:0631H         SYMBOL        a34
  X:0635H         SYMBOL        a41
  X:0639H         SYMBOL        a42
  X:063DH         SYMBOL        a43
  X:0641H         SYMBOL        a44
BL51 BANKED LINKER/LOCATER V6.22                                                      01/16/2019  17:02:19  PAGE 30


  C:2832H         LINE#         133
  C:2838H         LINE#         137
  C:2838H         LINE#         144
  C:2AF1H         LINE#         148
  -------         ENDPROC       _FINDDET4X4
  C:38A4H         SYMBOL        L?0118
  C:38F7H         SYMBOL        L?0119
  -------         PROC          L?0117
  -------         ENDPROC       L?0117
  C:38A4H         SYMBOL        L?0118
  C:38F7H         SYMBOL        L?0119
  -------         PROC          LINEAR_INTERPOLATE
  X:04ADH         SYMBOL        p1
  X:04B5H         SYMBOL        p2
  X:04BDH         SYMBOL        x
  -------         DO            
  D:0004H         SYMBOL        fx
  -------         ENDDO         
  C:3908H         LINE#         154
  C:3908H         LINE#         155
  C:3908H         LINE#         158
  C:39A7H         LINE#         160
  C:39A7H         LINE#         161
  -------         ENDPROC       LINEAR_INTERPOLATE
  -------         PROC          _UPDATE_POSITION
  D:0001H         SYMBOL        mnths
  D:0002H         SYMBOL        dys
  X:03EDH         SYMBOL        hurs
  X:03EEH         SYMBOL        mns
  X:03EFH         SYMBOL        sconds
  X:03F0H         SYMBOL        currnt_pos
  X:03F3H         SYMBOL        offset_calib
  X:03F7H         SYMBOL        currnt_angle
  -------         DO            
  X:03FAH         SYMBOL        date
  X:03FCH         SYMBOL        i
  X:03FEH         SYMBOL        yy
  X:0400H         SYMBOL        desired_distance
  X:0404H         SYMBOL        distance
  X:0408H         SYMBOL        angle_distance
  X:040CH         SYMBOL        JP_pos
  X:0410H         SYMBOL        angle
  X:0414H         SYMBOL        JP_angle
  X:0418H         SYMBOL        pos_interpolate_azimuth
  X:0440H         SYMBOL        angle_interpolate_azimuth
  X:0468H         SYMBOL        current_local_sun_time
  X:046CH         SYMBOL        azimuth
  X:0470H         SYMBOL        elevation
  X:0474H         SYMBOL        time_offset
  X:0478H         SYMBOL        UTC_time
  X:047CH         SYMBOL        declination
  X:0480H         SYMBOL        p1
  X:0488H         SYMBOL        p2
  X:0490H         SYMBOL        time
  X:04A2H         SYMBOL        location
  X:04AAH         SYMBOL        sunCoord
  -------         ENDDO         
BL51 BANKED LINKER/LOCATER V6.22                                                      01/16/2019  17:02:19  PAGE 31


  C:0026H         LINE#         165
  C:002FH         LINE#         168
  C:002FH         LINE#         169
  C:003AH         LINE#         171
  C:006AH         LINE#         172
  C:0074H         LINE#         181
  C:007EH         LINE#         182
  C:0088H         LINE#         183
  C:0092H         LINE#         184
  C:009DH         LINE#         185
  C:00A8H         LINE#         186
  C:00BCH         LINE#         187
  C:00CDH         LINE#         188
  C:00DCH         LINE#         191
  C:00F0H         LINE#         195
  C:0142H         LINE#         196
  C:014CH         LINE#         197
  C:01A6H         LINE#         199
  C:02CEH         LINE#         201
  C:039DH         LINE#         205
  C:03A7H         LINE#         206
  C:03A7H         LINE#         208
  C:03C1H         LINE#         209
  C:03C1H         LINE#         210
  C:0429H         LINE#         211
  C:0429H         LINE#         212
  C:0430H         LINE#         213
  C:0430H         LINE#         214
  C:0456H         LINE#         215
  C:047CH         LINE#         217
  C:048CH         LINE#         218
  C:048CH         LINE#         220
  C:04BBH         LINE#         221
  C:04DEH         LINE#         223
  C:04DEH         LINE#         224
  C:054CH         LINE#         225
  C:054CH         LINE#         226
  C:0553H         LINE#         227
  C:0553H         LINE#         228
  C:0579H         LINE#         229
  C:059FH         LINE#         231
  C:05AFH         LINE#         232
  C:05AFH         LINE#         234
  C:05DEH         LINE#         235
  C:05FEH         LINE#         237
  C:05FEH         LINE#         239
  C:060FH         LINE#         242
  C:0629H         LINE#         243
  C:0629H         LINE#         244
  C:0699H         LINE#         245
  C:0699H         LINE#         246
  C:06C6H         LINE#         247
  C:06E1H         LINE#         249
  C:070EH         LINE#         250
  C:0729H         LINE#         252
  C:075BH         LINE#         255
  C:075BH         LINE#         257
BL51 BANKED LINKER/LOCATER V6.22                                                      01/16/2019  17:02:19  PAGE 32


  C:076CH         LINE#         259
  C:0780H         LINE#         264
  C:07A2H         LINE#         265
  C:07FDH         LINE#         266
  C:07FDH         LINE#         267
  C:0817H         LINE#         268
  C:083DH         LINE#         269
  C:0855H         LINE#         270
  C:088FH         LINE#         271
  C:0897H         LINE#         272
  C:08B3H         LINE#         273
  C:08B3H         LINE#         280
  C:08CDH         LINE#         281
  C:08CDH         LINE#         282
  C:0935H         LINE#         283
  C:0935H         LINE#         284
  C:093CH         LINE#         285
  C:093CH         LINE#         286
  C:0962H         LINE#         287
  C:0988H         LINE#         289
  C:09CFH         LINE#         290
  C:09D9H         LINE#         292
  C:0A08H         LINE#         293
  C:0A2BH         LINE#         295
  C:0A2BH         LINE#         296
  C:0A99H         LINE#         297
  C:0A99H         LINE#         298
  C:0AA0H         LINE#         299
  C:0AA0H         LINE#         300
  C:0AC6H         LINE#         301
  C:0AECH         LINE#         303
  C:0B33H         LINE#         304
  C:0B3DH         LINE#         306
  C:0B6CH         LINE#         307
  C:0B8CH         LINE#         309
  C:0B8CH         LINE#         311
  C:0B9DH         LINE#         314
  C:0BB7H         LINE#         315
  C:0BB7H         LINE#         316
  C:0C27H         LINE#         317
  C:0C27H         LINE#         318
  C:0C54H         LINE#         319
  C:0C6FH         LINE#         321
  C:0C9CH         LINE#         322
  C:0CB7H         LINE#         324
  C:0CE9H         LINE#         327
  C:0CE9H         LINE#         329
  C:0CFAH         LINE#         331
  C:0D1CH         LINE#         332
  C:0D77H         LINE#         333
  C:0D77H         LINE#         334
  C:0D91H         LINE#         335
  C:0DB7H         LINE#         336
  C:0DCFH         LINE#         337
  C:0E09H         LINE#         338
  C:0E11H         LINE#         339
  C:0E2DH         LINE#         340
BL51 BANKED LINKER/LOCATER V6.22                                                      01/16/2019  17:02:19  PAGE 33


  C:0E2DH         LINE#         342
  C:0E2DH         LINE#         345
  -------         ENDPROC       _UPDATE_POSITION
  -------         PROC          L?0126
  -------         ENDPROC       L?0126
  -------         PROC          _DISPLAY_POS
  X:04BDH         SYMBOL        sign_dat
  -------         DO            
  X:04C1H         SYMBOL        unit
  X:04C2H         SYMBOL        ten
  X:04C3H         SYMBOL        hundred
  X:04C4H         SYMBOL        thousand
  X:04C5H         SYMBOL        after_dot
  X:04C6H         SYMBOL        dat
  -------         ENDDO         
  C:300EH         LINE#         347
  C:3014H         LINE#         348
  C:3014H         LINE#         352
  C:3030H         LINE#         353
  C:304AH         LINE#         354
  C:306EH         LINE#         356
  C:30B8H         LINE#         358
  C:30CFH         LINE#         359
  C:30E1H         LINE#         360
  C:3106H         LINE#         361
  C:3120H         LINE#         362
  C:3138H         LINE#         363
  C:3138H         LINE#         364
  C:3142H         LINE#         365
  C:314CH         LINE#         366
  C:3156H         LINE#         367
  C:3160H         LINE#         368
  C:3165H         LINE#         369
  C:316FH         LINE#         370
  C:3172H         LINE#         371
  C:3172H         LINE#         372
  C:3177H         LINE#         373
  C:3179H         LINE#         374
  C:3179H         LINE#         377
  C:317BH         LINE#         379
  C:317BH         LINE#         380
  C:3180H         LINE#         381
  C:3182H         LINE#         382
  C:3182H         LINE#         383
  C:3182H         LINE#         384
  C:3184H         LINE#         386
  C:3184H         LINE#         388
  C:3189H         LINE#         389
  C:3193H         LINE#         390
  C:319DH         LINE#         391
  C:31A7H         LINE#         392
  C:31B1H         LINE#         393
  C:31B6H         LINE#         394
  C:31C0H         LINE#         395
  C:31C3H         LINE#         396
  C:31C3H         LINE#         397
  C:31C8H         LINE#         398
BL51 BANKED LINKER/LOCATER V6.22                                                      01/16/2019  17:02:19  PAGE 34


  C:31CAH         LINE#         399
  C:31CAH         LINE#         402
  C:31CCH         LINE#         404
  C:31CCH         LINE#         405
  C:31D1H         LINE#         406
  C:31D6H         LINE#         407
  C:31DBH         LINE#         408
  C:31DBH         LINE#         412
  C:31DBH         LINE#         414
  -------         ENDPROC       _DISPLAY_POS
  -------         ENDMOD        BIPOLARMOTOR

  -------         MODULE        SUNPOS
  C:0000H         SYMBOL        _ICE_DUMMY_
  C:1766H         PUBLIC        sunpos
  -------         PROC          SUNPOS
  X:04ADH         SYMBOL        udtTime
  X:04BFH         SYMBOL        udtLocation
  X:04C7H         SYMBOL        udtSunCoordinates
  -------         DO            
  X:04CAH         SYMBOL        dElapsedJulianDays
  X:04CEH         SYMBOL        dDecimalHours
  X:04D2H         SYMBOL        dEclipticLongitude
  X:04D6H         SYMBOL        dEclipticObliquity
  X:04DAH         SYMBOL        dRightAscension
  X:04DEH         SYMBOL        dDeclination
  X:04E2H         SYMBOL        dY
  X:04E6H         SYMBOL        dX
  -------         DO            
  X:04EAH         SYMBOL        dJulianDate
  X:04EEH         SYMBOL        liAux1
  X:04F2H         SYMBOL        liAux2
  X:04EAH         SYMBOL        dMeanLongitude
  X:04EEH         SYMBOL        dMeanAnomaly
  X:04F2H         SYMBOL        dOmega
  X:04EAH         SYMBOL        dSin_EclipticLongitude
  X:04EAH         SYMBOL        dGreenwichMeanSiderealTime
  X:04EEH         SYMBOL        dLocalMeanSiderealTime
  X:04F2H         SYMBOL        dLatitudeInRadians
  X:04F6H         SYMBOL        dHourAngle
  X:04FAH         SYMBOL        dCos_Latitude
  X:04FEH         SYMBOL        dSin_Latitude
  X:0502H         SYMBOL        dCos_HourAngle
  X:0506H         SYMBOL        dParallax
  -------         ENDDO         
  -------         DO            
  X:04EAH         SYMBOL        dMeanLongitude
  X:04EEH         SYMBOL        dMeanAnomaly
  X:04F2H         SYMBOL        dOmega
  X:04EAH         SYMBOL        dSin_EclipticLongitude
  X:04EAH         SYMBOL        dGreenwichMeanSiderealTime
  X:04EEH         SYMBOL        dLocalMeanSiderealTime
  X:04F2H         SYMBOL        dLatitudeInRadians
  X:04F6H         SYMBOL        dHourAngle
  X:04FAH         SYMBOL        dCos_Latitude
  X:04FEH         SYMBOL        dSin_Latitude
  X:0502H         SYMBOL        dCos_HourAngle
BL51 BANKED LINKER/LOCATER V6.22                                                      01/16/2019  17:02:19  PAGE 35


[...]
  B:00C8H.4       PUBLIC        I2C_SCK
  D:0090H         PUBLIC        P1
  D:00A0H         PUBLIC        P2
  D:00B0H         PUBLIC        P3
  D:00C0H         PUBLIC        P4
  D:00C8H         PUBLIC        P5
  D:00E8H         PUBLIC        P6
  D:00F8H         PUBLIC        P7
  D:00A8H         PUBLIC        IE
  D:00B8H         PUBLIC        IP
  D:00D8H         PUBLIC        CCON
  C:4782H         PUBLIC        I2C_Start
  D:0098H         PUBLIC        SCON
  D:0088H         PUBLIC        TCON
  C:3E51H         PUBLIC        _Write_PI4IOE5V96248
  C:4791H         PUBLIC        uC_NACK
  C:45BEH         PUBLIC        _Wait_ms_i2c
  C:45E1H         PUBLIC        _I2C_SendByte
  C:4702H         PUBLIC        I2C_Stop
  C:4801H         PUBLIC        nop
  C:47F1H         PUBLIC        uC_ACK
  C:46ECH         PUBLIC        I2C_ACK
BL51 BANKED LINKER/LOCATER V6.22                                                      01/16/2019  17:02:19  PAGE 40


  B:00C0H.7       PUBLIC        I2C_SDA
  D:00D0H         PUBLIC        PSW
  C:45B8H         SYMBOL        L?0031
  C:45BAH         SYMBOL        L?0032
  -------         PROC          L?0030
  -------         ENDPROC       L?0030
  C:45B8H         SYMBOL        L?0031
  C:45BAH         SYMBOL        L?0032
  -------         PROC          _WAIT_MS_I2C
  D:0006H         SYMBOL        ms
  -------         DO            
  D:0004H         SYMBOL        De_Cnt
  -------         ENDDO         
  C:45BEH         LINE#         7
  C:45BEH         LINE#         8
  C:45BEH         LINE#         10
  C:45C8H         LINE#         11
  C:45C8H         LINE#         12
  C:45DBH         LINE#         13
  C:45DBH         LINE#         14
  -------         ENDPROC       _WAIT_MS_I2C
  -------         PROC          NOP
  C:4801H         LINE#         16
  C:4801H         LINE#         17
  C:4801H         LINE#         19
  -------         ENDPROC       NOP
  -------         PROC          I2C_START
  C:4782H         LINE#         20
  C:4782H         LINE#         21
  C:4782H         LINE#         23
  C:4784H         LINE#         24
  C:4786H         LINE#         25
  C:4789H         LINE#         26
  C:478BH         LINE#         27
  C:478EH         LINE#         28
  C:4790H         LINE#         31
  -------         ENDPROC       I2C_START
  -------         PROC          I2C_STOP
  C:4702H         LINE#         33
  C:4702H         LINE#         34
  C:4702H         LINE#         35
  C:4704H         LINE#         36
  C:4706H         LINE#         37
  C:4709H         LINE#         38
  C:470BH         LINE#         39
  C:470DH         LINE#         40
  C:4714H         LINE#         41
  C:4716H         LINE#         44
  -------         ENDPROC       I2C_STOP
  -------         PROC          I2C_ACK
  -------         DO            
  X:069BH         SYMBOL        i
  D:0003H         SYMBOL        dat
  -------         ENDDO         
  C:46ECH         LINE#         46
  C:46ECH         LINE#         47
  C:46ECH         LINE#         49
BL51 BANKED LINKER/LOCATER V6.22                                                      01/16/2019  17:02:19  PAGE 41


  C:46EDH         LINE#         54
  C:46F0H         LINE#         55
  C:46F2H         LINE#         56
  C:46F5H         LINE#         58
  C:46F8H         LINE#         59
  C:46F8H         LINE#         60
  C:46FCH         LINE#         61
  C:46FCH         LINE#         64
  C:46FCH         LINE#         65
  C:46FFH         LINE#         66
  C:46FFH         LINE#         67
  C:4701H         LINE#         68
  -------         ENDPROC       I2C_ACK
  -------         PROC          UC_ACK
  -------         DO            
  X:069CH         SYMBOL        i
  -------         ENDDO         
  C:47F1H         LINE#         69
  C:47F1H         LINE#         70
  C:47F1H         LINE#         72
  C:47F1H         LINE#         79
  C:47F1H         LINE#         81
  C:47F1H         LINE#         83
  C:47F1H         LINE#         84
  C:47F1H         LINE#         87
  C:47F4H         LINE#         88
  C:47F6H         LINE#         89
  C:47F6H         LINE#         93
  -------         ENDPROC       UC_ACK
  -------         PROC          UC_NACK
  -------         DO            
  X:069DH         SYMBOL        i
  -------         ENDDO         
  C:4791H         LINE#         95
  C:4791H         LINE#         96
  C:4791H         LINE#         98
  C:4791H         LINE#         102
  C:4793H         LINE#         105
  C:4793H         LINE#         106
  C:4795H         LINE#         107
  C:4795H         LINE#         109
  C:4795H         LINE#         110
  C:4795H         LINE#         113
  C:4798H         LINE#         114
  C:479AH         LINE#         115
  C:479DH         LINE#         116
  C:479FH         LINE#         117
  C:479FH         LINE#         121
  -------         ENDPROC       UC_NACK
  C:45DDH         SYMBOL        L?0034
  -------         PROC          L?0033
  -------         ENDPROC       L?0033
  C:45DDH         SYMBOL        L?0034
  -------         PROC          _I2C_SENDBYTE
  D:0001H         SYMBOL        dat
  -------         DO            
  D:0003H         SYMBOL        i
BL51 BANKED LINKER/LOCATER V6.22                                                      01/16/2019  17:02:19  PAGE 42


  -------         ENDDO         
  C:45E1H         LINE#         125
  C:45E3H         LINE#         126
  C:45E3H         LINE#         129
  C:45E5H         LINE#         130
  C:45E5H         LINE#         131
  C:45E7H         LINE#         133
  C:45EBH         LINE#         134
  C:45EBH         LINE#         135
  C:45EDH         LINE#         136
  C:45EFH         LINE#         138
  C:45EFH         LINE#         139
  C:45F1H         LINE#         140
  C:45F1H         LINE#         141
  C:45F4H         LINE#         142
  C:45F6H         LINE#         144
  C:45FAH         LINE#         145
  C:45FDH         LINE#         146
  C:4602H         LINE#         147
  -------         ENDPROC       _I2C_SENDBYTE
  -------         PROC          _WRITE_PI4IOE5V96248
  X:0698H         SYMBOL        xdat
  C:3E51H         LINE#         148
  C:3E5CH         LINE#         149
  C:3E5CH         LINE#         150
  C:3E5FH         LINE#         151
  C:3E66H         LINE#         152
  C:3E6BH         LINE#         153
  C:3E71H         LINE#         154
  C:3E71H         LINE#         155
  C:3E83H         LINE#         156
  C:3E83H         LINE#         158
  C:3E89H         LINE#         159
  C:3E89H         LINE#         160
  C:3E99H         LINE#         161
  C:3E99H         LINE#         162
  C:3E9FH         LINE#         163
  C:3E9FH         LINE#         164
  C:3EAFH         LINE#         165
  C:3EAFH         LINE#         166
  C:3EB5H         LINE#         167
  C:3EB5H         LINE#         168
  C:3EC6H         LINE#         169
  C:3EC6H         LINE#         171
  C:3ECCH         LINE#         172
  C:3ECCH         LINE#         173
  C:3EDDH         LINE#         174
  C:3EDDH         LINE#         175
  C:3EE3H         LINE#         176
  C:3EE3H         LINE#         177
  C:3EF4H         LINE#         178
  C:3EF4H         LINE#         180
  C:3EFAH         LINE#         181
  C:3EFDH         LINE#         182
  -------         ENDPROC       _WRITE_PI4IOE5V96248
  -------         ENDMOD        IOEXPANDER_PI4IOE5V96248

BL51 BANKED LINKER/LOCATER V6.22                                                      01/16/2019  17:02:19  PAGE 43


  -------         MODULE        ?C_STARTUP
  C:416EH         SEGMENT       ?C_C51STARTUP
  I:0022H         SEGMENT       ?STACK
  C:0000H         PUBLIC        ?C_STARTUP
  D:00E0H         SYMBOL        ACC
  D:00F0H         SYMBOL        B
  D:0083H         SYMBOL        DPH
  D:0082H         SYMBOL        DPL
  N:0000H         SYMBOL        IBPSTACK
  N:0100H         SYMBOL        IBPSTACKTOP
  N:0080H         SYMBOL        IDATALEN
  C:4171H         SYMBOL        IDATALOOP
  N:0000H         SYMBOL        PBPSTACK
  N:0100H         SYMBOL        PBPSTACKTOP
  N:0000H         SYMBOL        PDATALEN
  N:0000H         SYMBOL        PDATASTART
  N:0000H         SYMBOL        PPAGE
  N:0000H         SYMBOL        PPAGEENABLE
  D:00A0H         SYMBOL        PPAGE_SFR
  D:0081H         SYMBOL        SP
  C:416EH         SYMBOL        STARTUP1
  N:0000H         SYMBOL        XBPSTACK
  N:0000H         SYMBOL        XBPSTACKTOP
  N:0000H         SYMBOL        XDATALEN
  N:0000H         SYMBOL        XDATASTART
  C:0000H         LINE#         126
  C:416EH         LINE#         133
  C:4170H         LINE#         134
  C:4171H         LINE#         135
  C:4172H         LINE#         136
  C:4174H         LINE#         185
  C:4177H         LINE#         196
  -------         ENDMOD        ?C_STARTUP

  -------         MODULE        ?C?FPADD
  C:0E35H         PUBLIC        ?C?FPADD
  C:0E31H         PUBLIC        ?C?FPSUB
  -------         ENDMOD        ?C?FPADD

  -------         MODULE        ?C?FPMUL
  C:0F26H         PUBLIC        ?C?FPMUL
  -------         ENDMOD        ?C?FPMUL

  -------         MODULE        ?C?FPDIV
  C:102FH         PUBLIC        ?C?FPDIV
  -------         ENDMOD        ?C?FPDIV

  -------         MODULE        ?C?FPCMP
  C:10CEH         PUBLIC        ?C?FPCMP
  C:10CCH         PUBLIC        ?C?FPCMP3
  -------         ENDMOD        ?C?FPCMP

  -------         MODULE        ?C?FPNEG
  C:1145H         PUBLIC        ?C?FPNEG
  -------         ENDMOD        ?C?FPNEG

  -------         MODULE        ?C?FCAST
BL51 BANKED LINKER/LOCATER V6.22                                                      01/16/2019  17:02:19  PAGE 44


  C:1160H         PUBLIC        ?C?FCASTC
  C:115BH         PUBLIC        ?C?FCASTI
  C:1156H         PUBLIC        ?C?FCASTL
  -------         ENDMOD        ?C?FCAST

  -------         MODULE        ?C?CASTF
  C:1194H         PUBLIC        ?C?CASTF
  -------         ENDMOD        ?C?CASTF

  -------         MODULE        ATAN2
  X:050AH         PUBLIC        ?_atan2?BYTE
  C:3FAAH         PUBLIC        _atan2
  -------         ENDMOD        ATAN2

  -------         MODULE        SIN
  C:3723H         PUBLIC        _COS
  C:3739H         PUBLIC        _SIN
  C:3775H         PUBLIC        _TAN
  -------         ENDMOD        SIN

  -------         MODULE        ACOS
  C:43BBH         PUBLIC        _ACOS
  -------         ENDMOD        ACOS

  -------         MODULE        ASIN
  C:4489H         PUBLIC        _ASIN
  -------         ENDMOD        ASIN

  -------         MODULE        SQRT
  C:3F02H         PUBLIC        _SQRT
  -------         ENDMOD        SQRT

  -------         MODULE        ATAN
  C:39C8H         PUBLIC        _ATAN
  -------         ENDMOD        ATAN

  -------         MODULE        ?C?COPY
  C:1332H         PUBLIC        ?C?COPY
  -------         ENDMOD        ?C?COPY

  -------         MODULE        ?C?CLDPTR
  C:1358H         PUBLIC        ?C?CLDPTR
  -------         ENDMOD        ?C?CLDPTR

  -------         MODULE        ?C?CLDOPTR
  C:1371H         PUBLIC        ?C?CLDOPTR
  -------         ENDMOD        ?C?CLDOPTR

  -------         MODULE        ?C?CSTPTR
  C:139EH         PUBLIC        ?C?CSTPTR
  -------         ENDMOD        ?C?CSTPTR

  -------         MODULE        ?C?IMUL
  C:13B0H         PUBLIC        ?C?IMUL
  -------         ENDMOD        ?C?IMUL

  -------         MODULE        ?C?UIDIV
BL51 BANKED LINKER/LOCATER V6.22                                                      01/16/2019  17:02:19  PAGE 45


  C:13C2H         PUBLIC        ?C?UIDIV
  -------         ENDMOD        ?C?UIDIV

  -------         MODULE        ?C?SIDIV
  C:1417H         PUBLIC        ?C?SIDIV
  -------         ENDMOD        ?C?SIDIV

  -------         MODULE        ?C?ILDIX
  C:144DH         PUBLIC        ?C?ILDIX
  -------         ENDMOD        ?C?ILDIX

  -------         MODULE        ?C?ILDOPTR
  C:1463H         PUBLIC        ?C?ILDOPTR
  -------         ENDMOD        ?C?ILDOPTR

  -------         MODULE        ?C?LMUL
  C:149BH         PUBLIC        ?C?LMUL
  -------         ENDMOD        ?C?LMUL

  -------         MODULE        ?C?ULDIV
  C:1526H         PUBLIC        ?C?ULDIV
  -------         ENDMOD        ?C?ULDIV

  -------         MODULE        ?C?SLDIV
  C:4405H         PUBLIC        ?C?SLDIV
  -------         ENDMOD        ?C?SLDIV

  -------         MODULE        ?C?LNEG
  C:15B8H         PUBLIC        ?C?LNEG
  -------         ENDMOD        ?C?LNEG

  -------         MODULE        ?C?ULCMP
  C:15C6H         PUBLIC        ?C?ULCMP
  -------         ENDMOD        ?C?ULCMP

  -------         MODULE        ?C?LLDPTR
  C:15D7H         PUBLIC        ?C?LLDPTR
  -------         ENDMOD        ?C?LLDPTR

  -------         MODULE        ?C?LLDOPTR
  C:15F7H         PUBLIC        ?C?LLDOPTR
  -------         ENDMOD        ?C?LLDOPTR

  -------         MODULE        ?C?LSTPTR
  C:1627H         PUBLIC        ?C?LSTPTR
  -------         ENDMOD        ?C?LSTPTR

  -------         MODULE        ?C?LSTOPTR
  C:1641H         PUBLIC        ?C?LSTOPTR
  -------         ENDMOD        ?C?LSTOPTR

  -------         MODULE        ?C?LLDXDATA
  C:1665H         PUBLIC        ?C?LLDXDATA
  -------         ENDMOD        ?C?LLDXDATA

  -------         MODULE        ?C?LLDCODE
  C:1671H         PUBLIC        ?C?LLDCODE
BL51 BANKED LINKER/LOCATER V6.22                                                      01/16/2019  17:02:19  PAGE 46


  -------         ENDMOD        ?C?LLDCODE

  -------         MODULE        ?C?LLDXDATA0
  C:1681H         PUBLIC        ?C?LLDXDATA0
  -------         ENDMOD        ?C?LLDXDATA0

  -------         MODULE        ?C?LLDCODE0
  C:168DH         PUBLIC        ?C?LLDCODE0
  -------         ENDMOD        ?C?LLDCODE0

  -------         MODULE        ?C?LLDPTR0
  C:169DH         PUBLIC        ?C?LLDPTR0
  -------         ENDMOD        ?C?LLDPTR0

  -------         MODULE        ?C?LSTXDATA
  C:16BDH         PUBLIC        ?C?LSTXDATA
  -------         ENDMOD        ?C?LSTXDATA

  -------         MODULE        ?C?LSTKXDATA
  C:16C9H         PUBLIC        ?C?LSTKXDATA
  -------         ENDMOD        ?C?LSTKXDATA

  -------         MODULE        ?C?OFFXADD
  C:16FAH         PUBLIC        ?C?OFFXADD
  -------         ENDMOD        ?C?OFFXADD

  -------         MODULE        ABS
  C:47C8H         PUBLIC        _ABS
  -------         ENDMOD        ABS

  -------         MODULE        ATOI
  C:3CBBH         PUBLIC        _atoi
  -------         ENDMOD        ATOI

  -------         MODULE        ?C?IILDX
  C:1706H         PUBLIC        ?C?IILDX
  -------         ENDMOD        ?C?IILDX

  -------         MODULE        ?C?LLDIDATA
  C:171CH         PUBLIC        ?C?LLDIDATA
  -------         ENDMOD        ?C?LLDIDATA

  -------         MODULE        ?C?LLDPDATA
  C:1728H         PUBLIC        ?C?LLDPDATA
  -------         ENDMOD        ?C?LLDPDATA

  -------         MODULE        ?C?LLDIDATA0
  C:1734H         PUBLIC        ?C?LLDIDATA0
  -------         ENDMOD        ?C?LLDIDATA0

  -------         MODULE        ?C?LLDPDATA0
  C:1741H         PUBLIC        ?C?LLDPDATA0
  -------         ENDMOD        ?C?LLDPDATA0

  -------         MODULE        ?C?LSTIDATA
  C:174EH         PUBLIC        ?C?LSTIDATA
  -------         ENDMOD        ?C?LSTIDATA
BL51 BANKED LINKER/LOCATER V6.22                                                      01/16/2019  17:02:19  PAGE 47



  -------         MODULE        ?C?LSTPDATA
  C:175AH         PUBLIC        ?C?LSTPDATA
  -------         ENDMOD        ?C?LSTPDATA

  -------         MODULE        ISDIGIT
  C:47A0H         PUBLIC        _isdigit
  -------         ENDMOD        ISDIGIT

  -------         MODULE        ISSPACE
  C:472BH         PUBLIC        _isspace
  -------         ENDMOD        ISSPACE

*** WARNING L16: UNCALLED SEGMENT, IGNORED FOR OVERLAY PROCESS
    SEGMENT: ?PR?_CALIB_INTERPOLATE?MAIN

*** WARNING L16: UNCALLED SEGMENT, IGNORED FOR OVERLAY PROCESS
    SEGMENT: ?PR?INITUART1?UART1

*** WARNING L16: UNCALLED SEGMENT, IGNORED FOR OVERLAY PROCESS
    SEGMENT: ?PR?_SENDSTRING?UART1

*** WARNING L16: UNCALLED SEGMENT, IGNORED FOR OVERLAY PROCESS
    SEGMENT: ?PR?_TEN?UART1

*** WARNING L16: UNCALLED SEGMENT, IGNORED FOR OVERLAY PROCESS
    SEGMENT: ?PR?_UNIT?UART1

*** WARNING L16: UNCALLED SEGMENT, IGNORED FOR OVERLAY PROCESS
    SEGMENT: ?PR?_DECTOBCD?UART1

*** WARNING L16: UNCALLED SEGMENT, IGNORED FOR OVERLAY PROCESS
    SEGMENT: ?PR?_ASCII_LETTER?UART1

*** WARNING L16: UNCALLED SEGMENT, IGNORED FOR OVERLAY PROCESS
    SEGMENT: ?PR?_ASCIITOBCD?UART1

*** WARNING L16: UNCALLED SEGMENT, IGNORED FOR OVERLAY PROCESS
    SEGMENT: ?PR?_FINDDET4X4?BIPOLARMOTOR

*** WARNING L16: UNCALLED SEGMENT, IGNORED FOR OVERLAY PROCESS
    SEGMENT: ?PR?NOP?IOEXPANDER_PI4IOE5V96248

*** WARNING L16: UNCALLED SEGMENT, IGNORED FOR OVERLAY PROCESS
    SEGMENT: ?PR?UC_ACK?IOEXPANDER_PI4IOE5V96248

*** WARNING L16: UNCALLED SEGMENT, IGNORED FOR OVERLAY PROCESS
    SEGMENT: ?PR?UC_NACK?IOEXPANDER_PI4IOE5V96248

*** WARNING L16: UNCALLED SEGMENT, IGNORED FOR OVERLAY PROCESS
    SEGMENT: ?PR?_WRITE_PI4IOE5V96248?IOEXPANDER_PI4IOE5V96248

*** WARNING L1: UNRESOLVED EXTERNAL SYMBOL
    SYMBOL:  DIRECTION_ROTATION
    MODULE:  .\Obj\main.obj (MAIN)

*** WARNING L1: UNRESOLVED EXTERNAL SYMBOL
BL51 BANKED LINKER/LOCATER V6.22                                                      01/16/2019  17:02:19  PAGE 48


    SYMBOL:  I2C_INIT
    MODULE:  .\Obj\main.obj (MAIN)

*** WARNING L1: UNRESOLVED EXTERNAL SYMBOL
    SYMBOL:  AUTO_MODE
    MODULE:  .\Obj\main.obj (MAIN)

*** WARNING L2: REFERENCE MADE TO UNRESOLVED EXTERNAL
    SYMBOL:  AUTO_MODE
    MODULE:  .\Obj\main.obj (MAIN)
    ADDRESS: 1F1CH

*** WARNING L2: REFERENCE MADE TO UNRESOLVED EXTERNAL
    SYMBOL:  I2C_INIT
    MODULE:  .\Obj\main.obj (MAIN)
    ADDRESS: 1F2FH

*** WARNING L2: REFERENCE MADE TO UNRESOLVED EXTERNAL
    SYMBOL:  AUTO_MODE
    MODULE:  .\Obj\main.obj (MAIN)
    ADDRESS: 1F77H

*** WARNING L2: REFERENCE MADE TO UNRESOLVED EXTERNAL
    SYMBOL:  AUTO_MODE
    MODULE:  .\Obj\main.obj (MAIN)
    ADDRESS: 2061H

*** WARNING L2: REFERENCE MADE TO UNRESOLVED EXTERNAL
    SYMBOL:  AUTO_MODE
    MODULE:  .\Obj\main.obj (MAIN)
    ADDRESS: 206FH

*** WARNING L2: REFERENCE MADE TO UNRESOLVED EXTERNAL
    SYMBOL:  AUTO_MODE
    MODULE:  .\Obj\main.obj (MAIN)
    ADDRESS: 2087H

*** WARNING L2: REFERENCE MADE TO UNRESOLVED EXTERNAL
    SYMBOL:  AUTO_MODE
    MODULE:  .\Obj\main.obj (MAIN)
    ADDRESS: 20CCH

*** WARNING L2: REFERENCE MADE TO UNRESOLVED EXTERNAL
    SYMBOL:  AUTO_MODE
    MODULE:  .\Obj\main.obj (MAIN)
    ADDRESS: 2119H

*** WARNING L2: REFERENCE MADE TO UNRESOLVED EXTERNAL
    SYMBOL:  DIRECTION_ROTATION
    MODULE:  .\Obj\main.obj (MAIN)
    ADDRESS: 2123H

*** WARNING L2: REFERENCE MADE TO UNRESOLVED EXTERNAL
    SYMBOL:  AUTO_MODE
    MODULE:  .\Obj\main.obj (MAIN)
    ADDRESS: 215BH

BL51 BANKED LINKER/LOCATER V6.22                                                      01/16/2019  17:02:19  PAGE 49


*** WARNING L2: REFERENCE MADE TO UNRESOLVED EXTERNAL
    SYMBOL:  DIRECTION_ROTATION
    MODULE:  .\Obj\main.obj (MAIN)
    ADDRESS: 2165H

*** WARNING L2: REFERENCE MADE TO UNRESOLVED EXTERNAL
    SYMBOL:  AUTO_MODE
    MODULE:  .\Obj\main.obj (MAIN)
    ADDRESS: 2266H

*** WARNING L1: UNRESOLVED EXTERNAL SYMBOL
    SYMBOL:  AUTO_MODE
    MODULE:  .\Obj\KeyPad.obj (KEYPAD)

*** WARNING L2: REFERENCE MADE TO UNRESOLVED EXTERNAL
    SYMBOL:  AUTO_MODE
    MODULE:  .\Obj\KeyPad.obj (KEYPAD)
    ADDRESS: 2B3FH

*** WARNING L2: REFERENCE MADE TO UNRESOLVED EXTERNAL
    SYMBOL:  AUTO_MODE
    MODULE:  .\Obj\KeyPad.obj (KEYPAD)
    ADDRESS: 2B4AH

*** WARNING L2: REFERENCE MADE TO UNRESOLVED EXTERNAL
    SYMBOL:  AUTO_MODE
    MODULE:  .\Obj\KeyPad.obj (KEYPAD)
    ADDRESS: 2B51H

Program Size: data=10.3 xdata=1694 code=18434
LINK/LOCATE RUN COMPLETE.  32 WARNING(S),  0 ERROR(S)
