BL51 BANKED LINKER/LOCATER V6.22                                                        10/26/2018  12:26:52  PAGE 1


BL51 BANKED LINKER/LOCATER V6.22, INVOKED BY:
C:\KEIL\C51\BIN\BL51.EXE .\Obj\main.obj, .\Obj\PCF85063BTL.obj, .\Obj\UART1.obj, .\Obj\LCd_Driver_SPLC780D.obj, .\Obj\Ke
>> yPad.obj, .\Obj\VCNL4035.obj, .\Obj\BipolarMotor.obj, .\Obj\SunPos.obj, .\Obj\ADC.obj, .\Obj\Calibration.obj, .\Obj\S
>> TARTUP.obj TO .\Obj\GPIO_RTC_Test PRINT (.\Lis\GPIO_RTC_Test.m51) RAMSIZE (256)


MEMORY MODEL: LARGE WITH FLOATING POINT ARITHMETIC


INPUT MODULES INCLUDED:
  .\Obj\main.obj (MAIN)
  .\Obj\PCF85063BTL.obj (PCF85063BTL)
  .\Obj\UART1.obj (UART1)
  .\Obj\LCd_Driver_SPLC780D.obj (LCD_DRIVER_SPLC780D)
  .\Obj\KeyPad.obj (KEYPAD)
  .\Obj\VCNL4035.obj (VCNL4035)
  .\Obj\BipolarMotor.obj (BIPOLARMOTOR)
  .\Obj\SunPos.obj (SUNPOS)
  .\Obj\ADC.obj (ADC)
  .\Obj\Calibration.obj (CALIBRATION)
  .\Obj\STARTUP.obj (?C_STARTUP)
  C:\KEIL\C51\LIB\C51FPL.LIB (?C?FPADD)
  C:\KEIL\C51\LIB\C51FPL.LIB (?C?FPMUL)
  C:\KEIL\C51\LIB\C51FPL.LIB (?C?FPDIV)
  C:\KEIL\C51\LIB\C51FPL.LIB (?C?FPCMP)
  C:\KEIL\C51\LIB\C51FPL.LIB (?C?FPNEG)
  C:\KEIL\C51\LIB\C51FPL.LIB (?C?FCAST)
  C:\KEIL\C51\LIB\C51FPL.LIB (?C?CASTF)
  C:\KEIL\C51\LIB\C51FPL.LIB (ATAN2)
  C:\KEIL\C51\LIB\C51FPL.LIB (SIN)
  C:\KEIL\C51\LIB\C51FPL.LIB (ACOS)
  C:\KEIL\C51\LIB\C51FPL.LIB (ASIN)
  C:\KEIL\C51\LIB\C51FPL.LIB (?C?FPGETOPN)
  C:\KEIL\C51\LIB\C51FPL.LIB (?C?FPSERIES)
  C:\KEIL\C51\LIB\C51FPL.LIB (SQRT)
  C:\KEIL\C51\LIB\C51FPL.LIB (ATAN)
  C:\KEIL\C51\LIB\C51L.LIB (?C_INIT)
  C:\KEIL\C51\LIB\C51L.LIB (?C?COPY)
  C:\KEIL\C51\LIB\C51L.LIB (?C?CLDPTR)
  C:\KEIL\C51\LIB\C51L.LIB (?C?CSTPTR)
  C:\KEIL\C51\LIB\C51L.LIB (?C?IMUL)
  C:\KEIL\C51\LIB\C51L.LIB (?C?UIDIV)
  C:\KEIL\C51\LIB\C51L.LIB (?C?SIDIV)
  C:\KEIL\C51\LIB\C51L.LIB (?C?ILDIX)
  C:\KEIL\C51\LIB\C51L.LIB (?C?ILDOPTR)
  C:\KEIL\C51\LIB\C51L.LIB (?C?LMUL)
  C:\KEIL\C51\LIB\C51L.LIB (?C?SLDIV)
  C:\KEIL\C51\LIB\C51L.LIB (?C?LNEG)
  C:\KEIL\C51\LIB\C51L.LIB (?C?LLDPTR)
  C:\KEIL\C51\LIB\C51L.LIB (?C?LLDOPTR)
  C:\KEIL\C51\LIB\C51L.LIB (?C?LSTPTR)
  C:\KEIL\C51\LIB\C51L.LIB (?C?LSTOPTR)
  C:\KEIL\C51\LIB\C51L.LIB (?C?LLDXDATA)
  C:\KEIL\C51\LIB\C51L.LIB (?C?LLDCODE)
  C:\KEIL\C51\LIB\C51L.LIB (?C?LLDXDATA0)
  C:\KEIL\C51\LIB\C51L.LIB (?C?LLDCODE0)
  C:\KEIL\C51\LIB\C51L.LIB (?C?LLDPTR0)
  C:\KEIL\C51\LIB\C51L.LIB (?C?LSTXDATA)
BL51 BANKED LINKER/LOCATER V6.22                                                      10/26/2018  12:26:52  PAGE 2


  C:\KEIL\C51\LIB\C51L.LIB (?C?LSTKXDATA)
  C:\KEIL\C51\LIB\C51L.LIB (?C?OFFXADD)
  C:\KEIL\C51\LIB\C51L.LIB (ABS)
  C:\KEIL\C51\LIB\C51L.LIB (ATOI)
  C:\KEIL\C51\LIB\C51L.LIB (?C?IILDX)
  C:\KEIL\C51\LIB\C51L.LIB (?C?ULDIV)
  C:\KEIL\C51\LIB\C51L.LIB (?C?LLDIDATA)
  C:\KEIL\C51\LIB\C51L.LIB (?C?LLDPDATA)
  C:\KEIL\C51\LIB\C51L.LIB (?C?LLDIDATA0)
  C:\KEIL\C51\LIB\C51L.LIB (?C?LLDPDATA0)
  C:\KEIL\C51\LIB\C51L.LIB (?C?LSTIDATA)
  C:\KEIL\C51\LIB\C51L.LIB (?C?LSTPDATA)
  C:\KEIL\C51\LIB\C51L.LIB (ISDIGIT)
  C:\KEIL\C51\LIB\C51L.LIB (ISSPACE)


LINK MAP OF MODULE:  .\Obj\GPIO_RTC_Test (MAIN)


            TYPE    BASE      LENGTH    RELOCATION   SEGMENT NAME
            -----------------------------------------------------

            * * * * * * *   D A T A   M E M O R Y   * * * * * * *
            REG     0000H     0008H     ABSOLUTE     "REG BANK 0"
            REG     0008H     0008H     ABSOLUTE     "REG BANK 1"
                    0010H     0010H                  *** GAP ***
            BIT     0020H.0   0000H.4   UNIT         ?BI?KEYPAD
            BIT     0020H.4   0000H.3   UNIT         _BIT_GROUP_
            BIT     0020H.7   0000H.1   UNIT         ?BI?MAIN
            IDATA   0021H     0001H     UNIT         ?STACK

            * * * * * * *  X D A T A   M E M O R Y  * * * * * * *
            XDATA   0000H     03C1H     UNIT         ?XD?BIPOLARMOTOR
            XDATA   03C1H     0137H     UNIT         _XDATA_GROUP_
            XDATA   04F8H     00EDH     UNIT         ?XD?MAIN
            XDATA   05E5H     0040H     UNIT         ?XD?_FINDDET4X4?BIPOLARMOTOR
            XDATA   0625H     0024H     UNIT         ?XD?_FINDDET3X3?BIPOLARMOTOR
            XDATA   0649H     001EH     UNIT         ?XD?_CALIB_INTERPOLATE?MAIN
            XDATA   0667H     0009H     UNIT         ?XD?KEYPAD
            XDATA   0670H     0008H     UNIT         ?XD?_READ_VCNL4035?VCNL4035
            XDATA   0678H     0004H     UNIT         ?XD?_DISPLAY_PROX?MAIN
            XDATA   067CH     0003H     UNIT         ?XD?_SENDSTRING?UART1
            XDATA   067FH     0001H     UNIT         ?XD?UC_ACK?VCNL4035
            XDATA   0680H     0001H     UNIT         ?XD?UC_NACK?VCNL4035
            XDATA   0681H     0001H     UNIT         ?XD?_DISPLAYLCD_VCNL4035?VCNL4035

            * * * * * * *   C O D E   M E M O R Y   * * * * * * *
            CODE    0000H     0003H     ABSOLUTE     
            CODE    0003H     0006H     UNIT         ?PR?_TEN?UART1
            CODE    0009H     0001H     UNIT         ?PR?_DECTOBCD?UART1
            CODE    000AH     0001H     UNIT         ?PR?NOP?VCNL4035
            CODE    000BH     0003H     ABSOLUTE     
            CODE    000EH     0015H     UNIT         ?PR?_DISPLAY_LINE?LCD_DRIVER_SPLC780D
            CODE    0023H     0003H     ABSOLUTE     
            CODE    0026H     08FAH     UNIT         ?C?LIB_CODE
            CODE    0920H     07DBH     UNIT         ?PR?_UPDATE_POSITION?BIPOLARMOTOR
            CODE    10FBH     07A2H     UNIT         ?PR?SUNPOS?SUNPOS
BL51 BANKED LINKER/LOCATER V6.22                                                      10/26/2018  12:26:52  PAGE 3


            CODE    189DH     0421H     UNIT         ?C_INITSEG
            CODE    1CBEH     03BAH     UNIT         ?PR?MAIN?MAIN
            CODE    2078H     02C0H     UNIT         ?PR?_FINDDET4X4?BIPOLARMOTOR
            CODE    2338H     02A0H     UNIT         ?PR?KEY_PROCESS?KEYPAD
            CODE    25D8H     01FFH     UNIT         ?PR?_FIND_REAL_MAX?CALIBRATION
            CODE    27D7H     01D1H     UNIT         ?PR?_FINDDET3X3?BIPOLARMOTOR
            CODE    29A8H     01B5H     UNIT         ?PR?_DISPLAY_POS?MAIN
            CODE    2B5DH     01A1H     UNIT         ?PR?_CALIB_INTERPOLATE?MAIN
            CODE    2CFEH     018DH     UNIT         ?PR?KEY_SCAN?KEYPAD
            CODE    2E8BH     0188H     UNIT         ?PR?SIN?SIN
            CODE    3013H     0122H     UNIT         ?PR?ATAN?ATAN
            CODE    3135H     00DBH     UNIT         ?PR?_ATOI?ATOI
            CODE    3210H     00C8H     UNIT         ?PR?_CALIBRATION?CALIBRATION
            CODE    32D8H     00BBH     UNIT         ?PR?VOLTAGE_IS_STABLE?CALIBRATION
            CODE    3393H     00B1H     UNIT         ?PR?LINEAR_INTERPOLATE?BIPOLARMOTOR
            CODE    3444H     00ACH     UNIT         ?PR?SQRT?SQRT
            CODE    34F0H     009DH     UNIT         ?PR?_ATAN2?ATAN2
            CODE    358DH     009BH     UNIT         ?PR?UART?MAIN
            CODE    3628H     009AH     UNIT         ?PR?_READ_VCNL4035?VCNL4035
            CODE    36C2H     0095H     UNIT         ?PR?_DISPLAY_PROX?MAIN
            CODE    3757H     0093H     UNIT         ?PR?_MAX_VALUE?CALIBRATION
            CODE    37EAH     008CH     UNIT         ?C_C51STARTUP
            CODE    3876H     0084H     UNIT         ?PR?_DAY_OF_YEAR?PCF85063BTL
            CODE    38FAH     0075H     UNIT         ?PR?_WRITEDATA?LCD_DRIVER_SPLC780D
            CODE    396FH     006FH     UNIT         ?PR?_READ_TIME?PCF85063BTL
            CODE    39DEH     0059H     UNIT         ?PR?LCD_INIT?LCD_DRIVER_SPLC780D
            CODE    3A37H     0059H     UNIT         ?PR?_STEP_MOVE?BIPOLARMOTOR
            CODE    3A90H     004AH     UNIT         ?PR?ACOS?ACOS
            CODE    3ADAH     0049H     UNIT         ?PR?_WRITE_VCNL4035X?VCNL4035
            CODE    3B23H     0044H     UNIT         ?C?LDIV
            CODE    3B67H     0040H     UNIT         ?PR?_COMMAND?LCD_DRIVER_SPLC780D
            CODE    3BA7H     003BH     UNIT         ?PR?ASIN?ASIN
            CODE    3BE2H     0034H     UNIT         ?PR?_MOVE?BIPOLARMOTOR
            CODE    3C16H     0033H     UNIT         ?PR?_SENDSTRING?UART1
            CODE    3C49H     002EH     UNIT         ?PR?_ADC_GETRESULT?ADC
            CODE    3C77H     002CH     UNIT         ?PR?I2C_RECEIVEBYTE?VCNL4035
            CODE    3CA3H     002BH     UNIT         ?PR?_WAIT_MS_I2C?VCNL4035
            CODE    3CCEH     0024H     UNIT         ?PR?_WAIT_MS?LCD_DRIVER_SPLC780D
            CODE    3CF2H     0022H     UNIT         ?PR?_I2C_SENDBYTE?VCNL4035
            CODE    3D14H     0020H     UNIT         ?PR?_SPI_SENDBYTE?PCF85063BTL
            CODE    3D34H     0020H     UNIT         ?PR?SPI_RECEIVEBYTE?PCF85063BTL
            CODE    3D54H     001EH     UNIT         ?PR?_DELAY_MS?KEYPAD
            CODE    3D72H     001EH     UNIT         ?PR?_WAIT_MS_IIC?VCNL4035
            CODE    3D90H     001DH     UNIT         ?PR?_DISPLAYLCD?LCD_DRIVER_SPLC780D
            CODE    3DADH     001BH     UNIT         ?PR?TM0_ISR?MAIN
            CODE    3DC8H     001BH     UNIT         ?PR?I2C_ACK?VCNL4035
            CODE    3DE3H     001BH     UNIT         ?PR?_BCDTODEC1?BIPOLARMOTOR
            CODE    3DFEH     0018H     UNIT         ?PR?_SPI_WRITETIME?PCF85063BTL
            CODE    3E16H     0017H     UNIT         ?PR?_ASCIITOBCD?UART1
            CODE    3E2DH     0017H     UNIT         ?PR?I2C_INIT?VCNL4035
            CODE    3E44H     0015H     UNIT         ?PR?I2C_STOP?VCNL4035
            CODE    3E59H     0014H     UNIT         ?PR?_PCF85063BTL_DELAY?PCF85063BTL
            CODE    3E6DH     0014H     UNIT         ?PR?_ISSPACE?ISSPACE
            CODE    3E81H     0013H     UNIT         ?PR?I2C_START?VCNL4035
            CODE    3E94H     0011H     UNIT         ?PR?_SPI_READTIME?PCF85063BTL
            CODE    3EA5H     0011H     UNIT         ?PR?_BCDTODEC?PCF85063BTL
            CODE    3EB6H     0011H     UNIT         ?PR?INITUART1?UART1
BL51 BANKED LINKER/LOCATER V6.22                                                      10/26/2018  12:26:52  PAGE 4


            CODE    3EC7H     0010H     UNIT         ?PR?ADC_INIT?ADC
            CODE    3ED7H     000FH     UNIT         ?PR?UC_NACK?VCNL4035
            CODE    3EE6H     000FH     UNIT         ?PR?_ISDIGIT?ISDIGIT
            CODE    3EF5H     000DH     UNIT         ?PR?SPI_INIT?PCF85063BTL
            CODE    3F02H     000CH     UNIT         ?PR?KEYPAD_IO_INIT?KEYPAD
            CODE    3F0EH     000CH     UNIT         ?PR?_ABS?ABS
            CODE    3F1AH     000AH     UNIT         ?PR?LCD_RETURN_HOME?LCD_DRIVER_SPLC780D
            CODE    3F24H     000AH     UNIT         ?PR?LCD_CLEAR?LCD_DRIVER_SPLC780D
            CODE    3F2EH     0009H     UNIT         ?PR?_SENDUART1?MAIN
            CODE    3F37H     0006H     UNIT         ?PR?UC_ACK?VCNL4035
            CODE    3F3DH     0006H     UNIT         ?PR?_DISPLAYLCD_VCNL4035?VCNL4035
            CODE    3F43H     0005H     UNIT         ?PR?_UNIT?UART1
            CODE    3F48H     0005H     UNIT         ?PR?_ASCII_LETTER?UART1



OVERLAY MAP OF MODULE:   .\Obj\GPIO_RTC_Test (MAIN)


SEGMENT                                            BIT_GROUP          XDATA_GROUP
  +--> CALLED SEGMENT                           START    LENGTH     START    LENGTH
-----------------------------------------------------------------------------------
?PR?UART?MAIN                                   -----    -----      -----    -----
  +--> ?PR?_ASCIITOBCD?UART1

?PR?_ASCIITOBCD?UART1                           -----    -----      -----    -----
  +--> ?PR?_ATOI?ATOI

?PR?_ATOI?ATOI                                  0020H.4  0000H.1    03C1H    0005H
  +--> ?PR?_ISSPACE?ISSPACE
  +--> ?PR?_ISDIGIT?ISDIGIT

*** NEW ROOT ***************************************************

?C_C51STARTUP                                   -----    -----      -----    -----
  +--> ?PR?MAIN?MAIN
  +--> ?C_INITSEG

?PR?MAIN?MAIN                                   -----    -----      03C6H    000AH
  +--> ?PR?LCD_INIT?LCD_DRIVER_SPLC780D
  +--> ?PR?SPI_INIT?PCF85063BTL
  +--> ?PR?KEYPAD_IO_INIT?KEYPAD
  +--> ?PR?I2C_INIT?VCNL4035
  +--> ?PR?ADC_INIT?ADC
  +--> ?PR?_DELAY_MS?KEYPAD
  +--> ?PR?_DISPLAY_LINE?LCD_DRIVER_SPLC780D
  +--> ?PR?_WRITEDATA?LCD_DRIVER_SPLC780D
  +--> ?PR?KEY_PROCESS?KEYPAD
  +--> ?PR?_COMMAND?LCD_DRIVER_SPLC780D
  +--> ?PR?_DISPLAY_POS?MAIN
  +--> ?PR?_DISPLAYLCD?LCD_DRIVER_SPLC780D
  +--> ?PR?_STEP_MOVE?BIPOLARMOTOR
  +--> ?PR?LCD_RETURN_HOME?LCD_DRIVER_SPLC780D
  +--> ?PR?_READ_TIME?PCF85063BTL
  +--> ?PR?_DAY_OF_YEAR?PCF85063BTL
  +--> ?PR?_BCDTODEC1?BIPOLARMOTOR
  +--> ?PR?_CALIBRATION?CALIBRATION
BL51 BANKED LINKER/LOCATER V6.22                                                      10/26/2018  12:26:52  PAGE 5



?PR?LCD_INIT?LCD_DRIVER_SPLC780D                -----    -----      -----    -----
  +--> ?PR?_WAIT_MS?LCD_DRIVER_SPLC780D
  +--> ?PR?_COMMAND?LCD_DRIVER_SPLC780D

?PR?_COMMAND?LCD_DRIVER_SPLC780D                -----    -----      -----    -----
  +--> ?PR?_WAIT_MS?LCD_DRIVER_SPLC780D

?PR?I2C_INIT?VCNL4035                           -----    -----      -----    -----
  +--> ?PR?_WRITE_VCNL4035X?VCNL4035

?PR?_WRITE_VCNL4035X?VCNL4035                   -----    -----      03D0H    0003H
  +--> ?PR?I2C_START?VCNL4035
  +--> ?PR?_WAIT_MS_I2C?VCNL4035
  +--> ?PR?I2C_ACK?VCNL4035
  +--> ?PR?_I2C_SENDBYTE?VCNL4035
  +--> ?PR?I2C_STOP?VCNL4035

?PR?I2C_START?VCNL4035                          -----    -----      -----    -----
  +--> ?PR?_WAIT_MS_IIC?VCNL4035
  +--> ?PR?_WAIT_MS_I2C?VCNL4035

?PR?I2C_ACK?VCNL4035                            -----    -----      03D3H    0001H
  +--> ?PR?_I2C_SENDBYTE?VCNL4035
  +--> ?PR?_WAIT_MS_I2C?VCNL4035

?PR?_I2C_SENDBYTE?VCNL4035                      -----    -----      -----    -----
  +--> ?PR?_WAIT_MS_I2C?VCNL4035

?PR?I2C_STOP?VCNL4035                           -----    -----      -----    -----
  +--> ?PR?_WAIT_MS_I2C?VCNL4035

?PR?_DISPLAY_LINE?LCD_DRIVER_SPLC780D           -----    -----      -----    -----
  +--> ?PR?_COMMAND?LCD_DRIVER_SPLC780D

?PR?_WRITEDATA?LCD_DRIVER_SPLC780D              -----    -----      03DAH    0001H
  +--> ?PR?_WAIT_MS?LCD_DRIVER_SPLC780D

?PR?KEY_PROCESS?KEYPAD                          -----    -----      03D0H    0006H
  +--> ?PR?KEY_SCAN?KEYPAD
  +--> ?PR?_SPI_WRITETIME?PCF85063BTL
  +--> ?PR?LCD_CLEAR?LCD_DRIVER_SPLC780D
  +--> ?PR?_COMMAND?LCD_DRIVER_SPLC780D
  +--> ?PR?_WRITEDATA?LCD_DRIVER_SPLC780D

?PR?KEY_SCAN?KEYPAD                             -----    -----      03D6H    0003H

?PR?_SPI_WRITETIME?PCF85063BTL                  -----    -----      -----    -----
  +--> ?PR?_SPI_SENDBYTE?PCF85063BTL

?PR?_SPI_SENDBYTE?PCF85063BTL                   -----    -----      -----    -----
  +--> ?PR?_PCF85063BTL_DELAY?PCF85063BTL

?PR?LCD_CLEAR?LCD_DRIVER_SPLC780D               -----    -----      -----    -----
  +--> ?PR?_COMMAND?LCD_DRIVER_SPLC780D

?PR?_DISPLAY_POS?MAIN                           -----    -----      03D0H    000AH
BL51 BANKED LINKER/LOCATER V6.22                                                      10/26/2018  12:26:52  PAGE 6


  +--> ?PR?_ABS?ABS
  +--> ?PR?_WRITEDATA?LCD_DRIVER_SPLC780D

?PR?_DISPLAYLCD?LCD_DRIVER_SPLC780D             -----    -----      03D0H    0001H
  +--> ?PR?_WRITEDATA?LCD_DRIVER_SPLC780D

?PR?_STEP_MOVE?BIPOLARMOTOR                     0020H.6  0000H.1    0493H    0004H
  +--> ?PR?_WAIT_MS?LCD_DRIVER_SPLC780D

?PR?LCD_RETURN_HOME?LCD_DRIVER_SPLC780D         -----    -----      -----    -----
  +--> ?PR?_COMMAND?LCD_DRIVER_SPLC780D

?PR?_READ_TIME?PCF85063BTL                      -----    -----      03D0H    000FH
  +--> ?PR?_SPI_READTIME?PCF85063BTL

?PR?_SPI_READTIME?PCF85063BTL                   -----    -----      -----    -----
  +--> ?PR?_SPI_SENDBYTE?PCF85063BTL
  +--> ?PR?SPI_RECEIVEBYTE?PCF85063BTL

?PR?SPI_RECEIVEBYTE?PCF85063BTL                 -----    -----      -----    -----
  +--> ?PR?_PCF85063BTL_DELAY?PCF85063BTL

?PR?_DAY_OF_YEAR?PCF85063BTL                    -----    -----      -----    -----
  +--> ?PR?_BCDTODEC?PCF85063BTL

?PR?_CALIBRATION?CALIBRATION                    -----    -----      03D0H    0010H
  +--> ?PR?VOLTAGE_IS_STABLE?CALIBRATION
  +--> ?PR?_UPDATE_POSITION?BIPOLARMOTOR
  +--> ?PR?_FIND_REAL_MAX?CALIBRATION

?PR?VOLTAGE_IS_STABLE?CALIBRATION               -----    -----      03E0H    0018H
  +--> ?PR?_ADC_GETRESULT?ADC
  +--> ?PR?_ABS?ABS

?PR?_UPDATE_POSITION?BIPOLARMOTOR               -----    -----      03E0H    00AFH
  +--> ?PR?_BCDTODEC1?BIPOLARMOTOR
  +--> ?PR?SUNPOS?SUNPOS
  +--> ?PR?SIN?SIN
  +--> ?PR?ASIN?ASIN
  +--> ?PR?LINEAR_INTERPOLATE?BIPOLARMOTOR
  +--> ?PR?_ABS?ABS
  +--> ?PR?_MOVE?BIPOLARMOTOR

?PR?SUNPOS?SUNPOS                               -----    -----      048FH    005DH
  +--> ?PR?SIN?SIN
  +--> ?PR?_ATAN2?ATAN2
  +--> ?PR?ASIN?ASIN
  +--> ?PR?ACOS?ACOS

?PR?SIN?SIN                                     0020H.5  0000H.1    04ECH    0004H

?PR?_ATAN2?ATAN2                                -----    -----      04ECH    0008H
  +--> ?PR?ATAN?ATAN

?PR?ATAN?ATAN                                   0020H.5  0000H.2    04F4H    0004H

?PR?ASIN?ASIN                                   -----    -----      -----    -----
BL51 BANKED LINKER/LOCATER V6.22                                                      10/26/2018  12:26:52  PAGE 7


  +--> ?PR?SQRT?SQRT
  +--> ?PR?ATAN?ATAN

?PR?SQRT?SQRT                                   -----    -----      04ECH    0004H

?PR?ACOS?ACOS                                   -----    -----      -----    -----
  +--> ?PR?SQRT?SQRT
  +--> ?PR?ATAN?ATAN

?PR?LINEAR_INTERPOLATE?BIPOLARMOTOR             -----    -----      048FH    0014H

?PR?_MOVE?BIPOLARMOTOR                          0020H.5  0000H.1    048FH    0004H
  +--> ?PR?_STEP_MOVE?BIPOLARMOTOR

?PR?_FIND_REAL_MAX?CALIBRATION                  -----    -----      03E0H    005CH
  +--> ?PR?_MOVE?BIPOLARMOTOR
  +--> ?PR?_ADC_GETRESULT?ADC
  +--> ?PR?_WAIT_MS?LCD_DRIVER_SPLC780D
  +--> ?PR?_MAX_VALUE?CALIBRATION

?PR?_MAX_VALUE?CALIBRATION                      -----    -----      043CH    0004H



UNRESOLVED EXTERNAL SYMBOLS:
   AUTO_MODE
   CALIB_MODE



SYMBOL TABLE OF MODULE:  .\Obj\GPIO_RTC_Test (MAIN)

  VALUE           TYPE          NAME
  ----------------------------------

  -------         MODULE        MAIN
  C:0000H         SYMBOL        _ICE_DUMMY_
  X:0500H         PUBLIC        calib_value
  D:0080H         PUBLIC        P0
  D:0090H         PUBLIC        P1
  D:00A0H         PUBLIC        P2
  D:00B0H         PUBLIC        P3
  D:00C0H         PUBLIC        P4
  D:00C8H         PUBLIC        P5
  X:0560H         SYMBOL        PressedKey
  B:00A8H.7       PUBLIC        EA
  D:00E8H         PUBLIC        P6
  D:00F8H         PUBLIC        P7
  X:0564H         PUBLIC        RX_Data_Uart_Cnt
  C:2B5DH         PUBLIC        _calib_interpolate
  D:00A8H         PUBLIC        IE
  X:0566H         PUBLIC        calib_time
  D:00B8H         PUBLIC        IP
  B:0098H.0       PUBLIC        RI
  X:05C6H         PUBLIC        months
  B:0098H.1       PUBLIC        TI
  C:358DH         PUBLIC        Uart
BL51 BANKED LINKER/LOCATER V6.22                                                      10/26/2018  12:26:52  PAGE 8


  D:00D8H         PUBLIC        CCON
  C:1CBEH         PUBLIC        main
  X:05C7H         PUBLIC        count
  D:0099H         PUBLIC        SBUF
  X:05C9H         PUBLIC        days
  X:05CAH         PUBLIC        lcd
  X:05CCH         PUBLIC        hours
  D:0098H         PUBLIC        SCON
  D:0089H         PUBLIC        TMOD
  D:0088H         PUBLIC        TCON
  B:00B0H.3       PUBLIC        P33
  X:05CDH         SYMBOL        KeyCount
  X:05CFH         PUBLIC        mins
  X:05D0H         PUBLIC        Rec_data_hour
  X:05D3H         PUBLIC        Rec_data_min
  D:008EH         PUBLIC        AUXR
  C:3DADH         PUBLIC        tm0_isr
  B:0020H.7       PUBLIC        busy
  D:00E0H         PUBLIC        ACC
  B:00A8H.1       PUBLIC        ET0
  D:008CH         PUBLIC        TH0
  X:05D6H         PUBLIC        hour_count
  D:008AH         PUBLIC        TL0
  X:05D7H         PUBLIC        min_count
  B:0088H.4       PUBLIC        TR0
  X:05D8H         SYMBOL        KeyNum
  X:05D9H         SYMBOL        KeyNum_Old
  X:05DAH         PUBLIC        current_position
  X:05DEH         PUBLIC        hours1
  X:05DFH         PUBLIC        hours2
  C:36C2H         PUBLIC        _Display_Prox
  X:05E0H         PUBLIC        mins1
  X:05E1H         PUBLIC        mins2
  C:29A8H         PUBLIC        _Display_Pos
  X:05E2H         PUBLIC        seconds
  X:05E3H         PUBLIC        st_time
  D:00D0H         PUBLIC        PSW
  C:3F2EH         PUBLIC        _SendUART1
  -------         PROC          TM0_ISR
  C:3DADH         LINE#         71
  C:3DB3H         LINE#         74
  C:3DC1H         LINE#         118
  -------         ENDPROC       TM0_ISR
  -------         PROC          MAIN
  -------         DO            
  X:03C6H         SYMBOL        prox_data
  X:04F8H         SYMBOL        KeyCount
  X:04FAH         SYMBOL        KeyNum_Old
  X:04FBH         SYMBOL        KeyNum
  X:04FCH         SYMBOL        PressedKey
  X:03C8H         SYMBOL        prox_flag
  X:03C9H         SYMBOL        calib_day
  X:03CBH         SYMBOL        numStr
  -------         ENDDO         
  C:1CBEH         LINE#         120
  C:1CBEH         LINE#         121
  C:1CBEH         LINE#         126
BL51 BANKED LINKER/LOCATER V6.22                                                      10/26/2018  12:26:52  PAGE 9


  C:1CC4H         LINE#         128
  C:1CC9H         LINE#         132
  C:1CCBH         LINE#         133
  C:1CCDH         LINE#         134
  C:1CCFH         LINE#         135
  C:1CD6H         LINE#         136
  C:1CDDH         LINE#         146
  C:1CE0H         LINE#         147
  C:1CE3H         LINE#         148
  C:1CE6H         LINE#         150
  C:1CE9H         LINE#         151
  C:1CECH         LINE#         153
  C:1CEFH         LINE#         154
  C:1CF2H         LINE#         155
  C:1CF5H         LINE#         156
  C:1CF7H         LINE#         157
  C:1CF9H         LINE#         158
  C:1CFBH         LINE#         160
  C:1CFDH         LINE#         162
  C:1D04H         LINE#         164
  C:1D0BH         LINE#         168
  C:1D12H         LINE#         169
  C:1D17H         LINE#         170
  C:1D1CH         LINE#         171
  C:1D21H         LINE#         172
  C:1D26H         LINE#         173
  C:1D2BH         LINE#         176
  C:1D2BH         LINE#         177
  C:1D2BH         LINE#         178
  C:1D2EH         LINE#         181
  C:1D2EH         LINE#         184
  C:1D33H         LINE#         185
  C:1D38H         LINE#         187
  C:1D3DH         LINE#         188
  C:1D42H         LINE#         189
  C:1D47H         LINE#         190
  C:1D4CH         LINE#         192
  C:1D5DH         LINE#         194
  C:1D64H         LINE#         195
  C:1D6CH         LINE#         196
  C:1D71H         LINE#         197
  C:1D79H         LINE#         198
  C:1D7EH         LINE#         199
  C:1D88H         LINE#         200
  C:1D8DH         LINE#         201
  C:1D95H         LINE#         203
  C:1D9DH         LINE#         204
  C:1DA2H         LINE#         205
  C:1DACH         LINE#         206
  C:1DACH         LINE#         207
  C:1DAEH         LINE#         208
  C:1DB0H         LINE#         209
  C:1DBAH         LINE#         210
  C:1DBAH         LINE#         211
  C:1DBFH         LINE#         212
  C:1DBFH         LINE#         224
  C:1DCCH         LINE#         225
BL51 BANKED LINKER/LOCATER V6.22                                                      10/26/2018  12:26:52  PAGE 10


  C:1DCCH         LINE#         226
  C:1DD6H         LINE#         227
  C:1DEDH         LINE#         228
  C:1DEDH         LINE#         229
  C:1DEFH         LINE#         230
  C:1DF1H         LINE#         232
  C:1DF1H         LINE#         233
  C:1DFCH         LINE#         234
  C:1DFCH         LINE#         235
  C:1E01H         LINE#         236
  C:1E01H         LINE#         237
  C:1E0EH         LINE#         238
  C:1E0EH         LINE#         241
  C:1E18H         LINE#         242
  C:1E2FH         LINE#         243
  C:1E2FH         LINE#         244
  C:1E31H         LINE#         245
  C:1E33H         LINE#         247
  C:1E33H         LINE#         248
  C:1E3EH         LINE#         249
  C:1E3EH         LINE#         250
  C:1E43H         LINE#         251
  C:1E45H         LINE#         252
  C:1E45H         LINE#         261
  C:1E67H         LINE#         262
  C:1E67H         LINE#         263
  C:1E71H         LINE#         264
  C:1E77H         LINE#         265
  C:1E79H         LINE#         266
  C:1E7BH         LINE#         267
  C:1E7DH         LINE#         268
  C:1E7DH         LINE#         269
  C:1E80H         LINE#         271
  C:1E80H         LINE#         272
  C:1E86H         LINE#         273
  C:1E8EH         LINE#         274
  C:1E94H         LINE#         275
  C:1E9CH         LINE#         276
  C:1ED7H         LINE#         280
  C:1EE1H         LINE#         281
  C:1EE1H         LINE#         283
  C:1F08H         LINE#         284
  C:1F2FH         LINE#         285
  C:1F2FH         LINE#         288
  C:1F2FH         LINE#         290
  C:1F2FH         LINE#         291
  C:1F52H         LINE#         292
  C:1F52H         LINE#         293
  C:1F5AH         LINE#         294
  C:1F61H         LINE#         295
  C:1F61H         LINE#         297
  C:1F92H         LINE#         298
  C:1F92H         LINE#         299
  C:1FECH         LINE#         300
  C:203DH         LINE#         301
  C:204BH         LINE#         302
  C:204BH         LINE#         303
BL51 BANKED LINKER/LOCATER V6.22                                                      10/26/2018  12:26:52  PAGE 11


  C:2060H         LINE#         304
  C:2067H         LINE#         306
  C:2067H         LINE#         307
  C:2075H         LINE#         308
  C:2075H         LINE#         325
  -------         ENDPROC       MAIN
  -------         PROC          UART
  C:358DH         LINE#         332
  C:359AH         LINE#         334
  C:359DH         LINE#         335
  C:359DH         LINE#         336
  C:35ABH         LINE#         337
  C:35ADH         LINE#         338
  C:35BFH         LINE#         339
  C:35CEH         LINE#         340
  C:35D9H         LINE#         341
  C:35D9H         LINE#         344
  C:35E6H         LINE#         345
  C:35ECH         LINE#         346
  C:35ECH         LINE#         347
  C:35F2H         LINE#         348
  C:3600H         LINE#         349
  C:360EH         LINE#         350
  C:3616H         LINE#         355
  C:3616H         LINE#         356
  C:3616H         LINE#         359
  C:3616H         LINE#         360
  C:3619H         LINE#         361
  C:3619H         LINE#         362
  C:361BH         LINE#         363
  C:361DH         LINE#         364
  C:361DH         LINE#         365
  -------         ENDPROC       UART
  -------         PROC          _CALIB_INTERPOLATE
  X:0649H         SYMBOL        hours
  X:064DH         SYMBOL        mins
  -------         DO            
  X:0651H         SYMBOL        p_calib1
  X:0659H         SYMBOL        p_calib2
  X:0661H         SYMBOL        i
  X:0663H         SYMBOL        current_time
  -------         ENDDO         
  C:2B5DH         LINE#         368
  C:2B63H         LINE#         369
  C:2B63H         LINE#         373
  C:2BBAH         LINE#         375
  C:2BE0H         LINE#         376
  C:2BE0H         LINE#         377
  C:2C52H         LINE#         378
  C:2C52H         LINE#         379
  C:2C7FH         LINE#         380
  C:2C9AH         LINE#         382
  C:2CC7H         LINE#         383
  C:2CE2H         LINE#         385
  C:2CE4H         LINE#         386
  C:2CE4H         LINE#         387
  C:2CF8H         LINE#         388
BL51 BANKED LINKER/LOCATER V6.22                                                      10/26/2018  12:26:52  PAGE 12


  C:2CFDH         LINE#         390
  -------         ENDPROC       _CALIB_INTERPOLATE
  -------         PROC          _SENDUART1
  D:0007H         SYMBOL        dat
  C:3F2EH         LINE#         393
  C:3F2EH         LINE#         394
  C:3F2EH         LINE#         395
  C:3F31H         LINE#         396
  C:3F33H         LINE#         397
  C:3F34H         LINE#         398
  C:3F36H         LINE#         399
  -------         ENDPROC       _SENDUART1
  -------         PROC          _DISPLAY_PROX
  D:0002H         SYMBOL        dat
  -------         DO            
  X:0678H         SYMBOL        unit
  X:0679H         SYMBOL        ten
  X:067AH         SYMBOL        hundred
  X:067BH         SYMBOL        thousand
  -------         ENDDO         
  C:36C2H         LINE#         402
  C:36C6H         LINE#         403
  C:36C6H         LINE#         405
  C:36D2H         LINE#         406
  C:36E2H         LINE#         407
  C:36FEH         LINE#         408
  C:372EH         LINE#         409
  C:3738H         LINE#         410
  C:3742H         LINE#         411
  C:374CH         LINE#         412
  C:3756H         LINE#         414
  -------         ENDPROC       _DISPLAY_PROX
  -------         PROC          _DISPLAY_POS
  X:03D0H         SYMBOL        sign_dat
  -------         DO            
  X:03D4H         SYMBOL        unit
  X:03D5H         SYMBOL        ten
  X:03D6H         SYMBOL        hundred
  D:0003H         SYMBOL        thousand
  X:03D7H         SYMBOL        after_dot
  X:03D8H         SYMBOL        dat
  -------         ENDDO         
  C:29A8H         LINE#         417
  C:29AEH         LINE#         418
  C:29AEH         LINE#         422
  C:29CAH         LINE#         423
  C:29E4H         LINE#         424
  C:2A08H         LINE#         426
  C:2A52H         LINE#         428
  C:2A69H         LINE#         429
  C:2A76H         LINE#         430
  C:2A98H         LINE#         431
  C:2ACDH         LINE#         432
  C:2AE5H         LINE#         433
  C:2AE5H         LINE#         435
  C:2AEFH         LINE#         436
  C:2AF9H         LINE#         437
BL51 BANKED LINKER/LOCATER V6.22                                                      10/26/2018  12:26:52  PAGE 13


  C:2B03H         LINE#         438
  C:2B08H         LINE#         439
  C:2B12H         LINE#         440
  C:2B17H         LINE#         441
  C:2B1CH         LINE#         442
  C:2B1EH         LINE#         443
  C:2B20H         LINE#         445
  C:2B20H         LINE#         447
  C:2B25H         LINE#         448
  C:2B2FH         LINE#         449
  C:2B39H         LINE#         450
  C:2B43H         LINE#         451
  C:2B48H         LINE#         452
  C:2B52H         LINE#         453
  C:2B57H         LINE#         454
  C:2B5CH         LINE#         456
  C:2B5CH         LINE#         458
  -------         ENDPROC       _DISPLAY_POS
  -------         ENDMOD        MAIN

  -------         MODULE        PCF85063BTL
  C:0000H         SYMBOL        _ICE_DUMMY_
  D:0096H         PUBLIC        P2M0
  D:0080H         PUBLIC        P0
  D:0095H         PUBLIC        P2M1
  D:0090H         PUBLIC        P1
  D:00A0H         PUBLIC        P2
  D:00B0H         PUBLIC        P3
  D:00C0H         PUBLIC        P4
  D:00C8H         PUBLIC        P5
  D:00E8H         PUBLIC        P6
  B:00A0H.2       PUBLIC        PCF85063BTL_SDI
  D:00F8H         PUBLIC        P7
  B:00A0H.1       PUBLIC        PCF85063BTL_SCK
  B:00A0H.2       PUBLIC        PCF85063BTL_SDO
  D:00A8H         PUBLIC        IE
  C:396FH         PUBLIC        _Read_time
  C:3E5FH         PUBLIC        _PCF85063BTL_Delay
  D:00B8H         PUBLIC        IP
  D:00D8H         PUBLIC        CCON
  C:3876H         PUBLIC        _Day_Of_Year
  C:3D34H         PUBLIC        SPI_ReceiveByte
  D:0098H         PUBLIC        SCON
  D:0088H         PUBLIC        TCON
  C:3EA5H         PUBLIC        _BCDtoDec
  B:00A0H.0       PUBLIC        PCF85063BTL_CS
  C:3E94H         PUBLIC        _SPI_ReadTime
  C:3EF5H         PUBLIC        SPI_Init
  C:3DFEH         PUBLIC        _SPI_WriteTime
  C:3D14H         PUBLIC        _SPI_SendByte
  D:00D0H         PUBLIC        PSW
  C:3E5BH         SYMBOL        L?0047
  -------         PROC          L?0046
  -------         ENDPROC       L?0046
  C:3E5BH         SYMBOL        L?0047
  -------         PROC          _PCF85063BTL_DELAY
  D:0006H         SYMBOL        us
BL51 BANKED LINKER/LOCATER V6.22                                                      10/26/2018  12:26:52  PAGE 14


  C:3E5FH         LINE#         8
  C:3E5FH         LINE#         9
  C:3E5FH         LINE#         10
  C:3E69H         LINE#         11
  C:3E69H         LINE#         12
  C:3E6AH         LINE#         13
  C:3E6CH         LINE#         14
  -------         ENDPROC       _PCF85063BTL_DELAY
  -------         PROC          _SPI_SENDBYTE
  D:0005H         SYMBOL        dat
  -------         DO            
  D:0003H         SYMBOL        i
  -------         ENDDO         
  C:3D14H         LINE#         17
  C:3D16H         LINE#         18
  C:3D16H         LINE#         20
  C:3D18H         LINE#         21
  C:3D18H         LINE#         22
  C:3D1AH         LINE#         23
  C:3D1EH         LINE#         24
  C:3D1EH         LINE#         25
  C:3D20H         LINE#         26
  C:3D22H         LINE#         28
  C:3D22H         LINE#         29
  C:3D24H         LINE#         30
  C:3D24H         LINE#         31
  C:3D27H         LINE#         32
  C:3D27H         LINE#         33
  C:3D2AH         LINE#         34
  C:3D2EH         LINE#         35
  C:3D33H         LINE#         36
  -------         ENDPROC       _SPI_SENDBYTE
  -------         PROC          SPI_RECEIVEBYTE
  -------         DO            
  D:0003H         SYMBOL        i
  D:0005H         SYMBOL        dat
  -------         ENDDO         
  C:3D34H         LINE#         39
  C:3D34H         LINE#         40
  C:3D34H         LINE#         42
  C:3D36H         LINE#         44
  C:3D38H         LINE#         45
  C:3D39H         LINE#         46
  C:3D39H         LINE#         47
  C:3D3DH         LINE#         48
  C:3D3FH         LINE#         49
  C:3D42H         LINE#         51
  C:3D45H         LINE#         52
  C:3D45H         LINE#         53
  C:3D49H         LINE#         54
  C:3D49H         LINE#         55
  C:3D49H         LINE#         56
  C:3D4CH         LINE#         57
  C:3D51H         LINE#         58
  C:3D53H         LINE#         59
  -------         ENDPROC       SPI_RECEIVEBYTE
  -------         PROC          _SPI_READTIME
BL51 BANKED LINKER/LOCATER V6.22                                                      10/26/2018  12:26:52  PAGE 15


  D:0007H         SYMBOL        addr
  -------         DO            
  D:0006H         SYMBOL        dat
  -------         ENDDO         
  C:3E94H         LINE#         61
  C:3E94H         LINE#         62
  C:3E94H         LINE#         64
  C:3E96H         LINE#         65
  C:3E98H         LINE#         66
  C:3E9FH         LINE#         67
  C:3EA2H         LINE#         68
  C:3EA4H         LINE#         69
  C:3EA4H         LINE#         70
  -------         ENDPROC       _SPI_READTIME
  -------         PROC          _SPI_WRITETIME
  D:0002H         SYMBOL        val
  D:0005H         SYMBOL        addr
  C:3DFEH         LINE#         71
  C:3E00H         LINE#         72
  C:3E00H         LINE#         74
  C:3E02H         LINE#         75
  C:3E09H         LINE#         76
  C:3E0EH         LINE#         77
  C:3E13H         LINE#         78
  C:3E15H         LINE#         79
  -------         ENDPROC       _SPI_WRITETIME
  -------         PROC          SPI_INIT
  C:3EF5H         LINE#         83
  C:3EF5H         LINE#         84
  C:3EF5H         LINE#         89
  C:3EF8H         LINE#         90
  C:3EFBH         LINE#         91
  C:3EFDH         LINE#         92
  C:3EFFH         LINE#         93
  C:3F01H         LINE#         94
  -------         ENDPROC       SPI_INIT
  -------         PROC          _READ_TIME
  X:03D0H         SYMBOL        months
  X:03D3H         SYMBOL        days
  X:03D6H         SYMBOL        hours
  X:03D9H         SYMBOL        mins
  X:03DCH         SYMBOL        seconds
  C:396FH         LINE#         96
  C:397AH         LINE#         97
  C:397AH         LINE#         99
  C:398EH         LINE#         101
  C:39A2H         LINE#         103
  C:39B6H         LINE#         108
  C:39CAH         LINE#         113
  -------         ENDPROC       _READ_TIME
  -------         PROC          _BCDTODEC
  D:0007H         SYMBOL        bcd
  -------         DO            
  D:0006H         SYMBOL        hi
  D:0007H         SYMBOL        lo
  -------         ENDDO         
  C:3EA5H         LINE#         119
BL51 BANKED LINKER/LOCATER V6.22                                                      10/26/2018  12:26:52  PAGE 16


  C:3EA5H         LINE#         120
  C:3EA5H         LINE#         122
  C:3EAAH         LINE#         123
  C:3EAEH         LINE#         124
  C:3EB5H         LINE#         125
  -------         ENDPROC       _BCDTODEC
  -------         PROC          _DAY_OF_YEAR
  D:0007H         SYMBOL        months_bcd
  D:0005H         SYMBOL        days_bcd
  -------         DO            
  D:0004H         SYMBOL        months
  D:0007H         SYMBOL        days
  -------         ENDDO         
  C:3876H         LINE#         126
  C:3876H         LINE#         127
  C:3876H         LINE#         130
  C:387BH         LINE#         132
  C:3880H         LINE#         134
  C:38B9H         LINE#         135
  C:38B9H         LINE#         136
  C:38B9H         LINE#         137
  C:38BCH         LINE#         138
  C:38BCH         LINE#         139
  C:38BCH         LINE#         140
  C:38C1H         LINE#         141
  C:38C1H         LINE#         142
  C:38C1H         LINE#         143
  C:38C6H         LINE#         144
  C:38C6H         LINE#         145
  C:38C6H         LINE#         146
  C:38CBH         LINE#         147
  C:38CBH         LINE#         148
  C:38CBH         LINE#         149
  C:38D0H         LINE#         150
  C:38D0H         LINE#         151
  C:38D0H         LINE#         152
  C:38D5H         LINE#         153
  C:38D5H         LINE#         154
  C:38D5H         LINE#         155
  C:38DAH         LINE#         156
  C:38DAH         LINE#         157
  C:38DAH         LINE#         158
  C:38DFH         LINE#         159
  C:38DFH         LINE#         160
  C:38DFH         LINE#         161
  C:38E7H         LINE#         162
  C:38E7H         LINE#         163
  C:38E7H         LINE#         164
  C:38ECH         LINE#         165
  C:38ECH         LINE#         166
  C:38ECH         LINE#         167
  C:38F1H         LINE#         168
  C:38F1H         LINE#         169
  C:38F1H         LINE#         170
  C:38F9H         LINE#         171
  C:38F9H         LINE#         172
  C:38F9H         LINE#         173
BL51 BANKED LINKER/LOCATER V6.22                                                      10/26/2018  12:26:52  PAGE 17


  -------         ENDPROC       _DAY_OF_YEAR
  -------         ENDMOD        PCF85063BTL

  -------         MODULE        UART1
  C:0000H         SYMBOL        _ICE_DUMMY_
  D:0080H         PUBLIC        P0
  D:0090H         PUBLIC        P1
  D:00A0H         PUBLIC        P2
  D:00B0H         PUBLIC        P3
  D:00C0H         PUBLIC        P4
  D:00C8H         PUBLIC        P5
  B:00A8H.7       PUBLIC        EA
  D:00E8H         PUBLIC        P6
  D:00F8H         PUBLIC        P7
  C:3C16H         PUBLIC        _SendString
  D:00A8H         PUBLIC        IE
  B:00A8H.4       PUBLIC        ES
  D:00B8H         PUBLIC        IP
  C:3E16H         PUBLIC        _ASCIItoBCD
  D:00D8H         PUBLIC        CCON
  C:3EB6H         PUBLIC        initUART1
  D:0098H         PUBLIC        SCON
  D:0088H         PUBLIC        TCON
  C:0009H         PUBLIC        _DectoBCD
  C:3F48H         PUBLIC        _ASCII_Letter
  D:008EH         PUBLIC        AUXR
  C:3F43H         PUBLIC        _unit
  C:0003H         PUBLIC        _ten
  D:00D6H         PUBLIC        T2H
  D:00D7H         PUBLIC        T2L
  D:00D0H         PUBLIC        PSW
  -------         PROC          INITUART1
  C:3EB6H         LINE#         21
  C:3EB6H         LINE#         22
  C:3EB6H         LINE#         23
  C:3EB9H         LINE#         24
  C:3EBCH         LINE#         25
  C:3EBFH         LINE#         26
  C:3EC2H         LINE#         27
  C:3EC4H         LINE#         28
  C:3EC6H         LINE#         30
  -------         ENDPROC       INITUART1
  -------         PROC          _SENDSTRING
  X:067CH         SYMBOL        s
  C:3C16H         LINE#         35
  C:3C21H         LINE#         36
  C:3C21H         LINE#         37
  C:3C31H         LINE#         38
  C:3C31H         LINE#         39
  C:3C46H         LINE#         40
  C:3C48H         LINE#         41
  -------         ENDPROC       _SENDSTRING
  -------         PROC          _TEN
  D:0007H         SYMBOL        BCD
  C:0003H         LINE#         43
  C:0003H         LINE#         44
  C:0003H         LINE#         45
BL51 BANKED LINKER/LOCATER V6.22                                                      10/26/2018  12:26:52  PAGE 18


  C:0008H         LINE#         46
  -------         ENDPROC       _TEN
  -------         PROC          _UNIT
  D:0007H         SYMBOL        BCD
  C:3F43H         LINE#         47
  C:3F43H         LINE#         48
  C:3F43H         LINE#         52
  C:3F47H         LINE#         53
  -------         ENDPROC       _UNIT
  -------         PROC          _DECTOBCD
  D:0007H         SYMBOL        dec
  C:0009H         LINE#         54
  C:0009H         LINE#         55
  C:0009H         LINE#         57
  C:0009H         LINE#         58
  -------         ENDPROC       _DECTOBCD
  -------         PROC          _ASCII_LETTER
  D:0007H         SYMBOL        dat
  C:3F48H         LINE#         60
  C:3F48H         LINE#         61
  C:3F48H         LINE#         63
  C:3F4CH         LINE#         64
  -------         ENDPROC       _ASCII_LETTER
  -------         PROC          _ASCIITOBCD
  D:0001H         SYMBOL        ascii
  -------         DO            
  D:0007H         SYMBOL        dec_val
  D:0006H         SYMBOL        ten
  D:0007H         SYMBOL        unit
  -------         ENDDO         
  C:3E16H         LINE#         66
  C:3E16H         LINE#         67
  C:3E16H         LINE#         69
  C:3E19H         LINE#         70
  C:3E1FH         LINE#         71
  C:3E26H         LINE#         72
  C:3E2CH         LINE#         74
  -------         ENDPROC       _ASCIITOBCD
  -------         ENDMOD        UART1

  -------         MODULE        LCD_DRIVER_SPLC780D
  C:0000H         SYMBOL        _ICE_DUMMY_
  D:0092H         PUBLIC        P1M0
  D:0091H         PUBLIC        P1M1
  D:0080H         PUBLIC        P0
  D:0090H         PUBLIC        P1
  D:00A0H         PUBLIC        P2
  D:00B0H         PUBLIC        P3
  D:00C0H         PUBLIC        P4
  D:00C8H         PUBLIC        P5
  D:00E8H         PUBLIC        P6
  D:00F8H         PUBLIC        P7
  C:38FAH         PUBLIC        _WriteData
  D:00A8H         PUBLIC        IE
  D:00B8H         PUBLIC        IP
  D:00D8H         PUBLIC        CCON
  B:0090H.4       PUBLIC        LCD_D4
BL51 BANKED LINKER/LOCATER V6.22                                                      10/26/2018  12:26:52  PAGE 19


  B:0090H.5       PUBLIC        LCD_D5
  B:0090H.6       PUBLIC        LCD_D6
  C:3D90H         PUBLIC        _DisplayLCD
  B:0090H.7       PUBLIC        LCD_D7
  D:0098H         PUBLIC        SCON
  D:0088H         PUBLIC        TCON
  C:3F24H         PUBLIC        LCD_clear
  C:3B67H         PUBLIC        _Command
  C:000EH         PUBLIC        _Display_Line
  C:39DEH         PUBLIC        LCD_Init
  C:3CD4H         PUBLIC        _Wait_ms
  B:0090H.1       PUBLIC        LCD_RS
  B:0090H.2       PUBLIC        LCD_RW
  C:3F1AH         PUBLIC        LCD_return_home
  B:0090H.3       PUBLIC        LCD_E
  D:00D0H         PUBLIC        PSW
  -------         PROC          LCD_INIT
  C:39DEH         LINE#         9
  C:39DEH         LINE#         10
  C:39DEH         LINE#         11
  C:39E1H         LINE#         12
  C:39E4H         LINE#         14
  C:39EAH         LINE#         15
  C:39EFH         LINE#         17
  C:39F6H         LINE#         18
  C:39FBH         LINE#         20
  C:39FEH         LINE#         21
  C:3A03H         LINE#         23
  C:3A06H         LINE#         24
  C:3A0BH         LINE#         26
  C:3A12H         LINE#         29
  C:3A17H         LINE#         30
  C:3A1CH         LINE#         32
  C:3A21H         LINE#         33
  C:3A26H         LINE#         35
  C:3A2BH         LINE#         36
  C:3A30H         LINE#         37
  -------         ENDPROC       LCD_INIT
  -------         PROC          _WRITEDATA
  X:03DAH         SYMBOL        dat
  C:38FAH         LINE#         40
  C:38FFH         LINE#         41
  C:38FFH         LINE#         46
  C:3901H         LINE#         47
  C:3903H         LINE#         49
  C:3911H         LINE#         50
  C:391DH         LINE#         51
  C:3929H         LINE#         52
  C:3933H         LINE#         53
  C:3935H         LINE#         54
  C:393CH         LINE#         55
  C:393EH         LINE#         57
  C:394EH         LINE#         58
  C:3959H         LINE#         59
  C:3963H         LINE#         60
  C:3967H         LINE#         62
  C:3967H         LINE#         63
BL51 BANKED LINKER/LOCATER V6.22                                                      10/26/2018  12:26:52  PAGE 20


  C:396AH         LINE#         64
  C:396CH         LINE#         65
  C:396EH         LINE#         67
  -------         ENDPROC       _WRITEDATA
  -------         PROC          _COMMAND
  D:0007H         SYMBOL        dat
  C:3B67H         LINE#         69
  C:3B67H         LINE#         70
  C:3B67H         LINE#         71
  C:3B69H         LINE#         72
  C:3B6BH         LINE#         74
  C:3B75H         LINE#         75
  C:3B79H         LINE#         77
  C:3B7BH         LINE#         78
  C:3B84H         LINE#         79
  C:3B88H         LINE#         81
  C:3B8AH         LINE#         82
  C:3B91H         LINE#         83
  C:3B95H         LINE#         85
  C:3B97H         LINE#         86
  C:3B9BH         LINE#         87
  C:3B9FH         LINE#         89
  C:3BA1H         LINE#         90
  C:3BA1H         LINE#         91
  C:3BA4H         LINE#         92
  C:3BA6H         LINE#         93
  -------         ENDPROC       _COMMAND
  C:3CD0H         SYMBOL        L?0028
  -------         PROC          L?0027
  -------         ENDPROC       L?0027
  C:3CD0H         SYMBOL        L?0028
  -------         PROC          _WAIT_MS
  D:0006H         SYMBOL        ms
  -------         DO            
  D:0004H         SYMBOL        De_Cnt
  -------         ENDDO         
  C:3CD4H         LINE#         95
  C:3CD4H         LINE#         96
  C:3CD4H         LINE#         98
  C:3CDEH         LINE#         99
  C:3CDEH         LINE#         100
  C:3CF1H         LINE#         101
  C:3CF1H         LINE#         102
  -------         ENDPROC       _WAIT_MS
  -------         PROC          _DISPLAYLCD
  D:0007H         SYMBOL        BCD
  -------         DO            
  D:0006H         SYMBOL        first_digit
  X:03D0H         SYMBOL        second_digit
  -------         ENDDO         
  C:3D90H         LINE#         103
  C:3D90H         LINE#         104
  C:3D90H         LINE#         106
  C:3D97H         LINE#         107
  C:3DA0H         LINE#         109
  C:3DA5H         LINE#         111
  -------         ENDPROC       _DISPLAYLCD
BL51 BANKED LINKER/LOCATER V6.22                                                      10/26/2018  12:26:52  PAGE 21


  -------         PROC          LCD_RETURN_HOME
  C:3F1AH         LINE#         115
  C:3F1AH         LINE#         116
  C:3F1AH         LINE#         117
  C:3F1FH         LINE#         118
  -------         ENDPROC       LCD_RETURN_HOME
  -------         PROC          LCD_CLEAR
  C:3F24H         LINE#         121
  C:3F24H         LINE#         122
  C:3F24H         LINE#         123
  C:3F29H         LINE#         124
  -------         ENDPROC       LCD_CLEAR
  -------         PROC          _DISPLAY_LINE
  D:0006H         SYMBOL        line
  C:000EH         LINE#         128
  C:000EH         LINE#         129
  C:000EH         LINE#         130
  C:0014H         LINE#         131
  C:0014H         LINE#         132
  C:0016H         LINE#         133
  C:0016H         LINE#         134
  C:0018H         LINE#         136
  C:0018H         LINE#         137
  C:001DH         LINE#         138
  C:0022H         LINE#         139
  C:0022H         LINE#         140
  -------         ENDPROC       _DISPLAY_LINE
  -------         ENDMOD        LCD_DRIVER_SPLC780D

  -------         MODULE        KEYPAD
  C:0000H         SYMBOL        _ICE_DUMMY_
  D:0093H         PUBLIC        P0M1
  D:0080H         PUBLIC        P0
  D:0090H         PUBLIC        P1
  D:00A0H         PUBLIC        P2
  D:00B0H         PUBLIC        P3
  D:00C0H         PUBLIC        P4
  D:00C8H         PUBLIC        P5
  D:00E8H         PUBLIC        P6
  D:00F8H         PUBLIC        P7
  D:00A8H         PUBLIC        IE
  C:2CFEH         PUBLIC        Key_Scan
  D:00B8H         PUBLIC        IP
  D:00D8H         PUBLIC        CCON
  C:3F02H         PUBLIC        KeyPad_IO_Init
  C:3D54H         PUBLIC        _Delay_ms
  D:0098H         PUBLIC        SCON
  D:0088H         PUBLIC        TCON
  B:0020H.0       PUBLIC        small_move
  B:0020H.1       PUBLIC        move
  B:0020H.2       PUBLIC        direction
  B:0020H.3       PUBLIC        auto_move
  C:2338H         PUBLIC        Key_Process
  D:00D0H         PUBLIC        PSW
  D:0094H         PUBLIC        P0M0
  -------         PROC          _DELAY_MS
  D:0006H         SYMBOL        ms
BL51 BANKED LINKER/LOCATER V6.22                                                      10/26/2018  12:26:52  PAGE 22


  -------         DO            
  D:0004H         SYMBOL        De_Cnt
  -------         ENDDO         
  C:3D54H         LINE#         19
  C:3D54H         LINE#         20
  C:3D54H         LINE#         22
  C:3D5EH         LINE#         23
  C:3D5EH         LINE#         24
  C:3D71H         LINE#         25
  C:3D71H         LINE#         26
  -------         ENDPROC       _DELAY_MS
  -------         PROC          KEY_SCAN
  -------         DO            
  X:03D6H         SYMBOL        KeyTemp1
  X:03D7H         SYMBOL        KeyTemp2
  X:03D8H         SYMBOL        KeyValue
  -------         ENDDO         
  C:2CFEH         LINE#         27
  C:2CFEH         LINE#         28
  C:2CFEH         LINE#         33
  C:2D01H         LINE#         36
  C:2D04H         LINE#         38
  C:2D0CH         LINE#         39
  C:2D13H         LINE#         40
  C:2D13H         LINE#         42
  C:2D18H         LINE#         43
  C:2D1FH         LINE#         44
  C:2D1FH         LINE#         47
  C:2D22H         LINE#         48
  C:2D25H         LINE#         49
  C:2D2AH         LINE#         50
  C:2D2EH         LINE#         51
  C:2D2EH         LINE#         52
  C:2D36H         LINE#         53
  C:2D36H         LINE#         54
  C:2D39H         LINE#         55
  C:2D41H         LINE#         56
  C:2D43H         LINE#         58
  C:2D57H         LINE#         59
  C:2D57H         LINE#         60
  C:2D57H         LINE#         61
  C:2D57H         LINE#         62
  C:2D5DH         LINE#         64
  C:2D5FH         LINE#         65
  C:2D5FH         LINE#         66
  C:2D5FH         LINE#         67
  C:2D65H         LINE#         69
  C:2D67H         LINE#         70
  C:2D67H         LINE#         71
  C:2D67H         LINE#         72
  C:2D6DH         LINE#         74
  C:2D6FH         LINE#         75
  C:2D6FH         LINE#         76
  C:2D6FH         LINE#         77
  C:2D75H         LINE#         79
  C:2D75H         LINE#         80
  C:2D75H         LINE#         81
BL51 BANKED LINKER/LOCATER V6.22                                                      10/26/2018  12:26:52  PAGE 23


  C:2D75H         LINE#         84
  C:2D78H         LINE#         85
  C:2D7BH         LINE#         86
  C:2D83H         LINE#         87
  C:2D87H         LINE#         88
  C:2D87H         LINE#         89
  C:2D8FH         LINE#         90
  C:2D8FH         LINE#         91
  C:2D92H         LINE#         92
  C:2D9AH         LINE#         93
  C:2D9CH         LINE#         94
  C:2DB0H         LINE#         95
  C:2DB0H         LINE#         96
  C:2DB0H         LINE#         97
  C:2DB0H         LINE#         98
  C:2DB6H         LINE#         100
  C:2DB8H         LINE#         101
  C:2DB8H         LINE#         102
  C:2DB8H         LINE#         103
  C:2DBEH         LINE#         105
  C:2DC0H         LINE#         106
  C:2DC0H         LINE#         107
  C:2DC0H         LINE#         108
  C:2DC6H         LINE#         110
  C:2DC8H         LINE#         111
  C:2DC8H         LINE#         112
  C:2DC8H         LINE#         113
  C:2DCDH         LINE#         115
  C:2DCDH         LINE#         116
  C:2DCDH         LINE#         117
  C:2DCDH         LINE#         120
  C:2DD0H         LINE#         121
  C:2DD3H         LINE#         122
  C:2DDBH         LINE#         123
  C:2DDFH         LINE#         124
  C:2DDFH         LINE#         125
  C:2DE7H         LINE#         126
  C:2DE7H         LINE#         127
  C:2DEAH         LINE#         128
  C:2DF2H         LINE#         129
  C:2DF4H         LINE#         130
  C:2E08H         LINE#         131
  C:2E08H         LINE#         132
  C:2E08H         LINE#         133
  C:2E08H         LINE#         134
  C:2E0EH         LINE#         136
  C:2E10H         LINE#         137
  C:2E10H         LINE#         138
  C:2E10H         LINE#         139
  C:2E16H         LINE#         141
  C:2E18H         LINE#         142
  C:2E18H         LINE#         143
  C:2E18H         LINE#         144
  C:2E1EH         LINE#         146
  C:2E20H         LINE#         147
  C:2E20H         LINE#         148
  C:2E20H         LINE#         149
BL51 BANKED LINKER/LOCATER V6.22                                                      10/26/2018  12:26:52  PAGE 24


  C:2E26H         LINE#         151
  C:2E26H         LINE#         152
  C:2E26H         LINE#         153
  C:2E26H         LINE#         157
  C:2E29H         LINE#         158
  C:2E2CH         LINE#         159
  C:2E34H         LINE#         160
  C:2E38H         LINE#         161
  C:2E38H         LINE#         162
  C:2E40H         LINE#         163
  C:2E40H         LINE#         164
  C:2E43H         LINE#         165
  C:2E4BH         LINE#         166
  C:2E4DH         LINE#         167
  C:2E61H         LINE#         168
  C:2E61H         LINE#         169
  C:2E61H         LINE#         170
  C:2E61H         LINE#         171
  C:2E67H         LINE#         173
  C:2E69H         LINE#         174
  C:2E69H         LINE#         175
  C:2E69H         LINE#         176
  C:2E6FH         LINE#         178
  C:2E71H         LINE#         179
  C:2E71H         LINE#         180
  C:2E71H         LINE#         181
  C:2E77H         LINE#         183
  C:2E79H         LINE#         184
  C:2E79H         LINE#         185
  C:2E79H         LINE#         186
  C:2E7FH         LINE#         188
  C:2E7FH         LINE#         189
  C:2E7FH         LINE#         190
  C:2E7FH         LINE#         192
  C:2E85H         LINE#         193
  C:2E85H         LINE#         195
  C:2E85H         LINE#         196
  C:2E88H         LINE#         197
  C:2E88H         LINE#         198
  C:2E88H         LINE#         200
  C:2E88H         LINE#         201
  C:2E8AH         LINE#         202
  C:2E8AH         LINE#         203
  -------         ENDPROC       KEY_SCAN
  -------         PROC          KEY_PROCESS
  -------         DO            
  X:0667H         SYMBOL        KeyCount
  X:0669H         SYMBOL        KeyNum_Old
  X:066AH         SYMBOL        KeyNum
  X:066BH         SYMBOL        PressedKey
  X:03D0H         SYMBOL        d
  D:0004H         SYMBOL        hours
  D:0006H         SYMBOL        mins
  X:03D2H         SYMBOL        months
  X:03D4H         SYMBOL        days
  -------         ENDDO         
  C:2338H         LINE#         204
BL51 BANKED LINKER/LOCATER V6.22                                                      10/26/2018  12:26:52  PAGE 25


  C:2338H         LINE#         205
  C:2338H         LINE#         209
  C:2340H         LINE#         210
  C:2348H         LINE#         212
  C:234BH         LINE#         213
  C:234BH         LINE#         214
  C:234EH         LINE#         216
  C:234EH         LINE#         217
  C:235BH         LINE#         218
  C:235BH         LINE#         219
  C:235EH         LINE#         220
  C:2361H         LINE#         222
  C:2364H         LINE#         224
  C:2364H         LINE#         225
  C:236FH         LINE#         226
  C:236FH         LINE#         227
  C:2372H         LINE#         229
  C:2372H         LINE#         230
  C:2379H         LINE#         231
  C:2379H         LINE#         232
  C:237CH         LINE#         234
  C:237CH         LINE#         235
  C:2384H         LINE#         236
  C:2384H         LINE#         237
  C:238EH         LINE#         238
  C:2396H         LINE#         240
  C:239FH         LINE#         242
  C:239FH         LINE#         251
  C:23B4H         LINE#         252
  C:23B4H         LINE#         253
  C:23C6H         LINE#         254
  C:23D4H         LINE#         255
  C:23E3H         LINE#         256
  C:23E3H         LINE#         258
  C:23E9H         LINE#         262
  C:23FFH         LINE#         263
  C:2410H         LINE#         264
  C:242BH         LINE#         265
  C:242BH         LINE#         266
  C:243BH         LINE#         267
  C:244CH         LINE#         268
  C:244CH         LINE#         272
  C:2465H         LINE#         273
  C:247CH         LINE#         274
  C:249CH         LINE#         275
  C:249CH         LINE#         276
  C:24A6H         LINE#         277
  C:24A6H         LINE#         278
  C:24AFH         LINE#         279
  C:24AFH         LINE#         280
  C:24C3H         LINE#         281
  C:24C3H         LINE#         282
  C:24C3H         LINE#         283
  C:24C3H         LINE#         284
  C:24C3H         LINE#         285
  C:24C5H         LINE#         287
  C:24C5H         LINE#         288
BL51 BANKED LINKER/LOCATER V6.22                                                      10/26/2018  12:26:52  PAGE 26


  C:24D1H         LINE#         289
  C:24D1H         LINE#         290
  C:24E2H         LINE#         291
  C:24E2H         LINE#         292
  C:24E2H         LINE#         293
  C:24E2H         LINE#         294
  C:24E2H         LINE#         296
  C:24E4H         LINE#         298
  C:24E4H         LINE#         299
  C:24F5H         LINE#         300
  C:24F5H         LINE#         301
  C:24F5H         LINE#         302
  C:24F5H         LINE#         303
  C:24F5H         LINE#         305
  C:24F5H         LINE#         307
  C:24F5H         LINE#         308
  C:24F7H         LINE#         310
  C:24F7H         LINE#         311
  C:250AH         LINE#         312
  C:250AH         LINE#         313
  C:251BH         LINE#         314
  C:251BH         LINE#         315
  C:251BH         LINE#         316
  C:251BH         LINE#         317
  C:251BH         LINE#         318
  C:251DH         LINE#         320
  C:251DH         LINE#         321
  C:252EH         LINE#         322
  C:252EH         LINE#         323
  C:253FH         LINE#         324
  C:2550H         LINE#         325
  C:2550H         LINE#         326
  C:2550H         LINE#         327
  C:2550H         LINE#         328
  C:2550H         LINE#         329
  C:2553H         LINE#         330
  C:2558H         LINE#         331
  C:255DH         LINE#         332
  C:2562H         LINE#         333
  C:2567H         LINE#         334
  C:256CH         LINE#         335
  C:2571H         LINE#         336
  C:2576H         LINE#         337
  C:2576H         LINE#         339
  C:2598H         LINE#         340
  C:2598H         LINE#         341
  C:25A2H         LINE#         342
  C:25A2H         LINE#         343
  C:25A7H         LINE#         344
  C:25B0H         LINE#         345
  C:25C7H         LINE#         346
  C:25C7H         LINE#         347
  C:25D7H         LINE#         349
  C:25D7H         LINE#         353
  -------         ENDPROC       KEY_PROCESS
  -------         PROC          KEYPAD_IO_INIT
  C:3F02H         LINE#         356
BL51 BANKED LINKER/LOCATER V6.22                                                      10/26/2018  12:26:52  PAGE 27


  C:3F02H         LINE#         357
  C:3F02H         LINE#         358
  C:3F05H         LINE#         359
  C:3F08H         LINE#         360
  C:3F0BH         LINE#         361
  C:3F0DH         LINE#         362
  -------         ENDPROC       KEYPAD_IO_INIT
  -------         ENDMOD        KEYPAD

  -------         MODULE        VCNL4035
  C:0000H         SYMBOL        _ICE_DUMMY_
  D:0080H         PUBLIC        P0
  B:00B0H.2       PUBLIC        I2C_SCK
  D:00B2H         PUBLIC        P3M0
  D:0090H         PUBLIC        P1
  D:00B1H         PUBLIC        P3M1
  D:00A0H         PUBLIC        P2
  D:00B0H         PUBLIC        P3
  D:00C0H         PUBLIC        P4
  D:00C8H         PUBLIC        P5
  D:00E8H         PUBLIC        P6
  D:00F8H         PUBLIC        P7
  D:00A8H         PUBLIC        IE
  C:3F3DH         PUBLIC        _DisplayLCD_VCNL4035
  D:00B8H         PUBLIC        IP
  D:00D8H         PUBLIC        CCON
  C:3E81H         PUBLIC        I2C_Start
  D:0098H         PUBLIC        SCON
  C:3E2DH         PUBLIC        I2C_Init
  D:0088H         PUBLIC        TCON
  C:3ED7H         PUBLIC        uC_NACK
  C:3CB0H         PUBLIC        _Wait_ms_i2c
  C:3CF2H         PUBLIC        _I2C_SendByte
  C:3E44H         PUBLIC        I2C_Stop
  C:3ADAH         PUBLIC        _Write_VCNL4035X
  C:000AH         PUBLIC        nop
  C:3628H         PUBLIC        _Read_VCNL4035
  C:3F37H         PUBLIC        uC_ACK
  C:3DCDH         PUBLIC        I2C_ACK
  C:3D72H         PUBLIC        _Wait_ms_iic
  B:00B0H.1       PUBLIC        I2C_SDA
  D:00D0H         PUBLIC        PSW
  C:3C7DH         PUBLIC        I2C_ReceiveByte
  -------         PROC          _WAIT_MS_IIC
  D:0006H         SYMBOL        ms
  -------         DO            
  D:0004H         SYMBOL        De_Cnt
  -------         ENDDO         
  C:3D72H         LINE#         5
  C:3D72H         LINE#         6
  C:3D72H         LINE#         8
  C:3D7CH         LINE#         9
  C:3D7CH         LINE#         10
  C:3D8FH         LINE#         11
  C:3D8FH         LINE#         12
  -------         ENDPROC       _WAIT_MS_IIC
  C:3CAAH         SYMBOL        L?0048
BL51 BANKED LINKER/LOCATER V6.22                                                      10/26/2018  12:26:52  PAGE 28


  C:3CACH         SYMBOL        L?0049
  -------         PROC          L?0047
  -------         ENDPROC       L?0047
  C:3CAAH         SYMBOL        L?0048
  C:3CACH         SYMBOL        L?0049
  -------         PROC          _WAIT_MS_I2C
  D:0006H         SYMBOL        ms
  -------         DO            
  D:0004H         SYMBOL        De_Cnt
  -------         ENDDO         
  C:3CB0H         LINE#         14
  C:3CB0H         LINE#         15
  C:3CB0H         LINE#         17
  C:3CBAH         LINE#         18
  C:3CBAH         LINE#         19
  C:3CCDH         LINE#         20
  C:3CCDH         LINE#         21
  -------         ENDPROC       _WAIT_MS_I2C
  -------         PROC          NOP
  C:000AH         LINE#         22
  C:000AH         LINE#         23
  C:000AH         LINE#         25
  -------         ENDPROC       NOP
  -------         PROC          I2C_START
  C:3E81H         LINE#         26
  C:3E81H         LINE#         27
  C:3E81H         LINE#         29
  C:3E83H         LINE#         30
  C:3E85H         LINE#         31
  C:3E8CH         LINE#         32
  C:3E8EH         LINE#         33
  C:3E91H         LINE#         34
  C:3E93H         LINE#         37
  -------         ENDPROC       I2C_START
  -------         PROC          I2C_STOP
  C:3E44H         LINE#         39
  C:3E44H         LINE#         40
  C:3E44H         LINE#         41
  C:3E46H         LINE#         42
  C:3E48H         LINE#         43
  C:3E4BH         LINE#         44
  C:3E4DH         LINE#         45
  C:3E4FH         LINE#         46
  C:3E56H         LINE#         47
  C:3E58H         LINE#         50
  -------         ENDPROC       I2C_STOP
  -------         PROC          L?0050
  -------         ENDPROC       L?0050
  -------         PROC          I2C_ACK
  -------         DO            
  X:03D3H         SYMBOL        i
  D:0003H         SYMBOL        dat
  -------         ENDDO         
  C:3DCDH         LINE#         52
  C:3DCDH         LINE#         53
  C:3DCDH         LINE#         55
  C:3DCEH         LINE#         60
BL51 BANKED LINKER/LOCATER V6.22                                                      10/26/2018  12:26:52  PAGE 29


  C:3DD1H         LINE#         61
  C:3DD3H         LINE#         62
  C:3DD6H         LINE#         64
  C:3DD9H         LINE#         65
  C:3DD9H         LINE#         66
  C:3DDDH         LINE#         67
  C:3DDDH         LINE#         70
  C:3DDDH         LINE#         71
  C:3DE0H         LINE#         72
  C:3DE0H         LINE#         73
  C:3DE2H         LINE#         74
  -------         ENDPROC       I2C_ACK
  -------         PROC          UC_ACK
  -------         DO            
  X:067FH         SYMBOL        i
  -------         ENDDO         
  C:3F37H         LINE#         75
  C:3F37H         LINE#         76
  C:3F37H         LINE#         78
  C:3F37H         LINE#         85
  C:3F37H         LINE#         87
  C:3F37H         LINE#         89
  C:3F37H         LINE#         90
  C:3F37H         LINE#         93
  C:3F3AH         LINE#         94
  C:3F3CH         LINE#         95
  C:3F3CH         LINE#         99
  -------         ENDPROC       UC_ACK
  -------         PROC          UC_NACK
  -------         DO            
  X:0680H         SYMBOL        i
  -------         ENDDO         
  C:3ED7H         LINE#         101
  C:3ED7H         LINE#         102
  C:3ED7H         LINE#         104
  C:3ED7H         LINE#         108
  C:3ED9H         LINE#         111
  C:3ED9H         LINE#         112
  C:3EDBH         LINE#         113
  C:3EDBH         LINE#         115
  C:3EDBH         LINE#         116
  C:3EDBH         LINE#         119
  C:3EDEH         LINE#         120
  C:3EE0H         LINE#         121
  C:3EE3H         LINE#         122
  C:3EE5H         LINE#         123
  C:3EE5H         LINE#         127
  -------         ENDPROC       UC_NACK
  -------         PROC          I2C_INIT
  C:3E2DH         LINE#         129
  C:3E2DH         LINE#         130
  C:3E2DH         LINE#         133
  C:3E30H         LINE#         134
  C:3E33H         LINE#         139
  C:3E3BH         LINE#         141
  -------         ENDPROC       I2C_INIT
  -------         PROC          _I2C_SENDBYTE
BL51 BANKED LINKER/LOCATER V6.22                                                      10/26/2018  12:26:52  PAGE 30


  D:0001H         SYMBOL        dat
  -------         DO            
  D:0003H         SYMBOL        i
  -------         ENDDO         
  C:3CF2H         LINE#         145
  C:3CF4H         LINE#         146
  C:3CF4H         LINE#         149
  C:3CF6H         LINE#         150
  C:3CF6H         LINE#         151
  C:3CF8H         LINE#         153
  C:3CFCH         LINE#         154
  C:3CFCH         LINE#         155
  C:3CFEH         LINE#         156
  C:3D00H         LINE#         158
  C:3D00H         LINE#         159
  C:3D02H         LINE#         160
  C:3D02H         LINE#         161
  C:3D05H         LINE#         162
  C:3D07H         LINE#         164
  C:3D0BH         LINE#         165
  C:3D0EH         LINE#         166
  C:3D13H         LINE#         167
  -------         ENDPROC       _I2C_SENDBYTE
  -------         PROC          L?0051
  -------         ENDPROC       L?0051
  -------         PROC          I2C_RECEIVEBYTE
  -------         DO            
  D:0003H         SYMBOL        i
  D:0001H         SYMBOL        dat
  -------         ENDDO         
  C:3C7DH         LINE#         171
  C:3C7DH         LINE#         172
  C:3C7DH         LINE#         174
  C:3C7FH         LINE#         178
  C:3C80H         LINE#         179
  C:3C80H         LINE#         180
  C:3C84H         LINE#         181
  C:3C86H         LINE#         182
  C:3C89H         LINE#         184
  C:3C8CH         LINE#         185
  C:3C8CH         LINE#         186
  C:3C90H         LINE#         187
  C:3C90H         LINE#         188
  C:3C90H         LINE#         189
  C:3C93H         LINE#         190
  C:3C97H         LINE#         191
  C:3C97H         LINE#         192
  C:3C99H         LINE#         193
  C:3C9BH         LINE#         194
  C:3C9BH         LINE#         196
  C:3CA0H         LINE#         197
  C:3CA2H         LINE#         198
  -------         ENDPROC       I2C_RECEIVEBYTE
  -------         PROC          _WRITE_VCNL4035X
  X:03D0H         SYMBOL        command_code
  X:03D1H         SYMBOL        dat_h
  X:03D2H         SYMBOL        dat_l
BL51 BANKED LINKER/LOCATER V6.22                                                      10/26/2018  12:26:52  PAGE 31


  C:3ADAH         LINE#         199
  C:3AE5H         LINE#         200
  C:3AE5H         LINE#         201
  C:3AE8H         LINE#         202
  C:3AEFH         LINE#         203
  C:3AEFH         LINE#         204
  C:3AF5H         LINE#         205
  C:3AF5H         LINE#         206
  C:3AFDH         LINE#         207
  C:3AFDH         LINE#         208
  C:3B03H         LINE#         209
  C:3B0BH         LINE#         211
  C:3B11H         LINE#         212
  C:3B19H         LINE#         214
  C:3B1FH         LINE#         215
  C:3B22H         LINE#         216
  -------         ENDPROC       _WRITE_VCNL4035X
  -------         PROC          _READ_VCNL4035
  X:0670H         SYMBOL        command_code
  -------         DO            
  X:0672H         SYMBOL        temp_dat
  X:0674H         SYMBOL        temp_dat_l
  X:0676H         SYMBOL        temp_dat_h
  -------         ENDDO         
  C:3628H         LINE#         218
  C:3630H         LINE#         219
  C:3630H         LINE#         220
  C:363DH         LINE#         222
  C:3640H         LINE#         223
  C:3643H         LINE#         224
  C:3648H         LINE#         226
  C:364EH         LINE#         227
  C:364EH         LINE#         228
  C:364EH         LINE#         229
  C:364EH         LINE#         230
  C:3659H         LINE#         231
  C:365CH         LINE#         232
  C:365FH         LINE#         233
  C:365FH         LINE#         236
  C:3662H         LINE#         238
  C:3669H         LINE#         239
  C:3669H         LINE#         240
  C:3669H         LINE#         241
  C:3674H         LINE#         242
  C:3677H         LINE#         243
  C:367AH         LINE#         244
  C:367DH         LINE#         245
  C:3680H         LINE#         246
  C:3683H         LINE#         247
  C:3686H         LINE#         248
  C:3689H         LINE#         249
  C:368CH         LINE#         250
  C:368CH         LINE#         251
  C:3692H         LINE#         252
  C:3692H         LINE#         253
  C:369BH         LINE#         255
  C:369BH         LINE#         256
BL51 BANKED LINKER/LOCATER V6.22                                                      10/26/2018  12:26:52  PAGE 32


  C:36A1H         LINE#         257
  C:36A1H         LINE#         259
  C:36A3H         LINE#         260
  C:36A9H         LINE#         261
  C:36ACH         LINE#         262
  C:36B3H         LINE#         263
  C:36B3H         LINE#         264
  C:36C1H         LINE#         265
  -------         ENDPROC       _READ_VCNL4035
  -------         PROC          _DISPLAYLCD_VCNL4035
  X:0681H         SYMBOL        dat
  C:3F3DH         LINE#         267
  C:3F42H         LINE#         268
  C:3F42H         LINE#         270
  -------         ENDPROC       _DISPLAYLCD_VCNL4035
  -------         ENDMOD        VCNL4035

  -------         MODULE        BIPOLARMOTOR
  C:0000H         SYMBOL        _ICE_DUMMY_
  D:0080H         PUBLIC        P0
  D:0090H         PUBLIC        P1
  D:00A0H         PUBLIC        P2
  D:00B0H         PUBLIC        P3
  D:00C0H         PUBLIC        P4
  D:00C8H         PUBLIC        P5
  D:00E8H         PUBLIC        P6
  D:00F8H         PUBLIC        P7
  D:00A8H         PUBLIC        IE
  C:33A4H         PUBLIC        linear_interpolate
  C:3BE2H         PUBLIC        _Move
  D:00B8H         PUBLIC        IP
  C:280AH         PUBLIC        _findDet3x3
  C:2078H         PUBLIC        _findDet4x4
  D:00D8H         PUBLIC        CCON
  X:0000H         PUBLIC        previous_move_time
  D:0098H         PUBLIC        SCON
  D:0088H         PUBLIC        TCON
  C:3A37H         PUBLIC        _Step_move
  C:0920H         PUBLIC        _Update_position
  X:0001H         PUBLIC        elevation_stamp
  X:002DH         PUBLIC        date_azimuth_mapping
  X:0079H         PUBLIC        RX_pos
  C:3DEDH         PUBLIC        _BCDtoDec1
  X:03BDH         PUBLIC        degree
  D:00D0H         PUBLIC        PSW
  C:3DE3H         SYMBOL        L?0051
  C:3DE6H         SYMBOL        L?0052
  -------         PROC          L?0050
  -------         ENDPROC       L?0050
  C:3DE3H         SYMBOL        L?0051
  C:3DE6H         SYMBOL        L?0052
  -------         PROC          _BCDTODEC1
  D:0007H         SYMBOL        bcd
  -------         DO            
  D:0006H         SYMBOL        hi
  D:0007H         SYMBOL        lo
  -------         ENDDO         
BL51 BANKED LINKER/LOCATER V6.22                                                      10/26/2018  12:26:52  PAGE 33


  C:3DEDH         LINE#         23
  C:3DEDH         LINE#         24
  C:3DEDH         LINE#         26
  C:3DF2H         LINE#         27
  C:3DF6H         LINE#         28
  C:3DFDH         LINE#         29
  -------         ENDPROC       _BCDTODEC1
  -------         PROC          _STEP_MOVE
  X:0493H         SYMBOL        step
  B:0020H.6       SYMBOL        dir
  -------         DO            
  X:0495H         SYMBOL        i
  -------         ENDDO         
  C:3A37H         LINE#         35
  C:3A3FH         LINE#         36
  C:3A3FH         LINE#         37
  C:3A44H         LINE#         38
  C:3A47H         LINE#         39
  C:3A4CH         LINE#         41
  C:3A4FH         LINE#         43
  C:3A6BH         LINE#         44
  C:3A6BH         LINE#         45
  C:3A6EH         LINE#         46
  C:3A75H         LINE#         47
  C:3A78H         LINE#         48
  C:3A7FH         LINE#         49
  C:3A8FH         LINE#         50
  -------         ENDPROC       _STEP_MOVE
  -------         PROC          _MOVE
  X:048FH         SYMBOL        distance
  B:0020H.5       SYMBOL        direction
  -------         DO            
  D:0006H         SYMBOL        step
  -------         ENDDO         
  C:3BE2H         LINE#         52
  C:3BE8H         LINE#         53
  C:3BE8H         LINE#         55
  C:3C0FH         LINE#         56
  -------         ENDPROC       _MOVE
  C:27EBH         SYMBOL        L?0048
  C:27FFH         SYMBOL        L?0049
  -------         PROC          L?0047
  -------         ENDPROC       L?0047
  C:27EBH         SYMBOL        L?0048
  C:27FFH         SYMBOL        L?0049
  -------         PROC          _FINDDET3X3
  X:0625H         SYMBOL        a11
  X:0629H         SYMBOL        a12
  X:062DH         SYMBOL        a13
  X:0631H         SYMBOL        a21
  X:0635H         SYMBOL        a22
  X:0639H         SYMBOL        a23
  X:063DH         SYMBOL        a31
  X:0641H         SYMBOL        a32
  X:0645H         SYMBOL        a33
  C:280AH         LINE#         60
  C:2810H         LINE#         64
BL51 BANKED LINKER/LOCATER V6.22                                                      10/26/2018  12:26:52  PAGE 34


  C:2810H         LINE#         65
  C:29A7H         LINE#         67
  -------         ENDPROC       _FINDDET3X3
  -------         PROC          _FINDDET4X4
  X:05E5H         SYMBOL        a11
  X:05E9H         SYMBOL        a12
  X:05EDH         SYMBOL        a13
  X:05F1H         SYMBOL        a14
  X:05F5H         SYMBOL        a21
  X:05F9H         SYMBOL        a22
  X:05FDH         SYMBOL        a23
  X:0601H         SYMBOL        a24
  X:0605H         SYMBOL        a31
  X:0609H         SYMBOL        a32
  X:060DH         SYMBOL        a33
  X:0611H         SYMBOL        a34
  X:0615H         SYMBOL        a41
  X:0619H         SYMBOL        a42
  X:061DH         SYMBOL        a43
  X:0621H         SYMBOL        a44
  C:2078H         LINE#         68
  C:207EH         LINE#         72
  C:207EH         LINE#         79
  C:2337H         LINE#         83
  -------         ENDPROC       _FINDDET4X4
  -------         PROC          L?0053
  -------         ENDPROC       L?0053
  -------         PROC          LINEAR_INTERPOLATE
  X:048FH         SYMBOL        p1
  X:0497H         SYMBOL        p2
  X:049FH         SYMBOL        x
  -------         DO            
  D:0004H         SYMBOL        fx
  -------         ENDDO         
  C:33A4H         LINE#         89
  C:33A4H         LINE#         90
  C:33A4H         LINE#         93
  C:3443H         LINE#         95
  C:3443H         LINE#         96
  -------         ENDPROC       LINEAR_INTERPOLATE
  -------         PROC          _UPDATE_POSITION
  D:0001H         SYMBOL        mnths
  D:0002H         SYMBOL        dys
  X:03E2H         SYMBOL        hurs
  X:03E3H         SYMBOL        mns
  X:03E4H         SYMBOL        sconds
  X:03E5H         SYMBOL        currnt_pos
  X:03E8H         SYMBOL        offset_calib
  -------         DO            
  X:03ECH         SYMBOL        date
  X:03EEH         SYMBOL        i
  X:03F0H         SYMBOL        yy
  X:03F2H         SYMBOL        desired_distance
  X:03F6H         SYMBOL        distance
  X:03FAH         SYMBOL        JP_pos
  X:03FEH         SYMBOL        pos_interpolate_azimuth
  X:044AH         SYMBOL        current_local_sun_time
BL51 BANKED LINKER/LOCATER V6.22                                                      10/26/2018  12:26:52  PAGE 35


  X:044EH         SYMBOL        azimuth
  X:0452H         SYMBOL        elevation
  X:0456H         SYMBOL        time_offset
  X:045AH         SYMBOL        UTC_time
  X:045EH         SYMBOL        declination
  X:0462H         SYMBOL        p1
  X:046AH         SYMBOL        p2
  X:0472H         SYMBOL        time
  X:0484H         SYMBOL        location
  X:048CH         SYMBOL        sunCoord
  -------         ENDDO         
  C:0920H         LINE#         100
  C:0929H         LINE#         103
  C:0929H         LINE#         104
  C:0934H         LINE#         106
  C:0950H         LINE#         107
  C:095AH         LINE#         115
  C:0964H         LINE#         116
  C:096EH         LINE#         117
  C:0978H         LINE#         118
[...]
  C:14ACH         LINE#         61
  C:14C3H         LINE#         62
  C:14EBH         LINE#         63
  C:1502H         LINE#         64
  C:152DH         LINE#         65
  C:1564H         LINE#         66
  C:158FH         LINE#         67
  C:158FH         LINE#         70
  C:158FH         LINE#         79
  C:15CAH         LINE#         82
  C:1604H         LINE#         84
  C:1629H         LINE#         85
BL51 BANKED LINKER/LOCATER V6.22                                                      10/26/2018  12:26:52  PAGE 38


  C:1648H         LINE#         86
  C:165FH         LINE#         87
  C:1676H         LINE#         88
  C:168DH         LINE#         89
  C:1716H         LINE#         91
  C:1730H         LINE#         92
  C:1792H         LINE#         93
  C:17C8H         LINE#         94
  C:17DAH         LINE#         95
  C:1807H         LINE#         96
  C:1834H         LINE#         98
  C:1856H         LINE#         100
  C:188EH         LINE#         103
  C:188EH         LINE#         104
  C:189CH         LINE#         105
  -------         ENDPROC       SUNPOS
  -------         ENDMOD        SUNPOS

  -------         MODULE        ADC
  C:0000H         SYMBOL        _ICE_DUMMY_
  D:0092H         PUBLIC        P1M0
  D:0091H         PUBLIC        P1M1
  D:0080H         PUBLIC        P0
  D:0090H         PUBLIC        P1
  D:00A0H         PUBLIC        P2
  D:00B0H         PUBLIC        P3
  D:00C0H         PUBLIC        P4
  D:00C8H         PUBLIC        P5
  D:00E8H         PUBLIC        P6
  D:00F8H         PUBLIC        P7
  D:00A8H         PUBLIC        IE
  D:00BDH         PUBLIC        ADC_RES
  D:00B8H         PUBLIC        IP
  D:00D8H         PUBLIC        CCON
  D:00BCH         PUBLIC        ADC_CONTR
  D:0098H         PUBLIC        SCON
  D:0088H         PUBLIC        TCON
  C:3EC7H         PUBLIC        ADC_Init
  C:3C49H         PUBLIC        _ADC_GetResult
  D:009DH         PUBLIC        P1ASF
  D:00BEH         PUBLIC        ADC_RESL
  D:00D0H         PUBLIC        PSW
  -------         PROC          ADC_INIT
  C:3EC7H         LINE#         5
  C:3EC7H         LINE#         6
  C:3EC7H         LINE#         8
  C:3ECAH         LINE#         9
  C:3ECDH         LINE#         11
  C:3ED0H         LINE#         13
  C:3ED3H         LINE#         15
  C:3ED6H         LINE#         17
  -------         ENDPROC       ADC_INIT
  -------         PROC          _ADC_GETRESULT
  D:0007H         SYMBOL        ch
  -------         DO            
  D:0006H         SYMBOL        ADC_Value
  -------         ENDDO         
BL51 BANKED LINKER/LOCATER V6.22                                                      10/26/2018  12:26:52  PAGE 39


  C:3C49H         LINE#         20
  C:3C49H         LINE#         21
  C:3C49H         LINE#         23
  C:3C4EH         LINE#         24
  C:3C4FH         LINE#         25
  C:3C50H         LINE#         26
  C:3C51H         LINE#         27
  C:3C52H         LINE#         28
  C:3C57H         LINE#         29
  C:3C5AH         LINE#         30
  C:3C5EH         LINE#         31
  C:3C6EH         LINE#         32
  C:3C6FH         LINE#         33
  C:3C70H         LINE#         34
  C:3C71H         LINE#         35
  C:3C72H         LINE#         36
  C:3C73H         LINE#         37
  C:3C74H         LINE#         38
  C:3C75H         LINE#         39
  C:3C76H         LINE#         40
  C:3C76H         LINE#         41
  -------         ENDPROC       _ADC_GETRESULT
  -------         ENDMOD        ADC

  -------         MODULE        CALIBRATION
  C:0000H         SYMBOL        _ICE_DUMMY_
  D:0080H         PUBLIC        P0
  D:0090H         PUBLIC        P1
  D:00A0H         PUBLIC        P2
  D:00B0H         PUBLIC        P3
  D:00C0H         PUBLIC        P4
  D:00C8H         PUBLIC        P5
  D:00E8H         PUBLIC        P6
  D:00F8H         PUBLIC        P7
  C:3757H         PUBLIC        _Max_Value
  D:00A8H         PUBLIC        IE
  C:3210H         PUBLIC        _calibration
  C:32D8H         PUBLIC        voltage_is_stable
  D:00B8H         PUBLIC        IP
  D:00D8H         PUBLIC        CCON
  D:0098H         PUBLIC        SCON
  D:0088H         PUBLIC        TCON
  C:25D8H         PUBLIC        _Find_Real_Max
  D:00D0H         PUBLIC        PSW
  -------         PROC          VOLTAGE_IS_STABLE
  -------         DO            
  X:03E0H         SYMBOL        sample_voltage
  X:03F4H         SYMBOL        i
  X:03F6H         SYMBOL        ch
  -------         ENDDO         
  C:32D8H         LINE#         17
  C:32D8H         LINE#         18
  C:32D8H         LINE#         20
  C:32DFH         LINE#         21
  C:32E5H         LINE#         22
  C:32E5H         LINE#         23
  C:330EH         LINE#         24
BL51 BANKED LINKER/LOCATER V6.22                                                      10/26/2018  12:26:52  PAGE 40


  C:332DH         LINE#         26
  C:3347H         LINE#         27
  C:3347H         LINE#         28
  C:337AH         LINE#         29
  C:337EH         LINE#         30
  C:338EH         LINE#         31
  C:3392H         LINE#         32
  -------         ENDPROC       VOLTAGE_IS_STABLE
  -------         PROC          _FIND_REAL_MAX
  X:03E0H         SYMBOL        current_position
  -------         DO            
  X:03E3H         SYMBOL        ch
  X:03E4H         SYMBOL        calib_step_move
  X:03E8H         SYMBOL        voltage_at_scanned_pos
  X:0438H         SYMBOL        max_location
  X:043AH         SYMBOL        i
  -------         ENDDO         
  C:25D8H         LINE#         33
  C:25E3H         LINE#         34
  C:25E3H         LINE#         35
  C:25E6H         LINE#         36
  C:25EEH         LINE#         40
  C:25F6H         LINE#         41
  C:25F6H         LINE#         42
  C:2609H         LINE#         43
  C:262FH         LINE#         44
  C:2657H         LINE#         45
  C:265EH         LINE#         46
  C:2680H         LINE#         48
  C:268DH         LINE#         49
  C:26B4H         LINE#         50
  C:26BBH         LINE#         52
  C:26C3H         LINE#         53
  C:26C3H         LINE#         55
  C:26D6H         LINE#         56
  C:26FCH         LINE#         57
  C:2724H         LINE#         58
  C:272BH         LINE#         59
  C:274DH         LINE#         61
  C:275EH         LINE#         63
  C:277BH         LINE#         64
  C:27D0H         LINE#         65
  -------         ENDPROC       _FIND_REAL_MAX
  -------         PROC          _MAX_VALUE
  D:0001H         SYMBOL        input
  -------         DO            
  D:0004H         SYMBOL        max
  X:043CH         SYMBOL        max_location
  X:043EH         SYMBOL        i
  -------         ENDDO         
  C:3757H         LINE#         70
  C:3757H         LINE#         71
  C:3757H         LINE#         72
  C:375EH         LINE#         74
  C:3772H         LINE#         75
  C:3772H         LINE#         76
  C:37A8H         LINE#         77
BL51 BANKED LINKER/LOCATER V6.22                                                      10/26/2018  12:26:52  PAGE 41


  C:37C2H         LINE#         78
  C:37D1H         LINE#         79
  C:37E1H         LINE#         80
  C:37E9H         LINE#         82
  -------         ENDPROC       _MAX_VALUE
  -------         PROC          _CALIBRATION
  X:03D0H         SYMBOL        mnths
  X:03D1H         SYMBOL        dys
  X:03D2H         SYMBOL        hurs
  X:03D3H         SYMBOL        mns
  X:03D4H         SYMBOL        sconds
  X:03D5H         SYMBOL        currnt_pos
  -------         DO            
  X:03D8H         SYMBOL        calib_value
  X:03DCH         SYMBOL        JP_max_pos
  -------         ENDDO         
  C:3210H         LINE#         84
  C:321BH         LINE#         87
  C:321BH         LINE#         88
  C:3225H         LINE#         89
  C:3239H         LINE#         91
  C:3243H         LINE#         92
  C:3243H         LINE#         94
  C:3279H         LINE#         96
  C:3282H         LINE#         97
  C:32A7H         LINE#         98
  C:32C3H         LINE#         99
  C:32D2H         LINE#         100
  C:32D2H         LINE#         102
  C:32D7H         LINE#         103
  -------         ENDPROC       _CALIBRATION
  -------         ENDMOD        CALIBRATION

  -------         MODULE        ?C_STARTUP
  C:37EAH         SEGMENT       ?C_C51STARTUP
  I:0021H         SEGMENT       ?STACK
  C:0000H         PUBLIC        ?C_STARTUP
  D:00E0H         SYMBOL        ACC
  D:00F0H         SYMBOL        B
  D:0083H         SYMBOL        DPH
  D:0082H         SYMBOL        DPL
  N:0000H         SYMBOL        IBPSTACK
  N:0100H         SYMBOL        IBPSTACKTOP
  N:0080H         SYMBOL        IDATALEN
  C:37EDH         SYMBOL        IDATALOOP
  N:0000H         SYMBOL        PBPSTACK
  N:0100H         SYMBOL        PBPSTACKTOP
  N:0000H         SYMBOL        PDATALEN
  N:0000H         SYMBOL        PDATASTART
  N:0000H         SYMBOL        PPAGE
  N:0000H         SYMBOL        PPAGEENABLE
  D:00A0H         SYMBOL        PPAGE_SFR
  D:0081H         SYMBOL        SP
  C:37EAH         SYMBOL        STARTUP1
  N:0000H         SYMBOL        XBPSTACK
  N:0000H         SYMBOL        XBPSTACKTOP
  N:0000H         SYMBOL        XDATALEN
BL51 BANKED LINKER/LOCATER V6.22                                                      10/26/2018  12:26:52  PAGE 42


  N:0000H         SYMBOL        XDATASTART
  C:0000H         LINE#         126
  C:37EAH         LINE#         133
  C:37ECH         LINE#         134
  C:37EDH         LINE#         135
  C:37EEH         LINE#         136
  C:37F0H         LINE#         185
  C:37F3H         LINE#         196
  -------         ENDMOD        ?C_STARTUP

  -------         MODULE        ?C?FPADD
  C:002DH         PUBLIC        ?C?FPADD
  C:0029H         PUBLIC        ?C?FPSUB
  -------         ENDMOD        ?C?FPADD

  -------         MODULE        ?C?FPMUL
  C:011EH         PUBLIC        ?C?FPMUL
  -------         ENDMOD        ?C?FPMUL

  -------         MODULE        ?C?FPDIV
  C:0227H         PUBLIC        ?C?FPDIV
  -------         ENDMOD        ?C?FPDIV

  -------         MODULE        ?C?FPCMP
  C:02C6H         PUBLIC        ?C?FPCMP
  C:02C4H         PUBLIC        ?C?FPCMP3
  -------         ENDMOD        ?C?FPCMP

  -------         MODULE        ?C?FPNEG
  C:033DH         PUBLIC        ?C?FPNEG
  -------         ENDMOD        ?C?FPNEG

  -------         MODULE        ?C?FCAST
  C:0358H         PUBLIC        ?C?FCASTC
  C:0353H         PUBLIC        ?C?FCASTI
  C:034EH         PUBLIC        ?C?FCASTL
  -------         ENDMOD        ?C?FCAST

  -------         MODULE        ?C?CASTF
  C:038CH         PUBLIC        ?C?CASTF
  -------         ENDMOD        ?C?CASTF

  -------         MODULE        ATAN2
  X:04ECH         PUBLIC        ?_atan2?BYTE
  C:34F0H         PUBLIC        _atan2
  -------         ENDMOD        ATAN2

  -------         MODULE        SIN
  C:2ED3H         PUBLIC        _COS
  C:2EE9H         PUBLIC        _SIN
  C:2F25H         PUBLIC        _TAN
  -------         ENDMOD        SIN

  -------         MODULE        ACOS
  C:3A90H         PUBLIC        _ACOS
  -------         ENDMOD        ACOS

BL51 BANKED LINKER/LOCATER V6.22                                                      10/26/2018  12:26:52  PAGE 43


  -------         MODULE        ASIN
  C:3BA7H         PUBLIC        _ASIN
  -------         ENDMOD        ASIN

  -------         MODULE        SQRT
  C:3448H         PUBLIC        _SQRT
  -------         ENDMOD        SQRT

  -------         MODULE        ATAN
  C:3033H         PUBLIC        _ATAN
  -------         ENDMOD        ATAN

  -------         MODULE        ?C?COPY
  C:052AH         PUBLIC        ?C?COPY
  -------         ENDMOD        ?C?COPY

  -------         MODULE        ?C?CLDPTR
  C:0550H         PUBLIC        ?C?CLDPTR
  -------         ENDMOD        ?C?CLDPTR

  -------         MODULE        ?C?CSTPTR
  C:0569H         PUBLIC        ?C?CSTPTR
  -------         ENDMOD        ?C?CSTPTR

  -------         MODULE        ?C?IMUL
  C:057BH         PUBLIC        ?C?IMUL
  -------         ENDMOD        ?C?IMUL

  -------         MODULE        ?C?UIDIV
  C:058DH         PUBLIC        ?C?UIDIV
  -------         ENDMOD        ?C?UIDIV

  -------         MODULE        ?C?SIDIV
  C:05E2H         PUBLIC        ?C?SIDIV
  -------         ENDMOD        ?C?SIDIV

  -------         MODULE        ?C?ILDIX
  C:0618H         PUBLIC        ?C?ILDIX
  -------         ENDMOD        ?C?ILDIX

  -------         MODULE        ?C?ILDOPTR
  C:062EH         PUBLIC        ?C?ILDOPTR
  -------         ENDMOD        ?C?ILDOPTR

  -------         MODULE        ?C?LMUL
  C:0666H         PUBLIC        ?C?LMUL
  -------         ENDMOD        ?C?LMUL

  -------         MODULE        ?C?SLDIV
  C:3B23H         PUBLIC        ?C?SLDIV
  -------         ENDMOD        ?C?SLDIV

  -------         MODULE        ?C?LNEG
  C:06B5H         PUBLIC        ?C?LNEG
  -------         ENDMOD        ?C?LNEG

  -------         MODULE        ?C?LLDPTR
BL51 BANKED LINKER/LOCATER V6.22                                                      10/26/2018  12:26:52  PAGE 44


  C:06C3H         PUBLIC        ?C?LLDPTR
  -------         ENDMOD        ?C?LLDPTR

  -------         MODULE        ?C?LLDOPTR
  C:06E3H         PUBLIC        ?C?LLDOPTR
  -------         ENDMOD        ?C?LLDOPTR

  -------         MODULE        ?C?LSTPTR
  C:0713H         PUBLIC        ?C?LSTPTR
  -------         ENDMOD        ?C?LSTPTR

  -------         MODULE        ?C?LSTOPTR
  C:072DH         PUBLIC        ?C?LSTOPTR
  -------         ENDMOD        ?C?LSTOPTR

  -------         MODULE        ?C?LLDXDATA
  C:0751H         PUBLIC        ?C?LLDXDATA
  -------         ENDMOD        ?C?LLDXDATA

  -------         MODULE        ?C?LLDCODE
  C:075DH         PUBLIC        ?C?LLDCODE
  -------         ENDMOD        ?C?LLDCODE

  -------         MODULE        ?C?LLDXDATA0
  C:076DH         PUBLIC        ?C?LLDXDATA0
  -------         ENDMOD        ?C?LLDXDATA0

  -------         MODULE        ?C?LLDCODE0
  C:0779H         PUBLIC        ?C?LLDCODE0
  -------         ENDMOD        ?C?LLDCODE0

  -------         MODULE        ?C?LLDPTR0
  C:0789H         PUBLIC        ?C?LLDPTR0
  -------         ENDMOD        ?C?LLDPTR0

  -------         MODULE        ?C?LSTXDATA
  C:07A9H         PUBLIC        ?C?LSTXDATA
  -------         ENDMOD        ?C?LSTXDATA

  -------         MODULE        ?C?LSTKXDATA
  C:07B5H         PUBLIC        ?C?LSTKXDATA
  -------         ENDMOD        ?C?LSTKXDATA

  -------         MODULE        ?C?OFFXADD
  C:07E6H         PUBLIC        ?C?OFFXADD
  -------         ENDMOD        ?C?OFFXADD

  -------         MODULE        ABS
  C:3F0EH         PUBLIC        _ABS
  -------         ENDMOD        ABS

  -------         MODULE        ATOI
  C:3135H         PUBLIC        _atoi
  -------         ENDMOD        ATOI

  -------         MODULE        ?C?IILDX
  C:07F2H         PUBLIC        ?C?IILDX
BL51 BANKED LINKER/LOCATER V6.22                                                      10/26/2018  12:26:52  PAGE 45


  -------         ENDMOD        ?C?IILDX

  -------         MODULE        ?C?ULDIV
  C:0844H         PUBLIC        ?C?ULDIV
  -------         ENDMOD        ?C?ULDIV

  -------         MODULE        ?C?LLDIDATA
  C:08D6H         PUBLIC        ?C?LLDIDATA
  -------         ENDMOD        ?C?LLDIDATA

  -------         MODULE        ?C?LLDPDATA
  C:08E2H         PUBLIC        ?C?LLDPDATA
  -------         ENDMOD        ?C?LLDPDATA

  -------         MODULE        ?C?LLDIDATA0
  C:08EEH         PUBLIC        ?C?LLDIDATA0
  -------         ENDMOD        ?C?LLDIDATA0

  -------         MODULE        ?C?LLDPDATA0
  C:08FBH         PUBLIC        ?C?LLDPDATA0
  -------         ENDMOD        ?C?LLDPDATA0

  -------         MODULE        ?C?LSTIDATA
  C:0908H         PUBLIC        ?C?LSTIDATA
  -------         ENDMOD        ?C?LSTIDATA

  -------         MODULE        ?C?LSTPDATA
  C:0914H         PUBLIC        ?C?LSTPDATA
  -------         ENDMOD        ?C?LSTPDATA

  -------         MODULE        ISDIGIT
  C:3EE6H         PUBLIC        _isdigit
  -------         ENDMOD        ISDIGIT

  -------         MODULE        ISSPACE
  C:3E6DH         PUBLIC        _isspace
  -------         ENDMOD        ISSPACE

*** WARNING L16: UNCALLED SEGMENT, IGNORED FOR OVERLAY PROCESS
    SEGMENT: ?PR?_CALIB_INTERPOLATE?MAIN

*** WARNING L16: UNCALLED SEGMENT, IGNORED FOR OVERLAY PROCESS
    SEGMENT: ?PR?_DISPLAY_PROX?MAIN

*** WARNING L16: UNCALLED SEGMENT, IGNORED FOR OVERLAY PROCESS
    SEGMENT: ?PR?INITUART1?UART1

*** WARNING L16: UNCALLED SEGMENT, IGNORED FOR OVERLAY PROCESS
    SEGMENT: ?PR?_SENDSTRING?UART1

*** WARNING L16: UNCALLED SEGMENT, IGNORED FOR OVERLAY PROCESS
    SEGMENT: ?PR?_TEN?UART1

*** WARNING L16: UNCALLED SEGMENT, IGNORED FOR OVERLAY PROCESS
    SEGMENT: ?PR?_UNIT?UART1

*** WARNING L16: UNCALLED SEGMENT, IGNORED FOR OVERLAY PROCESS
BL51 BANKED LINKER/LOCATER V6.22                                                      10/26/2018  12:26:52  PAGE 46


    SEGMENT: ?PR?_DECTOBCD?UART1

*** WARNING L16: UNCALLED SEGMENT, IGNORED FOR OVERLAY PROCESS
    SEGMENT: ?PR?_ASCII_LETTER?UART1

*** WARNING L16: UNCALLED SEGMENT, IGNORED FOR OVERLAY PROCESS
    SEGMENT: ?PR?NOP?VCNL4035

*** WARNING L16: UNCALLED SEGMENT, IGNORED FOR OVERLAY PROCESS
    SEGMENT: ?PR?_READ_VCNL4035?VCNL4035

*** WARNING L16: UNCALLED SEGMENT, IGNORED FOR OVERLAY PROCESS
    SEGMENT: ?PR?_DISPLAYLCD_VCNL4035?VCNL4035

*** WARNING L16: UNCALLED SEGMENT, IGNORED FOR OVERLAY PROCESS
    SEGMENT: ?PR?_FINDDET4X4?BIPOLARMOTOR

*** WARNING L1: UNRESOLVED EXTERNAL SYMBOL
    SYMBOL:  CALIB_MODE
    MODULE:  .\Obj\main.obj (MAIN)

*** WARNING L1: UNRESOLVED EXTERNAL SYMBOL
    SYMBOL:  AUTO_MODE
    MODULE:  .\Obj\main.obj (MAIN)

*** WARNING L2: REFERENCE MADE TO UNRESOLVED EXTERNAL
    SYMBOL:  CALIB_MODE
    MODULE:  .\Obj\main.obj (MAIN)
    ADDRESS: 1CD0H

*** WARNING L2: REFERENCE MADE TO UNRESOLVED EXTERNAL
    SYMBOL:  AUTO_MODE
    MODULE:  .\Obj\main.obj (MAIN)
    ADDRESS: 1CD8H

*** WARNING L2: REFERENCE MADE TO UNRESOLVED EXTERNAL
    SYMBOL:  AUTO_MODE
    MODULE:  .\Obj\main.obj (MAIN)
    ADDRESS: 1DA3H

*** WARNING L2: REFERENCE MADE TO UNRESOLVED EXTERNAL
    SYMBOL:  AUTO_MODE
    MODULE:  .\Obj\main.obj (MAIN)
    ADDRESS: 1DB1H

*** WARNING L2: REFERENCE MADE TO UNRESOLVED EXTERNAL
    SYMBOL:  AUTO_MODE
    MODULE:  .\Obj\main.obj (MAIN)
    ADDRESS: 1DC3H

*** WARNING L2: REFERENCE MADE TO UNRESOLVED EXTERNAL
    SYMBOL:  AUTO_MODE
    MODULE:  .\Obj\main.obj (MAIN)
    ADDRESS: 1E05H

*** WARNING L2: REFERENCE MADE TO UNRESOLVED EXTERNAL
    SYMBOL:  AUTO_MODE
BL51 BANKED LINKER/LOCATER V6.22                                                      10/26/2018  12:26:52  PAGE 47


    MODULE:  .\Obj\main.obj (MAIN)
    ADDRESS: 1ED8H

*** WARNING L2: REFERENCE MADE TO UNRESOLVED EXTERNAL
    SYMBOL:  CALIB_MODE
    MODULE:  .\Obj\main.obj (MAIN)
    ADDRESS: 1F53H

*** WARNING L2: REFERENCE MADE TO UNRESOLVED EXTERNAL
    SYMBOL:  CALIB_MODE
    MODULE:  .\Obj\main.obj (MAIN)
    ADDRESS: 1F62H

*** WARNING L2: REFERENCE MADE TO UNRESOLVED EXTERNAL
    SYMBOL:  CALIB_MODE
    MODULE:  .\Obj\main.obj (MAIN)
    ADDRESS: 2062H

*** WARNING L1: UNRESOLVED EXTERNAL SYMBOL
    SYMBOL:  AUTO_MODE
    MODULE:  .\Obj\KeyPad.obj (KEYPAD)

*** WARNING L2: REFERENCE MADE TO UNRESOLVED EXTERNAL
    SYMBOL:  AUTO_MODE
    MODULE:  .\Obj\KeyPad.obj (KEYPAD)
    ADDRESS: 2385H

*** WARNING L2: REFERENCE MADE TO UNRESOLVED EXTERNAL
    SYMBOL:  AUTO_MODE
    MODULE:  .\Obj\KeyPad.obj (KEYPAD)
    ADDRESS: 2390H

*** WARNING L2: REFERENCE MADE TO UNRESOLVED EXTERNAL
    SYMBOL:  AUTO_MODE
    MODULE:  .\Obj\KeyPad.obj (KEYPAD)
    ADDRESS: 2397H

Program Size: data=18.0 xdata=1666 code=16205
LINK/LOCATE RUN COMPLETE.  28 WARNING(S),  0 ERROR(S)
