BL51 BANKED LINKER/LOCATER V6.22                                                        04/04/2019  12:04:14  PAGE 1


BL51 BANKED LINKER/LOCATER V6.22, INVOKED BY:
C:\KEIL_V5\C51\BIN\BL51.EXE .\Obj\main.obj, .\Obj\PCF85063BTL.obj, .\Obj\UART1.obj, .\Obj\LCd_Driver_SPLC780D.obj, .\Obj
>> \KeyPad.obj, .\Obj\BipolarMotor.obj, .\Obj\SunPos.obj, .\Obj\ADC.obj, .\Obj\Calibration.obj, .\Obj\IOExpander_PI4IOE5
>> V96248.obj, .\Obj\AT25SF041.obj, .\Obj\STARTUP.obj TO .\Obj\GPIO_RTC_Test PRINT (.\Lis\GPIO_RTC_Test.m51) RAMSIZE (25
>> 6)


MEMORY MODEL: LARGE WITH FLOATING POINT ARITHMETIC


INPUT MODULES INCLUDED:
  .\Obj\main.obj (MAIN)
  .\Obj\PCF85063BTL.obj (PCF85063BTL)
  .\Obj\UART1.obj (UART1)
  .\Obj\LCd_Driver_SPLC780D.obj (LCD_DRIVER_SPLC780D)
  .\Obj\KeyPad.obj (KEYPAD)
  .\Obj\BipolarMotor.obj (BIPOLARMOTOR)
  .\Obj\SunPos.obj (SUNPOS)
  .\Obj\ADC.obj (ADC)
  .\Obj\Calibration.obj (CALIBRATION)
  .\Obj\IOExpander_PI4IOE5V96248.obj (IOEXPANDER_PI4IOE5V96248)
  .\Obj\AT25SF041.obj (AT25SF041)
  .\Obj\STARTUP.obj (?C_STARTUP)
  C:\KEIL_V5\C51\LIB\C51FPL.LIB (?C?FPADD)
  C:\KEIL_V5\C51\LIB\C51FPL.LIB (?C?FPMUL)
  C:\KEIL_V5\C51\LIB\C51FPL.LIB (?C?FPDIV)
  C:\KEIL_V5\C51\LIB\C51FPL.LIB (?C?FPCMP)
  C:\KEIL_V5\C51\LIB\C51FPL.LIB (?C?FPNEG)
  C:\KEIL_V5\C51\LIB\C51FPL.LIB (?C?FCAST)
  C:\KEIL_V5\C51\LIB\C51FPL.LIB (?C?CASTF)
  C:\KEIL_V5\C51\LIB\C51FPL.LIB (ATAN2)
  C:\KEIL_V5\C51\LIB\C51FPL.LIB (SIN)
  C:\KEIL_V5\C51\LIB\C51FPL.LIB (ACOS)
  C:\KEIL_V5\C51\LIB\C51FPL.LIB (ASIN)
  C:\KEIL_V5\C51\LIB\C51FPL.LIB (?C?FPGETOPN)
  C:\KEIL_V5\C51\LIB\C51FPL.LIB (?C?FPSERIES)
  C:\KEIL_V5\C51\LIB\C51FPL.LIB (SQRT)
  C:\KEIL_V5\C51\LIB\C51FPL.LIB (ATAN)
  C:\KEIL_V5\C51\LIB\C51L.LIB (?C_INIT)
  C:\KEIL_V5\C51\LIB\C51L.LIB (?C?COPY)
  C:\KEIL_V5\C51\LIB\C51L.LIB (?C?CLDPTR)
  C:\KEIL_V5\C51\LIB\C51L.LIB (?C?CLDOPTR)
  C:\KEIL_V5\C51\LIB\C51L.LIB (?C?CSTPTR)
  C:\KEIL_V5\C51\LIB\C51L.LIB (?C?IMUL)
  C:\KEIL_V5\C51\LIB\C51L.LIB (?C?UIDIV)
  C:\KEIL_V5\C51\LIB\C51L.LIB (?C?SIDIV)
  C:\KEIL_V5\C51\LIB\C51L.LIB (?C?ILDIX)
  C:\KEIL_V5\C51\LIB\C51L.LIB (?C?ILDOPTR)
  C:\KEIL_V5\C51\LIB\C51L.LIB (?C?ISTPTR)
  C:\KEIL_V5\C51\LIB\C51L.LIB (?C?LMUL)
  C:\KEIL_V5\C51\LIB\C51L.LIB (?C?SLDIV)
  C:\KEIL_V5\C51\LIB\C51L.LIB (?C?LNEG)
  C:\KEIL_V5\C51\LIB\C51L.LIB (?C?ULCMP)
  C:\KEIL_V5\C51\LIB\C51L.LIB (?C?LSHL)
  C:\KEIL_V5\C51\LIB\C51L.LIB (?C?LLDPTR)
  C:\KEIL_V5\C51\LIB\C51L.LIB (?C?LLDOPTR)
  C:\KEIL_V5\C51\LIB\C51L.LIB (?C?LSTPTR)
  C:\KEIL_V5\C51\LIB\C51L.LIB (?C?LSTOPTR)
BL51 BANKED LINKER/LOCATER V6.22                                                      04/04/2019  12:04:14  PAGE 2


  C:\KEIL_V5\C51\LIB\C51L.LIB (?C?LLDXDATA)
  C:\KEIL_V5\C51\LIB\C51L.LIB (?C?LLDCODE)
  C:\KEIL_V5\C51\LIB\C51L.LIB (?C?LLDXDATA0)
  C:\KEIL_V5\C51\LIB\C51L.LIB (?C?LLDCODE0)
  C:\KEIL_V5\C51\LIB\C51L.LIB (?C?LLDPTR0)
  C:\KEIL_V5\C51\LIB\C51L.LIB (?C?LSTXDATA)
  C:\KEIL_V5\C51\LIB\C51L.LIB (?C?LSTKXDATA)
  C:\KEIL_V5\C51\LIB\C51L.LIB (?C?LSTKPTR)
  C:\KEIL_V5\C51\LIB\C51L.LIB (?C?OFFXADD)
  C:\KEIL_V5\C51\LIB\C51L.LIB (ATOI)
  C:\KEIL_V5\C51\LIB\C51L.LIB (?C?IILDX)
  C:\KEIL_V5\C51\LIB\C51L.LIB (?C?ULDIV)
  C:\KEIL_V5\C51\LIB\C51L.LIB (?C?LLDIDATA)
  C:\KEIL_V5\C51\LIB\C51L.LIB (?C?LLDPDATA)
  C:\KEIL_V5\C51\LIB\C51L.LIB (?C?LLDIDATA0)
  C:\KEIL_V5\C51\LIB\C51L.LIB (?C?LLDPDATA0)
  C:\KEIL_V5\C51\LIB\C51L.LIB (?C?LSTIDATA)
  C:\KEIL_V5\C51\LIB\C51L.LIB (?C?LSTPDATA)
  C:\KEIL_V5\C51\LIB\C51L.LIB (?C?LSTKIDATA)
  C:\KEIL_V5\C51\LIB\C51L.LIB (?C?LSTKPDATA)
  C:\KEIL_V5\C51\LIB\C51L.LIB (ISDIGIT)
  C:\KEIL_V5\C51\LIB\C51L.LIB (ISSPACE)


LINK MAP OF MODULE:  .\Obj\GPIO_RTC_Test (MAIN)


            TYPE    BASE      LENGTH    RELOCATION   SEGMENT NAME
            -----------------------------------------------------

            * * * * * * *   D A T A   M E M O R Y   * * * * * * *
            REG     0000H     0008H     ABSOLUTE     "REG BANK 0"
                    0008H     0018H                  *** GAP ***
            BIT     0020H.0   0000H.5   UNIT         ?BI?KEYPAD
            BIT     0020H.5   0000H.3   UNIT         _BIT_GROUP_
            BIT     0021H.0   0000H.1   UNIT         ?BI?MAIN
            BIT     0021H.1   0000H.1   UNIT         ?BI?_ATOI?ATOI
                    0021H.2   0000H.6                *** GAP ***
            IDATA   0022H     0001H     UNIT         ?STACK

            * * * * * * *  X D A T A   M E M O R Y  * * * * * * *
            XDATA   0000H     03BCH     UNIT         ?XD?BIPOLARMOTOR
            XDATA   03BCH     0113H     UNIT         _XDATA_GROUP_
            XDATA   04CFH     00D8H     UNIT         ?XD?MAIN
            XDATA   05A7H     0009H     UNIT         ?XD?KEYPAD
            XDATA   05B0H     0008H     UNIT         ?XD?_AT25SF041_READ?AT25SF041
            XDATA   05B8H     0005H     UNIT         ?XD?_ATOI?ATOI
            XDATA   05BDH     0003H     UNIT         ?XD?_SENDSTRING?UART1
            XDATA   05C0H     0001H     UNIT         ?XD?UC_ACK?IOEXPANDER_PI4IOE5V96248
            XDATA   05C1H     0001H     UNIT         ?XD?UC_NACK?IOEXPANDER_PI4IOE5V96248

            * * * * * * *   C O D E   M E M O R Y   * * * * * * *
            CODE    0000H     0003H     ABSOLUTE     
            CODE    0003H     0006H     UNIT         ?PR?_TEN?UART1
            CODE    0009H     0001H     UNIT         ?PR?TM0_ISR?MAIN
            CODE    000AH     0001H     UNIT         ?PR?_DECTOBCD?UART1
            CODE    000BH     0003H     ABSOLUTE     
BL51 BANKED LINKER/LOCATER V6.22                                                      04/04/2019  12:04:14  PAGE 3


            CODE    000EH     0AF2H     UNIT         ?PR?MAIN?MAIN
            CODE    0B00H     09B6H     UNIT         ?C?LIB_CODE
            CODE    14B6H     07A2H     UNIT         ?PR?SUNPOS?SUNPOS
            CODE    1C58H     0646H     UNIT         ?PR?_UPDATE_POSITION?BIPOLARMOTOR
            CODE    229EH     04FBH     UNIT         ?PR?_THEORICALJP_POSITION?BIPOLARMOTOR
            CODE    2799H     0400H     UNIT         ?C_INITSEG
            CODE    2B99H     03D5H     UNIT         ?PR?_FIND_REAL_MAX?CALIBRATION
            CODE    2F6EH     0380H     UNIT         ?PR?_ELEVATION_CALCULATION?BIPOLARMOTOR
            CODE    32EEH     02C5H     UNIT         ?PR?KEY_PROCESS?KEYPAD
            CODE    35B3H     01B3H     UNIT         ?PR?_CALIBRATION?CALIBRATION
            CODE    3766H     018DH     UNIT         ?PR?KEY_SCAN?KEYPAD
            CODE    38F3H     0189H     UNIT         ?PR?SPI_NOR_WRITE_DATA?AT25SF041
            CODE    3A7CH     0188H     UNIT         ?PR?SIN?SIN
            CODE    3C04H     0162H     UNIT         ?PR?_DISPLAY_POS?LCD_DRIVER_SPLC780D
            CODE    3D66H     0122H     UNIT         ?PR?ATAN?ATAN
            CODE    3E88H     0110H     UNIT         ?PR?_AT25SF041_READ?AT25SF041
            CODE    3F98H     0102H     UNIT         ?PR?_AT25SF041_WRITE?AT25SF041
            CODE    409AH     00DBH     UNIT         ?PR?_ATOI?ATOI
            CODE    4175H     00C3H     UNIT         ?PR?LINEAR_INTERPOLATE?BIPOLARMOTOR
            CODE    4238H     00BBH     UNIT         ?PR?VOLTAGE_IS_STABLE?CALIBRATION
            CODE    42F3H     00ADH     UNIT         ?PR?_WRITE_PI4IOE5V96248?IOEXPANDER_PI4IOE5V96248
            CODE    43A0H     00ACH     UNIT         ?PR?SQRT?SQRT
            CODE    444CH     00A1H     UNIT         ?PR?UCREAD_STATUS_REGISTER_BYTE1?AT25SF041
            CODE    44EDH     009DH     UNIT         ?PR?_ATAN2?ATAN2
            CODE    458AH     009CH     UNIT         ?PR?_MAX_VALUE?CALIBRATION
            CODE    4626H     008CH     UNIT         ?C_C51STARTUP
            CODE    46B2H     0088H     UNIT         ?PR?_DAY_OF_YEAR?PCF85063BTL
            CODE    473AH     0079H     UNIT         ?PR?_WRITEDATA?LCD_DRIVER_SPLC780D
            CODE    47B3H     0072H     UNIT         ?PR?AT25SF041_WRITEENABLE?AT25SF041
            CODE    4825H     006FH     UNIT         ?PR?_READ_TIME?PCF85063BTL
            CODE    4894H     005AH     UNIT         ?PR?AT25SF041_CHIPERASE?AT25SF041
            CODE    48EEH     0059H     UNIT         ?PR?LCD_INIT?LCD_DRIVER_SPLC780D
            CODE    4947H     004AH     UNIT         ?PR?VONESTEPMOVE?BIPOLARMOTOR
            CODE    4991H     004AH     UNIT         ?PR?ACOS?ACOS
            CODE    49DBH     0044H     UNIT         ?C?LDIV
            CODE    4A1FH     0040H     UNIT         ?PR?_COMMAND?LCD_DRIVER_SPLC780D
            CODE    4A5FH     0040H     UNIT         ?PR?_STEP_MOVE?BIPOLARMOTOR
            CODE    4A9FH     003BH     UNIT         ?PR?ASIN?ASIN
            CODE    4ADAH     0033H     UNIT         ?PR?_SENDSTRING?UART1
            CODE    4B0DH     002CH     UNIT         ?PR?_ADC_GETRESULT?ADC
            CODE    4B39H     002BH     UNIT         ?PR?_WAIT_MS_I2C?IOEXPANDER_PI4IOE5V96248
            CODE    4B64H     002BH     UNIT         ?PR?_WAIT_MS_SPINOR?AT25SF041
            CODE    4B8FH     0028H     UNIT         ?PR?_MOVE?BIPOLARMOTOR
            CODE    4BB7H     0027H     UNIT         ?PR?_I2C_SENDBYTE?IOEXPANDER_PI4IOE5V96248
            CODE    4BDEH     0024H     UNIT         ?PR?_WAIT_MS?LCD_DRIVER_SPLC780D
            CODE    4C02H     0020H     UNIT         ?PR?_SPI_SENDBYTE?PCF85063BTL
            CODE    4C22H     0020H     UNIT         ?PR?SPI_RECEIVEBYTE?PCF85063BTL
            CODE    4C42H     001FH     UNIT         ?PR?ADC_INIT?ADC
            CODE    4C61H     001EH     UNIT         ?PR?_DELAY_MS?KEYPAD
            CODE    4C7FH     001DH     UNIT         ?PR?_DISPLAYLCD?LCD_DRIVER_SPLC780D
            CODE    4C9CH     001BH     UNIT         ?PR?_BCDTODEC1?BIPOLARMOTOR
            CODE    4CB7H     0018H     UNIT         ?PR?_SPI_WRITETIME?PCF85063BTL
            CODE    4CCFH     0017H     UNIT         ?PR?_ASCIITOBCD?UART1
            CODE    4CE6H     0016H     UNIT         ?PR?I2C_ACK?IOEXPANDER_PI4IOE5V96248
            CODE    4CFCH     0015H     UNIT         ?PR?_DISPLAY_LINE?LCD_DRIVER_SPLC780D
            CODE    4D11H     0015H     UNIT         ?PR?VSETLOCATION?BIPOLARMOTOR
            CODE    4D26H     0015H     UNIT         ?PR?I2C_STOP?IOEXPANDER_PI4IOE5V96248
BL51 BANKED LINKER/LOCATER V6.22                                                      04/04/2019  12:04:14  PAGE 4


            CODE    4D3BH     0014H     UNIT         ?PR?_PCF85063BTL_DELAY?PCF85063BTL
            CODE    4D4FH     0014H     UNIT         ?PR?_ABS?LCD_DRIVER_SPLC780D
            CODE    4D63H     0014H     UNIT         ?PR?_ISSPACE?ISSPACE
            CODE    4D77H     0011H     UNIT         ?PR?_SPI_READTIME?PCF85063BTL
            CODE    4D88H     0011H     UNIT         ?PR?_BCDTODEC?PCF85063BTL
            CODE    4D99H     0011H     UNIT         ?PR?INITUART1?UART1
            CODE    4DAAH     000FH     UNIT         ?PR?I2C_START?IOEXPANDER_PI4IOE5V96248
            CODE    4DB9H     000FH     UNIT         ?PR?UC_NACK?IOEXPANDER_PI4IOE5V96248
            CODE    4DC8H     000FH     UNIT         ?PR?_ISDIGIT?ISDIGIT
            CODE    4DD7H     000DH     UNIT         ?PR?SPI_INIT?PCF85063BTL
            CODE    4DE4H     000CH     UNIT         ?PR?KEYPAD_IO_INIT?KEYPAD
            CODE    4DF0H     000AH     UNIT         ?PR?LCD_RETURN_HOME?LCD_DRIVER_SPLC780D
            CODE    4DFAH     000AH     UNIT         ?PR?LCD_CLEAR?LCD_DRIVER_SPLC780D
            CODE    4E04H     0006H     UNIT         ?PR?UC_ACK?IOEXPANDER_PI4IOE5V96248
            CODE    4E0AH     0005H     UNIT         ?PR?_UNIT?UART1
            CODE    4E0FH     0005H     UNIT         ?PR?_ASCII_LETTER?UART1
            CODE    4E14H     0001H     UNIT         ?PR?WAIT?BIPOLARMOTOR
            CODE    4E15H     0001H     UNIT         ?PR?NOP?IOEXPANDER_PI4IOE5V96248



OVERLAY MAP OF MODULE:   .\Obj\GPIO_RTC_Test (MAIN)


SEGMENT                                             BIT_GROUP          XDATA_GROUP
  +--> CALLED SEGMENT                            START    LENGTH     START    LENGTH
------------------------------------------------------------------------------------
?C_C51STARTUP                                    -----    -----      -----    -----
  +--> ?PR?MAIN?MAIN
  +--> ?C_INITSEG

?PR?MAIN?MAIN                                    -----    -----      03BCH    002CH
  +--> ?PR?LCD_INIT?LCD_DRIVER_SPLC780D
  +--> ?PR?SPI_INIT?PCF85063BTL
  +--> ?PR?KEYPAD_IO_INIT?KEYPAD
  +--> ?PR?ADC_INIT?ADC
  +--> ?PR?VSETLOCATION?BIPOLARMOTOR
  +--> ?PR?_SPI_WRITETIME?PCF85063BTL
  +--> ?PR?_DELAY_MS?KEYPAD
  +--> ?PR?_DISPLAY_LINE?LCD_DRIVER_SPLC780D
  +--> ?PR?_WRITEDATA?LCD_DRIVER_SPLC780D
  +--> ?PR?KEY_PROCESS?KEYPAD
  +--> ?PR?_COMMAND?LCD_DRIVER_SPLC780D
  +--> ?PR?_DISPLAY_POS?LCD_DRIVER_SPLC780D
  +--> ?PR?_DISPLAYLCD?LCD_DRIVER_SPLC780D
  +--> ?PR?_STEP_MOVE?BIPOLARMOTOR
  +--> ?PR?LCD_RETURN_HOME?LCD_DRIVER_SPLC780D
  +--> ?PR?_READ_TIME?PCF85063BTL
  +--> ?PR?_ADC_GETRESULT?ADC
  +--> ?PR?_BCDTODEC1?BIPOLARMOTOR
  +--> ?PR?_ELEVATION_CALCULATION?BIPOLARMOTOR
  +--> ?PR?SIN?SIN
  +--> ?PR?_CALIBRATION?CALIBRATION
  +--> ?PR?AT25SF041_WRITEENABLE?AT25SF041
  +--> ?PR?_AT25SF041_WRITE?AT25SF041
  +--> ?PR?_WAIT_MS_SPINOR?AT25SF041
  +--> ?PR?_UPDATE_POSITION?BIPOLARMOTOR
BL51 BANKED LINKER/LOCATER V6.22                                                      04/04/2019  12:04:14  PAGE 5


  +--> ?PR?SPI_NOR_WRITE_DATA?AT25SF041
  +--> ?PR?LINEAR_INTERPOLATE?BIPOLARMOTOR
  +--> ?PR?LCD_CLEAR?LCD_DRIVER_SPLC780D
  +--> ?PR?AT25SF041_CHIPERASE?AT25SF041

?PR?LCD_INIT?LCD_DRIVER_SPLC780D                 -----    -----      -----    -----
  +--> ?PR?_WAIT_MS?LCD_DRIVER_SPLC780D
  +--> ?PR?_COMMAND?LCD_DRIVER_SPLC780D

?PR?_COMMAND?LCD_DRIVER_SPLC780D                 -----    -----      -----    -----
  +--> ?PR?_WAIT_MS?LCD_DRIVER_SPLC780D

?PR?ADC_INIT?ADC                                 -----    -----      -----    -----
  +--> ?PR?_WAIT_MS?LCD_DRIVER_SPLC780D

?PR?_SPI_WRITETIME?PCF85063BTL                   -----    -----      -----    -----
  +--> ?PR?_SPI_SENDBYTE?PCF85063BTL

?PR?_SPI_SENDBYTE?PCF85063BTL                    -----    -----      -----    -----
  +--> ?PR?_PCF85063BTL_DELAY?PCF85063BTL

?PR?_DISPLAY_LINE?LCD_DRIVER_SPLC780D            -----    -----      -----    -----
  +--> ?PR?_COMMAND?LCD_DRIVER_SPLC780D

?PR?_WRITEDATA?LCD_DRIVER_SPLC780D               -----    -----      04CDH    0001H
  +--> ?PR?_WAIT_MS?LCD_DRIVER_SPLC780D

?PR?KEY_PROCESS?KEYPAD                           -----    -----      03E8H    0006H
  +--> ?PR?KEY_SCAN?KEYPAD
  +--> ?PR?_SPI_WRITETIME?PCF85063BTL
  +--> ?PR?LCD_CLEAR?LCD_DRIVER_SPLC780D
  +--> ?PR?_COMMAND?LCD_DRIVER_SPLC780D
  +--> ?PR?_WRITEDATA?LCD_DRIVER_SPLC780D

?PR?KEY_SCAN?KEYPAD                              -----    -----      03EEH    0003H

?PR?LCD_CLEAR?LCD_DRIVER_SPLC780D                -----    -----      -----    -----
  +--> ?PR?_COMMAND?LCD_DRIVER_SPLC780D

?PR?_DISPLAY_POS?LCD_DRIVER_SPLC780D             -----    -----      04C3H    000AH
  +--> ?PR?_ABS?LCD_DRIVER_SPLC780D
  +--> ?PR?_WRITEDATA?LCD_DRIVER_SPLC780D

?PR?_DISPLAYLCD?LCD_DRIVER_SPLC780D              -----    -----      03E8H    0001H
  +--> ?PR?_WRITEDATA?LCD_DRIVER_SPLC780D

?PR?_STEP_MOVE?BIPOLARMOTOR                      0020H.6  0000H.1    04C7H    0004H
  +--> ?PR?VONESTEPMOVE?BIPOLARMOTOR

?PR?VONESTEPMOVE?BIPOLARMOTOR                    0020H.7  0000H.1    -----    -----
  +--> ?PR?_WRITE_PI4IOE5V96248?IOEXPANDER_P...
  +--> ?PR?_DELAY_MS?KEYPAD

?PR?_WRITE_PI4IOE5V96248?IOEXPANDER_P...         -----    -----      04CBH    0003H
  +--> ?PR?I2C_START?IOEXPANDER_PI4IOE5V96248
  +--> ?PR?_WAIT_MS_I2C?IOEXPANDER_PI4IOE5V9...
  +--> ?PR?_I2C_SENDBYTE?IOEXPANDER_PI4IOE5V...
BL51 BANKED LINKER/LOCATER V6.22                                                      04/04/2019  12:04:14  PAGE 6


  +--> ?PR?I2C_ACK?IOEXPANDER_PI4IOE5V96248
  +--> ?PR?I2C_STOP?IOEXPANDER_PI4IOE5V96248

?PR?I2C_START?IOEXPANDER_PI4IOE5V96248           -----    -----      -----    -----
  +--> ?PR?_WAIT_MS_I2C?IOEXPANDER_PI4IOE5V9...

?PR?_I2C_SENDBYTE?IOEXPANDER_PI4IOE5V...         -----    -----      -----    -----
  +--> ?PR?_WAIT_MS_I2C?IOEXPANDER_PI4IOE5V9...

?PR?I2C_ACK?IOEXPANDER_PI4IOE5V96248             -----    -----      04CEH    0001H
  +--> ?PR?_WAIT_MS_I2C?IOEXPANDER_PI4IOE5V9...

?PR?I2C_STOP?IOEXPANDER_PI4IOE5V96248            -----    -----      -----    -----
  +--> ?PR?_WAIT_MS_I2C?IOEXPANDER_PI4IOE5V9...

?PR?LCD_RETURN_HOME?LCD_DRIVER_SPLC780D          -----    -----      -----    -----
  +--> ?PR?_COMMAND?LCD_DRIVER_SPLC780D

?PR?_READ_TIME?PCF85063BTL                       -----    -----      03E8H    000FH
  +--> ?PR?_SPI_READTIME?PCF85063BTL

?PR?_SPI_READTIME?PCF85063BTL                    -----    -----      -----    -----
  +--> ?PR?_SPI_SENDBYTE?PCF85063BTL
  +--> ?PR?SPI_RECEIVEBYTE?PCF85063BTL

?PR?SPI_RECEIVEBYTE?PCF85063BTL                  -----    -----      -----    -----
  +--> ?PR?_PCF85063BTL_DELAY?PCF85063BTL

?PR?_ELEVATION_CALCULATION?BIPOLARMOTOR          -----    -----      03E8H    0005H
  +--> ?PR?_BCDTODEC1?BIPOLARMOTOR
  +--> ?PR?SUNPOS?SUNPOS
  +--> ?PR?SIN?SIN
  +--> ?PR?ASIN?ASIN

?PR?SUNPOS?SUNPOS                                -----    -----      043AH    005DH
  +--> ?PR?SIN?SIN
  +--> ?PR?_ATAN2?ATAN2
  +--> ?PR?ASIN?ASIN
  +--> ?PR?ACOS?ACOS

?PR?SIN?SIN                                      0020H.5  0000H.1    0497H    0004H

?PR?_ATAN2?ATAN2                                 -----    -----      0497H    0008H
  +--> ?PR?ATAN?ATAN

?PR?ATAN?ATAN                                    0020H.5  0000H.2    049FH    0004H

?PR?ASIN?ASIN                                    -----    -----      -----    -----
  +--> ?PR?SQRT?SQRT
  +--> ?PR?ATAN?ATAN

?PR?SQRT?SQRT                                    -----    -----      0497H    0004H

?PR?ACOS?ACOS                                    -----    -----      -----    -----
  +--> ?PR?SQRT?SQRT
  +--> ?PR?ATAN?ATAN

BL51 BANKED LINKER/LOCATER V6.22                                                      04/04/2019  12:04:14  PAGE 7


?PR?_CALIBRATION?CALIBRATION                     -----    -----      03E8H    0024H
  +--> ?PR?VOLTAGE_IS_STABLE?CALIBRATION
  +--> ?PR?_UPDATE_POSITION?BIPOLARMOTOR
  +--> ?PR?_FIND_REAL_MAX?CALIBRATION

?PR?VOLTAGE_IS_STABLE?CALIBRATION                -----    -----      040CH    0018H
  +--> ?PR?_ADC_GETRESULT?ADC
  +--> ?PR?_ABS?LCD_DRIVER_SPLC780D

?PR?_UPDATE_POSITION?BIPOLARMOTOR                -----    -----      040CH    002EH
  +--> ?PR?_BCDTODEC1?BIPOLARMOTOR
  +--> ?PR?SUNPOS?SUNPOS
  +--> ?PR?SIN?SIN
  +--> ?PR?ASIN?ASIN
  +--> ?PR?_THEORICALJP_POSITION?BIPOLARMOTOR
  +--> ?PR?_ABS?LCD_DRIVER_SPLC780D
  +--> ?PR?_MOVE?BIPOLARMOTOR

?PR?_THEORICALJP_POSITION?BIPOLARMOTOR           -----    -----      043AH    005CH
  +--> ?PR?LINEAR_INTERPOLATE?BIPOLARMOTOR

?PR?LINEAR_INTERPOLATE?BIPOLARMOTOR              -----    -----      0496H    0014H

?PR?_MOVE?BIPOLARMOTOR                           0020H.5  0000H.1    04C3H    0004H
  +--> ?PR?_STEP_MOVE?BIPOLARMOTOR

?PR?_FIND_REAL_MAX?CALIBRATION                   -----    -----      040CH    00B7H
  +--> ?PR?_MOVE?BIPOLARMOTOR
  +--> ?PR?_ADC_GETRESULT?ADC
  +--> ?PR?AT25SF041_WRITEENABLE?AT25SF041
  +--> ?PR?_AT25SF041_WRITE?AT25SF041
  +--> ?PR?_WAIT_MS_SPINOR?AT25SF041
  +--> ?PR?_COMMAND?LCD_DRIVER_SPLC780D
  +--> ?PR?_WRITEDATA?LCD_DRIVER_SPLC780D
  +--> ?PR?_DISPLAY_POS?LCD_DRIVER_SPLC780D
  +--> ?PR?_WAIT_MS?LCD_DRIVER_SPLC780D
  +--> ?PR?_MAX_VALUE?CALIBRATION

?PR?AT25SF041_WRITEENABLE?AT25SF041              -----    -----      04C3H    0002H
  +--> ?PR?_WAIT_MS_SPINOR?AT25SF041
  +--> ?PR?UCREAD_STATUS_REGISTER_BYTE1?AT25...

?PR?UCREAD_STATUS_REGISTER_BYTE1?AT25...         -----    -----      04CBH    0003H
  +--> ?PR?_WAIT_MS_SPINOR?AT25SF041

?PR?_AT25SF041_WRITE?AT25SF041                   -----    -----      04C3H    0008H
  +--> ?PR?_WAIT_MS_SPINOR?AT25SF041
  +--> ?PR?UCREAD_STATUS_REGISTER_BYTE1?AT25...

?PR?_MAX_VALUE?CALIBRATION                       -----    -----      04C3H    0004H

?PR?SPI_NOR_WRITE_DATA?AT25SF041                 -----    -----      03E8H    000EH
  +--> ?PR?AT25SF041_WRITEENABLE?AT25SF041
  +--> ?PR?_AT25SF041_WRITE?AT25SF041
  +--> ?PR?_WAIT_MS_SPINOR?AT25SF041

?PR?AT25SF041_CHIPERASE?AT25SF041                -----    -----      03E8H    0002H
BL51 BANKED LINKER/LOCATER V6.22                                                      04/04/2019  12:04:14  PAGE 8


  +--> ?PR?_WAIT_MS_SPINOR?AT25SF041
  +--> ?PR?UCREAD_STATUS_REGISTER_BYTE1?AT25...



UNRESOLVED EXTERNAL SYMBOLS:
   AUTO_MODE
   SPI_NOR_CLEARENABLE
   _SENDUART1



SYMBOL TABLE OF MODULE:  .\Obj\GPIO_RTC_Test (MAIN)

  VALUE           TYPE          NAME
  ----------------------------------

  -------         MODULE        MAIN
  C:0000H         SYMBOL        _ICE_DUMMY_
  X:04D7H         PUBLIC        calib_value
  D:0080H         PUBLIC        P0
  D:00B2H         PUBLIC        P3M0
  D:0090H         PUBLIC        P1
  D:00B1H         PUBLIC        P3M1
  D:00A0H         PUBLIC        P2
  D:00B0H         PUBLIC        P3
  D:00C0H         PUBLIC        P4
  D:00C8H         PUBLIC        P5
  X:052BH         SYMBOL        PressedKey
  B:00A8H.7       PUBLIC        EA
  D:00E8H         PUBLIC        P6
  X:052FH         PUBLIC        calib_stamp
  D:00F8H         PUBLIC        P7
  X:0530H         PUBLIC        RX_Data_Uart_Cnt
  D:00A8H         PUBLIC        IE
  X:0532H         PUBLIC        calib_time
  D:00B8H         PUBLIC        IP
  X:0586H         PUBLIC        months
  D:00D8H         PUBLIC        CCON
  C:000EH         PUBLIC        main
  X:0587H         PUBLIC        count
  X:0589H         PUBLIC        days
  X:058AH         PUBLIC        hours
  D:0098H         PUBLIC        SCON
  D:0089H         PUBLIC        TMOD
  D:0088H         PUBLIC        TCON
  B:00A0H.3       PUBLIC        P23
  X:058BH         SYMBOL        KeyCount
  X:058DH         PUBLIC        mins
  X:058EH         PUBLIC        Rec_data_hour
  B:00C8H.5       PUBLIC        P55
  X:0591H         PUBLIC        Rec_data_min
  D:008EH         PUBLIC        AUXR
  C:0009H         PUBLIC        tm0_isr
  B:0021H.0       PUBLIC        busy
  B:00A8H.1       PUBLIC        ET0
  X:0594H         PUBLIC        SPI_NOR_INTERNAL_FLASH_ADDR
BL51 BANKED LINKER/LOCATER V6.22                                                      04/04/2019  12:04:14  PAGE 9


  D:008CH         PUBLIC        TH0
  X:0598H         PUBLIC        hour_count
  D:008AH         PUBLIC        TL0
  X:0599H         PUBLIC        min_count
  B:0088H.4       PUBLIC        TR0
  X:059AH         SYMBOL        KeyNum
  X:059BH         SYMBOL        KeyNum_Old
  X:059CH         PUBLIC        current_position
  X:05A0H         PUBLIC        hours1
  X:05A1H         PUBLIC        hours2
  X:05A2H         PUBLIC        mins1
  X:05A3H         PUBLIC        mins2
  X:05A4H         PUBLIC        seconds
  X:05A5H         PUBLIC        st_time
  D:00D0H         PUBLIC        PSW
  -------         PROC          TM0_ISR
  C:0009H         LINE#         82
  C:0009H         LINE#         84
  -------         ENDPROC       TM0_ISR
  -------         PROC          MAIN
  -------         DO            
  X:03BCH         SYMBOL        sunlight_ADC
  X:04CFH         SYMBOL        KeyCount
  X:04D1H         SYMBOL        KeyNum_Old
  X:04D2H         SYMBOL        KeyNum
  X:04D3H         SYMBOL        PressedKey
  X:03BEH         SYMBOL        prox_flag
  X:03BFH         SYMBOL        iUse_prevday_calib_value
  X:03C1H         SYMBOL        max_ADC_Val_JP
  X:03C3H         SYMBOL        max_ADC_Val
  X:03C5H         SYMBOL        calib_point1
  X:03CDH         SYMBOL        calib_point2
  X:03D5H         SYMBOL        dat_to_store
  X:03E0H         SYMBOL        calib_day
  X:03E2H         SYMBOL        calib_count
  X:03E4H         SYMBOL        theorical_JP_max_pos
  D:0004H         SYMBOL        elevation
  -------         ENDDO         
  C:000EH         LINE#         86
  C:000EH         LINE#         87
  C:000EH         LINE#         92
  C:0014H         LINE#         93
  C:0019H         LINE#         95
  C:0021H         LINE#         99
  C:0027H         LINE#         100
  C:0031H         LINE#         104
  C:0033H         LINE#         105
  C:0035H         LINE#         106
  C:0037H         LINE#         107
  C:0039H         LINE#         109
  C:0040H         LINE#         110
  C:0044H         LINE#         119
  C:0046H         LINE#         120
  C:0049H         LINE#         121
  C:004CH         LINE#         122
  C:004FH         LINE#         123
  C:0052H         LINE#         124
BL51 BANKED LINKER/LOCATER V6.22                                                      04/04/2019  12:04:14  PAGE 10


  C:0055H         LINE#         127
  C:0058H         LINE#         128
  C:005BH         LINE#         130
  C:005EH         LINE#         131
  C:0061H         LINE#         132
  C:0064H         LINE#         133
  C:0066H         LINE#         134
  C:0068H         LINE#         135
  C:006AH         LINE#         137
  C:006CH         LINE#         138
  C:0073H         LINE#         139
  C:007AH         LINE#         140
  C:0081H         LINE#         141
  C:0088H         LINE#         145
  C:008FH         LINE#         146
  C:0094H         LINE#         147
  C:0099H         LINE#         148
  C:009EH         LINE#         149
  C:00A3H         LINE#         150
  C:00A8H         LINE#         153
  C:00C1H         LINE#         154
  C:00C1H         LINE#         155
  C:00DDH         LINE#         156
  C:0124H         LINE#         157
  C:0135H         LINE#         160
  C:0135H         LINE#         161
  C:0135H         LINE#         162
  C:0138H         LINE#         165
  C:0138H         LINE#         168
  C:013DH         LINE#         169
  C:0142H         LINE#         171
  C:0147H         LINE#         172
  C:014CH         LINE#         173
  C:0151H         LINE#         174
  C:0156H         LINE#         176
  C:0167H         LINE#         177
  C:016CH         LINE#         178
  C:0171H         LINE#         180
  C:0178H         LINE#         181
  C:0180H         LINE#         182
  C:0185H         LINE#         183
  C:018DH         LINE#         184
  C:0192H         LINE#         185
  C:019CH         LINE#         186
  C:01A1H         LINE#         187
  C:01A9H         LINE#         189
  C:01B1H         LINE#         190
  C:01B6H         LINE#         191
  C:01C0H         LINE#         192
  C:01C0H         LINE#         193
  C:01C2H         LINE#         194
  C:01C4H         LINE#         195
  C:01CEH         LINE#         196
  C:01CEH         LINE#         197
  C:01D3H         LINE#         198
  C:01D3H         LINE#         210
  C:01E0H         LINE#         211
BL51 BANKED LINKER/LOCATER V6.22                                                      04/04/2019  12:04:14  PAGE 11


  C:01E0H         LINE#         212
  C:01EAH         LINE#         213
  C:0201H         LINE#         214
  C:0201H         LINE#         215
  C:0203H         LINE#         216
  C:0205H         LINE#         218
  C:0205H         LINE#         219
  C:0210H         LINE#         220
  C:0210H         LINE#         221
  C:0215H         LINE#         222
  C:0215H         LINE#         223
  C:0222H         LINE#         224
  C:0222H         LINE#         227
  C:022CH         LINE#         228
  C:0243H         LINE#         229
  C:0243H         LINE#         230
  C:0245H         LINE#         231
  C:0247H         LINE#         233
  C:0247H         LINE#         234
  C:0252H         LINE#         235
  C:0252H         LINE#         236
  C:0257H         LINE#         237
  C:0259H         LINE#         238
  C:0259H         LINE#         240
  C:027BH         LINE#         241
  C:027BH         LINE#         242
  C:0285H         LINE#         243
  C:028BH         LINE#         244
  C:028DH         LINE#         245
  C:028FH         LINE#         246
  C:0291H         LINE#         247
  C:0291H         LINE#         248
  C:0294H         LINE#         250
  C:0294H         LINE#         251
  C:029AH         LINE#         252
  C:02A2H         LINE#         253
  C:02A8H         LINE#         254
  C:02B0H         LINE#         255
  C:02EBH         LINE#         259
  C:02F8H         LINE#         260
  C:02F8H         LINE#         262
  C:0305H         LINE#         263
  C:0338H         LINE#         264
  C:0338H         LINE#         265
  C:035BH         LINE#         266
  C:035BH         LINE#         267
  C:037DH         LINE#         268
  C:037DH         LINE#         270
  C:039DH         LINE#         272
  C:03D6H         LINE#         273
  C:03D6H         LINE#         274
  C:0452H         LINE#         275
  C:04DCH         LINE#         276
  C:04DFH         LINE#         278
  C:04DFH         LINE#         280
  C:04E6H         LINE#         281
  C:04E6H         LINE#         282
BL51 BANKED LINKER/LOCATER V6.22                                                      04/04/2019  12:04:14  PAGE 12


  C:04E9H         LINE#         283
  C:0507H         LINE#         284
  C:050EH         LINE#         285
  C:052DH         LINE#         286
  C:054CH         LINE#         288
  C:05C8H         LINE#         289
  C:0620H         LINE#         290
  C:0634H         LINE#         291
  C:0641H         LINE#         292
  C:0650H         LINE#         293
  C:0650H         LINE#         295
  C:0658H         LINE#         296
  C:0660H         LINE#         297
  C:0668H         LINE#         298
  C:0670H         LINE#         300
  C:0684H         LINE#         301
  C:069AH         LINE#         302
  C:06CAH         LINE#         303
  C:06DEH         LINE#         305
  C:06F2H         LINE#         306
  C:0708H         LINE#         307
  C:0738H         LINE#         308
  C:073FH         LINE#         310
  C:0763H         LINE#         313
  C:0765H         LINE#         315
  C:0773H         LINE#         316
  C:0773H         LINE#         317
  C:077BH         LINE#         319
  C:077BH         LINE#         322
  C:077BH         LINE#         323
  C:0788H         LINE#         324
  C:0788H         LINE#         325
  C:07AAH         LINE#         326
  C:07AAH         LINE#         327
  C:0826H         LINE#         328
  C:087BH         LINE#         329
  C:087BH         LINE#         331
  C:087EH         LINE#         335
  C:087EH         LINE#         338
  C:08A0H         LINE#         339
  C:08A0H         LINE#         340
  C:091CH         LINE#         342
  C:0949H         LINE#         343
  C:0964H         LINE#         344
  C:0991H         LINE#         345
  C:09ACH         LINE#         347
  C:0A48H         LINE#         350
  C:0A48H         LINE#         352
  C:0A48H         LINE#         353
  C:0A48H         LINE#         355
  C:0A48H         LINE#         358
  C:0A64H         LINE#         359
  C:0A68H         LINE#         361
  C:0A6AH         LINE#         364
  C:0A75H         LINE#         365
  C:0A75H         LINE#         366
  C:0A78H         LINE#         367
BL51 BANKED LINKER/LOCATER V6.22                                                      04/04/2019  12:04:14  PAGE 13


  C:0A7FH         LINE#         368
  C:0A84H         LINE#         369
  C:0A89H         LINE#         370
  C:0A8EH         LINE#         371
  C:0A93H         LINE#         372
  C:0A98H         LINE#         373
  C:0A9DH         LINE#         374
  C:0AA2H         LINE#         375
  C:0AA7H         LINE#         376
  C:0AACH         LINE#         377
  C:0AB1H         LINE#         378
  C:0AB6H         LINE#         379
  C:0ABBH         LINE#         382
  C:0ABEH         LINE#         384
  C:0AC1H         LINE#         385
  C:0AC8H         LINE#         386
  C:0AD2H         LINE#         387
  C:0AD7H         LINE#         389
  C:0ADAH         LINE#         390
  C:0ADFH         LINE#         391
  C:0AE4H         LINE#         392
  C:0AE9H         LINE#         393
  C:0AEEH         LINE#         394
  C:0AF3H         LINE#         395
  C:0AF8H         LINE#         396
  C:0AFDH         LINE#         398
  C:0AFDH         LINE#         399
  -------         ENDPROC       MAIN
  -------         ENDMOD        MAIN

  -------         MODULE        PCF85063BTL
  C:0000H         SYMBOL        _ICE_DUMMY_
  D:0096H         PUBLIC        P2M0
  D:0080H         PUBLIC        P0
  D:0095H         PUBLIC        P2M1
  D:0090H         PUBLIC        P1
  D:00A0H         PUBLIC        P2
  D:00B0H         PUBLIC        P3
  D:00C0H         PUBLIC        P4
  D:00C8H         PUBLIC        P5
  D:00E8H         PUBLIC        P6
  B:00A0H.1       PUBLIC        PCF85063BTL_SDI
  D:00F8H         PUBLIC        P7
  B:00A0H.2       PUBLIC        PCF85063BTL_SCK
  B:00A0H.1       PUBLIC        PCF85063BTL_SDO
  D:00A8H         PUBLIC        IE
  C:4825H         PUBLIC        _Read_time
  C:4D41H         PUBLIC        _PCF85063BTL_Delay
  D:00B8H         PUBLIC        IP
  D:00D8H         PUBLIC        CCON
  C:46B2H         PUBLIC        _Day_Of_Year
  C:4C22H         PUBLIC        SPI_ReceiveByte
  D:0098H         PUBLIC        SCON
  D:0088H         PUBLIC        TCON
  C:4D88H         PUBLIC        _BCDtoDec
  B:00A0H.0       PUBLIC        PCF85063BTL_CS
  C:4D77H         PUBLIC        _SPI_ReadTime
BL51 BANKED LINKER/LOCATER V6.22                                                      04/04/2019  12:04:14  PAGE 14


  C:4DD7H         PUBLIC        SPI_Init
  C:4CB7H         PUBLIC        _SPI_WriteTime
  C:4C02H         PUBLIC        _SPI_SendByte
  D:00D0H         PUBLIC        PSW
  C:4D3DH         SYMBOL        L?0048
  -------         PROC          L?0047
  -------         ENDPROC       L?0047
  C:4D3DH         SYMBOL        L?0048
  -------         PROC          _PCF85063BTL_DELAY
  D:0006H         SYMBOL        us
  C:4D41H         LINE#         8
  C:4D41H         LINE#         9
  C:4D41H         LINE#         10
  C:4D4BH         LINE#         11
  C:4D4BH         LINE#         12
  C:4D4CH         LINE#         13
  C:4D4EH         LINE#         14
  -------         ENDPROC       _PCF85063BTL_DELAY
  -------         PROC          _SPI_SENDBYTE
  D:0005H         SYMBOL        dat
  -------         DO            
  D:0003H         SYMBOL        i
  -------         ENDDO         
  C:4C02H         LINE#         17
  C:4C04H         LINE#         18
  C:4C04H         LINE#         20
  C:4C06H         LINE#         21
  C:4C06H         LINE#         22
  C:4C08H         LINE#         23
  C:4C0CH         LINE#         24
  C:4C0CH         LINE#         25
  C:4C0EH         LINE#         26
  C:4C10H         LINE#         28
  C:4C10H         LINE#         29
  C:4C12H         LINE#         30
  C:4C12H         LINE#         31
  C:4C15H         LINE#         32
  C:4C15H         LINE#         33
  C:4C18H         LINE#         34
  C:4C1CH         LINE#         35
  C:4C21H         LINE#         36
  -------         ENDPROC       _SPI_SENDBYTE
  -------         PROC          SPI_RECEIVEBYTE
  -------         DO            
  D:0003H         SYMBOL        i
  D:0005H         SYMBOL        dat
  -------         ENDDO         
  C:4C22H         LINE#         39
  C:4C22H         LINE#         40
  C:4C22H         LINE#         42
  C:4C24H         LINE#         44
  C:4C26H         LINE#         45
  C:4C27H         LINE#         46
  C:4C27H         LINE#         47
  C:4C2BH         LINE#         48
  C:4C2DH         LINE#         49
  C:4C30H         LINE#         51
BL51 BANKED LINKER/LOCATER V6.22                                                      04/04/2019  12:04:14  PAGE 15


  C:4C33H         LINE#         52
  C:4C33H         LINE#         53
  C:4C37H         LINE#         54
  C:4C37H         LINE#         55
  C:4C37H         LINE#         56
  C:4C3AH         LINE#         57
  C:4C3FH         LINE#         58
  C:4C41H         LINE#         59
  -------         ENDPROC       SPI_RECEIVEBYTE
  -------         PROC          _SPI_READTIME
  D:0007H         SYMBOL        addr
  -------         DO            
  D:0006H         SYMBOL        dat
  -------         ENDDO         
  C:4D77H         LINE#         61
  C:4D77H         LINE#         62
  C:4D77H         LINE#         64
  C:4D79H         LINE#         65
  C:4D7BH         LINE#         66
  C:4D82H         LINE#         67
  C:4D85H         LINE#         68
  C:4D87H         LINE#         69
  C:4D87H         LINE#         70
  -------         ENDPROC       _SPI_READTIME
  -------         PROC          _SPI_WRITETIME
  D:0002H         SYMBOL        val
  D:0005H         SYMBOL        addr
  C:4CB7H         LINE#         71
  C:4CB9H         LINE#         72
  C:4CB9H         LINE#         74
  C:4CBBH         LINE#         75
  C:4CC2H         LINE#         76
  C:4CC7H         LINE#         77
  C:4CCCH         LINE#         78
  C:4CCEH         LINE#         79
  -------         ENDPROC       _SPI_WRITETIME
  -------         PROC          SPI_INIT
  C:4DD7H         LINE#         83
  C:4DD7H         LINE#         84
  C:4DD7H         LINE#         89
  C:4DDAH         LINE#         90
  C:4DDDH         LINE#         91
  C:4DDFH         LINE#         92
  C:4DE1H         LINE#         93
  C:4DE3H         LINE#         94
  -------         ENDPROC       SPI_INIT
  -------         PROC          _READ_TIME
  X:03E8H         SYMBOL        months
  X:03EBH         SYMBOL        days
  X:03EEH         SYMBOL        hours
  X:03F1H         SYMBOL        mins
  X:03F4H         SYMBOL        seconds
  C:4825H         LINE#         96
  C:4830H         LINE#         97
  C:4830H         LINE#         99
  C:4844H         LINE#         101
  C:4858H         LINE#         103
BL51 BANKED LINKER/LOCATER V6.22                                                      04/04/2019  12:04:14  PAGE 16


  C:486CH         LINE#         108
  C:4880H         LINE#         113
  -------         ENDPROC       _READ_TIME
  -------         PROC          _BCDTODEC
  D:0007H         SYMBOL        bcd
  -------         DO            
  D:0006H         SYMBOL        hi
  D:0007H         SYMBOL        lo
  -------         ENDDO         
  C:4D88H         LINE#         119
  C:4D88H         LINE#         120
  C:4D88H         LINE#         122
  C:4D8DH         LINE#         123
  C:4D91H         LINE#         124
  C:4D98H         LINE#         125
  -------         ENDPROC       _BCDTODEC
  -------         PROC          _DAY_OF_YEAR
  D:0007H         SYMBOL        months_bcd
  D:0005H         SYMBOL        days_bcd
  -------         DO            
  D:0004H         SYMBOL        months
  D:0007H         SYMBOL        days
  -------         ENDDO         
  C:46B2H         LINE#         126
  C:46B2H         LINE#         127
  C:46B2H         LINE#         130
  C:46B7H         LINE#         132
  C:46BCH         LINE#         134
  C:46F5H         LINE#         135
  C:46F5H         LINE#         136
  C:46F5H         LINE#         137
  C:46F8H         LINE#         138
  C:46F8H         LINE#         139
  C:46F8H         LINE#         140
  C:46FDH         LINE#         141
  C:46FDH         LINE#         142
  C:46FDH         LINE#         143
  C:4702H         LINE#         144
  C:4702H         LINE#         145
  C:4702H         LINE#         146
  C:4707H         LINE#         147
  C:4707H         LINE#         148
  C:4707H         LINE#         149
  C:470CH         LINE#         150
  C:470CH         LINE#         151
  C:470CH         LINE#         152
  C:4711H         LINE#         153
  C:4711H         LINE#         154
  C:4711H         LINE#         155
  C:4716H         LINE#         156
  C:4716H         LINE#         157
  C:4716H         LINE#         158
  C:471BH         LINE#         159
  C:471BH         LINE#         160
  C:471BH         LINE#         161
  C:4723H         LINE#         162
  C:4723H         LINE#         163
BL51 BANKED LINKER/LOCATER V6.22                                                      04/04/2019  12:04:14  PAGE 17


  C:4723H         LINE#         164
  C:4728H         LINE#         165
  C:4728H         LINE#         166
  C:4728H         LINE#         167
  C:472DH         LINE#         168
  C:472DH         LINE#         169
  C:472DH         LINE#         170
  C:4736H         LINE#         171
  C:4736H         LINE#         172
  C:4736H         LINE#         173
  C:4739H         LINE#         174
  C:4739H         LINE#         175
  -------         ENDPROC       _DAY_OF_YEAR
  -------         ENDMOD        PCF85063BTL

  -------         MODULE        UART1
  C:0000H         SYMBOL        _ICE_DUMMY_
  D:0080H         PUBLIC        P0
  D:0090H         PUBLIC        P1
  D:00A0H         PUBLIC        P2
  D:00B0H         PUBLIC        P3
  D:00C0H         PUBLIC        P4
  D:00C8H         PUBLIC        P5
  B:00A8H.7       PUBLIC        EA
  D:00E8H         PUBLIC        P6
  D:00F8H         PUBLIC        P7
  C:4ADAH         PUBLIC        _SendString
  D:00A8H         PUBLIC        IE
  B:00A8H.4       PUBLIC        ES
  D:00B8H         PUBLIC        IP
  C:4CCFH         PUBLIC        _ASCIItoBCD
  D:00D8H         PUBLIC        CCON
  C:4D99H         PUBLIC        initUART1
  D:0098H         PUBLIC        SCON
  D:0088H         PUBLIC        TCON
  C:000AH         PUBLIC        _DectoBCD
  C:4E0FH         PUBLIC        _ASCII_Letter
  D:008EH         PUBLIC        AUXR
  C:4E0AH         PUBLIC        _unit
  C:0003H         PUBLIC        _ten
  D:00D6H         PUBLIC        T2H
  D:00D7H         PUBLIC        T2L
  D:00D0H         PUBLIC        PSW
  -------         PROC          INITUART1
  C:4D99H         LINE#         21
  C:4D99H         LINE#         22
  C:4D99H         LINE#         23
  C:4D9CH         LINE#         24
  C:4D9FH         LINE#         25
  C:4DA2H         LINE#         26
  C:4DA5H         LINE#         27
  C:4DA7H         LINE#         28
  C:4DA9H         LINE#         30
  -------         ENDPROC       INITUART1
  -------         PROC          _SENDSTRING
  X:05BDH         SYMBOL        s
  C:4ADAH         LINE#         35
BL51 BANKED LINKER/LOCATER V6.22                                                      04/04/2019  12:04:14  PAGE 18


  C:4AE5H         LINE#         36
  C:4AE5H         LINE#         37
  C:4AF5H         LINE#         38
  C:4AF5H         LINE#         39
  C:4B0AH         LINE#         40
  C:4B0CH         LINE#         41
  -------         ENDPROC       _SENDSTRING
  -------         PROC          _TEN
  D:0007H         SYMBOL        BCD
  C:0003H         LINE#         43
  C:0003H         LINE#         44
  C:0003H         LINE#         45
  C:0008H         LINE#         46
  -------         ENDPROC       _TEN
  -------         PROC          _UNIT
  D:0007H         SYMBOL        BCD
  C:4E0AH         LINE#         47
  C:4E0AH         LINE#         48
  C:4E0AH         LINE#         52
  C:4E0EH         LINE#         53
  -------         ENDPROC       _UNIT
  -------         PROC          _DECTOBCD
  D:0007H         SYMBOL        dec
  C:000AH         LINE#         54
  C:000AH         LINE#         55
  C:000AH         LINE#         57
  C:000AH         LINE#         58
  -------         ENDPROC       _DECTOBCD
  -------         PROC          _ASCII_LETTER
  D:0007H         SYMBOL        dat
  C:4E0FH         LINE#         60
  C:4E0FH         LINE#         61
  C:4E0FH         LINE#         63
  C:4E13H         LINE#         64
  -------         ENDPROC       _ASCII_LETTER
  -------         PROC          _ASCIITOBCD
  D:0001H         SYMBOL        ascii
  -------         DO            
  D:0007H         SYMBOL        dec_val
  D:0006H         SYMBOL        ten
  D:0007H         SYMBOL        unit
  -------         ENDDO         
  C:4CCFH         LINE#         66
  C:4CCFH         LINE#         67
  C:4CCFH         LINE#         69
  C:4CD2H         LINE#         70
  C:4CD8H         LINE#         71
  C:4CDFH         LINE#         72
  C:4CE5H         LINE#         74
  -------         ENDPROC       _ASCIITOBCD
  -------         ENDMOD        UART1

  -------         MODULE        LCD_DRIVER_SPLC780D
  C:0000H         SYMBOL        _ICE_DUMMY_
  D:0092H         PUBLIC        P1M0
  D:0091H         PUBLIC        P1M1
  D:0080H         PUBLIC        P0
BL51 BANKED LINKER/LOCATER V6.22                                                      04/04/2019  12:04:14  PAGE 19


  D:0090H         PUBLIC        P1
  D:00A0H         PUBLIC        P2
  D:00B0H         PUBLIC        P3
  D:00C0H         PUBLIC        P4
  D:00C8H         PUBLIC        P5
  D:00E8H         PUBLIC        P6
  D:00F8H         PUBLIC        P7
  C:473EH         PUBLIC        _WriteData
  D:00A8H         PUBLIC        IE
  D:00B8H         PUBLIC        IP
  D:00D8H         PUBLIC        CCON
  B:00B0H.4       PUBLIC        LCD_D4
  B:00B0H.5       PUBLIC        LCD_D5
  B:00B0H.6       PUBLIC        LCD_D6
  C:4C7FH         PUBLIC        _DisplayLCD
  B:00B0H.7       PUBLIC        LCD_D7
  D:0098H         PUBLIC        SCON
  D:0088H         PUBLIC        TCON
  C:4D4FH         PUBLIC        _abs
  C:4DFAH         PUBLIC        LCD_clear
  C:4A1FH         PUBLIC        _Command
  C:4CFCH         PUBLIC        _Display_Line
  C:48EEH         PUBLIC        LCD_Init
  C:4BE4H         PUBLIC        _Wait_ms
  B:00C0H.0       PUBLIC        LCD_RS
  B:00B0H.2       PUBLIC        LCD_RW
  C:4DF0H         PUBLIC        LCD_return_home
  C:3C04H         PUBLIC        _Display_Pos
  B:00B0H.3       PUBLIC        LCD_E
  D:00D0H         PUBLIC        PSW
  -------         PROC          LCD_INIT
  C:48EEH         LINE#         9
  C:48EEH         LINE#         10
  C:48EEH         LINE#         11
  C:48F1H         LINE#         12
  C:48F4H         LINE#         14
  C:48FAH         LINE#         15
  C:48FFH         LINE#         17
  C:4906H         LINE#         18
  C:490BH         LINE#         20
  C:490EH         LINE#         21
  C:4913H         LINE#         23
  C:4916H         LINE#         24
  C:491BH         LINE#         26
  C:4922H         LINE#         29
  C:4927H         LINE#         30
  C:492CH         LINE#         32
  C:4931H         LINE#         33
  C:4936H         LINE#         35
  C:493BH         LINE#         36
  C:4940H         LINE#         37
  -------         ENDPROC       LCD_INIT
  C:473AH         SYMBOL        L?0040
  -------         PROC          L?0039
  -------         ENDPROC       L?0039
  C:473AH         SYMBOL        L?0040
  -------         PROC          _WRITEDATA
BL51 BANKED LINKER/LOCATER V6.22                                                      04/04/2019  12:04:14  PAGE 20


  X:04CDH         SYMBOL        dat
  C:473EH         LINE#         40
  C:4743H         LINE#         41
  C:4743H         LINE#         46
  C:4745H         LINE#         47
  C:4747H         LINE#         49
  C:4755H         LINE#         50
  C:4761H         LINE#         51
  C:476DH         LINE#         52
  C:4777H         LINE#         53
  C:4779H         LINE#         54
  C:4780H         LINE#         55
  C:4782H         LINE#         57
  C:4792H         LINE#         58
  C:479DH         LINE#         59
  C:47A7H         LINE#         60
  C:47ABH         LINE#         62
  C:47ABH         LINE#         63
  C:47AEH         LINE#         64
  C:47B0H         LINE#         65
  C:47B2H         LINE#         67
  -------         ENDPROC       _WRITEDATA
  -------         PROC          _COMMAND
  D:0007H         SYMBOL        dat
  C:4A1FH         LINE#         69
  C:4A1FH         LINE#         70
  C:4A1FH         LINE#         71
  C:4A21H         LINE#         72
  C:4A23H         LINE#         74
  C:4A2DH         LINE#         75
  C:4A31H         LINE#         77
  C:4A33H         LINE#         78
  C:4A3CH         LINE#         79
  C:4A40H         LINE#         81
  C:4A42H         LINE#         82
  C:4A49H         LINE#         83
  C:4A4DH         LINE#         85
  C:4A4FH         LINE#         86
  C:4A53H         LINE#         87
  C:4A57H         LINE#         89
  C:4A59H         LINE#         90
  C:4A59H         LINE#         91
  C:4A5CH         LINE#         92
  C:4A5EH         LINE#         93
  -------         ENDPROC       _COMMAND
  C:4BE0H         SYMBOL        L?0038
  -------         PROC          L?0037
  -------         ENDPROC       L?0037
  C:4BE0H         SYMBOL        L?0038
  -------         PROC          _WAIT_MS
  D:0006H         SYMBOL        ms
  -------         DO            
  D:0004H         SYMBOL        De_Cnt
  -------         ENDDO         
  C:4BE4H         LINE#         95
  C:4BE4H         LINE#         96
  C:4BE4H         LINE#         98
BL51 BANKED LINKER/LOCATER V6.22                                                      04/04/2019  12:04:14  PAGE 21


  C:4BEEH         LINE#         99
  C:4BEEH         LINE#         100
  C:4C01H         LINE#         101
  C:4C01H         LINE#         102
  -------         ENDPROC       _WAIT_MS
  -------         PROC          _DISPLAYLCD
  D:0007H         SYMBOL        BCD
  -------         DO            
  D:0006H         SYMBOL        first_digit
  X:03E8H         SYMBOL        second_digit
  -------         ENDDO         
  C:4C7FH         LINE#         103
  C:4C7FH         LINE#         104
  C:4C7FH         LINE#         106
  C:4C86H         LINE#         107
  C:4C8FH         LINE#         109
  C:4C94H         LINE#         111
  -------         ENDPROC       _DISPLAYLCD
  -------         PROC          LCD_RETURN_HOME
  C:4DF0H         LINE#         115
  C:4DF0H         LINE#         116
  C:4DF0H         LINE#         117
  C:4DF5H         LINE#         118
  -------         ENDPROC       LCD_RETURN_HOME
  -------         PROC          LCD_CLEAR
  C:4DFAH         LINE#         121
  C:4DFAH         LINE#         122
  C:4DFAH         LINE#         123
  C:4DFFH         LINE#         124
  -------         ENDPROC       LCD_CLEAR
  -------         PROC          _DISPLAY_LINE
  D:0006H         SYMBOL        line
  C:4CFCH         LINE#         128
  C:4CFCH         LINE#         129
  C:4CFCH         LINE#         130
  C:4D02H         LINE#         131
  C:4D02H         LINE#         132
  C:4D04H         LINE#         133
  C:4D04H         LINE#         134
  C:4D06H         LINE#         136
  C:4D06H         LINE#         137
  C:4D0BH         LINE#         138
  C:4D10H         LINE#         139
  C:4D10H         LINE#         140
  -------         ENDPROC       _DISPLAY_LINE
  -------         PROC          _DISPLAY_POS
  X:04C3H         SYMBOL        sign_dat
  -------         DO            
  X:04C7H         SYMBOL        unit
  X:04C8H         SYMBOL        ten
  X:04C9H         SYMBOL        hundred
  D:0003H         SYMBOL        thousand
  X:04CAH         SYMBOL        after_dot
  X:04CBH         SYMBOL        dat
  -------         ENDDO         
  C:3C04H         LINE#         142
  C:3C0AH         LINE#         143
BL51 BANKED LINKER/LOCATER V6.22                                                      04/04/2019  12:04:14  PAGE 22


  C:3C0AH         LINE#         147
  C:3C26H         LINE#         148
  C:3C40H         LINE#         149
  C:3C64H         LINE#         151
  C:3CAEH         LINE#         153
  C:3CC5H         LINE#         154
  C:3CD2H         LINE#         155
  C:3CF4H         LINE#         156
  C:3D29H         LINE#         157
  C:3D41H         LINE#         158
  C:3D41H         LINE#         160
  C:3D41H         LINE#         161
  C:3D41H         LINE#         162
  C:3D41H         LINE#         163
  C:3D41H         LINE#         164
  C:3D41H         LINE#         168
  C:3D43H         LINE#         170
  C:3D43H         LINE#         172
  C:3D48H         LINE#         173
  C:3D4EH         LINE#         174
  C:3D54H         LINE#         175
  C:3D5AH         LINE#         176
  C:3D5FH         LINE#         177
  C:3D65H         LINE#         181
  C:3D65H         LINE#         183
  -------         ENDPROC       _DISPLAY_POS
  -------         PROC          _ABS
  D:0006H         SYMBOL        dat
  C:4D4FH         LINE#         185
  C:4D4FH         LINE#         186
  C:4D4FH         LINE#         187
  C:4D5AH         LINE#         188
  C:4D5BH         LINE#         190
  C:4D62H         LINE#         191
  -------         ENDPROC       _ABS
  -------         ENDMOD        LCD_DRIVER_SPLC780D

  -------         MODULE        KEYPAD
  C:0000H         SYMBOL        _ICE_DUMMY_
  D:0093H         PUBLIC        P0M1
  D:0080H         PUBLIC        P0
  D:0090H         PUBLIC        P1
  D:00A0H         PUBLIC        P2
  D:00B0H         PUBLIC        P3
  D:00C0H         PUBLIC        P4
  D:00C8H         PUBLIC        P5
  B:0020H.0       PUBLIC        calib_mode
  D:00E8H         PUBLIC        P6
  D:00F8H         PUBLIC        P7
  D:00A8H         PUBLIC        IE
  C:3766H         PUBLIC        Key_Scan
  D:00B8H         PUBLIC        IP
  D:00D8H         PUBLIC        CCON
  C:4DE4H         PUBLIC        KeyPad_IO_Init
  C:4C61H         PUBLIC        _Delay_ms
  D:0098H         PUBLIC        SCON
  D:0088H         PUBLIC        TCON
BL51 BANKED LINKER/LOCATER V6.22                                                      04/04/2019  12:04:14  PAGE 23


  B:0020H.1       PUBLIC        small_move
  B:0020H.2       PUBLIC        move
  B:0020H.3       PUBLIC        direction
  B:0020H.4       PUBLIC        auto_move
  C:32EEH         PUBLIC        Key_Process
  D:00D0H         PUBLIC        PSW
  D:0094H         PUBLIC        P0M0
  -------         PROC          _DELAY_MS
  D:0006H         SYMBOL        ms
  -------         DO            
  D:0004H         SYMBOL        De_Cnt
  -------         ENDDO         
  C:4C61H         LINE#         19
  C:4C61H         LINE#         20
  C:4C61H         LINE#         22
  C:4C6BH         LINE#         23
  C:4C6BH         LINE#         24
  C:4C7EH         LINE#         25
  C:4C7EH         LINE#         26
  -------         ENDPROC       _DELAY_MS
  -------         PROC          KEY_SCAN
  -------         DO            
  X:03EEH         SYMBOL        KeyTemp1
  X:03EFH         SYMBOL        KeyTemp2
  X:03F0H         SYMBOL        KeyValue
  -------         ENDDO         
  C:3766H         LINE#         27
  C:3766H         LINE#         28
  C:3766H         LINE#         33
  C:3769H         LINE#         36
  C:376CH         LINE#         38
  C:3774H         LINE#         39
  C:377BH         LINE#         40
  C:377BH         LINE#         42
  C:3780H         LINE#         43
  C:3787H         LINE#         44
  C:3787H         LINE#         47
  C:378AH         LINE#         48
  C:378DH         LINE#         49
  C:3792H         LINE#         50
  C:3796H         LINE#         51
  C:3796H         LINE#         52
  C:379EH         LINE#         53
  C:379EH         LINE#         54
  C:37A1H         LINE#         55
  C:37A9H         LINE#         56
  C:37ABH         LINE#         58
  C:37BFH         LINE#         59
  C:37BFH         LINE#         60
  C:37BFH         LINE#         61
  C:37BFH         LINE#         62
  C:37C5H         LINE#         64
  C:37C7H         LINE#         65
  C:37C7H         LINE#         66
  C:37C7H         LINE#         67
  C:37CDH         LINE#         69
  C:37CFH         LINE#         70
BL51 BANKED LINKER/LOCATER V6.22                                                      04/04/2019  12:04:14  PAGE 24


  C:37CFH         LINE#         71
  C:37CFH         LINE#         72
  C:37D5H         LINE#         74
  C:37D7H         LINE#         75
  C:37D7H         LINE#         76
  C:37D7H         LINE#         77
  C:37DDH         LINE#         79
  C:37DDH         LINE#         80
  C:37DDH         LINE#         81
  C:37DDH         LINE#         84
  C:37E0H         LINE#         85
  C:37E3H         LINE#         86
  C:37EBH         LINE#         87
  C:37EFH         LINE#         88
  C:37EFH         LINE#         89
  C:37F7H         LINE#         90
  C:37F7H         LINE#         91
  C:37FAH         LINE#         92
  C:3802H         LINE#         93
  C:3804H         LINE#         94
  C:3818H         LINE#         95
  C:3818H         LINE#         96
  C:3818H         LINE#         97
  C:3818H         LINE#         98
  C:381EH         LINE#         100
  C:3820H         LINE#         101
  C:3820H         LINE#         102
  C:3820H         LINE#         103
  C:3826H         LINE#         105
  C:3828H         LINE#         106
  C:3828H         LINE#         107
  C:3828H         LINE#         108
  C:382EH         LINE#         110
  C:3830H         LINE#         111
  C:3830H         LINE#         112
  C:3830H         LINE#         113
  C:3835H         LINE#         115
  C:3835H         LINE#         116
  C:3835H         LINE#         117
  C:3835H         LINE#         120
  C:3838H         LINE#         121
  C:383BH         LINE#         122
  C:3843H         LINE#         123
  C:3847H         LINE#         124
  C:3847H         LINE#         125
  C:384FH         LINE#         126
  C:384FH         LINE#         127
  C:3852H         LINE#         128
  C:385AH         LINE#         129
  C:385CH         LINE#         130
  C:3870H         LINE#         131
  C:3870H         LINE#         132
  C:3870H         LINE#         133
  C:3870H         LINE#         134
  C:3876H         LINE#         136
  C:3878H         LINE#         137
  C:3878H         LINE#         138
BL51 BANKED LINKER/LOCATER V6.22                                                      04/04/2019  12:04:14  PAGE 25


  C:3878H         LINE#         139
  C:387EH         LINE#         141
  C:3880H         LINE#         142
  C:3880H         LINE#         143
  C:3880H         LINE#         144
  C:3886H         LINE#         146
  C:3888H         LINE#         147
  C:3888H         LINE#         148
  C:3888H         LINE#         149
  C:388EH         LINE#         151
  C:388EH         LINE#         152
  C:388EH         LINE#         153
  C:388EH         LINE#         157
  C:3891H         LINE#         158
  C:3894H         LINE#         159
  C:389CH         LINE#         160
  C:38A0H         LINE#         161
  C:38A0H         LINE#         162
  C:38A8H         LINE#         163
  C:38A8H         LINE#         164
  C:38ABH         LINE#         165
  C:38B3H         LINE#         166
  C:38B5H         LINE#         167
  C:38C9H         LINE#         168
  C:38C9H         LINE#         169
  C:38C9H         LINE#         170
  C:38C9H         LINE#         171
  C:38CFH         LINE#         173
  C:38D1H         LINE#         174
  C:38D1H         LINE#         175
  C:38D1H         LINE#         176
  C:38D7H         LINE#         178
  C:38D9H         LINE#         179
  C:38D9H         LINE#         180
  C:38D9H         LINE#         181
  C:38DFH         LINE#         183
  C:38E1H         LINE#         184
  C:38E1H         LINE#         185
  C:38E1H         LINE#         186
  C:38E7H         LINE#         188
  C:38E7H         LINE#         189
  C:38E7H         LINE#         190
  C:38E7H         LINE#         192
  C:38EDH         LINE#         193
  C:38EDH         LINE#         195
  C:38EDH         LINE#         196
  C:38F0H         LINE#         197
  C:38F0H         LINE#         198
  C:38F0H         LINE#         200
  C:38F0H         LINE#         201
  C:38F2H         LINE#         202
  C:38F2H         LINE#         203
  -------         ENDPROC       KEY_SCAN
  -------         PROC          KEY_PROCESS
  -------         DO            
  X:05A7H         SYMBOL        KeyCount
  X:05A9H         SYMBOL        KeyNum_Old
BL51 BANKED LINKER/LOCATER V6.22                                                      04/04/2019  12:04:14  PAGE 26


  X:05AAH         SYMBOL        KeyNum
  X:05ABH         SYMBOL        PressedKey
  X:03E8H         SYMBOL        d
  D:0004H         SYMBOL        hours
  D:0006H         SYMBOL        mins
  X:03EAH         SYMBOL        months
  X:03ECH         SYMBOL        days
  -------         ENDDO         
  C:32EEH         LINE#         204
  C:32EEH         LINE#         205
  C:32EEH         LINE#         209
  C:32F6H         LINE#         210
  C:32FEH         LINE#         212
  C:3301H         LINE#         213
  C:3301H         LINE#         214
  C:3304H         LINE#         216
  C:3304H         LINE#         217
  C:3311H         LINE#         218
  C:3311H         LINE#         219
  C:3314H         LINE#         220
  C:3317H         LINE#         222
  C:331AH         LINE#         224
  C:331AH         LINE#         225
  C:3325H         LINE#         226
  C:3325H         LINE#         227
  C:3328H         LINE#         229
  C:3328H         LINE#         230
  C:332FH         LINE#         231
  C:332FH         LINE#         232
  C:3332H         LINE#         234
  C:3332H         LINE#         235
  C:333AH         LINE#         236
  C:333AH         LINE#         237
  C:3344H         LINE#         238
  C:334CH         LINE#         240
  C:3355H         LINE#         242
  C:3355H         LINE#         251
  C:336AH         LINE#         252
  C:336AH         LINE#         253
  C:337CH         LINE#         254
  C:338AH         LINE#         255
  C:3399H         LINE#         256
  C:3399H         LINE#         258
  C:339FH         LINE#         262
  C:33B5H         LINE#         263
  C:33C6H         LINE#         264
  C:33E1H         LINE#         265
  C:33E1H         LINE#         266
  C:33F1H         LINE#         267
  C:3402H         LINE#         268
  C:3402H         LINE#         272
  C:341BH         LINE#         273
  C:3432H         LINE#         274
  C:3452H         LINE#         275
  C:3452H         LINE#         276
  C:345CH         LINE#         277
  C:345CH         LINE#         278
BL51 BANKED LINKER/LOCATER V6.22                                                      04/04/2019  12:04:14  PAGE 27


  C:3465H         LINE#         279
  C:3465H         LINE#         280
  C:3479H         LINE#         281
  C:3479H         LINE#         282
  C:3479H         LINE#         283
  C:3479H         LINE#         284
  C:3479H         LINE#         285
  C:347BH         LINE#         287
  C:347BH         LINE#         288
  C:3487H         LINE#         289
  C:3487H         LINE#         290
  C:3498H         LINE#         291
  C:3498H         LINE#         292
  C:3498H         LINE#         293
  C:3498H         LINE#         294
  C:3498H         LINE#         296
  C:349AH         LINE#         298
  C:349AH         LINE#         299
  C:34ABH         LINE#         300
  C:34ABH         LINE#         301
  C:34ABH         LINE#         302
  C:34ABH         LINE#         303
  C:34ABH         LINE#         305
  C:34ABH         LINE#         307
  C:34ABH         LINE#         308
  C:34ADH         LINE#         310
  C:34ADH         LINE#         311
  C:34C0H         LINE#         312
  C:34C0H         LINE#         313
  C:34D1H         LINE#         314
  C:34D1H         LINE#         315
  C:34D1H         LINE#         316
  C:34D1H         LINE#         317
  C:34D1H         LINE#         318
  C:34D3H         LINE#         320
  C:34D3H         LINE#         321
  C:34E4H         LINE#         322
  C:34E4H         LINE#         323
  C:34F5H         LINE#         324
  C:3506H         LINE#         325
  C:3506H         LINE#         326
  C:3506H         LINE#         327
  C:3506H         LINE#         328
  C:3506H         LINE#         330
  C:3520H         LINE#         331
  C:3520H         LINE#         332
  C:3525H         LINE#         333
  C:3525H         LINE#         334
  C:352BH         LINE#         335
  C:352BH         LINE#         336
  C:352EH         LINE#         337
  C:3533H         LINE#         338
  C:3538H         LINE#         339
  C:353DH         LINE#         340
  C:3542H         LINE#         341
  C:3547H         LINE#         342
  C:354CH         LINE#         343
BL51 BANKED LINKER/LOCATER V6.22                                                      04/04/2019  12:04:14  PAGE 28


  C:3551H         LINE#         344
  C:3551H         LINE#         345
  C:3551H         LINE#         347
  C:3573H         LINE#         348
  C:3573H         LINE#         349
  C:357DH         LINE#         350
  C:357DH         LINE#         351
  C:3582H         LINE#         352
  C:358BH         LINE#         353
  C:35A2H         LINE#         354
  C:35A2H         LINE#         355
  C:35B2H         LINE#         357
  C:35B2H         LINE#         361
  -------         ENDPROC       KEY_PROCESS
  -------         PROC          KEYPAD_IO_INIT
  C:4DE4H         LINE#         364
  C:4DE4H         LINE#         365
  C:4DE4H         LINE#         366
  C:4DE7H         LINE#         367
  C:4DEAH         LINE#         368
  C:4DEDH         LINE#         369
  C:4DEFH         LINE#         370
  -------         ENDPROC       KEYPAD_IO_INIT
  -------         ENDMOD        KEYPAD

  -------         MODULE        BIPOLARMOTOR
  C:0000H         SYMBOL        _ICE_DUMMY_
  X:0000H         PUBLIC        UTC_time
  D:0080H         PUBLIC        P0
  D:0090H         PUBLIC        P1
  X:0004H         PUBLIC        RX_pos_test
  D:00A0H         PUBLIC        P2
  D:00B0H         PUBLIC        P3
  D:00C0H         PUBLIC        P4
  D:00C8H         PUBLIC        P5
  D:00E8H         PUBLIC        P6
  D:00F8H         PUBLIC        P7
  X:00A4H         PUBLIC        low_date_azimuth_mapping
  D:00A8H         PUBLIC        IE
  C:4198H         PUBLIC        linear_interpolate
  X:00CCH         PUBLIC        declination
  C:4B8FH         PUBLIC        _Move
  D:00B8H         PUBLIC        IP
  X:00D0H         PUBLIC        time_offset
  D:00D8H         PUBLIC        CCON
  X:00D4H         PUBLIC        previous_move_time
  X:00D5H         PUBLIC        time
  D:0098H         PUBLIC        SCON
  D:0088H         PUBLIC        TCON
  C:4E14H         PUBLIC        wait
  C:4A5FH         PUBLIC        _Step_move
  X:00E7H         PUBLIC        dat
  X:00EDH         PUBLIC        current_local_sun_time
  C:1C58H         PUBLIC        _Update_position
  C:2F6EH         PUBLIC        _elevation_calculation
  X:00F1H         PUBLIC        sunCoord
  C:4947H         PUBLIC        vOneStepMove
BL51 BANKED LINKER/LOCATER V6.22                                                      04/04/2019  12:04:14  PAGE 29


  X:00F4H         PUBLIC        elevation_stamp
  X:0130H         PUBLIC        date_azimuth_mapping
  X:0158H         PUBLIC        location
  X:0160H         PUBLIC        RX_pos
  C:4D11H         PUBLIC        vSetLocation
  C:4CA6H         PUBLIC        _BCDtoDec1
  X:03B8H         PUBLIC        degree
  C:229EH         PUBLIC        _TheoricalJP_Position
  D:00D0H         PUBLIC        PSW
  -------         PROC          VSETLOCATION
  C:4D11H         LINE#         44
  C:4D11H         LINE#         45
  C:4D11H         LINE#         46
  C:4D1BH         LINE#         47
  C:4D25H         LINE#         48
  -------         ENDPROC       VSETLOCATION
  C:4CA2H         SYMBOL        L?0061
  -------         PROC          L?0060
  -------         ENDPROC       L?0060
  C:4CA2H         SYMBOL        L?0061
  -------         PROC          _BCDTODEC1
  D:0007H         SYMBOL        bcd
  -------         DO            
  D:0006H         SYMBOL        hi
  D:0007H         SYMBOL        lo
  -------         ENDDO         
  C:4CA6H         LINE#         49
  C:4CA6H         LINE#         50
  C:4CA6H         LINE#         52
  C:4CABH         LINE#         53
  C:4CAFH         LINE#         54
  C:4CB6H         LINE#         55
  -------         ENDPROC       _BCDTODEC1
  -------         PROC          WAIT
  C:4E14H         LINE#         57
  C:4E14H         LINE#         59
  -------         ENDPROC       WAIT
  -------         PROC          VONESTEPMOVE
  B:0020H.7       SYMBOL        bDir
  C:4947H         LINE#         61
  C:4947H         LINE#         62
  C:4947H         LINE#         64
  C:494DH         LINE#         65
  C:494DH         LINE#         66
  C:4950H         LINE#         67
  C:4959H         LINE#         68
  C:4960H         LINE#         69
  C:4965H         LINE#         70
  C:4965H         LINE#         71
  C:4965H         LINE#         73
  C:4967H         LINE#         76
  C:4967H         LINE#         77
  C:496AH         LINE#         78
  C:4973H         LINE#         79
  C:497AH         LINE#         80
  C:4980H         LINE#         81
  C:4989H         LINE#         82
BL51 BANKED LINKER/LOCATER V6.22                                                      04/04/2019  12:04:14  PAGE 30


  C:4990H         LINE#         83
  C:4990H         LINE#         87
  -------         ENDPROC       VONESTEPMOVE
  -------         PROC          _STEP_MOVE
  X:04C7H         SYMBOL        step
  B:0020H.6       SYMBOL        dir
  -------         DO            
  X:04C9H         SYMBOL        i
  -------         ENDDO         
  C:4A5FH         LINE#         89
  C:4A67H         LINE#         90
  C:4A67H         LINE#         92
  C:4A6CH         LINE#         95
  C:4A87H         LINE#         96
  C:4A87H         LINE#         97
  C:4A8EH         LINE#         99
  C:4A9EH         LINE#         101
  -------         ENDPROC       _STEP_MOVE
  -------         PROC          _MOVE
  X:04C3H         SYMBOL        distance
  B:0020H.5       SYMBOL        direction
  -------         DO            
  D:0006H         SYMBOL        step
  -------         ENDDO         
  C:4B8FH         LINE#         103
  C:4B95H         LINE#         104
  C:4B95H         LINE#         107
  C:4BB0H         LINE#         108
  -------         ENDPROC       _MOVE
  C:4187H         SYMBOL        L?0059
  -------         PROC          L?0058
  -------         ENDPROC       L?0058
  C:4187H         SYMBOL        L?0059
  -------         PROC          LINEAR_INTERPOLATE
  X:0496H         SYMBOL        p1
  X:049EH         SYMBOL        p2
  X:04A6H         SYMBOL        x
  -------         DO            
  D:0004H         SYMBOL        fx
  -------         ENDDO         
  C:4198H         LINE#         141
  C:4198H         LINE#         142
  C:4198H         LINE#         145
  C:4237H         LINE#         147
  C:4237H         LINE#         148
  -------         ENDPROC       LINEAR_INTERPOLATE
  -------         PROC          _THEORICALJP_POSITION
  X:043AH         SYMBOL        azimuth
  X:043EH         SYMBOL        elevation
  -------         DO            
  X:0442H         SYMBOL        pos_interpolate_azimuth
  X:047EH         SYMBOL        JP_pos
  X:0482H         SYMBOL        i
  X:0484H         SYMBOL        yy
  X:0486H         SYMBOL        p1
  X:048EH         SYMBOL        p2
  -------         ENDDO         
BL51 BANKED LINKER/LOCATER V6.22                                                      04/04/2019  12:04:14  PAGE 31


  C:229EH         LINE#         151
  C:22A4H         LINE#         152
  C:22A4H         LINE#         154
  C:22AEH         LINE#         157
  C:22CAH         LINE#         158
  C:22CAH         LINE#         159
  C:233AH         LINE#         160
  C:233AH         LINE#         161
  C:2341H         LINE#         162
  C:2341H         LINE#         163
  C:236EH         LINE#         164
  C:2389H         LINE#         166
  C:23D0H         LINE#         167
  C:2404H         LINE#         169
  C:244AH         LINE#         170
  C:246FH         LINE#         172
  C:246FH         LINE#         174
  C:24E5H         LINE#         175
  C:24E5H         LINE#         176
  C:24ECH         LINE#         177
  C:24ECH         LINE#         178
  C:2519H         LINE#         179
  C:2534H         LINE#         181
  C:257BH         LINE#         182
  C:25AFH         LINE#         184
  C:25F5H         LINE#         185
  C:2617H         LINE#         187
  C:2617H         LINE#         188
  C:262BH         LINE#         191
  C:2647H         LINE#         192
  C:2647H         LINE#         193
  C:26B7H         LINE#         194
  C:26B7H         LINE#         195
  C:26E4H         LINE#         196
  C:26FFH         LINE#         198
  C:272CH         LINE#         199
  C:2747H         LINE#         201
  C:2779H         LINE#         204
  C:2779H         LINE#         206
  C:278AH         LINE#         207
  C:2798H         LINE#         209
  -------         ENDPROC       _THEORICALJP_POSITION
  -------         PROC          _UPDATE_POSITION
  D:0001H         SYMBOL        mnths
  D:0002H         SYMBOL        dys
  X:040EH         SYMBOL        hurs
  X:040FH         SYMBOL        mns
  X:0410H         SYMBOL        sconds
  X:0411H         SYMBOL        currnt_pos
  X:0414H         SYMBOL        offset_calib
  -------         DO            
  X:0418H         SYMBOL        date
  X:041AH         SYMBOL        i
  X:041CH         SYMBOL        yy
  X:041EH         SYMBOL        desired_distance
  X:0422H         SYMBOL        distance
  X:0426H         SYMBOL        JP_pos
BL51 BANKED LINKER/LOCATER V6.22                                                      04/04/2019  12:04:14  PAGE 32


  X:042AH         SYMBOL        elevation
  X:042EH         SYMBOL        azimuth
  X:0432H         SYMBOL        time_offset
  X:0436H         SYMBOL        UTC_time
  -------         ENDDO         
  C:1C58H         LINE#         212
  C:1C61H         LINE#         215
  C:1C61H         LINE#         216
  C:1C6CH         LINE#         218
  C:1C88H         LINE#         219
  C:1C92H         LINE#         225
  C:1C9CH         LINE#         226
  C:1CA7H         LINE#         227
  C:1CB2H         LINE#         228
  C:1CCBH         LINE#         229
  C:1CDCH         LINE#         230
  C:1CEBH         LINE#         233
  C:1CFFH         LINE#         237
  C:1D51H         LINE#         238
  C:1EB5H         LINE#         239
  C:1F05H         LINE#         242
  C:202DH         LINE#         245
  C:20FCH         LINE#         252
  C:2143H         LINE#         253
  C:2143H         LINE#         255
  C:216EH         LINE#         256
  C:219DH         LINE#         258
  C:21C2H         LINE#         259
  C:2227H         LINE#         260
  C:2227H         LINE#         261
  C:2241H         LINE#         262
  C:2253H         LINE#         263
  C:226BH         LINE#         264
  C:2281H         LINE#         266
  C:229DH         LINE#         267
  C:229DH         LINE#         268
  C:229DH         LINE#         271
  -------         ENDPROC       _UPDATE_POSITION
  -------         PROC          _ELEVATION_CALCULATION
  D:0007H         SYMBOL        mnths
  D:0005H         SYMBOL        dys
  X:03EAH         SYMBOL        hurs
  X:03EBH         SYMBOL        mns
  X:03ECH         SYMBOL        sconds
  C:2F6EH         LINE#         273
  C:2F73H         LINE#         275
  C:2F73H         LINE#         276
  C:2F7DH         LINE#         277
  C:2F86H         LINE#         278
  C:2F91H         LINE#         279
  C:2FAAH         LINE#         280
  C:2FBEH         LINE#         281
  C:2FD0H         LINE#         285
  C:3022H         LINE#         286
  C:3186H         LINE#         287
  C:31D6H         LINE#         289
  C:32EDH         LINE#         291
BL51 BANKED LINKER/LOCATER V6.22                                                      04/04/2019  12:04:14  PAGE 33


  -------         ENDPROC       _ELEVATION_CALCULATION
  -------         ENDMOD        BIPOLARMOTOR

  -------         MODULE        SUNPOS
  C:0000H         SYMBOL        _ICE_DUMMY_
  C:14B6H         PUBLIC        sunpos
  -------         PROC          SUNPOS
  X:043AH         SYMBOL        udtTime
  X:044CH         SYMBOL        udtLocation
  X:0454H         SYMBOL        udtSunCoordinates
  -------         DO            
  X:0457H         SYMBOL        dElapsedJulianDays
  X:045BH         SYMBOL        dDecimalHours
  X:045FH         SYMBOL        dEclipticLongitude
  X:0463H         SYMBOL        dEclipticObliquity
  X:0467H         SYMBOL        dRightAscension
  X:046BH         SYMBOL        dDeclination
  X:046FH         SYMBOL        dY
  X:0473H         SYMBOL        dX
  -------         DO            
  X:0477H         SYMBOL        dJulianDate
  X:047BH         SYMBOL        liAux1
  X:047FH         SYMBOL        liAux2
  X:0477H         SYMBOL        dMeanLongitude
  X:047BH         SYMBOL        dMeanAnomaly
  X:047FH         SYMBOL        dOmega
  X:0477H         SYMBOL        dSin_EclipticLongitude
  X:0477H         SYMBOL        dGreenwichMeanSiderealTime
  X:047BH         SYMBOL        dLocalMeanSiderealTime
  X:047FH         SYMBOL        dLatitudeInRadians
  X:0483H         SYMBOL        dHourAngle
  X:0487H         SYMBOL        dCos_Latitude
  X:048BH         SYMBOL        dSin_Latitude
  X:048FH         SYMBOL        dCos_HourAngle
  X:0493H         SYMBOL        dParallax
  -------         ENDDO         
  -------         DO            
  X:0477H         SYMBOL        dMeanLongitude
  X:047BH         SYMBOL        dMeanAnomaly
  X:047FH         SYMBOL        dOmega
  X:0477H         SYMBOL        dSin_EclipticLongitude
  X:0477H         SYMBOL        dGreenwichMeanSiderealTime
  X:047BH         SYMBOL        dLocalMeanSiderealTime
  X:047FH         SYMBOL        dLatitudeInRadians
  X:0483H         SYMBOL        dHourAngle
  X:0487H         SYMBOL        dCos_Latitude
  X:048BH         SYMBOL        dSin_Latitude
  X:048FH         SYMBOL        dCos_HourAngle
  X:0493H         SYMBOL        dParallax
  -------         ENDDO         
  -------         DO            
  X:0477H         SYMBOL        dSin_EclipticLongitude
  X:0477H         SYMBOL        dGreenwichMeanSiderealTime
  X:047BH         SYMBOL        dLocalMeanSiderealTime
  X:047FH         SYMBOL        dLatitudeInRadians
  X:0483H         SYMBOL        dHourAngle
  X:0487H         SYMBOL        dCos_Latitude
BL51 BANKED LINKER/LOCATER V6.22                                                      04/04/2019  12:04:14  PAGE 34


  X:048BH         SYMBOL        dSin_Latitude
  X:048FH         SYMBOL        dCos_HourAngle
  X:0493H         SYMBOL        dParallax
  -------         ENDDO         
  -------         DO            
  X:0477H         SYMBOL        dGreenwichMeanSiderealTime
  X:047BH         SYMBOL        dLocalMeanSiderealTime
  X:047FH         SYMBOL        dLatitudeInRadians
  X:0483H         SYMBOL        dHourAngle
  X:0487H         SYMBOL        dCos_Latitude
  X:048BH         SYMBOL        dSin_Latitude
  X:048FH         SYMBOL        dCos_HourAngle
  X:0493H         SYMBOL        dParallax
  -------         ENDDO         
  -------         ENDDO         
  C:14B6H         LINE#         6
  C:14B6H         LINE#         7
  C:14B6H         LINE#         9
  C:14B6H         LINE#         27
  C:1500H         LINE#         30
  C:1521H         LINE#         31
  C:1668H         LINE#         34
  C:16B4H         LINE#         36
  C:16D3H         LINE#         37
  C:16D3H         LINE#         42
  C:16D3H         LINE#         46
  C:1705H         LINE#         47
  C:172FH         LINE#         48
  C:1759H         LINE#         49
  C:1806H         LINE#         52
  C:1867H         LINE#         54
  C:1867H         LINE#         59
  C:1867H         LINE#         61
  C:187EH         LINE#         62
  C:18A6H         LINE#         63
  C:18BDH         LINE#         64
  C:18E8H         LINE#         65
  C:191FH         LINE#         66
  C:194AH         LINE#         67
  C:194AH         LINE#         70
  C:194AH         LINE#         79
  C:1985H         LINE#         82
  C:19BFH         LINE#         84
  C:19E4H         LINE#         85
[...]
  C:4064H         LINE#         148
  C:4067H         LINE#         149
  C:406EH         LINE#         151
  C:408DH         LINE#         153
  C:408FH         LINE#         154
  C:4092H         LINE#         155
  C:4099H         LINE#         157
  -------         ENDPROC       _AT25SF041_WRITE
  -------         PROC          _AT25SF041_READ
  D:0003H         SYMBOL        opcode
BL51 BANKED LINKER/LOCATER V6.22                                                      04/04/2019  12:04:14  PAGE 46


  X:05B1H         SYMBOL        addr
  -------         DO            
  X:05B5H         SYMBOL        dat
  X:05B6H         SYMBOL        i
  -------         ENDDO         
  C:3E88H         LINE#         159
  C:3E8AH         LINE#         160
  C:3E8AH         LINE#         161
  C:3E8FH         LINE#         163
  C:3E91H         LINE#         164
  C:3E97H         LINE#         168
  C:3E9CH         LINE#         169
  C:3E9CH         LINE#         170
  C:3E9EH         LINE#         171
  C:3EA1H         LINE#         172
  C:3EA5H         LINE#         173
  C:3EA5H         LINE#         174
  C:3EA7H         LINE#         175
  C:3EA9H         LINE#         177
  C:3EA9H         LINE#         178
  C:3EABH         LINE#         180
  C:3EABH         LINE#         181
  C:3EABH         LINE#         182
  C:3EABH         LINE#         183
  C:3EAEH         LINE#         184
  C:3EB2H         LINE#         187
  C:3ED1H         LINE#         189
  C:3ED8H         LINE#         190
  C:3ED8H         LINE#         191
  C:3EDAH         LINE#         192
  C:3EDDH         LINE#         193
  C:3EF9H         LINE#         194
  C:3EF9H         LINE#         195
  C:3EFBH         LINE#         196
  C:3EFDH         LINE#         198
  C:3EFDH         LINE#         199
  C:3EFFH         LINE#         201
  C:3EFFH         LINE#         202
  C:3EFFH         LINE#         203
  C:3EFFH         LINE#         204
  C:3F02H         LINE#         205
  C:3F1BH         LINE#         207
  C:3F3AH         LINE#         210
  C:3F41H         LINE#         212
  C:3F43H         LINE#         213
  C:3F4AH         LINE#         215
  C:3F51H         LINE#         216
  C:3F51H         LINE#         217
  C:3F58H         LINE#         218
  C:3F58H         LINE#         219
  C:3F5BH         LINE#         220
  C:3F5DH         LINE#         221
  C:3F60H         LINE#         223
  C:3F63H         LINE#         224
  C:3F63H         LINE#         226
  C:3F67H         LINE#         227
  C:3F67H         LINE#         233
BL51 BANKED LINKER/LOCATER V6.22                                                      04/04/2019  12:04:14  PAGE 47


  C:3F86H         LINE#         236
  C:3F88H         LINE#         237
  C:3F8BH         LINE#         238
  C:3F92H         LINE#         240
  C:3F97H         LINE#         242
  -------         ENDPROC       _AT25SF041_READ
  -------         PROC          UCREAD_STATUS_REGISTER_BYTE1
  -------         DO            
  D:0003H         SYMBOL        dat
  D:0001H         SYMBOL        opcode
  X:04CBH         SYMBOL        count
  X:04CCH         SYMBOL        i
  -------         ENDDO         
  C:444CH         LINE#         246
  C:444CH         LINE#         247
  C:444CH         LINE#         248
  C:4452H         LINE#         249
  C:4456H         LINE#         250
  C:4458H         LINE#         251
  C:445AH         LINE#         252
  C:4460H         LINE#         256
  C:4467H         LINE#         257
  C:4467H         LINE#         258
  C:4469H         LINE#         259
  C:446CH         LINE#         260
  C:4470H         LINE#         261
  C:4470H         LINE#         262
  C:4472H         LINE#         263
  C:4474H         LINE#         265
  C:4474H         LINE#         266
  C:4476H         LINE#         268
  C:4476H         LINE#         269
  C:4476H         LINE#         270
  C:4476H         LINE#         271
  C:4479H         LINE#         272
  C:447DH         LINE#         275
  C:449CH         LINE#         279
  C:44A3H         LINE#         281
  C:44A5H         LINE#         282
  C:44ACH         LINE#         283
  C:44B3H         LINE#         284
  C:44B3H         LINE#         285
  C:44B7H         LINE#         286
  C:44B7H         LINE#         287
  C:44BAH         LINE#         288
  C:44BCH         LINE#         289
  C:44BFH         LINE#         291
  C:44C2H         LINE#         292
  C:44C2H         LINE#         294
  C:44C6H         LINE#         295
  C:44C6H         LINE#         297
  C:44E5H         LINE#         301
  C:44E7H         LINE#         302
  C:44EAH         LINE#         303
  C:44ECH         LINE#         304
  -------         ENDPROC       UCREAD_STATUS_REGISTER_BYTE1
  -------         PROC          SPI_NOR_WRITE_DATA
BL51 BANKED LINKER/LOCATER V6.22                                                      04/04/2019  12:04:14  PAGE 48


  X:03E8H         SYMBOL        dat
  X:03F3H         SYMBOL        addr
  C:38F3H         LINE#         306
  C:38F3H         LINE#         307
  C:38F3H         LINE#         309
  C:38F6H         LINE#         311
  C:3910H         LINE#         312
  C:392EH         LINE#         314
  C:3935H         LINE#         315
  C:3938H         LINE#         317
  C:3952H         LINE#         318
  C:3952H         LINE#         319
  C:3952H         LINE#         322
  C:3955H         LINE#         324
  C:396FH         LINE#         325
  C:396FH         LINE#         326
  C:396FH         LINE#         328
  C:3972H         LINE#         330
  C:398CH         LINE#         331
  C:398CH         LINE#         332
  C:398CH         LINE#         334
  C:398FH         LINE#         336
  C:39A9H         LINE#         337
  C:39A9H         LINE#         338
  C:39A9H         LINE#         340
  C:39ACH         LINE#         342
  C:39C6H         LINE#         343
  C:39C6H         LINE#         344
  C:39C6H         LINE#         346
  C:39C9H         LINE#         348
  C:39E3H         LINE#         349
  C:39E3H         LINE#         350
  C:39E3H         LINE#         352
  C:39E6H         LINE#         354
  C:3A00H         LINE#         355
  C:3A00H         LINE#         356
  C:3A00H         LINE#         358
  C:3A03H         LINE#         360
  C:3A1DH         LINE#         361
  C:3A1DH         LINE#         362
  C:3A1DH         LINE#         364
  C:3A20H         LINE#         366
  C:3A3AH         LINE#         367
  C:3A3AH         LINE#         368
  C:3A3AH         LINE#         370
  C:3A3DH         LINE#         372
  C:3A57H         LINE#         373
  C:3A5EH         LINE#         374
  -------         ENDPROC       SPI_NOR_WRITE_DATA
  -------         ENDMOD        AT25SF041

  -------         MODULE        ?C_STARTUP
  C:4626H         SEGMENT       ?C_C51STARTUP
  I:0022H         SEGMENT       ?STACK
  C:0000H         PUBLIC        ?C_STARTUP
  D:00E0H         SYMBOL        ACC
  D:00F0H         SYMBOL        B
BL51 BANKED LINKER/LOCATER V6.22                                                      04/04/2019  12:04:14  PAGE 49


  D:0083H         SYMBOL        DPH
  D:0082H         SYMBOL        DPL
  N:0000H         SYMBOL        IBPSTACK
  N:0100H         SYMBOL        IBPSTACKTOP
  N:0080H         SYMBOL        IDATALEN
  C:4629H         SYMBOL        IDATALOOP
  N:0000H         SYMBOL        PBPSTACK
  N:0100H         SYMBOL        PBPSTACKTOP
  N:0000H         SYMBOL        PDATALEN
  N:0000H         SYMBOL        PDATASTART
  N:0000H         SYMBOL        PPAGE
  N:0000H         SYMBOL        PPAGEENABLE
  D:00A0H         SYMBOL        PPAGE_SFR
  D:0081H         SYMBOL        SP
  C:4626H         SYMBOL        STARTUP1
  N:0000H         SYMBOL        XBPSTACK
  N:0000H         SYMBOL        XBPSTACKTOP
  N:0000H         SYMBOL        XDATALEN
  N:0000H         SYMBOL        XDATASTART
  C:0000H         LINE#         126
  C:4626H         LINE#         133
  C:4628H         LINE#         134
  C:4629H         LINE#         135
  C:462AH         LINE#         136
  C:462CH         LINE#         185
  C:462FH         LINE#         196
  -------         ENDMOD        ?C_STARTUP

  -------         MODULE        ?C?FPADD
  C:0B07H         PUBLIC        ?C?FPADD
  C:0B03H         PUBLIC        ?C?FPSUB
  -------         ENDMOD        ?C?FPADD

  -------         MODULE        ?C?FPMUL
  C:0BF8H         PUBLIC        ?C?FPMUL
  -------         ENDMOD        ?C?FPMUL

  -------         MODULE        ?C?FPDIV
  C:0D01H         PUBLIC        ?C?FPDIV
  -------         ENDMOD        ?C?FPDIV

  -------         MODULE        ?C?FPCMP
  C:0DA0H         PUBLIC        ?C?FPCMP
  C:0D9EH         PUBLIC        ?C?FPCMP3
  -------         ENDMOD        ?C?FPCMP

  -------         MODULE        ?C?FPNEG
  C:0E17H         PUBLIC        ?C?FPNEG
  -------         ENDMOD        ?C?FPNEG

  -------         MODULE        ?C?FCAST
  C:0E32H         PUBLIC        ?C?FCASTC
  C:0E2DH         PUBLIC        ?C?FCASTI
  C:0E28H         PUBLIC        ?C?FCASTL
  -------         ENDMOD        ?C?FCAST

  -------         MODULE        ?C?CASTF
BL51 BANKED LINKER/LOCATER V6.22                                                      04/04/2019  12:04:14  PAGE 50


  C:0E66H         PUBLIC        ?C?CASTF
  -------         ENDMOD        ?C?CASTF

  -------         MODULE        ATAN2
  X:0497H         PUBLIC        ?_atan2?BYTE
  C:44EDH         PUBLIC        _atan2
  -------         ENDMOD        ATAN2

  -------         MODULE        SIN
  C:3AC4H         PUBLIC        _COS
  C:3ADAH         PUBLIC        _SIN
  C:3B16H         PUBLIC        _TAN
  -------         ENDMOD        SIN

  -------         MODULE        ACOS
  C:4991H         PUBLIC        _ACOS
  -------         ENDMOD        ACOS

  -------         MODULE        ASIN
  C:4A9FH         PUBLIC        _ASIN
  -------         ENDMOD        ASIN

  -------         MODULE        SQRT
  C:43A4H         PUBLIC        _SQRT
  -------         ENDMOD        SQRT

  -------         MODULE        ATAN
  C:3D86H         PUBLIC        _ATAN
  -------         ENDMOD        ATAN

  -------         MODULE        ?C?COPY
  C:1004H         PUBLIC        ?C?COPY
  -------         ENDMOD        ?C?COPY

  -------         MODULE        ?C?CLDPTR
  C:102AH         PUBLIC        ?C?CLDPTR
  -------         ENDMOD        ?C?CLDPTR

  -------         MODULE        ?C?CLDOPTR
  C:1043H         PUBLIC        ?C?CLDOPTR
  -------         ENDMOD        ?C?CLDOPTR

  -------         MODULE        ?C?CSTPTR
  C:1070H         PUBLIC        ?C?CSTPTR
  -------         ENDMOD        ?C?CSTPTR

  -------         MODULE        ?C?IMUL
  C:1082H         PUBLIC        ?C?IMUL
  -------         ENDMOD        ?C?IMUL

  -------         MODULE        ?C?UIDIV
  C:1094H         PUBLIC        ?C?UIDIV
  -------         ENDMOD        ?C?UIDIV

  -------         MODULE        ?C?SIDIV
  C:10E9H         PUBLIC        ?C?SIDIV
  -------         ENDMOD        ?C?SIDIV
BL51 BANKED LINKER/LOCATER V6.22                                                      04/04/2019  12:04:14  PAGE 51



  -------         MODULE        ?C?ILDIX
  C:111FH         PUBLIC        ?C?ILDIX
  -------         ENDMOD        ?C?ILDIX

  -------         MODULE        ?C?ILDOPTR
  C:1135H         PUBLIC        ?C?ILDOPTR
  -------         ENDMOD        ?C?ILDOPTR

  -------         MODULE        ?C?ISTPTR
  C:116DH         PUBLIC        ?C?ISTPTR
  -------         ENDMOD        ?C?ISTPTR

  -------         MODULE        ?C?LMUL
  C:118CH         PUBLIC        ?C?LMUL
  -------         ENDMOD        ?C?LMUL

  -------         MODULE        ?C?SLDIV
  C:49DBH         PUBLIC        ?C?SLDIV
  -------         ENDMOD        ?C?SLDIV

  -------         MODULE        ?C?LNEG
  C:11DBH         PUBLIC        ?C?LNEG
  -------         ENDMOD        ?C?LNEG

  -------         MODULE        ?C?ULCMP
  C:11E9H         PUBLIC        ?C?ULCMP
  -------         ENDMOD        ?C?ULCMP

  -------         MODULE        ?C?LSHL
  C:11FAH         PUBLIC        ?C?LSHL
  -------         ENDMOD        ?C?LSHL

  -------         MODULE        ?C?LLDPTR
  C:120DH         PUBLIC        ?C?LLDPTR
  -------         ENDMOD        ?C?LLDPTR

  -------         MODULE        ?C?LLDOPTR
  C:122DH         PUBLIC        ?C?LLDOPTR
  -------         ENDMOD        ?C?LLDOPTR

  -------         MODULE        ?C?LSTPTR
  C:125DH         PUBLIC        ?C?LSTPTR
  -------         ENDMOD        ?C?LSTPTR

  -------         MODULE        ?C?LSTOPTR
  C:1277H         PUBLIC        ?C?LSTOPTR
  -------         ENDMOD        ?C?LSTOPTR

  -------         MODULE        ?C?LLDXDATA
  C:129BH         PUBLIC        ?C?LLDXDATA
  -------         ENDMOD        ?C?LLDXDATA

  -------         MODULE        ?C?LLDCODE
  C:12A7H         PUBLIC        ?C?LLDCODE
  -------         ENDMOD        ?C?LLDCODE

BL51 BANKED LINKER/LOCATER V6.22                                                      04/04/2019  12:04:14  PAGE 52


  -------         MODULE        ?C?LLDXDATA0
  C:12B7H         PUBLIC        ?C?LLDXDATA0
  -------         ENDMOD        ?C?LLDXDATA0

  -------         MODULE        ?C?LLDCODE0
  C:12C3H         PUBLIC        ?C?LLDCODE0
  -------         ENDMOD        ?C?LLDCODE0

  -------         MODULE        ?C?LLDPTR0
  C:12D3H         PUBLIC        ?C?LLDPTR0
  -------         ENDMOD        ?C?LLDPTR0

  -------         MODULE        ?C?LSTXDATA
  C:12F3H         PUBLIC        ?C?LSTXDATA
  -------         ENDMOD        ?C?LSTXDATA

  -------         MODULE        ?C?LSTKXDATA
  C:12FFH         PUBLIC        ?C?LSTKXDATA
  -------         ENDMOD        ?C?LSTKXDATA

  -------         MODULE        ?C?LSTKPTR
  C:1330H         PUBLIC        ?C?LSTKPTR
  -------         ENDMOD        ?C?LSTKPTR

  -------         MODULE        ?C?OFFXADD
  C:134AH         PUBLIC        ?C?OFFXADD
  -------         ENDMOD        ?C?OFFXADD

  -------         MODULE        ATOI
  C:409AH         PUBLIC        _atoi
  -------         ENDMOD        ATOI

  -------         MODULE        ?C?IILDX
  C:1356H         PUBLIC        ?C?IILDX
  -------         ENDMOD        ?C?IILDX

  -------         MODULE        ?C?ULDIV
  C:13A8H         PUBLIC        ?C?ULDIV
  -------         ENDMOD        ?C?ULDIV

  -------         MODULE        ?C?LLDIDATA
  C:143AH         PUBLIC        ?C?LLDIDATA
  -------         ENDMOD        ?C?LLDIDATA

  -------         MODULE        ?C?LLDPDATA
  C:1446H         PUBLIC        ?C?LLDPDATA
  -------         ENDMOD        ?C?LLDPDATA

  -------         MODULE        ?C?LLDIDATA0
  C:1452H         PUBLIC        ?C?LLDIDATA0
  -------         ENDMOD        ?C?LLDIDATA0

  -------         MODULE        ?C?LLDPDATA0
  C:145FH         PUBLIC        ?C?LLDPDATA0
  -------         ENDMOD        ?C?LLDPDATA0

  -------         MODULE        ?C?LSTIDATA
BL51 BANKED LINKER/LOCATER V6.22                                                      04/04/2019  12:04:14  PAGE 53


  C:146CH         PUBLIC        ?C?LSTIDATA
  -------         ENDMOD        ?C?LSTIDATA

  -------         MODULE        ?C?LSTPDATA
  C:1478H         PUBLIC        ?C?LSTPDATA
  -------         ENDMOD        ?C?LSTPDATA

  -------         MODULE        ?C?LSTKIDATA
  C:1484H         PUBLIC        ?C?LSTKIDATA
  -------         ENDMOD        ?C?LSTKIDATA

  -------         MODULE        ?C?LSTKPDATA
  C:149DH         PUBLIC        ?C?LSTKPDATA
  -------         ENDMOD        ?C?LSTKPDATA

  -------         MODULE        ISDIGIT
  C:4DC8H         PUBLIC        _isdigit
  -------         ENDMOD        ISDIGIT

  -------         MODULE        ISSPACE
  C:4D63H         PUBLIC        _isspace
  -------         ENDMOD        ISSPACE

*** WARNING L16: UNCALLED SEGMENT, IGNORED FOR OVERLAY PROCESS
    SEGMENT: ?PR?_DAY_OF_YEAR?PCF85063BTL

*** WARNING L16: UNCALLED SEGMENT, IGNORED FOR OVERLAY PROCESS
    SEGMENT: ?PR?INITUART1?UART1

*** WARNING L16: UNCALLED SEGMENT, IGNORED FOR OVERLAY PROCESS
    SEGMENT: ?PR?_SENDSTRING?UART1

*** WARNING L16: UNCALLED SEGMENT, IGNORED FOR OVERLAY PROCESS
    SEGMENT: ?PR?_TEN?UART1

*** WARNING L16: UNCALLED SEGMENT, IGNORED FOR OVERLAY PROCESS
    SEGMENT: ?PR?_UNIT?UART1

*** WARNING L16: UNCALLED SEGMENT, IGNORED FOR OVERLAY PROCESS
    SEGMENT: ?PR?_DECTOBCD?UART1

*** WARNING L16: UNCALLED SEGMENT, IGNORED FOR OVERLAY PROCESS
    SEGMENT: ?PR?_ASCII_LETTER?UART1

*** WARNING L16: UNCALLED SEGMENT, IGNORED FOR OVERLAY PROCESS
    SEGMENT: ?PR?_ASCIITOBCD?UART1

*** WARNING L16: UNCALLED SEGMENT, IGNORED FOR OVERLAY PROCESS
    SEGMENT: ?PR?WAIT?BIPOLARMOTOR

*** WARNING L16: UNCALLED SEGMENT, IGNORED FOR OVERLAY PROCESS
    SEGMENT: ?PR?NOP?IOEXPANDER_PI4IOE5V96248

*** WARNING L16: UNCALLED SEGMENT, IGNORED FOR OVERLAY PROCESS
    SEGMENT: ?PR?UC_ACK?IOEXPANDER_PI4IOE5V96248

*** WARNING L16: UNCALLED SEGMENT, IGNORED FOR OVERLAY PROCESS
BL51 BANKED LINKER/LOCATER V6.22                                                      04/04/2019  12:04:14  PAGE 54


    SEGMENT: ?PR?UC_NACK?IOEXPANDER_PI4IOE5V96248

*** WARNING L16: UNCALLED SEGMENT, IGNORED FOR OVERLAY PROCESS
    SEGMENT: ?PR?_AT25SF041_READ?AT25SF041

*** WARNING L1: UNRESOLVED EXTERNAL SYMBOL
    SYMBOL:  AUTO_MODE
    MODULE:  .\Obj\main.obj (MAIN)

*** WARNING L1: UNRESOLVED EXTERNAL SYMBOL
    SYMBOL:  SPI_NOR_CLEARENABLE
    MODULE:  .\Obj\main.obj (MAIN)

*** WARNING L2: REFERENCE MADE TO UNRESOLVED EXTERNAL
    SYMBOL:  AUTO_MODE
    MODULE:  .\Obj\main.obj (MAIN)
    ADDRESS: 003BH

*** WARNING L2: REFERENCE MADE TO UNRESOLVED EXTERNAL
    SYMBOL:  SPI_NOR_CLEARENABLE
    MODULE:  .\Obj\main.obj (MAIN)
    ADDRESS: 0041H

*** WARNING L2: REFERENCE MADE TO UNRESOLVED EXTERNAL
    SYMBOL:  AUTO_MODE
    MODULE:  .\Obj\main.obj (MAIN)
    ADDRESS: 01B7H

*** WARNING L2: REFERENCE MADE TO UNRESOLVED EXTERNAL
    SYMBOL:  AUTO_MODE
    MODULE:  .\Obj\main.obj (MAIN)
    ADDRESS: 01C5H

*** WARNING L2: REFERENCE MADE TO UNRESOLVED EXTERNAL
    SYMBOL:  AUTO_MODE
    MODULE:  .\Obj\main.obj (MAIN)
    ADDRESS: 01D7H

*** WARNING L2: REFERENCE MADE TO UNRESOLVED EXTERNAL
    SYMBOL:  AUTO_MODE
    MODULE:  .\Obj\main.obj (MAIN)
    ADDRESS: 0219H

*** WARNING L2: REFERENCE MADE TO UNRESOLVED EXTERNAL
    SYMBOL:  AUTO_MODE
    MODULE:  .\Obj\main.obj (MAIN)
    ADDRESS: 02ECH

*** WARNING L2: REFERENCE MADE TO UNRESOLVED EXTERNAL
    SYMBOL:  SPI_NOR_CLEARENABLE
    MODULE:  .\Obj\main.obj (MAIN)
    ADDRESS: 0A6BH

*** WARNING L2: REFERENCE MADE TO UNRESOLVED EXTERNAL
    SYMBOL:  SPI_NOR_CLEARENABLE
    MODULE:  .\Obj\main.obj (MAIN)
    ADDRESS: 0AD4H
BL51 BANKED LINKER/LOCATER V6.22                                                      04/04/2019  12:04:14  PAGE 55



*** WARNING L1: UNRESOLVED EXTERNAL SYMBOL
    SYMBOL:  _SENDUART1
    MODULE:  .\Obj\UART1.obj (UART1)

*** WARNING L2: REFERENCE MADE TO UNRESOLVED EXTERNAL
    SYMBOL:  _SENDUART1
    MODULE:  .\Obj\UART1.obj (UART1)
    ADDRESS: 4B08H

*** WARNING L1: UNRESOLVED EXTERNAL SYMBOL
    SYMBOL:  AUTO_MODE
    MODULE:  .\Obj\KeyPad.obj (KEYPAD)

*** WARNING L1: UNRESOLVED EXTERNAL SYMBOL
    SYMBOL:  SPI_NOR_CLEARENABLE
    MODULE:  .\Obj\KeyPad.obj (KEYPAD)

*** WARNING L2: REFERENCE MADE TO UNRESOLVED EXTERNAL
    SYMBOL:  AUTO_MODE
    MODULE:  .\Obj\KeyPad.obj (KEYPAD)
    ADDRESS: 333BH

*** WARNING L2: REFERENCE MADE TO UNRESOLVED EXTERNAL
    SYMBOL:  AUTO_MODE
    MODULE:  .\Obj\KeyPad.obj (KEYPAD)
    ADDRESS: 3346H

*** WARNING L2: REFERENCE MADE TO UNRESOLVED EXTERNAL
    SYMBOL:  AUTO_MODE
    MODULE:  .\Obj\KeyPad.obj (KEYPAD)
    ADDRESS: 334DH

*** WARNING L2: REFERENCE MADE TO UNRESOLVED EXTERNAL
    SYMBOL:  SPI_NOR_CLEARENABLE
    MODULE:  .\Obj\KeyPad.obj (KEYPAD)
    ADDRESS: 3521H

*** WARNING L2: REFERENCE MADE TO UNRESOLVED EXTERNAL
    SYMBOL:  SPI_NOR_CLEARENABLE
    MODULE:  .\Obj\KeyPad.obj (KEYPAD)
    ADDRESS: 3526H

Program Size: data=10.2 xdata=1474 code=19990
LINK/LOCATE RUN COMPLETE.  33 WARNING(S),  0 ERROR(S)
