BL51 BANKED LINKER/LOCATER V6.22                                                        05/02/2019  12:35:17  PAGE 1


BL51 BANKED LINKER/LOCATER V6.22, INVOKED BY:
C:\KEIL_V5\C51\BIN\BL51.EXE .\Obj\main.obj, .\Obj\PCF85063BTL.obj, .\Obj\UART1.obj, .\Obj\LCd_Driver_SPLC780D.obj, .\Obj
>> \KeyPad.obj, .\Obj\BipolarMotor.obj, .\Obj\SunPos.obj, .\Obj\ADC.obj, .\Obj\Calibration.obj, .\Obj\IOExpander_PI4IOE5
>> V96248.obj, .\Obj\AT25SF041.obj, .\Obj\SI1120.obj, .\Obj\STARTUP.obj TO .\Obj\GPIO_RTC_Test PRINT (.\Lis\GPIO_RTC_Tes
>> t.m51) RAMSIZE (256)


MEMORY MODEL: LARGE WITH FLOATING POINT ARITHMETIC


INPUT MODULES INCLUDED:
  .\Obj\main.obj (MAIN)
  .\Obj\PCF85063BTL.obj (PCF85063BTL)
  .\Obj\UART1.obj (UART1)
  .\Obj\LCd_Driver_SPLC780D.obj (LCD_DRIVER_SPLC780D)
  .\Obj\KeyPad.obj (KEYPAD)
  .\Obj\BipolarMotor.obj (BIPOLARMOTOR)
  .\Obj\SunPos.obj (SUNPOS)
  .\Obj\ADC.obj (ADC)
  .\Obj\Calibration.obj (CALIBRATION)
  .\Obj\IOExpander_PI4IOE5V96248.obj (IOEXPANDER_PI4IOE5V96248)
  .\Obj\AT25SF041.obj (AT25SF041)
  .\Obj\SI1120.obj (SI1120)
  .\Obj\STARTUP.obj (?C_STARTUP)
  C:\KEIL_V5\C51\LIB\C51FPL.LIB (?C?FPADD)
  C:\KEIL_V5\C51\LIB\C51FPL.LIB (?C?FPMUL)
  C:\KEIL_V5\C51\LIB\C51FPL.LIB (?C?FPDIV)
  C:\KEIL_V5\C51\LIB\C51FPL.LIB (?C?FPCMP)
  C:\KEIL_V5\C51\LIB\C51FPL.LIB (?C?FPNEG)
  C:\KEIL_V5\C51\LIB\C51FPL.LIB (?C?FCAST)
  C:\KEIL_V5\C51\LIB\C51FPL.LIB (?C?CASTF)
  C:\KEIL_V5\C51\LIB\C51FPL.LIB (ATAN2)
  C:\KEIL_V5\C51\LIB\C51FPL.LIB (SIN)
  C:\KEIL_V5\C51\LIB\C51FPL.LIB (ACOS)
  C:\KEIL_V5\C51\LIB\C51FPL.LIB (ASIN)
  C:\KEIL_V5\C51\LIB\C51FPL.LIB (?C?FPGETOPN)
  C:\KEIL_V5\C51\LIB\C51FPL.LIB (?C?FPSERIES)
  C:\KEIL_V5\C51\LIB\C51FPL.LIB (SQRT)
  C:\KEIL_V5\C51\LIB\C51FPL.LIB (ATAN)
  C:\KEIL_V5\C51\LIB\C51L.LIB (?C_INIT)
  C:\KEIL_V5\C51\LIB\C51L.LIB (?C?COPY)
  C:\KEIL_V5\C51\LIB\C51L.LIB (?C?CLDPTR)
  C:\KEIL_V5\C51\LIB\C51L.LIB (?C?CLDOPTR)
  C:\KEIL_V5\C51\LIB\C51L.LIB (?C?CSTPTR)
  C:\KEIL_V5\C51\LIB\C51L.LIB (?C?IMUL)
  C:\KEIL_V5\C51\LIB\C51L.LIB (?C?UIDIV)
  C:\KEIL_V5\C51\LIB\C51L.LIB (?C?SIDIV)
  C:\KEIL_V5\C51\LIB\C51L.LIB (?C?ILDIX)
  C:\KEIL_V5\C51\LIB\C51L.LIB (?C?ILDOPTR)
  C:\KEIL_V5\C51\LIB\C51L.LIB (?C?ISTPTR)
  C:\KEIL_V5\C51\LIB\C51L.LIB (?C?LMUL)
  C:\KEIL_V5\C51\LIB\C51L.LIB (?C?SLDIV)
  C:\KEIL_V5\C51\LIB\C51L.LIB (?C?LNEG)
  C:\KEIL_V5\C51\LIB\C51L.LIB (?C?ULCMP)
  C:\KEIL_V5\C51\LIB\C51L.LIB (?C?LSHL)
  C:\KEIL_V5\C51\LIB\C51L.LIB (?C?LLDPTR)
  C:\KEIL_V5\C51\LIB\C51L.LIB (?C?LLDOPTR)
  C:\KEIL_V5\C51\LIB\C51L.LIB (?C?LSTPTR)
BL51 BANKED LINKER/LOCATER V6.22                                                      05/02/2019  12:35:17  PAGE 2


  C:\KEIL_V5\C51\LIB\C51L.LIB (?C?LSTOPTR)
  C:\KEIL_V5\C51\LIB\C51L.LIB (?C?LLDXDATA)
  C:\KEIL_V5\C51\LIB\C51L.LIB (?C?LLDCODE)
  C:\KEIL_V5\C51\LIB\C51L.LIB (?C?LLDXDATA0)
  C:\KEIL_V5\C51\LIB\C51L.LIB (?C?LLDCODE0)
  C:\KEIL_V5\C51\LIB\C51L.LIB (?C?LLDPTR0)
  C:\KEIL_V5\C51\LIB\C51L.LIB (?C?LSTXDATA)
  C:\KEIL_V5\C51\LIB\C51L.LIB (?C?LSTKXDATA)
  C:\KEIL_V5\C51\LIB\C51L.LIB (?C?LSTKPTR)
  C:\KEIL_V5\C51\LIB\C51L.LIB (?C?OFFXADD)
  C:\KEIL_V5\C51\LIB\C51L.LIB (ATOI)
  C:\KEIL_V5\C51\LIB\C51L.LIB (?C?IILDX)
  C:\KEIL_V5\C51\LIB\C51L.LIB (?C?ULDIV)
  C:\KEIL_V5\C51\LIB\C51L.LIB (?C?LLDIDATA)
  C:\KEIL_V5\C51\LIB\C51L.LIB (?C?LLDPDATA)
  C:\KEIL_V5\C51\LIB\C51L.LIB (?C?LLDIDATA0)
  C:\KEIL_V5\C51\LIB\C51L.LIB (?C?LLDPDATA0)
  C:\KEIL_V5\C51\LIB\C51L.LIB (?C?LSTIDATA)
  C:\KEIL_V5\C51\LIB\C51L.LIB (?C?LSTPDATA)
  C:\KEIL_V5\C51\LIB\C51L.LIB (?C?LSTKIDATA)
  C:\KEIL_V5\C51\LIB\C51L.LIB (?C?LSTKPDATA)
  C:\KEIL_V5\C51\LIB\C51L.LIB (ISDIGIT)
  C:\KEIL_V5\C51\LIB\C51L.LIB (ISSPACE)


LINK MAP OF MODULE:  .\Obj\GPIO_RTC_Test (MAIN)


            TYPE    BASE      LENGTH    RELOCATION   SEGMENT NAME
            -----------------------------------------------------

            * * * * * * *   D A T A   M E M O R Y   * * * * * * *
            REG     0000H     0008H     ABSOLUTE     "REG BANK 0"
                    0008H     0018H                  *** GAP ***
            BIT     0020H.0   0000H.3   UNIT         _BIT_GROUP_
            BIT     0020H.3   0000H.1   UNIT         ?BI?MAIN
            BIT     0020H.4   0000H.1   UNIT         ?BI?_ATOI?ATOI
                    0020H.5   0000H.3                *** GAP ***
            IDATA   0021H     0001H     UNIT         ?STACK

            * * * * * * *  X D A T A   M E M O R Y  * * * * * * *
            XDATA   0000H     03BCH     UNIT         ?XD?BIPOLARMOTOR
            XDATA   03BCH     0117H     UNIT         _XDATA_GROUP_
            XDATA   04D3H     0107H     UNIT         ?XD?MAIN
            XDATA   05DAH     0019H     UNIT         ?XD?KEYPAD
            XDATA   05F3H     0008H     UNIT         ?XD?_AT25SF041_READ?AT25SF041
            XDATA   05FBH     0005H     UNIT         ?XD?_ATOI?ATOI
            XDATA   0600H     0003H     UNIT         ?XD?_SENDSTRING?UART1
            XDATA   0603H     0001H     UNIT         ?XD?UC_ACK?IOEXPANDER_PI4IOE5V96248
            XDATA   0604H     0001H     UNIT         ?XD?UC_NACK?IOEXPANDER_PI4IOE5V96248

            * * * * * * *   C O D E   M E M O R Y   * * * * * * *
            CODE    0000H     0003H     ABSOLUTE     
            CODE    0003H     0003H     ABSOLUTE     
            CODE    0006H     0005H     UNIT         ?PR?_UNIT?UART1
            CODE    000BH     0003H     ABSOLUTE     
            CODE    000EH     000DH     UNIT         ?PR?SPI_INIT?PCF85063BTL
BL51 BANKED LINKER/LOCATER V6.22                                                      05/02/2019  12:35:17  PAGE 3


            CODE    001BH     0003H     ABSOLUTE     
            CODE    001EH     0C4CH     UNIT         ?PR?MAIN?MAIN
            CODE    0C6AH     09B6H     UNIT         ?C?LIB_CODE
            CODE    1620H     07A2H     UNIT         ?PR?SUNPOS?SUNPOS
            CODE    1DC2H     0646H     UNIT         ?PR?_UPDATE_POSITION?BIPOLARMOTOR
            CODE    2408H     04FBH     UNIT         ?PR?_THEORICALJP_POSITION?BIPOLARMOTOR
            CODE    2903H     044AH     UNIT         ?PR?_FIND_REAL_MAX?CALIBRATION
            CODE    2D4DH     040FH     UNIT         ?C_INITSEG
            CODE    315CH     038CH     UNIT         ?PR?KEY_PROCESS?KEYPAD
            CODE    34E8H     0380H     UNIT         ?PR?_ELEVATION_CALCULATION?BIPOLARMOTOR
            CODE    3868H     01B3H     UNIT         ?PR?_CALIBRATION?CALIBRATION
            CODE    3A1BH     018DH     UNIT         ?PR?KEY_SCAN?KEYPAD
            CODE    3BA8H     0189H     UNIT         ?PR?SPI_NOR_WRITE_DATA?AT25SF041
            CODE    3D31H     0188H     UNIT         ?PR?SIN?SIN
            CODE    3EB9H     0162H     UNIT         ?PR?_DISPLAY_POS?LCD_DRIVER_SPLC780D
            CODE    401BH     0122H     UNIT         ?PR?ATAN?ATAN
            CODE    413DH     0110H     UNIT         ?PR?_AT25SF041_READ?AT25SF041
            CODE    424DH     0102H     UNIT         ?PR?_AT25SF041_WRITE?AT25SF041
            CODE    434FH     00DBH     UNIT         ?PR?_ATOI?ATOI
            CODE    442AH     00C3H     UNIT         ?PR?LINEAR_INTERPOLATE?BIPOLARMOTOR
            CODE    44EDH     00BBH     UNIT         ?PR?VOLTAGE_IS_STABLE?CALIBRATION
            CODE    45A8H     00ADH     UNIT         ?PR?_WRITE_PI4IOE5V96248?IOEXPANDER_PI4IOE5V96248
            CODE    4655H     00ACH     UNIT         ?PR?SQRT?SQRT
            CODE    4701H     00A1H     UNIT         ?PR?UCREAD_STATUS_REGISTER_BYTE1?AT25SF041
            CODE    47A2H     009DH     UNIT         ?PR?_ATAN2?ATAN2
            CODE    483FH     009CH     UNIT         ?PR?_MAX_VALUE?CALIBRATION
            CODE    48DBH     008CH     UNIT         ?C_C51STARTUP
            CODE    4967H     0088H     UNIT         ?PR?_DAY_OF_YEAR?PCF85063BTL
            CODE    49EFH     0085H     UNIT         ?PR?EXINT0?MAIN
            CODE    4A74H     0079H     UNIT         ?PR?_WRITEDATA?LCD_DRIVER_SPLC780D
            CODE    4AEDH     0072H     UNIT         ?PR?AT25SF041_WRITEENABLE?AT25SF041
            CODE    4B5FH     006FH     UNIT         ?PR?_READ_TIME?PCF85063BTL
            CODE    4BCEH     005AH     UNIT         ?PR?AT25SF041_CHIPERASE?AT25SF041
            CODE    4C28H     0059H     UNIT         ?PR?LCD_INIT?LCD_DRIVER_SPLC780D
            CODE    4C81H     004AH     UNIT         ?PR?VONESTEPMOVE?BIPOLARMOTOR
            CODE    4CCBH     004AH     UNIT         ?PR?ACOS?ACOS
            CODE    4D15H     0044H     UNIT         ?C?LDIV
            CODE    4D59H     0040H     UNIT         ?PR?_COMMAND?LCD_DRIVER_SPLC780D
            CODE    4D99H     0040H     UNIT         ?PR?_STEP_MOVE?BIPOLARMOTOR
            CODE    4DD9H     003BH     UNIT         ?PR?ASIN?ASIN
            CODE    4E14H     0033H     UNIT         ?PR?_SENDSTRING?UART1
            CODE    4E47H     0031H     UNIT         ?PR?SI1120_CONFIG_MODE_VIRH?SI1120
            CODE    4E78H     002CH     UNIT         ?PR?_ADC_GETRESULT?ADC
            CODE    4EA4H     002BH     UNIT         ?PR?_WAIT_MS_I2C?IOEXPANDER_PI4IOE5V96248
            CODE    4ECFH     002BH     UNIT         ?PR?_WAIT_MS_SPINOR?AT25SF041
            CODE    4EFAH     0028H     UNIT         ?PR?_MOVE?BIPOLARMOTOR
            CODE    4F22H     0027H     UNIT         ?PR?_I2C_SENDBYTE?IOEXPANDER_PI4IOE5V96248
            CODE    4F49H     0025H     UNIT         ?PR?_FINDCLOSESTSAMEDAYCALIBTIME?CALIBRATION
            CODE    4F6EH     0024H     UNIT         ?PR?_WAIT_MS?LCD_DRIVER_SPLC780D
            CODE    4F92H     0021H     UNIT         ?PR?TM0_ISR?MAIN
            CODE    4FB3H     0020H     UNIT         ?PR?_SPI_SENDBYTE?PCF85063BTL
            CODE    4FD3H     0020H     UNIT         ?PR?SPI_RECEIVEBYTE?PCF85063BTL
            CODE    4FF3H     001FH     UNIT         ?PR?ADC_INIT?ADC
            CODE    5012H     001EH     UNIT         ?PR?_DELAY_MS?KEYPAD
            CODE    5030H     001DH     UNIT         ?PR?_DISPLAYLCD?LCD_DRIVER_SPLC780D
            CODE    504DH     001BH     UNIT         ?PR?_BCDTODEC1?BIPOLARMOTOR
            CODE    5068H     0018H     UNIT         ?PR?_SPI_WRITETIME?PCF85063BTL
BL51 BANKED LINKER/LOCATER V6.22                                                      05/02/2019  12:35:17  PAGE 4


            CODE    5080H     0017H     UNIT         ?PR?_ASCIITOBCD?UART1
            CODE    5097H     0016H     UNIT         ?PR?I2C_ACK?IOEXPANDER_PI4IOE5V96248
            CODE    50ADH     0015H     UNIT         ?PR?_DISPLAY_LINE?LCD_DRIVER_SPLC780D
            CODE    50C2H     0015H     UNIT         ?PR?VSETLOCATION?BIPOLARMOTOR
            CODE    50D7H     0015H     UNIT         ?PR?I2C_STOP?IOEXPANDER_PI4IOE5V96248
            CODE    50ECH     0014H     UNIT         ?PR?_PCF85063BTL_DELAY?PCF85063BTL
            CODE    5100H     0014H     UNIT         ?PR?_ABS?LCD_DRIVER_SPLC780D
            CODE    5114H     0014H     UNIT         ?PR?_ISSPACE?ISSPACE
            CODE    5128H     0011H     UNIT         ?PR?_SPI_READTIME?PCF85063BTL
            CODE    5139H     0011H     UNIT         ?PR?_BCDTODEC?PCF85063BTL
            CODE    514AH     0011H     UNIT         ?PR?INITUART1?UART1
            CODE    515BH     000FH     UNIT         ?PR?I2C_START?IOEXPANDER_PI4IOE5V96248
            CODE    516AH     000FH     UNIT         ?PR?UC_NACK?IOEXPANDER_PI4IOE5V96248
            CODE    5179H     000FH     UNIT         ?PR?_ISDIGIT?ISDIGIT
            CODE    5188H     000DH     UNIT         ?PR?ENABLE_EXTINT0?SI1120
            CODE    5195H     000CH     UNIT         ?PR?KEYPAD_IO_INIT?KEYPAD
            CODE    51A1H     000AH     UNIT         ?PR?LCD_RETURN_HOME?LCD_DRIVER_SPLC780D
            CODE    51ABH     000AH     UNIT         ?PR?LCD_CLEAR?LCD_DRIVER_SPLC780D
            CODE    51B5H     0009H     UNIT         ?PR?TM1_ISR?MAIN
            CODE    51BEH     0006H     UNIT         ?PR?_TEN?UART1
            CODE    51C4H     0006H     UNIT         ?PR?UC_ACK?IOEXPANDER_PI4IOE5V96248
            CODE    51CAH     0005H     UNIT         ?PR?_ASCII_LETTER?UART1
            CODE    51CFH     0001H     UNIT         ?PR?_DECTOBCD?UART1
            CODE    51D0H     0001H     UNIT         ?PR?WAIT?BIPOLARMOTOR
            CODE    51D1H     0001H     UNIT         ?PR?NOP?IOEXPANDER_PI4IOE5V96248



OVERLAY MAP OF MODULE:   .\Obj\GPIO_RTC_Test (MAIN)


SEGMENT                                             BIT_GROUP          XDATA_GROUP
  +--> CALLED SEGMENT                            START    LENGTH     START    LENGTH
------------------------------------------------------------------------------------
?C_C51STARTUP                                    -----    -----      -----    -----
  +--> ?PR?MAIN?MAIN
  +--> ?C_INITSEG

?PR?MAIN?MAIN                                    -----    -----      03BCH    002CH
  +--> ?PR?LCD_INIT?LCD_DRIVER_SPLC780D
  +--> ?PR?SPI_INIT?PCF85063BTL
  +--> ?PR?KEYPAD_IO_INIT?KEYPAD
  +--> ?PR?ADC_INIT?ADC
  +--> ?PR?SI1120_CONFIG_MODE_VIRH?SI1120
  +--> ?PR?ENABLE_EXTINT0?SI1120
  +--> ?PR?VSETLOCATION?BIPOLARMOTOR
  +--> ?PR?_SPI_WRITETIME?PCF85063BTL
  +--> ?PR?_DELAY_MS?KEYPAD
  +--> ?PR?_DISPLAY_LINE?LCD_DRIVER_SPLC780D
  +--> ?PR?_WRITEDATA?LCD_DRIVER_SPLC780D
  +--> ?PR?KEY_PROCESS?KEYPAD
  +--> ?PR?_COMMAND?LCD_DRIVER_SPLC780D
  +--> ?PR?_DISPLAY_POS?LCD_DRIVER_SPLC780D
  +--> ?PR?_DISPLAYLCD?LCD_DRIVER_SPLC780D
  +--> ?PR?_STEP_MOVE?BIPOLARMOTOR
  +--> ?PR?LCD_RETURN_HOME?LCD_DRIVER_SPLC780D
  +--> ?PR?_READ_TIME?PCF85063BTL
BL51 BANKED LINKER/LOCATER V6.22                                                      05/02/2019  12:35:17  PAGE 5


  +--> ?PR?_ADC_GETRESULT?ADC
  +--> ?PR?_BCDTODEC1?BIPOLARMOTOR
  +--> ?PR?_ELEVATION_CALCULATION?BIPOLARMOTOR
  +--> ?PR?SIN?SIN
  +--> ?PR?_CALIBRATION?CALIBRATION
  +--> ?PR?AT25SF041_WRITEENABLE?AT25SF041
  +--> ?PR?_AT25SF041_WRITE?AT25SF041
  +--> ?PR?_WAIT_MS_SPINOR?AT25SF041
  +--> ?PR?_UPDATE_POSITION?BIPOLARMOTOR
  +--> ?PR?SPI_NOR_WRITE_DATA?AT25SF041
  +--> ?PR?LINEAR_INTERPOLATE?BIPOLARMOTOR
  +--> ?PR?_FINDCLOSESTSAMEDAYCALIBTIME?CALI...
  +--> ?PR?LCD_CLEAR?LCD_DRIVER_SPLC780D
  +--> ?PR?AT25SF041_CHIPERASE?AT25SF041

?PR?LCD_INIT?LCD_DRIVER_SPLC780D                 -----    -----      -----    -----
  +--> ?PR?_WAIT_MS?LCD_DRIVER_SPLC780D
  +--> ?PR?_COMMAND?LCD_DRIVER_SPLC780D

?PR?_COMMAND?LCD_DRIVER_SPLC780D                 -----    -----      -----    -----
  +--> ?PR?_WAIT_MS?LCD_DRIVER_SPLC780D

?PR?ADC_INIT?ADC                                 -----    -----      -----    -----
  +--> ?PR?_WAIT_MS?LCD_DRIVER_SPLC780D

?PR?SI1120_CONFIG_MODE_VIRH?SI1120               -----    -----      -----    -----
  +--> ?PR?_WAIT_MS?LCD_DRIVER_SPLC780D

?PR?_SPI_WRITETIME?PCF85063BTL                   -----    -----      -----    -----
  +--> ?PR?_SPI_SENDBYTE?PCF85063BTL

?PR?_SPI_SENDBYTE?PCF85063BTL                    -----    -----      -----    -----
  +--> ?PR?_PCF85063BTL_DELAY?PCF85063BTL

?PR?_DISPLAY_LINE?LCD_DRIVER_SPLC780D            -----    -----      -----    -----
  +--> ?PR?_COMMAND?LCD_DRIVER_SPLC780D

?PR?_WRITEDATA?LCD_DRIVER_SPLC780D               -----    -----      04D1H    0001H
  +--> ?PR?_WAIT_MS?LCD_DRIVER_SPLC780D

?PR?KEY_PROCESS?KEYPAD                           -----    -----      03E8H    0006H
  +--> ?PR?KEY_SCAN?KEYPAD
  +--> ?PR?_SPI_WRITETIME?PCF85063BTL
  +--> ?PR?LCD_CLEAR?LCD_DRIVER_SPLC780D
  +--> ?PR?_COMMAND?LCD_DRIVER_SPLC780D
  +--> ?PR?_WRITEDATA?LCD_DRIVER_SPLC780D

?PR?KEY_SCAN?KEYPAD                              -----    -----      03EEH    0003H

?PR?LCD_CLEAR?LCD_DRIVER_SPLC780D                -----    -----      -----    -----
  +--> ?PR?_COMMAND?LCD_DRIVER_SPLC780D

?PR?_DISPLAY_POS?LCD_DRIVER_SPLC780D             -----    -----      04C7H    000AH
  +--> ?PR?_ABS?LCD_DRIVER_SPLC780D
  +--> ?PR?_WRITEDATA?LCD_DRIVER_SPLC780D

?PR?_DISPLAYLCD?LCD_DRIVER_SPLC780D              -----    -----      03E8H    0001H
BL51 BANKED LINKER/LOCATER V6.22                                                      05/02/2019  12:35:17  PAGE 6


  +--> ?PR?_WRITEDATA?LCD_DRIVER_SPLC780D

?PR?_STEP_MOVE?BIPOLARMOTOR                      0020H.1  0000H.1    04CBH    0004H
  +--> ?PR?VONESTEPMOVE?BIPOLARMOTOR

?PR?VONESTEPMOVE?BIPOLARMOTOR                    0020H.2  0000H.1    -----    -----
  +--> ?PR?_WRITE_PI4IOE5V96248?IOEXPANDER_P...
  +--> ?PR?_DELAY_MS?KEYPAD

?PR?_WRITE_PI4IOE5V96248?IOEXPANDER_P...         -----    -----      04CFH    0003H
  +--> ?PR?I2C_START?IOEXPANDER_PI4IOE5V96248
  +--> ?PR?_WAIT_MS_I2C?IOEXPANDER_PI4IOE5V9...
  +--> ?PR?_I2C_SENDBYTE?IOEXPANDER_PI4IOE5V...
  +--> ?PR?I2C_ACK?IOEXPANDER_PI4IOE5V96248
  +--> ?PR?I2C_STOP?IOEXPANDER_PI4IOE5V96248

?PR?I2C_START?IOEXPANDER_PI4IOE5V96248           -----    -----      -----    -----
  +--> ?PR?_WAIT_MS_I2C?IOEXPANDER_PI4IOE5V9...

?PR?_I2C_SENDBYTE?IOEXPANDER_PI4IOE5V...         -----    -----      -----    -----
  +--> ?PR?_WAIT_MS_I2C?IOEXPANDER_PI4IOE5V9...

?PR?I2C_ACK?IOEXPANDER_PI4IOE5V96248             -----    -----      04D2H    0001H
  +--> ?PR?_WAIT_MS_I2C?IOEXPANDER_PI4IOE5V9...

?PR?I2C_STOP?IOEXPANDER_PI4IOE5V96248            -----    -----      -----    -----
  +--> ?PR?_WAIT_MS_I2C?IOEXPANDER_PI4IOE5V9...

?PR?LCD_RETURN_HOME?LCD_DRIVER_SPLC780D          -----    -----      -----    -----
  +--> ?PR?_COMMAND?LCD_DRIVER_SPLC780D

?PR?_READ_TIME?PCF85063BTL                       -----    -----      03E8H    000FH
  +--> ?PR?_SPI_READTIME?PCF85063BTL

?PR?_SPI_READTIME?PCF85063BTL                    -----    -----      -----    -----
  +--> ?PR?_SPI_SENDBYTE?PCF85063BTL
  +--> ?PR?SPI_RECEIVEBYTE?PCF85063BTL

?PR?SPI_RECEIVEBYTE?PCF85063BTL                  -----    -----      -----    -----
  +--> ?PR?_PCF85063BTL_DELAY?PCF85063BTL

?PR?_ELEVATION_CALCULATION?BIPOLARMOTOR          -----    -----      03E8H    0005H
  +--> ?PR?_BCDTODEC1?BIPOLARMOTOR
  +--> ?PR?SUNPOS?SUNPOS
  +--> ?PR?SIN?SIN
  +--> ?PR?ASIN?ASIN

?PR?SUNPOS?SUNPOS                                -----    -----      043AH    005DH
  +--> ?PR?SIN?SIN
  +--> ?PR?_ATAN2?ATAN2
  +--> ?PR?ASIN?ASIN
  +--> ?PR?ACOS?ACOS

?PR?SIN?SIN                                      0020H.0  0000H.1    0497H    0004H

?PR?_ATAN2?ATAN2                                 -----    -----      0497H    0008H
  +--> ?PR?ATAN?ATAN
BL51 BANKED LINKER/LOCATER V6.22                                                      05/02/2019  12:35:17  PAGE 7



?PR?ATAN?ATAN                                    0020H.0  0000H.2    049FH    0004H

?PR?ASIN?ASIN                                    -----    -----      -----    -----
  +--> ?PR?SQRT?SQRT
  +--> ?PR?ATAN?ATAN

?PR?SQRT?SQRT                                    -----    -----      0497H    0004H

?PR?ACOS?ACOS                                    -----    -----      -----    -----
  +--> ?PR?SQRT?SQRT
  +--> ?PR?ATAN?ATAN

?PR?_CALIBRATION?CALIBRATION                     -----    -----      03E8H    0024H
  +--> ?PR?VOLTAGE_IS_STABLE?CALIBRATION
  +--> ?PR?_UPDATE_POSITION?BIPOLARMOTOR
  +--> ?PR?_FIND_REAL_MAX?CALIBRATION

?PR?VOLTAGE_IS_STABLE?CALIBRATION                -----    -----      040CH    0018H
  +--> ?PR?_ADC_GETRESULT?ADC
  +--> ?PR?_ABS?LCD_DRIVER_SPLC780D

?PR?_UPDATE_POSITION?BIPOLARMOTOR                -----    -----      040CH    002EH
  +--> ?PR?_BCDTODEC1?BIPOLARMOTOR
  +--> ?PR?SUNPOS?SUNPOS
  +--> ?PR?SIN?SIN
  +--> ?PR?ASIN?ASIN
  +--> ?PR?_THEORICALJP_POSITION?BIPOLARMOTOR
  +--> ?PR?_ABS?LCD_DRIVER_SPLC780D
  +--> ?PR?_MOVE?BIPOLARMOTOR

?PR?_THEORICALJP_POSITION?BIPOLARMOTOR           -----    -----      043AH    005CH
  +--> ?PR?LINEAR_INTERPOLATE?BIPOLARMOTOR

?PR?LINEAR_INTERPOLATE?BIPOLARMOTOR              -----    -----      0496H    0014H

?PR?_MOVE?BIPOLARMOTOR                           0020H.0  0000H.1    04C7H    0004H
  +--> ?PR?_STEP_MOVE?BIPOLARMOTOR

?PR?_FIND_REAL_MAX?CALIBRATION                   -----    -----      040CH    00BBH
  +--> ?PR?_ADC_GETRESULT?ADC
  +--> ?PR?_WAIT_MS?LCD_DRIVER_SPLC780D
  +--> ?PR?AT25SF041_WRITEENABLE?AT25SF041
  +--> ?PR?_AT25SF041_WRITE?AT25SF041
  +--> ?PR?_WAIT_MS_SPINOR?AT25SF041
  +--> ?PR?_COMMAND?LCD_DRIVER_SPLC780D
  +--> ?PR?_WRITEDATA?LCD_DRIVER_SPLC780D
  +--> ?PR?_DISPLAY_POS?LCD_DRIVER_SPLC780D
  +--> ?PR?_MOVE?BIPOLARMOTOR
  +--> ?PR?_MAX_VALUE?CALIBRATION

?PR?AT25SF041_WRITEENABLE?AT25SF041              -----    -----      04C7H    0002H
  +--> ?PR?_WAIT_MS_SPINOR?AT25SF041
  +--> ?PR?UCREAD_STATUS_REGISTER_BYTE1?AT25...

?PR?UCREAD_STATUS_REGISTER_BYTE1?AT25...         -----    -----      04CFH    0003H
  +--> ?PR?_WAIT_MS_SPINOR?AT25SF041
BL51 BANKED LINKER/LOCATER V6.22                                                      05/02/2019  12:35:17  PAGE 8



?PR?_AT25SF041_WRITE?AT25SF041                   -----    -----      04C7H    0008H
  +--> ?PR?_WAIT_MS_SPINOR?AT25SF041
  +--> ?PR?UCREAD_STATUS_REGISTER_BYTE1?AT25...

?PR?_MAX_VALUE?CALIBRATION                       -----    -----      04C7H    0004H

?PR?SPI_NOR_WRITE_DATA?AT25SF041                 -----    -----      03E8H    000EH
  +--> ?PR?AT25SF041_WRITEENABLE?AT25SF041
  +--> ?PR?_AT25SF041_WRITE?AT25SF041
  +--> ?PR?_WAIT_MS_SPINOR?AT25SF041

?PR?AT25SF041_CHIPERASE?AT25SF041                -----    -----      03E8H    0002H
  +--> ?PR?_WAIT_MS_SPINOR?AT25SF041
  +--> ?PR?UCREAD_STATUS_REGISTER_BYTE1?AT25...



UNRESOLVED EXTERNAL SYMBOLS:
   _SENDUART1



SYMBOL TABLE OF MODULE:  .\Obj\GPIO_RTC_Test (MAIN)

  VALUE           TYPE          NAME
  ----------------------------------

  -------         MODULE        MAIN
  C:0000H         SYMBOL        _ICE_DUMMY_
  X:04DBH         PUBLIC        calib_value
  D:0080H         PUBLIC        P0
  D:00B2H         PUBLIC        P3M0
  D:0090H         PUBLIC        P1
  D:00B1H         PUBLIC        P3M1
  D:00A0H         PUBLIC        P2
  D:00B0H         PUBLIC        P3
  D:00C0H         PUBLIC        P4
  D:00C8H         PUBLIC        P5
  X:052FH         SYMBOL        PressedKey
  B:00A8H.7       PUBLIC        EA
  D:00E8H         PUBLIC        P6
  X:0533H         PUBLIC        calib_stamp
  D:00F8H         PUBLIC        P7
  X:0534H         PUBLIC        calib_bool
  X:055EH         PUBLIC        RX_Data_Uart_Cnt
  D:00A8H         PUBLIC        IE
  X:0560H         PUBLIC        calib_time
  D:00B8H         PUBLIC        IP
  B:00B0H.2       PUBLIC        INT0
  X:05B4H         PUBLIC        months
  D:00D8H         PUBLIC        CCON
  C:001EH         PUBLIC        main
  X:05B5H         PUBLIC        count
  X:05B7H         PUBLIC        days
  X:05B8H         PUBLIC        hours
  D:0098H         PUBLIC        SCON
BL51 BANKED LINKER/LOCATER V6.22                                                      05/02/2019  12:35:17  PAGE 9


  D:0089H         PUBLIC        TMOD
  D:0088H         PUBLIC        TCON
  B:00A0H.3       PUBLIC        P23
  X:05B9H         SYMBOL        KeyCount
  X:05BBH         PUBLIC        mins
  X:05BCH         PUBLIC        Rec_data_hour
  B:00C8H.5       PUBLIC        P55
  X:05BFH         PUBLIC        Rec_data_min
  D:008EH         PUBLIC        AUXR
  C:4F92H         PUBLIC        tm0_isr
  B:0090H.5       PUBLIC        SI1120_STX
  C:51B5H         PUBLIC        tm1_isr
  B:0020H.3       PUBLIC        busy
  B:00A8H.1       PUBLIC        ET0
  B:00A8H.3       PUBLIC        ET1
  X:05C2H         PUBLIC        SPI_NOR_INTERNAL_FLASH_ADDR
  D:008CH         PUBLIC        TH0
  X:05C6H         PUBLIC        hour_count
  D:008DH         PUBLIC        TH1
  D:008AH         PUBLIC        TL0
  D:008BH         PUBLIC        TL1
  X:05C7H         PUBLIC        min_count
  B:0088H.4       PUBLIC        TR0
  B:0088H.6       PUBLIC        TR1
  C:49EFH         PUBLIC        exint0
  X:05C8H         SYMBOL        KeyNum
  X:05C9H         SYMBOL        KeyNum_Old
  X:05CAH         PUBLIC        timer0_count
  X:05CCH         PUBLIC        current_position
  X:05D0H         PUBLIC        hours1
  X:05D1H         PUBLIC        hours2
  X:05D2H         PUBLIC        pwm_time
  X:05D4H         PUBLIC        mins1
  X:05D5H         PUBLIC        mins2
  X:05D6H         PUBLIC        start_timer0_count
  X:05D7H         PUBLIC        seconds
  X:05D8H         PUBLIC        st_time
  D:00D0H         PUBLIC        PSW
  -------         PROC          TM0_ISR
  C:4F92H         LINE#         91
  C:4F98H         LINE#         95
  C:4F9BH         LINE#         96
  C:4F9EH         LINE#         97
  C:4FACH         LINE#         98
  -------         ENDPROC       TM0_ISR
  -------         PROC          TM1_ISR
  C:51B5H         LINE#         99
  C:51B5H         LINE#         101
  C:51B7H         LINE#         103
  C:51BAH         LINE#         104
  C:51BDH         LINE#         105
  -------         ENDPROC       TM1_ISR
  -------         PROC          EXINT0
  C:49EFH         LINE#         106
  C:4A06H         LINE#         110
  C:4A09H         LINE#         111
  C:4A09H         LINE#         112
BL51 BANKED LINKER/LOCATER V6.22                                                      05/02/2019  12:35:17  PAGE 10


  C:4A0CH         LINE#         113
  C:4A0FH         LINE#         114
  C:4A11H         LINE#         115
  C:4A13H         LINE#         119
  C:4A15H         LINE#         122
  C:4A15H         LINE#         123
  C:4A17H         LINE#         124
  C:4A3DH         LINE#         125
  C:4A58H         LINE#         126
  C:4A5FH         LINE#         129
  C:4A5FH         LINE#         131
  -------         ENDPROC       EXINT0
  -------         PROC          MAIN
  -------         DO            
  X:03BCH         SYMBOL        sunlight_ADC
  X:04D3H         SYMBOL        KeyCount
  X:04D5H         SYMBOL        KeyNum_Old
  X:04D6H         SYMBOL        KeyNum
  X:04D7H         SYMBOL        PressedKey
  X:03BEH         SYMBOL        prox_flag
  X:03BFH         SYMBOL        iUse_prevday_calib_value
  X:03C1H         SYMBOL        max_ADC_Val_JP
  X:03C3H         SYMBOL        max_ADC_Val
  X:03C5H         SYMBOL        calib_point1
  X:03CDH         SYMBOL        calib_point2
  X:03D5H         SYMBOL        dat_to_store
  X:03E0H         SYMBOL        calib_day
  X:03E2H         SYMBOL        calib_count
  X:03E4H         SYMBOL        theorical_JP_max_pos
  D:0004H         SYMBOL        elevation
  -------         ENDDO         
  C:001EH         LINE#         133
  C:001EH         LINE#         134
  C:001EH         LINE#         139
  C:0024H         LINE#         140
  C:0029H         LINE#         142
  C:0031H         LINE#         146
  C:0037H         LINE#         147
  C:0041H         LINE#         154
  C:0049H         LINE#         155
  C:0050H         LINE#         156
  C:0056H         LINE#         158
  C:005CH         LINE#         167
  C:005EH         LINE#         168
  C:0061H         LINE#         169
  C:0064H         LINE#         170
  C:0067H         LINE#         171
  C:006AH         LINE#         172
  C:006DH         LINE#         175
  C:0070H         LINE#         178
  C:0073H         LINE#         179
  C:0076H         LINE#         181
  C:0079H         LINE#         183
  C:007CH         LINE#         184
  C:007FH         LINE#         185
  C:0082H         LINE#         186
  C:0085H         LINE#         187
BL51 BANKED LINKER/LOCATER V6.22                                                      05/02/2019  12:35:17  PAGE 11


  C:0088H         LINE#         188
  C:008BH         LINE#         189
  C:008DH         LINE#         190
  C:008FH         LINE#         192
  C:0091H         LINE#         193
  C:0098H         LINE#         194
  C:009FH         LINE#         195
  C:00A6H         LINE#         196
  C:00ADH         LINE#         200
  C:00B4H         LINE#         201
  C:00B9H         LINE#         202
  C:00BEH         LINE#         203
  C:00C3H         LINE#         204
  C:00C8H         LINE#         205
  C:00CDH         LINE#         208
  C:00E6H         LINE#         209
  C:00E6H         LINE#         210
  C:0102H         LINE#         211
  C:0149H         LINE#         212
  C:015AH         LINE#         215
  C:015AH         LINE#         216
  C:015AH         LINE#         217
  C:015DH         LINE#         221
  C:015DH         LINE#         224
  C:0162H         LINE#         225
  C:0167H         LINE#         227
  C:016CH         LINE#         228
  C:0171H         LINE#         229
  C:0176H         LINE#         230
  C:017BH         LINE#         232
  C:018CH         LINE#         233
  C:0191H         LINE#         234
  C:0196H         LINE#         236
  C:019DH         LINE#         237
  C:01A5H         LINE#         238
  C:01AAH         LINE#         239
  C:01B2H         LINE#         240
  C:01B7H         LINE#         241
  C:01C1H         LINE#         242
  C:01C6H         LINE#         243
  C:01CEH         LINE#         245
  C:01D6H         LINE#         246
  C:01DBH         LINE#         247
  C:01E5H         LINE#         248
  C:01E5H         LINE#         249
  C:01E7H         LINE#         250
  C:01E9H         LINE#         251
  C:01F3H         LINE#         252
  C:01F3H         LINE#         253
  C:01F8H         LINE#         254
  C:01F8H         LINE#         266
  C:020CH         LINE#         267
  C:020CH         LINE#         268
  C:0221H         LINE#         269
  C:0230H         LINE#         270
  C:0230H         LINE#         271
  C:0243H         LINE#         272
BL51 BANKED LINKER/LOCATER V6.22                                                      05/02/2019  12:35:17  PAGE 12


  C:0245H         LINE#         274
  C:0245H         LINE#         275
  C:0261H         LINE#         276
  C:0261H         LINE#         277
  C:0266H         LINE#         278
  C:0266H         LINE#         279
  C:027AH         LINE#         280
  C:027AH         LINE#         283
  C:028FH         LINE#         284
  C:029EH         LINE#         285
  C:029EH         LINE#         286
  C:02B1H         LINE#         287
  C:02B3H         LINE#         289
  C:02B3H         LINE#         290
  C:02CFH         LINE#         291
  C:02CFH         LINE#         292
  C:02D4H         LINE#         293
  C:02DAH         LINE#         294
  C:02DAH         LINE#         296
  C:02FCH         LINE#         297
  C:02FCH         LINE#         298
  C:0306H         LINE#         299
  C:030CH         LINE#         300
  C:0313H         LINE#         301
  C:0319H         LINE#         302
  C:0320H         LINE#         303
  C:0320H         LINE#         304
  C:0323H         LINE#         306
  C:0323H         LINE#         307
  C:0329H         LINE#         308
  C:0331H         LINE#         309
  C:0337H         LINE#         310
  C:033FH         LINE#         311
  C:037AH         LINE#         315
  C:0387H         LINE#         316
  C:0387H         LINE#         318
  C:0394H         LINE#         319
  C:03C7H         LINE#         320
  C:03C7H         LINE#         321
  C:03EAH         LINE#         322
  C:03EAH         LINE#         323
  C:040CH         LINE#         324
  C:040CH         LINE#         326
  C:042CH         LINE#         328
  C:0465H         LINE#         329
  C:0465H         LINE#         330
  C:04E1H         LINE#         331
  C:04FAH         LINE#         332
  C:0584H         LINE#         333
  C:0587H         LINE#         335
  C:0587H         LINE#         337
  C:058EH         LINE#         338
  C:058EH         LINE#         339
  C:0591H         LINE#         340
  C:05AFH         LINE#         341
  C:05B6H         LINE#         342
  C:05D5H         LINE#         343
BL51 BANKED LINKER/LOCATER V6.22                                                      05/02/2019  12:35:17  PAGE 13


  C:05F4H         LINE#         345
  C:0670H         LINE#         346
  C:0688H         LINE#         348
  C:06E0H         LINE#         349
  C:06F4H         LINE#         350
  C:0701H         LINE#         351
  C:0710H         LINE#         352
  C:0710H         LINE#         354
  C:0718H         LINE#         355
  C:0720H         LINE#         356
  C:0728H         LINE#         357
  C:0730H         LINE#         359
  C:0744H         LINE#         360
  C:075AH         LINE#         361
  C:078AH         LINE#         362
  C:079EH         LINE#         364
  C:07B2H         LINE#         365
  C:07C8H         LINE#         366
  C:07F8H         LINE#         367
  C:07FFH         LINE#         369
  C:0823H         LINE#         372
  C:0825H         LINE#         374
  C:0833H         LINE#         375
  C:0833H         LINE#         376
  C:083BH         LINE#         378
  C:083BH         LINE#         381
  C:083BH         LINE#         382
  C:0848H         LINE#         383
  C:0848H         LINE#         384
  C:086AH         LINE#         385
  C:086AH         LINE#         386
  C:08E6H         LINE#         387
  C:093BH         LINE#         388
  C:093BH         LINE#         390
  C:093EH         LINE#         394
  C:093EH         LINE#         397
  C:0960H         LINE#         398
  C:0960H         LINE#         399
  C:09DCH         LINE#         401
  C:0A09H         LINE#         402
  C:0A24H         LINE#         403
  C:0A51H         LINE#         404
  C:0A84H         LINE#         405
  C:0A84H         LINE#         406
  C:0AAEH         LINE#         407
  C:0B47H         LINE#         408
  C:0B49H         LINE#         410
  C:0B49H         LINE#         411
  C:0BACH         LINE#         412
  C:0BACH         LINE#         416
  C:0BACH         LINE#         418
  C:0BACH         LINE#         419
  C:0BACH         LINE#         421
  C:0BACH         LINE#         424
  C:0BC8H         LINE#         425
  C:0BCCH         LINE#         427
  C:0BCEH         LINE#         430
BL51 BANKED LINKER/LOCATER V6.22                                                      05/02/2019  12:35:17  PAGE 14


  C:0BDDH         LINE#         431
  C:0BDDH         LINE#         432
  C:0BE0H         LINE#         433
  C:0BE7H         LINE#         434
  C:0BECH         LINE#         435
  C:0BF1H         LINE#         436
  C:0BF6H         LINE#         437
  C:0BFBH         LINE#         438
  C:0C00H         LINE#         439
  C:0C05H         LINE#         440
  C:0C0AH         LINE#         441
  C:0C0FH         LINE#         442
  C:0C14H         LINE#         443
  C:0C19H         LINE#         444
  C:0C1EH         LINE#         445
  C:0C23H         LINE#         448
  C:0C26H         LINE#         450
  C:0C29H         LINE#         451
  C:0C30H         LINE#         452
  C:0C3AH         LINE#         453
  C:0C41H         LINE#         455
  C:0C44H         LINE#         456
  C:0C49H         LINE#         457
  C:0C4EH         LINE#         458
  C:0C53H         LINE#         459
  C:0C58H         LINE#         460
  C:0C5DH         LINE#         461
  C:0C62H         LINE#         462
  C:0C67H         LINE#         464
  C:0C67H         LINE#         465
  -------         ENDPROC       MAIN
  -------         ENDMOD        MAIN

  -------         MODULE        PCF85063BTL
  C:0000H         SYMBOL        _ICE_DUMMY_
  D:0096H         PUBLIC        P2M0
  D:0080H         PUBLIC        P0
  D:0095H         PUBLIC        P2M1
  D:0090H         PUBLIC        P1
  D:00A0H         PUBLIC        P2
  D:00B0H         PUBLIC        P3
  D:00C0H         PUBLIC        P4
  D:00C8H         PUBLIC        P5
  D:00E8H         PUBLIC        P6
  B:00A0H.1       PUBLIC        PCF85063BTL_SDI
  D:00F8H         PUBLIC        P7
  B:00A0H.2       PUBLIC        PCF85063BTL_SCK
  B:00A0H.1       PUBLIC        PCF85063BTL_SDO
  D:00A8H         PUBLIC        IE
  C:4B5FH         PUBLIC        _Read_time
  C:50F2H         PUBLIC        _PCF85063BTL_Delay
  D:00B8H         PUBLIC        IP
  D:00D8H         PUBLIC        CCON
  C:4967H         PUBLIC        _Day_Of_Year
  C:4FD3H         PUBLIC        SPI_ReceiveByte
  D:0098H         PUBLIC        SCON
  D:0088H         PUBLIC        TCON
BL51 BANKED LINKER/LOCATER V6.22                                                      05/02/2019  12:35:17  PAGE 15


  C:5139H         PUBLIC        _BCDtoDec
  B:00A0H.0       PUBLIC        PCF85063BTL_CS
  C:5128H         PUBLIC        _SPI_ReadTime
  C:000EH         PUBLIC        SPI_Init
  C:5068H         PUBLIC        _SPI_WriteTime
  C:4FB3H         PUBLIC        _SPI_SendByte
  D:00D0H         PUBLIC        PSW
  C:50EEH         SYMBOL        L?0048
  -------         PROC          L?0047
  -------         ENDPROC       L?0047
  C:50EEH         SYMBOL        L?0048
  -------         PROC          _PCF85063BTL_DELAY
  D:0006H         SYMBOL        us
  C:50F2H         LINE#         8
  C:50F2H         LINE#         9
  C:50F2H         LINE#         10
  C:50FCH         LINE#         11
  C:50FCH         LINE#         12
  C:50FDH         LINE#         13
  C:50FFH         LINE#         14
  -------         ENDPROC       _PCF85063BTL_DELAY
  -------         PROC          _SPI_SENDBYTE
  D:0005H         SYMBOL        dat
  -------         DO            
  D:0003H         SYMBOL        i
  -------         ENDDO         
  C:4FB3H         LINE#         17
  C:4FB5H         LINE#         18
  C:4FB5H         LINE#         20
  C:4FB7H         LINE#         21
  C:4FB7H         LINE#         22
  C:4FB9H         LINE#         23
  C:4FBDH         LINE#         24
  C:4FBDH         LINE#         25
  C:4FBFH         LINE#         26
  C:4FC1H         LINE#         28
  C:4FC1H         LINE#         29
  C:4FC3H         LINE#         30
  C:4FC3H         LINE#         31
  C:4FC6H         LINE#         32
  C:4FC6H         LINE#         33
  C:4FC9H         LINE#         34
  C:4FCDH         LINE#         35
  C:4FD2H         LINE#         36
  -------         ENDPROC       _SPI_SENDBYTE
  -------         PROC          SPI_RECEIVEBYTE
  -------         DO            
  D:0003H         SYMBOL        i
  D:0005H         SYMBOL        dat
  -------         ENDDO         
  C:4FD3H         LINE#         39
  C:4FD3H         LINE#         40
  C:4FD3H         LINE#         42
  C:4FD5H         LINE#         44
  C:4FD7H         LINE#         45
  C:4FD8H         LINE#         46
  C:4FD8H         LINE#         47
BL51 BANKED LINKER/LOCATER V6.22                                                      05/02/2019  12:35:17  PAGE 16


  C:4FDCH         LINE#         48
  C:4FDEH         LINE#         49
  C:4FE1H         LINE#         51
  C:4FE4H         LINE#         52
  C:4FE4H         LINE#         53
  C:4FE8H         LINE#         54
  C:4FE8H         LINE#         55
  C:4FE8H         LINE#         56
  C:4FEBH         LINE#         57
  C:4FF0H         LINE#         58
  C:4FF2H         LINE#         59
  -------         ENDPROC       SPI_RECEIVEBYTE
  -------         PROC          _SPI_READTIME
  D:0007H         SYMBOL        addr
  -------         DO            
  D:0006H         SYMBOL        dat
  -------         ENDDO         
  C:5128H         LINE#         61
  C:5128H         LINE#         62
  C:5128H         LINE#         64
  C:512AH         LINE#         65
  C:512CH         LINE#         66
  C:5133H         LINE#         67
  C:5136H         LINE#         68
  C:5138H         LINE#         69
  C:5138H         LINE#         70
  -------         ENDPROC       _SPI_READTIME
  -------         PROC          _SPI_WRITETIME
  D:0002H         SYMBOL        val
  D:0005H         SYMBOL        addr
  C:5068H         LINE#         71
  C:506AH         LINE#         72
  C:506AH         LINE#         74
  C:506CH         LINE#         75
  C:5073H         LINE#         76
  C:5078H         LINE#         77
  C:507DH         LINE#         78
  C:507FH         LINE#         79
  -------         ENDPROC       _SPI_WRITETIME
  -------         PROC          SPI_INIT
  C:000EH         LINE#         83
  C:000EH         LINE#         84
  C:000EH         LINE#         89
  C:0011H         LINE#         90
  C:0014H         LINE#         91
  C:0016H         LINE#         92
  C:0018H         LINE#         93
  C:001AH         LINE#         94
  -------         ENDPROC       SPI_INIT
  -------         PROC          _READ_TIME
  X:03E8H         SYMBOL        months
  X:03EBH         SYMBOL        days
  X:03EEH         SYMBOL        hours
  X:03F1H         SYMBOL        mins
  X:03F4H         SYMBOL        seconds
  C:4B5FH         LINE#         96
  C:4B6AH         LINE#         97
BL51 BANKED LINKER/LOCATER V6.22                                                      05/02/2019  12:35:17  PAGE 17


  C:4B6AH         LINE#         99
  C:4B7EH         LINE#         101
  C:4B92H         LINE#         103
  C:4BA6H         LINE#         108
  C:4BBAH         LINE#         113
  -------         ENDPROC       _READ_TIME
  -------         PROC          _BCDTODEC
  D:0007H         SYMBOL        bcd
  -------         DO            
  D:0006H         SYMBOL        hi
  D:0007H         SYMBOL        lo
  -------         ENDDO         
  C:5139H         LINE#         119
  C:5139H         LINE#         120
  C:5139H         LINE#         122
  C:513EH         LINE#         123
  C:5142H         LINE#         124
  C:5149H         LINE#         125
  -------         ENDPROC       _BCDTODEC
  -------         PROC          _DAY_OF_YEAR
  D:0007H         SYMBOL        months_bcd
  D:0005H         SYMBOL        days_bcd
  -------         DO            
  D:0004H         SYMBOL        months
  D:0007H         SYMBOL        days
  -------         ENDDO         
  C:4967H         LINE#         126
  C:4967H         LINE#         127
  C:4967H         LINE#         130
  C:496CH         LINE#         132
  C:4971H         LINE#         134
  C:49AAH         LINE#         135
  C:49AAH         LINE#         136
  C:49AAH         LINE#         137
  C:49ADH         LINE#         138
  C:49ADH         LINE#         139
  C:49ADH         LINE#         140
  C:49B2H         LINE#         141
  C:49B2H         LINE#         142
  C:49B2H         LINE#         143
  C:49B7H         LINE#         144
  C:49B7H         LINE#         145
  C:49B7H         LINE#         146
  C:49BCH         LINE#         147
  C:49BCH         LINE#         148
  C:49BCH         LINE#         149
  C:49C1H         LINE#         150
  C:49C1H         LINE#         151
  C:49C1H         LINE#         152
  C:49C6H         LINE#         153
  C:49C6H         LINE#         154
  C:49C6H         LINE#         155
  C:49CBH         LINE#         156
  C:49CBH         LINE#         157
  C:49CBH         LINE#         158
  C:49D0H         LINE#         159
  C:49D0H         LINE#         160
BL51 BANKED LINKER/LOCATER V6.22                                                      05/02/2019  12:35:17  PAGE 18


  C:49D0H         LINE#         161
  C:49D8H         LINE#         162
  C:49D8H         LINE#         163
  C:49D8H         LINE#         164
  C:49DDH         LINE#         165
  C:49DDH         LINE#         166
  C:49DDH         LINE#         167
  C:49E2H         LINE#         168
  C:49E2H         LINE#         169
  C:49E2H         LINE#         170
  C:49EBH         LINE#         171
  C:49EBH         LINE#         172
  C:49EBH         LINE#         173
  C:49EEH         LINE#         174
  C:49EEH         LINE#         175
  -------         ENDPROC       _DAY_OF_YEAR
  -------         ENDMOD        PCF85063BTL

  -------         MODULE        UART1
  C:0000H         SYMBOL        _ICE_DUMMY_
  D:0080H         PUBLIC        P0
  D:0090H         PUBLIC        P1
  D:00A0H         PUBLIC        P2
  D:00B0H         PUBLIC        P3
  D:00C0H         PUBLIC        P4
  D:00C8H         PUBLIC        P5
  B:00A8H.7       PUBLIC        EA
  D:00E8H         PUBLIC        P6
  D:00F8H         PUBLIC        P7
  C:4E14H         PUBLIC        _SendString
  D:00A8H         PUBLIC        IE
  B:00A8H.4       PUBLIC        ES
  D:00B8H         PUBLIC        IP
  C:5080H         PUBLIC        _ASCIItoBCD
  D:00D8H         PUBLIC        CCON
  C:514AH         PUBLIC        initUART1
  D:0098H         PUBLIC        SCON
  D:0088H         PUBLIC        TCON
  C:51CFH         PUBLIC        _DectoBCD
  C:51CAH         PUBLIC        _ASCII_Letter
  D:008EH         PUBLIC        AUXR
  C:0006H         PUBLIC        _unit
  C:51BEH         PUBLIC        _ten
  D:00D6H         PUBLIC        T2H
  D:00D7H         PUBLIC        T2L
  D:00D0H         PUBLIC        PSW
  -------         PROC          INITUART1
  C:514AH         LINE#         21
  C:514AH         LINE#         22
  C:514AH         LINE#         23
  C:514DH         LINE#         24
  C:5150H         LINE#         25
  C:5153H         LINE#         26
  C:5156H         LINE#         27
  C:5158H         LINE#         28
  C:515AH         LINE#         30
  -------         ENDPROC       INITUART1
BL51 BANKED LINKER/LOCATER V6.22                                                      05/02/2019  12:35:17  PAGE 19


  -------         PROC          _SENDSTRING
  X:0600H         SYMBOL        s
  C:4E14H         LINE#         35
  C:4E1FH         LINE#         36
  C:4E1FH         LINE#         37
  C:4E2FH         LINE#         38
  C:4E2FH         LINE#         39
  C:4E44H         LINE#         40
  C:4E46H         LINE#         41
  -------         ENDPROC       _SENDSTRING
  -------         PROC          _TEN
  D:0007H         SYMBOL        BCD
  C:51BEH         LINE#         43
  C:51BEH         LINE#         44
  C:51BEH         LINE#         45
  C:51C3H         LINE#         46
  -------         ENDPROC       _TEN
  -------         PROC          _UNIT
  D:0007H         SYMBOL        BCD
  C:0006H         LINE#         47
  C:0006H         LINE#         48
  C:0006H         LINE#         52
  C:000AH         LINE#         53
  -------         ENDPROC       _UNIT
  -------         PROC          _DECTOBCD
  D:0007H         SYMBOL        dec
  C:51CFH         LINE#         54
  C:51CFH         LINE#         55
  C:51CFH         LINE#         57
  C:51CFH         LINE#         58
  -------         ENDPROC       _DECTOBCD
  -------         PROC          _ASCII_LETTER
  D:0007H         SYMBOL        dat
  C:51CAH         LINE#         60
  C:51CAH         LINE#         61
  C:51CAH         LINE#         63
  C:51CEH         LINE#         64
  -------         ENDPROC       _ASCII_LETTER
  -------         PROC          _ASCIITOBCD
  D:0001H         SYMBOL        ascii
  -------         DO            
  D:0007H         SYMBOL        dec_val
  D:0006H         SYMBOL        ten
  D:0007H         SYMBOL        unit
  -------         ENDDO         
  C:5080H         LINE#         66
  C:5080H         LINE#         67
  C:5080H         LINE#         69
  C:5083H         LINE#         70
  C:5089H         LINE#         71
  C:5090H         LINE#         72
  C:5096H         LINE#         74
  -------         ENDPROC       _ASCIITOBCD
  -------         ENDMOD        UART1

  -------         MODULE        LCD_DRIVER_SPLC780D
  C:0000H         SYMBOL        _ICE_DUMMY_
BL51 BANKED LINKER/LOCATER V6.22                                                      05/02/2019  12:35:17  PAGE 20


  D:0092H         PUBLIC        P1M0
  D:0091H         PUBLIC        P1M1
  D:0080H         PUBLIC        P0
  D:0090H         PUBLIC        P1
  D:00A0H         PUBLIC        P2
  D:00B0H         PUBLIC        P3
  D:00C0H         PUBLIC        P4
  D:00C8H         PUBLIC        P5
  D:00E8H         PUBLIC        P6
  D:00F8H         PUBLIC        P7
  C:4A78H         PUBLIC        _WriteData
  D:00A8H         PUBLIC        IE
  D:00B8H         PUBLIC        IP
  D:00D8H         PUBLIC        CCON
  B:00B0H.4       PUBLIC        LCD_D4
  B:00B0H.5       PUBLIC        LCD_D5
  B:00B0H.6       PUBLIC        LCD_D6
  C:5030H         PUBLIC        _DisplayLCD
  B:00B0H.7       PUBLIC        LCD_D7
  D:0098H         PUBLIC        SCON
  D:0088H         PUBLIC        TCON
  C:5100H         PUBLIC        _abs
  C:51ABH         PUBLIC        LCD_clear
  C:4D59H         PUBLIC        _Command
  C:50ADH         PUBLIC        _Display_Line
  C:4C28H         PUBLIC        LCD_Init
  C:4F74H         PUBLIC        _Wait_ms
  B:00C0H.0       PUBLIC        LCD_RS
  B:0090H.3       PUBLIC        LCD_RW
  C:51A1H         PUBLIC        LCD_return_home
  C:3EB9H         PUBLIC        _Display_Pos
  B:00B0H.3       PUBLIC        LCD_E
  D:00D0H         PUBLIC        PSW
  -------         PROC          LCD_INIT
  C:4C28H         LINE#         9
  C:4C28H         LINE#         10
  C:4C28H         LINE#         11
  C:4C2BH         LINE#         12
  C:4C2EH         LINE#         14
  C:4C34H         LINE#         15
  C:4C39H         LINE#         17
  C:4C40H         LINE#         18
  C:4C45H         LINE#         20
  C:4C48H         LINE#         21
  C:4C4DH         LINE#         23
  C:4C50H         LINE#         24
  C:4C55H         LINE#         26
  C:4C5CH         LINE#         29
  C:4C61H         LINE#         30
  C:4C66H         LINE#         32
  C:4C6BH         LINE#         33
  C:4C70H         LINE#         35
  C:4C75H         LINE#         36
  C:4C7AH         LINE#         37
  -------         ENDPROC       LCD_INIT
  C:4A74H         SYMBOL        L?0040
  -------         PROC          L?0039
BL51 BANKED LINKER/LOCATER V6.22                                                      05/02/2019  12:35:17  PAGE 21


  -------         ENDPROC       L?0039
  C:4A74H         SYMBOL        L?0040
  -------         PROC          _WRITEDATA
  X:04D1H         SYMBOL        dat
  C:4A78H         LINE#         40
  C:4A7DH         LINE#         41
  C:4A7DH         LINE#         46
  C:4A7FH         LINE#         47
  C:4A81H         LINE#         49
  C:4A8FH         LINE#         50
  C:4A9BH         LINE#         51
  C:4AA7H         LINE#         52
  C:4AB1H         LINE#         53
  C:4AB3H         LINE#         54
  C:4ABAH         LINE#         55
  C:4ABCH         LINE#         57
  C:4ACCH         LINE#         58
  C:4AD7H         LINE#         59
  C:4AE1H         LINE#         60
  C:4AE5H         LINE#         62
  C:4AE5H         LINE#         63
  C:4AE8H         LINE#         64
  C:4AEAH         LINE#         65
  C:4AECH         LINE#         67
  -------         ENDPROC       _WRITEDATA
  -------         PROC          _COMMAND
  D:0007H         SYMBOL        dat
  C:4D59H         LINE#         69
  C:4D59H         LINE#         70
  C:4D59H         LINE#         71
  C:4D5BH         LINE#         72
  C:4D5DH         LINE#         74
  C:4D67H         LINE#         75
  C:4D6BH         LINE#         77
  C:4D6DH         LINE#         78
  C:4D76H         LINE#         79
  C:4D7AH         LINE#         81
  C:4D7CH         LINE#         82
  C:4D83H         LINE#         83
  C:4D87H         LINE#         85
  C:4D89H         LINE#         86
  C:4D8DH         LINE#         87
  C:4D91H         LINE#         89
  C:4D93H         LINE#         90
  C:4D93H         LINE#         91
  C:4D96H         LINE#         92
  C:4D98H         LINE#         93
  -------         ENDPROC       _COMMAND
  C:4F70H         SYMBOL        L?0038
  -------         PROC          L?0037
  -------         ENDPROC       L?0037
  C:4F70H         SYMBOL        L?0038
  -------         PROC          _WAIT_MS
  D:0006H         SYMBOL        ms
  -------         DO            
  D:0004H         SYMBOL        De_Cnt
  -------         ENDDO         
BL51 BANKED LINKER/LOCATER V6.22                                                      05/02/2019  12:35:17  PAGE 22


  C:4F74H         LINE#         95
  C:4F74H         LINE#         96
  C:4F74H         LINE#         98
  C:4F7EH         LINE#         99
  C:4F7EH         LINE#         100
  C:4F91H         LINE#         101
  C:4F91H         LINE#         102
  -------         ENDPROC       _WAIT_MS
  -------         PROC          _DISPLAYLCD
  D:0007H         SYMBOL        BCD
  -------         DO            
  D:0006H         SYMBOL        first_digit
  X:03E8H         SYMBOL        second_digit
  -------         ENDDO         
  C:5030H         LINE#         103
  C:5030H         LINE#         104
  C:5030H         LINE#         106
  C:5037H         LINE#         107
  C:5040H         LINE#         109
  C:5045H         LINE#         111
  -------         ENDPROC       _DISPLAYLCD
  -------         PROC          LCD_RETURN_HOME
  C:51A1H         LINE#         115
  C:51A1H         LINE#         116
  C:51A1H         LINE#         117
  C:51A6H         LINE#         118
  -------         ENDPROC       LCD_RETURN_HOME
  -------         PROC          LCD_CLEAR
  C:51ABH         LINE#         121
  C:51ABH         LINE#         122
  C:51ABH         LINE#         123
  C:51B0H         LINE#         124
  -------         ENDPROC       LCD_CLEAR
  -------         PROC          _DISPLAY_LINE
  D:0006H         SYMBOL        line
  C:50ADH         LINE#         128
  C:50ADH         LINE#         129
  C:50ADH         LINE#         130
  C:50B3H         LINE#         131
  C:50B3H         LINE#         132
  C:50B5H         LINE#         133
  C:50B5H         LINE#         134
  C:50B7H         LINE#         136
  C:50B7H         LINE#         137
  C:50BCH         LINE#         138
  C:50C1H         LINE#         139
  C:50C1H         LINE#         140
  -------         ENDPROC       _DISPLAY_LINE
  -------         PROC          _DISPLAY_POS
  X:04C7H         SYMBOL        sign_dat
  -------         DO            
  X:04CBH         SYMBOL        unit
  X:04CCH         SYMBOL        ten
  X:04CDH         SYMBOL        hundred
  D:0003H         SYMBOL        thousand
  X:04CEH         SYMBOL        after_dot
  X:04CFH         SYMBOL        dat
BL51 BANKED LINKER/LOCATER V6.22                                                      05/02/2019  12:35:17  PAGE 23


  -------         ENDDO         
  C:3EB9H         LINE#         142
  C:3EBFH         LINE#         143
  C:3EBFH         LINE#         147
  C:3EDBH         LINE#         148
  C:3EF5H         LINE#         149
  C:3F19H         LINE#         151
  C:3F63H         LINE#         153
  C:3F7AH         LINE#         154
  C:3F87H         LINE#         155
  C:3FA9H         LINE#         156
  C:3FDEH         LINE#         157
  C:3FF6H         LINE#         158
  C:3FF6H         LINE#         160
  C:3FF6H         LINE#         161
  C:3FF6H         LINE#         162
  C:3FF6H         LINE#         163
  C:3FF6H         LINE#         164
  C:3FF6H         LINE#         168
  C:3FF8H         LINE#         170
  C:3FF8H         LINE#         172
  C:3FFDH         LINE#         173
  C:4003H         LINE#         174
  C:4009H         LINE#         175
  C:400FH         LINE#         176
  C:4014H         LINE#         177
  C:401AH         LINE#         181
  C:401AH         LINE#         183
  -------         ENDPROC       _DISPLAY_POS
  -------         PROC          _ABS
  D:0006H         SYMBOL        dat
  C:5100H         LINE#         185
  C:5100H         LINE#         186
  C:5100H         LINE#         187
  C:510BH         LINE#         188
  C:510CH         LINE#         190
  C:5113H         LINE#         191
  -------         ENDPROC       _ABS
  -------         ENDMOD        LCD_DRIVER_SPLC780D

  -------         MODULE        KEYPAD
  C:0000H         SYMBOL        _ICE_DUMMY_
  D:0093H         PUBLIC        P0M1
  D:0080H         PUBLIC        P0
  D:0090H         PUBLIC        P1
  D:00A0H         PUBLIC        P2
  D:00B0H         PUBLIC        P3
  D:00C0H         PUBLIC        P4
  D:00C8H         PUBLIC        P5
  D:00E8H         PUBLIC        P6
  D:00F8H         PUBLIC        P7
  D:00A8H         PUBLIC        IE
  C:3A1BH         PUBLIC        Key_Scan
  D:00B8H         PUBLIC        IP
  D:00D8H         PUBLIC        CCON
  C:5195H         PUBLIC        KeyPad_IO_Init
  C:5012H         PUBLIC        _Delay_ms
BL51 BANKED LINKER/LOCATER V6.22                                                      05/02/2019  12:35:17  PAGE 24


  D:0098H         PUBLIC        SCON
  D:0088H         PUBLIC        TCON
  X:05E9H         PUBLIC        small_move
  X:05EBH         PUBLIC        move
  X:05EDH         PUBLIC        auto_mode
  X:05EFH         PUBLIC        direction
  X:05F1H         PUBLIC        SPI_NOR_ClearEnable
  C:315CH         PUBLIC        Key_Process
  D:00D0H         PUBLIC        PSW
  D:0094H         PUBLIC        P0M0
  -------         PROC          _DELAY_MS
  D:0006H         SYMBOL        ms
  -------         DO            
  D:0004H         SYMBOL        De_Cnt
  -------         ENDDO         
  C:5012H         LINE#         20
  C:5012H         LINE#         21
  C:5012H         LINE#         23
  C:501CH         LINE#         24
  C:501CH         LINE#         25
  C:502FH         LINE#         26
  C:502FH         LINE#         27
  -------         ENDPROC       _DELAY_MS
  -------         PROC          KEY_SCAN
  -------         DO            
  X:03EEH         SYMBOL        KeyTemp1
  X:03EFH         SYMBOL        KeyTemp2
  X:03F0H         SYMBOL        KeyValue
  -------         ENDDO         
  C:3A1BH         LINE#         28
  C:3A1BH         LINE#         29
  C:3A1BH         LINE#         34
  C:3A1EH         LINE#         37
  C:3A21H         LINE#         39
  C:3A29H         LINE#         40
  C:3A30H         LINE#         41
  C:3A30H         LINE#         43
  C:3A35H         LINE#         44
  C:3A3CH         LINE#         45
  C:3A3CH         LINE#         48
  C:3A3FH         LINE#         49
  C:3A42H         LINE#         50
  C:3A47H         LINE#         51
  C:3A4BH         LINE#         52
  C:3A4BH         LINE#         53
  C:3A53H         LINE#         54
  C:3A53H         LINE#         55
  C:3A56H         LINE#         56
  C:3A5EH         LINE#         57
  C:3A60H         LINE#         59
  C:3A74H         LINE#         60
  C:3A74H         LINE#         61
  C:3A74H         LINE#         62
  C:3A74H         LINE#         63
  C:3A7AH         LINE#         65
  C:3A7CH         LINE#         66
  C:3A7CH         LINE#         67
BL51 BANKED LINKER/LOCATER V6.22                                                      05/02/2019  12:35:17  PAGE 25


  C:3A7CH         LINE#         68
  C:3A82H         LINE#         70
  C:3A84H         LINE#         71
  C:3A84H         LINE#         72
  C:3A84H         LINE#         73
  C:3A8AH         LINE#         75
  C:3A8CH         LINE#         76
  C:3A8CH         LINE#         77
  C:3A8CH         LINE#         78
  C:3A92H         LINE#         80
  C:3A92H         LINE#         81
  C:3A92H         LINE#         82
  C:3A92H         LINE#         85
  C:3A95H         LINE#         86
  C:3A98H         LINE#         87
  C:3AA0H         LINE#         88
  C:3AA4H         LINE#         89
  C:3AA4H         LINE#         90
  C:3AACH         LINE#         91
  C:3AACH         LINE#         92
  C:3AAFH         LINE#         93
  C:3AB7H         LINE#         94
  C:3AB9H         LINE#         95
  C:3ACDH         LINE#         96
  C:3ACDH         LINE#         97
  C:3ACDH         LINE#         98
  C:3ACDH         LINE#         99
  C:3AD3H         LINE#         101
  C:3AD5H         LINE#         102
  C:3AD5H         LINE#         103
  C:3AD5H         LINE#         104
  C:3ADBH         LINE#         106
  C:3ADDH         LINE#         107
  C:3ADDH         LINE#         108
  C:3ADDH         LINE#         109
  C:3AE3H         LINE#         111
  C:3AE5H         LINE#         112
  C:3AE5H         LINE#         113
  C:3AE5H         LINE#         114
  C:3AEAH         LINE#         116
  C:3AEAH         LINE#         117
  C:3AEAH         LINE#         118
  C:3AEAH         LINE#         121
  C:3AEDH         LINE#         122
  C:3AF0H         LINE#         123
  C:3AF8H         LINE#         124
  C:3AFCH         LINE#         125
  C:3AFCH         LINE#         126
  C:3B04H         LINE#         127
  C:3B04H         LINE#         128
  C:3B07H         LINE#         129
  C:3B0FH         LINE#         130
  C:3B11H         LINE#         131
  C:3B25H         LINE#         132
  C:3B25H         LINE#         133
  C:3B25H         LINE#         134
  C:3B25H         LINE#         135
BL51 BANKED LINKER/LOCATER V6.22                                                      05/02/2019  12:35:17  PAGE 26


  C:3B2BH         LINE#         137
  C:3B2DH         LINE#         138
  C:3B2DH         LINE#         139
  C:3B2DH         LINE#         140
  C:3B33H         LINE#         142
  C:3B35H         LINE#         143
  C:3B35H         LINE#         144
  C:3B35H         LINE#         145
  C:3B3BH         LINE#         147
  C:3B3DH         LINE#         148
  C:3B3DH         LINE#         149
  C:3B3DH         LINE#         150
  C:3B43H         LINE#         152
  C:3B43H         LINE#         153
  C:3B43H         LINE#         154
  C:3B43H         LINE#         158
  C:3B46H         LINE#         159
  C:3B49H         LINE#         160
  C:3B51H         LINE#         161
  C:3B55H         LINE#         162
  C:3B55H         LINE#         163
  C:3B5DH         LINE#         164
  C:3B5DH         LINE#         165
  C:3B60H         LINE#         166
  C:3B68H         LINE#         167
  C:3B6AH         LINE#         168
  C:3B7EH         LINE#         169
  C:3B7EH         LINE#         170
  C:3B7EH         LINE#         171
  C:3B7EH         LINE#         172
  C:3B84H         LINE#         174
  C:3B86H         LINE#         175
  C:3B86H         LINE#         176
  C:3B86H         LINE#         177
  C:3B8CH         LINE#         179
  C:3B8EH         LINE#         180
  C:3B8EH         LINE#         181
  C:3B8EH         LINE#         182
  C:3B94H         LINE#         184
  C:3B96H         LINE#         185
  C:3B96H         LINE#         186
  C:3B96H         LINE#         187
  C:3B9CH         LINE#         189
  C:3B9CH         LINE#         190
  C:3B9CH         LINE#         191
  C:3B9CH         LINE#         193
  C:3BA2H         LINE#         194
  C:3BA2H         LINE#         196
  C:3BA2H         LINE#         197
  C:3BA5H         LINE#         198
  C:3BA5H         LINE#         199
  C:3BA5H         LINE#         201
  C:3BA5H         LINE#         202
  C:3BA7H         LINE#         203
  C:3BA7H         LINE#         204
  -------         ENDPROC       KEY_SCAN
  -------         PROC          KEY_PROCESS
BL51 BANKED LINKER/LOCATER V6.22                                                      05/02/2019  12:35:17  PAGE 27


  -------         DO            
  X:05DAH         SYMBOL        KeyCount
  X:05DBH         SYMBOL        KeyNum_Old
  X:05DDH         SYMBOL        KeyNum
  X:05DFH         SYMBOL        PressedKey
  X:03E8H         SYMBOL        d
  D:0002H         SYMBOL        hours
  D:0006H         SYMBOL        mins
  X:03EAH         SYMBOL        months
  X:03ECH         SYMBOL        days
  -------         ENDDO         
  C:315CH         LINE#         205
  C:315CH         LINE#         206
  C:315CH         LINE#         210
  C:316BH         LINE#         211
  C:3178H         LINE#         213
  C:317CH         LINE#         214
  C:317CH         LINE#         215
  C:3182H         LINE#         217
  C:3182H         LINE#         218
  C:3199H         LINE#         219
  C:3199H         LINE#         220
  C:31A3H         LINE#         221
  C:31A9H         LINE#         223
  C:31AFH         LINE#         225
  C:31AFH         LINE#         226
  C:31C6H         LINE#         227
  C:31C6H         LINE#         228
  C:31CBH         LINE#         230
  C:31CBH         LINE#         231
  C:31DBH         LINE#         232
  C:31DBH         LINE#         233
  C:31E1H         LINE#         235
  C:31E1H         LINE#         236
  C:31F3H         LINE#         237
  C:31F3H         LINE#         238
  C:31FDH         LINE#         239
  C:3205H         LINE#         241
  C:320EH         LINE#         243
  C:320EH         LINE#         252
  C:322DH         LINE#         253
  C:322DH         LINE#         254
  C:324CH         LINE#         255
  C:3252H         LINE#         256
  C:325AH         LINE#         257
  C:325AH         LINE#         259
  C:325BH         LINE#         265
  C:3267H         LINE#         266
  C:3267H         LINE#         267
  C:3284H         LINE#         268
  C:329BH         LINE#         269
  C:32B2H         LINE#         270
  C:32B2H         LINE#         271
  C:32C5H         LINE#         272
  C:32D8H         LINE#         273
  C:32D8H         LINE#         274
  C:32D8H         LINE#         275
BL51 BANKED LINKER/LOCATER V6.22                                                      05/02/2019  12:35:17  PAGE 28


  C:32DBH         LINE#         280
  C:32EAH         LINE#         281
  C:32EAH         LINE#         282
  C:330DH         LINE#         283
  C:332AH         LINE#         284
  C:3333H         LINE#         285
  C:3333H         LINE#         286
  C:333AH         LINE#         287
  C:333AH         LINE#         288
  C:334BH         LINE#         289
  C:334BH         LINE#         290
  C:335AH         LINE#         291
  C:335AH         LINE#         292
  C:335AH         LINE#         293
  C:335DH         LINE#         295
  C:335DH         LINE#         296
  C:3369H         LINE#         297
  C:3369H         LINE#         298
  C:337BH         LINE#         299
  C:337BH         LINE#         300
  C:338BH         LINE#         301
  C:338BH         LINE#         302
  C:338BH         LINE#         304
  C:338DH         LINE#         306
  C:338DH         LINE#         307
  C:339CH         LINE#         308
  C:339CH         LINE#         309
  C:33ACH         LINE#         310
  C:33ACH         LINE#         311
  C:33ACH         LINE#         313
  C:33ACH         LINE#         315
  C:33ACH         LINE#         316
  C:33AEH         LINE#         318
  C:33AEH         LINE#         319
  C:33B5H         LINE#         320
  C:33B5H         LINE#         321
  C:33C4H         LINE#         322
  C:33C4H         LINE#         323
  C:33D4H         LINE#         324
  C:33D4H         LINE#         325
  C:33D4H         LINE#         326
  C:33D6H         LINE#         328
  C:33D6H         LINE#         329
  C:33E5H         LINE#         330
  C:33E5H         LINE#         331
  C:33F8H         LINE#         332
  C:340BH         LINE#         333
  C:340BH         LINE#         334
  C:340BH         LINE#         335
  C:340BH         LINE#         336
  C:3414H         LINE#         338
  C:3414H         LINE#         340
  C:344EH         LINE#         341
  C:344EH         LINE#         342
  C:3455H         LINE#         343
  C:3455H         LINE#         344
  C:345FH         LINE#         345
BL51 BANKED LINKER/LOCATER V6.22                                                      05/02/2019  12:35:17  PAGE 29


  C:345FH         LINE#         346
  C:3462H         LINE#         347
  C:3467H         LINE#         348
  C:346CH         LINE#         349
  C:3471H         LINE#         350
  C:3476H         LINE#         351
  C:347BH         LINE#         352
  C:3480H         LINE#         353
  C:3485H         LINE#         354
  C:3485H         LINE#         355
  C:3485H         LINE#         357
  C:34A3H         LINE#         358
  C:34A3H         LINE#         359
  C:34AAH         LINE#         360
  C:34AAH         LINE#         361
  C:34AFH         LINE#         362
  C:34B8H         LINE#         363
  C:34D7H         LINE#         364
  C:34D7H         LINE#         365
  C:34E7H         LINE#         367
  C:34E7H         LINE#         371
  -------         ENDPROC       KEY_PROCESS
  -------         PROC          KEYPAD_IO_INIT
  C:5195H         LINE#         374
  C:5195H         LINE#         375
  C:5195H         LINE#         376
  C:5198H         LINE#         377
  C:519BH         LINE#         378
  C:519EH         LINE#         379
  C:51A0H         LINE#         380
  -------         ENDPROC       KEYPAD_IO_INIT
  -------         ENDMOD        KEYPAD

  -------         MODULE        BIPOLARMOTOR
  C:0000H         SYMBOL        _ICE_DUMMY_
  X:0000H         PUBLIC        UTC_time
  D:0080H         PUBLIC        P0
  D:0090H         PUBLIC        P1
  X:0004H         PUBLIC        RX_pos_test
  D:00A0H         PUBLIC        P2
  D:00B0H         PUBLIC        P3
  D:00C0H         PUBLIC        P4
  D:00C8H         PUBLIC        P5
  D:00E8H         PUBLIC        P6
  D:00F8H         PUBLIC        P7
  X:00A4H         PUBLIC        low_date_azimuth_mapping
  D:00A8H         PUBLIC        IE
  C:444DH         PUBLIC        linear_interpolate
  X:00CCH         PUBLIC        declination
  C:4EFAH         PUBLIC        _Move
  D:00B8H         PUBLIC        IP
  X:00D0H         PUBLIC        time_offset
  D:00D8H         PUBLIC        CCON
  X:00D4H         PUBLIC        previous_move_time
  X:00D5H         PUBLIC        time
  D:0098H         PUBLIC        SCON
  D:0088H         PUBLIC        TCON
BL51 BANKED LINKER/LOCATER V6.22                                                      05/02/2019  12:35:17  PAGE 30


  C:51D0H         PUBLIC        wait
  C:4D99H         PUBLIC        _Step_move
  X:00E7H         PUBLIC        dat
  X:00EDH         PUBLIC        current_local_sun_time
  C:1DC2H         PUBLIC        _Update_position
  C:34E8H         PUBLIC        _elevation_calculation
  X:00F1H         PUBLIC        sunCoord
  C:4C81H         PUBLIC        vOneStepMove
  X:00F4H         PUBLIC        elevation_stamp
  X:0130H         PUBLIC        date_azimuth_mapping
  X:0158H         PUBLIC        location
  X:0160H         PUBLIC        RX_pos
  C:50C2H         PUBLIC        vSetLocation
  C:5057H         PUBLIC        _BCDtoDec1
  X:03B8H         PUBLIC        degree
  C:2408H         PUBLIC        _TheoricalJP_Position
  D:00D0H         PUBLIC        PSW
  -------         PROC          VSETLOCATION
  C:50C2H         LINE#         44
  C:50C2H         LINE#         45
  C:50C2H         LINE#         46
  C:50CCH         LINE#         47
  C:50D6H         LINE#         48
  -------         ENDPROC       VSETLOCATION
  C:5053H         SYMBOL        L?0061
  -------         PROC          L?0060
  -------         ENDPROC       L?0060
  C:5053H         SYMBOL        L?0061
  -------         PROC          _BCDTODEC1
  D:0007H         SYMBOL        bcd
  -------         DO            
  D:0006H         SYMBOL        hi
  D:0007H         SYMBOL        lo
  -------         ENDDO         
  C:5057H         LINE#         49
  C:5057H         LINE#         50
  C:5057H         LINE#         52
  C:505CH         LINE#         53
  C:5060H         LINE#         54
  C:5067H         LINE#         55
  -------         ENDPROC       _BCDTODEC1
  -------         PROC          WAIT
  C:51D0H         LINE#         57
  C:51D0H         LINE#         59
  -------         ENDPROC       WAIT
  -------         PROC          VONESTEPMOVE
  B:0020H.2       SYMBOL        bDir
  C:4C81H         LINE#         61
  C:4C81H         LINE#         62
  C:4C81H         LINE#         64
  C:4C87H         LINE#         65
  C:4C87H         LINE#         66
  C:4C8AH         LINE#         67
  C:4C93H         LINE#         68
  C:4C9AH         LINE#         69
  C:4C9FH         LINE#         70
  C:4C9FH         LINE#         71
BL51 BANKED LINKER/LOCATER V6.22                                                      05/02/2019  12:35:17  PAGE 31


  C:4C9FH         LINE#         73
  C:4CA1H         LINE#         76
  C:4CA1H         LINE#         77
  C:4CA4H         LINE#         78
  C:4CADH         LINE#         79
  C:4CB4H         LINE#         80
  C:4CBAH         LINE#         81
  C:4CC3H         LINE#         82
  C:4CCAH         LINE#         83
  C:4CCAH         LINE#         87
  -------         ENDPROC       VONESTEPMOVE
  -------         PROC          _STEP_MOVE
  X:04CBH         SYMBOL        step
  B:0020H.1       SYMBOL        dir
  -------         DO            
  X:04CDH         SYMBOL        i
  -------         ENDDO         
  C:4D99H         LINE#         89
  C:4DA1H         LINE#         90
  C:4DA1H         LINE#         92
  C:4DA6H         LINE#         95
  C:4DC1H         LINE#         96
  C:4DC1H         LINE#         97
  C:4DC8H         LINE#         99
  C:4DD8H         LINE#         101
  -------         ENDPROC       _STEP_MOVE
  -------         PROC          _MOVE
  X:04C7H         SYMBOL        distance
  B:0020H.0       SYMBOL        direction
  -------         DO            
  D:0006H         SYMBOL        step
  -------         ENDDO         
  C:4EFAH         LINE#         103
  C:4F00H         LINE#         104
  C:4F00H         LINE#         107
  C:4F1BH         LINE#         108
  -------         ENDPROC       _MOVE
  C:443CH         SYMBOL        L?0059
  -------         PROC          L?0058
  -------         ENDPROC       L?0058
  C:443CH         SYMBOL        L?0059
  -------         PROC          LINEAR_INTERPOLATE
  X:0496H         SYMBOL        p1
  X:049EH         SYMBOL        p2
  X:04A6H         SYMBOL        x
  -------         DO            
  D:0004H         SYMBOL        fx
  -------         ENDDO         
  C:444DH         LINE#         141
  C:444DH         LINE#         142
  C:444DH         LINE#         145
  C:44ECH         LINE#         147
  C:44ECH         LINE#         148
  -------         ENDPROC       LINEAR_INTERPOLATE
  -------         PROC          _THEORICALJP_POSITION
  X:043AH         SYMBOL        azimuth
  X:043EH         SYMBOL        elevation
BL51 BANKED LINKER/LOCATER V6.22                                                      05/02/2019  12:35:17  PAGE 32


  -------         DO            
  X:0442H         SYMBOL        pos_interpolate_azimuth
  X:047EH         SYMBOL        JP_pos
  X:0482H         SYMBOL        i
  X:0484H         SYMBOL        yy
  X:0486H         SYMBOL        p1
  X:048EH         SYMBOL        p2
  -------         ENDDO         
  C:2408H         LINE#         151
  C:240EH         LINE#         152
  C:240EH         LINE#         154
  C:2418H         LINE#         157
  C:2434H         LINE#         158
  C:2434H         LINE#         159
  C:24A4H         LINE#         160
  C:24A4H         LINE#         161
  C:24ABH         LINE#         162
  C:24ABH         LINE#         163
  C:24D8H         LINE#         164
  C:24F3H         LINE#         166
  C:253AH         LINE#         167
  C:256EH         LINE#         169
  C:25B4H         LINE#         170
  C:25D9H         LINE#         172
  C:25D9H         LINE#         174
  C:264FH         LINE#         175
  C:264FH         LINE#         176
  C:2656H         LINE#         177
  C:2656H         LINE#         178
  C:2683H         LINE#         179
  C:269EH         LINE#         181
  C:26E5H         LINE#         182
  C:2719H         LINE#         184
  C:275FH         LINE#         185
  C:2781H         LINE#         187
  C:2781H         LINE#         188
  C:2795H         LINE#         191
  C:27B1H         LINE#         192
  C:27B1H         LINE#         193
  C:2821H         LINE#         194
  C:2821H         LINE#         195
  C:284EH         LINE#         196
  C:2869H         LINE#         198
  C:2896H         LINE#         199
  C:28B1H         LINE#         201
  C:28E3H         LINE#         204
  C:28E3H         LINE#         206
  C:28F4H         LINE#         207
  C:2902H         LINE#         209
  -------         ENDPROC       _THEORICALJP_POSITION
  -------         PROC          _UPDATE_POSITION
  D:0001H         SYMBOL        mnths
  D:0002H         SYMBOL        dys
  X:040EH         SYMBOL        hurs
  X:040FH         SYMBOL        mns
  X:0410H         SYMBOL        sconds
  X:0411H         SYMBOL        currnt_pos
BL51 BANKED LINKER/LOCATER V6.22                                                      05/02/2019  12:35:17  PAGE 33


  X:0414H         SYMBOL        offset_calib
  -------         DO            
  X:0418H         SYMBOL        date
  X:041AH         SYMBOL        i
  X:041CH         SYMBOL        yy
  X:041EH         SYMBOL        desired_distance
  X:0422H         SYMBOL        distance
  X:0426H         SYMBOL        JP_pos
  X:042AH         SYMBOL        elevation
  X:042EH         SYMBOL        azimuth
  X:0432H         SYMBOL        time_offset
  X:0436H         SYMBOL        UTC_time
  -------         ENDDO         
  C:1DC2H         LINE#         212
  C:1DCBH         LINE#         215
  C:1DCBH         LINE#         216
  C:1DD6H         LINE#         218
  C:1DF2H         LINE#         219
  C:1DFCH         LINE#         225
  C:1E06H         LINE#         226
  C:1E11H         LINE#         227
  C:1E1CH         LINE#         228
  C:1E35H         LINE#         229
  C:1E46H         LINE#         230
  C:1E55H         LINE#         233
  C:1E69H         LINE#         237
  C:1EBBH         LINE#         238
  C:201FH         LINE#         239
  C:206FH         LINE#         242
  C:2197H         LINE#         245
  C:2266H         LINE#         252
  C:22ADH         LINE#         253
  C:22ADH         LINE#         255
  C:22D8H         LINE#         256
  C:2307H         LINE#         258
  C:232CH         LINE#         259
  C:2391H         LINE#         260
  C:2391H         LINE#         261
  C:23ABH         LINE#         262
  C:23BDH         LINE#         263
  C:23D5H         LINE#         264
  C:23EBH         LINE#         266
  C:2407H         LINE#         267
  C:2407H         LINE#         268
  C:2407H         LINE#         271
  -------         ENDPROC       _UPDATE_POSITION
  -------         PROC          _ELEVATION_CALCULATION
  D:0007H         SYMBOL        mnths
  D:0005H         SYMBOL        dys
  X:03EAH         SYMBOL        hurs
  X:03EBH         SYMBOL        mns
  X:03ECH         SYMBOL        sconds
  C:34E8H         LINE#         273
  C:34EDH         LINE#         275
  C:34EDH         LINE#         276
  C:34F7H         LINE#         277
  C:3500H         LINE#         278
BL51 BANKED LINKER/LOCATER V6.22                                                      05/02/2019  12:35:17  PAGE 34


  C:350BH         LINE#         279
  C:3524H         LINE#         280
  C:3538H         LINE#         281
  C:354AH         LINE#         285
  C:359CH         LINE#         286
  C:3700H         LINE#         287
  C:3750H         LINE#         289
  C:3867H         LINE#         291
  -------         ENDPROC       _ELEVATION_CALCULATION
  -------         ENDMOD        BIPOLARMOTOR

  -------         MODULE        SUNPOS
  C:0000H         SYMBOL        _ICE_DUMMY_
  C:1620H         PUBLIC        sunpos
  -------         PROC          SUNPOS
  X:043AH         SYMBOL        udtTime
  X:044CH         SYMBOL        udtLocation
  X:0454H         SYMBOL        udtSunCoordinates
  -------         DO            
  X:0457H         SYMBOL        dElapsedJulianDays
  X:045BH         SYMBOL        dDecimalHours
  X:045FH         SYMBOL        dEclipticLongitude
  X:0463H         SYMBOL        dEclipticObliquity
  X:0467H         SYMBOL        dRightAscension
  X:046BH         SYMBOL        dDeclination
  X:046FH         SYMBOL        dY
  X:0473H         SYMBOL        dX
  -------         DO            
  X:0477H         SYMBOL        dJulianDate
  X:047BH         SYMBOL        liAux1
  X:047FH         SYMBOL        liAux2
  X:0477H         SYMBOL        dMeanLongitude
  X:047BH         SYMBOL        dMeanAnomaly
  X:047FH         SYMBOL        dOmega
  X:0477H         SYMBOL        dSin_EclipticLongitude
  X:0477H         SYMBOL        dGreenwichMeanSiderealTime
  X:047BH         SYMBOL        dLocalMeanSiderealTime
  X:047FH         SYMBOL        dLatitudeInRadians
  X:0483H         SYMBOL        dHourAngle
  X:0487H         SYMBOL        dCos_Latitude
  X:048BH         SYMBOL        dSin_Latitude
  X:048FH         SYMBOL        dCos_HourAngle
[...]
  C:4309H         LINE#         136
  C:430CH         LINE#         137
  C:4313H         LINE#         138
  C:4313H         LINE#         139
  C:4315H         LINE#         140
  C:4317H         LINE#         142
  C:4317H         LINE#         143
  C:4319H         LINE#         145
  C:4319H         LINE#         146
  C:4319H         LINE#         147
  C:4319H         LINE#         148
  C:431CH         LINE#         149
  C:4323H         LINE#         151
  C:4342H         LINE#         153
  C:4344H         LINE#         154
  C:4347H         LINE#         155
  C:434EH         LINE#         157
  -------         ENDPROC       _AT25SF041_WRITE
  -------         PROC          _AT25SF041_READ
  D:0003H         SYMBOL        opcode
  X:05F4H         SYMBOL        addr
  -------         DO            
  X:05F8H         SYMBOL        dat
  X:05F9H         SYMBOL        i
  -------         ENDDO         
  C:413DH         LINE#         159
  C:413FH         LINE#         160
  C:413FH         LINE#         161
  C:4144H         LINE#         163
  C:4146H         LINE#         164
  C:414CH         LINE#         168
  C:4151H         LINE#         169
  C:4151H         LINE#         170
  C:4153H         LINE#         171
  C:4156H         LINE#         172
  C:415AH         LINE#         173
  C:415AH         LINE#         174
  C:415CH         LINE#         175
  C:415EH         LINE#         177
BL51 BANKED LINKER/LOCATER V6.22                                                      05/02/2019  12:35:17  PAGE 48


  C:415EH         LINE#         178
  C:4160H         LINE#         180
  C:4160H         LINE#         181
  C:4160H         LINE#         182
  C:4160H         LINE#         183
  C:4163H         LINE#         184
  C:4167H         LINE#         187
  C:4186H         LINE#         189
  C:418DH         LINE#         190
  C:418DH         LINE#         191
  C:418FH         LINE#         192
  C:4192H         LINE#         193
  C:41AEH         LINE#         194
  C:41AEH         LINE#         195
  C:41B0H         LINE#         196
  C:41B2H         LINE#         198
  C:41B2H         LINE#         199
  C:41B4H         LINE#         201
  C:41B4H         LINE#         202
  C:41B4H         LINE#         203
  C:41B4H         LINE#         204
  C:41B7H         LINE#         205
  C:41D0H         LINE#         207
  C:41EFH         LINE#         210
  C:41F6H         LINE#         212
  C:41F8H         LINE#         213
  C:41FFH         LINE#         215
  C:4206H         LINE#         216
  C:4206H         LINE#         217
  C:420DH         LINE#         218
  C:420DH         LINE#         219
  C:4210H         LINE#         220
  C:4212H         LINE#         221
  C:4215H         LINE#         223
  C:4218H         LINE#         224
  C:4218H         LINE#         226
  C:421CH         LINE#         227
  C:421CH         LINE#         233
  C:423BH         LINE#         236
  C:423DH         LINE#         237
  C:4240H         LINE#         238
  C:4247H         LINE#         240
  C:424CH         LINE#         242
  -------         ENDPROC       _AT25SF041_READ
  -------         PROC          UCREAD_STATUS_REGISTER_BYTE1
  -------         DO            
  D:0003H         SYMBOL        dat
  D:0001H         SYMBOL        opcode
  X:04CFH         SYMBOL        count
  X:04D0H         SYMBOL        i
  -------         ENDDO         
  C:4701H         LINE#         246
  C:4701H         LINE#         247
  C:4701H         LINE#         248
  C:4707H         LINE#         249
  C:470BH         LINE#         250
  C:470DH         LINE#         251
BL51 BANKED LINKER/LOCATER V6.22                                                      05/02/2019  12:35:17  PAGE 49


  C:470FH         LINE#         252
  C:4715H         LINE#         256
  C:471CH         LINE#         257
  C:471CH         LINE#         258
  C:471EH         LINE#         259
  C:4721H         LINE#         260
  C:4725H         LINE#         261
  C:4725H         LINE#         262
  C:4727H         LINE#         263
  C:4729H         LINE#         265
  C:4729H         LINE#         266
  C:472BH         LINE#         268
  C:472BH         LINE#         269
  C:472BH         LINE#         270
  C:472BH         LINE#         271
  C:472EH         LINE#         272
  C:4732H         LINE#         275
  C:4751H         LINE#         279
  C:4758H         LINE#         281
  C:475AH         LINE#         282
  C:4761H         LINE#         283
  C:4768H         LINE#         284
  C:4768H         LINE#         285
  C:476CH         LINE#         286
  C:476CH         LINE#         287
  C:476FH         LINE#         288
  C:4771H         LINE#         289
  C:4774H         LINE#         291
  C:4777H         LINE#         292
  C:4777H         LINE#         294
  C:477BH         LINE#         295
  C:477BH         LINE#         297
  C:479AH         LINE#         301
  C:479CH         LINE#         302
  C:479FH         LINE#         303
  C:47A1H         LINE#         304
  -------         ENDPROC       UCREAD_STATUS_REGISTER_BYTE1
  -------         PROC          SPI_NOR_WRITE_DATA
  X:03E8H         SYMBOL        dat
  X:03F3H         SYMBOL        addr
  C:3BA8H         LINE#         306
  C:3BA8H         LINE#         307
  C:3BA8H         LINE#         309
  C:3BABH         LINE#         311
  C:3BC5H         LINE#         312
  C:3BE3H         LINE#         314
  C:3BEAH         LINE#         315
  C:3BEDH         LINE#         317
  C:3C07H         LINE#         318
  C:3C07H         LINE#         319
  C:3C07H         LINE#         322
  C:3C0AH         LINE#         324
  C:3C24H         LINE#         325
  C:3C24H         LINE#         326
  C:3C24H         LINE#         328
  C:3C27H         LINE#         330
  C:3C41H         LINE#         331
BL51 BANKED LINKER/LOCATER V6.22                                                      05/02/2019  12:35:17  PAGE 50


  C:3C41H         LINE#         332
  C:3C41H         LINE#         334
  C:3C44H         LINE#         336
  C:3C5EH         LINE#         337
  C:3C5EH         LINE#         338
  C:3C5EH         LINE#         340
  C:3C61H         LINE#         342
  C:3C7BH         LINE#         343
  C:3C7BH         LINE#         344
  C:3C7BH         LINE#         346
  C:3C7EH         LINE#         348
  C:3C98H         LINE#         349
  C:3C98H         LINE#         350
  C:3C98H         LINE#         352
  C:3C9BH         LINE#         354
  C:3CB5H         LINE#         355
  C:3CB5H         LINE#         356
  C:3CB5H         LINE#         358
  C:3CB8H         LINE#         360
  C:3CD2H         LINE#         361
  C:3CD2H         LINE#         362
  C:3CD2H         LINE#         364
  C:3CD5H         LINE#         366
  C:3CEFH         LINE#         367
  C:3CEFH         LINE#         368
  C:3CEFH         LINE#         370
  C:3CF2H         LINE#         372
  C:3D0CH         LINE#         373
  C:3D13H         LINE#         374
  -------         ENDPROC       SPI_NOR_WRITE_DATA
  -------         ENDMOD        AT25SF041

  -------         MODULE        SI1120
  C:0000H         SYMBOL        _ICE_DUMMY_
  D:0080H         PUBLIC        P0
  D:00B2H         PUBLIC        P3M0
  D:0090H         PUBLIC        P1
  D:00B1H         PUBLIC        P3M1
  D:00A0H         PUBLIC        P2
  D:00B0H         PUBLIC        P3
  D:00C0H         PUBLIC        P4
  D:00C8H         PUBLIC        P5
  B:00A8H.7       PUBLIC        EA
  D:00E8H         PUBLIC        P6
  D:00F8H         PUBLIC        P7
  D:00A8H         PUBLIC        IE
  D:00B8H         PUBLIC        IP
  C:4E47H         PUBLIC        SI1120_CONFIG_MODE_VIRH
  D:00D8H         PUBLIC        CCON
  D:0098H         PUBLIC        SCON
  D:0088H         PUBLIC        TCON
  C:5188H         PUBLIC        Enable_EXTINT0
  B:0090H.5       PUBLIC        SI1120_STX
  B:0088H.0       PUBLIC        IT0
  B:00A8H.0       PUBLIC        EX0
  B:0090H.4       PUBLIC        SI1120_MD
  B:0090H.6       PUBLIC        SI1120_SC
BL51 BANKED LINKER/LOCATER V6.22                                                      05/02/2019  12:35:17  PAGE 51


  D:00D0H         PUBLIC        PSW
  -------         PROC          SI1120_CONFIG_MODE_VIRH
  C:4E47H         LINE#         4
  C:4E47H         LINE#         5
  C:4E47H         LINE#         6
  C:4E49H         LINE#         7
  C:4E4BH         LINE#         8
  C:4E4DH         LINE#         10
  C:4E54H         LINE#         11
  C:4E56H         LINE#         12
  C:4E58H         LINE#         13
  C:4E5AH         LINE#         15
  C:4E61H         LINE#         17
  C:4E63H         LINE#         18
  C:4E6AH         LINE#         20
  C:4E6CH         LINE#         21
  C:4E6EH         LINE#         23
  C:4E75H         LINE#         25
  C:4E77H         LINE#         27
  -------         ENDPROC       SI1120_CONFIG_MODE_VIRH
  -------         PROC          ENABLE_EXTINT0
  C:5188H         LINE#         29
  C:5188H         LINE#         30
  C:5188H         LINE#         31
  C:518BH         LINE#         32
  C:518EH         LINE#         33
  C:5190H         LINE#         34
  C:5192H         LINE#         35
  C:5194H         LINE#         36
  -------         ENDPROC       ENABLE_EXTINT0
  -------         ENDMOD        SI1120

  -------         MODULE        ?C_STARTUP
  C:48DBH         SEGMENT       ?C_C51STARTUP
  I:0021H         SEGMENT       ?STACK
  C:0000H         PUBLIC        ?C_STARTUP
  D:00E0H         SYMBOL        ACC
  D:00F0H         SYMBOL        B
  D:0083H         SYMBOL        DPH
  D:0082H         SYMBOL        DPL
  N:0000H         SYMBOL        IBPSTACK
  N:0100H         SYMBOL        IBPSTACKTOP
  N:0080H         SYMBOL        IDATALEN
  C:48DEH         SYMBOL        IDATALOOP
  N:0000H         SYMBOL        PBPSTACK
  N:0100H         SYMBOL        PBPSTACKTOP
  N:0000H         SYMBOL        PDATALEN
  N:0000H         SYMBOL        PDATASTART
  N:0000H         SYMBOL        PPAGE
  N:0000H         SYMBOL        PPAGEENABLE
  D:00A0H         SYMBOL        PPAGE_SFR
  D:0081H         SYMBOL        SP
  C:48DBH         SYMBOL        STARTUP1
  N:0000H         SYMBOL        XBPSTACK
  N:0000H         SYMBOL        XBPSTACKTOP
  N:0000H         SYMBOL        XDATALEN
  N:0000H         SYMBOL        XDATASTART
BL51 BANKED LINKER/LOCATER V6.22                                                      05/02/2019  12:35:17  PAGE 52


  C:0000H         LINE#         126
  C:48DBH         LINE#         133
  C:48DDH         LINE#         134
  C:48DEH         LINE#         135
  C:48DFH         LINE#         136
  C:48E1H         LINE#         185
  C:48E4H         LINE#         196
  -------         ENDMOD        ?C_STARTUP

  -------         MODULE        ?C?FPADD
  C:0C71H         PUBLIC        ?C?FPADD
  C:0C6DH         PUBLIC        ?C?FPSUB
  -------         ENDMOD        ?C?FPADD

  -------         MODULE        ?C?FPMUL
  C:0D62H         PUBLIC        ?C?FPMUL
  -------         ENDMOD        ?C?FPMUL

  -------         MODULE        ?C?FPDIV
  C:0E6BH         PUBLIC        ?C?FPDIV
  -------         ENDMOD        ?C?FPDIV

  -------         MODULE        ?C?FPCMP
  C:0F0AH         PUBLIC        ?C?FPCMP
  C:0F08H         PUBLIC        ?C?FPCMP3
  -------         ENDMOD        ?C?FPCMP

  -------         MODULE        ?C?FPNEG
  C:0F81H         PUBLIC        ?C?FPNEG
  -------         ENDMOD        ?C?FPNEG

  -------         MODULE        ?C?FCAST
  C:0F9CH         PUBLIC        ?C?FCASTC
  C:0F97H         PUBLIC        ?C?FCASTI
  C:0F92H         PUBLIC        ?C?FCASTL
  -------         ENDMOD        ?C?FCAST

  -------         MODULE        ?C?CASTF
  C:0FD0H         PUBLIC        ?C?CASTF
  -------         ENDMOD        ?C?CASTF

  -------         MODULE        ATAN2
  X:0497H         PUBLIC        ?_atan2?BYTE
  C:47A2H         PUBLIC        _atan2
  -------         ENDMOD        ATAN2

  -------         MODULE        SIN
  C:3D79H         PUBLIC        _COS
  C:3D8FH         PUBLIC        _SIN
  C:3DCBH         PUBLIC        _TAN
  -------         ENDMOD        SIN

  -------         MODULE        ACOS
  C:4CCBH         PUBLIC        _ACOS
  -------         ENDMOD        ACOS

  -------         MODULE        ASIN
BL51 BANKED LINKER/LOCATER V6.22                                                      05/02/2019  12:35:17  PAGE 53


  C:4DD9H         PUBLIC        _ASIN
  -------         ENDMOD        ASIN

  -------         MODULE        SQRT
  C:4659H         PUBLIC        _SQRT
  -------         ENDMOD        SQRT

  -------         MODULE        ATAN
  C:403BH         PUBLIC        _ATAN
  -------         ENDMOD        ATAN

  -------         MODULE        ?C?COPY
  C:116EH         PUBLIC        ?C?COPY
  -------         ENDMOD        ?C?COPY

  -------         MODULE        ?C?CLDPTR
  C:1194H         PUBLIC        ?C?CLDPTR
  -------         ENDMOD        ?C?CLDPTR

  -------         MODULE        ?C?CLDOPTR
  C:11ADH         PUBLIC        ?C?CLDOPTR
  -------         ENDMOD        ?C?CLDOPTR

  -------         MODULE        ?C?CSTPTR
  C:11DAH         PUBLIC        ?C?CSTPTR
  -------         ENDMOD        ?C?CSTPTR

  -------         MODULE        ?C?IMUL
  C:11ECH         PUBLIC        ?C?IMUL
  -------         ENDMOD        ?C?IMUL

  -------         MODULE        ?C?UIDIV
  C:11FEH         PUBLIC        ?C?UIDIV
  -------         ENDMOD        ?C?UIDIV

  -------         MODULE        ?C?SIDIV
  C:1253H         PUBLIC        ?C?SIDIV
  -------         ENDMOD        ?C?SIDIV

  -------         MODULE        ?C?ILDIX
  C:1289H         PUBLIC        ?C?ILDIX
  -------         ENDMOD        ?C?ILDIX

  -------         MODULE        ?C?ILDOPTR
  C:129FH         PUBLIC        ?C?ILDOPTR
  -------         ENDMOD        ?C?ILDOPTR

  -------         MODULE        ?C?ISTPTR
  C:12D7H         PUBLIC        ?C?ISTPTR
  -------         ENDMOD        ?C?ISTPTR

  -------         MODULE        ?C?LMUL
  C:12F6H         PUBLIC        ?C?LMUL
  -------         ENDMOD        ?C?LMUL

  -------         MODULE        ?C?SLDIV
  C:4D15H         PUBLIC        ?C?SLDIV
BL51 BANKED LINKER/LOCATER V6.22                                                      05/02/2019  12:35:17  PAGE 54


  -------         ENDMOD        ?C?SLDIV

  -------         MODULE        ?C?LNEG
  C:1345H         PUBLIC        ?C?LNEG
  -------         ENDMOD        ?C?LNEG

  -------         MODULE        ?C?ULCMP
  C:1353H         PUBLIC        ?C?ULCMP
  -------         ENDMOD        ?C?ULCMP

  -------         MODULE        ?C?LSHL
  C:1364H         PUBLIC        ?C?LSHL
  -------         ENDMOD        ?C?LSHL

  -------         MODULE        ?C?LLDPTR
  C:1377H         PUBLIC        ?C?LLDPTR
  -------         ENDMOD        ?C?LLDPTR

  -------         MODULE        ?C?LLDOPTR
  C:1397H         PUBLIC        ?C?LLDOPTR
  -------         ENDMOD        ?C?LLDOPTR

  -------         MODULE        ?C?LSTPTR
  C:13C7H         PUBLIC        ?C?LSTPTR
  -------         ENDMOD        ?C?LSTPTR

  -------         MODULE        ?C?LSTOPTR
  C:13E1H         PUBLIC        ?C?LSTOPTR
  -------         ENDMOD        ?C?LSTOPTR

  -------         MODULE        ?C?LLDXDATA
  C:1405H         PUBLIC        ?C?LLDXDATA
  -------         ENDMOD        ?C?LLDXDATA

  -------         MODULE        ?C?LLDCODE
  C:1411H         PUBLIC        ?C?LLDCODE
  -------         ENDMOD        ?C?LLDCODE

  -------         MODULE        ?C?LLDXDATA0
  C:1421H         PUBLIC        ?C?LLDXDATA0
  -------         ENDMOD        ?C?LLDXDATA0

  -------         MODULE        ?C?LLDCODE0
  C:142DH         PUBLIC        ?C?LLDCODE0
  -------         ENDMOD        ?C?LLDCODE0

  -------         MODULE        ?C?LLDPTR0
  C:143DH         PUBLIC        ?C?LLDPTR0
  -------         ENDMOD        ?C?LLDPTR0

  -------         MODULE        ?C?LSTXDATA
  C:145DH         PUBLIC        ?C?LSTXDATA
  -------         ENDMOD        ?C?LSTXDATA

  -------         MODULE        ?C?LSTKXDATA
  C:1469H         PUBLIC        ?C?LSTKXDATA
  -------         ENDMOD        ?C?LSTKXDATA
BL51 BANKED LINKER/LOCATER V6.22                                                      05/02/2019  12:35:17  PAGE 55



  -------         MODULE        ?C?LSTKPTR
  C:149AH         PUBLIC        ?C?LSTKPTR
  -------         ENDMOD        ?C?LSTKPTR

  -------         MODULE        ?C?OFFXADD
  C:14B4H         PUBLIC        ?C?OFFXADD
  -------         ENDMOD        ?C?OFFXADD

  -------         MODULE        ATOI
  C:434FH         PUBLIC        _atoi
  -------         ENDMOD        ATOI

  -------         MODULE        ?C?IILDX
  C:14C0H         PUBLIC        ?C?IILDX
  -------         ENDMOD        ?C?IILDX

  -------         MODULE        ?C?ULDIV
  C:1512H         PUBLIC        ?C?ULDIV
  -------         ENDMOD        ?C?ULDIV

  -------         MODULE        ?C?LLDIDATA
  C:15A4H         PUBLIC        ?C?LLDIDATA
  -------         ENDMOD        ?C?LLDIDATA

  -------         MODULE        ?C?LLDPDATA
  C:15B0H         PUBLIC        ?C?LLDPDATA
  -------         ENDMOD        ?C?LLDPDATA

  -------         MODULE        ?C?LLDIDATA0
  C:15BCH         PUBLIC        ?C?LLDIDATA0
  -------         ENDMOD        ?C?LLDIDATA0

  -------         MODULE        ?C?LLDPDATA0
  C:15C9H         PUBLIC        ?C?LLDPDATA0
  -------         ENDMOD        ?C?LLDPDATA0

  -------         MODULE        ?C?LSTIDATA
  C:15D6H         PUBLIC        ?C?LSTIDATA
  -------         ENDMOD        ?C?LSTIDATA

  -------         MODULE        ?C?LSTPDATA
  C:15E2H         PUBLIC        ?C?LSTPDATA
  -------         ENDMOD        ?C?LSTPDATA

  -------         MODULE        ?C?LSTKIDATA
  C:15EEH         PUBLIC        ?C?LSTKIDATA
  -------         ENDMOD        ?C?LSTKIDATA

  -------         MODULE        ?C?LSTKPDATA
  C:1607H         PUBLIC        ?C?LSTKPDATA
  -------         ENDMOD        ?C?LSTKPDATA

  -------         MODULE        ISDIGIT
  C:5179H         PUBLIC        _isdigit
  -------         ENDMOD        ISDIGIT

BL51 BANKED LINKER/LOCATER V6.22                                                      05/02/2019  12:35:17  PAGE 56


  -------         MODULE        ISSPACE
  C:5114H         PUBLIC        _isspace
  -------         ENDMOD        ISSPACE

*** WARNING L16: UNCALLED SEGMENT, IGNORED FOR OVERLAY PROCESS
    SEGMENT: ?PR?_DAY_OF_YEAR?PCF85063BTL

*** WARNING L16: UNCALLED SEGMENT, IGNORED FOR OVERLAY PROCESS
    SEGMENT: ?PR?INITUART1?UART1

*** WARNING L16: UNCALLED SEGMENT, IGNORED FOR OVERLAY PROCESS
    SEGMENT: ?PR?_SENDSTRING?UART1

*** WARNING L16: UNCALLED SEGMENT, IGNORED FOR OVERLAY PROCESS
    SEGMENT: ?PR?_TEN?UART1

*** WARNING L16: UNCALLED SEGMENT, IGNORED FOR OVERLAY PROCESS
    SEGMENT: ?PR?_UNIT?UART1

*** WARNING L16: UNCALLED SEGMENT, IGNORED FOR OVERLAY PROCESS
    SEGMENT: ?PR?_DECTOBCD?UART1

*** WARNING L16: UNCALLED SEGMENT, IGNORED FOR OVERLAY PROCESS
    SEGMENT: ?PR?_ASCII_LETTER?UART1

*** WARNING L16: UNCALLED SEGMENT, IGNORED FOR OVERLAY PROCESS
    SEGMENT: ?PR?_ASCIITOBCD?UART1

*** WARNING L16: UNCALLED SEGMENT, IGNORED FOR OVERLAY PROCESS
    SEGMENT: ?PR?WAIT?BIPOLARMOTOR

*** WARNING L16: UNCALLED SEGMENT, IGNORED FOR OVERLAY PROCESS
    SEGMENT: ?PR?NOP?IOEXPANDER_PI4IOE5V96248

*** WARNING L16: UNCALLED SEGMENT, IGNORED FOR OVERLAY PROCESS
    SEGMENT: ?PR?UC_ACK?IOEXPANDER_PI4IOE5V96248

*** WARNING L16: UNCALLED SEGMENT, IGNORED FOR OVERLAY PROCESS
    SEGMENT: ?PR?UC_NACK?IOEXPANDER_PI4IOE5V96248

*** WARNING L16: UNCALLED SEGMENT, IGNORED FOR OVERLAY PROCESS
    SEGMENT: ?PR?_AT25SF041_READ?AT25SF041

*** WARNING L1: UNRESOLVED EXTERNAL SYMBOL
    SYMBOL:  _SENDUART1
    MODULE:  .\Obj\UART1.obj (UART1)

*** WARNING L2: REFERENCE MADE TO UNRESOLVED EXTERNAL
    SYMBOL:  _SENDUART1
    MODULE:  .\Obj\UART1.obj (UART1)
    ADDRESS: 4E42H

Program Size: data=9.5 xdata=1541 code=20946
LINK/LOCATE RUN COMPLETE.  15 WARNING(S),  0 ERROR(S)
