BL51 BANKED LINKER/LOCATER V6.22                                                        02/15/2019  11:18:28  PAGE 1


BL51 BANKED LINKER/LOCATER V6.22, INVOKED BY:
C:\KEIL_V5\C51\BIN\BL51.EXE .\Obj\main.obj, .\Obj\PCF85063BTL.obj, .\Obj\UART1.obj, .\Obj\LCd_Driver_SPLC780D.obj, .\Obj
>> \KeyPad.obj, .\Obj\BipolarMotor.obj, .\Obj\SunPos.obj, .\Obj\ADC.obj, .\Obj\Calibration.obj, .\Obj\IOExpander_PI4IOE5
>> V96248.obj, .\Obj\AT25SF041.obj, .\Obj\STARTUP.obj TO .\Obj\GPIO_RTC_Test PRINT (.\Lis\GPIO_RTC_Test.m51) RAMSIZE (25
>> 6)


MEMORY MODEL: LARGE WITH FLOATING POINT ARITHMETIC


INPUT MODULES INCLUDED:
  .\Obj\main.obj (MAIN)
  .\Obj\PCF85063BTL.obj (PCF85063BTL)
  .\Obj\UART1.obj (UART1)
  .\Obj\LCd_Driver_SPLC780D.obj (LCD_DRIVER_SPLC780D)
  .\Obj\KeyPad.obj (KEYPAD)
  .\Obj\BipolarMotor.obj (BIPOLARMOTOR)
  .\Obj\SunPos.obj (SUNPOS)
  .\Obj\ADC.obj (ADC)
  .\Obj\Calibration.obj (CALIBRATION)
  .\Obj\IOExpander_PI4IOE5V96248.obj (IOEXPANDER_PI4IOE5V96248)
  .\Obj\AT25SF041.obj (AT25SF041)
  .\Obj\STARTUP.obj (?C_STARTUP)
  C:\KEIL_V5\C51\LIB\C51FPL.LIB (?C?FPADD)
  C:\KEIL_V5\C51\LIB\C51FPL.LIB (?C?FPMUL)
  C:\KEIL_V5\C51\LIB\C51FPL.LIB (?C?FPDIV)
  C:\KEIL_V5\C51\LIB\C51FPL.LIB (?C?FPCMP)
  C:\KEIL_V5\C51\LIB\C51FPL.LIB (?C?FPNEG)
  C:\KEIL_V5\C51\LIB\C51FPL.LIB (?C?FCAST)
  C:\KEIL_V5\C51\LIB\C51FPL.LIB (?C?CASTF)
  C:\KEIL_V5\C51\LIB\C51FPL.LIB (ATAN2)
  C:\KEIL_V5\C51\LIB\C51FPL.LIB (SIN)
  C:\KEIL_V5\C51\LIB\C51FPL.LIB (ACOS)
  C:\KEIL_V5\C51\LIB\C51FPL.LIB (ASIN)
  C:\KEIL_V5\C51\LIB\C51FPL.LIB (?C?FPGETOPN)
  C:\KEIL_V5\C51\LIB\C51FPL.LIB (?C?FPSERIES)
  C:\KEIL_V5\C51\LIB\C51FPL.LIB (SQRT)
  C:\KEIL_V5\C51\LIB\C51FPL.LIB (ATAN)
  C:\KEIL_V5\C51\LIB\C51L.LIB (?C_INIT)
  C:\KEIL_V5\C51\LIB\C51L.LIB (?C?COPY)
  C:\KEIL_V5\C51\LIB\C51L.LIB (?C?CLDPTR)
  C:\KEIL_V5\C51\LIB\C51L.LIB (?C?CLDOPTR)
  C:\KEIL_V5\C51\LIB\C51L.LIB (?C?CSTPTR)
  C:\KEIL_V5\C51\LIB\C51L.LIB (?C?IMUL)
  C:\KEIL_V5\C51\LIB\C51L.LIB (?C?UIDIV)
  C:\KEIL_V5\C51\LIB\C51L.LIB (?C?SIDIV)
  C:\KEIL_V5\C51\LIB\C51L.LIB (?C?ILDIX)
  C:\KEIL_V5\C51\LIB\C51L.LIB (?C?ILDOPTR)
  C:\KEIL_V5\C51\LIB\C51L.LIB (?C?LMUL)
  C:\KEIL_V5\C51\LIB\C51L.LIB (?C?SLDIV)
  C:\KEIL_V5\C51\LIB\C51L.LIB (?C?LNEG)
  C:\KEIL_V5\C51\LIB\C51L.LIB (?C?ULCMP)
  C:\KEIL_V5\C51\LIB\C51L.LIB (?C?LSHL)
  C:\KEIL_V5\C51\LIB\C51L.LIB (?C?LLDPTR)
  C:\KEIL_V5\C51\LIB\C51L.LIB (?C?LLDOPTR)
  C:\KEIL_V5\C51\LIB\C51L.LIB (?C?LSTPTR)
  C:\KEIL_V5\C51\LIB\C51L.LIB (?C?LSTOPTR)
  C:\KEIL_V5\C51\LIB\C51L.LIB (?C?LLDXDATA)
BL51 BANKED LINKER/LOCATER V6.22                                                      02/15/2019  11:18:28  PAGE 2


  C:\KEIL_V5\C51\LIB\C51L.LIB (?C?LLDCODE)
  C:\KEIL_V5\C51\LIB\C51L.LIB (?C?LLDXDATA0)
  C:\KEIL_V5\C51\LIB\C51L.LIB (?C?LLDCODE0)
  C:\KEIL_V5\C51\LIB\C51L.LIB (?C?LLDPTR0)
  C:\KEIL_V5\C51\LIB\C51L.LIB (?C?LSTXDATA)
  C:\KEIL_V5\C51\LIB\C51L.LIB (?C?LSTKXDATA)
  C:\KEIL_V5\C51\LIB\C51L.LIB (ABS)
  C:\KEIL_V5\C51\LIB\C51L.LIB (ATOI)
  C:\KEIL_V5\C51\LIB\C51L.LIB (?C?IILDX)
  C:\KEIL_V5\C51\LIB\C51L.LIB (?C?ULDIV)
  C:\KEIL_V5\C51\LIB\C51L.LIB (?C?LLDIDATA)
  C:\KEIL_V5\C51\LIB\C51L.LIB (?C?LLDPDATA)
  C:\KEIL_V5\C51\LIB\C51L.LIB (?C?LLDIDATA0)
  C:\KEIL_V5\C51\LIB\C51L.LIB (?C?LLDPDATA0)
  C:\KEIL_V5\C51\LIB\C51L.LIB (?C?LSTIDATA)
  C:\KEIL_V5\C51\LIB\C51L.LIB (?C?LSTPDATA)
  C:\KEIL_V5\C51\LIB\C51L.LIB (ISDIGIT)
  C:\KEIL_V5\C51\LIB\C51L.LIB (ISSPACE)


LINK MAP OF MODULE:  .\Obj\GPIO_RTC_Test (MAIN)


            TYPE    BASE      LENGTH    RELOCATION   SEGMENT NAME
            -----------------------------------------------------

            * * * * * * *   D A T A   M E M O R Y   * * * * * * *
            REG     0000H     0008H     ABSOLUTE     "REG BANK 0"
                    0008H     0018H                  *** GAP ***
            BIT     0020H.0   0000H.5   UNIT         ?BI?KEYPAD
            BIT     0020H.5   0000H.2   UNIT         ?BI?ATAN?ATAN
            BIT     0020H.7   0000H.1   UNIT         ?BI?MAIN
            BIT     0021H.0   0000H.1   UNIT         ?BI?VONESTEPMOVE?BIPOLARMOTOR
            BIT     0021H.1   0000H.1   UNIT         ?BI?_STEP_MOVE?BIPOLARMOTOR
            BIT     0021H.2   0000H.1   UNIT         ?BI?_MOVE?BIPOLARMOTOR
            BIT     0021H.3   0000H.1   UNIT         ?BI?SIN?SIN
            BIT     0021H.4   0000H.1   UNIT         ?BI?_ATOI?ATOI
                    0021H.5   0000H.3                *** GAP ***
            IDATA   0022H     0001H     UNIT         ?STACK

            * * * * * * *  X D A T A   M E M O R Y  * * * * * * *
            XDATA   0000H     00D4H     UNIT         ?XD?MAIN
            XDATA   00D4H     00A7H     UNIT         ?XD?BIPOLARMOTOR
            XDATA   017BH     009FH     UNIT         ?XD?_UPDATE_POSITION?BIPOLARMOTOR
            XDATA   021AH     0084H     UNIT         ?XD?_FIND_REAL_MAX?CALIBRATION
            XDATA   029EH     005DH     UNIT         ?XD?SUNPOS?SUNPOS
            XDATA   02FBH     0040H     UNIT         ?XD?_FINDDET4X4?BIPOLARMOTOR
            XDATA   033BH     0024H     UNIT         ?XD?_FINDDET3X3?BIPOLARMOTOR
            XDATA   035FH     0022H     UNIT         _XDATA_GROUP_
            XDATA   0381H     0018H     UNIT         ?XD?VOLTAGE_IS_STABLE?CALIBRATION
            XDATA   0399H     0014H     UNIT         ?XD?LINEAR_INTERPOLATE?BIPOLARMOTOR
            XDATA   03ADH     0014H     UNIT         ?XD?_CALIBRATION?CALIBRATION
            XDATA   03C1H     000FH     UNIT         ?XD?_READ_TIME?PCF85063BTL
            XDATA   03D0H     000AH     UNIT         ?XD?_DISPLAY_POS?MAIN
            XDATA   03DAH     0009H     UNIT         ?XD?KEYPAD
            XDATA   03E3H     0008H     UNIT         ?XD?_ATAN2?ATAN2
            XDATA   03EBH     0006H     UNIT         ?XD?KEY_PROCESS?KEYPAD
BL51 BANKED LINKER/LOCATER V6.22                                                      02/15/2019  11:18:28  PAGE 3


            XDATA   03F1H     0005H     UNIT         ?XD?_ATOI?ATOI
            XDATA   03F6H     0004H     UNIT         ?XD?_DISPLAY_PROX?MAIN
            XDATA   03FAH     0004H     UNIT         ?XD?_STEP_MOVE?BIPOLARMOTOR
            XDATA   03FEH     0004H     UNIT         ?XD?_MOVE?BIPOLARMOTOR
            XDATA   0402H     0004H     UNIT         ?XD?_MAX_VALUE?CALIBRATION
            XDATA   0406H     0004H     UNIT         ?XD?SIN?SIN
            XDATA   040AH     0004H     UNIT         ?XD?SQRT?SQRT
            XDATA   040EH     0004H     UNIT         ?XD?ATAN?ATAN
            XDATA   0412H     0003H     UNIT         ?XD?_SENDSTRING?UART1
            XDATA   0415H     0003H     UNIT         ?XD?KEY_SCAN?KEYPAD
            XDATA   0418H     0003H     UNIT         ?XD?_WRITE_PI4IOE5V96248?IOEXPANDER_PI4IOE5V96248
            XDATA   041BH     0003H     UNIT         ?XD?READ_STATUS_REGISTER_BYTE1?AT25SF041
            XDATA   041EH     0002H     UNIT         ?XD?AT25SF041_CHIPERASE?AT25SF041
            XDATA   0420H     0001H     UNIT         ?XD?_DISPLAYLCD?LCD_DRIVER_SPLC780D
            XDATA   0421H     0001H     UNIT         ?XD?I2C_ACK?IOEXPANDER_PI4IOE5V96248
            XDATA   0422H     0001H     UNIT         ?XD?UC_ACK?IOEXPANDER_PI4IOE5V96248
            XDATA   0423H     0001H     UNIT         ?XD?UC_NACK?IOEXPANDER_PI4IOE5V96248

            * * * * * * *   C O D E   M E M O R Y   * * * * * * *
            CODE    0000H     0003H     ABSOLUTE     
            CODE    0003H     0006H     UNIT         ?PR?_TEN?UART1
            CODE    0009H     0001H     UNIT         ?PR?TM0_ISR?MAIN
            CODE    000AH     0001H     UNIT         ?PR?_DECTOBCD?UART1
            CODE    000BH     0003H     ABSOLUTE     
            CODE    000EH     0B00H     UNIT         ?PR?_UPDATE_POSITION?BIPOLARMOTOR
            CODE    0B0EH     093FH     UNIT         ?C?LIB_CODE
            CODE    144DH     07A2H     UNIT         ?PR?SUNPOS?SUNPOS
            CODE    1BEFH     02C0H     UNIT         ?PR?_FINDDET4X4?BIPOLARMOTOR
            CODE    1EAFH     02B1H     UNIT         ?PR?_FIND_REAL_MAX?CALIBRATION
            CODE    2160H     02A0H     UNIT         ?PR?KEY_PROCESS?KEYPAD
            CODE    2400H     01DEH     UNIT         ?PR?MAIN?MAIN
            CODE    25DEH     01D1H     UNIT         ?PR?_FINDDET3X3?BIPOLARMOTOR
            CODE    27AFH     018DH     UNIT         ?PR?KEY_SCAN?KEYPAD
            CODE    293CH     0188H     UNIT         ?PR?SIN?SIN
            CODE    2AC4H     0172H     UNIT         ?PR?_DISPLAY_POS?MAIN
            CODE    2C36H     0122H     UNIT         ?PR?ATAN?ATAN
            CODE    2D58H     0106H     UNIT         ?PR?_AT25SF041_READ?AT25SF041
            CODE    2E5EH     00F4H     UNIT         ?PR?_AT25SF041_WRITE?AT25SF041
            CODE    2F52H     00E4H     UNIT         ?PR?_CALIBRATION?CALIBRATION
            CODE    3036H     00DBH     UNIT         ?PR?_ATOI?ATOI
            CODE    3111H     00C3H     UNIT         ?PR?LINEAR_INTERPOLATE?BIPOLARMOTOR
            CODE    31D4H     00BBH     UNIT         ?PR?VOLTAGE_IS_STABLE?CALIBRATION
            CODE    328FH     00B2H     UNIT         ?C_INITSEG
            CODE    3341H     00ADH     UNIT         ?PR?_WRITE_PI4IOE5V96248?IOEXPANDER_PI4IOE5V96248
            CODE    33EEH     00ACH     UNIT         ?PR?SQRT?SQRT
            CODE    349AH     00A1H     UNIT         ?PR?READ_STATUS_REGISTER_BYTE1?AT25SF041
            CODE    353BH     009DH     UNIT         ?PR?_ATAN2?ATAN2
            CODE    35D8H     009CH     UNIT         ?PR?_MAX_VALUE?CALIBRATION
            CODE    3674H     0095H     UNIT         ?PR?_DISPLAY_PROX?MAIN
            CODE    3709H     008CH     UNIT         ?C_C51STARTUP
            CODE    3795H     0084H     UNIT         ?PR?_DAY_OF_YEAR?PCF85063BTL
            CODE    3819H     0075H     UNIT         ?PR?_WRITEDATA?LCD_DRIVER_SPLC780D
            CODE    388EH     006FH     UNIT         ?PR?_READ_TIME?PCF85063BTL
            CODE    38FDH     0060H     UNIT         ?PR?AT25SF041_CHIPERASE?AT25SF041
            CODE    395DH     0059H     UNIT         ?PR?LCD_INIT?LCD_DRIVER_SPLC780D
            CODE    39B6H     004AH     UNIT         ?PR?VONESTEPMOVE?BIPOLARMOTOR
            CODE    3A00H     004AH     UNIT         ?PR?ACOS?ACOS
BL51 BANKED LINKER/LOCATER V6.22                                                      02/15/2019  11:18:28  PAGE 4


            CODE    3A4AH     0049H     UNIT         ?PR?AT25SF041_WRITEENABLE?AT25SF041
            CODE    3A93H     0044H     UNIT         ?C?LDIV
            CODE    3AD7H     0040H     UNIT         ?PR?_COMMAND?LCD_DRIVER_SPLC780D
            CODE    3B17H     0040H     UNIT         ?PR?_STEP_MOVE?BIPOLARMOTOR
            CODE    3B57H     003BH     UNIT         ?PR?ASIN?ASIN
            CODE    3B92H     0033H     UNIT         ?PR?_SENDSTRING?UART1
            CODE    3BC5H     002CH     UNIT         ?PR?_ADC_GETRESULT?ADC
            CODE    3BF1H     002BH     UNIT         ?PR?_WAIT_MS_I2C?IOEXPANDER_PI4IOE5V96248
            CODE    3C1CH     002BH     UNIT         ?PR?_WAIT_MS_SPINOR?AT25SF041
            CODE    3C47H     0028H     UNIT         ?PR?_MOVE?BIPOLARMOTOR
            CODE    3C6FH     0027H     UNIT         ?PR?_I2C_SENDBYTE?IOEXPANDER_PI4IOE5V96248
            CODE    3C96H     0024H     UNIT         ?PR?_WAIT_MS?LCD_DRIVER_SPLC780D
            CODE    3CBAH     0020H     UNIT         ?PR?_SPI_SENDBYTE?PCF85063BTL
            CODE    3CDAH     0020H     UNIT         ?PR?SPI_RECEIVEBYTE?PCF85063BTL
            CODE    3CFAH     001FH     UNIT         ?PR?ADC_INIT?ADC
            CODE    3D19H     001EH     UNIT         ?PR?_DELAY_MS?KEYPAD
            CODE    3D37H     001DH     UNIT         ?PR?_DISPLAYLCD?LCD_DRIVER_SPLC780D
            CODE    3D54H     001BH     UNIT         ?PR?_BCDTODEC1?BIPOLARMOTOR
            CODE    3D6FH     0018H     UNIT         ?PR?_SPI_WRITETIME?PCF85063BTL
            CODE    3D87H     0017H     UNIT         ?PR?_ASCIITOBCD?UART1
            CODE    3D9EH     0016H     UNIT         ?PR?I2C_ACK?IOEXPANDER_PI4IOE5V96248
            CODE    3DB4H     0015H     UNIT         ?PR?_DISPLAY_LINE?LCD_DRIVER_SPLC780D
            CODE    3DC9H     0015H     UNIT         ?PR?I2C_STOP?IOEXPANDER_PI4IOE5V96248
            CODE    3DDEH     0014H     UNIT         ?PR?_PCF85063BTL_DELAY?PCF85063BTL
            CODE    3DF2H     0014H     UNIT         ?PR?_ISSPACE?ISSPACE
            CODE    3E06H     0011H     UNIT         ?PR?_SPI_READTIME?PCF85063BTL
            CODE    3E17H     0011H     UNIT         ?PR?_BCDTODEC?PCF85063BTL
            CODE    3E28H     0011H     UNIT         ?PR?INITUART1?UART1
            CODE    3E39H     000FH     UNIT         ?PR?I2C_START?IOEXPANDER_PI4IOE5V96248
            CODE    3E48H     000FH     UNIT         ?PR?UC_NACK?IOEXPANDER_PI4IOE5V96248
            CODE    3E57H     000FH     UNIT         ?PR?_ISDIGIT?ISDIGIT
            CODE    3E66H     000DH     UNIT         ?PR?SPI_INIT?PCF85063BTL
            CODE    3E73H     000CH     UNIT         ?PR?KEYPAD_IO_INIT?KEYPAD
            CODE    3E7FH     000CH     UNIT         ?PR?_ABS?ABS
            CODE    3E8BH     000AH     UNIT         ?PR?LCD_RETURN_HOME?LCD_DRIVER_SPLC780D
            CODE    3E95H     000AH     UNIT         ?PR?LCD_CLEAR?LCD_DRIVER_SPLC780D
            CODE    3E9FH     0006H     UNIT         ?PR?UC_ACK?IOEXPANDER_PI4IOE5V96248
            CODE    3EA5H     0005H     UNIT         ?PR?_UNIT?UART1
            CODE    3EAAH     0005H     UNIT         ?PR?_ASCII_LETTER?UART1
            CODE    3EAFH     0001H     UNIT         ?PR?WAIT?BIPOLARMOTOR
            CODE    3EB0H     0001H     UNIT         ?PR?NOP?IOEXPANDER_PI4IOE5V96248



OVERLAY MAP OF MODULE:   .\Obj\GPIO_RTC_Test (MAIN)


SEGMENT                                            XDATA_GROUP
  +--> CALLED SEGMENT                            START    LENGTH
----------------------------------------------------------------
?C_C51STARTUP                                    -----    -----
  +--> ?PR?MAIN?MAIN
  +--> ?C_INITSEG

?PR?MAIN?MAIN                                    035FH    001AH
  +--> ?PR?LCD_INIT?LCD_DRIVER_SPLC780D
  +--> ?PR?SPI_INIT?PCF85063BTL
BL51 BANKED LINKER/LOCATER V6.22                                                      02/15/2019  11:18:28  PAGE 5


  +--> ?PR?KEYPAD_IO_INIT?KEYPAD
  +--> ?PR?ADC_INIT?ADC
  +--> ?PR?_SPI_WRITETIME?PCF85063BTL
  +--> ?PR?_DELAY_MS?KEYPAD
  +--> ?PR?_DISPLAY_LINE?LCD_DRIVER_SPLC780D
  +--> ?PR?_WRITEDATA?LCD_DRIVER_SPLC780D
  +--> ?PR?AT25SF041_WRITEENABLE?AT25SF041
  +--> ?PR?_AT25SF041_WRITE?AT25SF041
  +--> ?PR?_AT25SF041_READ?AT25SF041
  +--> ?PR?_WAIT_MS_SPINOR?AT25SF041

?PR?LCD_INIT?LCD_DRIVER_SPLC780D                 -----    -----
  +--> ?PR?_WAIT_MS?LCD_DRIVER_SPLC780D
  +--> ?PR?_COMMAND?LCD_DRIVER_SPLC780D

?PR?_COMMAND?LCD_DRIVER_SPLC780D                 -----    -----
  +--> ?PR?_WAIT_MS?LCD_DRIVER_SPLC780D

?PR?ADC_INIT?ADC                                 -----    -----
  +--> ?PR?_WAIT_MS?LCD_DRIVER_SPLC780D

?PR?_SPI_WRITETIME?PCF85063BTL                   -----    -----
  +--> ?PR?_SPI_SENDBYTE?PCF85063BTL

?PR?_SPI_SENDBYTE?PCF85063BTL                    -----    -----
  +--> ?PR?_PCF85063BTL_DELAY?PCF85063BTL

?PR?_DISPLAY_LINE?LCD_DRIVER_SPLC780D            -----    -----
  +--> ?PR?_COMMAND?LCD_DRIVER_SPLC780D

?PR?_WRITEDATA?LCD_DRIVER_SPLC780D               0379H    0001H
  +--> ?PR?_WAIT_MS?LCD_DRIVER_SPLC780D

?PR?AT25SF041_WRITEENABLE?AT25SF041              0379H    0002H
  +--> ?PR?_WAIT_MS_SPINOR?AT25SF041

?PR?_AT25SF041_WRITE?AT25SF041                   0379H    0008H
  +--> ?PR?_WAIT_MS_SPINOR?AT25SF041

?PR?_AT25SF041_READ?AT25SF041                    0379H    0008H
  +--> ?PR?_WAIT_MS_SPINOR?AT25SF041



UNRESOLVED EXTERNAL SYMBOLS:
   AUTO_MODE
   _SENDUART1



SYMBOL TABLE OF MODULE:  .\Obj\GPIO_RTC_Test (MAIN)

  VALUE           TYPE          NAME
  ----------------------------------

  -------         MODULE        MAIN
  C:0000H         SYMBOL        _ICE_DUMMY_
BL51 BANKED LINKER/LOCATER V6.22                                                      02/15/2019  11:18:28  PAGE 6


  X:0008H         PUBLIC        calib_value
  D:0080H         PUBLIC        P0
  D:00B2H         PUBLIC        P3M0
  D:0090H         PUBLIC        P1
  D:00B1H         PUBLIC        P3M1
  D:00A0H         PUBLIC        P2
  D:00B0H         PUBLIC        P3
  D:00C0H         PUBLIC        P4
  D:00C8H         PUBLIC        P5
  X:005CH         SYMBOL        PressedKey
  B:00A8H.7       PUBLIC        EA
  D:00E8H         PUBLIC        P6
  X:0060H         PUBLIC        calib_stamp
  D:00F8H         PUBLIC        P7
  X:0061H         PUBLIC        RX_Data_Uart_Cnt
  D:00A8H         PUBLIC        IE
  X:0063H         PUBLIC        calib_time
  D:00B8H         PUBLIC        IP
  X:00B7H         PUBLIC        months
  D:00D8H         PUBLIC        CCON
  C:2400H         PUBLIC        main
  X:00B8H         PUBLIC        count
  X:00BAH         PUBLIC        days
  X:00BBH         PUBLIC        hours
  D:0098H         PUBLIC        SCON
  D:0089H         PUBLIC        TMOD
  D:0088H         PUBLIC        TCON
  X:00BCH         SYMBOL        KeyCount
  X:00BEH         PUBLIC        mins
  X:00BFH         PUBLIC        Rec_data_hour
  X:00C2H         PUBLIC        Rec_data_min
  D:008EH         PUBLIC        AUXR
  C:0009H         PUBLIC        tm0_isr
  B:0020H.7       PUBLIC        busy
  B:00A8H.1       PUBLIC        ET0
  D:008CH         PUBLIC        TH0
  X:00C5H         PUBLIC        hour_count
  D:008AH         PUBLIC        TL0
  X:00C6H         PUBLIC        min_count
  B:0088H.4       PUBLIC        TR0
  X:00C7H         SYMBOL        KeyNum
  X:00C8H         SYMBOL        KeyNum_Old
  X:00C9H         PUBLIC        current_position
  X:00CDH         PUBLIC        hours1
  X:00CEH         PUBLIC        hours2
  C:3674H         PUBLIC        _Display_Prox
  X:00CFH         PUBLIC        mins1
  X:00D0H         PUBLIC        mins2
  C:2AC4H         PUBLIC        _Display_Pos
  X:00D1H         PUBLIC        seconds
  X:00D2H         PUBLIC        st_time
  D:00D0H         PUBLIC        PSW
  -------         PROC          TM0_ISR
  C:0009H         LINE#         86
  C:0009H         LINE#         88
  -------         ENDPROC       TM0_ISR
  -------         PROC          MAIN
BL51 BANKED LINKER/LOCATER V6.22                                                      02/15/2019  11:18:28  PAGE 7


  -------         DO            
  X:035FH         SYMBOL        sunlight_ADC
  X:0000H         SYMBOL        KeyCount
  X:0002H         SYMBOL        KeyNum_Old
  X:0003H         SYMBOL        KeyNum
  X:0004H         SYMBOL        PressedKey
  X:0361H         SYMBOL        prox_flag
  X:0362H         SYMBOL        SPI_NOR_DATA
  X:0363H         SYMBOL        iUse_prevday_calib_value
  X:0365H         SYMBOL        calib_point1
  X:036DH         SYMBOL        calib_point2
  X:0375H         SYMBOL        calib_day
  X:0377H         SYMBOL        calib_count
  -------         ENDDO         
  C:2400H         LINE#         90
  C:2400H         LINE#         91
  C:2400H         LINE#         96
  C:2409H         LINE#         97
  C:240DH         LINE#         100
  C:2413H         LINE#         105
  C:2415H         LINE#         106
  C:2417H         LINE#         107
  C:2419H         LINE#         108
  C:241BH         LINE#         110
  C:2421H         LINE#         119
  C:2423H         LINE#         120
  C:2426H         LINE#         121
  C:2429H         LINE#         122
  C:242CH         LINE#         123
  C:242FH         LINE#         124
  C:2432H         LINE#         127
  C:2435H         LINE#         129
  C:2438H         LINE#         130
  C:243BH         LINE#         131
  C:243EH         LINE#         132
  C:2440H         LINE#         133
  C:2442H         LINE#         134
  C:2444H         LINE#         136
  C:2446H         LINE#         137
  C:244DH         LINE#         138
  C:2454H         LINE#         139
  C:245BH         LINE#         140
  C:2462H         LINE#         144
  C:2469H         LINE#         145
  C:246EH         LINE#         146
  C:2473H         LINE#         147
  C:2478H         LINE#         152
  C:2491H         LINE#         153
  C:2491H         LINE#         154
  C:24ADH         LINE#         155
  C:24F4H         LINE#         156
  C:2505H         LINE#         158
  C:2508H         LINE#         171
  C:250DH         LINE#         172
  C:2510H         LINE#         174
  C:2525H         LINE#         175
  C:2539H         LINE#         176
BL51 BANKED LINKER/LOCATER V6.22                                                      02/15/2019  11:18:28  PAGE 8


  C:253CH         LINE#         177
  C:2543H         LINE#         178
  C:2546H         LINE#         180
  C:255BH         LINE#         181
  C:256FH         LINE#         182
  C:2572H         LINE#         183
  C:2579H         LINE#         184
  C:257CH         LINE#         186
  C:2591H         LINE#         187
  C:25A5H         LINE#         188
  C:25A8H         LINE#         189
  C:25AFH         LINE#         190
  C:25B2H         LINE#         192
  C:25C7H         LINE#         193
  C:25DBH         LINE#         194
  -------         ENDPROC       MAIN
  -------         PROC          _DISPLAY_PROX
  D:0002H         SYMBOL        dat
  -------         DO            
  X:03F6H         SYMBOL        unit
  X:03F7H         SYMBOL        ten
  X:03F8H         SYMBOL        hundred
  X:03F9H         SYMBOL        thousand
  -------         ENDDO         
  C:3674H         LINE#         275
  C:3678H         LINE#         276
  C:3678H         LINE#         278
  C:3684H         LINE#         279
  C:3694H         LINE#         280
  C:36B0H         LINE#         281
  C:36E0H         LINE#         282
  C:36EAH         LINE#         283
  C:36F4H         LINE#         284
  C:36FEH         LINE#         285
  C:3708H         LINE#         287
  -------         ENDPROC       _DISPLAY_PROX
  -------         PROC          _DISPLAY_POS
  X:03D0H         SYMBOL        sign_dat
  -------         DO            
  X:03D4H         SYMBOL        unit
  X:03D5H         SYMBOL        ten
  X:03D6H         SYMBOL        hundred
  D:0003H         SYMBOL        thousand
  X:03D7H         SYMBOL        after_dot
  X:03D8H         SYMBOL        dat
  -------         ENDDO         
  C:2AC4H         LINE#         290
  C:2ACAH         LINE#         291
  C:2ACAH         LINE#         295
  C:2AE6H         LINE#         296
  C:2B00H         LINE#         297
  C:2B24H         LINE#         299
  C:2B6EH         LINE#         301
  C:2B85H         LINE#         302
  C:2B92H         LINE#         303
  C:2BB4H         LINE#         304
  C:2BE9H         LINE#         305
BL51 BANKED LINKER/LOCATER V6.22                                                      02/15/2019  11:18:28  PAGE 9


  C:2C01H         LINE#         306
  C:2C01H         LINE#         308
  C:2C01H         LINE#         309
  C:2C01H         LINE#         310
  C:2C01H         LINE#         311
  C:2C01H         LINE#         312
  C:2C01H         LINE#         316
  C:2C03H         LINE#         318
  C:2C03H         LINE#         320
  C:2C08H         LINE#         321
  C:2C12H         LINE#         322
  C:2C1CH         LINE#         323
  C:2C26H         LINE#         324
  C:2C2BH         LINE#         325
  C:2C35H         LINE#         329
  C:2C35H         LINE#         331
  -------         ENDPROC       _DISPLAY_POS
  -------         ENDMOD        MAIN

  -------         MODULE        PCF85063BTL
  C:0000H         SYMBOL        _ICE_DUMMY_
  D:0096H         PUBLIC        P2M0
  D:0080H         PUBLIC        P0
  D:0095H         PUBLIC        P2M1
  D:0090H         PUBLIC        P1
  D:00A0H         PUBLIC        P2
  D:00B0H         PUBLIC        P3
  D:00C0H         PUBLIC        P4
  D:00C8H         PUBLIC        P5
  D:00E8H         PUBLIC        P6
  B:00A0H.1       PUBLIC        PCF85063BTL_SDI
  D:00F8H         PUBLIC        P7
  B:00A0H.2       PUBLIC        PCF85063BTL_SCK
  B:00A0H.1       PUBLIC        PCF85063BTL_SDO
  D:00A8H         PUBLIC        IE
  C:388EH         PUBLIC        _Read_time
  C:3DE4H         PUBLIC        _PCF85063BTL_Delay
  D:00B8H         PUBLIC        IP
  D:00D8H         PUBLIC        CCON
  C:3795H         PUBLIC        _Day_Of_Year
  C:3CDAH         PUBLIC        SPI_ReceiveByte
  D:0098H         PUBLIC        SCON
  D:0088H         PUBLIC        TCON
  C:3E17H         PUBLIC        _BCDtoDec
  B:00A0H.0       PUBLIC        PCF85063BTL_CS
  C:3E06H         PUBLIC        _SPI_ReadTime
  C:3E66H         PUBLIC        SPI_Init
  C:3D6FH         PUBLIC        _SPI_WriteTime
  C:3CBAH         PUBLIC        _SPI_SendByte
  D:00D0H         PUBLIC        PSW
  C:3DE0H         SYMBOL        L?0047
  -------         PROC          L?0046
  -------         ENDPROC       L?0046
  C:3DE0H         SYMBOL        L?0047
  -------         PROC          _PCF85063BTL_DELAY
  D:0006H         SYMBOL        us
  C:3DE4H         LINE#         8
BL51 BANKED LINKER/LOCATER V6.22                                                      02/15/2019  11:18:28  PAGE 10


  C:3DE4H         LINE#         9
  C:3DE4H         LINE#         10
  C:3DEEH         LINE#         11
  C:3DEEH         LINE#         12
  C:3DEFH         LINE#         13
  C:3DF1H         LINE#         14
  -------         ENDPROC       _PCF85063BTL_DELAY
  -------         PROC          _SPI_SENDBYTE
  D:0005H         SYMBOL        dat
  -------         DO            
  D:0003H         SYMBOL        i
  -------         ENDDO         
  C:3CBAH         LINE#         17
  C:3CBCH         LINE#         18
  C:3CBCH         LINE#         20
  C:3CBEH         LINE#         21
  C:3CBEH         LINE#         22
  C:3CC0H         LINE#         23
  C:3CC4H         LINE#         24
  C:3CC4H         LINE#         25
  C:3CC6H         LINE#         26
  C:3CC8H         LINE#         28
  C:3CC8H         LINE#         29
  C:3CCAH         LINE#         30
  C:3CCAH         LINE#         31
  C:3CCDH         LINE#         32
  C:3CCDH         LINE#         33
  C:3CD0H         LINE#         34
  C:3CD4H         LINE#         35
  C:3CD9H         LINE#         36
  -------         ENDPROC       _SPI_SENDBYTE
  -------         PROC          SPI_RECEIVEBYTE
  -------         DO            
  D:0003H         SYMBOL        i
  D:0005H         SYMBOL        dat
  -------         ENDDO         
  C:3CDAH         LINE#         39
  C:3CDAH         LINE#         40
  C:3CDAH         LINE#         42
  C:3CDCH         LINE#         44
  C:3CDEH         LINE#         45
  C:3CDFH         LINE#         46
  C:3CDFH         LINE#         47
  C:3CE3H         LINE#         48
  C:3CE5H         LINE#         49
  C:3CE8H         LINE#         51
  C:3CEBH         LINE#         52
  C:3CEBH         LINE#         53
  C:3CEFH         LINE#         54
  C:3CEFH         LINE#         55
  C:3CEFH         LINE#         56
  C:3CF2H         LINE#         57
  C:3CF7H         LINE#         58
  C:3CF9H         LINE#         59
  -------         ENDPROC       SPI_RECEIVEBYTE
  -------         PROC          _SPI_READTIME
  D:0007H         SYMBOL        addr
BL51 BANKED LINKER/LOCATER V6.22                                                      02/15/2019  11:18:28  PAGE 11


  -------         DO            
  D:0006H         SYMBOL        dat
  -------         ENDDO         
  C:3E06H         LINE#         61
  C:3E06H         LINE#         62
  C:3E06H         LINE#         64
  C:3E08H         LINE#         65
  C:3E0AH         LINE#         66
  C:3E11H         LINE#         67
  C:3E14H         LINE#         68
  C:3E16H         LINE#         69
  C:3E16H         LINE#         70
  -------         ENDPROC       _SPI_READTIME
  -------         PROC          _SPI_WRITETIME
  D:0002H         SYMBOL        val
  D:0005H         SYMBOL        addr
  C:3D6FH         LINE#         71
  C:3D71H         LINE#         72
  C:3D71H         LINE#         74
  C:3D73H         LINE#         75
  C:3D7AH         LINE#         76
  C:3D7FH         LINE#         77
  C:3D84H         LINE#         78
  C:3D86H         LINE#         79
  -------         ENDPROC       _SPI_WRITETIME
  -------         PROC          SPI_INIT
  C:3E66H         LINE#         83
  C:3E66H         LINE#         84
  C:3E66H         LINE#         89
  C:3E69H         LINE#         90
  C:3E6CH         LINE#         91
  C:3E6EH         LINE#         92
  C:3E70H         LINE#         93
  C:3E72H         LINE#         94
  -------         ENDPROC       SPI_INIT
  -------         PROC          _READ_TIME
  X:03C1H         SYMBOL        months
  X:03C4H         SYMBOL        days
  X:03C7H         SYMBOL        hours
  X:03CAH         SYMBOL        mins
  X:03CDH         SYMBOL        seconds
  C:388EH         LINE#         96
  C:3899H         LINE#         97
  C:3899H         LINE#         99
  C:38ADH         LINE#         101
  C:38C1H         LINE#         103
  C:38D5H         LINE#         108
  C:38E9H         LINE#         113
  -------         ENDPROC       _READ_TIME
  -------         PROC          _BCDTODEC
  D:0007H         SYMBOL        bcd
  -------         DO            
  D:0006H         SYMBOL        hi
  D:0007H         SYMBOL        lo
  -------         ENDDO         
  C:3E17H         LINE#         119
  C:3E17H         LINE#         120
BL51 BANKED LINKER/LOCATER V6.22                                                      02/15/2019  11:18:28  PAGE 12


  C:3E17H         LINE#         122
  C:3E1CH         LINE#         123
  C:3E20H         LINE#         124
  C:3E27H         LINE#         125
  -------         ENDPROC       _BCDTODEC
  -------         PROC          _DAY_OF_YEAR
  D:0007H         SYMBOL        months_bcd
  D:0005H         SYMBOL        days_bcd
  -------         DO            
  D:0004H         SYMBOL        months
  D:0007H         SYMBOL        days
  -------         ENDDO         
  C:3795H         LINE#         126
  C:3795H         LINE#         127
  C:3795H         LINE#         130
  C:379AH         LINE#         132
  C:379FH         LINE#         134
  C:37D8H         LINE#         135
  C:37D8H         LINE#         136
  C:37D8H         LINE#         137
  C:37DBH         LINE#         138
  C:37DBH         LINE#         139
  C:37DBH         LINE#         140
  C:37E0H         LINE#         141
  C:37E0H         LINE#         142
  C:37E0H         LINE#         143
  C:37E5H         LINE#         144
  C:37E5H         LINE#         145
  C:37E5H         LINE#         146
  C:37EAH         LINE#         147
  C:37EAH         LINE#         148
  C:37EAH         LINE#         149
  C:37EFH         LINE#         150
  C:37EFH         LINE#         151
  C:37EFH         LINE#         152
  C:37F4H         LINE#         153
  C:37F4H         LINE#         154
  C:37F4H         LINE#         155
  C:37F9H         LINE#         156
  C:37F9H         LINE#         157
  C:37F9H         LINE#         158
  C:37FEH         LINE#         159
  C:37FEH         LINE#         160
  C:37FEH         LINE#         161
  C:3806H         LINE#         162
  C:3806H         LINE#         163
  C:3806H         LINE#         164
  C:380BH         LINE#         165
  C:380BH         LINE#         166
  C:380BH         LINE#         167
  C:3810H         LINE#         168
  C:3810H         LINE#         169
  C:3810H         LINE#         170
  C:3818H         LINE#         171
  C:3818H         LINE#         172
  C:3818H         LINE#         173
  -------         ENDPROC       _DAY_OF_YEAR
BL51 BANKED LINKER/LOCATER V6.22                                                      02/15/2019  11:18:28  PAGE 13


  -------         ENDMOD        PCF85063BTL

  -------         MODULE        UART1
  C:0000H         SYMBOL        _ICE_DUMMY_
  D:0080H         PUBLIC        P0
  D:0090H         PUBLIC        P1
  D:00A0H         PUBLIC        P2
  D:00B0H         PUBLIC        P3
  D:00C0H         PUBLIC        P4
  D:00C8H         PUBLIC        P5
  B:00A8H.7       PUBLIC        EA
  D:00E8H         PUBLIC        P6
  D:00F8H         PUBLIC        P7
  C:3B92H         PUBLIC        _SendString
  D:00A8H         PUBLIC        IE
  B:00A8H.4       PUBLIC        ES
  D:00B8H         PUBLIC        IP
  C:3D87H         PUBLIC        _ASCIItoBCD
  D:00D8H         PUBLIC        CCON
  C:3E28H         PUBLIC        initUART1
  D:0098H         PUBLIC        SCON
  D:0088H         PUBLIC        TCON
  C:000AH         PUBLIC        _DectoBCD
  C:3EAAH         PUBLIC        _ASCII_Letter
  D:008EH         PUBLIC        AUXR
  C:3EA5H         PUBLIC        _unit
  C:0003H         PUBLIC        _ten
  D:00D6H         PUBLIC        T2H
  D:00D7H         PUBLIC        T2L
  D:00D0H         PUBLIC        PSW
  -------         PROC          INITUART1
  C:3E28H         LINE#         21
  C:3E28H         LINE#         22
  C:3E28H         LINE#         23
  C:3E2BH         LINE#         24
  C:3E2EH         LINE#         25
  C:3E31H         LINE#         26
  C:3E34H         LINE#         27
  C:3E36H         LINE#         28
  C:3E38H         LINE#         30
  -------         ENDPROC       INITUART1
  -------         PROC          _SENDSTRING
  X:0412H         SYMBOL        s
  C:3B92H         LINE#         35
  C:3B9DH         LINE#         36
  C:3B9DH         LINE#         37
  C:3BADH         LINE#         38
  C:3BADH         LINE#         39
  C:3BC2H         LINE#         40
  C:3BC4H         LINE#         41
  -------         ENDPROC       _SENDSTRING
  -------         PROC          _TEN
  D:0007H         SYMBOL        BCD
  C:0003H         LINE#         43
  C:0003H         LINE#         44
  C:0003H         LINE#         45
  C:0008H         LINE#         46
BL51 BANKED LINKER/LOCATER V6.22                                                      02/15/2019  11:18:28  PAGE 14


  -------         ENDPROC       _TEN
  -------         PROC          _UNIT
  D:0007H         SYMBOL        BCD
  C:3EA5H         LINE#         47
  C:3EA5H         LINE#         48
  C:3EA5H         LINE#         52
  C:3EA9H         LINE#         53
  -------         ENDPROC       _UNIT
  -------         PROC          _DECTOBCD
  D:0007H         SYMBOL        dec
  C:000AH         LINE#         54
  C:000AH         LINE#         55
  C:000AH         LINE#         57
  C:000AH         LINE#         58
  -------         ENDPROC       _DECTOBCD
  -------         PROC          _ASCII_LETTER
  D:0007H         SYMBOL        dat
  C:3EAAH         LINE#         60
  C:3EAAH         LINE#         61
  C:3EAAH         LINE#         63
  C:3EAEH         LINE#         64
  -------         ENDPROC       _ASCII_LETTER
  -------         PROC          _ASCIITOBCD
  D:0001H         SYMBOL        ascii
  -------         DO            
  D:0007H         SYMBOL        dec_val
  D:0006H         SYMBOL        ten
  D:0007H         SYMBOL        unit
  -------         ENDDO         
  C:3D87H         LINE#         66
  C:3D87H         LINE#         67
  C:3D87H         LINE#         69
  C:3D8AH         LINE#         70
  C:3D90H         LINE#         71
  C:3D97H         LINE#         72
  C:3D9DH         LINE#         74
  -------         ENDPROC       _ASCIITOBCD
  -------         ENDMOD        UART1

  -------         MODULE        LCD_DRIVER_SPLC780D
  C:0000H         SYMBOL        _ICE_DUMMY_
  D:0092H         PUBLIC        P1M0
  D:0091H         PUBLIC        P1M1
  D:0080H         PUBLIC        P0
  D:0090H         PUBLIC        P1
  D:00A0H         PUBLIC        P2
  D:00B0H         PUBLIC        P3
  D:00C0H         PUBLIC        P4
  D:00C8H         PUBLIC        P5
  D:00E8H         PUBLIC        P6
  D:00F8H         PUBLIC        P7
  C:3819H         PUBLIC        _WriteData
  D:00A8H         PUBLIC        IE
  D:00B8H         PUBLIC        IP
  D:00D8H         PUBLIC        CCON
  B:00B0H.4       PUBLIC        LCD_D4
  B:00B0H.5       PUBLIC        LCD_D5
BL51 BANKED LINKER/LOCATER V6.22                                                      02/15/2019  11:18:28  PAGE 15


  B:00B0H.6       PUBLIC        LCD_D6
  C:3D37H         PUBLIC        _DisplayLCD
  B:00B0H.7       PUBLIC        LCD_D7
  D:0098H         PUBLIC        SCON
  D:0088H         PUBLIC        TCON
  C:3E95H         PUBLIC        LCD_clear
  C:3AD7H         PUBLIC        _Command
  C:3DB4H         PUBLIC        _Display_Line
  C:395DH         PUBLIC        LCD_Init
  C:3C9CH         PUBLIC        _Wait_ms
  B:00C0H.0       PUBLIC        LCD_RS
  B:00B0H.2       PUBLIC        LCD_RW
  C:3E8BH         PUBLIC        LCD_return_home
  B:00B0H.3       PUBLIC        LCD_E
  D:00D0H         PUBLIC        PSW
  -------         PROC          LCD_INIT
  C:395DH         LINE#         9
  C:395DH         LINE#         10
  C:395DH         LINE#         11
  C:3960H         LINE#         12
  C:3963H         LINE#         14
  C:3969H         LINE#         15
  C:396EH         LINE#         17
  C:3975H         LINE#         18
  C:397AH         LINE#         20
  C:397DH         LINE#         21
  C:3982H         LINE#         23
  C:3985H         LINE#         24
  C:398AH         LINE#         26
  C:3991H         LINE#         29
  C:3996H         LINE#         30
  C:399BH         LINE#         32
  C:39A0H         LINE#         33
  C:39A5H         LINE#         35
  C:39AAH         LINE#         36
  C:39AFH         LINE#         37
  -------         ENDPROC       LCD_INIT
  -------         PROC          _WRITEDATA
  X:0379H         SYMBOL        dat
  C:3819H         LINE#         40
  C:381EH         LINE#         41
  C:381EH         LINE#         46
  C:3820H         LINE#         47
  C:3822H         LINE#         49
  C:3830H         LINE#         50
  C:383CH         LINE#         51
  C:3848H         LINE#         52
  C:3852H         LINE#         53
  C:3854H         LINE#         54
  C:385BH         LINE#         55
  C:385DH         LINE#         57
  C:386DH         LINE#         58
  C:3878H         LINE#         59
  C:3882H         LINE#         60
  C:3886H         LINE#         62
  C:3886H         LINE#         63
  C:3889H         LINE#         64
BL51 BANKED LINKER/LOCATER V6.22                                                      02/15/2019  11:18:28  PAGE 16


  C:388BH         LINE#         65
  C:388DH         LINE#         67
  -------         ENDPROC       _WRITEDATA
  -------         PROC          _COMMAND
  D:0007H         SYMBOL        dat
  C:3AD7H         LINE#         69
  C:3AD7H         LINE#         70
  C:3AD7H         LINE#         71
  C:3AD9H         LINE#         72
  C:3ADBH         LINE#         74
  C:3AE5H         LINE#         75
  C:3AE9H         LINE#         77
  C:3AEBH         LINE#         78
  C:3AF4H         LINE#         79
  C:3AF8H         LINE#         81
  C:3AFAH         LINE#         82
  C:3B01H         LINE#         83
  C:3B05H         LINE#         85
  C:3B07H         LINE#         86
  C:3B0BH         LINE#         87
  C:3B0FH         LINE#         89
  C:3B11H         LINE#         90
  C:3B11H         LINE#         91
  C:3B14H         LINE#         92
  C:3B16H         LINE#         93
  -------         ENDPROC       _COMMAND
  C:3C98H         SYMBOL        L?0028
  -------         PROC          L?0027
  -------         ENDPROC       L?0027
  C:3C98H         SYMBOL        L?0028
  -------         PROC          _WAIT_MS
  D:0006H         SYMBOL        ms
  -------         DO            
  D:0004H         SYMBOL        De_Cnt
  -------         ENDDO         
  C:3C9CH         LINE#         95
  C:3C9CH         LINE#         96
  C:3C9CH         LINE#         98
  C:3CA6H         LINE#         99
  C:3CA6H         LINE#         100
  C:3CB9H         LINE#         101
  C:3CB9H         LINE#         102
  -------         ENDPROC       _WAIT_MS
  -------         PROC          _DISPLAYLCD
  D:0007H         SYMBOL        BCD
  -------         DO            
  D:0006H         SYMBOL        first_digit
  X:0420H         SYMBOL        second_digit
  -------         ENDDO         
  C:3D37H         LINE#         103
  C:3D37H         LINE#         104
  C:3D37H         LINE#         106
  C:3D3EH         LINE#         107
  C:3D47H         LINE#         109
  C:3D4CH         LINE#         111
  -------         ENDPROC       _DISPLAYLCD
  -------         PROC          LCD_RETURN_HOME
BL51 BANKED LINKER/LOCATER V6.22                                                      02/15/2019  11:18:28  PAGE 17


  C:3E8BH         LINE#         115
  C:3E8BH         LINE#         116
  C:3E8BH         LINE#         117
  C:3E90H         LINE#         118
  -------         ENDPROC       LCD_RETURN_HOME
  -------         PROC          LCD_CLEAR
  C:3E95H         LINE#         121
  C:3E95H         LINE#         122
  C:3E95H         LINE#         123
  C:3E9AH         LINE#         124
  -------         ENDPROC       LCD_CLEAR
  -------         PROC          _DISPLAY_LINE
  D:0006H         SYMBOL        line
  C:3DB4H         LINE#         128
  C:3DB4H         LINE#         129
  C:3DB4H         LINE#         130
  C:3DBAH         LINE#         131
  C:3DBAH         LINE#         132
  C:3DBCH         LINE#         133
  C:3DBCH         LINE#         134
  C:3DBEH         LINE#         136
  C:3DBEH         LINE#         137
  C:3DC3H         LINE#         138
  C:3DC8H         LINE#         139
  C:3DC8H         LINE#         140
  -------         ENDPROC       _DISPLAY_LINE
  -------         ENDMOD        LCD_DRIVER_SPLC780D

  -------         MODULE        KEYPAD
  C:0000H         SYMBOL        _ICE_DUMMY_
  D:0093H         PUBLIC        P0M1
  D:0080H         PUBLIC        P0
  D:0090H         PUBLIC        P1
  D:00A0H         PUBLIC        P2
  D:00B0H         PUBLIC        P3
  D:00C0H         PUBLIC        P4
  D:00C8H         PUBLIC        P5
  B:0020H.0       PUBLIC        calib_mode
  D:00E8H         PUBLIC        P6
  D:00F8H         PUBLIC        P7
  D:00A8H         PUBLIC        IE
  C:27AFH         PUBLIC        Key_Scan
  D:00B8H         PUBLIC        IP
  D:00D8H         PUBLIC        CCON
  C:3E73H         PUBLIC        KeyPad_IO_Init
  C:3D19H         PUBLIC        _Delay_ms
  D:0098H         PUBLIC        SCON
  D:0088H         PUBLIC        TCON
  B:0020H.1       PUBLIC        small_move
  B:0020H.2       PUBLIC        move
  B:0020H.3       PUBLIC        direction
  B:0020H.4       PUBLIC        auto_move
  C:2160H         PUBLIC        Key_Process
  D:00D0H         PUBLIC        PSW
  D:0094H         PUBLIC        P0M0
  -------         PROC          _DELAY_MS
  D:0006H         SYMBOL        ms
BL51 BANKED LINKER/LOCATER V6.22                                                      02/15/2019  11:18:28  PAGE 18


  -------         DO            
  D:0004H         SYMBOL        De_Cnt
  -------         ENDDO         
  C:3D19H         LINE#         19
  C:3D19H         LINE#         20
  C:3D19H         LINE#         22
  C:3D23H         LINE#         23
  C:3D23H         LINE#         24
  C:3D36H         LINE#         25
  C:3D36H         LINE#         26
  -------         ENDPROC       _DELAY_MS
  -------         PROC          KEY_SCAN
  -------         DO            
  X:0415H         SYMBOL        KeyTemp1
  X:0416H         SYMBOL        KeyTemp2
  X:0417H         SYMBOL        KeyValue
  -------         ENDDO         
  C:27AFH         LINE#         27
  C:27AFH         LINE#         28
  C:27AFH         LINE#         33
  C:27B2H         LINE#         36
  C:27B5H         LINE#         38
  C:27BDH         LINE#         39
  C:27C4H         LINE#         40
  C:27C4H         LINE#         42
  C:27C9H         LINE#         43
  C:27D0H         LINE#         44
  C:27D0H         LINE#         47
  C:27D3H         LINE#         48
  C:27D6H         LINE#         49
  C:27DBH         LINE#         50
  C:27DFH         LINE#         51
  C:27DFH         LINE#         52
  C:27E7H         LINE#         53
  C:27E7H         LINE#         54
  C:27EAH         LINE#         55
  C:27F2H         LINE#         56
  C:27F4H         LINE#         58
  C:2808H         LINE#         59
  C:2808H         LINE#         60
  C:2808H         LINE#         61
  C:2808H         LINE#         62
  C:280EH         LINE#         64
  C:2810H         LINE#         65
  C:2810H         LINE#         66
  C:2810H         LINE#         67
  C:2816H         LINE#         69
  C:2818H         LINE#         70
  C:2818H         LINE#         71
  C:2818H         LINE#         72
  C:281EH         LINE#         74
  C:2820H         LINE#         75
  C:2820H         LINE#         76
  C:2820H         LINE#         77
  C:2826H         LINE#         79
  C:2826H         LINE#         80
  C:2826H         LINE#         81
BL51 BANKED LINKER/LOCATER V6.22                                                      02/15/2019  11:18:28  PAGE 19


  C:2826H         LINE#         84
  C:2829H         LINE#         85
  C:282CH         LINE#         86
  C:2834H         LINE#         87
  C:2838H         LINE#         88
  C:2838H         LINE#         89
  C:2840H         LINE#         90
  C:2840H         LINE#         91
  C:2843H         LINE#         92
  C:284BH         LINE#         93
  C:284DH         LINE#         94
  C:2861H         LINE#         95
  C:2861H         LINE#         96
  C:2861H         LINE#         97
  C:2861H         LINE#         98
  C:2867H         LINE#         100
  C:2869H         LINE#         101
  C:2869H         LINE#         102
  C:2869H         LINE#         103
  C:286FH         LINE#         105
  C:2871H         LINE#         106
  C:2871H         LINE#         107
  C:2871H         LINE#         108
  C:2877H         LINE#         110
  C:2879H         LINE#         111
  C:2879H         LINE#         112
  C:2879H         LINE#         113
  C:287EH         LINE#         115
  C:287EH         LINE#         116
  C:287EH         LINE#         117
  C:287EH         LINE#         120
  C:2881H         LINE#         121
  C:2884H         LINE#         122
  C:288CH         LINE#         123
  C:2890H         LINE#         124
  C:2890H         LINE#         125
  C:2898H         LINE#         126
  C:2898H         LINE#         127
  C:289BH         LINE#         128
  C:28A3H         LINE#         129
  C:28A5H         LINE#         130
  C:28B9H         LINE#         131
  C:28B9H         LINE#         132
  C:28B9H         LINE#         133
  C:28B9H         LINE#         134
  C:28BFH         LINE#         136
  C:28C1H         LINE#         137
  C:28C1H         LINE#         138
  C:28C1H         LINE#         139
  C:28C7H         LINE#         141
  C:28C9H         LINE#         142
  C:28C9H         LINE#         143
  C:28C9H         LINE#         144
  C:28CFH         LINE#         146
  C:28D1H         LINE#         147
  C:28D1H         LINE#         148
  C:28D1H         LINE#         149
BL51 BANKED LINKER/LOCATER V6.22                                                      02/15/2019  11:18:28  PAGE 20


  C:28D7H         LINE#         151
  C:28D7H         LINE#         152
  C:28D7H         LINE#         153
  C:28D7H         LINE#         157
  C:28DAH         LINE#         158
  C:28DDH         LINE#         159
  C:28E5H         LINE#         160
  C:28E9H         LINE#         161
  C:28E9H         LINE#         162
  C:28F1H         LINE#         163
  C:28F1H         LINE#         164
  C:28F4H         LINE#         165
  C:28FCH         LINE#         166
  C:28FEH         LINE#         167
  C:2912H         LINE#         168
  C:2912H         LINE#         169
  C:2912H         LINE#         170
  C:2912H         LINE#         171
  C:2918H         LINE#         173
  C:291AH         LINE#         174
  C:291AH         LINE#         175
  C:291AH         LINE#         176
  C:2920H         LINE#         178
  C:2922H         LINE#         179
  C:2922H         LINE#         180
  C:2922H         LINE#         181
  C:2928H         LINE#         183
  C:292AH         LINE#         184
  C:292AH         LINE#         185
  C:292AH         LINE#         186
  C:2930H         LINE#         188
  C:2930H         LINE#         189
  C:2930H         LINE#         190
  C:2930H         LINE#         192
  C:2936H         LINE#         193
  C:2936H         LINE#         195
  C:2936H         LINE#         196
  C:2939H         LINE#         197
  C:2939H         LINE#         198
  C:2939H         LINE#         200
  C:2939H         LINE#         201
  C:293BH         LINE#         202
  C:293BH         LINE#         203
  -------         ENDPROC       KEY_SCAN
  -------         PROC          KEY_PROCESS
  -------         DO            
  X:03DAH         SYMBOL        KeyCount
  X:03DCH         SYMBOL        KeyNum_Old
  X:03DDH         SYMBOL        KeyNum
  X:03DEH         SYMBOL        PressedKey
  X:03EBH         SYMBOL        d
  D:0004H         SYMBOL        hours
  D:0006H         SYMBOL        mins
  X:03EDH         SYMBOL        months
  X:03EFH         SYMBOL        days
  -------         ENDDO         
  C:2160H         LINE#         204
BL51 BANKED LINKER/LOCATER V6.22                                                      02/15/2019  11:18:28  PAGE 21


  C:2160H         LINE#         205
  C:2160H         LINE#         209
  C:2168H         LINE#         210
  C:2170H         LINE#         212
  C:2173H         LINE#         213
  C:2173H         LINE#         214
  C:2176H         LINE#         216
  C:2176H         LINE#         217
  C:2183H         LINE#         218
  C:2183H         LINE#         219
  C:2186H         LINE#         220
  C:2189H         LINE#         222
  C:218CH         LINE#         224
  C:218CH         LINE#         225
  C:2197H         LINE#         226
  C:2197H         LINE#         227
  C:219AH         LINE#         229
  C:219AH         LINE#         230
  C:21A1H         LINE#         231
  C:21A1H         LINE#         232
  C:21A4H         LINE#         234
  C:21A4H         LINE#         235
  C:21ACH         LINE#         236
  C:21ACH         LINE#         237
  C:21B6H         LINE#         238
  C:21BEH         LINE#         240
  C:21C7H         LINE#         242
  C:21C7H         LINE#         251
  C:21DCH         LINE#         252
  C:21DCH         LINE#         253
  C:21EEH         LINE#         254
  C:21FCH         LINE#         255
  C:220BH         LINE#         256
  C:220BH         LINE#         258
  C:2211H         LINE#         262
  C:2227H         LINE#         263
  C:2238H         LINE#         264
  C:2253H         LINE#         265
  C:2253H         LINE#         266
  C:2263H         LINE#         267
  C:2274H         LINE#         268
  C:2274H         LINE#         272
  C:228DH         LINE#         273
  C:22A4H         LINE#         274
  C:22C4H         LINE#         275
  C:22C4H         LINE#         276
  C:22CEH         LINE#         277
  C:22CEH         LINE#         278
  C:22D7H         LINE#         279
  C:22D7H         LINE#         280
  C:22EBH         LINE#         281
  C:22EBH         LINE#         282
  C:22EBH         LINE#         283
  C:22EBH         LINE#         284
  C:22EBH         LINE#         285
  C:22EDH         LINE#         287
  C:22EDH         LINE#         288
BL51 BANKED LINKER/LOCATER V6.22                                                      02/15/2019  11:18:28  PAGE 22


  C:22F9H         LINE#         289
  C:22F9H         LINE#         290
  C:230AH         LINE#         291
  C:230AH         LINE#         292
  C:230AH         LINE#         293
  C:230AH         LINE#         294
  C:230AH         LINE#         296
  C:230CH         LINE#         298
  C:230CH         LINE#         299
  C:231DH         LINE#         300
  C:231DH         LINE#         301
  C:231DH         LINE#         302
  C:231DH         LINE#         303
  C:231DH         LINE#         305
  C:231DH         LINE#         307
  C:231DH         LINE#         308
  C:231FH         LINE#         310
  C:231FH         LINE#         311
  C:2332H         LINE#         312
  C:2332H         LINE#         313
  C:2343H         LINE#         314
  C:2343H         LINE#         315
  C:2343H         LINE#         316
  C:2343H         LINE#         317
  C:2343H         LINE#         318
  C:2345H         LINE#         320
  C:2345H         LINE#         321
  C:2356H         LINE#         322
  C:2356H         LINE#         323
  C:2367H         LINE#         324
  C:2378H         LINE#         325
  C:2378H         LINE#         326
  C:2378H         LINE#         327
  C:2378H         LINE#         328
  C:2378H         LINE#         329
  C:237BH         LINE#         330
  C:2380H         LINE#         331
  C:2385H         LINE#         332
  C:238AH         LINE#         333
  C:238FH         LINE#         334
  C:2394H         LINE#         335
  C:2399H         LINE#         336
  C:239EH         LINE#         337
  C:239EH         LINE#         339
  C:23C0H         LINE#         340
  C:23C0H         LINE#         341
  C:23CAH         LINE#         342
  C:23CAH         LINE#         343
  C:23CFH         LINE#         344
  C:23D8H         LINE#         345
  C:23EFH         LINE#         346
  C:23EFH         LINE#         347
  C:23FFH         LINE#         349
  C:23FFH         LINE#         353
  -------         ENDPROC       KEY_PROCESS
  -------         PROC          KEYPAD_IO_INIT
  C:3E73H         LINE#         356
BL51 BANKED LINKER/LOCATER V6.22                                                      02/15/2019  11:18:28  PAGE 23


  C:3E73H         LINE#         357
  C:3E73H         LINE#         358
  C:3E76H         LINE#         359
  C:3E79H         LINE#         360
  C:3E7CH         LINE#         361
  C:3E7EH         LINE#         362
  -------         ENDPROC       KEYPAD_IO_INIT
  -------         ENDMOD        KEYPAD

  -------         MODULE        BIPOLARMOTOR
  C:0000H         SYMBOL        _ICE_DUMMY_
  D:0080H         PUBLIC        P0
  D:0090H         PUBLIC        P1
  D:00A0H         PUBLIC        P2
  D:00B0H         PUBLIC        P3
  D:00C0H         PUBLIC        P4
  D:00C8H         PUBLIC        P5
  D:00E8H         PUBLIC        P6
  D:00F8H         PUBLIC        P7
  X:00D4H         PUBLIC        low_date_azimuth_mapping
  D:00A8H         PUBLIC        IE
  C:3134H         PUBLIC        linear_interpolate
  C:3C47H         PUBLIC        _Move
  D:00B8H         PUBLIC        IP
  C:2611H         PUBLIC        _findDet3x3
  C:1BEFH         PUBLIC        _findDet4x4
  D:00D8H         PUBLIC        CCON
  X:00FCH         PUBLIC        previous_move_time
  D:0098H         PUBLIC        SCON
  D:0088H         PUBLIC        TCON
  C:3EAFH         PUBLIC        wait
  C:3B17H         PUBLIC        _Step_move
  X:00FDH         PUBLIC        dat
  C:000EH         PUBLIC        _Update_position
  C:39B6H         PUBLIC        vOneStepMove
  X:0103H         PUBLIC        elevation_stamp
  X:013FH         PUBLIC        date_azimuth_mapping
  X:0167H         PUBLIC        RX_pos
  C:3D5EH         PUBLIC        _BCDtoDec1
  X:0177H         PUBLIC        degree
  D:00D0H         PUBLIC        PSW
  -------         PROC          L?0066
  -------         ENDPROC       L?0066
  -------         PROC          _BCDTODEC1
  D:0007H         SYMBOL        bcd
  -------         DO            
  D:0006H         SYMBOL        hi
  D:0007H         SYMBOL        lo
  -------         ENDDO         
  C:3D5EH         LINE#         28
  C:3D5EH         LINE#         29
  C:3D5EH         LINE#         31
  C:3D63H         LINE#         32
  C:3D67H         LINE#         33
  C:3D6EH         LINE#         34
  -------         ENDPROC       _BCDTODEC1
  -------         PROC          WAIT
BL51 BANKED LINKER/LOCATER V6.22                                                      02/15/2019  11:18:28  PAGE 24


  C:3EAFH         LINE#         36
  C:3EAFH         LINE#         38
  -------         ENDPROC       WAIT
  -------         PROC          VONESTEPMOVE
  B:0021H.0       SYMBOL        bDir
  C:39B6H         LINE#         40
  C:39B6H         LINE#         41
  C:39B6H         LINE#         43
  C:39BCH         LINE#         44
  C:39BCH         LINE#         45
  C:39BFH         LINE#         46
  C:39C8H         LINE#         47
  C:39CFH         LINE#         48
  C:39D4H         LINE#         49
  C:39D4H         LINE#         50
  C:39D4H         LINE#         52
  C:39D6H         LINE#         55
  C:39D6H         LINE#         56
  C:39D9H         LINE#         57
  C:39E2H         LINE#         58
  C:39E9H         LINE#         59
  C:39EFH         LINE#         60
  C:39F8H         LINE#         61
  C:39FFH         LINE#         62
  C:39FFH         LINE#         66
  -------         ENDPROC       VONESTEPMOVE
  -------         PROC          _STEP_MOVE
  X:03FAH         SYMBOL        step
  B:0021H.1       SYMBOL        dir
  -------         DO            
  X:03FCH         SYMBOL        i
  -------         ENDDO         
  C:3B17H         LINE#         68
  C:3B1FH         LINE#         69
  C:3B1FH         LINE#         71
  C:3B24H         LINE#         74
  C:3B3FH         LINE#         75
  C:3B3FH         LINE#         76
  C:3B46H         LINE#         78
  C:3B56H         LINE#         80
  -------         ENDPROC       _STEP_MOVE
  -------         PROC          _MOVE
  X:03FEH         SYMBOL        distance
  B:0021H.2       SYMBOL        direction
  -------         DO            
  D:0006H         SYMBOL        step
  -------         ENDDO         
  C:3C47H         LINE#         82
  C:3C4DH         LINE#         83
  C:3C4DH         LINE#         86
  C:3C68H         LINE#         87
  -------         ENDPROC       _MOVE
  C:25F2H         SYMBOL        L?0062
  C:2606H         SYMBOL        L?0063
  -------         PROC          L?0061
  -------         ENDPROC       L?0061
  C:25F2H         SYMBOL        L?0062
BL51 BANKED LINKER/LOCATER V6.22                                                      02/15/2019  11:18:28  PAGE 25


  C:2606H         SYMBOL        L?0063
  -------         PROC          _FINDDET3X3
  X:033BH         SYMBOL        a11
  X:033FH         SYMBOL        a12
  X:0343H         SYMBOL        a13
  X:0347H         SYMBOL        a21
  X:034BH         SYMBOL        a22
  X:034FH         SYMBOL        a23
  X:0353H         SYMBOL        a31
  X:0357H         SYMBOL        a32
  X:035BH         SYMBOL        a33
  C:2611H         LINE#         91
  C:2617H         LINE#         95
  C:2617H         LINE#         96
  C:27AEH         LINE#         98
  -------         ENDPROC       _FINDDET3X3
  -------         PROC          _FINDDET4X4
  X:02FBH         SYMBOL        a11
  X:02FFH         SYMBOL        a12
  X:0303H         SYMBOL        a13
  X:0307H         SYMBOL        a14
  X:030BH         SYMBOL        a21
  X:030FH         SYMBOL        a22
  X:0313H         SYMBOL        a23
  X:0317H         SYMBOL        a24
  X:031BH         SYMBOL        a31
  X:031FH         SYMBOL        a32
  X:0323H         SYMBOL        a33
  X:0327H         SYMBOL        a34
  X:032BH         SYMBOL        a41
  X:032FH         SYMBOL        a42
  X:0333H         SYMBOL        a43
  X:0337H         SYMBOL        a44
  C:1BEFH         LINE#         99
  C:1BF5H         LINE#         103
  C:1BF5H         LINE#         110
  C:1EAEH         LINE#         114
  -------         ENDPROC       _FINDDET4X4
  C:3123H         SYMBOL        L?0065
  -------         PROC          L?0064
  -------         ENDPROC       L?0064
  C:3123H         SYMBOL        L?0065
  -------         PROC          LINEAR_INTERPOLATE
  X:0399H         SYMBOL        p1
  X:03A1H         SYMBOL        p2
  X:03A9H         SYMBOL        x
  -------         DO            
  D:0004H         SYMBOL        fx
  -------         ENDDO         
  C:3134H         LINE#         120
  C:3134H         LINE#         121
  C:3134H         LINE#         124
  C:31D3H         LINE#         126
  C:31D3H         LINE#         127
  -------         ENDPROC       LINEAR_INTERPOLATE
  -------         PROC          _UPDATE_POSITION
  D:0001H         SYMBOL        mnths
BL51 BANKED LINKER/LOCATER V6.22                                                      02/15/2019  11:18:28  PAGE 26


  D:0002H         SYMBOL        dys
  X:017DH         SYMBOL        hurs
  X:017EH         SYMBOL        mns
  X:017FH         SYMBOL        sconds
  X:0180H         SYMBOL        currnt_pos
  X:0183H         SYMBOL        offset_calib
  -------         DO            
  X:0187H         SYMBOL        date
  X:0189H         SYMBOL        i
  X:018BH         SYMBOL        yy
  X:018DH         SYMBOL        desired_distance
  X:0191H         SYMBOL        distance
  X:0195H         SYMBOL        JP_pos
  X:0199H         SYMBOL        pos_interpolate_azimuth
  X:01D5H         SYMBOL        current_local_sun_time
  X:01D9H         SYMBOL        azimuth
  X:01DDH         SYMBOL        elevation
  X:01E1H         SYMBOL        time_offset
  X:01E5H         SYMBOL        UTC_time
  X:01E9H         SYMBOL        declination
  X:01EDH         SYMBOL        p1
  X:01F5H         SYMBOL        p2
  X:01FDH         SYMBOL        time
  X:020FH         SYMBOL        location
  X:0217H         SYMBOL        sunCoord
  -------         ENDDO         
  C:000EH         LINE#         131
  C:0017H         LINE#         134
  C:0017H         LINE#         135
  C:0022H         LINE#         137
  C:003EH         LINE#         138
  C:0048H         LINE#         146
  C:0052H         LINE#         147
  C:005CH         LINE#         148
  C:0066H         LINE#         149
  C:0071H         LINE#         150
  C:007CH         LINE#         151
  C:0095H         LINE#         152
  C:00A6H         LINE#         153
  C:00B5H         LINE#         156
  C:00C9H         LINE#         160
  C:011BH         LINE#         161
  C:027FH         LINE#         162
  C:02CFH         LINE#         164
  C:03F7H         LINE#         166
  C:04C6H         LINE#         173
  C:050DH         LINE#         174
  C:050DH         LINE#         176
  C:0527H         LINE#         177
  C:0527H         LINE#         178
  C:0597H         LINE#         179
  C:0597H         LINE#         180
  C:059EH         LINE#         181
  C:059EH         LINE#         182
  C:05CBH         LINE#         183
  C:05E6H         LINE#         185
  C:062DH         LINE#         186
BL51 BANKED LINKER/LOCATER V6.22                                                      02/15/2019  11:18:28  PAGE 27


  C:0661H         LINE#         188
  C:06A7H         LINE#         189
  C:06CAH         LINE#         191
  C:06CAH         LINE#         193
  C:0740H         LINE#         194
  C:0740H         LINE#         195
  C:0747H         LINE#         196
  C:0747H         LINE#         197
  C:0774H         LINE#         198
  C:078FH         LINE#         200
  C:07D6H         LINE#         201
  C:080AH         LINE#         203
  C:0850H         LINE#         204
  C:0870H         LINE#         206
  C:0870H         LINE#         207
  C:0881H         LINE#         210
  C:089BH         LINE#         211
  C:089BH         LINE#         212
  C:090BH         LINE#         213
  C:090BH         LINE#         214
  C:0938H         LINE#         215
  C:0953H         LINE#         217
  C:0980H         LINE#         218
  C:099BH         LINE#         220
  C:09CDH         LINE#         223
  C:09CDH         LINE#         225
  C:09DEH         LINE#         227
  C:0A0DH         LINE#         229
  C:0A32H         LINE#         230
  C:0A97H         LINE#         231
  C:0A97H         LINE#         232
  C:0AB1H         LINE#         233
  C:0AC3H         LINE#         234
  C:0ADBH         LINE#         235
  C:0AF1H         LINE#         237
  C:0B0DH         LINE#         238
  C:0B0DH         LINE#         239
  C:0B0DH         LINE#         242
  -------         ENDPROC       _UPDATE_POSITION
  -------         ENDMOD        BIPOLARMOTOR

  -------         MODULE        SUNPOS
  C:0000H         SYMBOL        _ICE_DUMMY_
  C:144DH         PUBLIC        sunpos
  -------         PROC          SUNPOS
  X:029EH         SYMBOL        udtTime
  X:02B0H         SYMBOL        udtLocation
  X:02B8H         SYMBOL        udtSunCoordinates
  -------         DO            
  X:02BBH         SYMBOL        dElapsedJulianDays
  X:02BFH         SYMBOL        dDecimalHours
  X:02C3H         SYMBOL        dEclipticLongitude
  X:02C7H         SYMBOL        dEclipticObliquity
  X:02CBH         SYMBOL        dRightAscension
  X:02CFH         SYMBOL        dDeclination
  X:02D3H         SYMBOL        dY
  X:02D7H         SYMBOL        dX
BL51 BANKED LINKER/LOCATER V6.22                                                      02/15/2019  11:18:28  PAGE 28


  -------         DO            
  X:02DBH         SYMBOL        dJulianDate
  X:02DFH         SYMBOL        liAux1
  X:02E3H         SYMBOL        liAux2
  X:02DBH         SYMBOL        dMeanLongitude
  X:02DFH         SYMBOL        dMeanAnomaly
  X:02E3H         SYMBOL        dOmega
  X:02DBH         SYMBOL        dSin_EclipticLongitude
  X:02DBH         SYMBOL        dGreenwichMeanSiderealTime
  X:02DFH         SYMBOL        dLocalMeanSiderealTime
  X:02E3H         SYMBOL        dLatitudeInRadians
  X:02E7H         SYMBOL        dHourAngle
  X:02EBH         SYMBOL        dCos_Latitude
  X:02EFH         SYMBOL        dSin_Latitude
  X:02F3H         SYMBOL        dCos_HourAngle
  X:02F7H         SYMBOL        dParallax
  -------         ENDDO         
  -------         DO            
  X:02DBH         SYMBOL        dMeanLongitude
  X:02DFH         SYMBOL        dMeanAnomaly
  X:02E3H         SYMBOL        dOmega
  X:02DBH         SYMBOL        dSin_EclipticLongitude
  X:02DBH         SYMBOL        dGreenwichMeanSiderealTime
  X:02DFH         SYMBOL        dLocalMeanSiderealTime
  X:02E3H         SYMBOL        dLatitudeInRadians
  X:02E7H         SYMBOL        dHourAngle
  X:02EBH         SYMBOL        dCos_Latitude
  X:02EFH         SYMBOL        dSin_Latitude
  X:02F3H         SYMBOL        dCos_HourAngle
  X:02F7H         SYMBOL        dParallax
  -------         ENDDO         
  -------         DO            
  X:02DBH         SYMBOL        dSin_EclipticLongitude
  X:02DBH         SYMBOL        dGreenwichMeanSiderealTime
  X:02DFH         SYMBOL        dLocalMeanSiderealTime
  X:02E3H         SYMBOL        dLatitudeInRadians
  X:02E7H         SYMBOL        dHourAngle
  X:02EBH         SYMBOL        dCos_Latitude
  X:02EFH         SYMBOL        dSin_Latitude
  X:02F3H         SYMBOL        dCos_HourAngle
  X:02F7H         SYMBOL        dParallax
  -------         ENDDO         
  -------         DO            
  X:02DBH         SYMBOL        dGreenwichMeanSiderealTime
  X:02DFH         SYMBOL        dLocalMeanSiderealTime
  X:02E3H         SYMBOL        dLatitudeInRadians
  X:02E7H         SYMBOL        dHourAngle
  X:02EBH         SYMBOL        dCos_Latitude
  X:02EFH         SYMBOL        dSin_Latitude
  X:02F3H         SYMBOL        dCos_HourAngle
  X:02F7H         SYMBOL        dParallax
  -------         ENDDO         
  -------         ENDDO         
  C:144DH         LINE#         6
  C:144DH         LINE#         7
  C:144DH         LINE#         9
  C:144DH         LINE#         27
BL51 BANKED LINKER/LOCATER V6.22                                                      02/15/2019  11:18:28  PAGE 29


  C:1497H         LINE#         30
  C:14B8H         LINE#         31
  C:15FFH         LINE#         34
  C:164BH         LINE#         36
  C:166AH         LINE#         37
  C:166AH         LINE#         42
  C:166AH         LINE#         46
  C:169CH         LINE#         47
  C:16C6H         LINE#         48
  C:16F0H         LINE#         49
  C:179DH         LINE#         52
  C:17FEH         LINE#         54
  C:17FEH         LINE#         59
  C:17FEH         LINE#         61
  C:1815H         LINE#         62
  C:183DH         LINE#         63
  C:1854H         LINE#         64
  C:187FH         LINE#         65
  C:18B6H         LINE#         66
  C:18E1H         LINE#         67
  C:18E1H         LINE#         70
  C:18E1H         LINE#         79
  C:191CH         LINE#         82
  C:1956H         LINE#         84
  C:197BH         LINE#         85
  C:199AH         LINE#         86
  C:19B1H         LINE#         87
  C:19C8H         LINE#         88
  C:19DFH         LINE#         89
  C:1A68H         LINE#         91
  C:1A82H         LINE#         92
  C:1AE4H         LINE#         93
  C:1B1AH         LINE#         94
  C:1B2CH         LINE#         95
  C:1B59H         LINE#         96
  C:1B86H         LINE#         98
  C:1BA8H         LINE#         100
  C:1BE0H         LINE#         103
  C:1BE0H         LINE#         104
  C:1BEEH         LINE#         105
  -------         ENDPROC       SUNPOS
  -------         ENDMOD        SUNPOS

  -------         MODULE        ADC
  C:0000H         SYMBOL        _ICE_DUMMY_
  D:0092H         PUBLIC        P1M0
  D:0091H         PUBLIC        P1M1
  D:0080H         PUBLIC        P0
  D:0090H         PUBLIC        P1
  D:00A0H         PUBLIC        P2
  D:00B0H         PUBLIC        P3
  D:00C0H         PUBLIC        P4
  D:00C8H         PUBLIC        P5
  D:00E8H         PUBLIC        P6
  D:00F8H         PUBLIC        P7
  D:00A8H         PUBLIC        IE
  D:00BDH         PUBLIC        ADC_RES
BL51 BANKED LINKER/LOCATER V6.22                                                      02/15/2019  11:18:28  PAGE 30


  D:00B8H         PUBLIC        IP
  D:0097H         PUBLIC        CLK_DIV
  D:00D8H         PUBLIC        CCON
  D:00BCH         PUBLIC        ADC_CONTR
  D:0098H         PUBLIC        SCON
  D:0088H         PUBLIC        TCON
  B:00A0H.4       PUBLIC        P24
  B:00A0H.5       PUBLIC        P25
  B:00A0H.6       PUBLIC        P26
  C:3CFAH         PUBLIC        ADC_Init
  C:3BC5H         PUBLIC        _ADC_GetResult
  D:009DH         PUBLIC        P1ASF
  D:00BEH         PUBLIC        ADC_RESL
  D:00D0H         PUBLIC        PSW
  -------         PROC          ADC_INIT
  C:3CFAH         LINE#         7
  C:3CFAH         LINE#         8
  C:3CFAH         LINE#         10
  C:3CFCH         LINE#         11
  C:3CFEH         LINE#         12
  C:3D00H         LINE#         13
  C:3D03H         LINE#         14
  C:3D06H         LINE#         15
  C:3D09H         LINE#         16
  C:3D0CH         LINE#         18
  C:3D0EH         LINE#         19
  C:3D10H         LINE#         20
  C:3D13H         LINE#         22
  -------         ENDPROC       ADC_INIT
  -------         PROC          _ADC_GETRESULT
  D:0007H         SYMBOL        ch
  -------         DO            
  D:0006H         SYMBOL        ADC_Value_H
  D:0004H         SYMBOL        ADC_Value_L
  D:0006H         SYMBOL        ADC_Value
  -------         ENDDO         
  C:3BC5H         LINE#         27
  C:3BC5H         LINE#         28
  C:3BC5H         LINE#         30
  C:3BCAH         LINE#         31
  C:3BCBH         LINE#         32
  C:3BCCH         LINE#         33
  C:3BCDH         LINE#         34
  C:3BCEH         LINE#         35
  C:3BD3H         LINE#         36
  C:3BD6H         LINE#         37
  C:3BDAH         LINE#         38
  C:3BDEH         LINE#         40
  C:3BF0H         LINE#         41
  C:3BF0H         LINE#         42
  -------         ENDPROC       _ADC_GETRESULT
  -------         ENDMOD        ADC

  -------         MODULE        CALIBRATION
  C:0000H         SYMBOL        _ICE_DUMMY_
  D:0080H         PUBLIC        P0
  D:0090H         PUBLIC        P1
BL51 BANKED LINKER/LOCATER V6.22                                                      02/15/2019  11:18:28  PAGE 31


  D:00A0H         PUBLIC        P2
  D:00B0H         PUBLIC        P3
  D:00C0H         PUBLIC        P4
  D:00C8H         PUBLIC        P5
  D:00E8H         PUBLIC        P6
  D:00F8H         PUBLIC        P7
  C:35D8H         PUBLIC        _Max_Value
  D:00A8H         PUBLIC        IE
  C:2F52H         PUBLIC        _calibration
  C:31D4H         PUBLIC        voltage_is_stable
  D:00B8H         PUBLIC        IP
  D:00D8H         PUBLIC        CCON
  D:0098H         PUBLIC        SCON
  D:0088H         PUBLIC        TCON
  C:1EAFH         PUBLIC        _Find_Real_Max
  D:00D0H         PUBLIC        PSW
  -------         PROC          VOLTAGE_IS_STABLE
  -------         DO            
  X:0381H         SYMBOL        sample_voltage
  X:0395H         SYMBOL        i
  X:0397H         SYMBOL        ch
  -------         ENDDO         
  C:31D4H         LINE#         19
  C:31D4H         LINE#         20
  C:31D4H         LINE#         22
  C:31DBH         LINE#         23
  C:31E1H         LINE#         24
  C:31E1H         LINE#         25
  C:320AH         LINE#         26
  C:3229H         LINE#         28
  C:3243H         LINE#         29
  C:3243H         LINE#         30
  C:3276H         LINE#         31
  C:327AH         LINE#         32
  C:328AH         LINE#         33
  C:328EH         LINE#         34
  -------         ENDPROC       VOLTAGE_IS_STABLE
  -------         PROC          _FIND_REAL_MAX
  X:021AH         SYMBOL        current_position
  -------         DO            
  X:021DH         SYMBOL        ch
  X:021EH         SYMBOL        calib_step_move
  X:0222H         SYMBOL        voltage_at_scanned_pos
  X:029AH         SYMBOL        max_location
  X:029CH         SYMBOL        i
  -------         ENDDO         
  C:1EAFH         LINE#         35
  C:1EBAH         LINE#         36
  C:1EBAH         LINE#         37
  C:1EBDH         LINE#         38
  C:1EC5H         LINE#         42
  C:1EDEH         LINE#         43
  C:1EDEH         LINE#         44
  C:1EF3H         LINE#         45
  C:1F03H         LINE#         46
  C:1F0AH         LINE#         47
  C:1F0AH         LINE#         48
BL51 BANKED LINKER/LOCATER V6.22                                                      02/15/2019  11:18:28  PAGE 32


  C:1F15H         LINE#         49
  C:1F15H         LINE#         50
  C:1F28H         LINE#         51
  C:1F4EH         LINE#         52
  C:1F76H         LINE#         53
  C:1F79H         LINE#         55
  C:1F79H         LINE#         57
  C:1F8BH         LINE#         58
  C:1FABH         LINE#         61
  C:1FD2H         LINE#         63
  C:202EH         LINE#         64
  C:2031H         LINE#         65
  C:2031H         LINE#         69
  C:2036H         LINE#         70
  C:203BH         LINE#         72
  C:2040H         LINE#         73
  C:2045H         LINE#         74
  C:204AH         LINE#         75
  C:204FH         LINE#         78
  C:2086H         LINE#         79
  C:208BH         LINE#         80
  C:2090H         LINE#         81
  C:2097H         LINE#         82
  C:20B9H         LINE#         96
  C:20C8H         LINE#         97
  C:20C8H         LINE#         98
  C:20D9H         LINE#         100
  C:20FBH         LINE#         101
  C:2158H         LINE#         102
  C:215FH         LINE#         103
  C:215FH         LINE#         105
  -------         ENDPROC       _FIND_REAL_MAX
  -------         PROC          _MAX_VALUE
  D:0001H         SYMBOL        input
  -------         DO            
  D:0004H         SYMBOL        max
  X:0402H         SYMBOL        max_location
  X:0404H         SYMBOL        i
  -------         ENDDO         
  C:35D8H         LINE#         108
  C:35D8H         LINE#         109
  C:35D8H         LINE#         110
  C:35E3H         LINE#         112
  C:35F8H         LINE#         113
  C:35F8H         LINE#         114
  C:362EH         LINE#         115
  C:364BH         LINE#         116
  C:365AH         LINE#         117
  C:366BH         LINE#         118
  C:3673H         LINE#         120
  -------         ENDPROC       _MAX_VALUE
  -------         PROC          _CALIBRATION
  X:03ADH         SYMBOL        mnths
  X:03AEH         SYMBOL        dys
  X:03AFH         SYMBOL        hurs
  X:03B0H         SYMBOL        mns
  X:03B1H         SYMBOL        sconds
BL51 BANKED LINKER/LOCATER V6.22                                                      02/15/2019  11:18:28  PAGE 33


  X:03B2H         SYMBOL        currnt_pos
  -------         DO            
  X:03B5H         SYMBOL        calib_value
  X:03B9H         SYMBOL        theorical_max_pos
  X:03BDH         SYMBOL        JP_max_pos
  -------         ENDDO         
  C:2F52H         LINE#         122
  C:2F5DH         LINE#         125
  C:2F5DH         LINE#         126
  C:2F67H         LINE#         127
  C:2F7BH         LINE#         129
  C:2F85H         LINE#         130
  C:2F85H         LINE#         132
  C:2FBBH         LINE#         133
  C:2FD9H         LINE#         135
  C:2FE2H         LINE#         136
  C:3005H         LINE#         137
  C:3021H         LINE#         138
  C:3030H         LINE#         139
  C:3030H         LINE#         141
  C:3035H         LINE#         142
  -------         ENDPROC       _CALIBRATION
  -------         ENDMOD        CALIBRATION

  -------         MODULE        IOEXPANDER_PI4IOE5V96248
  C:0000H         SYMBOL        _ICE_DUMMY_
  D:0080H         PUBLIC        P0
  B:00C8H.4       PUBLIC        I2C_SCK
  D:0090H         PUBLIC        P1
  D:00A0H         PUBLIC        P2
  D:00B0H         PUBLIC        P3
  D:00C0H         PUBLIC        P4
  D:00C8H         PUBLIC        P5
  D:00E8H         PUBLIC        P6
  D:00F8H         PUBLIC        P7
  D:00A8H         PUBLIC        IE
  D:00B8H         PUBLIC        IP
  D:00D8H         PUBLIC        CCON
  C:3E39H         PUBLIC        I2C_Start
  D:0098H         PUBLIC        SCON
  D:0088H         PUBLIC        TCON
  C:3341H         PUBLIC        _Write_PI4IOE5V96248
  C:3E48H         PUBLIC        uC_NACK
  C:3BFEH         PUBLIC        _Wait_ms_i2c
  C:3C74H         PUBLIC        _I2C_SendByte
  C:3DC9H         PUBLIC        I2C_Stop
  C:3EB0H         PUBLIC        nop
  C:3E9FH         PUBLIC        uC_ACK
  C:3D9EH         PUBLIC        I2C_ACK
  B:00C0H.7       PUBLIC        I2C_SDA
  D:00D0H         PUBLIC        PSW
  C:3BF8H         SYMBOL        L?0031
  C:3BFAH         SYMBOL        L?0032
  -------         PROC          L?0030
  -------         ENDPROC       L?0030
  C:3BF8H         SYMBOL        L?0031
  C:3BFAH         SYMBOL        L?0032
BL51 BANKED LINKER/LOCATER V6.22                                                      02/15/2019  11:18:28  PAGE 34


  -------         PROC          _WAIT_MS_I2C
  D:0006H         SYMBOL        ms
  -------         DO            
  D:0004H         SYMBOL        De_Cnt
  -------         ENDDO         
  C:3BFEH         LINE#         7
  C:3BFEH         LINE#         8
  C:3BFEH         LINE#         10
  C:3C08H         LINE#         11
  C:3C08H         LINE#         12
  C:3C1BH         LINE#         13
  C:3C1BH         LINE#         14
  -------         ENDPROC       _WAIT_MS_I2C
  -------         PROC          NOP
  C:3EB0H         LINE#         16
  C:3EB0H         LINE#         17
  C:3EB0H         LINE#         19
  -------         ENDPROC       NOP
  -------         PROC          I2C_START
  C:3E39H         LINE#         20
  C:3E39H         LINE#         21
  C:3E39H         LINE#         23
  C:3E3BH         LINE#         24
  C:3E3DH         LINE#         25
  C:3E40H         LINE#         26
  C:3E42H         LINE#         27
  C:3E45H         LINE#         28
  C:3E47H         LINE#         31
  -------         ENDPROC       I2C_START
  -------         PROC          I2C_STOP
  C:3DC9H         LINE#         33
  C:3DC9H         LINE#         34
  C:3DC9H         LINE#         35
[...]
  C:3926H         LINE#         35
  C:3926H         LINE#         36
  C:3926H         LINE#         37
  C:3926H         LINE#         38
  C:3929H         LINE#         39
  C:392DH         LINE#         42
  C:394CH         LINE#         44
  C:394EH         LINE#         45
  C:3955H         LINE#         46
  C:395CH         LINE#         48
  -------         ENDPROC       AT25SF041_CHIPERASE
  -------         PROC          AT25SF041_WRITEENABLE
  -------         DO            
  X:0379H         SYMBOL        i
  D:0003H         SYMBOL        write_en
  -------         ENDDO         
  C:3A4AH         LINE#         49
  C:3A4AH         LINE#         50
  C:3A4AH         LINE#         53
  C:3A4CH         LINE#         54
  C:3A4EH         LINE#         57
  C:3A55H         LINE#         58
  C:3A55H         LINE#         59
  C:3A57H         LINE#         60
  C:3A5AH         LINE#         61
  C:3A5EH         LINE#         62
  C:3A5EH         LINE#         63
  C:3A60H         LINE#         64
  C:3A62H         LINE#         66
  C:3A62H         LINE#         67
  C:3A64H         LINE#         69
  C:3A64H         LINE#         70
  C:3A64H         LINE#         71
  C:3A64H         LINE#         72
  C:3A67H         LINE#         73
  C:3A6BH         LINE#         76
  C:3A8AH         LINE#         77
  C:3A8CH         LINE#         78
  -------         ENDPROC       AT25SF041_WRITEENABLE
  -------         PROC          _AT25SF041_WRITE
  D:0003H         SYMBOL        opcode
  X:037AH         SYMBOL        addr
  X:037EH         SYMBOL        dat
  -------         DO            
  X:037FH         SYMBOL        i
  -------         ENDDO         
  C:2E5EH         LINE#         83
  C:2E60H         LINE#         84
  C:2E60H         LINE#         85
BL51 BANKED LINKER/LOCATER V6.22                                                      02/15/2019  11:18:28  PAGE 39


  C:2E60H         LINE#         86
  C:2E62H         LINE#         87
  C:2E65H         LINE#         90
  C:2E6CH         LINE#         91
  C:2E6CH         LINE#         92
  C:2E6EH         LINE#         93
  C:2E71H         LINE#         94
  C:2E75H         LINE#         95
  C:2E75H         LINE#         96
  C:2E77H         LINE#         97
  C:2E79H         LINE#         99
  C:2E79H         LINE#         100
  C:2E7BH         LINE#         102
  C:2E7BH         LINE#         103
  C:2E7BH         LINE#         104
  C:2E7BH         LINE#         105
  C:2E7EH         LINE#         106
  C:2E82H         LINE#         109
  C:2EA1H         LINE#         111
  C:2EA8H         LINE#         112
  C:2EA8H         LINE#         113
  C:2EAAH         LINE#         114
  C:2EADH         LINE#         115
  C:2EC6H         LINE#         116
  C:2EC6H         LINE#         117
  C:2EC8H         LINE#         118
  C:2ECAH         LINE#         120
  C:2ECAH         LINE#         121
  C:2ECCH         LINE#         123
  C:2ECCH         LINE#         124
  C:2ECCH         LINE#         125
  C:2ECCH         LINE#         126
  C:2ECFH         LINE#         127
  C:2EE8H         LINE#         129
  C:2F07H         LINE#         131
  C:2F0EH         LINE#         132
  C:2F0EH         LINE#         133
  C:2F10H         LINE#         134
  C:2F13H         LINE#         135
  C:2F1AH         LINE#         136
  C:2F1AH         LINE#         137
  C:2F1CH         LINE#         138
  C:2F1EH         LINE#         140
  C:2F1EH         LINE#         141
  C:2F20H         LINE#         143
  C:2F20H         LINE#         144
  C:2F20H         LINE#         145
  C:2F20H         LINE#         146
  C:2F23H         LINE#         147
  C:2F2AH         LINE#         149
  C:2F49H         LINE#         151
  C:2F4BH         LINE#         152
  -------         ENDPROC       _AT25SF041_WRITE
  -------         PROC          _AT25SF041_READ
  D:0003H         SYMBOL        opcode
  X:037AH         SYMBOL        addr
  -------         DO            
BL51 BANKED LINKER/LOCATER V6.22                                                      02/15/2019  11:18:28  PAGE 40


  X:037EH         SYMBOL        dat
  X:037FH         SYMBOL        i
  -------         ENDDO         
  C:2D58H         LINE#         156
  C:2D5AH         LINE#         157
  C:2D5AH         LINE#         158
  C:2D5FH         LINE#         160
  C:2D61H         LINE#         161
  C:2D67H         LINE#         165
  C:2D6CH         LINE#         166
  C:2D6CH         LINE#         167
  C:2D6EH         LINE#         168
  C:2D71H         LINE#         169
  C:2D75H         LINE#         170
  C:2D75H         LINE#         171
  C:2D77H         LINE#         172
  C:2D79H         LINE#         174
  C:2D79H         LINE#         175
  C:2D7BH         LINE#         177
  C:2D7BH         LINE#         178
  C:2D7BH         LINE#         179
  C:2D7BH         LINE#         180
  C:2D7EH         LINE#         181
  C:2D82H         LINE#         184
  C:2DA1H         LINE#         186
  C:2DA8H         LINE#         187
  C:2DA8H         LINE#         188
  C:2DAAH         LINE#         189
  C:2DADH         LINE#         190
  C:2DC6H         LINE#         191
  C:2DC6H         LINE#         192
  C:2DC8H         LINE#         193
  C:2DCAH         LINE#         195
  C:2DCAH         LINE#         196
  C:2DCCH         LINE#         198
  C:2DCCH         LINE#         199
  C:2DCCH         LINE#         200
  C:2DCCH         LINE#         201
  C:2DCFH         LINE#         202
  C:2DE8H         LINE#         204
  C:2E07H         LINE#         207
  C:2E0EH         LINE#         209
  C:2E10H         LINE#         210
  C:2E17H         LINE#         212
  C:2E1EH         LINE#         213
  C:2E1EH         LINE#         214
  C:2E25H         LINE#         215
  C:2E25H         LINE#         216
  C:2E28H         LINE#         217
  C:2E2AH         LINE#         218
  C:2E2DH         LINE#         220
  C:2E30H         LINE#         221
  C:2E30H         LINE#         223
  C:2E34H         LINE#         224
  C:2E34H         LINE#         230
  C:2E53H         LINE#         233
  C:2E55H         LINE#         234
BL51 BANKED LINKER/LOCATER V6.22                                                      02/15/2019  11:18:28  PAGE 41


  C:2E58H         LINE#         235
  C:2E5DH         LINE#         237
  -------         ENDPROC       _AT25SF041_READ
  -------         PROC          READ_STATUS_REGISTER_BYTE1
  -------         DO            
  D:0003H         SYMBOL        dat
  D:0001H         SYMBOL        opcode
  X:041BH         SYMBOL        count
  X:041CH         SYMBOL        i
  -------         ENDDO         
  C:349AH         LINE#         241
  C:349AH         LINE#         242
  C:349AH         LINE#         243
  C:34A0H         LINE#         244
  C:34A4H         LINE#         245
  C:34A6H         LINE#         246
  C:34A8H         LINE#         247
  C:34AEH         LINE#         251
  C:34B5H         LINE#         252
  C:34B5H         LINE#         253
  C:34B7H         LINE#         254
  C:34BAH         LINE#         255
  C:34BEH         LINE#         256
  C:34BEH         LINE#         257
  C:34C0H         LINE#         258
  C:34C2H         LINE#         260
  C:34C2H         LINE#         261
  C:34C4H         LINE#         263
  C:34C4H         LINE#         264
  C:34C4H         LINE#         265
  C:34C4H         LINE#         266
  C:34C7H         LINE#         267
  C:34CBH         LINE#         270
  C:34EAH         LINE#         274
  C:34F1H         LINE#         276
  C:34F3H         LINE#         277
  C:34FAH         LINE#         278
  C:3501H         LINE#         279
  C:3501H         LINE#         280
  C:3505H         LINE#         281
  C:3505H         LINE#         282
  C:3508H         LINE#         283
  C:350AH         LINE#         284
  C:350DH         LINE#         286
  C:3510H         LINE#         287
  C:3510H         LINE#         289
  C:3514H         LINE#         290
  C:3514H         LINE#         292
  C:3533H         LINE#         296
  C:3535H         LINE#         297
  C:3538H         LINE#         298
  C:353AH         LINE#         299
  -------         ENDPROC       READ_STATUS_REGISTER_BYTE1
  -------         ENDMOD        AT25SF041

  -------         MODULE        ?C_STARTUP
  C:3709H         SEGMENT       ?C_C51STARTUP
BL51 BANKED LINKER/LOCATER V6.22                                                      02/15/2019  11:18:28  PAGE 42


  I:0022H         SEGMENT       ?STACK
  C:0000H         PUBLIC        ?C_STARTUP
  D:00E0H         SYMBOL        ACC
  D:00F0H         SYMBOL        B
  D:0083H         SYMBOL        DPH
  D:0082H         SYMBOL        DPL
  N:0000H         SYMBOL        IBPSTACK
  N:0100H         SYMBOL        IBPSTACKTOP
  N:0080H         SYMBOL        IDATALEN
  C:370CH         SYMBOL        IDATALOOP
  N:0000H         SYMBOL        PBPSTACK
  N:0100H         SYMBOL        PBPSTACKTOP
  N:0000H         SYMBOL        PDATALEN
  N:0000H         SYMBOL        PDATASTART
  N:0000H         SYMBOL        PPAGE
  N:0000H         SYMBOL        PPAGEENABLE
  D:00A0H         SYMBOL        PPAGE_SFR
  D:0081H         SYMBOL        SP
  C:3709H         SYMBOL        STARTUP1
  N:0000H         SYMBOL        XBPSTACK
  N:0000H         SYMBOL        XBPSTACKTOP
  N:0000H         SYMBOL        XDATALEN
  N:0000H         SYMBOL        XDATASTART
  C:0000H         LINE#         126
  C:3709H         LINE#         133
  C:370BH         LINE#         134
  C:370CH         LINE#         135
  C:370DH         LINE#         136
  C:370FH         LINE#         185
  C:3712H         LINE#         196
  -------         ENDMOD        ?C_STARTUP

  -------         MODULE        ?C?FPADD
  C:0B15H         PUBLIC        ?C?FPADD
  C:0B11H         PUBLIC        ?C?FPSUB
  -------         ENDMOD        ?C?FPADD

  -------         MODULE        ?C?FPMUL
  C:0C06H         PUBLIC        ?C?FPMUL
  -------         ENDMOD        ?C?FPMUL

  -------         MODULE        ?C?FPDIV
  C:0D0FH         PUBLIC        ?C?FPDIV
  -------         ENDMOD        ?C?FPDIV

  -------         MODULE        ?C?FPCMP
  C:0DAEH         PUBLIC        ?C?FPCMP
  C:0DACH         PUBLIC        ?C?FPCMP3
  -------         ENDMOD        ?C?FPCMP

  -------         MODULE        ?C?FPNEG
  C:0E25H         PUBLIC        ?C?FPNEG
  -------         ENDMOD        ?C?FPNEG

  -------         MODULE        ?C?FCAST
  C:0E40H         PUBLIC        ?C?FCASTC
  C:0E3BH         PUBLIC        ?C?FCASTI
BL51 BANKED LINKER/LOCATER V6.22                                                      02/15/2019  11:18:28  PAGE 43


  C:0E36H         PUBLIC        ?C?FCASTL
  -------         ENDMOD        ?C?FCAST

  -------         MODULE        ?C?CASTF
  C:0E74H         PUBLIC        ?C?CASTF
  -------         ENDMOD        ?C?CASTF

  -------         MODULE        ATAN2
  X:03E3H         PUBLIC        ?_atan2?BYTE
  C:353BH         PUBLIC        _atan2
  -------         ENDMOD        ATAN2

  -------         MODULE        SIN
  C:2984H         PUBLIC        _COS
  C:299AH         PUBLIC        _SIN
  C:29D6H         PUBLIC        _TAN
  -------         ENDMOD        SIN

  -------         MODULE        ACOS
  C:3A00H         PUBLIC        _ACOS
  -------         ENDMOD        ACOS

  -------         MODULE        ASIN
  C:3B57H         PUBLIC        _ASIN
  -------         ENDMOD        ASIN

  -------         MODULE        SQRT
  C:33F2H         PUBLIC        _SQRT
  -------         ENDMOD        SQRT

  -------         MODULE        ATAN
  C:2C56H         PUBLIC        _ATAN
  -------         ENDMOD        ATAN

  -------         MODULE        ?C?COPY
  C:1012H         PUBLIC        ?C?COPY
  -------         ENDMOD        ?C?COPY

  -------         MODULE        ?C?CLDPTR
  C:1038H         PUBLIC        ?C?CLDPTR
  -------         ENDMOD        ?C?CLDPTR

  -------         MODULE        ?C?CLDOPTR
  C:1051H         PUBLIC        ?C?CLDOPTR
  -------         ENDMOD        ?C?CLDOPTR

  -------         MODULE        ?C?CSTPTR
  C:107EH         PUBLIC        ?C?CSTPTR
  -------         ENDMOD        ?C?CSTPTR

  -------         MODULE        ?C?IMUL
  C:1090H         PUBLIC        ?C?IMUL
  -------         ENDMOD        ?C?IMUL

  -------         MODULE        ?C?UIDIV
  C:10A2H         PUBLIC        ?C?UIDIV
  -------         ENDMOD        ?C?UIDIV
BL51 BANKED LINKER/LOCATER V6.22                                                      02/15/2019  11:18:28  PAGE 44



  -------         MODULE        ?C?SIDIV
  C:10F7H         PUBLIC        ?C?SIDIV
  -------         ENDMOD        ?C?SIDIV

  -------         MODULE        ?C?ILDIX
  C:112DH         PUBLIC        ?C?ILDIX
  -------         ENDMOD        ?C?ILDIX

  -------         MODULE        ?C?ILDOPTR
  C:1143H         PUBLIC        ?C?ILDOPTR
  -------         ENDMOD        ?C?ILDOPTR

  -------         MODULE        ?C?LMUL
  C:117BH         PUBLIC        ?C?LMUL
  -------         ENDMOD        ?C?LMUL

  -------         MODULE        ?C?SLDIV
  C:3A93H         PUBLIC        ?C?SLDIV
  -------         ENDMOD        ?C?SLDIV

  -------         MODULE        ?C?LNEG
  C:11CAH         PUBLIC        ?C?LNEG
  -------         ENDMOD        ?C?LNEG

  -------         MODULE        ?C?ULCMP
  C:11D8H         PUBLIC        ?C?ULCMP
  -------         ENDMOD        ?C?ULCMP

  -------         MODULE        ?C?LSHL
  C:11E9H         PUBLIC        ?C?LSHL
  -------         ENDMOD        ?C?LSHL

  -------         MODULE        ?C?LLDPTR
  C:11FCH         PUBLIC        ?C?LLDPTR
  -------         ENDMOD        ?C?LLDPTR

  -------         MODULE        ?C?LLDOPTR
  C:121CH         PUBLIC        ?C?LLDOPTR
  -------         ENDMOD        ?C?LLDOPTR

  -------         MODULE        ?C?LSTPTR
  C:124CH         PUBLIC        ?C?LSTPTR
  -------         ENDMOD        ?C?LSTPTR

  -------         MODULE        ?C?LSTOPTR
  C:1266H         PUBLIC        ?C?LSTOPTR
  -------         ENDMOD        ?C?LSTOPTR

  -------         MODULE        ?C?LLDXDATA
  C:128AH         PUBLIC        ?C?LLDXDATA
  -------         ENDMOD        ?C?LLDXDATA

  -------         MODULE        ?C?LLDCODE
  C:1296H         PUBLIC        ?C?LLDCODE
  -------         ENDMOD        ?C?LLDCODE

BL51 BANKED LINKER/LOCATER V6.22                                                      02/15/2019  11:18:28  PAGE 45


  -------         MODULE        ?C?LLDXDATA0
  C:12A6H         PUBLIC        ?C?LLDXDATA0
  -------         ENDMOD        ?C?LLDXDATA0

  -------         MODULE        ?C?LLDCODE0
  C:12B2H         PUBLIC        ?C?LLDCODE0
  -------         ENDMOD        ?C?LLDCODE0

  -------         MODULE        ?C?LLDPTR0
  C:12C2H         PUBLIC        ?C?LLDPTR0
  -------         ENDMOD        ?C?LLDPTR0

  -------         MODULE        ?C?LSTXDATA
  C:12E2H         PUBLIC        ?C?LSTXDATA
  -------         ENDMOD        ?C?LSTXDATA

  -------         MODULE        ?C?LSTKXDATA
  C:12EEH         PUBLIC        ?C?LSTKXDATA
  -------         ENDMOD        ?C?LSTKXDATA

  -------         MODULE        ABS
  C:3E7FH         PUBLIC        _ABS
  -------         ENDMOD        ABS

  -------         MODULE        ATOI
  C:3036H         PUBLIC        _atoi
  -------         ENDMOD        ATOI

  -------         MODULE        ?C?IILDX
  C:131FH         PUBLIC        ?C?IILDX
  -------         ENDMOD        ?C?IILDX

  -------         MODULE        ?C?ULDIV
  C:1371H         PUBLIC        ?C?ULDIV
  -------         ENDMOD        ?C?ULDIV

  -------         MODULE        ?C?LLDIDATA
  C:1403H         PUBLIC        ?C?LLDIDATA
  -------         ENDMOD        ?C?LLDIDATA

  -------         MODULE        ?C?LLDPDATA
  C:140FH         PUBLIC        ?C?LLDPDATA
  -------         ENDMOD        ?C?LLDPDATA

  -------         MODULE        ?C?LLDIDATA0
  C:141BH         PUBLIC        ?C?LLDIDATA0
  -------         ENDMOD        ?C?LLDIDATA0

  -------         MODULE        ?C?LLDPDATA0
  C:1428H         PUBLIC        ?C?LLDPDATA0
  -------         ENDMOD        ?C?LLDPDATA0

  -------         MODULE        ?C?LSTIDATA
  C:1435H         PUBLIC        ?C?LSTIDATA
  -------         ENDMOD        ?C?LSTIDATA

  -------         MODULE        ?C?LSTPDATA
BL51 BANKED LINKER/LOCATER V6.22                                                      02/15/2019  11:18:28  PAGE 46


  C:1441H         PUBLIC        ?C?LSTPDATA
  -------         ENDMOD        ?C?LSTPDATA

  -------         MODULE        ISDIGIT
  C:3E57H         PUBLIC        _isdigit
  -------         ENDMOD        ISDIGIT

  -------         MODULE        ISSPACE
  C:3DF2H         PUBLIC        _isspace
  -------         ENDMOD        ISSPACE

*** WARNING L16: UNCALLED SEGMENT, IGNORED FOR OVERLAY PROCESS
    SEGMENT: ?PR?_DISPLAY_PROX?MAIN

*** WARNING L16: UNCALLED SEGMENT, IGNORED FOR OVERLAY PROCESS
    SEGMENT: ?PR?_READ_TIME?PCF85063BTL

*** WARNING L16: UNCALLED SEGMENT, IGNORED FOR OVERLAY PROCESS
    SEGMENT: ?PR?_DAY_OF_YEAR?PCF85063BTL

*** WARNING L16: UNCALLED SEGMENT, IGNORED FOR OVERLAY PROCESS
    SEGMENT: ?PR?INITUART1?UART1

*** WARNING L16: UNCALLED SEGMENT, IGNORED FOR OVERLAY PROCESS
    SEGMENT: ?PR?_SENDSTRING?UART1

*** WARNING L16: UNCALLED SEGMENT, IGNORED FOR OVERLAY PROCESS
    SEGMENT: ?PR?_TEN?UART1

*** WARNING L16: UNCALLED SEGMENT, IGNORED FOR OVERLAY PROCESS
    SEGMENT: ?PR?_UNIT?UART1

*** WARNING L16: UNCALLED SEGMENT, IGNORED FOR OVERLAY PROCESS
    SEGMENT: ?PR?_DECTOBCD?UART1

*** WARNING L16: UNCALLED SEGMENT, IGNORED FOR OVERLAY PROCESS
    SEGMENT: ?PR?_ASCII_LETTER?UART1

*** WARNING L16: UNCALLED SEGMENT, IGNORED FOR OVERLAY PROCESS
    SEGMENT: ?PR?_ASCIITOBCD?UART1

*** WARNING L16: UNCALLED SEGMENT, IGNORED FOR OVERLAY PROCESS
    SEGMENT: ?PR?_DISPLAYLCD?LCD_DRIVER_SPLC780D

*** WARNING L16: UNCALLED SEGMENT, IGNORED FOR OVERLAY PROCESS
    SEGMENT: ?PR?LCD_RETURN_HOME?LCD_DRIVER_SPLC780D

*** WARNING L16: UNCALLED SEGMENT, IGNORED FOR OVERLAY PROCESS
    SEGMENT: ?PR?KEY_PROCESS?KEYPAD

*** WARNING L16: UNCALLED SEGMENT, IGNORED FOR OVERLAY PROCESS
    SEGMENT: ?PR?WAIT?BIPOLARMOTOR

*** WARNING L16: UNCALLED SEGMENT, IGNORED FOR OVERLAY PROCESS
    SEGMENT: ?PR?_FINDDET4X4?BIPOLARMOTOR

*** WARNING L16: UNCALLED SEGMENT, IGNORED FOR OVERLAY PROCESS
BL51 BANKED LINKER/LOCATER V6.22                                                      02/15/2019  11:18:28  PAGE 47


    SEGMENT: ?PR?_CALIBRATION?CALIBRATION

*** WARNING L16: UNCALLED SEGMENT, IGNORED FOR OVERLAY PROCESS
    SEGMENT: ?PR?NOP?IOEXPANDER_PI4IOE5V96248

*** WARNING L16: UNCALLED SEGMENT, IGNORED FOR OVERLAY PROCESS
    SEGMENT: ?PR?UC_ACK?IOEXPANDER_PI4IOE5V96248

*** WARNING L16: UNCALLED SEGMENT, IGNORED FOR OVERLAY PROCESS
    SEGMENT: ?PR?UC_NACK?IOEXPANDER_PI4IOE5V96248

*** WARNING L16: UNCALLED SEGMENT, IGNORED FOR OVERLAY PROCESS
    SEGMENT: ?PR?AT25SF041_CHIPERASE?AT25SF041

*** WARNING L1: UNRESOLVED EXTERNAL SYMBOL
    SYMBOL:  AUTO_MODE
    MODULE:  .\Obj\main.obj (MAIN)

*** WARNING L2: REFERENCE MADE TO UNRESOLVED EXTERNAL
    SYMBOL:  AUTO_MODE
    MODULE:  .\Obj\main.obj (MAIN)
    ADDRESS: 241CH

*** WARNING L1: UNRESOLVED EXTERNAL SYMBOL
    SYMBOL:  _SENDUART1
    MODULE:  .\Obj\UART1.obj (UART1)

*** WARNING L2: REFERENCE MADE TO UNRESOLVED EXTERNAL
    SYMBOL:  _SENDUART1
    MODULE:  .\Obj\UART1.obj (UART1)
    ADDRESS: 3BC0H

*** WARNING L1: UNRESOLVED EXTERNAL SYMBOL
    SYMBOL:  AUTO_MODE
    MODULE:  .\Obj\KeyPad.obj (KEYPAD)

*** WARNING L2: REFERENCE MADE TO UNRESOLVED EXTERNAL
    SYMBOL:  AUTO_MODE
    MODULE:  .\Obj\KeyPad.obj (KEYPAD)
    ADDRESS: 21ADH

*** WARNING L2: REFERENCE MADE TO UNRESOLVED EXTERNAL
    SYMBOL:  AUTO_MODE
    MODULE:  .\Obj\KeyPad.obj (KEYPAD)
    ADDRESS: 21B8H

*** WARNING L2: REFERENCE MADE TO UNRESOLVED EXTERNAL
    SYMBOL:  AUTO_MODE
    MODULE:  .\Obj\KeyPad.obj (KEYPAD)
    ADDRESS: 21BFH

Program Size: data=10.5 xdata=1060 code=16049
LINK/LOCATE RUN COMPLETE.  28 WARNING(S),  0 ERROR(S)
