BL51 BANKED LINKER/LOCATER V6.22                                                        01/14/2019  17:52:13  PAGE 1


BL51 BANKED LINKER/LOCATER V6.22, INVOKED BY:
C:\KEIL_V5\C51\BIN\BL51.EXE .\Obj\main.obj, .\Obj\PCF85063BTL.obj, .\Obj\UART1.obj, .\Obj\LCd_Driver_SPLC780D.obj, .\Obj
>> \KeyPad.obj, .\Obj\BipolarMotor.obj, .\Obj\SunPos.obj, .\Obj\ADC.obj, .\Obj\Calibration.obj, .\Obj\IOExpander_PI4IOE5
>> V96248.obj, .\Obj\STARTUP.obj TO .\Obj\GPIO_RTC_Test PRINT (.\Lis\GPIO_RTC_Test.m51) RAMSIZE (256)


MEMORY MODEL: LARGE WITH FLOATING POINT ARITHMETIC


INPUT MODULES INCLUDED:
  .\Obj\main.obj (MAIN)
  .\Obj\PCF85063BTL.obj (PCF85063BTL)
  .\Obj\UART1.obj (UART1)
  .\Obj\LCd_Driver_SPLC780D.obj (LCD_DRIVER_SPLC780D)
  .\Obj\KeyPad.obj (KEYPAD)
  .\Obj\BipolarMotor.obj (BIPOLARMOTOR)
  .\Obj\SunPos.obj (SUNPOS)
  .\Obj\ADC.obj (ADC)
  .\Obj\Calibration.obj (CALIBRATION)
  .\Obj\IOExpander_PI4IOE5V96248.obj (IOEXPANDER_PI4IOE5V96248)
  .\Obj\STARTUP.obj (?C_STARTUP)
  C:\KEIL_V5\C51\LIB\C51FPL.LIB (?C?FPADD)
  C:\KEIL_V5\C51\LIB\C51FPL.LIB (?C?FPMUL)
  C:\KEIL_V5\C51\LIB\C51FPL.LIB (?C?FPDIV)
  C:\KEIL_V5\C51\LIB\C51FPL.LIB (?C?FPCMP)
  C:\KEIL_V5\C51\LIB\C51FPL.LIB (?C?FPNEG)
  C:\KEIL_V5\C51\LIB\C51FPL.LIB (?C?FCAST)
  C:\KEIL_V5\C51\LIB\C51FPL.LIB (?C?CASTF)
  C:\KEIL_V5\C51\LIB\C51FPL.LIB (ATAN2)
  C:\KEIL_V5\C51\LIB\C51FPL.LIB (SIN)
  C:\KEIL_V5\C51\LIB\C51FPL.LIB (ACOS)
  C:\KEIL_V5\C51\LIB\C51FPL.LIB (ASIN)
  C:\KEIL_V5\C51\LIB\C51FPL.LIB (?C?FPGETOPN)
  C:\KEIL_V5\C51\LIB\C51FPL.LIB (?C?FPSERIES)
  C:\KEIL_V5\C51\LIB\C51FPL.LIB (SQRT)
  C:\KEIL_V5\C51\LIB\C51FPL.LIB (ATAN)
  C:\KEIL_V5\C51\LIB\C51L.LIB (?C_INIT)
  C:\KEIL_V5\C51\LIB\C51L.LIB (?C?COPY)
  C:\KEIL_V5\C51\LIB\C51L.LIB (?C?CLDPTR)
  C:\KEIL_V5\C51\LIB\C51L.LIB (?C?CLDOPTR)
  C:\KEIL_V5\C51\LIB\C51L.LIB (?C?CSTPTR)
  C:\KEIL_V5\C51\LIB\C51L.LIB (?C?IMUL)
  C:\KEIL_V5\C51\LIB\C51L.LIB (?C?UIDIV)
  C:\KEIL_V5\C51\LIB\C51L.LIB (?C?SIDIV)
  C:\KEIL_V5\C51\LIB\C51L.LIB (?C?ILDIX)
  C:\KEIL_V5\C51\LIB\C51L.LIB (?C?ILDOPTR)
  C:\KEIL_V5\C51\LIB\C51L.LIB (?C?LMUL)
  C:\KEIL_V5\C51\LIB\C51L.LIB (?C?SLDIV)
  C:\KEIL_V5\C51\LIB\C51L.LIB (?C?LNEG)
  C:\KEIL_V5\C51\LIB\C51L.LIB (?C?LLDPTR)
  C:\KEIL_V5\C51\LIB\C51L.LIB (?C?LLDOPTR)
  C:\KEIL_V5\C51\LIB\C51L.LIB (?C?LSTPTR)
  C:\KEIL_V5\C51\LIB\C51L.LIB (?C?LSTOPTR)
  C:\KEIL_V5\C51\LIB\C51L.LIB (?C?LLDXDATA)
  C:\KEIL_V5\C51\LIB\C51L.LIB (?C?LLDCODE)
  C:\KEIL_V5\C51\LIB\C51L.LIB (?C?LLDXDATA0)
  C:\KEIL_V5\C51\LIB\C51L.LIB (?C?LLDCODE0)
  C:\KEIL_V5\C51\LIB\C51L.LIB (?C?LLDPTR0)
BL51 BANKED LINKER/LOCATER V6.22                                                      01/14/2019  17:52:13  PAGE 2


  C:\KEIL_V5\C51\LIB\C51L.LIB (?C?LSTXDATA)
  C:\KEIL_V5\C51\LIB\C51L.LIB (?C?LSTKXDATA)
  C:\KEIL_V5\C51\LIB\C51L.LIB (?C?OFFXADD)
  C:\KEIL_V5\C51\LIB\C51L.LIB (ABS)
  C:\KEIL_V5\C51\LIB\C51L.LIB (ATOI)
  C:\KEIL_V5\C51\LIB\C51L.LIB (?C?IILDX)
  C:\KEIL_V5\C51\LIB\C51L.LIB (?C?ULDIV)
  C:\KEIL_V5\C51\LIB\C51L.LIB (?C?LLDIDATA)
  C:\KEIL_V5\C51\LIB\C51L.LIB (?C?LLDPDATA)
  C:\KEIL_V5\C51\LIB\C51L.LIB (?C?LLDIDATA0)
  C:\KEIL_V5\C51\LIB\C51L.LIB (?C?LLDPDATA0)
  C:\KEIL_V5\C51\LIB\C51L.LIB (?C?LSTIDATA)
  C:\KEIL_V5\C51\LIB\C51L.LIB (?C?LSTPDATA)
  C:\KEIL_V5\C51\LIB\C51L.LIB (ISDIGIT)
  C:\KEIL_V5\C51\LIB\C51L.LIB (ISSPACE)


LINK MAP OF MODULE:  .\Obj\GPIO_RTC_Test (MAIN)


            TYPE    BASE      LENGTH    RELOCATION   SEGMENT NAME
            -----------------------------------------------------

            * * * * * * *   D A T A   M E M O R Y   * * * * * * *
            REG     0000H     0008H     ABSOLUTE     "REG BANK 0"
            REG     0008H     0008H     ABSOLUTE     "REG BANK 1"
                    0010H     0010H                  *** GAP ***
            BIT     0020H.0   0000H.5   UNIT         ?BI?KEYPAD
            BIT     0020H.5   0000H.4   UNIT         _BIT_GROUP_
            BIT     0021H.1   0000H.1   UNIT         ?BI?MAIN
                    0021H.2   0000H.6                *** GAP ***
            IDATA   0022H     0001H     UNIT         ?STACK

            * * * * * * *  X D A T A   M E M O R Y  * * * * * * *
            XDATA   0000H     03C7H     UNIT         ?XD?BIPOLARMOTOR
            XDATA   03C7H     0137H     UNIT         _XDATA_GROUP_
            XDATA   04FEH     00EDH     UNIT         ?XD?MAIN
            XDATA   05EBH     0040H     UNIT         ?XD?_FINDDET4X4?BIPOLARMOTOR
            XDATA   062BH     0024H     UNIT         ?XD?_FINDDET3X3?BIPOLARMOTOR
            XDATA   064FH     001EH     UNIT         ?XD?_CALIB_INTERPOLATE?MAIN
            XDATA   066DH     0009H     UNIT         ?XD?KEYPAD
            XDATA   0676H     0004H     UNIT         ?XD?_DISPLAY_PROX?MAIN
            XDATA   067AH     0003H     UNIT         ?XD?_SENDSTRING?UART1
            XDATA   067DH     0001H     UNIT         ?XD?UC_ACK?IOEXPANDER_PI4IOE5V96248
            XDATA   067EH     0001H     UNIT         ?XD?UC_NACK?IOEXPANDER_PI4IOE5V96248

            * * * * * * *   C O D E   M E M O R Y   * * * * * * *
            CODE    0000H     0003H     ABSOLUTE     
            CODE    0003H     0006H     UNIT         ?PR?_TEN?UART1
            CODE    0009H     0001H     UNIT         ?PR?_DECTOBCD?UART1
            CODE    000AH     0001H     UNIT         ?PR?WAIT?BIPOLARMOTOR
            CODE    000BH     0003H     ABSOLUTE     
            CODE    000EH     0015H     UNIT         ?PR?_DISPLAY_LINE?LCD_DRIVER_SPLC780D
            CODE    0023H     0003H     ABSOLUTE     
            CODE    0026H     0927H     UNIT         ?C?LIB_CODE
            CODE    094DH     07DBH     UNIT         ?PR?_UPDATE_POSITION?BIPOLARMOTOR
            CODE    1128H     07A2H     UNIT         ?PR?SUNPOS?SUNPOS
BL51 BANKED LINKER/LOCATER V6.22                                                      01/14/2019  17:52:13  PAGE 3


            CODE    18CAH     0423H     UNIT         ?C_INITSEG
            CODE    1CEDH     0393H     UNIT         ?PR?MAIN?MAIN
            CODE    2080H     02C0H     UNIT         ?PR?_FINDDET4X4?BIPOLARMOTOR
            CODE    2340H     02A0H     UNIT         ?PR?KEY_PROCESS?KEYPAD
            CODE    25E0H     01FFH     UNIT         ?PR?_FIND_REAL_MAX?CALIBRATION
            CODE    27DFH     01D1H     UNIT         ?PR?_FINDDET3X3?BIPOLARMOTOR
            CODE    29B0H     01B5H     UNIT         ?PR?_DISPLAY_POS?MAIN
            CODE    2B65H     01A1H     UNIT         ?PR?_CALIB_INTERPOLATE?MAIN
            CODE    2D06H     018DH     UNIT         ?PR?KEY_SCAN?KEYPAD
            CODE    2E93H     0188H     UNIT         ?PR?SIN?SIN
            CODE    301BH     0122H     UNIT         ?PR?ATAN?ATAN
            CODE    313DH     00DBH     UNIT         ?PR?_ATOI?ATOI
            CODE    3218H     00C8H     UNIT         ?PR?_CALIBRATION?CALIBRATION
            CODE    32E0H     00BBH     UNIT         ?PR?VOLTAGE_IS_STABLE?CALIBRATION
            CODE    339BH     00B1H     UNIT         ?PR?LINEAR_INTERPOLATE?BIPOLARMOTOR
            CODE    344CH     00ADH     UNIT         ?PR?_WRITE_PI4IOE5V96248?IOEXPANDER_PI4IOE5V96248
            CODE    34F9H     00ACH     UNIT         ?PR?SQRT?SQRT
            CODE    35A5H     009DH     UNIT         ?PR?_ATAN2?ATAN2
            CODE    3642H     009BH     UNIT         ?PR?UART?MAIN
            CODE    36DDH     0095H     UNIT         ?PR?_DISPLAY_PROX?MAIN
            CODE    3772H     0093H     UNIT         ?PR?_MAX_VALUE?CALIBRATION
            CODE    3805H     008CH     UNIT         ?C_C51STARTUP
            CODE    3891H     0084H     UNIT         ?PR?_DAY_OF_YEAR?PCF85063BTL
            CODE    3915H     0075H     UNIT         ?PR?_WRITEDATA?LCD_DRIVER_SPLC780D
            CODE    398AH     006FH     UNIT         ?PR?_READ_TIME?PCF85063BTL
            CODE    39F9H     0059H     UNIT         ?PR?LCD_INIT?LCD_DRIVER_SPLC780D
            CODE    3A52H     004BH     UNIT         ?PR?VONESTEPMOVE?BIPOLARMOTOR
            CODE    3A9DH     004AH     UNIT         ?PR?ACOS?ACOS
            CODE    3AE7H     0044H     UNIT         ?C?LDIV
            CODE    3B2BH     0040H     UNIT         ?PR?_COMMAND?LCD_DRIVER_SPLC780D
            CODE    3B6BH     0040H     UNIT         ?PR?_STEP_MOVE?BIPOLARMOTOR
            CODE    3BABH     003BH     UNIT         ?PR?ASIN?ASIN
            CODE    3BE6H     0034H     UNIT         ?PR?_MOVE?BIPOLARMOTOR
            CODE    3C1AH     0033H     UNIT         ?PR?_SENDSTRING?UART1
            CODE    3C4DH     002BH     UNIT         ?PR?_WAIT_MS_I2C?IOEXPANDER_PI4IOE5V96248
            CODE    3C78H     0027H     UNIT         ?PR?_I2C_SENDBYTE?IOEXPANDER_PI4IOE5V96248
            CODE    3C9FH     0026H     UNIT         ?PR?_ADC_GETRESULT?ADC
            CODE    3CC5H     0024H     UNIT         ?PR?_WAIT_MS?LCD_DRIVER_SPLC780D
            CODE    3CE9H     0020H     UNIT         ?PR?_SPI_SENDBYTE?PCF85063BTL
            CODE    3D09H     0020H     UNIT         ?PR?SPI_RECEIVEBYTE?PCF85063BTL
            CODE    3D29H     001EH     UNIT         ?PR?_DELAY_MS?KEYPAD
            CODE    3D47H     001DH     UNIT         ?PR?_DISPLAYLCD?LCD_DRIVER_SPLC780D
            CODE    3D64H     001BH     UNIT         ?PR?TM0_ISR?MAIN
            CODE    3D7FH     001BH     UNIT         ?PR?_BCDTODEC1?BIPOLARMOTOR
            CODE    3D9AH     0018H     UNIT         ?PR?_SPI_WRITETIME?PCF85063BTL
            CODE    3DB2H     0017H     UNIT         ?PR?_ASCIITOBCD?UART1
            CODE    3DC9H     0017H     UNIT         ?PR?ADC_INIT?ADC
            CODE    3DE0H     0016H     UNIT         ?PR?I2C_ACK?IOEXPANDER_PI4IOE5V96248
            CODE    3DF6H     0015H     UNIT         ?PR?I2C_STOP?IOEXPANDER_PI4IOE5V96248
            CODE    3E0BH     0014H     UNIT         ?PR?_PCF85063BTL_DELAY?PCF85063BTL
            CODE    3E1FH     0014H     UNIT         ?PR?_ISSPACE?ISSPACE
            CODE    3E33H     0011H     UNIT         ?PR?_SPI_READTIME?PCF85063BTL
            CODE    3E44H     0011H     UNIT         ?PR?_BCDTODEC?PCF85063BTL
            CODE    3E55H     0011H     UNIT         ?PR?INITUART1?UART1
            CODE    3E66H     000FH     UNIT         ?PR?I2C_START?IOEXPANDER_PI4IOE5V96248
            CODE    3E75H     000FH     UNIT         ?PR?UC_NACK?IOEXPANDER_PI4IOE5V96248
            CODE    3E84H     000FH     UNIT         ?PR?_ISDIGIT?ISDIGIT
BL51 BANKED LINKER/LOCATER V6.22                                                      01/14/2019  17:52:13  PAGE 4


            CODE    3E93H     000DH     UNIT         ?PR?SPI_INIT?PCF85063BTL
            CODE    3EA0H     000CH     UNIT         ?PR?KEYPAD_IO_INIT?KEYPAD
            CODE    3EACH     000CH     UNIT         ?PR?_ABS?ABS
            CODE    3EB8H     000AH     UNIT         ?PR?LCD_RETURN_HOME?LCD_DRIVER_SPLC780D
            CODE    3EC2H     000AH     UNIT         ?PR?LCD_CLEAR?LCD_DRIVER_SPLC780D
            CODE    3ECCH     0009H     UNIT         ?PR?_SENDUART1?MAIN
            CODE    3ED5H     0006H     UNIT         ?PR?UC_ACK?IOEXPANDER_PI4IOE5V96248
            CODE    3EDBH     0005H     UNIT         ?PR?_UNIT?UART1
            CODE    3EE0H     0005H     UNIT         ?PR?_ASCII_LETTER?UART1
            CODE    3EE5H     0001H     UNIT         ?PR?NOP?IOEXPANDER_PI4IOE5V96248



OVERLAY MAP OF MODULE:   .\Obj\GPIO_RTC_Test (MAIN)


SEGMENT                                             BIT_GROUP          XDATA_GROUP
  +--> CALLED SEGMENT                            START    LENGTH     START    LENGTH
------------------------------------------------------------------------------------
?PR?UART?MAIN                                    -----    -----      -----    -----
  +--> ?PR?_ASCIITOBCD?UART1

?PR?_ASCIITOBCD?UART1                            -----    -----      -----    -----
  +--> ?PR?_ATOI?ATOI

?PR?_ATOI?ATOI                                   0020H.5  0000H.1    03C7H    0005H
  +--> ?PR?_ISSPACE?ISSPACE
  +--> ?PR?_ISDIGIT?ISDIGIT

*** NEW ROOT ***************************************************

?C_C51STARTUP                                    -----    -----      -----    -----
  +--> ?PR?MAIN?MAIN
  +--> ?C_INITSEG

?PR?MAIN?MAIN                                    -----    -----      03CCH    000AH
  +--> ?PR?LCD_INIT?LCD_DRIVER_SPLC780D
  +--> ?PR?SPI_INIT?PCF85063BTL
  +--> ?PR?KEYPAD_IO_INIT?KEYPAD
  +--> ?PR?ADC_INIT?ADC
  +--> ?PR?_DELAY_MS?KEYPAD
  +--> ?PR?_DISPLAY_LINE?LCD_DRIVER_SPLC780D
  +--> ?PR?_WRITEDATA?LCD_DRIVER_SPLC780D
  +--> ?PR?KEY_PROCESS?KEYPAD
  +--> ?PR?_COMMAND?LCD_DRIVER_SPLC780D
  +--> ?PR?_DISPLAY_POS?MAIN
  +--> ?PR?_DISPLAYLCD?LCD_DRIVER_SPLC780D
  +--> ?PR?_STEP_MOVE?BIPOLARMOTOR
  +--> ?PR?LCD_RETURN_HOME?LCD_DRIVER_SPLC780D
  +--> ?PR?_READ_TIME?PCF85063BTL
  +--> ?PR?_DAY_OF_YEAR?PCF85063BTL
  +--> ?PR?_BCDTODEC1?BIPOLARMOTOR
  +--> ?PR?_CALIBRATION?CALIBRATION

?PR?LCD_INIT?LCD_DRIVER_SPLC780D                 -----    -----      -----    -----
  +--> ?PR?_WAIT_MS?LCD_DRIVER_SPLC780D
  +--> ?PR?_COMMAND?LCD_DRIVER_SPLC780D
BL51 BANKED LINKER/LOCATER V6.22                                                      01/14/2019  17:52:13  PAGE 5



?PR?_COMMAND?LCD_DRIVER_SPLC780D                 -----    -----      -----    -----
  +--> ?PR?_WAIT_MS?LCD_DRIVER_SPLC780D

?PR?ADC_INIT?ADC                                 -----    -----      -----    -----
  +--> ?PR?_WAIT_MS?LCD_DRIVER_SPLC780D

?PR?_DISPLAY_LINE?LCD_DRIVER_SPLC780D            -----    -----      -----    -----
  +--> ?PR?_COMMAND?LCD_DRIVER_SPLC780D

?PR?_WRITEDATA?LCD_DRIVER_SPLC780D               -----    -----      03E0H    0001H
  +--> ?PR?_WAIT_MS?LCD_DRIVER_SPLC780D

?PR?KEY_PROCESS?KEYPAD                           -----    -----      03D6H    0006H
  +--> ?PR?KEY_SCAN?KEYPAD
  +--> ?PR?_SPI_WRITETIME?PCF85063BTL
  +--> ?PR?LCD_CLEAR?LCD_DRIVER_SPLC780D
  +--> ?PR?_COMMAND?LCD_DRIVER_SPLC780D
  +--> ?PR?_WRITEDATA?LCD_DRIVER_SPLC780D

?PR?KEY_SCAN?KEYPAD                              -----    -----      03DCH    0003H

?PR?_SPI_WRITETIME?PCF85063BTL                   -----    -----      -----    -----
  +--> ?PR?_SPI_SENDBYTE?PCF85063BTL

?PR?_SPI_SENDBYTE?PCF85063BTL                    -----    -----      -----    -----
  +--> ?PR?_PCF85063BTL_DELAY?PCF85063BTL

?PR?LCD_CLEAR?LCD_DRIVER_SPLC780D                -----    -----      -----    -----
  +--> ?PR?_COMMAND?LCD_DRIVER_SPLC780D

?PR?_DISPLAY_POS?MAIN                            -----    -----      03D6H    000AH
  +--> ?PR?_ABS?ABS
  +--> ?PR?_WRITEDATA?LCD_DRIVER_SPLC780D

?PR?_DISPLAYLCD?LCD_DRIVER_SPLC780D              -----    -----      03D6H    0001H
  +--> ?PR?_WRITEDATA?LCD_DRIVER_SPLC780D

?PR?_STEP_MOVE?BIPOLARMOTOR                      0020H.7  0000H.1    0499H    0004H
  +--> ?PR?VONESTEPMOVE?BIPOLARMOTOR

?PR?VONESTEPMOVE?BIPOLARMOTOR                    0021H.0  0000H.1    -----    -----
  +--> ?PR?_WRITE_PI4IOE5V96248?IOEXPANDER_P...
  +--> ?PR?_DELAY_MS?KEYPAD

?PR?_WRITE_PI4IOE5V96248?IOEXPANDER_P...         -----    -----      049DH    0003H
  +--> ?PR?I2C_START?IOEXPANDER_PI4IOE5V96248
  +--> ?PR?_WAIT_MS_I2C?IOEXPANDER_PI4IOE5V9...
  +--> ?PR?_I2C_SENDBYTE?IOEXPANDER_PI4IOE5V...
  +--> ?PR?I2C_ACK?IOEXPANDER_PI4IOE5V96248
  +--> ?PR?I2C_STOP?IOEXPANDER_PI4IOE5V96248

?PR?I2C_START?IOEXPANDER_PI4IOE5V96248           -----    -----      -----    -----
  +--> ?PR?_WAIT_MS_I2C?IOEXPANDER_PI4IOE5V9...

?PR?_I2C_SENDBYTE?IOEXPANDER_PI4IOE5V...         -----    -----      -----    -----
  +--> ?PR?_WAIT_MS_I2C?IOEXPANDER_PI4IOE5V9...
BL51 BANKED LINKER/LOCATER V6.22                                                      01/14/2019  17:52:13  PAGE 6



?PR?I2C_ACK?IOEXPANDER_PI4IOE5V96248             -----    -----      04A0H    0001H
  +--> ?PR?_WAIT_MS_I2C?IOEXPANDER_PI4IOE5V9...

?PR?I2C_STOP?IOEXPANDER_PI4IOE5V96248            -----    -----      -----    -----
  +--> ?PR?_WAIT_MS_I2C?IOEXPANDER_PI4IOE5V9...

?PR?LCD_RETURN_HOME?LCD_DRIVER_SPLC780D          -----    -----      -----    -----
  +--> ?PR?_COMMAND?LCD_DRIVER_SPLC780D

?PR?_READ_TIME?PCF85063BTL                       -----    -----      03D6H    000FH
  +--> ?PR?_SPI_READTIME?PCF85063BTL

?PR?_SPI_READTIME?PCF85063BTL                    -----    -----      -----    -----
  +--> ?PR?_SPI_SENDBYTE?PCF85063BTL
  +--> ?PR?SPI_RECEIVEBYTE?PCF85063BTL

?PR?SPI_RECEIVEBYTE?PCF85063BTL                  -----    -----      -----    -----
  +--> ?PR?_PCF85063BTL_DELAY?PCF85063BTL

?PR?_DAY_OF_YEAR?PCF85063BTL                     -----    -----      -----    -----
  +--> ?PR?_BCDTODEC?PCF85063BTL

?PR?_CALIBRATION?CALIBRATION                     -----    -----      03D6H    0010H
  +--> ?PR?VOLTAGE_IS_STABLE?CALIBRATION
  +--> ?PR?_UPDATE_POSITION?BIPOLARMOTOR
  +--> ?PR?_FIND_REAL_MAX?CALIBRATION

?PR?VOLTAGE_IS_STABLE?CALIBRATION                -----    -----      03E6H    0018H
  +--> ?PR?_ADC_GETRESULT?ADC
  +--> ?PR?_ABS?ABS

?PR?_UPDATE_POSITION?BIPOLARMOTOR                -----    -----      03E6H    00AFH
  +--> ?PR?_BCDTODEC1?BIPOLARMOTOR
  +--> ?PR?SUNPOS?SUNPOS
  +--> ?PR?SIN?SIN
  +--> ?PR?ASIN?ASIN
  +--> ?PR?LINEAR_INTERPOLATE?BIPOLARMOTOR
  +--> ?PR?_ABS?ABS
  +--> ?PR?_MOVE?BIPOLARMOTOR

?PR?SUNPOS?SUNPOS                                -----    -----      0495H    005DH
  +--> ?PR?SIN?SIN
  +--> ?PR?_ATAN2?ATAN2
  +--> ?PR?ASIN?ASIN
  +--> ?PR?ACOS?ACOS

?PR?SIN?SIN                                      0020H.6  0000H.1    04F2H    0004H

?PR?_ATAN2?ATAN2                                 -----    -----      04F2H    0008H
  +--> ?PR?ATAN?ATAN

?PR?ATAN?ATAN                                    0020H.6  0000H.2    04FAH    0004H

?PR?ASIN?ASIN                                    -----    -----      -----    -----
  +--> ?PR?SQRT?SQRT
  +--> ?PR?ATAN?ATAN
BL51 BANKED LINKER/LOCATER V6.22                                                      01/14/2019  17:52:13  PAGE 7



?PR?SQRT?SQRT                                    -----    -----      04F2H    0004H

?PR?ACOS?ACOS                                    -----    -----      -----    -----
  +--> ?PR?SQRT?SQRT
  +--> ?PR?ATAN?ATAN

?PR?LINEAR_INTERPOLATE?BIPOLARMOTOR              -----    -----      0495H    0014H

?PR?_MOVE?BIPOLARMOTOR                           0020H.6  0000H.1    0495H    0004H
  +--> ?PR?_STEP_MOVE?BIPOLARMOTOR

?PR?_FIND_REAL_MAX?CALIBRATION                   -----    -----      03E6H    005CH
  +--> ?PR?_MOVE?BIPOLARMOTOR
  +--> ?PR?_ADC_GETRESULT?ADC
  +--> ?PR?_WAIT_MS?LCD_DRIVER_SPLC780D
  +--> ?PR?_MAX_VALUE?CALIBRATION

?PR?_MAX_VALUE?CALIBRATION                       -----    -----      0442H    0004H



UNRESOLVED EXTERNAL SYMBOLS:
   AUTO_MODE



SYMBOL TABLE OF MODULE:  .\Obj\GPIO_RTC_Test (MAIN)

  VALUE           TYPE          NAME
  ----------------------------------

  -------         MODULE        MAIN
  C:0000H         SYMBOL        _ICE_DUMMY_
  X:0506H         PUBLIC        calib_value
  D:0080H         PUBLIC        P0
  D:00B2H         PUBLIC        P3M0
  D:0090H         PUBLIC        P1
  D:00B1H         PUBLIC        P3M1
  D:00A0H         PUBLIC        P2
  D:00B0H         PUBLIC        P3
  D:00C0H         PUBLIC        P4
  D:00C8H         PUBLIC        P5
  X:0566H         SYMBOL        PressedKey
  B:00A8H.7       PUBLIC        EA
  D:00E8H         PUBLIC        P6
  D:00F8H         PUBLIC        P7
  X:056AH         PUBLIC        RX_Data_Uart_Cnt
  C:2B65H         PUBLIC        _calib_interpolate
  D:00A8H         PUBLIC        IE
  X:056CH         PUBLIC        calib_time
  D:00B8H         PUBLIC        IP
  B:0098H.0       PUBLIC        RI
  X:05CCH         PUBLIC        months
  B:0098H.1       PUBLIC        TI
  C:3642H         PUBLIC        Uart
  D:00D8H         PUBLIC        CCON
BL51 BANKED LINKER/LOCATER V6.22                                                      01/14/2019  17:52:13  PAGE 8


  C:1CEDH         PUBLIC        main
  X:05CDH         PUBLIC        count
  D:0099H         PUBLIC        SBUF
  X:05CFH         PUBLIC        days
  X:05D0H         PUBLIC        lcd
  X:05D2H         PUBLIC        hours
  D:0098H         PUBLIC        SCON
  D:0089H         PUBLIC        TMOD
  D:0088H         PUBLIC        TCON
  B:00A0H.3       PUBLIC        P23
  X:05D3H         SYMBOL        KeyCount
  X:05D5H         PUBLIC        mins
  X:05D6H         PUBLIC        Rec_data_hour
  X:05D9H         PUBLIC        Rec_data_min
  D:008EH         PUBLIC        AUXR
  C:3D64H         PUBLIC        tm0_isr
  B:0021H.1       PUBLIC        busy
  D:00E0H         PUBLIC        ACC
  B:00A8H.1       PUBLIC        ET0
  D:008CH         PUBLIC        TH0
  X:05DCH         PUBLIC        hour_count
  D:008AH         PUBLIC        TL0
  X:05DDH         PUBLIC        min_count
  B:0088H.4       PUBLIC        TR0
  X:05DEH         SYMBOL        KeyNum
  X:05DFH         SYMBOL        KeyNum_Old
  X:05E0H         PUBLIC        current_position
  X:05E4H         PUBLIC        hours1
  X:05E5H         PUBLIC        hours2
  C:36DDH         PUBLIC        _Display_Prox
  X:05E6H         PUBLIC        mins1
  X:05E7H         PUBLIC        mins2
  C:29B0H         PUBLIC        _Display_Pos
  X:05E8H         PUBLIC        seconds
  X:05E9H         PUBLIC        st_time
  D:00D0H         PUBLIC        PSW
  C:3ECCH         PUBLIC        _SendUART1
  -------         PROC          TM0_ISR
  C:3D64H         LINE#         85
  C:3D6AH         LINE#         88
  C:3D78H         LINE#         132
  -------         ENDPROC       TM0_ISR
  -------         PROC          MAIN
  -------         DO            
  X:03CCH         SYMBOL        prox_data
  X:04FEH         SYMBOL        KeyCount
  X:0500H         SYMBOL        KeyNum_Old
  X:0501H         SYMBOL        KeyNum
  X:0502H         SYMBOL        PressedKey
  X:03CEH         SYMBOL        prox_flag
  X:03CFH         SYMBOL        calib_day
  X:03D1H         SYMBOL        numStr
  -------         ENDDO         
  C:1CEDH         LINE#         134
  C:1CEDH         LINE#         135
  C:1CEDH         LINE#         140
  C:1CF3H         LINE#         142
BL51 BANKED LINKER/LOCATER V6.22                                                      01/14/2019  17:52:13  PAGE 9


  C:1CF8H         LINE#         146
  C:1CFAH         LINE#         147
  C:1CFCH         LINE#         148
  C:1CFEH         LINE#         149
  C:1D00H         LINE#         151
  C:1D06H         LINE#         161
  C:1D08H         LINE#         162
  C:1D0BH         LINE#         163
  C:1D0EH         LINE#         164
  C:1D11H         LINE#         165
  C:1D14H         LINE#         166
  C:1D17H         LINE#         169
  C:1D1AH         LINE#         171
  C:1D1DH         LINE#         172
  C:1D20H         LINE#         173
  C:1D23H         LINE#         174
  C:1D25H         LINE#         175
  C:1D27H         LINE#         176
  C:1D29H         LINE#         178
  C:1D2BH         LINE#         180
  C:1D32H         LINE#         182
  C:1D39H         LINE#         186
  C:1D40H         LINE#         187
  C:1D45H         LINE#         188
  C:1D4AH         LINE#         189
  C:1D4FH         LINE#         190
  C:1D54H         LINE#         191
  C:1D59H         LINE#         194
  C:1D59H         LINE#         195
  C:1D59H         LINE#         196
  C:1D5CH         LINE#         199
  C:1D5CH         LINE#         202
  C:1D61H         LINE#         203
  C:1D66H         LINE#         205
  C:1D6BH         LINE#         206
  C:1D70H         LINE#         207
  C:1D75H         LINE#         208
  C:1D7AH         LINE#         210
  C:1D8BH         LINE#         212
  C:1D92H         LINE#         213
  C:1D9AH         LINE#         214
  C:1D9FH         LINE#         215
  C:1DA7H         LINE#         216
  C:1DACH         LINE#         217
  C:1DB6H         LINE#         218
  C:1DBBH         LINE#         219
  C:1DC3H         LINE#         221
  C:1DCBH         LINE#         222
  C:1DD0H         LINE#         223
  C:1DDAH         LINE#         224
  C:1DDAH         LINE#         225
  C:1DDCH         LINE#         226
  C:1DDEH         LINE#         227
  C:1DE8H         LINE#         228
  C:1DE8H         LINE#         229
  C:1DEDH         LINE#         230
  C:1DEDH         LINE#         242
BL51 BANKED LINKER/LOCATER V6.22                                                      01/14/2019  17:52:13  PAGE 10


  C:1DFAH         LINE#         243
  C:1DFAH         LINE#         244
  C:1E04H         LINE#         245
  C:1E1BH         LINE#         246
  C:1E1BH         LINE#         247
  C:1E1DH         LINE#         248
  C:1E1FH         LINE#         250
  C:1E1FH         LINE#         251
  C:1E2AH         LINE#         252
  C:1E2AH         LINE#         253
  C:1E2FH         LINE#         254
  C:1E2FH         LINE#         255
  C:1E3CH         LINE#         256
  C:1E3CH         LINE#         259
  C:1E46H         LINE#         260
  C:1E5DH         LINE#         261
  C:1E5DH         LINE#         262
  C:1E5FH         LINE#         263
  C:1E61H         LINE#         265
  C:1E61H         LINE#         266
  C:1E6CH         LINE#         267
  C:1E6CH         LINE#         268
  C:1E71H         LINE#         269
  C:1E73H         LINE#         270
  C:1E73H         LINE#         279
  C:1E95H         LINE#         280
  C:1E95H         LINE#         281
  C:1E9FH         LINE#         282
  C:1EA5H         LINE#         283
  C:1EA7H         LINE#         284
  C:1EA9H         LINE#         285
  C:1EABH         LINE#         286
  C:1EABH         LINE#         287
  C:1EAEH         LINE#         289
  C:1EAEH         LINE#         290
  C:1EB4H         LINE#         291
  C:1EBCH         LINE#         292
  C:1EC2H         LINE#         293
  C:1ECAH         LINE#         294
  C:1F05H         LINE#         298
  C:1F0FH         LINE#         299
  C:1F0FH         LINE#         301
  C:1F36H         LINE#         302
  C:1F5DH         LINE#         303
  C:1F5DH         LINE#         306
  C:1F5DH         LINE#         308
  C:1F5DH         LINE#         309
  C:1F80H         LINE#         310
  C:1F80H         LINE#         311
  C:1F82H         LINE#         312
  C:1F89H         LINE#         313
  C:1F89H         LINE#         317
  C:1FB3H         LINE#         318
  C:1FB3H         LINE#         320
  C:1FF9H         LINE#         321
  C:204AH         LINE#         322
  C:2058H         LINE#         323
BL51 BANKED LINKER/LOCATER V6.22                                                      01/14/2019  17:52:13  PAGE 11


  C:2058H         LINE#         324
  C:206DH         LINE#         325
  C:206FH         LINE#         327
  C:206FH         LINE#         329
  C:207DH         LINE#         330
  C:207DH         LINE#         347
  -------         ENDPROC       MAIN
  -------         PROC          UART
  C:3642H         LINE#         354
  C:364FH         LINE#         356
  C:3652H         LINE#         357
  C:3652H         LINE#         358
  C:3660H         LINE#         359
  C:3662H         LINE#         360
  C:3674H         LINE#         361
  C:3683H         LINE#         362
  C:368EH         LINE#         363
  C:368EH         LINE#         366
  C:369BH         LINE#         367
  C:36A1H         LINE#         368
  C:36A1H         LINE#         369
  C:36A7H         LINE#         370
  C:36B5H         LINE#         371
  C:36C3H         LINE#         372
  C:36CBH         LINE#         377
  C:36CBH         LINE#         378
  C:36CBH         LINE#         381
  C:36CBH         LINE#         382
  C:36CEH         LINE#         383
  C:36CEH         LINE#         384
  C:36D0H         LINE#         385
  C:36D2H         LINE#         386
  C:36D2H         LINE#         387
  -------         ENDPROC       UART
  -------         PROC          _CALIB_INTERPOLATE
  X:064FH         SYMBOL        hours
  X:0653H         SYMBOL        mins
  -------         DO            
  X:0657H         SYMBOL        p_calib1
  X:065FH         SYMBOL        p_calib2
  X:0667H         SYMBOL        i
  X:0669H         SYMBOL        current_time
  -------         ENDDO         
  C:2B65H         LINE#         390
  C:2B6BH         LINE#         391
  C:2B6BH         LINE#         395
  C:2BC2H         LINE#         397
  C:2BE8H         LINE#         398
  C:2BE8H         LINE#         399
  C:2C5AH         LINE#         400
  C:2C5AH         LINE#         401
  C:2C87H         LINE#         402
  C:2CA2H         LINE#         404
  C:2CCFH         LINE#         405
  C:2CEAH         LINE#         407
  C:2CECH         LINE#         408
  C:2CECH         LINE#         409
BL51 BANKED LINKER/LOCATER V6.22                                                      01/14/2019  17:52:13  PAGE 12


  C:2D00H         LINE#         410
  C:2D05H         LINE#         412
  -------         ENDPROC       _CALIB_INTERPOLATE
  -------         PROC          _SENDUART1
  D:0007H         SYMBOL        dat
  C:3ECCH         LINE#         415
  C:3ECCH         LINE#         416
  C:3ECCH         LINE#         417
  C:3ECFH         LINE#         418
  C:3ED1H         LINE#         419
  C:3ED2H         LINE#         420
  C:3ED4H         LINE#         421
  -------         ENDPROC       _SENDUART1
  -------         PROC          _DISPLAY_PROX
  D:0002H         SYMBOL        dat
  -------         DO            
  X:0676H         SYMBOL        unit
  X:0677H         SYMBOL        ten
  X:0678H         SYMBOL        hundred
  X:0679H         SYMBOL        thousand
  -------         ENDDO         
  C:36DDH         LINE#         424
  C:36E1H         LINE#         425
  C:36E1H         LINE#         427
  C:36EDH         LINE#         428
  C:36FDH         LINE#         429
  C:3719H         LINE#         430
  C:3749H         LINE#         431
  C:3753H         LINE#         432
  C:375DH         LINE#         433
  C:3767H         LINE#         434
  C:3771H         LINE#         436
  -------         ENDPROC       _DISPLAY_PROX
  -------         PROC          _DISPLAY_POS
  X:03D6H         SYMBOL        sign_dat
  -------         DO            
  X:03DAH         SYMBOL        unit
  X:03DBH         SYMBOL        ten
  X:03DCH         SYMBOL        hundred
  D:0003H         SYMBOL        thousand
  X:03DDH         SYMBOL        after_dot
  X:03DEH         SYMBOL        dat
  -------         ENDDO         
  C:29B0H         LINE#         439
  C:29B6H         LINE#         440
  C:29B6H         LINE#         444
  C:29D2H         LINE#         445
  C:29ECH         LINE#         446
  C:2A10H         LINE#         448
  C:2A5AH         LINE#         450
  C:2A71H         LINE#         451
  C:2A7EH         LINE#         452
  C:2AA0H         LINE#         453
  C:2AD5H         LINE#         454
  C:2AEDH         LINE#         455
  C:2AEDH         LINE#         457
  C:2AF7H         LINE#         458
BL51 BANKED LINKER/LOCATER V6.22                                                      01/14/2019  17:52:13  PAGE 13


  C:2B01H         LINE#         459
  C:2B0BH         LINE#         460
  C:2B10H         LINE#         461
  C:2B1AH         LINE#         462
  C:2B1FH         LINE#         463
  C:2B24H         LINE#         464
  C:2B26H         LINE#         465
  C:2B28H         LINE#         467
  C:2B28H         LINE#         469
  C:2B2DH         LINE#         470
  C:2B37H         LINE#         471
  C:2B41H         LINE#         472
  C:2B4BH         LINE#         473
  C:2B50H         LINE#         474
  C:2B5AH         LINE#         475
  C:2B5FH         LINE#         476
  C:2B64H         LINE#         478
  C:2B64H         LINE#         480
  -------         ENDPROC       _DISPLAY_POS
  -------         ENDMOD        MAIN

  -------         MODULE        PCF85063BTL
  C:0000H         SYMBOL        _ICE_DUMMY_
  D:0096H         PUBLIC        P2M0
  D:0080H         PUBLIC        P0
  D:0095H         PUBLIC        P2M1
  D:0090H         PUBLIC        P1
  D:00A0H         PUBLIC        P2
  D:00B0H         PUBLIC        P3
  D:00C0H         PUBLIC        P4
  D:00C8H         PUBLIC        P5
  D:00E8H         PUBLIC        P6
  B:00A0H.1       PUBLIC        PCF85063BTL_SDI
  D:00F8H         PUBLIC        P7
  B:00A0H.2       PUBLIC        PCF85063BTL_SCK
  B:00A0H.1       PUBLIC        PCF85063BTL_SDO
  D:00A8H         PUBLIC        IE
  C:398AH         PUBLIC        _Read_time
  C:3E11H         PUBLIC        _PCF85063BTL_Delay
  D:00B8H         PUBLIC        IP
  D:00D8H         PUBLIC        CCON
  C:3891H         PUBLIC        _Day_Of_Year
  C:3D09H         PUBLIC        SPI_ReceiveByte
  D:0098H         PUBLIC        SCON
  D:0088H         PUBLIC        TCON
  C:3E44H         PUBLIC        _BCDtoDec
  B:00A0H.0       PUBLIC        PCF85063BTL_CS
  C:3E33H         PUBLIC        _SPI_ReadTime
  C:3E93H         PUBLIC        SPI_Init
  C:3D9AH         PUBLIC        _SPI_WriteTime
  C:3CE9H         PUBLIC        _SPI_SendByte
  D:00D0H         PUBLIC        PSW
  C:3E0DH         SYMBOL        L?0047
  -------         PROC          L?0046
  -------         ENDPROC       L?0046
  C:3E0DH         SYMBOL        L?0047
  -------         PROC          _PCF85063BTL_DELAY
BL51 BANKED LINKER/LOCATER V6.22                                                      01/14/2019  17:52:13  PAGE 14


  D:0006H         SYMBOL        us
  C:3E11H         LINE#         8
  C:3E11H         LINE#         9
  C:3E11H         LINE#         10
  C:3E1BH         LINE#         11
  C:3E1BH         LINE#         12
  C:3E1CH         LINE#         13
  C:3E1EH         LINE#         14
  -------         ENDPROC       _PCF85063BTL_DELAY
  -------         PROC          _SPI_SENDBYTE
  D:0005H         SYMBOL        dat
  -------         DO            
  D:0003H         SYMBOL        i
  -------         ENDDO         
  C:3CE9H         LINE#         17
  C:3CEBH         LINE#         18
  C:3CEBH         LINE#         20
  C:3CEDH         LINE#         21
  C:3CEDH         LINE#         22
  C:3CEFH         LINE#         23
  C:3CF3H         LINE#         24
  C:3CF3H         LINE#         25
  C:3CF5H         LINE#         26
  C:3CF7H         LINE#         28
  C:3CF7H         LINE#         29
  C:3CF9H         LINE#         30
  C:3CF9H         LINE#         31
  C:3CFCH         LINE#         32
  C:3CFCH         LINE#         33
  C:3CFFH         LINE#         34
  C:3D03H         LINE#         35
  C:3D08H         LINE#         36
  -------         ENDPROC       _SPI_SENDBYTE
  -------         PROC          SPI_RECEIVEBYTE
  -------         DO            
  D:0003H         SYMBOL        i
  D:0005H         SYMBOL        dat
  -------         ENDDO         
  C:3D09H         LINE#         39
  C:3D09H         LINE#         40
  C:3D09H         LINE#         42
  C:3D0BH         LINE#         44
  C:3D0DH         LINE#         45
  C:3D0EH         LINE#         46
  C:3D0EH         LINE#         47
  C:3D12H         LINE#         48
  C:3D14H         LINE#         49
  C:3D17H         LINE#         51
  C:3D1AH         LINE#         52
  C:3D1AH         LINE#         53
  C:3D1EH         LINE#         54
  C:3D1EH         LINE#         55
  C:3D1EH         LINE#         56
  C:3D21H         LINE#         57
  C:3D26H         LINE#         58
  C:3D28H         LINE#         59
  -------         ENDPROC       SPI_RECEIVEBYTE
BL51 BANKED LINKER/LOCATER V6.22                                                      01/14/2019  17:52:13  PAGE 15


  -------         PROC          _SPI_READTIME
  D:0007H         SYMBOL        addr
  -------         DO            
  D:0006H         SYMBOL        dat
  -------         ENDDO         
  C:3E33H         LINE#         61
  C:3E33H         LINE#         62
  C:3E33H         LINE#         64
  C:3E35H         LINE#         65
  C:3E37H         LINE#         66
  C:3E3EH         LINE#         67
  C:3E41H         LINE#         68
  C:3E43H         LINE#         69
  C:3E43H         LINE#         70
  -------         ENDPROC       _SPI_READTIME
  -------         PROC          _SPI_WRITETIME
  D:0002H         SYMBOL        val
  D:0005H         SYMBOL        addr
  C:3D9AH         LINE#         71
  C:3D9CH         LINE#         72
  C:3D9CH         LINE#         74
  C:3D9EH         LINE#         75
  C:3DA5H         LINE#         76
  C:3DAAH         LINE#         77
  C:3DAFH         LINE#         78
  C:3DB1H         LINE#         79
  -------         ENDPROC       _SPI_WRITETIME
  -------         PROC          SPI_INIT
  C:3E93H         LINE#         83
  C:3E93H         LINE#         84
  C:3E93H         LINE#         89
  C:3E96H         LINE#         90
  C:3E99H         LINE#         91
  C:3E9BH         LINE#         92
  C:3E9DH         LINE#         93
  C:3E9FH         LINE#         94
  -------         ENDPROC       SPI_INIT
  -------         PROC          _READ_TIME
  X:03D6H         SYMBOL        months
  X:03D9H         SYMBOL        days
  X:03DCH         SYMBOL        hours
  X:03DFH         SYMBOL        mins
  X:03E2H         SYMBOL        seconds
  C:398AH         LINE#         96
  C:3995H         LINE#         97
  C:3995H         LINE#         99
  C:39A9H         LINE#         101
  C:39BDH         LINE#         103
  C:39D1H         LINE#         108
  C:39E5H         LINE#         113
  -------         ENDPROC       _READ_TIME
  -------         PROC          _BCDTODEC
  D:0007H         SYMBOL        bcd
  -------         DO            
  D:0006H         SYMBOL        hi
  D:0007H         SYMBOL        lo
  -------         ENDDO         
BL51 BANKED LINKER/LOCATER V6.22                                                      01/14/2019  17:52:13  PAGE 16


  C:3E44H         LINE#         119
  C:3E44H         LINE#         120
  C:3E44H         LINE#         122
  C:3E49H         LINE#         123
  C:3E4DH         LINE#         124
  C:3E54H         LINE#         125
  -------         ENDPROC       _BCDTODEC
  -------         PROC          _DAY_OF_YEAR
  D:0007H         SYMBOL        months_bcd
  D:0005H         SYMBOL        days_bcd
  -------         DO            
  D:0004H         SYMBOL        months
  D:0007H         SYMBOL        days
  -------         ENDDO         
  C:3891H         LINE#         126
  C:3891H         LINE#         127
  C:3891H         LINE#         130
  C:3896H         LINE#         132
  C:389BH         LINE#         134
  C:38D4H         LINE#         135
  C:38D4H         LINE#         136
  C:38D4H         LINE#         137
  C:38D7H         LINE#         138
  C:38D7H         LINE#         139
  C:38D7H         LINE#         140
  C:38DCH         LINE#         141
  C:38DCH         LINE#         142
  C:38DCH         LINE#         143
  C:38E1H         LINE#         144
  C:38E1H         LINE#         145
  C:38E1H         LINE#         146
  C:38E6H         LINE#         147
  C:38E6H         LINE#         148
  C:38E6H         LINE#         149
  C:38EBH         LINE#         150
  C:38EBH         LINE#         151
  C:38EBH         LINE#         152
  C:38F0H         LINE#         153
  C:38F0H         LINE#         154
  C:38F0H         LINE#         155
  C:38F5H         LINE#         156
  C:38F5H         LINE#         157
  C:38F5H         LINE#         158
  C:38FAH         LINE#         159
  C:38FAH         LINE#         160
  C:38FAH         LINE#         161
  C:3902H         LINE#         162
  C:3902H         LINE#         163
  C:3902H         LINE#         164
  C:3907H         LINE#         165
  C:3907H         LINE#         166
  C:3907H         LINE#         167
  C:390CH         LINE#         168
  C:390CH         LINE#         169
  C:390CH         LINE#         170
  C:3914H         LINE#         171
  C:3914H         LINE#         172
BL51 BANKED LINKER/LOCATER V6.22                                                      01/14/2019  17:52:13  PAGE 17


  C:3914H         LINE#         173
  -------         ENDPROC       _DAY_OF_YEAR
  -------         ENDMOD        PCF85063BTL

  -------         MODULE        UART1
  C:0000H         SYMBOL        _ICE_DUMMY_
  D:0080H         PUBLIC        P0
  D:0090H         PUBLIC        P1
  D:00A0H         PUBLIC        P2
  D:00B0H         PUBLIC        P3
  D:00C0H         PUBLIC        P4
  D:00C8H         PUBLIC        P5
  B:00A8H.7       PUBLIC        EA
  D:00E8H         PUBLIC        P6
  D:00F8H         PUBLIC        P7
  C:3C1AH         PUBLIC        _SendString
  D:00A8H         PUBLIC        IE
  B:00A8H.4       PUBLIC        ES
  D:00B8H         PUBLIC        IP
  C:3DB2H         PUBLIC        _ASCIItoBCD
  D:00D8H         PUBLIC        CCON
  C:3E55H         PUBLIC        initUART1
  D:0098H         PUBLIC        SCON
  D:0088H         PUBLIC        TCON
  C:0009H         PUBLIC        _DectoBCD
  C:3EE0H         PUBLIC        _ASCII_Letter
  D:008EH         PUBLIC        AUXR
  C:3EDBH         PUBLIC        _unit
  C:0003H         PUBLIC        _ten
  D:00D6H         PUBLIC        T2H
  D:00D7H         PUBLIC        T2L
  D:00D0H         PUBLIC        PSW
  -------         PROC          INITUART1
  C:3E55H         LINE#         21
  C:3E55H         LINE#         22
  C:3E55H         LINE#         23
  C:3E58H         LINE#         24
  C:3E5BH         LINE#         25
  C:3E5EH         LINE#         26
  C:3E61H         LINE#         27
  C:3E63H         LINE#         28
  C:3E65H         LINE#         30
  -------         ENDPROC       INITUART1
  -------         PROC          _SENDSTRING
  X:067AH         SYMBOL        s
  C:3C1AH         LINE#         35
  C:3C25H         LINE#         36
  C:3C25H         LINE#         37
  C:3C35H         LINE#         38
  C:3C35H         LINE#         39
  C:3C4AH         LINE#         40
  C:3C4CH         LINE#         41
  -------         ENDPROC       _SENDSTRING
  -------         PROC          _TEN
  D:0007H         SYMBOL        BCD
  C:0003H         LINE#         43
  C:0003H         LINE#         44
BL51 BANKED LINKER/LOCATER V6.22                                                      01/14/2019  17:52:13  PAGE 18


  C:0003H         LINE#         45
  C:0008H         LINE#         46
  -------         ENDPROC       _TEN
  -------         PROC          _UNIT
  D:0007H         SYMBOL        BCD
  C:3EDBH         LINE#         47
  C:3EDBH         LINE#         48
  C:3EDBH         LINE#         52
  C:3EDFH         LINE#         53
  -------         ENDPROC       _UNIT
  -------         PROC          _DECTOBCD
  D:0007H         SYMBOL        dec
  C:0009H         LINE#         54
  C:0009H         LINE#         55
  C:0009H         LINE#         57
  C:0009H         LINE#         58
  -------         ENDPROC       _DECTOBCD
  -------         PROC          _ASCII_LETTER
  D:0007H         SYMBOL        dat
  C:3EE0H         LINE#         60
  C:3EE0H         LINE#         61
  C:3EE0H         LINE#         63
  C:3EE4H         LINE#         64
  -------         ENDPROC       _ASCII_LETTER
  -------         PROC          _ASCIITOBCD
  D:0001H         SYMBOL        ascii
  -------         DO            
  D:0007H         SYMBOL        dec_val
  D:0006H         SYMBOL        ten
  D:0007H         SYMBOL        unit
  -------         ENDDO         
  C:3DB2H         LINE#         66
  C:3DB2H         LINE#         67
  C:3DB2H         LINE#         69
  C:3DB5H         LINE#         70
  C:3DBBH         LINE#         71
  C:3DC2H         LINE#         72
  C:3DC8H         LINE#         74
  -------         ENDPROC       _ASCIITOBCD
  -------         ENDMOD        UART1

  -------         MODULE        LCD_DRIVER_SPLC780D
  C:0000H         SYMBOL        _ICE_DUMMY_
  D:0092H         PUBLIC        P1M0
  D:0091H         PUBLIC        P1M1
  D:0080H         PUBLIC        P0
  D:0090H         PUBLIC        P1
  D:00A0H         PUBLIC        P2
  D:00B0H         PUBLIC        P3
  D:00C0H         PUBLIC        P4
  D:00C8H         PUBLIC        P5
  D:00E8H         PUBLIC        P6
  D:00F8H         PUBLIC        P7
  C:3915H         PUBLIC        _WriteData
  D:00A8H         PUBLIC        IE
  D:00B8H         PUBLIC        IP
  D:00D8H         PUBLIC        CCON
BL51 BANKED LINKER/LOCATER V6.22                                                      01/14/2019  17:52:13  PAGE 19


  B:00B0H.4       PUBLIC        LCD_D4
  B:00B0H.5       PUBLIC        LCD_D5
  B:00B0H.6       PUBLIC        LCD_D6
  C:3D47H         PUBLIC        _DisplayLCD
  B:00B0H.7       PUBLIC        LCD_D7
  D:0098H         PUBLIC        SCON
  D:0088H         PUBLIC        TCON
  C:3EC2H         PUBLIC        LCD_clear
  C:3B2BH         PUBLIC        _Command
  C:000EH         PUBLIC        _Display_Line
  C:39F9H         PUBLIC        LCD_Init
  C:3CCBH         PUBLIC        _Wait_ms
  B:00C0H.0       PUBLIC        LCD_RS
  B:00B0H.2       PUBLIC        LCD_RW
  C:3EB8H         PUBLIC        LCD_return_home
  B:00B0H.3       PUBLIC        LCD_E
  D:00D0H         PUBLIC        PSW
  -------         PROC          LCD_INIT
  C:39F9H         LINE#         9
  C:39F9H         LINE#         10
  C:39F9H         LINE#         11
  C:39FCH         LINE#         12
  C:39FFH         LINE#         14
  C:3A05H         LINE#         15
  C:3A0AH         LINE#         17
  C:3A11H         LINE#         18
  C:3A16H         LINE#         20
  C:3A19H         LINE#         21
  C:3A1EH         LINE#         23
  C:3A21H         LINE#         24
  C:3A26H         LINE#         26
  C:3A2DH         LINE#         29
  C:3A32H         LINE#         30
  C:3A37H         LINE#         32
  C:3A3CH         LINE#         33
  C:3A41H         LINE#         35
  C:3A46H         LINE#         36
  C:3A4BH         LINE#         37
  -------         ENDPROC       LCD_INIT
  -------         PROC          _WRITEDATA
  X:03E0H         SYMBOL        dat
  C:3915H         LINE#         40
  C:391AH         LINE#         41
  C:391AH         LINE#         46
  C:391CH         LINE#         47
  C:391EH         LINE#         49
  C:392CH         LINE#         50
  C:3938H         LINE#         51
  C:3944H         LINE#         52
  C:394EH         LINE#         53
  C:3950H         LINE#         54
  C:3957H         LINE#         55
  C:3959H         LINE#         57
  C:3969H         LINE#         58
  C:3974H         LINE#         59
  C:397EH         LINE#         60
  C:3982H         LINE#         62
BL51 BANKED LINKER/LOCATER V6.22                                                      01/14/2019  17:52:13  PAGE 20


  C:3982H         LINE#         63
  C:3985H         LINE#         64
  C:3987H         LINE#         65
  C:3989H         LINE#         67
  -------         ENDPROC       _WRITEDATA
  -------         PROC          _COMMAND
  D:0007H         SYMBOL        dat
  C:3B2BH         LINE#         69
  C:3B2BH         LINE#         70
  C:3B2BH         LINE#         71
  C:3B2DH         LINE#         72
  C:3B2FH         LINE#         74
  C:3B39H         LINE#         75
  C:3B3DH         LINE#         77
  C:3B3FH         LINE#         78
  C:3B48H         LINE#         79
  C:3B4CH         LINE#         81
  C:3B4EH         LINE#         82
  C:3B55H         LINE#         83
  C:3B59H         LINE#         85
  C:3B5BH         LINE#         86
  C:3B5FH         LINE#         87
  C:3B63H         LINE#         89
  C:3B65H         LINE#         90
  C:3B65H         LINE#         91
  C:3B68H         LINE#         92
  C:3B6AH         LINE#         93
  -------         ENDPROC       _COMMAND
  C:3CC7H         SYMBOL        L?0028
  -------         PROC          L?0027
  -------         ENDPROC       L?0027
  C:3CC7H         SYMBOL        L?0028
  -------         PROC          _WAIT_MS
  D:0006H         SYMBOL        ms
  -------         DO            
  D:0004H         SYMBOL        De_Cnt
  -------         ENDDO         
  C:3CCBH         LINE#         95
  C:3CCBH         LINE#         96
  C:3CCBH         LINE#         98
  C:3CD5H         LINE#         99
  C:3CD5H         LINE#         100
  C:3CE8H         LINE#         101
  C:3CE8H         LINE#         102
  -------         ENDPROC       _WAIT_MS
  -------         PROC          _DISPLAYLCD
  D:0007H         SYMBOL        BCD
  -------         DO            
  D:0006H         SYMBOL        first_digit
  X:03D6H         SYMBOL        second_digit
  -------         ENDDO         
  C:3D47H         LINE#         103
  C:3D47H         LINE#         104
  C:3D47H         LINE#         106
  C:3D4EH         LINE#         107
  C:3D57H         LINE#         109
  C:3D5CH         LINE#         111
BL51 BANKED LINKER/LOCATER V6.22                                                      01/14/2019  17:52:13  PAGE 21


  -------         ENDPROC       _DISPLAYLCD
  -------         PROC          LCD_RETURN_HOME
  C:3EB8H         LINE#         115
  C:3EB8H         LINE#         116
  C:3EB8H         LINE#         117
  C:3EBDH         LINE#         118
  -------         ENDPROC       LCD_RETURN_HOME
  -------         PROC          LCD_CLEAR
  C:3EC2H         LINE#         121
  C:3EC2H         LINE#         122
  C:3EC2H         LINE#         123
  C:3EC7H         LINE#         124
  -------         ENDPROC       LCD_CLEAR
  -------         PROC          _DISPLAY_LINE
  D:0006H         SYMBOL        line
  C:000EH         LINE#         128
  C:000EH         LINE#         129
  C:000EH         LINE#         130
  C:0014H         LINE#         131
  C:0014H         LINE#         132
  C:0016H         LINE#         133
  C:0016H         LINE#         134
  C:0018H         LINE#         136
  C:0018H         LINE#         137
  C:001DH         LINE#         138
  C:0022H         LINE#         139
  C:0022H         LINE#         140
  -------         ENDPROC       _DISPLAY_LINE
  -------         ENDMOD        LCD_DRIVER_SPLC780D

  -------         MODULE        KEYPAD
  C:0000H         SYMBOL        _ICE_DUMMY_
  D:0093H         PUBLIC        P0M1
  D:0080H         PUBLIC        P0
  D:0090H         PUBLIC        P1
  D:00A0H         PUBLIC        P2
  D:00B0H         PUBLIC        P3
  D:00C0H         PUBLIC        P4
  D:00C8H         PUBLIC        P5
  B:0020H.0       PUBLIC        calib_mode
  D:00E8H         PUBLIC        P6
  D:00F8H         PUBLIC        P7
  D:00A8H         PUBLIC        IE
  C:2D06H         PUBLIC        Key_Scan
  D:00B8H         PUBLIC        IP
  D:00D8H         PUBLIC        CCON
  C:3EA0H         PUBLIC        KeyPad_IO_Init
  C:3D29H         PUBLIC        _Delay_ms
  D:0098H         PUBLIC        SCON
  D:0088H         PUBLIC        TCON
  B:0020H.1       PUBLIC        small_move
  B:0020H.2       PUBLIC        move
  B:0020H.3       PUBLIC        direction
  B:0020H.4       PUBLIC        auto_move
  C:2340H         PUBLIC        Key_Process
  D:00D0H         PUBLIC        PSW
  D:0094H         PUBLIC        P0M0
BL51 BANKED LINKER/LOCATER V6.22                                                      01/14/2019  17:52:13  PAGE 22


  -------         PROC          _DELAY_MS
  D:0006H         SYMBOL        ms
  -------         DO            
  D:0004H         SYMBOL        De_Cnt
  -------         ENDDO         
  C:3D29H         LINE#         19
  C:3D29H         LINE#         20
  C:3D29H         LINE#         22
  C:3D33H         LINE#         23
  C:3D33H         LINE#         24
  C:3D46H         LINE#         25
  C:3D46H         LINE#         26
  -------         ENDPROC       _DELAY_MS
  -------         PROC          KEY_SCAN
  -------         DO            
  X:03DCH         SYMBOL        KeyTemp1
  X:03DDH         SYMBOL        KeyTemp2
  X:03DEH         SYMBOL        KeyValue
  -------         ENDDO         
  C:2D06H         LINE#         27
  C:2D06H         LINE#         28
  C:2D06H         LINE#         33
  C:2D09H         LINE#         36
  C:2D0CH         LINE#         38
  C:2D14H         LINE#         39
  C:2D1BH         LINE#         40
  C:2D1BH         LINE#         42
  C:2D20H         LINE#         43
  C:2D27H         LINE#         44
  C:2D27H         LINE#         47
  C:2D2AH         LINE#         48
  C:2D2DH         LINE#         49
  C:2D32H         LINE#         50
  C:2D36H         LINE#         51
  C:2D36H         LINE#         52
  C:2D3EH         LINE#         53
  C:2D3EH         LINE#         54
  C:2D41H         LINE#         55
  C:2D49H         LINE#         56
  C:2D4BH         LINE#         58
  C:2D5FH         LINE#         59
  C:2D5FH         LINE#         60
  C:2D5FH         LINE#         61
  C:2D5FH         LINE#         62
  C:2D65H         LINE#         64
  C:2D67H         LINE#         65
  C:2D67H         LINE#         66
  C:2D67H         LINE#         67
  C:2D6DH         LINE#         69
  C:2D6FH         LINE#         70
  C:2D6FH         LINE#         71
  C:2D6FH         LINE#         72
  C:2D75H         LINE#         74
  C:2D77H         LINE#         75
  C:2D77H         LINE#         76
  C:2D77H         LINE#         77
  C:2D7DH         LINE#         79
BL51 BANKED LINKER/LOCATER V6.22                                                      01/14/2019  17:52:13  PAGE 23


  C:2D7DH         LINE#         80
  C:2D7DH         LINE#         81
  C:2D7DH         LINE#         84
  C:2D80H         LINE#         85
  C:2D83H         LINE#         86
  C:2D8BH         LINE#         87
  C:2D8FH         LINE#         88
  C:2D8FH         LINE#         89
  C:2D97H         LINE#         90
  C:2D97H         LINE#         91
  C:2D9AH         LINE#         92
  C:2DA2H         LINE#         93
  C:2DA4H         LINE#         94
  C:2DB8H         LINE#         95
  C:2DB8H         LINE#         96
  C:2DB8H         LINE#         97
  C:2DB8H         LINE#         98
  C:2DBEH         LINE#         100
  C:2DC0H         LINE#         101
  C:2DC0H         LINE#         102
  C:2DC0H         LINE#         103
  C:2DC6H         LINE#         105
  C:2DC8H         LINE#         106
  C:2DC8H         LINE#         107
  C:2DC8H         LINE#         108
  C:2DCEH         LINE#         110
  C:2DD0H         LINE#         111
  C:2DD0H         LINE#         112
  C:2DD0H         LINE#         113
  C:2DD5H         LINE#         115
  C:2DD5H         LINE#         116
  C:2DD5H         LINE#         117
  C:2DD5H         LINE#         120
  C:2DD8H         LINE#         121
  C:2DDBH         LINE#         122
  C:2DE3H         LINE#         123
  C:2DE7H         LINE#         124
  C:2DE7H         LINE#         125
  C:2DEFH         LINE#         126
  C:2DEFH         LINE#         127
  C:2DF2H         LINE#         128
  C:2DFAH         LINE#         129
  C:2DFCH         LINE#         130
  C:2E10H         LINE#         131
  C:2E10H         LINE#         132
  C:2E10H         LINE#         133
  C:2E10H         LINE#         134
  C:2E16H         LINE#         136
  C:2E18H         LINE#         137
  C:2E18H         LINE#         138
  C:2E18H         LINE#         139
  C:2E1EH         LINE#         141
  C:2E20H         LINE#         142
  C:2E20H         LINE#         143
  C:2E20H         LINE#         144
  C:2E26H         LINE#         146
  C:2E28H         LINE#         147
BL51 BANKED LINKER/LOCATER V6.22                                                      01/14/2019  17:52:13  PAGE 24


  C:2E28H         LINE#         148
  C:2E28H         LINE#         149
  C:2E2EH         LINE#         151
  C:2E2EH         LINE#         152
  C:2E2EH         LINE#         153
  C:2E2EH         LINE#         157
  C:2E31H         LINE#         158
  C:2E34H         LINE#         159
  C:2E3CH         LINE#         160
  C:2E40H         LINE#         161
  C:2E40H         LINE#         162
  C:2E48H         LINE#         163
  C:2E48H         LINE#         164
  C:2E4BH         LINE#         165
  C:2E53H         LINE#         166
  C:2E55H         LINE#         167
  C:2E69H         LINE#         168
  C:2E69H         LINE#         169
  C:2E69H         LINE#         170
  C:2E69H         LINE#         171
  C:2E6FH         LINE#         173
  C:2E71H         LINE#         174
  C:2E71H         LINE#         175
  C:2E71H         LINE#         176
  C:2E77H         LINE#         178
  C:2E79H         LINE#         179
  C:2E79H         LINE#         180
  C:2E79H         LINE#         181
  C:2E7FH         LINE#         183
  C:2E81H         LINE#         184
  C:2E81H         LINE#         185
  C:2E81H         LINE#         186
  C:2E87H         LINE#         188
  C:2E87H         LINE#         189
  C:2E87H         LINE#         190
  C:2E87H         LINE#         192
  C:2E8DH         LINE#         193
  C:2E8DH         LINE#         195
  C:2E8DH         LINE#         196
  C:2E90H         LINE#         197
  C:2E90H         LINE#         198
  C:2E90H         LINE#         200
  C:2E90H         LINE#         201
  C:2E92H         LINE#         202
  C:2E92H         LINE#         203
  -------         ENDPROC       KEY_SCAN
  -------         PROC          KEY_PROCESS
  -------         DO            
  X:066DH         SYMBOL        KeyCount
  X:066FH         SYMBOL        KeyNum_Old
  X:0670H         SYMBOL        KeyNum
  X:0671H         SYMBOL        PressedKey
  X:03D6H         SYMBOL        d
  D:0004H         SYMBOL        hours
  D:0006H         SYMBOL        mins
  X:03D8H         SYMBOL        months
  X:03DAH         SYMBOL        days
BL51 BANKED LINKER/LOCATER V6.22                                                      01/14/2019  17:52:13  PAGE 25


  -------         ENDDO         
  C:2340H         LINE#         204
  C:2340H         LINE#         205
  C:2340H         LINE#         209
  C:2348H         LINE#         210
  C:2350H         LINE#         212
  C:2353H         LINE#         213
  C:2353H         LINE#         214
  C:2356H         LINE#         216
  C:2356H         LINE#         217
  C:2363H         LINE#         218
  C:2363H         LINE#         219
  C:2366H         LINE#         220
  C:2369H         LINE#         222
  C:236CH         LINE#         224
  C:236CH         LINE#         225
  C:2377H         LINE#         226
  C:2377H         LINE#         227
  C:237AH         LINE#         229
  C:237AH         LINE#         230
  C:2381H         LINE#         231
  C:2381H         LINE#         232
  C:2384H         LINE#         234
  C:2384H         LINE#         235
  C:238CH         LINE#         236
  C:238CH         LINE#         237
  C:2396H         LINE#         238
  C:239EH         LINE#         240
  C:23A7H         LINE#         242
  C:23A7H         LINE#         251
  C:23BCH         LINE#         252
  C:23BCH         LINE#         253
  C:23CEH         LINE#         254
  C:23DCH         LINE#         255
  C:23EBH         LINE#         256
  C:23EBH         LINE#         258
  C:23F1H         LINE#         262
  C:2407H         LINE#         263
  C:2418H         LINE#         264
  C:2433H         LINE#         265
  C:2433H         LINE#         266
  C:2443H         LINE#         267
  C:2454H         LINE#         268
  C:2454H         LINE#         272
  C:246DH         LINE#         273
  C:2484H         LINE#         274
  C:24A4H         LINE#         275
  C:24A4H         LINE#         276
  C:24AEH         LINE#         277
  C:24AEH         LINE#         278
  C:24B7H         LINE#         279
  C:24B7H         LINE#         280
  C:24CBH         LINE#         281
  C:24CBH         LINE#         282
  C:24CBH         LINE#         283
  C:24CBH         LINE#         284
  C:24CBH         LINE#         285
BL51 BANKED LINKER/LOCATER V6.22                                                      01/14/2019  17:52:13  PAGE 26


  C:24CDH         LINE#         287
  C:24CDH         LINE#         288
  C:24D9H         LINE#         289
  C:24D9H         LINE#         290
  C:24EAH         LINE#         291
  C:24EAH         LINE#         292
  C:24EAH         LINE#         293
  C:24EAH         LINE#         294
  C:24EAH         LINE#         296
  C:24ECH         LINE#         298
  C:24ECH         LINE#         299
  C:24FDH         LINE#         300
  C:24FDH         LINE#         301
  C:24FDH         LINE#         302
  C:24FDH         LINE#         303
  C:24FDH         LINE#         305
  C:24FDH         LINE#         307
  C:24FDH         LINE#         308
  C:24FFH         LINE#         310
  C:24FFH         LINE#         311
  C:2512H         LINE#         312
  C:2512H         LINE#         313
  C:2523H         LINE#         314
  C:2523H         LINE#         315
  C:2523H         LINE#         316
  C:2523H         LINE#         317
  C:2523H         LINE#         318
  C:2525H         LINE#         320
  C:2525H         LINE#         321
  C:2536H         LINE#         322
  C:2536H         LINE#         323
  C:2547H         LINE#         324
  C:2558H         LINE#         325
  C:2558H         LINE#         326
  C:2558H         LINE#         327
  C:2558H         LINE#         328
  C:2558H         LINE#         329
  C:255BH         LINE#         330
  C:2560H         LINE#         331
  C:2565H         LINE#         332
  C:256AH         LINE#         333
  C:256FH         LINE#         334
  C:2574H         LINE#         335
  C:2579H         LINE#         336
  C:257EH         LINE#         337
  C:257EH         LINE#         339
  C:25A0H         LINE#         340
  C:25A0H         LINE#         341
  C:25AAH         LINE#         342
  C:25AAH         LINE#         343
  C:25AFH         LINE#         344
  C:25B8H         LINE#         345
  C:25CFH         LINE#         346
  C:25CFH         LINE#         347
  C:25DFH         LINE#         349
  C:25DFH         LINE#         353
  -------         ENDPROC       KEY_PROCESS
BL51 BANKED LINKER/LOCATER V6.22                                                      01/14/2019  17:52:13  PAGE 27


  -------         PROC          KEYPAD_IO_INIT
  C:3EA0H         LINE#         356
  C:3EA0H         LINE#         357
  C:3EA0H         LINE#         358
  C:3EA3H         LINE#         359
  C:3EA6H         LINE#         360
  C:3EA9H         LINE#         361
  C:3EABH         LINE#         362
  -------         ENDPROC       KEYPAD_IO_INIT
  -------         ENDMOD        KEYPAD

  -------         MODULE        BIPOLARMOTOR
  C:0000H         SYMBOL        _ICE_DUMMY_
  D:0080H         PUBLIC        P0
  D:0090H         PUBLIC        P1
  D:00A0H         PUBLIC        P2
  D:00B0H         PUBLIC        P3
  D:00C0H         PUBLIC        P4
  D:00C8H         PUBLIC        P5
  D:00E8H         PUBLIC        P6
  D:00F8H         PUBLIC        P7
  D:00A8H         PUBLIC        IE
  C:33ACH         PUBLIC        linear_interpolate
  C:3BE6H         PUBLIC        _Move
  D:00B8H         PUBLIC        IP
  C:2812H         PUBLIC        _findDet3x3
  C:2080H         PUBLIC        _findDet4x4
  D:00D8H         PUBLIC        CCON
  X:0000H         PUBLIC        previous_move_time
  D:0098H         PUBLIC        SCON
  D:0088H         PUBLIC        TCON
  C:000AH         PUBLIC        wait
  C:3B6BH         PUBLIC        _Step_move
  X:0001H         PUBLIC        dat
  C:094DH         PUBLIC        _Update_position
  C:3A52H         PUBLIC        vOneStepMove
  X:0007H         PUBLIC        elevation_stamp
  X:0033H         PUBLIC        date_azimuth_mapping
  X:007FH         PUBLIC        RX_pos
  C:3D89H         PUBLIC        _BCDtoDec1
  X:03C3H         PUBLIC        degree
  D:00D0H         PUBLIC        PSW
  C:3D7FH         SYMBOL        L?0054
  C:3D82H         SYMBOL        L?0055
  -------         PROC          L?0053
  -------         ENDPROC       L?0053
  C:3D7FH         SYMBOL        L?0054
  C:3D82H         SYMBOL        L?0055
  -------         PROC          _BCDTODEC1
  D:0007H         SYMBOL        bcd
  -------         DO            
  D:0006H         SYMBOL        hi
  D:0007H         SYMBOL        lo
  -------         ENDDO         
  C:3D89H         LINE#         28
  C:3D89H         LINE#         29
  C:3D89H         LINE#         31
BL51 BANKED LINKER/LOCATER V6.22                                                      01/14/2019  17:52:13  PAGE 28


  C:3D8EH         LINE#         32
  C:3D92H         LINE#         33
  C:3D99H         LINE#         34
  -------         ENDPROC       _BCDTODEC1
  -------         PROC          WAIT
  C:000AH         LINE#         36
  C:000AH         LINE#         38
  -------         ENDPROC       WAIT
  -------         PROC          VONESTEPMOVE
  B:0021H.0       SYMBOL        bDir
  C:3A52H         LINE#         40
  C:3A52H         LINE#         41
  C:3A52H         LINE#         43
  C:3A55H         LINE#         44
  C:3A55H         LINE#         45
  C:3A5AH         LINE#         46
  C:3A63H         LINE#         47
  C:3A6AH         LINE#         48
  C:3A6FH         LINE#         49
  C:3A6FH         LINE#         50
  C:3A6FH         LINE#         52
  C:3A71H         LINE#         55
  C:3A71H         LINE#         56
  C:3A77H         LINE#         57
  C:3A7FH         LINE#         58
  C:3A86H         LINE#         59
  C:3A8CH         LINE#         60
  C:3A95H         LINE#         61
  C:3A9CH         LINE#         62
  C:3A9CH         LINE#         66
  -------         ENDPROC       VONESTEPMOVE
  -------         PROC          _STEP_MOVE
  X:0499H         SYMBOL        step
  B:0020H.7       SYMBOL        dir
  -------         DO            
  X:049BH         SYMBOL        i
  -------         ENDDO         
  C:3B6BH         LINE#         68
  C:3B73H         LINE#         69
  C:3B73H         LINE#         71
  C:3B78H         LINE#         74
  C:3B93H         LINE#         75
  C:3B93H         LINE#         76
  C:3B9AH         LINE#         78
  C:3BAAH         LINE#         80
  -------         ENDPROC       _STEP_MOVE
  -------         PROC          _MOVE
  X:0495H         SYMBOL        distance
  B:0020H.6       SYMBOL        direction
  -------         DO            
  D:0006H         SYMBOL        step
  -------         ENDDO         
  C:3BE6H         LINE#         82
  C:3BECH         LINE#         83
  C:3BECH         LINE#         85
  C:3C13H         LINE#         86
  -------         ENDPROC       _MOVE
BL51 BANKED LINKER/LOCATER V6.22                                                      01/14/2019  17:52:13  PAGE 29


  C:27F3H         SYMBOL        L?0051
  C:2807H         SYMBOL        L?0052
  -------         PROC          L?0050
  -------         ENDPROC       L?0050
  C:27F3H         SYMBOL        L?0051
  C:2807H         SYMBOL        L?0052
  -------         PROC          _FINDDET3X3
  X:062BH         SYMBOL        a11
  X:062FH         SYMBOL        a12
  X:0633H         SYMBOL        a13
  X:0637H         SYMBOL        a21
  X:063BH         SYMBOL        a22
  X:063FH         SYMBOL        a23
  X:0643H         SYMBOL        a31
  X:0647H         SYMBOL        a32
  X:064BH         SYMBOL        a33
  C:2812H         LINE#         90
  C:2818H         LINE#         94
  C:2818H         LINE#         95
  C:29AFH         LINE#         97
  -------         ENDPROC       _FINDDET3X3
  -------         PROC          _FINDDET4X4
  X:05EBH         SYMBOL        a11
  X:05EFH         SYMBOL        a12
  X:05F3H         SYMBOL        a13
  X:05F7H         SYMBOL        a14
  X:05FBH         SYMBOL        a21
  X:05FFH         SYMBOL        a22
  X:0603H         SYMBOL        a23
  X:0607H         SYMBOL        a24
  X:060BH         SYMBOL        a31
  X:060FH         SYMBOL        a32
  X:0613H         SYMBOL        a33
  X:0617H         SYMBOL        a34
  X:061BH         SYMBOL        a41
  X:061FH         SYMBOL        a42
  X:0623H         SYMBOL        a43
  X:0627H         SYMBOL        a44
  C:2080H         LINE#         98
  C:2086H         LINE#         102
  C:2086H         LINE#         109
  C:233FH         LINE#         113
  -------         ENDPROC       _FINDDET4X4
  -------         PROC          L?0056
  -------         ENDPROC       L?0056
  -------         PROC          LINEAR_INTERPOLATE
  X:0495H         SYMBOL        p1
  X:049DH         SYMBOL        p2
  X:04A5H         SYMBOL        x
  -------         DO            
  D:0004H         SYMBOL        fx
  -------         ENDDO         
  C:33ACH         LINE#         119
  C:33ACH         LINE#         120
  C:33ACH         LINE#         123
  C:344BH         LINE#         125
  C:344BH         LINE#         126
BL51 BANKED LINKER/LOCATER V6.22                                                      01/14/2019  17:52:13  PAGE 30


  -------         ENDPROC       LINEAR_INTERPOLATE
  -------         PROC          _UPDATE_POSITION
  D:0001H         SYMBOL        mnths
  D:0002H         SYMBOL        dys
  X:03E8H         SYMBOL        hurs
  X:03E9H         SYMBOL        mns
  X:03EAH         SYMBOL        sconds
  X:03EBH         SYMBOL        currnt_pos
  X:03EEH         SYMBOL        offset_calib
  -------         DO            
  X:03F2H         SYMBOL        date
  X:03F4H         SYMBOL        i
  X:03F6H         SYMBOL        yy
  X:03F8H         SYMBOL        desired_distance
  X:03FCH         SYMBOL        distance
  X:0400H         SYMBOL        JP_pos
  X:0404H         SYMBOL        pos_interpolate_azimuth
  X:0450H         SYMBOL        current_local_sun_time
  X:0454H         SYMBOL        azimuth
  X:0458H         SYMBOL        elevation
  X:045CH         SYMBOL        time_offset
  X:0460H         SYMBOL        UTC_time
  X:0464H         SYMBOL        declination
  X:0468H         SYMBOL        p1
  X:0470H         SYMBOL        p2
  X:0478H         SYMBOL        time
  X:048AH         SYMBOL        location
  X:0492H         SYMBOL        sunCoord
  -------         ENDDO         
  C:094DH         LINE#         130
  C:0956H         LINE#         133
  C:0956H         LINE#         134
  C:0961H         LINE#         136
  C:097DH         LINE#         137
  C:0987H         LINE#         145
  C:0991H         LINE#         146
  C:099BH         LINE#         147
  C:09A5H         LINE#         148
  C:09B0H         LINE#         149
  C:09BBH         LINE#         150
  C:09CFH         LINE#         151
  C:09E0H         LINE#         152
  C:09EFH         LINE#         155
  C:0A03H         LINE#         159
  C:0A55H         LINE#         160
  C:0A5FH         LINE#         161
  C:0AB9H         LINE#         163
  C:0BE1H         LINE#         165
  C:0CB0H         LINE#         172
  C:0CBAH         LINE#         173
  C:0CBAH         LINE#         175
  C:0CD4H         LINE#         176
  C:0CD4H         LINE#         177
  C:0D44H         LINE#         178
  C:0D44H         LINE#         179
  C:0D4BH         LINE#         180
  C:0D4BH         LINE#         181
BL51 BANKED LINKER/LOCATER V6.22                                                      01/14/2019  17:52:13  PAGE 31


  C:0D78H         LINE#         182
  C:0D93H         LINE#         184
  C:0DDAH         LINE#         185
  C:0E0EH         LINE#         187
  C:0E66H         LINE#         188
  C:0E86H         LINE#         190
  C:0E86H         LINE#         191
  C:0E97H         LINE#         194
  C:0EB1H         LINE#         195
  C:0EB1H         LINE#         196
  C:0F21H         LINE#         197
  C:0F21H         LINE#         198
  C:0F4EH         LINE#         199
  C:0F69H         LINE#         201
  C:0F96H         LINE#         202
  C:0FB1H         LINE#         204
  C:0FE3H         LINE#         207
  C:0FE3H         LINE#         209
  C:0FF4H         LINE#         211
  C:102CH         LINE#         213
  C:104EH         LINE#         214
  C:10A9H         LINE#         215
  C:10A9H         LINE#         216
  C:10C3H         LINE#         217
  C:10D5H         LINE#         218
  C:10EDH         LINE#         219
  C:1103H         LINE#         220
  C:110BH         LINE#         221
  C:1127H         LINE#         222
  C:1127H         LINE#         223
  C:1127H         LINE#         226
  -------         ENDPROC       _UPDATE_POSITION
  -------         ENDMOD        BIPOLARMOTOR

  -------         MODULE        SUNPOS
  C:0000H         SYMBOL        _ICE_DUMMY_
  C:1128H         PUBLIC        sunpos
  -------         PROC          SUNPOS
  X:0495H         SYMBOL        udtTime
  X:04A7H         SYMBOL        udtLocation
  X:04AFH         SYMBOL        udtSunCoordinates
  -------         DO            
  X:04B2H         SYMBOL        dElapsedJulianDays
  X:04B6H         SYMBOL        dDecimalHours
  X:04BAH         SYMBOL        dEclipticLongitude
  X:04BEH         SYMBOL        dEclipticObliquity
  X:04C2H         SYMBOL        dRightAscension
  X:04C6H         SYMBOL        dDeclination
  X:04CAH         SYMBOL        dY
  X:04CEH         SYMBOL        dX
  -------         DO            
  X:04D2H         SYMBOL        dJulianDate
  X:04D6H         SYMBOL        liAux1
  X:04DAH         SYMBOL        liAux2
  X:04D2H         SYMBOL        dMeanLongitude
  X:04D6H         SYMBOL        dMeanAnomaly
  X:04DAH         SYMBOL        dOmega
BL51 BANKED LINKER/LOCATER V6.22                                                      01/14/2019  17:52:13  PAGE 32


  X:04D2H         SYMBOL        dSin_EclipticLongitude
  X:04D2H         SYMBOL        dGreenwichMeanSiderealTime
  X:04D6H         SYMBOL        dLocalMeanSiderealTime
  X:04DAH         SYMBOL        dLatitudeInRadians
  X:04DEH         SYMBOL        dHourAngle
  X:04E2H         SYMBOL        dCos_Latitude
  X:04E6H         SYMBOL        dSin_Latitude
  X:04EAH         SYMBOL        dCos_HourAngle
  X:04EEH         SYMBOL        dParallax
  -------         ENDDO         
  -------         DO            
  X:04D2H         SYMBOL        dMeanLongitude
  X:04D6H         SYMBOL        dMeanAnomaly
  X:04DAH         SYMBOL        dOmega
  X:04D2H         SYMBOL        dSin_EclipticLongitude
  X:04D2H         SYMBOL        dGreenwichMeanSiderealTime
  X:04D6H         SYMBOL        dLocalMeanSiderealTime
  X:04DAH         SYMBOL        dLatitudeInRadians
  X:04DEH         SYMBOL        dHourAngle
  X:04E2H         SYMBOL        dCos_Latitude
  X:04E6H         SYMBOL        dSin_Latitude
  X:04EAH         SYMBOL        dCos_HourAngle
  X:04EEH         SYMBOL        dParallax
  -------         ENDDO         
  -------         DO            
  X:04D2H         SYMBOL        dSin_EclipticLongitude
  X:04D2H         SYMBOL        dGreenwichMeanSiderealTime
  X:04D6H         SYMBOL        dLocalMeanSiderealTime
  X:04DAH         SYMBOL        dLatitudeInRadians
  X:04DEH         SYMBOL        dHourAngle
  X:04E2H         SYMBOL        dCos_Latitude
  X:04E6H         SYMBOL        dSin_Latitude
  X:04EAH         SYMBOL        dCos_HourAngle
  X:04EEH         SYMBOL        dParallax
  -------         ENDDO         
  -------         DO            
  X:04D2H         SYMBOL        dGreenwichMeanSiderealTime
  X:04D6H         SYMBOL        dLocalMeanSiderealTime
  X:04DAH         SYMBOL        dLatitudeInRadians
  X:04DEH         SYMBOL        dHourAngle
  X:04E2H         SYMBOL        dCos_Latitude
  X:04E6H         SYMBOL        dSin_Latitude
  X:04EAH         SYMBOL        dCos_HourAngle
  X:04EEH         SYMBOL        dParallax
  -------         ENDDO         
  -------         ENDDO         
  C:1128H         LINE#         6
  C:1128H         LINE#         7
  C:1128H         LINE#         9
  C:1128H         LINE#         27
  C:1172H         LINE#         30
  C:1193H         LINE#         31
  C:12DAH         LINE#         34
  C:1326H         LINE#         36
  C:1345H         LINE#         37
  C:1345H         LINE#         42
  C:1345H         LINE#         46
BL51 BANKED LINKER/LOCATER V6.22                                                      01/14/2019  17:52:13  PAGE 33


  C:1377H         LINE#         47
  C:13A1H         LINE#         48
  C:13CBH         LINE#         49
  C:1478H         LINE#         52
  C:14D9H         LINE#         54
  C:14D9H         LINE#         59
  C:14D9H         LINE#         61
  C:14F0H         LINE#         62
  C:1518H         LINE#         63
  C:152FH         LINE#         64
  C:155AH         LINE#         65
  C:1591H         LINE#         66
  C:15BCH         LINE#         67
  C:15BCH         LINE#         70
  C:15BCH         LINE#         79
  C:15F7H         LINE#         82
  C:1631H         LINE#         84
  C:1656H         LINE#         85
  C:1675H         LINE#         86
  C:168CH         LINE#         87
  C:16A3H         LINE#         88
  C:16BAH         LINE#         89
  C:1743H         LINE#         91
  C:175DH         LINE#         92
  C:17BFH         LINE#         93
  C:17F5H         LINE#         94
  C:1807H         LINE#         95
  C:1834H         LINE#         96
  C:1861H         LINE#         98
  C:1883H         LINE#         100
  C:18BBH         LINE#         103
  C:18BBH         LINE#         104
  C:18C9H         LINE#         105
  -------         ENDPROC       SUNPOS
  -------         ENDMOD        SUNPOS

  -------         MODULE        ADC
  C:0000H         SYMBOL        _ICE_DUMMY_
  D:0092H         PUBLIC        P1M0
  D:0091H         PUBLIC        P1M1
  D:0080H         PUBLIC        P0
  D:0090H         PUBLIC        P1
  D:00A0H         PUBLIC        P2
  D:00B0H         PUBLIC        P3
  D:00C0H         PUBLIC        P4
  D:00C8H         PUBLIC        P5
  D:00E8H         PUBLIC        P6
  D:00F8H         PUBLIC        P7
  D:00A8H         PUBLIC        IE
  D:00BDH         PUBLIC        ADC_RES
  D:00B8H         PUBLIC        IP
  D:0097H         PUBLIC        CLK_DIV
  D:00D8H         PUBLIC        CCON
  D:00BCH         PUBLIC        ADC_CONTR
  D:0098H         PUBLIC        SCON
  D:0088H         PUBLIC        TCON
  C:3DC9H         PUBLIC        ADC_Init
BL51 BANKED LINKER/LOCATER V6.22                                                      01/14/2019  17:52:13  PAGE 34


  C:3C9FH         PUBLIC        _ADC_GetResult
  D:009DH         PUBLIC        P1ASF
  D:00BEH         PUBLIC        ADC_RESL
  D:00D0H         PUBLIC        PSW
  -------         PROC          ADC_INIT
  C:3DC9H         LINE#         7
  C:3DC9H         LINE#         8
  C:3DC9H         LINE#         10
  C:3DCCH         LINE#         11
  C:3DCFH         LINE#         12
  C:3DD2H         LINE#         13
  C:3DD5H         LINE#         15
  C:3DD7H         LINE#         16
  C:3DDAH         LINE#         18
  -------         ENDPROC       ADC_INIT
  -------         PROC          _ADC_GETRESULT
  D:0007H         SYMBOL        ch
  -------         DO            
  D:0006H         SYMBOL        ADC_Value
  -------         ENDDO         
  C:3C9FH         LINE#         23
  C:3C9FH         LINE#         24
  C:3C9FH         LINE#         26
  C:3CA4H         LINE#         27
  C:3CA5H         LINE#         28
  C:3CA6H         LINE#         29
  C:3CA7H         LINE#         30
  C:3CA8H         LINE#         31
  C:3CADH         LINE#         32
  C:3CB0H         LINE#         33
  C:3CB4H         LINE#         34
  C:3CC4H         LINE#         35
  C:3CC4H         LINE#         36
  -------         ENDPROC       _ADC_GETRESULT
  -------         ENDMOD        ADC

  -------         MODULE        CALIBRATION
  C:0000H         SYMBOL        _ICE_DUMMY_
  D:0080H         PUBLIC        P0
  D:0090H         PUBLIC        P1
  D:00A0H         PUBLIC        P2
  D:00B0H         PUBLIC        P3
  D:00C0H         PUBLIC        P4
  D:00C8H         PUBLIC        P5
  D:00E8H         PUBLIC        P6
  D:00F8H         PUBLIC        P7
  C:3772H         PUBLIC        _Max_Value
  D:00A8H         PUBLIC        IE
  C:3218H         PUBLIC        _calibration
  C:32E0H         PUBLIC        voltage_is_stable
  D:00B8H         PUBLIC        IP
  D:00D8H         PUBLIC        CCON
  D:0098H         PUBLIC        SCON
  D:0088H         PUBLIC        TCON
  C:25E0H         PUBLIC        _Find_Real_Max
  D:00D0H         PUBLIC        PSW
  -------         PROC          VOLTAGE_IS_STABLE
[...]
  -------         ENDPROC       _MAX_VALUE
  -------         PROC          _CALIBRATION
  X:03D6H         SYMBOL        mnths
  X:03D7H         SYMBOL        dys
  X:03D8H         SYMBOL        hurs
  X:03D9H         SYMBOL        mns
  X:03DAH         SYMBOL        sconds
  X:03DBH         SYMBOL        currnt_pos
  -------         DO            
  X:03DEH         SYMBOL        calib_value
  X:03E2H         SYMBOL        JP_max_pos
  -------         ENDDO         
  C:3218H         LINE#         84
  C:3223H         LINE#         87
  C:3223H         LINE#         88
  C:322DH         LINE#         89
  C:3241H         LINE#         91
  C:324BH         LINE#         92
  C:324BH         LINE#         94
  C:3281H         LINE#         96
  C:328AH         LINE#         97
  C:32AFH         LINE#         98
  C:32CBH         LINE#         99
  C:32DAH         LINE#         100
  C:32DAH         LINE#         102
  C:32DFH         LINE#         103
  -------         ENDPROC       _CALIBRATION
  -------         ENDMOD        CALIBRATION

  -------         MODULE        IOEXPANDER_PI4IOE5V96248
  C:0000H         SYMBOL        _ICE_DUMMY_
  D:0080H         PUBLIC        P0
  B:00C8H.4       PUBLIC        I2C_SCK
  D:0090H         PUBLIC        P1
  D:00A0H         PUBLIC        P2
  D:00B0H         PUBLIC        P3
  D:00C0H         PUBLIC        P4
  D:00C8H         PUBLIC        P5
  D:00E8H         PUBLIC        P6
  D:00F8H         PUBLIC        P7
  D:00A8H         PUBLIC        IE
BL51 BANKED LINKER/LOCATER V6.22                                                      01/14/2019  17:52:13  PAGE 37


  D:00B8H         PUBLIC        IP
  D:00D8H         PUBLIC        CCON
  C:3E66H         PUBLIC        I2C_Start
  D:0098H         PUBLIC        SCON
  D:0088H         PUBLIC        TCON
  C:344CH         PUBLIC        _Write_PI4IOE5V96248
  C:3E75H         PUBLIC        uC_NACK
  C:3C5AH         PUBLIC        _Wait_ms_i2c
  C:3C7DH         PUBLIC        _I2C_SendByte
  C:3DF6H         PUBLIC        I2C_Stop
  C:3EE5H         PUBLIC        nop
  C:3ED5H         PUBLIC        uC_ACK
  C:3DE0H         PUBLIC        I2C_ACK
  B:00C0H.7       PUBLIC        I2C_SDA
  D:00D0H         PUBLIC        PSW
  C:3C54H         SYMBOL        L?0031
  C:3C56H         SYMBOL        L?0032
  -------         PROC          L?0030
  -------         ENDPROC       L?0030
  C:3C54H         SYMBOL        L?0031
  C:3C56H         SYMBOL        L?0032
  -------         PROC          _WAIT_MS_I2C
  D:0006H         SYMBOL        ms
  -------         DO            
  D:0004H         SYMBOL        De_Cnt
  -------         ENDDO         
  C:3C5AH         LINE#         7
  C:3C5AH         LINE#         8
  C:3C5AH         LINE#         10
  C:3C64H         LINE#         11
  C:3C64H         LINE#         12
  C:3C77H         LINE#         13
  C:3C77H         LINE#         14
  -------         ENDPROC       _WAIT_MS_I2C
  -------         PROC          NOP
  C:3EE5H         LINE#         16
  C:3EE5H         LINE#         17
  C:3EE5H         LINE#         19
  -------         ENDPROC       NOP
  -------         PROC          I2C_START
  C:3E66H         LINE#         20
  C:3E66H         LINE#         21
  C:3E66H         LINE#         23
  C:3E68H         LINE#         24
  C:3E6AH         LINE#         25
  C:3E6DH         LINE#         26
  C:3E6FH         LINE#         27
  C:3E72H         LINE#         28
  C:3E74H         LINE#         31
  -------         ENDPROC       I2C_START
  -------         PROC          I2C_STOP
  C:3DF6H         LINE#         33
  C:3DF6H         LINE#         34
  C:3DF6H         LINE#         35
  C:3DF8H         LINE#         36
  C:3DFAH         LINE#         37
  C:3DFDH         LINE#         38
BL51 BANKED LINKER/LOCATER V6.22                                                      01/14/2019  17:52:13  PAGE 38


  C:3DFFH         LINE#         39
  C:3E01H         LINE#         40
  C:3E08H         LINE#         41
  C:3E0AH         LINE#         44
  -------         ENDPROC       I2C_STOP
  -------         PROC          I2C_ACK
  -------         DO            
  X:04A0H         SYMBOL        i
  D:0003H         SYMBOL        dat
  -------         ENDDO         
  C:3DE0H         LINE#         46
  C:3DE0H         LINE#         47
  C:3DE0H         LINE#         49
  C:3DE1H         LINE#         54
  C:3DE4H         LINE#         55
  C:3DE6H         LINE#         56
  C:3DE9H         LINE#         58
  C:3DECH         LINE#         59
  C:3DECH         LINE#         60
  C:3DF0H         LINE#         61
  C:3DF0H         LINE#         64
  C:3DF0H         LINE#         65
  C:3DF3H         LINE#         66
  C:3DF3H         LINE#         67
  C:3DF5H         LINE#         68
  -------         ENDPROC       I2C_ACK
  -------         PROC          UC_ACK
  -------         DO            
  X:067DH         SYMBOL        i
  -------         ENDDO         
  C:3ED5H         LINE#         69
  C:3ED5H         LINE#         70
  C:3ED5H         LINE#         72
  C:3ED5H         LINE#         79
  C:3ED5H         LINE#         81
  C:3ED5H         LINE#         83
  C:3ED5H         LINE#         84
  C:3ED5H         LINE#         87
  C:3ED8H         LINE#         88
  C:3EDAH         LINE#         89
  C:3EDAH         LINE#         93
  -------         ENDPROC       UC_ACK
  -------         PROC          UC_NACK
  -------         DO            
  X:067EH         SYMBOL        i
  -------         ENDDO         
  C:3E75H         LINE#         95
  C:3E75H         LINE#         96
  C:3E75H         LINE#         98
  C:3E75H         LINE#         102
  C:3E77H         LINE#         105
  C:3E77H         LINE#         106
  C:3E79H         LINE#         107
  C:3E79H         LINE#         109
  C:3E79H         LINE#         110
  C:3E79H         LINE#         113
  C:3E7CH         LINE#         114
BL51 BANKED LINKER/LOCATER V6.22                                                      01/14/2019  17:52:13  PAGE 39


  C:3E7EH         LINE#         115
  C:3E81H         LINE#         116
  C:3E83H         LINE#         117
  C:3E83H         LINE#         121
  -------         ENDPROC       UC_NACK
  C:3C79H         SYMBOL        L?0034
  -------         PROC          L?0033
  -------         ENDPROC       L?0033
  C:3C79H         SYMBOL        L?0034
  -------         PROC          _I2C_SENDBYTE
  D:0001H         SYMBOL        dat
  -------         DO            
  D:0003H         SYMBOL        i
  -------         ENDDO         
  C:3C7DH         LINE#         125
  C:3C7FH         LINE#         126
  C:3C7FH         LINE#         129
  C:3C81H         LINE#         130
  C:3C81H         LINE#         131
  C:3C83H         LINE#         133
  C:3C87H         LINE#         134
  C:3C87H         LINE#         135
  C:3C89H         LINE#         136
  C:3C8BH         LINE#         138
  C:3C8BH         LINE#         139
  C:3C8DH         LINE#         140
  C:3C8DH         LINE#         141
  C:3C90H         LINE#         142
  C:3C92H         LINE#         144
  C:3C96H         LINE#         145
  C:3C99H         LINE#         146
  C:3C9EH         LINE#         147
  -------         ENDPROC       _I2C_SENDBYTE
  -------         PROC          _WRITE_PI4IOE5V96248
  X:049DH         SYMBOL        xdat
  C:344CH         LINE#         148
  C:3457H         LINE#         149
  C:3457H         LINE#         150
  C:345AH         LINE#         151
  C:3461H         LINE#         152
  C:3466H         LINE#         153
  C:346CH         LINE#         154
  C:346CH         LINE#         155
  C:347EH         LINE#         156
  C:347EH         LINE#         158
  C:3484H         LINE#         159
  C:3484H         LINE#         160
  C:3494H         LINE#         161
  C:3494H         LINE#         162
  C:349AH         LINE#         163
  C:349AH         LINE#         164
  C:34AAH         LINE#         165
  C:34AAH         LINE#         166
  C:34B0H         LINE#         167
  C:34B0H         LINE#         168
  C:34C1H         LINE#         169
  C:34C1H         LINE#         171
BL51 BANKED LINKER/LOCATER V6.22                                                      01/14/2019  17:52:13  PAGE 40


  C:34C7H         LINE#         172
  C:34C7H         LINE#         173
  C:34D8H         LINE#         174
  C:34D8H         LINE#         175
  C:34DEH         LINE#         176
  C:34DEH         LINE#         177
  C:34EFH         LINE#         178
  C:34EFH         LINE#         180
  C:34F5H         LINE#         181
  C:34F8H         LINE#         182
  -------         ENDPROC       _WRITE_PI4IOE5V96248
  -------         ENDMOD        IOEXPANDER_PI4IOE5V96248

  -------         MODULE        ?C_STARTUP
  C:3805H         SEGMENT       ?C_C51STARTUP
  I:0022H         SEGMENT       ?STACK
  C:0000H         PUBLIC        ?C_STARTUP
  D:00E0H         SYMBOL        ACC
  D:00F0H         SYMBOL        B
  D:0083H         SYMBOL        DPH
  D:0082H         SYMBOL        DPL
  N:0000H         SYMBOL        IBPSTACK
  N:0100H         SYMBOL        IBPSTACKTOP
  N:0080H         SYMBOL        IDATALEN
  C:3808H         SYMBOL        IDATALOOP
  N:0000H         SYMBOL        PBPSTACK
  N:0100H         SYMBOL        PBPSTACKTOP
  N:0000H         SYMBOL        PDATALEN
  N:0000H         SYMBOL        PDATASTART
  N:0000H         SYMBOL        PPAGE
  N:0000H         SYMBOL        PPAGEENABLE
  D:00A0H         SYMBOL        PPAGE_SFR
  D:0081H         SYMBOL        SP
  C:3805H         SYMBOL        STARTUP1
  N:0000H         SYMBOL        XBPSTACK
  N:0000H         SYMBOL        XBPSTACKTOP
  N:0000H         SYMBOL        XDATALEN
  N:0000H         SYMBOL        XDATASTART
  C:0000H         LINE#         126
  C:3805H         LINE#         133
  C:3807H         LINE#         134
  C:3808H         LINE#         135
  C:3809H         LINE#         136
  C:380BH         LINE#         185
  C:380EH         LINE#         196
  -------         ENDMOD        ?C_STARTUP

  -------         MODULE        ?C?FPADD
  C:002DH         PUBLIC        ?C?FPADD
  C:0029H         PUBLIC        ?C?FPSUB
  -------         ENDMOD        ?C?FPADD

  -------         MODULE        ?C?FPMUL
  C:011EH         PUBLIC        ?C?FPMUL
  -------         ENDMOD        ?C?FPMUL

  -------         MODULE        ?C?FPDIV
BL51 BANKED LINKER/LOCATER V6.22                                                      01/14/2019  17:52:13  PAGE 41


  C:0227H         PUBLIC        ?C?FPDIV
  -------         ENDMOD        ?C?FPDIV

  -------         MODULE        ?C?FPCMP
  C:02C6H         PUBLIC        ?C?FPCMP
  C:02C4H         PUBLIC        ?C?FPCMP3
  -------         ENDMOD        ?C?FPCMP

  -------         MODULE        ?C?FPNEG
  C:033DH         PUBLIC        ?C?FPNEG
  -------         ENDMOD        ?C?FPNEG

  -------         MODULE        ?C?FCAST
  C:0358H         PUBLIC        ?C?FCASTC
  C:0353H         PUBLIC        ?C?FCASTI
  C:034EH         PUBLIC        ?C?FCASTL
  -------         ENDMOD        ?C?FCAST

  -------         MODULE        ?C?CASTF
  C:038CH         PUBLIC        ?C?CASTF
  -------         ENDMOD        ?C?CASTF

  -------         MODULE        ATAN2
  X:04F2H         PUBLIC        ?_atan2?BYTE
  C:35A5H         PUBLIC        _atan2
  -------         ENDMOD        ATAN2

  -------         MODULE        SIN
  C:2EDBH         PUBLIC        _COS
  C:2EF1H         PUBLIC        _SIN
  C:2F2DH         PUBLIC        _TAN
  -------         ENDMOD        SIN

  -------         MODULE        ACOS
  C:3A9DH         PUBLIC        _ACOS
  -------         ENDMOD        ACOS

  -------         MODULE        ASIN
  C:3BABH         PUBLIC        _ASIN
  -------         ENDMOD        ASIN

  -------         MODULE        SQRT
  C:34FDH         PUBLIC        _SQRT
  -------         ENDMOD        SQRT

  -------         MODULE        ATAN
  C:303BH         PUBLIC        _ATAN
  -------         ENDMOD        ATAN

  -------         MODULE        ?C?COPY
  C:052AH         PUBLIC        ?C?COPY
  -------         ENDMOD        ?C?COPY

  -------         MODULE        ?C?CLDPTR
  C:0550H         PUBLIC        ?C?CLDPTR
  -------         ENDMOD        ?C?CLDPTR

BL51 BANKED LINKER/LOCATER V6.22                                                      01/14/2019  17:52:13  PAGE 42


  -------         MODULE        ?C?CLDOPTR
  C:0569H         PUBLIC        ?C?CLDOPTR
  -------         ENDMOD        ?C?CLDOPTR

  -------         MODULE        ?C?CSTPTR
  C:0596H         PUBLIC        ?C?CSTPTR
  -------         ENDMOD        ?C?CSTPTR

  -------         MODULE        ?C?IMUL
  C:05A8H         PUBLIC        ?C?IMUL
  -------         ENDMOD        ?C?IMUL

  -------         MODULE        ?C?UIDIV
  C:05BAH         PUBLIC        ?C?UIDIV
  -------         ENDMOD        ?C?UIDIV

  -------         MODULE        ?C?SIDIV
  C:060FH         PUBLIC        ?C?SIDIV
  -------         ENDMOD        ?C?SIDIV

  -------         MODULE        ?C?ILDIX
  C:0645H         PUBLIC        ?C?ILDIX
  -------         ENDMOD        ?C?ILDIX

  -------         MODULE        ?C?ILDOPTR
  C:065BH         PUBLIC        ?C?ILDOPTR
  -------         ENDMOD        ?C?ILDOPTR

  -------         MODULE        ?C?LMUL
  C:0693H         PUBLIC        ?C?LMUL
  -------         ENDMOD        ?C?LMUL

  -------         MODULE        ?C?SLDIV
  C:3AE7H         PUBLIC        ?C?SLDIV
  -------         ENDMOD        ?C?SLDIV

  -------         MODULE        ?C?LNEG
  C:06E2H         PUBLIC        ?C?LNEG
  -------         ENDMOD        ?C?LNEG

  -------         MODULE        ?C?LLDPTR
  C:06F0H         PUBLIC        ?C?LLDPTR
  -------         ENDMOD        ?C?LLDPTR

  -------         MODULE        ?C?LLDOPTR
  C:0710H         PUBLIC        ?C?LLDOPTR
  -------         ENDMOD        ?C?LLDOPTR

  -------         MODULE        ?C?LSTPTR
  C:0740H         PUBLIC        ?C?LSTPTR
  -------         ENDMOD        ?C?LSTPTR

  -------         MODULE        ?C?LSTOPTR
  C:075AH         PUBLIC        ?C?LSTOPTR
  -------         ENDMOD        ?C?LSTOPTR

  -------         MODULE        ?C?LLDXDATA
BL51 BANKED LINKER/LOCATER V6.22                                                      01/14/2019  17:52:13  PAGE 43


  C:077EH         PUBLIC        ?C?LLDXDATA
  -------         ENDMOD        ?C?LLDXDATA

  -------         MODULE        ?C?LLDCODE
  C:078AH         PUBLIC        ?C?LLDCODE
  -------         ENDMOD        ?C?LLDCODE

  -------         MODULE        ?C?LLDXDATA0
  C:079AH         PUBLIC        ?C?LLDXDATA0
  -------         ENDMOD        ?C?LLDXDATA0

  -------         MODULE        ?C?LLDCODE0
  C:07A6H         PUBLIC        ?C?LLDCODE0
  -------         ENDMOD        ?C?LLDCODE0

  -------         MODULE        ?C?LLDPTR0
  C:07B6H         PUBLIC        ?C?LLDPTR0
  -------         ENDMOD        ?C?LLDPTR0

  -------         MODULE        ?C?LSTXDATA
  C:07D6H         PUBLIC        ?C?LSTXDATA
  -------         ENDMOD        ?C?LSTXDATA

  -------         MODULE        ?C?LSTKXDATA
  C:07E2H         PUBLIC        ?C?LSTKXDATA
  -------         ENDMOD        ?C?LSTKXDATA

  -------         MODULE        ?C?OFFXADD
  C:0813H         PUBLIC        ?C?OFFXADD
  -------         ENDMOD        ?C?OFFXADD

  -------         MODULE        ABS
  C:3EACH         PUBLIC        _ABS
  -------         ENDMOD        ABS

  -------         MODULE        ATOI
  C:313DH         PUBLIC        _atoi
  -------         ENDMOD        ATOI

  -------         MODULE        ?C?IILDX
  C:081FH         PUBLIC        ?C?IILDX
  -------         ENDMOD        ?C?IILDX

  -------         MODULE        ?C?ULDIV
  C:0871H         PUBLIC        ?C?ULDIV
  -------         ENDMOD        ?C?ULDIV

  -------         MODULE        ?C?LLDIDATA
  C:0903H         PUBLIC        ?C?LLDIDATA
  -------         ENDMOD        ?C?LLDIDATA

  -------         MODULE        ?C?LLDPDATA
  C:090FH         PUBLIC        ?C?LLDPDATA
  -------         ENDMOD        ?C?LLDPDATA

  -------         MODULE        ?C?LLDIDATA0
  C:091BH         PUBLIC        ?C?LLDIDATA0
BL51 BANKED LINKER/LOCATER V6.22                                                      01/14/2019  17:52:13  PAGE 44


  -------         ENDMOD        ?C?LLDIDATA0

  -------         MODULE        ?C?LLDPDATA0
  C:0928H         PUBLIC        ?C?LLDPDATA0
  -------         ENDMOD        ?C?LLDPDATA0

  -------         MODULE        ?C?LSTIDATA
  C:0935H         PUBLIC        ?C?LSTIDATA
  -------         ENDMOD        ?C?LSTIDATA

  -------         MODULE        ?C?LSTPDATA
  C:0941H         PUBLIC        ?C?LSTPDATA
  -------         ENDMOD        ?C?LSTPDATA

  -------         MODULE        ISDIGIT
  C:3E84H         PUBLIC        _isdigit
  -------         ENDMOD        ISDIGIT

  -------         MODULE        ISSPACE
  C:3E1FH         PUBLIC        _isspace
  -------         ENDMOD        ISSPACE

*** WARNING L16: UNCALLED SEGMENT, IGNORED FOR OVERLAY PROCESS
    SEGMENT: ?PR?_CALIB_INTERPOLATE?MAIN

*** WARNING L16: UNCALLED SEGMENT, IGNORED FOR OVERLAY PROCESS
    SEGMENT: ?PR?_DISPLAY_PROX?MAIN

*** WARNING L16: UNCALLED SEGMENT, IGNORED FOR OVERLAY PROCESS
    SEGMENT: ?PR?INITUART1?UART1

*** WARNING L16: UNCALLED SEGMENT, IGNORED FOR OVERLAY PROCESS
    SEGMENT: ?PR?_SENDSTRING?UART1

*** WARNING L16: UNCALLED SEGMENT, IGNORED FOR OVERLAY PROCESS
    SEGMENT: ?PR?_TEN?UART1

*** WARNING L16: UNCALLED SEGMENT, IGNORED FOR OVERLAY PROCESS
    SEGMENT: ?PR?_UNIT?UART1

*** WARNING L16: UNCALLED SEGMENT, IGNORED FOR OVERLAY PROCESS
    SEGMENT: ?PR?_DECTOBCD?UART1

*** WARNING L16: UNCALLED SEGMENT, IGNORED FOR OVERLAY PROCESS
    SEGMENT: ?PR?_ASCII_LETTER?UART1

*** WARNING L16: UNCALLED SEGMENT, IGNORED FOR OVERLAY PROCESS
    SEGMENT: ?PR?WAIT?BIPOLARMOTOR

*** WARNING L16: UNCALLED SEGMENT, IGNORED FOR OVERLAY PROCESS
    SEGMENT: ?PR?_FINDDET4X4?BIPOLARMOTOR

*** WARNING L16: UNCALLED SEGMENT, IGNORED FOR OVERLAY PROCESS
    SEGMENT: ?PR?NOP?IOEXPANDER_PI4IOE5V96248

*** WARNING L16: UNCALLED SEGMENT, IGNORED FOR OVERLAY PROCESS
    SEGMENT: ?PR?UC_ACK?IOEXPANDER_PI4IOE5V96248
BL51 BANKED LINKER/LOCATER V6.22                                                      01/14/2019  17:52:13  PAGE 45



*** WARNING L16: UNCALLED SEGMENT, IGNORED FOR OVERLAY PROCESS
    SEGMENT: ?PR?UC_NACK?IOEXPANDER_PI4IOE5V96248

*** WARNING L1: UNRESOLVED EXTERNAL SYMBOL
    SYMBOL:  AUTO_MODE
    MODULE:  .\Obj\main.obj (MAIN)

*** WARNING L2: REFERENCE MADE TO UNRESOLVED EXTERNAL
    SYMBOL:  AUTO_MODE
    MODULE:  .\Obj\main.obj (MAIN)
    ADDRESS: 1D01H

*** WARNING L2: REFERENCE MADE TO UNRESOLVED EXTERNAL
    SYMBOL:  AUTO_MODE
    MODULE:  .\Obj\main.obj (MAIN)
    ADDRESS: 1DD1H

*** WARNING L2: REFERENCE MADE TO UNRESOLVED EXTERNAL
    SYMBOL:  AUTO_MODE
    MODULE:  .\Obj\main.obj (MAIN)
    ADDRESS: 1DDFH

*** WARNING L2: REFERENCE MADE TO UNRESOLVED EXTERNAL
    SYMBOL:  AUTO_MODE
    MODULE:  .\Obj\main.obj (MAIN)
    ADDRESS: 1DF1H

*** WARNING L2: REFERENCE MADE TO UNRESOLVED EXTERNAL
    SYMBOL:  AUTO_MODE
    MODULE:  .\Obj\main.obj (MAIN)
    ADDRESS: 1E33H

*** WARNING L2: REFERENCE MADE TO UNRESOLVED EXTERNAL
    SYMBOL:  AUTO_MODE
    MODULE:  .\Obj\main.obj (MAIN)
    ADDRESS: 1F06H

*** WARNING L1: UNRESOLVED EXTERNAL SYMBOL
    SYMBOL:  AUTO_MODE
    MODULE:  .\Obj\KeyPad.obj (KEYPAD)

*** WARNING L2: REFERENCE MADE TO UNRESOLVED EXTERNAL
    SYMBOL:  AUTO_MODE
    MODULE:  .\Obj\KeyPad.obj (KEYPAD)
    ADDRESS: 238DH

*** WARNING L2: REFERENCE MADE TO UNRESOLVED EXTERNAL
    SYMBOL:  AUTO_MODE
    MODULE:  .\Obj\KeyPad.obj (KEYPAD)
    ADDRESS: 2398H

*** WARNING L2: REFERENCE MADE TO UNRESOLVED EXTERNAL
    SYMBOL:  AUTO_MODE
    MODULE:  .\Obj\KeyPad.obj (KEYPAD)
    ADDRESS: 239FH

BL51 BANKED LINKER/LOCATER V6.22                                                      01/14/2019  17:52:13  PAGE 46


Program Size: data=18.2 xdata=1663 code=16102
LINK/LOCATE RUN COMPLETE.  24 WARNING(S),  0 ERROR(S)
