BL51 BANKED LINKER/LOCATER V6.22                                                        06/03/2019  14:17:28  PAGE 1


BL51 BANKED LINKER/LOCATER V6.22, INVOKED BY:
C:\KEIL_V5\C51\BIN\BL51.EXE .\Obj\main.obj, .\Obj\PCF85063BTL.obj, .\Obj\LCd_Driver_SPLC780D.obj, .\Obj\KeyPad.obj, .\Ob
>> j\BipolarMotor.obj, .\Obj\SunPos.obj, .\Obj\ADC.obj, .\Obj\Calibration.obj, .\Obj\IOExpander_PI4IOE5V96248.obj, .\Obj
>> \AT25SF041.obj, .\Obj\SI1120.obj, .\Obj\UART1.obj, .\Obj\STARTUP.obj TO .\Obj\GPIO_RTC_Test PRINT (.\Lis\GPIO_RTC_Tes
>> t.m51) RAMSIZE (256)


MEMORY MODEL: LARGE WITH FLOATING POINT ARITHMETIC


INPUT MODULES INCLUDED:
  .\Obj\main.obj (MAIN)
  .\Obj\PCF85063BTL.obj (PCF85063BTL)
  .\Obj\LCd_Driver_SPLC780D.obj (LCD_DRIVER_SPLC780D)
  .\Obj\KeyPad.obj (KEYPAD)
  .\Obj\BipolarMotor.obj (BIPOLARMOTOR)
  .\Obj\SunPos.obj (SUNPOS)
  .\Obj\ADC.obj (ADC)
  .\Obj\Calibration.obj (CALIBRATION)
  .\Obj\IOExpander_PI4IOE5V96248.obj (IOEXPANDER_PI4IOE5V96248)
  .\Obj\AT25SF041.obj (AT25SF041)
  .\Obj\SI1120.obj (SI1120)
  .\Obj\UART1.obj (UART1)
  .\Obj\STARTUP.obj (?C_STARTUP)
  C:\KEIL_V5\C51\LIB\C51FPL.LIB (?C?FPADD)
  C:\KEIL_V5\C51\LIB\C51FPL.LIB (?C?FPMUL)
  C:\KEIL_V5\C51\LIB\C51FPL.LIB (?C?FPDIV)
  C:\KEIL_V5\C51\LIB\C51FPL.LIB (?C?FPCMP)
  C:\KEIL_V5\C51\LIB\C51FPL.LIB (?C?FPNEG)
  C:\KEIL_V5\C51\LIB\C51FPL.LIB (?C?FCAST)
  C:\KEIL_V5\C51\LIB\C51FPL.LIB (?C?CASTF)
  C:\KEIL_V5\C51\LIB\C51FPL.LIB (PRINTF)
  C:\KEIL_V5\C51\LIB\C51FPL.LIB (ATAN2)
  C:\KEIL_V5\C51\LIB\C51FPL.LIB (SIN)
  C:\KEIL_V5\C51\LIB\C51FPL.LIB (ACOS)
  C:\KEIL_V5\C51\LIB\C51FPL.LIB (ASIN)
  C:\KEIL_V5\C51\LIB\C51FPL.LIB (POW)
  C:\KEIL_V5\C51\LIB\C51FPL.LIB (?C?FPGETOPN)
  C:\KEIL_V5\C51\LIB\C51FPL.LIB (?C?CHKFLOAT)
  C:\KEIL_V5\C51\LIB\C51FPL.LIB (?C?FPROUND)
  C:\KEIL_V5\C51\LIB\C51FPL.LIB (?C?FPCONVERT)
  C:\KEIL_V5\C51\LIB\C51FPL.LIB (?C?FPSERIES)
  C:\KEIL_V5\C51\LIB\C51FPL.LIB (EXP)
  C:\KEIL_V5\C51\LIB\C51FPL.LIB (LOG)
  C:\KEIL_V5\C51\LIB\C51FPL.LIB (SQRT)
  C:\KEIL_V5\C51\LIB\C51FPL.LIB (ATAN)
  C:\KEIL_V5\C51\LIB\C51FPL.LIB (?C?FTNPWR)
  C:\KEIL_V5\C51\LIB\C51L.LIB (?C_INIT)
  C:\KEIL_V5\C51\LIB\C51L.LIB (?C?COPY)
  C:\KEIL_V5\C51\LIB\C51L.LIB (?C?CLDPTR)
  C:\KEIL_V5\C51\LIB\C51L.LIB (?C?CLDOPTR)
  C:\KEIL_V5\C51\LIB\C51L.LIB (?C?CSTPTR)
  C:\KEIL_V5\C51\LIB\C51L.LIB (?C?IMUL)
  C:\KEIL_V5\C51\LIB\C51L.LIB (?C?UIDIV)
  C:\KEIL_V5\C51\LIB\C51L.LIB (?C?SIDIV)
  C:\KEIL_V5\C51\LIB\C51L.LIB (?C?ILDIX)
  C:\KEIL_V5\C51\LIB\C51L.LIB (?C?ILDOPTR)
  C:\KEIL_V5\C51\LIB\C51L.LIB (?C?ISTPTR)
BL51 BANKED LINKER/LOCATER V6.22                                                      06/03/2019  14:17:28  PAGE 2


  C:\KEIL_V5\C51\LIB\C51L.LIB (?C?LMUL)
  C:\KEIL_V5\C51\LIB\C51L.LIB (?C?SLDIV)
  C:\KEIL_V5\C51\LIB\C51L.LIB (?C?LNEG)
  C:\KEIL_V5\C51\LIB\C51L.LIB (?C?ULCMP)
  C:\KEIL_V5\C51\LIB\C51L.LIB (?C?LSHL)
  C:\KEIL_V5\C51\LIB\C51L.LIB (?C?LLDPTR)
  C:\KEIL_V5\C51\LIB\C51L.LIB (?C?LLDOPTR)
  C:\KEIL_V5\C51\LIB\C51L.LIB (?C?LSTPTR)
  C:\KEIL_V5\C51\LIB\C51L.LIB (?C?LSTOPTR)
  C:\KEIL_V5\C51\LIB\C51L.LIB (?C?LLDXDATA)
  C:\KEIL_V5\C51\LIB\C51L.LIB (?C?LLDCODE)
  C:\KEIL_V5\C51\LIB\C51L.LIB (?C?LLDXDATA0)
  C:\KEIL_V5\C51\LIB\C51L.LIB (?C?LLDCODE0)
  C:\KEIL_V5\C51\LIB\C51L.LIB (?C?LLDPTR0)
  C:\KEIL_V5\C51\LIB\C51L.LIB (?C?LSTXDATA)
  C:\KEIL_V5\C51\LIB\C51L.LIB (?C?LSTKXDATA)
  C:\KEIL_V5\C51\LIB\C51L.LIB (?C?LSTKPTR)
  C:\KEIL_V5\C51\LIB\C51L.LIB (?C?OFFXADD)
  C:\KEIL_V5\C51\LIB\C51L.LIB (?C?PLDIXDATA)
  C:\KEIL_V5\C51\LIB\C51L.LIB (?C?PSTXDATA)
  C:\KEIL_V5\C51\LIB\C51L.LIB (?C?CCASE)
  C:\KEIL_V5\C51\LIB\C51L.LIB (PUTCHAR)
  C:\KEIL_V5\C51\LIB\C51L.LIB (ATOI)
  C:\KEIL_V5\C51\LIB\C51L.LIB (?C?IILDX)
  C:\KEIL_V5\C51\LIB\C51L.LIB (?C?ULDIV)
  C:\KEIL_V5\C51\LIB\C51L.LIB (?C?LLDIDATA)
  C:\KEIL_V5\C51\LIB\C51L.LIB (?C?LLDPDATA)
  C:\KEIL_V5\C51\LIB\C51L.LIB (?C?LLDIDATA0)
  C:\KEIL_V5\C51\LIB\C51L.LIB (?C?LLDPDATA0)
  C:\KEIL_V5\C51\LIB\C51L.LIB (?C?LSTIDATA)
  C:\KEIL_V5\C51\LIB\C51L.LIB (?C?LSTPDATA)
  C:\KEIL_V5\C51\LIB\C51L.LIB (?C?LSTKIDATA)
  C:\KEIL_V5\C51\LIB\C51L.LIB (?C?LSTKPDATA)
  C:\KEIL_V5\C51\LIB\C51L.LIB (ISDIGIT)
  C:\KEIL_V5\C51\LIB\C51L.LIB (ISSPACE)


LINK MAP OF MODULE:  .\Obj\GPIO_RTC_Test (MAIN)


            TYPE    BASE      LENGTH    RELOCATION   SEGMENT NAME
            -----------------------------------------------------

            * * * * * * *   D A T A   M E M O R Y   * * * * * * *
            REG     0000H     0008H     ABSOLUTE     "REG BANK 0"
            DATA    0008H     0005H     UNIT         _DATA_GROUP_
                    000DH     0013H                  *** GAP ***
            BIT     0020H.0   0001H.2   UNIT         _BIT_GROUP_
            BIT     0021H.2   0000H.1   UNIT         ?BI?MAIN
            BIT     0021H.3   0000H.1   UNIT         ?BI?_ATOI?ATOI
                    0021H.4   0000H.4                *** GAP ***
            IDATA   0022H     0001H     UNIT         ?STACK

            * * * * * * *  X D A T A   M E M O R Y  * * * * * * *
            XDATA   0000H     03BCH     UNIT         ?XD?BIPOLARMOTOR
            XDATA   03BCH     0155H     UNIT         _XDATA_GROUP_
            XDATA   0511H     0107H     UNIT         ?XD?MAIN
BL51 BANKED LINKER/LOCATER V6.22                                                      06/03/2019  14:17:28  PAGE 3


            XDATA   0618H     0019H     UNIT         ?XD?KEYPAD
            XDATA   0631H     000EH     UNIT         ?XD?SPI_NOR_WRITE_DATA?AT25SF041
            XDATA   063FH     0008H     UNIT         ?XD?_AT25SF041_READ?AT25SF041
            XDATA   0647H     0005H     UNIT         ?XD?_ATOI?ATOI
            XDATA   064CH     0001H     UNIT         ?XD?UC_ACK?IOEXPANDER_PI4IOE5V96248
            XDATA   064DH     0001H     UNIT         ?XD?UC_NACK?IOEXPANDER_PI4IOE5V96248

            * * * * * * *   C O D E   M E M O R Y   * * * * * * *
            CODE    0000H     0003H     ABSOLUTE     
            CODE    0003H     0003H     ABSOLUTE     
            CODE    0006H     0005H     UNIT         ?PR?_UNIT?UART1
            CODE    000BH     0003H     ABSOLUTE     
            CODE    000EH     000DH     UNIT         ?PR?UART?MAIN
            CODE    001BH     0003H     ABSOLUTE     
            CODE    001EH     0005H     UNIT         ?PR?_ASCII_LETTER?UART1
            CODE    0023H     0003H     ABSOLUTE     
            CODE    0026H     0BC8H     UNIT         ?C?LIB_CODE
            CODE    0BEEH     0BB6H     UNIT         ?PR?MAIN?MAIN
            CODE    17A4H     07A2H     UNIT         ?PR?SUNPOS?SUNPOS
            CODE    1F46H     063CH     UNIT         ?PR?_UPDATE_POSITION?BIPOLARMOTOR
            CODE    2582H     0526H     UNIT         ?PR?_FIND_REAL_MAX?CALIBRATION
            CODE    2AA8H     04FBH     UNIT         ?PR?_THEORICALJP_POSITION?BIPOLARMOTOR
            CODE    2FA3H     0483H     UNIT         ?PR?PRINTF?PRINTF
            CODE    3426H     040EH     UNIT         ?C_INITSEG
            CODE    3834H     038CH     UNIT         ?PR?KEY_PROCESS?KEYPAD
            CODE    3BC0H     0380H     UNIT         ?PR?_ELEVATION_CALCULATION?BIPOLARMOTOR
            CODE    3F40H     01C7H     UNIT         ?PR?_CALIBRATION?CALIBRATION
            CODE    4107H     018DH     UNIT         ?PR?KEY_SCAN?KEYPAD
            CODE    4294H     0189H     UNIT         ?PR?SPI_NOR_WRITE_DATA?AT25SF041
            CODE    441DH     0188H     UNIT         ?PR?SIN?SIN
            CODE    45A5H     0166H     UNIT         ?PR?_POW?POW
            CODE    470BH     0155H     UNIT         ?PR?_DISPLAY_POS?LCD_DRIVER_SPLC780D
            CODE    4860H     0129H     UNIT         ?PR?LOG?LOG
            CODE    4989H     0122H     UNIT         ?PR?ATAN?ATAN
            CODE    4AABH     0110H     UNIT         ?PR?_AT25SF041_READ?AT25SF041
            CODE    4BBBH     0102H     UNIT         ?PR?_AT25SF041_WRITE?AT25SF041
            CODE    4CBDH     00F5H     UNIT         ?PR?EXINT0?MAIN
            CODE    4DB2H     00DBH     UNIT         ?PR?_ATOI?ATOI
            CODE    4E8DH     00C3H     UNIT         ?PR?LINEAR_INTERPOLATE?BIPOLARMOTOR
            CODE    4F50H     00BBH     UNIT         ?PR?VOLTAGE_IS_STABLE?CALIBRATION
            CODE    500BH     00ADH     UNIT         ?PR?_WRITE_PI4IOE5V96248?IOEXPANDER_PI4IOE5V96248
            CODE    50B8H     00ACH     UNIT         ?PR?SQRT?SQRT
            CODE    5164H     00A1H     UNIT         ?PR?UCREAD_STATUS_REGISTER_BYTE1?AT25SF041
            CODE    5205H     009DH     UNIT         ?PR?_ATAN2?ATAN2
            CODE    52A2H     009CH     UNIT         ?PR?_MAX_VALUE?CALIBRATION
            CODE    533EH     009AH     UNIT         ?PR?EXP?EXP
            CODE    53D8H     008CH     UNIT         ?C_C51STARTUP
            CODE    5464H     0088H     UNIT         ?PR?_DAY_OF_YEAR?PCF85063BTL
            CODE    54ECH     0079H     UNIT         ?PR?_WRITEDATA?LCD_DRIVER_SPLC780D
            CODE    5565H     0072H     UNIT         ?PR?AT25SF041_WRITEENABLE?AT25SF041
            CODE    55D7H     006FH     UNIT         ?PR?_READ_TIME?PCF85063BTL
            CODE    5646H     005AH     UNIT         ?PR?AT25SF041_CHIPERASE?AT25SF041
            CODE    56A0H     0059H     UNIT         ?PR?LCD_INIT?LCD_DRIVER_SPLC780D
            CODE    56F9H     004BH     UNIT         ?CO?UART1
            CODE    5744H     004AH     UNIT         ?PR?VONESTEPMOVE?BIPOLARMOTOR
            CODE    578EH     004AH     UNIT         ?PR?ACOS?ACOS
            CODE    57D8H     0044H     UNIT         ?C?LDIV
BL51 BANKED LINKER/LOCATER V6.22                                                      06/03/2019  14:17:28  PAGE 4


            CODE    581CH     0040H     UNIT         ?PR?_COMMAND?LCD_DRIVER_SPLC780D
            CODE    585CH     0040H     UNIT         ?PR?_STEP_MOVE?BIPOLARMOTOR
            CODE    589CH     003BH     UNIT         ?PR?ASIN?ASIN
            CODE    58D7H     0033H     UNIT         ?PR?_SENDSTRING?UART1
            CODE    590AH     0031H     UNIT         ?PR?SI1120_CONFIG_MODE_VIRH?SI1120
            CODE    593BH     002BH     UNIT         ?PR?_WAIT_MS_I2C?IOEXPANDER_PI4IOE5V96248
            CODE    5966H     002BH     UNIT         ?PR?_WAIT_MS_SPINOR?AT25SF041
            CODE    5991H     002AH     UNIT         ?PR?_ADC_GETRESULT?ADC
            CODE    59BBH     0028H     UNIT         ?PR?_MOVE?BIPOLARMOTOR
            CODE    59E3H     0027H     UNIT         ?PR?_I2C_SENDBYTE?IOEXPANDER_PI4IOE5V96248
            CODE    5A0AH     0027H     UNIT         ?PR?PUTCHAR?PUTCHAR
            CODE    5A31H     0025H     UNIT         ?PR?_FINDCLOSESTSAMEDAYCALIBTIME?CALIBRATION
            CODE    5A56H     0024H     UNIT         ?PR?_WAIT_MS?LCD_DRIVER_SPLC780D
            CODE    5A7AH     0024H     UNIT         ?CO?CALIBRATION
            CODE    5A9EH     0024H     UNIT         ?PR?_UART1_SENDTOTCPSERVER?UART1
            CODE    5AC2H     0021H     UNIT         ?PR?TM0_ISR?MAIN
            CODE    5AE3H     0020H     UNIT         ?PR?_SPI_SENDBYTE?PCF85063BTL
            CODE    5B03H     0020H     UNIT         ?PR?SPI_RECEIVEBYTE?PCF85063BTL
            CODE    5B23H     001EH     UNIT         ?PR?_DELAY_MS?KEYPAD
            CODE    5B41H     001DH     UNIT         ?PR?_DISPLAYLCD?LCD_DRIVER_SPLC780D
            CODE    5B5EH     001CH     UNIT         ?CO?MAIN
            CODE    5B7AH     001BH     UNIT         ?PR?_BCDTODEC1?BIPOLARMOTOR
            CODE    5B95H     001AH     UNIT         ?PR?ADC_INIT?ADC
            CODE    5BAFH     0018H     UNIT         ?PR?_SPI_WRITETIME?PCF85063BTL
            CODE    5BC7H     0017H     UNIT         ?PR?_ASCIITOBCD?UART1
            CODE    5BDEH     0016H     UNIT         ?PR?I2C_ACK?IOEXPANDER_PI4IOE5V96248
            CODE    5BF4H     0015H     UNIT         ?PR?_DISPLAY_LINE?LCD_DRIVER_SPLC780D
            CODE    5C09H     0015H     UNIT         ?PR?VSETLOCATION?BIPOLARMOTOR
            CODE    5C1EH     0015H     UNIT         ?PR?I2C_STOP?IOEXPANDER_PI4IOE5V96248
            CODE    5C33H     0014H     UNIT         ?PR?_PCF85063BTL_DELAY?PCF85063BTL
            CODE    5C47H     0014H     UNIT         ?PR?_ABS?LCD_DRIVER_SPLC780D
            CODE    5C5BH     0014H     UNIT         ?PR?_ISSPACE?ISSPACE
            CODE    5C6FH     0011H     UNIT         ?PR?_SPI_READTIME?PCF85063BTL
            CODE    5C80H     0011H     UNIT         ?PR?_BCDTODEC?PCF85063BTL
            CODE    5C91H     0011H     UNIT         ?PR?INITUART1?UART1
            CODE    5CA2H     000FH     UNIT         ?PR?I2C_START?IOEXPANDER_PI4IOE5V96248
            CODE    5CB1H     000FH     UNIT         ?PR?UC_NACK?IOEXPANDER_PI4IOE5V96248
            CODE    5CC0H     000FH     UNIT         ?PR?_ISDIGIT?ISDIGIT
            CODE    5CCFH     000DH     UNIT         ?PR?SPI_INIT?PCF85063BTL
            CODE    5CDCH     000DH     UNIT         ?PR?ENABLE_EXTINT0?SI1120
            CODE    5CE9H     000CH     UNIT         ?PR?KEYPAD_IO_INIT?KEYPAD
            CODE    5CF5H     000AH     UNIT         ?PR?LCD_RETURN_HOME?LCD_DRIVER_SPLC780D
            CODE    5CFFH     000AH     UNIT         ?PR?LCD_CLEAR?LCD_DRIVER_SPLC780D
            CODE    5D09H     0009H     UNIT         ?PR?TM1_ISR?MAIN
            CODE    5D12H     0009H     UNIT         ?PR?_SENDUART1?MAIN
            CODE    5D1BH     0009H     UNIT         ?PR?UART1_INITTCPCONN?UART1
            CODE    5D24H     0006H     UNIT         ?PR?UC_ACK?IOEXPANDER_PI4IOE5V96248
            CODE    5D2AH     0006H     UNIT         ?PR?_TEN?UART1
            CODE    5D30H     0001H     UNIT         ?PR?NOP?IOEXPANDER_PI4IOE5V96248
            CODE    5D31H     0001H     UNIT         ?PR?_DECTOBCD?UART1



OVERLAY MAP OF MODULE:   .\Obj\GPIO_RTC_Test (MAIN)


SEGMENT                                             BIT_GROUP          DATA_GROUP          XDATA_GROUP
BL51 BANKED LINKER/LOCATER V6.22                                                      06/03/2019  14:17:28  PAGE 5


  +--> CALLED SEGMENT                            START    LENGTH     START    LENGTH     START    LENGTH
--------------------------------------------------------------------------------------------------------
?PR?EXINT0?MAIN                                  -----    -----      -----    -----      -----    -----
  +--> ?PR?_POW?POW

?PR?_POW?POW                                     -----    -----      -----    -----      03BCH    000AH
  +--> ?PR?LOG?LOG
  +--> ?PR?EXP?EXP

?PR?LOG?LOG                                      0020H.0  0000H.1    -----    -----      03C6H    0004H

*** NEW ROOT ***************************************************

?C_C51STARTUP                                    -----    -----      -----    -----      -----    -----
  +--> ?PR?MAIN?MAIN
  +--> ?C_INITSEG

?PR?MAIN?MAIN                                    -----    -----      -----    -----      03CAH    002EH
  +--> ?PR?LCD_INIT?LCD_DRIVER_SPLC780D
  +--> ?PR?SPI_INIT?PCF85063BTL
  +--> ?PR?KEYPAD_IO_INIT?KEYPAD
  +--> ?PR?ADC_INIT?ADC
  +--> ?PR?SI1120_CONFIG_MODE_VIRH?SI1120
  +--> ?PR?ENABLE_EXTINT0?SI1120
  +--> ?PR?VSETLOCATION?BIPOLARMOTOR
  +--> ?PR?_SPI_WRITETIME?PCF85063BTL
  +--> ?PR?_DELAY_MS?KEYPAD
  +--> ?PR?_DISPLAY_LINE?LCD_DRIVER_SPLC780D
  +--> ?PR?_WRITEDATA?LCD_DRIVER_SPLC780D
  +--> ?PR?INITUART1?UART1
  +--> ?PR?UART1_INITTCPCONN?UART1
  +--> ?CO?MAIN
  +--> ?PR?_UART1_SENDTOTCPSERVER?UART1
  +--> ?PR?KEY_PROCESS?KEYPAD
  +--> ?PR?_COMMAND?LCD_DRIVER_SPLC780D
  +--> ?PR?_DISPLAY_POS?LCD_DRIVER_SPLC780D
  +--> ?PR?_DISPLAYLCD?LCD_DRIVER_SPLC780D
  +--> ?PR?_STEP_MOVE?BIPOLARMOTOR
  +--> ?PR?LCD_RETURN_HOME?LCD_DRIVER_SPLC780D
  +--> ?PR?_READ_TIME?PCF85063BTL
  +--> ?PR?_BCDTODEC1?BIPOLARMOTOR
  +--> ?PR?_ELEVATION_CALCULATION?BIPOLARMOTOR
  +--> ?PR?PRINTF?PRINTF
  +--> ?PR?_SENDSTRING?UART1
  +--> ?PR?_CALIBRATION?CALIBRATION
  +--> ?PR?_UPDATE_POSITION?BIPOLARMOTOR
  +--> ?PR?AT25SF041_WRITEENABLE?AT25SF041
  +--> ?PR?_AT25SF041_WRITE?AT25SF041
  +--> ?PR?_WAIT_MS_SPINOR?AT25SF041
  +--> ?PR?_ADC_GETRESULT?ADC
  +--> ?PR?LINEAR_INTERPOLATE?BIPOLARMOTOR
  +--> ?PR?_FINDCLOSESTSAMEDAYCALIBTIME?CALI...
  +--> ?PR?LCD_CLEAR?LCD_DRIVER_SPLC780D
  +--> ?PR?AT25SF041_CHIPERASE?AT25SF041

?PR?LCD_INIT?LCD_DRIVER_SPLC780D                 -----    -----      -----    -----      -----    -----
  +--> ?PR?_WAIT_MS?LCD_DRIVER_SPLC780D
BL51 BANKED LINKER/LOCATER V6.22                                                      06/03/2019  14:17:28  PAGE 6


  +--> ?PR?_COMMAND?LCD_DRIVER_SPLC780D

?PR?_COMMAND?LCD_DRIVER_SPLC780D                 -----    -----      -----    -----      -----    -----
  +--> ?PR?_WAIT_MS?LCD_DRIVER_SPLC780D

?PR?SI1120_CONFIG_MODE_VIRH?SI1120               -----    -----      -----    -----      -----    -----
  +--> ?PR?_WAIT_MS?LCD_DRIVER_SPLC780D

?PR?_SPI_WRITETIME?PCF85063BTL                   -----    -----      -----    -----      -----    -----
  +--> ?PR?_SPI_SENDBYTE?PCF85063BTL

?PR?_SPI_SENDBYTE?PCF85063BTL                    -----    -----      -----    -----      -----    -----
  +--> ?PR?_PCF85063BTL_DELAY?PCF85063BTL

?PR?_DISPLAY_LINE?LCD_DRIVER_SPLC780D            -----    -----      -----    -----      -----    -----
  +--> ?PR?_COMMAND?LCD_DRIVER_SPLC780D

?PR?_WRITEDATA?LCD_DRIVER_SPLC780D               -----    -----      -----    -----      04ECH    0001H
  +--> ?PR?_WAIT_MS?LCD_DRIVER_SPLC780D

?PR?UART1_INITTCPCONN?UART1                      -----    -----      -----    -----      -----    -----
  +--> ?CO?UART1
  +--> ?PR?_SENDSTRING?UART1

?PR?_SENDSTRING?UART1                            -----    -----      -----    -----      04E1H    0003H
  +--> ?PR?_SENDUART1?MAIN

?PR?_UART1_SENDTOTCPSERVER?UART1                 -----    -----      -----    -----      03F8H    0003H
  +--> ?CO?UART1
  +--> ?PR?_SENDSTRING?UART1
  +--> ?PR?_DELAY_MS?KEYPAD

?PR?KEY_PROCESS?KEYPAD                           -----    -----      -----    -----      03F8H    0006H
  +--> ?PR?KEY_SCAN?KEYPAD
  +--> ?PR?_SPI_WRITETIME?PCF85063BTL
  +--> ?PR?LCD_CLEAR?LCD_DRIVER_SPLC780D
  +--> ?PR?_COMMAND?LCD_DRIVER_SPLC780D
  +--> ?PR?_WRITEDATA?LCD_DRIVER_SPLC780D

?PR?KEY_SCAN?KEYPAD                              -----    -----      -----    -----      03FEH    0003H

?PR?LCD_CLEAR?LCD_DRIVER_SPLC780D                -----    -----      -----    -----      -----    -----
  +--> ?PR?_COMMAND?LCD_DRIVER_SPLC780D

?PR?_DISPLAY_POS?LCD_DRIVER_SPLC780D             -----    -----      -----    -----      04E1H    000BH
  +--> ?PR?_ABS?LCD_DRIVER_SPLC780D
  +--> ?PR?_WRITEDATA?LCD_DRIVER_SPLC780D

?PR?_DISPLAYLCD?LCD_DRIVER_SPLC780D              -----    -----      -----    -----      03F8H    0001H
  +--> ?PR?_WRITEDATA?LCD_DRIVER_SPLC780D

?PR?_STEP_MOVE?BIPOLARMOTOR                      0020H.2  0000H.1    -----    -----      04E5H    0004H
  +--> ?PR?VONESTEPMOVE?BIPOLARMOTOR

?PR?VONESTEPMOVE?BIPOLARMOTOR                    0020H.3  0000H.1    -----    -----      -----    -----
  +--> ?PR?_WRITE_PI4IOE5V96248?IOEXPANDER_P...
  +--> ?PR?_DELAY_MS?KEYPAD
BL51 BANKED LINKER/LOCATER V6.22                                                      06/03/2019  14:17:28  PAGE 7



?PR?_WRITE_PI4IOE5V96248?IOEXPANDER_P...         -----    -----      -----    -----      04E9H    0003H
  +--> ?PR?I2C_START?IOEXPANDER_PI4IOE5V96248
  +--> ?PR?_WAIT_MS_I2C?IOEXPANDER_PI4IOE5V9...
  +--> ?PR?_I2C_SENDBYTE?IOEXPANDER_PI4IOE5V...
  +--> ?PR?I2C_ACK?IOEXPANDER_PI4IOE5V96248
  +--> ?PR?I2C_STOP?IOEXPANDER_PI4IOE5V96248

?PR?I2C_START?IOEXPANDER_PI4IOE5V96248           -----    -----      -----    -----      -----    -----
  +--> ?PR?_WAIT_MS_I2C?IOEXPANDER_PI4IOE5V9...

?PR?_I2C_SENDBYTE?IOEXPANDER_PI4IOE5V...         -----    -----      -----    -----      -----    -----
  +--> ?PR?_WAIT_MS_I2C?IOEXPANDER_PI4IOE5V9...

?PR?I2C_ACK?IOEXPANDER_PI4IOE5V96248             -----    -----      -----    -----      04ECH    0001H
  +--> ?PR?_WAIT_MS_I2C?IOEXPANDER_PI4IOE5V9...

?PR?I2C_STOP?IOEXPANDER_PI4IOE5V96248            -----    -----      -----    -----      -----    -----
  +--> ?PR?_WAIT_MS_I2C?IOEXPANDER_PI4IOE5V9...

?PR?LCD_RETURN_HOME?LCD_DRIVER_SPLC780D          -----    -----      -----    -----      -----    -----
  +--> ?PR?_COMMAND?LCD_DRIVER_SPLC780D

?PR?_READ_TIME?PCF85063BTL                       -----    -----      -----    -----      03F8H    000FH
  +--> ?PR?_SPI_READTIME?PCF85063BTL

?PR?_SPI_READTIME?PCF85063BTL                    -----    -----      -----    -----      -----    -----
  +--> ?PR?_SPI_SENDBYTE?PCF85063BTL
  +--> ?PR?SPI_RECEIVEBYTE?PCF85063BTL

?PR?SPI_RECEIVEBYTE?PCF85063BTL                  -----    -----      -----    -----      -----    -----
  +--> ?PR?_PCF85063BTL_DELAY?PCF85063BTL

?PR?_ELEVATION_CALCULATION?BIPOLARMOTOR          -----    -----      -----    -----      03F8H    0005H
  +--> ?PR?_BCDTODEC1?BIPOLARMOTOR
  +--> ?PR?SUNPOS?SUNPOS
  +--> ?PR?SIN?SIN
  +--> ?PR?ASIN?ASIN

?PR?SUNPOS?SUNPOS                                -----    -----      -----    -----      0442H    005DH
  +--> ?PR?SIN?SIN
  +--> ?PR?_ATAN2?ATAN2
  +--> ?PR?ASIN?ASIN
  +--> ?PR?ACOS?ACOS

?PR?SIN?SIN                                      0020H.1  0000H.1    -----    -----      049FH    0004H

?PR?_ATAN2?ATAN2                                 -----    -----      -----    -----      049FH    0008H
  +--> ?PR?ATAN?ATAN

?PR?ATAN?ATAN                                    0020H.1  0000H.2    -----    -----      04A7H    0004H

?PR?ASIN?ASIN                                    -----    -----      -----    -----      -----    -----
  +--> ?PR?SQRT?SQRT
  +--> ?PR?ATAN?ATAN

?PR?SQRT?SQRT                                    -----    -----      -----    -----      049FH    0004H
BL51 BANKED LINKER/LOCATER V6.22                                                      06/03/2019  14:17:28  PAGE 8



?PR?ACOS?ACOS                                    -----    -----      -----    -----      -----    -----
  +--> ?PR?SQRT?SQRT
  +--> ?PR?ATAN?ATAN

?PR?PRINTF?PRINTF                                0020H.1  0001H.1    0008H    0005H      04E1H    0030H
  +--> ?PR?PUTCHAR?PUTCHAR

?PR?_CALIBRATION?CALIBRATION                     -----    -----      -----    -----      03F8H    0024H
  +--> ?PR?VOLTAGE_IS_STABLE?CALIBRATION
  +--> ?PR?_UPDATE_POSITION?BIPOLARMOTOR
  +--> ?PR?_FIND_REAL_MAX?CALIBRATION

?PR?VOLTAGE_IS_STABLE?CALIBRATION                -----    -----      -----    -----      041CH    0018H
  +--> ?PR?_ADC_GETRESULT?ADC
  +--> ?PR?_ABS?LCD_DRIVER_SPLC780D

?PR?_UPDATE_POSITION?BIPOLARMOTOR                -----    -----      -----    -----      041CH    0026H
  +--> ?PR?_BCDTODEC1?BIPOLARMOTOR
  +--> ?PR?SUNPOS?SUNPOS
  +--> ?PR?SIN?SIN
  +--> ?PR?ASIN?ASIN
  +--> ?PR?_THEORICALJP_POSITION?BIPOLARMOTOR
  +--> ?PR?_ABS?LCD_DRIVER_SPLC780D
  +--> ?PR?_MOVE?BIPOLARMOTOR

?PR?_THEORICALJP_POSITION?BIPOLARMOTOR           -----    -----      -----    -----      0442H    005CH
  +--> ?PR?LINEAR_INTERPOLATE?BIPOLARMOTOR

?PR?LINEAR_INTERPOLATE?BIPOLARMOTOR              -----    -----      -----    -----      049EH    0014H

?PR?_MOVE?BIPOLARMOTOR                           0020H.1  0000H.1    -----    -----      04E1H    0004H
  +--> ?PR?_STEP_MOVE?BIPOLARMOTOR

?PR?_FIND_REAL_MAX?CALIBRATION                   -----    -----      -----    -----      041CH    00C5H
  +--> ?PR?_ADC_GETRESULT?ADC
  +--> ?PR?_WAIT_MS?LCD_DRIVER_SPLC780D
  +--> ?CO?CALIBRATION
  +--> ?PR?PRINTF?PRINTF
  +--> ?PR?_SENDSTRING?UART1
  +--> ?PR?_COMMAND?LCD_DRIVER_SPLC780D
  +--> ?PR?_WRITEDATA?LCD_DRIVER_SPLC780D
  +--> ?PR?_DISPLAY_POS?LCD_DRIVER_SPLC780D
  +--> ?PR?_MOVE?BIPOLARMOTOR
  +--> ?PR?_MAX_VALUE?CALIBRATION

?PR?_MAX_VALUE?CALIBRATION                       -----    -----      -----    -----      04E1H    0004H

?PR?AT25SF041_WRITEENABLE?AT25SF041              -----    -----      -----    -----      03F8H    0002H
  +--> ?PR?_WAIT_MS_SPINOR?AT25SF041
  +--> ?PR?UCREAD_STATUS_REGISTER_BYTE1?AT25...

?PR?UCREAD_STATUS_REGISTER_BYTE1?AT25...         -----    -----      -----    -----      0400H    0003H
  +--> ?PR?_WAIT_MS_SPINOR?AT25SF041

?PR?_AT25SF041_WRITE?AT25SF041                   -----    -----      -----    -----      03F8H    0008H
  +--> ?PR?_WAIT_MS_SPINOR?AT25SF041
BL51 BANKED LINKER/LOCATER V6.22                                                      06/03/2019  14:17:28  PAGE 9


  +--> ?PR?UCREAD_STATUS_REGISTER_BYTE1?AT25...

?PR?AT25SF041_CHIPERASE?AT25SF041                -----    -----      -----    -----      03F8H    0002H
  +--> ?PR?_WAIT_MS_SPINOR?AT25SF041
  +--> ?PR?UCREAD_STATUS_REGISTER_BYTE1?AT25...



SYMBOL TABLE OF MODULE:  .\Obj\GPIO_RTC_Test (MAIN)

  VALUE           TYPE          NAME
  ----------------------------------

  -------         MODULE        MAIN
  C:0000H         SYMBOL        _ICE_DUMMY_
  X:0519H         PUBLIC        calib_value
  D:0080H         PUBLIC        P0
  D:0090H         PUBLIC        P1
  D:00A0H         PUBLIC        P2
  D:00B0H         PUBLIC        P3
  D:00C0H         PUBLIC        P4
  D:00C8H         PUBLIC        P5
  X:056DH         SYMBOL        PressedKey
  B:00A8H.7       PUBLIC        EA
  D:00E8H         PUBLIC        P6
  X:0571H         PUBLIC        calib_stamp
  D:00F8H         PUBLIC        P7
  X:0572H         PUBLIC        sTempString
  X:0578H         PUBLIC        calib_bool
  X:05A2H         PUBLIC        pwm_time_min
  D:00A8H         PUBLIC        IE
  X:05A6H         PUBLIC        calib_time
  X:05FAH         PUBLIC        pwm_time_max
  D:00B8H         PUBLIC        IP
  B:0098H.0       PUBLIC        RI
  B:00B0H.2       PUBLIC        INT0
  X:05FEH         PUBLIC        months
  B:0098H.1       PUBLIC        TI
  C:000EH         PUBLIC        Uart
  D:00D8H         PUBLIC        CCON
  C:0BEEH         PUBLIC        main
  X:05FFH         PUBLIC        count
  D:0099H         PUBLIC        SBUF
  X:0601H         PUBLIC        days
  X:0602H         PUBLIC        hours
  D:0098H         PUBLIC        SCON
  D:0089H         PUBLIC        TMOD
  D:0088H         PUBLIC        TCON
  B:00A0H.3       PUBLIC        P23
  X:0603H         SYMBOL        KeyCount
  X:0605H         PUBLIC        mins
  B:00C8H.5       PUBLIC        P55
  D:008EH         PUBLIC        AUXR
  C:5AC2H         PUBLIC        tm0_isr
  B:0090H.5       PUBLIC        SI1120_STX
  C:5D09H         PUBLIC        tm1_isr
  B:0021H.2       PUBLIC        busy
BL51 BANKED LINKER/LOCATER V6.22                                                      06/03/2019  14:17:28  PAGE 10


  D:00E0H         PUBLIC        ACC
  B:00A8H.1       PUBLIC        ET0
  B:00A8H.3       PUBLIC        ET1
  X:0606H         PUBLIC        SPI_NOR_INTERNAL_FLASH_ADDR
  D:008CH         PUBLIC        TH0
  D:008DH         PUBLIC        TH1
  D:008AH         PUBLIC        TL0
  D:008BH         PUBLIC        TL1
  B:0088H.4       PUBLIC        TR0
  B:0088H.6       PUBLIC        TR1
  C:4CBDH         PUBLIC        exint0
  X:060AH         SYMBOL        KeyNum
  X:060BH         SYMBOL        KeyNum_Old
  X:060CH         PUBLIC        timer0_count
  X:060EH         PUBLIC        current_position
  X:0612H         PUBLIC        pwm_time
  X:0616H         PUBLIC        start_timer0_count
  X:0617H         PUBLIC        seconds
  D:00D0H         PUBLIC        PSW
  C:5D12H         PUBLIC        _SendUART1
  -------         PROC          TM0_ISR
  C:5AC2H         LINE#         100
  C:5AC8H         LINE#         104
  C:5ACBH         LINE#         105
  C:5ACEH         LINE#         106
  C:5ADCH         LINE#         107
  -------         ENDPROC       TM0_ISR
  -------         PROC          TM1_ISR
  C:5D09H         LINE#         108
  C:5D09H         LINE#         110
  C:5D0BH         LINE#         112
  C:5D0EH         LINE#         113
  C:5D11H         LINE#         114
  -------         ENDPROC       TM1_ISR
  -------         PROC          EXINT0
  C:4CBDH         LINE#         115
  C:4CDAH         LINE#         119
  C:4CDDH         LINE#         120
  C:4CDDH         LINE#         121
  C:4CE0H         LINE#         122
  C:4CE3H         LINE#         123
  C:4CE5H         LINE#         124
  C:4CE7H         LINE#         128
  C:4CEAH         LINE#         131
  C:4CEAH         LINE#         132
  C:4CECH         LINE#         134
  C:4CF8H         LINE#         135
  C:4D52H         LINE#         136
  C:4D90H         LINE#         137
  C:4D97H         LINE#         142
  C:4D97H         LINE#         144
  -------         ENDPROC       EXINT0
  -------         PROC          MAIN
  -------         DO            
  X:0511H         SYMBOL        KeyCount
  X:0513H         SYMBOL        KeyNum_Old
  X:0514H         SYMBOL        KeyNum
BL51 BANKED LINKER/LOCATER V6.22                                                      06/03/2019  14:17:28  PAGE 11


  X:0515H         SYMBOL        PressedKey
  X:03CAH         SYMBOL        prox_flag
  X:03CBH         SYMBOL        iUse_prevday_calib_value
  X:03CDH         SYMBOL        max_ADC_Val_JP
  X:03CFH         SYMBOL        max_ADC_Val
  X:03D1H         SYMBOL        calib_point1
  X:03D9H         SYMBOL        calib_point2
  X:03E1H         SYMBOL        dat_to_store
  X:03ECH         SYMBOL        calib_day
  X:03EEH         SYMBOL        calib_count
  X:03F0H         SYMBOL        theorical_JP_max_pos
  X:03F4H         SYMBOL        elevation
  -------         ENDDO         
  C:0BEEH         LINE#         146
  C:0BEEH         LINE#         147
  C:0BEEH         LINE#         152
  C:0BF4H         LINE#         153
  C:0BF9H         LINE#         155
  C:0C01H         LINE#         159
  C:0C07H         LINE#         160
  C:0C11H         LINE#         167
  C:0C19H         LINE#         168
  C:0C20H         LINE#         169
  C:0C26H         LINE#         171
  C:0C2CH         LINE#         183
  C:0C2FH         LINE#         184
  C:0C32H         LINE#         185
  C:0C35H         LINE#         187
  C:0C38H         LINE#         190
  C:0C3BH         LINE#         191
  C:0C3EH         LINE#         193
  C:0C41H         LINE#         195
  C:0C44H         LINE#         196
  C:0C47H         LINE#         197
  C:0C4AH         LINE#         198
  C:0C4CH         LINE#         199
  C:0C4EH         LINE#         200
  C:0C51H         LINE#         201
  C:0C53H         LINE#         202
  C:0C55H         LINE#         204
  C:0C57H         LINE#         205
  C:0C5EH         LINE#         206
  C:0C65H         LINE#         207
  C:0C6CH         LINE#         208
  C:0C73H         LINE#         212
  C:0C7AH         LINE#         213
  C:0C7FH         LINE#         214
  C:0C84H         LINE#         215
  C:0C89H         LINE#         216
  C:0C8EH         LINE#         217
  C:0C93H         LINE#         220
  C:0CACH         LINE#         221
  C:0CACH         LINE#         222
  C:0CC8H         LINE#         223
  C:0D0FH         LINE#         224
  C:0D20H         LINE#         225
  C:0D23H         LINE#         228
BL51 BANKED LINKER/LOCATER V6.22                                                      06/03/2019  14:17:28  PAGE 12


  C:0D2AH         LINE#         231
  C:0D2DH         LINE#         233
  C:0D34H         LINE#         234
  C:0D3DH         LINE#         237
  C:0D3DH         LINE#         238
  C:0D3DH         LINE#         239
  C:0D40H         LINE#         249
  C:0D40H         LINE#         253
  C:0D45H         LINE#         254
  C:0D4AH         LINE#         256
  C:0D4FH         LINE#         258
  C:0D54H         LINE#         259
  C:0D59H         LINE#         261
  C:0D6AH         LINE#         264
  C:0D6FH         LINE#         265
  C:0D74H         LINE#         267
  C:0D7BH         LINE#         268
  C:0D83H         LINE#         269
  C:0D88H         LINE#         270
  C:0D90H         LINE#         271
  C:0D95H         LINE#         272
  C:0D9FH         LINE#         273
  C:0DA4H         LINE#         274
  C:0DACH         LINE#         276
  C:0DB4H         LINE#         277
  C:0DB9H         LINE#         278
  C:0DC3H         LINE#         279
  C:0DC3H         LINE#         280
  C:0DC5H         LINE#         281
  C:0DC7H         LINE#         282
  C:0DD1H         LINE#         283
  C:0DD1H         LINE#         284
  C:0DD6H         LINE#         285
  C:0DD6H         LINE#         297
  C:0DEAH         LINE#         298
  C:0DEAH         LINE#         299
  C:0DFFH         LINE#         300
  C:0E0EH         LINE#         301
  C:0E0EH         LINE#         302
  C:0E21H         LINE#         303
  C:0E23H         LINE#         305
  C:0E23H         LINE#         306
  C:0E3FH         LINE#         307
  C:0E3FH         LINE#         308
  C:0E44H         LINE#         309
  C:0E44H         LINE#         310
  C:0E58H         LINE#         311
  C:0E58H         LINE#         314
  C:0E6DH         LINE#         315
  C:0E7CH         LINE#         316
  C:0E7CH         LINE#         317
  C:0E8FH         LINE#         318
  C:0E91H         LINE#         320
  C:0E91H         LINE#         321
  C:0EADH         LINE#         322
  C:0EADH         LINE#         323
  C:0EB2H         LINE#         324
BL51 BANKED LINKER/LOCATER V6.22                                                      06/03/2019  14:17:28  PAGE 13


  C:0EB8H         LINE#         325
  C:0EB8H         LINE#         327
  C:0EDAH         LINE#         328
  C:0EDAH         LINE#         329
  C:0EE4H         LINE#         330
  C:0EEAH         LINE#         331
  C:0EF1H         LINE#         332
  C:0EF7H         LINE#         333
  C:0EFEH         LINE#         334
  C:0EFEH         LINE#         335
  C:0F01H         LINE#         337
  C:0F01H         LINE#         342
  C:0F3CH         LINE#         354
  C:0F49H         LINE#         355
  C:0F49H         LINE#         359
  C:0F49H         LINE#         360
  C:0F71H         LINE#         361
  C:0F71H         LINE#         362
  C:0F93H         LINE#         363
  C:0F93H         LINE#         365
  C:0FB9H         LINE#         377
  C:0FB9H         LINE#         378
  C:100FH         LINE#         379
  C:1018H         LINE#         380
  C:101FH         LINE#         381
  C:1028H         LINE#         382
  C:1031H         LINE#         383
  C:1038H         LINE#         384
  C:10B4H         LINE#         385
  C:10CDH         LINE#         386
  C:1157H         LINE#         391
  C:1185H         LINE#         392
  C:1185H         LINE#         394
  C:11BBH         LINE#         395
  C:11DEH         LINE#         396
  C:11F3H         LINE#         399
  C:11F3H         LINE#         400
  C:11F3H         LINE#         402
  C:11F3H         LINE#         404
  C:11FAH         LINE#         405
  C:11FAH         LINE#         406
  C:11FDH         LINE#         407
  C:121BH         LINE#         408
  C:1222H         LINE#         409
  C:1241H         LINE#         410
  C:1260H         LINE#         412
  C:12DCH         LINE#         413
  C:12F4H         LINE#         416
  C:134CH         LINE#         417
  C:1387H         LINE#         418
  C:1394H         LINE#         419
  C:13A3H         LINE#         420
  C:13A3H         LINE#         440
  C:13A5H         LINE#         442
  C:13B3H         LINE#         443
  C:13B3H         LINE#         444
  C:13BBH         LINE#         446
BL51 BANKED LINKER/LOCATER V6.22                                                      06/03/2019  14:17:28  PAGE 14


  C:13BBH         LINE#         449
  C:13BBH         LINE#         450
  C:13C8H         LINE#         451
  C:13C8H         LINE#         452
  C:13EAH         LINE#         453
  C:13EAH         LINE#         454
  C:1466H         LINE#         455
  C:14BBH         LINE#         456
  C:14BBH         LINE#         458
  C:14BEH         LINE#         462
  C:14BEH         LINE#         465
  C:14E0H         LINE#         466
  C:14E0H         LINE#         467
  C:155CH         LINE#         469
  C:1589H         LINE#         470
  C:15A4H         LINE#         471
  C:15D1H         LINE#         472
  C:1604H         LINE#         473
  C:1604H         LINE#         474
  C:162EH         LINE#         475
  C:16C7H         LINE#         476
  C:16C9H         LINE#         478
  C:16C9H         LINE#         479
  C:172CH         LINE#         480
  C:172CH         LINE#         484
  C:172CH         LINE#         486
  C:172CH         LINE#         487
  C:172CH         LINE#         489
  C:172CH         LINE#         492
  C:1748H         LINE#         493
  C:174CH         LINE#         495
  C:174EH         LINE#         498
  C:175DH         LINE#         499
  C:175DH         LINE#         500
  C:1760H         LINE#         501
  C:1767H         LINE#         502
  C:176CH         LINE#         503
  C:1771H         LINE#         504
  C:1776H         LINE#         505
  C:177BH         LINE#         506
  C:1780H         LINE#         516
  C:1783H         LINE#         518
  C:1786H         LINE#         519
  C:178DH         LINE#         520
  C:1797H         LINE#         521
  C:179EH         LINE#         523
  C:17A1H         LINE#         532
  C:17A1H         LINE#         533
  -------         ENDPROC       MAIN
  -------         PROC          UART
  C:000EH         LINE#         547
  C:000EH         LINE#         549
  C:0011H         LINE#         550
  C:0011H         LINE#         551
  C:0013H         LINE#         553
  C:0013H         LINE#         554
  C:0016H         LINE#         555
BL51 BANKED LINKER/LOCATER V6.22                                                      06/03/2019  14:17:28  PAGE 15


  C:0016H         LINE#         556
  C:0018H         LINE#         557
  C:001AH         LINE#         558
  C:001AH         LINE#         559
  -------         ENDPROC       UART
  -------         PROC          _SENDUART1
  D:0007H         SYMBOL        dat
  C:5D12H         LINE#         561
  C:5D12H         LINE#         562
  C:5D12H         LINE#         563
  C:5D15H         LINE#         564
  C:5D17H         LINE#         565
  C:5D18H         LINE#         566
  C:5D1AH         LINE#         567
  -------         ENDPROC       _SENDUART1
  -------         ENDMOD        MAIN

  -------         MODULE        PCF85063BTL
  C:0000H         SYMBOL        _ICE_DUMMY_
  D:0096H         PUBLIC        P2M0
  D:0080H         PUBLIC        P0
  D:0095H         PUBLIC        P2M1
  D:0090H         PUBLIC        P1
  D:00A0H         PUBLIC        P2
  D:00B0H         PUBLIC        P3
  D:00C0H         PUBLIC        P4
  D:00C8H         PUBLIC        P5
  D:00E8H         PUBLIC        P6
  B:00A0H.1       PUBLIC        PCF85063BTL_SDI
  D:00F8H         PUBLIC        P7
  B:00A0H.2       PUBLIC        PCF85063BTL_SCK
  B:00A0H.1       PUBLIC        PCF85063BTL_SDO
  D:00A8H         PUBLIC        IE
  C:55D7H         PUBLIC        _Read_time
  C:5C39H         PUBLIC        _PCF85063BTL_Delay
  D:00B8H         PUBLIC        IP
  D:00D8H         PUBLIC        CCON
  C:5464H         PUBLIC        _Day_Of_Year
  C:5B03H         PUBLIC        SPI_ReceiveByte
  D:0098H         PUBLIC        SCON
  D:0088H         PUBLIC        TCON
  C:5C80H         PUBLIC        _BCDtoDec
  B:00A0H.0       PUBLIC        PCF85063BTL_CS
  C:5C6FH         PUBLIC        _SPI_ReadTime
  C:5CCFH         PUBLIC        SPI_Init
  C:5BAFH         PUBLIC        _SPI_WriteTime
  C:5AE3H         PUBLIC        _SPI_SendByte
  D:00D0H         PUBLIC        PSW
  C:5C35H         SYMBOL        L?0048
  -------         PROC          L?0047
  -------         ENDPROC       L?0047
  C:5C35H         SYMBOL        L?0048
  -------         PROC          _PCF85063BTL_DELAY
  D:0006H         SYMBOL        us
  C:5C39H         LINE#         8
  C:5C39H         LINE#         9
  C:5C39H         LINE#         10
BL51 BANKED LINKER/LOCATER V6.22                                                      06/03/2019  14:17:28  PAGE 16


  C:5C43H         LINE#         11
  C:5C43H         LINE#         12
  C:5C44H         LINE#         13
  C:5C46H         LINE#         14
  -------         ENDPROC       _PCF85063BTL_DELAY
  -------         PROC          _SPI_SENDBYTE
  D:0005H         SYMBOL        dat
  -------         DO            
  D:0003H         SYMBOL        i
  -------         ENDDO         
  C:5AE3H         LINE#         17
  C:5AE5H         LINE#         18
  C:5AE5H         LINE#         20
  C:5AE7H         LINE#         21
  C:5AE7H         LINE#         22
  C:5AE9H         LINE#         23
  C:5AEDH         LINE#         24
  C:5AEDH         LINE#         25
  C:5AEFH         LINE#         26
  C:5AF1H         LINE#         28
  C:5AF1H         LINE#         29
  C:5AF3H         LINE#         30
  C:5AF3H         LINE#         31
  C:5AF6H         LINE#         32
  C:5AF6H         LINE#         33
  C:5AF9H         LINE#         34
  C:5AFDH         LINE#         35
  C:5B02H         LINE#         36
  -------         ENDPROC       _SPI_SENDBYTE
  -------         PROC          SPI_RECEIVEBYTE
  -------         DO            
  D:0003H         SYMBOL        i
  D:0005H         SYMBOL        dat
  -------         ENDDO         
  C:5B03H         LINE#         39
  C:5B03H         LINE#         40
  C:5B03H         LINE#         42
  C:5B05H         LINE#         44
  C:5B07H         LINE#         45
  C:5B08H         LINE#         46
  C:5B08H         LINE#         47
  C:5B0CH         LINE#         48
  C:5B0EH         LINE#         49
  C:5B11H         LINE#         51
  C:5B14H         LINE#         52
  C:5B14H         LINE#         53
  C:5B18H         LINE#         54
  C:5B18H         LINE#         55
  C:5B18H         LINE#         56
  C:5B1BH         LINE#         57
  C:5B20H         LINE#         58
  C:5B22H         LINE#         59
  -------         ENDPROC       SPI_RECEIVEBYTE
  -------         PROC          _SPI_READTIME
  D:0007H         SYMBOL        addr
  -------         DO            
  D:0006H         SYMBOL        dat
BL51 BANKED LINKER/LOCATER V6.22                                                      06/03/2019  14:17:28  PAGE 17


  -------         ENDDO         
  C:5C6FH         LINE#         61
  C:5C6FH         LINE#         62
  C:5C6FH         LINE#         64
  C:5C71H         LINE#         65
  C:5C73H         LINE#         66
  C:5C7AH         LINE#         67
  C:5C7DH         LINE#         68
  C:5C7FH         LINE#         69
  C:5C7FH         LINE#         70
  -------         ENDPROC       _SPI_READTIME
  -------         PROC          _SPI_WRITETIME
  D:0002H         SYMBOL        val
  D:0005H         SYMBOL        addr
  C:5BAFH         LINE#         71
  C:5BB1H         LINE#         72
  C:5BB1H         LINE#         74
  C:5BB3H         LINE#         75
  C:5BBAH         LINE#         76
  C:5BBFH         LINE#         77
  C:5BC4H         LINE#         78
  C:5BC6H         LINE#         79
  -------         ENDPROC       _SPI_WRITETIME
  -------         PROC          SPI_INIT
  C:5CCFH         LINE#         83
  C:5CCFH         LINE#         84
  C:5CCFH         LINE#         89
  C:5CD2H         LINE#         90
  C:5CD5H         LINE#         91
  C:5CD7H         LINE#         92
  C:5CD9H         LINE#         93
  C:5CDBH         LINE#         94
  -------         ENDPROC       SPI_INIT
  -------         PROC          _READ_TIME
  X:03F8H         SYMBOL        months
  X:03FBH         SYMBOL        days
  X:03FEH         SYMBOL        hours
  X:0401H         SYMBOL        mins
  X:0404H         SYMBOL        seconds
  C:55D7H         LINE#         96
  C:55E2H         LINE#         97
  C:55E2H         LINE#         99
  C:55F6H         LINE#         101
  C:560AH         LINE#         103
  C:561EH         LINE#         108
  C:5632H         LINE#         113
  -------         ENDPROC       _READ_TIME
  -------         PROC          _BCDTODEC
  D:0007H         SYMBOL        bcd
  -------         DO            
  D:0006H         SYMBOL        hi
  D:0007H         SYMBOL        lo
  -------         ENDDO         
  C:5C80H         LINE#         119
  C:5C80H         LINE#         120
  C:5C80H         LINE#         122
  C:5C85H         LINE#         123
BL51 BANKED LINKER/LOCATER V6.22                                                      06/03/2019  14:17:28  PAGE 18


  C:5C89H         LINE#         124
  C:5C90H         LINE#         125
  -------         ENDPROC       _BCDTODEC
  -------         PROC          _DAY_OF_YEAR
  D:0007H         SYMBOL        months_bcd
  D:0005H         SYMBOL        days_bcd
  -------         DO            
  D:0004H         SYMBOL        months
  D:0007H         SYMBOL        days
  -------         ENDDO         
  C:5464H         LINE#         126
  C:5464H         LINE#         127
  C:5464H         LINE#         130
  C:5469H         LINE#         132
  C:546EH         LINE#         134
  C:54A7H         LINE#         135
  C:54A7H         LINE#         136
  C:54A7H         LINE#         137
  C:54AAH         LINE#         138
  C:54AAH         LINE#         139
  C:54AAH         LINE#         140
  C:54AFH         LINE#         141
  C:54AFH         LINE#         142
  C:54AFH         LINE#         143
  C:54B4H         LINE#         144
  C:54B4H         LINE#         145
  C:54B4H         LINE#         146
  C:54B9H         LINE#         147
  C:54B9H         LINE#         148
  C:54B9H         LINE#         149
  C:54BEH         LINE#         150
  C:54BEH         LINE#         151
  C:54BEH         LINE#         152
  C:54C3H         LINE#         153
  C:54C3H         LINE#         154
  C:54C3H         LINE#         155
  C:54C8H         LINE#         156
  C:54C8H         LINE#         157
  C:54C8H         LINE#         158
  C:54CDH         LINE#         159
  C:54CDH         LINE#         160
  C:54CDH         LINE#         161
  C:54D5H         LINE#         162
  C:54D5H         LINE#         163
  C:54D5H         LINE#         164
  C:54DAH         LINE#         165
  C:54DAH         LINE#         166
  C:54DAH         LINE#         167
  C:54DFH         LINE#         168
  C:54DFH         LINE#         169
  C:54DFH         LINE#         170
  C:54E8H         LINE#         171
  C:54E8H         LINE#         172
  C:54E8H         LINE#         173
  C:54EBH         LINE#         174
  C:54EBH         LINE#         175
  -------         ENDPROC       _DAY_OF_YEAR
BL51 BANKED LINKER/LOCATER V6.22                                                      06/03/2019  14:17:28  PAGE 19


  -------         ENDMOD        PCF85063BTL

  -------         MODULE        LCD_DRIVER_SPLC780D
  C:0000H         SYMBOL        _ICE_DUMMY_
  D:0092H         PUBLIC        P1M0
  D:0091H         PUBLIC        P1M1
  D:0080H         PUBLIC        P0
  D:0090H         PUBLIC        P1
  D:00A0H         PUBLIC        P2
  D:00B0H         PUBLIC        P3
  D:00C0H         PUBLIC        P4
  D:00C8H         PUBLIC        P5
  D:00E8H         PUBLIC        P6
  D:00F8H         PUBLIC        P7
  C:54F0H         PUBLIC        _WriteData
  D:00A8H         PUBLIC        IE
  D:00B8H         PUBLIC        IP
  D:00D8H         PUBLIC        CCON
  B:00B0H.4       PUBLIC        LCD_D4
  B:00B0H.5       PUBLIC        LCD_D5
  B:00B0H.6       PUBLIC        LCD_D6
  C:5B41H         PUBLIC        _DisplayLCD
  B:00B0H.7       PUBLIC        LCD_D7
  D:0098H         PUBLIC        SCON
  D:0088H         PUBLIC        TCON
  C:5C47H         PUBLIC        _abs
  C:5CFFH         PUBLIC        LCD_clear
  C:581CH         PUBLIC        _Command
  C:5BF4H         PUBLIC        _Display_Line
  C:56A0H         PUBLIC        LCD_Init
  C:5A5CH         PUBLIC        _Wait_ms
  B:00C0H.0       PUBLIC        LCD_RS
  B:0090H.3       PUBLIC        LCD_RW
  C:5CF5H         PUBLIC        LCD_return_home
  C:470BH         PUBLIC        _Display_Pos
  B:00B0H.3       PUBLIC        LCD_E
  D:00D0H         PUBLIC        PSW
  -------         PROC          LCD_INIT
  C:56A0H         LINE#         9
  C:56A0H         LINE#         10
  C:56A0H         LINE#         11
  C:56A3H         LINE#         12
  C:56A6H         LINE#         14
  C:56ACH         LINE#         15
  C:56B1H         LINE#         17
  C:56B8H         LINE#         18
  C:56BDH         LINE#         20
  C:56C0H         LINE#         21
  C:56C5H         LINE#         23
  C:56C8H         LINE#         24
  C:56CDH         LINE#         26
  C:56D4H         LINE#         29
  C:56D9H         LINE#         30
  C:56DEH         LINE#         32
  C:56E3H         LINE#         33
  C:56E8H         LINE#         35
  C:56EDH         LINE#         36
BL51 BANKED LINKER/LOCATER V6.22                                                      06/03/2019  14:17:28  PAGE 20


  C:56F2H         LINE#         37
  -------         ENDPROC       LCD_INIT
  C:54ECH         SYMBOL        L?0038
  -------         PROC          L?0037
  -------         ENDPROC       L?0037
  C:54ECH         SYMBOL        L?0038
  -------         PROC          _WRITEDATA
  X:04ECH         SYMBOL        dat
  C:54F0H         LINE#         40
  C:54F5H         LINE#         41
  C:54F5H         LINE#         46
  C:54F7H         LINE#         47
  C:54F9H         LINE#         49
  C:5507H         LINE#         50
  C:5513H         LINE#         51
  C:551FH         LINE#         52
  C:5529H         LINE#         53
  C:552BH         LINE#         54
  C:5532H         LINE#         55
  C:5534H         LINE#         57
  C:5544H         LINE#         58
  C:554FH         LINE#         59
  C:5559H         LINE#         60
  C:555DH         LINE#         62
  C:555DH         LINE#         63
  C:5560H         LINE#         64
  C:5562H         LINE#         65
  C:5564H         LINE#         67
  -------         ENDPROC       _WRITEDATA
  -------         PROC          _COMMAND
  D:0007H         SYMBOL        dat
  C:581CH         LINE#         69
  C:581CH         LINE#         70
  C:581CH         LINE#         71
  C:581EH         LINE#         72
  C:5820H         LINE#         74
  C:582AH         LINE#         75
  C:582EH         LINE#         77
  C:5830H         LINE#         78
  C:5839H         LINE#         79
  C:583DH         LINE#         81
  C:583FH         LINE#         82
  C:5846H         LINE#         83
  C:584AH         LINE#         85
  C:584CH         LINE#         86
  C:5850H         LINE#         87
  C:5854H         LINE#         89
  C:5856H         LINE#         90
  C:5856H         LINE#         91
  C:5859H         LINE#         92
  C:585BH         LINE#         93
  -------         ENDPROC       _COMMAND
  C:5A58H         SYMBOL        L?0040
  -------         PROC          L?0039
  -------         ENDPROC       L?0039
  C:5A58H         SYMBOL        L?0040
  -------         PROC          _WAIT_MS
BL51 BANKED LINKER/LOCATER V6.22                                                      06/03/2019  14:17:28  PAGE 21


  D:0006H         SYMBOL        ms
  -------         DO            
  D:0004H         SYMBOL        De_Cnt
  -------         ENDDO         
  C:5A5CH         LINE#         95
  C:5A5CH         LINE#         96
  C:5A5CH         LINE#         98
  C:5A66H         LINE#         99
  C:5A66H         LINE#         100
  C:5A79H         LINE#         101
  C:5A79H         LINE#         102
  -------         ENDPROC       _WAIT_MS
  -------         PROC          _DISPLAYLCD
  D:0007H         SYMBOL        BCD
  -------         DO            
  D:0006H         SYMBOL        first_digit
  X:03F8H         SYMBOL        second_digit
  -------         ENDDO         
  C:5B41H         LINE#         103
  C:5B41H         LINE#         104
  C:5B41H         LINE#         106
  C:5B48H         LINE#         107
  C:5B51H         LINE#         109
  C:5B56H         LINE#         111
  -------         ENDPROC       _DISPLAYLCD
  -------         PROC          LCD_RETURN_HOME
  C:5CF5H         LINE#         115
  C:5CF5H         LINE#         116
  C:5CF5H         LINE#         117
  C:5CFAH         LINE#         118
  -------         ENDPROC       LCD_RETURN_HOME
  -------         PROC          LCD_CLEAR
  C:5CFFH         LINE#         121
  C:5CFFH         LINE#         122
  C:5CFFH         LINE#         123
  C:5D04H         LINE#         124
  -------         ENDPROC       LCD_CLEAR
  -------         PROC          _DISPLAY_LINE
  D:0006H         SYMBOL        line
  C:5BF4H         LINE#         128
  C:5BF4H         LINE#         129
  C:5BF4H         LINE#         130
  C:5BFAH         LINE#         131
  C:5BFAH         LINE#         132
  C:5BFCH         LINE#         133
  C:5BFCH         LINE#         134
  C:5BFEH         LINE#         136
  C:5BFEH         LINE#         137
  C:5C03H         LINE#         138
  C:5C08H         LINE#         139
  C:5C08H         LINE#         140
  -------         ENDPROC       _DISPLAY_LINE
  -------         PROC          _DISPLAY_POS
  X:04E1H         SYMBOL        sign_dat
  -------         DO            
  X:04E5H         SYMBOL        unit
  X:04E6H         SYMBOL        ten
BL51 BANKED LINKER/LOCATER V6.22                                                      06/03/2019  14:17:28  PAGE 22


  X:04E7H         SYMBOL        hundred
  X:04E8H         SYMBOL        thousand
  X:04E9H         SYMBOL        after_dot
  X:04EAH         SYMBOL        dat
  -------         ENDDO         
  C:470BH         LINE#         142
  C:4711H         LINE#         143
  C:4711H         LINE#         147
  C:472DH         LINE#         148
  C:4747H         LINE#         149
  C:476BH         LINE#         151
  C:47B5H         LINE#         153
  C:47CCH         LINE#         154
  C:47DEH         LINE#         155
  C:4803H         LINE#         156
  C:481DH         LINE#         157
  C:4835H         LINE#         158
  C:4835H         LINE#         159
  C:4835H         LINE#         160
  C:4835H         LINE#         161
  C:4835H         LINE#         162
  C:4835H         LINE#         163
  C:4835H         LINE#         164
  C:4835H         LINE#         168
  C:4837H         LINE#         170
  C:4837H         LINE#         172
  C:483CH         LINE#         173
  C:4842H         LINE#         174
  C:4848H         LINE#         175
  C:484EH         LINE#         176
  C:4854H         LINE#         177
  C:4859H         LINE#         178
  C:485FH         LINE#         182
  C:485FH         LINE#         184
  -------         ENDPROC       _DISPLAY_POS
  -------         PROC          _ABS
  D:0006H         SYMBOL        dat
  C:5C47H         LINE#         186
  C:5C47H         LINE#         187
  C:5C47H         LINE#         188
  C:5C52H         LINE#         189
  C:5C53H         LINE#         191
  C:5C5AH         LINE#         192
  -------         ENDPROC       _ABS
  -------         ENDMOD        LCD_DRIVER_SPLC780D

  -------         MODULE        KEYPAD
  C:0000H         SYMBOL        _ICE_DUMMY_
  D:0093H         PUBLIC        P0M1
  D:0080H         PUBLIC        P0
  D:0090H         PUBLIC        P1
  D:00A0H         PUBLIC        P2
  D:00B0H         PUBLIC        P3
  D:00C0H         PUBLIC        P4
  D:00C8H         PUBLIC        P5
  D:00E8H         PUBLIC        P6
  D:00F8H         PUBLIC        P7
BL51 BANKED LINKER/LOCATER V6.22                                                      06/03/2019  14:17:28  PAGE 23


  D:00A8H         PUBLIC        IE
  C:4107H         PUBLIC        Key_Scan
  D:00B8H         PUBLIC        IP
  D:00D8H         PUBLIC        CCON
  C:5CE9H         PUBLIC        KeyPad_IO_Init
  C:5B23H         PUBLIC        _Delay_ms
  D:0098H         PUBLIC        SCON
  D:0088H         PUBLIC        TCON
  X:0627H         PUBLIC        small_move
  X:0629H         PUBLIC        move
  X:062BH         PUBLIC        auto_mode
  X:062DH         PUBLIC        direction
  X:062FH         PUBLIC        SPI_NOR_ClearEnable
  C:3834H         PUBLIC        Key_Process
  D:00D0H         PUBLIC        PSW
  D:0094H         PUBLIC        P0M0
  -------         PROC          _DELAY_MS
  D:0006H         SYMBOL        ms
  -------         DO            
  D:0004H         SYMBOL        De_Cnt
  -------         ENDDO         
  C:5B23H         LINE#         20
  C:5B23H         LINE#         21
  C:5B23H         LINE#         23
  C:5B2DH         LINE#         24
  C:5B2DH         LINE#         25
  C:5B40H         LINE#         26
  C:5B40H         LINE#         27
  -------         ENDPROC       _DELAY_MS
  -------         PROC          KEY_SCAN
  -------         DO            
  X:03FEH         SYMBOL        KeyTemp1
  X:03FFH         SYMBOL        KeyTemp2
  X:0400H         SYMBOL        KeyValue
  -------         ENDDO         
  C:4107H         LINE#         28
  C:4107H         LINE#         29
  C:4107H         LINE#         34
  C:410AH         LINE#         37
  C:410DH         LINE#         39
  C:4115H         LINE#         40
  C:411CH         LINE#         41
  C:411CH         LINE#         43
  C:4121H         LINE#         44
  C:4128H         LINE#         45
  C:4128H         LINE#         48
  C:412BH         LINE#         49
  C:412EH         LINE#         50
  C:4133H         LINE#         51
  C:4137H         LINE#         52
  C:4137H         LINE#         53
  C:413FH         LINE#         54
  C:413FH         LINE#         55
  C:4142H         LINE#         56
  C:414AH         LINE#         57
  C:414CH         LINE#         59
  C:4160H         LINE#         60
BL51 BANKED LINKER/LOCATER V6.22                                                      06/03/2019  14:17:28  PAGE 24


  C:4160H         LINE#         61
  C:4160H         LINE#         62
  C:4160H         LINE#         63
  C:4166H         LINE#         65
  C:4168H         LINE#         66
  C:4168H         LINE#         67
  C:4168H         LINE#         68
  C:416EH         LINE#         70
  C:4170H         LINE#         71
  C:4170H         LINE#         72
  C:4170H         LINE#         73
  C:4176H         LINE#         75
  C:4178H         LINE#         76
  C:4178H         LINE#         77
  C:4178H         LINE#         78
  C:417EH         LINE#         80
  C:417EH         LINE#         81
  C:417EH         LINE#         82
  C:417EH         LINE#         85
  C:4181H         LINE#         86
  C:4184H         LINE#         87
  C:418CH         LINE#         88
  C:4190H         LINE#         89
  C:4190H         LINE#         90
  C:4198H         LINE#         91
  C:4198H         LINE#         92
  C:419BH         LINE#         93
  C:41A3H         LINE#         94
  C:41A5H         LINE#         95
  C:41B9H         LINE#         96
  C:41B9H         LINE#         97
  C:41B9H         LINE#         98
  C:41B9H         LINE#         99
  C:41BFH         LINE#         101
  C:41C1H         LINE#         102
  C:41C1H         LINE#         103
  C:41C1H         LINE#         104
  C:41C7H         LINE#         106
  C:41C9H         LINE#         107
  C:41C9H         LINE#         108
  C:41C9H         LINE#         109
  C:41CFH         LINE#         111
  C:41D1H         LINE#         112
  C:41D1H         LINE#         113
  C:41D1H         LINE#         114
  C:41D6H         LINE#         116
  C:41D6H         LINE#         117
  C:41D6H         LINE#         118
  C:41D6H         LINE#         121
  C:41D9H         LINE#         122
  C:41DCH         LINE#         123
  C:41E4H         LINE#         124
  C:41E8H         LINE#         125
  C:41E8H         LINE#         126
  C:41F0H         LINE#         127
  C:41F0H         LINE#         128
  C:41F3H         LINE#         129
BL51 BANKED LINKER/LOCATER V6.22                                                      06/03/2019  14:17:28  PAGE 25


  C:41FBH         LINE#         130
  C:41FDH         LINE#         131
  C:4211H         LINE#         132
  C:4211H         LINE#         133
  C:4211H         LINE#         134
  C:4211H         LINE#         135
  C:4217H         LINE#         137
  C:4219H         LINE#         138
  C:4219H         LINE#         139
  C:4219H         LINE#         140
  C:421FH         LINE#         142
  C:4221H         LINE#         143
  C:4221H         LINE#         144
  C:4221H         LINE#         145
  C:4227H         LINE#         147
  C:4229H         LINE#         148
  C:4229H         LINE#         149
  C:4229H         LINE#         150
  C:422FH         LINE#         152
  C:422FH         LINE#         153
  C:422FH         LINE#         154
  C:422FH         LINE#         158
  C:4232H         LINE#         159
  C:4235H         LINE#         160
  C:423DH         LINE#         161
  C:4241H         LINE#         162
  C:4241H         LINE#         163
  C:4249H         LINE#         164
  C:4249H         LINE#         165
  C:424CH         LINE#         166
  C:4254H         LINE#         167
  C:4256H         LINE#         168
  C:426AH         LINE#         169
  C:426AH         LINE#         170
  C:426AH         LINE#         171
  C:426AH         LINE#         172
  C:4270H         LINE#         174
  C:4272H         LINE#         175
  C:4272H         LINE#         176
  C:4272H         LINE#         177
  C:4278H         LINE#         179
  C:427AH         LINE#         180
  C:427AH         LINE#         181
  C:427AH         LINE#         182
  C:4280H         LINE#         184
  C:4282H         LINE#         185
  C:4282H         LINE#         186
  C:4282H         LINE#         187
  C:4288H         LINE#         189
  C:4288H         LINE#         190
  C:4288H         LINE#         191
  C:4288H         LINE#         193
  C:428EH         LINE#         194
  C:428EH         LINE#         196
  C:428EH         LINE#         197
  C:4291H         LINE#         198
  C:4291H         LINE#         199
BL51 BANKED LINKER/LOCATER V6.22                                                      06/03/2019  14:17:28  PAGE 26


  C:4291H         LINE#         201
  C:4291H         LINE#         202
  C:4293H         LINE#         203
  C:4293H         LINE#         204
  -------         ENDPROC       KEY_SCAN
  -------         PROC          KEY_PROCESS
  -------         DO            
  X:0618H         SYMBOL        KeyCount
  X:0619H         SYMBOL        KeyNum_Old
  X:061BH         SYMBOL        KeyNum
  X:061DH         SYMBOL        PressedKey
  X:03F8H         SYMBOL        d
  D:0002H         SYMBOL        hours
  D:0006H         SYMBOL        mins
  X:03FAH         SYMBOL        months
  X:03FCH         SYMBOL        days
  -------         ENDDO         
  C:3834H         LINE#         205
  C:3834H         LINE#         206
  C:3834H         LINE#         210
  C:3843H         LINE#         211
  C:3850H         LINE#         213
  C:3854H         LINE#         214
  C:3854H         LINE#         215
  C:385AH         LINE#         217
  C:385AH         LINE#         218
  C:3871H         LINE#         219
  C:3871H         LINE#         220
  C:387BH         LINE#         221
  C:3881H         LINE#         223
  C:3887H         LINE#         225
  C:3887H         LINE#         226
  C:389EH         LINE#         227
  C:389EH         LINE#         228
  C:38A3H         LINE#         230
  C:38A3H         LINE#         231
  C:38B3H         LINE#         232
  C:38B3H         LINE#         233
  C:38B9H         LINE#         235
  C:38B9H         LINE#         236
  C:38CBH         LINE#         237
  C:38CBH         LINE#         238
  C:38D5H         LINE#         239
  C:38DDH         LINE#         241
  C:38E6H         LINE#         243
  C:38E6H         LINE#         252
  C:3905H         LINE#         253
  C:3905H         LINE#         254
  C:3924H         LINE#         255
  C:392AH         LINE#         256
  C:3932H         LINE#         257
  C:3932H         LINE#         259
  C:3933H         LINE#         265
  C:393FH         LINE#         266
  C:393FH         LINE#         267
  C:395CH         LINE#         268
  C:3973H         LINE#         269
BL51 BANKED LINKER/LOCATER V6.22                                                      06/03/2019  14:17:28  PAGE 27


  C:398AH         LINE#         270
  C:398AH         LINE#         271
  C:399DH         LINE#         272
  C:39B0H         LINE#         273
  C:39B0H         LINE#         274
  C:39B0H         LINE#         275
  C:39B3H         LINE#         280
  C:39C2H         LINE#         281
  C:39C2H         LINE#         282
  C:39E5H         LINE#         283
  C:3A02H         LINE#         284
  C:3A0BH         LINE#         285
  C:3A0BH         LINE#         286
  C:3A12H         LINE#         287
  C:3A12H         LINE#         288
  C:3A23H         LINE#         289
  C:3A23H         LINE#         290
  C:3A32H         LINE#         291
  C:3A32H         LINE#         292
  C:3A32H         LINE#         293
  C:3A35H         LINE#         295
  C:3A35H         LINE#         296
  C:3A41H         LINE#         297
  C:3A41H         LINE#         298
  C:3A53H         LINE#         299
  C:3A53H         LINE#         300
  C:3A63H         LINE#         301
  C:3A63H         LINE#         302
  C:3A63H         LINE#         304
  C:3A65H         LINE#         306
  C:3A65H         LINE#         307
  C:3A74H         LINE#         308
  C:3A74H         LINE#         309
  C:3A84H         LINE#         310
  C:3A84H         LINE#         311
  C:3A84H         LINE#         313
  C:3A84H         LINE#         315
  C:3A84H         LINE#         316
  C:3A86H         LINE#         318
  C:3A86H         LINE#         319
  C:3A8DH         LINE#         320
  C:3A8DH         LINE#         321
  C:3A9CH         LINE#         322
  C:3A9CH         LINE#         323
  C:3AACH         LINE#         324
  C:3AACH         LINE#         325
  C:3AACH         LINE#         326
  C:3AAEH         LINE#         328
  C:3AAEH         LINE#         329
  C:3ABDH         LINE#         330
  C:3ABDH         LINE#         331
  C:3AD0H         LINE#         332
  C:3AE3H         LINE#         333
  C:3AE3H         LINE#         334
  C:3AE3H         LINE#         335
  C:3AE3H         LINE#         336
  C:3AECH         LINE#         338
BL51 BANKED LINKER/LOCATER V6.22                                                      06/03/2019  14:17:28  PAGE 28


  C:3AECH         LINE#         340
  C:3B26H         LINE#         341
  C:3B26H         LINE#         342
  C:3B2DH         LINE#         343
  C:3B2DH         LINE#         344
  C:3B37H         LINE#         345
  C:3B37H         LINE#         346
  C:3B3AH         LINE#         347
  C:3B3FH         LINE#         348
  C:3B44H         LINE#         349
  C:3B49H         LINE#         350
  C:3B4EH         LINE#         351
  C:3B53H         LINE#         352
  C:3B58H         LINE#         353
  C:3B5DH         LINE#         354
  C:3B5DH         LINE#         355
  C:3B5DH         LINE#         357
  C:3B7BH         LINE#         358
  C:3B7BH         LINE#         359
  C:3B82H         LINE#         360
  C:3B82H         LINE#         361
  C:3B87H         LINE#         362
  C:3B90H         LINE#         363
  C:3BAFH         LINE#         364
  C:3BAFH         LINE#         365
  C:3BBFH         LINE#         367
  C:3BBFH         LINE#         371
  -------         ENDPROC       KEY_PROCESS
  -------         PROC          KEYPAD_IO_INIT
  C:5CE9H         LINE#         374
  C:5CE9H         LINE#         375
  C:5CE9H         LINE#         376
  C:5CECH         LINE#         377
  C:5CEFH         LINE#         378
  C:5CF2H         LINE#         379
  C:5CF4H         LINE#         380
  -------         ENDPROC       KEYPAD_IO_INIT
  -------         ENDMOD        KEYPAD

  -------         MODULE        BIPOLARMOTOR
  C:0000H         SYMBOL        _ICE_DUMMY_
  X:0000H         PUBLIC        UTC_time
  D:0080H         PUBLIC        P0
  D:0090H         PUBLIC        P1
  X:0004H         PUBLIC        RX_pos_test
  D:00A0H         PUBLIC        P2
  D:00B0H         PUBLIC        P3
  D:00C0H         PUBLIC        P4
  D:00C8H         PUBLIC        P5
  D:00E8H         PUBLIC        P6
  D:00F8H         PUBLIC        P7
  X:00A4H         PUBLIC        low_date_azimuth_mapping
  D:00A8H         PUBLIC        IE
  C:4EB0H         PUBLIC        linear_interpolate
  X:00CCH         PUBLIC        declination
  C:59BBH         PUBLIC        _Move
  D:00B8H         PUBLIC        IP
BL51 BANKED LINKER/LOCATER V6.22                                                      06/03/2019  14:17:28  PAGE 29


  X:00D0H         PUBLIC        time_offset
  D:00D8H         PUBLIC        CCON
  X:00D4H         PUBLIC        previous_move_time
  X:00D5H         PUBLIC        time
  D:0098H         PUBLIC        SCON
  D:0088H         PUBLIC        TCON
  C:585CH         PUBLIC        _Step_move
  X:00E7H         PUBLIC        dat
  X:00EDH         PUBLIC        current_local_sun_time
  C:1F46H         PUBLIC        _Update_position
  C:3BC0H         PUBLIC        _elevation_calculation
  X:00F1H         PUBLIC        sunCoord
  C:5744H         PUBLIC        vOneStepMove
  X:00F4H         PUBLIC        elevation_stamp
  X:0130H         PUBLIC        date_azimuth_mapping
  X:0158H         PUBLIC        location
  X:0160H         PUBLIC        RX_pos
  C:5C09H         PUBLIC        vSetLocation
  C:5B84H         PUBLIC        _BCDtoDec1
  X:03B8H         PUBLIC        degree
  C:2AA8H         PUBLIC        _TheoricalJP_Position
  D:00D0H         PUBLIC        PSW
  -------         PROC          VSETLOCATION
  C:5C09H         LINE#         44
  C:5C09H         LINE#         45
  C:5C09H         LINE#         46
  C:5C13H         LINE#         47
  C:5C1DH         LINE#         48
  -------         ENDPROC       VSETLOCATION
  C:5B80H         SYMBOL        L?0060
  -------         PROC          L?0059
  -------         ENDPROC       L?0059
  C:5B80H         SYMBOL        L?0060
  -------         PROC          _BCDTODEC1
  D:0007H         SYMBOL        bcd
  -------         DO            
  D:0006H         SYMBOL        hi
  D:0007H         SYMBOL        lo
  -------         ENDDO         
  C:5B84H         LINE#         49
  C:5B84H         LINE#         50
  C:5B84H         LINE#         52
  C:5B89H         LINE#         53
  C:5B8DH         LINE#         54
  C:5B94H         LINE#         55
  -------         ENDPROC       _BCDTODEC1
  -------         PROC          VONESTEPMOVE
  B:0020H.3       SYMBOL        bDir
  C:5744H         LINE#         59
  C:5744H         LINE#         60
  C:5744H         LINE#         62
  C:574AH         LINE#         63
  C:574AH         LINE#         64
  C:574DH         LINE#         65
  C:5756H         LINE#         66
  C:575DH         LINE#         67
  C:5762H         LINE#         68
BL51 BANKED LINKER/LOCATER V6.22                                                      06/03/2019  14:17:28  PAGE 30


  C:5762H         LINE#         69
  C:5762H         LINE#         71
  C:5764H         LINE#         74
  C:5764H         LINE#         75
  C:5767H         LINE#         76
  C:5770H         LINE#         77
  C:5777H         LINE#         78
  C:577DH         LINE#         79
  C:5786H         LINE#         80
  C:578DH         LINE#         81
  C:578DH         LINE#         85
  -------         ENDPROC       VONESTEPMOVE
  -------         PROC          _STEP_MOVE
  X:04E5H         SYMBOL        step
  B:0020H.2       SYMBOL        dir
  -------         DO            
  X:04E7H         SYMBOL        i
  -------         ENDDO         
  C:585CH         LINE#         87
  C:5864H         LINE#         88
  C:5864H         LINE#         90
  C:5869H         LINE#         93
  C:5884H         LINE#         94
  C:5884H         LINE#         95
  C:588BH         LINE#         97
  C:589BH         LINE#         99
  -------         ENDPROC       _STEP_MOVE
  -------         PROC          _MOVE
  X:04E1H         SYMBOL        distance
  B:0020H.1       SYMBOL        direction
  -------         DO            
  D:0006H         SYMBOL        step
  -------         ENDDO         
  C:59BBH         LINE#         101
  C:59C1H         LINE#         102
  C:59C1H         LINE#         105
  C:59DCH         LINE#         106
  -------         ENDPROC       _MOVE
  C:4E9FH         SYMBOL        L?0058
  -------         PROC          L?0057
  -------         ENDPROC       L?0057
  C:4E9FH         SYMBOL        L?0058
  -------         PROC          LINEAR_INTERPOLATE
  X:049EH         SYMBOL        p1
  X:04A6H         SYMBOL        p2
  X:04AEH         SYMBOL        x
  -------         DO            
  D:0004H         SYMBOL        fx
  -------         ENDDO         
  C:4EB0H         LINE#         139
  C:4EB0H         LINE#         140
  C:4EB0H         LINE#         143
  C:4F4FH         LINE#         145
  C:4F4FH         LINE#         146
  -------         ENDPROC       LINEAR_INTERPOLATE
  -------         PROC          _THEORICALJP_POSITION
  X:0442H         SYMBOL        azimuth
BL51 BANKED LINKER/LOCATER V6.22                                                      06/03/2019  14:17:28  PAGE 31


  X:0446H         SYMBOL        elevation
  -------         DO            
  X:044AH         SYMBOL        pos_interpolate_azimuth
  X:0486H         SYMBOL        JP_pos
  X:048AH         SYMBOL        i
  X:048CH         SYMBOL        yy
  X:048EH         SYMBOL        p1
  X:0496H         SYMBOL        p2
  -------         ENDDO         
  C:2AA8H         LINE#         149
  C:2AAEH         LINE#         150
  C:2AAEH         LINE#         152
  C:2AB8H         LINE#         155
  C:2AD4H         LINE#         156
  C:2AD4H         LINE#         157
  C:2B44H         LINE#         158
  C:2B44H         LINE#         159
  C:2B4BH         LINE#         160
  C:2B4BH         LINE#         161
  C:2B78H         LINE#         162
  C:2B93H         LINE#         164
  C:2BDAH         LINE#         165
  C:2C0EH         LINE#         167
  C:2C54H         LINE#         168
  C:2C79H         LINE#         170
  C:2C79H         LINE#         172
  C:2CEFH         LINE#         173
  C:2CEFH         LINE#         174
  C:2CF6H         LINE#         175
  C:2CF6H         LINE#         176
  C:2D23H         LINE#         177
  C:2D3EH         LINE#         179
  C:2D85H         LINE#         180
  C:2DB9H         LINE#         182
  C:2DFFH         LINE#         183
  C:2E21H         LINE#         185
  C:2E21H         LINE#         186
  C:2E35H         LINE#         189
  C:2E51H         LINE#         190
  C:2E51H         LINE#         191
  C:2EC1H         LINE#         192
  C:2EC1H         LINE#         193
  C:2EEEH         LINE#         194
  C:2F09H         LINE#         196
  C:2F36H         LINE#         197
  C:2F51H         LINE#         199
  C:2F83H         LINE#         202
  C:2F83H         LINE#         204
  C:2F94H         LINE#         205
  C:2FA2H         LINE#         207
  -------         ENDPROC       _THEORICALJP_POSITION
  -------         PROC          _UPDATE_POSITION
  D:0001H         SYMBOL        mnths
  D:0002H         SYMBOL        dys
  X:041EH         SYMBOL        hurs
  X:041FH         SYMBOL        mns
  X:0420H         SYMBOL        sconds
BL51 BANKED LINKER/LOCATER V6.22                                                      06/03/2019  14:17:28  PAGE 32


  X:0421H         SYMBOL        currnt_pos
  X:0424H         SYMBOL        offset_calib
  -------         DO            
  X:0428H         SYMBOL        date
  X:042AH         SYMBOL        i
  X:042CH         SYMBOL        yy
  X:042EH         SYMBOL        desired_distance
  X:0432H         SYMBOL        distance
  X:0436H         SYMBOL        JP_pos
  X:043AH         SYMBOL        elevation
  X:043EH         SYMBOL        azimuth
  -------         ENDDO         
  C:1F46H         LINE#         210
  C:1F4FH         LINE#         213
  C:1F4FH         LINE#         214
  C:1F5AH         LINE#         216
  C:1F76H         LINE#         223
  C:1F80H         LINE#         224
  C:1F8BH         LINE#         225
  C:1F96H         LINE#         226
  C:1FAFH         LINE#         227
  C:1FC0H         LINE#         228
  C:1FCFH         LINE#         231
  C:1FE3H         LINE#         235
  C:2035H         LINE#         236
  C:2199H         LINE#         237
  C:21E9H         LINE#         240
  C:2311H         LINE#         243
  C:23E0H         LINE#         250
  C:2427H         LINE#         251
  C:2427H         LINE#         253
  C:2452H         LINE#         254
  C:2481H         LINE#         256
  C:24A6H         LINE#         257
  C:250BH         LINE#         258
  C:250BH         LINE#         259
  C:2525H         LINE#         260
  C:2537H         LINE#         261
  C:254FH         LINE#         262
  C:2565H         LINE#         264
  C:2581H         LINE#         265
  C:2581H         LINE#         266
  C:2581H         LINE#         269
  -------         ENDPROC       _UPDATE_POSITION
  -------         PROC          _ELEVATION_CALCULATION
  D:0007H         SYMBOL        mnths
  D:0005H         SYMBOL        dys
  X:03FAH         SYMBOL        hurs
  X:03FBH         SYMBOL        mns
  X:03FCH         SYMBOL        sconds
  C:3BC0H         LINE#         271
  C:3BC5H         LINE#         273
  C:3BC5H         LINE#         274
  C:3BCFH         LINE#         275
  C:3BD8H         LINE#         276
  C:3BE3H         LINE#         277
  C:3BFCH         LINE#         278
BL51 BANKED LINKER/LOCATER V6.22                                                      06/03/2019  14:17:28  PAGE 33


  C:3C10H         LINE#         279
  C:3C22H         LINE#         283
  C:3C74H         LINE#         284
  C:3DD8H         LINE#         285
  C:3E28H         LINE#         287
  C:3F3FH         LINE#         289
  -------         ENDPROC       _ELEVATION_CALCULATION
  -------         ENDMOD        BIPOLARMOTOR

  -------         MODULE        SUNPOS
  C:0000H         SYMBOL        _ICE_DUMMY_
  C:17A4H         PUBLIC        sunpos
  -------         PROC          SUNPOS
  X:0442H         SYMBOL        udtTime
  X:0454H         SYMBOL        udtLocation
  X:045CH         SYMBOL        udtSunCoordinates
  -------         DO            
  X:045FH         SYMBOL        dElapsedJulianDays
  X:0463H         SYMBOL        dDecimalHours
  X:0467H         SYMBOL        dEclipticLongitude
  X:046BH         SYMBOL        dEclipticObliquity
  X:046FH         SYMBOL        dRightAscension
  X:0473H         SYMBOL        dDeclination
  X:0477H         SYMBOL        dY
  X:047BH         SYMBOL        dX
  -------         DO            
  X:047FH         SYMBOL        dJulianDate
  X:0483H         SYMBOL        liAux1
  X:0487H         SYMBOL        liAux2
  X:047FH         SYMBOL        dMeanLongitude
  X:0483H         SYMBOL        dMeanAnomaly
  X:0487H         SYMBOL        dOmega
  X:047FH         SYMBOL        dSin_EclipticLongitude
  X:047FH         SYMBOL        dGreenwichMeanSiderealTime
  X:0483H         SYMBOL        dLocalMeanSiderealTime
  X:0487H         SYMBOL        dLatitudeInRadians
  X:048BH         SYMBOL        dHourAngle
  X:048FH         SYMBOL        dCos_Latitude
  X:0493H         SYMBOL        dSin_Latitude
  X:0497H         SYMBOL        dCos_HourAngle
  X:049BH         SYMBOL        dParallax
  -------         ENDDO         
  -------         DO            
  X:047FH         SYMBOL        dMeanLongitude
  X:0483H         SYMBOL        dMeanAnomaly
  X:0487H         SYMBOL        dOmega
  X:047FH         SYMBOL        dSin_EclipticLongitude
  X:047FH         SYMBOL        dGreenwichMeanSiderealTime
  X:0483H         SYMBOL        dLocalMeanSiderealTime
  X:0487H         SYMBOL        dLatitudeInRadians
  X:048BH         SYMBOL        dHourAngle
  X:048FH         SYMBOL        dCos_Latitude
  X:0493H         SYMBOL        dSin_Latitude
  X:0497H         SYMBOL        dCos_HourAngle
  X:049BH         SYMBOL        dParallax
  -------         ENDDO         
  -------         DO            
[...]
  C:42F3H         LINE#         322
  C:42F6H         LINE#         324
  C:4310H         LINE#         325
  C:4310H         LINE#         326
  C:4310H         LINE#         328
  C:4313H         LINE#         330
  C:432DH         LINE#         331
  C:432DH         LINE#         332
  C:432DH         LINE#         334
  C:4330H         LINE#         336
  C:434AH         LINE#         337
  C:434AH         LINE#         338
  C:434AH         LINE#         340
  C:434DH         LINE#         342
  C:4367H         LINE#         343
  C:4367H         LINE#         344
  C:4367H         LINE#         346
  C:436AH         LINE#         348
  C:4384H         LINE#         349
  C:4384H         LINE#         350
  C:4384H         LINE#         352
  C:4387H         LINE#         354
  C:43A1H         LINE#         355
  C:43A1H         LINE#         356
  C:43A1H         LINE#         358
  C:43A4H         LINE#         360
  C:43BEH         LINE#         361
  C:43BEH         LINE#         362
  C:43BEH         LINE#         364
  C:43C1H         LINE#         366
  C:43DBH         LINE#         367
  C:43DBH         LINE#         368
  C:43DBH         LINE#         370
  C:43DEH         LINE#         372
  C:43F8H         LINE#         373
  C:43FFH         LINE#         374
  -------         ENDPROC       SPI_NOR_WRITE_DATA
  -------         ENDMOD        AT25SF041

  -------         MODULE        SI1120
  C:0000H         SYMBOL        _ICE_DUMMY_
BL51 BANKED LINKER/LOCATER V6.22                                                      06/03/2019  14:17:28  PAGE 50


  D:0080H         PUBLIC        P0
  D:00B2H         PUBLIC        P3M0
  D:0090H         PUBLIC        P1
  D:00B1H         PUBLIC        P3M1
  D:00A0H         PUBLIC        P2
  D:00B0H         PUBLIC        P3
  D:00C0H         PUBLIC        P4
  D:00C8H         PUBLIC        P5
  B:00A8H.7       PUBLIC        EA
  D:00E8H         PUBLIC        P6
  D:00F8H         PUBLIC        P7
  D:00A8H         PUBLIC        IE
  D:00B8H         PUBLIC        IP
  C:590AH         PUBLIC        SI1120_CONFIG_MODE_VIRH
  D:00D8H         PUBLIC        CCON
  D:0098H         PUBLIC        SCON
  D:0088H         PUBLIC        TCON
  C:5CDCH         PUBLIC        Enable_EXTINT0
  B:0090H.5       PUBLIC        SI1120_STX
  B:0088H.0       PUBLIC        IT0
  B:00A8H.0       PUBLIC        EX0
  B:0090H.4       PUBLIC        SI1120_MD
  B:0090H.6       PUBLIC        SI1120_SC
  D:00D0H         PUBLIC        PSW
  -------         PROC          SI1120_CONFIG_MODE_VIRH
  C:590AH         LINE#         4
  C:590AH         LINE#         5
  C:590AH         LINE#         6
  C:590CH         LINE#         7
  C:590EH         LINE#         8
  C:5910H         LINE#         10
  C:5917H         LINE#         11
  C:5919H         LINE#         13
  C:591BH         LINE#         14
  C:591DH         LINE#         16
  C:5924H         LINE#         18
  C:5926H         LINE#         20
  C:592DH         LINE#         23
  C:592FH         LINE#         25
  C:5931H         LINE#         27
  C:5938H         LINE#         29
  C:593AH         LINE#         31
  -------         ENDPROC       SI1120_CONFIG_MODE_VIRH
  -------         PROC          ENABLE_EXTINT0
  C:5CDCH         LINE#         33
  C:5CDCH         LINE#         34
  C:5CDCH         LINE#         35
  C:5CDFH         LINE#         36
  C:5CE2H         LINE#         37
  C:5CE4H         LINE#         38
  C:5CE6H         LINE#         39
  C:5CE8H         LINE#         40
  -------         ENDPROC       ENABLE_EXTINT0
  -------         ENDMOD        SI1120

  -------         MODULE        UART1
  C:0000H         SYMBOL        _ICE_DUMMY_
BL51 BANKED LINKER/LOCATER V6.22                                                      06/03/2019  14:17:28  PAGE 51


  D:0080H         PUBLIC        P0
  D:0090H         PUBLIC        P1
  D:00A0H         PUBLIC        P2
  D:00B0H         PUBLIC        P3
  D:00C0H         PUBLIC        P4
  D:00C8H         PUBLIC        P5
  C:5A9EH         PUBLIC        _uart1_SendToTCPServer
  B:00A8H.7       PUBLIC        EA
  D:00E8H         PUBLIC        P6
  D:00F8H         PUBLIC        P7
  C:58D7H         PUBLIC        _SendString
  D:00A8H         PUBLIC        IE
  B:00A8H.4       PUBLIC        ES
  D:00B8H         PUBLIC        IP
  C:5BC7H         PUBLIC        _ASCIItoBCD
  D:00D8H         PUBLIC        CCON
  C:5C91H         PUBLIC        initUART1
  D:0098H         PUBLIC        SCON
  D:0088H         PUBLIC        TCON
  C:5D31H         PUBLIC        _DectoBCD
  C:001EH         PUBLIC        _ASCII_Letter
  D:008EH         PUBLIC        AUXR
  C:0006H         PUBLIC        _unit
  C:5D2AH         PUBLIC        _ten
  D:00D6H         PUBLIC        T2H
  D:00D7H         PUBLIC        T2L
  C:5D1BH         PUBLIC        uart1_InitTCPConn
  D:00D0H         PUBLIC        PSW
  -------         PROC          INITUART1
  C:5C91H         LINE#         24
  C:5C91H         LINE#         25
  C:5C91H         LINE#         26
  C:5C94H         LINE#         27
  C:5C97H         LINE#         28
  C:5C9AH         LINE#         29
  C:5C9DH         LINE#         30
  C:5C9FH         LINE#         31
  C:5CA1H         LINE#         33
  -------         ENDPROC       INITUART1
  -------         PROC          _SENDSTRING
  X:04E1H         SYMBOL        s
  C:58D7H         LINE#         36
  C:58E2H         LINE#         37
  C:58E2H         LINE#         38
  C:58F2H         LINE#         39
  C:58F2H         LINE#         40
  C:5907H         LINE#         41
  C:5909H         LINE#         42
  -------         ENDPROC       _SENDSTRING
  -------         PROC          _TEN
  D:0007H         SYMBOL        BCD
  C:5D2AH         LINE#         44
  C:5D2AH         LINE#         45
  C:5D2AH         LINE#         46
  C:5D2FH         LINE#         47
  -------         ENDPROC       _TEN
  -------         PROC          _UNIT
BL51 BANKED LINKER/LOCATER V6.22                                                      06/03/2019  14:17:28  PAGE 52


  D:0007H         SYMBOL        BCD
  C:0006H         LINE#         48
  C:0006H         LINE#         49
  C:0006H         LINE#         53
  C:000AH         LINE#         54
  -------         ENDPROC       _UNIT
  -------         PROC          _DECTOBCD
  D:0007H         SYMBOL        dec
  C:5D31H         LINE#         55
  C:5D31H         LINE#         56
  C:5D31H         LINE#         58
  C:5D31H         LINE#         59
  -------         ENDPROC       _DECTOBCD
  -------         PROC          _ASCII_LETTER
  D:0007H         SYMBOL        dat
  C:001EH         LINE#         61
  C:001EH         LINE#         62
  C:001EH         LINE#         64
  C:0022H         LINE#         65
  -------         ENDPROC       _ASCII_LETTER
  -------         PROC          _ASCIITOBCD
  D:0001H         SYMBOL        ascii
  -------         DO            
  D:0007H         SYMBOL        dec_val
  D:0006H         SYMBOL        ten
  D:0007H         SYMBOL        unit
  -------         ENDDO         
  C:5BC7H         LINE#         67
  C:5BC7H         LINE#         68
  C:5BC7H         LINE#         70
  C:5BCAH         LINE#         71
  C:5BD0H         LINE#         72
  C:5BD7H         LINE#         73
  C:5BDDH         LINE#         75
  -------         ENDPROC       _ASCIITOBCD
  -------         PROC          UART1_INITTCPCONN
  C:5D1BH         LINE#         77
  C:5D1BH         LINE#         78
  C:5D1BH         LINE#         82
  -------         ENDPROC       UART1_INITTCPCONN
  -------         PROC          _UART1_SENDTOTCPSERVER
  X:03F8H         SYMBOL        str
  C:5A9EH         LINE#         85
  C:5AA9H         LINE#         86
  C:5AA9H         LINE#         87
  C:5AB2H         LINE#         88
  C:5AB9H         LINE#         89
  -------         ENDPROC       _UART1_SENDTOTCPSERVER
  -------         ENDMOD        UART1

  -------         MODULE        ?C_STARTUP
  C:53D8H         SEGMENT       ?C_C51STARTUP
  I:0022H         SEGMENT       ?STACK
  C:0000H         PUBLIC        ?C_STARTUP
  D:00E0H         SYMBOL        ACC
  D:00F0H         SYMBOL        B
  D:0083H         SYMBOL        DPH
BL51 BANKED LINKER/LOCATER V6.22                                                      06/03/2019  14:17:28  PAGE 53


  D:0082H         SYMBOL        DPL
  N:0000H         SYMBOL        IBPSTACK
  N:0100H         SYMBOL        IBPSTACKTOP
  N:0080H         SYMBOL        IDATALEN
  C:53DBH         SYMBOL        IDATALOOP
  N:0000H         SYMBOL        PBPSTACK
  N:0100H         SYMBOL        PBPSTACKTOP
  N:0000H         SYMBOL        PDATALEN
  N:0000H         SYMBOL        PDATASTART
  N:0000H         SYMBOL        PPAGE
  N:0000H         SYMBOL        PPAGEENABLE
  D:00A0H         SYMBOL        PPAGE_SFR
  D:0081H         SYMBOL        SP
  C:53D8H         SYMBOL        STARTUP1
  N:0000H         SYMBOL        XBPSTACK
  N:0000H         SYMBOL        XBPSTACKTOP
  N:0000H         SYMBOL        XDATALEN
  N:0000H         SYMBOL        XDATASTART
  C:0000H         LINE#         126
  C:53D8H         LINE#         133
  C:53DAH         LINE#         134
  C:53DBH         LINE#         135
  C:53DCH         LINE#         136
  C:53DEH         LINE#         185
  C:53E1H         LINE#         196
  -------         ENDMOD        ?C_STARTUP

  -------         MODULE        ?C?FPADD
  C:002DH         PUBLIC        ?C?FPADD
  C:0029H         PUBLIC        ?C?FPSUB
  -------         ENDMOD        ?C?FPADD

  -------         MODULE        ?C?FPMUL
  C:011EH         PUBLIC        ?C?FPMUL
  -------         ENDMOD        ?C?FPMUL

  -------         MODULE        ?C?FPDIV
  C:0227H         PUBLIC        ?C?FPDIV
  -------         ENDMOD        ?C?FPDIV

  -------         MODULE        ?C?FPCMP
  C:02C6H         PUBLIC        ?C?FPCMP
  C:02C4H         PUBLIC        ?C?FPCMP3
  -------         ENDMOD        ?C?FPCMP

  -------         MODULE        ?C?FPNEG
  C:033DH         PUBLIC        ?C?FPNEG
  -------         ENDMOD        ?C?FPNEG

  -------         MODULE        ?C?FCAST
  C:0358H         PUBLIC        ?C?FCASTC
  C:0353H         PUBLIC        ?C?FCASTI
  C:034EH         PUBLIC        ?C?FCASTL
  -------         ENDMOD        ?C?FCAST

  -------         MODULE        ?C?CASTF
  C:038CH         PUBLIC        ?C?CASTF
BL51 BANKED LINKER/LOCATER V6.22                                                      06/03/2019  14:17:28  PAGE 54


  -------         ENDMOD        ?C?CASTF

  -------         MODULE        PRINTF
  X:04E1H         PUBLIC        ?_PRINTF?BYTE
  X:04E1H         PUBLIC        ?_SPRINTF?BYTE
  C:300EH         PUBLIC        _PRINTF
  C:3008H         PUBLIC        _SPRINTF
  -------         ENDMOD        PRINTF

  -------         MODULE        ATAN2
  X:049FH         PUBLIC        ?_atan2?BYTE
  C:5205H         PUBLIC        _atan2
  -------         ENDMOD        ATAN2

  -------         MODULE        SIN
  C:4465H         PUBLIC        _COS
  C:447BH         PUBLIC        _SIN
  C:44B7H         PUBLIC        _TAN
  -------         ENDMOD        SIN

  -------         MODULE        ACOS
  C:578EH         PUBLIC        _ACOS
  -------         ENDMOD        ACOS

  -------         MODULE        ASIN
  C:589CH         PUBLIC        _ASIN
  -------         ENDMOD        ASIN

  -------         MODULE        POW
  X:03BCH         PUBLIC        ?_pow?BYTE
  C:45A5H         PUBLIC        _pow
  -------         ENDMOD        POW

  -------         MODULE        ?C?CHKFLOAT
  C:040DH         PUBLIC        ?C?CHKFLOAT
  -------         ENDMOD        ?C?CHKFLOAT

  -------         MODULE        ?C?FPROUND
  C:0427H         PUBLIC        ?C?FPROUND
  -------         ENDMOD        ?C?FPROUND

  -------         MODULE        ?C?FPCONVERT
  C:0464H         PUBLIC        ?C?FPCONVERT
  -------         ENDMOD        ?C?FPCONVERT

  -------         MODULE        EXP
  C:5376H         PUBLIC        _EXP
  -------         ENDMOD        EXP

  -------         MODULE        LOG
  C:4894H         PUBLIC        _LOG
  C:4890H         PUBLIC        _LOG10
  -------         ENDMOD        LOG

  -------         MODULE        SQRT
  C:50BCH         PUBLIC        _SQRT
  -------         ENDMOD        SQRT
BL51 BANKED LINKER/LOCATER V6.22                                                      06/03/2019  14:17:28  PAGE 55



  -------         MODULE        ATAN
  C:49A9H         PUBLIC        _ATAN
  -------         ENDMOD        ATAN

  -------         MODULE        ?C?FTNPWR
  C:05E6H         PUBLIC        ?C?FTNPWR
  -------         ENDMOD        ?C?FTNPWR

  -------         MODULE        ?C?COPY
  C:06F6H         PUBLIC        ?C?COPY
  -------         ENDMOD        ?C?COPY

  -------         MODULE        ?C?CLDPTR
  C:071CH         PUBLIC        ?C?CLDPTR
  -------         ENDMOD        ?C?CLDPTR

  -------         MODULE        ?C?CLDOPTR
  C:0735H         PUBLIC        ?C?CLDOPTR
  -------         ENDMOD        ?C?CLDOPTR

  -------         MODULE        ?C?CSTPTR
  C:0762H         PUBLIC        ?C?CSTPTR
  -------         ENDMOD        ?C?CSTPTR

  -------         MODULE        ?C?IMUL
  C:0774H         PUBLIC        ?C?IMUL
  -------         ENDMOD        ?C?IMUL

  -------         MODULE        ?C?UIDIV
  C:0786H         PUBLIC        ?C?UIDIV
  -------         ENDMOD        ?C?UIDIV

  -------         MODULE        ?C?SIDIV
  C:07DBH         PUBLIC        ?C?SIDIV
  -------         ENDMOD        ?C?SIDIV

  -------         MODULE        ?C?ILDIX
  C:0811H         PUBLIC        ?C?ILDIX
  -------         ENDMOD        ?C?ILDIX

  -------         MODULE        ?C?ILDOPTR
  C:0827H         PUBLIC        ?C?ILDOPTR
  -------         ENDMOD        ?C?ILDOPTR

  -------         MODULE        ?C?ISTPTR
  C:085FH         PUBLIC        ?C?ISTPTR
  -------         ENDMOD        ?C?ISTPTR

  -------         MODULE        ?C?LMUL
  C:087EH         PUBLIC        ?C?LMUL
  -------         ENDMOD        ?C?LMUL

  -------         MODULE        ?C?SLDIV
  C:57D8H         PUBLIC        ?C?SLDIV
  -------         ENDMOD        ?C?SLDIV

BL51 BANKED LINKER/LOCATER V6.22                                                      06/03/2019  14:17:28  PAGE 56


  -------         MODULE        ?C?LNEG
  C:08CDH         PUBLIC        ?C?LNEG
  -------         ENDMOD        ?C?LNEG

  -------         MODULE        ?C?ULCMP
  C:08DBH         PUBLIC        ?C?ULCMP
  -------         ENDMOD        ?C?ULCMP

  -------         MODULE        ?C?LSHL
  C:08ECH         PUBLIC        ?C?LSHL
  -------         ENDMOD        ?C?LSHL

  -------         MODULE        ?C?LLDPTR
  C:08FFH         PUBLIC        ?C?LLDPTR
  -------         ENDMOD        ?C?LLDPTR

  -------         MODULE        ?C?LLDOPTR
  C:091FH         PUBLIC        ?C?LLDOPTR
  -------         ENDMOD        ?C?LLDOPTR

  -------         MODULE        ?C?LSTPTR
  C:094FH         PUBLIC        ?C?LSTPTR
  -------         ENDMOD        ?C?LSTPTR

  -------         MODULE        ?C?LSTOPTR
  C:0969H         PUBLIC        ?C?LSTOPTR
  -------         ENDMOD        ?C?LSTOPTR

  -------         MODULE        ?C?LLDXDATA
  C:098DH         PUBLIC        ?C?LLDXDATA
  -------         ENDMOD        ?C?LLDXDATA

  -------         MODULE        ?C?LLDCODE
  C:0999H         PUBLIC        ?C?LLDCODE
  -------         ENDMOD        ?C?LLDCODE

  -------         MODULE        ?C?LLDXDATA0
  C:09A9H         PUBLIC        ?C?LLDXDATA0
  -------         ENDMOD        ?C?LLDXDATA0

  -------         MODULE        ?C?LLDCODE0
  C:09B5H         PUBLIC        ?C?LLDCODE0
  -------         ENDMOD        ?C?LLDCODE0

  -------         MODULE        ?C?LLDPTR0
  C:09C5H         PUBLIC        ?C?LLDPTR0
  -------         ENDMOD        ?C?LLDPTR0

  -------         MODULE        ?C?LSTXDATA
  C:09E5H         PUBLIC        ?C?LSTXDATA
  -------         ENDMOD        ?C?LSTXDATA

  -------         MODULE        ?C?LSTKXDATA
  C:09F1H         PUBLIC        ?C?LSTKXDATA
  -------         ENDMOD        ?C?LSTKXDATA

  -------         MODULE        ?C?LSTKPTR
BL51 BANKED LINKER/LOCATER V6.22                                                      06/03/2019  14:17:28  PAGE 57


  C:0A22H         PUBLIC        ?C?LSTKPTR
  -------         ENDMOD        ?C?LSTKPTR

  -------         MODULE        ?C?OFFXADD
  C:0A3CH         PUBLIC        ?C?OFFXADD
  -------         ENDMOD        ?C?OFFXADD

  -------         MODULE        ?C?PLDIXDATA
  C:0A48H         PUBLIC        ?C?PLDIXDATA
  -------         ENDMOD        ?C?PLDIXDATA

  -------         MODULE        ?C?PSTXDATA
  C:0A5FH         PUBLIC        ?C?PSTXDATA
  -------         ENDMOD        ?C?PSTXDATA

  -------         MODULE        ?C?CCASE
  C:0A68H         PUBLIC        ?C?CCASE
  -------         ENDMOD        ?C?CCASE

  -------         MODULE        PUTCHAR
  C:5A0AH         PUBLIC        _PUTCHAR
  -------         ENDMOD        PUTCHAR

  -------         MODULE        ATOI
  C:4DB2H         PUBLIC        _atoi
  -------         ENDMOD        ATOI

  -------         MODULE        ?C?IILDX
  C:0A8EH         PUBLIC        ?C?IILDX
  -------         ENDMOD        ?C?IILDX

  -------         MODULE        ?C?ULDIV
  C:0AE0H         PUBLIC        ?C?ULDIV
  -------         ENDMOD        ?C?ULDIV

  -------         MODULE        ?C?LLDIDATA
  C:0B72H         PUBLIC        ?C?LLDIDATA
  -------         ENDMOD        ?C?LLDIDATA

  -------         MODULE        ?C?LLDPDATA
  C:0B7EH         PUBLIC        ?C?LLDPDATA
  -------         ENDMOD        ?C?LLDPDATA

  -------         MODULE        ?C?LLDIDATA0
  C:0B8AH         PUBLIC        ?C?LLDIDATA0
  -------         ENDMOD        ?C?LLDIDATA0

  -------         MODULE        ?C?LLDPDATA0
  C:0B97H         PUBLIC        ?C?LLDPDATA0
  -------         ENDMOD        ?C?LLDPDATA0

  -------         MODULE        ?C?LSTIDATA
  C:0BA4H         PUBLIC        ?C?LSTIDATA
  -------         ENDMOD        ?C?LSTIDATA

  -------         MODULE        ?C?LSTPDATA
  C:0BB0H         PUBLIC        ?C?LSTPDATA
BL51 BANKED LINKER/LOCATER V6.22                                                      06/03/2019  14:17:28  PAGE 58


  -------         ENDMOD        ?C?LSTPDATA

  -------         MODULE        ?C?LSTKIDATA
  C:0BBCH         PUBLIC        ?C?LSTKIDATA
  -------         ENDMOD        ?C?LSTKIDATA

  -------         MODULE        ?C?LSTKPDATA
  C:0BD5H         PUBLIC        ?C?LSTKPDATA
  -------         ENDMOD        ?C?LSTKPDATA

  -------         MODULE        ISDIGIT
  C:5CC0H         PUBLIC        _isdigit
  -------         ENDMOD        ISDIGIT

  -------         MODULE        ISSPACE
  C:5C5BH         PUBLIC        _isspace
  -------         ENDMOD        ISSPACE

*** WARNING L16: UNCALLED SEGMENT, IGNORED FOR OVERLAY PROCESS
    SEGMENT: ?PR?_DAY_OF_YEAR?PCF85063BTL

*** WARNING L16: UNCALLED SEGMENT, IGNORED FOR OVERLAY PROCESS
    SEGMENT: ?PR?NOP?IOEXPANDER_PI4IOE5V96248

*** WARNING L16: UNCALLED SEGMENT, IGNORED FOR OVERLAY PROCESS
    SEGMENT: ?PR?UC_ACK?IOEXPANDER_PI4IOE5V96248

*** WARNING L16: UNCALLED SEGMENT, IGNORED FOR OVERLAY PROCESS
    SEGMENT: ?PR?UC_NACK?IOEXPANDER_PI4IOE5V96248

*** WARNING L16: UNCALLED SEGMENT, IGNORED FOR OVERLAY PROCESS
    SEGMENT: ?PR?_AT25SF041_READ?AT25SF041

*** WARNING L16: UNCALLED SEGMENT, IGNORED FOR OVERLAY PROCESS
    SEGMENT: ?PR?SPI_NOR_WRITE_DATA?AT25SF041

*** WARNING L16: UNCALLED SEGMENT, IGNORED FOR OVERLAY PROCESS
    SEGMENT: ?PR?_TEN?UART1

*** WARNING L16: UNCALLED SEGMENT, IGNORED FOR OVERLAY PROCESS
    SEGMENT: ?PR?_UNIT?UART1

*** WARNING L16: UNCALLED SEGMENT, IGNORED FOR OVERLAY PROCESS
    SEGMENT: ?PR?_DECTOBCD?UART1

*** WARNING L16: UNCALLED SEGMENT, IGNORED FOR OVERLAY PROCESS
    SEGMENT: ?PR?_ASCII_LETTER?UART1

*** WARNING L16: UNCALLED SEGMENT, IGNORED FOR OVERLAY PROCESS
    SEGMENT: ?PR?_ASCIITOBCD?UART1

Program Size: data=15.4 xdata=1614 code=23858
LINK/LOCATE RUN COMPLETE.  11 WARNING(S),  0 ERROR(S)
