BL51 BANKED LINKER/LOCATER V6.22                                                        02/27/2019  11:17:30  PAGE 1


BL51 BANKED LINKER/LOCATER V6.22, INVOKED BY:
C:\KEIL_V5\C51\BIN\BL51.EXE .\Obj\main.obj, .\Obj\PCF85063BTL.obj, .\Obj\UART1.obj, .\Obj\LCd_Driver_SPLC780D.obj, .\Obj
>> \KeyPad.obj, .\Obj\BipolarMotor.obj, .\Obj\SunPos.obj, .\Obj\ADC.obj, .\Obj\Calibration.obj, .\Obj\IOExpander_PI4IOE5
>> V96248.obj, .\Obj\AT25SF041.obj, .\Obj\STARTUP.obj TO .\Obj\GPIO_RTC_Test PRINT (.\Lis\GPIO_RTC_Test.m51) RAMSIZE (25
>> 6)


MEMORY MODEL: LARGE WITH FLOATING POINT ARITHMETIC


INPUT MODULES INCLUDED:
  .\Obj\main.obj (MAIN)
  .\Obj\PCF85063BTL.obj (PCF85063BTL)
  .\Obj\UART1.obj (UART1)
  .\Obj\LCd_Driver_SPLC780D.obj (LCD_DRIVER_SPLC780D)
  .\Obj\KeyPad.obj (KEYPAD)
  .\Obj\BipolarMotor.obj (BIPOLARMOTOR)
  .\Obj\SunPos.obj (SUNPOS)
  .\Obj\ADC.obj (ADC)
  .\Obj\Calibration.obj (CALIBRATION)
  .\Obj\IOExpander_PI4IOE5V96248.obj (IOEXPANDER_PI4IOE5V96248)
  .\Obj\AT25SF041.obj (AT25SF041)
  .\Obj\STARTUP.obj (?C_STARTUP)
  C:\KEIL_V5\C51\LIB\C51FPL.LIB (?C?FPADD)
  C:\KEIL_V5\C51\LIB\C51FPL.LIB (?C?FPMUL)
  C:\KEIL_V5\C51\LIB\C51FPL.LIB (?C?FPDIV)
  C:\KEIL_V5\C51\LIB\C51FPL.LIB (?C?FPCMP)
  C:\KEIL_V5\C51\LIB\C51FPL.LIB (?C?FPNEG)
  C:\KEIL_V5\C51\LIB\C51FPL.LIB (?C?FCAST)
  C:\KEIL_V5\C51\LIB\C51FPL.LIB (?C?CASTF)
  C:\KEIL_V5\C51\LIB\C51FPL.LIB (ATAN2)
  C:\KEIL_V5\C51\LIB\C51FPL.LIB (SIN)
  C:\KEIL_V5\C51\LIB\C51FPL.LIB (ACOS)
  C:\KEIL_V5\C51\LIB\C51FPL.LIB (ASIN)
  C:\KEIL_V5\C51\LIB\C51FPL.LIB (?C?FPGETOPN)
  C:\KEIL_V5\C51\LIB\C51FPL.LIB (?C?FPSERIES)
  C:\KEIL_V5\C51\LIB\C51FPL.LIB (SQRT)
  C:\KEIL_V5\C51\LIB\C51FPL.LIB (ATAN)
  C:\KEIL_V5\C51\LIB\C51L.LIB (?C_INIT)
  C:\KEIL_V5\C51\LIB\C51L.LIB (?C?COPY)
  C:\KEIL_V5\C51\LIB\C51L.LIB (?C?CLDPTR)
  C:\KEIL_V5\C51\LIB\C51L.LIB (?C?CLDOPTR)
  C:\KEIL_V5\C51\LIB\C51L.LIB (?C?CSTPTR)
  C:\KEIL_V5\C51\LIB\C51L.LIB (?C?IMUL)
  C:\KEIL_V5\C51\LIB\C51L.LIB (?C?UIDIV)
  C:\KEIL_V5\C51\LIB\C51L.LIB (?C?SIDIV)
  C:\KEIL_V5\C51\LIB\C51L.LIB (?C?ILDIX)
  C:\KEIL_V5\C51\LIB\C51L.LIB (?C?ILDOPTR)
  C:\KEIL_V5\C51\LIB\C51L.LIB (?C?ISTPTR)
  C:\KEIL_V5\C51\LIB\C51L.LIB (?C?LMUL)
  C:\KEIL_V5\C51\LIB\C51L.LIB (?C?SLDIV)
  C:\KEIL_V5\C51\LIB\C51L.LIB (?C?LNEG)
  C:\KEIL_V5\C51\LIB\C51L.LIB (?C?ULCMP)
  C:\KEIL_V5\C51\LIB\C51L.LIB (?C?LSHL)
  C:\KEIL_V5\C51\LIB\C51L.LIB (?C?LLDPTR)
  C:\KEIL_V5\C51\LIB\C51L.LIB (?C?LLDOPTR)
  C:\KEIL_V5\C51\LIB\C51L.LIB (?C?LSTPTR)
  C:\KEIL_V5\C51\LIB\C51L.LIB (?C?LSTOPTR)
BL51 BANKED LINKER/LOCATER V6.22                                                      02/27/2019  11:17:30  PAGE 2


  C:\KEIL_V5\C51\LIB\C51L.LIB (?C?LLDXDATA)
  C:\KEIL_V5\C51\LIB\C51L.LIB (?C?LLDCODE)
  C:\KEIL_V5\C51\LIB\C51L.LIB (?C?LLDXDATA0)
  C:\KEIL_V5\C51\LIB\C51L.LIB (?C?LLDCODE0)
  C:\KEIL_V5\C51\LIB\C51L.LIB (?C?LLDPTR0)
  C:\KEIL_V5\C51\LIB\C51L.LIB (?C?LSTXDATA)
  C:\KEIL_V5\C51\LIB\C51L.LIB (?C?LSTKXDATA)
  C:\KEIL_V5\C51\LIB\C51L.LIB (?C?LSTKPTR)
  C:\KEIL_V5\C51\LIB\C51L.LIB (?C?OFFXADD)
  C:\KEIL_V5\C51\LIB\C51L.LIB (ABS)
  C:\KEIL_V5\C51\LIB\C51L.LIB (ATOI)
  C:\KEIL_V5\C51\LIB\C51L.LIB (?C?IILDX)
  C:\KEIL_V5\C51\LIB\C51L.LIB (?C?ULDIV)
  C:\KEIL_V5\C51\LIB\C51L.LIB (?C?LLDIDATA)
  C:\KEIL_V5\C51\LIB\C51L.LIB (?C?LLDPDATA)
  C:\KEIL_V5\C51\LIB\C51L.LIB (?C?LLDIDATA0)
  C:\KEIL_V5\C51\LIB\C51L.LIB (?C?LLDPDATA0)
  C:\KEIL_V5\C51\LIB\C51L.LIB (?C?LSTIDATA)
  C:\KEIL_V5\C51\LIB\C51L.LIB (?C?LSTPDATA)
  C:\KEIL_V5\C51\LIB\C51L.LIB (?C?LSTKIDATA)
  C:\KEIL_V5\C51\LIB\C51L.LIB (?C?LSTKPDATA)
  C:\KEIL_V5\C51\LIB\C51L.LIB (ISDIGIT)
  C:\KEIL_V5\C51\LIB\C51L.LIB (ISSPACE)


LINK MAP OF MODULE:  .\Obj\GPIO_RTC_Test (MAIN)


            TYPE    BASE      LENGTH    RELOCATION   SEGMENT NAME
            -----------------------------------------------------

            * * * * * * *   D A T A   M E M O R Y   * * * * * * *
            REG     0000H     0008H     ABSOLUTE     "REG BANK 0"
                    0008H     0018H                  *** GAP ***
            BIT     0020H.0   0000H.5   UNIT         ?BI?KEYPAD
            BIT     0020H.5   0000H.3   UNIT         _BIT_GROUP_
            BIT     0021H.0   0000H.1   UNIT         ?BI?MAIN
            BIT     0021H.1   0000H.1   UNIT         ?BI?_ATOI?ATOI
                    0021H.2   0000H.6                *** GAP ***
            IDATA   0022H     0001H     UNIT         ?STACK

            * * * * * * *  X D A T A   M E M O R Y  * * * * * * *
            XDATA   0000H     038FH     UNIT         ?XD?BIPOLARMOTOR
            XDATA   038FH     0151H     UNIT         _XDATA_GROUP_
            XDATA   04E0H     00D8H     UNIT         ?XD?MAIN
            XDATA   05B8H     0040H     UNIT         ?XD?_FINDDET4X4?BIPOLARMOTOR
            XDATA   05F8H     0024H     UNIT         ?XD?_FINDDET3X3?BIPOLARMOTOR
            XDATA   061CH     0009H     UNIT         ?XD?KEYPAD
            XDATA   0625H     0008H     UNIT         ?XD?_AT25SF041_READ?AT25SF041
            XDATA   062DH     0005H     UNIT         ?XD?_ATOI?ATOI
            XDATA   0632H     0004H     UNIT         ?XD?_DISPLAY_PROX?MAIN
            XDATA   0636H     0003H     UNIT         ?XD?_SENDSTRING?UART1
            XDATA   0639H     0001H     UNIT         ?XD?UC_ACK?IOEXPANDER_PI4IOE5V96248
            XDATA   063AH     0001H     UNIT         ?XD?UC_NACK?IOEXPANDER_PI4IOE5V96248

            * * * * * * *   C O D E   M E M O R Y   * * * * * * *
            CODE    0000H     0003H     ABSOLUTE     
BL51 BANKED LINKER/LOCATER V6.22                                                      02/27/2019  11:17:30  PAGE 3


            CODE    0003H     0006H     UNIT         ?PR?_TEN?UART1
            CODE    0009H     0001H     UNIT         ?PR?TM0_ISR?MAIN
            CODE    000AH     0001H     UNIT         ?PR?_DECTOBCD?UART1
            CODE    000BH     0003H     ABSOLUTE     
            CODE    000EH     0B00H     UNIT         ?PR?_UPDATE_POSITION?BIPOLARMOTOR
            CODE    0B0EH     0A21H     UNIT         ?PR?MAIN?MAIN
            CODE    152FH     09B6H     UNIT         ?C?LIB_CODE
            CODE    1EE5H     07A2H     UNIT         ?PR?SUNPOS?SUNPOS
            CODE    2687H     03F9H     UNIT         ?C_INITSEG
            CODE    2A80H     02FCH     UNIT         ?PR?_FIND_REAL_MAX?CALIBRATION
            CODE    2D7CH     02C0H     UNIT         ?PR?_FINDDET4X4?BIPOLARMOTOR
            CODE    303CH     02ADH     UNIT         ?PR?KEY_PROCESS?KEYPAD
            CODE    32E9H     01D1H     UNIT         ?PR?_FINDDET3X3?BIPOLARMOTOR
            CODE    34BAH     018DH     UNIT         ?PR?KEY_SCAN?KEYPAD
            CODE    3647H     0189H     UNIT         ?PR?SPI_NOR_WRITE_DATA?AT25SF041
            CODE    37D0H     0188H     UNIT         ?PR?SIN?SIN
            CODE    3958H     0177H     UNIT         ?PR?_CALIBRATION?CALIBRATION
            CODE    3ACFH     0172H     UNIT         ?PR?_DISPLAY_POS?MAIN
            CODE    3C41H     0122H     UNIT         ?PR?ATAN?ATAN
            CODE    3D63H     0110H     UNIT         ?PR?_AT25SF041_READ?AT25SF041
            CODE    3E73H     0102H     UNIT         ?PR?_AT25SF041_WRITE?AT25SF041
            CODE    3F75H     00DBH     UNIT         ?PR?_ATOI?ATOI
            CODE    4050H     00C3H     UNIT         ?PR?LINEAR_INTERPOLATE?BIPOLARMOTOR
            CODE    4113H     00BBH     UNIT         ?PR?VOLTAGE_IS_STABLE?CALIBRATION
            CODE    41CEH     00ADH     UNIT         ?PR?_WRITE_PI4IOE5V96248?IOEXPANDER_PI4IOE5V96248
            CODE    427BH     00ACH     UNIT         ?PR?SQRT?SQRT
            CODE    4327H     00A1H     UNIT         ?PR?UCREAD_STATUS_REGISTER_BYTE1?AT25SF041
            CODE    43C8H     009DH     UNIT         ?PR?_ATAN2?ATAN2
            CODE    4465H     009CH     UNIT         ?PR?_MAX_VALUE?CALIBRATION
            CODE    4501H     0095H     UNIT         ?PR?_DISPLAY_PROX?MAIN
            CODE    4596H     008CH     UNIT         ?C_C51STARTUP
            CODE    4622H     0084H     UNIT         ?PR?_DAY_OF_YEAR?PCF85063BTL
            CODE    46A6H     0075H     UNIT         ?PR?_WRITEDATA?LCD_DRIVER_SPLC780D
            CODE    471BH     0072H     UNIT         ?PR?AT25SF041_WRITEENABLE?AT25SF041
            CODE    478DH     006FH     UNIT         ?PR?_READ_TIME?PCF85063BTL
            CODE    47FCH     005AH     UNIT         ?PR?AT25SF041_CHIPERASE?AT25SF041
            CODE    4856H     0059H     UNIT         ?PR?LCD_INIT?LCD_DRIVER_SPLC780D
            CODE    48AFH     004AH     UNIT         ?PR?VONESTEPMOVE?BIPOLARMOTOR
            CODE    48F9H     004AH     UNIT         ?PR?ACOS?ACOS
            CODE    4943H     0044H     UNIT         ?C?LDIV
            CODE    4987H     0040H     UNIT         ?PR?_COMMAND?LCD_DRIVER_SPLC780D
            CODE    49C7H     0040H     UNIT         ?PR?_STEP_MOVE?BIPOLARMOTOR
            CODE    4A07H     003BH     UNIT         ?PR?ASIN?ASIN
            CODE    4A42H     0033H     UNIT         ?PR?_SENDSTRING?UART1
            CODE    4A75H     002CH     UNIT         ?PR?_ADC_GETRESULT?ADC
            CODE    4AA1H     002BH     UNIT         ?PR?_WAIT_MS_I2C?IOEXPANDER_PI4IOE5V96248
            CODE    4ACCH     002BH     UNIT         ?PR?_WAIT_MS_SPINOR?AT25SF041
            CODE    4AF7H     0028H     UNIT         ?PR?_MOVE?BIPOLARMOTOR
            CODE    4B1FH     0027H     UNIT         ?PR?_I2C_SENDBYTE?IOEXPANDER_PI4IOE5V96248
            CODE    4B46H     0024H     UNIT         ?PR?_WAIT_MS?LCD_DRIVER_SPLC780D
            CODE    4B6AH     0020H     UNIT         ?PR?_SPI_SENDBYTE?PCF85063BTL
            CODE    4B8AH     0020H     UNIT         ?PR?SPI_RECEIVEBYTE?PCF85063BTL
            CODE    4BAAH     001FH     UNIT         ?PR?ADC_INIT?ADC
            CODE    4BC9H     001EH     UNIT         ?PR?_DELAY_MS?KEYPAD
            CODE    4BE7H     001DH     UNIT         ?PR?_DISPLAYLCD?LCD_DRIVER_SPLC780D
            CODE    4C04H     001BH     UNIT         ?PR?_BCDTODEC1?BIPOLARMOTOR
            CODE    4C1FH     0018H     UNIT         ?PR?_SPI_WRITETIME?PCF85063BTL
BL51 BANKED LINKER/LOCATER V6.22                                                      02/27/2019  11:17:30  PAGE 4


            CODE    4C37H     0017H     UNIT         ?PR?_ASCIITOBCD?UART1
            CODE    4C4EH     0016H     UNIT         ?PR?I2C_ACK?IOEXPANDER_PI4IOE5V96248
            CODE    4C64H     0015H     UNIT         ?PR?_DISPLAY_LINE?LCD_DRIVER_SPLC780D
            CODE    4C79H     0015H     UNIT         ?PR?I2C_STOP?IOEXPANDER_PI4IOE5V96248
            CODE    4C8EH     0014H     UNIT         ?PR?_PCF85063BTL_DELAY?PCF85063BTL
            CODE    4CA2H     0014H     UNIT         ?PR?_ISSPACE?ISSPACE
            CODE    4CB6H     0011H     UNIT         ?PR?_SPI_READTIME?PCF85063BTL
            CODE    4CC7H     0011H     UNIT         ?PR?_BCDTODEC?PCF85063BTL
            CODE    4CD8H     0011H     UNIT         ?PR?INITUART1?UART1
            CODE    4CE9H     000FH     UNIT         ?PR?I2C_START?IOEXPANDER_PI4IOE5V96248
            CODE    4CF8H     000FH     UNIT         ?PR?UC_NACK?IOEXPANDER_PI4IOE5V96248
            CODE    4D07H     000FH     UNIT         ?PR?_ISDIGIT?ISDIGIT
            CODE    4D16H     000DH     UNIT         ?PR?SPI_INIT?PCF85063BTL
            CODE    4D23H     000CH     UNIT         ?PR?KEYPAD_IO_INIT?KEYPAD
            CODE    4D2FH     000CH     UNIT         ?PR?_ABS?ABS
            CODE    4D3BH     000AH     UNIT         ?PR?LCD_RETURN_HOME?LCD_DRIVER_SPLC780D
            CODE    4D45H     000AH     UNIT         ?PR?LCD_CLEAR?LCD_DRIVER_SPLC780D
            CODE    4D4FH     0006H     UNIT         ?PR?UC_ACK?IOEXPANDER_PI4IOE5V96248
            CODE    4D55H     0005H     UNIT         ?PR?_UNIT?UART1
            CODE    4D5AH     0005H     UNIT         ?PR?_ASCII_LETTER?UART1
            CODE    4D5FH     0001H     UNIT         ?PR?WAIT?BIPOLARMOTOR
            CODE    4D60H     0001H     UNIT         ?PR?NOP?IOEXPANDER_PI4IOE5V96248



OVERLAY MAP OF MODULE:   .\Obj\GPIO_RTC_Test (MAIN)


SEGMENT                                             BIT_GROUP          XDATA_GROUP
  +--> CALLED SEGMENT                            START    LENGTH     START    LENGTH
------------------------------------------------------------------------------------
?C_C51STARTUP                                    -----    -----      -----    -----
  +--> ?PR?MAIN?MAIN
  +--> ?C_INITSEG

?PR?MAIN?MAIN                                    -----    -----      038FH    002CH
  +--> ?PR?LCD_INIT?LCD_DRIVER_SPLC780D
  +--> ?PR?SPI_INIT?PCF85063BTL
  +--> ?PR?KEYPAD_IO_INIT?KEYPAD
  +--> ?PR?ADC_INIT?ADC
  +--> ?PR?_SPI_WRITETIME?PCF85063BTL
  +--> ?PR?_DELAY_MS?KEYPAD
  +--> ?PR?_DISPLAY_LINE?LCD_DRIVER_SPLC780D
  +--> ?PR?_WRITEDATA?LCD_DRIVER_SPLC780D
  +--> ?PR?KEY_PROCESS?KEYPAD
  +--> ?PR?_COMMAND?LCD_DRIVER_SPLC780D
  +--> ?PR?_DISPLAY_POS?MAIN
  +--> ?PR?_DISPLAYLCD?LCD_DRIVER_SPLC780D
  +--> ?PR?_STEP_MOVE?BIPOLARMOTOR
  +--> ?PR?LCD_RETURN_HOME?LCD_DRIVER_SPLC780D
  +--> ?PR?_READ_TIME?PCF85063BTL
  +--> ?PR?_ADC_GETRESULT?ADC
  +--> ?PR?AT25SF041_WRITEENABLE?AT25SF041
  +--> ?PR?AT25SF041_CHIPERASE?AT25SF041
  +--> ?PR?_WAIT_MS_SPINOR?AT25SF041
  +--> ?PR?_BCDTODEC1?BIPOLARMOTOR
  +--> ?PR?_CALIBRATION?CALIBRATION
BL51 BANKED LINKER/LOCATER V6.22                                                      02/27/2019  11:17:30  PAGE 5


  +--> ?PR?SPI_NOR_WRITE_DATA?AT25SF041
  +--> ?PR?LINEAR_INTERPOLATE?BIPOLARMOTOR
  +--> ?PR?_UPDATE_POSITION?BIPOLARMOTOR

?PR?LCD_INIT?LCD_DRIVER_SPLC780D                 -----    -----      -----    -----
  +--> ?PR?_WAIT_MS?LCD_DRIVER_SPLC780D
  +--> ?PR?_COMMAND?LCD_DRIVER_SPLC780D

?PR?_COMMAND?LCD_DRIVER_SPLC780D                 -----    -----      -----    -----
  +--> ?PR?_WAIT_MS?LCD_DRIVER_SPLC780D

?PR?ADC_INIT?ADC                                 -----    -----      -----    -----
  +--> ?PR?_WAIT_MS?LCD_DRIVER_SPLC780D

?PR?_SPI_WRITETIME?PCF85063BTL                   -----    -----      -----    -----
  +--> ?PR?_SPI_SENDBYTE?PCF85063BTL

?PR?_SPI_SENDBYTE?PCF85063BTL                    -----    -----      -----    -----
  +--> ?PR?_PCF85063BTL_DELAY?PCF85063BTL

?PR?_DISPLAY_LINE?LCD_DRIVER_SPLC780D            -----    -----      -----    -----
  +--> ?PR?_COMMAND?LCD_DRIVER_SPLC780D

?PR?_WRITEDATA?LCD_DRIVER_SPLC780D               -----    -----      046CH    0001H
  +--> ?PR?_WAIT_MS?LCD_DRIVER_SPLC780D

?PR?KEY_PROCESS?KEYPAD                           -----    -----      03BBH    0006H
  +--> ?PR?KEY_SCAN?KEYPAD
  +--> ?PR?_SPI_WRITETIME?PCF85063BTL
  +--> ?PR?LCD_CLEAR?LCD_DRIVER_SPLC780D
  +--> ?PR?_COMMAND?LCD_DRIVER_SPLC780D
  +--> ?PR?_WRITEDATA?LCD_DRIVER_SPLC780D

?PR?KEY_SCAN?KEYPAD                              -----    -----      03C1H    0003H

?PR?LCD_CLEAR?LCD_DRIVER_SPLC780D                -----    -----      -----    -----
  +--> ?PR?_COMMAND?LCD_DRIVER_SPLC780D

?PR?_DISPLAY_POS?MAIN                            -----    -----      0462H    000AH
  +--> ?PR?_ABS?ABS
  +--> ?PR?_WRITEDATA?LCD_DRIVER_SPLC780D

?PR?_DISPLAYLCD?LCD_DRIVER_SPLC780D              -----    -----      03BBH    0001H
  +--> ?PR?_WRITEDATA?LCD_DRIVER_SPLC780D

?PR?_STEP_MOVE?BIPOLARMOTOR                      0020H.6  0000H.1    047BH    0004H
  +--> ?PR?VONESTEPMOVE?BIPOLARMOTOR

?PR?VONESTEPMOVE?BIPOLARMOTOR                    0020H.7  0000H.1    -----    -----
  +--> ?PR?_WRITE_PI4IOE5V96248?IOEXPANDER_P...
  +--> ?PR?_DELAY_MS?KEYPAD

?PR?_WRITE_PI4IOE5V96248?IOEXPANDER_P...         -----    -----      047FH    0003H
  +--> ?PR?I2C_START?IOEXPANDER_PI4IOE5V96248
  +--> ?PR?_WAIT_MS_I2C?IOEXPANDER_PI4IOE5V9...
  +--> ?PR?_I2C_SENDBYTE?IOEXPANDER_PI4IOE5V...
  +--> ?PR?I2C_ACK?IOEXPANDER_PI4IOE5V96248
BL51 BANKED LINKER/LOCATER V6.22                                                      02/27/2019  11:17:30  PAGE 6


  +--> ?PR?I2C_STOP?IOEXPANDER_PI4IOE5V96248

?PR?I2C_START?IOEXPANDER_PI4IOE5V96248           -----    -----      -----    -----
  +--> ?PR?_WAIT_MS_I2C?IOEXPANDER_PI4IOE5V9...

?PR?_I2C_SENDBYTE?IOEXPANDER_PI4IOE5V...         -----    -----      -----    -----
  +--> ?PR?_WAIT_MS_I2C?IOEXPANDER_PI4IOE5V9...

?PR?I2C_ACK?IOEXPANDER_PI4IOE5V96248             -----    -----      0482H    0001H
  +--> ?PR?_WAIT_MS_I2C?IOEXPANDER_PI4IOE5V9...

?PR?I2C_STOP?IOEXPANDER_PI4IOE5V96248            -----    -----      -----    -----
  +--> ?PR?_WAIT_MS_I2C?IOEXPANDER_PI4IOE5V9...

?PR?LCD_RETURN_HOME?LCD_DRIVER_SPLC780D          -----    -----      -----    -----
  +--> ?PR?_COMMAND?LCD_DRIVER_SPLC780D

?PR?_READ_TIME?PCF85063BTL                       -----    -----      03BBH    000FH
  +--> ?PR?_SPI_READTIME?PCF85063BTL

?PR?_SPI_READTIME?PCF85063BTL                    -----    -----      -----    -----
  +--> ?PR?_SPI_SENDBYTE?PCF85063BTL
  +--> ?PR?SPI_RECEIVEBYTE?PCF85063BTL

?PR?SPI_RECEIVEBYTE?PCF85063BTL                  -----    -----      -----    -----
  +--> ?PR?_PCF85063BTL_DELAY?PCF85063BTL

?PR?AT25SF041_WRITEENABLE?AT25SF041              -----    -----      03C9H    0002H
  +--> ?PR?_WAIT_MS_SPINOR?AT25SF041
  +--> ?PR?UCREAD_STATUS_REGISTER_BYTE1?AT25...

?PR?UCREAD_STATUS_REGISTER_BYTE1?AT25...         -----    -----      03D1H    0003H
  +--> ?PR?_WAIT_MS_SPINOR?AT25SF041

?PR?AT25SF041_CHIPERASE?AT25SF041                -----    -----      03BBH    0002H
  +--> ?PR?_WAIT_MS_SPINOR?AT25SF041
  +--> ?PR?UCREAD_STATUS_REGISTER_BYTE1?AT25...

?PR?_CALIBRATION?CALIBRATION                     -----    -----      03BBH    001DH
  +--> ?PR?VOLTAGE_IS_STABLE?CALIBRATION
  +--> ?PR?_UPDATE_POSITION?BIPOLARMOTOR
  +--> ?PR?_FIND_REAL_MAX?CALIBRATION

?PR?VOLTAGE_IS_STABLE?CALIBRATION                -----    -----      03D8H    0018H
  +--> ?PR?_ADC_GETRESULT?ADC
  +--> ?PR?_ABS?ABS

?PR?_UPDATE_POSITION?BIPOLARMOTOR                -----    -----      03D8H    009FH
  +--> ?PR?_BCDTODEC1?BIPOLARMOTOR
  +--> ?PR?SUNPOS?SUNPOS
  +--> ?PR?SIN?SIN
  +--> ?PR?ASIN?ASIN
  +--> ?PR?LINEAR_INTERPOLATE?BIPOLARMOTOR
  +--> ?PR?_ABS?ABS
  +--> ?PR?_MOVE?BIPOLARMOTOR

?PR?SUNPOS?SUNPOS                                -----    -----      0477H    005DH
BL51 BANKED LINKER/LOCATER V6.22                                                      02/27/2019  11:17:30  PAGE 7


  +--> ?PR?SIN?SIN
  +--> ?PR?_ATAN2?ATAN2
  +--> ?PR?ASIN?ASIN
  +--> ?PR?ACOS?ACOS

?PR?SIN?SIN                                      0020H.5  0000H.1    04D4H    0004H

?PR?_ATAN2?ATAN2                                 -----    -----      04D4H    0008H
  +--> ?PR?ATAN?ATAN

?PR?ATAN?ATAN                                    0020H.5  0000H.2    04DCH    0004H

?PR?ASIN?ASIN                                    -----    -----      -----    -----
  +--> ?PR?SQRT?SQRT
  +--> ?PR?ATAN?ATAN

?PR?SQRT?SQRT                                    -----    -----      04D4H    0004H

?PR?ACOS?ACOS                                    -----    -----      -----    -----
  +--> ?PR?SQRT?SQRT
  +--> ?PR?ATAN?ATAN

?PR?LINEAR_INTERPOLATE?BIPOLARMOTOR              -----    -----      0477H    0014H

?PR?_MOVE?BIPOLARMOTOR                           0020H.5  0000H.1    0477H    0004H
  +--> ?PR?_STEP_MOVE?BIPOLARMOTOR

?PR?_FIND_REAL_MAX?CALIBRATION                   -----    -----      03D8H    008AH
  +--> ?PR?_ADC_GETRESULT?ADC
  +--> ?PR?_MOVE?BIPOLARMOTOR
  +--> ?PR?_COMMAND?LCD_DRIVER_SPLC780D
  +--> ?PR?_WRITEDATA?LCD_DRIVER_SPLC780D
  +--> ?PR?_DISPLAY_POS?MAIN
  +--> ?PR?_WAIT_MS?LCD_DRIVER_SPLC780D
  +--> ?PR?_MAX_VALUE?CALIBRATION

?PR?_MAX_VALUE?CALIBRATION                       -----    -----      0462H    0004H

?PR?SPI_NOR_WRITE_DATA?AT25SF041                 -----    -----      03BBH    000EH
  +--> ?PR?AT25SF041_WRITEENABLE?AT25SF041
  +--> ?PR?_AT25SF041_WRITE?AT25SF041
  +--> ?PR?_WAIT_MS_SPINOR?AT25SF041

?PR?_AT25SF041_WRITE?AT25SF041                   -----    -----      03C9H    0008H
  +--> ?PR?_WAIT_MS_SPINOR?AT25SF041
  +--> ?PR?UCREAD_STATUS_REGISTER_BYTE1?AT25...



UNRESOLVED EXTERNAL SYMBOLS:
   AUTO_MODE
   SPI_NOR_CLEARENABLE
   _SENDUART1



SYMBOL TABLE OF MODULE:  .\Obj\GPIO_RTC_Test (MAIN)
BL51 BANKED LINKER/LOCATER V6.22                                                      02/27/2019  11:17:30  PAGE 8



  VALUE           TYPE          NAME
  ----------------------------------

  -------         MODULE        MAIN
  C:0000H         SYMBOL        _ICE_DUMMY_
  X:04E8H         PUBLIC        calib_value
  D:0080H         PUBLIC        P0
  D:00B2H         PUBLIC        P3M0
  D:0090H         PUBLIC        P1
  D:00B1H         PUBLIC        P3M1
  D:00A0H         PUBLIC        P2
  D:00B0H         PUBLIC        P3
  D:00C0H         PUBLIC        P4
  D:00C8H         PUBLIC        P5
  X:053CH         SYMBOL        PressedKey
  B:00A8H.7       PUBLIC        EA
  D:00E8H         PUBLIC        P6
  X:0540H         PUBLIC        calib_stamp
  D:00F8H         PUBLIC        P7
  X:0541H         PUBLIC        RX_Data_Uart_Cnt
  D:00A8H         PUBLIC        IE
  X:0543H         PUBLIC        calib_time
  D:00B8H         PUBLIC        IP
  X:0597H         PUBLIC        months
  D:00D8H         PUBLIC        CCON
  C:0B0EH         PUBLIC        main
  X:0598H         PUBLIC        count
  X:059AH         PUBLIC        days
  X:059BH         PUBLIC        hours
  D:0098H         PUBLIC        SCON
  D:0089H         PUBLIC        TMOD
  D:0088H         PUBLIC        TCON
  B:00A0H.3       PUBLIC        P23
  X:059CH         SYMBOL        KeyCount
  X:059EH         PUBLIC        mins
  X:059FH         PUBLIC        Rec_data_hour
  B:00C8H.5       PUBLIC        P55
  X:05A2H         PUBLIC        Rec_data_min
  D:008EH         PUBLIC        AUXR
  C:0009H         PUBLIC        tm0_isr
  B:0021H.0       PUBLIC        busy
  B:00A8H.1       PUBLIC        ET0
  X:05A5H         PUBLIC        SPI_NOR_INTERNAL_FLASH_ADDR
  D:008CH         PUBLIC        TH0
  X:05A9H         PUBLIC        hour_count
  D:008AH         PUBLIC        TL0
  X:05AAH         PUBLIC        min_count
  B:0088H.4       PUBLIC        TR0
  X:05ABH         SYMBOL        KeyNum
  X:05ACH         SYMBOL        KeyNum_Old
  X:05ADH         PUBLIC        current_position
  X:05B1H         PUBLIC        hours1
  X:05B2H         PUBLIC        hours2
  C:4501H         PUBLIC        _Display_Prox
  X:05B3H         PUBLIC        mins1
  X:05B4H         PUBLIC        mins2
BL51 BANKED LINKER/LOCATER V6.22                                                      02/27/2019  11:17:30  PAGE 9


  C:3ACFH         PUBLIC        _Display_Pos
  X:05B5H         PUBLIC        seconds
  X:05B6H         PUBLIC        st_time
  D:00D0H         PUBLIC        PSW
  -------         PROC          TM0_ISR
  C:0009H         LINE#         85
  C:0009H         LINE#         87
  -------         ENDPROC       TM0_ISR
  -------         PROC          MAIN
  -------         DO            
  X:038FH         SYMBOL        sunlight_ADC
  X:04E0H         SYMBOL        KeyCount
  X:04E2H         SYMBOL        KeyNum_Old
  X:04E3H         SYMBOL        KeyNum
  X:04E4H         SYMBOL        PressedKey
  X:0391H         SYMBOL        prox_flag
  X:0392H         SYMBOL        iUse_prevday_calib_value
  X:0394H         SYMBOL        max_ADC_Val_JP
  X:0396H         SYMBOL        max_ADC_Val
  X:0398H         SYMBOL        calib_point1
  X:03A0H         SYMBOL        calib_point2
  X:03A8H         SYMBOL        dat_to_store
  X:03B3H         SYMBOL        calib_day
  X:03B5H         SYMBOL        calib_count
  X:03B7H         SYMBOL        theorical_JP_max_pos
  -------         ENDDO         
  C:0B0EH         LINE#         89
  C:0B0EH         LINE#         90
  C:0B0EH         LINE#         95
  C:0B14H         LINE#         96
  C:0B19H         LINE#         98
  C:0B21H         LINE#         102
  C:0B27H         LINE#         103
  C:0B31H         LINE#         107
  C:0B33H         LINE#         108
  C:0B35H         LINE#         109
  C:0B37H         LINE#         110
  C:0B39H         LINE#         112
  C:0B40H         LINE#         113
  C:0B44H         LINE#         122
  C:0B46H         LINE#         123
  C:0B49H         LINE#         124
  C:0B4CH         LINE#         125
  C:0B4FH         LINE#         126
  C:0B52H         LINE#         127
  C:0B55H         LINE#         130
  C:0B58H         LINE#         132
  C:0B5BH         LINE#         133
  C:0B5EH         LINE#         134
  C:0B61H         LINE#         135
  C:0B63H         LINE#         136
  C:0B65H         LINE#         137
  C:0B67H         LINE#         139
  C:0B69H         LINE#         140
  C:0B70H         LINE#         141
  C:0B77H         LINE#         142
  C:0B7EH         LINE#         143
BL51 BANKED LINKER/LOCATER V6.22                                                      02/27/2019  11:17:30  PAGE 10


  C:0B85H         LINE#         147
  C:0B8CH         LINE#         148
  C:0B91H         LINE#         149
  C:0B96H         LINE#         150
  C:0B9BH         LINE#         151
  C:0BA0H         LINE#         152
  C:0BA5H         LINE#         155
  C:0BBEH         LINE#         156
  C:0BBEH         LINE#         157
  C:0BDAH         LINE#         158
  C:0C21H         LINE#         159
  C:0C32H         LINE#         162
  C:0C32H         LINE#         163
  C:0C32H         LINE#         164
  C:0C35H         LINE#         167
  C:0C35H         LINE#         170
  C:0C3AH         LINE#         171
  C:0C3FH         LINE#         173
  C:0C44H         LINE#         174
  C:0C49H         LINE#         175
  C:0C4EH         LINE#         176
  C:0C53H         LINE#         178
  C:0C64H         LINE#         179
  C:0C69H         LINE#         180
  C:0C6EH         LINE#         182
  C:0C75H         LINE#         183
  C:0C7DH         LINE#         184
  C:0C82H         LINE#         185
  C:0C8AH         LINE#         186
  C:0C8FH         LINE#         187
  C:0C99H         LINE#         188
  C:0C9EH         LINE#         189
  C:0CA6H         LINE#         191
  C:0CAEH         LINE#         192
  C:0CB3H         LINE#         193
  C:0CBDH         LINE#         194
  C:0CBDH         LINE#         195
  C:0CBFH         LINE#         196
  C:0CC1H         LINE#         197
  C:0CCBH         LINE#         198
  C:0CCBH         LINE#         199
  C:0CD0H         LINE#         200
  C:0CD0H         LINE#         212
  C:0CDDH         LINE#         213
  C:0CDDH         LINE#         214
  C:0CE7H         LINE#         215
  C:0CFEH         LINE#         216
  C:0CFEH         LINE#         217
  C:0D00H         LINE#         218
  C:0D02H         LINE#         220
  C:0D02H         LINE#         221
  C:0D0DH         LINE#         222
  C:0D0DH         LINE#         223
  C:0D12H         LINE#         224
  C:0D12H         LINE#         225
  C:0D1FH         LINE#         226
  C:0D1FH         LINE#         229
BL51 BANKED LINKER/LOCATER V6.22                                                      02/27/2019  11:17:30  PAGE 11


  C:0D29H         LINE#         230
  C:0D40H         LINE#         231
  C:0D40H         LINE#         232
  C:0D42H         LINE#         233
  C:0D44H         LINE#         235
  C:0D44H         LINE#         236
  C:0D4FH         LINE#         237
  C:0D4FH         LINE#         238
  C:0D54H         LINE#         239
  C:0D56H         LINE#         240
  C:0D56H         LINE#         242
  C:0D78H         LINE#         243
  C:0D78H         LINE#         244
  C:0D82H         LINE#         245
  C:0D88H         LINE#         246
  C:0D8AH         LINE#         247
  C:0D8CH         LINE#         248
  C:0D8EH         LINE#         249
  C:0D8EH         LINE#         250
  C:0D91H         LINE#         252
  C:0D91H         LINE#         253
  C:0D97H         LINE#         254
  C:0D9FH         LINE#         255
  C:0DA5H         LINE#         256
  C:0DADH         LINE#         257
  C:0DE8H         LINE#         261
  C:0DF5H         LINE#         262
  C:0DF5H         LINE#         264
  C:0E02H         LINE#         266
  C:0E09H         LINE#         267
  C:0E09H         LINE#         268
  C:0E0CH         LINE#         270
  C:0E0FH         LINE#         271
  C:0E16H         LINE#         272
  C:0E20H         LINE#         273
  C:0E25H         LINE#         274
  C:0E25H         LINE#         276
  C:0E58H         LINE#         277
  C:0E65H         LINE#         278
  C:0E65H         LINE#         280
  C:0E94H         LINE#         281
  C:0E94H         LINE#         282
  C:0EB6H         LINE#         283
  C:0EB6H         LINE#         284
  C:0F32H         LINE#         285
  C:0FB0H         LINE#         291
  C:0FB8H         LINE#         292
  C:0FC0H         LINE#         293
  C:0FC8H         LINE#         295
  C:0FD0H         LINE#         296
  C:0FE4H         LINE#         297
  C:0FFAH         LINE#         301
  C:102AH         LINE#         304
  C:103EH         LINE#         306
  C:1052H         LINE#         310
  C:1068H         LINE#         311
  C:1098H         LINE#         378
BL51 BANKED LINKER/LOCATER V6.22                                                      02/27/2019  11:17:30  PAGE 12


  C:109FH         LINE#         379
  C:10C3H         LINE#         382
  C:10C6H         LINE#         383
  C:10D7H         LINE#         384
  C:10D7H         LINE#         385
  C:10D7H         LINE#         387
  C:10D7H         LINE#         390
  C:10DAH         LINE#         392
  C:10DAH         LINE#         393
  C:10FCH         LINE#         394
  C:10FCH         LINE#         395
  C:1178H         LINE#         396
  C:11CDH         LINE#         397
  C:11CDH         LINE#         398
  C:11CDH         LINE#         399
  C:11D0H         LINE#         403
  C:11D0H         LINE#         406
  C:1204H         LINE#         407
  C:1204H         LINE#         408
  C:1226H         LINE#         409
  C:1226H         LINE#         410
  C:12A2H         LINE#         411
  C:1320H         LINE#         431
  C:1323H         LINE#         432
  C:1334H         LINE#         433
  C:1334H         LINE#         434
  C:133CH         LINE#         436
  C:133CH         LINE#         439
  C:133FH         LINE#         441
  C:133FH         LINE#         443
  C:1361H         LINE#         444
  C:1361H         LINE#         445
  C:13DDH         LINE#         447
  C:140AH         LINE#         448
  C:1425H         LINE#         449
  C:1452H         LINE#         450
  C:146DH         LINE#         452
  C:1509H         LINE#         455
  C:1509H         LINE#         456
  C:1509H         LINE#         457
  C:1509H         LINE#         459
  C:1509H         LINE#         462
  C:1525H         LINE#         463
  C:152AH         LINE#         465
  C:152CH         LINE#         466
  -------         ENDPROC       MAIN
  -------         PROC          _DISPLAY_PROX
  D:0002H         SYMBOL        dat
  -------         DO            
  X:0632H         SYMBOL        unit
  X:0633H         SYMBOL        ten
  X:0634H         SYMBOL        hundred
  X:0635H         SYMBOL        thousand
  -------         ENDDO         
  C:4501H         LINE#         550
  C:4505H         LINE#         551
  C:4505H         LINE#         553
BL51 BANKED LINKER/LOCATER V6.22                                                      02/27/2019  11:17:30  PAGE 13


  C:4511H         LINE#         554
  C:4521H         LINE#         555
  C:453DH         LINE#         556
  C:456DH         LINE#         557
  C:4577H         LINE#         558
  C:4581H         LINE#         559
  C:458BH         LINE#         560
  C:4595H         LINE#         562
  -------         ENDPROC       _DISPLAY_PROX
  -------         PROC          _DISPLAY_POS
  X:0462H         SYMBOL        sign_dat
  -------         DO            
  X:0466H         SYMBOL        unit
  X:0467H         SYMBOL        ten
  X:0468H         SYMBOL        hundred
  D:0003H         SYMBOL        thousand
  X:0469H         SYMBOL        after_dot
  X:046AH         SYMBOL        dat
  -------         ENDDO         
  C:3ACFH         LINE#         565
  C:3AD5H         LINE#         566
  C:3AD5H         LINE#         570
  C:3AF1H         LINE#         571
  C:3B0BH         LINE#         572
  C:3B2FH         LINE#         574
  C:3B79H         LINE#         576
  C:3B90H         LINE#         577
  C:3B9DH         LINE#         578
  C:3BBFH         LINE#         579
  C:3BF4H         LINE#         580
  C:3C0CH         LINE#         581
  C:3C0CH         LINE#         583
  C:3C0CH         LINE#         584
  C:3C0CH         LINE#         585
  C:3C0CH         LINE#         586
  C:3C0CH         LINE#         587
  C:3C0CH         LINE#         591
  C:3C0EH         LINE#         593
  C:3C0EH         LINE#         595
  C:3C13H         LINE#         596
  C:3C1DH         LINE#         597
  C:3C27H         LINE#         598
  C:3C31H         LINE#         599
  C:3C36H         LINE#         600
  C:3C40H         LINE#         604
  C:3C40H         LINE#         606
  -------         ENDPROC       _DISPLAY_POS
  -------         ENDMOD        MAIN

  -------         MODULE        PCF85063BTL
  C:0000H         SYMBOL        _ICE_DUMMY_
  D:0096H         PUBLIC        P2M0
  D:0080H         PUBLIC        P0
  D:0095H         PUBLIC        P2M1
  D:0090H         PUBLIC        P1
  D:00A0H         PUBLIC        P2
  D:00B0H         PUBLIC        P3
BL51 BANKED LINKER/LOCATER V6.22                                                      02/27/2019  11:17:30  PAGE 14


  D:00C0H         PUBLIC        P4
  D:00C8H         PUBLIC        P5
  D:00E8H         PUBLIC        P6
  B:00A0H.1       PUBLIC        PCF85063BTL_SDI
  D:00F8H         PUBLIC        P7
  B:00A0H.2       PUBLIC        PCF85063BTL_SCK
  B:00A0H.1       PUBLIC        PCF85063BTL_SDO
  D:00A8H         PUBLIC        IE
  C:478DH         PUBLIC        _Read_time
  C:4C94H         PUBLIC        _PCF85063BTL_Delay
  D:00B8H         PUBLIC        IP
  D:00D8H         PUBLIC        CCON
  C:4622H         PUBLIC        _Day_Of_Year
  C:4B8AH         PUBLIC        SPI_ReceiveByte
  D:0098H         PUBLIC        SCON
  D:0088H         PUBLIC        TCON
  C:4CC7H         PUBLIC        _BCDtoDec
  B:00A0H.0       PUBLIC        PCF85063BTL_CS
  C:4CB6H         PUBLIC        _SPI_ReadTime
  C:4D16H         PUBLIC        SPI_Init
  C:4C1FH         PUBLIC        _SPI_WriteTime
  C:4B6AH         PUBLIC        _SPI_SendByte
  D:00D0H         PUBLIC        PSW
  C:4C90H         SYMBOL        L?0047
  -------         PROC          L?0046
  -------         ENDPROC       L?0046
  C:4C90H         SYMBOL        L?0047
  -------         PROC          _PCF85063BTL_DELAY
  D:0006H         SYMBOL        us
  C:4C94H         LINE#         8
  C:4C94H         LINE#         9
  C:4C94H         LINE#         10
  C:4C9EH         LINE#         11
  C:4C9EH         LINE#         12
  C:4C9FH         LINE#         13
  C:4CA1H         LINE#         14
  -------         ENDPROC       _PCF85063BTL_DELAY
  -------         PROC          _SPI_SENDBYTE
  D:0005H         SYMBOL        dat
  -------         DO            
  D:0003H         SYMBOL        i
  -------         ENDDO         
  C:4B6AH         LINE#         17
  C:4B6CH         LINE#         18
  C:4B6CH         LINE#         20
  C:4B6EH         LINE#         21
  C:4B6EH         LINE#         22
  C:4B70H         LINE#         23
  C:4B74H         LINE#         24
  C:4B74H         LINE#         25
  C:4B76H         LINE#         26
  C:4B78H         LINE#         28
  C:4B78H         LINE#         29
  C:4B7AH         LINE#         30
  C:4B7AH         LINE#         31
  C:4B7DH         LINE#         32
  C:4B7DH         LINE#         33
BL51 BANKED LINKER/LOCATER V6.22                                                      02/27/2019  11:17:30  PAGE 15


  C:4B80H         LINE#         34
  C:4B84H         LINE#         35
  C:4B89H         LINE#         36
  -------         ENDPROC       _SPI_SENDBYTE
  -------         PROC          SPI_RECEIVEBYTE
  -------         DO            
  D:0003H         SYMBOL        i
  D:0005H         SYMBOL        dat
  -------         ENDDO         
  C:4B8AH         LINE#         39
  C:4B8AH         LINE#         40
  C:4B8AH         LINE#         42
  C:4B8CH         LINE#         44
  C:4B8EH         LINE#         45
  C:4B8FH         LINE#         46
  C:4B8FH         LINE#         47
  C:4B93H         LINE#         48
  C:4B95H         LINE#         49
  C:4B98H         LINE#         51
  C:4B9BH         LINE#         52
  C:4B9BH         LINE#         53
  C:4B9FH         LINE#         54
  C:4B9FH         LINE#         55
  C:4B9FH         LINE#         56
  C:4BA2H         LINE#         57
  C:4BA7H         LINE#         58
  C:4BA9H         LINE#         59
  -------         ENDPROC       SPI_RECEIVEBYTE
  -------         PROC          _SPI_READTIME
  D:0007H         SYMBOL        addr
  -------         DO            
  D:0006H         SYMBOL        dat
  -------         ENDDO         
  C:4CB6H         LINE#         61
  C:4CB6H         LINE#         62
  C:4CB6H         LINE#         64
  C:4CB8H         LINE#         65
  C:4CBAH         LINE#         66
  C:4CC1H         LINE#         67
  C:4CC4H         LINE#         68
  C:4CC6H         LINE#         69
  C:4CC6H         LINE#         70
  -------         ENDPROC       _SPI_READTIME
  -------         PROC          _SPI_WRITETIME
  D:0002H         SYMBOL        val
  D:0005H         SYMBOL        addr
  C:4C1FH         LINE#         71
  C:4C21H         LINE#         72
  C:4C21H         LINE#         74
  C:4C23H         LINE#         75
  C:4C2AH         LINE#         76
  C:4C2FH         LINE#         77
  C:4C34H         LINE#         78
  C:4C36H         LINE#         79
  -------         ENDPROC       _SPI_WRITETIME
  -------         PROC          SPI_INIT
  C:4D16H         LINE#         83
BL51 BANKED LINKER/LOCATER V6.22                                                      02/27/2019  11:17:30  PAGE 16


  C:4D16H         LINE#         84
  C:4D16H         LINE#         89
  C:4D19H         LINE#         90
  C:4D1CH         LINE#         91
  C:4D1EH         LINE#         92
  C:4D20H         LINE#         93
  C:4D22H         LINE#         94
  -------         ENDPROC       SPI_INIT
  -------         PROC          _READ_TIME
  X:03BBH         SYMBOL        months
  X:03BEH         SYMBOL        days
  X:03C1H         SYMBOL        hours
  X:03C4H         SYMBOL        mins
  X:03C7H         SYMBOL        seconds
  C:478DH         LINE#         96
  C:4798H         LINE#         97
  C:4798H         LINE#         99
  C:47ACH         LINE#         101
  C:47C0H         LINE#         103
  C:47D4H         LINE#         108
  C:47E8H         LINE#         113
  -------         ENDPROC       _READ_TIME
  -------         PROC          _BCDTODEC
  D:0007H         SYMBOL        bcd
  -------         DO            
  D:0006H         SYMBOL        hi
  D:0007H         SYMBOL        lo
  -------         ENDDO         
  C:4CC7H         LINE#         119
  C:4CC7H         LINE#         120
  C:4CC7H         LINE#         122
  C:4CCCH         LINE#         123
  C:4CD0H         LINE#         124
  C:4CD7H         LINE#         125
  -------         ENDPROC       _BCDTODEC
  -------         PROC          _DAY_OF_YEAR
  D:0007H         SYMBOL        months_bcd
  D:0005H         SYMBOL        days_bcd
  -------         DO            
  D:0004H         SYMBOL        months
  D:0007H         SYMBOL        days
  -------         ENDDO         
  C:4622H         LINE#         126
  C:4622H         LINE#         127
  C:4622H         LINE#         130
  C:4627H         LINE#         132
  C:462CH         LINE#         134
  C:4665H         LINE#         135
  C:4665H         LINE#         136
  C:4665H         LINE#         137
  C:4668H         LINE#         138
  C:4668H         LINE#         139
  C:4668H         LINE#         140
  C:466DH         LINE#         141
  C:466DH         LINE#         142
  C:466DH         LINE#         143
  C:4672H         LINE#         144
BL51 BANKED LINKER/LOCATER V6.22                                                      02/27/2019  11:17:30  PAGE 17


  C:4672H         LINE#         145
  C:4672H         LINE#         146
  C:4677H         LINE#         147
  C:4677H         LINE#         148
  C:4677H         LINE#         149
  C:467CH         LINE#         150
  C:467CH         LINE#         151
  C:467CH         LINE#         152
  C:4681H         LINE#         153
  C:4681H         LINE#         154
  C:4681H         LINE#         155
  C:4686H         LINE#         156
  C:4686H         LINE#         157
  C:4686H         LINE#         158
  C:468BH         LINE#         159
  C:468BH         LINE#         160
  C:468BH         LINE#         161
  C:4693H         LINE#         162
  C:4693H         LINE#         163
  C:4693H         LINE#         164
  C:4698H         LINE#         165
  C:4698H         LINE#         166
  C:4698H         LINE#         167
  C:469DH         LINE#         168
  C:469DH         LINE#         169
  C:469DH         LINE#         170
  C:46A5H         LINE#         171
  C:46A5H         LINE#         172
  C:46A5H         LINE#         173
  -------         ENDPROC       _DAY_OF_YEAR
  -------         ENDMOD        PCF85063BTL

  -------         MODULE        UART1
  C:0000H         SYMBOL        _ICE_DUMMY_
  D:0080H         PUBLIC        P0
  D:0090H         PUBLIC        P1
  D:00A0H         PUBLIC        P2
  D:00B0H         PUBLIC        P3
  D:00C0H         PUBLIC        P4
  D:00C8H         PUBLIC        P5
  B:00A8H.7       PUBLIC        EA
  D:00E8H         PUBLIC        P6
  D:00F8H         PUBLIC        P7
  C:4A42H         PUBLIC        _SendString
  D:00A8H         PUBLIC        IE
  B:00A8H.4       PUBLIC        ES
  D:00B8H         PUBLIC        IP
  C:4C37H         PUBLIC        _ASCIItoBCD
  D:00D8H         PUBLIC        CCON
  C:4CD8H         PUBLIC        initUART1
  D:0098H         PUBLIC        SCON
  D:0088H         PUBLIC        TCON
  C:000AH         PUBLIC        _DectoBCD
  C:4D5AH         PUBLIC        _ASCII_Letter
  D:008EH         PUBLIC        AUXR
  C:4D55H         PUBLIC        _unit
  C:0003H         PUBLIC        _ten
BL51 BANKED LINKER/LOCATER V6.22                                                      02/27/2019  11:17:30  PAGE 18


  D:00D6H         PUBLIC        T2H
  D:00D7H         PUBLIC        T2L
  D:00D0H         PUBLIC        PSW
  -------         PROC          INITUART1
  C:4CD8H         LINE#         21
  C:4CD8H         LINE#         22
  C:4CD8H         LINE#         23
  C:4CDBH         LINE#         24
  C:4CDEH         LINE#         25
  C:4CE1H         LINE#         26
  C:4CE4H         LINE#         27
  C:4CE6H         LINE#         28
  C:4CE8H         LINE#         30
  -------         ENDPROC       INITUART1
  -------         PROC          _SENDSTRING
  X:0636H         SYMBOL        s
  C:4A42H         LINE#         35
  C:4A4DH         LINE#         36
  C:4A4DH         LINE#         37
  C:4A5DH         LINE#         38
  C:4A5DH         LINE#         39
  C:4A72H         LINE#         40
  C:4A74H         LINE#         41
  -------         ENDPROC       _SENDSTRING
  -------         PROC          _TEN
  D:0007H         SYMBOL        BCD
  C:0003H         LINE#         43
  C:0003H         LINE#         44
  C:0003H         LINE#         45
  C:0008H         LINE#         46
  -------         ENDPROC       _TEN
  -------         PROC          _UNIT
  D:0007H         SYMBOL        BCD
  C:4D55H         LINE#         47
  C:4D55H         LINE#         48
  C:4D55H         LINE#         52
  C:4D59H         LINE#         53
  -------         ENDPROC       _UNIT
  -------         PROC          _DECTOBCD
  D:0007H         SYMBOL        dec
  C:000AH         LINE#         54
  C:000AH         LINE#         55
  C:000AH         LINE#         57
  C:000AH         LINE#         58
  -------         ENDPROC       _DECTOBCD
  -------         PROC          _ASCII_LETTER
  D:0007H         SYMBOL        dat
  C:4D5AH         LINE#         60
  C:4D5AH         LINE#         61
  C:4D5AH         LINE#         63
  C:4D5EH         LINE#         64
  -------         ENDPROC       _ASCII_LETTER
  -------         PROC          _ASCIITOBCD
  D:0001H         SYMBOL        ascii
  -------         DO            
  D:0007H         SYMBOL        dec_val
  D:0006H         SYMBOL        ten
BL51 BANKED LINKER/LOCATER V6.22                                                      02/27/2019  11:17:30  PAGE 19


  D:0007H         SYMBOL        unit
  -------         ENDDO         
  C:4C37H         LINE#         66
  C:4C37H         LINE#         67
  C:4C37H         LINE#         69
  C:4C3AH         LINE#         70
  C:4C40H         LINE#         71
  C:4C47H         LINE#         72
  C:4C4DH         LINE#         74
  -------         ENDPROC       _ASCIITOBCD
  -------         ENDMOD        UART1

  -------         MODULE        LCD_DRIVER_SPLC780D
  C:0000H         SYMBOL        _ICE_DUMMY_
  D:0092H         PUBLIC        P1M0
  D:0091H         PUBLIC        P1M1
  D:0080H         PUBLIC        P0
  D:0090H         PUBLIC        P1
  D:00A0H         PUBLIC        P2
  D:00B0H         PUBLIC        P3
  D:00C0H         PUBLIC        P4
  D:00C8H         PUBLIC        P5
  D:00E8H         PUBLIC        P6
  D:00F8H         PUBLIC        P7
  C:46A6H         PUBLIC        _WriteData
  D:00A8H         PUBLIC        IE
  D:00B8H         PUBLIC        IP
  D:00D8H         PUBLIC        CCON
  B:00B0H.4       PUBLIC        LCD_D4
  B:00B0H.5       PUBLIC        LCD_D5
  B:00B0H.6       PUBLIC        LCD_D6
  C:4BE7H         PUBLIC        _DisplayLCD
  B:00B0H.7       PUBLIC        LCD_D7
  D:0098H         PUBLIC        SCON
  D:0088H         PUBLIC        TCON
  C:4D45H         PUBLIC        LCD_clear
  C:4987H         PUBLIC        _Command
  C:4C64H         PUBLIC        _Display_Line
  C:4856H         PUBLIC        LCD_Init
  C:4B4CH         PUBLIC        _Wait_ms
  B:00C0H.0       PUBLIC        LCD_RS
  B:00B0H.2       PUBLIC        LCD_RW
  C:4D3BH         PUBLIC        LCD_return_home
  B:00B0H.3       PUBLIC        LCD_E
  D:00D0H         PUBLIC        PSW
  -------         PROC          LCD_INIT
  C:4856H         LINE#         9
  C:4856H         LINE#         10
  C:4856H         LINE#         11
  C:4859H         LINE#         12
  C:485CH         LINE#         14
  C:4862H         LINE#         15
  C:4867H         LINE#         17
  C:486EH         LINE#         18
  C:4873H         LINE#         20
  C:4876H         LINE#         21
  C:487BH         LINE#         23
BL51 BANKED LINKER/LOCATER V6.22                                                      02/27/2019  11:17:30  PAGE 20


  C:487EH         LINE#         24
  C:4883H         LINE#         26
  C:488AH         LINE#         29
  C:488FH         LINE#         30
  C:4894H         LINE#         32
  C:4899H         LINE#         33
  C:489EH         LINE#         35
  C:48A3H         LINE#         36
  C:48A8H         LINE#         37
  -------         ENDPROC       LCD_INIT
  -------         PROC          _WRITEDATA
  X:046CH         SYMBOL        dat
  C:46A6H         LINE#         40
  C:46ABH         LINE#         41
  C:46ABH         LINE#         46
  C:46ADH         LINE#         47
  C:46AFH         LINE#         49
  C:46BDH         LINE#         50
  C:46C9H         LINE#         51
  C:46D5H         LINE#         52
  C:46DFH         LINE#         53
  C:46E1H         LINE#         54
  C:46E8H         LINE#         55
  C:46EAH         LINE#         57
  C:46FAH         LINE#         58
  C:4705H         LINE#         59
  C:470FH         LINE#         60
  C:4713H         LINE#         62
  C:4713H         LINE#         63
  C:4716H         LINE#         64
  C:4718H         LINE#         65
  C:471AH         LINE#         67
  -------         ENDPROC       _WRITEDATA
  -------         PROC          _COMMAND
  D:0007H         SYMBOL        dat
  C:4987H         LINE#         69
  C:4987H         LINE#         70
  C:4987H         LINE#         71
  C:4989H         LINE#         72
  C:498BH         LINE#         74
  C:4995H         LINE#         75
  C:4999H         LINE#         77
  C:499BH         LINE#         78
  C:49A4H         LINE#         79
  C:49A8H         LINE#         81
  C:49AAH         LINE#         82
  C:49B1H         LINE#         83
  C:49B5H         LINE#         85
  C:49B7H         LINE#         86
  C:49BBH         LINE#         87
  C:49BFH         LINE#         89
  C:49C1H         LINE#         90
  C:49C1H         LINE#         91
  C:49C4H         LINE#         92
  C:49C6H         LINE#         93
  -------         ENDPROC       _COMMAND
  C:4B48H         SYMBOL        L?0028
BL51 BANKED LINKER/LOCATER V6.22                                                      02/27/2019  11:17:30  PAGE 21


  -------         PROC          L?0027
  -------         ENDPROC       L?0027
  C:4B48H         SYMBOL        L?0028
  -------         PROC          _WAIT_MS
  D:0006H         SYMBOL        ms
  -------         DO            
  D:0004H         SYMBOL        De_Cnt
  -------         ENDDO         
  C:4B4CH         LINE#         95
  C:4B4CH         LINE#         96
  C:4B4CH         LINE#         98
  C:4B56H         LINE#         99
  C:4B56H         LINE#         100
  C:4B69H         LINE#         101
  C:4B69H         LINE#         102
  -------         ENDPROC       _WAIT_MS
  -------         PROC          _DISPLAYLCD
  D:0007H         SYMBOL        BCD
  -------         DO            
  D:0006H         SYMBOL        first_digit
  X:03BBH         SYMBOL        second_digit
  -------         ENDDO         
  C:4BE7H         LINE#         103
  C:4BE7H         LINE#         104
  C:4BE7H         LINE#         106
  C:4BEEH         LINE#         107
  C:4BF7H         LINE#         109
  C:4BFCH         LINE#         111
  -------         ENDPROC       _DISPLAYLCD
  -------         PROC          LCD_RETURN_HOME
  C:4D3BH         LINE#         115
  C:4D3BH         LINE#         116
  C:4D3BH         LINE#         117
  C:4D40H         LINE#         118
  -------         ENDPROC       LCD_RETURN_HOME
  -------         PROC          LCD_CLEAR
  C:4D45H         LINE#         121
  C:4D45H         LINE#         122
  C:4D45H         LINE#         123
  C:4D4AH         LINE#         124
  -------         ENDPROC       LCD_CLEAR
  -------         PROC          _DISPLAY_LINE
  D:0006H         SYMBOL        line
  C:4C64H         LINE#         128
  C:4C64H         LINE#         129
  C:4C64H         LINE#         130
  C:4C6AH         LINE#         131
  C:4C6AH         LINE#         132
  C:4C6CH         LINE#         133
  C:4C6CH         LINE#         134
  C:4C6EH         LINE#         136
  C:4C6EH         LINE#         137
  C:4C73H         LINE#         138
  C:4C78H         LINE#         139
  C:4C78H         LINE#         140
  -------         ENDPROC       _DISPLAY_LINE
  -------         ENDMOD        LCD_DRIVER_SPLC780D
BL51 BANKED LINKER/LOCATER V6.22                                                      02/27/2019  11:17:30  PAGE 22



  -------         MODULE        KEYPAD
  C:0000H         SYMBOL        _ICE_DUMMY_
  D:0093H         PUBLIC        P0M1
  D:0080H         PUBLIC        P0
  D:0090H         PUBLIC        P1
  D:00A0H         PUBLIC        P2
  D:00B0H         PUBLIC        P3
  D:00C0H         PUBLIC        P4
  D:00C8H         PUBLIC        P5
  B:0020H.0       PUBLIC        calib_mode
  D:00E8H         PUBLIC        P6
  D:00F8H         PUBLIC        P7
  D:00A8H         PUBLIC        IE
  C:34BAH         PUBLIC        Key_Scan
  D:00B8H         PUBLIC        IP
  D:00D8H         PUBLIC        CCON
  C:4D23H         PUBLIC        KeyPad_IO_Init
  C:4BC9H         PUBLIC        _Delay_ms
  D:0098H         PUBLIC        SCON
  D:0088H         PUBLIC        TCON
  B:0020H.1       PUBLIC        small_move
  B:0020H.2       PUBLIC        move
  B:0020H.3       PUBLIC        direction
  B:0020H.4       PUBLIC        auto_move
  C:303CH         PUBLIC        Key_Process
  D:00D0H         PUBLIC        PSW
  D:0094H         PUBLIC        P0M0
  -------         PROC          _DELAY_MS
  D:0006H         SYMBOL        ms
  -------         DO            
  D:0004H         SYMBOL        De_Cnt
  -------         ENDDO         
  C:4BC9H         LINE#         19
  C:4BC9H         LINE#         20
  C:4BC9H         LINE#         22
  C:4BD3H         LINE#         23
  C:4BD3H         LINE#         24
  C:4BE6H         LINE#         25
  C:4BE6H         LINE#         26
  -------         ENDPROC       _DELAY_MS
  -------         PROC          KEY_SCAN
  -------         DO            
  X:03C1H         SYMBOL        KeyTemp1
  X:03C2H         SYMBOL        KeyTemp2
  X:03C3H         SYMBOL        KeyValue
  -------         ENDDO         
  C:34BAH         LINE#         27
  C:34BAH         LINE#         28
  C:34BAH         LINE#         33
  C:34BDH         LINE#         36
  C:34C0H         LINE#         38
  C:34C8H         LINE#         39
  C:34CFH         LINE#         40
  C:34CFH         LINE#         42
  C:34D4H         LINE#         43
  C:34DBH         LINE#         44
BL51 BANKED LINKER/LOCATER V6.22                                                      02/27/2019  11:17:30  PAGE 23


  C:34DBH         LINE#         47
  C:34DEH         LINE#         48
  C:34E1H         LINE#         49
  C:34E6H         LINE#         50
  C:34EAH         LINE#         51
  C:34EAH         LINE#         52
  C:34F2H         LINE#         53
  C:34F2H         LINE#         54
  C:34F5H         LINE#         55
  C:34FDH         LINE#         56
  C:34FFH         LINE#         58
  C:3513H         LINE#         59
  C:3513H         LINE#         60
  C:3513H         LINE#         61
  C:3513H         LINE#         62
  C:3519H         LINE#         64
  C:351BH         LINE#         65
  C:351BH         LINE#         66
  C:351BH         LINE#         67
  C:3521H         LINE#         69
  C:3523H         LINE#         70
  C:3523H         LINE#         71
  C:3523H         LINE#         72
  C:3529H         LINE#         74
  C:352BH         LINE#         75
  C:352BH         LINE#         76
  C:352BH         LINE#         77
  C:3531H         LINE#         79
  C:3531H         LINE#         80
  C:3531H         LINE#         81
  C:3531H         LINE#         84
  C:3534H         LINE#         85
  C:3537H         LINE#         86
  C:353FH         LINE#         87
  C:3543H         LINE#         88
  C:3543H         LINE#         89
  C:354BH         LINE#         90
  C:354BH         LINE#         91
  C:354EH         LINE#         92
  C:3556H         LINE#         93
  C:3558H         LINE#         94
  C:356CH         LINE#         95
  C:356CH         LINE#         96
  C:356CH         LINE#         97
  C:356CH         LINE#         98
  C:3572H         LINE#         100
  C:3574H         LINE#         101
  C:3574H         LINE#         102
  C:3574H         LINE#         103
  C:357AH         LINE#         105
  C:357CH         LINE#         106
  C:357CH         LINE#         107
  C:357CH         LINE#         108
  C:3582H         LINE#         110
  C:3584H         LINE#         111
  C:3584H         LINE#         112
  C:3584H         LINE#         113
BL51 BANKED LINKER/LOCATER V6.22                                                      02/27/2019  11:17:30  PAGE 24


  C:3589H         LINE#         115
  C:3589H         LINE#         116
  C:3589H         LINE#         117
  C:3589H         LINE#         120
  C:358CH         LINE#         121
  C:358FH         LINE#         122
  C:3597H         LINE#         123
  C:359BH         LINE#         124
  C:359BH         LINE#         125
  C:35A3H         LINE#         126
  C:35A3H         LINE#         127
  C:35A6H         LINE#         128
  C:35AEH         LINE#         129
  C:35B0H         LINE#         130
  C:35C4H         LINE#         131
  C:35C4H         LINE#         132
  C:35C4H         LINE#         133
  C:35C4H         LINE#         134
  C:35CAH         LINE#         136
  C:35CCH         LINE#         137
  C:35CCH         LINE#         138
  C:35CCH         LINE#         139
  C:35D2H         LINE#         141
  C:35D4H         LINE#         142
  C:35D4H         LINE#         143
  C:35D4H         LINE#         144
  C:35DAH         LINE#         146
  C:35DCH         LINE#         147
  C:35DCH         LINE#         148
  C:35DCH         LINE#         149
  C:35E2H         LINE#         151
  C:35E2H         LINE#         152
  C:35E2H         LINE#         153
  C:35E2H         LINE#         157
  C:35E5H         LINE#         158
  C:35E8H         LINE#         159
  C:35F0H         LINE#         160
  C:35F4H         LINE#         161
  C:35F4H         LINE#         162
  C:35FCH         LINE#         163
  C:35FCH         LINE#         164
  C:35FFH         LINE#         165
  C:3607H         LINE#         166
  C:3609H         LINE#         167
  C:361DH         LINE#         168
  C:361DH         LINE#         169
  C:361DH         LINE#         170
  C:361DH         LINE#         171
  C:3623H         LINE#         173
  C:3625H         LINE#         174
  C:3625H         LINE#         175
  C:3625H         LINE#         176
  C:362BH         LINE#         178
  C:362DH         LINE#         179
  C:362DH         LINE#         180
  C:362DH         LINE#         181
  C:3633H         LINE#         183
BL51 BANKED LINKER/LOCATER V6.22                                                      02/27/2019  11:17:30  PAGE 25


  C:3635H         LINE#         184
  C:3635H         LINE#         185
  C:3635H         LINE#         186
  C:363BH         LINE#         188
  C:363BH         LINE#         189
  C:363BH         LINE#         190
  C:363BH         LINE#         192
  C:3641H         LINE#         193
  C:3641H         LINE#         195
  C:3641H         LINE#         196
  C:3644H         LINE#         197
  C:3644H         LINE#         198
  C:3644H         LINE#         200
  C:3644H         LINE#         201
  C:3646H         LINE#         202
  C:3646H         LINE#         203
  -------         ENDPROC       KEY_SCAN
  -------         PROC          KEY_PROCESS
  -------         DO            
  X:061CH         SYMBOL        KeyCount
  X:061EH         SYMBOL        KeyNum_Old
  X:061FH         SYMBOL        KeyNum
  X:0620H         SYMBOL        PressedKey
  X:03BBH         SYMBOL        d
  D:0004H         SYMBOL        hours
  D:0006H         SYMBOL        mins
  X:03BDH         SYMBOL        months
  X:03BFH         SYMBOL        days
  -------         ENDDO         
  C:303CH         LINE#         204
  C:303CH         LINE#         205
  C:303CH         LINE#         209
  C:3044H         LINE#         210
  C:304CH         LINE#         212
  C:304FH         LINE#         213
  C:304FH         LINE#         214
  C:3052H         LINE#         216
  C:3052H         LINE#         217
  C:305FH         LINE#         218
  C:305FH         LINE#         219
  C:3062H         LINE#         220
  C:3065H         LINE#         222
  C:3068H         LINE#         224
  C:3068H         LINE#         225
  C:3073H         LINE#         226
  C:3073H         LINE#         227
  C:3076H         LINE#         229
  C:3076H         LINE#         230
  C:307DH         LINE#         231
  C:307DH         LINE#         232
  C:3080H         LINE#         234
  C:3080H         LINE#         235
  C:3088H         LINE#         236
  C:3088H         LINE#         237
  C:3092H         LINE#         238
  C:309AH         LINE#         240
  C:30A3H         LINE#         242
BL51 BANKED LINKER/LOCATER V6.22                                                      02/27/2019  11:17:30  PAGE 26


  C:30A3H         LINE#         251
  C:30B8H         LINE#         252
  C:30B8H         LINE#         253
  C:30CAH         LINE#         254
  C:30D8H         LINE#         255
  C:30E7H         LINE#         256
  C:30E7H         LINE#         258
  C:30EDH         LINE#         262
  C:3103H         LINE#         263
  C:3114H         LINE#         264
  C:312FH         LINE#         265
  C:312FH         LINE#         266
  C:313FH         LINE#         267
  C:3150H         LINE#         268
  C:3150H         LINE#         272
  C:3169H         LINE#         273
  C:3180H         LINE#         274
  C:31A0H         LINE#         275
  C:31A0H         LINE#         276
  C:31AAH         LINE#         277
  C:31AAH         LINE#         278
  C:31B3H         LINE#         279
  C:31B3H         LINE#         280
  C:31C7H         LINE#         281
  C:31C7H         LINE#         282
  C:31C7H         LINE#         283
  C:31C7H         LINE#         284
  C:31C7H         LINE#         285
  C:31C9H         LINE#         287
  C:31C9H         LINE#         288
  C:31D5H         LINE#         289
  C:31D5H         LINE#         290
  C:31E6H         LINE#         291
  C:31E6H         LINE#         292
  C:31E6H         LINE#         293
  C:31E6H         LINE#         294
  C:31E6H         LINE#         296
  C:31E8H         LINE#         298
  C:31E8H         LINE#         299
  C:31F9H         LINE#         300
  C:31F9H         LINE#         301
  C:31F9H         LINE#         302
  C:31F9H         LINE#         303
  C:31F9H         LINE#         305
  C:31F9H         LINE#         307
  C:31F9H         LINE#         308
  C:31FBH         LINE#         310
  C:31FBH         LINE#         311
  C:320EH         LINE#         312
  C:320EH         LINE#         313
  C:321FH         LINE#         314
  C:321FH         LINE#         315
  C:321FH         LINE#         316
  C:321FH         LINE#         317
  C:321FH         LINE#         318
  C:3221H         LINE#         320
  C:3221H         LINE#         321
BL51 BANKED LINKER/LOCATER V6.22                                                      02/27/2019  11:17:30  PAGE 27


  C:3232H         LINE#         322
  C:3232H         LINE#         323
  C:3243H         LINE#         324
  C:3254H         LINE#         325
  C:3254H         LINE#         326
  C:3254H         LINE#         327
  C:3254H         LINE#         328
  C:3254H         LINE#         330
  C:325BH         LINE#         331
  C:325BH         LINE#         332
  C:3261H         LINE#         333
  C:3261H         LINE#         334
  C:3264H         LINE#         335
  C:3269H         LINE#         336
  C:326EH         LINE#         337
  C:3273H         LINE#         338
  C:3278H         LINE#         339
  C:327DH         LINE#         340
  C:3282H         LINE#         341
  C:3287H         LINE#         342
  C:3287H         LINE#         344
  C:32A9H         LINE#         345
  C:32A9H         LINE#         346
  C:32B3H         LINE#         347
  C:32B3H         LINE#         348
  C:32B8H         LINE#         349
  C:32C1H         LINE#         350
  C:32D8H         LINE#         351
  C:32D8H         LINE#         352
  C:32E8H         LINE#         354
  C:32E8H         LINE#         358
  -------         ENDPROC       KEY_PROCESS
  -------         PROC          KEYPAD_IO_INIT
  C:4D23H         LINE#         361
  C:4D23H         LINE#         362
  C:4D23H         LINE#         363
  C:4D26H         LINE#         364
  C:4D29H         LINE#         365
  C:4D2CH         LINE#         366
  C:4D2EH         LINE#         367
  -------         ENDPROC       KEYPAD_IO_INIT
  -------         ENDMOD        KEYPAD

  -------         MODULE        BIPOLARMOTOR
  C:0000H         SYMBOL        _ICE_DUMMY_
  D:0080H         PUBLIC        P0
  D:0090H         PUBLIC        P1
  X:0000H         PUBLIC        RX_pos_test
  D:00A0H         PUBLIC        P2
  D:00B0H         PUBLIC        P3
  D:00C0H         PUBLIC        P4
  D:00C8H         PUBLIC        P5
  D:00E8H         PUBLIC        P6
  D:00F8H         PUBLIC        P7
  X:00A0H         PUBLIC        low_date_azimuth_mapping
  D:00A8H         PUBLIC        IE
  C:4073H         PUBLIC        linear_interpolate
BL51 BANKED LINKER/LOCATER V6.22                                                      02/27/2019  11:17:30  PAGE 28


  C:4AF7H         PUBLIC        _Move
  D:00B8H         PUBLIC        IP
  C:331CH         PUBLIC        _findDet3x3
  C:2D7CH         PUBLIC        _findDet4x4
  D:00D8H         PUBLIC        CCON
  X:00C8H         PUBLIC        previous_move_time
  D:0098H         PUBLIC        SCON
  D:0088H         PUBLIC        TCON
  C:4D5FH         PUBLIC        wait
  C:49C7H         PUBLIC        _Step_move
  X:00C9H         PUBLIC        dat
  C:000EH         PUBLIC        _Update_position
  C:48AFH         PUBLIC        vOneStepMove
  X:00CFH         PUBLIC        elevation_stamp
  X:010BH         PUBLIC        date_azimuth_mapping
  X:0133H         PUBLIC        RX_pos
  C:4C0EH         PUBLIC        _BCDtoDec1
  X:038BH         PUBLIC        degree
  D:00D0H         PUBLIC        PSW
  -------         PROC          L?0062
  -------         ENDPROC       L?0062
  -------         PROC          _BCDTODEC1
  D:0007H         SYMBOL        bcd
  -------         DO            
  D:0006H         SYMBOL        hi
  D:0007H         SYMBOL        lo
  -------         ENDDO         
  C:4C0EH         LINE#         28
  C:4C0EH         LINE#         29
  C:4C0EH         LINE#         31
  C:4C13H         LINE#         32
  C:4C17H         LINE#         33
  C:4C1EH         LINE#         34
  -------         ENDPROC       _BCDTODEC1
  -------         PROC          WAIT
  C:4D5FH         LINE#         36
  C:4D5FH         LINE#         38
  -------         ENDPROC       WAIT
  -------         PROC          VONESTEPMOVE
  B:0020H.7       SYMBOL        bDir
  C:48AFH         LINE#         40
  C:48AFH         LINE#         41
  C:48AFH         LINE#         43
  C:48B5H         LINE#         44
  C:48B5H         LINE#         45
  C:48B8H         LINE#         46
  C:48C1H         LINE#         47
  C:48C8H         LINE#         48
  C:48CDH         LINE#         49
  C:48CDH         LINE#         50
  C:48CDH         LINE#         52
  C:48CFH         LINE#         55
  C:48CFH         LINE#         56
  C:48D2H         LINE#         57
  C:48DBH         LINE#         58
  C:48E2H         LINE#         59
  C:48E8H         LINE#         60
BL51 BANKED LINKER/LOCATER V6.22                                                      02/27/2019  11:17:30  PAGE 29


  C:48F1H         LINE#         61
  C:48F8H         LINE#         62
  C:48F8H         LINE#         66
  -------         ENDPROC       VONESTEPMOVE
  -------         PROC          _STEP_MOVE
  X:047BH         SYMBOL        step
  B:0020H.6       SYMBOL        dir
  -------         DO            
  X:047DH         SYMBOL        i
  -------         ENDDO         
  C:49C7H         LINE#         68
  C:49CFH         LINE#         69
  C:49CFH         LINE#         71
  C:49D4H         LINE#         74
  C:49EFH         LINE#         75
  C:49EFH         LINE#         76
  C:49F6H         LINE#         78
  C:4A06H         LINE#         80
  -------         ENDPROC       _STEP_MOVE
  -------         PROC          _MOVE
  X:0477H         SYMBOL        distance
  B:0020H.5       SYMBOL        direction
  -------         DO            
  D:0006H         SYMBOL        step
  -------         ENDDO         
  C:4AF7H         LINE#         82
  C:4AFDH         LINE#         83
  C:4AFDH         LINE#         86
  C:4B18H         LINE#         87
  -------         ENDPROC       _MOVE
  C:32FDH         SYMBOL        L?0058
  C:3311H         SYMBOL        L?0059
  -------         PROC          L?0057
  -------         ENDPROC       L?0057
  C:32FDH         SYMBOL        L?0058
  C:3311H         SYMBOL        L?0059
  -------         PROC          _FINDDET3X3
  X:05F8H         SYMBOL        a11
  X:05FCH         SYMBOL        a12
  X:0600H         SYMBOL        a13
  X:0604H         SYMBOL        a21
  X:0608H         SYMBOL        a22
  X:060CH         SYMBOL        a23
  X:0610H         SYMBOL        a31
  X:0614H         SYMBOL        a32
  X:0618H         SYMBOL        a33
  C:331CH         LINE#         91
  C:3322H         LINE#         95
  C:3322H         LINE#         96
  C:34B9H         LINE#         98
  -------         ENDPROC       _FINDDET3X3
  -------         PROC          _FINDDET4X4
  X:05B8H         SYMBOL        a11
  X:05BCH         SYMBOL        a12
  X:05C0H         SYMBOL        a13
  X:05C4H         SYMBOL        a14
  X:05C8H         SYMBOL        a21
BL51 BANKED LINKER/LOCATER V6.22                                                      02/27/2019  11:17:30  PAGE 30


  X:05CCH         SYMBOL        a22
  X:05D0H         SYMBOL        a23
  X:05D4H         SYMBOL        a24
  X:05D8H         SYMBOL        a31
  X:05DCH         SYMBOL        a32
  X:05E0H         SYMBOL        a33
  X:05E4H         SYMBOL        a34
  X:05E8H         SYMBOL        a41
  X:05ECH         SYMBOL        a42
  X:05F0H         SYMBOL        a43
  X:05F4H         SYMBOL        a44
  C:2D7CH         LINE#         99
  C:2D82H         LINE#         103
  C:2D82H         LINE#         110
  C:303BH         LINE#         114
  -------         ENDPROC       _FINDDET4X4
  C:4062H         SYMBOL        L?0061
  -------         PROC          L?0060
  -------         ENDPROC       L?0060
  C:4062H         SYMBOL        L?0061
  -------         PROC          LINEAR_INTERPOLATE
  X:0477H         SYMBOL        p1
  X:047FH         SYMBOL        p2
  X:0487H         SYMBOL        x
  -------         DO            
  D:0004H         SYMBOL        fx
  -------         ENDDO         
  C:4073H         LINE#         120
  C:4073H         LINE#         121
  C:4073H         LINE#         124
  C:4112H         LINE#         126
  C:4112H         LINE#         127
  -------         ENDPROC       LINEAR_INTERPOLATE
  -------         PROC          _UPDATE_POSITION
  D:0001H         SYMBOL        mnths
  D:0002H         SYMBOL        dys
  X:03DAH         SYMBOL        hurs
  X:03DBH         SYMBOL        mns
  X:03DCH         SYMBOL        sconds
  X:03DDH         SYMBOL        currnt_pos
  X:03E0H         SYMBOL        offset_calib
  -------         DO            
  X:03E4H         SYMBOL        date
  X:03E6H         SYMBOL        i
  X:03E8H         SYMBOL        yy
  X:03EAH         SYMBOL        desired_distance
  X:03EEH         SYMBOL        distance
  X:03F2H         SYMBOL        JP_pos
  X:03F6H         SYMBOL        pos_interpolate_azimuth
  X:0432H         SYMBOL        current_local_sun_time
  X:0436H         SYMBOL        azimuth
  X:043AH         SYMBOL        elevation
  X:043EH         SYMBOL        time_offset
  X:0442H         SYMBOL        UTC_time
  X:0446H         SYMBOL        declination
  X:044AH         SYMBOL        p1
  X:0452H         SYMBOL        p2
BL51 BANKED LINKER/LOCATER V6.22                                                      02/27/2019  11:17:30  PAGE 31


  X:045AH         SYMBOL        time
  X:046CH         SYMBOL        location
  X:0474H         SYMBOL        sunCoord
  -------         ENDDO         
  C:000EH         LINE#         131
  C:0017H         LINE#         134
  C:0017H         LINE#         135
  C:0022H         LINE#         137
  C:003EH         LINE#         138
  C:0048H         LINE#         146
  C:0052H         LINE#         147
  C:005CH         LINE#         148
  C:0066H         LINE#         149
  C:0071H         LINE#         150
  C:007CH         LINE#         151
  C:0095H         LINE#         152
  C:00A6H         LINE#         153
  C:00B5H         LINE#         156
  C:00C9H         LINE#         160
  C:011BH         LINE#         161
  C:027FH         LINE#         162
  C:02CFH         LINE#         164
  C:03F7H         LINE#         166
  C:04C6H         LINE#         173
  C:050DH         LINE#         174
  C:050DH         LINE#         176
  C:0527H         LINE#         177
  C:0527H         LINE#         178
  C:0597H         LINE#         179
  C:0597H         LINE#         180
  C:059EH         LINE#         181
  C:059EH         LINE#         182
  C:05CBH         LINE#         183
  C:05E6H         LINE#         185
  C:062DH         LINE#         186
  C:0661H         LINE#         188
  C:06A7H         LINE#         189
  C:06CAH         LINE#         191
  C:06CAH         LINE#         193
  C:0740H         LINE#         194
  C:0740H         LINE#         195
  C:0747H         LINE#         196
  C:0747H         LINE#         197
  C:0774H         LINE#         198
  C:078FH         LINE#         200
  C:07D6H         LINE#         201
  C:080AH         LINE#         203
  C:0850H         LINE#         204
  C:0870H         LINE#         206
  C:0870H         LINE#         207
  C:0881H         LINE#         210
  C:089BH         LINE#         211
  C:089BH         LINE#         212
  C:090BH         LINE#         213
  C:090BH         LINE#         214
  C:0938H         LINE#         215
  C:0953H         LINE#         217
BL51 BANKED LINKER/LOCATER V6.22                                                      02/27/2019  11:17:30  PAGE 32


  C:0980H         LINE#         218
  C:099BH         LINE#         220
  C:09CDH         LINE#         223
  C:09CDH         LINE#         225
  C:09DEH         LINE#         227
  C:0A0DH         LINE#         229
  C:0A32H         LINE#         230
  C:0A97H         LINE#         231
  C:0A97H         LINE#         232
  C:0AB1H         LINE#         233
  C:0AC3H         LINE#         234
  C:0ADBH         LINE#         235
  C:0AF1H         LINE#         237
  C:0B0DH         LINE#         238
  C:0B0DH         LINE#         239
  C:0B0DH         LINE#         242
  -------         ENDPROC       _UPDATE_POSITION
  -------         ENDMOD        BIPOLARMOTOR

  -------         MODULE        SUNPOS
  C:0000H         SYMBOL        _ICE_DUMMY_
  C:1EE5H         PUBLIC        sunpos
  -------         PROC          SUNPOS
  X:0477H         SYMBOL        udtTime
  X:0489H         SYMBOL        udtLocation
  X:0491H         SYMBOL        udtSunCoordinates
  -------         DO            
  X:0494H         SYMBOL        dElapsedJulianDays
  X:0498H         SYMBOL        dDecimalHours
  X:049CH         SYMBOL        dEclipticLongitude
  X:04A0H         SYMBOL        dEclipticObliquity
  X:04A4H         SYMBOL        dRightAscension
  X:04A8H         SYMBOL        dDeclination
  X:04ACH         SYMBOL        dY
  X:04B0H         SYMBOL        dX
  -------         DO            
  X:04B4H         SYMBOL        dJulianDate
  X:04B8H         SYMBOL        liAux1
  X:04BCH         SYMBOL        liAux2
  X:04B4H         SYMBOL        dMeanLongitude
  X:04B8H         SYMBOL        dMeanAnomaly
  X:04BCH         SYMBOL        dOmega
  X:04B4H         SYMBOL        dSin_EclipticLongitude
  X:04B4H         SYMBOL        dGreenwichMeanSiderealTime
  X:04B8H         SYMBOL        dLocalMeanSiderealTime
  X:04BCH         SYMBOL        dLatitudeInRadians
  X:04C0H         SYMBOL        dHourAngle
  X:04C4H         SYMBOL        dCos_Latitude
  X:04C8H         SYMBOL        dSin_Latitude
  X:04CCH         SYMBOL        dCos_HourAngle
  X:04D0H         SYMBOL        dParallax
  -------         ENDDO         
  -------         DO            
  X:04B4H         SYMBOL        dMeanLongitude
  X:04B8H         SYMBOL        dMeanAnomaly
  X:04BCH         SYMBOL        dOmega
  X:04B4H         SYMBOL        dSin_EclipticLongitude
BL51 BANKED LINKER/LOCATER V6.22                                                      02/27/2019  11:17:30  PAGE 33


  X:04B4H         SYMBOL        dGreenwichMeanSiderealTime
  X:04B8H         SYMBOL        dLocalMeanSiderealTime
  X:04BCH         SYMBOL        dLatitudeInRadians
  X:04C0H         SYMBOL        dHourAngle
  X:04C4H         SYMBOL        dCos_Latitude
  X:04C8H         SYMBOL        dSin_Latitude
  X:04CCH         SYMBOL        dCos_HourAngle
  X:04D0H         SYMBOL        dParallax
  -------         ENDDO         
  -------         DO            
  X:04B4H         SYMBOL        dSin_EclipticLongitude
  X:04B4H         SYMBOL        dGreenwichMeanSiderealTime
  X:04B8H         SYMBOL        dLocalMeanSiderealTime
  X:04BCH         SYMBOL        dLatitudeInRadians
  X:04C0H         SYMBOL        dHourAngle
  X:04C4H         SYMBOL        dCos_Latitude
  X:04C8H         SYMBOL        dSin_Latitude
  X:04CCH         SYMBOL        dCos_HourAngle
  X:04D0H         SYMBOL        dParallax
  -------         ENDDO         
  -------         DO            
  X:04B4H         SYMBOL        dGreenwichMeanSiderealTime
  X:04B8H         SYMBOL        dLocalMeanSiderealTime
  X:04BCH         SYMBOL        dLatitudeInRadians
  X:04C0H         SYMBOL        dHourAngle
  X:04C4H         SYMBOL        dCos_Latitude
  X:04C8H         SYMBOL        dSin_Latitude
  X:04CCH         SYMBOL        dCos_HourAngle
  X:04D0H         SYMBOL        dParallax
  -------         ENDDO         
  -------         ENDDO         
  C:1EE5H         LINE#         6
  C:1EE5H         LINE#         7
  C:1EE5H         LINE#         9
  C:1EE5H         LINE#         27
  C:1F2FH         LINE#         30
  C:1F50H         LINE#         31
  C:2097H         LINE#         34
  C:20E3H         LINE#         36
  C:2102H         LINE#         37
  C:2102H         LINE#         42
  C:2102H         LINE#         46
  C:2134H         LINE#         47
  C:215EH         LINE#         48
  C:2188H         LINE#         49
  C:2235H         LINE#         52
  C:2296H         LINE#         54
  C:2296H         LINE#         59
  C:2296H         LINE#         61
  C:22ADH         LINE#         62
  C:22D5H         LINE#         63
  C:22ECH         LINE#         64
  C:2317H         LINE#         65
  C:234EH         LINE#         66
  C:2379H         LINE#         67
  C:2379H         LINE#         70
  C:2379H         LINE#         79
BL51 BANKED LINKER/LOCATER V6.22                                                      02/27/2019  11:17:30  PAGE 34


  C:23B4H         LINE#         82
  C:23EEH         LINE#         84
  C:2413H         LINE#         85
  C:2432H         LINE#         86
  C:2449H         LINE#         87
  C:2460H         LINE#         88
  C:2477H         LINE#         89
  C:2500H         LINE#         91
  C:251AH         LINE#         92
  C:257CH         LINE#         93
  C:25B2H         LINE#         94
  C:25C4H         LINE#         95
  C:25F1H         LINE#         96
  C:261EH         LINE#         98
  C:2640H         LINE#         100
  C:2678H         LINE#         103
  C:2678H         LINE#         104
  C:2686H         LINE#         105
  -------         ENDPROC       SUNPOS
  -------         ENDMOD        SUNPOS

  -------         MODULE        ADC
  C:0000H         SYMBOL        _ICE_DUMMY_
  D:0092H         PUBLIC        P1M0
  D:0091H         PUBLIC        P1M1
  D:0080H         PUBLIC        P0
  D:0090H         PUBLIC        P1
  D:00A0H         PUBLIC        P2
  D:00B0H         PUBLIC        P3
  D:00C0H         PUBLIC        P4
  D:00C8H         PUBLIC        P5
  D:00E8H         PUBLIC        P6
  D:00F8H         PUBLIC        P7
  D:00A8H         PUBLIC        IE
  D:00BDH         PUBLIC        ADC_RES
  D:00B8H         PUBLIC        IP
  D:0097H         PUBLIC        CLK_DIV
  D:00D8H         PUBLIC        CCON
  D:00BCH         PUBLIC        ADC_CONTR
  D:0098H         PUBLIC        SCON
  D:0088H         PUBLIC        TCON
  B:00A0H.4       PUBLIC        P24
  B:00A0H.5       PUBLIC        P25
  B:00A0H.6       PUBLIC        P26
  C:4BAAH         PUBLIC        ADC_Init
  C:4A75H         PUBLIC        _ADC_GetResult
  D:009DH         PUBLIC        P1ASF
[...]
  C:3F6DH         LINE#         155
  C:3F74H         LINE#         157
  -------         ENDPROC       _AT25SF041_WRITE
  -------         PROC          _AT25SF041_READ
BL51 BANKED LINKER/LOCATER V6.22                                                      02/27/2019  11:17:30  PAGE 45


  D:0003H         SYMBOL        opcode
  X:0626H         SYMBOL        addr
  -------         DO            
  X:062AH         SYMBOL        dat
  X:062BH         SYMBOL        i
  -------         ENDDO         
  C:3D63H         LINE#         159
  C:3D65H         LINE#         160
  C:3D65H         LINE#         161
  C:3D6AH         LINE#         163
  C:3D6CH         LINE#         164
  C:3D72H         LINE#         168
  C:3D77H         LINE#         169
  C:3D77H         LINE#         170
  C:3D79H         LINE#         171
  C:3D7CH         LINE#         172
  C:3D80H         LINE#         173
  C:3D80H         LINE#         174
  C:3D82H         LINE#         175
  C:3D84H         LINE#         177
  C:3D84H         LINE#         178
  C:3D86H         LINE#         180
  C:3D86H         LINE#         181
  C:3D86H         LINE#         182
  C:3D86H         LINE#         183
  C:3D89H         LINE#         184
  C:3D8DH         LINE#         187
  C:3DACH         LINE#         189
  C:3DB3H         LINE#         190
  C:3DB3H         LINE#         191
  C:3DB5H         LINE#         192
  C:3DB8H         LINE#         193
  C:3DD4H         LINE#         194
  C:3DD4H         LINE#         195
  C:3DD6H         LINE#         196
  C:3DD8H         LINE#         198
  C:3DD8H         LINE#         199
  C:3DDAH         LINE#         201
  C:3DDAH         LINE#         202
  C:3DDAH         LINE#         203
  C:3DDAH         LINE#         204
  C:3DDDH         LINE#         205
  C:3DF6H         LINE#         207
  C:3E15H         LINE#         210
  C:3E1CH         LINE#         212
  C:3E1EH         LINE#         213
  C:3E25H         LINE#         215
  C:3E2CH         LINE#         216
  C:3E2CH         LINE#         217
  C:3E33H         LINE#         218
  C:3E33H         LINE#         219
  C:3E36H         LINE#         220
  C:3E38H         LINE#         221
  C:3E3BH         LINE#         223
  C:3E3EH         LINE#         224
  C:3E3EH         LINE#         226
  C:3E42H         LINE#         227
BL51 BANKED LINKER/LOCATER V6.22                                                      02/27/2019  11:17:30  PAGE 46


  C:3E42H         LINE#         233
  C:3E61H         LINE#         236
  C:3E63H         LINE#         237
  C:3E66H         LINE#         238
  C:3E6DH         LINE#         240
  C:3E72H         LINE#         242
  -------         ENDPROC       _AT25SF041_READ
  -------         PROC          UCREAD_STATUS_REGISTER_BYTE1
  -------         DO            
  D:0003H         SYMBOL        dat
  D:0001H         SYMBOL        opcode
  X:03D1H         SYMBOL        count
  X:03D2H         SYMBOL        i
  -------         ENDDO         
  C:4327H         LINE#         246
  C:4327H         LINE#         247
  C:4327H         LINE#         248
  C:432DH         LINE#         249
  C:4331H         LINE#         250
  C:4333H         LINE#         251
  C:4335H         LINE#         252
  C:433BH         LINE#         256
  C:4342H         LINE#         257
  C:4342H         LINE#         258
  C:4344H         LINE#         259
  C:4347H         LINE#         260
  C:434BH         LINE#         261
  C:434BH         LINE#         262
  C:434DH         LINE#         263
  C:434FH         LINE#         265
  C:434FH         LINE#         266
  C:4351H         LINE#         268
  C:4351H         LINE#         269
  C:4351H         LINE#         270
  C:4351H         LINE#         271
  C:4354H         LINE#         272
  C:4358H         LINE#         275
  C:4377H         LINE#         279
  C:437EH         LINE#         281
  C:4380H         LINE#         282
  C:4387H         LINE#         283
  C:438EH         LINE#         284
  C:438EH         LINE#         285
  C:4392H         LINE#         286
  C:4392H         LINE#         287
  C:4395H         LINE#         288
  C:4397H         LINE#         289
  C:439AH         LINE#         291
  C:439DH         LINE#         292
  C:439DH         LINE#         294
  C:43A1H         LINE#         295
  C:43A1H         LINE#         297
  C:43C0H         LINE#         301
  C:43C2H         LINE#         302
  C:43C5H         LINE#         303
  C:43C7H         LINE#         304
  -------         ENDPROC       UCREAD_STATUS_REGISTER_BYTE1
BL51 BANKED LINKER/LOCATER V6.22                                                      02/27/2019  11:17:30  PAGE 47


  -------         PROC          SPI_NOR_WRITE_DATA
  X:03BBH         SYMBOL        dat
  X:03C6H         SYMBOL        addr
  C:3647H         LINE#         306
  C:3647H         LINE#         307
  C:3647H         LINE#         309
  C:364AH         LINE#         311
  C:3664H         LINE#         312
  C:3682H         LINE#         314
  C:3689H         LINE#         315
  C:368CH         LINE#         317
  C:36A6H         LINE#         318
  C:36A6H         LINE#         319
  C:36A6H         LINE#         322
  C:36A9H         LINE#         324
  C:36C3H         LINE#         325
  C:36C3H         LINE#         326
  C:36C3H         LINE#         328
  C:36C6H         LINE#         330
  C:36E0H         LINE#         331
  C:36E0H         LINE#         332
  C:36E0H         LINE#         334
  C:36E3H         LINE#         336
  C:36FDH         LINE#         337
  C:36FDH         LINE#         338
  C:36FDH         LINE#         340
  C:3700H         LINE#         342
  C:371AH         LINE#         343
  C:371AH         LINE#         344
  C:371AH         LINE#         346
  C:371DH         LINE#         348
  C:3737H         LINE#         349
  C:3737H         LINE#         350
  C:3737H         LINE#         352
  C:373AH         LINE#         354
  C:3754H         LINE#         355
  C:3754H         LINE#         356
  C:3754H         LINE#         358
  C:3757H         LINE#         360
  C:3771H         LINE#         361
  C:3771H         LINE#         362
  C:3771H         LINE#         364
  C:3774H         LINE#         366
  C:378EH         LINE#         367
  C:378EH         LINE#         368
  C:378EH         LINE#         370
  C:3791H         LINE#         372
  C:37ABH         LINE#         373
  C:37B2H         LINE#         374
  -------         ENDPROC       SPI_NOR_WRITE_DATA
  -------         ENDMOD        AT25SF041

  -------         MODULE        ?C_STARTUP
  C:4596H         SEGMENT       ?C_C51STARTUP
  I:0022H         SEGMENT       ?STACK
  C:0000H         PUBLIC        ?C_STARTUP
  D:00E0H         SYMBOL        ACC
BL51 BANKED LINKER/LOCATER V6.22                                                      02/27/2019  11:17:30  PAGE 48


  D:00F0H         SYMBOL        B
  D:0083H         SYMBOL        DPH
  D:0082H         SYMBOL        DPL
  N:0000H         SYMBOL        IBPSTACK
  N:0100H         SYMBOL        IBPSTACKTOP
  N:0080H         SYMBOL        IDATALEN
  C:4599H         SYMBOL        IDATALOOP
  N:0000H         SYMBOL        PBPSTACK
  N:0100H         SYMBOL        PBPSTACKTOP
  N:0000H         SYMBOL        PDATALEN
  N:0000H         SYMBOL        PDATASTART
  N:0000H         SYMBOL        PPAGE
  N:0000H         SYMBOL        PPAGEENABLE
  D:00A0H         SYMBOL        PPAGE_SFR
  D:0081H         SYMBOL        SP
  C:4596H         SYMBOL        STARTUP1
  N:0000H         SYMBOL        XBPSTACK
  N:0000H         SYMBOL        XBPSTACKTOP
  N:0000H         SYMBOL        XDATALEN
  N:0000H         SYMBOL        XDATASTART
  C:0000H         LINE#         126
  C:4596H         LINE#         133
  C:4598H         LINE#         134
  C:4599H         LINE#         135
  C:459AH         LINE#         136
  C:459CH         LINE#         185
  C:459FH         LINE#         196
  -------         ENDMOD        ?C_STARTUP

  -------         MODULE        ?C?FPADD
  C:1536H         PUBLIC        ?C?FPADD
  C:1532H         PUBLIC        ?C?FPSUB
  -------         ENDMOD        ?C?FPADD

  -------         MODULE        ?C?FPMUL
  C:1627H         PUBLIC        ?C?FPMUL
  -------         ENDMOD        ?C?FPMUL

  -------         MODULE        ?C?FPDIV
  C:1730H         PUBLIC        ?C?FPDIV
  -------         ENDMOD        ?C?FPDIV

  -------         MODULE        ?C?FPCMP
  C:17CFH         PUBLIC        ?C?FPCMP
  C:17CDH         PUBLIC        ?C?FPCMP3
  -------         ENDMOD        ?C?FPCMP

  -------         MODULE        ?C?FPNEG
  C:1846H         PUBLIC        ?C?FPNEG
  -------         ENDMOD        ?C?FPNEG

  -------         MODULE        ?C?FCAST
  C:1861H         PUBLIC        ?C?FCASTC
  C:185CH         PUBLIC        ?C?FCASTI
  C:1857H         PUBLIC        ?C?FCASTL
  -------         ENDMOD        ?C?FCAST

BL51 BANKED LINKER/LOCATER V6.22                                                      02/27/2019  11:17:30  PAGE 49


  -------         MODULE        ?C?CASTF
  C:1895H         PUBLIC        ?C?CASTF
  -------         ENDMOD        ?C?CASTF

  -------         MODULE        ATAN2
  X:04D4H         PUBLIC        ?_atan2?BYTE
  C:43C8H         PUBLIC        _atan2
  -------         ENDMOD        ATAN2

  -------         MODULE        SIN
  C:3818H         PUBLIC        _COS
  C:382EH         PUBLIC        _SIN
  C:386AH         PUBLIC        _TAN
  -------         ENDMOD        SIN

  -------         MODULE        ACOS
  C:48F9H         PUBLIC        _ACOS
  -------         ENDMOD        ACOS

  -------         MODULE        ASIN
  C:4A07H         PUBLIC        _ASIN
  -------         ENDMOD        ASIN

  -------         MODULE        SQRT
  C:427FH         PUBLIC        _SQRT
  -------         ENDMOD        SQRT

  -------         MODULE        ATAN
  C:3C61H         PUBLIC        _ATAN
  -------         ENDMOD        ATAN

  -------         MODULE        ?C?COPY
  C:1A33H         PUBLIC        ?C?COPY
  -------         ENDMOD        ?C?COPY

  -------         MODULE        ?C?CLDPTR
  C:1A59H         PUBLIC        ?C?CLDPTR
  -------         ENDMOD        ?C?CLDPTR

  -------         MODULE        ?C?CLDOPTR
  C:1A72H         PUBLIC        ?C?CLDOPTR
  -------         ENDMOD        ?C?CLDOPTR

  -------         MODULE        ?C?CSTPTR
  C:1A9FH         PUBLIC        ?C?CSTPTR
  -------         ENDMOD        ?C?CSTPTR

  -------         MODULE        ?C?IMUL
  C:1AB1H         PUBLIC        ?C?IMUL
  -------         ENDMOD        ?C?IMUL

  -------         MODULE        ?C?UIDIV
  C:1AC3H         PUBLIC        ?C?UIDIV
  -------         ENDMOD        ?C?UIDIV

  -------         MODULE        ?C?SIDIV
  C:1B18H         PUBLIC        ?C?SIDIV
BL51 BANKED LINKER/LOCATER V6.22                                                      02/27/2019  11:17:30  PAGE 50


  -------         ENDMOD        ?C?SIDIV

  -------         MODULE        ?C?ILDIX
  C:1B4EH         PUBLIC        ?C?ILDIX
  -------         ENDMOD        ?C?ILDIX

  -------         MODULE        ?C?ILDOPTR
  C:1B64H         PUBLIC        ?C?ILDOPTR
  -------         ENDMOD        ?C?ILDOPTR

  -------         MODULE        ?C?ISTPTR
  C:1B9CH         PUBLIC        ?C?ISTPTR
  -------         ENDMOD        ?C?ISTPTR

  -------         MODULE        ?C?LMUL
  C:1BBBH         PUBLIC        ?C?LMUL
  -------         ENDMOD        ?C?LMUL

  -------         MODULE        ?C?SLDIV
  C:4943H         PUBLIC        ?C?SLDIV
  -------         ENDMOD        ?C?SLDIV

  -------         MODULE        ?C?LNEG
  C:1C0AH         PUBLIC        ?C?LNEG
  -------         ENDMOD        ?C?LNEG

  -------         MODULE        ?C?ULCMP
  C:1C18H         PUBLIC        ?C?ULCMP
  -------         ENDMOD        ?C?ULCMP

  -------         MODULE        ?C?LSHL
  C:1C29H         PUBLIC        ?C?LSHL
  -------         ENDMOD        ?C?LSHL

  -------         MODULE        ?C?LLDPTR
  C:1C3CH         PUBLIC        ?C?LLDPTR
  -------         ENDMOD        ?C?LLDPTR

  -------         MODULE        ?C?LLDOPTR
  C:1C5CH         PUBLIC        ?C?LLDOPTR
  -------         ENDMOD        ?C?LLDOPTR

  -------         MODULE        ?C?LSTPTR
  C:1C8CH         PUBLIC        ?C?LSTPTR
  -------         ENDMOD        ?C?LSTPTR

  -------         MODULE        ?C?LSTOPTR
  C:1CA6H         PUBLIC        ?C?LSTOPTR
  -------         ENDMOD        ?C?LSTOPTR

  -------         MODULE        ?C?LLDXDATA
  C:1CCAH         PUBLIC        ?C?LLDXDATA
  -------         ENDMOD        ?C?LLDXDATA

  -------         MODULE        ?C?LLDCODE
  C:1CD6H         PUBLIC        ?C?LLDCODE
  -------         ENDMOD        ?C?LLDCODE
BL51 BANKED LINKER/LOCATER V6.22                                                      02/27/2019  11:17:30  PAGE 51



  -------         MODULE        ?C?LLDXDATA0
  C:1CE6H         PUBLIC        ?C?LLDXDATA0
  -------         ENDMOD        ?C?LLDXDATA0

  -------         MODULE        ?C?LLDCODE0
  C:1CF2H         PUBLIC        ?C?LLDCODE0
  -------         ENDMOD        ?C?LLDCODE0

  -------         MODULE        ?C?LLDPTR0
  C:1D02H         PUBLIC        ?C?LLDPTR0
  -------         ENDMOD        ?C?LLDPTR0

  -------         MODULE        ?C?LSTXDATA
  C:1D22H         PUBLIC        ?C?LSTXDATA
  -------         ENDMOD        ?C?LSTXDATA

  -------         MODULE        ?C?LSTKXDATA
  C:1D2EH         PUBLIC        ?C?LSTKXDATA
  -------         ENDMOD        ?C?LSTKXDATA

  -------         MODULE        ?C?LSTKPTR
  C:1D5FH         PUBLIC        ?C?LSTKPTR
  -------         ENDMOD        ?C?LSTKPTR

  -------         MODULE        ?C?OFFXADD
  C:1D79H         PUBLIC        ?C?OFFXADD
  -------         ENDMOD        ?C?OFFXADD

  -------         MODULE        ABS
  C:4D2FH         PUBLIC        _ABS
  -------         ENDMOD        ABS

  -------         MODULE        ATOI
  C:3F75H         PUBLIC        _atoi
  -------         ENDMOD        ATOI

  -------         MODULE        ?C?IILDX
  C:1D85H         PUBLIC        ?C?IILDX
  -------         ENDMOD        ?C?IILDX

  -------         MODULE        ?C?ULDIV
  C:1DD7H         PUBLIC        ?C?ULDIV
  -------         ENDMOD        ?C?ULDIV

  -------         MODULE        ?C?LLDIDATA
  C:1E69H         PUBLIC        ?C?LLDIDATA
  -------         ENDMOD        ?C?LLDIDATA

  -------         MODULE        ?C?LLDPDATA
  C:1E75H         PUBLIC        ?C?LLDPDATA
  -------         ENDMOD        ?C?LLDPDATA

  -------         MODULE        ?C?LLDIDATA0
  C:1E81H         PUBLIC        ?C?LLDIDATA0
  -------         ENDMOD        ?C?LLDIDATA0

BL51 BANKED LINKER/LOCATER V6.22                                                      02/27/2019  11:17:30  PAGE 52


  -------         MODULE        ?C?LLDPDATA0
  C:1E8EH         PUBLIC        ?C?LLDPDATA0
  -------         ENDMOD        ?C?LLDPDATA0

  -------         MODULE        ?C?LSTIDATA
  C:1E9BH         PUBLIC        ?C?LSTIDATA
  -------         ENDMOD        ?C?LSTIDATA

  -------         MODULE        ?C?LSTPDATA
  C:1EA7H         PUBLIC        ?C?LSTPDATA
  -------         ENDMOD        ?C?LSTPDATA

  -------         MODULE        ?C?LSTKIDATA
  C:1EB3H         PUBLIC        ?C?LSTKIDATA
  -------         ENDMOD        ?C?LSTKIDATA

  -------         MODULE        ?C?LSTKPDATA
  C:1ECCH         PUBLIC        ?C?LSTKPDATA
  -------         ENDMOD        ?C?LSTKPDATA

  -------         MODULE        ISDIGIT
  C:4D07H         PUBLIC        _isdigit
  -------         ENDMOD        ISDIGIT

  -------         MODULE        ISSPACE
  C:4CA2H         PUBLIC        _isspace
  -------         ENDMOD        ISSPACE

*** WARNING L16: UNCALLED SEGMENT, IGNORED FOR OVERLAY PROCESS
    SEGMENT: ?PR?_DISPLAY_PROX?MAIN

*** WARNING L16: UNCALLED SEGMENT, IGNORED FOR OVERLAY PROCESS
    SEGMENT: ?PR?_DAY_OF_YEAR?PCF85063BTL

*** WARNING L16: UNCALLED SEGMENT, IGNORED FOR OVERLAY PROCESS
    SEGMENT: ?PR?INITUART1?UART1

*** WARNING L16: UNCALLED SEGMENT, IGNORED FOR OVERLAY PROCESS
    SEGMENT: ?PR?_SENDSTRING?UART1

*** WARNING L16: UNCALLED SEGMENT, IGNORED FOR OVERLAY PROCESS
    SEGMENT: ?PR?_TEN?UART1

*** WARNING L16: UNCALLED SEGMENT, IGNORED FOR OVERLAY PROCESS
    SEGMENT: ?PR?_UNIT?UART1

*** WARNING L16: UNCALLED SEGMENT, IGNORED FOR OVERLAY PROCESS
    SEGMENT: ?PR?_DECTOBCD?UART1

*** WARNING L16: UNCALLED SEGMENT, IGNORED FOR OVERLAY PROCESS
    SEGMENT: ?PR?_ASCII_LETTER?UART1

*** WARNING L16: UNCALLED SEGMENT, IGNORED FOR OVERLAY PROCESS
    SEGMENT: ?PR?_ASCIITOBCD?UART1

*** WARNING L16: UNCALLED SEGMENT, IGNORED FOR OVERLAY PROCESS
    SEGMENT: ?PR?WAIT?BIPOLARMOTOR
BL51 BANKED LINKER/LOCATER V6.22                                                      02/27/2019  11:17:30  PAGE 53



*** WARNING L16: UNCALLED SEGMENT, IGNORED FOR OVERLAY PROCESS
    SEGMENT: ?PR?_FINDDET4X4?BIPOLARMOTOR

*** WARNING L16: UNCALLED SEGMENT, IGNORED FOR OVERLAY PROCESS
    SEGMENT: ?PR?NOP?IOEXPANDER_PI4IOE5V96248

*** WARNING L16: UNCALLED SEGMENT, IGNORED FOR OVERLAY PROCESS
    SEGMENT: ?PR?UC_ACK?IOEXPANDER_PI4IOE5V96248

*** WARNING L16: UNCALLED SEGMENT, IGNORED FOR OVERLAY PROCESS
    SEGMENT: ?PR?UC_NACK?IOEXPANDER_PI4IOE5V96248

*** WARNING L16: UNCALLED SEGMENT, IGNORED FOR OVERLAY PROCESS
    SEGMENT: ?PR?_AT25SF041_READ?AT25SF041

*** WARNING L1: UNRESOLVED EXTERNAL SYMBOL
    SYMBOL:  AUTO_MODE
    MODULE:  .\Obj\main.obj (MAIN)

*** WARNING L1: UNRESOLVED EXTERNAL SYMBOL
    SYMBOL:  SPI_NOR_CLEARENABLE
    MODULE:  .\Obj\main.obj (MAIN)

*** WARNING L2: REFERENCE MADE TO UNRESOLVED EXTERNAL
    SYMBOL:  AUTO_MODE
    MODULE:  .\Obj\main.obj (MAIN)
    ADDRESS: 0B3BH

*** WARNING L2: REFERENCE MADE TO UNRESOLVED EXTERNAL
    SYMBOL:  SPI_NOR_CLEARENABLE
    MODULE:  .\Obj\main.obj (MAIN)
    ADDRESS: 0B41H

*** WARNING L2: REFERENCE MADE TO UNRESOLVED EXTERNAL
    SYMBOL:  AUTO_MODE
    MODULE:  .\Obj\main.obj (MAIN)
    ADDRESS: 0CB4H

*** WARNING L2: REFERENCE MADE TO UNRESOLVED EXTERNAL
    SYMBOL:  AUTO_MODE
    MODULE:  .\Obj\main.obj (MAIN)
    ADDRESS: 0CC2H

*** WARNING L2: REFERENCE MADE TO UNRESOLVED EXTERNAL
    SYMBOL:  AUTO_MODE
    MODULE:  .\Obj\main.obj (MAIN)
    ADDRESS: 0CD4H

*** WARNING L2: REFERENCE MADE TO UNRESOLVED EXTERNAL
    SYMBOL:  AUTO_MODE
    MODULE:  .\Obj\main.obj (MAIN)
    ADDRESS: 0D16H

*** WARNING L2: REFERENCE MADE TO UNRESOLVED EXTERNAL
    SYMBOL:  AUTO_MODE
    MODULE:  .\Obj\main.obj (MAIN)
BL51 BANKED LINKER/LOCATER V6.22                                                      02/27/2019  11:17:30  PAGE 54


    ADDRESS: 0DE9H

*** WARNING L2: REFERENCE MADE TO UNRESOLVED EXTERNAL
    SYMBOL:  SPI_NOR_CLEARENABLE
    MODULE:  .\Obj\main.obj (MAIN)
    ADDRESS: 0E03H

*** WARNING L2: REFERENCE MADE TO UNRESOLVED EXTERNAL
    SYMBOL:  SPI_NOR_CLEARENABLE
    MODULE:  .\Obj\main.obj (MAIN)
    ADDRESS: 0E22H

*** WARNING L1: UNRESOLVED EXTERNAL SYMBOL
    SYMBOL:  _SENDUART1
    MODULE:  .\Obj\UART1.obj (UART1)

*** WARNING L2: REFERENCE MADE TO UNRESOLVED EXTERNAL
    SYMBOL:  _SENDUART1
    MODULE:  .\Obj\UART1.obj (UART1)
    ADDRESS: 4A70H

*** WARNING L1: UNRESOLVED EXTERNAL SYMBOL
    SYMBOL:  AUTO_MODE
    MODULE:  .\Obj\KeyPad.obj (KEYPAD)

*** WARNING L1: UNRESOLVED EXTERNAL SYMBOL
    SYMBOL:  SPI_NOR_CLEARENABLE
    MODULE:  .\Obj\KeyPad.obj (KEYPAD)

*** WARNING L2: REFERENCE MADE TO UNRESOLVED EXTERNAL
    SYMBOL:  AUTO_MODE
    MODULE:  .\Obj\KeyPad.obj (KEYPAD)
    ADDRESS: 3089H

*** WARNING L2: REFERENCE MADE TO UNRESOLVED EXTERNAL
    SYMBOL:  AUTO_MODE
    MODULE:  .\Obj\KeyPad.obj (KEYPAD)
    ADDRESS: 3094H

*** WARNING L2: REFERENCE MADE TO UNRESOLVED EXTERNAL
    SYMBOL:  AUTO_MODE
    MODULE:  .\Obj\KeyPad.obj (KEYPAD)
    ADDRESS: 309BH

*** WARNING L2: REFERENCE MADE TO UNRESOLVED EXTERNAL
    SYMBOL:  SPI_NOR_CLEARENABLE
    MODULE:  .\Obj\KeyPad.obj (KEYPAD)
    ADDRESS: 325CH

Program Size: data=10.2 xdata=1595 code=19809
LINK/LOCATE RUN COMPLETE.  34 WARNING(S),  0 ERROR(S)
