BL51 BANKED LINKER/LOCATER V6.22                                                        02/27/2019  16:41:46  PAGE 1


BL51 BANKED LINKER/LOCATER V6.22, INVOKED BY:
C:\KEIL_V5\C51\BIN\BL51.EXE .\Obj\main.obj, .\Obj\PCF85063BTL.obj, .\Obj\UART1.obj, .\Obj\LCd_Driver_SPLC780D.obj, .\Obj
>> \KeyPad.obj, .\Obj\BipolarMotor.obj, .\Obj\SunPos.obj, .\Obj\ADC.obj, .\Obj\Calibration.obj, .\Obj\IOExpander_PI4IOE5
>> V96248.obj, .\Obj\AT25SF041.obj, .\Obj\STARTUP.obj TO .\Obj\GPIO_RTC_Test PRINT (.\Lis\GPIO_RTC_Test.m51) RAMSIZE (25
>> 6)


MEMORY MODEL: LARGE WITH FLOATING POINT ARITHMETIC


INPUT MODULES INCLUDED:
  .\Obj\main.obj (MAIN)
  .\Obj\PCF85063BTL.obj (PCF85063BTL)
  .\Obj\UART1.obj (UART1)
  .\Obj\LCd_Driver_SPLC780D.obj (LCD_DRIVER_SPLC780D)
  .\Obj\KeyPad.obj (KEYPAD)
  .\Obj\BipolarMotor.obj (BIPOLARMOTOR)
  .\Obj\SunPos.obj (SUNPOS)
  .\Obj\ADC.obj (ADC)
  .\Obj\Calibration.obj (CALIBRATION)
  .\Obj\IOExpander_PI4IOE5V96248.obj (IOEXPANDER_PI4IOE5V96248)
  .\Obj\AT25SF041.obj (AT25SF041)
  .\Obj\STARTUP.obj (?C_STARTUP)
  C:\KEIL_V5\C51\LIB\C51FPL.LIB (?C?FPADD)
  C:\KEIL_V5\C51\LIB\C51FPL.LIB (?C?FPMUL)
  C:\KEIL_V5\C51\LIB\C51FPL.LIB (?C?FPDIV)
  C:\KEIL_V5\C51\LIB\C51FPL.LIB (?C?FPCMP)
  C:\KEIL_V5\C51\LIB\C51FPL.LIB (?C?FPNEG)
  C:\KEIL_V5\C51\LIB\C51FPL.LIB (?C?FCAST)
  C:\KEIL_V5\C51\LIB\C51FPL.LIB (?C?CASTF)
  C:\KEIL_V5\C51\LIB\C51FPL.LIB (ATAN2)
  C:\KEIL_V5\C51\LIB\C51FPL.LIB (SIN)
  C:\KEIL_V5\C51\LIB\C51FPL.LIB (ACOS)
  C:\KEIL_V5\C51\LIB\C51FPL.LIB (ASIN)
  C:\KEIL_V5\C51\LIB\C51FPL.LIB (?C?FPGETOPN)
  C:\KEIL_V5\C51\LIB\C51FPL.LIB (?C?FPSERIES)
  C:\KEIL_V5\C51\LIB\C51FPL.LIB (SQRT)
  C:\KEIL_V5\C51\LIB\C51FPL.LIB (ATAN)
  C:\KEIL_V5\C51\LIB\C51L.LIB (?C_INIT)
  C:\KEIL_V5\C51\LIB\C51L.LIB (?C?COPY)
  C:\KEIL_V5\C51\LIB\C51L.LIB (?C?CLDPTR)
  C:\KEIL_V5\C51\LIB\C51L.LIB (?C?CLDOPTR)
  C:\KEIL_V5\C51\LIB\C51L.LIB (?C?CSTPTR)
  C:\KEIL_V5\C51\LIB\C51L.LIB (?C?IMUL)
  C:\KEIL_V5\C51\LIB\C51L.LIB (?C?UIDIV)
  C:\KEIL_V5\C51\LIB\C51L.LIB (?C?SIDIV)
  C:\KEIL_V5\C51\LIB\C51L.LIB (?C?ILDIX)
  C:\KEIL_V5\C51\LIB\C51L.LIB (?C?ILDOPTR)
  C:\KEIL_V5\C51\LIB\C51L.LIB (?C?ISTPTR)
  C:\KEIL_V5\C51\LIB\C51L.LIB (?C?LMUL)
  C:\KEIL_V5\C51\LIB\C51L.LIB (?C?SLDIV)
  C:\KEIL_V5\C51\LIB\C51L.LIB (?C?LNEG)
  C:\KEIL_V5\C51\LIB\C51L.LIB (?C?ULCMP)
  C:\KEIL_V5\C51\LIB\C51L.LIB (?C?LSHL)
  C:\KEIL_V5\C51\LIB\C51L.LIB (?C?LLDPTR)
  C:\KEIL_V5\C51\LIB\C51L.LIB (?C?LLDOPTR)
  C:\KEIL_V5\C51\LIB\C51L.LIB (?C?LSTPTR)
  C:\KEIL_V5\C51\LIB\C51L.LIB (?C?LSTOPTR)
BL51 BANKED LINKER/LOCATER V6.22                                                      02/27/2019  16:41:46  PAGE 2


  C:\KEIL_V5\C51\LIB\C51L.LIB (?C?LLDXDATA)
  C:\KEIL_V5\C51\LIB\C51L.LIB (?C?LLDCODE)
  C:\KEIL_V5\C51\LIB\C51L.LIB (?C?LLDXDATA0)
  C:\KEIL_V5\C51\LIB\C51L.LIB (?C?LLDCODE0)
  C:\KEIL_V5\C51\LIB\C51L.LIB (?C?LLDPTR0)
  C:\KEIL_V5\C51\LIB\C51L.LIB (?C?LSTXDATA)
  C:\KEIL_V5\C51\LIB\C51L.LIB (?C?LSTKXDATA)
  C:\KEIL_V5\C51\LIB\C51L.LIB (?C?LSTKPTR)
  C:\KEIL_V5\C51\LIB\C51L.LIB (?C?OFFXADD)
  C:\KEIL_V5\C51\LIB\C51L.LIB (ABS)
  C:\KEIL_V5\C51\LIB\C51L.LIB (ATOI)
  C:\KEIL_V5\C51\LIB\C51L.LIB (?C?IILDX)
  C:\KEIL_V5\C51\LIB\C51L.LIB (?C?ULDIV)
  C:\KEIL_V5\C51\LIB\C51L.LIB (?C?LLDIDATA)
  C:\KEIL_V5\C51\LIB\C51L.LIB (?C?LLDPDATA)
  C:\KEIL_V5\C51\LIB\C51L.LIB (?C?LLDIDATA0)
  C:\KEIL_V5\C51\LIB\C51L.LIB (?C?LLDPDATA0)
  C:\KEIL_V5\C51\LIB\C51L.LIB (?C?LSTIDATA)
  C:\KEIL_V5\C51\LIB\C51L.LIB (?C?LSTPDATA)
  C:\KEIL_V5\C51\LIB\C51L.LIB (?C?LSTKIDATA)
  C:\KEIL_V5\C51\LIB\C51L.LIB (?C?LSTKPDATA)
  C:\KEIL_V5\C51\LIB\C51L.LIB (ISDIGIT)
  C:\KEIL_V5\C51\LIB\C51L.LIB (ISSPACE)


LINK MAP OF MODULE:  .\Obj\GPIO_RTC_Test (MAIN)


            TYPE    BASE      LENGTH    RELOCATION   SEGMENT NAME
            -----------------------------------------------------

            * * * * * * *   D A T A   M E M O R Y   * * * * * * *
            REG     0000H     0008H     ABSOLUTE     "REG BANK 0"
                    0008H     0018H                  *** GAP ***
            BIT     0020H.0   0000H.5   UNIT         ?BI?KEYPAD
            BIT     0020H.5   0000H.3   UNIT         _BIT_GROUP_
            BIT     0021H.0   0000H.1   UNIT         ?BI?MAIN
            BIT     0021H.1   0000H.1   UNIT         ?BI?_ATOI?ATOI
                    0021H.2   0000H.6                *** GAP ***
            IDATA   0022H     0001H     UNIT         ?STACK

            * * * * * * *  X D A T A   M E M O R Y  * * * * * * *
            XDATA   0000H     038FH     UNIT         ?XD?BIPOLARMOTOR
            XDATA   038FH     0158H     UNIT         _XDATA_GROUP_
            XDATA   04E7H     00D8H     UNIT         ?XD?MAIN
            XDATA   05BFH     0040H     UNIT         ?XD?_FINDDET4X4?BIPOLARMOTOR
            XDATA   05FFH     0024H     UNIT         ?XD?_FINDDET3X3?BIPOLARMOTOR
            XDATA   0623H     0009H     UNIT         ?XD?KEYPAD
            XDATA   062CH     0008H     UNIT         ?XD?_AT25SF041_READ?AT25SF041
            XDATA   0634H     0005H     UNIT         ?XD?_ATOI?ATOI
            XDATA   0639H     0004H     UNIT         ?XD?_DISPLAY_PROX?MAIN
            XDATA   063DH     0003H     UNIT         ?XD?_SENDSTRING?UART1
            XDATA   0640H     0001H     UNIT         ?XD?UC_ACK?IOEXPANDER_PI4IOE5V96248
            XDATA   0641H     0001H     UNIT         ?XD?UC_NACK?IOEXPANDER_PI4IOE5V96248

            * * * * * * *   C O D E   M E M O R Y   * * * * * * *
            CODE    0000H     0003H     ABSOLUTE     
BL51 BANKED LINKER/LOCATER V6.22                                                      02/27/2019  16:41:46  PAGE 3


            CODE    0003H     0006H     UNIT         ?PR?_TEN?UART1
            CODE    0009H     0001H     UNIT         ?PR?TM0_ISR?MAIN
            CODE    000AH     0001H     UNIT         ?PR?_DECTOBCD?UART1
            CODE    000BH     0003H     ABSOLUTE     
            CODE    000EH     0B46H     UNIT         ?PR?MAIN?MAIN
            CODE    0B54H     0B00H     UNIT         ?PR?_UPDATE_POSITION?BIPOLARMOTOR
            CODE    1654H     09B6H     UNIT         ?C?LIB_CODE
            CODE    200AH     07A2H     UNIT         ?PR?SUNPOS?SUNPOS
            CODE    27ACH     03F9H     UNIT         ?C_INITSEG
            CODE    2BA5H     03E8H     UNIT         ?PR?_FIND_REAL_MAX?CALIBRATION
            CODE    2F8DH     02C5H     UNIT         ?PR?KEY_PROCESS?KEYPAD
            CODE    3252H     02C0H     UNIT         ?PR?_FINDDET4X4?BIPOLARMOTOR
            CODE    3512H     01D1H     UNIT         ?PR?_FINDDET3X3?BIPOLARMOTOR
            CODE    36E3H     01B3H     UNIT         ?PR?_CALIBRATION?CALIBRATION
            CODE    3896H     018DH     UNIT         ?PR?KEY_SCAN?KEYPAD
            CODE    3A23H     0189H     UNIT         ?PR?SPI_NOR_WRITE_DATA?AT25SF041
            CODE    3BACH     0188H     UNIT         ?PR?SIN?SIN
            CODE    3D34H     0172H     UNIT         ?PR?_DISPLAY_POS?MAIN
            CODE    3EA6H     0122H     UNIT         ?PR?ATAN?ATAN
            CODE    3FC8H     0110H     UNIT         ?PR?_AT25SF041_READ?AT25SF041
            CODE    40D8H     0102H     UNIT         ?PR?_AT25SF041_WRITE?AT25SF041
            CODE    41DAH     00DBH     UNIT         ?PR?_ATOI?ATOI
            CODE    42B5H     00C3H     UNIT         ?PR?LINEAR_INTERPOLATE?BIPOLARMOTOR
            CODE    4378H     00BBH     UNIT         ?PR?VOLTAGE_IS_STABLE?CALIBRATION
            CODE    4433H     00ADH     UNIT         ?PR?_WRITE_PI4IOE5V96248?IOEXPANDER_PI4IOE5V96248
            CODE    44E0H     00ACH     UNIT         ?PR?SQRT?SQRT
            CODE    458CH     00A1H     UNIT         ?PR?UCREAD_STATUS_REGISTER_BYTE1?AT25SF041
            CODE    462DH     009DH     UNIT         ?PR?_ATAN2?ATAN2
            CODE    46CAH     009CH     UNIT         ?PR?_MAX_VALUE?CALIBRATION
            CODE    4766H     0095H     UNIT         ?PR?_DISPLAY_PROX?MAIN
            CODE    47FBH     008CH     UNIT         ?C_C51STARTUP
            CODE    4887H     0084H     UNIT         ?PR?_DAY_OF_YEAR?PCF85063BTL
            CODE    490BH     0075H     UNIT         ?PR?_WRITEDATA?LCD_DRIVER_SPLC780D
            CODE    4980H     0072H     UNIT         ?PR?AT25SF041_WRITEENABLE?AT25SF041
            CODE    49F2H     006FH     UNIT         ?PR?_READ_TIME?PCF85063BTL
            CODE    4A61H     005AH     UNIT         ?PR?AT25SF041_CHIPERASE?AT25SF041
            CODE    4ABBH     0059H     UNIT         ?PR?LCD_INIT?LCD_DRIVER_SPLC780D
            CODE    4B14H     004AH     UNIT         ?PR?VONESTEPMOVE?BIPOLARMOTOR
            CODE    4B5EH     004AH     UNIT         ?PR?ACOS?ACOS
            CODE    4BA8H     0044H     UNIT         ?C?LDIV
            CODE    4BECH     0040H     UNIT         ?PR?_COMMAND?LCD_DRIVER_SPLC780D
            CODE    4C2CH     0040H     UNIT         ?PR?_STEP_MOVE?BIPOLARMOTOR
            CODE    4C6CH     003BH     UNIT         ?PR?ASIN?ASIN
            CODE    4CA7H     0033H     UNIT         ?PR?_SENDSTRING?UART1
            CODE    4CDAH     002CH     UNIT         ?PR?_ADC_GETRESULT?ADC
            CODE    4D06H     002BH     UNIT         ?PR?_WAIT_MS_I2C?IOEXPANDER_PI4IOE5V96248
            CODE    4D31H     002BH     UNIT         ?PR?_WAIT_MS_SPINOR?AT25SF041
            CODE    4D5CH     0028H     UNIT         ?PR?_MOVE?BIPOLARMOTOR
            CODE    4D84H     0027H     UNIT         ?PR?_I2C_SENDBYTE?IOEXPANDER_PI4IOE5V96248
            CODE    4DABH     0024H     UNIT         ?PR?_WAIT_MS?LCD_DRIVER_SPLC780D
            CODE    4DCFH     0020H     UNIT         ?PR?_SPI_SENDBYTE?PCF85063BTL
            CODE    4DEFH     0020H     UNIT         ?PR?SPI_RECEIVEBYTE?PCF85063BTL
            CODE    4E0FH     001FH     UNIT         ?PR?ADC_INIT?ADC
            CODE    4E2EH     001EH     UNIT         ?PR?_DELAY_MS?KEYPAD
            CODE    4E4CH     001DH     UNIT         ?PR?_DISPLAYLCD?LCD_DRIVER_SPLC780D
            CODE    4E69H     001BH     UNIT         ?PR?_BCDTODEC1?BIPOLARMOTOR
            CODE    4E84H     0018H     UNIT         ?PR?_SPI_WRITETIME?PCF85063BTL
BL51 BANKED LINKER/LOCATER V6.22                                                      02/27/2019  16:41:46  PAGE 4


            CODE    4E9CH     0017H     UNIT         ?PR?_ASCIITOBCD?UART1
            CODE    4EB3H     0016H     UNIT         ?PR?I2C_ACK?IOEXPANDER_PI4IOE5V96248
            CODE    4EC9H     0015H     UNIT         ?PR?_DISPLAY_LINE?LCD_DRIVER_SPLC780D
            CODE    4EDEH     0015H     UNIT         ?PR?I2C_STOP?IOEXPANDER_PI4IOE5V96248
            CODE    4EF3H     0014H     UNIT         ?PR?_PCF85063BTL_DELAY?PCF85063BTL
            CODE    4F07H     0014H     UNIT         ?PR?_ISSPACE?ISSPACE
            CODE    4F1BH     0011H     UNIT         ?PR?_SPI_READTIME?PCF85063BTL
            CODE    4F2CH     0011H     UNIT         ?PR?_BCDTODEC?PCF85063BTL
            CODE    4F3DH     0011H     UNIT         ?PR?INITUART1?UART1
            CODE    4F4EH     000FH     UNIT         ?PR?I2C_START?IOEXPANDER_PI4IOE5V96248
            CODE    4F5DH     000FH     UNIT         ?PR?UC_NACK?IOEXPANDER_PI4IOE5V96248
            CODE    4F6CH     000FH     UNIT         ?PR?_ISDIGIT?ISDIGIT
            CODE    4F7BH     000DH     UNIT         ?PR?SPI_INIT?PCF85063BTL
            CODE    4F88H     000CH     UNIT         ?PR?KEYPAD_IO_INIT?KEYPAD
            CODE    4F94H     000CH     UNIT         ?PR?_ABS?ABS
            CODE    4FA0H     000AH     UNIT         ?PR?LCD_RETURN_HOME?LCD_DRIVER_SPLC780D
            CODE    4FAAH     000AH     UNIT         ?PR?LCD_CLEAR?LCD_DRIVER_SPLC780D
            CODE    4FB4H     0006H     UNIT         ?PR?UC_ACK?IOEXPANDER_PI4IOE5V96248
            CODE    4FBAH     0005H     UNIT         ?PR?_UNIT?UART1
            CODE    4FBFH     0005H     UNIT         ?PR?_ASCII_LETTER?UART1
            CODE    4FC4H     0001H     UNIT         ?PR?WAIT?BIPOLARMOTOR
            CODE    4FC5H     0001H     UNIT         ?PR?NOP?IOEXPANDER_PI4IOE5V96248



OVERLAY MAP OF MODULE:   .\Obj\GPIO_RTC_Test (MAIN)


SEGMENT                                             BIT_GROUP          XDATA_GROUP
  +--> CALLED SEGMENT                            START    LENGTH     START    LENGTH
------------------------------------------------------------------------------------
?C_C51STARTUP                                    -----    -----      -----    -----
  +--> ?PR?MAIN?MAIN
  +--> ?C_INITSEG

?PR?MAIN?MAIN                                    -----    -----      038FH    002CH
  +--> ?PR?LCD_INIT?LCD_DRIVER_SPLC780D
  +--> ?PR?SPI_INIT?PCF85063BTL
  +--> ?PR?KEYPAD_IO_INIT?KEYPAD
  +--> ?PR?ADC_INIT?ADC
  +--> ?PR?_SPI_WRITETIME?PCF85063BTL
  +--> ?PR?_DELAY_MS?KEYPAD
  +--> ?PR?_DISPLAY_LINE?LCD_DRIVER_SPLC780D
  +--> ?PR?_WRITEDATA?LCD_DRIVER_SPLC780D
  +--> ?PR?KEY_PROCESS?KEYPAD
  +--> ?PR?_COMMAND?LCD_DRIVER_SPLC780D
  +--> ?PR?_DISPLAY_POS?MAIN
  +--> ?PR?_DISPLAYLCD?LCD_DRIVER_SPLC780D
  +--> ?PR?_STEP_MOVE?BIPOLARMOTOR
  +--> ?PR?LCD_RETURN_HOME?LCD_DRIVER_SPLC780D
  +--> ?PR?_READ_TIME?PCF85063BTL
  +--> ?PR?_ADC_GETRESULT?ADC
  +--> ?PR?_BCDTODEC1?BIPOLARMOTOR
  +--> ?PR?_CALIBRATION?CALIBRATION
  +--> ?PR?_WAIT_MS_SPINOR?AT25SF041
  +--> ?PR?SPI_NOR_WRITE_DATA?AT25SF041
  +--> ?PR?LINEAR_INTERPOLATE?BIPOLARMOTOR
BL51 BANKED LINKER/LOCATER V6.22                                                      02/27/2019  16:41:46  PAGE 5


  +--> ?PR?_UPDATE_POSITION?BIPOLARMOTOR
  +--> ?PR?LCD_CLEAR?LCD_DRIVER_SPLC780D
  +--> ?PR?AT25SF041_WRITEENABLE?AT25SF041
  +--> ?PR?AT25SF041_CHIPERASE?AT25SF041

?PR?LCD_INIT?LCD_DRIVER_SPLC780D                 -----    -----      -----    -----
  +--> ?PR?_WAIT_MS?LCD_DRIVER_SPLC780D
  +--> ?PR?_COMMAND?LCD_DRIVER_SPLC780D

?PR?_COMMAND?LCD_DRIVER_SPLC780D                 -----    -----      -----    -----
  +--> ?PR?_WAIT_MS?LCD_DRIVER_SPLC780D

?PR?ADC_INIT?ADC                                 -----    -----      -----    -----
  +--> ?PR?_WAIT_MS?LCD_DRIVER_SPLC780D

?PR?_SPI_WRITETIME?PCF85063BTL                   -----    -----      -----    -----
  +--> ?PR?_SPI_SENDBYTE?PCF85063BTL

?PR?_SPI_SENDBYTE?PCF85063BTL                    -----    -----      -----    -----
  +--> ?PR?_PCF85063BTL_DELAY?PCF85063BTL

?PR?_DISPLAY_LINE?LCD_DRIVER_SPLC780D            -----    -----      -----    -----
  +--> ?PR?_COMMAND?LCD_DRIVER_SPLC780D

?PR?_WRITEDATA?LCD_DRIVER_SPLC780D               -----    -----      0476H    0001H
  +--> ?PR?_WAIT_MS?LCD_DRIVER_SPLC780D

?PR?KEY_PROCESS?KEYPAD                           -----    -----      03BBH    0006H
  +--> ?PR?KEY_SCAN?KEYPAD
  +--> ?PR?_SPI_WRITETIME?PCF85063BTL
  +--> ?PR?LCD_CLEAR?LCD_DRIVER_SPLC780D
  +--> ?PR?_COMMAND?LCD_DRIVER_SPLC780D
  +--> ?PR?_WRITEDATA?LCD_DRIVER_SPLC780D

?PR?KEY_SCAN?KEYPAD                              -----    -----      03C1H    0003H

?PR?LCD_CLEAR?LCD_DRIVER_SPLC780D                -----    -----      -----    -----
  +--> ?PR?_COMMAND?LCD_DRIVER_SPLC780D

?PR?_DISPLAY_POS?MAIN                            -----    -----      046CH    000AH
  +--> ?PR?_ABS?ABS
  +--> ?PR?_WRITEDATA?LCD_DRIVER_SPLC780D

?PR?_DISPLAYLCD?LCD_DRIVER_SPLC780D              -----    -----      03BBH    0001H
  +--> ?PR?_WRITEDATA?LCD_DRIVER_SPLC780D

?PR?_STEP_MOVE?BIPOLARMOTOR                      0020H.6  0000H.1    0482H    0004H
  +--> ?PR?VONESTEPMOVE?BIPOLARMOTOR

?PR?VONESTEPMOVE?BIPOLARMOTOR                    0020H.7  0000H.1    -----    -----
  +--> ?PR?_WRITE_PI4IOE5V96248?IOEXPANDER_P...
  +--> ?PR?_DELAY_MS?KEYPAD

?PR?_WRITE_PI4IOE5V96248?IOEXPANDER_P...         -----    -----      0486H    0003H
  +--> ?PR?I2C_START?IOEXPANDER_PI4IOE5V96248
  +--> ?PR?_WAIT_MS_I2C?IOEXPANDER_PI4IOE5V9...
  +--> ?PR?_I2C_SENDBYTE?IOEXPANDER_PI4IOE5V...
BL51 BANKED LINKER/LOCATER V6.22                                                      02/27/2019  16:41:46  PAGE 6


  +--> ?PR?I2C_ACK?IOEXPANDER_PI4IOE5V96248
  +--> ?PR?I2C_STOP?IOEXPANDER_PI4IOE5V96248

?PR?I2C_START?IOEXPANDER_PI4IOE5V96248           -----    -----      -----    -----
  +--> ?PR?_WAIT_MS_I2C?IOEXPANDER_PI4IOE5V9...

?PR?_I2C_SENDBYTE?IOEXPANDER_PI4IOE5V...         -----    -----      -----    -----
  +--> ?PR?_WAIT_MS_I2C?IOEXPANDER_PI4IOE5V9...

?PR?I2C_ACK?IOEXPANDER_PI4IOE5V96248             -----    -----      0489H    0001H
  +--> ?PR?_WAIT_MS_I2C?IOEXPANDER_PI4IOE5V9...

?PR?I2C_STOP?IOEXPANDER_PI4IOE5V96248            -----    -----      -----    -----
  +--> ?PR?_WAIT_MS_I2C?IOEXPANDER_PI4IOE5V9...

?PR?LCD_RETURN_HOME?LCD_DRIVER_SPLC780D          -----    -----      -----    -----
  +--> ?PR?_COMMAND?LCD_DRIVER_SPLC780D

?PR?_READ_TIME?PCF85063BTL                       -----    -----      03BBH    000FH
  +--> ?PR?_SPI_READTIME?PCF85063BTL

?PR?_SPI_READTIME?PCF85063BTL                    -----    -----      -----    -----
  +--> ?PR?_SPI_SENDBYTE?PCF85063BTL
  +--> ?PR?SPI_RECEIVEBYTE?PCF85063BTL

?PR?SPI_RECEIVEBYTE?PCF85063BTL                  -----    -----      -----    -----
  +--> ?PR?_PCF85063BTL_DELAY?PCF85063BTL

?PR?_CALIBRATION?CALIBRATION                     -----    -----      03BBH    0024H
  +--> ?PR?VOLTAGE_IS_STABLE?CALIBRATION
  +--> ?PR?_UPDATE_POSITION?BIPOLARMOTOR
  +--> ?PR?_FIND_REAL_MAX?CALIBRATION

?PR?VOLTAGE_IS_STABLE?CALIBRATION                -----    -----      03DFH    0018H
  +--> ?PR?_ADC_GETRESULT?ADC
  +--> ?PR?_ABS?ABS

?PR?_UPDATE_POSITION?BIPOLARMOTOR                -----    -----      03DFH    009FH
  +--> ?PR?_BCDTODEC1?BIPOLARMOTOR
  +--> ?PR?SUNPOS?SUNPOS
  +--> ?PR?SIN?SIN
  +--> ?PR?ASIN?ASIN
  +--> ?PR?LINEAR_INTERPOLATE?BIPOLARMOTOR
  +--> ?PR?_ABS?ABS
  +--> ?PR?_MOVE?BIPOLARMOTOR

?PR?SUNPOS?SUNPOS                                -----    -----      047EH    005DH
  +--> ?PR?SIN?SIN
  +--> ?PR?_ATAN2?ATAN2
  +--> ?PR?ASIN?ASIN
  +--> ?PR?ACOS?ACOS

?PR?SIN?SIN                                      0020H.5  0000H.1    04DBH    0004H

?PR?_ATAN2?ATAN2                                 -----    -----      04DBH    0008H
  +--> ?PR?ATAN?ATAN

BL51 BANKED LINKER/LOCATER V6.22                                                      02/27/2019  16:41:46  PAGE 7


?PR?ATAN?ATAN                                    0020H.5  0000H.2    04E3H    0004H

?PR?ASIN?ASIN                                    -----    -----      -----    -----
  +--> ?PR?SQRT?SQRT
  +--> ?PR?ATAN?ATAN

?PR?SQRT?SQRT                                    -----    -----      04DBH    0004H

?PR?ACOS?ACOS                                    -----    -----      -----    -----
  +--> ?PR?SQRT?SQRT
  +--> ?PR?ATAN?ATAN

?PR?LINEAR_INTERPOLATE?BIPOLARMOTOR              -----    -----      047EH    0014H

?PR?_MOVE?BIPOLARMOTOR                           0020H.5  0000H.1    047EH    0004H
  +--> ?PR?_STEP_MOVE?BIPOLARMOTOR

?PR?_FIND_REAL_MAX?CALIBRATION                   -----    -----      03DFH    008DH
  +--> ?PR?_MOVE?BIPOLARMOTOR
  +--> ?PR?_ADC_GETRESULT?ADC
  +--> ?PR?AT25SF041_WRITEENABLE?AT25SF041
  +--> ?PR?_AT25SF041_WRITE?AT25SF041
  +--> ?PR?_WAIT_MS_SPINOR?AT25SF041
  +--> ?PR?_COMMAND?LCD_DRIVER_SPLC780D
  +--> ?PR?_WRITEDATA?LCD_DRIVER_SPLC780D
  +--> ?PR?_DISPLAY_POS?MAIN
  +--> ?PR?_WAIT_MS?LCD_DRIVER_SPLC780D
  +--> ?PR?_MAX_VALUE?CALIBRATION

?PR?AT25SF041_WRITEENABLE?AT25SF041              -----    -----      046CH    0002H
  +--> ?PR?_WAIT_MS_SPINOR?AT25SF041
  +--> ?PR?UCREAD_STATUS_REGISTER_BYTE1?AT25...

?PR?UCREAD_STATUS_REGISTER_BYTE1?AT25...         -----    -----      0474H    0003H
  +--> ?PR?_WAIT_MS_SPINOR?AT25SF041

?PR?_AT25SF041_WRITE?AT25SF041                   -----    -----      046CH    0008H
  +--> ?PR?_WAIT_MS_SPINOR?AT25SF041
  +--> ?PR?UCREAD_STATUS_REGISTER_BYTE1?AT25...

?PR?_MAX_VALUE?CALIBRATION                       -----    -----      046CH    0004H

?PR?SPI_NOR_WRITE_DATA?AT25SF041                 -----    -----      03BBH    000EH
  +--> ?PR?AT25SF041_WRITEENABLE?AT25SF041
  +--> ?PR?_AT25SF041_WRITE?AT25SF041
  +--> ?PR?_WAIT_MS_SPINOR?AT25SF041

?PR?AT25SF041_CHIPERASE?AT25SF041                -----    -----      03BBH    0002H
  +--> ?PR?_WAIT_MS_SPINOR?AT25SF041
  +--> ?PR?UCREAD_STATUS_REGISTER_BYTE1?AT25...



UNRESOLVED EXTERNAL SYMBOLS:
   AUTO_MODE
   SPI_NOR_CLEARENABLE
   _SENDUART1
BL51 BANKED LINKER/LOCATER V6.22                                                      02/27/2019  16:41:46  PAGE 8





SYMBOL TABLE OF MODULE:  .\Obj\GPIO_RTC_Test (MAIN)

  VALUE           TYPE          NAME
  ----------------------------------

  -------         MODULE        MAIN
  C:0000H         SYMBOL        _ICE_DUMMY_
  X:04EFH         PUBLIC        calib_value
  D:0080H         PUBLIC        P0
  D:00B2H         PUBLIC        P3M0
  D:0090H         PUBLIC        P1
  D:00B1H         PUBLIC        P3M1
  D:00A0H         PUBLIC        P2
  D:00B0H         PUBLIC        P3
  D:00C0H         PUBLIC        P4
  D:00C8H         PUBLIC        P5
  X:0543H         SYMBOL        PressedKey
  B:00A8H.7       PUBLIC        EA
  D:00E8H         PUBLIC        P6
  X:0547H         PUBLIC        calib_stamp
  D:00F8H         PUBLIC        P7
  X:0548H         PUBLIC        RX_Data_Uart_Cnt
  D:00A8H         PUBLIC        IE
  X:054AH         PUBLIC        calib_time
  D:00B8H         PUBLIC        IP
  X:059EH         PUBLIC        months
  D:00D8H         PUBLIC        CCON
  C:000EH         PUBLIC        main
  X:059FH         PUBLIC        count
  X:05A1H         PUBLIC        days
  X:05A2H         PUBLIC        hours
  D:0098H         PUBLIC        SCON
  D:0089H         PUBLIC        TMOD
  D:0088H         PUBLIC        TCON
  B:00A0H.3       PUBLIC        P23
  X:05A3H         SYMBOL        KeyCount
  X:05A5H         PUBLIC        mins
  X:05A6H         PUBLIC        Rec_data_hour
  B:00C8H.5       PUBLIC        P55
  X:05A9H         PUBLIC        Rec_data_min
  D:008EH         PUBLIC        AUXR
  C:0009H         PUBLIC        tm0_isr
  B:0021H.0       PUBLIC        busy
  B:00A8H.1       PUBLIC        ET0
  X:05ACH         PUBLIC        SPI_NOR_INTERNAL_FLASH_ADDR
  D:008CH         PUBLIC        TH0
  X:05B0H         PUBLIC        hour_count
  D:008AH         PUBLIC        TL0
  X:05B1H         PUBLIC        min_count
  B:0088H.4       PUBLIC        TR0
  X:05B2H         SYMBOL        KeyNum
  X:05B3H         SYMBOL        KeyNum_Old
  X:05B4H         PUBLIC        current_position
  X:05B8H         PUBLIC        hours1
BL51 BANKED LINKER/LOCATER V6.22                                                      02/27/2019  16:41:46  PAGE 9


  X:05B9H         PUBLIC        hours2
  C:4766H         PUBLIC        _Display_Prox
  X:05BAH         PUBLIC        mins1
  X:05BBH         PUBLIC        mins2
  C:3D34H         PUBLIC        _Display_Pos
  X:05BCH         PUBLIC        seconds
  X:05BDH         PUBLIC        st_time
  D:00D0H         PUBLIC        PSW
  -------         PROC          TM0_ISR
  C:0009H         LINE#         85
  C:0009H         LINE#         87
  -------         ENDPROC       TM0_ISR
  -------         PROC          MAIN
  -------         DO            
  X:038FH         SYMBOL        sunlight_ADC
  X:04E7H         SYMBOL        KeyCount
  X:04E9H         SYMBOL        KeyNum_Old
  X:04EAH         SYMBOL        KeyNum
  X:04EBH         SYMBOL        PressedKey
  X:0391H         SYMBOL        prox_flag
  X:0392H         SYMBOL        iUse_prevday_calib_value
  X:0394H         SYMBOL        max_ADC_Val_JP
  X:0396H         SYMBOL        max_ADC_Val
  X:0398H         SYMBOL        calib_point1
  X:03A0H         SYMBOL        calib_point2
  X:03A8H         SYMBOL        dat_to_store
  X:03B3H         SYMBOL        calib_day
  X:03B5H         SYMBOL        calib_count
  X:03B7H         SYMBOL        theorical_JP_max_pos
  -------         ENDDO         
  C:000EH         LINE#         89
  C:000EH         LINE#         90
  C:000EH         LINE#         95
  C:0014H         LINE#         96
  C:0019H         LINE#         98
  C:0021H         LINE#         102
  C:0027H         LINE#         103
  C:0031H         LINE#         107
  C:0033H         LINE#         108
  C:0035H         LINE#         109
  C:0037H         LINE#         110
  C:0039H         LINE#         112
  C:0040H         LINE#         113
  C:0044H         LINE#         122
  C:0046H         LINE#         123
  C:0049H         LINE#         124
  C:004CH         LINE#         125
  C:004FH         LINE#         126
  C:0052H         LINE#         127
  C:0055H         LINE#         130
  C:0058H         LINE#         132
  C:005BH         LINE#         133
  C:005EH         LINE#         134
  C:0061H         LINE#         135
  C:0063H         LINE#         136
  C:0065H         LINE#         137
  C:0067H         LINE#         139
BL51 BANKED LINKER/LOCATER V6.22                                                      02/27/2019  16:41:46  PAGE 10


  C:0069H         LINE#         140
  C:0070H         LINE#         141
  C:0077H         LINE#         142
  C:007EH         LINE#         143
  C:0085H         LINE#         147
  C:008CH         LINE#         148
  C:0091H         LINE#         149
  C:0096H         LINE#         150
  C:009BH         LINE#         151
  C:00A0H         LINE#         152
  C:00A5H         LINE#         155
  C:00BEH         LINE#         156
  C:00BEH         LINE#         157
  C:00DAH         LINE#         158
  C:0121H         LINE#         159
  C:0132H         LINE#         162
  C:0132H         LINE#         163
  C:0132H         LINE#         164
  C:0135H         LINE#         167
  C:0135H         LINE#         170
  C:013AH         LINE#         171
  C:013FH         LINE#         173
  C:0144H         LINE#         174
  C:0149H         LINE#         175
  C:014EH         LINE#         176
  C:0153H         LINE#         178
  C:0164H         LINE#         179
  C:0169H         LINE#         180
  C:016EH         LINE#         182
  C:0175H         LINE#         183
  C:017DH         LINE#         184
  C:0182H         LINE#         185
  C:018AH         LINE#         186
  C:018FH         LINE#         187
  C:0199H         LINE#         188
  C:019EH         LINE#         189
  C:01A6H         LINE#         191
  C:01AEH         LINE#         192
  C:01B3H         LINE#         193
  C:01BDH         LINE#         194
  C:01BDH         LINE#         195
  C:01BFH         LINE#         196
  C:01C1H         LINE#         197
  C:01CBH         LINE#         198
  C:01CBH         LINE#         199
  C:01D0H         LINE#         200
  C:01D0H         LINE#         212
  C:01DDH         LINE#         213
  C:01DDH         LINE#         214
  C:01E7H         LINE#         215
  C:01FEH         LINE#         216
  C:01FEH         LINE#         217
  C:0200H         LINE#         218
  C:0202H         LINE#         220
  C:0202H         LINE#         221
  C:020DH         LINE#         222
  C:020DH         LINE#         223
BL51 BANKED LINKER/LOCATER V6.22                                                      02/27/2019  16:41:46  PAGE 11


  C:0212H         LINE#         224
  C:0212H         LINE#         225
  C:021FH         LINE#         226
  C:021FH         LINE#         229
  C:0229H         LINE#         230
  C:0240H         LINE#         231
  C:0240H         LINE#         232
  C:0242H         LINE#         233
  C:0244H         LINE#         235
  C:0244H         LINE#         236
  C:024FH         LINE#         237
  C:024FH         LINE#         238
  C:0254H         LINE#         239
  C:0256H         LINE#         240
  C:0256H         LINE#         242
  C:0278H         LINE#         243
  C:0278H         LINE#         244
  C:0282H         LINE#         245
  C:0288H         LINE#         246
  C:028AH         LINE#         247
  C:028CH         LINE#         248
  C:028EH         LINE#         249
  C:028EH         LINE#         250
  C:0291H         LINE#         252
  C:0291H         LINE#         253
  C:0297H         LINE#         254
  C:029FH         LINE#         255
  C:02A5H         LINE#         256
  C:02ADH         LINE#         257
  C:02E8H         LINE#         261
  C:02F5H         LINE#         262
  C:02F5H         LINE#         264
  C:0302H         LINE#         265
  C:0335H         LINE#         266
  C:0342H         LINE#         267
  C:0342H         LINE#         269
  C:0371H         LINE#         270
  C:0371H         LINE#         271
  C:0393H         LINE#         272
  C:0393H         LINE#         273
  C:040FH         LINE#         274
  C:0499H         LINE#         277
  C:04A1H         LINE#         278
  C:04A9H         LINE#         279
  C:04B1H         LINE#         280
  C:04B9H         LINE#         281
  C:04CDH         LINE#         282
  C:04E3H         LINE#         283
  C:0513H         LINE#         284
  C:0527H         LINE#         285
  C:0537H         LINE#         286
  C:0537H         LINE#         287
  C:0537H         LINE#         288
  C:0537H         LINE#         290
  C:0537H         LINE#         293
  C:053AH         LINE#         294
  C:054BH         LINE#         295
BL51 BANKED LINKER/LOCATER V6.22                                                      02/27/2019  16:41:46  PAGE 12


  C:054BH         LINE#         296
  C:054BH         LINE#         298
  C:054BH         LINE#         301
  C:054EH         LINE#         303
  C:054EH         LINE#         304
  C:0570H         LINE#         305
  C:0570H         LINE#         306
  C:05ECH         LINE#         307
  C:0641H         LINE#         308
  C:0641H         LINE#         309
  C:0641H         LINE#         310
  C:0644H         LINE#         314
  C:0644H         LINE#         317
  C:0678H         LINE#         318
  C:0678H         LINE#         319
  C:069AH         LINE#         320
  C:069AH         LINE#         321
  C:0716H         LINE#         322
  C:07A0H         LINE#         324
  C:07A8H         LINE#         325
  C:07B0H         LINE#         326
  C:07B8H         LINE#         327
  C:07C0H         LINE#         328
  C:07D4H         LINE#         329
  C:07EAH         LINE#         330
  C:081AH         LINE#         331
  C:082EH         LINE#         332
  C:0842H         LINE#         333
  C:0858H         LINE#         334
  C:0888H         LINE#         335
  C:088FH         LINE#         337
  C:08B3H         LINE#         339
  C:08B6H         LINE#         340
  C:08C7H         LINE#         341
  C:08C7H         LINE#         342
  C:08CFH         LINE#         344
  C:08CFH         LINE#         347
  C:08D2H         LINE#         349
  C:08D2H         LINE#         351
  C:08F4H         LINE#         352
  C:08F4H         LINE#         353
  C:0970H         LINE#         355
  C:099DH         LINE#         356
  C:09B8H         LINE#         357
  C:09E5H         LINE#         358
  C:0A00H         LINE#         360
  C:0A9CH         LINE#         363
  C:0A9CH         LINE#         364
  C:0A9CH         LINE#         365
  C:0A9CH         LINE#         367
  C:0A9CH         LINE#         370
  C:0AB8H         LINE#         371
  C:0ABCH         LINE#         373
  C:0ABEH         LINE#         376
  C:0AC9H         LINE#         377
  C:0AC9H         LINE#         378
  C:0ACCH         LINE#         379
BL51 BANKED LINKER/LOCATER V6.22                                                      02/27/2019  16:41:46  PAGE 13


  C:0AD3H         LINE#         380
  C:0AD8H         LINE#         381
  C:0ADDH         LINE#         382
  C:0AE2H         LINE#         383
  C:0AE7H         LINE#         384
  C:0AECH         LINE#         385
  C:0AF1H         LINE#         386
  C:0AF6H         LINE#         387
  C:0AFBH         LINE#         388
  C:0B00H         LINE#         389
  C:0B05H         LINE#         390
  C:0B0AH         LINE#         391
  C:0B0FH         LINE#         394
  C:0B12H         LINE#         396
  C:0B15H         LINE#         397
  C:0B1CH         LINE#         398
  C:0B26H         LINE#         399
  C:0B2BH         LINE#         401
  C:0B2EH         LINE#         402
  C:0B33H         LINE#         403
  C:0B38H         LINE#         404
  C:0B3DH         LINE#         405
  C:0B42H         LINE#         406
  C:0B47H         LINE#         407
  C:0B4CH         LINE#         408
  C:0B51H         LINE#         410
  C:0B51H         LINE#         411
  -------         ENDPROC       MAIN
  -------         PROC          _DISPLAY_PROX
  D:0002H         SYMBOL        dat
  -------         DO            
  X:0639H         SYMBOL        unit
  X:063AH         SYMBOL        ten
  X:063BH         SYMBOL        hundred
  X:063CH         SYMBOL        thousand
  -------         ENDDO         
  C:4766H         LINE#         495
  C:476AH         LINE#         496
  C:476AH         LINE#         498
  C:4776H         LINE#         499
  C:4786H         LINE#         500
  C:47A2H         LINE#         501
  C:47D2H         LINE#         502
  C:47DCH         LINE#         503
  C:47E6H         LINE#         504
  C:47F0H         LINE#         505
  C:47FAH         LINE#         507
  -------         ENDPROC       _DISPLAY_PROX
  -------         PROC          _DISPLAY_POS
  X:046CH         SYMBOL        sign_dat
  -------         DO            
  X:0470H         SYMBOL        unit
  X:0471H         SYMBOL        ten
  X:0472H         SYMBOL        hundred
  D:0003H         SYMBOL        thousand
  X:0473H         SYMBOL        after_dot
  X:0474H         SYMBOL        dat
BL51 BANKED LINKER/LOCATER V6.22                                                      02/27/2019  16:41:46  PAGE 14


  -------         ENDDO         
  C:3D34H         LINE#         510
  C:3D3AH         LINE#         511
  C:3D3AH         LINE#         515
  C:3D56H         LINE#         516
  C:3D70H         LINE#         517
  C:3D94H         LINE#         519
  C:3DDEH         LINE#         521
  C:3DF5H         LINE#         522
  C:3E02H         LINE#         523
  C:3E24H         LINE#         524
  C:3E59H         LINE#         525
  C:3E71H         LINE#         526
  C:3E71H         LINE#         528
  C:3E71H         LINE#         529
  C:3E71H         LINE#         530
  C:3E71H         LINE#         531
  C:3E71H         LINE#         532
  C:3E71H         LINE#         536
  C:3E73H         LINE#         538
  C:3E73H         LINE#         540
  C:3E78H         LINE#         541
  C:3E82H         LINE#         542
  C:3E8CH         LINE#         543
  C:3E96H         LINE#         544
  C:3E9BH         LINE#         545
  C:3EA5H         LINE#         549
  C:3EA5H         LINE#         551
  -------         ENDPROC       _DISPLAY_POS
  -------         ENDMOD        MAIN

  -------         MODULE        PCF85063BTL
  C:0000H         SYMBOL        _ICE_DUMMY_
  D:0096H         PUBLIC        P2M0
  D:0080H         PUBLIC        P0
  D:0095H         PUBLIC        P2M1
  D:0090H         PUBLIC        P1
  D:00A0H         PUBLIC        P2
  D:00B0H         PUBLIC        P3
  D:00C0H         PUBLIC        P4
  D:00C8H         PUBLIC        P5
  D:00E8H         PUBLIC        P6
  B:00A0H.1       PUBLIC        PCF85063BTL_SDI
  D:00F8H         PUBLIC        P7
  B:00A0H.2       PUBLIC        PCF85063BTL_SCK
  B:00A0H.1       PUBLIC        PCF85063BTL_SDO
  D:00A8H         PUBLIC        IE
  C:49F2H         PUBLIC        _Read_time
  C:4EF9H         PUBLIC        _PCF85063BTL_Delay
  D:00B8H         PUBLIC        IP
  D:00D8H         PUBLIC        CCON
  C:4887H         PUBLIC        _Day_Of_Year
  C:4DEFH         PUBLIC        SPI_ReceiveByte
  D:0098H         PUBLIC        SCON
  D:0088H         PUBLIC        TCON
  C:4F2CH         PUBLIC        _BCDtoDec
  B:00A0H.0       PUBLIC        PCF85063BTL_CS
BL51 BANKED LINKER/LOCATER V6.22                                                      02/27/2019  16:41:46  PAGE 15


  C:4F1BH         PUBLIC        _SPI_ReadTime
  C:4F7BH         PUBLIC        SPI_Init
  C:4E84H         PUBLIC        _SPI_WriteTime
  C:4DCFH         PUBLIC        _SPI_SendByte
  D:00D0H         PUBLIC        PSW
  C:4EF5H         SYMBOL        L?0047
  -------         PROC          L?0046
  -------         ENDPROC       L?0046
  C:4EF5H         SYMBOL        L?0047
  -------         PROC          _PCF85063BTL_DELAY
  D:0006H         SYMBOL        us
  C:4EF9H         LINE#         8
  C:4EF9H         LINE#         9
  C:4EF9H         LINE#         10
  C:4F03H         LINE#         11
  C:4F03H         LINE#         12
  C:4F04H         LINE#         13
  C:4F06H         LINE#         14
  -------         ENDPROC       _PCF85063BTL_DELAY
  -------         PROC          _SPI_SENDBYTE
  D:0005H         SYMBOL        dat
  -------         DO            
  D:0003H         SYMBOL        i
  -------         ENDDO         
  C:4DCFH         LINE#         17
  C:4DD1H         LINE#         18
  C:4DD1H         LINE#         20
  C:4DD3H         LINE#         21
  C:4DD3H         LINE#         22
  C:4DD5H         LINE#         23
  C:4DD9H         LINE#         24
  C:4DD9H         LINE#         25
  C:4DDBH         LINE#         26
  C:4DDDH         LINE#         28
  C:4DDDH         LINE#         29
  C:4DDFH         LINE#         30
  C:4DDFH         LINE#         31
  C:4DE2H         LINE#         32
  C:4DE2H         LINE#         33
  C:4DE5H         LINE#         34
  C:4DE9H         LINE#         35
  C:4DEEH         LINE#         36
  -------         ENDPROC       _SPI_SENDBYTE
  -------         PROC          SPI_RECEIVEBYTE
  -------         DO            
  D:0003H         SYMBOL        i
  D:0005H         SYMBOL        dat
  -------         ENDDO         
  C:4DEFH         LINE#         39
  C:4DEFH         LINE#         40
  C:4DEFH         LINE#         42
  C:4DF1H         LINE#         44
  C:4DF3H         LINE#         45
  C:4DF4H         LINE#         46
  C:4DF4H         LINE#         47
  C:4DF8H         LINE#         48
  C:4DFAH         LINE#         49
BL51 BANKED LINKER/LOCATER V6.22                                                      02/27/2019  16:41:46  PAGE 16


  C:4DFDH         LINE#         51
  C:4E00H         LINE#         52
  C:4E00H         LINE#         53
  C:4E04H         LINE#         54
  C:4E04H         LINE#         55
  C:4E04H         LINE#         56
  C:4E07H         LINE#         57
  C:4E0CH         LINE#         58
  C:4E0EH         LINE#         59
  -------         ENDPROC       SPI_RECEIVEBYTE
  -------         PROC          _SPI_READTIME
  D:0007H         SYMBOL        addr
  -------         DO            
  D:0006H         SYMBOL        dat
  -------         ENDDO         
  C:4F1BH         LINE#         61
  C:4F1BH         LINE#         62
  C:4F1BH         LINE#         64
  C:4F1DH         LINE#         65
  C:4F1FH         LINE#         66
  C:4F26H         LINE#         67
  C:4F29H         LINE#         68
  C:4F2BH         LINE#         69
  C:4F2BH         LINE#         70
  -------         ENDPROC       _SPI_READTIME
  -------         PROC          _SPI_WRITETIME
  D:0002H         SYMBOL        val
  D:0005H         SYMBOL        addr
  C:4E84H         LINE#         71
  C:4E86H         LINE#         72
  C:4E86H         LINE#         74
  C:4E88H         LINE#         75
  C:4E8FH         LINE#         76
  C:4E94H         LINE#         77
  C:4E99H         LINE#         78
  C:4E9BH         LINE#         79
  -------         ENDPROC       _SPI_WRITETIME
  -------         PROC          SPI_INIT
  C:4F7BH         LINE#         83
  C:4F7BH         LINE#         84
  C:4F7BH         LINE#         89
  C:4F7EH         LINE#         90
  C:4F81H         LINE#         91
  C:4F83H         LINE#         92
  C:4F85H         LINE#         93
  C:4F87H         LINE#         94
  -------         ENDPROC       SPI_INIT
  -------         PROC          _READ_TIME
  X:03BBH         SYMBOL        months
  X:03BEH         SYMBOL        days
  X:03C1H         SYMBOL        hours
  X:03C4H         SYMBOL        mins
  X:03C7H         SYMBOL        seconds
  C:49F2H         LINE#         96
  C:49FDH         LINE#         97
  C:49FDH         LINE#         99
  C:4A11H         LINE#         101
BL51 BANKED LINKER/LOCATER V6.22                                                      02/27/2019  16:41:46  PAGE 17


  C:4A25H         LINE#         103
  C:4A39H         LINE#         108
  C:4A4DH         LINE#         113
  -------         ENDPROC       _READ_TIME
  -------         PROC          _BCDTODEC
  D:0007H         SYMBOL        bcd
  -------         DO            
  D:0006H         SYMBOL        hi
  D:0007H         SYMBOL        lo
  -------         ENDDO         
  C:4F2CH         LINE#         119
  C:4F2CH         LINE#         120
  C:4F2CH         LINE#         122
  C:4F31H         LINE#         123
  C:4F35H         LINE#         124
  C:4F3CH         LINE#         125
  -------         ENDPROC       _BCDTODEC
  -------         PROC          _DAY_OF_YEAR
  D:0007H         SYMBOL        months_bcd
  D:0005H         SYMBOL        days_bcd
  -------         DO            
  D:0004H         SYMBOL        months
  D:0007H         SYMBOL        days
  -------         ENDDO         
  C:4887H         LINE#         126
  C:4887H         LINE#         127
  C:4887H         LINE#         130
  C:488CH         LINE#         132
  C:4891H         LINE#         134
  C:48CAH         LINE#         135
  C:48CAH         LINE#         136
  C:48CAH         LINE#         137
  C:48CDH         LINE#         138
  C:48CDH         LINE#         139
  C:48CDH         LINE#         140
  C:48D2H         LINE#         141
  C:48D2H         LINE#         142
  C:48D2H         LINE#         143
  C:48D7H         LINE#         144
  C:48D7H         LINE#         145
  C:48D7H         LINE#         146
  C:48DCH         LINE#         147
  C:48DCH         LINE#         148
  C:48DCH         LINE#         149
  C:48E1H         LINE#         150
  C:48E1H         LINE#         151
  C:48E1H         LINE#         152
  C:48E6H         LINE#         153
  C:48E6H         LINE#         154
  C:48E6H         LINE#         155
  C:48EBH         LINE#         156
  C:48EBH         LINE#         157
  C:48EBH         LINE#         158
  C:48F0H         LINE#         159
  C:48F0H         LINE#         160
  C:48F0H         LINE#         161
  C:48F8H         LINE#         162
BL51 BANKED LINKER/LOCATER V6.22                                                      02/27/2019  16:41:46  PAGE 18


  C:48F8H         LINE#         163
  C:48F8H         LINE#         164
  C:48FDH         LINE#         165
  C:48FDH         LINE#         166
  C:48FDH         LINE#         167
  C:4902H         LINE#         168
  C:4902H         LINE#         169
  C:4902H         LINE#         170
  C:490AH         LINE#         171
  C:490AH         LINE#         172
  C:490AH         LINE#         173
  -------         ENDPROC       _DAY_OF_YEAR
  -------         ENDMOD        PCF85063BTL

  -------         MODULE        UART1
  C:0000H         SYMBOL        _ICE_DUMMY_
  D:0080H         PUBLIC        P0
  D:0090H         PUBLIC        P1
  D:00A0H         PUBLIC        P2
  D:00B0H         PUBLIC        P3
  D:00C0H         PUBLIC        P4
  D:00C8H         PUBLIC        P5
  B:00A8H.7       PUBLIC        EA
  D:00E8H         PUBLIC        P6
  D:00F8H         PUBLIC        P7
  C:4CA7H         PUBLIC        _SendString
  D:00A8H         PUBLIC        IE
  B:00A8H.4       PUBLIC        ES
  D:00B8H         PUBLIC        IP
  C:4E9CH         PUBLIC        _ASCIItoBCD
  D:00D8H         PUBLIC        CCON
  C:4F3DH         PUBLIC        initUART1
  D:0098H         PUBLIC        SCON
  D:0088H         PUBLIC        TCON
  C:000AH         PUBLIC        _DectoBCD
  C:4FBFH         PUBLIC        _ASCII_Letter
  D:008EH         PUBLIC        AUXR
  C:4FBAH         PUBLIC        _unit
  C:0003H         PUBLIC        _ten
  D:00D6H         PUBLIC        T2H
  D:00D7H         PUBLIC        T2L
  D:00D0H         PUBLIC        PSW
  -------         PROC          INITUART1
  C:4F3DH         LINE#         21
  C:4F3DH         LINE#         22
  C:4F3DH         LINE#         23
  C:4F40H         LINE#         24
  C:4F43H         LINE#         25
  C:4F46H         LINE#         26
  C:4F49H         LINE#         27
  C:4F4BH         LINE#         28
  C:4F4DH         LINE#         30
  -------         ENDPROC       INITUART1
  -------         PROC          _SENDSTRING
  X:063DH         SYMBOL        s
  C:4CA7H         LINE#         35
  C:4CB2H         LINE#         36
BL51 BANKED LINKER/LOCATER V6.22                                                      02/27/2019  16:41:46  PAGE 19


  C:4CB2H         LINE#         37
  C:4CC2H         LINE#         38
  C:4CC2H         LINE#         39
  C:4CD7H         LINE#         40
  C:4CD9H         LINE#         41
  -------         ENDPROC       _SENDSTRING
  -------         PROC          _TEN
  D:0007H         SYMBOL        BCD
  C:0003H         LINE#         43
  C:0003H         LINE#         44
  C:0003H         LINE#         45
  C:0008H         LINE#         46
  -------         ENDPROC       _TEN
  -------         PROC          _UNIT
  D:0007H         SYMBOL        BCD
  C:4FBAH         LINE#         47
  C:4FBAH         LINE#         48
  C:4FBAH         LINE#         52
  C:4FBEH         LINE#         53
  -------         ENDPROC       _UNIT
  -------         PROC          _DECTOBCD
  D:0007H         SYMBOL        dec
  C:000AH         LINE#         54
  C:000AH         LINE#         55
  C:000AH         LINE#         57
  C:000AH         LINE#         58
  -------         ENDPROC       _DECTOBCD
  -------         PROC          _ASCII_LETTER
  D:0007H         SYMBOL        dat
  C:4FBFH         LINE#         60
  C:4FBFH         LINE#         61
  C:4FBFH         LINE#         63
  C:4FC3H         LINE#         64
  -------         ENDPROC       _ASCII_LETTER
  -------         PROC          _ASCIITOBCD
  D:0001H         SYMBOL        ascii
  -------         DO            
  D:0007H         SYMBOL        dec_val
  D:0006H         SYMBOL        ten
  D:0007H         SYMBOL        unit
  -------         ENDDO         
  C:4E9CH         LINE#         66
  C:4E9CH         LINE#         67
  C:4E9CH         LINE#         69
  C:4E9FH         LINE#         70
  C:4EA5H         LINE#         71
  C:4EACH         LINE#         72
  C:4EB2H         LINE#         74
  -------         ENDPROC       _ASCIITOBCD
  -------         ENDMOD        UART1

  -------         MODULE        LCD_DRIVER_SPLC780D
  C:0000H         SYMBOL        _ICE_DUMMY_
  D:0092H         PUBLIC        P1M0
  D:0091H         PUBLIC        P1M1
  D:0080H         PUBLIC        P0
  D:0090H         PUBLIC        P1
BL51 BANKED LINKER/LOCATER V6.22                                                      02/27/2019  16:41:46  PAGE 20


  D:00A0H         PUBLIC        P2
  D:00B0H         PUBLIC        P3
  D:00C0H         PUBLIC        P4
  D:00C8H         PUBLIC        P5
  D:00E8H         PUBLIC        P6
  D:00F8H         PUBLIC        P7
  C:490BH         PUBLIC        _WriteData
  D:00A8H         PUBLIC        IE
  D:00B8H         PUBLIC        IP
  D:00D8H         PUBLIC        CCON
  B:00B0H.4       PUBLIC        LCD_D4
  B:00B0H.5       PUBLIC        LCD_D5
  B:00B0H.6       PUBLIC        LCD_D6
  C:4E4CH         PUBLIC        _DisplayLCD
  B:00B0H.7       PUBLIC        LCD_D7
  D:0098H         PUBLIC        SCON
  D:0088H         PUBLIC        TCON
  C:4FAAH         PUBLIC        LCD_clear
  C:4BECH         PUBLIC        _Command
  C:4EC9H         PUBLIC        _Display_Line
  C:4ABBH         PUBLIC        LCD_Init
  C:4DB1H         PUBLIC        _Wait_ms
  B:00C0H.0       PUBLIC        LCD_RS
  B:00B0H.2       PUBLIC        LCD_RW
  C:4FA0H         PUBLIC        LCD_return_home
  B:00B0H.3       PUBLIC        LCD_E
  D:00D0H         PUBLIC        PSW
  -------         PROC          LCD_INIT
  C:4ABBH         LINE#         9
  C:4ABBH         LINE#         10
  C:4ABBH         LINE#         11
  C:4ABEH         LINE#         12
  C:4AC1H         LINE#         14
  C:4AC7H         LINE#         15
  C:4ACCH         LINE#         17
  C:4AD3H         LINE#         18
  C:4AD8H         LINE#         20
  C:4ADBH         LINE#         21
  C:4AE0H         LINE#         23
  C:4AE3H         LINE#         24
  C:4AE8H         LINE#         26
  C:4AEFH         LINE#         29
  C:4AF4H         LINE#         30
  C:4AF9H         LINE#         32
  C:4AFEH         LINE#         33
  C:4B03H         LINE#         35
  C:4B08H         LINE#         36
  C:4B0DH         LINE#         37
  -------         ENDPROC       LCD_INIT
  -------         PROC          _WRITEDATA
  X:0476H         SYMBOL        dat
  C:490BH         LINE#         40
  C:4910H         LINE#         41
  C:4910H         LINE#         46
  C:4912H         LINE#         47
  C:4914H         LINE#         49
  C:4922H         LINE#         50
BL51 BANKED LINKER/LOCATER V6.22                                                      02/27/2019  16:41:46  PAGE 21


  C:492EH         LINE#         51
  C:493AH         LINE#         52
  C:4944H         LINE#         53
  C:4946H         LINE#         54
  C:494DH         LINE#         55
  C:494FH         LINE#         57
  C:495FH         LINE#         58
  C:496AH         LINE#         59
  C:4974H         LINE#         60
  C:4978H         LINE#         62
  C:4978H         LINE#         63
  C:497BH         LINE#         64
  C:497DH         LINE#         65
  C:497FH         LINE#         67
  -------         ENDPROC       _WRITEDATA
  -------         PROC          _COMMAND
  D:0007H         SYMBOL        dat
  C:4BECH         LINE#         69
  C:4BECH         LINE#         70
  C:4BECH         LINE#         71
  C:4BEEH         LINE#         72
  C:4BF0H         LINE#         74
  C:4BFAH         LINE#         75
  C:4BFEH         LINE#         77
  C:4C00H         LINE#         78
  C:4C09H         LINE#         79
  C:4C0DH         LINE#         81
  C:4C0FH         LINE#         82
  C:4C16H         LINE#         83
  C:4C1AH         LINE#         85
  C:4C1CH         LINE#         86
  C:4C20H         LINE#         87
  C:4C24H         LINE#         89
  C:4C26H         LINE#         90
  C:4C26H         LINE#         91
  C:4C29H         LINE#         92
  C:4C2BH         LINE#         93
  -------         ENDPROC       _COMMAND
  C:4DADH         SYMBOL        L?0028
  -------         PROC          L?0027
  -------         ENDPROC       L?0027
  C:4DADH         SYMBOL        L?0028
  -------         PROC          _WAIT_MS
  D:0006H         SYMBOL        ms
  -------         DO            
  D:0004H         SYMBOL        De_Cnt
  -------         ENDDO         
  C:4DB1H         LINE#         95
  C:4DB1H         LINE#         96
  C:4DB1H         LINE#         98
  C:4DBBH         LINE#         99
  C:4DBBH         LINE#         100
  C:4DCEH         LINE#         101
  C:4DCEH         LINE#         102
  -------         ENDPROC       _WAIT_MS
  -------         PROC          _DISPLAYLCD
  D:0007H         SYMBOL        BCD
BL51 BANKED LINKER/LOCATER V6.22                                                      02/27/2019  16:41:46  PAGE 22


  -------         DO            
  D:0006H         SYMBOL        first_digit
  X:03BBH         SYMBOL        second_digit
  -------         ENDDO         
  C:4E4CH         LINE#         103
  C:4E4CH         LINE#         104
  C:4E4CH         LINE#         106
  C:4E53H         LINE#         107
  C:4E5CH         LINE#         109
  C:4E61H         LINE#         111
  -------         ENDPROC       _DISPLAYLCD
  -------         PROC          LCD_RETURN_HOME
  C:4FA0H         LINE#         115
  C:4FA0H         LINE#         116
  C:4FA0H         LINE#         117
  C:4FA5H         LINE#         118
  -------         ENDPROC       LCD_RETURN_HOME
  -------         PROC          LCD_CLEAR
  C:4FAAH         LINE#         121
  C:4FAAH         LINE#         122
  C:4FAAH         LINE#         123
  C:4FAFH         LINE#         124
  -------         ENDPROC       LCD_CLEAR
  -------         PROC          _DISPLAY_LINE
  D:0006H         SYMBOL        line
  C:4EC9H         LINE#         128
  C:4EC9H         LINE#         129
  C:4EC9H         LINE#         130
  C:4ECFH         LINE#         131
  C:4ECFH         LINE#         132
  C:4ED1H         LINE#         133
  C:4ED1H         LINE#         134
  C:4ED3H         LINE#         136
  C:4ED3H         LINE#         137
  C:4ED8H         LINE#         138
  C:4EDDH         LINE#         139
  C:4EDDH         LINE#         140
  -------         ENDPROC       _DISPLAY_LINE
  -------         ENDMOD        LCD_DRIVER_SPLC780D

  -------         MODULE        KEYPAD
  C:0000H         SYMBOL        _ICE_DUMMY_
  D:0093H         PUBLIC        P0M1
  D:0080H         PUBLIC        P0
  D:0090H         PUBLIC        P1
  D:00A0H         PUBLIC        P2
  D:00B0H         PUBLIC        P3
  D:00C0H         PUBLIC        P4
  D:00C8H         PUBLIC        P5
  B:0020H.0       PUBLIC        calib_mode
  D:00E8H         PUBLIC        P6
  D:00F8H         PUBLIC        P7
  D:00A8H         PUBLIC        IE
  C:3896H         PUBLIC        Key_Scan
  D:00B8H         PUBLIC        IP
  D:00D8H         PUBLIC        CCON
  C:4F88H         PUBLIC        KeyPad_IO_Init
BL51 BANKED LINKER/LOCATER V6.22                                                      02/27/2019  16:41:46  PAGE 23


  C:4E2EH         PUBLIC        _Delay_ms
  D:0098H         PUBLIC        SCON
  D:0088H         PUBLIC        TCON
  B:0020H.1       PUBLIC        small_move
  B:0020H.2       PUBLIC        move
  B:0020H.3       PUBLIC        direction
  B:0020H.4       PUBLIC        auto_move
  C:2F8DH         PUBLIC        Key_Process
  D:00D0H         PUBLIC        PSW
  D:0094H         PUBLIC        P0M0
  -------         PROC          _DELAY_MS
  D:0006H         SYMBOL        ms
  -------         DO            
  D:0004H         SYMBOL        De_Cnt
  -------         ENDDO         
  C:4E2EH         LINE#         19
  C:4E2EH         LINE#         20
  C:4E2EH         LINE#         22
  C:4E38H         LINE#         23
  C:4E38H         LINE#         24
  C:4E4BH         LINE#         25
  C:4E4BH         LINE#         26
  -------         ENDPROC       _DELAY_MS
  -------         PROC          KEY_SCAN
  -------         DO            
  X:03C1H         SYMBOL        KeyTemp1
  X:03C2H         SYMBOL        KeyTemp2
  X:03C3H         SYMBOL        KeyValue
  -------         ENDDO         
  C:3896H         LINE#         27
  C:3896H         LINE#         28
  C:3896H         LINE#         33
  C:3899H         LINE#         36
  C:389CH         LINE#         38
  C:38A4H         LINE#         39
  C:38ABH         LINE#         40
  C:38ABH         LINE#         42
  C:38B0H         LINE#         43
  C:38B7H         LINE#         44
  C:38B7H         LINE#         47
  C:38BAH         LINE#         48
  C:38BDH         LINE#         49
  C:38C2H         LINE#         50
  C:38C6H         LINE#         51
  C:38C6H         LINE#         52
  C:38CEH         LINE#         53
  C:38CEH         LINE#         54
  C:38D1H         LINE#         55
  C:38D9H         LINE#         56
  C:38DBH         LINE#         58
  C:38EFH         LINE#         59
  C:38EFH         LINE#         60
  C:38EFH         LINE#         61
  C:38EFH         LINE#         62
  C:38F5H         LINE#         64
  C:38F7H         LINE#         65
  C:38F7H         LINE#         66
BL51 BANKED LINKER/LOCATER V6.22                                                      02/27/2019  16:41:46  PAGE 24


  C:38F7H         LINE#         67
  C:38FDH         LINE#         69
  C:38FFH         LINE#         70
  C:38FFH         LINE#         71
  C:38FFH         LINE#         72
  C:3905H         LINE#         74
  C:3907H         LINE#         75
  C:3907H         LINE#         76
  C:3907H         LINE#         77
  C:390DH         LINE#         79
  C:390DH         LINE#         80
  C:390DH         LINE#         81
  C:390DH         LINE#         84
  C:3910H         LINE#         85
  C:3913H         LINE#         86
  C:391BH         LINE#         87
  C:391FH         LINE#         88
  C:391FH         LINE#         89
  C:3927H         LINE#         90
  C:3927H         LINE#         91
  C:392AH         LINE#         92
  C:3932H         LINE#         93
  C:3934H         LINE#         94
  C:3948H         LINE#         95
  C:3948H         LINE#         96
  C:3948H         LINE#         97
  C:3948H         LINE#         98
  C:394EH         LINE#         100
  C:3950H         LINE#         101
  C:3950H         LINE#         102
  C:3950H         LINE#         103
  C:3956H         LINE#         105
  C:3958H         LINE#         106
  C:3958H         LINE#         107
  C:3958H         LINE#         108
  C:395EH         LINE#         110
  C:3960H         LINE#         111
  C:3960H         LINE#         112
  C:3960H         LINE#         113
  C:3965H         LINE#         115
  C:3965H         LINE#         116
  C:3965H         LINE#         117
  C:3965H         LINE#         120
  C:3968H         LINE#         121
  C:396BH         LINE#         122
  C:3973H         LINE#         123
  C:3977H         LINE#         124
  C:3977H         LINE#         125
  C:397FH         LINE#         126
  C:397FH         LINE#         127
  C:3982H         LINE#         128
  C:398AH         LINE#         129
  C:398CH         LINE#         130
  C:39A0H         LINE#         131
  C:39A0H         LINE#         132
  C:39A0H         LINE#         133
  C:39A0H         LINE#         134
BL51 BANKED LINKER/LOCATER V6.22                                                      02/27/2019  16:41:46  PAGE 25


  C:39A6H         LINE#         136
  C:39A8H         LINE#         137
  C:39A8H         LINE#         138
  C:39A8H         LINE#         139
  C:39AEH         LINE#         141
  C:39B0H         LINE#         142
  C:39B0H         LINE#         143
  C:39B0H         LINE#         144
  C:39B6H         LINE#         146
  C:39B8H         LINE#         147
  C:39B8H         LINE#         148
  C:39B8H         LINE#         149
  C:39BEH         LINE#         151
  C:39BEH         LINE#         152
  C:39BEH         LINE#         153
  C:39BEH         LINE#         157
  C:39C1H         LINE#         158
  C:39C4H         LINE#         159
  C:39CCH         LINE#         160
  C:39D0H         LINE#         161
  C:39D0H         LINE#         162
  C:39D8H         LINE#         163
  C:39D8H         LINE#         164
  C:39DBH         LINE#         165
  C:39E3H         LINE#         166
  C:39E5H         LINE#         167
  C:39F9H         LINE#         168
  C:39F9H         LINE#         169
  C:39F9H         LINE#         170
  C:39F9H         LINE#         171
  C:39FFH         LINE#         173
  C:3A01H         LINE#         174
  C:3A01H         LINE#         175
  C:3A01H         LINE#         176
  C:3A07H         LINE#         178
  C:3A09H         LINE#         179
  C:3A09H         LINE#         180
  C:3A09H         LINE#         181
  C:3A0FH         LINE#         183
  C:3A11H         LINE#         184
  C:3A11H         LINE#         185
  C:3A11H         LINE#         186
  C:3A17H         LINE#         188
  C:3A17H         LINE#         189
  C:3A17H         LINE#         190
  C:3A17H         LINE#         192
  C:3A1DH         LINE#         193
  C:3A1DH         LINE#         195
  C:3A1DH         LINE#         196
  C:3A20H         LINE#         197
  C:3A20H         LINE#         198
  C:3A20H         LINE#         200
  C:3A20H         LINE#         201
  C:3A22H         LINE#         202
  C:3A22H         LINE#         203
  -------         ENDPROC       KEY_SCAN
  -------         PROC          KEY_PROCESS
BL51 BANKED LINKER/LOCATER V6.22                                                      02/27/2019  16:41:46  PAGE 26


  -------         DO            
  X:0623H         SYMBOL        KeyCount
  X:0625H         SYMBOL        KeyNum_Old
  X:0626H         SYMBOL        KeyNum
  X:0627H         SYMBOL        PressedKey
  X:03BBH         SYMBOL        d
  D:0004H         SYMBOL        hours
  D:0006H         SYMBOL        mins
  X:03BDH         SYMBOL        months
  X:03BFH         SYMBOL        days
  -------         ENDDO         
  C:2F8DH         LINE#         204
  C:2F8DH         LINE#         205
  C:2F8DH         LINE#         209
  C:2F95H         LINE#         210
  C:2F9DH         LINE#         212
  C:2FA0H         LINE#         213
  C:2FA0H         LINE#         214
  C:2FA3H         LINE#         216
  C:2FA3H         LINE#         217
  C:2FB0H         LINE#         218
  C:2FB0H         LINE#         219
  C:2FB3H         LINE#         220
  C:2FB6H         LINE#         222
  C:2FB9H         LINE#         224
  C:2FB9H         LINE#         225
  C:2FC4H         LINE#         226
  C:2FC4H         LINE#         227
  C:2FC7H         LINE#         229
  C:2FC7H         LINE#         230
  C:2FCEH         LINE#         231
  C:2FCEH         LINE#         232
  C:2FD1H         LINE#         234
  C:2FD1H         LINE#         235
  C:2FD9H         LINE#         236
  C:2FD9H         LINE#         237
  C:2FE3H         LINE#         238
  C:2FEBH         LINE#         240
  C:2FF4H         LINE#         242
  C:2FF4H         LINE#         251
  C:3009H         LINE#         252
  C:3009H         LINE#         253
  C:301BH         LINE#         254
  C:3029H         LINE#         255
  C:3038H         LINE#         256
  C:3038H         LINE#         258
  C:303EH         LINE#         262
  C:3054H         LINE#         263
  C:3065H         LINE#         264
  C:3080H         LINE#         265
  C:3080H         LINE#         266
  C:3090H         LINE#         267
  C:30A1H         LINE#         268
  C:30A1H         LINE#         272
  C:30BAH         LINE#         273
  C:30D1H         LINE#         274
  C:30F1H         LINE#         275
BL51 BANKED LINKER/LOCATER V6.22                                                      02/27/2019  16:41:46  PAGE 27


  C:30F1H         LINE#         276
  C:30FBH         LINE#         277
  C:30FBH         LINE#         278
  C:3104H         LINE#         279
  C:3104H         LINE#         280
  C:3118H         LINE#         281
  C:3118H         LINE#         282
  C:3118H         LINE#         283
  C:3118H         LINE#         284
  C:3118H         LINE#         285
  C:311AH         LINE#         287
  C:311AH         LINE#         288
  C:3126H         LINE#         289
  C:3126H         LINE#         290
  C:3137H         LINE#         291
  C:3137H         LINE#         292
  C:3137H         LINE#         293
  C:3137H         LINE#         294
  C:3137H         LINE#         296
  C:3139H         LINE#         298
  C:3139H         LINE#         299
  C:314AH         LINE#         300
  C:314AH         LINE#         301
  C:314AH         LINE#         302
  C:314AH         LINE#         303
  C:314AH         LINE#         305
  C:314AH         LINE#         307
  C:314AH         LINE#         308
  C:314CH         LINE#         310
  C:314CH         LINE#         311
  C:315FH         LINE#         312
  C:315FH         LINE#         313
  C:3170H         LINE#         314
  C:3170H         LINE#         315
  C:3170H         LINE#         316
  C:3170H         LINE#         317
  C:3170H         LINE#         318
  C:3172H         LINE#         320
  C:3172H         LINE#         321
  C:3183H         LINE#         322
  C:3183H         LINE#         323
  C:3194H         LINE#         324
  C:31A5H         LINE#         325
  C:31A5H         LINE#         326
  C:31A5H         LINE#         327
  C:31A5H         LINE#         328
  C:31A5H         LINE#         330
  C:31BFH         LINE#         331
  C:31BFH         LINE#         332
  C:31C4H         LINE#         333
  C:31C4H         LINE#         334
  C:31CAH         LINE#         335
  C:31CAH         LINE#         336
  C:31CDH         LINE#         337
  C:31D2H         LINE#         338
  C:31D7H         LINE#         339
  C:31DCH         LINE#         340
BL51 BANKED LINKER/LOCATER V6.22                                                      02/27/2019  16:41:46  PAGE 28


  C:31E1H         LINE#         341
  C:31E6H         LINE#         342
  C:31EBH         LINE#         343
  C:31F0H         LINE#         344
  C:31F0H         LINE#         345
  C:31F0H         LINE#         347
  C:3212H         LINE#         348
  C:3212H         LINE#         349
  C:321CH         LINE#         350
  C:321CH         LINE#         351
  C:3221H         LINE#         352
  C:322AH         LINE#         353
  C:3241H         LINE#         354
  C:3241H         LINE#         355
  C:3251H         LINE#         357
  C:3251H         LINE#         361
  -------         ENDPROC       KEY_PROCESS
  -------         PROC          KEYPAD_IO_INIT
  C:4F88H         LINE#         364
  C:4F88H         LINE#         365
  C:4F88H         LINE#         366
  C:4F8BH         LINE#         367
  C:4F8EH         LINE#         368
  C:4F91H         LINE#         369
  C:4F93H         LINE#         370
  -------         ENDPROC       KEYPAD_IO_INIT
  -------         ENDMOD        KEYPAD

  -------         MODULE        BIPOLARMOTOR
  C:0000H         SYMBOL        _ICE_DUMMY_
  D:0080H         PUBLIC        P0
  D:0090H         PUBLIC        P1
  X:0000H         PUBLIC        RX_pos_test
  D:00A0H         PUBLIC        P2
  D:00B0H         PUBLIC        P3
  D:00C0H         PUBLIC        P4
  D:00C8H         PUBLIC        P5
  D:00E8H         PUBLIC        P6
  D:00F8H         PUBLIC        P7
  X:00A0H         PUBLIC        low_date_azimuth_mapping
  D:00A8H         PUBLIC        IE
  C:42D8H         PUBLIC        linear_interpolate
  C:4D5CH         PUBLIC        _Move
  D:00B8H         PUBLIC        IP
  C:3545H         PUBLIC        _findDet3x3
  C:3252H         PUBLIC        _findDet4x4
  D:00D8H         PUBLIC        CCON
  X:00C8H         PUBLIC        previous_move_time
  D:0098H         PUBLIC        SCON
  D:0088H         PUBLIC        TCON
  C:4FC4H         PUBLIC        wait
  C:4C2CH         PUBLIC        _Step_move
  X:00C9H         PUBLIC        dat
  C:0B54H         PUBLIC        _Update_position
  C:4B14H         PUBLIC        vOneStepMove
  X:00CFH         PUBLIC        elevation_stamp
  X:010BH         PUBLIC        date_azimuth_mapping
BL51 BANKED LINKER/LOCATER V6.22                                                      02/27/2019  16:41:46  PAGE 29


  X:0133H         PUBLIC        RX_pos
  C:4E73H         PUBLIC        _BCDtoDec1
  X:038BH         PUBLIC        degree
  D:00D0H         PUBLIC        PSW
  -------         PROC          L?0062
  -------         ENDPROC       L?0062
  -------         PROC          _BCDTODEC1
  D:0007H         SYMBOL        bcd
  -------         DO            
  D:0006H         SYMBOL        hi
  D:0007H         SYMBOL        lo
  -------         ENDDO         
  C:4E73H         LINE#         28
  C:4E73H         LINE#         29
  C:4E73H         LINE#         31
  C:4E78H         LINE#         32
  C:4E7CH         LINE#         33
  C:4E83H         LINE#         34
  -------         ENDPROC       _BCDTODEC1
  -------         PROC          WAIT
  C:4FC4H         LINE#         36
  C:4FC4H         LINE#         38
  -------         ENDPROC       WAIT
  -------         PROC          VONESTEPMOVE
  B:0020H.7       SYMBOL        bDir
  C:4B14H         LINE#         40
  C:4B14H         LINE#         41
  C:4B14H         LINE#         43
  C:4B1AH         LINE#         44
  C:4B1AH         LINE#         45
  C:4B1DH         LINE#         46
  C:4B26H         LINE#         47
  C:4B2DH         LINE#         48
  C:4B32H         LINE#         49
  C:4B32H         LINE#         50
  C:4B32H         LINE#         52
  C:4B34H         LINE#         55
  C:4B34H         LINE#         56
  C:4B37H         LINE#         57
  C:4B40H         LINE#         58
  C:4B47H         LINE#         59
  C:4B4DH         LINE#         60
  C:4B56H         LINE#         61
  C:4B5DH         LINE#         62
  C:4B5DH         LINE#         66
  -------         ENDPROC       VONESTEPMOVE
  -------         PROC          _STEP_MOVE
  X:0482H         SYMBOL        step
  B:0020H.6       SYMBOL        dir
  -------         DO            
  X:0484H         SYMBOL        i
  -------         ENDDO         
  C:4C2CH         LINE#         68
  C:4C34H         LINE#         69
  C:4C34H         LINE#         71
  C:4C39H         LINE#         74
  C:4C54H         LINE#         75
BL51 BANKED LINKER/LOCATER V6.22                                                      02/27/2019  16:41:46  PAGE 30


  C:4C54H         LINE#         76
  C:4C5BH         LINE#         78
  C:4C6BH         LINE#         80
  -------         ENDPROC       _STEP_MOVE
  -------         PROC          _MOVE
  X:047EH         SYMBOL        distance
  B:0020H.5       SYMBOL        direction
  -------         DO            
  D:0006H         SYMBOL        step
  -------         ENDDO         
  C:4D5CH         LINE#         82
  C:4D62H         LINE#         83
  C:4D62H         LINE#         86
  C:4D7DH         LINE#         87
  -------         ENDPROC       _MOVE
  C:3526H         SYMBOL        L?0058
  C:353AH         SYMBOL        L?0059
  -------         PROC          L?0057
  -------         ENDPROC       L?0057
  C:3526H         SYMBOL        L?0058
  C:353AH         SYMBOL        L?0059
  -------         PROC          _FINDDET3X3
  X:05FFH         SYMBOL        a11
  X:0603H         SYMBOL        a12
  X:0607H         SYMBOL        a13
  X:060BH         SYMBOL        a21
  X:060FH         SYMBOL        a22
  X:0613H         SYMBOL        a23
  X:0617H         SYMBOL        a31
  X:061BH         SYMBOL        a32
  X:061FH         SYMBOL        a33
  C:3545H         LINE#         91
  C:354BH         LINE#         95
  C:354BH         LINE#         96
  C:36E2H         LINE#         98
  -------         ENDPROC       _FINDDET3X3
  -------         PROC          _FINDDET4X4
  X:05BFH         SYMBOL        a11
  X:05C3H         SYMBOL        a12
  X:05C7H         SYMBOL        a13
  X:05CBH         SYMBOL        a14
  X:05CFH         SYMBOL        a21
  X:05D3H         SYMBOL        a22
  X:05D7H         SYMBOL        a23
  X:05DBH         SYMBOL        a24
  X:05DFH         SYMBOL        a31
  X:05E3H         SYMBOL        a32
  X:05E7H         SYMBOL        a33
  X:05EBH         SYMBOL        a34
  X:05EFH         SYMBOL        a41
  X:05F3H         SYMBOL        a42
  X:05F7H         SYMBOL        a43
  X:05FBH         SYMBOL        a44
  C:3252H         LINE#         99
  C:3258H         LINE#         103
  C:3258H         LINE#         110
  C:3511H         LINE#         114
BL51 BANKED LINKER/LOCATER V6.22                                                      02/27/2019  16:41:46  PAGE 31


  -------         ENDPROC       _FINDDET4X4
  C:42C7H         SYMBOL        L?0061
  -------         PROC          L?0060
  -------         ENDPROC       L?0060
  C:42C7H         SYMBOL        L?0061
  -------         PROC          LINEAR_INTERPOLATE
  X:047EH         SYMBOL        p1
  X:0486H         SYMBOL        p2
  X:048EH         SYMBOL        x
  -------         DO            
  D:0004H         SYMBOL        fx
  -------         ENDDO         
  C:42D8H         LINE#         120
  C:42D8H         LINE#         121
  C:42D8H         LINE#         124
  C:4377H         LINE#         126
  C:4377H         LINE#         127
  -------         ENDPROC       LINEAR_INTERPOLATE
  -------         PROC          _UPDATE_POSITION
  D:0001H         SYMBOL        mnths
  D:0002H         SYMBOL        dys
  X:03E1H         SYMBOL        hurs
  X:03E2H         SYMBOL        mns
  X:03E3H         SYMBOL        sconds
  X:03E4H         SYMBOL        currnt_pos
  X:03E7H         SYMBOL        offset_calib
  -------         DO            
  X:03EBH         SYMBOL        date
  X:03EDH         SYMBOL        i
  X:03EFH         SYMBOL        yy
  X:03F1H         SYMBOL        desired_distance
  X:03F5H         SYMBOL        distance
  X:03F9H         SYMBOL        JP_pos
  X:03FDH         SYMBOL        pos_interpolate_azimuth
  X:0439H         SYMBOL        current_local_sun_time
  X:043DH         SYMBOL        azimuth
  X:0441H         SYMBOL        elevation
  X:0445H         SYMBOL        time_offset
  X:0449H         SYMBOL        UTC_time
  X:044DH         SYMBOL        declination
  X:0451H         SYMBOL        p1
  X:0459H         SYMBOL        p2
  X:0461H         SYMBOL        time
  X:0473H         SYMBOL        location
  X:047BH         SYMBOL        sunCoord
  -------         ENDDO         
  C:0B54H         LINE#         131
  C:0B5DH         LINE#         134
  C:0B5DH         LINE#         135
  C:0B68H         LINE#         137
  C:0B84H         LINE#         138
  C:0B8EH         LINE#         146
  C:0B98H         LINE#         147
  C:0BA2H         LINE#         148
  C:0BACH         LINE#         149
  C:0BB7H         LINE#         150
  C:0BC2H         LINE#         151
BL51 BANKED LINKER/LOCATER V6.22                                                      02/27/2019  16:41:46  PAGE 32


  C:0BDBH         LINE#         152
  C:0BECH         LINE#         153
  C:0BFBH         LINE#         156
  C:0C0FH         LINE#         160
  C:0C61H         LINE#         161
  C:0DC5H         LINE#         162
  C:0E15H         LINE#         164
  C:0F3DH         LINE#         166
  C:100CH         LINE#         173
  C:1053H         LINE#         174
  C:1053H         LINE#         176
  C:106DH         LINE#         177
  C:106DH         LINE#         178
  C:10DDH         LINE#         179
  C:10DDH         LINE#         180
  C:10E4H         LINE#         181
  C:10E4H         LINE#         182
  C:1111H         LINE#         183
  C:112CH         LINE#         185
  C:1173H         LINE#         186
  C:11A7H         LINE#         188
  C:11EDH         LINE#         189
  C:1210H         LINE#         191
  C:1210H         LINE#         193
  C:1286H         LINE#         194
  C:1286H         LINE#         195
  C:128DH         LINE#         196
  C:128DH         LINE#         197
  C:12BAH         LINE#         198
  C:12D5H         LINE#         200
  C:131CH         LINE#         201
  C:1350H         LINE#         203
  C:1396H         LINE#         204
  C:13B6H         LINE#         206
  C:13B6H         LINE#         207
  C:13C7H         LINE#         210
  C:13E1H         LINE#         211
  C:13E1H         LINE#         212
  C:1451H         LINE#         213
  C:1451H         LINE#         214
  C:147EH         LINE#         215
  C:1499H         LINE#         217
  C:14C6H         LINE#         218
  C:14E1H         LINE#         220
  C:1513H         LINE#         223
  C:1513H         LINE#         225
  C:1524H         LINE#         227
  C:1553H         LINE#         229
  C:1578H         LINE#         230
  C:15DDH         LINE#         231
  C:15DDH         LINE#         232
  C:15F7H         LINE#         233
  C:1609H         LINE#         234
  C:1621H         LINE#         235
  C:1637H         LINE#         237
  C:1653H         LINE#         238
  C:1653H         LINE#         239
BL51 BANKED LINKER/LOCATER V6.22                                                      02/27/2019  16:41:46  PAGE 33


  C:1653H         LINE#         242
  -------         ENDPROC       _UPDATE_POSITION
  -------         ENDMOD        BIPOLARMOTOR

  -------         MODULE        SUNPOS
  C:0000H         SYMBOL        _ICE_DUMMY_
  C:200AH         PUBLIC        sunpos
  -------         PROC          SUNPOS
  X:047EH         SYMBOL        udtTime
  X:0490H         SYMBOL        udtLocation
  X:0498H         SYMBOL        udtSunCoordinates
  -------         DO            
  X:049BH         SYMBOL        dElapsedJulianDays
  X:049FH         SYMBOL        dDecimalHours
  X:04A3H         SYMBOL        dEclipticLongitude
  X:04A7H         SYMBOL        dEclipticObliquity
  X:04ABH         SYMBOL        dRightAscension
  X:04AFH         SYMBOL        dDeclination
  X:04B3H         SYMBOL        dY
  X:04B7H         SYMBOL        dX
  -------         DO            
  X:04BBH         SYMBOL        dJulianDate
  X:04BFH         SYMBOL        liAux1
  X:04C3H         SYMBOL        liAux2
  X:04BBH         SYMBOL        dMeanLongitude
  X:04BFH         SYMBOL        dMeanAnomaly
  X:04C3H         SYMBOL        dOmega
  X:04BBH         SYMBOL        dSin_EclipticLongitude
  X:04BBH         SYMBOL        dGreenwichMeanSiderealTime
  X:04BFH         SYMBOL        dLocalMeanSiderealTime
  X:04C3H         SYMBOL        dLatitudeInRadians
  X:04C7H         SYMBOL        dHourAngle
  X:04CBH         SYMBOL        dCos_Latitude
  X:04CFH         SYMBOL        dSin_Latitude
  X:04D3H         SYMBOL        dCos_HourAngle
  X:04D7H         SYMBOL        dParallax
  -------         ENDDO         
  -------         DO            
  X:04BBH         SYMBOL        dMeanLongitude
  X:04BFH         SYMBOL        dMeanAnomaly
  X:04C3H         SYMBOL        dOmega
  X:04BBH         SYMBOL        dSin_EclipticLongitude
  X:04BBH         SYMBOL        dGreenwichMeanSiderealTime
  X:04BFH         SYMBOL        dLocalMeanSiderealTime
  X:04C3H         SYMBOL        dLatitudeInRadians
  X:04C7H         SYMBOL        dHourAngle
  X:04CBH         SYMBOL        dCos_Latitude
  X:04CFH         SYMBOL        dSin_Latitude
  X:04D3H         SYMBOL        dCos_HourAngle
  X:04D7H         SYMBOL        dParallax
  -------         ENDDO         
  -------         DO            
  X:04BBH         SYMBOL        dSin_EclipticLongitude
  X:04BBH         SYMBOL        dGreenwichMeanSiderealTime
  X:04BFH         SYMBOL        dLocalMeanSiderealTime
  X:04C3H         SYMBOL        dLatitudeInRadians
  X:04C7H         SYMBOL        dHourAngle
BL51 BANKED LINKER/LOCATER V6.22                                                      02/27/2019  16:41:46  PAGE 34


  X:04CBH         SYMBOL        dCos_Latitude
  X:04CFH         SYMBOL        dSin_Latitude
  X:04D3H         SYMBOL        dCos_HourAngle
  X:04D7H         SYMBOL        dParallax
  -------         ENDDO         
  -------         DO            
  X:04BBH         SYMBOL        dGreenwichMeanSiderealTime
  X:04BFH         SYMBOL        dLocalMeanSiderealTime
  X:04C3H         SYMBOL        dLatitudeInRadians
  X:04C7H         SYMBOL        dHourAngle
  X:04CBH         SYMBOL        dCos_Latitude
  X:04CFH         SYMBOL        dSin_Latitude
  X:04D3H         SYMBOL        dCos_HourAngle
  X:04D7H         SYMBOL        dParallax
  -------         ENDDO         
  -------         ENDDO         
  C:200AH         LINE#         6
  C:200AH         LINE#         7
  C:200AH         LINE#         9
  C:200AH         LINE#         27
  C:2054H         LINE#         30
  C:2075H         LINE#         31
  C:21BCH         LINE#         34
  C:2208H         LINE#         36
  C:2227H         LINE#         37
  C:2227H         LINE#         42
  C:2227H         LINE#         46
  C:2259H         LINE#         47
  C:2283H         LINE#         48
  C:22ADH         LINE#         49
  C:235AH         LINE#         52
  C:23BBH         LINE#         54
  C:23BBH         LINE#         59
  C:23BBH         LINE#         61
  C:23D2H         LINE#         62
  C:23FAH         LINE#         63
  C:2411H         LINE#         64
  C:243CH         LINE#         65
  C:2473H         LINE#         66
  C:249EH         LINE#         67
  C:249EH         LINE#         70
  C:249EH         LINE#         79
  C:24D9H         LINE#         82
  C:2513H         LINE#         84
  C:2538H         LINE#         85
  C:2557H         LINE#         86
[...]


  -------         PROC          _AT25SF041_READ
  D:0003H         SYMBOL        opcode
  X:062DH         SYMBOL        addr
  -------         DO            
  X:0631H         SYMBOL        dat
  X:0632H         SYMBOL        i
  -------         ENDDO         
  C:3FC8H         LINE#         159
  C:3FCAH         LINE#         160
  C:3FCAH         LINE#         161
  C:3FCFH         LINE#         163
  C:3FD1H         LINE#         164
  C:3FD7H         LINE#         168
  C:3FDCH         LINE#         169
  C:3FDCH         LINE#         170
  C:3FDEH         LINE#         171
  C:3FE1H         LINE#         172
  C:3FE5H         LINE#         173
  C:3FE5H         LINE#         174
  C:3FE7H         LINE#         175
  C:3FE9H         LINE#         177
  C:3FE9H         LINE#         178
  C:3FEBH         LINE#         180
  C:3FEBH         LINE#         181
  C:3FEBH         LINE#         182
  C:3FEBH         LINE#         183
  C:3FEEH         LINE#         184
  C:3FF2H         LINE#         187
  C:4011H         LINE#         189
  C:4018H         LINE#         190
  C:4018H         LINE#         191
  C:401AH         LINE#         192
  C:401DH         LINE#         193
  C:4039H         LINE#         194
  C:4039H         LINE#         195
  C:403BH         LINE#         196
  C:403DH         LINE#         198
  C:403DH         LINE#         199
  C:403FH         LINE#         201
  C:403FH         LINE#         202
  C:403FH         LINE#         203
  C:403FH         LINE#         204
  C:4042H         LINE#         205
  C:405BH         LINE#         207
  C:407AH         LINE#         210
  C:4081H         LINE#         212
  C:4083H         LINE#         213
  C:408AH         LINE#         215
  C:4091H         LINE#         216
  C:4091H         LINE#         217
  C:4098H         LINE#         218
  C:4098H         LINE#         219
  C:409BH         LINE#         220
  C:409DH         LINE#         221
  C:40A0H         LINE#         223
  C:40A3H         LINE#         224
  C:40A3H         LINE#         226
BL51 BANKED LINKER/LOCATER V6.22                                                      02/27/2019  16:41:46  PAGE 47


  C:40A7H         LINE#         227
  C:40A7H         LINE#         233
  C:40C6H         LINE#         236
  C:40C8H         LINE#         237
  C:40CBH         LINE#         238
  C:40D2H         LINE#         240
  C:40D7H         LINE#         242
  -------         ENDPROC       _AT25SF041_READ
  -------         PROC          UCREAD_STATUS_REGISTER_BYTE1
  -------         DO            
  D:0003H         SYMBOL        dat
  D:0001H         SYMBOL        opcode
  X:0474H         SYMBOL        count
  X:0475H         SYMBOL        i
  -------         ENDDO         
  C:458CH         LINE#         246
  C:458CH         LINE#         247
  C:458CH         LINE#         248
  C:4592H         LINE#         249
  C:4596H         LINE#         250
  C:4598H         LINE#         251
  C:459AH         LINE#         252
  C:45A0H         LINE#         256
  C:45A7H         LINE#         257
  C:45A7H         LINE#         258
  C:45A9H         LINE#         259
  C:45ACH         LINE#         260
  C:45B0H         LINE#         261
  C:45B0H         LINE#         262
  C:45B2H         LINE#         263
  C:45B4H         LINE#         265
  C:45B4H         LINE#         266
  C:45B6H         LINE#         268
  C:45B6H         LINE#         269
  C:45B6H         LINE#         270
  C:45B6H         LINE#         271
  C:45B9H         LINE#         272
  C:45BDH         LINE#         275
  C:45DCH         LINE#         279
  C:45E3H         LINE#         281
  C:45E5H         LINE#         282
  C:45ECH         LINE#         283
  C:45F3H         LINE#         284
  C:45F3H         LINE#         285
  C:45F7H         LINE#         286
  C:45F7H         LINE#         287
  C:45FAH         LINE#         288
  C:45FCH         LINE#         289
  C:45FFH         LINE#         291
  C:4602H         LINE#         292
  C:4602H         LINE#         294
  C:4606H         LINE#         295
  C:4606H         LINE#         297
  C:4625H         LINE#         301
  C:4627H         LINE#         302
  C:462AH         LINE#         303
  C:462CH         LINE#         304
BL51 BANKED LINKER/LOCATER V6.22                                                      02/27/2019  16:41:46  PAGE 48


  -------         ENDPROC       UCREAD_STATUS_REGISTER_BYTE1
  -------         PROC          SPI_NOR_WRITE_DATA
  X:03BBH         SYMBOL        dat
  X:03C6H         SYMBOL        addr
  C:3A23H         LINE#         306
  C:3A23H         LINE#         307
  C:3A23H         LINE#         309
  C:3A26H         LINE#         311
  C:3A40H         LINE#         312
  C:3A5EH         LINE#         314
  C:3A65H         LINE#         315
  C:3A68H         LINE#         317
  C:3A82H         LINE#         318
  C:3A82H         LINE#         319
  C:3A82H         LINE#         322
  C:3A85H         LINE#         324
  C:3A9FH         LINE#         325
  C:3A9FH         LINE#         326
  C:3A9FH         LINE#         328
  C:3AA2H         LINE#         330
  C:3ABCH         LINE#         331
  C:3ABCH         LINE#         332
  C:3ABCH         LINE#         334
  C:3ABFH         LINE#         336
  C:3AD9H         LINE#         337
  C:3AD9H         LINE#         338
  C:3AD9H         LINE#         340
  C:3ADCH         LINE#         342
  C:3AF6H         LINE#         343
  C:3AF6H         LINE#         344
  C:3AF6H         LINE#         346
  C:3AF9H         LINE#         348
  C:3B13H         LINE#         349
  C:3B13H         LINE#         350
  C:3B13H         LINE#         352
  C:3B16H         LINE#         354
  C:3B30H         LINE#         355
  C:3B30H         LINE#         356
  C:3B30H         LINE#         358
  C:3B33H         LINE#         360
  C:3B4DH         LINE#         361
  C:3B4DH         LINE#         362
  C:3B4DH         LINE#         364
  C:3B50H         LINE#         366
  C:3B6AH         LINE#         367
  C:3B6AH         LINE#         368
  C:3B6AH         LINE#         370
  C:3B6DH         LINE#         372
  C:3B87H         LINE#         373
  C:3B8EH         LINE#         374
  -------         ENDPROC       SPI_NOR_WRITE_DATA
  -------         ENDMOD        AT25SF041

  -------         MODULE        ?C_STARTUP
  C:47FBH         SEGMENT       ?C_C51STARTUP
  I:0022H         SEGMENT       ?STACK
  C:0000H         PUBLIC        ?C_STARTUP
BL51 BANKED LINKER/LOCATER V6.22                                                      02/27/2019  16:41:46  PAGE 49


  D:00E0H         SYMBOL        ACC
  D:00F0H         SYMBOL        B
  D:0083H         SYMBOL        DPH
  D:0082H         SYMBOL        DPL
  N:0000H         SYMBOL        IBPSTACK
  N:0100H         SYMBOL        IBPSTACKTOP
  N:0080H         SYMBOL        IDATALEN
  C:47FEH         SYMBOL        IDATALOOP
  N:0000H         SYMBOL        PBPSTACK
  N:0100H         SYMBOL        PBPSTACKTOP
  N:0000H         SYMBOL        PDATALEN
  N:0000H         SYMBOL        PDATASTART
  N:0000H         SYMBOL        PPAGE
  N:0000H         SYMBOL        PPAGEENABLE
  D:00A0H         SYMBOL        PPAGE_SFR
  D:0081H         SYMBOL        SP
  C:47FBH         SYMBOL        STARTUP1
  N:0000H         SYMBOL        XBPSTACK
  N:0000H         SYMBOL        XBPSTACKTOP
  N:0000H         SYMBOL        XDATALEN
  N:0000H         SYMBOL        XDATASTART
  C:0000H         LINE#         126
  C:47FBH         LINE#         133
  C:47FDH         LINE#         134
  C:47FEH         LINE#         135
  C:47FFH         LINE#         136
  C:4801H         LINE#         185
  C:4804H         LINE#         196
  -------         ENDMOD        ?C_STARTUP

  -------         MODULE        ?C?FPADD
  C:165BH         PUBLIC        ?C?FPADD
  C:1657H         PUBLIC        ?C?FPSUB
  -------         ENDMOD        ?C?FPADD

  -------         MODULE        ?C?FPMUL
  C:174CH         PUBLIC        ?C?FPMUL
  -------         ENDMOD        ?C?FPMUL

  -------         MODULE        ?C?FPDIV
  C:1855H         PUBLIC        ?C?FPDIV
  -------         ENDMOD        ?C?FPDIV

  -------         MODULE        ?C?FPCMP
  C:18F4H         PUBLIC        ?C?FPCMP
  C:18F2H         PUBLIC        ?C?FPCMP3
  -------         ENDMOD        ?C?FPCMP

  -------         MODULE        ?C?FPNEG
  C:196BH         PUBLIC        ?C?FPNEG
  -------         ENDMOD        ?C?FPNEG

  -------         MODULE        ?C?FCAST
  C:1986H         PUBLIC        ?C?FCASTC
  C:1981H         PUBLIC        ?C?FCASTI
  C:197CH         PUBLIC        ?C?FCASTL
  -------         ENDMOD        ?C?FCAST
BL51 BANKED LINKER/LOCATER V6.22                                                      02/27/2019  16:41:46  PAGE 50



  -------         MODULE        ?C?CASTF
  C:19BAH         PUBLIC        ?C?CASTF
  -------         ENDMOD        ?C?CASTF

  -------         MODULE        ATAN2
  X:04DBH         PUBLIC        ?_atan2?BYTE
  C:462DH         PUBLIC        _atan2
  -------         ENDMOD        ATAN2

  -------         MODULE        SIN
  C:3BF4H         PUBLIC        _COS
  C:3C0AH         PUBLIC        _SIN
  C:3C46H         PUBLIC        _TAN
  -------         ENDMOD        SIN

  -------         MODULE        ACOS
  C:4B5EH         PUBLIC        _ACOS
  -------         ENDMOD        ACOS

  -------         MODULE        ASIN
  C:4C6CH         PUBLIC        _ASIN
  -------         ENDMOD        ASIN

  -------         MODULE        SQRT
  C:44E4H         PUBLIC        _SQRT
  -------         ENDMOD        SQRT

  -------         MODULE        ATAN
  C:3EC6H         PUBLIC        _ATAN
  -------         ENDMOD        ATAN

  -------         MODULE        ?C?COPY
  C:1B58H         PUBLIC        ?C?COPY
  -------         ENDMOD        ?C?COPY

  -------         MODULE        ?C?CLDPTR
  C:1B7EH         PUBLIC        ?C?CLDPTR
  -------         ENDMOD        ?C?CLDPTR

  -------         MODULE        ?C?CLDOPTR
  C:1B97H         PUBLIC        ?C?CLDOPTR
  -------         ENDMOD        ?C?CLDOPTR

  -------         MODULE        ?C?CSTPTR
  C:1BC4H         PUBLIC        ?C?CSTPTR
  -------         ENDMOD        ?C?CSTPTR

  -------         MODULE        ?C?IMUL
  C:1BD6H         PUBLIC        ?C?IMUL
  -------         ENDMOD        ?C?IMUL

  -------         MODULE        ?C?UIDIV
  C:1BE8H         PUBLIC        ?C?UIDIV
  -------         ENDMOD        ?C?UIDIV

  -------         MODULE        ?C?SIDIV
BL51 BANKED LINKER/LOCATER V6.22                                                      02/27/2019  16:41:46  PAGE 51


  C:1C3DH         PUBLIC        ?C?SIDIV
  -------         ENDMOD        ?C?SIDIV

  -------         MODULE        ?C?ILDIX
  C:1C73H         PUBLIC        ?C?ILDIX
  -------         ENDMOD        ?C?ILDIX

  -------         MODULE        ?C?ILDOPTR
  C:1C89H         PUBLIC        ?C?ILDOPTR
  -------         ENDMOD        ?C?ILDOPTR

  -------         MODULE        ?C?ISTPTR
  C:1CC1H         PUBLIC        ?C?ISTPTR
  -------         ENDMOD        ?C?ISTPTR

  -------         MODULE        ?C?LMUL
  C:1CE0H         PUBLIC        ?C?LMUL
  -------         ENDMOD        ?C?LMUL

  -------         MODULE        ?C?SLDIV
  C:4BA8H         PUBLIC        ?C?SLDIV
  -------         ENDMOD        ?C?SLDIV

  -------         MODULE        ?C?LNEG
  C:1D2FH         PUBLIC        ?C?LNEG
  -------         ENDMOD        ?C?LNEG

  -------         MODULE        ?C?ULCMP
  C:1D3DH         PUBLIC        ?C?ULCMP
  -------         ENDMOD        ?C?ULCMP

  -------         MODULE        ?C?LSHL
  C:1D4EH         PUBLIC        ?C?LSHL
  -------         ENDMOD        ?C?LSHL

  -------         MODULE        ?C?LLDPTR
  C:1D61H         PUBLIC        ?C?LLDPTR
  -------         ENDMOD        ?C?LLDPTR

  -------         MODULE        ?C?LLDOPTR
  C:1D81H         PUBLIC        ?C?LLDOPTR
  -------         ENDMOD        ?C?LLDOPTR

  -------         MODULE        ?C?LSTPTR
  C:1DB1H         PUBLIC        ?C?LSTPTR
  -------         ENDMOD        ?C?LSTPTR

  -------         MODULE        ?C?LSTOPTR
  C:1DCBH         PUBLIC        ?C?LSTOPTR
  -------         ENDMOD        ?C?LSTOPTR

  -------         MODULE        ?C?LLDXDATA
  C:1DEFH         PUBLIC        ?C?LLDXDATA
  -------         ENDMOD        ?C?LLDXDATA

  -------         MODULE        ?C?LLDCODE
  C:1DFBH         PUBLIC        ?C?LLDCODE
BL51 BANKED LINKER/LOCATER V6.22                                                      02/27/2019  16:41:46  PAGE 52


  -------         ENDMOD        ?C?LLDCODE

  -------         MODULE        ?C?LLDXDATA0
  C:1E0BH         PUBLIC        ?C?LLDXDATA0
  -------         ENDMOD        ?C?LLDXDATA0

  -------         MODULE        ?C?LLDCODE0
  C:1E17H         PUBLIC        ?C?LLDCODE0
  -------         ENDMOD        ?C?LLDCODE0

  -------         MODULE        ?C?LLDPTR0
  C:1E27H         PUBLIC        ?C?LLDPTR0
  -------         ENDMOD        ?C?LLDPTR0

  -------         MODULE        ?C?LSTXDATA
  C:1E47H         PUBLIC        ?C?LSTXDATA
  -------         ENDMOD        ?C?LSTXDATA

  -------         MODULE        ?C?LSTKXDATA
  C:1E53H         PUBLIC        ?C?LSTKXDATA
  -------         ENDMOD        ?C?LSTKXDATA

  -------         MODULE        ?C?LSTKPTR
  C:1E84H         PUBLIC        ?C?LSTKPTR
  -------         ENDMOD        ?C?LSTKPTR

  -------         MODULE        ?C?OFFXADD
  C:1E9EH         PUBLIC        ?C?OFFXADD
  -------         ENDMOD        ?C?OFFXADD

  -------         MODULE        ABS
  C:4F94H         PUBLIC        _ABS
  -------         ENDMOD        ABS

  -------         MODULE        ATOI
  C:41DAH         PUBLIC        _atoi
  -------         ENDMOD        ATOI

  -------         MODULE        ?C?IILDX
  C:1EAAH         PUBLIC        ?C?IILDX
  -------         ENDMOD        ?C?IILDX

  -------         MODULE        ?C?ULDIV
  C:1EFCH         PUBLIC        ?C?ULDIV
  -------         ENDMOD        ?C?ULDIV

  -------         MODULE        ?C?LLDIDATA
  C:1F8EH         PUBLIC        ?C?LLDIDATA
  -------         ENDMOD        ?C?LLDIDATA

  -------         MODULE        ?C?LLDPDATA
  C:1F9AH         PUBLIC        ?C?LLDPDATA
  -------         ENDMOD        ?C?LLDPDATA

  -------         MODULE        ?C?LLDIDATA0
  C:1FA6H         PUBLIC        ?C?LLDIDATA0
  -------         ENDMOD        ?C?LLDIDATA0
BL51 BANKED LINKER/LOCATER V6.22                                                      02/27/2019  16:41:46  PAGE 53



  -------         MODULE        ?C?LLDPDATA0
  C:1FB3H         PUBLIC        ?C?LLDPDATA0
  -------         ENDMOD        ?C?LLDPDATA0

  -------         MODULE        ?C?LSTIDATA
  C:1FC0H         PUBLIC        ?C?LSTIDATA
  -------         ENDMOD        ?C?LSTIDATA

  -------         MODULE        ?C?LSTPDATA
  C:1FCCH         PUBLIC        ?C?LSTPDATA
  -------         ENDMOD        ?C?LSTPDATA

  -------         MODULE        ?C?LSTKIDATA
  C:1FD8H         PUBLIC        ?C?LSTKIDATA
  -------         ENDMOD        ?C?LSTKIDATA

  -------         MODULE        ?C?LSTKPDATA
  C:1FF1H         PUBLIC        ?C?LSTKPDATA
  -------         ENDMOD        ?C?LSTKPDATA

  -------         MODULE        ISDIGIT
  C:4F6CH         PUBLIC        _isdigit
  -------         ENDMOD        ISDIGIT

  -------         MODULE        ISSPACE
  C:4F07H         PUBLIC        _isspace
  -------         ENDMOD        ISSPACE

*** WARNING L16: UNCALLED SEGMENT, IGNORED FOR OVERLAY PROCESS
    SEGMENT: ?PR?_DISPLAY_PROX?MAIN

*** WARNING L16: UNCALLED SEGMENT, IGNORED FOR OVERLAY PROCESS
    SEGMENT: ?PR?_DAY_OF_YEAR?PCF85063BTL

*** WARNING L16: UNCALLED SEGMENT, IGNORED FOR OVERLAY PROCESS
    SEGMENT: ?PR?INITUART1?UART1

*** WARNING L16: UNCALLED SEGMENT, IGNORED FOR OVERLAY PROCESS
    SEGMENT: ?PR?_SENDSTRING?UART1

*** WARNING L16: UNCALLED SEGMENT, IGNORED FOR OVERLAY PROCESS
    SEGMENT: ?PR?_TEN?UART1

*** WARNING L16: UNCALLED SEGMENT, IGNORED FOR OVERLAY PROCESS
    SEGMENT: ?PR?_UNIT?UART1

*** WARNING L16: UNCALLED SEGMENT, IGNORED FOR OVERLAY PROCESS
    SEGMENT: ?PR?_DECTOBCD?UART1

*** WARNING L16: UNCALLED SEGMENT, IGNORED FOR OVERLAY PROCESS
    SEGMENT: ?PR?_ASCII_LETTER?UART1

*** WARNING L16: UNCALLED SEGMENT, IGNORED FOR OVERLAY PROCESS
    SEGMENT: ?PR?_ASCIITOBCD?UART1

*** WARNING L16: UNCALLED SEGMENT, IGNORED FOR OVERLAY PROCESS
BL51 BANKED LINKER/LOCATER V6.22                                                      02/27/2019  16:41:46  PAGE 54


    SEGMENT: ?PR?WAIT?BIPOLARMOTOR

*** WARNING L16: UNCALLED SEGMENT, IGNORED FOR OVERLAY PROCESS
    SEGMENT: ?PR?_FINDDET4X4?BIPOLARMOTOR

*** WARNING L16: UNCALLED SEGMENT, IGNORED FOR OVERLAY PROCESS
    SEGMENT: ?PR?NOP?IOEXPANDER_PI4IOE5V96248

*** WARNING L16: UNCALLED SEGMENT, IGNORED FOR OVERLAY PROCESS
    SEGMENT: ?PR?UC_ACK?IOEXPANDER_PI4IOE5V96248

*** WARNING L16: UNCALLED SEGMENT, IGNORED FOR OVERLAY PROCESS
    SEGMENT: ?PR?UC_NACK?IOEXPANDER_PI4IOE5V96248

*** WARNING L16: UNCALLED SEGMENT, IGNORED FOR OVERLAY PROCESS
    SEGMENT: ?PR?_AT25SF041_READ?AT25SF041

*** WARNING L1: UNRESOLVED EXTERNAL SYMBOL
    SYMBOL:  AUTO_MODE
    MODULE:  .\Obj\main.obj (MAIN)

*** WARNING L1: UNRESOLVED EXTERNAL SYMBOL
    SYMBOL:  SPI_NOR_CLEARENABLE
    MODULE:  .\Obj\main.obj (MAIN)

*** WARNING L2: REFERENCE MADE TO UNRESOLVED EXTERNAL
    SYMBOL:  AUTO_MODE
    MODULE:  .\Obj\main.obj (MAIN)
    ADDRESS: 003BH

*** WARNING L2: REFERENCE MADE TO UNRESOLVED EXTERNAL
    SYMBOL:  SPI_NOR_CLEARENABLE
    MODULE:  .\Obj\main.obj (MAIN)
    ADDRESS: 0041H

*** WARNING L2: REFERENCE MADE TO UNRESOLVED EXTERNAL
    SYMBOL:  AUTO_MODE
    MODULE:  .\Obj\main.obj (MAIN)
    ADDRESS: 01B4H

*** WARNING L2: REFERENCE MADE TO UNRESOLVED EXTERNAL
    SYMBOL:  AUTO_MODE
    MODULE:  .\Obj\main.obj (MAIN)
    ADDRESS: 01C2H

*** WARNING L2: REFERENCE MADE TO UNRESOLVED EXTERNAL
    SYMBOL:  AUTO_MODE
    MODULE:  .\Obj\main.obj (MAIN)
    ADDRESS: 01D4H

*** WARNING L2: REFERENCE MADE TO UNRESOLVED EXTERNAL
    SYMBOL:  AUTO_MODE
    MODULE:  .\Obj\main.obj (MAIN)
    ADDRESS: 0216H

*** WARNING L2: REFERENCE MADE TO UNRESOLVED EXTERNAL
    SYMBOL:  AUTO_MODE
BL51 BANKED LINKER/LOCATER V6.22                                                      02/27/2019  16:41:46  PAGE 55


    MODULE:  .\Obj\main.obj (MAIN)
    ADDRESS: 02E9H

*** WARNING L2: REFERENCE MADE TO UNRESOLVED EXTERNAL
    SYMBOL:  SPI_NOR_CLEARENABLE
    MODULE:  .\Obj\main.obj (MAIN)
    ADDRESS: 0ABFH

*** WARNING L2: REFERENCE MADE TO UNRESOLVED EXTERNAL
    SYMBOL:  SPI_NOR_CLEARENABLE
    MODULE:  .\Obj\main.obj (MAIN)
    ADDRESS: 0B28H

*** WARNING L1: UNRESOLVED EXTERNAL SYMBOL
    SYMBOL:  _SENDUART1
    MODULE:  .\Obj\UART1.obj (UART1)

*** WARNING L2: REFERENCE MADE TO UNRESOLVED EXTERNAL
    SYMBOL:  _SENDUART1
    MODULE:  .\Obj\UART1.obj (UART1)
    ADDRESS: 4CD5H

*** WARNING L1: UNRESOLVED EXTERNAL SYMBOL
    SYMBOL:  AUTO_MODE
    MODULE:  .\Obj\KeyPad.obj (KEYPAD)

*** WARNING L1: UNRESOLVED EXTERNAL SYMBOL
    SYMBOL:  SPI_NOR_CLEARENABLE
    MODULE:  .\Obj\KeyPad.obj (KEYPAD)

*** WARNING L2: REFERENCE MADE TO UNRESOLVED EXTERNAL
    SYMBOL:  AUTO_MODE
    MODULE:  .\Obj\KeyPad.obj (KEYPAD)
    ADDRESS: 2FDAH

*** WARNING L2: REFERENCE MADE TO UNRESOLVED EXTERNAL
    SYMBOL:  AUTO_MODE
    MODULE:  .\Obj\KeyPad.obj (KEYPAD)
    ADDRESS: 2FE5H

*** WARNING L2: REFERENCE MADE TO UNRESOLVED EXTERNAL
    SYMBOL:  AUTO_MODE
    MODULE:  .\Obj\KeyPad.obj (KEYPAD)
    ADDRESS: 2FECH

*** WARNING L2: REFERENCE MADE TO UNRESOLVED EXTERNAL
    SYMBOL:  SPI_NOR_CLEARENABLE
    MODULE:  .\Obj\KeyPad.obj (KEYPAD)
    ADDRESS: 31C0H

*** WARNING L2: REFERENCE MADE TO UNRESOLVED EXTERNAL
    SYMBOL:  SPI_NOR_CLEARENABLE
    MODULE:  .\Obj\KeyPad.obj (KEYPAD)
    ADDRESS: 31C5H

Program Size: data=10.2 xdata=1602 code=20422
LINK/LOCATE RUN COMPLETE.  35 WARNING(S),  0 ERROR(S)
