BL51 BANKED LINKER/LOCATER V6.22                                                        02/21/2019  16:25:13  PAGE 1


BL51 BANKED LINKER/LOCATER V6.22, INVOKED BY:
C:\KEIL_V5\C51\BIN\BL51.EXE .\Obj\main.obj, .\Obj\PCF85063BTL.obj, .\Obj\UART1.obj, .\Obj\LCd_Driver_SPLC780D.obj, .\Obj
>> \KeyPad.obj, .\Obj\BipolarMotor.obj, .\Obj\SunPos.obj, .\Obj\ADC.obj, .\Obj\Calibration.obj, .\Obj\IOExpander_PI4IOE5
>> V96248.obj, .\Obj\AT25SF041.obj, .\Obj\STARTUP.obj TO .\Obj\GPIO_RTC_Test PRINT (.\Lis\GPIO_RTC_Test.m51) RAMSIZE (25
>> 6)


MEMORY MODEL: LARGE WITH FLOATING POINT ARITHMETIC


INPUT MODULES INCLUDED:
  .\Obj\main.obj (MAIN)
  .\Obj\PCF85063BTL.obj (PCF85063BTL)
  .\Obj\UART1.obj (UART1)
  .\Obj\LCd_Driver_SPLC780D.obj (LCD_DRIVER_SPLC780D)
  .\Obj\KeyPad.obj (KEYPAD)
  .\Obj\BipolarMotor.obj (BIPOLARMOTOR)
  .\Obj\SunPos.obj (SUNPOS)
  .\Obj\ADC.obj (ADC)
  .\Obj\Calibration.obj (CALIBRATION)
  .\Obj\IOExpander_PI4IOE5V96248.obj (IOEXPANDER_PI4IOE5V96248)
  .\Obj\AT25SF041.obj (AT25SF041)
  .\Obj\STARTUP.obj (?C_STARTUP)
  C:\KEIL_V5\C51\LIB\C51FPL.LIB (?C?FPADD)
  C:\KEIL_V5\C51\LIB\C51FPL.LIB (?C?FPMUL)
  C:\KEIL_V5\C51\LIB\C51FPL.LIB (?C?FPDIV)
  C:\KEIL_V5\C51\LIB\C51FPL.LIB (?C?FPCMP)
  C:\KEIL_V5\C51\LIB\C51FPL.LIB (?C?FPNEG)
  C:\KEIL_V5\C51\LIB\C51FPL.LIB (?C?FCAST)
  C:\KEIL_V5\C51\LIB\C51FPL.LIB (?C?CASTF)
  C:\KEIL_V5\C51\LIB\C51FPL.LIB (ATAN2)
  C:\KEIL_V5\C51\LIB\C51FPL.LIB (SIN)
  C:\KEIL_V5\C51\LIB\C51FPL.LIB (ACOS)
  C:\KEIL_V5\C51\LIB\C51FPL.LIB (ASIN)
  C:\KEIL_V5\C51\LIB\C51FPL.LIB (?C?FPGETOPN)
  C:\KEIL_V5\C51\LIB\C51FPL.LIB (?C?FPSERIES)
  C:\KEIL_V5\C51\LIB\C51FPL.LIB (SQRT)
  C:\KEIL_V5\C51\LIB\C51FPL.LIB (ATAN)
  C:\KEIL_V5\C51\LIB\C51L.LIB (?C_INIT)
  C:\KEIL_V5\C51\LIB\C51L.LIB (?C?COPY)
  C:\KEIL_V5\C51\LIB\C51L.LIB (?C?CLDPTR)
  C:\KEIL_V5\C51\LIB\C51L.LIB (?C?CLDOPTR)
  C:\KEIL_V5\C51\LIB\C51L.LIB (?C?CSTPTR)
  C:\KEIL_V5\C51\LIB\C51L.LIB (?C?IMUL)
  C:\KEIL_V5\C51\LIB\C51L.LIB (?C?UIDIV)
  C:\KEIL_V5\C51\LIB\C51L.LIB (?C?SIDIV)
  C:\KEIL_V5\C51\LIB\C51L.LIB (?C?ILDIX)
  C:\KEIL_V5\C51\LIB\C51L.LIB (?C?ILDOPTR)
  C:\KEIL_V5\C51\LIB\C51L.LIB (?C?ISTPTR)
  C:\KEIL_V5\C51\LIB\C51L.LIB (?C?LMUL)
  C:\KEIL_V5\C51\LIB\C51L.LIB (?C?SLDIV)
  C:\KEIL_V5\C51\LIB\C51L.LIB (?C?LNEG)
  C:\KEIL_V5\C51\LIB\C51L.LIB (?C?ULCMP)
  C:\KEIL_V5\C51\LIB\C51L.LIB (?C?LSHL)
  C:\KEIL_V5\C51\LIB\C51L.LIB (?C?LLDPTR)
  C:\KEIL_V5\C51\LIB\C51L.LIB (?C?LLDOPTR)
  C:\KEIL_V5\C51\LIB\C51L.LIB (?C?LSTPTR)
  C:\KEIL_V5\C51\LIB\C51L.LIB (?C?LSTOPTR)
BL51 BANKED LINKER/LOCATER V6.22                                                      02/21/2019  16:25:13  PAGE 2


  C:\KEIL_V5\C51\LIB\C51L.LIB (?C?LLDXDATA)
  C:\KEIL_V5\C51\LIB\C51L.LIB (?C?LLDCODE)
  C:\KEIL_V5\C51\LIB\C51L.LIB (?C?LLDXDATA0)
  C:\KEIL_V5\C51\LIB\C51L.LIB (?C?LLDCODE0)
  C:\KEIL_V5\C51\LIB\C51L.LIB (?C?LLDPTR0)
  C:\KEIL_V5\C51\LIB\C51L.LIB (?C?LSTXDATA)
  C:\KEIL_V5\C51\LIB\C51L.LIB (?C?LSTKXDATA)
  C:\KEIL_V5\C51\LIB\C51L.LIB (?C?LSTKPTR)
  C:\KEIL_V5\C51\LIB\C51L.LIB (?C?OFFXADD)
  C:\KEIL_V5\C51\LIB\C51L.LIB (ABS)
  C:\KEIL_V5\C51\LIB\C51L.LIB (ATOI)
  C:\KEIL_V5\C51\LIB\C51L.LIB (?C?IILDX)
  C:\KEIL_V5\C51\LIB\C51L.LIB (?C?ULDIV)
  C:\KEIL_V5\C51\LIB\C51L.LIB (?C?LLDIDATA)
  C:\KEIL_V5\C51\LIB\C51L.LIB (?C?LLDPDATA)
  C:\KEIL_V5\C51\LIB\C51L.LIB (?C?LLDIDATA0)
  C:\KEIL_V5\C51\LIB\C51L.LIB (?C?LLDPDATA0)
  C:\KEIL_V5\C51\LIB\C51L.LIB (?C?LSTIDATA)
  C:\KEIL_V5\C51\LIB\C51L.LIB (?C?LSTPDATA)
  C:\KEIL_V5\C51\LIB\C51L.LIB (?C?LSTKIDATA)
  C:\KEIL_V5\C51\LIB\C51L.LIB (?C?LSTKPDATA)
  C:\KEIL_V5\C51\LIB\C51L.LIB (ISDIGIT)
  C:\KEIL_V5\C51\LIB\C51L.LIB (ISSPACE)


LINK MAP OF MODULE:  .\Obj\GPIO_RTC_Test (MAIN)


            TYPE    BASE      LENGTH    RELOCATION   SEGMENT NAME
            -----------------------------------------------------

            * * * * * * *   D A T A   M E M O R Y   * * * * * * *
            REG     0000H     0008H     ABSOLUTE     "REG BANK 0"
                    0008H     0018H                  *** GAP ***
            BIT     0020H.0   0000H.5   UNIT         ?BI?KEYPAD
            BIT     0020H.5   0000H.3   UNIT         _BIT_GROUP_
            BIT     0021H.0   0000H.1   UNIT         ?BI?MAIN
            BIT     0021H.1   0000H.1   UNIT         ?BI?_ATOI?ATOI
                    0021H.2   0000H.6                *** GAP ***
            IDATA   0022H     0001H     UNIT         ?STACK

            * * * * * * *  X D A T A   M E M O R Y  * * * * * * *
            XDATA   0000H     038FH     UNIT         ?XD?BIPOLARMOTOR
            XDATA   038FH     0152H     UNIT         _XDATA_GROUP_
            XDATA   04E1H     00D4H     UNIT         ?XD?MAIN
            XDATA   05B5H     0040H     UNIT         ?XD?_FINDDET4X4?BIPOLARMOTOR
            XDATA   05F5H     0024H     UNIT         ?XD?_FINDDET3X3?BIPOLARMOTOR
            XDATA   0619H     0009H     UNIT         ?XD?KEYPAD
            XDATA   0622H     0008H     UNIT         ?XD?_AT25SF041_READ?AT25SF041
            XDATA   062AH     0005H     UNIT         ?XD?_ATOI?ATOI
            XDATA   062FH     0004H     UNIT         ?XD?_DISPLAY_PROX?MAIN
            XDATA   0633H     0003H     UNIT         ?XD?_SENDSTRING?UART1
            XDATA   0636H     0001H     UNIT         ?XD?UC_ACK?IOEXPANDER_PI4IOE5V96248
            XDATA   0637H     0001H     UNIT         ?XD?UC_NACK?IOEXPANDER_PI4IOE5V96248

            * * * * * * *   C O D E   M E M O R Y   * * * * * * *
            CODE    0000H     0003H     ABSOLUTE     
BL51 BANKED LINKER/LOCATER V6.22                                                      02/21/2019  16:25:13  PAGE 3


            CODE    0003H     0006H     UNIT         ?PR?_TEN?UART1
            CODE    0009H     0001H     UNIT         ?PR?TM0_ISR?MAIN
            CODE    000AH     0001H     UNIT         ?PR?_DECTOBCD?UART1
            CODE    000BH     0003H     ABSOLUTE     
            CODE    000EH     0B00H     UNIT         ?PR?_UPDATE_POSITION?BIPOLARMOTOR
            CODE    0B0EH     0AF6H     UNIT         ?PR?MAIN?MAIN
            CODE    1604H     09B6H     UNIT         ?C?LIB_CODE
            CODE    1FBAH     07A2H     UNIT         ?PR?SUNPOS?SUNPOS
            CODE    275CH     03F2H     UNIT         ?C_INITSEG
            CODE    2B4EH     0309H     UNIT         ?PR?_FIND_REAL_MAX?CALIBRATION
            CODE    2E57H     02C0H     UNIT         ?PR?_FINDDET4X4?BIPOLARMOTOR
            CODE    3117H     02A0H     UNIT         ?PR?KEY_PROCESS?KEYPAD
            CODE    33B7H     01D1H     UNIT         ?PR?_FINDDET3X3?BIPOLARMOTOR
            CODE    3588H     018DH     UNIT         ?PR?KEY_SCAN?KEYPAD
            CODE    3715H     0188H     UNIT         ?PR?SIN?SIN
            CODE    389DH     0172H     UNIT         ?PR?_DISPLAY_POS?MAIN
            CODE    3A0FH     013CH     UNIT         ?PR?_CALIBRATION?CALIBRATION
            CODE    3B4BH     0122H     UNIT         ?PR?ATAN?ATAN
            CODE    3C6DH     0106H     UNIT         ?PR?_AT25SF041_READ?AT25SF041
            CODE    3D73H     00FBH     UNIT         ?PR?_AT25SF041_WRITE?AT25SF041
            CODE    3E6EH     00DBH     UNIT         ?PR?_ATOI?ATOI
            CODE    3F49H     00C3H     UNIT         ?PR?LINEAR_INTERPOLATE?BIPOLARMOTOR
            CODE    400CH     00BBH     UNIT         ?PR?VOLTAGE_IS_STABLE?CALIBRATION
            CODE    40C7H     00B3H     UNIT         ?PR?SPI_NOR_WRITE_DATA?AT25SF041
            CODE    417AH     00ADH     UNIT         ?PR?_WRITE_PI4IOE5V96248?IOEXPANDER_PI4IOE5V96248
            CODE    4227H     00ACH     UNIT         ?PR?SQRT?SQRT
            CODE    42D3H     00A1H     UNIT         ?PR?READ_STATUS_REGISTER_BYTE1?AT25SF041
            CODE    4374H     009DH     UNIT         ?PR?_ATAN2?ATAN2
            CODE    4411H     009CH     UNIT         ?PR?_MAX_VALUE?CALIBRATION
            CODE    44ADH     0095H     UNIT         ?PR?_DISPLAY_PROX?MAIN
            CODE    4542H     008CH     UNIT         ?C_C51STARTUP
            CODE    45CEH     0084H     UNIT         ?PR?_DAY_OF_YEAR?PCF85063BTL
            CODE    4652H     0075H     UNIT         ?PR?_WRITEDATA?LCD_DRIVER_SPLC780D
            CODE    46C7H     006FH     UNIT         ?PR?_READ_TIME?PCF85063BTL
            CODE    4736H     005AH     UNIT         ?PR?AT25SF041_CHIPERASE?AT25SF041
            CODE    4790H     0059H     UNIT         ?PR?LCD_INIT?LCD_DRIVER_SPLC780D
            CODE    47E9H     0050H     UNIT         ?PR?AT25SF041_WRITEENABLE?AT25SF041
            CODE    4839H     004AH     UNIT         ?PR?VONESTEPMOVE?BIPOLARMOTOR
            CODE    4883H     004AH     UNIT         ?PR?ACOS?ACOS
            CODE    48CDH     0044H     UNIT         ?C?LDIV
            CODE    4911H     0040H     UNIT         ?PR?_COMMAND?LCD_DRIVER_SPLC780D
            CODE    4951H     0040H     UNIT         ?PR?_STEP_MOVE?BIPOLARMOTOR
            CODE    4991H     003BH     UNIT         ?PR?ASIN?ASIN
            CODE    49CCH     0033H     UNIT         ?PR?_SENDSTRING?UART1
            CODE    49FFH     002CH     UNIT         ?PR?_ADC_GETRESULT?ADC
            CODE    4A2BH     002BH     UNIT         ?PR?_WAIT_MS_I2C?IOEXPANDER_PI4IOE5V96248
            CODE    4A56H     002BH     UNIT         ?PR?_WAIT_MS_SPINOR?AT25SF041
            CODE    4A81H     0028H     UNIT         ?PR?_MOVE?BIPOLARMOTOR
            CODE    4AA9H     0027H     UNIT         ?PR?_I2C_SENDBYTE?IOEXPANDER_PI4IOE5V96248
            CODE    4AD0H     0024H     UNIT         ?PR?_WAIT_MS?LCD_DRIVER_SPLC780D
            CODE    4AF4H     0020H     UNIT         ?PR?_SPI_SENDBYTE?PCF85063BTL
            CODE    4B14H     0020H     UNIT         ?PR?SPI_RECEIVEBYTE?PCF85063BTL
            CODE    4B34H     001FH     UNIT         ?PR?ADC_INIT?ADC
            CODE    4B53H     001EH     UNIT         ?PR?_DELAY_MS?KEYPAD
            CODE    4B71H     001DH     UNIT         ?PR?_DISPLAYLCD?LCD_DRIVER_SPLC780D
            CODE    4B8EH     001BH     UNIT         ?PR?_BCDTODEC1?BIPOLARMOTOR
            CODE    4BA9H     0018H     UNIT         ?PR?_SPI_WRITETIME?PCF85063BTL
BL51 BANKED LINKER/LOCATER V6.22                                                      02/21/2019  16:25:13  PAGE 4


            CODE    4BC1H     0017H     UNIT         ?PR?_ASCIITOBCD?UART1
            CODE    4BD8H     0016H     UNIT         ?PR?I2C_ACK?IOEXPANDER_PI4IOE5V96248
            CODE    4BEEH     0015H     UNIT         ?PR?_DISPLAY_LINE?LCD_DRIVER_SPLC780D
            CODE    4C03H     0015H     UNIT         ?PR?I2C_STOP?IOEXPANDER_PI4IOE5V96248
            CODE    4C18H     0014H     UNIT         ?PR?_PCF85063BTL_DELAY?PCF85063BTL
            CODE    4C2CH     0014H     UNIT         ?PR?_ISSPACE?ISSPACE
            CODE    4C40H     0011H     UNIT         ?PR?_SPI_READTIME?PCF85063BTL
            CODE    4C51H     0011H     UNIT         ?PR?_BCDTODEC?PCF85063BTL
            CODE    4C62H     0011H     UNIT         ?PR?INITUART1?UART1
            CODE    4C73H     000FH     UNIT         ?PR?I2C_START?IOEXPANDER_PI4IOE5V96248
            CODE    4C82H     000FH     UNIT         ?PR?UC_NACK?IOEXPANDER_PI4IOE5V96248
            CODE    4C91H     000FH     UNIT         ?PR?_ISDIGIT?ISDIGIT
            CODE    4CA0H     000DH     UNIT         ?PR?SPI_INIT?PCF85063BTL
            CODE    4CADH     000CH     UNIT         ?PR?KEYPAD_IO_INIT?KEYPAD
            CODE    4CB9H     000CH     UNIT         ?PR?_ABS?ABS
            CODE    4CC5H     000AH     UNIT         ?PR?LCD_RETURN_HOME?LCD_DRIVER_SPLC780D
            CODE    4CCFH     000AH     UNIT         ?PR?LCD_CLEAR?LCD_DRIVER_SPLC780D
            CODE    4CD9H     0006H     UNIT         ?PR?UC_ACK?IOEXPANDER_PI4IOE5V96248
            CODE    4CDFH     0005H     UNIT         ?PR?_UNIT?UART1
            CODE    4CE4H     0005H     UNIT         ?PR?_ASCII_LETTER?UART1
            CODE    4CE9H     0001H     UNIT         ?PR?WAIT?BIPOLARMOTOR
            CODE    4CEAH     0001H     UNIT         ?PR?NOP?IOEXPANDER_PI4IOE5V96248



OVERLAY MAP OF MODULE:   .\Obj\GPIO_RTC_Test (MAIN)


SEGMENT                                             BIT_GROUP          XDATA_GROUP
  +--> CALLED SEGMENT                            START    LENGTH     START    LENGTH
------------------------------------------------------------------------------------
?C_C51STARTUP                                    -----    -----      -----    -----
  +--> ?PR?MAIN?MAIN
  +--> ?C_INITSEG

?PR?MAIN?MAIN                                    -----    -----      038FH    0031H
  +--> ?PR?LCD_INIT?LCD_DRIVER_SPLC780D
  +--> ?PR?SPI_INIT?PCF85063BTL
  +--> ?PR?KEYPAD_IO_INIT?KEYPAD
  +--> ?PR?ADC_INIT?ADC
  +--> ?PR?_SPI_WRITETIME?PCF85063BTL
  +--> ?PR?_DELAY_MS?KEYPAD
  +--> ?PR?_DISPLAY_LINE?LCD_DRIVER_SPLC780D
  +--> ?PR?_WRITEDATA?LCD_DRIVER_SPLC780D
  +--> ?PR?KEY_PROCESS?KEYPAD
  +--> ?PR?_COMMAND?LCD_DRIVER_SPLC780D
  +--> ?PR?_DISPLAY_POS?MAIN
  +--> ?PR?_DISPLAYLCD?LCD_DRIVER_SPLC780D
  +--> ?PR?_STEP_MOVE?BIPOLARMOTOR
  +--> ?PR?LCD_RETURN_HOME?LCD_DRIVER_SPLC780D
  +--> ?PR?_READ_TIME?PCF85063BTL
  +--> ?PR?_ADC_GETRESULT?ADC
  +--> ?PR?_BCDTODEC1?BIPOLARMOTOR
  +--> ?PR?_CALIBRATION?CALIBRATION
  +--> ?PR?AT25SF041_WRITEENABLE?AT25SF041
  +--> ?PR?AT25SF041_CHIPERASE?AT25SF041
  +--> ?PR?_WAIT_MS_SPINOR?AT25SF041
BL51 BANKED LINKER/LOCATER V6.22                                                      02/21/2019  16:25:13  PAGE 5


  +--> ?PR?_AT25SF041_WRITE?AT25SF041
  +--> ?PR?SPI_NOR_WRITE_DATA?AT25SF041
  +--> ?PR?LINEAR_INTERPOLATE?BIPOLARMOTOR
  +--> ?PR?_UPDATE_POSITION?BIPOLARMOTOR

?PR?LCD_INIT?LCD_DRIVER_SPLC780D                 -----    -----      -----    -----
  +--> ?PR?_WAIT_MS?LCD_DRIVER_SPLC780D
  +--> ?PR?_COMMAND?LCD_DRIVER_SPLC780D

?PR?_COMMAND?LCD_DRIVER_SPLC780D                 -----    -----      -----    -----
  +--> ?PR?_WAIT_MS?LCD_DRIVER_SPLC780D

?PR?ADC_INIT?ADC                                 -----    -----      -----    -----
  +--> ?PR?_WAIT_MS?LCD_DRIVER_SPLC780D

?PR?_SPI_WRITETIME?PCF85063BTL                   -----    -----      -----    -----
  +--> ?PR?_SPI_SENDBYTE?PCF85063BTL

?PR?_SPI_SENDBYTE?PCF85063BTL                    -----    -----      -----    -----
  +--> ?PR?_PCF85063BTL_DELAY?PCF85063BTL

?PR?_DISPLAY_LINE?LCD_DRIVER_SPLC780D            -----    -----      -----    -----
  +--> ?PR?_COMMAND?LCD_DRIVER_SPLC780D

?PR?_WRITEDATA?LCD_DRIVER_SPLC780D               -----    -----      046DH    0001H
  +--> ?PR?_WAIT_MS?LCD_DRIVER_SPLC780D

?PR?KEY_PROCESS?KEYPAD                           -----    -----      03C0H    0006H
  +--> ?PR?KEY_SCAN?KEYPAD
  +--> ?PR?_SPI_WRITETIME?PCF85063BTL
  +--> ?PR?LCD_CLEAR?LCD_DRIVER_SPLC780D
  +--> ?PR?_COMMAND?LCD_DRIVER_SPLC780D
  +--> ?PR?_WRITEDATA?LCD_DRIVER_SPLC780D

?PR?KEY_SCAN?KEYPAD                              -----    -----      03C6H    0003H

?PR?LCD_CLEAR?LCD_DRIVER_SPLC780D                -----    -----      -----    -----
  +--> ?PR?_COMMAND?LCD_DRIVER_SPLC780D

?PR?_DISPLAY_POS?MAIN                            -----    -----      0463H    000AH
  +--> ?PR?_ABS?ABS
  +--> ?PR?_WRITEDATA?LCD_DRIVER_SPLC780D

?PR?_DISPLAYLCD?LCD_DRIVER_SPLC780D              -----    -----      03C0H    0001H
  +--> ?PR?_WRITEDATA?LCD_DRIVER_SPLC780D

?PR?_STEP_MOVE?BIPOLARMOTOR                      0020H.6  0000H.1    047CH    0004H
  +--> ?PR?VONESTEPMOVE?BIPOLARMOTOR

?PR?VONESTEPMOVE?BIPOLARMOTOR                    0020H.7  0000H.1    -----    -----
  +--> ?PR?_WRITE_PI4IOE5V96248?IOEXPANDER_P...
  +--> ?PR?_DELAY_MS?KEYPAD

?PR?_WRITE_PI4IOE5V96248?IOEXPANDER_P...         -----    -----      0480H    0003H
  +--> ?PR?I2C_START?IOEXPANDER_PI4IOE5V96248
  +--> ?PR?_WAIT_MS_I2C?IOEXPANDER_PI4IOE5V9...
  +--> ?PR?_I2C_SENDBYTE?IOEXPANDER_PI4IOE5V...
BL51 BANKED LINKER/LOCATER V6.22                                                      02/21/2019  16:25:13  PAGE 6


  +--> ?PR?I2C_ACK?IOEXPANDER_PI4IOE5V96248
  +--> ?PR?I2C_STOP?IOEXPANDER_PI4IOE5V96248

?PR?I2C_START?IOEXPANDER_PI4IOE5V96248           -----    -----      -----    -----
  +--> ?PR?_WAIT_MS_I2C?IOEXPANDER_PI4IOE5V9...

?PR?_I2C_SENDBYTE?IOEXPANDER_PI4IOE5V...         -----    -----      -----    -----
  +--> ?PR?_WAIT_MS_I2C?IOEXPANDER_PI4IOE5V9...

?PR?I2C_ACK?IOEXPANDER_PI4IOE5V96248             -----    -----      0483H    0001H
  +--> ?PR?_WAIT_MS_I2C?IOEXPANDER_PI4IOE5V9...

?PR?I2C_STOP?IOEXPANDER_PI4IOE5V96248            -----    -----      -----    -----
  +--> ?PR?_WAIT_MS_I2C?IOEXPANDER_PI4IOE5V9...

?PR?LCD_RETURN_HOME?LCD_DRIVER_SPLC780D          -----    -----      -----    -----
  +--> ?PR?_COMMAND?LCD_DRIVER_SPLC780D

?PR?_READ_TIME?PCF85063BTL                       -----    -----      03C0H    000FH
  +--> ?PR?_SPI_READTIME?PCF85063BTL

?PR?_SPI_READTIME?PCF85063BTL                    -----    -----      -----    -----
  +--> ?PR?_SPI_SENDBYTE?PCF85063BTL
  +--> ?PR?SPI_RECEIVEBYTE?PCF85063BTL

?PR?SPI_RECEIVEBYTE?PCF85063BTL                  -----    -----      -----    -----
  +--> ?PR?_PCF85063BTL_DELAY?PCF85063BTL

?PR?_CALIBRATION?CALIBRATION                     -----    -----      03C0H    0019H
  +--> ?PR?VOLTAGE_IS_STABLE?CALIBRATION
  +--> ?PR?_UPDATE_POSITION?BIPOLARMOTOR
  +--> ?PR?_FIND_REAL_MAX?CALIBRATION

?PR?VOLTAGE_IS_STABLE?CALIBRATION                -----    -----      03D9H    0018H
  +--> ?PR?_ADC_GETRESULT?ADC
  +--> ?PR?_ABS?ABS

?PR?_UPDATE_POSITION?BIPOLARMOTOR                -----    -----      03D9H    009FH
  +--> ?PR?_BCDTODEC1?BIPOLARMOTOR
  +--> ?PR?SUNPOS?SUNPOS
  +--> ?PR?SIN?SIN
  +--> ?PR?ASIN?ASIN
  +--> ?PR?LINEAR_INTERPOLATE?BIPOLARMOTOR
  +--> ?PR?_ABS?ABS
  +--> ?PR?_MOVE?BIPOLARMOTOR

?PR?SUNPOS?SUNPOS                                -----    -----      0478H    005DH
  +--> ?PR?SIN?SIN
  +--> ?PR?_ATAN2?ATAN2
  +--> ?PR?ASIN?ASIN
  +--> ?PR?ACOS?ACOS

?PR?SIN?SIN                                      0020H.5  0000H.1    04D5H    0004H

?PR?_ATAN2?ATAN2                                 -----    -----      04D5H    0008H
  +--> ?PR?ATAN?ATAN

BL51 BANKED LINKER/LOCATER V6.22                                                      02/21/2019  16:25:13  PAGE 7


?PR?ATAN?ATAN                                    0020H.5  0000H.2    04DDH    0004H

?PR?ASIN?ASIN                                    -----    -----      -----    -----
  +--> ?PR?SQRT?SQRT
  +--> ?PR?ATAN?ATAN

?PR?SQRT?SQRT                                    -----    -----      04D5H    0004H

?PR?ACOS?ACOS                                    -----    -----      -----    -----
  +--> ?PR?SQRT?SQRT
  +--> ?PR?ATAN?ATAN

?PR?LINEAR_INTERPOLATE?BIPOLARMOTOR              -----    -----      0478H    0014H

?PR?_MOVE?BIPOLARMOTOR                           0020H.5  0000H.1    0478H    0004H
  +--> ?PR?_STEP_MOVE?BIPOLARMOTOR

?PR?_FIND_REAL_MAX?CALIBRATION                   -----    -----      03D9H    008AH
  +--> ?PR?_ADC_GETRESULT?ADC
  +--> ?PR?_MOVE?BIPOLARMOTOR
  +--> ?PR?_COMMAND?LCD_DRIVER_SPLC780D
  +--> ?PR?_WRITEDATA?LCD_DRIVER_SPLC780D
  +--> ?PR?_DISPLAY_POS?MAIN
  +--> ?PR?_WAIT_MS?LCD_DRIVER_SPLC780D
  +--> ?PR?_MAX_VALUE?CALIBRATION

?PR?_MAX_VALUE?CALIBRATION                       -----    -----      0463H    0004H

?PR?AT25SF041_WRITEENABLE?AT25SF041              -----    -----      03CFH    0002H
  +--> ?PR?_WAIT_MS_SPINOR?AT25SF041

?PR?AT25SF041_CHIPERASE?AT25SF041                -----    -----      03C0H    0002H
  +--> ?PR?_WAIT_MS_SPINOR?AT25SF041
  +--> ?PR?READ_STATUS_REGISTER_BYTE1?AT25SF041

?PR?READ_STATUS_REGISTER_BYTE1?AT25SF041         -----    -----      03C2H    0003H
  +--> ?PR?_WAIT_MS_SPINOR?AT25SF041

?PR?_AT25SF041_WRITE?AT25SF041                   -----    -----      03CFH    0008H
  +--> ?PR?_WAIT_MS_SPINOR?AT25SF041

?PR?SPI_NOR_WRITE_DATA?AT25SF041                 -----    -----      03C0H    000FH
  +--> ?PR?AT25SF041_WRITEENABLE?AT25SF041
  +--> ?PR?_AT25SF041_WRITE?AT25SF041
  +--> ?PR?_WAIT_MS_SPINOR?AT25SF041



UNRESOLVED EXTERNAL SYMBOLS:
   AUTO_MODE
   _SENDUART1



SYMBOL TABLE OF MODULE:  .\Obj\GPIO_RTC_Test (MAIN)

  VALUE           TYPE          NAME
BL51 BANKED LINKER/LOCATER V6.22                                                      02/21/2019  16:25:13  PAGE 8


  ----------------------------------

  -------         MODULE        MAIN
  C:0000H         SYMBOL        _ICE_DUMMY_
  X:04E9H         PUBLIC        calib_value
  D:0080H         PUBLIC        P0
  D:00B2H         PUBLIC        P3M0
  D:0090H         PUBLIC        P1
  D:00B1H         PUBLIC        P3M1
  D:00A0H         PUBLIC        P2
  D:00B0H         PUBLIC        P3
  D:00C0H         PUBLIC        P4
  D:00C8H         PUBLIC        P5
  X:053DH         SYMBOL        PressedKey
  B:00A8H.7       PUBLIC        EA
  D:00E8H         PUBLIC        P6
  X:0541H         PUBLIC        calib_stamp
  D:00F8H         PUBLIC        P7
  X:0542H         PUBLIC        RX_Data_Uart_Cnt
  D:00A8H         PUBLIC        IE
  X:0544H         PUBLIC        calib_time
  D:00B8H         PUBLIC        IP
  X:0598H         PUBLIC        months
  D:00D8H         PUBLIC        CCON
  C:0B0EH         PUBLIC        main
  X:0599H         PUBLIC        count
  X:059BH         PUBLIC        days
  X:059CH         PUBLIC        hours
  D:0098H         PUBLIC        SCON
  D:0089H         PUBLIC        TMOD
  D:0088H         PUBLIC        TCON
  B:00A0H.3       PUBLIC        P23
  X:059DH         SYMBOL        KeyCount
  X:059FH         PUBLIC        mins
  X:05A0H         PUBLIC        Rec_data_hour
  B:00C8H.5       PUBLIC        P55
  X:05A3H         PUBLIC        Rec_data_min
  D:008EH         PUBLIC        AUXR
  C:0009H         PUBLIC        tm0_isr
  B:0021H.0       PUBLIC        busy
  B:00A8H.1       PUBLIC        ET0
  D:008CH         PUBLIC        TH0
  X:05A6H         PUBLIC        hour_count
  D:008AH         PUBLIC        TL0
  X:05A7H         PUBLIC        min_count
  B:0088H.4       PUBLIC        TR0
  X:05A8H         SYMBOL        KeyNum
  X:05A9H         SYMBOL        KeyNum_Old
  X:05AAH         PUBLIC        current_position
  X:05AEH         PUBLIC        hours1
  X:05AFH         PUBLIC        hours2
  C:44ADH         PUBLIC        _Display_Prox
  X:05B0H         PUBLIC        mins1
  X:05B1H         PUBLIC        mins2
  C:389DH         PUBLIC        _Display_Pos
  X:05B2H         PUBLIC        seconds
  X:05B3H         PUBLIC        st_time
BL51 BANKED LINKER/LOCATER V6.22                                                      02/21/2019  16:25:13  PAGE 9


  D:00D0H         PUBLIC        PSW
  -------         PROC          TM0_ISR
  C:0009H         LINE#         85
  C:0009H         LINE#         87
  -------         ENDPROC       TM0_ISR
  -------         PROC          MAIN
  -------         DO            
  X:038FH         SYMBOL        sunlight_ADC
  X:04E1H         SYMBOL        KeyCount
  X:04E3H         SYMBOL        KeyNum_Old
  X:04E4H         SYMBOL        KeyNum
  X:04E5H         SYMBOL        PressedKey
  X:0391H         SYMBOL        prox_flag
  X:0392H         SYMBOL        iUse_prevday_calib_value
  X:0394H         SYMBOL        max_ADC_Val
  X:0396H         SYMBOL        max_ADC_Val_JP
  X:0398H         SYMBOL        calib_point1
  X:03A0H         SYMBOL        calib_point2
  X:03A8H         SYMBOL        dat_to_store
  X:03B4H         SYMBOL        calib_day
  X:03B6H         SYMBOL        calib_count
  X:03B8H         SYMBOL        theorical_JP_max_pos
  X:03BCH         SYMBOL        SPI_NOR_INTERNAL_FLASH_ADDR
  -------         ENDDO         
  C:0B0EH         LINE#         89
  C:0B0EH         LINE#         90
  C:0B0EH         LINE#         95
  C:0B14H         LINE#         96
  C:0B1DH         LINE#         100
  C:0B23H         LINE#         101
  C:0B2DH         LINE#         102
  C:0B37H         LINE#         106
  C:0B39H         LINE#         107
  C:0B3BH         LINE#         108
  C:0B3DH         LINE#         109
  C:0B3FH         LINE#         111
  C:0B46H         LINE#         120
  C:0B48H         LINE#         121
  C:0B4BH         LINE#         122
  C:0B4EH         LINE#         123
  C:0B51H         LINE#         124
  C:0B54H         LINE#         125
  C:0B57H         LINE#         128
  C:0B5AH         LINE#         130
  C:0B5DH         LINE#         131
  C:0B60H         LINE#         132
  C:0B63H         LINE#         133
  C:0B65H         LINE#         134
  C:0B67H         LINE#         135
  C:0B69H         LINE#         137
  C:0B6BH         LINE#         138
  C:0B72H         LINE#         139
  C:0B79H         LINE#         140
  C:0B80H         LINE#         141
  C:0B87H         LINE#         145
  C:0B8EH         LINE#         146
  C:0B93H         LINE#         147
BL51 BANKED LINKER/LOCATER V6.22                                                      02/21/2019  16:25:13  PAGE 10


  C:0B98H         LINE#         148
  C:0B9DH         LINE#         149
  C:0BA2H         LINE#         150
  C:0BA7H         LINE#         153
  C:0BC0H         LINE#         154
  C:0BC0H         LINE#         155
  C:0BDCH         LINE#         156
  C:0C23H         LINE#         157
  C:0C34H         LINE#         158
  C:0C34H         LINE#         159
  C:0C34H         LINE#         160
  C:0C37H         LINE#         163
  C:0C37H         LINE#         166
  C:0C3CH         LINE#         167
  C:0C41H         LINE#         169
  C:0C46H         LINE#         170
  C:0C4BH         LINE#         171
  C:0C50H         LINE#         172
  C:0C55H         LINE#         174
  C:0C66H         LINE#         175
  C:0C6BH         LINE#         176
  C:0C70H         LINE#         178
  C:0C77H         LINE#         179
  C:0C7FH         LINE#         180
  C:0C84H         LINE#         181
  C:0C8CH         LINE#         182
  C:0C91H         LINE#         183
  C:0C9BH         LINE#         184
  C:0CA0H         LINE#         185
  C:0CA8H         LINE#         187
  C:0CB0H         LINE#         188
  C:0CB5H         LINE#         189
  C:0CBFH         LINE#         190
  C:0CBFH         LINE#         191
  C:0CC1H         LINE#         192
  C:0CC3H         LINE#         193
  C:0CCDH         LINE#         194
  C:0CCDH         LINE#         195
  C:0CD2H         LINE#         196
  C:0CD2H         LINE#         208
  C:0CDFH         LINE#         209
  C:0CDFH         LINE#         210
  C:0CE9H         LINE#         211
  C:0D00H         LINE#         212
  C:0D00H         LINE#         213
  C:0D02H         LINE#         214
  C:0D04H         LINE#         216
  C:0D04H         LINE#         217
  C:0D0FH         LINE#         218
  C:0D0FH         LINE#         219
  C:0D14H         LINE#         220
  C:0D14H         LINE#         221
  C:0D21H         LINE#         222
  C:0D21H         LINE#         225
  C:0D2BH         LINE#         226
  C:0D42H         LINE#         227
  C:0D42H         LINE#         228
BL51 BANKED LINKER/LOCATER V6.22                                                      02/21/2019  16:25:13  PAGE 11


  C:0D44H         LINE#         229
  C:0D46H         LINE#         231
  C:0D46H         LINE#         232
  C:0D51H         LINE#         233
  C:0D51H         LINE#         234
  C:0D56H         LINE#         235
  C:0D58H         LINE#         236
  C:0D58H         LINE#         245
  C:0D7AH         LINE#         246
  C:0D7AH         LINE#         247
  C:0D84H         LINE#         248
  C:0D8AH         LINE#         249
  C:0D8CH         LINE#         250
  C:0D8EH         LINE#         251
  C:0D90H         LINE#         252
  C:0D90H         LINE#         253
  C:0D93H         LINE#         255
  C:0D93H         LINE#         256
  C:0D99H         LINE#         257
  C:0DA1H         LINE#         258
  C:0DA7H         LINE#         259
  C:0DAFH         LINE#         260
  C:0DEAH         LINE#         264
  C:0DF7H         LINE#         265
  C:0DF7H         LINE#         266
  C:0E04H         LINE#         267
  C:0E37H         LINE#         268
  C:0E44H         LINE#         269
  C:0E44H         LINE#         271
  C:0E73H         LINE#         272
  C:0E73H         LINE#         273
  C:0E95H         LINE#         274
  C:0E95H         LINE#         275
  C:0F11H         LINE#         276
  C:0F8FH         LINE#         280
  C:0F97H         LINE#         281
  C:0F9FH         LINE#         282
  C:0FA7H         LINE#         284
  C:0FAFH         LINE#         285
  C:0FB8H         LINE#         286
  C:0FCEH         LINE#         288
  C:0FFDH         LINE#         289
  C:100CH         LINE#         290
  C:1015H         LINE#         292
  C:102BH         LINE#         293
  C:105AH         LINE#         295
  C:105AH         LINE#         296
  C:105DH         LINE#         298
  C:1060H         LINE#         299
  C:1067H         LINE#         300
  C:1067H         LINE#         301
  C:106AH         LINE#         303
  C:1081H         LINE#         305
  C:1088H         LINE#         306
  C:108BH         LINE#         308
  C:10A2H         LINE#         309
  C:10A9H         LINE#         310
BL51 BANKED LINKER/LOCATER V6.22                                                      02/21/2019  16:25:13  PAGE 12


  C:10A9H         LINE#         311
  C:10ACH         LINE#         312
  C:10BDH         LINE#         313
  C:10BDH         LINE#         314
  C:10BDH         LINE#         316
  C:10BDH         LINE#         319
  C:10C0H         LINE#         321
  C:10C0H         LINE#         322
  C:10E2H         LINE#         323
  C:10E2H         LINE#         324
  C:115EH         LINE#         325
  C:11B3H         LINE#         326
  C:11B3H         LINE#         327
  C:11B3H         LINE#         328
  C:11B6H         LINE#         332
  C:11B6H         LINE#         335
  C:11EAH         LINE#         336
  C:11EAH         LINE#         337
  C:120CH         LINE#         338
  C:120CH         LINE#         339
  C:1288H         LINE#         340
  C:1306H         LINE#         344
  C:130EH         LINE#         345
  C:1316H         LINE#         346
  C:131EH         LINE#         348
  C:1326H         LINE#         349
  C:132FH         LINE#         350
  C:1345H         LINE#         352
  C:1374H         LINE#         353
  C:1383H         LINE#         354
  C:138CH         LINE#         356
  C:13A2H         LINE#         357
  C:13D1H         LINE#         358
  C:13F5H         LINE#         360
  C:13F8H         LINE#         361
  C:1409H         LINE#         362
  C:1409H         LINE#         363
  C:1411H         LINE#         365
  C:1411H         LINE#         368
  C:1414H         LINE#         370
  C:1414H         LINE#         372
  C:1436H         LINE#         373
  C:1436H         LINE#         374
  C:14B2H         LINE#         376
  C:14DFH         LINE#         377
  C:14FAH         LINE#         378
  C:1527H         LINE#         379
  C:1542H         LINE#         381
  C:15DEH         LINE#         384
  C:15DEH         LINE#         385
  C:15DEH         LINE#         386
  C:15DEH         LINE#         388
  C:15DEH         LINE#         391
  C:15FAH         LINE#         392
  C:15FFH         LINE#         394
  C:1601H         LINE#         395
  -------         ENDPROC       MAIN
BL51 BANKED LINKER/LOCATER V6.22                                                      02/21/2019  16:25:13  PAGE 13


  -------         PROC          _DISPLAY_PROX
  D:0002H         SYMBOL        dat
  -------         DO            
  X:062FH         SYMBOL        unit
  X:0630H         SYMBOL        ten
  X:0631H         SYMBOL        hundred
  X:0632H         SYMBOL        thousand
  -------         ENDDO         
  C:44ADH         LINE#         479
  C:44B1H         LINE#         480
  C:44B1H         LINE#         482
  C:44BDH         LINE#         483
  C:44CDH         LINE#         484
  C:44E9H         LINE#         485
  C:4519H         LINE#         486
  C:4523H         LINE#         487
  C:452DH         LINE#         488
  C:4537H         LINE#         489
  C:4541H         LINE#         491
  -------         ENDPROC       _DISPLAY_PROX
  -------         PROC          _DISPLAY_POS
  X:0463H         SYMBOL        sign_dat
  -------         DO            
  X:0467H         SYMBOL        unit
  X:0468H         SYMBOL        ten
  X:0469H         SYMBOL        hundred
  D:0003H         SYMBOL        thousand
  X:046AH         SYMBOL        after_dot
  X:046BH         SYMBOL        dat
  -------         ENDDO         
  C:389DH         LINE#         494
  C:38A3H         LINE#         495
  C:38A3H         LINE#         499
  C:38BFH         LINE#         500
  C:38D9H         LINE#         501
  C:38FDH         LINE#         503
  C:3947H         LINE#         505
  C:395EH         LINE#         506
  C:396BH         LINE#         507
  C:398DH         LINE#         508
  C:39C2H         LINE#         509
  C:39DAH         LINE#         510
  C:39DAH         LINE#         512
  C:39DAH         LINE#         513
  C:39DAH         LINE#         514
  C:39DAH         LINE#         515
  C:39DAH         LINE#         516
  C:39DAH         LINE#         520
  C:39DCH         LINE#         522
  C:39DCH         LINE#         524
  C:39E1H         LINE#         525
  C:39EBH         LINE#         526
  C:39F5H         LINE#         527
  C:39FFH         LINE#         528
  C:3A04H         LINE#         529
  C:3A0EH         LINE#         533
  C:3A0EH         LINE#         535
BL51 BANKED LINKER/LOCATER V6.22                                                      02/21/2019  16:25:13  PAGE 14


  -------         ENDPROC       _DISPLAY_POS
  -------         ENDMOD        MAIN

  -------         MODULE        PCF85063BTL
  C:0000H         SYMBOL        _ICE_DUMMY_
  D:0096H         PUBLIC        P2M0
  D:0080H         PUBLIC        P0
  D:0095H         PUBLIC        P2M1
  D:0090H         PUBLIC        P1
  D:00A0H         PUBLIC        P2
  D:00B0H         PUBLIC        P3
  D:00C0H         PUBLIC        P4
  D:00C8H         PUBLIC        P5
  D:00E8H         PUBLIC        P6
  B:00A0H.1       PUBLIC        PCF85063BTL_SDI
  D:00F8H         PUBLIC        P7
  B:00A0H.2       PUBLIC        PCF85063BTL_SCK
  B:00A0H.1       PUBLIC        PCF85063BTL_SDO
  D:00A8H         PUBLIC        IE
  C:46C7H         PUBLIC        _Read_time
  C:4C1EH         PUBLIC        _PCF85063BTL_Delay
  D:00B8H         PUBLIC        IP
  D:00D8H         PUBLIC        CCON
  C:45CEH         PUBLIC        _Day_Of_Year
  C:4B14H         PUBLIC        SPI_ReceiveByte
  D:0098H         PUBLIC        SCON
  D:0088H         PUBLIC        TCON
  C:4C51H         PUBLIC        _BCDtoDec
  B:00A0H.0       PUBLIC        PCF85063BTL_CS
  C:4C40H         PUBLIC        _SPI_ReadTime
  C:4CA0H         PUBLIC        SPI_Init
  C:4BA9H         PUBLIC        _SPI_WriteTime
  C:4AF4H         PUBLIC        _SPI_SendByte
  D:00D0H         PUBLIC        PSW
  C:4C1AH         SYMBOL        L?0047
  -------         PROC          L?0046
  -------         ENDPROC       L?0046
  C:4C1AH         SYMBOL        L?0047
  -------         PROC          _PCF85063BTL_DELAY
  D:0006H         SYMBOL        us
  C:4C1EH         LINE#         8
  C:4C1EH         LINE#         9
  C:4C1EH         LINE#         10
  C:4C28H         LINE#         11
  C:4C28H         LINE#         12
  C:4C29H         LINE#         13
  C:4C2BH         LINE#         14
  -------         ENDPROC       _PCF85063BTL_DELAY
  -------         PROC          _SPI_SENDBYTE
  D:0005H         SYMBOL        dat
  -------         DO            
  D:0003H         SYMBOL        i
  -------         ENDDO         
  C:4AF4H         LINE#         17
  C:4AF6H         LINE#         18
  C:4AF6H         LINE#         20
  C:4AF8H         LINE#         21
BL51 BANKED LINKER/LOCATER V6.22                                                      02/21/2019  16:25:13  PAGE 15


  C:4AF8H         LINE#         22
  C:4AFAH         LINE#         23
  C:4AFEH         LINE#         24
  C:4AFEH         LINE#         25
  C:4B00H         LINE#         26
  C:4B02H         LINE#         28
  C:4B02H         LINE#         29
  C:4B04H         LINE#         30
  C:4B04H         LINE#         31
  C:4B07H         LINE#         32
  C:4B07H         LINE#         33
  C:4B0AH         LINE#         34
  C:4B0EH         LINE#         35
  C:4B13H         LINE#         36
  -------         ENDPROC       _SPI_SENDBYTE
  -------         PROC          SPI_RECEIVEBYTE
  -------         DO            
  D:0003H         SYMBOL        i
  D:0005H         SYMBOL        dat
  -------         ENDDO         
  C:4B14H         LINE#         39
  C:4B14H         LINE#         40
  C:4B14H         LINE#         42
  C:4B16H         LINE#         44
  C:4B18H         LINE#         45
  C:4B19H         LINE#         46
  C:4B19H         LINE#         47
  C:4B1DH         LINE#         48
  C:4B1FH         LINE#         49
  C:4B22H         LINE#         51
  C:4B25H         LINE#         52
  C:4B25H         LINE#         53
  C:4B29H         LINE#         54
  C:4B29H         LINE#         55
  C:4B29H         LINE#         56
  C:4B2CH         LINE#         57
  C:4B31H         LINE#         58
  C:4B33H         LINE#         59
  -------         ENDPROC       SPI_RECEIVEBYTE
  -------         PROC          _SPI_READTIME
  D:0007H         SYMBOL        addr
  -------         DO            
  D:0006H         SYMBOL        dat
  -------         ENDDO         
  C:4C40H         LINE#         61
  C:4C40H         LINE#         62
  C:4C40H         LINE#         64
  C:4C42H         LINE#         65
  C:4C44H         LINE#         66
  C:4C4BH         LINE#         67
  C:4C4EH         LINE#         68
  C:4C50H         LINE#         69
  C:4C50H         LINE#         70
  -------         ENDPROC       _SPI_READTIME
  -------         PROC          _SPI_WRITETIME
  D:0002H         SYMBOL        val
  D:0005H         SYMBOL        addr
BL51 BANKED LINKER/LOCATER V6.22                                                      02/21/2019  16:25:13  PAGE 16


  C:4BA9H         LINE#         71
  C:4BABH         LINE#         72
  C:4BABH         LINE#         74
  C:4BADH         LINE#         75
  C:4BB4H         LINE#         76
  C:4BB9H         LINE#         77
  C:4BBEH         LINE#         78
  C:4BC0H         LINE#         79
  -------         ENDPROC       _SPI_WRITETIME
  -------         PROC          SPI_INIT
  C:4CA0H         LINE#         83
  C:4CA0H         LINE#         84
  C:4CA0H         LINE#         89
  C:4CA3H         LINE#         90
  C:4CA6H         LINE#         91
  C:4CA8H         LINE#         92
  C:4CAAH         LINE#         93
  C:4CACH         LINE#         94
  -------         ENDPROC       SPI_INIT
  -------         PROC          _READ_TIME
  X:03C0H         SYMBOL        months
  X:03C3H         SYMBOL        days
  X:03C6H         SYMBOL        hours
  X:03C9H         SYMBOL        mins
  X:03CCH         SYMBOL        seconds
  C:46C7H         LINE#         96
  C:46D2H         LINE#         97
  C:46D2H         LINE#         99
  C:46E6H         LINE#         101
  C:46FAH         LINE#         103
  C:470EH         LINE#         108
  C:4722H         LINE#         113
  -------         ENDPROC       _READ_TIME
  -------         PROC          _BCDTODEC
  D:0007H         SYMBOL        bcd
  -------         DO            
  D:0006H         SYMBOL        hi
  D:0007H         SYMBOL        lo
  -------         ENDDO         
  C:4C51H         LINE#         119
  C:4C51H         LINE#         120
  C:4C51H         LINE#         122
  C:4C56H         LINE#         123
  C:4C5AH         LINE#         124
  C:4C61H         LINE#         125
  -------         ENDPROC       _BCDTODEC
  -------         PROC          _DAY_OF_YEAR
  D:0007H         SYMBOL        months_bcd
  D:0005H         SYMBOL        days_bcd
  -------         DO            
  D:0004H         SYMBOL        months
  D:0007H         SYMBOL        days
  -------         ENDDO         
  C:45CEH         LINE#         126
  C:45CEH         LINE#         127
  C:45CEH         LINE#         130
  C:45D3H         LINE#         132
BL51 BANKED LINKER/LOCATER V6.22                                                      02/21/2019  16:25:13  PAGE 17


  C:45D8H         LINE#         134
  C:4611H         LINE#         135
  C:4611H         LINE#         136
  C:4611H         LINE#         137
  C:4614H         LINE#         138
  C:4614H         LINE#         139
  C:4614H         LINE#         140
  C:4619H         LINE#         141
  C:4619H         LINE#         142
  C:4619H         LINE#         143
  C:461EH         LINE#         144
  C:461EH         LINE#         145
  C:461EH         LINE#         146
  C:4623H         LINE#         147
  C:4623H         LINE#         148
  C:4623H         LINE#         149
  C:4628H         LINE#         150
  C:4628H         LINE#         151
  C:4628H         LINE#         152
  C:462DH         LINE#         153
  C:462DH         LINE#         154
  C:462DH         LINE#         155
  C:4632H         LINE#         156
  C:4632H         LINE#         157
  C:4632H         LINE#         158
  C:4637H         LINE#         159
  C:4637H         LINE#         160
  C:4637H         LINE#         161
  C:463FH         LINE#         162
  C:463FH         LINE#         163
  C:463FH         LINE#         164
  C:4644H         LINE#         165
  C:4644H         LINE#         166
  C:4644H         LINE#         167
  C:4649H         LINE#         168
  C:4649H         LINE#         169
  C:4649H         LINE#         170
  C:4651H         LINE#         171
  C:4651H         LINE#         172
  C:4651H         LINE#         173
  -------         ENDPROC       _DAY_OF_YEAR
  -------         ENDMOD        PCF85063BTL

  -------         MODULE        UART1
  C:0000H         SYMBOL        _ICE_DUMMY_
  D:0080H         PUBLIC        P0
  D:0090H         PUBLIC        P1
  D:00A0H         PUBLIC        P2
  D:00B0H         PUBLIC        P3
  D:00C0H         PUBLIC        P4
  D:00C8H         PUBLIC        P5
  B:00A8H.7       PUBLIC        EA
  D:00E8H         PUBLIC        P6
  D:00F8H         PUBLIC        P7
  C:49CCH         PUBLIC        _SendString
  D:00A8H         PUBLIC        IE
  B:00A8H.4       PUBLIC        ES
BL51 BANKED LINKER/LOCATER V6.22                                                      02/21/2019  16:25:13  PAGE 18


  D:00B8H         PUBLIC        IP
  C:4BC1H         PUBLIC        _ASCIItoBCD
  D:00D8H         PUBLIC        CCON
  C:4C62H         PUBLIC        initUART1
  D:0098H         PUBLIC        SCON
  D:0088H         PUBLIC        TCON
  C:000AH         PUBLIC        _DectoBCD
  C:4CE4H         PUBLIC        _ASCII_Letter
  D:008EH         PUBLIC        AUXR
  C:4CDFH         PUBLIC        _unit
  C:0003H         PUBLIC        _ten
  D:00D6H         PUBLIC        T2H
  D:00D7H         PUBLIC        T2L
  D:00D0H         PUBLIC        PSW
  -------         PROC          INITUART1
  C:4C62H         LINE#         21
  C:4C62H         LINE#         22
  C:4C62H         LINE#         23
  C:4C65H         LINE#         24
  C:4C68H         LINE#         25
  C:4C6BH         LINE#         26
  C:4C6EH         LINE#         27
  C:4C70H         LINE#         28
  C:4C72H         LINE#         30
  -------         ENDPROC       INITUART1
  -------         PROC          _SENDSTRING
  X:0633H         SYMBOL        s
  C:49CCH         LINE#         35
  C:49D7H         LINE#         36
  C:49D7H         LINE#         37
  C:49E7H         LINE#         38
  C:49E7H         LINE#         39
  C:49FCH         LINE#         40
  C:49FEH         LINE#         41
  -------         ENDPROC       _SENDSTRING
  -------         PROC          _TEN
  D:0007H         SYMBOL        BCD
  C:0003H         LINE#         43
  C:0003H         LINE#         44
  C:0003H         LINE#         45
  C:0008H         LINE#         46
  -------         ENDPROC       _TEN
  -------         PROC          _UNIT
  D:0007H         SYMBOL        BCD
  C:4CDFH         LINE#         47
  C:4CDFH         LINE#         48
  C:4CDFH         LINE#         52
  C:4CE3H         LINE#         53
  -------         ENDPROC       _UNIT
  -------         PROC          _DECTOBCD
  D:0007H         SYMBOL        dec
  C:000AH         LINE#         54
  C:000AH         LINE#         55
  C:000AH         LINE#         57
  C:000AH         LINE#         58
  -------         ENDPROC       _DECTOBCD
  -------         PROC          _ASCII_LETTER
BL51 BANKED LINKER/LOCATER V6.22                                                      02/21/2019  16:25:13  PAGE 19


  D:0007H         SYMBOL        dat
  C:4CE4H         LINE#         60
  C:4CE4H         LINE#         61
  C:4CE4H         LINE#         63
  C:4CE8H         LINE#         64
  -------         ENDPROC       _ASCII_LETTER
  -------         PROC          _ASCIITOBCD
  D:0001H         SYMBOL        ascii
  -------         DO            
  D:0007H         SYMBOL        dec_val
  D:0006H         SYMBOL        ten
  D:0007H         SYMBOL        unit
  -------         ENDDO         
  C:4BC1H         LINE#         66
  C:4BC1H         LINE#         67
  C:4BC1H         LINE#         69
  C:4BC4H         LINE#         70
  C:4BCAH         LINE#         71
  C:4BD1H         LINE#         72
  C:4BD7H         LINE#         74
  -------         ENDPROC       _ASCIITOBCD
  -------         ENDMOD        UART1

  -------         MODULE        LCD_DRIVER_SPLC780D
  C:0000H         SYMBOL        _ICE_DUMMY_
  D:0092H         PUBLIC        P1M0
  D:0091H         PUBLIC        P1M1
  D:0080H         PUBLIC        P0
  D:0090H         PUBLIC        P1
  D:00A0H         PUBLIC        P2
  D:00B0H         PUBLIC        P3
  D:00C0H         PUBLIC        P4
  D:00C8H         PUBLIC        P5
  D:00E8H         PUBLIC        P6
  D:00F8H         PUBLIC        P7
  C:4652H         PUBLIC        _WriteData
  D:00A8H         PUBLIC        IE
  D:00B8H         PUBLIC        IP
  D:00D8H         PUBLIC        CCON
  B:00B0H.4       PUBLIC        LCD_D4
  B:00B0H.5       PUBLIC        LCD_D5
  B:00B0H.6       PUBLIC        LCD_D6
  C:4B71H         PUBLIC        _DisplayLCD
  B:00B0H.7       PUBLIC        LCD_D7
  D:0098H         PUBLIC        SCON
  D:0088H         PUBLIC        TCON
  C:4CCFH         PUBLIC        LCD_clear
  C:4911H         PUBLIC        _Command
  C:4BEEH         PUBLIC        _Display_Line
  C:4790H         PUBLIC        LCD_Init
  C:4AD6H         PUBLIC        _Wait_ms
  B:00C0H.0       PUBLIC        LCD_RS
  B:00B0H.2       PUBLIC        LCD_RW
  C:4CC5H         PUBLIC        LCD_return_home
  B:00B0H.3       PUBLIC        LCD_E
  D:00D0H         PUBLIC        PSW
  -------         PROC          LCD_INIT
BL51 BANKED LINKER/LOCATER V6.22                                                      02/21/2019  16:25:13  PAGE 20


  C:4790H         LINE#         9
  C:4790H         LINE#         10
  C:4790H         LINE#         11
  C:4793H         LINE#         12
  C:4796H         LINE#         14
  C:479CH         LINE#         15
  C:47A1H         LINE#         17
  C:47A8H         LINE#         18
  C:47ADH         LINE#         20
  C:47B0H         LINE#         21
  C:47B5H         LINE#         23
  C:47B8H         LINE#         24
  C:47BDH         LINE#         26
  C:47C4H         LINE#         29
  C:47C9H         LINE#         30
  C:47CEH         LINE#         32
  C:47D3H         LINE#         33
  C:47D8H         LINE#         35
  C:47DDH         LINE#         36
  C:47E2H         LINE#         37
  -------         ENDPROC       LCD_INIT
  -------         PROC          _WRITEDATA
  X:046DH         SYMBOL        dat
  C:4652H         LINE#         40
  C:4657H         LINE#         41
  C:4657H         LINE#         46
  C:4659H         LINE#         47
  C:465BH         LINE#         49
  C:4669H         LINE#         50
  C:4675H         LINE#         51
  C:4681H         LINE#         52
  C:468BH         LINE#         53
  C:468DH         LINE#         54
  C:4694H         LINE#         55
  C:4696H         LINE#         57
  C:46A6H         LINE#         58
  C:46B1H         LINE#         59
  C:46BBH         LINE#         60
  C:46BFH         LINE#         62
  C:46BFH         LINE#         63
  C:46C2H         LINE#         64
  C:46C4H         LINE#         65
  C:46C6H         LINE#         67
  -------         ENDPROC       _WRITEDATA
  -------         PROC          _COMMAND
  D:0007H         SYMBOL        dat
  C:4911H         LINE#         69
  C:4911H         LINE#         70
  C:4911H         LINE#         71
  C:4913H         LINE#         72
  C:4915H         LINE#         74
  C:491FH         LINE#         75
  C:4923H         LINE#         77
  C:4925H         LINE#         78
  C:492EH         LINE#         79
  C:4932H         LINE#         81
  C:4934H         LINE#         82
BL51 BANKED LINKER/LOCATER V6.22                                                      02/21/2019  16:25:13  PAGE 21


  C:493BH         LINE#         83
  C:493FH         LINE#         85
  C:4941H         LINE#         86
  C:4945H         LINE#         87
  C:4949H         LINE#         89
  C:494BH         LINE#         90
  C:494BH         LINE#         91
  C:494EH         LINE#         92
  C:4950H         LINE#         93
  -------         ENDPROC       _COMMAND
  C:4AD2H         SYMBOL        L?0028
  -------         PROC          L?0027
  -------         ENDPROC       L?0027
  C:4AD2H         SYMBOL        L?0028
  -------         PROC          _WAIT_MS
  D:0006H         SYMBOL        ms
  -------         DO            
  D:0004H         SYMBOL        De_Cnt
  -------         ENDDO         
  C:4AD6H         LINE#         95
  C:4AD6H         LINE#         96
  C:4AD6H         LINE#         98
  C:4AE0H         LINE#         99
  C:4AE0H         LINE#         100
  C:4AF3H         LINE#         101
  C:4AF3H         LINE#         102
  -------         ENDPROC       _WAIT_MS
  -------         PROC          _DISPLAYLCD
  D:0007H         SYMBOL        BCD
  -------         DO            
  D:0006H         SYMBOL        first_digit
  X:03C0H         SYMBOL        second_digit
  -------         ENDDO         
  C:4B71H         LINE#         103
  C:4B71H         LINE#         104
  C:4B71H         LINE#         106
  C:4B78H         LINE#         107
  C:4B81H         LINE#         109
  C:4B86H         LINE#         111
  -------         ENDPROC       _DISPLAYLCD
  -------         PROC          LCD_RETURN_HOME
  C:4CC5H         LINE#         115
  C:4CC5H         LINE#         116
  C:4CC5H         LINE#         117
  C:4CCAH         LINE#         118
  -------         ENDPROC       LCD_RETURN_HOME
  -------         PROC          LCD_CLEAR
  C:4CCFH         LINE#         121
  C:4CCFH         LINE#         122
  C:4CCFH         LINE#         123
  C:4CD4H         LINE#         124
  -------         ENDPROC       LCD_CLEAR
  -------         PROC          _DISPLAY_LINE
  D:0006H         SYMBOL        line
  C:4BEEH         LINE#         128
  C:4BEEH         LINE#         129
  C:4BEEH         LINE#         130
BL51 BANKED LINKER/LOCATER V6.22                                                      02/21/2019  16:25:13  PAGE 22


  C:4BF4H         LINE#         131
  C:4BF4H         LINE#         132
  C:4BF6H         LINE#         133
  C:4BF6H         LINE#         134
  C:4BF8H         LINE#         136
  C:4BF8H         LINE#         137
  C:4BFDH         LINE#         138
  C:4C02H         LINE#         139
  C:4C02H         LINE#         140
  -------         ENDPROC       _DISPLAY_LINE
  -------         ENDMOD        LCD_DRIVER_SPLC780D

  -------         MODULE        KEYPAD
  C:0000H         SYMBOL        _ICE_DUMMY_
  D:0093H         PUBLIC        P0M1
  D:0080H         PUBLIC        P0
  D:0090H         PUBLIC        P1
  D:00A0H         PUBLIC        P2
  D:00B0H         PUBLIC        P3
  D:00C0H         PUBLIC        P4
  D:00C8H         PUBLIC        P5
  B:0020H.0       PUBLIC        calib_mode
  D:00E8H         PUBLIC        P6
  D:00F8H         PUBLIC        P7
  D:00A8H         PUBLIC        IE
  C:3588H         PUBLIC        Key_Scan
  D:00B8H         PUBLIC        IP
  D:00D8H         PUBLIC        CCON
  C:4CADH         PUBLIC        KeyPad_IO_Init
  C:4B53H         PUBLIC        _Delay_ms
  D:0098H         PUBLIC        SCON
  D:0088H         PUBLIC        TCON
  B:0020H.1       PUBLIC        small_move
  B:0020H.2       PUBLIC        move
  B:0020H.3       PUBLIC        direction
  B:0020H.4       PUBLIC        auto_move
  C:3117H         PUBLIC        Key_Process
  D:00D0H         PUBLIC        PSW
  D:0094H         PUBLIC        P0M0
  -------         PROC          _DELAY_MS
  D:0006H         SYMBOL        ms
  -------         DO            
  D:0004H         SYMBOL        De_Cnt
  -------         ENDDO         
  C:4B53H         LINE#         19
  C:4B53H         LINE#         20
  C:4B53H         LINE#         22
  C:4B5DH         LINE#         23
  C:4B5DH         LINE#         24
  C:4B70H         LINE#         25
  C:4B70H         LINE#         26
  -------         ENDPROC       _DELAY_MS
  -------         PROC          KEY_SCAN
  -------         DO            
  X:03C6H         SYMBOL        KeyTemp1
  X:03C7H         SYMBOL        KeyTemp2
  X:03C8H         SYMBOL        KeyValue
BL51 BANKED LINKER/LOCATER V6.22                                                      02/21/2019  16:25:13  PAGE 23


  -------         ENDDO         
  C:3588H         LINE#         27
  C:3588H         LINE#         28
  C:3588H         LINE#         33
  C:358BH         LINE#         36
  C:358EH         LINE#         38
  C:3596H         LINE#         39
  C:359DH         LINE#         40
  C:359DH         LINE#         42
  C:35A2H         LINE#         43
  C:35A9H         LINE#         44
  C:35A9H         LINE#         47
  C:35ACH         LINE#         48
  C:35AFH         LINE#         49
  C:35B4H         LINE#         50
  C:35B8H         LINE#         51
  C:35B8H         LINE#         52
  C:35C0H         LINE#         53
  C:35C0H         LINE#         54
  C:35C3H         LINE#         55
  C:35CBH         LINE#         56
  C:35CDH         LINE#         58
  C:35E1H         LINE#         59
  C:35E1H         LINE#         60
  C:35E1H         LINE#         61
  C:35E1H         LINE#         62
  C:35E7H         LINE#         64
  C:35E9H         LINE#         65
  C:35E9H         LINE#         66
  C:35E9H         LINE#         67
  C:35EFH         LINE#         69
  C:35F1H         LINE#         70
  C:35F1H         LINE#         71
  C:35F1H         LINE#         72
  C:35F7H         LINE#         74
  C:35F9H         LINE#         75
  C:35F9H         LINE#         76
  C:35F9H         LINE#         77
  C:35FFH         LINE#         79
  C:35FFH         LINE#         80
  C:35FFH         LINE#         81
  C:35FFH         LINE#         84
  C:3602H         LINE#         85
  C:3605H         LINE#         86
  C:360DH         LINE#         87
  C:3611H         LINE#         88
  C:3611H         LINE#         89
  C:3619H         LINE#         90
  C:3619H         LINE#         91
  C:361CH         LINE#         92
  C:3624H         LINE#         93
  C:3626H         LINE#         94
  C:363AH         LINE#         95
  C:363AH         LINE#         96
  C:363AH         LINE#         97
  C:363AH         LINE#         98
  C:3640H         LINE#         100
BL51 BANKED LINKER/LOCATER V6.22                                                      02/21/2019  16:25:13  PAGE 24


  C:3642H         LINE#         101
  C:3642H         LINE#         102
  C:3642H         LINE#         103
  C:3648H         LINE#         105
  C:364AH         LINE#         106
  C:364AH         LINE#         107
  C:364AH         LINE#         108
  C:3650H         LINE#         110
  C:3652H         LINE#         111
  C:3652H         LINE#         112
  C:3652H         LINE#         113
  C:3657H         LINE#         115
  C:3657H         LINE#         116
  C:3657H         LINE#         117
  C:3657H         LINE#         120
  C:365AH         LINE#         121
  C:365DH         LINE#         122
  C:3665H         LINE#         123
  C:3669H         LINE#         124
  C:3669H         LINE#         125
  C:3671H         LINE#         126
  C:3671H         LINE#         127
  C:3674H         LINE#         128
  C:367CH         LINE#         129
  C:367EH         LINE#         130
  C:3692H         LINE#         131
  C:3692H         LINE#         132
  C:3692H         LINE#         133
  C:3692H         LINE#         134
  C:3698H         LINE#         136
  C:369AH         LINE#         137
  C:369AH         LINE#         138
  C:369AH         LINE#         139
  C:36A0H         LINE#         141
  C:36A2H         LINE#         142
  C:36A2H         LINE#         143
  C:36A2H         LINE#         144
  C:36A8H         LINE#         146
  C:36AAH         LINE#         147
  C:36AAH         LINE#         148
  C:36AAH         LINE#         149
  C:36B0H         LINE#         151
  C:36B0H         LINE#         152
  C:36B0H         LINE#         153
  C:36B0H         LINE#         157
  C:36B3H         LINE#         158
  C:36B6H         LINE#         159
  C:36BEH         LINE#         160
  C:36C2H         LINE#         161
  C:36C2H         LINE#         162
  C:36CAH         LINE#         163
  C:36CAH         LINE#         164
  C:36CDH         LINE#         165
  C:36D5H         LINE#         166
  C:36D7H         LINE#         167
  C:36EBH         LINE#         168
  C:36EBH         LINE#         169
BL51 BANKED LINKER/LOCATER V6.22                                                      02/21/2019  16:25:13  PAGE 25


  C:36EBH         LINE#         170
  C:36EBH         LINE#         171
  C:36F1H         LINE#         173
  C:36F3H         LINE#         174
  C:36F3H         LINE#         175
  C:36F3H         LINE#         176
  C:36F9H         LINE#         178
  C:36FBH         LINE#         179
  C:36FBH         LINE#         180
  C:36FBH         LINE#         181
  C:3701H         LINE#         183
  C:3703H         LINE#         184
  C:3703H         LINE#         185
  C:3703H         LINE#         186
  C:3709H         LINE#         188
  C:3709H         LINE#         189
  C:3709H         LINE#         190
  C:3709H         LINE#         192
  C:370FH         LINE#         193
  C:370FH         LINE#         195
  C:370FH         LINE#         196
  C:3712H         LINE#         197
  C:3712H         LINE#         198
  C:3712H         LINE#         200
  C:3712H         LINE#         201
  C:3714H         LINE#         202
  C:3714H         LINE#         203
  -------         ENDPROC       KEY_SCAN
  -------         PROC          KEY_PROCESS
  -------         DO            
  X:0619H         SYMBOL        KeyCount
  X:061BH         SYMBOL        KeyNum_Old
  X:061CH         SYMBOL        KeyNum
  X:061DH         SYMBOL        PressedKey
  X:03C0H         SYMBOL        d
  D:0004H         SYMBOL        hours
  D:0006H         SYMBOL        mins
  X:03C2H         SYMBOL        months
  X:03C4H         SYMBOL        days
  -------         ENDDO         
  C:3117H         LINE#         204
  C:3117H         LINE#         205
  C:3117H         LINE#         209
  C:311FH         LINE#         210
  C:3127H         LINE#         212
  C:312AH         LINE#         213
  C:312AH         LINE#         214
  C:312DH         LINE#         216
  C:312DH         LINE#         217
  C:313AH         LINE#         218
  C:313AH         LINE#         219
  C:313DH         LINE#         220
  C:3140H         LINE#         222
  C:3143H         LINE#         224
  C:3143H         LINE#         225
  C:314EH         LINE#         226
  C:314EH         LINE#         227
BL51 BANKED LINKER/LOCATER V6.22                                                      02/21/2019  16:25:13  PAGE 26


  C:3151H         LINE#         229
  C:3151H         LINE#         230
  C:3158H         LINE#         231
  C:3158H         LINE#         232
  C:315BH         LINE#         234
  C:315BH         LINE#         235
  C:3163H         LINE#         236
  C:3163H         LINE#         237
  C:316DH         LINE#         238
  C:3175H         LINE#         240
  C:317EH         LINE#         242
  C:317EH         LINE#         251
  C:3193H         LINE#         252
  C:3193H         LINE#         253
  C:31A5H         LINE#         254
  C:31B3H         LINE#         255
  C:31C2H         LINE#         256
  C:31C2H         LINE#         258
  C:31C8H         LINE#         262
  C:31DEH         LINE#         263
  C:31EFH         LINE#         264
  C:320AH         LINE#         265
  C:320AH         LINE#         266
  C:321AH         LINE#         267
  C:322BH         LINE#         268
  C:322BH         LINE#         272
  C:3244H         LINE#         273
  C:325BH         LINE#         274
  C:327BH         LINE#         275
  C:327BH         LINE#         276
  C:3285H         LINE#         277
  C:3285H         LINE#         278
  C:328EH         LINE#         279
  C:328EH         LINE#         280
  C:32A2H         LINE#         281
  C:32A2H         LINE#         282
  C:32A2H         LINE#         283
  C:32A2H         LINE#         284
  C:32A2H         LINE#         285
  C:32A4H         LINE#         287
  C:32A4H         LINE#         288
  C:32B0H         LINE#         289
  C:32B0H         LINE#         290
  C:32C1H         LINE#         291
  C:32C1H         LINE#         292
  C:32C1H         LINE#         293
  C:32C1H         LINE#         294
  C:32C1H         LINE#         296
  C:32C3H         LINE#         298
  C:32C3H         LINE#         299
  C:32D4H         LINE#         300
  C:32D4H         LINE#         301
  C:32D4H         LINE#         302
  C:32D4H         LINE#         303
  C:32D4H         LINE#         305
  C:32D4H         LINE#         307
  C:32D4H         LINE#         308
BL51 BANKED LINKER/LOCATER V6.22                                                      02/21/2019  16:25:13  PAGE 27


  C:32D6H         LINE#         310
  C:32D6H         LINE#         311
  C:32E9H         LINE#         312
  C:32E9H         LINE#         313
  C:32FAH         LINE#         314
  C:32FAH         LINE#         315
  C:32FAH         LINE#         316
  C:32FAH         LINE#         317
  C:32FAH         LINE#         318
  C:32FCH         LINE#         320
  C:32FCH         LINE#         321
  C:330DH         LINE#         322
  C:330DH         LINE#         323
  C:331EH         LINE#         324
  C:332FH         LINE#         325
  C:332FH         LINE#         326
  C:332FH         LINE#         327
  C:332FH         LINE#         328
  C:332FH         LINE#         329
  C:3332H         LINE#         330
  C:3337H         LINE#         331
  C:333CH         LINE#         332
  C:3341H         LINE#         333
  C:3346H         LINE#         334
  C:334BH         LINE#         335
  C:3350H         LINE#         336
  C:3355H         LINE#         337
  C:3355H         LINE#         339
  C:3377H         LINE#         340
  C:3377H         LINE#         341
  C:3381H         LINE#         342
  C:3381H         LINE#         343
  C:3386H         LINE#         344
  C:338FH         LINE#         345
  C:33A6H         LINE#         346
  C:33A6H         LINE#         347
  C:33B6H         LINE#         349
  C:33B6H         LINE#         353
  -------         ENDPROC       KEY_PROCESS
  -------         PROC          KEYPAD_IO_INIT
  C:4CADH         LINE#         356
  C:4CADH         LINE#         357
  C:4CADH         LINE#         358
  C:4CB0H         LINE#         359
  C:4CB3H         LINE#         360
  C:4CB6H         LINE#         361
  C:4CB8H         LINE#         362
  -------         ENDPROC       KEYPAD_IO_INIT
  -------         ENDMOD        KEYPAD

  -------         MODULE        BIPOLARMOTOR
  C:0000H         SYMBOL        _ICE_DUMMY_
  D:0080H         PUBLIC        P0
  D:0090H         PUBLIC        P1
  X:0000H         PUBLIC        RX_pos_test
  D:00A0H         PUBLIC        P2
  D:00B0H         PUBLIC        P3
BL51 BANKED LINKER/LOCATER V6.22                                                      02/21/2019  16:25:13  PAGE 28


  D:00C0H         PUBLIC        P4
  D:00C8H         PUBLIC        P5
  D:00E8H         PUBLIC        P6
  D:00F8H         PUBLIC        P7
  X:00A0H         PUBLIC        low_date_azimuth_mapping
  D:00A8H         PUBLIC        IE
  C:3F6CH         PUBLIC        linear_interpolate
  C:4A81H         PUBLIC        _Move
  D:00B8H         PUBLIC        IP
  C:33EAH         PUBLIC        _findDet3x3
  C:2E57H         PUBLIC        _findDet4x4
  D:00D8H         PUBLIC        CCON
  X:00C8H         PUBLIC        previous_move_time
  D:0098H         PUBLIC        SCON
  D:0088H         PUBLIC        TCON
  C:4CE9H         PUBLIC        wait
  C:4951H         PUBLIC        _Step_move
  X:00C9H         PUBLIC        dat
  C:000EH         PUBLIC        _Update_position
  C:4839H         PUBLIC        vOneStepMove
  X:00CFH         PUBLIC        elevation_stamp
  X:010BH         PUBLIC        date_azimuth_mapping
  X:0133H         PUBLIC        RX_pos
  C:4B98H         PUBLIC        _BCDtoDec1
  X:038BH         PUBLIC        degree
  D:00D0H         PUBLIC        PSW
  -------         PROC          L?0062
  -------         ENDPROC       L?0062
  -------         PROC          _BCDTODEC1
  D:0007H         SYMBOL        bcd
  -------         DO            
  D:0006H         SYMBOL        hi
  D:0007H         SYMBOL        lo
  -------         ENDDO         
  C:4B98H         LINE#         28
  C:4B98H         LINE#         29
  C:4B98H         LINE#         31
  C:4B9DH         LINE#         32
  C:4BA1H         LINE#         33
  C:4BA8H         LINE#         34
  -------         ENDPROC       _BCDTODEC1
  -------         PROC          WAIT
  C:4CE9H         LINE#         36
  C:4CE9H         LINE#         38
  -------         ENDPROC       WAIT
  -------         PROC          VONESTEPMOVE
  B:0020H.7       SYMBOL        bDir
  C:4839H         LINE#         40
  C:4839H         LINE#         41
  C:4839H         LINE#         43
  C:483FH         LINE#         44
  C:483FH         LINE#         45
  C:4842H         LINE#         46
  C:484BH         LINE#         47
  C:4852H         LINE#         48
  C:4857H         LINE#         49
  C:4857H         LINE#         50
BL51 BANKED LINKER/LOCATER V6.22                                                      02/21/2019  16:25:13  PAGE 29


  C:4857H         LINE#         52
  C:4859H         LINE#         55
  C:4859H         LINE#         56
  C:485CH         LINE#         57
  C:4865H         LINE#         58
  C:486CH         LINE#         59
  C:4872H         LINE#         60
  C:487BH         LINE#         61
  C:4882H         LINE#         62
  C:4882H         LINE#         66
  -------         ENDPROC       VONESTEPMOVE
  -------         PROC          _STEP_MOVE
  X:047CH         SYMBOL        step
  B:0020H.6       SYMBOL        dir
  -------         DO            
  X:047EH         SYMBOL        i
  -------         ENDDO         
  C:4951H         LINE#         68
  C:4959H         LINE#         69
  C:4959H         LINE#         71
  C:495EH         LINE#         74
  C:4979H         LINE#         75
  C:4979H         LINE#         76
  C:4980H         LINE#         78
  C:4990H         LINE#         80
  -------         ENDPROC       _STEP_MOVE
  -------         PROC          _MOVE
  X:0478H         SYMBOL        distance
  B:0020H.5       SYMBOL        direction
  -------         DO            
  D:0006H         SYMBOL        step
  -------         ENDDO         
  C:4A81H         LINE#         82
  C:4A87H         LINE#         83
  C:4A87H         LINE#         86
  C:4AA2H         LINE#         87
  -------         ENDPROC       _MOVE
  C:33CBH         SYMBOL        L?0058
  C:33DFH         SYMBOL        L?0059
  -------         PROC          L?0057
  -------         ENDPROC       L?0057
  C:33CBH         SYMBOL        L?0058
  C:33DFH         SYMBOL        L?0059
  -------         PROC          _FINDDET3X3
  X:05F5H         SYMBOL        a11
  X:05F9H         SYMBOL        a12
  X:05FDH         SYMBOL        a13
  X:0601H         SYMBOL        a21
  X:0605H         SYMBOL        a22
  X:0609H         SYMBOL        a23
  X:060DH         SYMBOL        a31
  X:0611H         SYMBOL        a32
  X:0615H         SYMBOL        a33
  C:33EAH         LINE#         91
  C:33F0H         LINE#         95
  C:33F0H         LINE#         96
  C:3587H         LINE#         98
BL51 BANKED LINKER/LOCATER V6.22                                                      02/21/2019  16:25:13  PAGE 30


  -------         ENDPROC       _FINDDET3X3
  -------         PROC          _FINDDET4X4
  X:05B5H         SYMBOL        a11
  X:05B9H         SYMBOL        a12
  X:05BDH         SYMBOL        a13
  X:05C1H         SYMBOL        a14
  X:05C5H         SYMBOL        a21
  X:05C9H         SYMBOL        a22
  X:05CDH         SYMBOL        a23
  X:05D1H         SYMBOL        a24
  X:05D5H         SYMBOL        a31
  X:05D9H         SYMBOL        a32
  X:05DDH         SYMBOL        a33
  X:05E1H         SYMBOL        a34
  X:05E5H         SYMBOL        a41
  X:05E9H         SYMBOL        a42
  X:05EDH         SYMBOL        a43
  X:05F1H         SYMBOL        a44
  C:2E57H         LINE#         99
  C:2E5DH         LINE#         103
  C:2E5DH         LINE#         110
  C:3116H         LINE#         114
  -------         ENDPROC       _FINDDET4X4
  C:3F5BH         SYMBOL        L?0061
  -------         PROC          L?0060
  -------         ENDPROC       L?0060
  C:3F5BH         SYMBOL        L?0061
  -------         PROC          LINEAR_INTERPOLATE
  X:0478H         SYMBOL        p1
  X:0480H         SYMBOL        p2
  X:0488H         SYMBOL        x
  -------         DO            
  D:0004H         SYMBOL        fx
  -------         ENDDO         
  C:3F6CH         LINE#         120
  C:3F6CH         LINE#         121
  C:3F6CH         LINE#         124
  C:400BH         LINE#         126
  C:400BH         LINE#         127
  -------         ENDPROC       LINEAR_INTERPOLATE
  -------         PROC          _UPDATE_POSITION
  D:0001H         SYMBOL        mnths
  D:0002H         SYMBOL        dys
  X:03DBH         SYMBOL        hurs
  X:03DCH         SYMBOL        mns
  X:03DDH         SYMBOL        sconds
  X:03DEH         SYMBOL        currnt_pos
  X:03E1H         SYMBOL        offset_calib
  -------         DO            
  X:03E5H         SYMBOL        date
  X:03E7H         SYMBOL        i
  X:03E9H         SYMBOL        yy
  X:03EBH         SYMBOL        desired_distance
  X:03EFH         SYMBOL        distance
  X:03F3H         SYMBOL        JP_pos
  X:03F7H         SYMBOL        pos_interpolate_azimuth
  X:0433H         SYMBOL        current_local_sun_time
BL51 BANKED LINKER/LOCATER V6.22                                                      02/21/2019  16:25:13  PAGE 31


  X:0437H         SYMBOL        azimuth
  X:043BH         SYMBOL        elevation
  X:043FH         SYMBOL        time_offset
  X:0443H         SYMBOL        UTC_time
  X:0447H         SYMBOL        declination
  X:044BH         SYMBOL        p1
  X:0453H         SYMBOL        p2
  X:045BH         SYMBOL        time
  X:046DH         SYMBOL        location
  X:0475H         SYMBOL        sunCoord
  -------         ENDDO         
  C:000EH         LINE#         131
  C:0017H         LINE#         134
  C:0017H         LINE#         135
  C:0022H         LINE#         137
  C:003EH         LINE#         138
  C:0048H         LINE#         146
  C:0052H         LINE#         147
  C:005CH         LINE#         148
  C:0066H         LINE#         149
  C:0071H         LINE#         150
  C:007CH         LINE#         151
  C:0095H         LINE#         152
  C:00A6H         LINE#         153
  C:00B5H         LINE#         156
  C:00C9H         LINE#         160
  C:011BH         LINE#         161
  C:027FH         LINE#         162
  C:02CFH         LINE#         164
  C:03F7H         LINE#         166
  C:04C6H         LINE#         173
  C:050DH         LINE#         174
  C:050DH         LINE#         176
  C:0527H         LINE#         177
  C:0527H         LINE#         178
  C:0597H         LINE#         179
  C:0597H         LINE#         180
  C:059EH         LINE#         181
  C:059EH         LINE#         182
  C:05CBH         LINE#         183
  C:05E6H         LINE#         185
  C:062DH         LINE#         186
  C:0661H         LINE#         188
  C:06A7H         LINE#         189
  C:06CAH         LINE#         191
  C:06CAH         LINE#         193
  C:0740H         LINE#         194
  C:0740H         LINE#         195
  C:0747H         LINE#         196
  C:0747H         LINE#         197
  C:0774H         LINE#         198
  C:078FH         LINE#         200
  C:07D6H         LINE#         201
  C:080AH         LINE#         203
  C:0850H         LINE#         204
  C:0870H         LINE#         206
  C:0870H         LINE#         207
BL51 BANKED LINKER/LOCATER V6.22                                                      02/21/2019  16:25:13  PAGE 32


  C:0881H         LINE#         210
  C:089BH         LINE#         211
  C:089BH         LINE#         212
  C:090BH         LINE#         213
  C:090BH         LINE#         214
  C:0938H         LINE#         215
  C:0953H         LINE#         217
  C:0980H         LINE#         218
  C:099BH         LINE#         220
  C:09CDH         LINE#         223
  C:09CDH         LINE#         225
  C:09DEH         LINE#         227
  C:0A0DH         LINE#         229
  C:0A32H         LINE#         230
  C:0A97H         LINE#         231
  C:0A97H         LINE#         232
  C:0AB1H         LINE#         233
  C:0AC3H         LINE#         234
  C:0ADBH         LINE#         235
  C:0AF1H         LINE#         237
  C:0B0DH         LINE#         238
  C:0B0DH         LINE#         239
  C:0B0DH         LINE#         242
  -------         ENDPROC       _UPDATE_POSITION
  -------         ENDMOD        BIPOLARMOTOR

  -------         MODULE        SUNPOS
  C:0000H         SYMBOL        _ICE_DUMMY_
  C:1FBAH         PUBLIC        sunpos
  -------         PROC          SUNPOS
  X:0478H         SYMBOL        udtTime
  X:048AH         SYMBOL        udtLocation
  X:0492H         SYMBOL        udtSunCoordinates
  -------         DO            
  X:0495H         SYMBOL        dElapsedJulianDays
  X:0499H         SYMBOL        dDecimalHours
  X:049DH         SYMBOL        dEclipticLongitude
  X:04A1H         SYMBOL        dEclipticObliquity
  X:04A5H         SYMBOL        dRightAscension
  X:04A9H         SYMBOL        dDeclination
  X:04ADH         SYMBOL        dY
  X:04B1H         SYMBOL        dX
  -------         DO            
  X:04B5H         SYMBOL        dJulianDate
  X:04B9H         SYMBOL        liAux1
  X:04BDH         SYMBOL        liAux2
  X:04B5H         SYMBOL        dMeanLongitude
  X:04B9H         SYMBOL        dMeanAnomaly
  X:04BDH         SYMBOL        dOmega
  X:04B5H         SYMBOL        dSin_EclipticLongitude
  X:04B5H         SYMBOL        dGreenwichMeanSiderealTime
  X:04B9H         SYMBOL        dLocalMeanSiderealTime
  X:04BDH         SYMBOL        dLatitudeInRadians
  X:04C1H         SYMBOL        dHourAngle
  X:04C5H         SYMBOL        dCos_Latitude
  X:04C9H         SYMBOL        dSin_Latitude
  X:04CDH         SYMBOL        dCos_HourAngle
BL51 BANKED LINKER/LOCATER V6.22                                                      02/21/2019  16:25:13  PAGE 33


  X:04D1H         SYMBOL        dParallax
  -------         ENDDO         
  -------         DO            
  X:04B5H         SYMBOL        dMeanLongitude
  X:04B9H         SYMBOL        dMeanAnomaly
  X:04BDH         SYMBOL        dOmega
  X:04B5H         SYMBOL        dSin_EclipticLongitude
  X:04B5H         SYMBOL        dGreenwichMeanSiderealTime
  X:04B9H         SYMBOL        dLocalMeanSiderealTime
  X:04BDH         SYMBOL        dLatitudeInRadians
  X:04C1H         SYMBOL        dHourAngle
  X:04C5H         SYMBOL        dCos_Latitude
  X:04C9H         SYMBOL        dSin_Latitude
  X:04CDH         SYMBOL        dCos_HourAngle
  X:04D1H         SYMBOL        dParallax
  -------         ENDDO         
  -------         DO            
  X:04B5H         SYMBOL        dSin_EclipticLongitude
  X:04B5H         SYMBOL        dGreenwichMeanSiderealTime
  X:04B9H         SYMBOL        dLocalMeanSiderealTime
  X:04BDH         SYMBOL        dLatitudeInRadians
  X:04C1H         SYMBOL        dHourAngle
  X:04C5H         SYMBOL        dCos_Latitude
  X:04C9H         SYMBOL        dSin_Latitude
  X:04CDH         SYMBOL        dCos_HourAngle
  X:04D1H         SYMBOL        dParallax
  -------         ENDDO         
  -------         DO            
  X:04B5H         SYMBOL        dGreenwichMeanSiderealTime
  X:04B9H         SYMBOL        dLocalMeanSiderealTime
  X:04BDH         SYMBOL        dLatitudeInRadians
  X:04C1H         SYMBOL        dHourAngle
  X:04C5H         SYMBOL        dCos_Latitude
  X:04C9H         SYMBOL        dSin_Latitude
  X:04CDH         SYMBOL        dCos_HourAngle
  X:04D1H         SYMBOL        dParallax
  -------         ENDDO         
  -------         ENDDO         
  C:1FBAH         LINE#         6
  C:1FBAH         LINE#         7
  C:1FBAH         LINE#         9
  C:1FBAH         LINE#         27
  C:2004H         LINE#         30
  C:2025H         LINE#         31
  C:216CH         LINE#         34
  C:21B8H         LINE#         36
  C:21D7H         LINE#         37
  C:21D7H         LINE#         42
  C:21D7H         LINE#         46
  C:2209H         LINE#         47
  C:2233H         LINE#         48
  C:225DH         LINE#         49
  C:230AH         LINE#         52
  C:236BH         LINE#         54
  C:236BH         LINE#         59
  C:236BH         LINE#         61
  C:2382H         LINE#         62
BL51 BANKED LINKER/LOCATER V6.22                                                      02/21/2019  16:25:13  PAGE 34


  C:23AAH         LINE#         63
  C:23C1H         LINE#         64
  C:23ECH         LINE#         65
  C:2423H         LINE#         66
  C:244EH         LINE#         67
  C:244EH         LINE#         70
  C:244EH         LINE#         79
  C:2489H         LINE#         82
  C:24C3H         LINE#         84
  C:24E8H         LINE#         85
  C:2507H         LINE#         86
  C:251EH         LINE#         87
  C:2535H         LINE#         88
  C:254CH         LINE#         89
  C:25D5H         LINE#         91
  C:25EFH         LINE#         92
  C:2651H         LINE#         93
  C:2687H         LINE#         94
  C:2699H         LINE#         95
  C:26C6H         LINE#         96
  C:26F3H         LINE#         98
  C:2715H         LINE#         100
  C:274DH         LINE#         103
  C:274DH         LINE#         104
  C:275BH         LINE#         105
  -------         ENDPROC       SUNPOS
  -------         ENDMOD        SUNPOS

  -------         MODULE        ADC
  C:0000H         SYMBOL        _ICE_DUMMY_
  D:0092H         PUBLIC        P1M0
  D:0091H         PUBLIC        P1M1
  D:0080H         PUBLIC        P0
  D:0090H         PUBLIC        P1
  D:00A0H         PUBLIC        P2
  D:00B0H         PUBLIC        P3
  D:00C0H         PUBLIC        P4
  D:00C8H         PUBLIC        P5
  D:00E8H         PUBLIC        P6
  D:00F8H         PUBLIC        P7
  D:00A8H         PUBLIC        IE
  D:00BDH         PUBLIC        ADC_RES
  D:00B8H         PUBLIC        IP
  D:0097H         PUBLIC        CLK_DIV
  D:00D8H         PUBLIC        CCON
  D:00BCH         PUBLIC        ADC_CONTR
  D:0098H         PUBLIC        SCON
  D:0088H         PUBLIC        TCON
[...]
  C:3D95H         LINE#         99
  C:3D95H         LINE#         100
  C:3D97H         LINE#         102
  C:3D97H         LINE#         103
  C:3D97H         LINE#         104
  C:3D97H         LINE#         105
  C:3D9AH         LINE#         106
  C:3D9EH         LINE#         109
  C:3DBDH         LINE#         111
  C:3DC4H         LINE#         112
  C:3DC4H         LINE#         113
  C:3DC6H         LINE#         114
  C:3DC9H         LINE#         115
  C:3DE2H         LINE#         116
  C:3DE2H         LINE#         117
  C:3DE4H         LINE#         118
  C:3DE6H         LINE#         120
  C:3DE6H         LINE#         121
  C:3DE8H         LINE#         123
  C:3DE8H         LINE#         124
  C:3DE8H         LINE#         125
  C:3DE8H         LINE#         126
  C:3DEBH         LINE#         127
  C:3E04H         LINE#         129
  C:3E23H         LINE#         131
  C:3E2AH         LINE#         132
  C:3E2AH         LINE#         133
  C:3E2CH         LINE#         134
  C:3E2FH         LINE#         135
  C:3E36H         LINE#         136
  C:3E36H         LINE#         137
  C:3E38H         LINE#         138
  C:3E3AH         LINE#         140
  C:3E3AH         LINE#         141
  C:3E3CH         LINE#         143
  C:3E3CH         LINE#         144
  C:3E3CH         LINE#         145
  C:3E3CH         LINE#         146
  C:3E3FH         LINE#         147
  C:3E46H         LINE#         149
  C:3E65H         LINE#         151
  C:3E67H         LINE#         152
  -------         ENDPROC       _AT25SF041_WRITE
BL51 BANKED LINKER/LOCATER V6.22                                                      02/21/2019  16:25:13  PAGE 45


  -------         PROC          _AT25SF041_READ
  D:0003H         SYMBOL        opcode
  X:0623H         SYMBOL        addr
  -------         DO            
  X:0627H         SYMBOL        dat
  X:0628H         SYMBOL        i
  -------         ENDDO         
  C:3C6DH         LINE#         156
  C:3C6FH         LINE#         157
  C:3C6FH         LINE#         158
  C:3C74H         LINE#         160
  C:3C76H         LINE#         161
  C:3C7CH         LINE#         165
  C:3C81H         LINE#         166
  C:3C81H         LINE#         167
  C:3C83H         LINE#         168
  C:3C86H         LINE#         169
  C:3C8AH         LINE#         170
  C:3C8AH         LINE#         171
  C:3C8CH         LINE#         172
  C:3C8EH         LINE#         174
  C:3C8EH         LINE#         175
  C:3C90H         LINE#         177
  C:3C90H         LINE#         178
  C:3C90H         LINE#         179
  C:3C90H         LINE#         180
  C:3C93H         LINE#         181
  C:3C97H         LINE#         184
  C:3CB6H         LINE#         186
  C:3CBDH         LINE#         187
  C:3CBDH         LINE#         188
  C:3CBFH         LINE#         189
  C:3CC2H         LINE#         190
  C:3CDBH         LINE#         191
  C:3CDBH         LINE#         192
  C:3CDDH         LINE#         193
  C:3CDFH         LINE#         195
  C:3CDFH         LINE#         196
  C:3CE1H         LINE#         198
  C:3CE1H         LINE#         199
  C:3CE1H         LINE#         200
  C:3CE1H         LINE#         201
  C:3CE4H         LINE#         202
  C:3CFDH         LINE#         204
  C:3D1CH         LINE#         207
  C:3D23H         LINE#         209
  C:3D25H         LINE#         210
  C:3D2CH         LINE#         212
  C:3D33H         LINE#         213
  C:3D33H         LINE#         214
  C:3D3AH         LINE#         215
  C:3D3AH         LINE#         216
  C:3D3DH         LINE#         217
  C:3D3FH         LINE#         218
  C:3D42H         LINE#         220
  C:3D45H         LINE#         221
  C:3D45H         LINE#         223
BL51 BANKED LINKER/LOCATER V6.22                                                      02/21/2019  16:25:13  PAGE 46


  C:3D49H         LINE#         224
  C:3D49H         LINE#         230
  C:3D68H         LINE#         233
  C:3D6AH         LINE#         234
  C:3D6DH         LINE#         235
  C:3D72H         LINE#         237
  -------         ENDPROC       _AT25SF041_READ
  -------         PROC          READ_STATUS_REGISTER_BYTE1
  -------         DO            
  D:0003H         SYMBOL        dat
  D:0001H         SYMBOL        opcode
  X:03C2H         SYMBOL        count
  X:03C3H         SYMBOL        i
  -------         ENDDO         
  C:42D3H         LINE#         241
  C:42D3H         LINE#         242
  C:42D3H         LINE#         243
  C:42D9H         LINE#         244
  C:42DDH         LINE#         245
  C:42DFH         LINE#         246
  C:42E1H         LINE#         247
  C:42E7H         LINE#         251
  C:42EEH         LINE#         252
  C:42EEH         LINE#         253
  C:42F0H         LINE#         254
  C:42F3H         LINE#         255
  C:42F7H         LINE#         256
  C:42F7H         LINE#         257
  C:42F9H         LINE#         258
  C:42FBH         LINE#         260
  C:42FBH         LINE#         261
  C:42FDH         LINE#         263
  C:42FDH         LINE#         264
  C:42FDH         LINE#         265
  C:42FDH         LINE#         266
  C:4300H         LINE#         267
  C:4304H         LINE#         270
  C:4323H         LINE#         274
  C:432AH         LINE#         276
  C:432CH         LINE#         277
  C:4333H         LINE#         278
  C:433AH         LINE#         279
  C:433AH         LINE#         280
  C:433EH         LINE#         281
  C:433EH         LINE#         282
  C:4341H         LINE#         283
  C:4343H         LINE#         284
  C:4346H         LINE#         286
  C:4349H         LINE#         287
  C:4349H         LINE#         289
  C:434DH         LINE#         290
  C:434DH         LINE#         292
  C:436CH         LINE#         296
  C:436EH         LINE#         297
  C:4371H         LINE#         298
  C:4373H         LINE#         299
  -------         ENDPROC       READ_STATUS_REGISTER_BYTE1
BL51 BANKED LINKER/LOCATER V6.22                                                      02/21/2019  16:25:13  PAGE 47


  -------         PROC          SPI_NOR_WRITE_DATA
  X:03C0H         SYMBOL        dat
  X:03CCH         SYMBOL        addr
  C:40C7H         LINE#         301
  C:40C7H         LINE#         302
  C:40C7H         LINE#         306
  C:40CAH         LINE#         308
  C:40DAH         LINE#         309
  C:40DAH         LINE#         311
  C:40DDH         LINE#         313
  C:40EDH         LINE#         314
  C:40EDH         LINE#         316
  C:40F0H         LINE#         318
  C:4100H         LINE#         319
  C:4100H         LINE#         321
  C:4103H         LINE#         323
  C:4113H         LINE#         324
  C:4113H         LINE#         325
  C:4116H         LINE#         327
  C:4126H         LINE#         328
  C:4126H         LINE#         330
  C:4129H         LINE#         332
  C:413AH         LINE#         333
  C:413AH         LINE#         335
  C:413DH         LINE#         337
  C:414DH         LINE#         338
  C:414DH         LINE#         340
  C:4150H         LINE#         342
  C:4160H         LINE#         343
  C:4160H         LINE#         345
  C:4163H         LINE#         347
  C:4173H         LINE#         348
  -------         ENDPROC       SPI_NOR_WRITE_DATA
  -------         ENDMOD        AT25SF041

  -------         MODULE        ?C_STARTUP
  C:4542H         SEGMENT       ?C_C51STARTUP
  I:0022H         SEGMENT       ?STACK
  C:0000H         PUBLIC        ?C_STARTUP
  D:00E0H         SYMBOL        ACC
  D:00F0H         SYMBOL        B
  D:0083H         SYMBOL        DPH
  D:0082H         SYMBOL        DPL
  N:0000H         SYMBOL        IBPSTACK
  N:0100H         SYMBOL        IBPSTACKTOP
  N:0080H         SYMBOL        IDATALEN
  C:4545H         SYMBOL        IDATALOOP
  N:0000H         SYMBOL        PBPSTACK
  N:0100H         SYMBOL        PBPSTACKTOP
  N:0000H         SYMBOL        PDATALEN
  N:0000H         SYMBOL        PDATASTART
  N:0000H         SYMBOL        PPAGE
  N:0000H         SYMBOL        PPAGEENABLE
  D:00A0H         SYMBOL        PPAGE_SFR
  D:0081H         SYMBOL        SP
  C:4542H         SYMBOL        STARTUP1
  N:0000H         SYMBOL        XBPSTACK
BL51 BANKED LINKER/LOCATER V6.22                                                      02/21/2019  16:25:13  PAGE 48


  N:0000H         SYMBOL        XBPSTACKTOP
  N:0000H         SYMBOL        XDATALEN
  N:0000H         SYMBOL        XDATASTART
  C:0000H         LINE#         126
  C:4542H         LINE#         133
  C:4544H         LINE#         134
  C:4545H         LINE#         135
  C:4546H         LINE#         136
  C:4548H         LINE#         185
  C:454BH         LINE#         196
  -------         ENDMOD        ?C_STARTUP

  -------         MODULE        ?C?FPADD
  C:160BH         PUBLIC        ?C?FPADD
  C:1607H         PUBLIC        ?C?FPSUB
  -------         ENDMOD        ?C?FPADD

  -------         MODULE        ?C?FPMUL
  C:16FCH         PUBLIC        ?C?FPMUL
  -------         ENDMOD        ?C?FPMUL

  -------         MODULE        ?C?FPDIV
  C:1805H         PUBLIC        ?C?FPDIV
  -------         ENDMOD        ?C?FPDIV

  -------         MODULE        ?C?FPCMP
  C:18A4H         PUBLIC        ?C?FPCMP
  C:18A2H         PUBLIC        ?C?FPCMP3
  -------         ENDMOD        ?C?FPCMP

  -------         MODULE        ?C?FPNEG
  C:191BH         PUBLIC        ?C?FPNEG
  -------         ENDMOD        ?C?FPNEG

  -------         MODULE        ?C?FCAST
  C:1936H         PUBLIC        ?C?FCASTC
  C:1931H         PUBLIC        ?C?FCASTI
  C:192CH         PUBLIC        ?C?FCASTL
  -------         ENDMOD        ?C?FCAST

  -------         MODULE        ?C?CASTF
  C:196AH         PUBLIC        ?C?CASTF
  -------         ENDMOD        ?C?CASTF

  -------         MODULE        ATAN2
  X:04D5H         PUBLIC        ?_atan2?BYTE
  C:4374H         PUBLIC        _atan2
  -------         ENDMOD        ATAN2

  -------         MODULE        SIN
  C:375DH         PUBLIC        _COS
  C:3773H         PUBLIC        _SIN
  C:37AFH         PUBLIC        _TAN
  -------         ENDMOD        SIN

  -------         MODULE        ACOS
  C:4883H         PUBLIC        _ACOS
BL51 BANKED LINKER/LOCATER V6.22                                                      02/21/2019  16:25:13  PAGE 49


  -------         ENDMOD        ACOS

  -------         MODULE        ASIN
  C:4991H         PUBLIC        _ASIN
  -------         ENDMOD        ASIN

  -------         MODULE        SQRT
  C:422BH         PUBLIC        _SQRT
  -------         ENDMOD        SQRT

  -------         MODULE        ATAN
  C:3B6BH         PUBLIC        _ATAN
  -------         ENDMOD        ATAN

  -------         MODULE        ?C?COPY
  C:1B08H         PUBLIC        ?C?COPY
  -------         ENDMOD        ?C?COPY

  -------         MODULE        ?C?CLDPTR
  C:1B2EH         PUBLIC        ?C?CLDPTR
  -------         ENDMOD        ?C?CLDPTR

  -------         MODULE        ?C?CLDOPTR
  C:1B47H         PUBLIC        ?C?CLDOPTR
  -------         ENDMOD        ?C?CLDOPTR

  -------         MODULE        ?C?CSTPTR
  C:1B74H         PUBLIC        ?C?CSTPTR
  -------         ENDMOD        ?C?CSTPTR

  -------         MODULE        ?C?IMUL
  C:1B86H         PUBLIC        ?C?IMUL
  -------         ENDMOD        ?C?IMUL

  -------         MODULE        ?C?UIDIV
  C:1B98H         PUBLIC        ?C?UIDIV
  -------         ENDMOD        ?C?UIDIV

  -------         MODULE        ?C?SIDIV
  C:1BEDH         PUBLIC        ?C?SIDIV
  -------         ENDMOD        ?C?SIDIV

  -------         MODULE        ?C?ILDIX
  C:1C23H         PUBLIC        ?C?ILDIX
  -------         ENDMOD        ?C?ILDIX

  -------         MODULE        ?C?ILDOPTR
  C:1C39H         PUBLIC        ?C?ILDOPTR
  -------         ENDMOD        ?C?ILDOPTR

  -------         MODULE        ?C?ISTPTR
  C:1C71H         PUBLIC        ?C?ISTPTR
  -------         ENDMOD        ?C?ISTPTR

  -------         MODULE        ?C?LMUL
  C:1C90H         PUBLIC        ?C?LMUL
  -------         ENDMOD        ?C?LMUL
BL51 BANKED LINKER/LOCATER V6.22                                                      02/21/2019  16:25:13  PAGE 50



  -------         MODULE        ?C?SLDIV
  C:48CDH         PUBLIC        ?C?SLDIV
  -------         ENDMOD        ?C?SLDIV

  -------         MODULE        ?C?LNEG
  C:1CDFH         PUBLIC        ?C?LNEG
  -------         ENDMOD        ?C?LNEG

  -------         MODULE        ?C?ULCMP
  C:1CEDH         PUBLIC        ?C?ULCMP
  -------         ENDMOD        ?C?ULCMP

  -------         MODULE        ?C?LSHL
  C:1CFEH         PUBLIC        ?C?LSHL
  -------         ENDMOD        ?C?LSHL

  -------         MODULE        ?C?LLDPTR
  C:1D11H         PUBLIC        ?C?LLDPTR
  -------         ENDMOD        ?C?LLDPTR

  -------         MODULE        ?C?LLDOPTR
  C:1D31H         PUBLIC        ?C?LLDOPTR
  -------         ENDMOD        ?C?LLDOPTR

  -------         MODULE        ?C?LSTPTR
  C:1D61H         PUBLIC        ?C?LSTPTR
  -------         ENDMOD        ?C?LSTPTR

  -------         MODULE        ?C?LSTOPTR
  C:1D7BH         PUBLIC        ?C?LSTOPTR
  -------         ENDMOD        ?C?LSTOPTR

  -------         MODULE        ?C?LLDXDATA
  C:1D9FH         PUBLIC        ?C?LLDXDATA
  -------         ENDMOD        ?C?LLDXDATA

  -------         MODULE        ?C?LLDCODE
  C:1DABH         PUBLIC        ?C?LLDCODE
  -------         ENDMOD        ?C?LLDCODE

  -------         MODULE        ?C?LLDXDATA0
  C:1DBBH         PUBLIC        ?C?LLDXDATA0
  -------         ENDMOD        ?C?LLDXDATA0

  -------         MODULE        ?C?LLDCODE0
  C:1DC7H         PUBLIC        ?C?LLDCODE0
  -------         ENDMOD        ?C?LLDCODE0

  -------         MODULE        ?C?LLDPTR0
  C:1DD7H         PUBLIC        ?C?LLDPTR0
  -------         ENDMOD        ?C?LLDPTR0

  -------         MODULE        ?C?LSTXDATA
  C:1DF7H         PUBLIC        ?C?LSTXDATA
  -------         ENDMOD        ?C?LSTXDATA

BL51 BANKED LINKER/LOCATER V6.22                                                      02/21/2019  16:25:13  PAGE 51


  -------         MODULE        ?C?LSTKXDATA
  C:1E03H         PUBLIC        ?C?LSTKXDATA
  -------         ENDMOD        ?C?LSTKXDATA

  -------         MODULE        ?C?LSTKPTR
  C:1E34H         PUBLIC        ?C?LSTKPTR
  -------         ENDMOD        ?C?LSTKPTR

  -------         MODULE        ?C?OFFXADD
  C:1E4EH         PUBLIC        ?C?OFFXADD
  -------         ENDMOD        ?C?OFFXADD

  -------         MODULE        ABS
  C:4CB9H         PUBLIC        _ABS
  -------         ENDMOD        ABS

  -------         MODULE        ATOI
  C:3E6EH         PUBLIC        _atoi
  -------         ENDMOD        ATOI

  -------         MODULE        ?C?IILDX
  C:1E5AH         PUBLIC        ?C?IILDX
  -------         ENDMOD        ?C?IILDX

  -------         MODULE        ?C?ULDIV
  C:1EACH         PUBLIC        ?C?ULDIV
  -------         ENDMOD        ?C?ULDIV

  -------         MODULE        ?C?LLDIDATA
  C:1F3EH         PUBLIC        ?C?LLDIDATA
  -------         ENDMOD        ?C?LLDIDATA

  -------         MODULE        ?C?LLDPDATA
  C:1F4AH         PUBLIC        ?C?LLDPDATA
  -------         ENDMOD        ?C?LLDPDATA

  -------         MODULE        ?C?LLDIDATA0
  C:1F56H         PUBLIC        ?C?LLDIDATA0
  -------         ENDMOD        ?C?LLDIDATA0

  -------         MODULE        ?C?LLDPDATA0
  C:1F63H         PUBLIC        ?C?LLDPDATA0
  -------         ENDMOD        ?C?LLDPDATA0

  -------         MODULE        ?C?LSTIDATA
  C:1F70H         PUBLIC        ?C?LSTIDATA
  -------         ENDMOD        ?C?LSTIDATA

  -------         MODULE        ?C?LSTPDATA
  C:1F7CH         PUBLIC        ?C?LSTPDATA
  -------         ENDMOD        ?C?LSTPDATA

  -------         MODULE        ?C?LSTKIDATA
  C:1F88H         PUBLIC        ?C?LSTKIDATA
  -------         ENDMOD        ?C?LSTKIDATA

  -------         MODULE        ?C?LSTKPDATA
BL51 BANKED LINKER/LOCATER V6.22                                                      02/21/2019  16:25:13  PAGE 52


  C:1FA1H         PUBLIC        ?C?LSTKPDATA
  -------         ENDMOD        ?C?LSTKPDATA

  -------         MODULE        ISDIGIT
  C:4C91H         PUBLIC        _isdigit
  -------         ENDMOD        ISDIGIT

  -------         MODULE        ISSPACE
  C:4C2CH         PUBLIC        _isspace
  -------         ENDMOD        ISSPACE

*** WARNING L16: UNCALLED SEGMENT, IGNORED FOR OVERLAY PROCESS
    SEGMENT: ?PR?_DISPLAY_PROX?MAIN

*** WARNING L16: UNCALLED SEGMENT, IGNORED FOR OVERLAY PROCESS
    SEGMENT: ?PR?_DAY_OF_YEAR?PCF85063BTL

*** WARNING L16: UNCALLED SEGMENT, IGNORED FOR OVERLAY PROCESS
    SEGMENT: ?PR?INITUART1?UART1

*** WARNING L16: UNCALLED SEGMENT, IGNORED FOR OVERLAY PROCESS
    SEGMENT: ?PR?_SENDSTRING?UART1

*** WARNING L16: UNCALLED SEGMENT, IGNORED FOR OVERLAY PROCESS
    SEGMENT: ?PR?_TEN?UART1

*** WARNING L16: UNCALLED SEGMENT, IGNORED FOR OVERLAY PROCESS
    SEGMENT: ?PR?_UNIT?UART1

*** WARNING L16: UNCALLED SEGMENT, IGNORED FOR OVERLAY PROCESS
    SEGMENT: ?PR?_DECTOBCD?UART1

*** WARNING L16: UNCALLED SEGMENT, IGNORED FOR OVERLAY PROCESS
    SEGMENT: ?PR?_ASCII_LETTER?UART1

*** WARNING L16: UNCALLED SEGMENT, IGNORED FOR OVERLAY PROCESS
    SEGMENT: ?PR?_ASCIITOBCD?UART1

*** WARNING L16: UNCALLED SEGMENT, IGNORED FOR OVERLAY PROCESS
    SEGMENT: ?PR?WAIT?BIPOLARMOTOR

*** WARNING L16: UNCALLED SEGMENT, IGNORED FOR OVERLAY PROCESS
    SEGMENT: ?PR?_FINDDET4X4?BIPOLARMOTOR

*** WARNING L16: UNCALLED SEGMENT, IGNORED FOR OVERLAY PROCESS
    SEGMENT: ?PR?NOP?IOEXPANDER_PI4IOE5V96248

*** WARNING L16: UNCALLED SEGMENT, IGNORED FOR OVERLAY PROCESS
    SEGMENT: ?PR?UC_ACK?IOEXPANDER_PI4IOE5V96248

*** WARNING L16: UNCALLED SEGMENT, IGNORED FOR OVERLAY PROCESS
    SEGMENT: ?PR?UC_NACK?IOEXPANDER_PI4IOE5V96248

*** WARNING L16: UNCALLED SEGMENT, IGNORED FOR OVERLAY PROCESS
    SEGMENT: ?PR?_AT25SF041_READ?AT25SF041

*** WARNING L1: UNRESOLVED EXTERNAL SYMBOL
BL51 BANKED LINKER/LOCATER V6.22                                                      02/21/2019  16:25:13  PAGE 53


    SYMBOL:  AUTO_MODE
    MODULE:  .\Obj\main.obj (MAIN)

*** WARNING L2: REFERENCE MADE TO UNRESOLVED EXTERNAL
    SYMBOL:  AUTO_MODE
    MODULE:  .\Obj\main.obj (MAIN)
    ADDRESS: 0B41H

*** WARNING L2: REFERENCE MADE TO UNRESOLVED EXTERNAL
    SYMBOL:  AUTO_MODE
    MODULE:  .\Obj\main.obj (MAIN)
    ADDRESS: 0CB6H

*** WARNING L2: REFERENCE MADE TO UNRESOLVED EXTERNAL
    SYMBOL:  AUTO_MODE
    MODULE:  .\Obj\main.obj (MAIN)
    ADDRESS: 0CC4H

*** WARNING L2: REFERENCE MADE TO UNRESOLVED EXTERNAL
    SYMBOL:  AUTO_MODE
    MODULE:  .\Obj\main.obj (MAIN)
    ADDRESS: 0CD6H

*** WARNING L2: REFERENCE MADE TO UNRESOLVED EXTERNAL
    SYMBOL:  AUTO_MODE
    MODULE:  .\Obj\main.obj (MAIN)
    ADDRESS: 0D18H

*** WARNING L2: REFERENCE MADE TO UNRESOLVED EXTERNAL
    SYMBOL:  AUTO_MODE
    MODULE:  .\Obj\main.obj (MAIN)
    ADDRESS: 0DEBH

*** WARNING L1: UNRESOLVED EXTERNAL SYMBOL
    SYMBOL:  _SENDUART1
    MODULE:  .\Obj\UART1.obj (UART1)

*** WARNING L2: REFERENCE MADE TO UNRESOLVED EXTERNAL
    SYMBOL:  _SENDUART1
    MODULE:  .\Obj\UART1.obj (UART1)
    ADDRESS: 49FAH

*** WARNING L1: UNRESOLVED EXTERNAL SYMBOL
    SYMBOL:  AUTO_MODE
    MODULE:  .\Obj\KeyPad.obj (KEYPAD)

*** WARNING L2: REFERENCE MADE TO UNRESOLVED EXTERNAL
    SYMBOL:  AUTO_MODE
    MODULE:  .\Obj\KeyPad.obj (KEYPAD)
    ADDRESS: 3164H

*** WARNING L2: REFERENCE MADE TO UNRESOLVED EXTERNAL
    SYMBOL:  AUTO_MODE
    MODULE:  .\Obj\KeyPad.obj (KEYPAD)
    ADDRESS: 316FH

*** WARNING L2: REFERENCE MADE TO UNRESOLVED EXTERNAL
BL51 BANKED LINKER/LOCATER V6.22                                                      02/21/2019  16:25:13  PAGE 54


    SYMBOL:  AUTO_MODE
    MODULE:  .\Obj\KeyPad.obj (KEYPAD)
    ADDRESS: 3176H

Program Size: data=10.2 xdata=1592 code=19691
LINK/LOCATE RUN COMPLETE.  28 WARNING(S),  0 ERROR(S)
