BL51 BANKED LINKER/LOCATER V6.22                                                        06/11/2019  11:16:52  PAGE 1


BL51 BANKED LINKER/LOCATER V6.22, INVOKED BY:
C:\KEIL_V5\C51\BIN\BL51.EXE .\Obj\main.obj, .\Obj\PCF85063BTL.obj, .\Obj\LCd_Driver_SPLC780D.obj, .\Obj\KeyPad.obj, .\Ob
>> j\BipolarMotor.obj, .\Obj\SunPos.obj, .\Obj\ADC.obj, .\Obj\Calibration.obj, .\Obj\IOExpander_PI4IOE5V96248.obj, .\Obj
>> \AT25SF041.obj, .\Obj\SI1120.obj, .\Obj\UART1.obj, .\Obj\STARTUP.obj TO .\Obj\GPIO_RTC_Test PRINT (.\Lis\GPIO_RTC_Tes
>> t.m51) RAMSIZE (256)


MEMORY MODEL: LARGE WITH FLOATING POINT ARITHMETIC


INPUT MODULES INCLUDED:
  .\Obj\main.obj (MAIN)
  .\Obj\PCF85063BTL.obj (PCF85063BTL)
  .\Obj\LCd_Driver_SPLC780D.obj (LCD_DRIVER_SPLC780D)
  .\Obj\KeyPad.obj (KEYPAD)
  .\Obj\BipolarMotor.obj (BIPOLARMOTOR)
  .\Obj\SunPos.obj (SUNPOS)
  .\Obj\ADC.obj (ADC)
  .\Obj\Calibration.obj (CALIBRATION)
  .\Obj\IOExpander_PI4IOE5V96248.obj (IOEXPANDER_PI4IOE5V96248)
  .\Obj\AT25SF041.obj (AT25SF041)
  .\Obj\SI1120.obj (SI1120)
  .\Obj\UART1.obj (UART1)
  .\Obj\STARTUP.obj (?C_STARTUP)
  C:\KEIL_V5\C51\LIB\C51FPL.LIB (?C?FPADD)
  C:\KEIL_V5\C51\LIB\C51FPL.LIB (?C?FPMUL)
  C:\KEIL_V5\C51\LIB\C51FPL.LIB (?C?FPDIV)
  C:\KEIL_V5\C51\LIB\C51FPL.LIB (?C?FPCMP)
  C:\KEIL_V5\C51\LIB\C51FPL.LIB (?C?FPNEG)
  C:\KEIL_V5\C51\LIB\C51FPL.LIB (?C?FCAST)
  C:\KEIL_V5\C51\LIB\C51FPL.LIB (?C?CASTF)
  C:\KEIL_V5\C51\LIB\C51FPL.LIB (PRINTF)
  C:\KEIL_V5\C51\LIB\C51FPL.LIB (FABS)
  C:\KEIL_V5\C51\LIB\C51FPL.LIB (ATAN2)
  C:\KEIL_V5\C51\LIB\C51FPL.LIB (SIN)
  C:\KEIL_V5\C51\LIB\C51FPL.LIB (ACOS)
  C:\KEIL_V5\C51\LIB\C51FPL.LIB (ASIN)
  C:\KEIL_V5\C51\LIB\C51FPL.LIB (POW)
  C:\KEIL_V5\C51\LIB\C51FPL.LIB (?C?FPGETOPN)
  C:\KEIL_V5\C51\LIB\C51FPL.LIB (?C?CHKFLOAT)
  C:\KEIL_V5\C51\LIB\C51FPL.LIB (?C?FPROUND)
  C:\KEIL_V5\C51\LIB\C51FPL.LIB (?C?FPCONVERT)
  C:\KEIL_V5\C51\LIB\C51FPL.LIB (?C?FPSERIES)
  C:\KEIL_V5\C51\LIB\C51FPL.LIB (EXP)
  C:\KEIL_V5\C51\LIB\C51FPL.LIB (LOG)
  C:\KEIL_V5\C51\LIB\C51FPL.LIB (SQRT)
  C:\KEIL_V5\C51\LIB\C51FPL.LIB (ATAN)
  C:\KEIL_V5\C51\LIB\C51FPL.LIB (?C?FTNPWR)
  C:\KEIL_V5\C51\LIB\C51L.LIB (?C_INIT)
  C:\KEIL_V5\C51\LIB\C51L.LIB (?C?COPY)
  C:\KEIL_V5\C51\LIB\C51L.LIB (?C?CLDPTR)
  C:\KEIL_V5\C51\LIB\C51L.LIB (?C?CLDOPTR)
  C:\KEIL_V5\C51\LIB\C51L.LIB (?C?CSTPTR)
  C:\KEIL_V5\C51\LIB\C51L.LIB (?C?IMUL)
  C:\KEIL_V5\C51\LIB\C51L.LIB (?C?UIDIV)
  C:\KEIL_V5\C51\LIB\C51L.LIB (?C?SIDIV)
  C:\KEIL_V5\C51\LIB\C51L.LIB (?C?ILDIX)
  C:\KEIL_V5\C51\LIB\C51L.LIB (?C?ILDOPTR)
BL51 BANKED LINKER/LOCATER V6.22                                                      06/11/2019  11:16:52  PAGE 2


  C:\KEIL_V5\C51\LIB\C51L.LIB (?C?ISTPTR)
  C:\KEIL_V5\C51\LIB\C51L.LIB (?C?LMUL)
  C:\KEIL_V5\C51\LIB\C51L.LIB (?C?SLDIV)
  C:\KEIL_V5\C51\LIB\C51L.LIB (?C?LNEG)
  C:\KEIL_V5\C51\LIB\C51L.LIB (?C?ULCMP)
  C:\KEIL_V5\C51\LIB\C51L.LIB (?C?LSHL)
  C:\KEIL_V5\C51\LIB\C51L.LIB (?C?LLDPTR)
  C:\KEIL_V5\C51\LIB\C51L.LIB (?C?LLDOPTR)
  C:\KEIL_V5\C51\LIB\C51L.LIB (?C?LSTPTR)
  C:\KEIL_V5\C51\LIB\C51L.LIB (?C?LSTOPTR)
  C:\KEIL_V5\C51\LIB\C51L.LIB (?C?LLDXDATA)
  C:\KEIL_V5\C51\LIB\C51L.LIB (?C?LLDCODE)
  C:\KEIL_V5\C51\LIB\C51L.LIB (?C?LLDXDATA0)
  C:\KEIL_V5\C51\LIB\C51L.LIB (?C?LLDCODE0)
  C:\KEIL_V5\C51\LIB\C51L.LIB (?C?LLDPTR0)
  C:\KEIL_V5\C51\LIB\C51L.LIB (?C?LSTXDATA)
  C:\KEIL_V5\C51\LIB\C51L.LIB (?C?LSTKXDATA)
  C:\KEIL_V5\C51\LIB\C51L.LIB (?C?LSTKPTR)
  C:\KEIL_V5\C51\LIB\C51L.LIB (?C?OFFXADD)
  C:\KEIL_V5\C51\LIB\C51L.LIB (?C?PLDIXDATA)
  C:\KEIL_V5\C51\LIB\C51L.LIB (?C?PSTXDATA)
  C:\KEIL_V5\C51\LIB\C51L.LIB (?C?CCASE)
  C:\KEIL_V5\C51\LIB\C51L.LIB (PUTCHAR)
  C:\KEIL_V5\C51\LIB\C51L.LIB (ABS)
  C:\KEIL_V5\C51\LIB\C51L.LIB (ATOI)
  C:\KEIL_V5\C51\LIB\C51L.LIB (?C?IILDX)
  C:\KEIL_V5\C51\LIB\C51L.LIB (?C?ULDIV)
  C:\KEIL_V5\C51\LIB\C51L.LIB (?C?LLDIDATA)
  C:\KEIL_V5\C51\LIB\C51L.LIB (?C?LLDPDATA)
  C:\KEIL_V5\C51\LIB\C51L.LIB (?C?LLDIDATA0)
  C:\KEIL_V5\C51\LIB\C51L.LIB (?C?LLDPDATA0)
  C:\KEIL_V5\C51\LIB\C51L.LIB (?C?LSTIDATA)
  C:\KEIL_V5\C51\LIB\C51L.LIB (?C?LSTPDATA)
  C:\KEIL_V5\C51\LIB\C51L.LIB (?C?LSTKIDATA)
  C:\KEIL_V5\C51\LIB\C51L.LIB (?C?LSTKPDATA)
  C:\KEIL_V5\C51\LIB\C51L.LIB (ISDIGIT)
  C:\KEIL_V5\C51\LIB\C51L.LIB (ISSPACE)


LINK MAP OF MODULE:  .\Obj\GPIO_RTC_Test (MAIN)


            TYPE    BASE      LENGTH    RELOCATION   SEGMENT NAME
            -----------------------------------------------------

            * * * * * * *   D A T A   M E M O R Y   * * * * * * *
            REG     0000H     0008H     ABSOLUTE     "REG BANK 0"
            DATA    0008H     0005H     UNIT         _DATA_GROUP_
                    000DH     0013H                  *** GAP ***
            BIT     0020H.0   0001H.2   UNIT         _BIT_GROUP_
            BIT     0021H.2   0000H.1   UNIT         ?BI?MAIN
            BIT     0021H.3   0000H.1   UNIT         ?BI?_ATOI?ATOI
                    0021H.4   0000H.4                *** GAP ***
            IDATA   0022H     0001H     UNIT         ?STACK

            * * * * * * *  X D A T A   M E M O R Y  * * * * * * *
            XDATA   0000H     03BCH     UNIT         ?XD?BIPOLARMOTOR
BL51 BANKED LINKER/LOCATER V6.22                                                      06/11/2019  11:16:52  PAGE 3


            XDATA   03BCH     015DH     UNIT         _XDATA_GROUP_
            XDATA   0519H     010BH     UNIT         ?XD?MAIN
            XDATA   0624H     0019H     UNIT         ?XD?KEYPAD
            XDATA   063DH     0008H     UNIT         ?XD?_AT25SF041_READ?AT25SF041
            XDATA   0645H     0005H     UNIT         ?XD?_ATOI?ATOI
            XDATA   064AH     0001H     UNIT         ?XD?UC_ACK?IOEXPANDER_PI4IOE5V96248
            XDATA   064BH     0001H     UNIT         ?XD?UC_NACK?IOEXPANDER_PI4IOE5V96248

            * * * * * * *   C O D E   M E M O R Y   * * * * * * *
            CODE    0000H     0003H     ABSOLUTE     
            CODE    0003H     0003H     ABSOLUTE     
            CODE    0006H     0005H     UNIT         ?PR?_UNIT?UART1
            CODE    000BH     0003H     ABSOLUTE     
            CODE    000EH     000DH     UNIT         ?PR?UART?MAIN
            CODE    001BH     0003H     ABSOLUTE     
            CODE    001EH     0005H     UNIT         ?PR?_ASCII_LETTER?UART1
            CODE    0023H     0003H     ABSOLUTE     
            CODE    0026H     1068H     UNIT         ?PR?MAIN?MAIN
            CODE    108EH     0BC8H     UNIT         ?C?LIB_CODE
            CODE    1C56H     07A2H     UNIT         ?PR?SUNPOS?SUNPOS
            CODE    23F8H     06F4H     UNIT         ?PR?_FIND_REAL_MAX?CALIBRATION
            CODE    2AECH     0631H     UNIT         ?PR?_UPDATE_POSITION?BIPOLARMOTOR
            CODE    311DH     04FBH     UNIT         ?PR?_THEORICALJP_POSITION?BIPOLARMOTOR
            CODE    3618H     0483H     UNIT         ?PR?PRINTF?PRINTF
            CODE    3A9BH     040EH     UNIT         ?C_INITSEG
            CODE    3EA9H     038CH     UNIT         ?PR?KEY_PROCESS?KEYPAD
            CODE    4235H     0380H     UNIT         ?PR?_ELEVATION_CALCULATION?BIPOLARMOTOR
            CODE    45B5H     01C7H     UNIT         ?PR?_CALIBRATION?CALIBRATION
            CODE    477CH     018DH     UNIT         ?PR?KEY_SCAN?KEYPAD
            CODE    4909H     0189H     UNIT         ?PR?SPI_NOR_WRITE_DATA?AT25SF041
            CODE    4A92H     0188H     UNIT         ?PR?SIN?SIN
            CODE    4C1AH     0166H     UNIT         ?PR?_POW?POW
            CODE    4D80H     0155H     UNIT         ?PR?_DISPLAY_POS?LCD_DRIVER_SPLC780D
            CODE    4ED5H     0129H     UNIT         ?PR?LOG?LOG
            CODE    4FFEH     0122H     UNIT         ?PR?ATAN?ATAN
            CODE    5120H     0110H     UNIT         ?PR?_AT25SF041_READ?AT25SF041
            CODE    5230H     0102H     UNIT         ?PR?_AT25SF041_WRITE?AT25SF041
            CODE    5332H     00F5H     UNIT         ?PR?EXINT0?MAIN
            CODE    5427H     00DBH     UNIT         ?PR?_ATOI?ATOI
            CODE    5502H     00C3H     UNIT         ?PR?LINEAR_INTERPOLATE?BIPOLARMOTOR
            CODE    55C5H     00BBH     UNIT         ?PR?VOLTAGE_IS_STABLE?CALIBRATION
            CODE    5680H     00ADH     UNIT         ?PR?_WRITE_PI4IOE5V96248?IOEXPANDER_PI4IOE5V96248
            CODE    572DH     00ACH     UNIT         ?PR?SQRT?SQRT
            CODE    57D9H     00A1H     UNIT         ?PR?UCREAD_STATUS_REGISTER_BYTE1?AT25SF041
            CODE    587AH     009DH     UNIT         ?PR?_ATAN2?ATAN2
            CODE    5917H     009CH     UNIT         ?PR?_MAX_VALUE?CALIBRATION
            CODE    59B3H     009AH     UNIT         ?PR?EXP?EXP
            CODE    5A4DH     008CH     UNIT         ?C_C51STARTUP
            CODE    5AD9H     0088H     UNIT         ?PR?_DAY_OF_YEAR?PCF85063BTL
            CODE    5B61H     0079H     UNIT         ?PR?_WRITEDATA?LCD_DRIVER_SPLC780D
            CODE    5BDAH     0072H     UNIT         ?PR?AT25SF041_WRITEENABLE?AT25SF041
            CODE    5C4CH     006FH     UNIT         ?PR?_READ_TIME?PCF85063BTL
            CODE    5CBBH     005AH     UNIT         ?PR?AT25SF041_CHIPERASE?AT25SF041
            CODE    5D15H     0059H     UNIT         ?PR?LCD_INIT?LCD_DRIVER_SPLC780D
            CODE    5D6EH     0056H     UNIT         ?CO?MAIN
            CODE    5DC4H     004BH     UNIT         ?CO?UART1
            CODE    5E0FH     004AH     UNIT         ?PR?VONESTEPMOVE?BIPOLARMOTOR
BL51 BANKED LINKER/LOCATER V6.22                                                      06/11/2019  11:16:52  PAGE 4


            CODE    5E59H     004AH     UNIT         ?PR?ACOS?ACOS
            CODE    5EA3H     0044H     UNIT         ?C?LDIV
            CODE    5EE7H     0040H     UNIT         ?PR?_COMMAND?LCD_DRIVER_SPLC780D
            CODE    5F27H     0040H     UNIT         ?PR?_STEP_MOVE?BIPOLARMOTOR
            CODE    5F67H     003BH     UNIT         ?PR?ASIN?ASIN
            CODE    5FA2H     0033H     UNIT         ?PR?_SENDSTRING?UART1
            CODE    5FD5H     0031H     UNIT         ?PR?SI1120_CONFIG_MODE_VIRH?SI1120
            CODE    6006H     002BH     UNIT         ?PR?_WAIT_MS_I2C?IOEXPANDER_PI4IOE5V96248
            CODE    6031H     002BH     UNIT         ?PR?_WAIT_MS_SPINOR?AT25SF041
            CODE    605CH     002AH     UNIT         ?PR?_ADC_GETRESULT?ADC
            CODE    6086H     0028H     UNIT         ?PR?_MOVE?BIPOLARMOTOR
            CODE    60AEH     0028H     UNIT         ?CO?CALIBRATION
            CODE    60D6H     0027H     UNIT         ?PR?_I2C_SENDBYTE?IOEXPANDER_PI4IOE5V96248
            CODE    60FDH     0027H     UNIT         ?PR?PUTCHAR?PUTCHAR
            CODE    6124H     0025H     UNIT         ?PR?_FINDCLOSESTSAMEDAYCALIBTIME?CALIBRATION
            CODE    6149H     0024H     UNIT         ?PR?_WAIT_MS?LCD_DRIVER_SPLC780D
            CODE    616DH     0024H     UNIT         ?PR?_UART1_SENDTOTCPSERVER?UART1
            CODE    6191H     0021H     UNIT         ?PR?TM0_ISR?MAIN
            CODE    61B2H     0020H     UNIT         ?PR?_SPI_SENDBYTE?PCF85063BTL
            CODE    61D2H     0020H     UNIT         ?PR?SPI_RECEIVEBYTE?PCF85063BTL
            CODE    61F2H     001EH     UNIT         ?PR?_DELAY_MS?KEYPAD
            CODE    6210H     001DH     UNIT         ?PR?_DISPLAYLCD?LCD_DRIVER_SPLC780D
            CODE    622DH     001BH     UNIT         ?PR?_BCDTODEC1?BIPOLARMOTOR
            CODE    6248H     001AH     UNIT         ?PR?ADC_INIT?ADC
            CODE    6262H     0018H     UNIT         ?PR?_SPI_WRITETIME?PCF85063BTL
            CODE    627AH     0017H     UNIT         ?PR?_ASCIITOBCD?UART1
            CODE    6291H     0016H     UNIT         ?PR?I2C_ACK?IOEXPANDER_PI4IOE5V96248
            CODE    62A7H     0015H     UNIT         ?PR?_DISPLAY_LINE?LCD_DRIVER_SPLC780D
            CODE    62BCH     0015H     UNIT         ?PR?VSETLOCATION?BIPOLARMOTOR
            CODE    62D1H     0015H     UNIT         ?PR?I2C_STOP?IOEXPANDER_PI4IOE5V96248
            CODE    62E6H     0014H     UNIT         ?PR?_PCF85063BTL_DELAY?PCF85063BTL
            CODE    62FAH     0014H     UNIT         ?PR?_ISSPACE?ISSPACE
            CODE    630EH     0011H     UNIT         ?PR?_SPI_READTIME?PCF85063BTL
            CODE    631FH     0011H     UNIT         ?PR?_BCDTODEC?PCF85063BTL
            CODE    6330H     0011H     UNIT         ?PR?INITUART1?UART1
            CODE    6341H     000FH     UNIT         ?PR?I2C_START?IOEXPANDER_PI4IOE5V96248
            CODE    6350H     000FH     UNIT         ?PR?UC_NACK?IOEXPANDER_PI4IOE5V96248
            CODE    635FH     000FH     UNIT         ?PR?_ISDIGIT?ISDIGIT
            CODE    636EH     000DH     UNIT         ?PR?SPI_INIT?PCF85063BTL
            CODE    637BH     000DH     UNIT         ?PR?ENABLE_EXTINT0?SI1120
            CODE    6388H     000DH     UNIT         ?PR?_FABS?FABS
            CODE    6395H     000CH     UNIT         ?PR?KEYPAD_IO_INIT?KEYPAD
            CODE    63A1H     000CH     UNIT         ?PR?_ABS?ABS
            CODE    63ADH     000AH     UNIT         ?PR?LCD_RETURN_HOME?LCD_DRIVER_SPLC780D
            CODE    63B7H     000AH     UNIT         ?PR?LCD_CLEAR?LCD_DRIVER_SPLC780D
            CODE    63C1H     0009H     UNIT         ?PR?TM1_ISR?MAIN
            CODE    63CAH     0009H     UNIT         ?PR?_SENDUART1?MAIN
            CODE    63D3H     0009H     UNIT         ?PR?UART1_INITTCPCONN?UART1
            CODE    63DCH     0006H     UNIT         ?PR?UC_ACK?IOEXPANDER_PI4IOE5V96248
            CODE    63E2H     0006H     UNIT         ?PR?_TEN?UART1
            CODE    63E8H     0001H     UNIT         ?PR?NOP?IOEXPANDER_PI4IOE5V96248
            CODE    63E9H     0001H     UNIT         ?PR?_DECTOBCD?UART1



OVERLAY MAP OF MODULE:   .\Obj\GPIO_RTC_Test (MAIN)

BL51 BANKED LINKER/LOCATER V6.22                                                      06/11/2019  11:16:52  PAGE 5



SEGMENT                                             BIT_GROUP          DATA_GROUP          XDATA_GROUP
  +--> CALLED SEGMENT                            START    LENGTH     START    LENGTH     START    LENGTH
--------------------------------------------------------------------------------------------------------
?PR?EXINT0?MAIN                                  -----    -----      -----    -----      -----    -----
  +--> ?PR?_POW?POW

?PR?_POW?POW                                     -----    -----      -----    -----      03BCH    000AH
  +--> ?PR?LOG?LOG
  +--> ?PR?EXP?EXP

?PR?LOG?LOG                                      0020H.0  0000H.1    -----    -----      03C6H    0004H

*** NEW ROOT ***************************************************

?C_C51STARTUP                                    -----    -----      -----    -----      -----    -----
  +--> ?PR?MAIN?MAIN
  +--> ?C_INITSEG

?PR?MAIN?MAIN                                    -----    -----      -----    -----      03CAH    002EH
  +--> ?PR?LCD_INIT?LCD_DRIVER_SPLC780D
  +--> ?PR?SPI_INIT?PCF85063BTL
  +--> ?PR?KEYPAD_IO_INIT?KEYPAD
  +--> ?PR?ADC_INIT?ADC
  +--> ?PR?SI1120_CONFIG_MODE_VIRH?SI1120
  +--> ?PR?ENABLE_EXTINT0?SI1120
  +--> ?PR?VSETLOCATION?BIPOLARMOTOR
  +--> ?PR?_SPI_WRITETIME?PCF85063BTL
  +--> ?PR?_DELAY_MS?KEYPAD
  +--> ?PR?_DISPLAY_LINE?LCD_DRIVER_SPLC780D
  +--> ?PR?_WRITEDATA?LCD_DRIVER_SPLC780D
  +--> ?PR?INITUART1?UART1
  +--> ?PR?UART1_INITTCPCONN?UART1
  +--> ?CO?MAIN
  +--> ?PR?_UART1_SENDTOTCPSERVER?UART1
  +--> ?PR?KEY_PROCESS?KEYPAD
  +--> ?PR?_COMMAND?LCD_DRIVER_SPLC780D
  +--> ?PR?_DISPLAY_POS?LCD_DRIVER_SPLC780D
  +--> ?PR?_DISPLAYLCD?LCD_DRIVER_SPLC780D
  +--> ?PR?_STEP_MOVE?BIPOLARMOTOR
  +--> ?PR?LCD_RETURN_HOME?LCD_DRIVER_SPLC780D
  +--> ?PR?_READ_TIME?PCF85063BTL
  +--> ?PR?_BCDTODEC1?BIPOLARMOTOR
  +--> ?PR?_SENDSTRING?UART1
  +--> ?PR?_ELEVATION_CALCULATION?BIPOLARMOTOR
  +--> ?PR?PRINTF?PRINTF
  +--> ?PR?SIN?SIN
  +--> ?PR?_CALIBRATION?CALIBRATION
  +--> ?PR?_UPDATE_POSITION?BIPOLARMOTOR
  +--> ?PR?AT25SF041_WRITEENABLE?AT25SF041
  +--> ?PR?_AT25SF041_WRITE?AT25SF041
  +--> ?PR?_WAIT_MS_SPINOR?AT25SF041
  +--> ?PR?_ADC_GETRESULT?ADC
  +--> ?PR?SPI_NOR_WRITE_DATA?AT25SF041
  +--> ?PR?_WAIT_MS?LCD_DRIVER_SPLC780D
  +--> ?PR?LINEAR_INTERPOLATE?BIPOLARMOTOR
  +--> ?PR?_FINDCLOSESTSAMEDAYCALIBTIME?CALI...
BL51 BANKED LINKER/LOCATER V6.22                                                      06/11/2019  11:16:52  PAGE 6


  +--> ?PR?LCD_CLEAR?LCD_DRIVER_SPLC780D
  +--> ?PR?AT25SF041_CHIPERASE?AT25SF041

?PR?LCD_INIT?LCD_DRIVER_SPLC780D                 -----    -----      -----    -----      -----    -----
  +--> ?PR?_WAIT_MS?LCD_DRIVER_SPLC780D
  +--> ?PR?_COMMAND?LCD_DRIVER_SPLC780D

?PR?_COMMAND?LCD_DRIVER_SPLC780D                 -----    -----      -----    -----      -----    -----
  +--> ?PR?_WAIT_MS?LCD_DRIVER_SPLC780D

?PR?SI1120_CONFIG_MODE_VIRH?SI1120               -----    -----      -----    -----      -----    -----
  +--> ?PR?_WAIT_MS?LCD_DRIVER_SPLC780D

?PR?_SPI_WRITETIME?PCF85063BTL                   -----    -----      -----    -----      -----    -----
  +--> ?PR?_SPI_SENDBYTE?PCF85063BTL

?PR?_SPI_SENDBYTE?PCF85063BTL                    -----    -----      -----    -----      -----    -----
  +--> ?PR?_PCF85063BTL_DELAY?PCF85063BTL

?PR?_DISPLAY_LINE?LCD_DRIVER_SPLC780D            -----    -----      -----    -----      -----    -----
  +--> ?PR?_COMMAND?LCD_DRIVER_SPLC780D

?PR?_WRITEDATA?LCD_DRIVER_SPLC780D               -----    -----      -----    -----      04F4H    0001H
  +--> ?PR?_WAIT_MS?LCD_DRIVER_SPLC780D

?PR?UART1_INITTCPCONN?UART1                      -----    -----      -----    -----      -----    -----
  +--> ?CO?UART1
  +--> ?PR?_SENDSTRING?UART1

?PR?_SENDSTRING?UART1                            -----    -----      -----    -----      04E9H    0003H
  +--> ?PR?_SENDUART1?MAIN

?PR?_UART1_SENDTOTCPSERVER?UART1                 -----    -----      -----    -----      03F8H    0003H
  +--> ?CO?UART1
  +--> ?PR?_SENDSTRING?UART1
  +--> ?PR?_DELAY_MS?KEYPAD

?PR?KEY_PROCESS?KEYPAD                           -----    -----      -----    -----      03F8H    0006H
  +--> ?PR?KEY_SCAN?KEYPAD
  +--> ?PR?_SPI_WRITETIME?PCF85063BTL
  +--> ?PR?LCD_CLEAR?LCD_DRIVER_SPLC780D
  +--> ?PR?_COMMAND?LCD_DRIVER_SPLC780D
  +--> ?PR?_WRITEDATA?LCD_DRIVER_SPLC780D

?PR?KEY_SCAN?KEYPAD                              -----    -----      -----    -----      03FEH    0003H

?PR?LCD_CLEAR?LCD_DRIVER_SPLC780D                -----    -----      -----    -----      -----    -----
  +--> ?PR?_COMMAND?LCD_DRIVER_SPLC780D

?PR?_DISPLAY_POS?LCD_DRIVER_SPLC780D             -----    -----      -----    -----      04E9H    000BH
  +--> ?PR?_ABS?ABS
  +--> ?PR?_WRITEDATA?LCD_DRIVER_SPLC780D

?PR?_DISPLAYLCD?LCD_DRIVER_SPLC780D              -----    -----      -----    -----      03F8H    0001H
  +--> ?PR?_WRITEDATA?LCD_DRIVER_SPLC780D

?PR?_STEP_MOVE?BIPOLARMOTOR                      0020H.2  0000H.1    -----    -----      04EDH    0004H
BL51 BANKED LINKER/LOCATER V6.22                                                      06/11/2019  11:16:52  PAGE 7


  +--> ?PR?VONESTEPMOVE?BIPOLARMOTOR

?PR?VONESTEPMOVE?BIPOLARMOTOR                    0020H.3  0000H.1    -----    -----      -----    -----
  +--> ?PR?_WRITE_PI4IOE5V96248?IOEXPANDER_P...
  +--> ?PR?_DELAY_MS?KEYPAD

?PR?_WRITE_PI4IOE5V96248?IOEXPANDER_P...         -----    -----      -----    -----      04F1H    0003H
  +--> ?PR?I2C_START?IOEXPANDER_PI4IOE5V96248
  +--> ?PR?_WAIT_MS_I2C?IOEXPANDER_PI4IOE5V9...
  +--> ?PR?_I2C_SENDBYTE?IOEXPANDER_PI4IOE5V...
  +--> ?PR?I2C_ACK?IOEXPANDER_PI4IOE5V96248
  +--> ?PR?I2C_STOP?IOEXPANDER_PI4IOE5V96248

?PR?I2C_START?IOEXPANDER_PI4IOE5V96248           -----    -----      -----    -----      -----    -----
  +--> ?PR?_WAIT_MS_I2C?IOEXPANDER_PI4IOE5V9...

?PR?_I2C_SENDBYTE?IOEXPANDER_PI4IOE5V...         -----    -----      -----    -----      -----    -----
  +--> ?PR?_WAIT_MS_I2C?IOEXPANDER_PI4IOE5V9...

?PR?I2C_ACK?IOEXPANDER_PI4IOE5V96248             -----    -----      -----    -----      04F4H    0001H
  +--> ?PR?_WAIT_MS_I2C?IOEXPANDER_PI4IOE5V9...

?PR?I2C_STOP?IOEXPANDER_PI4IOE5V96248            -----    -----      -----    -----      -----    -----
  +--> ?PR?_WAIT_MS_I2C?IOEXPANDER_PI4IOE5V9...

?PR?LCD_RETURN_HOME?LCD_DRIVER_SPLC780D          -----    -----      -----    -----      -----    -----
  +--> ?PR?_COMMAND?LCD_DRIVER_SPLC780D

?PR?_READ_TIME?PCF85063BTL                       -----    -----      -----    -----      04E9H    000FH
  +--> ?PR?_SPI_READTIME?PCF85063BTL

?PR?_SPI_READTIME?PCF85063BTL                    -----    -----      -----    -----      -----    -----
  +--> ?PR?_SPI_SENDBYTE?PCF85063BTL
  +--> ?PR?SPI_RECEIVEBYTE?PCF85063BTL

?PR?SPI_RECEIVEBYTE?PCF85063BTL                  -----    -----      -----    -----      -----    -----
  +--> ?PR?_PCF85063BTL_DELAY?PCF85063BTL

?PR?_ELEVATION_CALCULATION?BIPOLARMOTOR          -----    -----      -----    -----      03F8H    0005H
  +--> ?PR?_BCDTODEC1?BIPOLARMOTOR
  +--> ?PR?SUNPOS?SUNPOS
  +--> ?PR?SIN?SIN
  +--> ?PR?ASIN?ASIN

?PR?SUNPOS?SUNPOS                                -----    -----      -----    -----      0442H    005DH
  +--> ?PR?SIN?SIN
  +--> ?PR?_ATAN2?ATAN2
  +--> ?PR?ASIN?ASIN
  +--> ?PR?ACOS?ACOS

?PR?SIN?SIN                                      0020H.1  0000H.1    -----    -----      049FH    0004H

?PR?_ATAN2?ATAN2                                 -----    -----      -----    -----      049FH    0008H
  +--> ?PR?ATAN?ATAN

?PR?ATAN?ATAN                                    0020H.1  0000H.2    -----    -----      04A7H    0004H

BL51 BANKED LINKER/LOCATER V6.22                                                      06/11/2019  11:16:52  PAGE 8


?PR?ASIN?ASIN                                    -----    -----      -----    -----      -----    -----
  +--> ?PR?SQRT?SQRT
  +--> ?PR?ATAN?ATAN

?PR?SQRT?SQRT                                    -----    -----      -----    -----      049FH    0004H

?PR?ACOS?ACOS                                    -----    -----      -----    -----      -----    -----
  +--> ?PR?SQRT?SQRT
  +--> ?PR?ATAN?ATAN

?PR?PRINTF?PRINTF                                0020H.1  0001H.1    0008H    0005H      04E9H    0030H
  +--> ?PR?PUTCHAR?PUTCHAR

?PR?_CALIBRATION?CALIBRATION                     -----    -----      -----    -----      03F8H    0024H
  +--> ?PR?VOLTAGE_IS_STABLE?CALIBRATION
  +--> ?PR?_UPDATE_POSITION?BIPOLARMOTOR
  +--> ?PR?_FIND_REAL_MAX?CALIBRATION

?PR?VOLTAGE_IS_STABLE?CALIBRATION                -----    -----      -----    -----      041CH    0018H
  +--> ?PR?_ADC_GETRESULT?ADC
  +--> ?PR?_ABS?ABS

?PR?_UPDATE_POSITION?BIPOLARMOTOR                -----    -----      -----    -----      041CH    0026H
  +--> ?PR?_BCDTODEC1?BIPOLARMOTOR
  +--> ?PR?SUNPOS?SUNPOS
  +--> ?PR?SIN?SIN
  +--> ?PR?ASIN?ASIN
  +--> ?PR?_THEORICALJP_POSITION?BIPOLARMOTOR
  +--> ?PR?_FABS?FABS
  +--> ?PR?_MOVE?BIPOLARMOTOR

?PR?_THEORICALJP_POSITION?BIPOLARMOTOR           -----    -----      -----    -----      0442H    005CH
  +--> ?PR?LINEAR_INTERPOLATE?BIPOLARMOTOR

?PR?LINEAR_INTERPOLATE?BIPOLARMOTOR              -----    -----      -----    -----      049EH    0014H

?PR?_MOVE?BIPOLARMOTOR                           0020H.1  0000H.1    -----    -----      04E9H    0004H
  +--> ?PR?_STEP_MOVE?BIPOLARMOTOR

?PR?_FIND_REAL_MAX?CALIBRATION                   -----    -----      -----    -----      041CH    00CDH
  +--> ?PR?_ADC_GETRESULT?ADC
  +--> ?PR?_WAIT_MS?LCD_DRIVER_SPLC780D
  +--> ?CO?CALIBRATION
  +--> ?PR?PRINTF?PRINTF
  +--> ?PR?_SENDSTRING?UART1
  +--> ?PR?_COMMAND?LCD_DRIVER_SPLC780D
  +--> ?PR?_WRITEDATA?LCD_DRIVER_SPLC780D
  +--> ?PR?_DISPLAY_POS?LCD_DRIVER_SPLC780D
  +--> ?PR?_MOVE?BIPOLARMOTOR
  +--> ?PR?_READ_TIME?PCF85063BTL
  +--> ?PR?_BCDTODEC1?BIPOLARMOTOR
  +--> ?PR?_MAX_VALUE?CALIBRATION

?PR?_MAX_VALUE?CALIBRATION                       -----    -----      -----    -----      04E9H    0004H

?PR?AT25SF041_WRITEENABLE?AT25SF041              -----    -----      -----    -----      0406H    0002H
  +--> ?PR?_WAIT_MS_SPINOR?AT25SF041
BL51 BANKED LINKER/LOCATER V6.22                                                      06/11/2019  11:16:52  PAGE 9


  +--> ?PR?UCREAD_STATUS_REGISTER_BYTE1?AT25...

?PR?UCREAD_STATUS_REGISTER_BYTE1?AT25...         -----    -----      -----    -----      040EH    0003H
  +--> ?PR?_WAIT_MS_SPINOR?AT25SF041

?PR?_AT25SF041_WRITE?AT25SF041                   -----    -----      -----    -----      0406H    0008H
  +--> ?PR?_WAIT_MS_SPINOR?AT25SF041
  +--> ?PR?UCREAD_STATUS_REGISTER_BYTE1?AT25...

?PR?SPI_NOR_WRITE_DATA?AT25SF041                 -----    -----      -----    -----      03F8H    000EH
  +--> ?PR?AT25SF041_WRITEENABLE?AT25SF041
  +--> ?PR?_AT25SF041_WRITE?AT25SF041
  +--> ?PR?_WAIT_MS_SPINOR?AT25SF041

?PR?AT25SF041_CHIPERASE?AT25SF041                -----    -----      -----    -----      03F8H    0002H
  +--> ?PR?_WAIT_MS_SPINOR?AT25SF041
  +--> ?PR?UCREAD_STATUS_REGISTER_BYTE1?AT25...



SYMBOL TABLE OF MODULE:  .\Obj\GPIO_RTC_Test (MAIN)

  VALUE           TYPE          NAME
  ----------------------------------

  -------         MODULE        MAIN
  C:0000H         SYMBOL        _ICE_DUMMY_
  X:0521H         PUBLIC        calib_value
  D:0080H         PUBLIC        P0
  D:0090H         PUBLIC        P1
  D:00A0H         PUBLIC        P2
  D:00B0H         PUBLIC        P3
  D:00C0H         PUBLIC        P4
  D:00C8H         PUBLIC        P5
  X:0575H         SYMBOL        PressedKey
  B:00A8H.7       PUBLIC        EA
  D:00E8H         PUBLIC        P6
  X:0579H         PUBLIC        calib_stamp
  D:00F8H         PUBLIC        P7
  X:057AH         PUBLIC        sTempString
  X:0583H         PUBLIC        calib_bool
  X:05ADH         PUBLIC        pwm_time_min
  D:00A8H         PUBLIC        IE
  X:05B1H         PUBLIC        calib_time
  X:0605H         PUBLIC        pwm_time_max
  D:00B8H         PUBLIC        IP
  B:0098H.0       PUBLIC        RI
  B:00B0H.2       PUBLIC        INT0
  X:0609H         PUBLIC        months
  B:0098H.1       PUBLIC        TI
  C:000EH         PUBLIC        Uart
  D:00D8H         PUBLIC        CCON
  C:0026H         PUBLIC        main
  X:060AH         PUBLIC        count
  D:0099H         PUBLIC        SBUF
  X:060CH         PUBLIC        days
  X:060DH         PUBLIC        hours
BL51 BANKED LINKER/LOCATER V6.22                                                      06/11/2019  11:16:52  PAGE 10


  D:0098H         PUBLIC        SCON
  D:0089H         PUBLIC        TMOD
  D:0088H         PUBLIC        TCON
  B:00A0H.3       PUBLIC        P23
  X:060EH         SYMBOL        KeyCount
  X:0610H         PUBLIC        mins
  B:00C8H.5       PUBLIC        P55
  D:008EH         PUBLIC        AUXR
  C:6191H         PUBLIC        tm0_isr
  B:0090H.5       PUBLIC        SI1120_STX
  C:63C1H         PUBLIC        tm1_isr
  B:0021H.2       PUBLIC        busy
  D:00E0H         PUBLIC        ACC
  B:00A8H.1       PUBLIC        ET0
  B:00A8H.3       PUBLIC        ET1
  X:0611H         PUBLIC        SPI_NOR_INTERNAL_FLASH_ADDR
  D:008CH         PUBLIC        TH0
  D:008DH         PUBLIC        TH1
  D:008AH         PUBLIC        TL0
  D:008BH         PUBLIC        TL1
  B:0088H.4       PUBLIC        TR0
  B:0088H.6       PUBLIC        TR1
  X:0615H         PUBLIC        old_mins
  C:5332H         PUBLIC        exint0
  X:0616H         SYMBOL        KeyNum
  X:0617H         SYMBOL        KeyNum_Old
  X:0618H         PUBLIC        timer0_count
  X:061AH         PUBLIC        current_position
  X:061EH         PUBLIC        pwm_time
  X:0622H         PUBLIC        start_timer0_count
  X:0623H         PUBLIC        seconds
  D:00D0H         PUBLIC        PSW
  C:63CAH         PUBLIC        _SendUART1
  -------         PROC          TM0_ISR
  C:6191H         LINE#         100
  C:6197H         LINE#         104
  C:619AH         LINE#         105
  C:619DH         LINE#         106
  C:61ABH         LINE#         107
  -------         ENDPROC       TM0_ISR
  -------         PROC          TM1_ISR
  C:63C1H         LINE#         108
  C:63C1H         LINE#         110
  C:63C3H         LINE#         112
  C:63C6H         LINE#         113
  C:63C9H         LINE#         114
  -------         ENDPROC       TM1_ISR
  -------         PROC          EXINT0
  C:5332H         LINE#         115
  C:534FH         LINE#         119
  C:5352H         LINE#         120
  C:5352H         LINE#         121
  C:5355H         LINE#         122
  C:5358H         LINE#         123
  C:535AH         LINE#         124
  C:535CH         LINE#         128
  C:535FH         LINE#         131
BL51 BANKED LINKER/LOCATER V6.22                                                      06/11/2019  11:16:52  PAGE 11


  C:535FH         LINE#         132
  C:5361H         LINE#         134
  C:536DH         LINE#         135
  C:53C7H         LINE#         136
  C:5405H         LINE#         137
  C:540CH         LINE#         142
  C:540CH         LINE#         144
  -------         ENDPROC       EXINT0
  -------         PROC          MAIN
  -------         DO            
  X:0519H         SYMBOL        KeyCount
  X:051BH         SYMBOL        KeyNum_Old
  X:051CH         SYMBOL        KeyNum
  X:051DH         SYMBOL        PressedKey
  X:03CAH         SYMBOL        prox_flag
  X:03CBH         SYMBOL        iUse_prevday_calib_value
  X:03CDH         SYMBOL        max_ADC_Val_JP
  X:03CFH         SYMBOL        max_ADC_Val
  X:03D1H         SYMBOL        calib_point1
  X:03D9H         SYMBOL        calib_point2
  X:03E1H         SYMBOL        dat_to_store
  X:03ECH         SYMBOL        calib_day
  X:03EEH         SYMBOL        calib_count
  X:03F0H         SYMBOL        theorical_JP_max_pos
  X:03F4H         SYMBOL        elevation
  -------         ENDDO         
  C:0026H         LINE#         146
  C:0026H         LINE#         147
  C:0026H         LINE#         152
  C:002CH         LINE#         153
  C:0031H         LINE#         155
  C:0039H         LINE#         159
  C:003FH         LINE#         160
  C:0049H         LINE#         167
  C:0051H         LINE#         168
  C:0058H         LINE#         169
  C:005EH         LINE#         171
  C:0064H         LINE#         183
  C:0067H         LINE#         184
  C:006AH         LINE#         185
  C:006DH         LINE#         187
  C:0070H         LINE#         190
  C:0073H         LINE#         191
  C:0076H         LINE#         193
  C:0079H         LINE#         195
  C:007CH         LINE#         196
  C:007FH         LINE#         197
  C:0082H         LINE#         198
  C:0084H         LINE#         199
  C:0086H         LINE#         200
  C:0089H         LINE#         201
  C:008BH         LINE#         202
  C:008DH         LINE#         204
  C:008FH         LINE#         205
  C:0096H         LINE#         206
  C:009DH         LINE#         207
  C:00A4H         LINE#         208
BL51 BANKED LINKER/LOCATER V6.22                                                      06/11/2019  11:16:52  PAGE 12


  C:00ABH         LINE#         212
  C:00B2H         LINE#         213
  C:00B7H         LINE#         214
  C:00BCH         LINE#         215
  C:00C1H         LINE#         216
  C:00C6H         LINE#         217
  C:00CBH         LINE#         220
  C:00E4H         LINE#         221
  C:00E4H         LINE#         222
  C:0100H         LINE#         223
  C:0147H         LINE#         224
  C:0158H         LINE#         225
  C:015BH         LINE#         228
  C:0162H         LINE#         231
  C:0165H         LINE#         233
  C:016CH         LINE#         234
  C:0175H         LINE#         237
  C:0175H         LINE#         238
  C:0175H         LINE#         239
  C:0178H         LINE#         249
  C:0178H         LINE#         253
  C:017DH         LINE#         254
  C:0182H         LINE#         256
  C:0187H         LINE#         258
  C:018CH         LINE#         259
  C:0191H         LINE#         262
  C:01A2H         LINE#         264
  C:01A7H         LINE#         265
  C:01ACH         LINE#         267
  C:01B3H         LINE#         268
  C:01BBH         LINE#         269
  C:01C0H         LINE#         270
  C:01C8H         LINE#         271
  C:01CDH         LINE#         272
  C:01D7H         LINE#         273
  C:01DCH         LINE#         274
  C:01E4H         LINE#         276
  C:01ECH         LINE#         277
  C:01F1H         LINE#         278
  C:01FBH         LINE#         279
  C:01FBH         LINE#         280
  C:01FDH         LINE#         281
  C:01FFH         LINE#         282
  C:0209H         LINE#         283
  C:0209H         LINE#         284
  C:020EH         LINE#         285
  C:020EH         LINE#         297
  C:0222H         LINE#         298
  C:0222H         LINE#         299
  C:0237H         LINE#         300
  C:0246H         LINE#         301
  C:0246H         LINE#         302
  C:0259H         LINE#         303
  C:025BH         LINE#         305
  C:025BH         LINE#         306
  C:0277H         LINE#         307
  C:0277H         LINE#         308
BL51 BANKED LINKER/LOCATER V6.22                                                      06/11/2019  11:16:52  PAGE 13


  C:027CH         LINE#         309
  C:027CH         LINE#         310
  C:0290H         LINE#         311
  C:0290H         LINE#         314
  C:02A5H         LINE#         315
  C:02B4H         LINE#         316
  C:02B4H         LINE#         317
  C:02C7H         LINE#         318
  C:02C9H         LINE#         320
  C:02C9H         LINE#         321
  C:02E5H         LINE#         322
  C:02E5H         LINE#         323
  C:02EAH         LINE#         324
  C:02F0H         LINE#         325
  C:02F0H         LINE#         327
  C:0312H         LINE#         328
  C:0312H         LINE#         329
  C:031CH         LINE#         330
  C:0322H         LINE#         331
  C:0329H         LINE#         332
  C:032FH         LINE#         333
  C:0336H         LINE#         334
  C:0336H         LINE#         335
  C:0339H         LINE#         337
  C:0339H         LINE#         342
  C:0341H         LINE#         343
  C:037CH         LINE#         344
  C:039AH         LINE#         345
  C:039AH         LINE#         347
  C:03A3H         LINE#         348
  C:03AAH         LINE#         349
  C:03B3H         LINE#         350
  C:03BAH         LINE#         352
  C:03BAH         LINE#         356
  C:03C7H         LINE#         357
  C:03C7H         LINE#         361
  C:03C7H         LINE#         362
  C:03EFH         LINE#         363
  C:03EFH         LINE#         364
  C:0411H         LINE#         365
  C:0411H         LINE#         367
  C:0437H         LINE#         368
  C:048DH         LINE#         369
  C:0496H         LINE#         370
  C:049DH         LINE#         371
  C:04A6H         LINE#         372
  C:04AFH         LINE#         373
  C:04B6H         LINE#         377
  C:04F3H         LINE#         385
  C:04F3H         LINE#         387
  C:056FH         LINE#         388
  C:0588H         LINE#         389
  C:0612H         LINE#         394
  C:0643H         LINE#         395
  C:0643H         LINE#         397
  C:0679H         LINE#         398
  C:069CH         LINE#         399
BL51 BANKED LINKER/LOCATER V6.22                                                      06/11/2019  11:16:52  PAGE 14


  C:06B1H         LINE#         402
  C:06B1H         LINE#         403
  C:06B4H         LINE#         405
  C:06B4H         LINE#         407
  C:06BBH         LINE#         408
  C:06BBH         LINE#         409
  C:06BEH         LINE#         410
  C:06DCH         LINE#         411
  C:06E3H         LINE#         412
  C:0702H         LINE#         413
  C:0721H         LINE#         415
  C:079DH         LINE#         416
  C:07B5H         LINE#         419
  C:080DH         LINE#         420
  C:0848H         LINE#         421
  C:0855H         LINE#         422
  C:0864H         LINE#         423
  C:0864H         LINE#         425
  C:086CH         LINE#         426
  C:0874H         LINE#         427
  C:087CH         LINE#         428
  C:0884H         LINE#         430
  C:0898H         LINE#         431
  C:08AEH         LINE#         432
  C:08DEH         LINE#         433
  C:08FEH         LINE#         435
  C:0912H         LINE#         436
  C:0928H         LINE#         437
  C:0958H         LINE#         438
  C:095FH         LINE#         440
  C:0983H         LINE#         443
  C:09AEH         LINE#         445
  C:09B7H         LINE#         446
  C:09BEH         LINE#         447
  C:09C7H         LINE#         448
  C:09D0H         LINE#         449
  C:09D7H         LINE#         451
  C:0A14H         LINE#         453
  C:0A1DH         LINE#         454
  C:0A24H         LINE#         455
  C:0A2DH         LINE#         456
  C:0A36H         LINE#         457
  C:0A3DH         LINE#         459
  C:0A68H         LINE#         461
  C:0A71H         LINE#         462
  C:0A78H         LINE#         463
  C:0A81H         LINE#         464
  C:0A8AH         LINE#         465
  C:0A91H         LINE#         467
  C:0ABCH         LINE#         469
  C:0AC5H         LINE#         470
  C:0ACCH         LINE#         471
  C:0AD5H         LINE#         472
  C:0ADEH         LINE#         473
  C:0AE0H         LINE#         475
  C:0AEEH         LINE#         476
  C:0AEEH         LINE#         477
BL51 BANKED LINKER/LOCATER V6.22                                                      06/11/2019  11:16:52  PAGE 15


  C:0AF6H         LINE#         479
  C:0AF6H         LINE#         482
  C:0AF6H         LINE#         484
  C:0B1BH         LINE#         485
  C:0B1BH         LINE#         486
  C:0B3DH         LINE#         487
  C:0B3DH         LINE#         488
  C:0BB9H         LINE#         489
  C:0C11H         LINE#         492
  C:0C20H         LINE#         493
  C:0C20H         LINE#         494
  C:0C9EH         LINE#         495
  C:0CA7H         LINE#         496
  C:0CAEH         LINE#         497
  C:0CB7H         LINE#         498
  C:0CC0H         LINE#         499
  C:0CC7H         LINE#         502
  C:0CF2H         LINE#         504
  C:0CFBH         LINE#         505
  C:0D02H         LINE#         506
  C:0D0BH         LINE#         507
  C:0D14H         LINE#         511
  C:0D1BH         LINE#         513
  C:0D46H         LINE#         515
  C:0D4FH         LINE#         516
  C:0D56H         LINE#         517
  C:0D5FH         LINE#         518
  C:0D68H         LINE#         519
  C:0D6FH         LINE#         522
  C:0DADH         LINE#         524
  C:0DB6H         LINE#         525
  C:0DBDH         LINE#         526
  C:0DC6H         LINE#         527
  C:0DCFH         LINE#         528
  C:0DD6H         LINE#         529
  C:0DD6H         LINE#         530
  C:0DD6H         LINE#         532
  C:0DD9H         LINE#         536
  C:0DD9H         LINE#         539
  C:0DFBH         LINE#         540
  C:0DFBH         LINE#         541
  C:0E77H         LINE#         543
  C:0EA4H         LINE#         544
  C:0EBFH         LINE#         545
  C:0EECH         LINE#         546
  C:0F1FH         LINE#         547
  C:0F1FH         LINE#         548
  C:0F49H         LINE#         549
  C:0FB1H         LINE#         550
  C:0FB3H         LINE#         552
  C:0FB3H         LINE#         553
  C:1016H         LINE#         554
  C:1016H         LINE#         558
  C:1016H         LINE#         560
  C:1016H         LINE#         561
  C:1016H         LINE#         563
  C:1016H         LINE#         566
BL51 BANKED LINKER/LOCATER V6.22                                                      06/11/2019  11:16:52  PAGE 16


  C:1032H         LINE#         567
  C:1036H         LINE#         569
  C:1038H         LINE#         572
  C:1047H         LINE#         573
  C:1047H         LINE#         574
  C:104AH         LINE#         575
  C:1051H         LINE#         576
  C:1056H         LINE#         577
  C:105BH         LINE#         578
  C:1060H         LINE#         579
  C:1065H         LINE#         580
  C:106AH         LINE#         590
  C:106DH         LINE#         592
  C:1070H         LINE#         593
  C:1077H         LINE#         594
  C:1081H         LINE#         595
  C:1088H         LINE#         597
  C:108BH         LINE#         606
  C:108BH         LINE#         607
  -------         ENDPROC       MAIN
  -------         PROC          UART
  C:000EH         LINE#         621
  C:000EH         LINE#         623
  C:0011H         LINE#         624
  C:0011H         LINE#         625
  C:0013H         LINE#         627
  C:0013H         LINE#         628
  C:0016H         LINE#         629
  C:0016H         LINE#         630
  C:0018H         LINE#         631
  C:001AH         LINE#         632
  C:001AH         LINE#         633
  -------         ENDPROC       UART
  -------         PROC          _SENDUART1
  D:0007H         SYMBOL        dat
  C:63CAH         LINE#         635
  C:63CAH         LINE#         636
  C:63CAH         LINE#         637
  C:63CDH         LINE#         638
  C:63CFH         LINE#         639
  C:63D0H         LINE#         640
  C:63D2H         LINE#         641
  -------         ENDPROC       _SENDUART1
  -------         ENDMOD        MAIN

  -------         MODULE        PCF85063BTL
  C:0000H         SYMBOL        _ICE_DUMMY_
  D:0096H         PUBLIC        P2M0
  D:0080H         PUBLIC        P0
  D:0095H         PUBLIC        P2M1
  D:0090H         PUBLIC        P1
  D:00A0H         PUBLIC        P2
  D:00B0H         PUBLIC        P3
  D:00C0H         PUBLIC        P4
  D:00C8H         PUBLIC        P5
  D:00E8H         PUBLIC        P6
  B:00A0H.1       PUBLIC        PCF85063BTL_SDI
BL51 BANKED LINKER/LOCATER V6.22                                                      06/11/2019  11:16:52  PAGE 17


  D:00F8H         PUBLIC        P7
  B:00A0H.2       PUBLIC        PCF85063BTL_SCK
  B:00A0H.1       PUBLIC        PCF85063BTL_SDO
  D:00A8H         PUBLIC        IE
  C:5C4CH         PUBLIC        _Read_time
  C:62ECH         PUBLIC        _PCF85063BTL_Delay
  D:00B8H         PUBLIC        IP
  D:00D8H         PUBLIC        CCON
  C:5AD9H         PUBLIC        _Day_Of_Year
  C:61D2H         PUBLIC        SPI_ReceiveByte
  D:0098H         PUBLIC        SCON
  D:0088H         PUBLIC        TCON
  C:631FH         PUBLIC        _BCDtoDec
  B:00A0H.0       PUBLIC        PCF85063BTL_CS
  C:630EH         PUBLIC        _SPI_ReadTime
  C:636EH         PUBLIC        SPI_Init
  C:6262H         PUBLIC        _SPI_WriteTime
  C:61B2H         PUBLIC        _SPI_SendByte
  D:00D0H         PUBLIC        PSW
  C:62E8H         SYMBOL        L?0048
  -------         PROC          L?0047
  -------         ENDPROC       L?0047
  C:62E8H         SYMBOL        L?0048
  -------         PROC          _PCF85063BTL_DELAY
  D:0006H         SYMBOL        us
  C:62ECH         LINE#         8
  C:62ECH         LINE#         9
  C:62ECH         LINE#         10
  C:62F6H         LINE#         11
  C:62F6H         LINE#         12
  C:62F7H         LINE#         13
  C:62F9H         LINE#         14
  -------         ENDPROC       _PCF85063BTL_DELAY
  -------         PROC          _SPI_SENDBYTE
  D:0005H         SYMBOL        dat
  -------         DO            
  D:0003H         SYMBOL        i
  -------         ENDDO         
  C:61B2H         LINE#         17
  C:61B4H         LINE#         18
  C:61B4H         LINE#         20
  C:61B6H         LINE#         21
  C:61B6H         LINE#         22
  C:61B8H         LINE#         23
  C:61BCH         LINE#         24
  C:61BCH         LINE#         25
  C:61BEH         LINE#         26
  C:61C0H         LINE#         28
  C:61C0H         LINE#         29
  C:61C2H         LINE#         30
  C:61C2H         LINE#         31
  C:61C5H         LINE#         32
  C:61C5H         LINE#         33
  C:61C8H         LINE#         34
  C:61CCH         LINE#         35
  C:61D1H         LINE#         36
  -------         ENDPROC       _SPI_SENDBYTE
BL51 BANKED LINKER/LOCATER V6.22                                                      06/11/2019  11:16:52  PAGE 18


  -------         PROC          SPI_RECEIVEBYTE
  -------         DO            
  D:0003H         SYMBOL        i
  D:0005H         SYMBOL        dat
  -------         ENDDO         
  C:61D2H         LINE#         39
  C:61D2H         LINE#         40
  C:61D2H         LINE#         42
  C:61D4H         LINE#         44
  C:61D6H         LINE#         45
  C:61D7H         LINE#         46
  C:61D7H         LINE#         47
  C:61DBH         LINE#         48
  C:61DDH         LINE#         49
  C:61E0H         LINE#         51
  C:61E3H         LINE#         52
  C:61E3H         LINE#         53
  C:61E7H         LINE#         54
  C:61E7H         LINE#         55
  C:61E7H         LINE#         56
  C:61EAH         LINE#         57
  C:61EFH         LINE#         58
  C:61F1H         LINE#         59
  -------         ENDPROC       SPI_RECEIVEBYTE
  -------         PROC          _SPI_READTIME
  D:0007H         SYMBOL        addr
  -------         DO            
  D:0006H         SYMBOL        dat
  -------         ENDDO         
  C:630EH         LINE#         61
  C:630EH         LINE#         62
  C:630EH         LINE#         64
  C:6310H         LINE#         65
  C:6312H         LINE#         66
  C:6319H         LINE#         67
  C:631CH         LINE#         68
  C:631EH         LINE#         69
  C:631EH         LINE#         70
  -------         ENDPROC       _SPI_READTIME
  -------         PROC          _SPI_WRITETIME
  D:0002H         SYMBOL        val
  D:0005H         SYMBOL        addr
  C:6262H         LINE#         71
  C:6264H         LINE#         72
  C:6264H         LINE#         74
  C:6266H         LINE#         75
  C:626DH         LINE#         76
  C:6272H         LINE#         77
  C:6277H         LINE#         78
  C:6279H         LINE#         79
  -------         ENDPROC       _SPI_WRITETIME
  -------         PROC          SPI_INIT
  C:636EH         LINE#         83
  C:636EH         LINE#         84
  C:636EH         LINE#         89
  C:6371H         LINE#         90
  C:6374H         LINE#         91
BL51 BANKED LINKER/LOCATER V6.22                                                      06/11/2019  11:16:52  PAGE 19


  C:6376H         LINE#         92
  C:6378H         LINE#         93
  C:637AH         LINE#         94
  -------         ENDPROC       SPI_INIT
  -------         PROC          _READ_TIME
  X:04E9H         SYMBOL        months
  X:04ECH         SYMBOL        days
  X:04EFH         SYMBOL        hours
  X:04F2H         SYMBOL        mins
  X:04F5H         SYMBOL        seconds
  C:5C4CH         LINE#         96
  C:5C57H         LINE#         97
  C:5C57H         LINE#         99
  C:5C6BH         LINE#         101
  C:5C7FH         LINE#         103
  C:5C93H         LINE#         108
  C:5CA7H         LINE#         113
  -------         ENDPROC       _READ_TIME
  -------         PROC          _BCDTODEC
  D:0007H         SYMBOL        bcd
  -------         DO            
  D:0006H         SYMBOL        hi
  D:0007H         SYMBOL        lo
  -------         ENDDO         
  C:631FH         LINE#         119
  C:631FH         LINE#         120
  C:631FH         LINE#         122
  C:6324H         LINE#         123
  C:6328H         LINE#         124
  C:632FH         LINE#         125
  -------         ENDPROC       _BCDTODEC
  -------         PROC          _DAY_OF_YEAR
  D:0007H         SYMBOL        months_bcd
  D:0005H         SYMBOL        days_bcd
  -------         DO            
  D:0004H         SYMBOL        months
  D:0007H         SYMBOL        days
  -------         ENDDO         
  C:5AD9H         LINE#         126
  C:5AD9H         LINE#         127
  C:5AD9H         LINE#         130
  C:5ADEH         LINE#         132
  C:5AE3H         LINE#         134
  C:5B1CH         LINE#         135
  C:5B1CH         LINE#         136
  C:5B1CH         LINE#         137
  C:5B1FH         LINE#         138
  C:5B1FH         LINE#         139
  C:5B1FH         LINE#         140
  C:5B24H         LINE#         141
  C:5B24H         LINE#         142
  C:5B24H         LINE#         143
  C:5B29H         LINE#         144
  C:5B29H         LINE#         145
  C:5B29H         LINE#         146
  C:5B2EH         LINE#         147
  C:5B2EH         LINE#         148
BL51 BANKED LINKER/LOCATER V6.22                                                      06/11/2019  11:16:52  PAGE 20


  C:5B2EH         LINE#         149
  C:5B33H         LINE#         150
  C:5B33H         LINE#         151
  C:5B33H         LINE#         152
  C:5B38H         LINE#         153
  C:5B38H         LINE#         154
  C:5B38H         LINE#         155
  C:5B3DH         LINE#         156
  C:5B3DH         LINE#         157
  C:5B3DH         LINE#         158
  C:5B42H         LINE#         159
  C:5B42H         LINE#         160
  C:5B42H         LINE#         161
  C:5B4AH         LINE#         162
  C:5B4AH         LINE#         163
  C:5B4AH         LINE#         164
  C:5B4FH         LINE#         165
  C:5B4FH         LINE#         166
  C:5B4FH         LINE#         167
  C:5B54H         LINE#         168
  C:5B54H         LINE#         169
  C:5B54H         LINE#         170
  C:5B5DH         LINE#         171
  C:5B5DH         LINE#         172
  C:5B5DH         LINE#         173
  C:5B60H         LINE#         174
  C:5B60H         LINE#         175
  -------         ENDPROC       _DAY_OF_YEAR
  -------         ENDMOD        PCF85063BTL

  -------         MODULE        LCD_DRIVER_SPLC780D
  C:0000H         SYMBOL        _ICE_DUMMY_
  D:0092H         PUBLIC        P1M0
  D:0091H         PUBLIC        P1M1
  D:0080H         PUBLIC        P0
  D:0090H         PUBLIC        P1
  D:00A0H         PUBLIC        P2
  D:00B0H         PUBLIC        P3
  D:00C0H         PUBLIC        P4
  D:00C8H         PUBLIC        P5
  D:00E8H         PUBLIC        P6
  D:00F8H         PUBLIC        P7
  C:5B65H         PUBLIC        _WriteData
  D:00A8H         PUBLIC        IE
  D:00B8H         PUBLIC        IP
  D:00D8H         PUBLIC        CCON
  B:00B0H.4       PUBLIC        LCD_D4
  B:00B0H.5       PUBLIC        LCD_D5
  B:00B0H.6       PUBLIC        LCD_D6
  C:6210H         PUBLIC        _DisplayLCD
  B:00B0H.7       PUBLIC        LCD_D7
  D:0098H         PUBLIC        SCON
  D:0088H         PUBLIC        TCON
  C:63B7H         PUBLIC        LCD_clear
  C:5EE7H         PUBLIC        _Command
  C:62A7H         PUBLIC        _Display_Line
  C:5D15H         PUBLIC        LCD_Init
BL51 BANKED LINKER/LOCATER V6.22                                                      06/11/2019  11:16:52  PAGE 21


  C:614FH         PUBLIC        _Wait_ms
  B:00C0H.0       PUBLIC        LCD_RS
  B:0090H.3       PUBLIC        LCD_RW
  C:63ADH         PUBLIC        LCD_return_home
  C:4D80H         PUBLIC        _Display_Pos
  B:00B0H.3       PUBLIC        LCD_E
  D:00D0H         PUBLIC        PSW
  -------         PROC          LCD_INIT
  C:5D15H         LINE#         9
  C:5D15H         LINE#         10
  C:5D15H         LINE#         11
  C:5D18H         LINE#         12
  C:5D1BH         LINE#         14
  C:5D21H         LINE#         15
  C:5D26H         LINE#         17
  C:5D2DH         LINE#         18
  C:5D32H         LINE#         20
  C:5D35H         LINE#         21
  C:5D3AH         LINE#         23
  C:5D3DH         LINE#         24
  C:5D42H         LINE#         26
  C:5D49H         LINE#         29
  C:5D4EH         LINE#         30
  C:5D53H         LINE#         32
  C:5D58H         LINE#         33
  C:5D5DH         LINE#         35
  C:5D62H         LINE#         36
  C:5D67H         LINE#         37
  -------         ENDPROC       LCD_INIT
  C:5B61H         SYMBOL        L?0035
  -------         PROC          L?0034
  -------         ENDPROC       L?0034
  C:5B61H         SYMBOL        L?0035
  -------         PROC          _WRITEDATA
  X:04F4H         SYMBOL        dat
  C:5B65H         LINE#         40
  C:5B6AH         LINE#         41
  C:5B6AH         LINE#         46
  C:5B6CH         LINE#         47
  C:5B6EH         LINE#         49
  C:5B7CH         LINE#         50
  C:5B88H         LINE#         51
  C:5B94H         LINE#         52
  C:5B9EH         LINE#         53
  C:5BA0H         LINE#         54
  C:5BA7H         LINE#         55
  C:5BA9H         LINE#         57
  C:5BB9H         LINE#         58
  C:5BC4H         LINE#         59
  C:5BCEH         LINE#         60
  C:5BD2H         LINE#         62
  C:5BD2H         LINE#         63
  C:5BD5H         LINE#         64
  C:5BD7H         LINE#         65
  C:5BD9H         LINE#         67
  -------         ENDPROC       _WRITEDATA
  -------         PROC          _COMMAND
BL51 BANKED LINKER/LOCATER V6.22                                                      06/11/2019  11:16:52  PAGE 22


  D:0007H         SYMBOL        dat
  C:5EE7H         LINE#         69
  C:5EE7H         LINE#         70
  C:5EE7H         LINE#         71
  C:5EE9H         LINE#         72
  C:5EEBH         LINE#         74
  C:5EF5H         LINE#         75
  C:5EF9H         LINE#         77
  C:5EFBH         LINE#         78
  C:5F04H         LINE#         79
  C:5F08H         LINE#         81
  C:5F0AH         LINE#         82
  C:5F11H         LINE#         83
  C:5F15H         LINE#         85
  C:5F17H         LINE#         86
  C:5F1BH         LINE#         87
  C:5F1FH         LINE#         89
  C:5F21H         LINE#         90
  C:5F21H         LINE#         91
  C:5F24H         LINE#         92
  C:5F26H         LINE#         93
  -------         ENDPROC       _COMMAND
  C:614BH         SYMBOL        L?0037
  -------         PROC          L?0036
  -------         ENDPROC       L?0036
  C:614BH         SYMBOL        L?0037
  -------         PROC          _WAIT_MS
  D:0006H         SYMBOL        ms
  -------         DO            
  D:0004H         SYMBOL        De_Cnt
  -------         ENDDO         
  C:614FH         LINE#         95
  C:614FH         LINE#         96
  C:614FH         LINE#         98
  C:6159H         LINE#         99
  C:6159H         LINE#         100
  C:616CH         LINE#         101
  C:616CH         LINE#         102
  -------         ENDPROC       _WAIT_MS
  -------         PROC          _DISPLAYLCD
  D:0007H         SYMBOL        BCD
  -------         DO            
  D:0006H         SYMBOL        first_digit
  X:03F8H         SYMBOL        second_digit
  -------         ENDDO         
  C:6210H         LINE#         103
  C:6210H         LINE#         104
  C:6210H         LINE#         106
  C:6217H         LINE#         107
  C:6220H         LINE#         109
  C:6225H         LINE#         111
  -------         ENDPROC       _DISPLAYLCD
  -------         PROC          LCD_RETURN_HOME
  C:63ADH         LINE#         115
  C:63ADH         LINE#         116
  C:63ADH         LINE#         117
  C:63B2H         LINE#         118
BL51 BANKED LINKER/LOCATER V6.22                                                      06/11/2019  11:16:52  PAGE 23


  -------         ENDPROC       LCD_RETURN_HOME
  -------         PROC          LCD_CLEAR
  C:63B7H         LINE#         121
  C:63B7H         LINE#         122
  C:63B7H         LINE#         123
  C:63BCH         LINE#         124
  -------         ENDPROC       LCD_CLEAR
  -------         PROC          _DISPLAY_LINE
  D:0006H         SYMBOL        line
  C:62A7H         LINE#         128
  C:62A7H         LINE#         129
  C:62A7H         LINE#         130
  C:62ADH         LINE#         131
  C:62ADH         LINE#         132
  C:62AFH         LINE#         133
  C:62AFH         LINE#         134
  C:62B1H         LINE#         136
  C:62B1H         LINE#         137
  C:62B6H         LINE#         138
  C:62BBH         LINE#         139
  C:62BBH         LINE#         140
  -------         ENDPROC       _DISPLAY_LINE
  -------         PROC          _DISPLAY_POS
  X:04E9H         SYMBOL        sign_dat
  -------         DO            
  X:04EDH         SYMBOL        unit
  X:04EEH         SYMBOL        ten
  X:04EFH         SYMBOL        hundred
  X:04F0H         SYMBOL        thousand
  X:04F1H         SYMBOL        after_dot
  X:04F2H         SYMBOL        dat
  -------         ENDDO         
  C:4D80H         LINE#         142
  C:4D86H         LINE#         143
  C:4D86H         LINE#         147
  C:4DA2H         LINE#         148
  C:4DBCH         LINE#         149
  C:4DE0H         LINE#         151
  C:4E2AH         LINE#         153
  C:4E41H         LINE#         154
  C:4E53H         LINE#         155
  C:4E78H         LINE#         156
  C:4E92H         LINE#         157
  C:4EAAH         LINE#         158
  C:4EAAH         LINE#         159
  C:4EAAH         LINE#         160
  C:4EAAH         LINE#         161
  C:4EAAH         LINE#         162
  C:4EAAH         LINE#         163
  C:4EAAH         LINE#         164
  C:4EAAH         LINE#         168
  C:4EACH         LINE#         170
  C:4EACH         LINE#         172
  C:4EB1H         LINE#         173
  C:4EB7H         LINE#         174
  C:4EBDH         LINE#         175
  C:4EC3H         LINE#         176
BL51 BANKED LINKER/LOCATER V6.22                                                      06/11/2019  11:16:52  PAGE 24


  C:4EC9H         LINE#         177
  C:4ECEH         LINE#         178
  C:4ED4H         LINE#         182
  C:4ED4H         LINE#         184
  -------         ENDPROC       _DISPLAY_POS
  -------         ENDMOD        LCD_DRIVER_SPLC780D

  -------         MODULE        KEYPAD
  C:0000H         SYMBOL        _ICE_DUMMY_
  D:0093H         PUBLIC        P0M1
  D:0080H         PUBLIC        P0
  D:0090H         PUBLIC        P1
  D:00A0H         PUBLIC        P2
  D:00B0H         PUBLIC        P3
  D:00C0H         PUBLIC        P4
  D:00C8H         PUBLIC        P5
  D:00E8H         PUBLIC        P6
  D:00F8H         PUBLIC        P7
  D:00A8H         PUBLIC        IE
  C:477CH         PUBLIC        Key_Scan
  D:00B8H         PUBLIC        IP
  D:00D8H         PUBLIC        CCON
  C:6395H         PUBLIC        KeyPad_IO_Init
  C:61F2H         PUBLIC        _Delay_ms
  D:0098H         PUBLIC        SCON
  D:0088H         PUBLIC        TCON
  X:0633H         PUBLIC        small_move
  X:0635H         PUBLIC        move
  X:0637H         PUBLIC        auto_mode
  X:0639H         PUBLIC        direction
  X:063BH         PUBLIC        SPI_NOR_ClearEnable
  C:3EA9H         PUBLIC        Key_Process
  D:00D0H         PUBLIC        PSW
  D:0094H         PUBLIC        P0M0
  -------         PROC          _DELAY_MS
  D:0006H         SYMBOL        ms
  -------         DO            
  D:0004H         SYMBOL        De_Cnt
  -------         ENDDO         
  C:61F2H         LINE#         20
  C:61F2H         LINE#         21
  C:61F2H         LINE#         23
  C:61FCH         LINE#         24
  C:61FCH         LINE#         25
  C:620FH         LINE#         26
  C:620FH         LINE#         27
  -------         ENDPROC       _DELAY_MS
  -------         PROC          KEY_SCAN
  -------         DO            
  X:03FEH         SYMBOL        KeyTemp1
  X:03FFH         SYMBOL        KeyTemp2
  X:0400H         SYMBOL        KeyValue
  -------         ENDDO         
  C:477CH         LINE#         28
  C:477CH         LINE#         29
  C:477CH         LINE#         34
  C:477FH         LINE#         37
BL51 BANKED LINKER/LOCATER V6.22                                                      06/11/2019  11:16:52  PAGE 25


  C:4782H         LINE#         39
  C:478AH         LINE#         40
  C:4791H         LINE#         41
  C:4791H         LINE#         43
  C:4796H         LINE#         44
  C:479DH         LINE#         45
  C:479DH         LINE#         48
  C:47A0H         LINE#         49
  C:47A3H         LINE#         50
  C:47A8H         LINE#         51
  C:47ACH         LINE#         52
  C:47ACH         LINE#         53
  C:47B4H         LINE#         54
  C:47B4H         LINE#         55
  C:47B7H         LINE#         56
  C:47BFH         LINE#         57
  C:47C1H         LINE#         59
  C:47D5H         LINE#         60
  C:47D5H         LINE#         61
  C:47D5H         LINE#         62
  C:47D5H         LINE#         63
  C:47DBH         LINE#         65
  C:47DDH         LINE#         66
  C:47DDH         LINE#         67
  C:47DDH         LINE#         68
  C:47E3H         LINE#         70
  C:47E5H         LINE#         71
  C:47E5H         LINE#         72
  C:47E5H         LINE#         73
  C:47EBH         LINE#         75
  C:47EDH         LINE#         76
  C:47EDH         LINE#         77
  C:47EDH         LINE#         78
  C:47F3H         LINE#         80
  C:47F3H         LINE#         81
  C:47F3H         LINE#         82
  C:47F3H         LINE#         85
  C:47F6H         LINE#         86
  C:47F9H         LINE#         87
  C:4801H         LINE#         88
  C:4805H         LINE#         89
  C:4805H         LINE#         90
  C:480DH         LINE#         91
  C:480DH         LINE#         92
  C:4810H         LINE#         93
  C:4818H         LINE#         94
  C:481AH         LINE#         95
  C:482EH         LINE#         96
  C:482EH         LINE#         97
  C:482EH         LINE#         98
  C:482EH         LINE#         99
  C:4834H         LINE#         101
  C:4836H         LINE#         102
  C:4836H         LINE#         103
  C:4836H         LINE#         104
  C:483CH         LINE#         106
  C:483EH         LINE#         107
BL51 BANKED LINKER/LOCATER V6.22                                                      06/11/2019  11:16:52  PAGE 26


  C:483EH         LINE#         108
  C:483EH         LINE#         109
  C:4844H         LINE#         111
  C:4846H         LINE#         112
  C:4846H         LINE#         113
  C:4846H         LINE#         114
  C:484BH         LINE#         116
  C:484BH         LINE#         117
  C:484BH         LINE#         118
  C:484BH         LINE#         121
  C:484EH         LINE#         122
  C:4851H         LINE#         123
  C:4859H         LINE#         124
  C:485DH         LINE#         125
  C:485DH         LINE#         126
  C:4865H         LINE#         127
  C:4865H         LINE#         128
  C:4868H         LINE#         129
  C:4870H         LINE#         130
  C:4872H         LINE#         131
  C:4886H         LINE#         132
  C:4886H         LINE#         133
  C:4886H         LINE#         134
  C:4886H         LINE#         135
  C:488CH         LINE#         137
  C:488EH         LINE#         138
  C:488EH         LINE#         139
  C:488EH         LINE#         140
  C:4894H         LINE#         142
  C:4896H         LINE#         143
  C:4896H         LINE#         144
  C:4896H         LINE#         145
  C:489CH         LINE#         147
  C:489EH         LINE#         148
  C:489EH         LINE#         149
  C:489EH         LINE#         150
  C:48A4H         LINE#         152
  C:48A4H         LINE#         153
  C:48A4H         LINE#         154
  C:48A4H         LINE#         158
  C:48A7H         LINE#         159
  C:48AAH         LINE#         160
  C:48B2H         LINE#         161
  C:48B6H         LINE#         162
  C:48B6H         LINE#         163
  C:48BEH         LINE#         164
  C:48BEH         LINE#         165
  C:48C1H         LINE#         166
  C:48C9H         LINE#         167
  C:48CBH         LINE#         168
  C:48DFH         LINE#         169
  C:48DFH         LINE#         170
  C:48DFH         LINE#         171
  C:48DFH         LINE#         172
  C:48E5H         LINE#         174
  C:48E7H         LINE#         175
  C:48E7H         LINE#         176
BL51 BANKED LINKER/LOCATER V6.22                                                      06/11/2019  11:16:52  PAGE 27


  C:48E7H         LINE#         177
  C:48EDH         LINE#         179
  C:48EFH         LINE#         180
  C:48EFH         LINE#         181
  C:48EFH         LINE#         182
  C:48F5H         LINE#         184
  C:48F7H         LINE#         185
  C:48F7H         LINE#         186
  C:48F7H         LINE#         187
  C:48FDH         LINE#         189
  C:48FDH         LINE#         190
  C:48FDH         LINE#         191
  C:48FDH         LINE#         193
  C:4903H         LINE#         194
  C:4903H         LINE#         196
  C:4903H         LINE#         197
  C:4906H         LINE#         198
  C:4906H         LINE#         199
  C:4906H         LINE#         201
  C:4906H         LINE#         202
  C:4908H         LINE#         203
  C:4908H         LINE#         204
  -------         ENDPROC       KEY_SCAN
  -------         PROC          KEY_PROCESS
  -------         DO            
  X:0624H         SYMBOL        KeyCount
  X:0625H         SYMBOL        KeyNum_Old
  X:0627H         SYMBOL        KeyNum
  X:0629H         SYMBOL        PressedKey
  X:03F8H         SYMBOL        d
  D:0002H         SYMBOL        hours
  D:0006H         SYMBOL        mins
  X:03FAH         SYMBOL        months
  X:03FCH         SYMBOL        days
  -------         ENDDO         
  C:3EA9H         LINE#         205
  C:3EA9H         LINE#         206
  C:3EA9H         LINE#         210
  C:3EB8H         LINE#         211
  C:3EC5H         LINE#         213
  C:3EC9H         LINE#         214
  C:3EC9H         LINE#         215
  C:3ECFH         LINE#         217
  C:3ECFH         LINE#         218
  C:3EE6H         LINE#         219
  C:3EE6H         LINE#         220
  C:3EF0H         LINE#         221
  C:3EF6H         LINE#         223
  C:3EFCH         LINE#         225
  C:3EFCH         LINE#         226
  C:3F13H         LINE#         227
  C:3F13H         LINE#         228
  C:3F18H         LINE#         230
  C:3F18H         LINE#         231
  C:3F28H         LINE#         232
  C:3F28H         LINE#         233
  C:3F2EH         LINE#         235
BL51 BANKED LINKER/LOCATER V6.22                                                      06/11/2019  11:16:52  PAGE 28


  C:3F2EH         LINE#         236
  C:3F40H         LINE#         237
  C:3F40H         LINE#         238
  C:3F4AH         LINE#         239
  C:3F52H         LINE#         241
  C:3F5BH         LINE#         243
  C:3F5BH         LINE#         252
  C:3F7AH         LINE#         253
  C:3F7AH         LINE#         254
  C:3F99H         LINE#         255
  C:3F9FH         LINE#         256
  C:3FA7H         LINE#         257
  C:3FA7H         LINE#         259
  C:3FA8H         LINE#         265
  C:3FB4H         LINE#         266
  C:3FB4H         LINE#         267
  C:3FD1H         LINE#         268
  C:3FE8H         LINE#         269
  C:3FFFH         LINE#         270
  C:3FFFH         LINE#         271
  C:4012H         LINE#         272
  C:4025H         LINE#         273
  C:4025H         LINE#         274
  C:4025H         LINE#         275
  C:4028H         LINE#         280
  C:4037H         LINE#         281
  C:4037H         LINE#         282
  C:405AH         LINE#         283
  C:4077H         LINE#         284
  C:4080H         LINE#         285
  C:4080H         LINE#         286
  C:4087H         LINE#         287
  C:4087H         LINE#         288
  C:4098H         LINE#         289
  C:4098H         LINE#         290
  C:40A7H         LINE#         291
  C:40A7H         LINE#         292
  C:40A7H         LINE#         293
  C:40AAH         LINE#         295
  C:40AAH         LINE#         296
  C:40B6H         LINE#         297
  C:40B6H         LINE#         298
  C:40C8H         LINE#         299
  C:40C8H         LINE#         300
  C:40D8H         LINE#         301
  C:40D8H         LINE#         302
  C:40D8H         LINE#         304
  C:40DAH         LINE#         306
  C:40DAH         LINE#         307
  C:40E9H         LINE#         308
  C:40E9H         LINE#         309
  C:40F9H         LINE#         310
  C:40F9H         LINE#         311
  C:40F9H         LINE#         313
  C:40F9H         LINE#         315
  C:40F9H         LINE#         316
  C:40FBH         LINE#         318
BL51 BANKED LINKER/LOCATER V6.22                                                      06/11/2019  11:16:52  PAGE 29


  C:40FBH         LINE#         319
  C:4102H         LINE#         320
  C:4102H         LINE#         321
  C:4111H         LINE#         322
  C:4111H         LINE#         323
  C:4121H         LINE#         324
  C:4121H         LINE#         325
  C:4121H         LINE#         326
  C:4123H         LINE#         328
  C:4123H         LINE#         329
  C:4132H         LINE#         330
  C:4132H         LINE#         331
  C:4145H         LINE#         332
  C:4158H         LINE#         333
  C:4158H         LINE#         334
  C:4158H         LINE#         335
  C:4158H         LINE#         336
  C:4161H         LINE#         338
  C:4161H         LINE#         340
  C:419BH         LINE#         341
  C:419BH         LINE#         342
  C:41A2H         LINE#         343
  C:41A2H         LINE#         344
  C:41ACH         LINE#         345
  C:41ACH         LINE#         346
  C:41AFH         LINE#         347
  C:41B4H         LINE#         348
  C:41B9H         LINE#         349
  C:41BEH         LINE#         350
  C:41C3H         LINE#         351
  C:41C8H         LINE#         352
  C:41CDH         LINE#         353
  C:41D2H         LINE#         354
  C:41D2H         LINE#         355
  C:41D2H         LINE#         357
  C:41F0H         LINE#         358
  C:41F0H         LINE#         359
  C:41F7H         LINE#         360
  C:41F7H         LINE#         361
  C:41FCH         LINE#         362
  C:4205H         LINE#         363
  C:4224H         LINE#         364
  C:4224H         LINE#         365
  C:4234H         LINE#         367
  C:4234H         LINE#         371
  -------         ENDPROC       KEY_PROCESS
  -------         PROC          KEYPAD_IO_INIT
  C:6395H         LINE#         374
  C:6395H         LINE#         375
  C:6395H         LINE#         376
  C:6398H         LINE#         377
  C:639BH         LINE#         378
  C:639EH         LINE#         379
  C:63A0H         LINE#         380
  -------         ENDPROC       KEYPAD_IO_INIT
  -------         ENDMOD        KEYPAD

BL51 BANKED LINKER/LOCATER V6.22                                                      06/11/2019  11:16:52  PAGE 30


  -------         MODULE        BIPOLARMOTOR
  C:0000H         SYMBOL        _ICE_DUMMY_
  X:0000H         PUBLIC        UTC_time
  D:0080H         PUBLIC        P0
  D:0090H         PUBLIC        P1
  X:0004H         PUBLIC        RX_pos_test
  D:00A0H         PUBLIC        P2
  D:00B0H         PUBLIC        P3
  D:00C0H         PUBLIC        P4
  D:00C8H         PUBLIC        P5
  D:00E8H         PUBLIC        P6
  D:00F8H         PUBLIC        P7
  X:00A4H         PUBLIC        low_date_azimuth_mapping
  D:00A8H         PUBLIC        IE
  C:5525H         PUBLIC        linear_interpolate
  X:00CCH         PUBLIC        declination
  C:6086H         PUBLIC        _Move
  D:00B8H         PUBLIC        IP
  X:00D0H         PUBLIC        time_offset
  D:00D8H         PUBLIC        CCON
  X:00D4H         PUBLIC        previous_move_time
  X:00D5H         PUBLIC        time
  D:0098H         PUBLIC        SCON
  D:0088H         PUBLIC        TCON
  C:5F27H         PUBLIC        _Step_move
  X:00E7H         PUBLIC        dat
  X:00EDH         PUBLIC        current_local_sun_time
  C:2AECH         PUBLIC        _Update_position
  C:4235H         PUBLIC        _elevation_calculation
  X:00F1H         PUBLIC        sunCoord
  C:5E0FH         PUBLIC        vOneStepMove
  X:00F4H         PUBLIC        elevation_stamp
  X:0130H         PUBLIC        date_azimuth_mapping
  X:0158H         PUBLIC        location
  X:0160H         PUBLIC        RX_pos
  C:62BCH         PUBLIC        vSetLocation
  C:6237H         PUBLIC        _BCDtoDec1
  X:03B8H         PUBLIC        degree
  C:311DH         PUBLIC        _TheoricalJP_Position
  D:00D0H         PUBLIC        PSW
  -------         PROC          VSETLOCATION
  C:62BCH         LINE#         44
  C:62BCH         LINE#         45
  C:62BCH         LINE#         46
  C:62C6H         LINE#         47
  C:62D0H         LINE#         48
  -------         ENDPROC       VSETLOCATION
  C:6233H         SYMBOL        L?0060
  -------         PROC          L?0059
  -------         ENDPROC       L?0059
  C:6233H         SYMBOL        L?0060
  -------         PROC          _BCDTODEC1
  D:0007H         SYMBOL        bcd
  -------         DO            
  D:0006H         SYMBOL        hi
  D:0007H         SYMBOL        lo
  -------         ENDDO         
BL51 BANKED LINKER/LOCATER V6.22                                                      06/11/2019  11:16:52  PAGE 31


  C:6237H         LINE#         49
  C:6237H         LINE#         50
  C:6237H         LINE#         52
  C:623CH         LINE#         53
  C:6240H         LINE#         54
  C:6247H         LINE#         55
  -------         ENDPROC       _BCDTODEC1
  -------         PROC          VONESTEPMOVE
  B:0020H.3       SYMBOL        bDir
  C:5E0FH         LINE#         59
  C:5E0FH         LINE#         60
  C:5E0FH         LINE#         62
  C:5E15H         LINE#         63
  C:5E15H         LINE#         64
  C:5E18H         LINE#         65
  C:5E21H         LINE#         66
  C:5E28H         LINE#         67
  C:5E2DH         LINE#         68
  C:5E2DH         LINE#         69
  C:5E2DH         LINE#         71
  C:5E2FH         LINE#         74
  C:5E2FH         LINE#         75
  C:5E32H         LINE#         76
  C:5E3BH         LINE#         77
  C:5E42H         LINE#         78
  C:5E48H         LINE#         79
  C:5E51H         LINE#         80
  C:5E58H         LINE#         81
  C:5E58H         LINE#         85
  -------         ENDPROC       VONESTEPMOVE
  -------         PROC          _STEP_MOVE
  X:04EDH         SYMBOL        step
  B:0020H.2       SYMBOL        dir
  -------         DO            
  X:04EFH         SYMBOL        i
  -------         ENDDO         
  C:5F27H         LINE#         87
  C:5F2FH         LINE#         88
  C:5F2FH         LINE#         90
  C:5F34H         LINE#         93
  C:5F4FH         LINE#         94
  C:5F4FH         LINE#         95
  C:5F56H         LINE#         97
  C:5F66H         LINE#         99
  -------         ENDPROC       _STEP_MOVE
  -------         PROC          _MOVE
  X:04E9H         SYMBOL        distance
  B:0020H.1       SYMBOL        direction
  -------         DO            
  D:0006H         SYMBOL        step
  -------         ENDDO         
  C:6086H         LINE#         101
  C:608CH         LINE#         102
  C:608CH         LINE#         105
  C:60A7H         LINE#         106
  -------         ENDPROC       _MOVE
  C:5514H         SYMBOL        L?0058
BL51 BANKED LINKER/LOCATER V6.22                                                      06/11/2019  11:16:52  PAGE 32


  -------         PROC          L?0057
  -------         ENDPROC       L?0057
  C:5514H         SYMBOL        L?0058
  -------         PROC          LINEAR_INTERPOLATE
  X:049EH         SYMBOL        p1
  X:04A6H         SYMBOL        p2
  X:04AEH         SYMBOL        x
  -------         DO            
  D:0004H         SYMBOL        fx
  -------         ENDDO         
  C:5525H         LINE#         139
  C:5525H         LINE#         140
  C:5525H         LINE#         143
  C:55C4H         LINE#         145
  C:55C4H         LINE#         146
  -------         ENDPROC       LINEAR_INTERPOLATE
  -------         PROC          _THEORICALJP_POSITION
  X:0442H         SYMBOL        azimuth
  X:0446H         SYMBOL        elevation
  -------         DO            
  X:044AH         SYMBOL        pos_interpolate_azimuth
  X:0486H         SYMBOL        JP_pos
  X:048AH         SYMBOL        i
  X:048CH         SYMBOL        yy
  X:048EH         SYMBOL        p1
  X:0496H         SYMBOL        p2
  -------         ENDDO         
  C:311DH         LINE#         149
  C:3123H         LINE#         150
  C:3123H         LINE#         152
  C:312DH         LINE#         155
  C:3149H         LINE#         156
  C:3149H         LINE#         157
  C:31B9H         LINE#         158
  C:31B9H         LINE#         159
  C:31C0H         LINE#         160
  C:31C0H         LINE#         161
  C:31EDH         LINE#         162
  C:3208H         LINE#         164
  C:324FH         LINE#         165
  C:3283H         LINE#         167
  C:32C9H         LINE#         168
  C:32EEH         LINE#         170
  C:32EEH         LINE#         172
  C:3364H         LINE#         173
  C:3364H         LINE#         174
  C:336BH         LINE#         175
  C:336BH         LINE#         176
  C:3398H         LINE#         177
  C:33B3H         LINE#         179
  C:33FAH         LINE#         180
  C:342EH         LINE#         182
  C:3474H         LINE#         183
  C:3496H         LINE#         185
  C:3496H         LINE#         186
  C:34AAH         LINE#         189
  C:34C6H         LINE#         190
BL51 BANKED LINKER/LOCATER V6.22                                                      06/11/2019  11:16:52  PAGE 33


  C:34C6H         LINE#         191
  C:3536H         LINE#         192
  C:3536H         LINE#         193
  C:3563H         LINE#         194
  C:357EH         LINE#         196
  C:35ABH         LINE#         197
  C:35C6H         LINE#         199
  C:35F8H         LINE#         202
  C:35F8H         LINE#         204
  C:3609H         LINE#         205
  C:3617H         LINE#         207
  -------         ENDPROC       _THEORICALJP_POSITION
  -------         PROC          _UPDATE_POSITION
  D:0001H         SYMBOL        mnths
  D:0002H         SYMBOL        dys
  X:041EH         SYMBOL        hurs
  X:041FH         SYMBOL        mns
  X:0420H         SYMBOL        sconds
  X:0421H         SYMBOL        currnt_pos
  X:0424H         SYMBOL        offset_calib
  -------         DO            
  X:0428H         SYMBOL        date
  X:042AH         SYMBOL        i
  X:042CH         SYMBOL        yy
  X:042EH         SYMBOL        desired_distance
  X:0432H         SYMBOL        distance
  X:0436H         SYMBOL        JP_pos
  X:043AH         SYMBOL        elevation
  X:043EH         SYMBOL        azimuth
  -------         ENDDO         
  C:2AECH         LINE#         210
  C:2AF5H         LINE#         213
  C:2AF5H         LINE#         214
  C:2B00H         LINE#         216
  C:2B1CH         LINE#         223
  C:2B26H         LINE#         224
  C:2B31H         LINE#         225
  C:2B3CH         LINE#         226
  C:2B55H         LINE#         227
  C:2B66H         LINE#         228
  C:2B75H         LINE#         231
  C:2B89H         LINE#         235
  C:2BDBH         LINE#         236
  C:2D3FH         LINE#         237
  C:2D8FH         LINE#         240
  C:2EB7H         LINE#         243
  C:2F86H         LINE#         250
  C:2FCDH         LINE#         251
  C:2FCDH         LINE#         253
  C:2FF8H         LINE#         254
  C:3027H         LINE#         256
  C:304CH         LINE#         257
  C:30A6H         LINE#         258
  C:30A6H         LINE#         259
  C:30C0H         LINE#         260
  C:30D2H         LINE#         261
  C:30EAH         LINE#         262
BL51 BANKED LINKER/LOCATER V6.22                                                      06/11/2019  11:16:52  PAGE 34


  C:3100H         LINE#         264
  C:311CH         LINE#         265
  C:311CH         LINE#         266
  C:311CH         LINE#         269
  -------         ENDPROC       _UPDATE_POSITION
  -------         PROC          _ELEVATION_CALCULATION
  D:0007H         SYMBOL        mnths
  D:0005H         SYMBOL        dys
  X:03FAH         SYMBOL        hurs
[...]


  C:4985H         LINE#         328
  C:4988H         LINE#         330
  C:49A2H         LINE#         331
  C:49A2H         LINE#         332
  C:49A2H         LINE#         334
  C:49A5H         LINE#         336
  C:49BFH         LINE#         337
  C:49BFH         LINE#         338
  C:49BFH         LINE#         340
  C:49C2H         LINE#         342
  C:49DCH         LINE#         343
  C:49DCH         LINE#         344
  C:49DCH         LINE#         346
  C:49DFH         LINE#         348
  C:49F9H         LINE#         349
  C:49F9H         LINE#         350
  C:49F9H         LINE#         352
  C:49FCH         LINE#         354
  C:4A16H         LINE#         355
  C:4A16H         LINE#         356
  C:4A16H         LINE#         358
  C:4A19H         LINE#         360
  C:4A33H         LINE#         361
  C:4A33H         LINE#         362
  C:4A33H         LINE#         364
  C:4A36H         LINE#         366
  C:4A50H         LINE#         367
  C:4A50H         LINE#         368
  C:4A50H         LINE#         370
  C:4A53H         LINE#         372
  C:4A6DH         LINE#         373
  C:4A74H         LINE#         374
  -------         ENDPROC       SPI_NOR_WRITE_DATA
  -------         ENDMOD        AT25SF041

  -------         MODULE        SI1120
  C:0000H         SYMBOL        _ICE_DUMMY_
  D:0080H         PUBLIC        P0
  D:00B2H         PUBLIC        P3M0
  D:0090H         PUBLIC        P1
  D:00B1H         PUBLIC        P3M1
  D:00A0H         PUBLIC        P2
  D:00B0H         PUBLIC        P3
  D:00C0H         PUBLIC        P4
  D:00C8H         PUBLIC        P5
  B:00A8H.7       PUBLIC        EA
  D:00E8H         PUBLIC        P6
  D:00F8H         PUBLIC        P7
  D:00A8H         PUBLIC        IE
  D:00B8H         PUBLIC        IP
  C:5FD5H         PUBLIC        SI1120_CONFIG_MODE_VIRH
  D:00D8H         PUBLIC        CCON
  D:0098H         PUBLIC        SCON
  D:0088H         PUBLIC        TCON
  C:637BH         PUBLIC        Enable_EXTINT0
  B:0090H.5       PUBLIC        SI1120_STX
  B:0088H.0       PUBLIC        IT0
BL51 BANKED LINKER/LOCATER V6.22                                                      06/11/2019  11:16:52  PAGE 52


  B:00A8H.0       PUBLIC        EX0
  B:0090H.4       PUBLIC        SI1120_MD
  B:0090H.6       PUBLIC        SI1120_SC
  D:00D0H         PUBLIC        PSW
  -------         PROC          SI1120_CONFIG_MODE_VIRH
  C:5FD5H         LINE#         4
  C:5FD5H         LINE#         5
  C:5FD5H         LINE#         6
  C:5FD7H         LINE#         7
  C:5FD9H         LINE#         8
  C:5FDBH         LINE#         10
  C:5FE2H         LINE#         11
  C:5FE4H         LINE#         13
  C:5FE6H         LINE#         14
  C:5FE8H         LINE#         16
  C:5FEFH         LINE#         18
  C:5FF1H         LINE#         20
  C:5FF8H         LINE#         23
  C:5FFAH         LINE#         25
  C:5FFCH         LINE#         27
  C:6003H         LINE#         29
  C:6005H         LINE#         31
  -------         ENDPROC       SI1120_CONFIG_MODE_VIRH
  -------         PROC          ENABLE_EXTINT0
  C:637BH         LINE#         33
  C:637BH         LINE#         34
  C:637BH         LINE#         35
  C:637EH         LINE#         36
  C:6381H         LINE#         37
  C:6383H         LINE#         38
  C:6385H         LINE#         39
  C:6387H         LINE#         40
  -------         ENDPROC       ENABLE_EXTINT0
  -------         ENDMOD        SI1120

  -------         MODULE        UART1
  C:0000H         SYMBOL        _ICE_DUMMY_
  D:0080H         PUBLIC        P0
  D:0090H         PUBLIC        P1
  D:00A0H         PUBLIC        P2
  D:00B0H         PUBLIC        P3
  D:00C0H         PUBLIC        P4
  D:00C8H         PUBLIC        P5
  C:616DH         PUBLIC        _uart1_SendToTCPServer
  B:00A8H.7       PUBLIC        EA
  D:00E8H         PUBLIC        P6
  D:00F8H         PUBLIC        P7
  C:5FA2H         PUBLIC        _SendString
  D:00A8H         PUBLIC        IE
  B:00A8H.4       PUBLIC        ES
  D:00B8H         PUBLIC        IP
  C:627AH         PUBLIC        _ASCIItoBCD
  D:00D8H         PUBLIC        CCON
  C:6330H         PUBLIC        initUART1
  D:0098H         PUBLIC        SCON
  D:0088H         PUBLIC        TCON
  C:63E9H         PUBLIC        _DectoBCD
BL51 BANKED LINKER/LOCATER V6.22                                                      06/11/2019  11:16:52  PAGE 53


  C:001EH         PUBLIC        _ASCII_Letter
  D:008EH         PUBLIC        AUXR
  C:0006H         PUBLIC        _unit
  C:63E2H         PUBLIC        _ten
  D:00D6H         PUBLIC        T2H
  D:00D7H         PUBLIC        T2L
  C:63D3H         PUBLIC        uart1_InitTCPConn
  D:00D0H         PUBLIC        PSW
  -------         PROC          INITUART1
  C:6330H         LINE#         24
  C:6330H         LINE#         25
  C:6330H         LINE#         26
  C:6333H         LINE#         27
  C:6336H         LINE#         28
  C:6339H         LINE#         29
  C:633CH         LINE#         30
  C:633EH         LINE#         31
  C:6340H         LINE#         33
  -------         ENDPROC       INITUART1
  -------         PROC          _SENDSTRING
  X:04E9H         SYMBOL        s
  C:5FA2H         LINE#         36
  C:5FADH         LINE#         37
  C:5FADH         LINE#         38
  C:5FBDH         LINE#         39
  C:5FBDH         LINE#         40
  C:5FD2H         LINE#         41
  C:5FD4H         LINE#         42
  -------         ENDPROC       _SENDSTRING
  -------         PROC          _TEN
  D:0007H         SYMBOL        BCD
  C:63E2H         LINE#         44
  C:63E2H         LINE#         45
  C:63E2H         LINE#         46
  C:63E7H         LINE#         47
  -------         ENDPROC       _TEN
  -------         PROC          _UNIT
  D:0007H         SYMBOL        BCD
  C:0006H         LINE#         48
  C:0006H         LINE#         49
  C:0006H         LINE#         53
  C:000AH         LINE#         54
  -------         ENDPROC       _UNIT
  -------         PROC          _DECTOBCD
  D:0007H         SYMBOL        dec
  C:63E9H         LINE#         55
  C:63E9H         LINE#         56
  C:63E9H         LINE#         58
  C:63E9H         LINE#         59
  -------         ENDPROC       _DECTOBCD
  -------         PROC          _ASCII_LETTER
  D:0007H         SYMBOL        dat
  C:001EH         LINE#         61
  C:001EH         LINE#         62
  C:001EH         LINE#         64
  C:0022H         LINE#         65
  -------         ENDPROC       _ASCII_LETTER
BL51 BANKED LINKER/LOCATER V6.22                                                      06/11/2019  11:16:52  PAGE 54


  -------         PROC          _ASCIITOBCD
  D:0001H         SYMBOL        ascii
  -------         DO            
  D:0007H         SYMBOL        dec_val
  D:0006H         SYMBOL        ten
  D:0007H         SYMBOL        unit
  -------         ENDDO         
  C:627AH         LINE#         67
  C:627AH         LINE#         68
  C:627AH         LINE#         70
  C:627DH         LINE#         71
  C:6283H         LINE#         72
  C:628AH         LINE#         73
  C:6290H         LINE#         75
  -------         ENDPROC       _ASCIITOBCD
  -------         PROC          UART1_INITTCPCONN
  C:63D3H         LINE#         77
  C:63D3H         LINE#         78
  C:63D3H         LINE#         82
  -------         ENDPROC       UART1_INITTCPCONN
  -------         PROC          _UART1_SENDTOTCPSERVER
  X:03F8H         SYMBOL        str
  C:616DH         LINE#         85
  C:6178H         LINE#         86
  C:6178H         LINE#         87
  C:6181H         LINE#         88
  C:6188H         LINE#         89
  -------         ENDPROC       _UART1_SENDTOTCPSERVER
  -------         ENDMOD        UART1

  -------         MODULE        ?C_STARTUP
  C:5A4DH         SEGMENT       ?C_C51STARTUP
  I:0022H         SEGMENT       ?STACK
  C:0000H         PUBLIC        ?C_STARTUP
  D:00E0H         SYMBOL        ACC
  D:00F0H         SYMBOL        B
  D:0083H         SYMBOL        DPH
  D:0082H         SYMBOL        DPL
  N:0000H         SYMBOL        IBPSTACK
  N:0100H         SYMBOL        IBPSTACKTOP
  N:0080H         SYMBOL        IDATALEN
  C:5A50H         SYMBOL        IDATALOOP
  N:0000H         SYMBOL        PBPSTACK
  N:0100H         SYMBOL        PBPSTACKTOP
  N:0000H         SYMBOL        PDATALEN
  N:0000H         SYMBOL        PDATASTART
  N:0000H         SYMBOL        PPAGE
  N:0000H         SYMBOL        PPAGEENABLE
  D:00A0H         SYMBOL        PPAGE_SFR
  D:0081H         SYMBOL        SP
  C:5A4DH         SYMBOL        STARTUP1
  N:0000H         SYMBOL        XBPSTACK
  N:0000H         SYMBOL        XBPSTACKTOP
  N:0000H         SYMBOL        XDATALEN
  N:0000H         SYMBOL        XDATASTART
  C:0000H         LINE#         126
  C:5A4DH         LINE#         133
BL51 BANKED LINKER/LOCATER V6.22                                                      06/11/2019  11:16:52  PAGE 55


  C:5A4FH         LINE#         134
  C:5A50H         LINE#         135
  C:5A51H         LINE#         136
  C:5A53H         LINE#         185
  C:5A56H         LINE#         196
  -------         ENDMOD        ?C_STARTUP

  -------         MODULE        ?C?FPADD
  C:1095H         PUBLIC        ?C?FPADD
  C:1091H         PUBLIC        ?C?FPSUB
  -------         ENDMOD        ?C?FPADD

  -------         MODULE        ?C?FPMUL
  C:1186H         PUBLIC        ?C?FPMUL
  -------         ENDMOD        ?C?FPMUL

  -------         MODULE        ?C?FPDIV
  C:128FH         PUBLIC        ?C?FPDIV
  -------         ENDMOD        ?C?FPDIV

  -------         MODULE        ?C?FPCMP
  C:132EH         PUBLIC        ?C?FPCMP
  C:132CH         PUBLIC        ?C?FPCMP3
  -------         ENDMOD        ?C?FPCMP

  -------         MODULE        ?C?FPNEG
  C:13A5H         PUBLIC        ?C?FPNEG
  -------         ENDMOD        ?C?FPNEG

  -------         MODULE        ?C?FCAST
  C:13C0H         PUBLIC        ?C?FCASTC
  C:13BBH         PUBLIC        ?C?FCASTI
  C:13B6H         PUBLIC        ?C?FCASTL
  -------         ENDMOD        ?C?FCAST

  -------         MODULE        ?C?CASTF
  C:13F4H         PUBLIC        ?C?CASTF
  -------         ENDMOD        ?C?CASTF

  -------         MODULE        PRINTF
  X:04E9H         PUBLIC        ?_PRINTF?BYTE
  X:04E9H         PUBLIC        ?_SPRINTF?BYTE
  C:3683H         PUBLIC        _PRINTF
  C:367DH         PUBLIC        _SPRINTF
  -------         ENDMOD        PRINTF

  -------         MODULE        FABS
  C:6388H         PUBLIC        _FABS
  -------         ENDMOD        FABS

  -------         MODULE        ATAN2
  X:049FH         PUBLIC        ?_atan2?BYTE
  C:587AH         PUBLIC        _atan2
  -------         ENDMOD        ATAN2

  -------         MODULE        SIN
  C:4ADAH         PUBLIC        _COS
BL51 BANKED LINKER/LOCATER V6.22                                                      06/11/2019  11:16:52  PAGE 56


  C:4AF0H         PUBLIC        _SIN
  C:4B2CH         PUBLIC        _TAN
  -------         ENDMOD        SIN

  -------         MODULE        ACOS
  C:5E59H         PUBLIC        _ACOS
  -------         ENDMOD        ACOS

  -------         MODULE        ASIN
  C:5F67H         PUBLIC        _ASIN
  -------         ENDMOD        ASIN

  -------         MODULE        POW
  X:03BCH         PUBLIC        ?_pow?BYTE
  C:4C1AH         PUBLIC        _pow
  -------         ENDMOD        POW

  -------         MODULE        ?C?CHKFLOAT
  C:1475H         PUBLIC        ?C?CHKFLOAT
  -------         ENDMOD        ?C?CHKFLOAT

  -------         MODULE        ?C?FPROUND
  C:148FH         PUBLIC        ?C?FPROUND
  -------         ENDMOD        ?C?FPROUND

  -------         MODULE        ?C?FPCONVERT
  C:14CCH         PUBLIC        ?C?FPCONVERT
  -------         ENDMOD        ?C?FPCONVERT

  -------         MODULE        EXP
  C:59EBH         PUBLIC        _EXP
  -------         ENDMOD        EXP

  -------         MODULE        LOG
  C:4F09H         PUBLIC        _LOG
  C:4F05H         PUBLIC        _LOG10
  -------         ENDMOD        LOG

  -------         MODULE        SQRT
  C:5731H         PUBLIC        _SQRT
  -------         ENDMOD        SQRT

  -------         MODULE        ATAN
  C:501EH         PUBLIC        _ATAN
  -------         ENDMOD        ATAN

  -------         MODULE        ?C?FTNPWR
  C:164EH         PUBLIC        ?C?FTNPWR
  -------         ENDMOD        ?C?FTNPWR

  -------         MODULE        ?C?COPY
  C:175EH         PUBLIC        ?C?COPY
  -------         ENDMOD        ?C?COPY

  -------         MODULE        ?C?CLDPTR
  C:1784H         PUBLIC        ?C?CLDPTR
  -------         ENDMOD        ?C?CLDPTR
BL51 BANKED LINKER/LOCATER V6.22                                                      06/11/2019  11:16:52  PAGE 57



  -------         MODULE        ?C?CLDOPTR
  C:179DH         PUBLIC        ?C?CLDOPTR
  -------         ENDMOD        ?C?CLDOPTR

  -------         MODULE        ?C?CSTPTR
  C:17CAH         PUBLIC        ?C?CSTPTR
  -------         ENDMOD        ?C?CSTPTR

  -------         MODULE        ?C?IMUL
  C:17DCH         PUBLIC        ?C?IMUL
  -------         ENDMOD        ?C?IMUL

  -------         MODULE        ?C?UIDIV
  C:17EEH         PUBLIC        ?C?UIDIV
  -------         ENDMOD        ?C?UIDIV

  -------         MODULE        ?C?SIDIV
  C:1843H         PUBLIC        ?C?SIDIV
  -------         ENDMOD        ?C?SIDIV

  -------         MODULE        ?C?ILDIX
  C:1879H         PUBLIC        ?C?ILDIX
  -------         ENDMOD        ?C?ILDIX

  -------         MODULE        ?C?ILDOPTR
  C:188FH         PUBLIC        ?C?ILDOPTR
  -------         ENDMOD        ?C?ILDOPTR

  -------         MODULE        ?C?ISTPTR
  C:18C7H         PUBLIC        ?C?ISTPTR
  -------         ENDMOD        ?C?ISTPTR

  -------         MODULE        ?C?LMUL
  C:18E6H         PUBLIC        ?C?LMUL
  -------         ENDMOD        ?C?LMUL

  -------         MODULE        ?C?SLDIV
  C:5EA3H         PUBLIC        ?C?SLDIV
  -------         ENDMOD        ?C?SLDIV

  -------         MODULE        ?C?LNEG
  C:1935H         PUBLIC        ?C?LNEG
  -------         ENDMOD        ?C?LNEG

  -------         MODULE        ?C?ULCMP
  C:1943H         PUBLIC        ?C?ULCMP
  -------         ENDMOD        ?C?ULCMP

  -------         MODULE        ?C?LSHL
  C:1954H         PUBLIC        ?C?LSHL
  -------         ENDMOD        ?C?LSHL

  -------         MODULE        ?C?LLDPTR
  C:1967H         PUBLIC        ?C?LLDPTR
  -------         ENDMOD        ?C?LLDPTR

BL51 BANKED LINKER/LOCATER V6.22                                                      06/11/2019  11:16:52  PAGE 58


  -------         MODULE        ?C?LLDOPTR
  C:1987H         PUBLIC        ?C?LLDOPTR
  -------         ENDMOD        ?C?LLDOPTR

  -------         MODULE        ?C?LSTPTR
  C:19B7H         PUBLIC        ?C?LSTPTR
  -------         ENDMOD        ?C?LSTPTR

  -------         MODULE        ?C?LSTOPTR
  C:19D1H         PUBLIC        ?C?LSTOPTR
  -------         ENDMOD        ?C?LSTOPTR

  -------         MODULE        ?C?LLDXDATA
  C:19F5H         PUBLIC        ?C?LLDXDATA
  -------         ENDMOD        ?C?LLDXDATA

  -------         MODULE        ?C?LLDCODE
  C:1A01H         PUBLIC        ?C?LLDCODE
  -------         ENDMOD        ?C?LLDCODE

  -------         MODULE        ?C?LLDXDATA0
  C:1A11H         PUBLIC        ?C?LLDXDATA0
  -------         ENDMOD        ?C?LLDXDATA0

  -------         MODULE        ?C?LLDCODE0
  C:1A1DH         PUBLIC        ?C?LLDCODE0
  -------         ENDMOD        ?C?LLDCODE0

  -------         MODULE        ?C?LLDPTR0
  C:1A2DH         PUBLIC        ?C?LLDPTR0
  -------         ENDMOD        ?C?LLDPTR0

  -------         MODULE        ?C?LSTXDATA
  C:1A4DH         PUBLIC        ?C?LSTXDATA
  -------         ENDMOD        ?C?LSTXDATA

  -------         MODULE        ?C?LSTKXDATA
  C:1A59H         PUBLIC        ?C?LSTKXDATA
  -------         ENDMOD        ?C?LSTKXDATA

  -------         MODULE        ?C?LSTKPTR
  C:1A8AH         PUBLIC        ?C?LSTKPTR
  -------         ENDMOD        ?C?LSTKPTR

  -------         MODULE        ?C?OFFXADD
  C:1AA4H         PUBLIC        ?C?OFFXADD
  -------         ENDMOD        ?C?OFFXADD

  -------         MODULE        ?C?PLDIXDATA
  C:1AB0H         PUBLIC        ?C?PLDIXDATA
  -------         ENDMOD        ?C?PLDIXDATA

  -------         MODULE        ?C?PSTXDATA
  C:1AC7H         PUBLIC        ?C?PSTXDATA
  -------         ENDMOD        ?C?PSTXDATA

  -------         MODULE        ?C?CCASE
BL51 BANKED LINKER/LOCATER V6.22                                                      06/11/2019  11:16:52  PAGE 59


  C:1AD0H         PUBLIC        ?C?CCASE
  -------         ENDMOD        ?C?CCASE

  -------         MODULE        PUTCHAR
  C:60FDH         PUBLIC        _PUTCHAR
  -------         ENDMOD        PUTCHAR

  -------         MODULE        ABS
  C:63A1H         PUBLIC        _ABS
  -------         ENDMOD        ABS

  -------         MODULE        ATOI
  C:5427H         PUBLIC        _atoi
  -------         ENDMOD        ATOI

  -------         MODULE        ?C?IILDX
  C:1AF6H         PUBLIC        ?C?IILDX
  -------         ENDMOD        ?C?IILDX

  -------         MODULE        ?C?ULDIV
  C:1B48H         PUBLIC        ?C?ULDIV
  -------         ENDMOD        ?C?ULDIV

  -------         MODULE        ?C?LLDIDATA
  C:1BDAH         PUBLIC        ?C?LLDIDATA
  -------         ENDMOD        ?C?LLDIDATA

  -------         MODULE        ?C?LLDPDATA
  C:1BE6H         PUBLIC        ?C?LLDPDATA
  -------         ENDMOD        ?C?LLDPDATA

  -------         MODULE        ?C?LLDIDATA0
  C:1BF2H         PUBLIC        ?C?LLDIDATA0
  -------         ENDMOD        ?C?LLDIDATA0

  -------         MODULE        ?C?LLDPDATA0
  C:1BFFH         PUBLIC        ?C?LLDPDATA0
  -------         ENDMOD        ?C?LLDPDATA0

  -------         MODULE        ?C?LSTIDATA
  C:1C0CH         PUBLIC        ?C?LSTIDATA
  -------         ENDMOD        ?C?LSTIDATA

  -------         MODULE        ?C?LSTPDATA
  C:1C18H         PUBLIC        ?C?LSTPDATA
  -------         ENDMOD        ?C?LSTPDATA

  -------         MODULE        ?C?LSTKIDATA
  C:1C24H         PUBLIC        ?C?LSTKIDATA
  -------         ENDMOD        ?C?LSTKIDATA

  -------         MODULE        ?C?LSTKPDATA
  C:1C3DH         PUBLIC        ?C?LSTKPDATA
  -------         ENDMOD        ?C?LSTKPDATA

  -------         MODULE        ISDIGIT
  C:635FH         PUBLIC        _isdigit
BL51 BANKED LINKER/LOCATER V6.22                                                      06/11/2019  11:16:52  PAGE 60


  -------         ENDMOD        ISDIGIT

  -------         MODULE        ISSPACE
  C:62FAH         PUBLIC        _isspace
  -------         ENDMOD        ISSPACE

*** WARNING L16: UNCALLED SEGMENT, IGNORED FOR OVERLAY PROCESS
    SEGMENT: ?PR?_DAY_OF_YEAR?PCF85063BTL

*** WARNING L16: UNCALLED SEGMENT, IGNORED FOR OVERLAY PROCESS
    SEGMENT: ?PR?NOP?IOEXPANDER_PI4IOE5V96248

*** WARNING L16: UNCALLED SEGMENT, IGNORED FOR OVERLAY PROCESS
    SEGMENT: ?PR?UC_ACK?IOEXPANDER_PI4IOE5V96248

*** WARNING L16: UNCALLED SEGMENT, IGNORED FOR OVERLAY PROCESS
    SEGMENT: ?PR?UC_NACK?IOEXPANDER_PI4IOE5V96248

*** WARNING L16: UNCALLED SEGMENT, IGNORED FOR OVERLAY PROCESS
    SEGMENT: ?PR?_AT25SF041_READ?AT25SF041

*** WARNING L16: UNCALLED SEGMENT, IGNORED FOR OVERLAY PROCESS
    SEGMENT: ?PR?_TEN?UART1

*** WARNING L16: UNCALLED SEGMENT, IGNORED FOR OVERLAY PROCESS
    SEGMENT: ?PR?_UNIT?UART1

*** WARNING L16: UNCALLED SEGMENT, IGNORED FOR OVERLAY PROCESS
    SEGMENT: ?PR?_DECTOBCD?UART1

*** WARNING L16: UNCALLED SEGMENT, IGNORED FOR OVERLAY PROCESS
    SEGMENT: ?PR?_ASCII_LETTER?UART1

*** WARNING L16: UNCALLED SEGMENT, IGNORED FOR OVERLAY PROCESS
    SEGMENT: ?PR?_ASCIITOBCD?UART1

Program Size: data=15.4 xdata=1612 code=25578
LINK/LOCATE RUN COMPLETE.  10 WARNING(S),  0 ERROR(S)
