BL51 BANKED LINKER/LOCATER V6.22                                                        02/25/2019  11:28:09  PAGE 1


BL51 BANKED LINKER/LOCATER V6.22, INVOKED BY:
C:\KEIL_V5\C51\BIN\BL51.EXE .\Obj\main.obj, .\Obj\PCF85063BTL.obj, .\Obj\UART1.obj, .\Obj\LCd_Driver_SPLC780D.obj, .\Obj
>> \KeyPad.obj, .\Obj\BipolarMotor.obj, .\Obj\SunPos.obj, .\Obj\ADC.obj, .\Obj\Calibration.obj, .\Obj\IOExpander_PI4IOE5
>> V96248.obj, .\Obj\AT25SF041.obj, .\Obj\STARTUP.obj TO .\Obj\GPIO_RTC_Test PRINT (.\Lis\GPIO_RTC_Test.m51) RAMSIZE (25
>> 6)


MEMORY MODEL: LARGE WITH FLOATING POINT ARITHMETIC


INPUT MODULES INCLUDED:
  .\Obj\main.obj (MAIN)
  .\Obj\PCF85063BTL.obj (PCF85063BTL)
  .\Obj\UART1.obj (UART1)
  .\Obj\LCd_Driver_SPLC780D.obj (LCD_DRIVER_SPLC780D)
  .\Obj\KeyPad.obj (KEYPAD)
  .\Obj\BipolarMotor.obj (BIPOLARMOTOR)
  .\Obj\SunPos.obj (SUNPOS)
  .\Obj\ADC.obj (ADC)
  .\Obj\Calibration.obj (CALIBRATION)
  .\Obj\IOExpander_PI4IOE5V96248.obj (IOEXPANDER_PI4IOE5V96248)
  .\Obj\AT25SF041.obj (AT25SF041)
  .\Obj\STARTUP.obj (?C_STARTUP)
  C:\KEIL_V5\C51\LIB\C51FPL.LIB (?C?FPADD)
  C:\KEIL_V5\C51\LIB\C51FPL.LIB (?C?FPMUL)
  C:\KEIL_V5\C51\LIB\C51FPL.LIB (?C?FPDIV)
  C:\KEIL_V5\C51\LIB\C51FPL.LIB (?C?FPCMP)
  C:\KEIL_V5\C51\LIB\C51FPL.LIB (?C?FPNEG)
  C:\KEIL_V5\C51\LIB\C51FPL.LIB (?C?FCAST)
  C:\KEIL_V5\C51\LIB\C51FPL.LIB (?C?CASTF)
  C:\KEIL_V5\C51\LIB\C51FPL.LIB (ATAN2)
  C:\KEIL_V5\C51\LIB\C51FPL.LIB (SIN)
  C:\KEIL_V5\C51\LIB\C51FPL.LIB (ACOS)
  C:\KEIL_V5\C51\LIB\C51FPL.LIB (ASIN)
  C:\KEIL_V5\C51\LIB\C51FPL.LIB (?C?FPGETOPN)
  C:\KEIL_V5\C51\LIB\C51FPL.LIB (?C?FPSERIES)
  C:\KEIL_V5\C51\LIB\C51FPL.LIB (SQRT)
  C:\KEIL_V5\C51\LIB\C51FPL.LIB (ATAN)
  C:\KEIL_V5\C51\LIB\C51L.LIB (?C_INIT)
  C:\KEIL_V5\C51\LIB\C51L.LIB (?C?COPY)
  C:\KEIL_V5\C51\LIB\C51L.LIB (?C?CLDPTR)
  C:\KEIL_V5\C51\LIB\C51L.LIB (?C?CLDOPTR)
  C:\KEIL_V5\C51\LIB\C51L.LIB (?C?CSTPTR)
  C:\KEIL_V5\C51\LIB\C51L.LIB (?C?IMUL)
  C:\KEIL_V5\C51\LIB\C51L.LIB (?C?UIDIV)
  C:\KEIL_V5\C51\LIB\C51L.LIB (?C?SIDIV)
  C:\KEIL_V5\C51\LIB\C51L.LIB (?C?ILDIX)
  C:\KEIL_V5\C51\LIB\C51L.LIB (?C?ILDOPTR)
  C:\KEIL_V5\C51\LIB\C51L.LIB (?C?ISTPTR)
  C:\KEIL_V5\C51\LIB\C51L.LIB (?C?LMUL)
  C:\KEIL_V5\C51\LIB\C51L.LIB (?C?SLDIV)
  C:\KEIL_V5\C51\LIB\C51L.LIB (?C?LNEG)
  C:\KEIL_V5\C51\LIB\C51L.LIB (?C?ULCMP)
  C:\KEIL_V5\C51\LIB\C51L.LIB (?C?LSHL)
  C:\KEIL_V5\C51\LIB\C51L.LIB (?C?LLDPTR)
  C:\KEIL_V5\C51\LIB\C51L.LIB (?C?LLDOPTR)
  C:\KEIL_V5\C51\LIB\C51L.LIB (?C?LSTPTR)
  C:\KEIL_V5\C51\LIB\C51L.LIB (?C?LSTOPTR)
BL51 BANKED LINKER/LOCATER V6.22                                                      02/25/2019  11:28:09  PAGE 2


  C:\KEIL_V5\C51\LIB\C51L.LIB (?C?LLDXDATA)
  C:\KEIL_V5\C51\LIB\C51L.LIB (?C?LLDCODE)
  C:\KEIL_V5\C51\LIB\C51L.LIB (?C?LLDXDATA0)
  C:\KEIL_V5\C51\LIB\C51L.LIB (?C?LLDCODE0)
  C:\KEIL_V5\C51\LIB\C51L.LIB (?C?LLDPTR0)
  C:\KEIL_V5\C51\LIB\C51L.LIB (?C?LSTXDATA)
  C:\KEIL_V5\C51\LIB\C51L.LIB (?C?LSTKXDATA)
  C:\KEIL_V5\C51\LIB\C51L.LIB (?C?LSTKPTR)
  C:\KEIL_V5\C51\LIB\C51L.LIB (?C?OFFXADD)
  C:\KEIL_V5\C51\LIB\C51L.LIB (ABS)
  C:\KEIL_V5\C51\LIB\C51L.LIB (ATOI)
  C:\KEIL_V5\C51\LIB\C51L.LIB (?C?IILDX)
  C:\KEIL_V5\C51\LIB\C51L.LIB (?C?ULDIV)
  C:\KEIL_V5\C51\LIB\C51L.LIB (?C?LLDIDATA)
  C:\KEIL_V5\C51\LIB\C51L.LIB (?C?LLDPDATA)
  C:\KEIL_V5\C51\LIB\C51L.LIB (?C?LLDIDATA0)
  C:\KEIL_V5\C51\LIB\C51L.LIB (?C?LLDPDATA0)
  C:\KEIL_V5\C51\LIB\C51L.LIB (?C?LSTIDATA)
  C:\KEIL_V5\C51\LIB\C51L.LIB (?C?LSTPDATA)
  C:\KEIL_V5\C51\LIB\C51L.LIB (?C?LSTKIDATA)
  C:\KEIL_V5\C51\LIB\C51L.LIB (?C?LSTKPDATA)
  C:\KEIL_V5\C51\LIB\C51L.LIB (ISDIGIT)
  C:\KEIL_V5\C51\LIB\C51L.LIB (ISSPACE)


LINK MAP OF MODULE:  .\Obj\GPIO_RTC_Test (MAIN)


            TYPE    BASE      LENGTH    RELOCATION   SEGMENT NAME
            -----------------------------------------------------

            * * * * * * *   D A T A   M E M O R Y   * * * * * * *
            REG     0000H     0008H     ABSOLUTE     "REG BANK 0"
                    0008H     0018H                  *** GAP ***
            BIT     0020H.0   0000H.5   UNIT         ?BI?KEYPAD
            BIT     0020H.5   0000H.3   UNIT         _BIT_GROUP_
            BIT     0021H.0   0000H.1   UNIT         ?BI?MAIN
            BIT     0021H.1   0000H.1   UNIT         ?BI?_ATOI?ATOI
                    0021H.2   0000H.6                *** GAP ***
            IDATA   0022H     0001H     UNIT         ?STACK

            * * * * * * *  X D A T A   M E M O R Y  * * * * * * *
            XDATA   0000H     038FH     UNIT         ?XD?BIPOLARMOTOR
            XDATA   038FH     014FH     UNIT         _XDATA_GROUP_
            XDATA   04DEH     00D8H     UNIT         ?XD?MAIN
            XDATA   05B6H     0040H     UNIT         ?XD?_FINDDET4X4?BIPOLARMOTOR
            XDATA   05F6H     0024H     UNIT         ?XD?_FINDDET3X3?BIPOLARMOTOR
            XDATA   061AH     0009H     UNIT         ?XD?KEYPAD
            XDATA   0623H     0008H     UNIT         ?XD?_AT25SF041_READ?AT25SF041
            XDATA   062BH     0005H     UNIT         ?XD?_ATOI?ATOI
            XDATA   0630H     0004H     UNIT         ?XD?_DISPLAY_PROX?MAIN
            XDATA   0634H     0003H     UNIT         ?XD?_SENDSTRING?UART1
            XDATA   0637H     0001H     UNIT         ?XD?UC_ACK?IOEXPANDER_PI4IOE5V96248
            XDATA   0638H     0001H     UNIT         ?XD?UC_NACK?IOEXPANDER_PI4IOE5V96248

            * * * * * * *   C O D E   M E M O R Y   * * * * * * *
            CODE    0000H     0003H     ABSOLUTE     
BL51 BANKED LINKER/LOCATER V6.22                                                      02/25/2019  11:28:09  PAGE 3


            CODE    0003H     0006H     UNIT         ?PR?_TEN?UART1
            CODE    0009H     0001H     UNIT         ?PR?TM0_ISR?MAIN
            CODE    000AH     0001H     UNIT         ?PR?_DECTOBCD?UART1
            CODE    000BH     0003H     ABSOLUTE     
            CODE    000EH     0B00H     UNIT         ?PR?_UPDATE_POSITION?BIPOLARMOTOR
            CODE    0B0EH     09B6H     UNIT         ?C?LIB_CODE
            CODE    14C4H     096EH     UNIT         ?PR?MAIN?MAIN
            CODE    1E32H     07A2H     UNIT         ?PR?SUNPOS?SUNPOS
            CODE    25D4H     03F9H     UNIT         ?C_INITSEG
            CODE    29CDH     0309H     UNIT         ?PR?_FIND_REAL_MAX?CALIBRATION
            CODE    2CD6H     02C0H     UNIT         ?PR?_FINDDET4X4?BIPOLARMOTOR
            CODE    2F96H     02A0H     UNIT         ?PR?KEY_PROCESS?KEYPAD
            CODE    3236H     01D1H     UNIT         ?PR?_FINDDET3X3?BIPOLARMOTOR
            CODE    3407H     01AFH     UNIT         ?PR?SPI_NOR_WRITE_DATA?AT25SF041
            CODE    35B6H     018DH     UNIT         ?PR?KEY_SCAN?KEYPAD
            CODE    3743H     0188H     UNIT         ?PR?SIN?SIN
            CODE    38CBH     0172H     UNIT         ?PR?_DISPLAY_POS?MAIN
            CODE    3A3DH     015BH     UNIT         ?PR?_CALIBRATION?CALIBRATION
            CODE    3B98H     0122H     UNIT         ?PR?ATAN?ATAN
            CODE    3CBAH     0106H     UNIT         ?PR?_AT25SF041_READ?AT25SF041
            CODE    3DC0H     00FBH     UNIT         ?PR?_AT25SF041_WRITE?AT25SF041
            CODE    3EBBH     00DBH     UNIT         ?PR?_ATOI?ATOI
            CODE    3F96H     00C3H     UNIT         ?PR?LINEAR_INTERPOLATE?BIPOLARMOTOR
            CODE    4059H     00BBH     UNIT         ?PR?VOLTAGE_IS_STABLE?CALIBRATION
            CODE    4114H     00ADH     UNIT         ?PR?_WRITE_PI4IOE5V96248?IOEXPANDER_PI4IOE5V96248
            CODE    41C1H     00ACH     UNIT         ?PR?SQRT?SQRT
            CODE    426DH     00A1H     UNIT         ?PR?READ_STATUS_REGISTER_BYTE1?AT25SF041
            CODE    430EH     009DH     UNIT         ?PR?_ATAN2?ATAN2
            CODE    43ABH     009CH     UNIT         ?PR?_MAX_VALUE?CALIBRATION
            CODE    4447H     0095H     UNIT         ?PR?_DISPLAY_PROX?MAIN
            CODE    44DCH     008CH     UNIT         ?C_C51STARTUP
            CODE    4568H     0084H     UNIT         ?PR?_DAY_OF_YEAR?PCF85063BTL
            CODE    45ECH     0075H     UNIT         ?PR?_WRITEDATA?LCD_DRIVER_SPLC780D
            CODE    4661H     006FH     UNIT         ?PR?_READ_TIME?PCF85063BTL
            CODE    46D0H     006EH     UNIT         ?PR?AT25SF041_WRITEENABLE?AT25SF041
            CODE    473EH     005AH     UNIT         ?PR?AT25SF041_CHIPERASE?AT25SF041
            CODE    4798H     0059H     UNIT         ?PR?LCD_INIT?LCD_DRIVER_SPLC780D
            CODE    47F1H     004AH     UNIT         ?PR?VONESTEPMOVE?BIPOLARMOTOR
            CODE    483BH     004AH     UNIT         ?PR?ACOS?ACOS
            CODE    4885H     0044H     UNIT         ?C?LDIV
            CODE    48C9H     0040H     UNIT         ?PR?_COMMAND?LCD_DRIVER_SPLC780D
            CODE    4909H     0040H     UNIT         ?PR?_STEP_MOVE?BIPOLARMOTOR
            CODE    4949H     003BH     UNIT         ?PR?ASIN?ASIN
            CODE    4984H     0033H     UNIT         ?PR?_SENDSTRING?UART1
            CODE    49B7H     002CH     UNIT         ?PR?_ADC_GETRESULT?ADC
            CODE    49E3H     002BH     UNIT         ?PR?_WAIT_MS_I2C?IOEXPANDER_PI4IOE5V96248
            CODE    4A0EH     002BH     UNIT         ?PR?_WAIT_MS_SPINOR?AT25SF041
            CODE    4A39H     0028H     UNIT         ?PR?_MOVE?BIPOLARMOTOR
            CODE    4A61H     0027H     UNIT         ?PR?_I2C_SENDBYTE?IOEXPANDER_PI4IOE5V96248
            CODE    4A88H     0024H     UNIT         ?PR?_WAIT_MS?LCD_DRIVER_SPLC780D
            CODE    4AACH     0020H     UNIT         ?PR?_SPI_SENDBYTE?PCF85063BTL
            CODE    4ACCH     0020H     UNIT         ?PR?SPI_RECEIVEBYTE?PCF85063BTL
            CODE    4AECH     001FH     UNIT         ?PR?ADC_INIT?ADC
            CODE    4B0BH     001EH     UNIT         ?PR?_DELAY_MS?KEYPAD
            CODE    4B29H     001DH     UNIT         ?PR?_DISPLAYLCD?LCD_DRIVER_SPLC780D
            CODE    4B46H     001BH     UNIT         ?PR?_BCDTODEC1?BIPOLARMOTOR
            CODE    4B61H     0018H     UNIT         ?PR?_SPI_WRITETIME?PCF85063BTL
BL51 BANKED LINKER/LOCATER V6.22                                                      02/25/2019  11:28:09  PAGE 4


            CODE    4B79H     0017H     UNIT         ?PR?_ASCIITOBCD?UART1
            CODE    4B90H     0016H     UNIT         ?PR?I2C_ACK?IOEXPANDER_PI4IOE5V96248
            CODE    4BA6H     0015H     UNIT         ?PR?_DISPLAY_LINE?LCD_DRIVER_SPLC780D
            CODE    4BBBH     0015H     UNIT         ?PR?I2C_STOP?IOEXPANDER_PI4IOE5V96248
            CODE    4BD0H     0014H     UNIT         ?PR?_PCF85063BTL_DELAY?PCF85063BTL
            CODE    4BE4H     0014H     UNIT         ?PR?_ISSPACE?ISSPACE
            CODE    4BF8H     0011H     UNIT         ?PR?_SPI_READTIME?PCF85063BTL
            CODE    4C09H     0011H     UNIT         ?PR?_BCDTODEC?PCF85063BTL
            CODE    4C1AH     0011H     UNIT         ?PR?INITUART1?UART1
            CODE    4C2BH     000FH     UNIT         ?PR?I2C_START?IOEXPANDER_PI4IOE5V96248
            CODE    4C3AH     000FH     UNIT         ?PR?UC_NACK?IOEXPANDER_PI4IOE5V96248
            CODE    4C49H     000FH     UNIT         ?PR?_ISDIGIT?ISDIGIT
            CODE    4C58H     000DH     UNIT         ?PR?SPI_INIT?PCF85063BTL
            CODE    4C65H     000CH     UNIT         ?PR?KEYPAD_IO_INIT?KEYPAD
            CODE    4C71H     000CH     UNIT         ?PR?_ABS?ABS
            CODE    4C7DH     000AH     UNIT         ?PR?LCD_RETURN_HOME?LCD_DRIVER_SPLC780D
            CODE    4C87H     000AH     UNIT         ?PR?LCD_CLEAR?LCD_DRIVER_SPLC780D
            CODE    4C91H     0006H     UNIT         ?PR?UC_ACK?IOEXPANDER_PI4IOE5V96248
            CODE    4C97H     0005H     UNIT         ?PR?_UNIT?UART1
            CODE    4C9CH     0005H     UNIT         ?PR?_ASCII_LETTER?UART1
            CODE    4CA1H     0001H     UNIT         ?PR?WAIT?BIPOLARMOTOR
            CODE    4CA2H     0001H     UNIT         ?PR?NOP?IOEXPANDER_PI4IOE5V96248



OVERLAY MAP OF MODULE:   .\Obj\GPIO_RTC_Test (MAIN)


SEGMENT                                             BIT_GROUP          XDATA_GROUP
  +--> CALLED SEGMENT                            START    LENGTH     START    LENGTH
------------------------------------------------------------------------------------
?C_C51STARTUP                                    -----    -----      -----    -----
  +--> ?PR?MAIN?MAIN
  +--> ?C_INITSEG

?PR?MAIN?MAIN                                    -----    -----      038FH    002CH
  +--> ?PR?LCD_INIT?LCD_DRIVER_SPLC780D
  +--> ?PR?SPI_INIT?PCF85063BTL
  +--> ?PR?KEYPAD_IO_INIT?KEYPAD
  +--> ?PR?ADC_INIT?ADC
  +--> ?PR?_SPI_WRITETIME?PCF85063BTL
  +--> ?PR?_DELAY_MS?KEYPAD
  +--> ?PR?_DISPLAY_LINE?LCD_DRIVER_SPLC780D
  +--> ?PR?_WRITEDATA?LCD_DRIVER_SPLC780D
  +--> ?PR?KEY_PROCESS?KEYPAD
  +--> ?PR?_COMMAND?LCD_DRIVER_SPLC780D
  +--> ?PR?_DISPLAY_POS?MAIN
  +--> ?PR?_DISPLAYLCD?LCD_DRIVER_SPLC780D
  +--> ?PR?_STEP_MOVE?BIPOLARMOTOR
  +--> ?PR?LCD_RETURN_HOME?LCD_DRIVER_SPLC780D
  +--> ?PR?_READ_TIME?PCF85063BTL
  +--> ?PR?_ADC_GETRESULT?ADC
  +--> ?PR?_BCDTODEC1?BIPOLARMOTOR
  +--> ?PR?_CALIBRATION?CALIBRATION
  +--> ?PR?_WAIT_MS_SPINOR?AT25SF041
  +--> ?PR?SPI_NOR_WRITE_DATA?AT25SF041
  +--> ?PR?LINEAR_INTERPOLATE?BIPOLARMOTOR
BL51 BANKED LINKER/LOCATER V6.22                                                      02/25/2019  11:28:09  PAGE 5


  +--> ?PR?_UPDATE_POSITION?BIPOLARMOTOR

?PR?LCD_INIT?LCD_DRIVER_SPLC780D                 -----    -----      -----    -----
  +--> ?PR?_WAIT_MS?LCD_DRIVER_SPLC780D
  +--> ?PR?_COMMAND?LCD_DRIVER_SPLC780D

?PR?_COMMAND?LCD_DRIVER_SPLC780D                 -----    -----      -----    -----
  +--> ?PR?_WAIT_MS?LCD_DRIVER_SPLC780D

?PR?ADC_INIT?ADC                                 -----    -----      -----    -----
  +--> ?PR?_WAIT_MS?LCD_DRIVER_SPLC780D

?PR?_SPI_WRITETIME?PCF85063BTL                   -----    -----      -----    -----
  +--> ?PR?_SPI_SENDBYTE?PCF85063BTL

?PR?_SPI_SENDBYTE?PCF85063BTL                    -----    -----      -----    -----
  +--> ?PR?_PCF85063BTL_DELAY?PCF85063BTL

?PR?_DISPLAY_LINE?LCD_DRIVER_SPLC780D            -----    -----      -----    -----
  +--> ?PR?_COMMAND?LCD_DRIVER_SPLC780D

?PR?_WRITEDATA?LCD_DRIVER_SPLC780D               -----    -----      046AH    0001H
  +--> ?PR?_WAIT_MS?LCD_DRIVER_SPLC780D

?PR?KEY_PROCESS?KEYPAD                           -----    -----      03BBH    0006H
  +--> ?PR?KEY_SCAN?KEYPAD
  +--> ?PR?_SPI_WRITETIME?PCF85063BTL
  +--> ?PR?LCD_CLEAR?LCD_DRIVER_SPLC780D
  +--> ?PR?_COMMAND?LCD_DRIVER_SPLC780D
  +--> ?PR?_WRITEDATA?LCD_DRIVER_SPLC780D

?PR?KEY_SCAN?KEYPAD                              -----    -----      03C1H    0003H

?PR?LCD_CLEAR?LCD_DRIVER_SPLC780D                -----    -----      -----    -----
  +--> ?PR?_COMMAND?LCD_DRIVER_SPLC780D

?PR?_DISPLAY_POS?MAIN                            -----    -----      0460H    000AH
  +--> ?PR?_ABS?ABS
  +--> ?PR?_WRITEDATA?LCD_DRIVER_SPLC780D

?PR?_DISPLAYLCD?LCD_DRIVER_SPLC780D              -----    -----      03BBH    0001H
  +--> ?PR?_WRITEDATA?LCD_DRIVER_SPLC780D

?PR?_STEP_MOVE?BIPOLARMOTOR                      0020H.6  0000H.1    0479H    0004H
  +--> ?PR?VONESTEPMOVE?BIPOLARMOTOR

?PR?VONESTEPMOVE?BIPOLARMOTOR                    0020H.7  0000H.1    -----    -----
  +--> ?PR?_WRITE_PI4IOE5V96248?IOEXPANDER_P...
  +--> ?PR?_DELAY_MS?KEYPAD

?PR?_WRITE_PI4IOE5V96248?IOEXPANDER_P...         -----    -----      047DH    0003H
  +--> ?PR?I2C_START?IOEXPANDER_PI4IOE5V96248
  +--> ?PR?_WAIT_MS_I2C?IOEXPANDER_PI4IOE5V9...
  +--> ?PR?_I2C_SENDBYTE?IOEXPANDER_PI4IOE5V...
  +--> ?PR?I2C_ACK?IOEXPANDER_PI4IOE5V96248
  +--> ?PR?I2C_STOP?IOEXPANDER_PI4IOE5V96248

BL51 BANKED LINKER/LOCATER V6.22                                                      02/25/2019  11:28:09  PAGE 6


?PR?I2C_START?IOEXPANDER_PI4IOE5V96248           -----    -----      -----    -----
  +--> ?PR?_WAIT_MS_I2C?IOEXPANDER_PI4IOE5V9...

?PR?_I2C_SENDBYTE?IOEXPANDER_PI4IOE5V...         -----    -----      -----    -----
  +--> ?PR?_WAIT_MS_I2C?IOEXPANDER_PI4IOE5V9...

?PR?I2C_ACK?IOEXPANDER_PI4IOE5V96248             -----    -----      0480H    0001H
  +--> ?PR?_WAIT_MS_I2C?IOEXPANDER_PI4IOE5V9...

?PR?I2C_STOP?IOEXPANDER_PI4IOE5V96248            -----    -----      -----    -----
  +--> ?PR?_WAIT_MS_I2C?IOEXPANDER_PI4IOE5V9...

?PR?LCD_RETURN_HOME?LCD_DRIVER_SPLC780D          -----    -----      -----    -----
  +--> ?PR?_COMMAND?LCD_DRIVER_SPLC780D

?PR?_READ_TIME?PCF85063BTL                       -----    -----      03BBH    000FH
  +--> ?PR?_SPI_READTIME?PCF85063BTL

?PR?_SPI_READTIME?PCF85063BTL                    -----    -----      -----    -----
  +--> ?PR?_SPI_SENDBYTE?PCF85063BTL
  +--> ?PR?SPI_RECEIVEBYTE?PCF85063BTL

?PR?SPI_RECEIVEBYTE?PCF85063BTL                  -----    -----      -----    -----
  +--> ?PR?_PCF85063BTL_DELAY?PCF85063BTL

?PR?_CALIBRATION?CALIBRATION                     -----    -----      03BBH    001BH
  +--> ?PR?VOLTAGE_IS_STABLE?CALIBRATION
  +--> ?PR?_UPDATE_POSITION?BIPOLARMOTOR
  +--> ?PR?_FIND_REAL_MAX?CALIBRATION

?PR?VOLTAGE_IS_STABLE?CALIBRATION                -----    -----      03D6H    0018H
  +--> ?PR?_ADC_GETRESULT?ADC
  +--> ?PR?_ABS?ABS

?PR?_UPDATE_POSITION?BIPOLARMOTOR                -----    -----      03D6H    009FH
  +--> ?PR?_BCDTODEC1?BIPOLARMOTOR
  +--> ?PR?SUNPOS?SUNPOS
  +--> ?PR?SIN?SIN
  +--> ?PR?ASIN?ASIN
  +--> ?PR?LINEAR_INTERPOLATE?BIPOLARMOTOR
  +--> ?PR?_ABS?ABS
  +--> ?PR?_MOVE?BIPOLARMOTOR

?PR?SUNPOS?SUNPOS                                -----    -----      0475H    005DH
  +--> ?PR?SIN?SIN
  +--> ?PR?_ATAN2?ATAN2
  +--> ?PR?ASIN?ASIN
  +--> ?PR?ACOS?ACOS

?PR?SIN?SIN                                      0020H.5  0000H.1    04D2H    0004H

?PR?_ATAN2?ATAN2                                 -----    -----      04D2H    0008H
  +--> ?PR?ATAN?ATAN

?PR?ATAN?ATAN                                    0020H.5  0000H.2    04DAH    0004H

?PR?ASIN?ASIN                                    -----    -----      -----    -----
BL51 BANKED LINKER/LOCATER V6.22                                                      02/25/2019  11:28:09  PAGE 7


  +--> ?PR?SQRT?SQRT
  +--> ?PR?ATAN?ATAN

?PR?SQRT?SQRT                                    -----    -----      04D2H    0004H

?PR?ACOS?ACOS                                    -----    -----      -----    -----
  +--> ?PR?SQRT?SQRT
  +--> ?PR?ATAN?ATAN

?PR?LINEAR_INTERPOLATE?BIPOLARMOTOR              -----    -----      0475H    0014H

?PR?_MOVE?BIPOLARMOTOR                           0020H.5  0000H.1    0475H    0004H
  +--> ?PR?_STEP_MOVE?BIPOLARMOTOR

?PR?_FIND_REAL_MAX?CALIBRATION                   -----    -----      03D6H    008AH
  +--> ?PR?_ADC_GETRESULT?ADC
  +--> ?PR?_MOVE?BIPOLARMOTOR
  +--> ?PR?_COMMAND?LCD_DRIVER_SPLC780D
  +--> ?PR?_WRITEDATA?LCD_DRIVER_SPLC780D
  +--> ?PR?_DISPLAY_POS?MAIN
  +--> ?PR?_WAIT_MS?LCD_DRIVER_SPLC780D
  +--> ?PR?_MAX_VALUE?CALIBRATION

?PR?_MAX_VALUE?CALIBRATION                       -----    -----      0460H    0004H

?PR?SPI_NOR_WRITE_DATA?AT25SF041                 -----    -----      03BBH    000EH
  +--> ?PR?AT25SF041_WRITEENABLE?AT25SF041
  +--> ?PR?AT25SF041_CHIPERASE?AT25SF041
  +--> ?PR?_WAIT_MS_SPINOR?AT25SF041
  +--> ?PR?_AT25SF041_WRITE?AT25SF041

?PR?AT25SF041_WRITEENABLE?AT25SF041              -----    -----      03C9H    0002H
  +--> ?PR?_WAIT_MS_SPINOR?AT25SF041

?PR?AT25SF041_CHIPERASE?AT25SF041                -----    -----      03C9H    0002H
  +--> ?PR?_WAIT_MS_SPINOR?AT25SF041
  +--> ?PR?READ_STATUS_REGISTER_BYTE1?AT25SF041

?PR?READ_STATUS_REGISTER_BYTE1?AT25SF041         -----    -----      03CBH    0003H
  +--> ?PR?_WAIT_MS_SPINOR?AT25SF041

?PR?_AT25SF041_WRITE?AT25SF041                   -----    -----      03C9H    0008H
  +--> ?PR?_WAIT_MS_SPINOR?AT25SF041



UNRESOLVED EXTERNAL SYMBOLS:
   AUTO_MODE
   _SENDUART1



SYMBOL TABLE OF MODULE:  .\Obj\GPIO_RTC_Test (MAIN)

  VALUE           TYPE          NAME
  ----------------------------------

BL51 BANKED LINKER/LOCATER V6.22                                                      02/25/2019  11:28:09  PAGE 8


  -------         MODULE        MAIN
  C:0000H         SYMBOL        _ICE_DUMMY_
  X:04E6H         PUBLIC        calib_value
  D:0080H         PUBLIC        P0
  D:00B2H         PUBLIC        P3M0
  D:0090H         PUBLIC        P1
  D:00B1H         PUBLIC        P3M1
  D:00A0H         PUBLIC        P2
  D:00B0H         PUBLIC        P3
  D:00C0H         PUBLIC        P4
  D:00C8H         PUBLIC        P5
  X:053AH         SYMBOL        PressedKey
  B:00A8H.7       PUBLIC        EA
  D:00E8H         PUBLIC        P6
  X:053EH         PUBLIC        calib_stamp
  D:00F8H         PUBLIC        P7
  X:053FH         PUBLIC        RX_Data_Uart_Cnt
  D:00A8H         PUBLIC        IE
  X:0541H         PUBLIC        calib_time
  D:00B8H         PUBLIC        IP
  X:0595H         PUBLIC        months
  D:00D8H         PUBLIC        CCON
  C:14C4H         PUBLIC        main
  X:0596H         PUBLIC        count
  X:0598H         PUBLIC        days
  X:0599H         PUBLIC        hours
  D:0098H         PUBLIC        SCON
  D:0089H         PUBLIC        TMOD
  D:0088H         PUBLIC        TCON
  B:00A0H.3       PUBLIC        P23
  X:059AH         SYMBOL        KeyCount
  X:059CH         PUBLIC        mins
  X:059DH         PUBLIC        Rec_data_hour
  B:00C8H.5       PUBLIC        P55
  X:05A0H         PUBLIC        Rec_data_min
  D:008EH         PUBLIC        AUXR
  C:0009H         PUBLIC        tm0_isr
  B:0021H.0       PUBLIC        busy
  B:00A8H.1       PUBLIC        ET0
  X:05A3H         PUBLIC        SPI_NOR_INTERNAL_FLASH_ADDR
  D:008CH         PUBLIC        TH0
  X:05A7H         PUBLIC        hour_count
  D:008AH         PUBLIC        TL0
  X:05A8H         PUBLIC        min_count
  B:0088H.4       PUBLIC        TR0
  X:05A9H         SYMBOL        KeyNum
  X:05AAH         SYMBOL        KeyNum_Old
  X:05ABH         PUBLIC        current_position
  X:05AFH         PUBLIC        hours1
  X:05B0H         PUBLIC        hours2
  C:4447H         PUBLIC        _Display_Prox
  X:05B1H         PUBLIC        mins1
  X:05B2H         PUBLIC        mins2
  C:38CBH         PUBLIC        _Display_Pos
  X:05B3H         PUBLIC        seconds
  X:05B4H         PUBLIC        st_time
  D:00D0H         PUBLIC        PSW
BL51 BANKED LINKER/LOCATER V6.22                                                      02/25/2019  11:28:09  PAGE 9


  -------         PROC          TM0_ISR
  C:0009H         LINE#         86
  C:0009H         LINE#         88
  -------         ENDPROC       TM0_ISR
  -------         PROC          MAIN
  -------         DO            
  X:038FH         SYMBOL        sunlight_ADC
  X:04DEH         SYMBOL        KeyCount
  X:04E0H         SYMBOL        KeyNum_Old
  X:04E1H         SYMBOL        KeyNum
  X:04E2H         SYMBOL        PressedKey
  X:0391H         SYMBOL        prox_flag
  X:0392H         SYMBOL        iUse_prevday_calib_value
  X:0394H         SYMBOL        max_ADC_Val_JP
  X:0396H         SYMBOL        max_ADC_Val
  X:0398H         SYMBOL        calib_point1
  X:03A0H         SYMBOL        calib_point2
  X:03A8H         SYMBOL        dat_to_store
  X:03B3H         SYMBOL        calib_day
  X:03B5H         SYMBOL        calib_count
  X:03B7H         SYMBOL        theorical_JP_max_pos
  -------         ENDDO         
  C:14C4H         LINE#         90
  C:14C4H         LINE#         91
  C:14C4H         LINE#         96
  C:14CAH         LINE#         97
  C:14CFH         LINE#         99
  C:14D7H         LINE#         103
  C:14DDH         LINE#         104
  C:14E7H         LINE#         108
  C:14E9H         LINE#         109
  C:14EBH         LINE#         110
  C:14EDH         LINE#         111
  C:14EFH         LINE#         113
  C:14F6H         LINE#         122
  C:14F8H         LINE#         123
  C:14FBH         LINE#         124
  C:14FEH         LINE#         125
  C:1501H         LINE#         126
  C:1504H         LINE#         127
  C:1507H         LINE#         130
  C:150AH         LINE#         132
  C:150DH         LINE#         133
  C:1510H         LINE#         134
  C:1513H         LINE#         135
  C:1515H         LINE#         136
  C:1517H         LINE#         137
  C:1519H         LINE#         139
  C:151BH         LINE#         140
  C:1522H         LINE#         141
  C:1529H         LINE#         142
  C:1530H         LINE#         143
  C:1537H         LINE#         147
  C:153EH         LINE#         148
  C:1543H         LINE#         149
  C:1548H         LINE#         150
  C:154DH         LINE#         151
BL51 BANKED LINKER/LOCATER V6.22                                                      02/25/2019  11:28:09  PAGE 10


  C:1552H         LINE#         152
  C:1557H         LINE#         155
  C:1570H         LINE#         156
  C:1570H         LINE#         157
  C:158CH         LINE#         158
  C:15D3H         LINE#         159
  C:15E4H         LINE#         160
  C:15E4H         LINE#         161
  C:15E4H         LINE#         162
  C:15E7H         LINE#         165
  C:15E7H         LINE#         168
  C:15ECH         LINE#         169
  C:15F1H         LINE#         171
  C:15F6H         LINE#         172
  C:15FBH         LINE#         173
  C:1600H         LINE#         174
  C:1605H         LINE#         176
  C:1616H         LINE#         177
  C:161BH         LINE#         178
  C:1620H         LINE#         180
  C:1627H         LINE#         181
  C:162FH         LINE#         182
  C:1634H         LINE#         183
  C:163CH         LINE#         184
  C:1641H         LINE#         185
  C:164BH         LINE#         186
  C:1650H         LINE#         187
  C:1658H         LINE#         189
  C:1660H         LINE#         190
  C:1665H         LINE#         191
  C:166FH         LINE#         192
  C:166FH         LINE#         193
  C:1671H         LINE#         194
  C:1673H         LINE#         195
  C:167DH         LINE#         196
  C:167DH         LINE#         197
  C:1682H         LINE#         198
  C:1682H         LINE#         210
  C:168FH         LINE#         211
  C:168FH         LINE#         212
  C:1699H         LINE#         213
  C:16B0H         LINE#         214
  C:16B0H         LINE#         215
  C:16B2H         LINE#         216
  C:16B4H         LINE#         218
  C:16B4H         LINE#         219
  C:16BFH         LINE#         220
  C:16BFH         LINE#         221
  C:16C4H         LINE#         222
  C:16C4H         LINE#         223
  C:16D1H         LINE#         224
  C:16D1H         LINE#         227
  C:16DBH         LINE#         228
  C:16F2H         LINE#         229
  C:16F2H         LINE#         230
  C:16F4H         LINE#         231
  C:16F6H         LINE#         233
BL51 BANKED LINKER/LOCATER V6.22                                                      02/25/2019  11:28:09  PAGE 11


  C:16F6H         LINE#         234
  C:1701H         LINE#         235
  C:1701H         LINE#         236
  C:1706H         LINE#         237
  C:1708H         LINE#         238
  C:1708H         LINE#         247
  C:172AH         LINE#         248
  C:172AH         LINE#         249
  C:1734H         LINE#         250
  C:173AH         LINE#         251
  C:173CH         LINE#         252
  C:173EH         LINE#         253
  C:1740H         LINE#         254
  C:1740H         LINE#         255
  C:1743H         LINE#         257
  C:1743H         LINE#         258
  C:1749H         LINE#         259
  C:1751H         LINE#         260
  C:1757H         LINE#         261
  C:175FH         LINE#         262
  C:179AH         LINE#         266
  C:17A7H         LINE#         267
  C:17A7H         LINE#         268
  C:17B4H         LINE#         269
  C:17E7H         LINE#         270
  C:17F4H         LINE#         271
  C:17F4H         LINE#         273
  C:1823H         LINE#         274
  C:1823H         LINE#         275
  C:1845H         LINE#         276
  C:1845H         LINE#         277
  C:18C1H         LINE#         278
  C:193FH         LINE#         282
  C:1947H         LINE#         283
  C:194FH         LINE#         284
  C:1957H         LINE#         286
  C:195FH         LINE#         287
  C:1973H         LINE#         289
  C:1977H         LINE#         293
  C:197AH         LINE#         295
  C:1987H         LINE#         297
  C:1994H         LINE#         303
  C:1998H         LINE#         304
  C:199BH         LINE#         369
  C:19A2H         LINE#         370
  C:19C6H         LINE#         373
  C:19C9H         LINE#         374
  C:19DAH         LINE#         375
  C:19DAH         LINE#         376
  C:19DAH         LINE#         378
  C:19DAH         LINE#         381
  C:19DDH         LINE#         383
  C:19DDH         LINE#         384
  C:19FFH         LINE#         385
  C:19FFH         LINE#         386
  C:1A7BH         LINE#         387
  C:1AD0H         LINE#         388
BL51 BANKED LINKER/LOCATER V6.22                                                      02/25/2019  11:28:09  PAGE 12


  C:1AD0H         LINE#         389
  C:1AD0H         LINE#         390
  C:1AD3H         LINE#         394
  C:1AD3H         LINE#         397
  C:1B07H         LINE#         398
  C:1B07H         LINE#         399
  C:1B29H         LINE#         400
  C:1B29H         LINE#         401
  C:1BA5H         LINE#         402
  C:1C23H         LINE#         422
  C:1C26H         LINE#         423
  C:1C37H         LINE#         424
  C:1C37H         LINE#         425
  C:1C3FH         LINE#         427
  C:1C3FH         LINE#         430
  C:1C42H         LINE#         432
  C:1C42H         LINE#         434
  C:1C64H         LINE#         435
  C:1C64H         LINE#         436
  C:1CE0H         LINE#         438
  C:1D0DH         LINE#         439
  C:1D28H         LINE#         440
  C:1D55H         LINE#         441
  C:1D70H         LINE#         443
  C:1E0CH         LINE#         446
  C:1E0CH         LINE#         447
  C:1E0CH         LINE#         448
  C:1E0CH         LINE#         450
  C:1E0CH         LINE#         453
  C:1E28H         LINE#         454
  C:1E2DH         LINE#         456
  C:1E2FH         LINE#         457
  -------         ENDPROC       MAIN
  -------         PROC          _DISPLAY_PROX
  D:0002H         SYMBOL        dat
  -------         DO            
  X:0630H         SYMBOL        unit
  X:0631H         SYMBOL        ten
  X:0632H         SYMBOL        hundred
  X:0633H         SYMBOL        thousand
  -------         ENDDO         
  C:4447H         LINE#         541
  C:444BH         LINE#         542
  C:444BH         LINE#         544
  C:4457H         LINE#         545
  C:4467H         LINE#         546
  C:4483H         LINE#         547
  C:44B3H         LINE#         548
  C:44BDH         LINE#         549
  C:44C7H         LINE#         550
  C:44D1H         LINE#         551
  C:44DBH         LINE#         553
  -------         ENDPROC       _DISPLAY_PROX
  -------         PROC          _DISPLAY_POS
  X:0460H         SYMBOL        sign_dat
  -------         DO            
  X:0464H         SYMBOL        unit
BL51 BANKED LINKER/LOCATER V6.22                                                      02/25/2019  11:28:09  PAGE 13


  X:0465H         SYMBOL        ten
  X:0466H         SYMBOL        hundred
  D:0003H         SYMBOL        thousand
  X:0467H         SYMBOL        after_dot
  X:0468H         SYMBOL        dat
  -------         ENDDO         
  C:38CBH         LINE#         556
  C:38D1H         LINE#         557
  C:38D1H         LINE#         561
  C:38EDH         LINE#         562
  C:3907H         LINE#         563
  C:392BH         LINE#         565
  C:3975H         LINE#         567
  C:398CH         LINE#         568
  C:3999H         LINE#         569
  C:39BBH         LINE#         570
  C:39F0H         LINE#         571
  C:3A08H         LINE#         572
  C:3A08H         LINE#         574
  C:3A08H         LINE#         575
  C:3A08H         LINE#         576
  C:3A08H         LINE#         577
  C:3A08H         LINE#         578
  C:3A08H         LINE#         582
  C:3A0AH         LINE#         584
  C:3A0AH         LINE#         586
  C:3A0FH         LINE#         587
  C:3A19H         LINE#         588
  C:3A23H         LINE#         589
  C:3A2DH         LINE#         590
  C:3A32H         LINE#         591
  C:3A3CH         LINE#         595
  C:3A3CH         LINE#         597
  -------         ENDPROC       _DISPLAY_POS
  -------         ENDMOD        MAIN

  -------         MODULE        PCF85063BTL
  C:0000H         SYMBOL        _ICE_DUMMY_
  D:0096H         PUBLIC        P2M0
  D:0080H         PUBLIC        P0
  D:0095H         PUBLIC        P2M1
  D:0090H         PUBLIC        P1
  D:00A0H         PUBLIC        P2
  D:00B0H         PUBLIC        P3
  D:00C0H         PUBLIC        P4
  D:00C8H         PUBLIC        P5
  D:00E8H         PUBLIC        P6
  B:00A0H.1       PUBLIC        PCF85063BTL_SDI
  D:00F8H         PUBLIC        P7
  B:00A0H.2       PUBLIC        PCF85063BTL_SCK
  B:00A0H.1       PUBLIC        PCF85063BTL_SDO
  D:00A8H         PUBLIC        IE
  C:4661H         PUBLIC        _Read_time
  C:4BD6H         PUBLIC        _PCF85063BTL_Delay
  D:00B8H         PUBLIC        IP
  D:00D8H         PUBLIC        CCON
  C:4568H         PUBLIC        _Day_Of_Year
BL51 BANKED LINKER/LOCATER V6.22                                                      02/25/2019  11:28:09  PAGE 14


  C:4ACCH         PUBLIC        SPI_ReceiveByte
  D:0098H         PUBLIC        SCON
  D:0088H         PUBLIC        TCON
  C:4C09H         PUBLIC        _BCDtoDec
  B:00A0H.0       PUBLIC        PCF85063BTL_CS
  C:4BF8H         PUBLIC        _SPI_ReadTime
  C:4C58H         PUBLIC        SPI_Init
  C:4B61H         PUBLIC        _SPI_WriteTime
  C:4AACH         PUBLIC        _SPI_SendByte
  D:00D0H         PUBLIC        PSW
  C:4BD2H         SYMBOL        L?0047
  -------         PROC          L?0046
  -------         ENDPROC       L?0046
  C:4BD2H         SYMBOL        L?0047
  -------         PROC          _PCF85063BTL_DELAY
  D:0006H         SYMBOL        us
  C:4BD6H         LINE#         8
  C:4BD6H         LINE#         9
  C:4BD6H         LINE#         10
  C:4BE0H         LINE#         11
  C:4BE0H         LINE#         12
  C:4BE1H         LINE#         13
  C:4BE3H         LINE#         14
  -------         ENDPROC       _PCF85063BTL_DELAY
  -------         PROC          _SPI_SENDBYTE
  D:0005H         SYMBOL        dat
  -------         DO            
  D:0003H         SYMBOL        i
  -------         ENDDO         
  C:4AACH         LINE#         17
  C:4AAEH         LINE#         18
  C:4AAEH         LINE#         20
  C:4AB0H         LINE#         21
  C:4AB0H         LINE#         22
  C:4AB2H         LINE#         23
  C:4AB6H         LINE#         24
  C:4AB6H         LINE#         25
  C:4AB8H         LINE#         26
  C:4ABAH         LINE#         28
  C:4ABAH         LINE#         29
  C:4ABCH         LINE#         30
  C:4ABCH         LINE#         31
  C:4ABFH         LINE#         32
  C:4ABFH         LINE#         33
  C:4AC2H         LINE#         34
  C:4AC6H         LINE#         35
  C:4ACBH         LINE#         36
  -------         ENDPROC       _SPI_SENDBYTE
  -------         PROC          SPI_RECEIVEBYTE
  -------         DO            
  D:0003H         SYMBOL        i
  D:0005H         SYMBOL        dat
  -------         ENDDO         
  C:4ACCH         LINE#         39
  C:4ACCH         LINE#         40
  C:4ACCH         LINE#         42
  C:4ACEH         LINE#         44
BL51 BANKED LINKER/LOCATER V6.22                                                      02/25/2019  11:28:09  PAGE 15


  C:4AD0H         LINE#         45
  C:4AD1H         LINE#         46
  C:4AD1H         LINE#         47
  C:4AD5H         LINE#         48
  C:4AD7H         LINE#         49
  C:4ADAH         LINE#         51
  C:4ADDH         LINE#         52
  C:4ADDH         LINE#         53
  C:4AE1H         LINE#         54
  C:4AE1H         LINE#         55
  C:4AE1H         LINE#         56
  C:4AE4H         LINE#         57
  C:4AE9H         LINE#         58
  C:4AEBH         LINE#         59
  -------         ENDPROC       SPI_RECEIVEBYTE
  -------         PROC          _SPI_READTIME
  D:0007H         SYMBOL        addr
  -------         DO            
  D:0006H         SYMBOL        dat
  -------         ENDDO         
  C:4BF8H         LINE#         61
  C:4BF8H         LINE#         62
  C:4BF8H         LINE#         64
  C:4BFAH         LINE#         65
  C:4BFCH         LINE#         66
  C:4C03H         LINE#         67
  C:4C06H         LINE#         68
  C:4C08H         LINE#         69
  C:4C08H         LINE#         70
  -------         ENDPROC       _SPI_READTIME
  -------         PROC          _SPI_WRITETIME
  D:0002H         SYMBOL        val
  D:0005H         SYMBOL        addr
  C:4B61H         LINE#         71
  C:4B63H         LINE#         72
  C:4B63H         LINE#         74
  C:4B65H         LINE#         75
  C:4B6CH         LINE#         76
  C:4B71H         LINE#         77
  C:4B76H         LINE#         78
  C:4B78H         LINE#         79
  -------         ENDPROC       _SPI_WRITETIME
  -------         PROC          SPI_INIT
  C:4C58H         LINE#         83
  C:4C58H         LINE#         84
  C:4C58H         LINE#         89
  C:4C5BH         LINE#         90
  C:4C5EH         LINE#         91
  C:4C60H         LINE#         92
  C:4C62H         LINE#         93
  C:4C64H         LINE#         94
  -------         ENDPROC       SPI_INIT
  -------         PROC          _READ_TIME
  X:03BBH         SYMBOL        months
  X:03BEH         SYMBOL        days
  X:03C1H         SYMBOL        hours
  X:03C4H         SYMBOL        mins
BL51 BANKED LINKER/LOCATER V6.22                                                      02/25/2019  11:28:09  PAGE 16


  X:03C7H         SYMBOL        seconds
  C:4661H         LINE#         96
  C:466CH         LINE#         97
  C:466CH         LINE#         99
  C:4680H         LINE#         101
  C:4694H         LINE#         103
  C:46A8H         LINE#         108
  C:46BCH         LINE#         113
  -------         ENDPROC       _READ_TIME
  -------         PROC          _BCDTODEC
  D:0007H         SYMBOL        bcd
  -------         DO            
  D:0006H         SYMBOL        hi
  D:0007H         SYMBOL        lo
  -------         ENDDO         
  C:4C09H         LINE#         119
  C:4C09H         LINE#         120
  C:4C09H         LINE#         122
  C:4C0EH         LINE#         123
  C:4C12H         LINE#         124
  C:4C19H         LINE#         125
  -------         ENDPROC       _BCDTODEC
  -------         PROC          _DAY_OF_YEAR
  D:0007H         SYMBOL        months_bcd
  D:0005H         SYMBOL        days_bcd
  -------         DO            
  D:0004H         SYMBOL        months
  D:0007H         SYMBOL        days
  -------         ENDDO         
  C:4568H         LINE#         126
  C:4568H         LINE#         127
  C:4568H         LINE#         130
  C:456DH         LINE#         132
  C:4572H         LINE#         134
  C:45ABH         LINE#         135
  C:45ABH         LINE#         136
  C:45ABH         LINE#         137
  C:45AEH         LINE#         138
  C:45AEH         LINE#         139
  C:45AEH         LINE#         140
  C:45B3H         LINE#         141
  C:45B3H         LINE#         142
  C:45B3H         LINE#         143
  C:45B8H         LINE#         144
  C:45B8H         LINE#         145
  C:45B8H         LINE#         146
  C:45BDH         LINE#         147
  C:45BDH         LINE#         148
  C:45BDH         LINE#         149
  C:45C2H         LINE#         150
  C:45C2H         LINE#         151
  C:45C2H         LINE#         152
  C:45C7H         LINE#         153
  C:45C7H         LINE#         154
  C:45C7H         LINE#         155
  C:45CCH         LINE#         156
  C:45CCH         LINE#         157
BL51 BANKED LINKER/LOCATER V6.22                                                      02/25/2019  11:28:09  PAGE 17


  C:45CCH         LINE#         158
  C:45D1H         LINE#         159
  C:45D1H         LINE#         160
  C:45D1H         LINE#         161
  C:45D9H         LINE#         162
  C:45D9H         LINE#         163
  C:45D9H         LINE#         164
  C:45DEH         LINE#         165
  C:45DEH         LINE#         166
  C:45DEH         LINE#         167
  C:45E3H         LINE#         168
  C:45E3H         LINE#         169
  C:45E3H         LINE#         170
  C:45EBH         LINE#         171
  C:45EBH         LINE#         172
  C:45EBH         LINE#         173
  -------         ENDPROC       _DAY_OF_YEAR
  -------         ENDMOD        PCF85063BTL

  -------         MODULE        UART1
  C:0000H         SYMBOL        _ICE_DUMMY_
  D:0080H         PUBLIC        P0
  D:0090H         PUBLIC        P1
  D:00A0H         PUBLIC        P2
  D:00B0H         PUBLIC        P3
  D:00C0H         PUBLIC        P4
  D:00C8H         PUBLIC        P5
  B:00A8H.7       PUBLIC        EA
  D:00E8H         PUBLIC        P6
  D:00F8H         PUBLIC        P7
  C:4984H         PUBLIC        _SendString
  D:00A8H         PUBLIC        IE
  B:00A8H.4       PUBLIC        ES
  D:00B8H         PUBLIC        IP
  C:4B79H         PUBLIC        _ASCIItoBCD
  D:00D8H         PUBLIC        CCON
  C:4C1AH         PUBLIC        initUART1
  D:0098H         PUBLIC        SCON
  D:0088H         PUBLIC        TCON
  C:000AH         PUBLIC        _DectoBCD
  C:4C9CH         PUBLIC        _ASCII_Letter
  D:008EH         PUBLIC        AUXR
  C:4C97H         PUBLIC        _unit
  C:0003H         PUBLIC        _ten
  D:00D6H         PUBLIC        T2H
  D:00D7H         PUBLIC        T2L
  D:00D0H         PUBLIC        PSW
  -------         PROC          INITUART1
  C:4C1AH         LINE#         21
  C:4C1AH         LINE#         22
  C:4C1AH         LINE#         23
  C:4C1DH         LINE#         24
  C:4C20H         LINE#         25
  C:4C23H         LINE#         26
  C:4C26H         LINE#         27
  C:4C28H         LINE#         28
  C:4C2AH         LINE#         30
BL51 BANKED LINKER/LOCATER V6.22                                                      02/25/2019  11:28:09  PAGE 18


  -------         ENDPROC       INITUART1
  -------         PROC          _SENDSTRING
  X:0634H         SYMBOL        s
  C:4984H         LINE#         35
  C:498FH         LINE#         36
  C:498FH         LINE#         37
  C:499FH         LINE#         38
  C:499FH         LINE#         39
  C:49B4H         LINE#         40
  C:49B6H         LINE#         41
  -------         ENDPROC       _SENDSTRING
  -------         PROC          _TEN
  D:0007H         SYMBOL        BCD
  C:0003H         LINE#         43
  C:0003H         LINE#         44
  C:0003H         LINE#         45
  C:0008H         LINE#         46
  -------         ENDPROC       _TEN
  -------         PROC          _UNIT
  D:0007H         SYMBOL        BCD
  C:4C97H         LINE#         47
  C:4C97H         LINE#         48
  C:4C97H         LINE#         52
  C:4C9BH         LINE#         53
  -------         ENDPROC       _UNIT
  -------         PROC          _DECTOBCD
  D:0007H         SYMBOL        dec
  C:000AH         LINE#         54
  C:000AH         LINE#         55
  C:000AH         LINE#         57
  C:000AH         LINE#         58
  -------         ENDPROC       _DECTOBCD
  -------         PROC          _ASCII_LETTER
  D:0007H         SYMBOL        dat
  C:4C9CH         LINE#         60
  C:4C9CH         LINE#         61
  C:4C9CH         LINE#         63
  C:4CA0H         LINE#         64
  -------         ENDPROC       _ASCII_LETTER
  -------         PROC          _ASCIITOBCD
  D:0001H         SYMBOL        ascii
  -------         DO            
  D:0007H         SYMBOL        dec_val
  D:0006H         SYMBOL        ten
  D:0007H         SYMBOL        unit
  -------         ENDDO         
  C:4B79H         LINE#         66
  C:4B79H         LINE#         67
  C:4B79H         LINE#         69
  C:4B7CH         LINE#         70
  C:4B82H         LINE#         71
  C:4B89H         LINE#         72
  C:4B8FH         LINE#         74
  -------         ENDPROC       _ASCIITOBCD
  -------         ENDMOD        UART1

  -------         MODULE        LCD_DRIVER_SPLC780D
BL51 BANKED LINKER/LOCATER V6.22                                                      02/25/2019  11:28:09  PAGE 19


  C:0000H         SYMBOL        _ICE_DUMMY_
  D:0092H         PUBLIC        P1M0
  D:0091H         PUBLIC        P1M1
  D:0080H         PUBLIC        P0
  D:0090H         PUBLIC        P1
  D:00A0H         PUBLIC        P2
  D:00B0H         PUBLIC        P3
  D:00C0H         PUBLIC        P4
  D:00C8H         PUBLIC        P5
  D:00E8H         PUBLIC        P6
  D:00F8H         PUBLIC        P7
  C:45ECH         PUBLIC        _WriteData
  D:00A8H         PUBLIC        IE
  D:00B8H         PUBLIC        IP
  D:00D8H         PUBLIC        CCON
  B:00B0H.4       PUBLIC        LCD_D4
  B:00B0H.5       PUBLIC        LCD_D5
  B:00B0H.6       PUBLIC        LCD_D6
  C:4B29H         PUBLIC        _DisplayLCD
  B:00B0H.7       PUBLIC        LCD_D7
  D:0098H         PUBLIC        SCON
  D:0088H         PUBLIC        TCON
  C:4C87H         PUBLIC        LCD_clear
  C:48C9H         PUBLIC        _Command
  C:4BA6H         PUBLIC        _Display_Line
  C:4798H         PUBLIC        LCD_Init
  C:4A8EH         PUBLIC        _Wait_ms
  B:00C0H.0       PUBLIC        LCD_RS
  B:00B0H.2       PUBLIC        LCD_RW
  C:4C7DH         PUBLIC        LCD_return_home
  B:00B0H.3       PUBLIC        LCD_E
  D:00D0H         PUBLIC        PSW
  -------         PROC          LCD_INIT
  C:4798H         LINE#         9
  C:4798H         LINE#         10
  C:4798H         LINE#         11
  C:479BH         LINE#         12
  C:479EH         LINE#         14
  C:47A4H         LINE#         15
  C:47A9H         LINE#         17
  C:47B0H         LINE#         18
  C:47B5H         LINE#         20
  C:47B8H         LINE#         21
  C:47BDH         LINE#         23
  C:47C0H         LINE#         24
  C:47C5H         LINE#         26
  C:47CCH         LINE#         29
  C:47D1H         LINE#         30
  C:47D6H         LINE#         32
  C:47DBH         LINE#         33
  C:47E0H         LINE#         35
  C:47E5H         LINE#         36
  C:47EAH         LINE#         37
  -------         ENDPROC       LCD_INIT
  -------         PROC          _WRITEDATA
  X:046AH         SYMBOL        dat
  C:45ECH         LINE#         40
BL51 BANKED LINKER/LOCATER V6.22                                                      02/25/2019  11:28:09  PAGE 20


  C:45F1H         LINE#         41
  C:45F1H         LINE#         46
  C:45F3H         LINE#         47
  C:45F5H         LINE#         49
  C:4603H         LINE#         50
  C:460FH         LINE#         51
  C:461BH         LINE#         52
  C:4625H         LINE#         53
  C:4627H         LINE#         54
  C:462EH         LINE#         55
  C:4630H         LINE#         57
  C:4640H         LINE#         58
  C:464BH         LINE#         59
  C:4655H         LINE#         60
  C:4659H         LINE#         62
  C:4659H         LINE#         63
  C:465CH         LINE#         64
  C:465EH         LINE#         65
  C:4660H         LINE#         67
  -------         ENDPROC       _WRITEDATA
  -------         PROC          _COMMAND
  D:0007H         SYMBOL        dat
  C:48C9H         LINE#         69
  C:48C9H         LINE#         70
  C:48C9H         LINE#         71
  C:48CBH         LINE#         72
  C:48CDH         LINE#         74
  C:48D7H         LINE#         75
  C:48DBH         LINE#         77
  C:48DDH         LINE#         78
  C:48E6H         LINE#         79
  C:48EAH         LINE#         81
  C:48ECH         LINE#         82
  C:48F3H         LINE#         83
  C:48F7H         LINE#         85
  C:48F9H         LINE#         86
  C:48FDH         LINE#         87
  C:4901H         LINE#         89
  C:4903H         LINE#         90
  C:4903H         LINE#         91
  C:4906H         LINE#         92
  C:4908H         LINE#         93
  -------         ENDPROC       _COMMAND
  C:4A8AH         SYMBOL        L?0028
  -------         PROC          L?0027
  -------         ENDPROC       L?0027
  C:4A8AH         SYMBOL        L?0028
  -------         PROC          _WAIT_MS
  D:0006H         SYMBOL        ms
  -------         DO            
  D:0004H         SYMBOL        De_Cnt
  -------         ENDDO         
  C:4A8EH         LINE#         95
  C:4A8EH         LINE#         96
  C:4A8EH         LINE#         98
  C:4A98H         LINE#         99
  C:4A98H         LINE#         100
BL51 BANKED LINKER/LOCATER V6.22                                                      02/25/2019  11:28:09  PAGE 21


  C:4AABH         LINE#         101
  C:4AABH         LINE#         102
  -------         ENDPROC       _WAIT_MS
  -------         PROC          _DISPLAYLCD
  D:0007H         SYMBOL        BCD
  -------         DO            
  D:0006H         SYMBOL        first_digit
  X:03BBH         SYMBOL        second_digit
  -------         ENDDO         
  C:4B29H         LINE#         103
  C:4B29H         LINE#         104
  C:4B29H         LINE#         106
  C:4B30H         LINE#         107
  C:4B39H         LINE#         109
  C:4B3EH         LINE#         111
  -------         ENDPROC       _DISPLAYLCD
  -------         PROC          LCD_RETURN_HOME
  C:4C7DH         LINE#         115
  C:4C7DH         LINE#         116
  C:4C7DH         LINE#         117
  C:4C82H         LINE#         118
  -------         ENDPROC       LCD_RETURN_HOME
  -------         PROC          LCD_CLEAR
  C:4C87H         LINE#         121
  C:4C87H         LINE#         122
  C:4C87H         LINE#         123
  C:4C8CH         LINE#         124
  -------         ENDPROC       LCD_CLEAR
  -------         PROC          _DISPLAY_LINE
  D:0006H         SYMBOL        line
  C:4BA6H         LINE#         128
  C:4BA6H         LINE#         129
  C:4BA6H         LINE#         130
  C:4BACH         LINE#         131
  C:4BACH         LINE#         132
  C:4BAEH         LINE#         133
  C:4BAEH         LINE#         134
  C:4BB0H         LINE#         136
  C:4BB0H         LINE#         137
  C:4BB5H         LINE#         138
  C:4BBAH         LINE#         139
  C:4BBAH         LINE#         140
  -------         ENDPROC       _DISPLAY_LINE
  -------         ENDMOD        LCD_DRIVER_SPLC780D

  -------         MODULE        KEYPAD
  C:0000H         SYMBOL        _ICE_DUMMY_
  D:0093H         PUBLIC        P0M1
  D:0080H         PUBLIC        P0
  D:0090H         PUBLIC        P1
  D:00A0H         PUBLIC        P2
  D:00B0H         PUBLIC        P3
  D:00C0H         PUBLIC        P4
  D:00C8H         PUBLIC        P5
  B:0020H.0       PUBLIC        calib_mode
  D:00E8H         PUBLIC        P6
  D:00F8H         PUBLIC        P7
BL51 BANKED LINKER/LOCATER V6.22                                                      02/25/2019  11:28:09  PAGE 22


  D:00A8H         PUBLIC        IE
  C:35B6H         PUBLIC        Key_Scan
  D:00B8H         PUBLIC        IP
  D:00D8H         PUBLIC        CCON
  C:4C65H         PUBLIC        KeyPad_IO_Init
  C:4B0BH         PUBLIC        _Delay_ms
  D:0098H         PUBLIC        SCON
  D:0088H         PUBLIC        TCON
  B:0020H.1       PUBLIC        small_move
  B:0020H.2       PUBLIC        move
  B:0020H.3       PUBLIC        direction
  B:0020H.4       PUBLIC        auto_move
  C:2F96H         PUBLIC        Key_Process
  D:00D0H         PUBLIC        PSW
  D:0094H         PUBLIC        P0M0
  -------         PROC          _DELAY_MS
  D:0006H         SYMBOL        ms
  -------         DO            
  D:0004H         SYMBOL        De_Cnt
  -------         ENDDO         
  C:4B0BH         LINE#         19
  C:4B0BH         LINE#         20
  C:4B0BH         LINE#         22
  C:4B15H         LINE#         23
  C:4B15H         LINE#         24
  C:4B28H         LINE#         25
  C:4B28H         LINE#         26
  -------         ENDPROC       _DELAY_MS
  -------         PROC          KEY_SCAN
  -------         DO            
  X:03C1H         SYMBOL        KeyTemp1
  X:03C2H         SYMBOL        KeyTemp2
  X:03C3H         SYMBOL        KeyValue
  -------         ENDDO         
  C:35B6H         LINE#         27
  C:35B6H         LINE#         28
  C:35B6H         LINE#         33
  C:35B9H         LINE#         36
  C:35BCH         LINE#         38
  C:35C4H         LINE#         39
  C:35CBH         LINE#         40
  C:35CBH         LINE#         42
  C:35D0H         LINE#         43
  C:35D7H         LINE#         44
  C:35D7H         LINE#         47
  C:35DAH         LINE#         48
  C:35DDH         LINE#         49
  C:35E2H         LINE#         50
  C:35E6H         LINE#         51
  C:35E6H         LINE#         52
  C:35EEH         LINE#         53
  C:35EEH         LINE#         54
  C:35F1H         LINE#         55
  C:35F9H         LINE#         56
  C:35FBH         LINE#         58
  C:360FH         LINE#         59
  C:360FH         LINE#         60
BL51 BANKED LINKER/LOCATER V6.22                                                      02/25/2019  11:28:09  PAGE 23


  C:360FH         LINE#         61
  C:360FH         LINE#         62
  C:3615H         LINE#         64
  C:3617H         LINE#         65
  C:3617H         LINE#         66
  C:3617H         LINE#         67
  C:361DH         LINE#         69
  C:361FH         LINE#         70
  C:361FH         LINE#         71
  C:361FH         LINE#         72
  C:3625H         LINE#         74
  C:3627H         LINE#         75
  C:3627H         LINE#         76
  C:3627H         LINE#         77
  C:362DH         LINE#         79
  C:362DH         LINE#         80
  C:362DH         LINE#         81
  C:362DH         LINE#         84
  C:3630H         LINE#         85
  C:3633H         LINE#         86
  C:363BH         LINE#         87
  C:363FH         LINE#         88
  C:363FH         LINE#         89
  C:3647H         LINE#         90
  C:3647H         LINE#         91
  C:364AH         LINE#         92
  C:3652H         LINE#         93
  C:3654H         LINE#         94
  C:3668H         LINE#         95
  C:3668H         LINE#         96
  C:3668H         LINE#         97
  C:3668H         LINE#         98
  C:366EH         LINE#         100
  C:3670H         LINE#         101
  C:3670H         LINE#         102
  C:3670H         LINE#         103
  C:3676H         LINE#         105
  C:3678H         LINE#         106
  C:3678H         LINE#         107
  C:3678H         LINE#         108
  C:367EH         LINE#         110
  C:3680H         LINE#         111
  C:3680H         LINE#         112
  C:3680H         LINE#         113
  C:3685H         LINE#         115
  C:3685H         LINE#         116
  C:3685H         LINE#         117
  C:3685H         LINE#         120
  C:3688H         LINE#         121
  C:368BH         LINE#         122
  C:3693H         LINE#         123
  C:3697H         LINE#         124
  C:3697H         LINE#         125
  C:369FH         LINE#         126
  C:369FH         LINE#         127
  C:36A2H         LINE#         128
  C:36AAH         LINE#         129
BL51 BANKED LINKER/LOCATER V6.22                                                      02/25/2019  11:28:09  PAGE 24


  C:36ACH         LINE#         130
  C:36C0H         LINE#         131
  C:36C0H         LINE#         132
  C:36C0H         LINE#         133
  C:36C0H         LINE#         134
  C:36C6H         LINE#         136
  C:36C8H         LINE#         137
  C:36C8H         LINE#         138
  C:36C8H         LINE#         139
  C:36CEH         LINE#         141
  C:36D0H         LINE#         142
  C:36D0H         LINE#         143
  C:36D0H         LINE#         144
  C:36D6H         LINE#         146
  C:36D8H         LINE#         147
  C:36D8H         LINE#         148
  C:36D8H         LINE#         149
  C:36DEH         LINE#         151
  C:36DEH         LINE#         152
  C:36DEH         LINE#         153
  C:36DEH         LINE#         157
  C:36E1H         LINE#         158
  C:36E4H         LINE#         159
  C:36ECH         LINE#         160
  C:36F0H         LINE#         161
  C:36F0H         LINE#         162
  C:36F8H         LINE#         163
  C:36F8H         LINE#         164
  C:36FBH         LINE#         165
  C:3703H         LINE#         166
  C:3705H         LINE#         167
  C:3719H         LINE#         168
  C:3719H         LINE#         169
  C:3719H         LINE#         170
  C:3719H         LINE#         171
  C:371FH         LINE#         173
  C:3721H         LINE#         174
  C:3721H         LINE#         175
  C:3721H         LINE#         176
  C:3727H         LINE#         178
  C:3729H         LINE#         179
  C:3729H         LINE#         180
  C:3729H         LINE#         181
  C:372FH         LINE#         183
  C:3731H         LINE#         184
  C:3731H         LINE#         185
  C:3731H         LINE#         186
  C:3737H         LINE#         188
  C:3737H         LINE#         189
  C:3737H         LINE#         190
  C:3737H         LINE#         192
  C:373DH         LINE#         193
  C:373DH         LINE#         195
  C:373DH         LINE#         196
  C:3740H         LINE#         197
  C:3740H         LINE#         198
  C:3740H         LINE#         200
BL51 BANKED LINKER/LOCATER V6.22                                                      02/25/2019  11:28:09  PAGE 25


  C:3740H         LINE#         201
  C:3742H         LINE#         202
  C:3742H         LINE#         203
  -------         ENDPROC       KEY_SCAN
  -------         PROC          KEY_PROCESS
  -------         DO            
  X:061AH         SYMBOL        KeyCount
  X:061CH         SYMBOL        KeyNum_Old
  X:061DH         SYMBOL        KeyNum
  X:061EH         SYMBOL        PressedKey
  X:03BBH         SYMBOL        d
  D:0004H         SYMBOL        hours
  D:0006H         SYMBOL        mins
  X:03BDH         SYMBOL        months
  X:03BFH         SYMBOL        days
  -------         ENDDO         
  C:2F96H         LINE#         204
  C:2F96H         LINE#         205
  C:2F96H         LINE#         209
  C:2F9EH         LINE#         210
  C:2FA6H         LINE#         212
  C:2FA9H         LINE#         213
  C:2FA9H         LINE#         214
  C:2FACH         LINE#         216
  C:2FACH         LINE#         217
  C:2FB9H         LINE#         218
  C:2FB9H         LINE#         219
  C:2FBCH         LINE#         220
  C:2FBFH         LINE#         222
  C:2FC2H         LINE#         224
  C:2FC2H         LINE#         225
  C:2FCDH         LINE#         226
  C:2FCDH         LINE#         227
  C:2FD0H         LINE#         229
  C:2FD0H         LINE#         230
  C:2FD7H         LINE#         231
  C:2FD7H         LINE#         232
  C:2FDAH         LINE#         234
  C:2FDAH         LINE#         235
  C:2FE2H         LINE#         236
  C:2FE2H         LINE#         237
  C:2FECH         LINE#         238
  C:2FF4H         LINE#         240
  C:2FFDH         LINE#         242
  C:2FFDH         LINE#         251
  C:3012H         LINE#         252
  C:3012H         LINE#         253
  C:3024H         LINE#         254
  C:3032H         LINE#         255
  C:3041H         LINE#         256
  C:3041H         LINE#         258
  C:3047H         LINE#         262
  C:305DH         LINE#         263
  C:306EH         LINE#         264
  C:3089H         LINE#         265
  C:3089H         LINE#         266
  C:3099H         LINE#         267
BL51 BANKED LINKER/LOCATER V6.22                                                      02/25/2019  11:28:09  PAGE 26


  C:30AAH         LINE#         268
  C:30AAH         LINE#         272
  C:30C3H         LINE#         273
  C:30DAH         LINE#         274
  C:30FAH         LINE#         275
  C:30FAH         LINE#         276
  C:3104H         LINE#         277
  C:3104H         LINE#         278
  C:310DH         LINE#         279
  C:310DH         LINE#         280
  C:3121H         LINE#         281
  C:3121H         LINE#         282
  C:3121H         LINE#         283
  C:3121H         LINE#         284
  C:3121H         LINE#         285
  C:3123H         LINE#         287
  C:3123H         LINE#         288
  C:312FH         LINE#         289
  C:312FH         LINE#         290
  C:3140H         LINE#         291
  C:3140H         LINE#         292
  C:3140H         LINE#         293
  C:3140H         LINE#         294
  C:3140H         LINE#         296
  C:3142H         LINE#         298
  C:3142H         LINE#         299
  C:3153H         LINE#         300
  C:3153H         LINE#         301
  C:3153H         LINE#         302
  C:3153H         LINE#         303
  C:3153H         LINE#         305
  C:3153H         LINE#         307
  C:3153H         LINE#         308
  C:3155H         LINE#         310
  C:3155H         LINE#         311
  C:3168H         LINE#         312
  C:3168H         LINE#         313
  C:3179H         LINE#         314
  C:3179H         LINE#         315
  C:3179H         LINE#         316
  C:3179H         LINE#         317
  C:3179H         LINE#         318
  C:317BH         LINE#         320
  C:317BH         LINE#         321
  C:318CH         LINE#         322
  C:318CH         LINE#         323
  C:319DH         LINE#         324
  C:31AEH         LINE#         325
  C:31AEH         LINE#         326
  C:31AEH         LINE#         327
  C:31AEH         LINE#         328
  C:31AEH         LINE#         329
  C:31B1H         LINE#         330
  C:31B6H         LINE#         331
  C:31BBH         LINE#         332
  C:31C0H         LINE#         333
  C:31C5H         LINE#         334
BL51 BANKED LINKER/LOCATER V6.22                                                      02/25/2019  11:28:09  PAGE 27


  C:31CAH         LINE#         335
  C:31CFH         LINE#         336
  C:31D4H         LINE#         337
  C:31D4H         LINE#         339
  C:31F6H         LINE#         340
  C:31F6H         LINE#         341
  C:3200H         LINE#         342
  C:3200H         LINE#         343
  C:3205H         LINE#         344
  C:320EH         LINE#         345
  C:3225H         LINE#         346
  C:3225H         LINE#         347
  C:3235H         LINE#         349
  C:3235H         LINE#         353
  -------         ENDPROC       KEY_PROCESS
  -------         PROC          KEYPAD_IO_INIT
  C:4C65H         LINE#         356
  C:4C65H         LINE#         357
  C:4C65H         LINE#         358
  C:4C68H         LINE#         359
  C:4C6BH         LINE#         360
  C:4C6EH         LINE#         361
  C:4C70H         LINE#         362
  -------         ENDPROC       KEYPAD_IO_INIT
  -------         ENDMOD        KEYPAD

  -------         MODULE        BIPOLARMOTOR
  C:0000H         SYMBOL        _ICE_DUMMY_
  D:0080H         PUBLIC        P0
  D:0090H         PUBLIC        P1
  X:0000H         PUBLIC        RX_pos_test
  D:00A0H         PUBLIC        P2
  D:00B0H         PUBLIC        P3
  D:00C0H         PUBLIC        P4
  D:00C8H         PUBLIC        P5
  D:00E8H         PUBLIC        P6
  D:00F8H         PUBLIC        P7
  X:00A0H         PUBLIC        low_date_azimuth_mapping
  D:00A8H         PUBLIC        IE
  C:3FB9H         PUBLIC        linear_interpolate
  C:4A39H         PUBLIC        _Move
  D:00B8H         PUBLIC        IP
  C:3269H         PUBLIC        _findDet3x3
  C:2CD6H         PUBLIC        _findDet4x4
  D:00D8H         PUBLIC        CCON
  X:00C8H         PUBLIC        previous_move_time
  D:0098H         PUBLIC        SCON
  D:0088H         PUBLIC        TCON
  C:4CA1H         PUBLIC        wait
  C:4909H         PUBLIC        _Step_move
  X:00C9H         PUBLIC        dat
  C:000EH         PUBLIC        _Update_position
  C:47F1H         PUBLIC        vOneStepMove
  X:00CFH         PUBLIC        elevation_stamp
  X:010BH         PUBLIC        date_azimuth_mapping
  X:0133H         PUBLIC        RX_pos
  C:4B50H         PUBLIC        _BCDtoDec1
BL51 BANKED LINKER/LOCATER V6.22                                                      02/25/2019  11:28:09  PAGE 28


  X:038BH         PUBLIC        degree
  D:00D0H         PUBLIC        PSW
  -------         PROC          L?0062
  -------         ENDPROC       L?0062
  -------         PROC          _BCDTODEC1
  D:0007H         SYMBOL        bcd
  -------         DO            
  D:0006H         SYMBOL        hi
  D:0007H         SYMBOL        lo
  -------         ENDDO         
  C:4B50H         LINE#         28
  C:4B50H         LINE#         29
  C:4B50H         LINE#         31
  C:4B55H         LINE#         32
  C:4B59H         LINE#         33
  C:4B60H         LINE#         34
  -------         ENDPROC       _BCDTODEC1
  -------         PROC          WAIT
  C:4CA1H         LINE#         36
  C:4CA1H         LINE#         38
  -------         ENDPROC       WAIT
  -------         PROC          VONESTEPMOVE
  B:0020H.7       SYMBOL        bDir
  C:47F1H         LINE#         40
  C:47F1H         LINE#         41
  C:47F1H         LINE#         43
  C:47F7H         LINE#         44
  C:47F7H         LINE#         45
  C:47FAH         LINE#         46
  C:4803H         LINE#         47
  C:480AH         LINE#         48
  C:480FH         LINE#         49
  C:480FH         LINE#         50
  C:480FH         LINE#         52
  C:4811H         LINE#         55
  C:4811H         LINE#         56
  C:4814H         LINE#         57
  C:481DH         LINE#         58
  C:4824H         LINE#         59
  C:482AH         LINE#         60
  C:4833H         LINE#         61
  C:483AH         LINE#         62
  C:483AH         LINE#         66
  -------         ENDPROC       VONESTEPMOVE
  -------         PROC          _STEP_MOVE
  X:0479H         SYMBOL        step
  B:0020H.6       SYMBOL        dir
  -------         DO            
  X:047BH         SYMBOL        i
  -------         ENDDO         
  C:4909H         LINE#         68
  C:4911H         LINE#         69
  C:4911H         LINE#         71
  C:4916H         LINE#         74
  C:4931H         LINE#         75
  C:4931H         LINE#         76
  C:4938H         LINE#         78
BL51 BANKED LINKER/LOCATER V6.22                                                      02/25/2019  11:28:09  PAGE 29


  C:4948H         LINE#         80
  -------         ENDPROC       _STEP_MOVE
  -------         PROC          _MOVE
  X:0475H         SYMBOL        distance
  B:0020H.5       SYMBOL        direction
  -------         DO            
  D:0006H         SYMBOL        step
  -------         ENDDO         
  C:4A39H         LINE#         82
  C:4A3FH         LINE#         83
  C:4A3FH         LINE#         86
  C:4A5AH         LINE#         87
  -------         ENDPROC       _MOVE
  C:324AH         SYMBOL        L?0058
  C:325EH         SYMBOL        L?0059
  -------         PROC          L?0057
  -------         ENDPROC       L?0057
  C:324AH         SYMBOL        L?0058
  C:325EH         SYMBOL        L?0059
  -------         PROC          _FINDDET3X3
  X:05F6H         SYMBOL        a11
  X:05FAH         SYMBOL        a12
  X:05FEH         SYMBOL        a13
  X:0602H         SYMBOL        a21
  X:0606H         SYMBOL        a22
  X:060AH         SYMBOL        a23
  X:060EH         SYMBOL        a31
  X:0612H         SYMBOL        a32
  X:0616H         SYMBOL        a33
  C:3269H         LINE#         91
  C:326FH         LINE#         95
  C:326FH         LINE#         96
  C:3406H         LINE#         98
  -------         ENDPROC       _FINDDET3X3
  -------         PROC          _FINDDET4X4
  X:05B6H         SYMBOL        a11
  X:05BAH         SYMBOL        a12
  X:05BEH         SYMBOL        a13
  X:05C2H         SYMBOL        a14
  X:05C6H         SYMBOL        a21
  X:05CAH         SYMBOL        a22
  X:05CEH         SYMBOL        a23
  X:05D2H         SYMBOL        a24
  X:05D6H         SYMBOL        a31
  X:05DAH         SYMBOL        a32
  X:05DEH         SYMBOL        a33
  X:05E2H         SYMBOL        a34
  X:05E6H         SYMBOL        a41
  X:05EAH         SYMBOL        a42
  X:05EEH         SYMBOL        a43
  X:05F2H         SYMBOL        a44
  C:2CD6H         LINE#         99
  C:2CDCH         LINE#         103
  C:2CDCH         LINE#         110
  C:2F95H         LINE#         114
  -------         ENDPROC       _FINDDET4X4
  C:3FA8H         SYMBOL        L?0061
BL51 BANKED LINKER/LOCATER V6.22                                                      02/25/2019  11:28:09  PAGE 30


  -------         PROC          L?0060
  -------         ENDPROC       L?0060
  C:3FA8H         SYMBOL        L?0061
  -------         PROC          LINEAR_INTERPOLATE
  X:0475H         SYMBOL        p1
  X:047DH         SYMBOL        p2
  X:0485H         SYMBOL        x
  -------         DO            
  D:0004H         SYMBOL        fx
  -------         ENDDO         
  C:3FB9H         LINE#         120
  C:3FB9H         LINE#         121
  C:3FB9H         LINE#         124
  C:4058H         LINE#         126
  C:4058H         LINE#         127
  -------         ENDPROC       LINEAR_INTERPOLATE
  -------         PROC          _UPDATE_POSITION
  D:0001H         SYMBOL        mnths
  D:0002H         SYMBOL        dys
  X:03D8H         SYMBOL        hurs
  X:03D9H         SYMBOL        mns
  X:03DAH         SYMBOL        sconds
  X:03DBH         SYMBOL        currnt_pos
  X:03DEH         SYMBOL        offset_calib
  -------         DO            
  X:03E2H         SYMBOL        date
  X:03E4H         SYMBOL        i
  X:03E6H         SYMBOL        yy
  X:03E8H         SYMBOL        desired_distance
  X:03ECH         SYMBOL        distance
  X:03F0H         SYMBOL        JP_pos
  X:03F4H         SYMBOL        pos_interpolate_azimuth
  X:0430H         SYMBOL        current_local_sun_time
  X:0434H         SYMBOL        azimuth
  X:0438H         SYMBOL        elevation
  X:043CH         SYMBOL        time_offset
  X:0440H         SYMBOL        UTC_time
  X:0444H         SYMBOL        declination
  X:0448H         SYMBOL        p1
  X:0450H         SYMBOL        p2
  X:0458H         SYMBOL        time
  X:046AH         SYMBOL        location
  X:0472H         SYMBOL        sunCoord
  -------         ENDDO         
  C:000EH         LINE#         131
  C:0017H         LINE#         134
  C:0017H         LINE#         135
  C:0022H         LINE#         137
  C:003EH         LINE#         138
  C:0048H         LINE#         146
  C:0052H         LINE#         147
  C:005CH         LINE#         148
  C:0066H         LINE#         149
  C:0071H         LINE#         150
  C:007CH         LINE#         151
  C:0095H         LINE#         152
  C:00A6H         LINE#         153
BL51 BANKED LINKER/LOCATER V6.22                                                      02/25/2019  11:28:09  PAGE 31


  C:00B5H         LINE#         156
  C:00C9H         LINE#         160
  C:011BH         LINE#         161
  C:027FH         LINE#         162
  C:02CFH         LINE#         164
  C:03F7H         LINE#         166
  C:04C6H         LINE#         173
  C:050DH         LINE#         174
  C:050DH         LINE#         176
  C:0527H         LINE#         177
  C:0527H         LINE#         178
  C:0597H         LINE#         179
  C:0597H         LINE#         180
  C:059EH         LINE#         181
  C:059EH         LINE#         182
  C:05CBH         LINE#         183
  C:05E6H         LINE#         185
  C:062DH         LINE#         186
  C:0661H         LINE#         188
  C:06A7H         LINE#         189
  C:06CAH         LINE#         191
  C:06CAH         LINE#         193
  C:0740H         LINE#         194
  C:0740H         LINE#         195
  C:0747H         LINE#         196
  C:0747H         LINE#         197
  C:0774H         LINE#         198
  C:078FH         LINE#         200
  C:07D6H         LINE#         201
  C:080AH         LINE#         203
  C:0850H         LINE#         204
  C:0870H         LINE#         206
  C:0870H         LINE#         207
  C:0881H         LINE#         210
  C:089BH         LINE#         211
  C:089BH         LINE#         212
  C:090BH         LINE#         213
  C:090BH         LINE#         214
  C:0938H         LINE#         215
  C:0953H         LINE#         217
  C:0980H         LINE#         218
  C:099BH         LINE#         220
  C:09CDH         LINE#         223
  C:09CDH         LINE#         225
  C:09DEH         LINE#         227
  C:0A0DH         LINE#         229
  C:0A32H         LINE#         230
  C:0A97H         LINE#         231
  C:0A97H         LINE#         232
  C:0AB1H         LINE#         233
  C:0AC3H         LINE#         234
  C:0ADBH         LINE#         235
  C:0AF1H         LINE#         237
  C:0B0DH         LINE#         238
  C:0B0DH         LINE#         239
  C:0B0DH         LINE#         242
  -------         ENDPROC       _UPDATE_POSITION
BL51 BANKED LINKER/LOCATER V6.22                                                      02/25/2019  11:28:09  PAGE 32


  -------         ENDMOD        BIPOLARMOTOR

  -------         MODULE        SUNPOS
  C:0000H         SYMBOL        _ICE_DUMMY_
  C:1E32H         PUBLIC        sunpos
  -------         PROC          SUNPOS
  X:0475H         SYMBOL        udtTime
  X:0487H         SYMBOL        udtLocation
  X:048FH         SYMBOL        udtSunCoordinates
  -------         DO            
  X:0492H         SYMBOL        dElapsedJulianDays
  X:0496H         SYMBOL        dDecimalHours
  X:049AH         SYMBOL        dEclipticLongitude
  X:049EH         SYMBOL        dEclipticObliquity
  X:04A2H         SYMBOL        dRightAscension
  X:04A6H         SYMBOL        dDeclination
  X:04AAH         SYMBOL        dY
  X:04AEH         SYMBOL        dX
  -------         DO            
  X:04B2H         SYMBOL        dJulianDate
  X:04B6H         SYMBOL        liAux1
  X:04BAH         SYMBOL        liAux2
  X:04B2H         SYMBOL        dMeanLongitude
  X:04B6H         SYMBOL        dMeanAnomaly
  X:04BAH         SYMBOL        dOmega
  X:04B2H         SYMBOL        dSin_EclipticLongitude
  X:04B2H         SYMBOL        dGreenwichMeanSiderealTime
  X:04B6H         SYMBOL        dLocalMeanSiderealTime
  X:04BAH         SYMBOL        dLatitudeInRadians
  X:04BEH         SYMBOL        dHourAngle
  X:04C2H         SYMBOL        dCos_Latitude
  X:04C6H         SYMBOL        dSin_Latitude
  X:04CAH         SYMBOL        dCos_HourAngle
  X:04CEH         SYMBOL        dParallax
  -------         ENDDO         
  -------         DO            
  X:04B2H         SYMBOL        dMeanLongitude
  X:04B6H         SYMBOL        dMeanAnomaly
  X:04BAH         SYMBOL        dOmega
  X:04B2H         SYMBOL        dSin_EclipticLongitude
  X:04B2H         SYMBOL        dGreenwichMeanSiderealTime
  X:04B6H         SYMBOL        dLocalMeanSiderealTime
  X:04BAH         SYMBOL        dLatitudeInRadians
  X:04BEH         SYMBOL        dHourAngle
  X:04C2H         SYMBOL        dCos_Latitude
  X:04C6H         SYMBOL        dSin_Latitude
  X:04CAH         SYMBOL        dCos_HourAngle
  X:04CEH         SYMBOL        dParallax
  -------         ENDDO         
  -------         DO            
  X:04B2H         SYMBOL        dSin_EclipticLongitude
  X:04B2H         SYMBOL        dGreenwichMeanSiderealTime
  X:04B6H         SYMBOL        dLocalMeanSiderealTime
  X:04BAH         SYMBOL        dLatitudeInRadians
  X:04BEH         SYMBOL        dHourAngle
  X:04C2H         SYMBOL        dCos_Latitude
  X:04C6H         SYMBOL        dSin_Latitude
BL51 BANKED LINKER/LOCATER V6.22                                                      02/25/2019  11:28:09  PAGE 33


  X:04CAH         SYMBOL        dCos_HourAngle
  X:04CEH         SYMBOL        dParallax
  -------         ENDDO         
  -------         DO            
  X:04B2H         SYMBOL        dGreenwichMeanSiderealTime
  X:04B6H         SYMBOL        dLocalMeanSiderealTime
  X:04BAH         SYMBOL        dLatitudeInRadians
  X:04BEH         SYMBOL        dHourAngle
  X:04C2H         SYMBOL        dCos_Latitude
  X:04C6H         SYMBOL        dSin_Latitude
  X:04CAH         SYMBOL        dCos_HourAngle
  X:04CEH         SYMBOL        dParallax
  -------         ENDDO         
  -------         ENDDO         
  C:1E32H         LINE#         6
  C:1E32H         LINE#         7
  C:1E32H         LINE#         9
  C:1E32H         LINE#         27
  C:1E7CH         LINE#         30
  C:1E9DH         LINE#         31
  C:1FE4H         LINE#         34
  C:2030H         LINE#         36
  C:204FH         LINE#         37
  C:204FH         LINE#         42
  C:204FH         LINE#         46
  C:2081H         LINE#         47
  C:20ABH         LINE#         48
  C:20D5H         LINE#         49
  C:2182H         LINE#         52
  C:21E3H         LINE#         54
  C:21E3H         LINE#         59
  C:21E3H         LINE#         61
  C:21FAH         LINE#         62
  C:2222H         LINE#         63
  C:2239H         LINE#         64
  C:2264H         LINE#         65
  C:229BH         LINE#         66
  C:22C6H         LINE#         67
  C:22C6H         LINE#         70
  C:22C6H         LINE#         79
  C:2301H         LINE#         82
  C:233BH         LINE#         84
  C:2360H         LINE#         85
  C:237FH         LINE#         86
  C:2396H         LINE#         87
  C:23ADH         LINE#         88
  C:23C4H         LINE#         89
  C:244DH         LINE#         91
  C:2467H         LINE#         92
  C:24C9H         LINE#         93
  C:24FFH         LINE#         94
  C:2511H         LINE#         95
  C:253EH         LINE#         96
  C:256BH         LINE#         98
  C:258DH         LINE#         100
  C:25C5H         LINE#         103
  C:25C5H         LINE#         104
BL51 BANKED LINKER/LOCATER V6.22                                                      02/25/2019  11:28:09  PAGE 34


  C:25D3H         LINE#         105
  -------         ENDPROC       SUNPOS
  -------         ENDMOD        SUNPOS

  -------         MODULE        ADC
  C:0000H         SYMBOL        _ICE_DUMMY_
  D:0092H         PUBLIC        P1M0
  D:0091H         PUBLIC        P1M1
  D:0080H         PUBLIC        P0
  D:0090H         PUBLIC        P1
  D:00A0H         PUBLIC        P2
  D:00B0H         PUBLIC        P3
  D:00C0H         PUBLIC        P4
  D:00C8H         PUBLIC        P5
  D:00E8H         PUBLIC        P6
  D:00F8H         PUBLIC        P7
  D:00A8H         PUBLIC        IE
  D:00BDH         PUBLIC        ADC_RES
  D:00B8H         PUBLIC        IP
  D:0097H         PUBLIC        CLK_DIV
  D:00D8H         PUBLIC        CCON
  D:00BCH         PUBLIC        ADC_CONTR
  D:0098H         PUBLIC        SCON
  D:0088H         PUBLIC        TCON
  B:00A0H.4       PUBLIC        P24
  B:00A0H.5       PUBLIC        P25
  B:00A0H.6       PUBLIC        P26
  C:4AECH         PUBLIC        ADC_Init
  C:49B7H         PUBLIC        _ADC_GetResult
  D:009DH         PUBLIC        P1ASF
  D:00BEH         PUBLIC        ADC_RESL
  D:00D0H         PUBLIC        PSW
  -------         PROC          ADC_INIT
  C:4AECH         LINE#         7
  C:4AECH         LINE#         8
  C:4AECH         LINE#         10
  C:4AEEH         LINE#         11
  C:4AF0H         LINE#         12
  C:4AF2H         LINE#         13
  C:4AF5H         LINE#         14
  C:4AF8H         LINE#         15
  C:4AFBH         LINE#         16
  C:4AFEH         LINE#         18
  C:4B00H         LINE#         19
  C:4B02H         LINE#         20
  C:4B05H         LINE#         22
  -------         ENDPROC       ADC_INIT
[...]
  C:3E51H         LINE#         129
  C:3E70H         LINE#         131
  C:3E77H         LINE#         132
  C:3E77H         LINE#         133
  C:3E79H         LINE#         134
  C:3E7CH         LINE#         135
  C:3E83H         LINE#         136
  C:3E83H         LINE#         137
  C:3E85H         LINE#         138
  C:3E87H         LINE#         140
  C:3E87H         LINE#         141
  C:3E89H         LINE#         143
  C:3E89H         LINE#         144
  C:3E89H         LINE#         145
  C:3E89H         LINE#         146
  C:3E8CH         LINE#         147
  C:3E93H         LINE#         149
  C:3EB2H         LINE#         151
  C:3EB4H         LINE#         152
  -------         ENDPROC       _AT25SF041_WRITE
  -------         PROC          _AT25SF041_READ
  D:0003H         SYMBOL        opcode
  X:0624H         SYMBOL        addr
  -------         DO            
  X:0628H         SYMBOL        dat
  X:0629H         SYMBOL        i
  -------         ENDDO         
  C:3CBAH         LINE#         156
  C:3CBCH         LINE#         157
  C:3CBCH         LINE#         158
  C:3CC1H         LINE#         160
  C:3CC3H         LINE#         161
  C:3CC9H         LINE#         165
  C:3CCEH         LINE#         166
  C:3CCEH         LINE#         167
  C:3CD0H         LINE#         168
  C:3CD3H         LINE#         169
  C:3CD7H         LINE#         170
  C:3CD7H         LINE#         171
  C:3CD9H         LINE#         172
  C:3CDBH         LINE#         174
BL51 BANKED LINKER/LOCATER V6.22                                                      02/25/2019  11:28:09  PAGE 45


  C:3CDBH         LINE#         175
  C:3CDDH         LINE#         177
  C:3CDDH         LINE#         178
  C:3CDDH         LINE#         179
  C:3CDDH         LINE#         180
  C:3CE0H         LINE#         181
  C:3CE4H         LINE#         184
  C:3D03H         LINE#         186
  C:3D0AH         LINE#         187
  C:3D0AH         LINE#         188
  C:3D0CH         LINE#         189
  C:3D0FH         LINE#         190
  C:3D28H         LINE#         191
  C:3D28H         LINE#         192
  C:3D2AH         LINE#         193
  C:3D2CH         LINE#         195
  C:3D2CH         LINE#         196
  C:3D2EH         LINE#         198
  C:3D2EH         LINE#         199
  C:3D2EH         LINE#         200
  C:3D2EH         LINE#         201
  C:3D31H         LINE#         202
  C:3D4AH         LINE#         204
  C:3D69H         LINE#         207
  C:3D70H         LINE#         209
  C:3D72H         LINE#         210
  C:3D79H         LINE#         212
  C:3D80H         LINE#         213
  C:3D80H         LINE#         214
  C:3D87H         LINE#         215
  C:3D87H         LINE#         216
  C:3D8AH         LINE#         217
  C:3D8CH         LINE#         218
  C:3D8FH         LINE#         220
  C:3D92H         LINE#         221
  C:3D92H         LINE#         223
  C:3D96H         LINE#         224
  C:3D96H         LINE#         230
  C:3DB5H         LINE#         233
  C:3DB7H         LINE#         234
  C:3DBAH         LINE#         235
  C:3DBFH         LINE#         237
  -------         ENDPROC       _AT25SF041_READ
  -------         PROC          READ_STATUS_REGISTER_BYTE1
  -------         DO            
  D:0003H         SYMBOL        dat
  D:0001H         SYMBOL        opcode
  X:03CBH         SYMBOL        count
  X:03CCH         SYMBOL        i
  -------         ENDDO         
  C:426DH         LINE#         241
  C:426DH         LINE#         242
  C:426DH         LINE#         243
  C:4273H         LINE#         244
  C:4277H         LINE#         245
  C:4279H         LINE#         246
  C:427BH         LINE#         247
BL51 BANKED LINKER/LOCATER V6.22                                                      02/25/2019  11:28:09  PAGE 46


  C:4281H         LINE#         251
  C:4288H         LINE#         252
  C:4288H         LINE#         253
  C:428AH         LINE#         254
  C:428DH         LINE#         255
  C:4291H         LINE#         256
  C:4291H         LINE#         257
  C:4293H         LINE#         258
  C:4295H         LINE#         260
  C:4295H         LINE#         261
  C:4297H         LINE#         263
  C:4297H         LINE#         264
  C:4297H         LINE#         265
  C:4297H         LINE#         266
  C:429AH         LINE#         267
  C:429EH         LINE#         270
  C:42BDH         LINE#         274
  C:42C4H         LINE#         276
  C:42C6H         LINE#         277
  C:42CDH         LINE#         278
  C:42D4H         LINE#         279
  C:42D4H         LINE#         280
  C:42D8H         LINE#         281
  C:42D8H         LINE#         282
  C:42DBH         LINE#         283
  C:42DDH         LINE#         284
  C:42E0H         LINE#         286
  C:42E3H         LINE#         287
  C:42E3H         LINE#         289
  C:42E7H         LINE#         290
  C:42E7H         LINE#         292
  C:4306H         LINE#         296
  C:4308H         LINE#         297
  C:430BH         LINE#         298
  C:430DH         LINE#         299
  -------         ENDPROC       READ_STATUS_REGISTER_BYTE1
  -------         PROC          SPI_NOR_WRITE_DATA
  X:03BBH         SYMBOL        dat
  X:03C6H         SYMBOL        addr
  C:3407H         LINE#         301
  C:3407H         LINE#         302
  C:3407H         LINE#         303
  C:3420H         LINE#         304
  C:3420H         LINE#         305
  C:3423H         LINE#         307
  C:3426H         LINE#         308
  C:342DH         LINE#         309
  C:342DH         LINE#         310
  C:3430H         LINE#         312
  C:344AH         LINE#         313
  C:3468H         LINE#         315
  C:346FH         LINE#         316
  C:3472H         LINE#         318
  C:348CH         LINE#         319
  C:348CH         LINE#         320
  C:348CH         LINE#         323
  C:348FH         LINE#         325
BL51 BANKED LINKER/LOCATER V6.22                                                      02/25/2019  11:28:09  PAGE 47


  C:34A9H         LINE#         326
  C:34A9H         LINE#         327
  C:34A9H         LINE#         329
  C:34ACH         LINE#         331
  C:34C6H         LINE#         332
  C:34C6H         LINE#         333
  C:34C6H         LINE#         335
  C:34C9H         LINE#         337
  C:34E3H         LINE#         338
  C:34E3H         LINE#         339
  C:34E3H         LINE#         341
  C:34E6H         LINE#         343
  C:3500H         LINE#         344
  C:3500H         LINE#         345
  C:3500H         LINE#         347
  C:3503H         LINE#         349
  C:351DH         LINE#         350
  C:351DH         LINE#         351
  C:351DH         LINE#         353
  C:3520H         LINE#         355
  C:353AH         LINE#         356
  C:353AH         LINE#         357
  C:353AH         LINE#         359
  C:353DH         LINE#         361
  C:3557H         LINE#         362
  C:3557H         LINE#         363
  C:3557H         LINE#         365
  C:355AH         LINE#         367
  C:3574H         LINE#         368
  C:3574H         LINE#         369
  C:3574H         LINE#         371
  C:3577H         LINE#         373
  C:3591H         LINE#         374
  C:3598H         LINE#         375
  -------         ENDPROC       SPI_NOR_WRITE_DATA
  -------         ENDMOD        AT25SF041

  -------         MODULE        ?C_STARTUP
  C:44DCH         SEGMENT       ?C_C51STARTUP
  I:0022H         SEGMENT       ?STACK
  C:0000H         PUBLIC        ?C_STARTUP
  D:00E0H         SYMBOL        ACC
  D:00F0H         SYMBOL        B
  D:0083H         SYMBOL        DPH
  D:0082H         SYMBOL        DPL
  N:0000H         SYMBOL        IBPSTACK
  N:0100H         SYMBOL        IBPSTACKTOP
  N:0080H         SYMBOL        IDATALEN
  C:44DFH         SYMBOL        IDATALOOP
  N:0000H         SYMBOL        PBPSTACK
  N:0100H         SYMBOL        PBPSTACKTOP
  N:0000H         SYMBOL        PDATALEN
  N:0000H         SYMBOL        PDATASTART
  N:0000H         SYMBOL        PPAGE
  N:0000H         SYMBOL        PPAGEENABLE
  D:00A0H         SYMBOL        PPAGE_SFR
  D:0081H         SYMBOL        SP
BL51 BANKED LINKER/LOCATER V6.22                                                      02/25/2019  11:28:09  PAGE 48


  C:44DCH         SYMBOL        STARTUP1
  N:0000H         SYMBOL        XBPSTACK
  N:0000H         SYMBOL        XBPSTACKTOP
  N:0000H         SYMBOL        XDATALEN
  N:0000H         SYMBOL        XDATASTART
  C:0000H         LINE#         126
  C:44DCH         LINE#         133
  C:44DEH         LINE#         134
  C:44DFH         LINE#         135
  C:44E0H         LINE#         136
  C:44E2H         LINE#         185
  C:44E5H         LINE#         196
  -------         ENDMOD        ?C_STARTUP

  -------         MODULE        ?C?FPADD
  C:0B15H         PUBLIC        ?C?FPADD
  C:0B11H         PUBLIC        ?C?FPSUB
  -------         ENDMOD        ?C?FPADD

  -------         MODULE        ?C?FPMUL
  C:0C06H         PUBLIC        ?C?FPMUL
  -------         ENDMOD        ?C?FPMUL

  -------         MODULE        ?C?FPDIV
  C:0D0FH         PUBLIC        ?C?FPDIV
  -------         ENDMOD        ?C?FPDIV

  -------         MODULE        ?C?FPCMP
  C:0DAEH         PUBLIC        ?C?FPCMP
  C:0DACH         PUBLIC        ?C?FPCMP3
  -------         ENDMOD        ?C?FPCMP

  -------         MODULE        ?C?FPNEG
  C:0E25H         PUBLIC        ?C?FPNEG
  -------         ENDMOD        ?C?FPNEG

  -------         MODULE        ?C?FCAST
  C:0E40H         PUBLIC        ?C?FCASTC
  C:0E3BH         PUBLIC        ?C?FCASTI
  C:0E36H         PUBLIC        ?C?FCASTL
  -------         ENDMOD        ?C?FCAST

  -------         MODULE        ?C?CASTF
  C:0E74H         PUBLIC        ?C?CASTF
  -------         ENDMOD        ?C?CASTF

  -------         MODULE        ATAN2
  X:04D2H         PUBLIC        ?_atan2?BYTE
  C:430EH         PUBLIC        _atan2
  -------         ENDMOD        ATAN2

  -------         MODULE        SIN
  C:378BH         PUBLIC        _COS
  C:37A1H         PUBLIC        _SIN
  C:37DDH         PUBLIC        _TAN
  -------         ENDMOD        SIN

BL51 BANKED LINKER/LOCATER V6.22                                                      02/25/2019  11:28:09  PAGE 49


  -------         MODULE        ACOS
  C:483BH         PUBLIC        _ACOS
  -------         ENDMOD        ACOS

  -------         MODULE        ASIN
  C:4949H         PUBLIC        _ASIN
  -------         ENDMOD        ASIN

  -------         MODULE        SQRT
  C:41C5H         PUBLIC        _SQRT
  -------         ENDMOD        SQRT

  -------         MODULE        ATAN
  C:3BB8H         PUBLIC        _ATAN
  -------         ENDMOD        ATAN

  -------         MODULE        ?C?COPY
  C:1012H         PUBLIC        ?C?COPY
  -------         ENDMOD        ?C?COPY

  -------         MODULE        ?C?CLDPTR
  C:1038H         PUBLIC        ?C?CLDPTR
  -------         ENDMOD        ?C?CLDPTR

  -------         MODULE        ?C?CLDOPTR
  C:1051H         PUBLIC        ?C?CLDOPTR
  -------         ENDMOD        ?C?CLDOPTR

  -------         MODULE        ?C?CSTPTR
  C:107EH         PUBLIC        ?C?CSTPTR
  -------         ENDMOD        ?C?CSTPTR

  -------         MODULE        ?C?IMUL
  C:1090H         PUBLIC        ?C?IMUL
  -------         ENDMOD        ?C?IMUL

  -------         MODULE        ?C?UIDIV
  C:10A2H         PUBLIC        ?C?UIDIV
  -------         ENDMOD        ?C?UIDIV

  -------         MODULE        ?C?SIDIV
  C:10F7H         PUBLIC        ?C?SIDIV
  -------         ENDMOD        ?C?SIDIV

  -------         MODULE        ?C?ILDIX
  C:112DH         PUBLIC        ?C?ILDIX
  -------         ENDMOD        ?C?ILDIX

  -------         MODULE        ?C?ILDOPTR
  C:1143H         PUBLIC        ?C?ILDOPTR
  -------         ENDMOD        ?C?ILDOPTR

  -------         MODULE        ?C?ISTPTR
  C:117BH         PUBLIC        ?C?ISTPTR
  -------         ENDMOD        ?C?ISTPTR

  -------         MODULE        ?C?LMUL
BL51 BANKED LINKER/LOCATER V6.22                                                      02/25/2019  11:28:09  PAGE 50


  C:119AH         PUBLIC        ?C?LMUL
  -------         ENDMOD        ?C?LMUL

  -------         MODULE        ?C?SLDIV
  C:4885H         PUBLIC        ?C?SLDIV
  -------         ENDMOD        ?C?SLDIV

  -------         MODULE        ?C?LNEG
  C:11E9H         PUBLIC        ?C?LNEG
  -------         ENDMOD        ?C?LNEG

  -------         MODULE        ?C?ULCMP
  C:11F7H         PUBLIC        ?C?ULCMP
  -------         ENDMOD        ?C?ULCMP

  -------         MODULE        ?C?LSHL
  C:1208H         PUBLIC        ?C?LSHL
  -------         ENDMOD        ?C?LSHL

  -------         MODULE        ?C?LLDPTR
  C:121BH         PUBLIC        ?C?LLDPTR
  -------         ENDMOD        ?C?LLDPTR

  -------         MODULE        ?C?LLDOPTR
  C:123BH         PUBLIC        ?C?LLDOPTR
  -------         ENDMOD        ?C?LLDOPTR

  -------         MODULE        ?C?LSTPTR
  C:126BH         PUBLIC        ?C?LSTPTR
  -------         ENDMOD        ?C?LSTPTR

  -------         MODULE        ?C?LSTOPTR
  C:1285H         PUBLIC        ?C?LSTOPTR
  -------         ENDMOD        ?C?LSTOPTR

  -------         MODULE        ?C?LLDXDATA
  C:12A9H         PUBLIC        ?C?LLDXDATA
  -------         ENDMOD        ?C?LLDXDATA

  -------         MODULE        ?C?LLDCODE
  C:12B5H         PUBLIC        ?C?LLDCODE
  -------         ENDMOD        ?C?LLDCODE

  -------         MODULE        ?C?LLDXDATA0
  C:12C5H         PUBLIC        ?C?LLDXDATA0
  -------         ENDMOD        ?C?LLDXDATA0

  -------         MODULE        ?C?LLDCODE0
  C:12D1H         PUBLIC        ?C?LLDCODE0
  -------         ENDMOD        ?C?LLDCODE0

  -------         MODULE        ?C?LLDPTR0
  C:12E1H         PUBLIC        ?C?LLDPTR0
  -------         ENDMOD        ?C?LLDPTR0

  -------         MODULE        ?C?LSTXDATA
  C:1301H         PUBLIC        ?C?LSTXDATA
BL51 BANKED LINKER/LOCATER V6.22                                                      02/25/2019  11:28:09  PAGE 51


  -------         ENDMOD        ?C?LSTXDATA

  -------         MODULE        ?C?LSTKXDATA
  C:130DH         PUBLIC        ?C?LSTKXDATA
  -------         ENDMOD        ?C?LSTKXDATA

  -------         MODULE        ?C?LSTKPTR
  C:133EH         PUBLIC        ?C?LSTKPTR
  -------         ENDMOD        ?C?LSTKPTR

  -------         MODULE        ?C?OFFXADD
  C:1358H         PUBLIC        ?C?OFFXADD
  -------         ENDMOD        ?C?OFFXADD

  -------         MODULE        ABS
  C:4C71H         PUBLIC        _ABS
  -------         ENDMOD        ABS

  -------         MODULE        ATOI
  C:3EBBH         PUBLIC        _atoi
  -------         ENDMOD        ATOI

  -------         MODULE        ?C?IILDX
  C:1364H         PUBLIC        ?C?IILDX
  -------         ENDMOD        ?C?IILDX

  -------         MODULE        ?C?ULDIV
  C:13B6H         PUBLIC        ?C?ULDIV
  -------         ENDMOD        ?C?ULDIV

  -------         MODULE        ?C?LLDIDATA
  C:1448H         PUBLIC        ?C?LLDIDATA
  -------         ENDMOD        ?C?LLDIDATA

  -------         MODULE        ?C?LLDPDATA
  C:1454H         PUBLIC        ?C?LLDPDATA
  -------         ENDMOD        ?C?LLDPDATA

  -------         MODULE        ?C?LLDIDATA0
  C:1460H         PUBLIC        ?C?LLDIDATA0
  -------         ENDMOD        ?C?LLDIDATA0

  -------         MODULE        ?C?LLDPDATA0
  C:146DH         PUBLIC        ?C?LLDPDATA0
  -------         ENDMOD        ?C?LLDPDATA0

  -------         MODULE        ?C?LSTIDATA
  C:147AH         PUBLIC        ?C?LSTIDATA
  -------         ENDMOD        ?C?LSTIDATA

  -------         MODULE        ?C?LSTPDATA
  C:1486H         PUBLIC        ?C?LSTPDATA
  -------         ENDMOD        ?C?LSTPDATA

  -------         MODULE        ?C?LSTKIDATA
  C:1492H         PUBLIC        ?C?LSTKIDATA
  -------         ENDMOD        ?C?LSTKIDATA
BL51 BANKED LINKER/LOCATER V6.22                                                      02/25/2019  11:28:09  PAGE 52



  -------         MODULE        ?C?LSTKPDATA
  C:14ABH         PUBLIC        ?C?LSTKPDATA
  -------         ENDMOD        ?C?LSTKPDATA

  -------         MODULE        ISDIGIT
  C:4C49H         PUBLIC        _isdigit
  -------         ENDMOD        ISDIGIT

  -------         MODULE        ISSPACE
  C:4BE4H         PUBLIC        _isspace
  -------         ENDMOD        ISSPACE

*** WARNING L16: UNCALLED SEGMENT, IGNORED FOR OVERLAY PROCESS
    SEGMENT: ?PR?_DISPLAY_PROX?MAIN

*** WARNING L16: UNCALLED SEGMENT, IGNORED FOR OVERLAY PROCESS
    SEGMENT: ?PR?_DAY_OF_YEAR?PCF85063BTL

*** WARNING L16: UNCALLED SEGMENT, IGNORED FOR OVERLAY PROCESS
    SEGMENT: ?PR?INITUART1?UART1

*** WARNING L16: UNCALLED SEGMENT, IGNORED FOR OVERLAY PROCESS
    SEGMENT: ?PR?_SENDSTRING?UART1

*** WARNING L16: UNCALLED SEGMENT, IGNORED FOR OVERLAY PROCESS
    SEGMENT: ?PR?_TEN?UART1

*** WARNING L16: UNCALLED SEGMENT, IGNORED FOR OVERLAY PROCESS
    SEGMENT: ?PR?_UNIT?UART1

*** WARNING L16: UNCALLED SEGMENT, IGNORED FOR OVERLAY PROCESS
    SEGMENT: ?PR?_DECTOBCD?UART1

*** WARNING L16: UNCALLED SEGMENT, IGNORED FOR OVERLAY PROCESS
    SEGMENT: ?PR?_ASCII_LETTER?UART1

*** WARNING L16: UNCALLED SEGMENT, IGNORED FOR OVERLAY PROCESS
    SEGMENT: ?PR?_ASCIITOBCD?UART1

*** WARNING L16: UNCALLED SEGMENT, IGNORED FOR OVERLAY PROCESS
    SEGMENT: ?PR?WAIT?BIPOLARMOTOR

*** WARNING L16: UNCALLED SEGMENT, IGNORED FOR OVERLAY PROCESS
    SEGMENT: ?PR?_FINDDET4X4?BIPOLARMOTOR

*** WARNING L16: UNCALLED SEGMENT, IGNORED FOR OVERLAY PROCESS
    SEGMENT: ?PR?NOP?IOEXPANDER_PI4IOE5V96248

*** WARNING L16: UNCALLED SEGMENT, IGNORED FOR OVERLAY PROCESS
    SEGMENT: ?PR?UC_ACK?IOEXPANDER_PI4IOE5V96248

*** WARNING L16: UNCALLED SEGMENT, IGNORED FOR OVERLAY PROCESS
    SEGMENT: ?PR?UC_NACK?IOEXPANDER_PI4IOE5V96248

*** WARNING L16: UNCALLED SEGMENT, IGNORED FOR OVERLAY PROCESS
    SEGMENT: ?PR?_AT25SF041_READ?AT25SF041
BL51 BANKED LINKER/LOCATER V6.22                                                      02/25/2019  11:28:09  PAGE 53



*** WARNING L1: UNRESOLVED EXTERNAL SYMBOL
    SYMBOL:  AUTO_MODE
    MODULE:  .\Obj\main.obj (MAIN)

*** WARNING L2: REFERENCE MADE TO UNRESOLVED EXTERNAL
    SYMBOL:  AUTO_MODE
    MODULE:  .\Obj\main.obj (MAIN)
    ADDRESS: 14F1H

*** WARNING L2: REFERENCE MADE TO UNRESOLVED EXTERNAL
    SYMBOL:  AUTO_MODE
    MODULE:  .\Obj\main.obj (MAIN)
    ADDRESS: 1666H

*** WARNING L2: REFERENCE MADE TO UNRESOLVED EXTERNAL
    SYMBOL:  AUTO_MODE
    MODULE:  .\Obj\main.obj (MAIN)
    ADDRESS: 1674H

*** WARNING L2: REFERENCE MADE TO UNRESOLVED EXTERNAL
    SYMBOL:  AUTO_MODE
    MODULE:  .\Obj\main.obj (MAIN)
    ADDRESS: 1686H

*** WARNING L2: REFERENCE MADE TO UNRESOLVED EXTERNAL
    SYMBOL:  AUTO_MODE
    MODULE:  .\Obj\main.obj (MAIN)
    ADDRESS: 16C8H

*** WARNING L2: REFERENCE MADE TO UNRESOLVED EXTERNAL
    SYMBOL:  AUTO_MODE
    MODULE:  .\Obj\main.obj (MAIN)
    ADDRESS: 179BH

*** WARNING L1: UNRESOLVED EXTERNAL SYMBOL
    SYMBOL:  _SENDUART1
    MODULE:  .\Obj\UART1.obj (UART1)

*** WARNING L2: REFERENCE MADE TO UNRESOLVED EXTERNAL
    SYMBOL:  _SENDUART1
    MODULE:  .\Obj\UART1.obj (UART1)
    ADDRESS: 49B2H

*** WARNING L1: UNRESOLVED EXTERNAL SYMBOL
    SYMBOL:  AUTO_MODE
    MODULE:  .\Obj\KeyPad.obj (KEYPAD)

*** WARNING L2: REFERENCE MADE TO UNRESOLVED EXTERNAL
    SYMBOL:  AUTO_MODE
    MODULE:  .\Obj\KeyPad.obj (KEYPAD)
    ADDRESS: 2FE3H

*** WARNING L2: REFERENCE MADE TO UNRESOLVED EXTERNAL
    SYMBOL:  AUTO_MODE
    MODULE:  .\Obj\KeyPad.obj (KEYPAD)
    ADDRESS: 2FEEH
BL51 BANKED LINKER/LOCATER V6.22                                                      02/25/2019  11:28:09  PAGE 54



*** WARNING L2: REFERENCE MADE TO UNRESOLVED EXTERNAL
    SYMBOL:  AUTO_MODE
    MODULE:  .\Obj\KeyPad.obj (KEYPAD)
    ADDRESS: 2FF5H

Program Size: data=10.2 xdata=1593 code=19619
LINK/LOCATE RUN COMPLETE.  28 WARNING(S),  0 ERROR(S)
