BL51 BANKED LINKER/LOCATER V6.22                                                        08/22/2018  16:00:41  PAGE 1


BL51 BANKED LINKER/LOCATER V6.22, INVOKED BY:
C:\KEIL_V5\C51\BIN\BL51.EXE .\Obj\main.obj, .\Obj\PCF85063BTL.obj, .\Obj\UART1.obj, .\Obj\LCd_Driver_SPLC780D.obj, .\Obj
>> \KeyPad.obj, .\Obj\VCNL4035.obj, .\Obj\BipolarMotor.obj, .\Obj\SunPos.obj, .\Obj\STARTUP.obj TO .\Obj\GPIO_RTC_Test P
>> RINT (.\Lis\GPIO_RTC_Test.m51) RAMSIZE (256)


MEMORY MODEL: LARGE WITH FLOATING POINT ARITHMETIC


INPUT MODULES INCLUDED:
  .\Obj\main.obj (MAIN)
  .\Obj\PCF85063BTL.obj (PCF85063BTL)
  .\Obj\UART1.obj (UART1)
  .\Obj\LCd_Driver_SPLC780D.obj (LCD_DRIVER_SPLC780D)
  .\Obj\KeyPad.obj (KEYPAD)
  .\Obj\VCNL4035.obj (VCNL4035)
  .\Obj\BipolarMotor.obj (BIPOLARMOTOR)
  .\Obj\SunPos.obj (SUNPOS)
  .\Obj\STARTUP.obj (?C_STARTUP)
  C:\KEIL_V5\C51\LIB\C51FPL.LIB (?C?FPADD)
  C:\KEIL_V5\C51\LIB\C51FPL.LIB (?C?FPMUL)
  C:\KEIL_V5\C51\LIB\C51FPL.LIB (?C?FPDIV)
  C:\KEIL_V5\C51\LIB\C51FPL.LIB (?C?FPCMP)
  C:\KEIL_V5\C51\LIB\C51FPL.LIB (?C?FPNEG)
  C:\KEIL_V5\C51\LIB\C51FPL.LIB (?C?FCAST)
  C:\KEIL_V5\C51\LIB\C51FPL.LIB (?C?CASTF)
  C:\KEIL_V5\C51\LIB\C51FPL.LIB (ATAN2)
  C:\KEIL_V5\C51\LIB\C51FPL.LIB (SIN)
  C:\KEIL_V5\C51\LIB\C51FPL.LIB (ACOS)
  C:\KEIL_V5\C51\LIB\C51FPL.LIB (ASIN)
  C:\KEIL_V5\C51\LIB\C51FPL.LIB (POW)
  C:\KEIL_V5\C51\LIB\C51FPL.LIB (?C?FPGETOPN)
  C:\KEIL_V5\C51\LIB\C51FPL.LIB (?C?CHKFLOAT)
  C:\KEIL_V5\C51\LIB\C51FPL.LIB (?C?FPSERIES)
  C:\KEIL_V5\C51\LIB\C51FPL.LIB (EXP)
  C:\KEIL_V5\C51\LIB\C51FPL.LIB (LOG)
  C:\KEIL_V5\C51\LIB\C51FPL.LIB (SQRT)
  C:\KEIL_V5\C51\LIB\C51FPL.LIB (ATAN)
  C:\KEIL_V5\C51\LIB\C51L.LIB (?C_INIT)
  C:\KEIL_V5\C51\LIB\C51L.LIB (?C?COPY)
  C:\KEIL_V5\C51\LIB\C51L.LIB (?C?CLDPTR)
  C:\KEIL_V5\C51\LIB\C51L.LIB (?C?CSTPTR)
  C:\KEIL_V5\C51\LIB\C51L.LIB (?C?IMUL)
  C:\KEIL_V5\C51\LIB\C51L.LIB (?C?UIDIV)
  C:\KEIL_V5\C51\LIB\C51L.LIB (?C?SIDIV)
  C:\KEIL_V5\C51\LIB\C51L.LIB (?C?ILDIX)
  C:\KEIL_V5\C51\LIB\C51L.LIB (?C?LMUL)
  C:\KEIL_V5\C51\LIB\C51L.LIB (?C?SLDIV)
  C:\KEIL_V5\C51\LIB\C51L.LIB (?C?LNEG)
  C:\KEIL_V5\C51\LIB\C51L.LIB (?C?LLDPTR)
  C:\KEIL_V5\C51\LIB\C51L.LIB (?C?LLDOPTR)
  C:\KEIL_V5\C51\LIB\C51L.LIB (?C?LSTPTR)
  C:\KEIL_V5\C51\LIB\C51L.LIB (?C?LSTOPTR)
  C:\KEIL_V5\C51\LIB\C51L.LIB (?C?LLDXDATA)
  C:\KEIL_V5\C51\LIB\C51L.LIB (?C?LLDCODE)
  C:\KEIL_V5\C51\LIB\C51L.LIB (?C?LLDXDATA0)
  C:\KEIL_V5\C51\LIB\C51L.LIB (?C?LLDCODE0)
  C:\KEIL_V5\C51\LIB\C51L.LIB (?C?LLDPTR0)
BL51 BANKED LINKER/LOCATER V6.22                                                      08/22/2018  16:00:41  PAGE 2


  C:\KEIL_V5\C51\LIB\C51L.LIB (?C?LSTXDATA)
  C:\KEIL_V5\C51\LIB\C51L.LIB (?C?LSTKXDATA)
  C:\KEIL_V5\C51\LIB\C51L.LIB (?C?OFFXADD)
  C:\KEIL_V5\C51\LIB\C51L.LIB (ABS)
  C:\KEIL_V5\C51\LIB\C51L.LIB (ATOI)
  C:\KEIL_V5\C51\LIB\C51L.LIB (?C?IILDX)
  C:\KEIL_V5\C51\LIB\C51L.LIB (?C?ULDIV)
  C:\KEIL_V5\C51\LIB\C51L.LIB (?C?LLDIDATA)
  C:\KEIL_V5\C51\LIB\C51L.LIB (?C?LLDPDATA)
  C:\KEIL_V5\C51\LIB\C51L.LIB (?C?LLDIDATA0)
  C:\KEIL_V5\C51\LIB\C51L.LIB (?C?LLDPDATA0)
  C:\KEIL_V5\C51\LIB\C51L.LIB (?C?LSTIDATA)
  C:\KEIL_V5\C51\LIB\C51L.LIB (?C?LSTPDATA)
  C:\KEIL_V5\C51\LIB\C51L.LIB (ISDIGIT)
  C:\KEIL_V5\C51\LIB\C51L.LIB (ISSPACE)


LINK MAP OF MODULE:  .\Obj\GPIO_RTC_Test (MAIN)


            TYPE    BASE      LENGTH    RELOCATION   SEGMENT NAME
            -----------------------------------------------------

            * * * * * * *   D A T A   M E M O R Y   * * * * * * *
            REG     0000H     0008H     ABSOLUTE     "REG BANK 0"
            REG     0008H     0008H     ABSOLUTE     "REG BANK 1"
                    0010H     0010H                  *** GAP ***
            BIT     0020H.0   0000H.4   UNIT         ?BI?KEYPAD
            BIT     0020H.4   0000H.3   UNIT         _BIT_GROUP_
            BIT     0020H.7   0000H.1   UNIT         ?BI?MAIN
            IDATA   0021H     0001H     UNIT         ?STACK

            * * * * * * *  X D A T A   M E M O R Y  * * * * * * *
            XDATA   0000H     03C8H     UNIT         ?XD?BIPOLARMOTOR
            XDATA   03C8H     0130H     UNIT         _XDATA_GROUP_
            XDATA   04F8H     0040H     UNIT         ?XD?_FINDDET4X4?BIPOLARMOTOR
            XDATA   0538H     001CH     UNIT         ?XD?MAIN
            XDATA   0554H     0014H     UNIT         ?XD?LINEAR_INTERPOLATE?BIPOLARMOTOR
            XDATA   0568H     0009H     UNIT         ?XD?KEYPAD
            XDATA   0571H     0008H     UNIT         ?XD?_READ_VCNL4035?VCNL4035
            XDATA   0579H     0004H     UNIT         ?XD?_DISPLAY_PROX?MAIN
            XDATA   057DH     0003H     UNIT         ?XD?_SENDSTRING?UART1
            XDATA   0580H     0001H     UNIT         ?XD?UC_ACK?VCNL4035
            XDATA   0581H     0001H     UNIT         ?XD?UC_NACK?VCNL4035
            XDATA   0582H     0001H     UNIT         ?XD?_DISPLAYLCD_VCNL4035?VCNL4035

            * * * * * * *   C O D E   M E M O R Y   * * * * * * *
            CODE    0000H     0003H     ABSOLUTE     
            CODE    0003H     0006H     UNIT         ?PR?_TEN?UART1
            CODE    0009H     0001H     UNIT         ?PR?TM0_ISR?MAIN
            CODE    000AH     0001H     UNIT         ?PR?_DECTOBCD?UART1
            CODE    000BH     0003H     ABSOLUTE     
            CODE    000EH     0015H     UNIT         ?PR?_DISPLAY_LINE?LCD_DRIVER_SPLC780D
            CODE    0023H     0003H     ABSOLUTE     
            CODE    0026H     08DCH     UNIT         ?C?LIB_CODE
            CODE    0902H     08C8H     UNIT         ?PR?_UPDATE_POSITION?BIPOLARMOTOR
            CODE    11CAH     07A2H     UNIT         ?PR?SUNPOS?SUNPOS
BL51 BANKED LINKER/LOCATER V6.22                                                      08/22/2018  16:00:41  PAGE 3


            CODE    196CH     0459H     UNIT         ?PR?SECOND_ORDER_INTERPOLATE?BIPOLARMOTOR
            CODE    1DC5H     0414H     UNIT         ?C_INITSEG
            CODE    21D9H     02C0H     UNIT         ?PR?_FINDDET4X4?BIPOLARMOTOR
            CODE    2499H     02A0H     UNIT         ?PR?KEY_PROCESS?KEYPAD
            CODE    2739H     0248H     UNIT         ?PR?MAIN?MAIN
            CODE    2981H     01D1H     UNIT         ?PR?_FINDDET3X3?BIPOLARMOTOR
            CODE    2B52H     01B5H     UNIT         ?PR?_DISPLAY_POS?MAIN
            CODE    2D07H     018DH     UNIT         ?PR?KEY_SCAN?KEYPAD
            CODE    2E94H     0188H     UNIT         ?PR?SIN?SIN
            CODE    301CH     0166H     UNIT         ?PR?_POW?POW
            CODE    3182H     0129H     UNIT         ?PR?LOG?LOG
            CODE    32ABH     0122H     UNIT         ?PR?ATAN?ATAN
            CODE    33CDH     00DBH     UNIT         ?PR?_ATOI?ATOI
            CODE    34A8H     00ACH     UNIT         ?PR?SQRT?SQRT
            CODE    3554H     00A0H     UNIT         ?PR?LINEAR_INTERPOLATE?BIPOLARMOTOR
            CODE    35F4H     009DH     UNIT         ?PR?_ATAN2?ATAN2
            CODE    3691H     009BH     UNIT         ?PR?UART?MAIN
            CODE    372CH     009AH     UNIT         ?PR?_READ_VCNL4035?VCNL4035
            CODE    37C6H     009AH     UNIT         ?PR?EXP?EXP
            CODE    3860H     0095H     UNIT         ?PR?_DISPLAY_PROX?MAIN
            CODE    38F5H     008CH     UNIT         ?C_C51STARTUP
            CODE    3981H     0084H     UNIT         ?PR?_DAY_OF_YEAR?PCF85063BTL
            CODE    3A05H     0075H     UNIT         ?PR?_WRITEDATA?LCD_DRIVER_SPLC780D
            CODE    3A7AH     006FH     UNIT         ?PR?_READ_TIME?PCF85063BTL
            CODE    3AE9H     0059H     UNIT         ?PR?LCD_INIT?LCD_DRIVER_SPLC780D
            CODE    3B42H     0059H     UNIT         ?PR?_STEP_MOVE?BIPOLARMOTOR
            CODE    3B9BH     004AH     UNIT         ?PR?ACOS?ACOS
            CODE    3BE5H     0049H     UNIT         ?PR?_WRITE_VCNL4035X?VCNL4035
            CODE    3C2EH     0044H     UNIT         ?C?LDIV
            CODE    3C72H     0040H     UNIT         ?PR?_COMMAND?LCD_DRIVER_SPLC780D
            CODE    3CB2H     003BH     UNIT         ?PR?ASIN?ASIN
            CODE    3CEDH     0034H     UNIT         ?PR?_MOVE?BIPOLARMOTOR
            CODE    3D21H     0033H     UNIT         ?PR?_SENDSTRING?UART1
            CODE    3D54H     002CH     UNIT         ?PR?I2C_RECEIVEBYTE?VCNL4035
            CODE    3D80H     002BH     UNIT         ?PR?_WAIT_MS_I2C?VCNL4035
            CODE    3DABH     0024H     UNIT         ?PR?_WAIT_MS?LCD_DRIVER_SPLC780D
            CODE    3DCFH     0022H     UNIT         ?PR?_I2C_SENDBYTE?VCNL4035
            CODE    3DF1H     0020H     UNIT         ?PR?_SPI_SENDBYTE?PCF85063BTL
            CODE    3E11H     0020H     UNIT         ?PR?SPI_RECEIVEBYTE?PCF85063BTL
            CODE    3E31H     001EH     UNIT         ?PR?_DELAY_MS?KEYPAD
            CODE    3E4FH     001EH     UNIT         ?PR?_WAIT_MS_IIC?VCNL4035
            CODE    3E6DH     001DH     UNIT         ?PR?_DISPLAYLCD?LCD_DRIVER_SPLC780D
            CODE    3E8AH     001BH     UNIT         ?PR?I2C_ACK?VCNL4035
            CODE    3EA5H     0018H     UNIT         ?PR?_SPI_WRITETIME?PCF85063BTL
            CODE    3EBDH     0018H     UNIT         ?PR?_BCDTODEC1?BIPOLARMOTOR
            CODE    3ED5H     0017H     UNIT         ?PR?_ASCIITOBCD?UART1
            CODE    3EECH     0017H     UNIT         ?PR?I2C_INIT?VCNL4035
            CODE    3F03H     0015H     UNIT         ?PR?I2C_STOP?VCNL4035
            CODE    3F18H     0014H     UNIT         ?PR?_PCF85063BTL_DELAY?PCF85063BTL
            CODE    3F2CH     0014H     UNIT         ?PR?_ISSPACE?ISSPACE
            CODE    3F40H     0013H     UNIT         ?PR?I2C_START?VCNL4035
            CODE    3F53H     0011H     UNIT         ?PR?_SPI_READTIME?PCF85063BTL
            CODE    3F64H     0011H     UNIT         ?PR?_BCDTODEC?PCF85063BTL
            CODE    3F75H     0011H     UNIT         ?PR?INITUART1?UART1
            CODE    3F86H     000FH     UNIT         ?PR?UC_NACK?VCNL4035
            CODE    3F95H     000FH     UNIT         ?PR?_ISDIGIT?ISDIGIT
            CODE    3FA4H     000DH     UNIT         ?PR?SPI_INIT?PCF85063BTL
BL51 BANKED LINKER/LOCATER V6.22                                                      08/22/2018  16:00:41  PAGE 4


            CODE    3FB1H     000CH     UNIT         ?PR?KEYPAD_IO_INIT?KEYPAD
            CODE    3FBDH     000CH     UNIT         ?PR?_ABS?ABS
            CODE    3FC9H     000AH     UNIT         ?PR?LCD_RETURN_HOME?LCD_DRIVER_SPLC780D
            CODE    3FD3H     000AH     UNIT         ?PR?LCD_CLEAR?LCD_DRIVER_SPLC780D
            CODE    3FDDH     0009H     UNIT         ?PR?_SENDUART1?MAIN
            CODE    3FE6H     0006H     UNIT         ?PR?UC_ACK?VCNL4035
            CODE    3FECH     0006H     UNIT         ?PR?_DISPLAYLCD_VCNL4035?VCNL4035
            CODE    3FF2H     0005H     UNIT         ?PR?_UNIT?UART1
            CODE    3FF7H     0005H     UNIT         ?PR?_ASCII_LETTER?UART1
            CODE    3FFCH     0001H     UNIT         ?PR?NOP?VCNL4035



OVERLAY MAP OF MODULE:   .\Obj\GPIO_RTC_Test (MAIN)


SEGMENT                                             BIT_GROUP          XDATA_GROUP
  +--> CALLED SEGMENT                            START    LENGTH     START    LENGTH
------------------------------------------------------------------------------------
?PR?UART?MAIN                                    -----    -----      -----    -----
  +--> ?PR?_ASCIITOBCD?UART1

?PR?_ASCIITOBCD?UART1                            -----    -----      -----    -----
  +--> ?PR?_ATOI?ATOI

?PR?_ATOI?ATOI                                   0020H.4  0000H.1    03C8H    0005H
  +--> ?PR?_ISSPACE?ISSPACE
  +--> ?PR?_ISDIGIT?ISDIGIT

*** NEW ROOT ***************************************************

?C_C51STARTUP                                    -----    -----      -----    -----
  +--> ?PR?MAIN?MAIN
  +--> ?C_INITSEG

?PR?MAIN?MAIN                                    -----    -----      03CDH    0017H
  +--> ?PR?LCD_INIT?LCD_DRIVER_SPLC780D
  +--> ?PR?SPI_INIT?PCF85063BTL
  +--> ?PR?KEYPAD_IO_INIT?KEYPAD
  +--> ?PR?I2C_INIT?VCNL4035
  +--> ?PR?_DELAY_MS?KEYPAD
  +--> ?PR?_DISPLAY_LINE?LCD_DRIVER_SPLC780D
  +--> ?PR?_WRITEDATA?LCD_DRIVER_SPLC780D
  +--> ?PR?KEY_PROCESS?KEYPAD
  +--> ?PR?_COMMAND?LCD_DRIVER_SPLC780D
  +--> ?PR?_DISPLAY_POS?MAIN
  +--> ?PR?_DISPLAYLCD?LCD_DRIVER_SPLC780D
  +--> ?PR?_STEP_MOVE?BIPOLARMOTOR
  +--> ?PR?LCD_RETURN_HOME?LCD_DRIVER_SPLC780D
  +--> ?PR?_READ_TIME?PCF85063BTL
  +--> ?PR?_UPDATE_POSITION?BIPOLARMOTOR

?PR?LCD_INIT?LCD_DRIVER_SPLC780D                 -----    -----      -----    -----
  +--> ?PR?_WAIT_MS?LCD_DRIVER_SPLC780D
  +--> ?PR?_COMMAND?LCD_DRIVER_SPLC780D

?PR?_COMMAND?LCD_DRIVER_SPLC780D                 -----    -----      -----    -----
BL51 BANKED LINKER/LOCATER V6.22                                                      08/22/2018  16:00:41  PAGE 5


  +--> ?PR?_WAIT_MS?LCD_DRIVER_SPLC780D

?PR?I2C_INIT?VCNL4035                            -----    -----      -----    -----
  +--> ?PR?_WRITE_VCNL4035X?VCNL4035

?PR?_WRITE_VCNL4035X?VCNL4035                    -----    -----      03E4H    0003H
  +--> ?PR?I2C_START?VCNL4035
  +--> ?PR?_WAIT_MS_I2C?VCNL4035
  +--> ?PR?I2C_ACK?VCNL4035
  +--> ?PR?_I2C_SENDBYTE?VCNL4035
  +--> ?PR?I2C_STOP?VCNL4035

?PR?I2C_START?VCNL4035                           -----    -----      -----    -----
  +--> ?PR?_WAIT_MS_IIC?VCNL4035
  +--> ?PR?_WAIT_MS_I2C?VCNL4035

?PR?I2C_ACK?VCNL4035                             -----    -----      03E7H    0001H
  +--> ?PR?_I2C_SENDBYTE?VCNL4035
  +--> ?PR?_WAIT_MS_I2C?VCNL4035

?PR?_I2C_SENDBYTE?VCNL4035                       -----    -----      -----    -----
  +--> ?PR?_WAIT_MS_I2C?VCNL4035

?PR?I2C_STOP?VCNL4035                            -----    -----      -----    -----
  +--> ?PR?_WAIT_MS_I2C?VCNL4035

?PR?_DISPLAY_LINE?LCD_DRIVER_SPLC780D            -----    -----      -----    -----
  +--> ?PR?_COMMAND?LCD_DRIVER_SPLC780D

?PR?_WRITEDATA?LCD_DRIVER_SPLC780D               -----    -----      03EEH    0001H
  +--> ?PR?_WAIT_MS?LCD_DRIVER_SPLC780D

?PR?KEY_PROCESS?KEYPAD                           -----    -----      03E4H    0006H
  +--> ?PR?KEY_SCAN?KEYPAD
  +--> ?PR?_SPI_WRITETIME?PCF85063BTL
  +--> ?PR?LCD_CLEAR?LCD_DRIVER_SPLC780D
  +--> ?PR?_COMMAND?LCD_DRIVER_SPLC780D
  +--> ?PR?_WRITEDATA?LCD_DRIVER_SPLC780D

?PR?KEY_SCAN?KEYPAD                              -----    -----      03EAH    0003H

?PR?_SPI_WRITETIME?PCF85063BTL                   -----    -----      -----    -----
  +--> ?PR?_SPI_SENDBYTE?PCF85063BTL

?PR?_SPI_SENDBYTE?PCF85063BTL                    -----    -----      -----    -----
  +--> ?PR?_PCF85063BTL_DELAY?PCF85063BTL

?PR?LCD_CLEAR?LCD_DRIVER_SPLC780D                -----    -----      -----    -----
  +--> ?PR?_COMMAND?LCD_DRIVER_SPLC780D

?PR?_DISPLAY_POS?MAIN                            -----    -----      03E4H    000AH
  +--> ?PR?_ABS?ABS
  +--> ?PR?_WRITEDATA?LCD_DRIVER_SPLC780D

?PR?_DISPLAYLCD?LCD_DRIVER_SPLC780D              -----    -----      03E4H    0001H
  +--> ?PR?_WRITEDATA?LCD_DRIVER_SPLC780D

BL51 BANKED LINKER/LOCATER V6.22                                                      08/22/2018  16:00:41  PAGE 6


?PR?_STEP_MOVE?BIPOLARMOTOR                      0020H.6  0000H.1    0493H    0004H
  +--> ?PR?_WAIT_MS?LCD_DRIVER_SPLC780D

?PR?LCD_RETURN_HOME?LCD_DRIVER_SPLC780D          -----    -----      -----    -----
  +--> ?PR?_COMMAND?LCD_DRIVER_SPLC780D

?PR?_READ_TIME?PCF85063BTL                       -----    -----      03E4H    000FH
  +--> ?PR?_SPI_READTIME?PCF85063BTL

?PR?_SPI_READTIME?PCF85063BTL                    -----    -----      -----    -----
  +--> ?PR?_SPI_SENDBYTE?PCF85063BTL
  +--> ?PR?SPI_RECEIVEBYTE?PCF85063BTL

?PR?SPI_RECEIVEBYTE?PCF85063BTL                  -----    -----      -----    -----
  +--> ?PR?_PCF85063BTL_DELAY?PCF85063BTL

?PR?_UPDATE_POSITION?BIPOLARMOTOR                -----    -----      03E4H    00ABH
  +--> ?PR?_BCDTODEC1?BIPOLARMOTOR
  +--> ?PR?_DAY_OF_YEAR?PCF85063BTL
  +--> ?PR?SUNPOS?SUNPOS
  +--> ?PR?SECOND_ORDER_INTERPOLATE?BIPOLARM...
  +--> ?PR?_MOVE?BIPOLARMOTOR

?PR?_DAY_OF_YEAR?PCF85063BTL                     -----    -----      -----    -----
  +--> ?PR?_BCDTODEC?PCF85063BTL

?PR?SUNPOS?SUNPOS                                -----    -----      048FH    005DH
  +--> ?PR?SIN?SIN
  +--> ?PR?_ATAN2?ATAN2
  +--> ?PR?ASIN?ASIN
  +--> ?PR?ACOS?ACOS

?PR?SIN?SIN                                      0020H.5  0000H.1    04ECH    0004H

?PR?_ATAN2?ATAN2                                 -----    -----      04ECH    0008H
  +--> ?PR?ATAN?ATAN

?PR?ATAN?ATAN                                    0020H.5  0000H.2    04F4H    0004H

?PR?ASIN?ASIN                                    -----    -----      -----    -----
  +--> ?PR?SQRT?SQRT
  +--> ?PR?ATAN?ATAN

?PR?SQRT?SQRT                                    -----    -----      04ECH    0004H

?PR?ACOS?ACOS                                    -----    -----      -----    -----
  +--> ?PR?SQRT?SQRT
  +--> ?PR?ATAN?ATAN

?PR?SECOND_ORDER_INTERPOLATE?BIPOLARM...         -----    -----      048FH    0030H
  +--> ?PR?_POW?POW
  +--> ?PR?_FINDDET3X3?BIPOLARMOTOR

?PR?_POW?POW                                     -----    -----      04BFH    000AH
  +--> ?PR?LOG?LOG
  +--> ?PR?EXP?EXP

BL51 BANKED LINKER/LOCATER V6.22                                                      08/22/2018  16:00:41  PAGE 7


?PR?LOG?LOG                                      0020H.5  0000H.1    04C9H    0004H

?PR?_FINDDET3X3?BIPOLARMOTOR                     -----    -----      04BFH    0024H

?PR?_MOVE?BIPOLARMOTOR                           0020H.5  0000H.1    048FH    0004H
  +--> ?PR?_STEP_MOVE?BIPOLARMOTOR



UNRESOLVED EXTERNAL SYMBOLS:
   AUTO_MODE



SYMBOL TABLE OF MODULE:  .\Obj\GPIO_RTC_Test (MAIN)

  VALUE           TYPE          NAME
  ----------------------------------

  -------         MODULE        MAIN
  C:0000H         SYMBOL        _ICE_DUMMY_
  D:0080H         PUBLIC        P0
  D:0090H         PUBLIC        P1
  D:00A0H         PUBLIC        P2
  D:00B0H         PUBLIC        P3
  D:00C0H         PUBLIC        P4
  D:00C8H         PUBLIC        P5
  X:0540H         SYMBOL        PressedKey
  B:00A8H.7       PUBLIC        EA
  D:00E8H         PUBLIC        P6
  D:00F8H         PUBLIC        P7
  X:0544H         PUBLIC        RX_Data_Uart_Cnt
  D:00A8H         PUBLIC        IE
  D:00B8H         PUBLIC        IP
  B:0098H.0       PUBLIC        RI
  B:0098H.1       PUBLIC        TI
  C:3691H         PUBLIC        Uart
  D:00D8H         PUBLIC        CCON
  C:2739H         PUBLIC        main
  D:0099H         PUBLIC        SBUF
  D:0098H         PUBLIC        SCON
  D:0089H         PUBLIC        TMOD
  D:0088H         PUBLIC        TCON
  B:00B0H.3       PUBLIC        P33
  X:0546H         SYMBOL        KeyCount
  X:0548H         PUBLIC        Rec_data_hour
  X:054BH         PUBLIC        Rec_data_min
  D:008EH         PUBLIC        AUXR
  C:0009H         PUBLIC        tm0_isr
  B:0020H.7       PUBLIC        busy
  D:00E0H         PUBLIC        ACC
  B:00A8H.1       PUBLIC        ET0
  D:008CH         PUBLIC        TH0
  X:054EH         PUBLIC        hour_count
  D:008AH         PUBLIC        TL0
  X:054FH         PUBLIC        min_count
  B:0088H.4       PUBLIC        TR0
BL51 BANKED LINKER/LOCATER V6.22                                                      08/22/2018  16:00:41  PAGE 8


  X:0550H         SYMBOL        KeyNum
  X:0551H         SYMBOL        KeyNum_Old
  C:3860H         PUBLIC        _Display_Prox
  C:2B52H         PUBLIC        _Display_Pos
  X:0552H         PUBLIC        st_time
  D:00D0H         PUBLIC        PSW
  C:3FDDH         PUBLIC        _SendUART1
  -------         PROC          TM0_ISR
  C:0009H         LINE#         53
  C:0009H         LINE#         56
  -------         ENDPROC       TM0_ISR
  -------         PROC          MAIN
  -------         DO            
  X:03CDH         SYMBOL        seconds
  X:03CEH         SYMBOL        mins
  X:03CFH         SYMBOL        hours
  X:03D0H         SYMBOL        days
  X:03D1H         SYMBOL        months
  X:03D2H         SYMBOL        mins1
  X:03D3H         SYMBOL        hours1
  X:03D4H         SYMBOL        mins2
  X:03D5H         SYMBOL        hours2
  X:03D6H         SYMBOL        prox_data
  X:0538H         SYMBOL        KeyCount
  X:053AH         SYMBOL        KeyNum_Old
  X:053BH         SYMBOL        KeyNum
  X:053CH         SYMBOL        PressedKey
  X:03D8H         SYMBOL        prox_flag
  X:03D9H         SYMBOL        count
  X:03DBH         SYMBOL        numStr
  X:03E0H         SYMBOL        current_position
  -------         ENDDO         
  C:2739H         LINE#         58
  C:2739H         LINE#         59
  C:2739H         LINE#         64
  C:273FH         LINE#         66
  C:2744H         LINE#         68
  C:274EH         LINE#         69
  C:2750H         LINE#         70
  C:2752H         LINE#         71
  C:2754H         LINE#         72
  C:275BH         LINE#         81
  C:275EH         LINE#         82
  C:2761H         LINE#         83
  C:2764H         LINE#         85
  C:2767H         LINE#         87
  C:276AH         LINE#         88
  C:276DH         LINE#         89
  C:2770H         LINE#         90
  C:2772H         LINE#         91
  C:2774H         LINE#         92
  C:2776H         LINE#         94
  C:2778H         LINE#         96
  C:277FH         LINE#         98
  C:2786H         LINE#         102
  C:278DH         LINE#         103
  C:2792H         LINE#         104
BL51 BANKED LINKER/LOCATER V6.22                                                      08/22/2018  16:00:41  PAGE 9


  C:2797H         LINE#         105
  C:279CH         LINE#         106
  C:27A1H         LINE#         107
  C:27A6H         LINE#         110
  C:27A6H         LINE#         111
  C:27A6H         LINE#         112
  C:27A9H         LINE#         115
  C:27A9H         LINE#         118
  C:27AEH         LINE#         119
  C:27B3H         LINE#         121
  C:27B8H         LINE#         122
  C:27BDH         LINE#         123
  C:27C2H         LINE#         124
  C:27C7H         LINE#         126
  C:27D8H         LINE#         128
  C:27DFH         LINE#         129
  C:27E7H         LINE#         130
  C:27ECH         LINE#         131
  C:27F4H         LINE#         132
  C:27F9H         LINE#         133
  C:2803H         LINE#         134
  C:2808H         LINE#         135
  C:2810H         LINE#         137
  C:2818H         LINE#         138
  C:281DH         LINE#         139
  C:2827H         LINE#         140
  C:2827H         LINE#         141
  C:2829H         LINE#         142
  C:282BH         LINE#         143
  C:2835H         LINE#         144
  C:2835H         LINE#         145
  C:283AH         LINE#         146
  C:283AH         LINE#         158
  C:2847H         LINE#         159
  C:2847H         LINE#         160
  C:2851H         LINE#         161
  C:2868H         LINE#         162
  C:2868H         LINE#         163
  C:286AH         LINE#         164
  C:286CH         LINE#         166
  C:286CH         LINE#         167
  C:2877H         LINE#         168
  C:2877H         LINE#         169
  C:287CH         LINE#         170
  C:287CH         LINE#         171
  C:2889H         LINE#         172
  C:2889H         LINE#         175
  C:2893H         LINE#         176
  C:28AAH         LINE#         177
  C:28AAH         LINE#         178
  C:28ACH         LINE#         179
  C:28AEH         LINE#         181
  C:28AEH         LINE#         182
  C:28B9H         LINE#         183
  C:28B9H         LINE#         184
  C:28BEH         LINE#         185
  C:28C0H         LINE#         186
BL51 BANKED LINKER/LOCATER V6.22                                                      08/22/2018  16:00:41  PAGE 10


  C:28C0H         LINE#         195
  C:28E2H         LINE#         196
  C:28E2H         LINE#         197
  C:28ECH         LINE#         198
  C:28F2H         LINE#         199
  C:28F4H         LINE#         200
  C:28F6H         LINE#         201
  C:28F8H         LINE#         202
  C:28F8H         LINE#         203
  C:28FBH         LINE#         205
  C:28FBH         LINE#         206
  C:2903H         LINE#         207
  C:290BH         LINE#         208
  C:2913H         LINE#         209
  C:291BH         LINE#         210
  C:2956H         LINE#         214
  C:2963H         LINE#         215
  C:2963H         LINE#         218
  C:297EH         LINE#         219
  C:297EH         LINE#         236
  -------         ENDPROC       MAIN
  -------         PROC          UART
  C:3691H         LINE#         243
  C:369EH         LINE#         245
  C:36A1H         LINE#         246
  C:36A1H         LINE#         247
  C:36AFH         LINE#         248
  C:36B1H         LINE#         249
  C:36C3H         LINE#         250
  C:36D2H         LINE#         251
  C:36DDH         LINE#         252
  C:36DDH         LINE#         255
  C:36EAH         LINE#         256
  C:36F0H         LINE#         257
  C:36F0H         LINE#         258
  C:36F6H         LINE#         259
  C:3704H         LINE#         260
  C:3712H         LINE#         261
  C:371AH         LINE#         266
  C:371AH         LINE#         267
  C:371AH         LINE#         270
  C:371AH         LINE#         271
  C:371DH         LINE#         272
  C:371DH         LINE#         273
  C:371FH         LINE#         274
  C:3721H         LINE#         275
  C:3721H         LINE#         276
  -------         ENDPROC       UART
  -------         PROC          _SENDUART1
  D:0007H         SYMBOL        dat
  C:3FDDH         LINE#         279
  C:3FDDH         LINE#         280
  C:3FDDH         LINE#         281
  C:3FE0H         LINE#         282
  C:3FE2H         LINE#         283
  C:3FE3H         LINE#         284
  C:3FE5H         LINE#         285
BL51 BANKED LINKER/LOCATER V6.22                                                      08/22/2018  16:00:41  PAGE 11


  -------         ENDPROC       _SENDUART1
  -------         PROC          _DISPLAY_PROX
  D:0002H         SYMBOL        dat
  -------         DO            
  X:0579H         SYMBOL        unit
  X:057AH         SYMBOL        ten
  X:057BH         SYMBOL        hundred
  X:057CH         SYMBOL        thousand
  -------         ENDDO         
  C:3860H         LINE#         288
  C:3864H         LINE#         289
  C:3864H         LINE#         291
  C:3870H         LINE#         292
  C:3880H         LINE#         293
  C:389CH         LINE#         294
  C:38CCH         LINE#         295
  C:38D6H         LINE#         296
  C:38E0H         LINE#         297
  C:38EAH         LINE#         298
  C:38F4H         LINE#         300
  -------         ENDPROC       _DISPLAY_PROX
  -------         PROC          _DISPLAY_POS
  X:03E4H         SYMBOL        sign_dat
  -------         DO            
  X:03E8H         SYMBOL        unit
  X:03E9H         SYMBOL        ten
  X:03EAH         SYMBOL        hundred
  D:0003H         SYMBOL        thousand
  X:03EBH         SYMBOL        after_dot
  X:03ECH         SYMBOL        dat
  -------         ENDDO         
  C:2B52H         LINE#         303
  C:2B58H         LINE#         304
  C:2B58H         LINE#         308
  C:2B74H         LINE#         309
  C:2B8EH         LINE#         310
  C:2BB2H         LINE#         312
  C:2BFCH         LINE#         314
  C:2C13H         LINE#         315
  C:2C20H         LINE#         316
  C:2C42H         LINE#         317
  C:2C77H         LINE#         318
  C:2C8FH         LINE#         319
  C:2C8FH         LINE#         321
  C:2C99H         LINE#         322
  C:2CA3H         LINE#         323
  C:2CADH         LINE#         324
  C:2CB2H         LINE#         325
  C:2CBCH         LINE#         326
  C:2CC1H         LINE#         327
  C:2CC6H         LINE#         328
  C:2CC8H         LINE#         329
  C:2CCAH         LINE#         331
  C:2CCAH         LINE#         333
  C:2CCFH         LINE#         334
  C:2CD9H         LINE#         335
  C:2CE3H         LINE#         336
BL51 BANKED LINKER/LOCATER V6.22                                                      08/22/2018  16:00:41  PAGE 12


  C:2CEDH         LINE#         337
  C:2CF2H         LINE#         338
  C:2CFCH         LINE#         339
  C:2D01H         LINE#         340
  C:2D06H         LINE#         342
  C:2D06H         LINE#         344
  -------         ENDPROC       _DISPLAY_POS
  -------         ENDMOD        MAIN

  -------         MODULE        PCF85063BTL
  C:0000H         SYMBOL        _ICE_DUMMY_
  D:0096H         PUBLIC        P2M0
  D:0080H         PUBLIC        P0
  D:0095H         PUBLIC        P2M1
  D:0090H         PUBLIC        P1
  D:00A0H         PUBLIC        P2
  D:00B0H         PUBLIC        P3
  D:00C0H         PUBLIC        P4
  D:00C8H         PUBLIC        P5
  D:00E8H         PUBLIC        P6
  B:00A0H.2       PUBLIC        PCF85063BTL_SDI
  D:00F8H         PUBLIC        P7
  B:00A0H.1       PUBLIC        PCF85063BTL_SCK
  B:00A0H.2       PUBLIC        PCF85063BTL_SDO
  D:00A8H         PUBLIC        IE
  C:3A7AH         PUBLIC        _Read_time
  C:3F1EH         PUBLIC        _PCF85063BTL_Delay
  D:00B8H         PUBLIC        IP
  D:00D8H         PUBLIC        CCON
  C:3981H         PUBLIC        _Day_Of_Year
  C:3E11H         PUBLIC        SPI_ReceiveByte
  D:0098H         PUBLIC        SCON
  D:0088H         PUBLIC        TCON
  C:3F64H         PUBLIC        _BCDtoDec
  B:00A0H.0       PUBLIC        PCF85063BTL_CS
  C:3F53H         PUBLIC        _SPI_ReadTime
  C:3FA4H         PUBLIC        SPI_Init
  C:3EA5H         PUBLIC        _SPI_WriteTime
  C:3DF1H         PUBLIC        _SPI_SendByte
  D:00D0H         PUBLIC        PSW
  C:3F1AH         SYMBOL        L?0047
  -------         PROC          L?0046
  -------         ENDPROC       L?0046
  C:3F1AH         SYMBOL        L?0047
  -------         PROC          _PCF85063BTL_DELAY
  D:0006H         SYMBOL        us
  C:3F1EH         LINE#         8
  C:3F1EH         LINE#         9
  C:3F1EH         LINE#         10
  C:3F28H         LINE#         11
  C:3F28H         LINE#         12
  C:3F29H         LINE#         13
  C:3F2BH         LINE#         14
  -------         ENDPROC       _PCF85063BTL_DELAY
  -------         PROC          _SPI_SENDBYTE
  D:0005H         SYMBOL        dat
  -------         DO            
BL51 BANKED LINKER/LOCATER V6.22                                                      08/22/2018  16:00:41  PAGE 13


  D:0003H         SYMBOL        i
  -------         ENDDO         
  C:3DF1H         LINE#         17
  C:3DF3H         LINE#         18
  C:3DF3H         LINE#         20
  C:3DF5H         LINE#         21
  C:3DF5H         LINE#         22
  C:3DF7H         LINE#         23
  C:3DFBH         LINE#         24
  C:3DFBH         LINE#         25
  C:3DFDH         LINE#         26
  C:3DFFH         LINE#         28
  C:3DFFH         LINE#         29
  C:3E01H         LINE#         30
  C:3E01H         LINE#         31
  C:3E04H         LINE#         32
  C:3E04H         LINE#         33
  C:3E07H         LINE#         34
  C:3E0BH         LINE#         35
  C:3E10H         LINE#         36
  -------         ENDPROC       _SPI_SENDBYTE
  -------         PROC          SPI_RECEIVEBYTE
  -------         DO            
  D:0003H         SYMBOL        i
  D:0005H         SYMBOL        dat
  -------         ENDDO         
  C:3E11H         LINE#         39
  C:3E11H         LINE#         40
  C:3E11H         LINE#         42
  C:3E13H         LINE#         44
  C:3E15H         LINE#         45
  C:3E16H         LINE#         46
  C:3E16H         LINE#         47
  C:3E1AH         LINE#         48
  C:3E1CH         LINE#         49
  C:3E1FH         LINE#         51
  C:3E22H         LINE#         52
  C:3E22H         LINE#         53
  C:3E26H         LINE#         54
  C:3E26H         LINE#         55
  C:3E26H         LINE#         56
  C:3E29H         LINE#         57
  C:3E2EH         LINE#         58
  C:3E30H         LINE#         59
  -------         ENDPROC       SPI_RECEIVEBYTE
  -------         PROC          _SPI_READTIME
  D:0007H         SYMBOL        addr
  -------         DO            
  D:0006H         SYMBOL        dat
  -------         ENDDO         
  C:3F53H         LINE#         61
  C:3F53H         LINE#         62
  C:3F53H         LINE#         64
  C:3F55H         LINE#         65
  C:3F57H         LINE#         66
  C:3F5EH         LINE#         67
  C:3F61H         LINE#         68
BL51 BANKED LINKER/LOCATER V6.22                                                      08/22/2018  16:00:41  PAGE 14


  C:3F63H         LINE#         69
  C:3F63H         LINE#         70
  -------         ENDPROC       _SPI_READTIME
  -------         PROC          _SPI_WRITETIME
  D:0002H         SYMBOL        val
  D:0005H         SYMBOL        addr
  C:3EA5H         LINE#         71
  C:3EA7H         LINE#         72
  C:3EA7H         LINE#         74
  C:3EA9H         LINE#         75
  C:3EB0H         LINE#         76
  C:3EB5H         LINE#         77
  C:3EBAH         LINE#         78
  C:3EBCH         LINE#         79
  -------         ENDPROC       _SPI_WRITETIME
  -------         PROC          SPI_INIT
  C:3FA4H         LINE#         83
  C:3FA4H         LINE#         84
  C:3FA4H         LINE#         89
  C:3FA7H         LINE#         90
  C:3FAAH         LINE#         91
  C:3FACH         LINE#         92
  C:3FAEH         LINE#         93
  C:3FB0H         LINE#         94
  -------         ENDPROC       SPI_INIT
  -------         PROC          _READ_TIME
  X:03E4H         SYMBOL        months
  X:03E7H         SYMBOL        days
  X:03EAH         SYMBOL        hours
  X:03EDH         SYMBOL        mins
  X:03F0H         SYMBOL        seconds
  C:3A7AH         LINE#         96
  C:3A85H         LINE#         97
  C:3A85H         LINE#         99
  C:3A99H         LINE#         101
  C:3AADH         LINE#         103
  C:3AC1H         LINE#         108
  C:3AD5H         LINE#         113
  -------         ENDPROC       _READ_TIME
  -------         PROC          _BCDTODEC
  D:0007H         SYMBOL        bcd
  -------         DO            
  D:0006H         SYMBOL        hi
  D:0007H         SYMBOL        lo
  -------         ENDDO         
  C:3F64H         LINE#         119
  C:3F64H         LINE#         120
  C:3F64H         LINE#         122
  C:3F69H         LINE#         123
  C:3F6DH         LINE#         124
  C:3F74H         LINE#         125
  -------         ENDPROC       _BCDTODEC
  -------         PROC          _DAY_OF_YEAR
  D:0007H         SYMBOL        months_bcd
  D:0005H         SYMBOL        days_bcd
  -------         DO            
  D:0004H         SYMBOL        months
BL51 BANKED LINKER/LOCATER V6.22                                                      08/22/2018  16:00:41  PAGE 15


  D:0007H         SYMBOL        days
  -------         ENDDO         
  C:3981H         LINE#         126
  C:3981H         LINE#         127
  C:3981H         LINE#         130
  C:3986H         LINE#         132
  C:398BH         LINE#         134
  C:39C4H         LINE#         135
  C:39C4H         LINE#         136
  C:39C4H         LINE#         137
  C:39C7H         LINE#         138
  C:39C7H         LINE#         139
  C:39C7H         LINE#         140
  C:39CCH         LINE#         141
  C:39CCH         LINE#         142
  C:39CCH         LINE#         143
  C:39D1H         LINE#         144
  C:39D1H         LINE#         145
  C:39D1H         LINE#         146
  C:39D6H         LINE#         147
  C:39D6H         LINE#         148
  C:39D6H         LINE#         149
  C:39DBH         LINE#         150
  C:39DBH         LINE#         151
  C:39DBH         LINE#         152
  C:39E0H         LINE#         153
  C:39E0H         LINE#         154
  C:39E0H         LINE#         155
  C:39E5H         LINE#         156
  C:39E5H         LINE#         157
  C:39E5H         LINE#         158
  C:39EAH         LINE#         159
  C:39EAH         LINE#         160
  C:39EAH         LINE#         161
  C:39F2H         LINE#         162
  C:39F2H         LINE#         163
  C:39F2H         LINE#         164
  C:39F7H         LINE#         165
  C:39F7H         LINE#         166
  C:39F7H         LINE#         167
  C:39FCH         LINE#         168
  C:39FCH         LINE#         169
  C:39FCH         LINE#         170
  C:3A04H         LINE#         171
  C:3A04H         LINE#         172
  C:3A04H         LINE#         173
  -------         ENDPROC       _DAY_OF_YEAR
  -------         ENDMOD        PCF85063BTL

  -------         MODULE        UART1
  C:0000H         SYMBOL        _ICE_DUMMY_
  D:0080H         PUBLIC        P0
  D:0090H         PUBLIC        P1
  D:00A0H         PUBLIC        P2
  D:00B0H         PUBLIC        P3
  D:00C0H         PUBLIC        P4
  D:00C8H         PUBLIC        P5
BL51 BANKED LINKER/LOCATER V6.22                                                      08/22/2018  16:00:41  PAGE 16


  B:00A8H.7       PUBLIC        EA
  D:00E8H         PUBLIC        P6
  D:00F8H         PUBLIC        P7
  C:3D21H         PUBLIC        _SendString
  D:00A8H         PUBLIC        IE
  B:00A8H.4       PUBLIC        ES
  D:00B8H         PUBLIC        IP
  C:3ED5H         PUBLIC        _ASCIItoBCD
  D:00D8H         PUBLIC        CCON
  C:3F75H         PUBLIC        initUART1
  D:0098H         PUBLIC        SCON
  D:0088H         PUBLIC        TCON
  C:000AH         PUBLIC        _DectoBCD
  C:3FF7H         PUBLIC        _ASCII_Letter
  D:008EH         PUBLIC        AUXR
  C:3FF2H         PUBLIC        _unit
  C:0003H         PUBLIC        _ten
  D:00D6H         PUBLIC        T2H
  D:00D7H         PUBLIC        T2L
  D:00D0H         PUBLIC        PSW
  -------         PROC          INITUART1
  C:3F75H         LINE#         21
  C:3F75H         LINE#         22
  C:3F75H         LINE#         23
  C:3F78H         LINE#         24
  C:3F7BH         LINE#         25
  C:3F7EH         LINE#         26
  C:3F81H         LINE#         27
  C:3F83H         LINE#         28
  C:3F85H         LINE#         30
  -------         ENDPROC       INITUART1
  -------         PROC          _SENDSTRING
  X:057DH         SYMBOL        s
  C:3D21H         LINE#         35
  C:3D2CH         LINE#         36
  C:3D2CH         LINE#         37
  C:3D3CH         LINE#         38
  C:3D3CH         LINE#         39
  C:3D51H         LINE#         40
  C:3D53H         LINE#         41
  -------         ENDPROC       _SENDSTRING
  -------         PROC          _TEN
  D:0007H         SYMBOL        BCD
  C:0003H         LINE#         43
  C:0003H         LINE#         44
  C:0003H         LINE#         45
  C:0008H         LINE#         46
  -------         ENDPROC       _TEN
  -------         PROC          _UNIT
  D:0007H         SYMBOL        BCD
  C:3FF2H         LINE#         47
  C:3FF2H         LINE#         48
  C:3FF2H         LINE#         52
  C:3FF6H         LINE#         53
  -------         ENDPROC       _UNIT
  -------         PROC          _DECTOBCD
  D:0007H         SYMBOL        dec
BL51 BANKED LINKER/LOCATER V6.22                                                      08/22/2018  16:00:41  PAGE 17


  C:000AH         LINE#         54
  C:000AH         LINE#         55
  C:000AH         LINE#         57
  C:000AH         LINE#         58
  -------         ENDPROC       _DECTOBCD
  -------         PROC          _ASCII_LETTER
  D:0007H         SYMBOL        dat
  C:3FF7H         LINE#         60
  C:3FF7H         LINE#         61
  C:3FF7H         LINE#         63
  C:3FFBH         LINE#         64
  -------         ENDPROC       _ASCII_LETTER
  -------         PROC          _ASCIITOBCD
  D:0001H         SYMBOL        ascii
  -------         DO            
  D:0007H         SYMBOL        dec_val
  D:0006H         SYMBOL        ten
  D:0007H         SYMBOL        unit
  -------         ENDDO         
  C:3ED5H         LINE#         66
  C:3ED5H         LINE#         67
  C:3ED5H         LINE#         69
  C:3ED8H         LINE#         70
  C:3EDEH         LINE#         71
  C:3EE5H         LINE#         72
  C:3EEBH         LINE#         74
  -------         ENDPROC       _ASCIITOBCD
  -------         ENDMOD        UART1

  -------         MODULE        LCD_DRIVER_SPLC780D
  C:0000H         SYMBOL        _ICE_DUMMY_
  D:0092H         PUBLIC        P1M0
  D:0091H         PUBLIC        P1M1
  D:0080H         PUBLIC        P0
  D:0090H         PUBLIC        P1
  D:00A0H         PUBLIC        P2
  D:00B0H         PUBLIC        P3
  D:00C0H         PUBLIC        P4
  D:00C8H         PUBLIC        P5
  D:00E8H         PUBLIC        P6
  D:00F8H         PUBLIC        P7
  C:3A05H         PUBLIC        _WriteData
  D:00A8H         PUBLIC        IE
  D:00B8H         PUBLIC        IP
  D:00D8H         PUBLIC        CCON
  B:0090H.4       PUBLIC        LCD_D4
  B:0090H.5       PUBLIC        LCD_D5
  B:0090H.6       PUBLIC        LCD_D6
  C:3E6DH         PUBLIC        _DisplayLCD
  B:0090H.7       PUBLIC        LCD_D7
  D:0098H         PUBLIC        SCON
  D:0088H         PUBLIC        TCON
  C:3FD3H         PUBLIC        LCD_clear
  C:3C72H         PUBLIC        _Command
  C:000EH         PUBLIC        _Display_Line
  C:3AE9H         PUBLIC        LCD_Init
  C:3DB1H         PUBLIC        _Wait_ms
BL51 BANKED LINKER/LOCATER V6.22                                                      08/22/2018  16:00:41  PAGE 18


  B:0090H.1       PUBLIC        LCD_RS
  B:0090H.2       PUBLIC        LCD_RW
  C:3FC9H         PUBLIC        LCD_return_home
  B:0090H.3       PUBLIC        LCD_E
  D:00D0H         PUBLIC        PSW
  -------         PROC          LCD_INIT
  C:3AE9H         LINE#         9
  C:3AE9H         LINE#         10
  C:3AE9H         LINE#         11
  C:3AECH         LINE#         12
  C:3AEFH         LINE#         14
  C:3AF5H         LINE#         15
  C:3AFAH         LINE#         17
  C:3B01H         LINE#         18
  C:3B06H         LINE#         20
  C:3B09H         LINE#         21
  C:3B0EH         LINE#         23
  C:3B11H         LINE#         24
  C:3B16H         LINE#         26
  C:3B1DH         LINE#         29
  C:3B22H         LINE#         30
  C:3B27H         LINE#         32
  C:3B2CH         LINE#         33
  C:3B31H         LINE#         35
  C:3B36H         LINE#         36
  C:3B3BH         LINE#         37
  -------         ENDPROC       LCD_INIT
  -------         PROC          _WRITEDATA
  X:03EEH         SYMBOL        dat
  C:3A05H         LINE#         40
  C:3A0AH         LINE#         41
  C:3A0AH         LINE#         46
  C:3A0CH         LINE#         47
  C:3A0EH         LINE#         49
  C:3A1CH         LINE#         50
  C:3A28H         LINE#         51
  C:3A34H         LINE#         52
  C:3A3EH         LINE#         53
  C:3A40H         LINE#         54
  C:3A47H         LINE#         55
  C:3A49H         LINE#         57
  C:3A59H         LINE#         58
  C:3A64H         LINE#         59
  C:3A6EH         LINE#         60
  C:3A72H         LINE#         62
  C:3A72H         LINE#         63
  C:3A75H         LINE#         64
  C:3A77H         LINE#         65
  C:3A79H         LINE#         67
  -------         ENDPROC       _WRITEDATA
  -------         PROC          _COMMAND
  D:0007H         SYMBOL        dat
  C:3C72H         LINE#         69
  C:3C72H         LINE#         70
  C:3C72H         LINE#         71
  C:3C74H         LINE#         72
  C:3C76H         LINE#         74
BL51 BANKED LINKER/LOCATER V6.22                                                      08/22/2018  16:00:41  PAGE 19


  C:3C80H         LINE#         75
  C:3C84H         LINE#         77
  C:3C86H         LINE#         78
  C:3C8FH         LINE#         79
  C:3C93H         LINE#         81
  C:3C95H         LINE#         82
  C:3C9CH         LINE#         83
  C:3CA0H         LINE#         85
  C:3CA2H         LINE#         86
  C:3CA6H         LINE#         87
  C:3CAAH         LINE#         89
  C:3CACH         LINE#         90
  C:3CACH         LINE#         91
  C:3CAFH         LINE#         92
  C:3CB1H         LINE#         93
  -------         ENDPROC       _COMMAND
  C:3DADH         SYMBOL        L?0028
  -------         PROC          L?0027
  -------         ENDPROC       L?0027
  C:3DADH         SYMBOL        L?0028
  -------         PROC          _WAIT_MS
  D:0006H         SYMBOL        ms
  -------         DO            
  D:0004H         SYMBOL        De_Cnt
  -------         ENDDO         
  C:3DB1H         LINE#         95
  C:3DB1H         LINE#         96
  C:3DB1H         LINE#         98
  C:3DBBH         LINE#         99
  C:3DBBH         LINE#         100
  C:3DCEH         LINE#         101
  C:3DCEH         LINE#         102
  -------         ENDPROC       _WAIT_MS
  -------         PROC          _DISPLAYLCD
  D:0007H         SYMBOL        BCD
  -------         DO            
  D:0006H         SYMBOL        first_digit
  X:03E4H         SYMBOL        second_digit
  -------         ENDDO         
  C:3E6DH         LINE#         103
  C:3E6DH         LINE#         104
  C:3E6DH         LINE#         106
  C:3E74H         LINE#         107
  C:3E7DH         LINE#         109
  C:3E82H         LINE#         111
  -------         ENDPROC       _DISPLAYLCD
  -------         PROC          LCD_RETURN_HOME
  C:3FC9H         LINE#         115
  C:3FC9H         LINE#         116
  C:3FC9H         LINE#         117
  C:3FCEH         LINE#         118
  -------         ENDPROC       LCD_RETURN_HOME
  -------         PROC          LCD_CLEAR
  C:3FD3H         LINE#         121
  C:3FD3H         LINE#         122
  C:3FD3H         LINE#         123
  C:3FD8H         LINE#         124
BL51 BANKED LINKER/LOCATER V6.22                                                      08/22/2018  16:00:41  PAGE 20


  -------         ENDPROC       LCD_CLEAR
  -------         PROC          _DISPLAY_LINE
  D:0006H         SYMBOL        line
  C:000EH         LINE#         128
  C:000EH         LINE#         129
  C:000EH         LINE#         130
  C:0014H         LINE#         131
  C:0014H         LINE#         132
  C:0016H         LINE#         133
  C:0016H         LINE#         134
  C:0018H         LINE#         136
  C:0018H         LINE#         137
  C:001DH         LINE#         138
  C:0022H         LINE#         139
  C:0022H         LINE#         140
  -------         ENDPROC       _DISPLAY_LINE
  -------         ENDMOD        LCD_DRIVER_SPLC780D

  -------         MODULE        KEYPAD
  C:0000H         SYMBOL        _ICE_DUMMY_
  D:0093H         PUBLIC        P0M1
  D:0080H         PUBLIC        P0
  D:0090H         PUBLIC        P1
  D:00A0H         PUBLIC        P2
  D:00B0H         PUBLIC        P3
  D:00C0H         PUBLIC        P4
  D:00C8H         PUBLIC        P5
  D:00E8H         PUBLIC        P6
  D:00F8H         PUBLIC        P7
  D:00A8H         PUBLIC        IE
  C:2D07H         PUBLIC        Key_Scan
  D:00B8H         PUBLIC        IP
  D:00D8H         PUBLIC        CCON
  C:3FB1H         PUBLIC        KeyPad_IO_Init
  C:3E31H         PUBLIC        _Delay_ms
  D:0098H         PUBLIC        SCON
  D:0088H         PUBLIC        TCON
  B:0020H.0       PUBLIC        small_move
  B:0020H.1       PUBLIC        move
  B:0020H.2       PUBLIC        direction
  B:0020H.3       PUBLIC        auto_move
  C:2499H         PUBLIC        Key_Process
  D:00D0H         PUBLIC        PSW
  D:0094H         PUBLIC        P0M0
  -------         PROC          _DELAY_MS
  D:0006H         SYMBOL        ms
  -------         DO            
  D:0004H         SYMBOL        De_Cnt
  -------         ENDDO         
  C:3E31H         LINE#         19
  C:3E31H         LINE#         20
  C:3E31H         LINE#         22
  C:3E3BH         LINE#         23
  C:3E3BH         LINE#         24
  C:3E4EH         LINE#         25
  C:3E4EH         LINE#         26
  -------         ENDPROC       _DELAY_MS
BL51 BANKED LINKER/LOCATER V6.22                                                      08/22/2018  16:00:41  PAGE 21


  -------         PROC          KEY_SCAN
  -------         DO            
  X:03EAH         SYMBOL        KeyTemp1
  X:03EBH         SYMBOL        KeyTemp2
  X:03ECH         SYMBOL        KeyValue
  -------         ENDDO         
  C:2D07H         LINE#         27
  C:2D07H         LINE#         28
  C:2D07H         LINE#         33
  C:2D0AH         LINE#         36
  C:2D0DH         LINE#         38
  C:2D15H         LINE#         39
  C:2D1CH         LINE#         40
  C:2D1CH         LINE#         42
  C:2D21H         LINE#         43
  C:2D28H         LINE#         44
  C:2D28H         LINE#         47
  C:2D2BH         LINE#         48
  C:2D2EH         LINE#         49
  C:2D33H         LINE#         50
  C:2D37H         LINE#         51
  C:2D37H         LINE#         52
  C:2D3FH         LINE#         53
  C:2D3FH         LINE#         54
  C:2D42H         LINE#         55
  C:2D4AH         LINE#         56
  C:2D4CH         LINE#         58
  C:2D60H         LINE#         59
  C:2D60H         LINE#         60
  C:2D60H         LINE#         61
  C:2D60H         LINE#         62
  C:2D66H         LINE#         64
  C:2D68H         LINE#         65
  C:2D68H         LINE#         66
  C:2D68H         LINE#         67
  C:2D6EH         LINE#         69
  C:2D70H         LINE#         70
  C:2D70H         LINE#         71
  C:2D70H         LINE#         72
  C:2D76H         LINE#         74
  C:2D78H         LINE#         75
  C:2D78H         LINE#         76
  C:2D78H         LINE#         77
  C:2D7EH         LINE#         79
  C:2D7EH         LINE#         80
  C:2D7EH         LINE#         81
  C:2D7EH         LINE#         84
  C:2D81H         LINE#         85
  C:2D84H         LINE#         86
  C:2D8CH         LINE#         87
  C:2D90H         LINE#         88
  C:2D90H         LINE#         89
  C:2D98H         LINE#         90
  C:2D98H         LINE#         91
  C:2D9BH         LINE#         92
  C:2DA3H         LINE#         93
  C:2DA5H         LINE#         94
BL51 BANKED LINKER/LOCATER V6.22                                                      08/22/2018  16:00:41  PAGE 22


  C:2DB9H         LINE#         95
  C:2DB9H         LINE#         96
  C:2DB9H         LINE#         97
  C:2DB9H         LINE#         98
  C:2DBFH         LINE#         100
  C:2DC1H         LINE#         101
  C:2DC1H         LINE#         102
  C:2DC1H         LINE#         103
  C:2DC7H         LINE#         105
  C:2DC9H         LINE#         106
  C:2DC9H         LINE#         107
  C:2DC9H         LINE#         108
  C:2DCFH         LINE#         110
  C:2DD1H         LINE#         111
  C:2DD1H         LINE#         112
  C:2DD1H         LINE#         113
  C:2DD6H         LINE#         115
  C:2DD6H         LINE#         116
  C:2DD6H         LINE#         117
  C:2DD6H         LINE#         120
  C:2DD9H         LINE#         121
  C:2DDCH         LINE#         122
  C:2DE4H         LINE#         123
  C:2DE8H         LINE#         124
  C:2DE8H         LINE#         125
  C:2DF0H         LINE#         126
  C:2DF0H         LINE#         127
  C:2DF3H         LINE#         128
  C:2DFBH         LINE#         129
  C:2DFDH         LINE#         130
  C:2E11H         LINE#         131
  C:2E11H         LINE#         132
  C:2E11H         LINE#         133
  C:2E11H         LINE#         134
  C:2E17H         LINE#         136
  C:2E19H         LINE#         137
  C:2E19H         LINE#         138
  C:2E19H         LINE#         139
  C:2E1FH         LINE#         141
  C:2E21H         LINE#         142
  C:2E21H         LINE#         143
  C:2E21H         LINE#         144
  C:2E27H         LINE#         146
  C:2E29H         LINE#         147
  C:2E29H         LINE#         148
  C:2E29H         LINE#         149
  C:2E2FH         LINE#         151
  C:2E2FH         LINE#         152
  C:2E2FH         LINE#         153
  C:2E2FH         LINE#         157
  C:2E32H         LINE#         158
  C:2E35H         LINE#         159
  C:2E3DH         LINE#         160
  C:2E41H         LINE#         161
  C:2E41H         LINE#         162
  C:2E49H         LINE#         163
  C:2E49H         LINE#         164
BL51 BANKED LINKER/LOCATER V6.22                                                      08/22/2018  16:00:41  PAGE 23


  C:2E4CH         LINE#         165
  C:2E54H         LINE#         166
  C:2E56H         LINE#         167
  C:2E6AH         LINE#         168
  C:2E6AH         LINE#         169
  C:2E6AH         LINE#         170
  C:2E6AH         LINE#         171
  C:2E70H         LINE#         173
  C:2E72H         LINE#         174
  C:2E72H         LINE#         175
  C:2E72H         LINE#         176
  C:2E78H         LINE#         178
  C:2E7AH         LINE#         179
  C:2E7AH         LINE#         180
  C:2E7AH         LINE#         181
  C:2E80H         LINE#         183
  C:2E82H         LINE#         184
  C:2E82H         LINE#         185
  C:2E82H         LINE#         186
  C:2E88H         LINE#         188
  C:2E88H         LINE#         189
  C:2E88H         LINE#         190
  C:2E88H         LINE#         192
  C:2E8EH         LINE#         193
  C:2E8EH         LINE#         195
  C:2E8EH         LINE#         196
  C:2E91H         LINE#         197
  C:2E91H         LINE#         198
  C:2E91H         LINE#         200
  C:2E91H         LINE#         201
  C:2E93H         LINE#         202
  C:2E93H         LINE#         203
  -------         ENDPROC       KEY_SCAN
  -------         PROC          KEY_PROCESS
  -------         DO            
  X:0568H         SYMBOL        KeyCount
  X:056AH         SYMBOL        KeyNum_Old
  X:056BH         SYMBOL        KeyNum
  X:056CH         SYMBOL        PressedKey
  X:03E4H         SYMBOL        d
  D:0004H         SYMBOL        hours
  D:0006H         SYMBOL        mins
  X:03E6H         SYMBOL        months
  X:03E8H         SYMBOL        days
  -------         ENDDO         
  C:2499H         LINE#         204
  C:2499H         LINE#         205
  C:2499H         LINE#         209
  C:24A1H         LINE#         210
  C:24A9H         LINE#         212
  C:24ACH         LINE#         213
  C:24ACH         LINE#         214
  C:24AFH         LINE#         216
  C:24AFH         LINE#         217
  C:24BCH         LINE#         218
  C:24BCH         LINE#         219
  C:24BFH         LINE#         220
BL51 BANKED LINKER/LOCATER V6.22                                                      08/22/2018  16:00:41  PAGE 24


  C:24C2H         LINE#         222
  C:24C5H         LINE#         224
  C:24C5H         LINE#         225
  C:24D0H         LINE#         226
  C:24D0H         LINE#         227
  C:24D3H         LINE#         229
  C:24D3H         LINE#         230
  C:24DAH         LINE#         231
  C:24DAH         LINE#         232
  C:24DDH         LINE#         234
  C:24DDH         LINE#         235
  C:24E5H         LINE#         236
  C:24E5H         LINE#         237
  C:24EFH         LINE#         238
  C:24F7H         LINE#         240
  C:2500H         LINE#         242
  C:2500H         LINE#         251
  C:2515H         LINE#         252
  C:2515H         LINE#         253
  C:2527H         LINE#         254
  C:2535H         LINE#         255
  C:2544H         LINE#         256
  C:2544H         LINE#         258
  C:254AH         LINE#         262
  C:2560H         LINE#         263
  C:2571H         LINE#         264
  C:258CH         LINE#         265
  C:258CH         LINE#         266
  C:259CH         LINE#         267
  C:25ADH         LINE#         268
  C:25ADH         LINE#         272
  C:25C6H         LINE#         273
  C:25DDH         LINE#         274
  C:25FDH         LINE#         275
  C:25FDH         LINE#         276
  C:2607H         LINE#         277
  C:2607H         LINE#         278
  C:2610H         LINE#         279
  C:2610H         LINE#         280
  C:2624H         LINE#         281
  C:2624H         LINE#         282
  C:2624H         LINE#         283
  C:2624H         LINE#         284
  C:2624H         LINE#         285
  C:2626H         LINE#         287
  C:2626H         LINE#         288
  C:2632H         LINE#         289
  C:2632H         LINE#         290
  C:2643H         LINE#         291
  C:2643H         LINE#         292
  C:2643H         LINE#         293
  C:2643H         LINE#         294
  C:2643H         LINE#         296
  C:2645H         LINE#         298
  C:2645H         LINE#         299
  C:2656H         LINE#         300
  C:2656H         LINE#         301
BL51 BANKED LINKER/LOCATER V6.22                                                      08/22/2018  16:00:41  PAGE 25


  C:2656H         LINE#         302
  C:2656H         LINE#         303
  C:2656H         LINE#         305
  C:2656H         LINE#         307
  C:2656H         LINE#         308
  C:2658H         LINE#         310
  C:2658H         LINE#         311
  C:266BH         LINE#         312
  C:266BH         LINE#         313
  C:267CH         LINE#         314
  C:267CH         LINE#         315
  C:267CH         LINE#         316
  C:267CH         LINE#         317
  C:267CH         LINE#         318
  C:267EH         LINE#         320
  C:267EH         LINE#         321
  C:268FH         LINE#         322
  C:268FH         LINE#         323
  C:26A0H         LINE#         324
  C:26B1H         LINE#         325
  C:26B1H         LINE#         326
  C:26B1H         LINE#         327
  C:26B1H         LINE#         328
  C:26B1H         LINE#         329
  C:26B4H         LINE#         330
  C:26B9H         LINE#         331
  C:26BEH         LINE#         332
  C:26C3H         LINE#         333
  C:26C8H         LINE#         334
  C:26CDH         LINE#         335
  C:26D2H         LINE#         336
  C:26D7H         LINE#         337
  C:26D7H         LINE#         339
  C:26F9H         LINE#         340
  C:26F9H         LINE#         341
  C:2703H         LINE#         342
  C:2703H         LINE#         343
  C:2708H         LINE#         344
  C:2711H         LINE#         345
  C:2728H         LINE#         346
  C:2728H         LINE#         347
  C:2738H         LINE#         349
  C:2738H         LINE#         353
  -------         ENDPROC       KEY_PROCESS
  -------         PROC          KEYPAD_IO_INIT
  C:3FB1H         LINE#         356
  C:3FB1H         LINE#         357
  C:3FB1H         LINE#         358
  C:3FB4H         LINE#         359
  C:3FB7H         LINE#         360
  C:3FBAH         LINE#         361
  C:3FBCH         LINE#         362
  -------         ENDPROC       KEYPAD_IO_INIT
  -------         ENDMOD        KEYPAD

  -------         MODULE        VCNL4035
  C:0000H         SYMBOL        _ICE_DUMMY_
BL51 BANKED LINKER/LOCATER V6.22                                                      08/22/2018  16:00:41  PAGE 26


  D:0080H         PUBLIC        P0
  B:00B0H.2       PUBLIC        I2C_SCK
  D:00B2H         PUBLIC        P3M0
  D:0090H         PUBLIC        P1
  D:00B1H         PUBLIC        P3M1
  D:00A0H         PUBLIC        P2
  D:00B0H         PUBLIC        P3
  D:00C0H         PUBLIC        P4
  D:00C8H         PUBLIC        P5
  D:00E8H         PUBLIC        P6
  D:00F8H         PUBLIC        P7
  D:00A8H         PUBLIC        IE
  C:3FECH         PUBLIC        _DisplayLCD_VCNL4035
  D:00B8H         PUBLIC        IP
  D:00D8H         PUBLIC        CCON
  C:3F40H         PUBLIC        I2C_Start
  D:0098H         PUBLIC        SCON
  C:3EECH         PUBLIC        I2C_Init
  D:0088H         PUBLIC        TCON
  C:3F86H         PUBLIC        uC_NACK
  C:3D8DH         PUBLIC        _Wait_ms_i2c
  C:3DCFH         PUBLIC        _I2C_SendByte
  C:3F03H         PUBLIC        I2C_Stop
  C:3BE5H         PUBLIC        _Write_VCNL4035X
  C:3FFCH         PUBLIC        nop
  C:372CH         PUBLIC        _Read_VCNL4035
  C:3FE6H         PUBLIC        uC_ACK
  C:3E8FH         PUBLIC        I2C_ACK
  C:3E4FH         PUBLIC        _Wait_ms_iic
  B:00B0H.1       PUBLIC        I2C_SDA
  D:00D0H         PUBLIC        PSW
  C:3D5AH         PUBLIC        I2C_ReceiveByte
  -------         PROC          _WAIT_MS_IIC
  D:0006H         SYMBOL        ms
  -------         DO            
  D:0004H         SYMBOL        De_Cnt
  -------         ENDDO         
  C:3E4FH         LINE#         5
  C:3E4FH         LINE#         6
  C:3E4FH         LINE#         8
  C:3E59H         LINE#         9
  C:3E59H         LINE#         10
  C:3E6CH         LINE#         11
  C:3E6CH         LINE#         12
  -------         ENDPROC       _WAIT_MS_IIC
  C:3D87H         SYMBOL        L?0048
  C:3D89H         SYMBOL        L?0049
  -------         PROC          L?0047
  -------         ENDPROC       L?0047
  C:3D87H         SYMBOL        L?0048
  C:3D89H         SYMBOL        L?0049
  -------         PROC          _WAIT_MS_I2C
  D:0006H         SYMBOL        ms
  -------         DO            
  D:0004H         SYMBOL        De_Cnt
  -------         ENDDO         
  C:3D8DH         LINE#         14
BL51 BANKED LINKER/LOCATER V6.22                                                      08/22/2018  16:00:41  PAGE 27


  C:3D8DH         LINE#         15
  C:3D8DH         LINE#         17
  C:3D97H         LINE#         18
  C:3D97H         LINE#         19
  C:3DAAH         LINE#         20
  C:3DAAH         LINE#         21
  -------         ENDPROC       _WAIT_MS_I2C
  -------         PROC          NOP
  C:3FFCH         LINE#         22
  C:3FFCH         LINE#         23
  C:3FFCH         LINE#         25
  -------         ENDPROC       NOP
  -------         PROC          I2C_START
  C:3F40H         LINE#         26
  C:3F40H         LINE#         27
  C:3F40H         LINE#         29
  C:3F42H         LINE#         30
  C:3F44H         LINE#         31
  C:3F4BH         LINE#         32
  C:3F4DH         LINE#         33
  C:3F50H         LINE#         34
  C:3F52H         LINE#         37
  -------         ENDPROC       I2C_START
  -------         PROC          I2C_STOP
  C:3F03H         LINE#         39
  C:3F03H         LINE#         40
  C:3F03H         LINE#         41
  C:3F05H         LINE#         42
  C:3F07H         LINE#         43
  C:3F0AH         LINE#         44
  C:3F0CH         LINE#         45
  C:3F0EH         LINE#         46
  C:3F15H         LINE#         47
  C:3F17H         LINE#         50
  -------         ENDPROC       I2C_STOP
  -------         PROC          L?0050
  -------         ENDPROC       L?0050
  -------         PROC          I2C_ACK
  -------         DO            
  X:03E7H         SYMBOL        i
  D:0003H         SYMBOL        dat
  -------         ENDDO         
  C:3E8FH         LINE#         52
  C:3E8FH         LINE#         53
  C:3E8FH         LINE#         55
  C:3E90H         LINE#         60
  C:3E93H         LINE#         61
  C:3E95H         LINE#         62
  C:3E98H         LINE#         64
  C:3E9BH         LINE#         65
  C:3E9BH         LINE#         66
  C:3E9FH         LINE#         67
  C:3E9FH         LINE#         70
  C:3E9FH         LINE#         71
  C:3EA2H         LINE#         72
  C:3EA2H         LINE#         73
  C:3EA4H         LINE#         74
BL51 BANKED LINKER/LOCATER V6.22                                                      08/22/2018  16:00:41  PAGE 28


  -------         ENDPROC       I2C_ACK
  -------         PROC          UC_ACK
  -------         DO            
  X:0580H         SYMBOL        i
  -------         ENDDO         
  C:3FE6H         LINE#         75
  C:3FE6H         LINE#         76
  C:3FE6H         LINE#         78
  C:3FE6H         LINE#         85
  C:3FE6H         LINE#         87
  C:3FE6H         LINE#         89
  C:3FE6H         LINE#         90
  C:3FE6H         LINE#         93
  C:3FE9H         LINE#         94
  C:3FEBH         LINE#         95
  C:3FEBH         LINE#         99
  -------         ENDPROC       UC_ACK
  -------         PROC          UC_NACK
  -------         DO            
  X:0581H         SYMBOL        i
  -------         ENDDO         
  C:3F86H         LINE#         101
  C:3F86H         LINE#         102
  C:3F86H         LINE#         104
  C:3F86H         LINE#         108
  C:3F88H         LINE#         111
  C:3F88H         LINE#         112
  C:3F8AH         LINE#         113
  C:3F8AH         LINE#         115
  C:3F8AH         LINE#         116
  C:3F8AH         LINE#         119
  C:3F8DH         LINE#         120
  C:3F8FH         LINE#         121
  C:3F92H         LINE#         122
  C:3F94H         LINE#         123
  C:3F94H         LINE#         127
  -------         ENDPROC       UC_NACK
  -------         PROC          I2C_INIT
  C:3EECH         LINE#         129
  C:3EECH         LINE#         130
  C:3EECH         LINE#         133
  C:3EEFH         LINE#         134
  C:3EF2H         LINE#         139
  C:3EFAH         LINE#         141
  -------         ENDPROC       I2C_INIT
  -------         PROC          _I2C_SENDBYTE
  D:0001H         SYMBOL        dat
  -------         DO            
  D:0003H         SYMBOL        i
  -------         ENDDO         
  C:3DCFH         LINE#         145
  C:3DD1H         LINE#         146
  C:3DD1H         LINE#         149
  C:3DD3H         LINE#         150
  C:3DD3H         LINE#         151
  C:3DD5H         LINE#         153
  C:3DD9H         LINE#         154
BL51 BANKED LINKER/LOCATER V6.22                                                      08/22/2018  16:00:41  PAGE 29


  C:3DD9H         LINE#         155
  C:3DDBH         LINE#         156
  C:3DDDH         LINE#         158
  C:3DDDH         LINE#         159
  C:3DDFH         LINE#         160
  C:3DDFH         LINE#         161
  C:3DE2H         LINE#         162
  C:3DE4H         LINE#         164
  C:3DE8H         LINE#         165
  C:3DEBH         LINE#         166
  C:3DF0H         LINE#         167
  -------         ENDPROC       _I2C_SENDBYTE
  -------         PROC          L?0051
  -------         ENDPROC       L?0051
  -------         PROC          I2C_RECEIVEBYTE
  -------         DO            
  D:0003H         SYMBOL        i
  D:0001H         SYMBOL        dat
  -------         ENDDO         
  C:3D5AH         LINE#         171
  C:3D5AH         LINE#         172
  C:3D5AH         LINE#         174
  C:3D5CH         LINE#         178
  C:3D5DH         LINE#         179
  C:3D5DH         LINE#         180
  C:3D61H         LINE#         181
  C:3D63H         LINE#         182
  C:3D66H         LINE#         184
  C:3D69H         LINE#         185
  C:3D69H         LINE#         186
  C:3D6DH         LINE#         187
  C:3D6DH         LINE#         188
  C:3D6DH         LINE#         189
  C:3D70H         LINE#         190
  C:3D74H         LINE#         191
  C:3D74H         LINE#         192
  C:3D76H         LINE#         193
  C:3D78H         LINE#         194
  C:3D78H         LINE#         196
  C:3D7DH         LINE#         197
  C:3D7FH         LINE#         198
  -------         ENDPROC       I2C_RECEIVEBYTE
  -------         PROC          _WRITE_VCNL4035X
  X:03E4H         SYMBOL        command_code
  X:03E5H         SYMBOL        dat_h
  X:03E6H         SYMBOL        dat_l
  C:3BE5H         LINE#         199
  C:3BF0H         LINE#         200
  C:3BF0H         LINE#         201
  C:3BF3H         LINE#         202
  C:3BFAH         LINE#         203
  C:3BFAH         LINE#         204
  C:3C00H         LINE#         205
  C:3C00H         LINE#         206
  C:3C08H         LINE#         207
  C:3C08H         LINE#         208
  C:3C0EH         LINE#         209
BL51 BANKED LINKER/LOCATER V6.22                                                      08/22/2018  16:00:41  PAGE 30


  C:3C16H         LINE#         211
  C:3C1CH         LINE#         212
  C:3C24H         LINE#         214
  C:3C2AH         LINE#         215
  C:3C2DH         LINE#         216
  -------         ENDPROC       _WRITE_VCNL4035X
  -------         PROC          _READ_VCNL4035
  X:0571H         SYMBOL        command_code
  -------         DO            
  X:0573H         SYMBOL        temp_dat
  X:0575H         SYMBOL        temp_dat_l
  X:0577H         SYMBOL        temp_dat_h
  -------         ENDDO         
  C:372CH         LINE#         218
  C:3734H         LINE#         219
  C:3734H         LINE#         220
  C:3741H         LINE#         222
  C:3744H         LINE#         223
  C:3747H         LINE#         224
  C:374CH         LINE#         226
  C:3752H         LINE#         227
  C:3752H         LINE#         228
  C:3752H         LINE#         229
  C:3752H         LINE#         230
  C:375DH         LINE#         231
  C:3760H         LINE#         232
  C:3763H         LINE#         233
  C:3763H         LINE#         236
  C:3766H         LINE#         238
  C:376DH         LINE#         239
  C:376DH         LINE#         240
  C:376DH         LINE#         241
  C:3778H         LINE#         242
  C:377BH         LINE#         243
  C:377EH         LINE#         244
  C:3781H         LINE#         245
  C:3784H         LINE#         246
  C:3787H         LINE#         247
  C:378AH         LINE#         248
  C:378DH         LINE#         249
  C:3790H         LINE#         250
  C:3790H         LINE#         251
  C:3796H         LINE#         252
  C:3796H         LINE#         253
  C:379FH         LINE#         255
  C:379FH         LINE#         256
  C:37A5H         LINE#         257
  C:37A5H         LINE#         259
  C:37A7H         LINE#         260
  C:37ADH         LINE#         261
  C:37B0H         LINE#         262
  C:37B7H         LINE#         263
  C:37B7H         LINE#         264
  C:37C5H         LINE#         265
  -------         ENDPROC       _READ_VCNL4035
  -------         PROC          _DISPLAYLCD_VCNL4035
  X:0582H         SYMBOL        dat
BL51 BANKED LINKER/LOCATER V6.22                                                      08/22/2018  16:00:41  PAGE 31


  C:3FECH         LINE#         267
  C:3FF1H         LINE#         268
  C:3FF1H         LINE#         270
  -------         ENDPROC       _DISPLAYLCD_VCNL4035
  -------         ENDMOD        VCNL4035

  -------         MODULE        BIPOLARMOTOR
  C:0000H         SYMBOL        _ICE_DUMMY_
  D:0080H         PUBLIC        P0
  D:0090H         PUBLIC        P1
  D:00A0H         PUBLIC        P2
  D:00B0H         PUBLIC        P3
  D:00C0H         PUBLIC        P4
  D:00C8H         PUBLIC        P5
  D:00E8H         PUBLIC        P6
  D:00F8H         PUBLIC        P7
  D:00A8H         PUBLIC        IE
  C:3554H         PUBLIC        linear_interpolate
  C:197DH         PUBLIC        second_order_interpolate
  X:0000H         PUBLIC        Time_stamp_PM
  C:3CEDH         PUBLIC        _Move
  D:00B8H         PUBLIC        IP
  C:29B4H         PUBLIC        _findDet3x3
  C:21D9H         PUBLIC        _findDet4x4
  D:00D8H         PUBLIC        CCON
  D:0098H         PUBLIC        SCON
  D:0088H         PUBLIC        TCON
  C:3B42H         PUBLIC        _Step_move
  C:0902H         PUBLIC        _Update_position
  X:0054H         PUBLIC        RX_pos
  X:039CH         PUBLIC        date_declination_mapping
  C:3EC4H         PUBLIC        _BCDtoDec1
  X:03C4H         PUBLIC        degree
  D:00D0H         PUBLIC        PSW
  C:3EBDH         SYMBOL        L?0079
  -------         PROC          L?0078
  -------         ENDPROC       L?0078
  C:3EBDH         SYMBOL        L?0079
  -------         PROC          _BCDTODEC1
  D:0007H         SYMBOL        bcd
  -------         DO            
  D:0006H         SYMBOL        hi
  D:0007H         SYMBOL        lo
  -------         ENDDO         
  C:3EC4H         LINE#         22
  C:3EC4H         LINE#         23
  C:3EC4H         LINE#         25
  C:3EC9H         LINE#         26
  C:3ECDH         LINE#         27
  C:3ED4H         LINE#         28
  -------         ENDPROC       _BCDTODEC1
  -------         PROC          _STEP_MOVE
  X:0493H         SYMBOL        step
  B:0020H.6       SYMBOL        dir
  -------         DO            
  X:0495H         SYMBOL        i
  -------         ENDDO         
BL51 BANKED LINKER/LOCATER V6.22                                                      08/22/2018  16:00:41  PAGE 32


  C:3B42H         LINE#         34
  C:3B4AH         LINE#         35
  C:3B4AH         LINE#         36
  C:3B4FH         LINE#         37
  C:3B52H         LINE#         38
  C:3B57H         LINE#         40
  C:3B5AH         LINE#         42
  C:3B76H         LINE#         43
  C:3B76H         LINE#         44
  C:3B79H         LINE#         45
  C:3B80H         LINE#         46
  C:3B83H         LINE#         47
  C:3B8AH         LINE#         48
  C:3B9AH         LINE#         49
  -------         ENDPROC       _STEP_MOVE
  -------         PROC          _MOVE
  X:048FH         SYMBOL        distance
  B:0020H.5       SYMBOL        direction
  -------         DO            
  D:0006H         SYMBOL        step
  -------         ENDDO         
  C:3CEDH         LINE#         51
  C:3CF3H         LINE#         52
  C:3CF3H         LINE#         54
  C:3D1AH         LINE#         55
  -------         ENDPROC       _MOVE
  C:2995H         SYMBOL        L?0075
  C:29A9H         SYMBOL        L?0076
  -------         PROC          L?0074
  -------         ENDPROC       L?0074
  C:2995H         SYMBOL        L?0075
  C:29A9H         SYMBOL        L?0076
  -------         PROC          _FINDDET3X3
  X:04BFH         SYMBOL        a11
  X:04C3H         SYMBOL        a12
  X:04C7H         SYMBOL        a13
  X:04CBH         SYMBOL        a21
  X:04CFH         SYMBOL        a22
  X:04D3H         SYMBOL        a23
  X:04D7H         SYMBOL        a31
  X:04DBH         SYMBOL        a32
  X:04DFH         SYMBOL        a33
  C:29B4H         LINE#         59
  C:29BAH         LINE#         63
  C:29BAH         LINE#         64
  C:2B51H         LINE#         66
  -------         ENDPROC       _FINDDET3X3
  -------         PROC          _FINDDET4X4
  X:04F8H         SYMBOL        a11
  X:04FCH         SYMBOL        a12
  X:0500H         SYMBOL        a13
  X:0504H         SYMBOL        a14
  X:0508H         SYMBOL        a21
  X:050CH         SYMBOL        a22
  X:0510H         SYMBOL        a23
  X:0514H         SYMBOL        a24
  X:0518H         SYMBOL        a31
BL51 BANKED LINKER/LOCATER V6.22                                                      08/22/2018  16:00:41  PAGE 33


  X:051CH         SYMBOL        a32
  X:0520H         SYMBOL        a33
  X:0524H         SYMBOL        a34
  X:0528H         SYMBOL        a41
  X:052CH         SYMBOL        a42
  X:0530H         SYMBOL        a43
  X:0534H         SYMBOL        a44
  C:21D9H         LINE#         67
  C:21DFH         LINE#         71
  C:21DFH         LINE#         78
  C:2498H         LINE#         82
  -------         ENDPROC       _FINDDET4X4
  -------         PROC          LINEAR_INTERPOLATE
  X:0554H         SYMBOL        p1
  X:055CH         SYMBOL        p2
  X:0564H         SYMBOL        x
  -------         DO            
  D:0004H         SYMBOL        fx
  -------         ENDDO         
  C:3554H         LINE#         88
  C:3554H         LINE#         89
  C:3554H         LINE#         92
  C:35F3H         LINE#         94
  C:35F3H         LINE#         95
  -------         ENDPROC       LINEAR_INTERPOLATE
  -------         PROC          L?0077
  -------         ENDPROC       L?0077
  -------         PROC          SECOND_ORDER_INTERPOLATE
  X:048FH         SYMBOL        p1
  X:0497H         SYMBOL        p2
  X:049FH         SYMBOL        p3
  X:04A7H         SYMBOL        x
  -------         DO            
  X:04ABH         SYMBOL        det
  X:04AFH         SYMBOL        det_x
  X:04B3H         SYMBOL        det_y
  X:04B7H         SYMBOL        det_z
  X:04BBH         SYMBOL        fx
  -------         ENDDO         
  C:197DH         LINE#         100
  C:197DH         LINE#         101
  C:197DH         LINE#         105
  C:1A5DH         LINE#         107
  C:1AEBH         LINE#         109
  C:1BCBH         LINE#         111
  C:1CC9H         LINE#         112
  C:1CE4H         LINE#         113
  C:1DACH         LINE#         115
  C:1DB6H         LINE#         116
  C:1DC4H         LINE#         117
  -------         ENDPROC       SECOND_ORDER_INTERPOLATE
  -------         PROC          _UPDATE_POSITION
  X:03E4H         SYMBOL        mnths
  X:03E5H         SYMBOL        dys
  X:03E6H         SYMBOL        hurs
  X:03E7H         SYMBOL        mns
  X:03E8H         SYMBOL        sconds
BL51 BANKED LINKER/LOCATER V6.22                                                      08/22/2018  16:00:41  PAGE 34


  X:03E9H         SYMBOL        currnt_pos
  -------         DO            
  X:03ECH         SYMBOL        date
  X:03EEH         SYMBOL        i
  X:03F0H         SYMBOL        yy
  X:03F2H         SYMBOL        desired_distance
  X:03F6H         SYMBOL        distance
  X:03FAH         SYMBOL        JP_pos
  X:03FEH         SYMBOL        pos_interpolate_12_17h
  X:0452H         SYMBOL        current_time
  X:0456H         SYMBOL        declination
  X:045AH         SYMBOL        p1
  X:0462H         SYMBOL        p2
  X:046AH         SYMBOL        p3
  X:0472H         SYMBOL        time
  X:0484H         SYMBOL        location
  X:048CH         SYMBOL        sunCoord
  -------         ENDDO         
  C:0902H         LINE#         119
  C:0910H         LINE#         122
  C:0910H         LINE#         124
  C:091AH         LINE#         131
  C:0920H         LINE#         133
  C:092AH         LINE#         134
  C:0935H         LINE#         135
  C:0945H         LINE#         136
  C:0959H         LINE#         137
  C:096DH         LINE#         138
  C:097CH         LINE#         141
  C:0990H         LINE#         142
  C:09A3H         LINE#         144
  C:09F5H         LINE#         146
  C:0A5AH         LINE#         149
  C:0A74H         LINE#         150
  C:0A74H         LINE#         151
  C:0AE4H         LINE#         152
  C:0AE4H         LINE#         153
  C:0AEBH         LINE#         154
  C:0AEBH         LINE#         155
  C:0B18H         LINE#         156
  C:0B33H         LINE#         158
  C:0B7AH         LINE#         159
  C:0BAEH         LINE#         160
  C:0BCCH         LINE#         161
  C:0BCCH         LINE#         162
  C:0C53H         LINE#         163
  C:0C53H         LINE#         164
  C:0C80H         LINE#         165
  C:0C8AH         LINE#         166
  C:0C8CH         LINE#         168
  C:0C8CH         LINE#         169
  C:0CB9H         LINE#         170
  C:0CEDH         LINE#         171
  C:0CEDH         LINE#         172
  C:0CEDH         LINE#         173
  C:0CF7H         LINE#         174
  C:0CF7H         LINE#         175
BL51 BANKED LINKER/LOCATER V6.22                                                      08/22/2018  16:00:41  PAGE 35


  C:0D24H         LINE#         176
  C:0D58H         LINE#         177
  C:0D58H         LINE#         178
  C:0D64H         LINE#         179
  C:0D64H         LINE#         180
  C:0D91H         LINE#         181
  C:0DC5H         LINE#         182
  C:0DC5H         LINE#         183
  C:0E30H         LINE#         184
  C:0E52H         LINE#         185
  C:0E52H         LINE#         186
  C:0E52H         LINE#         187
  C:0E63H         LINE#         190
  C:0E7DH         LINE#         191
  C:0E7DH         LINE#         192
  C:0EFCH         LINE#         193
  C:0EFCH         LINE#         194
  C:0F29H         LINE#         195
  C:0F44H         LINE#         197
  C:0F71H         LINE#         198
  C:0F8CH         LINE#         199
  C:0F96H         LINE#         200
  C:0F96H         LINE#         201
  C:0FA6H         LINE#         202
  C:0FA6H         LINE#         204
  C:0FA9H         LINE#         205
  C:0FB5H         LINE#         206
  C:0FB5H         LINE#         207
  C:0FC5H         LINE#         208
  C:0FC5H         LINE#         209
  C:0FC8H         LINE#         211
  C:0FC8H         LINE#         212
  C:104FH         LINE#         213
  C:104FH         LINE#         214
  C:107CH         LINE#         215
  C:1083H         LINE#         216
  C:1085H         LINE#         218
  C:1085H         LINE#         219
  C:10B2H         LINE#         220
  C:10CDH         LINE#         221
  C:10CDH         LINE#         222
  C:10CDH         LINE#         224
  C:1112H         LINE#         225
  C:1114H         LINE#         227
  C:1114H         LINE#         229
  C:1125H         LINE#         231
  C:114CH         LINE#         233
  C:1171H         LINE#         235
  C:118EH         LINE#         236
  C:119DH         LINE#         238
  C:11ADH         LINE#         240
  C:11C9H         LINE#         243
  -------         ENDPROC       _UPDATE_POSITION
  -------         ENDMOD        BIPOLARMOTOR

  -------         MODULE        SUNPOS
  C:0000H         SYMBOL        _ICE_DUMMY_
BL51 BANKED LINKER/LOCATER V6.22                                                      08/22/2018  16:00:41  PAGE 36


  C:11CAH         PUBLIC        sunpos
  -------         PROC          SUNPOS
  X:048FH         SYMBOL        udtTime
  X:04A1H         SYMBOL        udtLocation
  X:04A9H         SYMBOL        udtSunCoordinates
  -------         DO            
  X:04ACH         SYMBOL        dElapsedJulianDays
  X:04B0H         SYMBOL        dDecimalHours
  X:04B4H         SYMBOL        dEclipticLongitude
  X:04B8H         SYMBOL        dEclipticObliquity
  X:04BCH         SYMBOL        dRightAscension
  X:04C0H         SYMBOL        dDeclination
  X:04C4H         SYMBOL        dY
  X:04C8H         SYMBOL        dX
  -------         DO            
  X:04CCH         SYMBOL        dJulianDate
  X:04D0H         SYMBOL        liAux1
  X:04D4H         SYMBOL        liAux2
  X:04CCH         SYMBOL        dMeanLongitude
  X:04D0H         SYMBOL        dMeanAnomaly
  X:04D4H         SYMBOL        dOmega
  X:04CCH         SYMBOL        dSin_EclipticLongitude
  X:04CCH         SYMBOL        dGreenwichMeanSiderealTime
  X:04D0H         SYMBOL        dLocalMeanSiderealTime
  X:04D4H         SYMBOL        dLatitudeInRadians
  X:04D8H         SYMBOL        dHourAngle
  X:04DCH         SYMBOL        dCos_Latitude
  X:04E0H         SYMBOL        dSin_Latitude
  X:04E4H         SYMBOL        dCos_HourAngle
  X:04E8H         SYMBOL        dParallax
  -------         ENDDO         
  -------         DO            
  X:04CCH         SYMBOL        dMeanLongitude
  X:04D0H         SYMBOL        dMeanAnomaly
  X:04D4H         SYMBOL        dOmega
  X:04CCH         SYMBOL        dSin_EclipticLongitude
  X:04CCH         SYMBOL        dGreenwichMeanSiderealTime
  X:04D0H         SYMBOL        dLocalMeanSiderealTime
  X:04D4H         SYMBOL        dLatitudeInRadians
  X:04D8H         SYMBOL        dHourAngle
  X:04DCH         SYMBOL        dCos_Latitude
  X:04E0H         SYMBOL        dSin_Latitude
  X:04E4H         SYMBOL        dCos_HourAngle
  X:04E8H         SYMBOL        dParallax
  -------         ENDDO         
  -------         DO            
  X:04CCH         SYMBOL        dSin_EclipticLongitude
  X:04CCH         SYMBOL        dGreenwichMeanSiderealTime
  X:04D0H         SYMBOL        dLocalMeanSiderealTime
  X:04D4H         SYMBOL        dLatitudeInRadians
  X:04D8H         SYMBOL        dHourAngle
  X:04DCH         SYMBOL        dCos_Latitude
  X:04E0H         SYMBOL        dSin_Latitude
  X:04E4H         SYMBOL        dCos_HourAngle
  X:04E8H         SYMBOL        dParallax
  -------         ENDDO         
  -------         DO            
BL51 BANKED LINKER/LOCATER V6.22                                                      08/22/2018  16:00:41  PAGE 37


  X:04CCH         SYMBOL        dGreenwichMeanSiderealTime
  X:04D0H         SYMBOL        dLocalMeanSiderealTime
  X:04D4H         SYMBOL        dLatitudeInRadians
  X:04D8H         SYMBOL        dHourAngle
  X:04DCH         SYMBOL        dCos_Latitude
  X:04E0H         SYMBOL        dSin_Latitude
  X:04E4H         SYMBOL        dCos_HourAngle
  X:04E8H         SYMBOL        dParallax
  -------         ENDDO         
  -------         ENDDO         
  C:11CAH         LINE#         6
  C:11CAH         LINE#         7
  C:11CAH         LINE#         9
  C:11CAH         LINE#         27
  C:1214H         LINE#         30
  C:1235H         LINE#         31
  C:137CH         LINE#         34
  C:13C8H         LINE#         36
  C:13E7H         LINE#         37
  C:13E7H         LINE#         42
  C:13E7H         LINE#         46
  C:1419H         LINE#         47
  C:1443H         LINE#         48
  C:146DH         LINE#         49
  C:151AH         LINE#         52
  C:157BH         LINE#         54
  C:157BH         LINE#         59
  C:157BH         LINE#         61
  C:1592H         LINE#         62
  C:15BAH         LINE#         63
  C:15D1H         LINE#         64
  C:15FCH         LINE#         65
  C:1633H         LINE#         66
  C:165EH         LINE#         67
  C:165EH         LINE#         70
  C:165EH         LINE#         79
  C:1699H         LINE#         82
  C:16D3H         LINE#         84
  C:16F8H         LINE#         85
  C:1717H         LINE#         86
  C:172EH         LINE#         87
  C:1745H         LINE#         88
  C:175CH         LINE#         89
  C:17E5H         LINE#         91
  C:17FFH         LINE#         92
  C:1861H         LINE#         93
  C:1897H         LINE#         94
  C:18A9H         LINE#         95
  C:18D6H         LINE#         96
  C:1903H         LINE#         98
  C:1925H         LINE#         100
  C:195DH         LINE#         103
  C:195DH         LINE#         104
  C:196BH         LINE#         105
  -------         ENDPROC       SUNPOS
  -------         ENDMOD        SUNPOS

BL51 BANKED LINKER/LOCATER V6.22                                                      08/22/2018  16:00:41  PAGE 38


  -------         MODULE        ?C_STARTUP
  C:38F5H         SEGMENT       ?C_C51STARTUP
  I:0021H         SEGMENT       ?STACK
  C:0000H         PUBLIC        ?C_STARTUP
  D:00E0H         SYMBOL        ACC
  D:00F0H         SYMBOL        B
  D:0083H         SYMBOL        DPH
  D:0082H         SYMBOL        DPL
  N:0000H         SYMBOL        IBPSTACK
  N:0100H         SYMBOL        IBPSTACKTOP
  N:0080H         SYMBOL        IDATALEN
  C:38F8H         SYMBOL        IDATALOOP
  N:0000H         SYMBOL        PBPSTACK
  N:0100H         SYMBOL        PBPSTACKTOP
  N:0000H         SYMBOL        PDATALEN
  N:0000H         SYMBOL        PDATASTART
  N:0000H         SYMBOL        PPAGE
  N:0000H         SYMBOL        PPAGEENABLE
  D:00A0H         SYMBOL        PPAGE_SFR
  D:0081H         SYMBOL        SP
  C:38F5H         SYMBOL        STARTUP1
  N:0000H         SYMBOL        XBPSTACK
  N:0000H         SYMBOL        XBPSTACKTOP
  N:0000H         SYMBOL        XDATALEN
  N:0000H         SYMBOL        XDATASTART
  C:0000H         LINE#         126
  C:38F5H         LINE#         133
  C:38F7H         LINE#         134
  C:38F8H         LINE#         135
  C:38F9H         LINE#         136
  C:38FBH         LINE#         185
  C:38FEH         LINE#         196
  -------         ENDMOD        ?C_STARTUP

  -------         MODULE        ?C?FPADD
  C:002DH         PUBLIC        ?C?FPADD
  C:0029H         PUBLIC        ?C?FPSUB
  -------         ENDMOD        ?C?FPADD

  -------         MODULE        ?C?FPMUL
  C:011EH         PUBLIC        ?C?FPMUL
  -------         ENDMOD        ?C?FPMUL

  -------         MODULE        ?C?FPDIV
  C:0227H         PUBLIC        ?C?FPDIV
  -------         ENDMOD        ?C?FPDIV

  -------         MODULE        ?C?FPCMP
  C:02C6H         PUBLIC        ?C?FPCMP
  C:02C4H         PUBLIC        ?C?FPCMP3
  -------         ENDMOD        ?C?FPCMP

  -------         MODULE        ?C?FPNEG
  C:033DH         PUBLIC        ?C?FPNEG
  -------         ENDMOD        ?C?FPNEG

  -------         MODULE        ?C?FCAST
BL51 BANKED LINKER/LOCATER V6.22                                                      08/22/2018  16:00:41  PAGE 39


  C:0358H         PUBLIC        ?C?FCASTC
  C:0353H         PUBLIC        ?C?FCASTI
  C:034EH         PUBLIC        ?C?FCASTL
  -------         ENDMOD        ?C?FCAST

  -------         MODULE        ?C?CASTF
  C:038CH         PUBLIC        ?C?CASTF
  -------         ENDMOD        ?C?CASTF

  -------         MODULE        ATAN2
  X:04ECH         PUBLIC        ?_atan2?BYTE
  C:35F4H         PUBLIC        _atan2
  -------         ENDMOD        ATAN2

  -------         MODULE        SIN
  C:2EDCH         PUBLIC        _COS
  C:2EF2H         PUBLIC        _SIN
  C:2F2EH         PUBLIC        _TAN
  -------         ENDMOD        SIN

  -------         MODULE        ACOS
  C:3B9BH         PUBLIC        _ACOS
  -------         ENDMOD        ACOS

  -------         MODULE        ASIN
  C:3CB2H         PUBLIC        _ASIN
  -------         ENDMOD        ASIN

  -------         MODULE        POW
  X:04BFH         PUBLIC        ?_pow?BYTE
  C:301CH         PUBLIC        _pow
  -------         ENDMOD        POW

  -------         MODULE        ?C?CHKFLOAT
  C:040DH         PUBLIC        ?C?CHKFLOAT
  -------         ENDMOD        ?C?CHKFLOAT

  -------         MODULE        EXP
  C:37FEH         PUBLIC        _EXP
  -------         ENDMOD        EXP

  -------         MODULE        LOG
  C:31B6H         PUBLIC        _LOG
  C:31B2H         PUBLIC        _LOG10
  -------         ENDMOD        LOG

  -------         MODULE        SQRT
  C:34ACH         PUBLIC        _SQRT
  -------         ENDMOD        SQRT

  -------         MODULE        ATAN
  C:32CBH         PUBLIC        _ATAN
  -------         ENDMOD        ATAN

  -------         MODULE        ?C?COPY
  C:0544H         PUBLIC        ?C?COPY
  -------         ENDMOD        ?C?COPY
BL51 BANKED LINKER/LOCATER V6.22                                                      08/22/2018  16:00:41  PAGE 40



  -------         MODULE        ?C?CLDPTR
  C:056AH         PUBLIC        ?C?CLDPTR
  -------         ENDMOD        ?C?CLDPTR

  -------         MODULE        ?C?CSTPTR
  C:0583H         PUBLIC        ?C?CSTPTR
  -------         ENDMOD        ?C?CSTPTR

  -------         MODULE        ?C?IMUL
  C:0595H         PUBLIC        ?C?IMUL
  -------         ENDMOD        ?C?IMUL

  -------         MODULE        ?C?UIDIV
  C:05A7H         PUBLIC        ?C?UIDIV
  -------         ENDMOD        ?C?UIDIV

  -------         MODULE        ?C?SIDIV
  C:05FCH         PUBLIC        ?C?SIDIV
  -------         ENDMOD        ?C?SIDIV

  -------         MODULE        ?C?ILDIX
  C:0632H         PUBLIC        ?C?ILDIX
  -------         ENDMOD        ?C?ILDIX

  -------         MODULE        ?C?LMUL
  C:0648H         PUBLIC        ?C?LMUL
  -------         ENDMOD        ?C?LMUL

  -------         MODULE        ?C?SLDIV
  C:3C2EH         PUBLIC        ?C?SLDIV
  -------         ENDMOD        ?C?SLDIV

  -------         MODULE        ?C?LNEG
  C:0697H         PUBLIC        ?C?LNEG
  -------         ENDMOD        ?C?LNEG

  -------         MODULE        ?C?LLDPTR
  C:06A5H         PUBLIC        ?C?LLDPTR
  -------         ENDMOD        ?C?LLDPTR

  -------         MODULE        ?C?LLDOPTR
  C:06C5H         PUBLIC        ?C?LLDOPTR
  -------         ENDMOD        ?C?LLDOPTR

  -------         MODULE        ?C?LSTPTR
  C:06F5H         PUBLIC        ?C?LSTPTR
  -------         ENDMOD        ?C?LSTPTR

  -------         MODULE        ?C?LSTOPTR
  C:070FH         PUBLIC        ?C?LSTOPTR
  -------         ENDMOD        ?C?LSTOPTR

  -------         MODULE        ?C?LLDXDATA
  C:0733H         PUBLIC        ?C?LLDXDATA
  -------         ENDMOD        ?C?LLDXDATA

BL51 BANKED LINKER/LOCATER V6.22                                                      08/22/2018  16:00:41  PAGE 41


  -------         MODULE        ?C?LLDCODE
  C:073FH         PUBLIC        ?C?LLDCODE
  -------         ENDMOD        ?C?LLDCODE

  -------         MODULE        ?C?LLDXDATA0
  C:074FH         PUBLIC        ?C?LLDXDATA0
  -------         ENDMOD        ?C?LLDXDATA0

  -------         MODULE        ?C?LLDCODE0
  C:075BH         PUBLIC        ?C?LLDCODE0
  -------         ENDMOD        ?C?LLDCODE0

  -------         MODULE        ?C?LLDPTR0
  C:076BH         PUBLIC        ?C?LLDPTR0
  -------         ENDMOD        ?C?LLDPTR0

  -------         MODULE        ?C?LSTXDATA
  C:078BH         PUBLIC        ?C?LSTXDATA
  -------         ENDMOD        ?C?LSTXDATA

  -------         MODULE        ?C?LSTKXDATA
  C:0797H         PUBLIC        ?C?LSTKXDATA
  -------         ENDMOD        ?C?LSTKXDATA

  -------         MODULE        ?C?OFFXADD
  C:07C8H         PUBLIC        ?C?OFFXADD
  -------         ENDMOD        ?C?OFFXADD

  -------         MODULE        ABS
  C:3FBDH         PUBLIC        _ABS
  -------         ENDMOD        ABS

  -------         MODULE        ATOI
  C:33CDH         PUBLIC        _atoi
  -------         ENDMOD        ATOI

  -------         MODULE        ?C?IILDX
  C:07D4H         PUBLIC        ?C?IILDX
  -------         ENDMOD        ?C?IILDX

  -------         MODULE        ?C?ULDIV
  C:0826H         PUBLIC        ?C?ULDIV
  -------         ENDMOD        ?C?ULDIV

  -------         MODULE        ?C?LLDIDATA
  C:08B8H         PUBLIC        ?C?LLDIDATA
  -------         ENDMOD        ?C?LLDIDATA

  -------         MODULE        ?C?LLDPDATA
  C:08C4H         PUBLIC        ?C?LLDPDATA
  -------         ENDMOD        ?C?LLDPDATA

  -------         MODULE        ?C?LLDIDATA0
  C:08D0H         PUBLIC        ?C?LLDIDATA0
  -------         ENDMOD        ?C?LLDIDATA0

  -------         MODULE        ?C?LLDPDATA0
BL51 BANKED LINKER/LOCATER V6.22                                                      08/22/2018  16:00:41  PAGE 42


  C:08DDH         PUBLIC        ?C?LLDPDATA0
  -------         ENDMOD        ?C?LLDPDATA0

  -------         MODULE        ?C?LSTIDATA
  C:08EAH         PUBLIC        ?C?LSTIDATA
  -------         ENDMOD        ?C?LSTIDATA

  -------         MODULE        ?C?LSTPDATA
  C:08F6H         PUBLIC        ?C?LSTPDATA
  -------         ENDMOD        ?C?LSTPDATA

  -------         MODULE        ISDIGIT
  C:3F95H         PUBLIC        _isdigit
  -------         ENDMOD        ISDIGIT

  -------         MODULE        ISSPACE
  C:3F2CH         PUBLIC        _isspace
  -------         ENDMOD        ISSPACE

*** WARNING L16: UNCALLED SEGMENT, IGNORED FOR OVERLAY PROCESS
    SEGMENT: ?PR?_DISPLAY_PROX?MAIN

*** WARNING L16: UNCALLED SEGMENT, IGNORED FOR OVERLAY PROCESS
    SEGMENT: ?PR?INITUART1?UART1

*** WARNING L16: UNCALLED SEGMENT, IGNORED FOR OVERLAY PROCESS
    SEGMENT: ?PR?_SENDSTRING?UART1

*** WARNING L16: UNCALLED SEGMENT, IGNORED FOR OVERLAY PROCESS
    SEGMENT: ?PR?_TEN?UART1

*** WARNING L16: UNCALLED SEGMENT, IGNORED FOR OVERLAY PROCESS
    SEGMENT: ?PR?_UNIT?UART1

*** WARNING L16: UNCALLED SEGMENT, IGNORED FOR OVERLAY PROCESS
    SEGMENT: ?PR?_DECTOBCD?UART1

*** WARNING L16: UNCALLED SEGMENT, IGNORED FOR OVERLAY PROCESS
    SEGMENT: ?PR?_ASCII_LETTER?UART1

*** WARNING L16: UNCALLED SEGMENT, IGNORED FOR OVERLAY PROCESS
    SEGMENT: ?PR?NOP?VCNL4035

*** WARNING L16: UNCALLED SEGMENT, IGNORED FOR OVERLAY PROCESS
    SEGMENT: ?PR?_READ_VCNL4035?VCNL4035

*** WARNING L16: UNCALLED SEGMENT, IGNORED FOR OVERLAY PROCESS
    SEGMENT: ?PR?_DISPLAYLCD_VCNL4035?VCNL4035

*** WARNING L16: UNCALLED SEGMENT, IGNORED FOR OVERLAY PROCESS
    SEGMENT: ?PR?_FINDDET4X4?BIPOLARMOTOR

*** WARNING L16: UNCALLED SEGMENT, IGNORED FOR OVERLAY PROCESS
    SEGMENT: ?PR?LINEAR_INTERPOLATE?BIPOLARMOTOR

*** WARNING L1: UNRESOLVED EXTERNAL SYMBOL
    SYMBOL:  AUTO_MODE
BL51 BANKED LINKER/LOCATER V6.22                                                      08/22/2018  16:00:41  PAGE 43


    MODULE:  .\Obj\main.obj (MAIN)

*** WARNING L2: REFERENCE MADE TO UNRESOLVED EXTERNAL
    SYMBOL:  AUTO_MODE
    MODULE:  .\Obj\main.obj (MAIN)
    ADDRESS: 2756H

*** WARNING L2: REFERENCE MADE TO UNRESOLVED EXTERNAL
    SYMBOL:  AUTO_MODE
    MODULE:  .\Obj\main.obj (MAIN)
    ADDRESS: 281EH

*** WARNING L2: REFERENCE MADE TO UNRESOLVED EXTERNAL
    SYMBOL:  AUTO_MODE
    MODULE:  .\Obj\main.obj (MAIN)
    ADDRESS: 282CH

*** WARNING L2: REFERENCE MADE TO UNRESOLVED EXTERNAL
    SYMBOL:  AUTO_MODE
    MODULE:  .\Obj\main.obj (MAIN)
    ADDRESS: 283EH

*** WARNING L2: REFERENCE MADE TO UNRESOLVED EXTERNAL
    SYMBOL:  AUTO_MODE
    MODULE:  .\Obj\main.obj (MAIN)
    ADDRESS: 2880H

*** WARNING L2: REFERENCE MADE TO UNRESOLVED EXTERNAL
    SYMBOL:  AUTO_MODE
    MODULE:  .\Obj\main.obj (MAIN)
    ADDRESS: 2957H

*** WARNING L1: UNRESOLVED EXTERNAL SYMBOL
    SYMBOL:  AUTO_MODE
    MODULE:  .\Obj\KeyPad.obj (KEYPAD)

*** WARNING L2: REFERENCE MADE TO UNRESOLVED EXTERNAL
    SYMBOL:  AUTO_MODE
    MODULE:  .\Obj\KeyPad.obj (KEYPAD)
    ADDRESS: 24E6H

*** WARNING L2: REFERENCE MADE TO UNRESOLVED EXTERNAL
    SYMBOL:  AUTO_MODE
    MODULE:  .\Obj\KeyPad.obj (KEYPAD)
    ADDRESS: 24F1H

*** WARNING L2: REFERENCE MADE TO UNRESOLVED EXTERNAL
    SYMBOL:  AUTO_MODE
    MODULE:  .\Obj\KeyPad.obj (KEYPAD)
    ADDRESS: 24F8H

Program Size: data=18.0 xdata=1411 code=16381
LINK/LOCATE RUN COMPLETE.  23 WARNING(S),  0 ERROR(S)
