BL51 BANKED LINKER/LOCATER V6.22                                                        05/29/2019  11:59:22  PAGE 1


BL51 BANKED LINKER/LOCATER V6.22, INVOKED BY:
C:\KEIL_V5\C51\BIN\BL51.EXE .\Obj\main.obj, .\Obj\PCF85063BTL.obj, .\Obj\LCd_Driver_SPLC780D.obj, .\Obj\KeyPad.obj, .\Ob
>> j\BipolarMotor.obj, .\Obj\SunPos.obj, .\Obj\ADC.obj, .\Obj\Calibration.obj, .\Obj\IOExpander_PI4IOE5V96248.obj, .\Obj
>> \AT25SF041.obj, .\Obj\SI1120.obj, .\Obj\UART1.obj, .\Obj\STARTUP.obj TO .\Obj\GPIO_RTC_Test PRINT (.\Lis\GPIO_RTC_Tes
>> t.m51) RAMSIZE (256)


MEMORY MODEL: LARGE WITH FLOATING POINT ARITHMETIC


INPUT MODULES INCLUDED:
  .\Obj\main.obj (MAIN)
  .\Obj\PCF85063BTL.obj (PCF85063BTL)
  .\Obj\LCd_Driver_SPLC780D.obj (LCD_DRIVER_SPLC780D)
  .\Obj\KeyPad.obj (KEYPAD)
  .\Obj\BipolarMotor.obj (BIPOLARMOTOR)
  .\Obj\SunPos.obj (SUNPOS)
  .\Obj\ADC.obj (ADC)
  .\Obj\Calibration.obj (CALIBRATION)
  .\Obj\IOExpander_PI4IOE5V96248.obj (IOEXPANDER_PI4IOE5V96248)
  .\Obj\AT25SF041.obj (AT25SF041)
  .\Obj\SI1120.obj (SI1120)
  .\Obj\UART1.obj (UART1)
  .\Obj\STARTUP.obj (?C_STARTUP)
  C:\KEIL_V5\C51\LIB\C51FPL.LIB (?C?FPADD)
  C:\KEIL_V5\C51\LIB\C51FPL.LIB (?C?FPMUL)
  C:\KEIL_V5\C51\LIB\C51FPL.LIB (?C?FPDIV)
  C:\KEIL_V5\C51\LIB\C51FPL.LIB (?C?FPCMP)
  C:\KEIL_V5\C51\LIB\C51FPL.LIB (?C?FPNEG)
  C:\KEIL_V5\C51\LIB\C51FPL.LIB (?C?FCAST)
  C:\KEIL_V5\C51\LIB\C51FPL.LIB (?C?CASTF)
  C:\KEIL_V5\C51\LIB\C51FPL.LIB (ATAN2)
  C:\KEIL_V5\C51\LIB\C51FPL.LIB (SIN)
  C:\KEIL_V5\C51\LIB\C51FPL.LIB (ACOS)
  C:\KEIL_V5\C51\LIB\C51FPL.LIB (ASIN)
  C:\KEIL_V5\C51\LIB\C51FPL.LIB (POW)
  C:\KEIL_V5\C51\LIB\C51FPL.LIB (?C?FPGETOPN)
  C:\KEIL_V5\C51\LIB\C51FPL.LIB (?C?CHKFLOAT)
  C:\KEIL_V5\C51\LIB\C51FPL.LIB (?C?FPSERIES)
  C:\KEIL_V5\C51\LIB\C51FPL.LIB (EXP)
  C:\KEIL_V5\C51\LIB\C51FPL.LIB (LOG)
  C:\KEIL_V5\C51\LIB\C51FPL.LIB (SQRT)
  C:\KEIL_V5\C51\LIB\C51FPL.LIB (ATAN)
  C:\KEIL_V5\C51\LIB\C51L.LIB (?C_INIT)
  C:\KEIL_V5\C51\LIB\C51L.LIB (?C?COPY)
  C:\KEIL_V5\C51\LIB\C51L.LIB (?C?CLDPTR)
  C:\KEIL_V5\C51\LIB\C51L.LIB (?C?CLDOPTR)
  C:\KEIL_V5\C51\LIB\C51L.LIB (?C?CSTPTR)
  C:\KEIL_V5\C51\LIB\C51L.LIB (?C?IMUL)
  C:\KEIL_V5\C51\LIB\C51L.LIB (?C?UIDIV)
  C:\KEIL_V5\C51\LIB\C51L.LIB (?C?SIDIV)
  C:\KEIL_V5\C51\LIB\C51L.LIB (?C?ILDIX)
  C:\KEIL_V5\C51\LIB\C51L.LIB (?C?ILDOPTR)
  C:\KEIL_V5\C51\LIB\C51L.LIB (?C?ISTPTR)
  C:\KEIL_V5\C51\LIB\C51L.LIB (?C?LMUL)
  C:\KEIL_V5\C51\LIB\C51L.LIB (?C?SLDIV)
  C:\KEIL_V5\C51\LIB\C51L.LIB (?C?LNEG)
  C:\KEIL_V5\C51\LIB\C51L.LIB (?C?ULCMP)
BL51 BANKED LINKER/LOCATER V6.22                                                      05/29/2019  11:59:22  PAGE 2


  C:\KEIL_V5\C51\LIB\C51L.LIB (?C?LSHL)
  C:\KEIL_V5\C51\LIB\C51L.LIB (?C?LLDPTR)
  C:\KEIL_V5\C51\LIB\C51L.LIB (?C?LLDOPTR)
  C:\KEIL_V5\C51\LIB\C51L.LIB (?C?LSTPTR)
  C:\KEIL_V5\C51\LIB\C51L.LIB (?C?LSTOPTR)
  C:\KEIL_V5\C51\LIB\C51L.LIB (?C?LLDXDATA)
  C:\KEIL_V5\C51\LIB\C51L.LIB (?C?LLDCODE)
  C:\KEIL_V5\C51\LIB\C51L.LIB (?C?LLDXDATA0)
  C:\KEIL_V5\C51\LIB\C51L.LIB (?C?LLDCODE0)
  C:\KEIL_V5\C51\LIB\C51L.LIB (?C?LLDPTR0)
  C:\KEIL_V5\C51\LIB\C51L.LIB (?C?LSTXDATA)
  C:\KEIL_V5\C51\LIB\C51L.LIB (?C?LSTKXDATA)
  C:\KEIL_V5\C51\LIB\C51L.LIB (?C?LSTKPTR)
  C:\KEIL_V5\C51\LIB\C51L.LIB (?C?OFFXADD)
  C:\KEIL_V5\C51\LIB\C51L.LIB (ATOI)
  C:\KEIL_V5\C51\LIB\C51L.LIB (?C?IILDX)
  C:\KEIL_V5\C51\LIB\C51L.LIB (?C?ULDIV)
  C:\KEIL_V5\C51\LIB\C51L.LIB (?C?LLDIDATA)
  C:\KEIL_V5\C51\LIB\C51L.LIB (?C?LLDPDATA)
  C:\KEIL_V5\C51\LIB\C51L.LIB (?C?LLDIDATA0)
  C:\KEIL_V5\C51\LIB\C51L.LIB (?C?LLDPDATA0)
  C:\KEIL_V5\C51\LIB\C51L.LIB (?C?LSTIDATA)
  C:\KEIL_V5\C51\LIB\C51L.LIB (?C?LSTPDATA)
  C:\KEIL_V5\C51\LIB\C51L.LIB (?C?LSTKIDATA)
  C:\KEIL_V5\C51\LIB\C51L.LIB (?C?LSTKPDATA)
  C:\KEIL_V5\C51\LIB\C51L.LIB (ISDIGIT)
  C:\KEIL_V5\C51\LIB\C51L.LIB (ISSPACE)


LINK MAP OF MODULE:  .\Obj\GPIO_RTC_Test (MAIN)


            TYPE    BASE      LENGTH    RELOCATION   SEGMENT NAME
            -----------------------------------------------------

            * * * * * * *   D A T A   M E M O R Y   * * * * * * *
            REG     0000H     0008H     ABSOLUTE     "REG BANK 0"
                    0008H     0018H                  *** GAP ***
            BIT     0020H.0   0000H.3   UNIT         _BIT_GROUP_
            BIT     0020H.3   0000H.2   UNIT         ?BI?ATAN?ATAN
            BIT     0020H.5   0000H.1   UNIT         ?BI?MAIN
            BIT     0020H.6   0000H.1   UNIT         ?BI?_MOVE?BIPOLARMOTOR
            BIT     0020H.7   0000H.1   UNIT         ?BI?SIN?SIN
            BIT     0021H.0   0000H.1   UNIT         ?BI?_ATOI?ATOI
                    0021H.1   0000H.7                *** GAP ***
            IDATA   0022H     0001H     UNIT         ?STACK

            * * * * * * *  X D A T A   M E M O R Y  * * * * * * *
            XDATA   0000H     03BCH     UNIT         ?XD?BIPOLARMOTOR
            XDATA   03BCH     0101H     UNIT         ?XD?MAIN
            XDATA   04BDH     00BBH     UNIT         ?XD?_FIND_REAL_MAX?CALIBRATION
            XDATA   0578H     005DH     UNIT         ?XD?SUNPOS?SUNPOS
            XDATA   05D5H     005CH     UNIT         ?XD?_THEORICALJP_POSITION?BIPOLARMOTOR
            XDATA   0631H     004BH     UNIT         _XDATA_GROUP_
            XDATA   067CH     0026H     UNIT         ?XD?_UPDATE_POSITION?BIPOLARMOTOR
            XDATA   06A2H     0024H     UNIT         ?XD?_CALIBRATION?CALIBRATION
            XDATA   06C6H     0019H     UNIT         ?XD?KEYPAD
BL51 BANKED LINKER/LOCATER V6.22                                                      05/29/2019  11:59:22  PAGE 3


            XDATA   06DFH     0018H     UNIT         ?XD?VOLTAGE_IS_STABLE?CALIBRATION
            XDATA   06F7H     0014H     UNIT         ?XD?LINEAR_INTERPOLATE?BIPOLARMOTOR
            XDATA   070BH     000EH     UNIT         ?XD?SPI_NOR_WRITE_DATA?AT25SF041
            XDATA   0719H     0008H     UNIT         ?XD?_AT25SF041_WRITE?AT25SF041
            XDATA   0721H     0008H     UNIT         ?XD?_AT25SF041_READ?AT25SF041
            XDATA   0729H     0008H     UNIT         ?XD?_ATAN2?ATAN2
            XDATA   0731H     0005H     UNIT         ?XD?_ELEVATION_CALCULATION?BIPOLARMOTOR
            XDATA   0736H     0005H     UNIT         ?XD?_ATOI?ATOI
            XDATA   073BH     0004H     UNIT         ?XD?_MOVE?BIPOLARMOTOR
            XDATA   073FH     0004H     UNIT         ?XD?_MAX_VALUE?CALIBRATION
            XDATA   0743H     0004H     UNIT         ?XD?SIN?SIN
            XDATA   0747H     0004H     UNIT         ?XD?SQRT?SQRT
            XDATA   074BH     0004H     UNIT         ?XD?ATAN?ATAN
            XDATA   074FH     0003H     UNIT         ?XD?_UART1_SENDTOTCPSERVER?UART1
            XDATA   0752H     0001H     UNIT         ?XD?UC_ACK?IOEXPANDER_PI4IOE5V96248
            XDATA   0753H     0001H     UNIT         ?XD?UC_NACK?IOEXPANDER_PI4IOE5V96248

            * * * * * * *   C O D E   M E M O R Y   * * * * * * *
            CODE    0000H     0003H     ABSOLUTE     
            CODE    0003H     0003H     ABSOLUTE     
            CODE    0006H     0005H     UNIT         ?PR?_UNIT?UART1
            CODE    000BH     0003H     ABSOLUTE     
            CODE    000EH     000DH     UNIT         ?PR?UART?MAIN
            CODE    001BH     0003H     ABSOLUTE     
            CODE    001EH     0005H     UNIT         ?PR?_ASCII_LETTER?UART1
            CODE    0023H     0003H     ABSOLUTE     
            CODE    0026H     09D0H     UNIT         ?C?LIB_CODE
            CODE    09F6H     07A2H     UNIT         ?PR?SUNPOS?SUNPOS
            CODE    1198H     063CH     UNIT         ?PR?_UPDATE_POSITION?BIPOLARMOTOR
            CODE    17D4H     04FCH     UNIT         ?PR?_FIND_REAL_MAX?CALIBRATION
            CODE    1CD0H     04FBH     UNIT         ?PR?_THEORICALJP_POSITION?BIPOLARMOTOR
            CODE    21CBH     040EH     UNIT         ?C_INITSEG
            CODE    25D9H     03E6H     UNIT         ?PR?MAIN?MAIN
            CODE    29BFH     038CH     UNIT         ?PR?KEY_PROCESS?KEYPAD
            CODE    2D4BH     0380H     UNIT         ?PR?_ELEVATION_CALCULATION?BIPOLARMOTOR
            CODE    30CBH     01C7H     UNIT         ?PR?_CALIBRATION?CALIBRATION
            CODE    3292H     018DH     UNIT         ?PR?KEY_SCAN?KEYPAD
            CODE    341FH     0189H     UNIT         ?PR?SPI_NOR_WRITE_DATA?AT25SF041
            CODE    35A8H     0188H     UNIT         ?PR?SIN?SIN
            CODE    3730H     0166H     UNIT         ?PR?_POW?POW
            CODE    3896H     0155H     UNIT         ?PR?_DISPLAY_POS?LCD_DRIVER_SPLC780D
            CODE    39EBH     0129H     UNIT         ?PR?LOG?LOG
            CODE    3B14H     0122H     UNIT         ?PR?ATAN?ATAN
            CODE    3C36H     0110H     UNIT         ?PR?_AT25SF041_READ?AT25SF041
            CODE    3D46H     0102H     UNIT         ?PR?_AT25SF041_WRITE?AT25SF041
            CODE    3E48H     00F4H     UNIT         ?PR?EXINT0?MAIN
            CODE    3F3CH     00DBH     UNIT         ?PR?_ATOI?ATOI
            CODE    4017H     00C3H     UNIT         ?PR?LINEAR_INTERPOLATE?BIPOLARMOTOR
            CODE    40DAH     00BBH     UNIT         ?PR?VOLTAGE_IS_STABLE?CALIBRATION
            CODE    4195H     00ADH     UNIT         ?PR?_WRITE_PI4IOE5V96248?IOEXPANDER_PI4IOE5V96248
            CODE    4242H     00ACH     UNIT         ?PR?SQRT?SQRT
            CODE    42EEH     00A1H     UNIT         ?PR?UCREAD_STATUS_REGISTER_BYTE1?AT25SF041
            CODE    438FH     009DH     UNIT         ?PR?_ATAN2?ATAN2
            CODE    442CH     009CH     UNIT         ?PR?_MAX_VALUE?CALIBRATION
            CODE    44C8H     009AH     UNIT         ?PR?EXP?EXP
            CODE    4562H     008CH     UNIT         ?C_C51STARTUP
            CODE    45EEH     0088H     UNIT         ?PR?_DAY_OF_YEAR?PCF85063BTL
BL51 BANKED LINKER/LOCATER V6.22                                                      05/29/2019  11:59:22  PAGE 4


            CODE    4676H     0079H     UNIT         ?PR?_WRITEDATA?LCD_DRIVER_SPLC780D
            CODE    46EFH     0072H     UNIT         ?PR?AT25SF041_WRITEENABLE?AT25SF041
            CODE    4761H     006FH     UNIT         ?PR?_READ_TIME?PCF85063BTL
            CODE    47D0H     005AH     UNIT         ?PR?AT25SF041_CHIPERASE?AT25SF041
            CODE    482AH     0059H     UNIT         ?PR?LCD_INIT?LCD_DRIVER_SPLC780D
            CODE    4883H     004AH     UNIT         ?PR?VONESTEPMOVE?BIPOLARMOTOR
            CODE    48CDH     004AH     UNIT         ?PR?ACOS?ACOS
            CODE    4917H     0044H     UNIT         ?C?LDIV
            CODE    495BH     0040H     UNIT         ?PR?_COMMAND?LCD_DRIVER_SPLC780D
            CODE    499BH     0040H     UNIT         ?PR?_STEP_MOVE?BIPOLARMOTOR
            CODE    49DBH     003FH     UNIT         ?CO?MAIN
            CODE    4A1AH     003FH     UNIT         ?CO?UART1
            CODE    4A59H     003BH     UNIT         ?PR?ASIN?ASIN
            CODE    4A94H     0033H     UNIT         ?PR?_SENDSTRING?UART1
            CODE    4AC7H     0031H     UNIT         ?PR?SI1120_CONFIG_MODE_VIRH?SI1120
            CODE    4AF8H     002BH     UNIT         ?PR?_WAIT_MS_I2C?IOEXPANDER_PI4IOE5V96248
            CODE    4B23H     002BH     UNIT         ?PR?_WAIT_MS_SPINOR?AT25SF041
            CODE    4B4EH     002AH     UNIT         ?PR?_ADC_GETRESULT?ADC
            CODE    4B78H     0028H     UNIT         ?PR?_MOVE?BIPOLARMOTOR
            CODE    4BA0H     0027H     UNIT         ?PR?_I2C_SENDBYTE?IOEXPANDER_PI4IOE5V96248
            CODE    4BC7H     0025H     UNIT         ?PR?_FINDCLOSESTSAMEDAYCALIBTIME?CALIBRATION
            CODE    4BECH     0024H     UNIT         ?PR?_WAIT_MS?LCD_DRIVER_SPLC780D
            CODE    4C10H     0024H     UNIT         ?PR?_UART1_SENDTOTCPSERVER?UART1
            CODE    4C34H     0021H     UNIT         ?PR?TM0_ISR?MAIN
            CODE    4C55H     0020H     UNIT         ?PR?_SPI_SENDBYTE?PCF85063BTL
            CODE    4C75H     0020H     UNIT         ?PR?SPI_RECEIVEBYTE?PCF85063BTL
            CODE    4C95H     001EH     UNIT         ?PR?_DELAY_MS?KEYPAD
            CODE    4CB3H     001DH     UNIT         ?PR?_DISPLAYLCD?LCD_DRIVER_SPLC780D
            CODE    4CD0H     001BH     UNIT         ?PR?_BCDTODEC1?BIPOLARMOTOR
            CODE    4CEBH     001AH     UNIT         ?PR?ADC_INIT?ADC
            CODE    4D05H     0018H     UNIT         ?PR?_SPI_WRITETIME?PCF85063BTL
            CODE    4D1DH     0017H     UNIT         ?PR?_ASCIITOBCD?UART1
            CODE    4D34H     0016H     UNIT         ?PR?I2C_ACK?IOEXPANDER_PI4IOE5V96248
            CODE    4D4AH     0015H     UNIT         ?PR?_DISPLAY_LINE?LCD_DRIVER_SPLC780D
            CODE    4D5FH     0015H     UNIT         ?PR?VSETLOCATION?BIPOLARMOTOR
            CODE    4D74H     0015H     UNIT         ?PR?I2C_STOP?IOEXPANDER_PI4IOE5V96248
            CODE    4D89H     0014H     UNIT         ?PR?_PCF85063BTL_DELAY?PCF85063BTL
            CODE    4D9DH     0014H     UNIT         ?PR?_ABS?LCD_DRIVER_SPLC780D
            CODE    4DB1H     0014H     UNIT         ?PR?_ISSPACE?ISSPACE
            CODE    4DC5H     0011H     UNIT         ?PR?_SPI_READTIME?PCF85063BTL
            CODE    4DD6H     0011H     UNIT         ?PR?_BCDTODEC?PCF85063BTL
            CODE    4DE7H     0011H     UNIT         ?PR?INITUART1?UART1
            CODE    4DF8H     000FH     UNIT         ?PR?I2C_START?IOEXPANDER_PI4IOE5V96248
            CODE    4E07H     000FH     UNIT         ?PR?UC_NACK?IOEXPANDER_PI4IOE5V96248
            CODE    4E16H     000FH     UNIT         ?PR?_ISDIGIT?ISDIGIT
            CODE    4E25H     000DH     UNIT         ?PR?SPI_INIT?PCF85063BTL
            CODE    4E32H     000DH     UNIT         ?PR?ENABLE_EXTINT0?SI1120
            CODE    4E3FH     000CH     UNIT         ?PR?KEYPAD_IO_INIT?KEYPAD
            CODE    4E4BH     000AH     UNIT         ?PR?LCD_RETURN_HOME?LCD_DRIVER_SPLC780D
            CODE    4E55H     000AH     UNIT         ?PR?LCD_CLEAR?LCD_DRIVER_SPLC780D
            CODE    4E5FH     0009H     UNIT         ?PR?TM1_ISR?MAIN
            CODE    4E68H     0009H     UNIT         ?PR?_SENDUART1?MAIN
            CODE    4E71H     0009H     UNIT         ?PR?UART1_INITTCPCONN?UART1
            CODE    4E7AH     0006H     UNIT         ?PR?UC_ACK?IOEXPANDER_PI4IOE5V96248
            CODE    4E80H     0006H     UNIT         ?PR?_TEN?UART1
            CODE    4E86H     0001H     UNIT         ?PR?NOP?IOEXPANDER_PI4IOE5V96248
            CODE    4E87H     0001H     UNIT         ?PR?_DECTOBCD?UART1
BL51 BANKED LINKER/LOCATER V6.22                                                      05/29/2019  11:59:22  PAGE 5





OVERLAY MAP OF MODULE:   .\Obj\GPIO_RTC_Test (MAIN)


SEGMENT                                             BIT_GROUP          XDATA_GROUP
  +--> CALLED SEGMENT                            START    LENGTH     START    LENGTH
------------------------------------------------------------------------------------
?PR?EXINT0?MAIN                                  -----    -----      -----    -----
  +--> ?PR?_POW?POW

?PR?_POW?POW                                     -----    -----      0631H    000AH
  +--> ?PR?LOG?LOG
  +--> ?PR?EXP?EXP

?PR?LOG?LOG                                      0020H.0  0000H.1    063BH    0004H

*** NEW ROOT ***************************************************

?C_C51STARTUP                                    -----    -----      -----    -----
  +--> ?PR?MAIN?MAIN
  +--> ?C_INITSEG

?PR?MAIN?MAIN                                    -----    -----      063FH    002EH
  +--> ?PR?LCD_INIT?LCD_DRIVER_SPLC780D
  +--> ?PR?SPI_INIT?PCF85063BTL
  +--> ?PR?KEYPAD_IO_INIT?KEYPAD
  +--> ?PR?INITUART1?UART1
  +--> ?PR?ADC_INIT?ADC
  +--> ?PR?SI1120_CONFIG_MODE_VIRH?SI1120
  +--> ?PR?ENABLE_EXTINT0?SI1120
  +--> ?PR?VSETLOCATION?BIPOLARMOTOR
  +--> ?PR?_SPI_WRITETIME?PCF85063BTL
  +--> ?PR?_DELAY_MS?KEYPAD
  +--> ?PR?_DISPLAY_LINE?LCD_DRIVER_SPLC780D
  +--> ?PR?_WRITEDATA?LCD_DRIVER_SPLC780D
  +--> ?CO?MAIN
  +--> ?PR?_SENDSTRING?UART1
  +--> ?PR?KEY_PROCESS?KEYPAD
  +--> ?PR?_COMMAND?LCD_DRIVER_SPLC780D
  +--> ?PR?_DISPLAY_POS?LCD_DRIVER_SPLC780D
  +--> ?PR?_DISPLAYLCD?LCD_DRIVER_SPLC780D
  +--> ?PR?_STEP_MOVE?BIPOLARMOTOR
  +--> ?PR?LCD_RETURN_HOME?LCD_DRIVER_SPLC780D
  +--> ?PR?_READ_TIME?PCF85063BTL
  +--> ?PR?_BCDTODEC1?BIPOLARMOTOR
  +--> ?PR?LCD_CLEAR?LCD_DRIVER_SPLC780D
  +--> ?PR?AT25SF041_WRITEENABLE?AT25SF041
  +--> ?PR?AT25SF041_CHIPERASE?AT25SF041
  +--> ?PR?_WAIT_MS_SPINOR?AT25SF041

?PR?LCD_INIT?LCD_DRIVER_SPLC780D                 -----    -----      -----    -----
  +--> ?PR?_WAIT_MS?LCD_DRIVER_SPLC780D
  +--> ?PR?_COMMAND?LCD_DRIVER_SPLC780D

?PR?_COMMAND?LCD_DRIVER_SPLC780D                 -----    -----      -----    -----
BL51 BANKED LINKER/LOCATER V6.22                                                      05/29/2019  11:59:22  PAGE 6


  +--> ?PR?_WAIT_MS?LCD_DRIVER_SPLC780D

?PR?SI1120_CONFIG_MODE_VIRH?SI1120               -----    -----      -----    -----
  +--> ?PR?_WAIT_MS?LCD_DRIVER_SPLC780D

?PR?_SPI_WRITETIME?PCF85063BTL                   -----    -----      -----    -----
  +--> ?PR?_SPI_SENDBYTE?PCF85063BTL

?PR?_SPI_SENDBYTE?PCF85063BTL                    -----    -----      -----    -----
  +--> ?PR?_PCF85063BTL_DELAY?PCF85063BTL

?PR?_DISPLAY_LINE?LCD_DRIVER_SPLC780D            -----    -----      -----    -----
  +--> ?PR?_COMMAND?LCD_DRIVER_SPLC780D

?PR?_WRITEDATA?LCD_DRIVER_SPLC780D               -----    -----      0678H    0001H
  +--> ?PR?_WAIT_MS?LCD_DRIVER_SPLC780D

?PR?_SENDSTRING?UART1                            -----    -----      066DH    0003H
  +--> ?PR?_SENDUART1?MAIN

?PR?KEY_PROCESS?KEYPAD                           -----    -----      066DH    0006H
  +--> ?PR?KEY_SCAN?KEYPAD
  +--> ?PR?_SPI_WRITETIME?PCF85063BTL
  +--> ?PR?LCD_CLEAR?LCD_DRIVER_SPLC780D
  +--> ?PR?_COMMAND?LCD_DRIVER_SPLC780D
  +--> ?PR?_WRITEDATA?LCD_DRIVER_SPLC780D

?PR?KEY_SCAN?KEYPAD                              -----    -----      0673H    0003H

?PR?LCD_CLEAR?LCD_DRIVER_SPLC780D                -----    -----      -----    -----
  +--> ?PR?_COMMAND?LCD_DRIVER_SPLC780D

?PR?_DISPLAY_POS?LCD_DRIVER_SPLC780D             -----    -----      066DH    000BH
  +--> ?PR?_ABS?LCD_DRIVER_SPLC780D
  +--> ?PR?_WRITEDATA?LCD_DRIVER_SPLC780D

?PR?_DISPLAYLCD?LCD_DRIVER_SPLC780D              -----    -----      066DH    0001H
  +--> ?PR?_WRITEDATA?LCD_DRIVER_SPLC780D

?PR?_STEP_MOVE?BIPOLARMOTOR                      0020H.1  0000H.1    066DH    0004H
  +--> ?PR?VONESTEPMOVE?BIPOLARMOTOR

?PR?VONESTEPMOVE?BIPOLARMOTOR                    0020H.2  0000H.1    -----    -----
  +--> ?PR?_WRITE_PI4IOE5V96248?IOEXPANDER_P...
  +--> ?PR?_DELAY_MS?KEYPAD

?PR?_WRITE_PI4IOE5V96248?IOEXPANDER_P...         -----    -----      0671H    0003H
  +--> ?PR?I2C_START?IOEXPANDER_PI4IOE5V96248
  +--> ?PR?_WAIT_MS_I2C?IOEXPANDER_PI4IOE5V9...
  +--> ?PR?_I2C_SENDBYTE?IOEXPANDER_PI4IOE5V...
  +--> ?PR?I2C_ACK?IOEXPANDER_PI4IOE5V96248
  +--> ?PR?I2C_STOP?IOEXPANDER_PI4IOE5V96248

?PR?I2C_START?IOEXPANDER_PI4IOE5V96248           -----    -----      -----    -----
  +--> ?PR?_WAIT_MS_I2C?IOEXPANDER_PI4IOE5V9...

?PR?_I2C_SENDBYTE?IOEXPANDER_PI4IOE5V...         -----    -----      -----    -----
BL51 BANKED LINKER/LOCATER V6.22                                                      05/29/2019  11:59:22  PAGE 7


  +--> ?PR?_WAIT_MS_I2C?IOEXPANDER_PI4IOE5V9...

?PR?I2C_ACK?IOEXPANDER_PI4IOE5V96248             -----    -----      0674H    0001H
  +--> ?PR?_WAIT_MS_I2C?IOEXPANDER_PI4IOE5V9...

?PR?I2C_STOP?IOEXPANDER_PI4IOE5V96248            -----    -----      -----    -----
  +--> ?PR?_WAIT_MS_I2C?IOEXPANDER_PI4IOE5V9...

?PR?LCD_RETURN_HOME?LCD_DRIVER_SPLC780D          -----    -----      -----    -----
  +--> ?PR?_COMMAND?LCD_DRIVER_SPLC780D

?PR?_READ_TIME?PCF85063BTL                       -----    -----      066DH    000FH
  +--> ?PR?_SPI_READTIME?PCF85063BTL

?PR?_SPI_READTIME?PCF85063BTL                    -----    -----      -----    -----
  +--> ?PR?_SPI_SENDBYTE?PCF85063BTL
  +--> ?PR?SPI_RECEIVEBYTE?PCF85063BTL

?PR?SPI_RECEIVEBYTE?PCF85063BTL                  -----    -----      -----    -----
  +--> ?PR?_PCF85063BTL_DELAY?PCF85063BTL

?PR?AT25SF041_WRITEENABLE?AT25SF041              -----    -----      066DH    0002H
  +--> ?PR?_WAIT_MS_SPINOR?AT25SF041
  +--> ?PR?UCREAD_STATUS_REGISTER_BYTE1?AT25...

?PR?UCREAD_STATUS_REGISTER_BYTE1?AT25...         -----    -----      066FH    0003H
  +--> ?PR?_WAIT_MS_SPINOR?AT25SF041

?PR?AT25SF041_CHIPERASE?AT25SF041                -----    -----      066DH    0002H
  +--> ?PR?_WAIT_MS_SPINOR?AT25SF041
  +--> ?PR?UCREAD_STATUS_REGISTER_BYTE1?AT25...



SYMBOL TABLE OF MODULE:  .\Obj\GPIO_RTC_Test (MAIN)

  VALUE           TYPE          NAME
  ----------------------------------

  -------         MODULE        MAIN
  C:0000H         SYMBOL        _ICE_DUMMY_
  X:03C4H         PUBLIC        calib_value
  D:0080H         PUBLIC        P0
  D:0090H         PUBLIC        P1
  D:00A0H         PUBLIC        P2
  D:00B0H         PUBLIC        P3
  D:00C0H         PUBLIC        P4
  D:00C8H         PUBLIC        P5
  X:0418H         SYMBOL        PressedKey
  B:00A8H.7       PUBLIC        EA
  D:00E8H         PUBLIC        P6
  X:041CH         PUBLIC        calib_stamp
  D:00F8H         PUBLIC        P7
  X:041DH         PUBLIC        calib_bool
  X:0447H         PUBLIC        pwm_time_min
  D:00A8H         PUBLIC        IE
  X:044BH         PUBLIC        calib_time
BL51 BANKED LINKER/LOCATER V6.22                                                      05/29/2019  11:59:22  PAGE 8


  X:049FH         PUBLIC        pwm_time_max
  D:00B8H         PUBLIC        IP
  B:0098H.0       PUBLIC        RI
  B:00B0H.2       PUBLIC        INT0
  X:04A3H         PUBLIC        months
  B:0098H.1       PUBLIC        TI
  C:000EH         PUBLIC        Uart
  D:00D8H         PUBLIC        CCON
  C:25D9H         PUBLIC        main
  X:04A4H         PUBLIC        count
  D:0099H         PUBLIC        SBUF
  X:04A6H         PUBLIC        days
  X:04A7H         PUBLIC        hours
  D:0098H         PUBLIC        SCON
  D:0089H         PUBLIC        TMOD
  D:0088H         PUBLIC        TCON
  B:00A0H.3       PUBLIC        P23
  X:04A8H         SYMBOL        KeyCount
  X:04AAH         PUBLIC        mins
  B:00C8H.5       PUBLIC        P55
  D:008EH         PUBLIC        AUXR
  C:4C34H         PUBLIC        tm0_isr
  B:0090H.5       PUBLIC        SI1120_STX
  C:4E5FH         PUBLIC        tm1_isr
  B:0020H.5       PUBLIC        busy
  D:00E0H         PUBLIC        ACC
  B:00A8H.1       PUBLIC        ET0
  B:00A8H.3       PUBLIC        ET1
  X:04ABH         PUBLIC        SPI_NOR_INTERNAL_FLASH_ADDR
  D:008CH         PUBLIC        TH0
  D:008DH         PUBLIC        TH1
  D:008AH         PUBLIC        TL0
  D:008BH         PUBLIC        TL1
  B:0088H.4       PUBLIC        TR0
  B:0088H.6       PUBLIC        TR1
  C:3E48H         PUBLIC        exint0
  X:04AFH         SYMBOL        KeyNum
  X:04B0H         SYMBOL        KeyNum_Old
  X:04B1H         PUBLIC        timer0_count
  X:04B3H         PUBLIC        current_position
  X:04B7H         PUBLIC        pwm_time
  X:04BBH         PUBLIC        start_timer0_count
  X:04BCH         PUBLIC        seconds
  D:00D0H         PUBLIC        PSW
  C:4E68H         PUBLIC        _SendUART1
  -------         PROC          TM0_ISR
  C:4C34H         LINE#         98
  C:4C3AH         LINE#         102
  C:4C3DH         LINE#         103
  C:4C40H         LINE#         104
  C:4C4EH         LINE#         105
  -------         ENDPROC       TM0_ISR
  -------         PROC          TM1_ISR
  C:4E5FH         LINE#         106
  C:4E5FH         LINE#         108
  C:4E61H         LINE#         110
  C:4E64H         LINE#         111
BL51 BANKED LINKER/LOCATER V6.22                                                      05/29/2019  11:59:22  PAGE 9


  C:4E67H         LINE#         112
  -------         ENDPROC       TM1_ISR
  -------         PROC          EXINT0
  C:3E48H         LINE#         113
  C:3E65H         LINE#         117
  C:3E68H         LINE#         118
  C:3E68H         LINE#         119
  C:3E6BH         LINE#         120
  C:3E6EH         LINE#         121
  C:3E70H         LINE#         122
  C:3E72H         LINE#         126
  C:3E75H         LINE#         129
  C:3E75H         LINE#         130
  C:3E77H         LINE#         132
  C:3E83H         LINE#         133
  C:3EDCH         LINE#         134
  C:3F1AH         LINE#         135
  C:3F21H         LINE#         140
  C:3F21H         LINE#         142
  -------         ENDPROC       EXINT0
  -------         PROC          MAIN
  -------         DO            
  X:03BCH         SYMBOL        KeyCount
  X:03BEH         SYMBOL        KeyNum_Old
  X:03BFH         SYMBOL        KeyNum
  X:03C0H         SYMBOL        PressedKey
  X:063FH         SYMBOL        prox_flag
  X:0640H         SYMBOL        iUse_prevday_calib_value
  X:0642H         SYMBOL        max_ADC_Val_JP
  X:0644H         SYMBOL        max_ADC_Val
  X:0646H         SYMBOL        calib_point1
  X:064EH         SYMBOL        calib_point2
  X:0656H         SYMBOL        dat_to_store
  X:0661H         SYMBOL        calib_day
  X:0663H         SYMBOL        calib_count
  X:0665H         SYMBOL        theorical_JP_max_pos
  X:0669H         SYMBOL        elevation
  -------         ENDDO         
  C:25D9H         LINE#         144
  C:25D9H         LINE#         145
  C:25D9H         LINE#         150
  C:25DFH         LINE#         151
  C:25E4H         LINE#         153
  C:25ECH         LINE#         157
  C:25F2H         LINE#         158
  C:25FCH         LINE#         165
  C:2604H         LINE#         166
  C:260BH         LINE#         167
  C:2611H         LINE#         169
  C:2617H         LINE#         180
  C:261AH         LINE#         181
  C:261DH         LINE#         182
  C:2620H         LINE#         183
  C:2623H         LINE#         184
  C:2626H         LINE#         186
  C:2629H         LINE#         189
  C:262CH         LINE#         190
BL51 BANKED LINKER/LOCATER V6.22                                                      05/29/2019  11:59:22  PAGE 10


  C:262FH         LINE#         192
  C:2632H         LINE#         194
  C:2635H         LINE#         195
  C:2638H         LINE#         196
  C:263BH         LINE#         197
  C:263DH         LINE#         198
  C:263FH         LINE#         199
  C:2642H         LINE#         200
  C:2644H         LINE#         201
  C:2646H         LINE#         203
  C:2648H         LINE#         204
  C:264FH         LINE#         205
  C:2656H         LINE#         206
  C:265DH         LINE#         207
  C:2664H         LINE#         211
  C:266BH         LINE#         212
  C:2670H         LINE#         213
  C:2675H         LINE#         214
  C:267AH         LINE#         215
  C:267FH         LINE#         216
  C:2684H         LINE#         219
  C:269DH         LINE#         220
  C:269DH         LINE#         221
  C:26B9H         LINE#         222
  C:2700H         LINE#         223
  C:2711H         LINE#         224
  C:2718H         LINE#         227
  C:2721H         LINE#         228
  C:2728H         LINE#         231
  C:2728H         LINE#         232
  C:2728H         LINE#         233
  C:272BH         LINE#         235
  C:2734H         LINE#         236
  C:273BH         LINE#         237
  C:2744H         LINE#         238
  C:274BH         LINE#         244
  C:274BH         LINE#         248
  C:2750H         LINE#         249
  C:2755H         LINE#         251
  C:275AH         LINE#         253
  C:275FH         LINE#         254
  C:2764H         LINE#         256
  C:2775H         LINE#         259
  C:277AH         LINE#         260
  C:277FH         LINE#         262
  C:2786H         LINE#         263
  C:278EH         LINE#         264
  C:2793H         LINE#         265
  C:279BH         LINE#         266
  C:27A0H         LINE#         267
  C:27AAH         LINE#         268
  C:27AFH         LINE#         269
  C:27B7H         LINE#         271
  C:27BFH         LINE#         272
  C:27C4H         LINE#         273
  C:27CEH         LINE#         274
  C:27CEH         LINE#         275
BL51 BANKED LINKER/LOCATER V6.22                                                      05/29/2019  11:59:22  PAGE 11


  C:27D0H         LINE#         276
  C:27D2H         LINE#         277
  C:27DCH         LINE#         278
  C:27DCH         LINE#         279
  C:27E1H         LINE#         280
  C:27E1H         LINE#         292
  C:27F5H         LINE#         293
  C:27F5H         LINE#         294
  C:280AH         LINE#         295
  C:2819H         LINE#         296
  C:2819H         LINE#         297
  C:282CH         LINE#         298
  C:282EH         LINE#         300
  C:282EH         LINE#         301
  C:284AH         LINE#         302
  C:284AH         LINE#         303
  C:284FH         LINE#         304
  C:284FH         LINE#         305
  C:2863H         LINE#         306
  C:2863H         LINE#         309
  C:2878H         LINE#         310
  C:2887H         LINE#         311
  C:2887H         LINE#         312
  C:289AH         LINE#         313
  C:289CH         LINE#         315
  C:289CH         LINE#         316
  C:28B8H         LINE#         317
  C:28B8H         LINE#         318
  C:28BDH         LINE#         319
  C:28C3H         LINE#         320
  C:28C3H         LINE#         322
  C:28E5H         LINE#         323
  C:28E5H         LINE#         324
  C:28EFH         LINE#         325
  C:28F5H         LINE#         326
  C:28FCH         LINE#         327
  C:2902H         LINE#         328
  C:2909H         LINE#         329
  C:2909H         LINE#         330
  C:290CH         LINE#         332
  C:290CH         LINE#         337
  C:2947H         LINE#         470
  C:2963H         LINE#         471
  C:2967H         LINE#         473
  C:2969H         LINE#         476
  C:2978H         LINE#         477
  C:2978H         LINE#         478
  C:297BH         LINE#         479
  C:2982H         LINE#         480
  C:2987H         LINE#         481
  C:298CH         LINE#         482
  C:2991H         LINE#         483
  C:2996H         LINE#         484
  C:299BH         LINE#         494
  C:299EH         LINE#         496
  C:29A1H         LINE#         497
  C:29A8H         LINE#         498
BL51 BANKED LINKER/LOCATER V6.22                                                      05/29/2019  11:59:22  PAGE 12


  C:29B2H         LINE#         499
  C:29B9H         LINE#         501
  C:29BCH         LINE#         510
  C:29BCH         LINE#         511
  -------         ENDPROC       MAIN
  -------         PROC          UART
  C:000EH         LINE#         525
  C:000EH         LINE#         527
  C:0011H         LINE#         528
  C:0011H         LINE#         529
  C:0013H         LINE#         531
  C:0013H         LINE#         532
  C:0016H         LINE#         533
  C:0016H         LINE#         534
  C:0018H         LINE#         535
  C:001AH         LINE#         536
  C:001AH         LINE#         537
  -------         ENDPROC       UART
  -------         PROC          _SENDUART1
  D:0007H         SYMBOL        dat
  C:4E68H         LINE#         539
  C:4E68H         LINE#         540
  C:4E68H         LINE#         541
  C:4E6BH         LINE#         542
  C:4E6DH         LINE#         543
  C:4E6EH         LINE#         544
  C:4E70H         LINE#         545
  -------         ENDPROC       _SENDUART1
  -------         ENDMOD        MAIN

  -------         MODULE        PCF85063BTL
  C:0000H         SYMBOL        _ICE_DUMMY_
  D:0096H         PUBLIC        P2M0
  D:0080H         PUBLIC        P0
  D:0095H         PUBLIC        P2M1
  D:0090H         PUBLIC        P1
  D:00A0H         PUBLIC        P2
  D:00B0H         PUBLIC        P3
  D:00C0H         PUBLIC        P4
  D:00C8H         PUBLIC        P5
  D:00E8H         PUBLIC        P6
  B:00A0H.1       PUBLIC        PCF85063BTL_SDI
  D:00F8H         PUBLIC        P7
  B:00A0H.2       PUBLIC        PCF85063BTL_SCK
  B:00A0H.1       PUBLIC        PCF85063BTL_SDO
  D:00A8H         PUBLIC        IE
  C:4761H         PUBLIC        _Read_time
  C:4D8FH         PUBLIC        _PCF85063BTL_Delay
  D:00B8H         PUBLIC        IP
  D:00D8H         PUBLIC        CCON
  C:45EEH         PUBLIC        _Day_Of_Year
  C:4C75H         PUBLIC        SPI_ReceiveByte
  D:0098H         PUBLIC        SCON
  D:0088H         PUBLIC        TCON
  C:4DD6H         PUBLIC        _BCDtoDec
  B:00A0H.0       PUBLIC        PCF85063BTL_CS
  C:4DC5H         PUBLIC        _SPI_ReadTime
BL51 BANKED LINKER/LOCATER V6.22                                                      05/29/2019  11:59:22  PAGE 13


  C:4E25H         PUBLIC        SPI_Init
  C:4D05H         PUBLIC        _SPI_WriteTime
  C:4C55H         PUBLIC        _SPI_SendByte
  D:00D0H         PUBLIC        PSW
  C:4D8BH         SYMBOL        L?0048
  -------         PROC          L?0047
  -------         ENDPROC       L?0047
  C:4D8BH         SYMBOL        L?0048
  -------         PROC          _PCF85063BTL_DELAY
  D:0006H         SYMBOL        us
  C:4D8FH         LINE#         8
  C:4D8FH         LINE#         9
  C:4D8FH         LINE#         10
  C:4D99H         LINE#         11
  C:4D99H         LINE#         12
  C:4D9AH         LINE#         13
  C:4D9CH         LINE#         14
  -------         ENDPROC       _PCF85063BTL_DELAY
  -------         PROC          _SPI_SENDBYTE
  D:0005H         SYMBOL        dat
  -------         DO            
  D:0003H         SYMBOL        i
  -------         ENDDO         
  C:4C55H         LINE#         17
  C:4C57H         LINE#         18
  C:4C57H         LINE#         20
  C:4C59H         LINE#         21
  C:4C59H         LINE#         22
  C:4C5BH         LINE#         23
  C:4C5FH         LINE#         24
  C:4C5FH         LINE#         25
  C:4C61H         LINE#         26
  C:4C63H         LINE#         28
  C:4C63H         LINE#         29
  C:4C65H         LINE#         30
  C:4C65H         LINE#         31
  C:4C68H         LINE#         32
  C:4C68H         LINE#         33
  C:4C6BH         LINE#         34
  C:4C6FH         LINE#         35
  C:4C74H         LINE#         36
  -------         ENDPROC       _SPI_SENDBYTE
  -------         PROC          SPI_RECEIVEBYTE
  -------         DO            
  D:0003H         SYMBOL        i
  D:0005H         SYMBOL        dat
  -------         ENDDO         
  C:4C75H         LINE#         39
  C:4C75H         LINE#         40
  C:4C75H         LINE#         42
  C:4C77H         LINE#         44
  C:4C79H         LINE#         45
  C:4C7AH         LINE#         46
  C:4C7AH         LINE#         47
  C:4C7EH         LINE#         48
  C:4C80H         LINE#         49
  C:4C83H         LINE#         51
BL51 BANKED LINKER/LOCATER V6.22                                                      05/29/2019  11:59:22  PAGE 14


  C:4C86H         LINE#         52
  C:4C86H         LINE#         53
  C:4C8AH         LINE#         54
  C:4C8AH         LINE#         55
  C:4C8AH         LINE#         56
  C:4C8DH         LINE#         57
  C:4C92H         LINE#         58
  C:4C94H         LINE#         59
  -------         ENDPROC       SPI_RECEIVEBYTE
  -------         PROC          _SPI_READTIME
  D:0007H         SYMBOL        addr
  -------         DO            
  D:0006H         SYMBOL        dat
  -------         ENDDO         
  C:4DC5H         LINE#         61
  C:4DC5H         LINE#         62
  C:4DC5H         LINE#         64
  C:4DC7H         LINE#         65
  C:4DC9H         LINE#         66
  C:4DD0H         LINE#         67
  C:4DD3H         LINE#         68
  C:4DD5H         LINE#         69
  C:4DD5H         LINE#         70
  -------         ENDPROC       _SPI_READTIME
  -------         PROC          _SPI_WRITETIME
  D:0002H         SYMBOL        val
  D:0005H         SYMBOL        addr
  C:4D05H         LINE#         71
  C:4D07H         LINE#         72
  C:4D07H         LINE#         74
  C:4D09H         LINE#         75
  C:4D10H         LINE#         76
  C:4D15H         LINE#         77
  C:4D1AH         LINE#         78
  C:4D1CH         LINE#         79
  -------         ENDPROC       _SPI_WRITETIME
  -------         PROC          SPI_INIT
  C:4E25H         LINE#         83
  C:4E25H         LINE#         84
  C:4E25H         LINE#         89
  C:4E28H         LINE#         90
  C:4E2BH         LINE#         91
  C:4E2DH         LINE#         92
  C:4E2FH         LINE#         93
  C:4E31H         LINE#         94
  -------         ENDPROC       SPI_INIT
  -------         PROC          _READ_TIME
  X:066DH         SYMBOL        months
  X:0670H         SYMBOL        days
  X:0673H         SYMBOL        hours
  X:0676H         SYMBOL        mins
  X:0679H         SYMBOL        seconds
  C:4761H         LINE#         96
  C:476CH         LINE#         97
  C:476CH         LINE#         99
  C:4780H         LINE#         101
  C:4794H         LINE#         103
BL51 BANKED LINKER/LOCATER V6.22                                                      05/29/2019  11:59:22  PAGE 15


  C:47A8H         LINE#         108
  C:47BCH         LINE#         113
  -------         ENDPROC       _READ_TIME
  -------         PROC          _BCDTODEC
  D:0007H         SYMBOL        bcd
  -------         DO            
  D:0006H         SYMBOL        hi
  D:0007H         SYMBOL        lo
  -------         ENDDO         
  C:4DD6H         LINE#         119
  C:4DD6H         LINE#         120
  C:4DD6H         LINE#         122
  C:4DDBH         LINE#         123
  C:4DDFH         LINE#         124
  C:4DE6H         LINE#         125
  -------         ENDPROC       _BCDTODEC
  -------         PROC          _DAY_OF_YEAR
  D:0007H         SYMBOL        months_bcd
  D:0005H         SYMBOL        days_bcd
  -------         DO            
  D:0004H         SYMBOL        months
  D:0007H         SYMBOL        days
  -------         ENDDO         
  C:45EEH         LINE#         126
  C:45EEH         LINE#         127
  C:45EEH         LINE#         130
  C:45F3H         LINE#         132
  C:45F8H         LINE#         134
  C:4631H         LINE#         135
  C:4631H         LINE#         136
  C:4631H         LINE#         137
  C:4634H         LINE#         138
  C:4634H         LINE#         139
  C:4634H         LINE#         140
  C:4639H         LINE#         141
  C:4639H         LINE#         142
  C:4639H         LINE#         143
  C:463EH         LINE#         144
  C:463EH         LINE#         145
  C:463EH         LINE#         146
  C:4643H         LINE#         147
  C:4643H         LINE#         148
  C:4643H         LINE#         149
  C:4648H         LINE#         150
  C:4648H         LINE#         151
  C:4648H         LINE#         152
  C:464DH         LINE#         153
  C:464DH         LINE#         154
  C:464DH         LINE#         155
  C:4652H         LINE#         156
  C:4652H         LINE#         157
  C:4652H         LINE#         158
  C:4657H         LINE#         159
  C:4657H         LINE#         160
  C:4657H         LINE#         161
  C:465FH         LINE#         162
  C:465FH         LINE#         163
BL51 BANKED LINKER/LOCATER V6.22                                                      05/29/2019  11:59:22  PAGE 16


  C:465FH         LINE#         164
  C:4664H         LINE#         165
  C:4664H         LINE#         166
  C:4664H         LINE#         167
  C:4669H         LINE#         168
  C:4669H         LINE#         169
  C:4669H         LINE#         170
  C:4672H         LINE#         171
  C:4672H         LINE#         172
  C:4672H         LINE#         173
  C:4675H         LINE#         174
  C:4675H         LINE#         175
  -------         ENDPROC       _DAY_OF_YEAR
  -------         ENDMOD        PCF85063BTL

  -------         MODULE        LCD_DRIVER_SPLC780D
  C:0000H         SYMBOL        _ICE_DUMMY_
  D:0092H         PUBLIC        P1M0
  D:0091H         PUBLIC        P1M1
  D:0080H         PUBLIC        P0
  D:0090H         PUBLIC        P1
  D:00A0H         PUBLIC        P2
  D:00B0H         PUBLIC        P3
  D:00C0H         PUBLIC        P4
  D:00C8H         PUBLIC        P5
  D:00E8H         PUBLIC        P6
  D:00F8H         PUBLIC        P7
  C:467AH         PUBLIC        _WriteData
  D:00A8H         PUBLIC        IE
  D:00B8H         PUBLIC        IP
  D:00D8H         PUBLIC        CCON
  B:00B0H.4       PUBLIC        LCD_D4
  B:00B0H.5       PUBLIC        LCD_D5
  B:00B0H.6       PUBLIC        LCD_D6
  C:4CB3H         PUBLIC        _DisplayLCD
  B:00B0H.7       PUBLIC        LCD_D7
  D:0098H         PUBLIC        SCON
  D:0088H         PUBLIC        TCON
  C:4D9DH         PUBLIC        _abs
  C:4E55H         PUBLIC        LCD_clear
  C:495BH         PUBLIC        _Command
  C:4D4AH         PUBLIC        _Display_Line
  C:482AH         PUBLIC        LCD_Init
  C:4BF2H         PUBLIC        _Wait_ms
  B:00C0H.0       PUBLIC        LCD_RS
  B:0090H.3       PUBLIC        LCD_RW
  C:4E4BH         PUBLIC        LCD_return_home
  C:3896H         PUBLIC        _Display_Pos
  B:00B0H.3       PUBLIC        LCD_E
  D:00D0H         PUBLIC        PSW
  -------         PROC          LCD_INIT
  C:482AH         LINE#         9
  C:482AH         LINE#         10
  C:482AH         LINE#         11
  C:482DH         LINE#         12
  C:4830H         LINE#         14
  C:4836H         LINE#         15
BL51 BANKED LINKER/LOCATER V6.22                                                      05/29/2019  11:59:22  PAGE 17


  C:483BH         LINE#         17
  C:4842H         LINE#         18
  C:4847H         LINE#         20
  C:484AH         LINE#         21
  C:484FH         LINE#         23
  C:4852H         LINE#         24
  C:4857H         LINE#         26
  C:485EH         LINE#         29
  C:4863H         LINE#         30
  C:4868H         LINE#         32
  C:486DH         LINE#         33
  C:4872H         LINE#         35
  C:4877H         LINE#         36
  C:487CH         LINE#         37
  -------         ENDPROC       LCD_INIT
  C:4676H         SYMBOL        L?0038
  -------         PROC          L?0037
  -------         ENDPROC       L?0037
  C:4676H         SYMBOL        L?0038
  -------         PROC          _WRITEDATA
  X:0678H         SYMBOL        dat
  C:467AH         LINE#         40
  C:467FH         LINE#         41
  C:467FH         LINE#         46
  C:4681H         LINE#         47
  C:4683H         LINE#         49
  C:4691H         LINE#         50
  C:469DH         LINE#         51
  C:46A9H         LINE#         52
  C:46B3H         LINE#         53
  C:46B5H         LINE#         54
  C:46BCH         LINE#         55
  C:46BEH         LINE#         57
  C:46CEH         LINE#         58
  C:46D9H         LINE#         59
  C:46E3H         LINE#         60
  C:46E7H         LINE#         62
  C:46E7H         LINE#         63
  C:46EAH         LINE#         64
  C:46ECH         LINE#         65
  C:46EEH         LINE#         67
  -------         ENDPROC       _WRITEDATA
  -------         PROC          _COMMAND
  D:0007H         SYMBOL        dat
  C:495BH         LINE#         69
  C:495BH         LINE#         70
  C:495BH         LINE#         71
  C:495DH         LINE#         72
  C:495FH         LINE#         74
  C:4969H         LINE#         75
  C:496DH         LINE#         77
  C:496FH         LINE#         78
  C:4978H         LINE#         79
  C:497CH         LINE#         81
  C:497EH         LINE#         82
  C:4985H         LINE#         83
  C:4989H         LINE#         85
BL51 BANKED LINKER/LOCATER V6.22                                                      05/29/2019  11:59:22  PAGE 18


  C:498BH         LINE#         86
  C:498FH         LINE#         87
  C:4993H         LINE#         89
  C:4995H         LINE#         90
  C:4995H         LINE#         91
  C:4998H         LINE#         92
  C:499AH         LINE#         93
  -------         ENDPROC       _COMMAND
  C:4BEEH         SYMBOL        L?0040
  -------         PROC          L?0039
  -------         ENDPROC       L?0039
  C:4BEEH         SYMBOL        L?0040
  -------         PROC          _WAIT_MS
  D:0006H         SYMBOL        ms
  -------         DO            
  D:0004H         SYMBOL        De_Cnt
  -------         ENDDO         
  C:4BF2H         LINE#         95
  C:4BF2H         LINE#         96
  C:4BF2H         LINE#         98
  C:4BFCH         LINE#         99
  C:4BFCH         LINE#         100
  C:4C0FH         LINE#         101
  C:4C0FH         LINE#         102
  -------         ENDPROC       _WAIT_MS
  -------         PROC          _DISPLAYLCD
  D:0007H         SYMBOL        BCD
  -------         DO            
  D:0006H         SYMBOL        first_digit
  X:066DH         SYMBOL        second_digit
  -------         ENDDO         
  C:4CB3H         LINE#         103
  C:4CB3H         LINE#         104
  C:4CB3H         LINE#         106
  C:4CBAH         LINE#         107
  C:4CC3H         LINE#         109
  C:4CC8H         LINE#         111
  -------         ENDPROC       _DISPLAYLCD
  -------         PROC          LCD_RETURN_HOME
  C:4E4BH         LINE#         115
  C:4E4BH         LINE#         116
  C:4E4BH         LINE#         117
  C:4E50H         LINE#         118
  -------         ENDPROC       LCD_RETURN_HOME
  -------         PROC          LCD_CLEAR
  C:4E55H         LINE#         121
  C:4E55H         LINE#         122
  C:4E55H         LINE#         123
  C:4E5AH         LINE#         124
  -------         ENDPROC       LCD_CLEAR
  -------         PROC          _DISPLAY_LINE
  D:0006H         SYMBOL        line
  C:4D4AH         LINE#         128
  C:4D4AH         LINE#         129
  C:4D4AH         LINE#         130
  C:4D50H         LINE#         131
  C:4D50H         LINE#         132
BL51 BANKED LINKER/LOCATER V6.22                                                      05/29/2019  11:59:22  PAGE 19


  C:4D52H         LINE#         133
  C:4D52H         LINE#         134
  C:4D54H         LINE#         136
  C:4D54H         LINE#         137
  C:4D59H         LINE#         138
  C:4D5EH         LINE#         139
  C:4D5EH         LINE#         140
  -------         ENDPROC       _DISPLAY_LINE
  -------         PROC          _DISPLAY_POS
  X:066DH         SYMBOL        sign_dat
  -------         DO            
  X:0671H         SYMBOL        unit
  X:0672H         SYMBOL        ten
  X:0673H         SYMBOL        hundred
  X:0674H         SYMBOL        thousand
  X:0675H         SYMBOL        after_dot
  X:0676H         SYMBOL        dat
  -------         ENDDO         
  C:3896H         LINE#         142
  C:389CH         LINE#         143
  C:389CH         LINE#         147
  C:38B8H         LINE#         148
  C:38D2H         LINE#         149
  C:38F6H         LINE#         151
  C:3940H         LINE#         153
  C:3957H         LINE#         154
  C:3969H         LINE#         155
  C:398EH         LINE#         156
  C:39A8H         LINE#         157
  C:39C0H         LINE#         158
  C:39C0H         LINE#         159
  C:39C0H         LINE#         160
  C:39C0H         LINE#         161
  C:39C0H         LINE#         162
  C:39C0H         LINE#         163
  C:39C0H         LINE#         164
  C:39C0H         LINE#         168
  C:39C2H         LINE#         170
  C:39C2H         LINE#         172
  C:39C7H         LINE#         173
  C:39CDH         LINE#         174
  C:39D3H         LINE#         175
  C:39D9H         LINE#         176
  C:39DFH         LINE#         177
  C:39E4H         LINE#         178
  C:39EAH         LINE#         182
  C:39EAH         LINE#         184
  -------         ENDPROC       _DISPLAY_POS
  -------         PROC          _ABS
  D:0006H         SYMBOL        dat
  C:4D9DH         LINE#         186
  C:4D9DH         LINE#         187
  C:4D9DH         LINE#         188
  C:4DA8H         LINE#         189
  C:4DA9H         LINE#         191
  C:4DB0H         LINE#         192
  -------         ENDPROC       _ABS
BL51 BANKED LINKER/LOCATER V6.22                                                      05/29/2019  11:59:22  PAGE 20


  -------         ENDMOD        LCD_DRIVER_SPLC780D

  -------         MODULE        KEYPAD
  C:0000H         SYMBOL        _ICE_DUMMY_
  D:0093H         PUBLIC        P0M1
  D:0080H         PUBLIC        P0
  D:0090H         PUBLIC        P1
  D:00A0H         PUBLIC        P2
  D:00B0H         PUBLIC        P3
  D:00C0H         PUBLIC        P4
  D:00C8H         PUBLIC        P5
  D:00E8H         PUBLIC        P6
  D:00F8H         PUBLIC        P7
  D:00A8H         PUBLIC        IE
  C:3292H         PUBLIC        Key_Scan
  D:00B8H         PUBLIC        IP
  D:00D8H         PUBLIC        CCON
  C:4E3FH         PUBLIC        KeyPad_IO_Init
  C:4C95H         PUBLIC        _Delay_ms
  D:0098H         PUBLIC        SCON
  D:0088H         PUBLIC        TCON
  X:06D5H         PUBLIC        small_move
  X:06D7H         PUBLIC        move
  X:06D9H         PUBLIC        auto_mode
  X:06DBH         PUBLIC        direction
  X:06DDH         PUBLIC        SPI_NOR_ClearEnable
  C:29BFH         PUBLIC        Key_Process
  D:00D0H         PUBLIC        PSW
  D:0094H         PUBLIC        P0M0
  -------         PROC          _DELAY_MS
  D:0006H         SYMBOL        ms
  -------         DO            
  D:0004H         SYMBOL        De_Cnt
  -------         ENDDO         
  C:4C95H         LINE#         20
  C:4C95H         LINE#         21
  C:4C95H         LINE#         23
  C:4C9FH         LINE#         24
  C:4C9FH         LINE#         25
  C:4CB2H         LINE#         26
  C:4CB2H         LINE#         27
  -------         ENDPROC       _DELAY_MS
  -------         PROC          KEY_SCAN
  -------         DO            
  X:0673H         SYMBOL        KeyTemp1
  X:0674H         SYMBOL        KeyTemp2
  X:0675H         SYMBOL        KeyValue
  -------         ENDDO         
  C:3292H         LINE#         28
  C:3292H         LINE#         29
  C:3292H         LINE#         34
  C:3295H         LINE#         37
  C:3298H         LINE#         39
  C:32A0H         LINE#         40
  C:32A7H         LINE#         41
  C:32A7H         LINE#         43
  C:32ACH         LINE#         44
BL51 BANKED LINKER/LOCATER V6.22                                                      05/29/2019  11:59:22  PAGE 21


  C:32B3H         LINE#         45
  C:32B3H         LINE#         48
  C:32B6H         LINE#         49
  C:32B9H         LINE#         50
  C:32BEH         LINE#         51
  C:32C2H         LINE#         52
  C:32C2H         LINE#         53
  C:32CAH         LINE#         54
  C:32CAH         LINE#         55
  C:32CDH         LINE#         56
  C:32D5H         LINE#         57
  C:32D7H         LINE#         59
  C:32EBH         LINE#         60
  C:32EBH         LINE#         61
  C:32EBH         LINE#         62
  C:32EBH         LINE#         63
  C:32F1H         LINE#         65
  C:32F3H         LINE#         66
  C:32F3H         LINE#         67
  C:32F3H         LINE#         68
  C:32F9H         LINE#         70
  C:32FBH         LINE#         71
  C:32FBH         LINE#         72
  C:32FBH         LINE#         73
  C:3301H         LINE#         75
  C:3303H         LINE#         76
  C:3303H         LINE#         77
  C:3303H         LINE#         78
  C:3309H         LINE#         80
  C:3309H         LINE#         81
  C:3309H         LINE#         82
  C:3309H         LINE#         85
  C:330CH         LINE#         86
  C:330FH         LINE#         87
  C:3317H         LINE#         88
  C:331BH         LINE#         89
  C:331BH         LINE#         90
  C:3323H         LINE#         91
  C:3323H         LINE#         92
  C:3326H         LINE#         93
  C:332EH         LINE#         94
  C:3330H         LINE#         95
  C:3344H         LINE#         96
  C:3344H         LINE#         97
  C:3344H         LINE#         98
  C:3344H         LINE#         99
  C:334AH         LINE#         101
  C:334CH         LINE#         102
  C:334CH         LINE#         103
  C:334CH         LINE#         104
  C:3352H         LINE#         106
  C:3354H         LINE#         107
  C:3354H         LINE#         108
  C:3354H         LINE#         109
  C:335AH         LINE#         111
  C:335CH         LINE#         112
  C:335CH         LINE#         113
BL51 BANKED LINKER/LOCATER V6.22                                                      05/29/2019  11:59:22  PAGE 22


  C:335CH         LINE#         114
  C:3361H         LINE#         116
  C:3361H         LINE#         117
  C:3361H         LINE#         118
  C:3361H         LINE#         121
  C:3364H         LINE#         122
  C:3367H         LINE#         123
  C:336FH         LINE#         124
  C:3373H         LINE#         125
  C:3373H         LINE#         126
  C:337BH         LINE#         127
  C:337BH         LINE#         128
  C:337EH         LINE#         129
  C:3386H         LINE#         130
  C:3388H         LINE#         131
  C:339CH         LINE#         132
  C:339CH         LINE#         133
  C:339CH         LINE#         134
  C:339CH         LINE#         135
  C:33A2H         LINE#         137
  C:33A4H         LINE#         138
  C:33A4H         LINE#         139
  C:33A4H         LINE#         140
  C:33AAH         LINE#         142
  C:33ACH         LINE#         143
  C:33ACH         LINE#         144
  C:33ACH         LINE#         145
  C:33B2H         LINE#         147
  C:33B4H         LINE#         148
  C:33B4H         LINE#         149
  C:33B4H         LINE#         150
  C:33BAH         LINE#         152
  C:33BAH         LINE#         153
  C:33BAH         LINE#         154
  C:33BAH         LINE#         158
  C:33BDH         LINE#         159
  C:33C0H         LINE#         160
  C:33C8H         LINE#         161
  C:33CCH         LINE#         162
  C:33CCH         LINE#         163
  C:33D4H         LINE#         164
  C:33D4H         LINE#         165
  C:33D7H         LINE#         166
  C:33DFH         LINE#         167
  C:33E1H         LINE#         168
  C:33F5H         LINE#         169
  C:33F5H         LINE#         170
  C:33F5H         LINE#         171
  C:33F5H         LINE#         172
  C:33FBH         LINE#         174
  C:33FDH         LINE#         175
  C:33FDH         LINE#         176
  C:33FDH         LINE#         177
  C:3403H         LINE#         179
  C:3405H         LINE#         180
  C:3405H         LINE#         181
  C:3405H         LINE#         182
BL51 BANKED LINKER/LOCATER V6.22                                                      05/29/2019  11:59:22  PAGE 23


  C:340BH         LINE#         184
  C:340DH         LINE#         185
  C:340DH         LINE#         186
  C:340DH         LINE#         187
  C:3413H         LINE#         189
  C:3413H         LINE#         190
  C:3413H         LINE#         191
  C:3413H         LINE#         193
  C:3419H         LINE#         194
  C:3419H         LINE#         196
  C:3419H         LINE#         197
  C:341CH         LINE#         198
  C:341CH         LINE#         199
  C:341CH         LINE#         201
  C:341CH         LINE#         202
  C:341EH         LINE#         203
  C:341EH         LINE#         204
  -------         ENDPROC       KEY_SCAN
  -------         PROC          KEY_PROCESS
  -------         DO            
  X:06C6H         SYMBOL        KeyCount
  X:06C7H         SYMBOL        KeyNum_Old
  X:06C9H         SYMBOL        KeyNum
  X:06CBH         SYMBOL        PressedKey
  X:066DH         SYMBOL        d
  D:0002H         SYMBOL        hours
  D:0006H         SYMBOL        mins
  X:066FH         SYMBOL        months
  X:0671H         SYMBOL        days
  -------         ENDDO         
  C:29BFH         LINE#         205
  C:29BFH         LINE#         206
  C:29BFH         LINE#         210
  C:29CEH         LINE#         211
  C:29DBH         LINE#         213
  C:29DFH         LINE#         214
  C:29DFH         LINE#         215
  C:29E5H         LINE#         217
  C:29E5H         LINE#         218
  C:29FCH         LINE#         219
  C:29FCH         LINE#         220
  C:2A06H         LINE#         221
  C:2A0CH         LINE#         223
  C:2A12H         LINE#         225
  C:2A12H         LINE#         226
  C:2A29H         LINE#         227
  C:2A29H         LINE#         228
  C:2A2EH         LINE#         230
  C:2A2EH         LINE#         231
  C:2A3EH         LINE#         232
  C:2A3EH         LINE#         233
  C:2A44H         LINE#         235
  C:2A44H         LINE#         236
  C:2A56H         LINE#         237
  C:2A56H         LINE#         238
  C:2A60H         LINE#         239
  C:2A68H         LINE#         241
BL51 BANKED LINKER/LOCATER V6.22                                                      05/29/2019  11:59:22  PAGE 24


  C:2A71H         LINE#         243
  C:2A71H         LINE#         252
  C:2A90H         LINE#         253
  C:2A90H         LINE#         254
  C:2AAFH         LINE#         255
  C:2AB5H         LINE#         256
  C:2ABDH         LINE#         257
  C:2ABDH         LINE#         259
  C:2ABEH         LINE#         265
  C:2ACAH         LINE#         266
  C:2ACAH         LINE#         267
  C:2AE7H         LINE#         268
  C:2AFEH         LINE#         269
  C:2B15H         LINE#         270
  C:2B15H         LINE#         271
  C:2B28H         LINE#         272
  C:2B3BH         LINE#         273
  C:2B3BH         LINE#         274
  C:2B3BH         LINE#         275
  C:2B3EH         LINE#         280
  C:2B4DH         LINE#         281
  C:2B4DH         LINE#         282
  C:2B70H         LINE#         283
  C:2B8DH         LINE#         284
  C:2B96H         LINE#         285
  C:2B96H         LINE#         286
  C:2B9DH         LINE#         287
  C:2B9DH         LINE#         288
  C:2BAEH         LINE#         289
  C:2BAEH         LINE#         290
  C:2BBDH         LINE#         291
  C:2BBDH         LINE#         292
  C:2BBDH         LINE#         293
  C:2BC0H         LINE#         295
  C:2BC0H         LINE#         296
  C:2BCCH         LINE#         297
  C:2BCCH         LINE#         298
  C:2BDEH         LINE#         299
  C:2BDEH         LINE#         300
  C:2BEEH         LINE#         301
  C:2BEEH         LINE#         302
  C:2BEEH         LINE#         304
  C:2BF0H         LINE#         306
  C:2BF0H         LINE#         307
  C:2BFFH         LINE#         308
  C:2BFFH         LINE#         309
  C:2C0FH         LINE#         310
  C:2C0FH         LINE#         311
  C:2C0FH         LINE#         313
  C:2C0FH         LINE#         315
  C:2C0FH         LINE#         316
  C:2C11H         LINE#         318
  C:2C11H         LINE#         319
  C:2C18H         LINE#         320
  C:2C18H         LINE#         321
  C:2C27H         LINE#         322
  C:2C27H         LINE#         323
BL51 BANKED LINKER/LOCATER V6.22                                                      05/29/2019  11:59:22  PAGE 25


  C:2C37H         LINE#         324
  C:2C37H         LINE#         325
  C:2C37H         LINE#         326
  C:2C39H         LINE#         328
  C:2C39H         LINE#         329
  C:2C48H         LINE#         330
  C:2C48H         LINE#         331
  C:2C5BH         LINE#         332
  C:2C6EH         LINE#         333
  C:2C6EH         LINE#         334
  C:2C6EH         LINE#         335
  C:2C6EH         LINE#         336
  C:2C77H         LINE#         338
  C:2C77H         LINE#         340
  C:2CB1H         LINE#         341
  C:2CB1H         LINE#         342
  C:2CB8H         LINE#         343
  C:2CB8H         LINE#         344
  C:2CC2H         LINE#         345
  C:2CC2H         LINE#         346
  C:2CC5H         LINE#         347
  C:2CCAH         LINE#         348
  C:2CCFH         LINE#         349
  C:2CD4H         LINE#         350
  C:2CD9H         LINE#         351
  C:2CDEH         LINE#         352
  C:2CE3H         LINE#         353
  C:2CE8H         LINE#         354
  C:2CE8H         LINE#         355
  C:2CE8H         LINE#         357
  C:2D06H         LINE#         358
  C:2D06H         LINE#         359
  C:2D0DH         LINE#         360
  C:2D0DH         LINE#         361
  C:2D12H         LINE#         362
  C:2D1BH         LINE#         363
  C:2D3AH         LINE#         364
  C:2D3AH         LINE#         365
  C:2D4AH         LINE#         367
  C:2D4AH         LINE#         371
  -------         ENDPROC       KEY_PROCESS
  -------         PROC          KEYPAD_IO_INIT
  C:4E3FH         LINE#         374
  C:4E3FH         LINE#         375
  C:4E3FH         LINE#         376
  C:4E42H         LINE#         377
  C:4E45H         LINE#         378
  C:4E48H         LINE#         379
  C:4E4AH         LINE#         380
  -------         ENDPROC       KEYPAD_IO_INIT
  -------         ENDMOD        KEYPAD

  -------         MODULE        BIPOLARMOTOR
  C:0000H         SYMBOL        _ICE_DUMMY_
  X:0000H         PUBLIC        UTC_time
  D:0080H         PUBLIC        P0
  D:0090H         PUBLIC        P1
BL51 BANKED LINKER/LOCATER V6.22                                                      05/29/2019  11:59:22  PAGE 26


  X:0004H         PUBLIC        RX_pos_test
  D:00A0H         PUBLIC        P2
  D:00B0H         PUBLIC        P3
  D:00C0H         PUBLIC        P4
  D:00C8H         PUBLIC        P5
  D:00E8H         PUBLIC        P6
  D:00F8H         PUBLIC        P7
  X:00A4H         PUBLIC        low_date_azimuth_mapping
  D:00A8H         PUBLIC        IE
  C:403AH         PUBLIC        linear_interpolate
  X:00CCH         PUBLIC        declination
  C:4B78H         PUBLIC        _Move
  D:00B8H         PUBLIC        IP
  X:00D0H         PUBLIC        time_offset
  D:00D8H         PUBLIC        CCON
  X:00D4H         PUBLIC        previous_move_time
  X:00D5H         PUBLIC        time
  D:0098H         PUBLIC        SCON
  D:0088H         PUBLIC        TCON
  C:499BH         PUBLIC        _Step_move
  X:00E7H         PUBLIC        dat
  X:00EDH         PUBLIC        current_local_sun_time
  C:1198H         PUBLIC        _Update_position
  C:2D4BH         PUBLIC        _elevation_calculation
  X:00F1H         PUBLIC        sunCoord
  C:4883H         PUBLIC        vOneStepMove
  X:00F4H         PUBLIC        elevation_stamp
  X:0130H         PUBLIC        date_azimuth_mapping
  X:0158H         PUBLIC        location
  X:0160H         PUBLIC        RX_pos
  C:4D5FH         PUBLIC        vSetLocation
  C:4CDAH         PUBLIC        _BCDtoDec1
  X:03B8H         PUBLIC        degree
  C:1CD0H         PUBLIC        _TheoricalJP_Position
  D:00D0H         PUBLIC        PSW
  -------         PROC          VSETLOCATION
  C:4D5FH         LINE#         44
  C:4D5FH         LINE#         45
  C:4D5FH         LINE#         46
  C:4D69H         LINE#         47
  C:4D73H         LINE#         48
  -------         ENDPROC       VSETLOCATION
  C:4CD6H         SYMBOL        L?0060
  -------         PROC          L?0059
  -------         ENDPROC       L?0059
  C:4CD6H         SYMBOL        L?0060
  -------         PROC          _BCDTODEC1
  D:0007H         SYMBOL        bcd
  -------         DO            
  D:0006H         SYMBOL        hi
  D:0007H         SYMBOL        lo
  -------         ENDDO         
  C:4CDAH         LINE#         49
  C:4CDAH         LINE#         50
  C:4CDAH         LINE#         52
  C:4CDFH         LINE#         53
  C:4CE3H         LINE#         54
BL51 BANKED LINKER/LOCATER V6.22                                                      05/29/2019  11:59:22  PAGE 27


  C:4CEAH         LINE#         55
  -------         ENDPROC       _BCDTODEC1
  -------         PROC          VONESTEPMOVE
  B:0020H.2       SYMBOL        bDir
  C:4883H         LINE#         59
  C:4883H         LINE#         60
  C:4883H         LINE#         62
  C:4889H         LINE#         63
  C:4889H         LINE#         64
  C:488CH         LINE#         65
  C:4895H         LINE#         66
  C:489CH         LINE#         67
  C:48A1H         LINE#         68
  C:48A1H         LINE#         69
  C:48A1H         LINE#         71
  C:48A3H         LINE#         74
  C:48A3H         LINE#         75
  C:48A6H         LINE#         76
  C:48AFH         LINE#         77
  C:48B6H         LINE#         78
  C:48BCH         LINE#         79
  C:48C5H         LINE#         80
  C:48CCH         LINE#         81
  C:48CCH         LINE#         85
  -------         ENDPROC       VONESTEPMOVE
  -------         PROC          _STEP_MOVE
  X:066DH         SYMBOL        step
  B:0020H.1       SYMBOL        dir
  -------         DO            
  X:066FH         SYMBOL        i
  -------         ENDDO         
  C:499BH         LINE#         87
  C:49A3H         LINE#         88
  C:49A3H         LINE#         90
  C:49A8H         LINE#         93
  C:49C3H         LINE#         94
  C:49C3H         LINE#         95
  C:49CAH         LINE#         97
  C:49DAH         LINE#         99
  -------         ENDPROC       _STEP_MOVE
  -------         PROC          _MOVE
  X:073BH         SYMBOL        distance
  B:0020H.6       SYMBOL        direction
  -------         DO            
  D:0006H         SYMBOL        step
  -------         ENDDO         
  C:4B78H         LINE#         101
  C:4B7EH         LINE#         102
  C:4B7EH         LINE#         105
  C:4B99H         LINE#         106
  -------         ENDPROC       _MOVE
  C:4029H         SYMBOL        L?0058
  -------         PROC          L?0057
  -------         ENDPROC       L?0057
  C:4029H         SYMBOL        L?0058
  -------         PROC          LINEAR_INTERPOLATE
  X:06F7H         SYMBOL        p1
BL51 BANKED LINKER/LOCATER V6.22                                                      05/29/2019  11:59:22  PAGE 28


  X:06FFH         SYMBOL        p2
  X:0707H         SYMBOL        x
  -------         DO            
  D:0004H         SYMBOL        fx
  -------         ENDDO         
  C:403AH         LINE#         139
  C:403AH         LINE#         140
  C:403AH         LINE#         143
  C:40D9H         LINE#         145
  C:40D9H         LINE#         146
  -------         ENDPROC       LINEAR_INTERPOLATE
  -------         PROC          _THEORICALJP_POSITION
  X:05D5H         SYMBOL        azimuth
  X:05D9H         SYMBOL        elevation
  -------         DO            
  X:05DDH         SYMBOL        pos_interpolate_azimuth
  X:0619H         SYMBOL        JP_pos
  X:061DH         SYMBOL        i
  X:061FH         SYMBOL        yy
  X:0621H         SYMBOL        p1
  X:0629H         SYMBOL        p2
  -------         ENDDO         
  C:1CD0H         LINE#         149
  C:1CD6H         LINE#         150
  C:1CD6H         LINE#         152
  C:1CE0H         LINE#         155
  C:1CFCH         LINE#         156
  C:1CFCH         LINE#         157
  C:1D6CH         LINE#         158
  C:1D6CH         LINE#         159
  C:1D73H         LINE#         160
  C:1D73H         LINE#         161
  C:1DA0H         LINE#         162
  C:1DBBH         LINE#         164
  C:1E02H         LINE#         165
  C:1E36H         LINE#         167
  C:1E7CH         LINE#         168
  C:1EA1H         LINE#         170
  C:1EA1H         LINE#         172
  C:1F17H         LINE#         173
  C:1F17H         LINE#         174
  C:1F1EH         LINE#         175
  C:1F1EH         LINE#         176
  C:1F4BH         LINE#         177
  C:1F66H         LINE#         179
  C:1FADH         LINE#         180
  C:1FE1H         LINE#         182
  C:2027H         LINE#         183
  C:2049H         LINE#         185
  C:2049H         LINE#         186
  C:205DH         LINE#         189
  C:2079H         LINE#         190
  C:2079H         LINE#         191
  C:20E9H         LINE#         192
  C:20E9H         LINE#         193
  C:2116H         LINE#         194
  C:2131H         LINE#         196
BL51 BANKED LINKER/LOCATER V6.22                                                      05/29/2019  11:59:22  PAGE 29


  C:215EH         LINE#         197
  C:2179H         LINE#         199
  C:21ABH         LINE#         202
  C:21ABH         LINE#         204
  C:21BCH         LINE#         205
  C:21CAH         LINE#         207
  -------         ENDPROC       _THEORICALJP_POSITION
  -------         PROC          _UPDATE_POSITION
  D:0001H         SYMBOL        mnths
  D:0002H         SYMBOL        dys
  X:067EH         SYMBOL        hurs
  X:067FH         SYMBOL        mns
  X:0680H         SYMBOL        sconds
  X:0681H         SYMBOL        currnt_pos
  X:0684H         SYMBOL        offset_calib
  -------         DO            
  X:0688H         SYMBOL        date
  X:068AH         SYMBOL        i
  X:068CH         SYMBOL        yy
  X:068EH         SYMBOL        desired_distance
  X:0692H         SYMBOL        distance
  X:0696H         SYMBOL        JP_pos
  X:069AH         SYMBOL        elevation
  X:069EH         SYMBOL        azimuth
  -------         ENDDO         
  C:1198H         LINE#         210
  C:11A1H         LINE#         213
  C:11A1H         LINE#         214
  C:11ACH         LINE#         216
  C:11C8H         LINE#         223
  C:11D2H         LINE#         224
  C:11DDH         LINE#         225
  C:11E8H         LINE#         226
  C:1201H         LINE#         227
  C:1212H         LINE#         228
  C:1221H         LINE#         231
  C:1235H         LINE#         235
  C:1287H         LINE#         236
  C:13EBH         LINE#         237
  C:143BH         LINE#         240
  C:1563H         LINE#         243
  C:1632H         LINE#         250
  C:1679H         LINE#         251
  C:1679H         LINE#         253
  C:16A4H         LINE#         254
  C:16D3H         LINE#         256
  C:16F8H         LINE#         257
  C:175DH         LINE#         258
  C:175DH         LINE#         259
  C:1777H         LINE#         260
  C:1789H         LINE#         261
  C:17A1H         LINE#         262
  C:17B7H         LINE#         264
  C:17D3H         LINE#         265
  C:17D3H         LINE#         266
  C:17D3H         LINE#         269
  -------         ENDPROC       _UPDATE_POSITION
BL51 BANKED LINKER/LOCATER V6.22                                                      05/29/2019  11:59:22  PAGE 30


  -------         PROC          _ELEVATION_CALCULATION
  D:0007H         SYMBOL        mnths
  D:0005H         SYMBOL        dys
  X:0733H         SYMBOL        hurs
  X:0734H         SYMBOL        mns
  X:0735H         SYMBOL        sconds
  C:2D4BH         LINE#         271
  C:2D50H         LINE#         273
  C:2D50H         LINE#         274
  C:2D5AH         LINE#         275
  C:2D63H         LINE#         276
  C:2D6EH         LINE#         277
  C:2D87H         LINE#         278
  C:2D9BH         LINE#         279
  C:2DADH         LINE#         283
  C:2DFFH         LINE#         284
  C:2F63H         LINE#         285
  C:2FB3H         LINE#         287
  C:30CAH         LINE#         289
  -------         ENDPROC       _ELEVATION_CALCULATION
  -------         ENDMOD        BIPOLARMOTOR

  -------         MODULE        SUNPOS
  C:0000H         SYMBOL        _ICE_DUMMY_
  C:09F6H         PUBLIC        sunpos
  -------         PROC          SUNPOS
  X:0578H         SYMBOL        udtTime
  X:058AH         SYMBOL        udtLocation
  X:0592H         SYMBOL        udtSunCoordinates
  -------         DO            
  X:0595H         SYMBOL        dElapsedJulianDays
  X:0599H         SYMBOL        dDecimalHours
  X:059DH         SYMBOL        dEclipticLongitude
  X:05A1H         SYMBOL        dEclipticObliquity
  X:05A5H         SYMBOL        dRightAscension
  X:05A9H         SYMBOL        dDeclination
  X:05ADH         SYMBOL        dY
  X:05B1H         SYMBOL        dX
  -------         DO            
  X:05B5H         SYMBOL        dJulianDate
  X:05B9H         SYMBOL        liAux1
  X:05BDH         SYMBOL        liAux2
  X:05B5H         SYMBOL        dMeanLongitude
  X:05B9H         SYMBOL        dMeanAnomaly
  X:05BDH         SYMBOL        dOmega
  X:05B5H         SYMBOL        dSin_EclipticLongitude
  X:05B5H         SYMBOL        dGreenwichMeanSiderealTime
  X:05B9H         SYMBOL        dLocalMeanSiderealTime
  X:05BDH         SYMBOL        dLatitudeInRadians
  X:05C1H         SYMBOL        dHourAngle
  X:05C5H         SYMBOL        dCos_Latitude
  X:05C9H         SYMBOL        dSin_Latitude
  X:05CDH         SYMBOL        dCos_HourAngle
  X:05D1H         SYMBOL        dParallax
  -------         ENDDO         
  -------         DO            
  X:05B5H         SYMBOL        dMeanLongitude
BL51 BANKED LINKER/LOCATER V6.22                                                      05/29/2019  11:59:22  PAGE 31


  X:05B9H         SYMBOL        dMeanAnomaly
  X:05BDH         SYMBOL        dOmega
  X:05B5H         SYMBOL        dSin_EclipticLongitude
  X:05B5H         SYMBOL        dGreenwichMeanSiderealTime
  X:05B9H         SYMBOL        dLocalMeanSiderealTime
  X:05BDH         SYMBOL        dLatitudeInRadians
  X:05C1H         SYMBOL        dHourAngle
  X:05C5H         SYMBOL        dCos_Latitude
  X:05C9H         SYMBOL        dSin_Latitude
  X:05CDH         SYMBOL        dCos_HourAngle
  X:05D1H         SYMBOL        dParallax
  -------         ENDDO         
  -------         DO            
  X:05B5H         SYMBOL        dSin_EclipticLongitude
  X:05B5H         SYMBOL        dGreenwichMeanSiderealTime
  X:05B9H         SYMBOL        dLocalMeanSiderealTime
  X:05BDH         SYMBOL        dLatitudeInRadians
  X:05C1H         SYMBOL        dHourAngle
  X:05C5H         SYMBOL        dCos_Latitude
  X:05C9H         SYMBOL        dSin_Latitude
  X:05CDH         SYMBOL        dCos_HourAngle
  X:05D1H         SYMBOL        dParallax
  -------         ENDDO         
  -------         DO            
  X:05B5H         SYMBOL        dGreenwichMeanSiderealTime
  X:05B9H         SYMBOL        dLocalMeanSiderealTime
  X:05BDH         SYMBOL        dLatitudeInRadians
  X:05C1H         SYMBOL        dHourAngle
  X:05C5H         SYMBOL        dCos_Latitude
  X:05C9H         SYMBOL        dSin_Latitude
  X:05CDH         SYMBOL        dCos_HourAngle
  X:05D1H         SYMBOL        dParallax
  -------         ENDDO         
  -------         ENDDO         
  C:09F6H         LINE#         6
  C:09F6H         LINE#         7
  C:09F6H         LINE#         9
  C:09F6H         LINE#         27
  C:0A40H         LINE#         30
  C:0A61H         LINE#         31
  C:0BA8H         LINE#         34
  C:0BF4H         LINE#         36
  C:0C13H         LINE#         37
  C:0C13H         LINE#         42
  C:0C13H         LINE#         46
  C:0C45H         LINE#         47
  C:0C6FH         LINE#         48
  C:0C99H         LINE#         49
  C:0D46H         LINE#         52
  C:0DA7H         LINE#         54
  C:0DA7H         LINE#         59
  C:0DA7H         LINE#         61
  C:0DBEH         LINE#         62
  C:0DE6H         LINE#         63
  C:0DFDH         LINE#         64
  C:0E28H         LINE#         65
  C:0E5FH         LINE#         66
BL51 BANKED LINKER/LOCATER V6.22                                                      05/29/2019  11:59:22  PAGE 32


  C:0E8AH         LINE#         67
  C:0E8AH         LINE#         70
  C:0E8AH         LINE#         79
  C:0EC5H         LINE#         82
  C:0EFFH         LINE#         84
  C:0F24H         LINE#         85
  C:0F43H         LINE#         86
  C:0F5AH         LINE#         87
  C:0F71H         LINE#         88
  C:0F88H         LINE#         89
  C:1011H         LINE#         91
  C:102BH         LINE#         92
  C:108DH         LINE#         93
  C:10C3H         LINE#         94
  C:10D5H         LINE#         95
  C:1102H         LINE#         96
  C:112FH         LINE#         98
  C:1151H         LINE#         100
  C:1189H         LINE#         103
  C:1189H         LINE#         104
  C:1197H         LINE#         105
  -------         ENDPROC       SUNPOS
  -------         ENDMOD        SUNPOS

  -------         MODULE        ADC
  C:0000H         SYMBOL        _ICE_DUMMY_
  D:0092H         PUBLIC        P1M0
  D:0091H         PUBLIC        P1M1
  D:0080H         PUBLIC        P0
  D:0090H         PUBLIC        P1
  D:00A0H         PUBLIC        P2
  D:00B0H         PUBLIC        P3
  D:00C0H         PUBLIC        P4
  D:00C8H         PUBLIC        P5
  D:00E8H         PUBLIC        P6
  D:00F8H         PUBLIC        P7
  D:00A8H         PUBLIC        IE
  D:00BDH         PUBLIC        ADC_RES
  D:00B8H         PUBLIC        IP
  D:0097H         PUBLIC        CLK_DIV
  D:00D8H         PUBLIC        CCON
  D:00BCH         PUBLIC        ADC_CONTR
  D:0098H         PUBLIC        SCON
  D:0088H         PUBLIC        TCON
  B:00A0H.4       PUBLIC        P24
  B:00A0H.5       PUBLIC        P25
  B:00A0H.6       PUBLIC        P26
  C:4CEBH         PUBLIC        ADC_Init
  C:4B4EH         PUBLIC        _ADC_GetResult
  D:009DH         PUBLIC        P1ASF
  D:00BEH         PUBLIC        ADC_RESL
  D:00D0H         PUBLIC        PSW
  -------         PROC          ADC_INIT
  C:4CEBH         LINE#         7
  C:4CEBH         LINE#         8
  C:4CEBH         LINE#         10
  C:4CEDH         LINE#         11
BL51 BANKED LINKER/LOCATER V6.22                                                      05/29/2019  11:59:22  PAGE 33


  C:4CEFH         LINE#         12
  C:4CF1H         LINE#         13
  C:4CF4H         LINE#         14
  C:4CF7H         LINE#         15
  C:4CFAH         LINE#         16
  C:4CFDH         LINE#         18
  C:4CFFH         LINE#         19
  C:4D01H         LINE#         20
  C:4D04H         LINE#         24
  -------         ENDPROC       ADC_INIT
  -------         PROC          _ADC_GETRESULT
  D:0007H         SYMBOL        ch
  -------         DO            
  D:0006H         SYMBOL        ADC_Value_H
  D:0004H         SYMBOL        ADC_Value_L
  D:0006H         SYMBOL        ADC_Value
  -------         ENDDO         
  C:4B4EH         LINE#         27
  C:4B4EH         LINE#         28
  C:4B4EH         LINE#         30
  C:4B53H         LINE#         31
  C:4B54H         LINE#         32
  C:4B55H         LINE#         35
  C:4B5AH         LINE#         36
  C:4B5DH         LINE#         37
  C:4B61H         LINE#         38
  C:4B65H         LINE#         40
  C:4B77H         LINE#         41
  C:4B77H         LINE#         42
  -------         ENDPROC       _ADC_GETRESULT
  -------         ENDMOD        ADC

  -------         MODULE        CALIBRATION
  C:0000H         SYMBOL        _ICE_DUMMY_
  D:0080H         PUBLIC        P0
  D:0090H         PUBLIC        P1
  D:00A0H         PUBLIC        P2
  D:00B0H         PUBLIC        P3
  D:00C0H         PUBLIC        P4
  D:00C8H         PUBLIC        P5
  D:00E8H         PUBLIC        P6
  D:00F8H         PUBLIC        P7
  C:442CH         PUBLIC        _Max_Value
  D:00A8H         PUBLIC        IE
  C:30CBH         PUBLIC        _calibration
  C:40DAH         PUBLIC        voltage_is_stable
  D:00B8H         PUBLIC        IP
  C:4BC7H         PUBLIC        _FindClosestSamedayCalibTime
  D:00D8H         PUBLIC        CCON
  D:0098H         PUBLIC        SCON
  D:0088H         PUBLIC        TCON
  C:17D4H         PUBLIC        _Find_Real_Max
  D:00D0H         PUBLIC        PSW
  -------         PROC          VOLTAGE_IS_STABLE
  -------         DO            
  X:06DFH         SYMBOL        sample_voltage
  X:06F3H         SYMBOL        i
BL51 BANKED LINKER/LOCATER V6.22                                                      05/29/2019  11:59:22  PAGE 34


  X:06F5H         SYMBOL        ch
  -------         ENDDO         
  C:40DAH         LINE#         23
[...]
BL51 BANKED LINKER/LOCATER V6.22                                                      05/29/2019  11:59:22  PAGE 46


  -------         PROC          SPI_NOR_WRITE_DATA
  X:070BH         SYMBOL        dat
  X:0716H         SYMBOL        addr
  C:341FH         LINE#         306
  C:341FH         LINE#         307
  C:341FH         LINE#         309
  C:3422H         LINE#         311
  C:343CH         LINE#         312
  C:345AH         LINE#         314
  C:3461H         LINE#         315
  C:3464H         LINE#         317
  C:347EH         LINE#         318
  C:347EH         LINE#         319
  C:347EH         LINE#         322
  C:3481H         LINE#         324
  C:349BH         LINE#         325
  C:349BH         LINE#         326
  C:349BH         LINE#         328
  C:349EH         LINE#         330
  C:34B8H         LINE#         331
  C:34B8H         LINE#         332
  C:34B8H         LINE#         334
  C:34BBH         LINE#         336
  C:34D5H         LINE#         337
  C:34D5H         LINE#         338
  C:34D5H         LINE#         340
  C:34D8H         LINE#         342
  C:34F2H         LINE#         343
  C:34F2H         LINE#         344
  C:34F2H         LINE#         346
  C:34F5H         LINE#         348
  C:350FH         LINE#         349
  C:350FH         LINE#         350
  C:350FH         LINE#         352
  C:3512H         LINE#         354
  C:352CH         LINE#         355
  C:352CH         LINE#         356
  C:352CH         LINE#         358
  C:352FH         LINE#         360
  C:3549H         LINE#         361
  C:3549H         LINE#         362
  C:3549H         LINE#         364
  C:354CH         LINE#         366
  C:3566H         LINE#         367
  C:3566H         LINE#         368
  C:3566H         LINE#         370
  C:3569H         LINE#         372
  C:3583H         LINE#         373
  C:358AH         LINE#         374
  -------         ENDPROC       SPI_NOR_WRITE_DATA
  -------         ENDMOD        AT25SF041

  -------         MODULE        SI1120
  C:0000H         SYMBOL        _ICE_DUMMY_
  D:0080H         PUBLIC        P0
  D:00B2H         PUBLIC        P3M0
  D:0090H         PUBLIC        P1
BL51 BANKED LINKER/LOCATER V6.22                                                      05/29/2019  11:59:22  PAGE 47


  D:00B1H         PUBLIC        P3M1
  D:00A0H         PUBLIC        P2
  D:00B0H         PUBLIC        P3
  D:00C0H         PUBLIC        P4
  D:00C8H         PUBLIC        P5
  B:00A8H.7       PUBLIC        EA
  D:00E8H         PUBLIC        P6
  D:00F8H         PUBLIC        P7
  D:00A8H         PUBLIC        IE
  D:00B8H         PUBLIC        IP
  C:4AC7H         PUBLIC        SI1120_CONFIG_MODE_VIRH
  D:00D8H         PUBLIC        CCON
  D:0098H         PUBLIC        SCON
  D:0088H         PUBLIC        TCON
  C:4E32H         PUBLIC        Enable_EXTINT0
  B:0090H.5       PUBLIC        SI1120_STX
  B:0088H.0       PUBLIC        IT0
  B:00A8H.0       PUBLIC        EX0
  B:0090H.4       PUBLIC        SI1120_MD
  B:0090H.6       PUBLIC        SI1120_SC
  D:00D0H         PUBLIC        PSW
  -------         PROC          SI1120_CONFIG_MODE_VIRH
  C:4AC7H         LINE#         4
  C:4AC7H         LINE#         5
  C:4AC7H         LINE#         6
  C:4AC9H         LINE#         7
  C:4ACBH         LINE#         8
  C:4ACDH         LINE#         10
  C:4AD4H         LINE#         11
  C:4AD6H         LINE#         13
  C:4AD8H         LINE#         14
  C:4ADAH         LINE#         16
  C:4AE1H         LINE#         18
  C:4AE3H         LINE#         20
  C:4AEAH         LINE#         23
  C:4AECH         LINE#         25
  C:4AEEH         LINE#         27
  C:4AF5H         LINE#         29
  C:4AF7H         LINE#         31
  -------         ENDPROC       SI1120_CONFIG_MODE_VIRH
  -------         PROC          ENABLE_EXTINT0
  C:4E32H         LINE#         33
  C:4E32H         LINE#         34
  C:4E32H         LINE#         35
  C:4E35H         LINE#         36
  C:4E38H         LINE#         37
  C:4E3AH         LINE#         38
  C:4E3CH         LINE#         39
  C:4E3EH         LINE#         40
  -------         ENDPROC       ENABLE_EXTINT0
  -------         ENDMOD        SI1120

  -------         MODULE        UART1
  C:0000H         SYMBOL        _ICE_DUMMY_
  D:0080H         PUBLIC        P0
  D:0090H         PUBLIC        P1
  D:00A0H         PUBLIC        P2
BL51 BANKED LINKER/LOCATER V6.22                                                      05/29/2019  11:59:22  PAGE 48


  D:00B0H         PUBLIC        P3
  D:00C0H         PUBLIC        P4
  D:00C8H         PUBLIC        P5
  C:4C10H         PUBLIC        _uart1_SendToTCPServer
  B:00A8H.7       PUBLIC        EA
  D:00E8H         PUBLIC        P6
  D:00F8H         PUBLIC        P7
  C:4A94H         PUBLIC        _SendString
  D:00A8H         PUBLIC        IE
  B:00A8H.4       PUBLIC        ES
  D:00B8H         PUBLIC        IP
  C:4D1DH         PUBLIC        _ASCIItoBCD
  D:00D8H         PUBLIC        CCON
  C:4DE7H         PUBLIC        initUART1
  D:0098H         PUBLIC        SCON
  D:0088H         PUBLIC        TCON
  C:4E87H         PUBLIC        _DectoBCD
  C:001EH         PUBLIC        _ASCII_Letter
  D:008EH         PUBLIC        AUXR
  C:0006H         PUBLIC        _unit
  C:4E80H         PUBLIC        _ten
  D:00D6H         PUBLIC        T2H
  D:00D7H         PUBLIC        T2L
  C:4E71H         PUBLIC        uart1_InitTCPConn
  D:00D0H         PUBLIC        PSW
  -------         PROC          INITUART1
  C:4DE7H         LINE#         24
  C:4DE7H         LINE#         25
  C:4DE7H         LINE#         26
  C:4DEAH         LINE#         27
  C:4DEDH         LINE#         28
  C:4DF0H         LINE#         29
  C:4DF3H         LINE#         30
  C:4DF5H         LINE#         31
  C:4DF7H         LINE#         34
  -------         ENDPROC       INITUART1
  -------         PROC          _SENDSTRING
  X:066DH         SYMBOL        s
  C:4A94H         LINE#         39
  C:4A9FH         LINE#         40
  C:4A9FH         LINE#         41
  C:4AAFH         LINE#         42
  C:4AAFH         LINE#         43
  C:4AC4H         LINE#         44
  C:4AC6H         LINE#         45
  -------         ENDPROC       _SENDSTRING
  -------         PROC          _TEN
  D:0007H         SYMBOL        BCD
  C:4E80H         LINE#         47
  C:4E80H         LINE#         48
  C:4E80H         LINE#         49
  C:4E85H         LINE#         50
  -------         ENDPROC       _TEN
  -------         PROC          _UNIT
  D:0007H         SYMBOL        BCD
  C:0006H         LINE#         51
  C:0006H         LINE#         52
BL51 BANKED LINKER/LOCATER V6.22                                                      05/29/2019  11:59:22  PAGE 49


  C:0006H         LINE#         56
  C:000AH         LINE#         57
  -------         ENDPROC       _UNIT
  -------         PROC          _DECTOBCD
  D:0007H         SYMBOL        dec
  C:4E87H         LINE#         58
  C:4E87H         LINE#         59
  C:4E87H         LINE#         61
  C:4E87H         LINE#         62
  -------         ENDPROC       _DECTOBCD
  -------         PROC          _ASCII_LETTER
  D:0007H         SYMBOL        dat
  C:001EH         LINE#         64
  C:001EH         LINE#         65
  C:001EH         LINE#         67
  C:0022H         LINE#         68
  -------         ENDPROC       _ASCII_LETTER
  -------         PROC          _ASCIITOBCD
  D:0001H         SYMBOL        ascii
  -------         DO            
  D:0007H         SYMBOL        dec_val
  D:0006H         SYMBOL        ten
  D:0007H         SYMBOL        unit
  -------         ENDDO         
  C:4D1DH         LINE#         70
  C:4D1DH         LINE#         71
  C:4D1DH         LINE#         73
  C:4D20H         LINE#         74
  C:4D26H         LINE#         75
  C:4D2DH         LINE#         76
  C:4D33H         LINE#         78
  -------         ENDPROC       _ASCIITOBCD
  -------         PROC          UART1_INITTCPCONN
  C:4E71H         LINE#         80
  C:4E71H         LINE#         81
  C:4E71H         LINE#         85
  -------         ENDPROC       UART1_INITTCPCONN
  -------         PROC          _UART1_SENDTOTCPSERVER
  X:074FH         SYMBOL        str
  C:4C10H         LINE#         89
  C:4C1BH         LINE#         90
  C:4C1BH         LINE#         91
  C:4C24H         LINE#         92
  C:4C2BH         LINE#         93
  -------         ENDPROC       _UART1_SENDTOTCPSERVER
  -------         ENDMOD        UART1

  -------         MODULE        ?C_STARTUP
  C:4562H         SEGMENT       ?C_C51STARTUP
  I:0022H         SEGMENT       ?STACK
  C:0000H         PUBLIC        ?C_STARTUP
  D:00E0H         SYMBOL        ACC
  D:00F0H         SYMBOL        B
  D:0083H         SYMBOL        DPH
  D:0082H         SYMBOL        DPL
  N:0000H         SYMBOL        IBPSTACK
  N:0100H         SYMBOL        IBPSTACKTOP
BL51 BANKED LINKER/LOCATER V6.22                                                      05/29/2019  11:59:22  PAGE 50


  N:0080H         SYMBOL        IDATALEN
  C:4565H         SYMBOL        IDATALOOP
  N:0000H         SYMBOL        PBPSTACK
  N:0100H         SYMBOL        PBPSTACKTOP
  N:0000H         SYMBOL        PDATALEN
  N:0000H         SYMBOL        PDATASTART
  N:0000H         SYMBOL        PPAGE
  N:0000H         SYMBOL        PPAGEENABLE
  D:00A0H         SYMBOL        PPAGE_SFR
  D:0081H         SYMBOL        SP
  C:4562H         SYMBOL        STARTUP1
  N:0000H         SYMBOL        XBPSTACK
  N:0000H         SYMBOL        XBPSTACKTOP
  N:0000H         SYMBOL        XDATALEN
  N:0000H         SYMBOL        XDATASTART
  C:0000H         LINE#         126
  C:4562H         LINE#         133
  C:4564H         LINE#         134
  C:4565H         LINE#         135
  C:4566H         LINE#         136
  C:4568H         LINE#         185
  C:456BH         LINE#         196
  -------         ENDMOD        ?C_STARTUP

  -------         MODULE        ?C?FPADD
  C:002DH         PUBLIC        ?C?FPADD
  C:0029H         PUBLIC        ?C?FPSUB
  -------         ENDMOD        ?C?FPADD

  -------         MODULE        ?C?FPMUL
  C:011EH         PUBLIC        ?C?FPMUL
  -------         ENDMOD        ?C?FPMUL

  -------         MODULE        ?C?FPDIV
  C:0227H         PUBLIC        ?C?FPDIV
  -------         ENDMOD        ?C?FPDIV

  -------         MODULE        ?C?FPCMP
  C:02C6H         PUBLIC        ?C?FPCMP
  C:02C4H         PUBLIC        ?C?FPCMP3
  -------         ENDMOD        ?C?FPCMP

  -------         MODULE        ?C?FPNEG
  C:033DH         PUBLIC        ?C?FPNEG
  -------         ENDMOD        ?C?FPNEG

  -------         MODULE        ?C?FCAST
  C:0358H         PUBLIC        ?C?FCASTC
  C:0353H         PUBLIC        ?C?FCASTI
  C:034EH         PUBLIC        ?C?FCASTL
  -------         ENDMOD        ?C?FCAST

  -------         MODULE        ?C?CASTF
  C:038CH         PUBLIC        ?C?CASTF
  -------         ENDMOD        ?C?CASTF

  -------         MODULE        ATAN2
BL51 BANKED LINKER/LOCATER V6.22                                                      05/29/2019  11:59:22  PAGE 51


  X:0729H         PUBLIC        ?_atan2?BYTE
  C:438FH         PUBLIC        _atan2
  -------         ENDMOD        ATAN2

  -------         MODULE        SIN
  C:35F0H         PUBLIC        _COS
  C:3606H         PUBLIC        _SIN
  C:3642H         PUBLIC        _TAN
  -------         ENDMOD        SIN

  -------         MODULE        ACOS
  C:48CDH         PUBLIC        _ACOS
  -------         ENDMOD        ACOS

  -------         MODULE        ASIN
  C:4A59H         PUBLIC        _ASIN
  -------         ENDMOD        ASIN

  -------         MODULE        POW
  X:0631H         PUBLIC        ?_pow?BYTE
  C:3730H         PUBLIC        _pow
  -------         ENDMOD        POW

  -------         MODULE        ?C?CHKFLOAT
  C:040DH         PUBLIC        ?C?CHKFLOAT
  -------         ENDMOD        ?C?CHKFLOAT

  -------         MODULE        EXP
  C:4500H         PUBLIC        _EXP
  -------         ENDMOD        EXP

  -------         MODULE        LOG
  C:3A1FH         PUBLIC        _LOG
  C:3A1BH         PUBLIC        _LOG10
  -------         ENDMOD        LOG

  -------         MODULE        SQRT
  C:4246H         PUBLIC        _SQRT
  -------         ENDMOD        SQRT

  -------         MODULE        ATAN
  C:3B34H         PUBLIC        _ATAN
  -------         ENDMOD        ATAN

  -------         MODULE        ?C?COPY
  C:0544H         PUBLIC        ?C?COPY
  -------         ENDMOD        ?C?COPY

  -------         MODULE        ?C?CLDPTR
  C:056AH         PUBLIC        ?C?CLDPTR
  -------         ENDMOD        ?C?CLDPTR

  -------         MODULE        ?C?CLDOPTR
  C:0583H         PUBLIC        ?C?CLDOPTR
  -------         ENDMOD        ?C?CLDOPTR

  -------         MODULE        ?C?CSTPTR
BL51 BANKED LINKER/LOCATER V6.22                                                      05/29/2019  11:59:22  PAGE 52


  C:05B0H         PUBLIC        ?C?CSTPTR
  -------         ENDMOD        ?C?CSTPTR

  -------         MODULE        ?C?IMUL
  C:05C2H         PUBLIC        ?C?IMUL
  -------         ENDMOD        ?C?IMUL

  -------         MODULE        ?C?UIDIV
  C:05D4H         PUBLIC        ?C?UIDIV
  -------         ENDMOD        ?C?UIDIV

  -------         MODULE        ?C?SIDIV
  C:0629H         PUBLIC        ?C?SIDIV
  -------         ENDMOD        ?C?SIDIV

  -------         MODULE        ?C?ILDIX
  C:065FH         PUBLIC        ?C?ILDIX
  -------         ENDMOD        ?C?ILDIX

  -------         MODULE        ?C?ILDOPTR
  C:0675H         PUBLIC        ?C?ILDOPTR
  -------         ENDMOD        ?C?ILDOPTR

  -------         MODULE        ?C?ISTPTR
  C:06ADH         PUBLIC        ?C?ISTPTR
  -------         ENDMOD        ?C?ISTPTR

  -------         MODULE        ?C?LMUL
  C:06CCH         PUBLIC        ?C?LMUL
  -------         ENDMOD        ?C?LMUL

  -------         MODULE        ?C?SLDIV
  C:4917H         PUBLIC        ?C?SLDIV
  -------         ENDMOD        ?C?SLDIV

  -------         MODULE        ?C?LNEG
  C:071BH         PUBLIC        ?C?LNEG
  -------         ENDMOD        ?C?LNEG

  -------         MODULE        ?C?ULCMP
  C:0729H         PUBLIC        ?C?ULCMP
  -------         ENDMOD        ?C?ULCMP

  -------         MODULE        ?C?LSHL
  C:073AH         PUBLIC        ?C?LSHL
  -------         ENDMOD        ?C?LSHL

  -------         MODULE        ?C?LLDPTR
  C:074DH         PUBLIC        ?C?LLDPTR
  -------         ENDMOD        ?C?LLDPTR

  -------         MODULE        ?C?LLDOPTR
  C:076DH         PUBLIC        ?C?LLDOPTR
  -------         ENDMOD        ?C?LLDOPTR

  -------         MODULE        ?C?LSTPTR
  C:079DH         PUBLIC        ?C?LSTPTR
BL51 BANKED LINKER/LOCATER V6.22                                                      05/29/2019  11:59:22  PAGE 53


  -------         ENDMOD        ?C?LSTPTR

  -------         MODULE        ?C?LSTOPTR
  C:07B7H         PUBLIC        ?C?LSTOPTR
  -------         ENDMOD        ?C?LSTOPTR

  -------         MODULE        ?C?LLDXDATA
  C:07DBH         PUBLIC        ?C?LLDXDATA
  -------         ENDMOD        ?C?LLDXDATA

  -------         MODULE        ?C?LLDCODE
  C:07E7H         PUBLIC        ?C?LLDCODE
  -------         ENDMOD        ?C?LLDCODE

  -------         MODULE        ?C?LLDXDATA0
  C:07F7H         PUBLIC        ?C?LLDXDATA0
  -------         ENDMOD        ?C?LLDXDATA0

  -------         MODULE        ?C?LLDCODE0
  C:0803H         PUBLIC        ?C?LLDCODE0
  -------         ENDMOD        ?C?LLDCODE0

  -------         MODULE        ?C?LLDPTR0
  C:0813H         PUBLIC        ?C?LLDPTR0
  -------         ENDMOD        ?C?LLDPTR0

  -------         MODULE        ?C?LSTXDATA
  C:0833H         PUBLIC        ?C?LSTXDATA
  -------         ENDMOD        ?C?LSTXDATA

  -------         MODULE        ?C?LSTKXDATA
  C:083FH         PUBLIC        ?C?LSTKXDATA
  -------         ENDMOD        ?C?LSTKXDATA

  -------         MODULE        ?C?LSTKPTR
  C:0870H         PUBLIC        ?C?LSTKPTR
  -------         ENDMOD        ?C?LSTKPTR

  -------         MODULE        ?C?OFFXADD
  C:088AH         PUBLIC        ?C?OFFXADD
  -------         ENDMOD        ?C?OFFXADD

  -------         MODULE        ATOI
  C:3F3CH         PUBLIC        _atoi
  -------         ENDMOD        ATOI

  -------         MODULE        ?C?IILDX
  C:0896H         PUBLIC        ?C?IILDX
  -------         ENDMOD        ?C?IILDX

  -------         MODULE        ?C?ULDIV
  C:08E8H         PUBLIC        ?C?ULDIV
  -------         ENDMOD        ?C?ULDIV

  -------         MODULE        ?C?LLDIDATA
  C:097AH         PUBLIC        ?C?LLDIDATA
  -------         ENDMOD        ?C?LLDIDATA
BL51 BANKED LINKER/LOCATER V6.22                                                      05/29/2019  11:59:22  PAGE 54



  -------         MODULE        ?C?LLDPDATA
  C:0986H         PUBLIC        ?C?LLDPDATA
  -------         ENDMOD        ?C?LLDPDATA

  -------         MODULE        ?C?LLDIDATA0
  C:0992H         PUBLIC        ?C?LLDIDATA0
  -------         ENDMOD        ?C?LLDIDATA0

  -------         MODULE        ?C?LLDPDATA0
  C:099FH         PUBLIC        ?C?LLDPDATA0
  -------         ENDMOD        ?C?LLDPDATA0

  -------         MODULE        ?C?LSTIDATA
  C:09ACH         PUBLIC        ?C?LSTIDATA
  -------         ENDMOD        ?C?LSTIDATA

  -------         MODULE        ?C?LSTPDATA
  C:09B8H         PUBLIC        ?C?LSTPDATA
  -------         ENDMOD        ?C?LSTPDATA

  -------         MODULE        ?C?LSTKIDATA
  C:09C4H         PUBLIC        ?C?LSTKIDATA
  -------         ENDMOD        ?C?LSTKIDATA

  -------         MODULE        ?C?LSTKPDATA
  C:09DDH         PUBLIC        ?C?LSTKPDATA
  -------         ENDMOD        ?C?LSTKPDATA

  -------         MODULE        ISDIGIT
  C:4E16H         PUBLIC        _isdigit
  -------         ENDMOD        ISDIGIT

  -------         MODULE        ISSPACE
  C:4DB1H         PUBLIC        _isspace
  -------         ENDMOD        ISSPACE

*** WARNING L16: UNCALLED SEGMENT, IGNORED FOR OVERLAY PROCESS
    SEGMENT: ?PR?_DAY_OF_YEAR?PCF85063BTL

*** WARNING L16: UNCALLED SEGMENT, IGNORED FOR OVERLAY PROCESS
    SEGMENT: ?PR?_ELEVATION_CALCULATION?BIPOLARMOTOR

*** WARNING L16: UNCALLED SEGMENT, IGNORED FOR OVERLAY PROCESS
    SEGMENT: ?PR?_CALIBRATION?CALIBRATION

*** WARNING L16: UNCALLED SEGMENT, IGNORED FOR OVERLAY PROCESS
    SEGMENT: ?PR?_FINDCLOSESTSAMEDAYCALIBTIME?CALIBRATION

*** WARNING L16: UNCALLED SEGMENT, IGNORED FOR OVERLAY PROCESS
    SEGMENT: ?PR?NOP?IOEXPANDER_PI4IOE5V96248

*** WARNING L16: UNCALLED SEGMENT, IGNORED FOR OVERLAY PROCESS
    SEGMENT: ?PR?UC_ACK?IOEXPANDER_PI4IOE5V96248

*** WARNING L16: UNCALLED SEGMENT, IGNORED FOR OVERLAY PROCESS
    SEGMENT: ?PR?UC_NACK?IOEXPANDER_PI4IOE5V96248
BL51 BANKED LINKER/LOCATER V6.22                                                      05/29/2019  11:59:22  PAGE 55



*** WARNING L16: UNCALLED SEGMENT, IGNORED FOR OVERLAY PROCESS
    SEGMENT: ?PR?_AT25SF041_READ?AT25SF041

*** WARNING L16: UNCALLED SEGMENT, IGNORED FOR OVERLAY PROCESS
    SEGMENT: ?PR?SPI_NOR_WRITE_DATA?AT25SF041

*** WARNING L16: UNCALLED SEGMENT, IGNORED FOR OVERLAY PROCESS
    SEGMENT: ?PR?_TEN?UART1

*** WARNING L16: UNCALLED SEGMENT, IGNORED FOR OVERLAY PROCESS
    SEGMENT: ?PR?_UNIT?UART1

*** WARNING L16: UNCALLED SEGMENT, IGNORED FOR OVERLAY PROCESS
    SEGMENT: ?PR?_DECTOBCD?UART1

*** WARNING L16: UNCALLED SEGMENT, IGNORED FOR OVERLAY PROCESS
    SEGMENT: ?PR?_ASCII_LETTER?UART1

*** WARNING L16: UNCALLED SEGMENT, IGNORED FOR OVERLAY PROCESS
    SEGMENT: ?PR?_ASCIITOBCD?UART1

*** WARNING L16: UNCALLED SEGMENT, IGNORED FOR OVERLAY PROCESS
    SEGMENT: ?PR?UART1_INITTCPCONN?UART1

*** WARNING L16: UNCALLED SEGMENT, IGNORED FOR OVERLAY PROCESS
    SEGMENT: ?PR?_UART1_SENDTOTCPSERVER?UART1

Program Size: data=10.1 xdata=1876 code=20104
LINK/LOCATE RUN COMPLETE.  16 WARNING(S),  0 ERROR(S)
