BL51 BANKED LINKER/LOCATER V6.22                                                        02/20/2019  17:23:35  PAGE 1


BL51 BANKED LINKER/LOCATER V6.22, INVOKED BY:
C:\KEIL_V5\C51\BIN\BL51.EXE .\Obj\main.obj, .\Obj\PCF85063BTL.obj, .\Obj\UART1.obj, .\Obj\LCd_Driver_SPLC780D.obj, .\Obj
>> \KeyPad.obj, .\Obj\BipolarMotor.obj, .\Obj\SunPos.obj, .\Obj\ADC.obj, .\Obj\Calibration.obj, .\Obj\IOExpander_PI4IOE5
>> V96248.obj, .\Obj\AT25SF041.obj, .\Obj\STARTUP.obj TO .\Obj\GPIO_RTC_Test PRINT (.\Lis\GPIO_RTC_Test.m51) RAMSIZE (25
>> 6)


MEMORY MODEL: LARGE WITH FLOATING POINT ARITHMETIC


INPUT MODULES INCLUDED:
  .\Obj\main.obj (MAIN)
  .\Obj\PCF85063BTL.obj (PCF85063BTL)
  .\Obj\UART1.obj (UART1)
  .\Obj\LCd_Driver_SPLC780D.obj (LCD_DRIVER_SPLC780D)
  .\Obj\KeyPad.obj (KEYPAD)
  .\Obj\BipolarMotor.obj (BIPOLARMOTOR)
  .\Obj\SunPos.obj (SUNPOS)
  .\Obj\ADC.obj (ADC)
  .\Obj\Calibration.obj (CALIBRATION)
  .\Obj\IOExpander_PI4IOE5V96248.obj (IOEXPANDER_PI4IOE5V96248)
  .\Obj\AT25SF041.obj (AT25SF041)
  .\Obj\STARTUP.obj (?C_STARTUP)
  C:\KEIL_V5\C51\LIB\C51FPL.LIB (?C?FPADD)
  C:\KEIL_V5\C51\LIB\C51FPL.LIB (?C?FPMUL)
  C:\KEIL_V5\C51\LIB\C51FPL.LIB (?C?FPDIV)
  C:\KEIL_V5\C51\LIB\C51FPL.LIB (?C?FPCMP)
  C:\KEIL_V5\C51\LIB\C51FPL.LIB (?C?FPNEG)
  C:\KEIL_V5\C51\LIB\C51FPL.LIB (?C?FCAST)
  C:\KEIL_V5\C51\LIB\C51FPL.LIB (?C?CASTF)
  C:\KEIL_V5\C51\LIB\C51FPL.LIB (ATAN2)
  C:\KEIL_V5\C51\LIB\C51FPL.LIB (SIN)
  C:\KEIL_V5\C51\LIB\C51FPL.LIB (ACOS)
  C:\KEIL_V5\C51\LIB\C51FPL.LIB (ASIN)
  C:\KEIL_V5\C51\LIB\C51FPL.LIB (?C?FPGETOPN)
  C:\KEIL_V5\C51\LIB\C51FPL.LIB (?C?FPSERIES)
  C:\KEIL_V5\C51\LIB\C51FPL.LIB (SQRT)
  C:\KEIL_V5\C51\LIB\C51FPL.LIB (ATAN)
  C:\KEIL_V5\C51\LIB\C51L.LIB (?C_INIT)
  C:\KEIL_V5\C51\LIB\C51L.LIB (?C?COPY)
  C:\KEIL_V5\C51\LIB\C51L.LIB (?C?CLDPTR)
  C:\KEIL_V5\C51\LIB\C51L.LIB (?C?CLDOPTR)
  C:\KEIL_V5\C51\LIB\C51L.LIB (?C?CSTPTR)
  C:\KEIL_V5\C51\LIB\C51L.LIB (?C?IMUL)
  C:\KEIL_V5\C51\LIB\C51L.LIB (?C?UIDIV)
  C:\KEIL_V5\C51\LIB\C51L.LIB (?C?SIDIV)
  C:\KEIL_V5\C51\LIB\C51L.LIB (?C?IILDX)
  C:\KEIL_V5\C51\LIB\C51L.LIB (?C?ILDIX)
  C:\KEIL_V5\C51\LIB\C51L.LIB (?C?ILDOPTR)
  C:\KEIL_V5\C51\LIB\C51L.LIB (?C?ISTPTR)
  C:\KEIL_V5\C51\LIB\C51L.LIB (?C?LMUL)
  C:\KEIL_V5\C51\LIB\C51L.LIB (?C?SLDIV)
  C:\KEIL_V5\C51\LIB\C51L.LIB (?C?LNEG)
  C:\KEIL_V5\C51\LIB\C51L.LIB (?C?ULCMP)
  C:\KEIL_V5\C51\LIB\C51L.LIB (?C?LSHL)
  C:\KEIL_V5\C51\LIB\C51L.LIB (?C?LLDPTR)
  C:\KEIL_V5\C51\LIB\C51L.LIB (?C?LLDOPTR)
  C:\KEIL_V5\C51\LIB\C51L.LIB (?C?LSTPTR)
BL51 BANKED LINKER/LOCATER V6.22                                                      02/20/2019  17:23:35  PAGE 2


  C:\KEIL_V5\C51\LIB\C51L.LIB (?C?LSTOPTR)
  C:\KEIL_V5\C51\LIB\C51L.LIB (?C?LLDXDATA)
  C:\KEIL_V5\C51\LIB\C51L.LIB (?C?LLDCODE)
  C:\KEIL_V5\C51\LIB\C51L.LIB (?C?LLDXDATA0)
  C:\KEIL_V5\C51\LIB\C51L.LIB (?C?LLDCODE0)
  C:\KEIL_V5\C51\LIB\C51L.LIB (?C?LLDPTR0)
  C:\KEIL_V5\C51\LIB\C51L.LIB (?C?LSTXDATA)
  C:\KEIL_V5\C51\LIB\C51L.LIB (?C?LSTKXDATA)
  C:\KEIL_V5\C51\LIB\C51L.LIB (?C?LSTKPTR)
  C:\KEIL_V5\C51\LIB\C51L.LIB (?C?OFFXADD)
  C:\KEIL_V5\C51\LIB\C51L.LIB (ABS)
  C:\KEIL_V5\C51\LIB\C51L.LIB (ATOI)
  C:\KEIL_V5\C51\LIB\C51L.LIB (?C?ULDIV)
  C:\KEIL_V5\C51\LIB\C51L.LIB (?C?LLDIDATA)
  C:\KEIL_V5\C51\LIB\C51L.LIB (?C?LLDPDATA)
  C:\KEIL_V5\C51\LIB\C51L.LIB (?C?LLDIDATA0)
  C:\KEIL_V5\C51\LIB\C51L.LIB (?C?LLDPDATA0)
  C:\KEIL_V5\C51\LIB\C51L.LIB (?C?LSTIDATA)
  C:\KEIL_V5\C51\LIB\C51L.LIB (?C?LSTPDATA)
  C:\KEIL_V5\C51\LIB\C51L.LIB (?C?LSTKIDATA)
  C:\KEIL_V5\C51\LIB\C51L.LIB (?C?LSTKPDATA)
  C:\KEIL_V5\C51\LIB\C51L.LIB (ISDIGIT)
  C:\KEIL_V5\C51\LIB\C51L.LIB (ISSPACE)


LINK MAP OF MODULE:  .\Obj\GPIO_RTC_Test (MAIN)


            TYPE    BASE      LENGTH    RELOCATION   SEGMENT NAME
            -----------------------------------------------------

            * * * * * * *   D A T A   M E M O R Y   * * * * * * *
            REG     0000H     0008H     ABSOLUTE     "REG BANK 0"
                    0008H     0018H                  *** GAP ***
            BIT     0020H.0   0000H.5   UNIT         ?BI?KEYPAD
            BIT     0020H.5   0000H.3   UNIT         _BIT_GROUP_
            BIT     0021H.0   0000H.1   UNIT         ?BI?MAIN
            BIT     0021H.1   0000H.1   UNIT         ?BI?_ATOI?ATOI
                    0021H.2   0000H.6                *** GAP ***
            IDATA   0022H     0001H     UNIT         ?STACK

            * * * * * * *  X D A T A   M E M O R Y  * * * * * * *
            XDATA   0000H     038FH     UNIT         ?XD?BIPOLARMOTOR
            XDATA   038FH     0151H     UNIT         _XDATA_GROUP_
            XDATA   04E0H     00D4H     UNIT         ?XD?MAIN
            XDATA   05B4H     0040H     UNIT         ?XD?_FINDDET4X4?BIPOLARMOTOR
            XDATA   05F4H     0024H     UNIT         ?XD?_FINDDET3X3?BIPOLARMOTOR
            XDATA   0618H     0018H     UNIT         ?XD?VOLTAGE_IS_STABLE?CALIBRATION
            XDATA   0630H     0009H     UNIT         ?XD?KEYPAD
            XDATA   0639H     0008H     UNIT         ?XD?_AT25SF041_READ?AT25SF041
            XDATA   0641H     0005H     UNIT         ?XD?_ATOI?ATOI
            XDATA   0646H     0004H     UNIT         ?XD?_DISPLAY_PROX?MAIN
            XDATA   064AH     0003H     UNIT         ?XD?_SENDSTRING?UART1
            XDATA   064DH     0001H     UNIT         ?XD?UC_ACK?IOEXPANDER_PI4IOE5V96248
            XDATA   064EH     0001H     UNIT         ?XD?UC_NACK?IOEXPANDER_PI4IOE5V96248

            * * * * * * *   C O D E   M E M O R Y   * * * * * * *
BL51 BANKED LINKER/LOCATER V6.22                                                      02/20/2019  17:23:35  PAGE 3


            CODE    0000H     0003H     ABSOLUTE     
            CODE    0003H     0006H     UNIT         ?PR?_TEN?UART1
            CODE    0009H     0001H     UNIT         ?PR?TM0_ISR?MAIN
            CODE    000AH     0001H     UNIT         ?PR?_DECTOBCD?UART1
            CODE    000BH     0003H     ABSOLUTE     
            CODE    000EH     0B00H     UNIT         ?PR?_UPDATE_POSITION?BIPOLARMOTOR
            CODE    0B0EH     09B6H     UNIT         ?C?LIB_CODE
            CODE    14C4H     09B5H     UNIT         ?PR?MAIN?MAIN
            CODE    1E79H     07A2H     UNIT         ?PR?SUNPOS?SUNPOS
            CODE    261BH     03F2H     UNIT         ?C_INITSEG
            CODE    2A0DH     0309H     UNIT         ?PR?_FIND_REAL_MAX?CALIBRATION
            CODE    2D16H     02C0H     UNIT         ?PR?_FINDDET4X4?BIPOLARMOTOR
            CODE    2FD6H     02A0H     UNIT         ?PR?KEY_PROCESS?KEYPAD
            CODE    3276H     021AH     UNIT         ?PR?_SPI_NOR_WRITE_DATA?AT25SF041
            CODE    3490H     01D1H     UNIT         ?PR?_FINDDET3X3?BIPOLARMOTOR
            CODE    3661H     018DH     UNIT         ?PR?KEY_SCAN?KEYPAD
            CODE    37EEH     0188H     UNIT         ?PR?SIN?SIN
            CODE    3976H     0172H     UNIT         ?PR?_DISPLAY_POS?MAIN
            CODE    3AE8H     012CH     UNIT         ?PR?_CALIBRATION?CALIBRATION
            CODE    3C14H     0122H     UNIT         ?PR?ATAN?ATAN
            CODE    3D36H     0106H     UNIT         ?PR?_AT25SF041_READ?AT25SF041
            CODE    3E3CH     00FEH     UNIT         ?PR?_AT25SF041_WRITE?AT25SF041
            CODE    3F3AH     00DBH     UNIT         ?PR?_ATOI?ATOI
            CODE    4015H     00C3H     UNIT         ?PR?LINEAR_INTERPOLATE?BIPOLARMOTOR
            CODE    40D8H     00BBH     UNIT         ?PR?VOLTAGE_IS_STABLE?CALIBRATION
            CODE    4193H     00ADH     UNIT         ?PR?_WRITE_PI4IOE5V96248?IOEXPANDER_PI4IOE5V96248
            CODE    4240H     00ACH     UNIT         ?PR?SQRT?SQRT
            CODE    42ECH     00A1H     UNIT         ?PR?READ_STATUS_REGISTER_BYTE1?AT25SF041
            CODE    438DH     009DH     UNIT         ?PR?_ATAN2?ATAN2
            CODE    442AH     009CH     UNIT         ?PR?_MAX_VALUE?CALIBRATION
            CODE    44C6H     0095H     UNIT         ?PR?_DISPLAY_PROX?MAIN
            CODE    455BH     008CH     UNIT         ?C_C51STARTUP
            CODE    45E7H     0084H     UNIT         ?PR?_DAY_OF_YEAR?PCF85063BTL
            CODE    466BH     0075H     UNIT         ?PR?_WRITEDATA?LCD_DRIVER_SPLC780D
            CODE    46E0H     006FH     UNIT         ?PR?_READ_TIME?PCF85063BTL
            CODE    474FH     005AH     UNIT         ?PR?AT25SF041_CHIPERASE?AT25SF041
            CODE    47A9H     005AH     UNIT         ?PR?AT25SF041_WRITEENABLE?AT25SF041
            CODE    4803H     0059H     UNIT         ?PR?LCD_INIT?LCD_DRIVER_SPLC780D
            CODE    485CH     004AH     UNIT         ?PR?VONESTEPMOVE?BIPOLARMOTOR
            CODE    48A6H     004AH     UNIT         ?PR?ACOS?ACOS
            CODE    48F0H     0044H     UNIT         ?C?LDIV
            CODE    4934H     0040H     UNIT         ?PR?_COMMAND?LCD_DRIVER_SPLC780D
            CODE    4974H     0040H     UNIT         ?PR?_STEP_MOVE?BIPOLARMOTOR
            CODE    49B4H     003BH     UNIT         ?PR?ASIN?ASIN
            CODE    49EFH     0033H     UNIT         ?PR?_SENDSTRING?UART1
            CODE    4A22H     002CH     UNIT         ?PR?_ADC_GETRESULT?ADC
            CODE    4A4EH     002BH     UNIT         ?PR?_WAIT_MS_I2C?IOEXPANDER_PI4IOE5V96248
            CODE    4A79H     002BH     UNIT         ?PR?_WAIT_MS_SPINOR?AT25SF041
            CODE    4AA4H     0028H     UNIT         ?PR?_MOVE?BIPOLARMOTOR
            CODE    4ACCH     0027H     UNIT         ?PR?_I2C_SENDBYTE?IOEXPANDER_PI4IOE5V96248
            CODE    4AF3H     0024H     UNIT         ?PR?_WAIT_MS?LCD_DRIVER_SPLC780D
            CODE    4B17H     0020H     UNIT         ?PR?_SPI_SENDBYTE?PCF85063BTL
            CODE    4B37H     0020H     UNIT         ?PR?SPI_RECEIVEBYTE?PCF85063BTL
            CODE    4B57H     001FH     UNIT         ?PR?ADC_INIT?ADC
            CODE    4B76H     001EH     UNIT         ?PR?_DELAY_MS?KEYPAD
            CODE    4B94H     001DH     UNIT         ?PR?_DISPLAYLCD?LCD_DRIVER_SPLC780D
            CODE    4BB1H     001BH     UNIT         ?PR?_BCDTODEC1?BIPOLARMOTOR
BL51 BANKED LINKER/LOCATER V6.22                                                      02/20/2019  17:23:35  PAGE 4


            CODE    4BCCH     0018H     UNIT         ?PR?_SPI_WRITETIME?PCF85063BTL
            CODE    4BE4H     0017H     UNIT         ?PR?_ASCIITOBCD?UART1
            CODE    4BFBH     0016H     UNIT         ?PR?I2C_ACK?IOEXPANDER_PI4IOE5V96248
            CODE    4C11H     0015H     UNIT         ?PR?_DISPLAY_LINE?LCD_DRIVER_SPLC780D
            CODE    4C26H     0015H     UNIT         ?PR?I2C_STOP?IOEXPANDER_PI4IOE5V96248
            CODE    4C3BH     0014H     UNIT         ?PR?_PCF85063BTL_DELAY?PCF85063BTL
            CODE    4C4FH     0014H     UNIT         ?PR?_ISSPACE?ISSPACE
            CODE    4C63H     0011H     UNIT         ?PR?_SPI_READTIME?PCF85063BTL
            CODE    4C74H     0011H     UNIT         ?PR?_BCDTODEC?PCF85063BTL
            CODE    4C85H     0011H     UNIT         ?PR?INITUART1?UART1
            CODE    4C96H     000FH     UNIT         ?PR?I2C_START?IOEXPANDER_PI4IOE5V96248
            CODE    4CA5H     000FH     UNIT         ?PR?UC_NACK?IOEXPANDER_PI4IOE5V96248
            CODE    4CB4H     000FH     UNIT         ?PR?_ISDIGIT?ISDIGIT
            CODE    4CC3H     000DH     UNIT         ?PR?SPI_INIT?PCF85063BTL
            CODE    4CD0H     000CH     UNIT         ?PR?KEYPAD_IO_INIT?KEYPAD
            CODE    4CDCH     000CH     UNIT         ?PR?_ABS?ABS
            CODE    4CE8H     000AH     UNIT         ?PR?LCD_RETURN_HOME?LCD_DRIVER_SPLC780D
            CODE    4CF2H     000AH     UNIT         ?PR?LCD_CLEAR?LCD_DRIVER_SPLC780D
            CODE    4CFCH     0006H     UNIT         ?PR?UC_ACK?IOEXPANDER_PI4IOE5V96248
            CODE    4D02H     0005H     UNIT         ?PR?_UNIT?UART1
            CODE    4D07H     0005H     UNIT         ?PR?_ASCII_LETTER?UART1
            CODE    4D0CH     0001H     UNIT         ?PR?WAIT?BIPOLARMOTOR
            CODE    4D0DH     0001H     UNIT         ?PR?NOP?IOEXPANDER_PI4IOE5V96248



OVERLAY MAP OF MODULE:   .\Obj\GPIO_RTC_Test (MAIN)


SEGMENT                                             BIT_GROUP          XDATA_GROUP
  +--> CALLED SEGMENT                            START    LENGTH     START    LENGTH
------------------------------------------------------------------------------------
?C_C51STARTUP                                    -----    -----      -----    -----
  +--> ?PR?MAIN?MAIN
  +--> ?C_INITSEG

?PR?MAIN?MAIN                                    -----    -----      038FH    0030H
  +--> ?PR?LCD_INIT?LCD_DRIVER_SPLC780D
  +--> ?PR?SPI_INIT?PCF85063BTL
  +--> ?PR?KEYPAD_IO_INIT?KEYPAD
  +--> ?PR?ADC_INIT?ADC
  +--> ?PR?_SPI_WRITETIME?PCF85063BTL
  +--> ?PR?_DELAY_MS?KEYPAD
  +--> ?PR?_DISPLAY_LINE?LCD_DRIVER_SPLC780D
  +--> ?PR?_WRITEDATA?LCD_DRIVER_SPLC780D
  +--> ?PR?KEY_PROCESS?KEYPAD
  +--> ?PR?_COMMAND?LCD_DRIVER_SPLC780D
  +--> ?PR?_DISPLAY_POS?MAIN
  +--> ?PR?_DISPLAYLCD?LCD_DRIVER_SPLC780D
  +--> ?PR?_STEP_MOVE?BIPOLARMOTOR
  +--> ?PR?LCD_RETURN_HOME?LCD_DRIVER_SPLC780D
  +--> ?PR?_READ_TIME?PCF85063BTL
  +--> ?PR?_ADC_GETRESULT?ADC
  +--> ?PR?_BCDTODEC1?BIPOLARMOTOR
  +--> ?PR?_CALIBRATION?CALIBRATION
  +--> ?PR?_SPI_NOR_WRITE_DATA?AT25SF041
  +--> ?PR?LINEAR_INTERPOLATE?BIPOLARMOTOR
BL51 BANKED LINKER/LOCATER V6.22                                                      02/20/2019  17:23:35  PAGE 5


  +--> ?PR?_UPDATE_POSITION?BIPOLARMOTOR

?PR?LCD_INIT?LCD_DRIVER_SPLC780D                 -----    -----      -----    -----
  +--> ?PR?_WAIT_MS?LCD_DRIVER_SPLC780D
  +--> ?PR?_COMMAND?LCD_DRIVER_SPLC780D

?PR?_COMMAND?LCD_DRIVER_SPLC780D                 -----    -----      -----    -----
  +--> ?PR?_WAIT_MS?LCD_DRIVER_SPLC780D

?PR?ADC_INIT?ADC                                 -----    -----      -----    -----
  +--> ?PR?_WAIT_MS?LCD_DRIVER_SPLC780D

?PR?_SPI_WRITETIME?PCF85063BTL                   -----    -----      -----    -----
  +--> ?PR?_SPI_SENDBYTE?PCF85063BTL

?PR?_SPI_SENDBYTE?PCF85063BTL                    -----    -----      -----    -----
  +--> ?PR?_PCF85063BTL_DELAY?PCF85063BTL

?PR?_DISPLAY_LINE?LCD_DRIVER_SPLC780D            -----    -----      -----    -----
  +--> ?PR?_COMMAND?LCD_DRIVER_SPLC780D

?PR?_WRITEDATA?LCD_DRIVER_SPLC780D               -----    -----      046CH    0001H
  +--> ?PR?_WAIT_MS?LCD_DRIVER_SPLC780D

?PR?KEY_PROCESS?KEYPAD                           -----    -----      03BFH    0006H
  +--> ?PR?KEY_SCAN?KEYPAD
  +--> ?PR?_SPI_WRITETIME?PCF85063BTL
  +--> ?PR?LCD_CLEAR?LCD_DRIVER_SPLC780D
  +--> ?PR?_COMMAND?LCD_DRIVER_SPLC780D
  +--> ?PR?_WRITEDATA?LCD_DRIVER_SPLC780D

?PR?KEY_SCAN?KEYPAD                              -----    -----      03C5H    0003H

?PR?LCD_CLEAR?LCD_DRIVER_SPLC780D                -----    -----      -----    -----
  +--> ?PR?_COMMAND?LCD_DRIVER_SPLC780D

?PR?_DISPLAY_POS?MAIN                            -----    -----      0462H    000AH
  +--> ?PR?_ABS?ABS
  +--> ?PR?_WRITEDATA?LCD_DRIVER_SPLC780D

?PR?_DISPLAYLCD?LCD_DRIVER_SPLC780D              -----    -----      03BFH    0001H
  +--> ?PR?_WRITEDATA?LCD_DRIVER_SPLC780D

?PR?_STEP_MOVE?BIPOLARMOTOR                      0020H.6  0000H.1    047BH    0004H
  +--> ?PR?VONESTEPMOVE?BIPOLARMOTOR

?PR?VONESTEPMOVE?BIPOLARMOTOR                    0020H.7  0000H.1    -----    -----
  +--> ?PR?_WRITE_PI4IOE5V96248?IOEXPANDER_P...
  +--> ?PR?_DELAY_MS?KEYPAD

?PR?_WRITE_PI4IOE5V96248?IOEXPANDER_P...         -----    -----      047FH    0003H
  +--> ?PR?I2C_START?IOEXPANDER_PI4IOE5V96248
  +--> ?PR?_WAIT_MS_I2C?IOEXPANDER_PI4IOE5V9...
  +--> ?PR?_I2C_SENDBYTE?IOEXPANDER_PI4IOE5V...
  +--> ?PR?I2C_ACK?IOEXPANDER_PI4IOE5V96248
  +--> ?PR?I2C_STOP?IOEXPANDER_PI4IOE5V96248

BL51 BANKED LINKER/LOCATER V6.22                                                      02/20/2019  17:23:35  PAGE 6


?PR?I2C_START?IOEXPANDER_PI4IOE5V96248           -----    -----      -----    -----
  +--> ?PR?_WAIT_MS_I2C?IOEXPANDER_PI4IOE5V9...

?PR?_I2C_SENDBYTE?IOEXPANDER_PI4IOE5V...         -----    -----      -----    -----
  +--> ?PR?_WAIT_MS_I2C?IOEXPANDER_PI4IOE5V9...

?PR?I2C_ACK?IOEXPANDER_PI4IOE5V96248             -----    -----      0482H    0001H
  +--> ?PR?_WAIT_MS_I2C?IOEXPANDER_PI4IOE5V9...

?PR?I2C_STOP?IOEXPANDER_PI4IOE5V96248            -----    -----      -----    -----
  +--> ?PR?_WAIT_MS_I2C?IOEXPANDER_PI4IOE5V9...

?PR?LCD_RETURN_HOME?LCD_DRIVER_SPLC780D          -----    -----      -----    -----
  +--> ?PR?_COMMAND?LCD_DRIVER_SPLC780D

?PR?_READ_TIME?PCF85063BTL                       -----    -----      03BFH    000FH
  +--> ?PR?_SPI_READTIME?PCF85063BTL

?PR?_SPI_READTIME?PCF85063BTL                    -----    -----      -----    -----
  +--> ?PR?_SPI_SENDBYTE?PCF85063BTL
  +--> ?PR?SPI_RECEIVEBYTE?PCF85063BTL

?PR?SPI_RECEIVEBYTE?PCF85063BTL                  -----    -----      -----    -----
  +--> ?PR?_PCF85063BTL_DELAY?PCF85063BTL

?PR?_CALIBRATION?CALIBRATION                     -----    -----      03BFH    0019H
  +--> ?PR?_UPDATE_POSITION?BIPOLARMOTOR
  +--> ?PR?_FIND_REAL_MAX?CALIBRATION

?PR?_UPDATE_POSITION?BIPOLARMOTOR                -----    -----      03D8H    009FH
  +--> ?PR?_BCDTODEC1?BIPOLARMOTOR
  +--> ?PR?SUNPOS?SUNPOS
  +--> ?PR?SIN?SIN
  +--> ?PR?ASIN?ASIN
  +--> ?PR?LINEAR_INTERPOLATE?BIPOLARMOTOR
  +--> ?PR?_ABS?ABS
  +--> ?PR?_MOVE?BIPOLARMOTOR

?PR?SUNPOS?SUNPOS                                -----    -----      0477H    005DH
  +--> ?PR?SIN?SIN
  +--> ?PR?_ATAN2?ATAN2
  +--> ?PR?ASIN?ASIN
  +--> ?PR?ACOS?ACOS

?PR?SIN?SIN                                      0020H.5  0000H.1    04D4H    0004H

?PR?_ATAN2?ATAN2                                 -----    -----      04D4H    0008H
  +--> ?PR?ATAN?ATAN

?PR?ATAN?ATAN                                    0020H.5  0000H.2    04DCH    0004H

?PR?ASIN?ASIN                                    -----    -----      -----    -----
  +--> ?PR?SQRT?SQRT
  +--> ?PR?ATAN?ATAN

?PR?SQRT?SQRT                                    -----    -----      04D4H    0004H

BL51 BANKED LINKER/LOCATER V6.22                                                      02/20/2019  17:23:35  PAGE 7


?PR?ACOS?ACOS                                    -----    -----      -----    -----
  +--> ?PR?SQRT?SQRT
  +--> ?PR?ATAN?ATAN

?PR?LINEAR_INTERPOLATE?BIPOLARMOTOR              -----    -----      0477H    0014H

?PR?_MOVE?BIPOLARMOTOR                           0020H.5  0000H.1    0477H    0004H
  +--> ?PR?_STEP_MOVE?BIPOLARMOTOR

?PR?_FIND_REAL_MAX?CALIBRATION                   -----    -----      03D8H    008AH
  +--> ?PR?_ADC_GETRESULT?ADC
  +--> ?PR?_MOVE?BIPOLARMOTOR
  +--> ?PR?_COMMAND?LCD_DRIVER_SPLC780D
  +--> ?PR?_WRITEDATA?LCD_DRIVER_SPLC780D
  +--> ?PR?_DISPLAY_POS?MAIN
  +--> ?PR?_WAIT_MS?LCD_DRIVER_SPLC780D
  +--> ?PR?_MAX_VALUE?CALIBRATION

?PR?_MAX_VALUE?CALIBRATION                       -----    -----      0462H    0004H

?PR?_SPI_NOR_WRITE_DATA?AT25SF041                -----    -----      03BFH    0006H
  +--> ?PR?AT25SF041_WRITEENABLE?AT25SF041
  +--> ?PR?AT25SF041_CHIPERASE?AT25SF041
  +--> ?PR?_WAIT_MS_SPINOR?AT25SF041
  +--> ?PR?_AT25SF041_WRITE?AT25SF041

?PR?AT25SF041_WRITEENABLE?AT25SF041              -----    -----      03C5H    0002H
  +--> ?PR?_WAIT_MS_SPINOR?AT25SF041

?PR?AT25SF041_CHIPERASE?AT25SF041                -----    -----      03C5H    0002H
  +--> ?PR?_WAIT_MS_SPINOR?AT25SF041
  +--> ?PR?READ_STATUS_REGISTER_BYTE1?AT25SF041

?PR?READ_STATUS_REGISTER_BYTE1?AT25SF041         -----    -----      03C7H    0003H
  +--> ?PR?_WAIT_MS_SPINOR?AT25SF041

?PR?_AT25SF041_WRITE?AT25SF041                   -----    -----      03C5H    0008H
  +--> ?PR?_WAIT_MS_SPINOR?AT25SF041



UNRESOLVED EXTERNAL SYMBOLS:
   AUTO_MODE
   _SENDUART1



SYMBOL TABLE OF MODULE:  .\Obj\GPIO_RTC_Test (MAIN)

  VALUE           TYPE          NAME
  ----------------------------------

  -------         MODULE        MAIN
  C:0000H         SYMBOL        _ICE_DUMMY_
  X:04E8H         PUBLIC        calib_value
  D:0080H         PUBLIC        P0
  D:00B2H         PUBLIC        P3M0
BL51 BANKED LINKER/LOCATER V6.22                                                      02/20/2019  17:23:35  PAGE 8


  D:0090H         PUBLIC        P1
  D:00B1H         PUBLIC        P3M1
  D:00A0H         PUBLIC        P2
  D:00B0H         PUBLIC        P3
  D:00C0H         PUBLIC        P4
  D:00C8H         PUBLIC        P5
  X:053CH         SYMBOL        PressedKey
  B:00A8H.7       PUBLIC        EA
  D:00E8H         PUBLIC        P6
  X:0540H         PUBLIC        calib_stamp
  D:00F8H         PUBLIC        P7
  X:0541H         PUBLIC        RX_Data_Uart_Cnt
  D:00A8H         PUBLIC        IE
  X:0543H         PUBLIC        calib_time
  D:00B8H         PUBLIC        IP
  X:0597H         PUBLIC        months
  D:00D8H         PUBLIC        CCON
  C:14C4H         PUBLIC        main
  X:0598H         PUBLIC        count
  X:059AH         PUBLIC        days
  X:059BH         PUBLIC        hours
  D:0098H         PUBLIC        SCON
  D:0089H         PUBLIC        TMOD
  D:0088H         PUBLIC        TCON
  B:00A0H.3       PUBLIC        P23
  X:059CH         SYMBOL        KeyCount
  X:059EH         PUBLIC        mins
  X:059FH         PUBLIC        Rec_data_hour
  B:00C8H.5       PUBLIC        P55
  X:05A2H         PUBLIC        Rec_data_min
  D:008EH         PUBLIC        AUXR
  C:0009H         PUBLIC        tm0_isr
  B:0021H.0       PUBLIC        busy
  B:00A8H.1       PUBLIC        ET0
  D:008CH         PUBLIC        TH0
  X:05A5H         PUBLIC        hour_count
  D:008AH         PUBLIC        TL0
  X:05A6H         PUBLIC        min_count
  B:0088H.4       PUBLIC        TR0
  X:05A7H         SYMBOL        KeyNum
  X:05A8H         SYMBOL        KeyNum_Old
  X:05A9H         PUBLIC        current_position
  X:05ADH         PUBLIC        hours1
  X:05AEH         PUBLIC        hours2
  C:44C6H         PUBLIC        _Display_Prox
  X:05AFH         PUBLIC        mins1
  X:05B0H         PUBLIC        mins2
  C:3976H         PUBLIC        _Display_Pos
  X:05B1H         PUBLIC        seconds
  X:05B2H         PUBLIC        st_time
  D:00D0H         PUBLIC        PSW
  -------         PROC          TM0_ISR
  C:0009H         LINE#         85
  C:0009H         LINE#         87
  -------         ENDPROC       TM0_ISR
  -------         PROC          MAIN
  -------         DO            
BL51 BANKED LINKER/LOCATER V6.22                                                      02/20/2019  17:23:35  PAGE 9


  X:038FH         SYMBOL        sunlight_ADC
  X:04E0H         SYMBOL        KeyCount
  X:04E2H         SYMBOL        KeyNum_Old
  X:04E3H         SYMBOL        KeyNum
  X:04E4H         SYMBOL        PressedKey
  X:0391H         SYMBOL        prox_flag
  X:0392H         SYMBOL        iUse_prevday_calib_value
  X:0394H         SYMBOL        max_ADC_Val
  X:0396H         SYMBOL        max_ADC_Val_JP
  X:0398H         SYMBOL        calib_point1
  X:03A0H         SYMBOL        calib_point2
  X:03A8H         SYMBOL        dat_to_store
  X:03B3H         SYMBOL        calib_day
  X:03B5H         SYMBOL        calib_count
  X:03B7H         SYMBOL        theorical_JP_max_pos
  X:03BBH         SYMBOL        SPI_NOR_INTERNAL_FLASH_ADDR
  -------         ENDDO         
  C:14C4H         LINE#         89
  C:14C4H         LINE#         90
  C:14C4H         LINE#         95
  C:14CAH         LINE#         96
  C:14D3H         LINE#         100
  C:14D9H         LINE#         101
  C:14E3H         LINE#         102
  C:14EDH         LINE#         106
  C:14EFH         LINE#         107
  C:14F1H         LINE#         108
  C:14F3H         LINE#         109
  C:14F5H         LINE#         111
  C:14FCH         LINE#         120
  C:14FEH         LINE#         121
  C:1501H         LINE#         122
  C:1504H         LINE#         123
  C:1507H         LINE#         124
  C:150AH         LINE#         125
  C:150DH         LINE#         128
  C:1510H         LINE#         130
  C:1513H         LINE#         131
  C:1516H         LINE#         132
  C:1519H         LINE#         133
  C:151BH         LINE#         134
  C:151DH         LINE#         135
  C:151FH         LINE#         137
  C:1521H         LINE#         138
  C:1528H         LINE#         139
  C:152FH         LINE#         140
  C:1536H         LINE#         141
  C:153DH         LINE#         145
  C:1544H         LINE#         146
  C:1549H         LINE#         147
  C:154EH         LINE#         148
  C:1553H         LINE#         149
  C:1558H         LINE#         150
  C:155DH         LINE#         153
  C:1576H         LINE#         154
  C:1576H         LINE#         155
  C:1592H         LINE#         156
BL51 BANKED LINKER/LOCATER V6.22                                                      02/20/2019  17:23:35  PAGE 10


  C:15D9H         LINE#         157
  C:15EAH         LINE#         158
  C:15EAH         LINE#         159
  C:15EAH         LINE#         160
  C:15EDH         LINE#         163
  C:15EDH         LINE#         166
  C:15F2H         LINE#         167
  C:15F7H         LINE#         169
  C:15FCH         LINE#         170
  C:1601H         LINE#         171
  C:1606H         LINE#         172
  C:160BH         LINE#         174
  C:161CH         LINE#         175
  C:1621H         LINE#         176
  C:1626H         LINE#         178
  C:162DH         LINE#         179
  C:1635H         LINE#         180
  C:163AH         LINE#         181
  C:1642H         LINE#         182
  C:1647H         LINE#         183
  C:1651H         LINE#         184
  C:1656H         LINE#         185
  C:165EH         LINE#         187
  C:1666H         LINE#         188
  C:166BH         LINE#         189
  C:1675H         LINE#         190
  C:1675H         LINE#         191
  C:1677H         LINE#         192
  C:1679H         LINE#         193
  C:1683H         LINE#         194
  C:1683H         LINE#         195
  C:1688H         LINE#         196
  C:1688H         LINE#         208
  C:1695H         LINE#         209
  C:1695H         LINE#         210
  C:169FH         LINE#         211
  C:16B6H         LINE#         212
  C:16B6H         LINE#         213
  C:16B8H         LINE#         214
  C:16BAH         LINE#         216
  C:16BAH         LINE#         217
  C:16C5H         LINE#         218
  C:16C5H         LINE#         219
  C:16CAH         LINE#         220
  C:16CAH         LINE#         221
  C:16D7H         LINE#         222
  C:16D7H         LINE#         225
  C:16E1H         LINE#         226
  C:16F8H         LINE#         227
  C:16F8H         LINE#         228
  C:16FAH         LINE#         229
  C:16FCH         LINE#         231
  C:16FCH         LINE#         232
  C:1707H         LINE#         233
  C:1707H         LINE#         234
  C:170CH         LINE#         235
  C:170EH         LINE#         236
BL51 BANKED LINKER/LOCATER V6.22                                                      02/20/2019  17:23:35  PAGE 11


  C:170EH         LINE#         245
  C:1730H         LINE#         246
  C:1730H         LINE#         247
  C:173AH         LINE#         248
  C:1740H         LINE#         249
  C:1742H         LINE#         250
  C:1744H         LINE#         251
  C:1746H         LINE#         252
  C:1746H         LINE#         253
  C:1749H         LINE#         255
  C:1749H         LINE#         256
  C:174FH         LINE#         257
  C:1757H         LINE#         258
  C:175DH         LINE#         259
  C:1765H         LINE#         260
  C:17A0H         LINE#         264
  C:17ADH         LINE#         265
  C:17ADH         LINE#         266
  C:17BAH         LINE#         267
  C:17EDH         LINE#         268
  C:17FAH         LINE#         269
  C:17FAH         LINE#         271
  C:1829H         LINE#         272
  C:1829H         LINE#         273
  C:184BH         LINE#         274
  C:184BH         LINE#         275
  C:18C7H         LINE#         276
  C:1931H         LINE#         280
  C:1931H         LINE#         281
  C:1931H         LINE#         282
  C:1931H         LINE#         284
  C:1931H         LINE#         285
  C:1931H         LINE#         286
  C:1931H         LINE#         288
  C:1931H         LINE#         289
  C:1931H         LINE#         290
  C:1931H         LINE#         292
  C:1931H         LINE#         293
  C:1931H         LINE#         294
  C:1931H         LINE#         295
  C:1934H         LINE#         296
  C:1945H         LINE#         297
  C:1945H         LINE#         298
  C:1945H         LINE#         300
  C:1945H         LINE#         303
  C:1948H         LINE#         305
  C:1948H         LINE#         306
  C:196AH         LINE#         307
  C:196AH         LINE#         308
  C:19E6H         LINE#         309
  C:1A3BH         LINE#         310
  C:1A3BH         LINE#         311
  C:1A3BH         LINE#         312
  C:1A3EH         LINE#         316
  C:1A3EH         LINE#         319
  C:1A72H         LINE#         320
  C:1A72H         LINE#         321
BL51 BANKED LINKER/LOCATER V6.22                                                      02/20/2019  17:23:35  PAGE 12


  C:1A94H         LINE#         322
  C:1A94H         LINE#         323
  C:1B10H         LINE#         324
  C:1B8EH         LINE#         328
  C:1B96H         LINE#         329
  C:1B9EH         LINE#         330
  C:1BA6H         LINE#         332
  C:1BAEH         LINE#         333
  C:1BB7H         LINE#         334
  C:1BCDH         LINE#         336
  C:1BFCH         LINE#         337
  C:1C05H         LINE#         338
  C:1C0EH         LINE#         340
  C:1C24H         LINE#         341
  C:1C53H         LINE#         342
  C:1C6AH         LINE#         344
  C:1C6DH         LINE#         345
  C:1C7EH         LINE#         346
  C:1C7EH         LINE#         347
  C:1C86H         LINE#         349
  C:1C86H         LINE#         352
  C:1C89H         LINE#         354
  C:1C89H         LINE#         356
  C:1CABH         LINE#         357
  C:1CABH         LINE#         358
  C:1D27H         LINE#         360
  C:1D54H         LINE#         361
  C:1D6FH         LINE#         362
  C:1D9CH         LINE#         363
  C:1DB7H         LINE#         365
  C:1E53H         LINE#         368
  C:1E53H         LINE#         369
  C:1E53H         LINE#         370
  C:1E53H         LINE#         372
  C:1E53H         LINE#         375
  C:1E6FH         LINE#         376
  C:1E74H         LINE#         378
  C:1E76H         LINE#         379
  -------         ENDPROC       MAIN
  -------         PROC          _DISPLAY_PROX
  D:0002H         SYMBOL        dat
  -------         DO            
  X:0646H         SYMBOL        unit
  X:0647H         SYMBOL        ten
  X:0648H         SYMBOL        hundred
  X:0649H         SYMBOL        thousand
  -------         ENDDO         
  C:44C6H         LINE#         463
  C:44CAH         LINE#         464
  C:44CAH         LINE#         466
  C:44D6H         LINE#         467
  C:44E6H         LINE#         468
  C:4502H         LINE#         469
  C:4532H         LINE#         470
  C:453CH         LINE#         471
  C:4546H         LINE#         472
  C:4550H         LINE#         473
BL51 BANKED LINKER/LOCATER V6.22                                                      02/20/2019  17:23:35  PAGE 13


  C:455AH         LINE#         475
  -------         ENDPROC       _DISPLAY_PROX
  -------         PROC          _DISPLAY_POS
  X:0462H         SYMBOL        sign_dat
  -------         DO            
  X:0466H         SYMBOL        unit
  X:0467H         SYMBOL        ten
  X:0468H         SYMBOL        hundred
  D:0003H         SYMBOL        thousand
  X:0469H         SYMBOL        after_dot
  X:046AH         SYMBOL        dat
  -------         ENDDO         
  C:3976H         LINE#         478
  C:397CH         LINE#         479
  C:397CH         LINE#         483
  C:3998H         LINE#         484
  C:39B2H         LINE#         485
  C:39D6H         LINE#         487
  C:3A20H         LINE#         489
  C:3A37H         LINE#         490
  C:3A44H         LINE#         491
  C:3A66H         LINE#         492
  C:3A9BH         LINE#         493
  C:3AB3H         LINE#         494
  C:3AB3H         LINE#         496
  C:3AB3H         LINE#         497
  C:3AB3H         LINE#         498
  C:3AB3H         LINE#         499
  C:3AB3H         LINE#         500
  C:3AB3H         LINE#         504
  C:3AB5H         LINE#         506
  C:3AB5H         LINE#         508
  C:3ABAH         LINE#         509
  C:3AC4H         LINE#         510
  C:3ACEH         LINE#         511
  C:3AD8H         LINE#         512
  C:3ADDH         LINE#         513
  C:3AE7H         LINE#         517
  C:3AE7H         LINE#         519
  -------         ENDPROC       _DISPLAY_POS
  -------         ENDMOD        MAIN

  -------         MODULE        PCF85063BTL
  C:0000H         SYMBOL        _ICE_DUMMY_
  D:0096H         PUBLIC        P2M0
  D:0080H         PUBLIC        P0
  D:0095H         PUBLIC        P2M1
  D:0090H         PUBLIC        P1
  D:00A0H         PUBLIC        P2
  D:00B0H         PUBLIC        P3
  D:00C0H         PUBLIC        P4
  D:00C8H         PUBLIC        P5
  D:00E8H         PUBLIC        P6
  B:00A0H.1       PUBLIC        PCF85063BTL_SDI
  D:00F8H         PUBLIC        P7
  B:00A0H.2       PUBLIC        PCF85063BTL_SCK
  B:00A0H.1       PUBLIC        PCF85063BTL_SDO
BL51 BANKED LINKER/LOCATER V6.22                                                      02/20/2019  17:23:35  PAGE 14


  D:00A8H         PUBLIC        IE
  C:46E0H         PUBLIC        _Read_time
  C:4C41H         PUBLIC        _PCF85063BTL_Delay
  D:00B8H         PUBLIC        IP
  D:00D8H         PUBLIC        CCON
  C:45E7H         PUBLIC        _Day_Of_Year
  C:4B37H         PUBLIC        SPI_ReceiveByte
  D:0098H         PUBLIC        SCON
  D:0088H         PUBLIC        TCON
  C:4C74H         PUBLIC        _BCDtoDec
  B:00A0H.0       PUBLIC        PCF85063BTL_CS
  C:4C63H         PUBLIC        _SPI_ReadTime
  C:4CC3H         PUBLIC        SPI_Init
  C:4BCCH         PUBLIC        _SPI_WriteTime
  C:4B17H         PUBLIC        _SPI_SendByte
  D:00D0H         PUBLIC        PSW
  C:4C3DH         SYMBOL        L?0047
  -------         PROC          L?0046
  -------         ENDPROC       L?0046
  C:4C3DH         SYMBOL        L?0047
  -------         PROC          _PCF85063BTL_DELAY
  D:0006H         SYMBOL        us
  C:4C41H         LINE#         8
  C:4C41H         LINE#         9
  C:4C41H         LINE#         10
  C:4C4BH         LINE#         11
  C:4C4BH         LINE#         12
  C:4C4CH         LINE#         13
  C:4C4EH         LINE#         14
  -------         ENDPROC       _PCF85063BTL_DELAY
  -------         PROC          _SPI_SENDBYTE
  D:0005H         SYMBOL        dat
  -------         DO            
  D:0003H         SYMBOL        i
  -------         ENDDO         
  C:4B17H         LINE#         17
  C:4B19H         LINE#         18
  C:4B19H         LINE#         20
  C:4B1BH         LINE#         21
  C:4B1BH         LINE#         22
  C:4B1DH         LINE#         23
  C:4B21H         LINE#         24
  C:4B21H         LINE#         25
  C:4B23H         LINE#         26
  C:4B25H         LINE#         28
  C:4B25H         LINE#         29
  C:4B27H         LINE#         30
  C:4B27H         LINE#         31
  C:4B2AH         LINE#         32
  C:4B2AH         LINE#         33
  C:4B2DH         LINE#         34
  C:4B31H         LINE#         35
  C:4B36H         LINE#         36
  -------         ENDPROC       _SPI_SENDBYTE
  -------         PROC          SPI_RECEIVEBYTE
  -------         DO            
  D:0003H         SYMBOL        i
BL51 BANKED LINKER/LOCATER V6.22                                                      02/20/2019  17:23:35  PAGE 15


  D:0005H         SYMBOL        dat
  -------         ENDDO         
  C:4B37H         LINE#         39
  C:4B37H         LINE#         40
  C:4B37H         LINE#         42
  C:4B39H         LINE#         44
  C:4B3BH         LINE#         45
  C:4B3CH         LINE#         46
  C:4B3CH         LINE#         47
  C:4B40H         LINE#         48
  C:4B42H         LINE#         49
  C:4B45H         LINE#         51
  C:4B48H         LINE#         52
  C:4B48H         LINE#         53
  C:4B4CH         LINE#         54
  C:4B4CH         LINE#         55
  C:4B4CH         LINE#         56
  C:4B4FH         LINE#         57
  C:4B54H         LINE#         58
  C:4B56H         LINE#         59
  -------         ENDPROC       SPI_RECEIVEBYTE
  -------         PROC          _SPI_READTIME
  D:0007H         SYMBOL        addr
  -------         DO            
  D:0006H         SYMBOL        dat
  -------         ENDDO         
  C:4C63H         LINE#         61
  C:4C63H         LINE#         62
  C:4C63H         LINE#         64
  C:4C65H         LINE#         65
  C:4C67H         LINE#         66
  C:4C6EH         LINE#         67
  C:4C71H         LINE#         68
  C:4C73H         LINE#         69
  C:4C73H         LINE#         70
  -------         ENDPROC       _SPI_READTIME
  -------         PROC          _SPI_WRITETIME
  D:0002H         SYMBOL        val
  D:0005H         SYMBOL        addr
  C:4BCCH         LINE#         71
  C:4BCEH         LINE#         72
  C:4BCEH         LINE#         74
  C:4BD0H         LINE#         75
  C:4BD7H         LINE#         76
  C:4BDCH         LINE#         77
  C:4BE1H         LINE#         78
  C:4BE3H         LINE#         79
  -------         ENDPROC       _SPI_WRITETIME
  -------         PROC          SPI_INIT
  C:4CC3H         LINE#         83
  C:4CC3H         LINE#         84
  C:4CC3H         LINE#         89
  C:4CC6H         LINE#         90
  C:4CC9H         LINE#         91
  C:4CCBH         LINE#         92
  C:4CCDH         LINE#         93
  C:4CCFH         LINE#         94
BL51 BANKED LINKER/LOCATER V6.22                                                      02/20/2019  17:23:35  PAGE 16


  -------         ENDPROC       SPI_INIT
  -------         PROC          _READ_TIME
  X:03BFH         SYMBOL        months
  X:03C2H         SYMBOL        days
  X:03C5H         SYMBOL        hours
  X:03C8H         SYMBOL        mins
  X:03CBH         SYMBOL        seconds
  C:46E0H         LINE#         96
  C:46EBH         LINE#         97
  C:46EBH         LINE#         99
  C:46FFH         LINE#         101
  C:4713H         LINE#         103
  C:4727H         LINE#         108
  C:473BH         LINE#         113
  -------         ENDPROC       _READ_TIME
  -------         PROC          _BCDTODEC
  D:0007H         SYMBOL        bcd
  -------         DO            
  D:0006H         SYMBOL        hi
  D:0007H         SYMBOL        lo
  -------         ENDDO         
  C:4C74H         LINE#         119
  C:4C74H         LINE#         120
  C:4C74H         LINE#         122
  C:4C79H         LINE#         123
  C:4C7DH         LINE#         124
  C:4C84H         LINE#         125
  -------         ENDPROC       _BCDTODEC
  -------         PROC          _DAY_OF_YEAR
  D:0007H         SYMBOL        months_bcd
  D:0005H         SYMBOL        days_bcd
  -------         DO            
  D:0004H         SYMBOL        months
  D:0007H         SYMBOL        days
  -------         ENDDO         
  C:45E7H         LINE#         126
  C:45E7H         LINE#         127
  C:45E7H         LINE#         130
  C:45ECH         LINE#         132
  C:45F1H         LINE#         134
  C:462AH         LINE#         135
  C:462AH         LINE#         136
  C:462AH         LINE#         137
  C:462DH         LINE#         138
  C:462DH         LINE#         139
  C:462DH         LINE#         140
  C:4632H         LINE#         141
  C:4632H         LINE#         142
  C:4632H         LINE#         143
  C:4637H         LINE#         144
  C:4637H         LINE#         145
  C:4637H         LINE#         146
  C:463CH         LINE#         147
  C:463CH         LINE#         148
  C:463CH         LINE#         149
  C:4641H         LINE#         150
  C:4641H         LINE#         151
BL51 BANKED LINKER/LOCATER V6.22                                                      02/20/2019  17:23:35  PAGE 17


  C:4641H         LINE#         152
  C:4646H         LINE#         153
  C:4646H         LINE#         154
  C:4646H         LINE#         155
  C:464BH         LINE#         156
  C:464BH         LINE#         157
  C:464BH         LINE#         158
  C:4650H         LINE#         159
  C:4650H         LINE#         160
  C:4650H         LINE#         161
  C:4658H         LINE#         162
  C:4658H         LINE#         163
  C:4658H         LINE#         164
  C:465DH         LINE#         165
  C:465DH         LINE#         166
  C:465DH         LINE#         167
  C:4662H         LINE#         168
  C:4662H         LINE#         169
  C:4662H         LINE#         170
  C:466AH         LINE#         171
  C:466AH         LINE#         172
  C:466AH         LINE#         173
  -------         ENDPROC       _DAY_OF_YEAR
  -------         ENDMOD        PCF85063BTL

  -------         MODULE        UART1
  C:0000H         SYMBOL        _ICE_DUMMY_
  D:0080H         PUBLIC        P0
  D:0090H         PUBLIC        P1
  D:00A0H         PUBLIC        P2
  D:00B0H         PUBLIC        P3
  D:00C0H         PUBLIC        P4
  D:00C8H         PUBLIC        P5
  B:00A8H.7       PUBLIC        EA
  D:00E8H         PUBLIC        P6
  D:00F8H         PUBLIC        P7
  C:49EFH         PUBLIC        _SendString
  D:00A8H         PUBLIC        IE
  B:00A8H.4       PUBLIC        ES
  D:00B8H         PUBLIC        IP
  C:4BE4H         PUBLIC        _ASCIItoBCD
  D:00D8H         PUBLIC        CCON
  C:4C85H         PUBLIC        initUART1
  D:0098H         PUBLIC        SCON
  D:0088H         PUBLIC        TCON
  C:000AH         PUBLIC        _DectoBCD
  C:4D07H         PUBLIC        _ASCII_Letter
  D:008EH         PUBLIC        AUXR
  C:4D02H         PUBLIC        _unit
  C:0003H         PUBLIC        _ten
  D:00D6H         PUBLIC        T2H
  D:00D7H         PUBLIC        T2L
  D:00D0H         PUBLIC        PSW
  -------         PROC          INITUART1
  C:4C85H         LINE#         21
  C:4C85H         LINE#         22
  C:4C85H         LINE#         23
BL51 BANKED LINKER/LOCATER V6.22                                                      02/20/2019  17:23:35  PAGE 18


  C:4C88H         LINE#         24
  C:4C8BH         LINE#         25
  C:4C8EH         LINE#         26
  C:4C91H         LINE#         27
  C:4C93H         LINE#         28
  C:4C95H         LINE#         30
  -------         ENDPROC       INITUART1
  -------         PROC          _SENDSTRING
  X:064AH         SYMBOL        s
  C:49EFH         LINE#         35
  C:49FAH         LINE#         36
  C:49FAH         LINE#         37
  C:4A0AH         LINE#         38
  C:4A0AH         LINE#         39
  C:4A1FH         LINE#         40
  C:4A21H         LINE#         41
  -------         ENDPROC       _SENDSTRING
  -------         PROC          _TEN
  D:0007H         SYMBOL        BCD
  C:0003H         LINE#         43
  C:0003H         LINE#         44
  C:0003H         LINE#         45
  C:0008H         LINE#         46
  -------         ENDPROC       _TEN
  -------         PROC          _UNIT
  D:0007H         SYMBOL        BCD
  C:4D02H         LINE#         47
  C:4D02H         LINE#         48
  C:4D02H         LINE#         52
  C:4D06H         LINE#         53
  -------         ENDPROC       _UNIT
  -------         PROC          _DECTOBCD
  D:0007H         SYMBOL        dec
  C:000AH         LINE#         54
  C:000AH         LINE#         55
  C:000AH         LINE#         57
  C:000AH         LINE#         58
  -------         ENDPROC       _DECTOBCD
  -------         PROC          _ASCII_LETTER
  D:0007H         SYMBOL        dat
  C:4D07H         LINE#         60
  C:4D07H         LINE#         61
  C:4D07H         LINE#         63
  C:4D0BH         LINE#         64
  -------         ENDPROC       _ASCII_LETTER
  -------         PROC          _ASCIITOBCD
  D:0001H         SYMBOL        ascii
  -------         DO            
  D:0007H         SYMBOL        dec_val
  D:0006H         SYMBOL        ten
  D:0007H         SYMBOL        unit
  -------         ENDDO         
  C:4BE4H         LINE#         66
  C:4BE4H         LINE#         67
  C:4BE4H         LINE#         69
  C:4BE7H         LINE#         70
  C:4BEDH         LINE#         71
BL51 BANKED LINKER/LOCATER V6.22                                                      02/20/2019  17:23:35  PAGE 19


  C:4BF4H         LINE#         72
  C:4BFAH         LINE#         74
  -------         ENDPROC       _ASCIITOBCD
  -------         ENDMOD        UART1

  -------         MODULE        LCD_DRIVER_SPLC780D
  C:0000H         SYMBOL        _ICE_DUMMY_
  D:0092H         PUBLIC        P1M0
  D:0091H         PUBLIC        P1M1
  D:0080H         PUBLIC        P0
  D:0090H         PUBLIC        P1
  D:00A0H         PUBLIC        P2
  D:00B0H         PUBLIC        P3
  D:00C0H         PUBLIC        P4
  D:00C8H         PUBLIC        P5
  D:00E8H         PUBLIC        P6
  D:00F8H         PUBLIC        P7
  C:466BH         PUBLIC        _WriteData
  D:00A8H         PUBLIC        IE
  D:00B8H         PUBLIC        IP
  D:00D8H         PUBLIC        CCON
  B:00B0H.4       PUBLIC        LCD_D4
  B:00B0H.5       PUBLIC        LCD_D5
  B:00B0H.6       PUBLIC        LCD_D6
  C:4B94H         PUBLIC        _DisplayLCD
  B:00B0H.7       PUBLIC        LCD_D7
  D:0098H         PUBLIC        SCON
  D:0088H         PUBLIC        TCON
  C:4CF2H         PUBLIC        LCD_clear
  C:4934H         PUBLIC        _Command
  C:4C11H         PUBLIC        _Display_Line
  C:4803H         PUBLIC        LCD_Init
  C:4AF9H         PUBLIC        _Wait_ms
  B:00C0H.0       PUBLIC        LCD_RS
  B:00B0H.2       PUBLIC        LCD_RW
  C:4CE8H         PUBLIC        LCD_return_home
  B:00B0H.3       PUBLIC        LCD_E
  D:00D0H         PUBLIC        PSW
  -------         PROC          LCD_INIT
  C:4803H         LINE#         9
  C:4803H         LINE#         10
  C:4803H         LINE#         11
  C:4806H         LINE#         12
  C:4809H         LINE#         14
  C:480FH         LINE#         15
  C:4814H         LINE#         17
  C:481BH         LINE#         18
  C:4820H         LINE#         20
  C:4823H         LINE#         21
  C:4828H         LINE#         23
  C:482BH         LINE#         24
  C:4830H         LINE#         26
  C:4837H         LINE#         29
  C:483CH         LINE#         30
  C:4841H         LINE#         32
  C:4846H         LINE#         33
  C:484BH         LINE#         35
BL51 BANKED LINKER/LOCATER V6.22                                                      02/20/2019  17:23:35  PAGE 20


  C:4850H         LINE#         36
  C:4855H         LINE#         37
  -------         ENDPROC       LCD_INIT
  -------         PROC          _WRITEDATA
  X:046CH         SYMBOL        dat
  C:466BH         LINE#         40
  C:4670H         LINE#         41
  C:4670H         LINE#         46
  C:4672H         LINE#         47
  C:4674H         LINE#         49
  C:4682H         LINE#         50
  C:468EH         LINE#         51
  C:469AH         LINE#         52
  C:46A4H         LINE#         53
  C:46A6H         LINE#         54
  C:46ADH         LINE#         55
  C:46AFH         LINE#         57
  C:46BFH         LINE#         58
  C:46CAH         LINE#         59
  C:46D4H         LINE#         60
  C:46D8H         LINE#         62
  C:46D8H         LINE#         63
  C:46DBH         LINE#         64
  C:46DDH         LINE#         65
  C:46DFH         LINE#         67
  -------         ENDPROC       _WRITEDATA
  -------         PROC          _COMMAND
  D:0007H         SYMBOL        dat
  C:4934H         LINE#         69
  C:4934H         LINE#         70
  C:4934H         LINE#         71
  C:4936H         LINE#         72
  C:4938H         LINE#         74
  C:4942H         LINE#         75
  C:4946H         LINE#         77
  C:4948H         LINE#         78
  C:4951H         LINE#         79
  C:4955H         LINE#         81
  C:4957H         LINE#         82
  C:495EH         LINE#         83
  C:4962H         LINE#         85
  C:4964H         LINE#         86
  C:4968H         LINE#         87
  C:496CH         LINE#         89
  C:496EH         LINE#         90
  C:496EH         LINE#         91
  C:4971H         LINE#         92
  C:4973H         LINE#         93
  -------         ENDPROC       _COMMAND
  C:4AF5H         SYMBOL        L?0028
  -------         PROC          L?0027
  -------         ENDPROC       L?0027
  C:4AF5H         SYMBOL        L?0028
  -------         PROC          _WAIT_MS
  D:0006H         SYMBOL        ms
  -------         DO            
  D:0004H         SYMBOL        De_Cnt
BL51 BANKED LINKER/LOCATER V6.22                                                      02/20/2019  17:23:35  PAGE 21


  -------         ENDDO         
  C:4AF9H         LINE#         95
  C:4AF9H         LINE#         96
  C:4AF9H         LINE#         98
  C:4B03H         LINE#         99
  C:4B03H         LINE#         100
  C:4B16H         LINE#         101
  C:4B16H         LINE#         102
  -------         ENDPROC       _WAIT_MS
  -------         PROC          _DISPLAYLCD
  D:0007H         SYMBOL        BCD
  -------         DO            
  D:0006H         SYMBOL        first_digit
  X:03BFH         SYMBOL        second_digit
  -------         ENDDO         
  C:4B94H         LINE#         103
  C:4B94H         LINE#         104
  C:4B94H         LINE#         106
  C:4B9BH         LINE#         107
  C:4BA4H         LINE#         109
  C:4BA9H         LINE#         111
  -------         ENDPROC       _DISPLAYLCD
  -------         PROC          LCD_RETURN_HOME
  C:4CE8H         LINE#         115
  C:4CE8H         LINE#         116
  C:4CE8H         LINE#         117
  C:4CEDH         LINE#         118
  -------         ENDPROC       LCD_RETURN_HOME
  -------         PROC          LCD_CLEAR
  C:4CF2H         LINE#         121
  C:4CF2H         LINE#         122
  C:4CF2H         LINE#         123
  C:4CF7H         LINE#         124
  -------         ENDPROC       LCD_CLEAR
  -------         PROC          _DISPLAY_LINE
  D:0006H         SYMBOL        line
  C:4C11H         LINE#         128
  C:4C11H         LINE#         129
  C:4C11H         LINE#         130
  C:4C17H         LINE#         131
  C:4C17H         LINE#         132
  C:4C19H         LINE#         133
  C:4C19H         LINE#         134
  C:4C1BH         LINE#         136
  C:4C1BH         LINE#         137
  C:4C20H         LINE#         138
  C:4C25H         LINE#         139
  C:4C25H         LINE#         140
  -------         ENDPROC       _DISPLAY_LINE
  -------         ENDMOD        LCD_DRIVER_SPLC780D

  -------         MODULE        KEYPAD
  C:0000H         SYMBOL        _ICE_DUMMY_
  D:0093H         PUBLIC        P0M1
  D:0080H         PUBLIC        P0
  D:0090H         PUBLIC        P1
  D:00A0H         PUBLIC        P2
BL51 BANKED LINKER/LOCATER V6.22                                                      02/20/2019  17:23:35  PAGE 22


  D:00B0H         PUBLIC        P3
  D:00C0H         PUBLIC        P4
  D:00C8H         PUBLIC        P5
  B:0020H.0       PUBLIC        calib_mode
  D:00E8H         PUBLIC        P6
  D:00F8H         PUBLIC        P7
  D:00A8H         PUBLIC        IE
  C:3661H         PUBLIC        Key_Scan
  D:00B8H         PUBLIC        IP
  D:00D8H         PUBLIC        CCON
  C:4CD0H         PUBLIC        KeyPad_IO_Init
  C:4B76H         PUBLIC        _Delay_ms
  D:0098H         PUBLIC        SCON
  D:0088H         PUBLIC        TCON
  B:0020H.1       PUBLIC        small_move
  B:0020H.2       PUBLIC        move
  B:0020H.3       PUBLIC        direction
  B:0020H.4       PUBLIC        auto_move
  C:2FD6H         PUBLIC        Key_Process
  D:00D0H         PUBLIC        PSW
  D:0094H         PUBLIC        P0M0
  -------         PROC          _DELAY_MS
  D:0006H         SYMBOL        ms
  -------         DO            
  D:0004H         SYMBOL        De_Cnt
  -------         ENDDO         
  C:4B76H         LINE#         19
  C:4B76H         LINE#         20
  C:4B76H         LINE#         22
  C:4B80H         LINE#         23
  C:4B80H         LINE#         24
  C:4B93H         LINE#         25
  C:4B93H         LINE#         26
  -------         ENDPROC       _DELAY_MS
  -------         PROC          KEY_SCAN
  -------         DO            
  X:03C5H         SYMBOL        KeyTemp1
  X:03C6H         SYMBOL        KeyTemp2
  X:03C7H         SYMBOL        KeyValue
  -------         ENDDO         
  C:3661H         LINE#         27
  C:3661H         LINE#         28
  C:3661H         LINE#         33
  C:3664H         LINE#         36
  C:3667H         LINE#         38
  C:366FH         LINE#         39
  C:3676H         LINE#         40
  C:3676H         LINE#         42
  C:367BH         LINE#         43
  C:3682H         LINE#         44
  C:3682H         LINE#         47
  C:3685H         LINE#         48
  C:3688H         LINE#         49
  C:368DH         LINE#         50
  C:3691H         LINE#         51
  C:3691H         LINE#         52
  C:3699H         LINE#         53
BL51 BANKED LINKER/LOCATER V6.22                                                      02/20/2019  17:23:35  PAGE 23


  C:3699H         LINE#         54
  C:369CH         LINE#         55
  C:36A4H         LINE#         56
  C:36A6H         LINE#         58
  C:36BAH         LINE#         59
  C:36BAH         LINE#         60
  C:36BAH         LINE#         61
  C:36BAH         LINE#         62
  C:36C0H         LINE#         64
  C:36C2H         LINE#         65
  C:36C2H         LINE#         66
  C:36C2H         LINE#         67
  C:36C8H         LINE#         69
  C:36CAH         LINE#         70
  C:36CAH         LINE#         71
  C:36CAH         LINE#         72
  C:36D0H         LINE#         74
  C:36D2H         LINE#         75
  C:36D2H         LINE#         76
  C:36D2H         LINE#         77
  C:36D8H         LINE#         79
  C:36D8H         LINE#         80
  C:36D8H         LINE#         81
  C:36D8H         LINE#         84
  C:36DBH         LINE#         85
  C:36DEH         LINE#         86
  C:36E6H         LINE#         87
  C:36EAH         LINE#         88
  C:36EAH         LINE#         89
  C:36F2H         LINE#         90
  C:36F2H         LINE#         91
  C:36F5H         LINE#         92
  C:36FDH         LINE#         93
  C:36FFH         LINE#         94
  C:3713H         LINE#         95
  C:3713H         LINE#         96
  C:3713H         LINE#         97
  C:3713H         LINE#         98
  C:3719H         LINE#         100
  C:371BH         LINE#         101
  C:371BH         LINE#         102
  C:371BH         LINE#         103
  C:3721H         LINE#         105
  C:3723H         LINE#         106
  C:3723H         LINE#         107
  C:3723H         LINE#         108
  C:3729H         LINE#         110
  C:372BH         LINE#         111
  C:372BH         LINE#         112
  C:372BH         LINE#         113
  C:3730H         LINE#         115
  C:3730H         LINE#         116
  C:3730H         LINE#         117
  C:3730H         LINE#         120
  C:3733H         LINE#         121
  C:3736H         LINE#         122
  C:373EH         LINE#         123
BL51 BANKED LINKER/LOCATER V6.22                                                      02/20/2019  17:23:35  PAGE 24


  C:3742H         LINE#         124
  C:3742H         LINE#         125
  C:374AH         LINE#         126
  C:374AH         LINE#         127
  C:374DH         LINE#         128
  C:3755H         LINE#         129
  C:3757H         LINE#         130
  C:376BH         LINE#         131
  C:376BH         LINE#         132
  C:376BH         LINE#         133
  C:376BH         LINE#         134
  C:3771H         LINE#         136
  C:3773H         LINE#         137
  C:3773H         LINE#         138
  C:3773H         LINE#         139
  C:3779H         LINE#         141
  C:377BH         LINE#         142
  C:377BH         LINE#         143
  C:377BH         LINE#         144
  C:3781H         LINE#         146
  C:3783H         LINE#         147
  C:3783H         LINE#         148
  C:3783H         LINE#         149
  C:3789H         LINE#         151
  C:3789H         LINE#         152
  C:3789H         LINE#         153
  C:3789H         LINE#         157
  C:378CH         LINE#         158
  C:378FH         LINE#         159
  C:3797H         LINE#         160
  C:379BH         LINE#         161
  C:379BH         LINE#         162
  C:37A3H         LINE#         163
  C:37A3H         LINE#         164
  C:37A6H         LINE#         165
  C:37AEH         LINE#         166
  C:37B0H         LINE#         167
  C:37C4H         LINE#         168
  C:37C4H         LINE#         169
  C:37C4H         LINE#         170
  C:37C4H         LINE#         171
  C:37CAH         LINE#         173
  C:37CCH         LINE#         174
  C:37CCH         LINE#         175
  C:37CCH         LINE#         176
  C:37D2H         LINE#         178
  C:37D4H         LINE#         179
  C:37D4H         LINE#         180
  C:37D4H         LINE#         181
  C:37DAH         LINE#         183
  C:37DCH         LINE#         184
  C:37DCH         LINE#         185
  C:37DCH         LINE#         186
  C:37E2H         LINE#         188
  C:37E2H         LINE#         189
  C:37E2H         LINE#         190
  C:37E2H         LINE#         192
BL51 BANKED LINKER/LOCATER V6.22                                                      02/20/2019  17:23:35  PAGE 25


  C:37E8H         LINE#         193
  C:37E8H         LINE#         195
  C:37E8H         LINE#         196
  C:37EBH         LINE#         197
  C:37EBH         LINE#         198
  C:37EBH         LINE#         200
  C:37EBH         LINE#         201
  C:37EDH         LINE#         202
  C:37EDH         LINE#         203
  -------         ENDPROC       KEY_SCAN
  -------         PROC          KEY_PROCESS
  -------         DO            
  X:0630H         SYMBOL        KeyCount
  X:0632H         SYMBOL        KeyNum_Old
  X:0633H         SYMBOL        KeyNum
  X:0634H         SYMBOL        PressedKey
  X:03BFH         SYMBOL        d
  D:0004H         SYMBOL        hours
  D:0006H         SYMBOL        mins
  X:03C1H         SYMBOL        months
  X:03C3H         SYMBOL        days
  -------         ENDDO         
  C:2FD6H         LINE#         204
  C:2FD6H         LINE#         205
  C:2FD6H         LINE#         209
  C:2FDEH         LINE#         210
  C:2FE6H         LINE#         212
  C:2FE9H         LINE#         213
  C:2FE9H         LINE#         214
  C:2FECH         LINE#         216
  C:2FECH         LINE#         217
  C:2FF9H         LINE#         218
  C:2FF9H         LINE#         219
  C:2FFCH         LINE#         220
  C:2FFFH         LINE#         222
  C:3002H         LINE#         224
  C:3002H         LINE#         225
  C:300DH         LINE#         226
  C:300DH         LINE#         227
  C:3010H         LINE#         229
  C:3010H         LINE#         230
  C:3017H         LINE#         231
  C:3017H         LINE#         232
  C:301AH         LINE#         234
  C:301AH         LINE#         235
  C:3022H         LINE#         236
  C:3022H         LINE#         237
  C:302CH         LINE#         238
  C:3034H         LINE#         240
  C:303DH         LINE#         242
  C:303DH         LINE#         251
  C:3052H         LINE#         252
  C:3052H         LINE#         253
  C:3064H         LINE#         254
  C:3072H         LINE#         255
  C:3081H         LINE#         256
  C:3081H         LINE#         258
BL51 BANKED LINKER/LOCATER V6.22                                                      02/20/2019  17:23:35  PAGE 26


  C:3087H         LINE#         262
  C:309DH         LINE#         263
  C:30AEH         LINE#         264
  C:30C9H         LINE#         265
  C:30C9H         LINE#         266
  C:30D9H         LINE#         267
  C:30EAH         LINE#         268
  C:30EAH         LINE#         272
  C:3103H         LINE#         273
  C:311AH         LINE#         274
  C:313AH         LINE#         275
  C:313AH         LINE#         276
  C:3144H         LINE#         277
  C:3144H         LINE#         278
  C:314DH         LINE#         279
  C:314DH         LINE#         280
  C:3161H         LINE#         281
  C:3161H         LINE#         282
  C:3161H         LINE#         283
  C:3161H         LINE#         284
  C:3161H         LINE#         285
  C:3163H         LINE#         287
  C:3163H         LINE#         288
  C:316FH         LINE#         289
  C:316FH         LINE#         290
  C:3180H         LINE#         291
  C:3180H         LINE#         292
  C:3180H         LINE#         293
  C:3180H         LINE#         294
  C:3180H         LINE#         296
  C:3182H         LINE#         298
  C:3182H         LINE#         299
  C:3193H         LINE#         300
  C:3193H         LINE#         301
  C:3193H         LINE#         302
  C:3193H         LINE#         303
  C:3193H         LINE#         305
  C:3193H         LINE#         307
  C:3193H         LINE#         308
  C:3195H         LINE#         310
  C:3195H         LINE#         311
  C:31A8H         LINE#         312
  C:31A8H         LINE#         313
  C:31B9H         LINE#         314
  C:31B9H         LINE#         315
  C:31B9H         LINE#         316
  C:31B9H         LINE#         317
  C:31B9H         LINE#         318
  C:31BBH         LINE#         320
  C:31BBH         LINE#         321
  C:31CCH         LINE#         322
  C:31CCH         LINE#         323
  C:31DDH         LINE#         324
  C:31EEH         LINE#         325
  C:31EEH         LINE#         326
  C:31EEH         LINE#         327
  C:31EEH         LINE#         328
BL51 BANKED LINKER/LOCATER V6.22                                                      02/20/2019  17:23:35  PAGE 27


  C:31EEH         LINE#         329
  C:31F1H         LINE#         330
  C:31F6H         LINE#         331
  C:31FBH         LINE#         332
  C:3200H         LINE#         333
  C:3205H         LINE#         334
  C:320AH         LINE#         335
  C:320FH         LINE#         336
  C:3214H         LINE#         337
  C:3214H         LINE#         339
  C:3236H         LINE#         340
  C:3236H         LINE#         341
  C:3240H         LINE#         342
  C:3240H         LINE#         343
  C:3245H         LINE#         344
  C:324EH         LINE#         345
  C:3265H         LINE#         346
  C:3265H         LINE#         347
  C:3275H         LINE#         349
  C:3275H         LINE#         353
  -------         ENDPROC       KEY_PROCESS
  -------         PROC          KEYPAD_IO_INIT
  C:4CD0H         LINE#         356
  C:4CD0H         LINE#         357
  C:4CD0H         LINE#         358
  C:4CD3H         LINE#         359
  C:4CD6H         LINE#         360
  C:4CD9H         LINE#         361
  C:4CDBH         LINE#         362
  -------         ENDPROC       KEYPAD_IO_INIT
  -------         ENDMOD        KEYPAD

  -------         MODULE        BIPOLARMOTOR
  C:0000H         SYMBOL        _ICE_DUMMY_
  D:0080H         PUBLIC        P0
  D:0090H         PUBLIC        P1
  X:0000H         PUBLIC        RX_pos_test
  D:00A0H         PUBLIC        P2
  D:00B0H         PUBLIC        P3
  D:00C0H         PUBLIC        P4
  D:00C8H         PUBLIC        P5
  D:00E8H         PUBLIC        P6
  D:00F8H         PUBLIC        P7
  X:00A0H         PUBLIC        low_date_azimuth_mapping
  D:00A8H         PUBLIC        IE
  C:4038H         PUBLIC        linear_interpolate
  C:4AA4H         PUBLIC        _Move
  D:00B8H         PUBLIC        IP
  C:34C3H         PUBLIC        _findDet3x3
  C:2D16H         PUBLIC        _findDet4x4
  D:00D8H         PUBLIC        CCON
  X:00C8H         PUBLIC        previous_move_time
  D:0098H         PUBLIC        SCON
  D:0088H         PUBLIC        TCON
  C:4D0CH         PUBLIC        wait
  C:4974H         PUBLIC        _Step_move
  X:00C9H         PUBLIC        dat
BL51 BANKED LINKER/LOCATER V6.22                                                      02/20/2019  17:23:35  PAGE 28


  C:000EH         PUBLIC        _Update_position
  C:485CH         PUBLIC        vOneStepMove
  X:00CFH         PUBLIC        elevation_stamp
  X:010BH         PUBLIC        date_azimuth_mapping
  X:0133H         PUBLIC        RX_pos
  C:4BBBH         PUBLIC        _BCDtoDec1
  X:038BH         PUBLIC        degree
  D:00D0H         PUBLIC        PSW
  -------         PROC          L?0062
  -------         ENDPROC       L?0062
  -------         PROC          _BCDTODEC1
  D:0007H         SYMBOL        bcd
  -------         DO            
  D:0006H         SYMBOL        hi
  D:0007H         SYMBOL        lo
  -------         ENDDO         
  C:4BBBH         LINE#         28
  C:4BBBH         LINE#         29
  C:4BBBH         LINE#         31
  C:4BC0H         LINE#         32
  C:4BC4H         LINE#         33
  C:4BCBH         LINE#         34
  -------         ENDPROC       _BCDTODEC1
  -------         PROC          WAIT
  C:4D0CH         LINE#         36
  C:4D0CH         LINE#         38
  -------         ENDPROC       WAIT
  -------         PROC          VONESTEPMOVE
  B:0020H.7       SYMBOL        bDir
  C:485CH         LINE#         40
  C:485CH         LINE#         41
  C:485CH         LINE#         43
  C:4862H         LINE#         44
  C:4862H         LINE#         45
  C:4865H         LINE#         46
  C:486EH         LINE#         47
  C:4875H         LINE#         48
  C:487AH         LINE#         49
  C:487AH         LINE#         50
  C:487AH         LINE#         52
  C:487CH         LINE#         55
  C:487CH         LINE#         56
  C:487FH         LINE#         57
  C:4888H         LINE#         58
  C:488FH         LINE#         59
  C:4895H         LINE#         60
  C:489EH         LINE#         61
  C:48A5H         LINE#         62
  C:48A5H         LINE#         66
  -------         ENDPROC       VONESTEPMOVE
  -------         PROC          _STEP_MOVE
  X:047BH         SYMBOL        step
  B:0020H.6       SYMBOL        dir
  -------         DO            
  X:047DH         SYMBOL        i
  -------         ENDDO         
  C:4974H         LINE#         68
BL51 BANKED LINKER/LOCATER V6.22                                                      02/20/2019  17:23:35  PAGE 29


  C:497CH         LINE#         69
  C:497CH         LINE#         71
  C:4981H         LINE#         74
  C:499CH         LINE#         75
  C:499CH         LINE#         76
  C:49A3H         LINE#         78
  C:49B3H         LINE#         80
  -------         ENDPROC       _STEP_MOVE
  -------         PROC          _MOVE
  X:0477H         SYMBOL        distance
  B:0020H.5       SYMBOL        direction
  -------         DO            
  D:0006H         SYMBOL        step
  -------         ENDDO         
  C:4AA4H         LINE#         82
  C:4AAAH         LINE#         83
  C:4AAAH         LINE#         86
  C:4AC5H         LINE#         87
  -------         ENDPROC       _MOVE
  C:34A4H         SYMBOL        L?0058
  C:34B8H         SYMBOL        L?0059
  -------         PROC          L?0057
  -------         ENDPROC       L?0057
  C:34A4H         SYMBOL        L?0058
  C:34B8H         SYMBOL        L?0059
  -------         PROC          _FINDDET3X3
  X:05F4H         SYMBOL        a11
  X:05F8H         SYMBOL        a12
  X:05FCH         SYMBOL        a13
  X:0600H         SYMBOL        a21
  X:0604H         SYMBOL        a22
  X:0608H         SYMBOL        a23
  X:060CH         SYMBOL        a31
  X:0610H         SYMBOL        a32
  X:0614H         SYMBOL        a33
  C:34C3H         LINE#         91
  C:34C9H         LINE#         95
  C:34C9H         LINE#         96
  C:3660H         LINE#         98
  -------         ENDPROC       _FINDDET3X3
  -------         PROC          _FINDDET4X4
  X:05B4H         SYMBOL        a11
  X:05B8H         SYMBOL        a12
  X:05BCH         SYMBOL        a13
  X:05C0H         SYMBOL        a14
  X:05C4H         SYMBOL        a21
  X:05C8H         SYMBOL        a22
  X:05CCH         SYMBOL        a23
  X:05D0H         SYMBOL        a24
  X:05D4H         SYMBOL        a31
  X:05D8H         SYMBOL        a32
  X:05DCH         SYMBOL        a33
  X:05E0H         SYMBOL        a34
  X:05E4H         SYMBOL        a41
  X:05E8H         SYMBOL        a42
  X:05ECH         SYMBOL        a43
  X:05F0H         SYMBOL        a44
BL51 BANKED LINKER/LOCATER V6.22                                                      02/20/2019  17:23:35  PAGE 30


  C:2D16H         LINE#         99
  C:2D1CH         LINE#         103
  C:2D1CH         LINE#         110
  C:2FD5H         LINE#         114
  -------         ENDPROC       _FINDDET4X4
  C:4027H         SYMBOL        L?0061
  -------         PROC          L?0060
  -------         ENDPROC       L?0060
  C:4027H         SYMBOL        L?0061
  -------         PROC          LINEAR_INTERPOLATE
  X:0477H         SYMBOL        p1
  X:047FH         SYMBOL        p2
  X:0487H         SYMBOL        x
  -------         DO            
  D:0004H         SYMBOL        fx
  -------         ENDDO         
  C:4038H         LINE#         120
  C:4038H         LINE#         121
  C:4038H         LINE#         124
  C:40D7H         LINE#         126
  C:40D7H         LINE#         127
  -------         ENDPROC       LINEAR_INTERPOLATE
  -------         PROC          _UPDATE_POSITION
  D:0001H         SYMBOL        mnths
  D:0002H         SYMBOL        dys
  X:03DAH         SYMBOL        hurs
  X:03DBH         SYMBOL        mns
  X:03DCH         SYMBOL        sconds
  X:03DDH         SYMBOL        currnt_pos
  X:03E0H         SYMBOL        offset_calib
  -------         DO            
  X:03E4H         SYMBOL        date
  X:03E6H         SYMBOL        i
  X:03E8H         SYMBOL        yy
  X:03EAH         SYMBOL        desired_distance
  X:03EEH         SYMBOL        distance
  X:03F2H         SYMBOL        JP_pos
  X:03F6H         SYMBOL        pos_interpolate_azimuth
  X:0432H         SYMBOL        current_local_sun_time
  X:0436H         SYMBOL        azimuth
  X:043AH         SYMBOL        elevation
  X:043EH         SYMBOL        time_offset
  X:0442H         SYMBOL        UTC_time
  X:0446H         SYMBOL        declination
  X:044AH         SYMBOL        p1
  X:0452H         SYMBOL        p2
  X:045AH         SYMBOL        time
  X:046CH         SYMBOL        location
  X:0474H         SYMBOL        sunCoord
  -------         ENDDO         
  C:000EH         LINE#         131
  C:0017H         LINE#         134
  C:0017H         LINE#         135
  C:0022H         LINE#         137
  C:003EH         LINE#         138
  C:0048H         LINE#         146
  C:0052H         LINE#         147
BL51 BANKED LINKER/LOCATER V6.22                                                      02/20/2019  17:23:35  PAGE 31


  C:005CH         LINE#         148
  C:0066H         LINE#         149
  C:0071H         LINE#         150
  C:007CH         LINE#         151
  C:0095H         LINE#         152
  C:00A6H         LINE#         153
  C:00B5H         LINE#         156
  C:00C9H         LINE#         160
  C:011BH         LINE#         161
  C:027FH         LINE#         162
  C:02CFH         LINE#         164
  C:03F7H         LINE#         166
  C:04C6H         LINE#         173
  C:050DH         LINE#         174
  C:050DH         LINE#         176
  C:0527H         LINE#         177
  C:0527H         LINE#         178
  C:0597H         LINE#         179
  C:0597H         LINE#         180
  C:059EH         LINE#         181
  C:059EH         LINE#         182
  C:05CBH         LINE#         183
  C:05E6H         LINE#         185
  C:062DH         LINE#         186
  C:0661H         LINE#         188
  C:06A7H         LINE#         189
  C:06CAH         LINE#         191
  C:06CAH         LINE#         193
  C:0740H         LINE#         194
  C:0740H         LINE#         195
  C:0747H         LINE#         196
  C:0747H         LINE#         197
  C:0774H         LINE#         198
  C:078FH         LINE#         200
  C:07D6H         LINE#         201
  C:080AH         LINE#         203
  C:0850H         LINE#         204
  C:0870H         LINE#         206
  C:0870H         LINE#         207
  C:0881H         LINE#         210
  C:089BH         LINE#         211
  C:089BH         LINE#         212
  C:090BH         LINE#         213
  C:090BH         LINE#         214
  C:0938H         LINE#         215
  C:0953H         LINE#         217
  C:0980H         LINE#         218
  C:099BH         LINE#         220
  C:09CDH         LINE#         223
  C:09CDH         LINE#         225
  C:09DEH         LINE#         227
  C:0A0DH         LINE#         229
  C:0A32H         LINE#         230
  C:0A97H         LINE#         231
  C:0A97H         LINE#         232
  C:0AB1H         LINE#         233
  C:0AC3H         LINE#         234
BL51 BANKED LINKER/LOCATER V6.22                                                      02/20/2019  17:23:35  PAGE 32


  C:0ADBH         LINE#         235
  C:0AF1H         LINE#         237
  C:0B0DH         LINE#         238
  C:0B0DH         LINE#         239
  C:0B0DH         LINE#         242
  -------         ENDPROC       _UPDATE_POSITION
  -------         ENDMOD        BIPOLARMOTOR

  -------         MODULE        SUNPOS
  C:0000H         SYMBOL        _ICE_DUMMY_
  C:1E79H         PUBLIC        sunpos
  -------         PROC          SUNPOS
  X:0477H         SYMBOL        udtTime
  X:0489H         SYMBOL        udtLocation
  X:0491H         SYMBOL        udtSunCoordinates
  -------         DO            
  X:0494H         SYMBOL        dElapsedJulianDays
  X:0498H         SYMBOL        dDecimalHours
  X:049CH         SYMBOL        dEclipticLongitude
  X:04A0H         SYMBOL        dEclipticObliquity
  X:04A4H         SYMBOL        dRightAscension
  X:04A8H         SYMBOL        dDeclination
  X:04ACH         SYMBOL        dY
  X:04B0H         SYMBOL        dX
  -------         DO            
  X:04B4H         SYMBOL        dJulianDate
  X:04B8H         SYMBOL        liAux1
  X:04BCH         SYMBOL        liAux2
  X:04B4H         SYMBOL        dMeanLongitude
  X:04B8H         SYMBOL        dMeanAnomaly
  X:04BCH         SYMBOL        dOmega
  X:04B4H         SYMBOL        dSin_EclipticLongitude
  X:04B4H         SYMBOL        dGreenwichMeanSiderealTime
  X:04B8H         SYMBOL        dLocalMeanSiderealTime
  X:04BCH         SYMBOL        dLatitudeInRadians
  X:04C0H         SYMBOL        dHourAngle
  X:04C4H         SYMBOL        dCos_Latitude
  X:04C8H         SYMBOL        dSin_Latitude
  X:04CCH         SYMBOL        dCos_HourAngle
  X:04D0H         SYMBOL        dParallax
  -------         ENDDO         
  -------         DO            
  X:04B4H         SYMBOL        dMeanLongitude
  X:04B8H         SYMBOL        dMeanAnomaly
  X:04BCH         SYMBOL        dOmega
  X:04B4H         SYMBOL        dSin_EclipticLongitude
  X:04B4H         SYMBOL        dGreenwichMeanSiderealTime
  X:04B8H         SYMBOL        dLocalMeanSiderealTime
  X:04BCH         SYMBOL        dLatitudeInRadians
  X:04C0H         SYMBOL        dHourAngle
  X:04C4H         SYMBOL        dCos_Latitude
  X:04C8H         SYMBOL        dSin_Latitude
  X:04CCH         SYMBOL        dCos_HourAngle
  X:04D0H         SYMBOL        dParallax
  -------         ENDDO         
  -------         DO            
  X:04B4H         SYMBOL        dSin_EclipticLongitude
BL51 BANKED LINKER/LOCATER V6.22                                                      02/20/2019  17:23:35  PAGE 33


  X:04B4H         SYMBOL        dGreenwichMeanSiderealTime
  X:04B8H         SYMBOL        dLocalMeanSiderealTime
  X:04BCH         SYMBOL        dLatitudeInRadians
  X:04C0H         SYMBOL        dHourAngle
  X:04C4H         SYMBOL        dCos_Latitude
  X:04C8H         SYMBOL        dSin_Latitude
  X:04CCH         SYMBOL        dCos_HourAngle
  X:04D0H         SYMBOL        dParallax
  -------         ENDDO         
  -------         DO            
  X:04B4H         SYMBOL        dGreenwichMeanSiderealTime
  X:04B8H         SYMBOL        dLocalMeanSiderealTime
  X:04BCH         SYMBOL        dLatitudeInRadians
  X:04C0H         SYMBOL        dHourAngle
  X:04C4H         SYMBOL        dCos_Latitude
  X:04C8H         SYMBOL        dSin_Latitude
  X:04CCH         SYMBOL        dCos_HourAngle
  X:04D0H         SYMBOL        dParallax
  -------         ENDDO         
  -------         ENDDO         
  C:1E79H         LINE#         6
  C:1E79H         LINE#         7
  C:1E79H         LINE#         9
  C:1E79H         LINE#         27
  C:1EC3H         LINE#         30
  C:1EE4H         LINE#         31
  C:202BH         LINE#         34
  C:2077H         LINE#         36
  C:2096H         LINE#         37
  C:2096H         LINE#         42
  C:2096H         LINE#         46
  C:20C8H         LINE#         47
  C:20F2H         LINE#         48
  C:211CH         LINE#         49
  C:21C9H         LINE#         52
  C:222AH         LINE#         54
  C:222AH         LINE#         59
  C:222AH         LINE#         61
  C:2241H         LINE#         62
  C:2269H         LINE#         63
  C:2280H         LINE#         64
  C:22ABH         LINE#         65
  C:22E2H         LINE#         66
  C:230DH         LINE#         67
  C:230DH         LINE#         70
  C:230DH         LINE#         79
  C:2348H         LINE#         82
  C:2382H         LINE#         84
  C:23A7H         LINE#         85
  C:23C6H         LINE#         86
  C:23DDH         LINE#         87
  C:23F4H         LINE#         88
  C:240BH         LINE#         89
  C:2494H         LINE#         91
  C:24AEH         LINE#         92
  C:2510H         LINE#         93
  C:2546H         LINE#         94
BL51 BANKED LINKER/LOCATER V6.22                                                      02/20/2019  17:23:35  PAGE 34


  C:2558H         LINE#         95
  C:2585H         LINE#         96
  C:25B2H         LINE#         98
  C:25D4H         LINE#         100
  C:260CH         LINE#         103
  C:260CH         LINE#         104
  C:261AH         LINE#         105
  -------         ENDPROC       SUNPOS
  -------         ENDMOD        SUNPOS

  -------         MODULE        ADC
  C:0000H         SYMBOL        _ICE_DUMMY_
  D:0092H         PUBLIC        P1M0
  D:0091H         PUBLIC        P1M1
  D:0080H         PUBLIC        P0
  D:0090H         PUBLIC        P1
  D:00A0H         PUBLIC        P2
  D:00B0H         PUBLIC        P3
  D:00C0H         PUBLIC        P4
  D:00C8H         PUBLIC        P5
  D:00E8H         PUBLIC        P6
  D:00F8H         PUBLIC        P7
  D:00A8H         PUBLIC        IE
  D:00BDH         PUBLIC        ADC_RES
  D:00B8H         PUBLIC        IP
  D:0097H         PUBLIC        CLK_DIV
  D:00D8H         PUBLIC        CCON
  D:00BCH         PUBLIC        ADC_CONTR
  D:0098H         PUBLIC        SCON
  D:0088H         PUBLIC        TCON
  B:00A0H.4       PUBLIC        P24
  B:00A0H.5       PUBLIC        P25
  B:00A0H.6       PUBLIC        P26
  C:4B57H         PUBLIC        ADC_Init
  C:4A22H         PUBLIC        _ADC_GetResult
  D:009DH         PUBLIC        P1ASF
  D:00BEH         PUBLIC        ADC_RESL
  D:00D0H         PUBLIC        PSW
  -------         PROC          ADC_INIT
  C:4B57H         LINE#         7
  C:4B57H         LINE#         8
  C:4B57H         LINE#         10
  C:4B59H         LINE#         11
  C:4B5BH         LINE#         12
  C:4B5DH         LINE#         13
  C:4B60H         LINE#         14
[...]
  C:3ED0H         LINE#         129
  C:3EEFH         LINE#         131
  C:3EF6H         LINE#         132
  C:3EF6H         LINE#         133
  C:3EF8H         LINE#         134
  C:3EFBH         LINE#         135
  C:3F02H         LINE#         136
  C:3F02H         LINE#         137
  C:3F04H         LINE#         138
  C:3F06H         LINE#         140
  C:3F06H         LINE#         141
  C:3F08H         LINE#         143
  C:3F08H         LINE#         144
  C:3F08H         LINE#         145
  C:3F08H         LINE#         146
  C:3F0BH         LINE#         147
  C:3F12H         LINE#         149
  C:3F31H         LINE#         151
  C:3F33H         LINE#         152
  -------         ENDPROC       _AT25SF041_WRITE
  -------         PROC          _AT25SF041_READ
  D:0003H         SYMBOL        opcode
  X:063AH         SYMBOL        addr
  -------         DO            
  X:063EH         SYMBOL        dat
  X:063FH         SYMBOL        i
  -------         ENDDO         
  C:3D36H         LINE#         156
  C:3D38H         LINE#         157
  C:3D38H         LINE#         158
  C:3D3DH         LINE#         160
  C:3D3FH         LINE#         161
  C:3D45H         LINE#         165
  C:3D4AH         LINE#         166
  C:3D4AH         LINE#         167
  C:3D4CH         LINE#         168
BL51 BANKED LINKER/LOCATER V6.22                                                      02/20/2019  17:23:35  PAGE 45


  C:3D4FH         LINE#         169
  C:3D53H         LINE#         170
  C:3D53H         LINE#         171
  C:3D55H         LINE#         172
  C:3D57H         LINE#         174
  C:3D57H         LINE#         175
  C:3D59H         LINE#         177
  C:3D59H         LINE#         178
  C:3D59H         LINE#         179
  C:3D59H         LINE#         180
  C:3D5CH         LINE#         181
  C:3D60H         LINE#         184
  C:3D7FH         LINE#         186
  C:3D86H         LINE#         187
  C:3D86H         LINE#         188
  C:3D88H         LINE#         189
  C:3D8BH         LINE#         190
  C:3DA4H         LINE#         191
  C:3DA4H         LINE#         192
  C:3DA6H         LINE#         193
  C:3DA8H         LINE#         195
  C:3DA8H         LINE#         196
  C:3DAAH         LINE#         198
  C:3DAAH         LINE#         199
  C:3DAAH         LINE#         200
  C:3DAAH         LINE#         201
  C:3DADH         LINE#         202
  C:3DC6H         LINE#         204
  C:3DE5H         LINE#         207
  C:3DECH         LINE#         209
  C:3DEEH         LINE#         210
  C:3DF5H         LINE#         212
  C:3DFCH         LINE#         213
  C:3DFCH         LINE#         214
  C:3E03H         LINE#         215
  C:3E03H         LINE#         216
  C:3E06H         LINE#         217
  C:3E08H         LINE#         218
  C:3E0BH         LINE#         220
  C:3E0EH         LINE#         221
  C:3E0EH         LINE#         223
  C:3E12H         LINE#         224
  C:3E12H         LINE#         230
  C:3E31H         LINE#         233
  C:3E33H         LINE#         234
  C:3E36H         LINE#         235
  C:3E3BH         LINE#         237
  -------         ENDPROC       _AT25SF041_READ
  -------         PROC          READ_STATUS_REGISTER_BYTE1
  -------         DO            
  D:0003H         SYMBOL        dat
  D:0001H         SYMBOL        opcode
  X:03C7H         SYMBOL        count
  X:03C8H         SYMBOL        i
  -------         ENDDO         
  C:42ECH         LINE#         241
  C:42ECH         LINE#         242
BL51 BANKED LINKER/LOCATER V6.22                                                      02/20/2019  17:23:35  PAGE 46


  C:42ECH         LINE#         243
  C:42F2H         LINE#         244
  C:42F6H         LINE#         245
  C:42F8H         LINE#         246
  C:42FAH         LINE#         247
  C:4300H         LINE#         251
  C:4307H         LINE#         252
  C:4307H         LINE#         253
  C:4309H         LINE#         254
  C:430CH         LINE#         255
  C:4310H         LINE#         256
  C:4310H         LINE#         257
  C:4312H         LINE#         258
  C:4314H         LINE#         260
  C:4314H         LINE#         261
  C:4316H         LINE#         263
  C:4316H         LINE#         264
  C:4316H         LINE#         265
  C:4316H         LINE#         266
  C:4319H         LINE#         267
  C:431DH         LINE#         270
  C:433CH         LINE#         274
  C:4343H         LINE#         276
  C:4345H         LINE#         277
  C:434CH         LINE#         278
  C:4353H         LINE#         279
  C:4353H         LINE#         280
  C:4357H         LINE#         281
  C:4357H         LINE#         282
  C:435AH         LINE#         283
  C:435CH         LINE#         284
  C:435FH         LINE#         286
  C:4362H         LINE#         287
  C:4362H         LINE#         289
  C:4366H         LINE#         290
  C:4366H         LINE#         292
  C:4385H         LINE#         296
  C:4387H         LINE#         297
  C:438AH         LINE#         298
  C:438CH         LINE#         299
  -------         ENDPROC       READ_STATUS_REGISTER_BYTE1
  -------         PROC          _SPI_NOR_WRITE_DATA
  X:03BFH         SYMBOL        dat
  X:03C2H         SYMBOL        addr
  C:3276H         LINE#         301
  C:3281H         LINE#         302
  C:3281H         LINE#         303
  C:3298H         LINE#         304
  C:3298H         LINE#         305
  C:329BH         LINE#         306
  C:329EH         LINE#         307
  C:32A5H         LINE#         308
  C:32A5H         LINE#         310
  C:32A8H         LINE#         311
  C:32D1H         LINE#         312
  C:32D1H         LINE#         313
  C:32D4H         LINE#         314
BL51 BANKED LINKER/LOCATER V6.22                                                      02/20/2019  17:23:35  PAGE 47


  C:32FCH         LINE#         315
  C:32FCH         LINE#         317
  C:32FCH         LINE#         318
  C:32FFH         LINE#         319
  C:3327H         LINE#         320
  C:3327H         LINE#         322
  C:3327H         LINE#         323
  C:332AH         LINE#         324
  C:3353H         LINE#         325
  C:3353H         LINE#         327
  C:3353H         LINE#         328
  C:3356H         LINE#         329
  C:337FH         LINE#         330
  C:337FH         LINE#         332
  C:337FH         LINE#         333
  C:3382H         LINE#         334
  C:33ABH         LINE#         335
  C:33ABH         LINE#         336
  C:33ABH         LINE#         337
  C:33AEH         LINE#         338
  C:33D7H         LINE#         339
  C:33D7H         LINE#         341
  C:33D7H         LINE#         342
  C:33DAH         LINE#         343
  C:3403H         LINE#         344
  C:3403H         LINE#         346
  C:3403H         LINE#         347
  C:3406H         LINE#         348
  C:342FH         LINE#         349
  C:342FH         LINE#         351
  C:342FH         LINE#         352
  C:3432H         LINE#         353
  C:345BH         LINE#         354
  C:345BH         LINE#         356
  C:345BH         LINE#         357
  C:345EH         LINE#         358
  -------         ENDPROC       _SPI_NOR_WRITE_DATA
  -------         ENDMOD        AT25SF041

  -------         MODULE        ?C_STARTUP
  C:455BH         SEGMENT       ?C_C51STARTUP
  I:0022H         SEGMENT       ?STACK
  C:0000H         PUBLIC        ?C_STARTUP
  D:00E0H         SYMBOL        ACC
  D:00F0H         SYMBOL        B
  D:0083H         SYMBOL        DPH
  D:0082H         SYMBOL        DPL
  N:0000H         SYMBOL        IBPSTACK
  N:0100H         SYMBOL        IBPSTACKTOP
  N:0080H         SYMBOL        IDATALEN
  C:455EH         SYMBOL        IDATALOOP
  N:0000H         SYMBOL        PBPSTACK
  N:0100H         SYMBOL        PBPSTACKTOP
  N:0000H         SYMBOL        PDATALEN
  N:0000H         SYMBOL        PDATASTART
  N:0000H         SYMBOL        PPAGE
  N:0000H         SYMBOL        PPAGEENABLE
BL51 BANKED LINKER/LOCATER V6.22                                                      02/20/2019  17:23:35  PAGE 48


  D:00A0H         SYMBOL        PPAGE_SFR
  D:0081H         SYMBOL        SP
  C:455BH         SYMBOL        STARTUP1
  N:0000H         SYMBOL        XBPSTACK
  N:0000H         SYMBOL        XBPSTACKTOP
  N:0000H         SYMBOL        XDATALEN
  N:0000H         SYMBOL        XDATASTART
  C:0000H         LINE#         126
  C:455BH         LINE#         133
  C:455DH         LINE#         134
  C:455EH         LINE#         135
  C:455FH         LINE#         136
  C:4561H         LINE#         185
  C:4564H         LINE#         196
  -------         ENDMOD        ?C_STARTUP

  -------         MODULE        ?C?FPADD
  C:0B15H         PUBLIC        ?C?FPADD
  C:0B11H         PUBLIC        ?C?FPSUB
  -------         ENDMOD        ?C?FPADD

  -------         MODULE        ?C?FPMUL
  C:0C06H         PUBLIC        ?C?FPMUL
  -------         ENDMOD        ?C?FPMUL

  -------         MODULE        ?C?FPDIV
  C:0D0FH         PUBLIC        ?C?FPDIV
  -------         ENDMOD        ?C?FPDIV

  -------         MODULE        ?C?FPCMP
  C:0DAEH         PUBLIC        ?C?FPCMP
  C:0DACH         PUBLIC        ?C?FPCMP3
  -------         ENDMOD        ?C?FPCMP

  -------         MODULE        ?C?FPNEG
  C:0E25H         PUBLIC        ?C?FPNEG
  -------         ENDMOD        ?C?FPNEG

  -------         MODULE        ?C?FCAST
  C:0E40H         PUBLIC        ?C?FCASTC
  C:0E3BH         PUBLIC        ?C?FCASTI
  C:0E36H         PUBLIC        ?C?FCASTL
  -------         ENDMOD        ?C?FCAST

  -------         MODULE        ?C?CASTF
  C:0E74H         PUBLIC        ?C?CASTF
  -------         ENDMOD        ?C?CASTF

  -------         MODULE        ATAN2
  X:04D4H         PUBLIC        ?_atan2?BYTE
  C:438DH         PUBLIC        _atan2
  -------         ENDMOD        ATAN2

  -------         MODULE        SIN
  C:3836H         PUBLIC        _COS
  C:384CH         PUBLIC        _SIN
  C:3888H         PUBLIC        _TAN
BL51 BANKED LINKER/LOCATER V6.22                                                      02/20/2019  17:23:35  PAGE 49


  -------         ENDMOD        SIN

  -------         MODULE        ACOS
  C:48A6H         PUBLIC        _ACOS
  -------         ENDMOD        ACOS

  -------         MODULE        ASIN
  C:49B4H         PUBLIC        _ASIN
  -------         ENDMOD        ASIN

  -------         MODULE        SQRT
  C:4244H         PUBLIC        _SQRT
  -------         ENDMOD        SQRT

  -------         MODULE        ATAN
  C:3C34H         PUBLIC        _ATAN
  -------         ENDMOD        ATAN

  -------         MODULE        ?C?COPY
  C:1012H         PUBLIC        ?C?COPY
  -------         ENDMOD        ?C?COPY

  -------         MODULE        ?C?CLDPTR
  C:1038H         PUBLIC        ?C?CLDPTR
  -------         ENDMOD        ?C?CLDPTR

  -------         MODULE        ?C?CLDOPTR
  C:1051H         PUBLIC        ?C?CLDOPTR
  -------         ENDMOD        ?C?CLDOPTR

  -------         MODULE        ?C?CSTPTR
  C:107EH         PUBLIC        ?C?CSTPTR
  -------         ENDMOD        ?C?CSTPTR

  -------         MODULE        ?C?IMUL
  C:1090H         PUBLIC        ?C?IMUL
  -------         ENDMOD        ?C?IMUL

  -------         MODULE        ?C?UIDIV
  C:10A2H         PUBLIC        ?C?UIDIV
  -------         ENDMOD        ?C?UIDIV

  -------         MODULE        ?C?SIDIV
  C:10F7H         PUBLIC        ?C?SIDIV
  -------         ENDMOD        ?C?SIDIV

  -------         MODULE        ?C?IILDX
  C:112DH         PUBLIC        ?C?IILDX
  -------         ENDMOD        ?C?IILDX

  -------         MODULE        ?C?ILDIX
  C:1143H         PUBLIC        ?C?ILDIX
  -------         ENDMOD        ?C?ILDIX

  -------         MODULE        ?C?ILDOPTR
  C:1159H         PUBLIC        ?C?ILDOPTR
  -------         ENDMOD        ?C?ILDOPTR
BL51 BANKED LINKER/LOCATER V6.22                                                      02/20/2019  17:23:35  PAGE 50



  -------         MODULE        ?C?ISTPTR
  C:1191H         PUBLIC        ?C?ISTPTR
  -------         ENDMOD        ?C?ISTPTR

  -------         MODULE        ?C?LMUL
  C:11B0H         PUBLIC        ?C?LMUL
  -------         ENDMOD        ?C?LMUL

  -------         MODULE        ?C?SLDIV
  C:48F0H         PUBLIC        ?C?SLDIV
  -------         ENDMOD        ?C?SLDIV

  -------         MODULE        ?C?LNEG
  C:11FFH         PUBLIC        ?C?LNEG
  -------         ENDMOD        ?C?LNEG

  -------         MODULE        ?C?ULCMP
  C:120DH         PUBLIC        ?C?ULCMP
  -------         ENDMOD        ?C?ULCMP

  -------         MODULE        ?C?LSHL
  C:121EH         PUBLIC        ?C?LSHL
  -------         ENDMOD        ?C?LSHL

  -------         MODULE        ?C?LLDPTR
  C:1231H         PUBLIC        ?C?LLDPTR
  -------         ENDMOD        ?C?LLDPTR

  -------         MODULE        ?C?LLDOPTR
  C:1251H         PUBLIC        ?C?LLDOPTR
  -------         ENDMOD        ?C?LLDOPTR

  -------         MODULE        ?C?LSTPTR
  C:1281H         PUBLIC        ?C?LSTPTR
  -------         ENDMOD        ?C?LSTPTR

  -------         MODULE        ?C?LSTOPTR
  C:129BH         PUBLIC        ?C?LSTOPTR
  -------         ENDMOD        ?C?LSTOPTR

  -------         MODULE        ?C?LLDXDATA
  C:12BFH         PUBLIC        ?C?LLDXDATA
  -------         ENDMOD        ?C?LLDXDATA

  -------         MODULE        ?C?LLDCODE
  C:12CBH         PUBLIC        ?C?LLDCODE
  -------         ENDMOD        ?C?LLDCODE

  -------         MODULE        ?C?LLDXDATA0
  C:12DBH         PUBLIC        ?C?LLDXDATA0
  -------         ENDMOD        ?C?LLDXDATA0

  -------         MODULE        ?C?LLDCODE0
  C:12E7H         PUBLIC        ?C?LLDCODE0
  -------         ENDMOD        ?C?LLDCODE0

BL51 BANKED LINKER/LOCATER V6.22                                                      02/20/2019  17:23:35  PAGE 51


  -------         MODULE        ?C?LLDPTR0
  C:12F7H         PUBLIC        ?C?LLDPTR0
  -------         ENDMOD        ?C?LLDPTR0

  -------         MODULE        ?C?LSTXDATA
  C:1317H         PUBLIC        ?C?LSTXDATA
  -------         ENDMOD        ?C?LSTXDATA

  -------         MODULE        ?C?LSTKXDATA
  C:1323H         PUBLIC        ?C?LSTKXDATA
  -------         ENDMOD        ?C?LSTKXDATA

  -------         MODULE        ?C?LSTKPTR
  C:1354H         PUBLIC        ?C?LSTKPTR
  -------         ENDMOD        ?C?LSTKPTR

  -------         MODULE        ?C?OFFXADD
  C:136EH         PUBLIC        ?C?OFFXADD
  -------         ENDMOD        ?C?OFFXADD

  -------         MODULE        ABS
  C:4CDCH         PUBLIC        _ABS
  -------         ENDMOD        ABS

  -------         MODULE        ATOI
  C:3F3AH         PUBLIC        _atoi
  -------         ENDMOD        ATOI

  -------         MODULE        ?C?ULDIV
  C:13B6H         PUBLIC        ?C?ULDIV
  -------         ENDMOD        ?C?ULDIV

  -------         MODULE        ?C?LLDIDATA
  C:1448H         PUBLIC        ?C?LLDIDATA
  -------         ENDMOD        ?C?LLDIDATA

  -------         MODULE        ?C?LLDPDATA
  C:1454H         PUBLIC        ?C?LLDPDATA
  -------         ENDMOD        ?C?LLDPDATA

  -------         MODULE        ?C?LLDIDATA0
  C:1460H         PUBLIC        ?C?LLDIDATA0
  -------         ENDMOD        ?C?LLDIDATA0

  -------         MODULE        ?C?LLDPDATA0
  C:146DH         PUBLIC        ?C?LLDPDATA0
  -------         ENDMOD        ?C?LLDPDATA0

  -------         MODULE        ?C?LSTIDATA
  C:147AH         PUBLIC        ?C?LSTIDATA
  -------         ENDMOD        ?C?LSTIDATA

  -------         MODULE        ?C?LSTPDATA
  C:1486H         PUBLIC        ?C?LSTPDATA
  -------         ENDMOD        ?C?LSTPDATA

  -------         MODULE        ?C?LSTKIDATA
BL51 BANKED LINKER/LOCATER V6.22                                                      02/20/2019  17:23:35  PAGE 52


  C:1492H         PUBLIC        ?C?LSTKIDATA
  -------         ENDMOD        ?C?LSTKIDATA

  -------         MODULE        ?C?LSTKPDATA
  C:14ABH         PUBLIC        ?C?LSTKPDATA
  -------         ENDMOD        ?C?LSTKPDATA

  -------         MODULE        ISDIGIT
  C:4CB4H         PUBLIC        _isdigit
  -------         ENDMOD        ISDIGIT

  -------         MODULE        ISSPACE
  C:4C4FH         PUBLIC        _isspace
  -------         ENDMOD        ISSPACE

*** WARNING L16: UNCALLED SEGMENT, IGNORED FOR OVERLAY PROCESS
    SEGMENT: ?PR?_DISPLAY_PROX?MAIN

*** WARNING L16: UNCALLED SEGMENT, IGNORED FOR OVERLAY PROCESS
    SEGMENT: ?PR?_DAY_OF_YEAR?PCF85063BTL

*** WARNING L16: UNCALLED SEGMENT, IGNORED FOR OVERLAY PROCESS
    SEGMENT: ?PR?INITUART1?UART1

*** WARNING L16: UNCALLED SEGMENT, IGNORED FOR OVERLAY PROCESS
    SEGMENT: ?PR?_SENDSTRING?UART1

*** WARNING L16: UNCALLED SEGMENT, IGNORED FOR OVERLAY PROCESS
    SEGMENT: ?PR?_TEN?UART1

*** WARNING L16: UNCALLED SEGMENT, IGNORED FOR OVERLAY PROCESS
    SEGMENT: ?PR?_UNIT?UART1

*** WARNING L16: UNCALLED SEGMENT, IGNORED FOR OVERLAY PROCESS
    SEGMENT: ?PR?_DECTOBCD?UART1

*** WARNING L16: UNCALLED SEGMENT, IGNORED FOR OVERLAY PROCESS
    SEGMENT: ?PR?_ASCII_LETTER?UART1

*** WARNING L16: UNCALLED SEGMENT, IGNORED FOR OVERLAY PROCESS
    SEGMENT: ?PR?_ASCIITOBCD?UART1

*** WARNING L16: UNCALLED SEGMENT, IGNORED FOR OVERLAY PROCESS
    SEGMENT: ?PR?WAIT?BIPOLARMOTOR

*** WARNING L16: UNCALLED SEGMENT, IGNORED FOR OVERLAY PROCESS
    SEGMENT: ?PR?_FINDDET4X4?BIPOLARMOTOR

*** WARNING L16: UNCALLED SEGMENT, IGNORED FOR OVERLAY PROCESS
    SEGMENT: ?PR?VOLTAGE_IS_STABLE?CALIBRATION

*** WARNING L16: UNCALLED SEGMENT, IGNORED FOR OVERLAY PROCESS
    SEGMENT: ?PR?NOP?IOEXPANDER_PI4IOE5V96248

*** WARNING L16: UNCALLED SEGMENT, IGNORED FOR OVERLAY PROCESS
    SEGMENT: ?PR?UC_ACK?IOEXPANDER_PI4IOE5V96248

BL51 BANKED LINKER/LOCATER V6.22                                                      02/20/2019  17:23:35  PAGE 53


*** WARNING L16: UNCALLED SEGMENT, IGNORED FOR OVERLAY PROCESS
    SEGMENT: ?PR?UC_NACK?IOEXPANDER_PI4IOE5V96248

*** WARNING L16: UNCALLED SEGMENT, IGNORED FOR OVERLAY PROCESS
    SEGMENT: ?PR?_AT25SF041_READ?AT25SF041

*** WARNING L1: UNRESOLVED EXTERNAL SYMBOL
    SYMBOL:  AUTO_MODE
    MODULE:  .\Obj\main.obj (MAIN)

*** WARNING L2: REFERENCE MADE TO UNRESOLVED EXTERNAL
    SYMBOL:  AUTO_MODE
    MODULE:  .\Obj\main.obj (MAIN)
    ADDRESS: 14F7H

*** WARNING L2: REFERENCE MADE TO UNRESOLVED EXTERNAL
    SYMBOL:  AUTO_MODE
    MODULE:  .\Obj\main.obj (MAIN)
    ADDRESS: 166CH

*** WARNING L2: REFERENCE MADE TO UNRESOLVED EXTERNAL
    SYMBOL:  AUTO_MODE
    MODULE:  .\Obj\main.obj (MAIN)
    ADDRESS: 167AH

*** WARNING L2: REFERENCE MADE TO UNRESOLVED EXTERNAL
    SYMBOL:  AUTO_MODE
    MODULE:  .\Obj\main.obj (MAIN)
    ADDRESS: 168CH

*** WARNING L2: REFERENCE MADE TO UNRESOLVED EXTERNAL
    SYMBOL:  AUTO_MODE
    MODULE:  .\Obj\main.obj (MAIN)
    ADDRESS: 16CEH

*** WARNING L2: REFERENCE MADE TO UNRESOLVED EXTERNAL
    SYMBOL:  AUTO_MODE
    MODULE:  .\Obj\main.obj (MAIN)
    ADDRESS: 17A1H

*** WARNING L1: UNRESOLVED EXTERNAL SYMBOL
    SYMBOL:  _SENDUART1
    MODULE:  .\Obj\UART1.obj (UART1)

*** WARNING L2: REFERENCE MADE TO UNRESOLVED EXTERNAL
    SYMBOL:  _SENDUART1
    MODULE:  .\Obj\UART1.obj (UART1)
    ADDRESS: 4A1DH

*** WARNING L1: UNRESOLVED EXTERNAL SYMBOL
    SYMBOL:  AUTO_MODE
    MODULE:  .\Obj\KeyPad.obj (KEYPAD)

*** WARNING L2: REFERENCE MADE TO UNRESOLVED EXTERNAL
    SYMBOL:  AUTO_MODE
    MODULE:  .\Obj\KeyPad.obj (KEYPAD)
    ADDRESS: 3023H
BL51 BANKED LINKER/LOCATER V6.22                                                      02/20/2019  17:23:35  PAGE 54



*** WARNING L2: REFERENCE MADE TO UNRESOLVED EXTERNAL
    SYMBOL:  AUTO_MODE
    MODULE:  .\Obj\KeyPad.obj (KEYPAD)
    ADDRESS: 302EH

*** WARNING L2: REFERENCE MADE TO UNRESOLVED EXTERNAL
    SYMBOL:  AUTO_MODE
    MODULE:  .\Obj\KeyPad.obj (KEYPAD)
    ADDRESS: 3035H

Program Size: data=10.2 xdata=1615 code=19726
LINK/LOCATE RUN COMPLETE.  29 WARNING(S),  0 ERROR(S)
