BL51 BANKED LINKER/LOCATER V6.22                                                        02/18/2019  11:06:49  PAGE 1


BL51 BANKED LINKER/LOCATER V6.22, INVOKED BY:
C:\KEIL_V5\C51\BIN\BL51.EXE .\Obj\main.obj, .\Obj\PCF85063BTL.obj, .\Obj\UART1.obj, .\Obj\LCd_Driver_SPLC780D.obj, .\Obj
>> \KeyPad.obj, .\Obj\BipolarMotor.obj, .\Obj\SunPos.obj, .\Obj\ADC.obj, .\Obj\Calibration.obj, .\Obj\IOExpander_PI4IOE5
>> V96248.obj, .\Obj\AT25SF041.obj, .\Obj\STARTUP.obj TO .\Obj\GPIO_RTC_Test PRINT (.\Lis\GPIO_RTC_Test.m51) RAMSIZE (25
>> 6)


MEMORY MODEL: LARGE WITH FLOATING POINT ARITHMETIC


INPUT MODULES INCLUDED:
  .\Obj\main.obj (MAIN)
  .\Obj\PCF85063BTL.obj (PCF85063BTL)
  .\Obj\UART1.obj (UART1)
  .\Obj\LCd_Driver_SPLC780D.obj (LCD_DRIVER_SPLC780D)
  .\Obj\KeyPad.obj (KEYPAD)
  .\Obj\BipolarMotor.obj (BIPOLARMOTOR)
  .\Obj\SunPos.obj (SUNPOS)
  .\Obj\ADC.obj (ADC)
  .\Obj\Calibration.obj (CALIBRATION)
  .\Obj\IOExpander_PI4IOE5V96248.obj (IOEXPANDER_PI4IOE5V96248)
  .\Obj\AT25SF041.obj (AT25SF041)
  .\Obj\STARTUP.obj (?C_STARTUP)
  C:\KEIL_V5\C51\LIB\C51FPL.LIB (?C?FPADD)
  C:\KEIL_V5\C51\LIB\C51FPL.LIB (?C?FPMUL)
  C:\KEIL_V5\C51\LIB\C51FPL.LIB (?C?FPDIV)
  C:\KEIL_V5\C51\LIB\C51FPL.LIB (?C?FPCMP)
  C:\KEIL_V5\C51\LIB\C51FPL.LIB (?C?FPNEG)
  C:\KEIL_V5\C51\LIB\C51FPL.LIB (?C?FCAST)
  C:\KEIL_V5\C51\LIB\C51FPL.LIB (?C?CASTF)
  C:\KEIL_V5\C51\LIB\C51FPL.LIB (ATAN2)
  C:\KEIL_V5\C51\LIB\C51FPL.LIB (SIN)
  C:\KEIL_V5\C51\LIB\C51FPL.LIB (ACOS)
  C:\KEIL_V5\C51\LIB\C51FPL.LIB (ASIN)
  C:\KEIL_V5\C51\LIB\C51FPL.LIB (?C?FPGETOPN)
  C:\KEIL_V5\C51\LIB\C51FPL.LIB (?C?FPSERIES)
  C:\KEIL_V5\C51\LIB\C51FPL.LIB (SQRT)
  C:\KEIL_V5\C51\LIB\C51FPL.LIB (ATAN)
  C:\KEIL_V5\C51\LIB\C51L.LIB (?C_INIT)
  C:\KEIL_V5\C51\LIB\C51L.LIB (?C?COPY)
  C:\KEIL_V5\C51\LIB\C51L.LIB (?C?CLDPTR)
  C:\KEIL_V5\C51\LIB\C51L.LIB (?C?CLDOPTR)
  C:\KEIL_V5\C51\LIB\C51L.LIB (?C?CSTPTR)
  C:\KEIL_V5\C51\LIB\C51L.LIB (?C?IMUL)
  C:\KEIL_V5\C51\LIB\C51L.LIB (?C?UIDIV)
  C:\KEIL_V5\C51\LIB\C51L.LIB (?C?SIDIV)
  C:\KEIL_V5\C51\LIB\C51L.LIB (?C?IILDX)
  C:\KEIL_V5\C51\LIB\C51L.LIB (?C?ILDIX)
  C:\KEIL_V5\C51\LIB\C51L.LIB (?C?ILDOPTR)
  C:\KEIL_V5\C51\LIB\C51L.LIB (?C?LMUL)
  C:\KEIL_V5\C51\LIB\C51L.LIB (?C?SLDIV)
  C:\KEIL_V5\C51\LIB\C51L.LIB (?C?LNEG)
  C:\KEIL_V5\C51\LIB\C51L.LIB (?C?ULCMP)
  C:\KEIL_V5\C51\LIB\C51L.LIB (?C?LSHL)
  C:\KEIL_V5\C51\LIB\C51L.LIB (?C?LLDPTR)
  C:\KEIL_V5\C51\LIB\C51L.LIB (?C?LLDOPTR)
  C:\KEIL_V5\C51\LIB\C51L.LIB (?C?LSTPTR)
  C:\KEIL_V5\C51\LIB\C51L.LIB (?C?LSTOPTR)
BL51 BANKED LINKER/LOCATER V6.22                                                      02/18/2019  11:06:49  PAGE 2


  C:\KEIL_V5\C51\LIB\C51L.LIB (?C?LLDXDATA)
  C:\KEIL_V5\C51\LIB\C51L.LIB (?C?LLDCODE)
  C:\KEIL_V5\C51\LIB\C51L.LIB (?C?LLDXDATA0)
  C:\KEIL_V5\C51\LIB\C51L.LIB (?C?LLDCODE0)
  C:\KEIL_V5\C51\LIB\C51L.LIB (?C?LLDPTR0)
  C:\KEIL_V5\C51\LIB\C51L.LIB (?C?LSTXDATA)
  C:\KEIL_V5\C51\LIB\C51L.LIB (?C?LSTKXDATA)
  C:\KEIL_V5\C51\LIB\C51L.LIB (?C?OFFXADD)
  C:\KEIL_V5\C51\LIB\C51L.LIB (ABS)
  C:\KEIL_V5\C51\LIB\C51L.LIB (ATOI)
  C:\KEIL_V5\C51\LIB\C51L.LIB (?C?ULDIV)
  C:\KEIL_V5\C51\LIB\C51L.LIB (?C?LLDIDATA)
  C:\KEIL_V5\C51\LIB\C51L.LIB (?C?LLDPDATA)
  C:\KEIL_V5\C51\LIB\C51L.LIB (?C?LLDIDATA0)
  C:\KEIL_V5\C51\LIB\C51L.LIB (?C?LLDPDATA0)
  C:\KEIL_V5\C51\LIB\C51L.LIB (?C?LSTIDATA)
  C:\KEIL_V5\C51\LIB\C51L.LIB (?C?LSTPDATA)
  C:\KEIL_V5\C51\LIB\C51L.LIB (ISDIGIT)
  C:\KEIL_V5\C51\LIB\C51L.LIB (ISSPACE)


LINK MAP OF MODULE:  .\Obj\GPIO_RTC_Test (MAIN)


            TYPE    BASE      LENGTH    RELOCATION   SEGMENT NAME
            -----------------------------------------------------

            * * * * * * *   D A T A   M E M O R Y   * * * * * * *
            REG     0000H     0008H     ABSOLUTE     "REG BANK 0"
                    0008H     0018H                  *** GAP ***
            BIT     0020H.0   0000H.5   UNIT         ?BI?KEYPAD
            BIT     0020H.5   0000H.3   UNIT         _BIT_GROUP_
            BIT     0021H.0   0000H.1   UNIT         ?BI?MAIN
            BIT     0021H.1   0000H.1   UNIT         ?BI?_ATOI?ATOI
                    0021H.2   0000H.6                *** GAP ***
            IDATA   0022H     0001H     UNIT         ?STACK

            * * * * * * *  X D A T A   M E M O R Y  * * * * * * *
            XDATA   0000H     038FH     UNIT         ?XD?BIPOLARMOTOR
            XDATA   038FH     0140H     UNIT         _XDATA_GROUP_
            XDATA   04CFH     00D4H     UNIT         ?XD?MAIN
            XDATA   05A3H     0040H     UNIT         ?XD?_FINDDET4X4?BIPOLARMOTOR
            XDATA   05E3H     0024H     UNIT         ?XD?_FINDDET3X3?BIPOLARMOTOR
            XDATA   0607H     0009H     UNIT         ?XD?KEYPAD
            XDATA   0610H     0008H     UNIT         ?XD?_AT25SF041_READ?AT25SF041
            XDATA   0618H     0005H     UNIT         ?XD?_ATOI?ATOI
            XDATA   061DH     0004H     UNIT         ?XD?_DISPLAY_PROX?MAIN
            XDATA   0621H     0003H     UNIT         ?XD?_SENDSTRING?UART1
            XDATA   0624H     0003H     UNIT         ?XD?READ_STATUS_REGISTER_BYTE1?AT25SF041
            XDATA   0627H     0002H     UNIT         ?XD?AT25SF041_CHIPERASE?AT25SF041
            XDATA   0629H     0001H     UNIT         ?XD?UC_ACK?IOEXPANDER_PI4IOE5V96248
            XDATA   062AH     0001H     UNIT         ?XD?UC_NACK?IOEXPANDER_PI4IOE5V96248

            * * * * * * *   C O D E   M E M O R Y   * * * * * * *
            CODE    0000H     0003H     ABSOLUTE     
            CODE    0003H     0006H     UNIT         ?PR?_TEN?UART1
            CODE    0009H     0001H     UNIT         ?PR?TM0_ISR?MAIN
BL51 BANKED LINKER/LOCATER V6.22                                                      02/18/2019  11:06:49  PAGE 3


            CODE    000AH     0001H     UNIT         ?PR?_DECTOBCD?UART1
            CODE    000BH     0003H     ABSOLUTE     
            CODE    000EH     0B00H     UNIT         ?PR?_UPDATE_POSITION?BIPOLARMOTOR
            CODE    0B0EH     094BH     UNIT         ?C?LIB_CODE
            CODE    1459H     08C2H     UNIT         ?PR?MAIN?MAIN
            CODE    1D1BH     07A2H     UNIT         ?PR?SUNPOS?SUNPOS
            CODE    24BDH     03F2H     UNIT         ?C_INITSEG
            CODE    28AFH     02C0H     UNIT         ?PR?_FINDDET4X4?BIPOLARMOTOR
            CODE    2B6FH     02B1H     UNIT         ?PR?_FIND_REAL_MAX?CALIBRATION
            CODE    2E20H     02A0H     UNIT         ?PR?KEY_PROCESS?KEYPAD
            CODE    30C0H     01F6H     UNIT         ?PR?_SPI_NOR_WRITE_DATA?AT25SF041
            CODE    32B6H     01D1H     UNIT         ?PR?_FINDDET3X3?BIPOLARMOTOR
            CODE    3487H     018DH     UNIT         ?PR?KEY_SCAN?KEYPAD
            CODE    3614H     0188H     UNIT         ?PR?SIN?SIN
            CODE    379CH     0172H     UNIT         ?PR?_DISPLAY_POS?MAIN
            CODE    390EH     0122H     UNIT         ?PR?ATAN?ATAN
            CODE    3A30H     0106H     UNIT         ?PR?_AT25SF041_READ?AT25SF041
            CODE    3B36H     00FEH     UNIT         ?PR?_AT25SF041_WRITE?AT25SF041
            CODE    3C34H     00E4H     UNIT         ?PR?_CALIBRATION?CALIBRATION
            CODE    3D18H     00DBH     UNIT         ?PR?_ATOI?ATOI
            CODE    3DF3H     00C3H     UNIT         ?PR?LINEAR_INTERPOLATE?BIPOLARMOTOR
            CODE    3EB6H     00BBH     UNIT         ?PR?VOLTAGE_IS_STABLE?CALIBRATION
            CODE    3F71H     00ADH     UNIT         ?PR?_WRITE_PI4IOE5V96248?IOEXPANDER_PI4IOE5V96248
            CODE    401EH     00ACH     UNIT         ?PR?SQRT?SQRT
            CODE    40CAH     00A1H     UNIT         ?PR?READ_STATUS_REGISTER_BYTE1?AT25SF041
            CODE    416BH     009DH     UNIT         ?PR?_ATAN2?ATAN2
            CODE    4208H     009CH     UNIT         ?PR?_MAX_VALUE?CALIBRATION
            CODE    42A4H     0095H     UNIT         ?PR?_DISPLAY_PROX?MAIN
            CODE    4339H     008CH     UNIT         ?C_C51STARTUP
            CODE    43C5H     0084H     UNIT         ?PR?_DAY_OF_YEAR?PCF85063BTL
            CODE    4449H     0075H     UNIT         ?PR?_WRITEDATA?LCD_DRIVER_SPLC780D
            CODE    44BEH     006FH     UNIT         ?PR?_READ_TIME?PCF85063BTL
            CODE    452DH     005AH     UNIT         ?PR?AT25SF041_CHIPERASE?AT25SF041
            CODE    4587H     005AH     UNIT         ?PR?AT25SF041_WRITEENABLE?AT25SF041
            CODE    45E1H     0059H     UNIT         ?PR?LCD_INIT?LCD_DRIVER_SPLC780D
            CODE    463AH     004AH     UNIT         ?PR?VONESTEPMOVE?BIPOLARMOTOR
            CODE    4684H     004AH     UNIT         ?PR?ACOS?ACOS
            CODE    46CEH     0044H     UNIT         ?C?LDIV
            CODE    4712H     0040H     UNIT         ?PR?_COMMAND?LCD_DRIVER_SPLC780D
            CODE    4752H     0040H     UNIT         ?PR?_STEP_MOVE?BIPOLARMOTOR
            CODE    4792H     003BH     UNIT         ?PR?ASIN?ASIN
            CODE    47CDH     0033H     UNIT         ?PR?_SENDSTRING?UART1
            CODE    4800H     002CH     UNIT         ?PR?_ADC_GETRESULT?ADC
            CODE    482CH     002BH     UNIT         ?PR?_WAIT_MS_I2C?IOEXPANDER_PI4IOE5V96248
            CODE    4857H     002BH     UNIT         ?PR?_WAIT_MS_SPINOR?AT25SF041
            CODE    4882H     0028H     UNIT         ?PR?_MOVE?BIPOLARMOTOR
            CODE    48AAH     0027H     UNIT         ?PR?_I2C_SENDBYTE?IOEXPANDER_PI4IOE5V96248
            CODE    48D1H     0024H     UNIT         ?PR?_WAIT_MS?LCD_DRIVER_SPLC780D
            CODE    48F5H     0020H     UNIT         ?PR?_SPI_SENDBYTE?PCF85063BTL
            CODE    4915H     0020H     UNIT         ?PR?SPI_RECEIVEBYTE?PCF85063BTL
            CODE    4935H     001FH     UNIT         ?PR?ADC_INIT?ADC
            CODE    4954H     001EH     UNIT         ?PR?_DELAY_MS?KEYPAD
            CODE    4972H     001DH     UNIT         ?PR?_DISPLAYLCD?LCD_DRIVER_SPLC780D
            CODE    498FH     001BH     UNIT         ?PR?_BCDTODEC1?BIPOLARMOTOR
            CODE    49AAH     0018H     UNIT         ?PR?_SPI_WRITETIME?PCF85063BTL
            CODE    49C2H     0017H     UNIT         ?PR?_ASCIITOBCD?UART1
            CODE    49D9H     0016H     UNIT         ?PR?I2C_ACK?IOEXPANDER_PI4IOE5V96248
BL51 BANKED LINKER/LOCATER V6.22                                                      02/18/2019  11:06:49  PAGE 4


            CODE    49EFH     0015H     UNIT         ?PR?_DISPLAY_LINE?LCD_DRIVER_SPLC780D
            CODE    4A04H     0015H     UNIT         ?PR?I2C_STOP?IOEXPANDER_PI4IOE5V96248
            CODE    4A19H     0014H     UNIT         ?PR?_PCF85063BTL_DELAY?PCF85063BTL
            CODE    4A2DH     0014H     UNIT         ?PR?_ISSPACE?ISSPACE
            CODE    4A41H     0011H     UNIT         ?PR?_SPI_READTIME?PCF85063BTL
            CODE    4A52H     0011H     UNIT         ?PR?_BCDTODEC?PCF85063BTL
            CODE    4A63H     0011H     UNIT         ?PR?INITUART1?UART1
            CODE    4A74H     000FH     UNIT         ?PR?I2C_START?IOEXPANDER_PI4IOE5V96248
            CODE    4A83H     000FH     UNIT         ?PR?UC_NACK?IOEXPANDER_PI4IOE5V96248
            CODE    4A92H     000FH     UNIT         ?PR?_ISDIGIT?ISDIGIT
            CODE    4AA1H     000DH     UNIT         ?PR?SPI_INIT?PCF85063BTL
            CODE    4AAEH     000CH     UNIT         ?PR?KEYPAD_IO_INIT?KEYPAD
            CODE    4ABAH     000CH     UNIT         ?PR?_ABS?ABS
            CODE    4AC6H     000AH     UNIT         ?PR?LCD_RETURN_HOME?LCD_DRIVER_SPLC780D
            CODE    4AD0H     000AH     UNIT         ?PR?LCD_CLEAR?LCD_DRIVER_SPLC780D
            CODE    4ADAH     0006H     UNIT         ?PR?UC_ACK?IOEXPANDER_PI4IOE5V96248
            CODE    4AE0H     0005H     UNIT         ?PR?_UNIT?UART1
            CODE    4AE5H     0005H     UNIT         ?PR?_ASCII_LETTER?UART1
            CODE    4AEAH     0001H     UNIT         ?PR?WAIT?BIPOLARMOTOR
            CODE    4AEBH     0001H     UNIT         ?PR?NOP?IOEXPANDER_PI4IOE5V96248



OVERLAY MAP OF MODULE:   .\Obj\GPIO_RTC_Test (MAIN)


SEGMENT                                             BIT_GROUP          XDATA_GROUP
  +--> CALLED SEGMENT                            START    LENGTH     START    LENGTH
------------------------------------------------------------------------------------
?C_C51STARTUP                                    -----    -----      -----    -----
  +--> ?PR?MAIN?MAIN
  +--> ?C_INITSEG

?PR?MAIN?MAIN                                    -----    -----      038FH    0024H
  +--> ?PR?LCD_INIT?LCD_DRIVER_SPLC780D
  +--> ?PR?SPI_INIT?PCF85063BTL
  +--> ?PR?KEYPAD_IO_INIT?KEYPAD
  +--> ?PR?ADC_INIT?ADC
  +--> ?PR?_SPI_WRITETIME?PCF85063BTL
  +--> ?PR?_DELAY_MS?KEYPAD
  +--> ?PR?_DISPLAY_LINE?LCD_DRIVER_SPLC780D
  +--> ?PR?_WRITEDATA?LCD_DRIVER_SPLC780D
  +--> ?PR?KEY_PROCESS?KEYPAD
  +--> ?PR?_COMMAND?LCD_DRIVER_SPLC780D
  +--> ?PR?_DISPLAY_POS?MAIN
  +--> ?PR?_DISPLAYLCD?LCD_DRIVER_SPLC780D
  +--> ?PR?_STEP_MOVE?BIPOLARMOTOR
  +--> ?PR?LCD_RETURN_HOME?LCD_DRIVER_SPLC780D
  +--> ?PR?_READ_TIME?PCF85063BTL
  +--> ?PR?_ADC_GETRESULT?ADC
  +--> ?PR?_BCDTODEC1?BIPOLARMOTOR
  +--> ?PR?_CALIBRATION?CALIBRATION
  +--> ?PR?_SPI_NOR_WRITE_DATA?AT25SF041
  +--> ?PR?LINEAR_INTERPOLATE?BIPOLARMOTOR
  +--> ?PR?_UPDATE_POSITION?BIPOLARMOTOR

?PR?LCD_INIT?LCD_DRIVER_SPLC780D                 -----    -----      -----    -----
BL51 BANKED LINKER/LOCATER V6.22                                                      02/18/2019  11:06:49  PAGE 5


  +--> ?PR?_WAIT_MS?LCD_DRIVER_SPLC780D
  +--> ?PR?_COMMAND?LCD_DRIVER_SPLC780D

?PR?_COMMAND?LCD_DRIVER_SPLC780D                 -----    -----      -----    -----
  +--> ?PR?_WAIT_MS?LCD_DRIVER_SPLC780D

?PR?ADC_INIT?ADC                                 -----    -----      -----    -----
  +--> ?PR?_WAIT_MS?LCD_DRIVER_SPLC780D

?PR?_SPI_WRITETIME?PCF85063BTL                   -----    -----      -----    -----
  +--> ?PR?_SPI_SENDBYTE?PCF85063BTL

?PR?_SPI_SENDBYTE?PCF85063BTL                    -----    -----      -----    -----
  +--> ?PR?_PCF85063BTL_DELAY?PCF85063BTL

?PR?_DISPLAY_LINE?LCD_DRIVER_SPLC780D            -----    -----      -----    -----
  +--> ?PR?_COMMAND?LCD_DRIVER_SPLC780D

?PR?_WRITEDATA?LCD_DRIVER_SPLC780D               -----    -----      0455H    0001H
  +--> ?PR?_WAIT_MS?LCD_DRIVER_SPLC780D

?PR?KEY_PROCESS?KEYPAD                           -----    -----      03B3H    0006H
  +--> ?PR?KEY_SCAN?KEYPAD
  +--> ?PR?_SPI_WRITETIME?PCF85063BTL
  +--> ?PR?LCD_CLEAR?LCD_DRIVER_SPLC780D
  +--> ?PR?_COMMAND?LCD_DRIVER_SPLC780D
  +--> ?PR?_WRITEDATA?LCD_DRIVER_SPLC780D

?PR?KEY_SCAN?KEYPAD                              -----    -----      03B9H    0003H

?PR?LCD_CLEAR?LCD_DRIVER_SPLC780D                -----    -----      -----    -----
  +--> ?PR?_COMMAND?LCD_DRIVER_SPLC780D

?PR?_DISPLAY_POS?MAIN                            -----    -----      044BH    000AH
  +--> ?PR?_ABS?ABS
  +--> ?PR?_WRITEDATA?LCD_DRIVER_SPLC780D

?PR?_DISPLAYLCD?LCD_DRIVER_SPLC780D              -----    -----      03B3H    0001H
  +--> ?PR?_WRITEDATA?LCD_DRIVER_SPLC780D

?PR?_STEP_MOVE?BIPOLARMOTOR                      0020H.6  0000H.1    046AH    0004H
  +--> ?PR?VONESTEPMOVE?BIPOLARMOTOR

?PR?VONESTEPMOVE?BIPOLARMOTOR                    0020H.7  0000H.1    -----    -----
  +--> ?PR?_WRITE_PI4IOE5V96248?IOEXPANDER_P...
  +--> ?PR?_DELAY_MS?KEYPAD

?PR?_WRITE_PI4IOE5V96248?IOEXPANDER_P...         -----    -----      046EH    0003H
  +--> ?PR?I2C_START?IOEXPANDER_PI4IOE5V96248
  +--> ?PR?_WAIT_MS_I2C?IOEXPANDER_PI4IOE5V9...
  +--> ?PR?_I2C_SENDBYTE?IOEXPANDER_PI4IOE5V...
  +--> ?PR?I2C_ACK?IOEXPANDER_PI4IOE5V96248
  +--> ?PR?I2C_STOP?IOEXPANDER_PI4IOE5V96248

?PR?I2C_START?IOEXPANDER_PI4IOE5V96248           -----    -----      -----    -----
  +--> ?PR?_WAIT_MS_I2C?IOEXPANDER_PI4IOE5V9...

BL51 BANKED LINKER/LOCATER V6.22                                                      02/18/2019  11:06:49  PAGE 6


?PR?_I2C_SENDBYTE?IOEXPANDER_PI4IOE5V...         -----    -----      -----    -----
  +--> ?PR?_WAIT_MS_I2C?IOEXPANDER_PI4IOE5V9...

?PR?I2C_ACK?IOEXPANDER_PI4IOE5V96248             -----    -----      0471H    0001H
  +--> ?PR?_WAIT_MS_I2C?IOEXPANDER_PI4IOE5V9...

?PR?I2C_STOP?IOEXPANDER_PI4IOE5V96248            -----    -----      -----    -----
  +--> ?PR?_WAIT_MS_I2C?IOEXPANDER_PI4IOE5V9...

?PR?LCD_RETURN_HOME?LCD_DRIVER_SPLC780D          -----    -----      -----    -----
  +--> ?PR?_COMMAND?LCD_DRIVER_SPLC780D

?PR?_READ_TIME?PCF85063BTL                       -----    -----      03B3H    000FH
  +--> ?PR?_SPI_READTIME?PCF85063BTL

?PR?_SPI_READTIME?PCF85063BTL                    -----    -----      -----    -----
  +--> ?PR?_SPI_SENDBYTE?PCF85063BTL
  +--> ?PR?SPI_RECEIVEBYTE?PCF85063BTL

?PR?SPI_RECEIVEBYTE?PCF85063BTL                  -----    -----      -----    -----
  +--> ?PR?_PCF85063BTL_DELAY?PCF85063BTL

?PR?_CALIBRATION?CALIBRATION                     -----    -----      03B3H    0014H
  +--> ?PR?VOLTAGE_IS_STABLE?CALIBRATION
  +--> ?PR?_UPDATE_POSITION?BIPOLARMOTOR
  +--> ?PR?_FIND_REAL_MAX?CALIBRATION

?PR?VOLTAGE_IS_STABLE?CALIBRATION                -----    -----      03C7H    0018H
  +--> ?PR?_ADC_GETRESULT?ADC
  +--> ?PR?_ABS?ABS

?PR?_UPDATE_POSITION?BIPOLARMOTOR                -----    -----      03C7H    009FH
  +--> ?PR?_BCDTODEC1?BIPOLARMOTOR
  +--> ?PR?SUNPOS?SUNPOS
  +--> ?PR?SIN?SIN
  +--> ?PR?ASIN?ASIN
  +--> ?PR?LINEAR_INTERPOLATE?BIPOLARMOTOR
  +--> ?PR?_ABS?ABS
  +--> ?PR?_MOVE?BIPOLARMOTOR

?PR?SUNPOS?SUNPOS                                -----    -----      0466H    005DH
  +--> ?PR?SIN?SIN
  +--> ?PR?_ATAN2?ATAN2
  +--> ?PR?ASIN?ASIN
  +--> ?PR?ACOS?ACOS

?PR?SIN?SIN                                      0020H.5  0000H.1    04C3H    0004H

?PR?_ATAN2?ATAN2                                 -----    -----      04C3H    0008H
  +--> ?PR?ATAN?ATAN

?PR?ATAN?ATAN                                    0020H.5  0000H.2    04CBH    0004H

?PR?ASIN?ASIN                                    -----    -----      -----    -----
  +--> ?PR?SQRT?SQRT
  +--> ?PR?ATAN?ATAN

BL51 BANKED LINKER/LOCATER V6.22                                                      02/18/2019  11:06:49  PAGE 7


?PR?SQRT?SQRT                                    -----    -----      04C3H    0004H

?PR?ACOS?ACOS                                    -----    -----      -----    -----
  +--> ?PR?SQRT?SQRT
  +--> ?PR?ATAN?ATAN

?PR?LINEAR_INTERPOLATE?BIPOLARMOTOR              -----    -----      0466H    0014H

?PR?_MOVE?BIPOLARMOTOR                           0020H.5  0000H.1    0466H    0004H
  +--> ?PR?_STEP_MOVE?BIPOLARMOTOR

?PR?_FIND_REAL_MAX?CALIBRATION                   -----    -----      03C7H    0084H
  +--> ?PR?_ADC_GETRESULT?ADC
  +--> ?PR?_MOVE?BIPOLARMOTOR
  +--> ?PR?_COMMAND?LCD_DRIVER_SPLC780D
  +--> ?PR?_WRITEDATA?LCD_DRIVER_SPLC780D
  +--> ?PR?_DISPLAY_POS?MAIN
  +--> ?PR?_WAIT_MS?LCD_DRIVER_SPLC780D
  +--> ?PR?_MAX_VALUE?CALIBRATION

?PR?_MAX_VALUE?CALIBRATION                       -----    -----      044BH    0004H

?PR?_SPI_NOR_WRITE_DATA?AT25SF041                -----    -----      03B3H    0006H
  +--> ?PR?AT25SF041_WRITEENABLE?AT25SF041
  +--> ?PR?_AT25SF041_WRITE?AT25SF041

?PR?AT25SF041_WRITEENABLE?AT25SF041              -----    -----      03B9H    0002H
  +--> ?PR?_WAIT_MS_SPINOR?AT25SF041

?PR?_AT25SF041_WRITE?AT25SF041                   -----    -----      03B9H    0008H
  +--> ?PR?_WAIT_MS_SPINOR?AT25SF041



UNRESOLVED EXTERNAL SYMBOLS:
   AUTO_MODE
   _SENDUART1



SYMBOL TABLE OF MODULE:  .\Obj\GPIO_RTC_Test (MAIN)

  VALUE           TYPE          NAME
  ----------------------------------

  -------         MODULE        MAIN
  C:0000H         SYMBOL        _ICE_DUMMY_
  X:04D7H         PUBLIC        calib_value
  D:0080H         PUBLIC        P0
  D:00B2H         PUBLIC        P3M0
  D:0090H         PUBLIC        P1
  D:00B1H         PUBLIC        P3M1
  D:00A0H         PUBLIC        P2
  D:00B0H         PUBLIC        P3
  D:00C0H         PUBLIC        P4
  D:00C8H         PUBLIC        P5
  X:052BH         SYMBOL        PressedKey
BL51 BANKED LINKER/LOCATER V6.22                                                      02/18/2019  11:06:49  PAGE 8


  B:00A8H.7       PUBLIC        EA
  D:00E8H         PUBLIC        P6
  X:052FH         PUBLIC        calib_stamp
  D:00F8H         PUBLIC        P7
  X:0530H         PUBLIC        RX_Data_Uart_Cnt
  D:00A8H         PUBLIC        IE
  X:0532H         PUBLIC        calib_time
  D:00B8H         PUBLIC        IP
  X:0586H         PUBLIC        months
  D:00D8H         PUBLIC        CCON
  C:1459H         PUBLIC        main
  X:0587H         PUBLIC        count
  X:0589H         PUBLIC        days
  X:058AH         PUBLIC        hours
  D:0098H         PUBLIC        SCON
  D:0089H         PUBLIC        TMOD
  D:0088H         PUBLIC        TCON
  B:00A0H.3       PUBLIC        P23
  X:058BH         SYMBOL        KeyCount
  X:058DH         PUBLIC        mins
  X:058EH         PUBLIC        Rec_data_hour
  B:00C8H.5       PUBLIC        P55
  X:0591H         PUBLIC        Rec_data_min
  D:008EH         PUBLIC        AUXR
  C:0009H         PUBLIC        tm0_isr
  B:0021H.0       PUBLIC        busy
  B:00A8H.1       PUBLIC        ET0
  D:008CH         PUBLIC        TH0
  X:0594H         PUBLIC        hour_count
  D:008AH         PUBLIC        TL0
  X:0595H         PUBLIC        min_count
  B:0088H.4       PUBLIC        TR0
  X:0596H         SYMBOL        KeyNum
  X:0597H         SYMBOL        KeyNum_Old
  X:0598H         PUBLIC        current_position
  X:059CH         PUBLIC        hours1
  X:059DH         PUBLIC        hours2
  C:42A4H         PUBLIC        _Display_Prox
  X:059EH         PUBLIC        mins1
  X:059FH         PUBLIC        mins2
  C:379CH         PUBLIC        _Display_Pos
  X:05A0H         PUBLIC        seconds
  X:05A1H         PUBLIC        st_time
  D:00D0H         PUBLIC        PSW
  -------         PROC          TM0_ISR
  C:0009H         LINE#         85
  C:0009H         LINE#         87
  -------         ENDPROC       TM0_ISR
  -------         PROC          MAIN
  -------         DO            
  X:038FH         SYMBOL        sunlight_ADC
  X:04CFH         SYMBOL        KeyCount
  X:04D1H         SYMBOL        KeyNum_Old
  X:04D2H         SYMBOL        KeyNum
  X:04D3H         SYMBOL        PressedKey
  X:0391H         SYMBOL        prox_flag
  X:0392H         SYMBOL        iUse_prevday_calib_value
BL51 BANKED LINKER/LOCATER V6.22                                                      02/18/2019  11:06:49  PAGE 9


  X:0394H         SYMBOL        calib_point1
  X:039CH         SYMBOL        calib_point2
  X:03A4H         SYMBOL        dat_to_store
  X:03AFH         SYMBOL        calib_day
  X:03B1H         SYMBOL        calib_count
  -------         ENDDO         
  C:1459H         LINE#         89
  C:1459H         LINE#         90
  C:1459H         LINE#         95
  C:145FH         LINE#         96
  C:1464H         LINE#         100
  C:146AH         LINE#         105
  C:146CH         LINE#         106
  C:146EH         LINE#         107
  C:1470H         LINE#         108
  C:1472H         LINE#         110
  C:1478H         LINE#         119
  C:147AH         LINE#         120
  C:147DH         LINE#         121
  C:1480H         LINE#         122
  C:1483H         LINE#         123
  C:1486H         LINE#         124
  C:1489H         LINE#         127
  C:148CH         LINE#         129
  C:148FH         LINE#         130
  C:1492H         LINE#         131
  C:1495H         LINE#         132
  C:1497H         LINE#         133
  C:1499H         LINE#         134
  C:149BH         LINE#         136
  C:149DH         LINE#         137
  C:14A4H         LINE#         138
  C:14ABH         LINE#         139
  C:14B2H         LINE#         140
  C:14B9H         LINE#         144
  C:14C0H         LINE#         145
  C:14C5H         LINE#         146
  C:14CAH         LINE#         147
  C:14CFH         LINE#         148
  C:14D4H         LINE#         149
  C:14D9H         LINE#         152
  C:14F2H         LINE#         153
  C:14F2H         LINE#         154
  C:150EH         LINE#         155
  C:1555H         LINE#         156
  C:1566H         LINE#         157
  C:1566H         LINE#         158
  C:1566H         LINE#         159
  C:1569H         LINE#         162
  C:1569H         LINE#         165
  C:156EH         LINE#         166
  C:1573H         LINE#         168
  C:1578H         LINE#         169
  C:157DH         LINE#         170
  C:1582H         LINE#         171
  C:1587H         LINE#         173
  C:1598H         LINE#         174
BL51 BANKED LINKER/LOCATER V6.22                                                      02/18/2019  11:06:49  PAGE 10


  C:159DH         LINE#         175
  C:15A2H         LINE#         177
  C:15A9H         LINE#         178
  C:15B1H         LINE#         179
  C:15B6H         LINE#         180
  C:15BEH         LINE#         181
  C:15C3H         LINE#         182
  C:15CDH         LINE#         183
  C:15D2H         LINE#         184
  C:15DAH         LINE#         186
  C:15E2H         LINE#         187
  C:15E7H         LINE#         188
  C:15F1H         LINE#         189
  C:15F1H         LINE#         190
  C:15F3H         LINE#         191
  C:15F5H         LINE#         192
  C:15FFH         LINE#         193
  C:15FFH         LINE#         194
  C:1604H         LINE#         195
  C:1604H         LINE#         207
  C:1611H         LINE#         208
  C:1611H         LINE#         209
  C:161BH         LINE#         210
  C:1632H         LINE#         211
  C:1632H         LINE#         212
  C:1634H         LINE#         213
  C:1636H         LINE#         215
  C:1636H         LINE#         216
  C:1641H         LINE#         217
  C:1641H         LINE#         218
  C:1646H         LINE#         219
  C:1646H         LINE#         220
  C:1653H         LINE#         221
  C:1653H         LINE#         224
  C:165DH         LINE#         225
  C:1674H         LINE#         226
  C:1674H         LINE#         227
  C:1676H         LINE#         228
  C:1678H         LINE#         230
  C:1678H         LINE#         231
  C:1683H         LINE#         232
  C:1683H         LINE#         233
  C:1688H         LINE#         234
  C:168AH         LINE#         235
  C:168AH         LINE#         244
  C:16ACH         LINE#         245
  C:16ACH         LINE#         246
  C:16B6H         LINE#         247
  C:16BCH         LINE#         248
  C:16BEH         LINE#         249
  C:16C0H         LINE#         250
  C:16C2H         LINE#         251
  C:16C2H         LINE#         252
  C:16C5H         LINE#         254
  C:16C5H         LINE#         255
  C:16CBH         LINE#         256
  C:16D3H         LINE#         257
BL51 BANKED LINKER/LOCATER V6.22                                                      02/18/2019  11:06:49  PAGE 11


  C:16D9H         LINE#         258
  C:16E1H         LINE#         259
  C:171CH         LINE#         263
  C:1729H         LINE#         264
  C:1729H         LINE#         265
  C:1736H         LINE#         266
  C:1769H         LINE#         267
  C:1776H         LINE#         268
  C:1776H         LINE#         270
  C:17A5H         LINE#         271
  C:17A5H         LINE#         272
  C:17C7H         LINE#         273
  C:17C7H         LINE#         274
  C:1843H         LINE#         275
  C:189DH         LINE#         279
  C:189FH         LINE#         280
  C:18ADH         LINE#         281
  C:18ADH         LINE#         282
  C:18B5H         LINE#         284
  C:18B5H         LINE#         285
  C:18BDH         LINE#         286
  C:18C5H         LINE#         287
  C:18CDH         LINE#         289
  C:18D5H         LINE#         299
  C:18E7H         LINE#         301
  C:18EAH         LINE#         303
  C:18EAH         LINE#         304
  C:190CH         LINE#         305
  C:190CH         LINE#         306
  C:1988H         LINE#         307
  C:19DDH         LINE#         308
  C:19DDH         LINE#         309
  C:19DDH         LINE#         310
  C:19E0H         LINE#         314
  C:19E0H         LINE#         317
  C:1A14H         LINE#         318
  C:1A14H         LINE#         319
  C:1A36H         LINE#         320
  C:1A36H         LINE#         321
  C:1AB2H         LINE#         322
  C:1B0CH         LINE#         327
  C:1B0FH         LINE#         328
  C:1B20H         LINE#         329
  C:1B20H         LINE#         330
  C:1B28H         LINE#         332
  C:1B28H         LINE#         335
  C:1B2BH         LINE#         337
  C:1B2BH         LINE#         339
  C:1B4DH         LINE#         340
  C:1B4DH         LINE#         341
  C:1BC9H         LINE#         343
  C:1BF6H         LINE#         344
  C:1C11H         LINE#         345
  C:1C3EH         LINE#         346
  C:1C59H         LINE#         348
  C:1CF5H         LINE#         351
  C:1CF5H         LINE#         352
BL51 BANKED LINKER/LOCATER V6.22                                                      02/18/2019  11:06:49  PAGE 12


  C:1CF5H         LINE#         353
  C:1CF5H         LINE#         355
  C:1CF5H         LINE#         358
  C:1D11H         LINE#         359
  C:1D16H         LINE#         361
  C:1D18H         LINE#         362
  -------         ENDPROC       MAIN
  -------         PROC          _DISPLAY_PROX
  D:0002H         SYMBOL        dat
  -------         DO            
  X:061DH         SYMBOL        unit
  X:061EH         SYMBOL        ten
  X:061FH         SYMBOL        hundred
  X:0620H         SYMBOL        thousand
  -------         ENDDO         
  C:42A4H         LINE#         446
  C:42A8H         LINE#         447
  C:42A8H         LINE#         449
  C:42B4H         LINE#         450
  C:42C4H         LINE#         451
  C:42E0H         LINE#         452
  C:4310H         LINE#         453
  C:431AH         LINE#         454
  C:4324H         LINE#         455
  C:432EH         LINE#         456
  C:4338H         LINE#         458
  -------         ENDPROC       _DISPLAY_PROX
  -------         PROC          _DISPLAY_POS
  X:044BH         SYMBOL        sign_dat
  -------         DO            
  X:044FH         SYMBOL        unit
  X:0450H         SYMBOL        ten
  X:0451H         SYMBOL        hundred
  D:0003H         SYMBOL        thousand
  X:0452H         SYMBOL        after_dot
  X:0453H         SYMBOL        dat
  -------         ENDDO         
  C:379CH         LINE#         461
  C:37A2H         LINE#         462
  C:37A2H         LINE#         466
  C:37BEH         LINE#         467
  C:37D8H         LINE#         468
  C:37FCH         LINE#         470
  C:3846H         LINE#         472
  C:385DH         LINE#         473
  C:386AH         LINE#         474
  C:388CH         LINE#         475
  C:38C1H         LINE#         476
  C:38D9H         LINE#         477
  C:38D9H         LINE#         479
  C:38D9H         LINE#         480
  C:38D9H         LINE#         481
  C:38D9H         LINE#         482
  C:38D9H         LINE#         483
  C:38D9H         LINE#         487
  C:38DBH         LINE#         489
  C:38DBH         LINE#         491
BL51 BANKED LINKER/LOCATER V6.22                                                      02/18/2019  11:06:49  PAGE 13


  C:38E0H         LINE#         492
  C:38EAH         LINE#         493
  C:38F4H         LINE#         494
  C:38FEH         LINE#         495
  C:3903H         LINE#         496
  C:390DH         LINE#         500
  C:390DH         LINE#         502
  -------         ENDPROC       _DISPLAY_POS
  -------         ENDMOD        MAIN

  -------         MODULE        PCF85063BTL
  C:0000H         SYMBOL        _ICE_DUMMY_
  D:0096H         PUBLIC        P2M0
  D:0080H         PUBLIC        P0
  D:0095H         PUBLIC        P2M1
  D:0090H         PUBLIC        P1
  D:00A0H         PUBLIC        P2
  D:00B0H         PUBLIC        P3
  D:00C0H         PUBLIC        P4
  D:00C8H         PUBLIC        P5
  D:00E8H         PUBLIC        P6
  B:00A0H.1       PUBLIC        PCF85063BTL_SDI
  D:00F8H         PUBLIC        P7
  B:00A0H.2       PUBLIC        PCF85063BTL_SCK
  B:00A0H.1       PUBLIC        PCF85063BTL_SDO
  D:00A8H         PUBLIC        IE
  C:44BEH         PUBLIC        _Read_time
  C:4A1FH         PUBLIC        _PCF85063BTL_Delay
  D:00B8H         PUBLIC        IP
  D:00D8H         PUBLIC        CCON
  C:43C5H         PUBLIC        _Day_Of_Year
  C:4915H         PUBLIC        SPI_ReceiveByte
  D:0098H         PUBLIC        SCON
  D:0088H         PUBLIC        TCON
  C:4A52H         PUBLIC        _BCDtoDec
  B:00A0H.0       PUBLIC        PCF85063BTL_CS
  C:4A41H         PUBLIC        _SPI_ReadTime
  C:4AA1H         PUBLIC        SPI_Init
  C:49AAH         PUBLIC        _SPI_WriteTime
  C:48F5H         PUBLIC        _SPI_SendByte
  D:00D0H         PUBLIC        PSW
  C:4A1BH         SYMBOL        L?0047
  -------         PROC          L?0046
  -------         ENDPROC       L?0046
  C:4A1BH         SYMBOL        L?0047
  -------         PROC          _PCF85063BTL_DELAY
  D:0006H         SYMBOL        us
  C:4A1FH         LINE#         8
  C:4A1FH         LINE#         9
  C:4A1FH         LINE#         10
  C:4A29H         LINE#         11
  C:4A29H         LINE#         12
  C:4A2AH         LINE#         13
  C:4A2CH         LINE#         14
  -------         ENDPROC       _PCF85063BTL_DELAY
  -------         PROC          _SPI_SENDBYTE
  D:0005H         SYMBOL        dat
BL51 BANKED LINKER/LOCATER V6.22                                                      02/18/2019  11:06:49  PAGE 14


  -------         DO            
  D:0003H         SYMBOL        i
  -------         ENDDO         
  C:48F5H         LINE#         17
  C:48F7H         LINE#         18
  C:48F7H         LINE#         20
  C:48F9H         LINE#         21
  C:48F9H         LINE#         22
  C:48FBH         LINE#         23
  C:48FFH         LINE#         24
  C:48FFH         LINE#         25
  C:4901H         LINE#         26
  C:4903H         LINE#         28
  C:4903H         LINE#         29
  C:4905H         LINE#         30
  C:4905H         LINE#         31
  C:4908H         LINE#         32
  C:4908H         LINE#         33
  C:490BH         LINE#         34
  C:490FH         LINE#         35
  C:4914H         LINE#         36
  -------         ENDPROC       _SPI_SENDBYTE
  -------         PROC          SPI_RECEIVEBYTE
  -------         DO            
  D:0003H         SYMBOL        i
  D:0005H         SYMBOL        dat
  -------         ENDDO         
  C:4915H         LINE#         39
  C:4915H         LINE#         40
  C:4915H         LINE#         42
  C:4917H         LINE#         44
  C:4919H         LINE#         45
  C:491AH         LINE#         46
  C:491AH         LINE#         47
  C:491EH         LINE#         48
  C:4920H         LINE#         49
  C:4923H         LINE#         51
  C:4926H         LINE#         52
  C:4926H         LINE#         53
  C:492AH         LINE#         54
  C:492AH         LINE#         55
  C:492AH         LINE#         56
  C:492DH         LINE#         57
  C:4932H         LINE#         58
  C:4934H         LINE#         59
  -------         ENDPROC       SPI_RECEIVEBYTE
  -------         PROC          _SPI_READTIME
  D:0007H         SYMBOL        addr
  -------         DO            
  D:0006H         SYMBOL        dat
  -------         ENDDO         
  C:4A41H         LINE#         61
  C:4A41H         LINE#         62
  C:4A41H         LINE#         64
  C:4A43H         LINE#         65
  C:4A45H         LINE#         66
  C:4A4CH         LINE#         67
BL51 BANKED LINKER/LOCATER V6.22                                                      02/18/2019  11:06:49  PAGE 15


  C:4A4FH         LINE#         68
  C:4A51H         LINE#         69
  C:4A51H         LINE#         70
  -------         ENDPROC       _SPI_READTIME
  -------         PROC          _SPI_WRITETIME
  D:0002H         SYMBOL        val
  D:0005H         SYMBOL        addr
  C:49AAH         LINE#         71
  C:49ACH         LINE#         72
  C:49ACH         LINE#         74
  C:49AEH         LINE#         75
  C:49B5H         LINE#         76
  C:49BAH         LINE#         77
  C:49BFH         LINE#         78
  C:49C1H         LINE#         79
  -------         ENDPROC       _SPI_WRITETIME
  -------         PROC          SPI_INIT
  C:4AA1H         LINE#         83
  C:4AA1H         LINE#         84
  C:4AA1H         LINE#         89
  C:4AA4H         LINE#         90
  C:4AA7H         LINE#         91
  C:4AA9H         LINE#         92
  C:4AABH         LINE#         93
  C:4AADH         LINE#         94
  -------         ENDPROC       SPI_INIT
  -------         PROC          _READ_TIME
  X:03B3H         SYMBOL        months
  X:03B6H         SYMBOL        days
  X:03B9H         SYMBOL        hours
  X:03BCH         SYMBOL        mins
  X:03BFH         SYMBOL        seconds
  C:44BEH         LINE#         96
  C:44C9H         LINE#         97
  C:44C9H         LINE#         99
  C:44DDH         LINE#         101
  C:44F1H         LINE#         103
  C:4505H         LINE#         108
  C:4519H         LINE#         113
  -------         ENDPROC       _READ_TIME
  -------         PROC          _BCDTODEC
  D:0007H         SYMBOL        bcd
  -------         DO            
  D:0006H         SYMBOL        hi
  D:0007H         SYMBOL        lo
  -------         ENDDO         
  C:4A52H         LINE#         119
  C:4A52H         LINE#         120
  C:4A52H         LINE#         122
  C:4A57H         LINE#         123
  C:4A5BH         LINE#         124
  C:4A62H         LINE#         125
  -------         ENDPROC       _BCDTODEC
  -------         PROC          _DAY_OF_YEAR
  D:0007H         SYMBOL        months_bcd
  D:0005H         SYMBOL        days_bcd
  -------         DO            
BL51 BANKED LINKER/LOCATER V6.22                                                      02/18/2019  11:06:49  PAGE 16


  D:0004H         SYMBOL        months
  D:0007H         SYMBOL        days
  -------         ENDDO         
  C:43C5H         LINE#         126
  C:43C5H         LINE#         127
  C:43C5H         LINE#         130
  C:43CAH         LINE#         132
  C:43CFH         LINE#         134
  C:4408H         LINE#         135
  C:4408H         LINE#         136
  C:4408H         LINE#         137
  C:440BH         LINE#         138
  C:440BH         LINE#         139
  C:440BH         LINE#         140
  C:4410H         LINE#         141
  C:4410H         LINE#         142
  C:4410H         LINE#         143
  C:4415H         LINE#         144
  C:4415H         LINE#         145
  C:4415H         LINE#         146
  C:441AH         LINE#         147
  C:441AH         LINE#         148
  C:441AH         LINE#         149
  C:441FH         LINE#         150
  C:441FH         LINE#         151
  C:441FH         LINE#         152
  C:4424H         LINE#         153
  C:4424H         LINE#         154
  C:4424H         LINE#         155
  C:4429H         LINE#         156
  C:4429H         LINE#         157
  C:4429H         LINE#         158
  C:442EH         LINE#         159
  C:442EH         LINE#         160
  C:442EH         LINE#         161
  C:4436H         LINE#         162
  C:4436H         LINE#         163
  C:4436H         LINE#         164
  C:443BH         LINE#         165
  C:443BH         LINE#         166
  C:443BH         LINE#         167
  C:4440H         LINE#         168
  C:4440H         LINE#         169
  C:4440H         LINE#         170
  C:4448H         LINE#         171
  C:4448H         LINE#         172
  C:4448H         LINE#         173
  -------         ENDPROC       _DAY_OF_YEAR
  -------         ENDMOD        PCF85063BTL

  -------         MODULE        UART1
  C:0000H         SYMBOL        _ICE_DUMMY_
  D:0080H         PUBLIC        P0
  D:0090H         PUBLIC        P1
  D:00A0H         PUBLIC        P2
  D:00B0H         PUBLIC        P3
  D:00C0H         PUBLIC        P4
BL51 BANKED LINKER/LOCATER V6.22                                                      02/18/2019  11:06:49  PAGE 17


  D:00C8H         PUBLIC        P5
  B:00A8H.7       PUBLIC        EA
  D:00E8H         PUBLIC        P6
  D:00F8H         PUBLIC        P7
  C:47CDH         PUBLIC        _SendString
  D:00A8H         PUBLIC        IE
  B:00A8H.4       PUBLIC        ES
  D:00B8H         PUBLIC        IP
  C:49C2H         PUBLIC        _ASCIItoBCD
  D:00D8H         PUBLIC        CCON
  C:4A63H         PUBLIC        initUART1
  D:0098H         PUBLIC        SCON
  D:0088H         PUBLIC        TCON
  C:000AH         PUBLIC        _DectoBCD
  C:4AE5H         PUBLIC        _ASCII_Letter
  D:008EH         PUBLIC        AUXR
  C:4AE0H         PUBLIC        _unit
  C:0003H         PUBLIC        _ten
  D:00D6H         PUBLIC        T2H
  D:00D7H         PUBLIC        T2L
  D:00D0H         PUBLIC        PSW
  -------         PROC          INITUART1
  C:4A63H         LINE#         21
  C:4A63H         LINE#         22
  C:4A63H         LINE#         23
  C:4A66H         LINE#         24
  C:4A69H         LINE#         25
  C:4A6CH         LINE#         26
  C:4A6FH         LINE#         27
  C:4A71H         LINE#         28
  C:4A73H         LINE#         30
  -------         ENDPROC       INITUART1
  -------         PROC          _SENDSTRING
  X:0621H         SYMBOL        s
  C:47CDH         LINE#         35
  C:47D8H         LINE#         36
  C:47D8H         LINE#         37
  C:47E8H         LINE#         38
  C:47E8H         LINE#         39
  C:47FDH         LINE#         40
  C:47FFH         LINE#         41
  -------         ENDPROC       _SENDSTRING
  -------         PROC          _TEN
  D:0007H         SYMBOL        BCD
  C:0003H         LINE#         43
  C:0003H         LINE#         44
  C:0003H         LINE#         45
  C:0008H         LINE#         46
  -------         ENDPROC       _TEN
  -------         PROC          _UNIT
  D:0007H         SYMBOL        BCD
  C:4AE0H         LINE#         47
  C:4AE0H         LINE#         48
  C:4AE0H         LINE#         52
  C:4AE4H         LINE#         53
  -------         ENDPROC       _UNIT
  -------         PROC          _DECTOBCD
BL51 BANKED LINKER/LOCATER V6.22                                                      02/18/2019  11:06:49  PAGE 18


  D:0007H         SYMBOL        dec
  C:000AH         LINE#         54
  C:000AH         LINE#         55
  C:000AH         LINE#         57
  C:000AH         LINE#         58
  -------         ENDPROC       _DECTOBCD
  -------         PROC          _ASCII_LETTER
  D:0007H         SYMBOL        dat
  C:4AE5H         LINE#         60
  C:4AE5H         LINE#         61
  C:4AE5H         LINE#         63
  C:4AE9H         LINE#         64
  -------         ENDPROC       _ASCII_LETTER
  -------         PROC          _ASCIITOBCD
  D:0001H         SYMBOL        ascii
  -------         DO            
  D:0007H         SYMBOL        dec_val
  D:0006H         SYMBOL        ten
  D:0007H         SYMBOL        unit
  -------         ENDDO         
  C:49C2H         LINE#         66
  C:49C2H         LINE#         67
  C:49C2H         LINE#         69
  C:49C5H         LINE#         70
  C:49CBH         LINE#         71
  C:49D2H         LINE#         72
  C:49D8H         LINE#         74
  -------         ENDPROC       _ASCIITOBCD
  -------         ENDMOD        UART1

  -------         MODULE        LCD_DRIVER_SPLC780D
  C:0000H         SYMBOL        _ICE_DUMMY_
  D:0092H         PUBLIC        P1M0
  D:0091H         PUBLIC        P1M1
  D:0080H         PUBLIC        P0
  D:0090H         PUBLIC        P1
  D:00A0H         PUBLIC        P2
  D:00B0H         PUBLIC        P3
  D:00C0H         PUBLIC        P4
  D:00C8H         PUBLIC        P5
  D:00E8H         PUBLIC        P6
  D:00F8H         PUBLIC        P7
  C:4449H         PUBLIC        _WriteData
  D:00A8H         PUBLIC        IE
  D:00B8H         PUBLIC        IP
  D:00D8H         PUBLIC        CCON
  B:00B0H.4       PUBLIC        LCD_D4
  B:00B0H.5       PUBLIC        LCD_D5
  B:00B0H.6       PUBLIC        LCD_D6
  C:4972H         PUBLIC        _DisplayLCD
  B:00B0H.7       PUBLIC        LCD_D7
  D:0098H         PUBLIC        SCON
  D:0088H         PUBLIC        TCON
  C:4AD0H         PUBLIC        LCD_clear
  C:4712H         PUBLIC        _Command
  C:49EFH         PUBLIC        _Display_Line
  C:45E1H         PUBLIC        LCD_Init
BL51 BANKED LINKER/LOCATER V6.22                                                      02/18/2019  11:06:49  PAGE 19


  C:48D7H         PUBLIC        _Wait_ms
  B:00C0H.0       PUBLIC        LCD_RS
  B:00B0H.2       PUBLIC        LCD_RW
  C:4AC6H         PUBLIC        LCD_return_home
  B:00B0H.3       PUBLIC        LCD_E
  D:00D0H         PUBLIC        PSW
  -------         PROC          LCD_INIT
  C:45E1H         LINE#         9
  C:45E1H         LINE#         10
  C:45E1H         LINE#         11
  C:45E4H         LINE#         12
  C:45E7H         LINE#         14
  C:45EDH         LINE#         15
  C:45F2H         LINE#         17
  C:45F9H         LINE#         18
  C:45FEH         LINE#         20
  C:4601H         LINE#         21
  C:4606H         LINE#         23
  C:4609H         LINE#         24
  C:460EH         LINE#         26
  C:4615H         LINE#         29
  C:461AH         LINE#         30
  C:461FH         LINE#         32
  C:4624H         LINE#         33
  C:4629H         LINE#         35
  C:462EH         LINE#         36
  C:4633H         LINE#         37
  -------         ENDPROC       LCD_INIT
  -------         PROC          _WRITEDATA
  X:0455H         SYMBOL        dat
  C:4449H         LINE#         40
  C:444EH         LINE#         41
  C:444EH         LINE#         46
  C:4450H         LINE#         47
  C:4452H         LINE#         49
  C:4460H         LINE#         50
  C:446CH         LINE#         51
  C:4478H         LINE#         52
  C:4482H         LINE#         53
  C:4484H         LINE#         54
  C:448BH         LINE#         55
  C:448DH         LINE#         57
  C:449DH         LINE#         58
  C:44A8H         LINE#         59
  C:44B2H         LINE#         60
  C:44B6H         LINE#         62
  C:44B6H         LINE#         63
  C:44B9H         LINE#         64
  C:44BBH         LINE#         65
  C:44BDH         LINE#         67
  -------         ENDPROC       _WRITEDATA
  -------         PROC          _COMMAND
  D:0007H         SYMBOL        dat
  C:4712H         LINE#         69
  C:4712H         LINE#         70
  C:4712H         LINE#         71
  C:4714H         LINE#         72
BL51 BANKED LINKER/LOCATER V6.22                                                      02/18/2019  11:06:49  PAGE 20


  C:4716H         LINE#         74
  C:4720H         LINE#         75
  C:4724H         LINE#         77
  C:4726H         LINE#         78
  C:472FH         LINE#         79
  C:4733H         LINE#         81
  C:4735H         LINE#         82
  C:473CH         LINE#         83
  C:4740H         LINE#         85
  C:4742H         LINE#         86
  C:4746H         LINE#         87
  C:474AH         LINE#         89
  C:474CH         LINE#         90
  C:474CH         LINE#         91
  C:474FH         LINE#         92
  C:4751H         LINE#         93
  -------         ENDPROC       _COMMAND
  C:48D3H         SYMBOL        L?0028
  -------         PROC          L?0027
  -------         ENDPROC       L?0027
  C:48D3H         SYMBOL        L?0028
  -------         PROC          _WAIT_MS
  D:0006H         SYMBOL        ms
  -------         DO            
  D:0004H         SYMBOL        De_Cnt
  -------         ENDDO         
  C:48D7H         LINE#         95
  C:48D7H         LINE#         96
  C:48D7H         LINE#         98
  C:48E1H         LINE#         99
  C:48E1H         LINE#         100
  C:48F4H         LINE#         101
  C:48F4H         LINE#         102
  -------         ENDPROC       _WAIT_MS
  -------         PROC          _DISPLAYLCD
  D:0007H         SYMBOL        BCD
  -------         DO            
  D:0006H         SYMBOL        first_digit
  X:03B3H         SYMBOL        second_digit
  -------         ENDDO         
  C:4972H         LINE#         103
  C:4972H         LINE#         104
  C:4972H         LINE#         106
  C:4979H         LINE#         107
  C:4982H         LINE#         109
  C:4987H         LINE#         111
  -------         ENDPROC       _DISPLAYLCD
  -------         PROC          LCD_RETURN_HOME
  C:4AC6H         LINE#         115
  C:4AC6H         LINE#         116
  C:4AC6H         LINE#         117
  C:4ACBH         LINE#         118
  -------         ENDPROC       LCD_RETURN_HOME
  -------         PROC          LCD_CLEAR
  C:4AD0H         LINE#         121
  C:4AD0H         LINE#         122
  C:4AD0H         LINE#         123
BL51 BANKED LINKER/LOCATER V6.22                                                      02/18/2019  11:06:49  PAGE 21


  C:4AD5H         LINE#         124
  -------         ENDPROC       LCD_CLEAR
  -------         PROC          _DISPLAY_LINE
  D:0006H         SYMBOL        line
  C:49EFH         LINE#         128
  C:49EFH         LINE#         129
  C:49EFH         LINE#         130
  C:49F5H         LINE#         131
  C:49F5H         LINE#         132
  C:49F7H         LINE#         133
  C:49F7H         LINE#         134
  C:49F9H         LINE#         136
  C:49F9H         LINE#         137
  C:49FEH         LINE#         138
  C:4A03H         LINE#         139
  C:4A03H         LINE#         140
  -------         ENDPROC       _DISPLAY_LINE
  -------         ENDMOD        LCD_DRIVER_SPLC780D

  -------         MODULE        KEYPAD
  C:0000H         SYMBOL        _ICE_DUMMY_
  D:0093H         PUBLIC        P0M1
  D:0080H         PUBLIC        P0
  D:0090H         PUBLIC        P1
  D:00A0H         PUBLIC        P2
  D:00B0H         PUBLIC        P3
  D:00C0H         PUBLIC        P4
  D:00C8H         PUBLIC        P5
  B:0020H.0       PUBLIC        calib_mode
  D:00E8H         PUBLIC        P6
  D:00F8H         PUBLIC        P7
  D:00A8H         PUBLIC        IE
  C:3487H         PUBLIC        Key_Scan
  D:00B8H         PUBLIC        IP
  D:00D8H         PUBLIC        CCON
  C:4AAEH         PUBLIC        KeyPad_IO_Init
  C:4954H         PUBLIC        _Delay_ms
  D:0098H         PUBLIC        SCON
  D:0088H         PUBLIC        TCON
  B:0020H.1       PUBLIC        small_move
  B:0020H.2       PUBLIC        move
  B:0020H.3       PUBLIC        direction
  B:0020H.4       PUBLIC        auto_move
  C:2E20H         PUBLIC        Key_Process
  D:00D0H         PUBLIC        PSW
  D:0094H         PUBLIC        P0M0
  -------         PROC          _DELAY_MS
  D:0006H         SYMBOL        ms
  -------         DO            
  D:0004H         SYMBOL        De_Cnt
  -------         ENDDO         
  C:4954H         LINE#         19
  C:4954H         LINE#         20
  C:4954H         LINE#         22
  C:495EH         LINE#         23
  C:495EH         LINE#         24
  C:4971H         LINE#         25
BL51 BANKED LINKER/LOCATER V6.22                                                      02/18/2019  11:06:49  PAGE 22


  C:4971H         LINE#         26
  -------         ENDPROC       _DELAY_MS
  -------         PROC          KEY_SCAN
  -------         DO            
  X:03B9H         SYMBOL        KeyTemp1
  X:03BAH         SYMBOL        KeyTemp2
  X:03BBH         SYMBOL        KeyValue
  -------         ENDDO         
  C:3487H         LINE#         27
  C:3487H         LINE#         28
  C:3487H         LINE#         33
  C:348AH         LINE#         36
  C:348DH         LINE#         38
  C:3495H         LINE#         39
  C:349CH         LINE#         40
  C:349CH         LINE#         42
  C:34A1H         LINE#         43
  C:34A8H         LINE#         44
  C:34A8H         LINE#         47
  C:34ABH         LINE#         48
  C:34AEH         LINE#         49
  C:34B3H         LINE#         50
  C:34B7H         LINE#         51
  C:34B7H         LINE#         52
  C:34BFH         LINE#         53
  C:34BFH         LINE#         54
  C:34C2H         LINE#         55
  C:34CAH         LINE#         56
  C:34CCH         LINE#         58
  C:34E0H         LINE#         59
  C:34E0H         LINE#         60
  C:34E0H         LINE#         61
  C:34E0H         LINE#         62
  C:34E6H         LINE#         64
  C:34E8H         LINE#         65
  C:34E8H         LINE#         66
  C:34E8H         LINE#         67
  C:34EEH         LINE#         69
  C:34F0H         LINE#         70
  C:34F0H         LINE#         71
  C:34F0H         LINE#         72
  C:34F6H         LINE#         74
  C:34F8H         LINE#         75
  C:34F8H         LINE#         76
  C:34F8H         LINE#         77
  C:34FEH         LINE#         79
  C:34FEH         LINE#         80
  C:34FEH         LINE#         81
  C:34FEH         LINE#         84
  C:3501H         LINE#         85
  C:3504H         LINE#         86
  C:350CH         LINE#         87
  C:3510H         LINE#         88
  C:3510H         LINE#         89
  C:3518H         LINE#         90
  C:3518H         LINE#         91
  C:351BH         LINE#         92
BL51 BANKED LINKER/LOCATER V6.22                                                      02/18/2019  11:06:49  PAGE 23


  C:3523H         LINE#         93
  C:3525H         LINE#         94
  C:3539H         LINE#         95
  C:3539H         LINE#         96
  C:3539H         LINE#         97
  C:3539H         LINE#         98
  C:353FH         LINE#         100
  C:3541H         LINE#         101
  C:3541H         LINE#         102
  C:3541H         LINE#         103
  C:3547H         LINE#         105
  C:3549H         LINE#         106
  C:3549H         LINE#         107
  C:3549H         LINE#         108
  C:354FH         LINE#         110
  C:3551H         LINE#         111
  C:3551H         LINE#         112
  C:3551H         LINE#         113
  C:3556H         LINE#         115
  C:3556H         LINE#         116
  C:3556H         LINE#         117
  C:3556H         LINE#         120
  C:3559H         LINE#         121
  C:355CH         LINE#         122
  C:3564H         LINE#         123
  C:3568H         LINE#         124
  C:3568H         LINE#         125
  C:3570H         LINE#         126
  C:3570H         LINE#         127
  C:3573H         LINE#         128
  C:357BH         LINE#         129
  C:357DH         LINE#         130
  C:3591H         LINE#         131
  C:3591H         LINE#         132
  C:3591H         LINE#         133
  C:3591H         LINE#         134
  C:3597H         LINE#         136
  C:3599H         LINE#         137
  C:3599H         LINE#         138
  C:3599H         LINE#         139
  C:359FH         LINE#         141
  C:35A1H         LINE#         142
  C:35A1H         LINE#         143
  C:35A1H         LINE#         144
  C:35A7H         LINE#         146
  C:35A9H         LINE#         147
  C:35A9H         LINE#         148
  C:35A9H         LINE#         149
  C:35AFH         LINE#         151
  C:35AFH         LINE#         152
  C:35AFH         LINE#         153
  C:35AFH         LINE#         157
  C:35B2H         LINE#         158
  C:35B5H         LINE#         159
  C:35BDH         LINE#         160
  C:35C1H         LINE#         161
  C:35C1H         LINE#         162
BL51 BANKED LINKER/LOCATER V6.22                                                      02/18/2019  11:06:49  PAGE 24


  C:35C9H         LINE#         163
  C:35C9H         LINE#         164
  C:35CCH         LINE#         165
  C:35D4H         LINE#         166
  C:35D6H         LINE#         167
  C:35EAH         LINE#         168
  C:35EAH         LINE#         169
  C:35EAH         LINE#         170
  C:35EAH         LINE#         171
  C:35F0H         LINE#         173
  C:35F2H         LINE#         174
  C:35F2H         LINE#         175
  C:35F2H         LINE#         176
  C:35F8H         LINE#         178
  C:35FAH         LINE#         179
  C:35FAH         LINE#         180
  C:35FAH         LINE#         181
  C:3600H         LINE#         183
  C:3602H         LINE#         184
  C:3602H         LINE#         185
  C:3602H         LINE#         186
  C:3608H         LINE#         188
  C:3608H         LINE#         189
  C:3608H         LINE#         190
  C:3608H         LINE#         192
  C:360EH         LINE#         193
  C:360EH         LINE#         195
  C:360EH         LINE#         196
  C:3611H         LINE#         197
  C:3611H         LINE#         198
  C:3611H         LINE#         200
  C:3611H         LINE#         201
  C:3613H         LINE#         202
  C:3613H         LINE#         203
  -------         ENDPROC       KEY_SCAN
  -------         PROC          KEY_PROCESS
  -------         DO            
  X:0607H         SYMBOL        KeyCount
  X:0609H         SYMBOL        KeyNum_Old
  X:060AH         SYMBOL        KeyNum
  X:060BH         SYMBOL        PressedKey
  X:03B3H         SYMBOL        d
  D:0004H         SYMBOL        hours
  D:0006H         SYMBOL        mins
  X:03B5H         SYMBOL        months
  X:03B7H         SYMBOL        days
  -------         ENDDO         
  C:2E20H         LINE#         204
  C:2E20H         LINE#         205
  C:2E20H         LINE#         209
  C:2E28H         LINE#         210
  C:2E30H         LINE#         212
  C:2E33H         LINE#         213
  C:2E33H         LINE#         214
  C:2E36H         LINE#         216
  C:2E36H         LINE#         217
  C:2E43H         LINE#         218
BL51 BANKED LINKER/LOCATER V6.22                                                      02/18/2019  11:06:49  PAGE 25


  C:2E43H         LINE#         219
  C:2E46H         LINE#         220
  C:2E49H         LINE#         222
  C:2E4CH         LINE#         224
  C:2E4CH         LINE#         225
  C:2E57H         LINE#         226
  C:2E57H         LINE#         227
  C:2E5AH         LINE#         229
  C:2E5AH         LINE#         230
  C:2E61H         LINE#         231
  C:2E61H         LINE#         232
  C:2E64H         LINE#         234
  C:2E64H         LINE#         235
  C:2E6CH         LINE#         236
  C:2E6CH         LINE#         237
  C:2E76H         LINE#         238
  C:2E7EH         LINE#         240
  C:2E87H         LINE#         242
  C:2E87H         LINE#         251
  C:2E9CH         LINE#         252
  C:2E9CH         LINE#         253
  C:2EAEH         LINE#         254
  C:2EBCH         LINE#         255
  C:2ECBH         LINE#         256
  C:2ECBH         LINE#         258
  C:2ED1H         LINE#         262
  C:2EE7H         LINE#         263
  C:2EF8H         LINE#         264
  C:2F13H         LINE#         265
  C:2F13H         LINE#         266
  C:2F23H         LINE#         267
  C:2F34H         LINE#         268
  C:2F34H         LINE#         272
  C:2F4DH         LINE#         273
  C:2F64H         LINE#         274
  C:2F84H         LINE#         275
  C:2F84H         LINE#         276
  C:2F8EH         LINE#         277
  C:2F8EH         LINE#         278
  C:2F97H         LINE#         279
  C:2F97H         LINE#         280
  C:2FABH         LINE#         281
  C:2FABH         LINE#         282
  C:2FABH         LINE#         283
  C:2FABH         LINE#         284
  C:2FABH         LINE#         285
  C:2FADH         LINE#         287
  C:2FADH         LINE#         288
  C:2FB9H         LINE#         289
  C:2FB9H         LINE#         290
  C:2FCAH         LINE#         291
  C:2FCAH         LINE#         292
  C:2FCAH         LINE#         293
  C:2FCAH         LINE#         294
  C:2FCAH         LINE#         296
  C:2FCCH         LINE#         298
  C:2FCCH         LINE#         299
BL51 BANKED LINKER/LOCATER V6.22                                                      02/18/2019  11:06:49  PAGE 26


  C:2FDDH         LINE#         300
  C:2FDDH         LINE#         301
  C:2FDDH         LINE#         302
  C:2FDDH         LINE#         303
  C:2FDDH         LINE#         305
  C:2FDDH         LINE#         307
  C:2FDDH         LINE#         308
  C:2FDFH         LINE#         310
  C:2FDFH         LINE#         311
  C:2FF2H         LINE#         312
  C:2FF2H         LINE#         313
  C:3003H         LINE#         314
  C:3003H         LINE#         315
  C:3003H         LINE#         316
  C:3003H         LINE#         317
  C:3003H         LINE#         318
  C:3005H         LINE#         320
  C:3005H         LINE#         321
  C:3016H         LINE#         322
  C:3016H         LINE#         323
  C:3027H         LINE#         324
  C:3038H         LINE#         325
  C:3038H         LINE#         326
  C:3038H         LINE#         327
  C:3038H         LINE#         328
  C:3038H         LINE#         329
  C:303BH         LINE#         330
  C:3040H         LINE#         331
  C:3045H         LINE#         332
  C:304AH         LINE#         333
  C:304FH         LINE#         334
  C:3054H         LINE#         335
  C:3059H         LINE#         336
  C:305EH         LINE#         337
  C:305EH         LINE#         339
  C:3080H         LINE#         340
  C:3080H         LINE#         341
  C:308AH         LINE#         342
  C:308AH         LINE#         343
  C:308FH         LINE#         344
  C:3098H         LINE#         345
  C:30AFH         LINE#         346
  C:30AFH         LINE#         347
  C:30BFH         LINE#         349
  C:30BFH         LINE#         353
  -------         ENDPROC       KEY_PROCESS
  -------         PROC          KEYPAD_IO_INIT
  C:4AAEH         LINE#         356
  C:4AAEH         LINE#         357
  C:4AAEH         LINE#         358
  C:4AB1H         LINE#         359
  C:4AB4H         LINE#         360
  C:4AB7H         LINE#         361
  C:4AB9H         LINE#         362
  -------         ENDPROC       KEYPAD_IO_INIT
  -------         ENDMOD        KEYPAD

BL51 BANKED LINKER/LOCATER V6.22                                                      02/18/2019  11:06:49  PAGE 27


  -------         MODULE        BIPOLARMOTOR
  C:0000H         SYMBOL        _ICE_DUMMY_
  D:0080H         PUBLIC        P0
  D:0090H         PUBLIC        P1
  X:0000H         PUBLIC        RX_pos_test
  D:00A0H         PUBLIC        P2
  D:00B0H         PUBLIC        P3
  D:00C0H         PUBLIC        P4
  D:00C8H         PUBLIC        P5
  D:00E8H         PUBLIC        P6
  D:00F8H         PUBLIC        P7
  X:00A0H         PUBLIC        low_date_azimuth_mapping
  D:00A8H         PUBLIC        IE
  C:3E16H         PUBLIC        linear_interpolate
  C:4882H         PUBLIC        _Move
  D:00B8H         PUBLIC        IP
  C:32E9H         PUBLIC        _findDet3x3
  C:28AFH         PUBLIC        _findDet4x4
  D:00D8H         PUBLIC        CCON
  X:00C8H         PUBLIC        previous_move_time
  D:0098H         PUBLIC        SCON
  D:0088H         PUBLIC        TCON
  C:4AEAH         PUBLIC        wait
  C:4752H         PUBLIC        _Step_move
  X:00C9H         PUBLIC        dat
  C:000EH         PUBLIC        _Update_position
  C:463AH         PUBLIC        vOneStepMove
  X:00CFH         PUBLIC        elevation_stamp
  X:010BH         PUBLIC        date_azimuth_mapping
  X:0133H         PUBLIC        RX_pos
  C:4999H         PUBLIC        _BCDtoDec1
  X:038BH         PUBLIC        degree
  D:00D0H         PUBLIC        PSW
  -------         PROC          L?0062
  -------         ENDPROC       L?0062
  -------         PROC          _BCDTODEC1
  D:0007H         SYMBOL        bcd
  -------         DO            
  D:0006H         SYMBOL        hi
  D:0007H         SYMBOL        lo
  -------         ENDDO         
  C:4999H         LINE#         28
  C:4999H         LINE#         29
  C:4999H         LINE#         31
  C:499EH         LINE#         32
  C:49A2H         LINE#         33
  C:49A9H         LINE#         34
  -------         ENDPROC       _BCDTODEC1
  -------         PROC          WAIT
  C:4AEAH         LINE#         36
  C:4AEAH         LINE#         38
  -------         ENDPROC       WAIT
  -------         PROC          VONESTEPMOVE
  B:0020H.7       SYMBOL        bDir
  C:463AH         LINE#         40
  C:463AH         LINE#         41
  C:463AH         LINE#         43
BL51 BANKED LINKER/LOCATER V6.22                                                      02/18/2019  11:06:49  PAGE 28


  C:4640H         LINE#         44
  C:4640H         LINE#         45
  C:4643H         LINE#         46
  C:464CH         LINE#         47
  C:4653H         LINE#         48
  C:4658H         LINE#         49
  C:4658H         LINE#         50
  C:4658H         LINE#         52
  C:465AH         LINE#         55
  C:465AH         LINE#         56
  C:465DH         LINE#         57
  C:4666H         LINE#         58
  C:466DH         LINE#         59
  C:4673H         LINE#         60
  C:467CH         LINE#         61
  C:4683H         LINE#         62
  C:4683H         LINE#         66
  -------         ENDPROC       VONESTEPMOVE
  -------         PROC          _STEP_MOVE
  X:046AH         SYMBOL        step
  B:0020H.6       SYMBOL        dir
  -------         DO            
  X:046CH         SYMBOL        i
  -------         ENDDO         
  C:4752H         LINE#         68
  C:475AH         LINE#         69
  C:475AH         LINE#         71
  C:475FH         LINE#         74
  C:477AH         LINE#         75
  C:477AH         LINE#         76
  C:4781H         LINE#         78
  C:4791H         LINE#         80
  -------         ENDPROC       _STEP_MOVE
  -------         PROC          _MOVE
  X:0466H         SYMBOL        distance
  B:0020H.5       SYMBOL        direction
  -------         DO            
  D:0006H         SYMBOL        step
  -------         ENDDO         
  C:4882H         LINE#         82
  C:4888H         LINE#         83
  C:4888H         LINE#         86
  C:48A3H         LINE#         87
  -------         ENDPROC       _MOVE
  C:32CAH         SYMBOL        L?0058
  C:32DEH         SYMBOL        L?0059
  -------         PROC          L?0057
  -------         ENDPROC       L?0057
  C:32CAH         SYMBOL        L?0058
  C:32DEH         SYMBOL        L?0059
  -------         PROC          _FINDDET3X3
  X:05E3H         SYMBOL        a11
  X:05E7H         SYMBOL        a12
  X:05EBH         SYMBOL        a13
  X:05EFH         SYMBOL        a21
  X:05F3H         SYMBOL        a22
  X:05F7H         SYMBOL        a23
BL51 BANKED LINKER/LOCATER V6.22                                                      02/18/2019  11:06:49  PAGE 29


  X:05FBH         SYMBOL        a31
  X:05FFH         SYMBOL        a32
  X:0603H         SYMBOL        a33
  C:32E9H         LINE#         91
  C:32EFH         LINE#         95
  C:32EFH         LINE#         96
  C:3486H         LINE#         98
  -------         ENDPROC       _FINDDET3X3
  -------         PROC          _FINDDET4X4
  X:05A3H         SYMBOL        a11
  X:05A7H         SYMBOL        a12
  X:05ABH         SYMBOL        a13
  X:05AFH         SYMBOL        a14
  X:05B3H         SYMBOL        a21
  X:05B7H         SYMBOL        a22
  X:05BBH         SYMBOL        a23
  X:05BFH         SYMBOL        a24
  X:05C3H         SYMBOL        a31
  X:05C7H         SYMBOL        a32
  X:05CBH         SYMBOL        a33
  X:05CFH         SYMBOL        a34
  X:05D3H         SYMBOL        a41
  X:05D7H         SYMBOL        a42
  X:05DBH         SYMBOL        a43
  X:05DFH         SYMBOL        a44
  C:28AFH         LINE#         99
  C:28B5H         LINE#         103
  C:28B5H         LINE#         110
  C:2B6EH         LINE#         114
  -------         ENDPROC       _FINDDET4X4
  C:3E05H         SYMBOL        L?0061
  -------         PROC          L?0060
  -------         ENDPROC       L?0060
  C:3E05H         SYMBOL        L?0061
  -------         PROC          LINEAR_INTERPOLATE
  X:0466H         SYMBOL        p1
  X:046EH         SYMBOL        p2
  X:0476H         SYMBOL        x
  -------         DO            
  D:0004H         SYMBOL        fx
  -------         ENDDO         
  C:3E16H         LINE#         120
  C:3E16H         LINE#         121
  C:3E16H         LINE#         124
  C:3EB5H         LINE#         126
  C:3EB5H         LINE#         127
  -------         ENDPROC       LINEAR_INTERPOLATE
  -------         PROC          _UPDATE_POSITION
  D:0001H         SYMBOL        mnths
  D:0002H         SYMBOL        dys
  X:03C9H         SYMBOL        hurs
  X:03CAH         SYMBOL        mns
  X:03CBH         SYMBOL        sconds
  X:03CCH         SYMBOL        currnt_pos
  X:03CFH         SYMBOL        offset_calib
  -------         DO            
  X:03D3H         SYMBOL        date
BL51 BANKED LINKER/LOCATER V6.22                                                      02/18/2019  11:06:49  PAGE 30


  X:03D5H         SYMBOL        i
  X:03D7H         SYMBOL        yy
  X:03D9H         SYMBOL        desired_distance
  X:03DDH         SYMBOL        distance
  X:03E1H         SYMBOL        JP_pos
  X:03E5H         SYMBOL        pos_interpolate_azimuth
  X:0421H         SYMBOL        current_local_sun_time
  X:0425H         SYMBOL        azimuth
  X:0429H         SYMBOL        elevation
  X:042DH         SYMBOL        time_offset
  X:0431H         SYMBOL        UTC_time
  X:0435H         SYMBOL        declination
  X:0439H         SYMBOL        p1
  X:0441H         SYMBOL        p2
  X:0449H         SYMBOL        time
  X:045BH         SYMBOL        location
  X:0463H         SYMBOL        sunCoord
  -------         ENDDO         
  C:000EH         LINE#         131
  C:0017H         LINE#         134
  C:0017H         LINE#         135
  C:0022H         LINE#         137
  C:003EH         LINE#         138
  C:0048H         LINE#         146
  C:0052H         LINE#         147
  C:005CH         LINE#         148
  C:0066H         LINE#         149
  C:0071H         LINE#         150
  C:007CH         LINE#         151
  C:0095H         LINE#         152
  C:00A6H         LINE#         153
  C:00B5H         LINE#         156
  C:00C9H         LINE#         160
  C:011BH         LINE#         161
  C:027FH         LINE#         162
  C:02CFH         LINE#         164
  C:03F7H         LINE#         166
  C:04C6H         LINE#         173
  C:050DH         LINE#         174
  C:050DH         LINE#         176
  C:0527H         LINE#         177
  C:0527H         LINE#         178
  C:0597H         LINE#         179
  C:0597H         LINE#         180
  C:059EH         LINE#         181
  C:059EH         LINE#         182
  C:05CBH         LINE#         183
  C:05E6H         LINE#         185
  C:062DH         LINE#         186
  C:0661H         LINE#         188
  C:06A7H         LINE#         189
  C:06CAH         LINE#         191
  C:06CAH         LINE#         193
  C:0740H         LINE#         194
  C:0740H         LINE#         195
  C:0747H         LINE#         196
  C:0747H         LINE#         197
BL51 BANKED LINKER/LOCATER V6.22                                                      02/18/2019  11:06:49  PAGE 31


  C:0774H         LINE#         198
  C:078FH         LINE#         200
  C:07D6H         LINE#         201
  C:080AH         LINE#         203
  C:0850H         LINE#         204
  C:0870H         LINE#         206
  C:0870H         LINE#         207
  C:0881H         LINE#         210
  C:089BH         LINE#         211
  C:089BH         LINE#         212
  C:090BH         LINE#         213
  C:090BH         LINE#         214
  C:0938H         LINE#         215
  C:0953H         LINE#         217
  C:0980H         LINE#         218
  C:099BH         LINE#         220
  C:09CDH         LINE#         223
  C:09CDH         LINE#         225
  C:09DEH         LINE#         227
  C:0A0DH         LINE#         229
  C:0A32H         LINE#         230
  C:0A97H         LINE#         231
  C:0A97H         LINE#         232
  C:0AB1H         LINE#         233
  C:0AC3H         LINE#         234
  C:0ADBH         LINE#         235
  C:0AF1H         LINE#         237
  C:0B0DH         LINE#         238
  C:0B0DH         LINE#         239
  C:0B0DH         LINE#         242
  -------         ENDPROC       _UPDATE_POSITION
  -------         ENDMOD        BIPOLARMOTOR

  -------         MODULE        SUNPOS
  C:0000H         SYMBOL        _ICE_DUMMY_
  C:1D1BH         PUBLIC        sunpos
  -------         PROC          SUNPOS
  X:0466H         SYMBOL        udtTime
  X:0478H         SYMBOL        udtLocation
  X:0480H         SYMBOL        udtSunCoordinates
  -------         DO            
  X:0483H         SYMBOL        dElapsedJulianDays
  X:0487H         SYMBOL        dDecimalHours
  X:048BH         SYMBOL        dEclipticLongitude
  X:048FH         SYMBOL        dEclipticObliquity
  X:0493H         SYMBOL        dRightAscension
  X:0497H         SYMBOL        dDeclination
  X:049BH         SYMBOL        dY
  X:049FH         SYMBOL        dX
  -------         DO            
  X:04A3H         SYMBOL        dJulianDate
  X:04A7H         SYMBOL        liAux1
  X:04ABH         SYMBOL        liAux2
  X:04A3H         SYMBOL        dMeanLongitude
  X:04A7H         SYMBOL        dMeanAnomaly
  X:04ABH         SYMBOL        dOmega
  X:04A3H         SYMBOL        dSin_EclipticLongitude
BL51 BANKED LINKER/LOCATER V6.22                                                      02/18/2019  11:06:49  PAGE 32


  X:04A3H         SYMBOL        dGreenwichMeanSiderealTime
  X:04A7H         SYMBOL        dLocalMeanSiderealTime
  X:04ABH         SYMBOL        dLatitudeInRadians
  X:04AFH         SYMBOL        dHourAngle
  X:04B3H         SYMBOL        dCos_Latitude
  X:04B7H         SYMBOL        dSin_Latitude
  X:04BBH         SYMBOL        dCos_HourAngle
  X:04BFH         SYMBOL        dParallax
  -------         ENDDO         
  -------         DO            
  X:04A3H         SYMBOL        dMeanLongitude
  X:04A7H         SYMBOL        dMeanAnomaly
  X:04ABH         SYMBOL        dOmega
  X:04A3H         SYMBOL        dSin_EclipticLongitude
  X:04A3H         SYMBOL        dGreenwichMeanSiderealTime
  X:04A7H         SYMBOL        dLocalMeanSiderealTime
  X:04ABH         SYMBOL        dLatitudeInRadians
  X:04AFH         SYMBOL        dHourAngle
  X:04B3H         SYMBOL        dCos_Latitude
  X:04B7H         SYMBOL        dSin_Latitude
  X:04BBH         SYMBOL        dCos_HourAngle
  X:04BFH         SYMBOL        dParallax
  -------         ENDDO         
  -------         DO            
  X:04A3H         SYMBOL        dSin_EclipticLongitude
  X:04A3H         SYMBOL        dGreenwichMeanSiderealTime
  X:04A7H         SYMBOL        dLocalMeanSiderealTime
  X:04ABH         SYMBOL        dLatitudeInRadians
  X:04AFH         SYMBOL        dHourAngle
  X:04B3H         SYMBOL        dCos_Latitude
  X:04B7H         SYMBOL        dSin_Latitude
  X:04BBH         SYMBOL        dCos_HourAngle
  X:04BFH         SYMBOL        dParallax
  -------         ENDDO         
  -------         DO            
  X:04A3H         SYMBOL        dGreenwichMeanSiderealTime
  X:04A7H         SYMBOL        dLocalMeanSiderealTime
  X:04ABH         SYMBOL        dLatitudeInRadians
  X:04AFH         SYMBOL        dHourAngle
  X:04B3H         SYMBOL        dCos_Latitude
  X:04B7H         SYMBOL        dSin_Latitude
  X:04BBH         SYMBOL        dCos_HourAngle
  X:04BFH         SYMBOL        dParallax
  -------         ENDDO         
  -------         ENDDO         
  C:1D1BH         LINE#         6
  C:1D1BH         LINE#         7
  C:1D1BH         LINE#         9
  C:1D1BH         LINE#         27
  C:1D65H         LINE#         30
  C:1D86H         LINE#         31
  C:1ECDH         LINE#         34
  C:1F19H         LINE#         36
  C:1F38H         LINE#         37
  C:1F38H         LINE#         42
  C:1F38H         LINE#         46
  C:1F6AH         LINE#         47
BL51 BANKED LINKER/LOCATER V6.22                                                      02/18/2019  11:06:49  PAGE 33


  C:1F94H         LINE#         48
  C:1FBEH         LINE#         49
  C:206BH         LINE#         52
  C:20CCH         LINE#         54
  C:20CCH         LINE#         59
  C:20CCH         LINE#         61
  C:20E3H         LINE#         62
  C:210BH         LINE#         63
  C:2122H         LINE#         64
  C:214DH         LINE#         65
  C:2184H         LINE#         66
  C:21AFH         LINE#         67
  C:21AFH         LINE#         70
  C:21AFH         LINE#         79
  C:21EAH         LINE#         82
  C:2224H         LINE#         84
  C:2249H         LINE#         85
  C:2268H         LINE#         86
  C:227FH         LINE#         87
  C:2296H         LINE#         88
  C:22ADH         LINE#         89
  C:2336H         LINE#         91
  C:2350H         LINE#         92
  C:23B2H         LINE#         93
  C:23E8H         LINE#         94
  C:23FAH         LINE#         95
  C:2427H         LINE#         96
  C:2454H         LINE#         98
  C:2476H         LINE#         100
  C:24AEH         LINE#         103
  C:24AEH         LINE#         104
  C:24BCH         LINE#         105
  -------         ENDPROC       SUNPOS
  -------         ENDMOD        SUNPOS

  -------         MODULE        ADC
  C:0000H         SYMBOL        _ICE_DUMMY_
  D:0092H         PUBLIC        P1M0
  D:0091H         PUBLIC        P1M1
  D:0080H         PUBLIC        P0
  D:0090H         PUBLIC        P1
  D:00A0H         PUBLIC        P2
  D:00B0H         PUBLIC        P3
  D:00C0H         PUBLIC        P4
  D:00C8H         PUBLIC        P5
  D:00E8H         PUBLIC        P6
  D:00F8H         PUBLIC        P7
  D:00A8H         PUBLIC        IE
  D:00BDH         PUBLIC        ADC_RES
  D:00B8H         PUBLIC        IP
  D:0097H         PUBLIC        CLK_DIV
  D:00D8H         PUBLIC        CCON
  D:00BCH         PUBLIC        ADC_CONTR
  D:0098H         PUBLIC        SCON
  D:0088H         PUBLIC        TCON
  B:00A0H.4       PUBLIC        P24
  B:00A0H.5       PUBLIC        P25
BL51 BANKED LINKER/LOCATER V6.22                                                      02/18/2019  11:06:49  PAGE 34


  B:00A0H.6       PUBLIC        P26
  C:4935H         PUBLIC        ADC_Init
  C:4800H         PUBLIC        _ADC_GetResult
  D:009DH         PUBLIC        P1ASF
  D:00BEH         PUBLIC        ADC_RESL
  D:00D0H         PUBLIC        PSW
  -------         PROC          ADC_INIT
  C:4935H         LINE#         7
  C:4935H         LINE#         8
  C:4935H         LINE#         10
  C:4937H         LINE#         11
  C:4939H         LINE#         12
  C:493BH         LINE#         13
  C:493EH         LINE#         14
  C:4941H         LINE#         15
  C:4944H         LINE#         16
  C:4947H         LINE#         18
  C:4949H         LINE#         19
  C:494BH         LINE#         20
  C:494EH         LINE#         22
  -------         ENDPROC       ADC_INIT
  -------         PROC          _ADC_GETRESULT
  D:0007H         SYMBOL        ch
  -------         DO            
  D:0006H         SYMBOL        ADC_Value_H
  D:0004H         SYMBOL        ADC_Value_L
  D:0006H         SYMBOL        ADC_Value
  -------         ENDDO         
  C:4800H         LINE#         27
  C:4800H         LINE#         28
  C:4800H         LINE#         30
  C:4805H         LINE#         31
  C:4806H         LINE#         32
  C:4807H         LINE#         33
  C:4808H         LINE#         34
  C:4809H         LINE#         35
  C:480EH         LINE#         36
  C:4811H         LINE#         37
  C:4815H         LINE#         38
  C:4819H         LINE#         40
  C:482BH         LINE#         41
  C:482BH         LINE#         42
  -------         ENDPROC       _ADC_GETRESULT
  -------         ENDMOD        ADC

  -------         MODULE        CALIBRATION
  C:0000H         SYMBOL        _ICE_DUMMY_
  D:0080H         PUBLIC        P0
[...]
  C:3B5DH         LINE#         102
  C:3B5DH         LINE#         103
  C:3B5DH         LINE#         104
  C:3B5DH         LINE#         105
  C:3B60H         LINE#         106
  C:3B64H         LINE#         109
  C:3B83H         LINE#         111
  C:3B8AH         LINE#         112
  C:3B8AH         LINE#         113
  C:3B8CH         LINE#         114
  C:3B8FH         LINE#         115
  C:3BA8H         LINE#         116
  C:3BA8H         LINE#         117
  C:3BAAH         LINE#         118
  C:3BACH         LINE#         120
  C:3BACH         LINE#         121
  C:3BAEH         LINE#         123
  C:3BAEH         LINE#         124
  C:3BAEH         LINE#         125
  C:3BAEH         LINE#         126
  C:3BB1H         LINE#         127
  C:3BCAH         LINE#         129
  C:3BE9H         LINE#         131
  C:3BF0H         LINE#         132
  C:3BF0H         LINE#         133
  C:3BF2H         LINE#         134
  C:3BF5H         LINE#         135
  C:3BFCH         LINE#         136
  C:3BFCH         LINE#         137
  C:3BFEH         LINE#         138
  C:3C00H         LINE#         140
  C:3C00H         LINE#         141
  C:3C02H         LINE#         143
  C:3C02H         LINE#         144
  C:3C02H         LINE#         145
  C:3C02H         LINE#         146
  C:3C05H         LINE#         147
  C:3C0CH         LINE#         149
  C:3C2BH         LINE#         151
  C:3C2DH         LINE#         152
  -------         ENDPROC       _AT25SF041_WRITE
  -------         PROC          _AT25SF041_READ
BL51 BANKED LINKER/LOCATER V6.22                                                      02/18/2019  11:06:49  PAGE 44


  D:0003H         SYMBOL        opcode
  X:0611H         SYMBOL        addr
  -------         DO            
  X:0615H         SYMBOL        dat
  X:0616H         SYMBOL        i
  -------         ENDDO         
  C:3A30H         LINE#         156
  C:3A32H         LINE#         157
  C:3A32H         LINE#         158
  C:3A37H         LINE#         160
  C:3A39H         LINE#         161
  C:3A3FH         LINE#         165
  C:3A44H         LINE#         166
  C:3A44H         LINE#         167
  C:3A46H         LINE#         168
  C:3A49H         LINE#         169
  C:3A4DH         LINE#         170
  C:3A4DH         LINE#         171
  C:3A4FH         LINE#         172
  C:3A51H         LINE#         174
  C:3A51H         LINE#         175
  C:3A53H         LINE#         177
  C:3A53H         LINE#         178
  C:3A53H         LINE#         179
  C:3A53H         LINE#         180
  C:3A56H         LINE#         181
  C:3A5AH         LINE#         184
  C:3A79H         LINE#         186
  C:3A80H         LINE#         187
  C:3A80H         LINE#         188
  C:3A82H         LINE#         189
  C:3A85H         LINE#         190
  C:3A9EH         LINE#         191
  C:3A9EH         LINE#         192
  C:3AA0H         LINE#         193
  C:3AA2H         LINE#         195
  C:3AA2H         LINE#         196
  C:3AA4H         LINE#         198
  C:3AA4H         LINE#         199
  C:3AA4H         LINE#         200
  C:3AA4H         LINE#         201
  C:3AA7H         LINE#         202
  C:3AC0H         LINE#         204
  C:3ADFH         LINE#         207
  C:3AE6H         LINE#         209
  C:3AE8H         LINE#         210
  C:3AEFH         LINE#         212
  C:3AF6H         LINE#         213
  C:3AF6H         LINE#         214
  C:3AFDH         LINE#         215
  C:3AFDH         LINE#         216
  C:3B00H         LINE#         217
  C:3B02H         LINE#         218
  C:3B05H         LINE#         220
  C:3B08H         LINE#         221
  C:3B08H         LINE#         223
  C:3B0CH         LINE#         224
BL51 BANKED LINKER/LOCATER V6.22                                                      02/18/2019  11:06:49  PAGE 45


  C:3B0CH         LINE#         230
  C:3B2BH         LINE#         233
  C:3B2DH         LINE#         234
  C:3B30H         LINE#         235
  C:3B35H         LINE#         237
  -------         ENDPROC       _AT25SF041_READ
  -------         PROC          READ_STATUS_REGISTER_BYTE1
  -------         DO            
  D:0003H         SYMBOL        dat
  D:0001H         SYMBOL        opcode
  X:0624H         SYMBOL        count
  X:0625H         SYMBOL        i
  -------         ENDDO         
  C:40CAH         LINE#         241
  C:40CAH         LINE#         242
  C:40CAH         LINE#         243
  C:40D0H         LINE#         244
  C:40D4H         LINE#         245
  C:40D6H         LINE#         246
  C:40D8H         LINE#         247
  C:40DEH         LINE#         251
  C:40E5H         LINE#         252
  C:40E5H         LINE#         253
  C:40E7H         LINE#         254
  C:40EAH         LINE#         255
  C:40EEH         LINE#         256
  C:40EEH         LINE#         257
  C:40F0H         LINE#         258
  C:40F2H         LINE#         260
  C:40F2H         LINE#         261
  C:40F4H         LINE#         263
  C:40F4H         LINE#         264
  C:40F4H         LINE#         265
  C:40F4H         LINE#         266
  C:40F7H         LINE#         267
  C:40FBH         LINE#         270
  C:411AH         LINE#         274
  C:4121H         LINE#         276
  C:4123H         LINE#         277
  C:412AH         LINE#         278
  C:4131H         LINE#         279
  C:4131H         LINE#         280
  C:4135H         LINE#         281
  C:4135H         LINE#         282
  C:4138H         LINE#         283
  C:413AH         LINE#         284
  C:413DH         LINE#         286
  C:4140H         LINE#         287
  C:4140H         LINE#         289
  C:4144H         LINE#         290
  C:4144H         LINE#         292
  C:4163H         LINE#         296
  C:4165H         LINE#         297
  C:4168H         LINE#         298
  C:416AH         LINE#         299
  -------         ENDPROC       READ_STATUS_REGISTER_BYTE1
  -------         PROC          _SPI_NOR_WRITE_DATA
BL51 BANKED LINKER/LOCATER V6.22                                                      02/18/2019  11:06:49  PAGE 46


  X:03B3H         SYMBOL        dat
  X:03B6H         SYMBOL        addr
  C:30C0H         LINE#         301
  C:30CBH         LINE#         302
  C:30CBH         LINE#         310
  C:30CEH         LINE#         311
  C:30F7H         LINE#         312
  C:30F7H         LINE#         313
  C:30FAH         LINE#         314
  C:3122H         LINE#         315
  C:3122H         LINE#         317
  C:3122H         LINE#         318
  C:3125H         LINE#         319
  C:314DH         LINE#         320
  C:314DH         LINE#         322
  C:314DH         LINE#         323
  C:3150H         LINE#         324
  C:3179H         LINE#         325
  C:3179H         LINE#         327
  C:3179H         LINE#         328
  C:317CH         LINE#         329
  C:31A5H         LINE#         330
  C:31A5H         LINE#         332
  C:31A5H         LINE#         333
  C:31A8H         LINE#         334
  C:31D1H         LINE#         335
  C:31D1H         LINE#         336
  C:31D1H         LINE#         337
  C:31D4H         LINE#         338
  C:31FDH         LINE#         339
  C:31FDH         LINE#         341
  C:31FDH         LINE#         342
  C:3200H         LINE#         343
  C:3229H         LINE#         344
  C:3229H         LINE#         346
  C:3229H         LINE#         347
  C:322CH         LINE#         348
  C:3255H         LINE#         349
  C:3255H         LINE#         351
  C:3255H         LINE#         352
  C:3258H         LINE#         353
  C:3281H         LINE#         354
  C:3281H         LINE#         356
  C:3281H         LINE#         357
  C:3284H         LINE#         358
  -------         ENDPROC       _SPI_NOR_WRITE_DATA
  -------         ENDMOD        AT25SF041

  -------         MODULE        ?C_STARTUP
  C:4339H         SEGMENT       ?C_C51STARTUP
  I:0022H         SEGMENT       ?STACK
  C:0000H         PUBLIC        ?C_STARTUP
  D:00E0H         SYMBOL        ACC
  D:00F0H         SYMBOL        B
  D:0083H         SYMBOL        DPH
  D:0082H         SYMBOL        DPL
  N:0000H         SYMBOL        IBPSTACK
BL51 BANKED LINKER/LOCATER V6.22                                                      02/18/2019  11:06:49  PAGE 47


  N:0100H         SYMBOL        IBPSTACKTOP
  N:0080H         SYMBOL        IDATALEN
  C:433CH         SYMBOL        IDATALOOP
  N:0000H         SYMBOL        PBPSTACK
  N:0100H         SYMBOL        PBPSTACKTOP
  N:0000H         SYMBOL        PDATALEN
  N:0000H         SYMBOL        PDATASTART
  N:0000H         SYMBOL        PPAGE
  N:0000H         SYMBOL        PPAGEENABLE
  D:00A0H         SYMBOL        PPAGE_SFR
  D:0081H         SYMBOL        SP
  C:4339H         SYMBOL        STARTUP1
  N:0000H         SYMBOL        XBPSTACK
  N:0000H         SYMBOL        XBPSTACKTOP
  N:0000H         SYMBOL        XDATALEN
  N:0000H         SYMBOL        XDATASTART
  C:0000H         LINE#         126
  C:4339H         LINE#         133
  C:433BH         LINE#         134
  C:433CH         LINE#         135
  C:433DH         LINE#         136
  C:433FH         LINE#         185
  C:4342H         LINE#         196
  -------         ENDMOD        ?C_STARTUP

  -------         MODULE        ?C?FPADD
  C:0B15H         PUBLIC        ?C?FPADD
  C:0B11H         PUBLIC        ?C?FPSUB
  -------         ENDMOD        ?C?FPADD

  -------         MODULE        ?C?FPMUL
  C:0C06H         PUBLIC        ?C?FPMUL
  -------         ENDMOD        ?C?FPMUL

  -------         MODULE        ?C?FPDIV
  C:0D0FH         PUBLIC        ?C?FPDIV
  -------         ENDMOD        ?C?FPDIV

  -------         MODULE        ?C?FPCMP
  C:0DAEH         PUBLIC        ?C?FPCMP
  C:0DACH         PUBLIC        ?C?FPCMP3
  -------         ENDMOD        ?C?FPCMP

  -------         MODULE        ?C?FPNEG
  C:0E25H         PUBLIC        ?C?FPNEG
  -------         ENDMOD        ?C?FPNEG

  -------         MODULE        ?C?FCAST
  C:0E40H         PUBLIC        ?C?FCASTC
  C:0E3BH         PUBLIC        ?C?FCASTI
  C:0E36H         PUBLIC        ?C?FCASTL
  -------         ENDMOD        ?C?FCAST

  -------         MODULE        ?C?CASTF
  C:0E74H         PUBLIC        ?C?CASTF
  -------         ENDMOD        ?C?CASTF

BL51 BANKED LINKER/LOCATER V6.22                                                      02/18/2019  11:06:49  PAGE 48


  -------         MODULE        ATAN2
  X:04C3H         PUBLIC        ?_atan2?BYTE
  C:416BH         PUBLIC        _atan2
  -------         ENDMOD        ATAN2

  -------         MODULE        SIN
  C:365CH         PUBLIC        _COS
  C:3672H         PUBLIC        _SIN
  C:36AEH         PUBLIC        _TAN
  -------         ENDMOD        SIN

  -------         MODULE        ACOS
  C:4684H         PUBLIC        _ACOS
  -------         ENDMOD        ACOS

  -------         MODULE        ASIN
  C:4792H         PUBLIC        _ASIN
  -------         ENDMOD        ASIN

  -------         MODULE        SQRT
  C:4022H         PUBLIC        _SQRT
  -------         ENDMOD        SQRT

  -------         MODULE        ATAN
  C:392EH         PUBLIC        _ATAN
  -------         ENDMOD        ATAN

  -------         MODULE        ?C?COPY
  C:1012H         PUBLIC        ?C?COPY
  -------         ENDMOD        ?C?COPY

  -------         MODULE        ?C?CLDPTR
  C:1038H         PUBLIC        ?C?CLDPTR
  -------         ENDMOD        ?C?CLDPTR

  -------         MODULE        ?C?CLDOPTR
  C:1051H         PUBLIC        ?C?CLDOPTR
  -------         ENDMOD        ?C?CLDOPTR

  -------         MODULE        ?C?CSTPTR
  C:107EH         PUBLIC        ?C?CSTPTR
  -------         ENDMOD        ?C?CSTPTR

  -------         MODULE        ?C?IMUL
  C:1090H         PUBLIC        ?C?IMUL
  -------         ENDMOD        ?C?IMUL

  -------         MODULE        ?C?UIDIV
  C:10A2H         PUBLIC        ?C?UIDIV
  -------         ENDMOD        ?C?UIDIV

  -------         MODULE        ?C?SIDIV
  C:10F7H         PUBLIC        ?C?SIDIV
  -------         ENDMOD        ?C?SIDIV

  -------         MODULE        ?C?IILDX
  C:112DH         PUBLIC        ?C?IILDX
BL51 BANKED LINKER/LOCATER V6.22                                                      02/18/2019  11:06:49  PAGE 49


  -------         ENDMOD        ?C?IILDX

  -------         MODULE        ?C?ILDIX
  C:1143H         PUBLIC        ?C?ILDIX
  -------         ENDMOD        ?C?ILDIX

  -------         MODULE        ?C?ILDOPTR
  C:1159H         PUBLIC        ?C?ILDOPTR
  -------         ENDMOD        ?C?ILDOPTR

  -------         MODULE        ?C?LMUL
  C:1191H         PUBLIC        ?C?LMUL
  -------         ENDMOD        ?C?LMUL

  -------         MODULE        ?C?SLDIV
  C:46CEH         PUBLIC        ?C?SLDIV
  -------         ENDMOD        ?C?SLDIV

  -------         MODULE        ?C?LNEG
  C:11E0H         PUBLIC        ?C?LNEG
  -------         ENDMOD        ?C?LNEG

  -------         MODULE        ?C?ULCMP
  C:11EEH         PUBLIC        ?C?ULCMP
  -------         ENDMOD        ?C?ULCMP

  -------         MODULE        ?C?LSHL
  C:11FFH         PUBLIC        ?C?LSHL
  -------         ENDMOD        ?C?LSHL

  -------         MODULE        ?C?LLDPTR
  C:1212H         PUBLIC        ?C?LLDPTR
  -------         ENDMOD        ?C?LLDPTR

  -------         MODULE        ?C?LLDOPTR
  C:1232H         PUBLIC        ?C?LLDOPTR
  -------         ENDMOD        ?C?LLDOPTR

  -------         MODULE        ?C?LSTPTR
  C:1262H         PUBLIC        ?C?LSTPTR
  -------         ENDMOD        ?C?LSTPTR

  -------         MODULE        ?C?LSTOPTR
  C:127CH         PUBLIC        ?C?LSTOPTR
  -------         ENDMOD        ?C?LSTOPTR

  -------         MODULE        ?C?LLDXDATA
  C:12A0H         PUBLIC        ?C?LLDXDATA
  -------         ENDMOD        ?C?LLDXDATA

  -------         MODULE        ?C?LLDCODE
  C:12ACH         PUBLIC        ?C?LLDCODE
  -------         ENDMOD        ?C?LLDCODE

  -------         MODULE        ?C?LLDXDATA0
  C:12BCH         PUBLIC        ?C?LLDXDATA0
  -------         ENDMOD        ?C?LLDXDATA0
BL51 BANKED LINKER/LOCATER V6.22                                                      02/18/2019  11:06:49  PAGE 50



  -------         MODULE        ?C?LLDCODE0
  C:12C8H         PUBLIC        ?C?LLDCODE0
  -------         ENDMOD        ?C?LLDCODE0

  -------         MODULE        ?C?LLDPTR0
  C:12D8H         PUBLIC        ?C?LLDPTR0
  -------         ENDMOD        ?C?LLDPTR0

  -------         MODULE        ?C?LSTXDATA
  C:12F8H         PUBLIC        ?C?LSTXDATA
  -------         ENDMOD        ?C?LSTXDATA

  -------         MODULE        ?C?LSTKXDATA
  C:1304H         PUBLIC        ?C?LSTKXDATA
  -------         ENDMOD        ?C?LSTKXDATA

  -------         MODULE        ?C?OFFXADD
  C:1335H         PUBLIC        ?C?OFFXADD
  -------         ENDMOD        ?C?OFFXADD

  -------         MODULE        ABS
  C:4ABAH         PUBLIC        _ABS
  -------         ENDMOD        ABS

  -------         MODULE        ATOI
  C:3D18H         PUBLIC        _atoi
  -------         ENDMOD        ATOI

  -------         MODULE        ?C?ULDIV
  C:137DH         PUBLIC        ?C?ULDIV
  -------         ENDMOD        ?C?ULDIV

  -------         MODULE        ?C?LLDIDATA
  C:140FH         PUBLIC        ?C?LLDIDATA
  -------         ENDMOD        ?C?LLDIDATA

  -------         MODULE        ?C?LLDPDATA
  C:141BH         PUBLIC        ?C?LLDPDATA
  -------         ENDMOD        ?C?LLDPDATA

  -------         MODULE        ?C?LLDIDATA0
  C:1427H         PUBLIC        ?C?LLDIDATA0
  -------         ENDMOD        ?C?LLDIDATA0

  -------         MODULE        ?C?LLDPDATA0
  C:1434H         PUBLIC        ?C?LLDPDATA0
  -------         ENDMOD        ?C?LLDPDATA0

  -------         MODULE        ?C?LSTIDATA
  C:1441H         PUBLIC        ?C?LSTIDATA
  -------         ENDMOD        ?C?LSTIDATA

  -------         MODULE        ?C?LSTPDATA
  C:144DH         PUBLIC        ?C?LSTPDATA
  -------         ENDMOD        ?C?LSTPDATA

BL51 BANKED LINKER/LOCATER V6.22                                                      02/18/2019  11:06:49  PAGE 51


  -------         MODULE        ISDIGIT
  C:4A92H         PUBLIC        _isdigit
  -------         ENDMOD        ISDIGIT

  -------         MODULE        ISSPACE
  C:4A2DH         PUBLIC        _isspace
  -------         ENDMOD        ISSPACE

*** WARNING L16: UNCALLED SEGMENT, IGNORED FOR OVERLAY PROCESS
    SEGMENT: ?PR?_DISPLAY_PROX?MAIN

*** WARNING L16: UNCALLED SEGMENT, IGNORED FOR OVERLAY PROCESS
    SEGMENT: ?PR?_DAY_OF_YEAR?PCF85063BTL

*** WARNING L16: UNCALLED SEGMENT, IGNORED FOR OVERLAY PROCESS
    SEGMENT: ?PR?INITUART1?UART1

*** WARNING L16: UNCALLED SEGMENT, IGNORED FOR OVERLAY PROCESS
    SEGMENT: ?PR?_SENDSTRING?UART1

*** WARNING L16: UNCALLED SEGMENT, IGNORED FOR OVERLAY PROCESS
    SEGMENT: ?PR?_TEN?UART1

*** WARNING L16: UNCALLED SEGMENT, IGNORED FOR OVERLAY PROCESS
    SEGMENT: ?PR?_UNIT?UART1

*** WARNING L16: UNCALLED SEGMENT, IGNORED FOR OVERLAY PROCESS
    SEGMENT: ?PR?_DECTOBCD?UART1

*** WARNING L16: UNCALLED SEGMENT, IGNORED FOR OVERLAY PROCESS
    SEGMENT: ?PR?_ASCII_LETTER?UART1

*** WARNING L16: UNCALLED SEGMENT, IGNORED FOR OVERLAY PROCESS
    SEGMENT: ?PR?_ASCIITOBCD?UART1

*** WARNING L16: UNCALLED SEGMENT, IGNORED FOR OVERLAY PROCESS
    SEGMENT: ?PR?WAIT?BIPOLARMOTOR

*** WARNING L16: UNCALLED SEGMENT, IGNORED FOR OVERLAY PROCESS
    SEGMENT: ?PR?_FINDDET4X4?BIPOLARMOTOR

*** WARNING L16: UNCALLED SEGMENT, IGNORED FOR OVERLAY PROCESS
    SEGMENT: ?PR?NOP?IOEXPANDER_PI4IOE5V96248

*** WARNING L16: UNCALLED SEGMENT, IGNORED FOR OVERLAY PROCESS
    SEGMENT: ?PR?UC_ACK?IOEXPANDER_PI4IOE5V96248

*** WARNING L16: UNCALLED SEGMENT, IGNORED FOR OVERLAY PROCESS
    SEGMENT: ?PR?UC_NACK?IOEXPANDER_PI4IOE5V96248

*** WARNING L16: UNCALLED SEGMENT, IGNORED FOR OVERLAY PROCESS
    SEGMENT: ?PR?AT25SF041_CHIPERASE?AT25SF041

*** WARNING L16: UNCALLED SEGMENT, IGNORED FOR OVERLAY PROCESS
    SEGMENT: ?PR?_AT25SF041_READ?AT25SF041

*** WARNING L1: UNRESOLVED EXTERNAL SYMBOL
BL51 BANKED LINKER/LOCATER V6.22                                                      02/18/2019  11:06:49  PAGE 52


    SYMBOL:  AUTO_MODE
    MODULE:  .\Obj\main.obj (MAIN)

*** WARNING L2: REFERENCE MADE TO UNRESOLVED EXTERNAL
    SYMBOL:  AUTO_MODE
    MODULE:  .\Obj\main.obj (MAIN)
    ADDRESS: 1473H

*** WARNING L2: REFERENCE MADE TO UNRESOLVED EXTERNAL
    SYMBOL:  AUTO_MODE
    MODULE:  .\Obj\main.obj (MAIN)
    ADDRESS: 15E8H

*** WARNING L2: REFERENCE MADE TO UNRESOLVED EXTERNAL
    SYMBOL:  AUTO_MODE
    MODULE:  .\Obj\main.obj (MAIN)
    ADDRESS: 15F6H

*** WARNING L2: REFERENCE MADE TO UNRESOLVED EXTERNAL
    SYMBOL:  AUTO_MODE
    MODULE:  .\Obj\main.obj (MAIN)
    ADDRESS: 1608H

*** WARNING L2: REFERENCE MADE TO UNRESOLVED EXTERNAL
    SYMBOL:  AUTO_MODE
    MODULE:  .\Obj\main.obj (MAIN)
    ADDRESS: 164AH

*** WARNING L2: REFERENCE MADE TO UNRESOLVED EXTERNAL
    SYMBOL:  AUTO_MODE
    MODULE:  .\Obj\main.obj (MAIN)
    ADDRESS: 171DH

*** WARNING L1: UNRESOLVED EXTERNAL SYMBOL
    SYMBOL:  _SENDUART1
    MODULE:  .\Obj\UART1.obj (UART1)

*** WARNING L2: REFERENCE MADE TO UNRESOLVED EXTERNAL
    SYMBOL:  _SENDUART1
    MODULE:  .\Obj\UART1.obj (UART1)
    ADDRESS: 47FBH

*** WARNING L1: UNRESOLVED EXTERNAL SYMBOL
    SYMBOL:  AUTO_MODE
    MODULE:  .\Obj\KeyPad.obj (KEYPAD)

*** WARNING L2: REFERENCE MADE TO UNRESOLVED EXTERNAL
    SYMBOL:  AUTO_MODE
    MODULE:  .\Obj\KeyPad.obj (KEYPAD)
    ADDRESS: 2E6DH

*** WARNING L2: REFERENCE MADE TO UNRESOLVED EXTERNAL
    SYMBOL:  AUTO_MODE
    MODULE:  .\Obj\KeyPad.obj (KEYPAD)
    ADDRESS: 2E78H

*** WARNING L2: REFERENCE MADE TO UNRESOLVED EXTERNAL
BL51 BANKED LINKER/LOCATER V6.22                                                      02/18/2019  11:06:49  PAGE 53


    SYMBOL:  AUTO_MODE
    MODULE:  .\Obj\KeyPad.obj (KEYPAD)
    ADDRESS: 2E7FH

Program Size: data=10.2 xdata=1579 code=19180
LINK/LOCATE RUN COMPLETE.  29 WARNING(S),  0 ERROR(S)
