BL51 BANKED LINKER/LOCATER V6.22                                                        09/18/2019  20:28:45  PAGE 1


BL51 BANKED LINKER/LOCATER V6.22, INVOKED BY:
C:\KEIL_V5\C51\BIN\BL51.EXE .\Obj\main.obj, .\Obj\PCF85063BTL.obj, .\Obj\LCd_Driver_SPLC780D.obj, .\Obj\KeyPad.obj, .\Ob
>> j\BipolarMotor.obj, .\Obj\SunPos.obj, .\Obj\ADC.obj, .\Obj\Calibration.obj, .\Obj\IOExpander_PI4IOE5V96248.obj, .\Obj
>> \AT25SF041.obj, .\Obj\SI1120.obj, .\Obj\UART1.obj, .\Obj\STARTUP.obj TO .\Obj\GPIO_RTC_Test RTX51TINY PRINT (.\Lis\GP
>> IO_RTC_Test.m51) RAMSIZE (256)


MEMORY MODEL: LARGE WITH FLOATING POINT ARITHMETIC


INPUT MODULES INCLUDED:
  .\Obj\main.obj (MAIN)
  .\Obj\PCF85063BTL.obj (PCF85063BTL)
  .\Obj\LCd_Driver_SPLC780D.obj (LCD_DRIVER_SPLC780D)
  .\Obj\KeyPad.obj (KEYPAD)
  .\Obj\BipolarMotor.obj (BIPOLARMOTOR)
  .\Obj\SunPos.obj (SUNPOS)
  .\Obj\ADC.obj (ADC)
  .\Obj\Calibration.obj (CALIBRATION)
  .\Obj\IOExpander_PI4IOE5V96248.obj (IOEXPANDER_PI4IOE5V96248)
  .\Obj\AT25SF041.obj (AT25SF041)
  .\Obj\SI1120.obj (SI1120)
  .\Obj\UART1.obj (UART1)
  .\Obj\STARTUP.obj (?C_STARTUP)
  C:\KEIL_V5\C51\LIB\C51FPL.LIB (?C?FPADD)
  C:\KEIL_V5\C51\LIB\C51FPL.LIB (?C?FPMUL)
  C:\KEIL_V5\C51\LIB\C51FPL.LIB (?C?FPDIV)
  C:\KEIL_V5\C51\LIB\C51FPL.LIB (?C?FPCMP)
  C:\KEIL_V5\C51\LIB\C51FPL.LIB (?C?FPNEG)
  C:\KEIL_V5\C51\LIB\C51FPL.LIB (?C?FCAST)
  C:\KEIL_V5\C51\LIB\C51FPL.LIB (?C?CASTF)
  C:\KEIL_V5\C51\LIB\C51FPL.LIB (PRINTF)
  C:\KEIL_V5\C51\LIB\C51FPL.LIB (FABS)
  C:\KEIL_V5\C51\LIB\C51FPL.LIB (ATAN2)
  C:\KEIL_V5\C51\LIB\C51FPL.LIB (SIN)
  C:\KEIL_V5\C51\LIB\C51FPL.LIB (ACOS)
  C:\KEIL_V5\C51\LIB\C51FPL.LIB (ASIN)
  C:\KEIL_V5\C51\LIB\C51FPL.LIB (POW)
  C:\KEIL_V5\C51\LIB\C51FPL.LIB (?C?FPGETOPN)
  C:\KEIL_V5\C51\LIB\C51FPL.LIB (?C?CHKFLOAT)
  C:\KEIL_V5\C51\LIB\C51FPL.LIB (?C?FPROUND)
  C:\KEIL_V5\C51\LIB\C51FPL.LIB (?C?FPCONVERT)
  C:\KEIL_V5\C51\LIB\C51FPL.LIB (?C?FPSERIES)
  C:\KEIL_V5\C51\LIB\C51FPL.LIB (EXP)
  C:\KEIL_V5\C51\LIB\C51FPL.LIB (LOG)
  C:\KEIL_V5\C51\LIB\C51FPL.LIB (SQRT)
  C:\KEIL_V5\C51\LIB\C51FPL.LIB (ATAN)
  C:\KEIL_V5\C51\LIB\C51FPL.LIB (?C?FTNPWR)
  C:\KEIL_V5\C51\LIB\C51L.LIB (?C_INIT)
  C:\KEIL_V5\C51\LIB\C51L.LIB (?C?COPY)
  C:\KEIL_V5\C51\LIB\C51L.LIB (?C?CLDPTR)
  C:\KEIL_V5\C51\LIB\C51L.LIB (?C?CLDOPTR)
  C:\KEIL_V5\C51\LIB\C51L.LIB (?C?CSTPTR)
  C:\KEIL_V5\C51\LIB\C51L.LIB (?C?IMUL)
  C:\KEIL_V5\C51\LIB\C51L.LIB (?C?UIDIV)
  C:\KEIL_V5\C51\LIB\C51L.LIB (?C?SIDIV)
  C:\KEIL_V5\C51\LIB\C51L.LIB (?C?ILDIX)
  C:\KEIL_V5\C51\LIB\C51L.LIB (?C?ILDOPTR)
BL51 BANKED LINKER/LOCATER V6.22                                                      09/18/2019  20:28:45  PAGE 2


  C:\KEIL_V5\C51\LIB\C51L.LIB (?C?ISTPTR)
  C:\KEIL_V5\C51\LIB\C51L.LIB (?C?LMUL)
  C:\KEIL_V5\C51\LIB\C51L.LIB (?C?SLDIV)
  C:\KEIL_V5\C51\LIB\C51L.LIB (?C?LNEG)
  C:\KEIL_V5\C51\LIB\C51L.LIB (?C?ULCMP)
  C:\KEIL_V5\C51\LIB\C51L.LIB (?C?LSHL)
  C:\KEIL_V5\C51\LIB\C51L.LIB (?C?LLDPTR)
  C:\KEIL_V5\C51\LIB\C51L.LIB (?C?LLDOPTR)
  C:\KEIL_V5\C51\LIB\C51L.LIB (?C?LSTPTR)
  C:\KEIL_V5\C51\LIB\C51L.LIB (?C?LSTOPTR)
  C:\KEIL_V5\C51\LIB\C51L.LIB (?C?LLDXDATA)
  C:\KEIL_V5\C51\LIB\C51L.LIB (?C?LLDCODE)
  C:\KEIL_V5\C51\LIB\C51L.LIB (?C?LLDXDATA0)
  C:\KEIL_V5\C51\LIB\C51L.LIB (?C?LLDCODE0)
  C:\KEIL_V5\C51\LIB\C51L.LIB (?C?LLDPTR0)
  C:\KEIL_V5\C51\LIB\C51L.LIB (?C?LSTXDATA)
  C:\KEIL_V5\C51\LIB\C51L.LIB (?C?LSTKXDATA)
  C:\KEIL_V5\C51\LIB\C51L.LIB (?C?LSTKPTR)
  C:\KEIL_V5\C51\LIB\C51L.LIB (?C?OFFXADD)
  C:\KEIL_V5\C51\LIB\C51L.LIB (?C?PLDIXDATA)
  C:\KEIL_V5\C51\LIB\C51L.LIB (?C?PSTXDATA)
  C:\KEIL_V5\C51\LIB\C51L.LIB (?C?CCASE)
  C:\KEIL_V5\C51\LIB\C51L.LIB (PUTCHAR)
  C:\KEIL_V5\C51\LIB\C51L.LIB (ABS)
  C:\KEIL_V5\C51\LIB\C51L.LIB (ATOI)
  C:\KEIL_V5\C51\LIB\C51L.LIB (?C?IILDX)
  C:\KEIL_V5\C51\LIB\C51L.LIB (?C?ULDIV)
  C:\KEIL_V5\C51\LIB\C51L.LIB (?C?LLDIDATA)
  C:\KEIL_V5\C51\LIB\C51L.LIB (?C?LLDPDATA)
  C:\KEIL_V5\C51\LIB\C51L.LIB (?C?LLDIDATA0)
  C:\KEIL_V5\C51\LIB\C51L.LIB (?C?LLDPDATA0)
  C:\KEIL_V5\C51\LIB\C51L.LIB (?C?LSTIDATA)
  C:\KEIL_V5\C51\LIB\C51L.LIB (?C?LSTPDATA)
  C:\KEIL_V5\C51\LIB\C51L.LIB (?C?LSTKIDATA)
  C:\KEIL_V5\C51\LIB\C51L.LIB (?C?LSTKPDATA)
  C:\KEIL_V5\C51\LIB\C51L.LIB (ISDIGIT)
  C:\KEIL_V5\C51\LIB\C51L.LIB (ISSPACE)


LINK MAP OF MODULE:  .\Obj\GPIO_RTC_Test (MAIN)


            TYPE    BASE      LENGTH    RELOCATION   SEGMENT NAME
            -----------------------------------------------------

            * * * * * * *   D A T A   M E M O R Y   * * * * * * *
            REG     0000H     0008H     ABSOLUTE     "REG BANK 0"
            DATA    0008H     0005H     UNIT         _DATA_GROUP_
                    000DH     0013H                  *** GAP ***
            BIT     0020H.0   0001H.2   UNIT         _BIT_GROUP_
            BIT     0021H.2   0000H.1   UNIT         ?BI?MAIN
            BIT     0021H.3   0000H.1   UNIT         ?BI?_ATOI?ATOI
                    0021H.4   0000H.4                *** GAP ***
            IDATA   0022H     0001H     UNIT         ?STACK

            * * * * * * *  X D A T A   M E M O R Y  * * * * * * *
            XDATA   0000H     03BCH     UNIT         ?XD?BIPOLARMOTOR
BL51 BANKED LINKER/LOCATER V6.22                                                      09/18/2019  20:28:45  PAGE 3


            XDATA   03BCH     0171H     UNIT         _XDATA_GROUP_
            XDATA   052DH     0121H     UNIT         ?XD?MAIN
            XDATA   064EH     0019H     UNIT         ?XD?KEYPAD
            XDATA   0667H     0005H     UNIT         ?XD?_ATOI?ATOI
            XDATA   066CH     0001H     UNIT         ?XD?UC_ACK?IOEXPANDER_PI4IOE5V96248
            XDATA   066DH     0001H     UNIT         ?XD?UC_NACK?IOEXPANDER_PI4IOE5V96248

            * * * * * * *   C O D E   M E M O R Y   * * * * * * *
            CODE    0000H     0003H     ABSOLUTE     
            CODE    0003H     0003H     ABSOLUTE     
            CODE    0006H     0005H     UNIT         ?PR?_UNIT?UART1
            CODE    000BH     0003H     ABSOLUTE     
            CODE    000EH     000DH     UNIT         ?PR?UART?MAIN
            CODE    001BH     0003H     ABSOLUTE     
            CODE    001EH     0005H     UNIT         ?PR?_ASCII_LETTER?UART1
            CODE    0023H     0003H     ABSOLUTE     
            CODE    0026H     23DBH     UNIT         ?PR?MAIN?MAIN
            CODE    2401H     0BC8H     UNIT         ?C?LIB_CODE
            CODE    2FC9H     07F7H     UNIT         ?PR?_FIND_REAL_MAX?CALIBRATION
            CODE    37C0H     07A2H     UNIT         ?PR?SUNPOS?SUNPOS
            CODE    3F62H     0645H     UNIT         ?PR?_UPDATE_POSITION?BIPOLARMOTOR
            CODE    45A7H     04FBH     UNIT         ?PR?_THEORICALJP_POSITION?BIPOLARMOTOR
            CODE    4AA2H     0483H     UNIT         ?PR?PRINTF?PRINTF
            CODE    4F25H     044AH     UNIT         ?PR?_AZIMUTH_CALCULATION?BIPOLARMOTOR
            CODE    536FH     0424H     UNIT         ?C_INITSEG
            CODE    5793H     038CH     UNIT         ?PR?KEY_PROCESS?KEYPAD
            CODE    5B1FH     036DH     UNIT         ?PR?_ELEVATION_CALCULATION?BIPOLARMOTOR
            CODE    5E8CH     01C7H     UNIT         ?PR?_CALIBRATION?CALIBRATION
            CODE    6053H     018DH     UNIT         ?PR?KEY_SCAN?KEYPAD
            CODE    61E0H     0189H     UNIT         ?PR?SPI_NOR_WRITE_DATA?AT25SF041
            CODE    6369H     0188H     UNIT         ?PR?SIN?SIN
            CODE    64F1H     0166H     UNIT         ?PR?_POW?POW
            CODE    6657H     0155H     UNIT         ?PR?_DISPLAY_POS?LCD_DRIVER_SPLC780D
            CODE    67ACH     0129H     UNIT         ?PR?LOG?LOG
            CODE    68D5H     0122H     UNIT         ?PR?ATAN?ATAN
            CODE    69F7H     0110H     UNIT         ?PR?_AT25SF041_READ?AT25SF041
            CODE    6B07H     0102H     UNIT         ?PR?_AT25SF041_WRITE?AT25SF041
            CODE    6C09H     00F5H     UNIT         ?PR?EXINT0?MAIN
            CODE    6CFEH     00DBH     UNIT         ?PR?_ATOI?ATOI
            CODE    6DD9H     00C3H     UNIT         ?PR?LINEAR_INTERPOLATE?BIPOLARMOTOR
            CODE    6E9CH     00BBH     UNIT         ?PR?VOLTAGE_IS_STABLE?CALIBRATION
            CODE    6F57H     00ADH     UNIT         ?PR?_WRITE_PI4IOE5V96248?IOEXPANDER_PI4IOE5V96248
            CODE    7004H     00ACH     UNIT         ?PR?SQRT?SQRT
            CODE    70B0H     00A1H     UNIT         ?PR?UCREAD_STATUS_REGISTER_BYTE1?AT25SF041
            CODE    7151H     009DH     UNIT         ?PR?_ATAN2?ATAN2
            CODE    71EEH     009CH     UNIT         ?PR?_MAX_VALUE?CALIBRATION
            CODE    728AH     009AH     UNIT         ?PR?EXP?EXP
            CODE    7324H     008CH     UNIT         ?C_C51STARTUP
            CODE    73B0H     0088H     UNIT         ?PR?_DAY_OF_YEAR?PCF85063BTL
            CODE    7438H     0079H     UNIT         ?PR?_WRITEDATA?LCD_DRIVER_SPLC780D
            CODE    74B1H     0072H     UNIT         ?PR?AT25SF041_WRITEENABLE?AT25SF041
            CODE    7523H     006FH     UNIT         ?PR?_READ_TIME?PCF85063BTL
            CODE    7592H     005AH     UNIT         ?PR?AT25SF041_CHIPERASE?AT25SF041
            CODE    75ECH     0059H     UNIT         ?PR?LCD_INIT?LCD_DRIVER_SPLC780D
            CODE    7645H     0055H     UNIT         ?CO?MAIN
            CODE    769AH     004AH     UNIT         ?PR?VONESTEPMOVE?BIPOLARMOTOR
            CODE    76E4H     004AH     UNIT         ?CO?UART1
BL51 BANKED LINKER/LOCATER V6.22                                                      09/18/2019  20:28:45  PAGE 4


            CODE    772EH     004AH     UNIT         ?PR?ACOS?ACOS
            CODE    7778H     0044H     UNIT         ?C?LDIV
            CODE    77BCH     0040H     UNIT         ?PR?_COMMAND?LCD_DRIVER_SPLC780D
            CODE    77FCH     0040H     UNIT         ?PR?_STEP_MOVE?BIPOLARMOTOR
            CODE    783CH     003BH     UNIT         ?PR?ASIN?ASIN
            CODE    7877H     0033H     UNIT         ?PR?_SENDSTRING?UART1
            CODE    78AAH     0031H     UNIT         ?PR?SI1120_CONFIG_MODE_VIRH?SI1120
            CODE    78DBH     002BH     UNIT         ?PR?_WAIT_MS_I2C?IOEXPANDER_PI4IOE5V96248
            CODE    7906H     002BH     UNIT         ?PR?_WAIT_MS_SPINOR?AT25SF041
            CODE    7931H     002AH     UNIT         ?PR?_ADC_GETRESULT?ADC
            CODE    795BH     0028H     UNIT         ?PR?_BCDTODEC1?BIPOLARMOTOR
            CODE    7983H     0028H     UNIT         ?PR?_MOVE?BIPOLARMOTOR
            CODE    79ABH     0028H     UNIT         ?CO?CALIBRATION
            CODE    79D3H     0027H     UNIT         ?PR?_I2C_SENDBYTE?IOEXPANDER_PI4IOE5V96248
            CODE    79FAH     0027H     UNIT         ?PR?PUTCHAR?PUTCHAR
            CODE    7A21H     0024H     UNIT         ?PR?_WAIT_MS?LCD_DRIVER_SPLC780D
            CODE    7A45H     0024H     UNIT         ?PR?_FINDCLOSESTSAMEDAYCALIBTIME?CALIBRATION
            CODE    7A69H     0024H     UNIT         ?PR?_UART1_SENDTOTCPSERVER?UART1
            CODE    7A8DH     0021H     UNIT         ?PR?TM0_ISR?MAIN
            CODE    7AAEH     0020H     UNIT         ?PR?_SPI_SENDBYTE?PCF85063BTL
            CODE    7ACEH     0020H     UNIT         ?PR?SPI_RECEIVEBYTE?PCF85063BTL
            CODE    7AEEH     001EH     UNIT         ?PR?_DELAY_MS?KEYPAD
            CODE    7B0CH     001DH     UNIT         ?PR?_DISPLAYLCD?LCD_DRIVER_SPLC780D
            CODE    7B29H     001AH     UNIT         ?PR?ADC_INIT?ADC
            CODE    7B43H     0018H     UNIT         ?PR?_SPI_WRITETIME?PCF85063BTL
            CODE    7B5BH     0017H     UNIT         ?PR?_ASCIITOBCD?UART1
            CODE    7B72H     0016H     UNIT         ?PR?I2C_ACK?IOEXPANDER_PI4IOE5V96248
            CODE    7B88H     0015H     UNIT         ?PR?_DISPLAY_LINE?LCD_DRIVER_SPLC780D
            CODE    7B9DH     0015H     UNIT         ?PR?VSETLOCATION?BIPOLARMOTOR
            CODE    7BB2H     0015H     UNIT         ?PR?I2C_STOP?IOEXPANDER_PI4IOE5V96248
            CODE    7BC7H     0014H     UNIT         ?PR?_PCF85063BTL_DELAY?PCF85063BTL
            CODE    7BDBH     0014H     UNIT         ?PR?_ISSPACE?ISSPACE
            CODE    7BEFH     0011H     UNIT         ?PR?_SPI_READTIME?PCF85063BTL
            CODE    7C00H     0011H     UNIT         ?PR?_BCDTODEC?PCF85063BTL
            CODE    7C11H     0011H     UNIT         ?PR?INITUART1?UART1
            CODE    7C22H     000FH     UNIT         ?PR?I2C_START?IOEXPANDER_PI4IOE5V96248
            CODE    7C31H     000FH     UNIT         ?PR?UC_NACK?IOEXPANDER_PI4IOE5V96248
            CODE    7C40H     000FH     UNIT         ?PR?_ISDIGIT?ISDIGIT
            CODE    7C4FH     000DH     UNIT         ?PR?SPI_INIT?PCF85063BTL
            CODE    7C5CH     000DH     UNIT         ?PR?ENABLE_EXTINT0?SI1120
            CODE    7C69H     000DH     UNIT         ?PR?_FABS?FABS
            CODE    7C76H     000CH     UNIT         ?PR?KEYPAD_IO_INIT?KEYPAD
            CODE    7C82H     000CH     UNIT         ?PR?_ABS?ABS
            CODE    7C8EH     000AH     UNIT         ?PR?LCD_RETURN_HOME?LCD_DRIVER_SPLC780D
            CODE    7C98H     000AH     UNIT         ?PR?LCD_CLEAR?LCD_DRIVER_SPLC780D
            CODE    7CA2H     0009H     UNIT         ?PR?TM1_ISR?MAIN
            CODE    7CABH     0009H     UNIT         ?PR?_SENDUART1?MAIN
            CODE    7CB4H     0009H     UNIT         ?PR?UART1_INITTCPCONN?UART1
            CODE    7CBDH     0006H     UNIT         ?PR?UC_ACK?IOEXPANDER_PI4IOE5V96248
            CODE    7CC3H     0006H     UNIT         ?PR?_TEN?UART1
            CODE    7CC9H     0001H     UNIT         ?PR?NOP?IOEXPANDER_PI4IOE5V96248
            CODE    7CCAH     0001H     UNIT         ?PR?_DECTOBCD?UART1



OVERLAY MAP OF MODULE:   .\Obj\GPIO_RTC_Test (MAIN)

BL51 BANKED LINKER/LOCATER V6.22                                                      09/18/2019  20:28:45  PAGE 5



SEGMENT                                             BIT_GROUP          DATA_GROUP          XDATA_GROUP
  +--> CALLED SEGMENT                            START    LENGTH     START    LENGTH     START    LENGTH
--------------------------------------------------------------------------------------------------------
?PR?EXINT0?MAIN                                  -----    -----      -----    -----      -----    -----
  +--> ?PR?_POW?POW

?PR?_POW?POW                                     -----    -----      -----    -----      03BCH    000AH
  +--> ?PR?LOG?LOG
  +--> ?PR?EXP?EXP

?PR?LOG?LOG                                      0020H.0  0000H.1    -----    -----      03C6H    0004H

*** NEW ROOT ***************************************************

?C_C51STARTUP                                    -----    -----      -----    -----      -----    -----
  +--> ?PR?MAIN?MAIN
  +--> ?C_INITSEG

?PR?MAIN?MAIN                                    -----    -----      -----    -----      03CAH    003EH
  +--> ?PR?LCD_INIT?LCD_DRIVER_SPLC780D
  +--> ?PR?SPI_INIT?PCF85063BTL
  +--> ?PR?KEYPAD_IO_INIT?KEYPAD
  +--> ?PR?ADC_INIT?ADC
  +--> ?PR?SI1120_CONFIG_MODE_VIRH?SI1120
  +--> ?PR?ENABLE_EXTINT0?SI1120
  +--> ?PR?VSETLOCATION?BIPOLARMOTOR
  +--> ?PR?_SPI_WRITETIME?PCF85063BTL
  +--> ?PR?_DELAY_MS?KEYPAD
  +--> ?PR?_DISPLAY_LINE?LCD_DRIVER_SPLC780D
  +--> ?PR?_WRITEDATA?LCD_DRIVER_SPLC780D
  +--> ?PR?INITUART1?UART1
  +--> ?PR?UART1_INITTCPCONN?UART1
  +--> ?CO?MAIN
  +--> ?PR?_UART1_SENDTOTCPSERVER?UART1
  +--> ?PR?KEY_PROCESS?KEYPAD
  +--> ?PR?_BCDTODEC1?BIPOLARMOTOR
  +--> ?PR?_COMMAND?LCD_DRIVER_SPLC780D
  +--> ?PR?_DISPLAY_POS?LCD_DRIVER_SPLC780D
  +--> ?PR?_DISPLAYLCD?LCD_DRIVER_SPLC780D
  +--> ?PR?_STEP_MOVE?BIPOLARMOTOR
  +--> ?PR?LCD_RETURN_HOME?LCD_DRIVER_SPLC780D
  +--> ?PR?_READ_TIME?PCF85063BTL
  +--> ?PR?_SENDSTRING?UART1
  +--> ?PR?_ELEVATION_CALCULATION?BIPOLARMOTOR
  +--> ?PR?_AZIMUTH_CALCULATION?BIPOLARMOTOR
  +--> ?PR?_AT25SF041_READ?AT25SF041
  +--> ?PR?_DAY_OF_YEAR?PCF85063BTL
  +--> ?PR?_THEORICALJP_POSITION?BIPOLARMOTOR
  +--> ?PR?PRINTF?PRINTF
  +--> ?PR?_CALIBRATION?CALIBRATION
  +--> ?PR?_WAIT_MS_SPINOR?AT25SF041
  +--> ?PR?AT25SF041_WRITEENABLE?AT25SF041
  +--> ?PR?_AT25SF041_WRITE?AT25SF041
  +--> ?PR?_ABS?ABS
  +--> ?PR?_FABS?FABS
  +--> ?PR?SPI_NOR_WRITE_DATA?AT25SF041
BL51 BANKED LINKER/LOCATER V6.22                                                      09/18/2019  20:28:45  PAGE 6


  +--> ?PR?_WAIT_MS?LCD_DRIVER_SPLC780D
  +--> ?PR?_UPDATE_POSITION?BIPOLARMOTOR
  +--> ?PR?LINEAR_INTERPOLATE?BIPOLARMOTOR
  +--> ?PR?_ADC_GETRESULT?ADC
  +--> ?PR?AT25SF041_CHIPERASE?AT25SF041
  +--> ?PR?LCD_CLEAR?LCD_DRIVER_SPLC780D

?PR?LCD_INIT?LCD_DRIVER_SPLC780D                 -----    -----      -----    -----      -----    -----
  +--> ?PR?_WAIT_MS?LCD_DRIVER_SPLC780D
  +--> ?PR?_COMMAND?LCD_DRIVER_SPLC780D

?PR?_COMMAND?LCD_DRIVER_SPLC780D                 -----    -----      -----    -----      -----    -----
  +--> ?PR?_WAIT_MS?LCD_DRIVER_SPLC780D

?PR?SI1120_CONFIG_MODE_VIRH?SI1120               -----    -----      -----    -----      -----    -----
  +--> ?PR?_WAIT_MS?LCD_DRIVER_SPLC780D

?PR?_SPI_WRITETIME?PCF85063BTL                   -----    -----      -----    -----      -----    -----
  +--> ?PR?_SPI_SENDBYTE?PCF85063BTL

?PR?_SPI_SENDBYTE?PCF85063BTL                    -----    -----      -----    -----      -----    -----
  +--> ?PR?_PCF85063BTL_DELAY?PCF85063BTL

?PR?_DISPLAY_LINE?LCD_DRIVER_SPLC780D            -----    -----      -----    -----      -----    -----
  +--> ?PR?_COMMAND?LCD_DRIVER_SPLC780D

?PR?_WRITEDATA?LCD_DRIVER_SPLC780D               -----    -----      -----    -----      0508H    0001H
  +--> ?PR?_WAIT_MS?LCD_DRIVER_SPLC780D

?PR?UART1_INITTCPCONN?UART1                      -----    -----      -----    -----      -----    -----
  +--> ?CO?UART1
  +--> ?PR?_SENDSTRING?UART1

?PR?_SENDSTRING?UART1                            -----    -----      -----    -----      04FDH    0003H
  +--> ?PR?_SENDUART1?MAIN

?PR?_UART1_SENDTOTCPSERVER?UART1                 -----    -----      -----    -----      0408H    0003H
  +--> ?CO?UART1
  +--> ?PR?_SENDSTRING?UART1
  +--> ?PR?_DELAY_MS?KEYPAD

?PR?KEY_PROCESS?KEYPAD                           -----    -----      -----    -----      0408H    0006H
  +--> ?PR?KEY_SCAN?KEYPAD
  +--> ?PR?_SPI_WRITETIME?PCF85063BTL
  +--> ?PR?LCD_CLEAR?LCD_DRIVER_SPLC780D
  +--> ?PR?_COMMAND?LCD_DRIVER_SPLC780D
  +--> ?PR?_WRITEDATA?LCD_DRIVER_SPLC780D

?PR?KEY_SCAN?KEYPAD                              -----    -----      -----    -----      040EH    0003H

?PR?LCD_CLEAR?LCD_DRIVER_SPLC780D                -----    -----      -----    -----      -----    -----
  +--> ?PR?_COMMAND?LCD_DRIVER_SPLC780D

?PR?_DISPLAY_POS?LCD_DRIVER_SPLC780D             -----    -----      -----    -----      04FDH    000BH
  +--> ?PR?_ABS?ABS
  +--> ?PR?_WRITEDATA?LCD_DRIVER_SPLC780D

BL51 BANKED LINKER/LOCATER V6.22                                                      09/18/2019  20:28:45  PAGE 7


?PR?_DISPLAYLCD?LCD_DRIVER_SPLC780D              -----    -----      -----    -----      0408H    0001H
  +--> ?PR?_WRITEDATA?LCD_DRIVER_SPLC780D

?PR?_STEP_MOVE?BIPOLARMOTOR                      0020H.2  0000H.1    -----    -----      0501H    0004H
  +--> ?PR?VONESTEPMOVE?BIPOLARMOTOR

?PR?VONESTEPMOVE?BIPOLARMOTOR                    0020H.3  0000H.1    -----    -----      -----    -----
  +--> ?PR?_WRITE_PI4IOE5V96248?IOEXPANDER_P...
  +--> ?PR?_DELAY_MS?KEYPAD

?PR?_WRITE_PI4IOE5V96248?IOEXPANDER_P...         -----    -----      -----    -----      0505H    0003H
  +--> ?PR?I2C_START?IOEXPANDER_PI4IOE5V96248
  +--> ?PR?_WAIT_MS_I2C?IOEXPANDER_PI4IOE5V9...
  +--> ?PR?_I2C_SENDBYTE?IOEXPANDER_PI4IOE5V...
  +--> ?PR?I2C_ACK?IOEXPANDER_PI4IOE5V96248
  +--> ?PR?I2C_STOP?IOEXPANDER_PI4IOE5V96248

?PR?I2C_START?IOEXPANDER_PI4IOE5V96248           -----    -----      -----    -----      -----    -----
  +--> ?PR?_WAIT_MS_I2C?IOEXPANDER_PI4IOE5V9...

?PR?_I2C_SENDBYTE?IOEXPANDER_PI4IOE5V...         -----    -----      -----    -----      -----    -----
  +--> ?PR?_WAIT_MS_I2C?IOEXPANDER_PI4IOE5V9...

?PR?I2C_ACK?IOEXPANDER_PI4IOE5V96248             -----    -----      -----    -----      0508H    0001H
  +--> ?PR?_WAIT_MS_I2C?IOEXPANDER_PI4IOE5V9...

?PR?I2C_STOP?IOEXPANDER_PI4IOE5V96248            -----    -----      -----    -----      -----    -----
  +--> ?PR?_WAIT_MS_I2C?IOEXPANDER_PI4IOE5V9...

?PR?LCD_RETURN_HOME?LCD_DRIVER_SPLC780D          -----    -----      -----    -----      -----    -----
  +--> ?PR?_COMMAND?LCD_DRIVER_SPLC780D

?PR?_READ_TIME?PCF85063BTL                       -----    -----      -----    -----      04FDH    000FH
  +--> ?PR?_SPI_READTIME?PCF85063BTL

?PR?_SPI_READTIME?PCF85063BTL                    -----    -----      -----    -----      -----    -----
  +--> ?PR?_SPI_SENDBYTE?PCF85063BTL
  +--> ?PR?SPI_RECEIVEBYTE?PCF85063BTL

?PR?SPI_RECEIVEBYTE?PCF85063BTL                  -----    -----      -----    -----      -----    -----
  +--> ?PR?_PCF85063BTL_DELAY?PCF85063BTL

?PR?_ELEVATION_CALCULATION?BIPOLARMOTOR          -----    -----      -----    -----      0408H    0005H
  +--> ?PR?_BCDTODEC1?BIPOLARMOTOR
  +--> ?PR?SUNPOS?SUNPOS
  +--> ?PR?SIN?SIN
  +--> ?PR?ASIN?ASIN

?PR?SUNPOS?SUNPOS                                -----    -----      -----    -----      0452H    005DH
  +--> ?PR?SIN?SIN
  +--> ?PR?_ATAN2?ATAN2
  +--> ?PR?ASIN?ASIN
  +--> ?PR?ACOS?ACOS

?PR?SIN?SIN                                      0020H.1  0000H.1    -----    -----      04AFH    0004H

?PR?_ATAN2?ATAN2                                 -----    -----      -----    -----      04AFH    0008H
BL51 BANKED LINKER/LOCATER V6.22                                                      09/18/2019  20:28:45  PAGE 8


  +--> ?PR?ATAN?ATAN

?PR?ATAN?ATAN                                    0020H.1  0000H.2    -----    -----      04B7H    0004H

?PR?ASIN?ASIN                                    -----    -----      -----    -----      -----    -----
  +--> ?PR?SQRT?SQRT
  +--> ?PR?ATAN?ATAN

?PR?SQRT?SQRT                                    -----    -----      -----    -----      04AFH    0004H

?PR?ACOS?ACOS                                    -----    -----      -----    -----      -----    -----
  +--> ?PR?SQRT?SQRT
  +--> ?PR?ATAN?ATAN

?PR?_AZIMUTH_CALCULATION?BIPOLARMOTOR            -----    -----      -----    -----      0408H    0009H
  +--> ?PR?_BCDTODEC1?BIPOLARMOTOR
  +--> ?PR?SUNPOS?SUNPOS
  +--> ?PR?SIN?SIN
  +--> ?PR?ASIN?ASIN

?PR?_AT25SF041_READ?AT25SF041                    -----    -----      -----    -----      0408H    0008H
  +--> ?PR?_WAIT_MS_SPINOR?AT25SF041
  +--> ?PR?UCREAD_STATUS_REGISTER_BYTE1?AT25...

?PR?UCREAD_STATUS_REGISTER_BYTE1?AT25...         -----    -----      -----    -----      041EH    0003H
  +--> ?PR?_WAIT_MS_SPINOR?AT25SF041

?PR?_DAY_OF_YEAR?PCF85063BTL                     -----    -----      -----    -----      -----    -----
  +--> ?PR?_BCDTODEC?PCF85063BTL

?PR?_THEORICALJP_POSITION?BIPOLARMOTOR           -----    -----      -----    -----      0452H    005CH
  +--> ?PR?LINEAR_INTERPOLATE?BIPOLARMOTOR

?PR?LINEAR_INTERPOLATE?BIPOLARMOTOR              -----    -----      -----    -----      04AEH    0014H

?PR?PRINTF?PRINTF                                0020H.1  0001H.1    0008H    0005H      04FDH    0030H
  +--> ?PR?PUTCHAR?PUTCHAR

?PR?_CALIBRATION?CALIBRATION                     -----    -----      -----    -----      0408H    0024H
  +--> ?PR?VOLTAGE_IS_STABLE?CALIBRATION
  +--> ?PR?_UPDATE_POSITION?BIPOLARMOTOR
  +--> ?PR?_FIND_REAL_MAX?CALIBRATION

?PR?VOLTAGE_IS_STABLE?CALIBRATION                -----    -----      -----    -----      042CH    0018H
  +--> ?PR?_ADC_GETRESULT?ADC
  +--> ?PR?_ABS?ABS

?PR?_UPDATE_POSITION?BIPOLARMOTOR                -----    -----      -----    -----      042CH    0026H
  +--> ?PR?_BCDTODEC1?BIPOLARMOTOR
  +--> ?PR?SUNPOS?SUNPOS
  +--> ?PR?SIN?SIN
  +--> ?PR?ASIN?ASIN
  +--> ?PR?_THEORICALJP_POSITION?BIPOLARMOTOR
  +--> ?PR?_FABS?FABS
  +--> ?PR?_MOVE?BIPOLARMOTOR

?PR?_MOVE?BIPOLARMOTOR                           0020H.1  0000H.1    -----    -----      04FDH    0004H
BL51 BANKED LINKER/LOCATER V6.22                                                      09/18/2019  20:28:45  PAGE 9


  +--> ?PR?_STEP_MOVE?BIPOLARMOTOR

?PR?_FIND_REAL_MAX?CALIBRATION                   -----    -----      -----    -----      042CH    00D1H
  +--> ?PR?_ADC_GETRESULT?ADC
  +--> ?PR?_WAIT_MS?LCD_DRIVER_SPLC780D
  +--> ?CO?CALIBRATION
  +--> ?PR?PRINTF?PRINTF
  +--> ?PR?_SENDSTRING?UART1
  +--> ?PR?_COMMAND?LCD_DRIVER_SPLC780D
  +--> ?PR?_WRITEDATA?LCD_DRIVER_SPLC780D
  +--> ?PR?_DISPLAY_POS?LCD_DRIVER_SPLC780D
  +--> ?PR?_MOVE?BIPOLARMOTOR
  +--> ?PR?_READ_TIME?PCF85063BTL
  +--> ?PR?_BCDTODEC1?BIPOLARMOTOR
  +--> ?PR?_MAX_VALUE?CALIBRATION

?PR?_MAX_VALUE?CALIBRATION                       -----    -----      -----    -----      04FDH    0004H

?PR?AT25SF041_WRITEENABLE?AT25SF041              -----    -----      -----    -----      0416H    0002H
  +--> ?PR?_WAIT_MS_SPINOR?AT25SF041
  +--> ?PR?UCREAD_STATUS_REGISTER_BYTE1?AT25...

?PR?_AT25SF041_WRITE?AT25SF041                   -----    -----      -----    -----      0416H    0008H
  +--> ?PR?_WAIT_MS_SPINOR?AT25SF041
  +--> ?PR?UCREAD_STATUS_REGISTER_BYTE1?AT25...

?PR?SPI_NOR_WRITE_DATA?AT25SF041                 -----    -----      -----    -----      0408H    000EH
  +--> ?PR?AT25SF041_WRITEENABLE?AT25SF041
  +--> ?PR?_AT25SF041_WRITE?AT25SF041
  +--> ?PR?_WAIT_MS_SPINOR?AT25SF041

?PR?AT25SF041_CHIPERASE?AT25SF041                -----    -----      -----    -----      0408H    0002H
  +--> ?PR?_WAIT_MS_SPINOR?AT25SF041
  +--> ?PR?UCREAD_STATUS_REGISTER_BYTE1?AT25...



SYMBOL TABLE OF MODULE:  .\Obj\GPIO_RTC_Test (MAIN)

  VALUE           TYPE          NAME
  ----------------------------------

  -------         MODULE        MAIN
  C:0000H         SYMBOL        _ICE_DUMMY_
  X:0535H         PUBLIC        calib_value
  D:0080H         PUBLIC        P0
  D:0090H         PUBLIC        P1
  D:00A0H         PUBLIC        P2
  D:00B0H         PUBLIC        P3
  D:00C0H         PUBLIC        P4
  D:00C8H         PUBLIC        P5
  X:0589H         SYMBOL        PressedKey
  B:00A8H.7       PUBLIC        EA
  D:00E8H         PUBLIC        P6
  X:058DH         PUBLIC        calib_stamp
  D:00F8H         PUBLIC        P7
  X:058EH         PUBLIC        sTempString
BL51 BANKED LINKER/LOCATER V6.22                                                      09/18/2019  20:28:45  PAGE 10


  X:0597H         PUBLIC        calib_bool
  X:05C1H         PUBLIC        pwm_time_min
  D:00A8H         PUBLIC        IE
  X:05C5H         PUBLIC        calib_time
  X:0619H         PUBLIC        pwm_time_max
  B:0090H.7       PUBLIC        Connect_Electronics_Load
  D:00B8H         PUBLIC        IP
  B:0098H.0       PUBLIC        RI
  B:00B0H.2       PUBLIC        INT0
  X:061DH         PUBLIC        months
  B:0098H.1       PUBLIC        TI
  C:000EH         PUBLIC        Uart
  D:00D8H         PUBLIC        CCON
  C:0026H         PUBLIC        main
  X:061EH         PUBLIC        found_1st_point
  X:0620H         PUBLIC        i_point1
  X:0622H         PUBLIC        i_point2
  X:0624H         PUBLIC        day_offset
  X:0626H         PUBLIC        count
  B:0090H.2       PUBLIC        Connect_IV_Load
  D:0099H         PUBLIC        SBUF
  X:0628H         PUBLIC        days
  X:0629H         PUBLIC        hours
  D:0098H         PUBLIC        SCON
  D:0089H         PUBLIC        TMOD
  D:0088H         PUBLIC        TCON
  B:00A0H.3       PUBLIC        P23
  X:062AH         SYMBOL        KeyCount
  X:062CH         PUBLIC        mins
  B:00C8H.5       PUBLIC        P55
  X:062DH         PUBLIC        diff_of_offset
  D:008EH         PUBLIC        AUXR
  C:7A8DH         PUBLIC        tm0_isr
  B:0090H.5       PUBLIC        SI1120_STX
  C:7CA2H         PUBLIC        tm1_isr
  B:0021H.2       PUBLIC        busy
  D:00E0H         PUBLIC        ACC
  B:00A8H.1       PUBLIC        ET0
  B:00A8H.3       PUBLIC        ET1
  X:0631H         PUBLIC        SPI_NOR_INTERNAL_FLASH_ADDR
  D:008CH         PUBLIC        TH0
  D:008DH         PUBLIC        TH1
  D:008AH         PUBLIC        TL0
  D:008BH         PUBLIC        TL1
  X:0635H         PUBLIC        ii
  X:0637H         PUBLIC        jj
  B:0088H.4       PUBLIC        TR0
  B:0088H.6       PUBLIC        TR1
  X:0639H         PUBLIC        old_mins
  C:6C09H         PUBLIC        exint0
  X:063AH         SYMBOL        KeyNum
  X:063BH         SYMBOL        KeyNum_Old
  X:063CH         PUBLIC        timer0_count
  X:063EH         PUBLIC        current_position
  X:0642H         PUBLIC        pwm_time
  X:0646H         PUBLIC        i
  X:0648H         PUBLIC        j
BL51 BANKED LINKER/LOCATER V6.22                                                      09/18/2019  20:28:45  PAGE 11


  X:064AH         PUBLIC        Enable_UpdateSPINOR
  X:064CH         PUBLIC        start_timer0_count
  X:064DH         PUBLIC        seconds
  D:00D0H         PUBLIC        PSW
  C:7CABH         PUBLIC        _SendUART1
  -------         PROC          TM0_ISR
  C:7A8DH         LINE#         110
  C:7A93H         LINE#         114
  C:7A96H         LINE#         115
  C:7A99H         LINE#         116
  C:7AA7H         LINE#         117
  -------         ENDPROC       TM0_ISR
  -------         PROC          TM1_ISR
  C:7CA2H         LINE#         118
  C:7CA2H         LINE#         120
  C:7CA4H         LINE#         122
  C:7CA7H         LINE#         123
  C:7CAAH         LINE#         124
  -------         ENDPROC       TM1_ISR
  -------         PROC          EXINT0
  C:6C09H         LINE#         125
  C:6C26H         LINE#         129
  C:6C29H         LINE#         130
  C:6C29H         LINE#         131
  C:6C2CH         LINE#         132
  C:6C2FH         LINE#         133
  C:6C31H         LINE#         134
  C:6C33H         LINE#         138
  C:6C36H         LINE#         141
  C:6C36H         LINE#         142
  C:6C38H         LINE#         144
  C:6C44H         LINE#         145
  C:6C9EH         LINE#         146
  C:6CDCH         LINE#         147
  C:6CE3H         LINE#         152
  C:6CE3H         LINE#         154
  -------         ENDPROC       EXINT0
  -------         PROC          MAIN
  -------         DO            
  X:052DH         SYMBOL        KeyCount
  X:052FH         SYMBOL        KeyNum_Old
  X:0530H         SYMBOL        KeyNum
  X:0531H         SYMBOL        PressedKey
  X:03CAH         SYMBOL        prox_flag
  X:03CBH         SYMBOL        iUse_prevday_calib_value
  X:03CDH         SYMBOL        max_ADC_Val_JP
  X:03CFH         SYMBOL        max_ADC_Val
  X:03D1H         SYMBOL        calib_point1
  X:03D9H         SYMBOL        calib_point2
  X:03E1H         SYMBOL        dat_to_store
  X:03ECH         SYMBOL        calib_day
  X:03EEH         SYMBOL        calib_count
  X:03F0H         SYMBOL        theorical_JP_max_pos
  X:03F4H         SYMBOL        elevation
  X:03F8H         SYMBOL        azimuth
  X:03FCH         SYMBOL        prev_elevation
  X:0400H         SYMBOL        prev_azimuth
BL51 BANKED LINKER/LOCATER V6.22                                                      09/18/2019  20:28:45  PAGE 12


  X:0404H         SYMBOL        JP_Pos_Offset
  -------         ENDDO         
  C:0026H         LINE#         156
  C:0026H         LINE#         157
  C:0026H         LINE#         162
  C:002CH         LINE#         163
  C:0031H         LINE#         165
  C:0039H         LINE#         169
  C:003FH         LINE#         170
  C:007BH         LINE#         181
  C:0083H         LINE#         182
  C:008AH         LINE#         183
  C:0090H         LINE#         185
  C:0096H         LINE#         197
  C:0099H         LINE#         198
  C:009CH         LINE#         199
  C:009FH         LINE#         201
  C:00A2H         LINE#         204
  C:00A5H         LINE#         205
  C:00A8H         LINE#         207
  C:00ABH         LINE#         209
  C:00AEH         LINE#         210
  C:00B1H         LINE#         211
  C:00B4H         LINE#         212
  C:00B6H         LINE#         213
  C:00B8H         LINE#         214
  C:00BBH         LINE#         215
  C:00BDH         LINE#         216
  C:00BFH         LINE#         218
  C:00C1H         LINE#         219
  C:00C8H         LINE#         220
  C:00CFH         LINE#         221
  C:00D6H         LINE#         222
  C:00DDH         LINE#         226
  C:00E4H         LINE#         227
  C:00E9H         LINE#         228
  C:00EEH         LINE#         229
  C:00F3H         LINE#         230
  C:00F8H         LINE#         231
  C:00FDH         LINE#         234
  C:0104H         LINE#         235
  C:0104H         LINE#         236
  C:0127H         LINE#         237
  C:0171H         LINE#         238
  C:0186H         LINE#         239
  C:01A3H         LINE#         240
  C:01A6H         LINE#         243
  C:01ADH         LINE#         246
  C:01B0H         LINE#         248
  C:01B7H         LINE#         249
  C:01C0H         LINE#         252
  C:01C0H         LINE#         253
  C:01C0H         LINE#         254
  C:01C3H         LINE#         255
  C:01CEH         LINE#         256
  C:01CEH         LINE#         257
  C:01D5H         LINE#         258
BL51 BANKED LINKER/LOCATER V6.22                                                      09/18/2019  20:28:45  PAGE 13


  C:01DCH         LINE#         259
  C:01E3H         LINE#         260
  C:01EAH         LINE#         261
  C:01EAH         LINE#         271
  C:01EAH         LINE#         275
  C:01EFH         LINE#         276
  C:01F4H         LINE#         278
  C:01F9H         LINE#         280
  C:01FEH         LINE#         281
  C:0203H         LINE#         284
  C:0214H         LINE#         286
  C:0219H         LINE#         287
  C:021EH         LINE#         289
  C:0225H         LINE#         290
  C:022DH         LINE#         291
  C:0232H         LINE#         292
  C:023AH         LINE#         293
  C:023FH         LINE#         294
  C:0249H         LINE#         295
  C:024EH         LINE#         296
  C:0256H         LINE#         298
  C:025EH         LINE#         299
  C:0263H         LINE#         300
  C:026DH         LINE#         301
  C:026DH         LINE#         302
  C:026FH         LINE#         303
  C:0271H         LINE#         304
  C:027BH         LINE#         305
  C:027BH         LINE#         306
  C:0280H         LINE#         307
  C:0280H         LINE#         319
  C:0294H         LINE#         320
  C:0294H         LINE#         321
  C:02A9H         LINE#         322
  C:02B8H         LINE#         323
  C:02B8H         LINE#         324
  C:02CBH         LINE#         325
  C:02CDH         LINE#         327
  C:02CDH         LINE#         328
  C:02E9H         LINE#         329
  C:02E9H         LINE#         330
  C:02EEH         LINE#         331
  C:02EEH         LINE#         332
  C:0302H         LINE#         333
  C:0302H         LINE#         336
  C:0317H         LINE#         337
  C:0326H         LINE#         338
  C:0326H         LINE#         339
  C:0339H         LINE#         340
  C:033BH         LINE#         342
  C:033BH         LINE#         343
  C:0357H         LINE#         344
  C:0357H         LINE#         345
  C:035CH         LINE#         346
  C:0362H         LINE#         347
  C:0362H         LINE#         349
  C:0384H         LINE#         350
BL51 BANKED LINKER/LOCATER V6.22                                                      09/18/2019  20:28:45  PAGE 14


  C:0384H         LINE#         351
  C:038EH         LINE#         352
  C:0394H         LINE#         353
  C:039BH         LINE#         354
  C:03A1H         LINE#         355
  C:03A8H         LINE#         356
  C:03A8H         LINE#         357
  C:03ABH         LINE#         359
  C:03ABH         LINE#         364
  C:03B3H         LINE#         365
  C:03EEH         LINE#         366
  C:040CH         LINE#         367
  C:040CH         LINE#         369
  C:0415H         LINE#         370
  C:041CH         LINE#         371
  C:0425H         LINE#         372
  C:042CH         LINE#         374
  C:042CH         LINE#         378
  C:0439H         LINE#         379
  C:0439H         LINE#         386
  C:0439H         LINE#         387
  C:0461H         LINE#         388
  C:0461H         LINE#         389
  C:0483H         LINE#         390
  C:0483H         LINE#         392
  C:04A9H         LINE#         393
  C:04CFH         LINE#         396
  C:0516H         LINE#         403
  C:0558H         LINE#         406
  C:059AH         LINE#         409
  C:0613H         LINE#         412
  C:061AH         LINE#         415
  C:062BH         LINE#         416
  C:0681H         LINE#         417
  C:068AH         LINE#         418
  C:0691H         LINE#         419
  C:069AH         LINE#         420
  C:06A3H         LINE#         421
  C:06AAH         LINE#         427
  C:06AAH         LINE#         433
  C:06AAH         LINE#         435
  C:0726H         LINE#         436
  C:073FH         LINE#         437
  C:0741H         LINE#         438
  C:0743H         LINE#         440
  C:07CDH         LINE#         446
  C:07FBH         LINE#         447
  C:07FBH         LINE#         450
  C:081EH         LINE#         451
  C:0833H         LINE#         452
  C:083DH         LINE#         454
  C:0840H         LINE#         457
  C:0840H         LINE#         458
  C:0866H         LINE#         459
  C:0866H         LINE#         460
  C:088EH         LINE#         461
  C:093DH         LINE#         462
BL51 BANKED LINKER/LOCATER V6.22                                                      09/18/2019  20:28:45  PAGE 15


  C:0963H         LINE#         463
  C:0A15H         LINE#         467
  C:0A15H         LINE#         468
  C:0A1DH         LINE#         469
  C:0A24H         LINE#         470
  C:0A27H         LINE#         473
  C:0A5CH         LINE#         474
  C:0A63H         LINE#         475
  C:0A66H         LINE#         477
  C:0AA0H         LINE#         478
  C:0ACCH         LINE#         480
  C:0AFBH         LINE#         482
  C:0B02H         LINE#         483
  C:0B09H         LINE#         484
  C:0B0CH         LINE#         487
  C:0B74H         LINE#         489
  C:0B7BH         LINE#         491
  C:0B82H         LINE#         492
  C:0B85H         LINE#         495
  C:0C44H         LINE#         497
  C:0C4BH         LINE#         498
  C:0C4BH         LINE#         500
  C:0C4DH         LINE#         502
  C:0C4DH         LINE#         504
  C:0C4DH         LINE#         505
  C:0C4DH         LINE#         506
  C:0C4DH         LINE#         526
  C:0C55H         LINE#         527
  C:0C5DH         LINE#         528
  C:0C65H         LINE#         529
  C:0C6DH         LINE#         531
  C:0C81H         LINE#         532
  C:0C97H         LINE#         533
  C:0CC7H         LINE#         534
  C:0CE7H         LINE#         536
  C:0CFBH         LINE#         537
  C:0D11H         LINE#         538
  C:0D41H         LINE#         539
  C:0D48H         LINE#         541
  C:0D6CH         LINE#         544
  C:0D97H         LINE#         546
  C:0DA0H         LINE#         547
  C:0DA7H         LINE#         548
  C:0DB0H         LINE#         549
  C:0DB9H         LINE#         550
  C:0DC0H         LINE#         552
  C:0DFDH         LINE#         554
  C:0E06H         LINE#         555
  C:0E0DH         LINE#         556
  C:0E16H         LINE#         557
  C:0E1FH         LINE#         558
  C:0E26H         LINE#         560
  C:0E51H         LINE#         562
  C:0E5AH         LINE#         563
  C:0E61H         LINE#         564
  C:0E6AH         LINE#         565
  C:0E73H         LINE#         566
BL51 BANKED LINKER/LOCATER V6.22                                                      09/18/2019  20:28:45  PAGE 16


  C:0E7AH         LINE#         568
  C:0EA5H         LINE#         570
  C:0EAEH         LINE#         571
  C:0EB5H         LINE#         572
  C:0EBEH         LINE#         573
  C:0EC5H         LINE#         574
  C:0ECEH         LINE#         575
  C:0ED5H         LINE#         577
  C:0ED7H         LINE#         582
  C:0F09H         LINE#         583
  C:0F09H         LINE#         584
  C:0F11H         LINE#         588
  C:0F11H         LINE#         589
  C:0F11H         LINE#         591
  C:0F36H         LINE#         592
  C:0F36H         LINE#         593
  C:0F58H         LINE#         594
  C:0F58H         LINE#         595
  C:0FD4H         LINE#         596
  C:0FD6H         LINE#         597
  C:0FD8H         LINE#         599
  C:1030H         LINE#         602
  C:103FH         LINE#         603
  C:103FH         LINE#         604
  C:103FH         LINE#         605
  C:103FH         LINE#         606
  C:103FH         LINE#         607
  C:103FH         LINE#         608
  C:103FH         LINE#         609
  C:103FH         LINE#         612
  C:103FH         LINE#         614
  C:103FH         LINE#         615
  C:103FH         LINE#         616
  C:103FH         LINE#         617
  C:103FH         LINE#         621
  C:103FH         LINE#         623
  C:103FH         LINE#         625
  C:103FH         LINE#         626
  C:103FH         LINE#         627
  C:103FH         LINE#         628
  C:103FH         LINE#         629
  C:103FH         LINE#         630
  C:103FH         LINE#         633
  C:103FH         LINE#         635
  C:103FH         LINE#         636
  C:103FH         LINE#         637
  C:103FH         LINE#         638
  C:103FH         LINE#         639
  C:103FH         LINE#         640
  C:103FH         LINE#         641
  C:103FH         LINE#         643
  C:1042H         LINE#         646
  C:1069H         LINE#         647
  C:1069H         LINE#         650
  C:108BH         LINE#         651
  C:108BH         LINE#         653
  C:1107H         LINE#         655
BL51 BANKED LINKER/LOCATER V6.22                                                      09/18/2019  20:28:45  PAGE 17


  C:1134H         LINE#         656
  C:114FH         LINE#         662
  C:1151H         LINE#         663
  C:1153H         LINE#         671
  C:1180H         LINE#         673
  C:11A7H         LINE#         674
  C:121BH         LINE#         676
  C:12A7H         LINE#         680
  C:12CAH         LINE#         681
  C:12CAH         LINE#         682
  C:1366H         LINE#         683
  C:1369H         LINE#         685
  C:1369H         LINE#         686
  C:1391H         LINE#         687
  C:1405H         LINE#         689
  C:1480H         LINE#         696
  C:152DH         LINE#         701
  C:1534H         LINE#         703
  C:1545H         LINE#         704
  C:1545H         LINE#         707
  C:1554H         LINE#         708
  C:1554H         LINE#         709
  C:15D2H         LINE#         710
  C:15DBH         LINE#         711
  C:15E2H         LINE#         712
  C:15EBH         LINE#         713
  C:15F4H         LINE#         714
  C:15FBH         LINE#         717
  C:1626H         LINE#         719
  C:162FH         LINE#         720
  C:1636H         LINE#         721
  C:163FH         LINE#         722
  C:1648H         LINE#         726
  C:164FH         LINE#         728
  C:167AH         LINE#         730
  C:1683H         LINE#         731
  C:168AH         LINE#         732
  C:1693H         LINE#         733
  C:169AH         LINE#         735
  C:16A3H         LINE#         736
  C:16AAH         LINE#         739
  C:16E8H         LINE#         741
  C:16F1H         LINE#         742
  C:16F8H         LINE#         743
  C:1701H         LINE#         744
  C:170AH         LINE#         745
  C:1711H         LINE#         746
  C:1711H         LINE#         748
  C:1711H         LINE#         750
  C:1711H         LINE#         751
  C:1711H         LINE#         753
  C:1711H         LINE#         757
  C:172DH         LINE#         758
  C:172DH         LINE#         759
  C:172FH         LINE#         762
  C:1732H         LINE#         764
  C:176FH         LINE#         765
BL51 BANKED LINKER/LOCATER V6.22                                                      09/18/2019  20:28:45  PAGE 18


  C:176FH         LINE#         766
  C:1771H         LINE#         771
  C:1771H         LINE#         772
  C:1777H         LINE#         773
  C:177AH         LINE#         776
  C:1791H         LINE#         778
  C:1798H         LINE#         780
  C:179FH         LINE#         781
  C:17A2H         LINE#         784
  C:17B9H         LINE#         785
  C:17B9H         LINE#         786
  C:17C8H         LINE#         787
  C:17C8H         LINE#         789
  C:17CBH         LINE#         791
  C:17CEH         LINE#         792
  C:17D5H         LINE#         794
  C:17F1H         LINE#         795
  C:17F1H         LINE#         796
  C:180EH         LINE#         797
  C:180EH         LINE#         798
  C:1814H         LINE#         799
  C:1817H         LINE#         802
  C:184CH         LINE#         803
  C:1853H         LINE#         804
  C:1856H         LINE#         806
  C:1890H         LINE#         807
  C:18A6H         LINE#         809
  C:18BFH         LINE#         811
  C:18C6H         LINE#         812
  C:18CDH         LINE#         813
  C:18D0H         LINE#         816
  C:1925H         LINE#         818
  C:192CH         LINE#         820
  C:1933H         LINE#         821
  C:1936H         LINE#         824
  C:19E2H         LINE#         826
  C:19E9H         LINE#         829
  C:19E9H         LINE#         830
  C:19FAH         LINE#         832
  C:19FAH         LINE#         836
  C:1A01H         LINE#         837
  C:1A01H         LINE#         840
  C:1A10H         LINE#         841
  C:1A10H         LINE#         842
  C:1A42H         LINE#         843
  C:1A42H         LINE#         844
  C:1AC1H         LINE#         846
  C:1AC8H         LINE#         847
  C:1ACBH         LINE#         849
  C:1B05H         LINE#         850
  C:1B1BH         LINE#         852
  C:1B34H         LINE#         854
  C:1B3BH         LINE#         855
  C:1B42H         LINE#         856
  C:1B45H         LINE#         858
  C:1B9AH         LINE#         859
  C:1BA1H         LINE#         861
BL51 BANKED LINKER/LOCATER V6.22                                                      09/18/2019  20:28:45  PAGE 19


  C:1BA8H         LINE#         862
  C:1BABH         LINE#         864
  C:1C57H         LINE#         865
  C:1C5EH         LINE#         867
  C:1C65H         LINE#         868
  C:1C68H         LINE#         870
  C:1C8CH         LINE#         871
  C:1C93H         LINE#         872
  C:1CA4H         LINE#         875
  C:1CB8H         LINE#         876
  C:1CCCH         LINE#         877
  C:1CDBH         LINE#         878
  C:1CDBH         LINE#         880
  C:1D07H         LINE#         881
  C:1D07H         LINE#         882
  C:1D34H         LINE#         889
  C:1D4FH         LINE#         892
  C:1D5EH         LINE#         893
  C:1D61H         LINE#         896
  C:1D91H         LINE#         897
  C:1D91H         LINE#         899
  C:1DBEH         LINE#         905
  C:1DD9H         LINE#         908
  C:1DE9H         LINE#         909
  C:1DEFH         LINE#         910
  C:1E03H         LINE#         911
  C:1E17H         LINE#         912
  C:1E1FH         LINE#         913
  C:1E2CH         LINE#         914
  C:1E2CH         LINE#         915
  C:1E50H         LINE#         916
  C:1E50H         LINE#         917
  C:1E9AH         LINE#         918
  C:1EA1H         LINE#         919
  C:1EA4H         LINE#         922
  C:1EC8H         LINE#         924
  C:1ECFH         LINE#         925
  C:1ED2H         LINE#         927
  C:1F05H         LINE#         928
  C:1F24H         LINE#         930
  C:1F46H         LINE#         932
  C:1F4DH         LINE#         934
  C:1F54H         LINE#         935
  C:1F57H         LINE#         937
  C:1FACH         LINE#         938
  C:1FB3H         LINE#         940
  C:1FBAH         LINE#         941
  C:1FBDH         LINE#         943
  C:2069H         LINE#         944
  C:2070H         LINE#         945
  C:2081H         LINE#         946
  C:2081H         LINE#         947
  C:2081H         LINE#         951
  C:20A3H         LINE#         952
  C:20B0H         LINE#         953
  C:20B0H         LINE#         954
  C:20D3H         LINE#         955
BL51 BANKED LINKER/LOCATER V6.22                                                      09/18/2019  20:28:45  PAGE 20


  C:20D3H         LINE#         956
  C:2123H         LINE#         957
  C:2123H         LINE#         958
  C:212AH         LINE#         959
  C:212DH         LINE#         961
  C:2167H         LINE#         962
  C:217DH         LINE#         964
  C:2196H         LINE#         966
  C:219DH         LINE#         967
  C:21A4H         LINE#         968
  C:21A7H         LINE#         970
  C:21FCH         LINE#         971
  C:2203H         LINE#         973
  C:220AH         LINE#         974
  C:220DH         LINE#         976
  C:22B9H         LINE#         977
  C:22C0H         LINE#         979
  C:22C7H         LINE#         980
  C:22CAH         LINE#         982
  C:22EEH         LINE#         983
  C:22F5H         LINE#         984
  C:22F5H         LINE#         985
  C:2306H         LINE#         986
  C:2306H         LINE#         987
  C:2306H         LINE#         988
  C:233FH         LINE#         989
  C:233FH         LINE#         993
  C:2346H         LINE#         994
  C:234DH         LINE#         995
  C:2353H         LINE#         996
  C:2359H         LINE#         997
  C:2359H         LINE#         998
  C:237CH         LINE#         999
  C:2391H         LINE#         1001
  C:23ABH         LINE#         1003
  C:23ABH         LINE#         1006
  C:23BAH         LINE#         1007
  C:23BAH         LINE#         1008
  C:23BDH         LINE#         1009
  C:23C4H         LINE#         1010
  C:23C9H         LINE#         1011
  C:23CEH         LINE#         1012
  C:23D3H         LINE#         1013
  C:23D8H         LINE#         1014
  C:23DDH         LINE#         1024
  C:23E0H         LINE#         1026
  C:23E3H         LINE#         1027
  C:23EAH         LINE#         1028
  C:23F4H         LINE#         1029
  C:23FBH         LINE#         1031
  C:23FEH         LINE#         1040
  C:23FEH         LINE#         1041
  -------         ENDPROC       MAIN
  -------         PROC          UART
  C:000EH         LINE#         1055
  C:000EH         LINE#         1057
  C:0011H         LINE#         1058
BL51 BANKED LINKER/LOCATER V6.22                                                      09/18/2019  20:28:45  PAGE 21


  C:0011H         LINE#         1059
  C:0013H         LINE#         1061
  C:0013H         LINE#         1062
  C:0016H         LINE#         1063
  C:0016H         LINE#         1064
  C:0018H         LINE#         1065
  C:001AH         LINE#         1066
  C:001AH         LINE#         1067
  -------         ENDPROC       UART
  -------         PROC          _SENDUART1
  D:0007H         SYMBOL        dat
  C:7CABH         LINE#         1069
  C:7CABH         LINE#         1070
  C:7CABH         LINE#         1071
  C:7CAEH         LINE#         1072
  C:7CB0H         LINE#         1073
  C:7CB1H         LINE#         1074
  C:7CB3H         LINE#         1075
  -------         ENDPROC       _SENDUART1
  -------         ENDMOD        MAIN

  -------         MODULE        PCF85063BTL
  C:0000H         SYMBOL        _ICE_DUMMY_
  D:0096H         PUBLIC        P2M0
  D:0080H         PUBLIC        P0
  D:0095H         PUBLIC        P2M1
  D:0090H         PUBLIC        P1
  D:00A0H         PUBLIC        P2
  D:00B0H         PUBLIC        P3
  D:00C0H         PUBLIC        P4
  D:00C8H         PUBLIC        P5
  D:00E8H         PUBLIC        P6
  B:00A0H.1       PUBLIC        PCF85063BTL_SDI
  D:00F8H         PUBLIC        P7
  B:00A0H.2       PUBLIC        PCF85063BTL_SCK
  B:00A0H.1       PUBLIC        PCF85063BTL_SDO
  D:00A8H         PUBLIC        IE
  C:7523H         PUBLIC        _Read_time
  C:7BCDH         PUBLIC        _PCF85063BTL_Delay
  D:00B8H         PUBLIC        IP
  D:00D8H         PUBLIC        CCON
  C:73B0H         PUBLIC        _Day_Of_Year
  C:7ACEH         PUBLIC        SPI_ReceiveByte
  D:0098H         PUBLIC        SCON
  D:0088H         PUBLIC        TCON
  C:7C00H         PUBLIC        _BCDtoDec
  B:00A0H.0       PUBLIC        PCF85063BTL_CS
  C:7BEFH         PUBLIC        _SPI_ReadTime
  C:7C4FH         PUBLIC        SPI_Init
  C:7B43H         PUBLIC        _SPI_WriteTime
  C:7AAEH         PUBLIC        _SPI_SendByte
  D:00D0H         PUBLIC        PSW
  C:7BC9H         SYMBOL        L?0048
  -------         PROC          L?0047
  -------         ENDPROC       L?0047
  C:7BC9H         SYMBOL        L?0048
  -------         PROC          _PCF85063BTL_DELAY
BL51 BANKED LINKER/LOCATER V6.22                                                      09/18/2019  20:28:45  PAGE 22


  D:0006H         SYMBOL        us
  C:7BCDH         LINE#         8
  C:7BCDH         LINE#         9
  C:7BCDH         LINE#         10
  C:7BD7H         LINE#         11
  C:7BD7H         LINE#         12
  C:7BD8H         LINE#         13
  C:7BDAH         LINE#         14
  -------         ENDPROC       _PCF85063BTL_DELAY
  -------         PROC          _SPI_SENDBYTE
  D:0005H         SYMBOL        dat
  -------         DO            
  D:0003H         SYMBOL        i
  -------         ENDDO         
  C:7AAEH         LINE#         17
  C:7AB0H         LINE#         18
  C:7AB0H         LINE#         20
  C:7AB2H         LINE#         21
  C:7AB2H         LINE#         22
  C:7AB4H         LINE#         23
  C:7AB8H         LINE#         24
  C:7AB8H         LINE#         25
  C:7ABAH         LINE#         26
  C:7ABCH         LINE#         28
  C:7ABCH         LINE#         29
  C:7ABEH         LINE#         30
  C:7ABEH         LINE#         31
  C:7AC1H         LINE#         32
  C:7AC1H         LINE#         33
  C:7AC4H         LINE#         34
  C:7AC8H         LINE#         35
  C:7ACDH         LINE#         36
  -------         ENDPROC       _SPI_SENDBYTE
  -------         PROC          SPI_RECEIVEBYTE
  -------         DO            
  D:0003H         SYMBOL        i
  D:0005H         SYMBOL        dat
  -------         ENDDO         
  C:7ACEH         LINE#         39
  C:7ACEH         LINE#         40
  C:7ACEH         LINE#         42
  C:7AD0H         LINE#         44
  C:7AD2H         LINE#         45
  C:7AD3H         LINE#         46
  C:7AD3H         LINE#         47
  C:7AD7H         LINE#         48
  C:7AD9H         LINE#         49
  C:7ADCH         LINE#         51
  C:7ADFH         LINE#         52
  C:7ADFH         LINE#         53
  C:7AE3H         LINE#         54
  C:7AE3H         LINE#         55
  C:7AE3H         LINE#         56
  C:7AE6H         LINE#         57
  C:7AEBH         LINE#         58
  C:7AEDH         LINE#         59
  -------         ENDPROC       SPI_RECEIVEBYTE
BL51 BANKED LINKER/LOCATER V6.22                                                      09/18/2019  20:28:45  PAGE 23


  -------         PROC          _SPI_READTIME
  D:0007H         SYMBOL        addr
  -------         DO            
  D:0006H         SYMBOL        dat
  -------         ENDDO         
  C:7BEFH         LINE#         61
  C:7BEFH         LINE#         62
  C:7BEFH         LINE#         64
  C:7BF1H         LINE#         65
  C:7BF3H         LINE#         66
  C:7BFAH         LINE#         67
  C:7BFDH         LINE#         68
  C:7BFFH         LINE#         69
  C:7BFFH         LINE#         70
  -------         ENDPROC       _SPI_READTIME
  -------         PROC          _SPI_WRITETIME
  D:0002H         SYMBOL        val
  D:0005H         SYMBOL        addr
  C:7B43H         LINE#         71
  C:7B45H         LINE#         72
  C:7B45H         LINE#         74
  C:7B47H         LINE#         75
  C:7B4EH         LINE#         76
  C:7B53H         LINE#         77
  C:7B58H         LINE#         78
  C:7B5AH         LINE#         79
  -------         ENDPROC       _SPI_WRITETIME
  -------         PROC          SPI_INIT
  C:7C4FH         LINE#         83
  C:7C4FH         LINE#         84
  C:7C4FH         LINE#         89
  C:7C52H         LINE#         90
  C:7C55H         LINE#         91
  C:7C57H         LINE#         92
  C:7C59H         LINE#         93
  C:7C5BH         LINE#         94
  -------         ENDPROC       SPI_INIT
  -------         PROC          _READ_TIME
  X:04FDH         SYMBOL        months
  X:0500H         SYMBOL        days
  X:0503H         SYMBOL        hours
  X:0506H         SYMBOL        mins
  X:0509H         SYMBOL        seconds
  C:7523H         LINE#         96
  C:752EH         LINE#         97
  C:752EH         LINE#         99
  C:7542H         LINE#         101
  C:7556H         LINE#         103
  C:756AH         LINE#         108
  C:757EH         LINE#         113
  -------         ENDPROC       _READ_TIME
  -------         PROC          _BCDTODEC
  D:0007H         SYMBOL        bcd
  -------         DO            
  D:0006H         SYMBOL        hi
  D:0007H         SYMBOL        lo
  -------         ENDDO         
BL51 BANKED LINKER/LOCATER V6.22                                                      09/18/2019  20:28:45  PAGE 24


  C:7C00H         LINE#         119
  C:7C00H         LINE#         120
  C:7C00H         LINE#         122
  C:7C05H         LINE#         123
  C:7C09H         LINE#         124
  C:7C10H         LINE#         125
  -------         ENDPROC       _BCDTODEC
  -------         PROC          _DAY_OF_YEAR
  D:0007H         SYMBOL        months_bcd
  D:0005H         SYMBOL        days_bcd
  -------         DO            
  D:0004H         SYMBOL        months
  D:0007H         SYMBOL        days
  -------         ENDDO         
  C:73B0H         LINE#         126
  C:73B0H         LINE#         127
  C:73B0H         LINE#         130
  C:73B5H         LINE#         132
  C:73BAH         LINE#         134
  C:73F3H         LINE#         135
  C:73F3H         LINE#         136
  C:73F3H         LINE#         137
  C:73F6H         LINE#         138
  C:73F6H         LINE#         139
  C:73F6H         LINE#         140
  C:73FBH         LINE#         141
  C:73FBH         LINE#         142
  C:73FBH         LINE#         143
  C:7400H         LINE#         144
  C:7400H         LINE#         145
  C:7400H         LINE#         146
  C:7405H         LINE#         147
  C:7405H         LINE#         148
  C:7405H         LINE#         149
  C:740AH         LINE#         150
  C:740AH         LINE#         151
  C:740AH         LINE#         152
  C:740FH         LINE#         153
  C:740FH         LINE#         154
  C:740FH         LINE#         155
  C:7414H         LINE#         156
  C:7414H         LINE#         157
  C:7414H         LINE#         158
  C:7419H         LINE#         159
  C:7419H         LINE#         160
  C:7419H         LINE#         161
  C:7421H         LINE#         162
  C:7421H         LINE#         163
  C:7421H         LINE#         164
  C:7426H         LINE#         165
  C:7426H         LINE#         166
  C:7426H         LINE#         167
  C:742BH         LINE#         168
  C:742BH         LINE#         169
  C:742BH         LINE#         170
  C:7434H         LINE#         171
  C:7434H         LINE#         172
BL51 BANKED LINKER/LOCATER V6.22                                                      09/18/2019  20:28:45  PAGE 25


  C:7434H         LINE#         173
  C:7437H         LINE#         174
  C:7437H         LINE#         175
  -------         ENDPROC       _DAY_OF_YEAR
  -------         ENDMOD        PCF85063BTL

  -------         MODULE        LCD_DRIVER_SPLC780D
  C:0000H         SYMBOL        _ICE_DUMMY_
  D:0092H         PUBLIC        P1M0
  D:0091H         PUBLIC        P1M1
  D:0080H         PUBLIC        P0
  D:0090H         PUBLIC        P1
  D:00A0H         PUBLIC        P2
  D:00B0H         PUBLIC        P3
  D:00C0H         PUBLIC        P4
  D:00C8H         PUBLIC        P5
  D:00E8H         PUBLIC        P6
  D:00F8H         PUBLIC        P7
  C:743CH         PUBLIC        _WriteData
  D:00A8H         PUBLIC        IE
  D:00B8H         PUBLIC        IP
  D:00D8H         PUBLIC        CCON
  B:00B0H.4       PUBLIC        LCD_D4
  B:00B0H.5       PUBLIC        LCD_D5
  B:00B0H.6       PUBLIC        LCD_D6
  C:7B0CH         PUBLIC        _DisplayLCD
  B:00B0H.7       PUBLIC        LCD_D7
  D:0098H         PUBLIC        SCON
  D:0088H         PUBLIC        TCON
  C:7C98H         PUBLIC        LCD_clear
  C:77BCH         PUBLIC        _Command
  C:7B88H         PUBLIC        _Display_Line
  C:75ECH         PUBLIC        LCD_Init
  C:7A27H         PUBLIC        _Wait_ms
  B:00C0H.0       PUBLIC        LCD_RS
  B:0090H.3       PUBLIC        LCD_RW
  C:7C8EH         PUBLIC        LCD_return_home
  C:6657H         PUBLIC        _Display_Pos
  B:00B0H.3       PUBLIC        LCD_E
  D:00D0H         PUBLIC        PSW
  -------         PROC          LCD_INIT
  C:75ECH         LINE#         9
  C:75ECH         LINE#         10
  C:75ECH         LINE#         11
  C:75EFH         LINE#         12
  C:75F2H         LINE#         14
  C:75F8H         LINE#         15
  C:75FDH         LINE#         17
  C:7604H         LINE#         18
  C:7609H         LINE#         20
  C:760CH         LINE#         21
  C:7611H         LINE#         23
  C:7614H         LINE#         24
  C:7619H         LINE#         26
  C:7620H         LINE#         29
  C:7625H         LINE#         30
  C:762AH         LINE#         32
BL51 BANKED LINKER/LOCATER V6.22                                                      09/18/2019  20:28:45  PAGE 26


  C:762FH         LINE#         33
  C:7634H         LINE#         35
  C:7639H         LINE#         36
  C:763EH         LINE#         37
  -------         ENDPROC       LCD_INIT
  C:7438H         SYMBOL        L?0035
  -------         PROC          L?0034
  -------         ENDPROC       L?0034
  C:7438H         SYMBOL        L?0035
  -------         PROC          _WRITEDATA
  X:0508H         SYMBOL        dat
  C:743CH         LINE#         40
  C:7441H         LINE#         41
  C:7441H         LINE#         46
  C:7443H         LINE#         47
  C:7445H         LINE#         49
  C:7453H         LINE#         50
  C:745FH         LINE#         51
  C:746BH         LINE#         52
  C:7475H         LINE#         53
  C:7477H         LINE#         54
  C:747EH         LINE#         55
  C:7480H         LINE#         57
  C:7490H         LINE#         58
  C:749BH         LINE#         59
  C:74A5H         LINE#         60
  C:74A9H         LINE#         62
  C:74A9H         LINE#         63
  C:74ACH         LINE#         64
  C:74AEH         LINE#         65
  C:74B0H         LINE#         67
  -------         ENDPROC       _WRITEDATA
  -------         PROC          _COMMAND
  D:0007H         SYMBOL        dat
  C:77BCH         LINE#         69
  C:77BCH         LINE#         70
  C:77BCH         LINE#         71
  C:77BEH         LINE#         72
  C:77C0H         LINE#         74
  C:77CAH         LINE#         75
  C:77CEH         LINE#         77
  C:77D0H         LINE#         78
  C:77D9H         LINE#         79
  C:77DDH         LINE#         81
  C:77DFH         LINE#         82
  C:77E6H         LINE#         83
  C:77EAH         LINE#         85
  C:77ECH         LINE#         86
  C:77F0H         LINE#         87
  C:77F4H         LINE#         89
  C:77F6H         LINE#         90
  C:77F6H         LINE#         91
  C:77F9H         LINE#         92
  C:77FBH         LINE#         93
  -------         ENDPROC       _COMMAND
  C:7A23H         SYMBOL        L?0037
  -------         PROC          L?0036
BL51 BANKED LINKER/LOCATER V6.22                                                      09/18/2019  20:28:45  PAGE 27


  -------         ENDPROC       L?0036
  C:7A23H         SYMBOL        L?0037
  -------         PROC          _WAIT_MS
  D:0006H         SYMBOL        ms
  -------         DO            
  D:0004H         SYMBOL        De_Cnt
  -------         ENDDO         
  C:7A27H         LINE#         95
  C:7A27H         LINE#         96
  C:7A27H         LINE#         98
  C:7A31H         LINE#         99
  C:7A31H         LINE#         100
  C:7A44H         LINE#         101
  C:7A44H         LINE#         102
  -------         ENDPROC       _WAIT_MS
  -------         PROC          _DISPLAYLCD
  D:0007H         SYMBOL        BCD
  -------         DO            
  D:0006H         SYMBOL        first_digit
  X:0408H         SYMBOL        second_digit
  -------         ENDDO         
  C:7B0CH         LINE#         103
  C:7B0CH         LINE#         104
  C:7B0CH         LINE#         106
  C:7B13H         LINE#         107
  C:7B1CH         LINE#         109
  C:7B21H         LINE#         111
  -------         ENDPROC       _DISPLAYLCD
  -------         PROC          LCD_RETURN_HOME
  C:7C8EH         LINE#         115
  C:7C8EH         LINE#         116
  C:7C8EH         LINE#         117
  C:7C93H         LINE#         118
  -------         ENDPROC       LCD_RETURN_HOME
  -------         PROC          LCD_CLEAR
  C:7C98H         LINE#         121
  C:7C98H         LINE#         122
  C:7C98H         LINE#         123
  C:7C9DH         LINE#         124
  -------         ENDPROC       LCD_CLEAR
  -------         PROC          _DISPLAY_LINE
  D:0006H         SYMBOL        line
  C:7B88H         LINE#         128
  C:7B88H         LINE#         129
  C:7B88H         LINE#         130
  C:7B8EH         LINE#         131
  C:7B8EH         LINE#         132
  C:7B90H         LINE#         133
  C:7B90H         LINE#         134
  C:7B92H         LINE#         136
  C:7B92H         LINE#         137
  C:7B97H         LINE#         138
  C:7B9CH         LINE#         139
  C:7B9CH         LINE#         140
  -------         ENDPROC       _DISPLAY_LINE
  -------         PROC          _DISPLAY_POS
  X:04FDH         SYMBOL        sign_dat
BL51 BANKED LINKER/LOCATER V6.22                                                      09/18/2019  20:28:45  PAGE 28


  -------         DO            
  X:0501H         SYMBOL        unit
  X:0502H         SYMBOL        ten
  X:0503H         SYMBOL        hundred
  X:0504H         SYMBOL        thousand
  X:0505H         SYMBOL        after_dot
  X:0506H         SYMBOL        dat
  -------         ENDDO         
  C:6657H         LINE#         142
  C:665DH         LINE#         143
  C:665DH         LINE#         147
  C:6679H         LINE#         148
  C:6693H         LINE#         149
  C:66B7H         LINE#         151
  C:6701H         LINE#         153
  C:6718H         LINE#         154
  C:672AH         LINE#         155
  C:674FH         LINE#         156
  C:6769H         LINE#         157
  C:6781H         LINE#         158
  C:6781H         LINE#         159
  C:6781H         LINE#         160
  C:6781H         LINE#         161
  C:6781H         LINE#         162
  C:6781H         LINE#         163
  C:6781H         LINE#         164
  C:6781H         LINE#         168
  C:6783H         LINE#         170
  C:6783H         LINE#         172
  C:6788H         LINE#         173
  C:678EH         LINE#         174
  C:6794H         LINE#         175
  C:679AH         LINE#         176
  C:67A0H         LINE#         177
  C:67A5H         LINE#         178
  C:67ABH         LINE#         182
  C:67ABH         LINE#         184
  -------         ENDPROC       _DISPLAY_POS
  -------         ENDMOD        LCD_DRIVER_SPLC780D

  -------         MODULE        KEYPAD
  C:0000H         SYMBOL        _ICE_DUMMY_
  D:0093H         PUBLIC        P0M1
  D:0080H         PUBLIC        P0
  D:0090H         PUBLIC        P1
  D:00A0H         PUBLIC        P2
  D:00B0H         PUBLIC        P3
  D:00C0H         PUBLIC        P4
  D:00C8H         PUBLIC        P5
  D:00E8H         PUBLIC        P6
  D:00F8H         PUBLIC        P7
  D:00A8H         PUBLIC        IE
  C:6053H         PUBLIC        Key_Scan
  D:00B8H         PUBLIC        IP
  D:00D8H         PUBLIC        CCON
  C:7C76H         PUBLIC        KeyPad_IO_Init
  C:7AEEH         PUBLIC        _Delay_ms
BL51 BANKED LINKER/LOCATER V6.22                                                      09/18/2019  20:28:45  PAGE 29


  D:0098H         PUBLIC        SCON
  D:0088H         PUBLIC        TCON
  X:065DH         PUBLIC        small_move
  X:065FH         PUBLIC        move
  X:0661H         PUBLIC        auto_mode
  X:0663H         PUBLIC        direction
  X:0665H         PUBLIC        SPI_NOR_ClearEnable
  C:5793H         PUBLIC        Key_Process
  D:00D0H         PUBLIC        PSW
  D:0094H         PUBLIC        P0M0
  -------         PROC          _DELAY_MS
  D:0006H         SYMBOL        ms
  -------         DO            
  D:0004H         SYMBOL        De_Cnt
  -------         ENDDO         
  C:7AEEH         LINE#         20
  C:7AEEH         LINE#         21
  C:7AEEH         LINE#         23
  C:7AF8H         LINE#         24
  C:7AF8H         LINE#         25
  C:7B0BH         LINE#         26
  C:7B0BH         LINE#         27
  -------         ENDPROC       _DELAY_MS
  -------         PROC          KEY_SCAN
  -------         DO            
  X:040EH         SYMBOL        KeyTemp1
  X:040FH         SYMBOL        KeyTemp2
  X:0410H         SYMBOL        KeyValue
  -------         ENDDO         
  C:6053H         LINE#         28
  C:6053H         LINE#         29
  C:6053H         LINE#         34
  C:6056H         LINE#         37
  C:6059H         LINE#         39
  C:6061H         LINE#         40
  C:6068H         LINE#         41
  C:6068H         LINE#         43
  C:606DH         LINE#         44
  C:6074H         LINE#         45
  C:6074H         LINE#         48
  C:6077H         LINE#         49
  C:607AH         LINE#         50
  C:607FH         LINE#         51
  C:6083H         LINE#         52
  C:6083H         LINE#         53
  C:608BH         LINE#         54
  C:608BH         LINE#         55
  C:608EH         LINE#         56
  C:6096H         LINE#         57
  C:6098H         LINE#         59
  C:60ACH         LINE#         60
  C:60ACH         LINE#         61
  C:60ACH         LINE#         62
  C:60ACH         LINE#         63
  C:60B2H         LINE#         65
  C:60B4H         LINE#         66
  C:60B4H         LINE#         67
BL51 BANKED LINKER/LOCATER V6.22                                                      09/18/2019  20:28:45  PAGE 30


  C:60B4H         LINE#         68
  C:60BAH         LINE#         70
  C:60BCH         LINE#         71
  C:60BCH         LINE#         72
  C:60BCH         LINE#         73
  C:60C2H         LINE#         75
  C:60C4H         LINE#         76
  C:60C4H         LINE#         77
  C:60C4H         LINE#         78
  C:60CAH         LINE#         80
  C:60CAH         LINE#         81
  C:60CAH         LINE#         82
  C:60CAH         LINE#         85
  C:60CDH         LINE#         86
  C:60D0H         LINE#         87
  C:60D8H         LINE#         88
  C:60DCH         LINE#         89
  C:60DCH         LINE#         90
  C:60E4H         LINE#         91
  C:60E4H         LINE#         92
  C:60E7H         LINE#         93
  C:60EFH         LINE#         94
  C:60F1H         LINE#         95
  C:6105H         LINE#         96
  C:6105H         LINE#         97
  C:6105H         LINE#         98
  C:6105H         LINE#         99
  C:610BH         LINE#         101
  C:610DH         LINE#         102
  C:610DH         LINE#         103
  C:610DH         LINE#         104
  C:6113H         LINE#         106
  C:6115H         LINE#         107
  C:6115H         LINE#         108
  C:6115H         LINE#         109
  C:611BH         LINE#         111
  C:611DH         LINE#         112
  C:611DH         LINE#         113
  C:611DH         LINE#         114
  C:6122H         LINE#         116
  C:6122H         LINE#         117
  C:6122H         LINE#         118
  C:6122H         LINE#         121
  C:6125H         LINE#         122
  C:6128H         LINE#         123
  C:6130H         LINE#         124
  C:6134H         LINE#         125
  C:6134H         LINE#         126
  C:613CH         LINE#         127
  C:613CH         LINE#         128
  C:613FH         LINE#         129
  C:6147H         LINE#         130
  C:6149H         LINE#         131
  C:615DH         LINE#         132
  C:615DH         LINE#         133
  C:615DH         LINE#         134
  C:615DH         LINE#         135
BL51 BANKED LINKER/LOCATER V6.22                                                      09/18/2019  20:28:45  PAGE 31


  C:6163H         LINE#         137
  C:6165H         LINE#         138
  C:6165H         LINE#         139
  C:6165H         LINE#         140
  C:616BH         LINE#         142
  C:616DH         LINE#         143
  C:616DH         LINE#         144
  C:616DH         LINE#         145
  C:6173H         LINE#         147
  C:6175H         LINE#         148
  C:6175H         LINE#         149
  C:6175H         LINE#         150
  C:617BH         LINE#         152
  C:617BH         LINE#         153
  C:617BH         LINE#         154
  C:617BH         LINE#         158
  C:617EH         LINE#         159
  C:6181H         LINE#         160
  C:6189H         LINE#         161
  C:618DH         LINE#         162
  C:618DH         LINE#         163
  C:6195H         LINE#         164
  C:6195H         LINE#         165
  C:6198H         LINE#         166
  C:61A0H         LINE#         167
  C:61A2H         LINE#         168
  C:61B6H         LINE#         169
  C:61B6H         LINE#         170
  C:61B6H         LINE#         171
  C:61B6H         LINE#         172
  C:61BCH         LINE#         174
  C:61BEH         LINE#         175
  C:61BEH         LINE#         176
  C:61BEH         LINE#         177
  C:61C4H         LINE#         179
  C:61C6H         LINE#         180
  C:61C6H         LINE#         181
  C:61C6H         LINE#         182
  C:61CCH         LINE#         184
  C:61CEH         LINE#         185
  C:61CEH         LINE#         186
  C:61CEH         LINE#         187
  C:61D4H         LINE#         189
  C:61D4H         LINE#         190
  C:61D4H         LINE#         191
  C:61D4H         LINE#         193
  C:61DAH         LINE#         194
  C:61DAH         LINE#         196
  C:61DAH         LINE#         197
  C:61DDH         LINE#         198
  C:61DDH         LINE#         199
  C:61DDH         LINE#         201
  C:61DDH         LINE#         202
  C:61DFH         LINE#         203
  C:61DFH         LINE#         204
  -------         ENDPROC       KEY_SCAN
  -------         PROC          KEY_PROCESS
BL51 BANKED LINKER/LOCATER V6.22                                                      09/18/2019  20:28:45  PAGE 32


  -------         DO            
  X:064EH         SYMBOL        KeyCount
  X:064FH         SYMBOL        KeyNum_Old
  X:0651H         SYMBOL        KeyNum
  X:0653H         SYMBOL        PressedKey
  X:0408H         SYMBOL        d
  D:0002H         SYMBOL        hours
  D:0006H         SYMBOL        mins
  X:040AH         SYMBOL        months
  X:040CH         SYMBOL        days
  -------         ENDDO         
  C:5793H         LINE#         205
  C:5793H         LINE#         206
  C:5793H         LINE#         210
  C:57A2H         LINE#         211
  C:57AFH         LINE#         213
  C:57B3H         LINE#         214
  C:57B3H         LINE#         215
  C:57B9H         LINE#         217
  C:57B9H         LINE#         218
  C:57D0H         LINE#         219
  C:57D0H         LINE#         220
  C:57DAH         LINE#         221
  C:57E0H         LINE#         223
  C:57E6H         LINE#         225
  C:57E6H         LINE#         226
  C:57FDH         LINE#         227
  C:57FDH         LINE#         228
  C:5802H         LINE#         230
  C:5802H         LINE#         231
  C:5812H         LINE#         232
  C:5812H         LINE#         233
  C:5818H         LINE#         235
  C:5818H         LINE#         236
  C:582AH         LINE#         237
  C:582AH         LINE#         238
  C:5834H         LINE#         239
  C:583CH         LINE#         241
  C:5845H         LINE#         243
  C:5845H         LINE#         252
  C:5864H         LINE#         253
  C:5864H         LINE#         254
  C:5883H         LINE#         255
  C:5889H         LINE#         256
  C:5891H         LINE#         257
  C:5891H         LINE#         259
  C:5892H         LINE#         265
  C:589EH         LINE#         266
  C:589EH         LINE#         267
  C:58BBH         LINE#         268
  C:58D2H         LINE#         269
  C:58E9H         LINE#         270
  C:58E9H         LINE#         271
  C:58FCH         LINE#         272
  C:590FH         LINE#         273
  C:590FH         LINE#         274
  C:590FH         LINE#         275
BL51 BANKED LINKER/LOCATER V6.22                                                      09/18/2019  20:28:45  PAGE 33


  C:5912H         LINE#         280
  C:5921H         LINE#         281
  C:5921H         LINE#         282
  C:5944H         LINE#         283
  C:5961H         LINE#         284
  C:596AH         LINE#         285
  C:596AH         LINE#         286
  C:5971H         LINE#         287
  C:5971H         LINE#         288
  C:5982H         LINE#         289
  C:5982H         LINE#         290
  C:5991H         LINE#         291
  C:5991H         LINE#         292
  C:5991H         LINE#         293
  C:5994H         LINE#         295
  C:5994H         LINE#         296
  C:59A0H         LINE#         297
  C:59A0H         LINE#         298
  C:59B2H         LINE#         299
  C:59B2H         LINE#         300
  C:59C2H         LINE#         301
  C:59C2H         LINE#         302
  C:59C2H         LINE#         304
  C:59C4H         LINE#         306
  C:59C4H         LINE#         307
  C:59D3H         LINE#         308
  C:59D3H         LINE#         309
  C:59E3H         LINE#         310
  C:59E3H         LINE#         311
  C:59E3H         LINE#         313
  C:59E3H         LINE#         315
  C:59E3H         LINE#         316
  C:59E5H         LINE#         318
  C:59E5H         LINE#         319
  C:59ECH         LINE#         320
  C:59ECH         LINE#         321
  C:59FBH         LINE#         322
  C:59FBH         LINE#         323
  C:5A0BH         LINE#         324
  C:5A0BH         LINE#         325
  C:5A0BH         LINE#         326
  C:5A0DH         LINE#         328
  C:5A0DH         LINE#         329
  C:5A1CH         LINE#         330
  C:5A1CH         LINE#         331
  C:5A2FH         LINE#         332
  C:5A42H         LINE#         333
  C:5A42H         LINE#         334
  C:5A42H         LINE#         335
  C:5A42H         LINE#         336
  C:5A4BH         LINE#         338
  C:5A4BH         LINE#         340
  C:5A85H         LINE#         341
  C:5A85H         LINE#         342
  C:5A8CH         LINE#         343
  C:5A8CH         LINE#         344
  C:5A96H         LINE#         345
BL51 BANKED LINKER/LOCATER V6.22                                                      09/18/2019  20:28:45  PAGE 34


  C:5A96H         LINE#         346
  C:5A99H         LINE#         347
  C:5A9EH         LINE#         348
  C:5AA3H         LINE#         349
  C:5AA8H         LINE#         350
  C:5AADH         LINE#         351
  C:5AB2H         LINE#         352
  C:5AB7H         LINE#         353
  C:5ABCH         LINE#         354
  C:5ABCH         LINE#         355
  C:5ABCH         LINE#         357
  C:5ADAH         LINE#         358
  C:5ADAH         LINE#         359
  C:5AE1H         LINE#         360
  C:5AE1H         LINE#         361
[...]
  C:625CH         LINE#         328
  C:625FH         LINE#         330
  C:6279H         LINE#         331
  C:6279H         LINE#         332
  C:6279H         LINE#         334
  C:627CH         LINE#         336
  C:6296H         LINE#         337
  C:6296H         LINE#         338
  C:6296H         LINE#         340
  C:6299H         LINE#         342
  C:62B3H         LINE#         343
  C:62B3H         LINE#         344
  C:62B3H         LINE#         346
  C:62B6H         LINE#         348
  C:62D0H         LINE#         349
  C:62D0H         LINE#         350
  C:62D0H         LINE#         352
  C:62D3H         LINE#         354
  C:62EDH         LINE#         355
  C:62EDH         LINE#         356
  C:62EDH         LINE#         358
  C:62F0H         LINE#         360
  C:630AH         LINE#         361
  C:630AH         LINE#         362
  C:630AH         LINE#         364
  C:630DH         LINE#         366
  C:6327H         LINE#         367
  C:6327H         LINE#         368
  C:6327H         LINE#         370
  C:632AH         LINE#         372
  C:6344H         LINE#         373
  C:634BH         LINE#         374
  -------         ENDPROC       SPI_NOR_WRITE_DATA
BL51 BANKED LINKER/LOCATER V6.22                                                      09/18/2019  20:28:45  PAGE 57


  -------         ENDMOD        AT25SF041

  -------         MODULE        SI1120
  C:0000H         SYMBOL        _ICE_DUMMY_
  D:0080H         PUBLIC        P0
  D:00B2H         PUBLIC        P3M0
  D:0090H         PUBLIC        P1
  D:00B1H         PUBLIC        P3M1
  D:00A0H         PUBLIC        P2
  D:00B0H         PUBLIC        P3
  D:00C0H         PUBLIC        P4
  D:00C8H         PUBLIC        P5
  B:00A8H.7       PUBLIC        EA
  D:00E8H         PUBLIC        P6
  D:00F8H         PUBLIC        P7
  D:00A8H         PUBLIC        IE
  D:00B8H         PUBLIC        IP
  C:78AAH         PUBLIC        SI1120_CONFIG_MODE_VIRH
  D:00D8H         PUBLIC        CCON
  D:0098H         PUBLIC        SCON
  D:0088H         PUBLIC        TCON
  C:7C5CH         PUBLIC        Enable_EXTINT0
  B:0090H.5       PUBLIC        SI1120_STX
  B:0088H.0       PUBLIC        IT0
  B:00A8H.0       PUBLIC        EX0
  B:0090H.4       PUBLIC        SI1120_MD
  B:0090H.6       PUBLIC        SI1120_SC
  D:00D0H         PUBLIC        PSW
  -------         PROC          SI1120_CONFIG_MODE_VIRH
  C:78AAH         LINE#         4
  C:78AAH         LINE#         5
  C:78AAH         LINE#         6
  C:78ACH         LINE#         7
  C:78AEH         LINE#         8
  C:78B0H         LINE#         10
  C:78B7H         LINE#         11
  C:78B9H         LINE#         13
  C:78BBH         LINE#         14
  C:78BDH         LINE#         16
  C:78C4H         LINE#         18
  C:78C6H         LINE#         20
  C:78CDH         LINE#         23
  C:78CFH         LINE#         25
  C:78D1H         LINE#         27
  C:78D8H         LINE#         29
  C:78DAH         LINE#         31
  -------         ENDPROC       SI1120_CONFIG_MODE_VIRH
  -------         PROC          ENABLE_EXTINT0
  C:7C5CH         LINE#         33
  C:7C5CH         LINE#         34
  C:7C5CH         LINE#         35
  C:7C5FH         LINE#         36
  C:7C62H         LINE#         37
  C:7C64H         LINE#         38
  C:7C66H         LINE#         39
  C:7C68H         LINE#         40
  -------         ENDPROC       ENABLE_EXTINT0
BL51 BANKED LINKER/LOCATER V6.22                                                      09/18/2019  20:28:45  PAGE 58


  -------         ENDMOD        SI1120

  -------         MODULE        UART1
  C:0000H         SYMBOL        _ICE_DUMMY_
  D:0080H         PUBLIC        P0
  D:0090H         PUBLIC        P1
  D:00A0H         PUBLIC        P2
  D:00B0H         PUBLIC        P3
  D:00C0H         PUBLIC        P4
  D:00C8H         PUBLIC        P5
  C:7A69H         PUBLIC        _uart1_SendToTCPServer
  B:00A8H.7       PUBLIC        EA
  D:00E8H         PUBLIC        P6
  D:00F8H         PUBLIC        P7
  C:7877H         PUBLIC        _SendString
  D:00A8H         PUBLIC        IE
  B:00A8H.4       PUBLIC        ES
  D:00B8H         PUBLIC        IP
  C:7B5BH         PUBLIC        _ASCIItoBCD
  D:00D8H         PUBLIC        CCON
  C:7C11H         PUBLIC        initUART1
  D:0098H         PUBLIC        SCON
  D:0088H         PUBLIC        TCON
  C:7CCAH         PUBLIC        _DectoBCD
  C:001EH         PUBLIC        _ASCII_Letter
  D:008EH         PUBLIC        AUXR
  C:0006H         PUBLIC        _unit
  C:7CC3H         PUBLIC        _ten
  D:00D6H         PUBLIC        T2H
  D:00D7H         PUBLIC        T2L
  C:7CB4H         PUBLIC        uart1_InitTCPConn
  D:00D0H         PUBLIC        PSW
  -------         PROC          INITUART1
  C:7C11H         LINE#         24
  C:7C11H         LINE#         25
  C:7C11H         LINE#         26
  C:7C14H         LINE#         27
  C:7C17H         LINE#         28
  C:7C1AH         LINE#         29
  C:7C1DH         LINE#         30
  C:7C1FH         LINE#         31
  C:7C21H         LINE#         33
  -------         ENDPROC       INITUART1
  -------         PROC          _SENDSTRING
  X:04FDH         SYMBOL        s
  C:7877H         LINE#         36
  C:7882H         LINE#         37
  C:7882H         LINE#         38
  C:7892H         LINE#         39
  C:7892H         LINE#         40
  C:78A7H         LINE#         41
  C:78A9H         LINE#         42
  -------         ENDPROC       _SENDSTRING
  -------         PROC          _TEN
  D:0007H         SYMBOL        BCD
  C:7CC3H         LINE#         44
  C:7CC3H         LINE#         45
BL51 BANKED LINKER/LOCATER V6.22                                                      09/18/2019  20:28:45  PAGE 59


  C:7CC3H         LINE#         46
  C:7CC8H         LINE#         47
  -------         ENDPROC       _TEN
  -------         PROC          _UNIT
  D:0007H         SYMBOL        BCD
  C:0006H         LINE#         48
  C:0006H         LINE#         49
  C:0006H         LINE#         53
  C:000AH         LINE#         54
  -------         ENDPROC       _UNIT
  -------         PROC          _DECTOBCD
  D:0007H         SYMBOL        dec
  C:7CCAH         LINE#         55
  C:7CCAH         LINE#         56
  C:7CCAH         LINE#         58
  C:7CCAH         LINE#         59
  -------         ENDPROC       _DECTOBCD
  -------         PROC          _ASCII_LETTER
  D:0007H         SYMBOL        dat
  C:001EH         LINE#         61
  C:001EH         LINE#         62
  C:001EH         LINE#         64
  C:0022H         LINE#         65
  -------         ENDPROC       _ASCII_LETTER
  -------         PROC          _ASCIITOBCD
  D:0001H         SYMBOL        ascii
  -------         DO            
  D:0007H         SYMBOL        dec_val
  D:0006H         SYMBOL        ten
  D:0007H         SYMBOL        unit
  -------         ENDDO         
  C:7B5BH         LINE#         67
  C:7B5BH         LINE#         68
  C:7B5BH         LINE#         70
  C:7B5EH         LINE#         71
  C:7B64H         LINE#         72
  C:7B6BH         LINE#         73
  C:7B71H         LINE#         75
  -------         ENDPROC       _ASCIITOBCD
  -------         PROC          UART1_INITTCPCONN
  C:7CB4H         LINE#         77
  C:7CB4H         LINE#         78
  C:7CB4H         LINE#         82
  -------         ENDPROC       UART1_INITTCPCONN
  -------         PROC          _UART1_SENDTOTCPSERVER
  X:0408H         SYMBOL        str
  C:7A69H         LINE#         85
  C:7A74H         LINE#         86
  C:7A74H         LINE#         87
  C:7A7DH         LINE#         88
  C:7A84H         LINE#         89
  -------         ENDPROC       _UART1_SENDTOTCPSERVER
  -------         ENDMOD        UART1

  -------         MODULE        ?C_STARTUP
  C:7324H         SEGMENT       ?C_C51STARTUP
  I:0022H         SEGMENT       ?STACK
BL51 BANKED LINKER/LOCATER V6.22                                                      09/18/2019  20:28:45  PAGE 60


  C:0000H         PUBLIC        ?C_STARTUP
  D:00E0H         SYMBOL        ACC
  D:00F0H         SYMBOL        B
  D:0083H         SYMBOL        DPH
  D:0082H         SYMBOL        DPL
  N:0000H         SYMBOL        IBPSTACK
  N:0100H         SYMBOL        IBPSTACKTOP
  N:0080H         SYMBOL        IDATALEN
  C:7327H         SYMBOL        IDATALOOP
  N:0000H         SYMBOL        PBPSTACK
  N:0100H         SYMBOL        PBPSTACKTOP
  N:0000H         SYMBOL        PDATALEN
  N:0000H         SYMBOL        PDATASTART
  N:0000H         SYMBOL        PPAGE
  N:0000H         SYMBOL        PPAGEENABLE
  D:00A0H         SYMBOL        PPAGE_SFR
  D:0081H         SYMBOL        SP
  C:7324H         SYMBOL        STARTUP1
  N:0000H         SYMBOL        XBPSTACK
  N:0000H         SYMBOL        XBPSTACKTOP
  N:0000H         SYMBOL        XDATALEN
  N:0000H         SYMBOL        XDATASTART
  C:0000H         LINE#         126
  C:7324H         LINE#         133
  C:7326H         LINE#         134
  C:7327H         LINE#         135
  C:7328H         LINE#         136
  C:732AH         LINE#         185
  C:732DH         LINE#         196
  -------         ENDMOD        ?C_STARTUP

  -------         MODULE        ?C?FPADD
  C:2408H         PUBLIC        ?C?FPADD
  C:2404H         PUBLIC        ?C?FPSUB
  -------         ENDMOD        ?C?FPADD

  -------         MODULE        ?C?FPMUL
  C:24F9H         PUBLIC        ?C?FPMUL
  -------         ENDMOD        ?C?FPMUL

  -------         MODULE        ?C?FPDIV
  C:2602H         PUBLIC        ?C?FPDIV
  -------         ENDMOD        ?C?FPDIV

  -------         MODULE        ?C?FPCMP
  C:26A1H         PUBLIC        ?C?FPCMP
  C:269FH         PUBLIC        ?C?FPCMP3
  -------         ENDMOD        ?C?FPCMP

  -------         MODULE        ?C?FPNEG
  C:2718H         PUBLIC        ?C?FPNEG
  -------         ENDMOD        ?C?FPNEG

  -------         MODULE        ?C?FCAST
  C:2733H         PUBLIC        ?C?FCASTC
  C:272EH         PUBLIC        ?C?FCASTI
  C:2729H         PUBLIC        ?C?FCASTL
BL51 BANKED LINKER/LOCATER V6.22                                                      09/18/2019  20:28:45  PAGE 61


  -------         ENDMOD        ?C?FCAST

  -------         MODULE        ?C?CASTF
  C:2767H         PUBLIC        ?C?CASTF
  -------         ENDMOD        ?C?CASTF

  -------         MODULE        PRINTF
  X:04FDH         PUBLIC        ?_PRINTF?BYTE
  X:04FDH         PUBLIC        ?_SPRINTF?BYTE
  C:4B0DH         PUBLIC        _PRINTF
  C:4B07H         PUBLIC        _SPRINTF
  -------         ENDMOD        PRINTF

  -------         MODULE        FABS
  C:7C69H         PUBLIC        _FABS
  -------         ENDMOD        FABS

  -------         MODULE        ATAN2
  X:04AFH         PUBLIC        ?_atan2?BYTE
  C:7151H         PUBLIC        _atan2
  -------         ENDMOD        ATAN2

  -------         MODULE        SIN
  C:63B1H         PUBLIC        _COS
  C:63C7H         PUBLIC        _SIN
  C:6403H         PUBLIC        _TAN
  -------         ENDMOD        SIN

  -------         MODULE        ACOS
  C:772EH         PUBLIC        _ACOS
  -------         ENDMOD        ACOS

  -------         MODULE        ASIN
  C:783CH         PUBLIC        _ASIN
  -------         ENDMOD        ASIN

  -------         MODULE        POW
  X:03BCH         PUBLIC        ?_pow?BYTE
  C:64F1H         PUBLIC        _pow
  -------         ENDMOD        POW

  -------         MODULE        ?C?CHKFLOAT
  C:27E8H         PUBLIC        ?C?CHKFLOAT
  -------         ENDMOD        ?C?CHKFLOAT

  -------         MODULE        ?C?FPROUND
  C:2802H         PUBLIC        ?C?FPROUND
  -------         ENDMOD        ?C?FPROUND

  -------         MODULE        ?C?FPCONVERT
  C:283FH         PUBLIC        ?C?FPCONVERT
  -------         ENDMOD        ?C?FPCONVERT

  -------         MODULE        EXP
  C:72C2H         PUBLIC        _EXP
  -------         ENDMOD        EXP

BL51 BANKED LINKER/LOCATER V6.22                                                      09/18/2019  20:28:45  PAGE 62


  -------         MODULE        LOG
  C:67E0H         PUBLIC        _LOG
  C:67DCH         PUBLIC        _LOG10
  -------         ENDMOD        LOG

  -------         MODULE        SQRT
  C:7008H         PUBLIC        _SQRT
  -------         ENDMOD        SQRT

  -------         MODULE        ATAN
  C:68F5H         PUBLIC        _ATAN
  -------         ENDMOD        ATAN

  -------         MODULE        ?C?FTNPWR
  C:29C1H         PUBLIC        ?C?FTNPWR
  -------         ENDMOD        ?C?FTNPWR

  -------         MODULE        ?C?COPY
  C:2AD1H         PUBLIC        ?C?COPY
  -------         ENDMOD        ?C?COPY

  -------         MODULE        ?C?CLDPTR
  C:2AF7H         PUBLIC        ?C?CLDPTR
  -------         ENDMOD        ?C?CLDPTR

  -------         MODULE        ?C?CLDOPTR
  C:2B10H         PUBLIC        ?C?CLDOPTR
  -------         ENDMOD        ?C?CLDOPTR

  -------         MODULE        ?C?CSTPTR
  C:2B3DH         PUBLIC        ?C?CSTPTR
  -------         ENDMOD        ?C?CSTPTR

  -------         MODULE        ?C?IMUL
  C:2B4FH         PUBLIC        ?C?IMUL
  -------         ENDMOD        ?C?IMUL

  -------         MODULE        ?C?UIDIV
  C:2B61H         PUBLIC        ?C?UIDIV
  -------         ENDMOD        ?C?UIDIV

  -------         MODULE        ?C?SIDIV
  C:2BB6H         PUBLIC        ?C?SIDIV
  -------         ENDMOD        ?C?SIDIV

  -------         MODULE        ?C?ILDIX
  C:2BECH         PUBLIC        ?C?ILDIX
  -------         ENDMOD        ?C?ILDIX

  -------         MODULE        ?C?ILDOPTR
  C:2C02H         PUBLIC        ?C?ILDOPTR
  -------         ENDMOD        ?C?ILDOPTR

  -------         MODULE        ?C?ISTPTR
  C:2C3AH         PUBLIC        ?C?ISTPTR
  -------         ENDMOD        ?C?ISTPTR

BL51 BANKED LINKER/LOCATER V6.22                                                      09/18/2019  20:28:45  PAGE 63


  -------         MODULE        ?C?LMUL
  C:2C59H         PUBLIC        ?C?LMUL
  -------         ENDMOD        ?C?LMUL

  -------         MODULE        ?C?SLDIV
  C:7778H         PUBLIC        ?C?SLDIV
  -------         ENDMOD        ?C?SLDIV

  -------         MODULE        ?C?LNEG
  C:2CA8H         PUBLIC        ?C?LNEG
  -------         ENDMOD        ?C?LNEG

  -------         MODULE        ?C?ULCMP
  C:2CB6H         PUBLIC        ?C?ULCMP
  -------         ENDMOD        ?C?ULCMP

  -------         MODULE        ?C?LSHL
  C:2CC7H         PUBLIC        ?C?LSHL
  -------         ENDMOD        ?C?LSHL

  -------         MODULE        ?C?LLDPTR
  C:2CDAH         PUBLIC        ?C?LLDPTR
  -------         ENDMOD        ?C?LLDPTR

  -------         MODULE        ?C?LLDOPTR
  C:2CFAH         PUBLIC        ?C?LLDOPTR
  -------         ENDMOD        ?C?LLDOPTR

  -------         MODULE        ?C?LSTPTR
  C:2D2AH         PUBLIC        ?C?LSTPTR
  -------         ENDMOD        ?C?LSTPTR

  -------         MODULE        ?C?LSTOPTR
  C:2D44H         PUBLIC        ?C?LSTOPTR
  -------         ENDMOD        ?C?LSTOPTR

  -------         MODULE        ?C?LLDXDATA
  C:2D68H         PUBLIC        ?C?LLDXDATA
  -------         ENDMOD        ?C?LLDXDATA

  -------         MODULE        ?C?LLDCODE
  C:2D74H         PUBLIC        ?C?LLDCODE
  -------         ENDMOD        ?C?LLDCODE

  -------         MODULE        ?C?LLDXDATA0
  C:2D84H         PUBLIC        ?C?LLDXDATA0
  -------         ENDMOD        ?C?LLDXDATA0

  -------         MODULE        ?C?LLDCODE0
  C:2D90H         PUBLIC        ?C?LLDCODE0
  -------         ENDMOD        ?C?LLDCODE0

  -------         MODULE        ?C?LLDPTR0
  C:2DA0H         PUBLIC        ?C?LLDPTR0
  -------         ENDMOD        ?C?LLDPTR0

  -------         MODULE        ?C?LSTXDATA
BL51 BANKED LINKER/LOCATER V6.22                                                      09/18/2019  20:28:45  PAGE 64


  C:2DC0H         PUBLIC        ?C?LSTXDATA
  -------         ENDMOD        ?C?LSTXDATA

  -------         MODULE        ?C?LSTKXDATA
  C:2DCCH         PUBLIC        ?C?LSTKXDATA
  -------         ENDMOD        ?C?LSTKXDATA

  -------         MODULE        ?C?LSTKPTR
  C:2DFDH         PUBLIC        ?C?LSTKPTR
  -------         ENDMOD        ?C?LSTKPTR

  -------         MODULE        ?C?OFFXADD
  C:2E17H         PUBLIC        ?C?OFFXADD
  -------         ENDMOD        ?C?OFFXADD

  -------         MODULE        ?C?PLDIXDATA
  C:2E23H         PUBLIC        ?C?PLDIXDATA
  -------         ENDMOD        ?C?PLDIXDATA

  -------         MODULE        ?C?PSTXDATA
  C:2E3AH         PUBLIC        ?C?PSTXDATA
  -------         ENDMOD        ?C?PSTXDATA

  -------         MODULE        ?C?CCASE
  C:2E43H         PUBLIC        ?C?CCASE
  -------         ENDMOD        ?C?CCASE

  -------         MODULE        PUTCHAR
  C:79FAH         PUBLIC        _PUTCHAR
  -------         ENDMOD        PUTCHAR

  -------         MODULE        ABS
  C:7C82H         PUBLIC        _ABS
  -------         ENDMOD        ABS

  -------         MODULE        ATOI
  C:6CFEH         PUBLIC        _atoi
  -------         ENDMOD        ATOI

  -------         MODULE        ?C?IILDX
  C:2E69H         PUBLIC        ?C?IILDX
  -------         ENDMOD        ?C?IILDX

  -------         MODULE        ?C?ULDIV
  C:2EBBH         PUBLIC        ?C?ULDIV
  -------         ENDMOD        ?C?ULDIV

  -------         MODULE        ?C?LLDIDATA
  C:2F4DH         PUBLIC        ?C?LLDIDATA
  -------         ENDMOD        ?C?LLDIDATA

  -------         MODULE        ?C?LLDPDATA
  C:2F59H         PUBLIC        ?C?LLDPDATA
  -------         ENDMOD        ?C?LLDPDATA

  -------         MODULE        ?C?LLDIDATA0
  C:2F65H         PUBLIC        ?C?LLDIDATA0
BL51 BANKED LINKER/LOCATER V6.22                                                      09/18/2019  20:28:45  PAGE 65


  -------         ENDMOD        ?C?LLDIDATA0

  -------         MODULE        ?C?LLDPDATA0
  C:2F72H         PUBLIC        ?C?LLDPDATA0
  -------         ENDMOD        ?C?LLDPDATA0

  -------         MODULE        ?C?LSTIDATA
  C:2F7FH         PUBLIC        ?C?LSTIDATA
  -------         ENDMOD        ?C?LSTIDATA

  -------         MODULE        ?C?LSTPDATA
  C:2F8BH         PUBLIC        ?C?LSTPDATA
  -------         ENDMOD        ?C?LSTPDATA

  -------         MODULE        ?C?LSTKIDATA
  C:2F97H         PUBLIC        ?C?LSTKIDATA
  -------         ENDMOD        ?C?LSTKIDATA

  -------         MODULE        ?C?LSTKPDATA
  C:2FB0H         PUBLIC        ?C?LSTKPDATA
  -------         ENDMOD        ?C?LSTKPDATA

  -------         MODULE        ISDIGIT
  C:7C40H         PUBLIC        _isdigit
  -------         ENDMOD        ISDIGIT

  -------         MODULE        ISSPACE
  C:7BDBH         PUBLIC        _isspace
  -------         ENDMOD        ISSPACE

*** WARNING L16: UNCALLED SEGMENT, IGNORED FOR OVERLAY PROCESS
    SEGMENT: ?PR?_FINDCLOSESTSAMEDAYCALIBTIME?CALIBRATION

*** WARNING L16: UNCALLED SEGMENT, IGNORED FOR OVERLAY PROCESS
    SEGMENT: ?PR?NOP?IOEXPANDER_PI4IOE5V96248

*** WARNING L16: UNCALLED SEGMENT, IGNORED FOR OVERLAY PROCESS
    SEGMENT: ?PR?UC_ACK?IOEXPANDER_PI4IOE5V96248

*** WARNING L16: UNCALLED SEGMENT, IGNORED FOR OVERLAY PROCESS
    SEGMENT: ?PR?UC_NACK?IOEXPANDER_PI4IOE5V96248

*** WARNING L16: UNCALLED SEGMENT, IGNORED FOR OVERLAY PROCESS
    SEGMENT: ?PR?_TEN?UART1

*** WARNING L16: UNCALLED SEGMENT, IGNORED FOR OVERLAY PROCESS
    SEGMENT: ?PR?_UNIT?UART1

*** WARNING L16: UNCALLED SEGMENT, IGNORED FOR OVERLAY PROCESS
    SEGMENT: ?PR?_DECTOBCD?UART1

*** WARNING L16: UNCALLED SEGMENT, IGNORED FOR OVERLAY PROCESS
    SEGMENT: ?PR?_ASCII_LETTER?UART1

*** WARNING L16: UNCALLED SEGMENT, IGNORED FOR OVERLAY PROCESS
    SEGMENT: ?PR?_ASCIITOBCD?UART1

BL51 BANKED LINKER/LOCATER V6.22                                                      09/18/2019  20:28:45  PAGE 66


Program Size: data=15.4 xdata=1646 code=31947
LINK/LOCATE RUN COMPLETE.  9 WARNING(S),  0 ERROR(S)
