BL51 BANKED LINKER/LOCATER V6.22                                                        02/18/2019  12:22:08  PAGE 1


BL51 BANKED LINKER/LOCATER V6.22, INVOKED BY:
C:\KEIL_V5\C51\BIN\BL51.EXE .\Obj\main.obj, .\Obj\PCF85063BTL.obj, .\Obj\UART1.obj, .\Obj\LCd_Driver_SPLC780D.obj, .\Obj
>> \KeyPad.obj, .\Obj\BipolarMotor.obj, .\Obj\SunPos.obj, .\Obj\ADC.obj, .\Obj\Calibration.obj, .\Obj\IOExpander_PI4IOE5
>> V96248.obj, .\Obj\AT25SF041.obj, .\Obj\STARTUP.obj TO .\Obj\GPIO_RTC_Test PRINT (.\Lis\GPIO_RTC_Test.m51) RAMSIZE (25
>> 6)


MEMORY MODEL: LARGE WITH FLOATING POINT ARITHMETIC


INPUT MODULES INCLUDED:
  .\Obj\main.obj (MAIN)
  .\Obj\PCF85063BTL.obj (PCF85063BTL)
  .\Obj\UART1.obj (UART1)
  .\Obj\LCd_Driver_SPLC780D.obj (LCD_DRIVER_SPLC780D)
  .\Obj\KeyPad.obj (KEYPAD)
  .\Obj\BipolarMotor.obj (BIPOLARMOTOR)
  .\Obj\SunPos.obj (SUNPOS)
  .\Obj\ADC.obj (ADC)
  .\Obj\Calibration.obj (CALIBRATION)
  .\Obj\IOExpander_PI4IOE5V96248.obj (IOEXPANDER_PI4IOE5V96248)
  .\Obj\AT25SF041.obj (AT25SF041)
  .\Obj\STARTUP.obj (?C_STARTUP)
  C:\KEIL_V5\C51\LIB\C51FPL.LIB (?C?FPADD)
  C:\KEIL_V5\C51\LIB\C51FPL.LIB (?C?FPMUL)
  C:\KEIL_V5\C51\LIB\C51FPL.LIB (?C?FPDIV)
  C:\KEIL_V5\C51\LIB\C51FPL.LIB (?C?FPCMP)
  C:\KEIL_V5\C51\LIB\C51FPL.LIB (?C?FPNEG)
  C:\KEIL_V5\C51\LIB\C51FPL.LIB (?C?FCAST)
  C:\KEIL_V5\C51\LIB\C51FPL.LIB (?C?CASTF)
  C:\KEIL_V5\C51\LIB\C51FPL.LIB (ATAN2)
  C:\KEIL_V5\C51\LIB\C51FPL.LIB (SIN)
  C:\KEIL_V5\C51\LIB\C51FPL.LIB (ACOS)
  C:\KEIL_V5\C51\LIB\C51FPL.LIB (ASIN)
  C:\KEIL_V5\C51\LIB\C51FPL.LIB (?C?FPGETOPN)
  C:\KEIL_V5\C51\LIB\C51FPL.LIB (?C?FPSERIES)
  C:\KEIL_V5\C51\LIB\C51FPL.LIB (SQRT)
  C:\KEIL_V5\C51\LIB\C51FPL.LIB (ATAN)
  C:\KEIL_V5\C51\LIB\C51L.LIB (?C_INIT)
  C:\KEIL_V5\C51\LIB\C51L.LIB (?C?COPY)
  C:\KEIL_V5\C51\LIB\C51L.LIB (?C?CLDPTR)
  C:\KEIL_V5\C51\LIB\C51L.LIB (?C?CLDOPTR)
  C:\KEIL_V5\C51\LIB\C51L.LIB (?C?CSTPTR)
  C:\KEIL_V5\C51\LIB\C51L.LIB (?C?IMUL)
  C:\KEIL_V5\C51\LIB\C51L.LIB (?C?UIDIV)
  C:\KEIL_V5\C51\LIB\C51L.LIB (?C?SIDIV)
  C:\KEIL_V5\C51\LIB\C51L.LIB (?C?IILDX)
  C:\KEIL_V5\C51\LIB\C51L.LIB (?C?ILDIX)
  C:\KEIL_V5\C51\LIB\C51L.LIB (?C?ILDOPTR)
  C:\KEIL_V5\C51\LIB\C51L.LIB (?C?ISTPTR)
  C:\KEIL_V5\C51\LIB\C51L.LIB (?C?LMUL)
  C:\KEIL_V5\C51\LIB\C51L.LIB (?C?SLDIV)
  C:\KEIL_V5\C51\LIB\C51L.LIB (?C?LNEG)
  C:\KEIL_V5\C51\LIB\C51L.LIB (?C?ULCMP)
  C:\KEIL_V5\C51\LIB\C51L.LIB (?C?LSHL)
  C:\KEIL_V5\C51\LIB\C51L.LIB (?C?LLDPTR)
  C:\KEIL_V5\C51\LIB\C51L.LIB (?C?LLDOPTR)
  C:\KEIL_V5\C51\LIB\C51L.LIB (?C?LSTPTR)
BL51 BANKED LINKER/LOCATER V6.22                                                      02/18/2019  12:22:08  PAGE 2


  C:\KEIL_V5\C51\LIB\C51L.LIB (?C?LSTOPTR)
  C:\KEIL_V5\C51\LIB\C51L.LIB (?C?LLDXDATA)
  C:\KEIL_V5\C51\LIB\C51L.LIB (?C?LLDCODE)
  C:\KEIL_V5\C51\LIB\C51L.LIB (?C?LLDXDATA0)
  C:\KEIL_V5\C51\LIB\C51L.LIB (?C?LLDCODE0)
  C:\KEIL_V5\C51\LIB\C51L.LIB (?C?LLDPTR0)
  C:\KEIL_V5\C51\LIB\C51L.LIB (?C?LSTXDATA)
  C:\KEIL_V5\C51\LIB\C51L.LIB (?C?LSTKXDATA)
  C:\KEIL_V5\C51\LIB\C51L.LIB (?C?LSTKPTR)
  C:\KEIL_V5\C51\LIB\C51L.LIB (?C?OFFXADD)
  C:\KEIL_V5\C51\LIB\C51L.LIB (ABS)
  C:\KEIL_V5\C51\LIB\C51L.LIB (ATOI)
  C:\KEIL_V5\C51\LIB\C51L.LIB (?C?ULDIV)
  C:\KEIL_V5\C51\LIB\C51L.LIB (?C?LLDIDATA)
  C:\KEIL_V5\C51\LIB\C51L.LIB (?C?LLDPDATA)
  C:\KEIL_V5\C51\LIB\C51L.LIB (?C?LLDIDATA0)
  C:\KEIL_V5\C51\LIB\C51L.LIB (?C?LLDPDATA0)
  C:\KEIL_V5\C51\LIB\C51L.LIB (?C?LSTIDATA)
  C:\KEIL_V5\C51\LIB\C51L.LIB (?C?LSTPDATA)
  C:\KEIL_V5\C51\LIB\C51L.LIB (?C?LSTKIDATA)
  C:\KEIL_V5\C51\LIB\C51L.LIB (?C?LSTKPDATA)
  C:\KEIL_V5\C51\LIB\C51L.LIB (ISDIGIT)
  C:\KEIL_V5\C51\LIB\C51L.LIB (ISSPACE)


LINK MAP OF MODULE:  .\Obj\GPIO_RTC_Test (MAIN)


            TYPE    BASE      LENGTH    RELOCATION   SEGMENT NAME
            -----------------------------------------------------

            * * * * * * *   D A T A   M E M O R Y   * * * * * * *
            REG     0000H     0008H     ABSOLUTE     "REG BANK 0"
                    0008H     0018H                  *** GAP ***
            BIT     0020H.0   0000H.5   UNIT         ?BI?KEYPAD
            BIT     0020H.5   0000H.3   UNIT         _BIT_GROUP_
            BIT     0021H.0   0000H.1   UNIT         ?BI?MAIN
            BIT     0021H.1   0000H.1   UNIT         ?BI?_ATOI?ATOI
                    0021H.2   0000H.6                *** GAP ***
            IDATA   0022H     0001H     UNIT         ?STACK

            * * * * * * *  X D A T A   M E M O R Y  * * * * * * *
            XDATA   0000H     038FH     UNIT         ?XD?BIPOLARMOTOR
            XDATA   038FH     014DH     UNIT         _XDATA_GROUP_
            XDATA   04DCH     00D4H     UNIT         ?XD?MAIN
            XDATA   05B0H     0040H     UNIT         ?XD?_FINDDET4X4?BIPOLARMOTOR
            XDATA   05F0H     0024H     UNIT         ?XD?_FINDDET3X3?BIPOLARMOTOR
            XDATA   0614H     0009H     UNIT         ?XD?KEYPAD
            XDATA   061DH     0008H     UNIT         ?XD?_AT25SF041_READ?AT25SF041
            XDATA   0625H     0005H     UNIT         ?XD?_ATOI?ATOI
            XDATA   062AH     0004H     UNIT         ?XD?_DISPLAY_PROX?MAIN
            XDATA   062EH     0003H     UNIT         ?XD?_SENDSTRING?UART1
            XDATA   0631H     0003H     UNIT         ?XD?READ_STATUS_REGISTER_BYTE1?AT25SF041
            XDATA   0634H     0002H     UNIT         ?XD?AT25SF041_CHIPERASE?AT25SF041
            XDATA   0636H     0001H     UNIT         ?XD?UC_ACK?IOEXPANDER_PI4IOE5V96248
            XDATA   0637H     0001H     UNIT         ?XD?UC_NACK?IOEXPANDER_PI4IOE5V96248

BL51 BANKED LINKER/LOCATER V6.22                                                      02/18/2019  12:22:08  PAGE 3


            * * * * * * *   C O D E   M E M O R Y   * * * * * * *
            CODE    0000H     0003H     ABSOLUTE     
            CODE    0003H     0006H     UNIT         ?PR?_TEN?UART1
            CODE    0009H     0001H     UNIT         ?PR?TM0_ISR?MAIN
            CODE    000AH     0001H     UNIT         ?PR?_DECTOBCD?UART1
            CODE    000BH     0003H     ABSOLUTE     
            CODE    000EH     0B00H     UNIT         ?PR?_UPDATE_POSITION?BIPOLARMOTOR
            CODE    0B0EH     09BEH     UNIT         ?PR?MAIN?MAIN
            CODE    14CCH     09B6H     UNIT         ?C?LIB_CODE
            CODE    1E82H     07A2H     UNIT         ?PR?SUNPOS?SUNPOS
            CODE    2624H     03F2H     UNIT         ?C_INITSEG
            CODE    2A16H     0309H     UNIT         ?PR?_FIND_REAL_MAX?CALIBRATION
            CODE    2D1FH     02C0H     UNIT         ?PR?_FINDDET4X4?BIPOLARMOTOR
            CODE    2FDFH     02A0H     UNIT         ?PR?KEY_PROCESS?KEYPAD
            CODE    327FH     01F6H     UNIT         ?PR?_SPI_NOR_WRITE_DATA?AT25SF041
            CODE    3475H     01D1H     UNIT         ?PR?_FINDDET3X3?BIPOLARMOTOR
            CODE    3646H     018DH     UNIT         ?PR?KEY_SCAN?KEYPAD
            CODE    37D3H     0188H     UNIT         ?PR?SIN?SIN
            CODE    395BH     0172H     UNIT         ?PR?_DISPLAY_POS?MAIN
            CODE    3ACDH     013CH     UNIT         ?PR?_CALIBRATION?CALIBRATION
            CODE    3C09H     0122H     UNIT         ?PR?ATAN?ATAN
            CODE    3D2BH     0106H     UNIT         ?PR?_AT25SF041_READ?AT25SF041
            CODE    3E31H     00FEH     UNIT         ?PR?_AT25SF041_WRITE?AT25SF041
            CODE    3F2FH     00DBH     UNIT         ?PR?_ATOI?ATOI
            CODE    400AH     00C3H     UNIT         ?PR?LINEAR_INTERPOLATE?BIPOLARMOTOR
            CODE    40CDH     00BBH     UNIT         ?PR?VOLTAGE_IS_STABLE?CALIBRATION
            CODE    4188H     00ADH     UNIT         ?PR?_WRITE_PI4IOE5V96248?IOEXPANDER_PI4IOE5V96248
            CODE    4235H     00ACH     UNIT         ?PR?SQRT?SQRT
            CODE    42E1H     00A1H     UNIT         ?PR?READ_STATUS_REGISTER_BYTE1?AT25SF041
            CODE    4382H     009DH     UNIT         ?PR?_ATAN2?ATAN2
            CODE    441FH     009CH     UNIT         ?PR?_MAX_VALUE?CALIBRATION
            CODE    44BBH     0095H     UNIT         ?PR?_DISPLAY_PROX?MAIN
            CODE    4550H     008CH     UNIT         ?C_C51STARTUP
            CODE    45DCH     0084H     UNIT         ?PR?_DAY_OF_YEAR?PCF85063BTL
            CODE    4660H     0075H     UNIT         ?PR?_WRITEDATA?LCD_DRIVER_SPLC780D
            CODE    46D5H     006FH     UNIT         ?PR?_READ_TIME?PCF85063BTL
            CODE    4744H     005AH     UNIT         ?PR?AT25SF041_CHIPERASE?AT25SF041
            CODE    479EH     005AH     UNIT         ?PR?AT25SF041_WRITEENABLE?AT25SF041
            CODE    47F8H     0059H     UNIT         ?PR?LCD_INIT?LCD_DRIVER_SPLC780D
            CODE    4851H     004AH     UNIT         ?PR?VONESTEPMOVE?BIPOLARMOTOR
            CODE    489BH     004AH     UNIT         ?PR?ACOS?ACOS
            CODE    48E5H     0044H     UNIT         ?C?LDIV
            CODE    4929H     0040H     UNIT         ?PR?_COMMAND?LCD_DRIVER_SPLC780D
            CODE    4969H     0040H     UNIT         ?PR?_STEP_MOVE?BIPOLARMOTOR
            CODE    49A9H     003BH     UNIT         ?PR?ASIN?ASIN
            CODE    49E4H     0033H     UNIT         ?PR?_SENDSTRING?UART1
            CODE    4A17H     002CH     UNIT         ?PR?_ADC_GETRESULT?ADC
            CODE    4A43H     002BH     UNIT         ?PR?_WAIT_MS_I2C?IOEXPANDER_PI4IOE5V96248
            CODE    4A6EH     002BH     UNIT         ?PR?_WAIT_MS_SPINOR?AT25SF041
            CODE    4A99H     0028H     UNIT         ?PR?_MOVE?BIPOLARMOTOR
            CODE    4AC1H     0027H     UNIT         ?PR?_I2C_SENDBYTE?IOEXPANDER_PI4IOE5V96248
            CODE    4AE8H     0024H     UNIT         ?PR?_WAIT_MS?LCD_DRIVER_SPLC780D
            CODE    4B0CH     0020H     UNIT         ?PR?_SPI_SENDBYTE?PCF85063BTL
            CODE    4B2CH     0020H     UNIT         ?PR?SPI_RECEIVEBYTE?PCF85063BTL
            CODE    4B4CH     001FH     UNIT         ?PR?ADC_INIT?ADC
            CODE    4B6BH     001EH     UNIT         ?PR?_DELAY_MS?KEYPAD
            CODE    4B89H     001DH     UNIT         ?PR?_DISPLAYLCD?LCD_DRIVER_SPLC780D
BL51 BANKED LINKER/LOCATER V6.22                                                      02/18/2019  12:22:08  PAGE 4


            CODE    4BA6H     001BH     UNIT         ?PR?_BCDTODEC1?BIPOLARMOTOR
            CODE    4BC1H     0018H     UNIT         ?PR?_SPI_WRITETIME?PCF85063BTL
            CODE    4BD9H     0017H     UNIT         ?PR?_ASCIITOBCD?UART1
            CODE    4BF0H     0016H     UNIT         ?PR?I2C_ACK?IOEXPANDER_PI4IOE5V96248
            CODE    4C06H     0015H     UNIT         ?PR?_DISPLAY_LINE?LCD_DRIVER_SPLC780D
            CODE    4C1BH     0015H     UNIT         ?PR?I2C_STOP?IOEXPANDER_PI4IOE5V96248
            CODE    4C30H     0014H     UNIT         ?PR?_PCF85063BTL_DELAY?PCF85063BTL
            CODE    4C44H     0014H     UNIT         ?PR?_ISSPACE?ISSPACE
            CODE    4C58H     0011H     UNIT         ?PR?_SPI_READTIME?PCF85063BTL
            CODE    4C69H     0011H     UNIT         ?PR?_BCDTODEC?PCF85063BTL
            CODE    4C7AH     0011H     UNIT         ?PR?INITUART1?UART1
            CODE    4C8BH     000FH     UNIT         ?PR?I2C_START?IOEXPANDER_PI4IOE5V96248
            CODE    4C9AH     000FH     UNIT         ?PR?UC_NACK?IOEXPANDER_PI4IOE5V96248
            CODE    4CA9H     000FH     UNIT         ?PR?_ISDIGIT?ISDIGIT
            CODE    4CB8H     000DH     UNIT         ?PR?SPI_INIT?PCF85063BTL
            CODE    4CC5H     000CH     UNIT         ?PR?KEYPAD_IO_INIT?KEYPAD
            CODE    4CD1H     000CH     UNIT         ?PR?_ABS?ABS
            CODE    4CDDH     000AH     UNIT         ?PR?LCD_RETURN_HOME?LCD_DRIVER_SPLC780D
            CODE    4CE7H     000AH     UNIT         ?PR?LCD_CLEAR?LCD_DRIVER_SPLC780D
            CODE    4CF1H     0006H     UNIT         ?PR?UC_ACK?IOEXPANDER_PI4IOE5V96248
            CODE    4CF7H     0005H     UNIT         ?PR?_UNIT?UART1
            CODE    4CFCH     0005H     UNIT         ?PR?_ASCII_LETTER?UART1
            CODE    4D01H     0001H     UNIT         ?PR?WAIT?BIPOLARMOTOR
            CODE    4D02H     0001H     UNIT         ?PR?NOP?IOEXPANDER_PI4IOE5V96248



OVERLAY MAP OF MODULE:   .\Obj\GPIO_RTC_Test (MAIN)


SEGMENT                                             BIT_GROUP          XDATA_GROUP
  +--> CALLED SEGMENT                            START    LENGTH     START    LENGTH
------------------------------------------------------------------------------------
?C_C51STARTUP                                    -----    -----      -----    -----
  +--> ?PR?MAIN?MAIN
  +--> ?C_INITSEG

?PR?MAIN?MAIN                                    -----    -----      038FH    002CH
  +--> ?PR?LCD_INIT?LCD_DRIVER_SPLC780D
  +--> ?PR?SPI_INIT?PCF85063BTL
  +--> ?PR?KEYPAD_IO_INIT?KEYPAD
  +--> ?PR?ADC_INIT?ADC
  +--> ?PR?_SPI_WRITETIME?PCF85063BTL
  +--> ?PR?_DELAY_MS?KEYPAD
  +--> ?PR?_DISPLAY_LINE?LCD_DRIVER_SPLC780D
  +--> ?PR?_WRITEDATA?LCD_DRIVER_SPLC780D
  +--> ?PR?KEY_PROCESS?KEYPAD
  +--> ?PR?_COMMAND?LCD_DRIVER_SPLC780D
  +--> ?PR?_DISPLAY_POS?MAIN
  +--> ?PR?_DISPLAYLCD?LCD_DRIVER_SPLC780D
  +--> ?PR?_STEP_MOVE?BIPOLARMOTOR
  +--> ?PR?LCD_RETURN_HOME?LCD_DRIVER_SPLC780D
  +--> ?PR?_READ_TIME?PCF85063BTL
  +--> ?PR?_ADC_GETRESULT?ADC
  +--> ?PR?_BCDTODEC1?BIPOLARMOTOR
  +--> ?PR?_CALIBRATION?CALIBRATION
  +--> ?PR?_SPI_NOR_WRITE_DATA?AT25SF041
BL51 BANKED LINKER/LOCATER V6.22                                                      02/18/2019  12:22:08  PAGE 5


  +--> ?PR?LINEAR_INTERPOLATE?BIPOLARMOTOR
  +--> ?PR?_UPDATE_POSITION?BIPOLARMOTOR

?PR?LCD_INIT?LCD_DRIVER_SPLC780D                 -----    -----      -----    -----
  +--> ?PR?_WAIT_MS?LCD_DRIVER_SPLC780D
  +--> ?PR?_COMMAND?LCD_DRIVER_SPLC780D

?PR?_COMMAND?LCD_DRIVER_SPLC780D                 -----    -----      -----    -----
  +--> ?PR?_WAIT_MS?LCD_DRIVER_SPLC780D

?PR?ADC_INIT?ADC                                 -----    -----      -----    -----
  +--> ?PR?_WAIT_MS?LCD_DRIVER_SPLC780D

?PR?_SPI_WRITETIME?PCF85063BTL                   -----    -----      -----    -----
  +--> ?PR?_SPI_SENDBYTE?PCF85063BTL

?PR?_SPI_SENDBYTE?PCF85063BTL                    -----    -----      -----    -----
  +--> ?PR?_PCF85063BTL_DELAY?PCF85063BTL

?PR?_DISPLAY_LINE?LCD_DRIVER_SPLC780D            -----    -----      -----    -----
  +--> ?PR?_COMMAND?LCD_DRIVER_SPLC780D

?PR?_WRITEDATA?LCD_DRIVER_SPLC780D               -----    -----      0468H    0001H
  +--> ?PR?_WAIT_MS?LCD_DRIVER_SPLC780D

?PR?KEY_PROCESS?KEYPAD                           -----    -----      03BBH    0006H
  +--> ?PR?KEY_SCAN?KEYPAD
  +--> ?PR?_SPI_WRITETIME?PCF85063BTL
  +--> ?PR?LCD_CLEAR?LCD_DRIVER_SPLC780D
  +--> ?PR?_COMMAND?LCD_DRIVER_SPLC780D
  +--> ?PR?_WRITEDATA?LCD_DRIVER_SPLC780D

?PR?KEY_SCAN?KEYPAD                              -----    -----      03C1H    0003H

?PR?LCD_CLEAR?LCD_DRIVER_SPLC780D                -----    -----      -----    -----
  +--> ?PR?_COMMAND?LCD_DRIVER_SPLC780D

?PR?_DISPLAY_POS?MAIN                            -----    -----      045EH    000AH
  +--> ?PR?_ABS?ABS
  +--> ?PR?_WRITEDATA?LCD_DRIVER_SPLC780D

?PR?_DISPLAYLCD?LCD_DRIVER_SPLC780D              -----    -----      03BBH    0001H
  +--> ?PR?_WRITEDATA?LCD_DRIVER_SPLC780D

?PR?_STEP_MOVE?BIPOLARMOTOR                      0020H.6  0000H.1    0477H    0004H
  +--> ?PR?VONESTEPMOVE?BIPOLARMOTOR

?PR?VONESTEPMOVE?BIPOLARMOTOR                    0020H.7  0000H.1    -----    -----
  +--> ?PR?_WRITE_PI4IOE5V96248?IOEXPANDER_P...
  +--> ?PR?_DELAY_MS?KEYPAD

?PR?_WRITE_PI4IOE5V96248?IOEXPANDER_P...         -----    -----      047BH    0003H
  +--> ?PR?I2C_START?IOEXPANDER_PI4IOE5V96248
  +--> ?PR?_WAIT_MS_I2C?IOEXPANDER_PI4IOE5V9...
  +--> ?PR?_I2C_SENDBYTE?IOEXPANDER_PI4IOE5V...
  +--> ?PR?I2C_ACK?IOEXPANDER_PI4IOE5V96248
  +--> ?PR?I2C_STOP?IOEXPANDER_PI4IOE5V96248
BL51 BANKED LINKER/LOCATER V6.22                                                      02/18/2019  12:22:08  PAGE 6



?PR?I2C_START?IOEXPANDER_PI4IOE5V96248           -----    -----      -----    -----
  +--> ?PR?_WAIT_MS_I2C?IOEXPANDER_PI4IOE5V9...

?PR?_I2C_SENDBYTE?IOEXPANDER_PI4IOE5V...         -----    -----      -----    -----
  +--> ?PR?_WAIT_MS_I2C?IOEXPANDER_PI4IOE5V9...

?PR?I2C_ACK?IOEXPANDER_PI4IOE5V96248             -----    -----      047EH    0001H
  +--> ?PR?_WAIT_MS_I2C?IOEXPANDER_PI4IOE5V9...

?PR?I2C_STOP?IOEXPANDER_PI4IOE5V96248            -----    -----      -----    -----
  +--> ?PR?_WAIT_MS_I2C?IOEXPANDER_PI4IOE5V9...

?PR?LCD_RETURN_HOME?LCD_DRIVER_SPLC780D          -----    -----      -----    -----
  +--> ?PR?_COMMAND?LCD_DRIVER_SPLC780D

?PR?_READ_TIME?PCF85063BTL                       -----    -----      03BBH    000FH
  +--> ?PR?_SPI_READTIME?PCF85063BTL

?PR?_SPI_READTIME?PCF85063BTL                    -----    -----      -----    -----
  +--> ?PR?_SPI_SENDBYTE?PCF85063BTL
  +--> ?PR?SPI_RECEIVEBYTE?PCF85063BTL

?PR?SPI_RECEIVEBYTE?PCF85063BTL                  -----    -----      -----    -----
  +--> ?PR?_PCF85063BTL_DELAY?PCF85063BTL

?PR?_CALIBRATION?CALIBRATION                     -----    -----      03BBH    0019H
  +--> ?PR?VOLTAGE_IS_STABLE?CALIBRATION
  +--> ?PR?_UPDATE_POSITION?BIPOLARMOTOR
  +--> ?PR?_FIND_REAL_MAX?CALIBRATION

?PR?VOLTAGE_IS_STABLE?CALIBRATION                -----    -----      03D4H    0018H
  +--> ?PR?_ADC_GETRESULT?ADC
  +--> ?PR?_ABS?ABS

?PR?_UPDATE_POSITION?BIPOLARMOTOR                -----    -----      03D4H    009FH
  +--> ?PR?_BCDTODEC1?BIPOLARMOTOR
  +--> ?PR?SUNPOS?SUNPOS
  +--> ?PR?SIN?SIN
  +--> ?PR?ASIN?ASIN
  +--> ?PR?LINEAR_INTERPOLATE?BIPOLARMOTOR
  +--> ?PR?_ABS?ABS
  +--> ?PR?_MOVE?BIPOLARMOTOR

?PR?SUNPOS?SUNPOS                                -----    -----      0473H    005DH
  +--> ?PR?SIN?SIN
  +--> ?PR?_ATAN2?ATAN2
  +--> ?PR?ASIN?ASIN
  +--> ?PR?ACOS?ACOS

?PR?SIN?SIN                                      0020H.5  0000H.1    04D0H    0004H

?PR?_ATAN2?ATAN2                                 -----    -----      04D0H    0008H
  +--> ?PR?ATAN?ATAN

?PR?ATAN?ATAN                                    0020H.5  0000H.2    04D8H    0004H

BL51 BANKED LINKER/LOCATER V6.22                                                      02/18/2019  12:22:08  PAGE 7


?PR?ASIN?ASIN                                    -----    -----      -----    -----
  +--> ?PR?SQRT?SQRT
  +--> ?PR?ATAN?ATAN

?PR?SQRT?SQRT                                    -----    -----      04D0H    0004H

?PR?ACOS?ACOS                                    -----    -----      -----    -----
  +--> ?PR?SQRT?SQRT
  +--> ?PR?ATAN?ATAN

?PR?LINEAR_INTERPOLATE?BIPOLARMOTOR              -----    -----      0473H    0014H

?PR?_MOVE?BIPOLARMOTOR                           0020H.5  0000H.1    0473H    0004H
  +--> ?PR?_STEP_MOVE?BIPOLARMOTOR

?PR?_FIND_REAL_MAX?CALIBRATION                   -----    -----      03D4H    008AH
  +--> ?PR?_ADC_GETRESULT?ADC
  +--> ?PR?_MOVE?BIPOLARMOTOR
  +--> ?PR?_COMMAND?LCD_DRIVER_SPLC780D
  +--> ?PR?_WRITEDATA?LCD_DRIVER_SPLC780D
  +--> ?PR?_DISPLAY_POS?MAIN
  +--> ?PR?_WAIT_MS?LCD_DRIVER_SPLC780D
  +--> ?PR?_MAX_VALUE?CALIBRATION

?PR?_MAX_VALUE?CALIBRATION                       -----    -----      045EH    0004H

?PR?_SPI_NOR_WRITE_DATA?AT25SF041                -----    -----      03BBH    0006H
  +--> ?PR?AT25SF041_WRITEENABLE?AT25SF041
  +--> ?PR?_AT25SF041_WRITE?AT25SF041

?PR?AT25SF041_WRITEENABLE?AT25SF041              -----    -----      03C1H    0002H
  +--> ?PR?_WAIT_MS_SPINOR?AT25SF041

?PR?_AT25SF041_WRITE?AT25SF041                   -----    -----      03C1H    0008H
  +--> ?PR?_WAIT_MS_SPINOR?AT25SF041



UNRESOLVED EXTERNAL SYMBOLS:
   AUTO_MODE
   _SENDUART1



SYMBOL TABLE OF MODULE:  .\Obj\GPIO_RTC_Test (MAIN)

  VALUE           TYPE          NAME
  ----------------------------------

  -------         MODULE        MAIN
  C:0000H         SYMBOL        _ICE_DUMMY_
  X:04E4H         PUBLIC        calib_value
  D:0080H         PUBLIC        P0
  D:00B2H         PUBLIC        P3M0
  D:0090H         PUBLIC        P1
  D:00B1H         PUBLIC        P3M1
  D:00A0H         PUBLIC        P2
BL51 BANKED LINKER/LOCATER V6.22                                                      02/18/2019  12:22:08  PAGE 8


  D:00B0H         PUBLIC        P3
  D:00C0H         PUBLIC        P4
  D:00C8H         PUBLIC        P5
  X:0538H         SYMBOL        PressedKey
  B:00A8H.7       PUBLIC        EA
  D:00E8H         PUBLIC        P6
  X:053CH         PUBLIC        calib_stamp
  D:00F8H         PUBLIC        P7
  X:053DH         PUBLIC        RX_Data_Uart_Cnt
  D:00A8H         PUBLIC        IE
  X:053FH         PUBLIC        calib_time
  D:00B8H         PUBLIC        IP
  X:0593H         PUBLIC        months
  D:00D8H         PUBLIC        CCON
  C:0B0EH         PUBLIC        main
  X:0594H         PUBLIC        count
  X:0596H         PUBLIC        days
  X:0597H         PUBLIC        hours
  D:0098H         PUBLIC        SCON
  D:0089H         PUBLIC        TMOD
  D:0088H         PUBLIC        TCON
  B:00A0H.3       PUBLIC        P23
  X:0598H         SYMBOL        KeyCount
  X:059AH         PUBLIC        mins
  X:059BH         PUBLIC        Rec_data_hour
  B:00C8H.5       PUBLIC        P55
  X:059EH         PUBLIC        Rec_data_min
  D:008EH         PUBLIC        AUXR
  C:0009H         PUBLIC        tm0_isr
  B:0021H.0       PUBLIC        busy
  B:00A8H.1       PUBLIC        ET0
  D:008CH         PUBLIC        TH0
  X:05A1H         PUBLIC        hour_count
  D:008AH         PUBLIC        TL0
  X:05A2H         PUBLIC        min_count
  B:0088H.4       PUBLIC        TR0
  X:05A3H         SYMBOL        KeyNum
  X:05A4H         SYMBOL        KeyNum_Old
  X:05A5H         PUBLIC        current_position
  X:05A9H         PUBLIC        hours1
  X:05AAH         PUBLIC        hours2
  C:44BBH         PUBLIC        _Display_Prox
  X:05ABH         PUBLIC        mins1
  X:05ACH         PUBLIC        mins2
  C:395BH         PUBLIC        _Display_Pos
  X:05ADH         PUBLIC        seconds
  X:05AEH         PUBLIC        st_time
  D:00D0H         PUBLIC        PSW
  -------         PROC          TM0_ISR
  C:0009H         LINE#         85
  C:0009H         LINE#         87
  -------         ENDPROC       TM0_ISR
  -------         PROC          MAIN
  -------         DO            
  X:038FH         SYMBOL        sunlight_ADC
  X:04DCH         SYMBOL        KeyCount
  X:04DEH         SYMBOL        KeyNum_Old
BL51 BANKED LINKER/LOCATER V6.22                                                      02/18/2019  12:22:08  PAGE 9


  X:04DFH         SYMBOL        KeyNum
  X:04E0H         SYMBOL        PressedKey
  X:0391H         SYMBOL        prox_flag
  X:0392H         SYMBOL        iUse_prevday_calib_value
  X:0394H         SYMBOL        max_ADC_Val
  X:0396H         SYMBOL        max_ADC_Val_JP
  X:0398H         SYMBOL        calib_point1
  X:03A0H         SYMBOL        calib_point2
  X:03A8H         SYMBOL        dat_to_store
  X:03B3H         SYMBOL        calib_day
  X:03B5H         SYMBOL        calib_count
  X:03B7H         SYMBOL        theorical_JP_max_pos
  -------         ENDDO         
  C:0B0EH         LINE#         89
  C:0B0EH         LINE#         90
  C:0B0EH         LINE#         95
  C:0B14H         LINE#         96
  C:0B1DH         LINE#         100
  C:0B23H         LINE#         101
  C:0B2DH         LINE#         105
  C:0B2FH         LINE#         106
  C:0B31H         LINE#         107
  C:0B33H         LINE#         108
  C:0B35H         LINE#         110
  C:0B3CH         LINE#         119
  C:0B3EH         LINE#         120
  C:0B41H         LINE#         121
  C:0B44H         LINE#         122
  C:0B47H         LINE#         123
  C:0B4AH         LINE#         124
  C:0B4DH         LINE#         127
  C:0B50H         LINE#         129
  C:0B53H         LINE#         130
  C:0B56H         LINE#         131
  C:0B59H         LINE#         132
  C:0B5BH         LINE#         133
  C:0B5DH         LINE#         134
  C:0B5FH         LINE#         136
  C:0B61H         LINE#         137
  C:0B68H         LINE#         138
  C:0B6FH         LINE#         139
  C:0B76H         LINE#         140
  C:0B7DH         LINE#         144
  C:0B84H         LINE#         145
  C:0B89H         LINE#         146
  C:0B8EH         LINE#         147
  C:0B93H         LINE#         148
  C:0B98H         LINE#         149
  C:0B9DH         LINE#         152
  C:0BB6H         LINE#         153
  C:0BB6H         LINE#         154
  C:0BD2H         LINE#         155
  C:0C19H         LINE#         156
  C:0C2AH         LINE#         157
  C:0C2AH         LINE#         158
  C:0C2AH         LINE#         159
  C:0C2DH         LINE#         162
BL51 BANKED LINKER/LOCATER V6.22                                                      02/18/2019  12:22:08  PAGE 10


  C:0C2DH         LINE#         165
  C:0C32H         LINE#         166
  C:0C37H         LINE#         168
  C:0C3CH         LINE#         169
  C:0C41H         LINE#         170
  C:0C46H         LINE#         171
  C:0C4BH         LINE#         173
  C:0C5CH         LINE#         174
  C:0C61H         LINE#         175
  C:0C66H         LINE#         177
  C:0C6DH         LINE#         178
  C:0C75H         LINE#         179
  C:0C7AH         LINE#         180
  C:0C82H         LINE#         181
  C:0C87H         LINE#         182
  C:0C91H         LINE#         183
  C:0C96H         LINE#         184
  C:0C9EH         LINE#         186
  C:0CA6H         LINE#         187
  C:0CABH         LINE#         188
  C:0CB5H         LINE#         189
  C:0CB5H         LINE#         190
  C:0CB7H         LINE#         191
  C:0CB9H         LINE#         192
  C:0CC3H         LINE#         193
  C:0CC3H         LINE#         194
  C:0CC8H         LINE#         195
  C:0CC8H         LINE#         207
  C:0CD5H         LINE#         208
  C:0CD5H         LINE#         209
  C:0CDFH         LINE#         210
  C:0CF6H         LINE#         211
  C:0CF6H         LINE#         212
  C:0CF8H         LINE#         213
  C:0CFAH         LINE#         215
  C:0CFAH         LINE#         216
  C:0D05H         LINE#         217
  C:0D05H         LINE#         218
  C:0D0AH         LINE#         219
  C:0D0AH         LINE#         220
  C:0D17H         LINE#         221
  C:0D17H         LINE#         224
  C:0D21H         LINE#         225
  C:0D38H         LINE#         226
  C:0D38H         LINE#         227
  C:0D3AH         LINE#         228
  C:0D3CH         LINE#         230
  C:0D3CH         LINE#         231
  C:0D47H         LINE#         232
  C:0D47H         LINE#         233
  C:0D4CH         LINE#         234
  C:0D4EH         LINE#         235
  C:0D4EH         LINE#         244
  C:0D70H         LINE#         245
  C:0D70H         LINE#         246
  C:0D7AH         LINE#         247
  C:0D80H         LINE#         248
BL51 BANKED LINKER/LOCATER V6.22                                                      02/18/2019  12:22:08  PAGE 11


  C:0D82H         LINE#         249
  C:0D84H         LINE#         250
  C:0D86H         LINE#         251
  C:0D86H         LINE#         252
  C:0D89H         LINE#         254
  C:0D89H         LINE#         255
  C:0D8FH         LINE#         256
  C:0D97H         LINE#         257
  C:0D9DH         LINE#         258
  C:0DA5H         LINE#         259
  C:0DE0H         LINE#         263
  C:0DEDH         LINE#         264
  C:0DEDH         LINE#         265
  C:0DFAH         LINE#         266
  C:0E2DH         LINE#         267
  C:0E3AH         LINE#         268
  C:0E3AH         LINE#         270
  C:0E69H         LINE#         271
  C:0E69H         LINE#         272
  C:0E8BH         LINE#         273
  C:0E8BH         LINE#         274
  C:0F07H         LINE#         275
  C:0F85H         LINE#         279
  C:0F87H         LINE#         280
  C:0F95H         LINE#         281
  C:0F95H         LINE#         282
  C:0F9DH         LINE#         284
  C:0F9DH         LINE#         285
  C:0FA5H         LINE#         286
  C:0FADH         LINE#         287
  C:0FB5H         LINE#         289
  C:0FBDH         LINE#         290
  C:0FC6H         LINE#         291
  C:0FDCH         LINE#         293
  C:100BH         LINE#         294
  C:1014H         LINE#         295
  C:101DH         LINE#         297
  C:1033H         LINE#         298
  C:1062H         LINE#         299
  C:1074H         LINE#         301
  C:1077H         LINE#         303
  C:1077H         LINE#         304
  C:1099H         LINE#         305
  C:1099H         LINE#         306
  C:1115H         LINE#         307
  C:116AH         LINE#         308
  C:116AH         LINE#         309
  C:116AH         LINE#         310
  C:116DH         LINE#         314
  C:116DH         LINE#         317
  C:11A1H         LINE#         318
  C:11A1H         LINE#         319
  C:11C3H         LINE#         320
  C:11C3H         LINE#         321
  C:123FH         LINE#         322
  C:12BDH         LINE#         327
  C:12C0H         LINE#         328
BL51 BANKED LINKER/LOCATER V6.22                                                      02/18/2019  12:22:08  PAGE 12


  C:12D1H         LINE#         329
  C:12D1H         LINE#         330
  C:12D9H         LINE#         332
  C:12D9H         LINE#         335
  C:12DCH         LINE#         337
  C:12DCH         LINE#         339
  C:12FEH         LINE#         340
  C:12FEH         LINE#         341
  C:137AH         LINE#         343
  C:13A7H         LINE#         344
  C:13C2H         LINE#         345
  C:13EFH         LINE#         346
  C:140AH         LINE#         348
  C:14A6H         LINE#         351
  C:14A6H         LINE#         352
  C:14A6H         LINE#         353
  C:14A6H         LINE#         355
  C:14A6H         LINE#         358
  C:14C2H         LINE#         359
  C:14C7H         LINE#         361
  C:14C9H         LINE#         362
  -------         ENDPROC       MAIN
  -------         PROC          _DISPLAY_PROX
  D:0002H         SYMBOL        dat
  -------         DO            
  X:062AH         SYMBOL        unit
  X:062BH         SYMBOL        ten
  X:062CH         SYMBOL        hundred
  X:062DH         SYMBOL        thousand
  -------         ENDDO         
  C:44BBH         LINE#         446
  C:44BFH         LINE#         447
  C:44BFH         LINE#         449
  C:44CBH         LINE#         450
  C:44DBH         LINE#         451
  C:44F7H         LINE#         452
  C:4527H         LINE#         453
  C:4531H         LINE#         454
  C:453BH         LINE#         455
  C:4545H         LINE#         456
  C:454FH         LINE#         458
  -------         ENDPROC       _DISPLAY_PROX
  -------         PROC          _DISPLAY_POS
  X:045EH         SYMBOL        sign_dat
  -------         DO            
  X:0462H         SYMBOL        unit
  X:0463H         SYMBOL        ten
  X:0464H         SYMBOL        hundred
  D:0003H         SYMBOL        thousand
  X:0465H         SYMBOL        after_dot
  X:0466H         SYMBOL        dat
  -------         ENDDO         
  C:395BH         LINE#         461
  C:3961H         LINE#         462
  C:3961H         LINE#         466
  C:397DH         LINE#         467
  C:3997H         LINE#         468
BL51 BANKED LINKER/LOCATER V6.22                                                      02/18/2019  12:22:08  PAGE 13


  C:39BBH         LINE#         470
  C:3A05H         LINE#         472
  C:3A1CH         LINE#         473
  C:3A29H         LINE#         474
  C:3A4BH         LINE#         475
  C:3A80H         LINE#         476
  C:3A98H         LINE#         477
  C:3A98H         LINE#         479
  C:3A98H         LINE#         480
  C:3A98H         LINE#         481
  C:3A98H         LINE#         482
  C:3A98H         LINE#         483
  C:3A98H         LINE#         487
  C:3A9AH         LINE#         489
  C:3A9AH         LINE#         491
  C:3A9FH         LINE#         492
  C:3AA9H         LINE#         493
  C:3AB3H         LINE#         494
  C:3ABDH         LINE#         495
  C:3AC2H         LINE#         496
  C:3ACCH         LINE#         500
  C:3ACCH         LINE#         502
  -------         ENDPROC       _DISPLAY_POS
  -------         ENDMOD        MAIN

  -------         MODULE        PCF85063BTL
  C:0000H         SYMBOL        _ICE_DUMMY_
  D:0096H         PUBLIC        P2M0
  D:0080H         PUBLIC        P0
  D:0095H         PUBLIC        P2M1
  D:0090H         PUBLIC        P1
  D:00A0H         PUBLIC        P2
  D:00B0H         PUBLIC        P3
  D:00C0H         PUBLIC        P4
  D:00C8H         PUBLIC        P5
  D:00E8H         PUBLIC        P6
  B:00A0H.1       PUBLIC        PCF85063BTL_SDI
  D:00F8H         PUBLIC        P7
  B:00A0H.2       PUBLIC        PCF85063BTL_SCK
  B:00A0H.1       PUBLIC        PCF85063BTL_SDO
  D:00A8H         PUBLIC        IE
  C:46D5H         PUBLIC        _Read_time
  C:4C36H         PUBLIC        _PCF85063BTL_Delay
  D:00B8H         PUBLIC        IP
  D:00D8H         PUBLIC        CCON
  C:45DCH         PUBLIC        _Day_Of_Year
  C:4B2CH         PUBLIC        SPI_ReceiveByte
  D:0098H         PUBLIC        SCON
  D:0088H         PUBLIC        TCON
  C:4C69H         PUBLIC        _BCDtoDec
  B:00A0H.0       PUBLIC        PCF85063BTL_CS
  C:4C58H         PUBLIC        _SPI_ReadTime
  C:4CB8H         PUBLIC        SPI_Init
  C:4BC1H         PUBLIC        _SPI_WriteTime
  C:4B0CH         PUBLIC        _SPI_SendByte
  D:00D0H         PUBLIC        PSW
  C:4C32H         SYMBOL        L?0047
BL51 BANKED LINKER/LOCATER V6.22                                                      02/18/2019  12:22:08  PAGE 14


  -------         PROC          L?0046
  -------         ENDPROC       L?0046
  C:4C32H         SYMBOL        L?0047
  -------         PROC          _PCF85063BTL_DELAY
  D:0006H         SYMBOL        us
  C:4C36H         LINE#         8
  C:4C36H         LINE#         9
  C:4C36H         LINE#         10
  C:4C40H         LINE#         11
  C:4C40H         LINE#         12
  C:4C41H         LINE#         13
  C:4C43H         LINE#         14
  -------         ENDPROC       _PCF85063BTL_DELAY
  -------         PROC          _SPI_SENDBYTE
  D:0005H         SYMBOL        dat
  -------         DO            
  D:0003H         SYMBOL        i
  -------         ENDDO         
  C:4B0CH         LINE#         17
  C:4B0EH         LINE#         18
  C:4B0EH         LINE#         20
  C:4B10H         LINE#         21
  C:4B10H         LINE#         22
  C:4B12H         LINE#         23
  C:4B16H         LINE#         24
  C:4B16H         LINE#         25
  C:4B18H         LINE#         26
  C:4B1AH         LINE#         28
  C:4B1AH         LINE#         29
  C:4B1CH         LINE#         30
  C:4B1CH         LINE#         31
  C:4B1FH         LINE#         32
  C:4B1FH         LINE#         33
  C:4B22H         LINE#         34
  C:4B26H         LINE#         35
  C:4B2BH         LINE#         36
  -------         ENDPROC       _SPI_SENDBYTE
  -------         PROC          SPI_RECEIVEBYTE
  -------         DO            
  D:0003H         SYMBOL        i
  D:0005H         SYMBOL        dat
  -------         ENDDO         
  C:4B2CH         LINE#         39
  C:4B2CH         LINE#         40
  C:4B2CH         LINE#         42
  C:4B2EH         LINE#         44
  C:4B30H         LINE#         45
  C:4B31H         LINE#         46
  C:4B31H         LINE#         47
  C:4B35H         LINE#         48
  C:4B37H         LINE#         49
  C:4B3AH         LINE#         51
  C:4B3DH         LINE#         52
  C:4B3DH         LINE#         53
  C:4B41H         LINE#         54
  C:4B41H         LINE#         55
  C:4B41H         LINE#         56
BL51 BANKED LINKER/LOCATER V6.22                                                      02/18/2019  12:22:08  PAGE 15


  C:4B44H         LINE#         57
  C:4B49H         LINE#         58
  C:4B4BH         LINE#         59
  -------         ENDPROC       SPI_RECEIVEBYTE
  -------         PROC          _SPI_READTIME
  D:0007H         SYMBOL        addr
  -------         DO            
  D:0006H         SYMBOL        dat
  -------         ENDDO         
  C:4C58H         LINE#         61
  C:4C58H         LINE#         62
  C:4C58H         LINE#         64
  C:4C5AH         LINE#         65
  C:4C5CH         LINE#         66
  C:4C63H         LINE#         67
  C:4C66H         LINE#         68
  C:4C68H         LINE#         69
  C:4C68H         LINE#         70
  -------         ENDPROC       _SPI_READTIME
  -------         PROC          _SPI_WRITETIME
  D:0002H         SYMBOL        val
  D:0005H         SYMBOL        addr
  C:4BC1H         LINE#         71
  C:4BC3H         LINE#         72
  C:4BC3H         LINE#         74
  C:4BC5H         LINE#         75
  C:4BCCH         LINE#         76
  C:4BD1H         LINE#         77
  C:4BD6H         LINE#         78
  C:4BD8H         LINE#         79
  -------         ENDPROC       _SPI_WRITETIME
  -------         PROC          SPI_INIT
  C:4CB8H         LINE#         83
  C:4CB8H         LINE#         84
  C:4CB8H         LINE#         89
  C:4CBBH         LINE#         90
  C:4CBEH         LINE#         91
  C:4CC0H         LINE#         92
  C:4CC2H         LINE#         93
  C:4CC4H         LINE#         94
  -------         ENDPROC       SPI_INIT
  -------         PROC          _READ_TIME
  X:03BBH         SYMBOL        months
  X:03BEH         SYMBOL        days
  X:03C1H         SYMBOL        hours
  X:03C4H         SYMBOL        mins
  X:03C7H         SYMBOL        seconds
  C:46D5H         LINE#         96
  C:46E0H         LINE#         97
  C:46E0H         LINE#         99
  C:46F4H         LINE#         101
  C:4708H         LINE#         103
  C:471CH         LINE#         108
  C:4730H         LINE#         113
  -------         ENDPROC       _READ_TIME
  -------         PROC          _BCDTODEC
  D:0007H         SYMBOL        bcd
BL51 BANKED LINKER/LOCATER V6.22                                                      02/18/2019  12:22:08  PAGE 16


  -------         DO            
  D:0006H         SYMBOL        hi
  D:0007H         SYMBOL        lo
  -------         ENDDO         
  C:4C69H         LINE#         119
  C:4C69H         LINE#         120
  C:4C69H         LINE#         122
  C:4C6EH         LINE#         123
  C:4C72H         LINE#         124
  C:4C79H         LINE#         125
  -------         ENDPROC       _BCDTODEC
  -------         PROC          _DAY_OF_YEAR
  D:0007H         SYMBOL        months_bcd
  D:0005H         SYMBOL        days_bcd
  -------         DO            
  D:0004H         SYMBOL        months
  D:0007H         SYMBOL        days
  -------         ENDDO         
  C:45DCH         LINE#         126
  C:45DCH         LINE#         127
  C:45DCH         LINE#         130
  C:45E1H         LINE#         132
  C:45E6H         LINE#         134
  C:461FH         LINE#         135
  C:461FH         LINE#         136
  C:461FH         LINE#         137
  C:4622H         LINE#         138
  C:4622H         LINE#         139
  C:4622H         LINE#         140
  C:4627H         LINE#         141
  C:4627H         LINE#         142
  C:4627H         LINE#         143
  C:462CH         LINE#         144
  C:462CH         LINE#         145
  C:462CH         LINE#         146
  C:4631H         LINE#         147
  C:4631H         LINE#         148
  C:4631H         LINE#         149
  C:4636H         LINE#         150
  C:4636H         LINE#         151
  C:4636H         LINE#         152
  C:463BH         LINE#         153
  C:463BH         LINE#         154
  C:463BH         LINE#         155
  C:4640H         LINE#         156
  C:4640H         LINE#         157
  C:4640H         LINE#         158
  C:4645H         LINE#         159
  C:4645H         LINE#         160
  C:4645H         LINE#         161
  C:464DH         LINE#         162
  C:464DH         LINE#         163
  C:464DH         LINE#         164
  C:4652H         LINE#         165
  C:4652H         LINE#         166
  C:4652H         LINE#         167
  C:4657H         LINE#         168
BL51 BANKED LINKER/LOCATER V6.22                                                      02/18/2019  12:22:08  PAGE 17


  C:4657H         LINE#         169
  C:4657H         LINE#         170
  C:465FH         LINE#         171
  C:465FH         LINE#         172
  C:465FH         LINE#         173
  -------         ENDPROC       _DAY_OF_YEAR
  -------         ENDMOD        PCF85063BTL

  -------         MODULE        UART1
  C:0000H         SYMBOL        _ICE_DUMMY_
  D:0080H         PUBLIC        P0
  D:0090H         PUBLIC        P1
  D:00A0H         PUBLIC        P2
  D:00B0H         PUBLIC        P3
  D:00C0H         PUBLIC        P4
  D:00C8H         PUBLIC        P5
  B:00A8H.7       PUBLIC        EA
  D:00E8H         PUBLIC        P6
  D:00F8H         PUBLIC        P7
  C:49E4H         PUBLIC        _SendString
  D:00A8H         PUBLIC        IE
  B:00A8H.4       PUBLIC        ES
  D:00B8H         PUBLIC        IP
  C:4BD9H         PUBLIC        _ASCIItoBCD
  D:00D8H         PUBLIC        CCON
  C:4C7AH         PUBLIC        initUART1
  D:0098H         PUBLIC        SCON
  D:0088H         PUBLIC        TCON
  C:000AH         PUBLIC        _DectoBCD
  C:4CFCH         PUBLIC        _ASCII_Letter
  D:008EH         PUBLIC        AUXR
  C:4CF7H         PUBLIC        _unit
  C:0003H         PUBLIC        _ten
  D:00D6H         PUBLIC        T2H
  D:00D7H         PUBLIC        T2L
  D:00D0H         PUBLIC        PSW
  -------         PROC          INITUART1
  C:4C7AH         LINE#         21
  C:4C7AH         LINE#         22
  C:4C7AH         LINE#         23
  C:4C7DH         LINE#         24
  C:4C80H         LINE#         25
  C:4C83H         LINE#         26
  C:4C86H         LINE#         27
  C:4C88H         LINE#         28
  C:4C8AH         LINE#         30
  -------         ENDPROC       INITUART1
  -------         PROC          _SENDSTRING
  X:062EH         SYMBOL        s
  C:49E4H         LINE#         35
  C:49EFH         LINE#         36
  C:49EFH         LINE#         37
  C:49FFH         LINE#         38
  C:49FFH         LINE#         39
  C:4A14H         LINE#         40
  C:4A16H         LINE#         41
  -------         ENDPROC       _SENDSTRING
BL51 BANKED LINKER/LOCATER V6.22                                                      02/18/2019  12:22:08  PAGE 18


  -------         PROC          _TEN
  D:0007H         SYMBOL        BCD
  C:0003H         LINE#         43
  C:0003H         LINE#         44
  C:0003H         LINE#         45
  C:0008H         LINE#         46
  -------         ENDPROC       _TEN
  -------         PROC          _UNIT
  D:0007H         SYMBOL        BCD
  C:4CF7H         LINE#         47
  C:4CF7H         LINE#         48
  C:4CF7H         LINE#         52
  C:4CFBH         LINE#         53
  -------         ENDPROC       _UNIT
  -------         PROC          _DECTOBCD
  D:0007H         SYMBOL        dec
  C:000AH         LINE#         54
  C:000AH         LINE#         55
  C:000AH         LINE#         57
  C:000AH         LINE#         58
  -------         ENDPROC       _DECTOBCD
  -------         PROC          _ASCII_LETTER
  D:0007H         SYMBOL        dat
  C:4CFCH         LINE#         60
  C:4CFCH         LINE#         61
  C:4CFCH         LINE#         63
  C:4D00H         LINE#         64
  -------         ENDPROC       _ASCII_LETTER
  -------         PROC          _ASCIITOBCD
  D:0001H         SYMBOL        ascii
  -------         DO            
  D:0007H         SYMBOL        dec_val
  D:0006H         SYMBOL        ten
  D:0007H         SYMBOL        unit
  -------         ENDDO         
  C:4BD9H         LINE#         66
  C:4BD9H         LINE#         67
  C:4BD9H         LINE#         69
  C:4BDCH         LINE#         70
  C:4BE2H         LINE#         71
  C:4BE9H         LINE#         72
  C:4BEFH         LINE#         74
  -------         ENDPROC       _ASCIITOBCD
  -------         ENDMOD        UART1

  -------         MODULE        LCD_DRIVER_SPLC780D
  C:0000H         SYMBOL        _ICE_DUMMY_
  D:0092H         PUBLIC        P1M0
  D:0091H         PUBLIC        P1M1
  D:0080H         PUBLIC        P0
  D:0090H         PUBLIC        P1
  D:00A0H         PUBLIC        P2
  D:00B0H         PUBLIC        P3
  D:00C0H         PUBLIC        P4
  D:00C8H         PUBLIC        P5
  D:00E8H         PUBLIC        P6
  D:00F8H         PUBLIC        P7
BL51 BANKED LINKER/LOCATER V6.22                                                      02/18/2019  12:22:08  PAGE 19


  C:4660H         PUBLIC        _WriteData
  D:00A8H         PUBLIC        IE
  D:00B8H         PUBLIC        IP
  D:00D8H         PUBLIC        CCON
  B:00B0H.4       PUBLIC        LCD_D4
  B:00B0H.5       PUBLIC        LCD_D5
  B:00B0H.6       PUBLIC        LCD_D6
  C:4B89H         PUBLIC        _DisplayLCD
  B:00B0H.7       PUBLIC        LCD_D7
  D:0098H         PUBLIC        SCON
  D:0088H         PUBLIC        TCON
  C:4CE7H         PUBLIC        LCD_clear
  C:4929H         PUBLIC        _Command
  C:4C06H         PUBLIC        _Display_Line
  C:47F8H         PUBLIC        LCD_Init
  C:4AEEH         PUBLIC        _Wait_ms
  B:00C0H.0       PUBLIC        LCD_RS
  B:00B0H.2       PUBLIC        LCD_RW
  C:4CDDH         PUBLIC        LCD_return_home
  B:00B0H.3       PUBLIC        LCD_E
  D:00D0H         PUBLIC        PSW
  -------         PROC          LCD_INIT
  C:47F8H         LINE#         9
  C:47F8H         LINE#         10
  C:47F8H         LINE#         11
  C:47FBH         LINE#         12
  C:47FEH         LINE#         14
  C:4804H         LINE#         15
  C:4809H         LINE#         17
  C:4810H         LINE#         18
  C:4815H         LINE#         20
  C:4818H         LINE#         21
  C:481DH         LINE#         23
  C:4820H         LINE#         24
  C:4825H         LINE#         26
  C:482CH         LINE#         29
  C:4831H         LINE#         30
  C:4836H         LINE#         32
  C:483BH         LINE#         33
  C:4840H         LINE#         35
  C:4845H         LINE#         36
  C:484AH         LINE#         37
  -------         ENDPROC       LCD_INIT
  -------         PROC          _WRITEDATA
  X:0468H         SYMBOL        dat
  C:4660H         LINE#         40
  C:4665H         LINE#         41
  C:4665H         LINE#         46
  C:4667H         LINE#         47
  C:4669H         LINE#         49
  C:4677H         LINE#         50
  C:4683H         LINE#         51
  C:468FH         LINE#         52
  C:4699H         LINE#         53
  C:469BH         LINE#         54
  C:46A2H         LINE#         55
  C:46A4H         LINE#         57
BL51 BANKED LINKER/LOCATER V6.22                                                      02/18/2019  12:22:08  PAGE 20


  C:46B4H         LINE#         58
  C:46BFH         LINE#         59
  C:46C9H         LINE#         60
  C:46CDH         LINE#         62
  C:46CDH         LINE#         63
  C:46D0H         LINE#         64
  C:46D2H         LINE#         65
  C:46D4H         LINE#         67
  -------         ENDPROC       _WRITEDATA
  -------         PROC          _COMMAND
  D:0007H         SYMBOL        dat
  C:4929H         LINE#         69
  C:4929H         LINE#         70
  C:4929H         LINE#         71
  C:492BH         LINE#         72
  C:492DH         LINE#         74
  C:4937H         LINE#         75
  C:493BH         LINE#         77
  C:493DH         LINE#         78
  C:4946H         LINE#         79
  C:494AH         LINE#         81
  C:494CH         LINE#         82
  C:4953H         LINE#         83
  C:4957H         LINE#         85
  C:4959H         LINE#         86
  C:495DH         LINE#         87
  C:4961H         LINE#         89
  C:4963H         LINE#         90
  C:4963H         LINE#         91
  C:4966H         LINE#         92
  C:4968H         LINE#         93
  -------         ENDPROC       _COMMAND
  C:4AEAH         SYMBOL        L?0028
  -------         PROC          L?0027
  -------         ENDPROC       L?0027
  C:4AEAH         SYMBOL        L?0028
  -------         PROC          _WAIT_MS
  D:0006H         SYMBOL        ms
  -------         DO            
  D:0004H         SYMBOL        De_Cnt
  -------         ENDDO         
  C:4AEEH         LINE#         95
  C:4AEEH         LINE#         96
  C:4AEEH         LINE#         98
  C:4AF8H         LINE#         99
  C:4AF8H         LINE#         100
  C:4B0BH         LINE#         101
  C:4B0BH         LINE#         102
  -------         ENDPROC       _WAIT_MS
  -------         PROC          _DISPLAYLCD
  D:0007H         SYMBOL        BCD
  -------         DO            
  D:0006H         SYMBOL        first_digit
  X:03BBH         SYMBOL        second_digit
  -------         ENDDO         
  C:4B89H         LINE#         103
  C:4B89H         LINE#         104
BL51 BANKED LINKER/LOCATER V6.22                                                      02/18/2019  12:22:08  PAGE 21


  C:4B89H         LINE#         106
  C:4B90H         LINE#         107
  C:4B99H         LINE#         109
  C:4B9EH         LINE#         111
  -------         ENDPROC       _DISPLAYLCD
  -------         PROC          LCD_RETURN_HOME
  C:4CDDH         LINE#         115
  C:4CDDH         LINE#         116
  C:4CDDH         LINE#         117
  C:4CE2H         LINE#         118
  -------         ENDPROC       LCD_RETURN_HOME
  -------         PROC          LCD_CLEAR
  C:4CE7H         LINE#         121
  C:4CE7H         LINE#         122
  C:4CE7H         LINE#         123
  C:4CECH         LINE#         124
  -------         ENDPROC       LCD_CLEAR
  -------         PROC          _DISPLAY_LINE
  D:0006H         SYMBOL        line
  C:4C06H         LINE#         128
  C:4C06H         LINE#         129
  C:4C06H         LINE#         130
  C:4C0CH         LINE#         131
  C:4C0CH         LINE#         132
  C:4C0EH         LINE#         133
  C:4C0EH         LINE#         134
  C:4C10H         LINE#         136
  C:4C10H         LINE#         137
  C:4C15H         LINE#         138
  C:4C1AH         LINE#         139
  C:4C1AH         LINE#         140
  -------         ENDPROC       _DISPLAY_LINE
  -------         ENDMOD        LCD_DRIVER_SPLC780D

  -------         MODULE        KEYPAD
  C:0000H         SYMBOL        _ICE_DUMMY_
  D:0093H         PUBLIC        P0M1
  D:0080H         PUBLIC        P0
  D:0090H         PUBLIC        P1
  D:00A0H         PUBLIC        P2
  D:00B0H         PUBLIC        P3
  D:00C0H         PUBLIC        P4
  D:00C8H         PUBLIC        P5
  B:0020H.0       PUBLIC        calib_mode
  D:00E8H         PUBLIC        P6
  D:00F8H         PUBLIC        P7
  D:00A8H         PUBLIC        IE
  C:3646H         PUBLIC        Key_Scan
  D:00B8H         PUBLIC        IP
  D:00D8H         PUBLIC        CCON
  C:4CC5H         PUBLIC        KeyPad_IO_Init
  C:4B6BH         PUBLIC        _Delay_ms
  D:0098H         PUBLIC        SCON
  D:0088H         PUBLIC        TCON
  B:0020H.1       PUBLIC        small_move
  B:0020H.2       PUBLIC        move
  B:0020H.3       PUBLIC        direction
BL51 BANKED LINKER/LOCATER V6.22                                                      02/18/2019  12:22:08  PAGE 22


  B:0020H.4       PUBLIC        auto_move
  C:2FDFH         PUBLIC        Key_Process
  D:00D0H         PUBLIC        PSW
  D:0094H         PUBLIC        P0M0
  -------         PROC          _DELAY_MS
  D:0006H         SYMBOL        ms
  -------         DO            
  D:0004H         SYMBOL        De_Cnt
  -------         ENDDO         
  C:4B6BH         LINE#         19
  C:4B6BH         LINE#         20
  C:4B6BH         LINE#         22
  C:4B75H         LINE#         23
  C:4B75H         LINE#         24
  C:4B88H         LINE#         25
  C:4B88H         LINE#         26
  -------         ENDPROC       _DELAY_MS
  -------         PROC          KEY_SCAN
  -------         DO            
  X:03C1H         SYMBOL        KeyTemp1
  X:03C2H         SYMBOL        KeyTemp2
  X:03C3H         SYMBOL        KeyValue
  -------         ENDDO         
  C:3646H         LINE#         27
  C:3646H         LINE#         28
  C:3646H         LINE#         33
  C:3649H         LINE#         36
  C:364CH         LINE#         38
  C:3654H         LINE#         39
  C:365BH         LINE#         40
  C:365BH         LINE#         42
  C:3660H         LINE#         43
  C:3667H         LINE#         44
  C:3667H         LINE#         47
  C:366AH         LINE#         48
  C:366DH         LINE#         49
  C:3672H         LINE#         50
  C:3676H         LINE#         51
  C:3676H         LINE#         52
  C:367EH         LINE#         53
  C:367EH         LINE#         54
  C:3681H         LINE#         55
  C:3689H         LINE#         56
  C:368BH         LINE#         58
  C:369FH         LINE#         59
  C:369FH         LINE#         60
  C:369FH         LINE#         61
  C:369FH         LINE#         62
  C:36A5H         LINE#         64
  C:36A7H         LINE#         65
  C:36A7H         LINE#         66
  C:36A7H         LINE#         67
  C:36ADH         LINE#         69
  C:36AFH         LINE#         70
  C:36AFH         LINE#         71
  C:36AFH         LINE#         72
  C:36B5H         LINE#         74
BL51 BANKED LINKER/LOCATER V6.22                                                      02/18/2019  12:22:08  PAGE 23


  C:36B7H         LINE#         75
  C:36B7H         LINE#         76
  C:36B7H         LINE#         77
  C:36BDH         LINE#         79
  C:36BDH         LINE#         80
  C:36BDH         LINE#         81
  C:36BDH         LINE#         84
  C:36C0H         LINE#         85
  C:36C3H         LINE#         86
  C:36CBH         LINE#         87
  C:36CFH         LINE#         88
  C:36CFH         LINE#         89
  C:36D7H         LINE#         90
  C:36D7H         LINE#         91
  C:36DAH         LINE#         92
  C:36E2H         LINE#         93
  C:36E4H         LINE#         94
  C:36F8H         LINE#         95
  C:36F8H         LINE#         96
  C:36F8H         LINE#         97
  C:36F8H         LINE#         98
  C:36FEH         LINE#         100
  C:3700H         LINE#         101
  C:3700H         LINE#         102
  C:3700H         LINE#         103
  C:3706H         LINE#         105
  C:3708H         LINE#         106
  C:3708H         LINE#         107
  C:3708H         LINE#         108
  C:370EH         LINE#         110
  C:3710H         LINE#         111
  C:3710H         LINE#         112
  C:3710H         LINE#         113
  C:3715H         LINE#         115
  C:3715H         LINE#         116
  C:3715H         LINE#         117
  C:3715H         LINE#         120
  C:3718H         LINE#         121
  C:371BH         LINE#         122
  C:3723H         LINE#         123
  C:3727H         LINE#         124
  C:3727H         LINE#         125
  C:372FH         LINE#         126
  C:372FH         LINE#         127
  C:3732H         LINE#         128
  C:373AH         LINE#         129
  C:373CH         LINE#         130
  C:3750H         LINE#         131
  C:3750H         LINE#         132
  C:3750H         LINE#         133
  C:3750H         LINE#         134
  C:3756H         LINE#         136
  C:3758H         LINE#         137
  C:3758H         LINE#         138
  C:3758H         LINE#         139
  C:375EH         LINE#         141
  C:3760H         LINE#         142
BL51 BANKED LINKER/LOCATER V6.22                                                      02/18/2019  12:22:08  PAGE 24


  C:3760H         LINE#         143
  C:3760H         LINE#         144
  C:3766H         LINE#         146
  C:3768H         LINE#         147
  C:3768H         LINE#         148
  C:3768H         LINE#         149
  C:376EH         LINE#         151
  C:376EH         LINE#         152
  C:376EH         LINE#         153
  C:376EH         LINE#         157
  C:3771H         LINE#         158
  C:3774H         LINE#         159
  C:377CH         LINE#         160
  C:3780H         LINE#         161
  C:3780H         LINE#         162
  C:3788H         LINE#         163
  C:3788H         LINE#         164
  C:378BH         LINE#         165
  C:3793H         LINE#         166
  C:3795H         LINE#         167
  C:37A9H         LINE#         168
  C:37A9H         LINE#         169
  C:37A9H         LINE#         170
  C:37A9H         LINE#         171
  C:37AFH         LINE#         173
  C:37B1H         LINE#         174
  C:37B1H         LINE#         175
  C:37B1H         LINE#         176
  C:37B7H         LINE#         178
  C:37B9H         LINE#         179
  C:37B9H         LINE#         180
  C:37B9H         LINE#         181
  C:37BFH         LINE#         183
  C:37C1H         LINE#         184
  C:37C1H         LINE#         185
  C:37C1H         LINE#         186
  C:37C7H         LINE#         188
  C:37C7H         LINE#         189
  C:37C7H         LINE#         190
  C:37C7H         LINE#         192
  C:37CDH         LINE#         193
  C:37CDH         LINE#         195
  C:37CDH         LINE#         196
  C:37D0H         LINE#         197
  C:37D0H         LINE#         198
  C:37D0H         LINE#         200
  C:37D0H         LINE#         201
  C:37D2H         LINE#         202
  C:37D2H         LINE#         203
  -------         ENDPROC       KEY_SCAN
  -------         PROC          KEY_PROCESS
  -------         DO            
  X:0614H         SYMBOL        KeyCount
  X:0616H         SYMBOL        KeyNum_Old
  X:0617H         SYMBOL        KeyNum
  X:0618H         SYMBOL        PressedKey
  X:03BBH         SYMBOL        d
BL51 BANKED LINKER/LOCATER V6.22                                                      02/18/2019  12:22:08  PAGE 25


  D:0004H         SYMBOL        hours
  D:0006H         SYMBOL        mins
  X:03BDH         SYMBOL        months
  X:03BFH         SYMBOL        days
  -------         ENDDO         
  C:2FDFH         LINE#         204
  C:2FDFH         LINE#         205
  C:2FDFH         LINE#         209
  C:2FE7H         LINE#         210
  C:2FEFH         LINE#         212
  C:2FF2H         LINE#         213
  C:2FF2H         LINE#         214
  C:2FF5H         LINE#         216
  C:2FF5H         LINE#         217
  C:3002H         LINE#         218
  C:3002H         LINE#         219
  C:3005H         LINE#         220
  C:3008H         LINE#         222
  C:300BH         LINE#         224
  C:300BH         LINE#         225
  C:3016H         LINE#         226
  C:3016H         LINE#         227
  C:3019H         LINE#         229
  C:3019H         LINE#         230
  C:3020H         LINE#         231
  C:3020H         LINE#         232
  C:3023H         LINE#         234
  C:3023H         LINE#         235
  C:302BH         LINE#         236
  C:302BH         LINE#         237
  C:3035H         LINE#         238
  C:303DH         LINE#         240
  C:3046H         LINE#         242
  C:3046H         LINE#         251
  C:305BH         LINE#         252
  C:305BH         LINE#         253
  C:306DH         LINE#         254
  C:307BH         LINE#         255
  C:308AH         LINE#         256
  C:308AH         LINE#         258
  C:3090H         LINE#         262
  C:30A6H         LINE#         263
  C:30B7H         LINE#         264
  C:30D2H         LINE#         265
  C:30D2H         LINE#         266
  C:30E2H         LINE#         267
  C:30F3H         LINE#         268
  C:30F3H         LINE#         272
  C:310CH         LINE#         273
  C:3123H         LINE#         274
  C:3143H         LINE#         275
  C:3143H         LINE#         276
  C:314DH         LINE#         277
  C:314DH         LINE#         278
  C:3156H         LINE#         279
  C:3156H         LINE#         280
  C:316AH         LINE#         281
BL51 BANKED LINKER/LOCATER V6.22                                                      02/18/2019  12:22:08  PAGE 26


  C:316AH         LINE#         282
  C:316AH         LINE#         283
  C:316AH         LINE#         284
  C:316AH         LINE#         285
  C:316CH         LINE#         287
  C:316CH         LINE#         288
  C:3178H         LINE#         289
  C:3178H         LINE#         290
  C:3189H         LINE#         291
  C:3189H         LINE#         292
  C:3189H         LINE#         293
  C:3189H         LINE#         294
  C:3189H         LINE#         296
  C:318BH         LINE#         298
  C:318BH         LINE#         299
  C:319CH         LINE#         300
  C:319CH         LINE#         301
  C:319CH         LINE#         302
  C:319CH         LINE#         303
  C:319CH         LINE#         305
  C:319CH         LINE#         307
  C:319CH         LINE#         308
  C:319EH         LINE#         310
  C:319EH         LINE#         311
  C:31B1H         LINE#         312
  C:31B1H         LINE#         313
  C:31C2H         LINE#         314
  C:31C2H         LINE#         315
  C:31C2H         LINE#         316
  C:31C2H         LINE#         317
  C:31C2H         LINE#         318
  C:31C4H         LINE#         320
  C:31C4H         LINE#         321
  C:31D5H         LINE#         322
  C:31D5H         LINE#         323
  C:31E6H         LINE#         324
  C:31F7H         LINE#         325
  C:31F7H         LINE#         326
  C:31F7H         LINE#         327
  C:31F7H         LINE#         328
  C:31F7H         LINE#         329
  C:31FAH         LINE#         330
  C:31FFH         LINE#         331
  C:3204H         LINE#         332
  C:3209H         LINE#         333
  C:320EH         LINE#         334
  C:3213H         LINE#         335
  C:3218H         LINE#         336
  C:321DH         LINE#         337
  C:321DH         LINE#         339
  C:323FH         LINE#         340
  C:323FH         LINE#         341
  C:3249H         LINE#         342
  C:3249H         LINE#         343
  C:324EH         LINE#         344
  C:3257H         LINE#         345
  C:326EH         LINE#         346
BL51 BANKED LINKER/LOCATER V6.22                                                      02/18/2019  12:22:08  PAGE 27


  C:326EH         LINE#         347
  C:327EH         LINE#         349
  C:327EH         LINE#         353
  -------         ENDPROC       KEY_PROCESS
  -------         PROC          KEYPAD_IO_INIT
  C:4CC5H         LINE#         356
  C:4CC5H         LINE#         357
  C:4CC5H         LINE#         358
  C:4CC8H         LINE#         359
  C:4CCBH         LINE#         360
  C:4CCEH         LINE#         361
  C:4CD0H         LINE#         362
  -------         ENDPROC       KEYPAD_IO_INIT
  -------         ENDMOD        KEYPAD

  -------         MODULE        BIPOLARMOTOR
  C:0000H         SYMBOL        _ICE_DUMMY_
  D:0080H         PUBLIC        P0
  D:0090H         PUBLIC        P1
  X:0000H         PUBLIC        RX_pos_test
  D:00A0H         PUBLIC        P2
  D:00B0H         PUBLIC        P3
  D:00C0H         PUBLIC        P4
  D:00C8H         PUBLIC        P5
  D:00E8H         PUBLIC        P6
  D:00F8H         PUBLIC        P7
  X:00A0H         PUBLIC        low_date_azimuth_mapping
  D:00A8H         PUBLIC        IE
  C:402DH         PUBLIC        linear_interpolate
  C:4A99H         PUBLIC        _Move
  D:00B8H         PUBLIC        IP
  C:34A8H         PUBLIC        _findDet3x3
  C:2D1FH         PUBLIC        _findDet4x4
  D:00D8H         PUBLIC        CCON
  X:00C8H         PUBLIC        previous_move_time
  D:0098H         PUBLIC        SCON
  D:0088H         PUBLIC        TCON
  C:4D01H         PUBLIC        wait
  C:4969H         PUBLIC        _Step_move
  X:00C9H         PUBLIC        dat
  C:000EH         PUBLIC        _Update_position
  C:4851H         PUBLIC        vOneStepMove
  X:00CFH         PUBLIC        elevation_stamp
  X:010BH         PUBLIC        date_azimuth_mapping
  X:0133H         PUBLIC        RX_pos
  C:4BB0H         PUBLIC        _BCDtoDec1
  X:038BH         PUBLIC        degree
  D:00D0H         PUBLIC        PSW
  -------         PROC          L?0062
  -------         ENDPROC       L?0062
  -------         PROC          _BCDTODEC1
  D:0007H         SYMBOL        bcd
  -------         DO            
  D:0006H         SYMBOL        hi
  D:0007H         SYMBOL        lo
  -------         ENDDO         
  C:4BB0H         LINE#         28
BL51 BANKED LINKER/LOCATER V6.22                                                      02/18/2019  12:22:08  PAGE 28


  C:4BB0H         LINE#         29
  C:4BB0H         LINE#         31
  C:4BB5H         LINE#         32
  C:4BB9H         LINE#         33
  C:4BC0H         LINE#         34
  -------         ENDPROC       _BCDTODEC1
  -------         PROC          WAIT
  C:4D01H         LINE#         36
  C:4D01H         LINE#         38
  -------         ENDPROC       WAIT
  -------         PROC          VONESTEPMOVE
  B:0020H.7       SYMBOL        bDir
  C:4851H         LINE#         40
  C:4851H         LINE#         41
  C:4851H         LINE#         43
  C:4857H         LINE#         44
  C:4857H         LINE#         45
  C:485AH         LINE#         46
  C:4863H         LINE#         47
  C:486AH         LINE#         48
  C:486FH         LINE#         49
  C:486FH         LINE#         50
  C:486FH         LINE#         52
  C:4871H         LINE#         55
  C:4871H         LINE#         56
  C:4874H         LINE#         57
  C:487DH         LINE#         58
  C:4884H         LINE#         59
  C:488AH         LINE#         60
  C:4893H         LINE#         61
  C:489AH         LINE#         62
  C:489AH         LINE#         66
  -------         ENDPROC       VONESTEPMOVE
  -------         PROC          _STEP_MOVE
  X:0477H         SYMBOL        step
  B:0020H.6       SYMBOL        dir
  -------         DO            
  X:0479H         SYMBOL        i
  -------         ENDDO         
  C:4969H         LINE#         68
  C:4971H         LINE#         69
  C:4971H         LINE#         71
  C:4976H         LINE#         74
  C:4991H         LINE#         75
  C:4991H         LINE#         76
  C:4998H         LINE#         78
  C:49A8H         LINE#         80
  -------         ENDPROC       _STEP_MOVE
  -------         PROC          _MOVE
  X:0473H         SYMBOL        distance
  B:0020H.5       SYMBOL        direction
  -------         DO            
  D:0006H         SYMBOL        step
  -------         ENDDO         
  C:4A99H         LINE#         82
  C:4A9FH         LINE#         83
  C:4A9FH         LINE#         86
BL51 BANKED LINKER/LOCATER V6.22                                                      02/18/2019  12:22:08  PAGE 29


  C:4ABAH         LINE#         87
  -------         ENDPROC       _MOVE
  C:3489H         SYMBOL        L?0058
  C:349DH         SYMBOL        L?0059
  -------         PROC          L?0057
  -------         ENDPROC       L?0057
  C:3489H         SYMBOL        L?0058
  C:349DH         SYMBOL        L?0059
  -------         PROC          _FINDDET3X3
  X:05F0H         SYMBOL        a11
  X:05F4H         SYMBOL        a12
  X:05F8H         SYMBOL        a13
  X:05FCH         SYMBOL        a21
  X:0600H         SYMBOL        a22
  X:0604H         SYMBOL        a23
  X:0608H         SYMBOL        a31
  X:060CH         SYMBOL        a32
  X:0610H         SYMBOL        a33
  C:34A8H         LINE#         91
  C:34AEH         LINE#         95
  C:34AEH         LINE#         96
  C:3645H         LINE#         98
  -------         ENDPROC       _FINDDET3X3
  -------         PROC          _FINDDET4X4
  X:05B0H         SYMBOL        a11
  X:05B4H         SYMBOL        a12
  X:05B8H         SYMBOL        a13
  X:05BCH         SYMBOL        a14
  X:05C0H         SYMBOL        a21
  X:05C4H         SYMBOL        a22
  X:05C8H         SYMBOL        a23
  X:05CCH         SYMBOL        a24
  X:05D0H         SYMBOL        a31
  X:05D4H         SYMBOL        a32
  X:05D8H         SYMBOL        a33
  X:05DCH         SYMBOL        a34
  X:05E0H         SYMBOL        a41
  X:05E4H         SYMBOL        a42
  X:05E8H         SYMBOL        a43
  X:05ECH         SYMBOL        a44
  C:2D1FH         LINE#         99
  C:2D25H         LINE#         103
  C:2D25H         LINE#         110
  C:2FDEH         LINE#         114
  -------         ENDPROC       _FINDDET4X4
  C:401CH         SYMBOL        L?0061
  -------         PROC          L?0060
  -------         ENDPROC       L?0060
  C:401CH         SYMBOL        L?0061
  -------         PROC          LINEAR_INTERPOLATE
  X:0473H         SYMBOL        p1
  X:047BH         SYMBOL        p2
  X:0483H         SYMBOL        x
  -------         DO            
  D:0004H         SYMBOL        fx
  -------         ENDDO         
  C:402DH         LINE#         120
BL51 BANKED LINKER/LOCATER V6.22                                                      02/18/2019  12:22:08  PAGE 30


  C:402DH         LINE#         121
  C:402DH         LINE#         124
  C:40CCH         LINE#         126
  C:40CCH         LINE#         127
  -------         ENDPROC       LINEAR_INTERPOLATE
  -------         PROC          _UPDATE_POSITION
  D:0001H         SYMBOL        mnths
  D:0002H         SYMBOL        dys
  X:03D6H         SYMBOL        hurs
  X:03D7H         SYMBOL        mns
  X:03D8H         SYMBOL        sconds
  X:03D9H         SYMBOL        currnt_pos
  X:03DCH         SYMBOL        offset_calib
  -------         DO            
  X:03E0H         SYMBOL        date
  X:03E2H         SYMBOL        i
  X:03E4H         SYMBOL        yy
  X:03E6H         SYMBOL        desired_distance
  X:03EAH         SYMBOL        distance
  X:03EEH         SYMBOL        JP_pos
  X:03F2H         SYMBOL        pos_interpolate_azimuth
  X:042EH         SYMBOL        current_local_sun_time
  X:0432H         SYMBOL        azimuth
  X:0436H         SYMBOL        elevation
  X:043AH         SYMBOL        time_offset
  X:043EH         SYMBOL        UTC_time
  X:0442H         SYMBOL        declination
  X:0446H         SYMBOL        p1
  X:044EH         SYMBOL        p2
  X:0456H         SYMBOL        time
  X:0468H         SYMBOL        location
  X:0470H         SYMBOL        sunCoord
  -------         ENDDO         
  C:000EH         LINE#         131
  C:0017H         LINE#         134
  C:0017H         LINE#         135
  C:0022H         LINE#         137
  C:003EH         LINE#         138
  C:0048H         LINE#         146
  C:0052H         LINE#         147
  C:005CH         LINE#         148
  C:0066H         LINE#         149
  C:0071H         LINE#         150
  C:007CH         LINE#         151
  C:0095H         LINE#         152
  C:00A6H         LINE#         153
  C:00B5H         LINE#         156
  C:00C9H         LINE#         160
  C:011BH         LINE#         161
  C:027FH         LINE#         162
  C:02CFH         LINE#         164
  C:03F7H         LINE#         166
  C:04C6H         LINE#         173
  C:050DH         LINE#         174
  C:050DH         LINE#         176
  C:0527H         LINE#         177
  C:0527H         LINE#         178
BL51 BANKED LINKER/LOCATER V6.22                                                      02/18/2019  12:22:08  PAGE 31


  C:0597H         LINE#         179
  C:0597H         LINE#         180
  C:059EH         LINE#         181
  C:059EH         LINE#         182
  C:05CBH         LINE#         183
  C:05E6H         LINE#         185
  C:062DH         LINE#         186
  C:0661H         LINE#         188
  C:06A7H         LINE#         189
  C:06CAH         LINE#         191
  C:06CAH         LINE#         193
  C:0740H         LINE#         194
  C:0740H         LINE#         195
  C:0747H         LINE#         196
  C:0747H         LINE#         197
  C:0774H         LINE#         198
  C:078FH         LINE#         200
  C:07D6H         LINE#         201
  C:080AH         LINE#         203
  C:0850H         LINE#         204
  C:0870H         LINE#         206
  C:0870H         LINE#         207
  C:0881H         LINE#         210
  C:089BH         LINE#         211
  C:089BH         LINE#         212
  C:090BH         LINE#         213
  C:090BH         LINE#         214
  C:0938H         LINE#         215
  C:0953H         LINE#         217
  C:0980H         LINE#         218
  C:099BH         LINE#         220
  C:09CDH         LINE#         223
  C:09CDH         LINE#         225
  C:09DEH         LINE#         227
  C:0A0DH         LINE#         229
  C:0A32H         LINE#         230
  C:0A97H         LINE#         231
  C:0A97H         LINE#         232
  C:0AB1H         LINE#         233
  C:0AC3H         LINE#         234
  C:0ADBH         LINE#         235
  C:0AF1H         LINE#         237
  C:0B0DH         LINE#         238
  C:0B0DH         LINE#         239
  C:0B0DH         LINE#         242
  -------         ENDPROC       _UPDATE_POSITION
  -------         ENDMOD        BIPOLARMOTOR

  -------         MODULE        SUNPOS
  C:0000H         SYMBOL        _ICE_DUMMY_
  C:1E82H         PUBLIC        sunpos
  -------         PROC          SUNPOS
  X:0473H         SYMBOL        udtTime
  X:0485H         SYMBOL        udtLocation
  X:048DH         SYMBOL        udtSunCoordinates
  -------         DO            
  X:0490H         SYMBOL        dElapsedJulianDays
BL51 BANKED LINKER/LOCATER V6.22                                                      02/18/2019  12:22:08  PAGE 32


  X:0494H         SYMBOL        dDecimalHours
  X:0498H         SYMBOL        dEclipticLongitude
  X:049CH         SYMBOL        dEclipticObliquity
  X:04A0H         SYMBOL        dRightAscension
  X:04A4H         SYMBOL        dDeclination
  X:04A8H         SYMBOL        dY
  X:04ACH         SYMBOL        dX
  -------         DO            
  X:04B0H         SYMBOL        dJulianDate
  X:04B4H         SYMBOL        liAux1
  X:04B8H         SYMBOL        liAux2
  X:04B0H         SYMBOL        dMeanLongitude
  X:04B4H         SYMBOL        dMeanAnomaly
  X:04B8H         SYMBOL        dOmega
  X:04B0H         SYMBOL        dSin_EclipticLongitude
  X:04B0H         SYMBOL        dGreenwichMeanSiderealTime
  X:04B4H         SYMBOL        dLocalMeanSiderealTime
  X:04B8H         SYMBOL        dLatitudeInRadians
  X:04BCH         SYMBOL        dHourAngle
  X:04C0H         SYMBOL        dCos_Latitude
  X:04C4H         SYMBOL        dSin_Latitude
  X:04C8H         SYMBOL        dCos_HourAngle
  X:04CCH         SYMBOL        dParallax
  -------         ENDDO         
  -------         DO            
  X:04B0H         SYMBOL        dMeanLongitude
  X:04B4H         SYMBOL        dMeanAnomaly
  X:04B8H         SYMBOL        dOmega
  X:04B0H         SYMBOL        dSin_EclipticLongitude
  X:04B0H         SYMBOL        dGreenwichMeanSiderealTime
  X:04B4H         SYMBOL        dLocalMeanSiderealTime
  X:04B8H         SYMBOL        dLatitudeInRadians
  X:04BCH         SYMBOL        dHourAngle
  X:04C0H         SYMBOL        dCos_Latitude
  X:04C4H         SYMBOL        dSin_Latitude
  X:04C8H         SYMBOL        dCos_HourAngle
  X:04CCH         SYMBOL        dParallax
  -------         ENDDO         
  -------         DO            
  X:04B0H         SYMBOL        dSin_EclipticLongitude
  X:04B0H         SYMBOL        dGreenwichMeanSiderealTime
  X:04B4H         SYMBOL        dLocalMeanSiderealTime
  X:04B8H         SYMBOL        dLatitudeInRadians
  X:04BCH         SYMBOL        dHourAngle
  X:04C0H         SYMBOL        dCos_Latitude
  X:04C4H         SYMBOL        dSin_Latitude
  X:04C8H         SYMBOL        dCos_HourAngle
  X:04CCH         SYMBOL        dParallax
  -------         ENDDO         
  -------         DO            
  X:04B0H         SYMBOL        dGreenwichMeanSiderealTime
  X:04B4H         SYMBOL        dLocalMeanSiderealTime
  X:04B8H         SYMBOL        dLatitudeInRadians
  X:04BCH         SYMBOL        dHourAngle
  X:04C0H         SYMBOL        dCos_Latitude
  X:04C4H         SYMBOL        dSin_Latitude
  X:04C8H         SYMBOL        dCos_HourAngle
BL51 BANKED LINKER/LOCATER V6.22                                                      02/18/2019  12:22:08  PAGE 33


  X:04CCH         SYMBOL        dParallax
  -------         ENDDO         
  -------         ENDDO         
  C:1E82H         LINE#         6
  C:1E82H         LINE#         7
  C:1E82H         LINE#         9
  C:1E82H         LINE#         27
  C:1ECCH         LINE#         30
  C:1EEDH         LINE#         31
  C:2034H         LINE#         34
  C:2080H         LINE#         36
  C:209FH         LINE#         37
  C:209FH         LINE#         42
  C:209FH         LINE#         46
  C:20D1H         LINE#         47
  C:20FBH         LINE#         48
  C:2125H         LINE#         49
  C:21D2H         LINE#         52
  C:2233H         LINE#         54
  C:2233H         LINE#         59
  C:2233H         LINE#         61
  C:224AH         LINE#         62
  C:2272H         LINE#         63
  C:2289H         LINE#         64
  C:22B4H         LINE#         65
  C:22EBH         LINE#         66
  C:2316H         LINE#         67
  C:2316H         LINE#         70
  C:2316H         LINE#         79
  C:2351H         LINE#         82
  C:238BH         LINE#         84
  C:23B0H         LINE#         85
  C:23CFH         LINE#         86
  C:23E6H         LINE#         87
  C:23FDH         LINE#         88
  C:2414H         LINE#         89
  C:249DH         LINE#         91
  C:24B7H         LINE#         92
  C:2519H         LINE#         93
  C:254FH         LINE#         94
  C:2561H         LINE#         95
  C:258EH         LINE#         96
  C:25BBH         LINE#         98
  C:25DDH         LINE#         100
  C:2615H         LINE#         103
  C:2615H         LINE#         104
  C:2623H         LINE#         105
  -------         ENDPROC       SUNPOS
  -------         ENDMOD        SUNPOS

  -------         MODULE        ADC
  C:0000H         SYMBOL        _ICE_DUMMY_
  D:0092H         PUBLIC        P1M0
  D:0091H         PUBLIC        P1M1
  D:0080H         PUBLIC        P0
  D:0090H         PUBLIC        P1
  D:00A0H         PUBLIC        P2
BL51 BANKED LINKER/LOCATER V6.22                                                      02/18/2019  12:22:08  PAGE 34


  D:00B0H         PUBLIC        P3
  D:00C0H         PUBLIC        P4
  D:00C8H         PUBLIC        P5
  D:00E8H         PUBLIC        P6
  D:00F8H         PUBLIC        P7
  D:00A8H         PUBLIC        IE
  D:00BDH         PUBLIC        ADC_RES
  D:00B8H         PUBLIC        IP
  D:0097H         PUBLIC        CLK_DIV
  D:00D8H         PUBLIC        CCON
  D:00BCH         PUBLIC        ADC_CONTR
  D:0098H         PUBLIC        SCON
  D:0088H         PUBLIC        TCON
  B:00A0H.4       PUBLIC        P24
  B:00A0H.5       PUBLIC        P25
  B:00A0H.6       PUBLIC        P26
  C:4B4CH         PUBLIC        ADC_Init
  C:4A17H         PUBLIC        _ADC_GetResult
  D:009DH         PUBLIC        P1ASF
  D:00BEH         PUBLIC        ADC_RESL
  D:00D0H         PUBLIC        PSW
  -------         PROC          ADC_INIT
  C:4B4CH         LINE#         7
  C:4B4CH         LINE#         8
  C:4B4CH         LINE#         10
  C:4B4EH         LINE#         11
  C:4B50H         LINE#         12
  C:4B52H         LINE#         13
  C:4B55H         LINE#         14
  C:4B58H         LINE#         15
  C:4B5BH         LINE#         16
  C:4B5EH         LINE#         18
  C:4B60H         LINE#         19
  C:4B62H         LINE#         20
  C:4B65H         LINE#         22
  -------         ENDPROC       ADC_INIT
  -------         PROC          _ADC_GETRESULT
  D:0007H         SYMBOL        ch
  -------         DO            
  D:0006H         SYMBOL        ADC_Value_H
  D:0004H         SYMBOL        ADC_Value_L
  D:0006H         SYMBOL        ADC_Value
  -------         ENDDO         
  C:4A17H         LINE#         27
  C:4A17H         LINE#         28
  C:4A17H         LINE#         30
[...]
BL51 BANKED LINKER/LOCATER V6.22                                                      02/18/2019  12:22:08  PAGE 44


  C:3EA7H         LINE#         121
  C:3EA9H         LINE#         123
  C:3EA9H         LINE#         124
  C:3EA9H         LINE#         125
  C:3EA9H         LINE#         126
  C:3EACH         LINE#         127
  C:3EC5H         LINE#         129
  C:3EE4H         LINE#         131
  C:3EEBH         LINE#         132
  C:3EEBH         LINE#         133
  C:3EEDH         LINE#         134
  C:3EF0H         LINE#         135
  C:3EF7H         LINE#         136
  C:3EF7H         LINE#         137
  C:3EF9H         LINE#         138
  C:3EFBH         LINE#         140
  C:3EFBH         LINE#         141
  C:3EFDH         LINE#         143
  C:3EFDH         LINE#         144
  C:3EFDH         LINE#         145
  C:3EFDH         LINE#         146
  C:3F00H         LINE#         147
  C:3F07H         LINE#         149
  C:3F26H         LINE#         151
  C:3F28H         LINE#         152
  -------         ENDPROC       _AT25SF041_WRITE
  -------         PROC          _AT25SF041_READ
  D:0003H         SYMBOL        opcode
  X:061EH         SYMBOL        addr
  -------         DO            
  X:0622H         SYMBOL        dat
  X:0623H         SYMBOL        i
  -------         ENDDO         
  C:3D2BH         LINE#         156
  C:3D2DH         LINE#         157
  C:3D2DH         LINE#         158
  C:3D32H         LINE#         160
  C:3D34H         LINE#         161
  C:3D3AH         LINE#         165
  C:3D3FH         LINE#         166
  C:3D3FH         LINE#         167
  C:3D41H         LINE#         168
  C:3D44H         LINE#         169
  C:3D48H         LINE#         170
  C:3D48H         LINE#         171
  C:3D4AH         LINE#         172
  C:3D4CH         LINE#         174
  C:3D4CH         LINE#         175
  C:3D4EH         LINE#         177
  C:3D4EH         LINE#         178
  C:3D4EH         LINE#         179
  C:3D4EH         LINE#         180
  C:3D51H         LINE#         181
  C:3D55H         LINE#         184
  C:3D74H         LINE#         186
  C:3D7BH         LINE#         187
  C:3D7BH         LINE#         188
BL51 BANKED LINKER/LOCATER V6.22                                                      02/18/2019  12:22:08  PAGE 45


  C:3D7DH         LINE#         189
  C:3D80H         LINE#         190
  C:3D99H         LINE#         191
  C:3D99H         LINE#         192
  C:3D9BH         LINE#         193
  C:3D9DH         LINE#         195
  C:3D9DH         LINE#         196
  C:3D9FH         LINE#         198
  C:3D9FH         LINE#         199
  C:3D9FH         LINE#         200
  C:3D9FH         LINE#         201
  C:3DA2H         LINE#         202
  C:3DBBH         LINE#         204
  C:3DDAH         LINE#         207
  C:3DE1H         LINE#         209
  C:3DE3H         LINE#         210
  C:3DEAH         LINE#         212
  C:3DF1H         LINE#         213
  C:3DF1H         LINE#         214
  C:3DF8H         LINE#         215
  C:3DF8H         LINE#         216
  C:3DFBH         LINE#         217
  C:3DFDH         LINE#         218
  C:3E00H         LINE#         220
  C:3E03H         LINE#         221
  C:3E03H         LINE#         223
  C:3E07H         LINE#         224
  C:3E07H         LINE#         230
  C:3E26H         LINE#         233
  C:3E28H         LINE#         234
  C:3E2BH         LINE#         235
  C:3E30H         LINE#         237
  -------         ENDPROC       _AT25SF041_READ
  -------         PROC          READ_STATUS_REGISTER_BYTE1
  -------         DO            
  D:0003H         SYMBOL        dat
  D:0001H         SYMBOL        opcode
  X:0631H         SYMBOL        count
  X:0632H         SYMBOL        i
  -------         ENDDO         
  C:42E1H         LINE#         241
  C:42E1H         LINE#         242
  C:42E1H         LINE#         243
  C:42E7H         LINE#         244
  C:42EBH         LINE#         245
  C:42EDH         LINE#         246
  C:42EFH         LINE#         247
  C:42F5H         LINE#         251
  C:42FCH         LINE#         252
  C:42FCH         LINE#         253
  C:42FEH         LINE#         254
  C:4301H         LINE#         255
  C:4305H         LINE#         256
  C:4305H         LINE#         257
  C:4307H         LINE#         258
  C:4309H         LINE#         260
  C:4309H         LINE#         261
BL51 BANKED LINKER/LOCATER V6.22                                                      02/18/2019  12:22:08  PAGE 46


  C:430BH         LINE#         263
  C:430BH         LINE#         264
  C:430BH         LINE#         265
  C:430BH         LINE#         266
  C:430EH         LINE#         267
  C:4312H         LINE#         270
  C:4331H         LINE#         274
  C:4338H         LINE#         276
  C:433AH         LINE#         277
  C:4341H         LINE#         278
  C:4348H         LINE#         279
  C:4348H         LINE#         280
  C:434CH         LINE#         281
  C:434CH         LINE#         282
  C:434FH         LINE#         283
  C:4351H         LINE#         284
  C:4354H         LINE#         286
  C:4357H         LINE#         287
  C:4357H         LINE#         289
  C:435BH         LINE#         290
  C:435BH         LINE#         292
  C:437AH         LINE#         296
  C:437CH         LINE#         297
  C:437FH         LINE#         298
  C:4381H         LINE#         299
  -------         ENDPROC       READ_STATUS_REGISTER_BYTE1
  -------         PROC          _SPI_NOR_WRITE_DATA
  X:03BBH         SYMBOL        dat
  X:03BEH         SYMBOL        addr
  C:327FH         LINE#         301
  C:328AH         LINE#         302
  C:328AH         LINE#         310
  C:328DH         LINE#         311
  C:32B6H         LINE#         312
  C:32B6H         LINE#         313
  C:32B9H         LINE#         314
  C:32E1H         LINE#         315
  C:32E1H         LINE#         317
  C:32E1H         LINE#         318
  C:32E4H         LINE#         319
  C:330CH         LINE#         320
  C:330CH         LINE#         322
  C:330CH         LINE#         323
  C:330FH         LINE#         324
  C:3338H         LINE#         325
  C:3338H         LINE#         327
  C:3338H         LINE#         328
  C:333BH         LINE#         329
  C:3364H         LINE#         330
  C:3364H         LINE#         332
  C:3364H         LINE#         333
  C:3367H         LINE#         334
  C:3390H         LINE#         335
  C:3390H         LINE#         336
  C:3390H         LINE#         337
  C:3393H         LINE#         338
  C:33BCH         LINE#         339
BL51 BANKED LINKER/LOCATER V6.22                                                      02/18/2019  12:22:08  PAGE 47


  C:33BCH         LINE#         341
  C:33BCH         LINE#         342
  C:33BFH         LINE#         343
  C:33E8H         LINE#         344
  C:33E8H         LINE#         346
  C:33E8H         LINE#         347
  C:33EBH         LINE#         348
  C:3414H         LINE#         349
  C:3414H         LINE#         351
  C:3414H         LINE#         352
  C:3417H         LINE#         353
  C:3440H         LINE#         354
  C:3440H         LINE#         356
  C:3440H         LINE#         357
  C:3443H         LINE#         358
  -------         ENDPROC       _SPI_NOR_WRITE_DATA
  -------         ENDMOD        AT25SF041

  -------         MODULE        ?C_STARTUP
  C:4550H         SEGMENT       ?C_C51STARTUP
  I:0022H         SEGMENT       ?STACK
  C:0000H         PUBLIC        ?C_STARTUP
  D:00E0H         SYMBOL        ACC
  D:00F0H         SYMBOL        B
  D:0083H         SYMBOL        DPH
  D:0082H         SYMBOL        DPL
  N:0000H         SYMBOL        IBPSTACK
  N:0100H         SYMBOL        IBPSTACKTOP
  N:0080H         SYMBOL        IDATALEN
  C:4553H         SYMBOL        IDATALOOP
  N:0000H         SYMBOL        PBPSTACK
  N:0100H         SYMBOL        PBPSTACKTOP
  N:0000H         SYMBOL        PDATALEN
  N:0000H         SYMBOL        PDATASTART
  N:0000H         SYMBOL        PPAGE
  N:0000H         SYMBOL        PPAGEENABLE
  D:00A0H         SYMBOL        PPAGE_SFR
  D:0081H         SYMBOL        SP
  C:4550H         SYMBOL        STARTUP1
  N:0000H         SYMBOL        XBPSTACK
  N:0000H         SYMBOL        XBPSTACKTOP
  N:0000H         SYMBOL        XDATALEN
  N:0000H         SYMBOL        XDATASTART
  C:0000H         LINE#         126
  C:4550H         LINE#         133
  C:4552H         LINE#         134
  C:4553H         LINE#         135
  C:4554H         LINE#         136
  C:4556H         LINE#         185
  C:4559H         LINE#         196
  -------         ENDMOD        ?C_STARTUP

  -------         MODULE        ?C?FPADD
  C:14D3H         PUBLIC        ?C?FPADD
  C:14CFH         PUBLIC        ?C?FPSUB
  -------         ENDMOD        ?C?FPADD

BL51 BANKED LINKER/LOCATER V6.22                                                      02/18/2019  12:22:08  PAGE 48


  -------         MODULE        ?C?FPMUL
  C:15C4H         PUBLIC        ?C?FPMUL
  -------         ENDMOD        ?C?FPMUL

  -------         MODULE        ?C?FPDIV
  C:16CDH         PUBLIC        ?C?FPDIV
  -------         ENDMOD        ?C?FPDIV

  -------         MODULE        ?C?FPCMP
  C:176CH         PUBLIC        ?C?FPCMP
  C:176AH         PUBLIC        ?C?FPCMP3
  -------         ENDMOD        ?C?FPCMP

  -------         MODULE        ?C?FPNEG
  C:17E3H         PUBLIC        ?C?FPNEG
  -------         ENDMOD        ?C?FPNEG

  -------         MODULE        ?C?FCAST
  C:17FEH         PUBLIC        ?C?FCASTC
  C:17F9H         PUBLIC        ?C?FCASTI
  C:17F4H         PUBLIC        ?C?FCASTL
  -------         ENDMOD        ?C?FCAST

  -------         MODULE        ?C?CASTF
  C:1832H         PUBLIC        ?C?CASTF
  -------         ENDMOD        ?C?CASTF

  -------         MODULE        ATAN2
  X:04D0H         PUBLIC        ?_atan2?BYTE
  C:4382H         PUBLIC        _atan2
  -------         ENDMOD        ATAN2

  -------         MODULE        SIN
  C:381BH         PUBLIC        _COS
  C:3831H         PUBLIC        _SIN
  C:386DH         PUBLIC        _TAN
  -------         ENDMOD        SIN

  -------         MODULE        ACOS
  C:489BH         PUBLIC        _ACOS
  -------         ENDMOD        ACOS

  -------         MODULE        ASIN
  C:49A9H         PUBLIC        _ASIN
  -------         ENDMOD        ASIN

  -------         MODULE        SQRT
  C:4239H         PUBLIC        _SQRT
  -------         ENDMOD        SQRT

  -------         MODULE        ATAN
  C:3C29H         PUBLIC        _ATAN
  -------         ENDMOD        ATAN

  -------         MODULE        ?C?COPY
  C:19D0H         PUBLIC        ?C?COPY
  -------         ENDMOD        ?C?COPY
BL51 BANKED LINKER/LOCATER V6.22                                                      02/18/2019  12:22:08  PAGE 49



  -------         MODULE        ?C?CLDPTR
  C:19F6H         PUBLIC        ?C?CLDPTR
  -------         ENDMOD        ?C?CLDPTR

  -------         MODULE        ?C?CLDOPTR
  C:1A0FH         PUBLIC        ?C?CLDOPTR
  -------         ENDMOD        ?C?CLDOPTR

  -------         MODULE        ?C?CSTPTR
  C:1A3CH         PUBLIC        ?C?CSTPTR
  -------         ENDMOD        ?C?CSTPTR

  -------         MODULE        ?C?IMUL
  C:1A4EH         PUBLIC        ?C?IMUL
  -------         ENDMOD        ?C?IMUL

  -------         MODULE        ?C?UIDIV
  C:1A60H         PUBLIC        ?C?UIDIV
  -------         ENDMOD        ?C?UIDIV

  -------         MODULE        ?C?SIDIV
  C:1AB5H         PUBLIC        ?C?SIDIV
  -------         ENDMOD        ?C?SIDIV

  -------         MODULE        ?C?IILDX
  C:1AEBH         PUBLIC        ?C?IILDX
  -------         ENDMOD        ?C?IILDX

  -------         MODULE        ?C?ILDIX
  C:1B01H         PUBLIC        ?C?ILDIX
  -------         ENDMOD        ?C?ILDIX

  -------         MODULE        ?C?ILDOPTR
  C:1B17H         PUBLIC        ?C?ILDOPTR
  -------         ENDMOD        ?C?ILDOPTR

  -------         MODULE        ?C?ISTPTR
  C:1B4FH         PUBLIC        ?C?ISTPTR
  -------         ENDMOD        ?C?ISTPTR

  -------         MODULE        ?C?LMUL
  C:1B6EH         PUBLIC        ?C?LMUL
  -------         ENDMOD        ?C?LMUL

  -------         MODULE        ?C?SLDIV
  C:48E5H         PUBLIC        ?C?SLDIV
  -------         ENDMOD        ?C?SLDIV

  -------         MODULE        ?C?LNEG
  C:1BBDH         PUBLIC        ?C?LNEG
  -------         ENDMOD        ?C?LNEG

  -------         MODULE        ?C?ULCMP
  C:1BCBH         PUBLIC        ?C?ULCMP
  -------         ENDMOD        ?C?ULCMP

BL51 BANKED LINKER/LOCATER V6.22                                                      02/18/2019  12:22:08  PAGE 50


  -------         MODULE        ?C?LSHL
  C:1BDCH         PUBLIC        ?C?LSHL
  -------         ENDMOD        ?C?LSHL

  -------         MODULE        ?C?LLDPTR
  C:1BEFH         PUBLIC        ?C?LLDPTR
  -------         ENDMOD        ?C?LLDPTR

  -------         MODULE        ?C?LLDOPTR
  C:1C0FH         PUBLIC        ?C?LLDOPTR
  -------         ENDMOD        ?C?LLDOPTR

  -------         MODULE        ?C?LSTPTR
  C:1C3FH         PUBLIC        ?C?LSTPTR
  -------         ENDMOD        ?C?LSTPTR

  -------         MODULE        ?C?LSTOPTR
  C:1C59H         PUBLIC        ?C?LSTOPTR
  -------         ENDMOD        ?C?LSTOPTR

  -------         MODULE        ?C?LLDXDATA
  C:1C7DH         PUBLIC        ?C?LLDXDATA
  -------         ENDMOD        ?C?LLDXDATA

  -------         MODULE        ?C?LLDCODE
  C:1C89H         PUBLIC        ?C?LLDCODE
  -------         ENDMOD        ?C?LLDCODE

  -------         MODULE        ?C?LLDXDATA0
  C:1C99H         PUBLIC        ?C?LLDXDATA0
  -------         ENDMOD        ?C?LLDXDATA0

  -------         MODULE        ?C?LLDCODE0
  C:1CA5H         PUBLIC        ?C?LLDCODE0
  -------         ENDMOD        ?C?LLDCODE0

  -------         MODULE        ?C?LLDPTR0
  C:1CB5H         PUBLIC        ?C?LLDPTR0
  -------         ENDMOD        ?C?LLDPTR0

  -------         MODULE        ?C?LSTXDATA
  C:1CD5H         PUBLIC        ?C?LSTXDATA
  -------         ENDMOD        ?C?LSTXDATA

  -------         MODULE        ?C?LSTKXDATA
  C:1CE1H         PUBLIC        ?C?LSTKXDATA
  -------         ENDMOD        ?C?LSTKXDATA

  -------         MODULE        ?C?LSTKPTR
  C:1D12H         PUBLIC        ?C?LSTKPTR
  -------         ENDMOD        ?C?LSTKPTR

  -------         MODULE        ?C?OFFXADD
  C:1D2CH         PUBLIC        ?C?OFFXADD
  -------         ENDMOD        ?C?OFFXADD

  -------         MODULE        ABS
BL51 BANKED LINKER/LOCATER V6.22                                                      02/18/2019  12:22:08  PAGE 51


  C:4CD1H         PUBLIC        _ABS
  -------         ENDMOD        ABS

  -------         MODULE        ATOI
  C:3F2FH         PUBLIC        _atoi
  -------         ENDMOD        ATOI

  -------         MODULE        ?C?ULDIV
  C:1D74H         PUBLIC        ?C?ULDIV
  -------         ENDMOD        ?C?ULDIV

  -------         MODULE        ?C?LLDIDATA
  C:1E06H         PUBLIC        ?C?LLDIDATA
  -------         ENDMOD        ?C?LLDIDATA

  -------         MODULE        ?C?LLDPDATA
  C:1E12H         PUBLIC        ?C?LLDPDATA
  -------         ENDMOD        ?C?LLDPDATA

  -------         MODULE        ?C?LLDIDATA0
  C:1E1EH         PUBLIC        ?C?LLDIDATA0
  -------         ENDMOD        ?C?LLDIDATA0

  -------         MODULE        ?C?LLDPDATA0
  C:1E2BH         PUBLIC        ?C?LLDPDATA0
  -------         ENDMOD        ?C?LLDPDATA0

  -------         MODULE        ?C?LSTIDATA
  C:1E38H         PUBLIC        ?C?LSTIDATA
  -------         ENDMOD        ?C?LSTIDATA

  -------         MODULE        ?C?LSTPDATA
  C:1E44H         PUBLIC        ?C?LSTPDATA
  -------         ENDMOD        ?C?LSTPDATA

  -------         MODULE        ?C?LSTKIDATA
  C:1E50H         PUBLIC        ?C?LSTKIDATA
  -------         ENDMOD        ?C?LSTKIDATA

  -------         MODULE        ?C?LSTKPDATA
  C:1E69H         PUBLIC        ?C?LSTKPDATA
  -------         ENDMOD        ?C?LSTKPDATA

  -------         MODULE        ISDIGIT
  C:4CA9H         PUBLIC        _isdigit
  -------         ENDMOD        ISDIGIT

  -------         MODULE        ISSPACE
  C:4C44H         PUBLIC        _isspace
  -------         ENDMOD        ISSPACE

*** WARNING L16: UNCALLED SEGMENT, IGNORED FOR OVERLAY PROCESS
    SEGMENT: ?PR?_DISPLAY_PROX?MAIN

*** WARNING L16: UNCALLED SEGMENT, IGNORED FOR OVERLAY PROCESS
    SEGMENT: ?PR?_DAY_OF_YEAR?PCF85063BTL

BL51 BANKED LINKER/LOCATER V6.22                                                      02/18/2019  12:22:08  PAGE 52


*** WARNING L16: UNCALLED SEGMENT, IGNORED FOR OVERLAY PROCESS
    SEGMENT: ?PR?INITUART1?UART1

*** WARNING L16: UNCALLED SEGMENT, IGNORED FOR OVERLAY PROCESS
    SEGMENT: ?PR?_SENDSTRING?UART1

*** WARNING L16: UNCALLED SEGMENT, IGNORED FOR OVERLAY PROCESS
    SEGMENT: ?PR?_TEN?UART1

*** WARNING L16: UNCALLED SEGMENT, IGNORED FOR OVERLAY PROCESS
    SEGMENT: ?PR?_UNIT?UART1

*** WARNING L16: UNCALLED SEGMENT, IGNORED FOR OVERLAY PROCESS
    SEGMENT: ?PR?_DECTOBCD?UART1

*** WARNING L16: UNCALLED SEGMENT, IGNORED FOR OVERLAY PROCESS
    SEGMENT: ?PR?_ASCII_LETTER?UART1

*** WARNING L16: UNCALLED SEGMENT, IGNORED FOR OVERLAY PROCESS
    SEGMENT: ?PR?_ASCIITOBCD?UART1

*** WARNING L16: UNCALLED SEGMENT, IGNORED FOR OVERLAY PROCESS
    SEGMENT: ?PR?WAIT?BIPOLARMOTOR

*** WARNING L16: UNCALLED SEGMENT, IGNORED FOR OVERLAY PROCESS
    SEGMENT: ?PR?_FINDDET4X4?BIPOLARMOTOR

*** WARNING L16: UNCALLED SEGMENT, IGNORED FOR OVERLAY PROCESS
    SEGMENT: ?PR?NOP?IOEXPANDER_PI4IOE5V96248

*** WARNING L16: UNCALLED SEGMENT, IGNORED FOR OVERLAY PROCESS
    SEGMENT: ?PR?UC_ACK?IOEXPANDER_PI4IOE5V96248

*** WARNING L16: UNCALLED SEGMENT, IGNORED FOR OVERLAY PROCESS
    SEGMENT: ?PR?UC_NACK?IOEXPANDER_PI4IOE5V96248

*** WARNING L16: UNCALLED SEGMENT, IGNORED FOR OVERLAY PROCESS
    SEGMENT: ?PR?AT25SF041_CHIPERASE?AT25SF041

*** WARNING L16: UNCALLED SEGMENT, IGNORED FOR OVERLAY PROCESS
    SEGMENT: ?PR?_AT25SF041_READ?AT25SF041

*** WARNING L1: UNRESOLVED EXTERNAL SYMBOL
    SYMBOL:  AUTO_MODE
    MODULE:  .\Obj\main.obj (MAIN)

*** WARNING L2: REFERENCE MADE TO UNRESOLVED EXTERNAL
    SYMBOL:  AUTO_MODE
    MODULE:  .\Obj\main.obj (MAIN)
    ADDRESS: 0B37H

*** WARNING L2: REFERENCE MADE TO UNRESOLVED EXTERNAL
    SYMBOL:  AUTO_MODE
    MODULE:  .\Obj\main.obj (MAIN)
    ADDRESS: 0CACH

*** WARNING L2: REFERENCE MADE TO UNRESOLVED EXTERNAL
BL51 BANKED LINKER/LOCATER V6.22                                                      02/18/2019  12:22:08  PAGE 53


    SYMBOL:  AUTO_MODE
    MODULE:  .\Obj\main.obj (MAIN)
    ADDRESS: 0CBAH

*** WARNING L2: REFERENCE MADE TO UNRESOLVED EXTERNAL
    SYMBOL:  AUTO_MODE
    MODULE:  .\Obj\main.obj (MAIN)
    ADDRESS: 0CCCH

*** WARNING L2: REFERENCE MADE TO UNRESOLVED EXTERNAL
    SYMBOL:  AUTO_MODE
    MODULE:  .\Obj\main.obj (MAIN)
    ADDRESS: 0D0EH

*** WARNING L2: REFERENCE MADE TO UNRESOLVED EXTERNAL
    SYMBOL:  AUTO_MODE
    MODULE:  .\Obj\main.obj (MAIN)
    ADDRESS: 0DE1H

*** WARNING L1: UNRESOLVED EXTERNAL SYMBOL
    SYMBOL:  _SENDUART1
    MODULE:  .\Obj\UART1.obj (UART1)

*** WARNING L2: REFERENCE MADE TO UNRESOLVED EXTERNAL
    SYMBOL:  _SENDUART1
    MODULE:  .\Obj\UART1.obj (UART1)
    ADDRESS: 4A12H

*** WARNING L1: UNRESOLVED EXTERNAL SYMBOL
    SYMBOL:  AUTO_MODE
    MODULE:  .\Obj\KeyPad.obj (KEYPAD)

*** WARNING L2: REFERENCE MADE TO UNRESOLVED EXTERNAL
    SYMBOL:  AUTO_MODE
    MODULE:  .\Obj\KeyPad.obj (KEYPAD)
    ADDRESS: 302CH

*** WARNING L2: REFERENCE MADE TO UNRESOLVED EXTERNAL
    SYMBOL:  AUTO_MODE
    MODULE:  .\Obj\KeyPad.obj (KEYPAD)
    ADDRESS: 3037H

*** WARNING L2: REFERENCE MADE TO UNRESOLVED EXTERNAL
    SYMBOL:  AUTO_MODE
    MODULE:  .\Obj\KeyPad.obj (KEYPAD)
    ADDRESS: 303EH

Program Size: data=10.2 xdata=1592 code=19715
LINK/LOCATE RUN COMPLETE.  29 WARNING(S),  0 ERROR(S)
