BL51 BANKED LINKER/LOCATER V6.22                                                        08/21/2019  10:35:06  PAGE 1


BL51 BANKED LINKER/LOCATER V6.22, INVOKED BY:
C:\KEIL_V5\C51\BIN\BL51.EXE .\Obj\main.obj, .\Obj\PCF85063BTL.obj, .\Obj\LCd_Driver_SPLC780D.obj, .\Obj\KeyPad.obj, .\Ob
>> j\BipolarMotor.obj, .\Obj\SunPos.obj, .\Obj\ADC.obj, .\Obj\Calibration.obj, .\Obj\IOExpander_PI4IOE5V96248.obj, .\Obj
>> \AT25SF041.obj, .\Obj\SI1120.obj, .\Obj\UART1.obj, .\Obj\STARTUP.obj TO .\Obj\GPIO_RTC_Test RTX51TINY PRINT (.\Lis\GP
>> IO_RTC_Test.m51) RAMSIZE (256)


MEMORY MODEL: LARGE WITH FLOATING POINT ARITHMETIC


INPUT MODULES INCLUDED:
  .\Obj\main.obj (MAIN)
  .\Obj\PCF85063BTL.obj (PCF85063BTL)
  .\Obj\LCd_Driver_SPLC780D.obj (LCD_DRIVER_SPLC780D)
  .\Obj\KeyPad.obj (KEYPAD)
  .\Obj\BipolarMotor.obj (BIPOLARMOTOR)
  .\Obj\SunPos.obj (SUNPOS)
  .\Obj\ADC.obj (ADC)
  .\Obj\Calibration.obj (CALIBRATION)
  .\Obj\IOExpander_PI4IOE5V96248.obj (IOEXPANDER_PI4IOE5V96248)
  .\Obj\AT25SF041.obj (AT25SF041)
  .\Obj\SI1120.obj (SI1120)
  .\Obj\UART1.obj (UART1)
  .\Obj\STARTUP.obj (?C_STARTUP)
  C:\KEIL_V5\C51\LIB\C51FPL.LIB (?C?FPADD)
  C:\KEIL_V5\C51\LIB\C51FPL.LIB (?C?FPMUL)
  C:\KEIL_V5\C51\LIB\C51FPL.LIB (?C?FPDIV)
  C:\KEIL_V5\C51\LIB\C51FPL.LIB (?C?FPCMP)
  C:\KEIL_V5\C51\LIB\C51FPL.LIB (?C?FPNEG)
  C:\KEIL_V5\C51\LIB\C51FPL.LIB (?C?FCAST)
  C:\KEIL_V5\C51\LIB\C51FPL.LIB (?C?CASTF)
  C:\KEIL_V5\C51\LIB\C51FPL.LIB (PRINTF)
  C:\KEIL_V5\C51\LIB\C51FPL.LIB (FABS)
  C:\KEIL_V5\C51\LIB\C51FPL.LIB (ATAN2)
  C:\KEIL_V5\C51\LIB\C51FPL.LIB (SIN)
  C:\KEIL_V5\C51\LIB\C51FPL.LIB (ACOS)
  C:\KEIL_V5\C51\LIB\C51FPL.LIB (ASIN)
  C:\KEIL_V5\C51\LIB\C51FPL.LIB (POW)
  C:\KEIL_V5\C51\LIB\C51FPL.LIB (?C?FPGETOPN)
  C:\KEIL_V5\C51\LIB\C51FPL.LIB (?C?CHKFLOAT)
  C:\KEIL_V5\C51\LIB\C51FPL.LIB (?C?FPROUND)
  C:\KEIL_V5\C51\LIB\C51FPL.LIB (?C?FPCONVERT)
  C:\KEIL_V5\C51\LIB\C51FPL.LIB (?C?FPSERIES)
  C:\KEIL_V5\C51\LIB\C51FPL.LIB (EXP)
  C:\KEIL_V5\C51\LIB\C51FPL.LIB (LOG)
  C:\KEIL_V5\C51\LIB\C51FPL.LIB (SQRT)
  C:\KEIL_V5\C51\LIB\C51FPL.LIB (ATAN)
  C:\KEIL_V5\C51\LIB\C51FPL.LIB (?C?FTNPWR)
  C:\KEIL_V5\C51\LIB\C51L.LIB (?C_INIT)
  C:\KEIL_V5\C51\LIB\C51L.LIB (?C?COPY)
  C:\KEIL_V5\C51\LIB\C51L.LIB (?C?CLDPTR)
  C:\KEIL_V5\C51\LIB\C51L.LIB (?C?CLDOPTR)
  C:\KEIL_V5\C51\LIB\C51L.LIB (?C?CSTPTR)
  C:\KEIL_V5\C51\LIB\C51L.LIB (?C?IMUL)
  C:\KEIL_V5\C51\LIB\C51L.LIB (?C?UIDIV)
  C:\KEIL_V5\C51\LIB\C51L.LIB (?C?SIDIV)
  C:\KEIL_V5\C51\LIB\C51L.LIB (?C?ILDIX)
  C:\KEIL_V5\C51\LIB\C51L.LIB (?C?ILDOPTR)
BL51 BANKED LINKER/LOCATER V6.22                                                      08/21/2019  10:35:06  PAGE 2


  C:\KEIL_V5\C51\LIB\C51L.LIB (?C?ISTPTR)
  C:\KEIL_V5\C51\LIB\C51L.LIB (?C?LMUL)
  C:\KEIL_V5\C51\LIB\C51L.LIB (?C?SLDIV)
  C:\KEIL_V5\C51\LIB\C51L.LIB (?C?LNEG)
  C:\KEIL_V5\C51\LIB\C51L.LIB (?C?ULCMP)
  C:\KEIL_V5\C51\LIB\C51L.LIB (?C?LSHL)
  C:\KEIL_V5\C51\LIB\C51L.LIB (?C?LLDPTR)
  C:\KEIL_V5\C51\LIB\C51L.LIB (?C?LLDOPTR)
  C:\KEIL_V5\C51\LIB\C51L.LIB (?C?LSTPTR)
  C:\KEIL_V5\C51\LIB\C51L.LIB (?C?LSTOPTR)
  C:\KEIL_V5\C51\LIB\C51L.LIB (?C?LLDXDATA)
  C:\KEIL_V5\C51\LIB\C51L.LIB (?C?LLDCODE)
  C:\KEIL_V5\C51\LIB\C51L.LIB (?C?LLDXDATA0)
  C:\KEIL_V5\C51\LIB\C51L.LIB (?C?LLDCODE0)
  C:\KEIL_V5\C51\LIB\C51L.LIB (?C?LLDPTR0)
  C:\KEIL_V5\C51\LIB\C51L.LIB (?C?LSTXDATA)
  C:\KEIL_V5\C51\LIB\C51L.LIB (?C?LSTKXDATA)
  C:\KEIL_V5\C51\LIB\C51L.LIB (?C?LSTKPTR)
  C:\KEIL_V5\C51\LIB\C51L.LIB (?C?OFFXADD)
  C:\KEIL_V5\C51\LIB\C51L.LIB (?C?PLDIXDATA)
  C:\KEIL_V5\C51\LIB\C51L.LIB (?C?PSTXDATA)
  C:\KEIL_V5\C51\LIB\C51L.LIB (?C?CCASE)
  C:\KEIL_V5\C51\LIB\C51L.LIB (PUTCHAR)
  C:\KEIL_V5\C51\LIB\C51L.LIB (ABS)
  C:\KEIL_V5\C51\LIB\C51L.LIB (ATOI)
  C:\KEIL_V5\C51\LIB\C51L.LIB (?C?IILDX)
  C:\KEIL_V5\C51\LIB\C51L.LIB (?C?ULDIV)
  C:\KEIL_V5\C51\LIB\C51L.LIB (?C?LLDIDATA)
  C:\KEIL_V5\C51\LIB\C51L.LIB (?C?LLDPDATA)
  C:\KEIL_V5\C51\LIB\C51L.LIB (?C?LLDIDATA0)
  C:\KEIL_V5\C51\LIB\C51L.LIB (?C?LLDPDATA0)
  C:\KEIL_V5\C51\LIB\C51L.LIB (?C?LSTIDATA)
  C:\KEIL_V5\C51\LIB\C51L.LIB (?C?LSTPDATA)
  C:\KEIL_V5\C51\LIB\C51L.LIB (?C?LSTKIDATA)
  C:\KEIL_V5\C51\LIB\C51L.LIB (?C?LSTKPDATA)
  C:\KEIL_V5\C51\LIB\C51L.LIB (ISDIGIT)
  C:\KEIL_V5\C51\LIB\C51L.LIB (ISSPACE)


LINK MAP OF MODULE:  .\Obj\GPIO_RTC_Test (MAIN)


            TYPE    BASE      LENGTH    RELOCATION   SEGMENT NAME
            -----------------------------------------------------

            * * * * * * *   D A T A   M E M O R Y   * * * * * * *
            REG     0000H     0008H     ABSOLUTE     "REG BANK 0"
            DATA    0008H     0005H     UNIT         _DATA_GROUP_
                    000DH     0013H                  *** GAP ***
            BIT     0020H.0   0001H.2   UNIT         _BIT_GROUP_
            BIT     0021H.2   0000H.1   UNIT         ?BI?MAIN
            BIT     0021H.3   0000H.1   UNIT         ?BI?_MOVE?BIPOLARMOTOR
            BIT     0021H.4   0000H.1   UNIT         ?BI?_ATOI?ATOI
                    0021H.5   0000H.3                *** GAP ***
            IDATA   0022H     0001H     UNIT         ?STACK

            * * * * * * *  X D A T A   M E M O R Y  * * * * * * *
BL51 BANKED LINKER/LOCATER V6.22                                                      08/21/2019  10:35:06  PAGE 3


            XDATA   0000H     03BCH     UNIT         ?XD?BIPOLARMOTOR
            XDATA   03BCH     0121H     UNIT         ?XD?MAIN
            XDATA   04DDH     00D2H     UNIT         _XDATA_GROUP_
            XDATA   05AFH     00CDH     UNIT         ?XD?_FIND_REAL_MAX?CALIBRATION
            XDATA   067CH     0024H     UNIT         ?XD?_CALIBRATION?CALIBRATION
            XDATA   06A0H     0019H     UNIT         ?XD?KEYPAD
            XDATA   06B9H     0018H     UNIT         ?XD?VOLTAGE_IS_STABLE?CALIBRATION
            XDATA   06D1H     000EH     UNIT         ?XD?SPI_NOR_WRITE_DATA?AT25SF041
            XDATA   06DFH     0005H     UNIT         ?XD?_ELEVATION_CALCULATION?BIPOLARMOTOR
            XDATA   06E4H     0005H     UNIT         ?XD?_ATOI?ATOI
            XDATA   06E9H     0004H     UNIT         ?XD?_MOVE?BIPOLARMOTOR
            XDATA   06EDH     0004H     UNIT         ?XD?_MAX_VALUE?CALIBRATION
            XDATA   06F1H     0001H     UNIT         ?XD?UC_ACK?IOEXPANDER_PI4IOE5V96248
            XDATA   06F2H     0001H     UNIT         ?XD?UC_NACK?IOEXPANDER_PI4IOE5V96248

            * * * * * * *   C O D E   M E M O R Y   * * * * * * *
            CODE    0000H     0003H     ABSOLUTE     
            CODE    0003H     0003H     ABSOLUTE     
            CODE    0006H     0005H     UNIT         ?PR?_UNIT?UART1
            CODE    000BH     0003H     ABSOLUTE     
            CODE    000EH     000DH     UNIT         ?PR?UART?MAIN
            CODE    001BH     0003H     ABSOLUTE     
            CODE    001EH     0005H     UNIT         ?PR?_ASCII_LETTER?UART1
            CODE    0023H     0003H     ABSOLUTE     
            CODE    0026H     0BC8H     UNIT         ?C?LIB_CODE
            CODE    0BEEH     0A07H     UNIT         ?PR?MAIN?MAIN
            CODE    15F5H     07A2H     UNIT         ?PR?SUNPOS?SUNPOS
            CODE    1D97H     06F4H     UNIT         ?PR?_FIND_REAL_MAX?CALIBRATION
            CODE    248BH     05D1H     UNIT         ?PR?_UPDATE_POSITION?BIPOLARMOTOR
            CODE    2A5CH     04FBH     UNIT         ?PR?_THEORICALJP_POSITION?BIPOLARMOTOR
            CODE    2F57H     0483H     UNIT         ?PR?PRINTF?PRINTF
            CODE    33DAH     041AH     UNIT         ?C_INITSEG
            CODE    37F4H     038CH     UNIT         ?PR?KEY_PROCESS?KEYPAD
            CODE    3B80H     0380H     UNIT         ?PR?_ELEVATION_CALCULATION?BIPOLARMOTOR
            CODE    3F00H     01C7H     UNIT         ?PR?_CALIBRATION?CALIBRATION
            CODE    40C7H     018DH     UNIT         ?PR?KEY_SCAN?KEYPAD
            CODE    4254H     0189H     UNIT         ?PR?SPI_NOR_WRITE_DATA?AT25SF041
            CODE    43DDH     0188H     UNIT         ?PR?SIN?SIN
            CODE    4565H     0166H     UNIT         ?PR?_POW?POW
            CODE    46CBH     0155H     UNIT         ?PR?_DISPLAY_POS?LCD_DRIVER_SPLC780D
            CODE    4820H     0129H     UNIT         ?PR?LOG?LOG
            CODE    4949H     0122H     UNIT         ?PR?ATAN?ATAN
            CODE    4A6BH     0110H     UNIT         ?PR?_AT25SF041_READ?AT25SF041
            CODE    4B7BH     0102H     UNIT         ?PR?_AT25SF041_WRITE?AT25SF041
            CODE    4C7DH     00F5H     UNIT         ?PR?EXINT0?MAIN
            CODE    4D72H     00DBH     UNIT         ?PR?_ATOI?ATOI
            CODE    4E4DH     00C3H     UNIT         ?PR?LINEAR_INTERPOLATE?BIPOLARMOTOR
            CODE    4F10H     00BBH     UNIT         ?PR?VOLTAGE_IS_STABLE?CALIBRATION
            CODE    4FCBH     00ADH     UNIT         ?PR?_WRITE_PI4IOE5V96248?IOEXPANDER_PI4IOE5V96248
            CODE    5078H     00ACH     UNIT         ?PR?SQRT?SQRT
            CODE    5124H     00A1H     UNIT         ?PR?UCREAD_STATUS_REGISTER_BYTE1?AT25SF041
            CODE    51C5H     009DH     UNIT         ?PR?_ATAN2?ATAN2
            CODE    5262H     009CH     UNIT         ?PR?_MAX_VALUE?CALIBRATION
            CODE    52FEH     009AH     UNIT         ?PR?EXP?EXP
            CODE    5398H     008CH     UNIT         ?C_C51STARTUP
            CODE    5424H     0088H     UNIT         ?PR?_DAY_OF_YEAR?PCF85063BTL
            CODE    54ACH     0079H     UNIT         ?PR?_WRITEDATA?LCD_DRIVER_SPLC780D
BL51 BANKED LINKER/LOCATER V6.22                                                      08/21/2019  10:35:06  PAGE 4


            CODE    5525H     0072H     UNIT         ?PR?AT25SF041_WRITEENABLE?AT25SF041
            CODE    5597H     006FH     UNIT         ?PR?_READ_TIME?PCF85063BTL
            CODE    5606H     005AH     UNIT         ?PR?AT25SF041_CHIPERASE?AT25SF041
            CODE    5660H     0059H     UNIT         ?PR?LCD_INIT?LCD_DRIVER_SPLC780D
            CODE    56B9H     0052H     UNIT         ?CO?MAIN
            CODE    570BH     004BH     UNIT         ?CO?UART1
            CODE    5756H     004AH     UNIT         ?PR?VONESTEPMOVE?BIPOLARMOTOR
            CODE    57A0H     004AH     UNIT         ?PR?ACOS?ACOS
            CODE    57EAH     0044H     UNIT         ?C?LDIV
            CODE    582EH     0040H     UNIT         ?PR?_COMMAND?LCD_DRIVER_SPLC780D
            CODE    586EH     0040H     UNIT         ?PR?_STEP_MOVE?BIPOLARMOTOR
            CODE    58AEH     003BH     UNIT         ?PR?ASIN?ASIN
            CODE    58E9H     0033H     UNIT         ?PR?_SENDSTRING?UART1
            CODE    591CH     0031H     UNIT         ?PR?SI1120_CONFIG_MODE_VIRH?SI1120
            CODE    594DH     002BH     UNIT         ?PR?_WAIT_MS_I2C?IOEXPANDER_PI4IOE5V96248
            CODE    5978H     002BH     UNIT         ?PR?_WAIT_MS_SPINOR?AT25SF041
            CODE    59A3H     002AH     UNIT         ?PR?_ADC_GETRESULT?ADC
            CODE    59CDH     0028H     UNIT         ?PR?_MOVE?BIPOLARMOTOR
            CODE    59F5H     0028H     UNIT         ?CO?CALIBRATION
            CODE    5A1DH     0027H     UNIT         ?PR?_I2C_SENDBYTE?IOEXPANDER_PI4IOE5V96248
            CODE    5A44H     0027H     UNIT         ?PR?PUTCHAR?PUTCHAR
            CODE    5A6BH     0025H     UNIT         ?PR?_FINDCLOSESTSAMEDAYCALIBTIME?CALIBRATION
            CODE    5A90H     0024H     UNIT         ?PR?_WAIT_MS?LCD_DRIVER_SPLC780D
            CODE    5AB4H     0024H     UNIT         ?PR?_UART1_SENDTOTCPSERVER?UART1
            CODE    5AD8H     0021H     UNIT         ?PR?TM0_ISR?MAIN
            CODE    5AF9H     0020H     UNIT         ?PR?_SPI_SENDBYTE?PCF85063BTL
            CODE    5B19H     0020H     UNIT         ?PR?SPI_RECEIVEBYTE?PCF85063BTL
            CODE    5B39H     001EH     UNIT         ?PR?_DELAY_MS?KEYPAD
            CODE    5B57H     001DH     UNIT         ?PR?_DISPLAYLCD?LCD_DRIVER_SPLC780D
            CODE    5B74H     001BH     UNIT         ?PR?_BCDTODEC1?BIPOLARMOTOR
            CODE    5B8FH     001AH     UNIT         ?PR?ADC_INIT?ADC
            CODE    5BA9H     0018H     UNIT         ?PR?_SPI_WRITETIME?PCF85063BTL
            CODE    5BC1H     0017H     UNIT         ?PR?_ASCIITOBCD?UART1
            CODE    5BD8H     0016H     UNIT         ?PR?I2C_ACK?IOEXPANDER_PI4IOE5V96248
            CODE    5BEEH     0015H     UNIT         ?PR?_DISPLAY_LINE?LCD_DRIVER_SPLC780D
            CODE    5C03H     0015H     UNIT         ?PR?VSETLOCATION?BIPOLARMOTOR
            CODE    5C18H     0015H     UNIT         ?PR?I2C_STOP?IOEXPANDER_PI4IOE5V96248
            CODE    5C2DH     0014H     UNIT         ?PR?_PCF85063BTL_DELAY?PCF85063BTL
            CODE    5C41H     0014H     UNIT         ?PR?_ISSPACE?ISSPACE
            CODE    5C55H     0011H     UNIT         ?PR?_SPI_READTIME?PCF85063BTL
            CODE    5C66H     0011H     UNIT         ?PR?_BCDTODEC?PCF85063BTL
            CODE    5C77H     0011H     UNIT         ?PR?INITUART1?UART1
            CODE    5C88H     000FH     UNIT         ?PR?I2C_START?IOEXPANDER_PI4IOE5V96248
            CODE    5C97H     000FH     UNIT         ?PR?UC_NACK?IOEXPANDER_PI4IOE5V96248
            CODE    5CA6H     000FH     UNIT         ?PR?_ISDIGIT?ISDIGIT
            CODE    5CB5H     000DH     UNIT         ?PR?SPI_INIT?PCF85063BTL
            CODE    5CC2H     000DH     UNIT         ?PR?ENABLE_EXTINT0?SI1120
            CODE    5CCFH     000DH     UNIT         ?PR?_FABS?FABS
            CODE    5CDCH     000CH     UNIT         ?PR?KEYPAD_IO_INIT?KEYPAD
            CODE    5CE8H     000CH     UNIT         ?PR?_ABS?ABS
            CODE    5CF4H     000AH     UNIT         ?PR?LCD_RETURN_HOME?LCD_DRIVER_SPLC780D
            CODE    5CFEH     000AH     UNIT         ?PR?LCD_CLEAR?LCD_DRIVER_SPLC780D
            CODE    5D08H     0009H     UNIT         ?PR?TM1_ISR?MAIN
            CODE    5D11H     0009H     UNIT         ?PR?_SENDUART1?MAIN
            CODE    5D1AH     0009H     UNIT         ?PR?UART1_INITTCPCONN?UART1
            CODE    5D23H     0006H     UNIT         ?PR?UC_ACK?IOEXPANDER_PI4IOE5V96248
            CODE    5D29H     0006H     UNIT         ?PR?_TEN?UART1
BL51 BANKED LINKER/LOCATER V6.22                                                      08/21/2019  10:35:06  PAGE 5


            CODE    5D2FH     0001H     UNIT         ?PR?NOP?IOEXPANDER_PI4IOE5V96248
            CODE    5D30H     0001H     UNIT         ?PR?_DECTOBCD?UART1



OVERLAY MAP OF MODULE:   .\Obj\GPIO_RTC_Test (MAIN)


SEGMENT                                             BIT_GROUP          DATA_GROUP          XDATA_GROUP
  +--> CALLED SEGMENT                            START    LENGTH     START    LENGTH     START    LENGTH
--------------------------------------------------------------------------------------------------------
?PR?EXINT0?MAIN                                  -----    -----      -----    -----      -----    -----
  +--> ?PR?_POW?POW

?PR?_POW?POW                                     -----    -----      -----    -----      04DDH    000AH
  +--> ?PR?LOG?LOG
  +--> ?PR?EXP?EXP

?PR?LOG?LOG                                      0020H.0  0000H.1    -----    -----      04E7H    0004H

*** NEW ROOT ***************************************************

?C_C51STARTUP                                    -----    -----      -----    -----      -----    -----
  +--> ?PR?MAIN?MAIN
  +--> ?C_INITSEG

?PR?MAIN?MAIN                                    -----    -----      -----    -----      04EBH    002EH
  +--> ?PR?LCD_INIT?LCD_DRIVER_SPLC780D
  +--> ?PR?SPI_INIT?PCF85063BTL
  +--> ?PR?KEYPAD_IO_INIT?KEYPAD
  +--> ?PR?ADC_INIT?ADC
  +--> ?PR?SI1120_CONFIG_MODE_VIRH?SI1120
  +--> ?PR?ENABLE_EXTINT0?SI1120
  +--> ?PR?VSETLOCATION?BIPOLARMOTOR
  +--> ?PR?_SPI_WRITETIME?PCF85063BTL
  +--> ?PR?_DELAY_MS?KEYPAD
  +--> ?PR?_DISPLAY_LINE?LCD_DRIVER_SPLC780D
  +--> ?PR?_WRITEDATA?LCD_DRIVER_SPLC780D
  +--> ?PR?INITUART1?UART1
  +--> ?PR?UART1_INITTCPCONN?UART1
  +--> ?CO?MAIN
  +--> ?PR?_UART1_SENDTOTCPSERVER?UART1
  +--> ?PR?AT25SF041_WRITEENABLE?AT25SF041
  +--> ?PR?_WAIT_MS_SPINOR?AT25SF041
  +--> ?PR?AT25SF041_CHIPERASE?AT25SF041
  +--> ?PR?_AT25SF041_WRITE?AT25SF041
  +--> ?PR?KEY_PROCESS?KEYPAD
  +--> ?PR?_COMMAND?LCD_DRIVER_SPLC780D
  +--> ?PR?_DISPLAY_POS?LCD_DRIVER_SPLC780D
  +--> ?PR?_DISPLAYLCD?LCD_DRIVER_SPLC780D
  +--> ?PR?_STEP_MOVE?BIPOLARMOTOR
  +--> ?PR?LCD_RETURN_HOME?LCD_DRIVER_SPLC780D
  +--> ?PR?_READ_TIME?PCF85063BTL
  +--> ?PR?_BCDTODEC1?BIPOLARMOTOR
  +--> ?PR?_SENDSTRING?UART1
  +--> ?PR?_AT25SF041_READ?AT25SF041
  +--> ?PR?LINEAR_INTERPOLATE?BIPOLARMOTOR
BL51 BANKED LINKER/LOCATER V6.22                                                      08/21/2019  10:35:06  PAGE 6


  +--> ?PR?_FINDCLOSESTSAMEDAYCALIBTIME?CALI...
  +--> ?PR?_UPDATE_POSITION?BIPOLARMOTOR
  +--> ?PR?PRINTF?PRINTF
  +--> ?PR?_WAIT_MS?LCD_DRIVER_SPLC780D
  +--> ?PR?_ADC_GETRESULT?ADC

?PR?LCD_INIT?LCD_DRIVER_SPLC780D                 -----    -----      -----    -----      -----    -----
  +--> ?PR?_WAIT_MS?LCD_DRIVER_SPLC780D
  +--> ?PR?_COMMAND?LCD_DRIVER_SPLC780D

?PR?_COMMAND?LCD_DRIVER_SPLC780D                 -----    -----      -----    -----      -----    -----
  +--> ?PR?_WAIT_MS?LCD_DRIVER_SPLC780D

?PR?SI1120_CONFIG_MODE_VIRH?SI1120               -----    -----      -----    -----      -----    -----
  +--> ?PR?_WAIT_MS?LCD_DRIVER_SPLC780D

?PR?_SPI_WRITETIME?PCF85063BTL                   -----    -----      -----    -----      -----    -----
  +--> ?PR?_SPI_SENDBYTE?PCF85063BTL

?PR?_SPI_SENDBYTE?PCF85063BTL                    -----    -----      -----    -----      -----    -----
  +--> ?PR?_PCF85063BTL_DELAY?PCF85063BTL

?PR?_DISPLAY_LINE?LCD_DRIVER_SPLC780D            -----    -----      -----    -----      -----    -----
  +--> ?PR?_COMMAND?LCD_DRIVER_SPLC780D

?PR?_WRITEDATA?LCD_DRIVER_SPLC780D               -----    -----      -----    -----      0524H    0001H
  +--> ?PR?_WAIT_MS?LCD_DRIVER_SPLC780D

?PR?UART1_INITTCPCONN?UART1                      -----    -----      -----    -----      -----    -----
  +--> ?CO?UART1
  +--> ?PR?_SENDSTRING?UART1

?PR?_SENDSTRING?UART1                            -----    -----      -----    -----      051CH    0003H
  +--> ?PR?_SENDUART1?MAIN

?PR?_UART1_SENDTOTCPSERVER?UART1                 -----    -----      -----    -----      0519H    0003H
  +--> ?CO?UART1
  +--> ?PR?_SENDSTRING?UART1
  +--> ?PR?_DELAY_MS?KEYPAD

?PR?AT25SF041_WRITEENABLE?AT25SF041              -----    -----      -----    -----      0519H    0002H
  +--> ?PR?_WAIT_MS_SPINOR?AT25SF041
  +--> ?PR?UCREAD_STATUS_REGISTER_BYTE1?AT25...

?PR?UCREAD_STATUS_REGISTER_BYTE1?AT25...         -----    -----      -----    -----      0521H    0003H
  +--> ?PR?_WAIT_MS_SPINOR?AT25SF041

?PR?AT25SF041_CHIPERASE?AT25SF041                -----    -----      -----    -----      0519H    0002H
  +--> ?PR?_WAIT_MS_SPINOR?AT25SF041
  +--> ?PR?UCREAD_STATUS_REGISTER_BYTE1?AT25...

?PR?_AT25SF041_WRITE?AT25SF041                   -----    -----      -----    -----      0519H    0008H
  +--> ?PR?_WAIT_MS_SPINOR?AT25SF041
  +--> ?PR?UCREAD_STATUS_REGISTER_BYTE1?AT25...

?PR?KEY_PROCESS?KEYPAD                           -----    -----      -----    -----      0519H    0006H
  +--> ?PR?KEY_SCAN?KEYPAD
BL51 BANKED LINKER/LOCATER V6.22                                                      08/21/2019  10:35:06  PAGE 7


  +--> ?PR?_SPI_WRITETIME?PCF85063BTL
  +--> ?PR?LCD_CLEAR?LCD_DRIVER_SPLC780D
  +--> ?PR?_COMMAND?LCD_DRIVER_SPLC780D
  +--> ?PR?_WRITEDATA?LCD_DRIVER_SPLC780D

?PR?KEY_SCAN?KEYPAD                              -----    -----      -----    -----      051FH    0003H

?PR?LCD_CLEAR?LCD_DRIVER_SPLC780D                -----    -----      -----    -----      -----    -----
  +--> ?PR?_COMMAND?LCD_DRIVER_SPLC780D

?PR?_DISPLAY_POS?LCD_DRIVER_SPLC780D             -----    -----      -----    -----      0519H    000BH
  +--> ?PR?_ABS?ABS
  +--> ?PR?_WRITEDATA?LCD_DRIVER_SPLC780D

?PR?_DISPLAYLCD?LCD_DRIVER_SPLC780D              -----    -----      -----    -----      0519H    0001H
  +--> ?PR?_WRITEDATA?LCD_DRIVER_SPLC780D

?PR?_STEP_MOVE?BIPOLARMOTOR                      0020H.1  0000H.1    -----    -----      0519H    0004H
  +--> ?PR?VONESTEPMOVE?BIPOLARMOTOR

?PR?VONESTEPMOVE?BIPOLARMOTOR                    0020H.2  0000H.1    -----    -----      -----    -----
  +--> ?PR?_WRITE_PI4IOE5V96248?IOEXPANDER_P...
  +--> ?PR?_DELAY_MS?KEYPAD

?PR?_WRITE_PI4IOE5V96248?IOEXPANDER_P...         -----    -----      -----    -----      051DH    0003H
  +--> ?PR?I2C_START?IOEXPANDER_PI4IOE5V96248
  +--> ?PR?_WAIT_MS_I2C?IOEXPANDER_PI4IOE5V9...
  +--> ?PR?_I2C_SENDBYTE?IOEXPANDER_PI4IOE5V...
  +--> ?PR?I2C_ACK?IOEXPANDER_PI4IOE5V96248
  +--> ?PR?I2C_STOP?IOEXPANDER_PI4IOE5V96248

?PR?I2C_START?IOEXPANDER_PI4IOE5V96248           -----    -----      -----    -----      -----    -----
  +--> ?PR?_WAIT_MS_I2C?IOEXPANDER_PI4IOE5V9...

?PR?_I2C_SENDBYTE?IOEXPANDER_PI4IOE5V...         -----    -----      -----    -----      -----    -----
  +--> ?PR?_WAIT_MS_I2C?IOEXPANDER_PI4IOE5V9...

?PR?I2C_ACK?IOEXPANDER_PI4IOE5V96248             -----    -----      -----    -----      0520H    0001H
  +--> ?PR?_WAIT_MS_I2C?IOEXPANDER_PI4IOE5V9...

?PR?I2C_STOP?IOEXPANDER_PI4IOE5V96248            -----    -----      -----    -----      -----    -----
  +--> ?PR?_WAIT_MS_I2C?IOEXPANDER_PI4IOE5V9...

?PR?LCD_RETURN_HOME?LCD_DRIVER_SPLC780D          -----    -----      -----    -----      -----    -----
  +--> ?PR?_COMMAND?LCD_DRIVER_SPLC780D

?PR?_READ_TIME?PCF85063BTL                       -----    -----      -----    -----      0519H    000FH
  +--> ?PR?_SPI_READTIME?PCF85063BTL

?PR?_SPI_READTIME?PCF85063BTL                    -----    -----      -----    -----      -----    -----
  +--> ?PR?_SPI_SENDBYTE?PCF85063BTL
  +--> ?PR?SPI_RECEIVEBYTE?PCF85063BTL

?PR?SPI_RECEIVEBYTE?PCF85063BTL                  -----    -----      -----    -----      -----    -----
  +--> ?PR?_PCF85063BTL_DELAY?PCF85063BTL

?PR?_AT25SF041_READ?AT25SF041                    -----    -----      -----    -----      0519H    0008H
BL51 BANKED LINKER/LOCATER V6.22                                                      08/21/2019  10:35:06  PAGE 8


  +--> ?PR?_WAIT_MS_SPINOR?AT25SF041
  +--> ?PR?UCREAD_STATUS_REGISTER_BYTE1?AT25...

?PR?LINEAR_INTERPOLATE?BIPOLARMOTOR              -----    -----      -----    -----      059BH    0014H

?PR?_UPDATE_POSITION?BIPOLARMOTOR                -----    -----      -----    -----      0519H    0026H
  +--> ?PR?_BCDTODEC1?BIPOLARMOTOR
  +--> ?PR?SUNPOS?SUNPOS
  +--> ?PR?SIN?SIN
  +--> ?PR?ASIN?ASIN
  +--> ?PR?_THEORICALJP_POSITION?BIPOLARMOTOR
  +--> ?PR?_FABS?FABS

?PR?SUNPOS?SUNPOS                                -----    -----      -----    -----      053FH    005DH
  +--> ?PR?SIN?SIN
  +--> ?PR?_ATAN2?ATAN2
  +--> ?PR?ASIN?ASIN
  +--> ?PR?ACOS?ACOS

?PR?SIN?SIN                                      0020H.1  0000H.1    -----    -----      059CH    0004H

?PR?_ATAN2?ATAN2                                 -----    -----      -----    -----      059CH    0008H
  +--> ?PR?ATAN?ATAN

?PR?ATAN?ATAN                                    0020H.1  0000H.2    -----    -----      05A4H    0004H

?PR?ASIN?ASIN                                    -----    -----      -----    -----      -----    -----
  +--> ?PR?SQRT?SQRT
  +--> ?PR?ATAN?ATAN

?PR?SQRT?SQRT                                    -----    -----      -----    -----      059CH    0004H

?PR?ACOS?ACOS                                    -----    -----      -----    -----      -----    -----
  +--> ?PR?SQRT?SQRT
  +--> ?PR?ATAN?ATAN

?PR?_THEORICALJP_POSITION?BIPOLARMOTOR           -----    -----      -----    -----      053FH    005CH
  +--> ?PR?LINEAR_INTERPOLATE?BIPOLARMOTOR

?PR?PRINTF?PRINTF                                0020H.1  0001H.1    0008H    0005H      0519H    0030H
  +--> ?PR?PUTCHAR?PUTCHAR



SYMBOL TABLE OF MODULE:  .\Obj\GPIO_RTC_Test (MAIN)

  VALUE           TYPE          NAME
  ----------------------------------

  -------         MODULE        MAIN
  C:0000H         SYMBOL        _ICE_DUMMY_
  X:03C4H         PUBLIC        calib_value
  D:0080H         PUBLIC        P0
  D:0090H         PUBLIC        P1
  D:00A0H         PUBLIC        P2
  D:00B0H         PUBLIC        P3
  D:00C0H         PUBLIC        P4
BL51 BANKED LINKER/LOCATER V6.22                                                      08/21/2019  10:35:06  PAGE 9


  D:00C8H         PUBLIC        P5
  X:0418H         SYMBOL        PressedKey
  B:00A8H.7       PUBLIC        EA
  D:00E8H         PUBLIC        P6
  X:041CH         PUBLIC        calib_stamp
  D:00F8H         PUBLIC        P7
  X:041DH         PUBLIC        sTempString
  X:0426H         PUBLIC        calib_bool
  X:0450H         PUBLIC        pwm_time_min
  D:00A8H         PUBLIC        IE
  X:0454H         PUBLIC        calib_time
  X:04A8H         PUBLIC        pwm_time_max
  B:0090H.7       PUBLIC        Connect_Electronics_Load
  D:00B8H         PUBLIC        IP
  B:0098H.0       PUBLIC        RI
  B:00B0H.2       PUBLIC        INT0
  X:04ACH         PUBLIC        months
  B:0098H.1       PUBLIC        TI
  C:000EH         PUBLIC        Uart
  D:00D8H         PUBLIC        CCON
  C:0BEEH         PUBLIC        main
  X:04ADH         PUBLIC        found_1st_point
  X:04AFH         PUBLIC        i_point1
  X:04B1H         PUBLIC        i_point2
  X:04B3H         PUBLIC        count
  B:0090H.2       PUBLIC        Connect_IV_Load
  D:0099H         PUBLIC        SBUF
  X:04B5H         PUBLIC        days
  X:04B6H         PUBLIC        hours
  D:0098H         PUBLIC        SCON
  D:0089H         PUBLIC        TMOD
  D:0088H         PUBLIC        TCON
  B:00A0H.3       PUBLIC        P23
  X:04B7H         PUBLIC        fTest_read_spi
  X:04BBH         SYMBOL        KeyCount
  X:04BDH         PUBLIC        mins
  X:04BEH         PUBLIC        diff_of_offset
  D:008EH         PUBLIC        AUXR
  C:5AD8H         PUBLIC        tm0_isr
  B:0090H.5       PUBLIC        SI1120_STX
  C:5D08H         PUBLIC        tm1_isr
  B:0021H.2       PUBLIC        busy
  D:00E0H         PUBLIC        ACC
  B:00A8H.1       PUBLIC        ET0
  B:00A8H.3       PUBLIC        ET1
  X:04C2H         PUBLIC        SPI_NOR_INTERNAL_FLASH_ADDR
  D:008CH         PUBLIC        TH0
  D:008DH         PUBLIC        TH1
  D:008AH         PUBLIC        TL0
  D:008BH         PUBLIC        TL1
  X:04C6H         PUBLIC        ii
  X:04C8H         PUBLIC        jj
  B:0088H.4       PUBLIC        TR0
  B:0088H.6       PUBLIC        TR1
  X:04CAH         PUBLIC        old_mins
  C:4C7DH         PUBLIC        exint0
  X:04CBH         SYMBOL        KeyNum
BL51 BANKED LINKER/LOCATER V6.22                                                      08/21/2019  10:35:06  PAGE 10


  X:04CCH         SYMBOL        KeyNum_Old
  X:04CDH         PUBLIC        timer0_count
  X:04CFH         PUBLIC        current_position
  X:04D3H         PUBLIC        pwm_time
  X:04D7H         PUBLIC        i
  X:04D9H         PUBLIC        j
  X:04DBH         PUBLIC        start_timer0_count
  X:04DCH         PUBLIC        seconds
  D:00D0H         PUBLIC        PSW
  C:5D11H         PUBLIC        _SendUART1
  -------         PROC          TM0_ISR
  C:5AD8H         LINE#         106
  C:5ADEH         LINE#         110
  C:5AE1H         LINE#         111
  C:5AE4H         LINE#         112
  C:5AF2H         LINE#         113
  -------         ENDPROC       TM0_ISR
  -------         PROC          TM1_ISR
  C:5D08H         LINE#         114
  C:5D08H         LINE#         116
  C:5D0AH         LINE#         118
  C:5D0DH         LINE#         119
  C:5D10H         LINE#         120
  -------         ENDPROC       TM1_ISR
  -------         PROC          EXINT0
  C:4C7DH         LINE#         121
  C:4C9AH         LINE#         125
  C:4C9DH         LINE#         126
  C:4C9DH         LINE#         127
  C:4CA0H         LINE#         128
  C:4CA3H         LINE#         129
  C:4CA5H         LINE#         130
  C:4CA7H         LINE#         134
  C:4CAAH         LINE#         137
  C:4CAAH         LINE#         138
  C:4CACH         LINE#         140
  C:4CB8H         LINE#         141
  C:4D12H         LINE#         142
  C:4D50H         LINE#         143
  C:4D57H         LINE#         148
  C:4D57H         LINE#         150
  -------         ENDPROC       EXINT0
  -------         PROC          MAIN
  -------         DO            
  X:03BCH         SYMBOL        KeyCount
  X:03BEH         SYMBOL        KeyNum_Old
  X:03BFH         SYMBOL        KeyNum
  X:03C0H         SYMBOL        PressedKey
  X:04EBH         SYMBOL        prox_flag
  X:04ECH         SYMBOL        iUse_prevday_calib_value
  X:04EEH         SYMBOL        max_ADC_Val_JP
  X:04F0H         SYMBOL        max_ADC_Val
  X:04F2H         SYMBOL        calib_point1
  X:04FAH         SYMBOL        calib_point2
  X:0502H         SYMBOL        dat_to_store
  X:050DH         SYMBOL        calib_day
  X:050FH         SYMBOL        calib_count
BL51 BANKED LINKER/LOCATER V6.22                                                      08/21/2019  10:35:06  PAGE 11


  X:0511H         SYMBOL        theorical_JP_max_pos
  X:0515H         SYMBOL        elevation
  -------         ENDDO         
  C:0BEEH         LINE#         152
  C:0BEEH         LINE#         153
  C:0BEEH         LINE#         158
  C:0BF4H         LINE#         159
  C:0BF9H         LINE#         161
  C:0C01H         LINE#         165
  C:0C07H         LINE#         166
  C:0C11H         LINE#         177
  C:0C19H         LINE#         178
  C:0C20H         LINE#         179
  C:0C26H         LINE#         181
  C:0C2CH         LINE#         193
  C:0C2FH         LINE#         194
  C:0C32H         LINE#         195
  C:0C35H         LINE#         197
  C:0C38H         LINE#         200
  C:0C3BH         LINE#         201
  C:0C3EH         LINE#         203
  C:0C41H         LINE#         205
  C:0C44H         LINE#         206
  C:0C47H         LINE#         207
  C:0C4AH         LINE#         208
  C:0C4CH         LINE#         209
  C:0C4EH         LINE#         210
  C:0C51H         LINE#         211
  C:0C53H         LINE#         212
  C:0C55H         LINE#         214
  C:0C57H         LINE#         215
  C:0C5EH         LINE#         216
  C:0C65H         LINE#         217
  C:0C6CH         LINE#         218
  C:0C73H         LINE#         222
  C:0C7AH         LINE#         223
  C:0C7FH         LINE#         224
  C:0C84H         LINE#         225
  C:0C89H         LINE#         226
  C:0C8EH         LINE#         227
  C:0C93H         LINE#         230
  C:0C9AH         LINE#         231
  C:0C9AH         LINE#         232
  C:0CBDH         LINE#         233
  C:0D07H         LINE#         234
  C:0D1CH         LINE#         235
  C:0D39H         LINE#         236
  C:0D3CH         LINE#         238
  C:0D43H         LINE#         241
  C:0D46H         LINE#         243
  C:0D4DH         LINE#         244
  C:0D56H         LINE#         246
  C:0D59H         LINE#         247
  C:0D60H         LINE#         248
  C:0D63H         LINE#         249
  C:0D6AH         LINE#         252
  C:0D71H         LINE#         253
BL51 BANKED LINKER/LOCATER V6.22                                                      08/21/2019  10:35:06  PAGE 12


  C:0D74H         LINE#         254
  C:0D89H         LINE#         256
  C:0D90H         LINE#         257
  C:0D93H         LINE#         258
  C:0DA8H         LINE#         260
  C:0DAFH         LINE#         261
  C:0DB2H         LINE#         262
  C:0DC7H         LINE#         264
  C:0DC7H         LINE#         265
  C:0DC7H         LINE#         266
  C:0DCAH         LINE#         269
  C:0DCAH         LINE#         273
  C:0DCFH         LINE#         274
  C:0DD4H         LINE#         276
  C:0DD9H         LINE#         278
  C:0DDEH         LINE#         279
  C:0DE3H         LINE#         282
  C:0DF4H         LINE#         284
  C:0DF9H         LINE#         285
  C:0DFEH         LINE#         287
  C:0E05H         LINE#         288
  C:0E0DH         LINE#         289
  C:0E12H         LINE#         290
  C:0E1AH         LINE#         291
  C:0E1FH         LINE#         292
  C:0E29H         LINE#         293
  C:0E2EH         LINE#         294
  C:0E36H         LINE#         296
  C:0E3EH         LINE#         297
  C:0E43H         LINE#         298
  C:0E4DH         LINE#         299
  C:0E4DH         LINE#         300
  C:0E4FH         LINE#         301
  C:0E51H         LINE#         302
  C:0E5BH         LINE#         303
  C:0E5BH         LINE#         304
  C:0E60H         LINE#         305
  C:0E60H         LINE#         307
  C:0E74H         LINE#         308
  C:0E74H         LINE#         309
  C:0E89H         LINE#         310
  C:0E98H         LINE#         311
  C:0E98H         LINE#         312
  C:0EABH         LINE#         313
  C:0EADH         LINE#         315
  C:0EADH         LINE#         316
  C:0EC9H         LINE#         317
  C:0EC9H         LINE#         318
  C:0ECEH         LINE#         319
  C:0ECEH         LINE#         320
  C:0EE2H         LINE#         321
  C:0EE2H         LINE#         324
  C:0EF7H         LINE#         325
  C:0F06H         LINE#         326
  C:0F06H         LINE#         327
  C:0F19H         LINE#         328
  C:0F1BH         LINE#         330
BL51 BANKED LINKER/LOCATER V6.22                                                      08/21/2019  10:35:06  PAGE 13


  C:0F1BH         LINE#         331
  C:0F37H         LINE#         332
  C:0F37H         LINE#         333
  C:0F3CH         LINE#         334
  C:0F42H         LINE#         335
  C:0F42H         LINE#         337
  C:0F64H         LINE#         338
  C:0F64H         LINE#         339
  C:0F6EH         LINE#         340
  C:0F74H         LINE#         341
  C:0F7BH         LINE#         342
  C:0F81H         LINE#         343
  C:0F88H         LINE#         344
  C:0F88H         LINE#         345
  C:0F8BH         LINE#         347
  C:0F8BH         LINE#         352
  C:0F93H         LINE#         353
  C:0FCEH         LINE#         354
  C:0FECH         LINE#         355
  C:0FECH         LINE#         357
  C:0FF5H         LINE#         358
  C:0FFCH         LINE#         359
  C:1005H         LINE#         360
  C:100CH         LINE#         362
  C:100CH         LINE#         367
  C:1021H         LINE#         368
  C:1067H         LINE#         370
  C:10B4H         LINE#         377
  C:10BBH         LINE#         378
  C:10CCH         LINE#         387
  C:10EEH         LINE#         388
  C:10EEH         LINE#         390
  C:116AH         LINE#         392
  C:1197H         LINE#         393
  C:11B2H         LINE#         399
  C:11B4H         LINE#         400
  C:11B6H         LINE#         402
  C:11DAH         LINE#         403
  C:11DAH         LINE#         409
  C:1200H         LINE#         411
  C:1229H         LINE#         412
  C:122DH         LINE#         413
  C:12A5H         LINE#         414
  C:12B2H         LINE#         415
  C:1341H         LINE#         416
  C:1348H         LINE#         417
  C:1359H         LINE#         419
  C:13C1H         LINE#         420
  C:13C3H         LINE#         422
  C:13C3H         LINE#         423
  C:1426H         LINE#         424
  C:1426H         LINE#         427
  C:1435H         LINE#         428
  C:1435H         LINE#         429
  C:14B3H         LINE#         430
  C:14BCH         LINE#         431
  C:14C3H         LINE#         432
BL51 BANKED LINKER/LOCATER V6.22                                                      08/21/2019  10:35:06  PAGE 14


  C:14CCH         LINE#         433
  C:14D5H         LINE#         434
  C:14DCH         LINE#         437
  C:1507H         LINE#         439
  C:1510H         LINE#         440
  C:1517H         LINE#         441
  C:1520H         LINE#         442
  C:1529H         LINE#         446
  C:1530H         LINE#         448
  C:155BH         LINE#         450
  C:1564H         LINE#         451
  C:156BH         LINE#         452
  C:1574H         LINE#         453
  C:157BH         LINE#         455
  C:1584H         LINE#         456
  C:158BH         LINE#         459
  C:15C9H         LINE#         461
  C:15D2H         LINE#         462
  C:15D9H         LINE#         463
  C:15E2H         LINE#         464
  C:15EBH         LINE#         465
  C:15F2H         LINE#         466
  C:15F2H         LINE#         468
  C:15F2H         LINE#         470
  -------         ENDPROC       MAIN
  -------         PROC          UART
  C:000EH         LINE#         527
  C:000EH         LINE#         529
  C:0011H         LINE#         530
  C:0011H         LINE#         531
  C:0013H         LINE#         533
  C:0013H         LINE#         534
  C:0016H         LINE#         535
  C:0016H         LINE#         536
  C:0018H         LINE#         537
  C:001AH         LINE#         538
  C:001AH         LINE#         539
  -------         ENDPROC       UART
  -------         PROC          _SENDUART1
  D:0007H         SYMBOL        dat
  C:5D11H         LINE#         541
  C:5D11H         LINE#         542
  C:5D11H         LINE#         543
  C:5D14H         LINE#         544
  C:5D16H         LINE#         545
  C:5D17H         LINE#         546
  C:5D19H         LINE#         547
  -------         ENDPROC       _SENDUART1
  -------         ENDMOD        MAIN

  -------         MODULE        PCF85063BTL
  C:0000H         SYMBOL        _ICE_DUMMY_
  D:0096H         PUBLIC        P2M0
  D:0080H         PUBLIC        P0
  D:0095H         PUBLIC        P2M1
  D:0090H         PUBLIC        P1
  D:00A0H         PUBLIC        P2
BL51 BANKED LINKER/LOCATER V6.22                                                      08/21/2019  10:35:06  PAGE 15


  D:00B0H         PUBLIC        P3
  D:00C0H         PUBLIC        P4
  D:00C8H         PUBLIC        P5
  D:00E8H         PUBLIC        P6
  B:00A0H.1       PUBLIC        PCF85063BTL_SDI
  D:00F8H         PUBLIC        P7
  B:00A0H.2       PUBLIC        PCF85063BTL_SCK
  B:00A0H.1       PUBLIC        PCF85063BTL_SDO
  D:00A8H         PUBLIC        IE
  C:5597H         PUBLIC        _Read_time
  C:5C33H         PUBLIC        _PCF85063BTL_Delay
  D:00B8H         PUBLIC        IP
  D:00D8H         PUBLIC        CCON
  C:5424H         PUBLIC        _Day_Of_Year
  C:5B19H         PUBLIC        SPI_ReceiveByte
  D:0098H         PUBLIC        SCON
  D:0088H         PUBLIC        TCON
  C:5C66H         PUBLIC        _BCDtoDec
  B:00A0H.0       PUBLIC        PCF85063BTL_CS
  C:5C55H         PUBLIC        _SPI_ReadTime
  C:5CB5H         PUBLIC        SPI_Init
  C:5BA9H         PUBLIC        _SPI_WriteTime
  C:5AF9H         PUBLIC        _SPI_SendByte
  D:00D0H         PUBLIC        PSW
  C:5C2FH         SYMBOL        L?0048
  -------         PROC          L?0047
  -------         ENDPROC       L?0047
  C:5C2FH         SYMBOL        L?0048
  -------         PROC          _PCF85063BTL_DELAY
  D:0006H         SYMBOL        us
  C:5C33H         LINE#         8
  C:5C33H         LINE#         9
  C:5C33H         LINE#         10
  C:5C3DH         LINE#         11
  C:5C3DH         LINE#         12
  C:5C3EH         LINE#         13
  C:5C40H         LINE#         14
  -------         ENDPROC       _PCF85063BTL_DELAY
  -------         PROC          _SPI_SENDBYTE
  D:0005H         SYMBOL        dat
  -------         DO            
  D:0003H         SYMBOL        i
  -------         ENDDO         
  C:5AF9H         LINE#         17
  C:5AFBH         LINE#         18
  C:5AFBH         LINE#         20
  C:5AFDH         LINE#         21
  C:5AFDH         LINE#         22
  C:5AFFH         LINE#         23
  C:5B03H         LINE#         24
  C:5B03H         LINE#         25
  C:5B05H         LINE#         26
  C:5B07H         LINE#         28
  C:5B07H         LINE#         29
  C:5B09H         LINE#         30
  C:5B09H         LINE#         31
  C:5B0CH         LINE#         32
BL51 BANKED LINKER/LOCATER V6.22                                                      08/21/2019  10:35:06  PAGE 16


  C:5B0CH         LINE#         33
  C:5B0FH         LINE#         34
  C:5B13H         LINE#         35
  C:5B18H         LINE#         36
  -------         ENDPROC       _SPI_SENDBYTE
  -------         PROC          SPI_RECEIVEBYTE
  -------         DO            
  D:0003H         SYMBOL        i
  D:0005H         SYMBOL        dat
  -------         ENDDO         
  C:5B19H         LINE#         39
  C:5B19H         LINE#         40
  C:5B19H         LINE#         42
  C:5B1BH         LINE#         44
  C:5B1DH         LINE#         45
  C:5B1EH         LINE#         46
  C:5B1EH         LINE#         47
  C:5B22H         LINE#         48
  C:5B24H         LINE#         49
  C:5B27H         LINE#         51
  C:5B2AH         LINE#         52
  C:5B2AH         LINE#         53
  C:5B2EH         LINE#         54
  C:5B2EH         LINE#         55
  C:5B2EH         LINE#         56
  C:5B31H         LINE#         57
  C:5B36H         LINE#         58
  C:5B38H         LINE#         59
  -------         ENDPROC       SPI_RECEIVEBYTE
  -------         PROC          _SPI_READTIME
  D:0007H         SYMBOL        addr
  -------         DO            
  D:0006H         SYMBOL        dat
  -------         ENDDO         
  C:5C55H         LINE#         61
  C:5C55H         LINE#         62
  C:5C55H         LINE#         64
  C:5C57H         LINE#         65
  C:5C59H         LINE#         66
  C:5C60H         LINE#         67
  C:5C63H         LINE#         68
  C:5C65H         LINE#         69
  C:5C65H         LINE#         70
  -------         ENDPROC       _SPI_READTIME
  -------         PROC          _SPI_WRITETIME
  D:0002H         SYMBOL        val
  D:0005H         SYMBOL        addr
  C:5BA9H         LINE#         71
  C:5BABH         LINE#         72
  C:5BABH         LINE#         74
  C:5BADH         LINE#         75
  C:5BB4H         LINE#         76
  C:5BB9H         LINE#         77
  C:5BBEH         LINE#         78
  C:5BC0H         LINE#         79
  -------         ENDPROC       _SPI_WRITETIME
  -------         PROC          SPI_INIT
BL51 BANKED LINKER/LOCATER V6.22                                                      08/21/2019  10:35:06  PAGE 17


  C:5CB5H         LINE#         83
  C:5CB5H         LINE#         84
  C:5CB5H         LINE#         89
  C:5CB8H         LINE#         90
  C:5CBBH         LINE#         91
  C:5CBDH         LINE#         92
  C:5CBFH         LINE#         93
  C:5CC1H         LINE#         94
  -------         ENDPROC       SPI_INIT
  -------         PROC          _READ_TIME
  X:0519H         SYMBOL        months
  X:051CH         SYMBOL        days
  X:051FH         SYMBOL        hours
  X:0522H         SYMBOL        mins
  X:0525H         SYMBOL        seconds
  C:5597H         LINE#         96
  C:55A2H         LINE#         97
  C:55A2H         LINE#         99
  C:55B6H         LINE#         101
  C:55CAH         LINE#         103
  C:55DEH         LINE#         108
  C:55F2H         LINE#         113
  -------         ENDPROC       _READ_TIME
  -------         PROC          _BCDTODEC
  D:0007H         SYMBOL        bcd
  -------         DO            
  D:0006H         SYMBOL        hi
  D:0007H         SYMBOL        lo
  -------         ENDDO         
  C:5C66H         LINE#         119
  C:5C66H         LINE#         120
  C:5C66H         LINE#         122
  C:5C6BH         LINE#         123
  C:5C6FH         LINE#         124
  C:5C76H         LINE#         125
  -------         ENDPROC       _BCDTODEC
  -------         PROC          _DAY_OF_YEAR
  D:0007H         SYMBOL        months_bcd
  D:0005H         SYMBOL        days_bcd
  -------         DO            
  D:0004H         SYMBOL        months
  D:0007H         SYMBOL        days
  -------         ENDDO         
  C:5424H         LINE#         126
  C:5424H         LINE#         127
  C:5424H         LINE#         130
  C:5429H         LINE#         132
  C:542EH         LINE#         134
  C:5467H         LINE#         135
  C:5467H         LINE#         136
  C:5467H         LINE#         137
  C:546AH         LINE#         138
  C:546AH         LINE#         139
  C:546AH         LINE#         140
  C:546FH         LINE#         141
  C:546FH         LINE#         142
  C:546FH         LINE#         143
BL51 BANKED LINKER/LOCATER V6.22                                                      08/21/2019  10:35:06  PAGE 18


  C:5474H         LINE#         144
  C:5474H         LINE#         145
  C:5474H         LINE#         146
  C:5479H         LINE#         147
  C:5479H         LINE#         148
  C:5479H         LINE#         149
  C:547EH         LINE#         150
  C:547EH         LINE#         151
  C:547EH         LINE#         152
  C:5483H         LINE#         153
  C:5483H         LINE#         154
  C:5483H         LINE#         155
  C:5488H         LINE#         156
  C:5488H         LINE#         157
  C:5488H         LINE#         158
  C:548DH         LINE#         159
  C:548DH         LINE#         160
  C:548DH         LINE#         161
  C:5495H         LINE#         162
  C:5495H         LINE#         163
  C:5495H         LINE#         164
  C:549AH         LINE#         165
  C:549AH         LINE#         166
  C:549AH         LINE#         167
  C:549FH         LINE#         168
  C:549FH         LINE#         169
  C:549FH         LINE#         170
  C:54A8H         LINE#         171
  C:54A8H         LINE#         172
  C:54A8H         LINE#         173
  C:54ABH         LINE#         174
  C:54ABH         LINE#         175
  -------         ENDPROC       _DAY_OF_YEAR
  -------         ENDMOD        PCF85063BTL

  -------         MODULE        LCD_DRIVER_SPLC780D
  C:0000H         SYMBOL        _ICE_DUMMY_
  D:0092H         PUBLIC        P1M0
  D:0091H         PUBLIC        P1M1
  D:0080H         PUBLIC        P0
  D:0090H         PUBLIC        P1
  D:00A0H         PUBLIC        P2
  D:00B0H         PUBLIC        P3
  D:00C0H         PUBLIC        P4
  D:00C8H         PUBLIC        P5
  D:00E8H         PUBLIC        P6
  D:00F8H         PUBLIC        P7
  C:54B0H         PUBLIC        _WriteData
  D:00A8H         PUBLIC        IE
  D:00B8H         PUBLIC        IP
  D:00D8H         PUBLIC        CCON
  B:00B0H.4       PUBLIC        LCD_D4
  B:00B0H.5       PUBLIC        LCD_D5
  B:00B0H.6       PUBLIC        LCD_D6
  C:5B57H         PUBLIC        _DisplayLCD
  B:00B0H.7       PUBLIC        LCD_D7
  D:0098H         PUBLIC        SCON
BL51 BANKED LINKER/LOCATER V6.22                                                      08/21/2019  10:35:06  PAGE 19


  D:0088H         PUBLIC        TCON
  C:5CFEH         PUBLIC        LCD_clear
  C:582EH         PUBLIC        _Command
  C:5BEEH         PUBLIC        _Display_Line
  C:5660H         PUBLIC        LCD_Init
  C:5A96H         PUBLIC        _Wait_ms
  B:00C0H.0       PUBLIC        LCD_RS
  B:0090H.3       PUBLIC        LCD_RW
  C:5CF4H         PUBLIC        LCD_return_home
  C:46CBH         PUBLIC        _Display_Pos
  B:00B0H.3       PUBLIC        LCD_E
  D:00D0H         PUBLIC        PSW
  -------         PROC          LCD_INIT
  C:5660H         LINE#         9
  C:5660H         LINE#         10
  C:5660H         LINE#         11
  C:5663H         LINE#         12
  C:5666H         LINE#         14
  C:566CH         LINE#         15
  C:5671H         LINE#         17
  C:5678H         LINE#         18
  C:567DH         LINE#         20
  C:5680H         LINE#         21
  C:5685H         LINE#         23
  C:5688H         LINE#         24
  C:568DH         LINE#         26
  C:5694H         LINE#         29
  C:5699H         LINE#         30
  C:569EH         LINE#         32
  C:56A3H         LINE#         33
  C:56A8H         LINE#         35
  C:56ADH         LINE#         36
  C:56B2H         LINE#         37
  -------         ENDPROC       LCD_INIT
  C:54ACH         SYMBOL        L?0035
  -------         PROC          L?0034
  -------         ENDPROC       L?0034
  C:54ACH         SYMBOL        L?0035
  -------         PROC          _WRITEDATA
  X:0524H         SYMBOL        dat
  C:54B0H         LINE#         40
  C:54B5H         LINE#         41
  C:54B5H         LINE#         46
  C:54B7H         LINE#         47
  C:54B9H         LINE#         49
  C:54C7H         LINE#         50
  C:54D3H         LINE#         51
  C:54DFH         LINE#         52
  C:54E9H         LINE#         53
  C:54EBH         LINE#         54
  C:54F2H         LINE#         55
  C:54F4H         LINE#         57
  C:5504H         LINE#         58
  C:550FH         LINE#         59
  C:5519H         LINE#         60
  C:551DH         LINE#         62
  C:551DH         LINE#         63
BL51 BANKED LINKER/LOCATER V6.22                                                      08/21/2019  10:35:06  PAGE 20


  C:5520H         LINE#         64
  C:5522H         LINE#         65
  C:5524H         LINE#         67
  -------         ENDPROC       _WRITEDATA
  -------         PROC          _COMMAND
  D:0007H         SYMBOL        dat
  C:582EH         LINE#         69
  C:582EH         LINE#         70
  C:582EH         LINE#         71
  C:5830H         LINE#         72
  C:5832H         LINE#         74
  C:583CH         LINE#         75
  C:5840H         LINE#         77
  C:5842H         LINE#         78
  C:584BH         LINE#         79
  C:584FH         LINE#         81
  C:5851H         LINE#         82
  C:5858H         LINE#         83
  C:585CH         LINE#         85
  C:585EH         LINE#         86
  C:5862H         LINE#         87
  C:5866H         LINE#         89
  C:5868H         LINE#         90
  C:5868H         LINE#         91
  C:586BH         LINE#         92
  C:586DH         LINE#         93
  -------         ENDPROC       _COMMAND
  C:5A92H         SYMBOL        L?0037
  -------         PROC          L?0036
  -------         ENDPROC       L?0036
  C:5A92H         SYMBOL        L?0037
  -------         PROC          _WAIT_MS
  D:0006H         SYMBOL        ms
  -------         DO            
  D:0004H         SYMBOL        De_Cnt
  -------         ENDDO         
  C:5A96H         LINE#         95
  C:5A96H         LINE#         96
  C:5A96H         LINE#         98
  C:5AA0H         LINE#         99
  C:5AA0H         LINE#         100
  C:5AB3H         LINE#         101
  C:5AB3H         LINE#         102
  -------         ENDPROC       _WAIT_MS
  -------         PROC          _DISPLAYLCD
  D:0007H         SYMBOL        BCD
  -------         DO            
  D:0006H         SYMBOL        first_digit
  X:0519H         SYMBOL        second_digit
  -------         ENDDO         
  C:5B57H         LINE#         103
  C:5B57H         LINE#         104
  C:5B57H         LINE#         106
  C:5B5EH         LINE#         107
  C:5B67H         LINE#         109
  C:5B6CH         LINE#         111
  -------         ENDPROC       _DISPLAYLCD
BL51 BANKED LINKER/LOCATER V6.22                                                      08/21/2019  10:35:06  PAGE 21


  -------         PROC          LCD_RETURN_HOME
  C:5CF4H         LINE#         115
  C:5CF4H         LINE#         116
  C:5CF4H         LINE#         117
  C:5CF9H         LINE#         118
  -------         ENDPROC       LCD_RETURN_HOME
  -------         PROC          LCD_CLEAR
  C:5CFEH         LINE#         121
  C:5CFEH         LINE#         122
  C:5CFEH         LINE#         123
  C:5D03H         LINE#         124
  -------         ENDPROC       LCD_CLEAR
  -------         PROC          _DISPLAY_LINE
  D:0006H         SYMBOL        line
  C:5BEEH         LINE#         128
  C:5BEEH         LINE#         129
  C:5BEEH         LINE#         130
  C:5BF4H         LINE#         131
  C:5BF4H         LINE#         132
  C:5BF6H         LINE#         133
  C:5BF6H         LINE#         134
  C:5BF8H         LINE#         136
  C:5BF8H         LINE#         137
  C:5BFDH         LINE#         138
  C:5C02H         LINE#         139
  C:5C02H         LINE#         140
  -------         ENDPROC       _DISPLAY_LINE
  -------         PROC          _DISPLAY_POS
  X:0519H         SYMBOL        sign_dat
  -------         DO            
  X:051DH         SYMBOL        unit
  X:051EH         SYMBOL        ten
  X:051FH         SYMBOL        hundred
  X:0520H         SYMBOL        thousand
  X:0521H         SYMBOL        after_dot
  X:0522H         SYMBOL        dat
  -------         ENDDO         
  C:46CBH         LINE#         142
  C:46D1H         LINE#         143
  C:46D1H         LINE#         147
  C:46EDH         LINE#         148
  C:4707H         LINE#         149
  C:472BH         LINE#         151
  C:4775H         LINE#         153
  C:478CH         LINE#         154
  C:479EH         LINE#         155
  C:47C3H         LINE#         156
  C:47DDH         LINE#         157
  C:47F5H         LINE#         158
  C:47F5H         LINE#         159
  C:47F5H         LINE#         160
  C:47F5H         LINE#         161
  C:47F5H         LINE#         162
  C:47F5H         LINE#         163
  C:47F5H         LINE#         164
  C:47F5H         LINE#         168
  C:47F7H         LINE#         170
BL51 BANKED LINKER/LOCATER V6.22                                                      08/21/2019  10:35:06  PAGE 22


  C:47F7H         LINE#         172
  C:47FCH         LINE#         173
  C:4802H         LINE#         174
  C:4808H         LINE#         175
  C:480EH         LINE#         176
  C:4814H         LINE#         177
  C:4819H         LINE#         178
  C:481FH         LINE#         182
  C:481FH         LINE#         184
  -------         ENDPROC       _DISPLAY_POS
  -------         ENDMOD        LCD_DRIVER_SPLC780D

  -------         MODULE        KEYPAD
  C:0000H         SYMBOL        _ICE_DUMMY_
  D:0093H         PUBLIC        P0M1
  D:0080H         PUBLIC        P0
  D:0090H         PUBLIC        P1
  D:00A0H         PUBLIC        P2
  D:00B0H         PUBLIC        P3
  D:00C0H         PUBLIC        P4
  D:00C8H         PUBLIC        P5
  D:00E8H         PUBLIC        P6
  D:00F8H         PUBLIC        P7
  D:00A8H         PUBLIC        IE
  C:40C7H         PUBLIC        Key_Scan
  D:00B8H         PUBLIC        IP
  D:00D8H         PUBLIC        CCON
  C:5CDCH         PUBLIC        KeyPad_IO_Init
  C:5B39H         PUBLIC        _Delay_ms
  D:0098H         PUBLIC        SCON
  D:0088H         PUBLIC        TCON
  X:06AFH         PUBLIC        small_move
  X:06B1H         PUBLIC        move
  X:06B3H         PUBLIC        auto_mode
  X:06B5H         PUBLIC        direction
  X:06B7H         PUBLIC        SPI_NOR_ClearEnable
  C:37F4H         PUBLIC        Key_Process
  D:00D0H         PUBLIC        PSW
  D:0094H         PUBLIC        P0M0
  -------         PROC          _DELAY_MS
  D:0006H         SYMBOL        ms
  -------         DO            
  D:0004H         SYMBOL        De_Cnt
  -------         ENDDO         
  C:5B39H         LINE#         20
  C:5B39H         LINE#         21
  C:5B39H         LINE#         23
  C:5B43H         LINE#         24
  C:5B43H         LINE#         25
  C:5B56H         LINE#         26
  C:5B56H         LINE#         27
  -------         ENDPROC       _DELAY_MS
  -------         PROC          KEY_SCAN
  -------         DO            
  X:051FH         SYMBOL        KeyTemp1
  X:0520H         SYMBOL        KeyTemp2
  X:0521H         SYMBOL        KeyValue
BL51 BANKED LINKER/LOCATER V6.22                                                      08/21/2019  10:35:06  PAGE 23


  -------         ENDDO         
  C:40C7H         LINE#         28
  C:40C7H         LINE#         29
  C:40C7H         LINE#         34
  C:40CAH         LINE#         37
  C:40CDH         LINE#         39
  C:40D5H         LINE#         40
  C:40DCH         LINE#         41
  C:40DCH         LINE#         43
  C:40E1H         LINE#         44
  C:40E8H         LINE#         45
  C:40E8H         LINE#         48
  C:40EBH         LINE#         49
  C:40EEH         LINE#         50
  C:40F3H         LINE#         51
  C:40F7H         LINE#         52
  C:40F7H         LINE#         53
  C:40FFH         LINE#         54
  C:40FFH         LINE#         55
  C:4102H         LINE#         56
  C:410AH         LINE#         57
  C:410CH         LINE#         59
  C:4120H         LINE#         60
  C:4120H         LINE#         61
  C:4120H         LINE#         62
  C:4120H         LINE#         63
  C:4126H         LINE#         65
  C:4128H         LINE#         66
  C:4128H         LINE#         67
  C:4128H         LINE#         68
  C:412EH         LINE#         70
  C:4130H         LINE#         71
  C:4130H         LINE#         72
  C:4130H         LINE#         73
  C:4136H         LINE#         75
  C:4138H         LINE#         76
  C:4138H         LINE#         77
  C:4138H         LINE#         78
  C:413EH         LINE#         80
  C:413EH         LINE#         81
  C:413EH         LINE#         82
  C:413EH         LINE#         85
  C:4141H         LINE#         86
  C:4144H         LINE#         87
  C:414CH         LINE#         88
  C:4150H         LINE#         89
  C:4150H         LINE#         90
  C:4158H         LINE#         91
  C:4158H         LINE#         92
  C:415BH         LINE#         93
  C:4163H         LINE#         94
  C:4165H         LINE#         95
  C:4179H         LINE#         96
  C:4179H         LINE#         97
  C:4179H         LINE#         98
  C:4179H         LINE#         99
  C:417FH         LINE#         101
BL51 BANKED LINKER/LOCATER V6.22                                                      08/21/2019  10:35:06  PAGE 24


  C:4181H         LINE#         102
  C:4181H         LINE#         103
  C:4181H         LINE#         104
  C:4187H         LINE#         106
  C:4189H         LINE#         107
  C:4189H         LINE#         108
  C:4189H         LINE#         109
  C:418FH         LINE#         111
  C:4191H         LINE#         112
  C:4191H         LINE#         113
  C:4191H         LINE#         114
  C:4196H         LINE#         116
  C:4196H         LINE#         117
  C:4196H         LINE#         118
  C:4196H         LINE#         121
  C:4199H         LINE#         122
  C:419CH         LINE#         123
  C:41A4H         LINE#         124
  C:41A8H         LINE#         125
  C:41A8H         LINE#         126
  C:41B0H         LINE#         127
  C:41B0H         LINE#         128
  C:41B3H         LINE#         129
  C:41BBH         LINE#         130
  C:41BDH         LINE#         131
  C:41D1H         LINE#         132
  C:41D1H         LINE#         133
  C:41D1H         LINE#         134
  C:41D1H         LINE#         135
  C:41D7H         LINE#         137
  C:41D9H         LINE#         138
  C:41D9H         LINE#         139
  C:41D9H         LINE#         140
  C:41DFH         LINE#         142
  C:41E1H         LINE#         143
  C:41E1H         LINE#         144
  C:41E1H         LINE#         145
  C:41E7H         LINE#         147
  C:41E9H         LINE#         148
  C:41E9H         LINE#         149
  C:41E9H         LINE#         150
  C:41EFH         LINE#         152
  C:41EFH         LINE#         153
  C:41EFH         LINE#         154
  C:41EFH         LINE#         158
  C:41F2H         LINE#         159
  C:41F5H         LINE#         160
  C:41FDH         LINE#         161
  C:4201H         LINE#         162
  C:4201H         LINE#         163
  C:4209H         LINE#         164
  C:4209H         LINE#         165
  C:420CH         LINE#         166
  C:4214H         LINE#         167
  C:4216H         LINE#         168
  C:422AH         LINE#         169
  C:422AH         LINE#         170
BL51 BANKED LINKER/LOCATER V6.22                                                      08/21/2019  10:35:06  PAGE 25


  C:422AH         LINE#         171
  C:422AH         LINE#         172
  C:4230H         LINE#         174
  C:4232H         LINE#         175
  C:4232H         LINE#         176
  C:4232H         LINE#         177
  C:4238H         LINE#         179
  C:423AH         LINE#         180
  C:423AH         LINE#         181
  C:423AH         LINE#         182
  C:4240H         LINE#         184
  C:4242H         LINE#         185
  C:4242H         LINE#         186
  C:4242H         LINE#         187
  C:4248H         LINE#         189
  C:4248H         LINE#         190
  C:4248H         LINE#         191
  C:4248H         LINE#         193
  C:424EH         LINE#         194
  C:424EH         LINE#         196
  C:424EH         LINE#         197
  C:4251H         LINE#         198
  C:4251H         LINE#         199
  C:4251H         LINE#         201
  C:4251H         LINE#         202
  C:4253H         LINE#         203
  C:4253H         LINE#         204
  -------         ENDPROC       KEY_SCAN
  -------         PROC          KEY_PROCESS
  -------         DO            
  X:06A0H         SYMBOL        KeyCount
  X:06A1H         SYMBOL        KeyNum_Old
  X:06A3H         SYMBOL        KeyNum
  X:06A5H         SYMBOL        PressedKey
  X:0519H         SYMBOL        d
  D:0002H         SYMBOL        hours
  D:0006H         SYMBOL        mins
  X:051BH         SYMBOL        months
  X:051DH         SYMBOL        days
  -------         ENDDO         
  C:37F4H         LINE#         205
  C:37F4H         LINE#         206
  C:37F4H         LINE#         210
  C:3803H         LINE#         211
  C:3810H         LINE#         213
  C:3814H         LINE#         214
  C:3814H         LINE#         215
  C:381AH         LINE#         217
  C:381AH         LINE#         218
  C:3831H         LINE#         219
  C:3831H         LINE#         220
  C:383BH         LINE#         221
  C:3841H         LINE#         223
  C:3847H         LINE#         225
  C:3847H         LINE#         226
  C:385EH         LINE#         227
  C:385EH         LINE#         228
BL51 BANKED LINKER/LOCATER V6.22                                                      08/21/2019  10:35:06  PAGE 26


  C:3863H         LINE#         230
  C:3863H         LINE#         231
  C:3873H         LINE#         232
  C:3873H         LINE#         233
  C:3879H         LINE#         235
  C:3879H         LINE#         236
  C:388BH         LINE#         237
  C:388BH         LINE#         238
  C:3895H         LINE#         239
  C:389DH         LINE#         241
  C:38A6H         LINE#         243
  C:38A6H         LINE#         252
  C:38C5H         LINE#         253
  C:38C5H         LINE#         254
  C:38E4H         LINE#         255
  C:38EAH         LINE#         256
  C:38F2H         LINE#         257
  C:38F2H         LINE#         259
  C:38F3H         LINE#         265
  C:38FFH         LINE#         266
  C:38FFH         LINE#         267
  C:391CH         LINE#         268
  C:3933H         LINE#         269
  C:394AH         LINE#         270
  C:394AH         LINE#         271
  C:395DH         LINE#         272
  C:3970H         LINE#         273
  C:3970H         LINE#         274
  C:3970H         LINE#         275
  C:3973H         LINE#         280
  C:3982H         LINE#         281
  C:3982H         LINE#         282
  C:39A5H         LINE#         283
  C:39C2H         LINE#         284
  C:39CBH         LINE#         285
  C:39CBH         LINE#         286
  C:39D2H         LINE#         287
  C:39D2H         LINE#         288
  C:39E3H         LINE#         289
  C:39E3H         LINE#         290
  C:39F2H         LINE#         291
  C:39F2H         LINE#         292
  C:39F2H         LINE#         293
  C:39F5H         LINE#         295
  C:39F5H         LINE#         296
  C:3A01H         LINE#         297
  C:3A01H         LINE#         298
  C:3A13H         LINE#         299
  C:3A13H         LINE#         300
  C:3A23H         LINE#         301
  C:3A23H         LINE#         302
  C:3A23H         LINE#         304
  C:3A25H         LINE#         306
  C:3A25H         LINE#         307
  C:3A34H         LINE#         308
  C:3A34H         LINE#         309
  C:3A44H         LINE#         310
BL51 BANKED LINKER/LOCATER V6.22                                                      08/21/2019  10:35:06  PAGE 27


  C:3A44H         LINE#         311
  C:3A44H         LINE#         313
  C:3A44H         LINE#         315
  C:3A44H         LINE#         316
  C:3A46H         LINE#         318
  C:3A46H         LINE#         319
  C:3A4DH         LINE#         320
  C:3A4DH         LINE#         321
  C:3A5CH         LINE#         322
  C:3A5CH         LINE#         323
  C:3A6CH         LINE#         324
  C:3A6CH         LINE#         325
  C:3A6CH         LINE#         326
  C:3A6EH         LINE#         328
  C:3A6EH         LINE#         329
  C:3A7DH         LINE#         330
  C:3A7DH         LINE#         331
  C:3A90H         LINE#         332
  C:3AA3H         LINE#         333
  C:3AA3H         LINE#         334
  C:3AA3H         LINE#         335
  C:3AA3H         LINE#         336
  C:3AACH         LINE#         338
  C:3AACH         LINE#         340
  C:3AE6H         LINE#         341
  C:3AE6H         LINE#         342
  C:3AEDH         LINE#         343
  C:3AEDH         LINE#         344
  C:3AF7H         LINE#         345
  C:3AF7H         LINE#         346
  C:3AFAH         LINE#         347
  C:3AFFH         LINE#         348
  C:3B04H         LINE#         349
  C:3B09H         LINE#         350
  C:3B0EH         LINE#         351
  C:3B13H         LINE#         352
  C:3B18H         LINE#         353
  C:3B1DH         LINE#         354
  C:3B1DH         LINE#         355
  C:3B1DH         LINE#         357
  C:3B3BH         LINE#         358
  C:3B3BH         LINE#         359
  C:3B42H         LINE#         360
  C:3B42H         LINE#         361
  C:3B47H         LINE#         362
  C:3B50H         LINE#         363
  C:3B6FH         LINE#         364
  C:3B6FH         LINE#         365
  C:3B7FH         LINE#         367
  C:3B7FH         LINE#         371
  -------         ENDPROC       KEY_PROCESS
  -------         PROC          KEYPAD_IO_INIT
  C:5CDCH         LINE#         374
  C:5CDCH         LINE#         375
  C:5CDCH         LINE#         376
  C:5CDFH         LINE#         377
  C:5CE2H         LINE#         378
BL51 BANKED LINKER/LOCATER V6.22                                                      08/21/2019  10:35:06  PAGE 28


  C:5CE5H         LINE#         379
  C:5CE7H         LINE#         380
  -------         ENDPROC       KEYPAD_IO_INIT
  -------         ENDMOD        KEYPAD

  -------         MODULE        BIPOLARMOTOR
  C:0000H         SYMBOL        _ICE_DUMMY_
  X:0000H         PUBLIC        UTC_time
  D:0080H         PUBLIC        P0
  D:0090H         PUBLIC        P1
  X:0004H         PUBLIC        RX_pos_test
  D:00A0H         PUBLIC        P2
  D:00B0H         PUBLIC        P3
  D:00C0H         PUBLIC        P4
  D:00C8H         PUBLIC        P5
  D:00E8H         PUBLIC        P6
  D:00F8H         PUBLIC        P7
  X:00A4H         PUBLIC        low_date_azimuth_mapping
  D:00A8H         PUBLIC        IE
  C:4E70H         PUBLIC        linear_interpolate
  X:00CCH         PUBLIC        declination
  C:59CDH         PUBLIC        _Move
  D:00B8H         PUBLIC        IP
  X:00D0H         PUBLIC        time_offset
  D:00D8H         PUBLIC        CCON
  X:00D4H         PUBLIC        previous_move_time
  X:00D5H         PUBLIC        time
  D:0098H         PUBLIC        SCON
  D:0088H         PUBLIC        TCON
  C:586EH         PUBLIC        _Step_move
  X:00E7H         PUBLIC        dat
  X:00EDH         PUBLIC        current_local_sun_time
  C:248BH         PUBLIC        _Update_position
  C:3B80H         PUBLIC        _elevation_calculation
  X:00F1H         PUBLIC        sunCoord
  C:5756H         PUBLIC        vOneStepMove
  X:00F4H         PUBLIC        elevation_stamp
  X:0130H         PUBLIC        date_azimuth_mapping
  X:0158H         PUBLIC        location
  X:0160H         PUBLIC        RX_pos
  C:5C03H         PUBLIC        vSetLocation
  C:5B7EH         PUBLIC        _BCDtoDec1
  X:03B8H         PUBLIC        degree
  C:2A5CH         PUBLIC        _TheoricalJP_Position
  D:00D0H         PUBLIC        PSW
  -------         PROC          VSETLOCATION
  C:5C03H         LINE#         44
  C:5C03H         LINE#         45
  C:5C03H         LINE#         46
  C:5C0DH         LINE#         47
  C:5C17H         LINE#         48
  -------         ENDPROC       VSETLOCATION
  C:5B7AH         SYMBOL        L?0056
  -------         PROC          L?0055
  -------         ENDPROC       L?0055
  C:5B7AH         SYMBOL        L?0056
  -------         PROC          _BCDTODEC1
BL51 BANKED LINKER/LOCATER V6.22                                                      08/21/2019  10:35:06  PAGE 29


  D:0007H         SYMBOL        bcd
  -------         DO            
  D:0006H         SYMBOL        hi
  D:0007H         SYMBOL        lo
  -------         ENDDO         
  C:5B7EH         LINE#         49
  C:5B7EH         LINE#         50
  C:5B7EH         LINE#         52
  C:5B83H         LINE#         53
  C:5B87H         LINE#         54
  C:5B8EH         LINE#         55
  -------         ENDPROC       _BCDTODEC1
  -------         PROC          VONESTEPMOVE
  B:0020H.2       SYMBOL        bDir
  C:5756H         LINE#         59
  C:5756H         LINE#         60
  C:5756H         LINE#         62
  C:575CH         LINE#         63
  C:575CH         LINE#         64
  C:575FH         LINE#         65
  C:5768H         LINE#         66
  C:576FH         LINE#         67
  C:5774H         LINE#         68
  C:5774H         LINE#         69
  C:5774H         LINE#         71
  C:5776H         LINE#         74
  C:5776H         LINE#         75
  C:5779H         LINE#         76
  C:5782H         LINE#         77
  C:5789H         LINE#         78
  C:578FH         LINE#         79
  C:5798H         LINE#         80
  C:579FH         LINE#         81
  C:579FH         LINE#         85
  -------         ENDPROC       VONESTEPMOVE
  -------         PROC          _STEP_MOVE
  X:0519H         SYMBOL        step
  B:0020H.1       SYMBOL        dir
  -------         DO            
  X:051BH         SYMBOL        i
  -------         ENDDO         
  C:586EH         LINE#         87
  C:5876H         LINE#         88
  C:5876H         LINE#         90
  C:587BH         LINE#         93
  C:5896H         LINE#         94
  C:5896H         LINE#         95
  C:589DH         LINE#         97
  C:58ADH         LINE#         99
  -------         ENDPROC       _STEP_MOVE
  -------         PROC          _MOVE
  X:06E9H         SYMBOL        distance
  B:0021H.3       SYMBOL        direction
  -------         DO            
  D:0006H         SYMBOL        step
  -------         ENDDO         
  C:59CDH         LINE#         101
BL51 BANKED LINKER/LOCATER V6.22                                                      08/21/2019  10:35:06  PAGE 30


  C:59D3H         LINE#         102
  C:59D3H         LINE#         105
  C:59EEH         LINE#         108
  -------         ENDPROC       _MOVE
  C:4E5FH         SYMBOL        L?0054
  -------         PROC          L?0053
  -------         ENDPROC       L?0053
  C:4E5FH         SYMBOL        L?0054
  -------         PROC          LINEAR_INTERPOLATE
  X:059BH         SYMBOL        p1
  X:05A3H         SYMBOL        p2
  X:05ABH         SYMBOL        x
  -------         DO            
  D:0004H         SYMBOL        fx
  -------         ENDDO         
  C:4E70H         LINE#         141
  C:4E70H         LINE#         142
  C:4E70H         LINE#         145
  C:4F0FH         LINE#         147
  C:4F0FH         LINE#         148
  -------         ENDPROC       LINEAR_INTERPOLATE
  -------         PROC          _THEORICALJP_POSITION
  X:053FH         SYMBOL        azimuth
  X:0543H         SYMBOL        elevation
  -------         DO            
  X:0547H         SYMBOL        pos_interpolate_azimuth
  X:0583H         SYMBOL        JP_pos
  X:0587H         SYMBOL        i
  X:0589H         SYMBOL        yy
  X:058BH         SYMBOL        p1
  X:0593H         SYMBOL        p2
  -------         ENDDO         
  C:2A5CH         LINE#         151
  C:2A62H         LINE#         152
  C:2A62H         LINE#         154
  C:2A6CH         LINE#         157
  C:2A88H         LINE#         158
  C:2A88H         LINE#         159
  C:2AF8H         LINE#         160
  C:2AF8H         LINE#         161
  C:2AFFH         LINE#         162
  C:2AFFH         LINE#         163
  C:2B2CH         LINE#         164
  C:2B47H         LINE#         166
  C:2B8EH         LINE#         167
  C:2BC2H         LINE#         169
  C:2C08H         LINE#         170
  C:2C2DH         LINE#         172
  C:2C2DH         LINE#         174
  C:2CA3H         LINE#         175
  C:2CA3H         LINE#         176
  C:2CAAH         LINE#         177
  C:2CAAH         LINE#         178
  C:2CD7H         LINE#         179
  C:2CF2H         LINE#         181
  C:2D39H         LINE#         182
  C:2D6DH         LINE#         184
BL51 BANKED LINKER/LOCATER V6.22                                                      08/21/2019  10:35:06  PAGE 31


  C:2DB3H         LINE#         185
  C:2DD5H         LINE#         187
  C:2DD5H         LINE#         188
  C:2DE9H         LINE#         191
  C:2E05H         LINE#         192
  C:2E05H         LINE#         193
  C:2E75H         LINE#         194
  C:2E75H         LINE#         195
  C:2EA2H         LINE#         196
  C:2EBDH         LINE#         198
  C:2EEAH         LINE#         199
  C:2F05H         LINE#         201
  C:2F37H         LINE#         204
  C:2F37H         LINE#         206
  C:2F48H         LINE#         207
  C:2F56H         LINE#         209
  -------         ENDPROC       _THEORICALJP_POSITION
  -------         PROC          _UPDATE_POSITION
  D:0001H         SYMBOL        mnths
  D:0002H         SYMBOL        dys
  X:051BH         SYMBOL        hurs
  X:051CH         SYMBOL        mns
  X:051DH         SYMBOL        sconds
  X:051EH         SYMBOL        currnt_pos
  X:0521H         SYMBOL        offset_calib
  -------         DO            
  X:0525H         SYMBOL        date
  X:0527H         SYMBOL        i
  X:0529H         SYMBOL        yy
  X:052BH         SYMBOL        desired_distance
  X:052FH         SYMBOL        distance
  X:0533H         SYMBOL        JP_pos
  X:0537H         SYMBOL        elevation
  X:053BH         SYMBOL        azimuth
  -------         ENDDO         
  C:248BH         LINE#         212
  C:2494H         LINE#         215
  C:2494H         LINE#         216
  C:249FH         LINE#         218
  C:24BBH         LINE#         225
  C:24C5H         LINE#         226
  C:24D0H         LINE#         227
  C:24DBH         LINE#         228
  C:24F4H         LINE#         229
  C:2505H         LINE#         230
  C:2514H         LINE#         233
  C:2528H         LINE#         237
  C:257AH         LINE#         238
  C:26DEH         LINE#         239
  C:272EH         LINE#         242
  C:2856H         LINE#         245
  C:2925H         LINE#         252
  C:296CH         LINE#         253
  C:296CH         LINE#         255
  C:2997H         LINE#         256
  C:29C6H         LINE#         258
  C:29EBH         LINE#         259
BL51 BANKED LINKER/LOCATER V6.22                                                      08/21/2019  10:35:06  PAGE 32


  C:2A3FH         LINE#         260
  C:2A3FH         LINE#         266
  C:2A5BH         LINE#         267
  C:2A5BH         LINE#         268
  C:2A5BH         LINE#         271
  -------         ENDPROC       _UPDATE_POSITION
  -------         PROC          _ELEVATION_CALCULATION
  D:0007H         SYMBOL        mnths
  D:0005H         SYMBOL        dys
  X:06E1H         SYMBOL        hurs
  X:06E2H         SYMBOL        mns
  X:06E3H         SYMBOL        sconds
  C:3B80H         LINE#         273
  C:3B85H         LINE#         275
  C:3B85H         LINE#         276
  C:3B8FH         LINE#         277
  C:3B98H         LINE#         278
  C:3BA3H         LINE#         279
  C:3BBCH         LINE#         280
  C:3BD0H         LINE#         281
  C:3BE2H         LINE#         285
  C:3C34H         LINE#         286
  C:3D98H         LINE#         287
  C:3DE8H         LINE#         289
  C:3EFFH         LINE#         291
  -------         ENDPROC       _ELEVATION_CALCULATION
  -------         ENDMOD        BIPOLARMOTOR

  -------         MODULE        SUNPOS
  C:0000H         SYMBOL        _ICE_DUMMY_
  C:15F5H         PUBLIC        sunpos
  -------         PROC          SUNPOS
  X:053FH         SYMBOL        udtTime
  X:0551H         SYMBOL        udtLocation
  X:0559H         SYMBOL        udtSunCoordinates
  -------         DO            
  X:055CH         SYMBOL        dElapsedJulianDays
  X:0560H         SYMBOL        dDecimalHours
  X:0564H         SYMBOL        dEclipticLongitude
  X:0568H         SYMBOL        dEclipticObliquity
  X:056CH         SYMBOL        dRightAscension
  X:0570H         SYMBOL        dDeclination
  X:0574H         SYMBOL        dY
  X:0578H         SYMBOL        dX
  -------         DO            
  X:057CH         SYMBOL        dJulianDate
  X:0580H         SYMBOL        liAux1
  X:0584H         SYMBOL        liAux2
  X:057CH         SYMBOL        dMeanLongitude
  X:0580H         SYMBOL        dMeanAnomaly
  X:0584H         SYMBOL        dOmega
  X:057CH         SYMBOL        dSin_EclipticLongitude
  X:057CH         SYMBOL        dGreenwichMeanSiderealTime
  X:0580H         SYMBOL        dLocalMeanSiderealTime
  X:0584H         SYMBOL        dLatitudeInRadians
  X:0588H         SYMBOL        dHourAngle
  X:058CH         SYMBOL        dCos_Latitude
BL51 BANKED LINKER/LOCATER V6.22                                                      08/21/2019  10:35:06  PAGE 33


  X:0590H         SYMBOL        dSin_Latitude
  X:0594H         SYMBOL        dCos_HourAngle
  X:0598H         SYMBOL        dParallax
  -------         ENDDO         
  -------         DO            
  X:057CH         SYMBOL        dMeanLongitude
  X:0580H         SYMBOL        dMeanAnomaly
  X:0584H         SYMBOL        dOmega
  X:057CH         SYMBOL        dSin_EclipticLongitude
  X:057CH         SYMBOL        dGreenwichMeanSiderealTime
  X:0580H         SYMBOL        dLocalMeanSiderealTime
  X:0584H         SYMBOL        dLatitudeInRadians
  X:0588H         SYMBOL        dHourAngle
  X:058CH         SYMBOL        dCos_Latitude
  X:0590H         SYMBOL        dSin_Latitude
  X:0594H         SYMBOL        dCos_HourAngle
  X:0598H         SYMBOL        dParallax
  -------         ENDDO         
  -------         DO            
  X:057CH         SYMBOL        dSin_EclipticLongitude
  X:057CH         SYMBOL        dGreenwichMeanSiderealTime
  X:0580H         SYMBOL        dLocalMeanSiderealTime
  X:0584H         SYMBOL        dLatitudeInRadians
  X:0588H         SYMBOL        dHourAngle
  X:058CH         SYMBOL        dCos_Latitude
  X:0590H         SYMBOL        dSin_Latitude
  X:0594H         SYMBOL        dCos_HourAngle
  X:0598H         SYMBOL        dParallax
  -------         ENDDO         
  -------         DO            
  X:057CH         SYMBOL        dGreenwichMeanSiderealTime
  X:0580H         SYMBOL        dLocalMeanSiderealTime
  X:0584H         SYMBOL        dLatitudeInRadians
  X:0588H         SYMBOL        dHourAngle
  X:058CH         SYMBOL        dCos_Latitude
  X:0590H         SYMBOL        dSin_Latitude
  X:0594H         SYMBOL        dCos_HourAngle
  X:0598H         SYMBOL        dParallax
  -------         ENDDO         
  -------         ENDDO         
  C:15F5H         LINE#         6
  C:15F5H         LINE#         7
  C:15F5H         LINE#         9
  C:15F5H         LINE#         27
[...]
  C:42F0H         LINE#         336
  C:430AH         LINE#         337
  C:430AH         LINE#         338
  C:430AH         LINE#         340
  C:430DH         LINE#         342
  C:4327H         LINE#         343
  C:4327H         LINE#         344
  C:4327H         LINE#         346
  C:432AH         LINE#         348
  C:4344H         LINE#         349
  C:4344H         LINE#         350
  C:4344H         LINE#         352
  C:4347H         LINE#         354
  C:4361H         LINE#         355
  C:4361H         LINE#         356
  C:4361H         LINE#         358
  C:4364H         LINE#         360
  C:437EH         LINE#         361
  C:437EH         LINE#         362
  C:437EH         LINE#         364
  C:4381H         LINE#         366
  C:439BH         LINE#         367
  C:439BH         LINE#         368
  C:439BH         LINE#         370
  C:439EH         LINE#         372
  C:43B8H         LINE#         373
  C:43BFH         LINE#         374
  -------         ENDPROC       SPI_NOR_WRITE_DATA
  -------         ENDMOD        AT25SF041

  -------         MODULE        SI1120
  C:0000H         SYMBOL        _ICE_DUMMY_
  D:0080H         PUBLIC        P0
  D:00B2H         PUBLIC        P3M0
  D:0090H         PUBLIC        P1
  D:00B1H         PUBLIC        P3M1
  D:00A0H         PUBLIC        P2
  D:00B0H         PUBLIC        P3
  D:00C0H         PUBLIC        P4
  D:00C8H         PUBLIC        P5
  B:00A8H.7       PUBLIC        EA
  D:00E8H         PUBLIC        P6
  D:00F8H         PUBLIC        P7
  D:00A8H         PUBLIC        IE
  D:00B8H         PUBLIC        IP
  C:591CH         PUBLIC        SI1120_CONFIG_MODE_VIRH
  D:00D8H         PUBLIC        CCON
  D:0098H         PUBLIC        SCON
  D:0088H         PUBLIC        TCON
  C:5CC2H         PUBLIC        Enable_EXTINT0
  B:0090H.5       PUBLIC        SI1120_STX
BL51 BANKED LINKER/LOCATER V6.22                                                      08/21/2019  10:35:06  PAGE 50


  B:0088H.0       PUBLIC        IT0
  B:00A8H.0       PUBLIC        EX0
  B:0090H.4       PUBLIC        SI1120_MD
  B:0090H.6       PUBLIC        SI1120_SC
  D:00D0H         PUBLIC        PSW
  -------         PROC          SI1120_CONFIG_MODE_VIRH
  C:591CH         LINE#         4
  C:591CH         LINE#         5
  C:591CH         LINE#         6
  C:591EH         LINE#         7
  C:5920H         LINE#         8
  C:5922H         LINE#         10
  C:5929H         LINE#         11
  C:592BH         LINE#         13
  C:592DH         LINE#         14
  C:592FH         LINE#         16
  C:5936H         LINE#         18
  C:5938H         LINE#         20
  C:593FH         LINE#         23
  C:5941H         LINE#         25
  C:5943H         LINE#         27
  C:594AH         LINE#         29
  C:594CH         LINE#         31
  -------         ENDPROC       SI1120_CONFIG_MODE_VIRH
  -------         PROC          ENABLE_EXTINT0
  C:5CC2H         LINE#         33
  C:5CC2H         LINE#         34
  C:5CC2H         LINE#         35
  C:5CC5H         LINE#         36
  C:5CC8H         LINE#         37
  C:5CCAH         LINE#         38
  C:5CCCH         LINE#         39
  C:5CCEH         LINE#         40
  -------         ENDPROC       ENABLE_EXTINT0
  -------         ENDMOD        SI1120

  -------         MODULE        UART1
  C:0000H         SYMBOL        _ICE_DUMMY_
  D:0080H         PUBLIC        P0
  D:0090H         PUBLIC        P1
  D:00A0H         PUBLIC        P2
  D:00B0H         PUBLIC        P3
  D:00C0H         PUBLIC        P4
  D:00C8H         PUBLIC        P5
  C:5AB4H         PUBLIC        _uart1_SendToTCPServer
  B:00A8H.7       PUBLIC        EA
  D:00E8H         PUBLIC        P6
  D:00F8H         PUBLIC        P7
  C:58E9H         PUBLIC        _SendString
  D:00A8H         PUBLIC        IE
  B:00A8H.4       PUBLIC        ES
  D:00B8H         PUBLIC        IP
  C:5BC1H         PUBLIC        _ASCIItoBCD
  D:00D8H         PUBLIC        CCON
  C:5C77H         PUBLIC        initUART1
  D:0098H         PUBLIC        SCON
  D:0088H         PUBLIC        TCON
BL51 BANKED LINKER/LOCATER V6.22                                                      08/21/2019  10:35:06  PAGE 51


  C:5D30H         PUBLIC        _DectoBCD
  C:001EH         PUBLIC        _ASCII_Letter
  D:008EH         PUBLIC        AUXR
  C:0006H         PUBLIC        _unit
  C:5D29H         PUBLIC        _ten
  D:00D6H         PUBLIC        T2H
  D:00D7H         PUBLIC        T2L
  C:5D1AH         PUBLIC        uart1_InitTCPConn
  D:00D0H         PUBLIC        PSW
  -------         PROC          INITUART1
  C:5C77H         LINE#         24
  C:5C77H         LINE#         25
  C:5C77H         LINE#         26
  C:5C7AH         LINE#         27
  C:5C7DH         LINE#         28
  C:5C80H         LINE#         29
  C:5C83H         LINE#         30
  C:5C85H         LINE#         31
  C:5C87H         LINE#         33
  -------         ENDPROC       INITUART1
  -------         PROC          _SENDSTRING
  X:051CH         SYMBOL        s
  C:58E9H         LINE#         36
  C:58F4H         LINE#         37
  C:58F4H         LINE#         38
  C:5904H         LINE#         39
  C:5904H         LINE#         40
  C:5919H         LINE#         41
  C:591BH         LINE#         42
  -------         ENDPROC       _SENDSTRING
  -------         PROC          _TEN
  D:0007H         SYMBOL        BCD
  C:5D29H         LINE#         44
  C:5D29H         LINE#         45
  C:5D29H         LINE#         46
  C:5D2EH         LINE#         47
  -------         ENDPROC       _TEN
  -------         PROC          _UNIT
  D:0007H         SYMBOL        BCD
  C:0006H         LINE#         48
  C:0006H         LINE#         49
  C:0006H         LINE#         53
  C:000AH         LINE#         54
  -------         ENDPROC       _UNIT
  -------         PROC          _DECTOBCD
  D:0007H         SYMBOL        dec
  C:5D30H         LINE#         55
  C:5D30H         LINE#         56
  C:5D30H         LINE#         58
  C:5D30H         LINE#         59
  -------         ENDPROC       _DECTOBCD
  -------         PROC          _ASCII_LETTER
  D:0007H         SYMBOL        dat
  C:001EH         LINE#         61
  C:001EH         LINE#         62
  C:001EH         LINE#         64
  C:0022H         LINE#         65
BL51 BANKED LINKER/LOCATER V6.22                                                      08/21/2019  10:35:06  PAGE 52


  -------         ENDPROC       _ASCII_LETTER
  -------         PROC          _ASCIITOBCD
  D:0001H         SYMBOL        ascii
  -------         DO            
  D:0007H         SYMBOL        dec_val
  D:0006H         SYMBOL        ten
  D:0007H         SYMBOL        unit
  -------         ENDDO         
  C:5BC1H         LINE#         67
  C:5BC1H         LINE#         68
  C:5BC1H         LINE#         70
  C:5BC4H         LINE#         71
  C:5BCAH         LINE#         72
  C:5BD1H         LINE#         73
  C:5BD7H         LINE#         75
  -------         ENDPROC       _ASCIITOBCD
  -------         PROC          UART1_INITTCPCONN
  C:5D1AH         LINE#         77
  C:5D1AH         LINE#         78
  C:5D1AH         LINE#         82
  -------         ENDPROC       UART1_INITTCPCONN
  -------         PROC          _UART1_SENDTOTCPSERVER
  X:0519H         SYMBOL        str
  C:5AB4H         LINE#         85
  C:5ABFH         LINE#         86
  C:5ABFH         LINE#         87
  C:5AC8H         LINE#         88
  C:5ACFH         LINE#         89
  -------         ENDPROC       _UART1_SENDTOTCPSERVER
  -------         ENDMOD        UART1

  -------         MODULE        ?C_STARTUP
  C:5398H         SEGMENT       ?C_C51STARTUP
  I:0022H         SEGMENT       ?STACK
  C:0000H         PUBLIC        ?C_STARTUP
  D:00E0H         SYMBOL        ACC
  D:00F0H         SYMBOL        B
  D:0083H         SYMBOL        DPH
  D:0082H         SYMBOL        DPL
  N:0000H         SYMBOL        IBPSTACK
  N:0100H         SYMBOL        IBPSTACKTOP
  N:0080H         SYMBOL        IDATALEN
  C:539BH         SYMBOL        IDATALOOP
  N:0000H         SYMBOL        PBPSTACK
  N:0100H         SYMBOL        PBPSTACKTOP
  N:0000H         SYMBOL        PDATALEN
  N:0000H         SYMBOL        PDATASTART
  N:0000H         SYMBOL        PPAGE
  N:0000H         SYMBOL        PPAGEENABLE
  D:00A0H         SYMBOL        PPAGE_SFR
  D:0081H         SYMBOL        SP
  C:5398H         SYMBOL        STARTUP1
  N:0000H         SYMBOL        XBPSTACK
  N:0000H         SYMBOL        XBPSTACKTOP
  N:0000H         SYMBOL        XDATALEN
  N:0000H         SYMBOL        XDATASTART
  C:0000H         LINE#         126
BL51 BANKED LINKER/LOCATER V6.22                                                      08/21/2019  10:35:06  PAGE 53


  C:5398H         LINE#         133
  C:539AH         LINE#         134
  C:539BH         LINE#         135
  C:539CH         LINE#         136
  C:539EH         LINE#         185
  C:53A1H         LINE#         196
  -------         ENDMOD        ?C_STARTUP

  -------         MODULE        ?C?FPADD
  C:002DH         PUBLIC        ?C?FPADD
  C:0029H         PUBLIC        ?C?FPSUB
  -------         ENDMOD        ?C?FPADD

  -------         MODULE        ?C?FPMUL
  C:011EH         PUBLIC        ?C?FPMUL
  -------         ENDMOD        ?C?FPMUL

  -------         MODULE        ?C?FPDIV
  C:0227H         PUBLIC        ?C?FPDIV
  -------         ENDMOD        ?C?FPDIV

  -------         MODULE        ?C?FPCMP
  C:02C6H         PUBLIC        ?C?FPCMP
  C:02C4H         PUBLIC        ?C?FPCMP3
  -------         ENDMOD        ?C?FPCMP

  -------         MODULE        ?C?FPNEG
  C:033DH         PUBLIC        ?C?FPNEG
  -------         ENDMOD        ?C?FPNEG

  -------         MODULE        ?C?FCAST
  C:0358H         PUBLIC        ?C?FCASTC
  C:0353H         PUBLIC        ?C?FCASTI
  C:034EH         PUBLIC        ?C?FCASTL
  -------         ENDMOD        ?C?FCAST

  -------         MODULE        ?C?CASTF
  C:038CH         PUBLIC        ?C?CASTF
  -------         ENDMOD        ?C?CASTF

  -------         MODULE        PRINTF
  X:0519H         PUBLIC        ?_PRINTF?BYTE
  X:0519H         PUBLIC        ?_SPRINTF?BYTE
  C:2FC2H         PUBLIC        _PRINTF
  C:2FBCH         PUBLIC        _SPRINTF
  -------         ENDMOD        PRINTF

  -------         MODULE        FABS
  C:5CCFH         PUBLIC        _FABS
  -------         ENDMOD        FABS

  -------         MODULE        ATAN2
  X:059CH         PUBLIC        ?_atan2?BYTE
  C:51C5H         PUBLIC        _atan2
  -------         ENDMOD        ATAN2

  -------         MODULE        SIN
BL51 BANKED LINKER/LOCATER V6.22                                                      08/21/2019  10:35:06  PAGE 54


  C:4425H         PUBLIC        _COS
  C:443BH         PUBLIC        _SIN
  C:4477H         PUBLIC        _TAN
  -------         ENDMOD        SIN

  -------         MODULE        ACOS
  C:57A0H         PUBLIC        _ACOS
  -------         ENDMOD        ACOS

  -------         MODULE        ASIN
  C:58AEH         PUBLIC        _ASIN
  -------         ENDMOD        ASIN

  -------         MODULE        POW
  X:04DDH         PUBLIC        ?_pow?BYTE
  C:4565H         PUBLIC        _pow
  -------         ENDMOD        POW

  -------         MODULE        ?C?CHKFLOAT
  C:040DH         PUBLIC        ?C?CHKFLOAT
  -------         ENDMOD        ?C?CHKFLOAT

  -------         MODULE        ?C?FPROUND
  C:0427H         PUBLIC        ?C?FPROUND
  -------         ENDMOD        ?C?FPROUND

  -------         MODULE        ?C?FPCONVERT
  C:0464H         PUBLIC        ?C?FPCONVERT
  -------         ENDMOD        ?C?FPCONVERT

  -------         MODULE        EXP
  C:5336H         PUBLIC        _EXP
  -------         ENDMOD        EXP

  -------         MODULE        LOG
  C:4854H         PUBLIC        _LOG
  C:4850H         PUBLIC        _LOG10
  -------         ENDMOD        LOG

  -------         MODULE        SQRT
  C:507CH         PUBLIC        _SQRT
  -------         ENDMOD        SQRT

  -------         MODULE        ATAN
  C:4969H         PUBLIC        _ATAN
  -------         ENDMOD        ATAN

  -------         MODULE        ?C?FTNPWR
  C:05E6H         PUBLIC        ?C?FTNPWR
  -------         ENDMOD        ?C?FTNPWR

  -------         MODULE        ?C?COPY
  C:06F6H         PUBLIC        ?C?COPY
  -------         ENDMOD        ?C?COPY

  -------         MODULE        ?C?CLDPTR
  C:071CH         PUBLIC        ?C?CLDPTR
BL51 BANKED LINKER/LOCATER V6.22                                                      08/21/2019  10:35:06  PAGE 55


  -------         ENDMOD        ?C?CLDPTR

  -------         MODULE        ?C?CLDOPTR
  C:0735H         PUBLIC        ?C?CLDOPTR
  -------         ENDMOD        ?C?CLDOPTR

  -------         MODULE        ?C?CSTPTR
  C:0762H         PUBLIC        ?C?CSTPTR
  -------         ENDMOD        ?C?CSTPTR

  -------         MODULE        ?C?IMUL
  C:0774H         PUBLIC        ?C?IMUL
  -------         ENDMOD        ?C?IMUL

  -------         MODULE        ?C?UIDIV
  C:0786H         PUBLIC        ?C?UIDIV
  -------         ENDMOD        ?C?UIDIV

  -------         MODULE        ?C?SIDIV
  C:07DBH         PUBLIC        ?C?SIDIV
  -------         ENDMOD        ?C?SIDIV

  -------         MODULE        ?C?ILDIX
  C:0811H         PUBLIC        ?C?ILDIX
  -------         ENDMOD        ?C?ILDIX

  -------         MODULE        ?C?ILDOPTR
  C:0827H         PUBLIC        ?C?ILDOPTR
  -------         ENDMOD        ?C?ILDOPTR

  -------         MODULE        ?C?ISTPTR
  C:085FH         PUBLIC        ?C?ISTPTR
  -------         ENDMOD        ?C?ISTPTR

  -------         MODULE        ?C?LMUL
  C:087EH         PUBLIC        ?C?LMUL
  -------         ENDMOD        ?C?LMUL

  -------         MODULE        ?C?SLDIV
  C:57EAH         PUBLIC        ?C?SLDIV
  -------         ENDMOD        ?C?SLDIV

  -------         MODULE        ?C?LNEG
  C:08CDH         PUBLIC        ?C?LNEG
  -------         ENDMOD        ?C?LNEG

  -------         MODULE        ?C?ULCMP
  C:08DBH         PUBLIC        ?C?ULCMP
  -------         ENDMOD        ?C?ULCMP

  -------         MODULE        ?C?LSHL
  C:08ECH         PUBLIC        ?C?LSHL
  -------         ENDMOD        ?C?LSHL

  -------         MODULE        ?C?LLDPTR
  C:08FFH         PUBLIC        ?C?LLDPTR
  -------         ENDMOD        ?C?LLDPTR
BL51 BANKED LINKER/LOCATER V6.22                                                      08/21/2019  10:35:06  PAGE 56



  -------         MODULE        ?C?LLDOPTR
  C:091FH         PUBLIC        ?C?LLDOPTR
  -------         ENDMOD        ?C?LLDOPTR

  -------         MODULE        ?C?LSTPTR
  C:094FH         PUBLIC        ?C?LSTPTR
  -------         ENDMOD        ?C?LSTPTR

  -------         MODULE        ?C?LSTOPTR
  C:0969H         PUBLIC        ?C?LSTOPTR
  -------         ENDMOD        ?C?LSTOPTR

  -------         MODULE        ?C?LLDXDATA
  C:098DH         PUBLIC        ?C?LLDXDATA
  -------         ENDMOD        ?C?LLDXDATA

  -------         MODULE        ?C?LLDCODE
  C:0999H         PUBLIC        ?C?LLDCODE
  -------         ENDMOD        ?C?LLDCODE

  -------         MODULE        ?C?LLDXDATA0
  C:09A9H         PUBLIC        ?C?LLDXDATA0
  -------         ENDMOD        ?C?LLDXDATA0

  -------         MODULE        ?C?LLDCODE0
  C:09B5H         PUBLIC        ?C?LLDCODE0
  -------         ENDMOD        ?C?LLDCODE0

  -------         MODULE        ?C?LLDPTR0
  C:09C5H         PUBLIC        ?C?LLDPTR0
  -------         ENDMOD        ?C?LLDPTR0

  -------         MODULE        ?C?LSTXDATA
  C:09E5H         PUBLIC        ?C?LSTXDATA
  -------         ENDMOD        ?C?LSTXDATA

  -------         MODULE        ?C?LSTKXDATA
  C:09F1H         PUBLIC        ?C?LSTKXDATA
  -------         ENDMOD        ?C?LSTKXDATA

  -------         MODULE        ?C?LSTKPTR
  C:0A22H         PUBLIC        ?C?LSTKPTR
  -------         ENDMOD        ?C?LSTKPTR

  -------         MODULE        ?C?OFFXADD
  C:0A3CH         PUBLIC        ?C?OFFXADD
  -------         ENDMOD        ?C?OFFXADD

  -------         MODULE        ?C?PLDIXDATA
  C:0A48H         PUBLIC        ?C?PLDIXDATA
  -------         ENDMOD        ?C?PLDIXDATA

  -------         MODULE        ?C?PSTXDATA
  C:0A5FH         PUBLIC        ?C?PSTXDATA
  -------         ENDMOD        ?C?PSTXDATA

BL51 BANKED LINKER/LOCATER V6.22                                                      08/21/2019  10:35:06  PAGE 57


  -------         MODULE        ?C?CCASE
  C:0A68H         PUBLIC        ?C?CCASE
  -------         ENDMOD        ?C?CCASE

  -------         MODULE        PUTCHAR
  C:5A44H         PUBLIC        _PUTCHAR
  -------         ENDMOD        PUTCHAR

  -------         MODULE        ABS
  C:5CE8H         PUBLIC        _ABS
  -------         ENDMOD        ABS

  -------         MODULE        ATOI
  C:4D72H         PUBLIC        _atoi
  -------         ENDMOD        ATOI

  -------         MODULE        ?C?IILDX
  C:0A8EH         PUBLIC        ?C?IILDX
  -------         ENDMOD        ?C?IILDX

  -------         MODULE        ?C?ULDIV
  C:0AE0H         PUBLIC        ?C?ULDIV
  -------         ENDMOD        ?C?ULDIV

  -------         MODULE        ?C?LLDIDATA
  C:0B72H         PUBLIC        ?C?LLDIDATA
  -------         ENDMOD        ?C?LLDIDATA

  -------         MODULE        ?C?LLDPDATA
  C:0B7EH         PUBLIC        ?C?LLDPDATA
  -------         ENDMOD        ?C?LLDPDATA

  -------         MODULE        ?C?LLDIDATA0
  C:0B8AH         PUBLIC        ?C?LLDIDATA0
  -------         ENDMOD        ?C?LLDIDATA0

  -------         MODULE        ?C?LLDPDATA0
  C:0B97H         PUBLIC        ?C?LLDPDATA0
  -------         ENDMOD        ?C?LLDPDATA0

  -------         MODULE        ?C?LSTIDATA
  C:0BA4H         PUBLIC        ?C?LSTIDATA
  -------         ENDMOD        ?C?LSTIDATA

  -------         MODULE        ?C?LSTPDATA
  C:0BB0H         PUBLIC        ?C?LSTPDATA
  -------         ENDMOD        ?C?LSTPDATA

  -------         MODULE        ?C?LSTKIDATA
  C:0BBCH         PUBLIC        ?C?LSTKIDATA
  -------         ENDMOD        ?C?LSTKIDATA

  -------         MODULE        ?C?LSTKPDATA
  C:0BD5H         PUBLIC        ?C?LSTKPDATA
  -------         ENDMOD        ?C?LSTKPDATA

  -------         MODULE        ISDIGIT
BL51 BANKED LINKER/LOCATER V6.22                                                      08/21/2019  10:35:06  PAGE 58


  C:5CA6H         PUBLIC        _isdigit
  -------         ENDMOD        ISDIGIT

  -------         MODULE        ISSPACE
  C:5C41H         PUBLIC        _isspace
  -------         ENDMOD        ISSPACE

*** WARNING L16: UNCALLED SEGMENT, IGNORED FOR OVERLAY PROCESS
    SEGMENT: ?PR?_DAY_OF_YEAR?PCF85063BTL

*** WARNING L16: UNCALLED SEGMENT, IGNORED FOR OVERLAY PROCESS
    SEGMENT: ?PR?_ELEVATION_CALCULATION?BIPOLARMOTOR

*** WARNING L16: UNCALLED SEGMENT, IGNORED FOR OVERLAY PROCESS
    SEGMENT: ?PR?_CALIBRATION?CALIBRATION

*** WARNING L16: UNCALLED SEGMENT, IGNORED FOR OVERLAY PROCESS
    SEGMENT: ?PR?NOP?IOEXPANDER_PI4IOE5V96248

*** WARNING L16: UNCALLED SEGMENT, IGNORED FOR OVERLAY PROCESS
    SEGMENT: ?PR?UC_ACK?IOEXPANDER_PI4IOE5V96248

*** WARNING L16: UNCALLED SEGMENT, IGNORED FOR OVERLAY PROCESS
    SEGMENT: ?PR?UC_NACK?IOEXPANDER_PI4IOE5V96248

*** WARNING L16: UNCALLED SEGMENT, IGNORED FOR OVERLAY PROCESS
    SEGMENT: ?PR?SPI_NOR_WRITE_DATA?AT25SF041

*** WARNING L16: UNCALLED SEGMENT, IGNORED FOR OVERLAY PROCESS
    SEGMENT: ?PR?_TEN?UART1

*** WARNING L16: UNCALLED SEGMENT, IGNORED FOR OVERLAY PROCESS
    SEGMENT: ?PR?_UNIT?UART1

*** WARNING L16: UNCALLED SEGMENT, IGNORED FOR OVERLAY PROCESS
    SEGMENT: ?PR?_DECTOBCD?UART1

*** WARNING L16: UNCALLED SEGMENT, IGNORED FOR OVERLAY PROCESS
    SEGMENT: ?PR?_ASCII_LETTER?UART1

*** WARNING L16: UNCALLED SEGMENT, IGNORED FOR OVERLAY PROCESS
    SEGMENT: ?PR?_ASCIITOBCD?UART1

Program Size: data=15.5 xdata=1779 code=23857
LINK/LOCATE RUN COMPLETE.  12 WARNING(S),  0 ERROR(S)
