BL51 BANKED LINKER/LOCATER V6.22                                                        04/02/2019  16:58:41  PAGE 1


BL51 BANKED LINKER/LOCATER V6.22, INVOKED BY:
C:\KEIL\C51\BIN\BL51.EXE .\Obj\main.obj, .\Obj\PCF85063BTL.obj, .\Obj\UART1.obj, .\Obj\LCd_Driver_SPLC780D.obj, .\Obj\Ke
>> yPad.obj, .\Obj\VCNL4035.obj, .\Obj\BipolarMotor.obj, .\Obj\SunPos.obj, .\Obj\STARTUP.obj TO .\Obj\GPIO_RTC_Test PRIN
>> T (.\Lis\GPIO_RTC_Test.m51) RAMSIZE (256)


MEMORY MODEL: LARGE WITH FLOATING POINT ARITHMETIC


INPUT MODULES INCLUDED:
  .\Obj\main.obj (MAIN)
  .\Obj\PCF85063BTL.obj (PCF85063BTL)
  .\Obj\UART1.obj (UART1)
  .\Obj\LCd_Driver_SPLC780D.obj (LCD_DRIVER_SPLC780D)
  .\Obj\KeyPad.obj (KEYPAD)
  .\Obj\VCNL4035.obj (VCNL4035)
  .\Obj\BipolarMotor.obj (BIPOLARMOTOR)
  .\Obj\SunPos.obj (SUNPOS)
  .\Obj\STARTUP.obj (?C_STARTUP)
  C:\KEIL\C51\LIB\C51FPL.LIB (?C?FPADD)
  C:\KEIL\C51\LIB\C51FPL.LIB (?C?FPMUL)
  C:\KEIL\C51\LIB\C51FPL.LIB (?C?FPDIV)
  C:\KEIL\C51\LIB\C51FPL.LIB (?C?FPCMP)
  C:\KEIL\C51\LIB\C51FPL.LIB (?C?FPNEG)
  C:\KEIL\C51\LIB\C51FPL.LIB (?C?FCAST)
  C:\KEIL\C51\LIB\C51FPL.LIB (?C?CASTF)
  C:\KEIL\C51\LIB\C51FPL.LIB (ATAN2)
  C:\KEIL\C51\LIB\C51FPL.LIB (SIN)
  C:\KEIL\C51\LIB\C51FPL.LIB (ACOS)
  C:\KEIL\C51\LIB\C51FPL.LIB (ASIN)
  C:\KEIL\C51\LIB\C51FPL.LIB (?C?FPGETOPN)
  C:\KEIL\C51\LIB\C51FPL.LIB (?C?FPSERIES)
  C:\KEIL\C51\LIB\C51FPL.LIB (SQRT)
  C:\KEIL\C51\LIB\C51FPL.LIB (ATAN)
  C:\KEIL\C51\LIB\C51L.LIB (?C_INIT)
  C:\KEIL\C51\LIB\C51L.LIB (?C?COPY)
  C:\KEIL\C51\LIB\C51L.LIB (?C?CLDPTR)
  C:\KEIL\C51\LIB\C51L.LIB (?C?CSTPTR)
  C:\KEIL\C51\LIB\C51L.LIB (?C?IMUL)
  C:\KEIL\C51\LIB\C51L.LIB (?C?UIDIV)
  C:\KEIL\C51\LIB\C51L.LIB (?C?SIDIV)
  C:\KEIL\C51\LIB\C51L.LIB (?C?ILDIX)
  C:\KEIL\C51\LIB\C51L.LIB (?C?LMUL)
  C:\KEIL\C51\LIB\C51L.LIB (?C?ULDIV)
  C:\KEIL\C51\LIB\C51L.LIB (?C?SLDIV)
  C:\KEIL\C51\LIB\C51L.LIB (?C?LNEG)
  C:\KEIL\C51\LIB\C51L.LIB (?C?ULCMP)
  C:\KEIL\C51\LIB\C51L.LIB (?C?LLDPTR)
  C:\KEIL\C51\LIB\C51L.LIB (?C?LLDOPTR)
  C:\KEIL\C51\LIB\C51L.LIB (?C?LSTPTR)
  C:\KEIL\C51\LIB\C51L.LIB (?C?LSTOPTR)
  C:\KEIL\C51\LIB\C51L.LIB (?C?LLDXDATA)
  C:\KEIL\C51\LIB\C51L.LIB (?C?LLDCODE)
  C:\KEIL\C51\LIB\C51L.LIB (?C?LLDXDATA0)
  C:\KEIL\C51\LIB\C51L.LIB (?C?LLDCODE0)
  C:\KEIL\C51\LIB\C51L.LIB (?C?LLDPTR0)
  C:\KEIL\C51\LIB\C51L.LIB (?C?LSTXDATA)
  C:\KEIL\C51\LIB\C51L.LIB (?C?LSTKXDATA)
BL51 BANKED LINKER/LOCATER V6.22                                                      04/02/2019  16:58:41  PAGE 2


  C:\KEIL\C51\LIB\C51L.LIB (?C?OFFXADD)
  C:\KEIL\C51\LIB\C51L.LIB (ABS)
  C:\KEIL\C51\LIB\C51L.LIB (ATOI)
  C:\KEIL\C51\LIB\C51L.LIB (?C?IILDX)
  C:\KEIL\C51\LIB\C51L.LIB (?C?LLDIDATA)
  C:\KEIL\C51\LIB\C51L.LIB (?C?LLDPDATA)
  C:\KEIL\C51\LIB\C51L.LIB (?C?LLDIDATA0)
  C:\KEIL\C51\LIB\C51L.LIB (?C?LLDPDATA0)
  C:\KEIL\C51\LIB\C51L.LIB (?C?LSTIDATA)
  C:\KEIL\C51\LIB\C51L.LIB (?C?LSTPDATA)
  C:\KEIL\C51\LIB\C51L.LIB (ISDIGIT)
  C:\KEIL\C51\LIB\C51L.LIB (ISSPACE)


LINK MAP OF MODULE:  .\Obj\GPIO_RTC_Test (MAIN)


            TYPE    BASE      LENGTH    RELOCATION   SEGMENT NAME
            -----------------------------------------------------

            * * * * * * *   D A T A   M E M O R Y   * * * * * * *
            REG     0000H     0008H     ABSOLUTE     "REG BANK 0"
                    0008H     0018H                  *** GAP ***
            BIT     0020H.0   0000H.6   UNIT         ?BI?KEYPAD
            BIT     0020H.6   0000H.3   UNIT         ?BI?MAIN
            BIT     0021H.1   0000H.3   UNIT         _BIT_GROUP_
            BIT     0021H.4   0000H.1   UNIT         ?BI?_ATOI?ATOI
                    0021H.5   0000H.3                *** GAP ***
            IDATA   0022H     0001H     UNIT         ?STACK

            * * * * * * *  X D A T A   M E M O R Y  * * * * * * *
            XDATA   0000H     0521H     UNIT         ?XD?BIPOLARMOTOR
            XDATA   0521H     0134H     UNIT         _XDATA_GROUP_
            XDATA   0655H     00F3H     UNIT         ?XD?MAIN
            XDATA   0748H     0040H     UNIT         ?XD?_FINDDET4X4?BIPOLARMOTOR
            XDATA   0788H     0024H     UNIT         ?XD?_FINDDET3X3?BIPOLARMOTOR
            XDATA   07ACH     001EH     UNIT         ?XD?_CALIB_INTERPOLATE?MAIN
            XDATA   07CAH     0008H     UNIT         ?XD?_READ_VCNL4035?VCNL4035
            XDATA   07D2H     0005H     UNIT         ?XD?_ATOI?ATOI
            XDATA   07D7H     0003H     UNIT         ?XD?_SENDSTRING?UART1
            XDATA   07DAH     0002H     UNIT         ?XD?KEYPAD
            XDATA   07DCH     0001H     UNIT         ?XD?UC_ACK?VCNL4035
            XDATA   07DDH     0001H     UNIT         ?XD?UC_NACK?VCNL4035
            XDATA   07DEH     0001H     UNIT         ?XD?_DISPLAYLCD_VCNL4035?VCNL4035

            * * * * * * *   C O D E   M E M O R Y   * * * * * * *
            CODE    0000H     0003H     ABSOLUTE     
            CODE    0003H     0006H     UNIT         ?PR?_TEN?UART1
            CODE    0009H     0001H     UNIT         ?PR?UART?MAIN
            CODE    000AH     0001H     UNIT         ?PR?_DECTOBCD?UART1
            CODE    000BH     0003H     ABSOLUTE     
            CODE    000EH     0015H     UNIT         ?PR?_DISPLAY_LINE?LCD_DRIVER_SPLC780D
            CODE    0023H     0003H     ABSOLUTE     
            CODE    0026H     0FCAH     UNIT         ?PR?_UPDATE_POSITION?BIPOLARMOTOR
            CODE    0FF0H     08D3H     UNIT         ?C?LIB_CODE
            CODE    18C3H     07A2H     UNIT         ?PR?SUNPOS?SUNPOS
            CODE    2065H     0586H     UNIT         ?C_INITSEG
BL51 BANKED LINKER/LOCATER V6.22                                                      04/02/2019  16:58:41  PAGE 3


            CODE    25EBH     03BBH     UNIT         ?PR?MAIN?MAIN
            CODE    29A6H     02C0H     UNIT         ?PR?_FINDDET4X4?BIPOLARMOTOR
            CODE    2C66H     024AH     UNIT         ?PR?KEY_PROCESS?KEYPAD
            CODE    2EB0H     01D9H     UNIT         ?PR?_DISPLAY_POS?BIPOLARMOTOR
            CODE    3089H     01D1H     UNIT         ?PR?_FINDDET3X3?BIPOLARMOTOR
            CODE    325AH     01A1H     UNIT         ?PR?_CALIB_INTERPOLATE?MAIN
            CODE    33FBH     018DH     UNIT         ?PR?KEY_SCAN?KEYPAD
            CODE    3588H     0188H     UNIT         ?PR?SIN?SIN
            CODE    3710H     0145H     UNIT         ?PR?LINEAR_INTERPOLATE?BIPOLARMOTOR
            CODE    3855H     0122H     UNIT         ?PR?ATAN?ATAN
            CODE    3977H     00EBH     UNIT         ?PR?_MOVE?BIPOLARMOTOR
            CODE    3A62H     00DBH     UNIT         ?PR?_ATOI?ATOI
            CODE    3B3DH     00ACH     UNIT         ?PR?SQRT?SQRT
            CODE    3BE9H     009DH     UNIT         ?PR?_ATAN2?ATAN2
            CODE    3C86H     009AH     UNIT         ?PR?_READ_VCNL4035?VCNL4035
            CODE    3D20H     0094H     UNIT         ?PR?_MOVE_2NDMOTOR?BIPOLARMOTOR
            CODE    3DB4H     008CH     UNIT         ?C_C51STARTUP
            CODE    3E40H     0084H     UNIT         ?PR?_DAY_OF_YEAR?PCF85063BTL
            CODE    3EC4H     0075H     UNIT         ?PR?_WRITEDATA?LCD_DRIVER_SPLC780D
            CODE    3F39H     006FH     UNIT         ?PR?_READ_TIME?PCF85063BTL
            CODE    3FA8H     0059H     UNIT         ?PR?LCD_INIT?LCD_DRIVER_SPLC780D
            CODE    4001H     004AH     UNIT         ?PR?VONESTEPMOVE?BIPOLARMOTOR
            CODE    404BH     004AH     UNIT         ?PR?VONESTEPMOVE_2NDMOTOR?BIPOLARMOTOR
            CODE    4095H     004AH     UNIT         ?PR?ACOS?ACOS
            CODE    40DFH     0049H     UNIT         ?PR?_WRITE_VCNL4035X?VCNL4035
            CODE    4128H     0044H     UNIT         ?C?LDIV
            CODE    416CH     0040H     UNIT         ?PR?_COMMAND?LCD_DRIVER_SPLC780D
            CODE    41ACH     0040H     UNIT         ?PR?_STEP_MOVE?BIPOLARMOTOR
            CODE    41ECH     0040H     UNIT         ?PR?_STEP_MOVE_2NDMOTOR?BIPOLARMOTOR
            CODE    422CH     003BH     UNIT         ?PR?ASIN?ASIN
            CODE    4267H     0034H     UNIT         ?PR?TM0_ISR?MAIN
            CODE    429BH     0033H     UNIT         ?PR?_SENDSTRING?UART1
            CODE    42CEH     002CH     UNIT         ?PR?I2C_RECEIVEBYTE?VCNL4035
            CODE    42FAH     002BH     UNIT         ?PR?_WAIT_MS_I2C?VCNL4035
            CODE    4325H     0024H     UNIT         ?PR?_WAIT_MS?LCD_DRIVER_SPLC780D
            CODE    4349H     0022H     UNIT         ?PR?_I2C_SENDBYTE?VCNL4035
            CODE    436BH     0020H     UNIT         ?PR?_SPI_SENDBYTE?PCF85063BTL
            CODE    438BH     0020H     UNIT         ?PR?SPI_RECEIVEBYTE?PCF85063BTL
            CODE    43ABH     001EH     UNIT         ?PR?_DELAY_MS?KEYPAD
            CODE    43C9H     001EH     UNIT         ?PR?_WAIT_MS_IIC?VCNL4035
            CODE    43E7H     001DH     UNIT         ?PR?_DISPLAYLCD?LCD_DRIVER_SPLC780D
            CODE    4404H     001BH     UNIT         ?PR?I2C_ACK?VCNL4035
            CODE    441FH     001BH     UNIT         ?PR?_BCDTODEC1?BIPOLARMOTOR
            CODE    443AH     0018H     UNIT         ?PR?_SPI_WRITETIME?PCF85063BTL
            CODE    4452H     0017H     UNIT         ?PR?_ASCIITOBCD?UART1
            CODE    4469H     0017H     UNIT         ?PR?I2C_INIT?VCNL4035
            CODE    4480H     0015H     UNIT         ?PR?I2C_STOP?VCNL4035
            CODE    4495H     0014H     UNIT         ?PR?_PCF85063BTL_DELAY?PCF85063BTL
            CODE    44A9H     0014H     UNIT         ?PR?_ISSPACE?ISSPACE
            CODE    44BDH     0013H     UNIT         ?PR?I2C_START?VCNL4035
            CODE    44D0H     0011H     UNIT         ?PR?_SPI_READTIME?PCF85063BTL
            CODE    44E1H     0011H     UNIT         ?PR?_BCDTODEC?PCF85063BTL
            CODE    44F2H     0011H     UNIT         ?PR?INITUART1?UART1
            CODE    4503H     000FH     UNIT         ?PR?UC_NACK?VCNL4035
            CODE    4512H     000FH     UNIT         ?PR?_ISDIGIT?ISDIGIT
            CODE    4521H     000DH     UNIT         ?PR?SPI_INIT?PCF85063BTL
            CODE    452EH     000CH     UNIT         ?PR?KEYPAD_IO_INIT?KEYPAD
BL51 BANKED LINKER/LOCATER V6.22                                                      04/02/2019  16:58:41  PAGE 4


            CODE    453AH     000CH     UNIT         ?PR?_ABS?ABS
            CODE    4546H     000AH     UNIT         ?PR?LCD_RETURN_HOME?LCD_DRIVER_SPLC780D
            CODE    4550H     000AH     UNIT         ?PR?LCD_CLEAR?LCD_DRIVER_SPLC780D
            CODE    455AH     0009H     UNIT         ?PR?_SENDUART1?MAIN
            CODE    4563H     0006H     UNIT         ?PR?UC_ACK?VCNL4035
            CODE    4569H     0006H     UNIT         ?PR?_DISPLAYLCD_VCNL4035?VCNL4035
            CODE    456FH     0005H     UNIT         ?PR?_UNIT?UART1
            CODE    4574H     0005H     UNIT         ?PR?_ASCII_LETTER?UART1
            CODE    4579H     0001H     UNIT         ?PR?NOP?VCNL4035



OVERLAY MAP OF MODULE:   .\Obj\GPIO_RTC_Test (MAIN)


SEGMENT                                            BIT_GROUP          XDATA_GROUP
  +--> CALLED SEGMENT                           START    LENGTH     START    LENGTH
-----------------------------------------------------------------------------------
?C_C51STARTUP                                   -----    -----      -----    -----
  +--> ?PR?MAIN?MAIN
  +--> ?C_INITSEG

?PR?MAIN?MAIN                                   -----    -----      0521H    0009H
  +--> ?PR?LCD_INIT?LCD_DRIVER_SPLC780D
  +--> ?PR?SPI_INIT?PCF85063BTL
  +--> ?PR?KEYPAD_IO_INIT?KEYPAD
  +--> ?PR?I2C_INIT?VCNL4035
  +--> ?PR?_DELAY_MS?KEYPAD
  +--> ?PR?_DISPLAY_LINE?LCD_DRIVER_SPLC780D
  +--> ?PR?_WRITEDATA?LCD_DRIVER_SPLC780D
  +--> ?PR?KEY_PROCESS?KEYPAD
  +--> ?PR?_COMMAND?LCD_DRIVER_SPLC780D
  +--> ?PR?_DISPLAY_POS?BIPOLARMOTOR
  +--> ?PR?_DISPLAYLCD?LCD_DRIVER_SPLC780D
  +--> ?PR?_STEP_MOVE?BIPOLARMOTOR
  +--> ?PR?_STEP_MOVE_2NDMOTOR?BIPOLARMOTOR
  +--> ?PR?LCD_RETURN_HOME?LCD_DRIVER_SPLC780D
  +--> ?PR?_READ_TIME?PCF85063BTL
  +--> ?PR?_UPDATE_POSITION?BIPOLARMOTOR

?PR?LCD_INIT?LCD_DRIVER_SPLC780D                -----    -----      -----    -----
  +--> ?PR?_WAIT_MS?LCD_DRIVER_SPLC780D
  +--> ?PR?_COMMAND?LCD_DRIVER_SPLC780D

?PR?_COMMAND?LCD_DRIVER_SPLC780D                -----    -----      -----    -----
  +--> ?PR?_WAIT_MS?LCD_DRIVER_SPLC780D

?PR?I2C_INIT?VCNL4035                           -----    -----      -----    -----
  +--> ?PR?_WRITE_VCNL4035X?VCNL4035

?PR?_WRITE_VCNL4035X?VCNL4035                   -----    -----      052AH    0003H
  +--> ?PR?I2C_START?VCNL4035
  +--> ?PR?_WAIT_MS_I2C?VCNL4035
  +--> ?PR?I2C_ACK?VCNL4035
  +--> ?PR?_I2C_SENDBYTE?VCNL4035
  +--> ?PR?I2C_STOP?VCNL4035

BL51 BANKED LINKER/LOCATER V6.22                                                      04/02/2019  16:58:41  PAGE 5


?PR?I2C_START?VCNL4035                          -----    -----      -----    -----
  +--> ?PR?_WAIT_MS_IIC?VCNL4035
  +--> ?PR?_WAIT_MS_I2C?VCNL4035

?PR?I2C_ACK?VCNL4035                            -----    -----      052DH    0001H
  +--> ?PR?_I2C_SENDBYTE?VCNL4035
  +--> ?PR?_WAIT_MS_I2C?VCNL4035

?PR?_I2C_SENDBYTE?VCNL4035                      -----    -----      -----    -----
  +--> ?PR?_WAIT_MS_I2C?VCNL4035

?PR?I2C_STOP?VCNL4035                           -----    -----      -----    -----
  +--> ?PR?_WAIT_MS_I2C?VCNL4035

?PR?_DISPLAY_LINE?LCD_DRIVER_SPLC780D           -----    -----      -----    -----
  +--> ?PR?_COMMAND?LCD_DRIVER_SPLC780D

?PR?_WRITEDATA?LCD_DRIVER_SPLC780D              -----    -----      0607H    0001H
  +--> ?PR?_WAIT_MS?LCD_DRIVER_SPLC780D

?PR?KEY_PROCESS?KEYPAD                          -----    -----      052AH    0002H
  +--> ?PR?KEY_SCAN?KEYPAD
  +--> ?PR?_SPI_WRITETIME?PCF85063BTL
  +--> ?PR?LCD_CLEAR?LCD_DRIVER_SPLC780D
  +--> ?PR?_COMMAND?LCD_DRIVER_SPLC780D
  +--> ?PR?_WRITEDATA?LCD_DRIVER_SPLC780D

?PR?KEY_SCAN?KEYPAD                             -----    -----      052CH    0003H

?PR?_SPI_WRITETIME?PCF85063BTL                  -----    -----      -----    -----
  +--> ?PR?_SPI_SENDBYTE?PCF85063BTL

?PR?_SPI_SENDBYTE?PCF85063BTL                   -----    -----      -----    -----
  +--> ?PR?_PCF85063BTL_DELAY?PCF85063BTL

?PR?LCD_CLEAR?LCD_DRIVER_SPLC780D               -----    -----      -----    -----
  +--> ?PR?_COMMAND?LCD_DRIVER_SPLC780D

?PR?_DISPLAY_POS?BIPOLARMOTOR                   -----    -----      05FCH    000BH
  +--> ?PR?_ABS?ABS
  +--> ?PR?_WRITEDATA?LCD_DRIVER_SPLC780D

?PR?_DISPLAYLCD?LCD_DRIVER_SPLC780D             -----    -----      052AH    0001H
  +--> ?PR?_WRITEDATA?LCD_DRIVER_SPLC780D

?PR?_STEP_MOVE?BIPOLARMOTOR                     0021H.2  0000H.1    05FCH    0004H
  +--> ?PR?VONESTEPMOVE?BIPOLARMOTOR

?PR?VONESTEPMOVE?BIPOLARMOTOR                   0021H.3  0000H.1    -----    -----
  +--> ?PR?_DELAY_MS?KEYPAD

?PR?_STEP_MOVE_2NDMOTOR?BIPOLARMOTOR            0021H.2  0000H.1    05F8H    0004H
  +--> ?PR?VONESTEPMOVE_2NDMOTOR?BIPOLARMOTOR

?PR?VONESTEPMOVE_2NDMOTOR?BIPOLARMOTOR          0021H.3  0000H.1    -----    -----
  +--> ?PR?_DELAY_MS?KEYPAD

BL51 BANKED LINKER/LOCATER V6.22                                                      04/02/2019  16:58:41  PAGE 6


?PR?LCD_RETURN_HOME?LCD_DRIVER_SPLC780D         -----    -----      -----    -----
  +--> ?PR?_COMMAND?LCD_DRIVER_SPLC780D

?PR?_READ_TIME?PCF85063BTL                      -----    -----      052AH    000FH
  +--> ?PR?_SPI_READTIME?PCF85063BTL

?PR?_SPI_READTIME?PCF85063BTL                   -----    -----      -----    -----
  +--> ?PR?_SPI_SENDBYTE?PCF85063BTL
  +--> ?PR?SPI_RECEIVEBYTE?PCF85063BTL

?PR?SPI_RECEIVEBYTE?PCF85063BTL                 -----    -----      -----    -----
  +--> ?PR?_PCF85063BTL_DELAY?PCF85063BTL

?PR?_UPDATE_POSITION?BIPOLARMOTOR               -----    -----      052AH    00C2H
  +--> ?PR?_BCDTODEC1?BIPOLARMOTOR
  +--> ?PR?_DAY_OF_YEAR?PCF85063BTL
  +--> ?PR?SUNPOS?SUNPOS
  +--> ?PR?SIN?SIN
  +--> ?PR?ASIN?ASIN
  +--> ?PR?LINEAR_INTERPOLATE?BIPOLARMOTOR
  +--> ?PR?_ABS?ABS
  +--> ?PR?_MOVE?BIPOLARMOTOR
  +--> ?PR?_MOVE_2NDMOTOR?BIPOLARMOTOR

?PR?_DAY_OF_YEAR?PCF85063BTL                    -----    -----      -----    -----
  +--> ?PR?_BCDTODEC?PCF85063BTL

?PR?SUNPOS?SUNPOS                               -----    -----      05ECH    005DH
  +--> ?PR?SIN?SIN
  +--> ?PR?_ATAN2?ATAN2
  +--> ?PR?ASIN?ASIN
  +--> ?PR?ACOS?ACOS

?PR?SIN?SIN                                     0021H.1  0000H.1    0649H    0004H

?PR?_ATAN2?ATAN2                                -----    -----      0649H    0008H
  +--> ?PR?ATAN?ATAN

?PR?ATAN?ATAN                                   0021H.1  0000H.2    0651H    0004H

?PR?ASIN?ASIN                                   -----    -----      -----    -----
  +--> ?PR?SQRT?SQRT
  +--> ?PR?ATAN?ATAN

?PR?SQRT?SQRT                                   -----    -----      0649H    0004H

?PR?ACOS?ACOS                                   -----    -----      -----    -----
  +--> ?PR?SQRT?SQRT
  +--> ?PR?ATAN?ATAN

?PR?LINEAR_INTERPOLATE?BIPOLARMOTOR             -----    -----      05ECH    0014H

?PR?_MOVE?BIPOLARMOTOR                          0021H.1  0000H.1    05ECH    0010H
  +--> ?PR?_STEP_MOVE?BIPOLARMOTOR
  +--> ?PR?_COMMAND?LCD_DRIVER_SPLC780D
  +--> ?PR?_DISPLAY_POS?BIPOLARMOTOR

BL51 BANKED LINKER/LOCATER V6.22                                                      04/02/2019  16:58:41  PAGE 7


?PR?_MOVE_2NDMOTOR?BIPOLARMOTOR                 0021H.1  0000H.1    05ECH    000CH
  +--> ?PR?_STEP_MOVE_2NDMOTOR?BIPOLARMOTOR
  +--> ?PR?_COMMAND?LCD_DRIVER_SPLC780D
  +--> ?PR?_DISPLAY_POS?BIPOLARMOTOR



UNRESOLVED EXTERNAL SYMBOLS:
   _WRITE_PI4IOE5V96248



SYMBOL TABLE OF MODULE:  .\Obj\GPIO_RTC_Test (MAIN)

  VALUE           TYPE          NAME
  ----------------------------------

  -------         MODULE        MAIN
  C:0000H         SYMBOL        _ICE_DUMMY_
  X:065EH         PUBLIC        calib_value
  D:0080H         PUBLIC        P0
  D:0090H         PUBLIC        P1
  D:00A0H         PUBLIC        P2
  D:00B0H         PUBLIC        P3
  D:00C0H         PUBLIC        P4
  D:00C8H         PUBLIC        P5
  X:06BEH         PUBLIC        PressedKey
  B:00A8H.7       PUBLIC        EA
  D:00E8H         PUBLIC        P6
  D:00F8H         PUBLIC        P7
  X:06C3H         PUBLIC        RX_Data_Uart_Cnt
  C:325AH         PUBLIC        _calib_interpolate
  D:00A8H         PUBLIC        IE
  X:06C5H         PUBLIC        calib_time
  D:00B8H         PUBLIC        IP
  B:0020H.6       PUBLIC        pos_angle_display
  X:0725H         PUBLIC        months
  C:0009H         PUBLIC        Uart
  B:0020H.7       PUBLIC        direction_rotation
  D:00D8H         PUBLIC        CCON
  C:25EBH         PUBLIC        main
  X:0726H         PUBLIC        count
  D:0099H         PUBLIC        SBUF
  X:0728H         PUBLIC        days
  X:0729H         PUBLIC        hours
  D:0098H         PUBLIC        SCON
  D:0089H         PUBLIC        TMOD
  D:0088H         PUBLIC        TCON
  B:00C0H.2       PUBLIC        P42
  X:072AH         SYMBOL        KeyCount
  B:00C0H.3       PUBLIC        P43
  X:072CH         PUBLIC        mins
  X:072DH         PUBLIC        Rec_data_hour
  X:0730H         PUBLIC        Rec_data_min
  D:008EH         PUBLIC        AUXR
  C:4267H         PUBLIC        tm0_isr
  X:0733H         PUBLIC        auto_mode
BL51 BANKED LINKER/LOCATER V6.22                                                      04/02/2019  16:58:41  PAGE 8


  B:0021H.0       PUBLIC        busy
  D:00E0H         PUBLIC        ACC
  B:00A8H.1       PUBLIC        ET0
  D:008CH         PUBLIC        TH0
  X:0735H         PUBLIC        hour_count
  D:008AH         PUBLIC        TL0
  X:0736H         PUBLIC        min_count
  B:0088H.4       PUBLIC        TR0
  X:0737H         PUBLIC        KeyNum
  X:0738H         PUBLIC        KeyNum_Old
  X:0739H         PUBLIC        current_position
  X:073DH         PUBLIC        hours1
  X:073EH         PUBLIC        hours2
  X:073FH         PUBLIC        mins1
  X:0740H         PUBLIC        mins2
  X:0741H         PUBLIC        current_angle
  X:0745H         PUBLIC        seconds
  X:0746H         PUBLIC        st_time
  D:00D0H         PUBLIC        PSW
  C:455AH         PUBLIC        _SendUART1
  -------         PROC          TM0_ISR
  C:4267H         LINE#         81
  C:426FH         LINE#         83
  C:427DH         LINE#         84
  C:4289H         LINE#         85
  C:4289H         LINE#         86
  C:4290H         LINE#         87
  C:4292H         LINE#         88
  C:4292H         LINE#         89
  -------         ENDPROC       TM0_ISR
  -------         PROC          MAIN
  -------         DO            
  X:0655H         SYMBOL        KeyCount
  X:0657H         SYMBOL        KeyNum_Old
  X:0658H         SYMBOL        KeyNum
  X:0659H         SYMBOL        PressedKey
  X:0521H         SYMBOL        prox_flag
  X:0522H         SYMBOL        prox_flag_rotation
  X:0523H         SYMBOL        calib_day
  X:0525H         SYMBOL        numStr
  -------         ENDDO         
  C:25EBH         LINE#         91
  C:25EBH         LINE#         92
  C:25EBH         LINE#         97
  C:25F3H         LINE#         99
  C:25F8H         LINE#         103
  C:25FAH         LINE#         106
  C:25FCH         LINE#         109
  C:25FEH         LINE#         111
  C:2605H         LINE#         112
  C:2607H         LINE#         113
  C:2609H         LINE#         125
  C:260CH         LINE#         126
  C:260FH         LINE#         127
  C:2612H         LINE#         129
  C:2615H         LINE#         132
  C:2618H         LINE#         133
BL51 BANKED LINKER/LOCATER V6.22                                                      04/02/2019  16:58:41  PAGE 9


  C:261BH         LINE#         134
  C:261EH         LINE#         135
  C:2620H         LINE#         136
  C:2622H         LINE#         137
  C:2624H         LINE#         139
  C:2626H         LINE#         141
  C:262DH         LINE#         143
  C:2634H         LINE#         147
  C:263BH         LINE#         148
  C:2640H         LINE#         149
  C:2645H         LINE#         150
  C:264AH         LINE#         151
  C:264FH         LINE#         152
  C:2654H         LINE#         157
  C:2654H         LINE#         158
  C:2654H         LINE#         159
  C:2657H         LINE#         162
  C:2657H         LINE#         167
  C:2661H         LINE#         168
  C:2661H         LINE#         169
  C:2664H         LINE#         170
  C:2664H         LINE#         171
  C:2669H         LINE#         172
  C:266EH         LINE#         173
  C:2673H         LINE#         174
  C:2678H         LINE#         175
  C:267DH         LINE#         176
  C:2682H         LINE#         177
  C:2693H         LINE#         178
  C:2693H         LINE#         179
  C:2696H         LINE#         180
  C:2696H         LINE#         181
  C:2696H         LINE#         182
  C:2696H         LINE#         183
  C:2696H         LINE#         184
  C:2696H         LINE#         185
  C:2696H         LINE#         186
  C:2696H         LINE#         187
  C:2696H         LINE#         188
  C:2696H         LINE#         189
  C:2698H         LINE#         191
  C:2698H         LINE#         192
  C:269BH         LINE#         193
  C:269BH         LINE#         194
  C:26A0H         LINE#         195
  C:26A5H         LINE#         196
  C:26AAH         LINE#         197
  C:26AFH         LINE#         198
  C:26B4H         LINE#         199
  C:26B9H         LINE#         200
  C:26CAH         LINE#         201
  C:26CAH         LINE#         202
  C:26CDH         LINE#         203
  C:26CDH         LINE#         204
  C:26D2H         LINE#         205
  C:26D7H         LINE#         206
  C:26DCH         LINE#         207
BL51 BANKED LINKER/LOCATER V6.22                                                      04/02/2019  16:58:41  PAGE 10


  C:26E1H         LINE#         208
  C:26E6H         LINE#         209
  C:26EBH         LINE#         210
  C:26FCH         LINE#         211
  C:26FCH         LINE#         212
  C:26FCH         LINE#         216
  C:2703H         LINE#         217
  C:2709H         LINE#         218
  C:270FH         LINE#         219
  C:2717H         LINE#         220
  C:271CH         LINE#         221
  C:2724H         LINE#         222
  C:2729H         LINE#         223
  C:2733H         LINE#         224
  C:2738H         LINE#         225
  C:2740H         LINE#         227
  C:2748H         LINE#         228
  C:274DH         LINE#         229
  C:2757H         LINE#         230
  C:2757H         LINE#         231
  C:2759H         LINE#         232
  C:275BH         LINE#         233
  C:2765H         LINE#         234
  C:2765H         LINE#         235
  C:276AH         LINE#         236
  C:276AH         LINE#         248
  C:2770H         LINE#         249
  C:2770H         LINE#         250
  C:277DH         LINE#         251
  C:277DH         LINE#         252
  C:2787H         LINE#         253
  C:279EH         LINE#         254
  C:279EH         LINE#         255
  C:27A0H         LINE#         256
  C:27A2H         LINE#         258
  C:27A2H         LINE#         259
  C:27ADH         LINE#         260
  C:27ADH         LINE#         261
  C:27B2H         LINE#         262
  C:27B2H         LINE#         263
  C:27C5H         LINE#         264
  C:27C5H         LINE#         267
  C:27CFH         LINE#         268
  C:27E6H         LINE#         269
  C:27E6H         LINE#         270
  C:27E8H         LINE#         271
  C:27EAH         LINE#         273
  C:27EAH         LINE#         274
  C:27F5H         LINE#         275
  C:27F5H         LINE#         276
  C:27F9H         LINE#         277
  C:27F9H         LINE#         278
  C:27F9H         LINE#         279
  C:27FCH         LINE#         280
  C:2802H         LINE#         281
  C:2802H         LINE#         282
  C:280FH         LINE#         283
BL51 BANKED LINKER/LOCATER V6.22                                                      04/02/2019  16:58:41  PAGE 11


  C:280FH         LINE#         284
  C:2819H         LINE#         285
  C:2830H         LINE#         286
  C:2830H         LINE#         287
  C:2832H         LINE#         288
  C:2834H         LINE#         290
  C:2834H         LINE#         291
  C:283FH         LINE#         292
  C:283FH         LINE#         293
  C:2844H         LINE#         294
  C:2844H         LINE#         295
  C:2851H         LINE#         296
  C:2851H         LINE#         299
  C:285BH         LINE#         300
  C:2872H         LINE#         301
  C:2872H         LINE#         302
  C:2874H         LINE#         303
  C:2876H         LINE#         305
  C:2876H         LINE#         306
  C:2881H         LINE#         307
  C:2881H         LINE#         308
  C:2886H         LINE#         309
  C:2888H         LINE#         310
  C:2888H         LINE#         311
  C:2888H         LINE#         314
  C:28AAH         LINE#         315
  C:28AAH         LINE#         316
  C:28B4H         LINE#         317
  C:28BAH         LINE#         318
  C:28BCH         LINE#         319
  C:28BEH         LINE#         320
  C:28C0H         LINE#         321
  C:28C0H         LINE#         324
  C:28E2H         LINE#         325
  C:28E2H         LINE#         326
  C:28ECH         LINE#         327
  C:28F2H         LINE#         328
  C:28F4H         LINE#         329
  C:28F6H         LINE#         330
  C:28F8H         LINE#         331
  C:28F8H         LINE#         332
  C:28FBH         LINE#         334
  C:28FBH         LINE#         335
  C:2901H         LINE#         336
  C:2909H         LINE#         337
  C:290FH         LINE#         338
  C:2917H         LINE#         339
  C:2952H         LINE#         343
  C:295FH         LINE#         344
  C:295FH         LINE#         346
  C:295FH         LINE#         348
  C:295FH         LINE#         351
  C:295FH         LINE#         353
  C:29A3H         LINE#         354
  C:29A3H         LINE#         376
  -------         ENDPROC       MAIN
  -------         PROC          UART
BL51 BANKED LINKER/LOCATER V6.22                                                      04/02/2019  16:58:41  PAGE 12


  C:0009H         LINE#         383
  C:0009H         LINE#         416
  -------         ENDPROC       UART
  -------         PROC          _CALIB_INTERPOLATE
  X:07ACH         SYMBOL        hours
  X:07B0H         SYMBOL        mins
  -------         DO            
  X:07B4H         SYMBOL        p_calib1
  X:07BCH         SYMBOL        p_calib2
  X:07C4H         SYMBOL        i
  X:07C6H         SYMBOL        current_time
  -------         ENDDO         
  C:325AH         LINE#         419
  C:3260H         LINE#         420
  C:3260H         LINE#         424
  C:32B7H         LINE#         426
  C:32DDH         LINE#         427
  C:32DDH         LINE#         428
  C:334FH         LINE#         429
  C:334FH         LINE#         430
  C:337CH         LINE#         431
  C:3397H         LINE#         433
  C:33C4H         LINE#         434
  C:33DFH         LINE#         436
  C:33E1H         LINE#         437
  C:33E1H         LINE#         438
  C:33F5H         LINE#         439
  C:33FAH         LINE#         441
  -------         ENDPROC       _CALIB_INTERPOLATE
  -------         PROC          _SENDUART1
  D:0007H         SYMBOL        dat
  C:455AH         LINE#         444
  C:455AH         LINE#         445
  C:455AH         LINE#         446
  C:455DH         LINE#         447
  C:455FH         LINE#         448
  C:4560H         LINE#         449
  C:4562H         LINE#         450
  -------         ENDPROC       _SENDUART1
  -------         ENDMOD        MAIN

  -------         MODULE        PCF85063BTL
  C:0000H         SYMBOL        _ICE_DUMMY_
  D:0096H         PUBLIC        P2M0
  D:0080H         PUBLIC        P0
  D:0095H         PUBLIC        P2M1
  D:0090H         PUBLIC        P1
  D:00A0H         PUBLIC        P2
  D:00B0H         PUBLIC        P3
  D:00C0H         PUBLIC        P4
  D:00C8H         PUBLIC        P5
  D:00E8H         PUBLIC        P6
  B:00A0H.2       PUBLIC        PCF85063BTL_SDI
  D:00F8H         PUBLIC        P7
  B:00A0H.1       PUBLIC        PCF85063BTL_SCK
  B:00A0H.2       PUBLIC        PCF85063BTL_SDO
  D:00A8H         PUBLIC        IE
BL51 BANKED LINKER/LOCATER V6.22                                                      04/02/2019  16:58:41  PAGE 13


  C:3F39H         PUBLIC        _Read_time
  C:449BH         PUBLIC        _PCF85063BTL_Delay
  D:00B8H         PUBLIC        IP
  D:00D8H         PUBLIC        CCON
  C:3E40H         PUBLIC        _Day_Of_Year
  C:438BH         PUBLIC        SPI_ReceiveByte
  D:0098H         PUBLIC        SCON
  D:0088H         PUBLIC        TCON
  C:44E1H         PUBLIC        _BCDtoDec
  B:00A0H.0       PUBLIC        PCF85063BTL_CS
  C:44D0H         PUBLIC        _SPI_ReadTime
  C:4521H         PUBLIC        SPI_Init
  C:443AH         PUBLIC        _SPI_WriteTime
  C:436BH         PUBLIC        _SPI_SendByte
  D:00D0H         PUBLIC        PSW
  C:4497H         SYMBOL        L?0047
  -------         PROC          L?0046
  -------         ENDPROC       L?0046
  C:4497H         SYMBOL        L?0047
  -------         PROC          _PCF85063BTL_DELAY
  D:0006H         SYMBOL        us
  C:449BH         LINE#         8
  C:449BH         LINE#         9
  C:449BH         LINE#         10
  C:44A5H         LINE#         11
  C:44A5H         LINE#         12
  C:44A6H         LINE#         13
  C:44A8H         LINE#         14
  -------         ENDPROC       _PCF85063BTL_DELAY
  -------         PROC          _SPI_SENDBYTE
  D:0005H         SYMBOL        dat
  -------         DO            
  D:0003H         SYMBOL        i
  -------         ENDDO         
  C:436BH         LINE#         17
  C:436DH         LINE#         18
  C:436DH         LINE#         20
  C:436FH         LINE#         21
  C:436FH         LINE#         22
  C:4371H         LINE#         23
  C:4375H         LINE#         24
  C:4375H         LINE#         25
  C:4377H         LINE#         26
  C:4379H         LINE#         28
  C:4379H         LINE#         29
  C:437BH         LINE#         30
  C:437BH         LINE#         31
  C:437EH         LINE#         32
  C:437EH         LINE#         33
  C:4381H         LINE#         34
  C:4385H         LINE#         35
  C:438AH         LINE#         36
  -------         ENDPROC       _SPI_SENDBYTE
  -------         PROC          SPI_RECEIVEBYTE
  -------         DO            
  D:0003H         SYMBOL        i
  D:0005H         SYMBOL        dat
BL51 BANKED LINKER/LOCATER V6.22                                                      04/02/2019  16:58:41  PAGE 14


  -------         ENDDO         
  C:438BH         LINE#         39
  C:438BH         LINE#         40
  C:438BH         LINE#         42
  C:438DH         LINE#         44
  C:438FH         LINE#         45
  C:4390H         LINE#         46
  C:4390H         LINE#         47
  C:4394H         LINE#         48
  C:4396H         LINE#         49
  C:4399H         LINE#         51
  C:439CH         LINE#         52
  C:439CH         LINE#         53
  C:43A0H         LINE#         54
  C:43A0H         LINE#         55
  C:43A0H         LINE#         56
  C:43A3H         LINE#         57
  C:43A8H         LINE#         58
  C:43AAH         LINE#         59
  -------         ENDPROC       SPI_RECEIVEBYTE
  -------         PROC          _SPI_READTIME
  D:0007H         SYMBOL        addr
  -------         DO            
  D:0006H         SYMBOL        dat
  -------         ENDDO         
  C:44D0H         LINE#         61
  C:44D0H         LINE#         62
  C:44D0H         LINE#         64
  C:44D2H         LINE#         65
  C:44D4H         LINE#         66
  C:44DBH         LINE#         67
  C:44DEH         LINE#         68
  C:44E0H         LINE#         69
  C:44E0H         LINE#         70
  -------         ENDPROC       _SPI_READTIME
  -------         PROC          _SPI_WRITETIME
  D:0002H         SYMBOL        val
  D:0005H         SYMBOL        addr
  C:443AH         LINE#         71
  C:443CH         LINE#         72
  C:443CH         LINE#         74
  C:443EH         LINE#         75
  C:4445H         LINE#         76
  C:444AH         LINE#         77
  C:444FH         LINE#         78
  C:4451H         LINE#         79
  -------         ENDPROC       _SPI_WRITETIME
  -------         PROC          SPI_INIT
  C:4521H         LINE#         83
  C:4521H         LINE#         84
  C:4521H         LINE#         89
  C:4524H         LINE#         90
  C:4527H         LINE#         91
  C:4529H         LINE#         92
  C:452BH         LINE#         93
  C:452DH         LINE#         94
  -------         ENDPROC       SPI_INIT
BL51 BANKED LINKER/LOCATER V6.22                                                      04/02/2019  16:58:41  PAGE 15


  -------         PROC          _READ_TIME
  X:052AH         SYMBOL        L_months
  X:052DH         SYMBOL        L_days
  X:0530H         SYMBOL        L_hours
  X:0533H         SYMBOL        L_mins
  X:0536H         SYMBOL        L_seconds
  C:3F39H         LINE#         96
  C:3F44H         LINE#         97
  C:3F44H         LINE#         99
  C:3F58H         LINE#         101
  C:3F6CH         LINE#         103
  C:3F80H         LINE#         108
  C:3F94H         LINE#         113
  -------         ENDPROC       _READ_TIME
  -------         PROC          _BCDTODEC
  D:0007H         SYMBOL        bcd
  -------         DO            
  D:0006H         SYMBOL        hi
  D:0007H         SYMBOL        lo
  -------         ENDDO         
  C:44E1H         LINE#         119
  C:44E1H         LINE#         120
  C:44E1H         LINE#         122
  C:44E6H         LINE#         123
  C:44EAH         LINE#         124
  C:44F1H         LINE#         125
  -------         ENDPROC       _BCDTODEC
  -------         PROC          _DAY_OF_YEAR
  D:0007H         SYMBOL        months_bcd
  D:0005H         SYMBOL        days_bcd
  -------         DO            
  D:0004H         SYMBOL        months
  D:0007H         SYMBOL        days
  -------         ENDDO         
  C:3E40H         LINE#         126
  C:3E40H         LINE#         127
  C:3E40H         LINE#         130
  C:3E45H         LINE#         132
  C:3E4AH         LINE#         134
  C:3E83H         LINE#         135
  C:3E83H         LINE#         136
  C:3E83H         LINE#         137
  C:3E86H         LINE#         138
  C:3E86H         LINE#         139
  C:3E86H         LINE#         140
  C:3E8BH         LINE#         141
  C:3E8BH         LINE#         142
  C:3E8BH         LINE#         143
  C:3E90H         LINE#         144
  C:3E90H         LINE#         145
  C:3E90H         LINE#         146
  C:3E95H         LINE#         147
  C:3E95H         LINE#         148
  C:3E95H         LINE#         149
  C:3E9AH         LINE#         150
  C:3E9AH         LINE#         151
  C:3E9AH         LINE#         152
BL51 BANKED LINKER/LOCATER V6.22                                                      04/02/2019  16:58:41  PAGE 16


  C:3E9FH         LINE#         153
  C:3E9FH         LINE#         154
  C:3E9FH         LINE#         155
  C:3EA4H         LINE#         156
  C:3EA4H         LINE#         157
  C:3EA4H         LINE#         158
  C:3EA9H         LINE#         159
  C:3EA9H         LINE#         160
  C:3EA9H         LINE#         161
  C:3EB1H         LINE#         162
  C:3EB1H         LINE#         163
  C:3EB1H         LINE#         164
  C:3EB6H         LINE#         165
  C:3EB6H         LINE#         166
  C:3EB6H         LINE#         167
  C:3EBBH         LINE#         168
  C:3EBBH         LINE#         169
  C:3EBBH         LINE#         170
  C:3EC3H         LINE#         171
  C:3EC3H         LINE#         172
  C:3EC3H         LINE#         173
  -------         ENDPROC       _DAY_OF_YEAR
  -------         ENDMOD        PCF85063BTL

  -------         MODULE        UART1
  C:0000H         SYMBOL        _ICE_DUMMY_
  D:0080H         PUBLIC        P0
  D:0090H         PUBLIC        P1
  D:00A0H         PUBLIC        P2
  D:00B0H         PUBLIC        P3
  D:00C0H         PUBLIC        P4
  D:00C8H         PUBLIC        P5
  B:00A8H.7       PUBLIC        EA
  D:00E8H         PUBLIC        P6
  D:00F8H         PUBLIC        P7
  C:429BH         PUBLIC        _SendString
  D:00A8H         PUBLIC        IE
  B:00A8H.4       PUBLIC        ES
  D:00B8H         PUBLIC        IP
  C:4452H         PUBLIC        _ASCIItoBCD
  D:00D8H         PUBLIC        CCON
  C:44F2H         PUBLIC        initUART1
  D:0098H         PUBLIC        SCON
  D:0088H         PUBLIC        TCON
  C:000AH         PUBLIC        _DectoBCD
  C:4574H         PUBLIC        _ASCII_Letter
  D:008EH         PUBLIC        AUXR
  C:456FH         PUBLIC        _unit
  C:0003H         PUBLIC        _ten
  D:00D6H         PUBLIC        T2H
  D:00D7H         PUBLIC        T2L
  D:00D0H         PUBLIC        PSW
  -------         PROC          INITUART1
  C:44F2H         LINE#         21
  C:44F2H         LINE#         22
  C:44F2H         LINE#         23
  C:44F5H         LINE#         24
BL51 BANKED LINKER/LOCATER V6.22                                                      04/02/2019  16:58:41  PAGE 17


  C:44F8H         LINE#         25
  C:44FBH         LINE#         26
  C:44FEH         LINE#         27
  C:4500H         LINE#         28
  C:4502H         LINE#         30
  -------         ENDPROC       INITUART1
  -------         PROC          _SENDSTRING
  X:07D7H         SYMBOL        s
  C:429BH         LINE#         35
  C:42A6H         LINE#         36
  C:42A6H         LINE#         37
  C:42B6H         LINE#         38
  C:42B6H         LINE#         39
  C:42CBH         LINE#         40
  C:42CDH         LINE#         41
  -------         ENDPROC       _SENDSTRING
  -------         PROC          _TEN
  D:0007H         SYMBOL        BCD
  C:0003H         LINE#         43
  C:0003H         LINE#         44
  C:0003H         LINE#         45
  C:0008H         LINE#         46
  -------         ENDPROC       _TEN
  -------         PROC          _UNIT
  D:0007H         SYMBOL        BCD
  C:456FH         LINE#         47
  C:456FH         LINE#         48
  C:456FH         LINE#         52
  C:4573H         LINE#         53
  -------         ENDPROC       _UNIT
  -------         PROC          _DECTOBCD
  D:0007H         SYMBOL        dec
  C:000AH         LINE#         54
  C:000AH         LINE#         55
  C:000AH         LINE#         57
  C:000AH         LINE#         58
  -------         ENDPROC       _DECTOBCD
  -------         PROC          _ASCII_LETTER
  D:0007H         SYMBOL        dat
  C:4574H         LINE#         60
  C:4574H         LINE#         61
  C:4574H         LINE#         63
  C:4578H         LINE#         64
  -------         ENDPROC       _ASCII_LETTER
  -------         PROC          _ASCIITOBCD
  D:0001H         SYMBOL        ascii
  -------         DO            
  D:0007H         SYMBOL        dec_val
  D:0006H         SYMBOL        ten
  D:0007H         SYMBOL        unit
  -------         ENDDO         
  C:4452H         LINE#         66
  C:4452H         LINE#         67
  C:4452H         LINE#         69
  C:4455H         LINE#         70
  C:445BH         LINE#         71
  C:4462H         LINE#         72
BL51 BANKED LINKER/LOCATER V6.22                                                      04/02/2019  16:58:41  PAGE 18


  C:4468H         LINE#         74
  -------         ENDPROC       _ASCIITOBCD
  -------         ENDMOD        UART1

  -------         MODULE        LCD_DRIVER_SPLC780D
  C:0000H         SYMBOL        _ICE_DUMMY_
  D:0092H         PUBLIC        P1M0
  D:0091H         PUBLIC        P1M1
  D:0080H         PUBLIC        P0
  D:0090H         PUBLIC        P1
  D:00A0H         PUBLIC        P2
  D:00B0H         PUBLIC        P3
  D:00C0H         PUBLIC        P4
  D:00C8H         PUBLIC        P5
  D:00E8H         PUBLIC        P6
  D:00F8H         PUBLIC        P7
  C:3EC4H         PUBLIC        _WriteData
  D:00A8H         PUBLIC        IE
  D:00B8H         PUBLIC        IP
  D:00D8H         PUBLIC        CCON
  B:00B0H.4       PUBLIC        LCD_D4
  B:00B0H.5       PUBLIC        LCD_D5
  B:00B0H.6       PUBLIC        LCD_D6
  C:43E7H         PUBLIC        _DisplayLCD
  B:00B0H.7       PUBLIC        LCD_D7
  D:0098H         PUBLIC        SCON
  D:0088H         PUBLIC        TCON
  C:4550H         PUBLIC        LCD_clear
  C:416CH         PUBLIC        _Command
  C:000EH         PUBLIC        _Display_Line
  C:3FA8H         PUBLIC        LCD_Init
  C:432BH         PUBLIC        _Wait_ms
  B:00C0H.0       PUBLIC        LCD_RS
  B:00B0H.2       PUBLIC        LCD_RW
  C:4546H         PUBLIC        LCD_return_home
  B:00B0H.3       PUBLIC        LCD_E
  D:00D0H         PUBLIC        PSW
  -------         PROC          LCD_INIT
  C:3FA8H         LINE#         9
  C:3FA8H         LINE#         10
  C:3FA8H         LINE#         11
  C:3FABH         LINE#         12
  C:3FAEH         LINE#         14
  C:3FB4H         LINE#         15
  C:3FB9H         LINE#         17
  C:3FC0H         LINE#         18
  C:3FC5H         LINE#         20
  C:3FC8H         LINE#         21
  C:3FCDH         LINE#         23
  C:3FD0H         LINE#         24
  C:3FD5H         LINE#         26
  C:3FDCH         LINE#         29
  C:3FE1H         LINE#         30
  C:3FE6H         LINE#         32
  C:3FEBH         LINE#         33
  C:3FF0H         LINE#         35
  C:3FF5H         LINE#         36
BL51 BANKED LINKER/LOCATER V6.22                                                      04/02/2019  16:58:41  PAGE 19


  C:3FFAH         LINE#         37
  -------         ENDPROC       LCD_INIT
  -------         PROC          _WRITEDATA
  X:0607H         SYMBOL        dat
  C:3EC4H         LINE#         40
  C:3EC9H         LINE#         41
  C:3EC9H         LINE#         46
  C:3ECBH         LINE#         47
  C:3ECDH         LINE#         49
  C:3EDBH         LINE#         50
  C:3EE7H         LINE#         51
  C:3EF3H         LINE#         52
  C:3EFDH         LINE#         53
  C:3EFFH         LINE#         54
  C:3F06H         LINE#         55
  C:3F08H         LINE#         57
  C:3F18H         LINE#         58
  C:3F23H         LINE#         59
  C:3F2DH         LINE#         60
  C:3F31H         LINE#         62
  C:3F31H         LINE#         63
  C:3F34H         LINE#         64
  C:3F36H         LINE#         65
  C:3F38H         LINE#         67
  -------         ENDPROC       _WRITEDATA
  -------         PROC          _COMMAND
  D:0007H         SYMBOL        dat
  C:416CH         LINE#         69
  C:416CH         LINE#         70
  C:416CH         LINE#         71
  C:416EH         LINE#         72
  C:4170H         LINE#         74
  C:417AH         LINE#         75
  C:417EH         LINE#         77
  C:4180H         LINE#         78
  C:4189H         LINE#         79
  C:418DH         LINE#         81
  C:418FH         LINE#         82
  C:4196H         LINE#         83
  C:419AH         LINE#         85
  C:419CH         LINE#         86
  C:41A0H         LINE#         87
  C:41A4H         LINE#         89
  C:41A6H         LINE#         90
  C:41A6H         LINE#         91
  C:41A9H         LINE#         92
  C:41ABH         LINE#         93
  -------         ENDPROC       _COMMAND
  C:4327H         SYMBOL        L?0028
  -------         PROC          L?0027
  -------         ENDPROC       L?0027
  C:4327H         SYMBOL        L?0028
  -------         PROC          _WAIT_MS
  D:0006H         SYMBOL        ms
  -------         DO            
  D:0004H         SYMBOL        De_Cnt
  -------         ENDDO         
BL51 BANKED LINKER/LOCATER V6.22                                                      04/02/2019  16:58:41  PAGE 20


  C:432BH         LINE#         95
  C:432BH         LINE#         96
  C:432BH         LINE#         98
  C:4335H         LINE#         99
  C:4335H         LINE#         100
  C:4348H         LINE#         101
  C:4348H         LINE#         102
  -------         ENDPROC       _WAIT_MS
  -------         PROC          _DISPLAYLCD
  D:0007H         SYMBOL        BCD
  -------         DO            
  D:0006H         SYMBOL        first_digit
  X:052AH         SYMBOL        second_digit
  -------         ENDDO         
  C:43E7H         LINE#         103
  C:43E7H         LINE#         104
  C:43E7H         LINE#         106
  C:43EEH         LINE#         107
  C:43F7H         LINE#         109
  C:43FCH         LINE#         111
  -------         ENDPROC       _DISPLAYLCD
  -------         PROC          LCD_RETURN_HOME
  C:4546H         LINE#         115
  C:4546H         LINE#         116
  C:4546H         LINE#         117
  C:454BH         LINE#         118
  -------         ENDPROC       LCD_RETURN_HOME
  -------         PROC          LCD_CLEAR
  C:4550H         LINE#         121
  C:4550H         LINE#         122
  C:4550H         LINE#         123
  C:4555H         LINE#         124
  -------         ENDPROC       LCD_CLEAR
  -------         PROC          _DISPLAY_LINE
  D:0006H         SYMBOL        line
  C:000EH         LINE#         128
  C:000EH         LINE#         129
  C:000EH         LINE#         130
  C:0014H         LINE#         131
  C:0014H         LINE#         132
  C:0016H         LINE#         133
  C:0016H         LINE#         134
  C:0018H         LINE#         136
  C:0018H         LINE#         137
  C:001DH         LINE#         138
  C:0022H         LINE#         139
  C:0022H         LINE#         140
  -------         ENDPROC       _DISPLAY_LINE
  -------         ENDMOD        LCD_DRIVER_SPLC780D

  -------         MODULE        KEYPAD
  C:0000H         SYMBOL        _ICE_DUMMY_
  D:0093H         PUBLIC        P0M1
  D:0080H         PUBLIC        P0
  D:0090H         PUBLIC        P1
  D:00A0H         PUBLIC        P2
  D:00B0H         PUBLIC        P3
BL51 BANKED LINKER/LOCATER V6.22                                                      04/02/2019  16:58:41  PAGE 21


  D:00C0H         PUBLIC        P4
  D:00C8H         PUBLIC        P5
  B:0020H.0       PUBLIC        calib_mode
  D:00E8H         PUBLIC        P6
  D:00F8H         PUBLIC        P7
  D:00A8H         PUBLIC        IE
  C:33FBH         PUBLIC        Key_Scan
  D:00B8H         PUBLIC        IP
  D:00D8H         PUBLIC        CCON
  C:452EH         PUBLIC        KeyPad_IO_Init
  C:43ABH         PUBLIC        _Delay_ms
  D:0098H         PUBLIC        SCON
  D:0088H         PUBLIC        TCON
  B:0020H.1       PUBLIC        small_move
  B:0020H.2       PUBLIC        move
  B:0020H.3       PUBLIC        direction
  B:0020H.4       PUBLIC        auto_move
  B:0020H.5       PUBLIC        selected_motor
  C:2C66H         PUBLIC        Key_Process
  D:00D0H         PUBLIC        PSW
  D:0094H         PUBLIC        P0M0
  -------         PROC          _DELAY_MS
  D:0006H         SYMBOL        ms
  -------         DO            
  D:0004H         SYMBOL        De_Cnt
  -------         ENDDO         
  C:43ABH         LINE#         25
  C:43ABH         LINE#         26
  C:43ABH         LINE#         28
  C:43B5H         LINE#         29
  C:43B5H         LINE#         30
  C:43C8H         LINE#         31
  C:43C8H         LINE#         32
  -------         ENDPROC       _DELAY_MS
  -------         PROC          KEY_SCAN
  -------         DO            
  X:052CH         SYMBOL        KeyTemp1
  X:052DH         SYMBOL        KeyTemp2
  X:052EH         SYMBOL        KeyValue
  -------         ENDDO         
  C:33FBH         LINE#         33
  C:33FBH         LINE#         34
  C:33FBH         LINE#         39
  C:33FEH         LINE#         42
  C:3401H         LINE#         44
  C:3409H         LINE#         45
  C:3410H         LINE#         46
  C:3410H         LINE#         48
  C:3415H         LINE#         49
  C:341CH         LINE#         50
  C:341CH         LINE#         53
  C:341FH         LINE#         54
  C:3422H         LINE#         55
  C:3427H         LINE#         56
  C:342BH         LINE#         57
  C:342BH         LINE#         58
  C:3433H         LINE#         59
BL51 BANKED LINKER/LOCATER V6.22                                                      04/02/2019  16:58:41  PAGE 22


  C:3433H         LINE#         60
  C:3436H         LINE#         61
  C:343EH         LINE#         62
  C:3440H         LINE#         64
  C:3454H         LINE#         65
  C:3454H         LINE#         66
  C:3454H         LINE#         67
  C:3454H         LINE#         68
  C:345AH         LINE#         70
  C:345CH         LINE#         71
  C:345CH         LINE#         72
  C:345CH         LINE#         73
  C:3462H         LINE#         75
  C:3464H         LINE#         76
  C:3464H         LINE#         77
  C:3464H         LINE#         78
  C:346AH         LINE#         80
  C:346CH         LINE#         81
  C:346CH         LINE#         82
  C:346CH         LINE#         83
  C:3472H         LINE#         85
  C:3472H         LINE#         86
  C:3472H         LINE#         87
  C:3472H         LINE#         90
  C:3475H         LINE#         91
  C:3478H         LINE#         92
  C:3480H         LINE#         93
  C:3484H         LINE#         94
  C:3484H         LINE#         95
  C:348CH         LINE#         96
  C:348CH         LINE#         97
  C:348FH         LINE#         98
  C:3497H         LINE#         99
  C:3499H         LINE#         100
  C:34ADH         LINE#         101
  C:34ADH         LINE#         102
  C:34ADH         LINE#         103
  C:34ADH         LINE#         104
  C:34B3H         LINE#         106
  C:34B5H         LINE#         107
  C:34B5H         LINE#         108
  C:34B5H         LINE#         109
  C:34BBH         LINE#         111
  C:34BDH         LINE#         112
  C:34BDH         LINE#         113
  C:34BDH         LINE#         114
  C:34C3H         LINE#         116
  C:34C5H         LINE#         117
  C:34C5H         LINE#         118
  C:34C5H         LINE#         119
  C:34CAH         LINE#         121
  C:34CAH         LINE#         122
  C:34CAH         LINE#         123
  C:34CAH         LINE#         126
  C:34CDH         LINE#         127
  C:34D0H         LINE#         128
  C:34D8H         LINE#         129
BL51 BANKED LINKER/LOCATER V6.22                                                      04/02/2019  16:58:41  PAGE 23


  C:34DCH         LINE#         130
  C:34DCH         LINE#         131
  C:34E4H         LINE#         132
  C:34E4H         LINE#         133
  C:34E7H         LINE#         134
  C:34EFH         LINE#         135
  C:34F1H         LINE#         136
  C:3505H         LINE#         137
  C:3505H         LINE#         138
  C:3505H         LINE#         139
  C:3505H         LINE#         140
  C:350BH         LINE#         142
  C:350DH         LINE#         143
  C:350DH         LINE#         144
  C:350DH         LINE#         145
  C:3513H         LINE#         147
  C:3515H         LINE#         148
  C:3515H         LINE#         149
  C:3515H         LINE#         150
  C:351BH         LINE#         152
  C:351DH         LINE#         153
  C:351DH         LINE#         154
  C:351DH         LINE#         155
  C:3523H         LINE#         157
  C:3523H         LINE#         158
  C:3523H         LINE#         159
  C:3523H         LINE#         163
  C:3526H         LINE#         164
  C:3529H         LINE#         165
  C:3531H         LINE#         166
  C:3535H         LINE#         167
  C:3535H         LINE#         168
  C:353DH         LINE#         169
  C:353DH         LINE#         170
  C:3540H         LINE#         171
  C:3548H         LINE#         172
  C:354AH         LINE#         173
  C:355EH         LINE#         174
  C:355EH         LINE#         175
  C:355EH         LINE#         176
  C:355EH         LINE#         177
  C:3564H         LINE#         179
  C:3566H         LINE#         180
  C:3566H         LINE#         181
  C:3566H         LINE#         182
  C:356CH         LINE#         184
  C:356EH         LINE#         185
  C:356EH         LINE#         186
  C:356EH         LINE#         187
  C:3574H         LINE#         189
  C:3576H         LINE#         190
  C:3576H         LINE#         191
  C:3576H         LINE#         192
  C:357CH         LINE#         194
  C:357CH         LINE#         195
  C:357CH         LINE#         196
  C:357CH         LINE#         198
BL51 BANKED LINKER/LOCATER V6.22                                                      04/02/2019  16:58:41  PAGE 24


  C:3582H         LINE#         199
  C:3582H         LINE#         201
  C:3582H         LINE#         202
  C:3585H         LINE#         203
  C:3585H         LINE#         204
  C:3585H         LINE#         206
  C:3585H         LINE#         207
  C:3587H         LINE#         208
  C:3587H         LINE#         209
  -------         ENDPROC       KEY_SCAN
  -------         PROC          KEY_PROCESS
  -------         DO            
  X:07DAH         SYMBOL        KeyCount
  X:052AH         SYMBOL        d
  -------         ENDDO         
  C:2C66H         LINE#         210
  C:2C66H         LINE#         211
  C:2C66H         LINE#         216
  C:2C6EH         LINE#         217
  C:2C76H         LINE#         219
  C:2C79H         LINE#         220
  C:2C79H         LINE#         221
  C:2C7CH         LINE#         223
  C:2C7CH         LINE#         224
  C:2C8BH         LINE#         225
  C:2C8BH         LINE#         226
  C:2C8EH         LINE#         227
  C:2C91H         LINE#         229
  C:2C94H         LINE#         231
  C:2C94H         LINE#         232
  C:2C9FH         LINE#         233
  C:2C9FH         LINE#         234
  C:2CA2H         LINE#         236
  C:2CA2H         LINE#         237
  C:2CA9H         LINE#         238
  C:2CA9H         LINE#         239
  C:2CACH         LINE#         241
  C:2CACH         LINE#         242
  C:2CB4H         LINE#         243
  C:2CB4H         LINE#         244
  C:2CBEH         LINE#         245
  C:2CC6H         LINE#         247
  C:2CCFH         LINE#         249
  C:2CCFH         LINE#         258
  C:2CE6H         LINE#         259
  C:2CE6H         LINE#         260
  C:2CF8H         LINE#         261
  C:2D06H         LINE#         262
  C:2D15H         LINE#         263
  C:2D15H         LINE#         265
  C:2D1BH         LINE#         269
  C:2D2BH         LINE#         270
  C:2D3BH         LINE#         271
  C:2D54H         LINE#         272
  C:2D54H         LINE#         273
  C:2D65H         LINE#         274
  C:2D76H         LINE#         275
BL51 BANKED LINKER/LOCATER V6.22                                                      04/02/2019  16:58:41  PAGE 25


  C:2D76H         LINE#         276
  C:2D7EH         LINE#         277
  C:2D7EH         LINE#         278
  C:2D80H         LINE#         279
  C:2D82H         LINE#         280
  C:2D86H         LINE#         281
  C:2D86H         LINE#         282
  C:2D88H         LINE#         283
  C:2D88H         LINE#         287
  C:2D98H         LINE#         288
  C:2DA8H         LINE#         289
  C:2DBAH         LINE#         290
  C:2DBAH         LINE#         291
  C:2DBFH         LINE#         292
  C:2DBFH         LINE#         293
  C:2DC3H         LINE#         294
  C:2DC3H         LINE#         295
  C:2DCBH         LINE#         296
  C:2DCBH         LINE#         297
  C:2DCBH         LINE#         298
  C:2DCBH         LINE#         299
  C:2DCBH         LINE#         300
  C:2DCDH         LINE#         302
  C:2DCDH         LINE#         303
  C:2DD5H         LINE#         304
  C:2DD5H         LINE#         305
  C:2DDEH         LINE#         306
  C:2DDEH         LINE#         307
  C:2DDEH         LINE#         308
  C:2DDEH         LINE#         309
  C:2DDEH         LINE#         311
  C:2DE0H         LINE#         313
  C:2DE0H         LINE#         314
  C:2DE9H         LINE#         315
  C:2DE9H         LINE#         316
  C:2DE9H         LINE#         317
  C:2DE9H         LINE#         318
  C:2DE9H         LINE#         320
  C:2DE9H         LINE#         322
  C:2DE9H         LINE#         323
  C:2DEBH         LINE#         325
  C:2DEBH         LINE#         326
  C:2DF2H         LINE#         327
  C:2DF2H         LINE#         328
  C:2DFBH         LINE#         329
  C:2DFBH         LINE#         330
  C:2DFBH         LINE#         331
  C:2DFBH         LINE#         332
  C:2DFBH         LINE#         333
  C:2DFDH         LINE#         335
  C:2DFDH         LINE#         336
  C:2E06H         LINE#         337
  C:2E06H         LINE#         338
  C:2E17H         LINE#         339
  C:2E28H         LINE#         340
  C:2E28H         LINE#         341
  C:2E28H         LINE#         342
BL51 BANKED LINKER/LOCATER V6.22                                                      04/02/2019  16:58:41  PAGE 26


  C:2E28H         LINE#         343
  C:2E28H         LINE#         344
  C:2E2BH         LINE#         345
  C:2E30H         LINE#         346
  C:2E35H         LINE#         347
  C:2E3AH         LINE#         348
  C:2E3FH         LINE#         349
  C:2E44H         LINE#         350
  C:2E49H         LINE#         351
  C:2E4EH         LINE#         352
  C:2E4EH         LINE#         354
  C:2E70H         LINE#         355
  C:2E70H         LINE#         356
  C:2E7AH         LINE#         357
  C:2E7AH         LINE#         358
  C:2E7FH         LINE#         359
  C:2E88H         LINE#         360
  C:2E9FH         LINE#         361
  C:2E9FH         LINE#         362
  C:2EAFH         LINE#         364
  C:2EAFH         LINE#         368
  -------         ENDPROC       KEY_PROCESS
  -------         PROC          KEYPAD_IO_INIT
  C:452EH         LINE#         371
  C:452EH         LINE#         372
  C:452EH         LINE#         373
  C:4531H         LINE#         374
  C:4534H         LINE#         375
  C:4537H         LINE#         376
  C:4539H         LINE#         377
  -------         ENDPROC       KEYPAD_IO_INIT
  -------         ENDMOD        KEYPAD

  -------         MODULE        VCNL4035
  C:0000H         SYMBOL        _ICE_DUMMY_
  D:0080H         PUBLIC        P0
  B:00B0H.2       PUBLIC        I2C_SCK
  D:00B2H         PUBLIC        P3M0
  D:0090H         PUBLIC        P1
  D:00B1H         PUBLIC        P3M1
  D:00A0H         PUBLIC        P2
  D:00B0H         PUBLIC        P3
  D:00C0H         PUBLIC        P4
  D:00C8H         PUBLIC        P5
  D:00E8H         PUBLIC        P6
  D:00F8H         PUBLIC        P7
  D:00A8H         PUBLIC        IE
  C:4569H         PUBLIC        _DisplayLCD_VCNL4035
  D:00B8H         PUBLIC        IP
  D:00D8H         PUBLIC        CCON
  C:44BDH         PUBLIC        I2C_Start
  D:0098H         PUBLIC        SCON
  C:4469H         PUBLIC        I2C_Init
  D:0088H         PUBLIC        TCON
  C:4503H         PUBLIC        uC_NACK
  C:4307H         PUBLIC        _Wait_ms_i2c
  C:4349H         PUBLIC        _I2C_SendByte
BL51 BANKED LINKER/LOCATER V6.22                                                      04/02/2019  16:58:41  PAGE 27


  C:4480H         PUBLIC        I2C_Stop
  C:40DFH         PUBLIC        _Write_VCNL4035X
  C:4579H         PUBLIC        nop
  C:3C86H         PUBLIC        _Read_VCNL4035
  C:4563H         PUBLIC        uC_ACK
  C:4409H         PUBLIC        I2C_ACK
  C:43C9H         PUBLIC        _Wait_ms_iic
  B:00B0H.1       PUBLIC        I2C_SDA
  D:00D0H         PUBLIC        PSW
  C:42D4H         PUBLIC        I2C_ReceiveByte
  -------         PROC          _WAIT_MS_IIC
  D:0006H         SYMBOL        ms
  -------         DO            
  D:0004H         SYMBOL        De_Cnt
  -------         ENDDO         
  C:43C9H         LINE#         5
  C:43C9H         LINE#         6
  C:43C9H         LINE#         8
  C:43D3H         LINE#         9
  C:43D3H         LINE#         10
  C:43E6H         LINE#         11
  C:43E6H         LINE#         12
  -------         ENDPROC       _WAIT_MS_IIC
  C:4301H         SYMBOL        L?0048
  C:4303H         SYMBOL        L?0049
  -------         PROC          L?0047
  -------         ENDPROC       L?0047
  C:4301H         SYMBOL        L?0048
  C:4303H         SYMBOL        L?0049
  -------         PROC          _WAIT_MS_I2C
  D:0006H         SYMBOL        ms
  -------         DO            
  D:0004H         SYMBOL        De_Cnt
  -------         ENDDO         
  C:4307H         LINE#         14
  C:4307H         LINE#         15
  C:4307H         LINE#         17
  C:4311H         LINE#         18
  C:4311H         LINE#         19
  C:4324H         LINE#         20
  C:4324H         LINE#         21
  -------         ENDPROC       _WAIT_MS_I2C
  -------         PROC          NOP
  C:4579H         LINE#         22
  C:4579H         LINE#         23
  C:4579H         LINE#         25
  -------         ENDPROC       NOP
  -------         PROC          I2C_START
  C:44BDH         LINE#         26
  C:44BDH         LINE#         27
  C:44BDH         LINE#         29
  C:44BFH         LINE#         30
  C:44C1H         LINE#         31
  C:44C8H         LINE#         32
  C:44CAH         LINE#         33
  C:44CDH         LINE#         34
  C:44CFH         LINE#         37
BL51 BANKED LINKER/LOCATER V6.22                                                      04/02/2019  16:58:41  PAGE 28


  -------         ENDPROC       I2C_START
  -------         PROC          I2C_STOP
  C:4480H         LINE#         39
  C:4480H         LINE#         40
  C:4480H         LINE#         41
  C:4482H         LINE#         42
  C:4484H         LINE#         43
  C:4487H         LINE#         44
  C:4489H         LINE#         45
  C:448BH         LINE#         46
  C:4492H         LINE#         47
  C:4494H         LINE#         50
  -------         ENDPROC       I2C_STOP
  -------         PROC          L?0050
  -------         ENDPROC       L?0050
  -------         PROC          I2C_ACK
  -------         DO            
  X:052DH         SYMBOL        i
  D:0003H         SYMBOL        dat
  -------         ENDDO         
  C:4409H         LINE#         52
  C:4409H         LINE#         53
  C:4409H         LINE#         55
  C:440AH         LINE#         60
  C:440DH         LINE#         61
  C:440FH         LINE#         62
  C:4412H         LINE#         64
  C:4415H         LINE#         65
  C:4415H         LINE#         66
  C:4419H         LINE#         67
  C:4419H         LINE#         70
  C:4419H         LINE#         71
  C:441CH         LINE#         72
  C:441CH         LINE#         73
  C:441EH         LINE#         74
  -------         ENDPROC       I2C_ACK
  -------         PROC          UC_ACK
  -------         DO            
  X:07DCH         SYMBOL        i
  -------         ENDDO         
  C:4563H         LINE#         75
  C:4563H         LINE#         76
  C:4563H         LINE#         78
  C:4563H         LINE#         85
  C:4563H         LINE#         87
  C:4563H         LINE#         89
  C:4563H         LINE#         90
  C:4563H         LINE#         93
  C:4566H         LINE#         94
  C:4568H         LINE#         95
  C:4568H         LINE#         99
  -------         ENDPROC       UC_ACK
  -------         PROC          UC_NACK
  -------         DO            
  X:07DDH         SYMBOL        i
  -------         ENDDO         
  C:4503H         LINE#         101
BL51 BANKED LINKER/LOCATER V6.22                                                      04/02/2019  16:58:41  PAGE 29


  C:4503H         LINE#         102
  C:4503H         LINE#         104
  C:4503H         LINE#         108
  C:4505H         LINE#         111
  C:4505H         LINE#         112
  C:4507H         LINE#         113
  C:4507H         LINE#         115
  C:4507H         LINE#         116
  C:4507H         LINE#         119
  C:450AH         LINE#         120
  C:450CH         LINE#         121
  C:450FH         LINE#         122
  C:4511H         LINE#         123
  C:4511H         LINE#         127
  -------         ENDPROC       UC_NACK
  -------         PROC          I2C_INIT
  C:4469H         LINE#         129
  C:4469H         LINE#         130
  C:4469H         LINE#         133
  C:446CH         LINE#         134
  C:446FH         LINE#         139
  C:4477H         LINE#         141
  -------         ENDPROC       I2C_INIT
  -------         PROC          _I2C_SENDBYTE
  D:0001H         SYMBOL        dat
  -------         DO            
  D:0003H         SYMBOL        i
  -------         ENDDO         
  C:4349H         LINE#         145
  C:434BH         LINE#         146
  C:434BH         LINE#         149
  C:434DH         LINE#         150
  C:434DH         LINE#         151
  C:434FH         LINE#         153
  C:4353H         LINE#         154
  C:4353H         LINE#         155
  C:4355H         LINE#         156
  C:4357H         LINE#         158
  C:4357H         LINE#         159
  C:4359H         LINE#         160
  C:4359H         LINE#         161
  C:435CH         LINE#         162
  C:435EH         LINE#         164
  C:4362H         LINE#         165
  C:4365H         LINE#         166
  C:436AH         LINE#         167
  -------         ENDPROC       _I2C_SENDBYTE
  -------         PROC          L?0051
  -------         ENDPROC       L?0051
  -------         PROC          I2C_RECEIVEBYTE
  -------         DO            
  D:0003H         SYMBOL        i
  D:0001H         SYMBOL        dat
  -------         ENDDO         
  C:42D4H         LINE#         171
  C:42D4H         LINE#         172
  C:42D4H         LINE#         174
BL51 BANKED LINKER/LOCATER V6.22                                                      04/02/2019  16:58:41  PAGE 30


  C:42D6H         LINE#         178
  C:42D7H         LINE#         179
  C:42D7H         LINE#         180
  C:42DBH         LINE#         181
  C:42DDH         LINE#         182
  C:42E0H         LINE#         184
  C:42E3H         LINE#         185
  C:42E3H         LINE#         186
  C:42E7H         LINE#         187
  C:42E7H         LINE#         188
  C:42E7H         LINE#         189
  C:42EAH         LINE#         190
  C:42EEH         LINE#         191
  C:42EEH         LINE#         192
  C:42F0H         LINE#         193
  C:42F2H         LINE#         194
  C:42F2H         LINE#         196
  C:42F7H         LINE#         197
  C:42F9H         LINE#         198
  -------         ENDPROC       I2C_RECEIVEBYTE
  -------         PROC          _WRITE_VCNL4035X
  X:052AH         SYMBOL        command_code
  X:052BH         SYMBOL        dat_h
  X:052CH         SYMBOL        dat_l
  C:40DFH         LINE#         199
  C:40EAH         LINE#         200
  C:40EAH         LINE#         201
  C:40EDH         LINE#         202
  C:40F4H         LINE#         203
  C:40F4H         LINE#         204
  C:40FAH         LINE#         205
  C:40FAH         LINE#         206
  C:4102H         LINE#         207
  C:4102H         LINE#         208
  C:4108H         LINE#         209
  C:4110H         LINE#         211
  C:4116H         LINE#         212
  C:411EH         LINE#         214
  C:4124H         LINE#         215
  C:4127H         LINE#         216
  -------         ENDPROC       _WRITE_VCNL4035X
  -------         PROC          _READ_VCNL4035
  X:07CAH         SYMBOL        command_code
  -------         DO            
  X:07CCH         SYMBOL        temp_dat
  X:07CEH         SYMBOL        temp_dat_l
  X:07D0H         SYMBOL        temp_dat_h
  -------         ENDDO         
  C:3C86H         LINE#         218
  C:3C8EH         LINE#         219
  C:3C8EH         LINE#         220
  C:3C9BH         LINE#         222
  C:3C9EH         LINE#         223
  C:3CA1H         LINE#         224
  C:3CA6H         LINE#         226
  C:3CACH         LINE#         227
  C:3CACH         LINE#         228
BL51 BANKED LINKER/LOCATER V6.22                                                      04/02/2019  16:58:41  PAGE 31


  C:3CACH         LINE#         229
  C:3CACH         LINE#         230
  C:3CB7H         LINE#         231
  C:3CBAH         LINE#         232
  C:3CBDH         LINE#         233
  C:3CBDH         LINE#         236
  C:3CC0H         LINE#         238
  C:3CC7H         LINE#         239
  C:3CC7H         LINE#         240
  C:3CC7H         LINE#         241
  C:3CD2H         LINE#         242
  C:3CD5H         LINE#         243
  C:3CD8H         LINE#         244
  C:3CDBH         LINE#         245
  C:3CDEH         LINE#         246
  C:3CE1H         LINE#         247
  C:3CE4H         LINE#         248
  C:3CE7H         LINE#         249
  C:3CEAH         LINE#         250
  C:3CEAH         LINE#         251
  C:3CF0H         LINE#         252
  C:3CF0H         LINE#         253
  C:3CF9H         LINE#         255
  C:3CF9H         LINE#         256
  C:3CFFH         LINE#         257
  C:3CFFH         LINE#         259
  C:3D01H         LINE#         260
  C:3D07H         LINE#         261
  C:3D0AH         LINE#         262
  C:3D11H         LINE#         263
  C:3D11H         LINE#         264
  C:3D1FH         LINE#         265
  -------         ENDPROC       _READ_VCNL4035
  -------         PROC          _DISPLAYLCD_VCNL4035
  X:07DEH         SYMBOL        dat
  C:4569H         LINE#         267
  C:456EH         LINE#         268
  C:456EH         LINE#         270
  -------         ENDPROC       _DISPLAYLCD_VCNL4035
  -------         ENDMOD        VCNL4035

  -------         MODULE        BIPOLARMOTOR
  C:0000H         SYMBOL        _ICE_DUMMY_
  D:0080H         PUBLIC        P0
  D:0090H         PUBLIC        P1
  D:00A0H         PUBLIC        P2
  D:00B0H         PUBLIC        P3
  D:00C0H         PUBLIC        P4
  D:00C8H         PUBLIC        P5
  D:00E8H         PUBLIC        P6
  D:00F8H         PUBLIC        P7
  D:00A8H         PUBLIC        IE
  C:37B5H         PUBLIC        linear_interpolate
  C:3D20H         PUBLIC        _Move_2ndMotor
  X:0000H         PUBLIC        RX_angle
  C:3977H         PUBLIC        _Move
  D:00B8H         PUBLIC        IP
BL51 BANKED LINKER/LOCATER V6.22                                                      04/02/2019  16:58:41  PAGE 32


  C:30BCH         PUBLIC        _findDet3x3
  C:29A6H         PUBLIC        _findDet4x4
  D:00D8H         PUBLIC        CCON
  X:0258H         PUBLIC        previous_move_time
  C:41ECH         PUBLIC        _Step_move_2ndMotor
  X:0259H         PUBLIC        lcd
  D:0098H         PUBLIC        SCON
  D:0088H         PUBLIC        TCON
  C:41ACH         PUBLIC        _Step_move
  X:025BH         PUBLIC        dat
  C:0026H         PUBLIC        _Update_position
  C:404BH         PUBLIC        vOneStepMove_2ndMotor
  X:0261H         PUBLIC        date_azimuth_mapping_symmetry_side
  C:4001H         PUBLIC        vOneStepMove
  X:0275H         PUBLIC        elevation_stamp
  X:02B1H         PUBLIC        date_azimuth_mapping
  X:02C5H         PUBLIC        RX_pos
  C:4429H         PUBLIC        _BCDtoDec1
  C:2EBBH         PUBLIC        _Display_Pos
  X:051DH         PUBLIC        degree
  D:00D0H         PUBLIC        PSW
  C:441FH         SYMBOL        L?0136
  C:4422H         SYMBOL        L?0137
  -------         PROC          L?0135
  -------         ENDPROC       L?0135
  C:441FH         SYMBOL        L?0136
  C:4422H         SYMBOL        L?0137
  -------         PROC          _BCDTODEC1
  D:0007H         SYMBOL        bcd
  -------         DO            
  D:0006H         SYMBOL        hi
  D:0007H         SYMBOL        lo
  -------         ENDDO         
  C:4429H         LINE#         38
  C:4429H         LINE#         39
  C:4429H         LINE#         41
  C:442EH         LINE#         42
  C:4432H         LINE#         43
  C:4439H         LINE#         44
  -------         ENDPROC       _BCDTODEC1
  -------         PROC          VONESTEPMOVE
  B:0021H.3       SYMBOL        bDir
  C:4001H         LINE#         47
  C:4001H         LINE#         48
  C:4001H         LINE#         50
  C:4007H         LINE#         51
  C:4007H         LINE#         52
  C:400AH         LINE#         53
  C:4013H         LINE#         54
  C:401AH         LINE#         55
  C:401FH         LINE#         56
  C:401FH         LINE#         57
  C:401FH         LINE#         59
  C:4021H         LINE#         62
  C:4021H         LINE#         63
  C:4024H         LINE#         64
  C:402DH         LINE#         65
BL51 BANKED LINKER/LOCATER V6.22                                                      04/02/2019  16:58:41  PAGE 33


  C:4034H         LINE#         66
  C:403AH         LINE#         67
  C:4043H         LINE#         68
  C:404AH         LINE#         69
  C:404AH         LINE#         70
  -------         ENDPROC       VONESTEPMOVE
  -------         PROC          VONESTEPMOVE_2NDMOTOR
  B:0021H.3       SYMBOL        bDir
  C:404BH         LINE#         73
  C:404BH         LINE#         74
  C:404BH         LINE#         76
  C:4051H         LINE#         77
  C:4051H         LINE#         78
  C:4054H         LINE#         79
  C:405DH         LINE#         80
  C:4064H         LINE#         81
  C:4069H         LINE#         82
  C:4069H         LINE#         83
  C:4069H         LINE#         84
  C:406BH         LINE#         86
  C:406BH         LINE#         87
  C:406EH         LINE#         88
  C:4077H         LINE#         89
  C:407EH         LINE#         90
  C:4084H         LINE#         91
  C:408DH         LINE#         92
  C:4094H         LINE#         93
  C:4094H         LINE#         94
  -------         ENDPROC       VONESTEPMOVE_2NDMOTOR
  -------         PROC          _STEP_MOVE
  X:05FCH         SYMBOL        step
  B:0021H.2       SYMBOL        dir
  -------         DO            
  X:05FEH         SYMBOL        i
  -------         ENDDO         
  C:41ACH         LINE#         97
  C:41B4H         LINE#         98
  C:41B4H         LINE#         99
  C:41B9H         LINE#         102
  C:41D4H         LINE#         103
  C:41D4H         LINE#         104
  C:41DBH         LINE#         106
  C:41EBH         LINE#         107
  -------         ENDPROC       _STEP_MOVE
  -------         PROC          _STEP_MOVE_2NDMOTOR
  X:05F8H         SYMBOL        step
  B:0021H.2       SYMBOL        dir
  -------         DO            
  X:05FAH         SYMBOL        i
  -------         ENDDO         
  C:41ECH         LINE#         110
  C:41F4H         LINE#         111
  C:41F4H         LINE#         112
  C:41F9H         LINE#         115
  C:4214H         LINE#         116
  C:4214H         LINE#         117
  C:421BH         LINE#         119
BL51 BANKED LINKER/LOCATER V6.22                                                      04/02/2019  16:58:41  PAGE 34


  C:422BH         LINE#         120
  -------         ENDPROC       _STEP_MOVE_2NDMOTOR
  -------         PROC          _MOVE_2NDMOTOR
  D:0004H         SYMBOL        angle_distance
  B:0021H.1       SYMBOL        direction
  X:05F0H         SYMBOL        current_angle
  -------         DO            
  X:05F4H         SYMBOL        step
  X:05F6H         SYMBOL        i
  -------         ENDDO         
  C:3D20H         LINE#         161
  C:3D20H         LINE#         162
  C:3D20H         LINE#         168
  C:3D36H         LINE#         170
  C:3D50H         LINE#         171
  C:3D50H         LINE#         172
  C:3D57H         LINE#         173
  C:3D6EH         LINE#         174
  C:3D72H         LINE#         176
  C:3D7DH         LINE#         177
  C:3D90H         LINE#         178
  C:3D90H         LINE#         179
  C:3D95H         LINE#         180
  C:3D9AH         LINE#         181
  C:3D9CH         LINE#         182
  C:3DA2H         LINE#         183
  C:3DA2H         LINE#         184
  C:3DB3H         LINE#         185
  -------         ENDPROC       _MOVE_2NDMOTOR
  -------         PROC          _MOVE
  X:05ECH         SYMBOL        distance
  B:0021H.1       SYMBOL        direction
  X:05F0H         SYMBOL        current_position
  -------         DO            
  X:05F4H         SYMBOL        step
  X:05F8H         SYMBOL        i
  -------         ENDDO         
  C:3977H         LINE#         187
  C:397DH         LINE#         188
  C:397DH         LINE#         192
  C:399FH         LINE#         194
  C:39CCH         LINE#         195
  C:39CCH         LINE#         196
  C:39DDH         LINE#         197
  C:39F4H         LINE#         198
  C:39F8H         LINE#         200
  C:3A03H         LINE#         201
  C:3A2DH         LINE#         202
  C:3A2DH         LINE#         203
  C:3A32H         LINE#         204
  C:3A37H         LINE#         205
  C:3A39H         LINE#         206
  C:3A3FH         LINE#         207
  C:3A3FH         LINE#         208
  C:3A61H         LINE#         209
  -------         ENDPROC       _MOVE
  C:309DH         SYMBOL        L?0133
BL51 BANKED LINKER/LOCATER V6.22                                                      04/02/2019  16:58:41  PAGE 35


  C:30B1H         SYMBOL        L?0134
  -------         PROC          L?0132
  -------         ENDPROC       L?0132
  C:309DH         SYMBOL        L?0133
  C:30B1H         SYMBOL        L?0134
  -------         PROC          _FINDDET3X3
  X:0788H         SYMBOL        a11
  X:078CH         SYMBOL        a12
  X:0790H         SYMBOL        a13
  X:0794H         SYMBOL        a21
  X:0798H         SYMBOL        a22
  X:079CH         SYMBOL        a23
  X:07A0H         SYMBOL        a31
  X:07A4H         SYMBOL        a32
  X:07A8H         SYMBOL        a33
  C:30BCH         LINE#         212
  C:30C2H         LINE#         216
  C:30C2H         LINE#         217
  C:3259H         LINE#         219
[...]
  C:0A8FH         LINE#         380
BL51 BANKED LINKER/LOCATER V6.22                                                      04/02/2019  16:58:41  PAGE 38


  C:0AF7H         LINE#         381
  C:0AF7H         LINE#         382
  C:0AFEH         LINE#         383
  C:0AFEH         LINE#         384
  C:0B24H         LINE#         385
  C:0B4AH         LINE#         387
  C:0B91H         LINE#         388
  C:0B9BH         LINE#         390
  C:0BCAH         LINE#         391
  C:0BEDH         LINE#         393
  C:0BEDH         LINE#         394
  C:0C5BH         LINE#         395
  C:0C5BH         LINE#         396
  C:0C62H         LINE#         397
  C:0C62H         LINE#         398
  C:0C88H         LINE#         399
  C:0CAEH         LINE#         401
  C:0CF5H         LINE#         402
  C:0CFFH         LINE#         404
  C:0D2EH         LINE#         405
  C:0D4EH         LINE#         407
  C:0D4EH         LINE#         409
  C:0D5FH         LINE#         412
  C:0D79H         LINE#         413
  C:0D79H         LINE#         414
  C:0DE9H         LINE#         415
  C:0DE9H         LINE#         416
  C:0E16H         LINE#         417
  C:0E31H         LINE#         419
  C:0E5EH         LINE#         420
  C:0E79H         LINE#         422
  C:0EABH         LINE#         425
  C:0EABH         LINE#         427
  C:0EBCH         LINE#         429
  C:0EDEH         LINE#         430
  C:0F39H         LINE#         431
  C:0F39H         LINE#         432
  C:0F53H         LINE#         433
  C:0F79H         LINE#         434
  C:0F91H         LINE#         435
  C:0FCBH         LINE#         436
  C:0FD3H         LINE#         437
  C:0FEFH         LINE#         438
  C:0FEFH         LINE#         440
  C:0FEFH         LINE#         443
  -------         ENDPROC       _UPDATE_POSITION
  -------         PROC          L?0138
  -------         ENDPROC       L?0138
  -------         PROC          _DISPLAY_POS
  X:05FCH         SYMBOL        sign_dat
  -------         DO            
  X:0600H         SYMBOL        unit
  X:0601H         SYMBOL        ten
  X:0602H         SYMBOL        hundred
  X:0603H         SYMBOL        thousand
  X:0604H         SYMBOL        after_dot
  X:0605H         SYMBOL        dat
BL51 BANKED LINKER/LOCATER V6.22                                                      04/02/2019  16:58:41  PAGE 39


  -------         ENDDO         
  C:2EBBH         LINE#         445
  C:2EC1H         LINE#         446
  C:2EC1H         LINE#         450
  C:2EDDH         LINE#         451
  C:2EF7H         LINE#         452
  C:2F1BH         LINE#         454
  C:2F65H         LINE#         456
  C:2F7CH         LINE#         457
  C:2F8EH         LINE#         458
  C:2FB3H         LINE#         459
  C:2FCDH         LINE#         460
  C:2FE5H         LINE#         461
  C:2FE5H         LINE#         462
  C:2FEFH         LINE#         463
  C:2FF9H         LINE#         464
  C:3003H         LINE#         465
  C:300DH         LINE#         466
  C:3012H         LINE#         467
  C:301CH         LINE#         468
  C:301FH         LINE#         469
  C:301FH         LINE#         470
  C:3024H         LINE#         471
  C:3026H         LINE#         472
  C:3026H         LINE#         475
  C:3028H         LINE#         477
  C:3028H         LINE#         478
  C:302DH         LINE#         479
  C:302FH         LINE#         480
  C:302FH         LINE#         481
  C:302FH         LINE#         482
  C:3031H         LINE#         484
  C:3031H         LINE#         486
  C:3036H         LINE#         487
  C:3040H         LINE#         488
  C:304AH         LINE#         489
  C:3054H         LINE#         490
  C:305EH         LINE#         491
  C:3063H         LINE#         492
  C:306DH         LINE#         493
  C:3070H         LINE#         494
  C:3070H         LINE#         495
  C:3075H         LINE#         496
  C:3077H         LINE#         497
  C:3077H         LINE#         500
  C:3079H         LINE#         502
  C:3079H         LINE#         503
  C:307EH         LINE#         504
  C:3083H         LINE#         505
  C:3088H         LINE#         506
  C:3088H         LINE#         510
  C:3088H         LINE#         512
  -------         ENDPROC       _DISPLAY_POS
  -------         ENDMOD        BIPOLARMOTOR

  -------         MODULE        SUNPOS
  C:0000H         SYMBOL        _ICE_DUMMY_
BL51 BANKED LINKER/LOCATER V6.22                                                      04/02/2019  16:58:41  PAGE 40


  C:18C3H         PUBLIC        sunpos
  -------         PROC          SUNPOS
  X:05ECH         SYMBOL        udtTime
  X:05FEH         SYMBOL        udtLocation
  X:0606H         SYMBOL        udtSunCoordinates
  -------         DO            
  X:0609H         SYMBOL        dElapsedJulianDays
  X:060DH         SYMBOL        dDecimalHours
  X:0611H         SYMBOL        dEclipticLongitude
  X:0615H         SYMBOL        dEclipticObliquity
  X:0619H         SYMBOL        dRightAscension
  X:061DH         SYMBOL        dDeclination
  X:0621H         SYMBOL        dY
  X:0625H         SYMBOL        dX
  -------         DO            
  X:0629H         SYMBOL        dJulianDate
  X:062DH         SYMBOL        liAux1
  X:0631H         SYMBOL        liAux2
  X:0629H         SYMBOL        dMeanLongitude
  X:062DH         SYMBOL        dMeanAnomaly
  X:0631H         SYMBOL        dOmega
  X:0629H         SYMBOL        dSin_EclipticLongitude
  X:0629H         SYMBOL        dGreenwichMeanSiderealTime
  X:062DH         SYMBOL        dLocalMeanSiderealTime
  X:0631H         SYMBOL        dLatitudeInRadians
  X:0635H         SYMBOL        dHourAngle
  X:0639H         SYMBOL        dCos_Latitude
  X:063DH         SYMBOL        dSin_Latitude
  X:0641H         SYMBOL        dCos_HourAngle
  X:0645H         SYMBOL        dParallax
  -------         ENDDO         
  -------         DO            
  X:0629H         SYMBOL        dMeanLongitude
  X:062DH         SYMBOL        dMeanAnomaly
  X:0631H         SYMBOL        dOmega
  X:0629H         SYMBOL        dSin_EclipticLongitude
  X:0629H         SYMBOL        dGreenwichMeanSiderealTime
  X:062DH         SYMBOL        dLocalMeanSiderealTime
  X:0631H         SYMBOL        dLatitudeInRadians
  X:0635H         SYMBOL        dHourAngle
  X:0639H         SYMBOL        dCos_Latitude
  X:063DH         SYMBOL        dSin_Latitude
  X:0641H         SYMBOL        dCos_HourAngle
  X:0645H         SYMBOL        dParallax
  -------         ENDDO         
  -------         DO            
  X:0629H         SYMBOL        dSin_EclipticLongitude
  X:0629H         SYMBOL        dGreenwichMeanSiderealTime
  X:062DH         SYMBOL        dLocalMeanSiderealTime
  X:0631H         SYMBOL        dLatitudeInRadians
  X:0635H         SYMBOL        dHourAngle
  X:0639H         SYMBOL        dCos_Latitude
  X:063DH         SYMBOL        dSin_Latitude
  X:0641H         SYMBOL        dCos_HourAngle
  X:0645H         SYMBOL        dParallax
  -------         ENDDO         
  -------         DO            
BL51 BANKED LINKER/LOCATER V6.22                                                      04/02/2019  16:58:41  PAGE 41


  X:0629H         SYMBOL        dGreenwichMeanSiderealTime
  X:062DH         SYMBOL        dLocalMeanSiderealTime
  X:0631H         SYMBOL        dLatitudeInRadians
  X:0635H         SYMBOL        dHourAngle
  X:0639H         SYMBOL        dCos_Latitude
  X:063DH         SYMBOL        dSin_Latitude
  X:0641H         SYMBOL        dCos_HourAngle
  X:0645H         SYMBOL        dParallax
  -------         ENDDO         
  -------         ENDDO         
  C:18C3H         LINE#         6
  C:18C3H         LINE#         7
  C:18C3H         LINE#         9
  C:18C3H         LINE#         27
  C:190DH         LINE#         30
  C:192EH         LINE#         31
  C:1A75H         LINE#         34
  C:1AC1H         LINE#         36
  C:1AE0H         LINE#         37
  C:1AE0H         LINE#         42
  C:1AE0H         LINE#         46
  C:1B12H         LINE#         47
  C:1B3CH         LINE#         48
  C:1B66H         LINE#         49
  C:1C13H         LINE#         52
  C:1C74H         LINE#         54
  C:1C74H         LINE#         59
  C:1C74H         LINE#         61
  C:1C8BH         LINE#         62
  C:1CB3H         LINE#         63
  C:1CCAH         LINE#         64
  C:1CF5H         LINE#         65
  C:1D2CH         LINE#         66
  C:1D57H         LINE#         67
  C:1D57H         LINE#         70
  C:1D57H         LINE#         79
  C:1D92H         LINE#         82
  C:1DCCH         LINE#         84
  C:1DF1H         LINE#         85
  C:1E10H         LINE#         86
  C:1E27H         LINE#         87
  C:1E3EH         LINE#         88
  C:1E55H         LINE#         89
  C:1EDEH         LINE#         91
  C:1EF8H         LINE#         92
  C:1F5AH         LINE#         93
  C:1F90H         LINE#         94
  C:1FA2H         LINE#         95
  C:1FCFH         LINE#         96
  C:1FFCH         LINE#         98
  C:201EH         LINE#         100
  C:2056H         LINE#         103
  C:2056H         LINE#         104
  C:2064H         LINE#         105
  -------         ENDPROC       SUNPOS
  -------         ENDMOD        SUNPOS

BL51 BANKED LINKER/LOCATER V6.22                                                      04/02/2019  16:58:41  PAGE 42


  -------         MODULE        ?C_STARTUP
  C:3DB4H         SEGMENT       ?C_C51STARTUP
  I:0022H         SEGMENT       ?STACK
  C:0000H         PUBLIC        ?C_STARTUP
  D:00E0H         SYMBOL        ACC
  D:00F0H         SYMBOL        B
  D:0083H         SYMBOL        DPH
  D:0082H         SYMBOL        DPL
  N:0000H         SYMBOL        IBPSTACK
  N:0100H         SYMBOL        IBPSTACKTOP
  N:0080H         SYMBOL        IDATALEN
  C:3DB7H         SYMBOL        IDATALOOP
  N:0000H         SYMBOL        PBPSTACK
  N:0100H         SYMBOL        PBPSTACKTOP
  N:0000H         SYMBOL        PDATALEN
  N:0000H         SYMBOL        PDATASTART
  N:0000H         SYMBOL        PPAGE
  N:0000H         SYMBOL        PPAGEENABLE
  D:00A0H         SYMBOL        PPAGE_SFR
  D:0081H         SYMBOL        SP
  C:3DB4H         SYMBOL        STARTUP1
  N:0000H         SYMBOL        XBPSTACK
  N:0000H         SYMBOL        XBPSTACKTOP
  N:0000H         SYMBOL        XDATALEN
  N:0000H         SYMBOL        XDATASTART
  C:0000H         LINE#         126
  C:3DB4H         LINE#         133
  C:3DB6H         LINE#         134
  C:3DB7H         LINE#         135
  C:3DB8H         LINE#         136
  C:3DBAH         LINE#         185
  C:3DBDH         LINE#         196
  -------         ENDMOD        ?C_STARTUP

  -------         MODULE        ?C?FPADD
  C:0FF7H         PUBLIC        ?C?FPADD
  C:0FF3H         PUBLIC        ?C?FPSUB
  -------         ENDMOD        ?C?FPADD

  -------         MODULE        ?C?FPMUL
  C:10E8H         PUBLIC        ?C?FPMUL
  -------         ENDMOD        ?C?FPMUL

  -------         MODULE        ?C?FPDIV
  C:11F1H         PUBLIC        ?C?FPDIV
  -------         ENDMOD        ?C?FPDIV

  -------         MODULE        ?C?FPCMP
  C:1290H         PUBLIC        ?C?FPCMP
  C:128EH         PUBLIC        ?C?FPCMP3
  -------         ENDMOD        ?C?FPCMP

  -------         MODULE        ?C?FPNEG
  C:1307H         PUBLIC        ?C?FPNEG
  -------         ENDMOD        ?C?FPNEG

  -------         MODULE        ?C?FCAST
BL51 BANKED LINKER/LOCATER V6.22                                                      04/02/2019  16:58:41  PAGE 43


  C:1322H         PUBLIC        ?C?FCASTC
  C:131DH         PUBLIC        ?C?FCASTI
  C:1318H         PUBLIC        ?C?FCASTL
  -------         ENDMOD        ?C?FCAST

  -------         MODULE        ?C?CASTF
  C:1356H         PUBLIC        ?C?CASTF
  -------         ENDMOD        ?C?CASTF

  -------         MODULE        ATAN2
  X:0649H         PUBLIC        ?_atan2?BYTE
  C:3BE9H         PUBLIC        _atan2
  -------         ENDMOD        ATAN2

  -------         MODULE        SIN
  C:35D0H         PUBLIC        _COS
  C:35E6H         PUBLIC        _SIN
  C:3622H         PUBLIC        _TAN
  -------         ENDMOD        SIN

  -------         MODULE        ACOS
  C:4095H         PUBLIC        _ACOS
  -------         ENDMOD        ACOS

  -------         MODULE        ASIN
  C:422CH         PUBLIC        _ASIN
  -------         ENDMOD        ASIN

  -------         MODULE        SQRT
  C:3B41H         PUBLIC        _SQRT
  -------         ENDMOD        SQRT

  -------         MODULE        ATAN
  C:3875H         PUBLIC        _ATAN
  -------         ENDMOD        ATAN

  -------         MODULE        ?C?COPY
  C:14F4H         PUBLIC        ?C?COPY
  -------         ENDMOD        ?C?COPY

  -------         MODULE        ?C?CLDPTR
  C:151AH         PUBLIC        ?C?CLDPTR
  -------         ENDMOD        ?C?CLDPTR

  -------         MODULE        ?C?CSTPTR
  C:1533H         PUBLIC        ?C?CSTPTR
  -------         ENDMOD        ?C?CSTPTR

  -------         MODULE        ?C?IMUL
  C:1545H         PUBLIC        ?C?IMUL
  -------         ENDMOD        ?C?IMUL

  -------         MODULE        ?C?UIDIV
  C:1557H         PUBLIC        ?C?UIDIV
  -------         ENDMOD        ?C?UIDIV

  -------         MODULE        ?C?SIDIV
BL51 BANKED LINKER/LOCATER V6.22                                                      04/02/2019  16:58:41  PAGE 44


  C:15ACH         PUBLIC        ?C?SIDIV
  -------         ENDMOD        ?C?SIDIV

  -------         MODULE        ?C?ILDIX
  C:15E2H         PUBLIC        ?C?ILDIX
  -------         ENDMOD        ?C?ILDIX

  -------         MODULE        ?C?LMUL
  C:15F8H         PUBLIC        ?C?LMUL
  -------         ENDMOD        ?C?LMUL

  -------         MODULE        ?C?ULDIV
  C:1683H         PUBLIC        ?C?ULDIV
  -------         ENDMOD        ?C?ULDIV

  -------         MODULE        ?C?SLDIV
  C:4128H         PUBLIC        ?C?SLDIV
  -------         ENDMOD        ?C?SLDIV

  -------         MODULE        ?C?LNEG
  C:1715H         PUBLIC        ?C?LNEG
  -------         ENDMOD        ?C?LNEG

  -------         MODULE        ?C?ULCMP
  C:1723H         PUBLIC        ?C?ULCMP
  -------         ENDMOD        ?C?ULCMP

  -------         MODULE        ?C?LLDPTR
  C:1734H         PUBLIC        ?C?LLDPTR
  -------         ENDMOD        ?C?LLDPTR

  -------         MODULE        ?C?LLDOPTR
  C:1754H         PUBLIC        ?C?LLDOPTR
  -------         ENDMOD        ?C?LLDOPTR

  -------         MODULE        ?C?LSTPTR
  C:1784H         PUBLIC        ?C?LSTPTR
  -------         ENDMOD        ?C?LSTPTR

  -------         MODULE        ?C?LSTOPTR
  C:179EH         PUBLIC        ?C?LSTOPTR
  -------         ENDMOD        ?C?LSTOPTR

  -------         MODULE        ?C?LLDXDATA
  C:17C2H         PUBLIC        ?C?LLDXDATA
  -------         ENDMOD        ?C?LLDXDATA

  -------         MODULE        ?C?LLDCODE
  C:17CEH         PUBLIC        ?C?LLDCODE
  -------         ENDMOD        ?C?LLDCODE

  -------         MODULE        ?C?LLDXDATA0
  C:17DEH         PUBLIC        ?C?LLDXDATA0
  -------         ENDMOD        ?C?LLDXDATA0

  -------         MODULE        ?C?LLDCODE0
  C:17EAH         PUBLIC        ?C?LLDCODE0
BL51 BANKED LINKER/LOCATER V6.22                                                      04/02/2019  16:58:41  PAGE 45


  -------         ENDMOD        ?C?LLDCODE0

  -------         MODULE        ?C?LLDPTR0
  C:17FAH         PUBLIC        ?C?LLDPTR0
  -------         ENDMOD        ?C?LLDPTR0

  -------         MODULE        ?C?LSTXDATA
  C:181AH         PUBLIC        ?C?LSTXDATA
  -------         ENDMOD        ?C?LSTXDATA

  -------         MODULE        ?C?LSTKXDATA
  C:1826H         PUBLIC        ?C?LSTKXDATA
  -------         ENDMOD        ?C?LSTKXDATA

  -------         MODULE        ?C?OFFXADD
  C:1857H         PUBLIC        ?C?OFFXADD
  -------         ENDMOD        ?C?OFFXADD

  -------         MODULE        ABS
  C:453AH         PUBLIC        _ABS
  -------         ENDMOD        ABS

  -------         MODULE        ATOI
  C:3A62H         PUBLIC        _atoi
  -------         ENDMOD        ATOI

  -------         MODULE        ?C?IILDX
  C:1863H         PUBLIC        ?C?IILDX
  -------         ENDMOD        ?C?IILDX

  -------         MODULE        ?C?LLDIDATA
  C:1879H         PUBLIC        ?C?LLDIDATA
  -------         ENDMOD        ?C?LLDIDATA

  -------         MODULE        ?C?LLDPDATA
  C:1885H         PUBLIC        ?C?LLDPDATA
  -------         ENDMOD        ?C?LLDPDATA

  -------         MODULE        ?C?LLDIDATA0
  C:1891H         PUBLIC        ?C?LLDIDATA0
  -------         ENDMOD        ?C?LLDIDATA0

  -------         MODULE        ?C?LLDPDATA0
  C:189EH         PUBLIC        ?C?LLDPDATA0
  -------         ENDMOD        ?C?LLDPDATA0

  -------         MODULE        ?C?LSTIDATA
  C:18ABH         PUBLIC        ?C?LSTIDATA
  -------         ENDMOD        ?C?LSTIDATA

  -------         MODULE        ?C?LSTPDATA
  C:18B7H         PUBLIC        ?C?LSTPDATA
  -------         ENDMOD        ?C?LSTPDATA

  -------         MODULE        ISDIGIT
  C:4512H         PUBLIC        _isdigit
  -------         ENDMOD        ISDIGIT
BL51 BANKED LINKER/LOCATER V6.22                                                      04/02/2019  16:58:41  PAGE 46



  -------         MODULE        ISSPACE
  C:44A9H         PUBLIC        _isspace
  -------         ENDMOD        ISSPACE

*** WARNING L16: UNCALLED SEGMENT, IGNORED FOR OVERLAY PROCESS
    SEGMENT: ?PR?_CALIB_INTERPOLATE?MAIN

*** WARNING L16: UNCALLED SEGMENT, IGNORED FOR OVERLAY PROCESS
    SEGMENT: ?PR?INITUART1?UART1

*** WARNING L16: UNCALLED SEGMENT, IGNORED FOR OVERLAY PROCESS
    SEGMENT: ?PR?_SENDSTRING?UART1

*** WARNING L16: UNCALLED SEGMENT, IGNORED FOR OVERLAY PROCESS
    SEGMENT: ?PR?_TEN?UART1

*** WARNING L16: UNCALLED SEGMENT, IGNORED FOR OVERLAY PROCESS
    SEGMENT: ?PR?_UNIT?UART1

*** WARNING L16: UNCALLED SEGMENT, IGNORED FOR OVERLAY PROCESS
    SEGMENT: ?PR?_DECTOBCD?UART1

*** WARNING L16: UNCALLED SEGMENT, IGNORED FOR OVERLAY PROCESS
    SEGMENT: ?PR?_ASCII_LETTER?UART1

*** WARNING L16: UNCALLED SEGMENT, IGNORED FOR OVERLAY PROCESS
    SEGMENT: ?PR?_ASCIITOBCD?UART1

*** WARNING L16: UNCALLED SEGMENT, IGNORED FOR OVERLAY PROCESS
    SEGMENT: ?PR?NOP?VCNL4035

*** WARNING L16: UNCALLED SEGMENT, IGNORED FOR OVERLAY PROCESS
    SEGMENT: ?PR?_READ_VCNL4035?VCNL4035

*** WARNING L16: UNCALLED SEGMENT, IGNORED FOR OVERLAY PROCESS
    SEGMENT: ?PR?_DISPLAYLCD_VCNL4035?VCNL4035

*** WARNING L16: UNCALLED SEGMENT, IGNORED FOR OVERLAY PROCESS
    SEGMENT: ?PR?_FINDDET4X4?BIPOLARMOTOR

*** WARNING L1: UNRESOLVED EXTERNAL SYMBOL
    SYMBOL:  _WRITE_PI4IOE5V96248
    MODULE:  .\Obj\BipolarMotor.obj (BIPOLARMOTOR)

*** WARNING L2: REFERENCE MADE TO UNRESOLVED EXTERNAL
    SYMBOL:  _WRITE_PI4IOE5V96248
    MODULE:  .\Obj\BipolarMotor.obj (BIPOLARMOTOR)
    ADDRESS: 4011H

*** WARNING L2: REFERENCE MADE TO UNRESOLVED EXTERNAL
    SYMBOL:  _WRITE_PI4IOE5V96248
    MODULE:  .\Obj\BipolarMotor.obj (BIPOLARMOTOR)
    ADDRESS: 402BH

*** WARNING L2: REFERENCE MADE TO UNRESOLVED EXTERNAL
    SYMBOL:  _WRITE_PI4IOE5V96248
BL51 BANKED LINKER/LOCATER V6.22                                                      04/02/2019  16:58:41  PAGE 47


    MODULE:  .\Obj\BipolarMotor.obj (BIPOLARMOTOR)
    ADDRESS: 4041H

*** WARNING L2: REFERENCE MADE TO UNRESOLVED EXTERNAL
    SYMBOL:  _WRITE_PI4IOE5V96248
    MODULE:  .\Obj\BipolarMotor.obj (BIPOLARMOTOR)
    ADDRESS: 405BH

*** WARNING L2: REFERENCE MADE TO UNRESOLVED EXTERNAL
    SYMBOL:  _WRITE_PI4IOE5V96248
    MODULE:  .\Obj\BipolarMotor.obj (BIPOLARMOTOR)
    ADDRESS: 4075H

*** WARNING L2: REFERENCE MADE TO UNRESOLVED EXTERNAL
    SYMBOL:  _WRITE_PI4IOE5V96248
    MODULE:  .\Obj\BipolarMotor.obj (BIPOLARMOTOR)
    ADDRESS: 408BH

Program Size: data=10.5 xdata=2015 code=17786
LINK/LOCATE RUN COMPLETE.  19 WARNING(S),  0 ERROR(S)
