BL51 BANKED LINKER/LOCATER V6.22                                                        04/30/2019  14:05:04  PAGE 1


BL51 BANKED LINKER/LOCATER V6.22, INVOKED BY:
C:\KEIL_V5\C51\BIN\BL51.EXE .\Obj\main.obj, .\Obj\PCF85063BTL.obj, .\Obj\UART1.obj, .\Obj\LCd_Driver_SPLC780D.obj, .\Obj
>> \KeyPad.obj, .\Obj\BipolarMotor.obj, .\Obj\SunPos.obj, .\Obj\ADC.obj, .\Obj\Calibration.obj, .\Obj\IOExpander_PI4IOE5
>> V96248.obj, .\Obj\AT25SF041.obj, .\Obj\SI1120.obj, .\Obj\STARTUP.obj TO .\Obj\GPIO_RTC_Test PRINT (.\Lis\GPIO_RTC_Tes
>> t.m51) RAMSIZE (256)


MEMORY MODEL: LARGE WITH FLOATING POINT ARITHMETIC


INPUT MODULES INCLUDED:
  .\Obj\main.obj (MAIN)
  .\Obj\PCF85063BTL.obj (PCF85063BTL)
  .\Obj\UART1.obj (UART1)
  .\Obj\LCd_Driver_SPLC780D.obj (LCD_DRIVER_SPLC780D)
  .\Obj\KeyPad.obj (KEYPAD)
  .\Obj\BipolarMotor.obj (BIPOLARMOTOR)
  .\Obj\SunPos.obj (SUNPOS)
  .\Obj\ADC.obj (ADC)
  .\Obj\Calibration.obj (CALIBRATION)
  .\Obj\IOExpander_PI4IOE5V96248.obj (IOEXPANDER_PI4IOE5V96248)
  .\Obj\AT25SF041.obj (AT25SF041)
  .\Obj\SI1120.obj (SI1120)
  .\Obj\STARTUP.obj (?C_STARTUP)
  C:\KEIL_V5\C51\LIB\C51FPL.LIB (?C?FPADD)
  C:\KEIL_V5\C51\LIB\C51FPL.LIB (?C?FPMUL)
  C:\KEIL_V5\C51\LIB\C51FPL.LIB (?C?FPDIV)
  C:\KEIL_V5\C51\LIB\C51FPL.LIB (?C?FPCMP)
  C:\KEIL_V5\C51\LIB\C51FPL.LIB (?C?FPNEG)
  C:\KEIL_V5\C51\LIB\C51FPL.LIB (?C?FCAST)
  C:\KEIL_V5\C51\LIB\C51FPL.LIB (?C?CASTF)
  C:\KEIL_V5\C51\LIB\C51FPL.LIB (ATAN2)
  C:\KEIL_V5\C51\LIB\C51FPL.LIB (SIN)
  C:\KEIL_V5\C51\LIB\C51FPL.LIB (ACOS)
  C:\KEIL_V5\C51\LIB\C51FPL.LIB (ASIN)
  C:\KEIL_V5\C51\LIB\C51FPL.LIB (?C?FPGETOPN)
  C:\KEIL_V5\C51\LIB\C51FPL.LIB (?C?FPSERIES)
  C:\KEIL_V5\C51\LIB\C51FPL.LIB (SQRT)
  C:\KEIL_V5\C51\LIB\C51FPL.LIB (ATAN)
  C:\KEIL_V5\C51\LIB\C51L.LIB (?C_INIT)
  C:\KEIL_V5\C51\LIB\C51L.LIB (?C?COPY)
  C:\KEIL_V5\C51\LIB\C51L.LIB (?C?CLDPTR)
  C:\KEIL_V5\C51\LIB\C51L.LIB (?C?CLDOPTR)
  C:\KEIL_V5\C51\LIB\C51L.LIB (?C?CSTPTR)
  C:\KEIL_V5\C51\LIB\C51L.LIB (?C?IMUL)
  C:\KEIL_V5\C51\LIB\C51L.LIB (?C?UIDIV)
  C:\KEIL_V5\C51\LIB\C51L.LIB (?C?SIDIV)
  C:\KEIL_V5\C51\LIB\C51L.LIB (?C?ILDIX)
  C:\KEIL_V5\C51\LIB\C51L.LIB (?C?ILDOPTR)
  C:\KEIL_V5\C51\LIB\C51L.LIB (?C?ISTPTR)
  C:\KEIL_V5\C51\LIB\C51L.LIB (?C?LMUL)
  C:\KEIL_V5\C51\LIB\C51L.LIB (?C?SLDIV)
  C:\KEIL_V5\C51\LIB\C51L.LIB (?C?LNEG)
  C:\KEIL_V5\C51\LIB\C51L.LIB (?C?ULCMP)
  C:\KEIL_V5\C51\LIB\C51L.LIB (?C?LSHL)
  C:\KEIL_V5\C51\LIB\C51L.LIB (?C?LLDPTR)
  C:\KEIL_V5\C51\LIB\C51L.LIB (?C?LLDOPTR)
  C:\KEIL_V5\C51\LIB\C51L.LIB (?C?LSTPTR)
BL51 BANKED LINKER/LOCATER V6.22                                                      04/30/2019  14:05:04  PAGE 2


  C:\KEIL_V5\C51\LIB\C51L.LIB (?C?LSTOPTR)
  C:\KEIL_V5\C51\LIB\C51L.LIB (?C?LLDXDATA)
  C:\KEIL_V5\C51\LIB\C51L.LIB (?C?LLDCODE)
  C:\KEIL_V5\C51\LIB\C51L.LIB (?C?LLDXDATA0)
  C:\KEIL_V5\C51\LIB\C51L.LIB (?C?LLDCODE0)
  C:\KEIL_V5\C51\LIB\C51L.LIB (?C?LLDPTR0)
  C:\KEIL_V5\C51\LIB\C51L.LIB (?C?LSTXDATA)
  C:\KEIL_V5\C51\LIB\C51L.LIB (?C?LSTKXDATA)
  C:\KEIL_V5\C51\LIB\C51L.LIB (?C?LSTKPTR)
  C:\KEIL_V5\C51\LIB\C51L.LIB (?C?OFFXADD)
  C:\KEIL_V5\C51\LIB\C51L.LIB (ATOI)
  C:\KEIL_V5\C51\LIB\C51L.LIB (?C?IILDX)
  C:\KEIL_V5\C51\LIB\C51L.LIB (?C?ULDIV)
  C:\KEIL_V5\C51\LIB\C51L.LIB (?C?LLDIDATA)
  C:\KEIL_V5\C51\LIB\C51L.LIB (?C?LLDPDATA)
  C:\KEIL_V5\C51\LIB\C51L.LIB (?C?LLDIDATA0)
  C:\KEIL_V5\C51\LIB\C51L.LIB (?C?LLDPDATA0)
  C:\KEIL_V5\C51\LIB\C51L.LIB (?C?LSTIDATA)
  C:\KEIL_V5\C51\LIB\C51L.LIB (?C?LSTPDATA)
  C:\KEIL_V5\C51\LIB\C51L.LIB (?C?LSTKIDATA)
  C:\KEIL_V5\C51\LIB\C51L.LIB (?C?LSTKPDATA)
  C:\KEIL_V5\C51\LIB\C51L.LIB (ISDIGIT)
  C:\KEIL_V5\C51\LIB\C51L.LIB (ISSPACE)


LINK MAP OF MODULE:  .\Obj\GPIO_RTC_Test (MAIN)


            TYPE    BASE      LENGTH    RELOCATION   SEGMENT NAME
            -----------------------------------------------------

            * * * * * * *   D A T A   M E M O R Y   * * * * * * *
            REG     0000H     0008H     ABSOLUTE     "REG BANK 0"
                    0008H     0018H                  *** GAP ***
            BIT     0020H.0   0000H.5   UNIT         ?BI?KEYPAD
            BIT     0020H.5   0000H.3   UNIT         _BIT_GROUP_
            BIT     0021H.0   0000H.1   UNIT         ?BI?MAIN
            BIT     0021H.1   0000H.1   UNIT         ?BI?_ATOI?ATOI
                    0021H.2   0000H.6                *** GAP ***
            IDATA   0022H     0001H     UNIT         ?STACK

            * * * * * * *  X D A T A   M E M O R Y  * * * * * * *
            XDATA   0000H     03BCH     UNIT         ?XD?BIPOLARMOTOR
            XDATA   03BCH     0117H     UNIT         _XDATA_GROUP_
            XDATA   04D3H     0107H     UNIT         ?XD?MAIN
            XDATA   05DAH     0009H     UNIT         ?XD?KEYPAD
            XDATA   05E3H     0008H     UNIT         ?XD?_AT25SF041_READ?AT25SF041
            XDATA   05EBH     0005H     UNIT         ?XD?_ATOI?ATOI
            XDATA   05F0H     0003H     UNIT         ?XD?_SENDSTRING?UART1
            XDATA   05F3H     0001H     UNIT         ?XD?UC_ACK?IOEXPANDER_PI4IOE5V96248
            XDATA   05F4H     0001H     UNIT         ?XD?UC_NACK?IOEXPANDER_PI4IOE5V96248

            * * * * * * *   C O D E   M E M O R Y   * * * * * * *
            CODE    0000H     0003H     ABSOLUTE     
            CODE    0003H     0003H     ABSOLUTE     
            CODE    0006H     0005H     UNIT         ?PR?_UNIT?UART1
            CODE    000BH     0003H     ABSOLUTE     
BL51 BANKED LINKER/LOCATER V6.22                                                      04/30/2019  14:05:04  PAGE 3


            CODE    000EH     0BCEH     UNIT         ?PR?MAIN?MAIN
            CODE    0BDCH     09B6H     UNIT         ?C?LIB_CODE
            CODE    1592H     07A2H     UNIT         ?PR?SUNPOS?SUNPOS
            CODE    1D34H     0646H     UNIT         ?PR?_UPDATE_POSITION?BIPOLARMOTOR
            CODE    237AH     04FBH     UNIT         ?PR?_THEORICALJP_POSITION?BIPOLARMOTOR
            CODE    2875H     042EH     UNIT         ?PR?_FIND_REAL_MAX?CALIBRATION
            CODE    2CA3H     0409H     UNIT         ?C_INITSEG
            CODE    30ACH     0380H     UNIT         ?PR?_ELEVATION_CALCULATION?BIPOLARMOTOR
            CODE    342CH     02C5H     UNIT         ?PR?KEY_PROCESS?KEYPAD
            CODE    36F1H     01B3H     UNIT         ?PR?_CALIBRATION?CALIBRATION
            CODE    38A4H     018DH     UNIT         ?PR?KEY_SCAN?KEYPAD
            CODE    3A31H     0189H     UNIT         ?PR?SPI_NOR_WRITE_DATA?AT25SF041
            CODE    3BBAH     0188H     UNIT         ?PR?SIN?SIN
            CODE    3D42H     0162H     UNIT         ?PR?_DISPLAY_POS?LCD_DRIVER_SPLC780D
            CODE    3EA4H     0122H     UNIT         ?PR?ATAN?ATAN
            CODE    3FC6H     0110H     UNIT         ?PR?_AT25SF041_READ?AT25SF041
            CODE    40D6H     0102H     UNIT         ?PR?_AT25SF041_WRITE?AT25SF041
            CODE    41D8H     00DBH     UNIT         ?PR?_ATOI?ATOI
            CODE    42B3H     00C3H     UNIT         ?PR?LINEAR_INTERPOLATE?BIPOLARMOTOR
            CODE    4376H     00BBH     UNIT         ?PR?VOLTAGE_IS_STABLE?CALIBRATION
            CODE    4431H     00ADH     UNIT         ?PR?_WRITE_PI4IOE5V96248?IOEXPANDER_PI4IOE5V96248
            CODE    44DEH     00ACH     UNIT         ?PR?SQRT?SQRT
            CODE    458AH     00A1H     UNIT         ?PR?UCREAD_STATUS_REGISTER_BYTE1?AT25SF041
            CODE    462BH     009DH     UNIT         ?PR?_ATAN2?ATAN2
            CODE    46C8H     009CH     UNIT         ?PR?_MAX_VALUE?CALIBRATION
            CODE    4764H     008CH     UNIT         ?C_C51STARTUP
            CODE    47F0H     0088H     UNIT         ?PR?_DAY_OF_YEAR?PCF85063BTL
            CODE    4878H     0079H     UNIT         ?PR?_WRITEDATA?LCD_DRIVER_SPLC780D
            CODE    48F1H     0072H     UNIT         ?PR?AT25SF041_WRITEENABLE?AT25SF041
            CODE    4963H     006FH     UNIT         ?PR?_READ_TIME?PCF85063BTL
            CODE    49D2H     005AH     UNIT         ?PR?AT25SF041_CHIPERASE?AT25SF041
            CODE    4A2CH     0059H     UNIT         ?PR?LCD_INIT?LCD_DRIVER_SPLC780D
            CODE    4A85H     004AH     UNIT         ?PR?VONESTEPMOVE?BIPOLARMOTOR
            CODE    4ACFH     004AH     UNIT         ?PR?ACOS?ACOS
            CODE    4B19H     0044H     UNIT         ?C?LDIV
            CODE    4B5DH     0040H     UNIT         ?PR?_COMMAND?LCD_DRIVER_SPLC780D
            CODE    4B9DH     0040H     UNIT         ?PR?_STEP_MOVE?BIPOLARMOTOR
            CODE    4BDDH     003DH     UNIT         ?PR?EXINT0?MAIN
            CODE    4C1AH     003BH     UNIT         ?PR?ASIN?ASIN
            CODE    4C55H     0033H     UNIT         ?PR?_SENDSTRING?UART1
            CODE    4C88H     002CH     UNIT         ?PR?_ADC_GETRESULT?ADC
            CODE    4CB4H     002BH     UNIT         ?PR?_WAIT_MS_I2C?IOEXPANDER_PI4IOE5V96248
            CODE    4CDFH     002BH     UNIT         ?PR?_WAIT_MS_SPINOR?AT25SF041
            CODE    4D0AH     0028H     UNIT         ?PR?_MOVE?BIPOLARMOTOR
            CODE    4D32H     0027H     UNIT         ?PR?_I2C_SENDBYTE?IOEXPANDER_PI4IOE5V96248
            CODE    4D59H     0026H     UNIT         ?PR?TM0_ISR?MAIN
            CODE    4D7FH     0025H     UNIT         ?PR?_FINDCLOSESTSAMEDAYCALIBTIME?CALIBRATION
            CODE    4DA4H     0024H     UNIT         ?PR?_WAIT_MS?LCD_DRIVER_SPLC780D
            CODE    4DC8H     0020H     UNIT         ?PR?_SPI_SENDBYTE?PCF85063BTL
            CODE    4DE8H     0020H     UNIT         ?PR?SPI_RECEIVEBYTE?PCF85063BTL
            CODE    4E08H     001FH     UNIT         ?PR?ADC_INIT?ADC
            CODE    4E27H     001EH     UNIT         ?PR?_DELAY_MS?KEYPAD
            CODE    4E45H     001DH     UNIT         ?PR?_DISPLAYLCD?LCD_DRIVER_SPLC780D
            CODE    4E62H     001DH     UNIT         ?PR?SI1120_CONFIG_MODE_VIRH?SI1120
            CODE    4E7FH     001BH     UNIT         ?PR?_BCDTODEC1?BIPOLARMOTOR
            CODE    4E9AH     0018H     UNIT         ?PR?_SPI_WRITETIME?PCF85063BTL
            CODE    4EB2H     0017H     UNIT         ?PR?_ASCIITOBCD?UART1
BL51 BANKED LINKER/LOCATER V6.22                                                      04/30/2019  14:05:04  PAGE 4


            CODE    4EC9H     0016H     UNIT         ?PR?I2C_ACK?IOEXPANDER_PI4IOE5V96248
            CODE    4EDFH     0015H     UNIT         ?PR?_DISPLAY_LINE?LCD_DRIVER_SPLC780D
            CODE    4EF4H     0015H     UNIT         ?PR?VSETLOCATION?BIPOLARMOTOR
            CODE    4F09H     0015H     UNIT         ?PR?I2C_STOP?IOEXPANDER_PI4IOE5V96248
            CODE    4F1EH     0014H     UNIT         ?PR?_PCF85063BTL_DELAY?PCF85063BTL
            CODE    4F32H     0014H     UNIT         ?PR?_ABS?LCD_DRIVER_SPLC780D
            CODE    4F46H     0014H     UNIT         ?PR?_ISSPACE?ISSPACE
            CODE    4F5AH     0011H     UNIT         ?PR?_SPI_READTIME?PCF85063BTL
            CODE    4F6BH     0011H     UNIT         ?PR?_BCDTODEC?PCF85063BTL
            CODE    4F7CH     0011H     UNIT         ?PR?INITUART1?UART1
            CODE    4F8DH     000FH     UNIT         ?PR?I2C_START?IOEXPANDER_PI4IOE5V96248
            CODE    4F9CH     000FH     UNIT         ?PR?UC_NACK?IOEXPANDER_PI4IOE5V96248
            CODE    4FABH     000FH     UNIT         ?PR?_ISDIGIT?ISDIGIT
            CODE    4FBAH     000DH     UNIT         ?PR?SPI_INIT?PCF85063BTL
            CODE    4FC7H     000CH     UNIT         ?PR?KEYPAD_IO_INIT?KEYPAD
            CODE    4FD3H     000AH     UNIT         ?PR?LCD_RETURN_HOME?LCD_DRIVER_SPLC780D
            CODE    4FDDH     000AH     UNIT         ?PR?LCD_CLEAR?LCD_DRIVER_SPLC780D
            CODE    4FE7H     0007H     UNIT         ?PR?ENABLE_EXTINT0?SI1120
            CODE    4FEEH     0006H     UNIT         ?PR?_TEN?UART1
            CODE    4FF4H     0006H     UNIT         ?PR?UC_ACK?IOEXPANDER_PI4IOE5V96248
            CODE    4FFAH     0005H     UNIT         ?PR?_ASCII_LETTER?UART1
            CODE    4FFFH     0001H     UNIT         ?PR?_DECTOBCD?UART1
            CODE    5000H     0001H     UNIT         ?PR?WAIT?BIPOLARMOTOR
            CODE    5001H     0001H     UNIT         ?PR?NOP?IOEXPANDER_PI4IOE5V96248



OVERLAY MAP OF MODULE:   .\Obj\GPIO_RTC_Test (MAIN)


SEGMENT                                             BIT_GROUP          XDATA_GROUP
  +--> CALLED SEGMENT                            START    LENGTH     START    LENGTH
------------------------------------------------------------------------------------
?C_C51STARTUP                                    -----    -----      -----    -----
  +--> ?PR?MAIN?MAIN
  +--> ?C_INITSEG

?PR?MAIN?MAIN                                    -----    -----      03BCH    002CH
  +--> ?PR?LCD_INIT?LCD_DRIVER_SPLC780D
  +--> ?PR?SPI_INIT?PCF85063BTL
  +--> ?PR?KEYPAD_IO_INIT?KEYPAD
  +--> ?PR?ADC_INIT?ADC
  +--> ?PR?SI1120_CONFIG_MODE_VIRH?SI1120
  +--> ?PR?ENABLE_EXTINT0?SI1120
  +--> ?PR?VSETLOCATION?BIPOLARMOTOR
  +--> ?PR?_SPI_WRITETIME?PCF85063BTL
  +--> ?PR?_DELAY_MS?KEYPAD
  +--> ?PR?_DISPLAY_LINE?LCD_DRIVER_SPLC780D
  +--> ?PR?_WRITEDATA?LCD_DRIVER_SPLC780D
  +--> ?PR?KEY_PROCESS?KEYPAD
  +--> ?PR?_COMMAND?LCD_DRIVER_SPLC780D
  +--> ?PR?_DISPLAY_POS?LCD_DRIVER_SPLC780D
  +--> ?PR?_DISPLAYLCD?LCD_DRIVER_SPLC780D
  +--> ?PR?_STEP_MOVE?BIPOLARMOTOR
  +--> ?PR?LCD_RETURN_HOME?LCD_DRIVER_SPLC780D
  +--> ?PR?_READ_TIME?PCF85063BTL
  +--> ?PR?_ADC_GETRESULT?ADC
BL51 BANKED LINKER/LOCATER V6.22                                                      04/30/2019  14:05:04  PAGE 5


  +--> ?PR?_BCDTODEC1?BIPOLARMOTOR
  +--> ?PR?_ELEVATION_CALCULATION?BIPOLARMOTOR
  +--> ?PR?SIN?SIN
  +--> ?PR?_CALIBRATION?CALIBRATION
  +--> ?PR?AT25SF041_WRITEENABLE?AT25SF041
  +--> ?PR?_AT25SF041_WRITE?AT25SF041
  +--> ?PR?_WAIT_MS_SPINOR?AT25SF041
  +--> ?PR?_UPDATE_POSITION?BIPOLARMOTOR
  +--> ?PR?SPI_NOR_WRITE_DATA?AT25SF041
  +--> ?PR?LINEAR_INTERPOLATE?BIPOLARMOTOR
  +--> ?PR?_FINDCLOSESTSAMEDAYCALIBTIME?CALI...
  +--> ?PR?LCD_CLEAR?LCD_DRIVER_SPLC780D
  +--> ?PR?AT25SF041_CHIPERASE?AT25SF041

?PR?LCD_INIT?LCD_DRIVER_SPLC780D                 -----    -----      -----    -----
  +--> ?PR?_WAIT_MS?LCD_DRIVER_SPLC780D
  +--> ?PR?_COMMAND?LCD_DRIVER_SPLC780D

?PR?_COMMAND?LCD_DRIVER_SPLC780D                 -----    -----      -----    -----
  +--> ?PR?_WAIT_MS?LCD_DRIVER_SPLC780D

?PR?ADC_INIT?ADC                                 -----    -----      -----    -----
  +--> ?PR?_WAIT_MS?LCD_DRIVER_SPLC780D

?PR?SI1120_CONFIG_MODE_VIRH?SI1120               -----    -----      -----    -----
  +--> ?PR?_WAIT_MS?LCD_DRIVER_SPLC780D

?PR?_SPI_WRITETIME?PCF85063BTL                   -----    -----      -----    -----
  +--> ?PR?_SPI_SENDBYTE?PCF85063BTL

?PR?_SPI_SENDBYTE?PCF85063BTL                    -----    -----      -----    -----
  +--> ?PR?_PCF85063BTL_DELAY?PCF85063BTL

?PR?_DISPLAY_LINE?LCD_DRIVER_SPLC780D            -----    -----      -----    -----
  +--> ?PR?_COMMAND?LCD_DRIVER_SPLC780D

?PR?_WRITEDATA?LCD_DRIVER_SPLC780D               -----    -----      04D1H    0001H
  +--> ?PR?_WAIT_MS?LCD_DRIVER_SPLC780D

?PR?KEY_PROCESS?KEYPAD                           -----    -----      03E8H    0006H
  +--> ?PR?KEY_SCAN?KEYPAD
  +--> ?PR?_SPI_WRITETIME?PCF85063BTL
  +--> ?PR?LCD_CLEAR?LCD_DRIVER_SPLC780D
  +--> ?PR?_COMMAND?LCD_DRIVER_SPLC780D
  +--> ?PR?_WRITEDATA?LCD_DRIVER_SPLC780D

?PR?KEY_SCAN?KEYPAD                              -----    -----      03EEH    0003H

?PR?LCD_CLEAR?LCD_DRIVER_SPLC780D                -----    -----      -----    -----
  +--> ?PR?_COMMAND?LCD_DRIVER_SPLC780D

?PR?_DISPLAY_POS?LCD_DRIVER_SPLC780D             -----    -----      04C7H    000AH
  +--> ?PR?_ABS?LCD_DRIVER_SPLC780D
  +--> ?PR?_WRITEDATA?LCD_DRIVER_SPLC780D

?PR?_DISPLAYLCD?LCD_DRIVER_SPLC780D              -----    -----      03E8H    0001H
  +--> ?PR?_WRITEDATA?LCD_DRIVER_SPLC780D
BL51 BANKED LINKER/LOCATER V6.22                                                      04/30/2019  14:05:04  PAGE 6



?PR?_STEP_MOVE?BIPOLARMOTOR                      0020H.6  0000H.1    04CBH    0004H
  +--> ?PR?VONESTEPMOVE?BIPOLARMOTOR

?PR?VONESTEPMOVE?BIPOLARMOTOR                    0020H.7  0000H.1    -----    -----
  +--> ?PR?_WRITE_PI4IOE5V96248?IOEXPANDER_P...
  +--> ?PR?_DELAY_MS?KEYPAD

?PR?_WRITE_PI4IOE5V96248?IOEXPANDER_P...         -----    -----      04CFH    0003H
  +--> ?PR?I2C_START?IOEXPANDER_PI4IOE5V96248
  +--> ?PR?_WAIT_MS_I2C?IOEXPANDER_PI4IOE5V9...
  +--> ?PR?_I2C_SENDBYTE?IOEXPANDER_PI4IOE5V...
  +--> ?PR?I2C_ACK?IOEXPANDER_PI4IOE5V96248
  +--> ?PR?I2C_STOP?IOEXPANDER_PI4IOE5V96248

?PR?I2C_START?IOEXPANDER_PI4IOE5V96248           -----    -----      -----    -----
  +--> ?PR?_WAIT_MS_I2C?IOEXPANDER_PI4IOE5V9...

?PR?_I2C_SENDBYTE?IOEXPANDER_PI4IOE5V...         -----    -----      -----    -----
  +--> ?PR?_WAIT_MS_I2C?IOEXPANDER_PI4IOE5V9...

?PR?I2C_ACK?IOEXPANDER_PI4IOE5V96248             -----    -----      04D2H    0001H
  +--> ?PR?_WAIT_MS_I2C?IOEXPANDER_PI4IOE5V9...

?PR?I2C_STOP?IOEXPANDER_PI4IOE5V96248            -----    -----      -----    -----
  +--> ?PR?_WAIT_MS_I2C?IOEXPANDER_PI4IOE5V9...

?PR?LCD_RETURN_HOME?LCD_DRIVER_SPLC780D          -----    -----      -----    -----
  +--> ?PR?_COMMAND?LCD_DRIVER_SPLC780D

?PR?_READ_TIME?PCF85063BTL                       -----    -----      03E8H    000FH
  +--> ?PR?_SPI_READTIME?PCF85063BTL

?PR?_SPI_READTIME?PCF85063BTL                    -----    -----      -----    -----
  +--> ?PR?_SPI_SENDBYTE?PCF85063BTL
  +--> ?PR?SPI_RECEIVEBYTE?PCF85063BTL

?PR?SPI_RECEIVEBYTE?PCF85063BTL                  -----    -----      -----    -----
  +--> ?PR?_PCF85063BTL_DELAY?PCF85063BTL

?PR?_ELEVATION_CALCULATION?BIPOLARMOTOR          -----    -----      03E8H    0005H
  +--> ?PR?_BCDTODEC1?BIPOLARMOTOR
  +--> ?PR?SUNPOS?SUNPOS
  +--> ?PR?SIN?SIN
  +--> ?PR?ASIN?ASIN

?PR?SUNPOS?SUNPOS                                -----    -----      043AH    005DH
  +--> ?PR?SIN?SIN
  +--> ?PR?_ATAN2?ATAN2
  +--> ?PR?ASIN?ASIN
  +--> ?PR?ACOS?ACOS

?PR?SIN?SIN                                      0020H.5  0000H.1    0497H    0004H

?PR?_ATAN2?ATAN2                                 -----    -----      0497H    0008H
  +--> ?PR?ATAN?ATAN

BL51 BANKED LINKER/LOCATER V6.22                                                      04/30/2019  14:05:04  PAGE 7


?PR?ATAN?ATAN                                    0020H.5  0000H.2    049FH    0004H

?PR?ASIN?ASIN                                    -----    -----      -----    -----
  +--> ?PR?SQRT?SQRT
  +--> ?PR?ATAN?ATAN

?PR?SQRT?SQRT                                    -----    -----      0497H    0004H

?PR?ACOS?ACOS                                    -----    -----      -----    -----
  +--> ?PR?SQRT?SQRT
  +--> ?PR?ATAN?ATAN

?PR?_CALIBRATION?CALIBRATION                     -----    -----      03E8H    0024H
  +--> ?PR?VOLTAGE_IS_STABLE?CALIBRATION
  +--> ?PR?_UPDATE_POSITION?BIPOLARMOTOR
  +--> ?PR?_FIND_REAL_MAX?CALIBRATION

?PR?VOLTAGE_IS_STABLE?CALIBRATION                -----    -----      040CH    0018H
  +--> ?PR?_ADC_GETRESULT?ADC
  +--> ?PR?_ABS?LCD_DRIVER_SPLC780D

?PR?_UPDATE_POSITION?BIPOLARMOTOR                -----    -----      040CH    002EH
  +--> ?PR?_BCDTODEC1?BIPOLARMOTOR
  +--> ?PR?SUNPOS?SUNPOS
  +--> ?PR?SIN?SIN
  +--> ?PR?ASIN?ASIN
  +--> ?PR?_THEORICALJP_POSITION?BIPOLARMOTOR
  +--> ?PR?_ABS?LCD_DRIVER_SPLC780D
  +--> ?PR?_MOVE?BIPOLARMOTOR

?PR?_THEORICALJP_POSITION?BIPOLARMOTOR           -----    -----      043AH    005CH
  +--> ?PR?LINEAR_INTERPOLATE?BIPOLARMOTOR

?PR?LINEAR_INTERPOLATE?BIPOLARMOTOR              -----    -----      0496H    0014H

?PR?_MOVE?BIPOLARMOTOR                           0020H.5  0000H.1    04C7H    0004H
  +--> ?PR?_STEP_MOVE?BIPOLARMOTOR

?PR?_FIND_REAL_MAX?CALIBRATION                   -----    -----      040CH    00BBH
  +--> ?PR?_ADC_GETRESULT?ADC
  +--> ?PR?_WAIT_MS?LCD_DRIVER_SPLC780D
  +--> ?PR?AT25SF041_WRITEENABLE?AT25SF041
  +--> ?PR?_AT25SF041_WRITE?AT25SF041
  +--> ?PR?_WAIT_MS_SPINOR?AT25SF041
  +--> ?PR?_COMMAND?LCD_DRIVER_SPLC780D
  +--> ?PR?_WRITEDATA?LCD_DRIVER_SPLC780D
  +--> ?PR?_DISPLAY_POS?LCD_DRIVER_SPLC780D
  +--> ?PR?_MOVE?BIPOLARMOTOR
  +--> ?PR?_MAX_VALUE?CALIBRATION

?PR?AT25SF041_WRITEENABLE?AT25SF041              -----    -----      04C7H    0002H
  +--> ?PR?_WAIT_MS_SPINOR?AT25SF041
  +--> ?PR?UCREAD_STATUS_REGISTER_BYTE1?AT25...

?PR?UCREAD_STATUS_REGISTER_BYTE1?AT25...         -----    -----      04CFH    0003H
  +--> ?PR?_WAIT_MS_SPINOR?AT25SF041

BL51 BANKED LINKER/LOCATER V6.22                                                      04/30/2019  14:05:04  PAGE 8


?PR?_AT25SF041_WRITE?AT25SF041                   -----    -----      04C7H    0008H
  +--> ?PR?_WAIT_MS_SPINOR?AT25SF041
  +--> ?PR?UCREAD_STATUS_REGISTER_BYTE1?AT25...

?PR?_MAX_VALUE?CALIBRATION                       -----    -----      04C7H    0004H

?PR?SPI_NOR_WRITE_DATA?AT25SF041                 -----    -----      03E8H    000EH
  +--> ?PR?AT25SF041_WRITEENABLE?AT25SF041
  +--> ?PR?_AT25SF041_WRITE?AT25SF041
  +--> ?PR?_WAIT_MS_SPINOR?AT25SF041

?PR?AT25SF041_CHIPERASE?AT25SF041                -----    -----      03E8H    0002H
  +--> ?PR?_WAIT_MS_SPINOR?AT25SF041
  +--> ?PR?UCREAD_STATUS_REGISTER_BYTE1?AT25...



UNRESOLVED EXTERNAL SYMBOLS:
   AUTO_MODE
   SPI_NOR_CLEARENABLE
   _SENDUART1



SYMBOL TABLE OF MODULE:  .\Obj\GPIO_RTC_Test (MAIN)

  VALUE           TYPE          NAME
  ----------------------------------

  -------         MODULE        MAIN
  C:0000H         SYMBOL        _ICE_DUMMY_
  X:04DBH         PUBLIC        calib_value
  D:0080H         PUBLIC        P0
  D:00B2H         PUBLIC        P3M0
  D:0090H         PUBLIC        P1
  D:00B1H         PUBLIC        P3M1
  D:00A0H         PUBLIC        P2
  D:00B0H         PUBLIC        P3
  D:00C0H         PUBLIC        P4
  D:00C8H         PUBLIC        P5
  X:052FH         SYMBOL        PressedKey
  B:00A8H.7       PUBLIC        EA
  D:00E8H         PUBLIC        P6
  X:0533H         PUBLIC        calib_stamp
  D:00F8H         PUBLIC        P7
  X:0534H         PUBLIC        calib_bool
  X:055EH         PUBLIC        RX_Data_Uart_Cnt
  D:00A8H         PUBLIC        IE
  X:0560H         PUBLIC        calib_time
  D:00B8H         PUBLIC        IP
  B:00B0H.2       PUBLIC        INT0
  X:05B4H         PUBLIC        months
  D:00D8H         PUBLIC        CCON
  C:000EH         PUBLIC        main
  X:05B5H         PUBLIC        count
  X:05B7H         PUBLIC        days
  X:05B8H         PUBLIC        hours
BL51 BANKED LINKER/LOCATER V6.22                                                      04/30/2019  14:05:04  PAGE 9


  D:0098H         PUBLIC        SCON
  D:0089H         PUBLIC        TMOD
  D:0088H         PUBLIC        TCON
  B:00A0H.3       PUBLIC        P23
  X:05B9H         SYMBOL        KeyCount
  X:05BBH         PUBLIC        mins
  X:05BCH         PUBLIC        Rec_data_hour
  B:00C8H.5       PUBLIC        P55
  X:05BFH         PUBLIC        Rec_data_min
  D:008EH         PUBLIC        AUXR
  C:4D59H         PUBLIC        tm0_isr
  B:0021H.0       PUBLIC        busy
  B:00A8H.1       PUBLIC        ET0
  X:05C2H         PUBLIC        SPI_NOR_INTERNAL_FLASH_ADDR
  D:008CH         PUBLIC        TH0
  X:05C6H         PUBLIC        hour_count
  D:008AH         PUBLIC        TL0
  X:05C7H         PUBLIC        min_count
  B:0088H.4       PUBLIC        TR0
  C:4BDDH         PUBLIC        exint0
  X:05C8H         SYMBOL        KeyNum
  X:05C9H         SYMBOL        KeyNum_Old
  X:05CAH         PUBLIC        timer0_count
  X:05CCH         PUBLIC        current_position
  X:05D0H         PUBLIC        hours1
  X:05D1H         PUBLIC        hours2
  X:05D2H         PUBLIC        pwm_time
  X:05D4H         PUBLIC        mins1
  X:05D5H         PUBLIC        mins2
  X:05D6H         PUBLIC        start_timer0_count
  X:05D7H         PUBLIC        seconds
  X:05D8H         PUBLIC        st_time
  D:00D0H         PUBLIC        PSW
  -------         PROC          TM0_ISR
  C:4D59H         LINE#         90
  C:4D61H         LINE#         92
  C:4D68H         LINE#         93
  C:4D76H         LINE#         94
  -------         ENDPROC       TM0_ISR
  -------         PROC          EXINT0
  C:4BDDH         LINE#         96
  C:4BEAH         LINE#         100
  C:4BEDH         LINE#         101
  C:4BEDH         LINE#         102
  C:4BFCH         LINE#         103
  C:4C03H         LINE#         104
  C:4C07H         LINE#         105
  C:4C09H         LINE#         108
  C:4C09H         LINE#         110
  C:4C0FH         LINE#         112
  C:4C0FH         LINE#         114
  -------         ENDPROC       EXINT0
  -------         PROC          MAIN
  -------         DO            
  X:03BCH         SYMBOL        sunlight_ADC
  X:04D3H         SYMBOL        KeyCount
  X:04D5H         SYMBOL        KeyNum_Old
BL51 BANKED LINKER/LOCATER V6.22                                                      04/30/2019  14:05:04  PAGE 10


  X:04D6H         SYMBOL        KeyNum
  X:04D7H         SYMBOL        PressedKey
  X:03BEH         SYMBOL        prox_flag
  X:03BFH         SYMBOL        iUse_prevday_calib_value
  X:03C1H         SYMBOL        max_ADC_Val_JP
  X:03C3H         SYMBOL        max_ADC_Val
  X:03C5H         SYMBOL        calib_point1
  X:03CDH         SYMBOL        calib_point2
  X:03D5H         SYMBOL        dat_to_store
  X:03E0H         SYMBOL        calib_day
  X:03E2H         SYMBOL        calib_count
  X:03E4H         SYMBOL        theorical_JP_max_pos
  D:0004H         SYMBOL        elevation
  -------         ENDDO         
  C:000EH         LINE#         116
  C:000EH         LINE#         117
  C:000EH         LINE#         122
  C:0014H         LINE#         123
  C:0019H         LINE#         125
  C:0021H         LINE#         129
  C:0027H         LINE#         130
  C:0031H         LINE#         134
  C:0033H         LINE#         135
  C:0035H         LINE#         136
  C:0037H         LINE#         137
  C:0039H         LINE#         139
  C:0040H         LINE#         140
  C:0044H         LINE#         149
  C:0046H         LINE#         150
  C:0049H         LINE#         151
  C:004CH         LINE#         152
  C:004FH         LINE#         153
  C:0052H         LINE#         154
  C:0055H         LINE#         157
  C:0058H         LINE#         160
  C:005BH         LINE#         161
  C:005EH         LINE#         163
  C:0061H         LINE#         165
  C:0064H         LINE#         166
  C:0067H         LINE#         167
  C:006AH         LINE#         168
  C:006DH         LINE#         169
  C:006FH         LINE#         170
  C:0071H         LINE#         172
  C:0073H         LINE#         173
  C:007AH         LINE#         174
  C:0081H         LINE#         175
  C:0088H         LINE#         176
  C:008FH         LINE#         180
  C:0096H         LINE#         181
  C:009BH         LINE#         182
  C:00A0H         LINE#         183
  C:00A5H         LINE#         184
  C:00AAH         LINE#         185
  C:00AFH         LINE#         188
  C:00C8H         LINE#         189
  C:00C8H         LINE#         190
BL51 BANKED LINKER/LOCATER V6.22                                                      04/30/2019  14:05:04  PAGE 11


  C:00E4H         LINE#         191
  C:012BH         LINE#         192
  C:013CH         LINE#         195
  C:013CH         LINE#         196
  C:013CH         LINE#         197
  C:013FH         LINE#         200
  C:013FH         LINE#         203
  C:0144H         LINE#         204
  C:0149H         LINE#         206
  C:014EH         LINE#         207
  C:0153H         LINE#         208
  C:0158H         LINE#         209
  C:015DH         LINE#         211
  C:016EH         LINE#         212
  C:0173H         LINE#         213
  C:0178H         LINE#         215
  C:017FH         LINE#         216
  C:0187H         LINE#         217
  C:018CH         LINE#         218
  C:0194H         LINE#         219
  C:0199H         LINE#         220
  C:01A3H         LINE#         221
  C:01A8H         LINE#         222
  C:01B0H         LINE#         224
  C:01B8H         LINE#         225
  C:01BDH         LINE#         226
  C:01C7H         LINE#         227
  C:01C7H         LINE#         228
  C:01C9H         LINE#         229
  C:01CBH         LINE#         230
  C:01D5H         LINE#         231
  C:01D5H         LINE#         232
  C:01DAH         LINE#         233
  C:01DAH         LINE#         245
  C:01E7H         LINE#         246
  C:01E7H         LINE#         247
  C:01F1H         LINE#         248
  C:0208H         LINE#         249
  C:0208H         LINE#         250
  C:020AH         LINE#         251
  C:020CH         LINE#         253
  C:020CH         LINE#         254
  C:0217H         LINE#         255
  C:0217H         LINE#         256
  C:021CH         LINE#         257
  C:021CH         LINE#         258
  C:0229H         LINE#         259
  C:0229H         LINE#         262
  C:0233H         LINE#         263
  C:024AH         LINE#         264
  C:024AH         LINE#         265
  C:024CH         LINE#         266
  C:024EH         LINE#         268
  C:024EH         LINE#         269
  C:0259H         LINE#         270
  C:0259H         LINE#         271
  C:025EH         LINE#         272
BL51 BANKED LINKER/LOCATER V6.22                                                      04/30/2019  14:05:04  PAGE 12


  C:0260H         LINE#         273
  C:0260H         LINE#         275
  C:0282H         LINE#         276
  C:0282H         LINE#         277
  C:028CH         LINE#         278
  C:0292H         LINE#         279
  C:0294H         LINE#         280
  C:0296H         LINE#         281
  C:0298H         LINE#         282
  C:0298H         LINE#         283
  C:029BH         LINE#         285
  C:029BH         LINE#         286
  C:02A1H         LINE#         287
  C:02A9H         LINE#         288
  C:02AFH         LINE#         289
  C:02B7H         LINE#         290
  C:02F2H         LINE#         294
  C:02FFH         LINE#         295
  C:02FFH         LINE#         297
  C:030CH         LINE#         298
  C:033FH         LINE#         299
  C:033FH         LINE#         300
  C:0362H         LINE#         301
  C:0362H         LINE#         302
  C:0384H         LINE#         303
  C:0384H         LINE#         305
  C:03A4H         LINE#         307
  C:03DDH         LINE#         308
  C:03DDH         LINE#         309
  C:0459H         LINE#         310
  C:0472H         LINE#         311
  C:04FCH         LINE#         312
  C:04FFH         LINE#         314
  C:04FFH         LINE#         316
  C:0506H         LINE#         317
  C:0506H         LINE#         318
  C:0509H         LINE#         319
  C:0527H         LINE#         320
  C:052EH         LINE#         321
  C:054DH         LINE#         322
  C:056CH         LINE#         324
  C:05E8H         LINE#         325
  C:0600H         LINE#         327
  C:0658H         LINE#         328
  C:066CH         LINE#         329
  C:0679H         LINE#         330
  C:0688H         LINE#         331
  C:0688H         LINE#         333
  C:0690H         LINE#         334
  C:0698H         LINE#         335
  C:06A0H         LINE#         336
  C:06A8H         LINE#         338
  C:06BCH         LINE#         339
  C:06D2H         LINE#         340
  C:0702H         LINE#         341
  C:0716H         LINE#         343
  C:072AH         LINE#         344
BL51 BANKED LINKER/LOCATER V6.22                                                      04/30/2019  14:05:04  PAGE 13


  C:0740H         LINE#         345
  C:0770H         LINE#         346
  C:0777H         LINE#         348
  C:079BH         LINE#         351
  C:079DH         LINE#         353
  C:07ABH         LINE#         354
  C:07ABH         LINE#         355
  C:07B3H         LINE#         357
  C:07B3H         LINE#         360
  C:07B3H         LINE#         361
  C:07C0H         LINE#         362
  C:07C0H         LINE#         363
  C:07E2H         LINE#         364
  C:07E2H         LINE#         365
  C:085EH         LINE#         366
  C:08B3H         LINE#         367
  C:08B3H         LINE#         369
  C:08B6H         LINE#         373
  C:08B6H         LINE#         376
  C:08D8H         LINE#         377
  C:08D8H         LINE#         378
  C:0954H         LINE#         380
  C:0981H         LINE#         381
  C:099CH         LINE#         382
  C:09C9H         LINE#         383
  C:09FCH         LINE#         384
  C:09FCH         LINE#         385
  C:0A26H         LINE#         386
  C:0ABFH         LINE#         387
  C:0AC1H         LINE#         389
  C:0AC1H         LINE#         390
  C:0B24H         LINE#         391
  C:0B24H         LINE#         395
  C:0B24H         LINE#         397
  C:0B24H         LINE#         398
  C:0B24H         LINE#         400
  C:0B24H         LINE#         403
  C:0B40H         LINE#         404
  C:0B44H         LINE#         406
  C:0B46H         LINE#         409
  C:0B51H         LINE#         410
  C:0B51H         LINE#         411
  C:0B54H         LINE#         412
  C:0B5BH         LINE#         413
  C:0B60H         LINE#         414
  C:0B65H         LINE#         415
  C:0B6AH         LINE#         416
  C:0B6FH         LINE#         417
  C:0B74H         LINE#         418
  C:0B79H         LINE#         419
  C:0B7EH         LINE#         420
  C:0B83H         LINE#         421
  C:0B88H         LINE#         422
  C:0B8DH         LINE#         423
  C:0B92H         LINE#         424
  C:0B97H         LINE#         427
  C:0B9AH         LINE#         429
BL51 BANKED LINKER/LOCATER V6.22                                                      04/30/2019  14:05:04  PAGE 14


  C:0B9DH         LINE#         430
  C:0BA4H         LINE#         431
  C:0BAEH         LINE#         432
  C:0BB3H         LINE#         434
  C:0BB6H         LINE#         435
  C:0BBBH         LINE#         436
  C:0BC0H         LINE#         437
  C:0BC5H         LINE#         438
  C:0BCAH         LINE#         439
  C:0BCFH         LINE#         440
  C:0BD4H         LINE#         441
  C:0BD9H         LINE#         443
  C:0BD9H         LINE#         444
  -------         ENDPROC       MAIN
  -------         ENDMOD        MAIN

  -------         MODULE        PCF85063BTL
  C:0000H         SYMBOL        _ICE_DUMMY_
  D:0096H         PUBLIC        P2M0
  D:0080H         PUBLIC        P0
  D:0095H         PUBLIC        P2M1
  D:0090H         PUBLIC        P1
  D:00A0H         PUBLIC        P2
  D:00B0H         PUBLIC        P3
  D:00C0H         PUBLIC        P4
  D:00C8H         PUBLIC        P5
  D:00E8H         PUBLIC        P6
  B:00A0H.1       PUBLIC        PCF85063BTL_SDI
  D:00F8H         PUBLIC        P7
  B:00A0H.2       PUBLIC        PCF85063BTL_SCK
  B:00A0H.1       PUBLIC        PCF85063BTL_SDO
  D:00A8H         PUBLIC        IE
  C:4963H         PUBLIC        _Read_time
  C:4F24H         PUBLIC        _PCF85063BTL_Delay
  D:00B8H         PUBLIC        IP
  D:00D8H         PUBLIC        CCON
  C:47F0H         PUBLIC        _Day_Of_Year
  C:4DE8H         PUBLIC        SPI_ReceiveByte
  D:0098H         PUBLIC        SCON
  D:0088H         PUBLIC        TCON
  C:4F6BH         PUBLIC        _BCDtoDec
  B:00A0H.0       PUBLIC        PCF85063BTL_CS
  C:4F5AH         PUBLIC        _SPI_ReadTime
  C:4FBAH         PUBLIC        SPI_Init
  C:4E9AH         PUBLIC        _SPI_WriteTime
  C:4DC8H         PUBLIC        _SPI_SendByte
  D:00D0H         PUBLIC        PSW
  C:4F20H         SYMBOL        L?0048
  -------         PROC          L?0047
  -------         ENDPROC       L?0047
  C:4F20H         SYMBOL        L?0048
  -------         PROC          _PCF85063BTL_DELAY
  D:0006H         SYMBOL        us
  C:4F24H         LINE#         8
  C:4F24H         LINE#         9
  C:4F24H         LINE#         10
  C:4F2EH         LINE#         11
BL51 BANKED LINKER/LOCATER V6.22                                                      04/30/2019  14:05:04  PAGE 15


  C:4F2EH         LINE#         12
  C:4F2FH         LINE#         13
  C:4F31H         LINE#         14
  -------         ENDPROC       _PCF85063BTL_DELAY
  -------         PROC          _SPI_SENDBYTE
  D:0005H         SYMBOL        dat
  -------         DO            
  D:0003H         SYMBOL        i
  -------         ENDDO         
  C:4DC8H         LINE#         17
  C:4DCAH         LINE#         18
  C:4DCAH         LINE#         20
  C:4DCCH         LINE#         21
  C:4DCCH         LINE#         22
  C:4DCEH         LINE#         23
  C:4DD2H         LINE#         24
  C:4DD2H         LINE#         25
  C:4DD4H         LINE#         26
  C:4DD6H         LINE#         28
  C:4DD6H         LINE#         29
  C:4DD8H         LINE#         30
  C:4DD8H         LINE#         31
  C:4DDBH         LINE#         32
  C:4DDBH         LINE#         33
  C:4DDEH         LINE#         34
  C:4DE2H         LINE#         35
  C:4DE7H         LINE#         36
  -------         ENDPROC       _SPI_SENDBYTE
  -------         PROC          SPI_RECEIVEBYTE
  -------         DO            
  D:0003H         SYMBOL        i
  D:0005H         SYMBOL        dat
  -------         ENDDO         
  C:4DE8H         LINE#         39
  C:4DE8H         LINE#         40
  C:4DE8H         LINE#         42
  C:4DEAH         LINE#         44
  C:4DECH         LINE#         45
  C:4DEDH         LINE#         46
  C:4DEDH         LINE#         47
  C:4DF1H         LINE#         48
  C:4DF3H         LINE#         49
  C:4DF6H         LINE#         51
  C:4DF9H         LINE#         52
  C:4DF9H         LINE#         53
  C:4DFDH         LINE#         54
  C:4DFDH         LINE#         55
  C:4DFDH         LINE#         56
  C:4E00H         LINE#         57
  C:4E05H         LINE#         58
  C:4E07H         LINE#         59
  -------         ENDPROC       SPI_RECEIVEBYTE
  -------         PROC          _SPI_READTIME
  D:0007H         SYMBOL        addr
  -------         DO            
  D:0006H         SYMBOL        dat
  -------         ENDDO         
BL51 BANKED LINKER/LOCATER V6.22                                                      04/30/2019  14:05:04  PAGE 16


  C:4F5AH         LINE#         61
  C:4F5AH         LINE#         62
  C:4F5AH         LINE#         64
  C:4F5CH         LINE#         65
  C:4F5EH         LINE#         66
  C:4F65H         LINE#         67
  C:4F68H         LINE#         68
  C:4F6AH         LINE#         69
  C:4F6AH         LINE#         70
  -------         ENDPROC       _SPI_READTIME
  -------         PROC          _SPI_WRITETIME
  D:0002H         SYMBOL        val
  D:0005H         SYMBOL        addr
  C:4E9AH         LINE#         71
  C:4E9CH         LINE#         72
  C:4E9CH         LINE#         74
  C:4E9EH         LINE#         75
  C:4EA5H         LINE#         76
  C:4EAAH         LINE#         77
  C:4EAFH         LINE#         78
  C:4EB1H         LINE#         79
  -------         ENDPROC       _SPI_WRITETIME
  -------         PROC          SPI_INIT
  C:4FBAH         LINE#         83
  C:4FBAH         LINE#         84
  C:4FBAH         LINE#         89
  C:4FBDH         LINE#         90
  C:4FC0H         LINE#         91
  C:4FC2H         LINE#         92
  C:4FC4H         LINE#         93
  C:4FC6H         LINE#         94
  -------         ENDPROC       SPI_INIT
  -------         PROC          _READ_TIME
  X:03E8H         SYMBOL        months
  X:03EBH         SYMBOL        days
  X:03EEH         SYMBOL        hours
  X:03F1H         SYMBOL        mins
  X:03F4H         SYMBOL        seconds
  C:4963H         LINE#         96
  C:496EH         LINE#         97
  C:496EH         LINE#         99
  C:4982H         LINE#         101
  C:4996H         LINE#         103
  C:49AAH         LINE#         108
  C:49BEH         LINE#         113
  -------         ENDPROC       _READ_TIME
  -------         PROC          _BCDTODEC
  D:0007H         SYMBOL        bcd
  -------         DO            
  D:0006H         SYMBOL        hi
  D:0007H         SYMBOL        lo
  -------         ENDDO         
  C:4F6BH         LINE#         119
  C:4F6BH         LINE#         120
  C:4F6BH         LINE#         122
  C:4F70H         LINE#         123
  C:4F74H         LINE#         124
BL51 BANKED LINKER/LOCATER V6.22                                                      04/30/2019  14:05:04  PAGE 17


  C:4F7BH         LINE#         125
  -------         ENDPROC       _BCDTODEC
  -------         PROC          _DAY_OF_YEAR
  D:0007H         SYMBOL        months_bcd
  D:0005H         SYMBOL        days_bcd
  -------         DO            
  D:0004H         SYMBOL        months
  D:0007H         SYMBOL        days
  -------         ENDDO         
  C:47F0H         LINE#         126
  C:47F0H         LINE#         127
  C:47F0H         LINE#         130
  C:47F5H         LINE#         132
  C:47FAH         LINE#         134
  C:4833H         LINE#         135
  C:4833H         LINE#         136
  C:4833H         LINE#         137
  C:4836H         LINE#         138
  C:4836H         LINE#         139
  C:4836H         LINE#         140
  C:483BH         LINE#         141
  C:483BH         LINE#         142
  C:483BH         LINE#         143
  C:4840H         LINE#         144
  C:4840H         LINE#         145
  C:4840H         LINE#         146
  C:4845H         LINE#         147
  C:4845H         LINE#         148
  C:4845H         LINE#         149
  C:484AH         LINE#         150
  C:484AH         LINE#         151
  C:484AH         LINE#         152
  C:484FH         LINE#         153
  C:484FH         LINE#         154
  C:484FH         LINE#         155
  C:4854H         LINE#         156
  C:4854H         LINE#         157
  C:4854H         LINE#         158
  C:4859H         LINE#         159
  C:4859H         LINE#         160
  C:4859H         LINE#         161
  C:4861H         LINE#         162
  C:4861H         LINE#         163
  C:4861H         LINE#         164
  C:4866H         LINE#         165
  C:4866H         LINE#         166
  C:4866H         LINE#         167
  C:486BH         LINE#         168
  C:486BH         LINE#         169
  C:486BH         LINE#         170
  C:4874H         LINE#         171
  C:4874H         LINE#         172
  C:4874H         LINE#         173
  C:4877H         LINE#         174
  C:4877H         LINE#         175
  -------         ENDPROC       _DAY_OF_YEAR
  -------         ENDMOD        PCF85063BTL
BL51 BANKED LINKER/LOCATER V6.22                                                      04/30/2019  14:05:04  PAGE 18



  -------         MODULE        UART1
  C:0000H         SYMBOL        _ICE_DUMMY_
  D:0080H         PUBLIC        P0
  D:0090H         PUBLIC        P1
  D:00A0H         PUBLIC        P2
  D:00B0H         PUBLIC        P3
  D:00C0H         PUBLIC        P4
  D:00C8H         PUBLIC        P5
  B:00A8H.7       PUBLIC        EA
  D:00E8H         PUBLIC        P6
  D:00F8H         PUBLIC        P7
  C:4C55H         PUBLIC        _SendString
  D:00A8H         PUBLIC        IE
  B:00A8H.4       PUBLIC        ES
  D:00B8H         PUBLIC        IP
  C:4EB2H         PUBLIC        _ASCIItoBCD
  D:00D8H         PUBLIC        CCON
  C:4F7CH         PUBLIC        initUART1
  D:0098H         PUBLIC        SCON
  D:0088H         PUBLIC        TCON
  C:4FFFH         PUBLIC        _DectoBCD
  C:4FFAH         PUBLIC        _ASCII_Letter
  D:008EH         PUBLIC        AUXR
  C:0006H         PUBLIC        _unit
  C:4FEEH         PUBLIC        _ten
  D:00D6H         PUBLIC        T2H
  D:00D7H         PUBLIC        T2L
  D:00D0H         PUBLIC        PSW
  -------         PROC          INITUART1
  C:4F7CH         LINE#         21
  C:4F7CH         LINE#         22
  C:4F7CH         LINE#         23
  C:4F7FH         LINE#         24
  C:4F82H         LINE#         25
  C:4F85H         LINE#         26
  C:4F88H         LINE#         27
  C:4F8AH         LINE#         28
  C:4F8CH         LINE#         30
  -------         ENDPROC       INITUART1
  -------         PROC          _SENDSTRING
  X:05F0H         SYMBOL        s
  C:4C55H         LINE#         35
  C:4C60H         LINE#         36
  C:4C60H         LINE#         37
  C:4C70H         LINE#         38
  C:4C70H         LINE#         39
  C:4C85H         LINE#         40
  C:4C87H         LINE#         41
  -------         ENDPROC       _SENDSTRING
  -------         PROC          _TEN
  D:0007H         SYMBOL        BCD
  C:4FEEH         LINE#         43
  C:4FEEH         LINE#         44
  C:4FEEH         LINE#         45
  C:4FF3H         LINE#         46
  -------         ENDPROC       _TEN
BL51 BANKED LINKER/LOCATER V6.22                                                      04/30/2019  14:05:04  PAGE 19


  -------         PROC          _UNIT
  D:0007H         SYMBOL        BCD
  C:0006H         LINE#         47
  C:0006H         LINE#         48
  C:0006H         LINE#         52
  C:000AH         LINE#         53
  -------         ENDPROC       _UNIT
  -------         PROC          _DECTOBCD
  D:0007H         SYMBOL        dec
  C:4FFFH         LINE#         54
  C:4FFFH         LINE#         55
  C:4FFFH         LINE#         57
  C:4FFFH         LINE#         58
  -------         ENDPROC       _DECTOBCD
  -------         PROC          _ASCII_LETTER
  D:0007H         SYMBOL        dat
  C:4FFAH         LINE#         60
  C:4FFAH         LINE#         61
  C:4FFAH         LINE#         63
  C:4FFEH         LINE#         64
  -------         ENDPROC       _ASCII_LETTER
  -------         PROC          _ASCIITOBCD
  D:0001H         SYMBOL        ascii
  -------         DO            
  D:0007H         SYMBOL        dec_val
  D:0006H         SYMBOL        ten
  D:0007H         SYMBOL        unit
  -------         ENDDO         
  C:4EB2H         LINE#         66
  C:4EB2H         LINE#         67
  C:4EB2H         LINE#         69
  C:4EB5H         LINE#         70
  C:4EBBH         LINE#         71
  C:4EC2H         LINE#         72
  C:4EC8H         LINE#         74
  -------         ENDPROC       _ASCIITOBCD
  -------         ENDMOD        UART1

  -------         MODULE        LCD_DRIVER_SPLC780D
  C:0000H         SYMBOL        _ICE_DUMMY_
  D:0092H         PUBLIC        P1M0
  D:0091H         PUBLIC        P1M1
  D:0080H         PUBLIC        P0
  D:0090H         PUBLIC        P1
  D:00A0H         PUBLIC        P2
  D:00B0H         PUBLIC        P3
  D:00C0H         PUBLIC        P4
  D:00C8H         PUBLIC        P5
  D:00E8H         PUBLIC        P6
  D:00F8H         PUBLIC        P7
  C:487CH         PUBLIC        _WriteData
  D:00A8H         PUBLIC        IE
  D:00B8H         PUBLIC        IP
  D:00D8H         PUBLIC        CCON
  B:00B0H.4       PUBLIC        LCD_D4
  B:00B0H.5       PUBLIC        LCD_D5
  B:00B0H.6       PUBLIC        LCD_D6
BL51 BANKED LINKER/LOCATER V6.22                                                      04/30/2019  14:05:04  PAGE 20


  C:4E45H         PUBLIC        _DisplayLCD
  B:00B0H.7       PUBLIC        LCD_D7
  D:0098H         PUBLIC        SCON
  D:0088H         PUBLIC        TCON
  C:4F32H         PUBLIC        _abs
  C:4FDDH         PUBLIC        LCD_clear
  C:4B5DH         PUBLIC        _Command
  C:4EDFH         PUBLIC        _Display_Line
  C:4A2CH         PUBLIC        LCD_Init
  C:4DAAH         PUBLIC        _Wait_ms
  B:00C0H.0       PUBLIC        LCD_RS
  B:00B0H.2       PUBLIC        LCD_RW
  C:4FD3H         PUBLIC        LCD_return_home
  C:3D42H         PUBLIC        _Display_Pos
  B:00B0H.3       PUBLIC        LCD_E
  D:00D0H         PUBLIC        PSW
  -------         PROC          LCD_INIT
  C:4A2CH         LINE#         9
  C:4A2CH         LINE#         10
  C:4A2CH         LINE#         11
  C:4A2FH         LINE#         12
  C:4A32H         LINE#         14
  C:4A38H         LINE#         15
  C:4A3DH         LINE#         17
  C:4A44H         LINE#         18
  C:4A49H         LINE#         20
  C:4A4CH         LINE#         21
  C:4A51H         LINE#         23
  C:4A54H         LINE#         24
  C:4A59H         LINE#         26
  C:4A60H         LINE#         29
  C:4A65H         LINE#         30
  C:4A6AH         LINE#         32
  C:4A6FH         LINE#         33
  C:4A74H         LINE#         35
  C:4A79H         LINE#         36
  C:4A7EH         LINE#         37
  -------         ENDPROC       LCD_INIT
  C:4878H         SYMBOL        L?0040
  -------         PROC          L?0039
  -------         ENDPROC       L?0039
  C:4878H         SYMBOL        L?0040
  -------         PROC          _WRITEDATA
  X:04D1H         SYMBOL        dat
  C:487CH         LINE#         40
  C:4881H         LINE#         41
  C:4881H         LINE#         46
  C:4883H         LINE#         47
  C:4885H         LINE#         49
  C:4893H         LINE#         50
  C:489FH         LINE#         51
  C:48ABH         LINE#         52
  C:48B5H         LINE#         53
  C:48B7H         LINE#         54
  C:48BEH         LINE#         55
  C:48C0H         LINE#         57
  C:48D0H         LINE#         58
BL51 BANKED LINKER/LOCATER V6.22                                                      04/30/2019  14:05:04  PAGE 21


  C:48DBH         LINE#         59
  C:48E5H         LINE#         60
  C:48E9H         LINE#         62
  C:48E9H         LINE#         63
  C:48ECH         LINE#         64
  C:48EEH         LINE#         65
  C:48F0H         LINE#         67
  -------         ENDPROC       _WRITEDATA
  -------         PROC          _COMMAND
  D:0007H         SYMBOL        dat
  C:4B5DH         LINE#         69
  C:4B5DH         LINE#         70
  C:4B5DH         LINE#         71
  C:4B5FH         LINE#         72
  C:4B61H         LINE#         74
  C:4B6BH         LINE#         75
  C:4B6FH         LINE#         77
  C:4B71H         LINE#         78
  C:4B7AH         LINE#         79
  C:4B7EH         LINE#         81
  C:4B80H         LINE#         82
  C:4B87H         LINE#         83
  C:4B8BH         LINE#         85
  C:4B8DH         LINE#         86
  C:4B91H         LINE#         87
  C:4B95H         LINE#         89
  C:4B97H         LINE#         90
  C:4B97H         LINE#         91
  C:4B9AH         LINE#         92
  C:4B9CH         LINE#         93
  -------         ENDPROC       _COMMAND
  C:4DA6H         SYMBOL        L?0038
  -------         PROC          L?0037
  -------         ENDPROC       L?0037
  C:4DA6H         SYMBOL        L?0038
  -------         PROC          _WAIT_MS
  D:0006H         SYMBOL        ms
  -------         DO            
  D:0004H         SYMBOL        De_Cnt
  -------         ENDDO         
  C:4DAAH         LINE#         95
  C:4DAAH         LINE#         96
  C:4DAAH         LINE#         98
  C:4DB4H         LINE#         99
  C:4DB4H         LINE#         100
  C:4DC7H         LINE#         101
  C:4DC7H         LINE#         102
  -------         ENDPROC       _WAIT_MS
  -------         PROC          _DISPLAYLCD
  D:0007H         SYMBOL        BCD
  -------         DO            
  D:0006H         SYMBOL        first_digit
  X:03E8H         SYMBOL        second_digit
  -------         ENDDO         
  C:4E45H         LINE#         103
  C:4E45H         LINE#         104
  C:4E45H         LINE#         106
BL51 BANKED LINKER/LOCATER V6.22                                                      04/30/2019  14:05:04  PAGE 22


  C:4E4CH         LINE#         107
  C:4E55H         LINE#         109
  C:4E5AH         LINE#         111
  -------         ENDPROC       _DISPLAYLCD
  -------         PROC          LCD_RETURN_HOME
  C:4FD3H         LINE#         115
  C:4FD3H         LINE#         116
  C:4FD3H         LINE#         117
  C:4FD8H         LINE#         118
  -------         ENDPROC       LCD_RETURN_HOME
  -------         PROC          LCD_CLEAR
  C:4FDDH         LINE#         121
  C:4FDDH         LINE#         122
  C:4FDDH         LINE#         123
  C:4FE2H         LINE#         124
  -------         ENDPROC       LCD_CLEAR
  -------         PROC          _DISPLAY_LINE
  D:0006H         SYMBOL        line
  C:4EDFH         LINE#         128
  C:4EDFH         LINE#         129
  C:4EDFH         LINE#         130
  C:4EE5H         LINE#         131
  C:4EE5H         LINE#         132
  C:4EE7H         LINE#         133
  C:4EE7H         LINE#         134
  C:4EE9H         LINE#         136
  C:4EE9H         LINE#         137
  C:4EEEH         LINE#         138
  C:4EF3H         LINE#         139
  C:4EF3H         LINE#         140
  -------         ENDPROC       _DISPLAY_LINE
  -------         PROC          _DISPLAY_POS
  X:04C7H         SYMBOL        sign_dat
  -------         DO            
  X:04CBH         SYMBOL        unit
  X:04CCH         SYMBOL        ten
  X:04CDH         SYMBOL        hundred
  D:0003H         SYMBOL        thousand
  X:04CEH         SYMBOL        after_dot
  X:04CFH         SYMBOL        dat
  -------         ENDDO         
  C:3D42H         LINE#         142
  C:3D48H         LINE#         143
  C:3D48H         LINE#         147
  C:3D64H         LINE#         148
  C:3D7EH         LINE#         149
  C:3DA2H         LINE#         151
  C:3DECH         LINE#         153
  C:3E03H         LINE#         154
  C:3E10H         LINE#         155
  C:3E32H         LINE#         156
  C:3E67H         LINE#         157
  C:3E7FH         LINE#         158
  C:3E7FH         LINE#         160
  C:3E7FH         LINE#         161
  C:3E7FH         LINE#         162
  C:3E7FH         LINE#         163
BL51 BANKED LINKER/LOCATER V6.22                                                      04/30/2019  14:05:04  PAGE 23


  C:3E7FH         LINE#         164
  C:3E7FH         LINE#         168
  C:3E81H         LINE#         170
  C:3E81H         LINE#         172
  C:3E86H         LINE#         173
  C:3E8CH         LINE#         174
  C:3E92H         LINE#         175
  C:3E98H         LINE#         176
  C:3E9DH         LINE#         177
  C:3EA3H         LINE#         181
  C:3EA3H         LINE#         183
  -------         ENDPROC       _DISPLAY_POS
  -------         PROC          _ABS
  D:0006H         SYMBOL        dat
  C:4F32H         LINE#         185
  C:4F32H         LINE#         186
  C:4F32H         LINE#         187
  C:4F3DH         LINE#         188
  C:4F3EH         LINE#         190
  C:4F45H         LINE#         191
  -------         ENDPROC       _ABS
  -------         ENDMOD        LCD_DRIVER_SPLC780D

  -------         MODULE        KEYPAD
  C:0000H         SYMBOL        _ICE_DUMMY_
  D:0093H         PUBLIC        P0M1
  D:0080H         PUBLIC        P0
  D:0090H         PUBLIC        P1
  D:00A0H         PUBLIC        P2
  D:00B0H         PUBLIC        P3
  D:00C0H         PUBLIC        P4
  D:00C8H         PUBLIC        P5
  B:0020H.0       PUBLIC        calib_mode
  D:00E8H         PUBLIC        P6
  D:00F8H         PUBLIC        P7
  D:00A8H         PUBLIC        IE
  C:38A4H         PUBLIC        Key_Scan
  D:00B8H         PUBLIC        IP
  D:00D8H         PUBLIC        CCON
  C:4FC7H         PUBLIC        KeyPad_IO_Init
  C:4E27H         PUBLIC        _Delay_ms
  D:0098H         PUBLIC        SCON
  D:0088H         PUBLIC        TCON
  B:0020H.1       PUBLIC        small_move
  B:0020H.2       PUBLIC        move
  B:0020H.3       PUBLIC        direction
  B:0020H.4       PUBLIC        auto_move
  C:342CH         PUBLIC        Key_Process
  D:00D0H         PUBLIC        PSW
  D:0094H         PUBLIC        P0M0
  -------         PROC          _DELAY_MS
  D:0006H         SYMBOL        ms
  -------         DO            
  D:0004H         SYMBOL        De_Cnt
  -------         ENDDO         
  C:4E27H         LINE#         19
  C:4E27H         LINE#         20
BL51 BANKED LINKER/LOCATER V6.22                                                      04/30/2019  14:05:04  PAGE 24


  C:4E27H         LINE#         22
  C:4E31H         LINE#         23
  C:4E31H         LINE#         24
  C:4E44H         LINE#         25
  C:4E44H         LINE#         26
  -------         ENDPROC       _DELAY_MS
  -------         PROC          KEY_SCAN
  -------         DO            
  X:03EEH         SYMBOL        KeyTemp1
  X:03EFH         SYMBOL        KeyTemp2
  X:03F0H         SYMBOL        KeyValue
  -------         ENDDO         
  C:38A4H         LINE#         27
  C:38A4H         LINE#         28
  C:38A4H         LINE#         33
  C:38A7H         LINE#         36
  C:38AAH         LINE#         38
  C:38B2H         LINE#         39
  C:38B9H         LINE#         40
  C:38B9H         LINE#         42
  C:38BEH         LINE#         43
  C:38C5H         LINE#         44
  C:38C5H         LINE#         47
  C:38C8H         LINE#         48
  C:38CBH         LINE#         49
  C:38D0H         LINE#         50
  C:38D4H         LINE#         51
  C:38D4H         LINE#         52
  C:38DCH         LINE#         53
  C:38DCH         LINE#         54
  C:38DFH         LINE#         55
  C:38E7H         LINE#         56
  C:38E9H         LINE#         58
  C:38FDH         LINE#         59
  C:38FDH         LINE#         60
  C:38FDH         LINE#         61
  C:38FDH         LINE#         62
  C:3903H         LINE#         64
  C:3905H         LINE#         65
  C:3905H         LINE#         66
  C:3905H         LINE#         67
  C:390BH         LINE#         69
  C:390DH         LINE#         70
  C:390DH         LINE#         71
  C:390DH         LINE#         72
  C:3913H         LINE#         74
  C:3915H         LINE#         75
  C:3915H         LINE#         76
  C:3915H         LINE#         77
  C:391BH         LINE#         79
  C:391BH         LINE#         80
  C:391BH         LINE#         81
  C:391BH         LINE#         84
  C:391EH         LINE#         85
  C:3921H         LINE#         86
  C:3929H         LINE#         87
  C:392DH         LINE#         88
BL51 BANKED LINKER/LOCATER V6.22                                                      04/30/2019  14:05:04  PAGE 25


  C:392DH         LINE#         89
  C:3935H         LINE#         90
  C:3935H         LINE#         91
  C:3938H         LINE#         92
  C:3940H         LINE#         93
  C:3942H         LINE#         94
  C:3956H         LINE#         95
  C:3956H         LINE#         96
  C:3956H         LINE#         97
  C:3956H         LINE#         98
  C:395CH         LINE#         100
  C:395EH         LINE#         101
  C:395EH         LINE#         102
  C:395EH         LINE#         103
  C:3964H         LINE#         105
  C:3966H         LINE#         106
  C:3966H         LINE#         107
  C:3966H         LINE#         108
  C:396CH         LINE#         110
  C:396EH         LINE#         111
  C:396EH         LINE#         112
  C:396EH         LINE#         113
  C:3973H         LINE#         115
  C:3973H         LINE#         116
  C:3973H         LINE#         117
  C:3973H         LINE#         120
  C:3976H         LINE#         121
  C:3979H         LINE#         122
  C:3981H         LINE#         123
  C:3985H         LINE#         124
  C:3985H         LINE#         125
  C:398DH         LINE#         126
  C:398DH         LINE#         127
  C:3990H         LINE#         128
  C:3998H         LINE#         129
  C:399AH         LINE#         130
  C:39AEH         LINE#         131
  C:39AEH         LINE#         132
  C:39AEH         LINE#         133
  C:39AEH         LINE#         134
  C:39B4H         LINE#         136
  C:39B6H         LINE#         137
  C:39B6H         LINE#         138
  C:39B6H         LINE#         139
  C:39BCH         LINE#         141
  C:39BEH         LINE#         142
  C:39BEH         LINE#         143
  C:39BEH         LINE#         144
  C:39C4H         LINE#         146
  C:39C6H         LINE#         147
  C:39C6H         LINE#         148
  C:39C6H         LINE#         149
  C:39CCH         LINE#         151
  C:39CCH         LINE#         152
  C:39CCH         LINE#         153
  C:39CCH         LINE#         157
  C:39CFH         LINE#         158
BL51 BANKED LINKER/LOCATER V6.22                                                      04/30/2019  14:05:04  PAGE 26


  C:39D2H         LINE#         159
  C:39DAH         LINE#         160
  C:39DEH         LINE#         161
  C:39DEH         LINE#         162
  C:39E6H         LINE#         163
  C:39E6H         LINE#         164
  C:39E9H         LINE#         165
  C:39F1H         LINE#         166
  C:39F3H         LINE#         167
  C:3A07H         LINE#         168
  C:3A07H         LINE#         169
  C:3A07H         LINE#         170
  C:3A07H         LINE#         171
  C:3A0DH         LINE#         173
  C:3A0FH         LINE#         174
  C:3A0FH         LINE#         175
  C:3A0FH         LINE#         176
  C:3A15H         LINE#         178
  C:3A17H         LINE#         179
  C:3A17H         LINE#         180
  C:3A17H         LINE#         181
  C:3A1DH         LINE#         183
  C:3A1FH         LINE#         184
  C:3A1FH         LINE#         185
  C:3A1FH         LINE#         186
  C:3A25H         LINE#         188
  C:3A25H         LINE#         189
  C:3A25H         LINE#         190
  C:3A25H         LINE#         192
  C:3A2BH         LINE#         193
  C:3A2BH         LINE#         195
  C:3A2BH         LINE#         196
  C:3A2EH         LINE#         197
  C:3A2EH         LINE#         198
  C:3A2EH         LINE#         200
  C:3A2EH         LINE#         201
  C:3A30H         LINE#         202
  C:3A30H         LINE#         203
  -------         ENDPROC       KEY_SCAN
  -------         PROC          KEY_PROCESS
  -------         DO            
  X:05DAH         SYMBOL        KeyCount
  X:05DCH         SYMBOL        KeyNum_Old
  X:05DDH         SYMBOL        KeyNum
  X:05DEH         SYMBOL        PressedKey
  X:03E8H         SYMBOL        d
  D:0004H         SYMBOL        hours
  D:0006H         SYMBOL        mins
  X:03EAH         SYMBOL        months
  X:03ECH         SYMBOL        days
  -------         ENDDO         
  C:342CH         LINE#         204
  C:342CH         LINE#         205
  C:342CH         LINE#         209
  C:3434H         LINE#         210
  C:343CH         LINE#         212
  C:343FH         LINE#         213
BL51 BANKED LINKER/LOCATER V6.22                                                      04/30/2019  14:05:04  PAGE 27


  C:343FH         LINE#         214
  C:3442H         LINE#         216
  C:3442H         LINE#         217
  C:344FH         LINE#         218
  C:344FH         LINE#         219
  C:3452H         LINE#         220
  C:3455H         LINE#         222
  C:3458H         LINE#         224
  C:3458H         LINE#         225
  C:3463H         LINE#         226
  C:3463H         LINE#         227
  C:3466H         LINE#         229
  C:3466H         LINE#         230
  C:346DH         LINE#         231
  C:346DH         LINE#         232
  C:3470H         LINE#         234
  C:3470H         LINE#         235
  C:3478H         LINE#         236
  C:3478H         LINE#         237
  C:3482H         LINE#         238
  C:348AH         LINE#         240
  C:3493H         LINE#         242
  C:3493H         LINE#         251
  C:34A8H         LINE#         252
  C:34A8H         LINE#         253
  C:34BAH         LINE#         254
  C:34C8H         LINE#         255
  C:34D7H         LINE#         256
  C:34D7H         LINE#         258
  C:34DDH         LINE#         262
  C:34F3H         LINE#         263
  C:3504H         LINE#         264
  C:351FH         LINE#         265
  C:351FH         LINE#         266
  C:352FH         LINE#         267
  C:3540H         LINE#         268
  C:3540H         LINE#         272
  C:3559H         LINE#         273
  C:3570H         LINE#         274
  C:3590H         LINE#         275
  C:3590H         LINE#         276
  C:359AH         LINE#         277
  C:359AH         LINE#         278
  C:35A3H         LINE#         279
  C:35A3H         LINE#         280
  C:35B7H         LINE#         281
  C:35B7H         LINE#         282
  C:35B7H         LINE#         283
  C:35B7H         LINE#         284
  C:35B7H         LINE#         285
  C:35B9H         LINE#         287
  C:35B9H         LINE#         288
  C:35C5H         LINE#         289
  C:35C5H         LINE#         290
  C:35D6H         LINE#         291
  C:35D6H         LINE#         292
  C:35D6H         LINE#         293
BL51 BANKED LINKER/LOCATER V6.22                                                      04/30/2019  14:05:04  PAGE 28


  C:35D6H         LINE#         294
  C:35D6H         LINE#         296
  C:35D8H         LINE#         298
  C:35D8H         LINE#         299
  C:35E9H         LINE#         300
  C:35E9H         LINE#         301
  C:35E9H         LINE#         302
  C:35E9H         LINE#         303
  C:35E9H         LINE#         305
  C:35E9H         LINE#         307
  C:35E9H         LINE#         308
  C:35EBH         LINE#         310
  C:35EBH         LINE#         311
  C:35FEH         LINE#         312
  C:35FEH         LINE#         313
  C:360FH         LINE#         314
  C:360FH         LINE#         315
  C:360FH         LINE#         316
  C:360FH         LINE#         317
  C:360FH         LINE#         318
  C:3611H         LINE#         320
  C:3611H         LINE#         321
  C:3622H         LINE#         322
  C:3622H         LINE#         323
  C:3633H         LINE#         324
  C:3644H         LINE#         325
  C:3644H         LINE#         326
  C:3644H         LINE#         327
  C:3644H         LINE#         328
  C:3644H         LINE#         330
  C:365EH         LINE#         331
  C:365EH         LINE#         332
  C:3663H         LINE#         333
  C:3663H         LINE#         334
  C:3669H         LINE#         335
  C:3669H         LINE#         336
  C:366CH         LINE#         337
  C:3671H         LINE#         338
  C:3676H         LINE#         339
  C:367BH         LINE#         340
  C:3680H         LINE#         341
  C:3685H         LINE#         342
  C:368AH         LINE#         343
  C:368FH         LINE#         344
  C:368FH         LINE#         345
  C:368FH         LINE#         347
  C:36B1H         LINE#         348
  C:36B1H         LINE#         349
  C:36BBH         LINE#         350
  C:36BBH         LINE#         351
  C:36C0H         LINE#         352
  C:36C9H         LINE#         353
  C:36E0H         LINE#         354
  C:36E0H         LINE#         355
  C:36F0H         LINE#         357
  C:36F0H         LINE#         361
  -------         ENDPROC       KEY_PROCESS
BL51 BANKED LINKER/LOCATER V6.22                                                      04/30/2019  14:05:04  PAGE 29


  -------         PROC          KEYPAD_IO_INIT
  C:4FC7H         LINE#         364
  C:4FC7H         LINE#         365
  C:4FC7H         LINE#         366
  C:4FCAH         LINE#         367
  C:4FCDH         LINE#         368
  C:4FD0H         LINE#         369
  C:4FD2H         LINE#         370
  -------         ENDPROC       KEYPAD_IO_INIT
  -------         ENDMOD        KEYPAD

  -------         MODULE        BIPOLARMOTOR
  C:0000H         SYMBOL        _ICE_DUMMY_
  X:0000H         PUBLIC        UTC_time
  D:0080H         PUBLIC        P0
  D:0090H         PUBLIC        P1
  X:0004H         PUBLIC        RX_pos_test
  D:00A0H         PUBLIC        P2
  D:00B0H         PUBLIC        P3
  D:00C0H         PUBLIC        P4
  D:00C8H         PUBLIC        P5
  D:00E8H         PUBLIC        P6
  D:00F8H         PUBLIC        P7
  X:00A4H         PUBLIC        low_date_azimuth_mapping
  D:00A8H         PUBLIC        IE
  C:42D6H         PUBLIC        linear_interpolate
  X:00CCH         PUBLIC        declination
  C:4D0AH         PUBLIC        _Move
  D:00B8H         PUBLIC        IP
  X:00D0H         PUBLIC        time_offset
  D:00D8H         PUBLIC        CCON
  X:00D4H         PUBLIC        previous_move_time
  X:00D5H         PUBLIC        time
  D:0098H         PUBLIC        SCON
  D:0088H         PUBLIC        TCON
  C:5000H         PUBLIC        wait
  C:4B9DH         PUBLIC        _Step_move
  X:00E7H         PUBLIC        dat
  X:00EDH         PUBLIC        current_local_sun_time
  C:1D34H         PUBLIC        _Update_position
  C:30ACH         PUBLIC        _elevation_calculation
  X:00F1H         PUBLIC        sunCoord
  C:4A85H         PUBLIC        vOneStepMove
  X:00F4H         PUBLIC        elevation_stamp
  X:0130H         PUBLIC        date_azimuth_mapping
  X:0158H         PUBLIC        location
  X:0160H         PUBLIC        RX_pos
  C:4EF4H         PUBLIC        vSetLocation
  C:4E89H         PUBLIC        _BCDtoDec1
  X:03B8H         PUBLIC        degree
  C:237AH         PUBLIC        _TheoricalJP_Position
  D:00D0H         PUBLIC        PSW
  -------         PROC          VSETLOCATION
  C:4EF4H         LINE#         44
  C:4EF4H         LINE#         45
  C:4EF4H         LINE#         46
  C:4EFEH         LINE#         47
BL51 BANKED LINKER/LOCATER V6.22                                                      04/30/2019  14:05:04  PAGE 30


  C:4F08H         LINE#         48
  -------         ENDPROC       VSETLOCATION
  C:4E85H         SYMBOL        L?0061
  -------         PROC          L?0060
  -------         ENDPROC       L?0060
  C:4E85H         SYMBOL        L?0061
  -------         PROC          _BCDTODEC1
  D:0007H         SYMBOL        bcd
  -------         DO            
  D:0006H         SYMBOL        hi
  D:0007H         SYMBOL        lo
  -------         ENDDO         
  C:4E89H         LINE#         49
  C:4E89H         LINE#         50
  C:4E89H         LINE#         52
  C:4E8EH         LINE#         53
  C:4E92H         LINE#         54
  C:4E99H         LINE#         55
  -------         ENDPROC       _BCDTODEC1
  -------         PROC          WAIT
  C:5000H         LINE#         57
  C:5000H         LINE#         59
  -------         ENDPROC       WAIT
  -------         PROC          VONESTEPMOVE
  B:0020H.7       SYMBOL        bDir
  C:4A85H         LINE#         61
  C:4A85H         LINE#         62
  C:4A85H         LINE#         64
  C:4A8BH         LINE#         65
  C:4A8BH         LINE#         66
  C:4A8EH         LINE#         67
  C:4A97H         LINE#         68
  C:4A9EH         LINE#         69
  C:4AA3H         LINE#         70
  C:4AA3H         LINE#         71
  C:4AA3H         LINE#         73
  C:4AA5H         LINE#         76
  C:4AA5H         LINE#         77
  C:4AA8H         LINE#         78
  C:4AB1H         LINE#         79
  C:4AB8H         LINE#         80
  C:4ABEH         LINE#         81
  C:4AC7H         LINE#         82
  C:4ACEH         LINE#         83
  C:4ACEH         LINE#         87
  -------         ENDPROC       VONESTEPMOVE
  -------         PROC          _STEP_MOVE
  X:04CBH         SYMBOL        step
  B:0020H.6       SYMBOL        dir
  -------         DO            
  X:04CDH         SYMBOL        i
  -------         ENDDO         
  C:4B9DH         LINE#         89
  C:4BA5H         LINE#         90
  C:4BA5H         LINE#         92
  C:4BAAH         LINE#         95
  C:4BC5H         LINE#         96
BL51 BANKED LINKER/LOCATER V6.22                                                      04/30/2019  14:05:04  PAGE 31


  C:4BC5H         LINE#         97
  C:4BCCH         LINE#         99
  C:4BDCH         LINE#         101
  -------         ENDPROC       _STEP_MOVE
  -------         PROC          _MOVE
  X:04C7H         SYMBOL        distance
  B:0020H.5       SYMBOL        direction
  -------         DO            
  D:0006H         SYMBOL        step
  -------         ENDDO         
  C:4D0AH         LINE#         103
  C:4D10H         LINE#         104
  C:4D10H         LINE#         107
  C:4D2BH         LINE#         108
  -------         ENDPROC       _MOVE
  C:42C5H         SYMBOL        L?0059
  -------         PROC          L?0058
  -------         ENDPROC       L?0058
  C:42C5H         SYMBOL        L?0059
  -------         PROC          LINEAR_INTERPOLATE
  X:0496H         SYMBOL        p1
  X:049EH         SYMBOL        p2
  X:04A6H         SYMBOL        x
  -------         DO            
  D:0004H         SYMBOL        fx
  -------         ENDDO         
  C:42D6H         LINE#         141
  C:42D6H         LINE#         142
  C:42D6H         LINE#         145
  C:4375H         LINE#         147
  C:4375H         LINE#         148
  -------         ENDPROC       LINEAR_INTERPOLATE
  -------         PROC          _THEORICALJP_POSITION
  X:043AH         SYMBOL        azimuth
  X:043EH         SYMBOL        elevation
  -------         DO            
  X:0442H         SYMBOL        pos_interpolate_azimuth
  X:047EH         SYMBOL        JP_pos
  X:0482H         SYMBOL        i
  X:0484H         SYMBOL        yy
  X:0486H         SYMBOL        p1
  X:048EH         SYMBOL        p2
  -------         ENDDO         
  C:237AH         LINE#         151
  C:2380H         LINE#         152
  C:2380H         LINE#         154
  C:238AH         LINE#         157
  C:23A6H         LINE#         158
  C:23A6H         LINE#         159
  C:2416H         LINE#         160
  C:2416H         LINE#         161
  C:241DH         LINE#         162
  C:241DH         LINE#         163
  C:244AH         LINE#         164
  C:2465H         LINE#         166
  C:24ACH         LINE#         167
  C:24E0H         LINE#         169
BL51 BANKED LINKER/LOCATER V6.22                                                      04/30/2019  14:05:04  PAGE 32


  C:2526H         LINE#         170
  C:254BH         LINE#         172
  C:254BH         LINE#         174
  C:25C1H         LINE#         175
  C:25C1H         LINE#         176
  C:25C8H         LINE#         177
  C:25C8H         LINE#         178
  C:25F5H         LINE#         179
  C:2610H         LINE#         181
  C:2657H         LINE#         182
  C:268BH         LINE#         184
  C:26D1H         LINE#         185
  C:26F3H         LINE#         187
  C:26F3H         LINE#         188
  C:2707H         LINE#         191
  C:2723H         LINE#         192
  C:2723H         LINE#         193
  C:2793H         LINE#         194
  C:2793H         LINE#         195
  C:27C0H         LINE#         196
  C:27DBH         LINE#         198
  C:2808H         LINE#         199
  C:2823H         LINE#         201
  C:2855H         LINE#         204
  C:2855H         LINE#         206
  C:2866H         LINE#         207
  C:2874H         LINE#         209
  -------         ENDPROC       _THEORICALJP_POSITION
  -------         PROC          _UPDATE_POSITION
  D:0001H         SYMBOL        mnths
  D:0002H         SYMBOL        dys
  X:040EH         SYMBOL        hurs
  X:040FH         SYMBOL        mns
  X:0410H         SYMBOL        sconds
  X:0411H         SYMBOL        currnt_pos
  X:0414H         SYMBOL        offset_calib
  -------         DO            
  X:0418H         SYMBOL        date
  X:041AH         SYMBOL        i
  X:041CH         SYMBOL        yy
  X:041EH         SYMBOL        desired_distance
  X:0422H         SYMBOL        distance
  X:0426H         SYMBOL        JP_pos
  X:042AH         SYMBOL        elevation
  X:042EH         SYMBOL        azimuth
  X:0432H         SYMBOL        time_offset
  X:0436H         SYMBOL        UTC_time
  -------         ENDDO         
  C:1D34H         LINE#         212
  C:1D3DH         LINE#         215
  C:1D3DH         LINE#         216
  C:1D48H         LINE#         218
  C:1D64H         LINE#         219
  C:1D6EH         LINE#         225
  C:1D78H         LINE#         226
  C:1D83H         LINE#         227
  C:1D8EH         LINE#         228
BL51 BANKED LINKER/LOCATER V6.22                                                      04/30/2019  14:05:04  PAGE 33


  C:1DA7H         LINE#         229
  C:1DB8H         LINE#         230
  C:1DC7H         LINE#         233
  C:1DDBH         LINE#         237
  C:1E2DH         LINE#         238
  C:1F91H         LINE#         239
  C:1FE1H         LINE#         242
  C:2109H         LINE#         245
  C:21D8H         LINE#         252
  C:221FH         LINE#         253
  C:221FH         LINE#         255
  C:224AH         LINE#         256
  C:2279H         LINE#         258
  C:229EH         LINE#         259
  C:2303H         LINE#         260
  C:2303H         LINE#         261
  C:231DH         LINE#         262
  C:232FH         LINE#         263
  C:2347H         LINE#         264
  C:235DH         LINE#         266
  C:2379H         LINE#         267
  C:2379H         LINE#         268
  C:2379H         LINE#         271
  -------         ENDPROC       _UPDATE_POSITION
  -------         PROC          _ELEVATION_CALCULATION
  D:0007H         SYMBOL        mnths
  D:0005H         SYMBOL        dys
  X:03EAH         SYMBOL        hurs
  X:03EBH         SYMBOL        mns
  X:03ECH         SYMBOL        sconds
  C:30ACH         LINE#         273
  C:30B1H         LINE#         275
  C:30B1H         LINE#         276
  C:30BBH         LINE#         277
  C:30C4H         LINE#         278
  C:30CFH         LINE#         279
  C:30E8H         LINE#         280
  C:30FCH         LINE#         281
  C:310EH         LINE#         285
  C:3160H         LINE#         286
  C:32C4H         LINE#         287
  C:3314H         LINE#         289
  C:342BH         LINE#         291
  -------         ENDPROC       _ELEVATION_CALCULATION
  -------         ENDMOD        BIPOLARMOTOR

  -------         MODULE        SUNPOS
  C:0000H         SYMBOL        _ICE_DUMMY_
  C:1592H         PUBLIC        sunpos
  -------         PROC          SUNPOS
  X:043AH         SYMBOL        udtTime
  X:044CH         SYMBOL        udtLocation
  X:0454H         SYMBOL        udtSunCoordinates
  -------         DO            
  X:0457H         SYMBOL        dElapsedJulianDays
  X:045BH         SYMBOL        dDecimalHours
  X:045FH         SYMBOL        dEclipticLongitude
BL51 BANKED LINKER/LOCATER V6.22                                                      04/30/2019  14:05:04  PAGE 34


  X:0463H         SYMBOL        dEclipticObliquity
  X:0467H         SYMBOL        dRightAscension
  X:046BH         SYMBOL        dDeclination
  X:046FH         SYMBOL        dY
  X:0473H         SYMBOL        dX
  -------         DO            
  X:0477H         SYMBOL        dJulianDate
  X:047BH         SYMBOL        liAux1
  X:047FH         SYMBOL        liAux2
  X:0477H         SYMBOL        dMeanLongitude
  X:047BH         SYMBOL        dMeanAnomaly
  X:047FH         SYMBOL        dOmega
  X:0477H         SYMBOL        dSin_EclipticLongitude
  X:0477H         SYMBOL        dGreenwichMeanSiderealTime
  X:047BH         SYMBOL        dLocalMeanSiderealTime
  X:047FH         SYMBOL        dLatitudeInRadians
  X:0483H         SYMBOL        dHourAngle
  X:0487H         SYMBOL        dCos_Latitude
  X:048BH         SYMBOL        dSin_Latitude
  X:048FH         SYMBOL        dCos_HourAngle
  X:0493H         SYMBOL        dParallax
  -------         ENDDO         
  -------         DO            
  X:0477H         SYMBOL        dMeanLongitude
  X:047BH         SYMBOL        dMeanAnomaly
  X:047FH         SYMBOL        dOmega
  X:0477H         SYMBOL        dSin_EclipticLongitude
  X:0477H         SYMBOL        dGreenwichMeanSiderealTime
  X:047BH         SYMBOL        dLocalMeanSiderealTime
  X:047FH         SYMBOL        dLatitudeInRadians
  X:0483H         SYMBOL        dHourAngle
  X:0487H         SYMBOL        dCos_Latitude
  X:048BH         SYMBOL        dSin_Latitude
  X:048FH         SYMBOL        dCos_HourAngle
  X:0493H         SYMBOL        dParallax
  -------         ENDDO         
  -------         DO            
  X:0477H         SYMBOL        dSin_EclipticLongitude
  X:0477H         SYMBOL        dGreenwichMeanSiderealTime
[...]
  C:403DH         LINE#         204
  C:4040H         LINE#         205
  C:4059H         LINE#         207
BL51 BANKED LINKER/LOCATER V6.22                                                      04/30/2019  14:05:04  PAGE 48


  C:4078H         LINE#         210
  C:407FH         LINE#         212
  C:4081H         LINE#         213
  C:4088H         LINE#         215
  C:408FH         LINE#         216
  C:408FH         LINE#         217
  C:4096H         LINE#         218
  C:4096H         LINE#         219
  C:4099H         LINE#         220
  C:409BH         LINE#         221
  C:409EH         LINE#         223
  C:40A1H         LINE#         224
  C:40A1H         LINE#         226
  C:40A5H         LINE#         227
  C:40A5H         LINE#         233
  C:40C4H         LINE#         236
  C:40C6H         LINE#         237
  C:40C9H         LINE#         238
  C:40D0H         LINE#         240
  C:40D5H         LINE#         242
  -------         ENDPROC       _AT25SF041_READ
  -------         PROC          UCREAD_STATUS_REGISTER_BYTE1
  -------         DO            
  D:0003H         SYMBOL        dat
  D:0001H         SYMBOL        opcode
  X:04CFH         SYMBOL        count
  X:04D0H         SYMBOL        i
  -------         ENDDO         
  C:458AH         LINE#         246
  C:458AH         LINE#         247
  C:458AH         LINE#         248
  C:4590H         LINE#         249
  C:4594H         LINE#         250
  C:4596H         LINE#         251
  C:4598H         LINE#         252
  C:459EH         LINE#         256
  C:45A5H         LINE#         257
  C:45A5H         LINE#         258
  C:45A7H         LINE#         259
  C:45AAH         LINE#         260
  C:45AEH         LINE#         261
  C:45AEH         LINE#         262
  C:45B0H         LINE#         263
  C:45B2H         LINE#         265
  C:45B2H         LINE#         266
  C:45B4H         LINE#         268
  C:45B4H         LINE#         269
  C:45B4H         LINE#         270
  C:45B4H         LINE#         271
  C:45B7H         LINE#         272
  C:45BBH         LINE#         275
  C:45DAH         LINE#         279
  C:45E1H         LINE#         281
  C:45E3H         LINE#         282
  C:45EAH         LINE#         283
  C:45F1H         LINE#         284
  C:45F1H         LINE#         285
BL51 BANKED LINKER/LOCATER V6.22                                                      04/30/2019  14:05:04  PAGE 49


  C:45F5H         LINE#         286
  C:45F5H         LINE#         287
  C:45F8H         LINE#         288
  C:45FAH         LINE#         289
  C:45FDH         LINE#         291
  C:4600H         LINE#         292
  C:4600H         LINE#         294
  C:4604H         LINE#         295
  C:4604H         LINE#         297
  C:4623H         LINE#         301
  C:4625H         LINE#         302
  C:4628H         LINE#         303
  C:462AH         LINE#         304
  -------         ENDPROC       UCREAD_STATUS_REGISTER_BYTE1
  -------         PROC          SPI_NOR_WRITE_DATA
  X:03E8H         SYMBOL        dat
  X:03F3H         SYMBOL        addr
  C:3A31H         LINE#         306
  C:3A31H         LINE#         307
  C:3A31H         LINE#         309
  C:3A34H         LINE#         311
  C:3A4EH         LINE#         312
  C:3A6CH         LINE#         314
  C:3A73H         LINE#         315
  C:3A76H         LINE#         317
  C:3A90H         LINE#         318
  C:3A90H         LINE#         319
  C:3A90H         LINE#         322
  C:3A93H         LINE#         324
  C:3AADH         LINE#         325
  C:3AADH         LINE#         326
  C:3AADH         LINE#         328
  C:3AB0H         LINE#         330
  C:3ACAH         LINE#         331
  C:3ACAH         LINE#         332
  C:3ACAH         LINE#         334
  C:3ACDH         LINE#         336
  C:3AE7H         LINE#         337
  C:3AE7H         LINE#         338
  C:3AE7H         LINE#         340
  C:3AEAH         LINE#         342
  C:3B04H         LINE#         343
  C:3B04H         LINE#         344
  C:3B04H         LINE#         346
  C:3B07H         LINE#         348
  C:3B21H         LINE#         349
  C:3B21H         LINE#         350
  C:3B21H         LINE#         352
  C:3B24H         LINE#         354
  C:3B3EH         LINE#         355
  C:3B3EH         LINE#         356
  C:3B3EH         LINE#         358
  C:3B41H         LINE#         360
  C:3B5BH         LINE#         361
  C:3B5BH         LINE#         362
  C:3B5BH         LINE#         364
  C:3B5EH         LINE#         366
BL51 BANKED LINKER/LOCATER V6.22                                                      04/30/2019  14:05:04  PAGE 50


  C:3B78H         LINE#         367
  C:3B78H         LINE#         368
  C:3B78H         LINE#         370
  C:3B7BH         LINE#         372
  C:3B95H         LINE#         373
  C:3B9CH         LINE#         374
  -------         ENDPROC       SPI_NOR_WRITE_DATA
  -------         ENDMOD        AT25SF041

  -------         MODULE        SI1120
  C:0000H         SYMBOL        _ICE_DUMMY_
  D:0080H         PUBLIC        P0
  D:0090H         PUBLIC        P1
  D:00A0H         PUBLIC        P2
  D:00B0H         PUBLIC        P3
  D:00C0H         PUBLIC        P4
  D:00C8H         PUBLIC        P5
  B:00A8H.7       PUBLIC        EA
  D:00E8H         PUBLIC        P6
  D:00F8H         PUBLIC        P7
  D:00A8H         PUBLIC        IE
  D:00B8H         PUBLIC        IP
  C:4E62H         PUBLIC        SI1120_CONFIG_MODE_VIRH
  D:00D8H         PUBLIC        CCON
  D:0098H         PUBLIC        SCON
  D:0088H         PUBLIC        TCON
  C:4FE7H         PUBLIC        Enable_EXTINT0
  B:0090H.5       PUBLIC        SI1120_STX
  B:0088H.0       PUBLIC        IT0
  B:00A8H.0       PUBLIC        EX0
  B:0090H.4       PUBLIC        SI1120_MD
  B:0090H.3       PUBLIC        SI1120_SC
  D:00D0H         PUBLIC        PSW
  -------         PROC          SI1120_CONFIG_MODE_VIRH
  C:4E62H         LINE#         4
  C:4E62H         LINE#         5
  C:4E62H         LINE#         6
  C:4E64H         LINE#         7
  C:4E66H         LINE#         8
  C:4E68H         LINE#         10
  C:4E6FH         LINE#         12
  C:4E71H         LINE#         13
  C:4E73H         LINE#         14
  C:4E75H         LINE#         16
  C:4E7CH         LINE#         18
  C:4E7EH         LINE#         20
  -------         ENDPROC       SI1120_CONFIG_MODE_VIRH
  -------         PROC          ENABLE_EXTINT0
  C:4FE7H         LINE#         22
  C:4FE7H         LINE#         23
  C:4FE7H         LINE#         24
  C:4FE9H         LINE#         25
  C:4FEBH         LINE#         26
  C:4FEDH         LINE#         27
  -------         ENDPROC       ENABLE_EXTINT0
  -------         ENDMOD        SI1120

BL51 BANKED LINKER/LOCATER V6.22                                                      04/30/2019  14:05:04  PAGE 51


  -------         MODULE        ?C_STARTUP
  C:4764H         SEGMENT       ?C_C51STARTUP
  I:0022H         SEGMENT       ?STACK
  C:0000H         PUBLIC        ?C_STARTUP
  D:00E0H         SYMBOL        ACC
  D:00F0H         SYMBOL        B
  D:0083H         SYMBOL        DPH
  D:0082H         SYMBOL        DPL
  N:0000H         SYMBOL        IBPSTACK
  N:0100H         SYMBOL        IBPSTACKTOP
  N:0080H         SYMBOL        IDATALEN
  C:4767H         SYMBOL        IDATALOOP
  N:0000H         SYMBOL        PBPSTACK
  N:0100H         SYMBOL        PBPSTACKTOP
  N:0000H         SYMBOL        PDATALEN
  N:0000H         SYMBOL        PDATASTART
  N:0000H         SYMBOL        PPAGE
  N:0000H         SYMBOL        PPAGEENABLE
  D:00A0H         SYMBOL        PPAGE_SFR
  D:0081H         SYMBOL        SP
  C:4764H         SYMBOL        STARTUP1
  N:0000H         SYMBOL        XBPSTACK
  N:0000H         SYMBOL        XBPSTACKTOP
  N:0000H         SYMBOL        XDATALEN
  N:0000H         SYMBOL        XDATASTART
  C:0000H         LINE#         126
  C:4764H         LINE#         133
  C:4766H         LINE#         134
  C:4767H         LINE#         135
  C:4768H         LINE#         136
  C:476AH         LINE#         185
  C:476DH         LINE#         196
  -------         ENDMOD        ?C_STARTUP

  -------         MODULE        ?C?FPADD
  C:0BE3H         PUBLIC        ?C?FPADD
  C:0BDFH         PUBLIC        ?C?FPSUB
  -------         ENDMOD        ?C?FPADD

  -------         MODULE        ?C?FPMUL
  C:0CD4H         PUBLIC        ?C?FPMUL
  -------         ENDMOD        ?C?FPMUL

  -------         MODULE        ?C?FPDIV
  C:0DDDH         PUBLIC        ?C?FPDIV
  -------         ENDMOD        ?C?FPDIV

  -------         MODULE        ?C?FPCMP
  C:0E7CH         PUBLIC        ?C?FPCMP
  C:0E7AH         PUBLIC        ?C?FPCMP3
  -------         ENDMOD        ?C?FPCMP

  -------         MODULE        ?C?FPNEG
  C:0EF3H         PUBLIC        ?C?FPNEG
  -------         ENDMOD        ?C?FPNEG

  -------         MODULE        ?C?FCAST
BL51 BANKED LINKER/LOCATER V6.22                                                      04/30/2019  14:05:04  PAGE 52


  C:0F0EH         PUBLIC        ?C?FCASTC
  C:0F09H         PUBLIC        ?C?FCASTI
  C:0F04H         PUBLIC        ?C?FCASTL
  -------         ENDMOD        ?C?FCAST

  -------         MODULE        ?C?CASTF
  C:0F42H         PUBLIC        ?C?CASTF
  -------         ENDMOD        ?C?CASTF

  -------         MODULE        ATAN2
  X:0497H         PUBLIC        ?_atan2?BYTE
  C:462BH         PUBLIC        _atan2
  -------         ENDMOD        ATAN2

  -------         MODULE        SIN
  C:3C02H         PUBLIC        _COS
  C:3C18H         PUBLIC        _SIN
  C:3C54H         PUBLIC        _TAN
  -------         ENDMOD        SIN

  -------         MODULE        ACOS
  C:4ACFH         PUBLIC        _ACOS
  -------         ENDMOD        ACOS

  -------         MODULE        ASIN
  C:4C1AH         PUBLIC        _ASIN
  -------         ENDMOD        ASIN

  -------         MODULE        SQRT
  C:44E2H         PUBLIC        _SQRT
  -------         ENDMOD        SQRT

  -------         MODULE        ATAN
  C:3EC4H         PUBLIC        _ATAN
  -------         ENDMOD        ATAN

  -------         MODULE        ?C?COPY
  C:10E0H         PUBLIC        ?C?COPY
  -------         ENDMOD        ?C?COPY

  -------         MODULE        ?C?CLDPTR
  C:1106H         PUBLIC        ?C?CLDPTR
  -------         ENDMOD        ?C?CLDPTR

  -------         MODULE        ?C?CLDOPTR
  C:111FH         PUBLIC        ?C?CLDOPTR
  -------         ENDMOD        ?C?CLDOPTR

  -------         MODULE        ?C?CSTPTR
  C:114CH         PUBLIC        ?C?CSTPTR
  -------         ENDMOD        ?C?CSTPTR

  -------         MODULE        ?C?IMUL
  C:115EH         PUBLIC        ?C?IMUL
  -------         ENDMOD        ?C?IMUL

  -------         MODULE        ?C?UIDIV
BL51 BANKED LINKER/LOCATER V6.22                                                      04/30/2019  14:05:04  PAGE 53


  C:1170H         PUBLIC        ?C?UIDIV
  -------         ENDMOD        ?C?UIDIV

  -------         MODULE        ?C?SIDIV
  C:11C5H         PUBLIC        ?C?SIDIV
  -------         ENDMOD        ?C?SIDIV

  -------         MODULE        ?C?ILDIX
  C:11FBH         PUBLIC        ?C?ILDIX
  -------         ENDMOD        ?C?ILDIX

  -------         MODULE        ?C?ILDOPTR
  C:1211H         PUBLIC        ?C?ILDOPTR
  -------         ENDMOD        ?C?ILDOPTR

  -------         MODULE        ?C?ISTPTR
  C:1249H         PUBLIC        ?C?ISTPTR
  -------         ENDMOD        ?C?ISTPTR

  -------         MODULE        ?C?LMUL
  C:1268H         PUBLIC        ?C?LMUL
  -------         ENDMOD        ?C?LMUL

  -------         MODULE        ?C?SLDIV
  C:4B19H         PUBLIC        ?C?SLDIV
  -------         ENDMOD        ?C?SLDIV

  -------         MODULE        ?C?LNEG
  C:12B7H         PUBLIC        ?C?LNEG
  -------         ENDMOD        ?C?LNEG

  -------         MODULE        ?C?ULCMP
  C:12C5H         PUBLIC        ?C?ULCMP
  -------         ENDMOD        ?C?ULCMP

  -------         MODULE        ?C?LSHL
  C:12D6H         PUBLIC        ?C?LSHL
  -------         ENDMOD        ?C?LSHL

  -------         MODULE        ?C?LLDPTR
  C:12E9H         PUBLIC        ?C?LLDPTR
  -------         ENDMOD        ?C?LLDPTR

  -------         MODULE        ?C?LLDOPTR
  C:1309H         PUBLIC        ?C?LLDOPTR
  -------         ENDMOD        ?C?LLDOPTR

  -------         MODULE        ?C?LSTPTR
  C:1339H         PUBLIC        ?C?LSTPTR
  -------         ENDMOD        ?C?LSTPTR

  -------         MODULE        ?C?LSTOPTR
  C:1353H         PUBLIC        ?C?LSTOPTR
  -------         ENDMOD        ?C?LSTOPTR

  -------         MODULE        ?C?LLDXDATA
  C:1377H         PUBLIC        ?C?LLDXDATA
BL51 BANKED LINKER/LOCATER V6.22                                                      04/30/2019  14:05:04  PAGE 54


  -------         ENDMOD        ?C?LLDXDATA

  -------         MODULE        ?C?LLDCODE
  C:1383H         PUBLIC        ?C?LLDCODE
  -------         ENDMOD        ?C?LLDCODE

  -------         MODULE        ?C?LLDXDATA0
  C:1393H         PUBLIC        ?C?LLDXDATA0
  -------         ENDMOD        ?C?LLDXDATA0

  -------         MODULE        ?C?LLDCODE0
  C:139FH         PUBLIC        ?C?LLDCODE0
  -------         ENDMOD        ?C?LLDCODE0

  -------         MODULE        ?C?LLDPTR0
  C:13AFH         PUBLIC        ?C?LLDPTR0
  -------         ENDMOD        ?C?LLDPTR0

  -------         MODULE        ?C?LSTXDATA
  C:13CFH         PUBLIC        ?C?LSTXDATA
  -------         ENDMOD        ?C?LSTXDATA

  -------         MODULE        ?C?LSTKXDATA
  C:13DBH         PUBLIC        ?C?LSTKXDATA
  -------         ENDMOD        ?C?LSTKXDATA

  -------         MODULE        ?C?LSTKPTR
  C:140CH         PUBLIC        ?C?LSTKPTR
  -------         ENDMOD        ?C?LSTKPTR

  -------         MODULE        ?C?OFFXADD
  C:1426H         PUBLIC        ?C?OFFXADD
  -------         ENDMOD        ?C?OFFXADD

  -------         MODULE        ATOI
  C:41D8H         PUBLIC        _atoi
  -------         ENDMOD        ATOI

  -------         MODULE        ?C?IILDX
  C:1432H         PUBLIC        ?C?IILDX
  -------         ENDMOD        ?C?IILDX

  -------         MODULE        ?C?ULDIV
  C:1484H         PUBLIC        ?C?ULDIV
  -------         ENDMOD        ?C?ULDIV

  -------         MODULE        ?C?LLDIDATA
  C:1516H         PUBLIC        ?C?LLDIDATA
  -------         ENDMOD        ?C?LLDIDATA

  -------         MODULE        ?C?LLDPDATA
  C:1522H         PUBLIC        ?C?LLDPDATA
  -------         ENDMOD        ?C?LLDPDATA

  -------         MODULE        ?C?LLDIDATA0
  C:152EH         PUBLIC        ?C?LLDIDATA0
  -------         ENDMOD        ?C?LLDIDATA0
BL51 BANKED LINKER/LOCATER V6.22                                                      04/30/2019  14:05:04  PAGE 55



  -------         MODULE        ?C?LLDPDATA0
  C:153BH         PUBLIC        ?C?LLDPDATA0
  -------         ENDMOD        ?C?LLDPDATA0

  -------         MODULE        ?C?LSTIDATA
  C:1548H         PUBLIC        ?C?LSTIDATA
  -------         ENDMOD        ?C?LSTIDATA

  -------         MODULE        ?C?LSTPDATA
  C:1554H         PUBLIC        ?C?LSTPDATA
  -------         ENDMOD        ?C?LSTPDATA

  -------         MODULE        ?C?LSTKIDATA
  C:1560H         PUBLIC        ?C?LSTKIDATA
  -------         ENDMOD        ?C?LSTKIDATA

  -------         MODULE        ?C?LSTKPDATA
  C:1579H         PUBLIC        ?C?LSTKPDATA
  -------         ENDMOD        ?C?LSTKPDATA

  -------         MODULE        ISDIGIT
  C:4FABH         PUBLIC        _isdigit
  -------         ENDMOD        ISDIGIT

  -------         MODULE        ISSPACE
  C:4F46H         PUBLIC        _isspace
  -------         ENDMOD        ISSPACE

*** WARNING L16: UNCALLED SEGMENT, IGNORED FOR OVERLAY PROCESS
    SEGMENT: ?PR?_DAY_OF_YEAR?PCF85063BTL

*** WARNING L16: UNCALLED SEGMENT, IGNORED FOR OVERLAY PROCESS
    SEGMENT: ?PR?INITUART1?UART1

*** WARNING L16: UNCALLED SEGMENT, IGNORED FOR OVERLAY PROCESS
    SEGMENT: ?PR?_SENDSTRING?UART1

*** WARNING L16: UNCALLED SEGMENT, IGNORED FOR OVERLAY PROCESS
    SEGMENT: ?PR?_TEN?UART1

*** WARNING L16: UNCALLED SEGMENT, IGNORED FOR OVERLAY PROCESS
    SEGMENT: ?PR?_UNIT?UART1

*** WARNING L16: UNCALLED SEGMENT, IGNORED FOR OVERLAY PROCESS
    SEGMENT: ?PR?_DECTOBCD?UART1

*** WARNING L16: UNCALLED SEGMENT, IGNORED FOR OVERLAY PROCESS
    SEGMENT: ?PR?_ASCII_LETTER?UART1

*** WARNING L16: UNCALLED SEGMENT, IGNORED FOR OVERLAY PROCESS
    SEGMENT: ?PR?_ASCIITOBCD?UART1

*** WARNING L16: UNCALLED SEGMENT, IGNORED FOR OVERLAY PROCESS
    SEGMENT: ?PR?WAIT?BIPOLARMOTOR

*** WARNING L16: UNCALLED SEGMENT, IGNORED FOR OVERLAY PROCESS
BL51 BANKED LINKER/LOCATER V6.22                                                      04/30/2019  14:05:04  PAGE 56


    SEGMENT: ?PR?NOP?IOEXPANDER_PI4IOE5V96248

*** WARNING L16: UNCALLED SEGMENT, IGNORED FOR OVERLAY PROCESS
    SEGMENT: ?PR?UC_ACK?IOEXPANDER_PI4IOE5V96248

*** WARNING L16: UNCALLED SEGMENT, IGNORED FOR OVERLAY PROCESS
    SEGMENT: ?PR?UC_NACK?IOEXPANDER_PI4IOE5V96248

*** WARNING L16: UNCALLED SEGMENT, IGNORED FOR OVERLAY PROCESS
    SEGMENT: ?PR?_AT25SF041_READ?AT25SF041

*** WARNING L1: UNRESOLVED EXTERNAL SYMBOL
    SYMBOL:  AUTO_MODE
    MODULE:  .\Obj\main.obj (MAIN)

*** WARNING L1: UNRESOLVED EXTERNAL SYMBOL
    SYMBOL:  SPI_NOR_CLEARENABLE
    MODULE:  .\Obj\main.obj (MAIN)

*** WARNING L2: REFERENCE MADE TO UNRESOLVED EXTERNAL
    SYMBOL:  AUTO_MODE
    MODULE:  .\Obj\main.obj (MAIN)
    ADDRESS: 003BH

*** WARNING L2: REFERENCE MADE TO UNRESOLVED EXTERNAL
    SYMBOL:  SPI_NOR_CLEARENABLE
    MODULE:  .\Obj\main.obj (MAIN)
    ADDRESS: 0041H

*** WARNING L2: REFERENCE MADE TO UNRESOLVED EXTERNAL
    SYMBOL:  AUTO_MODE
    MODULE:  .\Obj\main.obj (MAIN)
    ADDRESS: 01BEH

*** WARNING L2: REFERENCE MADE TO UNRESOLVED EXTERNAL
    SYMBOL:  AUTO_MODE
    MODULE:  .\Obj\main.obj (MAIN)
    ADDRESS: 01CCH

*** WARNING L2: REFERENCE MADE TO UNRESOLVED EXTERNAL
    SYMBOL:  AUTO_MODE
    MODULE:  .\Obj\main.obj (MAIN)
    ADDRESS: 01DEH

*** WARNING L2: REFERENCE MADE TO UNRESOLVED EXTERNAL
    SYMBOL:  AUTO_MODE
    MODULE:  .\Obj\main.obj (MAIN)
    ADDRESS: 0220H

*** WARNING L2: REFERENCE MADE TO UNRESOLVED EXTERNAL
    SYMBOL:  AUTO_MODE
    MODULE:  .\Obj\main.obj (MAIN)
    ADDRESS: 02F3H

*** WARNING L2: REFERENCE MADE TO UNRESOLVED EXTERNAL
    SYMBOL:  SPI_NOR_CLEARENABLE
    MODULE:  .\Obj\main.obj (MAIN)
BL51 BANKED LINKER/LOCATER V6.22                                                      04/30/2019  14:05:04  PAGE 57


    ADDRESS: 0B47H

*** WARNING L2: REFERENCE MADE TO UNRESOLVED EXTERNAL
    SYMBOL:  SPI_NOR_CLEARENABLE
    MODULE:  .\Obj\main.obj (MAIN)
    ADDRESS: 0BB0H

*** WARNING L1: UNRESOLVED EXTERNAL SYMBOL
    SYMBOL:  _SENDUART1
    MODULE:  .\Obj\UART1.obj (UART1)

*** WARNING L2: REFERENCE MADE TO UNRESOLVED EXTERNAL
    SYMBOL:  _SENDUART1
    MODULE:  .\Obj\UART1.obj (UART1)
    ADDRESS: 4C83H

*** WARNING L1: UNRESOLVED EXTERNAL SYMBOL
    SYMBOL:  AUTO_MODE
    MODULE:  .\Obj\KeyPad.obj (KEYPAD)

*** WARNING L1: UNRESOLVED EXTERNAL SYMBOL
    SYMBOL:  SPI_NOR_CLEARENABLE
    MODULE:  .\Obj\KeyPad.obj (KEYPAD)

*** WARNING L2: REFERENCE MADE TO UNRESOLVED EXTERNAL
    SYMBOL:  AUTO_MODE
    MODULE:  .\Obj\KeyPad.obj (KEYPAD)
    ADDRESS: 3479H

*** WARNING L2: REFERENCE MADE TO UNRESOLVED EXTERNAL
    SYMBOL:  AUTO_MODE
    MODULE:  .\Obj\KeyPad.obj (KEYPAD)
    ADDRESS: 3484H

*** WARNING L2: REFERENCE MADE TO UNRESOLVED EXTERNAL
    SYMBOL:  AUTO_MODE
    MODULE:  .\Obj\KeyPad.obj (KEYPAD)
    ADDRESS: 348BH

*** WARNING L2: REFERENCE MADE TO UNRESOLVED EXTERNAL
    SYMBOL:  SPI_NOR_CLEARENABLE
    MODULE:  .\Obj\KeyPad.obj (KEYPAD)
    ADDRESS: 365FH

*** WARNING L2: REFERENCE MADE TO UNRESOLVED EXTERNAL
    SYMBOL:  SPI_NOR_CLEARENABLE
    MODULE:  .\Obj\KeyPad.obj (KEYPAD)
    ADDRESS: 3664H

Program Size: data=10.2 xdata=1525 code=20482
LINK/LOCATE RUN COMPLETE.  33 WARNING(S),  0 ERROR(S)
