BL51 BANKED LINKER/LOCATER V6.22                                                        08/19/2019  16:21:13  PAGE 1


BL51 BANKED LINKER/LOCATER V6.22, INVOKED BY:
C:\KEIL_V5\C51\BIN\BL51.EXE .\Obj\main.obj, .\Obj\PCF85063BTL.obj, .\Obj\LCd_Driver_SPLC780D.obj, .\Obj\KeyPad.obj, .\Ob
>> j\BipolarMotor.obj, .\Obj\SunPos.obj, .\Obj\ADC.obj, .\Obj\Calibration.obj, .\Obj\IOExpander_PI4IOE5V96248.obj, .\Obj
>> \AT25SF041.obj, .\Obj\SI1120.obj, .\Obj\UART1.obj, .\Obj\STARTUP.obj TO .\Obj\GPIO_RTC_Test RTX51TINY PRINT (.\Lis\GP
>> IO_RTC_Test.m51) RAMSIZE (256)


MEMORY MODEL: LARGE WITH FLOATING POINT ARITHMETIC


INPUT MODULES INCLUDED:
  .\Obj\main.obj (MAIN)
  .\Obj\PCF85063BTL.obj (PCF85063BTL)
  .\Obj\LCd_Driver_SPLC780D.obj (LCD_DRIVER_SPLC780D)
  .\Obj\KeyPad.obj (KEYPAD)
  .\Obj\BipolarMotor.obj (BIPOLARMOTOR)
  .\Obj\SunPos.obj (SUNPOS)
  .\Obj\ADC.obj (ADC)
  .\Obj\Calibration.obj (CALIBRATION)
  .\Obj\IOExpander_PI4IOE5V96248.obj (IOEXPANDER_PI4IOE5V96248)
  .\Obj\AT25SF041.obj (AT25SF041)
  .\Obj\SI1120.obj (SI1120)
  .\Obj\UART1.obj (UART1)
  .\Obj\STARTUP.obj (?C_STARTUP)
  C:\KEIL_V5\C51\LIB\C51FPL.LIB (?C?FPADD)
  C:\KEIL_V5\C51\LIB\C51FPL.LIB (?C?FPMUL)
  C:\KEIL_V5\C51\LIB\C51FPL.LIB (?C?FPDIV)
  C:\KEIL_V5\C51\LIB\C51FPL.LIB (?C?FPCMP)
  C:\KEIL_V5\C51\LIB\C51FPL.LIB (?C?FPNEG)
  C:\KEIL_V5\C51\LIB\C51FPL.LIB (?C?FCAST)
  C:\KEIL_V5\C51\LIB\C51FPL.LIB (?C?CASTF)
  C:\KEIL_V5\C51\LIB\C51FPL.LIB (PRINTF)
  C:\KEIL_V5\C51\LIB\C51FPL.LIB (FABS)
  C:\KEIL_V5\C51\LIB\C51FPL.LIB (ATAN2)
  C:\KEIL_V5\C51\LIB\C51FPL.LIB (SIN)
  C:\KEIL_V5\C51\LIB\C51FPL.LIB (ACOS)
  C:\KEIL_V5\C51\LIB\C51FPL.LIB (ASIN)
  C:\KEIL_V5\C51\LIB\C51FPL.LIB (POW)
  C:\KEIL_V5\C51\LIB\C51FPL.LIB (?C?FPGETOPN)
  C:\KEIL_V5\C51\LIB\C51FPL.LIB (?C?CHKFLOAT)
  C:\KEIL_V5\C51\LIB\C51FPL.LIB (?C?FPROUND)
  C:\KEIL_V5\C51\LIB\C51FPL.LIB (?C?FPCONVERT)
  C:\KEIL_V5\C51\LIB\C51FPL.LIB (?C?FPSERIES)
  C:\KEIL_V5\C51\LIB\C51FPL.LIB (EXP)
  C:\KEIL_V5\C51\LIB\C51FPL.LIB (LOG)
  C:\KEIL_V5\C51\LIB\C51FPL.LIB (SQRT)
  C:\KEIL_V5\C51\LIB\C51FPL.LIB (ATAN)
  C:\KEIL_V5\C51\LIB\C51FPL.LIB (?C?FTNPWR)
  C:\KEIL_V5\C51\LIB\C51L.LIB (?C_INIT)
  C:\KEIL_V5\C51\LIB\C51L.LIB (?C?COPY)
  C:\KEIL_V5\C51\LIB\C51L.LIB (?C?CLDPTR)
  C:\KEIL_V5\C51\LIB\C51L.LIB (?C?CLDOPTR)
  C:\KEIL_V5\C51\LIB\C51L.LIB (?C?CSTPTR)
  C:\KEIL_V5\C51\LIB\C51L.LIB (?C?IMUL)
  C:\KEIL_V5\C51\LIB\C51L.LIB (?C?UIDIV)
  C:\KEIL_V5\C51\LIB\C51L.LIB (?C?SIDIV)
  C:\KEIL_V5\C51\LIB\C51L.LIB (?C?ILDIX)
  C:\KEIL_V5\C51\LIB\C51L.LIB (?C?ILDOPTR)
BL51 BANKED LINKER/LOCATER V6.22                                                      08/19/2019  16:21:13  PAGE 2


  C:\KEIL_V5\C51\LIB\C51L.LIB (?C?ISTPTR)
  C:\KEIL_V5\C51\LIB\C51L.LIB (?C?LMUL)
  C:\KEIL_V5\C51\LIB\C51L.LIB (?C?SLDIV)
  C:\KEIL_V5\C51\LIB\C51L.LIB (?C?LNEG)
  C:\KEIL_V5\C51\LIB\C51L.LIB (?C?ULCMP)
  C:\KEIL_V5\C51\LIB\C51L.LIB (?C?LSHL)
  C:\KEIL_V5\C51\LIB\C51L.LIB (?C?LLDPTR)
  C:\KEIL_V5\C51\LIB\C51L.LIB (?C?LLDOPTR)
  C:\KEIL_V5\C51\LIB\C51L.LIB (?C?LSTPTR)
  C:\KEIL_V5\C51\LIB\C51L.LIB (?C?LSTOPTR)
  C:\KEIL_V5\C51\LIB\C51L.LIB (?C?LLDXDATA)
  C:\KEIL_V5\C51\LIB\C51L.LIB (?C?LLDCODE)
  C:\KEIL_V5\C51\LIB\C51L.LIB (?C?LLDXDATA0)
  C:\KEIL_V5\C51\LIB\C51L.LIB (?C?LLDCODE0)
  C:\KEIL_V5\C51\LIB\C51L.LIB (?C?LLDPTR0)
  C:\KEIL_V5\C51\LIB\C51L.LIB (?C?LSTXDATA)
  C:\KEIL_V5\C51\LIB\C51L.LIB (?C?LSTKXDATA)
  C:\KEIL_V5\C51\LIB\C51L.LIB (?C?LSTKPTR)
  C:\KEIL_V5\C51\LIB\C51L.LIB (?C?OFFXADD)
  C:\KEIL_V5\C51\LIB\C51L.LIB (?C?PLDIXDATA)
  C:\KEIL_V5\C51\LIB\C51L.LIB (?C?PSTXDATA)
  C:\KEIL_V5\C51\LIB\C51L.LIB (?C?CCASE)
  C:\KEIL_V5\C51\LIB\C51L.LIB (PUTCHAR)
  C:\KEIL_V5\C51\LIB\C51L.LIB (ABS)
  C:\KEIL_V5\C51\LIB\C51L.LIB (ATOI)
  C:\KEIL_V5\C51\LIB\C51L.LIB (?C?IILDX)
  C:\KEIL_V5\C51\LIB\C51L.LIB (?C?ULDIV)
  C:\KEIL_V5\C51\LIB\C51L.LIB (?C?LLDIDATA)
  C:\KEIL_V5\C51\LIB\C51L.LIB (?C?LLDPDATA)
  C:\KEIL_V5\C51\LIB\C51L.LIB (?C?LLDIDATA0)
  C:\KEIL_V5\C51\LIB\C51L.LIB (?C?LLDPDATA0)
  C:\KEIL_V5\C51\LIB\C51L.LIB (?C?LSTIDATA)
  C:\KEIL_V5\C51\LIB\C51L.LIB (?C?LSTPDATA)
  C:\KEIL_V5\C51\LIB\C51L.LIB (?C?LSTKIDATA)
  C:\KEIL_V5\C51\LIB\C51L.LIB (?C?LSTKPDATA)
  C:\KEIL_V5\C51\LIB\C51L.LIB (ISDIGIT)
  C:\KEIL_V5\C51\LIB\C51L.LIB (ISSPACE)


LINK MAP OF MODULE:  .\Obj\GPIO_RTC_Test (MAIN)


            TYPE    BASE      LENGTH    RELOCATION   SEGMENT NAME
            -----------------------------------------------------

            * * * * * * *   D A T A   M E M O R Y   * * * * * * *
            REG     0000H     0008H     ABSOLUTE     "REG BANK 0"
            DATA    0008H     0005H     UNIT         _DATA_GROUP_
                    000DH     0013H                  *** GAP ***
            BIT     0020H.0   0001H.2   UNIT         _BIT_GROUP_
            BIT     0021H.2   0000H.1   UNIT         ?BI?MAIN
            BIT     0021H.3   0000H.1   UNIT         ?BI?_ATOI?ATOI
                    0021H.4   0000H.4                *** GAP ***
            IDATA   0022H     0001H     UNIT         ?STACK

            * * * * * * *  X D A T A   M E M O R Y  * * * * * * *
            XDATA   0000H     03BCH     UNIT         ?XD?BIPOLARMOTOR
BL51 BANKED LINKER/LOCATER V6.22                                                      08/19/2019  16:21:13  PAGE 3


            XDATA   03BCH     015DH     UNIT         _XDATA_GROUP_
            XDATA   0519H     011DH     UNIT         ?XD?MAIN
            XDATA   0636H     0019H     UNIT         ?XD?KEYPAD
            XDATA   064FH     0005H     UNIT         ?XD?_ATOI?ATOI
            XDATA   0654H     0001H     UNIT         ?XD?UC_ACK?IOEXPANDER_PI4IOE5V96248
            XDATA   0655H     0001H     UNIT         ?XD?UC_NACK?IOEXPANDER_PI4IOE5V96248

            * * * * * * *   C O D E   M E M O R Y   * * * * * * *
            CODE    0000H     0003H     ABSOLUTE     
            CODE    0003H     0003H     ABSOLUTE     
            CODE    0006H     0005H     UNIT         ?PR?_UNIT?UART1
            CODE    000BH     0003H     ABSOLUTE     
            CODE    000EH     000DH     UNIT         ?PR?UART?MAIN
            CODE    001BH     0003H     ABSOLUTE     
            CODE    001EH     0005H     UNIT         ?PR?_ASCII_LETTER?UART1
            CODE    0023H     0003H     ABSOLUTE     
            CODE    0026H     21A0H     UNIT         ?PR?MAIN?MAIN
            CODE    21C6H     0BC8H     UNIT         ?C?LIB_CODE
            CODE    2D8EH     07A2H     UNIT         ?PR?SUNPOS?SUNPOS
            CODE    3530H     06F4H     UNIT         ?PR?_FIND_REAL_MAX?CALIBRATION
            CODE    3C24H     0631H     UNIT         ?PR?_UPDATE_POSITION?BIPOLARMOTOR
            CODE    4255H     04FBH     UNIT         ?PR?_THEORICALJP_POSITION?BIPOLARMOTOR
            CODE    4750H     0483H     UNIT         ?PR?PRINTF?PRINTF
            CODE    4BD3H     041AH     UNIT         ?C_INITSEG
            CODE    4FEDH     038CH     UNIT         ?PR?KEY_PROCESS?KEYPAD
            CODE    5379H     0380H     UNIT         ?PR?_ELEVATION_CALCULATION?BIPOLARMOTOR
            CODE    56F9H     01C7H     UNIT         ?PR?_CALIBRATION?CALIBRATION
            CODE    58C0H     018DH     UNIT         ?PR?KEY_SCAN?KEYPAD
            CODE    5A4DH     0189H     UNIT         ?PR?SPI_NOR_WRITE_DATA?AT25SF041
            CODE    5BD6H     0188H     UNIT         ?PR?SIN?SIN
            CODE    5D5EH     0166H     UNIT         ?PR?_POW?POW
            CODE    5EC4H     0155H     UNIT         ?PR?_DISPLAY_POS?LCD_DRIVER_SPLC780D
            CODE    6019H     0129H     UNIT         ?PR?LOG?LOG
            CODE    6142H     0122H     UNIT         ?PR?ATAN?ATAN
            CODE    6264H     0110H     UNIT         ?PR?_AT25SF041_READ?AT25SF041
            CODE    6374H     0102H     UNIT         ?PR?_AT25SF041_WRITE?AT25SF041
            CODE    6476H     00F5H     UNIT         ?PR?EXINT0?MAIN
            CODE    656BH     00DBH     UNIT         ?PR?_ATOI?ATOI
            CODE    6646H     00C3H     UNIT         ?PR?LINEAR_INTERPOLATE?BIPOLARMOTOR
            CODE    6709H     00BBH     UNIT         ?PR?VOLTAGE_IS_STABLE?CALIBRATION
            CODE    67C4H     00ADH     UNIT         ?PR?_WRITE_PI4IOE5V96248?IOEXPANDER_PI4IOE5V96248
            CODE    6871H     00ACH     UNIT         ?PR?SQRT?SQRT
            CODE    691DH     00A1H     UNIT         ?PR?UCREAD_STATUS_REGISTER_BYTE1?AT25SF041
            CODE    69BEH     009DH     UNIT         ?PR?_ATAN2?ATAN2
            CODE    6A5BH     009CH     UNIT         ?PR?_MAX_VALUE?CALIBRATION
            CODE    6AF7H     009AH     UNIT         ?PR?EXP?EXP
            CODE    6B91H     008CH     UNIT         ?C_C51STARTUP
            CODE    6C1DH     0088H     UNIT         ?PR?_DAY_OF_YEAR?PCF85063BTL
            CODE    6CA5H     0079H     UNIT         ?PR?_WRITEDATA?LCD_DRIVER_SPLC780D
            CODE    6D1EH     0072H     UNIT         ?PR?AT25SF041_WRITEENABLE?AT25SF041
            CODE    6D90H     006FH     UNIT         ?PR?_READ_TIME?PCF85063BTL
            CODE    6DFFH     005AH     UNIT         ?PR?AT25SF041_CHIPERASE?AT25SF041
            CODE    6E59H     0059H     UNIT         ?PR?LCD_INIT?LCD_DRIVER_SPLC780D
            CODE    6EB2H     0056H     UNIT         ?CO?MAIN
            CODE    6F08H     004BH     UNIT         ?CO?UART1
            CODE    6F53H     004AH     UNIT         ?PR?VONESTEPMOVE?BIPOLARMOTOR
            CODE    6F9DH     004AH     UNIT         ?PR?ACOS?ACOS
BL51 BANKED LINKER/LOCATER V6.22                                                      08/19/2019  16:21:13  PAGE 4


            CODE    6FE7H     0044H     UNIT         ?C?LDIV
            CODE    702BH     0040H     UNIT         ?PR?_COMMAND?LCD_DRIVER_SPLC780D
            CODE    706BH     0040H     UNIT         ?PR?_STEP_MOVE?BIPOLARMOTOR
            CODE    70ABH     003BH     UNIT         ?PR?ASIN?ASIN
            CODE    70E6H     0033H     UNIT         ?PR?_SENDSTRING?UART1
            CODE    7119H     0031H     UNIT         ?PR?SI1120_CONFIG_MODE_VIRH?SI1120
            CODE    714AH     002BH     UNIT         ?PR?_WAIT_MS_I2C?IOEXPANDER_PI4IOE5V96248
            CODE    7175H     002BH     UNIT         ?PR?_WAIT_MS_SPINOR?AT25SF041
            CODE    71A0H     002AH     UNIT         ?PR?_ADC_GETRESULT?ADC
            CODE    71CAH     0028H     UNIT         ?PR?_MOVE?BIPOLARMOTOR
            CODE    71F2H     0028H     UNIT         ?CO?CALIBRATION
            CODE    721AH     0027H     UNIT         ?PR?_I2C_SENDBYTE?IOEXPANDER_PI4IOE5V96248
            CODE    7241H     0027H     UNIT         ?PR?PUTCHAR?PUTCHAR
            CODE    7268H     0025H     UNIT         ?PR?_FINDCLOSESTSAMEDAYCALIBTIME?CALIBRATION
            CODE    728DH     0024H     UNIT         ?PR?_WAIT_MS?LCD_DRIVER_SPLC780D
            CODE    72B1H     0024H     UNIT         ?PR?_UART1_SENDTOTCPSERVER?UART1
            CODE    72D5H     0021H     UNIT         ?PR?TM0_ISR?MAIN
            CODE    72F6H     0020H     UNIT         ?PR?_SPI_SENDBYTE?PCF85063BTL
            CODE    7316H     0020H     UNIT         ?PR?SPI_RECEIVEBYTE?PCF85063BTL
            CODE    7336H     001EH     UNIT         ?PR?_DELAY_MS?KEYPAD
            CODE    7354H     001DH     UNIT         ?PR?_DISPLAYLCD?LCD_DRIVER_SPLC780D
            CODE    7371H     001BH     UNIT         ?PR?_BCDTODEC1?BIPOLARMOTOR
            CODE    738CH     001AH     UNIT         ?PR?ADC_INIT?ADC
            CODE    73A6H     0018H     UNIT         ?PR?_SPI_WRITETIME?PCF85063BTL
            CODE    73BEH     0017H     UNIT         ?PR?_ASCIITOBCD?UART1
            CODE    73D5H     0016H     UNIT         ?PR?I2C_ACK?IOEXPANDER_PI4IOE5V96248
            CODE    73EBH     0015H     UNIT         ?PR?_DISPLAY_LINE?LCD_DRIVER_SPLC780D
            CODE    7400H     0015H     UNIT         ?PR?VSETLOCATION?BIPOLARMOTOR
            CODE    7415H     0015H     UNIT         ?PR?I2C_STOP?IOEXPANDER_PI4IOE5V96248
            CODE    742AH     0014H     UNIT         ?PR?_PCF85063BTL_DELAY?PCF85063BTL
            CODE    743EH     0014H     UNIT         ?PR?_ISSPACE?ISSPACE
            CODE    7452H     0011H     UNIT         ?PR?_SPI_READTIME?PCF85063BTL
            CODE    7463H     0011H     UNIT         ?PR?_BCDTODEC?PCF85063BTL
            CODE    7474H     0011H     UNIT         ?PR?INITUART1?UART1
            CODE    7485H     000FH     UNIT         ?PR?I2C_START?IOEXPANDER_PI4IOE5V96248
            CODE    7494H     000FH     UNIT         ?PR?UC_NACK?IOEXPANDER_PI4IOE5V96248
            CODE    74A3H     000FH     UNIT         ?PR?_ISDIGIT?ISDIGIT
            CODE    74B2H     000DH     UNIT         ?PR?SPI_INIT?PCF85063BTL
            CODE    74BFH     000DH     UNIT         ?PR?ENABLE_EXTINT0?SI1120
            CODE    74CCH     000DH     UNIT         ?PR?_FABS?FABS
            CODE    74D9H     000CH     UNIT         ?PR?KEYPAD_IO_INIT?KEYPAD
            CODE    74E5H     000CH     UNIT         ?PR?_ABS?ABS
            CODE    74F1H     000AH     UNIT         ?PR?LCD_RETURN_HOME?LCD_DRIVER_SPLC780D
            CODE    74FBH     000AH     UNIT         ?PR?LCD_CLEAR?LCD_DRIVER_SPLC780D
            CODE    7505H     0009H     UNIT         ?PR?TM1_ISR?MAIN
            CODE    750EH     0009H     UNIT         ?PR?_SENDUART1?MAIN
            CODE    7517H     0009H     UNIT         ?PR?UART1_INITTCPCONN?UART1
            CODE    7520H     0006H     UNIT         ?PR?UC_ACK?IOEXPANDER_PI4IOE5V96248
            CODE    7526H     0006H     UNIT         ?PR?_TEN?UART1
            CODE    752CH     0001H     UNIT         ?PR?NOP?IOEXPANDER_PI4IOE5V96248
            CODE    752DH     0001H     UNIT         ?PR?_DECTOBCD?UART1



OVERLAY MAP OF MODULE:   .\Obj\GPIO_RTC_Test (MAIN)


BL51 BANKED LINKER/LOCATER V6.22                                                      08/19/2019  16:21:13  PAGE 5


SEGMENT                                             BIT_GROUP          DATA_GROUP          XDATA_GROUP
  +--> CALLED SEGMENT                            START    LENGTH     START    LENGTH     START    LENGTH
--------------------------------------------------------------------------------------------------------
?PR?EXINT0?MAIN                                  -----    -----      -----    -----      -----    -----
  +--> ?PR?_POW?POW

?PR?_POW?POW                                     -----    -----      -----    -----      03BCH    000AH
  +--> ?PR?LOG?LOG
  +--> ?PR?EXP?EXP

?PR?LOG?LOG                                      0020H.0  0000H.1    -----    -----      03C6H    0004H

*** NEW ROOT ***************************************************

?C_C51STARTUP                                    -----    -----      -----    -----      -----    -----
  +--> ?PR?MAIN?MAIN
  +--> ?C_INITSEG

?PR?MAIN?MAIN                                    -----    -----      -----    -----      03CAH    002EH
  +--> ?PR?LCD_INIT?LCD_DRIVER_SPLC780D
  +--> ?PR?SPI_INIT?PCF85063BTL
  +--> ?PR?KEYPAD_IO_INIT?KEYPAD
  +--> ?PR?ADC_INIT?ADC
  +--> ?PR?SI1120_CONFIG_MODE_VIRH?SI1120
  +--> ?PR?ENABLE_EXTINT0?SI1120
  +--> ?PR?VSETLOCATION?BIPOLARMOTOR
  +--> ?PR?_SPI_WRITETIME?PCF85063BTL
  +--> ?PR?_DELAY_MS?KEYPAD
  +--> ?PR?_DISPLAY_LINE?LCD_DRIVER_SPLC780D
  +--> ?PR?_WRITEDATA?LCD_DRIVER_SPLC780D
  +--> ?PR?INITUART1?UART1
  +--> ?PR?UART1_INITTCPCONN?UART1
  +--> ?CO?MAIN
  +--> ?PR?_UART1_SENDTOTCPSERVER?UART1
  +--> ?PR?KEY_PROCESS?KEYPAD
  +--> ?PR?_COMMAND?LCD_DRIVER_SPLC780D
  +--> ?PR?_DISPLAY_POS?LCD_DRIVER_SPLC780D
  +--> ?PR?_DISPLAYLCD?LCD_DRIVER_SPLC780D
  +--> ?PR?_STEP_MOVE?BIPOLARMOTOR
  +--> ?PR?LCD_RETURN_HOME?LCD_DRIVER_SPLC780D
  +--> ?PR?_READ_TIME?PCF85063BTL
  +--> ?PR?_BCDTODEC1?BIPOLARMOTOR
  +--> ?PR?_SENDSTRING?UART1
  +--> ?PR?_ELEVATION_CALCULATION?BIPOLARMOTOR
  +--> ?PR?PRINTF?PRINTF
  +--> ?PR?_CALIBRATION?CALIBRATION
  +--> ?PR?_UPDATE_POSITION?BIPOLARMOTOR
  +--> ?PR?_AT25SF041_READ?AT25SF041
  +--> ?PR?_WAIT_MS_SPINOR?AT25SF041
  +--> ?PR?AT25SF041_WRITEENABLE?AT25SF041
  +--> ?PR?_AT25SF041_WRITE?AT25SF041
  +--> ?PR?_ABS?ABS
  +--> ?PR?_FABS?FABS
  +--> ?PR?SPI_NOR_WRITE_DATA?AT25SF041
  +--> ?PR?_WAIT_MS?LCD_DRIVER_SPLC780D
  +--> ?PR?LINEAR_INTERPOLATE?BIPOLARMOTOR
  +--> ?PR?_FINDCLOSESTSAMEDAYCALIBTIME?CALI...
BL51 BANKED LINKER/LOCATER V6.22                                                      08/19/2019  16:21:13  PAGE 6


  +--> ?PR?_ADC_GETRESULT?ADC
  +--> ?PR?AT25SF041_CHIPERASE?AT25SF041
  +--> ?PR?LCD_CLEAR?LCD_DRIVER_SPLC780D

?PR?LCD_INIT?LCD_DRIVER_SPLC780D                 -----    -----      -----    -----      -----    -----
  +--> ?PR?_WAIT_MS?LCD_DRIVER_SPLC780D
  +--> ?PR?_COMMAND?LCD_DRIVER_SPLC780D

?PR?_COMMAND?LCD_DRIVER_SPLC780D                 -----    -----      -----    -----      -----    -----
  +--> ?PR?_WAIT_MS?LCD_DRIVER_SPLC780D

?PR?SI1120_CONFIG_MODE_VIRH?SI1120               -----    -----      -----    -----      -----    -----
  +--> ?PR?_WAIT_MS?LCD_DRIVER_SPLC780D

?PR?_SPI_WRITETIME?PCF85063BTL                   -----    -----      -----    -----      -----    -----
  +--> ?PR?_SPI_SENDBYTE?PCF85063BTL

?PR?_SPI_SENDBYTE?PCF85063BTL                    -----    -----      -----    -----      -----    -----
  +--> ?PR?_PCF85063BTL_DELAY?PCF85063BTL

?PR?_DISPLAY_LINE?LCD_DRIVER_SPLC780D            -----    -----      -----    -----      -----    -----
  +--> ?PR?_COMMAND?LCD_DRIVER_SPLC780D

?PR?_WRITEDATA?LCD_DRIVER_SPLC780D               -----    -----      -----    -----      04F4H    0001H
  +--> ?PR?_WAIT_MS?LCD_DRIVER_SPLC780D

?PR?UART1_INITTCPCONN?UART1                      -----    -----      -----    -----      -----    -----
  +--> ?CO?UART1
  +--> ?PR?_SENDSTRING?UART1

?PR?_SENDSTRING?UART1                            -----    -----      -----    -----      04E9H    0003H
  +--> ?PR?_SENDUART1?MAIN

?PR?_UART1_SENDTOTCPSERVER?UART1                 -----    -----      -----    -----      03F8H    0003H
  +--> ?CO?UART1
  +--> ?PR?_SENDSTRING?UART1
  +--> ?PR?_DELAY_MS?KEYPAD

?PR?KEY_PROCESS?KEYPAD                           -----    -----      -----    -----      03F8H    0006H
  +--> ?PR?KEY_SCAN?KEYPAD
  +--> ?PR?_SPI_WRITETIME?PCF85063BTL
  +--> ?PR?LCD_CLEAR?LCD_DRIVER_SPLC780D
  +--> ?PR?_COMMAND?LCD_DRIVER_SPLC780D
  +--> ?PR?_WRITEDATA?LCD_DRIVER_SPLC780D

?PR?KEY_SCAN?KEYPAD                              -----    -----      -----    -----      03FEH    0003H

?PR?LCD_CLEAR?LCD_DRIVER_SPLC780D                -----    -----      -----    -----      -----    -----
  +--> ?PR?_COMMAND?LCD_DRIVER_SPLC780D

?PR?_DISPLAY_POS?LCD_DRIVER_SPLC780D             -----    -----      -----    -----      04E9H    000BH
  +--> ?PR?_ABS?ABS
  +--> ?PR?_WRITEDATA?LCD_DRIVER_SPLC780D

?PR?_DISPLAYLCD?LCD_DRIVER_SPLC780D              -----    -----      -----    -----      03F8H    0001H
  +--> ?PR?_WRITEDATA?LCD_DRIVER_SPLC780D

BL51 BANKED LINKER/LOCATER V6.22                                                      08/19/2019  16:21:13  PAGE 7


?PR?_STEP_MOVE?BIPOLARMOTOR                      0020H.2  0000H.1    -----    -----      04EDH    0004H
  +--> ?PR?VONESTEPMOVE?BIPOLARMOTOR

?PR?VONESTEPMOVE?BIPOLARMOTOR                    0020H.3  0000H.1    -----    -----      -----    -----
  +--> ?PR?_WRITE_PI4IOE5V96248?IOEXPANDER_P...
  +--> ?PR?_DELAY_MS?KEYPAD

?PR?_WRITE_PI4IOE5V96248?IOEXPANDER_P...         -----    -----      -----    -----      04F1H    0003H
  +--> ?PR?I2C_START?IOEXPANDER_PI4IOE5V96248
  +--> ?PR?_WAIT_MS_I2C?IOEXPANDER_PI4IOE5V9...
  +--> ?PR?_I2C_SENDBYTE?IOEXPANDER_PI4IOE5V...
  +--> ?PR?I2C_ACK?IOEXPANDER_PI4IOE5V96248
  +--> ?PR?I2C_STOP?IOEXPANDER_PI4IOE5V96248

?PR?I2C_START?IOEXPANDER_PI4IOE5V96248           -----    -----      -----    -----      -----    -----
  +--> ?PR?_WAIT_MS_I2C?IOEXPANDER_PI4IOE5V9...

?PR?_I2C_SENDBYTE?IOEXPANDER_PI4IOE5V...         -----    -----      -----    -----      -----    -----
  +--> ?PR?_WAIT_MS_I2C?IOEXPANDER_PI4IOE5V9...

?PR?I2C_ACK?IOEXPANDER_PI4IOE5V96248             -----    -----      -----    -----      04F4H    0001H
  +--> ?PR?_WAIT_MS_I2C?IOEXPANDER_PI4IOE5V9...

?PR?I2C_STOP?IOEXPANDER_PI4IOE5V96248            -----    -----      -----    -----      -----    -----
  +--> ?PR?_WAIT_MS_I2C?IOEXPANDER_PI4IOE5V9...

?PR?LCD_RETURN_HOME?LCD_DRIVER_SPLC780D          -----    -----      -----    -----      -----    -----
  +--> ?PR?_COMMAND?LCD_DRIVER_SPLC780D

?PR?_READ_TIME?PCF85063BTL                       -----    -----      -----    -----      04E9H    000FH
  +--> ?PR?_SPI_READTIME?PCF85063BTL

?PR?_SPI_READTIME?PCF85063BTL                    -----    -----      -----    -----      -----    -----
  +--> ?PR?_SPI_SENDBYTE?PCF85063BTL
  +--> ?PR?SPI_RECEIVEBYTE?PCF85063BTL

?PR?SPI_RECEIVEBYTE?PCF85063BTL                  -----    -----      -----    -----      -----    -----
  +--> ?PR?_PCF85063BTL_DELAY?PCF85063BTL

?PR?_ELEVATION_CALCULATION?BIPOLARMOTOR          -----    -----      -----    -----      03F8H    0005H
  +--> ?PR?_BCDTODEC1?BIPOLARMOTOR
  +--> ?PR?SUNPOS?SUNPOS
  +--> ?PR?SIN?SIN
  +--> ?PR?ASIN?ASIN

?PR?SUNPOS?SUNPOS                                -----    -----      -----    -----      0442H    005DH
  +--> ?PR?SIN?SIN
  +--> ?PR?_ATAN2?ATAN2
  +--> ?PR?ASIN?ASIN
  +--> ?PR?ACOS?ACOS

?PR?SIN?SIN                                      0020H.1  0000H.1    -----    -----      049FH    0004H

?PR?_ATAN2?ATAN2                                 -----    -----      -----    -----      049FH    0008H
  +--> ?PR?ATAN?ATAN

?PR?ATAN?ATAN                                    0020H.1  0000H.2    -----    -----      04A7H    0004H
BL51 BANKED LINKER/LOCATER V6.22                                                      08/19/2019  16:21:13  PAGE 8



?PR?ASIN?ASIN                                    -----    -----      -----    -----      -----    -----
  +--> ?PR?SQRT?SQRT
  +--> ?PR?ATAN?ATAN

?PR?SQRT?SQRT                                    -----    -----      -----    -----      049FH    0004H

?PR?ACOS?ACOS                                    -----    -----      -----    -----      -----    -----
  +--> ?PR?SQRT?SQRT
  +--> ?PR?ATAN?ATAN

?PR?PRINTF?PRINTF                                0020H.1  0001H.1    0008H    0005H      04E9H    0030H
  +--> ?PR?PUTCHAR?PUTCHAR

?PR?_CALIBRATION?CALIBRATION                     -----    -----      -----    -----      03F8H    0024H
  +--> ?PR?VOLTAGE_IS_STABLE?CALIBRATION
  +--> ?PR?_UPDATE_POSITION?BIPOLARMOTOR
  +--> ?PR?_FIND_REAL_MAX?CALIBRATION

?PR?VOLTAGE_IS_STABLE?CALIBRATION                -----    -----      -----    -----      041CH    0018H
  +--> ?PR?_ADC_GETRESULT?ADC
  +--> ?PR?_ABS?ABS

?PR?_UPDATE_POSITION?BIPOLARMOTOR                -----    -----      -----    -----      041CH    0026H
  +--> ?PR?_BCDTODEC1?BIPOLARMOTOR
  +--> ?PR?SUNPOS?SUNPOS
  +--> ?PR?SIN?SIN
  +--> ?PR?ASIN?ASIN
  +--> ?PR?_THEORICALJP_POSITION?BIPOLARMOTOR
  +--> ?PR?_FABS?FABS
  +--> ?PR?_MOVE?BIPOLARMOTOR

?PR?_THEORICALJP_POSITION?BIPOLARMOTOR           -----    -----      -----    -----      0442H    005CH
  +--> ?PR?LINEAR_INTERPOLATE?BIPOLARMOTOR

?PR?LINEAR_INTERPOLATE?BIPOLARMOTOR              -----    -----      -----    -----      049EH    0014H

?PR?_MOVE?BIPOLARMOTOR                           0020H.1  0000H.1    -----    -----      04E9H    0004H
  +--> ?PR?_STEP_MOVE?BIPOLARMOTOR

?PR?_FIND_REAL_MAX?CALIBRATION                   -----    -----      -----    -----      041CH    00CDH
  +--> ?PR?_ADC_GETRESULT?ADC
  +--> ?PR?_WAIT_MS?LCD_DRIVER_SPLC780D
  +--> ?CO?CALIBRATION
  +--> ?PR?PRINTF?PRINTF
  +--> ?PR?_SENDSTRING?UART1
  +--> ?PR?_COMMAND?LCD_DRIVER_SPLC780D
  +--> ?PR?_WRITEDATA?LCD_DRIVER_SPLC780D
  +--> ?PR?_DISPLAY_POS?LCD_DRIVER_SPLC780D
  +--> ?PR?_MOVE?BIPOLARMOTOR
  +--> ?PR?_READ_TIME?PCF85063BTL
  +--> ?PR?_BCDTODEC1?BIPOLARMOTOR
  +--> ?PR?_MAX_VALUE?CALIBRATION

?PR?_MAX_VALUE?CALIBRATION                       -----    -----      -----    -----      04E9H    0004H

?PR?_AT25SF041_READ?AT25SF041                    -----    -----      -----    -----      03F8H    0008H
BL51 BANKED LINKER/LOCATER V6.22                                                      08/19/2019  16:21:13  PAGE 9


  +--> ?PR?_WAIT_MS_SPINOR?AT25SF041
  +--> ?PR?UCREAD_STATUS_REGISTER_BYTE1?AT25...

?PR?UCREAD_STATUS_REGISTER_BYTE1?AT25...         -----    -----      -----    -----      040EH    0003H
  +--> ?PR?_WAIT_MS_SPINOR?AT25SF041

?PR?AT25SF041_WRITEENABLE?AT25SF041              -----    -----      -----    -----      0406H    0002H
  +--> ?PR?_WAIT_MS_SPINOR?AT25SF041
  +--> ?PR?UCREAD_STATUS_REGISTER_BYTE1?AT25...

?PR?_AT25SF041_WRITE?AT25SF041                   -----    -----      -----    -----      0406H    0008H
  +--> ?PR?_WAIT_MS_SPINOR?AT25SF041
  +--> ?PR?UCREAD_STATUS_REGISTER_BYTE1?AT25...

?PR?SPI_NOR_WRITE_DATA?AT25SF041                 -----    -----      -----    -----      03F8H    000EH
  +--> ?PR?AT25SF041_WRITEENABLE?AT25SF041
  +--> ?PR?_AT25SF041_WRITE?AT25SF041
  +--> ?PR?_WAIT_MS_SPINOR?AT25SF041

?PR?AT25SF041_CHIPERASE?AT25SF041                -----    -----      -----    -----      03F8H    0002H
  +--> ?PR?_WAIT_MS_SPINOR?AT25SF041
  +--> ?PR?UCREAD_STATUS_REGISTER_BYTE1?AT25...



SYMBOL TABLE OF MODULE:  .\Obj\GPIO_RTC_Test (MAIN)

  VALUE           TYPE          NAME
  ----------------------------------

  -------         MODULE        MAIN
  C:0000H         SYMBOL        _ICE_DUMMY_
  X:0521H         PUBLIC        calib_value
  D:0080H         PUBLIC        P0
  D:0090H         PUBLIC        P1
  D:00A0H         PUBLIC        P2
  D:00B0H         PUBLIC        P3
  D:00C0H         PUBLIC        P4
  D:00C8H         PUBLIC        P5
  X:0575H         SYMBOL        PressedKey
  B:00A8H.7       PUBLIC        EA
  D:00E8H         PUBLIC        P6
  X:0579H         PUBLIC        calib_stamp
  D:00F8H         PUBLIC        P7
  X:057AH         PUBLIC        sTempString
  X:0583H         PUBLIC        calib_bool
  X:05ADH         PUBLIC        pwm_time_min
  D:00A8H         PUBLIC        IE
  X:05B1H         PUBLIC        calib_time
  X:0605H         PUBLIC        pwm_time_max
  B:0090H.7       PUBLIC        Connect_Electronics_Load
  D:00B8H         PUBLIC        IP
  B:0098H.0       PUBLIC        RI
  B:00B0H.2       PUBLIC        INT0
  X:0609H         PUBLIC        months
  B:0098H.1       PUBLIC        TI
  C:000EH         PUBLIC        Uart
BL51 BANKED LINKER/LOCATER V6.22                                                      08/19/2019  16:21:13  PAGE 10


  D:00D8H         PUBLIC        CCON
  C:0026H         PUBLIC        main
  X:060AH         PUBLIC        found_1st_point
  X:060CH         PUBLIC        i_point1
  X:060EH         PUBLIC        i_point2
  X:0610H         PUBLIC        count
  B:0090H.2       PUBLIC        Connect_IV_Load
  D:0099H         PUBLIC        SBUF
  X:0612H         PUBLIC        days
  X:0613H         PUBLIC        hours
  D:0098H         PUBLIC        SCON
  D:0089H         PUBLIC        TMOD
  D:0088H         PUBLIC        TCON
  B:00A0H.3       PUBLIC        P23
  X:0614H         SYMBOL        KeyCount
  X:0616H         PUBLIC        mins
  B:00C8H.5       PUBLIC        P55
  X:0617H         PUBLIC        diff_of_offset
  D:008EH         PUBLIC        AUXR
  C:72D5H         PUBLIC        tm0_isr
  B:0090H.5       PUBLIC        SI1120_STX
  C:7505H         PUBLIC        tm1_isr
  B:0021H.2       PUBLIC        busy
  D:00E0H         PUBLIC        ACC
  B:00A8H.1       PUBLIC        ET0
  B:00A8H.3       PUBLIC        ET1
  X:061BH         PUBLIC        SPI_NOR_INTERNAL_FLASH_ADDR
  D:008CH         PUBLIC        TH0
  D:008DH         PUBLIC        TH1
  D:008AH         PUBLIC        TL0
  D:008BH         PUBLIC        TL1
  X:061FH         PUBLIC        ii
  X:0621H         PUBLIC        jj
  B:0088H.4       PUBLIC        TR0
  B:0088H.6       PUBLIC        TR1
  X:0623H         PUBLIC        old_mins
  C:6476H         PUBLIC        exint0
  X:0624H         SYMBOL        KeyNum
  X:0625H         SYMBOL        KeyNum_Old
  X:0626H         PUBLIC        timer0_count
  X:0628H         PUBLIC        current_position
  X:062CH         PUBLIC        pwm_time
  X:0630H         PUBLIC        i
  X:0632H         PUBLIC        j
  X:0634H         PUBLIC        start_timer0_count
  X:0635H         PUBLIC        seconds
  D:00D0H         PUBLIC        PSW
  C:750EH         PUBLIC        _SendUART1
  -------         PROC          TM0_ISR
  C:72D5H         LINE#         106
  C:72DBH         LINE#         110
  C:72DEH         LINE#         111
  C:72E1H         LINE#         112
  C:72EFH         LINE#         113
  -------         ENDPROC       TM0_ISR
  -------         PROC          TM1_ISR
  C:7505H         LINE#         114
BL51 BANKED LINKER/LOCATER V6.22                                                      08/19/2019  16:21:13  PAGE 11


  C:7505H         LINE#         116
  C:7507H         LINE#         118
  C:750AH         LINE#         119
  C:750DH         LINE#         120
  -------         ENDPROC       TM1_ISR
  -------         PROC          EXINT0
  C:6476H         LINE#         121
  C:6493H         LINE#         125
  C:6496H         LINE#         126
  C:6496H         LINE#         127
  C:6499H         LINE#         128
  C:649CH         LINE#         129
  C:649EH         LINE#         130
  C:64A0H         LINE#         134
  C:64A3H         LINE#         137
  C:64A3H         LINE#         138
  C:64A5H         LINE#         140
  C:64B1H         LINE#         141
  C:650BH         LINE#         142
  C:6549H         LINE#         143
  C:6550H         LINE#         148
  C:6550H         LINE#         150
  -------         ENDPROC       EXINT0
  -------         PROC          MAIN
  -------         DO            
  X:0519H         SYMBOL        KeyCount
  X:051BH         SYMBOL        KeyNum_Old
  X:051CH         SYMBOL        KeyNum
  X:051DH         SYMBOL        PressedKey
  X:03CAH         SYMBOL        prox_flag
  X:03CBH         SYMBOL        iUse_prevday_calib_value
  X:03CDH         SYMBOL        max_ADC_Val_JP
  X:03CFH         SYMBOL        max_ADC_Val
  X:03D1H         SYMBOL        calib_point1
  X:03D9H         SYMBOL        calib_point2
  X:03E1H         SYMBOL        dat_to_store
  X:03ECH         SYMBOL        calib_day
  X:03EEH         SYMBOL        calib_count
  X:03F0H         SYMBOL        theorical_JP_max_pos
  X:03F4H         SYMBOL        elevation
  -------         ENDDO         
  C:0026H         LINE#         152
  C:0026H         LINE#         153
  C:0026H         LINE#         158
  C:002CH         LINE#         159
  C:0031H         LINE#         161
  C:0039H         LINE#         165
  C:003FH         LINE#         166
  C:0049H         LINE#         177
  C:0051H         LINE#         178
  C:0058H         LINE#         179
  C:005EH         LINE#         181
  C:0064H         LINE#         193
  C:0067H         LINE#         194
  C:006AH         LINE#         195
  C:006DH         LINE#         197
  C:0070H         LINE#         200
BL51 BANKED LINKER/LOCATER V6.22                                                      08/19/2019  16:21:13  PAGE 12


  C:0073H         LINE#         201
  C:0076H         LINE#         203
  C:0079H         LINE#         205
  C:007CH         LINE#         206
  C:007FH         LINE#         207
  C:0082H         LINE#         208
  C:0084H         LINE#         209
  C:0086H         LINE#         210
  C:0089H         LINE#         211
  C:008BH         LINE#         212
  C:008DH         LINE#         214
  C:008FH         LINE#         215
  C:0096H         LINE#         216
  C:009DH         LINE#         217
  C:00A4H         LINE#         218
  C:00ABH         LINE#         222
  C:00B2H         LINE#         223
  C:00B7H         LINE#         224
  C:00BCH         LINE#         225
  C:00C1H         LINE#         226
  C:00C6H         LINE#         227
  C:00CBH         LINE#         230
  C:00D2H         LINE#         231
  C:00D2H         LINE#         232
  C:00F5H         LINE#         233
  C:013FH         LINE#         234
  C:0154H         LINE#         235
  C:0171H         LINE#         236
  C:0174H         LINE#         239
  C:017BH         LINE#         242
  C:017EH         LINE#         244
  C:0185H         LINE#         245
  C:018EH         LINE#         248
  C:018EH         LINE#         249
  C:018EH         LINE#         250
  C:0191H         LINE#         260
  C:0191H         LINE#         264
  C:0196H         LINE#         265
  C:019BH         LINE#         267
  C:01A0H         LINE#         269
  C:01A5H         LINE#         270
  C:01AAH         LINE#         273
  C:01BBH         LINE#         275
  C:01C0H         LINE#         276
  C:01C5H         LINE#         278
  C:01CCH         LINE#         279
  C:01D4H         LINE#         280
  C:01D9H         LINE#         281
  C:01E1H         LINE#         282
  C:01E6H         LINE#         283
  C:01F0H         LINE#         284
  C:01F5H         LINE#         285
  C:01FDH         LINE#         287
  C:0205H         LINE#         288
  C:020AH         LINE#         289
  C:0214H         LINE#         290
  C:0214H         LINE#         291
BL51 BANKED LINKER/LOCATER V6.22                                                      08/19/2019  16:21:13  PAGE 13


  C:0216H         LINE#         292
  C:0218H         LINE#         293
  C:0222H         LINE#         294
  C:0222H         LINE#         295
  C:0227H         LINE#         296
  C:0227H         LINE#         308
  C:023BH         LINE#         309
  C:023BH         LINE#         310
  C:0250H         LINE#         311
  C:025FH         LINE#         312
  C:025FH         LINE#         313
  C:0272H         LINE#         314
  C:0274H         LINE#         316
  C:0274H         LINE#         317
  C:0290H         LINE#         318
  C:0290H         LINE#         319
  C:0295H         LINE#         320
  C:0295H         LINE#         321
  C:02A9H         LINE#         322
  C:02A9H         LINE#         325
  C:02BEH         LINE#         326
  C:02CDH         LINE#         327
  C:02CDH         LINE#         328
  C:02E0H         LINE#         329
  C:02E2H         LINE#         331
  C:02E2H         LINE#         332
  C:02FEH         LINE#         333
  C:02FEH         LINE#         334
  C:0303H         LINE#         335
  C:0309H         LINE#         336
  C:0309H         LINE#         338
  C:032BH         LINE#         339
  C:032BH         LINE#         340
  C:0335H         LINE#         341
  C:033BH         LINE#         342
  C:0342H         LINE#         343
  C:0348H         LINE#         344
  C:034FH         LINE#         345
  C:034FH         LINE#         346
  C:0352H         LINE#         348
  C:0352H         LINE#         353
  C:035AH         LINE#         354
  C:0395H         LINE#         355
  C:03B3H         LINE#         356
  C:03B3H         LINE#         358
  C:03BCH         LINE#         359
  C:03C3H         LINE#         360
  C:03CCH         LINE#         361
  C:03D3H         LINE#         363
  C:03D3H         LINE#         367
  C:03E0H         LINE#         368
  C:03E0H         LINE#         371
  C:03E7H         LINE#         372
  C:03F8H         LINE#         375
  C:03F8H         LINE#         376
  C:0420H         LINE#         377
  C:0420H         LINE#         378
BL51 BANKED LINKER/LOCATER V6.22                                                      08/19/2019  16:21:13  PAGE 14


  C:0442H         LINE#         379
  C:0442H         LINE#         381
  C:0468H         LINE#         382
  C:04BEH         LINE#         383
  C:04C7H         LINE#         384
  C:04CEH         LINE#         385
  C:04D7H         LINE#         386
  C:04E0H         LINE#         387
  C:04E7H         LINE#         393
  C:04E7H         LINE#         399
  C:04E7H         LINE#         401
  C:0563H         LINE#         402
  C:057CH         LINE#         403
  C:057EH         LINE#         404
  C:0580H         LINE#         406
  C:060AH         LINE#         411
  C:0638H         LINE#         412
  C:0638H         LINE#         414
  C:066EH         LINE#         415
  C:0691H         LINE#         416
  C:06A6H         LINE#         417
  C:06B0H         LINE#         419
  C:06B3H         LINE#         421
  C:06B3H         LINE#         422
  C:06D9H         LINE#         423
  C:06D9H         LINE#         424
  C:0701H         LINE#         425
  C:07B0H         LINE#         426
  C:07D6H         LINE#         427
  C:0888H         LINE#         430
  C:0888H         LINE#         432
  C:088FH         LINE#         433
  C:0892H         LINE#         436
  C:08C7H         LINE#         437
  C:08CEH         LINE#         438
  C:08D1H         LINE#         440
  C:090BH         LINE#         441
  C:0937H         LINE#         443
  C:0966H         LINE#         445
  C:096DH         LINE#         446
  C:0974H         LINE#         447
  C:0977H         LINE#         450
  C:09DFH         LINE#         452
  C:09E6H         LINE#         454
  C:09EDH         LINE#         455
  C:09F0H         LINE#         458
  C:0AAFH         LINE#         460
  C:0AB6H         LINE#         461
  C:0AB6H         LINE#         463
  C:0AB8H         LINE#         465
  C:0AB8H         LINE#         467
  C:0AB8H         LINE#         468
  C:0AB8H         LINE#         469
  C:0AB8H         LINE#         486
  C:0AC0H         LINE#         487
  C:0AC8H         LINE#         488
  C:0AD0H         LINE#         489
BL51 BANKED LINKER/LOCATER V6.22                                                      08/19/2019  16:21:13  PAGE 15


  C:0AD8H         LINE#         491
  C:0AECH         LINE#         492
  C:0B02H         LINE#         493
  C:0B32H         LINE#         494
  C:0B52H         LINE#         496
  C:0B66H         LINE#         497
  C:0B7CH         LINE#         498
  C:0BACH         LINE#         499
  C:0BB3H         LINE#         501
  C:0BD7H         LINE#         504
  C:0C02H         LINE#         506
  C:0C0BH         LINE#         507
  C:0C12H         LINE#         508
  C:0C1BH         LINE#         509
  C:0C24H         LINE#         510
  C:0C2BH         LINE#         512
  C:0C68H         LINE#         514
  C:0C71H         LINE#         515
  C:0C78H         LINE#         516
  C:0C81H         LINE#         517
  C:0C8AH         LINE#         518
  C:0C91H         LINE#         520
  C:0CBCH         LINE#         522
  C:0CC5H         LINE#         523
  C:0CCCH         LINE#         524
  C:0CD5H         LINE#         525
  C:0CDEH         LINE#         526
  C:0CE5H         LINE#         528
  C:0D10H         LINE#         530
  C:0D19H         LINE#         531
  C:0D20H         LINE#         532
  C:0D29H         LINE#         533
  C:0D30H         LINE#         534
  C:0D39H         LINE#         535
  C:0D40H         LINE#         537
  C:0D42H         LINE#         539
  C:0D50H         LINE#         540
  C:0D50H         LINE#         541
  C:0D58H         LINE#         544
  C:0D58H         LINE#         545
  C:0D58H         LINE#         547
  C:0D7DH         LINE#         548
  C:0D7DH         LINE#         549
  C:0D9FH         LINE#         550
  C:0D9FH         LINE#         551
  C:0E1BH         LINE#         552
  C:0E1DH         LINE#         553
  C:0E1FH         LINE#         555
  C:0E77H         LINE#         558
  C:0E86H         LINE#         559
  C:0E86H         LINE#         560
  C:0E86H         LINE#         561
  C:0E86H         LINE#         562
  C:0E86H         LINE#         563
  C:0E86H         LINE#         564
  C:0E86H         LINE#         565
  C:0E86H         LINE#         568
BL51 BANKED LINKER/LOCATER V6.22                                                      08/19/2019  16:21:13  PAGE 16


  C:0E86H         LINE#         570
  C:0E86H         LINE#         571
  C:0E86H         LINE#         572
  C:0E86H         LINE#         573
  C:0E86H         LINE#         577
  C:0E86H         LINE#         579
  C:0E86H         LINE#         581
  C:0E86H         LINE#         582
  C:0E86H         LINE#         583
  C:0E86H         LINE#         584
  C:0E86H         LINE#         585
  C:0E86H         LINE#         586
  C:0E86H         LINE#         589
  C:0E86H         LINE#         591
  C:0E86H         LINE#         592
  C:0E86H         LINE#         593
  C:0E86H         LINE#         594
  C:0E86H         LINE#         595
  C:0E86H         LINE#         596
  C:0E86H         LINE#         597
  C:0E86H         LINE#         599
  C:0E89H         LINE#         602
  C:0EB0H         LINE#         603
  C:0EB0H         LINE#         606
  C:0ED2H         LINE#         607
  C:0ED2H         LINE#         608
  C:0F4EH         LINE#         610
  C:0F7BH         LINE#         613
  C:0F9CH         LINE#         614
  C:1017H         LINE#         615
  C:103DH         LINE#         616
  C:10BBH         LINE#         617
  C:10BDH         LINE#         618
  C:10BFH         LINE#         620
  C:10F8H         LINE#         621
  C:10F8H         LINE#         627
  C:1123H         LINE#         628
  C:119BH         LINE#         629
  C:11C7H         LINE#         630
  C:1256H         LINE#         633
  C:12BEH         LINE#         634
  C:12C0H         LINE#         636
  C:12C0H         LINE#         637
  C:1323H         LINE#         638
  C:1323H         LINE#         641
  C:1332H         LINE#         642
  C:1332H         LINE#         643
  C:13B0H         LINE#         644
  C:13B9H         LINE#         645
  C:13C0H         LINE#         646
  C:13C9H         LINE#         647
  C:13D2H         LINE#         648
  C:13D9H         LINE#         651
  C:1404H         LINE#         653
  C:140DH         LINE#         654
  C:1414H         LINE#         655
  C:141DH         LINE#         656
BL51 BANKED LINKER/LOCATER V6.22                                                      08/19/2019  16:21:13  PAGE 17


  C:1426H         LINE#         660
  C:142DH         LINE#         662
  C:1458H         LINE#         664
  C:1461H         LINE#         665
  C:1468H         LINE#         666
  C:1471H         LINE#         667
  C:1478H         LINE#         669
  C:1481H         LINE#         670
  C:1488H         LINE#         673
  C:14C6H         LINE#         675
  C:14CFH         LINE#         676
  C:14D6H         LINE#         677
  C:14DFH         LINE#         678
  C:14E8H         LINE#         679
  C:14EFH         LINE#         680
  C:14EFH         LINE#         682
  C:14EFH         LINE#         684
  C:14EFH         LINE#         685
  C:14EFH         LINE#         687
  C:14EFH         LINE#         691
  C:150BH         LINE#         692
  C:150BH         LINE#         693
  C:150DH         LINE#         696
  C:1510H         LINE#         698
  C:1540H         LINE#         699
  C:1540H         LINE#         700
  C:1542H         LINE#         702
  C:1551H         LINE#         703
  C:1551H         LINE#         705
  C:1554H         LINE#         707
  C:1557H         LINE#         708
  C:155EH         LINE#         710
  C:157AH         LINE#         711
  C:157AH         LINE#         712
  C:1597H         LINE#         713
  C:1597H         LINE#         714
  C:159DH         LINE#         715
  C:15A0H         LINE#         718
  C:15D5H         LINE#         719
  C:15DCH         LINE#         720
  C:15DFH         LINE#         722
  C:1619H         LINE#         723
  C:162FH         LINE#         725
  C:1648H         LINE#         727
  C:164FH         LINE#         728
  C:1656H         LINE#         729
  C:1659H         LINE#         732
  C:16AEH         LINE#         734
  C:16B5H         LINE#         736
  C:16BCH         LINE#         737
  C:16BFH         LINE#         740
  C:176BH         LINE#         742
  C:1772H         LINE#         743
  C:1772H         LINE#         744
  C:1783H         LINE#         746
  C:1783H         LINE#         750
  C:178AH         LINE#         751
BL51 BANKED LINKER/LOCATER V6.22                                                      08/19/2019  16:21:13  PAGE 18


  C:178AH         LINE#         754
  C:1799H         LINE#         755
  C:1799H         LINE#         756
  C:17CBH         LINE#         757
  C:17CBH         LINE#         758
  C:184AH         LINE#         760
  C:1851H         LINE#         761
  C:1854H         LINE#         763
  C:188EH         LINE#         764
  C:18A4H         LINE#         766
  C:18BDH         LINE#         768
  C:18C4H         LINE#         769
  C:18CBH         LINE#         770
  C:18CEH         LINE#         772
  C:1923H         LINE#         773
  C:192AH         LINE#         775
  C:1931H         LINE#         776
  C:1934H         LINE#         778
  C:19E0H         LINE#         779
  C:19E7H         LINE#         781
  C:19EEH         LINE#         782
  C:19F1H         LINE#         784
  C:1A15H         LINE#         785
  C:1A1CH         LINE#         786
  C:1A2DH         LINE#         789
  C:1A41H         LINE#         790
  C:1A55H         LINE#         791
  C:1A64H         LINE#         792
  C:1A64H         LINE#         794
  C:1A97H         LINE#         795
  C:1A97H         LINE#         796
  C:1ABDH         LINE#         798
  C:1ADCH         LINE#         800
  C:1AEEH         LINE#         803
  C:1B18H         LINE#         806
  C:1B27H         LINE#         807
  C:1B2AH         LINE#         810
  C:1B5BH         LINE#         811
  C:1B5BH         LINE#         813
  C:1B81H         LINE#         815
  C:1BA0H         LINE#         816
  C:1BB2H         LINE#         819
  C:1BDCH         LINE#         822
  C:1BECH         LINE#         823
  C:1BF2H         LINE#         824
  C:1C06H         LINE#         825
  C:1C1AH         LINE#         826
  C:1C22H         LINE#         827
  C:1C2FH         LINE#         828
  C:1C2FH         LINE#         829
  C:1C53H         LINE#         830
  C:1C53H         LINE#         831
  C:1C9DH         LINE#         832
  C:1CA4H         LINE#         833
  C:1CA7H         LINE#         836
  C:1CCBH         LINE#         838
  C:1CD2H         LINE#         839
BL51 BANKED LINKER/LOCATER V6.22                                                      08/19/2019  16:21:13  PAGE 19


  C:1CD5H         LINE#         841
  C:1D08H         LINE#         842
  C:1D27H         LINE#         844
  C:1D49H         LINE#         846
  C:1D50H         LINE#         848
  C:1D57H         LINE#         849
  C:1D5AH         LINE#         851
  C:1DAFH         LINE#         852
  C:1DB6H         LINE#         854
  C:1DBDH         LINE#         855
  C:1DC0H         LINE#         857
  C:1E6CH         LINE#         858
  C:1E73H         LINE#         859
  C:1E84H         LINE#         860
  C:1E84H         LINE#         861
  C:1E84H         LINE#         865
  C:1EA6H         LINE#         866
  C:1EB3H         LINE#         867
  C:1EB3H         LINE#         868
  C:1ED6H         LINE#         869
  C:1ED6H         LINE#         870
  C:1F26H         LINE#         871
  C:1F26H         LINE#         872
  C:1F2DH         LINE#         873
  C:1F30H         LINE#         875
  C:1F6AH         LINE#         876
  C:1F80H         LINE#         878
  C:1F99H         LINE#         880
  C:1FA0H         LINE#         881
  C:1FA7H         LINE#         882
  C:1FAAH         LINE#         884
  C:1FFFH         LINE#         885
  C:2006H         LINE#         887
  C:200DH         LINE#         888
  C:2010H         LINE#         890
  C:20BCH         LINE#         891
  C:20C3H         LINE#         893
  C:20CAH         LINE#         894
  C:20CDH         LINE#         896
  C:20F1H         LINE#         897
  C:20F8H         LINE#         898
  C:20F8H         LINE#         899
  C:2109H         LINE#         900
  C:2109H         LINE#         901
  C:2109H         LINE#         902
  C:212EH         LINE#         903
  C:212EH         LINE#         904
  C:2146H         LINE#         905
  C:2146H         LINE#         906
  C:2160H         LINE#         907
  C:2170H         LINE#         909
  C:2170H         LINE#         911
  C:217FH         LINE#         912
  C:217FH         LINE#         913
  C:2182H         LINE#         914
  C:2189H         LINE#         915
  C:218EH         LINE#         916
BL51 BANKED LINKER/LOCATER V6.22                                                      08/19/2019  16:21:13  PAGE 20


  C:2193H         LINE#         917
  C:2198H         LINE#         918
  C:219DH         LINE#         919
  C:21A2H         LINE#         929
  C:21A5H         LINE#         931
  C:21A8H         LINE#         932
  C:21AFH         LINE#         933
  C:21B9H         LINE#         934
  C:21C0H         LINE#         936
  C:21C3H         LINE#         945
  C:21C3H         LINE#         946
  -------         ENDPROC       MAIN
  -------         PROC          UART
  C:000EH         LINE#         960
  C:000EH         LINE#         962
  C:0011H         LINE#         963
  C:0011H         LINE#         964
  C:0013H         LINE#         966
  C:0013H         LINE#         967
  C:0016H         LINE#         968
  C:0016H         LINE#         969
  C:0018H         LINE#         970
  C:001AH         LINE#         971
  C:001AH         LINE#         972
  -------         ENDPROC       UART
  -------         PROC          _SENDUART1
  D:0007H         SYMBOL        dat
  C:750EH         LINE#         974
  C:750EH         LINE#         975
  C:750EH         LINE#         976
  C:7511H         LINE#         977
  C:7513H         LINE#         978
  C:7514H         LINE#         979
  C:7516H         LINE#         980
  -------         ENDPROC       _SENDUART1
  -------         ENDMOD        MAIN

  -------         MODULE        PCF85063BTL
  C:0000H         SYMBOL        _ICE_DUMMY_
  D:0096H         PUBLIC        P2M0
  D:0080H         PUBLIC        P0
  D:0095H         PUBLIC        P2M1
  D:0090H         PUBLIC        P1
  D:00A0H         PUBLIC        P2
  D:00B0H         PUBLIC        P3
  D:00C0H         PUBLIC        P4
  D:00C8H         PUBLIC        P5
  D:00E8H         PUBLIC        P6
  B:00A0H.1       PUBLIC        PCF85063BTL_SDI
  D:00F8H         PUBLIC        P7
  B:00A0H.2       PUBLIC        PCF85063BTL_SCK
  B:00A0H.1       PUBLIC        PCF85063BTL_SDO
  D:00A8H         PUBLIC        IE
  C:6D90H         PUBLIC        _Read_time
  C:7430H         PUBLIC        _PCF85063BTL_Delay
  D:00B8H         PUBLIC        IP
  D:00D8H         PUBLIC        CCON
BL51 BANKED LINKER/LOCATER V6.22                                                      08/19/2019  16:21:13  PAGE 21


  C:6C1DH         PUBLIC        _Day_Of_Year
  C:7316H         PUBLIC        SPI_ReceiveByte
  D:0098H         PUBLIC        SCON
  D:0088H         PUBLIC        TCON
  C:7463H         PUBLIC        _BCDtoDec
  B:00A0H.0       PUBLIC        PCF85063BTL_CS
  C:7452H         PUBLIC        _SPI_ReadTime
  C:74B2H         PUBLIC        SPI_Init
  C:73A6H         PUBLIC        _SPI_WriteTime
  C:72F6H         PUBLIC        _SPI_SendByte
  D:00D0H         PUBLIC        PSW
  C:742CH         SYMBOL        L?0048
  -------         PROC          L?0047
  -------         ENDPROC       L?0047
  C:742CH         SYMBOL        L?0048
  -------         PROC          _PCF85063BTL_DELAY
  D:0006H         SYMBOL        us
  C:7430H         LINE#         8
  C:7430H         LINE#         9
  C:7430H         LINE#         10
  C:743AH         LINE#         11
  C:743AH         LINE#         12
  C:743BH         LINE#         13
  C:743DH         LINE#         14
  -------         ENDPROC       _PCF85063BTL_DELAY
  -------         PROC          _SPI_SENDBYTE
  D:0005H         SYMBOL        dat
  -------         DO            
  D:0003H         SYMBOL        i
  -------         ENDDO         
  C:72F6H         LINE#         17
  C:72F8H         LINE#         18
  C:72F8H         LINE#         20
  C:72FAH         LINE#         21
  C:72FAH         LINE#         22
  C:72FCH         LINE#         23
  C:7300H         LINE#         24
  C:7300H         LINE#         25
  C:7302H         LINE#         26
  C:7304H         LINE#         28
  C:7304H         LINE#         29
  C:7306H         LINE#         30
  C:7306H         LINE#         31
  C:7309H         LINE#         32
  C:7309H         LINE#         33
  C:730CH         LINE#         34
  C:7310H         LINE#         35
  C:7315H         LINE#         36
  -------         ENDPROC       _SPI_SENDBYTE
  -------         PROC          SPI_RECEIVEBYTE
  -------         DO            
  D:0003H         SYMBOL        i
  D:0005H         SYMBOL        dat
  -------         ENDDO         
  C:7316H         LINE#         39
  C:7316H         LINE#         40
  C:7316H         LINE#         42
BL51 BANKED LINKER/LOCATER V6.22                                                      08/19/2019  16:21:13  PAGE 22


  C:7318H         LINE#         44
  C:731AH         LINE#         45
  C:731BH         LINE#         46
  C:731BH         LINE#         47
  C:731FH         LINE#         48
  C:7321H         LINE#         49
  C:7324H         LINE#         51
  C:7327H         LINE#         52
  C:7327H         LINE#         53
  C:732BH         LINE#         54
  C:732BH         LINE#         55
  C:732BH         LINE#         56
  C:732EH         LINE#         57
  C:7333H         LINE#         58
  C:7335H         LINE#         59
  -------         ENDPROC       SPI_RECEIVEBYTE
  -------         PROC          _SPI_READTIME
  D:0007H         SYMBOL        addr
  -------         DO            
  D:0006H         SYMBOL        dat
  -------         ENDDO         
  C:7452H         LINE#         61
  C:7452H         LINE#         62
  C:7452H         LINE#         64
  C:7454H         LINE#         65
  C:7456H         LINE#         66
  C:745DH         LINE#         67
  C:7460H         LINE#         68
  C:7462H         LINE#         69
  C:7462H         LINE#         70
  -------         ENDPROC       _SPI_READTIME
  -------         PROC          _SPI_WRITETIME
  D:0002H         SYMBOL        val
  D:0005H         SYMBOL        addr
  C:73A6H         LINE#         71
  C:73A8H         LINE#         72
  C:73A8H         LINE#         74
  C:73AAH         LINE#         75
  C:73B1H         LINE#         76
  C:73B6H         LINE#         77
  C:73BBH         LINE#         78
  C:73BDH         LINE#         79
  -------         ENDPROC       _SPI_WRITETIME
  -------         PROC          SPI_INIT
  C:74B2H         LINE#         83
  C:74B2H         LINE#         84
  C:74B2H         LINE#         89
  C:74B5H         LINE#         90
  C:74B8H         LINE#         91
  C:74BAH         LINE#         92
  C:74BCH         LINE#         93
  C:74BEH         LINE#         94
  -------         ENDPROC       SPI_INIT
  -------         PROC          _READ_TIME
  X:04E9H         SYMBOL        months
  X:04ECH         SYMBOL        days
  X:04EFH         SYMBOL        hours
BL51 BANKED LINKER/LOCATER V6.22                                                      08/19/2019  16:21:13  PAGE 23


  X:04F2H         SYMBOL        mins
  X:04F5H         SYMBOL        seconds
  C:6D90H         LINE#         96
  C:6D9BH         LINE#         97
  C:6D9BH         LINE#         99
  C:6DAFH         LINE#         101
  C:6DC3H         LINE#         103
  C:6DD7H         LINE#         108
  C:6DEBH         LINE#         113
  -------         ENDPROC       _READ_TIME
  -------         PROC          _BCDTODEC
  D:0007H         SYMBOL        bcd
  -------         DO            
  D:0006H         SYMBOL        hi
  D:0007H         SYMBOL        lo
  -------         ENDDO         
  C:7463H         LINE#         119
  C:7463H         LINE#         120
  C:7463H         LINE#         122
  C:7468H         LINE#         123
  C:746CH         LINE#         124
  C:7473H         LINE#         125
  -------         ENDPROC       _BCDTODEC
  -------         PROC          _DAY_OF_YEAR
  D:0007H         SYMBOL        months_bcd
  D:0005H         SYMBOL        days_bcd
  -------         DO            
  D:0004H         SYMBOL        months
  D:0007H         SYMBOL        days
  -------         ENDDO         
  C:6C1DH         LINE#         126
  C:6C1DH         LINE#         127
  C:6C1DH         LINE#         130
  C:6C22H         LINE#         132
  C:6C27H         LINE#         134
  C:6C60H         LINE#         135
  C:6C60H         LINE#         136
  C:6C60H         LINE#         137
  C:6C63H         LINE#         138
  C:6C63H         LINE#         139
  C:6C63H         LINE#         140
  C:6C68H         LINE#         141
  C:6C68H         LINE#         142
  C:6C68H         LINE#         143
  C:6C6DH         LINE#         144
  C:6C6DH         LINE#         145
  C:6C6DH         LINE#         146
  C:6C72H         LINE#         147
  C:6C72H         LINE#         148
  C:6C72H         LINE#         149
  C:6C77H         LINE#         150
  C:6C77H         LINE#         151
  C:6C77H         LINE#         152
  C:6C7CH         LINE#         153
  C:6C7CH         LINE#         154
  C:6C7CH         LINE#         155
  C:6C81H         LINE#         156
BL51 BANKED LINKER/LOCATER V6.22                                                      08/19/2019  16:21:13  PAGE 24


  C:6C81H         LINE#         157
  C:6C81H         LINE#         158
  C:6C86H         LINE#         159
  C:6C86H         LINE#         160
  C:6C86H         LINE#         161
  C:6C8EH         LINE#         162
  C:6C8EH         LINE#         163
  C:6C8EH         LINE#         164
  C:6C93H         LINE#         165
  C:6C93H         LINE#         166
  C:6C93H         LINE#         167
  C:6C98H         LINE#         168
  C:6C98H         LINE#         169
  C:6C98H         LINE#         170
  C:6CA1H         LINE#         171
  C:6CA1H         LINE#         172
  C:6CA1H         LINE#         173
  C:6CA4H         LINE#         174
  C:6CA4H         LINE#         175
  -------         ENDPROC       _DAY_OF_YEAR
  -------         ENDMOD        PCF85063BTL

  -------         MODULE        LCD_DRIVER_SPLC780D
  C:0000H         SYMBOL        _ICE_DUMMY_
  D:0092H         PUBLIC        P1M0
  D:0091H         PUBLIC        P1M1
  D:0080H         PUBLIC        P0
  D:0090H         PUBLIC        P1
  D:00A0H         PUBLIC        P2
  D:00B0H         PUBLIC        P3
  D:00C0H         PUBLIC        P4
  D:00C8H         PUBLIC        P5
  D:00E8H         PUBLIC        P6
  D:00F8H         PUBLIC        P7
  C:6CA9H         PUBLIC        _WriteData
  D:00A8H         PUBLIC        IE
  D:00B8H         PUBLIC        IP
  D:00D8H         PUBLIC        CCON
  B:00B0H.4       PUBLIC        LCD_D4
  B:00B0H.5       PUBLIC        LCD_D5
  B:00B0H.6       PUBLIC        LCD_D6
  C:7354H         PUBLIC        _DisplayLCD
  B:00B0H.7       PUBLIC        LCD_D7
  D:0098H         PUBLIC        SCON
  D:0088H         PUBLIC        TCON
  C:74FBH         PUBLIC        LCD_clear
  C:702BH         PUBLIC        _Command
  C:73EBH         PUBLIC        _Display_Line
  C:6E59H         PUBLIC        LCD_Init
  C:7293H         PUBLIC        _Wait_ms
  B:00C0H.0       PUBLIC        LCD_RS
  B:0090H.3       PUBLIC        LCD_RW
  C:74F1H         PUBLIC        LCD_return_home
  C:5EC4H         PUBLIC        _Display_Pos
  B:00B0H.3       PUBLIC        LCD_E
  D:00D0H         PUBLIC        PSW
  -------         PROC          LCD_INIT
BL51 BANKED LINKER/LOCATER V6.22                                                      08/19/2019  16:21:13  PAGE 25


  C:6E59H         LINE#         9
  C:6E59H         LINE#         10
  C:6E59H         LINE#         11
  C:6E5CH         LINE#         12
  C:6E5FH         LINE#         14
  C:6E65H         LINE#         15
  C:6E6AH         LINE#         17
  C:6E71H         LINE#         18
  C:6E76H         LINE#         20
  C:6E79H         LINE#         21
  C:6E7EH         LINE#         23
  C:6E81H         LINE#         24
  C:6E86H         LINE#         26
  C:6E8DH         LINE#         29
  C:6E92H         LINE#         30
  C:6E97H         LINE#         32
  C:6E9CH         LINE#         33
  C:6EA1H         LINE#         35
  C:6EA6H         LINE#         36
  C:6EABH         LINE#         37
  -------         ENDPROC       LCD_INIT
  C:6CA5H         SYMBOL        L?0035
  -------         PROC          L?0034
  -------         ENDPROC       L?0034
  C:6CA5H         SYMBOL        L?0035
  -------         PROC          _WRITEDATA
  X:04F4H         SYMBOL        dat
  C:6CA9H         LINE#         40
  C:6CAEH         LINE#         41
  C:6CAEH         LINE#         46
  C:6CB0H         LINE#         47
  C:6CB2H         LINE#         49
  C:6CC0H         LINE#         50
  C:6CCCH         LINE#         51
  C:6CD8H         LINE#         52
  C:6CE2H         LINE#         53
  C:6CE4H         LINE#         54
  C:6CEBH         LINE#         55
  C:6CEDH         LINE#         57
  C:6CFDH         LINE#         58
  C:6D08H         LINE#         59
  C:6D12H         LINE#         60
  C:6D16H         LINE#         62
  C:6D16H         LINE#         63
  C:6D19H         LINE#         64
  C:6D1BH         LINE#         65
  C:6D1DH         LINE#         67
  -------         ENDPROC       _WRITEDATA
  -------         PROC          _COMMAND
  D:0007H         SYMBOL        dat
  C:702BH         LINE#         69
  C:702BH         LINE#         70
  C:702BH         LINE#         71
  C:702DH         LINE#         72
  C:702FH         LINE#         74
  C:7039H         LINE#         75
  C:703DH         LINE#         77
BL51 BANKED LINKER/LOCATER V6.22                                                      08/19/2019  16:21:13  PAGE 26


  C:703FH         LINE#         78
  C:7048H         LINE#         79
  C:704CH         LINE#         81
  C:704EH         LINE#         82
  C:7055H         LINE#         83
  C:7059H         LINE#         85
  C:705BH         LINE#         86
  C:705FH         LINE#         87
  C:7063H         LINE#         89
  C:7065H         LINE#         90
  C:7065H         LINE#         91
  C:7068H         LINE#         92
  C:706AH         LINE#         93
  -------         ENDPROC       _COMMAND
  C:728FH         SYMBOL        L?0037
  -------         PROC          L?0036
  -------         ENDPROC       L?0036
  C:728FH         SYMBOL        L?0037
  -------         PROC          _WAIT_MS
  D:0006H         SYMBOL        ms
  -------         DO            
  D:0004H         SYMBOL        De_Cnt
  -------         ENDDO         
  C:7293H         LINE#         95
  C:7293H         LINE#         96
  C:7293H         LINE#         98
  C:729DH         LINE#         99
  C:729DH         LINE#         100
  C:72B0H         LINE#         101
  C:72B0H         LINE#         102
  -------         ENDPROC       _WAIT_MS
  -------         PROC          _DISPLAYLCD
  D:0007H         SYMBOL        BCD
  -------         DO            
  D:0006H         SYMBOL        first_digit
  X:03F8H         SYMBOL        second_digit
  -------         ENDDO         
  C:7354H         LINE#         103
  C:7354H         LINE#         104
  C:7354H         LINE#         106
  C:735BH         LINE#         107
  C:7364H         LINE#         109
  C:7369H         LINE#         111
  -------         ENDPROC       _DISPLAYLCD
  -------         PROC          LCD_RETURN_HOME
  C:74F1H         LINE#         115
  C:74F1H         LINE#         116
  C:74F1H         LINE#         117
  C:74F6H         LINE#         118
  -------         ENDPROC       LCD_RETURN_HOME
  -------         PROC          LCD_CLEAR
  C:74FBH         LINE#         121
  C:74FBH         LINE#         122
  C:74FBH         LINE#         123
  C:7500H         LINE#         124
  -------         ENDPROC       LCD_CLEAR
  -------         PROC          _DISPLAY_LINE
BL51 BANKED LINKER/LOCATER V6.22                                                      08/19/2019  16:21:13  PAGE 27


  D:0006H         SYMBOL        line
  C:73EBH         LINE#         128
  C:73EBH         LINE#         129
  C:73EBH         LINE#         130
  C:73F1H         LINE#         131
  C:73F1H         LINE#         132
  C:73F3H         LINE#         133
  C:73F3H         LINE#         134
  C:73F5H         LINE#         136
  C:73F5H         LINE#         137
  C:73FAH         LINE#         138
  C:73FFH         LINE#         139
  C:73FFH         LINE#         140
  -------         ENDPROC       _DISPLAY_LINE
  -------         PROC          _DISPLAY_POS
  X:04E9H         SYMBOL        sign_dat
  -------         DO            
  X:04EDH         SYMBOL        unit
  X:04EEH         SYMBOL        ten
  X:04EFH         SYMBOL        hundred
  X:04F0H         SYMBOL        thousand
  X:04F1H         SYMBOL        after_dot
  X:04F2H         SYMBOL        dat
  -------         ENDDO         
  C:5EC4H         LINE#         142
  C:5ECAH         LINE#         143
  C:5ECAH         LINE#         147
  C:5EE6H         LINE#         148
  C:5F00H         LINE#         149
  C:5F24H         LINE#         151
  C:5F6EH         LINE#         153
  C:5F85H         LINE#         154
  C:5F97H         LINE#         155
  C:5FBCH         LINE#         156
  C:5FD6H         LINE#         157
  C:5FEEH         LINE#         158
  C:5FEEH         LINE#         159
  C:5FEEH         LINE#         160
  C:5FEEH         LINE#         161
  C:5FEEH         LINE#         162
  C:5FEEH         LINE#         163
  C:5FEEH         LINE#         164
  C:5FEEH         LINE#         168
  C:5FF0H         LINE#         170
  C:5FF0H         LINE#         172
  C:5FF5H         LINE#         173
  C:5FFBH         LINE#         174
  C:6001H         LINE#         175
  C:6007H         LINE#         176
  C:600DH         LINE#         177
  C:6012H         LINE#         178
  C:6018H         LINE#         182
  C:6018H         LINE#         184
  -------         ENDPROC       _DISPLAY_POS
  -------         ENDMOD        LCD_DRIVER_SPLC780D

  -------         MODULE        KEYPAD
BL51 BANKED LINKER/LOCATER V6.22                                                      08/19/2019  16:21:13  PAGE 28


  C:0000H         SYMBOL        _ICE_DUMMY_
  D:0093H         PUBLIC        P0M1
  D:0080H         PUBLIC        P0
  D:0090H         PUBLIC        P1
  D:00A0H         PUBLIC        P2
  D:00B0H         PUBLIC        P3
  D:00C0H         PUBLIC        P4
  D:00C8H         PUBLIC        P5
  D:00E8H         PUBLIC        P6
  D:00F8H         PUBLIC        P7
  D:00A8H         PUBLIC        IE
  C:58C0H         PUBLIC        Key_Scan
  D:00B8H         PUBLIC        IP
  D:00D8H         PUBLIC        CCON
  C:74D9H         PUBLIC        KeyPad_IO_Init
  C:7336H         PUBLIC        _Delay_ms
  D:0098H         PUBLIC        SCON
  D:0088H         PUBLIC        TCON
  X:0645H         PUBLIC        small_move
  X:0647H         PUBLIC        move
  X:0649H         PUBLIC        auto_mode
  X:064BH         PUBLIC        direction
  X:064DH         PUBLIC        SPI_NOR_ClearEnable
  C:4FEDH         PUBLIC        Key_Process
  D:00D0H         PUBLIC        PSW
  D:0094H         PUBLIC        P0M0
  -------         PROC          _DELAY_MS
  D:0006H         SYMBOL        ms
  -------         DO            
  D:0004H         SYMBOL        De_Cnt
  -------         ENDDO         
  C:7336H         LINE#         20
  C:7336H         LINE#         21
  C:7336H         LINE#         23
  C:7340H         LINE#         24
  C:7340H         LINE#         25
  C:7353H         LINE#         26
  C:7353H         LINE#         27
  -------         ENDPROC       _DELAY_MS
  -------         PROC          KEY_SCAN
  -------         DO            
  X:03FEH         SYMBOL        KeyTemp1
  X:03FFH         SYMBOL        KeyTemp2
  X:0400H         SYMBOL        KeyValue
  -------         ENDDO         
  C:58C0H         LINE#         28
  C:58C0H         LINE#         29
  C:58C0H         LINE#         34
  C:58C3H         LINE#         37
  C:58C6H         LINE#         39
  C:58CEH         LINE#         40
  C:58D5H         LINE#         41
  C:58D5H         LINE#         43
  C:58DAH         LINE#         44
  C:58E1H         LINE#         45
  C:58E1H         LINE#         48
  C:58E4H         LINE#         49
BL51 BANKED LINKER/LOCATER V6.22                                                      08/19/2019  16:21:13  PAGE 29


  C:58E7H         LINE#         50
  C:58ECH         LINE#         51
  C:58F0H         LINE#         52
  C:58F0H         LINE#         53
  C:58F8H         LINE#         54
  C:58F8H         LINE#         55
  C:58FBH         LINE#         56
  C:5903H         LINE#         57
  C:5905H         LINE#         59
  C:5919H         LINE#         60
  C:5919H         LINE#         61
  C:5919H         LINE#         62
  C:5919H         LINE#         63
  C:591FH         LINE#         65
  C:5921H         LINE#         66
  C:5921H         LINE#         67
  C:5921H         LINE#         68
  C:5927H         LINE#         70
  C:5929H         LINE#         71
  C:5929H         LINE#         72
  C:5929H         LINE#         73
  C:592FH         LINE#         75
  C:5931H         LINE#         76
  C:5931H         LINE#         77
  C:5931H         LINE#         78
  C:5937H         LINE#         80
  C:5937H         LINE#         81
  C:5937H         LINE#         82
  C:5937H         LINE#         85
  C:593AH         LINE#         86
  C:593DH         LINE#         87
  C:5945H         LINE#         88
  C:5949H         LINE#         89
  C:5949H         LINE#         90
  C:5951H         LINE#         91
  C:5951H         LINE#         92
  C:5954H         LINE#         93
  C:595CH         LINE#         94
  C:595EH         LINE#         95
  C:5972H         LINE#         96
  C:5972H         LINE#         97
  C:5972H         LINE#         98
  C:5972H         LINE#         99
  C:5978H         LINE#         101
  C:597AH         LINE#         102
  C:597AH         LINE#         103
  C:597AH         LINE#         104
  C:5980H         LINE#         106
  C:5982H         LINE#         107
  C:5982H         LINE#         108
  C:5982H         LINE#         109
  C:5988H         LINE#         111
  C:598AH         LINE#         112
  C:598AH         LINE#         113
  C:598AH         LINE#         114
  C:598FH         LINE#         116
  C:598FH         LINE#         117
BL51 BANKED LINKER/LOCATER V6.22                                                      08/19/2019  16:21:13  PAGE 30


  C:598FH         LINE#         118
  C:598FH         LINE#         121
  C:5992H         LINE#         122
  C:5995H         LINE#         123
  C:599DH         LINE#         124
  C:59A1H         LINE#         125
  C:59A1H         LINE#         126
  C:59A9H         LINE#         127
  C:59A9H         LINE#         128
  C:59ACH         LINE#         129
  C:59B4H         LINE#         130
  C:59B6H         LINE#         131
  C:59CAH         LINE#         132
  C:59CAH         LINE#         133
  C:59CAH         LINE#         134
  C:59CAH         LINE#         135
  C:59D0H         LINE#         137
  C:59D2H         LINE#         138
  C:59D2H         LINE#         139
  C:59D2H         LINE#         140
  C:59D8H         LINE#         142
  C:59DAH         LINE#         143
  C:59DAH         LINE#         144
  C:59DAH         LINE#         145
  C:59E0H         LINE#         147
  C:59E2H         LINE#         148
  C:59E2H         LINE#         149
  C:59E2H         LINE#         150
  C:59E8H         LINE#         152
  C:59E8H         LINE#         153
  C:59E8H         LINE#         154
  C:59E8H         LINE#         158
  C:59EBH         LINE#         159
  C:59EEH         LINE#         160
  C:59F6H         LINE#         161
  C:59FAH         LINE#         162
  C:59FAH         LINE#         163
  C:5A02H         LINE#         164
  C:5A02H         LINE#         165
  C:5A05H         LINE#         166
  C:5A0DH         LINE#         167
  C:5A0FH         LINE#         168
  C:5A23H         LINE#         169
  C:5A23H         LINE#         170
  C:5A23H         LINE#         171
  C:5A23H         LINE#         172
  C:5A29H         LINE#         174
  C:5A2BH         LINE#         175
  C:5A2BH         LINE#         176
  C:5A2BH         LINE#         177
  C:5A31H         LINE#         179
  C:5A33H         LINE#         180
  C:5A33H         LINE#         181
  C:5A33H         LINE#         182
  C:5A39H         LINE#         184
  C:5A3BH         LINE#         185
  C:5A3BH         LINE#         186
BL51 BANKED LINKER/LOCATER V6.22                                                      08/19/2019  16:21:13  PAGE 31


  C:5A3BH         LINE#         187
  C:5A41H         LINE#         189
  C:5A41H         LINE#         190
  C:5A41H         LINE#         191
  C:5A41H         LINE#         193
  C:5A47H         LINE#         194
  C:5A47H         LINE#         196
  C:5A47H         LINE#         197
  C:5A4AH         LINE#         198
  C:5A4AH         LINE#         199
  C:5A4AH         LINE#         201
  C:5A4AH         LINE#         202
  C:5A4CH         LINE#         203
  C:5A4CH         LINE#         204
  -------         ENDPROC       KEY_SCAN
  -------         PROC          KEY_PROCESS
  -------         DO            
  X:0636H         SYMBOL        KeyCount
  X:0637H         SYMBOL        KeyNum_Old
  X:0639H         SYMBOL        KeyNum
  X:063BH         SYMBOL        PressedKey
  X:03F8H         SYMBOL        d
  D:0002H         SYMBOL        hours
  D:0006H         SYMBOL        mins
  X:03FAH         SYMBOL        months
  X:03FCH         SYMBOL        days
  -------         ENDDO         
  C:4FEDH         LINE#         205
  C:4FEDH         LINE#         206
  C:4FEDH         LINE#         210
  C:4FFCH         LINE#         211
  C:5009H         LINE#         213
  C:500DH         LINE#         214
  C:500DH         LINE#         215
  C:5013H         LINE#         217
  C:5013H         LINE#         218
  C:502AH         LINE#         219
  C:502AH         LINE#         220
  C:5034H         LINE#         221
  C:503AH         LINE#         223
  C:5040H         LINE#         225
  C:5040H         LINE#         226
  C:5057H         LINE#         227
  C:5057H         LINE#         228
  C:505CH         LINE#         230
  C:505CH         LINE#         231
  C:506CH         LINE#         232
  C:506CH         LINE#         233
  C:5072H         LINE#         235
  C:5072H         LINE#         236
  C:5084H         LINE#         237
  C:5084H         LINE#         238
  C:508EH         LINE#         239
  C:5096H         LINE#         241
  C:509FH         LINE#         243
  C:509FH         LINE#         252
  C:50BEH         LINE#         253
BL51 BANKED LINKER/LOCATER V6.22                                                      08/19/2019  16:21:13  PAGE 32


  C:50BEH         LINE#         254
  C:50DDH         LINE#         255
  C:50E3H         LINE#         256
  C:50EBH         LINE#         257
  C:50EBH         LINE#         259
  C:50ECH         LINE#         265
  C:50F8H         LINE#         266
  C:50F8H         LINE#         267
  C:5115H         LINE#         268
  C:512CH         LINE#         269
  C:5143H         LINE#         270
  C:5143H         LINE#         271
  C:5156H         LINE#         272
  C:5169H         LINE#         273
  C:5169H         LINE#         274
  C:5169H         LINE#         275
  C:516CH         LINE#         280
  C:517BH         LINE#         281
  C:517BH         LINE#         282
  C:519EH         LINE#         283
  C:51BBH         LINE#         284
  C:51C4H         LINE#         285
  C:51C4H         LINE#         286
  C:51CBH         LINE#         287
  C:51CBH         LINE#         288
  C:51DCH         LINE#         289
  C:51DCH         LINE#         290
  C:51EBH         LINE#         291
  C:51EBH         LINE#         292
  C:51EBH         LINE#         293
  C:51EEH         LINE#         295
  C:51EEH         LINE#         296
  C:51FAH         LINE#         297
  C:51FAH         LINE#         298
  C:520CH         LINE#         299
  C:520CH         LINE#         300
  C:521CH         LINE#         301
  C:521CH         LINE#         302
  C:521CH         LINE#         304
  C:521EH         LINE#         306
  C:521EH         LINE#         307
  C:522DH         LINE#         308
  C:522DH         LINE#         309
  C:523DH         LINE#         310
  C:523DH         LINE#         311
  C:523DH         LINE#         313
  C:523DH         LINE#         315
  C:523DH         LINE#         316
  C:523FH         LINE#         318
  C:523FH         LINE#         319
  C:5246H         LINE#         320
  C:5246H         LINE#         321
  C:5255H         LINE#         322
  C:5255H         LINE#         323
  C:5265H         LINE#         324
  C:5265H         LINE#         325
  C:5265H         LINE#         326
BL51 BANKED LINKER/LOCATER V6.22                                                      08/19/2019  16:21:13  PAGE 33


  C:5267H         LINE#         328
  C:5267H         LINE#         329
  C:5276H         LINE#         330
  C:5276H         LINE#         331
  C:5289H         LINE#         332
  C:529CH         LINE#         333
  C:529CH         LINE#         334
  C:529CH         LINE#         335
  C:529CH         LINE#         336
  C:52A5H         LINE#         338
  C:52A5H         LINE#         340
  C:52DFH         LINE#         341
  C:52DFH         LINE#         342
  C:52E6H         LINE#         343
  C:52E6H         LINE#         344
  C:52F0H         LINE#         345
  C:52F0H         LINE#         346
  C:52F3H         LINE#         347
  C:52F8H         LINE#         348
  C:52FDH         LINE#         349
  C:5302H         LINE#         350
  C:5307H         LINE#         351
  C:530CH         LINE#         352
  C:5311H         LINE#         353
  C:5316H         LINE#         354
  C:5316H         LINE#         355
  C:5316H         LINE#         357
  C:5334H         LINE#         358
  C:5334H         LINE#         359
  C:533BH         LINE#         360
  C:533BH         LINE#         361
  C:5340H         LINE#         362
  C:5349H         LINE#         363
  C:5368H         LINE#         364
  C:5368H         LINE#         365
  C:5378H         LINE#         367
  C:5378H         LINE#         371
  -------         ENDPROC       KEY_PROCESS
  -------         PROC          KEYPAD_IO_INIT
  C:74D9H         LINE#         374
  C:74D9H         LINE#         375
  C:74D9H         LINE#         376
  C:74DCH         LINE#         377
  C:74DFH         LINE#         378
  C:74E2H         LINE#         379
  C:74E4H         LINE#         380
  -------         ENDPROC       KEYPAD_IO_INIT
  -------         ENDMOD        KEYPAD

  -------         MODULE        BIPOLARMOTOR
  C:0000H         SYMBOL        _ICE_DUMMY_
  X:0000H         PUBLIC        UTC_time
  D:0080H         PUBLIC        P0
  D:0090H         PUBLIC        P1
  X:0004H         PUBLIC        RX_pos_test
  D:00A0H         PUBLIC        P2
  D:00B0H         PUBLIC        P3
BL51 BANKED LINKER/LOCATER V6.22                                                      08/19/2019  16:21:13  PAGE 34


  D:00C0H         PUBLIC        P4
  D:00C8H         PUBLIC        P5
  D:00E8H         PUBLIC        P6
  D:00F8H         PUBLIC        P7
  X:00A4H         PUBLIC        low_date_azimuth_mapping
  D:00A8H         PUBLIC        IE
  C:6669H         PUBLIC        linear_interpolate
  X:00CCH         PUBLIC        declination
  C:71CAH         PUBLIC        _Move
  D:00B8H         PUBLIC        IP
  X:00D0H         PUBLIC        time_offset
  D:00D8H         PUBLIC        CCON
  X:00D4H         PUBLIC        previous_move_time
  X:00D5H         PUBLIC        time
  D:0098H         PUBLIC        SCON
  D:0088H         PUBLIC        TCON
  C:706BH         PUBLIC        _Step_move
[...]
  C:5AC9H         LINE#         326
  C:5AC9H         LINE#         328
  C:5ACCH         LINE#         330
  C:5AE6H         LINE#         331
  C:5AE6H         LINE#         332
  C:5AE6H         LINE#         334
  C:5AE9H         LINE#         336
  C:5B03H         LINE#         337
  C:5B03H         LINE#         338
BL51 BANKED LINKER/LOCATER V6.22                                                      08/19/2019  16:21:13  PAGE 55


  C:5B03H         LINE#         340
  C:5B06H         LINE#         342
  C:5B20H         LINE#         343
  C:5B20H         LINE#         344
  C:5B20H         LINE#         346
  C:5B23H         LINE#         348
  C:5B3DH         LINE#         349
  C:5B3DH         LINE#         350
  C:5B3DH         LINE#         352
  C:5B40H         LINE#         354
  C:5B5AH         LINE#         355
  C:5B5AH         LINE#         356
  C:5B5AH         LINE#         358
  C:5B5DH         LINE#         360
  C:5B77H         LINE#         361
  C:5B77H         LINE#         362
  C:5B77H         LINE#         364
  C:5B7AH         LINE#         366
  C:5B94H         LINE#         367
  C:5B94H         LINE#         368
  C:5B94H         LINE#         370
  C:5B97H         LINE#         372
  C:5BB1H         LINE#         373
  C:5BB8H         LINE#         374
  -------         ENDPROC       SPI_NOR_WRITE_DATA
  -------         ENDMOD        AT25SF041

  -------         MODULE        SI1120
  C:0000H         SYMBOL        _ICE_DUMMY_
  D:0080H         PUBLIC        P0
  D:00B2H         PUBLIC        P3M0
  D:0090H         PUBLIC        P1
  D:00B1H         PUBLIC        P3M1
  D:00A0H         PUBLIC        P2
  D:00B0H         PUBLIC        P3
  D:00C0H         PUBLIC        P4
  D:00C8H         PUBLIC        P5
  B:00A8H.7       PUBLIC        EA
  D:00E8H         PUBLIC        P6
  D:00F8H         PUBLIC        P7
  D:00A8H         PUBLIC        IE
  D:00B8H         PUBLIC        IP
  C:7119H         PUBLIC        SI1120_CONFIG_MODE_VIRH
  D:00D8H         PUBLIC        CCON
  D:0098H         PUBLIC        SCON
  D:0088H         PUBLIC        TCON
  C:74BFH         PUBLIC        Enable_EXTINT0
  B:0090H.5       PUBLIC        SI1120_STX
  B:0088H.0       PUBLIC        IT0
  B:00A8H.0       PUBLIC        EX0
  B:0090H.4       PUBLIC        SI1120_MD
  B:0090H.6       PUBLIC        SI1120_SC
  D:00D0H         PUBLIC        PSW
  -------         PROC          SI1120_CONFIG_MODE_VIRH
  C:7119H         LINE#         4
  C:7119H         LINE#         5
  C:7119H         LINE#         6
BL51 BANKED LINKER/LOCATER V6.22                                                      08/19/2019  16:21:13  PAGE 56


  C:711BH         LINE#         7
  C:711DH         LINE#         8
  C:711FH         LINE#         10
  C:7126H         LINE#         11
  C:7128H         LINE#         13
  C:712AH         LINE#         14
  C:712CH         LINE#         16
  C:7133H         LINE#         18
  C:7135H         LINE#         20
  C:713CH         LINE#         23
  C:713EH         LINE#         25
  C:7140H         LINE#         27
  C:7147H         LINE#         29
  C:7149H         LINE#         31
  -------         ENDPROC       SI1120_CONFIG_MODE_VIRH
  -------         PROC          ENABLE_EXTINT0
  C:74BFH         LINE#         33
  C:74BFH         LINE#         34
  C:74BFH         LINE#         35
  C:74C2H         LINE#         36
  C:74C5H         LINE#         37
  C:74C7H         LINE#         38
  C:74C9H         LINE#         39
  C:74CBH         LINE#         40
  -------         ENDPROC       ENABLE_EXTINT0
  -------         ENDMOD        SI1120

  -------         MODULE        UART1
  C:0000H         SYMBOL        _ICE_DUMMY_
  D:0080H         PUBLIC        P0
  D:0090H         PUBLIC        P1
  D:00A0H         PUBLIC        P2
  D:00B0H         PUBLIC        P3
  D:00C0H         PUBLIC        P4
  D:00C8H         PUBLIC        P5
  C:72B1H         PUBLIC        _uart1_SendToTCPServer
  B:00A8H.7       PUBLIC        EA
  D:00E8H         PUBLIC        P6
  D:00F8H         PUBLIC        P7
  C:70E6H         PUBLIC        _SendString
  D:00A8H         PUBLIC        IE
  B:00A8H.4       PUBLIC        ES
  D:00B8H         PUBLIC        IP
  C:73BEH         PUBLIC        _ASCIItoBCD
  D:00D8H         PUBLIC        CCON
  C:7474H         PUBLIC        initUART1
  D:0098H         PUBLIC        SCON
  D:0088H         PUBLIC        TCON
  C:752DH         PUBLIC        _DectoBCD
  C:001EH         PUBLIC        _ASCII_Letter
  D:008EH         PUBLIC        AUXR
  C:0006H         PUBLIC        _unit
  C:7526H         PUBLIC        _ten
  D:00D6H         PUBLIC        T2H
  D:00D7H         PUBLIC        T2L
  C:7517H         PUBLIC        uart1_InitTCPConn
  D:00D0H         PUBLIC        PSW
BL51 BANKED LINKER/LOCATER V6.22                                                      08/19/2019  16:21:13  PAGE 57


  -------         PROC          INITUART1
  C:7474H         LINE#         24
  C:7474H         LINE#         25
  C:7474H         LINE#         26
  C:7477H         LINE#         27
  C:747AH         LINE#         28
  C:747DH         LINE#         29
  C:7480H         LINE#         30
  C:7482H         LINE#         31
  C:7484H         LINE#         33
  -------         ENDPROC       INITUART1
  -------         PROC          _SENDSTRING
  X:04E9H         SYMBOL        s
  C:70E6H         LINE#         36
  C:70F1H         LINE#         37
  C:70F1H         LINE#         38
  C:7101H         LINE#         39
  C:7101H         LINE#         40
  C:7116H         LINE#         41
  C:7118H         LINE#         42
  -------         ENDPROC       _SENDSTRING
  -------         PROC          _TEN
  D:0007H         SYMBOL        BCD
  C:7526H         LINE#         44
  C:7526H         LINE#         45
  C:7526H         LINE#         46
  C:752BH         LINE#         47
  -------         ENDPROC       _TEN
  -------         PROC          _UNIT
  D:0007H         SYMBOL        BCD
  C:0006H         LINE#         48
  C:0006H         LINE#         49
  C:0006H         LINE#         53
  C:000AH         LINE#         54
  -------         ENDPROC       _UNIT
  -------         PROC          _DECTOBCD
  D:0007H         SYMBOL        dec
  C:752DH         LINE#         55
  C:752DH         LINE#         56
  C:752DH         LINE#         58
  C:752DH         LINE#         59
  -------         ENDPROC       _DECTOBCD
  -------         PROC          _ASCII_LETTER
  D:0007H         SYMBOL        dat
  C:001EH         LINE#         61
  C:001EH         LINE#         62
  C:001EH         LINE#         64
  C:0022H         LINE#         65
  -------         ENDPROC       _ASCII_LETTER
  -------         PROC          _ASCIITOBCD
  D:0001H         SYMBOL        ascii
  -------         DO            
  D:0007H         SYMBOL        dec_val
  D:0006H         SYMBOL        ten
  D:0007H         SYMBOL        unit
  -------         ENDDO         
  C:73BEH         LINE#         67
BL51 BANKED LINKER/LOCATER V6.22                                                      08/19/2019  16:21:13  PAGE 58


  C:73BEH         LINE#         68
  C:73BEH         LINE#         70
  C:73C1H         LINE#         71
  C:73C7H         LINE#         72
  C:73CEH         LINE#         73
  C:73D4H         LINE#         75
  -------         ENDPROC       _ASCIITOBCD
  -------         PROC          UART1_INITTCPCONN
  C:7517H         LINE#         77
  C:7517H         LINE#         78
  C:7517H         LINE#         82
  -------         ENDPROC       UART1_INITTCPCONN
  -------         PROC          _UART1_SENDTOTCPSERVER
  X:03F8H         SYMBOL        str
  C:72B1H         LINE#         85
  C:72BCH         LINE#         86
  C:72BCH         LINE#         87
  C:72C5H         LINE#         88
  C:72CCH         LINE#         89
  -------         ENDPROC       _UART1_SENDTOTCPSERVER
  -------         ENDMOD        UART1

  -------         MODULE        ?C_STARTUP
  C:6B91H         SEGMENT       ?C_C51STARTUP
  I:0022H         SEGMENT       ?STACK
  C:0000H         PUBLIC        ?C_STARTUP
  D:00E0H         SYMBOL        ACC
  D:00F0H         SYMBOL        B
  D:0083H         SYMBOL        DPH
  D:0082H         SYMBOL        DPL
  N:0000H         SYMBOL        IBPSTACK
  N:0100H         SYMBOL        IBPSTACKTOP
  N:0080H         SYMBOL        IDATALEN
  C:6B94H         SYMBOL        IDATALOOP
  N:0000H         SYMBOL        PBPSTACK
  N:0100H         SYMBOL        PBPSTACKTOP
  N:0000H         SYMBOL        PDATALEN
  N:0000H         SYMBOL        PDATASTART
  N:0000H         SYMBOL        PPAGE
  N:0000H         SYMBOL        PPAGEENABLE
  D:00A0H         SYMBOL        PPAGE_SFR
  D:0081H         SYMBOL        SP
  C:6B91H         SYMBOL        STARTUP1
  N:0000H         SYMBOL        XBPSTACK
  N:0000H         SYMBOL        XBPSTACKTOP
  N:0000H         SYMBOL        XDATALEN
  N:0000H         SYMBOL        XDATASTART
  C:0000H         LINE#         126
  C:6B91H         LINE#         133
  C:6B93H         LINE#         134
  C:6B94H         LINE#         135
  C:6B95H         LINE#         136
  C:6B97H         LINE#         185
  C:6B9AH         LINE#         196
  -------         ENDMOD        ?C_STARTUP

  -------         MODULE        ?C?FPADD
BL51 BANKED LINKER/LOCATER V6.22                                                      08/19/2019  16:21:13  PAGE 59


  C:21CDH         PUBLIC        ?C?FPADD
  C:21C9H         PUBLIC        ?C?FPSUB
  -------         ENDMOD        ?C?FPADD

  -------         MODULE        ?C?FPMUL
  C:22BEH         PUBLIC        ?C?FPMUL
  -------         ENDMOD        ?C?FPMUL

  -------         MODULE        ?C?FPDIV
  C:23C7H         PUBLIC        ?C?FPDIV
  -------         ENDMOD        ?C?FPDIV

  -------         MODULE        ?C?FPCMP
  C:2466H         PUBLIC        ?C?FPCMP
  C:2464H         PUBLIC        ?C?FPCMP3
  -------         ENDMOD        ?C?FPCMP

  -------         MODULE        ?C?FPNEG
  C:24DDH         PUBLIC        ?C?FPNEG
  -------         ENDMOD        ?C?FPNEG

  -------         MODULE        ?C?FCAST
  C:24F8H         PUBLIC        ?C?FCASTC
  C:24F3H         PUBLIC        ?C?FCASTI
  C:24EEH         PUBLIC        ?C?FCASTL
  -------         ENDMOD        ?C?FCAST

  -------         MODULE        ?C?CASTF
  C:252CH         PUBLIC        ?C?CASTF
  -------         ENDMOD        ?C?CASTF

  -------         MODULE        PRINTF
  X:04E9H         PUBLIC        ?_PRINTF?BYTE
  X:04E9H         PUBLIC        ?_SPRINTF?BYTE
  C:47BBH         PUBLIC        _PRINTF
  C:47B5H         PUBLIC        _SPRINTF
  -------         ENDMOD        PRINTF

  -------         MODULE        FABS
  C:74CCH         PUBLIC        _FABS
  -------         ENDMOD        FABS

  -------         MODULE        ATAN2
  X:049FH         PUBLIC        ?_atan2?BYTE
  C:69BEH         PUBLIC        _atan2
  -------         ENDMOD        ATAN2

  -------         MODULE        SIN
  C:5C1EH         PUBLIC        _COS
  C:5C34H         PUBLIC        _SIN
  C:5C70H         PUBLIC        _TAN
  -------         ENDMOD        SIN

  -------         MODULE        ACOS
  C:6F9DH         PUBLIC        _ACOS
  -------         ENDMOD        ACOS

BL51 BANKED LINKER/LOCATER V6.22                                                      08/19/2019  16:21:13  PAGE 60


  -------         MODULE        ASIN
  C:70ABH         PUBLIC        _ASIN
  -------         ENDMOD        ASIN

  -------         MODULE        POW
  X:03BCH         PUBLIC        ?_pow?BYTE
  C:5D5EH         PUBLIC        _pow
  -------         ENDMOD        POW

  -------         MODULE        ?C?CHKFLOAT
  C:25ADH         PUBLIC        ?C?CHKFLOAT
  -------         ENDMOD        ?C?CHKFLOAT

  -------         MODULE        ?C?FPROUND
  C:25C7H         PUBLIC        ?C?FPROUND
  -------         ENDMOD        ?C?FPROUND

  -------         MODULE        ?C?FPCONVERT
  C:2604H         PUBLIC        ?C?FPCONVERT
  -------         ENDMOD        ?C?FPCONVERT

  -------         MODULE        EXP
  C:6B2FH         PUBLIC        _EXP
  -------         ENDMOD        EXP

  -------         MODULE        LOG
  C:604DH         PUBLIC        _LOG
  C:6049H         PUBLIC        _LOG10
  -------         ENDMOD        LOG

  -------         MODULE        SQRT
  C:6875H         PUBLIC        _SQRT
  -------         ENDMOD        SQRT

  -------         MODULE        ATAN
  C:6162H         PUBLIC        _ATAN
  -------         ENDMOD        ATAN

  -------         MODULE        ?C?FTNPWR
  C:2786H         PUBLIC        ?C?FTNPWR
  -------         ENDMOD        ?C?FTNPWR

  -------         MODULE        ?C?COPY
  C:2896H         PUBLIC        ?C?COPY
  -------         ENDMOD        ?C?COPY

  -------         MODULE        ?C?CLDPTR
  C:28BCH         PUBLIC        ?C?CLDPTR
  -------         ENDMOD        ?C?CLDPTR

  -------         MODULE        ?C?CLDOPTR
  C:28D5H         PUBLIC        ?C?CLDOPTR
  -------         ENDMOD        ?C?CLDOPTR

  -------         MODULE        ?C?CSTPTR
  C:2902H         PUBLIC        ?C?CSTPTR
  -------         ENDMOD        ?C?CSTPTR
BL51 BANKED LINKER/LOCATER V6.22                                                      08/19/2019  16:21:13  PAGE 61



  -------         MODULE        ?C?IMUL
  C:2914H         PUBLIC        ?C?IMUL
  -------         ENDMOD        ?C?IMUL

  -------         MODULE        ?C?UIDIV
  C:2926H         PUBLIC        ?C?UIDIV
  -------         ENDMOD        ?C?UIDIV

  -------         MODULE        ?C?SIDIV
  C:297BH         PUBLIC        ?C?SIDIV
  -------         ENDMOD        ?C?SIDIV

  -------         MODULE        ?C?ILDIX
  C:29B1H         PUBLIC        ?C?ILDIX
  -------         ENDMOD        ?C?ILDIX

  -------         MODULE        ?C?ILDOPTR
  C:29C7H         PUBLIC        ?C?ILDOPTR
  -------         ENDMOD        ?C?ILDOPTR

  -------         MODULE        ?C?ISTPTR
  C:29FFH         PUBLIC        ?C?ISTPTR
  -------         ENDMOD        ?C?ISTPTR

  -------         MODULE        ?C?LMUL
  C:2A1EH         PUBLIC        ?C?LMUL
  -------         ENDMOD        ?C?LMUL

  -------         MODULE        ?C?SLDIV
  C:6FE7H         PUBLIC        ?C?SLDIV
  -------         ENDMOD        ?C?SLDIV

  -------         MODULE        ?C?LNEG
  C:2A6DH         PUBLIC        ?C?LNEG
  -------         ENDMOD        ?C?LNEG

  -------         MODULE        ?C?ULCMP
  C:2A7BH         PUBLIC        ?C?ULCMP
  -------         ENDMOD        ?C?ULCMP

  -------         MODULE        ?C?LSHL
  C:2A8CH         PUBLIC        ?C?LSHL
  -------         ENDMOD        ?C?LSHL

  -------         MODULE        ?C?LLDPTR
  C:2A9FH         PUBLIC        ?C?LLDPTR
  -------         ENDMOD        ?C?LLDPTR

  -------         MODULE        ?C?LLDOPTR
  C:2ABFH         PUBLIC        ?C?LLDOPTR
  -------         ENDMOD        ?C?LLDOPTR

  -------         MODULE        ?C?LSTPTR
  C:2AEFH         PUBLIC        ?C?LSTPTR
  -------         ENDMOD        ?C?LSTPTR

BL51 BANKED LINKER/LOCATER V6.22                                                      08/19/2019  16:21:13  PAGE 62


  -------         MODULE        ?C?LSTOPTR
  C:2B09H         PUBLIC        ?C?LSTOPTR
  -------         ENDMOD        ?C?LSTOPTR

  -------         MODULE        ?C?LLDXDATA
  C:2B2DH         PUBLIC        ?C?LLDXDATA
  -------         ENDMOD        ?C?LLDXDATA

  -------         MODULE        ?C?LLDCODE
  C:2B39H         PUBLIC        ?C?LLDCODE
  -------         ENDMOD        ?C?LLDCODE

  -------         MODULE        ?C?LLDXDATA0
  C:2B49H         PUBLIC        ?C?LLDXDATA0
  -------         ENDMOD        ?C?LLDXDATA0

  -------         MODULE        ?C?LLDCODE0
  C:2B55H         PUBLIC        ?C?LLDCODE0
  -------         ENDMOD        ?C?LLDCODE0

  -------         MODULE        ?C?LLDPTR0
  C:2B65H         PUBLIC        ?C?LLDPTR0
  -------         ENDMOD        ?C?LLDPTR0

  -------         MODULE        ?C?LSTXDATA
  C:2B85H         PUBLIC        ?C?LSTXDATA
  -------         ENDMOD        ?C?LSTXDATA

  -------         MODULE        ?C?LSTKXDATA
  C:2B91H         PUBLIC        ?C?LSTKXDATA
  -------         ENDMOD        ?C?LSTKXDATA

  -------         MODULE        ?C?LSTKPTR
  C:2BC2H         PUBLIC        ?C?LSTKPTR
  -------         ENDMOD        ?C?LSTKPTR

  -------         MODULE        ?C?OFFXADD
  C:2BDCH         PUBLIC        ?C?OFFXADD
  -------         ENDMOD        ?C?OFFXADD

  -------         MODULE        ?C?PLDIXDATA
  C:2BE8H         PUBLIC        ?C?PLDIXDATA
  -------         ENDMOD        ?C?PLDIXDATA

  -------         MODULE        ?C?PSTXDATA
  C:2BFFH         PUBLIC        ?C?PSTXDATA
  -------         ENDMOD        ?C?PSTXDATA

  -------         MODULE        ?C?CCASE
  C:2C08H         PUBLIC        ?C?CCASE
  -------         ENDMOD        ?C?CCASE

  -------         MODULE        PUTCHAR
  C:7241H         PUBLIC        _PUTCHAR
  -------         ENDMOD        PUTCHAR

  -------         MODULE        ABS
BL51 BANKED LINKER/LOCATER V6.22                                                      08/19/2019  16:21:13  PAGE 63


  C:74E5H         PUBLIC        _ABS
  -------         ENDMOD        ABS

  -------         MODULE        ATOI
  C:656BH         PUBLIC        _atoi
  -------         ENDMOD        ATOI

  -------         MODULE        ?C?IILDX
  C:2C2EH         PUBLIC        ?C?IILDX
  -------         ENDMOD        ?C?IILDX

  -------         MODULE        ?C?ULDIV
  C:2C80H         PUBLIC        ?C?ULDIV
  -------         ENDMOD        ?C?ULDIV

  -------         MODULE        ?C?LLDIDATA
  C:2D12H         PUBLIC        ?C?LLDIDATA
  -------         ENDMOD        ?C?LLDIDATA

  -------         MODULE        ?C?LLDPDATA
  C:2D1EH         PUBLIC        ?C?LLDPDATA
  -------         ENDMOD        ?C?LLDPDATA

  -------         MODULE        ?C?LLDIDATA0
  C:2D2AH         PUBLIC        ?C?LLDIDATA0
  -------         ENDMOD        ?C?LLDIDATA0

  -------         MODULE        ?C?LLDPDATA0
  C:2D37H         PUBLIC        ?C?LLDPDATA0
  -------         ENDMOD        ?C?LLDPDATA0

  -------         MODULE        ?C?LSTIDATA
  C:2D44H         PUBLIC        ?C?LSTIDATA
  -------         ENDMOD        ?C?LSTIDATA

  -------         MODULE        ?C?LSTPDATA
  C:2D50H         PUBLIC        ?C?LSTPDATA
  -------         ENDMOD        ?C?LSTPDATA

  -------         MODULE        ?C?LSTKIDATA
  C:2D5CH         PUBLIC        ?C?LSTKIDATA
  -------         ENDMOD        ?C?LSTKIDATA

  -------         MODULE        ?C?LSTKPDATA
  C:2D75H         PUBLIC        ?C?LSTKPDATA
  -------         ENDMOD        ?C?LSTKPDATA

  -------         MODULE        ISDIGIT
  C:74A3H         PUBLIC        _isdigit
  -------         ENDMOD        ISDIGIT

  -------         MODULE        ISSPACE
  C:743EH         PUBLIC        _isspace
  -------         ENDMOD        ISSPACE

*** WARNING L16: UNCALLED SEGMENT, IGNORED FOR OVERLAY PROCESS
    SEGMENT: ?PR?_DAY_OF_YEAR?PCF85063BTL
BL51 BANKED LINKER/LOCATER V6.22                                                      08/19/2019  16:21:13  PAGE 64



*** WARNING L16: UNCALLED SEGMENT, IGNORED FOR OVERLAY PROCESS
    SEGMENT: ?PR?NOP?IOEXPANDER_PI4IOE5V96248

*** WARNING L16: UNCALLED SEGMENT, IGNORED FOR OVERLAY PROCESS
    SEGMENT: ?PR?UC_ACK?IOEXPANDER_PI4IOE5V96248

*** WARNING L16: UNCALLED SEGMENT, IGNORED FOR OVERLAY PROCESS
    SEGMENT: ?PR?UC_NACK?IOEXPANDER_PI4IOE5V96248

*** WARNING L16: UNCALLED SEGMENT, IGNORED FOR OVERLAY PROCESS
    SEGMENT: ?PR?_TEN?UART1

*** WARNING L16: UNCALLED SEGMENT, IGNORED FOR OVERLAY PROCESS
    SEGMENT: ?PR?_UNIT?UART1

*** WARNING L16: UNCALLED SEGMENT, IGNORED FOR OVERLAY PROCESS
    SEGMENT: ?PR?_DECTOBCD?UART1

*** WARNING L16: UNCALLED SEGMENT, IGNORED FOR OVERLAY PROCESS
    SEGMENT: ?PR?_ASCII_LETTER?UART1

*** WARNING L16: UNCALLED SEGMENT, IGNORED FOR OVERLAY PROCESS
    SEGMENT: ?PR?_ASCIITOBCD?UART1

Program Size: data=15.4 xdata=1622 code=29998
LINK/LOCATE RUN COMPLETE.  9 WARNING(S),  0 ERROR(S)
