BL51 BANKED LINKER/LOCATER V6.22                                                        02/25/2019  17:53:55  PAGE 1


BL51 BANKED LINKER/LOCATER V6.22, INVOKED BY:
C:\KEIL_V5\C51\BIN\BL51.EXE .\Obj\main.obj, .\Obj\PCF85063BTL.obj, .\Obj\UART1.obj, .\Obj\LCd_Driver_SPLC780D.obj, .\Obj
>> \KeyPad.obj, .\Obj\BipolarMotor.obj, .\Obj\SunPos.obj, .\Obj\ADC.obj, .\Obj\Calibration.obj, .\Obj\IOExpander_PI4IOE5
>> V96248.obj, .\Obj\AT25SF041.obj, .\Obj\STARTUP.obj TO .\Obj\GPIO_RTC_Test PRINT (.\Lis\GPIO_RTC_Test.m51) RAMSIZE (25
>> 6)


MEMORY MODEL: LARGE WITH FLOATING POINT ARITHMETIC


INPUT MODULES INCLUDED:
  .\Obj\main.obj (MAIN)
  .\Obj\PCF85063BTL.obj (PCF85063BTL)
  .\Obj\UART1.obj (UART1)
  .\Obj\LCd_Driver_SPLC780D.obj (LCD_DRIVER_SPLC780D)
  .\Obj\KeyPad.obj (KEYPAD)
  .\Obj\BipolarMotor.obj (BIPOLARMOTOR)
  .\Obj\SunPos.obj (SUNPOS)
  .\Obj\ADC.obj (ADC)
  .\Obj\Calibration.obj (CALIBRATION)
  .\Obj\IOExpander_PI4IOE5V96248.obj (IOEXPANDER_PI4IOE5V96248)
  .\Obj\AT25SF041.obj (AT25SF041)
  .\Obj\STARTUP.obj (?C_STARTUP)
  C:\KEIL_V5\C51\LIB\C51FPL.LIB (?C?FPADD)
  C:\KEIL_V5\C51\LIB\C51FPL.LIB (?C?FPMUL)
  C:\KEIL_V5\C51\LIB\C51FPL.LIB (?C?FPDIV)
  C:\KEIL_V5\C51\LIB\C51FPL.LIB (?C?FPCMP)
  C:\KEIL_V5\C51\LIB\C51FPL.LIB (?C?FPNEG)
  C:\KEIL_V5\C51\LIB\C51FPL.LIB (?C?FCAST)
  C:\KEIL_V5\C51\LIB\C51FPL.LIB (?C?CASTF)
  C:\KEIL_V5\C51\LIB\C51FPL.LIB (ATAN2)
  C:\KEIL_V5\C51\LIB\C51FPL.LIB (SIN)
  C:\KEIL_V5\C51\LIB\C51FPL.LIB (ACOS)
  C:\KEIL_V5\C51\LIB\C51FPL.LIB (ASIN)
  C:\KEIL_V5\C51\LIB\C51FPL.LIB (?C?FPGETOPN)
  C:\KEIL_V5\C51\LIB\C51FPL.LIB (?C?FPSERIES)
  C:\KEIL_V5\C51\LIB\C51FPL.LIB (SQRT)
  C:\KEIL_V5\C51\LIB\C51FPL.LIB (ATAN)
  C:\KEIL_V5\C51\LIB\C51L.LIB (?C_INIT)
  C:\KEIL_V5\C51\LIB\C51L.LIB (?C?COPY)
  C:\KEIL_V5\C51\LIB\C51L.LIB (?C?CLDPTR)
  C:\KEIL_V5\C51\LIB\C51L.LIB (?C?CLDOPTR)
  C:\KEIL_V5\C51\LIB\C51L.LIB (?C?CSTPTR)
  C:\KEIL_V5\C51\LIB\C51L.LIB (?C?IMUL)
  C:\KEIL_V5\C51\LIB\C51L.LIB (?C?UIDIV)
  C:\KEIL_V5\C51\LIB\C51L.LIB (?C?SIDIV)
  C:\KEIL_V5\C51\LIB\C51L.LIB (?C?ILDIX)
  C:\KEIL_V5\C51\LIB\C51L.LIB (?C?ILDOPTR)
  C:\KEIL_V5\C51\LIB\C51L.LIB (?C?LMUL)
  C:\KEIL_V5\C51\LIB\C51L.LIB (?C?SLDIV)
  C:\KEIL_V5\C51\LIB\C51L.LIB (?C?LNEG)
  C:\KEIL_V5\C51\LIB\C51L.LIB (?C?ULCMP)
  C:\KEIL_V5\C51\LIB\C51L.LIB (?C?LSHL)
  C:\KEIL_V5\C51\LIB\C51L.LIB (?C?LLDPTR)
  C:\KEIL_V5\C51\LIB\C51L.LIB (?C?LLDOPTR)
  C:\KEIL_V5\C51\LIB\C51L.LIB (?C?LSTPTR)
  C:\KEIL_V5\C51\LIB\C51L.LIB (?C?LSTOPTR)
  C:\KEIL_V5\C51\LIB\C51L.LIB (?C?LLDXDATA)
BL51 BANKED LINKER/LOCATER V6.22                                                      02/25/2019  17:53:55  PAGE 2


  C:\KEIL_V5\C51\LIB\C51L.LIB (?C?LLDCODE)
  C:\KEIL_V5\C51\LIB\C51L.LIB (?C?LLDXDATA0)
  C:\KEIL_V5\C51\LIB\C51L.LIB (?C?LLDCODE0)
  C:\KEIL_V5\C51\LIB\C51L.LIB (?C?LLDPTR0)
  C:\KEIL_V5\C51\LIB\C51L.LIB (?C?LSTXDATA)
  C:\KEIL_V5\C51\LIB\C51L.LIB (?C?LSTKXDATA)
  C:\KEIL_V5\C51\LIB\C51L.LIB (ABS)
  C:\KEIL_V5\C51\LIB\C51L.LIB (ATOI)
  C:\KEIL_V5\C51\LIB\C51L.LIB (?C?IILDX)
  C:\KEIL_V5\C51\LIB\C51L.LIB (?C?ULDIV)
  C:\KEIL_V5\C51\LIB\C51L.LIB (?C?LLDIDATA)
  C:\KEIL_V5\C51\LIB\C51L.LIB (?C?LLDPDATA)
  C:\KEIL_V5\C51\LIB\C51L.LIB (?C?LLDIDATA0)
  C:\KEIL_V5\C51\LIB\C51L.LIB (?C?LLDPDATA0)
  C:\KEIL_V5\C51\LIB\C51L.LIB (?C?LSTIDATA)
  C:\KEIL_V5\C51\LIB\C51L.LIB (?C?LSTPDATA)
  C:\KEIL_V5\C51\LIB\C51L.LIB (ISDIGIT)
  C:\KEIL_V5\C51\LIB\C51L.LIB (ISSPACE)


LINK MAP OF MODULE:  .\Obj\GPIO_RTC_Test (MAIN)


            TYPE    BASE      LENGTH    RELOCATION   SEGMENT NAME
            -----------------------------------------------------

            * * * * * * *   D A T A   M E M O R Y   * * * * * * *
            REG     0000H     0008H     ABSOLUTE     "REG BANK 0"
                    0008H     0018H                  *** GAP ***
            BIT     0020H.0   0000H.5   UNIT         ?BI?KEYPAD
            BIT     0020H.5   0000H.2   UNIT         ?BI?ATAN?ATAN
            BIT     0020H.7   0000H.1   UNIT         ?BI?MAIN
            BIT     0021H.0   0000H.1   UNIT         ?BI?VONESTEPMOVE?BIPOLARMOTOR
            BIT     0021H.1   0000H.1   UNIT         ?BI?_STEP_MOVE?BIPOLARMOTOR
            BIT     0021H.2   0000H.1   UNIT         ?BI?_MOVE?BIPOLARMOTOR
            BIT     0021H.3   0000H.1   UNIT         ?BI?SIN?SIN
            BIT     0021H.4   0000H.1   UNIT         ?BI?_ATOI?ATOI
                    0021H.5   0000H.3                *** GAP ***
            IDATA   0022H     0001H     UNIT         ?STACK

            * * * * * * *  X D A T A   M E M O R Y  * * * * * * *
            XDATA   0000H     00D4H     UNIT         ?XD?MAIN
            XDATA   00D4H     00A7H     UNIT         ?XD?BIPOLARMOTOR
            XDATA   017BH     009FH     UNIT         ?XD?_UPDATE_POSITION?BIPOLARMOTOR
            XDATA   021AH     0084H     UNIT         ?XD?_FIND_REAL_MAX?CALIBRATION
            XDATA   029EH     005DH     UNIT         ?XD?SUNPOS?SUNPOS
            XDATA   02FBH     0040H     UNIT         ?XD?_FINDDET4X4?BIPOLARMOTOR
            XDATA   033BH     0029H     UNIT         _XDATA_GROUP_
            XDATA   0364H     0024H     UNIT         ?XD?_FINDDET3X3?BIPOLARMOTOR
            XDATA   0388H     0018H     UNIT         ?XD?VOLTAGE_IS_STABLE?CALIBRATION
            XDATA   03A0H     0014H     UNIT         ?XD?LINEAR_INTERPOLATE?BIPOLARMOTOR
            XDATA   03B4H     0014H     UNIT         ?XD?_CALIBRATION?CALIBRATION
            XDATA   03C8H     000FH     UNIT         ?XD?_READ_TIME?PCF85063BTL
            XDATA   03D7H     000AH     UNIT         ?XD?_DISPLAY_POS?MAIN
            XDATA   03E1H     0009H     UNIT         ?XD?KEYPAD
            XDATA   03EAH     0008H     UNIT         ?XD?_ATAN2?ATAN2
            XDATA   03F2H     0006H     UNIT         ?XD?KEY_PROCESS?KEYPAD
BL51 BANKED LINKER/LOCATER V6.22                                                      02/25/2019  17:53:55  PAGE 3


            XDATA   03F8H     0005H     UNIT         ?XD?_ATOI?ATOI
            XDATA   03FDH     0004H     UNIT         ?XD?_DISPLAY_PROX?MAIN
            XDATA   0401H     0004H     UNIT         ?XD?_STEP_MOVE?BIPOLARMOTOR
            XDATA   0405H     0004H     UNIT         ?XD?_MOVE?BIPOLARMOTOR
            XDATA   0409H     0004H     UNIT         ?XD?_MAX_VALUE?CALIBRATION
            XDATA   040DH     0004H     UNIT         ?XD?SIN?SIN
            XDATA   0411H     0004H     UNIT         ?XD?SQRT?SQRT
            XDATA   0415H     0004H     UNIT         ?XD?ATAN?ATAN
            XDATA   0419H     0003H     UNIT         ?XD?_SENDSTRING?UART1
            XDATA   041CH     0003H     UNIT         ?XD?KEY_SCAN?KEYPAD
            XDATA   041FH     0003H     UNIT         ?XD?_WRITE_PI4IOE5V96248?IOEXPANDER_PI4IOE5V96248
            XDATA   0422H     0001H     UNIT         ?XD?_DISPLAYLCD?LCD_DRIVER_SPLC780D
            XDATA   0423H     0001H     UNIT         ?XD?I2C_ACK?IOEXPANDER_PI4IOE5V96248
            XDATA   0424H     0001H     UNIT         ?XD?UC_ACK?IOEXPANDER_PI4IOE5V96248
            XDATA   0425H     0001H     UNIT         ?XD?UC_NACK?IOEXPANDER_PI4IOE5V96248

            * * * * * * *   C O D E   M E M O R Y   * * * * * * *
            CODE    0000H     0003H     ABSOLUTE     
            CODE    0003H     0006H     UNIT         ?PR?_TEN?UART1
            CODE    0009H     0001H     UNIT         ?PR?TM0_ISR?MAIN
            CODE    000AH     0001H     UNIT         ?PR?_DECTOBCD?UART1
            CODE    000BH     0003H     ABSOLUTE     
            CODE    000EH     0B00H     UNIT         ?PR?_UPDATE_POSITION?BIPOLARMOTOR
            CODE    0B0EH     093FH     UNIT         ?C?LIB_CODE
            CODE    144DH     07A2H     UNIT         ?PR?SUNPOS?SUNPOS
            CODE    1BEFH     02E0H     UNIT         ?PR?MAIN?MAIN
            CODE    1ECFH     02C0H     UNIT         ?PR?_FINDDET4X4?BIPOLARMOTOR
            CODE    218FH     02B1H     UNIT         ?PR?_FIND_REAL_MAX?CALIBRATION
            CODE    2440H     02A0H     UNIT         ?PR?KEY_PROCESS?KEYPAD
            CODE    26E0H     01D1H     UNIT         ?PR?_FINDDET3X3?BIPOLARMOTOR
            CODE    28B1H     018DH     UNIT         ?PR?KEY_SCAN?KEYPAD
            CODE    2A3EH     0188H     UNIT         ?PR?SIN?SIN
            CODE    2BC6H     0172H     UNIT         ?PR?_DISPLAY_POS?MAIN
            CODE    2D38H     0122H     UNIT         ?PR?ATAN?ATAN
            CODE    2E5AH     0109H     UNIT         ?PR?_AT25SF041_READ?AT25SF041
            CODE    2F63H     0100H     UNIT         ?PR?_AT25SF041_WRITE?AT25SF041
            CODE    3063H     00E4H     UNIT         ?PR?_CALIBRATION?CALIBRATION
            CODE    3147H     00DBH     UNIT         ?PR?_ATOI?ATOI
            CODE    3222H     00C3H     UNIT         ?PR?LINEAR_INTERPOLATE?BIPOLARMOTOR
            CODE    32E5H     00BBH     UNIT         ?PR?VOLTAGE_IS_STABLE?CALIBRATION
            CODE    33A0H     00B2H     UNIT         ?C_INITSEG
            CODE    3452H     00ADH     UNIT         ?PR?_WRITE_PI4IOE5V96248?IOEXPANDER_PI4IOE5V96248
            CODE    34FFH     00ACH     UNIT         ?PR?SQRT?SQRT
            CODE    35ABH     00A1H     UNIT         ?PR?READ_STATUS_REGISTER_BYTE1?AT25SF041
            CODE    364CH     009DH     UNIT         ?PR?_ATAN2?ATAN2
            CODE    36E9H     009CH     UNIT         ?PR?_MAX_VALUE?CALIBRATION
            CODE    3785H     0095H     UNIT         ?PR?_DISPLAY_PROX?MAIN
            CODE    381AH     008CH     UNIT         ?C_C51STARTUP
            CODE    38A6H     0084H     UNIT         ?PR?_DAY_OF_YEAR?PCF85063BTL
            CODE    392AH     0075H     UNIT         ?PR?_WRITEDATA?LCD_DRIVER_SPLC780D
            CODE    399FH     006FH     UNIT         ?PR?_READ_TIME?PCF85063BTL
            CODE    3A0EH     0066H     UNIT         ?PR?AT25SF041_CHIPERASE?AT25SF041
            CODE    3A74H     0059H     UNIT         ?PR?LCD_INIT?LCD_DRIVER_SPLC780D
            CODE    3ACDH     0055H     UNIT         ?PR?AT25SF041_WRITEENABLE?AT25SF041
            CODE    3B22H     004AH     UNIT         ?PR?VONESTEPMOVE?BIPOLARMOTOR
            CODE    3B6CH     004AH     UNIT         ?PR?ACOS?ACOS
            CODE    3BB6H     0044H     UNIT         ?C?LDIV
BL51 BANKED LINKER/LOCATER V6.22                                                      02/25/2019  17:53:55  PAGE 4


            CODE    3BFAH     0040H     UNIT         ?PR?_COMMAND?LCD_DRIVER_SPLC780D
            CODE    3C3AH     0040H     UNIT         ?PR?_STEP_MOVE?BIPOLARMOTOR
            CODE    3C7AH     003BH     UNIT         ?PR?ASIN?ASIN
            CODE    3CB5H     0033H     UNIT         ?PR?_SENDSTRING?UART1
            CODE    3CE8H     002CH     UNIT         ?PR?_ADC_GETRESULT?ADC
            CODE    3D14H     002BH     UNIT         ?PR?_WAIT_MS_I2C?IOEXPANDER_PI4IOE5V96248
            CODE    3D3FH     002BH     UNIT         ?PR?_WAIT_MS_SPINOR?AT25SF041
            CODE    3D6AH     0028H     UNIT         ?PR?_MOVE?BIPOLARMOTOR
            CODE    3D92H     0027H     UNIT         ?PR?_I2C_SENDBYTE?IOEXPANDER_PI4IOE5V96248
            CODE    3DB9H     0024H     UNIT         ?PR?_WAIT_MS?LCD_DRIVER_SPLC780D
            CODE    3DDDH     0020H     UNIT         ?PR?_SPI_SENDBYTE?PCF85063BTL
            CODE    3DFDH     0020H     UNIT         ?PR?SPI_RECEIVEBYTE?PCF85063BTL
            CODE    3E1DH     001FH     UNIT         ?PR?ADC_INIT?ADC
            CODE    3E3CH     001EH     UNIT         ?PR?_DELAY_MS?KEYPAD
            CODE    3E5AH     001DH     UNIT         ?PR?_DISPLAYLCD?LCD_DRIVER_SPLC780D
            CODE    3E77H     001BH     UNIT         ?PR?_BCDTODEC1?BIPOLARMOTOR
            CODE    3E92H     0018H     UNIT         ?PR?_SPI_WRITETIME?PCF85063BTL
            CODE    3EAAH     0017H     UNIT         ?PR?_ASCIITOBCD?UART1
            CODE    3EC1H     0016H     UNIT         ?PR?I2C_ACK?IOEXPANDER_PI4IOE5V96248
            CODE    3ED7H     0015H     UNIT         ?PR?_DISPLAY_LINE?LCD_DRIVER_SPLC780D
            CODE    3EECH     0015H     UNIT         ?PR?I2C_STOP?IOEXPANDER_PI4IOE5V96248
            CODE    3F01H     0014H     UNIT         ?PR?_PCF85063BTL_DELAY?PCF85063BTL
            CODE    3F15H     0014H     UNIT         ?PR?_ISSPACE?ISSPACE
            CODE    3F29H     0011H     UNIT         ?PR?_SPI_READTIME?PCF85063BTL
            CODE    3F3AH     0011H     UNIT         ?PR?_BCDTODEC?PCF85063BTL
            CODE    3F4BH     0011H     UNIT         ?PR?INITUART1?UART1
            CODE    3F5CH     000FH     UNIT         ?PR?I2C_START?IOEXPANDER_PI4IOE5V96248
            CODE    3F6BH     000FH     UNIT         ?PR?UC_NACK?IOEXPANDER_PI4IOE5V96248
            CODE    3F7AH     000FH     UNIT         ?PR?_ISDIGIT?ISDIGIT
            CODE    3F89H     000DH     UNIT         ?PR?SPI_INIT?PCF85063BTL
            CODE    3F96H     000CH     UNIT         ?PR?KEYPAD_IO_INIT?KEYPAD
            CODE    3FA2H     000CH     UNIT         ?PR?_ABS?ABS
            CODE    3FAEH     000AH     UNIT         ?PR?LCD_RETURN_HOME?LCD_DRIVER_SPLC780D
            CODE    3FB8H     000AH     UNIT         ?PR?LCD_CLEAR?LCD_DRIVER_SPLC780D
            CODE    3FC2H     0006H     UNIT         ?PR?UC_ACK?IOEXPANDER_PI4IOE5V96248
            CODE    3FC8H     0005H     UNIT         ?PR?_UNIT?UART1
            CODE    3FCDH     0005H     UNIT         ?PR?_ASCII_LETTER?UART1
            CODE    3FD2H     0001H     UNIT         ?PR?WAIT?BIPOLARMOTOR
            CODE    3FD3H     0001H     UNIT         ?PR?NOP?IOEXPANDER_PI4IOE5V96248



OVERLAY MAP OF MODULE:   .\Obj\GPIO_RTC_Test (MAIN)


SEGMENT                                            XDATA_GROUP
  +--> CALLED SEGMENT                            START    LENGTH
----------------------------------------------------------------
?C_C51STARTUP                                    -----    -----
  +--> ?PR?MAIN?MAIN
  +--> ?C_INITSEG

?PR?MAIN?MAIN                                    033BH    0021H
  +--> ?PR?LCD_INIT?LCD_DRIVER_SPLC780D
  +--> ?PR?SPI_INIT?PCF85063BTL
  +--> ?PR?KEYPAD_IO_INIT?KEYPAD
  +--> ?PR?ADC_INIT?ADC
BL51 BANKED LINKER/LOCATER V6.22                                                      02/25/2019  17:53:55  PAGE 5


  +--> ?PR?_SPI_WRITETIME?PCF85063BTL
  +--> ?PR?_DELAY_MS?KEYPAD
  +--> ?PR?AT25SF041_WRITEENABLE?AT25SF041
  +--> ?PR?AT25SF041_CHIPERASE?AT25SF041
  +--> ?PR?_WAIT_MS_SPINOR?AT25SF041
  +--> ?PR?_DISPLAY_LINE?LCD_DRIVER_SPLC780D
  +--> ?PR?_WRITEDATA?LCD_DRIVER_SPLC780D
  +--> ?PR?_AT25SF041_WRITE?AT25SF041
  +--> ?PR?_AT25SF041_READ?AT25SF041

?PR?LCD_INIT?LCD_DRIVER_SPLC780D                 -----    -----
  +--> ?PR?_WAIT_MS?LCD_DRIVER_SPLC780D
  +--> ?PR?_COMMAND?LCD_DRIVER_SPLC780D

?PR?_COMMAND?LCD_DRIVER_SPLC780D                 -----    -----
  +--> ?PR?_WAIT_MS?LCD_DRIVER_SPLC780D

?PR?ADC_INIT?ADC                                 -----    -----
  +--> ?PR?_WAIT_MS?LCD_DRIVER_SPLC780D

?PR?_SPI_WRITETIME?PCF85063BTL                   -----    -----
  +--> ?PR?_SPI_SENDBYTE?PCF85063BTL

?PR?_SPI_SENDBYTE?PCF85063BTL                    -----    -----
  +--> ?PR?_PCF85063BTL_DELAY?PCF85063BTL

?PR?AT25SF041_WRITEENABLE?AT25SF041              035CH    0002H
  +--> ?PR?_WAIT_MS_SPINOR?AT25SF041

?PR?AT25SF041_CHIPERASE?AT25SF041                035CH    0002H
  +--> ?PR?_WAIT_MS_SPINOR?AT25SF041
  +--> ?PR?READ_STATUS_REGISTER_BYTE1?AT25SF041

?PR?READ_STATUS_REGISTER_BYTE1?AT25SF041         035EH    0003H
  +--> ?PR?_WAIT_MS_SPINOR?AT25SF041

?PR?_DISPLAY_LINE?LCD_DRIVER_SPLC780D            -----    -----
  +--> ?PR?_COMMAND?LCD_DRIVER_SPLC780D

?PR?_WRITEDATA?LCD_DRIVER_SPLC780D               035CH    0001H
  +--> ?PR?_WAIT_MS?LCD_DRIVER_SPLC780D

?PR?_AT25SF041_WRITE?AT25SF041                   035CH    0008H
  +--> ?PR?_WAIT_MS_SPINOR?AT25SF041

?PR?_AT25SF041_READ?AT25SF041                    035CH    0008H
  +--> ?PR?_WAIT_MS_SPINOR?AT25SF041



UNRESOLVED EXTERNAL SYMBOLS:
   AUTO_MODE
   _SENDUART1



SYMBOL TABLE OF MODULE:  .\Obj\GPIO_RTC_Test (MAIN)
BL51 BANKED LINKER/LOCATER V6.22                                                      02/25/2019  17:53:55  PAGE 6



  VALUE           TYPE          NAME
  ----------------------------------

  -------         MODULE        MAIN
  C:0000H         SYMBOL        _ICE_DUMMY_
  X:0008H         PUBLIC        calib_value
  D:0080H         PUBLIC        P0
  D:00B2H         PUBLIC        P3M0
  D:0090H         PUBLIC        P1
  D:00B1H         PUBLIC        P3M1
  D:00A0H         PUBLIC        P2
  D:00B0H         PUBLIC        P3
  D:00C0H         PUBLIC        P4
  D:00C8H         PUBLIC        P5
  X:005CH         SYMBOL        PressedKey
  B:00A8H.7       PUBLIC        EA
  D:00E8H         PUBLIC        P6
  X:0060H         PUBLIC        calib_stamp
  D:00F8H         PUBLIC        P7
  X:0061H         PUBLIC        RX_Data_Uart_Cnt
  D:00A8H         PUBLIC        IE
  X:0063H         PUBLIC        calib_time
  D:00B8H         PUBLIC        IP
  X:00B7H         PUBLIC        months
  D:00D8H         PUBLIC        CCON
  C:1BEFH         PUBLIC        main
  X:00B8H         PUBLIC        count
  X:00BAH         PUBLIC        days
  X:00BBH         PUBLIC        hours
  D:0098H         PUBLIC        SCON
  D:0089H         PUBLIC        TMOD
  D:0088H         PUBLIC        TCON
  X:00BCH         SYMBOL        KeyCount
  X:00BEH         PUBLIC        mins
  X:00BFH         PUBLIC        Rec_data_hour
  X:00C2H         PUBLIC        Rec_data_min
  D:008EH         PUBLIC        AUXR
  C:0009H         PUBLIC        tm0_isr
  B:0020H.7       PUBLIC        busy
  B:00A8H.1       PUBLIC        ET0
  D:008CH         PUBLIC        TH0
  X:00C5H         PUBLIC        hour_count
  D:008AH         PUBLIC        TL0
  X:00C6H         PUBLIC        min_count
  B:0088H.4       PUBLIC        TR0
  X:00C7H         SYMBOL        KeyNum
  X:00C8H         SYMBOL        KeyNum_Old
  X:00C9H         PUBLIC        current_position
  X:00CDH         PUBLIC        hours1
  X:00CEH         PUBLIC        hours2
  C:3785H         PUBLIC        _Display_Prox
  X:00CFH         PUBLIC        mins1
  X:00D0H         PUBLIC        mins2
  C:2BC6H         PUBLIC        _Display_Pos
  X:00D1H         PUBLIC        seconds
  X:00D2H         PUBLIC        st_time
BL51 BANKED LINKER/LOCATER V6.22                                                      02/25/2019  17:53:55  PAGE 7


  D:00D0H         PUBLIC        PSW
  -------         PROC          TM0_ISR
  C:0009H         LINE#         86
  C:0009H         LINE#         88
  -------         ENDPROC       TM0_ISR
  -------         PROC          MAIN
  -------         DO            
  X:033BH         SYMBOL        sunlight_ADC
  X:033DH         SYMBOL        address
  X:0000H         SYMBOL        KeyCount
  X:0002H         SYMBOL        KeyNum_Old
  X:0003H         SYMBOL        KeyNum
  X:0004H         SYMBOL        PressedKey
  X:0341H         SYMBOL        prox_flag
  X:0342H         SYMBOL        SPI_NOR_DATA
  X:0343H         SYMBOL        error
  X:0344H         SYMBOL        iUse_prevday_calib_value
  X:0346H         SYMBOL        calib_point1
  X:034EH         SYMBOL        calib_point2
  X:0356H         SYMBOL        calib_day
  X:0358H         SYMBOL        calib_count
  X:035AH         SYMBOL        i
  -------         ENDDO         
  C:1BEFH         LINE#         90
  C:1BEFH         LINE#         91
  C:1BEFH         LINE#         94
  C:1BF9H         LINE#         97
  C:1C04H         LINE#         98
  C:1C08H         LINE#         101
  C:1C0EH         LINE#         102
  C:1C14H         LINE#         106
  C:1C16H         LINE#         107
  C:1C18H         LINE#         108
  C:1C1AH         LINE#         109
  C:1C1CH         LINE#         111
  C:1C22H         LINE#         120
  C:1C24H         LINE#         121
  C:1C27H         LINE#         122
  C:1C2AH         LINE#         123
  C:1C2DH         LINE#         124
  C:1C30H         LINE#         125
  C:1C33H         LINE#         128
  C:1C36H         LINE#         130
  C:1C39H         LINE#         131
  C:1C3CH         LINE#         132
  C:1C3FH         LINE#         133
  C:1C41H         LINE#         134
  C:1C43H         LINE#         135
  C:1C45H         LINE#         137
  C:1C47H         LINE#         138
  C:1C4EH         LINE#         139
  C:1C55H         LINE#         140
  C:1C5CH         LINE#         141
  C:1C63H         LINE#         142
  C:1C66H         LINE#         144
  C:1C69H         LINE#         145
  C:1C70H         LINE#         146
BL51 BANKED LINKER/LOCATER V6.22                                                      02/25/2019  17:53:55  PAGE 8


  C:1C8DH         LINE#         147
  C:1C8DH         LINE#         151
  C:1C94H         LINE#         152
  C:1C99H         LINE#         153
  C:1C9EH         LINE#         154
  C:1CA3H         LINE#         159
  C:1CBCH         LINE#         160
  C:1CBCH         LINE#         161
  C:1CD8H         LINE#         162
  C:1D1FH         LINE#         163
  C:1D30H         LINE#         178
  C:1D35H         LINE#         179
  C:1D3CH         LINE#         180
  C:1D3FH         LINE#         182
  C:1D63H         LINE#         183
  C:1D81H         LINE#         184
  C:1D88H         LINE#         186
  C:1DA8H         LINE#         187
  C:1DA8H         LINE#         188
  C:1DABH         LINE#         189
  C:1DC2H         LINE#         190
  C:1DE1H         LINE#         191
  C:1DE9H         LINE#         193
  C:1DF0H         LINE#         194
  C:1DF5H         LINE#         195
  C:1E03H         LINE#         196
  C:1E06H         LINE#         198
  C:1E06H         LINE#         199
  C:1E0CH         LINE#         201
  C:1E11H         LINE#         203
  C:1E16H         LINE#         205
  C:1E1BH         LINE#         207
  C:1E20H         LINE#         209
  C:1E25H         LINE#         211
  C:1E2AH         LINE#         213
  C:1E2AH         LINE#         214
  C:1E2AH         LINE#         219
  C:1E2AH         LINE#         220
  C:1E34H         LINE#         221
  C:1E3CH         LINE#         222
  C:1E3CH         LINE#         223
  C:1E5AH         LINE#         224
  C:1E5DH         LINE#         225
  C:1E7CH         LINE#         226
  C:1E96H         LINE#         227
  C:1E96H         LINE#         228
  C:1EA0H         LINE#         229
  C:1EA7H         LINE#         230
  C:1EA7H         LINE#         234
  C:1EA9H         LINE#         235
  C:1EB0H         LINE#         236
  C:1EB0H         LINE#         237
  C:1EB5H         LINE#         239
  C:1EBAH         LINE#         240
  C:1EC2H         LINE#         241
  C:1ECDH         LINE#         243
  C:1ECDH         LINE#         244
BL51 BANKED LINKER/LOCATER V6.22                                                      02/25/2019  17:53:55  PAGE 9


  -------         ENDPROC       MAIN
  -------         PROC          _DISPLAY_PROX
  D:0002H         SYMBOL        dat
  -------         DO            
  X:03FDH         SYMBOL        unit
  X:03FEH         SYMBOL        ten
  X:03FFH         SYMBOL        hundred
  X:0400H         SYMBOL        thousand
  -------         ENDDO         
  C:3785H         LINE#         325
  C:3789H         LINE#         326
  C:3789H         LINE#         328
  C:3795H         LINE#         329
  C:37A5H         LINE#         330
  C:37C1H         LINE#         331
  C:37F1H         LINE#         332
  C:37FBH         LINE#         333
  C:3805H         LINE#         334
  C:380FH         LINE#         335
  C:3819H         LINE#         337
  -------         ENDPROC       _DISPLAY_PROX
  -------         PROC          _DISPLAY_POS
  X:03D7H         SYMBOL        sign_dat
  -------         DO            
  X:03DBH         SYMBOL        unit
  X:03DCH         SYMBOL        ten
  X:03DDH         SYMBOL        hundred
  D:0003H         SYMBOL        thousand
  X:03DEH         SYMBOL        after_dot
  X:03DFH         SYMBOL        dat
  -------         ENDDO         
  C:2BC6H         LINE#         340
  C:2BCCH         LINE#         341
  C:2BCCH         LINE#         345
  C:2BE8H         LINE#         346
  C:2C02H         LINE#         347
  C:2C26H         LINE#         349
  C:2C70H         LINE#         351
  C:2C87H         LINE#         352
  C:2C94H         LINE#         353
  C:2CB6H         LINE#         354
  C:2CEBH         LINE#         355
  C:2D03H         LINE#         356
  C:2D03H         LINE#         358
  C:2D03H         LINE#         359
  C:2D03H         LINE#         360
  C:2D03H         LINE#         361
  C:2D03H         LINE#         362
  C:2D03H         LINE#         366
  C:2D05H         LINE#         368
  C:2D05H         LINE#         370
  C:2D0AH         LINE#         371
  C:2D14H         LINE#         372
  C:2D1EH         LINE#         373
  C:2D28H         LINE#         374
  C:2D2DH         LINE#         375
  C:2D37H         LINE#         379
BL51 BANKED LINKER/LOCATER V6.22                                                      02/25/2019  17:53:55  PAGE 10


  C:2D37H         LINE#         381
  -------         ENDPROC       _DISPLAY_POS
  -------         ENDMOD        MAIN

  -------         MODULE        PCF85063BTL
  C:0000H         SYMBOL        _ICE_DUMMY_
  D:0096H         PUBLIC        P2M0
  D:0080H         PUBLIC        P0
  D:0095H         PUBLIC        P2M1
  D:0090H         PUBLIC        P1
  D:00A0H         PUBLIC        P2
  D:00B0H         PUBLIC        P3
  D:00C0H         PUBLIC        P4
  D:00C8H         PUBLIC        P5
  D:00E8H         PUBLIC        P6
  B:00A0H.1       PUBLIC        PCF85063BTL_SDI
  D:00F8H         PUBLIC        P7
  B:00A0H.2       PUBLIC        PCF85063BTL_SCK
  B:00A0H.1       PUBLIC        PCF85063BTL_SDO
  D:00A8H         PUBLIC        IE
  C:399FH         PUBLIC        _Read_time
  C:3F07H         PUBLIC        _PCF85063BTL_Delay
  D:00B8H         PUBLIC        IP
  D:00D8H         PUBLIC        CCON
  C:38A6H         PUBLIC        _Day_Of_Year
  C:3DFDH         PUBLIC        SPI_ReceiveByte
  D:0098H         PUBLIC        SCON
  D:0088H         PUBLIC        TCON
  C:3F3AH         PUBLIC        _BCDtoDec
  B:00A0H.0       PUBLIC        PCF85063BTL_CS
  C:3F29H         PUBLIC        _SPI_ReadTime
  C:3F89H         PUBLIC        SPI_Init
  C:3E92H         PUBLIC        _SPI_WriteTime
  C:3DDDH         PUBLIC        _SPI_SendByte
  D:00D0H         PUBLIC        PSW
  C:3F03H         SYMBOL        L?0047
  -------         PROC          L?0046
  -------         ENDPROC       L?0046
  C:3F03H         SYMBOL        L?0047
  -------         PROC          _PCF85063BTL_DELAY
  D:0006H         SYMBOL        us
  C:3F07H         LINE#         8
  C:3F07H         LINE#         9
  C:3F07H         LINE#         10
  C:3F11H         LINE#         11
  C:3F11H         LINE#         12
  C:3F12H         LINE#         13
  C:3F14H         LINE#         14
  -------         ENDPROC       _PCF85063BTL_DELAY
  -------         PROC          _SPI_SENDBYTE
  D:0005H         SYMBOL        dat
  -------         DO            
  D:0003H         SYMBOL        i
  -------         ENDDO         
  C:3DDDH         LINE#         17
  C:3DDFH         LINE#         18
  C:3DDFH         LINE#         20
BL51 BANKED LINKER/LOCATER V6.22                                                      02/25/2019  17:53:55  PAGE 11


  C:3DE1H         LINE#         21
  C:3DE1H         LINE#         22
  C:3DE3H         LINE#         23
  C:3DE7H         LINE#         24
  C:3DE7H         LINE#         25
  C:3DE9H         LINE#         26
  C:3DEBH         LINE#         28
  C:3DEBH         LINE#         29
  C:3DEDH         LINE#         30
  C:3DEDH         LINE#         31
  C:3DF0H         LINE#         32
  C:3DF0H         LINE#         33
  C:3DF3H         LINE#         34
  C:3DF7H         LINE#         35
  C:3DFCH         LINE#         36
  -------         ENDPROC       _SPI_SENDBYTE
  -------         PROC          SPI_RECEIVEBYTE
  -------         DO            
  D:0003H         SYMBOL        i
  D:0005H         SYMBOL        dat
  -------         ENDDO         
  C:3DFDH         LINE#         39
  C:3DFDH         LINE#         40
  C:3DFDH         LINE#         42
  C:3DFFH         LINE#         44
  C:3E01H         LINE#         45
  C:3E02H         LINE#         46
  C:3E02H         LINE#         47
  C:3E06H         LINE#         48
  C:3E08H         LINE#         49
  C:3E0BH         LINE#         51
  C:3E0EH         LINE#         52
  C:3E0EH         LINE#         53
  C:3E12H         LINE#         54
  C:3E12H         LINE#         55
  C:3E12H         LINE#         56
  C:3E15H         LINE#         57
  C:3E1AH         LINE#         58
  C:3E1CH         LINE#         59
  -------         ENDPROC       SPI_RECEIVEBYTE
  -------         PROC          _SPI_READTIME
  D:0007H         SYMBOL        addr
  -------         DO            
  D:0006H         SYMBOL        dat
  -------         ENDDO         
  C:3F29H         LINE#         61
  C:3F29H         LINE#         62
  C:3F29H         LINE#         64
  C:3F2BH         LINE#         65
  C:3F2DH         LINE#         66
  C:3F34H         LINE#         67
  C:3F37H         LINE#         68
  C:3F39H         LINE#         69
  C:3F39H         LINE#         70
  -------         ENDPROC       _SPI_READTIME
  -------         PROC          _SPI_WRITETIME
  D:0002H         SYMBOL        val
BL51 BANKED LINKER/LOCATER V6.22                                                      02/25/2019  17:53:55  PAGE 12


  D:0005H         SYMBOL        addr
  C:3E92H         LINE#         71
  C:3E94H         LINE#         72
  C:3E94H         LINE#         74
  C:3E96H         LINE#         75
  C:3E9DH         LINE#         76
  C:3EA2H         LINE#         77
  C:3EA7H         LINE#         78
  C:3EA9H         LINE#         79
  -------         ENDPROC       _SPI_WRITETIME
  -------         PROC          SPI_INIT
  C:3F89H         LINE#         83
  C:3F89H         LINE#         84
  C:3F89H         LINE#         89
  C:3F8CH         LINE#         90
  C:3F8FH         LINE#         91
  C:3F91H         LINE#         92
  C:3F93H         LINE#         93
  C:3F95H         LINE#         94
  -------         ENDPROC       SPI_INIT
  -------         PROC          _READ_TIME
  X:03C8H         SYMBOL        months
  X:03CBH         SYMBOL        days
  X:03CEH         SYMBOL        hours
  X:03D1H         SYMBOL        mins
  X:03D4H         SYMBOL        seconds
  C:399FH         LINE#         96
  C:39AAH         LINE#         97
  C:39AAH         LINE#         99
  C:39BEH         LINE#         101
  C:39D2H         LINE#         103
  C:39E6H         LINE#         108
  C:39FAH         LINE#         113
  -------         ENDPROC       _READ_TIME
  -------         PROC          _BCDTODEC
  D:0007H         SYMBOL        bcd
  -------         DO            
  D:0006H         SYMBOL        hi
  D:0007H         SYMBOL        lo
  -------         ENDDO         
  C:3F3AH         LINE#         119
  C:3F3AH         LINE#         120
  C:3F3AH         LINE#         122
  C:3F3FH         LINE#         123
  C:3F43H         LINE#         124
  C:3F4AH         LINE#         125
  -------         ENDPROC       _BCDTODEC
  -------         PROC          _DAY_OF_YEAR
  D:0007H         SYMBOL        months_bcd
  D:0005H         SYMBOL        days_bcd
  -------         DO            
  D:0004H         SYMBOL        months
  D:0007H         SYMBOL        days
  -------         ENDDO         
  C:38A6H         LINE#         126
  C:38A6H         LINE#         127
  C:38A6H         LINE#         130
BL51 BANKED LINKER/LOCATER V6.22                                                      02/25/2019  17:53:55  PAGE 13


  C:38ABH         LINE#         132
  C:38B0H         LINE#         134
  C:38E9H         LINE#         135
  C:38E9H         LINE#         136
  C:38E9H         LINE#         137
  C:38ECH         LINE#         138
  C:38ECH         LINE#         139
  C:38ECH         LINE#         140
  C:38F1H         LINE#         141
  C:38F1H         LINE#         142
  C:38F1H         LINE#         143
  C:38F6H         LINE#         144
  C:38F6H         LINE#         145
  C:38F6H         LINE#         146
  C:38FBH         LINE#         147
  C:38FBH         LINE#         148
  C:38FBH         LINE#         149
  C:3900H         LINE#         150
  C:3900H         LINE#         151
  C:3900H         LINE#         152
  C:3905H         LINE#         153
  C:3905H         LINE#         154
  C:3905H         LINE#         155
  C:390AH         LINE#         156
  C:390AH         LINE#         157
  C:390AH         LINE#         158
  C:390FH         LINE#         159
  C:390FH         LINE#         160
  C:390FH         LINE#         161
  C:3917H         LINE#         162
  C:3917H         LINE#         163
  C:3917H         LINE#         164
  C:391CH         LINE#         165
  C:391CH         LINE#         166
  C:391CH         LINE#         167
  C:3921H         LINE#         168
  C:3921H         LINE#         169
  C:3921H         LINE#         170
  C:3929H         LINE#         171
  C:3929H         LINE#         172
  C:3929H         LINE#         173
  -------         ENDPROC       _DAY_OF_YEAR
  -------         ENDMOD        PCF85063BTL

  -------         MODULE        UART1
  C:0000H         SYMBOL        _ICE_DUMMY_
  D:0080H         PUBLIC        P0
  D:0090H         PUBLIC        P1
  D:00A0H         PUBLIC        P2
  D:00B0H         PUBLIC        P3
  D:00C0H         PUBLIC        P4
  D:00C8H         PUBLIC        P5
  B:00A8H.7       PUBLIC        EA
  D:00E8H         PUBLIC        P6
  D:00F8H         PUBLIC        P7
  C:3CB5H         PUBLIC        _SendString
  D:00A8H         PUBLIC        IE
BL51 BANKED LINKER/LOCATER V6.22                                                      02/25/2019  17:53:55  PAGE 14


  B:00A8H.4       PUBLIC        ES
  D:00B8H         PUBLIC        IP
  C:3EAAH         PUBLIC        _ASCIItoBCD
  D:00D8H         PUBLIC        CCON
  C:3F4BH         PUBLIC        initUART1
  D:0098H         PUBLIC        SCON
  D:0088H         PUBLIC        TCON
  C:000AH         PUBLIC        _DectoBCD
  C:3FCDH         PUBLIC        _ASCII_Letter
  D:008EH         PUBLIC        AUXR
  C:3FC8H         PUBLIC        _unit
  C:0003H         PUBLIC        _ten
  D:00D6H         PUBLIC        T2H
  D:00D7H         PUBLIC        T2L
  D:00D0H         PUBLIC        PSW
  -------         PROC          INITUART1
  C:3F4BH         LINE#         21
  C:3F4BH         LINE#         22
  C:3F4BH         LINE#         23
  C:3F4EH         LINE#         24
  C:3F51H         LINE#         25
  C:3F54H         LINE#         26
  C:3F57H         LINE#         27
  C:3F59H         LINE#         28
  C:3F5BH         LINE#         30
  -------         ENDPROC       INITUART1
  -------         PROC          _SENDSTRING
  X:0419H         SYMBOL        s
  C:3CB5H         LINE#         35
  C:3CC0H         LINE#         36
  C:3CC0H         LINE#         37
  C:3CD0H         LINE#         38
  C:3CD0H         LINE#         39
  C:3CE5H         LINE#         40
  C:3CE7H         LINE#         41
  -------         ENDPROC       _SENDSTRING
  -------         PROC          _TEN
  D:0007H         SYMBOL        BCD
  C:0003H         LINE#         43
  C:0003H         LINE#         44
  C:0003H         LINE#         45
  C:0008H         LINE#         46
  -------         ENDPROC       _TEN
  -------         PROC          _UNIT
  D:0007H         SYMBOL        BCD
  C:3FC8H         LINE#         47
  C:3FC8H         LINE#         48
  C:3FC8H         LINE#         52
  C:3FCCH         LINE#         53
  -------         ENDPROC       _UNIT
  -------         PROC          _DECTOBCD
  D:0007H         SYMBOL        dec
  C:000AH         LINE#         54
  C:000AH         LINE#         55
  C:000AH         LINE#         57
  C:000AH         LINE#         58
  -------         ENDPROC       _DECTOBCD
BL51 BANKED LINKER/LOCATER V6.22                                                      02/25/2019  17:53:55  PAGE 15


  -------         PROC          _ASCII_LETTER
  D:0007H         SYMBOL        dat
  C:3FCDH         LINE#         60
  C:3FCDH         LINE#         61
  C:3FCDH         LINE#         63
  C:3FD1H         LINE#         64
  -------         ENDPROC       _ASCII_LETTER
  -------         PROC          _ASCIITOBCD
  D:0001H         SYMBOL        ascii
  -------         DO            
  D:0007H         SYMBOL        dec_val
  D:0006H         SYMBOL        ten
  D:0007H         SYMBOL        unit
  -------         ENDDO         
  C:3EAAH         LINE#         66
  C:3EAAH         LINE#         67
  C:3EAAH         LINE#         69
  C:3EADH         LINE#         70
  C:3EB3H         LINE#         71
  C:3EBAH         LINE#         72
  C:3EC0H         LINE#         74
  -------         ENDPROC       _ASCIITOBCD
  -------         ENDMOD        UART1

  -------         MODULE        LCD_DRIVER_SPLC780D
  C:0000H         SYMBOL        _ICE_DUMMY_
  D:0092H         PUBLIC        P1M0
  D:0091H         PUBLIC        P1M1
  D:0080H         PUBLIC        P0
  D:0090H         PUBLIC        P1
  D:00A0H         PUBLIC        P2
  D:00B0H         PUBLIC        P3
  D:00C0H         PUBLIC        P4
  D:00C8H         PUBLIC        P5
  D:00E8H         PUBLIC        P6
  D:00F8H         PUBLIC        P7
  C:392AH         PUBLIC        _WriteData
  D:00A8H         PUBLIC        IE
  D:00B8H         PUBLIC        IP
  D:00D8H         PUBLIC        CCON
  B:00B0H.4       PUBLIC        LCD_D4
  B:00B0H.5       PUBLIC        LCD_D5
  B:00B0H.6       PUBLIC        LCD_D6
  C:3E5AH         PUBLIC        _DisplayLCD
  B:00B0H.7       PUBLIC        LCD_D7
  D:0098H         PUBLIC        SCON
  D:0088H         PUBLIC        TCON
  C:3FB8H         PUBLIC        LCD_clear
  C:3BFAH         PUBLIC        _Command
  C:3ED7H         PUBLIC        _Display_Line
  C:3A74H         PUBLIC        LCD_Init
  C:3DBFH         PUBLIC        _Wait_ms
  B:00C0H.0       PUBLIC        LCD_RS
  B:00B0H.2       PUBLIC        LCD_RW
  C:3FAEH         PUBLIC        LCD_return_home
  B:00B0H.3       PUBLIC        LCD_E
  D:00D0H         PUBLIC        PSW
BL51 BANKED LINKER/LOCATER V6.22                                                      02/25/2019  17:53:55  PAGE 16


  -------         PROC          LCD_INIT
  C:3A74H         LINE#         9
  C:3A74H         LINE#         10
  C:3A74H         LINE#         11
  C:3A77H         LINE#         12
  C:3A7AH         LINE#         14
  C:3A80H         LINE#         15
  C:3A85H         LINE#         17
  C:3A8CH         LINE#         18
  C:3A91H         LINE#         20
  C:3A94H         LINE#         21
  C:3A99H         LINE#         23
  C:3A9CH         LINE#         24
  C:3AA1H         LINE#         26
  C:3AA8H         LINE#         29
  C:3AADH         LINE#         30
  C:3AB2H         LINE#         32
  C:3AB7H         LINE#         33
  C:3ABCH         LINE#         35
  C:3AC1H         LINE#         36
  C:3AC6H         LINE#         37
  -------         ENDPROC       LCD_INIT
  -------         PROC          _WRITEDATA
  X:035CH         SYMBOL        dat
  C:392AH         LINE#         40
  C:392FH         LINE#         41
  C:392FH         LINE#         46
  C:3931H         LINE#         47
  C:3933H         LINE#         49
  C:3941H         LINE#         50
  C:394DH         LINE#         51
  C:3959H         LINE#         52
  C:3963H         LINE#         53
  C:3965H         LINE#         54
  C:396CH         LINE#         55
  C:396EH         LINE#         57
  C:397EH         LINE#         58
  C:3989H         LINE#         59
  C:3993H         LINE#         60
  C:3997H         LINE#         62
  C:3997H         LINE#         63
  C:399AH         LINE#         64
  C:399CH         LINE#         65
  C:399EH         LINE#         67
  -------         ENDPROC       _WRITEDATA
  -------         PROC          _COMMAND
  D:0007H         SYMBOL        dat
  C:3BFAH         LINE#         69
  C:3BFAH         LINE#         70
  C:3BFAH         LINE#         71
  C:3BFCH         LINE#         72
  C:3BFEH         LINE#         74
  C:3C08H         LINE#         75
  C:3C0CH         LINE#         77
  C:3C0EH         LINE#         78
  C:3C17H         LINE#         79
  C:3C1BH         LINE#         81
BL51 BANKED LINKER/LOCATER V6.22                                                      02/25/2019  17:53:55  PAGE 17


  C:3C1DH         LINE#         82
  C:3C24H         LINE#         83
  C:3C28H         LINE#         85
  C:3C2AH         LINE#         86
  C:3C2EH         LINE#         87
  C:3C32H         LINE#         89
  C:3C34H         LINE#         90
  C:3C34H         LINE#         91
  C:3C37H         LINE#         92
  C:3C39H         LINE#         93
  -------         ENDPROC       _COMMAND
  C:3DBBH         SYMBOL        L?0028
  -------         PROC          L?0027
  -------         ENDPROC       L?0027
  C:3DBBH         SYMBOL        L?0028
  -------         PROC          _WAIT_MS
  D:0006H         SYMBOL        ms
  -------         DO            
  D:0004H         SYMBOL        De_Cnt
  -------         ENDDO         
  C:3DBFH         LINE#         95
  C:3DBFH         LINE#         96
  C:3DBFH         LINE#         98
  C:3DC9H         LINE#         99
  C:3DC9H         LINE#         100
  C:3DDCH         LINE#         101
  C:3DDCH         LINE#         102
  -------         ENDPROC       _WAIT_MS
  -------         PROC          _DISPLAYLCD
  D:0007H         SYMBOL        BCD
  -------         DO            
  D:0006H         SYMBOL        first_digit
  X:0422H         SYMBOL        second_digit
  -------         ENDDO         
  C:3E5AH         LINE#         103
  C:3E5AH         LINE#         104
  C:3E5AH         LINE#         106
  C:3E61H         LINE#         107
  C:3E6AH         LINE#         109
  C:3E6FH         LINE#         111
  -------         ENDPROC       _DISPLAYLCD
  -------         PROC          LCD_RETURN_HOME
  C:3FAEH         LINE#         115
  C:3FAEH         LINE#         116
  C:3FAEH         LINE#         117
  C:3FB3H         LINE#         118
  -------         ENDPROC       LCD_RETURN_HOME
  -------         PROC          LCD_CLEAR
  C:3FB8H         LINE#         121
  C:3FB8H         LINE#         122
  C:3FB8H         LINE#         123
  C:3FBDH         LINE#         124
  -------         ENDPROC       LCD_CLEAR
  -------         PROC          _DISPLAY_LINE
  D:0006H         SYMBOL        line
  C:3ED7H         LINE#         128
  C:3ED7H         LINE#         129
BL51 BANKED LINKER/LOCATER V6.22                                                      02/25/2019  17:53:55  PAGE 18


  C:3ED7H         LINE#         130
  C:3EDDH         LINE#         131
  C:3EDDH         LINE#         132
  C:3EDFH         LINE#         133
  C:3EDFH         LINE#         134
  C:3EE1H         LINE#         136
  C:3EE1H         LINE#         137
  C:3EE6H         LINE#         138
  C:3EEBH         LINE#         139
  C:3EEBH         LINE#         140
  -------         ENDPROC       _DISPLAY_LINE
  -------         ENDMOD        LCD_DRIVER_SPLC780D

  -------         MODULE        KEYPAD
  C:0000H         SYMBOL        _ICE_DUMMY_
  D:0093H         PUBLIC        P0M1
  D:0080H         PUBLIC        P0
  D:0090H         PUBLIC        P1
  D:00A0H         PUBLIC        P2
  D:00B0H         PUBLIC        P3
  D:00C0H         PUBLIC        P4
  D:00C8H         PUBLIC        P5
  B:0020H.0       PUBLIC        calib_mode
  D:00E8H         PUBLIC        P6
  D:00F8H         PUBLIC        P7
  D:00A8H         PUBLIC        IE
  C:28B1H         PUBLIC        Key_Scan
  D:00B8H         PUBLIC        IP
  D:00D8H         PUBLIC        CCON
  C:3F96H         PUBLIC        KeyPad_IO_Init
  C:3E3CH         PUBLIC        _Delay_ms
  D:0098H         PUBLIC        SCON
  D:0088H         PUBLIC        TCON
  B:0020H.1       PUBLIC        small_move
  B:0020H.2       PUBLIC        move
  B:0020H.3       PUBLIC        direction
  B:0020H.4       PUBLIC        auto_move
  C:2440H         PUBLIC        Key_Process
  D:00D0H         PUBLIC        PSW
  D:0094H         PUBLIC        P0M0
  -------         PROC          _DELAY_MS
  D:0006H         SYMBOL        ms
  -------         DO            
  D:0004H         SYMBOL        De_Cnt
  -------         ENDDO         
  C:3E3CH         LINE#         19
  C:3E3CH         LINE#         20
  C:3E3CH         LINE#         22
  C:3E46H         LINE#         23
  C:3E46H         LINE#         24
  C:3E59H         LINE#         25
  C:3E59H         LINE#         26
  -------         ENDPROC       _DELAY_MS
  -------         PROC          KEY_SCAN
  -------         DO            
  X:041CH         SYMBOL        KeyTemp1
  X:041DH         SYMBOL        KeyTemp2
BL51 BANKED LINKER/LOCATER V6.22                                                      02/25/2019  17:53:55  PAGE 19


  X:041EH         SYMBOL        KeyValue
  -------         ENDDO         
  C:28B1H         LINE#         27
  C:28B1H         LINE#         28
  C:28B1H         LINE#         33
  C:28B4H         LINE#         36
  C:28B7H         LINE#         38
  C:28BFH         LINE#         39
  C:28C6H         LINE#         40
  C:28C6H         LINE#         42
  C:28CBH         LINE#         43
  C:28D2H         LINE#         44
  C:28D2H         LINE#         47
  C:28D5H         LINE#         48
  C:28D8H         LINE#         49
  C:28DDH         LINE#         50
  C:28E1H         LINE#         51
  C:28E1H         LINE#         52
  C:28E9H         LINE#         53
  C:28E9H         LINE#         54
  C:28ECH         LINE#         55
  C:28F4H         LINE#         56
  C:28F6H         LINE#         58
  C:290AH         LINE#         59
  C:290AH         LINE#         60
  C:290AH         LINE#         61
  C:290AH         LINE#         62
  C:2910H         LINE#         64
  C:2912H         LINE#         65
  C:2912H         LINE#         66
  C:2912H         LINE#         67
  C:2918H         LINE#         69
  C:291AH         LINE#         70
  C:291AH         LINE#         71
  C:291AH         LINE#         72
  C:2920H         LINE#         74
  C:2922H         LINE#         75
  C:2922H         LINE#         76
  C:2922H         LINE#         77
  C:2928H         LINE#         79
  C:2928H         LINE#         80
  C:2928H         LINE#         81
  C:2928H         LINE#         84
  C:292BH         LINE#         85
  C:292EH         LINE#         86
  C:2936H         LINE#         87
  C:293AH         LINE#         88
  C:293AH         LINE#         89
  C:2942H         LINE#         90
  C:2942H         LINE#         91
  C:2945H         LINE#         92
  C:294DH         LINE#         93
  C:294FH         LINE#         94
  C:2963H         LINE#         95
  C:2963H         LINE#         96
  C:2963H         LINE#         97
  C:2963H         LINE#         98
BL51 BANKED LINKER/LOCATER V6.22                                                      02/25/2019  17:53:55  PAGE 20


  C:2969H         LINE#         100
  C:296BH         LINE#         101
  C:296BH         LINE#         102
  C:296BH         LINE#         103
  C:2971H         LINE#         105
  C:2973H         LINE#         106
  C:2973H         LINE#         107
  C:2973H         LINE#         108
  C:2979H         LINE#         110
  C:297BH         LINE#         111
  C:297BH         LINE#         112
  C:297BH         LINE#         113
  C:2980H         LINE#         115
  C:2980H         LINE#         116
  C:2980H         LINE#         117
  C:2980H         LINE#         120
  C:2983H         LINE#         121
  C:2986H         LINE#         122
  C:298EH         LINE#         123
  C:2992H         LINE#         124
  C:2992H         LINE#         125
  C:299AH         LINE#         126
  C:299AH         LINE#         127
  C:299DH         LINE#         128
  C:29A5H         LINE#         129
  C:29A7H         LINE#         130
  C:29BBH         LINE#         131
  C:29BBH         LINE#         132
  C:29BBH         LINE#         133
  C:29BBH         LINE#         134
  C:29C1H         LINE#         136
  C:29C3H         LINE#         137
  C:29C3H         LINE#         138
  C:29C3H         LINE#         139
  C:29C9H         LINE#         141
  C:29CBH         LINE#         142
  C:29CBH         LINE#         143
  C:29CBH         LINE#         144
  C:29D1H         LINE#         146
  C:29D3H         LINE#         147
  C:29D3H         LINE#         148
  C:29D3H         LINE#         149
  C:29D9H         LINE#         151
  C:29D9H         LINE#         152
  C:29D9H         LINE#         153
  C:29D9H         LINE#         157
  C:29DCH         LINE#         158
  C:29DFH         LINE#         159
  C:29E7H         LINE#         160
  C:29EBH         LINE#         161
  C:29EBH         LINE#         162
  C:29F3H         LINE#         163
  C:29F3H         LINE#         164
  C:29F6H         LINE#         165
  C:29FEH         LINE#         166
  C:2A00H         LINE#         167
  C:2A14H         LINE#         168
BL51 BANKED LINKER/LOCATER V6.22                                                      02/25/2019  17:53:55  PAGE 21


  C:2A14H         LINE#         169
  C:2A14H         LINE#         170
  C:2A14H         LINE#         171
  C:2A1AH         LINE#         173
  C:2A1CH         LINE#         174
  C:2A1CH         LINE#         175
  C:2A1CH         LINE#         176
  C:2A22H         LINE#         178
  C:2A24H         LINE#         179
  C:2A24H         LINE#         180
  C:2A24H         LINE#         181
  C:2A2AH         LINE#         183
  C:2A2CH         LINE#         184
  C:2A2CH         LINE#         185
  C:2A2CH         LINE#         186
  C:2A32H         LINE#         188
  C:2A32H         LINE#         189
  C:2A32H         LINE#         190
  C:2A32H         LINE#         192
  C:2A38H         LINE#         193
  C:2A38H         LINE#         195
  C:2A38H         LINE#         196
  C:2A3BH         LINE#         197
  C:2A3BH         LINE#         198
  C:2A3BH         LINE#         200
  C:2A3BH         LINE#         201
  C:2A3DH         LINE#         202
  C:2A3DH         LINE#         203
  -------         ENDPROC       KEY_SCAN
  -------         PROC          KEY_PROCESS
  -------         DO            
  X:03E1H         SYMBOL        KeyCount
  X:03E3H         SYMBOL        KeyNum_Old
  X:03E4H         SYMBOL        KeyNum
  X:03E5H         SYMBOL        PressedKey
  X:03F2H         SYMBOL        d
  D:0004H         SYMBOL        hours
  D:0006H         SYMBOL        mins
  X:03F4H         SYMBOL        months
  X:03F6H         SYMBOL        days
  -------         ENDDO         
  C:2440H         LINE#         204
  C:2440H         LINE#         205
  C:2440H         LINE#         209
  C:2448H         LINE#         210
  C:2450H         LINE#         212
  C:2453H         LINE#         213
  C:2453H         LINE#         214
  C:2456H         LINE#         216
  C:2456H         LINE#         217
  C:2463H         LINE#         218
  C:2463H         LINE#         219
  C:2466H         LINE#         220
  C:2469H         LINE#         222
  C:246CH         LINE#         224
  C:246CH         LINE#         225
  C:2477H         LINE#         226
BL51 BANKED LINKER/LOCATER V6.22                                                      02/25/2019  17:53:55  PAGE 22


  C:2477H         LINE#         227
  C:247AH         LINE#         229
  C:247AH         LINE#         230
  C:2481H         LINE#         231
  C:2481H         LINE#         232
  C:2484H         LINE#         234
  C:2484H         LINE#         235
  C:248CH         LINE#         236
  C:248CH         LINE#         237
  C:2496H         LINE#         238
  C:249EH         LINE#         240
  C:24A7H         LINE#         242
  C:24A7H         LINE#         251
  C:24BCH         LINE#         252
  C:24BCH         LINE#         253
  C:24CEH         LINE#         254
  C:24DCH         LINE#         255
  C:24EBH         LINE#         256
  C:24EBH         LINE#         258
  C:24F1H         LINE#         262
  C:2507H         LINE#         263
  C:2518H         LINE#         264
  C:2533H         LINE#         265
  C:2533H         LINE#         266
  C:2543H         LINE#         267
  C:2554H         LINE#         268
  C:2554H         LINE#         272
  C:256DH         LINE#         273
  C:2584H         LINE#         274
  C:25A4H         LINE#         275
  C:25A4H         LINE#         276
  C:25AEH         LINE#         277
  C:25AEH         LINE#         278
  C:25B7H         LINE#         279
  C:25B7H         LINE#         280
  C:25CBH         LINE#         281
  C:25CBH         LINE#         282
  C:25CBH         LINE#         283
  C:25CBH         LINE#         284
  C:25CBH         LINE#         285
  C:25CDH         LINE#         287
  C:25CDH         LINE#         288
  C:25D9H         LINE#         289
  C:25D9H         LINE#         290
  C:25EAH         LINE#         291
  C:25EAH         LINE#         292
  C:25EAH         LINE#         293
  C:25EAH         LINE#         294
  C:25EAH         LINE#         296
  C:25ECH         LINE#         298
  C:25ECH         LINE#         299
  C:25FDH         LINE#         300
  C:25FDH         LINE#         301
  C:25FDH         LINE#         302
  C:25FDH         LINE#         303
  C:25FDH         LINE#         305
  C:25FDH         LINE#         307
BL51 BANKED LINKER/LOCATER V6.22                                                      02/25/2019  17:53:55  PAGE 23


  C:25FDH         LINE#         308
  C:25FFH         LINE#         310
  C:25FFH         LINE#         311
  C:2612H         LINE#         312
  C:2612H         LINE#         313
  C:2623H         LINE#         314
  C:2623H         LINE#         315
  C:2623H         LINE#         316
  C:2623H         LINE#         317
  C:2623H         LINE#         318
  C:2625H         LINE#         320
  C:2625H         LINE#         321
  C:2636H         LINE#         322
  C:2636H         LINE#         323
  C:2647H         LINE#         324
  C:2658H         LINE#         325
  C:2658H         LINE#         326
  C:2658H         LINE#         327
  C:2658H         LINE#         328
  C:2658H         LINE#         329
  C:265BH         LINE#         330
  C:2660H         LINE#         331
  C:2665H         LINE#         332
  C:266AH         LINE#         333
  C:266FH         LINE#         334
  C:2674H         LINE#         335
  C:2679H         LINE#         336
  C:267EH         LINE#         337
  C:267EH         LINE#         339
  C:26A0H         LINE#         340
  C:26A0H         LINE#         341
  C:26AAH         LINE#         342
  C:26AAH         LINE#         343
  C:26AFH         LINE#         344
  C:26B8H         LINE#         345
  C:26CFH         LINE#         346
  C:26CFH         LINE#         347
  C:26DFH         LINE#         349
  C:26DFH         LINE#         353
  -------         ENDPROC       KEY_PROCESS
  -------         PROC          KEYPAD_IO_INIT
  C:3F96H         LINE#         356
  C:3F96H         LINE#         357
  C:3F96H         LINE#         358
  C:3F99H         LINE#         359
  C:3F9CH         LINE#         360
  C:3F9FH         LINE#         361
  C:3FA1H         LINE#         362
  -------         ENDPROC       KEYPAD_IO_INIT
  -------         ENDMOD        KEYPAD

  -------         MODULE        BIPOLARMOTOR
  C:0000H         SYMBOL        _ICE_DUMMY_
  D:0080H         PUBLIC        P0
  D:0090H         PUBLIC        P1
  D:00A0H         PUBLIC        P2
  D:00B0H         PUBLIC        P3
BL51 BANKED LINKER/LOCATER V6.22                                                      02/25/2019  17:53:55  PAGE 24


  D:00C0H         PUBLIC        P4
  D:00C8H         PUBLIC        P5
  D:00E8H         PUBLIC        P6
  D:00F8H         PUBLIC        P7
  X:00D4H         PUBLIC        low_date_azimuth_mapping
  D:00A8H         PUBLIC        IE
  C:3245H         PUBLIC        linear_interpolate
  C:3D6AH         PUBLIC        _Move
  D:00B8H         PUBLIC        IP
  C:2713H         PUBLIC        _findDet3x3
  C:1ECFH         PUBLIC        _findDet4x4
  D:00D8H         PUBLIC        CCON
  X:00FCH         PUBLIC        previous_move_time
  D:0098H         PUBLIC        SCON
  D:0088H         PUBLIC        TCON
  C:3FD2H         PUBLIC        wait
  C:3C3AH         PUBLIC        _Step_move
  X:00FDH         PUBLIC        dat
  C:000EH         PUBLIC        _Update_position
  C:3B22H         PUBLIC        vOneStepMove
  X:0103H         PUBLIC        elevation_stamp
  X:013FH         PUBLIC        date_azimuth_mapping
  X:0167H         PUBLIC        RX_pos
  C:3E81H         PUBLIC        _BCDtoDec1
  X:0177H         PUBLIC        degree
  D:00D0H         PUBLIC        PSW
  -------         PROC          L?0066
  -------         ENDPROC       L?0066
  -------         PROC          _BCDTODEC1
  D:0007H         SYMBOL        bcd
  -------         DO            
  D:0006H         SYMBOL        hi
  D:0007H         SYMBOL        lo
  -------         ENDDO         
  C:3E81H         LINE#         28
  C:3E81H         LINE#         29
  C:3E81H         LINE#         31
  C:3E86H         LINE#         32
  C:3E8AH         LINE#         33
  C:3E91H         LINE#         34
  -------         ENDPROC       _BCDTODEC1
  -------         PROC          WAIT
  C:3FD2H         LINE#         36
  C:3FD2H         LINE#         38
  -------         ENDPROC       WAIT
  -------         PROC          VONESTEPMOVE
  B:0021H.0       SYMBOL        bDir
  C:3B22H         LINE#         40
  C:3B22H         LINE#         41
  C:3B22H         LINE#         43
  C:3B28H         LINE#         44
  C:3B28H         LINE#         45
  C:3B2BH         LINE#         46
  C:3B34H         LINE#         47
  C:3B3BH         LINE#         48
  C:3B40H         LINE#         49
  C:3B40H         LINE#         50
BL51 BANKED LINKER/LOCATER V6.22                                                      02/25/2019  17:53:55  PAGE 25


  C:3B40H         LINE#         52
  C:3B42H         LINE#         55
  C:3B42H         LINE#         56
  C:3B45H         LINE#         57
  C:3B4EH         LINE#         58
  C:3B55H         LINE#         59
  C:3B5BH         LINE#         60
  C:3B64H         LINE#         61
  C:3B6BH         LINE#         62
  C:3B6BH         LINE#         66
  -------         ENDPROC       VONESTEPMOVE
  -------         PROC          _STEP_MOVE
  X:0401H         SYMBOL        step
  B:0021H.1       SYMBOL        dir
  -------         DO            
  X:0403H         SYMBOL        i
  -------         ENDDO         
  C:3C3AH         LINE#         68
  C:3C42H         LINE#         69
  C:3C42H         LINE#         71
  C:3C47H         LINE#         74
  C:3C62H         LINE#         75
  C:3C62H         LINE#         76
  C:3C69H         LINE#         78
  C:3C79H         LINE#         80
  -------         ENDPROC       _STEP_MOVE
  -------         PROC          _MOVE
  X:0405H         SYMBOL        distance
  B:0021H.2       SYMBOL        direction
  -------         DO            
  D:0006H         SYMBOL        step
  -------         ENDDO         
  C:3D6AH         LINE#         82
  C:3D70H         LINE#         83
  C:3D70H         LINE#         86
  C:3D8BH         LINE#         87
  -------         ENDPROC       _MOVE
  C:26F4H         SYMBOL        L?0062
  C:2708H         SYMBOL        L?0063
  -------         PROC          L?0061
  -------         ENDPROC       L?0061
  C:26F4H         SYMBOL        L?0062
  C:2708H         SYMBOL        L?0063
  -------         PROC          _FINDDET3X3
  X:0364H         SYMBOL        a11
  X:0368H         SYMBOL        a12
  X:036CH         SYMBOL        a13
  X:0370H         SYMBOL        a21
  X:0374H         SYMBOL        a22
  X:0378H         SYMBOL        a23
  X:037CH         SYMBOL        a31
  X:0380H         SYMBOL        a32
  X:0384H         SYMBOL        a33
  C:2713H         LINE#         91
  C:2719H         LINE#         95
  C:2719H         LINE#         96
  C:28B0H         LINE#         98
BL51 BANKED LINKER/LOCATER V6.22                                                      02/25/2019  17:53:55  PAGE 26


  -------         ENDPROC       _FINDDET3X3
  -------         PROC          _FINDDET4X4
  X:02FBH         SYMBOL        a11
  X:02FFH         SYMBOL        a12
  X:0303H         SYMBOL        a13
  X:0307H         SYMBOL        a14
  X:030BH         SYMBOL        a21
  X:030FH         SYMBOL        a22
  X:0313H         SYMBOL        a23
  X:0317H         SYMBOL        a24
  X:031BH         SYMBOL        a31
  X:031FH         SYMBOL        a32
  X:0323H         SYMBOL        a33
  X:0327H         SYMBOL        a34
  X:032BH         SYMBOL        a41
  X:032FH         SYMBOL        a42
  X:0333H         SYMBOL        a43
  X:0337H         SYMBOL        a44
  C:1ECFH         LINE#         99
  C:1ED5H         LINE#         103
  C:1ED5H         LINE#         110
  C:218EH         LINE#         114
  -------         ENDPROC       _FINDDET4X4
  C:3234H         SYMBOL        L?0065
  -------         PROC          L?0064
  -------         ENDPROC       L?0064
  C:3234H         SYMBOL        L?0065
  -------         PROC          LINEAR_INTERPOLATE
  X:03A0H         SYMBOL        p1
  X:03A8H         SYMBOL        p2
  X:03B0H         SYMBOL        x
  -------         DO            
  D:0004H         SYMBOL        fx
  -------         ENDDO         
  C:3245H         LINE#         120
  C:3245H         LINE#         121
  C:3245H         LINE#         124
  C:32E4H         LINE#         126
  C:32E4H         LINE#         127
  -------         ENDPROC       LINEAR_INTERPOLATE
  -------         PROC          _UPDATE_POSITION
  D:0001H         SYMBOL        mnths
  D:0002H         SYMBOL        dys
  X:017DH         SYMBOL        hurs
  X:017EH         SYMBOL        mns
  X:017FH         SYMBOL        sconds
  X:0180H         SYMBOL        currnt_pos
  X:0183H         SYMBOL        offset_calib
  -------         DO            
  X:0187H         SYMBOL        date
  X:0189H         SYMBOL        i
  X:018BH         SYMBOL        yy
  X:018DH         SYMBOL        desired_distance
  X:0191H         SYMBOL        distance
  X:0195H         SYMBOL        JP_pos
  X:0199H         SYMBOL        pos_interpolate_azimuth
  X:01D5H         SYMBOL        current_local_sun_time
BL51 BANKED LINKER/LOCATER V6.22                                                      02/25/2019  17:53:55  PAGE 27


  X:01D9H         SYMBOL        azimuth
  X:01DDH         SYMBOL        elevation
  X:01E1H         SYMBOL        time_offset
  X:01E5H         SYMBOL        UTC_time
  X:01E9H         SYMBOL        declination
  X:01EDH         SYMBOL        p1
  X:01F5H         SYMBOL        p2
  X:01FDH         SYMBOL        time
  X:020FH         SYMBOL        location
  X:0217H         SYMBOL        sunCoord
  -------         ENDDO         
  C:000EH         LINE#         131
  C:0017H         LINE#         134
  C:0017H         LINE#         135
  C:0022H         LINE#         137
  C:003EH         LINE#         138
  C:0048H         LINE#         146
  C:0052H         LINE#         147
  C:005CH         LINE#         148
  C:0066H         LINE#         149
  C:0071H         LINE#         150
  C:007CH         LINE#         151
  C:0095H         LINE#         152
  C:00A6H         LINE#         153
  C:00B5H         LINE#         156
  C:00C9H         LINE#         160
  C:011BH         LINE#         161
  C:027FH         LINE#         162
  C:02CFH         LINE#         164
  C:03F7H         LINE#         166
  C:04C6H         LINE#         173
  C:050DH         LINE#         174
  C:050DH         LINE#         176
  C:0527H         LINE#         177
  C:0527H         LINE#         178
  C:0597H         LINE#         179
  C:0597H         LINE#         180
  C:059EH         LINE#         181
  C:059EH         LINE#         182
  C:05CBH         LINE#         183
  C:05E6H         LINE#         185
  C:062DH         LINE#         186
  C:0661H         LINE#         188
  C:06A7H         LINE#         189
  C:06CAH         LINE#         191
  C:06CAH         LINE#         193
  C:0740H         LINE#         194
  C:0740H         LINE#         195
  C:0747H         LINE#         196
  C:0747H         LINE#         197
  C:0774H         LINE#         198
  C:078FH         LINE#         200
  C:07D6H         LINE#         201
  C:080AH         LINE#         203
  C:0850H         LINE#         204
  C:0870H         LINE#         206
  C:0870H         LINE#         207
BL51 BANKED LINKER/LOCATER V6.22                                                      02/25/2019  17:53:55  PAGE 28


  C:0881H         LINE#         210
  C:089BH         LINE#         211
  C:089BH         LINE#         212
  C:090BH         LINE#         213
  C:090BH         LINE#         214
  C:0938H         LINE#         215
  C:0953H         LINE#         217
  C:0980H         LINE#         218
  C:099BH         LINE#         220
  C:09CDH         LINE#         223
  C:09CDH         LINE#         225
  C:09DEH         LINE#         227
  C:0A0DH         LINE#         229
  C:0A32H         LINE#         230
  C:0A97H         LINE#         231
  C:0A97H         LINE#         232
  C:0AB1H         LINE#         233
  C:0AC3H         LINE#         234
  C:0ADBH         LINE#         235
  C:0AF1H         LINE#         237
  C:0B0DH         LINE#         238
  C:0B0DH         LINE#         239
  C:0B0DH         LINE#         242
  -------         ENDPROC       _UPDATE_POSITION
  -------         ENDMOD        BIPOLARMOTOR

  -------         MODULE        SUNPOS
  C:0000H         SYMBOL        _ICE_DUMMY_
  C:144DH         PUBLIC        sunpos
  -------         PROC          SUNPOS
  X:029EH         SYMBOL        udtTime
  X:02B0H         SYMBOL        udtLocation
  X:02B8H         SYMBOL        udtSunCoordinates
  -------         DO            
  X:02BBH         SYMBOL        dElapsedJulianDays
  X:02BFH         SYMBOL        dDecimalHours
  X:02C3H         SYMBOL        dEclipticLongitude
  X:02C7H         SYMBOL        dEclipticObliquity
  X:02CBH         SYMBOL        dRightAscension
  X:02CFH         SYMBOL        dDeclination
  X:02D3H         SYMBOL        dY
  X:02D7H         SYMBOL        dX
  -------         DO            
  X:02DBH         SYMBOL        dJulianDate
  X:02DFH         SYMBOL        liAux1
  X:02E3H         SYMBOL        liAux2
  X:02DBH         SYMBOL        dMeanLongitude
  X:02DFH         SYMBOL        dMeanAnomaly
  X:02E3H         SYMBOL        dOmega
  X:02DBH         SYMBOL        dSin_EclipticLongitude
  X:02DBH         SYMBOL        dGreenwichMeanSiderealTime
  X:02DFH         SYMBOL        dLocalMeanSiderealTime
  X:02E3H         SYMBOL        dLatitudeInRadians
  X:02E7H         SYMBOL        dHourAngle
  X:02EBH         SYMBOL        dCos_Latitude
  X:02EFH         SYMBOL        dSin_Latitude
  X:02F3H         SYMBOL        dCos_HourAngle
BL51 BANKED LINKER/LOCATER V6.22                                                      02/25/2019  17:53:55  PAGE 29


  X:02F7H         SYMBOL        dParallax
  -------         ENDDO         
  -------         DO            
  X:02DBH         SYMBOL        dMeanLongitude
  X:02DFH         SYMBOL        dMeanAnomaly
  X:02E3H         SYMBOL        dOmega
  X:02DBH         SYMBOL        dSin_EclipticLongitude
  X:02DBH         SYMBOL        dGreenwichMeanSiderealTime
  X:02DFH         SYMBOL        dLocalMeanSiderealTime
  X:02E3H         SYMBOL        dLatitudeInRadians
  X:02E7H         SYMBOL        dHourAngle
  X:02EBH         SYMBOL        dCos_Latitude
  X:02EFH         SYMBOL        dSin_Latitude
  X:02F3H         SYMBOL        dCos_HourAngle
  X:02F7H         SYMBOL        dParallax
  -------         ENDDO         
  -------         DO            
  X:02DBH         SYMBOL        dSin_EclipticLongitude
  X:02DBH         SYMBOL        dGreenwichMeanSiderealTime
  X:02DFH         SYMBOL        dLocalMeanSiderealTime
  X:02E3H         SYMBOL        dLatitudeInRadians
  X:02E7H         SYMBOL        dHourAngle
  X:02EBH         SYMBOL        dCos_Latitude
  X:02EFH         SYMBOL        dSin_Latitude
  X:02F3H         SYMBOL        dCos_HourAngle
  X:02F7H         SYMBOL        dParallax
  -------         ENDDO         
  -------         DO            
  X:02DBH         SYMBOL        dGreenwichMeanSiderealTime
  X:02DFH         SYMBOL        dLocalMeanSiderealTime
  X:02E3H         SYMBOL        dLatitudeInRadians
  X:02E7H         SYMBOL        dHourAngle
  X:02EBH         SYMBOL        dCos_Latitude
  X:02EFH         SYMBOL        dSin_Latitude
  X:02F3H         SYMBOL        dCos_HourAngle
  X:02F7H         SYMBOL        dParallax
  -------         ENDDO         
  -------         ENDDO         
  C:144DH         LINE#         6
  C:144DH         LINE#         7
  C:144DH         LINE#         9
  C:144DH         LINE#         27
  C:1497H         LINE#         30
  C:14B8H         LINE#         31
  C:15FFH         LINE#         34
  C:164BH         LINE#         36
  C:166AH         LINE#         37
  C:166AH         LINE#         42
  C:166AH         LINE#         46
  C:169CH         LINE#         47
  C:16C6H         LINE#         48
  C:16F0H         LINE#         49
  C:179DH         LINE#         52
  C:17FEH         LINE#         54
  C:17FEH         LINE#         59
  C:17FEH         LINE#         61
  C:1815H         LINE#         62
BL51 BANKED LINKER/LOCATER V6.22                                                      02/25/2019  17:53:55  PAGE 30


  C:183DH         LINE#         63
  C:1854H         LINE#         64
  C:187FH         LINE#         65
  C:18B6H         LINE#         66
  C:18E1H         LINE#         67
  C:18E1H         LINE#         70
  C:18E1H         LINE#         79
  C:191CH         LINE#         82
  C:1956H         LINE#         84
  C:197BH         LINE#         85
  C:199AH         LINE#         86
  C:19B1H         LINE#         87
  C:19C8H         LINE#         88
  C:19DFH         LINE#         89
  C:1A68H         LINE#         91
  C:1A82H         LINE#         92
  C:1AE4H         LINE#         93
  C:1B1AH         LINE#         94
  C:1B2CH         LINE#         95
  C:1B59H         LINE#         96
  C:1B86H         LINE#         98
  C:1BA8H         LINE#         100
  C:1BE0H         LINE#         103
  C:1BE0H         LINE#         104
  C:1BEEH         LINE#         105
  -------         ENDPROC       SUNPOS
  -------         ENDMOD        SUNPOS

  -------         MODULE        ADC
  C:0000H         SYMBOL        _ICE_DUMMY_
  D:0092H         PUBLIC        P1M0
  D:0091H         PUBLIC        P1M1
  D:0080H         PUBLIC        P0
  D:0090H         PUBLIC        P1
  D:00A0H         PUBLIC        P2
  D:00B0H         PUBLIC        P3
  D:00C0H         PUBLIC        P4
  D:00C8H         PUBLIC        P5
  D:00E8H         PUBLIC        P6
  D:00F8H         PUBLIC        P7
  D:00A8H         PUBLIC        IE
  D:00BDH         PUBLIC        ADC_RES
  D:00B8H         PUBLIC        IP
  D:0097H         PUBLIC        CLK_DIV
  D:00D8H         PUBLIC        CCON
  D:00BCH         PUBLIC        ADC_CONTR
  D:0098H         PUBLIC        SCON
  D:0088H         PUBLIC        TCON
  B:00A0H.4       PUBLIC        P24
  B:00A0H.5       PUBLIC        P25
  B:00A0H.6       PUBLIC        P26
  C:3E1DH         PUBLIC        ADC_Init
  C:3CE8H         PUBLIC        _ADC_GetResult
  D:009DH         PUBLIC        P1ASF
  D:00BEH         PUBLIC        ADC_RESL
  D:00D0H         PUBLIC        PSW
  -------         PROC          ADC_INIT
BL51 BANKED LINKER/LOCATER V6.22                                                      02/25/2019  17:53:55  PAGE 31


  C:3E1DH         LINE#         7
  C:3E1DH         LINE#         8
  C:3E1DH         LINE#         10
  C:3E1FH         LINE#         11
  C:3E21H         LINE#         12
  C:3E23H         LINE#         13
  C:3E26H         LINE#         14
  C:3E29H         LINE#         15
  C:3E2CH         LINE#         16
  C:3E2FH         LINE#         18
  C:3E31H         LINE#         19
  C:3E33H         LINE#         20
  C:3E36H         LINE#         22
  -------         ENDPROC       ADC_INIT
  -------         PROC          _ADC_GETRESULT
  D:0007H         SYMBOL        ch
  -------         DO            
  D:0006H         SYMBOL        ADC_Value_H
  D:0004H         SYMBOL        ADC_Value_L
  D:0006H         SYMBOL        ADC_Value
  -------         ENDDO         
  C:3CE8H         LINE#         27
  C:3CE8H         LINE#         28
  C:3CE8H         LINE#         30
  C:3CEDH         LINE#         31
  C:3CEEH         LINE#         32
  C:3CEFH         LINE#         33
  C:3CF0H         LINE#         34
  C:3CF1H         LINE#         35
  C:3CF6H         LINE#         36
  C:3CF9H         LINE#         37
  C:3CFDH         LINE#         38
  C:3D01H         LINE#         40
  C:3D13H         LINE#         41
  C:3D13H         LINE#         42
  -------         ENDPROC       _ADC_GETRESULT
  -------         ENDMOD        ADC

  -------         MODULE        CALIBRATION
  C:0000H         SYMBOL        _ICE_DUMMY_
  D:0080H         PUBLIC        P0
  D:0090H         PUBLIC        P1
  D:00A0H         PUBLIC        P2
  D:00B0H         PUBLIC        P3
  D:00C0H         PUBLIC        P4
  D:00C8H         PUBLIC        P5
  D:00E8H         PUBLIC        P6
  D:00F8H         PUBLIC        P7
  C:36E9H         PUBLIC        _Max_Value
  D:00A8H         PUBLIC        IE
  C:3063H         PUBLIC        _calibration
  C:32E5H         PUBLIC        voltage_is_stable
  D:00B8H         PUBLIC        IP
  D:00D8H         PUBLIC        CCON
  D:0098H         PUBLIC        SCON
  D:0088H         PUBLIC        TCON
  C:218FH         PUBLIC        _Find_Real_Max
BL51 BANKED LINKER/LOCATER V6.22                                                      02/25/2019  17:53:55  PAGE 32


  D:00D0H         PUBLIC        PSW
  -------         PROC          VOLTAGE_IS_STABLE
  -------         DO            
  X:0388H         SYMBOL        sample_voltage
  X:039CH         SYMBOL        i
  X:039EH         SYMBOL        ch
  -------         ENDDO         
  C:32E5H         LINE#         19
  C:32E5H         LINE#         20
  C:32E5H         LINE#         22
  C:32ECH         LINE#         23
  C:32F2H         LINE#         24
  C:32F2H         LINE#         25
  C:331BH         LINE#         26
  C:333AH         LINE#         28
  C:3354H         LINE#         29
  C:3354H         LINE#         30
  C:3387H         LINE#         31
  C:338BH         LINE#         32
  C:339BH         LINE#         33
  C:339FH         LINE#         34
  -------         ENDPROC       VOLTAGE_IS_STABLE
  -------         PROC          _FIND_REAL_MAX
  X:021AH         SYMBOL        current_position
  -------         DO            
  X:021DH         SYMBOL        ch
  X:021EH         SYMBOL        calib_step_move
  X:0222H         SYMBOL        voltage_at_scanned_pos
  X:029AH         SYMBOL        max_location
  X:029CH         SYMBOL        i
  -------         ENDDO         
  C:218FH         LINE#         35
  C:219AH         LINE#         36
  C:219AH         LINE#         37
  C:219DH         LINE#         38
  C:21A5H         LINE#         42
  C:21BEH         LINE#         43
  C:21BEH         LINE#         44
  C:21D3H         LINE#         45
  C:21E3H         LINE#         46
  C:21EAH         LINE#         47
  C:21EAH         LINE#         48
  C:21F5H         LINE#         49
  C:21F5H         LINE#         50
  C:2208H         LINE#         51
  C:222EH         LINE#         52
  C:2256H         LINE#         53
  C:2259H         LINE#         55
  C:2259H         LINE#         57
  C:226BH         LINE#         58
  C:228BH         LINE#         61
  C:22B2H         LINE#         63
  C:230EH         LINE#         64
  C:2311H         LINE#         65
  C:2311H         LINE#         69
  C:2316H         LINE#         70
  C:231BH         LINE#         72
BL51 BANKED LINKER/LOCATER V6.22                                                      02/25/2019  17:53:55  PAGE 33


  C:2320H         LINE#         73
  C:2325H         LINE#         74
  C:232AH         LINE#         75
  C:232FH         LINE#         78
  C:2366H         LINE#         79
  C:236BH         LINE#         80
  C:2370H         LINE#         81
  C:2377H         LINE#         82
  C:2399H         LINE#         96
  C:23A8H         LINE#         97
  C:23A8H         LINE#         98
  C:23B9H         LINE#         100
  C:23DBH         LINE#         101
  C:2438H         LINE#         102
  C:243FH         LINE#         103
  C:243FH         LINE#         105
  -------         ENDPROC       _FIND_REAL_MAX
  -------         PROC          _MAX_VALUE
  D:0001H         SYMBOL        input
  -------         DO            
  D:0004H         SYMBOL        max
  X:0409H         SYMBOL        max_location
  X:040BH         SYMBOL        i
  -------         ENDDO         
  C:36E9H         LINE#         108
  C:36E9H         LINE#         109
  C:36E9H         LINE#         110
  C:36F4H         LINE#         112
  C:3709H         LINE#         113
  C:3709H         LINE#         114
  C:373FH         LINE#         115
  C:375CH         LINE#         116
  C:376BH         LINE#         117
  C:377CH         LINE#         118
  C:3784H         LINE#         120
  -------         ENDPROC       _MAX_VALUE
  -------         PROC          _CALIBRATION
  X:03B4H         SYMBOL        mnths
  X:03B5H         SYMBOL        dys
  X:03B6H         SYMBOL        hurs
  X:03B7H         SYMBOL        mns
  X:03B8H         SYMBOL        sconds
  X:03B9H         SYMBOL        currnt_pos
  -------         DO            
  X:03BCH         SYMBOL        calib_value
  X:03C0H         SYMBOL        theorical_max_pos
  X:03C4H         SYMBOL        JP_max_pos
  -------         ENDDO         
  C:3063H         LINE#         122
  C:306EH         LINE#         125
  C:306EH         LINE#         126
  C:3078H         LINE#         127
  C:308CH         LINE#         129
  C:3096H         LINE#         130
  C:3096H         LINE#         132
  C:30CCH         LINE#         133
  C:30EAH         LINE#         135
BL51 BANKED LINKER/LOCATER V6.22                                                      02/25/2019  17:53:55  PAGE 34


  C:30F3H         LINE#         136
  C:3116H         LINE#         137
  C:3132H         LINE#         138
  C:3141H         LINE#         139
  C:3141H         LINE#         141
  C:3146H         LINE#         142
  -------         ENDPROC       _CALIBRATION
  -------         ENDMOD        CALIBRATION

  -------         MODULE        IOEXPANDER_PI4IOE5V96248
  C:0000H         SYMBOL        _ICE_DUMMY_
  D:0080H         PUBLIC        P0
  B:00C8H.4       PUBLIC        I2C_SCK
  D:0090H         PUBLIC        P1
  D:00A0H         PUBLIC        P2
  D:00B0H         PUBLIC        P3
  D:00C0H         PUBLIC        P4
  D:00C8H         PUBLIC        P5
  D:00E8H         PUBLIC        P6
  D:00F8H         PUBLIC        P7
  D:00A8H         PUBLIC        IE
  D:00B8H         PUBLIC        IP
  D:00D8H         PUBLIC        CCON
  C:3F5CH         PUBLIC        I2C_Start
  D:0098H         PUBLIC        SCON
  D:0088H         PUBLIC        TCON
  C:3452H         PUBLIC        _Write_PI4IOE5V96248
  C:3F6BH         PUBLIC        uC_NACK
  C:3D21H         PUBLIC        _Wait_ms_i2c
  C:3D97H         PUBLIC        _I2C_SendByte
  C:3EECH         PUBLIC        I2C_Stop
  C:3FD3H         PUBLIC        nop
  C:3FC2H         PUBLIC        uC_ACK
  C:3EC1H         PUBLIC        I2C_ACK
  B:00C0H.7       PUBLIC        I2C_SDA
  D:00D0H         PUBLIC        PSW
  C:3D1BH         SYMBOL        L?0031
[...]
BL51 BANKED LINKER/LOCATER V6.22                                                      02/25/2019  17:53:55  PAGE 39


  C:3A63H         LINE#         49
  C:3A65H         LINE#         50
  C:3A6CH         LINE#         51
  C:3A73H         LINE#         53
  -------         ENDPROC       AT25SF041_CHIPERASE
  -------         PROC          AT25SF041_WRITEENABLE
  -------         DO            
  X:035CH         SYMBOL        i
  D:0003H         SYMBOL        write_en
  -------         ENDDO         
  C:3ACDH         LINE#         54
  C:3ACDH         LINE#         55
  C:3ACDH         LINE#         58
  C:3ACFH         LINE#         59
  C:3AD1H         LINE#         60
  C:3AD8H         LINE#         62
  C:3ADAH         LINE#         63
  C:3ADDH         LINE#         66
  C:3AE4H         LINE#         67
  C:3AE4H         LINE#         68
  C:3AE6H         LINE#         69
  C:3AE9H         LINE#         70
  C:3AEDH         LINE#         71
  C:3AEDH         LINE#         72
  C:3AEFH         LINE#         73
  C:3AF1H         LINE#         75
  C:3AF1H         LINE#         76
  C:3AF3H         LINE#         78
  C:3AF3H         LINE#         79
  C:3AF3H         LINE#         80
  C:3AF3H         LINE#         81
  C:3AF6H         LINE#         82
  C:3AFAH         LINE#         85
  C:3B19H         LINE#         86
  C:3B1BH         LINE#         87
  -------         ENDPROC       AT25SF041_WRITEENABLE
  -------         PROC          _AT25SF041_WRITE
  D:0003H         SYMBOL        opcode
  X:035DH         SYMBOL        addr
  X:0361H         SYMBOL        dat
  -------         DO            
  X:0362H         SYMBOL        i
  -------         ENDDO         
  C:2F63H         LINE#         92
  C:2F65H         LINE#         93
  C:2F65H         LINE#         94
  C:2F65H         LINE#         95
  C:2F67H         LINE#         96
  C:2F6EH         LINE#         98
  C:2F70H         LINE#         99
  C:2F73H         LINE#         102
  C:2F7AH         LINE#         103
  C:2F7AH         LINE#         104
  C:2F7CH         LINE#         105
  C:2F7FH         LINE#         106
  C:2F83H         LINE#         107
  C:2F83H         LINE#         108
BL51 BANKED LINKER/LOCATER V6.22                                                      02/25/2019  17:53:55  PAGE 40


  C:2F85H         LINE#         109
  C:2F87H         LINE#         111
  C:2F87H         LINE#         112
  C:2F89H         LINE#         114
  C:2F89H         LINE#         115
  C:2F89H         LINE#         116
  C:2F89H         LINE#         117
  C:2F8CH         LINE#         118
  C:2F90H         LINE#         121
  C:2FAFH         LINE#         123
  C:2FB6H         LINE#         124
  C:2FB6H         LINE#         125
  C:2FB8H         LINE#         126
  C:2FBBH         LINE#         127
  C:2FD7H         LINE#         128
  C:2FD7H         LINE#         129
  C:2FD9H         LINE#         130
  C:2FDBH         LINE#         132
  C:2FDBH         LINE#         133
  C:2FDDH         LINE#         135
  C:2FDDH         LINE#         136
  C:2FDDH         LINE#         137
  C:2FDDH         LINE#         138
  C:2FE0H         LINE#         139
  C:2FF9H         LINE#         141
  C:3018H         LINE#         143
  C:301FH         LINE#         144
  C:301FH         LINE#         145
  C:3021H         LINE#         146
  C:3024H         LINE#         147
  C:302BH         LINE#         148
  C:302BH         LINE#         149
  C:302DH         LINE#         150
  C:302FH         LINE#         152
  C:302FH         LINE#         153
  C:3031H         LINE#         155
  C:3031H         LINE#         156
  C:3031H         LINE#         157
  C:3031H         LINE#         158
  C:3034H         LINE#         159
  C:303BH         LINE#         161
  C:305AH         LINE#         163
  C:305CH         LINE#         164
  -------         ENDPROC       _AT25SF041_WRITE
  -------         PROC          _AT25SF041_READ
  D:0003H         SYMBOL        opcode
  X:035DH         SYMBOL        addr
  -------         DO            
  X:0361H         SYMBOL        dat
  X:0362H         SYMBOL        i
  -------         ENDDO         
  C:2E5AH         LINE#         168
  C:2E5CH         LINE#         169
  C:2E5CH         LINE#         170
  C:2E61H         LINE#         172
  C:2E63H         LINE#         173
  C:2E69H         LINE#         177
BL51 BANKED LINKER/LOCATER V6.22                                                      02/25/2019  17:53:55  PAGE 41


  C:2E6EH         LINE#         178
  C:2E6EH         LINE#         179
  C:2E70H         LINE#         180
  C:2E73H         LINE#         181
  C:2E77H         LINE#         182
  C:2E77H         LINE#         183
  C:2E79H         LINE#         184
  C:2E7BH         LINE#         186
  C:2E7BH         LINE#         187
  C:2E7DH         LINE#         189
  C:2E7DH         LINE#         190
  C:2E7DH         LINE#         191
  C:2E7DH         LINE#         192
  C:2E80H         LINE#         193
  C:2E84H         LINE#         196
  C:2EA3H         LINE#         198
  C:2EAAH         LINE#         199
  C:2EAAH         LINE#         200
  C:2EACH         LINE#         201
  C:2EAFH         LINE#         202
  C:2ECBH         LINE#         203
  C:2ECBH         LINE#         204
  C:2ECDH         LINE#         205
  C:2ECFH         LINE#         207
  C:2ECFH         LINE#         208
  C:2ED1H         LINE#         210
  C:2ED1H         LINE#         211
  C:2ED1H         LINE#         212
  C:2ED1H         LINE#         213
  C:2ED4H         LINE#         214
  C:2EEDH         LINE#         216
  C:2F0CH         LINE#         219
  C:2F13H         LINE#         221
  C:2F15H         LINE#         222
  C:2F1CH         LINE#         224
  C:2F23H         LINE#         225
  C:2F23H         LINE#         226
  C:2F2AH         LINE#         227
  C:2F2AH         LINE#         228
  C:2F2DH         LINE#         229
  C:2F2FH         LINE#         230
  C:2F32H         LINE#         232
  C:2F35H         LINE#         233
  C:2F35H         LINE#         235
  C:2F39H         LINE#         236
  C:2F39H         LINE#         242
  C:2F58H         LINE#         245
  C:2F5AH         LINE#         246
  C:2F5DH         LINE#         247
  C:2F62H         LINE#         249
  -------         ENDPROC       _AT25SF041_READ
  -------         PROC          READ_STATUS_REGISTER_BYTE1
  -------         DO            
  D:0003H         SYMBOL        dat
  D:0001H         SYMBOL        opcode
  X:035EH         SYMBOL        count
  X:035FH         SYMBOL        i
BL51 BANKED LINKER/LOCATER V6.22                                                      02/25/2019  17:53:55  PAGE 42


  -------         ENDDO         
  C:35ABH         LINE#         253
  C:35ABH         LINE#         254
  C:35ABH         LINE#         255
  C:35B1H         LINE#         256
  C:35B5H         LINE#         257
  C:35B7H         LINE#         258
  C:35B9H         LINE#         259
  C:35BFH         LINE#         263
  C:35C6H         LINE#         264
  C:35C6H         LINE#         265
  C:35C8H         LINE#         266
  C:35CBH         LINE#         267
  C:35CFH         LINE#         268
  C:35CFH         LINE#         269
  C:35D1H         LINE#         270
  C:35D3H         LINE#         272
  C:35D3H         LINE#         273
  C:35D5H         LINE#         275
  C:35D5H         LINE#         276
  C:35D5H         LINE#         277
  C:35D5H         LINE#         278
  C:35D8H         LINE#         279
  C:35DCH         LINE#         282
  C:35FBH         LINE#         286
  C:3602H         LINE#         288
  C:3604H         LINE#         289
  C:360BH         LINE#         290
  C:3612H         LINE#         291
  C:3612H         LINE#         292
  C:3616H         LINE#         293
  C:3616H         LINE#         294
  C:3619H         LINE#         295
  C:361BH         LINE#         296
  C:361EH         LINE#         298
  C:3621H         LINE#         299
  C:3621H         LINE#         301
  C:3625H         LINE#         302
  C:3625H         LINE#         304
  C:3644H         LINE#         308
  C:3646H         LINE#         309
  C:3649H         LINE#         310
  C:364BH         LINE#         311
  -------         ENDPROC       READ_STATUS_REGISTER_BYTE1
  -------         ENDMOD        AT25SF041

  -------         MODULE        ?C_STARTUP
  C:381AH         SEGMENT       ?C_C51STARTUP
  I:0022H         SEGMENT       ?STACK
  C:0000H         PUBLIC        ?C_STARTUP
  D:00E0H         SYMBOL        ACC
  D:00F0H         SYMBOL        B
  D:0083H         SYMBOL        DPH
  D:0082H         SYMBOL        DPL
  N:0000H         SYMBOL        IBPSTACK
  N:0100H         SYMBOL        IBPSTACKTOP
  N:0080H         SYMBOL        IDATALEN
BL51 BANKED LINKER/LOCATER V6.22                                                      02/25/2019  17:53:55  PAGE 43


  C:381DH         SYMBOL        IDATALOOP
  N:0000H         SYMBOL        PBPSTACK
  N:0100H         SYMBOL        PBPSTACKTOP
  N:0000H         SYMBOL        PDATALEN
  N:0000H         SYMBOL        PDATASTART
  N:0000H         SYMBOL        PPAGE
  N:0000H         SYMBOL        PPAGEENABLE
  D:00A0H         SYMBOL        PPAGE_SFR
  D:0081H         SYMBOL        SP
  C:381AH         SYMBOL        STARTUP1
  N:0000H         SYMBOL        XBPSTACK
  N:0000H         SYMBOL        XBPSTACKTOP
  N:0000H         SYMBOL        XDATALEN
  N:0000H         SYMBOL        XDATASTART
  C:0000H         LINE#         126
  C:381AH         LINE#         133
  C:381CH         LINE#         134
  C:381DH         LINE#         135
  C:381EH         LINE#         136
  C:3820H         LINE#         185
  C:3823H         LINE#         196
  -------         ENDMOD        ?C_STARTUP

  -------         MODULE        ?C?FPADD
  C:0B15H         PUBLIC        ?C?FPADD
  C:0B11H         PUBLIC        ?C?FPSUB
  -------         ENDMOD        ?C?FPADD

  -------         MODULE        ?C?FPMUL
  C:0C06H         PUBLIC        ?C?FPMUL
  -------         ENDMOD        ?C?FPMUL

  -------         MODULE        ?C?FPDIV
  C:0D0FH         PUBLIC        ?C?FPDIV
  -------         ENDMOD        ?C?FPDIV

  -------         MODULE        ?C?FPCMP
  C:0DAEH         PUBLIC        ?C?FPCMP
  C:0DACH         PUBLIC        ?C?FPCMP3
  -------         ENDMOD        ?C?FPCMP

  -------         MODULE        ?C?FPNEG
  C:0E25H         PUBLIC        ?C?FPNEG
  -------         ENDMOD        ?C?FPNEG

  -------         MODULE        ?C?FCAST
  C:0E40H         PUBLIC        ?C?FCASTC
  C:0E3BH         PUBLIC        ?C?FCASTI
  C:0E36H         PUBLIC        ?C?FCASTL
  -------         ENDMOD        ?C?FCAST

  -------         MODULE        ?C?CASTF
  C:0E74H         PUBLIC        ?C?CASTF
  -------         ENDMOD        ?C?CASTF

  -------         MODULE        ATAN2
  X:03EAH         PUBLIC        ?_atan2?BYTE
BL51 BANKED LINKER/LOCATER V6.22                                                      02/25/2019  17:53:55  PAGE 44


  C:364CH         PUBLIC        _atan2
  -------         ENDMOD        ATAN2

  -------         MODULE        SIN
  C:2A86H         PUBLIC        _COS
  C:2A9CH         PUBLIC        _SIN
  C:2AD8H         PUBLIC        _TAN
  -------         ENDMOD        SIN

  -------         MODULE        ACOS
  C:3B6CH         PUBLIC        _ACOS
  -------         ENDMOD        ACOS

  -------         MODULE        ASIN
  C:3C7AH         PUBLIC        _ASIN
  -------         ENDMOD        ASIN

  -------         MODULE        SQRT
  C:3503H         PUBLIC        _SQRT
  -------         ENDMOD        SQRT

  -------         MODULE        ATAN
  C:2D58H         PUBLIC        _ATAN
  -------         ENDMOD        ATAN

  -------         MODULE        ?C?COPY
  C:1012H         PUBLIC        ?C?COPY
  -------         ENDMOD        ?C?COPY

  -------         MODULE        ?C?CLDPTR
  C:1038H         PUBLIC        ?C?CLDPTR
  -------         ENDMOD        ?C?CLDPTR

  -------         MODULE        ?C?CLDOPTR
  C:1051H         PUBLIC        ?C?CLDOPTR
  -------         ENDMOD        ?C?CLDOPTR

  -------         MODULE        ?C?CSTPTR
  C:107EH         PUBLIC        ?C?CSTPTR
  -------         ENDMOD        ?C?CSTPTR

  -------         MODULE        ?C?IMUL
  C:1090H         PUBLIC        ?C?IMUL
  -------         ENDMOD        ?C?IMUL

  -------         MODULE        ?C?UIDIV
  C:10A2H         PUBLIC        ?C?UIDIV
  -------         ENDMOD        ?C?UIDIV

  -------         MODULE        ?C?SIDIV
  C:10F7H         PUBLIC        ?C?SIDIV
  -------         ENDMOD        ?C?SIDIV

  -------         MODULE        ?C?ILDIX
  C:112DH         PUBLIC        ?C?ILDIX
  -------         ENDMOD        ?C?ILDIX

BL51 BANKED LINKER/LOCATER V6.22                                                      02/25/2019  17:53:55  PAGE 45


  -------         MODULE        ?C?ILDOPTR
  C:1143H         PUBLIC        ?C?ILDOPTR
  -------         ENDMOD        ?C?ILDOPTR

  -------         MODULE        ?C?LMUL
  C:117BH         PUBLIC        ?C?LMUL
  -------         ENDMOD        ?C?LMUL

  -------         MODULE        ?C?SLDIV
  C:3BB6H         PUBLIC        ?C?SLDIV
  -------         ENDMOD        ?C?SLDIV

  -------         MODULE        ?C?LNEG
  C:11CAH         PUBLIC        ?C?LNEG
  -------         ENDMOD        ?C?LNEG

  -------         MODULE        ?C?ULCMP
  C:11D8H         PUBLIC        ?C?ULCMP
  -------         ENDMOD        ?C?ULCMP

  -------         MODULE        ?C?LSHL
  C:11E9H         PUBLIC        ?C?LSHL
  -------         ENDMOD        ?C?LSHL

  -------         MODULE        ?C?LLDPTR
  C:11FCH         PUBLIC        ?C?LLDPTR
  -------         ENDMOD        ?C?LLDPTR

  -------         MODULE        ?C?LLDOPTR
  C:121CH         PUBLIC        ?C?LLDOPTR
  -------         ENDMOD        ?C?LLDOPTR

  -------         MODULE        ?C?LSTPTR
  C:124CH         PUBLIC        ?C?LSTPTR
  -------         ENDMOD        ?C?LSTPTR

  -------         MODULE        ?C?LSTOPTR
  C:1266H         PUBLIC        ?C?LSTOPTR
  -------         ENDMOD        ?C?LSTOPTR

  -------         MODULE        ?C?LLDXDATA
  C:128AH         PUBLIC        ?C?LLDXDATA
  -------         ENDMOD        ?C?LLDXDATA

  -------         MODULE        ?C?LLDCODE
  C:1296H         PUBLIC        ?C?LLDCODE
  -------         ENDMOD        ?C?LLDCODE

  -------         MODULE        ?C?LLDXDATA0
  C:12A6H         PUBLIC        ?C?LLDXDATA0
  -------         ENDMOD        ?C?LLDXDATA0

  -------         MODULE        ?C?LLDCODE0
  C:12B2H         PUBLIC        ?C?LLDCODE0
  -------         ENDMOD        ?C?LLDCODE0

  -------         MODULE        ?C?LLDPTR0
BL51 BANKED LINKER/LOCATER V6.22                                                      02/25/2019  17:53:55  PAGE 46


  C:12C2H         PUBLIC        ?C?LLDPTR0
  -------         ENDMOD        ?C?LLDPTR0

  -------         MODULE        ?C?LSTXDATA
  C:12E2H         PUBLIC        ?C?LSTXDATA
  -------         ENDMOD        ?C?LSTXDATA

  -------         MODULE        ?C?LSTKXDATA
  C:12EEH         PUBLIC        ?C?LSTKXDATA
  -------         ENDMOD        ?C?LSTKXDATA

  -------         MODULE        ABS
  C:3FA2H         PUBLIC        _ABS
  -------         ENDMOD        ABS

  -------         MODULE        ATOI
  C:3147H         PUBLIC        _atoi
  -------         ENDMOD        ATOI

  -------         MODULE        ?C?IILDX
  C:131FH         PUBLIC        ?C?IILDX
  -------         ENDMOD        ?C?IILDX

  -------         MODULE        ?C?ULDIV
  C:1371H         PUBLIC        ?C?ULDIV
  -------         ENDMOD        ?C?ULDIV

  -------         MODULE        ?C?LLDIDATA
  C:1403H         PUBLIC        ?C?LLDIDATA
  -------         ENDMOD        ?C?LLDIDATA

  -------         MODULE        ?C?LLDPDATA
  C:140FH         PUBLIC        ?C?LLDPDATA
  -------         ENDMOD        ?C?LLDPDATA

  -------         MODULE        ?C?LLDIDATA0
  C:141BH         PUBLIC        ?C?LLDIDATA0
  -------         ENDMOD        ?C?LLDIDATA0

  -------         MODULE        ?C?LLDPDATA0
  C:1428H         PUBLIC        ?C?LLDPDATA0
  -------         ENDMOD        ?C?LLDPDATA0

  -------         MODULE        ?C?LSTIDATA
  C:1435H         PUBLIC        ?C?LSTIDATA
  -------         ENDMOD        ?C?LSTIDATA

  -------         MODULE        ?C?LSTPDATA
  C:1441H         PUBLIC        ?C?LSTPDATA
  -------         ENDMOD        ?C?LSTPDATA

  -------         MODULE        ISDIGIT
  C:3F7AH         PUBLIC        _isdigit
  -------         ENDMOD        ISDIGIT

  -------         MODULE        ISSPACE
  C:3F15H         PUBLIC        _isspace
BL51 BANKED LINKER/LOCATER V6.22                                                      02/25/2019  17:53:55  PAGE 47


  -------         ENDMOD        ISSPACE

*** WARNING L16: UNCALLED SEGMENT, IGNORED FOR OVERLAY PROCESS
    SEGMENT: ?PR?_DISPLAY_PROX?MAIN

*** WARNING L16: UNCALLED SEGMENT, IGNORED FOR OVERLAY PROCESS
    SEGMENT: ?PR?_READ_TIME?PCF85063BTL

*** WARNING L16: UNCALLED SEGMENT, IGNORED FOR OVERLAY PROCESS
    SEGMENT: ?PR?_DAY_OF_YEAR?PCF85063BTL

*** WARNING L16: UNCALLED SEGMENT, IGNORED FOR OVERLAY PROCESS
    SEGMENT: ?PR?INITUART1?UART1

*** WARNING L16: UNCALLED SEGMENT, IGNORED FOR OVERLAY PROCESS
    SEGMENT: ?PR?_SENDSTRING?UART1

*** WARNING L16: UNCALLED SEGMENT, IGNORED FOR OVERLAY PROCESS
    SEGMENT: ?PR?_TEN?UART1

*** WARNING L16: UNCALLED SEGMENT, IGNORED FOR OVERLAY PROCESS
    SEGMENT: ?PR?_UNIT?UART1

*** WARNING L16: UNCALLED SEGMENT, IGNORED FOR OVERLAY PROCESS
    SEGMENT: ?PR?_DECTOBCD?UART1

*** WARNING L16: UNCALLED SEGMENT, IGNORED FOR OVERLAY PROCESS
    SEGMENT: ?PR?_ASCII_LETTER?UART1

*** WARNING L16: UNCALLED SEGMENT, IGNORED FOR OVERLAY PROCESS
    SEGMENT: ?PR?_ASCIITOBCD?UART1

*** WARNING L16: UNCALLED SEGMENT, IGNORED FOR OVERLAY PROCESS
    SEGMENT: ?PR?_DISPLAYLCD?LCD_DRIVER_SPLC780D

*** WARNING L16: UNCALLED SEGMENT, IGNORED FOR OVERLAY PROCESS
    SEGMENT: ?PR?LCD_RETURN_HOME?LCD_DRIVER_SPLC780D

*** WARNING L16: UNCALLED SEGMENT, IGNORED FOR OVERLAY PROCESS
    SEGMENT: ?PR?KEY_PROCESS?KEYPAD

*** WARNING L16: UNCALLED SEGMENT, IGNORED FOR OVERLAY PROCESS
    SEGMENT: ?PR?WAIT?BIPOLARMOTOR

*** WARNING L16: UNCALLED SEGMENT, IGNORED FOR OVERLAY PROCESS
    SEGMENT: ?PR?_FINDDET4X4?BIPOLARMOTOR

*** WARNING L16: UNCALLED SEGMENT, IGNORED FOR OVERLAY PROCESS
    SEGMENT: ?PR?_CALIBRATION?CALIBRATION

*** WARNING L16: UNCALLED SEGMENT, IGNORED FOR OVERLAY PROCESS
    SEGMENT: ?PR?NOP?IOEXPANDER_PI4IOE5V96248

*** WARNING L16: UNCALLED SEGMENT, IGNORED FOR OVERLAY PROCESS
    SEGMENT: ?PR?UC_ACK?IOEXPANDER_PI4IOE5V96248

*** WARNING L16: UNCALLED SEGMENT, IGNORED FOR OVERLAY PROCESS
BL51 BANKED LINKER/LOCATER V6.22                                                      02/25/2019  17:53:55  PAGE 48


    SEGMENT: ?PR?UC_NACK?IOEXPANDER_PI4IOE5V96248

*** WARNING L1: UNRESOLVED EXTERNAL SYMBOL
    SYMBOL:  AUTO_MODE
    MODULE:  .\Obj\main.obj (MAIN)

*** WARNING L2: REFERENCE MADE TO UNRESOLVED EXTERNAL
    SYMBOL:  AUTO_MODE
    MODULE:  .\Obj\main.obj (MAIN)
    ADDRESS: 1C1DH

*** WARNING L1: UNRESOLVED EXTERNAL SYMBOL
    SYMBOL:  _SENDUART1
    MODULE:  .\Obj\UART1.obj (UART1)

*** WARNING L2: REFERENCE MADE TO UNRESOLVED EXTERNAL
    SYMBOL:  _SENDUART1
    MODULE:  .\Obj\UART1.obj (UART1)
    ADDRESS: 3CE3H

*** WARNING L1: UNRESOLVED EXTERNAL SYMBOL
    SYMBOL:  AUTO_MODE
    MODULE:  .\Obj\KeyPad.obj (KEYPAD)

*** WARNING L2: REFERENCE MADE TO UNRESOLVED EXTERNAL
    SYMBOL:  AUTO_MODE
    MODULE:  .\Obj\KeyPad.obj (KEYPAD)
    ADDRESS: 248DH

*** WARNING L2: REFERENCE MADE TO UNRESOLVED EXTERNAL
    SYMBOL:  AUTO_MODE
    MODULE:  .\Obj\KeyPad.obj (KEYPAD)
    ADDRESS: 2498H

*** WARNING L2: REFERENCE MADE TO UNRESOLVED EXTERNAL
    SYMBOL:  AUTO_MODE
    MODULE:  .\Obj\KeyPad.obj (KEYPAD)
    ADDRESS: 249FH

Program Size: data=10.5 xdata=1062 code=16340
LINK/LOCATE RUN COMPLETE.  27 WARNING(S),  0 ERROR(S)
