BL51 BANKED LINKER/LOCATER V6.22                                                        05/03/2018  10:18:36  PAGE 1


BL51 BANKED LINKER/LOCATER V6.22, INVOKED BY:
C:\KEIL_V5\C51\BIN\BL51.EXE .\Obj\main.obj, .\Obj\PCF85063BTL.obj, .\Obj\UART1.obj, .\Obj\STARTUP.obj TO .\Obj\GPIO_RTC_
>> Test PRINT (.\Lis\GPIO_RTC_Test.m51) RAMSIZE (256)


MEMORY MODEL: LARGE


INPUT MODULES INCLUDED:
  .\Obj\main.obj (MAIN)
  .\Obj\PCF85063BTL.obj (PCF85063BTL)
  .\Obj\UART1.obj (UART1)
  .\Obj\STARTUP.obj (?C_STARTUP)
  C:\KEIL_V5\C51\LIB\C51L.LIB (?C?CLDPTR)
  C:\KEIL_V5\C51\LIB\C51L.LIB (?C?ILDIX)
  C:\KEIL_V5\C51\LIB\C51L.LIB (ATOI)
  C:\KEIL_V5\C51\LIB\C51L.LIB (?C?IMUL)
  C:\KEIL_V5\C51\LIB\C51L.LIB (?C?IILDX)
  C:\KEIL_V5\C51\LIB\C51L.LIB (ISDIGIT)
  C:\KEIL_V5\C51\LIB\C51L.LIB (ISSPACE)


LINK MAP OF MODULE:  .\Obj\GPIO_RTC_Test (MAIN)


            TYPE    BASE      LENGTH    RELOCATION   SEGMENT NAME
            -----------------------------------------------------

            * * * * * * *   D A T A   M E M O R Y   * * * * * * *
            REG     0000H     0008H     ABSOLUTE     "REG BANK 0"
            REG     0008H     0008H     ABSOLUTE     "REG BANK 1"
                    0010H     0010H                  *** GAP ***
            BIT     0020H.0   0000H.1   UNIT         ?BI?UART1
            BIT     0020H.1   0000H.1   UNIT         _BIT_GROUP_
                    0020H.2   0000H.6                *** GAP ***
            IDATA   0021H     0001H     UNIT         ?STACK

            * * * * * * *  X D A T A   M E M O R Y  * * * * * * *
            XDATA   0000H     0010H     UNIT         _XDATA_GROUP_
            XDATA   0010H     0007H     UNIT         ?XD?UART1
            XDATA   0017H     0003H     UNIT         ?XD?_SENDSTRING?UART1

            * * * * * * *   C O D E   M E M O R Y   * * * * * * *
            CODE    0000H     0003H     ABSOLUTE     
            CODE    0003H     0020H     UNIT         ?PR?_SPI_SENDBYTE?PCF85063BTL
            CODE    0023H     0003H     ABSOLUTE     
            CODE    0026H     00DBH     UNIT         ?PR?_ATOI?ATOI
            CODE    0101H     008CH     UNIT         ?PR?UART?UART1
            CODE    018DH     0057H     UNIT         ?C?LIB_CODE
            CODE    01E4H     0039H     UNIT         ?PR?DISPLAY_TIME?UART1
            CODE    021DH     0033H     UNIT         ?PR?_SENDSTRING?UART1
            CODE    0250H     0020H     UNIT         ?PR?SPI_RECEIVEBYTE?PCF85063BTL
            CODE    0270H     001EH     UNIT         ?PR?_DELAY_MS?MAIN
            CODE    028EH     001EH     UNIT         ?PR?_SENDUART1?UART1
            CODE    02ACH     0017H     UNIT         ?PR?_ASCIITOBCD?UART1
            CODE    02C3H     0014H     UNIT         ?PR?MAIN?MAIN
            CODE    02D7H     0014H     UNIT         ?PR?_PCF85063BTL_DELAY?PCF85063BTL
            CODE    02EBH     0014H     UNIT         ?PR?_ISSPACE?ISSPACE
BL51 BANKED LINKER/LOCATER V6.22                                                      05/03/2018  10:18:36  PAGE 2


            CODE    02FFH     0013H     UNIT         ?PR?_SPI_WRITETIME?PCF85063BTL
            CODE    0312H     0013H     UNIT         ?PR?INITUART1?UART1
            CODE    0325H     0011H     UNIT         ?PR?_SPI_READTIME?PCF85063BTL
            CODE    0336H     000FH     UNIT         ?PR?_ISDIGIT?ISDIGIT
            CODE    0345H     000CH     UNIT         ?C_C51STARTUP
            CODE    0351H     000BH     UNIT         ?PR?SPI_INIT?PCF85063BTL
            CODE    035CH     0006H     UNIT         ?PR?_TEN?UART1
            CODE    0362H     0005H     UNIT         ?PR?_UNIT?UART1
            CODE    0367H     0005H     UNIT         ?PR?_ASCII_LETTER?UART1
            CODE    036CH     0001H     UNIT         ?PR?_DECTOBCD?UART1



OVERLAY MAP OF MODULE:   .\Obj\GPIO_RTC_Test (MAIN)


SEGMENT                                       BIT_GROUP          XDATA_GROUP
  +--> CALLED SEGMENT                      START    LENGTH     START    LENGTH
------------------------------------------------------------------------------
?PR?UART?UART1                             -----    -----      -----    -----
  +--> ?PR?_ASCIITOBCD?UART1
  +--> ?PR?_SPI_WRITETIME?PCF85063BTL

?PR?_ASCIITOBCD?UART1                      -----    -----      -----    -----
  +--> ?PR?_ATOI?ATOI

?PR?_ATOI?ATOI                             0020H.1  0000H.1    0000H    0005H
  +--> ?PR?_ISSPACE?ISSPACE
  +--> ?PR?_ISDIGIT?ISDIGIT

?PR?_SPI_WRITETIME?PCF85063BTL             -----    -----      -----    -----
  +--> ?PR?_SPI_SENDBYTE?PCF85063BTL

?PR?_SPI_SENDBYTE?PCF85063BTL              -----    -----      -----    -----
  +--> ?PR?_PCF85063BTL_DELAY?PCF85063BTL

*** NEW ROOT ***************************************************

?C_C51STARTUP                              -----    -----      -----    -----
  +--> ?PR?MAIN?MAIN

?PR?MAIN?MAIN                              -----    -----      0005H    000AH
  +--> ?PR?SPI_INIT?PCF85063BTL
  +--> ?PR?INITUART1?UART1
  +--> ?PR?DISPLAY_TIME?UART1
  +--> ?PR?_DELAY_MS?MAIN

?PR?DISPLAY_TIME?UART1                     -----    -----      -----    -----
  +--> ?PR?_SPI_READTIME?PCF85063BTL
  +--> ?PR?_SENDUART1?UART1
  +--> ?PR?_TEN?UART1

?PR?_SPI_READTIME?PCF85063BTL              -----    -----      000FH    0001H
  +--> ?PR?_SPI_SENDBYTE?PCF85063BTL
  +--> ?PR?SPI_RECEIVEBYTE?PCF85063BTL

?PR?SPI_RECEIVEBYTE?PCF85063BTL            -----    -----      -----    -----
BL51 BANKED LINKER/LOCATER V6.22                                                      05/03/2018  10:18:36  PAGE 3


  +--> ?PR?_PCF85063BTL_DELAY?PCF85063BTL

?PR?_SENDUART1?UART1                       -----    -----      -----    -----
  +--> ?PR?_TEN?UART1
  +--> ?PR?_UNIT?UART1



SYMBOL TABLE OF MODULE:  .\Obj\GPIO_RTC_Test (MAIN)

  VALUE           TYPE          NAME
  ----------------------------------

  -------         MODULE        MAIN
  C:0000H         SYMBOL        _ICE_DUMMY_
  D:0080H         PUBLIC        P0
  D:0090H         PUBLIC        P1
  D:00A0H         PUBLIC        P2
  D:00B0H         PUBLIC        P3
  D:00C0H         PUBLIC        P4
  D:00C8H         PUBLIC        P5
  B:00A8H.7       PUBLIC        EA
  D:00E8H         PUBLIC        P6
  D:00F8H         PUBLIC        P7
  D:00A8H         PUBLIC        IE
  D:00B8H         PUBLIC        IP
  D:00D8H         PUBLIC        CCON
  C:02C3H         PUBLIC        main
  C:0270H         PUBLIC        _Delay_ms
  D:0098H         PUBLIC        SCON
  D:0088H         PUBLIC        TCON
  D:00D0H         PUBLIC        PSW
  -------         PROC          MAIN
  -------         DO            
  X:0005H         SYMBOL        seconds
  X:0006H         SYMBOL        mins
  X:0007H         SYMBOL        hours
  X:0008H         SYMBOL        sec_decimal
  X:000AH         SYMBOL        numStr
  -------         ENDDO         
  C:02C3H         LINE#         20
  C:02C3H         LINE#         21
  C:02C3H         LINE#         25
  C:02C6H         LINE#         26
  C:02C9H         LINE#         27
  C:02CBH         LINE#         29
  C:02CBH         LINE#         30
  C:02CBH         LINE#         31
  C:02CEH         LINE#         32
  C:02D5H         LINE#         33
  -------         ENDPROC       MAIN
  -------         PROC          _DELAY_MS
  D:0006H         SYMBOL        ms
  -------         DO            
  D:0004H         SYMBOL        De_Cnt
  -------         ENDDO         
  C:0270H         LINE#         37
BL51 BANKED LINKER/LOCATER V6.22                                                      05/03/2018  10:18:36  PAGE 4


  C:0270H         LINE#         38
  C:0270H         LINE#         40
  C:027AH         LINE#         41
  C:027AH         LINE#         42
  C:028DH         LINE#         43
  C:028DH         LINE#         44
  -------         ENDPROC       _DELAY_MS
  -------         ENDMOD        MAIN

  -------         MODULE        PCF85063BTL
  C:0000H         SYMBOL        _ICE_DUMMY_
  D:0096H         PUBLIC        P2M0
  D:0080H         PUBLIC        P0
  D:0095H         PUBLIC        P2M1
  D:0090H         PUBLIC        P1
  D:00A0H         PUBLIC        P2
  D:00B0H         PUBLIC        P3
  D:00C0H         PUBLIC        P4
  D:00C8H         PUBLIC        P5
  D:00E8H         PUBLIC        P6
  B:00A0H.2       PUBLIC        PCF85063BTL_SDI
  D:00F8H         PUBLIC        P7
  B:00A0H.1       PUBLIC        PCF85063BTL_SCK
  B:00A0H.2       PUBLIC        PCF85063BTL_SDO
  D:00A8H         PUBLIC        IE
  C:02DDH         PUBLIC        _PCF85063BTL_Delay
  D:00B8H         PUBLIC        IP
  D:00D8H         PUBLIC        CCON
  C:0250H         PUBLIC        SPI_ReceiveByte
  D:0098H         PUBLIC        SCON
  D:0088H         PUBLIC        TCON
  B:00A0H.0       PUBLIC        PCF85063BTL_CS
  C:0325H         PUBLIC        _SPI_ReadTime
  C:0351H         PUBLIC        SPI_Init
  C:02FFH         PUBLIC        _SPI_WriteTime
  C:0003H         PUBLIC        _SPI_SendByte
  D:00D0H         PUBLIC        PSW
  C:02D9H         SYMBOL        L?0020
  -------         PROC          L?0019
  -------         ENDPROC       L?0019
  C:02D9H         SYMBOL        L?0020
  -------         PROC          _PCF85063BTL_DELAY
  D:0006H         SYMBOL        us
  C:02DDH         LINE#         8
  C:02DDH         LINE#         9
  C:02DDH         LINE#         10
  C:02E7H         LINE#         11
  C:02E7H         LINE#         12
  C:02E8H         LINE#         13
  C:02EAH         LINE#         14
  -------         ENDPROC       _PCF85063BTL_DELAY
  -------         PROC          _SPI_SENDBYTE
  D:0005H         SYMBOL        dat
  -------         DO            
  D:0003H         SYMBOL        i
  -------         ENDDO         
  C:0003H         LINE#         17
BL51 BANKED LINKER/LOCATER V6.22                                                      05/03/2018  10:18:36  PAGE 5


  C:0005H         LINE#         18
  C:0005H         LINE#         20
  C:0007H         LINE#         21
  C:0007H         LINE#         22
  C:0009H         LINE#         23
  C:000DH         LINE#         24
  C:000DH         LINE#         25
  C:000FH         LINE#         26
  C:0011H         LINE#         28
  C:0011H         LINE#         29
  C:0013H         LINE#         30
  C:0013H         LINE#         31
  C:0016H         LINE#         32
  C:0016H         LINE#         33
  C:0019H         LINE#         34
  C:001DH         LINE#         35
  C:0022H         LINE#         36
  -------         ENDPROC       _SPI_SENDBYTE
  -------         PROC          SPI_RECEIVEBYTE
  -------         DO            
  D:0003H         SYMBOL        i
  D:0005H         SYMBOL        dat
  -------         ENDDO         
  C:0250H         LINE#         39
  C:0250H         LINE#         40
  C:0250H         LINE#         42
  C:0252H         LINE#         44
  C:0254H         LINE#         45
  C:0255H         LINE#         46
  C:0255H         LINE#         47
  C:0259H         LINE#         48
  C:025BH         LINE#         49
  C:025EH         LINE#         51
  C:0261H         LINE#         52
  C:0261H         LINE#         53
  C:0265H         LINE#         54
  C:0265H         LINE#         55
  C:0265H         LINE#         56
  C:0268H         LINE#         57
  C:026DH         LINE#         58
  C:026FH         LINE#         59
  -------         ENDPROC       SPI_RECEIVEBYTE
  -------         PROC          _SPI_READTIME
  D:0007H         SYMBOL        addr
  -------         DO            
  X:000FH         SYMBOL        i
  D:0006H         SYMBOL        dat
  -------         ENDDO         
  C:0325H         LINE#         61
  C:0325H         LINE#         62
  C:0325H         LINE#         64
  C:0327H         LINE#         65
  C:0329H         LINE#         66
  C:0330H         LINE#         67
  C:0333H         LINE#         68
  C:0335H         LINE#         69
  C:0335H         LINE#         70
BL51 BANKED LINKER/LOCATER V6.22                                                      05/03/2018  10:18:36  PAGE 6


  -------         ENDPROC       _SPI_READTIME
  -------         PROC          _SPI_WRITETIME
  D:0002H         SYMBOL        val
  D:0005H         SYMBOL        addr
  C:02FFH         LINE#         71
  C:0301H         LINE#         72
  C:0301H         LINE#         73
  C:0303H         LINE#         74
  C:030AH         LINE#         75
  C:030FH         LINE#         76
  C:0311H         LINE#         77
  -------         ENDPROC       _SPI_WRITETIME
  -------         PROC          SPI_INIT
  C:0351H         LINE#         81
  C:0351H         LINE#         82
  C:0351H         LINE#         87
  C:0354H         LINE#         88
  C:0357H         LINE#         89
  C:0359H         LINE#         90
  C:035BH         LINE#         91
  -------         ENDPROC       SPI_INIT
  -------         ENDMOD        PCF85063BTL

  -------         MODULE        UART1
  C:0000H         SYMBOL        _ICE_DUMMY_
  D:0080H         PUBLIC        P0
  D:0090H         PUBLIC        P1
  D:00A0H         PUBLIC        P2
  D:00B0H         PUBLIC        P3
  D:00C0H         PUBLIC        P4
  D:00C8H         PUBLIC        P5
  B:00A8H.7       PUBLIC        EA
  D:00E8H         PUBLIC        P6
  D:00F8H         PUBLIC        P7
  C:021DH         PUBLIC        _SendString
  X:0010H         PUBLIC        RX_Data_Uart_Cnt
  D:00A8H         PUBLIC        IE
  B:00A8H.4       PUBLIC        ES
  D:00B8H         PUBLIC        IP
  C:02ACH         PUBLIC        _ASCIItoBCD
  B:0098H.0       PUBLIC        RI
  B:0098H.1       PUBLIC        TI
  C:0101H         PUBLIC        Uart
  B:00B8H.4       PUBLIC        PS
  D:00D8H         PUBLIC        CCON
  C:0312H         PUBLIC        initUART1
  D:0099H         PUBLIC        SBUF
  D:0098H         PUBLIC        SCON
  D:0088H         PUBLIC        TCON
  X:0011H         PUBLIC        Rec_data_hour
  C:036CH         PUBLIC        _DectoBCD
  X:0013H         PUBLIC        Rec_data_min
  C:0367H         PUBLIC        _ASCII_Letter
  D:008EH         PUBLIC        AUXR
  C:0362H         PUBLIC        _unit
  B:0020H.0       PUBLIC        busy
  D:00E0H         PUBLIC        ACC
BL51 BANKED LINKER/LOCATER V6.22                                                      05/03/2018  10:18:36  PAGE 7


  C:035CH         PUBLIC        _ten
  X:0015H         PUBLIC        hour_count
  D:00D6H         PUBLIC        T2H
  X:0016H         PUBLIC        min_count
  D:00D7H         PUBLIC        T2L
  C:01E4H         PUBLIC        Display_time
  D:00D0H         PUBLIC        PSW
  C:02A3H         PUBLIC        _SendUART1
  -------         PROC          UART
  C:0101H         LINE#         19
  C:010EH         LINE#         21
  C:0111H         LINE#         22
  C:0111H         LINE#         23
  C:0117H         LINE#         24
  C:0119H         LINE#         25
  C:0120H         LINE#         26
  C:012FH         LINE#         27
  C:0135H         LINE#         28
  C:0135H         LINE#         31
  C:0142H         LINE#         32
  C:014AH         LINE#         33
  C:014AH         LINE#         34
  C:014BH         LINE#         35
  C:0159H         LINE#         36
  C:0167H         LINE#         37
  C:0171H         LINE#         38
  C:017BH         LINE#         39
  C:017BH         LINE#         40
  C:017BH         LINE#         43
  C:017BH         LINE#         44
  C:017EH         LINE#         45
  C:017EH         LINE#         46
  C:0180H         LINE#         47
  C:0182H         LINE#         48
  C:0182H         LINE#         49
  -------         ENDPROC       UART
  -------         PROC          INITUART1
  C:0312H         LINE#         50
  C:0312H         LINE#         51
  C:0312H         LINE#         52
  C:0315H         LINE#         53
  C:0318H         LINE#         54
  C:031BH         LINE#         55
  C:031EH         LINE#         56
  C:0320H         LINE#         57
  C:0322H         LINE#         58
  C:0324H         LINE#         59
  -------         ENDPROC       INITUART1
  C:029CH         SYMBOL        L?0022
  C:029FH         SYMBOL        L?0023
  -------         PROC          L?0021
  -------         ENDPROC       L?0021
  C:029CH         SYMBOL        L?0022
  C:029FH         SYMBOL        L?0023
  -------         PROC          _SENDUART1
  D:0007H         SYMBOL        dat
  C:02A3H         LINE#         61
BL51 BANKED LINKER/LOCATER V6.22                                                      05/03/2018  10:18:36  PAGE 8


  C:02A3H         LINE#         62
  C:02A3H         LINE#         63
  C:02A6H         LINE#         64
  C:02A8H         LINE#         65
  C:02A9H         LINE#         66
  C:02ABH         LINE#         67
  -------         ENDPROC       _SENDUART1
  -------         PROC          _SENDSTRING
  X:0017H         SYMBOL        s
  C:021DH         LINE#         71
  C:0228H         LINE#         72
  C:0228H         LINE#         73
  C:0238H         LINE#         74
  C:0238H         LINE#         75
  C:024DH         LINE#         76
  C:024FH         LINE#         77
  -------         ENDPROC       _SENDSTRING
  -------         PROC          _TEN
  D:0007H         SYMBOL        BCD
  C:035CH         LINE#         78
  C:035CH         LINE#         79
  C:035CH         LINE#         80
  C:0361H         LINE#         81
  -------         ENDPROC       _TEN
  -------         PROC          _UNIT
  D:0007H         SYMBOL        BCD
  C:0362H         LINE#         82
  C:0362H         LINE#         83
  C:0362H         LINE#         87
  C:0366H         LINE#         88
  -------         ENDPROC       _UNIT
  -------         PROC          _DECTOBCD
  D:0007H         SYMBOL        dec
  C:036CH         LINE#         89
  C:036CH         LINE#         90
  C:036CH         LINE#         92
  C:036CH         LINE#         93
  -------         ENDPROC       _DECTOBCD
  -------         PROC          _ASCII_LETTER
  D:0007H         SYMBOL        dat
  C:0367H         LINE#         95
  C:0367H         LINE#         96
  C:0367H         LINE#         98
  C:036BH         LINE#         99
  -------         ENDPROC       _ASCII_LETTER
  -------         PROC          _ASCIITOBCD
  D:0001H         SYMBOL        ascii
  -------         DO            
  D:0007H         SYMBOL        dec_val
  D:0006H         SYMBOL        ten
  D:0007H         SYMBOL        unit
  -------         ENDDO         
  C:02ACH         LINE#         101
  C:02ACH         LINE#         102
  C:02ACH         LINE#         104
  C:02AFH         LINE#         105
  C:02B5H         LINE#         106
BL51 BANKED LINKER/LOCATER V6.22                                                      05/03/2018  10:18:36  PAGE 9


  C:02BCH         LINE#         107
  C:02C2H         LINE#         109
  -------         ENDPROC       _ASCIITOBCD
  -------         PROC          DISPLAY_TIME
  -------         DO            
  D:0006H         SYMBOL        seconds
  D:0006H         SYMBOL        mins
  D:0006H         SYMBOL        hours
  -------         ENDDO         
  C:01E4H         LINE#         110
  C:01E4H         LINE#         111
  C:01E4H         LINE#         114
  C:01E9H         LINE#         115
  C:01E9H         LINE#         116
  C:01ECH         LINE#         117
  C:01F1H         LINE#         119
  C:01F6H         LINE#         120
  C:01F6H         LINE#         121
  C:01F9H         LINE#         122
  C:01FEH         LINE#         124
  C:0205H         LINE#         125
  C:0207H         LINE#         126
  C:0211H         LINE#         127
  C:0218H         LINE#         128
  -------         ENDPROC       DISPLAY_TIME
  -------         ENDMOD        UART1

  -------         MODULE        ?C_STARTUP
  C:0345H         SEGMENT       ?C_C51STARTUP
  I:0021H         SEGMENT       ?STACK
  C:0000H         PUBLIC        ?C_STARTUP
  D:00E0H         SYMBOL        ACC
  D:00F0H         SYMBOL        B
  D:0083H         SYMBOL        DPH
  D:0082H         SYMBOL        DPL
  N:0000H         SYMBOL        IBPSTACK
  N:0100H         SYMBOL        IBPSTACKTOP
  N:0080H         SYMBOL        IDATALEN
  C:0348H         SYMBOL        IDATALOOP
  N:0000H         SYMBOL        PBPSTACK
  N:0100H         SYMBOL        PBPSTACKTOP
  N:0000H         SYMBOL        PDATALEN
  N:0000H         SYMBOL        PDATASTART
  N:0000H         SYMBOL        PPAGE
  N:0000H         SYMBOL        PPAGEENABLE
  D:00A0H         SYMBOL        PPAGE_SFR
  D:0081H         SYMBOL        SP
  C:0345H         SYMBOL        STARTUP1
  N:0000H         SYMBOL        XBPSTACK
  N:0000H         SYMBOL        XBPSTACKTOP
  N:0000H         SYMBOL        XDATALEN
  N:0000H         SYMBOL        XDATASTART
  C:0000H         LINE#         126
  C:0345H         LINE#         133
  C:0347H         LINE#         134
  C:0348H         LINE#         135
  C:0349H         LINE#         136
BL51 BANKED LINKER/LOCATER V6.22                                                      05/03/2018  10:18:36  PAGE 10


  C:034BH         LINE#         185
  C:034EH         LINE#         196
  -------         ENDMOD        ?C_STARTUP

  -------         MODULE        ?C?CLDPTR
  C:018DH         PUBLIC        ?C?CLDPTR
  -------         ENDMOD        ?C?CLDPTR

  -------         MODULE        ?C?ILDIX
  C:01A6H         PUBLIC        ?C?ILDIX
  -------         ENDMOD        ?C?ILDIX

  -------         MODULE        ATOI
  C:0026H         PUBLIC        _atoi
  -------         ENDMOD        ATOI

  -------         MODULE        ?C?IMUL
  C:01BCH         PUBLIC        ?C?IMUL
  -------         ENDMOD        ?C?IMUL

  -------         MODULE        ?C?IILDX
  C:01CEH         PUBLIC        ?C?IILDX
  -------         ENDMOD        ?C?IILDX

  -------         MODULE        ISDIGIT
  C:0336H         PUBLIC        _isdigit
  -------         ENDMOD        ISDIGIT

  -------         MODULE        ISSPACE
  C:02EBH         PUBLIC        _isspace
  -------         ENDMOD        ISSPACE

*** WARNING L16: UNCALLED SEGMENT, IGNORED FOR OVERLAY PROCESS
    SEGMENT: ?PR?_SENDSTRING?UART1

*** WARNING L16: UNCALLED SEGMENT, IGNORED FOR OVERLAY PROCESS
    SEGMENT: ?PR?_DECTOBCD?UART1

*** WARNING L16: UNCALLED SEGMENT, IGNORED FOR OVERLAY PROCESS
    SEGMENT: ?PR?_ASCII_LETTER?UART1

Program Size: data=17.2 xdata=26 code=877
LINK/LOCATE RUN COMPLETE.  3 WARNING(S),  0 ERROR(S)
