BL51 BANKED LINKER/LOCATER V6.22                                                        07/31/2019  17:51:42  PAGE 1


BL51 BANKED LINKER/LOCATER V6.22, INVOKED BY:
C:\KEIL_V5\C51\BIN\BL51.EXE .\Obj\main.obj, .\Obj\PCF85063BTL.obj, .\Obj\LCd_Driver_SPLC780D.obj, .\Obj\KeyPad.obj, .\Ob
>> j\BipolarMotor.obj, .\Obj\SunPos.obj, .\Obj\ADC.obj, .\Obj\Calibration.obj, .\Obj\IOExpander_PI4IOE5V96248.obj, .\Obj
>> \AT25SF041.obj, .\Obj\SI1120.obj, .\Obj\UART1.obj, .\Obj\STARTUP.obj TO .\Obj\GPIO_RTC_Test PRINT (.\Lis\GPIO_RTC_Tes
>> t.m51) RAMSIZE (256)


MEMORY MODEL: LARGE WITH FLOATING POINT ARITHMETIC


INPUT MODULES INCLUDED:
  .\Obj\main.obj (MAIN)
  .\Obj\PCF85063BTL.obj (PCF85063BTL)
  .\Obj\LCd_Driver_SPLC780D.obj (LCD_DRIVER_SPLC780D)
  .\Obj\KeyPad.obj (KEYPAD)
  .\Obj\BipolarMotor.obj (BIPOLARMOTOR)
  .\Obj\SunPos.obj (SUNPOS)
  .\Obj\ADC.obj (ADC)
  .\Obj\Calibration.obj (CALIBRATION)
  .\Obj\IOExpander_PI4IOE5V96248.obj (IOEXPANDER_PI4IOE5V96248)
  .\Obj\AT25SF041.obj (AT25SF041)
  .\Obj\SI1120.obj (SI1120)
  .\Obj\UART1.obj (UART1)
  .\Obj\STARTUP.obj (?C_STARTUP)
  C:\KEIL_V5\C51\LIB\C51FPL.LIB (?C?FPADD)
  C:\KEIL_V5\C51\LIB\C51FPL.LIB (?C?FPMUL)
  C:\KEIL_V5\C51\LIB\C51FPL.LIB (?C?FPDIV)
  C:\KEIL_V5\C51\LIB\C51FPL.LIB (?C?FPCMP)
  C:\KEIL_V5\C51\LIB\C51FPL.LIB (?C?FPNEG)
  C:\KEIL_V5\C51\LIB\C51FPL.LIB (?C?FCAST)
  C:\KEIL_V5\C51\LIB\C51FPL.LIB (?C?CASTF)
  C:\KEIL_V5\C51\LIB\C51FPL.LIB (PRINTF)
  C:\KEIL_V5\C51\LIB\C51FPL.LIB (FABS)
  C:\KEIL_V5\C51\LIB\C51FPL.LIB (ATAN2)
  C:\KEIL_V5\C51\LIB\C51FPL.LIB (SIN)
  C:\KEIL_V5\C51\LIB\C51FPL.LIB (ACOS)
  C:\KEIL_V5\C51\LIB\C51FPL.LIB (ASIN)
  C:\KEIL_V5\C51\LIB\C51FPL.LIB (POW)
  C:\KEIL_V5\C51\LIB\C51FPL.LIB (?C?FPGETOPN)
  C:\KEIL_V5\C51\LIB\C51FPL.LIB (?C?CHKFLOAT)
  C:\KEIL_V5\C51\LIB\C51FPL.LIB (?C?FPROUND)
  C:\KEIL_V5\C51\LIB\C51FPL.LIB (?C?FPCONVERT)
  C:\KEIL_V5\C51\LIB\C51FPL.LIB (?C?FPSERIES)
  C:\KEIL_V5\C51\LIB\C51FPL.LIB (EXP)
  C:\KEIL_V5\C51\LIB\C51FPL.LIB (LOG)
  C:\KEIL_V5\C51\LIB\C51FPL.LIB (SQRT)
  C:\KEIL_V5\C51\LIB\C51FPL.LIB (ATAN)
  C:\KEIL_V5\C51\LIB\C51FPL.LIB (?C?FTNPWR)
  C:\KEIL_V5\C51\LIB\C51L.LIB (?C_INIT)
  C:\KEIL_V5\C51\LIB\C51L.LIB (?C?COPY)
  C:\KEIL_V5\C51\LIB\C51L.LIB (?C?CLDPTR)
  C:\KEIL_V5\C51\LIB\C51L.LIB (?C?CLDOPTR)
  C:\KEIL_V5\C51\LIB\C51L.LIB (?C?CSTPTR)
  C:\KEIL_V5\C51\LIB\C51L.LIB (?C?IMUL)
  C:\KEIL_V5\C51\LIB\C51L.LIB (?C?UIDIV)
  C:\KEIL_V5\C51\LIB\C51L.LIB (?C?SIDIV)
  C:\KEIL_V5\C51\LIB\C51L.LIB (?C?ILDIX)
  C:\KEIL_V5\C51\LIB\C51L.LIB (?C?ILDOPTR)
BL51 BANKED LINKER/LOCATER V6.22                                                      07/31/2019  17:51:42  PAGE 2


  C:\KEIL_V5\C51\LIB\C51L.LIB (?C?ISTPTR)
  C:\KEIL_V5\C51\LIB\C51L.LIB (?C?LMUL)
  C:\KEIL_V5\C51\LIB\C51L.LIB (?C?SLDIV)
  C:\KEIL_V5\C51\LIB\C51L.LIB (?C?LNEG)
  C:\KEIL_V5\C51\LIB\C51L.LIB (?C?ULCMP)
  C:\KEIL_V5\C51\LIB\C51L.LIB (?C?LSHL)
  C:\KEIL_V5\C51\LIB\C51L.LIB (?C?LLDPTR)
  C:\KEIL_V5\C51\LIB\C51L.LIB (?C?LLDOPTR)
  C:\KEIL_V5\C51\LIB\C51L.LIB (?C?LSTPTR)
  C:\KEIL_V5\C51\LIB\C51L.LIB (?C?LSTOPTR)
  C:\KEIL_V5\C51\LIB\C51L.LIB (?C?LLDXDATA)
  C:\KEIL_V5\C51\LIB\C51L.LIB (?C?LLDCODE)
  C:\KEIL_V5\C51\LIB\C51L.LIB (?C?LLDXDATA0)
  C:\KEIL_V5\C51\LIB\C51L.LIB (?C?LLDCODE0)
  C:\KEIL_V5\C51\LIB\C51L.LIB (?C?LLDPTR0)
  C:\KEIL_V5\C51\LIB\C51L.LIB (?C?LSTXDATA)
  C:\KEIL_V5\C51\LIB\C51L.LIB (?C?LSTKXDATA)
  C:\KEIL_V5\C51\LIB\C51L.LIB (?C?LSTKPTR)
  C:\KEIL_V5\C51\LIB\C51L.LIB (?C?OFFXADD)
  C:\KEIL_V5\C51\LIB\C51L.LIB (?C?PLDIXDATA)
  C:\KEIL_V5\C51\LIB\C51L.LIB (?C?PSTXDATA)
  C:\KEIL_V5\C51\LIB\C51L.LIB (?C?CCASE)
  C:\KEIL_V5\C51\LIB\C51L.LIB (PUTCHAR)
  C:\KEIL_V5\C51\LIB\C51L.LIB (ABS)
  C:\KEIL_V5\C51\LIB\C51L.LIB (ATOI)
  C:\KEIL_V5\C51\LIB\C51L.LIB (?C?IILDX)
  C:\KEIL_V5\C51\LIB\C51L.LIB (?C?ULDIV)
  C:\KEIL_V5\C51\LIB\C51L.LIB (?C?LLDIDATA)
  C:\KEIL_V5\C51\LIB\C51L.LIB (?C?LLDPDATA)
  C:\KEIL_V5\C51\LIB\C51L.LIB (?C?LLDIDATA0)
  C:\KEIL_V5\C51\LIB\C51L.LIB (?C?LLDPDATA0)
  C:\KEIL_V5\C51\LIB\C51L.LIB (?C?LSTIDATA)
  C:\KEIL_V5\C51\LIB\C51L.LIB (?C?LSTPDATA)
  C:\KEIL_V5\C51\LIB\C51L.LIB (?C?LSTKIDATA)
  C:\KEIL_V5\C51\LIB\C51L.LIB (?C?LSTKPDATA)
  C:\KEIL_V5\C51\LIB\C51L.LIB (ISDIGIT)
  C:\KEIL_V5\C51\LIB\C51L.LIB (ISSPACE)


LINK MAP OF MODULE:  .\Obj\GPIO_RTC_Test (MAIN)


            TYPE    BASE      LENGTH    RELOCATION   SEGMENT NAME
            -----------------------------------------------------

            * * * * * * *   D A T A   M E M O R Y   * * * * * * *
            REG     0000H     0008H     ABSOLUTE     "REG BANK 0"
            DATA    0008H     0005H     UNIT         _DATA_GROUP_
                    000DH     0013H                  *** GAP ***
            BIT     0020H.0   0001H.2   UNIT         _BIT_GROUP_
            BIT     0021H.2   0000H.1   UNIT         ?BI?MAIN
            BIT     0021H.3   0000H.1   UNIT         ?BI?_ATOI?ATOI
                    0021H.4   0000H.4                *** GAP ***
            IDATA   0022H     0001H     UNIT         ?STACK

            * * * * * * *  X D A T A   M E M O R Y  * * * * * * *
            XDATA   0000H     03BCH     UNIT         ?XD?BIPOLARMOTOR
BL51 BANKED LINKER/LOCATER V6.22                                                      07/31/2019  17:51:42  PAGE 3


            XDATA   03BCH     015DH     UNIT         _XDATA_GROUP_
            XDATA   0519H     010BH     UNIT         ?XD?MAIN
            XDATA   0624H     0019H     UNIT         ?XD?KEYPAD
            XDATA   063DH     0008H     UNIT         ?XD?_AT25SF041_READ?AT25SF041
            XDATA   0645H     0005H     UNIT         ?XD?_ATOI?ATOI
            XDATA   064AH     0001H     UNIT         ?XD?UC_ACK?IOEXPANDER_PI4IOE5V96248
            XDATA   064BH     0001H     UNIT         ?XD?UC_NACK?IOEXPANDER_PI4IOE5V96248

            * * * * * * *   C O D E   M E M O R Y   * * * * * * *
            CODE    0000H     0003H     ABSOLUTE     
            CODE    0003H     0003H     ABSOLUTE     
            CODE    0006H     0005H     UNIT         ?PR?_UNIT?UART1
            CODE    000BH     0003H     ABSOLUTE     
            CODE    000EH     000DH     UNIT         ?PR?UART?MAIN
            CODE    001BH     0003H     ABSOLUTE     
            CODE    001EH     0005H     UNIT         ?PR?_ASCII_LETTER?UART1
            CODE    0023H     0003H     ABSOLUTE     
            CODE    0026H     10DBH     UNIT         ?PR?MAIN?MAIN
            CODE    1101H     0BC8H     UNIT         ?C?LIB_CODE
            CODE    1CC9H     07A2H     UNIT         ?PR?SUNPOS?SUNPOS
            CODE    246BH     06F4H     UNIT         ?PR?_FIND_REAL_MAX?CALIBRATION
            CODE    2B5FH     0631H     UNIT         ?PR?_UPDATE_POSITION?BIPOLARMOTOR
            CODE    3190H     04FBH     UNIT         ?PR?_THEORICALJP_POSITION?BIPOLARMOTOR
            CODE    368BH     0483H     UNIT         ?PR?PRINTF?PRINTF
            CODE    3B0EH     040EH     UNIT         ?C_INITSEG
            CODE    3F1CH     038CH     UNIT         ?PR?KEY_PROCESS?KEYPAD
            CODE    42A8H     0380H     UNIT         ?PR?_ELEVATION_CALCULATION?BIPOLARMOTOR
            CODE    4628H     01C7H     UNIT         ?PR?_CALIBRATION?CALIBRATION
            CODE    47EFH     018DH     UNIT         ?PR?KEY_SCAN?KEYPAD
            CODE    497CH     0189H     UNIT         ?PR?SPI_NOR_WRITE_DATA?AT25SF041
            CODE    4B05H     0188H     UNIT         ?PR?SIN?SIN
            CODE    4C8DH     0166H     UNIT         ?PR?_POW?POW
            CODE    4DF3H     0155H     UNIT         ?PR?_DISPLAY_POS?LCD_DRIVER_SPLC780D
            CODE    4F48H     0129H     UNIT         ?PR?LOG?LOG
            CODE    5071H     0122H     UNIT         ?PR?ATAN?ATAN
            CODE    5193H     0110H     UNIT         ?PR?_AT25SF041_READ?AT25SF041
            CODE    52A3H     0102H     UNIT         ?PR?_AT25SF041_WRITE?AT25SF041
            CODE    53A5H     00F5H     UNIT         ?PR?EXINT0?MAIN
            CODE    549AH     00DBH     UNIT         ?PR?_ATOI?ATOI
            CODE    5575H     00C3H     UNIT         ?PR?LINEAR_INTERPOLATE?BIPOLARMOTOR
            CODE    5638H     00BBH     UNIT         ?PR?VOLTAGE_IS_STABLE?CALIBRATION
            CODE    56F3H     00ADH     UNIT         ?PR?_WRITE_PI4IOE5V96248?IOEXPANDER_PI4IOE5V96248
            CODE    57A0H     00ACH     UNIT         ?PR?SQRT?SQRT
            CODE    584CH     00A1H     UNIT         ?PR?UCREAD_STATUS_REGISTER_BYTE1?AT25SF041
            CODE    58EDH     009DH     UNIT         ?PR?_ATAN2?ATAN2
            CODE    598AH     009CH     UNIT         ?PR?_MAX_VALUE?CALIBRATION
            CODE    5A26H     009AH     UNIT         ?PR?EXP?EXP
            CODE    5AC0H     008CH     UNIT         ?C_C51STARTUP
            CODE    5B4CH     0088H     UNIT         ?PR?_DAY_OF_YEAR?PCF85063BTL
            CODE    5BD4H     0079H     UNIT         ?PR?_WRITEDATA?LCD_DRIVER_SPLC780D
            CODE    5C4DH     0072H     UNIT         ?PR?AT25SF041_WRITEENABLE?AT25SF041
            CODE    5CBFH     006FH     UNIT         ?PR?_READ_TIME?PCF85063BTL
            CODE    5D2EH     005AH     UNIT         ?PR?AT25SF041_CHIPERASE?AT25SF041
            CODE    5D88H     0059H     UNIT         ?PR?LCD_INIT?LCD_DRIVER_SPLC780D
            CODE    5DE1H     0056H     UNIT         ?CO?MAIN
            CODE    5E37H     004BH     UNIT         ?CO?UART1
            CODE    5E82H     004AH     UNIT         ?PR?VONESTEPMOVE?BIPOLARMOTOR
BL51 BANKED LINKER/LOCATER V6.22                                                      07/31/2019  17:51:42  PAGE 4


            CODE    5ECCH     004AH     UNIT         ?PR?ACOS?ACOS
            CODE    5F16H     0044H     UNIT         ?C?LDIV
            CODE    5F5AH     0040H     UNIT         ?PR?_COMMAND?LCD_DRIVER_SPLC780D
            CODE    5F9AH     0040H     UNIT         ?PR?_STEP_MOVE?BIPOLARMOTOR
            CODE    5FDAH     003BH     UNIT         ?PR?ASIN?ASIN
            CODE    6015H     0033H     UNIT         ?PR?_SENDSTRING?UART1
            CODE    6048H     0031H     UNIT         ?PR?SI1120_CONFIG_MODE_VIRH?SI1120
            CODE    6079H     002BH     UNIT         ?PR?_WAIT_MS_I2C?IOEXPANDER_PI4IOE5V96248
            CODE    60A4H     002BH     UNIT         ?PR?_WAIT_MS_SPINOR?AT25SF041
            CODE    60CFH     002AH     UNIT         ?PR?_ADC_GETRESULT?ADC
            CODE    60F9H     0028H     UNIT         ?PR?_MOVE?BIPOLARMOTOR
            CODE    6121H     0028H     UNIT         ?CO?CALIBRATION
            CODE    6149H     0027H     UNIT         ?PR?_I2C_SENDBYTE?IOEXPANDER_PI4IOE5V96248
            CODE    6170H     0027H     UNIT         ?PR?PUTCHAR?PUTCHAR
            CODE    6197H     0025H     UNIT         ?PR?_FINDCLOSESTSAMEDAYCALIBTIME?CALIBRATION
            CODE    61BCH     0024H     UNIT         ?PR?_WAIT_MS?LCD_DRIVER_SPLC780D
            CODE    61E0H     0024H     UNIT         ?PR?_UART1_SENDTOTCPSERVER?UART1
            CODE    6204H     0021H     UNIT         ?PR?TM0_ISR?MAIN
            CODE    6225H     0020H     UNIT         ?PR?_SPI_SENDBYTE?PCF85063BTL
            CODE    6245H     0020H     UNIT         ?PR?SPI_RECEIVEBYTE?PCF85063BTL
            CODE    6265H     001EH     UNIT         ?PR?_DELAY_MS?KEYPAD
            CODE    6283H     001DH     UNIT         ?PR?_DISPLAYLCD?LCD_DRIVER_SPLC780D
            CODE    62A0H     001BH     UNIT         ?PR?_BCDTODEC1?BIPOLARMOTOR
            CODE    62BBH     001AH     UNIT         ?PR?ADC_INIT?ADC
            CODE    62D5H     0018H     UNIT         ?PR?_SPI_WRITETIME?PCF85063BTL
            CODE    62EDH     0017H     UNIT         ?PR?_ASCIITOBCD?UART1
            CODE    6304H     0016H     UNIT         ?PR?I2C_ACK?IOEXPANDER_PI4IOE5V96248
            CODE    631AH     0015H     UNIT         ?PR?_DISPLAY_LINE?LCD_DRIVER_SPLC780D
            CODE    632FH     0015H     UNIT         ?PR?VSETLOCATION?BIPOLARMOTOR
            CODE    6344H     0015H     UNIT         ?PR?I2C_STOP?IOEXPANDER_PI4IOE5V96248
            CODE    6359H     0014H     UNIT         ?PR?_PCF85063BTL_DELAY?PCF85063BTL
            CODE    636DH     0014H     UNIT         ?PR?_ISSPACE?ISSPACE
            CODE    6381H     0011H     UNIT         ?PR?_SPI_READTIME?PCF85063BTL
            CODE    6392H     0011H     UNIT         ?PR?_BCDTODEC?PCF85063BTL
            CODE    63A3H     0011H     UNIT         ?PR?INITUART1?UART1
            CODE    63B4H     000FH     UNIT         ?PR?I2C_START?IOEXPANDER_PI4IOE5V96248
            CODE    63C3H     000FH     UNIT         ?PR?UC_NACK?IOEXPANDER_PI4IOE5V96248
            CODE    63D2H     000FH     UNIT         ?PR?_ISDIGIT?ISDIGIT
            CODE    63E1H     000DH     UNIT         ?PR?SPI_INIT?PCF85063BTL
            CODE    63EEH     000DH     UNIT         ?PR?ENABLE_EXTINT0?SI1120
            CODE    63FBH     000DH     UNIT         ?PR?_FABS?FABS
            CODE    6408H     000CH     UNIT         ?PR?KEYPAD_IO_INIT?KEYPAD
            CODE    6414H     000CH     UNIT         ?PR?_ABS?ABS
            CODE    6420H     000AH     UNIT         ?PR?LCD_RETURN_HOME?LCD_DRIVER_SPLC780D
            CODE    642AH     000AH     UNIT         ?PR?LCD_CLEAR?LCD_DRIVER_SPLC780D
            CODE    6434H     0009H     UNIT         ?PR?TM1_ISR?MAIN
            CODE    643DH     0009H     UNIT         ?PR?_SENDUART1?MAIN
            CODE    6446H     0009H     UNIT         ?PR?UART1_INITTCPCONN?UART1
            CODE    644FH     0006H     UNIT         ?PR?UC_ACK?IOEXPANDER_PI4IOE5V96248
            CODE    6455H     0006H     UNIT         ?PR?_TEN?UART1
            CODE    645BH     0001H     UNIT         ?PR?NOP?IOEXPANDER_PI4IOE5V96248
            CODE    645CH     0001H     UNIT         ?PR?_DECTOBCD?UART1



OVERLAY MAP OF MODULE:   .\Obj\GPIO_RTC_Test (MAIN)

BL51 BANKED LINKER/LOCATER V6.22                                                      07/31/2019  17:51:42  PAGE 5



SEGMENT                                             BIT_GROUP          DATA_GROUP          XDATA_GROUP
  +--> CALLED SEGMENT                            START    LENGTH     START    LENGTH     START    LENGTH
--------------------------------------------------------------------------------------------------------
?PR?EXINT0?MAIN                                  -----    -----      -----    -----      -----    -----
  +--> ?PR?_POW?POW

?PR?_POW?POW                                     -----    -----      -----    -----      03BCH    000AH
  +--> ?PR?LOG?LOG
  +--> ?PR?EXP?EXP

?PR?LOG?LOG                                      0020H.0  0000H.1    -----    -----      03C6H    0004H

*** NEW ROOT ***************************************************

?C_C51STARTUP                                    -----    -----      -----    -----      -----    -----
  +--> ?PR?MAIN?MAIN
  +--> ?C_INITSEG

?PR?MAIN?MAIN                                    -----    -----      -----    -----      03CAH    002EH
  +--> ?PR?LCD_INIT?LCD_DRIVER_SPLC780D
  +--> ?PR?SPI_INIT?PCF85063BTL
  +--> ?PR?KEYPAD_IO_INIT?KEYPAD
  +--> ?PR?ADC_INIT?ADC
  +--> ?PR?SI1120_CONFIG_MODE_VIRH?SI1120
  +--> ?PR?ENABLE_EXTINT0?SI1120
  +--> ?PR?VSETLOCATION?BIPOLARMOTOR
  +--> ?PR?_SPI_WRITETIME?PCF85063BTL
  +--> ?PR?_DELAY_MS?KEYPAD
  +--> ?PR?_DISPLAY_LINE?LCD_DRIVER_SPLC780D
  +--> ?PR?_WRITEDATA?LCD_DRIVER_SPLC780D
  +--> ?PR?INITUART1?UART1
  +--> ?PR?UART1_INITTCPCONN?UART1
  +--> ?CO?MAIN
  +--> ?PR?_UART1_SENDTOTCPSERVER?UART1
  +--> ?PR?KEY_PROCESS?KEYPAD
  +--> ?PR?_COMMAND?LCD_DRIVER_SPLC780D
  +--> ?PR?_DISPLAY_POS?LCD_DRIVER_SPLC780D
  +--> ?PR?_DISPLAYLCD?LCD_DRIVER_SPLC780D
  +--> ?PR?_STEP_MOVE?BIPOLARMOTOR
  +--> ?PR?LCD_RETURN_HOME?LCD_DRIVER_SPLC780D
  +--> ?PR?_READ_TIME?PCF85063BTL
  +--> ?PR?_BCDTODEC1?BIPOLARMOTOR
  +--> ?PR?_SENDSTRING?UART1
  +--> ?PR?_ELEVATION_CALCULATION?BIPOLARMOTOR
  +--> ?PR?PRINTF?PRINTF
  +--> ?PR?SIN?SIN
  +--> ?PR?_CALIBRATION?CALIBRATION
  +--> ?PR?_UPDATE_POSITION?BIPOLARMOTOR
  +--> ?PR?AT25SF041_WRITEENABLE?AT25SF041
  +--> ?PR?_AT25SF041_WRITE?AT25SF041
  +--> ?PR?_WAIT_MS_SPINOR?AT25SF041
  +--> ?PR?_ADC_GETRESULT?ADC
  +--> ?PR?SPI_NOR_WRITE_DATA?AT25SF041
  +--> ?PR?_WAIT_MS?LCD_DRIVER_SPLC780D
  +--> ?PR?LINEAR_INTERPOLATE?BIPOLARMOTOR
  +--> ?PR?_FINDCLOSESTSAMEDAYCALIBTIME?CALI...
BL51 BANKED LINKER/LOCATER V6.22                                                      07/31/2019  17:51:42  PAGE 6


  +--> ?PR?LCD_CLEAR?LCD_DRIVER_SPLC780D
  +--> ?PR?AT25SF041_CHIPERASE?AT25SF041

?PR?LCD_INIT?LCD_DRIVER_SPLC780D                 -----    -----      -----    -----      -----    -----
  +--> ?PR?_WAIT_MS?LCD_DRIVER_SPLC780D
  +--> ?PR?_COMMAND?LCD_DRIVER_SPLC780D

?PR?_COMMAND?LCD_DRIVER_SPLC780D                 -----    -----      -----    -----      -----    -----
  +--> ?PR?_WAIT_MS?LCD_DRIVER_SPLC780D

?PR?SI1120_CONFIG_MODE_VIRH?SI1120               -----    -----      -----    -----      -----    -----
  +--> ?PR?_WAIT_MS?LCD_DRIVER_SPLC780D

?PR?_SPI_WRITETIME?PCF85063BTL                   -----    -----      -----    -----      -----    -----
  +--> ?PR?_SPI_SENDBYTE?PCF85063BTL

?PR?_SPI_SENDBYTE?PCF85063BTL                    -----    -----      -----    -----      -----    -----
  +--> ?PR?_PCF85063BTL_DELAY?PCF85063BTL

?PR?_DISPLAY_LINE?LCD_DRIVER_SPLC780D            -----    -----      -----    -----      -----    -----
  +--> ?PR?_COMMAND?LCD_DRIVER_SPLC780D

?PR?_WRITEDATA?LCD_DRIVER_SPLC780D               -----    -----      -----    -----      04F4H    0001H
  +--> ?PR?_WAIT_MS?LCD_DRIVER_SPLC780D

?PR?UART1_INITTCPCONN?UART1                      -----    -----      -----    -----      -----    -----
  +--> ?CO?UART1
  +--> ?PR?_SENDSTRING?UART1

?PR?_SENDSTRING?UART1                            -----    -----      -----    -----      04E9H    0003H
  +--> ?PR?_SENDUART1?MAIN

?PR?_UART1_SENDTOTCPSERVER?UART1                 -----    -----      -----    -----      03F8H    0003H
  +--> ?CO?UART1
  +--> ?PR?_SENDSTRING?UART1
  +--> ?PR?_DELAY_MS?KEYPAD

?PR?KEY_PROCESS?KEYPAD                           -----    -----      -----    -----      03F8H    0006H
  +--> ?PR?KEY_SCAN?KEYPAD
  +--> ?PR?_SPI_WRITETIME?PCF85063BTL
  +--> ?PR?LCD_CLEAR?LCD_DRIVER_SPLC780D
  +--> ?PR?_COMMAND?LCD_DRIVER_SPLC780D
  +--> ?PR?_WRITEDATA?LCD_DRIVER_SPLC780D

?PR?KEY_SCAN?KEYPAD                              -----    -----      -----    -----      03FEH    0003H

?PR?LCD_CLEAR?LCD_DRIVER_SPLC780D                -----    -----      -----    -----      -----    -----
  +--> ?PR?_COMMAND?LCD_DRIVER_SPLC780D

?PR?_DISPLAY_POS?LCD_DRIVER_SPLC780D             -----    -----      -----    -----      04E9H    000BH
  +--> ?PR?_ABS?ABS
  +--> ?PR?_WRITEDATA?LCD_DRIVER_SPLC780D

?PR?_DISPLAYLCD?LCD_DRIVER_SPLC780D              -----    -----      -----    -----      03F8H    0001H
  +--> ?PR?_WRITEDATA?LCD_DRIVER_SPLC780D

?PR?_STEP_MOVE?BIPOLARMOTOR                      0020H.2  0000H.1    -----    -----      04EDH    0004H
BL51 BANKED LINKER/LOCATER V6.22                                                      07/31/2019  17:51:42  PAGE 7


  +--> ?PR?VONESTEPMOVE?BIPOLARMOTOR

?PR?VONESTEPMOVE?BIPOLARMOTOR                    0020H.3  0000H.1    -----    -----      -----    -----
  +--> ?PR?_WRITE_PI4IOE5V96248?IOEXPANDER_P...
  +--> ?PR?_DELAY_MS?KEYPAD

?PR?_WRITE_PI4IOE5V96248?IOEXPANDER_P...         -----    -----      -----    -----      04F1H    0003H
  +--> ?PR?I2C_START?IOEXPANDER_PI4IOE5V96248
  +--> ?PR?_WAIT_MS_I2C?IOEXPANDER_PI4IOE5V9...
  +--> ?PR?_I2C_SENDBYTE?IOEXPANDER_PI4IOE5V...
  +--> ?PR?I2C_ACK?IOEXPANDER_PI4IOE5V96248
  +--> ?PR?I2C_STOP?IOEXPANDER_PI4IOE5V96248

?PR?I2C_START?IOEXPANDER_PI4IOE5V96248           -----    -----      -----    -----      -----    -----
  +--> ?PR?_WAIT_MS_I2C?IOEXPANDER_PI4IOE5V9...

?PR?_I2C_SENDBYTE?IOEXPANDER_PI4IOE5V...         -----    -----      -----    -----      -----    -----
  +--> ?PR?_WAIT_MS_I2C?IOEXPANDER_PI4IOE5V9...

?PR?I2C_ACK?IOEXPANDER_PI4IOE5V96248             -----    -----      -----    -----      04F4H    0001H
  +--> ?PR?_WAIT_MS_I2C?IOEXPANDER_PI4IOE5V9...

?PR?I2C_STOP?IOEXPANDER_PI4IOE5V96248            -----    -----      -----    -----      -----    -----
  +--> ?PR?_WAIT_MS_I2C?IOEXPANDER_PI4IOE5V9...

?PR?LCD_RETURN_HOME?LCD_DRIVER_SPLC780D          -----    -----      -----    -----      -----    -----
  +--> ?PR?_COMMAND?LCD_DRIVER_SPLC780D

?PR?_READ_TIME?PCF85063BTL                       -----    -----      -----    -----      04E9H    000FH
  +--> ?PR?_SPI_READTIME?PCF85063BTL

?PR?_SPI_READTIME?PCF85063BTL                    -----    -----      -----    -----      -----    -----
  +--> ?PR?_SPI_SENDBYTE?PCF85063BTL
  +--> ?PR?SPI_RECEIVEBYTE?PCF85063BTL

?PR?SPI_RECEIVEBYTE?PCF85063BTL                  -----    -----      -----    -----      -----    -----
  +--> ?PR?_PCF85063BTL_DELAY?PCF85063BTL

?PR?_ELEVATION_CALCULATION?BIPOLARMOTOR          -----    -----      -----    -----      03F8H    0005H
  +--> ?PR?_BCDTODEC1?BIPOLARMOTOR
  +--> ?PR?SUNPOS?SUNPOS
  +--> ?PR?SIN?SIN
  +--> ?PR?ASIN?ASIN

?PR?SUNPOS?SUNPOS                                -----    -----      -----    -----      0442H    005DH
  +--> ?PR?SIN?SIN
  +--> ?PR?_ATAN2?ATAN2
  +--> ?PR?ASIN?ASIN
  +--> ?PR?ACOS?ACOS

?PR?SIN?SIN                                      0020H.1  0000H.1    -----    -----      049FH    0004H

?PR?_ATAN2?ATAN2                                 -----    -----      -----    -----      049FH    0008H
  +--> ?PR?ATAN?ATAN

?PR?ATAN?ATAN                                    0020H.1  0000H.2    -----    -----      04A7H    0004H

BL51 BANKED LINKER/LOCATER V6.22                                                      07/31/2019  17:51:42  PAGE 8


?PR?ASIN?ASIN                                    -----    -----      -----    -----      -----    -----
  +--> ?PR?SQRT?SQRT
  +--> ?PR?ATAN?ATAN

?PR?SQRT?SQRT                                    -----    -----      -----    -----      049FH    0004H

?PR?ACOS?ACOS                                    -----    -----      -----    -----      -----    -----
  +--> ?PR?SQRT?SQRT
  +--> ?PR?ATAN?ATAN

?PR?PRINTF?PRINTF                                0020H.1  0001H.1    0008H    0005H      04E9H    0030H
  +--> ?PR?PUTCHAR?PUTCHAR

?PR?_CALIBRATION?CALIBRATION                     -----    -----      -----    -----      03F8H    0024H
  +--> ?PR?VOLTAGE_IS_STABLE?CALIBRATION
  +--> ?PR?_UPDATE_POSITION?BIPOLARMOTOR
  +--> ?PR?_FIND_REAL_MAX?CALIBRATION

?PR?VOLTAGE_IS_STABLE?CALIBRATION                -----    -----      -----    -----      041CH    0018H
  +--> ?PR?_ADC_GETRESULT?ADC
  +--> ?PR?_ABS?ABS

?PR?_UPDATE_POSITION?BIPOLARMOTOR                -----    -----      -----    -----      041CH    0026H
  +--> ?PR?_BCDTODEC1?BIPOLARMOTOR
  +--> ?PR?SUNPOS?SUNPOS
  +--> ?PR?SIN?SIN
  +--> ?PR?ASIN?ASIN
  +--> ?PR?_THEORICALJP_POSITION?BIPOLARMOTOR
  +--> ?PR?_FABS?FABS
  +--> ?PR?_MOVE?BIPOLARMOTOR

?PR?_THEORICALJP_POSITION?BIPOLARMOTOR           -----    -----      -----    -----      0442H    005CH
  +--> ?PR?LINEAR_INTERPOLATE?BIPOLARMOTOR

?PR?LINEAR_INTERPOLATE?BIPOLARMOTOR              -----    -----      -----    -----      049EH    0014H

?PR?_MOVE?BIPOLARMOTOR                           0020H.1  0000H.1    -----    -----      04E9H    0004H
  +--> ?PR?_STEP_MOVE?BIPOLARMOTOR

?PR?_FIND_REAL_MAX?CALIBRATION                   -----    -----      -----    -----      041CH    00CDH
  +--> ?PR?_ADC_GETRESULT?ADC
  +--> ?PR?_WAIT_MS?LCD_DRIVER_SPLC780D
  +--> ?CO?CALIBRATION
  +--> ?PR?PRINTF?PRINTF
  +--> ?PR?_SENDSTRING?UART1
  +--> ?PR?_COMMAND?LCD_DRIVER_SPLC780D
  +--> ?PR?_WRITEDATA?LCD_DRIVER_SPLC780D
  +--> ?PR?_DISPLAY_POS?LCD_DRIVER_SPLC780D
  +--> ?PR?_MOVE?BIPOLARMOTOR
  +--> ?PR?_READ_TIME?PCF85063BTL
  +--> ?PR?_BCDTODEC1?BIPOLARMOTOR
  +--> ?PR?_MAX_VALUE?CALIBRATION

?PR?_MAX_VALUE?CALIBRATION                       -----    -----      -----    -----      04E9H    0004H

?PR?AT25SF041_WRITEENABLE?AT25SF041              -----    -----      -----    -----      0406H    0002H
  +--> ?PR?_WAIT_MS_SPINOR?AT25SF041
BL51 BANKED LINKER/LOCATER V6.22                                                      07/31/2019  17:51:42  PAGE 9


  +--> ?PR?UCREAD_STATUS_REGISTER_BYTE1?AT25...

?PR?UCREAD_STATUS_REGISTER_BYTE1?AT25...         -----    -----      -----    -----      040EH    0003H
  +--> ?PR?_WAIT_MS_SPINOR?AT25SF041

?PR?_AT25SF041_WRITE?AT25SF041                   -----    -----      -----    -----      0406H    0008H
  +--> ?PR?_WAIT_MS_SPINOR?AT25SF041
  +--> ?PR?UCREAD_STATUS_REGISTER_BYTE1?AT25...

?PR?SPI_NOR_WRITE_DATA?AT25SF041                 -----    -----      -----    -----      03F8H    000EH
  +--> ?PR?AT25SF041_WRITEENABLE?AT25SF041
  +--> ?PR?_AT25SF041_WRITE?AT25SF041
  +--> ?PR?_WAIT_MS_SPINOR?AT25SF041

?PR?AT25SF041_CHIPERASE?AT25SF041                -----    -----      -----    -----      03F8H    0002H
  +--> ?PR?_WAIT_MS_SPINOR?AT25SF041
  +--> ?PR?UCREAD_STATUS_REGISTER_BYTE1?AT25...



SYMBOL TABLE OF MODULE:  .\Obj\GPIO_RTC_Test (MAIN)

  VALUE           TYPE          NAME
  ----------------------------------

  -------         MODULE        MAIN
  C:0000H         SYMBOL        _ICE_DUMMY_
  X:0521H         PUBLIC        calib_value
  D:0080H         PUBLIC        P0
  D:0090H         PUBLIC        P1
  D:00A0H         PUBLIC        P2
  D:00B0H         PUBLIC        P3
  D:00C0H         PUBLIC        P4
  D:00C8H         PUBLIC        P5
  X:0575H         SYMBOL        PressedKey
  B:00A8H.7       PUBLIC        EA
  D:00E8H         PUBLIC        P6
  X:0579H         PUBLIC        calib_stamp
  D:00F8H         PUBLIC        P7
  X:057AH         PUBLIC        sTempString
  X:0583H         PUBLIC        calib_bool
  X:05ADH         PUBLIC        pwm_time_min
  D:00A8H         PUBLIC        IE
  X:05B1H         PUBLIC        calib_time
  X:0605H         PUBLIC        pwm_time_max
  B:0090H.7       PUBLIC        Connect_Electronics_Load
  D:00B8H         PUBLIC        IP
  B:0098H.0       PUBLIC        RI
  B:00B0H.2       PUBLIC        INT0
  X:0609H         PUBLIC        months
  B:0098H.1       PUBLIC        TI
  C:000EH         PUBLIC        Uart
  D:00D8H         PUBLIC        CCON
  C:0026H         PUBLIC        main
  X:060AH         PUBLIC        count
  B:0090H.2       PUBLIC        Connect_IV_Load
  D:0099H         PUBLIC        SBUF
BL51 BANKED LINKER/LOCATER V6.22                                                      07/31/2019  17:51:42  PAGE 10


  X:060CH         PUBLIC        days
  X:060DH         PUBLIC        hours
  D:0098H         PUBLIC        SCON
  D:0089H         PUBLIC        TMOD
  D:0088H         PUBLIC        TCON
  B:00A0H.3       PUBLIC        P23
  X:060EH         SYMBOL        KeyCount
  X:0610H         PUBLIC        mins
  B:00C8H.5       PUBLIC        P55
  D:008EH         PUBLIC        AUXR
  C:6204H         PUBLIC        tm0_isr
  B:0090H.5       PUBLIC        SI1120_STX
  C:6434H         PUBLIC        tm1_isr
  B:0021H.2       PUBLIC        busy
  D:00E0H         PUBLIC        ACC
  B:00A8H.1       PUBLIC        ET0
  B:00A8H.3       PUBLIC        ET1
  X:0611H         PUBLIC        SPI_NOR_INTERNAL_FLASH_ADDR
  D:008CH         PUBLIC        TH0
  D:008DH         PUBLIC        TH1
  D:008AH         PUBLIC        TL0
  D:008BH         PUBLIC        TL1
  B:0088H.4       PUBLIC        TR0
  B:0088H.6       PUBLIC        TR1
  X:0615H         PUBLIC        old_mins
  C:53A5H         PUBLIC        exint0
  X:0616H         SYMBOL        KeyNum
  X:0617H         SYMBOL        KeyNum_Old
  X:0618H         PUBLIC        timer0_count
  X:061AH         PUBLIC        current_position
  X:061EH         PUBLIC        pwm_time
  X:0622H         PUBLIC        start_timer0_count
  X:0623H         PUBLIC        seconds
  D:00D0H         PUBLIC        PSW
  C:643DH         PUBLIC        _SendUART1
  -------         PROC          TM0_ISR
  C:6204H         LINE#         105
  C:620AH         LINE#         109
  C:620DH         LINE#         110
  C:6210H         LINE#         111
  C:621EH         LINE#         112
  -------         ENDPROC       TM0_ISR
  -------         PROC          TM1_ISR
  C:6434H         LINE#         113
  C:6434H         LINE#         115
  C:6436H         LINE#         117
  C:6439H         LINE#         118
  C:643CH         LINE#         119
  -------         ENDPROC       TM1_ISR
  -------         PROC          EXINT0
  C:53A5H         LINE#         120
  C:53C2H         LINE#         124
  C:53C5H         LINE#         125
  C:53C5H         LINE#         126
  C:53C8H         LINE#         127
  C:53CBH         LINE#         128
  C:53CDH         LINE#         129
BL51 BANKED LINKER/LOCATER V6.22                                                      07/31/2019  17:51:42  PAGE 11


  C:53CFH         LINE#         133
  C:53D2H         LINE#         136
  C:53D2H         LINE#         137
  C:53D4H         LINE#         139
  C:53E0H         LINE#         140
  C:543AH         LINE#         141
  C:5478H         LINE#         142
  C:547FH         LINE#         147
  C:547FH         LINE#         149
  -------         ENDPROC       EXINT0
  -------         PROC          MAIN
  -------         DO            
  X:0519H         SYMBOL        KeyCount
  X:051BH         SYMBOL        KeyNum_Old
  X:051CH         SYMBOL        KeyNum
  X:051DH         SYMBOL        PressedKey
  X:03CAH         SYMBOL        prox_flag
  X:03CBH         SYMBOL        iUse_prevday_calib_value
  X:03CDH         SYMBOL        max_ADC_Val_JP
  X:03CFH         SYMBOL        max_ADC_Val
  X:03D1H         SYMBOL        calib_point1
  X:03D9H         SYMBOL        calib_point2
  X:03E1H         SYMBOL        dat_to_store
  X:03ECH         SYMBOL        calib_day
  X:03EEH         SYMBOL        calib_count
  X:03F0H         SYMBOL        theorical_JP_max_pos
  X:03F4H         SYMBOL        elevation
  -------         ENDDO         
  C:0026H         LINE#         151
  C:0026H         LINE#         152
  C:0026H         LINE#         157
  C:002CH         LINE#         158
  C:0031H         LINE#         160
  C:0039H         LINE#         164
  C:003FH         LINE#         165
  C:0049H         LINE#         176
  C:0051H         LINE#         177
  C:0058H         LINE#         178
  C:005EH         LINE#         180
  C:0064H         LINE#         192
  C:0067H         LINE#         193
  C:006AH         LINE#         194
  C:006DH         LINE#         196
  C:0070H         LINE#         199
  C:0073H         LINE#         200
  C:0076H         LINE#         202
  C:0079H         LINE#         204
  C:007CH         LINE#         205
  C:007FH         LINE#         206
  C:0082H         LINE#         207
  C:0084H         LINE#         208
  C:0086H         LINE#         209
  C:0089H         LINE#         210
  C:008BH         LINE#         211
  C:008DH         LINE#         213
  C:008FH         LINE#         214
  C:0096H         LINE#         215
BL51 BANKED LINKER/LOCATER V6.22                                                      07/31/2019  17:51:42  PAGE 12


  C:009DH         LINE#         216
  C:00A4H         LINE#         217
  C:00ABH         LINE#         221
  C:00B2H         LINE#         222
  C:00B7H         LINE#         223
  C:00BCH         LINE#         224
  C:00C1H         LINE#         225
  C:00C6H         LINE#         226
  C:00CBH         LINE#         229
  C:00E4H         LINE#         230
  C:00E4H         LINE#         231
  C:0100H         LINE#         232
  C:0147H         LINE#         233
  C:0158H         LINE#         234
  C:015BH         LINE#         237
  C:0162H         LINE#         240
  C:0165H         LINE#         242
  C:016CH         LINE#         243
  C:0175H         LINE#         246
  C:0175H         LINE#         247
  C:0175H         LINE#         248
  C:0178H         LINE#         258
  C:0178H         LINE#         262
  C:017DH         LINE#         263
  C:0182H         LINE#         265
  C:0187H         LINE#         267
  C:018CH         LINE#         268
  C:0191H         LINE#         271
  C:01A2H         LINE#         273
  C:01A7H         LINE#         274
  C:01ACH         LINE#         276
  C:01B3H         LINE#         277
  C:01BBH         LINE#         278
  C:01C0H         LINE#         279
  C:01C8H         LINE#         280
  C:01CDH         LINE#         281
  C:01D7H         LINE#         282
  C:01DCH         LINE#         283
  C:01E4H         LINE#         285
  C:01ECH         LINE#         286
  C:01F1H         LINE#         287
  C:01FBH         LINE#         288
  C:01FBH         LINE#         289
  C:01FDH         LINE#         290
  C:01FFH         LINE#         291
  C:0209H         LINE#         292
  C:0209H         LINE#         293
  C:020EH         LINE#         294
  C:020EH         LINE#         306
  C:0222H         LINE#         307
  C:0222H         LINE#         308
  C:0237H         LINE#         309
  C:0246H         LINE#         310
  C:0246H         LINE#         311
  C:0259H         LINE#         312
  C:025BH         LINE#         314
  C:025BH         LINE#         315
BL51 BANKED LINKER/LOCATER V6.22                                                      07/31/2019  17:51:42  PAGE 13


  C:0277H         LINE#         316
  C:0277H         LINE#         317
  C:027CH         LINE#         318
  C:027CH         LINE#         319
  C:0290H         LINE#         320
  C:0290H         LINE#         323
  C:02A5H         LINE#         324
  C:02B4H         LINE#         325
  C:02B4H         LINE#         326
  C:02C7H         LINE#         327
  C:02C9H         LINE#         329
  C:02C9H         LINE#         330
  C:02E5H         LINE#         331
  C:02E5H         LINE#         332
  C:02EAH         LINE#         333
  C:02F0H         LINE#         334
  C:02F0H         LINE#         336
  C:0312H         LINE#         337
  C:0312H         LINE#         338
  C:031CH         LINE#         339
  C:0322H         LINE#         340
  C:0329H         LINE#         341
  C:032FH         LINE#         342
  C:0336H         LINE#         343
  C:0336H         LINE#         344
  C:0339H         LINE#         346
  C:0339H         LINE#         351
  C:0341H         LINE#         352
  C:037CH         LINE#         353
  C:039AH         LINE#         354
  C:039AH         LINE#         356
  C:03A3H         LINE#         357
  C:03AAH         LINE#         358
  C:03B3H         LINE#         359
  C:03BAH         LINE#         361
  C:03BAH         LINE#         365
  C:03C7H         LINE#         366
  C:03C7H         LINE#         369
  C:03CEH         LINE#         370
  C:03DFH         LINE#         373
  C:03DFH         LINE#         374
  C:0407H         LINE#         375
  C:0407H         LINE#         376
  C:0429H         LINE#         377
  C:0429H         LINE#         379
  C:044FH         LINE#         380
  C:04A5H         LINE#         381
  C:04AEH         LINE#         382
  C:04B5H         LINE#         383
  C:04BEH         LINE#         384
  C:04C7H         LINE#         385
  C:04CEH         LINE#         389
  C:050BH         LINE#         397
  C:050BH         LINE#         399
  C:0587H         LINE#         400
  C:05A0H         LINE#         401
  C:05A2H         LINE#         402
BL51 BANKED LINKER/LOCATER V6.22                                                      07/31/2019  17:51:42  PAGE 14


  C:05A4H         LINE#         404
  C:062EH         LINE#         409
  C:065FH         LINE#         410
  C:065FH         LINE#         412
  C:0695H         LINE#         413
  C:06B8H         LINE#         414
  C:06CDH         LINE#         417
  C:06CDH         LINE#         418
  C:06D0H         LINE#         420
  C:06D0H         LINE#         422
  C:06D7H         LINE#         423
  C:06D7H         LINE#         424
  C:06DAH         LINE#         425
  C:06F8H         LINE#         426
  C:06FFH         LINE#         427
  C:071EH         LINE#         428
  C:073DH         LINE#         430
  C:07B9H         LINE#         431
  C:07D1H         LINE#         433
  C:07D3H         LINE#         434
  C:07D5H         LINE#         435
  C:082DH         LINE#         436
  C:0868H         LINE#         437
  C:0875H         LINE#         438
  C:0884H         LINE#         439
  C:0884H         LINE#         441
  C:088CH         LINE#         442
  C:0894H         LINE#         443
  C:089CH         LINE#         444
  C:08A4H         LINE#         446
  C:08B8H         LINE#         447
  C:08CEH         LINE#         448
  C:08FEH         LINE#         449
  C:091EH         LINE#         451
  C:0932H         LINE#         452
  C:0948H         LINE#         453
  C:0978H         LINE#         454
  C:097FH         LINE#         456
  C:09A3H         LINE#         459
  C:09CEH         LINE#         461
  C:09D7H         LINE#         462
  C:09DEH         LINE#         463
  C:09E7H         LINE#         464
  C:09F0H         LINE#         465
  C:09F7H         LINE#         467
  C:0A34H         LINE#         469
  C:0A3DH         LINE#         470
  C:0A44H         LINE#         471
  C:0A4DH         LINE#         472
  C:0A56H         LINE#         473
  C:0A5DH         LINE#         475
  C:0A88H         LINE#         477
  C:0A91H         LINE#         478
  C:0A98H         LINE#         479
  C:0AA1H         LINE#         480
  C:0AAAH         LINE#         481
  C:0AB1H         LINE#         483
BL51 BANKED LINKER/LOCATER V6.22                                                      07/31/2019  17:51:42  PAGE 15


  C:0ADCH         LINE#         485
  C:0AE5H         LINE#         486
  C:0AECH         LINE#         487
  C:0AF5H         LINE#         488
  C:0AFCH         LINE#         489
  C:0B05H         LINE#         490
  C:0B0CH         LINE#         492
  C:0B0EH         LINE#         494
  C:0B1CH         LINE#         495
  C:0B1CH         LINE#         496
  C:0B24H         LINE#         498
  C:0B24H         LINE#         501
  C:0B24H         LINE#         503
  C:0B49H         LINE#         504
  C:0B49H         LINE#         505
  C:0B6BH         LINE#         506
  C:0B6BH         LINE#         507
  C:0BE7H         LINE#         508
  C:0BE9H         LINE#         509
  C:0BEBH         LINE#         511
  C:0C43H         LINE#         514
  C:0C52H         LINE#         515
  C:0C52H         LINE#         516
  C:0C52H         LINE#         517
  C:0C52H         LINE#         518
  C:0C52H         LINE#         519
  C:0C52H         LINE#         520
  C:0C52H         LINE#         521
  C:0C52H         LINE#         524
  C:0C52H         LINE#         526
  C:0C52H         LINE#         527
  C:0C52H         LINE#         528
  C:0C52H         LINE#         529
  C:0C52H         LINE#         533
  C:0C52H         LINE#         535
  C:0C52H         LINE#         537
  C:0C52H         LINE#         538
  C:0C52H         LINE#         539
  C:0C52H         LINE#         540
  C:0C52H         LINE#         541
  C:0C52H         LINE#         542
  C:0C52H         LINE#         545
  C:0C52H         LINE#         547
  C:0C52H         LINE#         548
  C:0C52H         LINE#         549
  C:0C52H         LINE#         550
  C:0C52H         LINE#         551
  C:0C52H         LINE#         552
  C:0C52H         LINE#         553
  C:0C52H         LINE#         555
  C:0C55H         LINE#         558
  C:0C7CH         LINE#         559
  C:0C7CH         LINE#         562
  C:0C9EH         LINE#         563
  C:0C9EH         LINE#         564
  C:0D1AH         LINE#         566
  C:0D47H         LINE#         567
BL51 BANKED LINKER/LOCATER V6.22                                                      07/31/2019  17:51:42  PAGE 16


  C:0D62H         LINE#         568
  C:0D8FH         LINE#         569
  C:0D91H         LINE#         570
  C:0D93H         LINE#         572
  C:0DC6H         LINE#         573
  C:0DC6H         LINE#         574
  C:0DF0H         LINE#         575
  C:0E58H         LINE#         576
  C:0E5AH         LINE#         578
  C:0E5AH         LINE#         579
  C:0EBDH         LINE#         580
  C:0EBDH         LINE#         583
  C:0ECCH         LINE#         584
  C:0ECCH         LINE#         585
  C:0F4AH         LINE#         586
  C:0F53H         LINE#         587
  C:0F5AH         LINE#         588
  C:0F63H         LINE#         589
  C:0F6CH         LINE#         590
  C:0F73H         LINE#         593
  C:0F9EH         LINE#         595
  C:0FA7H         LINE#         596
  C:0FAEH         LINE#         597
  C:0FB7H         LINE#         598
  C:0FC0H         LINE#         602
  C:0FC7H         LINE#         604
  C:0FF2H         LINE#         606
  C:0FFBH         LINE#         607
  C:1002H         LINE#         608
  C:100BH         LINE#         609
  C:1012H         LINE#         611
  C:101BH         LINE#         612
  C:1022H         LINE#         615
  C:1060H         LINE#         617
  C:1069H         LINE#         618
  C:1070H         LINE#         619
  C:1079H         LINE#         620
  C:1082H         LINE#         621
  C:1089H         LINE#         622
  C:1089H         LINE#         624
  C:1089H         LINE#         626
  C:1089H         LINE#         627
  C:1089H         LINE#         629
  C:1089H         LINE#         632
  C:10A5H         LINE#         633
  C:10A5H         LINE#         634
  C:10A7H         LINE#         636
  C:10A9H         LINE#         638
  C:10A9H         LINE#         639
  C:10ABH         LINE#         641
  C:10ABH         LINE#         643
  C:10BAH         LINE#         644
  C:10BAH         LINE#         645
  C:10BDH         LINE#         646
  C:10C4H         LINE#         647
  C:10C9H         LINE#         648
  C:10CEH         LINE#         649
BL51 BANKED LINKER/LOCATER V6.22                                                      07/31/2019  17:51:42  PAGE 17


  C:10D3H         LINE#         650
  C:10D8H         LINE#         651
  C:10DDH         LINE#         661
  C:10E0H         LINE#         663
  C:10E3H         LINE#         664
  C:10EAH         LINE#         665
  C:10F4H         LINE#         666
  C:10FBH         LINE#         668
  C:10FEH         LINE#         677
  C:10FEH         LINE#         678
  -------         ENDPROC       MAIN
  -------         PROC          UART
  C:000EH         LINE#         692
  C:000EH         LINE#         694
  C:0011H         LINE#         695
  C:0011H         LINE#         696
  C:0013H         LINE#         698
  C:0013H         LINE#         699
  C:0016H         LINE#         700
  C:0016H         LINE#         701
  C:0018H         LINE#         702
  C:001AH         LINE#         703
  C:001AH         LINE#         704
  -------         ENDPROC       UART
  -------         PROC          _SENDUART1
  D:0007H         SYMBOL        dat
  C:643DH         LINE#         706
  C:643DH         LINE#         707
  C:643DH         LINE#         708
  C:6440H         LINE#         709
  C:6442H         LINE#         710
  C:6443H         LINE#         711
  C:6445H         LINE#         712
  -------         ENDPROC       _SENDUART1
  -------         ENDMOD        MAIN

  -------         MODULE        PCF85063BTL
  C:0000H         SYMBOL        _ICE_DUMMY_
  D:0096H         PUBLIC        P2M0
  D:0080H         PUBLIC        P0
  D:0095H         PUBLIC        P2M1
  D:0090H         PUBLIC        P1
  D:00A0H         PUBLIC        P2
  D:00B0H         PUBLIC        P3
  D:00C0H         PUBLIC        P4
  D:00C8H         PUBLIC        P5
  D:00E8H         PUBLIC        P6
  B:00A0H.1       PUBLIC        PCF85063BTL_SDI
  D:00F8H         PUBLIC        P7
  B:00A0H.2       PUBLIC        PCF85063BTL_SCK
  B:00A0H.1       PUBLIC        PCF85063BTL_SDO
  D:00A8H         PUBLIC        IE
  C:5CBFH         PUBLIC        _Read_time
  C:635FH         PUBLIC        _PCF85063BTL_Delay
  D:00B8H         PUBLIC        IP
  D:00D8H         PUBLIC        CCON
  C:5B4CH         PUBLIC        _Day_Of_Year
BL51 BANKED LINKER/LOCATER V6.22                                                      07/31/2019  17:51:42  PAGE 18


  C:6245H         PUBLIC        SPI_ReceiveByte
  D:0098H         PUBLIC        SCON
  D:0088H         PUBLIC        TCON
  C:6392H         PUBLIC        _BCDtoDec
  B:00A0H.0       PUBLIC        PCF85063BTL_CS
  C:6381H         PUBLIC        _SPI_ReadTime
  C:63E1H         PUBLIC        SPI_Init
  C:62D5H         PUBLIC        _SPI_WriteTime
  C:6225H         PUBLIC        _SPI_SendByte
  D:00D0H         PUBLIC        PSW
  C:635BH         SYMBOL        L?0048
  -------         PROC          L?0047
  -------         ENDPROC       L?0047
  C:635BH         SYMBOL        L?0048
  -------         PROC          _PCF85063BTL_DELAY
  D:0006H         SYMBOL        us
  C:635FH         LINE#         8
  C:635FH         LINE#         9
  C:635FH         LINE#         10
  C:6369H         LINE#         11
  C:6369H         LINE#         12
  C:636AH         LINE#         13
  C:636CH         LINE#         14
  -------         ENDPROC       _PCF85063BTL_DELAY
  -------         PROC          _SPI_SENDBYTE
  D:0005H         SYMBOL        dat
  -------         DO            
  D:0003H         SYMBOL        i
  -------         ENDDO         
  C:6225H         LINE#         17
  C:6227H         LINE#         18
  C:6227H         LINE#         20
  C:6229H         LINE#         21
  C:6229H         LINE#         22
  C:622BH         LINE#         23
  C:622FH         LINE#         24
  C:622FH         LINE#         25
  C:6231H         LINE#         26
  C:6233H         LINE#         28
  C:6233H         LINE#         29
  C:6235H         LINE#         30
  C:6235H         LINE#         31
  C:6238H         LINE#         32
  C:6238H         LINE#         33
  C:623BH         LINE#         34
  C:623FH         LINE#         35
  C:6244H         LINE#         36
  -------         ENDPROC       _SPI_SENDBYTE
  -------         PROC          SPI_RECEIVEBYTE
  -------         DO            
  D:0003H         SYMBOL        i
  D:0005H         SYMBOL        dat
  -------         ENDDO         
  C:6245H         LINE#         39
  C:6245H         LINE#         40
  C:6245H         LINE#         42
  C:6247H         LINE#         44
BL51 BANKED LINKER/LOCATER V6.22                                                      07/31/2019  17:51:42  PAGE 19


  C:6249H         LINE#         45
  C:624AH         LINE#         46
  C:624AH         LINE#         47
  C:624EH         LINE#         48
  C:6250H         LINE#         49
  C:6253H         LINE#         51
  C:6256H         LINE#         52
  C:6256H         LINE#         53
  C:625AH         LINE#         54
  C:625AH         LINE#         55
  C:625AH         LINE#         56
  C:625DH         LINE#         57
  C:6262H         LINE#         58
  C:6264H         LINE#         59
  -------         ENDPROC       SPI_RECEIVEBYTE
  -------         PROC          _SPI_READTIME
  D:0007H         SYMBOL        addr
  -------         DO            
  D:0006H         SYMBOL        dat
  -------         ENDDO         
  C:6381H         LINE#         61
  C:6381H         LINE#         62
  C:6381H         LINE#         64
  C:6383H         LINE#         65
  C:6385H         LINE#         66
  C:638CH         LINE#         67
  C:638FH         LINE#         68
  C:6391H         LINE#         69
  C:6391H         LINE#         70
  -------         ENDPROC       _SPI_READTIME
  -------         PROC          _SPI_WRITETIME
  D:0002H         SYMBOL        val
  D:0005H         SYMBOL        addr
  C:62D5H         LINE#         71
  C:62D7H         LINE#         72
  C:62D7H         LINE#         74
  C:62D9H         LINE#         75
  C:62E0H         LINE#         76
  C:62E5H         LINE#         77
  C:62EAH         LINE#         78
  C:62ECH         LINE#         79
  -------         ENDPROC       _SPI_WRITETIME
  -------         PROC          SPI_INIT
  C:63E1H         LINE#         83
  C:63E1H         LINE#         84
  C:63E1H         LINE#         89
  C:63E4H         LINE#         90
  C:63E7H         LINE#         91
  C:63E9H         LINE#         92
  C:63EBH         LINE#         93
  C:63EDH         LINE#         94
  -------         ENDPROC       SPI_INIT
  -------         PROC          _READ_TIME
  X:04E9H         SYMBOL        months
  X:04ECH         SYMBOL        days
  X:04EFH         SYMBOL        hours
  X:04F2H         SYMBOL        mins
BL51 BANKED LINKER/LOCATER V6.22                                                      07/31/2019  17:51:42  PAGE 20


  X:04F5H         SYMBOL        seconds
  C:5CBFH         LINE#         96
  C:5CCAH         LINE#         97
  C:5CCAH         LINE#         99
  C:5CDEH         LINE#         101
  C:5CF2H         LINE#         103
  C:5D06H         LINE#         108
  C:5D1AH         LINE#         113
  -------         ENDPROC       _READ_TIME
  -------         PROC          _BCDTODEC
  D:0007H         SYMBOL        bcd
  -------         DO            
  D:0006H         SYMBOL        hi
  D:0007H         SYMBOL        lo
  -------         ENDDO         
  C:6392H         LINE#         119
  C:6392H         LINE#         120
  C:6392H         LINE#         122
  C:6397H         LINE#         123
  C:639BH         LINE#         124
  C:63A2H         LINE#         125
  -------         ENDPROC       _BCDTODEC
  -------         PROC          _DAY_OF_YEAR
  D:0007H         SYMBOL        months_bcd
  D:0005H         SYMBOL        days_bcd
  -------         DO            
  D:0004H         SYMBOL        months
  D:0007H         SYMBOL        days
  -------         ENDDO         
  C:5B4CH         LINE#         126
  C:5B4CH         LINE#         127
  C:5B4CH         LINE#         130
  C:5B51H         LINE#         132
  C:5B56H         LINE#         134
  C:5B8FH         LINE#         135
  C:5B8FH         LINE#         136
  C:5B8FH         LINE#         137
  C:5B92H         LINE#         138
  C:5B92H         LINE#         139
  C:5B92H         LINE#         140
  C:5B97H         LINE#         141
  C:5B97H         LINE#         142
  C:5B97H         LINE#         143
  C:5B9CH         LINE#         144
  C:5B9CH         LINE#         145
  C:5B9CH         LINE#         146
  C:5BA1H         LINE#         147
  C:5BA1H         LINE#         148
  C:5BA1H         LINE#         149
  C:5BA6H         LINE#         150
  C:5BA6H         LINE#         151
  C:5BA6H         LINE#         152
  C:5BABH         LINE#         153
  C:5BABH         LINE#         154
  C:5BABH         LINE#         155
  C:5BB0H         LINE#         156
  C:5BB0H         LINE#         157
BL51 BANKED LINKER/LOCATER V6.22                                                      07/31/2019  17:51:42  PAGE 21


  C:5BB0H         LINE#         158
  C:5BB5H         LINE#         159
  C:5BB5H         LINE#         160
  C:5BB5H         LINE#         161
  C:5BBDH         LINE#         162
  C:5BBDH         LINE#         163
  C:5BBDH         LINE#         164
  C:5BC2H         LINE#         165
  C:5BC2H         LINE#         166
  C:5BC2H         LINE#         167
  C:5BC7H         LINE#         168
  C:5BC7H         LINE#         169
  C:5BC7H         LINE#         170
  C:5BD0H         LINE#         171
  C:5BD0H         LINE#         172
  C:5BD0H         LINE#         173
  C:5BD3H         LINE#         174
  C:5BD3H         LINE#         175
  -------         ENDPROC       _DAY_OF_YEAR
  -------         ENDMOD        PCF85063BTL

  -------         MODULE        LCD_DRIVER_SPLC780D
  C:0000H         SYMBOL        _ICE_DUMMY_
  D:0092H         PUBLIC        P1M0
  D:0091H         PUBLIC        P1M1
  D:0080H         PUBLIC        P0
  D:0090H         PUBLIC        P1
  D:00A0H         PUBLIC        P2
  D:00B0H         PUBLIC        P3
  D:00C0H         PUBLIC        P4
  D:00C8H         PUBLIC        P5
  D:00E8H         PUBLIC        P6
  D:00F8H         PUBLIC        P7
  C:5BD8H         PUBLIC        _WriteData
  D:00A8H         PUBLIC        IE
  D:00B8H         PUBLIC        IP
  D:00D8H         PUBLIC        CCON
  B:00B0H.4       PUBLIC        LCD_D4
  B:00B0H.5       PUBLIC        LCD_D5
  B:00B0H.6       PUBLIC        LCD_D6
  C:6283H         PUBLIC        _DisplayLCD
  B:00B0H.7       PUBLIC        LCD_D7
  D:0098H         PUBLIC        SCON
  D:0088H         PUBLIC        TCON
  C:642AH         PUBLIC        LCD_clear
  C:5F5AH         PUBLIC        _Command
  C:631AH         PUBLIC        _Display_Line
  C:5D88H         PUBLIC        LCD_Init
  C:61C2H         PUBLIC        _Wait_ms
  B:00C0H.0       PUBLIC        LCD_RS
  B:0090H.3       PUBLIC        LCD_RW
  C:6420H         PUBLIC        LCD_return_home
  C:4DF3H         PUBLIC        _Display_Pos
  B:00B0H.3       PUBLIC        LCD_E
  D:00D0H         PUBLIC        PSW
  -------         PROC          LCD_INIT
  C:5D88H         LINE#         9
BL51 BANKED LINKER/LOCATER V6.22                                                      07/31/2019  17:51:42  PAGE 22


  C:5D88H         LINE#         10
  C:5D88H         LINE#         11
  C:5D8BH         LINE#         12
  C:5D8EH         LINE#         14
  C:5D94H         LINE#         15
  C:5D99H         LINE#         17
  C:5DA0H         LINE#         18
  C:5DA5H         LINE#         20
  C:5DA8H         LINE#         21
  C:5DADH         LINE#         23
  C:5DB0H         LINE#         24
  C:5DB5H         LINE#         26
  C:5DBCH         LINE#         29
  C:5DC1H         LINE#         30
  C:5DC6H         LINE#         32
  C:5DCBH         LINE#         33
  C:5DD0H         LINE#         35
  C:5DD5H         LINE#         36
  C:5DDAH         LINE#         37
  -------         ENDPROC       LCD_INIT
  C:5BD4H         SYMBOL        L?0035
  -------         PROC          L?0034
  -------         ENDPROC       L?0034
  C:5BD4H         SYMBOL        L?0035
  -------         PROC          _WRITEDATA
  X:04F4H         SYMBOL        dat
  C:5BD8H         LINE#         40
  C:5BDDH         LINE#         41
  C:5BDDH         LINE#         46
  C:5BDFH         LINE#         47
  C:5BE1H         LINE#         49
  C:5BEFH         LINE#         50
  C:5BFBH         LINE#         51
  C:5C07H         LINE#         52
  C:5C11H         LINE#         53
  C:5C13H         LINE#         54
  C:5C1AH         LINE#         55
  C:5C1CH         LINE#         57
  C:5C2CH         LINE#         58
  C:5C37H         LINE#         59
  C:5C41H         LINE#         60
  C:5C45H         LINE#         62
  C:5C45H         LINE#         63
  C:5C48H         LINE#         64
  C:5C4AH         LINE#         65
  C:5C4CH         LINE#         67
  -------         ENDPROC       _WRITEDATA
  -------         PROC          _COMMAND
  D:0007H         SYMBOL        dat
  C:5F5AH         LINE#         69
  C:5F5AH         LINE#         70
  C:5F5AH         LINE#         71
  C:5F5CH         LINE#         72
  C:5F5EH         LINE#         74
  C:5F68H         LINE#         75
  C:5F6CH         LINE#         77
  C:5F6EH         LINE#         78
BL51 BANKED LINKER/LOCATER V6.22                                                      07/31/2019  17:51:42  PAGE 23


  C:5F77H         LINE#         79
  C:5F7BH         LINE#         81
  C:5F7DH         LINE#         82
  C:5F84H         LINE#         83
  C:5F88H         LINE#         85
  C:5F8AH         LINE#         86
  C:5F8EH         LINE#         87
  C:5F92H         LINE#         89
  C:5F94H         LINE#         90
  C:5F94H         LINE#         91
  C:5F97H         LINE#         92
  C:5F99H         LINE#         93
  -------         ENDPROC       _COMMAND
  C:61BEH         SYMBOL        L?0037
  -------         PROC          L?0036
  -------         ENDPROC       L?0036
  C:61BEH         SYMBOL        L?0037
  -------         PROC          _WAIT_MS
  D:0006H         SYMBOL        ms
  -------         DO            
  D:0004H         SYMBOL        De_Cnt
  -------         ENDDO         
  C:61C2H         LINE#         95
  C:61C2H         LINE#         96
  C:61C2H         LINE#         98
  C:61CCH         LINE#         99
  C:61CCH         LINE#         100
  C:61DFH         LINE#         101
  C:61DFH         LINE#         102
  -------         ENDPROC       _WAIT_MS
  -------         PROC          _DISPLAYLCD
  D:0007H         SYMBOL        BCD
  -------         DO            
  D:0006H         SYMBOL        first_digit
  X:03F8H         SYMBOL        second_digit
  -------         ENDDO         
  C:6283H         LINE#         103
  C:6283H         LINE#         104
  C:6283H         LINE#         106
  C:628AH         LINE#         107
  C:6293H         LINE#         109
  C:6298H         LINE#         111
  -------         ENDPROC       _DISPLAYLCD
  -------         PROC          LCD_RETURN_HOME
  C:6420H         LINE#         115
  C:6420H         LINE#         116
  C:6420H         LINE#         117
  C:6425H         LINE#         118
  -------         ENDPROC       LCD_RETURN_HOME
  -------         PROC          LCD_CLEAR
  C:642AH         LINE#         121
  C:642AH         LINE#         122
  C:642AH         LINE#         123
  C:642FH         LINE#         124
  -------         ENDPROC       LCD_CLEAR
  -------         PROC          _DISPLAY_LINE
  D:0006H         SYMBOL        line
BL51 BANKED LINKER/LOCATER V6.22                                                      07/31/2019  17:51:42  PAGE 24


  C:631AH         LINE#         128
  C:631AH         LINE#         129
  C:631AH         LINE#         130
  C:6320H         LINE#         131
  C:6320H         LINE#         132
  C:6322H         LINE#         133
  C:6322H         LINE#         134
  C:6324H         LINE#         136
  C:6324H         LINE#         137
  C:6329H         LINE#         138
  C:632EH         LINE#         139
  C:632EH         LINE#         140
  -------         ENDPROC       _DISPLAY_LINE
  -------         PROC          _DISPLAY_POS
  X:04E9H         SYMBOL        sign_dat
  -------         DO            
  X:04EDH         SYMBOL        unit
  X:04EEH         SYMBOL        ten
  X:04EFH         SYMBOL        hundred
  X:04F0H         SYMBOL        thousand
  X:04F1H         SYMBOL        after_dot
  X:04F2H         SYMBOL        dat
  -------         ENDDO         
  C:4DF3H         LINE#         142
  C:4DF9H         LINE#         143
  C:4DF9H         LINE#         147
  C:4E15H         LINE#         148
  C:4E2FH         LINE#         149
  C:4E53H         LINE#         151
  C:4E9DH         LINE#         153
  C:4EB4H         LINE#         154
  C:4EC6H         LINE#         155
  C:4EEBH         LINE#         156
  C:4F05H         LINE#         157
  C:4F1DH         LINE#         158
  C:4F1DH         LINE#         159
  C:4F1DH         LINE#         160
  C:4F1DH         LINE#         161
  C:4F1DH         LINE#         162
  C:4F1DH         LINE#         163
  C:4F1DH         LINE#         164
  C:4F1DH         LINE#         168
  C:4F1FH         LINE#         170
  C:4F1FH         LINE#         172
  C:4F24H         LINE#         173
  C:4F2AH         LINE#         174
  C:4F30H         LINE#         175
  C:4F36H         LINE#         176
  C:4F3CH         LINE#         177
  C:4F41H         LINE#         178
  C:4F47H         LINE#         182
  C:4F47H         LINE#         184
  -------         ENDPROC       _DISPLAY_POS
  -------         ENDMOD        LCD_DRIVER_SPLC780D

  -------         MODULE        KEYPAD
  C:0000H         SYMBOL        _ICE_DUMMY_
BL51 BANKED LINKER/LOCATER V6.22                                                      07/31/2019  17:51:42  PAGE 25


  D:0093H         PUBLIC        P0M1
  D:0080H         PUBLIC        P0
  D:0090H         PUBLIC        P1
  D:00A0H         PUBLIC        P2
  D:00B0H         PUBLIC        P3
  D:00C0H         PUBLIC        P4
  D:00C8H         PUBLIC        P5
  D:00E8H         PUBLIC        P6
  D:00F8H         PUBLIC        P7
  D:00A8H         PUBLIC        IE
  C:47EFH         PUBLIC        Key_Scan
  D:00B8H         PUBLIC        IP
  D:00D8H         PUBLIC        CCON
  C:6408H         PUBLIC        KeyPad_IO_Init
  C:6265H         PUBLIC        _Delay_ms
  D:0098H         PUBLIC        SCON
  D:0088H         PUBLIC        TCON
  X:0633H         PUBLIC        small_move
  X:0635H         PUBLIC        move
  X:0637H         PUBLIC        auto_mode
  X:0639H         PUBLIC        direction
  X:063BH         PUBLIC        SPI_NOR_ClearEnable
  C:3F1CH         PUBLIC        Key_Process
  D:00D0H         PUBLIC        PSW
  D:0094H         PUBLIC        P0M0
  -------         PROC          _DELAY_MS
  D:0006H         SYMBOL        ms
  -------         DO            
  D:0004H         SYMBOL        De_Cnt
  -------         ENDDO         
  C:6265H         LINE#         20
  C:6265H         LINE#         21
  C:6265H         LINE#         23
  C:626FH         LINE#         24
  C:626FH         LINE#         25
  C:6282H         LINE#         26
  C:6282H         LINE#         27
  -------         ENDPROC       _DELAY_MS
  -------         PROC          KEY_SCAN
  -------         DO            
  X:03FEH         SYMBOL        KeyTemp1
  X:03FFH         SYMBOL        KeyTemp2
  X:0400H         SYMBOL        KeyValue
  -------         ENDDO         
  C:47EFH         LINE#         28
  C:47EFH         LINE#         29
  C:47EFH         LINE#         34
  C:47F2H         LINE#         37
  C:47F5H         LINE#         39
  C:47FDH         LINE#         40
  C:4804H         LINE#         41
  C:4804H         LINE#         43
  C:4809H         LINE#         44
  C:4810H         LINE#         45
  C:4810H         LINE#         48
  C:4813H         LINE#         49
  C:4816H         LINE#         50
BL51 BANKED LINKER/LOCATER V6.22                                                      07/31/2019  17:51:42  PAGE 26


  C:481BH         LINE#         51
  C:481FH         LINE#         52
  C:481FH         LINE#         53
  C:4827H         LINE#         54
  C:4827H         LINE#         55
  C:482AH         LINE#         56
  C:4832H         LINE#         57
  C:4834H         LINE#         59
  C:4848H         LINE#         60
  C:4848H         LINE#         61
  C:4848H         LINE#         62
  C:4848H         LINE#         63
  C:484EH         LINE#         65
  C:4850H         LINE#         66
  C:4850H         LINE#         67
  C:4850H         LINE#         68
  C:4856H         LINE#         70
  C:4858H         LINE#         71
  C:4858H         LINE#         72
  C:4858H         LINE#         73
  C:485EH         LINE#         75
  C:4860H         LINE#         76
  C:4860H         LINE#         77
  C:4860H         LINE#         78
  C:4866H         LINE#         80
  C:4866H         LINE#         81
  C:4866H         LINE#         82
  C:4866H         LINE#         85
  C:4869H         LINE#         86
  C:486CH         LINE#         87
  C:4874H         LINE#         88
  C:4878H         LINE#         89
  C:4878H         LINE#         90
  C:4880H         LINE#         91
  C:4880H         LINE#         92
  C:4883H         LINE#         93
  C:488BH         LINE#         94
  C:488DH         LINE#         95
  C:48A1H         LINE#         96
  C:48A1H         LINE#         97
  C:48A1H         LINE#         98
  C:48A1H         LINE#         99
  C:48A7H         LINE#         101
  C:48A9H         LINE#         102
  C:48A9H         LINE#         103
  C:48A9H         LINE#         104
  C:48AFH         LINE#         106
  C:48B1H         LINE#         107
  C:48B1H         LINE#         108
  C:48B1H         LINE#         109
  C:48B7H         LINE#         111
  C:48B9H         LINE#         112
  C:48B9H         LINE#         113
  C:48B9H         LINE#         114
  C:48BEH         LINE#         116
  C:48BEH         LINE#         117
  C:48BEH         LINE#         118
BL51 BANKED LINKER/LOCATER V6.22                                                      07/31/2019  17:51:42  PAGE 27


  C:48BEH         LINE#         121
  C:48C1H         LINE#         122
  C:48C4H         LINE#         123
  C:48CCH         LINE#         124
  C:48D0H         LINE#         125
  C:48D0H         LINE#         126
  C:48D8H         LINE#         127
  C:48D8H         LINE#         128
  C:48DBH         LINE#         129
  C:48E3H         LINE#         130
  C:48E5H         LINE#         131
  C:48F9H         LINE#         132
  C:48F9H         LINE#         133
  C:48F9H         LINE#         134
  C:48F9H         LINE#         135
  C:48FFH         LINE#         137
  C:4901H         LINE#         138
  C:4901H         LINE#         139
  C:4901H         LINE#         140
  C:4907H         LINE#         142
  C:4909H         LINE#         143
  C:4909H         LINE#         144
  C:4909H         LINE#         145
  C:490FH         LINE#         147
  C:4911H         LINE#         148
  C:4911H         LINE#         149
  C:4911H         LINE#         150
  C:4917H         LINE#         152
  C:4917H         LINE#         153
  C:4917H         LINE#         154
  C:4917H         LINE#         158
  C:491AH         LINE#         159
  C:491DH         LINE#         160
  C:4925H         LINE#         161
  C:4929H         LINE#         162
  C:4929H         LINE#         163
  C:4931H         LINE#         164
  C:4931H         LINE#         165
  C:4934H         LINE#         166
  C:493CH         LINE#         167
  C:493EH         LINE#         168
  C:4952H         LINE#         169
  C:4952H         LINE#         170
  C:4952H         LINE#         171
  C:4952H         LINE#         172
  C:4958H         LINE#         174
  C:495AH         LINE#         175
  C:495AH         LINE#         176
  C:495AH         LINE#         177
  C:4960H         LINE#         179
  C:4962H         LINE#         180
  C:4962H         LINE#         181
  C:4962H         LINE#         182
  C:4968H         LINE#         184
  C:496AH         LINE#         185
  C:496AH         LINE#         186
  C:496AH         LINE#         187
BL51 BANKED LINKER/LOCATER V6.22                                                      07/31/2019  17:51:42  PAGE 28


  C:4970H         LINE#         189
  C:4970H         LINE#         190
  C:4970H         LINE#         191
  C:4970H         LINE#         193
  C:4976H         LINE#         194
  C:4976H         LINE#         196
  C:4976H         LINE#         197
  C:4979H         LINE#         198
  C:4979H         LINE#         199
  C:4979H         LINE#         201
  C:4979H         LINE#         202
  C:497BH         LINE#         203
  C:497BH         LINE#         204
  -------         ENDPROC       KEY_SCAN
  -------         PROC          KEY_PROCESS
  -------         DO            
  X:0624H         SYMBOL        KeyCount
  X:0625H         SYMBOL        KeyNum_Old
  X:0627H         SYMBOL        KeyNum
  X:0629H         SYMBOL        PressedKey
  X:03F8H         SYMBOL        d
  D:0002H         SYMBOL        hours
  D:0006H         SYMBOL        mins
  X:03FAH         SYMBOL        months
  X:03FCH         SYMBOL        days
  -------         ENDDO         
  C:3F1CH         LINE#         205
  C:3F1CH         LINE#         206
  C:3F1CH         LINE#         210
  C:3F2BH         LINE#         211
  C:3F38H         LINE#         213
  C:3F3CH         LINE#         214
  C:3F3CH         LINE#         215
  C:3F42H         LINE#         217
  C:3F42H         LINE#         218
  C:3F59H         LINE#         219
  C:3F59H         LINE#         220
  C:3F63H         LINE#         221
  C:3F69H         LINE#         223
  C:3F6FH         LINE#         225
  C:3F6FH         LINE#         226
  C:3F86H         LINE#         227
  C:3F86H         LINE#         228
  C:3F8BH         LINE#         230
  C:3F8BH         LINE#         231
  C:3F9BH         LINE#         232
  C:3F9BH         LINE#         233
  C:3FA1H         LINE#         235
  C:3FA1H         LINE#         236
  C:3FB3H         LINE#         237
  C:3FB3H         LINE#         238
  C:3FBDH         LINE#         239
  C:3FC5H         LINE#         241
  C:3FCEH         LINE#         243
  C:3FCEH         LINE#         252
  C:3FEDH         LINE#         253
  C:3FEDH         LINE#         254
BL51 BANKED LINKER/LOCATER V6.22                                                      07/31/2019  17:51:42  PAGE 29


  C:400CH         LINE#         255
  C:4012H         LINE#         256
  C:401AH         LINE#         257
  C:401AH         LINE#         259
  C:401BH         LINE#         265
  C:4027H         LINE#         266
  C:4027H         LINE#         267
  C:4044H         LINE#         268
  C:405BH         LINE#         269
  C:4072H         LINE#         270
  C:4072H         LINE#         271
  C:4085H         LINE#         272
  C:4098H         LINE#         273
  C:4098H         LINE#         274
  C:4098H         LINE#         275
  C:409BH         LINE#         280
  C:40AAH         LINE#         281
  C:40AAH         LINE#         282
  C:40CDH         LINE#         283
  C:40EAH         LINE#         284
  C:40F3H         LINE#         285
  C:40F3H         LINE#         286
  C:40FAH         LINE#         287
  C:40FAH         LINE#         288
  C:410BH         LINE#         289
  C:410BH         LINE#         290
  C:411AH         LINE#         291
  C:411AH         LINE#         292
  C:411AH         LINE#         293
  C:411DH         LINE#         295
  C:411DH         LINE#         296
  C:4129H         LINE#         297
  C:4129H         LINE#         298
  C:413BH         LINE#         299
  C:413BH         LINE#         300
  C:414BH         LINE#         301
  C:414BH         LINE#         302
  C:414BH         LINE#         304
  C:414DH         LINE#         306
  C:414DH         LINE#         307
  C:415CH         LINE#         308
  C:415CH         LINE#         309
  C:416CH         LINE#         310
  C:416CH         LINE#         311
  C:416CH         LINE#         313
  C:416CH         LINE#         315
  C:416CH         LINE#         316
  C:416EH         LINE#         318
  C:416EH         LINE#         319
  C:4175H         LINE#         320
  C:4175H         LINE#         321
  C:4184H         LINE#         322
  C:4184H         LINE#         323
  C:4194H         LINE#         324
  C:4194H         LINE#         325
  C:4194H         LINE#         326
  C:4196H         LINE#         328
BL51 BANKED LINKER/LOCATER V6.22                                                      07/31/2019  17:51:42  PAGE 30


  C:4196H         LINE#         329
  C:41A5H         LINE#         330
  C:41A5H         LINE#         331
  C:41B8H         LINE#         332
  C:41CBH         LINE#         333
  C:41CBH         LINE#         334
  C:41CBH         LINE#         335
  C:41CBH         LINE#         336
  C:41D4H         LINE#         338
  C:41D4H         LINE#         340
  C:420EH         LINE#         341
  C:420EH         LINE#         342
  C:4215H         LINE#         343
  C:4215H         LINE#         344
  C:421FH         LINE#         345
  C:421FH         LINE#         346
  C:4222H         LINE#         347
  C:4227H         LINE#         348
  C:422CH         LINE#         349
  C:4231H         LINE#         350
  C:4236H         LINE#         351
  C:423BH         LINE#         352
  C:4240H         LINE#         353
  C:4245H         LINE#         354
  C:4245H         LINE#         355
  C:4245H         LINE#         357
  C:4263H         LINE#         358
  C:4263H         LINE#         359
  C:426AH         LINE#         360
  C:426AH         LINE#         361
  C:426FH         LINE#         362
  C:4278H         LINE#         363
  C:4297H         LINE#         364
  C:4297H         LINE#         365
  C:42A7H         LINE#         367
  C:42A7H         LINE#         371
  -------         ENDPROC       KEY_PROCESS
  -------         PROC          KEYPAD_IO_INIT
  C:6408H         LINE#         374
  C:6408H         LINE#         375
  C:6408H         LINE#         376
  C:640BH         LINE#         377
  C:640EH         LINE#         378
  C:6411H         LINE#         379
  C:6413H         LINE#         380
  -------         ENDPROC       KEYPAD_IO_INIT
  -------         ENDMOD        KEYPAD

  -------         MODULE        BIPOLARMOTOR
  C:0000H         SYMBOL        _ICE_DUMMY_
  X:0000H         PUBLIC        UTC_time
  D:0080H         PUBLIC        P0
  D:0090H         PUBLIC        P1
  X:0004H         PUBLIC        RX_pos_test
  D:00A0H         PUBLIC        P2
  D:00B0H         PUBLIC        P3
  D:00C0H         PUBLIC        P4
BL51 BANKED LINKER/LOCATER V6.22                                                      07/31/2019  17:51:42  PAGE 31


  D:00C8H         PUBLIC        P5
  D:00E8H         PUBLIC        P6
  D:00F8H         PUBLIC        P7
  X:00A4H         PUBLIC        low_date_azimuth_mapping
  D:00A8H         PUBLIC        IE
  C:5598H         PUBLIC        linear_interpolate
  X:00CCH         PUBLIC        declination
  C:60F9H         PUBLIC        _Move
  D:00B8H         PUBLIC        IP
  X:00D0H         PUBLIC        time_offset
  D:00D8H         PUBLIC        CCON
  X:00D4H         PUBLIC        previous_move_time
  X:00D5H         PUBLIC        time
  D:0098H         PUBLIC        SCON
  D:0088H         PUBLIC        TCON
  C:5F9AH         PUBLIC        _Step_move
  X:00E7H         PUBLIC        dat
  X:00EDH         PUBLIC        current_local_sun_time
  C:2B5FH         PUBLIC        _Update_position
  C:42A8H         PUBLIC        _elevation_calculation
  X:00F1H         PUBLIC        sunCoord
  C:5E82H         PUBLIC        vOneStepMove
  X:00F4H         PUBLIC        elevation_stamp
  X:0130H         PUBLIC        date_azimuth_mapping
  X:0158H         PUBLIC        location
  X:0160H         PUBLIC        RX_pos
  C:632FH         PUBLIC        vSetLocation
  C:62AAH         PUBLIC        _BCDtoDec1
  X:03B8H         PUBLIC        degree
  C:3190H         PUBLIC        _TheoricalJP_Position
  D:00D0H         PUBLIC        PSW
  -------         PROC          VSETLOCATION
  C:632FH         LINE#         44
  C:632FH         LINE#         45
  C:632FH         LINE#         46
  C:6339H         LINE#         47
  C:6343H         LINE#         48
  -------         ENDPROC       VSETLOCATION
  C:62A6H         SYMBOL        L?0060
  -------         PROC          L?0059
  -------         ENDPROC       L?0059
  C:62A6H         SYMBOL        L?0060
  -------         PROC          _BCDTODEC1
  D:0007H         SYMBOL        bcd
  -------         DO            
  D:0006H         SYMBOL        hi
  D:0007H         SYMBOL        lo
  -------         ENDDO         
  C:62AAH         LINE#         49
  C:62AAH         LINE#         50
  C:62AAH         LINE#         52
  C:62AFH         LINE#         53
  C:62B3H         LINE#         54
  C:62BAH         LINE#         55
  -------         ENDPROC       _BCDTODEC1
  -------         PROC          VONESTEPMOVE
  B:0020H.3       SYMBOL        bDir
BL51 BANKED LINKER/LOCATER V6.22                                                      07/31/2019  17:51:42  PAGE 32


  C:5E82H         LINE#         59
  C:5E82H         LINE#         60
  C:5E82H         LINE#         62
  C:5E88H         LINE#         63
  C:5E88H         LINE#         64
  C:5E8BH         LINE#         65
  C:5E94H         LINE#         66
  C:5E9BH         LINE#         67
  C:5EA0H         LINE#         68
  C:5EA0H         LINE#         69
  C:5EA0H         LINE#         71
  C:5EA2H         LINE#         74
  C:5EA2H         LINE#         75
  C:5EA5H         LINE#         76
  C:5EAEH         LINE#         77
  C:5EB5H         LINE#         78
  C:5EBBH         LINE#         79
  C:5EC4H         LINE#         80
  C:5ECBH         LINE#         81
  C:5ECBH         LINE#         85
  -------         ENDPROC       VONESTEPMOVE
  -------         PROC          _STEP_MOVE
  X:04EDH         SYMBOL        step
  B:0020H.2       SYMBOL        dir
  -------         DO            
  X:04EFH         SYMBOL        i
  -------         ENDDO         
  C:5F9AH         LINE#         87
  C:5FA2H         LINE#         88
  C:5FA2H         LINE#         90
  C:5FA7H         LINE#         93
  C:5FC2H         LINE#         94
  C:5FC2H         LINE#         95
  C:5FC9H         LINE#         97
  C:5FD9H         LINE#         99
  -------         ENDPROC       _STEP_MOVE
  -------         PROC          _MOVE
  X:04E9H         SYMBOL        distance
  B:0020H.1       SYMBOL        direction
  -------         DO            
  D:0006H         SYMBOL        step
  -------         ENDDO         
  C:60F9H         LINE#         101
  C:60FFH         LINE#         102
  C:60FFH         LINE#         105
  C:611AH         LINE#         108
  -------         ENDPROC       _MOVE
  C:5587H         SYMBOL        L?0058
  -------         PROC          L?0057
  -------         ENDPROC       L?0057
  C:5587H         SYMBOL        L?0058
  -------         PROC          LINEAR_INTERPOLATE
  X:049EH         SYMBOL        p1
  X:04A6H         SYMBOL        p2
  X:04AEH         SYMBOL        x
  -------         DO            
  D:0004H         SYMBOL        fx
BL51 BANKED LINKER/LOCATER V6.22                                                      07/31/2019  17:51:42  PAGE 33


  -------         ENDDO         
  C:5598H         LINE#         141
  C:5598H         LINE#         142
  C:5598H         LINE#         145
  C:5637H         LINE#         147
  C:5637H         LINE#         148
  -------         ENDPROC       LINEAR_INTERPOLATE
  -------         PROC          _THEORICALJP_POSITION
  X:0442H         SYMBOL        azimuth
  X:0446H         SYMBOL        elevation
  -------         DO            
  X:044AH         SYMBOL        pos_interpolate_azimuth
  X:0486H         SYMBOL        JP_pos
  X:048AH         SYMBOL        i
  X:048CH         SYMBOL        yy
  X:048EH         SYMBOL        p1
  X:0496H         SYMBOL        p2
  -------         ENDDO         
  C:3190H         LINE#         151
  C:3196H         LINE#         152
  C:3196H         LINE#         154
  C:31A0H         LINE#         157
  C:31BCH         LINE#         158
  C:31BCH         LINE#         159
  C:322CH         LINE#         160
  C:322CH         LINE#         161
  C:3233H         LINE#         162
  C:3233H         LINE#         163
  C:3260H         LINE#         164
  C:327BH         LINE#         166
  C:32C2H         LINE#         167
  C:32F6H         LINE#         169
  C:333CH         LINE#         170
  C:3361H         LINE#         172
  C:3361H         LINE#         174
  C:33D7H         LINE#         175
  C:33D7H         LINE#         176
  C:33DEH         LINE#         177
  C:33DEH         LINE#         178
  C:340BH         LINE#         179
  C:3426H         LINE#         181
  C:346DH         LINE#         182
  C:34A1H         LINE#         184
  C:34E7H         LINE#         185
  C:3509H         LINE#         187
  C:3509H         LINE#         188
  C:351DH         LINE#         191
  C:3539H         LINE#         192
  C:3539H         LINE#         193
  C:35A9H         LINE#         194
  C:35A9H         LINE#         195
  C:35D6H         LINE#         196
  C:35F1H         LINE#         198
  C:361EH         LINE#         199
  C:3639H         LINE#         201
  C:366BH         LINE#         204
  C:366BH         LINE#         206
BL51 BANKED LINKER/LOCATER V6.22                                                      07/31/2019  17:51:42  PAGE 34


  C:367CH         LINE#         207
  C:368AH         LINE#         209
  -------         ENDPROC       _THEORICALJP_POSITION
  -------         PROC          _UPDATE_POSITION
  D:0001H         SYMBOL        mnths
  D:0002H         SYMBOL        dys
  X:041EH         SYMBOL        hurs
  X:041FH         SYMBOL        mns
  X:0420H         SYMBOL        sconds
  X:0421H         SYMBOL        currnt_pos
[...]
  C:4A15H         LINE#         331
  C:4A15H         LINE#         332
  C:4A15H         LINE#         334
  C:4A18H         LINE#         336
  C:4A32H         LINE#         337
  C:4A32H         LINE#         338
  C:4A32H         LINE#         340
BL51 BANKED LINKER/LOCATER V6.22                                                      07/31/2019  17:51:42  PAGE 52


  C:4A35H         LINE#         342
  C:4A4FH         LINE#         343
  C:4A4FH         LINE#         344
  C:4A4FH         LINE#         346
  C:4A52H         LINE#         348
  C:4A6CH         LINE#         349
  C:4A6CH         LINE#         350
  C:4A6CH         LINE#         352
  C:4A6FH         LINE#         354
  C:4A89H         LINE#         355
  C:4A89H         LINE#         356
  C:4A89H         LINE#         358
  C:4A8CH         LINE#         360
  C:4AA6H         LINE#         361
  C:4AA6H         LINE#         362
  C:4AA6H         LINE#         364
  C:4AA9H         LINE#         366
  C:4AC3H         LINE#         367
  C:4AC3H         LINE#         368
  C:4AC3H         LINE#         370
  C:4AC6H         LINE#         372
  C:4AE0H         LINE#         373
  C:4AE7H         LINE#         374
  -------         ENDPROC       SPI_NOR_WRITE_DATA
  -------         ENDMOD        AT25SF041

  -------         MODULE        SI1120
  C:0000H         SYMBOL        _ICE_DUMMY_
  D:0080H         PUBLIC        P0
  D:00B2H         PUBLIC        P3M0
  D:0090H         PUBLIC        P1
  D:00B1H         PUBLIC        P3M1
  D:00A0H         PUBLIC        P2
  D:00B0H         PUBLIC        P3
  D:00C0H         PUBLIC        P4
  D:00C8H         PUBLIC        P5
  B:00A8H.7       PUBLIC        EA
  D:00E8H         PUBLIC        P6
  D:00F8H         PUBLIC        P7
  D:00A8H         PUBLIC        IE
  D:00B8H         PUBLIC        IP
  C:6048H         PUBLIC        SI1120_CONFIG_MODE_VIRH
  D:00D8H         PUBLIC        CCON
  D:0098H         PUBLIC        SCON
  D:0088H         PUBLIC        TCON
  C:63EEH         PUBLIC        Enable_EXTINT0
  B:0090H.5       PUBLIC        SI1120_STX
  B:0088H.0       PUBLIC        IT0
  B:00A8H.0       PUBLIC        EX0
  B:0090H.4       PUBLIC        SI1120_MD
  B:0090H.6       PUBLIC        SI1120_SC
  D:00D0H         PUBLIC        PSW
  -------         PROC          SI1120_CONFIG_MODE_VIRH
  C:6048H         LINE#         4
  C:6048H         LINE#         5
  C:6048H         LINE#         6
  C:604AH         LINE#         7
BL51 BANKED LINKER/LOCATER V6.22                                                      07/31/2019  17:51:42  PAGE 53


  C:604CH         LINE#         8
  C:604EH         LINE#         10
  C:6055H         LINE#         11
  C:6057H         LINE#         13
  C:6059H         LINE#         14
  C:605BH         LINE#         16
  C:6062H         LINE#         18
  C:6064H         LINE#         20
  C:606BH         LINE#         23
  C:606DH         LINE#         25
  C:606FH         LINE#         27
  C:6076H         LINE#         29
  C:6078H         LINE#         31
  -------         ENDPROC       SI1120_CONFIG_MODE_VIRH
  -------         PROC          ENABLE_EXTINT0
  C:63EEH         LINE#         33
  C:63EEH         LINE#         34
  C:63EEH         LINE#         35
  C:63F1H         LINE#         36
  C:63F4H         LINE#         37
  C:63F6H         LINE#         38
  C:63F8H         LINE#         39
  C:63FAH         LINE#         40
  -------         ENDPROC       ENABLE_EXTINT0
  -------         ENDMOD        SI1120

  -------         MODULE        UART1
  C:0000H         SYMBOL        _ICE_DUMMY_
  D:0080H         PUBLIC        P0
  D:0090H         PUBLIC        P1
  D:00A0H         PUBLIC        P2
  D:00B0H         PUBLIC        P3
  D:00C0H         PUBLIC        P4
  D:00C8H         PUBLIC        P5
  C:61E0H         PUBLIC        _uart1_SendToTCPServer
  B:00A8H.7       PUBLIC        EA
  D:00E8H         PUBLIC        P6
  D:00F8H         PUBLIC        P7
  C:6015H         PUBLIC        _SendString
  D:00A8H         PUBLIC        IE
  B:00A8H.4       PUBLIC        ES
  D:00B8H         PUBLIC        IP
  C:62EDH         PUBLIC        _ASCIItoBCD
  D:00D8H         PUBLIC        CCON
  C:63A3H         PUBLIC        initUART1
  D:0098H         PUBLIC        SCON
  D:0088H         PUBLIC        TCON
  C:645CH         PUBLIC        _DectoBCD
  C:001EH         PUBLIC        _ASCII_Letter
  D:008EH         PUBLIC        AUXR
  C:0006H         PUBLIC        _unit
  C:6455H         PUBLIC        _ten
  D:00D6H         PUBLIC        T2H
  D:00D7H         PUBLIC        T2L
  C:6446H         PUBLIC        uart1_InitTCPConn
  D:00D0H         PUBLIC        PSW
  -------         PROC          INITUART1
BL51 BANKED LINKER/LOCATER V6.22                                                      07/31/2019  17:51:42  PAGE 54


  C:63A3H         LINE#         24
  C:63A3H         LINE#         25
  C:63A3H         LINE#         26
  C:63A6H         LINE#         27
  C:63A9H         LINE#         28
  C:63ACH         LINE#         29
  C:63AFH         LINE#         30
  C:63B1H         LINE#         31
  C:63B3H         LINE#         33
  -------         ENDPROC       INITUART1
  -------         PROC          _SENDSTRING
  X:04E9H         SYMBOL        s
  C:6015H         LINE#         36
  C:6020H         LINE#         37
  C:6020H         LINE#         38
  C:6030H         LINE#         39
  C:6030H         LINE#         40
  C:6045H         LINE#         41
  C:6047H         LINE#         42
  -------         ENDPROC       _SENDSTRING
  -------         PROC          _TEN
  D:0007H         SYMBOL        BCD
  C:6455H         LINE#         44
  C:6455H         LINE#         45
  C:6455H         LINE#         46
  C:645AH         LINE#         47
  -------         ENDPROC       _TEN
  -------         PROC          _UNIT
  D:0007H         SYMBOL        BCD
  C:0006H         LINE#         48
  C:0006H         LINE#         49
  C:0006H         LINE#         53
  C:000AH         LINE#         54
  -------         ENDPROC       _UNIT
  -------         PROC          _DECTOBCD
  D:0007H         SYMBOL        dec
  C:645CH         LINE#         55
  C:645CH         LINE#         56
  C:645CH         LINE#         58
  C:645CH         LINE#         59
  -------         ENDPROC       _DECTOBCD
  -------         PROC          _ASCII_LETTER
  D:0007H         SYMBOL        dat
  C:001EH         LINE#         61
  C:001EH         LINE#         62
  C:001EH         LINE#         64
  C:0022H         LINE#         65
  -------         ENDPROC       _ASCII_LETTER
  -------         PROC          _ASCIITOBCD
  D:0001H         SYMBOL        ascii
  -------         DO            
  D:0007H         SYMBOL        dec_val
  D:0006H         SYMBOL        ten
  D:0007H         SYMBOL        unit
  -------         ENDDO         
  C:62EDH         LINE#         67
  C:62EDH         LINE#         68
BL51 BANKED LINKER/LOCATER V6.22                                                      07/31/2019  17:51:42  PAGE 55


  C:62EDH         LINE#         70
  C:62F0H         LINE#         71
  C:62F6H         LINE#         72
  C:62FDH         LINE#         73
  C:6303H         LINE#         75
  -------         ENDPROC       _ASCIITOBCD
  -------         PROC          UART1_INITTCPCONN
  C:6446H         LINE#         77
  C:6446H         LINE#         78
  C:6446H         LINE#         82
  -------         ENDPROC       UART1_INITTCPCONN
  -------         PROC          _UART1_SENDTOTCPSERVER
  X:03F8H         SYMBOL        str
  C:61E0H         LINE#         85
  C:61EBH         LINE#         86
  C:61EBH         LINE#         87
  C:61F4H         LINE#         88
  C:61FBH         LINE#         89
  -------         ENDPROC       _UART1_SENDTOTCPSERVER
  -------         ENDMOD        UART1

  -------         MODULE        ?C_STARTUP
  C:5AC0H         SEGMENT       ?C_C51STARTUP
  I:0022H         SEGMENT       ?STACK
  C:0000H         PUBLIC        ?C_STARTUP
  D:00E0H         SYMBOL        ACC
  D:00F0H         SYMBOL        B
  D:0083H         SYMBOL        DPH
  D:0082H         SYMBOL        DPL
  N:0000H         SYMBOL        IBPSTACK
  N:0100H         SYMBOL        IBPSTACKTOP
  N:0080H         SYMBOL        IDATALEN
  C:5AC3H         SYMBOL        IDATALOOP
  N:0000H         SYMBOL        PBPSTACK
  N:0100H         SYMBOL        PBPSTACKTOP
  N:0000H         SYMBOL        PDATALEN
  N:0000H         SYMBOL        PDATASTART
  N:0000H         SYMBOL        PPAGE
  N:0000H         SYMBOL        PPAGEENABLE
  D:00A0H         SYMBOL        PPAGE_SFR
  D:0081H         SYMBOL        SP
  C:5AC0H         SYMBOL        STARTUP1
  N:0000H         SYMBOL        XBPSTACK
  N:0000H         SYMBOL        XBPSTACKTOP
  N:0000H         SYMBOL        XDATALEN
  N:0000H         SYMBOL        XDATASTART
  C:0000H         LINE#         126
  C:5AC0H         LINE#         133
  C:5AC2H         LINE#         134
  C:5AC3H         LINE#         135
  C:5AC4H         LINE#         136
  C:5AC6H         LINE#         185
  C:5AC9H         LINE#         196
  -------         ENDMOD        ?C_STARTUP

  -------         MODULE        ?C?FPADD
  C:1108H         PUBLIC        ?C?FPADD
BL51 BANKED LINKER/LOCATER V6.22                                                      07/31/2019  17:51:42  PAGE 56


  C:1104H         PUBLIC        ?C?FPSUB
  -------         ENDMOD        ?C?FPADD

  -------         MODULE        ?C?FPMUL
  C:11F9H         PUBLIC        ?C?FPMUL
  -------         ENDMOD        ?C?FPMUL

  -------         MODULE        ?C?FPDIV
  C:1302H         PUBLIC        ?C?FPDIV
  -------         ENDMOD        ?C?FPDIV

  -------         MODULE        ?C?FPCMP
  C:13A1H         PUBLIC        ?C?FPCMP
  C:139FH         PUBLIC        ?C?FPCMP3
  -------         ENDMOD        ?C?FPCMP

  -------         MODULE        ?C?FPNEG
  C:1418H         PUBLIC        ?C?FPNEG
  -------         ENDMOD        ?C?FPNEG

  -------         MODULE        ?C?FCAST
  C:1433H         PUBLIC        ?C?FCASTC
  C:142EH         PUBLIC        ?C?FCASTI
  C:1429H         PUBLIC        ?C?FCASTL
  -------         ENDMOD        ?C?FCAST

  -------         MODULE        ?C?CASTF
  C:1467H         PUBLIC        ?C?CASTF
  -------         ENDMOD        ?C?CASTF

  -------         MODULE        PRINTF
  X:04E9H         PUBLIC        ?_PRINTF?BYTE
  X:04E9H         PUBLIC        ?_SPRINTF?BYTE
  C:36F6H         PUBLIC        _PRINTF
  C:36F0H         PUBLIC        _SPRINTF
  -------         ENDMOD        PRINTF

  -------         MODULE        FABS
  C:63FBH         PUBLIC        _FABS
  -------         ENDMOD        FABS

  -------         MODULE        ATAN2
  X:049FH         PUBLIC        ?_atan2?BYTE
  C:58EDH         PUBLIC        _atan2
  -------         ENDMOD        ATAN2

  -------         MODULE        SIN
  C:4B4DH         PUBLIC        _COS
  C:4B63H         PUBLIC        _SIN
  C:4B9FH         PUBLIC        _TAN
  -------         ENDMOD        SIN

  -------         MODULE        ACOS
  C:5ECCH         PUBLIC        _ACOS
  -------         ENDMOD        ACOS

  -------         MODULE        ASIN
BL51 BANKED LINKER/LOCATER V6.22                                                      07/31/2019  17:51:42  PAGE 57


  C:5FDAH         PUBLIC        _ASIN
  -------         ENDMOD        ASIN

  -------         MODULE        POW
  X:03BCH         PUBLIC        ?_pow?BYTE
  C:4C8DH         PUBLIC        _pow
  -------         ENDMOD        POW

  -------         MODULE        ?C?CHKFLOAT
  C:14E8H         PUBLIC        ?C?CHKFLOAT
  -------         ENDMOD        ?C?CHKFLOAT

  -------         MODULE        ?C?FPROUND
  C:1502H         PUBLIC        ?C?FPROUND
  -------         ENDMOD        ?C?FPROUND

  -------         MODULE        ?C?FPCONVERT
  C:153FH         PUBLIC        ?C?FPCONVERT
  -------         ENDMOD        ?C?FPCONVERT

  -------         MODULE        EXP
  C:5A5EH         PUBLIC        _EXP
  -------         ENDMOD        EXP

  -------         MODULE        LOG
  C:4F7CH         PUBLIC        _LOG
  C:4F78H         PUBLIC        _LOG10
  -------         ENDMOD        LOG

  -------         MODULE        SQRT
  C:57A4H         PUBLIC        _SQRT
  -------         ENDMOD        SQRT

  -------         MODULE        ATAN
  C:5091H         PUBLIC        _ATAN
  -------         ENDMOD        ATAN

  -------         MODULE        ?C?FTNPWR
  C:16C1H         PUBLIC        ?C?FTNPWR
  -------         ENDMOD        ?C?FTNPWR

  -------         MODULE        ?C?COPY
  C:17D1H         PUBLIC        ?C?COPY
  -------         ENDMOD        ?C?COPY

  -------         MODULE        ?C?CLDPTR
  C:17F7H         PUBLIC        ?C?CLDPTR
  -------         ENDMOD        ?C?CLDPTR

  -------         MODULE        ?C?CLDOPTR
  C:1810H         PUBLIC        ?C?CLDOPTR
  -------         ENDMOD        ?C?CLDOPTR

  -------         MODULE        ?C?CSTPTR
  C:183DH         PUBLIC        ?C?CSTPTR
  -------         ENDMOD        ?C?CSTPTR

BL51 BANKED LINKER/LOCATER V6.22                                                      07/31/2019  17:51:42  PAGE 58


  -------         MODULE        ?C?IMUL
  C:184FH         PUBLIC        ?C?IMUL
  -------         ENDMOD        ?C?IMUL

  -------         MODULE        ?C?UIDIV
  C:1861H         PUBLIC        ?C?UIDIV
  -------         ENDMOD        ?C?UIDIV

  -------         MODULE        ?C?SIDIV
  C:18B6H         PUBLIC        ?C?SIDIV
  -------         ENDMOD        ?C?SIDIV

  -------         MODULE        ?C?ILDIX
  C:18ECH         PUBLIC        ?C?ILDIX
  -------         ENDMOD        ?C?ILDIX

  -------         MODULE        ?C?ILDOPTR
  C:1902H         PUBLIC        ?C?ILDOPTR
  -------         ENDMOD        ?C?ILDOPTR

  -------         MODULE        ?C?ISTPTR
  C:193AH         PUBLIC        ?C?ISTPTR
  -------         ENDMOD        ?C?ISTPTR

  -------         MODULE        ?C?LMUL
  C:1959H         PUBLIC        ?C?LMUL
  -------         ENDMOD        ?C?LMUL

  -------         MODULE        ?C?SLDIV
  C:5F16H         PUBLIC        ?C?SLDIV
  -------         ENDMOD        ?C?SLDIV

  -------         MODULE        ?C?LNEG
  C:19A8H         PUBLIC        ?C?LNEG
  -------         ENDMOD        ?C?LNEG

  -------         MODULE        ?C?ULCMP
  C:19B6H         PUBLIC        ?C?ULCMP
  -------         ENDMOD        ?C?ULCMP

  -------         MODULE        ?C?LSHL
  C:19C7H         PUBLIC        ?C?LSHL
  -------         ENDMOD        ?C?LSHL

  -------         MODULE        ?C?LLDPTR
  C:19DAH         PUBLIC        ?C?LLDPTR
  -------         ENDMOD        ?C?LLDPTR

  -------         MODULE        ?C?LLDOPTR
  C:19FAH         PUBLIC        ?C?LLDOPTR
  -------         ENDMOD        ?C?LLDOPTR

  -------         MODULE        ?C?LSTPTR
  C:1A2AH         PUBLIC        ?C?LSTPTR
  -------         ENDMOD        ?C?LSTPTR

  -------         MODULE        ?C?LSTOPTR
BL51 BANKED LINKER/LOCATER V6.22                                                      07/31/2019  17:51:42  PAGE 59


  C:1A44H         PUBLIC        ?C?LSTOPTR
  -------         ENDMOD        ?C?LSTOPTR

  -------         MODULE        ?C?LLDXDATA
  C:1A68H         PUBLIC        ?C?LLDXDATA
  -------         ENDMOD        ?C?LLDXDATA

  -------         MODULE        ?C?LLDCODE
  C:1A74H         PUBLIC        ?C?LLDCODE
  -------         ENDMOD        ?C?LLDCODE

  -------         MODULE        ?C?LLDXDATA0
  C:1A84H         PUBLIC        ?C?LLDXDATA0
  -------         ENDMOD        ?C?LLDXDATA0

  -------         MODULE        ?C?LLDCODE0
  C:1A90H         PUBLIC        ?C?LLDCODE0
  -------         ENDMOD        ?C?LLDCODE0

  -------         MODULE        ?C?LLDPTR0
  C:1AA0H         PUBLIC        ?C?LLDPTR0
  -------         ENDMOD        ?C?LLDPTR0

  -------         MODULE        ?C?LSTXDATA
  C:1AC0H         PUBLIC        ?C?LSTXDATA
  -------         ENDMOD        ?C?LSTXDATA

  -------         MODULE        ?C?LSTKXDATA
  C:1ACCH         PUBLIC        ?C?LSTKXDATA
  -------         ENDMOD        ?C?LSTKXDATA

  -------         MODULE        ?C?LSTKPTR
  C:1AFDH         PUBLIC        ?C?LSTKPTR
  -------         ENDMOD        ?C?LSTKPTR

  -------         MODULE        ?C?OFFXADD
  C:1B17H         PUBLIC        ?C?OFFXADD
  -------         ENDMOD        ?C?OFFXADD

  -------         MODULE        ?C?PLDIXDATA
  C:1B23H         PUBLIC        ?C?PLDIXDATA
  -------         ENDMOD        ?C?PLDIXDATA

  -------         MODULE        ?C?PSTXDATA
  C:1B3AH         PUBLIC        ?C?PSTXDATA
  -------         ENDMOD        ?C?PSTXDATA

  -------         MODULE        ?C?CCASE
  C:1B43H         PUBLIC        ?C?CCASE
  -------         ENDMOD        ?C?CCASE

  -------         MODULE        PUTCHAR
  C:6170H         PUBLIC        _PUTCHAR
  -------         ENDMOD        PUTCHAR

  -------         MODULE        ABS
  C:6414H         PUBLIC        _ABS
BL51 BANKED LINKER/LOCATER V6.22                                                      07/31/2019  17:51:42  PAGE 60


  -------         ENDMOD        ABS

  -------         MODULE        ATOI
  C:549AH         PUBLIC        _atoi
  -------         ENDMOD        ATOI

  -------         MODULE        ?C?IILDX
  C:1B69H         PUBLIC        ?C?IILDX
  -------         ENDMOD        ?C?IILDX

  -------         MODULE        ?C?ULDIV
  C:1BBBH         PUBLIC        ?C?ULDIV
  -------         ENDMOD        ?C?ULDIV

  -------         MODULE        ?C?LLDIDATA
  C:1C4DH         PUBLIC        ?C?LLDIDATA
  -------         ENDMOD        ?C?LLDIDATA

  -------         MODULE        ?C?LLDPDATA
  C:1C59H         PUBLIC        ?C?LLDPDATA
  -------         ENDMOD        ?C?LLDPDATA

  -------         MODULE        ?C?LLDIDATA0
  C:1C65H         PUBLIC        ?C?LLDIDATA0
  -------         ENDMOD        ?C?LLDIDATA0

  -------         MODULE        ?C?LLDPDATA0
  C:1C72H         PUBLIC        ?C?LLDPDATA0
  -------         ENDMOD        ?C?LLDPDATA0

  -------         MODULE        ?C?LSTIDATA
  C:1C7FH         PUBLIC        ?C?LSTIDATA
  -------         ENDMOD        ?C?LSTIDATA

  -------         MODULE        ?C?LSTPDATA
  C:1C8BH         PUBLIC        ?C?LSTPDATA
  -------         ENDMOD        ?C?LSTPDATA

  -------         MODULE        ?C?LSTKIDATA
  C:1C97H         PUBLIC        ?C?LSTKIDATA
  -------         ENDMOD        ?C?LSTKIDATA

  -------         MODULE        ?C?LSTKPDATA
  C:1CB0H         PUBLIC        ?C?LSTKPDATA
  -------         ENDMOD        ?C?LSTKPDATA

  -------         MODULE        ISDIGIT
  C:63D2H         PUBLIC        _isdigit
  -------         ENDMOD        ISDIGIT

  -------         MODULE        ISSPACE
  C:636DH         PUBLIC        _isspace
  -------         ENDMOD        ISSPACE

*** WARNING L16: UNCALLED SEGMENT, IGNORED FOR OVERLAY PROCESS
    SEGMENT: ?PR?_DAY_OF_YEAR?PCF85063BTL

BL51 BANKED LINKER/LOCATER V6.22                                                      07/31/2019  17:51:42  PAGE 61


*** WARNING L16: UNCALLED SEGMENT, IGNORED FOR OVERLAY PROCESS
    SEGMENT: ?PR?NOP?IOEXPANDER_PI4IOE5V96248

*** WARNING L16: UNCALLED SEGMENT, IGNORED FOR OVERLAY PROCESS
    SEGMENT: ?PR?UC_ACK?IOEXPANDER_PI4IOE5V96248

*** WARNING L16: UNCALLED SEGMENT, IGNORED FOR OVERLAY PROCESS
    SEGMENT: ?PR?UC_NACK?IOEXPANDER_PI4IOE5V96248

*** WARNING L16: UNCALLED SEGMENT, IGNORED FOR OVERLAY PROCESS
    SEGMENT: ?PR?_AT25SF041_READ?AT25SF041

*** WARNING L16: UNCALLED SEGMENT, IGNORED FOR OVERLAY PROCESS
    SEGMENT: ?PR?_TEN?UART1

*** WARNING L16: UNCALLED SEGMENT, IGNORED FOR OVERLAY PROCESS
    SEGMENT: ?PR?_UNIT?UART1

*** WARNING L16: UNCALLED SEGMENT, IGNORED FOR OVERLAY PROCESS
    SEGMENT: ?PR?_DECTOBCD?UART1

*** WARNING L16: UNCALLED SEGMENT, IGNORED FOR OVERLAY PROCESS
    SEGMENT: ?PR?_ASCII_LETTER?UART1

*** WARNING L16: UNCALLED SEGMENT, IGNORED FOR OVERLAY PROCESS
    SEGMENT: ?PR?_ASCIITOBCD?UART1

Program Size: data=15.4 xdata=1612 code=25693
LINK/LOCATE RUN COMPLETE.  10 WARNING(S),  0 ERROR(S)
