BL51 BANKED LINKER/LOCATER V6.22                                                        12/11/2018  15:15:15  PAGE 1


BL51 BANKED LINKER/LOCATER V6.22, INVOKED BY:
C:\KEIL_V5\C51\BIN\BL51.EXE .\Obj\main.obj, .\Obj\PCF85063BTL.obj, .\Obj\UART1.obj, .\Obj\LCd_Driver_SPLC780D.obj, .\Obj
>> \KeyPad.obj, .\Obj\VCNL4035.obj, .\Obj\BipolarMotor.obj, .\Obj\SunPos.obj, .\Obj\ADC.obj, .\Obj\Calibration.obj, .\Ob
>> j\STARTUP.obj TO .\Obj\GPIO_RTC_Test PRINT (.\Lis\GPIO_RTC_Test.m51) RAMSIZE (256)


MEMORY MODEL: LARGE WITH FLOATING POINT ARITHMETIC


INPUT MODULES INCLUDED:
  .\Obj\main.obj (MAIN)
  .\Obj\PCF85063BTL.obj (PCF85063BTL)
  .\Obj\UART1.obj (UART1)
  .\Obj\LCd_Driver_SPLC780D.obj (LCD_DRIVER_SPLC780D)
  .\Obj\KeyPad.obj (KEYPAD)
  .\Obj\VCNL4035.obj (VCNL4035)
  .\Obj\BipolarMotor.obj (BIPOLARMOTOR)
  .\Obj\SunPos.obj (SUNPOS)
  .\Obj\ADC.obj (ADC)
  .\Obj\Calibration.obj (CALIBRATION)
  .\Obj\STARTUP.obj (?C_STARTUP)
  C:\KEIL_V5\C51\LIB\C51FPL.LIB (?C?FPADD)
  C:\KEIL_V5\C51\LIB\C51FPL.LIB (?C?FPMUL)
  C:\KEIL_V5\C51\LIB\C51FPL.LIB (?C?FPDIV)
  C:\KEIL_V5\C51\LIB\C51FPL.LIB (?C?FPCMP)
  C:\KEIL_V5\C51\LIB\C51FPL.LIB (?C?FPNEG)
  C:\KEIL_V5\C51\LIB\C51FPL.LIB (?C?FCAST)
  C:\KEIL_V5\C51\LIB\C51FPL.LIB (?C?CASTF)
  C:\KEIL_V5\C51\LIB\C51FPL.LIB (ATAN2)
  C:\KEIL_V5\C51\LIB\C51FPL.LIB (SIN)
  C:\KEIL_V5\C51\LIB\C51FPL.LIB (ACOS)
  C:\KEIL_V5\C51\LIB\C51FPL.LIB (ASIN)
  C:\KEIL_V5\C51\LIB\C51FPL.LIB (?C?FPGETOPN)
  C:\KEIL_V5\C51\LIB\C51FPL.LIB (?C?FPSERIES)
  C:\KEIL_V5\C51\LIB\C51FPL.LIB (SQRT)
  C:\KEIL_V5\C51\LIB\C51FPL.LIB (ATAN)
  C:\KEIL_V5\C51\LIB\C51L.LIB (?C_INIT)
  C:\KEIL_V5\C51\LIB\C51L.LIB (?C?COPY)
  C:\KEIL_V5\C51\LIB\C51L.LIB (?C?CLDPTR)
  C:\KEIL_V5\C51\LIB\C51L.LIB (?C?CSTPTR)
  C:\KEIL_V5\C51\LIB\C51L.LIB (?C?IMUL)
  C:\KEIL_V5\C51\LIB\C51L.LIB (?C?UIDIV)
  C:\KEIL_V5\C51\LIB\C51L.LIB (?C?SIDIV)
  C:\KEIL_V5\C51\LIB\C51L.LIB (?C?ILDIX)
  C:\KEIL_V5\C51\LIB\C51L.LIB (?C?ILDOPTR)
  C:\KEIL_V5\C51\LIB\C51L.LIB (?C?LMUL)
  C:\KEIL_V5\C51\LIB\C51L.LIB (?C?SLDIV)
  C:\KEIL_V5\C51\LIB\C51L.LIB (?C?LNEG)
  C:\KEIL_V5\C51\LIB\C51L.LIB (?C?LLDPTR)
  C:\KEIL_V5\C51\LIB\C51L.LIB (?C?LLDOPTR)
  C:\KEIL_V5\C51\LIB\C51L.LIB (?C?LSTPTR)
  C:\KEIL_V5\C51\LIB\C51L.LIB (?C?LSTOPTR)
  C:\KEIL_V5\C51\LIB\C51L.LIB (?C?LLDXDATA)
  C:\KEIL_V5\C51\LIB\C51L.LIB (?C?LLDCODE)
  C:\KEIL_V5\C51\LIB\C51L.LIB (?C?LLDXDATA0)
  C:\KEIL_V5\C51\LIB\C51L.LIB (?C?LLDCODE0)
  C:\KEIL_V5\C51\LIB\C51L.LIB (?C?LLDPTR0)
  C:\KEIL_V5\C51\LIB\C51L.LIB (?C?LSTXDATA)
BL51 BANKED LINKER/LOCATER V6.22                                                      12/11/2018  15:15:15  PAGE 2


  C:\KEIL_V5\C51\LIB\C51L.LIB (?C?LSTKXDATA)
  C:\KEIL_V5\C51\LIB\C51L.LIB (?C?OFFXADD)
  C:\KEIL_V5\C51\LIB\C51L.LIB (ABS)
  C:\KEIL_V5\C51\LIB\C51L.LIB (ATOI)
  C:\KEIL_V5\C51\LIB\C51L.LIB (?C?IILDX)
  C:\KEIL_V5\C51\LIB\C51L.LIB (?C?ULDIV)
  C:\KEIL_V5\C51\LIB\C51L.LIB (?C?LLDIDATA)
  C:\KEIL_V5\C51\LIB\C51L.LIB (?C?LLDPDATA)
  C:\KEIL_V5\C51\LIB\C51L.LIB (?C?LLDIDATA0)
  C:\KEIL_V5\C51\LIB\C51L.LIB (?C?LLDPDATA0)
  C:\KEIL_V5\C51\LIB\C51L.LIB (?C?LSTIDATA)
  C:\KEIL_V5\C51\LIB\C51L.LIB (?C?LSTPDATA)
  C:\KEIL_V5\C51\LIB\C51L.LIB (ISDIGIT)
  C:\KEIL_V5\C51\LIB\C51L.LIB (ISSPACE)


LINK MAP OF MODULE:  .\Obj\GPIO_RTC_Test (MAIN)


            TYPE    BASE      LENGTH    RELOCATION   SEGMENT NAME
            -----------------------------------------------------

            * * * * * * *   D A T A   M E M O R Y   * * * * * * *
            REG     0000H     0008H     ABSOLUTE     "REG BANK 0"
            REG     0008H     0008H     ABSOLUTE     "REG BANK 1"
                    0010H     0010H                  *** GAP ***
            BIT     0020H.0   0000H.4   UNIT         ?BI?KEYPAD
            BIT     0020H.4   0000H.4   UNIT         _BIT_GROUP_
            BIT     0021H.0   0000H.1   UNIT         ?BI?MAIN
                    0021H.1   0000H.7                *** GAP ***
            IDATA   0022H     0001H     UNIT         ?STACK

            * * * * * * *  X D A T A   M E M O R Y  * * * * * * *
            XDATA   0000H     03C1H     UNIT         ?XD?BIPOLARMOTOR
            XDATA   03C1H     0137H     UNIT         _XDATA_GROUP_
            XDATA   04F8H     00EDH     UNIT         ?XD?MAIN
            XDATA   05E5H     0040H     UNIT         ?XD?_FINDDET4X4?BIPOLARMOTOR
            XDATA   0625H     0024H     UNIT         ?XD?_FINDDET3X3?BIPOLARMOTOR
            XDATA   0649H     001EH     UNIT         ?XD?_CALIB_INTERPOLATE?MAIN
            XDATA   0667H     0009H     UNIT         ?XD?KEYPAD
            XDATA   0670H     0008H     UNIT         ?XD?_READ_VCNL4035?VCNL4035
            XDATA   0678H     0004H     UNIT         ?XD?_DISPLAY_PROX?MAIN
            XDATA   067CH     0003H     UNIT         ?XD?_SENDSTRING?UART1
            XDATA   067FH     0003H     UNIT         ?XD?_WRITE_VCNL4035X?VCNL4035
            XDATA   0682H     0001H     UNIT         ?XD?I2C_ACK?VCNL4035
            XDATA   0683H     0001H     UNIT         ?XD?UC_ACK?VCNL4035
            XDATA   0684H     0001H     UNIT         ?XD?UC_NACK?VCNL4035
            XDATA   0685H     0001H     UNIT         ?XD?_DISPLAYLCD_VCNL4035?VCNL4035

            * * * * * * *   C O D E   M E M O R Y   * * * * * * *
            CODE    0000H     0003H     ABSOLUTE     
            CODE    0003H     0006H     UNIT         ?PR?_TEN?UART1
            CODE    0009H     0001H     UNIT         ?PR?_DECTOBCD?UART1
            CODE    000AH     0001H     UNIT         ?PR?NOP?VCNL4035
            CODE    000BH     0003H     ABSOLUTE     
            CODE    000EH     0015H     UNIT         ?PR?_DISPLAY_LINE?LCD_DRIVER_SPLC780D
            CODE    0023H     0003H     ABSOLUTE     
BL51 BANKED LINKER/LOCATER V6.22                                                      12/11/2018  15:15:15  PAGE 3


            CODE    0026H     0005H     UNIT         ?PR?_UNIT?UART1
            CODE    002BH     0003H     ABSOLUTE     
            CODE    002EH     08FAH     UNIT         ?C?LIB_CODE
            CODE    0928H     07DBH     UNIT         ?PR?_UPDATE_POSITION?BIPOLARMOTOR
            CODE    1103H     07A2H     UNIT         ?PR?SUNPOS?SUNPOS
            CODE    18A5H     0421H     UNIT         ?C_INITSEG
            CODE    1CC6H     03ABH     UNIT         ?PR?MAIN?MAIN
            CODE    2071H     02C0H     UNIT         ?PR?_FINDDET4X4?BIPOLARMOTOR
            CODE    2331H     02A0H     UNIT         ?PR?KEY_PROCESS?KEYPAD
            CODE    25D1H     01FFH     UNIT         ?PR?_FIND_REAL_MAX?CALIBRATION
            CODE    27D0H     01D1H     UNIT         ?PR?_FINDDET3X3?BIPOLARMOTOR
            CODE    29A1H     01B5H     UNIT         ?PR?_DISPLAY_POS?MAIN
            CODE    2B56H     01A1H     UNIT         ?PR?_CALIB_INTERPOLATE?MAIN
            CODE    2CF7H     018DH     UNIT         ?PR?KEY_SCAN?KEYPAD
            CODE    2E84H     0188H     UNIT         ?PR?SIN?SIN
            CODE    300CH     0122H     UNIT         ?PR?ATAN?ATAN
            CODE    312EH     00DBH     UNIT         ?PR?_ATOI?ATOI
            CODE    3209H     00C8H     UNIT         ?PR?_CALIBRATION?CALIBRATION
            CODE    32D1H     00BBH     UNIT         ?PR?VOLTAGE_IS_STABLE?CALIBRATION
            CODE    338CH     00B1H     UNIT         ?PR?LINEAR_INTERPOLATE?BIPOLARMOTOR
            CODE    343DH     00ACH     UNIT         ?PR?SQRT?SQRT
            CODE    34E9H     009DH     UNIT         ?PR?_ATAN2?ATAN2
            CODE    3586H     009BH     UNIT         ?PR?UART?MAIN
            CODE    3621H     009AH     UNIT         ?PR?_READ_VCNL4035?VCNL4035
            CODE    36BBH     0095H     UNIT         ?PR?_DISPLAY_PROX?MAIN
            CODE    3750H     0093H     UNIT         ?PR?_MAX_VALUE?CALIBRATION
            CODE    37E3H     008CH     UNIT         ?C_C51STARTUP
            CODE    386FH     0084H     UNIT         ?PR?_DAY_OF_YEAR?PCF85063BTL
            CODE    38F3H     0075H     UNIT         ?PR?_WRITEDATA?LCD_DRIVER_SPLC780D
            CODE    3968H     006FH     UNIT         ?PR?_READ_TIME?PCF85063BTL
            CODE    39D7H     0059H     UNIT         ?PR?LCD_INIT?LCD_DRIVER_SPLC780D
            CODE    3A30H     004AH     UNIT         ?PR?ACOS?ACOS
            CODE    3A7AH     0049H     UNIT         ?PR?_WRITE_VCNL4035X?VCNL4035
            CODE    3AC3H     0047H     UNIT         ?PR?_STEP_MOVE?BIPOLARMOTOR
            CODE    3B0AH     0046H     UNIT         ?PR?VONESTEPMOVE?BIPOLARMOTOR
            CODE    3B50H     0044H     UNIT         ?C?LDIV
            CODE    3B94H     0040H     UNIT         ?PR?_COMMAND?LCD_DRIVER_SPLC780D
            CODE    3BD4H     003FH     UNIT         ?PR?ADC_ISR?ADC
            CODE    3C13H     003BH     UNIT         ?PR?ASIN?ASIN
            CODE    3C4EH     0033H     UNIT         ?PR?_SENDSTRING?UART1
            CODE    3C81H     0033H     UNIT         ?PR?_MOVE?BIPOLARMOTOR
            CODE    3CB4H     002CH     UNIT         ?PR?I2C_RECEIVEBYTE?VCNL4035
            CODE    3CE0H     002BH     UNIT         ?PR?_WAIT_MS_I2C?VCNL4035
            CODE    3D0BH     0024H     UNIT         ?PR?_WAIT_MS?LCD_DRIVER_SPLC780D
            CODE    3D2FH     0022H     UNIT         ?PR?_I2C_SENDBYTE?VCNL4035
            CODE    3D51H     0020H     UNIT         ?PR?_SPI_SENDBYTE?PCF85063BTL
            CODE    3D71H     0020H     UNIT         ?PR?SPI_RECEIVEBYTE?PCF85063BTL
            CODE    3D91H     001EH     UNIT         ?PR?_DELAY_MS?KEYPAD
            CODE    3DAFH     001EH     UNIT         ?PR?_WAIT_MS_IIC?VCNL4035
            CODE    3DCDH     001DH     UNIT         ?PR?_DISPLAYLCD?LCD_DRIVER_SPLC780D
            CODE    3DEAH     001BH     UNIT         ?PR?TM0_ISR?MAIN
            CODE    3E05H     001BH     UNIT         ?PR?I2C_ACK?VCNL4035
            CODE    3E20H     001BH     UNIT         ?PR?_BCDTODEC1?BIPOLARMOTOR
            CODE    3E3BH     0018H     UNIT         ?PR?_SPI_WRITETIME?PCF85063BTL
            CODE    3E53H     0017H     UNIT         ?PR?_ASCIITOBCD?UART1
            CODE    3E6AH     0017H     UNIT         ?PR?I2C_INIT?VCNL4035
            CODE    3E81H     0015H     UNIT         ?PR?I2C_STOP?VCNL4035
BL51 BANKED LINKER/LOCATER V6.22                                                      12/11/2018  15:15:15  PAGE 4


            CODE    3E96H     0014H     UNIT         ?PR?_PCF85063BTL_DELAY?PCF85063BTL
            CODE    3EAAH     0014H     UNIT         ?PR?_ISSPACE?ISSPACE
            CODE    3EBEH     0013H     UNIT         ?PR?I2C_START?VCNL4035
            CODE    3ED1H     0011H     UNIT         ?PR?_SPI_READTIME?PCF85063BTL
            CODE    3EE2H     0011H     UNIT         ?PR?_BCDTODEC?PCF85063BTL
            CODE    3EF3H     0011H     UNIT         ?PR?INITUART1?UART1
            CODE    3F04H     0011H     UNIT         ?PR?INITADC?ADC
            CODE    3F15H     000FH     UNIT         ?PR?UC_NACK?VCNL4035
            CODE    3F24H     000FH     UNIT         ?PR?_ISDIGIT?ISDIGIT
            CODE    3F33H     000DH     UNIT         ?PR?SPI_INIT?PCF85063BTL
            CODE    3F40H     000CH     UNIT         ?PR?KEYPAD_IO_INIT?KEYPAD
            CODE    3F4CH     000CH     UNIT         ?PR?_ABS?ABS
            CODE    3F58H     000AH     UNIT         ?PR?LCD_RETURN_HOME?LCD_DRIVER_SPLC780D
            CODE    3F62H     000AH     UNIT         ?PR?LCD_CLEAR?LCD_DRIVER_SPLC780D
            CODE    3F6CH     0009H     UNIT         ?PR?_SENDUART1?MAIN
            CODE    3F75H     0006H     UNIT         ?PR?UC_ACK?VCNL4035
            CODE    3F7BH     0006H     UNIT         ?PR?_DISPLAYLCD_VCNL4035?VCNL4035
            CODE    3F81H     0005H     UNIT         ?PR?_ASCII_LETTER?UART1
            CODE    3F86H     0001H     UNIT         ?PR?WAIT?BIPOLARMOTOR



OVERLAY MAP OF MODULE:   .\Obj\GPIO_RTC_Test (MAIN)


SEGMENT                                            BIT_GROUP          XDATA_GROUP
  +--> CALLED SEGMENT                           START    LENGTH     START    LENGTH
-----------------------------------------------------------------------------------
?PR?UART?MAIN                                   -----    -----      -----    -----
  +--> ?PR?_ASCIITOBCD?UART1

?PR?_ASCIITOBCD?UART1                           -----    -----      -----    -----
  +--> ?PR?_ATOI?ATOI

?PR?_ATOI?ATOI                                  0020H.4  0000H.1    03C1H    0005H
  +--> ?PR?_ISSPACE?ISSPACE
  +--> ?PR?_ISDIGIT?ISDIGIT

*** NEW ROOT ***************************************************

?C_C51STARTUP                                   -----    -----      -----    -----
  +--> ?PR?MAIN?MAIN
  +--> ?C_INITSEG

?PR?MAIN?MAIN                                   -----    -----      03C6H    000AH
  +--> ?PR?LCD_INIT?LCD_DRIVER_SPLC780D
  +--> ?PR?SPI_INIT?PCF85063BTL
  +--> ?PR?KEYPAD_IO_INIT?KEYPAD
  +--> ?PR?_DELAY_MS?KEYPAD
  +--> ?PR?_DISPLAY_LINE?LCD_DRIVER_SPLC780D
  +--> ?PR?_WRITEDATA?LCD_DRIVER_SPLC780D
  +--> ?PR?KEY_PROCESS?KEYPAD
  +--> ?PR?_COMMAND?LCD_DRIVER_SPLC780D
  +--> ?PR?_DISPLAY_POS?MAIN
  +--> ?PR?_DISPLAYLCD?LCD_DRIVER_SPLC780D
  +--> ?PR?_STEP_MOVE?BIPOLARMOTOR
  +--> ?PR?LCD_RETURN_HOME?LCD_DRIVER_SPLC780D
BL51 BANKED LINKER/LOCATER V6.22                                                      12/11/2018  15:15:15  PAGE 5


  +--> ?PR?_READ_TIME?PCF85063BTL
  +--> ?PR?_DAY_OF_YEAR?PCF85063BTL
  +--> ?PR?_BCDTODEC1?BIPOLARMOTOR
  +--> ?PR?_CALIBRATION?CALIBRATION

?PR?LCD_INIT?LCD_DRIVER_SPLC780D                -----    -----      -----    -----
  +--> ?PR?_WAIT_MS?LCD_DRIVER_SPLC780D
  +--> ?PR?_COMMAND?LCD_DRIVER_SPLC780D

?PR?_COMMAND?LCD_DRIVER_SPLC780D                -----    -----      -----    -----
  +--> ?PR?_WAIT_MS?LCD_DRIVER_SPLC780D

?PR?_DISPLAY_LINE?LCD_DRIVER_SPLC780D           -----    -----      -----    -----
  +--> ?PR?_COMMAND?LCD_DRIVER_SPLC780D

?PR?_WRITEDATA?LCD_DRIVER_SPLC780D              -----    -----      03DAH    0001H
  +--> ?PR?_WAIT_MS?LCD_DRIVER_SPLC780D

?PR?KEY_PROCESS?KEYPAD                          -----    -----      03D0H    0006H
  +--> ?PR?KEY_SCAN?KEYPAD
  +--> ?PR?_SPI_WRITETIME?PCF85063BTL
  +--> ?PR?LCD_CLEAR?LCD_DRIVER_SPLC780D
  +--> ?PR?_COMMAND?LCD_DRIVER_SPLC780D
  +--> ?PR?_WRITEDATA?LCD_DRIVER_SPLC780D

?PR?KEY_SCAN?KEYPAD                             -----    -----      03D6H    0003H

?PR?_SPI_WRITETIME?PCF85063BTL                  -----    -----      -----    -----
  +--> ?PR?_SPI_SENDBYTE?PCF85063BTL

?PR?_SPI_SENDBYTE?PCF85063BTL                   -----    -----      -----    -----
  +--> ?PR?_PCF85063BTL_DELAY?PCF85063BTL

?PR?LCD_CLEAR?LCD_DRIVER_SPLC780D               -----    -----      -----    -----
  +--> ?PR?_COMMAND?LCD_DRIVER_SPLC780D

?PR?_DISPLAY_POS?MAIN                           -----    -----      03D0H    000AH
  +--> ?PR?_ABS?ABS
  +--> ?PR?_WRITEDATA?LCD_DRIVER_SPLC780D

?PR?_DISPLAYLCD?LCD_DRIVER_SPLC780D             -----    -----      03D0H    0001H
  +--> ?PR?_WRITEDATA?LCD_DRIVER_SPLC780D

?PR?_STEP_MOVE?BIPOLARMOTOR                     0020H.6  0000H.1    0493H    0004H
  +--> ?PR?VONESTEPMOVE?BIPOLARMOTOR
  +--> ?PR?_WAIT_MS?LCD_DRIVER_SPLC780D

?PR?VONESTEPMOVE?BIPOLARMOTOR                   0020H.7  0000H.1    0497H    0001H

?PR?LCD_RETURN_HOME?LCD_DRIVER_SPLC780D         -----    -----      -----    -----
  +--> ?PR?_COMMAND?LCD_DRIVER_SPLC780D

?PR?_READ_TIME?PCF85063BTL                      -----    -----      03D0H    000FH
  +--> ?PR?_SPI_READTIME?PCF85063BTL

?PR?_SPI_READTIME?PCF85063BTL                   -----    -----      -----    -----
  +--> ?PR?_SPI_SENDBYTE?PCF85063BTL
BL51 BANKED LINKER/LOCATER V6.22                                                      12/11/2018  15:15:15  PAGE 6


  +--> ?PR?SPI_RECEIVEBYTE?PCF85063BTL

?PR?SPI_RECEIVEBYTE?PCF85063BTL                 -----    -----      -----    -----
  +--> ?PR?_PCF85063BTL_DELAY?PCF85063BTL

?PR?_DAY_OF_YEAR?PCF85063BTL                    -----    -----      -----    -----
  +--> ?PR?_BCDTODEC?PCF85063BTL

?PR?_CALIBRATION?CALIBRATION                    -----    -----      03D0H    0010H
  +--> ?PR?VOLTAGE_IS_STABLE?CALIBRATION
  +--> ?PR?_UPDATE_POSITION?BIPOLARMOTOR
  +--> ?PR?_FIND_REAL_MAX?CALIBRATION

?PR?VOLTAGE_IS_STABLE?CALIBRATION               -----    -----      03E0H    0018H
  +--> ?PR?_ABS?ABS

?PR?_UPDATE_POSITION?BIPOLARMOTOR               -----    -----      03E0H    00AFH
  +--> ?PR?_BCDTODEC1?BIPOLARMOTOR
  +--> ?PR?SUNPOS?SUNPOS
  +--> ?PR?SIN?SIN
  +--> ?PR?ASIN?ASIN
  +--> ?PR?LINEAR_INTERPOLATE?BIPOLARMOTOR
  +--> ?PR?_ABS?ABS
  +--> ?PR?_MOVE?BIPOLARMOTOR

?PR?SUNPOS?SUNPOS                               -----    -----      048FH    005DH
  +--> ?PR?SIN?SIN
  +--> ?PR?_ATAN2?ATAN2
  +--> ?PR?ASIN?ASIN
  +--> ?PR?ACOS?ACOS

?PR?SIN?SIN                                     0020H.5  0000H.1    04ECH    0004H

?PR?_ATAN2?ATAN2                                -----    -----      04ECH    0008H
  +--> ?PR?ATAN?ATAN

?PR?ATAN?ATAN                                   0020H.5  0000H.2    04F4H    0004H

?PR?ASIN?ASIN                                   -----    -----      -----    -----
  +--> ?PR?SQRT?SQRT
  +--> ?PR?ATAN?ATAN

?PR?SQRT?SQRT                                   -----    -----      04ECH    0004H

?PR?ACOS?ACOS                                   -----    -----      -----    -----
  +--> ?PR?SQRT?SQRT
  +--> ?PR?ATAN?ATAN

?PR?LINEAR_INTERPOLATE?BIPOLARMOTOR             -----    -----      048FH    0014H

?PR?_MOVE?BIPOLARMOTOR                          0020H.5  0000H.1    048FH    0004H
  +--> ?PR?_STEP_MOVE?BIPOLARMOTOR

?PR?_FIND_REAL_MAX?CALIBRATION                  -----    -----      03E0H    005CH
  +--> ?PR?_MOVE?BIPOLARMOTOR
  +--> ?PR?_WAIT_MS?LCD_DRIVER_SPLC780D
  +--> ?PR?_MAX_VALUE?CALIBRATION
BL51 BANKED LINKER/LOCATER V6.22                                                      12/11/2018  15:15:15  PAGE 7



?PR?_MAX_VALUE?CALIBRATION                      -----    -----      043CH    0004H



UNRESOLVED EXTERNAL SYMBOLS:
   ADC_DATA
   ADC_INIT
   AUTO_MODE
   CALIB_MODE
   _ADC_GETRESULT



SYMBOL TABLE OF MODULE:  .\Obj\GPIO_RTC_Test (MAIN)

  VALUE           TYPE          NAME
  ----------------------------------

  -------         MODULE        MAIN
  C:0000H         SYMBOL        _ICE_DUMMY_
  X:0500H         PUBLIC        calib_value
  D:0080H         PUBLIC        P0
  D:00B2H         PUBLIC        P3M0
  D:0090H         PUBLIC        P1
  D:00B1H         PUBLIC        P3M1
  D:00A0H         PUBLIC        P2
  D:00B0H         PUBLIC        P3
  D:00C0H         PUBLIC        P4
  D:00C8H         PUBLIC        P5
  X:0560H         SYMBOL        PressedKey
  B:00A8H.7       PUBLIC        EA
  D:00E8H         PUBLIC        P6
  D:00F8H         PUBLIC        P7
  X:0564H         PUBLIC        RX_Data_Uart_Cnt
  C:2B56H         PUBLIC        _calib_interpolate
  D:00A8H         PUBLIC        IE
  X:0566H         PUBLIC        calib_time
  D:00B8H         PUBLIC        IP
  B:0098H.0       PUBLIC        RI
  X:05C6H         PUBLIC        months
  B:0098H.1       PUBLIC        TI
  C:3586H         PUBLIC        Uart
  D:00D8H         PUBLIC        CCON
  C:1CC6H         PUBLIC        main
  X:05C7H         PUBLIC        count
  D:0099H         PUBLIC        SBUF
  X:05C9H         PUBLIC        days
  X:05CAH         PUBLIC        lcd
  X:05CCH         PUBLIC        hours
  D:0098H         PUBLIC        SCON
  D:0089H         PUBLIC        TMOD
  D:0088H         PUBLIC        TCON
  X:05CDH         SYMBOL        KeyCount
  X:05CFH         PUBLIC        mins
  X:05D0H         PUBLIC        Rec_data_hour
  B:00C0H.5       PUBLIC        P45
BL51 BANKED LINKER/LOCATER V6.22                                                      12/11/2018  15:15:15  PAGE 8


  X:05D3H         PUBLIC        Rec_data_min
  D:008EH         PUBLIC        AUXR
  C:3DEAH         PUBLIC        tm0_isr
  B:0021H.0       PUBLIC        busy
  D:00E0H         PUBLIC        ACC
  B:00A8H.1       PUBLIC        ET0
  D:008CH         PUBLIC        TH0
  X:05D6H         PUBLIC        hour_count
  D:008AH         PUBLIC        TL0
  X:05D7H         PUBLIC        min_count
  B:0088H.4       PUBLIC        TR0
  X:05D8H         SYMBOL        KeyNum
  X:05D9H         SYMBOL        KeyNum_Old
  X:05DAH         PUBLIC        current_position
  X:05DEH         PUBLIC        hours1
  X:05DFH         PUBLIC        hours2
  C:36BBH         PUBLIC        _Display_Prox
  X:05E0H         PUBLIC        mins1
  X:05E1H         PUBLIC        mins2
  C:29A1H         PUBLIC        _Display_Pos
  X:05E2H         PUBLIC        seconds
  X:05E3H         PUBLIC        st_time
  D:00D0H         PUBLIC        PSW
  C:3F6CH         PUBLIC        _SendUART1
  -------         PROC          TM0_ISR
  C:3DEAH         LINE#         72
  C:3DF0H         LINE#         75
  C:3DFEH         LINE#         119
  -------         ENDPROC       TM0_ISR
  -------         PROC          MAIN
  -------         DO            
  X:03C6H         SYMBOL        prox_data
  X:04F8H         SYMBOL        KeyCount
  X:04FAH         SYMBOL        KeyNum_Old
  X:04FBH         SYMBOL        KeyNum
  X:04FCH         SYMBOL        PressedKey
  X:03C8H         SYMBOL        prox_flag
  X:03C9H         SYMBOL        calib_day
  X:03CBH         SYMBOL        numStr
  -------         ENDDO         
  C:1CC6H         LINE#         121
  C:1CC6H         LINE#         122
  C:1CC6H         LINE#         127
  C:1CCCH         LINE#         129
  C:1CD1H         LINE#         133
  C:1CD3H         LINE#         134
  C:1CD5H         LINE#         135
  C:1CD7H         LINE#         136
  C:1CDEH         LINE#         137
  C:1CE5H         LINE#         147
  C:1CE7H         LINE#         148
  C:1CEAH         LINE#         149
  C:1CEDH         LINE#         150
  C:1CF0H         LINE#         151
  C:1CF3H         LINE#         152
  C:1CF6H         LINE#         155
  C:1CF9H         LINE#         157
BL51 BANKED LINKER/LOCATER V6.22                                                      12/11/2018  15:15:15  PAGE 9


  C:1CFCH         LINE#         158
  C:1CFFH         LINE#         159
  C:1D02H         LINE#         160
  C:1D04H         LINE#         161
  C:1D06H         LINE#         162
  C:1D08H         LINE#         164
  C:1D0AH         LINE#         166
  C:1D11H         LINE#         168
  C:1D18H         LINE#         172
  C:1D1FH         LINE#         173
  C:1D24H         LINE#         174
  C:1D29H         LINE#         175
  C:1D2EH         LINE#         176
  C:1D33H         LINE#         177
  C:1D38H         LINE#         180
  C:1D38H         LINE#         181
  C:1D38H         LINE#         182
  C:1D3BH         LINE#         185
  C:1D3BH         LINE#         188
  C:1D40H         LINE#         189
  C:1D45H         LINE#         191
  C:1D4AH         LINE#         192
  C:1D4FH         LINE#         193
  C:1D54H         LINE#         194
  C:1D59H         LINE#         196
  C:1D6AH         LINE#         198
  C:1D71H         LINE#         199
  C:1D79H         LINE#         200
  C:1D7EH         LINE#         201
  C:1D86H         LINE#         202
  C:1D8BH         LINE#         203
  C:1D95H         LINE#         204
  C:1D9AH         LINE#         205
  C:1DA2H         LINE#         207
  C:1DAAH         LINE#         208
  C:1DAFH         LINE#         209
  C:1DB9H         LINE#         210
  C:1DB9H         LINE#         211
  C:1DBBH         LINE#         212
  C:1DBDH         LINE#         213
  C:1DC7H         LINE#         214
  C:1DC7H         LINE#         215
  C:1DCCH         LINE#         216
  C:1DCCH         LINE#         228
  C:1DD9H         LINE#         229
  C:1DD9H         LINE#         230
  C:1DE3H         LINE#         231
  C:1DFAH         LINE#         232
  C:1DFAH         LINE#         233
  C:1DFCH         LINE#         234
  C:1DFEH         LINE#         236
  C:1DFEH         LINE#         237
  C:1E09H         LINE#         238
  C:1E09H         LINE#         239
  C:1E0EH         LINE#         240
  C:1E0EH         LINE#         241
  C:1E1BH         LINE#         242
BL51 BANKED LINKER/LOCATER V6.22                                                      12/11/2018  15:15:15  PAGE 10


  C:1E1BH         LINE#         245
  C:1E25H         LINE#         246
  C:1E3CH         LINE#         247
  C:1E3CH         LINE#         248
  C:1E3EH         LINE#         249
  C:1E40H         LINE#         251
  C:1E40H         LINE#         252
  C:1E4BH         LINE#         253
  C:1E4BH         LINE#         254
  C:1E50H         LINE#         255
  C:1E52H         LINE#         256
  C:1E52H         LINE#         265
  C:1E74H         LINE#         266
  C:1E74H         LINE#         267
  C:1E7EH         LINE#         268
  C:1E84H         LINE#         269
  C:1E86H         LINE#         270
  C:1E88H         LINE#         271
  C:1E8AH         LINE#         272
  C:1E8AH         LINE#         273
  C:1E8DH         LINE#         275
  C:1E8DH         LINE#         276
  C:1E93H         LINE#         277
  C:1E9BH         LINE#         278
  C:1EA1H         LINE#         279
  C:1EA9H         LINE#         280
  C:1EE4H         LINE#         284
  C:1EEEH         LINE#         285
  C:1EEEH         LINE#         287
  C:1F15H         LINE#         288
  C:1F3CH         LINE#         289
  C:1F3CH         LINE#         292
  C:1F3CH         LINE#         294
  C:1F3CH         LINE#         295
  C:1F5FH         LINE#         296
  C:1F5FH         LINE#         297
  C:1F67H         LINE#         298
  C:1F6EH         LINE#         299
  C:1F6EH         LINE#         301
  C:1F9FH         LINE#         302
  C:1F9FH         LINE#         304
  C:1FE5H         LINE#         305
  C:2036H         LINE#         306
  C:2044H         LINE#         307
  C:2044H         LINE#         308
  C:2059H         LINE#         309
  C:2060H         LINE#         311
  C:2060H         LINE#         312
  C:206EH         LINE#         313
  C:206EH         LINE#         330
  -------         ENDPROC       MAIN
  -------         PROC          UART
  C:3586H         LINE#         337
  C:3593H         LINE#         339
  C:3596H         LINE#         340
  C:3596H         LINE#         341
  C:35A4H         LINE#         342
BL51 BANKED LINKER/LOCATER V6.22                                                      12/11/2018  15:15:15  PAGE 11


  C:35A6H         LINE#         343
  C:35B8H         LINE#         344
  C:35C7H         LINE#         345
  C:35D2H         LINE#         346
  C:35D2H         LINE#         349
  C:35DFH         LINE#         350
  C:35E5H         LINE#         351
  C:35E5H         LINE#         352
  C:35EBH         LINE#         353
  C:35F9H         LINE#         354
  C:3607H         LINE#         355
  C:360FH         LINE#         360
  C:360FH         LINE#         361
  C:360FH         LINE#         364
  C:360FH         LINE#         365
  C:3612H         LINE#         366
  C:3612H         LINE#         367
  C:3614H         LINE#         368
  C:3616H         LINE#         369
  C:3616H         LINE#         370
  -------         ENDPROC       UART
  -------         PROC          _CALIB_INTERPOLATE
  X:0649H         SYMBOL        hours
  X:064DH         SYMBOL        mins
  -------         DO            
  X:0651H         SYMBOL        p_calib1
  X:0659H         SYMBOL        p_calib2
  X:0661H         SYMBOL        i
  X:0663H         SYMBOL        current_time
  -------         ENDDO         
  C:2B56H         LINE#         373
  C:2B5CH         LINE#         374
  C:2B5CH         LINE#         378
  C:2BB3H         LINE#         380
  C:2BD9H         LINE#         381
  C:2BD9H         LINE#         382
  C:2C4BH         LINE#         383
  C:2C4BH         LINE#         384
  C:2C78H         LINE#         385
  C:2C93H         LINE#         387
  C:2CC0H         LINE#         388
  C:2CDBH         LINE#         390
  C:2CDDH         LINE#         391
  C:2CDDH         LINE#         392
  C:2CF1H         LINE#         393
  C:2CF6H         LINE#         395
  -------         ENDPROC       _CALIB_INTERPOLATE
  -------         PROC          _SENDUART1
  D:0007H         SYMBOL        dat
  C:3F6CH         LINE#         398
  C:3F6CH         LINE#         399
  C:3F6CH         LINE#         400
  C:3F6FH         LINE#         401
  C:3F71H         LINE#         402
  C:3F72H         LINE#         403
  C:3F74H         LINE#         404
  -------         ENDPROC       _SENDUART1
BL51 BANKED LINKER/LOCATER V6.22                                                      12/11/2018  15:15:15  PAGE 12


  -------         PROC          _DISPLAY_PROX
  D:0002H         SYMBOL        dat
  -------         DO            
  X:0678H         SYMBOL        unit
  X:0679H         SYMBOL        ten
  X:067AH         SYMBOL        hundred
  X:067BH         SYMBOL        thousand
  -------         ENDDO         
  C:36BBH         LINE#         407
  C:36BFH         LINE#         408
  C:36BFH         LINE#         410
  C:36CBH         LINE#         411
  C:36DBH         LINE#         412
  C:36F7H         LINE#         413
  C:3727H         LINE#         414
  C:3731H         LINE#         415
  C:373BH         LINE#         416
  C:3745H         LINE#         417
  C:374FH         LINE#         419
  -------         ENDPROC       _DISPLAY_PROX
  -------         PROC          _DISPLAY_POS
  X:03D0H         SYMBOL        sign_dat
  -------         DO            
  X:03D4H         SYMBOL        unit
  X:03D5H         SYMBOL        ten
  X:03D6H         SYMBOL        hundred
  D:0003H         SYMBOL        thousand
  X:03D7H         SYMBOL        after_dot
  X:03D8H         SYMBOL        dat
  -------         ENDDO         
  C:29A1H         LINE#         422
  C:29A7H         LINE#         423
  C:29A7H         LINE#         427
  C:29C3H         LINE#         428
  C:29DDH         LINE#         429
  C:2A01H         LINE#         431
  C:2A4BH         LINE#         433
  C:2A62H         LINE#         434
  C:2A6FH         LINE#         435
  C:2A91H         LINE#         436
  C:2AC6H         LINE#         437
  C:2ADEH         LINE#         438
  C:2ADEH         LINE#         440
  C:2AE8H         LINE#         441
  C:2AF2H         LINE#         442
  C:2AFCH         LINE#         443
  C:2B01H         LINE#         444
  C:2B0BH         LINE#         445
  C:2B10H         LINE#         446
  C:2B15H         LINE#         447
  C:2B17H         LINE#         448
  C:2B19H         LINE#         450
  C:2B19H         LINE#         452
  C:2B1EH         LINE#         453
  C:2B28H         LINE#         454
  C:2B32H         LINE#         455
  C:2B3CH         LINE#         456
BL51 BANKED LINKER/LOCATER V6.22                                                      12/11/2018  15:15:15  PAGE 13


  C:2B41H         LINE#         457
  C:2B4BH         LINE#         458
  C:2B50H         LINE#         459
  C:2B55H         LINE#         461
  C:2B55H         LINE#         463
  -------         ENDPROC       _DISPLAY_POS
  -------         ENDMOD        MAIN

  -------         MODULE        PCF85063BTL
  C:0000H         SYMBOL        _ICE_DUMMY_
  D:0096H         PUBLIC        P2M0
  D:0080H         PUBLIC        P0
  D:0095H         PUBLIC        P2M1
  D:0090H         PUBLIC        P1
  D:00A0H         PUBLIC        P2
  D:00B0H         PUBLIC        P3
  D:00C0H         PUBLIC        P4
  D:00C8H         PUBLIC        P5
  D:00E8H         PUBLIC        P6
  B:00A0H.2       PUBLIC        PCF85063BTL_SDI
  D:00F8H         PUBLIC        P7
  B:00A0H.1       PUBLIC        PCF85063BTL_SCK
  B:00A0H.2       PUBLIC        PCF85063BTL_SDO
  D:00A8H         PUBLIC        IE
  C:3968H         PUBLIC        _Read_time
  C:3E9CH         PUBLIC        _PCF85063BTL_Delay
  D:00B8H         PUBLIC        IP
  D:00D8H         PUBLIC        CCON
  C:386FH         PUBLIC        _Day_Of_Year
  C:3D71H         PUBLIC        SPI_ReceiveByte
  D:0098H         PUBLIC        SCON
  D:0088H         PUBLIC        TCON
  C:3EE2H         PUBLIC        _BCDtoDec
  B:00A0H.0       PUBLIC        PCF85063BTL_CS
  C:3ED1H         PUBLIC        _SPI_ReadTime
  C:3F33H         PUBLIC        SPI_Init
  C:3E3BH         PUBLIC        _SPI_WriteTime
  C:3D51H         PUBLIC        _SPI_SendByte
  D:00D0H         PUBLIC        PSW
  C:3E98H         SYMBOL        L?0047
  -------         PROC          L?0046
  -------         ENDPROC       L?0046
  C:3E98H         SYMBOL        L?0047
  -------         PROC          _PCF85063BTL_DELAY
  D:0006H         SYMBOL        us
  C:3E9CH         LINE#         8
  C:3E9CH         LINE#         9
  C:3E9CH         LINE#         10
  C:3EA6H         LINE#         11
  C:3EA6H         LINE#         12
  C:3EA7H         LINE#         13
  C:3EA9H         LINE#         14
  -------         ENDPROC       _PCF85063BTL_DELAY
  -------         PROC          _SPI_SENDBYTE
  D:0005H         SYMBOL        dat
  -------         DO            
  D:0003H         SYMBOL        i
BL51 BANKED LINKER/LOCATER V6.22                                                      12/11/2018  15:15:15  PAGE 14


  -------         ENDDO         
  C:3D51H         LINE#         17
  C:3D53H         LINE#         18
  C:3D53H         LINE#         20
  C:3D55H         LINE#         21
  C:3D55H         LINE#         22
  C:3D57H         LINE#         23
  C:3D5BH         LINE#         24
  C:3D5BH         LINE#         25
  C:3D5DH         LINE#         26
  C:3D5FH         LINE#         28
  C:3D5FH         LINE#         29
  C:3D61H         LINE#         30
  C:3D61H         LINE#         31
  C:3D64H         LINE#         32
  C:3D64H         LINE#         33
  C:3D67H         LINE#         34
  C:3D6BH         LINE#         35
  C:3D70H         LINE#         36
  -------         ENDPROC       _SPI_SENDBYTE
  -------         PROC          SPI_RECEIVEBYTE
  -------         DO            
  D:0003H         SYMBOL        i
  D:0005H         SYMBOL        dat
  -------         ENDDO         
  C:3D71H         LINE#         39
  C:3D71H         LINE#         40
  C:3D71H         LINE#         42
  C:3D73H         LINE#         44
  C:3D75H         LINE#         45
  C:3D76H         LINE#         46
  C:3D76H         LINE#         47
  C:3D7AH         LINE#         48
  C:3D7CH         LINE#         49
  C:3D7FH         LINE#         51
  C:3D82H         LINE#         52
  C:3D82H         LINE#         53
  C:3D86H         LINE#         54
  C:3D86H         LINE#         55
  C:3D86H         LINE#         56
  C:3D89H         LINE#         57
  C:3D8EH         LINE#         58
  C:3D90H         LINE#         59
  -------         ENDPROC       SPI_RECEIVEBYTE
  -------         PROC          _SPI_READTIME
  D:0007H         SYMBOL        addr
  -------         DO            
  D:0006H         SYMBOL        dat
  -------         ENDDO         
  C:3ED1H         LINE#         61
  C:3ED1H         LINE#         62
  C:3ED1H         LINE#         64
  C:3ED3H         LINE#         65
  C:3ED5H         LINE#         66
  C:3EDCH         LINE#         67
  C:3EDFH         LINE#         68
  C:3EE1H         LINE#         69
BL51 BANKED LINKER/LOCATER V6.22                                                      12/11/2018  15:15:15  PAGE 15


  C:3EE1H         LINE#         70
  -------         ENDPROC       _SPI_READTIME
  -------         PROC          _SPI_WRITETIME
  D:0002H         SYMBOL        val
  D:0005H         SYMBOL        addr
  C:3E3BH         LINE#         71
  C:3E3DH         LINE#         72
  C:3E3DH         LINE#         74
  C:3E3FH         LINE#         75
  C:3E46H         LINE#         76
  C:3E4BH         LINE#         77
  C:3E50H         LINE#         78
  C:3E52H         LINE#         79
  -------         ENDPROC       _SPI_WRITETIME
  -------         PROC          SPI_INIT
  C:3F33H         LINE#         83
  C:3F33H         LINE#         84
  C:3F33H         LINE#         89
  C:3F36H         LINE#         90
  C:3F39H         LINE#         91
  C:3F3BH         LINE#         92
  C:3F3DH         LINE#         93
  C:3F3FH         LINE#         94
  -------         ENDPROC       SPI_INIT
  -------         PROC          _READ_TIME
  X:03D0H         SYMBOL        months
  X:03D3H         SYMBOL        days
  X:03D6H         SYMBOL        hours
  X:03D9H         SYMBOL        mins
  X:03DCH         SYMBOL        seconds
  C:3968H         LINE#         96
  C:3973H         LINE#         97
  C:3973H         LINE#         99
  C:3987H         LINE#         101
  C:399BH         LINE#         103
  C:39AFH         LINE#         108
  C:39C3H         LINE#         113
  -------         ENDPROC       _READ_TIME
  -------         PROC          _BCDTODEC
  D:0007H         SYMBOL        bcd
  -------         DO            
  D:0006H         SYMBOL        hi
  D:0007H         SYMBOL        lo
  -------         ENDDO         
  C:3EE2H         LINE#         119
  C:3EE2H         LINE#         120
  C:3EE2H         LINE#         122
  C:3EE7H         LINE#         123
  C:3EEBH         LINE#         124
  C:3EF2H         LINE#         125
  -------         ENDPROC       _BCDTODEC
  -------         PROC          _DAY_OF_YEAR
  D:0007H         SYMBOL        months_bcd
  D:0005H         SYMBOL        days_bcd
  -------         DO            
  D:0004H         SYMBOL        months
  D:0007H         SYMBOL        days
BL51 BANKED LINKER/LOCATER V6.22                                                      12/11/2018  15:15:15  PAGE 16


  -------         ENDDO         
  C:386FH         LINE#         126
  C:386FH         LINE#         127
  C:386FH         LINE#         130
  C:3874H         LINE#         132
  C:3879H         LINE#         134
  C:38B2H         LINE#         135
  C:38B2H         LINE#         136
  C:38B2H         LINE#         137
  C:38B5H         LINE#         138
  C:38B5H         LINE#         139
  C:38B5H         LINE#         140
  C:38BAH         LINE#         141
  C:38BAH         LINE#         142
  C:38BAH         LINE#         143
  C:38BFH         LINE#         144
  C:38BFH         LINE#         145
  C:38BFH         LINE#         146
  C:38C4H         LINE#         147
  C:38C4H         LINE#         148
  C:38C4H         LINE#         149
  C:38C9H         LINE#         150
  C:38C9H         LINE#         151
  C:38C9H         LINE#         152
  C:38CEH         LINE#         153
  C:38CEH         LINE#         154
  C:38CEH         LINE#         155
  C:38D3H         LINE#         156
  C:38D3H         LINE#         157
  C:38D3H         LINE#         158
  C:38D8H         LINE#         159
  C:38D8H         LINE#         160
  C:38D8H         LINE#         161
  C:38E0H         LINE#         162
  C:38E0H         LINE#         163
  C:38E0H         LINE#         164
  C:38E5H         LINE#         165
  C:38E5H         LINE#         166
  C:38E5H         LINE#         167
  C:38EAH         LINE#         168
  C:38EAH         LINE#         169
  C:38EAH         LINE#         170
  C:38F2H         LINE#         171
  C:38F2H         LINE#         172
  C:38F2H         LINE#         173
  -------         ENDPROC       _DAY_OF_YEAR
  -------         ENDMOD        PCF85063BTL

  -------         MODULE        UART1
  C:0000H         SYMBOL        _ICE_DUMMY_
  D:0080H         PUBLIC        P0
  D:0090H         PUBLIC        P1
  D:00A0H         PUBLIC        P2
  D:00B0H         PUBLIC        P3
  D:00C0H         PUBLIC        P4
  D:00C8H         PUBLIC        P5
  B:00A8H.7       PUBLIC        EA
BL51 BANKED LINKER/LOCATER V6.22                                                      12/11/2018  15:15:15  PAGE 17


  D:00E8H         PUBLIC        P6
  D:00F8H         PUBLIC        P7
  C:3C4EH         PUBLIC        _SendString
  D:00A8H         PUBLIC        IE
  B:00A8H.4       PUBLIC        ES
  D:00B8H         PUBLIC        IP
  C:3E53H         PUBLIC        _ASCIItoBCD
  D:00D8H         PUBLIC        CCON
  C:3EF3H         PUBLIC        initUART1
  D:0098H         PUBLIC        SCON
  D:0088H         PUBLIC        TCON
  C:0009H         PUBLIC        _DectoBCD
  C:3F81H         PUBLIC        _ASCII_Letter
  D:008EH         PUBLIC        AUXR
  C:0026H         PUBLIC        _unit
  C:0003H         PUBLIC        _ten
  D:00D6H         PUBLIC        T2H
  D:00D7H         PUBLIC        T2L
  D:00D0H         PUBLIC        PSW
  -------         PROC          INITUART1
  C:3EF3H         LINE#         21
  C:3EF3H         LINE#         22
  C:3EF3H         LINE#         23
  C:3EF6H         LINE#         24
  C:3EF9H         LINE#         25
  C:3EFCH         LINE#         26
  C:3EFFH         LINE#         27
  C:3F01H         LINE#         28
  C:3F03H         LINE#         30
  -------         ENDPROC       INITUART1
  -------         PROC          _SENDSTRING
  X:067CH         SYMBOL        s
  C:3C4EH         LINE#         35
  C:3C59H         LINE#         36
  C:3C59H         LINE#         37
  C:3C69H         LINE#         38
  C:3C69H         LINE#         39
  C:3C7EH         LINE#         40
  C:3C80H         LINE#         41
  -------         ENDPROC       _SENDSTRING
  -------         PROC          _TEN
  D:0007H         SYMBOL        BCD
  C:0003H         LINE#         43
  C:0003H         LINE#         44
  C:0003H         LINE#         45
  C:0008H         LINE#         46
  -------         ENDPROC       _TEN
  -------         PROC          _UNIT
  D:0007H         SYMBOL        BCD
  C:0026H         LINE#         47
  C:0026H         LINE#         48
  C:0026H         LINE#         52
  C:002AH         LINE#         53
  -------         ENDPROC       _UNIT
  -------         PROC          _DECTOBCD
  D:0007H         SYMBOL        dec
  C:0009H         LINE#         54
BL51 BANKED LINKER/LOCATER V6.22                                                      12/11/2018  15:15:15  PAGE 18


  C:0009H         LINE#         55
  C:0009H         LINE#         57
  C:0009H         LINE#         58
  -------         ENDPROC       _DECTOBCD
  -------         PROC          _ASCII_LETTER
  D:0007H         SYMBOL        dat
  C:3F81H         LINE#         60
  C:3F81H         LINE#         61
  C:3F81H         LINE#         63
  C:3F85H         LINE#         64
  -------         ENDPROC       _ASCII_LETTER
  -------         PROC          _ASCIITOBCD
  D:0001H         SYMBOL        ascii
  -------         DO            
  D:0007H         SYMBOL        dec_val
  D:0006H         SYMBOL        ten
  D:0007H         SYMBOL        unit
  -------         ENDDO         
  C:3E53H         LINE#         66
  C:3E53H         LINE#         67
  C:3E53H         LINE#         69
  C:3E56H         LINE#         70
  C:3E5CH         LINE#         71
  C:3E63H         LINE#         72
  C:3E69H         LINE#         74
  -------         ENDPROC       _ASCIITOBCD
  -------         ENDMOD        UART1

  -------         MODULE        LCD_DRIVER_SPLC780D
  C:0000H         SYMBOL        _ICE_DUMMY_
  D:0092H         PUBLIC        P1M0
  D:0091H         PUBLIC        P1M1
  D:0080H         PUBLIC        P0
  D:0090H         PUBLIC        P1
  D:00A0H         PUBLIC        P2
  D:00B0H         PUBLIC        P3
  D:00C0H         PUBLIC        P4
  D:00C8H         PUBLIC        P5
  D:00E8H         PUBLIC        P6
  D:00F8H         PUBLIC        P7
  C:38F3H         PUBLIC        _WriteData
  D:00A8H         PUBLIC        IE
  D:00B8H         PUBLIC        IP
  D:00D8H         PUBLIC        CCON
  B:0090H.4       PUBLIC        LCD_D4
  B:0090H.5       PUBLIC        LCD_D5
  B:0090H.6       PUBLIC        LCD_D6
  C:3DCDH         PUBLIC        _DisplayLCD
  B:0090H.7       PUBLIC        LCD_D7
  D:0098H         PUBLIC        SCON
  D:0088H         PUBLIC        TCON
  C:3F62H         PUBLIC        LCD_clear
  C:3B94H         PUBLIC        _Command
  C:000EH         PUBLIC        _Display_Line
  C:39D7H         PUBLIC        LCD_Init
  C:3D11H         PUBLIC        _Wait_ms
  B:0090H.1       PUBLIC        LCD_RS
BL51 BANKED LINKER/LOCATER V6.22                                                      12/11/2018  15:15:15  PAGE 19


  B:0090H.2       PUBLIC        LCD_RW
  C:3F58H         PUBLIC        LCD_return_home
  B:0090H.3       PUBLIC        LCD_E
  D:00D0H         PUBLIC        PSW
  -------         PROC          LCD_INIT
  C:39D7H         LINE#         9
  C:39D7H         LINE#         10
  C:39D7H         LINE#         11
  C:39DAH         LINE#         12
  C:39DDH         LINE#         14
  C:39E3H         LINE#         15
  C:39E8H         LINE#         17
  C:39EFH         LINE#         18
  C:39F4H         LINE#         20
  C:39F7H         LINE#         21
  C:39FCH         LINE#         23
  C:39FFH         LINE#         24
  C:3A04H         LINE#         26
  C:3A0BH         LINE#         29
  C:3A10H         LINE#         30
  C:3A15H         LINE#         32
  C:3A1AH         LINE#         33
  C:3A1FH         LINE#         35
  C:3A24H         LINE#         36
  C:3A29H         LINE#         37
  -------         ENDPROC       LCD_INIT
  -------         PROC          _WRITEDATA
  X:03DAH         SYMBOL        dat
  C:38F3H         LINE#         40
  C:38F8H         LINE#         41
  C:38F8H         LINE#         46
  C:38FAH         LINE#         47
  C:38FCH         LINE#         49
  C:390AH         LINE#         50
  C:3916H         LINE#         51
  C:3922H         LINE#         52
  C:392CH         LINE#         53
  C:392EH         LINE#         54
  C:3935H         LINE#         55
  C:3937H         LINE#         57
  C:3947H         LINE#         58
  C:3952H         LINE#         59
  C:395CH         LINE#         60
  C:3960H         LINE#         62
  C:3960H         LINE#         63
  C:3963H         LINE#         64
  C:3965H         LINE#         65
  C:3967H         LINE#         67
  -------         ENDPROC       _WRITEDATA
  -------         PROC          _COMMAND
  D:0007H         SYMBOL        dat
  C:3B94H         LINE#         69
  C:3B94H         LINE#         70
  C:3B94H         LINE#         71
  C:3B96H         LINE#         72
  C:3B98H         LINE#         74
  C:3BA2H         LINE#         75
BL51 BANKED LINKER/LOCATER V6.22                                                      12/11/2018  15:15:15  PAGE 20


  C:3BA6H         LINE#         77
  C:3BA8H         LINE#         78
  C:3BB1H         LINE#         79
  C:3BB5H         LINE#         81
  C:3BB7H         LINE#         82
  C:3BBEH         LINE#         83
  C:3BC2H         LINE#         85
  C:3BC4H         LINE#         86
  C:3BC8H         LINE#         87
  C:3BCCH         LINE#         89
  C:3BCEH         LINE#         90
  C:3BCEH         LINE#         91
  C:3BD1H         LINE#         92
  C:3BD3H         LINE#         93
  -------         ENDPROC       _COMMAND
  C:3D0DH         SYMBOL        L?0028
  -------         PROC          L?0027
  -------         ENDPROC       L?0027
  C:3D0DH         SYMBOL        L?0028
  -------         PROC          _WAIT_MS
  D:0006H         SYMBOL        ms
  -------         DO            
  D:0004H         SYMBOL        De_Cnt
  -------         ENDDO         
  C:3D11H         LINE#         95
  C:3D11H         LINE#         96
  C:3D11H         LINE#         98
  C:3D1BH         LINE#         99
  C:3D1BH         LINE#         100
  C:3D2EH         LINE#         101
  C:3D2EH         LINE#         102
  -------         ENDPROC       _WAIT_MS
  -------         PROC          _DISPLAYLCD
  D:0007H         SYMBOL        BCD
  -------         DO            
  D:0006H         SYMBOL        first_digit
  X:03D0H         SYMBOL        second_digit
  -------         ENDDO         
  C:3DCDH         LINE#         103
  C:3DCDH         LINE#         104
  C:3DCDH         LINE#         106
  C:3DD4H         LINE#         107
  C:3DDDH         LINE#         109
  C:3DE2H         LINE#         111
  -------         ENDPROC       _DISPLAYLCD
  -------         PROC          LCD_RETURN_HOME
  C:3F58H         LINE#         115
  C:3F58H         LINE#         116
  C:3F58H         LINE#         117
  C:3F5DH         LINE#         118
  -------         ENDPROC       LCD_RETURN_HOME
  -------         PROC          LCD_CLEAR
  C:3F62H         LINE#         121
  C:3F62H         LINE#         122
  C:3F62H         LINE#         123
  C:3F67H         LINE#         124
  -------         ENDPROC       LCD_CLEAR
BL51 BANKED LINKER/LOCATER V6.22                                                      12/11/2018  15:15:15  PAGE 21


  -------         PROC          _DISPLAY_LINE
  D:0006H         SYMBOL        line
  C:000EH         LINE#         128
  C:000EH         LINE#         129
  C:000EH         LINE#         130
  C:0014H         LINE#         131
  C:0014H         LINE#         132
  C:0016H         LINE#         133
  C:0016H         LINE#         134
  C:0018H         LINE#         136
  C:0018H         LINE#         137
  C:001DH         LINE#         138
  C:0022H         LINE#         139
  C:0022H         LINE#         140
  -------         ENDPROC       _DISPLAY_LINE
  -------         ENDMOD        LCD_DRIVER_SPLC780D

  -------         MODULE        KEYPAD
  C:0000H         SYMBOL        _ICE_DUMMY_
  D:0093H         PUBLIC        P0M1
  D:0080H         PUBLIC        P0
  D:0090H         PUBLIC        P1
  D:00A0H         PUBLIC        P2
  D:00B0H         PUBLIC        P3
  D:00C0H         PUBLIC        P4
  D:00C8H         PUBLIC        P5
  D:00E8H         PUBLIC        P6
  D:00F8H         PUBLIC        P7
  D:00A8H         PUBLIC        IE
  C:2CF7H         PUBLIC        Key_Scan
  D:00B8H         PUBLIC        IP
  D:00D8H         PUBLIC        CCON
  C:3F40H         PUBLIC        KeyPad_IO_Init
  C:3D91H         PUBLIC        _Delay_ms
  D:0098H         PUBLIC        SCON
  D:0088H         PUBLIC        TCON
  B:0020H.0       PUBLIC        small_move
  B:0020H.1       PUBLIC        move
  B:0020H.2       PUBLIC        direction
  B:0020H.3       PUBLIC        auto_move
  C:2331H         PUBLIC        Key_Process
  D:00D0H         PUBLIC        PSW
  D:0094H         PUBLIC        P0M0
  -------         PROC          _DELAY_MS
  D:0006H         SYMBOL        ms
  -------         DO            
  D:0004H         SYMBOL        De_Cnt
  -------         ENDDO         
  C:3D91H         LINE#         19
  C:3D91H         LINE#         20
  C:3D91H         LINE#         22
  C:3D9BH         LINE#         23
  C:3D9BH         LINE#         24
  C:3DAEH         LINE#         25
  C:3DAEH         LINE#         26
  -------         ENDPROC       _DELAY_MS
  -------         PROC          KEY_SCAN
BL51 BANKED LINKER/LOCATER V6.22                                                      12/11/2018  15:15:15  PAGE 22


  -------         DO            
  X:03D6H         SYMBOL        KeyTemp1
  X:03D7H         SYMBOL        KeyTemp2
  X:03D8H         SYMBOL        KeyValue
  -------         ENDDO         
  C:2CF7H         LINE#         27
  C:2CF7H         LINE#         28
  C:2CF7H         LINE#         33
  C:2CFAH         LINE#         36
  C:2CFDH         LINE#         38
  C:2D05H         LINE#         39
  C:2D0CH         LINE#         40
  C:2D0CH         LINE#         42
  C:2D11H         LINE#         43
  C:2D18H         LINE#         44
  C:2D18H         LINE#         47
  C:2D1BH         LINE#         48
  C:2D1EH         LINE#         49
  C:2D23H         LINE#         50
  C:2D27H         LINE#         51
  C:2D27H         LINE#         52
  C:2D2FH         LINE#         53
  C:2D2FH         LINE#         54
  C:2D32H         LINE#         55
  C:2D3AH         LINE#         56
  C:2D3CH         LINE#         58
  C:2D50H         LINE#         59
  C:2D50H         LINE#         60
  C:2D50H         LINE#         61
  C:2D50H         LINE#         62
  C:2D56H         LINE#         64
  C:2D58H         LINE#         65
  C:2D58H         LINE#         66
  C:2D58H         LINE#         67
  C:2D5EH         LINE#         69
  C:2D60H         LINE#         70
  C:2D60H         LINE#         71
  C:2D60H         LINE#         72
  C:2D66H         LINE#         74
  C:2D68H         LINE#         75
  C:2D68H         LINE#         76
  C:2D68H         LINE#         77
  C:2D6EH         LINE#         79
  C:2D6EH         LINE#         80
  C:2D6EH         LINE#         81
  C:2D6EH         LINE#         84
  C:2D71H         LINE#         85
  C:2D74H         LINE#         86
  C:2D7CH         LINE#         87
  C:2D80H         LINE#         88
  C:2D80H         LINE#         89
  C:2D88H         LINE#         90
  C:2D88H         LINE#         91
  C:2D8BH         LINE#         92
  C:2D93H         LINE#         93
  C:2D95H         LINE#         94
  C:2DA9H         LINE#         95
BL51 BANKED LINKER/LOCATER V6.22                                                      12/11/2018  15:15:15  PAGE 23


  C:2DA9H         LINE#         96
  C:2DA9H         LINE#         97
  C:2DA9H         LINE#         98
  C:2DAFH         LINE#         100
  C:2DB1H         LINE#         101
  C:2DB1H         LINE#         102
  C:2DB1H         LINE#         103
  C:2DB7H         LINE#         105
  C:2DB9H         LINE#         106
  C:2DB9H         LINE#         107
  C:2DB9H         LINE#         108
  C:2DBFH         LINE#         110
  C:2DC1H         LINE#         111
  C:2DC1H         LINE#         112
  C:2DC1H         LINE#         113
  C:2DC6H         LINE#         115
  C:2DC6H         LINE#         116
  C:2DC6H         LINE#         117
  C:2DC6H         LINE#         120
  C:2DC9H         LINE#         121
  C:2DCCH         LINE#         122
  C:2DD4H         LINE#         123
  C:2DD8H         LINE#         124
  C:2DD8H         LINE#         125
  C:2DE0H         LINE#         126
  C:2DE0H         LINE#         127
  C:2DE3H         LINE#         128
  C:2DEBH         LINE#         129
  C:2DEDH         LINE#         130
  C:2E01H         LINE#         131
  C:2E01H         LINE#         132
  C:2E01H         LINE#         133
  C:2E01H         LINE#         134
  C:2E07H         LINE#         136
  C:2E09H         LINE#         137
  C:2E09H         LINE#         138
  C:2E09H         LINE#         139
  C:2E0FH         LINE#         141
  C:2E11H         LINE#         142
  C:2E11H         LINE#         143
  C:2E11H         LINE#         144
  C:2E17H         LINE#         146
  C:2E19H         LINE#         147
  C:2E19H         LINE#         148
  C:2E19H         LINE#         149
  C:2E1FH         LINE#         151
  C:2E1FH         LINE#         152
  C:2E1FH         LINE#         153
  C:2E1FH         LINE#         157
  C:2E22H         LINE#         158
  C:2E25H         LINE#         159
  C:2E2DH         LINE#         160
  C:2E31H         LINE#         161
  C:2E31H         LINE#         162
  C:2E39H         LINE#         163
  C:2E39H         LINE#         164
  C:2E3CH         LINE#         165
BL51 BANKED LINKER/LOCATER V6.22                                                      12/11/2018  15:15:15  PAGE 24


  C:2E44H         LINE#         166
  C:2E46H         LINE#         167
  C:2E5AH         LINE#         168
  C:2E5AH         LINE#         169
  C:2E5AH         LINE#         170
  C:2E5AH         LINE#         171
  C:2E60H         LINE#         173
  C:2E62H         LINE#         174
  C:2E62H         LINE#         175
  C:2E62H         LINE#         176
  C:2E68H         LINE#         178
  C:2E6AH         LINE#         179
  C:2E6AH         LINE#         180
  C:2E6AH         LINE#         181
  C:2E70H         LINE#         183
  C:2E72H         LINE#         184
  C:2E72H         LINE#         185
  C:2E72H         LINE#         186
  C:2E78H         LINE#         188
  C:2E78H         LINE#         189
  C:2E78H         LINE#         190
  C:2E78H         LINE#         192
  C:2E7EH         LINE#         193
  C:2E7EH         LINE#         195
  C:2E7EH         LINE#         196
  C:2E81H         LINE#         197
  C:2E81H         LINE#         198
  C:2E81H         LINE#         200
  C:2E81H         LINE#         201
  C:2E83H         LINE#         202
  C:2E83H         LINE#         203
  -------         ENDPROC       KEY_SCAN
  -------         PROC          KEY_PROCESS
  -------         DO            
  X:0667H         SYMBOL        KeyCount
  X:0669H         SYMBOL        KeyNum_Old
  X:066AH         SYMBOL        KeyNum
  X:066BH         SYMBOL        PressedKey
  X:03D0H         SYMBOL        d
  D:0004H         SYMBOL        hours
  D:0006H         SYMBOL        mins
  X:03D2H         SYMBOL        months
  X:03D4H         SYMBOL        days
  -------         ENDDO         
  C:2331H         LINE#         204
  C:2331H         LINE#         205
  C:2331H         LINE#         209
  C:2339H         LINE#         210
  C:2341H         LINE#         212
  C:2344H         LINE#         213
  C:2344H         LINE#         214
  C:2347H         LINE#         216
  C:2347H         LINE#         217
  C:2354H         LINE#         218
  C:2354H         LINE#         219
  C:2357H         LINE#         220
  C:235AH         LINE#         222
BL51 BANKED LINKER/LOCATER V6.22                                                      12/11/2018  15:15:15  PAGE 25


  C:235DH         LINE#         224
  C:235DH         LINE#         225
  C:2368H         LINE#         226
  C:2368H         LINE#         227
  C:236BH         LINE#         229
  C:236BH         LINE#         230
  C:2372H         LINE#         231
  C:2372H         LINE#         232
  C:2375H         LINE#         234
  C:2375H         LINE#         235
  C:237DH         LINE#         236
  C:237DH         LINE#         237
  C:2387H         LINE#         238
  C:238FH         LINE#         240
  C:2398H         LINE#         242
  C:2398H         LINE#         251
  C:23ADH         LINE#         252
  C:23ADH         LINE#         253
  C:23BFH         LINE#         254
  C:23CDH         LINE#         255
  C:23DCH         LINE#         256
  C:23DCH         LINE#         258
  C:23E2H         LINE#         262
  C:23F8H         LINE#         263
  C:2409H         LINE#         264
  C:2424H         LINE#         265
  C:2424H         LINE#         266
  C:2434H         LINE#         267
  C:2445H         LINE#         268
  C:2445H         LINE#         272
  C:245EH         LINE#         273
  C:2475H         LINE#         274
  C:2495H         LINE#         275
  C:2495H         LINE#         276
  C:249FH         LINE#         277
  C:249FH         LINE#         278
  C:24A8H         LINE#         279
  C:24A8H         LINE#         280
  C:24BCH         LINE#         281
  C:24BCH         LINE#         282
  C:24BCH         LINE#         283
  C:24BCH         LINE#         284
  C:24BCH         LINE#         285
  C:24BEH         LINE#         287
  C:24BEH         LINE#         288
  C:24CAH         LINE#         289
  C:24CAH         LINE#         290
  C:24DBH         LINE#         291
  C:24DBH         LINE#         292
  C:24DBH         LINE#         293
  C:24DBH         LINE#         294
  C:24DBH         LINE#         296
  C:24DDH         LINE#         298
  C:24DDH         LINE#         299
  C:24EEH         LINE#         300
  C:24EEH         LINE#         301
  C:24EEH         LINE#         302
BL51 BANKED LINKER/LOCATER V6.22                                                      12/11/2018  15:15:15  PAGE 26


  C:24EEH         LINE#         303
  C:24EEH         LINE#         305
  C:24EEH         LINE#         307
  C:24EEH         LINE#         308
  C:24F0H         LINE#         310
  C:24F0H         LINE#         311
  C:2503H         LINE#         312
  C:2503H         LINE#         313
  C:2514H         LINE#         314
  C:2514H         LINE#         315
  C:2514H         LINE#         316
  C:2514H         LINE#         317
  C:2514H         LINE#         318
  C:2516H         LINE#         320
  C:2516H         LINE#         321
  C:2527H         LINE#         322
  C:2527H         LINE#         323
  C:2538H         LINE#         324
  C:2549H         LINE#         325
  C:2549H         LINE#         326
  C:2549H         LINE#         327
  C:2549H         LINE#         328
  C:2549H         LINE#         329
  C:254CH         LINE#         330
  C:2551H         LINE#         331
  C:2556H         LINE#         332
  C:255BH         LINE#         333
  C:2560H         LINE#         334
  C:2565H         LINE#         335
  C:256AH         LINE#         336
  C:256FH         LINE#         337
  C:256FH         LINE#         339
  C:2591H         LINE#         340
  C:2591H         LINE#         341
  C:259BH         LINE#         342
  C:259BH         LINE#         343
  C:25A0H         LINE#         344
  C:25A9H         LINE#         345
  C:25C0H         LINE#         346
  C:25C0H         LINE#         347
  C:25D0H         LINE#         349
  C:25D0H         LINE#         353
  -------         ENDPROC       KEY_PROCESS
  -------         PROC          KEYPAD_IO_INIT
  C:3F40H         LINE#         356
  C:3F40H         LINE#         357
  C:3F40H         LINE#         358
  C:3F43H         LINE#         359
  C:3F46H         LINE#         360
  C:3F49H         LINE#         361
  C:3F4BH         LINE#         362
  -------         ENDPROC       KEYPAD_IO_INIT
  -------         ENDMOD        KEYPAD

  -------         MODULE        VCNL4035
  C:0000H         SYMBOL        _ICE_DUMMY_
  D:0080H         PUBLIC        P0
BL51 BANKED LINKER/LOCATER V6.22                                                      12/11/2018  15:15:15  PAGE 27


  B:00B0H.2       PUBLIC        I2C_SCK
  D:00B2H         PUBLIC        P3M0
  D:0090H         PUBLIC        P1
  D:00B1H         PUBLIC        P3M1
  D:00A0H         PUBLIC        P2
  D:00B0H         PUBLIC        P3
  D:00C0H         PUBLIC        P4
  D:00C8H         PUBLIC        P5
  D:00E8H         PUBLIC        P6
  D:00F8H         PUBLIC        P7
  D:00A8H         PUBLIC        IE
  C:3F7BH         PUBLIC        _DisplayLCD_VCNL4035
  D:00B8H         PUBLIC        IP
  D:00D8H         PUBLIC        CCON
  C:3EBEH         PUBLIC        I2C_Start
  D:0098H         PUBLIC        SCON
  C:3E6AH         PUBLIC        I2C_Init
  D:0088H         PUBLIC        TCON
  C:3F15H         PUBLIC        uC_NACK
  C:3CEDH         PUBLIC        _Wait_ms_i2c
  C:3D2FH         PUBLIC        _I2C_SendByte
  C:3E81H         PUBLIC        I2C_Stop
  C:3A7AH         PUBLIC        _Write_VCNL4035X
  C:000AH         PUBLIC        nop
  C:3621H         PUBLIC        _Read_VCNL4035
  C:3F75H         PUBLIC        uC_ACK
  C:3E0AH         PUBLIC        I2C_ACK
  C:3DAFH         PUBLIC        _Wait_ms_iic
  B:00B0H.1       PUBLIC        I2C_SDA
  D:00D0H         PUBLIC        PSW
  C:3CBAH         PUBLIC        I2C_ReceiveByte
  -------         PROC          _WAIT_MS_IIC
  D:0006H         SYMBOL        ms
  -------         DO            
  D:0004H         SYMBOL        De_Cnt
  -------         ENDDO         
  C:3DAFH         LINE#         5
  C:3DAFH         LINE#         6
  C:3DAFH         LINE#         8
  C:3DB9H         LINE#         9
  C:3DB9H         LINE#         10
  C:3DCCH         LINE#         11
  C:3DCCH         LINE#         12
  -------         ENDPROC       _WAIT_MS_IIC
  C:3CE7H         SYMBOL        L?0048
  C:3CE9H         SYMBOL        L?0049
  -------         PROC          L?0047
  -------         ENDPROC       L?0047
  C:3CE7H         SYMBOL        L?0048
  C:3CE9H         SYMBOL        L?0049
  -------         PROC          _WAIT_MS_I2C
  D:0006H         SYMBOL        ms
  -------         DO            
  D:0004H         SYMBOL        De_Cnt
  -------         ENDDO         
  C:3CEDH         LINE#         14
  C:3CEDH         LINE#         15
BL51 BANKED LINKER/LOCATER V6.22                                                      12/11/2018  15:15:15  PAGE 28


  C:3CEDH         LINE#         17
  C:3CF7H         LINE#         18
  C:3CF7H         LINE#         19
  C:3D0AH         LINE#         20
  C:3D0AH         LINE#         21
  -------         ENDPROC       _WAIT_MS_I2C
  -------         PROC          NOP
  C:000AH         LINE#         22
  C:000AH         LINE#         23
  C:000AH         LINE#         25
  -------         ENDPROC       NOP
  -------         PROC          I2C_START
  C:3EBEH         LINE#         26
  C:3EBEH         LINE#         27
  C:3EBEH         LINE#         29
  C:3EC0H         LINE#         30
  C:3EC2H         LINE#         31
  C:3EC9H         LINE#         32
  C:3ECBH         LINE#         33
  C:3ECEH         LINE#         34
  C:3ED0H         LINE#         37
  -------         ENDPROC       I2C_START
  -------         PROC          I2C_STOP
  C:3E81H         LINE#         39
  C:3E81H         LINE#         40
  C:3E81H         LINE#         41
  C:3E83H         LINE#         42
  C:3E85H         LINE#         43
  C:3E88H         LINE#         44
  C:3E8AH         LINE#         45
  C:3E8CH         LINE#         46
  C:3E93H         LINE#         47
  C:3E95H         LINE#         50
  -------         ENDPROC       I2C_STOP
  -------         PROC          L?0050
  -------         ENDPROC       L?0050
  -------         PROC          I2C_ACK
  -------         DO            
  X:0682H         SYMBOL        i
  D:0003H         SYMBOL        dat
  -------         ENDDO         
  C:3E0AH         LINE#         52
  C:3E0AH         LINE#         53
  C:3E0AH         LINE#         55
  C:3E0BH         LINE#         60
  C:3E0EH         LINE#         61
  C:3E10H         LINE#         62
  C:3E13H         LINE#         64
  C:3E16H         LINE#         65
  C:3E16H         LINE#         66
  C:3E1AH         LINE#         67
  C:3E1AH         LINE#         70
  C:3E1AH         LINE#         71
  C:3E1DH         LINE#         72
  C:3E1DH         LINE#         73
  C:3E1FH         LINE#         74
  -------         ENDPROC       I2C_ACK
BL51 BANKED LINKER/LOCATER V6.22                                                      12/11/2018  15:15:15  PAGE 29


  -------         PROC          UC_ACK
  -------         DO            
  X:0683H         SYMBOL        i
  -------         ENDDO         
  C:3F75H         LINE#         75
  C:3F75H         LINE#         76
  C:3F75H         LINE#         78
  C:3F75H         LINE#         85
  C:3F75H         LINE#         87
  C:3F75H         LINE#         89
  C:3F75H         LINE#         90
  C:3F75H         LINE#         93
  C:3F78H         LINE#         94
  C:3F7AH         LINE#         95
  C:3F7AH         LINE#         99
  -------         ENDPROC       UC_ACK
  -------         PROC          UC_NACK
  -------         DO            
  X:0684H         SYMBOL        i
  -------         ENDDO         
  C:3F15H         LINE#         101
  C:3F15H         LINE#         102
  C:3F15H         LINE#         104
  C:3F15H         LINE#         108
  C:3F17H         LINE#         111
  C:3F17H         LINE#         112
  C:3F19H         LINE#         113
  C:3F19H         LINE#         115
  C:3F19H         LINE#         116
  C:3F19H         LINE#         119
  C:3F1CH         LINE#         120
  C:3F1EH         LINE#         121
  C:3F21H         LINE#         122
  C:3F23H         LINE#         123
  C:3F23H         LINE#         127
  -------         ENDPROC       UC_NACK
  -------         PROC          I2C_INIT
  C:3E6AH         LINE#         129
  C:3E6AH         LINE#         130
  C:3E6AH         LINE#         133
  C:3E6DH         LINE#         134
  C:3E70H         LINE#         139
  C:3E78H         LINE#         141
  -------         ENDPROC       I2C_INIT
  -------         PROC          _I2C_SENDBYTE
  D:0001H         SYMBOL        dat
  -------         DO            
  D:0003H         SYMBOL        i
  -------         ENDDO         
  C:3D2FH         LINE#         145
  C:3D31H         LINE#         146
  C:3D31H         LINE#         149
  C:3D33H         LINE#         150
  C:3D33H         LINE#         151
  C:3D35H         LINE#         153
  C:3D39H         LINE#         154
  C:3D39H         LINE#         155
BL51 BANKED LINKER/LOCATER V6.22                                                      12/11/2018  15:15:15  PAGE 30


  C:3D3BH         LINE#         156
  C:3D3DH         LINE#         158
  C:3D3DH         LINE#         159
  C:3D3FH         LINE#         160
  C:3D3FH         LINE#         161
  C:3D42H         LINE#         162
  C:3D44H         LINE#         164
  C:3D48H         LINE#         165
  C:3D4BH         LINE#         166
  C:3D50H         LINE#         167
  -------         ENDPROC       _I2C_SENDBYTE
  -------         PROC          L?0051
  -------         ENDPROC       L?0051
  -------         PROC          I2C_RECEIVEBYTE
  -------         DO            
  D:0003H         SYMBOL        i
  D:0001H         SYMBOL        dat
  -------         ENDDO         
  C:3CBAH         LINE#         171
  C:3CBAH         LINE#         172
  C:3CBAH         LINE#         174
  C:3CBCH         LINE#         178
  C:3CBDH         LINE#         179
  C:3CBDH         LINE#         180
  C:3CC1H         LINE#         181
  C:3CC3H         LINE#         182
  C:3CC6H         LINE#         184
  C:3CC9H         LINE#         185
  C:3CC9H         LINE#         186
  C:3CCDH         LINE#         187
  C:3CCDH         LINE#         188
  C:3CCDH         LINE#         189
  C:3CD0H         LINE#         190
  C:3CD4H         LINE#         191
  C:3CD4H         LINE#         192
  C:3CD6H         LINE#         193
  C:3CD8H         LINE#         194
  C:3CD8H         LINE#         196
  C:3CDDH         LINE#         197
  C:3CDFH         LINE#         198
  -------         ENDPROC       I2C_RECEIVEBYTE
  -------         PROC          _WRITE_VCNL4035X
  X:067FH         SYMBOL        command_code
  X:0680H         SYMBOL        dat_h
  X:0681H         SYMBOL        dat_l
  C:3A7AH         LINE#         199
  C:3A85H         LINE#         200
  C:3A85H         LINE#         201
  C:3A88H         LINE#         202
  C:3A8FH         LINE#         203
  C:3A8FH         LINE#         204
  C:3A95H         LINE#         205
  C:3A95H         LINE#         206
  C:3A9DH         LINE#         207
  C:3A9DH         LINE#         208
  C:3AA3H         LINE#         209
  C:3AABH         LINE#         211
BL51 BANKED LINKER/LOCATER V6.22                                                      12/11/2018  15:15:15  PAGE 31


  C:3AB1H         LINE#         212
  C:3AB9H         LINE#         214
  C:3ABFH         LINE#         215
  C:3AC2H         LINE#         216
  -------         ENDPROC       _WRITE_VCNL4035X
  -------         PROC          _READ_VCNL4035
  X:0670H         SYMBOL        command_code
  -------         DO            
  X:0672H         SYMBOL        temp_dat
  X:0674H         SYMBOL        temp_dat_l
  X:0676H         SYMBOL        temp_dat_h
  -------         ENDDO         
  C:3621H         LINE#         218
  C:3629H         LINE#         219
  C:3629H         LINE#         220
  C:3636H         LINE#         222
  C:3639H         LINE#         223
  C:363CH         LINE#         224
  C:3641H         LINE#         226
  C:3647H         LINE#         227
  C:3647H         LINE#         228
  C:3647H         LINE#         229
  C:3647H         LINE#         230
  C:3652H         LINE#         231
  C:3655H         LINE#         232
  C:3658H         LINE#         233
  C:3658H         LINE#         236
  C:365BH         LINE#         238
  C:3662H         LINE#         239
  C:3662H         LINE#         240
  C:3662H         LINE#         241
  C:366DH         LINE#         242
  C:3670H         LINE#         243
  C:3673H         LINE#         244
  C:3676H         LINE#         245
  C:3679H         LINE#         246
  C:367CH         LINE#         247
  C:367FH         LINE#         248
  C:3682H         LINE#         249
  C:3685H         LINE#         250
  C:3685H         LINE#         251
  C:368BH         LINE#         252
  C:368BH         LINE#         253
  C:3694H         LINE#         255
  C:3694H         LINE#         256
  C:369AH         LINE#         257
  C:369AH         LINE#         259
  C:369CH         LINE#         260
  C:36A2H         LINE#         261
  C:36A5H         LINE#         262
  C:36ACH         LINE#         263
  C:36ACH         LINE#         264
  C:36BAH         LINE#         265
  -------         ENDPROC       _READ_VCNL4035
  -------         PROC          _DISPLAYLCD_VCNL4035
  X:0685H         SYMBOL        dat
  C:3F7BH         LINE#         267
BL51 BANKED LINKER/LOCATER V6.22                                                      12/11/2018  15:15:15  PAGE 32


  C:3F80H         LINE#         268
  C:3F80H         LINE#         270
  -------         ENDPROC       _DISPLAYLCD_VCNL4035
  -------         ENDMOD        VCNL4035

  -------         MODULE        BIPOLARMOTOR
  C:0000H         SYMBOL        _ICE_DUMMY_
  D:0080H         PUBLIC        P0
  D:0090H         PUBLIC        P1
  D:00A0H         PUBLIC        P2
  D:00B0H         PUBLIC        P3
  D:00C0H         PUBLIC        P4
  D:00C8H         PUBLIC        P5
  D:00E8H         PUBLIC        P6
  D:00F8H         PUBLIC        P7
  D:00A8H         PUBLIC        IE
  C:339DH         PUBLIC        linear_interpolate
  C:3C81H         PUBLIC        _Move
  D:00B8H         PUBLIC        IP
  C:2803H         PUBLIC        _findDet3x3
  C:2071H         PUBLIC        _findDet4x4
  D:00D8H         PUBLIC        CCON
  X:0000H         PUBLIC        previous_move_time
  D:0098H         PUBLIC        SCON
  D:0088H         PUBLIC        TCON
  C:3F86H         PUBLIC        wait
  C:3AC3H         PUBLIC        _Step_move
  C:0928H         PUBLIC        _Update_position
  C:3B0AH         PUBLIC        vOneStepMove
  X:0001H         PUBLIC        elevation_stamp
  X:002DH         PUBLIC        date_azimuth_mapping
  X:0079H         PUBLIC        RX_pos
  C:3E2AH         PUBLIC        _BCDtoDec1
  X:03BDH         PUBLIC        degree
  D:00D0H         PUBLIC        PSW
  C:3E20H         SYMBOL        L?0067
  C:3E23H         SYMBOL        L?0068
  -------         PROC          L?0066
  -------         ENDPROC       L?0066
  C:3E20H         SYMBOL        L?0067
  C:3E23H         SYMBOL        L?0068
  -------         PROC          _BCDTODEC1
  D:0007H         SYMBOL        bcd
  -------         DO            
  D:0006H         SYMBOL        hi
  D:0007H         SYMBOL        lo
  -------         ENDDO         
  C:3E2AH         LINE#         23
  C:3E2AH         LINE#         24
  C:3E2AH         LINE#         26
  C:3E2FH         LINE#         27
  C:3E33H         LINE#         28
  C:3E3AH         LINE#         29
  -------         ENDPROC       _BCDTODEC1
  -------         PROC          WAIT
  C:3F86H         LINE#         31
  C:3F86H         LINE#         33
BL51 BANKED LINKER/LOCATER V6.22                                                      12/11/2018  15:15:15  PAGE 33


  -------         ENDPROC       WAIT
  -------         PROC          VONESTEPMOVE
  B:0020H.7       SYMBOL        bDir
  -------         DO            
  X:0497H         SYMBOL        temp
  -------         ENDDO         
  C:3B0AH         LINE#         35
  C:3B0AH         LINE#         36
  C:3B0AH         LINE#         38
  C:3B10H         LINE#         39
  C:3B13H         LINE#         40
  C:3B13H         LINE#         41
  C:3B24H         LINE#         42
  C:3B24H         LINE#         43
  C:3B24H         LINE#         44
  C:3B26H         LINE#         45
  C:3B26H         LINE#         46
  C:3B26H         LINE#         47
  C:3B28H         LINE#         48
  C:3B28H         LINE#         49
  C:3B28H         LINE#         50
  C:3B2AH         LINE#         51
  C:3B2AH         LINE#         52
  C:3B2AH         LINE#         53
  C:3B2CH         LINE#         54
  C:3B2CH         LINE#         55
  C:3B2CH         LINE#         57
  C:3B2CH         LINE#         58
  C:3B40H         LINE#         59
  C:3B40H         LINE#         60
  C:3B43H         LINE#         61
  C:3B44H         LINE#         62
  C:3B44H         LINE#         63
  C:3B47H         LINE#         64
  C:3B48H         LINE#         65
  C:3B48H         LINE#         66
  C:3B4BH         LINE#         67
  C:3B4CH         LINE#         68
  C:3B4CH         LINE#         69
  C:3B4FH         LINE#         70
  C:3B4FH         LINE#         71
  C:3B4FH         LINE#         72
  C:3B4FH         LINE#         73
  -------         ENDPROC       VONESTEPMOVE
  -------         PROC          _STEP_MOVE
  X:0493H         SYMBOL        step
  B:0020H.6       SYMBOL        dir
  -------         DO            
  X:0495H         SYMBOL        i
  -------         ENDDO         
  C:3AC3H         LINE#         75
  C:3ACBH         LINE#         76
  C:3ACBH         LINE#         78
  C:3AD0H         LINE#         81
  C:3AEBH         LINE#         82
  C:3AEBH         LINE#         83
  C:3AF2H         LINE#         84
BL51 BANKED LINKER/LOCATER V6.22                                                      12/11/2018  15:15:15  PAGE 34


  C:3AF9H         LINE#         85
  C:3B09H         LINE#         87
  -------         ENDPROC       _STEP_MOVE
  -------         PROC          _MOVE
  X:048FH         SYMBOL        distance
  B:0020H.5       SYMBOL        direction
  -------         DO            
  D:0006H         SYMBOL        step
  -------         ENDDO         
  C:3C81H         LINE#         89
  C:3C87H         LINE#         90
  C:3C87H         LINE#         92
  C:3CADH         LINE#         93
  -------         ENDPROC       _MOVE
  C:27E4H         SYMBOL        L?0064
  C:27F8H         SYMBOL        L?0065
  -------         PROC          L?0063
  -------         ENDPROC       L?0063
  C:27E4H         SYMBOL        L?0064
  C:27F8H         SYMBOL        L?0065
  -------         PROC          _FINDDET3X3
  X:0625H         SYMBOL        a11
  X:0629H         SYMBOL        a12
  X:062DH         SYMBOL        a13
  X:0631H         SYMBOL        a21
  X:0635H         SYMBOL        a22
  X:0639H         SYMBOL        a23
  X:063DH         SYMBOL        a31
  X:0641H         SYMBOL        a32
  X:0645H         SYMBOL        a33
  C:2803H         LINE#         97
  C:2809H         LINE#         101
  C:2809H         LINE#         102
  C:29A0H         LINE#         104
  -------         ENDPROC       _FINDDET3X3
  -------         PROC          _FINDDET4X4
  X:05E5H         SYMBOL        a11
  X:05E9H         SYMBOL        a12
  X:05EDH         SYMBOL        a13
  X:05F1H         SYMBOL        a14
  X:05F5H         SYMBOL        a21
  X:05F9H         SYMBOL        a22
  X:05FDH         SYMBOL        a23
  X:0601H         SYMBOL        a24
  X:0605H         SYMBOL        a31
  X:0609H         SYMBOL        a32
  X:060DH         SYMBOL        a33
  X:0611H         SYMBOL        a34
  X:0615H         SYMBOL        a41
  X:0619H         SYMBOL        a42
  X:061DH         SYMBOL        a43
  X:0621H         SYMBOL        a44
  C:2071H         LINE#         105
  C:2077H         LINE#         109
  C:2077H         LINE#         116
  C:2330H         LINE#         120
  -------         ENDPROC       _FINDDET4X4
BL51 BANKED LINKER/LOCATER V6.22                                                      12/11/2018  15:15:15  PAGE 35


  -------         PROC          L?0069
  -------         ENDPROC       L?0069
  -------         PROC          LINEAR_INTERPOLATE
  X:048FH         SYMBOL        p1
  X:0497H         SYMBOL        p2
  X:049FH         SYMBOL        x
  -------         DO            
  D:0004H         SYMBOL        fx
  -------         ENDDO         
  C:339DH         LINE#         126
  C:339DH         LINE#         127
  C:339DH         LINE#         130
  C:343CH         LINE#         132
  C:343CH         LINE#         133
  -------         ENDPROC       LINEAR_INTERPOLATE
[...]
  C:180FH         LINE#         96
  C:183CH         LINE#         98
  C:185EH         LINE#         100
  C:1896H         LINE#         103
  C:1896H         LINE#         104
  C:18A4H         LINE#         105
  -------         ENDPROC       SUNPOS
  -------         ENDMOD        SUNPOS

  -------         MODULE        ADC
  C:0000H         SYMBOL        _ICE_DUMMY_
  C:3F04H         PUBLIC        initADC
  D:0080H         PUBLIC        P0
  D:0090H         PUBLIC        P1
  D:00A0H         PUBLIC        P2
  D:00B0H         PUBLIC        P3
BL51 BANKED LINKER/LOCATER V6.22                                                      12/11/2018  15:15:15  PAGE 39


  D:00C0H         PUBLIC        P4
  D:00C8H         PUBLIC        P5
  D:00E8H         PUBLIC        P6
  D:00F8H         PUBLIC        P7
  D:00A8H         PUBLIC        IE
  D:00BDH         PUBLIC        ADC_RES
  D:00B8H         PUBLIC        IP
  D:00D8H         PUBLIC        CCON
  D:00BCH         PUBLIC        ADC_CONTR
  D:0098H         PUBLIC        SCON
  D:0088H         PUBLIC        TCON
  C:3BD4H         PUBLIC        adc_isr
  D:009DH         PUBLIC        P1ASF
  D:00BEH         PUBLIC        ADC_RESL
  D:00D0H         PUBLIC        PSW
  -------         PROC          ADC_ISR
  C:3BD4H         LINE#         5
  C:3BDFH         LINE#         8
  C:3BE2H         LINE#         9
  C:3BECH         LINE#         10
  C:3C0AH         LINE#         11
  -------         ENDPROC       ADC_ISR
  -------         PROC          INITADC
  C:3F04H         LINE#         13
  C:3F04H         LINE#         14
  C:3F04H         LINE#         15
  C:3F07H         LINE#         16
  C:3F0AH         LINE#         17
  C:3F0CH         LINE#         18
  C:3F0FH         LINE#         19
  -------         ENDPROC       INITADC
  -------         ENDMOD        ADC

  -------         MODULE        CALIBRATION
  C:0000H         SYMBOL        _ICE_DUMMY_
  D:0080H         PUBLIC        P0
  D:0090H         PUBLIC        P1
  D:00A0H         PUBLIC        P2
  D:00B0H         PUBLIC        P3
  D:00C0H         PUBLIC        P4
  D:00C8H         PUBLIC        P5
  D:00E8H         PUBLIC        P6
  D:00F8H         PUBLIC        P7
  C:3750H         PUBLIC        _Max_Value
  D:00A8H         PUBLIC        IE
  C:3209H         PUBLIC        _calibration
  C:32D1H         PUBLIC        voltage_is_stable
  D:00B8H         PUBLIC        IP
  D:00D8H         PUBLIC        CCON
  D:0098H         PUBLIC        SCON
  D:0088H         PUBLIC        TCON
  C:25D1H         PUBLIC        _Find_Real_Max
  D:00D0H         PUBLIC        PSW
  -------         PROC          VOLTAGE_IS_STABLE
  -------         DO            
  X:03E0H         SYMBOL        sample_voltage
  X:03F4H         SYMBOL        i
BL51 BANKED LINKER/LOCATER V6.22                                                      12/11/2018  15:15:15  PAGE 40


  X:03F6H         SYMBOL        ch
  -------         ENDDO         
  C:32D1H         LINE#         17
  C:32D1H         LINE#         18
  C:32D1H         LINE#         20
  C:32D8H         LINE#         21
  C:32DEH         LINE#         22
  C:32DEH         LINE#         23
  C:3307H         LINE#         24
  C:3326H         LINE#         26
  C:3340H         LINE#         27
  C:3340H         LINE#         28
  C:3373H         LINE#         29
  C:3377H         LINE#         30
  C:3387H         LINE#         31
  C:338BH         LINE#         32
  -------         ENDPROC       VOLTAGE_IS_STABLE
  -------         PROC          _FIND_REAL_MAX
  X:03E0H         SYMBOL        current_position
  -------         DO            
  X:03E3H         SYMBOL        ch
  X:03E4H         SYMBOL        calib_step_move
  X:03E8H         SYMBOL        voltage_at_scanned_pos
  X:0438H         SYMBOL        max_location
  X:043AH         SYMBOL        i
  -------         ENDDO         
  C:25D1H         LINE#         33
  C:25DCH         LINE#         34
  C:25DCH         LINE#         35
  C:25DFH         LINE#         36
  C:25E7H         LINE#         40
  C:25EFH         LINE#         41
  C:25EFH         LINE#         42
  C:2602H         LINE#         43
  C:2628H         LINE#         44
  C:2650H         LINE#         45
  C:2657H         LINE#         46
  C:2679H         LINE#         48
  C:2686H         LINE#         49
  C:26ADH         LINE#         50
  C:26B4H         LINE#         52
  C:26BCH         LINE#         53
  C:26BCH         LINE#         55
  C:26CFH         LINE#         56
  C:26F5H         LINE#         57
  C:271DH         LINE#         58
  C:2724H         LINE#         59
  C:2746H         LINE#         61
  C:2757H         LINE#         63
  C:2774H         LINE#         64
  C:27C9H         LINE#         65
  -------         ENDPROC       _FIND_REAL_MAX
  -------         PROC          _MAX_VALUE
  D:0001H         SYMBOL        input
  -------         DO            
  D:0004H         SYMBOL        max
  X:043CH         SYMBOL        max_location
BL51 BANKED LINKER/LOCATER V6.22                                                      12/11/2018  15:15:15  PAGE 41


  X:043EH         SYMBOL        i
  -------         ENDDO         
  C:3750H         LINE#         70
  C:3750H         LINE#         71
  C:3750H         LINE#         72
  C:3757H         LINE#         74
  C:376BH         LINE#         75
  C:376BH         LINE#         76
  C:37A1H         LINE#         77
  C:37BBH         LINE#         78
  C:37CAH         LINE#         79
  C:37DAH         LINE#         80
  C:37E2H         LINE#         82
  -------         ENDPROC       _MAX_VALUE
  -------         PROC          _CALIBRATION
  X:03D0H         SYMBOL        mnths
  X:03D1H         SYMBOL        dys
  X:03D2H         SYMBOL        hurs
  X:03D3H         SYMBOL        mns
  X:03D4H         SYMBOL        sconds
  X:03D5H         SYMBOL        currnt_pos
  -------         DO            
  X:03D8H         SYMBOL        calib_value
  X:03DCH         SYMBOL        JP_max_pos
  -------         ENDDO         
  C:3209H         LINE#         84
  C:3214H         LINE#         87
  C:3214H         LINE#         88
  C:321EH         LINE#         89
  C:3232H         LINE#         91
  C:323CH         LINE#         92
  C:323CH         LINE#         94
  C:3272H         LINE#         96
  C:327BH         LINE#         97
  C:32A0H         LINE#         98
  C:32BCH         LINE#         99
  C:32CBH         LINE#         100
  C:32CBH         LINE#         102
  C:32D0H         LINE#         103
  -------         ENDPROC       _CALIBRATION
  -------         ENDMOD        CALIBRATION

  -------         MODULE        ?C_STARTUP
  C:37E3H         SEGMENT       ?C_C51STARTUP
  I:0022H         SEGMENT       ?STACK
  C:0000H         PUBLIC        ?C_STARTUP
  D:00E0H         SYMBOL        ACC
  D:00F0H         SYMBOL        B
  D:0083H         SYMBOL        DPH
  D:0082H         SYMBOL        DPL
  N:0000H         SYMBOL        IBPSTACK
  N:0100H         SYMBOL        IBPSTACKTOP
  N:0080H         SYMBOL        IDATALEN
  C:37E6H         SYMBOL        IDATALOOP
  N:0000H         SYMBOL        PBPSTACK
  N:0100H         SYMBOL        PBPSTACKTOP
  N:0000H         SYMBOL        PDATALEN
BL51 BANKED LINKER/LOCATER V6.22                                                      12/11/2018  15:15:15  PAGE 42


  N:0000H         SYMBOL        PDATASTART
  N:0000H         SYMBOL        PPAGE
  N:0000H         SYMBOL        PPAGEENABLE
  D:00A0H         SYMBOL        PPAGE_SFR
  D:0081H         SYMBOL        SP
  C:37E3H         SYMBOL        STARTUP1
  N:0000H         SYMBOL        XBPSTACK
  N:0000H         SYMBOL        XBPSTACKTOP
  N:0000H         SYMBOL        XDATALEN
  N:0000H         SYMBOL        XDATASTART
  C:0000H         LINE#         126
  C:37E3H         LINE#         133
  C:37E5H         LINE#         134
  C:37E6H         LINE#         135
  C:37E7H         LINE#         136
  C:37E9H         LINE#         185
  C:37ECH         LINE#         196
  -------         ENDMOD        ?C_STARTUP

  -------         MODULE        ?C?FPADD
  C:0035H         PUBLIC        ?C?FPADD
  C:0031H         PUBLIC        ?C?FPSUB
  -------         ENDMOD        ?C?FPADD

  -------         MODULE        ?C?FPMUL
  C:0126H         PUBLIC        ?C?FPMUL
  -------         ENDMOD        ?C?FPMUL

  -------         MODULE        ?C?FPDIV
  C:022FH         PUBLIC        ?C?FPDIV
  -------         ENDMOD        ?C?FPDIV

  -------         MODULE        ?C?FPCMP
  C:02CEH         PUBLIC        ?C?FPCMP
  C:02CCH         PUBLIC        ?C?FPCMP3
  -------         ENDMOD        ?C?FPCMP

  -------         MODULE        ?C?FPNEG
  C:0345H         PUBLIC        ?C?FPNEG
  -------         ENDMOD        ?C?FPNEG

  -------         MODULE        ?C?FCAST
  C:0360H         PUBLIC        ?C?FCASTC
  C:035BH         PUBLIC        ?C?FCASTI
  C:0356H         PUBLIC        ?C?FCASTL
  -------         ENDMOD        ?C?FCAST

  -------         MODULE        ?C?CASTF
  C:0394H         PUBLIC        ?C?CASTF
  -------         ENDMOD        ?C?CASTF

  -------         MODULE        ATAN2
  X:04ECH         PUBLIC        ?_atan2?BYTE
  C:34E9H         PUBLIC        _atan2
  -------         ENDMOD        ATAN2

  -------         MODULE        SIN
BL51 BANKED LINKER/LOCATER V6.22                                                      12/11/2018  15:15:15  PAGE 43


  C:2ECCH         PUBLIC        _COS
  C:2EE2H         PUBLIC        _SIN
  C:2F1EH         PUBLIC        _TAN
  -------         ENDMOD        SIN

  -------         MODULE        ACOS
  C:3A30H         PUBLIC        _ACOS
  -------         ENDMOD        ACOS

  -------         MODULE        ASIN
  C:3C13H         PUBLIC        _ASIN
  -------         ENDMOD        ASIN

  -------         MODULE        SQRT
  C:3441H         PUBLIC        _SQRT
  -------         ENDMOD        SQRT

  -------         MODULE        ATAN
  C:302CH         PUBLIC        _ATAN
  -------         ENDMOD        ATAN

  -------         MODULE        ?C?COPY
  C:0532H         PUBLIC        ?C?COPY
  -------         ENDMOD        ?C?COPY

  -------         MODULE        ?C?CLDPTR
  C:0558H         PUBLIC        ?C?CLDPTR
  -------         ENDMOD        ?C?CLDPTR

  -------         MODULE        ?C?CSTPTR
  C:0571H         PUBLIC        ?C?CSTPTR
  -------         ENDMOD        ?C?CSTPTR

  -------         MODULE        ?C?IMUL
  C:0583H         PUBLIC        ?C?IMUL
  -------         ENDMOD        ?C?IMUL

  -------         MODULE        ?C?UIDIV
  C:0595H         PUBLIC        ?C?UIDIV
  -------         ENDMOD        ?C?UIDIV

  -------         MODULE        ?C?SIDIV
  C:05EAH         PUBLIC        ?C?SIDIV
  -------         ENDMOD        ?C?SIDIV

  -------         MODULE        ?C?ILDIX
  C:0620H         PUBLIC        ?C?ILDIX
  -------         ENDMOD        ?C?ILDIX

  -------         MODULE        ?C?ILDOPTR
  C:0636H         PUBLIC        ?C?ILDOPTR
  -------         ENDMOD        ?C?ILDOPTR

  -------         MODULE        ?C?LMUL
  C:066EH         PUBLIC        ?C?LMUL
  -------         ENDMOD        ?C?LMUL

BL51 BANKED LINKER/LOCATER V6.22                                                      12/11/2018  15:15:15  PAGE 44


  -------         MODULE        ?C?SLDIV
  C:3B50H         PUBLIC        ?C?SLDIV
  -------         ENDMOD        ?C?SLDIV

  -------         MODULE        ?C?LNEG
  C:06BDH         PUBLIC        ?C?LNEG
  -------         ENDMOD        ?C?LNEG

  -------         MODULE        ?C?LLDPTR
  C:06CBH         PUBLIC        ?C?LLDPTR
  -------         ENDMOD        ?C?LLDPTR

  -------         MODULE        ?C?LLDOPTR
  C:06EBH         PUBLIC        ?C?LLDOPTR
  -------         ENDMOD        ?C?LLDOPTR

  -------         MODULE        ?C?LSTPTR
  C:071BH         PUBLIC        ?C?LSTPTR
  -------         ENDMOD        ?C?LSTPTR

  -------         MODULE        ?C?LSTOPTR
  C:0735H         PUBLIC        ?C?LSTOPTR
  -------         ENDMOD        ?C?LSTOPTR

  -------         MODULE        ?C?LLDXDATA
  C:0759H         PUBLIC        ?C?LLDXDATA
  -------         ENDMOD        ?C?LLDXDATA

  -------         MODULE        ?C?LLDCODE
  C:0765H         PUBLIC        ?C?LLDCODE
  -------         ENDMOD        ?C?LLDCODE

  -------         MODULE        ?C?LLDXDATA0
  C:0775H         PUBLIC        ?C?LLDXDATA0
  -------         ENDMOD        ?C?LLDXDATA0

  -------         MODULE        ?C?LLDCODE0
  C:0781H         PUBLIC        ?C?LLDCODE0
  -------         ENDMOD        ?C?LLDCODE0

  -------         MODULE        ?C?LLDPTR0
  C:0791H         PUBLIC        ?C?LLDPTR0
  -------         ENDMOD        ?C?LLDPTR0

  -------         MODULE        ?C?LSTXDATA
  C:07B1H         PUBLIC        ?C?LSTXDATA
  -------         ENDMOD        ?C?LSTXDATA

  -------         MODULE        ?C?LSTKXDATA
  C:07BDH         PUBLIC        ?C?LSTKXDATA
  -------         ENDMOD        ?C?LSTKXDATA

  -------         MODULE        ?C?OFFXADD
  C:07EEH         PUBLIC        ?C?OFFXADD
  -------         ENDMOD        ?C?OFFXADD

  -------         MODULE        ABS
BL51 BANKED LINKER/LOCATER V6.22                                                      12/11/2018  15:15:15  PAGE 45


  C:3F4CH         PUBLIC        _ABS
  -------         ENDMOD        ABS

  -------         MODULE        ATOI
  C:312EH         PUBLIC        _atoi
  -------         ENDMOD        ATOI

  -------         MODULE        ?C?IILDX
  C:07FAH         PUBLIC        ?C?IILDX
  -------         ENDMOD        ?C?IILDX

  -------         MODULE        ?C?ULDIV
  C:084CH         PUBLIC        ?C?ULDIV
  -------         ENDMOD        ?C?ULDIV

  -------         MODULE        ?C?LLDIDATA
  C:08DEH         PUBLIC        ?C?LLDIDATA
  -------         ENDMOD        ?C?LLDIDATA

  -------         MODULE        ?C?LLDPDATA
  C:08EAH         PUBLIC        ?C?LLDPDATA
  -------         ENDMOD        ?C?LLDPDATA

  -------         MODULE        ?C?LLDIDATA0
  C:08F6H         PUBLIC        ?C?LLDIDATA0
  -------         ENDMOD        ?C?LLDIDATA0

  -------         MODULE        ?C?LLDPDATA0
  C:0903H         PUBLIC        ?C?LLDPDATA0
  -------         ENDMOD        ?C?LLDPDATA0

  -------         MODULE        ?C?LSTIDATA
  C:0910H         PUBLIC        ?C?LSTIDATA
  -------         ENDMOD        ?C?LSTIDATA

  -------         MODULE        ?C?LSTPDATA
  C:091CH         PUBLIC        ?C?LSTPDATA
  -------         ENDMOD        ?C?LSTPDATA

  -------         MODULE        ISDIGIT
  C:3F24H         PUBLIC        _isdigit
  -------         ENDMOD        ISDIGIT

  -------         MODULE        ISSPACE
  C:3EAAH         PUBLIC        _isspace
  -------         ENDMOD        ISSPACE

*** WARNING L16: UNCALLED SEGMENT, IGNORED FOR OVERLAY PROCESS
    SEGMENT: ?PR?_CALIB_INTERPOLATE?MAIN

*** WARNING L16: UNCALLED SEGMENT, IGNORED FOR OVERLAY PROCESS
    SEGMENT: ?PR?_DISPLAY_PROX?MAIN

*** WARNING L16: UNCALLED SEGMENT, IGNORED FOR OVERLAY PROCESS
    SEGMENT: ?PR?INITUART1?UART1

*** WARNING L16: UNCALLED SEGMENT, IGNORED FOR OVERLAY PROCESS
BL51 BANKED LINKER/LOCATER V6.22                                                      12/11/2018  15:15:15  PAGE 46


    SEGMENT: ?PR?_SENDSTRING?UART1

*** WARNING L16: UNCALLED SEGMENT, IGNORED FOR OVERLAY PROCESS
    SEGMENT: ?PR?_TEN?UART1

*** WARNING L16: UNCALLED SEGMENT, IGNORED FOR OVERLAY PROCESS
    SEGMENT: ?PR?_UNIT?UART1

*** WARNING L16: UNCALLED SEGMENT, IGNORED FOR OVERLAY PROCESS
    SEGMENT: ?PR?_DECTOBCD?UART1

*** WARNING L16: UNCALLED SEGMENT, IGNORED FOR OVERLAY PROCESS
    SEGMENT: ?PR?_ASCII_LETTER?UART1

*** WARNING L16: UNCALLED SEGMENT, IGNORED FOR OVERLAY PROCESS
    SEGMENT: ?PR?NOP?VCNL4035

*** WARNING L16: UNCALLED SEGMENT, IGNORED FOR OVERLAY PROCESS
    SEGMENT: ?PR?I2C_INIT?VCNL4035

*** WARNING L16: UNCALLED SEGMENT, IGNORED FOR OVERLAY PROCESS
    SEGMENT: ?PR?_READ_VCNL4035?VCNL4035

*** WARNING L16: UNCALLED SEGMENT, IGNORED FOR OVERLAY PROCESS
    SEGMENT: ?PR?_DISPLAYLCD_VCNL4035?VCNL4035

*** WARNING L16: UNCALLED SEGMENT, IGNORED FOR OVERLAY PROCESS
    SEGMENT: ?PR?WAIT?BIPOLARMOTOR

*** WARNING L16: UNCALLED SEGMENT, IGNORED FOR OVERLAY PROCESS
    SEGMENT: ?PR?_FINDDET4X4?BIPOLARMOTOR

*** WARNING L16: UNCALLED SEGMENT, IGNORED FOR OVERLAY PROCESS
    SEGMENT: ?PR?INITADC?ADC

*** WARNING L1: UNRESOLVED EXTERNAL SYMBOL
    SYMBOL:  CALIB_MODE
    MODULE:  .\Obj\main.obj (MAIN)

*** WARNING L1: UNRESOLVED EXTERNAL SYMBOL
    SYMBOL:  ADC_INIT
    MODULE:  .\Obj\main.obj (MAIN)

*** WARNING L1: UNRESOLVED EXTERNAL SYMBOL
    SYMBOL:  AUTO_MODE
    MODULE:  .\Obj\main.obj (MAIN)

*** WARNING L2: REFERENCE MADE TO UNRESOLVED EXTERNAL
    SYMBOL:  CALIB_MODE
    MODULE:  .\Obj\main.obj (MAIN)
    ADDRESS: 1CD8H

*** WARNING L2: REFERENCE MADE TO UNRESOLVED EXTERNAL
    SYMBOL:  AUTO_MODE
    MODULE:  .\Obj\main.obj (MAIN)
    ADDRESS: 1CE0H

BL51 BANKED LINKER/LOCATER V6.22                                                      12/11/2018  15:15:15  PAGE 47


*** WARNING L2: REFERENCE MADE TO UNRESOLVED EXTERNAL
    SYMBOL:  ADC_INIT
    MODULE:  .\Obj\main.obj (MAIN)
    ADDRESS: 1CF7H

*** WARNING L2: REFERENCE MADE TO UNRESOLVED EXTERNAL
    SYMBOL:  AUTO_MODE
    MODULE:  .\Obj\main.obj (MAIN)
    ADDRESS: 1DB0H

*** WARNING L2: REFERENCE MADE TO UNRESOLVED EXTERNAL
    SYMBOL:  AUTO_MODE
    MODULE:  .\Obj\main.obj (MAIN)
    ADDRESS: 1DBEH

*** WARNING L2: REFERENCE MADE TO UNRESOLVED EXTERNAL
    SYMBOL:  AUTO_MODE
    MODULE:  .\Obj\main.obj (MAIN)
    ADDRESS: 1DD0H

*** WARNING L2: REFERENCE MADE TO UNRESOLVED EXTERNAL
    SYMBOL:  AUTO_MODE
    MODULE:  .\Obj\main.obj (MAIN)
    ADDRESS: 1E12H

*** WARNING L2: REFERENCE MADE TO UNRESOLVED EXTERNAL
    SYMBOL:  AUTO_MODE
    MODULE:  .\Obj\main.obj (MAIN)
    ADDRESS: 1EE5H

*** WARNING L2: REFERENCE MADE TO UNRESOLVED EXTERNAL
    SYMBOL:  CALIB_MODE
    MODULE:  .\Obj\main.obj (MAIN)
    ADDRESS: 1F60H

*** WARNING L2: REFERENCE MADE TO UNRESOLVED EXTERNAL
    SYMBOL:  CALIB_MODE
    MODULE:  .\Obj\main.obj (MAIN)
    ADDRESS: 1F6FH

*** WARNING L2: REFERENCE MADE TO UNRESOLVED EXTERNAL
    SYMBOL:  CALIB_MODE
    MODULE:  .\Obj\main.obj (MAIN)
    ADDRESS: 205BH

*** WARNING L1: UNRESOLVED EXTERNAL SYMBOL
    SYMBOL:  AUTO_MODE
    MODULE:  .\Obj\KeyPad.obj (KEYPAD)

*** WARNING L2: REFERENCE MADE TO UNRESOLVED EXTERNAL
    SYMBOL:  AUTO_MODE
    MODULE:  .\Obj\KeyPad.obj (KEYPAD)
    ADDRESS: 237EH

*** WARNING L2: REFERENCE MADE TO UNRESOLVED EXTERNAL
    SYMBOL:  AUTO_MODE
    MODULE:  .\Obj\KeyPad.obj (KEYPAD)
BL51 BANKED LINKER/LOCATER V6.22                                                      12/11/2018  15:15:15  PAGE 48


    ADDRESS: 2389H

*** WARNING L2: REFERENCE MADE TO UNRESOLVED EXTERNAL
    SYMBOL:  AUTO_MODE
    MODULE:  .\Obj\KeyPad.obj (KEYPAD)
    ADDRESS: 2390H

*** WARNING L1: UNRESOLVED EXTERNAL SYMBOL
    SYMBOL:  ADC_DATA
    MODULE:  .\Obj\ADC.obj (ADC)

*** WARNING L2: REFERENCE MADE TO UNRESOLVED EXTERNAL
    SYMBOL:  ADC_DATA
    MODULE:  .\Obj\ADC.obj (ADC)
    ADDRESS: 3BE5H

*** WARNING L2: REFERENCE MADE TO UNRESOLVED EXTERNAL
    SYMBOL:  ADC_DATA
    MODULE:  .\Obj\ADC.obj (ADC)
    ADDRESS: 3BEDH

*** WARNING L2: REFERENCE MADE TO UNRESOLVED EXTERNAL
    SYMBOL:  ADC_DATA
    MODULE:  .\Obj\ADC.obj (ADC)
    ADDRESS: 3C03H

*** WARNING L1: UNRESOLVED EXTERNAL SYMBOL
    SYMBOL:  _ADC_GETRESULT
    MODULE:  .\Obj\Calibration.obj (CALIBRATION)

*** WARNING L2: REFERENCE MADE TO UNRESOLVED EXTERNAL
    SYMBOL:  _ADC_GETRESULT
    MODULE:  .\Obj\Calibration.obj (CALIBRATION)
    ADDRESS: 32E5H

*** WARNING L2: REFERENCE MADE TO UNRESOLVED EXTERNAL
    SYMBOL:  _ADC_GETRESULT
    MODULE:  .\Obj\Calibration.obj (CALIBRATION)
    ADDRESS: 262EH

*** WARNING L2: REFERENCE MADE TO UNRESOLVED EXTERNAL
    SYMBOL:  _ADC_GETRESULT
    MODULE:  .\Obj\Calibration.obj (CALIBRATION)
    ADDRESS: 26FBH

Program Size: data=18.1 xdata=1670 code=16263
LINK/LOCATE RUN COMPLETE.  41 WARNING(S),  0 ERROR(S)
