BL51 BANKED LINKER/LOCATER V6.22                                                        02/25/2019  11:06:32  PAGE 1


BL51 BANKED LINKER/LOCATER V6.22, INVOKED BY:
C:\KEIL_V5\C51\BIN\BL51.EXE .\Obj\main.obj, .\Obj\PCF85063BTL.obj, .\Obj\UART1.obj, .\Obj\LCd_Driver_SPLC780D.obj, .\Obj
>> \KeyPad.obj, .\Obj\BipolarMotor.obj, .\Obj\SunPos.obj, .\Obj\ADC.obj, .\Obj\Calibration.obj, .\Obj\IOExpander_PI4IOE5
>> V96248.obj, .\Obj\AT25SF041.obj, .\Obj\STARTUP.obj TO .\Obj\GPIO_RTC_Test PRINT (.\Lis\GPIO_RTC_Test.m51) RAMSIZE (25
>> 6)


MEMORY MODEL: LARGE WITH FLOATING POINT ARITHMETIC


INPUT MODULES INCLUDED:
  .\Obj\main.obj (MAIN)
  .\Obj\PCF85063BTL.obj (PCF85063BTL)
  .\Obj\UART1.obj (UART1)
  .\Obj\LCd_Driver_SPLC780D.obj (LCD_DRIVER_SPLC780D)
  .\Obj\KeyPad.obj (KEYPAD)
  .\Obj\BipolarMotor.obj (BIPOLARMOTOR)
  .\Obj\SunPos.obj (SUNPOS)
  .\Obj\ADC.obj (ADC)
  .\Obj\Calibration.obj (CALIBRATION)
  .\Obj\IOExpander_PI4IOE5V96248.obj (IOEXPANDER_PI4IOE5V96248)
  .\Obj\AT25SF041.obj (AT25SF041)
  .\Obj\STARTUP.obj (?C_STARTUP)
  C:\KEIL_V5\C51\LIB\C51FPL.LIB (?C?FPADD)
  C:\KEIL_V5\C51\LIB\C51FPL.LIB (?C?FPMUL)
  C:\KEIL_V5\C51\LIB\C51FPL.LIB (?C?FPDIV)
  C:\KEIL_V5\C51\LIB\C51FPL.LIB (?C?FPCMP)
  C:\KEIL_V5\C51\LIB\C51FPL.LIB (?C?FPNEG)
  C:\KEIL_V5\C51\LIB\C51FPL.LIB (?C?FCAST)
  C:\KEIL_V5\C51\LIB\C51FPL.LIB (?C?CASTF)
  C:\KEIL_V5\C51\LIB\C51FPL.LIB (ATAN2)
  C:\KEIL_V5\C51\LIB\C51FPL.LIB (SIN)
  C:\KEIL_V5\C51\LIB\C51FPL.LIB (ACOS)
  C:\KEIL_V5\C51\LIB\C51FPL.LIB (ASIN)
  C:\KEIL_V5\C51\LIB\C51FPL.LIB (?C?FPGETOPN)
  C:\KEIL_V5\C51\LIB\C51FPL.LIB (?C?FPSERIES)
  C:\KEIL_V5\C51\LIB\C51FPL.LIB (SQRT)
  C:\KEIL_V5\C51\LIB\C51FPL.LIB (ATAN)
  C:\KEIL_V5\C51\LIB\C51L.LIB (?C_INIT)
  C:\KEIL_V5\C51\LIB\C51L.LIB (?C?COPY)
  C:\KEIL_V5\C51\LIB\C51L.LIB (?C?CLDPTR)
  C:\KEIL_V5\C51\LIB\C51L.LIB (?C?CLDOPTR)
  C:\KEIL_V5\C51\LIB\C51L.LIB (?C?CSTPTR)
  C:\KEIL_V5\C51\LIB\C51L.LIB (?C?IMUL)
  C:\KEIL_V5\C51\LIB\C51L.LIB (?C?UIDIV)
  C:\KEIL_V5\C51\LIB\C51L.LIB (?C?SIDIV)
  C:\KEIL_V5\C51\LIB\C51L.LIB (?C?ILDIX)
  C:\KEIL_V5\C51\LIB\C51L.LIB (?C?ILDOPTR)
  C:\KEIL_V5\C51\LIB\C51L.LIB (?C?ISTPTR)
  C:\KEIL_V5\C51\LIB\C51L.LIB (?C?LMUL)
  C:\KEIL_V5\C51\LIB\C51L.LIB (?C?SLDIV)
  C:\KEIL_V5\C51\LIB\C51L.LIB (?C?LNEG)
  C:\KEIL_V5\C51\LIB\C51L.LIB (?C?ULCMP)
  C:\KEIL_V5\C51\LIB\C51L.LIB (?C?LSHL)
  C:\KEIL_V5\C51\LIB\C51L.LIB (?C?LLDPTR)
  C:\KEIL_V5\C51\LIB\C51L.LIB (?C?LLDOPTR)
  C:\KEIL_V5\C51\LIB\C51L.LIB (?C?LSTPTR)
  C:\KEIL_V5\C51\LIB\C51L.LIB (?C?LSTOPTR)
BL51 BANKED LINKER/LOCATER V6.22                                                      02/25/2019  11:06:32  PAGE 2


  C:\KEIL_V5\C51\LIB\C51L.LIB (?C?LLDXDATA)
  C:\KEIL_V5\C51\LIB\C51L.LIB (?C?LLDCODE)
  C:\KEIL_V5\C51\LIB\C51L.LIB (?C?LLDXDATA0)
  C:\KEIL_V5\C51\LIB\C51L.LIB (?C?LLDCODE0)
  C:\KEIL_V5\C51\LIB\C51L.LIB (?C?LLDPTR0)
  C:\KEIL_V5\C51\LIB\C51L.LIB (?C?LSTXDATA)
  C:\KEIL_V5\C51\LIB\C51L.LIB (?C?LSTKXDATA)
  C:\KEIL_V5\C51\LIB\C51L.LIB (?C?LSTKPTR)
  C:\KEIL_V5\C51\LIB\C51L.LIB (?C?OFFXADD)
  C:\KEIL_V5\C51\LIB\C51L.LIB (ABS)
  C:\KEIL_V5\C51\LIB\C51L.LIB (ATOI)
  C:\KEIL_V5\C51\LIB\C51L.LIB (?C?IILDX)
  C:\KEIL_V5\C51\LIB\C51L.LIB (?C?ULDIV)
  C:\KEIL_V5\C51\LIB\C51L.LIB (?C?LLDIDATA)
  C:\KEIL_V5\C51\LIB\C51L.LIB (?C?LLDPDATA)
  C:\KEIL_V5\C51\LIB\C51L.LIB (?C?LLDIDATA0)
  C:\KEIL_V5\C51\LIB\C51L.LIB (?C?LLDPDATA0)
  C:\KEIL_V5\C51\LIB\C51L.LIB (?C?LSTIDATA)
  C:\KEIL_V5\C51\LIB\C51L.LIB (?C?LSTPDATA)
  C:\KEIL_V5\C51\LIB\C51L.LIB (?C?LSTKIDATA)
  C:\KEIL_V5\C51\LIB\C51L.LIB (?C?LSTKPDATA)
  C:\KEIL_V5\C51\LIB\C51L.LIB (ISDIGIT)
  C:\KEIL_V5\C51\LIB\C51L.LIB (ISSPACE)


LINK MAP OF MODULE:  .\Obj\GPIO_RTC_Test (MAIN)


            TYPE    BASE      LENGTH    RELOCATION   SEGMENT NAME
            -----------------------------------------------------

            * * * * * * *   D A T A   M E M O R Y   * * * * * * *
            REG     0000H     0008H     ABSOLUTE     "REG BANK 0"
                    0008H     0018H                  *** GAP ***
            BIT     0020H.0   0000H.5   UNIT         ?BI?KEYPAD
            BIT     0020H.5   0000H.3   UNIT         _BIT_GROUP_
            BIT     0021H.0   0000H.1   UNIT         ?BI?MAIN
            BIT     0021H.1   0000H.1   UNIT         ?BI?_ATOI?ATOI
                    0021H.2   0000H.6                *** GAP ***
            IDATA   0022H     0001H     UNIT         ?STACK

            * * * * * * *  X D A T A   M E M O R Y  * * * * * * *
            XDATA   0000H     038FH     UNIT         ?XD?BIPOLARMOTOR
            XDATA   038FH     014FH     UNIT         _XDATA_GROUP_
            XDATA   04DEH     00D8H     UNIT         ?XD?MAIN
            XDATA   05B6H     0040H     UNIT         ?XD?_FINDDET4X4?BIPOLARMOTOR
            XDATA   05F6H     0024H     UNIT         ?XD?_FINDDET3X3?BIPOLARMOTOR
            XDATA   061AH     0009H     UNIT         ?XD?KEYPAD
            XDATA   0623H     0008H     UNIT         ?XD?_AT25SF041_READ?AT25SF041
            XDATA   062BH     0005H     UNIT         ?XD?_ATOI?ATOI
            XDATA   0630H     0004H     UNIT         ?XD?_DISPLAY_PROX?MAIN
            XDATA   0634H     0003H     UNIT         ?XD?_SENDSTRING?UART1
            XDATA   0637H     0001H     UNIT         ?XD?UC_ACK?IOEXPANDER_PI4IOE5V96248
            XDATA   0638H     0001H     UNIT         ?XD?UC_NACK?IOEXPANDER_PI4IOE5V96248

            * * * * * * *   C O D E   M E M O R Y   * * * * * * *
            CODE    0000H     0003H     ABSOLUTE     
BL51 BANKED LINKER/LOCATER V6.22                                                      02/25/2019  11:06:32  PAGE 3


            CODE    0003H     0006H     UNIT         ?PR?_TEN?UART1
            CODE    0009H     0001H     UNIT         ?PR?TM0_ISR?MAIN
            CODE    000AH     0001H     UNIT         ?PR?_DECTOBCD?UART1
            CODE    000BH     0003H     ABSOLUTE     
            CODE    000EH     0B00H     UNIT         ?PR?_UPDATE_POSITION?BIPOLARMOTOR
            CODE    0B0EH     0A85H     UNIT         ?PR?MAIN?MAIN
            CODE    1593H     09B6H     UNIT         ?C?LIB_CODE
            CODE    1F49H     07A2H     UNIT         ?PR?SUNPOS?SUNPOS
            CODE    26EBH     03F9H     UNIT         ?C_INITSEG
            CODE    2AE4H     0309H     UNIT         ?PR?_FIND_REAL_MAX?CALIBRATION
            CODE    2DEDH     02C0H     UNIT         ?PR?_FINDDET4X4?BIPOLARMOTOR
            CODE    30ADH     02A0H     UNIT         ?PR?KEY_PROCESS?KEYPAD
            CODE    334DH     01D1H     UNIT         ?PR?_FINDDET3X3?BIPOLARMOTOR
            CODE    351EH     01AFH     UNIT         ?PR?SPI_NOR_WRITE_DATA?AT25SF041
            CODE    36CDH     018DH     UNIT         ?PR?KEY_SCAN?KEYPAD
            CODE    385AH     0188H     UNIT         ?PR?SIN?SIN
            CODE    39E2H     0172H     UNIT         ?PR?_DISPLAY_POS?MAIN
            CODE    3B54H     015BH     UNIT         ?PR?_CALIBRATION?CALIBRATION
            CODE    3CAFH     0122H     UNIT         ?PR?ATAN?ATAN
            CODE    3DD1H     0106H     UNIT         ?PR?_AT25SF041_READ?AT25SF041
            CODE    3ED7H     00FBH     UNIT         ?PR?_AT25SF041_WRITE?AT25SF041
            CODE    3FD2H     00DBH     UNIT         ?PR?_ATOI?ATOI
            CODE    40ADH     00C3H     UNIT         ?PR?LINEAR_INTERPOLATE?BIPOLARMOTOR
            CODE    4170H     00BBH     UNIT         ?PR?VOLTAGE_IS_STABLE?CALIBRATION
            CODE    422BH     00ADH     UNIT         ?PR?_WRITE_PI4IOE5V96248?IOEXPANDER_PI4IOE5V96248
            CODE    42D8H     00ACH     UNIT         ?PR?SQRT?SQRT
            CODE    4384H     00A1H     UNIT         ?PR?READ_STATUS_REGISTER_BYTE1?AT25SF041
            CODE    4425H     009DH     UNIT         ?PR?_ATAN2?ATAN2
            CODE    44C2H     009CH     UNIT         ?PR?_MAX_VALUE?CALIBRATION
            CODE    455EH     0095H     UNIT         ?PR?_DISPLAY_PROX?MAIN
            CODE    45F3H     008CH     UNIT         ?C_C51STARTUP
            CODE    467FH     0084H     UNIT         ?PR?_DAY_OF_YEAR?PCF85063BTL
            CODE    4703H     0075H     UNIT         ?PR?_WRITEDATA?LCD_DRIVER_SPLC780D
            CODE    4778H     006FH     UNIT         ?PR?_READ_TIME?PCF85063BTL
            CODE    47E7H     006EH     UNIT         ?PR?AT25SF041_WRITEENABLE?AT25SF041
            CODE    4855H     005AH     UNIT         ?PR?AT25SF041_CHIPERASE?AT25SF041
            CODE    48AFH     0059H     UNIT         ?PR?LCD_INIT?LCD_DRIVER_SPLC780D
            CODE    4908H     004AH     UNIT         ?PR?VONESTEPMOVE?BIPOLARMOTOR
            CODE    4952H     004AH     UNIT         ?PR?ACOS?ACOS
            CODE    499CH     0044H     UNIT         ?C?LDIV
            CODE    49E0H     0040H     UNIT         ?PR?_COMMAND?LCD_DRIVER_SPLC780D
            CODE    4A20H     0040H     UNIT         ?PR?_STEP_MOVE?BIPOLARMOTOR
            CODE    4A60H     003BH     UNIT         ?PR?ASIN?ASIN
            CODE    4A9BH     0033H     UNIT         ?PR?_SENDSTRING?UART1
            CODE    4ACEH     002CH     UNIT         ?PR?_ADC_GETRESULT?ADC
            CODE    4AFAH     002BH     UNIT         ?PR?_WAIT_MS_I2C?IOEXPANDER_PI4IOE5V96248
            CODE    4B25H     002BH     UNIT         ?PR?_WAIT_MS_SPINOR?AT25SF041
            CODE    4B50H     0028H     UNIT         ?PR?_MOVE?BIPOLARMOTOR
            CODE    4B78H     0027H     UNIT         ?PR?_I2C_SENDBYTE?IOEXPANDER_PI4IOE5V96248
            CODE    4B9FH     0024H     UNIT         ?PR?_WAIT_MS?LCD_DRIVER_SPLC780D
            CODE    4BC3H     0020H     UNIT         ?PR?_SPI_SENDBYTE?PCF85063BTL
            CODE    4BE3H     0020H     UNIT         ?PR?SPI_RECEIVEBYTE?PCF85063BTL
            CODE    4C03H     001FH     UNIT         ?PR?ADC_INIT?ADC
            CODE    4C22H     001EH     UNIT         ?PR?_DELAY_MS?KEYPAD
            CODE    4C40H     001DH     UNIT         ?PR?_DISPLAYLCD?LCD_DRIVER_SPLC780D
            CODE    4C5DH     001BH     UNIT         ?PR?_BCDTODEC1?BIPOLARMOTOR
            CODE    4C78H     0018H     UNIT         ?PR?_SPI_WRITETIME?PCF85063BTL
BL51 BANKED LINKER/LOCATER V6.22                                                      02/25/2019  11:06:32  PAGE 4


            CODE    4C90H     0017H     UNIT         ?PR?_ASCIITOBCD?UART1
            CODE    4CA7H     0016H     UNIT         ?PR?I2C_ACK?IOEXPANDER_PI4IOE5V96248
            CODE    4CBDH     0015H     UNIT         ?PR?_DISPLAY_LINE?LCD_DRIVER_SPLC780D
            CODE    4CD2H     0015H     UNIT         ?PR?I2C_STOP?IOEXPANDER_PI4IOE5V96248
            CODE    4CE7H     0014H     UNIT         ?PR?_PCF85063BTL_DELAY?PCF85063BTL
            CODE    4CFBH     0014H     UNIT         ?PR?_ISSPACE?ISSPACE
            CODE    4D0FH     0011H     UNIT         ?PR?_SPI_READTIME?PCF85063BTL
            CODE    4D20H     0011H     UNIT         ?PR?_BCDTODEC?PCF85063BTL
            CODE    4D31H     0011H     UNIT         ?PR?INITUART1?UART1
            CODE    4D42H     000FH     UNIT         ?PR?I2C_START?IOEXPANDER_PI4IOE5V96248
            CODE    4D51H     000FH     UNIT         ?PR?UC_NACK?IOEXPANDER_PI4IOE5V96248
            CODE    4D60H     000FH     UNIT         ?PR?_ISDIGIT?ISDIGIT
            CODE    4D6FH     000DH     UNIT         ?PR?SPI_INIT?PCF85063BTL
            CODE    4D7CH     000CH     UNIT         ?PR?KEYPAD_IO_INIT?KEYPAD
            CODE    4D88H     000CH     UNIT         ?PR?_ABS?ABS
            CODE    4D94H     000AH     UNIT         ?PR?LCD_RETURN_HOME?LCD_DRIVER_SPLC780D
            CODE    4D9EH     000AH     UNIT         ?PR?LCD_CLEAR?LCD_DRIVER_SPLC780D
            CODE    4DA8H     0006H     UNIT         ?PR?UC_ACK?IOEXPANDER_PI4IOE5V96248
            CODE    4DAEH     0005H     UNIT         ?PR?_UNIT?UART1
            CODE    4DB3H     0005H     UNIT         ?PR?_ASCII_LETTER?UART1
            CODE    4DB8H     0001H     UNIT         ?PR?WAIT?BIPOLARMOTOR
            CODE    4DB9H     0001H     UNIT         ?PR?NOP?IOEXPANDER_PI4IOE5V96248



OVERLAY MAP OF MODULE:   .\Obj\GPIO_RTC_Test (MAIN)


SEGMENT                                             BIT_GROUP          XDATA_GROUP
  +--> CALLED SEGMENT                            START    LENGTH     START    LENGTH
------------------------------------------------------------------------------------
?C_C51STARTUP                                    -----    -----      -----    -----
  +--> ?PR?MAIN?MAIN
  +--> ?C_INITSEG

?PR?MAIN?MAIN                                    -----    -----      038FH    002CH
  +--> ?PR?LCD_INIT?LCD_DRIVER_SPLC780D
  +--> ?PR?SPI_INIT?PCF85063BTL
  +--> ?PR?KEYPAD_IO_INIT?KEYPAD
  +--> ?PR?ADC_INIT?ADC
  +--> ?PR?_SPI_WRITETIME?PCF85063BTL
  +--> ?PR?_DELAY_MS?KEYPAD
  +--> ?PR?_DISPLAY_LINE?LCD_DRIVER_SPLC780D
  +--> ?PR?_WRITEDATA?LCD_DRIVER_SPLC780D
  +--> ?PR?KEY_PROCESS?KEYPAD
  +--> ?PR?_COMMAND?LCD_DRIVER_SPLC780D
  +--> ?PR?_DISPLAY_POS?MAIN
  +--> ?PR?_DISPLAYLCD?LCD_DRIVER_SPLC780D
  +--> ?PR?_STEP_MOVE?BIPOLARMOTOR
  +--> ?PR?LCD_RETURN_HOME?LCD_DRIVER_SPLC780D
  +--> ?PR?_READ_TIME?PCF85063BTL
  +--> ?PR?_ADC_GETRESULT?ADC
  +--> ?PR?_BCDTODEC1?BIPOLARMOTOR
  +--> ?PR?_CALIBRATION?CALIBRATION
  +--> ?PR?_WAIT_MS_SPINOR?AT25SF041
  +--> ?PR?SPI_NOR_WRITE_DATA?AT25SF041
  +--> ?PR?LINEAR_INTERPOLATE?BIPOLARMOTOR
BL51 BANKED LINKER/LOCATER V6.22                                                      02/25/2019  11:06:32  PAGE 5


  +--> ?PR?_UPDATE_POSITION?BIPOLARMOTOR

?PR?LCD_INIT?LCD_DRIVER_SPLC780D                 -----    -----      -----    -----
  +--> ?PR?_WAIT_MS?LCD_DRIVER_SPLC780D
  +--> ?PR?_COMMAND?LCD_DRIVER_SPLC780D

?PR?_COMMAND?LCD_DRIVER_SPLC780D                 -----    -----      -----    -----
  +--> ?PR?_WAIT_MS?LCD_DRIVER_SPLC780D

?PR?ADC_INIT?ADC                                 -----    -----      -----    -----
  +--> ?PR?_WAIT_MS?LCD_DRIVER_SPLC780D

?PR?_SPI_WRITETIME?PCF85063BTL                   -----    -----      -----    -----
  +--> ?PR?_SPI_SENDBYTE?PCF85063BTL

?PR?_SPI_SENDBYTE?PCF85063BTL                    -----    -----      -----    -----
  +--> ?PR?_PCF85063BTL_DELAY?PCF85063BTL

?PR?_DISPLAY_LINE?LCD_DRIVER_SPLC780D            -----    -----      -----    -----
  +--> ?PR?_COMMAND?LCD_DRIVER_SPLC780D

?PR?_WRITEDATA?LCD_DRIVER_SPLC780D               -----    -----      046AH    0001H
  +--> ?PR?_WAIT_MS?LCD_DRIVER_SPLC780D

?PR?KEY_PROCESS?KEYPAD                           -----    -----      03BBH    0006H
  +--> ?PR?KEY_SCAN?KEYPAD
  +--> ?PR?_SPI_WRITETIME?PCF85063BTL
  +--> ?PR?LCD_CLEAR?LCD_DRIVER_SPLC780D
  +--> ?PR?_COMMAND?LCD_DRIVER_SPLC780D
  +--> ?PR?_WRITEDATA?LCD_DRIVER_SPLC780D

?PR?KEY_SCAN?KEYPAD                              -----    -----      03C1H    0003H

?PR?LCD_CLEAR?LCD_DRIVER_SPLC780D                -----    -----      -----    -----
  +--> ?PR?_COMMAND?LCD_DRIVER_SPLC780D

?PR?_DISPLAY_POS?MAIN                            -----    -----      0460H    000AH
  +--> ?PR?_ABS?ABS
  +--> ?PR?_WRITEDATA?LCD_DRIVER_SPLC780D

?PR?_DISPLAYLCD?LCD_DRIVER_SPLC780D              -----    -----      03BBH    0001H
  +--> ?PR?_WRITEDATA?LCD_DRIVER_SPLC780D

?PR?_STEP_MOVE?BIPOLARMOTOR                      0020H.6  0000H.1    0479H    0004H
  +--> ?PR?VONESTEPMOVE?BIPOLARMOTOR

?PR?VONESTEPMOVE?BIPOLARMOTOR                    0020H.7  0000H.1    -----    -----
  +--> ?PR?_WRITE_PI4IOE5V96248?IOEXPANDER_P...
  +--> ?PR?_DELAY_MS?KEYPAD

?PR?_WRITE_PI4IOE5V96248?IOEXPANDER_P...         -----    -----      047DH    0003H
  +--> ?PR?I2C_START?IOEXPANDER_PI4IOE5V96248
  +--> ?PR?_WAIT_MS_I2C?IOEXPANDER_PI4IOE5V9...
  +--> ?PR?_I2C_SENDBYTE?IOEXPANDER_PI4IOE5V...
  +--> ?PR?I2C_ACK?IOEXPANDER_PI4IOE5V96248
  +--> ?PR?I2C_STOP?IOEXPANDER_PI4IOE5V96248

BL51 BANKED LINKER/LOCATER V6.22                                                      02/25/2019  11:06:32  PAGE 6


?PR?I2C_START?IOEXPANDER_PI4IOE5V96248           -----    -----      -----    -----
  +--> ?PR?_WAIT_MS_I2C?IOEXPANDER_PI4IOE5V9...

?PR?_I2C_SENDBYTE?IOEXPANDER_PI4IOE5V...         -----    -----      -----    -----
  +--> ?PR?_WAIT_MS_I2C?IOEXPANDER_PI4IOE5V9...

?PR?I2C_ACK?IOEXPANDER_PI4IOE5V96248             -----    -----      0480H    0001H
  +--> ?PR?_WAIT_MS_I2C?IOEXPANDER_PI4IOE5V9...

?PR?I2C_STOP?IOEXPANDER_PI4IOE5V96248            -----    -----      -----    -----
  +--> ?PR?_WAIT_MS_I2C?IOEXPANDER_PI4IOE5V9...

?PR?LCD_RETURN_HOME?LCD_DRIVER_SPLC780D          -----    -----      -----    -----
  +--> ?PR?_COMMAND?LCD_DRIVER_SPLC780D

?PR?_READ_TIME?PCF85063BTL                       -----    -----      03BBH    000FH
  +--> ?PR?_SPI_READTIME?PCF85063BTL

?PR?_SPI_READTIME?PCF85063BTL                    -----    -----      -----    -----
  +--> ?PR?_SPI_SENDBYTE?PCF85063BTL
  +--> ?PR?SPI_RECEIVEBYTE?PCF85063BTL

?PR?SPI_RECEIVEBYTE?PCF85063BTL                  -----    -----      -----    -----
  +--> ?PR?_PCF85063BTL_DELAY?PCF85063BTL

?PR?_CALIBRATION?CALIBRATION                     -----    -----      03BBH    001BH
  +--> ?PR?VOLTAGE_IS_STABLE?CALIBRATION
  +--> ?PR?_UPDATE_POSITION?BIPOLARMOTOR
  +--> ?PR?_FIND_REAL_MAX?CALIBRATION

?PR?VOLTAGE_IS_STABLE?CALIBRATION                -----    -----      03D6H    0018H
  +--> ?PR?_ADC_GETRESULT?ADC
  +--> ?PR?_ABS?ABS

?PR?_UPDATE_POSITION?BIPOLARMOTOR                -----    -----      03D6H    009FH
  +--> ?PR?_BCDTODEC1?BIPOLARMOTOR
  +--> ?PR?SUNPOS?SUNPOS
  +--> ?PR?SIN?SIN
  +--> ?PR?ASIN?ASIN
  +--> ?PR?LINEAR_INTERPOLATE?BIPOLARMOTOR
  +--> ?PR?_ABS?ABS
  +--> ?PR?_MOVE?BIPOLARMOTOR

?PR?SUNPOS?SUNPOS                                -----    -----      0475H    005DH
  +--> ?PR?SIN?SIN
  +--> ?PR?_ATAN2?ATAN2
  +--> ?PR?ASIN?ASIN
  +--> ?PR?ACOS?ACOS

?PR?SIN?SIN                                      0020H.5  0000H.1    04D2H    0004H

?PR?_ATAN2?ATAN2                                 -----    -----      04D2H    0008H
  +--> ?PR?ATAN?ATAN

?PR?ATAN?ATAN                                    0020H.5  0000H.2    04DAH    0004H

?PR?ASIN?ASIN                                    -----    -----      -----    -----
BL51 BANKED LINKER/LOCATER V6.22                                                      02/25/2019  11:06:32  PAGE 7


  +--> ?PR?SQRT?SQRT
  +--> ?PR?ATAN?ATAN

?PR?SQRT?SQRT                                    -----    -----      04D2H    0004H

?PR?ACOS?ACOS                                    -----    -----      -----    -----
  +--> ?PR?SQRT?SQRT
  +--> ?PR?ATAN?ATAN

?PR?LINEAR_INTERPOLATE?BIPOLARMOTOR              -----    -----      0475H    0014H

?PR?_MOVE?BIPOLARMOTOR                           0020H.5  0000H.1    0475H    0004H
  +--> ?PR?_STEP_MOVE?BIPOLARMOTOR

?PR?_FIND_REAL_MAX?CALIBRATION                   -----    -----      03D6H    008AH
  +--> ?PR?_ADC_GETRESULT?ADC
  +--> ?PR?_MOVE?BIPOLARMOTOR
  +--> ?PR?_COMMAND?LCD_DRIVER_SPLC780D
  +--> ?PR?_WRITEDATA?LCD_DRIVER_SPLC780D
  +--> ?PR?_DISPLAY_POS?MAIN
  +--> ?PR?_WAIT_MS?LCD_DRIVER_SPLC780D
  +--> ?PR?_MAX_VALUE?CALIBRATION

?PR?_MAX_VALUE?CALIBRATION                       -----    -----      0460H    0004H

?PR?SPI_NOR_WRITE_DATA?AT25SF041                 -----    -----      03BBH    000EH
  +--> ?PR?AT25SF041_WRITEENABLE?AT25SF041
  +--> ?PR?AT25SF041_CHIPERASE?AT25SF041
  +--> ?PR?_WAIT_MS_SPINOR?AT25SF041
  +--> ?PR?_AT25SF041_WRITE?AT25SF041

?PR?AT25SF041_WRITEENABLE?AT25SF041              -----    -----      03C9H    0002H
  +--> ?PR?_WAIT_MS_SPINOR?AT25SF041

?PR?AT25SF041_CHIPERASE?AT25SF041                -----    -----      03C9H    0002H
  +--> ?PR?_WAIT_MS_SPINOR?AT25SF041
  +--> ?PR?READ_STATUS_REGISTER_BYTE1?AT25SF041

?PR?READ_STATUS_REGISTER_BYTE1?AT25SF041         -----    -----      03CBH    0003H
  +--> ?PR?_WAIT_MS_SPINOR?AT25SF041

?PR?_AT25SF041_WRITE?AT25SF041                   -----    -----      03C9H    0008H
  +--> ?PR?_WAIT_MS_SPINOR?AT25SF041



UNRESOLVED EXTERNAL SYMBOLS:
   AUTO_MODE
   _SENDUART1



SYMBOL TABLE OF MODULE:  .\Obj\GPIO_RTC_Test (MAIN)

  VALUE           TYPE          NAME
  ----------------------------------

BL51 BANKED LINKER/LOCATER V6.22                                                      02/25/2019  11:06:32  PAGE 8


  -------         MODULE        MAIN
  C:0000H         SYMBOL        _ICE_DUMMY_
  X:04E6H         PUBLIC        calib_value
  D:0080H         PUBLIC        P0
  D:00B2H         PUBLIC        P3M0
  D:0090H         PUBLIC        P1
  D:00B1H         PUBLIC        P3M1
  D:00A0H         PUBLIC        P2
  D:00B0H         PUBLIC        P3
  D:00C0H         PUBLIC        P4
  D:00C8H         PUBLIC        P5
  X:053AH         SYMBOL        PressedKey
  B:00A8H.7       PUBLIC        EA
  D:00E8H         PUBLIC        P6
  X:053EH         PUBLIC        calib_stamp
  D:00F8H         PUBLIC        P7
  X:053FH         PUBLIC        RX_Data_Uart_Cnt
  D:00A8H         PUBLIC        IE
  X:0541H         PUBLIC        calib_time
  D:00B8H         PUBLIC        IP
  X:0595H         PUBLIC        months
  D:00D8H         PUBLIC        CCON
  C:0B0EH         PUBLIC        main
  X:0596H         PUBLIC        count
  X:0598H         PUBLIC        days
  X:0599H         PUBLIC        hours
  D:0098H         PUBLIC        SCON
  D:0089H         PUBLIC        TMOD
  D:0088H         PUBLIC        TCON
  B:00A0H.3       PUBLIC        P23
  X:059AH         SYMBOL        KeyCount
  X:059CH         PUBLIC        mins
  X:059DH         PUBLIC        Rec_data_hour
  B:00C8H.5       PUBLIC        P55
  X:05A0H         PUBLIC        Rec_data_min
  D:008EH         PUBLIC        AUXR
  C:0009H         PUBLIC        tm0_isr
  B:0021H.0       PUBLIC        busy
  B:00A8H.1       PUBLIC        ET0
  X:05A3H         PUBLIC        SPI_NOR_INTERNAL_FLASH_ADDR
  D:008CH         PUBLIC        TH0
  X:05A7H         PUBLIC        hour_count
  D:008AH         PUBLIC        TL0
  X:05A8H         PUBLIC        min_count
  B:0088H.4       PUBLIC        TR0
  X:05A9H         SYMBOL        KeyNum
  X:05AAH         SYMBOL        KeyNum_Old
  X:05ABH         PUBLIC        current_position
  X:05AFH         PUBLIC        hours1
  X:05B0H         PUBLIC        hours2
  C:455EH         PUBLIC        _Display_Prox
  X:05B1H         PUBLIC        mins1
  X:05B2H         PUBLIC        mins2
  C:39E2H         PUBLIC        _Display_Pos
  X:05B3H         PUBLIC        seconds
  X:05B4H         PUBLIC        st_time
  D:00D0H         PUBLIC        PSW
BL51 BANKED LINKER/LOCATER V6.22                                                      02/25/2019  11:06:32  PAGE 9


  -------         PROC          TM0_ISR
  C:0009H         LINE#         86
  C:0009H         LINE#         88
  -------         ENDPROC       TM0_ISR
  -------         PROC          MAIN
  -------         DO            
  X:038FH         SYMBOL        sunlight_ADC
  X:04DEH         SYMBOL        KeyCount
  X:04E0H         SYMBOL        KeyNum_Old
  X:04E1H         SYMBOL        KeyNum
  X:04E2H         SYMBOL        PressedKey
  X:0391H         SYMBOL        prox_flag
  X:0392H         SYMBOL        iUse_prevday_calib_value
  X:0394H         SYMBOL        max_ADC_Val_JP
  X:0396H         SYMBOL        max_ADC_Val
  X:0398H         SYMBOL        calib_point1
  X:03A0H         SYMBOL        calib_point2
  X:03A8H         SYMBOL        dat_to_store
  X:03B3H         SYMBOL        calib_day
  X:03B5H         SYMBOL        calib_count
  X:03B7H         SYMBOL        theorical_JP_max_pos
  -------         ENDDO         
  C:0B0EH         LINE#         90
  C:0B0EH         LINE#         91
  C:0B0EH         LINE#         96
  C:0B14H         LINE#         97
  C:0B19H         LINE#         99
  C:0B21H         LINE#         103
  C:0B27H         LINE#         104
  C:0B31H         LINE#         108
  C:0B33H         LINE#         109
  C:0B35H         LINE#         110
  C:0B37H         LINE#         111
  C:0B39H         LINE#         113
  C:0B40H         LINE#         122
  C:0B42H         LINE#         123
  C:0B45H         LINE#         124
  C:0B48H         LINE#         125
  C:0B4BH         LINE#         126
  C:0B4EH         LINE#         127
  C:0B51H         LINE#         130
  C:0B54H         LINE#         132
  C:0B57H         LINE#         133
  C:0B5AH         LINE#         134
  C:0B5DH         LINE#         135
  C:0B5FH         LINE#         136
  C:0B61H         LINE#         137
  C:0B63H         LINE#         139
  C:0B65H         LINE#         140
  C:0B6CH         LINE#         141
  C:0B73H         LINE#         142
  C:0B7AH         LINE#         143
  C:0B81H         LINE#         147
  C:0B88H         LINE#         148
  C:0B8DH         LINE#         149
  C:0B92H         LINE#         150
  C:0B97H         LINE#         151
BL51 BANKED LINKER/LOCATER V6.22                                                      02/25/2019  11:06:32  PAGE 10


  C:0B9CH         LINE#         152
  C:0BA1H         LINE#         155
  C:0BBAH         LINE#         156
  C:0BBAH         LINE#         157
  C:0BD6H         LINE#         158
  C:0C1DH         LINE#         159
  C:0C2EH         LINE#         160
  C:0C2EH         LINE#         161
  C:0C2EH         LINE#         162
  C:0C31H         LINE#         165
  C:0C31H         LINE#         168
  C:0C36H         LINE#         169
  C:0C3BH         LINE#         171
  C:0C40H         LINE#         172
  C:0C45H         LINE#         173
  C:0C4AH         LINE#         174
  C:0C4FH         LINE#         176
  C:0C60H         LINE#         177
  C:0C65H         LINE#         178
  C:0C6AH         LINE#         180
  C:0C71H         LINE#         181
  C:0C79H         LINE#         182
  C:0C7EH         LINE#         183
  C:0C86H         LINE#         184
  C:0C8BH         LINE#         185
  C:0C95H         LINE#         186
  C:0C9AH         LINE#         187
  C:0CA2H         LINE#         189
  C:0CAAH         LINE#         190
  C:0CAFH         LINE#         191
  C:0CB9H         LINE#         192
  C:0CB9H         LINE#         193
  C:0CBBH         LINE#         194
  C:0CBDH         LINE#         195
  C:0CC7H         LINE#         196
  C:0CC7H         LINE#         197
  C:0CCCH         LINE#         198
  C:0CCCH         LINE#         210
  C:0CD9H         LINE#         211
  C:0CD9H         LINE#         212
  C:0CE3H         LINE#         213
  C:0CFAH         LINE#         214
  C:0CFAH         LINE#         215
  C:0CFCH         LINE#         216
  C:0CFEH         LINE#         218
  C:0CFEH         LINE#         219
  C:0D09H         LINE#         220
  C:0D09H         LINE#         221
  C:0D0EH         LINE#         222
  C:0D0EH         LINE#         223
  C:0D1BH         LINE#         224
  C:0D1BH         LINE#         227
  C:0D25H         LINE#         228
  C:0D3CH         LINE#         229
  C:0D3CH         LINE#         230
  C:0D3EH         LINE#         231
  C:0D40H         LINE#         233
BL51 BANKED LINKER/LOCATER V6.22                                                      02/25/2019  11:06:32  PAGE 11


  C:0D40H         LINE#         234
  C:0D4BH         LINE#         235
  C:0D4BH         LINE#         236
  C:0D50H         LINE#         237
  C:0D52H         LINE#         238
  C:0D52H         LINE#         247
  C:0D74H         LINE#         248
  C:0D74H         LINE#         249
  C:0D7EH         LINE#         250
  C:0D84H         LINE#         251
  C:0D86H         LINE#         252
  C:0D88H         LINE#         253
  C:0D8AH         LINE#         254
  C:0D8AH         LINE#         255
  C:0D8DH         LINE#         257
  C:0D8DH         LINE#         258
  C:0D93H         LINE#         259
  C:0D9BH         LINE#         260
  C:0DA1H         LINE#         261
  C:0DA9H         LINE#         262
  C:0DE4H         LINE#         266
  C:0DF1H         LINE#         267
  C:0DF1H         LINE#         268
  C:0DFEH         LINE#         269
  C:0E31H         LINE#         270
  C:0E3EH         LINE#         271
  C:0E3EH         LINE#         273
  C:0E6DH         LINE#         274
  C:0E6DH         LINE#         275
  C:0E8FH         LINE#         276
  C:0E8FH         LINE#         277
  C:0F0BH         LINE#         278
  C:0F89H         LINE#         282
  C:0F91H         LINE#         283
  C:0F99H         LINE#         284
  C:0FA1H         LINE#         286
  C:0FA9H         LINE#         287
  C:0FB6H         LINE#         288
  C:0FCCH         LINE#         290
  C:0FF6H         LINE#         291
  C:1003H         LINE#         292
  C:1010H         LINE#         295
  C:1026H         LINE#         296
  C:1050H         LINE#         361
  C:1057H         LINE#         362
  C:1057H         LINE#         365
  C:105AH         LINE#         366
  C:106BH         LINE#         367
  C:106BH         LINE#         368
  C:106BH         LINE#         370
  C:106BH         LINE#         373
  C:106EH         LINE#         375
  C:106EH         LINE#         376
  C:1090H         LINE#         377
  C:1090H         LINE#         378
  C:110CH         LINE#         379
  C:1161H         LINE#         380
BL51 BANKED LINKER/LOCATER V6.22                                                      02/25/2019  11:06:32  PAGE 12


  C:1161H         LINE#         381
  C:1161H         LINE#         382
  C:1164H         LINE#         386
  C:1164H         LINE#         389
  C:1198H         LINE#         390
  C:1198H         LINE#         391
  C:11BAH         LINE#         392
  C:11BAH         LINE#         393
  C:1236H         LINE#         394
  C:12B4H         LINE#         398
  C:12BCH         LINE#         399
  C:12C4H         LINE#         400
  C:12CCH         LINE#         402
  C:12D4H         LINE#         404
  C:12EAH         LINE#         406
  C:131AH         LINE#         410
  C:1330H         LINE#         411
  C:1360H         LINE#         412
  C:1384H         LINE#         414
  C:1387H         LINE#         415
  C:1398H         LINE#         416
  C:1398H         LINE#         417
  C:13A0H         LINE#         419
  C:13A0H         LINE#         422
  C:13A3H         LINE#         424
  C:13A3H         LINE#         426
  C:13C5H         LINE#         427
  C:13C5H         LINE#         428
  C:1441H         LINE#         430
  C:146EH         LINE#         431
  C:1489H         LINE#         432
  C:14B6H         LINE#         433
  C:14D1H         LINE#         435
  C:156DH         LINE#         438
  C:156DH         LINE#         439
  C:156DH         LINE#         440
  C:156DH         LINE#         442
  C:156DH         LINE#         445
  C:1589H         LINE#         446
  C:158EH         LINE#         448
  C:1590H         LINE#         449
  -------         ENDPROC       MAIN
  -------         PROC          _DISPLAY_PROX
  D:0002H         SYMBOL        dat
  -------         DO            
  X:0630H         SYMBOL        unit
  X:0631H         SYMBOL        ten
  X:0632H         SYMBOL        hundred
  X:0633H         SYMBOL        thousand
  -------         ENDDO         
  C:455EH         LINE#         533
  C:4562H         LINE#         534
  C:4562H         LINE#         536
  C:456EH         LINE#         537
  C:457EH         LINE#         538
  C:459AH         LINE#         539
  C:45CAH         LINE#         540
BL51 BANKED LINKER/LOCATER V6.22                                                      02/25/2019  11:06:32  PAGE 13


  C:45D4H         LINE#         541
  C:45DEH         LINE#         542
  C:45E8H         LINE#         543
  C:45F2H         LINE#         545
  -------         ENDPROC       _DISPLAY_PROX
  -------         PROC          _DISPLAY_POS
  X:0460H         SYMBOL        sign_dat
  -------         DO            
  X:0464H         SYMBOL        unit
  X:0465H         SYMBOL        ten
  X:0466H         SYMBOL        hundred
  D:0003H         SYMBOL        thousand
  X:0467H         SYMBOL        after_dot
  X:0468H         SYMBOL        dat
  -------         ENDDO         
  C:39E2H         LINE#         548
  C:39E8H         LINE#         549
  C:39E8H         LINE#         553
  C:3A04H         LINE#         554
  C:3A1EH         LINE#         555
  C:3A42H         LINE#         557
  C:3A8CH         LINE#         559
  C:3AA3H         LINE#         560
  C:3AB0H         LINE#         561
  C:3AD2H         LINE#         562
  C:3B07H         LINE#         563
  C:3B1FH         LINE#         564
  C:3B1FH         LINE#         566
  C:3B1FH         LINE#         567
  C:3B1FH         LINE#         568
  C:3B1FH         LINE#         569
  C:3B1FH         LINE#         570
  C:3B1FH         LINE#         574
  C:3B21H         LINE#         576
  C:3B21H         LINE#         578
  C:3B26H         LINE#         579
  C:3B30H         LINE#         580
  C:3B3AH         LINE#         581
  C:3B44H         LINE#         582
  C:3B49H         LINE#         583
  C:3B53H         LINE#         587
  C:3B53H         LINE#         589
  -------         ENDPROC       _DISPLAY_POS
  -------         ENDMOD        MAIN

  -------         MODULE        PCF85063BTL
  C:0000H         SYMBOL        _ICE_DUMMY_
  D:0096H         PUBLIC        P2M0
  D:0080H         PUBLIC        P0
  D:0095H         PUBLIC        P2M1
  D:0090H         PUBLIC        P1
  D:00A0H         PUBLIC        P2
  D:00B0H         PUBLIC        P3
  D:00C0H         PUBLIC        P4
  D:00C8H         PUBLIC        P5
  D:00E8H         PUBLIC        P6
  B:00A0H.1       PUBLIC        PCF85063BTL_SDI
BL51 BANKED LINKER/LOCATER V6.22                                                      02/25/2019  11:06:32  PAGE 14


  D:00F8H         PUBLIC        P7
  B:00A0H.2       PUBLIC        PCF85063BTL_SCK
  B:00A0H.1       PUBLIC        PCF85063BTL_SDO
  D:00A8H         PUBLIC        IE
  C:4778H         PUBLIC        _Read_time
  C:4CEDH         PUBLIC        _PCF85063BTL_Delay
  D:00B8H         PUBLIC        IP
  D:00D8H         PUBLIC        CCON
  C:467FH         PUBLIC        _Day_Of_Year
  C:4BE3H         PUBLIC        SPI_ReceiveByte
  D:0098H         PUBLIC        SCON
  D:0088H         PUBLIC        TCON
  C:4D20H         PUBLIC        _BCDtoDec
  B:00A0H.0       PUBLIC        PCF85063BTL_CS
  C:4D0FH         PUBLIC        _SPI_ReadTime
  C:4D6FH         PUBLIC        SPI_Init
  C:4C78H         PUBLIC        _SPI_WriteTime
  C:4BC3H         PUBLIC        _SPI_SendByte
  D:00D0H         PUBLIC        PSW
  C:4CE9H         SYMBOL        L?0047
  -------         PROC          L?0046
  -------         ENDPROC       L?0046
  C:4CE9H         SYMBOL        L?0047
  -------         PROC          _PCF85063BTL_DELAY
  D:0006H         SYMBOL        us
  C:4CEDH         LINE#         8
  C:4CEDH         LINE#         9
  C:4CEDH         LINE#         10
  C:4CF7H         LINE#         11
  C:4CF7H         LINE#         12
  C:4CF8H         LINE#         13
  C:4CFAH         LINE#         14
  -------         ENDPROC       _PCF85063BTL_DELAY
  -------         PROC          _SPI_SENDBYTE
  D:0005H         SYMBOL        dat
  -------         DO            
  D:0003H         SYMBOL        i
  -------         ENDDO         
  C:4BC3H         LINE#         17
  C:4BC5H         LINE#         18
  C:4BC5H         LINE#         20
  C:4BC7H         LINE#         21
  C:4BC7H         LINE#         22
  C:4BC9H         LINE#         23
  C:4BCDH         LINE#         24
  C:4BCDH         LINE#         25
  C:4BCFH         LINE#         26
  C:4BD1H         LINE#         28
  C:4BD1H         LINE#         29
  C:4BD3H         LINE#         30
  C:4BD3H         LINE#         31
  C:4BD6H         LINE#         32
  C:4BD6H         LINE#         33
  C:4BD9H         LINE#         34
  C:4BDDH         LINE#         35
  C:4BE2H         LINE#         36
  -------         ENDPROC       _SPI_SENDBYTE
BL51 BANKED LINKER/LOCATER V6.22                                                      02/25/2019  11:06:32  PAGE 15


  -------         PROC          SPI_RECEIVEBYTE
  -------         DO            
  D:0003H         SYMBOL        i
  D:0005H         SYMBOL        dat
  -------         ENDDO         
  C:4BE3H         LINE#         39
  C:4BE3H         LINE#         40
  C:4BE3H         LINE#         42
  C:4BE5H         LINE#         44
  C:4BE7H         LINE#         45
  C:4BE8H         LINE#         46
  C:4BE8H         LINE#         47
  C:4BECH         LINE#         48
  C:4BEEH         LINE#         49
  C:4BF1H         LINE#         51
  C:4BF4H         LINE#         52
  C:4BF4H         LINE#         53
  C:4BF8H         LINE#         54
  C:4BF8H         LINE#         55
  C:4BF8H         LINE#         56
  C:4BFBH         LINE#         57
  C:4C00H         LINE#         58
  C:4C02H         LINE#         59
  -------         ENDPROC       SPI_RECEIVEBYTE
  -------         PROC          _SPI_READTIME
  D:0007H         SYMBOL        addr
  -------         DO            
  D:0006H         SYMBOL        dat
  -------         ENDDO         
  C:4D0FH         LINE#         61
  C:4D0FH         LINE#         62
  C:4D0FH         LINE#         64
  C:4D11H         LINE#         65
  C:4D13H         LINE#         66
  C:4D1AH         LINE#         67
  C:4D1DH         LINE#         68
  C:4D1FH         LINE#         69
  C:4D1FH         LINE#         70
  -------         ENDPROC       _SPI_READTIME
  -------         PROC          _SPI_WRITETIME
  D:0002H         SYMBOL        val
  D:0005H         SYMBOL        addr
  C:4C78H         LINE#         71
  C:4C7AH         LINE#         72
  C:4C7AH         LINE#         74
  C:4C7CH         LINE#         75
  C:4C83H         LINE#         76
  C:4C88H         LINE#         77
  C:4C8DH         LINE#         78
  C:4C8FH         LINE#         79
  -------         ENDPROC       _SPI_WRITETIME
  -------         PROC          SPI_INIT
  C:4D6FH         LINE#         83
  C:4D6FH         LINE#         84
  C:4D6FH         LINE#         89
  C:4D72H         LINE#         90
  C:4D75H         LINE#         91
BL51 BANKED LINKER/LOCATER V6.22                                                      02/25/2019  11:06:32  PAGE 16


  C:4D77H         LINE#         92
  C:4D79H         LINE#         93
  C:4D7BH         LINE#         94
  -------         ENDPROC       SPI_INIT
  -------         PROC          _READ_TIME
  X:03BBH         SYMBOL        months
  X:03BEH         SYMBOL        days
  X:03C1H         SYMBOL        hours
  X:03C4H         SYMBOL        mins
  X:03C7H         SYMBOL        seconds
  C:4778H         LINE#         96
  C:4783H         LINE#         97
  C:4783H         LINE#         99
  C:4797H         LINE#         101
  C:47ABH         LINE#         103
  C:47BFH         LINE#         108
  C:47D3H         LINE#         113
  -------         ENDPROC       _READ_TIME
  -------         PROC          _BCDTODEC
  D:0007H         SYMBOL        bcd
  -------         DO            
  D:0006H         SYMBOL        hi
  D:0007H         SYMBOL        lo
  -------         ENDDO         
  C:4D20H         LINE#         119
  C:4D20H         LINE#         120
  C:4D20H         LINE#         122
  C:4D25H         LINE#         123
  C:4D29H         LINE#         124
  C:4D30H         LINE#         125
  -------         ENDPROC       _BCDTODEC
  -------         PROC          _DAY_OF_YEAR
  D:0007H         SYMBOL        months_bcd
  D:0005H         SYMBOL        days_bcd
  -------         DO            
  D:0004H         SYMBOL        months
  D:0007H         SYMBOL        days
  -------         ENDDO         
  C:467FH         LINE#         126
  C:467FH         LINE#         127
  C:467FH         LINE#         130
  C:4684H         LINE#         132
  C:4689H         LINE#         134
  C:46C2H         LINE#         135
  C:46C2H         LINE#         136
  C:46C2H         LINE#         137
  C:46C5H         LINE#         138
  C:46C5H         LINE#         139
  C:46C5H         LINE#         140
  C:46CAH         LINE#         141
  C:46CAH         LINE#         142
  C:46CAH         LINE#         143
  C:46CFH         LINE#         144
  C:46CFH         LINE#         145
  C:46CFH         LINE#         146
  C:46D4H         LINE#         147
  C:46D4H         LINE#         148
BL51 BANKED LINKER/LOCATER V6.22                                                      02/25/2019  11:06:32  PAGE 17


  C:46D4H         LINE#         149
  C:46D9H         LINE#         150
  C:46D9H         LINE#         151
  C:46D9H         LINE#         152
  C:46DEH         LINE#         153
  C:46DEH         LINE#         154
  C:46DEH         LINE#         155
  C:46E3H         LINE#         156
  C:46E3H         LINE#         157
  C:46E3H         LINE#         158
  C:46E8H         LINE#         159
  C:46E8H         LINE#         160
  C:46E8H         LINE#         161
  C:46F0H         LINE#         162
  C:46F0H         LINE#         163
  C:46F0H         LINE#         164
  C:46F5H         LINE#         165
  C:46F5H         LINE#         166
  C:46F5H         LINE#         167
  C:46FAH         LINE#         168
  C:46FAH         LINE#         169
  C:46FAH         LINE#         170
  C:4702H         LINE#         171
  C:4702H         LINE#         172
  C:4702H         LINE#         173
  -------         ENDPROC       _DAY_OF_YEAR
  -------         ENDMOD        PCF85063BTL

  -------         MODULE        UART1
  C:0000H         SYMBOL        _ICE_DUMMY_
  D:0080H         PUBLIC        P0
  D:0090H         PUBLIC        P1
  D:00A0H         PUBLIC        P2
  D:00B0H         PUBLIC        P3
  D:00C0H         PUBLIC        P4
  D:00C8H         PUBLIC        P5
  B:00A8H.7       PUBLIC        EA
  D:00E8H         PUBLIC        P6
  D:00F8H         PUBLIC        P7
  C:4A9BH         PUBLIC        _SendString
  D:00A8H         PUBLIC        IE
  B:00A8H.4       PUBLIC        ES
  D:00B8H         PUBLIC        IP
  C:4C90H         PUBLIC        _ASCIItoBCD
  D:00D8H         PUBLIC        CCON
  C:4D31H         PUBLIC        initUART1
  D:0098H         PUBLIC        SCON
  D:0088H         PUBLIC        TCON
  C:000AH         PUBLIC        _DectoBCD
  C:4DB3H         PUBLIC        _ASCII_Letter
  D:008EH         PUBLIC        AUXR
  C:4DAEH         PUBLIC        _unit
  C:0003H         PUBLIC        _ten
  D:00D6H         PUBLIC        T2H
  D:00D7H         PUBLIC        T2L
  D:00D0H         PUBLIC        PSW
  -------         PROC          INITUART1
BL51 BANKED LINKER/LOCATER V6.22                                                      02/25/2019  11:06:32  PAGE 18


  C:4D31H         LINE#         21
  C:4D31H         LINE#         22
  C:4D31H         LINE#         23
  C:4D34H         LINE#         24
  C:4D37H         LINE#         25
  C:4D3AH         LINE#         26
  C:4D3DH         LINE#         27
  C:4D3FH         LINE#         28
  C:4D41H         LINE#         30
  -------         ENDPROC       INITUART1
  -------         PROC          _SENDSTRING
  X:0634H         SYMBOL        s
  C:4A9BH         LINE#         35
  C:4AA6H         LINE#         36
  C:4AA6H         LINE#         37
  C:4AB6H         LINE#         38
  C:4AB6H         LINE#         39
  C:4ACBH         LINE#         40
  C:4ACDH         LINE#         41
  -------         ENDPROC       _SENDSTRING
  -------         PROC          _TEN
  D:0007H         SYMBOL        BCD
  C:0003H         LINE#         43
  C:0003H         LINE#         44
  C:0003H         LINE#         45
  C:0008H         LINE#         46
  -------         ENDPROC       _TEN
  -------         PROC          _UNIT
  D:0007H         SYMBOL        BCD
  C:4DAEH         LINE#         47
  C:4DAEH         LINE#         48
  C:4DAEH         LINE#         52
  C:4DB2H         LINE#         53
  -------         ENDPROC       _UNIT
  -------         PROC          _DECTOBCD
  D:0007H         SYMBOL        dec
  C:000AH         LINE#         54
  C:000AH         LINE#         55
  C:000AH         LINE#         57
  C:000AH         LINE#         58
  -------         ENDPROC       _DECTOBCD
  -------         PROC          _ASCII_LETTER
  D:0007H         SYMBOL        dat
  C:4DB3H         LINE#         60
  C:4DB3H         LINE#         61
  C:4DB3H         LINE#         63
  C:4DB7H         LINE#         64
  -------         ENDPROC       _ASCII_LETTER
  -------         PROC          _ASCIITOBCD
  D:0001H         SYMBOL        ascii
  -------         DO            
  D:0007H         SYMBOL        dec_val
  D:0006H         SYMBOL        ten
  D:0007H         SYMBOL        unit
  -------         ENDDO         
  C:4C90H         LINE#         66
  C:4C90H         LINE#         67
BL51 BANKED LINKER/LOCATER V6.22                                                      02/25/2019  11:06:32  PAGE 19


  C:4C90H         LINE#         69
  C:4C93H         LINE#         70
  C:4C99H         LINE#         71
  C:4CA0H         LINE#         72
  C:4CA6H         LINE#         74
  -------         ENDPROC       _ASCIITOBCD
  -------         ENDMOD        UART1

  -------         MODULE        LCD_DRIVER_SPLC780D
  C:0000H         SYMBOL        _ICE_DUMMY_
  D:0092H         PUBLIC        P1M0
  D:0091H         PUBLIC        P1M1
  D:0080H         PUBLIC        P0
  D:0090H         PUBLIC        P1
  D:00A0H         PUBLIC        P2
  D:00B0H         PUBLIC        P3
  D:00C0H         PUBLIC        P4
  D:00C8H         PUBLIC        P5
  D:00E8H         PUBLIC        P6
  D:00F8H         PUBLIC        P7
  C:4703H         PUBLIC        _WriteData
  D:00A8H         PUBLIC        IE
  D:00B8H         PUBLIC        IP
  D:00D8H         PUBLIC        CCON
  B:00B0H.4       PUBLIC        LCD_D4
  B:00B0H.5       PUBLIC        LCD_D5
  B:00B0H.6       PUBLIC        LCD_D6
  C:4C40H         PUBLIC        _DisplayLCD
  B:00B0H.7       PUBLIC        LCD_D7
  D:0098H         PUBLIC        SCON
  D:0088H         PUBLIC        TCON
  C:4D9EH         PUBLIC        LCD_clear
  C:49E0H         PUBLIC        _Command
  C:4CBDH         PUBLIC        _Display_Line
  C:48AFH         PUBLIC        LCD_Init
  C:4BA5H         PUBLIC        _Wait_ms
  B:00C0H.0       PUBLIC        LCD_RS
  B:00B0H.2       PUBLIC        LCD_RW
  C:4D94H         PUBLIC        LCD_return_home
  B:00B0H.3       PUBLIC        LCD_E
  D:00D0H         PUBLIC        PSW
  -------         PROC          LCD_INIT
  C:48AFH         LINE#         9
  C:48AFH         LINE#         10
  C:48AFH         LINE#         11
  C:48B2H         LINE#         12
  C:48B5H         LINE#         14
  C:48BBH         LINE#         15
  C:48C0H         LINE#         17
  C:48C7H         LINE#         18
  C:48CCH         LINE#         20
  C:48CFH         LINE#         21
  C:48D4H         LINE#         23
  C:48D7H         LINE#         24
  C:48DCH         LINE#         26
  C:48E3H         LINE#         29
  C:48E8H         LINE#         30
BL51 BANKED LINKER/LOCATER V6.22                                                      02/25/2019  11:06:32  PAGE 20


  C:48EDH         LINE#         32
  C:48F2H         LINE#         33
  C:48F7H         LINE#         35
  C:48FCH         LINE#         36
  C:4901H         LINE#         37
  -------         ENDPROC       LCD_INIT
  -------         PROC          _WRITEDATA
  X:046AH         SYMBOL        dat
  C:4703H         LINE#         40
  C:4708H         LINE#         41
  C:4708H         LINE#         46
  C:470AH         LINE#         47
  C:470CH         LINE#         49
  C:471AH         LINE#         50
  C:4726H         LINE#         51
  C:4732H         LINE#         52
  C:473CH         LINE#         53
  C:473EH         LINE#         54
  C:4745H         LINE#         55
  C:4747H         LINE#         57
  C:4757H         LINE#         58
  C:4762H         LINE#         59
  C:476CH         LINE#         60
  C:4770H         LINE#         62
  C:4770H         LINE#         63
  C:4773H         LINE#         64
  C:4775H         LINE#         65
  C:4777H         LINE#         67
  -------         ENDPROC       _WRITEDATA
  -------         PROC          _COMMAND
  D:0007H         SYMBOL        dat
  C:49E0H         LINE#         69
  C:49E0H         LINE#         70
  C:49E0H         LINE#         71
  C:49E2H         LINE#         72
  C:49E4H         LINE#         74
  C:49EEH         LINE#         75
  C:49F2H         LINE#         77
  C:49F4H         LINE#         78
  C:49FDH         LINE#         79
  C:4A01H         LINE#         81
  C:4A03H         LINE#         82
  C:4A0AH         LINE#         83
  C:4A0EH         LINE#         85
  C:4A10H         LINE#         86
  C:4A14H         LINE#         87
  C:4A18H         LINE#         89
  C:4A1AH         LINE#         90
  C:4A1AH         LINE#         91
  C:4A1DH         LINE#         92
  C:4A1FH         LINE#         93
  -------         ENDPROC       _COMMAND
  C:4BA1H         SYMBOL        L?0028
  -------         PROC          L?0027
  -------         ENDPROC       L?0027
  C:4BA1H         SYMBOL        L?0028
  -------         PROC          _WAIT_MS
BL51 BANKED LINKER/LOCATER V6.22                                                      02/25/2019  11:06:32  PAGE 21


  D:0006H         SYMBOL        ms
  -------         DO            
  D:0004H         SYMBOL        De_Cnt
  -------         ENDDO         
  C:4BA5H         LINE#         95
  C:4BA5H         LINE#         96
  C:4BA5H         LINE#         98
  C:4BAFH         LINE#         99
  C:4BAFH         LINE#         100
  C:4BC2H         LINE#         101
  C:4BC2H         LINE#         102
  -------         ENDPROC       _WAIT_MS
  -------         PROC          _DISPLAYLCD
  D:0007H         SYMBOL        BCD
  -------         DO            
  D:0006H         SYMBOL        first_digit
  X:03BBH         SYMBOL        second_digit
  -------         ENDDO         
  C:4C40H         LINE#         103
  C:4C40H         LINE#         104
  C:4C40H         LINE#         106
  C:4C47H         LINE#         107
  C:4C50H         LINE#         109
  C:4C55H         LINE#         111
  -------         ENDPROC       _DISPLAYLCD
  -------         PROC          LCD_RETURN_HOME
  C:4D94H         LINE#         115
  C:4D94H         LINE#         116
  C:4D94H         LINE#         117
  C:4D99H         LINE#         118
  -------         ENDPROC       LCD_RETURN_HOME
  -------         PROC          LCD_CLEAR
  C:4D9EH         LINE#         121
  C:4D9EH         LINE#         122
  C:4D9EH         LINE#         123
  C:4DA3H         LINE#         124
  -------         ENDPROC       LCD_CLEAR
  -------         PROC          _DISPLAY_LINE
  D:0006H         SYMBOL        line
  C:4CBDH         LINE#         128
  C:4CBDH         LINE#         129
  C:4CBDH         LINE#         130
  C:4CC3H         LINE#         131
  C:4CC3H         LINE#         132
  C:4CC5H         LINE#         133
  C:4CC5H         LINE#         134
  C:4CC7H         LINE#         136
  C:4CC7H         LINE#         137
  C:4CCCH         LINE#         138
  C:4CD1H         LINE#         139
  C:4CD1H         LINE#         140
  -------         ENDPROC       _DISPLAY_LINE
  -------         ENDMOD        LCD_DRIVER_SPLC780D

  -------         MODULE        KEYPAD
  C:0000H         SYMBOL        _ICE_DUMMY_
  D:0093H         PUBLIC        P0M1
BL51 BANKED LINKER/LOCATER V6.22                                                      02/25/2019  11:06:32  PAGE 22


  D:0080H         PUBLIC        P0
  D:0090H         PUBLIC        P1
  D:00A0H         PUBLIC        P2
  D:00B0H         PUBLIC        P3
  D:00C0H         PUBLIC        P4
  D:00C8H         PUBLIC        P5
  B:0020H.0       PUBLIC        calib_mode
  D:00E8H         PUBLIC        P6
  D:00F8H         PUBLIC        P7
  D:00A8H         PUBLIC        IE
  C:36CDH         PUBLIC        Key_Scan
  D:00B8H         PUBLIC        IP
  D:00D8H         PUBLIC        CCON
  C:4D7CH         PUBLIC        KeyPad_IO_Init
  C:4C22H         PUBLIC        _Delay_ms
  D:0098H         PUBLIC        SCON
  D:0088H         PUBLIC        TCON
  B:0020H.1       PUBLIC        small_move
  B:0020H.2       PUBLIC        move
  B:0020H.3       PUBLIC        direction
  B:0020H.4       PUBLIC        auto_move
  C:30ADH         PUBLIC        Key_Process
  D:00D0H         PUBLIC        PSW
  D:0094H         PUBLIC        P0M0
  -------         PROC          _DELAY_MS
  D:0006H         SYMBOL        ms
  -------         DO            
  D:0004H         SYMBOL        De_Cnt
  -------         ENDDO         
  C:4C22H         LINE#         19
  C:4C22H         LINE#         20
  C:4C22H         LINE#         22
  C:4C2CH         LINE#         23
  C:4C2CH         LINE#         24
  C:4C3FH         LINE#         25
  C:4C3FH         LINE#         26
  -------         ENDPROC       _DELAY_MS
  -------         PROC          KEY_SCAN
  -------         DO            
  X:03C1H         SYMBOL        KeyTemp1
  X:03C2H         SYMBOL        KeyTemp2
  X:03C3H         SYMBOL        KeyValue
  -------         ENDDO         
  C:36CDH         LINE#         27
  C:36CDH         LINE#         28
  C:36CDH         LINE#         33
  C:36D0H         LINE#         36
  C:36D3H         LINE#         38
  C:36DBH         LINE#         39
  C:36E2H         LINE#         40
  C:36E2H         LINE#         42
  C:36E7H         LINE#         43
  C:36EEH         LINE#         44
  C:36EEH         LINE#         47
  C:36F1H         LINE#         48
  C:36F4H         LINE#         49
  C:36F9H         LINE#         50
BL51 BANKED LINKER/LOCATER V6.22                                                      02/25/2019  11:06:32  PAGE 23


  C:36FDH         LINE#         51
  C:36FDH         LINE#         52
  C:3705H         LINE#         53
  C:3705H         LINE#         54
  C:3708H         LINE#         55
  C:3710H         LINE#         56
  C:3712H         LINE#         58
  C:3726H         LINE#         59
  C:3726H         LINE#         60
  C:3726H         LINE#         61
  C:3726H         LINE#         62
  C:372CH         LINE#         64
  C:372EH         LINE#         65
  C:372EH         LINE#         66
  C:372EH         LINE#         67
  C:3734H         LINE#         69
  C:3736H         LINE#         70
  C:3736H         LINE#         71
  C:3736H         LINE#         72
  C:373CH         LINE#         74
  C:373EH         LINE#         75
  C:373EH         LINE#         76
  C:373EH         LINE#         77
  C:3744H         LINE#         79
  C:3744H         LINE#         80
  C:3744H         LINE#         81
  C:3744H         LINE#         84
  C:3747H         LINE#         85
  C:374AH         LINE#         86
  C:3752H         LINE#         87
  C:3756H         LINE#         88
  C:3756H         LINE#         89
  C:375EH         LINE#         90
  C:375EH         LINE#         91
  C:3761H         LINE#         92
  C:3769H         LINE#         93
  C:376BH         LINE#         94
  C:377FH         LINE#         95
  C:377FH         LINE#         96
  C:377FH         LINE#         97
  C:377FH         LINE#         98
  C:3785H         LINE#         100
  C:3787H         LINE#         101
  C:3787H         LINE#         102
  C:3787H         LINE#         103
  C:378DH         LINE#         105
  C:378FH         LINE#         106
  C:378FH         LINE#         107
  C:378FH         LINE#         108
  C:3795H         LINE#         110
  C:3797H         LINE#         111
  C:3797H         LINE#         112
  C:3797H         LINE#         113
  C:379CH         LINE#         115
  C:379CH         LINE#         116
  C:379CH         LINE#         117
  C:379CH         LINE#         120
BL51 BANKED LINKER/LOCATER V6.22                                                      02/25/2019  11:06:32  PAGE 24


  C:379FH         LINE#         121
  C:37A2H         LINE#         122
  C:37AAH         LINE#         123
  C:37AEH         LINE#         124
  C:37AEH         LINE#         125
  C:37B6H         LINE#         126
  C:37B6H         LINE#         127
  C:37B9H         LINE#         128
  C:37C1H         LINE#         129
  C:37C3H         LINE#         130
  C:37D7H         LINE#         131
  C:37D7H         LINE#         132
  C:37D7H         LINE#         133
  C:37D7H         LINE#         134
  C:37DDH         LINE#         136
  C:37DFH         LINE#         137
  C:37DFH         LINE#         138
  C:37DFH         LINE#         139
  C:37E5H         LINE#         141
  C:37E7H         LINE#         142
  C:37E7H         LINE#         143
  C:37E7H         LINE#         144
  C:37EDH         LINE#         146
  C:37EFH         LINE#         147
  C:37EFH         LINE#         148
  C:37EFH         LINE#         149
  C:37F5H         LINE#         151
  C:37F5H         LINE#         152
  C:37F5H         LINE#         153
  C:37F5H         LINE#         157
  C:37F8H         LINE#         158
  C:37FBH         LINE#         159
  C:3803H         LINE#         160
  C:3807H         LINE#         161
  C:3807H         LINE#         162
  C:380FH         LINE#         163
  C:380FH         LINE#         164
  C:3812H         LINE#         165
  C:381AH         LINE#         166
  C:381CH         LINE#         167
  C:3830H         LINE#         168
  C:3830H         LINE#         169
  C:3830H         LINE#         170
  C:3830H         LINE#         171
  C:3836H         LINE#         173
  C:3838H         LINE#         174
  C:3838H         LINE#         175
  C:3838H         LINE#         176
  C:383EH         LINE#         178
  C:3840H         LINE#         179
  C:3840H         LINE#         180
  C:3840H         LINE#         181
  C:3846H         LINE#         183
  C:3848H         LINE#         184
  C:3848H         LINE#         185
  C:3848H         LINE#         186
  C:384EH         LINE#         188
BL51 BANKED LINKER/LOCATER V6.22                                                      02/25/2019  11:06:32  PAGE 25


  C:384EH         LINE#         189
  C:384EH         LINE#         190
  C:384EH         LINE#         192
  C:3854H         LINE#         193
  C:3854H         LINE#         195
  C:3854H         LINE#         196
  C:3857H         LINE#         197
  C:3857H         LINE#         198
  C:3857H         LINE#         200
  C:3857H         LINE#         201
  C:3859H         LINE#         202
  C:3859H         LINE#         203
  -------         ENDPROC       KEY_SCAN
  -------         PROC          KEY_PROCESS
  -------         DO            
  X:061AH         SYMBOL        KeyCount
  X:061CH         SYMBOL        KeyNum_Old
  X:061DH         SYMBOL        KeyNum
  X:061EH         SYMBOL        PressedKey
  X:03BBH         SYMBOL        d
  D:0004H         SYMBOL        hours
  D:0006H         SYMBOL        mins
  X:03BDH         SYMBOL        months
  X:03BFH         SYMBOL        days
  -------         ENDDO         
  C:30ADH         LINE#         204
  C:30ADH         LINE#         205
  C:30ADH         LINE#         209
  C:30B5H         LINE#         210
  C:30BDH         LINE#         212
  C:30C0H         LINE#         213
  C:30C0H         LINE#         214
  C:30C3H         LINE#         216
  C:30C3H         LINE#         217
  C:30D0H         LINE#         218
  C:30D0H         LINE#         219
  C:30D3H         LINE#         220
  C:30D6H         LINE#         222
  C:30D9H         LINE#         224
  C:30D9H         LINE#         225
  C:30E4H         LINE#         226
  C:30E4H         LINE#         227
  C:30E7H         LINE#         229
  C:30E7H         LINE#         230
  C:30EEH         LINE#         231
  C:30EEH         LINE#         232
  C:30F1H         LINE#         234
  C:30F1H         LINE#         235
  C:30F9H         LINE#         236
  C:30F9H         LINE#         237
  C:3103H         LINE#         238
  C:310BH         LINE#         240
  C:3114H         LINE#         242
  C:3114H         LINE#         251
  C:3129H         LINE#         252
  C:3129H         LINE#         253
  C:313BH         LINE#         254
BL51 BANKED LINKER/LOCATER V6.22                                                      02/25/2019  11:06:32  PAGE 26


  C:3149H         LINE#         255
  C:3158H         LINE#         256
  C:3158H         LINE#         258
  C:315EH         LINE#         262
  C:3174H         LINE#         263
  C:3185H         LINE#         264
  C:31A0H         LINE#         265
  C:31A0H         LINE#         266
  C:31B0H         LINE#         267
  C:31C1H         LINE#         268
  C:31C1H         LINE#         272
  C:31DAH         LINE#         273
  C:31F1H         LINE#         274
  C:3211H         LINE#         275
  C:3211H         LINE#         276
  C:321BH         LINE#         277
  C:321BH         LINE#         278
  C:3224H         LINE#         279
  C:3224H         LINE#         280
  C:3238H         LINE#         281
  C:3238H         LINE#         282
  C:3238H         LINE#         283
  C:3238H         LINE#         284
  C:3238H         LINE#         285
  C:323AH         LINE#         287
  C:323AH         LINE#         288
  C:3246H         LINE#         289
  C:3246H         LINE#         290
  C:3257H         LINE#         291
  C:3257H         LINE#         292
  C:3257H         LINE#         293
  C:3257H         LINE#         294
  C:3257H         LINE#         296
  C:3259H         LINE#         298
  C:3259H         LINE#         299
  C:326AH         LINE#         300
  C:326AH         LINE#         301
  C:326AH         LINE#         302
  C:326AH         LINE#         303
  C:326AH         LINE#         305
  C:326AH         LINE#         307
  C:326AH         LINE#         308
  C:326CH         LINE#         310
  C:326CH         LINE#         311
  C:327FH         LINE#         312
  C:327FH         LINE#         313
  C:3290H         LINE#         314
  C:3290H         LINE#         315
  C:3290H         LINE#         316
  C:3290H         LINE#         317
  C:3290H         LINE#         318
  C:3292H         LINE#         320
  C:3292H         LINE#         321
  C:32A3H         LINE#         322
  C:32A3H         LINE#         323
  C:32B4H         LINE#         324
  C:32C5H         LINE#         325
BL51 BANKED LINKER/LOCATER V6.22                                                      02/25/2019  11:06:32  PAGE 27


  C:32C5H         LINE#         326
  C:32C5H         LINE#         327
  C:32C5H         LINE#         328
  C:32C5H         LINE#         329
  C:32C8H         LINE#         330
  C:32CDH         LINE#         331
  C:32D2H         LINE#         332
  C:32D7H         LINE#         333
  C:32DCH         LINE#         334
  C:32E1H         LINE#         335
  C:32E6H         LINE#         336
  C:32EBH         LINE#         337
  C:32EBH         LINE#         339
  C:330DH         LINE#         340
  C:330DH         LINE#         341
  C:3317H         LINE#         342
  C:3317H         LINE#         343
  C:331CH         LINE#         344
  C:3325H         LINE#         345
  C:333CH         LINE#         346
  C:333CH         LINE#         347
  C:334CH         LINE#         349
  C:334CH         LINE#         353
  -------         ENDPROC       KEY_PROCESS
  -------         PROC          KEYPAD_IO_INIT
  C:4D7CH         LINE#         356
  C:4D7CH         LINE#         357
  C:4D7CH         LINE#         358
  C:4D7FH         LINE#         359
  C:4D82H         LINE#         360
  C:4D85H         LINE#         361
  C:4D87H         LINE#         362
  -------         ENDPROC       KEYPAD_IO_INIT
  -------         ENDMOD        KEYPAD

  -------         MODULE        BIPOLARMOTOR
  C:0000H         SYMBOL        _ICE_DUMMY_
  D:0080H         PUBLIC        P0
  D:0090H         PUBLIC        P1
  X:0000H         PUBLIC        RX_pos_test
  D:00A0H         PUBLIC        P2
  D:00B0H         PUBLIC        P3
  D:00C0H         PUBLIC        P4
  D:00C8H         PUBLIC        P5
  D:00E8H         PUBLIC        P6
  D:00F8H         PUBLIC        P7
  X:00A0H         PUBLIC        low_date_azimuth_mapping
  D:00A8H         PUBLIC        IE
  C:40D0H         PUBLIC        linear_interpolate
  C:4B50H         PUBLIC        _Move
  D:00B8H         PUBLIC        IP
  C:3380H         PUBLIC        _findDet3x3
  C:2DEDH         PUBLIC        _findDet4x4
  D:00D8H         PUBLIC        CCON
  X:00C8H         PUBLIC        previous_move_time
  D:0098H         PUBLIC        SCON
  D:0088H         PUBLIC        TCON
BL51 BANKED LINKER/LOCATER V6.22                                                      02/25/2019  11:06:32  PAGE 28


  C:4DB8H         PUBLIC        wait
  C:4A20H         PUBLIC        _Step_move
  X:00C9H         PUBLIC        dat
  C:000EH         PUBLIC        _Update_position
  C:4908H         PUBLIC        vOneStepMove
  X:00CFH         PUBLIC        elevation_stamp
  X:010BH         PUBLIC        date_azimuth_mapping
  X:0133H         PUBLIC        RX_pos
  C:4C67H         PUBLIC        _BCDtoDec1
  X:038BH         PUBLIC        degree
  D:00D0H         PUBLIC        PSW
  -------         PROC          L?0062
  -------         ENDPROC       L?0062
  -------         PROC          _BCDTODEC1
  D:0007H         SYMBOL        bcd
  -------         DO            
  D:0006H         SYMBOL        hi
  D:0007H         SYMBOL        lo
  -------         ENDDO         
  C:4C67H         LINE#         28
  C:4C67H         LINE#         29
  C:4C67H         LINE#         31
  C:4C6CH         LINE#         32
  C:4C70H         LINE#         33
  C:4C77H         LINE#         34
  -------         ENDPROC       _BCDTODEC1
  -------         PROC          WAIT
  C:4DB8H         LINE#         36
  C:4DB8H         LINE#         38
  -------         ENDPROC       WAIT
  -------         PROC          VONESTEPMOVE
  B:0020H.7       SYMBOL        bDir
  C:4908H         LINE#         40
  C:4908H         LINE#         41
  C:4908H         LINE#         43
  C:490EH         LINE#         44
  C:490EH         LINE#         45
  C:4911H         LINE#         46
  C:491AH         LINE#         47
  C:4921H         LINE#         48
  C:4926H         LINE#         49
  C:4926H         LINE#         50
  C:4926H         LINE#         52
  C:4928H         LINE#         55
  C:4928H         LINE#         56
  C:492BH         LINE#         57
  C:4934H         LINE#         58
  C:493BH         LINE#         59
  C:4941H         LINE#         60
  C:494AH         LINE#         61
  C:4951H         LINE#         62
  C:4951H         LINE#         66
  -------         ENDPROC       VONESTEPMOVE
  -------         PROC          _STEP_MOVE
  X:0479H         SYMBOL        step
  B:0020H.6       SYMBOL        dir
  -------         DO            
BL51 BANKED LINKER/LOCATER V6.22                                                      02/25/2019  11:06:32  PAGE 29


  X:047BH         SYMBOL        i
  -------         ENDDO         
  C:4A20H         LINE#         68
  C:4A28H         LINE#         69
  C:4A28H         LINE#         71
  C:4A2DH         LINE#         74
  C:4A48H         LINE#         75
  C:4A48H         LINE#         76
  C:4A4FH         LINE#         78
  C:4A5FH         LINE#         80
  -------         ENDPROC       _STEP_MOVE
  -------         PROC          _MOVE
  X:0475H         SYMBOL        distance
  B:0020H.5       SYMBOL        direction
  -------         DO            
  D:0006H         SYMBOL        step
  -------         ENDDO         
  C:4B50H         LINE#         82
  C:4B56H         LINE#         83
  C:4B56H         LINE#         86
  C:4B71H         LINE#         87
  -------         ENDPROC       _MOVE
  C:3361H         SYMBOL        L?0058
  C:3375H         SYMBOL        L?0059
  -------         PROC          L?0057
  -------         ENDPROC       L?0057
  C:3361H         SYMBOL        L?0058
  C:3375H         SYMBOL        L?0059
  -------         PROC          _FINDDET3X3
  X:05F6H         SYMBOL        a11
  X:05FAH         SYMBOL        a12
  X:05FEH         SYMBOL        a13
  X:0602H         SYMBOL        a21
  X:0606H         SYMBOL        a22
  X:060AH         SYMBOL        a23
  X:060EH         SYMBOL        a31
  X:0612H         SYMBOL        a32
  X:0616H         SYMBOL        a33
  C:3380H         LINE#         91
  C:3386H         LINE#         95
  C:3386H         LINE#         96
  C:351DH         LINE#         98
  -------         ENDPROC       _FINDDET3X3
  -------         PROC          _FINDDET4X4
  X:05B6H         SYMBOL        a11
  X:05BAH         SYMBOL        a12
  X:05BEH         SYMBOL        a13
  X:05C2H         SYMBOL        a14
  X:05C6H         SYMBOL        a21
  X:05CAH         SYMBOL        a22
  X:05CEH         SYMBOL        a23
  X:05D2H         SYMBOL        a24
  X:05D6H         SYMBOL        a31
  X:05DAH         SYMBOL        a32
  X:05DEH         SYMBOL        a33
  X:05E2H         SYMBOL        a34
  X:05E6H         SYMBOL        a41
BL51 BANKED LINKER/LOCATER V6.22                                                      02/25/2019  11:06:32  PAGE 30


  X:05EAH         SYMBOL        a42
  X:05EEH         SYMBOL        a43
  X:05F2H         SYMBOL        a44
  C:2DEDH         LINE#         99
  C:2DF3H         LINE#         103
  C:2DF3H         LINE#         110
  C:30ACH         LINE#         114
  -------         ENDPROC       _FINDDET4X4
  C:40BFH         SYMBOL        L?0061
  -------         PROC          L?0060
  -------         ENDPROC       L?0060
  C:40BFH         SYMBOL        L?0061
  -------         PROC          LINEAR_INTERPOLATE
  X:0475H         SYMBOL        p1
  X:047DH         SYMBOL        p2
  X:0485H         SYMBOL        x
  -------         DO            
  D:0004H         SYMBOL        fx
  -------         ENDDO         
  C:40D0H         LINE#         120
  C:40D0H         LINE#         121
  C:40D0H         LINE#         124
  C:416FH         LINE#         126
  C:416FH         LINE#         127
  -------         ENDPROC       LINEAR_INTERPOLATE
  -------         PROC          _UPDATE_POSITION
  D:0001H         SYMBOL        mnths
  D:0002H         SYMBOL        dys
  X:03D8H         SYMBOL        hurs
  X:03D9H         SYMBOL        mns
  X:03DAH         SYMBOL        sconds
  X:03DBH         SYMBOL        currnt_pos
  X:03DEH         SYMBOL        offset_calib
  -------         DO            
  X:03E2H         SYMBOL        date
  X:03E4H         SYMBOL        i
  X:03E6H         SYMBOL        yy
  X:03E8H         SYMBOL        desired_distance
  X:03ECH         SYMBOL        distance
  X:03F0H         SYMBOL        JP_pos
  X:03F4H         SYMBOL        pos_interpolate_azimuth
  X:0430H         SYMBOL        current_local_sun_time
  X:0434H         SYMBOL        azimuth
  X:0438H         SYMBOL        elevation
  X:043CH         SYMBOL        time_offset
  X:0440H         SYMBOL        UTC_time
  X:0444H         SYMBOL        declination
  X:0448H         SYMBOL        p1
  X:0450H         SYMBOL        p2
  X:0458H         SYMBOL        time
  X:046AH         SYMBOL        location
  X:0472H         SYMBOL        sunCoord
  -------         ENDDO         
  C:000EH         LINE#         131
  C:0017H         LINE#         134
  C:0017H         LINE#         135
  C:0022H         LINE#         137
BL51 BANKED LINKER/LOCATER V6.22                                                      02/25/2019  11:06:32  PAGE 31


  C:003EH         LINE#         138
  C:0048H         LINE#         146
  C:0052H         LINE#         147
  C:005CH         LINE#         148
  C:0066H         LINE#         149
  C:0071H         LINE#         150
  C:007CH         LINE#         151
  C:0095H         LINE#         152
  C:00A6H         LINE#         153
  C:00B5H         LINE#         156
  C:00C9H         LINE#         160
  C:011BH         LINE#         161
  C:027FH         LINE#         162
  C:02CFH         LINE#         164
  C:03F7H         LINE#         166
  C:04C6H         LINE#         173
  C:050DH         LINE#         174
  C:050DH         LINE#         176
  C:0527H         LINE#         177
  C:0527H         LINE#         178
  C:0597H         LINE#         179
  C:0597H         LINE#         180
  C:059EH         LINE#         181
  C:059EH         LINE#         182
  C:05CBH         LINE#         183
  C:05E6H         LINE#         185
  C:062DH         LINE#         186
  C:0661H         LINE#         188
  C:06A7H         LINE#         189
  C:06CAH         LINE#         191
  C:06CAH         LINE#         193
  C:0740H         LINE#         194
  C:0740H         LINE#         195
  C:0747H         LINE#         196
  C:0747H         LINE#         197
  C:0774H         LINE#         198
  C:078FH         LINE#         200
  C:07D6H         LINE#         201
  C:080AH         LINE#         203
  C:0850H         LINE#         204
  C:0870H         LINE#         206
  C:0870H         LINE#         207
  C:0881H         LINE#         210
  C:089BH         LINE#         211
  C:089BH         LINE#         212
  C:090BH         LINE#         213
  C:090BH         LINE#         214
  C:0938H         LINE#         215
  C:0953H         LINE#         217
  C:0980H         LINE#         218
  C:099BH         LINE#         220
  C:09CDH         LINE#         223
  C:09CDH         LINE#         225
  C:09DEH         LINE#         227
  C:0A0DH         LINE#         229
  C:0A32H         LINE#         230
  C:0A97H         LINE#         231
BL51 BANKED LINKER/LOCATER V6.22                                                      02/25/2019  11:06:32  PAGE 32


  C:0A97H         LINE#         232
  C:0AB1H         LINE#         233
  C:0AC3H         LINE#         234
  C:0ADBH         LINE#         235
  C:0AF1H         LINE#         237
  C:0B0DH         LINE#         238
  C:0B0DH         LINE#         239
  C:0B0DH         LINE#         242
  -------         ENDPROC       _UPDATE_POSITION
  -------         ENDMOD        BIPOLARMOTOR

  -------         MODULE        SUNPOS
  C:0000H         SYMBOL        _ICE_DUMMY_
  C:1F49H         PUBLIC        sunpos
  -------         PROC          SUNPOS
  X:0475H         SYMBOL        udtTime
  X:0487H         SYMBOL        udtLocation
  X:048FH         SYMBOL        udtSunCoordinates
  -------         DO            
  X:0492H         SYMBOL        dElapsedJulianDays
  X:0496H         SYMBOL        dDecimalHours
  X:049AH         SYMBOL        dEclipticLongitude
  X:049EH         SYMBOL        dEclipticObliquity
  X:04A2H         SYMBOL        dRightAscension
  X:04A6H         SYMBOL        dDeclination
  X:04AAH         SYMBOL        dY
  X:04AEH         SYMBOL        dX
  -------         DO            
  X:04B2H         SYMBOL        dJulianDate
  X:04B6H         SYMBOL        liAux1
  X:04BAH         SYMBOL        liAux2
  X:04B2H         SYMBOL        dMeanLongitude
  X:04B6H         SYMBOL        dMeanAnomaly
  X:04BAH         SYMBOL        dOmega
  X:04B2H         SYMBOL        dSin_EclipticLongitude
  X:04B2H         SYMBOL        dGreenwichMeanSiderealTime
  X:04B6H         SYMBOL        dLocalMeanSiderealTime
  X:04BAH         SYMBOL        dLatitudeInRadians
  X:04BEH         SYMBOL        dHourAngle
  X:04C2H         SYMBOL        dCos_Latitude
  X:04C6H         SYMBOL        dSin_Latitude
  X:04CAH         SYMBOL        dCos_HourAngle
  X:04CEH         SYMBOL        dParallax
  -------         ENDDO         
  -------         DO            
  X:04B2H         SYMBOL        dMeanLongitude
  X:04B6H         SYMBOL        dMeanAnomaly
  X:04BAH         SYMBOL        dOmega
  X:04B2H         SYMBOL        dSin_EclipticLongitude
  X:04B2H         SYMBOL        dGreenwichMeanSiderealTime
  X:04B6H         SYMBOL        dLocalMeanSiderealTime
  X:04BAH         SYMBOL        dLatitudeInRadians
  X:04BEH         SYMBOL        dHourAngle
  X:04C2H         SYMBOL        dCos_Latitude
  X:04C6H         SYMBOL        dSin_Latitude
  X:04CAH         SYMBOL        dCos_HourAngle
  X:04CEH         SYMBOL        dParallax
BL51 BANKED LINKER/LOCATER V6.22                                                      02/25/2019  11:06:32  PAGE 33


  -------         ENDDO         
  -------         DO            
  X:04B2H         SYMBOL        dSin_EclipticLongitude
  X:04B2H         SYMBOL        dGreenwichMeanSiderealTime
  X:04B6H         SYMBOL        dLocalMeanSiderealTime
  X:04BAH         SYMBOL        dLatitudeInRadians
  X:04BEH         SYMBOL        dHourAngle
  X:04C2H         SYMBOL        dCos_Latitude
  X:04C6H         SYMBOL        dSin_Latitude
  X:04CAH         SYMBOL        dCos_HourAngle
  X:04CEH         SYMBOL        dParallax
  -------         ENDDO         
  -------         DO            
  X:04B2H         SYMBOL        dGreenwichMeanSiderealTime
  X:04B6H         SYMBOL        dLocalMeanSiderealTime
  X:04BAH         SYMBOL        dLatitudeInRadians
  X:04BEH         SYMBOL        dHourAngle
  X:04C2H         SYMBOL        dCos_Latitude
  X:04C6H         SYMBOL        dSin_Latitude
  X:04CAH         SYMBOL        dCos_HourAngle
  X:04CEH         SYMBOL        dParallax
  -------         ENDDO         
  -------         ENDDO         
  C:1F49H         LINE#         6
  C:1F49H         LINE#         7
  C:1F49H         LINE#         9
  C:1F49H         LINE#         27
  C:1F93H         LINE#         30
  C:1FB4H         LINE#         31
  C:20FBH         LINE#         34
  C:2147H         LINE#         36
  C:2166H         LINE#         37
  C:2166H         LINE#         42
  C:2166H         LINE#         46
  C:2198H         LINE#         47
  C:21C2H         LINE#         48
  C:21ECH         LINE#         49
  C:2299H         LINE#         52
  C:22FAH         LINE#         54
  C:22FAH         LINE#         59
  C:22FAH         LINE#         61
  C:2311H         LINE#         62
  C:2339H         LINE#         63
  C:2350H         LINE#         64
  C:237BH         LINE#         65
  C:23B2H         LINE#         66
  C:23DDH         LINE#         67
  C:23DDH         LINE#         70
  C:23DDH         LINE#         79
  C:2418H         LINE#         82
  C:2452H         LINE#         84
  C:2477H         LINE#         85
  C:2496H         LINE#         86
  C:24ADH         LINE#         87
  C:24C4H         LINE#         88
  C:24DBH         LINE#         89
  C:2564H         LINE#         91
BL51 BANKED LINKER/LOCATER V6.22                                                      02/25/2019  11:06:32  PAGE 34


  C:257EH         LINE#         92
  C:25E0H         LINE#         93
  C:2616H         LINE#         94
  C:2628H         LINE#         95
  C:2655H         LINE#         96
  C:2682H         LINE#         98
  C:26A4H         LINE#         100
  C:26DCH         LINE#         103
  C:26DCH         LINE#         104
  C:26EAH         LINE#         105
  -------         ENDPROC       SUNPOS
  -------         ENDMOD        SUNPOS

  -------         MODULE        ADC
  C:0000H         SYMBOL        _ICE_DUMMY_
  D:0092H         PUBLIC        P1M0
  D:0091H         PUBLIC        P1M1
  D:0080H         PUBLIC        P0
  D:0090H         PUBLIC        P1
  D:00A0H         PUBLIC        P2
  D:00B0H         PUBLIC        P3
  D:00C0H         PUBLIC        P4
  D:00C8H         PUBLIC        P5
  D:00E8H         PUBLIC        P6
  D:00F8H         PUBLIC        P7
  D:00A8H         PUBLIC        IE
  D:00BDH         PUBLIC        ADC_RES
  D:00B8H         PUBLIC        IP
  D:0097H         PUBLIC        CLK_DIV
  D:00D8H         PUBLIC        CCON
  D:00BCH         PUBLIC        ADC_CONTR
  D:0098H         PUBLIC        SCON
  D:0088H         PUBLIC        TCON
  B:00A0H.4       PUBLIC        P24
  B:00A0H.5       PUBLIC        P25
  B:00A0H.6       PUBLIC        P26
  C:4C03H         PUBLIC        ADC_Init
  C:4ACEH         PUBLIC        _ADC_GetResult
  D:009DH         PUBLIC        P1ASF
  D:00BEH         PUBLIC        ADC_RESL
  D:00D0H         PUBLIC        PSW
  -------         PROC          ADC_INIT
  C:4C03H         LINE#         7
  C:4C03H         LINE#         8
  C:4C03H         LINE#         10
  C:4C05H         LINE#         11
  C:4C07H         LINE#         12
[...]
  C:3F68H         LINE#         129
  C:3F87H         LINE#         131
  C:3F8EH         LINE#         132
  C:3F8EH         LINE#         133
  C:3F90H         LINE#         134
  C:3F93H         LINE#         135
  C:3F9AH         LINE#         136
  C:3F9AH         LINE#         137
  C:3F9CH         LINE#         138
  C:3F9EH         LINE#         140
  C:3F9EH         LINE#         141
  C:3FA0H         LINE#         143
  C:3FA0H         LINE#         144
  C:3FA0H         LINE#         145
  C:3FA0H         LINE#         146
  C:3FA3H         LINE#         147
  C:3FAAH         LINE#         149
  C:3FC9H         LINE#         151
  C:3FCBH         LINE#         152
  -------         ENDPROC       _AT25SF041_WRITE
  -------         PROC          _AT25SF041_READ
  D:0003H         SYMBOL        opcode
  X:0624H         SYMBOL        addr
  -------         DO            
  X:0628H         SYMBOL        dat
  X:0629H         SYMBOL        i
  -------         ENDDO         
  C:3DD1H         LINE#         156
  C:3DD3H         LINE#         157
  C:3DD3H         LINE#         158
  C:3DD8H         LINE#         160
  C:3DDAH         LINE#         161
BL51 BANKED LINKER/LOCATER V6.22                                                      02/25/2019  11:06:32  PAGE 45


  C:3DE0H         LINE#         165
  C:3DE5H         LINE#         166
  C:3DE5H         LINE#         167
  C:3DE7H         LINE#         168
  C:3DEAH         LINE#         169
  C:3DEEH         LINE#         170
  C:3DEEH         LINE#         171
  C:3DF0H         LINE#         172
  C:3DF2H         LINE#         174
  C:3DF2H         LINE#         175
  C:3DF4H         LINE#         177
  C:3DF4H         LINE#         178
  C:3DF4H         LINE#         179
  C:3DF4H         LINE#         180
  C:3DF7H         LINE#         181
  C:3DFBH         LINE#         184
  C:3E1AH         LINE#         186
  C:3E21H         LINE#         187
  C:3E21H         LINE#         188
  C:3E23H         LINE#         189
  C:3E26H         LINE#         190
  C:3E3FH         LINE#         191
  C:3E3FH         LINE#         192
  C:3E41H         LINE#         193
  C:3E43H         LINE#         195
  C:3E43H         LINE#         196
  C:3E45H         LINE#         198
  C:3E45H         LINE#         199
  C:3E45H         LINE#         200
  C:3E45H         LINE#         201
  C:3E48H         LINE#         202
  C:3E61H         LINE#         204
  C:3E80H         LINE#         207
  C:3E87H         LINE#         209
  C:3E89H         LINE#         210
  C:3E90H         LINE#         212
  C:3E97H         LINE#         213
  C:3E97H         LINE#         214
  C:3E9EH         LINE#         215
  C:3E9EH         LINE#         216
  C:3EA1H         LINE#         217
  C:3EA3H         LINE#         218
  C:3EA6H         LINE#         220
  C:3EA9H         LINE#         221
  C:3EA9H         LINE#         223
  C:3EADH         LINE#         224
  C:3EADH         LINE#         230
  C:3ECCH         LINE#         233
  C:3ECEH         LINE#         234
  C:3ED1H         LINE#         235
  C:3ED6H         LINE#         237
  -------         ENDPROC       _AT25SF041_READ
  -------         PROC          READ_STATUS_REGISTER_BYTE1
  -------         DO            
  D:0003H         SYMBOL        dat
  D:0001H         SYMBOL        opcode
  X:03CBH         SYMBOL        count
BL51 BANKED LINKER/LOCATER V6.22                                                      02/25/2019  11:06:32  PAGE 46


  X:03CCH         SYMBOL        i
  -------         ENDDO         
  C:4384H         LINE#         241
  C:4384H         LINE#         242
  C:4384H         LINE#         243
  C:438AH         LINE#         244
  C:438EH         LINE#         245
  C:4390H         LINE#         246
  C:4392H         LINE#         247
  C:4398H         LINE#         251
  C:439FH         LINE#         252
  C:439FH         LINE#         253
  C:43A1H         LINE#         254
  C:43A4H         LINE#         255
  C:43A8H         LINE#         256
  C:43A8H         LINE#         257
  C:43AAH         LINE#         258
  C:43ACH         LINE#         260
  C:43ACH         LINE#         261
  C:43AEH         LINE#         263
  C:43AEH         LINE#         264
  C:43AEH         LINE#         265
  C:43AEH         LINE#         266
  C:43B1H         LINE#         267
  C:43B5H         LINE#         270
  C:43D4H         LINE#         274
  C:43DBH         LINE#         276
  C:43DDH         LINE#         277
  C:43E4H         LINE#         278
  C:43EBH         LINE#         279
  C:43EBH         LINE#         280
  C:43EFH         LINE#         281
  C:43EFH         LINE#         282
  C:43F2H         LINE#         283
  C:43F4H         LINE#         284
  C:43F7H         LINE#         286
  C:43FAH         LINE#         287
  C:43FAH         LINE#         289
  C:43FEH         LINE#         290
  C:43FEH         LINE#         292
  C:441DH         LINE#         296
  C:441FH         LINE#         297
  C:4422H         LINE#         298
  C:4424H         LINE#         299
  -------         ENDPROC       READ_STATUS_REGISTER_BYTE1
  -------         PROC          SPI_NOR_WRITE_DATA
  X:03BBH         SYMBOL        dat
  X:03C6H         SYMBOL        addr
  C:351EH         LINE#         301
  C:351EH         LINE#         302
  C:351EH         LINE#         303
  C:3537H         LINE#         304
  C:3537H         LINE#         305
  C:353AH         LINE#         307
  C:353DH         LINE#         308
  C:3544H         LINE#         309
  C:3544H         LINE#         310
BL51 BANKED LINKER/LOCATER V6.22                                                      02/25/2019  11:06:32  PAGE 47


  C:3547H         LINE#         312
  C:3561H         LINE#         313
  C:357FH         LINE#         315
  C:3586H         LINE#         316
  C:3589H         LINE#         318
  C:35A3H         LINE#         319
  C:35A3H         LINE#         320
  C:35A3H         LINE#         323
  C:35A6H         LINE#         325
  C:35C0H         LINE#         326
  C:35C0H         LINE#         327
  C:35C0H         LINE#         329
  C:35C3H         LINE#         331
  C:35DDH         LINE#         332
  C:35DDH         LINE#         333
  C:35DDH         LINE#         335
  C:35E0H         LINE#         337
  C:35FAH         LINE#         338
  C:35FAH         LINE#         339
  C:35FAH         LINE#         341
  C:35FDH         LINE#         343
  C:3617H         LINE#         344
  C:3617H         LINE#         345
  C:3617H         LINE#         347
  C:361AH         LINE#         349
  C:3634H         LINE#         350
  C:3634H         LINE#         351
  C:3634H         LINE#         353
  C:3637H         LINE#         355
  C:3651H         LINE#         356
  C:3651H         LINE#         357
  C:3651H         LINE#         359
  C:3654H         LINE#         361
  C:366EH         LINE#         362
  C:366EH         LINE#         363
  C:366EH         LINE#         365
  C:3671H         LINE#         367
  C:368BH         LINE#         368
  C:368BH         LINE#         369
  C:368BH         LINE#         371
  C:368EH         LINE#         373
  C:36A8H         LINE#         374
  C:36AFH         LINE#         375
  -------         ENDPROC       SPI_NOR_WRITE_DATA
  -------         ENDMOD        AT25SF041

  -------         MODULE        ?C_STARTUP
  C:45F3H         SEGMENT       ?C_C51STARTUP
  I:0022H         SEGMENT       ?STACK
  C:0000H         PUBLIC        ?C_STARTUP
  D:00E0H         SYMBOL        ACC
  D:00F0H         SYMBOL        B
  D:0083H         SYMBOL        DPH
  D:0082H         SYMBOL        DPL
  N:0000H         SYMBOL        IBPSTACK
  N:0100H         SYMBOL        IBPSTACKTOP
  N:0080H         SYMBOL        IDATALEN
BL51 BANKED LINKER/LOCATER V6.22                                                      02/25/2019  11:06:32  PAGE 48


  C:45F6H         SYMBOL        IDATALOOP
  N:0000H         SYMBOL        PBPSTACK
  N:0100H         SYMBOL        PBPSTACKTOP
  N:0000H         SYMBOL        PDATALEN
  N:0000H         SYMBOL        PDATASTART
  N:0000H         SYMBOL        PPAGE
  N:0000H         SYMBOL        PPAGEENABLE
  D:00A0H         SYMBOL        PPAGE_SFR
  D:0081H         SYMBOL        SP
  C:45F3H         SYMBOL        STARTUP1
  N:0000H         SYMBOL        XBPSTACK
  N:0000H         SYMBOL        XBPSTACKTOP
  N:0000H         SYMBOL        XDATALEN
  N:0000H         SYMBOL        XDATASTART
  C:0000H         LINE#         126
  C:45F3H         LINE#         133
  C:45F5H         LINE#         134
  C:45F6H         LINE#         135
  C:45F7H         LINE#         136
  C:45F9H         LINE#         185
  C:45FCH         LINE#         196
  -------         ENDMOD        ?C_STARTUP

  -------         MODULE        ?C?FPADD
  C:159AH         PUBLIC        ?C?FPADD
  C:1596H         PUBLIC        ?C?FPSUB
  -------         ENDMOD        ?C?FPADD

  -------         MODULE        ?C?FPMUL
  C:168BH         PUBLIC        ?C?FPMUL
  -------         ENDMOD        ?C?FPMUL

  -------         MODULE        ?C?FPDIV
  C:1794H         PUBLIC        ?C?FPDIV
  -------         ENDMOD        ?C?FPDIV

  -------         MODULE        ?C?FPCMP
  C:1833H         PUBLIC        ?C?FPCMP
  C:1831H         PUBLIC        ?C?FPCMP3
  -------         ENDMOD        ?C?FPCMP

  -------         MODULE        ?C?FPNEG
  C:18AAH         PUBLIC        ?C?FPNEG
  -------         ENDMOD        ?C?FPNEG

  -------         MODULE        ?C?FCAST
  C:18C5H         PUBLIC        ?C?FCASTC
  C:18C0H         PUBLIC        ?C?FCASTI
  C:18BBH         PUBLIC        ?C?FCASTL
  -------         ENDMOD        ?C?FCAST

  -------         MODULE        ?C?CASTF
  C:18F9H         PUBLIC        ?C?CASTF
  -------         ENDMOD        ?C?CASTF

  -------         MODULE        ATAN2
  X:04D2H         PUBLIC        ?_atan2?BYTE
BL51 BANKED LINKER/LOCATER V6.22                                                      02/25/2019  11:06:32  PAGE 49


  C:4425H         PUBLIC        _atan2
  -------         ENDMOD        ATAN2

  -------         MODULE        SIN
  C:38A2H         PUBLIC        _COS
  C:38B8H         PUBLIC        _SIN
  C:38F4H         PUBLIC        _TAN
  -------         ENDMOD        SIN

  -------         MODULE        ACOS
  C:4952H         PUBLIC        _ACOS
  -------         ENDMOD        ACOS

  -------         MODULE        ASIN
  C:4A60H         PUBLIC        _ASIN
  -------         ENDMOD        ASIN

  -------         MODULE        SQRT
  C:42DCH         PUBLIC        _SQRT
  -------         ENDMOD        SQRT

  -------         MODULE        ATAN
  C:3CCFH         PUBLIC        _ATAN
  -------         ENDMOD        ATAN

  -------         MODULE        ?C?COPY
  C:1A97H         PUBLIC        ?C?COPY
  -------         ENDMOD        ?C?COPY

  -------         MODULE        ?C?CLDPTR
  C:1ABDH         PUBLIC        ?C?CLDPTR
  -------         ENDMOD        ?C?CLDPTR

  -------         MODULE        ?C?CLDOPTR
  C:1AD6H         PUBLIC        ?C?CLDOPTR
  -------         ENDMOD        ?C?CLDOPTR

  -------         MODULE        ?C?CSTPTR
  C:1B03H         PUBLIC        ?C?CSTPTR
  -------         ENDMOD        ?C?CSTPTR

  -------         MODULE        ?C?IMUL
  C:1B15H         PUBLIC        ?C?IMUL
  -------         ENDMOD        ?C?IMUL

  -------         MODULE        ?C?UIDIV
  C:1B27H         PUBLIC        ?C?UIDIV
  -------         ENDMOD        ?C?UIDIV

  -------         MODULE        ?C?SIDIV
  C:1B7CH         PUBLIC        ?C?SIDIV
  -------         ENDMOD        ?C?SIDIV

  -------         MODULE        ?C?ILDIX
  C:1BB2H         PUBLIC        ?C?ILDIX
  -------         ENDMOD        ?C?ILDIX

BL51 BANKED LINKER/LOCATER V6.22                                                      02/25/2019  11:06:32  PAGE 50


  -------         MODULE        ?C?ILDOPTR
  C:1BC8H         PUBLIC        ?C?ILDOPTR
  -------         ENDMOD        ?C?ILDOPTR

  -------         MODULE        ?C?ISTPTR
  C:1C00H         PUBLIC        ?C?ISTPTR
  -------         ENDMOD        ?C?ISTPTR

  -------         MODULE        ?C?LMUL
  C:1C1FH         PUBLIC        ?C?LMUL
  -------         ENDMOD        ?C?LMUL

  -------         MODULE        ?C?SLDIV
  C:499CH         PUBLIC        ?C?SLDIV
  -------         ENDMOD        ?C?SLDIV

  -------         MODULE        ?C?LNEG
  C:1C6EH         PUBLIC        ?C?LNEG
  -------         ENDMOD        ?C?LNEG

  -------         MODULE        ?C?ULCMP
  C:1C7CH         PUBLIC        ?C?ULCMP
  -------         ENDMOD        ?C?ULCMP

  -------         MODULE        ?C?LSHL
  C:1C8DH         PUBLIC        ?C?LSHL
  -------         ENDMOD        ?C?LSHL

  -------         MODULE        ?C?LLDPTR
  C:1CA0H         PUBLIC        ?C?LLDPTR
  -------         ENDMOD        ?C?LLDPTR

  -------         MODULE        ?C?LLDOPTR
  C:1CC0H         PUBLIC        ?C?LLDOPTR
  -------         ENDMOD        ?C?LLDOPTR

  -------         MODULE        ?C?LSTPTR
  C:1CF0H         PUBLIC        ?C?LSTPTR
  -------         ENDMOD        ?C?LSTPTR

  -------         MODULE        ?C?LSTOPTR
  C:1D0AH         PUBLIC        ?C?LSTOPTR
  -------         ENDMOD        ?C?LSTOPTR

  -------         MODULE        ?C?LLDXDATA
  C:1D2EH         PUBLIC        ?C?LLDXDATA
  -------         ENDMOD        ?C?LLDXDATA

  -------         MODULE        ?C?LLDCODE
  C:1D3AH         PUBLIC        ?C?LLDCODE
  -------         ENDMOD        ?C?LLDCODE

  -------         MODULE        ?C?LLDXDATA0
  C:1D4AH         PUBLIC        ?C?LLDXDATA0
  -------         ENDMOD        ?C?LLDXDATA0

  -------         MODULE        ?C?LLDCODE0
BL51 BANKED LINKER/LOCATER V6.22                                                      02/25/2019  11:06:32  PAGE 51


  C:1D56H         PUBLIC        ?C?LLDCODE0
  -------         ENDMOD        ?C?LLDCODE0

  -------         MODULE        ?C?LLDPTR0
  C:1D66H         PUBLIC        ?C?LLDPTR0
  -------         ENDMOD        ?C?LLDPTR0

  -------         MODULE        ?C?LSTXDATA
  C:1D86H         PUBLIC        ?C?LSTXDATA
  -------         ENDMOD        ?C?LSTXDATA

  -------         MODULE        ?C?LSTKXDATA
  C:1D92H         PUBLIC        ?C?LSTKXDATA
  -------         ENDMOD        ?C?LSTKXDATA

  -------         MODULE        ?C?LSTKPTR
  C:1DC3H         PUBLIC        ?C?LSTKPTR
  -------         ENDMOD        ?C?LSTKPTR

  -------         MODULE        ?C?OFFXADD
  C:1DDDH         PUBLIC        ?C?OFFXADD
  -------         ENDMOD        ?C?OFFXADD

  -------         MODULE        ABS
  C:4D88H         PUBLIC        _ABS
  -------         ENDMOD        ABS

  -------         MODULE        ATOI
  C:3FD2H         PUBLIC        _atoi
  -------         ENDMOD        ATOI

  -------         MODULE        ?C?IILDX
  C:1DE9H         PUBLIC        ?C?IILDX
  -------         ENDMOD        ?C?IILDX

  -------         MODULE        ?C?ULDIV
  C:1E3BH         PUBLIC        ?C?ULDIV
  -------         ENDMOD        ?C?ULDIV

  -------         MODULE        ?C?LLDIDATA
  C:1ECDH         PUBLIC        ?C?LLDIDATA
  -------         ENDMOD        ?C?LLDIDATA

  -------         MODULE        ?C?LLDPDATA
  C:1ED9H         PUBLIC        ?C?LLDPDATA
  -------         ENDMOD        ?C?LLDPDATA

  -------         MODULE        ?C?LLDIDATA0
  C:1EE5H         PUBLIC        ?C?LLDIDATA0
  -------         ENDMOD        ?C?LLDIDATA0

  -------         MODULE        ?C?LLDPDATA0
  C:1EF2H         PUBLIC        ?C?LLDPDATA0
  -------         ENDMOD        ?C?LLDPDATA0

  -------         MODULE        ?C?LSTIDATA
  C:1EFFH         PUBLIC        ?C?LSTIDATA
BL51 BANKED LINKER/LOCATER V6.22                                                      02/25/2019  11:06:32  PAGE 52


  -------         ENDMOD        ?C?LSTIDATA

  -------         MODULE        ?C?LSTPDATA
  C:1F0BH         PUBLIC        ?C?LSTPDATA
  -------         ENDMOD        ?C?LSTPDATA

  -------         MODULE        ?C?LSTKIDATA
  C:1F17H         PUBLIC        ?C?LSTKIDATA
  -------         ENDMOD        ?C?LSTKIDATA

  -------         MODULE        ?C?LSTKPDATA
  C:1F30H         PUBLIC        ?C?LSTKPDATA
  -------         ENDMOD        ?C?LSTKPDATA

  -------         MODULE        ISDIGIT
  C:4D60H         PUBLIC        _isdigit
  -------         ENDMOD        ISDIGIT

  -------         MODULE        ISSPACE
  C:4CFBH         PUBLIC        _isspace
  -------         ENDMOD        ISSPACE

*** WARNING L16: UNCALLED SEGMENT, IGNORED FOR OVERLAY PROCESS
    SEGMENT: ?PR?_DISPLAY_PROX?MAIN

*** WARNING L16: UNCALLED SEGMENT, IGNORED FOR OVERLAY PROCESS
    SEGMENT: ?PR?_DAY_OF_YEAR?PCF85063BTL

*** WARNING L16: UNCALLED SEGMENT, IGNORED FOR OVERLAY PROCESS
    SEGMENT: ?PR?INITUART1?UART1

*** WARNING L16: UNCALLED SEGMENT, IGNORED FOR OVERLAY PROCESS
    SEGMENT: ?PR?_SENDSTRING?UART1

*** WARNING L16: UNCALLED SEGMENT, IGNORED FOR OVERLAY PROCESS
    SEGMENT: ?PR?_TEN?UART1

*** WARNING L16: UNCALLED SEGMENT, IGNORED FOR OVERLAY PROCESS
    SEGMENT: ?PR?_UNIT?UART1

*** WARNING L16: UNCALLED SEGMENT, IGNORED FOR OVERLAY PROCESS
    SEGMENT: ?PR?_DECTOBCD?UART1

*** WARNING L16: UNCALLED SEGMENT, IGNORED FOR OVERLAY PROCESS
    SEGMENT: ?PR?_ASCII_LETTER?UART1

*** WARNING L16: UNCALLED SEGMENT, IGNORED FOR OVERLAY PROCESS
    SEGMENT: ?PR?_ASCIITOBCD?UART1

*** WARNING L16: UNCALLED SEGMENT, IGNORED FOR OVERLAY PROCESS
    SEGMENT: ?PR?WAIT?BIPOLARMOTOR

*** WARNING L16: UNCALLED SEGMENT, IGNORED FOR OVERLAY PROCESS
    SEGMENT: ?PR?_FINDDET4X4?BIPOLARMOTOR

*** WARNING L16: UNCALLED SEGMENT, IGNORED FOR OVERLAY PROCESS
    SEGMENT: ?PR?NOP?IOEXPANDER_PI4IOE5V96248
BL51 BANKED LINKER/LOCATER V6.22                                                      02/25/2019  11:06:32  PAGE 53



*** WARNING L16: UNCALLED SEGMENT, IGNORED FOR OVERLAY PROCESS
    SEGMENT: ?PR?UC_ACK?IOEXPANDER_PI4IOE5V96248

*** WARNING L16: UNCALLED SEGMENT, IGNORED FOR OVERLAY PROCESS
    SEGMENT: ?PR?UC_NACK?IOEXPANDER_PI4IOE5V96248

*** WARNING L16: UNCALLED SEGMENT, IGNORED FOR OVERLAY PROCESS
    SEGMENT: ?PR?_AT25SF041_READ?AT25SF041

*** WARNING L1: UNRESOLVED EXTERNAL SYMBOL
    SYMBOL:  AUTO_MODE
    MODULE:  .\Obj\main.obj (MAIN)

*** WARNING L2: REFERENCE MADE TO UNRESOLVED EXTERNAL
    SYMBOL:  AUTO_MODE
    MODULE:  .\Obj\main.obj (MAIN)
    ADDRESS: 0B3BH

*** WARNING L2: REFERENCE MADE TO UNRESOLVED EXTERNAL
    SYMBOL:  AUTO_MODE
    MODULE:  .\Obj\main.obj (MAIN)
    ADDRESS: 0CB0H

*** WARNING L2: REFERENCE MADE TO UNRESOLVED EXTERNAL
    SYMBOL:  AUTO_MODE
    MODULE:  .\Obj\main.obj (MAIN)
    ADDRESS: 0CBEH

*** WARNING L2: REFERENCE MADE TO UNRESOLVED EXTERNAL
    SYMBOL:  AUTO_MODE
    MODULE:  .\Obj\main.obj (MAIN)
    ADDRESS: 0CD0H

*** WARNING L2: REFERENCE MADE TO UNRESOLVED EXTERNAL
    SYMBOL:  AUTO_MODE
    MODULE:  .\Obj\main.obj (MAIN)
    ADDRESS: 0D12H

*** WARNING L2: REFERENCE MADE TO UNRESOLVED EXTERNAL
    SYMBOL:  AUTO_MODE
    MODULE:  .\Obj\main.obj (MAIN)
    ADDRESS: 0DE5H

*** WARNING L1: UNRESOLVED EXTERNAL SYMBOL
    SYMBOL:  _SENDUART1
    MODULE:  .\Obj\UART1.obj (UART1)

*** WARNING L2: REFERENCE MADE TO UNRESOLVED EXTERNAL
    SYMBOL:  _SENDUART1
    MODULE:  .\Obj\UART1.obj (UART1)
    ADDRESS: 4AC9H

*** WARNING L1: UNRESOLVED EXTERNAL SYMBOL
    SYMBOL:  AUTO_MODE
    MODULE:  .\Obj\KeyPad.obj (KEYPAD)

BL51 BANKED LINKER/LOCATER V6.22                                                      02/25/2019  11:06:32  PAGE 54


*** WARNING L2: REFERENCE MADE TO UNRESOLVED EXTERNAL
    SYMBOL:  AUTO_MODE
    MODULE:  .\Obj\KeyPad.obj (KEYPAD)
    ADDRESS: 30FAH

*** WARNING L2: REFERENCE MADE TO UNRESOLVED EXTERNAL
    SYMBOL:  AUTO_MODE
    MODULE:  .\Obj\KeyPad.obj (KEYPAD)
    ADDRESS: 3105H

*** WARNING L2: REFERENCE MADE TO UNRESOLVED EXTERNAL
    SYMBOL:  AUTO_MODE
    MODULE:  .\Obj\KeyPad.obj (KEYPAD)
    ADDRESS: 310CH

Program Size: data=10.2 xdata=1593 code=19898
LINK/LOCATE RUN COMPLETE.  28 WARNING(S),  0 ERROR(S)
