BL51 BANKED LINKER/LOCATER V6.22                                                        05/14/2019  16:10:26  PAGE 1


BL51 BANKED LINKER/LOCATER V6.22, INVOKED BY:
C:\KEIL_V5\C51\BIN\BL51.EXE .\Obj\main.obj, .\Obj\PCF85063BTL.obj, .\Obj\LCd_Driver_SPLC780D.obj, .\Obj\KeyPad.obj, .\Ob
>> j\BipolarMotor.obj, .\Obj\SunPos.obj, .\Obj\ADC.obj, .\Obj\Calibration.obj, .\Obj\IOExpander_PI4IOE5V96248.obj, .\Obj
>> \AT25SF041.obj, .\Obj\SI1120.obj, .\Obj\STARTUP.obj TO .\Obj\GPIO_RTC_Test PRINT (.\Lis\GPIO_RTC_Test.m51) RAMSIZE (2
>> 56)


MEMORY MODEL: LARGE WITH FLOATING POINT ARITHMETIC


INPUT MODULES INCLUDED:
  .\Obj\main.obj (MAIN)
  .\Obj\PCF85063BTL.obj (PCF85063BTL)
  .\Obj\LCd_Driver_SPLC780D.obj (LCD_DRIVER_SPLC780D)
  .\Obj\KeyPad.obj (KEYPAD)
  .\Obj\BipolarMotor.obj (BIPOLARMOTOR)
  .\Obj\SunPos.obj (SUNPOS)
  .\Obj\ADC.obj (ADC)
  .\Obj\Calibration.obj (CALIBRATION)
  .\Obj\IOExpander_PI4IOE5V96248.obj (IOEXPANDER_PI4IOE5V96248)
  .\Obj\AT25SF041.obj (AT25SF041)
  .\Obj\SI1120.obj (SI1120)
  .\Obj\STARTUP.obj (?C_STARTUP)
  C:\KEIL_V5\C51\LIB\C51FPL.LIB (?C?FPADD)
  C:\KEIL_V5\C51\LIB\C51FPL.LIB (?C?FPMUL)
  C:\KEIL_V5\C51\LIB\C51FPL.LIB (?C?FPDIV)
  C:\KEIL_V5\C51\LIB\C51FPL.LIB (?C?FPCMP)
  C:\KEIL_V5\C51\LIB\C51FPL.LIB (?C?FPNEG)
  C:\KEIL_V5\C51\LIB\C51FPL.LIB (?C?FCAST)
  C:\KEIL_V5\C51\LIB\C51FPL.LIB (?C?CASTF)
  C:\KEIL_V5\C51\LIB\C51FPL.LIB (ATAN2)
  C:\KEIL_V5\C51\LIB\C51FPL.LIB (SIN)
  C:\KEIL_V5\C51\LIB\C51FPL.LIB (ACOS)
  C:\KEIL_V5\C51\LIB\C51FPL.LIB (ASIN)
  C:\KEIL_V5\C51\LIB\C51FPL.LIB (POW)
  C:\KEIL_V5\C51\LIB\C51FPL.LIB (?C?FPGETOPN)
  C:\KEIL_V5\C51\LIB\C51FPL.LIB (?C?CHKFLOAT)
  C:\KEIL_V5\C51\LIB\C51FPL.LIB (?C?FPSERIES)
  C:\KEIL_V5\C51\LIB\C51FPL.LIB (EXP)
  C:\KEIL_V5\C51\LIB\C51FPL.LIB (LOG)
  C:\KEIL_V5\C51\LIB\C51FPL.LIB (SQRT)
  C:\KEIL_V5\C51\LIB\C51FPL.LIB (ATAN)
  C:\KEIL_V5\C51\LIB\C51L.LIB (?C_INIT)
  C:\KEIL_V5\C51\LIB\C51L.LIB (?C?COPY)
  C:\KEIL_V5\C51\LIB\C51L.LIB (?C?CLDPTR)
  C:\KEIL_V5\C51\LIB\C51L.LIB (?C?CLDOPTR)
  C:\KEIL_V5\C51\LIB\C51L.LIB (?C?CSTPTR)
  C:\KEIL_V5\C51\LIB\C51L.LIB (?C?IMUL)
  C:\KEIL_V5\C51\LIB\C51L.LIB (?C?UIDIV)
  C:\KEIL_V5\C51\LIB\C51L.LIB (?C?SIDIV)
  C:\KEIL_V5\C51\LIB\C51L.LIB (?C?ILDOPTR)
  C:\KEIL_V5\C51\LIB\C51L.LIB (?C?ISTPTR)
  C:\KEIL_V5\C51\LIB\C51L.LIB (?C?LMUL)
  C:\KEIL_V5\C51\LIB\C51L.LIB (?C?SLDIV)
  C:\KEIL_V5\C51\LIB\C51L.LIB (?C?LNEG)
  C:\KEIL_V5\C51\LIB\C51L.LIB (?C?ULCMP)
  C:\KEIL_V5\C51\LIB\C51L.LIB (?C?LSHL)
  C:\KEIL_V5\C51\LIB\C51L.LIB (?C?LLDPTR)
BL51 BANKED LINKER/LOCATER V6.22                                                      05/14/2019  16:10:26  PAGE 2


  C:\KEIL_V5\C51\LIB\C51L.LIB (?C?LLDOPTR)
  C:\KEIL_V5\C51\LIB\C51L.LIB (?C?LSTPTR)
  C:\KEIL_V5\C51\LIB\C51L.LIB (?C?LSTOPTR)
  C:\KEIL_V5\C51\LIB\C51L.LIB (?C?LLDXDATA)
  C:\KEIL_V5\C51\LIB\C51L.LIB (?C?LLDCODE)
  C:\KEIL_V5\C51\LIB\C51L.LIB (?C?LLDXDATA0)
  C:\KEIL_V5\C51\LIB\C51L.LIB (?C?LLDCODE0)
  C:\KEIL_V5\C51\LIB\C51L.LIB (?C?LLDPTR0)
  C:\KEIL_V5\C51\LIB\C51L.LIB (?C?LSTXDATA)
  C:\KEIL_V5\C51\LIB\C51L.LIB (?C?LSTKXDATA)
  C:\KEIL_V5\C51\LIB\C51L.LIB (?C?LSTKPTR)
  C:\KEIL_V5\C51\LIB\C51L.LIB (?C?OFFXADD)
  C:\KEIL_V5\C51\LIB\C51L.LIB (?C?ULDIV)
  C:\KEIL_V5\C51\LIB\C51L.LIB (?C?LLDIDATA)
  C:\KEIL_V5\C51\LIB\C51L.LIB (?C?LLDPDATA)
  C:\KEIL_V5\C51\LIB\C51L.LIB (?C?LLDIDATA0)
  C:\KEIL_V5\C51\LIB\C51L.LIB (?C?LLDPDATA0)
  C:\KEIL_V5\C51\LIB\C51L.LIB (?C?LSTIDATA)
  C:\KEIL_V5\C51\LIB\C51L.LIB (?C?LSTPDATA)
  C:\KEIL_V5\C51\LIB\C51L.LIB (?C?LSTKIDATA)
  C:\KEIL_V5\C51\LIB\C51L.LIB (?C?LSTKPDATA)


LINK MAP OF MODULE:  .\Obj\GPIO_RTC_Test (MAIN)


            TYPE    BASE      LENGTH    RELOCATION   SEGMENT NAME
            -----------------------------------------------------

            * * * * * * *   D A T A   M E M O R Y   * * * * * * *
            REG     0000H     0008H     ABSOLUTE     "REG BANK 0"
                    0008H     0018H                  *** GAP ***
            BIT     0020H.0   0000H.2   UNIT         ?BI?ATAN?ATAN
            BIT     0020H.2   0000H.1   UNIT         ?BI?MAIN
            BIT     0020H.3   0000H.1   UNIT         ?BI?VONESTEPMOVE?BIPOLARMOTOR
            BIT     0020H.4   0000H.1   UNIT         ?BI?_STEP_MOVE?BIPOLARMOTOR
            BIT     0020H.5   0000H.1   UNIT         ?BI?_MOVE?BIPOLARMOTOR
            BIT     0020H.6   0000H.1   UNIT         ?BI?SIN?SIN
            BIT     0020H.7   0000H.1   UNIT         _BIT_GROUP_
            IDATA   0021H     0001H     UNIT         ?STACK

            * * * * * * *  X D A T A   M E M O R Y  * * * * * * *
            XDATA   0000H     03BCH     UNIT         ?XD?BIPOLARMOTOR
            XDATA   03BCH     00F9H     UNIT         ?XD?MAIN
            XDATA   04B5H     00BBH     UNIT         ?XD?_FIND_REAL_MAX?CALIBRATION
            XDATA   0570H     005DH     UNIT         ?XD?SUNPOS?SUNPOS
            XDATA   05CDH     005CH     UNIT         ?XD?_THEORICALJP_POSITION?BIPOLARMOTOR
            XDATA   0629H     003DH     UNIT         _XDATA_GROUP_
            XDATA   0666H     002EH     UNIT         ?XD?_UPDATE_POSITION?BIPOLARMOTOR
            XDATA   0694H     0024H     UNIT         ?XD?_CALIBRATION?CALIBRATION
            XDATA   06B8H     0019H     UNIT         ?XD?KEYPAD
            XDATA   06D1H     0018H     UNIT         ?XD?VOLTAGE_IS_STABLE?CALIBRATION
            XDATA   06E9H     0014H     UNIT         ?XD?LINEAR_INTERPOLATE?BIPOLARMOTOR
            XDATA   06FDH     000FH     UNIT         ?XD?_READ_TIME?PCF85063BTL
            XDATA   070CH     000EH     UNIT         ?XD?SPI_NOR_WRITE_DATA?AT25SF041
            XDATA   071AH     000BH     UNIT         ?XD?_DISPLAY_POS?LCD_DRIVER_SPLC780D
            XDATA   0725H     0008H     UNIT         ?XD?_AT25SF041_WRITE?AT25SF041
BL51 BANKED LINKER/LOCATER V6.22                                                      05/14/2019  16:10:26  PAGE 3


            XDATA   072DH     0008H     UNIT         ?XD?_AT25SF041_READ?AT25SF041
            XDATA   0735H     0008H     UNIT         ?XD?_ATAN2?ATAN2
            XDATA   073DH     0006H     UNIT         ?XD?KEY_PROCESS?KEYPAD
            XDATA   0743H     0005H     UNIT         ?XD?_ELEVATION_CALCULATION?BIPOLARMOTOR
            XDATA   0748H     0004H     UNIT         ?XD?_STEP_MOVE?BIPOLARMOTOR
            XDATA   074CH     0004H     UNIT         ?XD?_MOVE?BIPOLARMOTOR
            XDATA   0750H     0004H     UNIT         ?XD?_MAX_VALUE?CALIBRATION
            XDATA   0754H     0004H     UNIT         ?XD?SIN?SIN
            XDATA   0758H     0004H     UNIT         ?XD?SQRT?SQRT
            XDATA   075CH     0004H     UNIT         ?XD?ATAN?ATAN
            XDATA   0760H     0003H     UNIT         ?XD?KEY_SCAN?KEYPAD
            XDATA   0763H     0003H     UNIT         ?XD?_WRITE_PI4IOE5V96248?IOEXPANDER_PI4IOE5V96248
            XDATA   0766H     0003H     UNIT         ?XD?UCREAD_STATUS_REGISTER_BYTE1?AT25SF041
            XDATA   0769H     0002H     UNIT         ?XD?AT25SF041_CHIPERASE?AT25SF041
            XDATA   076BH     0002H     UNIT         ?XD?AT25SF041_WRITEENABLE?AT25SF041
            XDATA   076DH     0001H     UNIT         ?XD?_DISPLAYLCD?LCD_DRIVER_SPLC780D
            XDATA   076EH     0001H     UNIT         ?XD?I2C_ACK?IOEXPANDER_PI4IOE5V96248
            XDATA   076FH     0001H     UNIT         ?XD?UC_ACK?IOEXPANDER_PI4IOE5V96248
            XDATA   0770H     0001H     UNIT         ?XD?UC_NACK?IOEXPANDER_PI4IOE5V96248

            * * * * * * *   C O D E   M E M O R Y   * * * * * * *
            CODE    0000H     0003H     ABSOLUTE     
            CODE    0003H     0003H     ABSOLUTE     
            CODE    0006H     0001H     UNIT         ?PR?WAIT?BIPOLARMOTOR
            CODE    0007H     0001H     UNIT         ?PR?NOP?IOEXPANDER_PI4IOE5V96248
                    0008H     0003H                  *** GAP ***
            CODE    000BH     0003H     ABSOLUTE     
            CODE    000EH     000DH     UNIT         ?PR?UART?MAIN
            CODE    001BH     0003H     ABSOLUTE     
                    001EH     0005H                  *** GAP ***
            CODE    0023H     0003H     ABSOLUTE     
            CODE    0026H     09A4H     UNIT         ?C?LIB_CODE
            CODE    09CAH     07A2H     UNIT         ?PR?SUNPOS?SUNPOS
            CODE    116CH     0646H     UNIT         ?PR?_UPDATE_POSITION?BIPOLARMOTOR
            CODE    17B2H     04FBH     UNIT         ?PR?_THEORICALJP_POSITION?BIPOLARMOTOR
            CODE    1CADH     0467H     UNIT         ?PR?_FIND_REAL_MAX?CALIBRATION
            CODE    2114H     0400H     UNIT         ?C_INITSEG
            CODE    2514H     038CH     UNIT         ?PR?KEY_PROCESS?KEYPAD
            CODE    28A0H     0380H     UNIT         ?PR?_ELEVATION_CALCULATION?BIPOLARMOTOR
            CODE    2C20H     01B3H     UNIT         ?PR?_CALIBRATION?CALIBRATION
            CODE    2DD3H     018DH     UNIT         ?PR?KEY_SCAN?KEYPAD
            CODE    2F60H     0189H     UNIT         ?PR?SPI_NOR_WRITE_DATA?AT25SF041
            CODE    30E9H     0188H     UNIT         ?PR?SIN?SIN
            CODE    3271H     0166H     UNIT         ?PR?_POW?POW
            CODE    33D7H     0159H     UNIT         ?PR?MAIN?MAIN
            CODE    3530H     0155H     UNIT         ?PR?_DISPLAY_POS?LCD_DRIVER_SPLC780D
            CODE    3685H     0129H     UNIT         ?PR?LOG?LOG
            CODE    37AEH     0122H     UNIT         ?PR?ATAN?ATAN
            CODE    38D0H     0110H     UNIT         ?PR?_AT25SF041_READ?AT25SF041
            CODE    39E0H     0102H     UNIT         ?PR?_AT25SF041_WRITE?AT25SF041
            CODE    3AE2H     00F5H     UNIT         ?PR?EXINT0?MAIN
            CODE    3BD7H     00C3H     UNIT         ?PR?LINEAR_INTERPOLATE?BIPOLARMOTOR
            CODE    3C9AH     00BBH     UNIT         ?PR?VOLTAGE_IS_STABLE?CALIBRATION
            CODE    3D55H     00ADH     UNIT         ?PR?_WRITE_PI4IOE5V96248?IOEXPANDER_PI4IOE5V96248
            CODE    3E02H     00ACH     UNIT         ?PR?SQRT?SQRT
            CODE    3EAEH     00A1H     UNIT         ?PR?UCREAD_STATUS_REGISTER_BYTE1?AT25SF041
            CODE    3F4FH     009DH     UNIT         ?PR?_ATAN2?ATAN2
BL51 BANKED LINKER/LOCATER V6.22                                                      05/14/2019  16:10:26  PAGE 4


            CODE    3FECH     009CH     UNIT         ?PR?_MAX_VALUE?CALIBRATION
            CODE    4088H     009AH     UNIT         ?PR?EXP?EXP
            CODE    4122H     008CH     UNIT         ?C_C51STARTUP
            CODE    41AEH     0088H     UNIT         ?PR?_DAY_OF_YEAR?PCF85063BTL
            CODE    4236H     0079H     UNIT         ?PR?_WRITEDATA?LCD_DRIVER_SPLC780D
            CODE    42AFH     0072H     UNIT         ?PR?AT25SF041_WRITEENABLE?AT25SF041
            CODE    4321H     006FH     UNIT         ?PR?_READ_TIME?PCF85063BTL
            CODE    4390H     005AH     UNIT         ?PR?AT25SF041_CHIPERASE?AT25SF041
            CODE    43EAH     0059H     UNIT         ?PR?LCD_INIT?LCD_DRIVER_SPLC780D
            CODE    4443H     004AH     UNIT         ?PR?VONESTEPMOVE?BIPOLARMOTOR
            CODE    448DH     004AH     UNIT         ?PR?ACOS?ACOS
            CODE    44D7H     0044H     UNIT         ?C?LDIV
            CODE    451BH     0040H     UNIT         ?PR?_COMMAND?LCD_DRIVER_SPLC780D
            CODE    455BH     0040H     UNIT         ?PR?_STEP_MOVE?BIPOLARMOTOR
            CODE    459BH     003BH     UNIT         ?PR?ASIN?ASIN
            CODE    45D6H     0031H     UNIT         ?PR?SI1120_CONFIG_MODE_VIRH?SI1120
            CODE    4607H     002CH     UNIT         ?PR?_ADC_GETRESULT?ADC
            CODE    4633H     002BH     UNIT         ?PR?_WAIT_MS_I2C?IOEXPANDER_PI4IOE5V96248
            CODE    465EH     002BH     UNIT         ?PR?_WAIT_MS_SPINOR?AT25SF041
            CODE    4689H     0028H     UNIT         ?PR?_MOVE?BIPOLARMOTOR
            CODE    46B1H     0027H     UNIT         ?PR?_I2C_SENDBYTE?IOEXPANDER_PI4IOE5V96248
            CODE    46D8H     0025H     UNIT         ?PR?_FINDCLOSESTSAMEDAYCALIBTIME?CALIBRATION
            CODE    46FDH     0024H     UNIT         ?PR?_WAIT_MS?LCD_DRIVER_SPLC780D
            CODE    4721H     0021H     UNIT         ?PR?TM0_ISR?MAIN
            CODE    4742H     0020H     UNIT         ?PR?_SPI_SENDBYTE?PCF85063BTL
            CODE    4762H     0020H     UNIT         ?PR?SPI_RECEIVEBYTE?PCF85063BTL
            CODE    4782H     001FH     UNIT         ?PR?ADC_INIT?ADC
            CODE    47A1H     001EH     UNIT         ?PR?_DELAY_MS?KEYPAD
            CODE    47BFH     001DH     UNIT         ?PR?_DISPLAYLCD?LCD_DRIVER_SPLC780D
            CODE    47DCH     001BH     UNIT         ?PR?_BCDTODEC1?BIPOLARMOTOR
            CODE    47F7H     0018H     UNIT         ?PR?_SPI_WRITETIME?PCF85063BTL
            CODE    480FH     0016H     UNIT         ?PR?I2C_ACK?IOEXPANDER_PI4IOE5V96248
            CODE    4825H     0015H     UNIT         ?PR?_DISPLAY_LINE?LCD_DRIVER_SPLC780D
            CODE    483AH     0015H     UNIT         ?PR?VSETLOCATION?BIPOLARMOTOR
            CODE    484FH     0015H     UNIT         ?PR?I2C_STOP?IOEXPANDER_PI4IOE5V96248
            CODE    4864H     0014H     UNIT         ?PR?_PCF85063BTL_DELAY?PCF85063BTL
            CODE    4878H     0014H     UNIT         ?PR?_ABS?LCD_DRIVER_SPLC780D
            CODE    488CH     0011H     UNIT         ?PR?_SPI_READTIME?PCF85063BTL
            CODE    489DH     0011H     UNIT         ?PR?_BCDTODEC?PCF85063BTL
            CODE    48AEH     000FH     UNIT         ?PR?I2C_START?IOEXPANDER_PI4IOE5V96248
            CODE    48BDH     000FH     UNIT         ?PR?UC_NACK?IOEXPANDER_PI4IOE5V96248
            CODE    48CCH     000DH     UNIT         ?PR?SPI_INIT?PCF85063BTL
            CODE    48D9H     000DH     UNIT         ?PR?ENABLE_EXTINT0?SI1120
            CODE    48E6H     000CH     UNIT         ?PR?KEYPAD_IO_INIT?KEYPAD
            CODE    48F2H     000AH     UNIT         ?PR?LCD_RETURN_HOME?LCD_DRIVER_SPLC780D
            CODE    48FCH     000AH     UNIT         ?PR?LCD_CLEAR?LCD_DRIVER_SPLC780D
            CODE    4906H     0009H     UNIT         ?PR?TM1_ISR?MAIN
            CODE    490FH     0009H     UNIT         ?PR?_SENDUART1?MAIN
            CODE    4918H     0006H     UNIT         ?PR?UC_ACK?IOEXPANDER_PI4IOE5V96248



OVERLAY MAP OF MODULE:   .\Obj\GPIO_RTC_Test (MAIN)


SEGMENT                                             BIT_GROUP          XDATA_GROUP
  +--> CALLED SEGMENT                            START    LENGTH     START    LENGTH
BL51 BANKED LINKER/LOCATER V6.22                                                      05/14/2019  16:10:26  PAGE 5


------------------------------------------------------------------------------------
?PR?EXINT0?MAIN                                  -----    -----      -----    -----
  +--> ?PR?_POW?POW

?PR?_POW?POW                                     -----    -----      0629H    000AH
  +--> ?PR?LOG?LOG
  +--> ?PR?EXP?EXP

?PR?LOG?LOG                                      0020H.7  0000H.1    0633H    0004H

*** NEW ROOT ***************************************************

?C_C51STARTUP                                    -----    -----      -----    -----
  +--> ?PR?MAIN?MAIN
  +--> ?C_INITSEG

?PR?MAIN?MAIN                                    -----    -----      0637H    002EH
  +--> ?PR?LCD_INIT?LCD_DRIVER_SPLC780D
  +--> ?PR?SPI_INIT?PCF85063BTL
  +--> ?PR?KEYPAD_IO_INIT?KEYPAD
  +--> ?PR?ADC_INIT?ADC
  +--> ?PR?SI1120_CONFIG_MODE_VIRH?SI1120
  +--> ?PR?ENABLE_EXTINT0?SI1120
  +--> ?PR?VSETLOCATION?BIPOLARMOTOR
  +--> ?PR?_SPI_WRITETIME?PCF85063BTL
  +--> ?PR?_DELAY_MS?KEYPAD
  +--> ?PR?_DISPLAY_LINE?LCD_DRIVER_SPLC780D
  +--> ?PR?_WRITEDATA?LCD_DRIVER_SPLC780D
  +--> ?PR?_SENDUART1?MAIN

?PR?LCD_INIT?LCD_DRIVER_SPLC780D                 -----    -----      -----    -----
  +--> ?PR?_WAIT_MS?LCD_DRIVER_SPLC780D
  +--> ?PR?_COMMAND?LCD_DRIVER_SPLC780D

?PR?_COMMAND?LCD_DRIVER_SPLC780D                 -----    -----      -----    -----
  +--> ?PR?_WAIT_MS?LCD_DRIVER_SPLC780D

?PR?ADC_INIT?ADC                                 -----    -----      -----    -----
  +--> ?PR?_WAIT_MS?LCD_DRIVER_SPLC780D

?PR?SI1120_CONFIG_MODE_VIRH?SI1120               -----    -----      -----    -----
  +--> ?PR?_WAIT_MS?LCD_DRIVER_SPLC780D

?PR?_SPI_WRITETIME?PCF85063BTL                   -----    -----      -----    -----
  +--> ?PR?_SPI_SENDBYTE?PCF85063BTL

?PR?_SPI_SENDBYTE?PCF85063BTL                    -----    -----      -----    -----
  +--> ?PR?_PCF85063BTL_DELAY?PCF85063BTL

?PR?_DISPLAY_LINE?LCD_DRIVER_SPLC780D            -----    -----      -----    -----
  +--> ?PR?_COMMAND?LCD_DRIVER_SPLC780D

?PR?_WRITEDATA?LCD_DRIVER_SPLC780D               -----    -----      0665H    0001H
  +--> ?PR?_WAIT_MS?LCD_DRIVER_SPLC780D



BL51 BANKED LINKER/LOCATER V6.22                                                      05/14/2019  16:10:26  PAGE 6


UNRESOLVED EXTERNAL SYMBOLS:
   INITUART1



SYMBOL TABLE OF MODULE:  .\Obj\GPIO_RTC_Test (MAIN)

  VALUE           TYPE          NAME
  ----------------------------------

  -------         MODULE        MAIN
  C:0000H         SYMBOL        _ICE_DUMMY_
  X:03C4H         PUBLIC        calib_value
  D:0080H         PUBLIC        P0
  D:00B2H         PUBLIC        P3M0
  D:0090H         PUBLIC        P1
  D:00B1H         PUBLIC        P3M1
  D:00A0H         PUBLIC        P2
  D:00B0H         PUBLIC        P3
  D:00C0H         PUBLIC        P4
  D:00C8H         PUBLIC        P5
  X:0418H         SYMBOL        PressedKey
  B:00A8H.7       PUBLIC        EA
  D:00E8H         PUBLIC        P6
  X:041CH         PUBLIC        calib_stamp
  D:00F8H         PUBLIC        P7
  X:041DH         PUBLIC        calib_bool
  D:00A8H         PUBLIC        IE
  X:0447H         PUBLIC        calib_time
  D:00B8H         PUBLIC        IP
  B:0098H.0       PUBLIC        RI
  B:00B0H.2       PUBLIC        INT0
  X:049BH         PUBLIC        months
  B:0098H.1       PUBLIC        TI
  C:000EH         PUBLIC        Uart
  D:00D8H         PUBLIC        CCON
  C:33D7H         PUBLIC        main
  X:049CH         PUBLIC        count
  D:0099H         PUBLIC        SBUF
  X:049EH         PUBLIC        days
  X:049FH         PUBLIC        hours
  D:0098H         PUBLIC        SCON
  D:0089H         PUBLIC        TMOD
  D:0088H         PUBLIC        TCON
  X:04A0H         SYMBOL        KeyCount
  X:04A2H         PUBLIC        mins
  D:008EH         PUBLIC        AUXR
  C:4721H         PUBLIC        tm0_isr
  B:0090H.5       PUBLIC        SI1120_STX
  C:4906H         PUBLIC        tm1_isr
  B:0020H.2       PUBLIC        busy
  D:00E0H         PUBLIC        ACC
  B:00A8H.1       PUBLIC        ET0
  B:00A8H.3       PUBLIC        ET1
  X:04A3H         PUBLIC        SPI_NOR_INTERNAL_FLASH_ADDR
  D:008CH         PUBLIC        TH0
  D:008DH         PUBLIC        TH1
BL51 BANKED LINKER/LOCATER V6.22                                                      05/14/2019  16:10:26  PAGE 7


  D:008AH         PUBLIC        TL0
  D:008BH         PUBLIC        TL1
  B:0088H.4       PUBLIC        TR0
  B:0088H.6       PUBLIC        TR1
  C:3AE2H         PUBLIC        exint0
  X:04A7H         SYMBOL        KeyNum
  X:04A8H         SYMBOL        KeyNum_Old
  X:04A9H         PUBLIC        timer0_count
  X:04ABH         PUBLIC        current_position
  X:04AFH         PUBLIC        pwm_time
  X:04B3H         PUBLIC        start_timer0_count
  X:04B4H         PUBLIC        seconds
  D:00D0H         PUBLIC        PSW
  C:490FH         PUBLIC        _SendUART1
  -------         PROC          TM0_ISR
  C:4721H         LINE#         93
  C:4727H         LINE#         97
  C:472AH         LINE#         98
  C:472DH         LINE#         99
  C:473BH         LINE#         100
  -------         ENDPROC       TM0_ISR
  -------         PROC          TM1_ISR
  C:4906H         LINE#         101
  C:4906H         LINE#         103
  C:4908H         LINE#         105
  C:490BH         LINE#         106
  C:490EH         LINE#         107
  -------         ENDPROC       TM1_ISR
  -------         PROC          EXINT0
  C:3AE2H         LINE#         108
  C:3AFFH         LINE#         112
  C:3B02H         LINE#         113
  C:3B02H         LINE#         114
  C:3B05H         LINE#         115
  C:3B08H         LINE#         116
  C:3B0AH         LINE#         117
  C:3B0CH         LINE#         121
  C:3B0FH         LINE#         124
  C:3B0FH         LINE#         125
  C:3B11H         LINE#         127
  C:3B1DH         LINE#         128
  C:3B77H         LINE#         129
  C:3BB5H         LINE#         130
  C:3BBCH         LINE#         135
  C:3BBCH         LINE#         137
  -------         ENDPROC       EXINT0
  -------         PROC          MAIN
  -------         DO            
  X:03BCH         SYMBOL        KeyCount
  X:03BEH         SYMBOL        KeyNum_Old
  X:03BFH         SYMBOL        KeyNum
  X:03C0H         SYMBOL        PressedKey
  X:0637H         SYMBOL        prox_flag
  X:0638H         SYMBOL        iUse_prevday_calib_value
  X:063AH         SYMBOL        max_ADC_Val_JP
  X:063CH         SYMBOL        max_ADC_Val
  X:063EH         SYMBOL        calib_point1
BL51 BANKED LINKER/LOCATER V6.22                                                      05/14/2019  16:10:26  PAGE 8


  X:0646H         SYMBOL        calib_point2
  X:064EH         SYMBOL        dat_to_store
  X:0659H         SYMBOL        calib_day
  X:065BH         SYMBOL        calib_count
  X:065DH         SYMBOL        theorical_JP_max_pos
  X:0661H         SYMBOL        elevation
  -------         ENDDO         
  C:33D7H         LINE#         139
  C:33D7H         LINE#         140
  C:33D7H         LINE#         145
  C:33DDH         LINE#         146
  C:33E2H         LINE#         148
  C:33EAH         LINE#         152
  C:33F0H         LINE#         153
  C:33FAH         LINE#         160
  C:3402H         LINE#         161
  C:3409H         LINE#         162
  C:340FH         LINE#         164
  C:3415H         LINE#         173
  C:3417H         LINE#         174
  C:341AH         LINE#         175
  C:341DH         LINE#         176
  C:3420H         LINE#         177
  C:3423H         LINE#         178
  C:3426H         LINE#         179
  C:3429H         LINE#         181
  C:342CH         LINE#         184
  C:342FH         LINE#         185
  C:3432H         LINE#         187
  C:3435H         LINE#         189
  C:3438H         LINE#         190
  C:343BH         LINE#         191
  C:343EH         LINE#         192
  C:3441H         LINE#         193
  C:3444H         LINE#         194
  C:3447H         LINE#         195
  C:3449H         LINE#         196
  C:344BH         LINE#         198
  C:344DH         LINE#         199
  C:3454H         LINE#         200
  C:345BH         LINE#         201
  C:3462H         LINE#         202
  C:3469H         LINE#         206
  C:3470H         LINE#         207
  C:3475H         LINE#         208
  C:347AH         LINE#         209
  C:347FH         LINE#         210
  C:3484H         LINE#         211
  C:3489H         LINE#         214
  C:34A2H         LINE#         215
  C:34A2H         LINE#         216
  C:34BEH         LINE#         217
  C:3505H         LINE#         218
  C:3516H         LINE#         221
  C:3516H         LINE#         222
  C:3516H         LINE#         223
  C:351BH         LINE#         224
BL51 BANKED LINKER/LOCATER V6.22                                                      05/14/2019  16:10:26  PAGE 9


  C:3522H         LINE#         226
  C:3527H         LINE#         227
  C:352EH         LINE#         485
  -------         ENDPROC       MAIN
  -------         PROC          UART
  C:000EH         LINE#         499
  C:000EH         LINE#         501
  C:0011H         LINE#         502
  C:0011H         LINE#         503
  C:0013H         LINE#         504
  C:0013H         LINE#         505
  C:0016H         LINE#         506
  C:0016H         LINE#         507
  C:0018H         LINE#         508
  C:001AH         LINE#         509
  C:001AH         LINE#         510
  -------         ENDPROC       UART
  -------         PROC          _SENDUART1
  D:0007H         SYMBOL        dat
  C:490FH         LINE#         538
  C:490FH         LINE#         539
  C:490FH         LINE#         540
  C:4912H         LINE#         541
  C:4914H         LINE#         542
  C:4915H         LINE#         543
  C:4917H         LINE#         544
  -------         ENDPROC       _SENDUART1
  -------         ENDMOD        MAIN

  -------         MODULE        PCF85063BTL
  C:0000H         SYMBOL        _ICE_DUMMY_
  D:0096H         PUBLIC        P2M0
  D:0080H         PUBLIC        P0
  D:0095H         PUBLIC        P2M1
  D:0090H         PUBLIC        P1
  D:00A0H         PUBLIC        P2
  D:00B0H         PUBLIC        P3
  D:00C0H         PUBLIC        P4
  D:00C8H         PUBLIC        P5
  D:00E8H         PUBLIC        P6
  B:00A0H.1       PUBLIC        PCF85063BTL_SDI
  D:00F8H         PUBLIC        P7
  B:00A0H.2       PUBLIC        PCF85063BTL_SCK
  B:00A0H.1       PUBLIC        PCF85063BTL_SDO
  D:00A8H         PUBLIC        IE
  C:4321H         PUBLIC        _Read_time
  C:486AH         PUBLIC        _PCF85063BTL_Delay
  D:00B8H         PUBLIC        IP
  D:00D8H         PUBLIC        CCON
  C:41AEH         PUBLIC        _Day_Of_Year
  C:4762H         PUBLIC        SPI_ReceiveByte
  D:0098H         PUBLIC        SCON
  D:0088H         PUBLIC        TCON
  C:489DH         PUBLIC        _BCDtoDec
  B:00A0H.0       PUBLIC        PCF85063BTL_CS
  C:488CH         PUBLIC        _SPI_ReadTime
  C:48CCH         PUBLIC        SPI_Init
BL51 BANKED LINKER/LOCATER V6.22                                                      05/14/2019  16:10:26  PAGE 10


  C:47F7H         PUBLIC        _SPI_WriteTime
  C:4742H         PUBLIC        _SPI_SendByte
  D:00D0H         PUBLIC        PSW
  C:4866H         SYMBOL        L?0048
  -------         PROC          L?0047
  -------         ENDPROC       L?0047
  C:4866H         SYMBOL        L?0048
  -------         PROC          _PCF85063BTL_DELAY
  D:0006H         SYMBOL        us
  C:486AH         LINE#         8
  C:486AH         LINE#         9
  C:486AH         LINE#         10
  C:4874H         LINE#         11
  C:4874H         LINE#         12
  C:4875H         LINE#         13
  C:4877H         LINE#         14
  -------         ENDPROC       _PCF85063BTL_DELAY
  -------         PROC          _SPI_SENDBYTE
  D:0005H         SYMBOL        dat
  -------         DO            
  D:0003H         SYMBOL        i
  -------         ENDDO         
  C:4742H         LINE#         17
  C:4744H         LINE#         18
  C:4744H         LINE#         20
  C:4746H         LINE#         21
  C:4746H         LINE#         22
  C:4748H         LINE#         23
  C:474CH         LINE#         24
  C:474CH         LINE#         25
  C:474EH         LINE#         26
  C:4750H         LINE#         28
  C:4750H         LINE#         29
  C:4752H         LINE#         30
  C:4752H         LINE#         31
  C:4755H         LINE#         32
  C:4755H         LINE#         33
  C:4758H         LINE#         34
  C:475CH         LINE#         35
  C:4761H         LINE#         36
  -------         ENDPROC       _SPI_SENDBYTE
  -------         PROC          SPI_RECEIVEBYTE
  -------         DO            
  D:0003H         SYMBOL        i
  D:0005H         SYMBOL        dat
  -------         ENDDO         
  C:4762H         LINE#         39
  C:4762H         LINE#         40
  C:4762H         LINE#         42
  C:4764H         LINE#         44
  C:4766H         LINE#         45
  C:4767H         LINE#         46
  C:4767H         LINE#         47
  C:476BH         LINE#         48
  C:476DH         LINE#         49
  C:4770H         LINE#         51
  C:4773H         LINE#         52
BL51 BANKED LINKER/LOCATER V6.22                                                      05/14/2019  16:10:26  PAGE 11


  C:4773H         LINE#         53
  C:4777H         LINE#         54
  C:4777H         LINE#         55
  C:4777H         LINE#         56
  C:477AH         LINE#         57
  C:477FH         LINE#         58
  C:4781H         LINE#         59
  -------         ENDPROC       SPI_RECEIVEBYTE
  -------         PROC          _SPI_READTIME
  D:0007H         SYMBOL        addr
  -------         DO            
  D:0006H         SYMBOL        dat
  -------         ENDDO         
  C:488CH         LINE#         61
  C:488CH         LINE#         62
  C:488CH         LINE#         64
  C:488EH         LINE#         65
  C:4890H         LINE#         66
  C:4897H         LINE#         67
  C:489AH         LINE#         68
  C:489CH         LINE#         69
  C:489CH         LINE#         70
  -------         ENDPROC       _SPI_READTIME
  -------         PROC          _SPI_WRITETIME
  D:0002H         SYMBOL        val
  D:0005H         SYMBOL        addr
  C:47F7H         LINE#         71
  C:47F9H         LINE#         72
  C:47F9H         LINE#         74
  C:47FBH         LINE#         75
  C:4802H         LINE#         76
  C:4807H         LINE#         77
  C:480CH         LINE#         78
  C:480EH         LINE#         79
  -------         ENDPROC       _SPI_WRITETIME
  -------         PROC          SPI_INIT
  C:48CCH         LINE#         83
  C:48CCH         LINE#         84
  C:48CCH         LINE#         89
  C:48CFH         LINE#         90
  C:48D2H         LINE#         91
  C:48D4H         LINE#         92
  C:48D6H         LINE#         93
  C:48D8H         LINE#         94
  -------         ENDPROC       SPI_INIT
  -------         PROC          _READ_TIME
  X:06FDH         SYMBOL        months
  X:0700H         SYMBOL        days
  X:0703H         SYMBOL        hours
  X:0706H         SYMBOL        mins
  X:0709H         SYMBOL        seconds
  C:4321H         LINE#         96
  C:432CH         LINE#         97
  C:432CH         LINE#         99
  C:4340H         LINE#         101
  C:4354H         LINE#         103
  C:4368H         LINE#         108
BL51 BANKED LINKER/LOCATER V6.22                                                      05/14/2019  16:10:26  PAGE 12


  C:437CH         LINE#         113
  -------         ENDPROC       _READ_TIME
  -------         PROC          _BCDTODEC
  D:0007H         SYMBOL        bcd
  -------         DO            
  D:0006H         SYMBOL        hi
  D:0007H         SYMBOL        lo
  -------         ENDDO         
  C:489DH         LINE#         119
  C:489DH         LINE#         120
  C:489DH         LINE#         122
  C:48A2H         LINE#         123
  C:48A6H         LINE#         124
  C:48ADH         LINE#         125
  -------         ENDPROC       _BCDTODEC
  -------         PROC          _DAY_OF_YEAR
  D:0007H         SYMBOL        months_bcd
  D:0005H         SYMBOL        days_bcd
  -------         DO            
  D:0004H         SYMBOL        months
  D:0007H         SYMBOL        days
  -------         ENDDO         
  C:41AEH         LINE#         126
  C:41AEH         LINE#         127
  C:41AEH         LINE#         130
  C:41B3H         LINE#         132
  C:41B8H         LINE#         134
  C:41F1H         LINE#         135
  C:41F1H         LINE#         136
  C:41F1H         LINE#         137
  C:41F4H         LINE#         138
  C:41F4H         LINE#         139
  C:41F4H         LINE#         140
  C:41F9H         LINE#         141
  C:41F9H         LINE#         142
  C:41F9H         LINE#         143
  C:41FEH         LINE#         144
  C:41FEH         LINE#         145
  C:41FEH         LINE#         146
  C:4203H         LINE#         147
  C:4203H         LINE#         148
  C:4203H         LINE#         149
  C:4208H         LINE#         150
  C:4208H         LINE#         151
  C:4208H         LINE#         152
  C:420DH         LINE#         153
  C:420DH         LINE#         154
  C:420DH         LINE#         155
  C:4212H         LINE#         156
  C:4212H         LINE#         157
  C:4212H         LINE#         158
  C:4217H         LINE#         159
  C:4217H         LINE#         160
  C:4217H         LINE#         161
  C:421FH         LINE#         162
  C:421FH         LINE#         163
  C:421FH         LINE#         164
BL51 BANKED LINKER/LOCATER V6.22                                                      05/14/2019  16:10:26  PAGE 13


  C:4224H         LINE#         165
  C:4224H         LINE#         166
  C:4224H         LINE#         167
  C:4229H         LINE#         168
  C:4229H         LINE#         169
  C:4229H         LINE#         170
  C:4232H         LINE#         171
  C:4232H         LINE#         172
  C:4232H         LINE#         173
  C:4235H         LINE#         174
  C:4235H         LINE#         175
  -------         ENDPROC       _DAY_OF_YEAR
  -------         ENDMOD        PCF85063BTL

  -------         MODULE        LCD_DRIVER_SPLC780D
  C:0000H         SYMBOL        _ICE_DUMMY_
  D:0092H         PUBLIC        P1M0
  D:0091H         PUBLIC        P1M1
  D:0080H         PUBLIC        P0
  D:0090H         PUBLIC        P1
  D:00A0H         PUBLIC        P2
  D:00B0H         PUBLIC        P3
  D:00C0H         PUBLIC        P4
  D:00C8H         PUBLIC        P5
  D:00E8H         PUBLIC        P6
  D:00F8H         PUBLIC        P7
  C:423AH         PUBLIC        _WriteData
  D:00A8H         PUBLIC        IE
  D:00B8H         PUBLIC        IP
  D:00D8H         PUBLIC        CCON
  B:00B0H.4       PUBLIC        LCD_D4
  B:00B0H.5       PUBLIC        LCD_D5
  B:00B0H.6       PUBLIC        LCD_D6
  C:47BFH         PUBLIC        _DisplayLCD
  B:00B0H.7       PUBLIC        LCD_D7
  D:0098H         PUBLIC        SCON
  D:0088H         PUBLIC        TCON
  C:4878H         PUBLIC        _abs
  C:48FCH         PUBLIC        LCD_clear
  C:451BH         PUBLIC        _Command
  C:4825H         PUBLIC        _Display_Line
  C:43EAH         PUBLIC        LCD_Init
  C:4703H         PUBLIC        _Wait_ms
  B:00C0H.0       PUBLIC        LCD_RS
  B:0090H.3       PUBLIC        LCD_RW
  C:48F2H         PUBLIC        LCD_return_home
  C:3530H         PUBLIC        _Display_Pos
  B:00B0H.3       PUBLIC        LCD_E
  D:00D0H         PUBLIC        PSW
  -------         PROC          LCD_INIT
  C:43EAH         LINE#         9
  C:43EAH         LINE#         10
  C:43EAH         LINE#         11
  C:43EDH         LINE#         12
  C:43F0H         LINE#         14
  C:43F6H         LINE#         15
  C:43FBH         LINE#         17
BL51 BANKED LINKER/LOCATER V6.22                                                      05/14/2019  16:10:26  PAGE 14


  C:4402H         LINE#         18
  C:4407H         LINE#         20
  C:440AH         LINE#         21
  C:440FH         LINE#         23
  C:4412H         LINE#         24
  C:4417H         LINE#         26
  C:441EH         LINE#         29
  C:4423H         LINE#         30
  C:4428H         LINE#         32
  C:442DH         LINE#         33
  C:4432H         LINE#         35
  C:4437H         LINE#         36
  C:443CH         LINE#         37
  -------         ENDPROC       LCD_INIT
  C:4236H         SYMBOL        L?0038
  -------         PROC          L?0037
  -------         ENDPROC       L?0037
  C:4236H         SYMBOL        L?0038
  -------         PROC          _WRITEDATA
  X:0665H         SYMBOL        dat
  C:423AH         LINE#         40
  C:423FH         LINE#         41
  C:423FH         LINE#         46
  C:4241H         LINE#         47
  C:4243H         LINE#         49
  C:4251H         LINE#         50
  C:425DH         LINE#         51
  C:4269H         LINE#         52
  C:4273H         LINE#         53
  C:4275H         LINE#         54
  C:427CH         LINE#         55
  C:427EH         LINE#         57
  C:428EH         LINE#         58
  C:4299H         LINE#         59
  C:42A3H         LINE#         60
  C:42A7H         LINE#         62
  C:42A7H         LINE#         63
  C:42AAH         LINE#         64
  C:42ACH         LINE#         65
  C:42AEH         LINE#         67
  -------         ENDPROC       _WRITEDATA
  -------         PROC          _COMMAND
  D:0007H         SYMBOL        dat
  C:451BH         LINE#         69
  C:451BH         LINE#         70
  C:451BH         LINE#         71
  C:451DH         LINE#         72
  C:451FH         LINE#         74
  C:4529H         LINE#         75
  C:452DH         LINE#         77
  C:452FH         LINE#         78
  C:4538H         LINE#         79
  C:453CH         LINE#         81
  C:453EH         LINE#         82
  C:4545H         LINE#         83
  C:4549H         LINE#         85
  C:454BH         LINE#         86
BL51 BANKED LINKER/LOCATER V6.22                                                      05/14/2019  16:10:26  PAGE 15


  C:454FH         LINE#         87
  C:4553H         LINE#         89
  C:4555H         LINE#         90
  C:4555H         LINE#         91
  C:4558H         LINE#         92
  C:455AH         LINE#         93
  -------         ENDPROC       _COMMAND
  C:46FFH         SYMBOL        L?0040
  -------         PROC          L?0039
  -------         ENDPROC       L?0039
  C:46FFH         SYMBOL        L?0040
  -------         PROC          _WAIT_MS
  D:0006H         SYMBOL        ms
  -------         DO            
  D:0004H         SYMBOL        De_Cnt
  -------         ENDDO         
  C:4703H         LINE#         95
  C:4703H         LINE#         96
  C:4703H         LINE#         98
  C:470DH         LINE#         99
  C:470DH         LINE#         100
  C:4720H         LINE#         101
  C:4720H         LINE#         102
  -------         ENDPROC       _WAIT_MS
  -------         PROC          _DISPLAYLCD
  D:0007H         SYMBOL        BCD
  -------         DO            
  D:0006H         SYMBOL        first_digit
  X:076DH         SYMBOL        second_digit
  -------         ENDDO         
  C:47BFH         LINE#         103
  C:47BFH         LINE#         104
  C:47BFH         LINE#         106
  C:47C6H         LINE#         107
  C:47CFH         LINE#         109
  C:47D4H         LINE#         111
  -------         ENDPROC       _DISPLAYLCD
  -------         PROC          LCD_RETURN_HOME
  C:48F2H         LINE#         115
  C:48F2H         LINE#         116
  C:48F2H         LINE#         117
  C:48F7H         LINE#         118
  -------         ENDPROC       LCD_RETURN_HOME
  -------         PROC          LCD_CLEAR
  C:48FCH         LINE#         121
  C:48FCH         LINE#         122
  C:48FCH         LINE#         123
  C:4901H         LINE#         124
  -------         ENDPROC       LCD_CLEAR
  -------         PROC          _DISPLAY_LINE
  D:0006H         SYMBOL        line
  C:4825H         LINE#         128
  C:4825H         LINE#         129
  C:4825H         LINE#         130
  C:482BH         LINE#         131
  C:482BH         LINE#         132
  C:482DH         LINE#         133
BL51 BANKED LINKER/LOCATER V6.22                                                      05/14/2019  16:10:26  PAGE 16


  C:482DH         LINE#         134
  C:482FH         LINE#         136
  C:482FH         LINE#         137
  C:4834H         LINE#         138
  C:4839H         LINE#         139
  C:4839H         LINE#         140
  -------         ENDPROC       _DISPLAY_LINE
  -------         PROC          _DISPLAY_POS
  X:071AH         SYMBOL        sign_dat
  -------         DO            
  X:071EH         SYMBOL        unit
  X:071FH         SYMBOL        ten
  X:0720H         SYMBOL        hundred
  X:0721H         SYMBOL        thousand
  X:0722H         SYMBOL        after_dot
  X:0723H         SYMBOL        dat
  -------         ENDDO         
  C:3530H         LINE#         142
  C:3536H         LINE#         143
  C:3536H         LINE#         147
  C:3552H         LINE#         148
  C:356CH         LINE#         149
  C:3590H         LINE#         151
  C:35DAH         LINE#         153
  C:35F1H         LINE#         154
  C:3603H         LINE#         155
  C:3628H         LINE#         156
  C:3642H         LINE#         157
  C:365AH         LINE#         158
  C:365AH         LINE#         159
  C:365AH         LINE#         160
  C:365AH         LINE#         161
  C:365AH         LINE#         162
  C:365AH         LINE#         163
  C:365AH         LINE#         164
  C:365AH         LINE#         168
  C:365CH         LINE#         170
  C:365CH         LINE#         172
  C:3661H         LINE#         173
  C:3667H         LINE#         174
  C:366DH         LINE#         175
  C:3673H         LINE#         176
  C:3679H         LINE#         177
  C:367EH         LINE#         178
  C:3684H         LINE#         182
  C:3684H         LINE#         184
  -------         ENDPROC       _DISPLAY_POS
  -------         PROC          _ABS
  D:0006H         SYMBOL        dat
  C:4878H         LINE#         186
  C:4878H         LINE#         187
  C:4878H         LINE#         188
  C:4883H         LINE#         189
  C:4884H         LINE#         191
  C:488BH         LINE#         192
  -------         ENDPROC       _ABS
  -------         ENDMOD        LCD_DRIVER_SPLC780D
BL51 BANKED LINKER/LOCATER V6.22                                                      05/14/2019  16:10:26  PAGE 17



  -------         MODULE        KEYPAD
  C:0000H         SYMBOL        _ICE_DUMMY_
  D:0093H         PUBLIC        P0M1
  D:0080H         PUBLIC        P0
  D:0090H         PUBLIC        P1
  D:00A0H         PUBLIC        P2
  D:00B0H         PUBLIC        P3
  D:00C0H         PUBLIC        P4
  D:00C8H         PUBLIC        P5
  D:00E8H         PUBLIC        P6
  D:00F8H         PUBLIC        P7
  D:00A8H         PUBLIC        IE
  C:2DD3H         PUBLIC        Key_Scan
  D:00B8H         PUBLIC        IP
  D:00D8H         PUBLIC        CCON
  C:48E6H         PUBLIC        KeyPad_IO_Init
  C:47A1H         PUBLIC        _Delay_ms
  D:0098H         PUBLIC        SCON
  D:0088H         PUBLIC        TCON
  X:06C7H         PUBLIC        small_move
  X:06C9H         PUBLIC        move
  X:06CBH         PUBLIC        auto_mode
  X:06CDH         PUBLIC        direction
  X:06CFH         PUBLIC        SPI_NOR_ClearEnable
  C:2514H         PUBLIC        Key_Process
  D:00D0H         PUBLIC        PSW
  D:0094H         PUBLIC        P0M0
  -------         PROC          _DELAY_MS
  D:0006H         SYMBOL        ms
  -------         DO            
  D:0004H         SYMBOL        De_Cnt
  -------         ENDDO         
  C:47A1H         LINE#         20
  C:47A1H         LINE#         21
  C:47A1H         LINE#         23
  C:47ABH         LINE#         24
  C:47ABH         LINE#         25
  C:47BEH         LINE#         26
  C:47BEH         LINE#         27
  -------         ENDPROC       _DELAY_MS
  -------         PROC          KEY_SCAN
  -------         DO            
  X:0760H         SYMBOL        KeyTemp1
  X:0761H         SYMBOL        KeyTemp2
  X:0762H         SYMBOL        KeyValue
  -------         ENDDO         
  C:2DD3H         LINE#         28
  C:2DD3H         LINE#         29
  C:2DD3H         LINE#         34
  C:2DD6H         LINE#         37
  C:2DD9H         LINE#         39
  C:2DE1H         LINE#         40
  C:2DE8H         LINE#         41
  C:2DE8H         LINE#         43
  C:2DEDH         LINE#         44
  C:2DF4H         LINE#         45
BL51 BANKED LINKER/LOCATER V6.22                                                      05/14/2019  16:10:26  PAGE 18


  C:2DF4H         LINE#         48
  C:2DF7H         LINE#         49
  C:2DFAH         LINE#         50
  C:2DFFH         LINE#         51
  C:2E03H         LINE#         52
  C:2E03H         LINE#         53
  C:2E0BH         LINE#         54
  C:2E0BH         LINE#         55
  C:2E0EH         LINE#         56
  C:2E16H         LINE#         57
  C:2E18H         LINE#         59
  C:2E2CH         LINE#         60
  C:2E2CH         LINE#         61
  C:2E2CH         LINE#         62
  C:2E2CH         LINE#         63
  C:2E32H         LINE#         65
  C:2E34H         LINE#         66
  C:2E34H         LINE#         67
  C:2E34H         LINE#         68
  C:2E3AH         LINE#         70
  C:2E3CH         LINE#         71
  C:2E3CH         LINE#         72
  C:2E3CH         LINE#         73
  C:2E42H         LINE#         75
  C:2E44H         LINE#         76
  C:2E44H         LINE#         77
  C:2E44H         LINE#         78
  C:2E4AH         LINE#         80
  C:2E4AH         LINE#         81
  C:2E4AH         LINE#         82
  C:2E4AH         LINE#         85
  C:2E4DH         LINE#         86
  C:2E50H         LINE#         87
  C:2E58H         LINE#         88
  C:2E5CH         LINE#         89
  C:2E5CH         LINE#         90
  C:2E64H         LINE#         91
  C:2E64H         LINE#         92
  C:2E67H         LINE#         93
  C:2E6FH         LINE#         94
  C:2E71H         LINE#         95
  C:2E85H         LINE#         96
  C:2E85H         LINE#         97
  C:2E85H         LINE#         98
  C:2E85H         LINE#         99
  C:2E8BH         LINE#         101
  C:2E8DH         LINE#         102
  C:2E8DH         LINE#         103
  C:2E8DH         LINE#         104
  C:2E93H         LINE#         106
  C:2E95H         LINE#         107
  C:2E95H         LINE#         108
  C:2E95H         LINE#         109
  C:2E9BH         LINE#         111
  C:2E9DH         LINE#         112
  C:2E9DH         LINE#         113
  C:2E9DH         LINE#         114
BL51 BANKED LINKER/LOCATER V6.22                                                      05/14/2019  16:10:26  PAGE 19


  C:2EA2H         LINE#         116
  C:2EA2H         LINE#         117
  C:2EA2H         LINE#         118
  C:2EA2H         LINE#         121
  C:2EA5H         LINE#         122
  C:2EA8H         LINE#         123
  C:2EB0H         LINE#         124
  C:2EB4H         LINE#         125
  C:2EB4H         LINE#         126
  C:2EBCH         LINE#         127
  C:2EBCH         LINE#         128
  C:2EBFH         LINE#         129
  C:2EC7H         LINE#         130
  C:2EC9H         LINE#         131
  C:2EDDH         LINE#         132
  C:2EDDH         LINE#         133
  C:2EDDH         LINE#         134
  C:2EDDH         LINE#         135
  C:2EE3H         LINE#         137
  C:2EE5H         LINE#         138
  C:2EE5H         LINE#         139
  C:2EE5H         LINE#         140
  C:2EEBH         LINE#         142
  C:2EEDH         LINE#         143
  C:2EEDH         LINE#         144
  C:2EEDH         LINE#         145
  C:2EF3H         LINE#         147
  C:2EF5H         LINE#         148
  C:2EF5H         LINE#         149
  C:2EF5H         LINE#         150
  C:2EFBH         LINE#         152
  C:2EFBH         LINE#         153
  C:2EFBH         LINE#         154
  C:2EFBH         LINE#         158
  C:2EFEH         LINE#         159
  C:2F01H         LINE#         160
  C:2F09H         LINE#         161
  C:2F0DH         LINE#         162
  C:2F0DH         LINE#         163
  C:2F15H         LINE#         164
  C:2F15H         LINE#         165
  C:2F18H         LINE#         166
  C:2F20H         LINE#         167
  C:2F22H         LINE#         168
  C:2F36H         LINE#         169
  C:2F36H         LINE#         170
  C:2F36H         LINE#         171
  C:2F36H         LINE#         172
  C:2F3CH         LINE#         174
  C:2F3EH         LINE#         175
  C:2F3EH         LINE#         176
  C:2F3EH         LINE#         177
  C:2F44H         LINE#         179
  C:2F46H         LINE#         180
  C:2F46H         LINE#         181
  C:2F46H         LINE#         182
  C:2F4CH         LINE#         184
BL51 BANKED LINKER/LOCATER V6.22                                                      05/14/2019  16:10:26  PAGE 20


  C:2F4EH         LINE#         185
  C:2F4EH         LINE#         186
  C:2F4EH         LINE#         187
  C:2F54H         LINE#         189
  C:2F54H         LINE#         190
  C:2F54H         LINE#         191
  C:2F54H         LINE#         193
  C:2F5AH         LINE#         194
  C:2F5AH         LINE#         196
  C:2F5AH         LINE#         197
  C:2F5DH         LINE#         198
  C:2F5DH         LINE#         199
  C:2F5DH         LINE#         201
  C:2F5DH         LINE#         202
  C:2F5FH         LINE#         203
  C:2F5FH         LINE#         204
  -------         ENDPROC       KEY_SCAN
  -------         PROC          KEY_PROCESS
  -------         DO            
  X:06B8H         SYMBOL        KeyCount
  X:06B9H         SYMBOL        KeyNum_Old
  X:06BBH         SYMBOL        KeyNum
  X:06BDH         SYMBOL        PressedKey
  X:073DH         SYMBOL        d
  D:0002H         SYMBOL        hours
  D:0006H         SYMBOL        mins
  X:073FH         SYMBOL        months
  X:0741H         SYMBOL        days
  -------         ENDDO         
  C:2514H         LINE#         205
  C:2514H         LINE#         206
  C:2514H         LINE#         210
  C:2523H         LINE#         211
  C:2530H         LINE#         213
  C:2534H         LINE#         214
  C:2534H         LINE#         215
  C:253AH         LINE#         217
  C:253AH         LINE#         218
  C:2551H         LINE#         219
  C:2551H         LINE#         220
  C:255BH         LINE#         221
  C:2561H         LINE#         223
  C:2567H         LINE#         225
  C:2567H         LINE#         226
  C:257EH         LINE#         227
  C:257EH         LINE#         228
  C:2583H         LINE#         230
  C:2583H         LINE#         231
  C:2593H         LINE#         232
  C:2593H         LINE#         233
  C:2599H         LINE#         235
  C:2599H         LINE#         236
  C:25ABH         LINE#         237
  C:25ABH         LINE#         238
  C:25B5H         LINE#         239
  C:25BDH         LINE#         241
  C:25C6H         LINE#         243
BL51 BANKED LINKER/LOCATER V6.22                                                      05/14/2019  16:10:26  PAGE 21


  C:25C6H         LINE#         252
  C:25E5H         LINE#         253
  C:25E5H         LINE#         254
  C:2604H         LINE#         255
  C:260AH         LINE#         256
  C:2612H         LINE#         257
  C:2612H         LINE#         259
  C:2613H         LINE#         265
  C:261FH         LINE#         266
  C:261FH         LINE#         267
  C:263CH         LINE#         268
  C:2653H         LINE#         269
  C:266AH         LINE#         270
  C:266AH         LINE#         271
  C:267DH         LINE#         272
  C:2690H         LINE#         273
  C:2690H         LINE#         274
  C:2690H         LINE#         275
  C:2693H         LINE#         280
  C:26A2H         LINE#         281
  C:26A2H         LINE#         282
  C:26C5H         LINE#         283
  C:26E2H         LINE#         284
  C:26EBH         LINE#         285
  C:26EBH         LINE#         286
  C:26F2H         LINE#         287
  C:26F2H         LINE#         288
  C:2703H         LINE#         289
  C:2703H         LINE#         290
  C:2712H         LINE#         291
  C:2712H         LINE#         292
  C:2712H         LINE#         293
  C:2715H         LINE#         295
  C:2715H         LINE#         296
  C:2721H         LINE#         297
  C:2721H         LINE#         298
  C:2733H         LINE#         299
  C:2733H         LINE#         300
  C:2743H         LINE#         301
  C:2743H         LINE#         302
  C:2743H         LINE#         304
  C:2745H         LINE#         306
  C:2745H         LINE#         307
  C:2754H         LINE#         308
  C:2754H         LINE#         309
  C:2764H         LINE#         310
  C:2764H         LINE#         311
  C:2764H         LINE#         313
  C:2764H         LINE#         315
  C:2764H         LINE#         316
  C:2766H         LINE#         318
  C:2766H         LINE#         319
  C:276DH         LINE#         320
  C:276DH         LINE#         321
  C:277CH         LINE#         322
  C:277CH         LINE#         323
  C:278CH         LINE#         324
BL51 BANKED LINKER/LOCATER V6.22                                                      05/14/2019  16:10:26  PAGE 22


  C:278CH         LINE#         325
  C:278CH         LINE#         326
  C:278EH         LINE#         328
  C:278EH         LINE#         329
  C:279DH         LINE#         330
  C:279DH         LINE#         331
  C:27B0H         LINE#         332
  C:27C3H         LINE#         333
  C:27C3H         LINE#         334
  C:27C3H         LINE#         335
  C:27C3H         LINE#         336
  C:27CCH         LINE#         338
  C:27CCH         LINE#         340
  C:2806H         LINE#         341
  C:2806H         LINE#         342
  C:280DH         LINE#         343
  C:280DH         LINE#         344
  C:2817H         LINE#         345
  C:2817H         LINE#         346
  C:281AH         LINE#         347
  C:281FH         LINE#         348
  C:2824H         LINE#         349
  C:2829H         LINE#         350
  C:282EH         LINE#         351
  C:2833H         LINE#         352
  C:2838H         LINE#         353
  C:283DH         LINE#         354
  C:283DH         LINE#         355
  C:283DH         LINE#         357
  C:285BH         LINE#         358
  C:285BH         LINE#         359
  C:2862H         LINE#         360
  C:2862H         LINE#         361
  C:2867H         LINE#         362
  C:2870H         LINE#         363
  C:288FH         LINE#         364
  C:288FH         LINE#         365
  C:289FH         LINE#         367
  C:289FH         LINE#         371
  -------         ENDPROC       KEY_PROCESS
  -------         PROC          KEYPAD_IO_INIT
  C:48E6H         LINE#         374
  C:48E6H         LINE#         375
  C:48E6H         LINE#         376
  C:48E9H         LINE#         377
  C:48ECH         LINE#         378
  C:48EFH         LINE#         379
  C:48F1H         LINE#         380
  -------         ENDPROC       KEYPAD_IO_INIT
  -------         ENDMOD        KEYPAD

  -------         MODULE        BIPOLARMOTOR
  C:0000H         SYMBOL        _ICE_DUMMY_
  X:0000H         PUBLIC        UTC_time
  D:0080H         PUBLIC        P0
  D:0090H         PUBLIC        P1
  X:0004H         PUBLIC        RX_pos_test
BL51 BANKED LINKER/LOCATER V6.22                                                      05/14/2019  16:10:26  PAGE 23


  D:00A0H         PUBLIC        P2
  D:00B0H         PUBLIC        P3
  D:00C0H         PUBLIC        P4
  D:00C8H         PUBLIC        P5
  D:00E8H         PUBLIC        P6
  D:00F8H         PUBLIC        P7
  X:00A4H         PUBLIC        low_date_azimuth_mapping
  D:00A8H         PUBLIC        IE
  C:3BFAH         PUBLIC        linear_interpolate
  X:00CCH         PUBLIC        declination
  C:4689H         PUBLIC        _Move
  D:00B8H         PUBLIC        IP
  X:00D0H         PUBLIC        time_offset
  D:00D8H         PUBLIC        CCON
  X:00D4H         PUBLIC        previous_move_time
  X:00D5H         PUBLIC        time
  D:0098H         PUBLIC        SCON
  D:0088H         PUBLIC        TCON
  C:0006H         PUBLIC        wait
  C:455BH         PUBLIC        _Step_move
  X:00E7H         PUBLIC        dat
  X:00EDH         PUBLIC        current_local_sun_time
  C:116CH         PUBLIC        _Update_position
  C:28A0H         PUBLIC        _elevation_calculation
  X:00F1H         PUBLIC        sunCoord
  C:4443H         PUBLIC        vOneStepMove
  X:00F4H         PUBLIC        elevation_stamp
  X:0130H         PUBLIC        date_azimuth_mapping
  X:0158H         PUBLIC        location
  X:0160H         PUBLIC        RX_pos
  C:483AH         PUBLIC        vSetLocation
  C:47E6H         PUBLIC        _BCDtoDec1
  X:03B8H         PUBLIC        degree
  C:17B2H         PUBLIC        _TheoricalJP_Position
  D:00D0H         PUBLIC        PSW
  -------         PROC          VSETLOCATION
  C:483AH         LINE#         44
  C:483AH         LINE#         45
  C:483AH         LINE#         46
  C:4844H         LINE#         47
  C:484EH         LINE#         48
  -------         ENDPROC       VSETLOCATION
  C:47E2H         SYMBOL        L?0061
  -------         PROC          L?0060
  -------         ENDPROC       L?0060
  C:47E2H         SYMBOL        L?0061
  -------         PROC          _BCDTODEC1
  D:0007H         SYMBOL        bcd
  -------         DO            
  D:0006H         SYMBOL        hi
  D:0007H         SYMBOL        lo
  -------         ENDDO         
  C:47E6H         LINE#         49
  C:47E6H         LINE#         50
  C:47E6H         LINE#         52
  C:47EBH         LINE#         53
  C:47EFH         LINE#         54
BL51 BANKED LINKER/LOCATER V6.22                                                      05/14/2019  16:10:26  PAGE 24


  C:47F6H         LINE#         55
  -------         ENDPROC       _BCDTODEC1
  -------         PROC          WAIT
  C:0006H         LINE#         57
  C:0006H         LINE#         59
  -------         ENDPROC       WAIT
  -------         PROC          VONESTEPMOVE
  B:0020H.3       SYMBOL        bDir
  C:4443H         LINE#         61
  C:4443H         LINE#         62
  C:4443H         LINE#         64
  C:4449H         LINE#         65
  C:4449H         LINE#         66
  C:444CH         LINE#         67
  C:4455H         LINE#         68
  C:445CH         LINE#         69
  C:4461H         LINE#         70
  C:4461H         LINE#         71
  C:4461H         LINE#         73
  C:4463H         LINE#         76
  C:4463H         LINE#         77
  C:4466H         LINE#         78
  C:446FH         LINE#         79
  C:4476H         LINE#         80
  C:447CH         LINE#         81
  C:4485H         LINE#         82
  C:448CH         LINE#         83
  C:448CH         LINE#         87
  -------         ENDPROC       VONESTEPMOVE
  -------         PROC          _STEP_MOVE
  X:0748H         SYMBOL        step
  B:0020H.4       SYMBOL        dir
  -------         DO            
  X:074AH         SYMBOL        i
  -------         ENDDO         
  C:455BH         LINE#         89
  C:4563H         LINE#         90
  C:4563H         LINE#         92
  C:4568H         LINE#         95
  C:4583H         LINE#         96
  C:4583H         LINE#         97
  C:458AH         LINE#         99
  C:459AH         LINE#         101
  -------         ENDPROC       _STEP_MOVE
  -------         PROC          _MOVE
  X:074CH         SYMBOL        distance
  B:0020H.5       SYMBOL        direction
  -------         DO            
  D:0006H         SYMBOL        step
  -------         ENDDO         
  C:4689H         LINE#         103
  C:468FH         LINE#         104
  C:468FH         LINE#         107
  C:46AAH         LINE#         108
  -------         ENDPROC       _MOVE
  C:3BE9H         SYMBOL        L?0059
  -------         PROC          L?0058
BL51 BANKED LINKER/LOCATER V6.22                                                      05/14/2019  16:10:26  PAGE 25


  -------         ENDPROC       L?0058
  C:3BE9H         SYMBOL        L?0059
  -------         PROC          LINEAR_INTERPOLATE
  X:06E9H         SYMBOL        p1
  X:06F1H         SYMBOL        p2
  X:06F9H         SYMBOL        x
  -------         DO            
  D:0004H         SYMBOL        fx
  -------         ENDDO         
  C:3BFAH         LINE#         141
  C:3BFAH         LINE#         142
  C:3BFAH         LINE#         145
  C:3C99H         LINE#         147
  C:3C99H         LINE#         148
  -------         ENDPROC       LINEAR_INTERPOLATE
  -------         PROC          _THEORICALJP_POSITION
  X:05CDH         SYMBOL        azimuth
  X:05D1H         SYMBOL        elevation
  -------         DO            
  X:05D5H         SYMBOL        pos_interpolate_azimuth
  X:0611H         SYMBOL        JP_pos
  X:0615H         SYMBOL        i
  X:0617H         SYMBOL        yy
  X:0619H         SYMBOL        p1
  X:0621H         SYMBOL        p2
  -------         ENDDO         
  C:17B2H         LINE#         151
  C:17B8H         LINE#         152
  C:17B8H         LINE#         154
  C:17C2H         LINE#         157
  C:17DEH         LINE#         158
  C:17DEH         LINE#         159
  C:184EH         LINE#         160
  C:184EH         LINE#         161
  C:1855H         LINE#         162
  C:1855H         LINE#         163
  C:1882H         LINE#         164
  C:189DH         LINE#         166
  C:18E4H         LINE#         167
  C:1918H         LINE#         169
  C:195EH         LINE#         170
  C:1983H         LINE#         172
  C:1983H         LINE#         174
  C:19F9H         LINE#         175
  C:19F9H         LINE#         176
  C:1A00H         LINE#         177
  C:1A00H         LINE#         178
  C:1A2DH         LINE#         179
  C:1A48H         LINE#         181
  C:1A8FH         LINE#         182
  C:1AC3H         LINE#         184
  C:1B09H         LINE#         185
  C:1B2BH         LINE#         187
  C:1B2BH         LINE#         188
  C:1B3FH         LINE#         191
  C:1B5BH         LINE#         192
  C:1B5BH         LINE#         193
BL51 BANKED LINKER/LOCATER V6.22                                                      05/14/2019  16:10:26  PAGE 26


  C:1BCBH         LINE#         194
  C:1BCBH         LINE#         195
  C:1BF8H         LINE#         196
  C:1C13H         LINE#         198
  C:1C40H         LINE#         199
  C:1C5BH         LINE#         201
  C:1C8DH         LINE#         204
  C:1C8DH         LINE#         206
  C:1C9EH         LINE#         207
  C:1CACH         LINE#         209
  -------         ENDPROC       _THEORICALJP_POSITION
  -------         PROC          _UPDATE_POSITION
  D:0001H         SYMBOL        mnths
  D:0002H         SYMBOL        dys
  X:0668H         SYMBOL        hurs
  X:0669H         SYMBOL        mns
  X:066AH         SYMBOL        sconds
  X:066BH         SYMBOL        currnt_pos
  X:066EH         SYMBOL        offset_calib
  -------         DO            
  X:0672H         SYMBOL        date
  X:0674H         SYMBOL        i
  X:0676H         SYMBOL        yy
  X:0678H         SYMBOL        desired_distance
  X:067CH         SYMBOL        distance
  X:0680H         SYMBOL        JP_pos
  X:0684H         SYMBOL        elevation
  X:0688H         SYMBOL        azimuth
  X:068CH         SYMBOL        time_offset
  X:0690H         SYMBOL        UTC_time
  -------         ENDDO         
  C:116CH         LINE#         212
  C:1175H         LINE#         215
  C:1175H         LINE#         216
  C:1180H         LINE#         218
  C:119CH         LINE#         219
  C:11A6H         LINE#         225
  C:11B0H         LINE#         226
  C:11BBH         LINE#         227
  C:11C6H         LINE#         228
  C:11DFH         LINE#         229
  C:11F0H         LINE#         230
  C:11FFH         LINE#         233
  C:1213H         LINE#         237
  C:1265H         LINE#         238
  C:13C9H         LINE#         239
  C:1419H         LINE#         242
  C:1541H         LINE#         245
  C:1610H         LINE#         252
  C:1657H         LINE#         253
  C:1657H         LINE#         255
  C:1682H         LINE#         256
  C:16B1H         LINE#         258
  C:16D6H         LINE#         259
  C:173BH         LINE#         260
  C:173BH         LINE#         261
  C:1755H         LINE#         262
BL51 BANKED LINKER/LOCATER V6.22                                                      05/14/2019  16:10:26  PAGE 27


  C:1767H         LINE#         263
  C:177FH         LINE#         264
  C:1795H         LINE#         266
  C:17B1H         LINE#         267
  C:17B1H         LINE#         268
  C:17B1H         LINE#         271
  -------         ENDPROC       _UPDATE_POSITION
  -------         PROC          _ELEVATION_CALCULATION
  D:0007H         SYMBOL        mnths
  D:0005H         SYMBOL        dys
  X:0745H         SYMBOL        hurs
  X:0746H         SYMBOL        mns
  X:0747H         SYMBOL        sconds
  C:28A0H         LINE#         273
  C:28A5H         LINE#         275
  C:28A5H         LINE#         276
  C:28AFH         LINE#         277
  C:28B8H         LINE#         278
  C:28C3H         LINE#         279
  C:28DCH         LINE#         280
  C:28F0H         LINE#         281
  C:2902H         LINE#         285
  C:2954H         LINE#         286
  C:2AB8H         LINE#         287
  C:2B08H         LINE#         289
  C:2C1FH         LINE#         291
  -------         ENDPROC       _ELEVATION_CALCULATION
  -------         ENDMOD        BIPOLARMOTOR

  -------         MODULE        SUNPOS
  C:0000H         SYMBOL        _ICE_DUMMY_
  C:09CAH         PUBLIC        sunpos
  -------         PROC          SUNPOS
  X:0570H         SYMBOL        udtTime
  X:0582H         SYMBOL        udtLocation
  X:058AH         SYMBOL        udtSunCoordinates
  -------         DO            
  X:058DH         SYMBOL        dElapsedJulianDays
  X:0591H         SYMBOL        dDecimalHours
  X:0595H         SYMBOL        dEclipticLongitude
  X:0599H         SYMBOL        dEclipticObliquity
  X:059DH         SYMBOL        dRightAscension
  X:05A1H         SYMBOL        dDeclination
  X:05A5H         SYMBOL        dY
  X:05A9H         SYMBOL        dX
  -------         DO            
  X:05ADH         SYMBOL        dJulianDate
  X:05B1H         SYMBOL        liAux1
  X:05B5H         SYMBOL        liAux2
  X:05ADH         SYMBOL        dMeanLongitude
  X:05B1H         SYMBOL        dMeanAnomaly
  X:05B5H         SYMBOL        dOmega
  X:05ADH         SYMBOL        dSin_EclipticLongitude
  X:05ADH         SYMBOL        dGreenwichMeanSiderealTime
  X:05B1H         SYMBOL        dLocalMeanSiderealTime
  X:05B5H         SYMBOL        dLatitudeInRadians
  X:05B9H         SYMBOL        dHourAngle
BL51 BANKED LINKER/LOCATER V6.22                                                      05/14/2019  16:10:26  PAGE 28


  X:05BDH         SYMBOL        dCos_Latitude
  X:05C1H         SYMBOL        dSin_Latitude
  X:05C5H         SYMBOL        dCos_HourAngle
  X:05C9H         SYMBOL        dParallax
  -------         ENDDO         
  -------         DO            
  X:05ADH         SYMBOL        dMeanLongitude
  X:05B1H         SYMBOL        dMeanAnomaly
  X:05B5H         SYMBOL        dOmega
  X:05ADH         SYMBOL        dSin_EclipticLongitude
  X:05ADH         SYMBOL        dGreenwichMeanSiderealTime
  X:05B1H         SYMBOL        dLocalMeanSiderealTime
  X:05B5H         SYMBOL        dLatitudeInRadians
  X:05B9H         SYMBOL        dHourAngle
  X:05BDH         SYMBOL        dCos_Latitude
  X:05C1H         SYMBOL        dSin_Latitude
  X:05C5H         SYMBOL        dCos_HourAngle
  X:05C9H         SYMBOL        dParallax
  -------         ENDDO         
  -------         DO            
  X:05ADH         SYMBOL        dSin_EclipticLongitude
  X:05ADH         SYMBOL        dGreenwichMeanSiderealTime
  X:05B1H         SYMBOL        dLocalMeanSiderealTime
  X:05B5H         SYMBOL        dLatitudeInRadians
  X:05B9H         SYMBOL        dHourAngle
  X:05BDH         SYMBOL        dCos_Latitude
  X:05C1H         SYMBOL        dSin_Latitude
  X:05C5H         SYMBOL        dCos_HourAngle
  X:05C9H         SYMBOL        dParallax
  -------         ENDDO         
  -------         DO            
  X:05ADH         SYMBOL        dGreenwichMeanSiderealTime
  X:05B1H         SYMBOL        dLocalMeanSiderealTime
  X:05B5H         SYMBOL        dLatitudeInRadians
  X:05B9H         SYMBOL        dHourAngle
  X:05BDH         SYMBOL        dCos_Latitude
  X:05C1H         SYMBOL        dSin_Latitude
  X:05C5H         SYMBOL        dCos_HourAngle
  X:05C9H         SYMBOL        dParallax
  -------         ENDDO         
  -------         ENDDO         
  C:09CAH         LINE#         6
  C:09CAH         LINE#         7
  C:09CAH         LINE#         9
  C:09CAH         LINE#         27
  C:0A14H         LINE#         30
  C:0A35H         LINE#         31
  C:0B7CH         LINE#         34
  C:0BC8H         LINE#         36
  C:0BE7H         LINE#         37
  C:0BE7H         LINE#         42
  C:0BE7H         LINE#         46
  C:0C19H         LINE#         47
  C:0C43H         LINE#         48
  C:0C6DH         LINE#         49
  C:0D1AH         LINE#         52
  C:0D7BH         LINE#         54
BL51 BANKED LINKER/LOCATER V6.22                                                      05/14/2019  16:10:26  PAGE 29


  C:0D7BH         LINE#         59
  C:0D7BH         LINE#         61
  C:0D92H         LINE#         62
  C:0DBAH         LINE#         63
  C:0DD1H         LINE#         64
  C:0DFCH         LINE#         65
  C:0E33H         LINE#         66
  C:0E5EH         LINE#         67
  C:0E5EH         LINE#         70
  C:0E5EH         LINE#         79
  C:0E99H         LINE#         82
  C:0ED3H         LINE#         84
  C:0EF8H         LINE#         85
  C:0F17H         LINE#         86
  C:0F2EH         LINE#         87
  C:0F45H         LINE#         88
  C:0F5CH         LINE#         89
  C:0FE5H         LINE#         91
  C:0FFFH         LINE#         92
  C:1061H         LINE#         93
  C:1097H         LINE#         94
  C:10A9H         LINE#         95
  C:10D6H         LINE#         96
  C:1103H         LINE#         98
  C:1125H         LINE#         100
  C:115DH         LINE#         103
  C:115DH         LINE#         104
  C:116BH         LINE#         105
  -------         ENDPROC       SUNPOS
  -------         ENDMOD        SUNPOS

  -------         MODULE        ADC
  C:0000H         SYMBOL        _ICE_DUMMY_
  D:0092H         PUBLIC        P1M0
  D:0091H         PUBLIC        P1M1
  D:0080H         PUBLIC        P0
  D:0090H         PUBLIC        P1
  D:00A0H         PUBLIC        P2
  D:00B0H         PUBLIC        P3
  D:00C0H         PUBLIC        P4
  D:00C8H         PUBLIC        P5
  D:00E8H         PUBLIC        P6
  D:00F8H         PUBLIC        P7
  D:00A8H         PUBLIC        IE
  D:00BDH         PUBLIC        ADC_RES
  D:00B8H         PUBLIC        IP
  D:0097H         PUBLIC        CLK_DIV
  D:00D8H         PUBLIC        CCON
  D:00BCH         PUBLIC        ADC_CONTR
  D:0098H         PUBLIC        SCON
  D:0088H         PUBLIC        TCON
  B:00A0H.4       PUBLIC        P24
  B:00A0H.5       PUBLIC        P25
  B:00A0H.6       PUBLIC        P26
  C:4782H         PUBLIC        ADC_Init
  C:4607H         PUBLIC        _ADC_GetResult
  D:009DH         PUBLIC        P1ASF
BL51 BANKED LINKER/LOCATER V6.22                                                      05/14/2019  16:10:26  PAGE 30


  D:00BEH         PUBLIC        ADC_RESL
  D:00D0H         PUBLIC        PSW
  -------         PROC          ADC_INIT
  C:4782H         LINE#         7
  C:4782H         LINE#         8
  C:4782H         LINE#         10
  C:4784H         LINE#         11
  C:4786H         LINE#         12
  C:4788H         LINE#         13
  C:478BH         LINE#         14
  C:478EH         LINE#         15
  C:4791H         LINE#         16
  C:4794H         LINE#         18
  C:4796H         LINE#         19
  C:4798H         LINE#         20
  C:479BH         LINE#         22
  -------         ENDPROC       ADC_INIT
  -------         PROC          _ADC_GETRESULT
  D:0007H         SYMBOL        ch
  -------         DO            
  D:0006H         SYMBOL        ADC_Value_H
  D:0004H         SYMBOL        ADC_Value_L
  D:0006H         SYMBOL        ADC_Value
  -------         ENDDO         
  C:4607H         LINE#         27
  C:4607H         LINE#         28
  C:4607H         LINE#         30
  C:460CH         LINE#         31
  C:460DH         LINE#         32
  C:460EH         LINE#         33
  C:460FH         LINE#         34
  C:4610H         LINE#         35
  C:4615H         LINE#         36
  C:4618H         LINE#         37
  C:461CH         LINE#         38
  C:4620H         LINE#         40
  C:4632H         LINE#         41
  C:4632H         LINE#         42
  -------         ENDPROC       _ADC_GETRESULT
  -------         ENDMOD        ADC

  -------         MODULE        CALIBRATION
  C:0000H         SYMBOL        _ICE_DUMMY_
  D:0080H         PUBLIC        P0
  D:0090H         PUBLIC        P1
  D:00A0H         PUBLIC        P2
  D:00B0H         PUBLIC        P3
  D:00C0H         PUBLIC        P4
  D:00C8H         PUBLIC        P5
  D:00E8H         PUBLIC        P6
  D:00F8H         PUBLIC        P7
  C:3FECH         PUBLIC        _Max_Value
  D:00A8H         PUBLIC        IE
  C:2C20H         PUBLIC        _calibration
  C:3C9AH         PUBLIC        voltage_is_stable
  D:00B8H         PUBLIC        IP
  C:46D8H         PUBLIC        _FindClosestSamedayCalibTime
BL51 BANKED LINKER/LOCATER V6.22                                                      05/14/2019  16:10:26  PAGE 31


  D:00D8H         PUBLIC        CCON
  D:0098H         PUBLIC        SCON
  D:0088H         PUBLIC        TCON
  C:1CADH         PUBLIC        _Find_Real_Max
  D:00D0H         PUBLIC        PSW
  -------         PROC          VOLTAGE_IS_STABLE
  -------         DO            
  X:06D1H         SYMBOL        sample_voltage
  X:06E5H         SYMBOL        i
  X:06E7H         SYMBOL        ch
  -------         ENDDO         
  C:3C9AH         LINE#         23
  C:3C9AH         LINE#         24
  C:3C9AH         LINE#         26
  C:3CA1H         LINE#         27
  C:3CA7H         LINE#         28
  C:3CA7H         LINE#         29
  C:3CD0H         LINE#         30
  C:3CEFH         LINE#         32
  C:3D09H         LINE#         33
  C:3D09H         LINE#         34
  C:3D3CH         LINE#         35
  C:3D40H         LINE#         36
  C:3D50H         LINE#         37
  C:3D54H         LINE#         38
  -------         ENDPROC       VOLTAGE_IS_STABLE
  -------         PROC          _FIND_REAL_MAX
  X:04B5H         SYMBOL        current_position
  X:04B8H         SYMBOL        calib_max_ADC_Value
  X:04BBH         SYMBOL        max_ADC_JP_value
  X:04BEH         SYMBOL        address_to_write
  -------         DO            
  X:04C1H         SYMBOL        ch
  X:04C2H         SYMBOL        calib_step_move
  X:04C6H         SYMBOL        voltage_at_scanned_pos
  X:0568H         SYMBOL        max_location
  X:056AH         SYMBOL        avg_voltage
  X:056CH         SYMBOL        i
  X:056EH         SYMBOL        j
  -------         ENDDO         
  C:1CADH         LINE#         39
  C:1CB8H         LINE#         40
  C:1CB8H         LINE#         41
  C:1CBDH         LINE#         42
  C:1CC5H         LINE#         44
  C:1CCCH         LINE#         48
  C:1CE2H         LINE#         49
  C:1CE2H         LINE#         50
  C:1CF7H         LINE#         51
  C:1D07H         LINE#         52
  C:1D0EH         LINE#         53
  C:1D0EH         LINE#         55
  C:1D0EH         LINE#         57
  C:1D27H         LINE#         58
  C:1D27H         LINE#         59
  C:1D2BH         LINE#         60
  C:1D2BH         LINE#         61
BL51 BANKED LINKER/LOCATER V6.22                                                      05/14/2019  16:10:26  PAGE 32


  C:1D31H         LINE#         62
  C:1D31H         LINE#         63
  C:1D45H         LINE#         64
  C:1D4CH         LINE#         66
  C:1D5CH         LINE#         67
  C:1D8BH         LINE#         73
  C:1D8BH         LINE#         74
  C:1D8EH         LINE#         76
  C:1DBBH         LINE#         77
  C:1DC2H         LINE#         78
  C:1DE0H         LINE#         80
  C:1DE3H         LINE#         82
  C:1E24H         LINE#         83
  C:1E2BH         LINE#         84
  C:1E49H         LINE#         86
  C:1E4CH         LINE#         88
  C:1E7BH         LINE#         89
  C:1E82H         LINE#         90
  C:1EA0H         LINE#         92
  C:1EA3H         LINE#         94
  C:1F06H         LINE#         95
  C:1F0DH         LINE#         96
  C:1F2BH         LINE#         98
  C:1F2BH         LINE#         100
  C:1F2BH         LINE#         116
  C:1F30H         LINE#         117
  C:1F35H         LINE#         119
  C:1F3AH         LINE#         120
  C:1F3FH         LINE#         121
  C:1F44H         LINE#         122
  C:1F49H         LINE#         125
  C:1F80H         LINE#         126
  C:1F85H         LINE#         127
  C:1F8AH         LINE#         128
  C:1F91H         LINE#         130
  C:1FA4H         LINE#         131
  C:1FCAH         LINE#         132
  C:1FD1H         LINE#         134
  C:1FF3H         LINE#         135
  C:1FFAH         LINE#         137
  C:2009H         LINE#         138
  C:2009H         LINE#         139
  C:201AH         LINE#         140
  C:2043H         LINE#         142
  C:205BH         LINE#         145
  C:209AH         LINE#         146
  C:210CH         LINE#         147
  C:2113H         LINE#         148
  C:2113H         LINE#         150
  -------         ENDPROC       _FIND_REAL_MAX
  -------         PROC          _MAX_VALUE
  D:0001H         SYMBOL        input
  -------         DO            
  D:0004H         SYMBOL        max
  X:0750H         SYMBOL        max_location
  X:0752H         SYMBOL        i
  -------         ENDDO         
BL51 BANKED LINKER/LOCATER V6.22                                                      05/14/2019  16:10:26  PAGE 33


  C:3FECH         LINE#         153
  C:3FECH         LINE#         154
  C:3FECH         LINE#         155
  C:3FF7H         LINE#         157
  C:400CH         LINE#         158
  C:400CH         LINE#         159
  C:4042H         LINE#         160
  C:405FH         LINE#         161
  C:406EH         LINE#         162
  C:407FH         LINE#         163
  C:4087H         LINE#         165
  -------         ENDPROC       _MAX_VALUE
  -------         PROC          _CALIBRATION
  X:0694H         SYMBOL        mnths
  X:0695H         SYMBOL        dys
  X:0696H         SYMBOL        hurs
  X:0697H         SYMBOL        mns
  X:0698H         SYMBOL        sconds
  X:0699H         SYMBOL        currnt_pos
  X:069CH         SYMBOL        calib_max_ADC_Val
  X:069FH         SYMBOL        theorical_max_pos
  X:06A2H         SYMBOL        max_ADC_JP_value
  X:06A5H         SYMBOL        NOR_address_to_write
  -------         DO            
  X:06A8H         SYMBOL        calib_value
  X:06ACH         SYMBOL        temporary_calib_max_ADC
  X:06AEH         SYMBOL        temp_max_ADC_JP_value
  X:06B0H         SYMBOL        temp_NOR_address_to_write
  X:06B4H         SYMBOL        JP_max_pos
  -------         ENDDO         
  C:2C20H         LINE#         167
  C:2C2BH         LINE#         171
  C:2C2BH         LINE#         172
  C:2C35H         LINE#         173
  C:2C40H         LINE#         174
  C:2C54H         LINE#         175
  C:2C68H         LINE#         176
  C:2C79H         LINE#         177
  C:2C8AH         LINE#         178
  C:2C9CH         LINE#         180
  C:2CA6H         LINE#         181
  C:2CA6H         LINE#         183
  C:2CDCH         LINE#         184
  C:2D02H         LINE#         186
  C:2D31H         LINE#         188
  C:2D4DH         LINE#         190
  C:2D65H         LINE#         191
  C:2D7DH         LINE#         192
  C:2DA2H         LINE#         193
  C:2DBEH         LINE#         194
  C:2DCDH         LINE#         195
  C:2DCDH         LINE#         197
  C:2DD2H         LINE#         198
  -------         ENDPROC       _CALIBRATION
  -------         PROC          _FINDCLOSESTSAMEDAYCALIBTIME
  D:0001H         SYMBOL        input_calibration_bool_array
  D:0004H         SYMBOL        current_time_stamp_position
BL51 BANKED LINKER/LOCATER V6.22                                                      05/14/2019  16:10:26  PAGE 34


  -------         DO            
  D:0004H         SYMBOL        i
  -------         ENDDO         
  C:46D8H         LINE#         199
  C:46D8H         LINE#         200
  C:46D8H         LINE#         202
  C:46E0H         LINE#         203
  C:46E0H         LINE#         204
[...]
  C:3AAFH         LINE#         149
  C:3AB6H         LINE#         151
  C:3AD5H         LINE#         153
  C:3AD7H         LINE#         154
  C:3ADAH         LINE#         155
  C:3AE1H         LINE#         157
  -------         ENDPROC       _AT25SF041_WRITE
  -------         PROC          _AT25SF041_READ
  D:0003H         SYMBOL        opcode
BL51 BANKED LINKER/LOCATER V6.22                                                      05/14/2019  16:10:26  PAGE 41


  X:072EH         SYMBOL        addr
  -------         DO            
  X:0732H         SYMBOL        dat
  X:0733H         SYMBOL        i
  -------         ENDDO         
  C:38D0H         LINE#         159
  C:38D2H         LINE#         160
  C:38D2H         LINE#         161
  C:38D7H         LINE#         163
  C:38D9H         LINE#         164
  C:38DFH         LINE#         168
  C:38E4H         LINE#         169
  C:38E4H         LINE#         170
  C:38E6H         LINE#         171
  C:38E9H         LINE#         172
  C:38EDH         LINE#         173
  C:38EDH         LINE#         174
  C:38EFH         LINE#         175
  C:38F1H         LINE#         177
  C:38F1H         LINE#         178
  C:38F3H         LINE#         180
  C:38F3H         LINE#         181
  C:38F3H         LINE#         182
  C:38F3H         LINE#         183
  C:38F6H         LINE#         184
  C:38FAH         LINE#         187
  C:3919H         LINE#         189
  C:3920H         LINE#         190
  C:3920H         LINE#         191
  C:3922H         LINE#         192
  C:3925H         LINE#         193
  C:3941H         LINE#         194
  C:3941H         LINE#         195
  C:3943H         LINE#         196
  C:3945H         LINE#         198
  C:3945H         LINE#         199
  C:3947H         LINE#         201
  C:3947H         LINE#         202
  C:3947H         LINE#         203
  C:3947H         LINE#         204
  C:394AH         LINE#         205
  C:3963H         LINE#         207
  C:3982H         LINE#         210
  C:3989H         LINE#         212
  C:398BH         LINE#         213
  C:3992H         LINE#         215
  C:3999H         LINE#         216
  C:3999H         LINE#         217
  C:39A0H         LINE#         218
  C:39A0H         LINE#         219
  C:39A3H         LINE#         220
  C:39A5H         LINE#         221
  C:39A8H         LINE#         223
  C:39ABH         LINE#         224
  C:39ABH         LINE#         226
  C:39AFH         LINE#         227
  C:39AFH         LINE#         233
BL51 BANKED LINKER/LOCATER V6.22                                                      05/14/2019  16:10:26  PAGE 42


  C:39CEH         LINE#         236
  C:39D0H         LINE#         237
  C:39D3H         LINE#         238
  C:39DAH         LINE#         240
  C:39DFH         LINE#         242
  -------         ENDPROC       _AT25SF041_READ
  -------         PROC          UCREAD_STATUS_REGISTER_BYTE1
  -------         DO            
  D:0003H         SYMBOL        dat
  D:0001H         SYMBOL        opcode
  X:0766H         SYMBOL        count
  X:0767H         SYMBOL        i
  -------         ENDDO         
  C:3EAEH         LINE#         246
  C:3EAEH         LINE#         247
  C:3EAEH         LINE#         248
  C:3EB4H         LINE#         249
  C:3EB8H         LINE#         250
  C:3EBAH         LINE#         251
  C:3EBCH         LINE#         252
  C:3EC2H         LINE#         256
  C:3EC9H         LINE#         257
  C:3EC9H         LINE#         258
  C:3ECBH         LINE#         259
  C:3ECEH         LINE#         260
  C:3ED2H         LINE#         261
  C:3ED2H         LINE#         262
  C:3ED4H         LINE#         263
  C:3ED6H         LINE#         265
  C:3ED6H         LINE#         266
  C:3ED8H         LINE#         268
  C:3ED8H         LINE#         269
  C:3ED8H         LINE#         270
  C:3ED8H         LINE#         271
  C:3EDBH         LINE#         272
  C:3EDFH         LINE#         275
  C:3EFEH         LINE#         279
  C:3F05H         LINE#         281
  C:3F07H         LINE#         282
  C:3F0EH         LINE#         283
  C:3F15H         LINE#         284
  C:3F15H         LINE#         285
  C:3F19H         LINE#         286
  C:3F19H         LINE#         287
  C:3F1CH         LINE#         288
  C:3F1EH         LINE#         289
  C:3F21H         LINE#         291
  C:3F24H         LINE#         292
  C:3F24H         LINE#         294
  C:3F28H         LINE#         295
  C:3F28H         LINE#         297
  C:3F47H         LINE#         301
  C:3F49H         LINE#         302
  C:3F4CH         LINE#         303
  C:3F4EH         LINE#         304
  -------         ENDPROC       UCREAD_STATUS_REGISTER_BYTE1
  -------         PROC          SPI_NOR_WRITE_DATA
BL51 BANKED LINKER/LOCATER V6.22                                                      05/14/2019  16:10:26  PAGE 43


  X:070CH         SYMBOL        dat
  X:0717H         SYMBOL        addr
  C:2F60H         LINE#         306
  C:2F60H         LINE#         307
  C:2F60H         LINE#         309
  C:2F63H         LINE#         311
  C:2F7DH         LINE#         312
  C:2F9BH         LINE#         314
  C:2FA2H         LINE#         315
  C:2FA5H         LINE#         317
  C:2FBFH         LINE#         318
  C:2FBFH         LINE#         319
  C:2FBFH         LINE#         322
  C:2FC2H         LINE#         324
  C:2FDCH         LINE#         325
  C:2FDCH         LINE#         326
  C:2FDCH         LINE#         328
  C:2FDFH         LINE#         330
  C:2FF9H         LINE#         331
  C:2FF9H         LINE#         332
  C:2FF9H         LINE#         334
  C:2FFCH         LINE#         336
  C:3016H         LINE#         337
  C:3016H         LINE#         338
  C:3016H         LINE#         340
  C:3019H         LINE#         342
  C:3033H         LINE#         343
  C:3033H         LINE#         344
  C:3033H         LINE#         346
  C:3036H         LINE#         348
  C:3050H         LINE#         349
  C:3050H         LINE#         350
  C:3050H         LINE#         352
  C:3053H         LINE#         354
  C:306DH         LINE#         355
  C:306DH         LINE#         356
  C:306DH         LINE#         358
  C:3070H         LINE#         360
  C:308AH         LINE#         361
  C:308AH         LINE#         362
  C:308AH         LINE#         364
  C:308DH         LINE#         366
  C:30A7H         LINE#         367
  C:30A7H         LINE#         368
  C:30A7H         LINE#         370
  C:30AAH         LINE#         372
  C:30C4H         LINE#         373
  C:30CBH         LINE#         374
  -------         ENDPROC       SPI_NOR_WRITE_DATA
  -------         ENDMOD        AT25SF041

  -------         MODULE        SI1120
  C:0000H         SYMBOL        _ICE_DUMMY_
  D:0080H         PUBLIC        P0
  D:00B2H         PUBLIC        P3M0
  D:0090H         PUBLIC        P1
  D:00B1H         PUBLIC        P3M1
BL51 BANKED LINKER/LOCATER V6.22                                                      05/14/2019  16:10:26  PAGE 44


  D:00A0H         PUBLIC        P2
  D:00B0H         PUBLIC        P3
  D:00C0H         PUBLIC        P4
  D:00C8H         PUBLIC        P5
  B:00A8H.7       PUBLIC        EA
  D:00E8H         PUBLIC        P6
  D:00F8H         PUBLIC        P7
  D:00A8H         PUBLIC        IE
  D:00B8H         PUBLIC        IP
  C:45D6H         PUBLIC        SI1120_CONFIG_MODE_VIRH
  D:00D8H         PUBLIC        CCON
  D:0098H         PUBLIC        SCON
  D:0088H         PUBLIC        TCON
  C:48D9H         PUBLIC        Enable_EXTINT0
  B:0090H.5       PUBLIC        SI1120_STX
  B:0088H.0       PUBLIC        IT0
  B:00A8H.0       PUBLIC        EX0
  B:0090H.4       PUBLIC        SI1120_MD
  B:0090H.6       PUBLIC        SI1120_SC
  D:00D0H         PUBLIC        PSW
  -------         PROC          SI1120_CONFIG_MODE_VIRH
  C:45D6H         LINE#         4
  C:45D6H         LINE#         5
  C:45D6H         LINE#         6
  C:45D8H         LINE#         7
  C:45DAH         LINE#         8
  C:45DCH         LINE#         10
  C:45E3H         LINE#         11
  C:45E5H         LINE#         13
  C:45E7H         LINE#         14
  C:45E9H         LINE#         16
  C:45F0H         LINE#         18
  C:45F2H         LINE#         20
  C:45F9H         LINE#         23
  C:45FBH         LINE#         25
  C:45FDH         LINE#         27
  C:4604H         LINE#         29
  C:4606H         LINE#         31
  -------         ENDPROC       SI1120_CONFIG_MODE_VIRH
  -------         PROC          ENABLE_EXTINT0
  C:48D9H         LINE#         33
  C:48D9H         LINE#         34
  C:48D9H         LINE#         35
  C:48DCH         LINE#         36
  C:48DFH         LINE#         37
  C:48E1H         LINE#         38
  C:48E3H         LINE#         39
  C:48E5H         LINE#         40
  -------         ENDPROC       ENABLE_EXTINT0
  -------         ENDMOD        SI1120

  -------         MODULE        ?C_STARTUP
  C:4122H         SEGMENT       ?C_C51STARTUP
  I:0021H         SEGMENT       ?STACK
  C:0000H         PUBLIC        ?C_STARTUP
  D:00E0H         SYMBOL        ACC
  D:00F0H         SYMBOL        B
BL51 BANKED LINKER/LOCATER V6.22                                                      05/14/2019  16:10:26  PAGE 45


  D:0083H         SYMBOL        DPH
  D:0082H         SYMBOL        DPL
  N:0000H         SYMBOL        IBPSTACK
  N:0100H         SYMBOL        IBPSTACKTOP
  N:0080H         SYMBOL        IDATALEN
  C:4125H         SYMBOL        IDATALOOP
  N:0000H         SYMBOL        PBPSTACK
  N:0100H         SYMBOL        PBPSTACKTOP
  N:0000H         SYMBOL        PDATALEN
  N:0000H         SYMBOL        PDATASTART
  N:0000H         SYMBOL        PPAGE
  N:0000H         SYMBOL        PPAGEENABLE
  D:00A0H         SYMBOL        PPAGE_SFR
  D:0081H         SYMBOL        SP
  C:4122H         SYMBOL        STARTUP1
  N:0000H         SYMBOL        XBPSTACK
  N:0000H         SYMBOL        XBPSTACKTOP
  N:0000H         SYMBOL        XDATALEN
  N:0000H         SYMBOL        XDATASTART
  C:0000H         LINE#         126
  C:4122H         LINE#         133
  C:4124H         LINE#         134
  C:4125H         LINE#         135
  C:4126H         LINE#         136
  C:4128H         LINE#         185
  C:412BH         LINE#         196
  -------         ENDMOD        ?C_STARTUP

  -------         MODULE        ?C?FPADD
  C:002DH         PUBLIC        ?C?FPADD
  C:0029H         PUBLIC        ?C?FPSUB
  -------         ENDMOD        ?C?FPADD

  -------         MODULE        ?C?FPMUL
  C:011EH         PUBLIC        ?C?FPMUL
  -------         ENDMOD        ?C?FPMUL

  -------         MODULE        ?C?FPDIV
  C:0227H         PUBLIC        ?C?FPDIV
  -------         ENDMOD        ?C?FPDIV

  -------         MODULE        ?C?FPCMP
  C:02C6H         PUBLIC        ?C?FPCMP
  C:02C4H         PUBLIC        ?C?FPCMP3
  -------         ENDMOD        ?C?FPCMP

  -------         MODULE        ?C?FPNEG
  C:033DH         PUBLIC        ?C?FPNEG
  -------         ENDMOD        ?C?FPNEG

  -------         MODULE        ?C?FCAST
  C:0358H         PUBLIC        ?C?FCASTC
  C:0353H         PUBLIC        ?C?FCASTI
  C:034EH         PUBLIC        ?C?FCASTL
  -------         ENDMOD        ?C?FCAST

  -------         MODULE        ?C?CASTF
BL51 BANKED LINKER/LOCATER V6.22                                                      05/14/2019  16:10:26  PAGE 46


  C:038CH         PUBLIC        ?C?CASTF
  -------         ENDMOD        ?C?CASTF

  -------         MODULE        ATAN2
  X:0735H         PUBLIC        ?_atan2?BYTE
  C:3F4FH         PUBLIC        _atan2
  -------         ENDMOD        ATAN2

  -------         MODULE        SIN
  C:3131H         PUBLIC        _COS
  C:3147H         PUBLIC        _SIN
  C:3183H         PUBLIC        _TAN
  -------         ENDMOD        SIN

  -------         MODULE        ACOS
  C:448DH         PUBLIC        _ACOS
  -------         ENDMOD        ACOS

  -------         MODULE        ASIN
  C:459BH         PUBLIC        _ASIN
  -------         ENDMOD        ASIN

  -------         MODULE        POW
  X:0629H         PUBLIC        ?_pow?BYTE
  C:3271H         PUBLIC        _pow
  -------         ENDMOD        POW

  -------         MODULE        ?C?CHKFLOAT
  C:040DH         PUBLIC        ?C?CHKFLOAT
  -------         ENDMOD        ?C?CHKFLOAT

  -------         MODULE        EXP
  C:40C0H         PUBLIC        _EXP
  -------         ENDMOD        EXP

  -------         MODULE        LOG
  C:36B9H         PUBLIC        _LOG
  C:36B5H         PUBLIC        _LOG10
  -------         ENDMOD        LOG

  -------         MODULE        SQRT
  C:3E06H         PUBLIC        _SQRT
  -------         ENDMOD        SQRT

  -------         MODULE        ATAN
  C:37CEH         PUBLIC        _ATAN
  -------         ENDMOD        ATAN

  -------         MODULE        ?C?COPY
  C:0544H         PUBLIC        ?C?COPY
  -------         ENDMOD        ?C?COPY

  -------         MODULE        ?C?CLDPTR
  C:056AH         PUBLIC        ?C?CLDPTR
  -------         ENDMOD        ?C?CLDPTR

  -------         MODULE        ?C?CLDOPTR
BL51 BANKED LINKER/LOCATER V6.22                                                      05/14/2019  16:10:26  PAGE 47


  C:0583H         PUBLIC        ?C?CLDOPTR
  -------         ENDMOD        ?C?CLDOPTR

  -------         MODULE        ?C?CSTPTR
  C:05B0H         PUBLIC        ?C?CSTPTR
  -------         ENDMOD        ?C?CSTPTR

  -------         MODULE        ?C?IMUL
  C:05C2H         PUBLIC        ?C?IMUL
  -------         ENDMOD        ?C?IMUL

  -------         MODULE        ?C?UIDIV
  C:05D4H         PUBLIC        ?C?UIDIV
  -------         ENDMOD        ?C?UIDIV

  -------         MODULE        ?C?SIDIV
  C:0629H         PUBLIC        ?C?SIDIV
  -------         ENDMOD        ?C?SIDIV

  -------         MODULE        ?C?ILDOPTR
  C:065FH         PUBLIC        ?C?ILDOPTR
  -------         ENDMOD        ?C?ILDOPTR

  -------         MODULE        ?C?ISTPTR
  C:0697H         PUBLIC        ?C?ISTPTR
  -------         ENDMOD        ?C?ISTPTR

  -------         MODULE        ?C?LMUL
  C:06B6H         PUBLIC        ?C?LMUL
  -------         ENDMOD        ?C?LMUL

  -------         MODULE        ?C?SLDIV
  C:44D7H         PUBLIC        ?C?SLDIV
  -------         ENDMOD        ?C?SLDIV

  -------         MODULE        ?C?LNEG
  C:0705H         PUBLIC        ?C?LNEG
  -------         ENDMOD        ?C?LNEG

  -------         MODULE        ?C?ULCMP
  C:0713H         PUBLIC        ?C?ULCMP
  -------         ENDMOD        ?C?ULCMP

  -------         MODULE        ?C?LSHL
  C:0724H         PUBLIC        ?C?LSHL
  -------         ENDMOD        ?C?LSHL

  -------         MODULE        ?C?LLDPTR
  C:0737H         PUBLIC        ?C?LLDPTR
  -------         ENDMOD        ?C?LLDPTR

  -------         MODULE        ?C?LLDOPTR
  C:0757H         PUBLIC        ?C?LLDOPTR
  -------         ENDMOD        ?C?LLDOPTR

  -------         MODULE        ?C?LSTPTR
  C:0787H         PUBLIC        ?C?LSTPTR
BL51 BANKED LINKER/LOCATER V6.22                                                      05/14/2019  16:10:26  PAGE 48


  -------         ENDMOD        ?C?LSTPTR

  -------         MODULE        ?C?LSTOPTR
  C:07A1H         PUBLIC        ?C?LSTOPTR
  -------         ENDMOD        ?C?LSTOPTR

  -------         MODULE        ?C?LLDXDATA
  C:07C5H         PUBLIC        ?C?LLDXDATA
  -------         ENDMOD        ?C?LLDXDATA

  -------         MODULE        ?C?LLDCODE
  C:07D1H         PUBLIC        ?C?LLDCODE
  -------         ENDMOD        ?C?LLDCODE

  -------         MODULE        ?C?LLDXDATA0
  C:07E1H         PUBLIC        ?C?LLDXDATA0
  -------         ENDMOD        ?C?LLDXDATA0

  -------         MODULE        ?C?LLDCODE0
  C:07EDH         PUBLIC        ?C?LLDCODE0
  -------         ENDMOD        ?C?LLDCODE0

  -------         MODULE        ?C?LLDPTR0
  C:07FDH         PUBLIC        ?C?LLDPTR0
  -------         ENDMOD        ?C?LLDPTR0

  -------         MODULE        ?C?LSTXDATA
  C:081DH         PUBLIC        ?C?LSTXDATA
  -------         ENDMOD        ?C?LSTXDATA

  -------         MODULE        ?C?LSTKXDATA
  C:0829H         PUBLIC        ?C?LSTKXDATA
  -------         ENDMOD        ?C?LSTKXDATA

  -------         MODULE        ?C?LSTKPTR
  C:085AH         PUBLIC        ?C?LSTKPTR
  -------         ENDMOD        ?C?LSTKPTR

  -------         MODULE        ?C?OFFXADD
  C:0874H         PUBLIC        ?C?OFFXADD
  -------         ENDMOD        ?C?OFFXADD

  -------         MODULE        ?C?ULDIV
  C:08BCH         PUBLIC        ?C?ULDIV
  -------         ENDMOD        ?C?ULDIV

  -------         MODULE        ?C?LLDIDATA
  C:094EH         PUBLIC        ?C?LLDIDATA
  -------         ENDMOD        ?C?LLDIDATA

  -------         MODULE        ?C?LLDPDATA
  C:095AH         PUBLIC        ?C?LLDPDATA
  -------         ENDMOD        ?C?LLDPDATA

  -------         MODULE        ?C?LLDIDATA0
  C:0966H         PUBLIC        ?C?LLDIDATA0
  -------         ENDMOD        ?C?LLDIDATA0
BL51 BANKED LINKER/LOCATER V6.22                                                      05/14/2019  16:10:26  PAGE 49



  -------         MODULE        ?C?LLDPDATA0
  C:0973H         PUBLIC        ?C?LLDPDATA0
  -------         ENDMOD        ?C?LLDPDATA0

  -------         MODULE        ?C?LSTIDATA
  C:0980H         PUBLIC        ?C?LSTIDATA
  -------         ENDMOD        ?C?LSTIDATA

  -------         MODULE        ?C?LSTPDATA
  C:098CH         PUBLIC        ?C?LSTPDATA
  -------         ENDMOD        ?C?LSTPDATA

  -------         MODULE        ?C?LSTKIDATA
  C:0998H         PUBLIC        ?C?LSTKIDATA
  -------         ENDMOD        ?C?LSTKIDATA

  -------         MODULE        ?C?LSTKPDATA
  C:09B1H         PUBLIC        ?C?LSTKPDATA
  -------         ENDMOD        ?C?LSTKPDATA

*** WARNING L16: UNCALLED SEGMENT, IGNORED FOR OVERLAY PROCESS
    SEGMENT: ?PR?_READ_TIME?PCF85063BTL

*** WARNING L16: UNCALLED SEGMENT, IGNORED FOR OVERLAY PROCESS
    SEGMENT: ?PR?_DAY_OF_YEAR?PCF85063BTL

*** WARNING L16: UNCALLED SEGMENT, IGNORED FOR OVERLAY PROCESS
    SEGMENT: ?PR?_DISPLAYLCD?LCD_DRIVER_SPLC780D

*** WARNING L16: UNCALLED SEGMENT, IGNORED FOR OVERLAY PROCESS
    SEGMENT: ?PR?LCD_RETURN_HOME?LCD_DRIVER_SPLC780D

*** WARNING L16: UNCALLED SEGMENT, IGNORED FOR OVERLAY PROCESS
    SEGMENT: ?PR?KEY_PROCESS?KEYPAD

*** WARNING L16: UNCALLED SEGMENT, IGNORED FOR OVERLAY PROCESS
    SEGMENT: ?PR?WAIT?BIPOLARMOTOR

*** WARNING L16: UNCALLED SEGMENT, IGNORED FOR OVERLAY PROCESS
    SEGMENT: ?PR?_ELEVATION_CALCULATION?BIPOLARMOTOR

*** WARNING L16: UNCALLED SEGMENT, IGNORED FOR OVERLAY PROCESS
    SEGMENT: ?PR?_CALIBRATION?CALIBRATION

*** WARNING L16: UNCALLED SEGMENT, IGNORED FOR OVERLAY PROCESS
    SEGMENT: ?PR?_FINDCLOSESTSAMEDAYCALIBTIME?CALIBRATION

*** WARNING L16: UNCALLED SEGMENT, IGNORED FOR OVERLAY PROCESS
    SEGMENT: ?PR?NOP?IOEXPANDER_PI4IOE5V96248

*** WARNING L16: UNCALLED SEGMENT, IGNORED FOR OVERLAY PROCESS
    SEGMENT: ?PR?UC_ACK?IOEXPANDER_PI4IOE5V96248

*** WARNING L16: UNCALLED SEGMENT, IGNORED FOR OVERLAY PROCESS
    SEGMENT: ?PR?UC_NACK?IOEXPANDER_PI4IOE5V96248

BL51 BANKED LINKER/LOCATER V6.22                                                      05/14/2019  16:10:26  PAGE 50


*** WARNING L16: UNCALLED SEGMENT, IGNORED FOR OVERLAY PROCESS
    SEGMENT: ?PR?AT25SF041_CHIPERASE?AT25SF041

*** WARNING L16: UNCALLED SEGMENT, IGNORED FOR OVERLAY PROCESS
    SEGMENT: ?PR?_AT25SF041_READ?AT25SF041

*** WARNING L16: UNCALLED SEGMENT, IGNORED FOR OVERLAY PROCESS
    SEGMENT: ?PR?SPI_NOR_WRITE_DATA?AT25SF041

*** WARNING L1: UNRESOLVED EXTERNAL SYMBOL
    SYMBOL:  INITUART1
    MODULE:  .\Obj\main.obj (MAIN)

*** WARNING L2: REFERENCE MADE TO UNRESOLVED EXTERNAL
    SYMBOL:  INITUART1
    MODULE:  .\Obj\main.obj (MAIN)
    ADDRESS: 3427H

Program Size: data=10.0 xdata=1905 code=18710
LINK/LOCATE RUN COMPLETE.  17 WARNING(S),  0 ERROR(S)
