BL51 BANKED LINKER/LOCATER V6.22                                                        01/18/2019  16:25:52  PAGE 1


BL51 BANKED LINKER/LOCATER V6.22, INVOKED BY:
C:\KEIL_V5\C51\BIN\BL51.EXE .\Obj\main.obj, .\Obj\PCF85063BTL.obj, .\Obj\UART1.obj, .\Obj\LCd_Driver_SPLC780D.obj, .\Obj
>> \KeyPad.obj, .\Obj\BipolarMotor.obj, .\Obj\SunPos.obj, .\Obj\ADC.obj, .\Obj\Calibration.obj, .\Obj\IOExpander_PI4IOE5
>> V96248.obj, .\Obj\STARTUP.obj TO .\Obj\GPIO_RTC_Test PRINT (.\Lis\GPIO_RTC_Test.m51) RAMSIZE (256)


MEMORY MODEL: LARGE WITH FLOATING POINT ARITHMETIC


INPUT MODULES INCLUDED:
  .\Obj\main.obj (MAIN)
  .\Obj\PCF85063BTL.obj (PCF85063BTL)
  .\Obj\UART1.obj (UART1)
  .\Obj\LCd_Driver_SPLC780D.obj (LCD_DRIVER_SPLC780D)
  .\Obj\KeyPad.obj (KEYPAD)
  .\Obj\BipolarMotor.obj (BIPOLARMOTOR)
  .\Obj\SunPos.obj (SUNPOS)
  .\Obj\ADC.obj (ADC)
  .\Obj\Calibration.obj (CALIBRATION)
  .\Obj\IOExpander_PI4IOE5V96248.obj (IOEXPANDER_PI4IOE5V96248)
  .\Obj\STARTUP.obj (?C_STARTUP)
  C:\KEIL_V5\C51\LIB\C51FPL.LIB (?C?FPADD)
  C:\KEIL_V5\C51\LIB\C51FPL.LIB (?C?FPMUL)
  C:\KEIL_V5\C51\LIB\C51FPL.LIB (?C?FPDIV)
  C:\KEIL_V5\C51\LIB\C51FPL.LIB (?C?FPCMP)
  C:\KEIL_V5\C51\LIB\C51FPL.LIB (?C?FPNEG)
  C:\KEIL_V5\C51\LIB\C51FPL.LIB (?C?FCAST)
  C:\KEIL_V5\C51\LIB\C51FPL.LIB (?C?CASTF)
  C:\KEIL_V5\C51\LIB\C51FPL.LIB (ATAN2)
  C:\KEIL_V5\C51\LIB\C51FPL.LIB (SIN)
  C:\KEIL_V5\C51\LIB\C51FPL.LIB (ACOS)
  C:\KEIL_V5\C51\LIB\C51FPL.LIB (ASIN)
  C:\KEIL_V5\C51\LIB\C51FPL.LIB (?C?FPGETOPN)
  C:\KEIL_V5\C51\LIB\C51FPL.LIB (?C?FPSERIES)
  C:\KEIL_V5\C51\LIB\C51FPL.LIB (SQRT)
  C:\KEIL_V5\C51\LIB\C51FPL.LIB (ATAN)
  C:\KEIL_V5\C51\LIB\C51L.LIB (?C_INIT)
  C:\KEIL_V5\C51\LIB\C51L.LIB (?C?COPY)
  C:\KEIL_V5\C51\LIB\C51L.LIB (?C?CLDPTR)
  C:\KEIL_V5\C51\LIB\C51L.LIB (?C?CLDOPTR)
  C:\KEIL_V5\C51\LIB\C51L.LIB (?C?CSTPTR)
  C:\KEIL_V5\C51\LIB\C51L.LIB (?C?IMUL)
  C:\KEIL_V5\C51\LIB\C51L.LIB (?C?UIDIV)
  C:\KEIL_V5\C51\LIB\C51L.LIB (?C?SIDIV)
  C:\KEIL_V5\C51\LIB\C51L.LIB (?C?ILDIX)
  C:\KEIL_V5\C51\LIB\C51L.LIB (?C?ILDOPTR)
  C:\KEIL_V5\C51\LIB\C51L.LIB (?C?LMUL)
  C:\KEIL_V5\C51\LIB\C51L.LIB (?C?SLDIV)
  C:\KEIL_V5\C51\LIB\C51L.LIB (?C?LNEG)
  C:\KEIL_V5\C51\LIB\C51L.LIB (?C?LLDPTR)
  C:\KEIL_V5\C51\LIB\C51L.LIB (?C?LLDOPTR)
  C:\KEIL_V5\C51\LIB\C51L.LIB (?C?LSTPTR)
  C:\KEIL_V5\C51\LIB\C51L.LIB (?C?LSTOPTR)
  C:\KEIL_V5\C51\LIB\C51L.LIB (?C?LLDXDATA)
  C:\KEIL_V5\C51\LIB\C51L.LIB (?C?LLDCODE)
  C:\KEIL_V5\C51\LIB\C51L.LIB (?C?LLDXDATA0)
  C:\KEIL_V5\C51\LIB\C51L.LIB (?C?LLDCODE0)
  C:\KEIL_V5\C51\LIB\C51L.LIB (?C?LLDPTR0)
BL51 BANKED LINKER/LOCATER V6.22                                                      01/18/2019  16:25:52  PAGE 2


  C:\KEIL_V5\C51\LIB\C51L.LIB (?C?LSTXDATA)
  C:\KEIL_V5\C51\LIB\C51L.LIB (?C?LSTKXDATA)
  C:\KEIL_V5\C51\LIB\C51L.LIB (?C?OFFXADD)
  C:\KEIL_V5\C51\LIB\C51L.LIB (ABS)
  C:\KEIL_V5\C51\LIB\C51L.LIB (ATOI)
  C:\KEIL_V5\C51\LIB\C51L.LIB (?C?IILDX)
  C:\KEIL_V5\C51\LIB\C51L.LIB (?C?ULDIV)
  C:\KEIL_V5\C51\LIB\C51L.LIB (?C?LLDIDATA)
  C:\KEIL_V5\C51\LIB\C51L.LIB (?C?LLDPDATA)
  C:\KEIL_V5\C51\LIB\C51L.LIB (?C?LLDIDATA0)
  C:\KEIL_V5\C51\LIB\C51L.LIB (?C?LLDPDATA0)
  C:\KEIL_V5\C51\LIB\C51L.LIB (?C?LSTIDATA)
  C:\KEIL_V5\C51\LIB\C51L.LIB (?C?LSTPDATA)
  C:\KEIL_V5\C51\LIB\C51L.LIB (ISDIGIT)
  C:\KEIL_V5\C51\LIB\C51L.LIB (ISSPACE)


LINK MAP OF MODULE:  .\Obj\GPIO_RTC_Test (MAIN)


            TYPE    BASE      LENGTH    RELOCATION   SEGMENT NAME
            -----------------------------------------------------

            * * * * * * *   D A T A   M E M O R Y   * * * * * * *
            REG     0000H     0008H     ABSOLUTE     "REG BANK 0"
            REG     0008H     0008H     ABSOLUTE     "REG BANK 1"
                    0010H     0010H                  *** GAP ***
            BIT     0020H.0   0000H.5   UNIT         ?BI?KEYPAD
            BIT     0020H.5   0000H.4   UNIT         _BIT_GROUP_
            BIT     0021H.1   0000H.1   UNIT         ?BI?MAIN
                    0021H.2   0000H.6                *** GAP ***
            IDATA   0022H     0001H     UNIT         ?STACK

            * * * * * * *  X D A T A   M E M O R Y  * * * * * * *
            XDATA   0000H     0417H     UNIT         ?XD?BIPOLARMOTOR
            XDATA   0417H     0137H     UNIT         _XDATA_GROUP_
            XDATA   054EH     00EDH     UNIT         ?XD?MAIN
            XDATA   063BH     0040H     UNIT         ?XD?_FINDDET4X4?BIPOLARMOTOR
            XDATA   067BH     0024H     UNIT         ?XD?_FINDDET3X3?BIPOLARMOTOR
            XDATA   069FH     001EH     UNIT         ?XD?_CALIB_INTERPOLATE?MAIN
            XDATA   06BDH     0009H     UNIT         ?XD?KEYPAD
            XDATA   06C6H     0004H     UNIT         ?XD?_DISPLAY_PROX?MAIN
            XDATA   06CAH     0003H     UNIT         ?XD?_SENDSTRING?UART1
            XDATA   06CDH     0001H     UNIT         ?XD?UC_ACK?IOEXPANDER_PI4IOE5V96248
            XDATA   06CEH     0001H     UNIT         ?XD?UC_NACK?IOEXPANDER_PI4IOE5V96248

            * * * * * * *   C O D E   M E M O R Y   * * * * * * *
            CODE    0000H     0003H     ABSOLUTE     
            CODE    0003H     0006H     UNIT         ?PR?_TEN?UART1
            CODE    0009H     0001H     UNIT         ?PR?_DECTOBCD?UART1
            CODE    000AH     0001H     UNIT         ?PR?WAIT?BIPOLARMOTOR
            CODE    000BH     0003H     ABSOLUTE     
            CODE    000EH     0015H     UNIT         ?PR?_DISPLAY_LINE?LCD_DRIVER_SPLC780D
            CODE    0023H     0003H     ABSOLUTE     
            CODE    0026H     0927H     UNIT         ?C?LIB_CODE
            CODE    094DH     07A2H     UNIT         ?PR?SUNPOS?SUNPOS
            CODE    10EFH     06F8H     UNIT         ?PR?_UPDATE_POSITION?BIPOLARMOTOR
BL51 BANKED LINKER/LOCATER V6.22                                                      01/18/2019  16:25:52  PAGE 3


            CODE    17E7H     0473H     UNIT         ?C_INITSEG
            CODE    1C5AH     03A7H     UNIT         ?PR?MAIN?MAIN
            CODE    2001H     02C0H     UNIT         ?PR?_FINDDET4X4?BIPOLARMOTOR
            CODE    22C1H     02A0H     UNIT         ?PR?KEY_PROCESS?KEYPAD
            CODE    2561H     01D1H     UNIT         ?PR?_FINDDET3X3?BIPOLARMOTOR
            CODE    2732H     01B5H     UNIT         ?PR?_DISPLAY_POS?MAIN
            CODE    28E7H     01A1H     UNIT         ?PR?_CALIB_INTERPOLATE?MAIN
            CODE    2A88H     018DH     UNIT         ?PR?KEY_SCAN?KEYPAD
            CODE    2C15H     0188H     UNIT         ?PR?SIN?SIN
            CODE    2D9DH     013EH     UNIT         ?PR?_FIND_REAL_MAX?CALIBRATION
            CODE    2EDBH     0122H     UNIT         ?PR?ATAN?ATAN
            CODE    2FFDH     00DBH     UNIT         ?PR?_ATOI?ATOI
            CODE    30D8H     00C8H     UNIT         ?PR?_CALIBRATION?CALIBRATION
            CODE    31A0H     00BBH     UNIT         ?PR?VOLTAGE_IS_STABLE?CALIBRATION
            CODE    325BH     00B1H     UNIT         ?PR?LINEAR_INTERPOLATE?BIPOLARMOTOR
            CODE    330CH     00ADH     UNIT         ?PR?_WRITE_PI4IOE5V96248?IOEXPANDER_PI4IOE5V96248
            CODE    33B9H     00ACH     UNIT         ?PR?SQRT?SQRT
            CODE    3465H     009DH     UNIT         ?PR?_ATAN2?ATAN2
            CODE    3502H     009BH     UNIT         ?PR?UART?MAIN
            CODE    359DH     0095H     UNIT         ?PR?_DISPLAY_PROX?MAIN
            CODE    3632H     0093H     UNIT         ?PR?_MAX_VALUE?CALIBRATION
            CODE    36C5H     008CH     UNIT         ?C_C51STARTUP
            CODE    3751H     0084H     UNIT         ?PR?_DAY_OF_YEAR?PCF85063BTL
            CODE    37D5H     0075H     UNIT         ?PR?_WRITEDATA?LCD_DRIVER_SPLC780D
            CODE    384AH     006FH     UNIT         ?PR?_READ_TIME?PCF85063BTL
            CODE    38B9H     0059H     UNIT         ?PR?LCD_INIT?LCD_DRIVER_SPLC780D
            CODE    3912H     004AH     UNIT         ?PR?VONESTEPMOVE?BIPOLARMOTOR
            CODE    395CH     004AH     UNIT         ?PR?ACOS?ACOS
            CODE    39A6H     0044H     UNIT         ?C?LDIV
            CODE    39EAH     0040H     UNIT         ?PR?_COMMAND?LCD_DRIVER_SPLC780D
            CODE    3A2AH     0040H     UNIT         ?PR?_STEP_MOVE?BIPOLARMOTOR
            CODE    3A6AH     003BH     UNIT         ?PR?ASIN?ASIN
            CODE    3AA5H     0033H     UNIT         ?PR?_SENDSTRING?UART1
            CODE    3AD8H     002BH     UNIT         ?PR?_WAIT_MS_I2C?IOEXPANDER_PI4IOE5V96248
            CODE    3B03H     0028H     UNIT         ?PR?_MOVE?BIPOLARMOTOR
            CODE    3B2BH     0027H     UNIT         ?PR?_I2C_SENDBYTE?IOEXPANDER_PI4IOE5V96248
            CODE    3B52H     0026H     UNIT         ?PR?_ADC_GETRESULT?ADC
            CODE    3B78H     0024H     UNIT         ?PR?_WAIT_MS?LCD_DRIVER_SPLC780D
            CODE    3B9CH     0020H     UNIT         ?PR?_SPI_SENDBYTE?PCF85063BTL
            CODE    3BBCH     0020H     UNIT         ?PR?SPI_RECEIVEBYTE?PCF85063BTL
            CODE    3BDCH     001EH     UNIT         ?PR?_DELAY_MS?KEYPAD
            CODE    3BFAH     001DH     UNIT         ?PR?_DISPLAYLCD?LCD_DRIVER_SPLC780D
            CODE    3C17H     001DH     UNIT         ?PR?ADC_INIT?ADC
            CODE    3C34H     001BH     UNIT         ?PR?TM0_ISR?MAIN
            CODE    3C4FH     001BH     UNIT         ?PR?_BCDTODEC1?BIPOLARMOTOR
            CODE    3C6AH     0018H     UNIT         ?PR?_SPI_WRITETIME?PCF85063BTL
            CODE    3C82H     0017H     UNIT         ?PR?_ASCIITOBCD?UART1
            CODE    3C99H     0016H     UNIT         ?PR?I2C_ACK?IOEXPANDER_PI4IOE5V96248
            CODE    3CAFH     0015H     UNIT         ?PR?I2C_STOP?IOEXPANDER_PI4IOE5V96248
            CODE    3CC4H     0014H     UNIT         ?PR?_PCF85063BTL_DELAY?PCF85063BTL
            CODE    3CD8H     0014H     UNIT         ?PR?_ISSPACE?ISSPACE
            CODE    3CECH     0011H     UNIT         ?PR?_SPI_READTIME?PCF85063BTL
            CODE    3CFDH     0011H     UNIT         ?PR?_BCDTODEC?PCF85063BTL
            CODE    3D0EH     0011H     UNIT         ?PR?INITUART1?UART1
            CODE    3D1FH     000FH     UNIT         ?PR?I2C_START?IOEXPANDER_PI4IOE5V96248
            CODE    3D2EH     000FH     UNIT         ?PR?UC_NACK?IOEXPANDER_PI4IOE5V96248
            CODE    3D3DH     000FH     UNIT         ?PR?_ISDIGIT?ISDIGIT
BL51 BANKED LINKER/LOCATER V6.22                                                      01/18/2019  16:25:52  PAGE 4


            CODE    3D4CH     000DH     UNIT         ?PR?SPI_INIT?PCF85063BTL
            CODE    3D59H     000CH     UNIT         ?PR?KEYPAD_IO_INIT?KEYPAD
            CODE    3D65H     000CH     UNIT         ?PR?_ABS?ABS
            CODE    3D71H     000AH     UNIT         ?PR?LCD_RETURN_HOME?LCD_DRIVER_SPLC780D
            CODE    3D7BH     000AH     UNIT         ?PR?LCD_CLEAR?LCD_DRIVER_SPLC780D
            CODE    3D85H     0009H     UNIT         ?PR?_SENDUART1?MAIN
            CODE    3D8EH     0006H     UNIT         ?PR?UC_ACK?IOEXPANDER_PI4IOE5V96248
            CODE    3D94H     0005H     UNIT         ?PR?_UNIT?UART1
            CODE    3D99H     0005H     UNIT         ?PR?_ASCII_LETTER?UART1
            CODE    3D9EH     0001H     UNIT         ?PR?NOP?IOEXPANDER_PI4IOE5V96248



OVERLAY MAP OF MODULE:   .\Obj\GPIO_RTC_Test (MAIN)


SEGMENT                                             BIT_GROUP          XDATA_GROUP
  +--> CALLED SEGMENT                            START    LENGTH     START    LENGTH
------------------------------------------------------------------------------------
?PR?UART?MAIN                                    -----    -----      -----    -----
  +--> ?PR?_ASCIITOBCD?UART1

?PR?_ASCIITOBCD?UART1                            -----    -----      -----    -----
  +--> ?PR?_ATOI?ATOI

?PR?_ATOI?ATOI                                   0020H.5  0000H.1    0417H    0005H
  +--> ?PR?_ISSPACE?ISSPACE
  +--> ?PR?_ISDIGIT?ISDIGIT

*** NEW ROOT ***************************************************

?C_C51STARTUP                                    -----    -----      -----    -----
  +--> ?PR?MAIN?MAIN
  +--> ?C_INITSEG

?PR?MAIN?MAIN                                    -----    -----      041CH    000AH
  +--> ?PR?LCD_INIT?LCD_DRIVER_SPLC780D
  +--> ?PR?SPI_INIT?PCF85063BTL
  +--> ?PR?KEYPAD_IO_INIT?KEYPAD
  +--> ?PR?ADC_INIT?ADC
  +--> ?PR?_DELAY_MS?KEYPAD
  +--> ?PR?_DISPLAY_LINE?LCD_DRIVER_SPLC780D
  +--> ?PR?_WRITEDATA?LCD_DRIVER_SPLC780D
  +--> ?PR?KEY_PROCESS?KEYPAD
  +--> ?PR?_COMMAND?LCD_DRIVER_SPLC780D
  +--> ?PR?_DISPLAY_POS?MAIN
  +--> ?PR?_DISPLAYLCD?LCD_DRIVER_SPLC780D
  +--> ?PR?_STEP_MOVE?BIPOLARMOTOR
  +--> ?PR?LCD_RETURN_HOME?LCD_DRIVER_SPLC780D
  +--> ?PR?_READ_TIME?PCF85063BTL
  +--> ?PR?_DAY_OF_YEAR?PCF85063BTL
  +--> ?PR?_BCDTODEC1?BIPOLARMOTOR
  +--> ?PR?_CALIBRATION?CALIBRATION

?PR?LCD_INIT?LCD_DRIVER_SPLC780D                 -----    -----      -----    -----
  +--> ?PR?_WAIT_MS?LCD_DRIVER_SPLC780D
  +--> ?PR?_COMMAND?LCD_DRIVER_SPLC780D
BL51 BANKED LINKER/LOCATER V6.22                                                      01/18/2019  16:25:52  PAGE 5



?PR?_COMMAND?LCD_DRIVER_SPLC780D                 -----    -----      -----    -----
  +--> ?PR?_WAIT_MS?LCD_DRIVER_SPLC780D

?PR?ADC_INIT?ADC                                 -----    -----      -----    -----
  +--> ?PR?_WAIT_MS?LCD_DRIVER_SPLC780D

?PR?_DISPLAY_LINE?LCD_DRIVER_SPLC780D            -----    -----      -----    -----
  +--> ?PR?_COMMAND?LCD_DRIVER_SPLC780D

?PR?_WRITEDATA?LCD_DRIVER_SPLC780D               -----    -----      0430H    0001H
  +--> ?PR?_WAIT_MS?LCD_DRIVER_SPLC780D

?PR?KEY_PROCESS?KEYPAD                           -----    -----      0426H    0006H
  +--> ?PR?KEY_SCAN?KEYPAD
  +--> ?PR?_SPI_WRITETIME?PCF85063BTL
  +--> ?PR?LCD_CLEAR?LCD_DRIVER_SPLC780D
  +--> ?PR?_COMMAND?LCD_DRIVER_SPLC780D
  +--> ?PR?_WRITEDATA?LCD_DRIVER_SPLC780D

?PR?KEY_SCAN?KEYPAD                              -----    -----      042CH    0003H

?PR?_SPI_WRITETIME?PCF85063BTL                   -----    -----      -----    -----
  +--> ?PR?_SPI_SENDBYTE?PCF85063BTL

?PR?_SPI_SENDBYTE?PCF85063BTL                    -----    -----      -----    -----
  +--> ?PR?_PCF85063BTL_DELAY?PCF85063BTL

?PR?LCD_CLEAR?LCD_DRIVER_SPLC780D                -----    -----      -----    -----
  +--> ?PR?_COMMAND?LCD_DRIVER_SPLC780D

?PR?_DISPLAY_POS?MAIN                            -----    -----      0426H    000AH
  +--> ?PR?_ABS?ABS
  +--> ?PR?_WRITEDATA?LCD_DRIVER_SPLC780D

?PR?_DISPLAYLCD?LCD_DRIVER_SPLC780D              -----    -----      0426H    0001H
  +--> ?PR?_WRITEDATA?LCD_DRIVER_SPLC780D

?PR?_STEP_MOVE?BIPOLARMOTOR                      0020H.7  0000H.1    0496H    0004H
  +--> ?PR?VONESTEPMOVE?BIPOLARMOTOR

?PR?VONESTEPMOVE?BIPOLARMOTOR                    0021H.0  0000H.1    -----    -----
  +--> ?PR?_WRITE_PI4IOE5V96248?IOEXPANDER_P...
  +--> ?PR?_DELAY_MS?KEYPAD

?PR?_WRITE_PI4IOE5V96248?IOEXPANDER_P...         -----    -----      049AH    0003H
  +--> ?PR?I2C_START?IOEXPANDER_PI4IOE5V96248
  +--> ?PR?_WAIT_MS_I2C?IOEXPANDER_PI4IOE5V9...
  +--> ?PR?_I2C_SENDBYTE?IOEXPANDER_PI4IOE5V...
  +--> ?PR?I2C_ACK?IOEXPANDER_PI4IOE5V96248
  +--> ?PR?I2C_STOP?IOEXPANDER_PI4IOE5V96248

?PR?I2C_START?IOEXPANDER_PI4IOE5V96248           -----    -----      -----    -----
  +--> ?PR?_WAIT_MS_I2C?IOEXPANDER_PI4IOE5V9...

?PR?_I2C_SENDBYTE?IOEXPANDER_PI4IOE5V...         -----    -----      -----    -----
  +--> ?PR?_WAIT_MS_I2C?IOEXPANDER_PI4IOE5V9...
BL51 BANKED LINKER/LOCATER V6.22                                                      01/18/2019  16:25:52  PAGE 6



?PR?I2C_ACK?IOEXPANDER_PI4IOE5V96248             -----    -----      049DH    0001H
  +--> ?PR?_WAIT_MS_I2C?IOEXPANDER_PI4IOE5V9...

?PR?I2C_STOP?IOEXPANDER_PI4IOE5V96248            -----    -----      -----    -----
  +--> ?PR?_WAIT_MS_I2C?IOEXPANDER_PI4IOE5V9...

?PR?LCD_RETURN_HOME?LCD_DRIVER_SPLC780D          -----    -----      -----    -----
  +--> ?PR?_COMMAND?LCD_DRIVER_SPLC780D

?PR?_READ_TIME?PCF85063BTL                       -----    -----      0426H    000FH
  +--> ?PR?_SPI_READTIME?PCF85063BTL

?PR?_SPI_READTIME?PCF85063BTL                    -----    -----      -----    -----
  +--> ?PR?_SPI_SENDBYTE?PCF85063BTL
  +--> ?PR?SPI_RECEIVEBYTE?PCF85063BTL

?PR?SPI_RECEIVEBYTE?PCF85063BTL                  -----    -----      -----    -----
  +--> ?PR?_PCF85063BTL_DELAY?PCF85063BTL

?PR?_DAY_OF_YEAR?PCF85063BTL                     -----    -----      -----    -----
  +--> ?PR?_BCDTODEC?PCF85063BTL

?PR?_CALIBRATION?CALIBRATION                     -----    -----      0426H    0010H
  +--> ?PR?VOLTAGE_IS_STABLE?CALIBRATION
  +--> ?PR?_UPDATE_POSITION?BIPOLARMOTOR
  +--> ?PR?_FIND_REAL_MAX?CALIBRATION

?PR?VOLTAGE_IS_STABLE?CALIBRATION                -----    -----      0436H    0018H
  +--> ?PR?_ADC_GETRESULT?ADC
  +--> ?PR?_ABS?ABS

?PR?_UPDATE_POSITION?BIPOLARMOTOR                -----    -----      0436H    00AFH
  +--> ?PR?_BCDTODEC1?BIPOLARMOTOR
  +--> ?PR?SUNPOS?SUNPOS
  +--> ?PR?SIN?SIN
  +--> ?PR?ASIN?ASIN
  +--> ?PR?LINEAR_INTERPOLATE?BIPOLARMOTOR

?PR?SUNPOS?SUNPOS                                -----    -----      04E5H    005DH
  +--> ?PR?SIN?SIN
  +--> ?PR?_ATAN2?ATAN2
  +--> ?PR?ASIN?ASIN
  +--> ?PR?ACOS?ACOS

?PR?SIN?SIN                                      0020H.6  0000H.1    0542H    0004H

?PR?_ATAN2?ATAN2                                 -----    -----      0542H    0008H
  +--> ?PR?ATAN?ATAN

?PR?ATAN?ATAN                                    0020H.6  0000H.2    054AH    0004H

?PR?ASIN?ASIN                                    -----    -----      -----    -----
  +--> ?PR?SQRT?SQRT
  +--> ?PR?ATAN?ATAN

?PR?SQRT?SQRT                                    -----    -----      0542H    0004H
BL51 BANKED LINKER/LOCATER V6.22                                                      01/18/2019  16:25:52  PAGE 7



?PR?ACOS?ACOS                                    -----    -----      -----    -----
  +--> ?PR?SQRT?SQRT
  +--> ?PR?ATAN?ATAN

?PR?LINEAR_INTERPOLATE?BIPOLARMOTOR              -----    -----      04E5H    0014H

?PR?_FIND_REAL_MAX?CALIBRATION                   -----    -----      0436H    005CH
  +--> ?PR?_MOVE?BIPOLARMOTOR
  +--> ?PR?_ADC_GETRESULT?ADC
  +--> ?PR?_WAIT_MS?LCD_DRIVER_SPLC780D
  +--> ?PR?_MAX_VALUE?CALIBRATION

?PR?_MOVE?BIPOLARMOTOR                           0020H.6  0000H.1    0492H    0004H
  +--> ?PR?_STEP_MOVE?BIPOLARMOTOR

?PR?_MAX_VALUE?CALIBRATION                       -----    -----      0492H    0004H



UNRESOLVED EXTERNAL SYMBOLS:
   AUTO_MODE



SYMBOL TABLE OF MODULE:  .\Obj\GPIO_RTC_Test (MAIN)

  VALUE           TYPE          NAME
  ----------------------------------

  -------         MODULE        MAIN
  C:0000H         SYMBOL        _ICE_DUMMY_
  X:0556H         PUBLIC        calib_value
  D:0080H         PUBLIC        P0
  D:00B2H         PUBLIC        P3M0
  D:0090H         PUBLIC        P1
  D:00B1H         PUBLIC        P3M1
  D:00A0H         PUBLIC        P2
  D:00B0H         PUBLIC        P3
  D:00C0H         PUBLIC        P4
  D:00C8H         PUBLIC        P5
  X:05B6H         SYMBOL        PressedKey
  B:00A8H.7       PUBLIC        EA
  D:00E8H         PUBLIC        P6
  D:00F8H         PUBLIC        P7
  X:05BAH         PUBLIC        RX_Data_Uart_Cnt
  C:28E7H         PUBLIC        _calib_interpolate
  D:00A8H         PUBLIC        IE
  X:05BCH         PUBLIC        calib_time
  D:00B8H         PUBLIC        IP
  B:0098H.0       PUBLIC        RI
  X:061CH         PUBLIC        months
  B:0098H.1       PUBLIC        TI
  C:3502H         PUBLIC        Uart
  D:00D8H         PUBLIC        CCON
  C:1C5AH         PUBLIC        main
  X:061DH         PUBLIC        count
BL51 BANKED LINKER/LOCATER V6.22                                                      01/18/2019  16:25:52  PAGE 8


  D:0099H         PUBLIC        SBUF
  X:061FH         PUBLIC        days
  X:0620H         PUBLIC        lcd
  X:0622H         PUBLIC        hours
  D:0098H         PUBLIC        SCON
  D:0089H         PUBLIC        TMOD
  D:0088H         PUBLIC        TCON
  B:00A0H.3       PUBLIC        P23
  X:0623H         SYMBOL        KeyCount
  X:0625H         PUBLIC        mins
  X:0626H         PUBLIC        Rec_data_hour
  X:0629H         PUBLIC        Rec_data_min
  D:008EH         PUBLIC        AUXR
  C:3C34H         PUBLIC        tm0_isr
  B:0021H.1       PUBLIC        busy
  D:00E0H         PUBLIC        ACC
  B:00A8H.1       PUBLIC        ET0
  D:008CH         PUBLIC        TH0
  X:062CH         PUBLIC        hour_count
  D:008AH         PUBLIC        TL0
  X:062DH         PUBLIC        min_count
  B:0088H.4       PUBLIC        TR0
  X:062EH         SYMBOL        KeyNum
  X:062FH         SYMBOL        KeyNum_Old
  X:0630H         PUBLIC        current_position
  X:0634H         PUBLIC        hours1
  X:0635H         PUBLIC        hours2
  C:359DH         PUBLIC        _Display_Prox
  X:0636H         PUBLIC        mins1
  X:0637H         PUBLIC        mins2
  C:2732H         PUBLIC        _Display_Pos
  X:0638H         PUBLIC        seconds
  X:0639H         PUBLIC        st_time
  D:00D0H         PUBLIC        PSW
  C:3D85H         PUBLIC        _SendUART1
  -------         PROC          TM0_ISR
  C:3C34H         LINE#         85
  C:3C3AH         LINE#         88
  C:3C48H         LINE#         132
  -------         ENDPROC       TM0_ISR
  -------         PROC          MAIN
  -------         DO            
  X:041CH         SYMBOL        prox_data
  X:054EH         SYMBOL        KeyCount
  X:0550H         SYMBOL        KeyNum_Old
  X:0551H         SYMBOL        KeyNum
  X:0552H         SYMBOL        PressedKey
  X:041EH         SYMBOL        prox_flag
  X:041FH         SYMBOL        calib_day
  X:0421H         SYMBOL        numStr
  -------         ENDDO         
  C:1C5AH         LINE#         134
  C:1C5AH         LINE#         135
  C:1C5AH         LINE#         140
  C:1C60H         LINE#         142
  C:1C65H         LINE#         146
  C:1C67H         LINE#         147
BL51 BANKED LINKER/LOCATER V6.22                                                      01/18/2019  16:25:52  PAGE 9


  C:1C69H         LINE#         148
  C:1C6BH         LINE#         149
  C:1C6DH         LINE#         151
  C:1C73H         LINE#         161
  C:1C75H         LINE#         162
  C:1C78H         LINE#         163
  C:1C7BH         LINE#         164
  C:1C7EH         LINE#         165
  C:1C81H         LINE#         166
  C:1C84H         LINE#         169
  C:1C87H         LINE#         171
  C:1C8AH         LINE#         172
  C:1C8DH         LINE#         173
  C:1C90H         LINE#         174
  C:1C92H         LINE#         175
  C:1C94H         LINE#         176
  C:1C96H         LINE#         178
  C:1C98H         LINE#         180
  C:1C9FH         LINE#         182
  C:1CA6H         LINE#         186
  C:1CADH         LINE#         187
  C:1CB2H         LINE#         188
  C:1CB7H         LINE#         189
  C:1CBCH         LINE#         190
  C:1CC1H         LINE#         191
  C:1CC6H         LINE#         194
  C:1CC6H         LINE#         195
  C:1CC6H         LINE#         196
  C:1CC9H         LINE#         199
  C:1CC9H         LINE#         202
  C:1CCEH         LINE#         203
  C:1CD3H         LINE#         205
  C:1CD8H         LINE#         206
  C:1CDDH         LINE#         207
  C:1CE2H         LINE#         208
  C:1CE7H         LINE#         210
  C:1CF8H         LINE#         212
  C:1CFFH         LINE#         213
  C:1D07H         LINE#         214
  C:1D0CH         LINE#         215
  C:1D14H         LINE#         216
  C:1D19H         LINE#         217
  C:1D23H         LINE#         218
  C:1D28H         LINE#         219
  C:1D30H         LINE#         221
  C:1D38H         LINE#         222
  C:1D3DH         LINE#         223
  C:1D47H         LINE#         224
  C:1D47H         LINE#         225
  C:1D49H         LINE#         226
  C:1D4BH         LINE#         227
  C:1D55H         LINE#         228
  C:1D55H         LINE#         229
  C:1D5AH         LINE#         230
  C:1D5AH         LINE#         242
  C:1D67H         LINE#         243
  C:1D67H         LINE#         244
BL51 BANKED LINKER/LOCATER V6.22                                                      01/18/2019  16:25:52  PAGE 10


  C:1D71H         LINE#         245
  C:1D88H         LINE#         246
  C:1D88H         LINE#         247
  C:1D8AH         LINE#         248
  C:1D8CH         LINE#         250
  C:1D8CH         LINE#         251
  C:1D97H         LINE#         252
  C:1D97H         LINE#         253
  C:1D9CH         LINE#         254
  C:1D9CH         LINE#         255
  C:1DA9H         LINE#         256
  C:1DA9H         LINE#         259
  C:1DB3H         LINE#         260
  C:1DCAH         LINE#         261
  C:1DCAH         LINE#         262
  C:1DCCH         LINE#         263
  C:1DCEH         LINE#         265
  C:1DCEH         LINE#         266
  C:1DD9H         LINE#         267
  C:1DD9H         LINE#         268
  C:1DDEH         LINE#         269
  C:1DE0H         LINE#         270
  C:1DE0H         LINE#         279
  C:1E02H         LINE#         280
  C:1E02H         LINE#         281
  C:1E0CH         LINE#         282
  C:1E12H         LINE#         283
  C:1E14H         LINE#         284
  C:1E16H         LINE#         285
  C:1E18H         LINE#         286
  C:1E18H         LINE#         287
  C:1E1BH         LINE#         289
  C:1E1BH         LINE#         290
  C:1E21H         LINE#         291
  C:1E29H         LINE#         292
  C:1E2FH         LINE#         293
  C:1E37H         LINE#         294
  C:1E72H         LINE#         298
  C:1E7CH         LINE#         299
  C:1E7CH         LINE#         301
  C:1EA3H         LINE#         302
  C:1ECAH         LINE#         303
  C:1ECAH         LINE#         306
  C:1ECAH         LINE#         308
  C:1ECAH         LINE#         309
  C:1EEDH         LINE#         310
  C:1EEDH         LINE#         311
  C:1EEFH         LINE#         312
  C:1EF6H         LINE#         313
  C:1EF6H         LINE#         317
  C:1F20H         LINE#         318
  C:1F20H         LINE#         319
  C:1F7AH         LINE#         321
  C:1FCBH         LINE#         322
  C:1FD9H         LINE#         323
  C:1FD9H         LINE#         324
  C:1FEEH         LINE#         325
BL51 BANKED LINKER/LOCATER V6.22                                                      01/18/2019  16:25:52  PAGE 11


  C:1FF0H         LINE#         327
  C:1FF0H         LINE#         329
  C:1FFEH         LINE#         330
  C:1FFEH         LINE#         347
  -------         ENDPROC       MAIN
  -------         PROC          UART
  C:3502H         LINE#         354
  C:350FH         LINE#         356
  C:3512H         LINE#         357
  C:3512H         LINE#         358
  C:3520H         LINE#         359
  C:3522H         LINE#         360
  C:3534H         LINE#         361
  C:3543H         LINE#         362
  C:354EH         LINE#         363
  C:354EH         LINE#         366
  C:355BH         LINE#         367
  C:3561H         LINE#         368
  C:3561H         LINE#         369
  C:3567H         LINE#         370
  C:3575H         LINE#         371
  C:3583H         LINE#         372
  C:358BH         LINE#         377
  C:358BH         LINE#         378
  C:358BH         LINE#         381
  C:358BH         LINE#         382
  C:358EH         LINE#         383
  C:358EH         LINE#         384
  C:3590H         LINE#         385
  C:3592H         LINE#         386
  C:3592H         LINE#         387
  -------         ENDPROC       UART
  -------         PROC          _CALIB_INTERPOLATE
  X:069FH         SYMBOL        hours
  X:06A3H         SYMBOL        mins
  -------         DO            
  X:06A7H         SYMBOL        p_calib1
  X:06AFH         SYMBOL        p_calib2
  X:06B7H         SYMBOL        i
  X:06B9H         SYMBOL        current_time
  -------         ENDDO         
  C:28E7H         LINE#         390
  C:28EDH         LINE#         391
  C:28EDH         LINE#         395
  C:2944H         LINE#         397
  C:296AH         LINE#         398
  C:296AH         LINE#         399
  C:29DCH         LINE#         400
  C:29DCH         LINE#         401
  C:2A09H         LINE#         402
  C:2A24H         LINE#         404
  C:2A51H         LINE#         405
  C:2A6CH         LINE#         407
  C:2A6EH         LINE#         408
  C:2A6EH         LINE#         409
  C:2A82H         LINE#         410
  C:2A87H         LINE#         412
BL51 BANKED LINKER/LOCATER V6.22                                                      01/18/2019  16:25:52  PAGE 12


  -------         ENDPROC       _CALIB_INTERPOLATE
  -------         PROC          _SENDUART1
  D:0007H         SYMBOL        dat
  C:3D85H         LINE#         415
  C:3D85H         LINE#         416
  C:3D85H         LINE#         417
  C:3D88H         LINE#         418
  C:3D8AH         LINE#         419
  C:3D8BH         LINE#         420
  C:3D8DH         LINE#         421
  -------         ENDPROC       _SENDUART1
  -------         PROC          _DISPLAY_PROX
  D:0002H         SYMBOL        dat
  -------         DO            
  X:06C6H         SYMBOL        unit
  X:06C7H         SYMBOL        ten
  X:06C8H         SYMBOL        hundred
  X:06C9H         SYMBOL        thousand
  -------         ENDDO         
  C:359DH         LINE#         424
  C:35A1H         LINE#         425
  C:35A1H         LINE#         427
  C:35ADH         LINE#         428
  C:35BDH         LINE#         429
  C:35D9H         LINE#         430
  C:3609H         LINE#         431
  C:3613H         LINE#         432
  C:361DH         LINE#         433
  C:3627H         LINE#         434
  C:3631H         LINE#         436
  -------         ENDPROC       _DISPLAY_PROX
  -------         PROC          _DISPLAY_POS
  X:0426H         SYMBOL        sign_dat
  -------         DO            
  X:042AH         SYMBOL        unit
  X:042BH         SYMBOL        ten
  X:042CH         SYMBOL        hundred
  D:0003H         SYMBOL        thousand
  X:042DH         SYMBOL        after_dot
  X:042EH         SYMBOL        dat
  -------         ENDDO         
  C:2732H         LINE#         439
  C:2738H         LINE#         440
  C:2738H         LINE#         444
  C:2754H         LINE#         445
  C:276EH         LINE#         446
  C:2792H         LINE#         448
  C:27DCH         LINE#         450
  C:27F3H         LINE#         451
  C:2800H         LINE#         452
  C:2822H         LINE#         453
  C:2857H         LINE#         454
  C:286FH         LINE#         455
  C:286FH         LINE#         457
  C:2879H         LINE#         458
  C:2883H         LINE#         459
  C:288DH         LINE#         460
BL51 BANKED LINKER/LOCATER V6.22                                                      01/18/2019  16:25:52  PAGE 13


  C:2892H         LINE#         461
  C:289CH         LINE#         462
  C:28A1H         LINE#         463
  C:28A6H         LINE#         464
  C:28A8H         LINE#         465
  C:28AAH         LINE#         467
  C:28AAH         LINE#         469
  C:28AFH         LINE#         470
  C:28B9H         LINE#         471
  C:28C3H         LINE#         472
  C:28CDH         LINE#         473
  C:28D2H         LINE#         474
  C:28DCH         LINE#         475
  C:28E1H         LINE#         476
  C:28E6H         LINE#         478
  C:28E6H         LINE#         480
  -------         ENDPROC       _DISPLAY_POS
  -------         ENDMOD        MAIN

  -------         MODULE        PCF85063BTL
  C:0000H         SYMBOL        _ICE_DUMMY_
  D:0096H         PUBLIC        P2M0
  D:0080H         PUBLIC        P0
  D:0095H         PUBLIC        P2M1
  D:0090H         PUBLIC        P1
  D:00A0H         PUBLIC        P2
  D:00B0H         PUBLIC        P3
  D:00C0H         PUBLIC        P4
  D:00C8H         PUBLIC        P5
  D:00E8H         PUBLIC        P6
  B:00A0H.1       PUBLIC        PCF85063BTL_SDI
  D:00F8H         PUBLIC        P7
  B:00A0H.2       PUBLIC        PCF85063BTL_SCK
  B:00A0H.1       PUBLIC        PCF85063BTL_SDO
  D:00A8H         PUBLIC        IE
  C:384AH         PUBLIC        _Read_time
  C:3CCAH         PUBLIC        _PCF85063BTL_Delay
  D:00B8H         PUBLIC        IP
  D:00D8H         PUBLIC        CCON
  C:3751H         PUBLIC        _Day_Of_Year
  C:3BBCH         PUBLIC        SPI_ReceiveByte
  D:0098H         PUBLIC        SCON
  D:0088H         PUBLIC        TCON
  C:3CFDH         PUBLIC        _BCDtoDec
  B:00A0H.0       PUBLIC        PCF85063BTL_CS
  C:3CECH         PUBLIC        _SPI_ReadTime
  C:3D4CH         PUBLIC        SPI_Init
  C:3C6AH         PUBLIC        _SPI_WriteTime
  C:3B9CH         PUBLIC        _SPI_SendByte
  D:00D0H         PUBLIC        PSW
  C:3CC6H         SYMBOL        L?0047
  -------         PROC          L?0046
  -------         ENDPROC       L?0046
  C:3CC6H         SYMBOL        L?0047
  -------         PROC          _PCF85063BTL_DELAY
  D:0006H         SYMBOL        us
  C:3CCAH         LINE#         8
BL51 BANKED LINKER/LOCATER V6.22                                                      01/18/2019  16:25:52  PAGE 14


  C:3CCAH         LINE#         9
  C:3CCAH         LINE#         10
  C:3CD4H         LINE#         11
  C:3CD4H         LINE#         12
  C:3CD5H         LINE#         13
  C:3CD7H         LINE#         14
  -------         ENDPROC       _PCF85063BTL_DELAY
  -------         PROC          _SPI_SENDBYTE
  D:0005H         SYMBOL        dat
  -------         DO            
  D:0003H         SYMBOL        i
  -------         ENDDO         
  C:3B9CH         LINE#         17
  C:3B9EH         LINE#         18
  C:3B9EH         LINE#         20
  C:3BA0H         LINE#         21
  C:3BA0H         LINE#         22
  C:3BA2H         LINE#         23
  C:3BA6H         LINE#         24
  C:3BA6H         LINE#         25
  C:3BA8H         LINE#         26
  C:3BAAH         LINE#         28
  C:3BAAH         LINE#         29
  C:3BACH         LINE#         30
  C:3BACH         LINE#         31
  C:3BAFH         LINE#         32
  C:3BAFH         LINE#         33
  C:3BB2H         LINE#         34
  C:3BB6H         LINE#         35
  C:3BBBH         LINE#         36
  -------         ENDPROC       _SPI_SENDBYTE
  -------         PROC          SPI_RECEIVEBYTE
  -------         DO            
  D:0003H         SYMBOL        i
  D:0005H         SYMBOL        dat
  -------         ENDDO         
  C:3BBCH         LINE#         39
  C:3BBCH         LINE#         40
  C:3BBCH         LINE#         42
  C:3BBEH         LINE#         44
  C:3BC0H         LINE#         45
  C:3BC1H         LINE#         46
  C:3BC1H         LINE#         47
  C:3BC5H         LINE#         48
  C:3BC7H         LINE#         49
  C:3BCAH         LINE#         51
  C:3BCDH         LINE#         52
  C:3BCDH         LINE#         53
  C:3BD1H         LINE#         54
  C:3BD1H         LINE#         55
  C:3BD1H         LINE#         56
  C:3BD4H         LINE#         57
  C:3BD9H         LINE#         58
  C:3BDBH         LINE#         59
  -------         ENDPROC       SPI_RECEIVEBYTE
  -------         PROC          _SPI_READTIME
  D:0007H         SYMBOL        addr
BL51 BANKED LINKER/LOCATER V6.22                                                      01/18/2019  16:25:52  PAGE 15


  -------         DO            
  D:0006H         SYMBOL        dat
  -------         ENDDO         
  C:3CECH         LINE#         61
  C:3CECH         LINE#         62
  C:3CECH         LINE#         64
  C:3CEEH         LINE#         65
  C:3CF0H         LINE#         66
  C:3CF7H         LINE#         67
  C:3CFAH         LINE#         68
  C:3CFCH         LINE#         69
  C:3CFCH         LINE#         70
  -------         ENDPROC       _SPI_READTIME
  -------         PROC          _SPI_WRITETIME
  D:0002H         SYMBOL        val
  D:0005H         SYMBOL        addr
  C:3C6AH         LINE#         71
  C:3C6CH         LINE#         72
  C:3C6CH         LINE#         74
  C:3C6EH         LINE#         75
  C:3C75H         LINE#         76
  C:3C7AH         LINE#         77
  C:3C7FH         LINE#         78
  C:3C81H         LINE#         79
  -------         ENDPROC       _SPI_WRITETIME
  -------         PROC          SPI_INIT
  C:3D4CH         LINE#         83
  C:3D4CH         LINE#         84
  C:3D4CH         LINE#         89
  C:3D4FH         LINE#         90
  C:3D52H         LINE#         91
  C:3D54H         LINE#         92
  C:3D56H         LINE#         93
  C:3D58H         LINE#         94
  -------         ENDPROC       SPI_INIT
  -------         PROC          _READ_TIME
  X:0426H         SYMBOL        months
  X:0429H         SYMBOL        days
  X:042CH         SYMBOL        hours
  X:042FH         SYMBOL        mins
  X:0432H         SYMBOL        seconds
  C:384AH         LINE#         96
  C:3855H         LINE#         97
  C:3855H         LINE#         99
  C:3869H         LINE#         101
  C:387DH         LINE#         103
  C:3891H         LINE#         108
  C:38A5H         LINE#         113
  -------         ENDPROC       _READ_TIME
  -------         PROC          _BCDTODEC
  D:0007H         SYMBOL        bcd
  -------         DO            
  D:0006H         SYMBOL        hi
  D:0007H         SYMBOL        lo
  -------         ENDDO         
  C:3CFDH         LINE#         119
  C:3CFDH         LINE#         120
BL51 BANKED LINKER/LOCATER V6.22                                                      01/18/2019  16:25:52  PAGE 16


  C:3CFDH         LINE#         122
  C:3D02H         LINE#         123
  C:3D06H         LINE#         124
  C:3D0DH         LINE#         125
  -------         ENDPROC       _BCDTODEC
  -------         PROC          _DAY_OF_YEAR
  D:0007H         SYMBOL        months_bcd
  D:0005H         SYMBOL        days_bcd
  -------         DO            
  D:0004H         SYMBOL        months
  D:0007H         SYMBOL        days
  -------         ENDDO         
  C:3751H         LINE#         126
  C:3751H         LINE#         127
  C:3751H         LINE#         130
  C:3756H         LINE#         132
  C:375BH         LINE#         134
  C:3794H         LINE#         135
  C:3794H         LINE#         136
  C:3794H         LINE#         137
  C:3797H         LINE#         138
  C:3797H         LINE#         139
  C:3797H         LINE#         140
  C:379CH         LINE#         141
  C:379CH         LINE#         142
  C:379CH         LINE#         143
  C:37A1H         LINE#         144
  C:37A1H         LINE#         145
  C:37A1H         LINE#         146
  C:37A6H         LINE#         147
  C:37A6H         LINE#         148
  C:37A6H         LINE#         149
  C:37ABH         LINE#         150
  C:37ABH         LINE#         151
  C:37ABH         LINE#         152
  C:37B0H         LINE#         153
  C:37B0H         LINE#         154
  C:37B0H         LINE#         155
  C:37B5H         LINE#         156
  C:37B5H         LINE#         157
  C:37B5H         LINE#         158
  C:37BAH         LINE#         159
  C:37BAH         LINE#         160
  C:37BAH         LINE#         161
  C:37C2H         LINE#         162
  C:37C2H         LINE#         163
  C:37C2H         LINE#         164
  C:37C7H         LINE#         165
  C:37C7H         LINE#         166
  C:37C7H         LINE#         167
  C:37CCH         LINE#         168
  C:37CCH         LINE#         169
  C:37CCH         LINE#         170
  C:37D4H         LINE#         171
  C:37D4H         LINE#         172
  C:37D4H         LINE#         173
  -------         ENDPROC       _DAY_OF_YEAR
BL51 BANKED LINKER/LOCATER V6.22                                                      01/18/2019  16:25:52  PAGE 17


  -------         ENDMOD        PCF85063BTL

  -------         MODULE        UART1
  C:0000H         SYMBOL        _ICE_DUMMY_
  D:0080H         PUBLIC        P0
  D:0090H         PUBLIC        P1
  D:00A0H         PUBLIC        P2
  D:00B0H         PUBLIC        P3
  D:00C0H         PUBLIC        P4
  D:00C8H         PUBLIC        P5
  B:00A8H.7       PUBLIC        EA
  D:00E8H         PUBLIC        P6
  D:00F8H         PUBLIC        P7
  C:3AA5H         PUBLIC        _SendString
  D:00A8H         PUBLIC        IE
  B:00A8H.4       PUBLIC        ES
  D:00B8H         PUBLIC        IP
  C:3C82H         PUBLIC        _ASCIItoBCD
  D:00D8H         PUBLIC        CCON
  C:3D0EH         PUBLIC        initUART1
  D:0098H         PUBLIC        SCON
  D:0088H         PUBLIC        TCON
  C:0009H         PUBLIC        _DectoBCD
  C:3D99H         PUBLIC        _ASCII_Letter
  D:008EH         PUBLIC        AUXR
  C:3D94H         PUBLIC        _unit
  C:0003H         PUBLIC        _ten
  D:00D6H         PUBLIC        T2H
  D:00D7H         PUBLIC        T2L
  D:00D0H         PUBLIC        PSW
  -------         PROC          INITUART1
  C:3D0EH         LINE#         21
  C:3D0EH         LINE#         22
  C:3D0EH         LINE#         23
  C:3D11H         LINE#         24
  C:3D14H         LINE#         25
  C:3D17H         LINE#         26
  C:3D1AH         LINE#         27
  C:3D1CH         LINE#         28
  C:3D1EH         LINE#         30
  -------         ENDPROC       INITUART1
  -------         PROC          _SENDSTRING
  X:06CAH         SYMBOL        s
  C:3AA5H         LINE#         35
  C:3AB0H         LINE#         36
  C:3AB0H         LINE#         37
  C:3AC0H         LINE#         38
  C:3AC0H         LINE#         39
  C:3AD5H         LINE#         40
  C:3AD7H         LINE#         41
  -------         ENDPROC       _SENDSTRING
  -------         PROC          _TEN
  D:0007H         SYMBOL        BCD
  C:0003H         LINE#         43
  C:0003H         LINE#         44
  C:0003H         LINE#         45
  C:0008H         LINE#         46
BL51 BANKED LINKER/LOCATER V6.22                                                      01/18/2019  16:25:52  PAGE 18


  -------         ENDPROC       _TEN
  -------         PROC          _UNIT
  D:0007H         SYMBOL        BCD
  C:3D94H         LINE#         47
  C:3D94H         LINE#         48
  C:3D94H         LINE#         52
  C:3D98H         LINE#         53
  -------         ENDPROC       _UNIT
  -------         PROC          _DECTOBCD
  D:0007H         SYMBOL        dec
  C:0009H         LINE#         54
  C:0009H         LINE#         55
  C:0009H         LINE#         57
  C:0009H         LINE#         58
  -------         ENDPROC       _DECTOBCD
  -------         PROC          _ASCII_LETTER
  D:0007H         SYMBOL        dat
  C:3D99H         LINE#         60
  C:3D99H         LINE#         61
  C:3D99H         LINE#         63
  C:3D9DH         LINE#         64
  -------         ENDPROC       _ASCII_LETTER
  -------         PROC          _ASCIITOBCD
  D:0001H         SYMBOL        ascii
  -------         DO            
  D:0007H         SYMBOL        dec_val
  D:0006H         SYMBOL        ten
  D:0007H         SYMBOL        unit
  -------         ENDDO         
  C:3C82H         LINE#         66
  C:3C82H         LINE#         67
  C:3C82H         LINE#         69
  C:3C85H         LINE#         70
  C:3C8BH         LINE#         71
  C:3C92H         LINE#         72
  C:3C98H         LINE#         74
  -------         ENDPROC       _ASCIITOBCD
  -------         ENDMOD        UART1

  -------         MODULE        LCD_DRIVER_SPLC780D
  C:0000H         SYMBOL        _ICE_DUMMY_
  D:0092H         PUBLIC        P1M0
  D:0091H         PUBLIC        P1M1
  D:0080H         PUBLIC        P0
  D:0090H         PUBLIC        P1
  D:00A0H         PUBLIC        P2
  D:00B0H         PUBLIC        P3
  D:00C0H         PUBLIC        P4
  D:00C8H         PUBLIC        P5
  D:00E8H         PUBLIC        P6
  D:00F8H         PUBLIC        P7
  C:37D5H         PUBLIC        _WriteData
  D:00A8H         PUBLIC        IE
  D:00B8H         PUBLIC        IP
  D:00D8H         PUBLIC        CCON
  B:00B0H.4       PUBLIC        LCD_D4
  B:00B0H.5       PUBLIC        LCD_D5
BL51 BANKED LINKER/LOCATER V6.22                                                      01/18/2019  16:25:52  PAGE 19


  B:00B0H.6       PUBLIC        LCD_D6
  C:3BFAH         PUBLIC        _DisplayLCD
  B:00B0H.7       PUBLIC        LCD_D7
  D:0098H         PUBLIC        SCON
  D:0088H         PUBLIC        TCON
  C:3D7BH         PUBLIC        LCD_clear
  C:39EAH         PUBLIC        _Command
  C:000EH         PUBLIC        _Display_Line
  C:38B9H         PUBLIC        LCD_Init
  C:3B7EH         PUBLIC        _Wait_ms
  B:00C0H.0       PUBLIC        LCD_RS
  B:00B0H.2       PUBLIC        LCD_RW
  C:3D71H         PUBLIC        LCD_return_home
  B:00B0H.3       PUBLIC        LCD_E
  D:00D0H         PUBLIC        PSW
  -------         PROC          LCD_INIT
  C:38B9H         LINE#         9
  C:38B9H         LINE#         10
  C:38B9H         LINE#         11
  C:38BCH         LINE#         12
  C:38BFH         LINE#         14
  C:38C5H         LINE#         15
  C:38CAH         LINE#         17
  C:38D1H         LINE#         18
  C:38D6H         LINE#         20
  C:38D9H         LINE#         21
  C:38DEH         LINE#         23
  C:38E1H         LINE#         24
  C:38E6H         LINE#         26
  C:38EDH         LINE#         29
  C:38F2H         LINE#         30
  C:38F7H         LINE#         32
  C:38FCH         LINE#         33
  C:3901H         LINE#         35
  C:3906H         LINE#         36
  C:390BH         LINE#         37
  -------         ENDPROC       LCD_INIT
  -------         PROC          _WRITEDATA
  X:0430H         SYMBOL        dat
  C:37D5H         LINE#         40
  C:37DAH         LINE#         41
  C:37DAH         LINE#         46
  C:37DCH         LINE#         47
  C:37DEH         LINE#         49
  C:37ECH         LINE#         50
  C:37F8H         LINE#         51
  C:3804H         LINE#         52
  C:380EH         LINE#         53
  C:3810H         LINE#         54
  C:3817H         LINE#         55
  C:3819H         LINE#         57
  C:3829H         LINE#         58
  C:3834H         LINE#         59
  C:383EH         LINE#         60
  C:3842H         LINE#         62
  C:3842H         LINE#         63
  C:3845H         LINE#         64
BL51 BANKED LINKER/LOCATER V6.22                                                      01/18/2019  16:25:52  PAGE 20


  C:3847H         LINE#         65
  C:3849H         LINE#         67
  -------         ENDPROC       _WRITEDATA
  -------         PROC          _COMMAND
  D:0007H         SYMBOL        dat
  C:39EAH         LINE#         69
  C:39EAH         LINE#         70
  C:39EAH         LINE#         71
  C:39ECH         LINE#         72
  C:39EEH         LINE#         74
  C:39F8H         LINE#         75
  C:39FCH         LINE#         77
  C:39FEH         LINE#         78
  C:3A07H         LINE#         79
  C:3A0BH         LINE#         81
  C:3A0DH         LINE#         82
  C:3A14H         LINE#         83
  C:3A18H         LINE#         85
  C:3A1AH         LINE#         86
  C:3A1EH         LINE#         87
  C:3A22H         LINE#         89
  C:3A24H         LINE#         90
  C:3A24H         LINE#         91
  C:3A27H         LINE#         92
  C:3A29H         LINE#         93
  -------         ENDPROC       _COMMAND
  C:3B7AH         SYMBOL        L?0028
  -------         PROC          L?0027
  -------         ENDPROC       L?0027
  C:3B7AH         SYMBOL        L?0028
  -------         PROC          _WAIT_MS
  D:0006H         SYMBOL        ms
  -------         DO            
  D:0004H         SYMBOL        De_Cnt
  -------         ENDDO         
  C:3B7EH         LINE#         95
  C:3B7EH         LINE#         96
  C:3B7EH         LINE#         98
  C:3B88H         LINE#         99
  C:3B88H         LINE#         100
  C:3B9BH         LINE#         101
  C:3B9BH         LINE#         102
  -------         ENDPROC       _WAIT_MS
  -------         PROC          _DISPLAYLCD
  D:0007H         SYMBOL        BCD
  -------         DO            
  D:0006H         SYMBOL        first_digit
  X:0426H         SYMBOL        second_digit
  -------         ENDDO         
  C:3BFAH         LINE#         103
  C:3BFAH         LINE#         104
  C:3BFAH         LINE#         106
  C:3C01H         LINE#         107
  C:3C0AH         LINE#         109
  C:3C0FH         LINE#         111
  -------         ENDPROC       _DISPLAYLCD
  -------         PROC          LCD_RETURN_HOME
BL51 BANKED LINKER/LOCATER V6.22                                                      01/18/2019  16:25:52  PAGE 21


  C:3D71H         LINE#         115
  C:3D71H         LINE#         116
  C:3D71H         LINE#         117
  C:3D76H         LINE#         118
  -------         ENDPROC       LCD_RETURN_HOME
  -------         PROC          LCD_CLEAR
  C:3D7BH         LINE#         121
  C:3D7BH         LINE#         122
  C:3D7BH         LINE#         123
  C:3D80H         LINE#         124
  -------         ENDPROC       LCD_CLEAR
  -------         PROC          _DISPLAY_LINE
  D:0006H         SYMBOL        line
  C:000EH         LINE#         128
  C:000EH         LINE#         129
  C:000EH         LINE#         130
  C:0014H         LINE#         131
  C:0014H         LINE#         132
  C:0016H         LINE#         133
  C:0016H         LINE#         134
  C:0018H         LINE#         136
  C:0018H         LINE#         137
  C:001DH         LINE#         138
  C:0022H         LINE#         139
  C:0022H         LINE#         140
  -------         ENDPROC       _DISPLAY_LINE
  -------         ENDMOD        LCD_DRIVER_SPLC780D

  -------         MODULE        KEYPAD
  C:0000H         SYMBOL        _ICE_DUMMY_
  D:0093H         PUBLIC        P0M1
  D:0080H         PUBLIC        P0
  D:0090H         PUBLIC        P1
  D:00A0H         PUBLIC        P2
  D:00B0H         PUBLIC        P3
  D:00C0H         PUBLIC        P4
  D:00C8H         PUBLIC        P5
  B:0020H.0       PUBLIC        calib_mode
  D:00E8H         PUBLIC        P6
  D:00F8H         PUBLIC        P7
  D:00A8H         PUBLIC        IE
  C:2A88H         PUBLIC        Key_Scan
  D:00B8H         PUBLIC        IP
  D:00D8H         PUBLIC        CCON
  C:3D59H         PUBLIC        KeyPad_IO_Init
  C:3BDCH         PUBLIC        _Delay_ms
  D:0098H         PUBLIC        SCON
  D:0088H         PUBLIC        TCON
  B:0020H.1       PUBLIC        small_move
  B:0020H.2       PUBLIC        move
  B:0020H.3       PUBLIC        direction
  B:0020H.4       PUBLIC        auto_move
  C:22C1H         PUBLIC        Key_Process
  D:00D0H         PUBLIC        PSW
  D:0094H         PUBLIC        P0M0
  -------         PROC          _DELAY_MS
  D:0006H         SYMBOL        ms
BL51 BANKED LINKER/LOCATER V6.22                                                      01/18/2019  16:25:52  PAGE 22


  -------         DO            
  D:0004H         SYMBOL        De_Cnt
  -------         ENDDO         
  C:3BDCH         LINE#         19
  C:3BDCH         LINE#         20
  C:3BDCH         LINE#         22
  C:3BE6H         LINE#         23
  C:3BE6H         LINE#         24
  C:3BF9H         LINE#         25
  C:3BF9H         LINE#         26
  -------         ENDPROC       _DELAY_MS
  -------         PROC          KEY_SCAN
  -------         DO            
  X:042CH         SYMBOL        KeyTemp1
  X:042DH         SYMBOL        KeyTemp2
  X:042EH         SYMBOL        KeyValue
  -------         ENDDO         
  C:2A88H         LINE#         27
  C:2A88H         LINE#         28
  C:2A88H         LINE#         33
  C:2A8BH         LINE#         36
  C:2A8EH         LINE#         38
  C:2A96H         LINE#         39
  C:2A9DH         LINE#         40
  C:2A9DH         LINE#         42
  C:2AA2H         LINE#         43
  C:2AA9H         LINE#         44
  C:2AA9H         LINE#         47
  C:2AACH         LINE#         48
  C:2AAFH         LINE#         49
  C:2AB4H         LINE#         50
  C:2AB8H         LINE#         51
  C:2AB8H         LINE#         52
  C:2AC0H         LINE#         53
  C:2AC0H         LINE#         54
  C:2AC3H         LINE#         55
  C:2ACBH         LINE#         56
  C:2ACDH         LINE#         58
  C:2AE1H         LINE#         59
  C:2AE1H         LINE#         60
  C:2AE1H         LINE#         61
  C:2AE1H         LINE#         62
  C:2AE7H         LINE#         64
  C:2AE9H         LINE#         65
  C:2AE9H         LINE#         66
  C:2AE9H         LINE#         67
  C:2AEFH         LINE#         69
  C:2AF1H         LINE#         70
  C:2AF1H         LINE#         71
  C:2AF1H         LINE#         72
  C:2AF7H         LINE#         74
  C:2AF9H         LINE#         75
  C:2AF9H         LINE#         76
  C:2AF9H         LINE#         77
  C:2AFFH         LINE#         79
  C:2AFFH         LINE#         80
  C:2AFFH         LINE#         81
BL51 BANKED LINKER/LOCATER V6.22                                                      01/18/2019  16:25:52  PAGE 23


  C:2AFFH         LINE#         84
  C:2B02H         LINE#         85
  C:2B05H         LINE#         86
  C:2B0DH         LINE#         87
  C:2B11H         LINE#         88
  C:2B11H         LINE#         89
  C:2B19H         LINE#         90
  C:2B19H         LINE#         91
  C:2B1CH         LINE#         92
  C:2B24H         LINE#         93
  C:2B26H         LINE#         94
  C:2B3AH         LINE#         95
  C:2B3AH         LINE#         96
  C:2B3AH         LINE#         97
  C:2B3AH         LINE#         98
  C:2B40H         LINE#         100
  C:2B42H         LINE#         101
  C:2B42H         LINE#         102
  C:2B42H         LINE#         103
  C:2B48H         LINE#         105
  C:2B4AH         LINE#         106
  C:2B4AH         LINE#         107
  C:2B4AH         LINE#         108
  C:2B50H         LINE#         110
  C:2B52H         LINE#         111
  C:2B52H         LINE#         112
  C:2B52H         LINE#         113
  C:2B57H         LINE#         115
  C:2B57H         LINE#         116
  C:2B57H         LINE#         117
  C:2B57H         LINE#         120
  C:2B5AH         LINE#         121
  C:2B5DH         LINE#         122
  C:2B65H         LINE#         123
  C:2B69H         LINE#         124
  C:2B69H         LINE#         125
  C:2B71H         LINE#         126
  C:2B71H         LINE#         127
  C:2B74H         LINE#         128
  C:2B7CH         LINE#         129
  C:2B7EH         LINE#         130
  C:2B92H         LINE#         131
  C:2B92H         LINE#         132
  C:2B92H         LINE#         133
  C:2B92H         LINE#         134
  C:2B98H         LINE#         136
  C:2B9AH         LINE#         137
  C:2B9AH         LINE#         138
  C:2B9AH         LINE#         139
  C:2BA0H         LINE#         141
  C:2BA2H         LINE#         142
  C:2BA2H         LINE#         143
  C:2BA2H         LINE#         144
  C:2BA8H         LINE#         146
  C:2BAAH         LINE#         147
  C:2BAAH         LINE#         148
  C:2BAAH         LINE#         149
BL51 BANKED LINKER/LOCATER V6.22                                                      01/18/2019  16:25:52  PAGE 24


  C:2BB0H         LINE#         151
  C:2BB0H         LINE#         152
  C:2BB0H         LINE#         153
  C:2BB0H         LINE#         157
  C:2BB3H         LINE#         158
  C:2BB6H         LINE#         159
  C:2BBEH         LINE#         160
  C:2BC2H         LINE#         161
  C:2BC2H         LINE#         162
  C:2BCAH         LINE#         163
  C:2BCAH         LINE#         164
  C:2BCDH         LINE#         165
  C:2BD5H         LINE#         166
  C:2BD7H         LINE#         167
  C:2BEBH         LINE#         168
  C:2BEBH         LINE#         169
  C:2BEBH         LINE#         170
  C:2BEBH         LINE#         171
  C:2BF1H         LINE#         173
  C:2BF3H         LINE#         174
  C:2BF3H         LINE#         175
  C:2BF3H         LINE#         176
  C:2BF9H         LINE#         178
  C:2BFBH         LINE#         179
  C:2BFBH         LINE#         180
  C:2BFBH         LINE#         181
  C:2C01H         LINE#         183
  C:2C03H         LINE#         184
  C:2C03H         LINE#         185
  C:2C03H         LINE#         186
  C:2C09H         LINE#         188
  C:2C09H         LINE#         189
  C:2C09H         LINE#         190
  C:2C09H         LINE#         192
  C:2C0FH         LINE#         193
  C:2C0FH         LINE#         195
  C:2C0FH         LINE#         196
  C:2C12H         LINE#         197
  C:2C12H         LINE#         198
  C:2C12H         LINE#         200
  C:2C12H         LINE#         201
  C:2C14H         LINE#         202
  C:2C14H         LINE#         203
  -------         ENDPROC       KEY_SCAN
  -------         PROC          KEY_PROCESS
  -------         DO            
  X:06BDH         SYMBOL        KeyCount
  X:06BFH         SYMBOL        KeyNum_Old
  X:06C0H         SYMBOL        KeyNum
  X:06C1H         SYMBOL        PressedKey
  X:0426H         SYMBOL        d
  D:0004H         SYMBOL        hours
  D:0006H         SYMBOL        mins
  X:0428H         SYMBOL        months
  X:042AH         SYMBOL        days
  -------         ENDDO         
  C:22C1H         LINE#         204
BL51 BANKED LINKER/LOCATER V6.22                                                      01/18/2019  16:25:52  PAGE 25


  C:22C1H         LINE#         205
  C:22C1H         LINE#         209
  C:22C9H         LINE#         210
  C:22D1H         LINE#         212
  C:22D4H         LINE#         213
  C:22D4H         LINE#         214
  C:22D7H         LINE#         216
  C:22D7H         LINE#         217
  C:22E4H         LINE#         218
  C:22E4H         LINE#         219
  C:22E7H         LINE#         220
  C:22EAH         LINE#         222
  C:22EDH         LINE#         224
  C:22EDH         LINE#         225
  C:22F8H         LINE#         226
  C:22F8H         LINE#         227
  C:22FBH         LINE#         229
  C:22FBH         LINE#         230
  C:2302H         LINE#         231
  C:2302H         LINE#         232
  C:2305H         LINE#         234
  C:2305H         LINE#         235
  C:230DH         LINE#         236
  C:230DH         LINE#         237
  C:2317H         LINE#         238
  C:231FH         LINE#         240
  C:2328H         LINE#         242
  C:2328H         LINE#         251
  C:233DH         LINE#         252
  C:233DH         LINE#         253
  C:234FH         LINE#         254
  C:235DH         LINE#         255
  C:236CH         LINE#         256
  C:236CH         LINE#         258
  C:2372H         LINE#         262
  C:2388H         LINE#         263
  C:2399H         LINE#         264
  C:23B4H         LINE#         265
  C:23B4H         LINE#         266
  C:23C4H         LINE#         267
  C:23D5H         LINE#         268
  C:23D5H         LINE#         272
  C:23EEH         LINE#         273
  C:2405H         LINE#         274
  C:2425H         LINE#         275
  C:2425H         LINE#         276
  C:242FH         LINE#         277
  C:242FH         LINE#         278
  C:2438H         LINE#         279
  C:2438H         LINE#         280
  C:244CH         LINE#         281
  C:244CH         LINE#         282
  C:244CH         LINE#         283
  C:244CH         LINE#         284
  C:244CH         LINE#         285
  C:244EH         LINE#         287
  C:244EH         LINE#         288
BL51 BANKED LINKER/LOCATER V6.22                                                      01/18/2019  16:25:52  PAGE 26


  C:245AH         LINE#         289
  C:245AH         LINE#         290
  C:246BH         LINE#         291
  C:246BH         LINE#         292
  C:246BH         LINE#         293
  C:246BH         LINE#         294
  C:246BH         LINE#         296
  C:246DH         LINE#         298
  C:246DH         LINE#         299
  C:247EH         LINE#         300
  C:247EH         LINE#         301
  C:247EH         LINE#         302
  C:247EH         LINE#         303
  C:247EH         LINE#         305
  C:247EH         LINE#         307
  C:247EH         LINE#         308
  C:2480H         LINE#         310
  C:2480H         LINE#         311
  C:2493H         LINE#         312
  C:2493H         LINE#         313
  C:24A4H         LINE#         314
  C:24A4H         LINE#         315
  C:24A4H         LINE#         316
  C:24A4H         LINE#         317
  C:24A4H         LINE#         318
  C:24A6H         LINE#         320
  C:24A6H         LINE#         321
  C:24B7H         LINE#         322
  C:24B7H         LINE#         323
  C:24C8H         LINE#         324
  C:24D9H         LINE#         325
  C:24D9H         LINE#         326
  C:24D9H         LINE#         327
  C:24D9H         LINE#         328
  C:24D9H         LINE#         329
  C:24DCH         LINE#         330
  C:24E1H         LINE#         331
  C:24E6H         LINE#         332
  C:24EBH         LINE#         333
  C:24F0H         LINE#         334
  C:24F5H         LINE#         335
  C:24FAH         LINE#         336
  C:24FFH         LINE#         337
  C:24FFH         LINE#         339
  C:2521H         LINE#         340
  C:2521H         LINE#         341
  C:252BH         LINE#         342
  C:252BH         LINE#         343
  C:2530H         LINE#         344
  C:2539H         LINE#         345
  C:2550H         LINE#         346
  C:2550H         LINE#         347
  C:2560H         LINE#         349
  C:2560H         LINE#         353
  -------         ENDPROC       KEY_PROCESS
  -------         PROC          KEYPAD_IO_INIT
  C:3D59H         LINE#         356
BL51 BANKED LINKER/LOCATER V6.22                                                      01/18/2019  16:25:52  PAGE 27


  C:3D59H         LINE#         357
  C:3D59H         LINE#         358
  C:3D5CH         LINE#         359
  C:3D5FH         LINE#         360
  C:3D62H         LINE#         361
  C:3D64H         LINE#         362
  -------         ENDPROC       KEYPAD_IO_INIT
  -------         ENDMOD        KEYPAD

  -------         MODULE        BIPOLARMOTOR
  C:0000H         SYMBOL        _ICE_DUMMY_
  D:0080H         PUBLIC        P0
  D:0090H         PUBLIC        P1
  D:00A0H         PUBLIC        P2
  D:00B0H         PUBLIC        P3
  D:00C0H         PUBLIC        P4
  D:00C8H         PUBLIC        P5
  D:00E8H         PUBLIC        P6
  D:00F8H         PUBLIC        P7
  D:00A8H         PUBLIC        IE
  C:326CH         PUBLIC        linear_interpolate
  C:3B03H         PUBLIC        _Move
  D:00B8H         PUBLIC        IP
  C:2594H         PUBLIC        _findDet3x3
  C:2001H         PUBLIC        _findDet4x4
  D:00D8H         PUBLIC        CCON
  X:0000H         PUBLIC        previous_move_time
  D:0098H         PUBLIC        SCON
  D:0088H         PUBLIC        TCON
  C:000AH         PUBLIC        wait
  C:3A2AH         PUBLIC        _Step_move
  X:0001H         PUBLIC        dat
  C:10EFH         PUBLIC        _Update_position
  C:3912H         PUBLIC        vOneStepMove
  X:0007H         PUBLIC        elevation_stamp
  X:0037H         PUBLIC        date_azimuth_mapping
  X:0083H         PUBLIC        RX_pos
  C:3C59H         PUBLIC        _BCDtoDec1
  X:0413H         PUBLIC        degree
  D:00D0H         PUBLIC        PSW
  C:3C4FH         SYMBOL        L?0045
  -------         PROC          L?0044
  -------         ENDPROC       L?0044
  C:3C4FH         SYMBOL        L?0045
  -------         PROC          _BCDTODEC1
  D:0007H         SYMBOL        bcd
  -------         DO            
  D:0006H         SYMBOL        hi
  D:0007H         SYMBOL        lo
  -------         ENDDO         
  C:3C59H         LINE#         28
  C:3C59H         LINE#         29
  C:3C59H         LINE#         31
  C:3C5EH         LINE#         32
  C:3C62H         LINE#         33
  C:3C69H         LINE#         34
  -------         ENDPROC       _BCDTODEC1
BL51 BANKED LINKER/LOCATER V6.22                                                      01/18/2019  16:25:52  PAGE 28


  -------         PROC          WAIT
  C:000AH         LINE#         36
  C:000AH         LINE#         38
  -------         ENDPROC       WAIT
  -------         PROC          VONESTEPMOVE
  B:0021H.0       SYMBOL        bDir
  C:3912H         LINE#         40
  C:3912H         LINE#         41
  C:3912H         LINE#         43
  C:3918H         LINE#         44
  C:3918H         LINE#         45
  C:391BH         LINE#         46
  C:3924H         LINE#         47
  C:392BH         LINE#         48
  C:3930H         LINE#         49
  C:3930H         LINE#         50
  C:3930H         LINE#         52
  C:3932H         LINE#         55
  C:3932H         LINE#         56
  C:3935H         LINE#         57
  C:393EH         LINE#         58
  C:3945H         LINE#         59
  C:394BH         LINE#         60
  C:3954H         LINE#         61
  C:395BH         LINE#         62
  C:395BH         LINE#         66
  -------         ENDPROC       VONESTEPMOVE
  -------         PROC          _STEP_MOVE
  X:0496H         SYMBOL        step
  B:0020H.7       SYMBOL        dir
  -------         DO            
  X:0498H         SYMBOL        i
  -------         ENDDO         
  C:3A2AH         LINE#         68
  C:3A32H         LINE#         69
  C:3A32H         LINE#         71
  C:3A37H         LINE#         74
  C:3A52H         LINE#         75
  C:3A52H         LINE#         76
  C:3A59H         LINE#         78
  C:3A69H         LINE#         80
  -------         ENDPROC       _STEP_MOVE
  -------         PROC          _MOVE
  X:0492H         SYMBOL        distance
  B:0020H.6       SYMBOL        direction
  -------         DO            
  D:0006H         SYMBOL        step
  -------         ENDDO         
  C:3B03H         LINE#         82
  C:3B09H         LINE#         83
  C:3B09H         LINE#         86
  C:3B24H         LINE#         87
  -------         ENDPROC       _MOVE
  C:2575H         SYMBOL        L?0042
  C:2589H         SYMBOL        L?0043
  -------         PROC          L?0041
  -------         ENDPROC       L?0041
BL51 BANKED LINKER/LOCATER V6.22                                                      01/18/2019  16:25:52  PAGE 29


  C:2575H         SYMBOL        L?0042
  C:2589H         SYMBOL        L?0043
  -------         PROC          _FINDDET3X3
  X:067BH         SYMBOL        a11
  X:067FH         SYMBOL        a12
  X:0683H         SYMBOL        a13
  X:0687H         SYMBOL        a21
  X:068BH         SYMBOL        a22
  X:068FH         SYMBOL        a23
  X:0693H         SYMBOL        a31
  X:0697H         SYMBOL        a32
  X:069BH         SYMBOL        a33
  C:2594H         LINE#         91
  C:259AH         LINE#         95
  C:259AH         LINE#         96
  C:2731H         LINE#         98
  -------         ENDPROC       _FINDDET3X3
  -------         PROC          _FINDDET4X4
  X:063BH         SYMBOL        a11
  X:063FH         SYMBOL        a12
  X:0643H         SYMBOL        a13
  X:0647H         SYMBOL        a14
  X:064BH         SYMBOL        a21
  X:064FH         SYMBOL        a22
  X:0653H         SYMBOL        a23
  X:0657H         SYMBOL        a24
  X:065BH         SYMBOL        a31
  X:065FH         SYMBOL        a32
  X:0663H         SYMBOL        a33
  X:0667H         SYMBOL        a34
  X:066BH         SYMBOL        a41
  X:066FH         SYMBOL        a42
  X:0673H         SYMBOL        a43
  X:0677H         SYMBOL        a44
  C:2001H         LINE#         99
  C:2007H         LINE#         103
  C:2007H         LINE#         110
  C:22C0H         LINE#         114
  -------         ENDPROC       _FINDDET4X4
  -------         PROC          L?0046
  -------         ENDPROC       L?0046
  -------         PROC          LINEAR_INTERPOLATE
  X:04E5H         SYMBOL        p1
  X:04EDH         SYMBOL        p2
  X:04F5H         SYMBOL        x
  -------         DO            
  D:0004H         SYMBOL        fx
  -------         ENDDO         
  C:326CH         LINE#         120
  C:326CH         LINE#         121
  C:326CH         LINE#         124
  C:330BH         LINE#         126
  C:330BH         LINE#         127
  -------         ENDPROC       LINEAR_INTERPOLATE
  -------         PROC          _UPDATE_POSITION
  D:0001H         SYMBOL        mnths
  D:0002H         SYMBOL        dys
BL51 BANKED LINKER/LOCATER V6.22                                                      01/18/2019  16:25:52  PAGE 30


  X:0438H         SYMBOL        hurs
  X:0439H         SYMBOL        mns
  X:043AH         SYMBOL        sconds
  X:043BH         SYMBOL        currnt_pos
  X:043EH         SYMBOL        offset_calib
  -------         DO            
  X:0442H         SYMBOL        date
  X:0444H         SYMBOL        i
  X:0446H         SYMBOL        yy
  X:0448H         SYMBOL        desired_distance
  X:044CH         SYMBOL        distance
  X:0450H         SYMBOL        JP_pos
  X:0454H         SYMBOL        pos_interpolate_azimuth
  X:04A0H         SYMBOL        current_local_sun_time
  X:04A4H         SYMBOL        azimuth
  X:04A8H         SYMBOL        elevation
  X:04ACH         SYMBOL        time_offset
  X:04B0H         SYMBOL        UTC_time
  X:04B4H         SYMBOL        declination
  X:04B8H         SYMBOL        p1
  X:04C0H         SYMBOL        p2
  X:04C8H         SYMBOL        time
  X:04DAH         SYMBOL        location
  X:04E2H         SYMBOL        sunCoord
  -------         ENDDO         
  C:10EFH         LINE#         131
  C:10F8H         LINE#         134
  C:10F8H         LINE#         135
  C:1103H         LINE#         137
  C:111FH         LINE#         138
  C:1129H         LINE#         146
  C:1133H         LINE#         147
  C:113DH         LINE#         148
  C:1147H         LINE#         149
  C:1152H         LINE#         150
  C:115DH         LINE#         151
  C:1171H         LINE#         152
  C:1182H         LINE#         153
  C:1191H         LINE#         156
  C:11A5H         LINE#         160
  C:11F7H         LINE#         161
  C:1201H         LINE#         162
  C:1251H         LINE#         164
  C:1379H         LINE#         166
  C:1448H         LINE#         173
  C:1452H         LINE#         174
  C:1452H         LINE#         176
  C:146CH         LINE#         177
  C:146CH         LINE#         178
  C:14DCH         LINE#         179
  C:14DCH         LINE#         180
  C:14E3H         LINE#         181
  C:14E3H         LINE#         182
  C:1510H         LINE#         183
  C:152BH         LINE#         185
  C:1572H         LINE#         186
  C:15A6H         LINE#         188
BL51 BANKED LINKER/LOCATER V6.22                                                      01/18/2019  16:25:52  PAGE 31


  C:15FEH         LINE#         189
  C:161EH         LINE#         191
  C:161EH         LINE#         207
  C:162FH         LINE#         210
  C:1649H         LINE#         211
  C:1649H         LINE#         212
  C:16B9H         LINE#         213
  C:16B9H         LINE#         214
  C:16E6H         LINE#         215
  C:1701H         LINE#         217
  C:172EH         LINE#         218
  C:1749H         LINE#         220
  C:177BH         LINE#         223
  C:177BH         LINE#         225
  C:178CH         LINE#         227
  C:17A0H         LINE#         229
  C:17C2H         LINE#         231
  C:17C2H         LINE#         236
  C:17CAH         LINE#         237
  C:17E6H         LINE#         238
  C:17E6H         LINE#         239
  C:17E6H         LINE#         242
  -------         ENDPROC       _UPDATE_POSITION
  -------         ENDMOD        BIPOLARMOTOR

  -------         MODULE        SUNPOS
  C:0000H         SYMBOL        _ICE_DUMMY_
  C:094DH         PUBLIC        sunpos
  -------         PROC          SUNPOS
  X:04E5H         SYMBOL        udtTime
  X:04F7H         SYMBOL        udtLocation
  X:04FFH         SYMBOL        udtSunCoordinates
  -------         DO            
  X:0502H         SYMBOL        dElapsedJulianDays
  X:0506H         SYMBOL        dDecimalHours
  X:050AH         SYMBOL        dEclipticLongitude
  X:050EH         SYMBOL        dEclipticObliquity
  X:0512H         SYMBOL        dRightAscension
  X:0516H         SYMBOL        dDeclination
  X:051AH         SYMBOL        dY
  X:051EH         SYMBOL        dX
  -------         DO            
  X:0522H         SYMBOL        dJulianDate
  X:0526H         SYMBOL        liAux1
  X:052AH         SYMBOL        liAux2
  X:0522H         SYMBOL        dMeanLongitude
  X:0526H         SYMBOL        dMeanAnomaly
  X:052AH         SYMBOL        dOmega
  X:0522H         SYMBOL        dSin_EclipticLongitude
  X:0522H         SYMBOL        dGreenwichMeanSiderealTime
  X:0526H         SYMBOL        dLocalMeanSiderealTime
  X:052AH         SYMBOL        dLatitudeInRadians
  X:052EH         SYMBOL        dHourAngle
  X:0532H         SYMBOL        dCos_Latitude
  X:0536H         SYMBOL        dSin_Latitude
  X:053AH         SYMBOL        dCos_HourAngle
  X:053EH         SYMBOL        dParallax
BL51 BANKED LINKER/LOCATER V6.22                                                      01/18/2019  16:25:52  PAGE 32


  -------         ENDDO         
  -------         DO            
  X:0522H         SYMBOL        dMeanLongitude
  X:0526H         SYMBOL        dMeanAnomaly
  X:052AH         SYMBOL        dOmega
  X:0522H         SYMBOL        dSin_EclipticLongitude
  X:0522H         SYMBOL        dGreenwichMeanSiderealTime
  X:0526H         SYMBOL        dLocalMeanSiderealTime
  X:052AH         SYMBOL        dLatitudeInRadians
  X:052EH         SYMBOL        dHourAngle
  X:0532H         SYMBOL        dCos_Latitude
  X:0536H         SYMBOL        dSin_Latitude
  X:053AH         SYMBOL        dCos_HourAngle
  X:053EH         SYMBOL        dParallax
  -------         ENDDO         
  -------         DO            
  X:0522H         SYMBOL        dSin_EclipticLongitude
  X:0522H         SYMBOL        dGreenwichMeanSiderealTime
  X:0526H         SYMBOL        dLocalMeanSiderealTime
  X:052AH         SYMBOL        dLatitudeInRadians
  X:052EH         SYMBOL        dHourAngle
  X:0532H         SYMBOL        dCos_Latitude
  X:0536H         SYMBOL        dSin_Latitude
  X:053AH         SYMBOL        dCos_HourAngle
  X:053EH         SYMBOL        dParallax
  -------         ENDDO         
  -------         DO            
  X:0522H         SYMBOL        dGreenwichMeanSiderealTime
  X:0526H         SYMBOL        dLocalMeanSiderealTime
  X:052AH         SYMBOL        dLatitudeInRadians
  X:052EH         SYMBOL        dHourAngle
  X:0532H         SYMBOL        dCos_Latitude
  X:0536H         SYMBOL        dSin_Latitude
  X:053AH         SYMBOL        dCos_HourAngle
  X:053EH         SYMBOL        dParallax
  -------         ENDDO         
  -------         ENDDO         
  C:094DH         LINE#         6
  C:094DH         LINE#         7
  C:094DH         LINE#         9
  C:094DH         LINE#         27
  C:0997H         LINE#         30
  C:09B8H         LINE#         31
  C:0AFFH         LINE#         34
  C:0B4BH         LINE#         36
  C:0B6AH         LINE#         37
  C:0B6AH         LINE#         42
  C:0B6AH         LINE#         46
  C:0B9CH         LINE#         47
  C:0BC6H         LINE#         48
  C:0BF0H         LINE#         49
  C:0C9DH         LINE#         52
  C:0CFEH         LINE#         54
  C:0CFEH         LINE#         59
  C:0CFEH         LINE#         61
  C:0D15H         LINE#         62
  C:0D3DH         LINE#         63
BL51 BANKED LINKER/LOCATER V6.22                                                      01/18/2019  16:25:52  PAGE 33


  C:0D54H         LINE#         64
  C:0D7FH         LINE#         65
  C:0DB6H         LINE#         66
  C:0DE1H         LINE#         67
  C:0DE1H         LINE#         70
  C:0DE1H         LINE#         79
  C:0E1CH         LINE#         82
  C:0E56H         LINE#         84
  C:0E7BH         LINE#         85
  C:0E9AH         LINE#         86
  C:0EB1H         LINE#         87
  C:0EC8H         LINE#         88
  C:0EDFH         LINE#         89
  C:0F68H         LINE#         91
  C:0F82H         LINE#         92
  C:0FE4H         LINE#         93
  C:101AH         LINE#         94
  C:102CH         LINE#         95
  C:1059H         LINE#         96
  C:1086H         LINE#         98
  C:10A8H         LINE#         100
  C:10E0H         LINE#         103
  C:10E0H         LINE#         104
  C:10EEH         LINE#         105
  -------         ENDPROC       SUNPOS
  -------         ENDMOD        SUNPOS

  -------         MODULE        ADC
  C:0000H         SYMBOL        _ICE_DUMMY_
  D:0092H         PUBLIC        P1M0
  D:0091H         PUBLIC        P1M1
  D:0080H         PUBLIC        P0
  D:0090H         PUBLIC        P1
  D:00A0H         PUBLIC        P2
  D:00B0H         PUBLIC        P3
  D:00C0H         PUBLIC        P4
  D:00C8H         PUBLIC        P5
  D:00E8H         PUBLIC        P6
  D:00F8H         PUBLIC        P7
  D:00A8H         PUBLIC        IE
  D:00BDH         PUBLIC        ADC_RES
  D:00B8H         PUBLIC        IP
  D:0097H         PUBLIC        CLK_DIV
  D:00D8H         PUBLIC        CCON
  D:00BCH         PUBLIC        ADC_CONTR
  D:0098H         PUBLIC        SCON
  D:0088H         PUBLIC        TCON
  B:00A0H.4       PUBLIC        P24
  B:00A0H.5       PUBLIC        P25
  B:00A0H.6       PUBLIC        P26
  C:3C17H         PUBLIC        ADC_Init
  C:3B52H         PUBLIC        _ADC_GetResult
  D:009DH         PUBLIC        P1ASF
  D:00BEH         PUBLIC        ADC_RESL
  D:00D0H         PUBLIC        PSW
  -------         PROC          ADC_INIT
  C:3C17H         LINE#         7
BL51 BANKED LINKER/LOCATER V6.22                                                      01/18/2019  16:25:52  PAGE 34


  C:3C17H         LINE#         8
  C:3C17H         LINE#         10
  C:3C19H         LINE#         11
  C:3C1BH         LINE#         12
  C:3C1DH         LINE#         13
  C:3C20H         LINE#         14
  C:3C23H         LINE#         15
  C:3C26H         LINE#         16
  C:3C29H         LINE#         18
  C:3C2BH         LINE#         19
  C:3C2EH         LINE#         21
  -------         ENDPROC       ADC_INIT
  -------         PROC          _ADC_GETRESULT
  D:0007H         SYMBOL        ch
  -------         DO            
  D:0006H         SYMBOL        ADC_Value
  -------         ENDDO         
  C:3B52H         LINE#         26
  C:3B52H         LINE#         27
  C:3B52H         LINE#         29
  C:3B57H         LINE#         30
  C:3B58H         LINE#         31
  C:3B59H         LINE#         32
  C:3B5AH         LINE#         33
  C:3B5BH         LINE#         34
  C:3B60H         LINE#         35
  C:3B63H         LINE#         36
  C:3B67H         LINE#         37
  C:3B77H         LINE#         38
  C:3B77H         LINE#         39
  -------         ENDPROC       _ADC_GETRESULT
  -------         ENDMOD        ADC

  -------         MODULE        CALIBRATION
  C:0000H         SYMBOL        _ICE_DUMMY_
  D:0080H         PUBLIC        P0
  D:0090H         PUBLIC        P1
  D:00A0H         PUBLIC        P2
  D:00B0H         PUBLIC        P3
  D:00C0H         PUBLIC        P4
  D:00C8H         PUBLIC        P5
  D:00E8H         PUBLIC        P6
  D:00F8H         PUBLIC        P7
  C:3632H         PUBLIC        _Max_Value
  D:00A8H         PUBLIC        IE
  C:30D8H         PUBLIC        _calibration
  C:31A0H         PUBLIC        voltage_is_stable
  D:00B8H         PUBLIC        IP
  D:00D8H         PUBLIC        CCON
  D:0098H         PUBLIC        SCON
  D:0088H         PUBLIC        TCON
  C:2D9DH         PUBLIC        _Find_Real_Max
  D:00D0H         PUBLIC        PSW
  -------         PROC          VOLTAGE_IS_STABLE
  -------         DO            
  X:0436H         SYMBOL        sample_voltage
  X:044AH         SYMBOL        i
[...]


  C:36ACH         LINE#         79
  C:36BCH         LINE#         80
  C:36C4H         LINE#         82
  -------         ENDPROC       _MAX_VALUE
  -------         PROC          _CALIBRATION
  X:0426H         SYMBOL        mnths
  X:0427H         SYMBOL        dys
  X:0428H         SYMBOL        hurs
  X:0429H         SYMBOL        mns
  X:042AH         SYMBOL        sconds
  X:042BH         SYMBOL        currnt_pos
  -------         DO            
  X:042EH         SYMBOL        calib_value
  X:0432H         SYMBOL        JP_max_pos
  -------         ENDDO         
  C:30D8H         LINE#         84
  C:30E3H         LINE#         87
  C:30E3H         LINE#         88
  C:30EDH         LINE#         89
  C:3101H         LINE#         91
  C:310BH         LINE#         92
  C:310BH         LINE#         94
  C:3141H         LINE#         96
  C:314AH         LINE#         97
  C:316FH         LINE#         98
  C:318BH         LINE#         99
  C:319AH         LINE#         100
  C:319AH         LINE#         102
  C:319FH         LINE#         103
  -------         ENDPROC       _CALIBRATION
  -------         ENDMOD        CALIBRATION

  -------         MODULE        IOEXPANDER_PI4IOE5V96248
  C:0000H         SYMBOL        _ICE_DUMMY_
  D:0080H         PUBLIC        P0
  B:00C8H.4       PUBLIC        I2C_SCK
  D:0090H         PUBLIC        P1
  D:00A0H         PUBLIC        P2
  D:00B0H         PUBLIC        P3
  D:00C0H         PUBLIC        P4
  D:00C8H         PUBLIC        P5
  D:00E8H         PUBLIC        P6
  D:00F8H         PUBLIC        P7
  D:00A8H         PUBLIC        IE
  D:00B8H         PUBLIC        IP
  D:00D8H         PUBLIC        CCON
  C:3D1FH         PUBLIC        I2C_Start
  D:0098H         PUBLIC        SCON
  D:0088H         PUBLIC        TCON
  C:330CH         PUBLIC        _Write_PI4IOE5V96248
  C:3D2EH         PUBLIC        uC_NACK
  C:3AE5H         PUBLIC        _Wait_ms_i2c
  C:3B30H         PUBLIC        _I2C_SendByte
  C:3CAFH         PUBLIC        I2C_Stop
  C:3D9EH         PUBLIC        nop
  C:3D8EH         PUBLIC        uC_ACK
  C:3C99H         PUBLIC        I2C_ACK
BL51 BANKED LINKER/LOCATER V6.22                                                      01/18/2019  16:25:52  PAGE 37


  B:00C0H.7       PUBLIC        I2C_SDA
  D:00D0H         PUBLIC        PSW
  C:3ADFH         SYMBOL        L?0031
  C:3AE1H         SYMBOL        L?0032
  -------         PROC          L?0030
  -------         ENDPROC       L?0030
  C:3ADFH         SYMBOL        L?0031
  C:3AE1H         SYMBOL        L?0032
  -------         PROC          _WAIT_MS_I2C
  D:0006H         SYMBOL        ms
  -------         DO            
  D:0004H         SYMBOL        De_Cnt
  -------         ENDDO         
  C:3AE5H         LINE#         7
  C:3AE5H         LINE#         8
  C:3AE5H         LINE#         10
  C:3AEFH         LINE#         11
  C:3AEFH         LINE#         12
  C:3B02H         LINE#         13
  C:3B02H         LINE#         14
  -------         ENDPROC       _WAIT_MS_I2C
  -------         PROC          NOP
  C:3D9EH         LINE#         16
  C:3D9EH         LINE#         17
  C:3D9EH         LINE#         19
  -------         ENDPROC       NOP
  -------         PROC          I2C_START
  C:3D1FH         LINE#         20
  C:3D1FH         LINE#         21
  C:3D1FH         LINE#         23
  C:3D21H         LINE#         24
  C:3D23H         LINE#         25
  C:3D26H         LINE#         26
  C:3D28H         LINE#         27
  C:3D2BH         LINE#         28
  C:3D2DH         LINE#         31
  -------         ENDPROC       I2C_START
  -------         PROC          I2C_STOP
  C:3CAFH         LINE#         33
  C:3CAFH         LINE#         34
  C:3CAFH         LINE#         35
  C:3CB1H         LINE#         36
  C:3CB3H         LINE#         37
  C:3CB6H         LINE#         38
  C:3CB8H         LINE#         39
  C:3CBAH         LINE#         40
  C:3CC1H         LINE#         41
  C:3CC3H         LINE#         44
  -------         ENDPROC       I2C_STOP
  -------         PROC          I2C_ACK
  -------         DO            
  X:049DH         SYMBOL        i
  D:0003H         SYMBOL        dat
  -------         ENDDO         
  C:3C99H         LINE#         46
  C:3C99H         LINE#         47
  C:3C99H         LINE#         49
BL51 BANKED LINKER/LOCATER V6.22                                                      01/18/2019  16:25:52  PAGE 38


  C:3C9AH         LINE#         54
  C:3C9DH         LINE#         55
  C:3C9FH         LINE#         56
  C:3CA2H         LINE#         58
  C:3CA5H         LINE#         59
  C:3CA5H         LINE#         60
  C:3CA9H         LINE#         61
  C:3CA9H         LINE#         64
  C:3CA9H         LINE#         65
  C:3CACH         LINE#         66
  C:3CACH         LINE#         67
  C:3CAEH         LINE#         68
  -------         ENDPROC       I2C_ACK
  -------         PROC          UC_ACK
  -------         DO            
  X:06CDH         SYMBOL        i
  -------         ENDDO         
  C:3D8EH         LINE#         69
  C:3D8EH         LINE#         70
  C:3D8EH         LINE#         72
  C:3D8EH         LINE#         79
  C:3D8EH         LINE#         81
  C:3D8EH         LINE#         83
  C:3D8EH         LINE#         84
  C:3D8EH         LINE#         87
  C:3D91H         LINE#         88
  C:3D93H         LINE#         89
  C:3D93H         LINE#         93
  -------         ENDPROC       UC_ACK
  -------         PROC          UC_NACK
  -------         DO            
  X:06CEH         SYMBOL        i
  -------         ENDDO         
  C:3D2EH         LINE#         95
  C:3D2EH         LINE#         96
  C:3D2EH         LINE#         98
  C:3D2EH         LINE#         102
  C:3D30H         LINE#         105
  C:3D30H         LINE#         106
  C:3D32H         LINE#         107
  C:3D32H         LINE#         109
  C:3D32H         LINE#         110
  C:3D32H         LINE#         113
  C:3D35H         LINE#         114
  C:3D37H         LINE#         115
  C:3D3AH         LINE#         116
  C:3D3CH         LINE#         117
  C:3D3CH         LINE#         121
  -------         ENDPROC       UC_NACK
  C:3B2CH         SYMBOL        L?0034
  -------         PROC          L?0033
  -------         ENDPROC       L?0033
  C:3B2CH         SYMBOL        L?0034
  -------         PROC          _I2C_SENDBYTE
  D:0001H         SYMBOL        dat
  -------         DO            
  D:0003H         SYMBOL        i
BL51 BANKED LINKER/LOCATER V6.22                                                      01/18/2019  16:25:52  PAGE 39


  -------         ENDDO         
  C:3B30H         LINE#         125
  C:3B32H         LINE#         126
  C:3B32H         LINE#         129
  C:3B34H         LINE#         130
  C:3B34H         LINE#         131
  C:3B36H         LINE#         133
  C:3B3AH         LINE#         134
  C:3B3AH         LINE#         135
  C:3B3CH         LINE#         136
  C:3B3EH         LINE#         138
  C:3B3EH         LINE#         139
  C:3B40H         LINE#         140
  C:3B40H         LINE#         141
  C:3B43H         LINE#         142
  C:3B45H         LINE#         144
  C:3B49H         LINE#         145
  C:3B4CH         LINE#         146
  C:3B51H         LINE#         147
  -------         ENDPROC       _I2C_SENDBYTE
  -------         PROC          _WRITE_PI4IOE5V96248
  X:049AH         SYMBOL        xdat
  C:330CH         LINE#         148
  C:3317H         LINE#         149
  C:3317H         LINE#         150
  C:331AH         LINE#         151
  C:3321H         LINE#         152
  C:3326H         LINE#         153
  C:332CH         LINE#         154
  C:332CH         LINE#         155
  C:333EH         LINE#         156
  C:333EH         LINE#         158
  C:3344H         LINE#         159
  C:3344H         LINE#         160
  C:3354H         LINE#         161
  C:3354H         LINE#         162
  C:335AH         LINE#         163
  C:335AH         LINE#         164
  C:336AH         LINE#         165
  C:336AH         LINE#         166
  C:3370H         LINE#         167
  C:3370H         LINE#         168
  C:3381H         LINE#         169
  C:3381H         LINE#         171
  C:3387H         LINE#         172
  C:3387H         LINE#         173
  C:3398H         LINE#         174
  C:3398H         LINE#         175
  C:339EH         LINE#         176
  C:339EH         LINE#         177
  C:33AFH         LINE#         178
  C:33AFH         LINE#         180
  C:33B5H         LINE#         181
  C:33B8H         LINE#         182
  -------         ENDPROC       _WRITE_PI4IOE5V96248
  -------         ENDMOD        IOEXPANDER_PI4IOE5V96248

BL51 BANKED LINKER/LOCATER V6.22                                                      01/18/2019  16:25:52  PAGE 40


  -------         MODULE        ?C_STARTUP
  C:36C5H         SEGMENT       ?C_C51STARTUP
  I:0022H         SEGMENT       ?STACK
  C:0000H         PUBLIC        ?C_STARTUP
  D:00E0H         SYMBOL        ACC
  D:00F0H         SYMBOL        B
  D:0083H         SYMBOL        DPH
  D:0082H         SYMBOL        DPL
  N:0000H         SYMBOL        IBPSTACK
  N:0100H         SYMBOL        IBPSTACKTOP
  N:0080H         SYMBOL        IDATALEN
  C:36C8H         SYMBOL        IDATALOOP
  N:0000H         SYMBOL        PBPSTACK
  N:0100H         SYMBOL        PBPSTACKTOP
  N:0000H         SYMBOL        PDATALEN
  N:0000H         SYMBOL        PDATASTART
  N:0000H         SYMBOL        PPAGE
  N:0000H         SYMBOL        PPAGEENABLE
  D:00A0H         SYMBOL        PPAGE_SFR
  D:0081H         SYMBOL        SP
  C:36C5H         SYMBOL        STARTUP1
  N:0000H         SYMBOL        XBPSTACK
  N:0000H         SYMBOL        XBPSTACKTOP
  N:0000H         SYMBOL        XDATALEN
  N:0000H         SYMBOL        XDATASTART
  C:0000H         LINE#         126
  C:36C5H         LINE#         133
  C:36C7H         LINE#         134
  C:36C8H         LINE#         135
  C:36C9H         LINE#         136
  C:36CBH         LINE#         185
  C:36CEH         LINE#         196
  -------         ENDMOD        ?C_STARTUP

  -------         MODULE        ?C?FPADD
  C:002DH         PUBLIC        ?C?FPADD
  C:0029H         PUBLIC        ?C?FPSUB
  -------         ENDMOD        ?C?FPADD

  -------         MODULE        ?C?FPMUL
  C:011EH         PUBLIC        ?C?FPMUL
  -------         ENDMOD        ?C?FPMUL

  -------         MODULE        ?C?FPDIV
  C:0227H         PUBLIC        ?C?FPDIV
  -------         ENDMOD        ?C?FPDIV

  -------         MODULE        ?C?FPCMP
  C:02C6H         PUBLIC        ?C?FPCMP
  C:02C4H         PUBLIC        ?C?FPCMP3
  -------         ENDMOD        ?C?FPCMP

  -------         MODULE        ?C?FPNEG
  C:033DH         PUBLIC        ?C?FPNEG
  -------         ENDMOD        ?C?FPNEG

  -------         MODULE        ?C?FCAST
BL51 BANKED LINKER/LOCATER V6.22                                                      01/18/2019  16:25:52  PAGE 41


  C:0358H         PUBLIC        ?C?FCASTC
  C:0353H         PUBLIC        ?C?FCASTI
  C:034EH         PUBLIC        ?C?FCASTL
  -------         ENDMOD        ?C?FCAST

  -------         MODULE        ?C?CASTF
  C:038CH         PUBLIC        ?C?CASTF
  -------         ENDMOD        ?C?CASTF

  -------         MODULE        ATAN2
  X:0542H         PUBLIC        ?_atan2?BYTE
  C:3465H         PUBLIC        _atan2
  -------         ENDMOD        ATAN2

  -------         MODULE        SIN
  C:2C5DH         PUBLIC        _COS
  C:2C73H         PUBLIC        _SIN
  C:2CAFH         PUBLIC        _TAN
  -------         ENDMOD        SIN

  -------         MODULE        ACOS
  C:395CH         PUBLIC        _ACOS
  -------         ENDMOD        ACOS

  -------         MODULE        ASIN
  C:3A6AH         PUBLIC        _ASIN
  -------         ENDMOD        ASIN

  -------         MODULE        SQRT
  C:33BDH         PUBLIC        _SQRT
  -------         ENDMOD        SQRT

  -------         MODULE        ATAN
  C:2EFBH         PUBLIC        _ATAN
  -------         ENDMOD        ATAN

  -------         MODULE        ?C?COPY
  C:052AH         PUBLIC        ?C?COPY
  -------         ENDMOD        ?C?COPY

  -------         MODULE        ?C?CLDPTR
  C:0550H         PUBLIC        ?C?CLDPTR
  -------         ENDMOD        ?C?CLDPTR

  -------         MODULE        ?C?CLDOPTR
  C:0569H         PUBLIC        ?C?CLDOPTR
  -------         ENDMOD        ?C?CLDOPTR

  -------         MODULE        ?C?CSTPTR
  C:0596H         PUBLIC        ?C?CSTPTR
  -------         ENDMOD        ?C?CSTPTR

  -------         MODULE        ?C?IMUL
  C:05A8H         PUBLIC        ?C?IMUL
  -------         ENDMOD        ?C?IMUL

  -------         MODULE        ?C?UIDIV
BL51 BANKED LINKER/LOCATER V6.22                                                      01/18/2019  16:25:52  PAGE 42


  C:05BAH         PUBLIC        ?C?UIDIV
  -------         ENDMOD        ?C?UIDIV

  -------         MODULE        ?C?SIDIV
  C:060FH         PUBLIC        ?C?SIDIV
  -------         ENDMOD        ?C?SIDIV

  -------         MODULE        ?C?ILDIX
  C:0645H         PUBLIC        ?C?ILDIX
  -------         ENDMOD        ?C?ILDIX

  -------         MODULE        ?C?ILDOPTR
  C:065BH         PUBLIC        ?C?ILDOPTR
  -------         ENDMOD        ?C?ILDOPTR

  -------         MODULE        ?C?LMUL
  C:0693H         PUBLIC        ?C?LMUL
  -------         ENDMOD        ?C?LMUL

  -------         MODULE        ?C?SLDIV
  C:39A6H         PUBLIC        ?C?SLDIV
  -------         ENDMOD        ?C?SLDIV

  -------         MODULE        ?C?LNEG
  C:06E2H         PUBLIC        ?C?LNEG
  -------         ENDMOD        ?C?LNEG

  -------         MODULE        ?C?LLDPTR
  C:06F0H         PUBLIC        ?C?LLDPTR
  -------         ENDMOD        ?C?LLDPTR

  -------         MODULE        ?C?LLDOPTR
  C:0710H         PUBLIC        ?C?LLDOPTR
  -------         ENDMOD        ?C?LLDOPTR

  -------         MODULE        ?C?LSTPTR
  C:0740H         PUBLIC        ?C?LSTPTR
  -------         ENDMOD        ?C?LSTPTR

  -------         MODULE        ?C?LSTOPTR
  C:075AH         PUBLIC        ?C?LSTOPTR
  -------         ENDMOD        ?C?LSTOPTR

  -------         MODULE        ?C?LLDXDATA
  C:077EH         PUBLIC        ?C?LLDXDATA
  -------         ENDMOD        ?C?LLDXDATA

  -------         MODULE        ?C?LLDCODE
  C:078AH         PUBLIC        ?C?LLDCODE
  -------         ENDMOD        ?C?LLDCODE

  -------         MODULE        ?C?LLDXDATA0
  C:079AH         PUBLIC        ?C?LLDXDATA0
  -------         ENDMOD        ?C?LLDXDATA0

  -------         MODULE        ?C?LLDCODE0
  C:07A6H         PUBLIC        ?C?LLDCODE0
BL51 BANKED LINKER/LOCATER V6.22                                                      01/18/2019  16:25:52  PAGE 43


  -------         ENDMOD        ?C?LLDCODE0

  -------         MODULE        ?C?LLDPTR0
  C:07B6H         PUBLIC        ?C?LLDPTR0
  -------         ENDMOD        ?C?LLDPTR0

  -------         MODULE        ?C?LSTXDATA
  C:07D6H         PUBLIC        ?C?LSTXDATA
  -------         ENDMOD        ?C?LSTXDATA

  -------         MODULE        ?C?LSTKXDATA
  C:07E2H         PUBLIC        ?C?LSTKXDATA
  -------         ENDMOD        ?C?LSTKXDATA

  -------         MODULE        ?C?OFFXADD
  C:0813H         PUBLIC        ?C?OFFXADD
  -------         ENDMOD        ?C?OFFXADD

  -------         MODULE        ABS
  C:3D65H         PUBLIC        _ABS
  -------         ENDMOD        ABS

  -------         MODULE        ATOI
  C:2FFDH         PUBLIC        _atoi
  -------         ENDMOD        ATOI

  -------         MODULE        ?C?IILDX
  C:081FH         PUBLIC        ?C?IILDX
  -------         ENDMOD        ?C?IILDX

  -------         MODULE        ?C?ULDIV
  C:0871H         PUBLIC        ?C?ULDIV
  -------         ENDMOD        ?C?ULDIV

  -------         MODULE        ?C?LLDIDATA
  C:0903H         PUBLIC        ?C?LLDIDATA
  -------         ENDMOD        ?C?LLDIDATA

  -------         MODULE        ?C?LLDPDATA
  C:090FH         PUBLIC        ?C?LLDPDATA
  -------         ENDMOD        ?C?LLDPDATA

  -------         MODULE        ?C?LLDIDATA0
  C:091BH         PUBLIC        ?C?LLDIDATA0
  -------         ENDMOD        ?C?LLDIDATA0

  -------         MODULE        ?C?LLDPDATA0
  C:0928H         PUBLIC        ?C?LLDPDATA0
  -------         ENDMOD        ?C?LLDPDATA0

  -------         MODULE        ?C?LSTIDATA
  C:0935H         PUBLIC        ?C?LSTIDATA
  -------         ENDMOD        ?C?LSTIDATA

  -------         MODULE        ?C?LSTPDATA
  C:0941H         PUBLIC        ?C?LSTPDATA
  -------         ENDMOD        ?C?LSTPDATA
BL51 BANKED LINKER/LOCATER V6.22                                                      01/18/2019  16:25:52  PAGE 44



  -------         MODULE        ISDIGIT
  C:3D3DH         PUBLIC        _isdigit
  -------         ENDMOD        ISDIGIT

  -------         MODULE        ISSPACE
  C:3CD8H         PUBLIC        _isspace
  -------         ENDMOD        ISSPACE

*** WARNING L16: UNCALLED SEGMENT, IGNORED FOR OVERLAY PROCESS
    SEGMENT: ?PR?_CALIB_INTERPOLATE?MAIN

*** WARNING L16: UNCALLED SEGMENT, IGNORED FOR OVERLAY PROCESS
    SEGMENT: ?PR?_DISPLAY_PROX?MAIN

*** WARNING L16: UNCALLED SEGMENT, IGNORED FOR OVERLAY PROCESS
    SEGMENT: ?PR?INITUART1?UART1

*** WARNING L16: UNCALLED SEGMENT, IGNORED FOR OVERLAY PROCESS
    SEGMENT: ?PR?_SENDSTRING?UART1

*** WARNING L16: UNCALLED SEGMENT, IGNORED FOR OVERLAY PROCESS
    SEGMENT: ?PR?_TEN?UART1

*** WARNING L16: UNCALLED SEGMENT, IGNORED FOR OVERLAY PROCESS
    SEGMENT: ?PR?_UNIT?UART1

*** WARNING L16: UNCALLED SEGMENT, IGNORED FOR OVERLAY PROCESS
    SEGMENT: ?PR?_DECTOBCD?UART1

*** WARNING L16: UNCALLED SEGMENT, IGNORED FOR OVERLAY PROCESS
    SEGMENT: ?PR?_ASCII_LETTER?UART1

*** WARNING L16: UNCALLED SEGMENT, IGNORED FOR OVERLAY PROCESS
    SEGMENT: ?PR?WAIT?BIPOLARMOTOR

*** WARNING L16: UNCALLED SEGMENT, IGNORED FOR OVERLAY PROCESS
    SEGMENT: ?PR?_FINDDET4X4?BIPOLARMOTOR

*** WARNING L16: UNCALLED SEGMENT, IGNORED FOR OVERLAY PROCESS
    SEGMENT: ?PR?NOP?IOEXPANDER_PI4IOE5V96248

*** WARNING L16: UNCALLED SEGMENT, IGNORED FOR OVERLAY PROCESS
    SEGMENT: ?PR?UC_ACK?IOEXPANDER_PI4IOE5V96248

*** WARNING L16: UNCALLED SEGMENT, IGNORED FOR OVERLAY PROCESS
    SEGMENT: ?PR?UC_NACK?IOEXPANDER_PI4IOE5V96248

*** WARNING L1: UNRESOLVED EXTERNAL SYMBOL
    SYMBOL:  AUTO_MODE
    MODULE:  .\Obj\main.obj (MAIN)

*** WARNING L2: REFERENCE MADE TO UNRESOLVED EXTERNAL
    SYMBOL:  AUTO_MODE
    MODULE:  .\Obj\main.obj (MAIN)
    ADDRESS: 1C6EH

BL51 BANKED LINKER/LOCATER V6.22                                                      01/18/2019  16:25:52  PAGE 45


*** WARNING L2: REFERENCE MADE TO UNRESOLVED EXTERNAL
    SYMBOL:  AUTO_MODE
    MODULE:  .\Obj\main.obj (MAIN)
    ADDRESS: 1D3EH

*** WARNING L2: REFERENCE MADE TO UNRESOLVED EXTERNAL
    SYMBOL:  AUTO_MODE
    MODULE:  .\Obj\main.obj (MAIN)
    ADDRESS: 1D4CH

*** WARNING L2: REFERENCE MADE TO UNRESOLVED EXTERNAL
    SYMBOL:  AUTO_MODE
    MODULE:  .\Obj\main.obj (MAIN)
    ADDRESS: 1D5EH

*** WARNING L2: REFERENCE MADE TO UNRESOLVED EXTERNAL
    SYMBOL:  AUTO_MODE
    MODULE:  .\Obj\main.obj (MAIN)
    ADDRESS: 1DA0H

*** WARNING L2: REFERENCE MADE TO UNRESOLVED EXTERNAL
    SYMBOL:  AUTO_MODE
    MODULE:  .\Obj\main.obj (MAIN)
    ADDRESS: 1E73H

*** WARNING L1: UNRESOLVED EXTERNAL SYMBOL
    SYMBOL:  AUTO_MODE
    MODULE:  .\Obj\KeyPad.obj (KEYPAD)

*** WARNING L2: REFERENCE MADE TO UNRESOLVED EXTERNAL
    SYMBOL:  AUTO_MODE
    MODULE:  .\Obj\KeyPad.obj (KEYPAD)
    ADDRESS: 230EH

*** WARNING L2: REFERENCE MADE TO UNRESOLVED EXTERNAL
    SYMBOL:  AUTO_MODE
    MODULE:  .\Obj\KeyPad.obj (KEYPAD)
    ADDRESS: 2319H

*** WARNING L2: REFERENCE MADE TO UNRESOLVED EXTERNAL
    SYMBOL:  AUTO_MODE
    MODULE:  .\Obj\KeyPad.obj (KEYPAD)
    ADDRESS: 2320H

Program Size: data=18.2 xdata=1743 code=15775
LINK/LOCATE RUN COMPLETE.  24 WARNING(S),  0 ERROR(S)
