BL51 BANKED LINKER/LOCATER V6.22                                                        05/16/2019  09:42:24  PAGE 1


BL51 BANKED LINKER/LOCATER V6.22, INVOKED BY:
C:\KEIL_V5\C51\BIN\BL51.EXE .\Obj\main.obj, .\Obj\PCF85063BTL.obj, .\Obj\UART1.obj, .\Obj\LCd_Driver_SPLC780D.obj, .\Obj
>> \KeyPad.obj, .\Obj\BipolarMotor.obj, .\Obj\SunPos.obj, .\Obj\ADC.obj, .\Obj\Calibration.obj, .\Obj\IOExpander_PI4IOE5
>> V96248.obj, .\Obj\AT25SF041.obj, .\Obj\STARTUP.obj TO .\Obj\GPIO_RTC_Test PRINT (.\Lis\GPIO_RTC_Test.m51) RAMSIZE (25
>> 6)


MEMORY MODEL: LARGE WITH FLOATING POINT ARITHMETIC


INPUT MODULES INCLUDED:
  .\Obj\main.obj (MAIN)
  .\Obj\PCF85063BTL.obj (PCF85063BTL)
  .\Obj\UART1.obj (UART1)
  .\Obj\LCd_Driver_SPLC780D.obj (LCD_DRIVER_SPLC780D)
  .\Obj\KeyPad.obj (KEYPAD)
  .\Obj\BipolarMotor.obj (BIPOLARMOTOR)
  .\Obj\SunPos.obj (SUNPOS)
  .\Obj\ADC.obj (ADC)
  .\Obj\Calibration.obj (CALIBRATION)
  .\Obj\IOExpander_PI4IOE5V96248.obj (IOEXPANDER_PI4IOE5V96248)
  .\Obj\AT25SF041.obj (AT25SF041)
  .\Obj\STARTUP.obj (?C_STARTUP)
  C:\KEIL_V5\C51\LIB\C51FPL.LIB (?C?FPADD)
  C:\KEIL_V5\C51\LIB\C51FPL.LIB (?C?FPMUL)
  C:\KEIL_V5\C51\LIB\C51FPL.LIB (?C?FPDIV)
  C:\KEIL_V5\C51\LIB\C51FPL.LIB (?C?FPCMP)
  C:\KEIL_V5\C51\LIB\C51FPL.LIB (?C?FPNEG)
  C:\KEIL_V5\C51\LIB\C51FPL.LIB (?C?FCAST)
  C:\KEIL_V5\C51\LIB\C51FPL.LIB (?C?CASTF)
  C:\KEIL_V5\C51\LIB\C51FPL.LIB (ATAN2)
  C:\KEIL_V5\C51\LIB\C51FPL.LIB (SIN)
  C:\KEIL_V5\C51\LIB\C51FPL.LIB (ACOS)
  C:\KEIL_V5\C51\LIB\C51FPL.LIB (ASIN)
  C:\KEIL_V5\C51\LIB\C51FPL.LIB (POW)
  C:\KEIL_V5\C51\LIB\C51FPL.LIB (?C?FPGETOPN)
  C:\KEIL_V5\C51\LIB\C51FPL.LIB (?C?CHKFLOAT)
  C:\KEIL_V5\C51\LIB\C51FPL.LIB (?C?FPSERIES)
  C:\KEIL_V5\C51\LIB\C51FPL.LIB (EXP)
  C:\KEIL_V5\C51\LIB\C51FPL.LIB (LOG)
  C:\KEIL_V5\C51\LIB\C51FPL.LIB (SQRT)
  C:\KEIL_V5\C51\LIB\C51FPL.LIB (ATAN)
  C:\KEIL_V5\C51\LIB\C51L.LIB (?C_INIT)
  C:\KEIL_V5\C51\LIB\C51L.LIB (?C?COPY)
  C:\KEIL_V5\C51\LIB\C51L.LIB (?C?CLDPTR)
  C:\KEIL_V5\C51\LIB\C51L.LIB (?C?CLDOPTR)
  C:\KEIL_V5\C51\LIB\C51L.LIB (?C?CSTPTR)
  C:\KEIL_V5\C51\LIB\C51L.LIB (?C?IMUL)
  C:\KEIL_V5\C51\LIB\C51L.LIB (?C?UIDIV)
  C:\KEIL_V5\C51\LIB\C51L.LIB (?C?SIDIV)
  C:\KEIL_V5\C51\LIB\C51L.LIB (?C?ILDIX)
  C:\KEIL_V5\C51\LIB\C51L.LIB (?C?ILDOPTR)
  C:\KEIL_V5\C51\LIB\C51L.LIB (?C?ISTPTR)
  C:\KEIL_V5\C51\LIB\C51L.LIB (?C?LMUL)
  C:\KEIL_V5\C51\LIB\C51L.LIB (?C?SLDIV)
  C:\KEIL_V5\C51\LIB\C51L.LIB (?C?LNEG)
  C:\KEIL_V5\C51\LIB\C51L.LIB (?C?ULCMP)
  C:\KEIL_V5\C51\LIB\C51L.LIB (?C?LSHL)
BL51 BANKED LINKER/LOCATER V6.22                                                      05/16/2019  09:42:24  PAGE 2


  C:\KEIL_V5\C51\LIB\C51L.LIB (?C?LLDPTR)
  C:\KEIL_V5\C51\LIB\C51L.LIB (?C?LLDOPTR)
  C:\KEIL_V5\C51\LIB\C51L.LIB (?C?LSTPTR)
  C:\KEIL_V5\C51\LIB\C51L.LIB (?C?LSTOPTR)
  C:\KEIL_V5\C51\LIB\C51L.LIB (?C?LLDXDATA)
  C:\KEIL_V5\C51\LIB\C51L.LIB (?C?LLDCODE)
  C:\KEIL_V5\C51\LIB\C51L.LIB (?C?LLDXDATA0)
  C:\KEIL_V5\C51\LIB\C51L.LIB (?C?LLDCODE0)
  C:\KEIL_V5\C51\LIB\C51L.LIB (?C?LLDPTR0)
  C:\KEIL_V5\C51\LIB\C51L.LIB (?C?LSTXDATA)
  C:\KEIL_V5\C51\LIB\C51L.LIB (?C?LSTKXDATA)
  C:\KEIL_V5\C51\LIB\C51L.LIB (?C?LSTKPTR)
  C:\KEIL_V5\C51\LIB\C51L.LIB (?C?OFFXADD)
  C:\KEIL_V5\C51\LIB\C51L.LIB (ATOI)
  C:\KEIL_V5\C51\LIB\C51L.LIB (?C?IILDX)
  C:\KEIL_V5\C51\LIB\C51L.LIB (?C?ULDIV)
  C:\KEIL_V5\C51\LIB\C51L.LIB (?C?LLDIDATA)
  C:\KEIL_V5\C51\LIB\C51L.LIB (?C?LLDPDATA)
  C:\KEIL_V5\C51\LIB\C51L.LIB (?C?LLDIDATA0)
  C:\KEIL_V5\C51\LIB\C51L.LIB (?C?LLDPDATA0)
  C:\KEIL_V5\C51\LIB\C51L.LIB (?C?LSTIDATA)
  C:\KEIL_V5\C51\LIB\C51L.LIB (?C?LSTPDATA)
  C:\KEIL_V5\C51\LIB\C51L.LIB (?C?LSTKIDATA)
  C:\KEIL_V5\C51\LIB\C51L.LIB (?C?LSTKPDATA)
  C:\KEIL_V5\C51\LIB\C51L.LIB (ISDIGIT)
  C:\KEIL_V5\C51\LIB\C51L.LIB (ISSPACE)


LINK MAP OF MODULE:  .\Obj\GPIO_RTC_Test (MAIN)


            TYPE    BASE      LENGTH    RELOCATION   SEGMENT NAME
            -----------------------------------------------------

            * * * * * * *   D A T A   M E M O R Y   * * * * * * *
            REG     0000H     0008H     ABSOLUTE     "REG BANK 0"
                    0008H     0018H                  *** GAP ***
            BIT     0020H.0   0000H.4   UNIT         _BIT_GROUP_
            BIT     0020H.4   0000H.1   UNIT         ?BI?MAIN
            BIT     0020H.5   0000H.1   UNIT         ?BI?_ATOI?ATOI
                    0020H.6   0000H.2                *** GAP ***
            IDATA   0021H     0001H     UNIT         ?STACK

            * * * * * * *  X D A T A   M E M O R Y  * * * * * * *
            XDATA   0000H     03C1H     UNIT         ?XD?BIPOLARMOTOR
            XDATA   03C1H     0123H     UNIT         _XDATA_GROUP_
            XDATA   04E4H     00FCH     UNIT         ?XD?MAIN
            XDATA   05E0H     0019H     UNIT         ?XD?KEYPAD
            XDATA   05F9H     0008H     UNIT         ?XD?_AT25SF041_READ?AT25SF041
            XDATA   0601H     0005H     UNIT         ?XD?_ATOI?ATOI
            XDATA   0606H     0003H     UNIT         ?XD?_SENDSTRING?UART1
            XDATA   0609H     0001H     UNIT         ?XD?UC_ACK?IOEXPANDER_PI4IOE5V96248
            XDATA   060AH     0001H     UNIT         ?XD?UC_NACK?IOEXPANDER_PI4IOE5V96248

            * * * * * * *   C O D E   M E M O R Y   * * * * * * *
            CODE    0000H     0003H     ABSOLUTE     
            CODE    0003H     0003H     ABSOLUTE     
BL51 BANKED LINKER/LOCATER V6.22                                                      05/16/2019  09:42:24  PAGE 3


            CODE    0006H     0005H     UNIT         ?PR?_UNIT?UART1
            CODE    000BH     0003H     ABSOLUTE     
            CODE    000EH     000DH     UNIT         ?PR?SPI_INIT?PCF85063BTL
            CODE    001BH     0003H     ABSOLUTE     
            CODE    001EH     0BB0H     UNIT         ?PR?MAIN?MAIN
            CODE    0BCEH     09D0H     UNIT         ?C?LIB_CODE
            CODE    159EH     07A2H     UNIT         ?PR?SUNPOS?SUNPOS
            CODE    1D40H     063CH     UNIT         ?PR?_UPDATE_POSITION?BIPOLARMOTOR
            CODE    237CH     04FBH     UNIT         ?PR?_THEORICALJP_POSITION?BIPOLARMOTOR
            CODE    2877H     0494H     UNIT         ?PR?_FIND_REAL_MAX?CALIBRATION
            CODE    2D0BH     040EH     UNIT         ?C_INITSEG
            CODE    3119H     038CH     UNIT         ?PR?KEY_PROCESS?KEYPAD
            CODE    34A5H     0380H     UNIT         ?PR?_ELEVATION_CALCULATION?BIPOLARMOTOR
            CODE    3825H     01C0H     UNIT         ?PR?_CALIBRATION?CALIBRATION
            CODE    39E5H     018DH     UNIT         ?PR?KEY_SCAN?KEYPAD
            CODE    3B72H     0189H     UNIT         ?PR?SPI_NOR_WRITE_DATA?AT25SF041
            CODE    3CFBH     0188H     UNIT         ?PR?SIN?SIN
            CODE    3E83H     0166H     UNIT         ?PR?_POW?POW
            CODE    3FE9H     0155H     UNIT         ?PR?_DISPLAY_POS?LCD_DRIVER_SPLC780D
            CODE    413EH     0129H     UNIT         ?PR?LOG?LOG
            CODE    4267H     0122H     UNIT         ?PR?ATAN?ATAN
            CODE    4389H     0110H     UNIT         ?PR?_AT25SF041_READ?AT25SF041
            CODE    4499H     0102H     UNIT         ?PR?_AT25SF041_WRITE?AT25SF041
            CODE    459BH     00F5H     UNIT         ?PR?EXINT0?MAIN
            CODE    4690H     00DBH     UNIT         ?PR?_ATOI?ATOI
            CODE    476BH     00C3H     UNIT         ?PR?LINEAR_INTERPOLATE?BIPOLARMOTOR
            CODE    482EH     00BBH     UNIT         ?PR?VOLTAGE_IS_STABLE?CALIBRATION
            CODE    48E9H     00ADH     UNIT         ?PR?_WRITE_PI4IOE5V96248?IOEXPANDER_PI4IOE5V96248
            CODE    4996H     00ACH     UNIT         ?PR?SQRT?SQRT
            CODE    4A42H     00A1H     UNIT         ?PR?UCREAD_STATUS_REGISTER_BYTE1?AT25SF041
            CODE    4AE3H     009DH     UNIT         ?PR?_ATAN2?ATAN2
            CODE    4B80H     009CH     UNIT         ?PR?_MAX_VALUE?CALIBRATION
            CODE    4C1CH     009AH     UNIT         ?PR?EXP?EXP
            CODE    4CB6H     008CH     UNIT         ?C_C51STARTUP
            CODE    4D42H     0088H     UNIT         ?PR?_DAY_OF_YEAR?PCF85063BTL
            CODE    4DCAH     0079H     UNIT         ?PR?_WRITEDATA?LCD_DRIVER_SPLC780D
            CODE    4E43H     0072H     UNIT         ?PR?AT25SF041_WRITEENABLE?AT25SF041
            CODE    4EB5H     006FH     UNIT         ?PR?_READ_TIME?PCF85063BTL
            CODE    4F24H     006BH     UNIT         ?PR?_STEP_MOVE?BIPOLARMOTOR
            CODE    4F8FH     005AH     UNIT         ?PR?AT25SF041_CHIPERASE?AT25SF041
            CODE    4FE9H     0059H     UNIT         ?PR?LCD_INIT?LCD_DRIVER_SPLC780D
            CODE    5042H     004AH     UNIT         ?PR?VONESTEPMOVE?BIPOLARMOTOR
            CODE    508CH     004AH     UNIT         ?PR?ACOS?ACOS
            CODE    50D6H     0044H     UNIT         ?C?LDIV
            CODE    511AH     0040H     UNIT         ?PR?_COMMAND?LCD_DRIVER_SPLC780D
            CODE    515AH     003BH     UNIT         ?PR?ASIN?ASIN
            CODE    5195H     0033H     UNIT         ?PR?_SENDSTRING?UART1
            CODE    51C8H     002BH     UNIT         ?PR?_WAIT_MS_I2C?IOEXPANDER_PI4IOE5V96248
            CODE    51F3H     002BH     UNIT         ?PR?_WAIT_MS_SPINOR?AT25SF041
            CODE    521EH     002AH     UNIT         ?PR?_ADC_GETRESULT?ADC
            CODE    5248H     0028H     UNIT         ?PR?_MOVE?BIPOLARMOTOR
            CODE    5270H     0027H     UNIT         ?PR?_I2C_SENDBYTE?IOEXPANDER_PI4IOE5V96248
            CODE    5297H     0025H     UNIT         ?PR?_FINDCLOSESTSAMEDAYCALIBTIME?CALIBRATION
            CODE    52BCH     0024H     UNIT         ?PR?_WAIT_MS?LCD_DRIVER_SPLC780D
            CODE    52E0H     0021H     UNIT         ?PR?TM0_ISR?MAIN
            CODE    5301H     0020H     UNIT         ?PR?_SPI_SENDBYTE?PCF85063BTL
            CODE    5321H     0020H     UNIT         ?PR?SPI_RECEIVEBYTE?PCF85063BTL
BL51 BANKED LINKER/LOCATER V6.22                                                      05/16/2019  09:42:24  PAGE 4


            CODE    5341H     001EH     UNIT         ?PR?_DELAY_MS?KEYPAD
            CODE    535FH     001DH     UNIT         ?PR?_DISPLAYLCD?LCD_DRIVER_SPLC780D
            CODE    537CH     001BH     UNIT         ?PR?_BCDTODEC1?BIPOLARMOTOR
            CODE    5397H     001AH     UNIT         ?PR?ADC_INIT?ADC
            CODE    53B1H     0018H     UNIT         ?PR?_SPI_WRITETIME?PCF85063BTL
            CODE    53C9H     0017H     UNIT         ?PR?_ASCIITOBCD?UART1
            CODE    53E0H     0016H     UNIT         ?PR?I2C_ACK?IOEXPANDER_PI4IOE5V96248
            CODE    53F6H     0015H     UNIT         ?PR?_DISPLAY_LINE?LCD_DRIVER_SPLC780D
            CODE    540BH     0015H     UNIT         ?PR?VSETLOCATION?BIPOLARMOTOR
            CODE    5420H     0015H     UNIT         ?PR?I2C_STOP?IOEXPANDER_PI4IOE5V96248
            CODE    5435H     0014H     UNIT         ?PR?_PCF85063BTL_DELAY?PCF85063BTL
            CODE    5449H     0014H     UNIT         ?PR?_ABS?LCD_DRIVER_SPLC780D
            CODE    545DH     0014H     UNIT         ?PR?_ISSPACE?ISSPACE
            CODE    5471H     0011H     UNIT         ?PR?_SPI_READTIME?PCF85063BTL
            CODE    5482H     0011H     UNIT         ?PR?_BCDTODEC?PCF85063BTL
            CODE    5493H     0011H     UNIT         ?PR?INITUART1?UART1
            CODE    54A4H     000FH     UNIT         ?PR?I2C_START?IOEXPANDER_PI4IOE5V96248
            CODE    54B3H     000FH     UNIT         ?PR?UC_NACK?IOEXPANDER_PI4IOE5V96248
            CODE    54C2H     000FH     UNIT         ?PR?_ISDIGIT?ISDIGIT
            CODE    54D1H     000CH     UNIT         ?PR?KEYPAD_IO_INIT?KEYPAD
            CODE    54DDH     000AH     UNIT         ?PR?LCD_RETURN_HOME?LCD_DRIVER_SPLC780D
            CODE    54E7H     000AH     UNIT         ?PR?LCD_CLEAR?LCD_DRIVER_SPLC780D
            CODE    54F1H     0009H     UNIT         ?PR?TM1_ISR?MAIN
            CODE    54FAH     0006H     UNIT         ?PR?_TEN?UART1
            CODE    5500H     0006H     UNIT         ?PR?UC_ACK?IOEXPANDER_PI4IOE5V96248
            CODE    5506H     0005H     UNIT         ?PR?_ASCII_LETTER?UART1
            CODE    550BH     0001H     UNIT         ?PR?_DECTOBCD?UART1
            CODE    550CH     0001H     UNIT         ?PR?NOP?IOEXPANDER_PI4IOE5V96248



OVERLAY MAP OF MODULE:   .\Obj\GPIO_RTC_Test (MAIN)


SEGMENT                                             BIT_GROUP          XDATA_GROUP
  +--> CALLED SEGMENT                            START    LENGTH     START    LENGTH
------------------------------------------------------------------------------------
?PR?EXINT0?MAIN                                  -----    -----      -----    -----
  +--> ?PR?_POW?POW

?PR?_POW?POW                                     -----    -----      03C1H    000AH
  +--> ?PR?LOG?LOG
  +--> ?PR?EXP?EXP

?PR?LOG?LOG                                      0020H.0  0000H.1    03CBH    0004H

*** NEW ROOT ***************************************************

?C_C51STARTUP                                    -----    -----      -----    -----
  +--> ?PR?MAIN?MAIN
  +--> ?C_INITSEG

?PR?MAIN?MAIN                                    -----    -----      03CFH    002AH
  +--> ?PR?LCD_INIT?LCD_DRIVER_SPLC780D
  +--> ?PR?SPI_INIT?PCF85063BTL
  +--> ?PR?KEYPAD_IO_INIT?KEYPAD
  +--> ?PR?ADC_INIT?ADC
BL51 BANKED LINKER/LOCATER V6.22                                                      05/16/2019  09:42:24  PAGE 5


  +--> ?PR?VSETLOCATION?BIPOLARMOTOR
  +--> ?PR?_DISPLAY_LINE?LCD_DRIVER_SPLC780D
  +--> ?PR?_WRITEDATA?LCD_DRIVER_SPLC780D
  +--> ?PR?KEY_PROCESS?KEYPAD
  +--> ?PR?_COMMAND?LCD_DRIVER_SPLC780D
  +--> ?PR?_DISPLAY_POS?LCD_DRIVER_SPLC780D
  +--> ?PR?_DISPLAYLCD?LCD_DRIVER_SPLC780D
  +--> ?PR?_STEP_MOVE?BIPOLARMOTOR
  +--> ?PR?LCD_RETURN_HOME?LCD_DRIVER_SPLC780D
  +--> ?PR?_READ_TIME?PCF85063BTL
  +--> ?PR?_BCDTODEC1?BIPOLARMOTOR
  +--> ?PR?_ELEVATION_CALCULATION?BIPOLARMOTOR
  +--> ?PR?SIN?SIN
  +--> ?PR?_CALIBRATION?CALIBRATION
  +--> ?PR?AT25SF041_WRITEENABLE?AT25SF041
  +--> ?PR?_AT25SF041_WRITE?AT25SF041
  +--> ?PR?_WAIT_MS_SPINOR?AT25SF041
  +--> ?PR?_UPDATE_POSITION?BIPOLARMOTOR
  +--> ?PR?_ADC_GETRESULT?ADC
  +--> ?PR?SPI_NOR_WRITE_DATA?AT25SF041
  +--> ?PR?LINEAR_INTERPOLATE?BIPOLARMOTOR
  +--> ?PR?_FINDCLOSESTSAMEDAYCALIBTIME?CALI...
  +--> ?PR?LCD_CLEAR?LCD_DRIVER_SPLC780D
  +--> ?PR?AT25SF041_CHIPERASE?AT25SF041

?PR?LCD_INIT?LCD_DRIVER_SPLC780D                 -----    -----      -----    -----
  +--> ?PR?_WAIT_MS?LCD_DRIVER_SPLC780D
  +--> ?PR?_COMMAND?LCD_DRIVER_SPLC780D

?PR?_COMMAND?LCD_DRIVER_SPLC780D                 -----    -----      -----    -----
  +--> ?PR?_WAIT_MS?LCD_DRIVER_SPLC780D

?PR?_DISPLAY_LINE?LCD_DRIVER_SPLC780D            -----    -----      -----    -----
  +--> ?PR?_COMMAND?LCD_DRIVER_SPLC780D

?PR?_WRITEDATA?LCD_DRIVER_SPLC780D               -----    -----      04E3H    0001H
  +--> ?PR?_WAIT_MS?LCD_DRIVER_SPLC780D

?PR?KEY_PROCESS?KEYPAD                           -----    -----      03F9H    0006H
  +--> ?PR?KEY_SCAN?KEYPAD
  +--> ?PR?_SPI_WRITETIME?PCF85063BTL
  +--> ?PR?LCD_CLEAR?LCD_DRIVER_SPLC780D
  +--> ?PR?_COMMAND?LCD_DRIVER_SPLC780D
  +--> ?PR?_WRITEDATA?LCD_DRIVER_SPLC780D

?PR?KEY_SCAN?KEYPAD                              -----    -----      03FFH    0003H

?PR?_SPI_WRITETIME?PCF85063BTL                   -----    -----      -----    -----
  +--> ?PR?_SPI_SENDBYTE?PCF85063BTL

?PR?_SPI_SENDBYTE?PCF85063BTL                    -----    -----      -----    -----
  +--> ?PR?_PCF85063BTL_DELAY?PCF85063BTL

?PR?LCD_CLEAR?LCD_DRIVER_SPLC780D                -----    -----      -----    -----
  +--> ?PR?_COMMAND?LCD_DRIVER_SPLC780D

?PR?_DISPLAY_POS?LCD_DRIVER_SPLC780D             -----    -----      04D8H    000BH
BL51 BANKED LINKER/LOCATER V6.22                                                      05/16/2019  09:42:24  PAGE 6


  +--> ?PR?_ABS?LCD_DRIVER_SPLC780D
  +--> ?PR?_WRITEDATA?LCD_DRIVER_SPLC780D

?PR?_DISPLAYLCD?LCD_DRIVER_SPLC780D              -----    -----      04E0H    0001H
  +--> ?PR?_WRITEDATA?LCD_DRIVER_SPLC780D

?PR?_STEP_MOVE?BIPOLARMOTOR                      0020H.2  0000H.1    04DCH    0004H
  +--> ?PR?VONESTEPMOVE?BIPOLARMOTOR
  +--> ?PR?_DISPLAY_LINE?LCD_DRIVER_SPLC780D
  +--> ?PR?_DISPLAYLCD?LCD_DRIVER_SPLC780D
  +--> ?PR?_WRITEDATA?LCD_DRIVER_SPLC780D

?PR?VONESTEPMOVE?BIPOLARMOTOR                    0020H.3  0000H.1    -----    -----
  +--> ?PR?_WRITE_PI4IOE5V96248?IOEXPANDER_P...
  +--> ?PR?_DELAY_MS?KEYPAD

?PR?_WRITE_PI4IOE5V96248?IOEXPANDER_P...         -----    -----      04E0H    0003H
  +--> ?PR?I2C_START?IOEXPANDER_PI4IOE5V96248
  +--> ?PR?_WAIT_MS_I2C?IOEXPANDER_PI4IOE5V9...
  +--> ?PR?_I2C_SENDBYTE?IOEXPANDER_PI4IOE5V...
  +--> ?PR?I2C_ACK?IOEXPANDER_PI4IOE5V96248
  +--> ?PR?I2C_STOP?IOEXPANDER_PI4IOE5V96248

?PR?I2C_START?IOEXPANDER_PI4IOE5V96248           -----    -----      -----    -----
  +--> ?PR?_WAIT_MS_I2C?IOEXPANDER_PI4IOE5V9...

?PR?_I2C_SENDBYTE?IOEXPANDER_PI4IOE5V...         -----    -----      -----    -----
  +--> ?PR?_WAIT_MS_I2C?IOEXPANDER_PI4IOE5V9...

?PR?I2C_ACK?IOEXPANDER_PI4IOE5V96248             -----    -----      04E3H    0001H
  +--> ?PR?_WAIT_MS_I2C?IOEXPANDER_PI4IOE5V9...

?PR?I2C_STOP?IOEXPANDER_PI4IOE5V96248            -----    -----      -----    -----
  +--> ?PR?_WAIT_MS_I2C?IOEXPANDER_PI4IOE5V9...

?PR?LCD_RETURN_HOME?LCD_DRIVER_SPLC780D          -----    -----      -----    -----
  +--> ?PR?_COMMAND?LCD_DRIVER_SPLC780D

?PR?_READ_TIME?PCF85063BTL                       -----    -----      03F9H    000FH
  +--> ?PR?_SPI_READTIME?PCF85063BTL

?PR?_SPI_READTIME?PCF85063BTL                    -----    -----      -----    -----
  +--> ?PR?_SPI_SENDBYTE?PCF85063BTL
  +--> ?PR?SPI_RECEIVEBYTE?PCF85063BTL

?PR?SPI_RECEIVEBYTE?PCF85063BTL                  -----    -----      -----    -----
  +--> ?PR?_PCF85063BTL_DELAY?PCF85063BTL

?PR?_ELEVATION_CALCULATION?BIPOLARMOTOR          -----    -----      03F9H    0005H
  +--> ?PR?_BCDTODEC1?BIPOLARMOTOR
  +--> ?PR?SUNPOS?SUNPOS
  +--> ?PR?SIN?SIN
  +--> ?PR?ASIN?ASIN

?PR?SUNPOS?SUNPOS                                -----    -----      0443H    005DH
  +--> ?PR?SIN?SIN
  +--> ?PR?_ATAN2?ATAN2
BL51 BANKED LINKER/LOCATER V6.22                                                      05/16/2019  09:42:24  PAGE 7


  +--> ?PR?ASIN?ASIN
  +--> ?PR?ACOS?ACOS

?PR?SIN?SIN                                      0020H.1  0000H.1    04A0H    0004H

?PR?_ATAN2?ATAN2                                 -----    -----      04A0H    0008H
  +--> ?PR?ATAN?ATAN

?PR?ATAN?ATAN                                    0020H.1  0000H.2    04A8H    0004H

?PR?ASIN?ASIN                                    -----    -----      -----    -----
  +--> ?PR?SQRT?SQRT
  +--> ?PR?ATAN?ATAN

?PR?SQRT?SQRT                                    -----    -----      04A0H    0004H

?PR?ACOS?ACOS                                    -----    -----      -----    -----
  +--> ?PR?SQRT?SQRT
  +--> ?PR?ATAN?ATAN

?PR?_CALIBRATION?CALIBRATION                     -----    -----      03F9H    0024H
  +--> ?PR?VOLTAGE_IS_STABLE?CALIBRATION
  +--> ?PR?_UPDATE_POSITION?BIPOLARMOTOR
  +--> ?PR?_FIND_REAL_MAX?CALIBRATION

?PR?VOLTAGE_IS_STABLE?CALIBRATION                -----    -----      041DH    0018H
  +--> ?PR?_ADC_GETRESULT?ADC
  +--> ?PR?_ABS?LCD_DRIVER_SPLC780D

?PR?_UPDATE_POSITION?BIPOLARMOTOR                -----    -----      041DH    0026H
  +--> ?PR?_BCDTODEC1?BIPOLARMOTOR
  +--> ?PR?SUNPOS?SUNPOS
  +--> ?PR?SIN?SIN
  +--> ?PR?ASIN?ASIN
  +--> ?PR?_THEORICALJP_POSITION?BIPOLARMOTOR
  +--> ?PR?_ABS?LCD_DRIVER_SPLC780D
  +--> ?PR?_MOVE?BIPOLARMOTOR

?PR?_THEORICALJP_POSITION?BIPOLARMOTOR           -----    -----      0443H    005CH
  +--> ?PR?LINEAR_INTERPOLATE?BIPOLARMOTOR

?PR?LINEAR_INTERPOLATE?BIPOLARMOTOR              -----    -----      049FH    0014H

?PR?_MOVE?BIPOLARMOTOR                           0020H.1  0000H.1    04D8H    0004H
  +--> ?PR?_STEP_MOVE?BIPOLARMOTOR

?PR?_FIND_REAL_MAX?CALIBRATION                   -----    -----      041DH    00BBH
  +--> ?PR?_ADC_GETRESULT?ADC
  +--> ?PR?_WAIT_MS?LCD_DRIVER_SPLC780D
  +--> ?PR?AT25SF041_WRITEENABLE?AT25SF041
  +--> ?PR?_AT25SF041_WRITE?AT25SF041
  +--> ?PR?_WAIT_MS_SPINOR?AT25SF041
  +--> ?PR?_COMMAND?LCD_DRIVER_SPLC780D
  +--> ?PR?_WRITEDATA?LCD_DRIVER_SPLC780D
  +--> ?PR?_DISPLAY_POS?LCD_DRIVER_SPLC780D
  +--> ?PR?_MOVE?BIPOLARMOTOR
  +--> ?PR?_MAX_VALUE?CALIBRATION
BL51 BANKED LINKER/LOCATER V6.22                                                      05/16/2019  09:42:24  PAGE 8



?PR?AT25SF041_WRITEENABLE?AT25SF041              -----    -----      04D8H    0002H
  +--> ?PR?_WAIT_MS_SPINOR?AT25SF041
  +--> ?PR?UCREAD_STATUS_REGISTER_BYTE1?AT25...

?PR?UCREAD_STATUS_REGISTER_BYTE1?AT25...         -----    -----      04E0H    0003H
  +--> ?PR?_WAIT_MS_SPINOR?AT25SF041

?PR?_AT25SF041_WRITE?AT25SF041                   -----    -----      04D8H    0008H
  +--> ?PR?_WAIT_MS_SPINOR?AT25SF041
  +--> ?PR?UCREAD_STATUS_REGISTER_BYTE1?AT25...

?PR?_MAX_VALUE?CALIBRATION                       -----    -----      04D8H    0004H

?PR?SPI_NOR_WRITE_DATA?AT25SF041                 -----    -----      03F9H    000EH
  +--> ?PR?AT25SF041_WRITEENABLE?AT25SF041
  +--> ?PR?_AT25SF041_WRITE?AT25SF041
  +--> ?PR?_WAIT_MS_SPINOR?AT25SF041

?PR?AT25SF041_CHIPERASE?AT25SF041                -----    -----      03F9H    0002H
  +--> ?PR?_WAIT_MS_SPINOR?AT25SF041
  +--> ?PR?UCREAD_STATUS_REGISTER_BYTE1?AT25...



UNRESOLVED EXTERNAL SYMBOLS:
   ENABLE_EXTINT0
   SI1120_CONFIG_MODE_VIRH
   _SENDUART1



SYMBOL TABLE OF MODULE:  .\Obj\GPIO_RTC_Test (MAIN)

  VALUE           TYPE          NAME
  ----------------------------------

  -------         MODULE        MAIN
  C:0000H         SYMBOL        _ICE_DUMMY_
  X:04ECH         PUBLIC        calib_value
  D:0080H         PUBLIC        P0
  D:00B2H         PUBLIC        P3M0
  D:0090H         PUBLIC        P1
  D:00B1H         PUBLIC        P3M1
  D:00A0H         PUBLIC        P2
  D:00B0H         PUBLIC        P3
  D:00C0H         PUBLIC        P4
  D:00C8H         PUBLIC        P5
  X:0540H         SYMBOL        PressedKey
  B:00A8H.7       PUBLIC        EA
  D:00E8H         PUBLIC        P6
  X:0544H         PUBLIC        calib_stamp
  D:00F8H         PUBLIC        P7
  X:0545H         PUBLIC        calib_bool
  X:056FH         PUBLIC        pwm_time_min
  D:00A8H         PUBLIC        IE
  X:0573H         PUBLIC        calib_time
BL51 BANKED LINKER/LOCATER V6.22                                                      05/16/2019  09:42:24  PAGE 9


  X:05C7H         PUBLIC        pwm_time_max
  D:00B8H         PUBLIC        IP
  B:00B0H.2       PUBLIC        INT0
  D:00D8H         PUBLIC        CCON
  C:001EH         PUBLIC        main
  X:05CBH         PUBLIC        count
  D:0098H         PUBLIC        SCON
  D:0089H         PUBLIC        TMOD
  D:0088H         PUBLIC        TCON
  B:00A0H.3       PUBLIC        P23
  X:05CDH         SYMBOL        KeyCount
  B:00C8H.5       PUBLIC        P55
  D:008EH         PUBLIC        AUXR
  C:52E0H         PUBLIC        tm0_isr
  B:0090H.5       PUBLIC        SI1120_STX
  C:54F1H         PUBLIC        tm1_isr
  B:0020H.4       PUBLIC        busy
  B:00A8H.1       PUBLIC        ET0
  B:00A8H.3       PUBLIC        ET1
  X:05CFH         PUBLIC        SPI_NOR_INTERNAL_FLASH_ADDR
  D:008CH         PUBLIC        TH0
  D:008DH         PUBLIC        TH1
  D:008AH         PUBLIC        TL0
  D:008BH         PUBLIC        TL1
  B:0088H.4       PUBLIC        TR0
  B:0088H.6       PUBLIC        TR1
  C:459BH         PUBLIC        exint0
  X:05D3H         SYMBOL        KeyNum
  X:05D4H         SYMBOL        KeyNum_Old
  X:05D5H         PUBLIC        timer0_count
  X:05D7H         PUBLIC        current_position
  X:05DBH         PUBLIC        pwm_time
  X:05DFH         PUBLIC        start_timer0_count
  D:00D0H         PUBLIC        PSW
  -------         PROC          TM0_ISR
  C:52E0H         LINE#         94
  C:52E6H         LINE#         98
  C:52E9H         LINE#         99
  C:52ECH         LINE#         100
  C:52FAH         LINE#         101
  -------         ENDPROC       TM0_ISR
  -------         PROC          TM1_ISR
  C:54F1H         LINE#         102
  C:54F1H         LINE#         104
  C:54F3H         LINE#         106
  C:54F6H         LINE#         107
  C:54F9H         LINE#         108
  -------         ENDPROC       TM1_ISR
  -------         PROC          EXINT0
  C:459BH         LINE#         109
  C:45B8H         LINE#         113
  C:45BBH         LINE#         114
  C:45BBH         LINE#         115
  C:45BEH         LINE#         116
  C:45C1H         LINE#         117
  C:45C3H         LINE#         118
  C:45C5H         LINE#         122
BL51 BANKED LINKER/LOCATER V6.22                                                      05/16/2019  09:42:24  PAGE 10


  C:45C8H         LINE#         125
  C:45C8H         LINE#         126
  C:45CAH         LINE#         128
  C:45D6H         LINE#         129
  C:4630H         LINE#         130
  C:466EH         LINE#         131
  C:4675H         LINE#         136
  C:4675H         LINE#         138
  -------         ENDPROC       EXINT0
  -------         PROC          MAIN
  -------         DO            
  X:04E4H         SYMBOL        KeyCount
  X:04E6H         SYMBOL        KeyNum_Old
  X:04E7H         SYMBOL        KeyNum
  X:04E8H         SYMBOL        PressedKey
  X:03CFH         SYMBOL        prox_flag
  X:03D0H         SYMBOL        iUse_prevday_calib_value
  X:03D2H         SYMBOL        max_ADC_Val_JP
  X:03D4H         SYMBOL        max_ADC_Val
  X:03D6H         SYMBOL        calib_point1
  X:03DEH         SYMBOL        calib_point2
  X:03E6H         SYMBOL        dat_to_store
  X:03F1H         SYMBOL        calib_day
  X:03F3H         SYMBOL        calib_count
  X:03F5H         SYMBOL        theorical_JP_max_pos
  D:0004H         SYMBOL        elevation
  -------         ENDDO         
  C:001EH         LINE#         140
  C:001EH         LINE#         141
  C:001EH         LINE#         146
  C:0024H         LINE#         147
  C:0029H         LINE#         149
  C:0031H         LINE#         153
  C:0037H         LINE#         154
  C:0041H         LINE#         161
  C:0049H         LINE#         162
  C:0050H         LINE#         163
  C:0056H         LINE#         165
  C:005CH         LINE#         174
  C:005EH         LINE#         175
  C:0061H         LINE#         176
  C:0064H         LINE#         177
  C:0067H         LINE#         178
  C:006AH         LINE#         179
  C:006DH         LINE#         182
  C:0070H         LINE#         185
  C:0073H         LINE#         186
  C:0076H         LINE#         188
  C:0079H         LINE#         190
  C:007CH         LINE#         191
  C:007FH         LINE#         192
  C:0082H         LINE#         193
  C:0085H         LINE#         194
  C:0088H         LINE#         195
  C:008BH         LINE#         196
  C:008DH         LINE#         197
  C:008FH         LINE#         199
BL51 BANKED LINKER/LOCATER V6.22                                                      05/16/2019  09:42:24  PAGE 11


  C:0091H         LINE#         207
  C:0097H         LINE#         208
  C:009CH         LINE#         209
  C:00A1H         LINE#         210
  C:00A6H         LINE#         211
  C:00ABH         LINE#         212
  C:00B0H         LINE#         215
  C:00C9H         LINE#         216
  C:00C9H         LINE#         217
  C:00E5H         LINE#         218
  C:012CH         LINE#         219
  C:013DH         LINE#         222
  C:013DH         LINE#         223
  C:013DH         LINE#         224
  C:0140H         LINE#         228
  C:0140H         LINE#         232
  C:0145H         LINE#         233
  C:014AH         LINE#         235
  C:014FH         LINE#         237
  C:0154H         LINE#         238
  C:0159H         LINE#         240
  C:016AH         LINE#         241
  C:016FH         LINE#         242
  C:0174H         LINE#         244
  C:017BH         LINE#         245
  C:0183H         LINE#         246
  C:0188H         LINE#         247
  C:0190H         LINE#         248
  C:0195H         LINE#         249
  C:019FH         LINE#         250
  C:01A4H         LINE#         251
  C:01ACH         LINE#         253
  C:01B4H         LINE#         254
  C:01B9H         LINE#         255
  C:01C3H         LINE#         256
  C:01C3H         LINE#         257
  C:01C5H         LINE#         258
  C:01C7H         LINE#         259
  C:01D1H         LINE#         260
  C:01D1H         LINE#         261
  C:01D6H         LINE#         262
  C:01D6H         LINE#         274
  C:01EAH         LINE#         275
  C:01EAH         LINE#         276
  C:01FFH         LINE#         277
  C:020EH         LINE#         278
  C:020EH         LINE#         279
  C:0221H         LINE#         280
  C:0223H         LINE#         282
  C:0223H         LINE#         283
  C:023FH         LINE#         284
  C:023FH         LINE#         285
  C:0244H         LINE#         286
  C:0244H         LINE#         287
  C:0258H         LINE#         288
  C:0258H         LINE#         291
  C:026DH         LINE#         292
BL51 BANKED LINKER/LOCATER V6.22                                                      05/16/2019  09:42:24  PAGE 12


  C:027CH         LINE#         293
  C:027CH         LINE#         294
  C:028FH         LINE#         295
  C:0291H         LINE#         297
  C:0291H         LINE#         298
  C:02ADH         LINE#         299
  C:02ADH         LINE#         300
  C:02B2H         LINE#         301
  C:02B8H         LINE#         302
  C:02B8H         LINE#         304
  C:02DAH         LINE#         305
  C:02DAH         LINE#         306
  C:02E4H         LINE#         307
  C:02EAH         LINE#         308
  C:02F1H         LINE#         309
  C:02F7H         LINE#         310
  C:02FEH         LINE#         311
  C:02FEH         LINE#         312
  C:0301H         LINE#         314
  C:0301H         LINE#         319
  C:033CH         LINE#         323
  C:0349H         LINE#         324
  C:0349H         LINE#         328
  C:0349H         LINE#         329
  C:0371H         LINE#         330
  C:0371H         LINE#         331
  C:0393H         LINE#         332
  C:0393H         LINE#         334
  C:03B5H         LINE#         337
  C:03E4H         LINE#         343
  C:03E4H         LINE#         344
  C:0460H         LINE#         345
  C:0479H         LINE#         346
  C:0503H         LINE#         347
  C:0503H         LINE#         348
  C:0503H         LINE#         352
  C:0503H         LINE#         353
  C:0503H         LINE#         355
  C:0503H         LINE#         357
  C:050AH         LINE#         358
  C:050AH         LINE#         359
  C:050DH         LINE#         360
  C:052BH         LINE#         361
  C:0532H         LINE#         362
  C:0551H         LINE#         363
  C:0570H         LINE#         365
  C:05ECH         LINE#         366
  C:0604H         LINE#         369
  C:065CH         LINE#         370
  C:0697H         LINE#         371
  C:06A4H         LINE#         372
  C:06B4H         LINE#         373
  C:06B4H         LINE#         375
  C:06BCH         LINE#         376
  C:06C4H         LINE#         377
  C:06CCH         LINE#         378
  C:06D4H         LINE#         380
BL51 BANKED LINKER/LOCATER V6.22                                                      05/16/2019  09:42:24  PAGE 13


  C:06E2H         LINE#         381
  C:06F8H         LINE#         382
  C:0728H         LINE#         383
  C:0748H         LINE#         385
  C:075CH         LINE#         386
  C:0772H         LINE#         387
  C:07A2H         LINE#         388
  C:07A9H         LINE#         390
  C:07CDH         LINE#         393
  C:07CFH         LINE#         395
  C:07DDH         LINE#         396
  C:07DDH         LINE#         397
  C:07E5H         LINE#         399
  C:07E5H         LINE#         402
  C:07E5H         LINE#         403
  C:07F2H         LINE#         404
  C:07F2H         LINE#         405
  C:0814H         LINE#         406
  C:0814H         LINE#         407
  C:0890H         LINE#         408
  C:08E5H         LINE#         409
  C:08E5H         LINE#         411
  C:08E8H         LINE#         415
  C:08E8H         LINE#         418
  C:090AH         LINE#         419
  C:090AH         LINE#         420
  C:0986H         LINE#         422
  C:09B3H         LINE#         423
  C:09CEH         LINE#         424
  C:09FBH         LINE#         425
  C:0A2EH         LINE#         426
  C:0A2EH         LINE#         427
  C:0A58H         LINE#         428
  C:0AF1H         LINE#         429
  C:0AF3H         LINE#         431
  C:0AF3H         LINE#         432
  C:0B56H         LINE#         433
  C:0B56H         LINE#         437
  C:0B56H         LINE#         439
  C:0B56H         LINE#         440
  C:0B56H         LINE#         442
  C:0B56H         LINE#         445
  C:0B72H         LINE#         446
  C:0B76H         LINE#         448
  C:0B78H         LINE#         451
  C:0B87H         LINE#         452
  C:0B87H         LINE#         453
  C:0B8AH         LINE#         454
  C:0B91H         LINE#         455
  C:0B96H         LINE#         456
  C:0B9BH         LINE#         457
  C:0BA0H         LINE#         458
  C:0BA5H         LINE#         459
  C:0BAAH         LINE#         469
  C:0BADH         LINE#         471
  C:0BB0H         LINE#         472
  C:0BB7H         LINE#         473
BL51 BANKED LINKER/LOCATER V6.22                                                      05/16/2019  09:42:24  PAGE 14


  C:0BC1H         LINE#         474
  C:0BC8H         LINE#         476
  C:0BCBH         LINE#         485
  C:0BCBH         LINE#         486
  -------         ENDPROC       MAIN
  -------         ENDMOD        MAIN

  -------         MODULE        PCF85063BTL
  C:0000H         SYMBOL        _ICE_DUMMY_
  D:0096H         PUBLIC        P2M0
  D:0080H         PUBLIC        P0
  D:0095H         PUBLIC        P2M1
  D:0090H         PUBLIC        P1
  D:00A0H         PUBLIC        P2
  D:00B0H         PUBLIC        P3
  D:00C0H         PUBLIC        P4
  D:00C8H         PUBLIC        P5
  D:00E8H         PUBLIC        P6
  B:00A0H.1       PUBLIC        PCF85063BTL_SDI
  D:00F8H         PUBLIC        P7
  B:00A0H.2       PUBLIC        PCF85063BTL_SCK
  B:00A0H.1       PUBLIC        PCF85063BTL_SDO
  D:00A8H         PUBLIC        IE
  C:4EB5H         PUBLIC        _Read_time
  C:543BH         PUBLIC        _PCF85063BTL_Delay
  D:00B8H         PUBLIC        IP
  D:00D8H         PUBLIC        CCON
  C:4D42H         PUBLIC        _Day_Of_Year
  C:5321H         PUBLIC        SPI_ReceiveByte
  D:0098H         PUBLIC        SCON
  D:0088H         PUBLIC        TCON
  C:5482H         PUBLIC        _BCDtoDec
  B:00A0H.0       PUBLIC        PCF85063BTL_CS
  C:5471H         PUBLIC        _SPI_ReadTime
  C:000EH         PUBLIC        SPI_Init
  C:53B1H         PUBLIC        _SPI_WriteTime
  C:5301H         PUBLIC        _SPI_SendByte
  D:00D0H         PUBLIC        PSW
  C:5437H         SYMBOL        L?0048
  -------         PROC          L?0047
  -------         ENDPROC       L?0047
  C:5437H         SYMBOL        L?0048
  -------         PROC          _PCF85063BTL_DELAY
  D:0006H         SYMBOL        us
  C:543BH         LINE#         8
  C:543BH         LINE#         9
  C:543BH         LINE#         10
  C:5445H         LINE#         11
  C:5445H         LINE#         12
  C:5446H         LINE#         13
  C:5448H         LINE#         14
  -------         ENDPROC       _PCF85063BTL_DELAY
  -------         PROC          _SPI_SENDBYTE
  D:0005H         SYMBOL        dat
  -------         DO            
  D:0003H         SYMBOL        i
  -------         ENDDO         
BL51 BANKED LINKER/LOCATER V6.22                                                      05/16/2019  09:42:24  PAGE 15


  C:5301H         LINE#         17
  C:5303H         LINE#         18
  C:5303H         LINE#         20
  C:5305H         LINE#         21
  C:5305H         LINE#         22
  C:5307H         LINE#         23
  C:530BH         LINE#         24
  C:530BH         LINE#         25
  C:530DH         LINE#         26
  C:530FH         LINE#         28
  C:530FH         LINE#         29
  C:5311H         LINE#         30
  C:5311H         LINE#         31
  C:5314H         LINE#         32
  C:5314H         LINE#         33
  C:5317H         LINE#         34
  C:531BH         LINE#         35
  C:5320H         LINE#         36
  -------         ENDPROC       _SPI_SENDBYTE
  -------         PROC          SPI_RECEIVEBYTE
  -------         DO            
  D:0003H         SYMBOL        i
  D:0005H         SYMBOL        dat
  -------         ENDDO         
  C:5321H         LINE#         39
  C:5321H         LINE#         40
  C:5321H         LINE#         42
  C:5323H         LINE#         44
  C:5325H         LINE#         45
  C:5326H         LINE#         46
  C:5326H         LINE#         47
  C:532AH         LINE#         48
  C:532CH         LINE#         49
  C:532FH         LINE#         51
  C:5332H         LINE#         52
  C:5332H         LINE#         53
  C:5336H         LINE#         54
  C:5336H         LINE#         55
  C:5336H         LINE#         56
  C:5339H         LINE#         57
  C:533EH         LINE#         58
  C:5340H         LINE#         59
  -------         ENDPROC       SPI_RECEIVEBYTE
  -------         PROC          _SPI_READTIME
  D:0007H         SYMBOL        addr
  -------         DO            
  D:0006H         SYMBOL        dat
  -------         ENDDO         
  C:5471H         LINE#         61
  C:5471H         LINE#         62
  C:5471H         LINE#         64
  C:5473H         LINE#         65
  C:5475H         LINE#         66
  C:547CH         LINE#         67
  C:547FH         LINE#         68
  C:5481H         LINE#         69
  C:5481H         LINE#         70
BL51 BANKED LINKER/LOCATER V6.22                                                      05/16/2019  09:42:24  PAGE 16


  -------         ENDPROC       _SPI_READTIME
  -------         PROC          _SPI_WRITETIME
  D:0002H         SYMBOL        val
  D:0005H         SYMBOL        addr
  C:53B1H         LINE#         71
  C:53B3H         LINE#         72
  C:53B3H         LINE#         74
  C:53B5H         LINE#         75
  C:53BCH         LINE#         76
  C:53C1H         LINE#         77
  C:53C6H         LINE#         78
  C:53C8H         LINE#         79
  -------         ENDPROC       _SPI_WRITETIME
  -------         PROC          SPI_INIT
  C:000EH         LINE#         83
  C:000EH         LINE#         84
  C:000EH         LINE#         89
  C:0011H         LINE#         90
  C:0014H         LINE#         91
  C:0016H         LINE#         92
  C:0018H         LINE#         93
  C:001AH         LINE#         94
  -------         ENDPROC       SPI_INIT
  -------         PROC          _READ_TIME
  X:03F9H         SYMBOL        months
  X:03FCH         SYMBOL        days
  X:03FFH         SYMBOL        hours
  X:0402H         SYMBOL        mins
  X:0405H         SYMBOL        seconds
  C:4EB5H         LINE#         96
  C:4EC0H         LINE#         97
  C:4EC0H         LINE#         99
  C:4ED4H         LINE#         101
  C:4EE8H         LINE#         103
  C:4EFCH         LINE#         108
  C:4F10H         LINE#         113
  -------         ENDPROC       _READ_TIME
  -------         PROC          _BCDTODEC
  D:0007H         SYMBOL        bcd
  -------         DO            
  D:0006H         SYMBOL        hi
  D:0007H         SYMBOL        lo
  -------         ENDDO         
  C:5482H         LINE#         119
  C:5482H         LINE#         120
  C:5482H         LINE#         122
  C:5487H         LINE#         123
  C:548BH         LINE#         124
  C:5492H         LINE#         125
  -------         ENDPROC       _BCDTODEC
  -------         PROC          _DAY_OF_YEAR
  D:0007H         SYMBOL        months_bcd
  D:0005H         SYMBOL        days_bcd
  -------         DO            
  D:0004H         SYMBOL        months
  D:0007H         SYMBOL        days
  -------         ENDDO         
BL51 BANKED LINKER/LOCATER V6.22                                                      05/16/2019  09:42:24  PAGE 17


  C:4D42H         LINE#         126
  C:4D42H         LINE#         127
  C:4D42H         LINE#         130
  C:4D47H         LINE#         132
  C:4D4CH         LINE#         134
  C:4D85H         LINE#         135
  C:4D85H         LINE#         136
  C:4D85H         LINE#         137
  C:4D88H         LINE#         138
  C:4D88H         LINE#         139
  C:4D88H         LINE#         140
  C:4D8DH         LINE#         141
  C:4D8DH         LINE#         142
  C:4D8DH         LINE#         143
  C:4D92H         LINE#         144
  C:4D92H         LINE#         145
  C:4D92H         LINE#         146
  C:4D97H         LINE#         147
  C:4D97H         LINE#         148
  C:4D97H         LINE#         149
  C:4D9CH         LINE#         150
  C:4D9CH         LINE#         151
  C:4D9CH         LINE#         152
  C:4DA1H         LINE#         153
  C:4DA1H         LINE#         154
  C:4DA1H         LINE#         155
  C:4DA6H         LINE#         156
  C:4DA6H         LINE#         157
  C:4DA6H         LINE#         158
  C:4DABH         LINE#         159
  C:4DABH         LINE#         160
  C:4DABH         LINE#         161
  C:4DB3H         LINE#         162
  C:4DB3H         LINE#         163
  C:4DB3H         LINE#         164
  C:4DB8H         LINE#         165
  C:4DB8H         LINE#         166
  C:4DB8H         LINE#         167
  C:4DBDH         LINE#         168
  C:4DBDH         LINE#         169
  C:4DBDH         LINE#         170
  C:4DC6H         LINE#         171
  C:4DC6H         LINE#         172
  C:4DC6H         LINE#         173
  C:4DC9H         LINE#         174
  C:4DC9H         LINE#         175
  -------         ENDPROC       _DAY_OF_YEAR
  -------         ENDMOD        PCF85063BTL

  -------         MODULE        UART1
  C:0000H         SYMBOL        _ICE_DUMMY_
  D:0080H         PUBLIC        P0
  D:0090H         PUBLIC        P1
  D:00A0H         PUBLIC        P2
  D:00B0H         PUBLIC        P3
  D:00C0H         PUBLIC        P4
  D:00C8H         PUBLIC        P5
BL51 BANKED LINKER/LOCATER V6.22                                                      05/16/2019  09:42:24  PAGE 18


  B:00A8H.7       PUBLIC        EA
  D:00E8H         PUBLIC        P6
  D:00F8H         PUBLIC        P7
  C:5195H         PUBLIC        _SendString
  D:00A8H         PUBLIC        IE
  B:00A8H.4       PUBLIC        ES
  D:00B8H         PUBLIC        IP
  C:53C9H         PUBLIC        _ASCIItoBCD
  D:00D8H         PUBLIC        CCON
  C:5493H         PUBLIC        initUART1
  D:0098H         PUBLIC        SCON
  D:0088H         PUBLIC        TCON
  C:550BH         PUBLIC        _DectoBCD
  C:5506H         PUBLIC        _ASCII_Letter
  D:008EH         PUBLIC        AUXR
  C:0006H         PUBLIC        _unit
  C:54FAH         PUBLIC        _ten
  D:00D6H         PUBLIC        T2H
  D:00D7H         PUBLIC        T2L
  D:00D0H         PUBLIC        PSW
  -------         PROC          INITUART1
  C:5493H         LINE#         21
  C:5493H         LINE#         22
  C:5493H         LINE#         23
  C:5496H         LINE#         24
  C:5499H         LINE#         25
  C:549CH         LINE#         26
  C:549FH         LINE#         27
  C:54A1H         LINE#         28
  C:54A3H         LINE#         30
  -------         ENDPROC       INITUART1
  -------         PROC          _SENDSTRING
  X:0606H         SYMBOL        s
  C:5195H         LINE#         35
  C:51A0H         LINE#         36
  C:51A0H         LINE#         37
  C:51B0H         LINE#         38
  C:51B0H         LINE#         39
  C:51C5H         LINE#         40
  C:51C7H         LINE#         41
  -------         ENDPROC       _SENDSTRING
  -------         PROC          _TEN
  D:0007H         SYMBOL        BCD
  C:54FAH         LINE#         43
  C:54FAH         LINE#         44
  C:54FAH         LINE#         45
  C:54FFH         LINE#         46
  -------         ENDPROC       _TEN
  -------         PROC          _UNIT
  D:0007H         SYMBOL        BCD
  C:0006H         LINE#         47
  C:0006H         LINE#         48
  C:0006H         LINE#         52
  C:000AH         LINE#         53
  -------         ENDPROC       _UNIT
  -------         PROC          _DECTOBCD
  D:0007H         SYMBOL        dec
BL51 BANKED LINKER/LOCATER V6.22                                                      05/16/2019  09:42:24  PAGE 19


  C:550BH         LINE#         54
  C:550BH         LINE#         55
  C:550BH         LINE#         57
  C:550BH         LINE#         58
  -------         ENDPROC       _DECTOBCD
  -------         PROC          _ASCII_LETTER
  D:0007H         SYMBOL        dat
  C:5506H         LINE#         60
  C:5506H         LINE#         61
  C:5506H         LINE#         63
  C:550AH         LINE#         64
  -------         ENDPROC       _ASCII_LETTER
  -------         PROC          _ASCIITOBCD
  D:0001H         SYMBOL        ascii
  -------         DO            
  D:0007H         SYMBOL        dec_val
  D:0006H         SYMBOL        ten
  D:0007H         SYMBOL        unit
  -------         ENDDO         
  C:53C9H         LINE#         66
  C:53C9H         LINE#         67
  C:53C9H         LINE#         69
  C:53CCH         LINE#         70
  C:53D2H         LINE#         71
  C:53D9H         LINE#         72
  C:53DFH         LINE#         74
  -------         ENDPROC       _ASCIITOBCD
  -------         ENDMOD        UART1

  -------         MODULE        LCD_DRIVER_SPLC780D
  C:0000H         SYMBOL        _ICE_DUMMY_
  D:0092H         PUBLIC        P1M0
  D:0091H         PUBLIC        P1M1
  D:0080H         PUBLIC        P0
  D:0090H         PUBLIC        P1
  D:00A0H         PUBLIC        P2
  D:00B0H         PUBLIC        P3
  D:00C0H         PUBLIC        P4
  D:00C8H         PUBLIC        P5
  D:00E8H         PUBLIC        P6
  D:00F8H         PUBLIC        P7
  C:4DCEH         PUBLIC        _WriteData
  D:00A8H         PUBLIC        IE
  D:00B8H         PUBLIC        IP
  D:00D8H         PUBLIC        CCON
  B:00B0H.4       PUBLIC        LCD_D4
  B:00B0H.5       PUBLIC        LCD_D5
  B:00B0H.6       PUBLIC        LCD_D6
  C:535FH         PUBLIC        _DisplayLCD
  B:00B0H.7       PUBLIC        LCD_D7
  D:0098H         PUBLIC        SCON
  D:0088H         PUBLIC        TCON
  C:5449H         PUBLIC        _abs
  C:54E7H         PUBLIC        LCD_clear
  C:511AH         PUBLIC        _Command
  C:53F6H         PUBLIC        _Display_Line
  C:4FE9H         PUBLIC        LCD_Init
BL51 BANKED LINKER/LOCATER V6.22                                                      05/16/2019  09:42:24  PAGE 20


  C:52C2H         PUBLIC        _Wait_ms
  B:00C0H.0       PUBLIC        LCD_RS
  B:0090H.3       PUBLIC        LCD_RW
  C:54DDH         PUBLIC        LCD_return_home
  C:3FE9H         PUBLIC        _Display_Pos
  B:00B0H.3       PUBLIC        LCD_E
  D:00D0H         PUBLIC        PSW
  -------         PROC          LCD_INIT
  C:4FE9H         LINE#         9
  C:4FE9H         LINE#         10
  C:4FE9H         LINE#         11
  C:4FECH         LINE#         12
  C:4FEFH         LINE#         14
  C:4FF5H         LINE#         15
  C:4FFAH         LINE#         17
  C:5001H         LINE#         18
  C:5006H         LINE#         20
  C:5009H         LINE#         21
  C:500EH         LINE#         23
  C:5011H         LINE#         24
  C:5016H         LINE#         26
  C:501DH         LINE#         29
  C:5022H         LINE#         30
  C:5027H         LINE#         32
  C:502CH         LINE#         33
  C:5031H         LINE#         35
  C:5036H         LINE#         36
  C:503BH         LINE#         37
  -------         ENDPROC       LCD_INIT
  C:4DCAH         SYMBOL        L?0038
  -------         PROC          L?0037
  -------         ENDPROC       L?0037
  C:4DCAH         SYMBOL        L?0038
  -------         PROC          _WRITEDATA
  X:04E3H         SYMBOL        dat
  C:4DCEH         LINE#         40
  C:4DD3H         LINE#         41
  C:4DD3H         LINE#         46
  C:4DD5H         LINE#         47
  C:4DD7H         LINE#         49
  C:4DE5H         LINE#         50
  C:4DF1H         LINE#         51
  C:4DFDH         LINE#         52
  C:4E07H         LINE#         53
  C:4E09H         LINE#         54
  C:4E10H         LINE#         55
  C:4E12H         LINE#         57
  C:4E22H         LINE#         58
  C:4E2DH         LINE#         59
  C:4E37H         LINE#         60
  C:4E3BH         LINE#         62
  C:4E3BH         LINE#         63
  C:4E3EH         LINE#         64
  C:4E40H         LINE#         65
  C:4E42H         LINE#         67
  -------         ENDPROC       _WRITEDATA
  -------         PROC          _COMMAND
BL51 BANKED LINKER/LOCATER V6.22                                                      05/16/2019  09:42:24  PAGE 21


  D:0007H         SYMBOL        dat
  C:511AH         LINE#         69
  C:511AH         LINE#         70
  C:511AH         LINE#         71
  C:511CH         LINE#         72
  C:511EH         LINE#         74
  C:5128H         LINE#         75
  C:512CH         LINE#         77
  C:512EH         LINE#         78
  C:5137H         LINE#         79
  C:513BH         LINE#         81
  C:513DH         LINE#         82
  C:5144H         LINE#         83
  C:5148H         LINE#         85
  C:514AH         LINE#         86
  C:514EH         LINE#         87
  C:5152H         LINE#         89
  C:5154H         LINE#         90
  C:5154H         LINE#         91
  C:5157H         LINE#         92
  C:5159H         LINE#         93
  -------         ENDPROC       _COMMAND
  C:52BEH         SYMBOL        L?0040
  -------         PROC          L?0039
  -------         ENDPROC       L?0039
  C:52BEH         SYMBOL        L?0040
  -------         PROC          _WAIT_MS
  D:0006H         SYMBOL        ms
  -------         DO            
  D:0004H         SYMBOL        De_Cnt
  -------         ENDDO         
  C:52C2H         LINE#         95
  C:52C2H         LINE#         96
  C:52C2H         LINE#         98
  C:52CCH         LINE#         99
  C:52CCH         LINE#         100
  C:52DFH         LINE#         101
  C:52DFH         LINE#         102
  -------         ENDPROC       _WAIT_MS
  -------         PROC          _DISPLAYLCD
  D:0007H         SYMBOL        BCD
  -------         DO            
  D:0006H         SYMBOL        first_digit
  X:04E0H         SYMBOL        second_digit
  -------         ENDDO         
  C:535FH         LINE#         103
  C:535FH         LINE#         104
  C:535FH         LINE#         106
  C:5366H         LINE#         107
  C:536FH         LINE#         109
  C:5374H         LINE#         111
  -------         ENDPROC       _DISPLAYLCD
  -------         PROC          LCD_RETURN_HOME
  C:54DDH         LINE#         115
  C:54DDH         LINE#         116
  C:54DDH         LINE#         117
  C:54E2H         LINE#         118
BL51 BANKED LINKER/LOCATER V6.22                                                      05/16/2019  09:42:24  PAGE 22


  -------         ENDPROC       LCD_RETURN_HOME
  -------         PROC          LCD_CLEAR
  C:54E7H         LINE#         121
  C:54E7H         LINE#         122
  C:54E7H         LINE#         123
  C:54ECH         LINE#         124
  -------         ENDPROC       LCD_CLEAR
  -------         PROC          _DISPLAY_LINE
  D:0006H         SYMBOL        line
  C:53F6H         LINE#         128
  C:53F6H         LINE#         129
  C:53F6H         LINE#         130
  C:53FCH         LINE#         131
  C:53FCH         LINE#         132
  C:53FEH         LINE#         133
  C:53FEH         LINE#         134
  C:5400H         LINE#         136
  C:5400H         LINE#         137
  C:5405H         LINE#         138
  C:540AH         LINE#         139
  C:540AH         LINE#         140
  -------         ENDPROC       _DISPLAY_LINE
  -------         PROC          _DISPLAY_POS
  X:04D8H         SYMBOL        sign_dat
  -------         DO            
  X:04DCH         SYMBOL        unit
  X:04DDH         SYMBOL        ten
  X:04DEH         SYMBOL        hundred
  X:04DFH         SYMBOL        thousand
  X:04E0H         SYMBOL        after_dot
  X:04E1H         SYMBOL        dat
  -------         ENDDO         
  C:3FE9H         LINE#         142
  C:3FEFH         LINE#         143
  C:3FEFH         LINE#         147
  C:400BH         LINE#         148
  C:4025H         LINE#         149
  C:4049H         LINE#         151
  C:4093H         LINE#         153
  C:40AAH         LINE#         154
  C:40BCH         LINE#         155
  C:40E1H         LINE#         156
  C:40FBH         LINE#         157
  C:4113H         LINE#         158
  C:4113H         LINE#         159
  C:4113H         LINE#         160
  C:4113H         LINE#         161
  C:4113H         LINE#         162
  C:4113H         LINE#         163
  C:4113H         LINE#         164
  C:4113H         LINE#         168
  C:4115H         LINE#         170
  C:4115H         LINE#         172
  C:411AH         LINE#         173
  C:4120H         LINE#         174
  C:4126H         LINE#         175
  C:412CH         LINE#         176
BL51 BANKED LINKER/LOCATER V6.22                                                      05/16/2019  09:42:24  PAGE 23


  C:4132H         LINE#         177
  C:4137H         LINE#         178
  C:413DH         LINE#         182
  C:413DH         LINE#         184
  -------         ENDPROC       _DISPLAY_POS
  -------         PROC          _ABS
  D:0006H         SYMBOL        dat
  C:5449H         LINE#         186
  C:5449H         LINE#         187
  C:5449H         LINE#         188
  C:5454H         LINE#         189
  C:5455H         LINE#         191
  C:545CH         LINE#         192
  -------         ENDPROC       _ABS
  -------         ENDMOD        LCD_DRIVER_SPLC780D

  -------         MODULE        KEYPAD
  C:0000H         SYMBOL        _ICE_DUMMY_
  D:0093H         PUBLIC        P0M1
  D:0080H         PUBLIC        P0
  D:0090H         PUBLIC        P1
  D:00A0H         PUBLIC        P2
  D:00B0H         PUBLIC        P3
  D:00C0H         PUBLIC        P4
  D:00C8H         PUBLIC        P5
  D:00E8H         PUBLIC        P6
  D:00F8H         PUBLIC        P7
  D:00A8H         PUBLIC        IE
  C:39E5H         PUBLIC        Key_Scan
  D:00B8H         PUBLIC        IP
  D:00D8H         PUBLIC        CCON
  C:54D1H         PUBLIC        KeyPad_IO_Init
  C:5341H         PUBLIC        _Delay_ms
  D:0098H         PUBLIC        SCON
  D:0088H         PUBLIC        TCON
  X:05EFH         PUBLIC        small_move
  X:05F1H         PUBLIC        move
  X:05F3H         PUBLIC        auto_mode
  X:05F5H         PUBLIC        direction
  X:05F7H         PUBLIC        SPI_NOR_ClearEnable
  C:3119H         PUBLIC        Key_Process
  D:00D0H         PUBLIC        PSW
  D:0094H         PUBLIC        P0M0
  -------         PROC          _DELAY_MS
  D:0006H         SYMBOL        ms
  -------         DO            
  D:0004H         SYMBOL        De_Cnt
  -------         ENDDO         
  C:5341H         LINE#         20
  C:5341H         LINE#         21
  C:5341H         LINE#         23
  C:534BH         LINE#         24
  C:534BH         LINE#         25
  C:535EH         LINE#         26
  C:535EH         LINE#         27
  -------         ENDPROC       _DELAY_MS
  -------         PROC          KEY_SCAN
BL51 BANKED LINKER/LOCATER V6.22                                                      05/16/2019  09:42:24  PAGE 24


  -------         DO            
  X:03FFH         SYMBOL        KeyTemp1
  X:0400H         SYMBOL        KeyTemp2
  X:0401H         SYMBOL        KeyValue
  -------         ENDDO         
  C:39E5H         LINE#         28
  C:39E5H         LINE#         29
  C:39E5H         LINE#         34
  C:39E8H         LINE#         37
  C:39EBH         LINE#         39
  C:39F3H         LINE#         40
  C:39FAH         LINE#         41
  C:39FAH         LINE#         43
  C:39FFH         LINE#         44
  C:3A06H         LINE#         45
  C:3A06H         LINE#         48
  C:3A09H         LINE#         49
  C:3A0CH         LINE#         50
  C:3A11H         LINE#         51
  C:3A15H         LINE#         52
  C:3A15H         LINE#         53
  C:3A1DH         LINE#         54
  C:3A1DH         LINE#         55
  C:3A20H         LINE#         56
  C:3A28H         LINE#         57
  C:3A2AH         LINE#         59
  C:3A3EH         LINE#         60
  C:3A3EH         LINE#         61
  C:3A3EH         LINE#         62
  C:3A3EH         LINE#         63
  C:3A44H         LINE#         65
  C:3A46H         LINE#         66
  C:3A46H         LINE#         67
  C:3A46H         LINE#         68
  C:3A4CH         LINE#         70
  C:3A4EH         LINE#         71
  C:3A4EH         LINE#         72
  C:3A4EH         LINE#         73
  C:3A54H         LINE#         75
  C:3A56H         LINE#         76
  C:3A56H         LINE#         77
  C:3A56H         LINE#         78
  C:3A5CH         LINE#         80
  C:3A5CH         LINE#         81
  C:3A5CH         LINE#         82
  C:3A5CH         LINE#         85
  C:3A5FH         LINE#         86
  C:3A62H         LINE#         87
  C:3A6AH         LINE#         88
  C:3A6EH         LINE#         89
  C:3A6EH         LINE#         90
  C:3A76H         LINE#         91
  C:3A76H         LINE#         92
  C:3A79H         LINE#         93
  C:3A81H         LINE#         94
  C:3A83H         LINE#         95
  C:3A97H         LINE#         96
BL51 BANKED LINKER/LOCATER V6.22                                                      05/16/2019  09:42:24  PAGE 25


  C:3A97H         LINE#         97
  C:3A97H         LINE#         98
  C:3A97H         LINE#         99
  C:3A9DH         LINE#         101
  C:3A9FH         LINE#         102
  C:3A9FH         LINE#         103
  C:3A9FH         LINE#         104
  C:3AA5H         LINE#         106
  C:3AA7H         LINE#         107
  C:3AA7H         LINE#         108
  C:3AA7H         LINE#         109
  C:3AADH         LINE#         111
  C:3AAFH         LINE#         112
  C:3AAFH         LINE#         113
  C:3AAFH         LINE#         114
  C:3AB4H         LINE#         116
  C:3AB4H         LINE#         117
  C:3AB4H         LINE#         118
  C:3AB4H         LINE#         121
  C:3AB7H         LINE#         122
  C:3ABAH         LINE#         123
  C:3AC2H         LINE#         124
  C:3AC6H         LINE#         125
  C:3AC6H         LINE#         126
  C:3ACEH         LINE#         127
  C:3ACEH         LINE#         128
  C:3AD1H         LINE#         129
  C:3AD9H         LINE#         130
  C:3ADBH         LINE#         131
  C:3AEFH         LINE#         132
  C:3AEFH         LINE#         133
  C:3AEFH         LINE#         134
  C:3AEFH         LINE#         135
  C:3AF5H         LINE#         137
  C:3AF7H         LINE#         138
  C:3AF7H         LINE#         139
  C:3AF7H         LINE#         140
  C:3AFDH         LINE#         142
  C:3AFFH         LINE#         143
  C:3AFFH         LINE#         144
  C:3AFFH         LINE#         145
  C:3B05H         LINE#         147
  C:3B07H         LINE#         148
  C:3B07H         LINE#         149
  C:3B07H         LINE#         150
  C:3B0DH         LINE#         152
  C:3B0DH         LINE#         153
  C:3B0DH         LINE#         154
  C:3B0DH         LINE#         158
  C:3B10H         LINE#         159
  C:3B13H         LINE#         160
  C:3B1BH         LINE#         161
  C:3B1FH         LINE#         162
  C:3B1FH         LINE#         163
  C:3B27H         LINE#         164
  C:3B27H         LINE#         165
  C:3B2AH         LINE#         166
BL51 BANKED LINKER/LOCATER V6.22                                                      05/16/2019  09:42:24  PAGE 26


  C:3B32H         LINE#         167
  C:3B34H         LINE#         168
  C:3B48H         LINE#         169
  C:3B48H         LINE#         170
  C:3B48H         LINE#         171
  C:3B48H         LINE#         172
  C:3B4EH         LINE#         174
  C:3B50H         LINE#         175
  C:3B50H         LINE#         176
  C:3B50H         LINE#         177
  C:3B56H         LINE#         179
  C:3B58H         LINE#         180
  C:3B58H         LINE#         181
  C:3B58H         LINE#         182
  C:3B5EH         LINE#         184
  C:3B60H         LINE#         185
  C:3B60H         LINE#         186
  C:3B60H         LINE#         187
  C:3B66H         LINE#         189
  C:3B66H         LINE#         190
  C:3B66H         LINE#         191
  C:3B66H         LINE#         193
  C:3B6CH         LINE#         194
  C:3B6CH         LINE#         196
  C:3B6CH         LINE#         197
  C:3B6FH         LINE#         198
  C:3B6FH         LINE#         199
  C:3B6FH         LINE#         201
  C:3B6FH         LINE#         202
  C:3B71H         LINE#         203
  C:3B71H         LINE#         204
  -------         ENDPROC       KEY_SCAN
  -------         PROC          KEY_PROCESS
  -------         DO            
  X:05E0H         SYMBOL        KeyCount
  X:05E1H         SYMBOL        KeyNum_Old
  X:05E3H         SYMBOL        KeyNum
  X:05E5H         SYMBOL        PressedKey
  X:03F9H         SYMBOL        d
  D:0002H         SYMBOL        hours
  D:0006H         SYMBOL        mins
  X:03FBH         SYMBOL        months
  X:03FDH         SYMBOL        days
  -------         ENDDO         
  C:3119H         LINE#         205
  C:3119H         LINE#         206
  C:3119H         LINE#         210
  C:3128H         LINE#         211
  C:3135H         LINE#         213
  C:3139H         LINE#         214
  C:3139H         LINE#         215
  C:313FH         LINE#         217
  C:313FH         LINE#         218
  C:3156H         LINE#         219
  C:3156H         LINE#         220
  C:3160H         LINE#         221
  C:3166H         LINE#         223
BL51 BANKED LINKER/LOCATER V6.22                                                      05/16/2019  09:42:24  PAGE 27


  C:316CH         LINE#         225
  C:316CH         LINE#         226
  C:3183H         LINE#         227
  C:3183H         LINE#         228
  C:3188H         LINE#         230
  C:3188H         LINE#         231
  C:3198H         LINE#         232
  C:3198H         LINE#         233
  C:319EH         LINE#         235
  C:319EH         LINE#         236
  C:31B0H         LINE#         237
  C:31B0H         LINE#         238
  C:31BAH         LINE#         239
  C:31C2H         LINE#         241
  C:31CBH         LINE#         243
  C:31CBH         LINE#         252
  C:31EAH         LINE#         253
  C:31EAH         LINE#         254
  C:3209H         LINE#         255
  C:320FH         LINE#         256
  C:3217H         LINE#         257
  C:3217H         LINE#         259
  C:3218H         LINE#         265
  C:3224H         LINE#         266
  C:3224H         LINE#         267
  C:3241H         LINE#         268
  C:3258H         LINE#         269
  C:326FH         LINE#         270
  C:326FH         LINE#         271
  C:3282H         LINE#         272
  C:3295H         LINE#         273
  C:3295H         LINE#         274
  C:3295H         LINE#         275
  C:3298H         LINE#         280
  C:32A7H         LINE#         281
  C:32A7H         LINE#         282
  C:32CAH         LINE#         283
  C:32E7H         LINE#         284
  C:32F0H         LINE#         285
  C:32F0H         LINE#         286
  C:32F7H         LINE#         287
  C:32F7H         LINE#         288
  C:3308H         LINE#         289
  C:3308H         LINE#         290
  C:3317H         LINE#         291
  C:3317H         LINE#         292
  C:3317H         LINE#         293
  C:331AH         LINE#         295
  C:331AH         LINE#         296
  C:3326H         LINE#         297
  C:3326H         LINE#         298
  C:3338H         LINE#         299
  C:3338H         LINE#         300
  C:3348H         LINE#         301
  C:3348H         LINE#         302
  C:3348H         LINE#         304
  C:334AH         LINE#         306
BL51 BANKED LINKER/LOCATER V6.22                                                      05/16/2019  09:42:24  PAGE 28


  C:334AH         LINE#         307
  C:3359H         LINE#         308
  C:3359H         LINE#         309
  C:3369H         LINE#         310
  C:3369H         LINE#         311
  C:3369H         LINE#         313
  C:3369H         LINE#         315
  C:3369H         LINE#         316
  C:336BH         LINE#         318
  C:336BH         LINE#         319
  C:3372H         LINE#         320
  C:3372H         LINE#         321
  C:3381H         LINE#         322
  C:3381H         LINE#         323
  C:3391H         LINE#         324
  C:3391H         LINE#         325
  C:3391H         LINE#         326
  C:3393H         LINE#         328
  C:3393H         LINE#         329
  C:33A2H         LINE#         330
  C:33A2H         LINE#         331
  C:33B5H         LINE#         332
  C:33C8H         LINE#         333
  C:33C8H         LINE#         334
  C:33C8H         LINE#         335
  C:33C8H         LINE#         336
  C:33D1H         LINE#         338
  C:33D1H         LINE#         340
  C:340BH         LINE#         341
  C:340BH         LINE#         342
  C:3412H         LINE#         343
  C:3412H         LINE#         344
  C:341CH         LINE#         345
  C:341CH         LINE#         346
  C:341FH         LINE#         347
  C:3424H         LINE#         348
  C:3429H         LINE#         349
  C:342EH         LINE#         350
  C:3433H         LINE#         351
  C:3438H         LINE#         352
  C:343DH         LINE#         353
  C:3442H         LINE#         354
  C:3442H         LINE#         355
  C:3442H         LINE#         357
  C:3460H         LINE#         358
  C:3460H         LINE#         359
  C:3467H         LINE#         360
  C:3467H         LINE#         361
  C:346CH         LINE#         362
  C:3475H         LINE#         363
  C:3494H         LINE#         364
  C:3494H         LINE#         365
  C:34A4H         LINE#         367
  C:34A4H         LINE#         371
  -------         ENDPROC       KEY_PROCESS
  -------         PROC          KEYPAD_IO_INIT
  C:54D1H         LINE#         374
BL51 BANKED LINKER/LOCATER V6.22                                                      05/16/2019  09:42:24  PAGE 29


  C:54D1H         LINE#         375
  C:54D1H         LINE#         376
  C:54D4H         LINE#         377
  C:54D7H         LINE#         378
  C:54DAH         LINE#         379
  C:54DCH         LINE#         380
  -------         ENDPROC       KEYPAD_IO_INIT
  -------         ENDMOD        KEYPAD

  -------         MODULE        BIPOLARMOTOR
  C:0000H         SYMBOL        _ICE_DUMMY_
  X:0000H         PUBLIC        UTC_time
  D:0080H         PUBLIC        P0
  D:0090H         PUBLIC        P1
  X:0004H         PUBLIC        RX_pos_test
  D:00A0H         PUBLIC        P2
  D:00B0H         PUBLIC        P3
  D:00C0H         PUBLIC        P4
  D:00C8H         PUBLIC        P5
  D:00E8H         PUBLIC        P6
  D:00F8H         PUBLIC        P7
  X:00A4H         PUBLIC        low_date_azimuth_mapping
  D:00A8H         PUBLIC        IE
  C:478EH         PUBLIC        linear_interpolate
  X:00CCH         PUBLIC        declination
  C:5248H         PUBLIC        _Move
  D:00B8H         PUBLIC        IP
  X:00D0H         PUBLIC        months
  X:00D1H         PUBLIC        time_offset
  D:00D8H         PUBLIC        CCON
  X:00D5H         PUBLIC        previous_move_time
  X:00D6H         PUBLIC        time
  X:00E8H         PUBLIC        days
  X:00E9H         PUBLIC        hours
  D:0098H         PUBLIC        SCON
  D:0088H         PUBLIC        TCON
  C:4F24H         PUBLIC        _Step_move
  X:00EAH         PUBLIC        mins
  X:00EBH         PUBLIC        dat
  X:00F1H         PUBLIC        current_local_sun_time
  C:1D40H         PUBLIC        _Update_position
  C:34A5H         PUBLIC        _elevation_calculation
  X:00F5H         PUBLIC        sunCoord
  C:5042H         PUBLIC        vOneStepMove
  X:00F8H         PUBLIC        elevation_stamp
  X:0134H         PUBLIC        date_azimuth_mapping
  X:015CH         PUBLIC        location
  X:0164H         PUBLIC        RX_pos
  C:540BH         PUBLIC        vSetLocation
  C:5386H         PUBLIC        _BCDtoDec1
  X:03BCH         PUBLIC        degree
  X:03C0H         PUBLIC        seconds
  C:237CH         PUBLIC        _TheoricalJP_Position
  D:00D0H         PUBLIC        PSW
  -------         PROC          VSETLOCATION
  C:540BH         LINE#         44
  C:540BH         LINE#         45
BL51 BANKED LINKER/LOCATER V6.22                                                      05/16/2019  09:42:24  PAGE 30


  C:540BH         LINE#         46
  C:5415H         LINE#         47
  C:541FH         LINE#         48
  -------         ENDPROC       VSETLOCATION
  C:5382H         SYMBOL        L?0060
  -------         PROC          L?0059
  -------         ENDPROC       L?0059
  C:5382H         SYMBOL        L?0060
  -------         PROC          _BCDTODEC1
  D:0007H         SYMBOL        bcd
  -------         DO            
  D:0006H         SYMBOL        hi
  D:0007H         SYMBOL        lo
  -------         ENDDO         
  C:5386H         LINE#         49
  C:5386H         LINE#         50
  C:5386H         LINE#         52
  C:538BH         LINE#         53
  C:538FH         LINE#         54
  C:5396H         LINE#         55
  -------         ENDPROC       _BCDTODEC1
  -------         PROC          VONESTEPMOVE
  B:0020H.3       SYMBOL        bDir
  C:5042H         LINE#         59
  C:5042H         LINE#         60
  C:5042H         LINE#         62
  C:5048H         LINE#         63
  C:5048H         LINE#         64
  C:504BH         LINE#         65
  C:5054H         LINE#         66
  C:505BH         LINE#         67
  C:5060H         LINE#         68
  C:5060H         LINE#         69
  C:5060H         LINE#         71
  C:5062H         LINE#         74
  C:5062H         LINE#         75
  C:5065H         LINE#         76
  C:506EH         LINE#         77
  C:5075H         LINE#         78
  C:507BH         LINE#         79
  C:5084H         LINE#         80
  C:508BH         LINE#         81
  C:508BH         LINE#         85
  -------         ENDPROC       VONESTEPMOVE
  -------         PROC          _STEP_MOVE
  X:04DCH         SYMBOL        step
  B:0020H.2       SYMBOL        dir
  -------         DO            
  X:04DEH         SYMBOL        i
  -------         ENDDO         
  C:4F24H         LINE#         87
  C:4F2CH         LINE#         88
  C:4F2CH         LINE#         90
  C:4F31H         LINE#         93
  C:4F4CH         LINE#         94
  C:4F4CH         LINE#         95
  C:4F53H         LINE#         96
BL51 BANKED LINKER/LOCATER V6.22                                                      05/16/2019  09:42:24  PAGE 31


  C:4F5AH         LINE#         97
  C:4F62H         LINE#         98
  C:4F67H         LINE#         99
  C:4F6FH         LINE#         100
  C:4F74H         LINE#         101
  C:4F7EH         LINE#         103
  C:4F8EH         LINE#         105
  -------         ENDPROC       _STEP_MOVE
  -------         PROC          _MOVE
  X:04D8H         SYMBOL        distance
  B:0020H.1       SYMBOL        direction
  -------         DO            
  D:0006H         SYMBOL        step
  -------         ENDDO         
  C:5248H         LINE#         107
  C:524EH         LINE#         108
  C:524EH         LINE#         111
  C:5269H         LINE#         112
  -------         ENDPROC       _MOVE
  C:477DH         SYMBOL        L?0058
  -------         PROC          L?0057
  -------         ENDPROC       L?0057
  C:477DH         SYMBOL        L?0058
  -------         PROC          LINEAR_INTERPOLATE
  X:049FH         SYMBOL        p1
  X:04A7H         SYMBOL        p2
  X:04AFH         SYMBOL        x
  -------         DO            
  D:0004H         SYMBOL        fx
  -------         ENDDO         
  C:478EH         LINE#         145
  C:478EH         LINE#         146
  C:478EH         LINE#         149
  C:482DH         LINE#         151
  C:482DH         LINE#         152
  -------         ENDPROC       LINEAR_INTERPOLATE
  -------         PROC          _THEORICALJP_POSITION
  X:0443H         SYMBOL        azimuth
  X:0447H         SYMBOL        elevation
  -------         DO            
  X:044BH         SYMBOL        pos_interpolate_azimuth
  X:0487H         SYMBOL        JP_pos
  X:048BH         SYMBOL        i
  X:048DH         SYMBOL        yy
  X:048FH         SYMBOL        p1
  X:0497H         SYMBOL        p2
  -------         ENDDO         
  C:237CH         LINE#         155
  C:2382H         LINE#         156
  C:2382H         LINE#         158
  C:238CH         LINE#         161
  C:23A8H         LINE#         162
  C:23A8H         LINE#         163
  C:2418H         LINE#         164
  C:2418H         LINE#         165
  C:241FH         LINE#         166
  C:241FH         LINE#         167
BL51 BANKED LINKER/LOCATER V6.22                                                      05/16/2019  09:42:24  PAGE 32


  C:244CH         LINE#         168
  C:2467H         LINE#         170
  C:24AEH         LINE#         171
  C:24E2H         LINE#         173
  C:2528H         LINE#         174
  C:254DH         LINE#         176
  C:254DH         LINE#         178
  C:25C3H         LINE#         179
  C:25C3H         LINE#         180
  C:25CAH         LINE#         181
  C:25CAH         LINE#         182
  C:25F7H         LINE#         183
  C:2612H         LINE#         185
  C:2659H         LINE#         186
  C:268DH         LINE#         188
  C:26D3H         LINE#         189
  C:26F5H         LINE#         191
  C:26F5H         LINE#         192
  C:2709H         LINE#         195
  C:2725H         LINE#         196
  C:2725H         LINE#         197
  C:2795H         LINE#         198
  C:2795H         LINE#         199
  C:27C2H         LINE#         200
  C:27DDH         LINE#         202
  C:280AH         LINE#         203
  C:2825H         LINE#         205
  C:2857H         LINE#         208
  C:2857H         LINE#         210
  C:2868H         LINE#         211
  C:2876H         LINE#         213
  -------         ENDPROC       _THEORICALJP_POSITION
  -------         PROC          _UPDATE_POSITION
  D:0001H         SYMBOL        mnths
  D:0002H         SYMBOL        dys
  X:041FH         SYMBOL        hurs
  X:0420H         SYMBOL        mns
  X:0421H         SYMBOL        sconds
  X:0422H         SYMBOL        currnt_pos
  X:0425H         SYMBOL        offset_calib
  -------         DO            
  X:0429H         SYMBOL        date
  X:042BH         SYMBOL        i
  X:042DH         SYMBOL        yy
  X:042FH         SYMBOL        desired_distance
  X:0433H         SYMBOL        distance
  X:0437H         SYMBOL        JP_pos
  X:043BH         SYMBOL        elevation
  X:043FH         SYMBOL        azimuth
  -------         ENDDO         
  C:1D40H         LINE#         216
  C:1D49H         LINE#         219
  C:1D49H         LINE#         220
  C:1D54H         LINE#         222
  C:1D70H         LINE#         229
  C:1D7AH         LINE#         230
  C:1D85H         LINE#         231
BL51 BANKED LINKER/LOCATER V6.22                                                      05/16/2019  09:42:24  PAGE 33


  C:1D90H         LINE#         232
  C:1DA9H         LINE#         233
  C:1DBAH         LINE#         234
  C:1DC9H         LINE#         237
  C:1DDDH         LINE#         241
  C:1E2FH         LINE#         242
  C:1F93H         LINE#         243
  C:1FE3H         LINE#         246
  C:210BH         LINE#         249
  C:21DAH         LINE#         256
  C:2221H         LINE#         257
  C:2221H         LINE#         259
  C:224CH         LINE#         260
  C:227BH         LINE#         262
  C:22A0H         LINE#         263
  C:2305H         LINE#         264
  C:2305H         LINE#         265
  C:231FH         LINE#         266
  C:2331H         LINE#         267
  C:2349H         LINE#         268
  C:235FH         LINE#         270
  C:237BH         LINE#         271
  C:237BH         LINE#         272
  C:237BH         LINE#         275
  -------         ENDPROC       _UPDATE_POSITION
  -------         PROC          _ELEVATION_CALCULATION
  D:0007H         SYMBOL        mnths
  D:0005H         SYMBOL        dys
  X:03FBH         SYMBOL        hurs
  X:03FCH         SYMBOL        mns
  X:03FDH         SYMBOL        sconds
  C:34A5H         LINE#         277
  C:34AAH         LINE#         279
  C:34AAH         LINE#         280
  C:34B4H         LINE#         281
  C:34BDH         LINE#         282
  C:34C8H         LINE#         283
  C:34E1H         LINE#         284
  C:34F5H         LINE#         285
  C:3507H         LINE#         289
  C:3559H         LINE#         290
  C:36BDH         LINE#         291
  C:370DH         LINE#         293
  C:3824H         LINE#         295
  -------         ENDPROC       _ELEVATION_CALCULATION
  -------         ENDMOD        BIPOLARMOTOR

  -------         MODULE        SUNPOS
  C:0000H         SYMBOL        _ICE_DUMMY_
  C:159EH         PUBLIC        sunpos
  -------         PROC          SUNPOS
  X:0443H         SYMBOL        udtTime
  X:0455H         SYMBOL        udtLocation
  X:045DH         SYMBOL        udtSunCoordinates
  -------         DO            
  X:0460H         SYMBOL        dElapsedJulianDays
  X:0464H         SYMBOL        dDecimalHours
BL51 BANKED LINKER/LOCATER V6.22                                                      05/16/2019  09:42:24  PAGE 34


  X:0468H         SYMBOL        dEclipticLongitude
  X:046CH         SYMBOL        dEclipticObliquity
  X:0470H         SYMBOL        dRightAscension
  X:0474H         SYMBOL        dDeclination
  X:0478H         SYMBOL        dY
  X:047CH         SYMBOL        dX
  -------         DO            
  X:0480H         SYMBOL        dJulianDate
  X:0484H         SYMBOL        liAux1
  X:0488H         SYMBOL        liAux2
  X:0480H         SYMBOL        dMeanLongitude
  X:0484H         SYMBOL        dMeanAnomaly
  X:0488H         SYMBOL        dOmega
  X:0480H         SYMBOL        dSin_EclipticLongitude
  X:0480H         SYMBOL        dGreenwichMeanSiderealTime
  X:0484H         SYMBOL        dLocalMeanSiderealTime
  X:0488H         SYMBOL        dLatitudeInRadians
  X:048CH         SYMBOL        dHourAngle
  X:0490H         SYMBOL        dCos_Latitude
  X:0494H         SYMBOL        dSin_Latitude
  X:0498H         SYMBOL        dCos_HourAngle
  X:049CH         SYMBOL        dParallax
  -------         ENDDO         
  -------         DO            
  X:0480H         SYMBOL        dMeanLongitude
  X:0484H         SYMBOL        dMeanAnomaly
  X:0488H         SYMBOL        dOmega
  X:0480H         SYMBOL        dSin_EclipticLongitude
  X:0480H         SYMBOL        dGreenwichMeanSiderealTime
  X:0484H         SYMBOL        dLocalMeanSiderealTime
  X:0488H         SYMBOL        dLatitudeInRadians
  X:048CH         SYMBOL        dHourAngle
  X:0490H         SYMBOL        dCos_Latitude
  X:0494H         SYMBOL        dSin_Latitude
  X:0498H         SYMBOL        dCos_HourAngle
  X:049CH         SYMBOL        dParallax
  -------         ENDDO         
  -------         DO            
  X:0480H         SYMBOL        dSin_EclipticLongitude
  X:0480H         SYMBOL        dGreenwichMeanSiderealTime
  X:0484H         SYMBOL        dLocalMeanSiderealTime
[...]
  C:44B7H         LINE#         98
  C:44B9H         LINE#         99
  C:44BBH         LINE#         101
  C:44BBH         LINE#         102
  C:44BDH         LINE#         104
  C:44BDH         LINE#         105
  C:44BDH         LINE#         106
  C:44BDH         LINE#         107
  C:44C0H         LINE#         108
  C:44C4H         LINE#         111
  C:44E3H         LINE#         113
  C:44EAH         LINE#         114
  C:44EAH         LINE#         115
  C:44ECH         LINE#         116
  C:44EFH         LINE#         117
  C:450BH         LINE#         118
  C:450BH         LINE#         119
  C:450DH         LINE#         120
  C:450FH         LINE#         122
  C:450FH         LINE#         123
  C:4511H         LINE#         125
  C:4511H         LINE#         126
  C:4511H         LINE#         127
  C:4511H         LINE#         128
  C:4514H         LINE#         129
BL51 BANKED LINKER/LOCATER V6.22                                                      05/16/2019  09:42:24  PAGE 47


  C:452DH         LINE#         131
  C:454CH         LINE#         133
  C:4553H         LINE#         134
  C:4553H         LINE#         135
  C:4555H         LINE#         136
  C:4558H         LINE#         137
  C:455FH         LINE#         138
  C:455FH         LINE#         139
  C:4561H         LINE#         140
  C:4563H         LINE#         142
  C:4563H         LINE#         143
  C:4565H         LINE#         145
  C:4565H         LINE#         146
  C:4565H         LINE#         147
  C:4565H         LINE#         148
  C:4568H         LINE#         149
  C:456FH         LINE#         151
  C:458EH         LINE#         153
  C:4590H         LINE#         154
  C:4593H         LINE#         155
  C:459AH         LINE#         157
  -------         ENDPROC       _AT25SF041_WRITE
  -------         PROC          _AT25SF041_READ
  D:0003H         SYMBOL        opcode
  X:05FAH         SYMBOL        addr
  -------         DO            
  X:05FEH         SYMBOL        dat
  X:05FFH         SYMBOL        i
  -------         ENDDO         
  C:4389H         LINE#         159
  C:438BH         LINE#         160
  C:438BH         LINE#         161
  C:4390H         LINE#         163
  C:4392H         LINE#         164
  C:4398H         LINE#         168
  C:439DH         LINE#         169
  C:439DH         LINE#         170
  C:439FH         LINE#         171
  C:43A2H         LINE#         172
  C:43A6H         LINE#         173
  C:43A6H         LINE#         174
  C:43A8H         LINE#         175
  C:43AAH         LINE#         177
  C:43AAH         LINE#         178
  C:43ACH         LINE#         180
  C:43ACH         LINE#         181
  C:43ACH         LINE#         182
  C:43ACH         LINE#         183
  C:43AFH         LINE#         184
  C:43B3H         LINE#         187
  C:43D2H         LINE#         189
  C:43D9H         LINE#         190
  C:43D9H         LINE#         191
  C:43DBH         LINE#         192
  C:43DEH         LINE#         193
  C:43FAH         LINE#         194
  C:43FAH         LINE#         195
BL51 BANKED LINKER/LOCATER V6.22                                                      05/16/2019  09:42:24  PAGE 48


  C:43FCH         LINE#         196
  C:43FEH         LINE#         198
  C:43FEH         LINE#         199
  C:4400H         LINE#         201
  C:4400H         LINE#         202
  C:4400H         LINE#         203
  C:4400H         LINE#         204
  C:4403H         LINE#         205
  C:441CH         LINE#         207
  C:443BH         LINE#         210
  C:4442H         LINE#         212
  C:4444H         LINE#         213
  C:444BH         LINE#         215
  C:4452H         LINE#         216
  C:4452H         LINE#         217
  C:4459H         LINE#         218
  C:4459H         LINE#         219
  C:445CH         LINE#         220
  C:445EH         LINE#         221
  C:4461H         LINE#         223
  C:4464H         LINE#         224
  C:4464H         LINE#         226
  C:4468H         LINE#         227
  C:4468H         LINE#         233
  C:4487H         LINE#         236
  C:4489H         LINE#         237
  C:448CH         LINE#         238
  C:4493H         LINE#         240
  C:4498H         LINE#         242
  -------         ENDPROC       _AT25SF041_READ
  -------         PROC          UCREAD_STATUS_REGISTER_BYTE1
  -------         DO            
  D:0003H         SYMBOL        dat
  D:0001H         SYMBOL        opcode
  X:04E0H         SYMBOL        count
  X:04E1H         SYMBOL        i
  -------         ENDDO         
  C:4A42H         LINE#         246
  C:4A42H         LINE#         247
  C:4A42H         LINE#         248
  C:4A48H         LINE#         249
  C:4A4CH         LINE#         250
  C:4A4EH         LINE#         251
  C:4A50H         LINE#         252
  C:4A56H         LINE#         256
  C:4A5DH         LINE#         257
  C:4A5DH         LINE#         258
  C:4A5FH         LINE#         259
  C:4A62H         LINE#         260
  C:4A66H         LINE#         261
  C:4A66H         LINE#         262
  C:4A68H         LINE#         263
  C:4A6AH         LINE#         265
  C:4A6AH         LINE#         266
  C:4A6CH         LINE#         268
  C:4A6CH         LINE#         269
  C:4A6CH         LINE#         270
BL51 BANKED LINKER/LOCATER V6.22                                                      05/16/2019  09:42:24  PAGE 49


  C:4A6CH         LINE#         271
  C:4A6FH         LINE#         272
  C:4A73H         LINE#         275
  C:4A92H         LINE#         279
  C:4A99H         LINE#         281
  C:4A9BH         LINE#         282
  C:4AA2H         LINE#         283
  C:4AA9H         LINE#         284
  C:4AA9H         LINE#         285
  C:4AADH         LINE#         286
  C:4AADH         LINE#         287
  C:4AB0H         LINE#         288
  C:4AB2H         LINE#         289
  C:4AB5H         LINE#         291
  C:4AB8H         LINE#         292
  C:4AB8H         LINE#         294
  C:4ABCH         LINE#         295
  C:4ABCH         LINE#         297
  C:4ADBH         LINE#         301
  C:4ADDH         LINE#         302
  C:4AE0H         LINE#         303
  C:4AE2H         LINE#         304
  -------         ENDPROC       UCREAD_STATUS_REGISTER_BYTE1
  -------         PROC          SPI_NOR_WRITE_DATA
  X:03F9H         SYMBOL        dat
  X:0404H         SYMBOL        addr
  C:3B72H         LINE#         306
  C:3B72H         LINE#         307
  C:3B72H         LINE#         309
  C:3B75H         LINE#         311
  C:3B8FH         LINE#         312
  C:3BADH         LINE#         314
  C:3BB4H         LINE#         315
  C:3BB7H         LINE#         317
  C:3BD1H         LINE#         318
  C:3BD1H         LINE#         319
  C:3BD1H         LINE#         322
  C:3BD4H         LINE#         324
  C:3BEEH         LINE#         325
  C:3BEEH         LINE#         326
  C:3BEEH         LINE#         328
  C:3BF1H         LINE#         330
  C:3C0BH         LINE#         331
  C:3C0BH         LINE#         332
  C:3C0BH         LINE#         334
  C:3C0EH         LINE#         336
  C:3C28H         LINE#         337
  C:3C28H         LINE#         338
  C:3C28H         LINE#         340
  C:3C2BH         LINE#         342
  C:3C45H         LINE#         343
  C:3C45H         LINE#         344
  C:3C45H         LINE#         346
  C:3C48H         LINE#         348
  C:3C62H         LINE#         349
  C:3C62H         LINE#         350
  C:3C62H         LINE#         352
BL51 BANKED LINKER/LOCATER V6.22                                                      05/16/2019  09:42:24  PAGE 50


  C:3C65H         LINE#         354
  C:3C7FH         LINE#         355
  C:3C7FH         LINE#         356
  C:3C7FH         LINE#         358
  C:3C82H         LINE#         360
  C:3C9CH         LINE#         361
  C:3C9CH         LINE#         362
  C:3C9CH         LINE#         364
  C:3C9FH         LINE#         366
  C:3CB9H         LINE#         367
  C:3CB9H         LINE#         368
  C:3CB9H         LINE#         370
  C:3CBCH         LINE#         372
  C:3CD6H         LINE#         373
  C:3CDDH         LINE#         374
  -------         ENDPROC       SPI_NOR_WRITE_DATA
  -------         ENDMOD        AT25SF041

  -------         MODULE        ?C_STARTUP
  C:4CB6H         SEGMENT       ?C_C51STARTUP
  I:0021H         SEGMENT       ?STACK
  C:0000H         PUBLIC        ?C_STARTUP
  D:00E0H         SYMBOL        ACC
  D:00F0H         SYMBOL        B
  D:0083H         SYMBOL        DPH
  D:0082H         SYMBOL        DPL
  N:0000H         SYMBOL        IBPSTACK
  N:0100H         SYMBOL        IBPSTACKTOP
  N:0080H         SYMBOL        IDATALEN
  C:4CB9H         SYMBOL        IDATALOOP
  N:0000H         SYMBOL        PBPSTACK
  N:0100H         SYMBOL        PBPSTACKTOP
  N:0000H         SYMBOL        PDATALEN
  N:0000H         SYMBOL        PDATASTART
  N:0000H         SYMBOL        PPAGE
  N:0000H         SYMBOL        PPAGEENABLE
  D:00A0H         SYMBOL        PPAGE_SFR
  D:0081H         SYMBOL        SP
  C:4CB6H         SYMBOL        STARTUP1
  N:0000H         SYMBOL        XBPSTACK
  N:0000H         SYMBOL        XBPSTACKTOP
  N:0000H         SYMBOL        XDATALEN
  N:0000H         SYMBOL        XDATASTART
  C:0000H         LINE#         126
  C:4CB6H         LINE#         133
  C:4CB8H         LINE#         134
  C:4CB9H         LINE#         135
  C:4CBAH         LINE#         136
  C:4CBCH         LINE#         185
  C:4CBFH         LINE#         196
  -------         ENDMOD        ?C_STARTUP

  -------         MODULE        ?C?FPADD
  C:0BD5H         PUBLIC        ?C?FPADD
  C:0BD1H         PUBLIC        ?C?FPSUB
  -------         ENDMOD        ?C?FPADD

BL51 BANKED LINKER/LOCATER V6.22                                                      05/16/2019  09:42:24  PAGE 51


  -------         MODULE        ?C?FPMUL
  C:0CC6H         PUBLIC        ?C?FPMUL
  -------         ENDMOD        ?C?FPMUL

  -------         MODULE        ?C?FPDIV
  C:0DCFH         PUBLIC        ?C?FPDIV
  -------         ENDMOD        ?C?FPDIV

  -------         MODULE        ?C?FPCMP
  C:0E6EH         PUBLIC        ?C?FPCMP
  C:0E6CH         PUBLIC        ?C?FPCMP3
  -------         ENDMOD        ?C?FPCMP

  -------         MODULE        ?C?FPNEG
  C:0EE5H         PUBLIC        ?C?FPNEG
  -------         ENDMOD        ?C?FPNEG

  -------         MODULE        ?C?FCAST
  C:0F00H         PUBLIC        ?C?FCASTC
  C:0EFBH         PUBLIC        ?C?FCASTI
  C:0EF6H         PUBLIC        ?C?FCASTL
  -------         ENDMOD        ?C?FCAST

  -------         MODULE        ?C?CASTF
  C:0F34H         PUBLIC        ?C?CASTF
  -------         ENDMOD        ?C?CASTF

  -------         MODULE        ATAN2
  X:04A0H         PUBLIC        ?_atan2?BYTE
  C:4AE3H         PUBLIC        _atan2
  -------         ENDMOD        ATAN2

  -------         MODULE        SIN
  C:3D43H         PUBLIC        _COS
  C:3D59H         PUBLIC        _SIN
  C:3D95H         PUBLIC        _TAN
  -------         ENDMOD        SIN

  -------         MODULE        ACOS
  C:508CH         PUBLIC        _ACOS
  -------         ENDMOD        ACOS

  -------         MODULE        ASIN
  C:515AH         PUBLIC        _ASIN
  -------         ENDMOD        ASIN

  -------         MODULE        POW
  X:03C1H         PUBLIC        ?_pow?BYTE
  C:3E83H         PUBLIC        _pow
  -------         ENDMOD        POW

  -------         MODULE        ?C?CHKFLOAT
  C:0FB5H         PUBLIC        ?C?CHKFLOAT
  -------         ENDMOD        ?C?CHKFLOAT

  -------         MODULE        EXP
  C:4C54H         PUBLIC        _EXP
BL51 BANKED LINKER/LOCATER V6.22                                                      05/16/2019  09:42:24  PAGE 52


  -------         ENDMOD        EXP

  -------         MODULE        LOG
  C:4172H         PUBLIC        _LOG
  C:416EH         PUBLIC        _LOG10
  -------         ENDMOD        LOG

  -------         MODULE        SQRT
  C:499AH         PUBLIC        _SQRT
  -------         ENDMOD        SQRT

  -------         MODULE        ATAN
  C:4287H         PUBLIC        _ATAN
  -------         ENDMOD        ATAN

  -------         MODULE        ?C?COPY
  C:10ECH         PUBLIC        ?C?COPY
  -------         ENDMOD        ?C?COPY

  -------         MODULE        ?C?CLDPTR
  C:1112H         PUBLIC        ?C?CLDPTR
  -------         ENDMOD        ?C?CLDPTR

  -------         MODULE        ?C?CLDOPTR
  C:112BH         PUBLIC        ?C?CLDOPTR
  -------         ENDMOD        ?C?CLDOPTR

  -------         MODULE        ?C?CSTPTR
  C:1158H         PUBLIC        ?C?CSTPTR
  -------         ENDMOD        ?C?CSTPTR

  -------         MODULE        ?C?IMUL
  C:116AH         PUBLIC        ?C?IMUL
  -------         ENDMOD        ?C?IMUL

  -------         MODULE        ?C?UIDIV
  C:117CH         PUBLIC        ?C?UIDIV
  -------         ENDMOD        ?C?UIDIV

  -------         MODULE        ?C?SIDIV
  C:11D1H         PUBLIC        ?C?SIDIV
  -------         ENDMOD        ?C?SIDIV

  -------         MODULE        ?C?ILDIX
  C:1207H         PUBLIC        ?C?ILDIX
  -------         ENDMOD        ?C?ILDIX

  -------         MODULE        ?C?ILDOPTR
  C:121DH         PUBLIC        ?C?ILDOPTR
  -------         ENDMOD        ?C?ILDOPTR

  -------         MODULE        ?C?ISTPTR
  C:1255H         PUBLIC        ?C?ISTPTR
  -------         ENDMOD        ?C?ISTPTR

  -------         MODULE        ?C?LMUL
  C:1274H         PUBLIC        ?C?LMUL
BL51 BANKED LINKER/LOCATER V6.22                                                      05/16/2019  09:42:24  PAGE 53


  -------         ENDMOD        ?C?LMUL

  -------         MODULE        ?C?SLDIV
  C:50D6H         PUBLIC        ?C?SLDIV
  -------         ENDMOD        ?C?SLDIV

  -------         MODULE        ?C?LNEG
  C:12C3H         PUBLIC        ?C?LNEG
  -------         ENDMOD        ?C?LNEG

  -------         MODULE        ?C?ULCMP
  C:12D1H         PUBLIC        ?C?ULCMP
  -------         ENDMOD        ?C?ULCMP

  -------         MODULE        ?C?LSHL
  C:12E2H         PUBLIC        ?C?LSHL
  -------         ENDMOD        ?C?LSHL

  -------         MODULE        ?C?LLDPTR
  C:12F5H         PUBLIC        ?C?LLDPTR
  -------         ENDMOD        ?C?LLDPTR

  -------         MODULE        ?C?LLDOPTR
  C:1315H         PUBLIC        ?C?LLDOPTR
  -------         ENDMOD        ?C?LLDOPTR

  -------         MODULE        ?C?LSTPTR
  C:1345H         PUBLIC        ?C?LSTPTR
  -------         ENDMOD        ?C?LSTPTR

  -------         MODULE        ?C?LSTOPTR
  C:135FH         PUBLIC        ?C?LSTOPTR
  -------         ENDMOD        ?C?LSTOPTR

  -------         MODULE        ?C?LLDXDATA
  C:1383H         PUBLIC        ?C?LLDXDATA
  -------         ENDMOD        ?C?LLDXDATA

  -------         MODULE        ?C?LLDCODE
  C:138FH         PUBLIC        ?C?LLDCODE
  -------         ENDMOD        ?C?LLDCODE

  -------         MODULE        ?C?LLDXDATA0
  C:139FH         PUBLIC        ?C?LLDXDATA0
  -------         ENDMOD        ?C?LLDXDATA0

  -------         MODULE        ?C?LLDCODE0
  C:13ABH         PUBLIC        ?C?LLDCODE0
  -------         ENDMOD        ?C?LLDCODE0

  -------         MODULE        ?C?LLDPTR0
  C:13BBH         PUBLIC        ?C?LLDPTR0
  -------         ENDMOD        ?C?LLDPTR0

  -------         MODULE        ?C?LSTXDATA
  C:13DBH         PUBLIC        ?C?LSTXDATA
  -------         ENDMOD        ?C?LSTXDATA
BL51 BANKED LINKER/LOCATER V6.22                                                      05/16/2019  09:42:24  PAGE 54



  -------         MODULE        ?C?LSTKXDATA
  C:13E7H         PUBLIC        ?C?LSTKXDATA
  -------         ENDMOD        ?C?LSTKXDATA

  -------         MODULE        ?C?LSTKPTR
  C:1418H         PUBLIC        ?C?LSTKPTR
  -------         ENDMOD        ?C?LSTKPTR

  -------         MODULE        ?C?OFFXADD
  C:1432H         PUBLIC        ?C?OFFXADD
  -------         ENDMOD        ?C?OFFXADD

  -------         MODULE        ATOI
  C:4690H         PUBLIC        _atoi
  -------         ENDMOD        ATOI

  -------         MODULE        ?C?IILDX
  C:143EH         PUBLIC        ?C?IILDX
  -------         ENDMOD        ?C?IILDX

  -------         MODULE        ?C?ULDIV
  C:1490H         PUBLIC        ?C?ULDIV
  -------         ENDMOD        ?C?ULDIV

  -------         MODULE        ?C?LLDIDATA
  C:1522H         PUBLIC        ?C?LLDIDATA
  -------         ENDMOD        ?C?LLDIDATA

  -------         MODULE        ?C?LLDPDATA
  C:152EH         PUBLIC        ?C?LLDPDATA
  -------         ENDMOD        ?C?LLDPDATA

  -------         MODULE        ?C?LLDIDATA0
  C:153AH         PUBLIC        ?C?LLDIDATA0
  -------         ENDMOD        ?C?LLDIDATA0

  -------         MODULE        ?C?LLDPDATA0
  C:1547H         PUBLIC        ?C?LLDPDATA0
  -------         ENDMOD        ?C?LLDPDATA0

  -------         MODULE        ?C?LSTIDATA
  C:1554H         PUBLIC        ?C?LSTIDATA
  -------         ENDMOD        ?C?LSTIDATA

  -------         MODULE        ?C?LSTPDATA
  C:1560H         PUBLIC        ?C?LSTPDATA
  -------         ENDMOD        ?C?LSTPDATA

  -------         MODULE        ?C?LSTKIDATA
  C:156CH         PUBLIC        ?C?LSTKIDATA
  -------         ENDMOD        ?C?LSTKIDATA

  -------         MODULE        ?C?LSTKPDATA
  C:1585H         PUBLIC        ?C?LSTKPDATA
  -------         ENDMOD        ?C?LSTKPDATA

BL51 BANKED LINKER/LOCATER V6.22                                                      05/16/2019  09:42:24  PAGE 55


  -------         MODULE        ISDIGIT
  C:54C2H         PUBLIC        _isdigit
  -------         ENDMOD        ISDIGIT

  -------         MODULE        ISSPACE
  C:545DH         PUBLIC        _isspace
  -------         ENDMOD        ISSPACE

*** WARNING L16: UNCALLED SEGMENT, IGNORED FOR OVERLAY PROCESS
    SEGMENT: ?PR?_DAY_OF_YEAR?PCF85063BTL

*** WARNING L16: UNCALLED SEGMENT, IGNORED FOR OVERLAY PROCESS
    SEGMENT: ?PR?INITUART1?UART1

*** WARNING L16: UNCALLED SEGMENT, IGNORED FOR OVERLAY PROCESS
    SEGMENT: ?PR?_SENDSTRING?UART1

*** WARNING L16: UNCALLED SEGMENT, IGNORED FOR OVERLAY PROCESS
    SEGMENT: ?PR?_TEN?UART1

*** WARNING L16: UNCALLED SEGMENT, IGNORED FOR OVERLAY PROCESS
    SEGMENT: ?PR?_UNIT?UART1

*** WARNING L16: UNCALLED SEGMENT, IGNORED FOR OVERLAY PROCESS
    SEGMENT: ?PR?_DECTOBCD?UART1

*** WARNING L16: UNCALLED SEGMENT, IGNORED FOR OVERLAY PROCESS
    SEGMENT: ?PR?_ASCII_LETTER?UART1

*** WARNING L16: UNCALLED SEGMENT, IGNORED FOR OVERLAY PROCESS
    SEGMENT: ?PR?_ASCIITOBCD?UART1

*** WARNING L16: UNCALLED SEGMENT, IGNORED FOR OVERLAY PROCESS
    SEGMENT: ?PR?NOP?IOEXPANDER_PI4IOE5V96248

*** WARNING L16: UNCALLED SEGMENT, IGNORED FOR OVERLAY PROCESS
    SEGMENT: ?PR?UC_ACK?IOEXPANDER_PI4IOE5V96248

*** WARNING L16: UNCALLED SEGMENT, IGNORED FOR OVERLAY PROCESS
    SEGMENT: ?PR?UC_NACK?IOEXPANDER_PI4IOE5V96248

*** WARNING L16: UNCALLED SEGMENT, IGNORED FOR OVERLAY PROCESS
    SEGMENT: ?PR?_AT25SF041_READ?AT25SF041

*** WARNING L1: UNRESOLVED EXTERNAL SYMBOL
    SYMBOL:  SI1120_CONFIG_MODE_VIRH
    MODULE:  .\Obj\main.obj (MAIN)

*** WARNING L1: UNRESOLVED EXTERNAL SYMBOL
    SYMBOL:  ENABLE_EXTINT0
    MODULE:  .\Obj\main.obj (MAIN)

*** WARNING L2: REFERENCE MADE TO UNRESOLVED EXTERNAL
    SYMBOL:  SI1120_CONFIG_MODE_VIRH
    MODULE:  .\Obj\main.obj (MAIN)
    ADDRESS: 0071H

BL51 BANKED LINKER/LOCATER V6.22                                                      05/16/2019  09:42:24  PAGE 56


*** WARNING L2: REFERENCE MADE TO UNRESOLVED EXTERNAL
    SYMBOL:  ENABLE_EXTINT0
    MODULE:  .\Obj\main.obj (MAIN)
    ADDRESS: 0074H

*** WARNING L1: UNRESOLVED EXTERNAL SYMBOL
    SYMBOL:  _SENDUART1
    MODULE:  .\Obj\UART1.obj (UART1)

*** WARNING L2: REFERENCE MADE TO UNRESOLVED EXTERNAL
    SYMBOL:  _SENDUART1
    MODULE:  .\Obj\UART1.obj (UART1)
    ADDRESS: 51C3H

Program Size: data=9.6 xdata=1547 code=21773
LINK/LOCATE RUN COMPLETE.  18 WARNING(S),  0 ERROR(S)
