BL51 BANKED LINKER/LOCATER V6.22                                                        08/21/2019  16:59:51  PAGE 1


BL51 BANKED LINKER/LOCATER V6.22, INVOKED BY:
C:\KEIL_V5\C51\BIN\BL51.EXE .\Obj\main.obj, .\Obj\PCF85063BTL.obj, .\Obj\LCd_Driver_SPLC780D.obj, .\Obj\KeyPad.obj, .\Ob
>> j\BipolarMotor.obj, .\Obj\SunPos.obj, .\Obj\ADC.obj, .\Obj\Calibration.obj, .\Obj\IOExpander_PI4IOE5V96248.obj, .\Obj
>> \AT25SF041.obj, .\Obj\SI1120.obj, .\Obj\UART1.obj, .\Obj\STARTUP.obj TO .\Obj\GPIO_RTC_Test RTX51TINY PRINT (.\Lis\GP
>> IO_RTC_Test.m51) RAMSIZE (256)


MEMORY MODEL: LARGE WITH FLOATING POINT ARITHMETIC


INPUT MODULES INCLUDED:
  .\Obj\main.obj (MAIN)
  .\Obj\PCF85063BTL.obj (PCF85063BTL)
  .\Obj\LCd_Driver_SPLC780D.obj (LCD_DRIVER_SPLC780D)
  .\Obj\KeyPad.obj (KEYPAD)
  .\Obj\BipolarMotor.obj (BIPOLARMOTOR)
  .\Obj\SunPos.obj (SUNPOS)
  .\Obj\ADC.obj (ADC)
  .\Obj\Calibration.obj (CALIBRATION)
  .\Obj\IOExpander_PI4IOE5V96248.obj (IOEXPANDER_PI4IOE5V96248)
  .\Obj\AT25SF041.obj (AT25SF041)
  .\Obj\SI1120.obj (SI1120)
  .\Obj\UART1.obj (UART1)
  .\Obj\STARTUP.obj (?C_STARTUP)
  C:\KEIL_V5\C51\LIB\C51FPL.LIB (?C?FPADD)
  C:\KEIL_V5\C51\LIB\C51FPL.LIB (?C?FPMUL)
  C:\KEIL_V5\C51\LIB\C51FPL.LIB (?C?FPDIV)
  C:\KEIL_V5\C51\LIB\C51FPL.LIB (?C?FPCMP)
  C:\KEIL_V5\C51\LIB\C51FPL.LIB (?C?FPNEG)
  C:\KEIL_V5\C51\LIB\C51FPL.LIB (?C?FCAST)
  C:\KEIL_V5\C51\LIB\C51FPL.LIB (?C?CASTF)
  C:\KEIL_V5\C51\LIB\C51FPL.LIB (PRINTF)
  C:\KEIL_V5\C51\LIB\C51FPL.LIB (FABS)
  C:\KEIL_V5\C51\LIB\C51FPL.LIB (ATAN2)
  C:\KEIL_V5\C51\LIB\C51FPL.LIB (SIN)
  C:\KEIL_V5\C51\LIB\C51FPL.LIB (ACOS)
  C:\KEIL_V5\C51\LIB\C51FPL.LIB (ASIN)
  C:\KEIL_V5\C51\LIB\C51FPL.LIB (POW)
  C:\KEIL_V5\C51\LIB\C51FPL.LIB (?C?FPGETOPN)
  C:\KEIL_V5\C51\LIB\C51FPL.LIB (?C?CHKFLOAT)
  C:\KEIL_V5\C51\LIB\C51FPL.LIB (?C?FPROUND)
  C:\KEIL_V5\C51\LIB\C51FPL.LIB (?C?FPCONVERT)
  C:\KEIL_V5\C51\LIB\C51FPL.LIB (?C?FPSERIES)
  C:\KEIL_V5\C51\LIB\C51FPL.LIB (EXP)
  C:\KEIL_V5\C51\LIB\C51FPL.LIB (LOG)
  C:\KEIL_V5\C51\LIB\C51FPL.LIB (SQRT)
  C:\KEIL_V5\C51\LIB\C51FPL.LIB (ATAN)
  C:\KEIL_V5\C51\LIB\C51FPL.LIB (?C?FTNPWR)
  C:\KEIL_V5\C51\LIB\C51L.LIB (?C_INIT)
  C:\KEIL_V5\C51\LIB\C51L.LIB (?C?COPY)
  C:\KEIL_V5\C51\LIB\C51L.LIB (?C?CLDPTR)
  C:\KEIL_V5\C51\LIB\C51L.LIB (?C?CLDOPTR)
  C:\KEIL_V5\C51\LIB\C51L.LIB (?C?CSTPTR)
  C:\KEIL_V5\C51\LIB\C51L.LIB (?C?IMUL)
  C:\KEIL_V5\C51\LIB\C51L.LIB (?C?UIDIV)
  C:\KEIL_V5\C51\LIB\C51L.LIB (?C?SIDIV)
  C:\KEIL_V5\C51\LIB\C51L.LIB (?C?ILDIX)
  C:\KEIL_V5\C51\LIB\C51L.LIB (?C?ILDOPTR)
BL51 BANKED LINKER/LOCATER V6.22                                                      08/21/2019  16:59:51  PAGE 2


  C:\KEIL_V5\C51\LIB\C51L.LIB (?C?ISTPTR)
  C:\KEIL_V5\C51\LIB\C51L.LIB (?C?LMUL)
  C:\KEIL_V5\C51\LIB\C51L.LIB (?C?SLDIV)
  C:\KEIL_V5\C51\LIB\C51L.LIB (?C?LNEG)
  C:\KEIL_V5\C51\LIB\C51L.LIB (?C?ULCMP)
  C:\KEIL_V5\C51\LIB\C51L.LIB (?C?LSHL)
  C:\KEIL_V5\C51\LIB\C51L.LIB (?C?LLDPTR)
  C:\KEIL_V5\C51\LIB\C51L.LIB (?C?LLDOPTR)
  C:\KEIL_V5\C51\LIB\C51L.LIB (?C?LSTPTR)
  C:\KEIL_V5\C51\LIB\C51L.LIB (?C?LSTOPTR)
  C:\KEIL_V5\C51\LIB\C51L.LIB (?C?LLDXDATA)
  C:\KEIL_V5\C51\LIB\C51L.LIB (?C?LLDCODE)
  C:\KEIL_V5\C51\LIB\C51L.LIB (?C?LLDXDATA0)
  C:\KEIL_V5\C51\LIB\C51L.LIB (?C?LLDCODE0)
  C:\KEIL_V5\C51\LIB\C51L.LIB (?C?LLDPTR0)
  C:\KEIL_V5\C51\LIB\C51L.LIB (?C?LSTXDATA)
  C:\KEIL_V5\C51\LIB\C51L.LIB (?C?LSTKXDATA)
  C:\KEIL_V5\C51\LIB\C51L.LIB (?C?LSTKPTR)
  C:\KEIL_V5\C51\LIB\C51L.LIB (?C?OFFXADD)
  C:\KEIL_V5\C51\LIB\C51L.LIB (?C?PLDIXDATA)
  C:\KEIL_V5\C51\LIB\C51L.LIB (?C?PSTXDATA)
  C:\KEIL_V5\C51\LIB\C51L.LIB (?C?CCASE)
  C:\KEIL_V5\C51\LIB\C51L.LIB (PUTCHAR)
  C:\KEIL_V5\C51\LIB\C51L.LIB (ABS)
  C:\KEIL_V5\C51\LIB\C51L.LIB (ATOI)
  C:\KEIL_V5\C51\LIB\C51L.LIB (?C?IILDX)
  C:\KEIL_V5\C51\LIB\C51L.LIB (?C?ULDIV)
  C:\KEIL_V5\C51\LIB\C51L.LIB (?C?LLDIDATA)
  C:\KEIL_V5\C51\LIB\C51L.LIB (?C?LLDPDATA)
  C:\KEIL_V5\C51\LIB\C51L.LIB (?C?LLDIDATA0)
  C:\KEIL_V5\C51\LIB\C51L.LIB (?C?LLDPDATA0)
  C:\KEIL_V5\C51\LIB\C51L.LIB (?C?LSTIDATA)
  C:\KEIL_V5\C51\LIB\C51L.LIB (?C?LSTPDATA)
  C:\KEIL_V5\C51\LIB\C51L.LIB (?C?LSTKIDATA)
  C:\KEIL_V5\C51\LIB\C51L.LIB (?C?LSTKPDATA)
  C:\KEIL_V5\C51\LIB\C51L.LIB (ISDIGIT)
  C:\KEIL_V5\C51\LIB\C51L.LIB (ISSPACE)


LINK MAP OF MODULE:  .\Obj\GPIO_RTC_Test (MAIN)


            TYPE    BASE      LENGTH    RELOCATION   SEGMENT NAME
            -----------------------------------------------------

            * * * * * * *   D A T A   M E M O R Y   * * * * * * *
            REG     0000H     0008H     ABSOLUTE     "REG BANK 0"
            DATA    0008H     0005H     UNIT         _DATA_GROUP_
                    000DH     0013H                  *** GAP ***
            BIT     0020H.0   0001H.2   UNIT         _BIT_GROUP_
            BIT     0021H.2   0000H.1   UNIT         ?BI?MAIN
            BIT     0021H.3   0000H.1   UNIT         ?BI?_ATOI?ATOI
                    0021H.4   0000H.4                *** GAP ***
            IDATA   0022H     0001H     UNIT         ?STACK

            * * * * * * *  X D A T A   M E M O R Y  * * * * * * *
            XDATA   0000H     03BCH     UNIT         ?XD?BIPOLARMOTOR
BL51 BANKED LINKER/LOCATER V6.22                                                      08/21/2019  16:59:51  PAGE 3


            XDATA   03BCH     015DH     UNIT         _XDATA_GROUP_
            XDATA   0519H     011DH     UNIT         ?XD?MAIN
            XDATA   0636H     0019H     UNIT         ?XD?KEYPAD
            XDATA   064FH     0005H     UNIT         ?XD?_ATOI?ATOI
            XDATA   0654H     0001H     UNIT         ?XD?UC_ACK?IOEXPANDER_PI4IOE5V96248
            XDATA   0655H     0001H     UNIT         ?XD?UC_NACK?IOEXPANDER_PI4IOE5V96248

            * * * * * * *   C O D E   M E M O R Y   * * * * * * *
            CODE    0000H     0003H     ABSOLUTE     
            CODE    0003H     0003H     ABSOLUTE     
            CODE    0006H     0005H     UNIT         ?PR?_UNIT?UART1
            CODE    000BH     0003H     ABSOLUTE     
            CODE    000EH     000DH     UNIT         ?PR?UART?MAIN
            CODE    001BH     0003H     ABSOLUTE     
            CODE    001EH     0005H     UNIT         ?PR?_ASCII_LETTER?UART1
            CODE    0023H     0003H     ABSOLUTE     
            CODE    0026H     2000H     UNIT         ?PR?MAIN?MAIN
            CODE    2026H     0BC8H     UNIT         ?C?LIB_CODE
            CODE    2BEEH     07A2H     UNIT         ?PR?SUNPOS?SUNPOS
            CODE    3390H     06F4H     UNIT         ?PR?_FIND_REAL_MAX?CALIBRATION
            CODE    3A84H     05D1H     UNIT         ?PR?_UPDATE_POSITION?BIPOLARMOTOR
            CODE    4055H     04FBH     UNIT         ?PR?_THEORICALJP_POSITION?BIPOLARMOTOR
            CODE    4550H     0483H     UNIT         ?PR?PRINTF?PRINTF
            CODE    49D3H     041AH     UNIT         ?C_INITSEG
            CODE    4DEDH     038CH     UNIT         ?PR?KEY_PROCESS?KEYPAD
            CODE    5179H     0380H     UNIT         ?PR?_ELEVATION_CALCULATION?BIPOLARMOTOR
            CODE    54F9H     01C7H     UNIT         ?PR?_CALIBRATION?CALIBRATION
            CODE    56C0H     018DH     UNIT         ?PR?KEY_SCAN?KEYPAD
            CODE    584DH     0189H     UNIT         ?PR?SPI_NOR_WRITE_DATA?AT25SF041
            CODE    59D6H     0188H     UNIT         ?PR?SIN?SIN
            CODE    5B5EH     0166H     UNIT         ?PR?_POW?POW
            CODE    5CC4H     0155H     UNIT         ?PR?_DISPLAY_POS?LCD_DRIVER_SPLC780D
            CODE    5E19H     0129H     UNIT         ?PR?LOG?LOG
            CODE    5F42H     0122H     UNIT         ?PR?ATAN?ATAN
            CODE    6064H     0110H     UNIT         ?PR?_AT25SF041_READ?AT25SF041
            CODE    6174H     0102H     UNIT         ?PR?_AT25SF041_WRITE?AT25SF041
            CODE    6276H     00F5H     UNIT         ?PR?EXINT0?MAIN
            CODE    636BH     00DBH     UNIT         ?PR?_ATOI?ATOI
            CODE    6446H     00C3H     UNIT         ?PR?LINEAR_INTERPOLATE?BIPOLARMOTOR
            CODE    6509H     00BBH     UNIT         ?PR?VOLTAGE_IS_STABLE?CALIBRATION
            CODE    65C4H     00ADH     UNIT         ?PR?_WRITE_PI4IOE5V96248?IOEXPANDER_PI4IOE5V96248
            CODE    6671H     00ACH     UNIT         ?PR?SQRT?SQRT
            CODE    671DH     00A1H     UNIT         ?PR?UCREAD_STATUS_REGISTER_BYTE1?AT25SF041
            CODE    67BEH     009DH     UNIT         ?PR?_ATAN2?ATAN2
            CODE    685BH     009CH     UNIT         ?PR?_MAX_VALUE?CALIBRATION
            CODE    68F7H     009AH     UNIT         ?PR?EXP?EXP
            CODE    6991H     008CH     UNIT         ?C_C51STARTUP
            CODE    6A1DH     0088H     UNIT         ?PR?_DAY_OF_YEAR?PCF85063BTL
            CODE    6AA5H     0079H     UNIT         ?PR?_WRITEDATA?LCD_DRIVER_SPLC780D
            CODE    6B1EH     0072H     UNIT         ?PR?AT25SF041_WRITEENABLE?AT25SF041
            CODE    6B90H     006FH     UNIT         ?PR?_READ_TIME?PCF85063BTL
            CODE    6BFFH     005AH     UNIT         ?PR?AT25SF041_CHIPERASE?AT25SF041
            CODE    6C59H     0059H     UNIT         ?PR?LCD_INIT?LCD_DRIVER_SPLC780D
            CODE    6CB2H     0056H     UNIT         ?CO?MAIN
            CODE    6D08H     004BH     UNIT         ?CO?UART1
            CODE    6D53H     004AH     UNIT         ?PR?VONESTEPMOVE?BIPOLARMOTOR
            CODE    6D9DH     004AH     UNIT         ?PR?ACOS?ACOS
BL51 BANKED LINKER/LOCATER V6.22                                                      08/21/2019  16:59:51  PAGE 4


            CODE    6DE7H     0044H     UNIT         ?C?LDIV
            CODE    6E2BH     0040H     UNIT         ?PR?_COMMAND?LCD_DRIVER_SPLC780D
            CODE    6E6BH     0040H     UNIT         ?PR?_STEP_MOVE?BIPOLARMOTOR
            CODE    6EABH     003BH     UNIT         ?PR?ASIN?ASIN
            CODE    6EE6H     0033H     UNIT         ?PR?_SENDSTRING?UART1
            CODE    6F19H     0031H     UNIT         ?PR?SI1120_CONFIG_MODE_VIRH?SI1120
            CODE    6F4AH     002BH     UNIT         ?PR?_WAIT_MS_I2C?IOEXPANDER_PI4IOE5V96248
            CODE    6F75H     002BH     UNIT         ?PR?_WAIT_MS_SPINOR?AT25SF041
            CODE    6FA0H     002AH     UNIT         ?PR?_ADC_GETRESULT?ADC
            CODE    6FCAH     0028H     UNIT         ?PR?_MOVE?BIPOLARMOTOR
            CODE    6FF2H     0028H     UNIT         ?CO?CALIBRATION
            CODE    701AH     0027H     UNIT         ?PR?_I2C_SENDBYTE?IOEXPANDER_PI4IOE5V96248
            CODE    7041H     0027H     UNIT         ?PR?PUTCHAR?PUTCHAR
            CODE    7068H     0025H     UNIT         ?PR?_FINDCLOSESTSAMEDAYCALIBTIME?CALIBRATION
            CODE    708DH     0024H     UNIT         ?PR?_WAIT_MS?LCD_DRIVER_SPLC780D
            CODE    70B1H     0024H     UNIT         ?PR?_UART1_SENDTOTCPSERVER?UART1
            CODE    70D5H     0021H     UNIT         ?PR?TM0_ISR?MAIN
            CODE    70F6H     0020H     UNIT         ?PR?_SPI_SENDBYTE?PCF85063BTL
            CODE    7116H     0020H     UNIT         ?PR?SPI_RECEIVEBYTE?PCF85063BTL
            CODE    7136H     001EH     UNIT         ?PR?_DELAY_MS?KEYPAD
            CODE    7154H     001DH     UNIT         ?PR?_DISPLAYLCD?LCD_DRIVER_SPLC780D
            CODE    7171H     001BH     UNIT         ?PR?_BCDTODEC1?BIPOLARMOTOR
            CODE    718CH     001AH     UNIT         ?PR?ADC_INIT?ADC
            CODE    71A6H     0018H     UNIT         ?PR?_SPI_WRITETIME?PCF85063BTL
            CODE    71BEH     0017H     UNIT         ?PR?_ASCIITOBCD?UART1
            CODE    71D5H     0016H     UNIT         ?PR?I2C_ACK?IOEXPANDER_PI4IOE5V96248
            CODE    71EBH     0015H     UNIT         ?PR?_DISPLAY_LINE?LCD_DRIVER_SPLC780D
            CODE    7200H     0015H     UNIT         ?PR?VSETLOCATION?BIPOLARMOTOR
            CODE    7215H     0015H     UNIT         ?PR?I2C_STOP?IOEXPANDER_PI4IOE5V96248
            CODE    722AH     0014H     UNIT         ?PR?_PCF85063BTL_DELAY?PCF85063BTL
            CODE    723EH     0014H     UNIT         ?PR?_ISSPACE?ISSPACE
            CODE    7252H     0011H     UNIT         ?PR?_SPI_READTIME?PCF85063BTL
            CODE    7263H     0011H     UNIT         ?PR?_BCDTODEC?PCF85063BTL
            CODE    7274H     0011H     UNIT         ?PR?INITUART1?UART1
            CODE    7285H     000FH     UNIT         ?PR?I2C_START?IOEXPANDER_PI4IOE5V96248
            CODE    7294H     000FH     UNIT         ?PR?UC_NACK?IOEXPANDER_PI4IOE5V96248
            CODE    72A3H     000FH     UNIT         ?PR?_ISDIGIT?ISDIGIT
            CODE    72B2H     000DH     UNIT         ?PR?SPI_INIT?PCF85063BTL
            CODE    72BFH     000DH     UNIT         ?PR?ENABLE_EXTINT0?SI1120
            CODE    72CCH     000DH     UNIT         ?PR?_FABS?FABS
            CODE    72D9H     000CH     UNIT         ?PR?KEYPAD_IO_INIT?KEYPAD
            CODE    72E5H     000CH     UNIT         ?PR?_ABS?ABS
            CODE    72F1H     000AH     UNIT         ?PR?LCD_RETURN_HOME?LCD_DRIVER_SPLC780D
            CODE    72FBH     000AH     UNIT         ?PR?LCD_CLEAR?LCD_DRIVER_SPLC780D
            CODE    7305H     0009H     UNIT         ?PR?TM1_ISR?MAIN
            CODE    730EH     0009H     UNIT         ?PR?_SENDUART1?MAIN
            CODE    7317H     0009H     UNIT         ?PR?UART1_INITTCPCONN?UART1
            CODE    7320H     0006H     UNIT         ?PR?UC_ACK?IOEXPANDER_PI4IOE5V96248
            CODE    7326H     0006H     UNIT         ?PR?_TEN?UART1
            CODE    732CH     0001H     UNIT         ?PR?NOP?IOEXPANDER_PI4IOE5V96248
            CODE    732DH     0001H     UNIT         ?PR?_DECTOBCD?UART1



OVERLAY MAP OF MODULE:   .\Obj\GPIO_RTC_Test (MAIN)


BL51 BANKED LINKER/LOCATER V6.22                                                      08/21/2019  16:59:51  PAGE 5


SEGMENT                                             BIT_GROUP          DATA_GROUP          XDATA_GROUP
  +--> CALLED SEGMENT                            START    LENGTH     START    LENGTH     START    LENGTH
--------------------------------------------------------------------------------------------------------
?PR?EXINT0?MAIN                                  -----    -----      -----    -----      -----    -----
  +--> ?PR?_POW?POW

?PR?_POW?POW                                     -----    -----      -----    -----      03BCH    000AH
  +--> ?PR?LOG?LOG
  +--> ?PR?EXP?EXP

?PR?LOG?LOG                                      0020H.0  0000H.1    -----    -----      03C6H    0004H

*** NEW ROOT ***************************************************

?C_C51STARTUP                                    -----    -----      -----    -----      -----    -----
  +--> ?PR?MAIN?MAIN
  +--> ?C_INITSEG

?PR?MAIN?MAIN                                    -----    -----      -----    -----      03CAH    002EH
  +--> ?PR?LCD_INIT?LCD_DRIVER_SPLC780D
  +--> ?PR?SPI_INIT?PCF85063BTL
  +--> ?PR?KEYPAD_IO_INIT?KEYPAD
  +--> ?PR?ADC_INIT?ADC
  +--> ?PR?SI1120_CONFIG_MODE_VIRH?SI1120
  +--> ?PR?ENABLE_EXTINT0?SI1120
  +--> ?PR?VSETLOCATION?BIPOLARMOTOR
  +--> ?PR?_SPI_WRITETIME?PCF85063BTL
  +--> ?PR?_DELAY_MS?KEYPAD
  +--> ?PR?_DISPLAY_LINE?LCD_DRIVER_SPLC780D
  +--> ?PR?_WRITEDATA?LCD_DRIVER_SPLC780D
  +--> ?PR?INITUART1?UART1
  +--> ?PR?UART1_INITTCPCONN?UART1
  +--> ?CO?MAIN
  +--> ?PR?_UART1_SENDTOTCPSERVER?UART1
  +--> ?PR?KEY_PROCESS?KEYPAD
  +--> ?PR?_COMMAND?LCD_DRIVER_SPLC780D
  +--> ?PR?_DISPLAY_POS?LCD_DRIVER_SPLC780D
  +--> ?PR?_DISPLAYLCD?LCD_DRIVER_SPLC780D
  +--> ?PR?_STEP_MOVE?BIPOLARMOTOR
  +--> ?PR?LCD_RETURN_HOME?LCD_DRIVER_SPLC780D
  +--> ?PR?_READ_TIME?PCF85063BTL
  +--> ?PR?_BCDTODEC1?BIPOLARMOTOR
  +--> ?PR?_SENDSTRING?UART1
  +--> ?PR?_ELEVATION_CALCULATION?BIPOLARMOTOR
  +--> ?PR?PRINTF?PRINTF
  +--> ?PR?_CALIBRATION?CALIBRATION
  +--> ?PR?_UPDATE_POSITION?BIPOLARMOTOR
  +--> ?PR?_AT25SF041_READ?AT25SF041
  +--> ?PR?_WAIT_MS_SPINOR?AT25SF041
  +--> ?PR?AT25SF041_WRITEENABLE?AT25SF041
  +--> ?PR?_AT25SF041_WRITE?AT25SF041
  +--> ?PR?_ABS?ABS
  +--> ?PR?_FABS?FABS
  +--> ?PR?SPI_NOR_WRITE_DATA?AT25SF041
  +--> ?PR?_WAIT_MS?LCD_DRIVER_SPLC780D
  +--> ?PR?LINEAR_INTERPOLATE?BIPOLARMOTOR
  +--> ?PR?_FINDCLOSESTSAMEDAYCALIBTIME?CALI...
BL51 BANKED LINKER/LOCATER V6.22                                                      08/21/2019  16:59:51  PAGE 6


  +--> ?PR?_ADC_GETRESULT?ADC
  +--> ?PR?AT25SF041_CHIPERASE?AT25SF041
  +--> ?PR?LCD_CLEAR?LCD_DRIVER_SPLC780D

?PR?LCD_INIT?LCD_DRIVER_SPLC780D                 -----    -----      -----    -----      -----    -----
  +--> ?PR?_WAIT_MS?LCD_DRIVER_SPLC780D
  +--> ?PR?_COMMAND?LCD_DRIVER_SPLC780D

?PR?_COMMAND?LCD_DRIVER_SPLC780D                 -----    -----      -----    -----      -----    -----
  +--> ?PR?_WAIT_MS?LCD_DRIVER_SPLC780D

?PR?SI1120_CONFIG_MODE_VIRH?SI1120               -----    -----      -----    -----      -----    -----
  +--> ?PR?_WAIT_MS?LCD_DRIVER_SPLC780D

?PR?_SPI_WRITETIME?PCF85063BTL                   -----    -----      -----    -----      -----    -----
  +--> ?PR?_SPI_SENDBYTE?PCF85063BTL

?PR?_SPI_SENDBYTE?PCF85063BTL                    -----    -----      -----    -----      -----    -----
  +--> ?PR?_PCF85063BTL_DELAY?PCF85063BTL

?PR?_DISPLAY_LINE?LCD_DRIVER_SPLC780D            -----    -----      -----    -----      -----    -----
  +--> ?PR?_COMMAND?LCD_DRIVER_SPLC780D

?PR?_WRITEDATA?LCD_DRIVER_SPLC780D               -----    -----      -----    -----      04F4H    0001H
  +--> ?PR?_WAIT_MS?LCD_DRIVER_SPLC780D

?PR?UART1_INITTCPCONN?UART1                      -----    -----      -----    -----      -----    -----
  +--> ?CO?UART1
  +--> ?PR?_SENDSTRING?UART1

?PR?_SENDSTRING?UART1                            -----    -----      -----    -----      04E9H    0003H
  +--> ?PR?_SENDUART1?MAIN

?PR?_UART1_SENDTOTCPSERVER?UART1                 -----    -----      -----    -----      03F8H    0003H
  +--> ?CO?UART1
  +--> ?PR?_SENDSTRING?UART1
  +--> ?PR?_DELAY_MS?KEYPAD

?PR?KEY_PROCESS?KEYPAD                           -----    -----      -----    -----      03F8H    0006H
  +--> ?PR?KEY_SCAN?KEYPAD
  +--> ?PR?_SPI_WRITETIME?PCF85063BTL
  +--> ?PR?LCD_CLEAR?LCD_DRIVER_SPLC780D
  +--> ?PR?_COMMAND?LCD_DRIVER_SPLC780D
  +--> ?PR?_WRITEDATA?LCD_DRIVER_SPLC780D

?PR?KEY_SCAN?KEYPAD                              -----    -----      -----    -----      03FEH    0003H

?PR?LCD_CLEAR?LCD_DRIVER_SPLC780D                -----    -----      -----    -----      -----    -----
  +--> ?PR?_COMMAND?LCD_DRIVER_SPLC780D

?PR?_DISPLAY_POS?LCD_DRIVER_SPLC780D             -----    -----      -----    -----      04E9H    000BH
  +--> ?PR?_ABS?ABS
  +--> ?PR?_WRITEDATA?LCD_DRIVER_SPLC780D

?PR?_DISPLAYLCD?LCD_DRIVER_SPLC780D              -----    -----      -----    -----      03F8H    0001H
  +--> ?PR?_WRITEDATA?LCD_DRIVER_SPLC780D

BL51 BANKED LINKER/LOCATER V6.22                                                      08/21/2019  16:59:51  PAGE 7


?PR?_STEP_MOVE?BIPOLARMOTOR                      0020H.2  0000H.1    -----    -----      04EDH    0004H
  +--> ?PR?VONESTEPMOVE?BIPOLARMOTOR

?PR?VONESTEPMOVE?BIPOLARMOTOR                    0020H.3  0000H.1    -----    -----      -----    -----
  +--> ?PR?_WRITE_PI4IOE5V96248?IOEXPANDER_P...
  +--> ?PR?_DELAY_MS?KEYPAD

?PR?_WRITE_PI4IOE5V96248?IOEXPANDER_P...         -----    -----      -----    -----      04F1H    0003H
  +--> ?PR?I2C_START?IOEXPANDER_PI4IOE5V96248
  +--> ?PR?_WAIT_MS_I2C?IOEXPANDER_PI4IOE5V9...
  +--> ?PR?_I2C_SENDBYTE?IOEXPANDER_PI4IOE5V...
  +--> ?PR?I2C_ACK?IOEXPANDER_PI4IOE5V96248
  +--> ?PR?I2C_STOP?IOEXPANDER_PI4IOE5V96248

?PR?I2C_START?IOEXPANDER_PI4IOE5V96248           -----    -----      -----    -----      -----    -----
  +--> ?PR?_WAIT_MS_I2C?IOEXPANDER_PI4IOE5V9...

?PR?_I2C_SENDBYTE?IOEXPANDER_PI4IOE5V...         -----    -----      -----    -----      -----    -----
  +--> ?PR?_WAIT_MS_I2C?IOEXPANDER_PI4IOE5V9...

?PR?I2C_ACK?IOEXPANDER_PI4IOE5V96248             -----    -----      -----    -----      04F4H    0001H
  +--> ?PR?_WAIT_MS_I2C?IOEXPANDER_PI4IOE5V9...

?PR?I2C_STOP?IOEXPANDER_PI4IOE5V96248            -----    -----      -----    -----      -----    -----
  +--> ?PR?_WAIT_MS_I2C?IOEXPANDER_PI4IOE5V9...

?PR?LCD_RETURN_HOME?LCD_DRIVER_SPLC780D          -----    -----      -----    -----      -----    -----
  +--> ?PR?_COMMAND?LCD_DRIVER_SPLC780D

?PR?_READ_TIME?PCF85063BTL                       -----    -----      -----    -----      04E9H    000FH
  +--> ?PR?_SPI_READTIME?PCF85063BTL

?PR?_SPI_READTIME?PCF85063BTL                    -----    -----      -----    -----      -----    -----
  +--> ?PR?_SPI_SENDBYTE?PCF85063BTL
  +--> ?PR?SPI_RECEIVEBYTE?PCF85063BTL

?PR?SPI_RECEIVEBYTE?PCF85063BTL                  -----    -----      -----    -----      -----    -----
  +--> ?PR?_PCF85063BTL_DELAY?PCF85063BTL

?PR?_ELEVATION_CALCULATION?BIPOLARMOTOR          -----    -----      -----    -----      03F8H    0005H
  +--> ?PR?_BCDTODEC1?BIPOLARMOTOR
  +--> ?PR?SUNPOS?SUNPOS
  +--> ?PR?SIN?SIN
  +--> ?PR?ASIN?ASIN

?PR?SUNPOS?SUNPOS                                -----    -----      -----    -----      0442H    005DH
  +--> ?PR?SIN?SIN
  +--> ?PR?_ATAN2?ATAN2
  +--> ?PR?ASIN?ASIN
  +--> ?PR?ACOS?ACOS

?PR?SIN?SIN                                      0020H.1  0000H.1    -----    -----      049FH    0004H

?PR?_ATAN2?ATAN2                                 -----    -----      -----    -----      049FH    0008H
  +--> ?PR?ATAN?ATAN

?PR?ATAN?ATAN                                    0020H.1  0000H.2    -----    -----      04A7H    0004H
BL51 BANKED LINKER/LOCATER V6.22                                                      08/21/2019  16:59:51  PAGE 8



?PR?ASIN?ASIN                                    -----    -----      -----    -----      -----    -----
  +--> ?PR?SQRT?SQRT
  +--> ?PR?ATAN?ATAN

?PR?SQRT?SQRT                                    -----    -----      -----    -----      049FH    0004H

?PR?ACOS?ACOS                                    -----    -----      -----    -----      -----    -----
  +--> ?PR?SQRT?SQRT
  +--> ?PR?ATAN?ATAN

?PR?PRINTF?PRINTF                                0020H.1  0001H.1    0008H    0005H      04E9H    0030H
  +--> ?PR?PUTCHAR?PUTCHAR

?PR?_CALIBRATION?CALIBRATION                     -----    -----      -----    -----      03F8H    0024H
  +--> ?PR?VOLTAGE_IS_STABLE?CALIBRATION
  +--> ?PR?_UPDATE_POSITION?BIPOLARMOTOR
  +--> ?PR?_FIND_REAL_MAX?CALIBRATION

?PR?VOLTAGE_IS_STABLE?CALIBRATION                -----    -----      -----    -----      041CH    0018H
  +--> ?PR?_ADC_GETRESULT?ADC
  +--> ?PR?_ABS?ABS

?PR?_UPDATE_POSITION?BIPOLARMOTOR                -----    -----      -----    -----      041CH    0026H
  +--> ?PR?_BCDTODEC1?BIPOLARMOTOR
  +--> ?PR?SUNPOS?SUNPOS
  +--> ?PR?SIN?SIN
  +--> ?PR?ASIN?ASIN
  +--> ?PR?_THEORICALJP_POSITION?BIPOLARMOTOR
  +--> ?PR?_FABS?FABS

?PR?_THEORICALJP_POSITION?BIPOLARMOTOR           -----    -----      -----    -----      0442H    005CH
  +--> ?PR?LINEAR_INTERPOLATE?BIPOLARMOTOR

?PR?LINEAR_INTERPOLATE?BIPOLARMOTOR              -----    -----      -----    -----      049EH    0014H

?PR?_FIND_REAL_MAX?CALIBRATION                   -----    -----      -----    -----      041CH    00CDH
  +--> ?PR?_ADC_GETRESULT?ADC
  +--> ?PR?_WAIT_MS?LCD_DRIVER_SPLC780D
  +--> ?CO?CALIBRATION
  +--> ?PR?PRINTF?PRINTF
  +--> ?PR?_SENDSTRING?UART1
  +--> ?PR?_COMMAND?LCD_DRIVER_SPLC780D
  +--> ?PR?_WRITEDATA?LCD_DRIVER_SPLC780D
  +--> ?PR?_DISPLAY_POS?LCD_DRIVER_SPLC780D
  +--> ?PR?_MOVE?BIPOLARMOTOR
  +--> ?PR?_READ_TIME?PCF85063BTL
  +--> ?PR?_BCDTODEC1?BIPOLARMOTOR
  +--> ?PR?_MAX_VALUE?CALIBRATION

?PR?_MOVE?BIPOLARMOTOR                           0020H.1  0000H.1    -----    -----      04E9H    0004H
  +--> ?PR?_STEP_MOVE?BIPOLARMOTOR

?PR?_MAX_VALUE?CALIBRATION                       -----    -----      -----    -----      04E9H    0004H

?PR?_AT25SF041_READ?AT25SF041                    -----    -----      -----    -----      03F8H    0008H
  +--> ?PR?_WAIT_MS_SPINOR?AT25SF041
BL51 BANKED LINKER/LOCATER V6.22                                                      08/21/2019  16:59:51  PAGE 9


  +--> ?PR?UCREAD_STATUS_REGISTER_BYTE1?AT25...

?PR?UCREAD_STATUS_REGISTER_BYTE1?AT25...         -----    -----      -----    -----      040EH    0003H
  +--> ?PR?_WAIT_MS_SPINOR?AT25SF041

?PR?AT25SF041_WRITEENABLE?AT25SF041              -----    -----      -----    -----      0406H    0002H
  +--> ?PR?_WAIT_MS_SPINOR?AT25SF041
  +--> ?PR?UCREAD_STATUS_REGISTER_BYTE1?AT25...

?PR?_AT25SF041_WRITE?AT25SF041                   -----    -----      -----    -----      0406H    0008H
  +--> ?PR?_WAIT_MS_SPINOR?AT25SF041
  +--> ?PR?UCREAD_STATUS_REGISTER_BYTE1?AT25...

?PR?SPI_NOR_WRITE_DATA?AT25SF041                 -----    -----      -----    -----      03F8H    000EH
  +--> ?PR?AT25SF041_WRITEENABLE?AT25SF041
  +--> ?PR?_AT25SF041_WRITE?AT25SF041
  +--> ?PR?_WAIT_MS_SPINOR?AT25SF041

?PR?AT25SF041_CHIPERASE?AT25SF041                -----    -----      -----    -----      03F8H    0002H
  +--> ?PR?_WAIT_MS_SPINOR?AT25SF041
  +--> ?PR?UCREAD_STATUS_REGISTER_BYTE1?AT25...



SYMBOL TABLE OF MODULE:  .\Obj\GPIO_RTC_Test (MAIN)

  VALUE           TYPE          NAME
  ----------------------------------

  -------         MODULE        MAIN
  C:0000H         SYMBOL        _ICE_DUMMY_
  X:0521H         PUBLIC        calib_value
  D:0080H         PUBLIC        P0
  D:0090H         PUBLIC        P1
  D:00A0H         PUBLIC        P2
  D:00B0H         PUBLIC        P3
  D:00C0H         PUBLIC        P4
  D:00C8H         PUBLIC        P5
  X:0575H         SYMBOL        PressedKey
  B:00A8H.7       PUBLIC        EA
  D:00E8H         PUBLIC        P6
  X:0579H         PUBLIC        calib_stamp
  D:00F8H         PUBLIC        P7
  X:057AH         PUBLIC        sTempString
  X:0583H         PUBLIC        calib_bool
  X:05ADH         PUBLIC        pwm_time_min
  D:00A8H         PUBLIC        IE
  X:05B1H         PUBLIC        calib_time
  X:0605H         PUBLIC        pwm_time_max
  B:0090H.7       PUBLIC        Connect_Electronics_Load
  D:00B8H         PUBLIC        IP
  B:0098H.0       PUBLIC        RI
  B:00B0H.2       PUBLIC        INT0
  X:0609H         PUBLIC        months
  B:0098H.1       PUBLIC        TI
  C:000EH         PUBLIC        Uart
  D:00D8H         PUBLIC        CCON
BL51 BANKED LINKER/LOCATER V6.22                                                      08/21/2019  16:59:51  PAGE 10


  C:0026H         PUBLIC        main
  X:060AH         PUBLIC        found_1st_point
  X:060CH         PUBLIC        i_point1
  X:060EH         PUBLIC        i_point2
  X:0610H         PUBLIC        count
  B:0090H.2       PUBLIC        Connect_IV_Load
  D:0099H         PUBLIC        SBUF
  X:0612H         PUBLIC        days
  X:0613H         PUBLIC        hours
  D:0098H         PUBLIC        SCON
  D:0089H         PUBLIC        TMOD
  D:0088H         PUBLIC        TCON
  B:00A0H.3       PUBLIC        P23
  X:0614H         SYMBOL        KeyCount
  X:0616H         PUBLIC        mins
  B:00C8H.5       PUBLIC        P55
  X:0617H         PUBLIC        diff_of_offset
  D:008EH         PUBLIC        AUXR
  C:70D5H         PUBLIC        tm0_isr
  B:0090H.5       PUBLIC        SI1120_STX
  C:7305H         PUBLIC        tm1_isr
  B:0021H.2       PUBLIC        busy
  D:00E0H         PUBLIC        ACC
  B:00A8H.1       PUBLIC        ET0
  B:00A8H.3       PUBLIC        ET1
  X:061BH         PUBLIC        SPI_NOR_INTERNAL_FLASH_ADDR
  D:008CH         PUBLIC        TH0
  D:008DH         PUBLIC        TH1
  D:008AH         PUBLIC        TL0
  D:008BH         PUBLIC        TL1
  X:061FH         PUBLIC        ii
  X:0621H         PUBLIC        jj
  B:0088H.4       PUBLIC        TR0
  B:0088H.6       PUBLIC        TR1
  X:0623H         PUBLIC        old_mins
  C:6276H         PUBLIC        exint0
  X:0624H         SYMBOL        KeyNum
  X:0625H         SYMBOL        KeyNum_Old
  X:0626H         PUBLIC        timer0_count
  X:0628H         PUBLIC        current_position
  X:062CH         PUBLIC        pwm_time
  X:0630H         PUBLIC        i
  X:0632H         PUBLIC        j
  X:0634H         PUBLIC        start_timer0_count
  X:0635H         PUBLIC        seconds
  D:00D0H         PUBLIC        PSW
  C:730EH         PUBLIC        _SendUART1
  -------         PROC          TM0_ISR
  C:70D5H         LINE#         106
  C:70DBH         LINE#         110
  C:70DEH         LINE#         111
  C:70E1H         LINE#         112
  C:70EFH         LINE#         113
  -------         ENDPROC       TM0_ISR
  -------         PROC          TM1_ISR
  C:7305H         LINE#         114
  C:7305H         LINE#         116
BL51 BANKED LINKER/LOCATER V6.22                                                      08/21/2019  16:59:51  PAGE 11


  C:7307H         LINE#         118
  C:730AH         LINE#         119
  C:730DH         LINE#         120
  -------         ENDPROC       TM1_ISR
  -------         PROC          EXINT0
  C:6276H         LINE#         121
  C:6293H         LINE#         125
  C:6296H         LINE#         126
  C:6296H         LINE#         127
  C:6299H         LINE#         128
  C:629CH         LINE#         129
  C:629EH         LINE#         130
  C:62A0H         LINE#         134
  C:62A3H         LINE#         137
  C:62A3H         LINE#         138
  C:62A5H         LINE#         140
  C:62B1H         LINE#         141
  C:630BH         LINE#         142
  C:6349H         LINE#         143
  C:6350H         LINE#         148
  C:6350H         LINE#         150
  -------         ENDPROC       EXINT0
  -------         PROC          MAIN
  -------         DO            
  X:0519H         SYMBOL        KeyCount
  X:051BH         SYMBOL        KeyNum_Old
  X:051CH         SYMBOL        KeyNum
  X:051DH         SYMBOL        PressedKey
  X:03CAH         SYMBOL        prox_flag
  X:03CBH         SYMBOL        iUse_prevday_calib_value
  X:03CDH         SYMBOL        max_ADC_Val_JP
  X:03CFH         SYMBOL        max_ADC_Val
  X:03D1H         SYMBOL        calib_point1
  X:03D9H         SYMBOL        calib_point2
  X:03E1H         SYMBOL        dat_to_store
  X:03ECH         SYMBOL        calib_day
  X:03EEH         SYMBOL        calib_count
  X:03F0H         SYMBOL        theorical_JP_max_pos
  X:03F4H         SYMBOL        elevation
  -------         ENDDO         
  C:0026H         LINE#         152
  C:0026H         LINE#         153
  C:0026H         LINE#         158
  C:002CH         LINE#         159
  C:0031H         LINE#         161
  C:0039H         LINE#         165
  C:003FH         LINE#         166
  C:0049H         LINE#         177
  C:0051H         LINE#         178
  C:0058H         LINE#         179
  C:005EH         LINE#         181
  C:0064H         LINE#         193
  C:0067H         LINE#         194
  C:006AH         LINE#         195
  C:006DH         LINE#         197
  C:0070H         LINE#         200
  C:0073H         LINE#         201
BL51 BANKED LINKER/LOCATER V6.22                                                      08/21/2019  16:59:51  PAGE 12


  C:0076H         LINE#         203
  C:0079H         LINE#         205
  C:007CH         LINE#         206
  C:007FH         LINE#         207
  C:0082H         LINE#         208
  C:0084H         LINE#         209
  C:0086H         LINE#         210
  C:0089H         LINE#         211
  C:008BH         LINE#         212
  C:008DH         LINE#         214
  C:008FH         LINE#         215
  C:0096H         LINE#         216
  C:009DH         LINE#         217
  C:00A4H         LINE#         218
  C:00ABH         LINE#         222
  C:00B2H         LINE#         223
  C:00B7H         LINE#         224
  C:00BCH         LINE#         225
  C:00C1H         LINE#         226
  C:00C6H         LINE#         227
  C:00CBH         LINE#         230
  C:00D2H         LINE#         231
  C:00D2H         LINE#         232
  C:00F5H         LINE#         233
  C:013FH         LINE#         234
  C:0154H         LINE#         235
  C:0171H         LINE#         236
  C:0174H         LINE#         239
  C:017BH         LINE#         242
  C:017EH         LINE#         244
  C:0185H         LINE#         245
  C:018EH         LINE#         248
  C:018EH         LINE#         249
  C:018EH         LINE#         250
  C:0191H         LINE#         260
  C:0191H         LINE#         264
  C:0196H         LINE#         265
  C:019BH         LINE#         267
  C:01A0H         LINE#         269
  C:01A5H         LINE#         270
  C:01AAH         LINE#         273
  C:01BBH         LINE#         275
  C:01C0H         LINE#         276
  C:01C5H         LINE#         278
  C:01CCH         LINE#         279
  C:01D4H         LINE#         280
  C:01D9H         LINE#         281
  C:01E1H         LINE#         282
  C:01E6H         LINE#         283
  C:01F0H         LINE#         284
  C:01F5H         LINE#         285
  C:01FDH         LINE#         287
  C:0205H         LINE#         288
  C:020AH         LINE#         289
  C:0214H         LINE#         290
  C:0214H         LINE#         291
  C:0216H         LINE#         292
BL51 BANKED LINKER/LOCATER V6.22                                                      08/21/2019  16:59:51  PAGE 13


  C:0218H         LINE#         293
  C:0222H         LINE#         294
  C:0222H         LINE#         295
  C:0227H         LINE#         296
  C:0227H         LINE#         308
  C:023BH         LINE#         309
  C:023BH         LINE#         310
  C:0250H         LINE#         311
  C:025FH         LINE#         312
  C:025FH         LINE#         313
  C:0272H         LINE#         314
  C:0274H         LINE#         316
  C:0274H         LINE#         317
  C:0290H         LINE#         318
  C:0290H         LINE#         319
  C:0295H         LINE#         320
  C:0295H         LINE#         321
  C:02A9H         LINE#         322
  C:02A9H         LINE#         325
  C:02BEH         LINE#         326
  C:02CDH         LINE#         327
  C:02CDH         LINE#         328
  C:02E0H         LINE#         329
  C:02E2H         LINE#         331
  C:02E2H         LINE#         332
  C:02FEH         LINE#         333
  C:02FEH         LINE#         334
  C:0303H         LINE#         335
  C:0309H         LINE#         336
  C:0309H         LINE#         338
  C:032BH         LINE#         339
  C:032BH         LINE#         340
  C:0335H         LINE#         341
  C:033BH         LINE#         342
  C:0342H         LINE#         343
  C:0348H         LINE#         344
  C:034FH         LINE#         345
  C:034FH         LINE#         346
  C:0352H         LINE#         348
  C:0352H         LINE#         353
  C:035AH         LINE#         354
  C:0395H         LINE#         355
  C:03B3H         LINE#         356
  C:03B3H         LINE#         358
  C:03BCH         LINE#         359
  C:03C3H         LINE#         360
  C:03CCH         LINE#         361
  C:03D3H         LINE#         363
  C:03D3H         LINE#         367
  C:03E0H         LINE#         368
  C:03E0H         LINE#         375
  C:03E0H         LINE#         376
  C:0408H         LINE#         377
  C:0408H         LINE#         378
  C:042AH         LINE#         379
  C:042AH         LINE#         381
  C:0450H         LINE#         382
BL51 BANKED LINKER/LOCATER V6.22                                                      08/21/2019  16:59:51  PAGE 14


  C:04A6H         LINE#         383
  C:04AFH         LINE#         384
  C:04B6H         LINE#         385
  C:04BFH         LINE#         386
  C:04C8H         LINE#         387
  C:04CFH         LINE#         393
  C:04CFH         LINE#         399
  C:04CFH         LINE#         401
  C:054BH         LINE#         402
  C:0564H         LINE#         403
  C:0566H         LINE#         404
  C:0568H         LINE#         406
  C:05F2H         LINE#         411
  C:0620H         LINE#         412
  C:0620H         LINE#         414
  C:0656H         LINE#         415
  C:0679H         LINE#         416
  C:068EH         LINE#         417
  C:0698H         LINE#         419
  C:069BH         LINE#         421
  C:069BH         LINE#         422
  C:06C1H         LINE#         423
  C:06C1H         LINE#         424
  C:06E9H         LINE#         425
  C:0798H         LINE#         426
  C:07BEH         LINE#         427
  C:0870H         LINE#         430
  C:0870H         LINE#         432
  C:0877H         LINE#         433
  C:087AH         LINE#         436
  C:08AFH         LINE#         437
  C:08B6H         LINE#         438
  C:08B9H         LINE#         440
  C:08F3H         LINE#         441
  C:091FH         LINE#         443
  C:094EH         LINE#         445
  C:0955H         LINE#         446
  C:095CH         LINE#         447
  C:095FH         LINE#         450
  C:09C7H         LINE#         452
  C:09CEH         LINE#         454
  C:09D5H         LINE#         455
  C:09D8H         LINE#         458
  C:0A97H         LINE#         460
  C:0A9EH         LINE#         461
  C:0A9EH         LINE#         463
  C:0AA0H         LINE#         465
  C:0AA0H         LINE#         467
  C:0AA0H         LINE#         468
  C:0AA0H         LINE#         469
  C:0AA0H         LINE#         486
  C:0AA8H         LINE#         487
  C:0AB0H         LINE#         488
  C:0AB8H         LINE#         489
  C:0AC0H         LINE#         491
  C:0AD4H         LINE#         492
  C:0AEAH         LINE#         493
BL51 BANKED LINKER/LOCATER V6.22                                                      08/21/2019  16:59:51  PAGE 15


  C:0B1AH         LINE#         494
  C:0B3AH         LINE#         496
  C:0B4EH         LINE#         497
  C:0B64H         LINE#         498
  C:0B94H         LINE#         499
  C:0B9BH         LINE#         501
  C:0BBFH         LINE#         504
  C:0BEAH         LINE#         506
  C:0BF3H         LINE#         507
  C:0BFAH         LINE#         508
  C:0C03H         LINE#         509
  C:0C0CH         LINE#         510
  C:0C13H         LINE#         512
  C:0C50H         LINE#         514
  C:0C59H         LINE#         515
  C:0C60H         LINE#         516
  C:0C69H         LINE#         517
  C:0C72H         LINE#         518
  C:0C79H         LINE#         520
  C:0CA4H         LINE#         522
  C:0CADH         LINE#         523
  C:0CB4H         LINE#         524
  C:0CBDH         LINE#         525
  C:0CC6H         LINE#         526
  C:0CCDH         LINE#         528
  C:0CF8H         LINE#         530
  C:0D01H         LINE#         531
  C:0D08H         LINE#         532
  C:0D11H         LINE#         533
  C:0D18H         LINE#         534
  C:0D21H         LINE#         535
  C:0D28H         LINE#         537
  C:0D2AH         LINE#         539
  C:0D38H         LINE#         540
  C:0D38H         LINE#         541
  C:0D40H         LINE#         544
  C:0D40H         LINE#         545
  C:0D40H         LINE#         547
  C:0D65H         LINE#         548
  C:0D65H         LINE#         549
  C:0D87H         LINE#         550
  C:0D87H         LINE#         551
  C:0E03H         LINE#         552
  C:0E05H         LINE#         553
  C:0E07H         LINE#         555
  C:0E5FH         LINE#         558
  C:0E6EH         LINE#         559
  C:0E6EH         LINE#         560
  C:0E6EH         LINE#         561
  C:0E6EH         LINE#         562
  C:0E6EH         LINE#         563
  C:0E6EH         LINE#         564
  C:0E6EH         LINE#         565
  C:0E6EH         LINE#         568
  C:0E6EH         LINE#         570
  C:0E6EH         LINE#         571
  C:0E6EH         LINE#         572
BL51 BANKED LINKER/LOCATER V6.22                                                      08/21/2019  16:59:51  PAGE 16


  C:0E6EH         LINE#         573
  C:0E6EH         LINE#         577
  C:0E6EH         LINE#         579
  C:0E6EH         LINE#         581
  C:0E6EH         LINE#         582
  C:0E6EH         LINE#         583
  C:0E6EH         LINE#         584
  C:0E6EH         LINE#         585
  C:0E6EH         LINE#         586
  C:0E6EH         LINE#         589
  C:0E6EH         LINE#         591
  C:0E6EH         LINE#         592
  C:0E6EH         LINE#         593
  C:0E6EH         LINE#         594
  C:0E6EH         LINE#         595
  C:0E6EH         LINE#         596
  C:0E6EH         LINE#         597
  C:0E6EH         LINE#         599
  C:0E71H         LINE#         602
  C:0E98H         LINE#         603
  C:0E98H         LINE#         606
  C:0EBAH         LINE#         607
  C:0EBAH         LINE#         609
  C:0F36H         LINE#         611
  C:0F63H         LINE#         612
  C:0F7EH         LINE#         618
  C:0F80H         LINE#         619
  C:0F82H         LINE#         621
  C:0FA6H         LINE#         622
  C:0FA6H         LINE#         628
  C:0FCCH         LINE#         630
  C:0FF3H         LINE#         631
  C:1067H         LINE#         633
  C:10F3H         LINE#         634
  C:10FAH         LINE#         635
  C:110BH         LINE#         637
  C:1173H         LINE#         638
  C:1175H         LINE#         640
  C:1175H         LINE#         641
  C:11D8H         LINE#         642
  C:11D8H         LINE#         645
  C:11E7H         LINE#         646
  C:11E7H         LINE#         647
  C:1265H         LINE#         648
  C:126EH         LINE#         649
  C:1275H         LINE#         650
  C:127EH         LINE#         651
  C:1287H         LINE#         652
  C:128EH         LINE#         655
  C:12B9H         LINE#         657
  C:12C2H         LINE#         658
  C:12C9H         LINE#         659
  C:12D2H         LINE#         660
  C:12DBH         LINE#         664
  C:12E2H         LINE#         666
  C:130DH         LINE#         668
  C:1316H         LINE#         669
BL51 BANKED LINKER/LOCATER V6.22                                                      08/21/2019  16:59:51  PAGE 17


  C:131DH         LINE#         670
  C:1326H         LINE#         671
  C:132DH         LINE#         673
  C:1336H         LINE#         674
  C:133DH         LINE#         677
  C:137BH         LINE#         679
  C:1384H         LINE#         680
  C:138BH         LINE#         681
  C:1394H         LINE#         682
  C:139DH         LINE#         683
  C:13A4H         LINE#         684
  C:13A4H         LINE#         686
  C:13A4H         LINE#         688
  C:13A4H         LINE#         689
  C:13A4H         LINE#         691
  C:13A4H         LINE#         695
  C:13C0H         LINE#         696
  C:13C0H         LINE#         697
  C:13C2H         LINE#         700
  C:13C5H         LINE#         702
  C:13F3H         LINE#         703
  C:13F3H         LINE#         704
  C:13F5H         LINE#         706
  C:1404H         LINE#         707
  C:1404H         LINE#         709
  C:1407H         LINE#         711
  C:140AH         LINE#         712
  C:1411H         LINE#         714
  C:142DH         LINE#         715
  C:142DH         LINE#         716
  C:144AH         LINE#         717
  C:144AH         LINE#         718
  C:1450H         LINE#         719
  C:1453H         LINE#         722
  C:1488H         LINE#         723
  C:148FH         LINE#         724
  C:1492H         LINE#         726
  C:14CCH         LINE#         727
  C:14E2H         LINE#         729
  C:14FBH         LINE#         731
  C:1502H         LINE#         732
  C:1509H         LINE#         733
  C:150CH         LINE#         736
  C:1561H         LINE#         738
  C:1568H         LINE#         740
  C:156FH         LINE#         741
  C:1572H         LINE#         744
  C:161EH         LINE#         746
  C:1625H         LINE#         747
  C:1625H         LINE#         748
  C:1636H         LINE#         750
  C:1636H         LINE#         754
  C:163DH         LINE#         755
  C:163DH         LINE#         758
  C:164CH         LINE#         759
  C:164CH         LINE#         760
  C:167EH         LINE#         761
BL51 BANKED LINKER/LOCATER V6.22                                                      08/21/2019  16:59:51  PAGE 18


  C:167EH         LINE#         762
  C:16FDH         LINE#         764
  C:1704H         LINE#         765
  C:1707H         LINE#         767
  C:1741H         LINE#         768
  C:1757H         LINE#         770
  C:1770H         LINE#         772
  C:1777H         LINE#         773
  C:177EH         LINE#         774
  C:1781H         LINE#         776
  C:17D6H         LINE#         777
  C:17DDH         LINE#         779
  C:17E4H         LINE#         780
  C:17E7H         LINE#         782
  C:1893H         LINE#         783
  C:189AH         LINE#         785
  C:18A1H         LINE#         786
  C:18A4H         LINE#         788
  C:18C8H         LINE#         789
  C:18CFH         LINE#         790
  C:18E0H         LINE#         793
  C:18F4H         LINE#         794
  C:1908H         LINE#         795
  C:1917H         LINE#         796
  C:1917H         LINE#         798
  C:1943H         LINE#         799
  C:1943H         LINE#         800
  C:1970H         LINE#         807
  C:198BH         LINE#         810
  C:199AH         LINE#         811
  C:199DH         LINE#         814
  C:19CDH         LINE#         815
  C:19CDH         LINE#         817
  C:19FAH         LINE#         823
  C:1A15H         LINE#         826
  C:1A25H         LINE#         827
  C:1A2BH         LINE#         828
  C:1A3FH         LINE#         829
  C:1A53H         LINE#         830
  C:1A5BH         LINE#         831
  C:1A68H         LINE#         832
  C:1A68H         LINE#         833
  C:1A8CH         LINE#         834
  C:1A8CH         LINE#         835
  C:1AD6H         LINE#         836
  C:1ADDH         LINE#         837
  C:1AE0H         LINE#         840
  C:1B04H         LINE#         842
  C:1B0BH         LINE#         843
  C:1B0EH         LINE#         845
  C:1B41H         LINE#         846
  C:1B60H         LINE#         848
  C:1B82H         LINE#         850
  C:1B89H         LINE#         852
  C:1B90H         LINE#         853
  C:1B93H         LINE#         855
  C:1BE8H         LINE#         856
BL51 BANKED LINKER/LOCATER V6.22                                                      08/21/2019  16:59:51  PAGE 19


  C:1BEFH         LINE#         858
  C:1BF6H         LINE#         859
  C:1BF9H         LINE#         861
  C:1CA5H         LINE#         862
  C:1CACH         LINE#         863
  C:1CBDH         LINE#         864
  C:1CBDH         LINE#         865
  C:1CBDH         LINE#         869
  C:1CDFH         LINE#         870
  C:1CECH         LINE#         871
  C:1CECH         LINE#         872
  C:1D0FH         LINE#         873
  C:1D0FH         LINE#         874
  C:1D5FH         LINE#         875
  C:1D5FH         LINE#         876
  C:1D66H         LINE#         877
  C:1D69H         LINE#         879
  C:1DA3H         LINE#         880
  C:1DB9H         LINE#         882
  C:1DD2H         LINE#         884
  C:1DD9H         LINE#         885
  C:1DE0H         LINE#         886
  C:1DE3H         LINE#         888
  C:1E38H         LINE#         889
  C:1E3FH         LINE#         891
  C:1E46H         LINE#         892
  C:1E49H         LINE#         894
  C:1EF5H         LINE#         895
  C:1EFCH         LINE#         897
  C:1F03H         LINE#         898
  C:1F06H         LINE#         900
  C:1F2AH         LINE#         901
  C:1F31H         LINE#         902
  C:1F31H         LINE#         903
  C:1F42H         LINE#         904
  C:1F42H         LINE#         905
  C:1F42H         LINE#         906
  C:1F6AH         LINE#         907
  C:1F6AH         LINE#         910
  C:1F71H         LINE#         911
  C:1F78H         LINE#         913
  C:1F7EH         LINE#         914
  C:1F7EH         LINE#         915
  C:1FA1H         LINE#         916
  C:1FB6H         LINE#         918
  C:1FD0H         LINE#         920
  C:1FD0H         LINE#         923
  C:1FDFH         LINE#         924
  C:1FDFH         LINE#         925
  C:1FE2H         LINE#         926
  C:1FE9H         LINE#         927
  C:1FEEH         LINE#         928
  C:1FF3H         LINE#         929
  C:1FF8H         LINE#         930
  C:1FFDH         LINE#         931
  C:2002H         LINE#         941
  C:2005H         LINE#         943
BL51 BANKED LINKER/LOCATER V6.22                                                      08/21/2019  16:59:51  PAGE 20


  C:2008H         LINE#         944
  C:200FH         LINE#         945
  C:2019H         LINE#         946
  C:2020H         LINE#         948
  C:2023H         LINE#         957
  C:2023H         LINE#         958
  -------         ENDPROC       MAIN
  -------         PROC          UART
  C:000EH         LINE#         972
  C:000EH         LINE#         974
  C:0011H         LINE#         975
  C:0011H         LINE#         976
  C:0013H         LINE#         978
  C:0013H         LINE#         979
  C:0016H         LINE#         980
  C:0016H         LINE#         981
  C:0018H         LINE#         982
  C:001AH         LINE#         983
  C:001AH         LINE#         984
  -------         ENDPROC       UART
  -------         PROC          _SENDUART1
  D:0007H         SYMBOL        dat
  C:730EH         LINE#         986
  C:730EH         LINE#         987
  C:730EH         LINE#         988
  C:7311H         LINE#         989
  C:7313H         LINE#         990
  C:7314H         LINE#         991
  C:7316H         LINE#         992
  -------         ENDPROC       _SENDUART1
  -------         ENDMOD        MAIN

  -------         MODULE        PCF85063BTL
  C:0000H         SYMBOL        _ICE_DUMMY_
  D:0096H         PUBLIC        P2M0
  D:0080H         PUBLIC        P0
  D:0095H         PUBLIC        P2M1
  D:0090H         PUBLIC        P1
  D:00A0H         PUBLIC        P2
  D:00B0H         PUBLIC        P3
  D:00C0H         PUBLIC        P4
  D:00C8H         PUBLIC        P5
  D:00E8H         PUBLIC        P6
  B:00A0H.1       PUBLIC        PCF85063BTL_SDI
  D:00F8H         PUBLIC        P7
  B:00A0H.2       PUBLIC        PCF85063BTL_SCK
  B:00A0H.1       PUBLIC        PCF85063BTL_SDO
  D:00A8H         PUBLIC        IE
  C:6B90H         PUBLIC        _Read_time
  C:7230H         PUBLIC        _PCF85063BTL_Delay
  D:00B8H         PUBLIC        IP
  D:00D8H         PUBLIC        CCON
  C:6A1DH         PUBLIC        _Day_Of_Year
  C:7116H         PUBLIC        SPI_ReceiveByte
  D:0098H         PUBLIC        SCON
  D:0088H         PUBLIC        TCON
  C:7263H         PUBLIC        _BCDtoDec
BL51 BANKED LINKER/LOCATER V6.22                                                      08/21/2019  16:59:51  PAGE 21


  B:00A0H.0       PUBLIC        PCF85063BTL_CS
  C:7252H         PUBLIC        _SPI_ReadTime
  C:72B2H         PUBLIC        SPI_Init
  C:71A6H         PUBLIC        _SPI_WriteTime
  C:70F6H         PUBLIC        _SPI_SendByte
  D:00D0H         PUBLIC        PSW
  C:722CH         SYMBOL        L?0048
  -------         PROC          L?0047
  -------         ENDPROC       L?0047
  C:722CH         SYMBOL        L?0048
  -------         PROC          _PCF85063BTL_DELAY
  D:0006H         SYMBOL        us
  C:7230H         LINE#         8
  C:7230H         LINE#         9
  C:7230H         LINE#         10
  C:723AH         LINE#         11
  C:723AH         LINE#         12
  C:723BH         LINE#         13
  C:723DH         LINE#         14
  -------         ENDPROC       _PCF85063BTL_DELAY
  -------         PROC          _SPI_SENDBYTE
  D:0005H         SYMBOL        dat
  -------         DO            
  D:0003H         SYMBOL        i
  -------         ENDDO         
  C:70F6H         LINE#         17
  C:70F8H         LINE#         18
  C:70F8H         LINE#         20
  C:70FAH         LINE#         21
  C:70FAH         LINE#         22
  C:70FCH         LINE#         23
  C:7100H         LINE#         24
  C:7100H         LINE#         25
  C:7102H         LINE#         26
  C:7104H         LINE#         28
  C:7104H         LINE#         29
  C:7106H         LINE#         30
  C:7106H         LINE#         31
  C:7109H         LINE#         32
  C:7109H         LINE#         33
  C:710CH         LINE#         34
  C:7110H         LINE#         35
  C:7115H         LINE#         36
  -------         ENDPROC       _SPI_SENDBYTE
  -------         PROC          SPI_RECEIVEBYTE
  -------         DO            
  D:0003H         SYMBOL        i
  D:0005H         SYMBOL        dat
  -------         ENDDO         
  C:7116H         LINE#         39
  C:7116H         LINE#         40
  C:7116H         LINE#         42
  C:7118H         LINE#         44
  C:711AH         LINE#         45
  C:711BH         LINE#         46
  C:711BH         LINE#         47
  C:711FH         LINE#         48
BL51 BANKED LINKER/LOCATER V6.22                                                      08/21/2019  16:59:51  PAGE 22


  C:7121H         LINE#         49
  C:7124H         LINE#         51
  C:7127H         LINE#         52
  C:7127H         LINE#         53
  C:712BH         LINE#         54
  C:712BH         LINE#         55
  C:712BH         LINE#         56
  C:712EH         LINE#         57
  C:7133H         LINE#         58
  C:7135H         LINE#         59
  -------         ENDPROC       SPI_RECEIVEBYTE
  -------         PROC          _SPI_READTIME
  D:0007H         SYMBOL        addr
  -------         DO            
  D:0006H         SYMBOL        dat
  -------         ENDDO         
  C:7252H         LINE#         61
  C:7252H         LINE#         62
  C:7252H         LINE#         64
  C:7254H         LINE#         65
  C:7256H         LINE#         66
  C:725DH         LINE#         67
  C:7260H         LINE#         68
  C:7262H         LINE#         69
  C:7262H         LINE#         70
  -------         ENDPROC       _SPI_READTIME
  -------         PROC          _SPI_WRITETIME
  D:0002H         SYMBOL        val
  D:0005H         SYMBOL        addr
  C:71A6H         LINE#         71
  C:71A8H         LINE#         72
  C:71A8H         LINE#         74
  C:71AAH         LINE#         75
  C:71B1H         LINE#         76
  C:71B6H         LINE#         77
  C:71BBH         LINE#         78
  C:71BDH         LINE#         79
  -------         ENDPROC       _SPI_WRITETIME
  -------         PROC          SPI_INIT
  C:72B2H         LINE#         83
  C:72B2H         LINE#         84
  C:72B2H         LINE#         89
  C:72B5H         LINE#         90
  C:72B8H         LINE#         91
  C:72BAH         LINE#         92
  C:72BCH         LINE#         93
  C:72BEH         LINE#         94
  -------         ENDPROC       SPI_INIT
  -------         PROC          _READ_TIME
  X:04E9H         SYMBOL        months
  X:04ECH         SYMBOL        days
  X:04EFH         SYMBOL        hours
  X:04F2H         SYMBOL        mins
  X:04F5H         SYMBOL        seconds
  C:6B90H         LINE#         96
  C:6B9BH         LINE#         97
  C:6B9BH         LINE#         99
BL51 BANKED LINKER/LOCATER V6.22                                                      08/21/2019  16:59:51  PAGE 23


  C:6BAFH         LINE#         101
  C:6BC3H         LINE#         103
  C:6BD7H         LINE#         108
  C:6BEBH         LINE#         113
  -------         ENDPROC       _READ_TIME
  -------         PROC          _BCDTODEC
  D:0007H         SYMBOL        bcd
  -------         DO            
  D:0006H         SYMBOL        hi
  D:0007H         SYMBOL        lo
  -------         ENDDO         
  C:7263H         LINE#         119
  C:7263H         LINE#         120
  C:7263H         LINE#         122
  C:7268H         LINE#         123
  C:726CH         LINE#         124
  C:7273H         LINE#         125
  -------         ENDPROC       _BCDTODEC
  -------         PROC          _DAY_OF_YEAR
  D:0007H         SYMBOL        months_bcd
  D:0005H         SYMBOL        days_bcd
  -------         DO            
  D:0004H         SYMBOL        months
  D:0007H         SYMBOL        days
  -------         ENDDO         
  C:6A1DH         LINE#         126
  C:6A1DH         LINE#         127
  C:6A1DH         LINE#         130
  C:6A22H         LINE#         132
  C:6A27H         LINE#         134
  C:6A60H         LINE#         135
  C:6A60H         LINE#         136
  C:6A60H         LINE#         137
  C:6A63H         LINE#         138
  C:6A63H         LINE#         139
  C:6A63H         LINE#         140
  C:6A68H         LINE#         141
  C:6A68H         LINE#         142
  C:6A68H         LINE#         143
  C:6A6DH         LINE#         144
  C:6A6DH         LINE#         145
  C:6A6DH         LINE#         146
  C:6A72H         LINE#         147
  C:6A72H         LINE#         148
  C:6A72H         LINE#         149
  C:6A77H         LINE#         150
  C:6A77H         LINE#         151
  C:6A77H         LINE#         152
  C:6A7CH         LINE#         153
  C:6A7CH         LINE#         154
  C:6A7CH         LINE#         155
  C:6A81H         LINE#         156
  C:6A81H         LINE#         157
  C:6A81H         LINE#         158
  C:6A86H         LINE#         159
  C:6A86H         LINE#         160
  C:6A86H         LINE#         161
BL51 BANKED LINKER/LOCATER V6.22                                                      08/21/2019  16:59:51  PAGE 24


  C:6A8EH         LINE#         162
  C:6A8EH         LINE#         163
  C:6A8EH         LINE#         164
  C:6A93H         LINE#         165
  C:6A93H         LINE#         166
  C:6A93H         LINE#         167
  C:6A98H         LINE#         168
  C:6A98H         LINE#         169
  C:6A98H         LINE#         170
  C:6AA1H         LINE#         171
  C:6AA1H         LINE#         172
  C:6AA1H         LINE#         173
  C:6AA4H         LINE#         174
  C:6AA4H         LINE#         175
  -------         ENDPROC       _DAY_OF_YEAR
  -------         ENDMOD        PCF85063BTL

  -------         MODULE        LCD_DRIVER_SPLC780D
  C:0000H         SYMBOL        _ICE_DUMMY_
  D:0092H         PUBLIC        P1M0
  D:0091H         PUBLIC        P1M1
  D:0080H         PUBLIC        P0
  D:0090H         PUBLIC        P1
  D:00A0H         PUBLIC        P2
  D:00B0H         PUBLIC        P3
  D:00C0H         PUBLIC        P4
  D:00C8H         PUBLIC        P5
  D:00E8H         PUBLIC        P6
  D:00F8H         PUBLIC        P7
  C:6AA9H         PUBLIC        _WriteData
  D:00A8H         PUBLIC        IE
  D:00B8H         PUBLIC        IP
  D:00D8H         PUBLIC        CCON
  B:00B0H.4       PUBLIC        LCD_D4
  B:00B0H.5       PUBLIC        LCD_D5
  B:00B0H.6       PUBLIC        LCD_D6
  C:7154H         PUBLIC        _DisplayLCD
  B:00B0H.7       PUBLIC        LCD_D7
  D:0098H         PUBLIC        SCON
  D:0088H         PUBLIC        TCON
  C:72FBH         PUBLIC        LCD_clear
  C:6E2BH         PUBLIC        _Command
  C:71EBH         PUBLIC        _Display_Line
  C:6C59H         PUBLIC        LCD_Init
  C:7093H         PUBLIC        _Wait_ms
  B:00C0H.0       PUBLIC        LCD_RS
  B:0090H.3       PUBLIC        LCD_RW
  C:72F1H         PUBLIC        LCD_return_home
  C:5CC4H         PUBLIC        _Display_Pos
  B:00B0H.3       PUBLIC        LCD_E
  D:00D0H         PUBLIC        PSW
  -------         PROC          LCD_INIT
  C:6C59H         LINE#         9
  C:6C59H         LINE#         10
  C:6C59H         LINE#         11
  C:6C5CH         LINE#         12
  C:6C5FH         LINE#         14
BL51 BANKED LINKER/LOCATER V6.22                                                      08/21/2019  16:59:51  PAGE 25


  C:6C65H         LINE#         15
  C:6C6AH         LINE#         17
  C:6C71H         LINE#         18
  C:6C76H         LINE#         20
  C:6C79H         LINE#         21
  C:6C7EH         LINE#         23
  C:6C81H         LINE#         24
  C:6C86H         LINE#         26
  C:6C8DH         LINE#         29
  C:6C92H         LINE#         30
  C:6C97H         LINE#         32
  C:6C9CH         LINE#         33
  C:6CA1H         LINE#         35
  C:6CA6H         LINE#         36
  C:6CABH         LINE#         37
  -------         ENDPROC       LCD_INIT
  C:6AA5H         SYMBOL        L?0035
  -------         PROC          L?0034
  -------         ENDPROC       L?0034
  C:6AA5H         SYMBOL        L?0035
  -------         PROC          _WRITEDATA
  X:04F4H         SYMBOL        dat
  C:6AA9H         LINE#         40
  C:6AAEH         LINE#         41
  C:6AAEH         LINE#         46
  C:6AB0H         LINE#         47
  C:6AB2H         LINE#         49
  C:6AC0H         LINE#         50
  C:6ACCH         LINE#         51
  C:6AD8H         LINE#         52
  C:6AE2H         LINE#         53
  C:6AE4H         LINE#         54
  C:6AEBH         LINE#         55
  C:6AEDH         LINE#         57
  C:6AFDH         LINE#         58
  C:6B08H         LINE#         59
  C:6B12H         LINE#         60
  C:6B16H         LINE#         62
  C:6B16H         LINE#         63
  C:6B19H         LINE#         64
  C:6B1BH         LINE#         65
  C:6B1DH         LINE#         67
  -------         ENDPROC       _WRITEDATA
  -------         PROC          _COMMAND
  D:0007H         SYMBOL        dat
  C:6E2BH         LINE#         69
  C:6E2BH         LINE#         70
  C:6E2BH         LINE#         71
  C:6E2DH         LINE#         72
  C:6E2FH         LINE#         74
  C:6E39H         LINE#         75
  C:6E3DH         LINE#         77
  C:6E3FH         LINE#         78
  C:6E48H         LINE#         79
  C:6E4CH         LINE#         81
  C:6E4EH         LINE#         82
  C:6E55H         LINE#         83
BL51 BANKED LINKER/LOCATER V6.22                                                      08/21/2019  16:59:51  PAGE 26


  C:6E59H         LINE#         85
  C:6E5BH         LINE#         86
  C:6E5FH         LINE#         87
  C:6E63H         LINE#         89
  C:6E65H         LINE#         90
  C:6E65H         LINE#         91
  C:6E68H         LINE#         92
  C:6E6AH         LINE#         93
  -------         ENDPROC       _COMMAND
  C:708FH         SYMBOL        L?0037
  -------         PROC          L?0036
  -------         ENDPROC       L?0036
  C:708FH         SYMBOL        L?0037
  -------         PROC          _WAIT_MS
  D:0006H         SYMBOL        ms
  -------         DO            
  D:0004H         SYMBOL        De_Cnt
  -------         ENDDO         
  C:7093H         LINE#         95
  C:7093H         LINE#         96
  C:7093H         LINE#         98
  C:709DH         LINE#         99
  C:709DH         LINE#         100
  C:70B0H         LINE#         101
  C:70B0H         LINE#         102
  -------         ENDPROC       _WAIT_MS
  -------         PROC          _DISPLAYLCD
  D:0007H         SYMBOL        BCD
  -------         DO            
  D:0006H         SYMBOL        first_digit
  X:03F8H         SYMBOL        second_digit
  -------         ENDDO         
  C:7154H         LINE#         103
  C:7154H         LINE#         104
  C:7154H         LINE#         106
  C:715BH         LINE#         107
  C:7164H         LINE#         109
  C:7169H         LINE#         111
  -------         ENDPROC       _DISPLAYLCD
  -------         PROC          LCD_RETURN_HOME
  C:72F1H         LINE#         115
  C:72F1H         LINE#         116
  C:72F1H         LINE#         117
  C:72F6H         LINE#         118
  -------         ENDPROC       LCD_RETURN_HOME
  -------         PROC          LCD_CLEAR
  C:72FBH         LINE#         121
  C:72FBH         LINE#         122
  C:72FBH         LINE#         123
  C:7300H         LINE#         124
  -------         ENDPROC       LCD_CLEAR
  -------         PROC          _DISPLAY_LINE
  D:0006H         SYMBOL        line
  C:71EBH         LINE#         128
  C:71EBH         LINE#         129
  C:71EBH         LINE#         130
  C:71F1H         LINE#         131
BL51 BANKED LINKER/LOCATER V6.22                                                      08/21/2019  16:59:51  PAGE 27


  C:71F1H         LINE#         132
  C:71F3H         LINE#         133
  C:71F3H         LINE#         134
  C:71F5H         LINE#         136
  C:71F5H         LINE#         137
  C:71FAH         LINE#         138
  C:71FFH         LINE#         139
  C:71FFH         LINE#         140
  -------         ENDPROC       _DISPLAY_LINE
  -------         PROC          _DISPLAY_POS
  X:04E9H         SYMBOL        sign_dat
  -------         DO            
  X:04EDH         SYMBOL        unit
  X:04EEH         SYMBOL        ten
  X:04EFH         SYMBOL        hundred
  X:04F0H         SYMBOL        thousand
  X:04F1H         SYMBOL        after_dot
  X:04F2H         SYMBOL        dat
  -------         ENDDO         
  C:5CC4H         LINE#         142
  C:5CCAH         LINE#         143
  C:5CCAH         LINE#         147
  C:5CE6H         LINE#         148
  C:5D00H         LINE#         149
  C:5D24H         LINE#         151
  C:5D6EH         LINE#         153
  C:5D85H         LINE#         154
  C:5D97H         LINE#         155
  C:5DBCH         LINE#         156
  C:5DD6H         LINE#         157
  C:5DEEH         LINE#         158
  C:5DEEH         LINE#         159
  C:5DEEH         LINE#         160
  C:5DEEH         LINE#         161
  C:5DEEH         LINE#         162
  C:5DEEH         LINE#         163
  C:5DEEH         LINE#         164
  C:5DEEH         LINE#         168
  C:5DF0H         LINE#         170
  C:5DF0H         LINE#         172
  C:5DF5H         LINE#         173
  C:5DFBH         LINE#         174
  C:5E01H         LINE#         175
  C:5E07H         LINE#         176
  C:5E0DH         LINE#         177
  C:5E12H         LINE#         178
  C:5E18H         LINE#         182
  C:5E18H         LINE#         184
  -------         ENDPROC       _DISPLAY_POS
  -------         ENDMOD        LCD_DRIVER_SPLC780D

  -------         MODULE        KEYPAD
  C:0000H         SYMBOL        _ICE_DUMMY_
  D:0093H         PUBLIC        P0M1
  D:0080H         PUBLIC        P0
  D:0090H         PUBLIC        P1
  D:00A0H         PUBLIC        P2
BL51 BANKED LINKER/LOCATER V6.22                                                      08/21/2019  16:59:51  PAGE 28


  D:00B0H         PUBLIC        P3
  D:00C0H         PUBLIC        P4
  D:00C8H         PUBLIC        P5
  D:00E8H         PUBLIC        P6
  D:00F8H         PUBLIC        P7
  D:00A8H         PUBLIC        IE
  C:56C0H         PUBLIC        Key_Scan
  D:00B8H         PUBLIC        IP
  D:00D8H         PUBLIC        CCON
  C:72D9H         PUBLIC        KeyPad_IO_Init
  C:7136H         PUBLIC        _Delay_ms
  D:0098H         PUBLIC        SCON
  D:0088H         PUBLIC        TCON
  X:0645H         PUBLIC        small_move
  X:0647H         PUBLIC        move
  X:0649H         PUBLIC        auto_mode
  X:064BH         PUBLIC        direction
  X:064DH         PUBLIC        SPI_NOR_ClearEnable
  C:4DEDH         PUBLIC        Key_Process
  D:00D0H         PUBLIC        PSW
  D:0094H         PUBLIC        P0M0
  -------         PROC          _DELAY_MS
  D:0006H         SYMBOL        ms
  -------         DO            
  D:0004H         SYMBOL        De_Cnt
  -------         ENDDO         
  C:7136H         LINE#         20
  C:7136H         LINE#         21
  C:7136H         LINE#         23
  C:7140H         LINE#         24
  C:7140H         LINE#         25
  C:7153H         LINE#         26
  C:7153H         LINE#         27
  -------         ENDPROC       _DELAY_MS
  -------         PROC          KEY_SCAN
  -------         DO            
  X:03FEH         SYMBOL        KeyTemp1
  X:03FFH         SYMBOL        KeyTemp2
  X:0400H         SYMBOL        KeyValue
  -------         ENDDO         
  C:56C0H         LINE#         28
  C:56C0H         LINE#         29
  C:56C0H         LINE#         34
  C:56C3H         LINE#         37
  C:56C6H         LINE#         39
  C:56CEH         LINE#         40
  C:56D5H         LINE#         41
  C:56D5H         LINE#         43
  C:56DAH         LINE#         44
  C:56E1H         LINE#         45
  C:56E1H         LINE#         48
  C:56E4H         LINE#         49
  C:56E7H         LINE#         50
  C:56ECH         LINE#         51
  C:56F0H         LINE#         52
  C:56F0H         LINE#         53
  C:56F8H         LINE#         54
BL51 BANKED LINKER/LOCATER V6.22                                                      08/21/2019  16:59:51  PAGE 29


  C:56F8H         LINE#         55
  C:56FBH         LINE#         56
  C:5703H         LINE#         57
  C:5705H         LINE#         59
  C:5719H         LINE#         60
  C:5719H         LINE#         61
  C:5719H         LINE#         62
  C:5719H         LINE#         63
  C:571FH         LINE#         65
  C:5721H         LINE#         66
  C:5721H         LINE#         67
  C:5721H         LINE#         68
  C:5727H         LINE#         70
  C:5729H         LINE#         71
  C:5729H         LINE#         72
  C:5729H         LINE#         73
  C:572FH         LINE#         75
  C:5731H         LINE#         76
  C:5731H         LINE#         77
  C:5731H         LINE#         78
  C:5737H         LINE#         80
  C:5737H         LINE#         81
  C:5737H         LINE#         82
  C:5737H         LINE#         85
  C:573AH         LINE#         86
  C:573DH         LINE#         87
  C:5745H         LINE#         88
  C:5749H         LINE#         89
  C:5749H         LINE#         90
  C:5751H         LINE#         91
  C:5751H         LINE#         92
  C:5754H         LINE#         93
  C:575CH         LINE#         94
  C:575EH         LINE#         95
  C:5772H         LINE#         96
  C:5772H         LINE#         97
  C:5772H         LINE#         98
  C:5772H         LINE#         99
  C:5778H         LINE#         101
  C:577AH         LINE#         102
  C:577AH         LINE#         103
  C:577AH         LINE#         104
  C:5780H         LINE#         106
  C:5782H         LINE#         107
  C:5782H         LINE#         108
  C:5782H         LINE#         109
  C:5788H         LINE#         111
  C:578AH         LINE#         112
  C:578AH         LINE#         113
  C:578AH         LINE#         114
  C:578FH         LINE#         116
  C:578FH         LINE#         117
  C:578FH         LINE#         118
  C:578FH         LINE#         121
  C:5792H         LINE#         122
  C:5795H         LINE#         123
  C:579DH         LINE#         124
BL51 BANKED LINKER/LOCATER V6.22                                                      08/21/2019  16:59:51  PAGE 30


  C:57A1H         LINE#         125
  C:57A1H         LINE#         126
  C:57A9H         LINE#         127
  C:57A9H         LINE#         128
  C:57ACH         LINE#         129
  C:57B4H         LINE#         130
  C:57B6H         LINE#         131
  C:57CAH         LINE#         132
  C:57CAH         LINE#         133
  C:57CAH         LINE#         134
  C:57CAH         LINE#         135
  C:57D0H         LINE#         137
  C:57D2H         LINE#         138
  C:57D2H         LINE#         139
  C:57D2H         LINE#         140
  C:57D8H         LINE#         142
  C:57DAH         LINE#         143
  C:57DAH         LINE#         144
  C:57DAH         LINE#         145
  C:57E0H         LINE#         147
  C:57E2H         LINE#         148
  C:57E2H         LINE#         149
  C:57E2H         LINE#         150
  C:57E8H         LINE#         152
  C:57E8H         LINE#         153
  C:57E8H         LINE#         154
  C:57E8H         LINE#         158
  C:57EBH         LINE#         159
  C:57EEH         LINE#         160
  C:57F6H         LINE#         161
  C:57FAH         LINE#         162
  C:57FAH         LINE#         163
  C:5802H         LINE#         164
  C:5802H         LINE#         165
  C:5805H         LINE#         166
  C:580DH         LINE#         167
  C:580FH         LINE#         168
  C:5823H         LINE#         169
  C:5823H         LINE#         170
  C:5823H         LINE#         171
  C:5823H         LINE#         172
  C:5829H         LINE#         174
  C:582BH         LINE#         175
  C:582BH         LINE#         176
  C:582BH         LINE#         177
  C:5831H         LINE#         179
  C:5833H         LINE#         180
  C:5833H         LINE#         181
  C:5833H         LINE#         182
  C:5839H         LINE#         184
  C:583BH         LINE#         185
  C:583BH         LINE#         186
  C:583BH         LINE#         187
  C:5841H         LINE#         189
  C:5841H         LINE#         190
  C:5841H         LINE#         191
  C:5841H         LINE#         193
BL51 BANKED LINKER/LOCATER V6.22                                                      08/21/2019  16:59:51  PAGE 31


  C:5847H         LINE#         194
  C:5847H         LINE#         196
  C:5847H         LINE#         197
  C:584AH         LINE#         198
  C:584AH         LINE#         199
  C:584AH         LINE#         201
  C:584AH         LINE#         202
  C:584CH         LINE#         203
  C:584CH         LINE#         204
  -------         ENDPROC       KEY_SCAN
  -------         PROC          KEY_PROCESS
  -------         DO            
  X:0636H         SYMBOL        KeyCount
  X:0637H         SYMBOL        KeyNum_Old
  X:0639H         SYMBOL        KeyNum
  X:063BH         SYMBOL        PressedKey
  X:03F8H         SYMBOL        d
  D:0002H         SYMBOL        hours
  D:0006H         SYMBOL        mins
  X:03FAH         SYMBOL        months
  X:03FCH         SYMBOL        days
  -------         ENDDO         
  C:4DEDH         LINE#         205
  C:4DEDH         LINE#         206
  C:4DEDH         LINE#         210
  C:4DFCH         LINE#         211
  C:4E09H         LINE#         213
  C:4E0DH         LINE#         214
  C:4E0DH         LINE#         215
  C:4E13H         LINE#         217
  C:4E13H         LINE#         218
  C:4E2AH         LINE#         219
  C:4E2AH         LINE#         220
  C:4E34H         LINE#         221
  C:4E3AH         LINE#         223
  C:4E40H         LINE#         225
  C:4E40H         LINE#         226
  C:4E57H         LINE#         227
  C:4E57H         LINE#         228
  C:4E5CH         LINE#         230
  C:4E5CH         LINE#         231
  C:4E6CH         LINE#         232
  C:4E6CH         LINE#         233
  C:4E72H         LINE#         235
  C:4E72H         LINE#         236
  C:4E84H         LINE#         237
  C:4E84H         LINE#         238
  C:4E8EH         LINE#         239
  C:4E96H         LINE#         241
  C:4E9FH         LINE#         243
  C:4E9FH         LINE#         252
  C:4EBEH         LINE#         253
  C:4EBEH         LINE#         254
  C:4EDDH         LINE#         255
  C:4EE3H         LINE#         256
  C:4EEBH         LINE#         257
  C:4EEBH         LINE#         259
BL51 BANKED LINKER/LOCATER V6.22                                                      08/21/2019  16:59:51  PAGE 32


  C:4EECH         LINE#         265
  C:4EF8H         LINE#         266
  C:4EF8H         LINE#         267
  C:4F15H         LINE#         268
  C:4F2CH         LINE#         269
  C:4F43H         LINE#         270
  C:4F43H         LINE#         271
  C:4F56H         LINE#         272
  C:4F69H         LINE#         273
  C:4F69H         LINE#         274
  C:4F69H         LINE#         275
  C:4F6CH         LINE#         280
  C:4F7BH         LINE#         281
  C:4F7BH         LINE#         282
  C:4F9EH         LINE#         283
  C:4FBBH         LINE#         284
  C:4FC4H         LINE#         285
  C:4FC4H         LINE#         286
  C:4FCBH         LINE#         287
  C:4FCBH         LINE#         288
  C:4FDCH         LINE#         289
  C:4FDCH         LINE#         290
  C:4FEBH         LINE#         291
  C:4FEBH         LINE#         292
  C:4FEBH         LINE#         293
  C:4FEEH         LINE#         295
  C:4FEEH         LINE#         296
  C:4FFAH         LINE#         297
  C:4FFAH         LINE#         298
  C:500CH         LINE#         299
  C:500CH         LINE#         300
  C:501CH         LINE#         301
  C:501CH         LINE#         302
  C:501CH         LINE#         304
  C:501EH         LINE#         306
  C:501EH         LINE#         307
  C:502DH         LINE#         308
  C:502DH         LINE#         309
  C:503DH         LINE#         310
  C:503DH         LINE#         311
  C:503DH         LINE#         313
  C:503DH         LINE#         315
  C:503DH         LINE#         316
  C:503FH         LINE#         318
  C:503FH         LINE#         319
  C:5046H         LINE#         320
  C:5046H         LINE#         321
  C:5055H         LINE#         322
  C:5055H         LINE#         323
  C:5065H         LINE#         324
  C:5065H         LINE#         325
  C:5065H         LINE#         326
  C:5067H         LINE#         328
  C:5067H         LINE#         329
  C:5076H         LINE#         330
  C:5076H         LINE#         331
  C:5089H         LINE#         332
BL51 BANKED LINKER/LOCATER V6.22                                                      08/21/2019  16:59:51  PAGE 33


  C:509CH         LINE#         333
  C:509CH         LINE#         334
  C:509CH         LINE#         335
  C:509CH         LINE#         336
  C:50A5H         LINE#         338
  C:50A5H         LINE#         340
  C:50DFH         LINE#         341
  C:50DFH         LINE#         342
  C:50E6H         LINE#         343
  C:50E6H         LINE#         344
  C:50F0H         LINE#         345
  C:50F0H         LINE#         346
  C:50F3H         LINE#         347
  C:50F8H         LINE#         348
  C:50FDH         LINE#         349
  C:5102H         LINE#         350
  C:5107H         LINE#         351
  C:510CH         LINE#         352
  C:5111H         LINE#         353
  C:5116H         LINE#         354
  C:5116H         LINE#         355
  C:5116H         LINE#         357
  C:5134H         LINE#         358
  C:5134H         LINE#         359
  C:513BH         LINE#         360
  C:513BH         LINE#         361
  C:5140H         LINE#         362
  C:5149H         LINE#         363
  C:5168H         LINE#         364
  C:5168H         LINE#         365
  C:5178H         LINE#         367
  C:5178H         LINE#         371
  -------         ENDPROC       KEY_PROCESS
  -------         PROC          KEYPAD_IO_INIT
  C:72D9H         LINE#         374
  C:72D9H         LINE#         375
  C:72D9H         LINE#         376
  C:72DCH         LINE#         377
  C:72DFH         LINE#         378
  C:72E2H         LINE#         379
  C:72E4H         LINE#         380
  -------         ENDPROC       KEYPAD_IO_INIT
  -------         ENDMOD        KEYPAD

  -------         MODULE        BIPOLARMOTOR
  C:0000H         SYMBOL        _ICE_DUMMY_
  X:0000H         PUBLIC        UTC_time
  D:0080H         PUBLIC        P0
  D:0090H         PUBLIC        P1
  X:0004H         PUBLIC        RX_pos_test
  D:00A0H         PUBLIC        P2
  D:00B0H         PUBLIC        P3
  D:00C0H         PUBLIC        P4
  D:00C8H         PUBLIC        P5
  D:00E8H         PUBLIC        P6
  D:00F8H         PUBLIC        P7
  X:00A4H         PUBLIC        low_date_azimuth_mapping
BL51 BANKED LINKER/LOCATER V6.22                                                      08/21/2019  16:59:51  PAGE 34


  D:00A8H         PUBLIC        IE
  C:6469H         PUBLIC        linear_interpolate
  X:00CCH         PUBLIC        declination
  C:6FCAH         PUBLIC        _Move
  D:00B8H         PUBLIC        IP
  X:00D0H         PUBLIC        time_offset
  D:00D8H         PUBLIC        CCON
  X:00D4H         PUBLIC        previous_move_time
  X:00D5H         PUBLIC        time
  D:0098H         PUBLIC        SCON
  D:0088H         PUBLIC        TCON
  C:6E6BH         PUBLIC        _Step_move
  X:00E7H         PUBLIC        dat
  X:00EDH         PUBLIC        current_local_sun_time
  C:3A84H         PUBLIC        _Update_position
[...]
  C:58C9H         LINE#         326
  C:58C9H         LINE#         328
  C:58CCH         LINE#         330
  C:58E6H         LINE#         331
  C:58E6H         LINE#         332
  C:58E6H         LINE#         334
  C:58E9H         LINE#         336
  C:5903H         LINE#         337
  C:5903H         LINE#         338
  C:5903H         LINE#         340
  C:5906H         LINE#         342
  C:5920H         LINE#         343
  C:5920H         LINE#         344
  C:5920H         LINE#         346
  C:5923H         LINE#         348
  C:593DH         LINE#         349
  C:593DH         LINE#         350
  C:593DH         LINE#         352
BL51 BANKED LINKER/LOCATER V6.22                                                      08/21/2019  16:59:51  PAGE 55


  C:5940H         LINE#         354
  C:595AH         LINE#         355
  C:595AH         LINE#         356
  C:595AH         LINE#         358
  C:595DH         LINE#         360
  C:5977H         LINE#         361
  C:5977H         LINE#         362
  C:5977H         LINE#         364
  C:597AH         LINE#         366
  C:5994H         LINE#         367
  C:5994H         LINE#         368
  C:5994H         LINE#         370
  C:5997H         LINE#         372
  C:59B1H         LINE#         373
  C:59B8H         LINE#         374
  -------         ENDPROC       SPI_NOR_WRITE_DATA
  -------         ENDMOD        AT25SF041

  -------         MODULE        SI1120
  C:0000H         SYMBOL        _ICE_DUMMY_
  D:0080H         PUBLIC        P0
  D:00B2H         PUBLIC        P3M0
  D:0090H         PUBLIC        P1
  D:00B1H         PUBLIC        P3M1
  D:00A0H         PUBLIC        P2
  D:00B0H         PUBLIC        P3
  D:00C0H         PUBLIC        P4
  D:00C8H         PUBLIC        P5
  B:00A8H.7       PUBLIC        EA
  D:00E8H         PUBLIC        P6
  D:00F8H         PUBLIC        P7
  D:00A8H         PUBLIC        IE
  D:00B8H         PUBLIC        IP
  C:6F19H         PUBLIC        SI1120_CONFIG_MODE_VIRH
  D:00D8H         PUBLIC        CCON
  D:0098H         PUBLIC        SCON
  D:0088H         PUBLIC        TCON
  C:72BFH         PUBLIC        Enable_EXTINT0
  B:0090H.5       PUBLIC        SI1120_STX
  B:0088H.0       PUBLIC        IT0
  B:00A8H.0       PUBLIC        EX0
  B:0090H.4       PUBLIC        SI1120_MD
  B:0090H.6       PUBLIC        SI1120_SC
  D:00D0H         PUBLIC        PSW
  -------         PROC          SI1120_CONFIG_MODE_VIRH
  C:6F19H         LINE#         4
  C:6F19H         LINE#         5
  C:6F19H         LINE#         6
  C:6F1BH         LINE#         7
  C:6F1DH         LINE#         8
  C:6F1FH         LINE#         10
  C:6F26H         LINE#         11
  C:6F28H         LINE#         13
  C:6F2AH         LINE#         14
  C:6F2CH         LINE#         16
  C:6F33H         LINE#         18
  C:6F35H         LINE#         20
BL51 BANKED LINKER/LOCATER V6.22                                                      08/21/2019  16:59:51  PAGE 56


  C:6F3CH         LINE#         23
  C:6F3EH         LINE#         25
  C:6F40H         LINE#         27
  C:6F47H         LINE#         29
  C:6F49H         LINE#         31
  -------         ENDPROC       SI1120_CONFIG_MODE_VIRH
  -------         PROC          ENABLE_EXTINT0
  C:72BFH         LINE#         33
  C:72BFH         LINE#         34
  C:72BFH         LINE#         35
  C:72C2H         LINE#         36
  C:72C5H         LINE#         37
  C:72C7H         LINE#         38
  C:72C9H         LINE#         39
  C:72CBH         LINE#         40
  -------         ENDPROC       ENABLE_EXTINT0
  -------         ENDMOD        SI1120

  -------         MODULE        UART1
  C:0000H         SYMBOL        _ICE_DUMMY_
  D:0080H         PUBLIC        P0
  D:0090H         PUBLIC        P1
  D:00A0H         PUBLIC        P2
  D:00B0H         PUBLIC        P3
  D:00C0H         PUBLIC        P4
  D:00C8H         PUBLIC        P5
  C:70B1H         PUBLIC        _uart1_SendToTCPServer
  B:00A8H.7       PUBLIC        EA
  D:00E8H         PUBLIC        P6
  D:00F8H         PUBLIC        P7
  C:6EE6H         PUBLIC        _SendString
  D:00A8H         PUBLIC        IE
  B:00A8H.4       PUBLIC        ES
  D:00B8H         PUBLIC        IP
  C:71BEH         PUBLIC        _ASCIItoBCD
  D:00D8H         PUBLIC        CCON
  C:7274H         PUBLIC        initUART1
  D:0098H         PUBLIC        SCON
  D:0088H         PUBLIC        TCON
  C:732DH         PUBLIC        _DectoBCD
  C:001EH         PUBLIC        _ASCII_Letter
  D:008EH         PUBLIC        AUXR
  C:0006H         PUBLIC        _unit
  C:7326H         PUBLIC        _ten
  D:00D6H         PUBLIC        T2H
  D:00D7H         PUBLIC        T2L
  C:7317H         PUBLIC        uart1_InitTCPConn
  D:00D0H         PUBLIC        PSW
  -------         PROC          INITUART1
  C:7274H         LINE#         24
  C:7274H         LINE#         25
  C:7274H         LINE#         26
  C:7277H         LINE#         27
  C:727AH         LINE#         28
  C:727DH         LINE#         29
  C:7280H         LINE#         30
  C:7282H         LINE#         31
BL51 BANKED LINKER/LOCATER V6.22                                                      08/21/2019  16:59:51  PAGE 57


  C:7284H         LINE#         33
  -------         ENDPROC       INITUART1
  -------         PROC          _SENDSTRING
  X:04E9H         SYMBOL        s
  C:6EE6H         LINE#         36
  C:6EF1H         LINE#         37
  C:6EF1H         LINE#         38
  C:6F01H         LINE#         39
  C:6F01H         LINE#         40
  C:6F16H         LINE#         41
  C:6F18H         LINE#         42
  -------         ENDPROC       _SENDSTRING
  -------         PROC          _TEN
  D:0007H         SYMBOL        BCD
  C:7326H         LINE#         44
  C:7326H         LINE#         45
  C:7326H         LINE#         46
  C:732BH         LINE#         47
  -------         ENDPROC       _TEN
  -------         PROC          _UNIT
  D:0007H         SYMBOL        BCD
  C:0006H         LINE#         48
  C:0006H         LINE#         49
  C:0006H         LINE#         53
  C:000AH         LINE#         54
  -------         ENDPROC       _UNIT
  -------         PROC          _DECTOBCD
  D:0007H         SYMBOL        dec
  C:732DH         LINE#         55
  C:732DH         LINE#         56
  C:732DH         LINE#         58
  C:732DH         LINE#         59
  -------         ENDPROC       _DECTOBCD
  -------         PROC          _ASCII_LETTER
  D:0007H         SYMBOL        dat
  C:001EH         LINE#         61
  C:001EH         LINE#         62
  C:001EH         LINE#         64
  C:0022H         LINE#         65
  -------         ENDPROC       _ASCII_LETTER
  -------         PROC          _ASCIITOBCD
  D:0001H         SYMBOL        ascii
  -------         DO            
  D:0007H         SYMBOL        dec_val
  D:0006H         SYMBOL        ten
  D:0007H         SYMBOL        unit
  -------         ENDDO         
  C:71BEH         LINE#         67
  C:71BEH         LINE#         68
  C:71BEH         LINE#         70
  C:71C1H         LINE#         71
  C:71C7H         LINE#         72
  C:71CEH         LINE#         73
  C:71D4H         LINE#         75
  -------         ENDPROC       _ASCIITOBCD
  -------         PROC          UART1_INITTCPCONN
  C:7317H         LINE#         77
BL51 BANKED LINKER/LOCATER V6.22                                                      08/21/2019  16:59:51  PAGE 58


  C:7317H         LINE#         78
  C:7317H         LINE#         82
  -------         ENDPROC       UART1_INITTCPCONN
  -------         PROC          _UART1_SENDTOTCPSERVER
  X:03F8H         SYMBOL        str
  C:70B1H         LINE#         85
  C:70BCH         LINE#         86
  C:70BCH         LINE#         87
  C:70C5H         LINE#         88
  C:70CCH         LINE#         89
  -------         ENDPROC       _UART1_SENDTOTCPSERVER
  -------         ENDMOD        UART1

  -------         MODULE        ?C_STARTUP
  C:6991H         SEGMENT       ?C_C51STARTUP
  I:0022H         SEGMENT       ?STACK
  C:0000H         PUBLIC        ?C_STARTUP
  D:00E0H         SYMBOL        ACC
  D:00F0H         SYMBOL        B
  D:0083H         SYMBOL        DPH
  D:0082H         SYMBOL        DPL
  N:0000H         SYMBOL        IBPSTACK
  N:0100H         SYMBOL        IBPSTACKTOP
  N:0080H         SYMBOL        IDATALEN
  C:6994H         SYMBOL        IDATALOOP
  N:0000H         SYMBOL        PBPSTACK
  N:0100H         SYMBOL        PBPSTACKTOP
  N:0000H         SYMBOL        PDATALEN
  N:0000H         SYMBOL        PDATASTART
  N:0000H         SYMBOL        PPAGE
  N:0000H         SYMBOL        PPAGEENABLE
  D:00A0H         SYMBOL        PPAGE_SFR
  D:0081H         SYMBOL        SP
  C:6991H         SYMBOL        STARTUP1
  N:0000H         SYMBOL        XBPSTACK
  N:0000H         SYMBOL        XBPSTACKTOP
  N:0000H         SYMBOL        XDATALEN
  N:0000H         SYMBOL        XDATASTART
  C:0000H         LINE#         126
  C:6991H         LINE#         133
  C:6993H         LINE#         134
  C:6994H         LINE#         135
  C:6995H         LINE#         136
  C:6997H         LINE#         185
  C:699AH         LINE#         196
  -------         ENDMOD        ?C_STARTUP

  -------         MODULE        ?C?FPADD
  C:202DH         PUBLIC        ?C?FPADD
  C:2029H         PUBLIC        ?C?FPSUB
  -------         ENDMOD        ?C?FPADD

  -------         MODULE        ?C?FPMUL
  C:211EH         PUBLIC        ?C?FPMUL
  -------         ENDMOD        ?C?FPMUL

  -------         MODULE        ?C?FPDIV
BL51 BANKED LINKER/LOCATER V6.22                                                      08/21/2019  16:59:51  PAGE 59


  C:2227H         PUBLIC        ?C?FPDIV
  -------         ENDMOD        ?C?FPDIV

  -------         MODULE        ?C?FPCMP
  C:22C6H         PUBLIC        ?C?FPCMP
  C:22C4H         PUBLIC        ?C?FPCMP3
  -------         ENDMOD        ?C?FPCMP

  -------         MODULE        ?C?FPNEG
  C:233DH         PUBLIC        ?C?FPNEG
  -------         ENDMOD        ?C?FPNEG

  -------         MODULE        ?C?FCAST
  C:2358H         PUBLIC        ?C?FCASTC
  C:2353H         PUBLIC        ?C?FCASTI
  C:234EH         PUBLIC        ?C?FCASTL
  -------         ENDMOD        ?C?FCAST

  -------         MODULE        ?C?CASTF
  C:238CH         PUBLIC        ?C?CASTF
  -------         ENDMOD        ?C?CASTF

  -------         MODULE        PRINTF
  X:04E9H         PUBLIC        ?_PRINTF?BYTE
  X:04E9H         PUBLIC        ?_SPRINTF?BYTE
  C:45BBH         PUBLIC        _PRINTF
  C:45B5H         PUBLIC        _SPRINTF
  -------         ENDMOD        PRINTF

  -------         MODULE        FABS
  C:72CCH         PUBLIC        _FABS
  -------         ENDMOD        FABS

  -------         MODULE        ATAN2
  X:049FH         PUBLIC        ?_atan2?BYTE
  C:67BEH         PUBLIC        _atan2
  -------         ENDMOD        ATAN2

  -------         MODULE        SIN
  C:5A1EH         PUBLIC        _COS
  C:5A34H         PUBLIC        _SIN
  C:5A70H         PUBLIC        _TAN
  -------         ENDMOD        SIN

  -------         MODULE        ACOS
  C:6D9DH         PUBLIC        _ACOS
  -------         ENDMOD        ACOS

  -------         MODULE        ASIN
  C:6EABH         PUBLIC        _ASIN
  -------         ENDMOD        ASIN

  -------         MODULE        POW
  X:03BCH         PUBLIC        ?_pow?BYTE
  C:5B5EH         PUBLIC        _pow
  -------         ENDMOD        POW

BL51 BANKED LINKER/LOCATER V6.22                                                      08/21/2019  16:59:51  PAGE 60


  -------         MODULE        ?C?CHKFLOAT
  C:240DH         PUBLIC        ?C?CHKFLOAT
  -------         ENDMOD        ?C?CHKFLOAT

  -------         MODULE        ?C?FPROUND
  C:2427H         PUBLIC        ?C?FPROUND
  -------         ENDMOD        ?C?FPROUND

  -------         MODULE        ?C?FPCONVERT
  C:2464H         PUBLIC        ?C?FPCONVERT
  -------         ENDMOD        ?C?FPCONVERT

  -------         MODULE        EXP
  C:692FH         PUBLIC        _EXP
  -------         ENDMOD        EXP

  -------         MODULE        LOG
  C:5E4DH         PUBLIC        _LOG
  C:5E49H         PUBLIC        _LOG10
  -------         ENDMOD        LOG

  -------         MODULE        SQRT
  C:6675H         PUBLIC        _SQRT
  -------         ENDMOD        SQRT

  -------         MODULE        ATAN
  C:5F62H         PUBLIC        _ATAN
  -------         ENDMOD        ATAN

  -------         MODULE        ?C?FTNPWR
  C:25E6H         PUBLIC        ?C?FTNPWR
  -------         ENDMOD        ?C?FTNPWR

  -------         MODULE        ?C?COPY
  C:26F6H         PUBLIC        ?C?COPY
  -------         ENDMOD        ?C?COPY

  -------         MODULE        ?C?CLDPTR
  C:271CH         PUBLIC        ?C?CLDPTR
  -------         ENDMOD        ?C?CLDPTR

  -------         MODULE        ?C?CLDOPTR
  C:2735H         PUBLIC        ?C?CLDOPTR
  -------         ENDMOD        ?C?CLDOPTR

  -------         MODULE        ?C?CSTPTR
  C:2762H         PUBLIC        ?C?CSTPTR
  -------         ENDMOD        ?C?CSTPTR

  -------         MODULE        ?C?IMUL
  C:2774H         PUBLIC        ?C?IMUL
  -------         ENDMOD        ?C?IMUL

  -------         MODULE        ?C?UIDIV
  C:2786H         PUBLIC        ?C?UIDIV
  -------         ENDMOD        ?C?UIDIV

BL51 BANKED LINKER/LOCATER V6.22                                                      08/21/2019  16:59:51  PAGE 61


  -------         MODULE        ?C?SIDIV
  C:27DBH         PUBLIC        ?C?SIDIV
  -------         ENDMOD        ?C?SIDIV

  -------         MODULE        ?C?ILDIX
  C:2811H         PUBLIC        ?C?ILDIX
  -------         ENDMOD        ?C?ILDIX

  -------         MODULE        ?C?ILDOPTR
  C:2827H         PUBLIC        ?C?ILDOPTR
  -------         ENDMOD        ?C?ILDOPTR

  -------         MODULE        ?C?ISTPTR
  C:285FH         PUBLIC        ?C?ISTPTR
  -------         ENDMOD        ?C?ISTPTR

  -------         MODULE        ?C?LMUL
  C:287EH         PUBLIC        ?C?LMUL
  -------         ENDMOD        ?C?LMUL

  -------         MODULE        ?C?SLDIV
  C:6DE7H         PUBLIC        ?C?SLDIV
  -------         ENDMOD        ?C?SLDIV

  -------         MODULE        ?C?LNEG
  C:28CDH         PUBLIC        ?C?LNEG
  -------         ENDMOD        ?C?LNEG

  -------         MODULE        ?C?ULCMP
  C:28DBH         PUBLIC        ?C?ULCMP
  -------         ENDMOD        ?C?ULCMP

  -------         MODULE        ?C?LSHL
  C:28ECH         PUBLIC        ?C?LSHL
  -------         ENDMOD        ?C?LSHL

  -------         MODULE        ?C?LLDPTR
  C:28FFH         PUBLIC        ?C?LLDPTR
  -------         ENDMOD        ?C?LLDPTR

  -------         MODULE        ?C?LLDOPTR
  C:291FH         PUBLIC        ?C?LLDOPTR
  -------         ENDMOD        ?C?LLDOPTR

  -------         MODULE        ?C?LSTPTR
  C:294FH         PUBLIC        ?C?LSTPTR
  -------         ENDMOD        ?C?LSTPTR

  -------         MODULE        ?C?LSTOPTR
  C:2969H         PUBLIC        ?C?LSTOPTR
  -------         ENDMOD        ?C?LSTOPTR

  -------         MODULE        ?C?LLDXDATA
  C:298DH         PUBLIC        ?C?LLDXDATA
  -------         ENDMOD        ?C?LLDXDATA

  -------         MODULE        ?C?LLDCODE
BL51 BANKED LINKER/LOCATER V6.22                                                      08/21/2019  16:59:51  PAGE 62


  C:2999H         PUBLIC        ?C?LLDCODE
  -------         ENDMOD        ?C?LLDCODE

  -------         MODULE        ?C?LLDXDATA0
  C:29A9H         PUBLIC        ?C?LLDXDATA0
  -------         ENDMOD        ?C?LLDXDATA0

  -------         MODULE        ?C?LLDCODE0
  C:29B5H         PUBLIC        ?C?LLDCODE0
  -------         ENDMOD        ?C?LLDCODE0

  -------         MODULE        ?C?LLDPTR0
  C:29C5H         PUBLIC        ?C?LLDPTR0
  -------         ENDMOD        ?C?LLDPTR0

  -------         MODULE        ?C?LSTXDATA
  C:29E5H         PUBLIC        ?C?LSTXDATA
  -------         ENDMOD        ?C?LSTXDATA

  -------         MODULE        ?C?LSTKXDATA
  C:29F1H         PUBLIC        ?C?LSTKXDATA
  -------         ENDMOD        ?C?LSTKXDATA

  -------         MODULE        ?C?LSTKPTR
  C:2A22H         PUBLIC        ?C?LSTKPTR
  -------         ENDMOD        ?C?LSTKPTR

  -------         MODULE        ?C?OFFXADD
  C:2A3CH         PUBLIC        ?C?OFFXADD
  -------         ENDMOD        ?C?OFFXADD

  -------         MODULE        ?C?PLDIXDATA
  C:2A48H         PUBLIC        ?C?PLDIXDATA
  -------         ENDMOD        ?C?PLDIXDATA

  -------         MODULE        ?C?PSTXDATA
  C:2A5FH         PUBLIC        ?C?PSTXDATA
  -------         ENDMOD        ?C?PSTXDATA

  -------         MODULE        ?C?CCASE
  C:2A68H         PUBLIC        ?C?CCASE
  -------         ENDMOD        ?C?CCASE

  -------         MODULE        PUTCHAR
  C:7041H         PUBLIC        _PUTCHAR
  -------         ENDMOD        PUTCHAR

  -------         MODULE        ABS
  C:72E5H         PUBLIC        _ABS
  -------         ENDMOD        ABS

  -------         MODULE        ATOI
  C:636BH         PUBLIC        _atoi
  -------         ENDMOD        ATOI

  -------         MODULE        ?C?IILDX
  C:2A8EH         PUBLIC        ?C?IILDX
BL51 BANKED LINKER/LOCATER V6.22                                                      08/21/2019  16:59:51  PAGE 63


  -------         ENDMOD        ?C?IILDX

  -------         MODULE        ?C?ULDIV
  C:2AE0H         PUBLIC        ?C?ULDIV
  -------         ENDMOD        ?C?ULDIV

  -------         MODULE        ?C?LLDIDATA
  C:2B72H         PUBLIC        ?C?LLDIDATA
  -------         ENDMOD        ?C?LLDIDATA

  -------         MODULE        ?C?LLDPDATA
  C:2B7EH         PUBLIC        ?C?LLDPDATA
  -------         ENDMOD        ?C?LLDPDATA

  -------         MODULE        ?C?LLDIDATA0
  C:2B8AH         PUBLIC        ?C?LLDIDATA0
  -------         ENDMOD        ?C?LLDIDATA0

  -------         MODULE        ?C?LLDPDATA0
  C:2B97H         PUBLIC        ?C?LLDPDATA0
  -------         ENDMOD        ?C?LLDPDATA0

  -------         MODULE        ?C?LSTIDATA
  C:2BA4H         PUBLIC        ?C?LSTIDATA
  -------         ENDMOD        ?C?LSTIDATA

  -------         MODULE        ?C?LSTPDATA
  C:2BB0H         PUBLIC        ?C?LSTPDATA
  -------         ENDMOD        ?C?LSTPDATA

  -------         MODULE        ?C?LSTKIDATA
  C:2BBCH         PUBLIC        ?C?LSTKIDATA
  -------         ENDMOD        ?C?LSTKIDATA

  -------         MODULE        ?C?LSTKPDATA
  C:2BD5H         PUBLIC        ?C?LSTKPDATA
  -------         ENDMOD        ?C?LSTKPDATA

  -------         MODULE        ISDIGIT
  C:72A3H         PUBLIC        _isdigit
  -------         ENDMOD        ISDIGIT

  -------         MODULE        ISSPACE
  C:723EH         PUBLIC        _isspace
  -------         ENDMOD        ISSPACE

*** WARNING L16: UNCALLED SEGMENT, IGNORED FOR OVERLAY PROCESS
    SEGMENT: ?PR?_DAY_OF_YEAR?PCF85063BTL

*** WARNING L16: UNCALLED SEGMENT, IGNORED FOR OVERLAY PROCESS
    SEGMENT: ?PR?NOP?IOEXPANDER_PI4IOE5V96248

*** WARNING L16: UNCALLED SEGMENT, IGNORED FOR OVERLAY PROCESS
    SEGMENT: ?PR?UC_ACK?IOEXPANDER_PI4IOE5V96248

*** WARNING L16: UNCALLED SEGMENT, IGNORED FOR OVERLAY PROCESS
    SEGMENT: ?PR?UC_NACK?IOEXPANDER_PI4IOE5V96248
BL51 BANKED LINKER/LOCATER V6.22                                                      08/21/2019  16:59:51  PAGE 64



*** WARNING L16: UNCALLED SEGMENT, IGNORED FOR OVERLAY PROCESS
    SEGMENT: ?PR?_TEN?UART1

*** WARNING L16: UNCALLED SEGMENT, IGNORED FOR OVERLAY PROCESS
    SEGMENT: ?PR?_UNIT?UART1

*** WARNING L16: UNCALLED SEGMENT, IGNORED FOR OVERLAY PROCESS
    SEGMENT: ?PR?_DECTOBCD?UART1

*** WARNING L16: UNCALLED SEGMENT, IGNORED FOR OVERLAY PROCESS
    SEGMENT: ?PR?_ASCII_LETTER?UART1

*** WARNING L16: UNCALLED SEGMENT, IGNORED FOR OVERLAY PROCESS
    SEGMENT: ?PR?_ASCIITOBCD?UART1

Program Size: data=15.4 xdata=1622 code=29486
LINK/LOCATE RUN COMPLETE.  9 WARNING(S),  0 ERROR(S)
