BL51 BANKED LINKER/LOCATER V6.22                                                        01/29/2019  12:53:51  PAGE 1


BL51 BANKED LINKER/LOCATER V6.22, INVOKED BY:
C:\KEIL_V5\C51\BIN\BL51.EXE .\Obj\main.obj, .\Obj\PCF85063BTL.obj, .\Obj\UART1.obj, .\Obj\LCd_Driver_SPLC780D.obj, .\Obj
>> \KeyPad.obj, .\Obj\BipolarMotor.obj, .\Obj\SunPos.obj, .\Obj\ADC.obj, .\Obj\Calibration.obj, .\Obj\IOExpander_PI4IOE5
>> V96248.obj, .\Obj\STARTUP.obj TO .\Obj\GPIO_RTC_Test PRINT (.\Lis\GPIO_RTC_Test.m51) RAMSIZE (256)


MEMORY MODEL: LARGE WITH FLOATING POINT ARITHMETIC


INPUT MODULES INCLUDED:
  .\Obj\main.obj (MAIN)
  .\Obj\PCF85063BTL.obj (PCF85063BTL)
  .\Obj\UART1.obj (UART1)
  .\Obj\LCd_Driver_SPLC780D.obj (LCD_DRIVER_SPLC780D)
  .\Obj\KeyPad.obj (KEYPAD)
  .\Obj\BipolarMotor.obj (BIPOLARMOTOR)
  .\Obj\SunPos.obj (SUNPOS)
  .\Obj\ADC.obj (ADC)
  .\Obj\Calibration.obj (CALIBRATION)
  .\Obj\IOExpander_PI4IOE5V96248.obj (IOEXPANDER_PI4IOE5V96248)
  .\Obj\STARTUP.obj (?C_STARTUP)
  C:\KEIL_V5\C51\LIB\C51FPL.LIB (?C?FPADD)
  C:\KEIL_V5\C51\LIB\C51FPL.LIB (?C?FPMUL)
  C:\KEIL_V5\C51\LIB\C51FPL.LIB (?C?FPDIV)
  C:\KEIL_V5\C51\LIB\C51FPL.LIB (?C?FPCMP)
  C:\KEIL_V5\C51\LIB\C51FPL.LIB (?C?FPNEG)
  C:\KEIL_V5\C51\LIB\C51FPL.LIB (?C?FCAST)
  C:\KEIL_V5\C51\LIB\C51FPL.LIB (?C?CASTF)
  C:\KEIL_V5\C51\LIB\C51FPL.LIB (ATAN2)
  C:\KEIL_V5\C51\LIB\C51FPL.LIB (SIN)
  C:\KEIL_V5\C51\LIB\C51FPL.LIB (ACOS)
  C:\KEIL_V5\C51\LIB\C51FPL.LIB (ASIN)
  C:\KEIL_V5\C51\LIB\C51FPL.LIB (?C?FPGETOPN)
  C:\KEIL_V5\C51\LIB\C51FPL.LIB (?C?FPSERIES)
  C:\KEIL_V5\C51\LIB\C51FPL.LIB (SQRT)
  C:\KEIL_V5\C51\LIB\C51FPL.LIB (ATAN)
  C:\KEIL_V5\C51\LIB\C51L.LIB (?C_INIT)
  C:\KEIL_V5\C51\LIB\C51L.LIB (?C?COPY)
  C:\KEIL_V5\C51\LIB\C51L.LIB (?C?CLDPTR)
  C:\KEIL_V5\C51\LIB\C51L.LIB (?C?CLDOPTR)
  C:\KEIL_V5\C51\LIB\C51L.LIB (?C?CSTPTR)
  C:\KEIL_V5\C51\LIB\C51L.LIB (?C?IMUL)
  C:\KEIL_V5\C51\LIB\C51L.LIB (?C?UIDIV)
  C:\KEIL_V5\C51\LIB\C51L.LIB (?C?SIDIV)
  C:\KEIL_V5\C51\LIB\C51L.LIB (?C?ILDIX)
  C:\KEIL_V5\C51\LIB\C51L.LIB (?C?ILDOPTR)
  C:\KEIL_V5\C51\LIB\C51L.LIB (?C?LMUL)
  C:\KEIL_V5\C51\LIB\C51L.LIB (?C?SLDIV)
  C:\KEIL_V5\C51\LIB\C51L.LIB (?C?LNEG)
  C:\KEIL_V5\C51\LIB\C51L.LIB (?C?LLDPTR)
  C:\KEIL_V5\C51\LIB\C51L.LIB (?C?LLDOPTR)
  C:\KEIL_V5\C51\LIB\C51L.LIB (?C?LSTPTR)
  C:\KEIL_V5\C51\LIB\C51L.LIB (?C?LSTOPTR)
  C:\KEIL_V5\C51\LIB\C51L.LIB (?C?LLDXDATA)
  C:\KEIL_V5\C51\LIB\C51L.LIB (?C?LLDCODE)
  C:\KEIL_V5\C51\LIB\C51L.LIB (?C?LLDXDATA0)
  C:\KEIL_V5\C51\LIB\C51L.LIB (?C?LLDCODE0)
  C:\KEIL_V5\C51\LIB\C51L.LIB (?C?LLDPTR0)
BL51 BANKED LINKER/LOCATER V6.22                                                      01/29/2019  12:53:51  PAGE 2


  C:\KEIL_V5\C51\LIB\C51L.LIB (?C?LSTXDATA)
  C:\KEIL_V5\C51\LIB\C51L.LIB (?C?LSTKXDATA)
  C:\KEIL_V5\C51\LIB\C51L.LIB (?C?OFFXADD)
  C:\KEIL_V5\C51\LIB\C51L.LIB (ABS)
  C:\KEIL_V5\C51\LIB\C51L.LIB (ATOI)
  C:\KEIL_V5\C51\LIB\C51L.LIB (?C?IILDX)
  C:\KEIL_V5\C51\LIB\C51L.LIB (?C?ULDIV)
  C:\KEIL_V5\C51\LIB\C51L.LIB (?C?LLDIDATA)
  C:\KEIL_V5\C51\LIB\C51L.LIB (?C?LLDPDATA)
  C:\KEIL_V5\C51\LIB\C51L.LIB (?C?LLDIDATA0)
  C:\KEIL_V5\C51\LIB\C51L.LIB (?C?LLDPDATA0)
  C:\KEIL_V5\C51\LIB\C51L.LIB (?C?LSTIDATA)
  C:\KEIL_V5\C51\LIB\C51L.LIB (?C?LSTPDATA)
  C:\KEIL_V5\C51\LIB\C51L.LIB (ISDIGIT)
  C:\KEIL_V5\C51\LIB\C51L.LIB (ISSPACE)


LINK MAP OF MODULE:  .\Obj\GPIO_RTC_Test (MAIN)


            TYPE    BASE      LENGTH    RELOCATION   SEGMENT NAME
            -----------------------------------------------------

            * * * * * * *   D A T A   M E M O R Y   * * * * * * *
            REG     0000H     0008H     ABSOLUTE     "REG BANK 0"
                    0008H     0018H                  *** GAP ***
            BIT     0020H.0   0000H.5   UNIT         ?BI?KEYPAD
            BIT     0020H.5   0000H.3   UNIT         _BIT_GROUP_
            BIT     0021H.0   0000H.1   UNIT         ?BI?MAIN
            BIT     0021H.1   0000H.1   UNIT         ?BI?_ATOI?ATOI
                    0021H.2   0000H.6                *** GAP ***
            IDATA   0022H     0001H     UNIT         ?STACK

            * * * * * * *  X D A T A   M E M O R Y  * * * * * * *
            XDATA   0000H     02EFH     UNIT         ?XD?BIPOLARMOTOR
            XDATA   02EFH     0121H     UNIT         _XDATA_GROUP_
            XDATA   0410H     00D4H     UNIT         ?XD?MAIN
            XDATA   04E4H     0040H     UNIT         ?XD?_FINDDET4X4?BIPOLARMOTOR
            XDATA   0524H     0024H     UNIT         ?XD?_FINDDET3X3?BIPOLARMOTOR
            XDATA   0548H     0009H     UNIT         ?XD?KEYPAD
            XDATA   0551H     0005H     UNIT         ?XD?_ATOI?ATOI
            XDATA   0556H     0004H     UNIT         ?XD?_DISPLAY_PROX?MAIN
            XDATA   055AH     0003H     UNIT         ?XD?_SENDSTRING?UART1
            XDATA   055DH     0001H     UNIT         ?XD?UC_ACK?IOEXPANDER_PI4IOE5V96248
            XDATA   055EH     0001H     UNIT         ?XD?UC_NACK?IOEXPANDER_PI4IOE5V96248

            * * * * * * *   C O D E   M E M O R Y   * * * * * * *
            CODE    0000H     0003H     ABSOLUTE     
            CODE    0003H     0006H     UNIT         ?PR?_TEN?UART1
            CODE    0009H     0001H     UNIT         ?PR?TM0_ISR?MAIN
            CODE    000AH     0001H     UNIT         ?PR?_DECTOBCD?UART1
            CODE    000BH     0003H     ABSOLUTE     
            CODE    000EH     0A63H     UNIT         ?PR?_UPDATE_POSITION?BIPOLARMOTOR
            CODE    0A71H     0927H     UNIT         ?C?LIB_CODE
            CODE    1398H     0849H     UNIT         ?PR?MAIN?MAIN
            CODE    1BE1H     07A2H     UNIT         ?PR?SUNPOS?SUNPOS
            CODE    2383H     0355H     UNIT         ?C_INITSEG
BL51 BANKED LINKER/LOCATER V6.22                                                      01/29/2019  12:53:51  PAGE 3


            CODE    26D8H     02C0H     UNIT         ?PR?_FINDDET4X4?BIPOLARMOTOR
            CODE    2998H     02A0H     UNIT         ?PR?KEY_PROCESS?KEYPAD
            CODE    2C38H     01D1H     UNIT         ?PR?_FINDDET3X3?BIPOLARMOTOR
            CODE    2E09H     01B5H     UNIT         ?PR?_DISPLAY_POS?MAIN
            CODE    2FBEH     018DH     UNIT         ?PR?KEY_SCAN?KEYPAD
            CODE    314BH     0188H     UNIT         ?PR?SIN?SIN
            CODE    32D3H     013EH     UNIT         ?PR?_FIND_REAL_MAX?CALIBRATION
            CODE    3411H     0122H     UNIT         ?PR?ATAN?ATAN
            CODE    3533H     00E4H     UNIT         ?PR?_CALIBRATION?CALIBRATION
            CODE    3617H     00DBH     UNIT         ?PR?_ATOI?ATOI
            CODE    36F2H     00C3H     UNIT         ?PR?LINEAR_INTERPOLATE?BIPOLARMOTOR
            CODE    37B5H     00BBH     UNIT         ?PR?VOLTAGE_IS_STABLE?CALIBRATION
            CODE    3870H     00ADH     UNIT         ?PR?_WRITE_PI4IOE5V96248?IOEXPANDER_PI4IOE5V96248
            CODE    391DH     00ACH     UNIT         ?PR?SQRT?SQRT
            CODE    39C9H     009DH     UNIT         ?PR?_ATAN2?ATAN2
            CODE    3A66H     0096H     UNIT         ?PR?_MAX_VALUE?CALIBRATION
            CODE    3AFCH     0095H     UNIT         ?PR?_DISPLAY_PROX?MAIN
            CODE    3B91H     008CH     UNIT         ?C_C51STARTUP
            CODE    3C1DH     0084H     UNIT         ?PR?_DAY_OF_YEAR?PCF85063BTL
            CODE    3CA1H     0075H     UNIT         ?PR?_WRITEDATA?LCD_DRIVER_SPLC780D
            CODE    3D16H     006FH     UNIT         ?PR?_READ_TIME?PCF85063BTL
            CODE    3D85H     0059H     UNIT         ?PR?LCD_INIT?LCD_DRIVER_SPLC780D
            CODE    3DDEH     004AH     UNIT         ?PR?VONESTEPMOVE?BIPOLARMOTOR
            CODE    3E28H     004AH     UNIT         ?PR?ACOS?ACOS
            CODE    3E72H     0044H     UNIT         ?C?LDIV
            CODE    3EB6H     0040H     UNIT         ?PR?_COMMAND?LCD_DRIVER_SPLC780D
            CODE    3EF6H     0040H     UNIT         ?PR?_STEP_MOVE?BIPOLARMOTOR
            CODE    3F36H     003BH     UNIT         ?PR?ASIN?ASIN
            CODE    3F71H     0033H     UNIT         ?PR?_SENDSTRING?UART1
            CODE    3FA4H     002BH     UNIT         ?PR?_WAIT_MS_I2C?IOEXPANDER_PI4IOE5V96248
            CODE    3FCFH     0028H     UNIT         ?PR?_MOVE?BIPOLARMOTOR
            CODE    3FF7H     0027H     UNIT         ?PR?_I2C_SENDBYTE?IOEXPANDER_PI4IOE5V96248
            CODE    401EH     0026H     UNIT         ?PR?_ADC_GETRESULT?ADC
            CODE    4044H     0024H     UNIT         ?PR?_WAIT_MS?LCD_DRIVER_SPLC780D
            CODE    4068H     0020H     UNIT         ?PR?_SPI_SENDBYTE?PCF85063BTL
            CODE    4088H     0020H     UNIT         ?PR?SPI_RECEIVEBYTE?PCF85063BTL
            CODE    40A8H     001EH     UNIT         ?PR?_DELAY_MS?KEYPAD
            CODE    40C6H     001DH     UNIT         ?PR?_DISPLAYLCD?LCD_DRIVER_SPLC780D
            CODE    40E3H     001DH     UNIT         ?PR?ADC_INIT?ADC
            CODE    4100H     001BH     UNIT         ?PR?_BCDTODEC1?BIPOLARMOTOR
            CODE    411BH     0018H     UNIT         ?PR?_SPI_WRITETIME?PCF85063BTL
            CODE    4133H     0017H     UNIT         ?PR?_ASCIITOBCD?UART1
            CODE    414AH     0016H     UNIT         ?PR?I2C_ACK?IOEXPANDER_PI4IOE5V96248
            CODE    4160H     0015H     UNIT         ?PR?_DISPLAY_LINE?LCD_DRIVER_SPLC780D
            CODE    4175H     0015H     UNIT         ?PR?I2C_STOP?IOEXPANDER_PI4IOE5V96248
            CODE    418AH     0014H     UNIT         ?PR?_PCF85063BTL_DELAY?PCF85063BTL
            CODE    419EH     0014H     UNIT         ?PR?_ISSPACE?ISSPACE
            CODE    41B2H     0011H     UNIT         ?PR?_SPI_READTIME?PCF85063BTL
            CODE    41C3H     0011H     UNIT         ?PR?_BCDTODEC?PCF85063BTL
            CODE    41D4H     0011H     UNIT         ?PR?INITUART1?UART1
            CODE    41E5H     000FH     UNIT         ?PR?I2C_START?IOEXPANDER_PI4IOE5V96248
            CODE    41F4H     000FH     UNIT         ?PR?UC_NACK?IOEXPANDER_PI4IOE5V96248
            CODE    4203H     000FH     UNIT         ?PR?_ISDIGIT?ISDIGIT
            CODE    4212H     000DH     UNIT         ?PR?SPI_INIT?PCF85063BTL
            CODE    421FH     000CH     UNIT         ?PR?KEYPAD_IO_INIT?KEYPAD
            CODE    422BH     000CH     UNIT         ?PR?_ABS?ABS
            CODE    4237H     000AH     UNIT         ?PR?LCD_RETURN_HOME?LCD_DRIVER_SPLC780D
BL51 BANKED LINKER/LOCATER V6.22                                                      01/29/2019  12:53:51  PAGE 4


            CODE    4241H     000AH     UNIT         ?PR?LCD_CLEAR?LCD_DRIVER_SPLC780D
            CODE    424BH     0006H     UNIT         ?PR?UC_ACK?IOEXPANDER_PI4IOE5V96248
            CODE    4251H     0005H     UNIT         ?PR?_UNIT?UART1
            CODE    4256H     0005H     UNIT         ?PR?_ASCII_LETTER?UART1
            CODE    425BH     0001H     UNIT         ?PR?WAIT?BIPOLARMOTOR
            CODE    425CH     0001H     UNIT         ?PR?NOP?IOEXPANDER_PI4IOE5V96248



OVERLAY MAP OF MODULE:   .\Obj\GPIO_RTC_Test (MAIN)


SEGMENT                                             BIT_GROUP          XDATA_GROUP
  +--> CALLED SEGMENT                            START    LENGTH     START    LENGTH
------------------------------------------------------------------------------------
?C_C51STARTUP                                    -----    -----      -----    -----
  +--> ?PR?MAIN?MAIN
  +--> ?C_INITSEG

?PR?MAIN?MAIN                                    -----    -----      02EFH    0019H
  +--> ?PR?LCD_INIT?LCD_DRIVER_SPLC780D
  +--> ?PR?SPI_INIT?PCF85063BTL
  +--> ?PR?KEYPAD_IO_INIT?KEYPAD
  +--> ?PR?ADC_INIT?ADC
  +--> ?PR?_SPI_WRITETIME?PCF85063BTL
  +--> ?PR?_DELAY_MS?KEYPAD
  +--> ?PR?_DISPLAY_LINE?LCD_DRIVER_SPLC780D
  +--> ?PR?_WRITEDATA?LCD_DRIVER_SPLC780D
  +--> ?PR?KEY_PROCESS?KEYPAD
  +--> ?PR?_COMMAND?LCD_DRIVER_SPLC780D
  +--> ?PR?_DISPLAY_POS?MAIN
  +--> ?PR?_DISPLAYLCD?LCD_DRIVER_SPLC780D
  +--> ?PR?_STEP_MOVE?BIPOLARMOTOR
  +--> ?PR?LCD_RETURN_HOME?LCD_DRIVER_SPLC780D
  +--> ?PR?_READ_TIME?PCF85063BTL
  +--> ?PR?_BCDTODEC1?BIPOLARMOTOR
  +--> ?PR?_CALIBRATION?CALIBRATION
  +--> ?PR?LINEAR_INTERPOLATE?BIPOLARMOTOR
  +--> ?PR?_UPDATE_POSITION?BIPOLARMOTOR

?PR?LCD_INIT?LCD_DRIVER_SPLC780D                 -----    -----      -----    -----
  +--> ?PR?_WAIT_MS?LCD_DRIVER_SPLC780D
  +--> ?PR?_COMMAND?LCD_DRIVER_SPLC780D

?PR?_COMMAND?LCD_DRIVER_SPLC780D                 -----    -----      -----    -----
  +--> ?PR?_WAIT_MS?LCD_DRIVER_SPLC780D

?PR?ADC_INIT?ADC                                 -----    -----      -----    -----
  +--> ?PR?_WAIT_MS?LCD_DRIVER_SPLC780D

?PR?_SPI_WRITETIME?PCF85063BTL                   -----    -----      -----    -----
  +--> ?PR?_SPI_SENDBYTE?PCF85063BTL

?PR?_SPI_SENDBYTE?PCF85063BTL                    -----    -----      -----    -----
  +--> ?PR?_PCF85063BTL_DELAY?PCF85063BTL

?PR?_DISPLAY_LINE?LCD_DRIVER_SPLC780D            -----    -----      -----    -----
BL51 BANKED LINKER/LOCATER V6.22                                                      01/29/2019  12:53:51  PAGE 5


  +--> ?PR?_COMMAND?LCD_DRIVER_SPLC780D

?PR?_WRITEDATA?LCD_DRIVER_SPLC780D               -----    -----      0312H    0001H
  +--> ?PR?_WAIT_MS?LCD_DRIVER_SPLC780D

?PR?KEY_PROCESS?KEYPAD                           -----    -----      0308H    0006H
  +--> ?PR?KEY_SCAN?KEYPAD
  +--> ?PR?_SPI_WRITETIME?PCF85063BTL
  +--> ?PR?LCD_CLEAR?LCD_DRIVER_SPLC780D
  +--> ?PR?_COMMAND?LCD_DRIVER_SPLC780D
  +--> ?PR?_WRITEDATA?LCD_DRIVER_SPLC780D

?PR?KEY_SCAN?KEYPAD                              -----    -----      030EH    0003H

?PR?LCD_CLEAR?LCD_DRIVER_SPLC780D                -----    -----      -----    -----
  +--> ?PR?_COMMAND?LCD_DRIVER_SPLC780D

?PR?_DISPLAY_POS?MAIN                            -----    -----      0308H    000AH
  +--> ?PR?_ABS?ABS
  +--> ?PR?_WRITEDATA?LCD_DRIVER_SPLC780D

?PR?_DISPLAYLCD?LCD_DRIVER_SPLC780D              -----    -----      0308H    0001H
  +--> ?PR?_WRITEDATA?LCD_DRIVER_SPLC780D

?PR?_STEP_MOVE?BIPOLARMOTOR                      0020H.6  0000H.1    03A4H    0004H
  +--> ?PR?VONESTEPMOVE?BIPOLARMOTOR

?PR?VONESTEPMOVE?BIPOLARMOTOR                    0020H.7  0000H.1    -----    -----
  +--> ?PR?_WRITE_PI4IOE5V96248?IOEXPANDER_P...
  +--> ?PR?_DELAY_MS?KEYPAD

?PR?_WRITE_PI4IOE5V96248?IOEXPANDER_P...         -----    -----      03A8H    0003H
  +--> ?PR?I2C_START?IOEXPANDER_PI4IOE5V96248
  +--> ?PR?_WAIT_MS_I2C?IOEXPANDER_PI4IOE5V9...
  +--> ?PR?_I2C_SENDBYTE?IOEXPANDER_PI4IOE5V...
  +--> ?PR?I2C_ACK?IOEXPANDER_PI4IOE5V96248
  +--> ?PR?I2C_STOP?IOEXPANDER_PI4IOE5V96248

?PR?I2C_START?IOEXPANDER_PI4IOE5V96248           -----    -----      -----    -----
  +--> ?PR?_WAIT_MS_I2C?IOEXPANDER_PI4IOE5V9...

?PR?_I2C_SENDBYTE?IOEXPANDER_PI4IOE5V...         -----    -----      -----    -----
  +--> ?PR?_WAIT_MS_I2C?IOEXPANDER_PI4IOE5V9...

?PR?I2C_ACK?IOEXPANDER_PI4IOE5V96248             -----    -----      03ABH    0001H
  +--> ?PR?_WAIT_MS_I2C?IOEXPANDER_PI4IOE5V9...

?PR?I2C_STOP?IOEXPANDER_PI4IOE5V96248            -----    -----      -----    -----
  +--> ?PR?_WAIT_MS_I2C?IOEXPANDER_PI4IOE5V9...

?PR?LCD_RETURN_HOME?LCD_DRIVER_SPLC780D          -----    -----      -----    -----
  +--> ?PR?_COMMAND?LCD_DRIVER_SPLC780D

?PR?_READ_TIME?PCF85063BTL                       -----    -----      0308H    000FH
  +--> ?PR?_SPI_READTIME?PCF85063BTL

?PR?_SPI_READTIME?PCF85063BTL                    -----    -----      -----    -----
BL51 BANKED LINKER/LOCATER V6.22                                                      01/29/2019  12:53:51  PAGE 6


  +--> ?PR?_SPI_SENDBYTE?PCF85063BTL
  +--> ?PR?SPI_RECEIVEBYTE?PCF85063BTL

?PR?SPI_RECEIVEBYTE?PCF85063BTL                  -----    -----      -----    -----
  +--> ?PR?_PCF85063BTL_DELAY?PCF85063BTL

?PR?_CALIBRATION?CALIBRATION                     -----    -----      0308H    0014H
  +--> ?PR?VOLTAGE_IS_STABLE?CALIBRATION
  +--> ?PR?_UPDATE_POSITION?BIPOLARMOTOR
  +--> ?PR?_FIND_REAL_MAX?CALIBRATION

?PR?VOLTAGE_IS_STABLE?CALIBRATION                -----    -----      031CH    0018H
  +--> ?PR?_ADC_GETRESULT?ADC
  +--> ?PR?_ABS?ABS

?PR?_UPDATE_POSITION?BIPOLARMOTOR                -----    -----      031CH    008BH
  +--> ?PR?_BCDTODEC1?BIPOLARMOTOR
  +--> ?PR?SUNPOS?SUNPOS
  +--> ?PR?SIN?SIN
  +--> ?PR?ASIN?ASIN
  +--> ?PR?LINEAR_INTERPOLATE?BIPOLARMOTOR
  +--> ?PR?_ABS?ABS

?PR?SUNPOS?SUNPOS                                -----    -----      03A7H    005DH
  +--> ?PR?SIN?SIN
  +--> ?PR?_ATAN2?ATAN2
  +--> ?PR?ASIN?ASIN
  +--> ?PR?ACOS?ACOS

?PR?SIN?SIN                                      0020H.5  0000H.1    0404H    0004H

?PR?_ATAN2?ATAN2                                 -----    -----      0404H    0008H
  +--> ?PR?ATAN?ATAN

?PR?ATAN?ATAN                                    0020H.5  0000H.2    040CH    0004H

?PR?ASIN?ASIN                                    -----    -----      -----    -----
  +--> ?PR?SQRT?SQRT
  +--> ?PR?ATAN?ATAN

?PR?SQRT?SQRT                                    -----    -----      0404H    0004H

?PR?ACOS?ACOS                                    -----    -----      -----    -----
  +--> ?PR?SQRT?SQRT
  +--> ?PR?ATAN?ATAN

?PR?LINEAR_INTERPOLATE?BIPOLARMOTOR              -----    -----      03A7H    0014H

?PR?_FIND_REAL_MAX?CALIBRATION                   -----    -----      031CH    0084H
  +--> ?PR?_MOVE?BIPOLARMOTOR
  +--> ?PR?_ADC_GETRESULT?ADC
  +--> ?PR?_WAIT_MS?LCD_DRIVER_SPLC780D
  +--> ?PR?_MAX_VALUE?CALIBRATION

?PR?_MOVE?BIPOLARMOTOR                           0020H.5  0000H.1    03A0H    0004H
  +--> ?PR?_STEP_MOVE?BIPOLARMOTOR

BL51 BANKED LINKER/LOCATER V6.22                                                      01/29/2019  12:53:51  PAGE 7


?PR?_MAX_VALUE?CALIBRATION                       -----    -----      03A0H    0004H



UNRESOLVED EXTERNAL SYMBOLS:
   AUTO_MODE
   _SENDUART1



SYMBOL TABLE OF MODULE:  .\Obj\GPIO_RTC_Test (MAIN)

  VALUE           TYPE          NAME
  ----------------------------------

  -------         MODULE        MAIN
  C:0000H         SYMBOL        _ICE_DUMMY_
  X:0418H         PUBLIC        calib_value
  D:0080H         PUBLIC        P0
  D:00B2H         PUBLIC        P3M0
  D:0090H         PUBLIC        P1
  D:00B1H         PUBLIC        P3M1
  D:00A0H         PUBLIC        P2
  D:00B0H         PUBLIC        P3
  D:00C0H         PUBLIC        P4
  D:00C8H         PUBLIC        P5
  X:046CH         SYMBOL        PressedKey
  B:00A8H.7       PUBLIC        EA
  D:00E8H         PUBLIC        P6
  X:0470H         PUBLIC        calib_stamp
  D:00F8H         PUBLIC        P7
  X:0471H         PUBLIC        RX_Data_Uart_Cnt
  D:00A8H         PUBLIC        IE
  X:0473H         PUBLIC        calib_time
  D:00B8H         PUBLIC        IP
  X:04C7H         PUBLIC        months
  D:00D8H         PUBLIC        CCON
  C:1398H         PUBLIC        main
  X:04C8H         PUBLIC        count
  X:04CAH         PUBLIC        days
  X:04CBH         PUBLIC        hours
  D:0098H         PUBLIC        SCON
  D:0089H         PUBLIC        TMOD
  D:0088H         PUBLIC        TCON
  B:00A0H.3       PUBLIC        P23
  X:04CCH         SYMBOL        KeyCount
  X:04CEH         PUBLIC        mins
  X:04CFH         PUBLIC        Rec_data_hour
  B:00C8H.5       PUBLIC        P55
  X:04D2H         PUBLIC        Rec_data_min
  D:008EH         PUBLIC        AUXR
  C:0009H         PUBLIC        tm0_isr
  B:0021H.0       PUBLIC        busy
  B:00A8H.1       PUBLIC        ET0
  D:008CH         PUBLIC        TH0
  X:04D5H         PUBLIC        hour_count
  D:008AH         PUBLIC        TL0
BL51 BANKED LINKER/LOCATER V6.22                                                      01/29/2019  12:53:51  PAGE 8


  X:04D6H         PUBLIC        min_count
  B:0088H.4       PUBLIC        TR0
  X:04D7H         SYMBOL        KeyNum
  X:04D8H         SYMBOL        KeyNum_Old
  X:04D9H         PUBLIC        current_position
  X:04DDH         PUBLIC        hours1
  X:04DEH         PUBLIC        hours2
  C:3AFCH         PUBLIC        _Display_Prox
  X:04DFH         PUBLIC        mins1
  X:04E0H         PUBLIC        mins2
  C:2E09H         PUBLIC        _Display_Pos
  X:04E1H         PUBLIC        seconds
  X:04E2H         PUBLIC        st_time
  D:00D0H         PUBLIC        PSW
  -------         PROC          TM0_ISR
  C:0009H         LINE#         86
  C:0009H         LINE#         88
  -------         ENDPROC       TM0_ISR
  -------         PROC          MAIN
  -------         DO            
  X:02EFH         SYMBOL        prox_data
  X:0410H         SYMBOL        KeyCount
  X:0412H         SYMBOL        KeyNum_Old
  X:0413H         SYMBOL        KeyNum
  X:0414H         SYMBOL        PressedKey
  X:02F1H         SYMBOL        prox_flag
  X:02F2H         SYMBOL        iUse_prevday_calib_value
  X:02F4H         SYMBOL        calib_point1
  X:02FCH         SYMBOL        calib_point2
  X:0304H         SYMBOL        calib_day
  X:0306H         SYMBOL        calib_count
  -------         ENDDO         
  C:1398H         LINE#         91
  C:1398H         LINE#         92
  C:1398H         LINE#         97
  C:139EH         LINE#         98
  C:13A3H         LINE#         101
  C:13A9H         LINE#         105
  C:13ABH         LINE#         106
  C:13ADH         LINE#         107
  C:13AFH         LINE#         108
  C:13B1H         LINE#         110
  C:13B7H         LINE#         121
  C:13B9H         LINE#         122
  C:13BCH         LINE#         123
  C:13BFH         LINE#         124
  C:13C2H         LINE#         125
  C:13C5H         LINE#         126
  C:13C8H         LINE#         129
  C:13CBH         LINE#         131
  C:13CEH         LINE#         133
  C:13D1H         LINE#         134
  C:13D4H         LINE#         135
  C:13D6H         LINE#         136
  C:13D8H         LINE#         137
  C:13DAH         LINE#         139
  C:13DCH         LINE#         140
BL51 BANKED LINKER/LOCATER V6.22                                                      01/29/2019  12:53:51  PAGE 9


  C:13E3H         LINE#         141
  C:13EAH         LINE#         142
  C:13F1H         LINE#         143
  C:13F8H         LINE#         147
  C:13FFH         LINE#         148
  C:1404H         LINE#         149
  C:1409H         LINE#         150
  C:140EH         LINE#         151
  C:1413H         LINE#         152
  C:1418H         LINE#         155
  C:1431H         LINE#         156
  C:1431H         LINE#         157
  C:144DH         LINE#         158
  C:1494H         LINE#         159
  C:14A5H         LINE#         160
  C:14A5H         LINE#         161
  C:14A5H         LINE#         162
  C:14A8H         LINE#         165
  C:14A8H         LINE#         168
  C:14ADH         LINE#         169
  C:14B2H         LINE#         171
  C:14B7H         LINE#         172
  C:14BCH         LINE#         173
  C:14C1H         LINE#         174
  C:14C6H         LINE#         176
  C:14D7H         LINE#         178
  C:14DEH         LINE#         179
  C:14E6H         LINE#         180
  C:14EBH         LINE#         181
  C:14F3H         LINE#         182
  C:14F8H         LINE#         183
  C:1502H         LINE#         184
  C:1507H         LINE#         185
  C:150FH         LINE#         187
  C:1517H         LINE#         188
  C:151CH         LINE#         189
  C:1526H         LINE#         190
  C:1526H         LINE#         191
  C:1528H         LINE#         192
  C:152AH         LINE#         193
  C:1534H         LINE#         194
  C:1534H         LINE#         195
  C:1539H         LINE#         196
  C:1539H         LINE#         208
  C:1546H         LINE#         209
  C:1546H         LINE#         210
  C:1550H         LINE#         211
  C:1567H         LINE#         212
  C:1567H         LINE#         213
  C:1569H         LINE#         214
  C:156BH         LINE#         216
  C:156BH         LINE#         217
  C:1576H         LINE#         218
  C:1576H         LINE#         219
  C:157BH         LINE#         220
  C:157BH         LINE#         221
  C:1588H         LINE#         222
BL51 BANKED LINKER/LOCATER V6.22                                                      01/29/2019  12:53:51  PAGE 10


  C:1588H         LINE#         225
  C:1592H         LINE#         226
  C:15A9H         LINE#         227
  C:15A9H         LINE#         228
  C:15ABH         LINE#         229
  C:15ADH         LINE#         231
  C:15ADH         LINE#         232
  C:15B8H         LINE#         233
  C:15B8H         LINE#         234
  C:15BDH         LINE#         235
  C:15BFH         LINE#         236
  C:15BFH         LINE#         245
  C:15E1H         LINE#         246
  C:15E1H         LINE#         247
  C:15EBH         LINE#         248
  C:15F1H         LINE#         249
  C:15F3H         LINE#         250
  C:15F5H         LINE#         251
  C:15F7H         LINE#         252
  C:15F7H         LINE#         253
  C:15FAH         LINE#         255
  C:15FAH         LINE#         256
  C:1600H         LINE#         257
  C:1608H         LINE#         258
  C:160EH         LINE#         259
  C:1616H         LINE#         260
  C:1651H         LINE#         264
  C:165EH         LINE#         265
  C:165EH         LINE#         267
  C:1691H         LINE#         268
  C:169EH         LINE#         269
  C:169EH         LINE#         271
  C:16C1H         LINE#         272
  C:16C1H         LINE#         273
  C:16E3H         LINE#         274
  C:16E3H         LINE#         275
  C:175FH         LINE#         276
  C:17A5H         LINE#         280
  C:17A8H         LINE#         281
  C:17B9H         LINE#         282
  C:17B9H         LINE#         283
  C:17B9H         LINE#         285
  C:17B9H         LINE#         289
  C:17BCH         LINE#         291
  C:17BCH         LINE#         292
  C:17DEH         LINE#         293
  C:17DEH         LINE#         294
  C:185AH         LINE#         295
  C:18AFH         LINE#         296
  C:18AFH         LINE#         297
  C:18AFH         LINE#         298
  C:18B2H         LINE#         302
  C:18B2H         LINE#         305
  C:18DAH         LINE#         306
  C:18DAH         LINE#         307
  C:18FCH         LINE#         308
  C:18FCH         LINE#         309
BL51 BANKED LINKER/LOCATER V6.22                                                      01/29/2019  12:53:51  PAGE 11


  C:1978H         LINE#         310
  C:19D2H         LINE#         315
  C:19D5H         LINE#         316
  C:19E6H         LINE#         317
  C:19E6H         LINE#         318
  C:19EEH         LINE#         320
  C:19EEH         LINE#         323
  C:19F1H         LINE#         325
  C:19F1H         LINE#         327
  C:1A13H         LINE#         328
  C:1A13H         LINE#         329
  C:1A8FH         LINE#         331
  C:1ABCH         LINE#         332
  C:1AD7H         LINE#         333
  C:1B04H         LINE#         334
  C:1B1FH         LINE#         336
  C:1BBBH         LINE#         339
  C:1BBBH         LINE#         340
  C:1BBBH         LINE#         341
  C:1BBBH         LINE#         343
  C:1BBBH         LINE#         346
  C:1BD7H         LINE#         347
  C:1BDCH         LINE#         349
  C:1BDEH         LINE#         350
  -------         ENDPROC       MAIN
  -------         PROC          _DISPLAY_PROX
  D:0002H         SYMBOL        dat
  -------         DO            
  X:0556H         SYMBOL        unit
  X:0557H         SYMBOL        ten
  X:0558H         SYMBOL        hundred
  X:0559H         SYMBOL        thousand
  -------         ENDDO         
  C:3AFCH         LINE#         434
  C:3B00H         LINE#         435
  C:3B00H         LINE#         437
  C:3B0CH         LINE#         438
  C:3B1CH         LINE#         439
  C:3B38H         LINE#         440
  C:3B68H         LINE#         441
  C:3B72H         LINE#         442
  C:3B7CH         LINE#         443
  C:3B86H         LINE#         444
  C:3B90H         LINE#         446
  -------         ENDPROC       _DISPLAY_PROX
  -------         PROC          _DISPLAY_POS
  X:0308H         SYMBOL        sign_dat
  -------         DO            
  X:030CH         SYMBOL        unit
  X:030DH         SYMBOL        ten
  X:030EH         SYMBOL        hundred
  D:0003H         SYMBOL        thousand
  X:030FH         SYMBOL        after_dot
  X:0310H         SYMBOL        dat
  -------         ENDDO         
  C:2E09H         LINE#         449
  C:2E0FH         LINE#         450
BL51 BANKED LINKER/LOCATER V6.22                                                      01/29/2019  12:53:51  PAGE 12


  C:2E0FH         LINE#         454
  C:2E2BH         LINE#         455
  C:2E45H         LINE#         456
  C:2E69H         LINE#         458
  C:2EB3H         LINE#         460
  C:2ECAH         LINE#         461
  C:2ED7H         LINE#         462
  C:2EF9H         LINE#         463
  C:2F2EH         LINE#         464
  C:2F46H         LINE#         465
  C:2F46H         LINE#         467
  C:2F50H         LINE#         468
  C:2F5AH         LINE#         469
  C:2F64H         LINE#         470
  C:2F69H         LINE#         471
  C:2F73H         LINE#         472
  C:2F78H         LINE#         473
  C:2F7DH         LINE#         474
  C:2F7FH         LINE#         475
  C:2F81H         LINE#         477
  C:2F81H         LINE#         479
  C:2F86H         LINE#         480
  C:2F90H         LINE#         481
  C:2F9AH         LINE#         482
  C:2FA4H         LINE#         483
  C:2FA9H         LINE#         484
  C:2FB3H         LINE#         485
  C:2FB8H         LINE#         486
  C:2FBDH         LINE#         488
  C:2FBDH         LINE#         490
  -------         ENDPROC       _DISPLAY_POS
  -------         ENDMOD        MAIN

  -------         MODULE        PCF85063BTL
  C:0000H         SYMBOL        _ICE_DUMMY_
  D:0096H         PUBLIC        P2M0
  D:0080H         PUBLIC        P0
  D:0095H         PUBLIC        P2M1
  D:0090H         PUBLIC        P1
  D:00A0H         PUBLIC        P2
  D:00B0H         PUBLIC        P3
  D:00C0H         PUBLIC        P4
  D:00C8H         PUBLIC        P5
  D:00E8H         PUBLIC        P6
  B:00A0H.1       PUBLIC        PCF85063BTL_SDI
  D:00F8H         PUBLIC        P7
  B:00A0H.2       PUBLIC        PCF85063BTL_SCK
  B:00A0H.1       PUBLIC        PCF85063BTL_SDO
  D:00A8H         PUBLIC        IE
  C:3D16H         PUBLIC        _Read_time
  C:4190H         PUBLIC        _PCF85063BTL_Delay
  D:00B8H         PUBLIC        IP
  D:00D8H         PUBLIC        CCON
  C:3C1DH         PUBLIC        _Day_Of_Year
  C:4088H         PUBLIC        SPI_ReceiveByte
  D:0098H         PUBLIC        SCON
  D:0088H         PUBLIC        TCON
BL51 BANKED LINKER/LOCATER V6.22                                                      01/29/2019  12:53:51  PAGE 13


  C:41C3H         PUBLIC        _BCDtoDec
  B:00A0H.0       PUBLIC        PCF85063BTL_CS
  C:41B2H         PUBLIC        _SPI_ReadTime
  C:4212H         PUBLIC        SPI_Init
  C:411BH         PUBLIC        _SPI_WriteTime
  C:4068H         PUBLIC        _SPI_SendByte
  D:00D0H         PUBLIC        PSW
  C:418CH         SYMBOL        L?0047
  -------         PROC          L?0046
  -------         ENDPROC       L?0046
  C:418CH         SYMBOL        L?0047
  -------         PROC          _PCF85063BTL_DELAY
  D:0006H         SYMBOL        us
  C:4190H         LINE#         8
  C:4190H         LINE#         9
  C:4190H         LINE#         10
  C:419AH         LINE#         11
  C:419AH         LINE#         12
  C:419BH         LINE#         13
  C:419DH         LINE#         14
  -------         ENDPROC       _PCF85063BTL_DELAY
  -------         PROC          _SPI_SENDBYTE
  D:0005H         SYMBOL        dat
  -------         DO            
  D:0003H         SYMBOL        i
  -------         ENDDO         
  C:4068H         LINE#         17
  C:406AH         LINE#         18
  C:406AH         LINE#         20
  C:406CH         LINE#         21
  C:406CH         LINE#         22
  C:406EH         LINE#         23
  C:4072H         LINE#         24
  C:4072H         LINE#         25
  C:4074H         LINE#         26
  C:4076H         LINE#         28
  C:4076H         LINE#         29
  C:4078H         LINE#         30
  C:4078H         LINE#         31
  C:407BH         LINE#         32
  C:407BH         LINE#         33
  C:407EH         LINE#         34
  C:4082H         LINE#         35
  C:4087H         LINE#         36
  -------         ENDPROC       _SPI_SENDBYTE
  -------         PROC          SPI_RECEIVEBYTE
  -------         DO            
  D:0003H         SYMBOL        i
  D:0005H         SYMBOL        dat
  -------         ENDDO         
  C:4088H         LINE#         39
  C:4088H         LINE#         40
  C:4088H         LINE#         42
  C:408AH         LINE#         44
  C:408CH         LINE#         45
  C:408DH         LINE#         46
  C:408DH         LINE#         47
BL51 BANKED LINKER/LOCATER V6.22                                                      01/29/2019  12:53:51  PAGE 14


  C:4091H         LINE#         48
  C:4093H         LINE#         49
  C:4096H         LINE#         51
  C:4099H         LINE#         52
  C:4099H         LINE#         53
  C:409DH         LINE#         54
  C:409DH         LINE#         55
  C:409DH         LINE#         56
  C:40A0H         LINE#         57
  C:40A5H         LINE#         58
  C:40A7H         LINE#         59
  -------         ENDPROC       SPI_RECEIVEBYTE
  -------         PROC          _SPI_READTIME
  D:0007H         SYMBOL        addr
  -------         DO            
  D:0006H         SYMBOL        dat
  -------         ENDDO         
  C:41B2H         LINE#         61
  C:41B2H         LINE#         62
  C:41B2H         LINE#         64
  C:41B4H         LINE#         65
  C:41B6H         LINE#         66
  C:41BDH         LINE#         67
  C:41C0H         LINE#         68
  C:41C2H         LINE#         69
  C:41C2H         LINE#         70
  -------         ENDPROC       _SPI_READTIME
  -------         PROC          _SPI_WRITETIME
  D:0002H         SYMBOL        val
  D:0005H         SYMBOL        addr
  C:411BH         LINE#         71
  C:411DH         LINE#         72
  C:411DH         LINE#         74
  C:411FH         LINE#         75
  C:4126H         LINE#         76
  C:412BH         LINE#         77
  C:4130H         LINE#         78
  C:4132H         LINE#         79
  -------         ENDPROC       _SPI_WRITETIME
  -------         PROC          SPI_INIT
  C:4212H         LINE#         83
  C:4212H         LINE#         84
  C:4212H         LINE#         89
  C:4215H         LINE#         90
  C:4218H         LINE#         91
  C:421AH         LINE#         92
  C:421CH         LINE#         93
  C:421EH         LINE#         94
  -------         ENDPROC       SPI_INIT
  -------         PROC          _READ_TIME
  X:0308H         SYMBOL        months
  X:030BH         SYMBOL        days
  X:030EH         SYMBOL        hours
  X:0311H         SYMBOL        mins
  X:0314H         SYMBOL        seconds
  C:3D16H         LINE#         96
  C:3D21H         LINE#         97
BL51 BANKED LINKER/LOCATER V6.22                                                      01/29/2019  12:53:51  PAGE 15


  C:3D21H         LINE#         99
  C:3D35H         LINE#         101
  C:3D49H         LINE#         103
  C:3D5DH         LINE#         108
  C:3D71H         LINE#         113
  -------         ENDPROC       _READ_TIME
  -------         PROC          _BCDTODEC
  D:0007H         SYMBOL        bcd
  -------         DO            
  D:0006H         SYMBOL        hi
  D:0007H         SYMBOL        lo
  -------         ENDDO         
  C:41C3H         LINE#         119
  C:41C3H         LINE#         120
  C:41C3H         LINE#         122
  C:41C8H         LINE#         123
  C:41CCH         LINE#         124
  C:41D3H         LINE#         125
  -------         ENDPROC       _BCDTODEC
  -------         PROC          _DAY_OF_YEAR
  D:0007H         SYMBOL        months_bcd
  D:0005H         SYMBOL        days_bcd
  -------         DO            
  D:0004H         SYMBOL        months
  D:0007H         SYMBOL        days
  -------         ENDDO         
  C:3C1DH         LINE#         126
  C:3C1DH         LINE#         127
  C:3C1DH         LINE#         130
  C:3C22H         LINE#         132
  C:3C27H         LINE#         134
  C:3C60H         LINE#         135
  C:3C60H         LINE#         136
  C:3C60H         LINE#         137
  C:3C63H         LINE#         138
  C:3C63H         LINE#         139
  C:3C63H         LINE#         140
  C:3C68H         LINE#         141
  C:3C68H         LINE#         142
  C:3C68H         LINE#         143
  C:3C6DH         LINE#         144
  C:3C6DH         LINE#         145
  C:3C6DH         LINE#         146
  C:3C72H         LINE#         147
  C:3C72H         LINE#         148
  C:3C72H         LINE#         149
  C:3C77H         LINE#         150
  C:3C77H         LINE#         151
  C:3C77H         LINE#         152
  C:3C7CH         LINE#         153
  C:3C7CH         LINE#         154
  C:3C7CH         LINE#         155
  C:3C81H         LINE#         156
  C:3C81H         LINE#         157
  C:3C81H         LINE#         158
  C:3C86H         LINE#         159
  C:3C86H         LINE#         160
BL51 BANKED LINKER/LOCATER V6.22                                                      01/29/2019  12:53:51  PAGE 16


  C:3C86H         LINE#         161
  C:3C8EH         LINE#         162
  C:3C8EH         LINE#         163
  C:3C8EH         LINE#         164
  C:3C93H         LINE#         165
  C:3C93H         LINE#         166
  C:3C93H         LINE#         167
  C:3C98H         LINE#         168
  C:3C98H         LINE#         169
  C:3C98H         LINE#         170
  C:3CA0H         LINE#         171
  C:3CA0H         LINE#         172
  C:3CA0H         LINE#         173
  -------         ENDPROC       _DAY_OF_YEAR
  -------         ENDMOD        PCF85063BTL

  -------         MODULE        UART1
  C:0000H         SYMBOL        _ICE_DUMMY_
  D:0080H         PUBLIC        P0
  D:0090H         PUBLIC        P1
  D:00A0H         PUBLIC        P2
  D:00B0H         PUBLIC        P3
  D:00C0H         PUBLIC        P4
  D:00C8H         PUBLIC        P5
  B:00A8H.7       PUBLIC        EA
  D:00E8H         PUBLIC        P6
  D:00F8H         PUBLIC        P7
  C:3F71H         PUBLIC        _SendString
  D:00A8H         PUBLIC        IE
  B:00A8H.4       PUBLIC        ES
  D:00B8H         PUBLIC        IP
  C:4133H         PUBLIC        _ASCIItoBCD
  D:00D8H         PUBLIC        CCON
  C:41D4H         PUBLIC        initUART1
  D:0098H         PUBLIC        SCON
  D:0088H         PUBLIC        TCON
  C:000AH         PUBLIC        _DectoBCD
  C:4256H         PUBLIC        _ASCII_Letter
  D:008EH         PUBLIC        AUXR
  C:4251H         PUBLIC        _unit
  C:0003H         PUBLIC        _ten
  D:00D6H         PUBLIC        T2H
  D:00D7H         PUBLIC        T2L
  D:00D0H         PUBLIC        PSW
  -------         PROC          INITUART1
  C:41D4H         LINE#         21
  C:41D4H         LINE#         22
  C:41D4H         LINE#         23
  C:41D7H         LINE#         24
  C:41DAH         LINE#         25
  C:41DDH         LINE#         26
  C:41E0H         LINE#         27
  C:41E2H         LINE#         28
  C:41E4H         LINE#         30
  -------         ENDPROC       INITUART1
  -------         PROC          _SENDSTRING
  X:055AH         SYMBOL        s
BL51 BANKED LINKER/LOCATER V6.22                                                      01/29/2019  12:53:51  PAGE 17


  C:3F71H         LINE#         35
  C:3F7CH         LINE#         36
  C:3F7CH         LINE#         37
  C:3F8CH         LINE#         38
  C:3F8CH         LINE#         39
  C:3FA1H         LINE#         40
  C:3FA3H         LINE#         41
  -------         ENDPROC       _SENDSTRING
  -------         PROC          _TEN
  D:0007H         SYMBOL        BCD
  C:0003H         LINE#         43
  C:0003H         LINE#         44
  C:0003H         LINE#         45
  C:0008H         LINE#         46
  -------         ENDPROC       _TEN
  -------         PROC          _UNIT
  D:0007H         SYMBOL        BCD
  C:4251H         LINE#         47
  C:4251H         LINE#         48
  C:4251H         LINE#         52
  C:4255H         LINE#         53
  -------         ENDPROC       _UNIT
  -------         PROC          _DECTOBCD
  D:0007H         SYMBOL        dec
  C:000AH         LINE#         54
  C:000AH         LINE#         55
  C:000AH         LINE#         57
  C:000AH         LINE#         58
  -------         ENDPROC       _DECTOBCD
  -------         PROC          _ASCII_LETTER
  D:0007H         SYMBOL        dat
  C:4256H         LINE#         60
  C:4256H         LINE#         61
  C:4256H         LINE#         63
  C:425AH         LINE#         64
  -------         ENDPROC       _ASCII_LETTER
  -------         PROC          _ASCIITOBCD
  D:0001H         SYMBOL        ascii
  -------         DO            
  D:0007H         SYMBOL        dec_val
  D:0006H         SYMBOL        ten
  D:0007H         SYMBOL        unit
  -------         ENDDO         
  C:4133H         LINE#         66
  C:4133H         LINE#         67
  C:4133H         LINE#         69
  C:4136H         LINE#         70
  C:413CH         LINE#         71
  C:4143H         LINE#         72
  C:4149H         LINE#         74
  -------         ENDPROC       _ASCIITOBCD
  -------         ENDMOD        UART1

  -------         MODULE        LCD_DRIVER_SPLC780D
  C:0000H         SYMBOL        _ICE_DUMMY_
  D:0092H         PUBLIC        P1M0
  D:0091H         PUBLIC        P1M1
BL51 BANKED LINKER/LOCATER V6.22                                                      01/29/2019  12:53:51  PAGE 18


  D:0080H         PUBLIC        P0
  D:0090H         PUBLIC        P1
  D:00A0H         PUBLIC        P2
  D:00B0H         PUBLIC        P3
  D:00C0H         PUBLIC        P4
  D:00C8H         PUBLIC        P5
  D:00E8H         PUBLIC        P6
  D:00F8H         PUBLIC        P7
  C:3CA1H         PUBLIC        _WriteData
  D:00A8H         PUBLIC        IE
  D:00B8H         PUBLIC        IP
  D:00D8H         PUBLIC        CCON
  B:00B0H.4       PUBLIC        LCD_D4
  B:00B0H.5       PUBLIC        LCD_D5
  B:00B0H.6       PUBLIC        LCD_D6
  C:40C6H         PUBLIC        _DisplayLCD
  B:00B0H.7       PUBLIC        LCD_D7
  D:0098H         PUBLIC        SCON
  D:0088H         PUBLIC        TCON
  C:4241H         PUBLIC        LCD_clear
  C:3EB6H         PUBLIC        _Command
  C:4160H         PUBLIC        _Display_Line
  C:3D85H         PUBLIC        LCD_Init
  C:404AH         PUBLIC        _Wait_ms
  B:00C0H.0       PUBLIC        LCD_RS
  B:00B0H.2       PUBLIC        LCD_RW
  C:4237H         PUBLIC        LCD_return_home
  B:00B0H.3       PUBLIC        LCD_E
  D:00D0H         PUBLIC        PSW
  -------         PROC          LCD_INIT
  C:3D85H         LINE#         9
  C:3D85H         LINE#         10
  C:3D85H         LINE#         11
  C:3D88H         LINE#         12
  C:3D8BH         LINE#         14
  C:3D91H         LINE#         15
  C:3D96H         LINE#         17
  C:3D9DH         LINE#         18
  C:3DA2H         LINE#         20
  C:3DA5H         LINE#         21
  C:3DAAH         LINE#         23
  C:3DADH         LINE#         24
  C:3DB2H         LINE#         26
  C:3DB9H         LINE#         29
  C:3DBEH         LINE#         30
  C:3DC3H         LINE#         32
  C:3DC8H         LINE#         33
  C:3DCDH         LINE#         35
  C:3DD2H         LINE#         36
  C:3DD7H         LINE#         37
  -------         ENDPROC       LCD_INIT
  -------         PROC          _WRITEDATA
  X:0312H         SYMBOL        dat
  C:3CA1H         LINE#         40
  C:3CA6H         LINE#         41
  C:3CA6H         LINE#         46
  C:3CA8H         LINE#         47
BL51 BANKED LINKER/LOCATER V6.22                                                      01/29/2019  12:53:51  PAGE 19


  C:3CAAH         LINE#         49
  C:3CB8H         LINE#         50
  C:3CC4H         LINE#         51
  C:3CD0H         LINE#         52
  C:3CDAH         LINE#         53
  C:3CDCH         LINE#         54
  C:3CE3H         LINE#         55
  C:3CE5H         LINE#         57
  C:3CF5H         LINE#         58
  C:3D00H         LINE#         59
  C:3D0AH         LINE#         60
  C:3D0EH         LINE#         62
  C:3D0EH         LINE#         63
  C:3D11H         LINE#         64
  C:3D13H         LINE#         65
  C:3D15H         LINE#         67
  -------         ENDPROC       _WRITEDATA
  -------         PROC          _COMMAND
  D:0007H         SYMBOL        dat
  C:3EB6H         LINE#         69
  C:3EB6H         LINE#         70
  C:3EB6H         LINE#         71
  C:3EB8H         LINE#         72
  C:3EBAH         LINE#         74
  C:3EC4H         LINE#         75
  C:3EC8H         LINE#         77
  C:3ECAH         LINE#         78
  C:3ED3H         LINE#         79
  C:3ED7H         LINE#         81
  C:3ED9H         LINE#         82
  C:3EE0H         LINE#         83
  C:3EE4H         LINE#         85
  C:3EE6H         LINE#         86
  C:3EEAH         LINE#         87
  C:3EEEH         LINE#         89
  C:3EF0H         LINE#         90
  C:3EF0H         LINE#         91
  C:3EF3H         LINE#         92
  C:3EF5H         LINE#         93
  -------         ENDPROC       _COMMAND
  C:4046H         SYMBOL        L?0028
  -------         PROC          L?0027
  -------         ENDPROC       L?0027
  C:4046H         SYMBOL        L?0028
  -------         PROC          _WAIT_MS
  D:0006H         SYMBOL        ms
  -------         DO            
  D:0004H         SYMBOL        De_Cnt
  -------         ENDDO         
  C:404AH         LINE#         95
  C:404AH         LINE#         96
  C:404AH         LINE#         98
  C:4054H         LINE#         99
  C:4054H         LINE#         100
  C:4067H         LINE#         101
  C:4067H         LINE#         102
  -------         ENDPROC       _WAIT_MS
BL51 BANKED LINKER/LOCATER V6.22                                                      01/29/2019  12:53:51  PAGE 20


  -------         PROC          _DISPLAYLCD
  D:0007H         SYMBOL        BCD
  -------         DO            
  D:0006H         SYMBOL        first_digit
  X:0308H         SYMBOL        second_digit
  -------         ENDDO         
  C:40C6H         LINE#         103
  C:40C6H         LINE#         104
  C:40C6H         LINE#         106
  C:40CDH         LINE#         107
  C:40D6H         LINE#         109
  C:40DBH         LINE#         111
  -------         ENDPROC       _DISPLAYLCD
  -------         PROC          LCD_RETURN_HOME
  C:4237H         LINE#         115
  C:4237H         LINE#         116
  C:4237H         LINE#         117
  C:423CH         LINE#         118
  -------         ENDPROC       LCD_RETURN_HOME
  -------         PROC          LCD_CLEAR
  C:4241H         LINE#         121
  C:4241H         LINE#         122
  C:4241H         LINE#         123
  C:4246H         LINE#         124
  -------         ENDPROC       LCD_CLEAR
  -------         PROC          _DISPLAY_LINE
  D:0006H         SYMBOL        line
  C:4160H         LINE#         128
  C:4160H         LINE#         129
  C:4160H         LINE#         130
  C:4166H         LINE#         131
  C:4166H         LINE#         132
  C:4168H         LINE#         133
  C:4168H         LINE#         134
  C:416AH         LINE#         136
  C:416AH         LINE#         137
  C:416FH         LINE#         138
  C:4174H         LINE#         139
  C:4174H         LINE#         140
  -------         ENDPROC       _DISPLAY_LINE
  -------         ENDMOD        LCD_DRIVER_SPLC780D

  -------         MODULE        KEYPAD
  C:0000H         SYMBOL        _ICE_DUMMY_
  D:0093H         PUBLIC        P0M1
  D:0080H         PUBLIC        P0
  D:0090H         PUBLIC        P1
  D:00A0H         PUBLIC        P2
  D:00B0H         PUBLIC        P3
  D:00C0H         PUBLIC        P4
  D:00C8H         PUBLIC        P5
  B:0020H.0       PUBLIC        calib_mode
  D:00E8H         PUBLIC        P6
  D:00F8H         PUBLIC        P7
  D:00A8H         PUBLIC        IE
  C:2FBEH         PUBLIC        Key_Scan
  D:00B8H         PUBLIC        IP
BL51 BANKED LINKER/LOCATER V6.22                                                      01/29/2019  12:53:51  PAGE 21


  D:00D8H         PUBLIC        CCON
  C:421FH         PUBLIC        KeyPad_IO_Init
  C:40A8H         PUBLIC        _Delay_ms
  D:0098H         PUBLIC        SCON
  D:0088H         PUBLIC        TCON
  B:0020H.1       PUBLIC        small_move
  B:0020H.2       PUBLIC        move
  B:0020H.3       PUBLIC        direction
  B:0020H.4       PUBLIC        auto_move
  C:2998H         PUBLIC        Key_Process
  D:00D0H         PUBLIC        PSW
  D:0094H         PUBLIC        P0M0
  -------         PROC          _DELAY_MS
  D:0006H         SYMBOL        ms
  -------         DO            
  D:0004H         SYMBOL        De_Cnt
  -------         ENDDO         
  C:40A8H         LINE#         19
  C:40A8H         LINE#         20
  C:40A8H         LINE#         22
  C:40B2H         LINE#         23
  C:40B2H         LINE#         24
  C:40C5H         LINE#         25
  C:40C5H         LINE#         26
  -------         ENDPROC       _DELAY_MS
  -------         PROC          KEY_SCAN
  -------         DO            
  X:030EH         SYMBOL        KeyTemp1
  X:030FH         SYMBOL        KeyTemp2
  X:0310H         SYMBOL        KeyValue
  -------         ENDDO         
  C:2FBEH         LINE#         27
  C:2FBEH         LINE#         28
  C:2FBEH         LINE#         33
  C:2FC1H         LINE#         36
  C:2FC4H         LINE#         38
  C:2FCCH         LINE#         39
  C:2FD3H         LINE#         40
  C:2FD3H         LINE#         42
  C:2FD8H         LINE#         43
  C:2FDFH         LINE#         44
  C:2FDFH         LINE#         47
  C:2FE2H         LINE#         48
  C:2FE5H         LINE#         49
  C:2FEAH         LINE#         50
  C:2FEEH         LINE#         51
  C:2FEEH         LINE#         52
  C:2FF6H         LINE#         53
  C:2FF6H         LINE#         54
  C:2FF9H         LINE#         55
  C:3001H         LINE#         56
  C:3003H         LINE#         58
  C:3017H         LINE#         59
  C:3017H         LINE#         60
  C:3017H         LINE#         61
  C:3017H         LINE#         62
  C:301DH         LINE#         64
BL51 BANKED LINKER/LOCATER V6.22                                                      01/29/2019  12:53:51  PAGE 22


  C:301FH         LINE#         65
  C:301FH         LINE#         66
  C:301FH         LINE#         67
  C:3025H         LINE#         69
  C:3027H         LINE#         70
  C:3027H         LINE#         71
  C:3027H         LINE#         72
  C:302DH         LINE#         74
  C:302FH         LINE#         75
  C:302FH         LINE#         76
  C:302FH         LINE#         77
  C:3035H         LINE#         79
  C:3035H         LINE#         80
  C:3035H         LINE#         81
  C:3035H         LINE#         84
  C:3038H         LINE#         85
  C:303BH         LINE#         86
  C:3043H         LINE#         87
  C:3047H         LINE#         88
  C:3047H         LINE#         89
  C:304FH         LINE#         90
  C:304FH         LINE#         91
  C:3052H         LINE#         92
  C:305AH         LINE#         93
  C:305CH         LINE#         94
  C:3070H         LINE#         95
  C:3070H         LINE#         96
  C:3070H         LINE#         97
  C:3070H         LINE#         98
  C:3076H         LINE#         100
  C:3078H         LINE#         101
  C:3078H         LINE#         102
  C:3078H         LINE#         103
  C:307EH         LINE#         105
  C:3080H         LINE#         106
  C:3080H         LINE#         107
  C:3080H         LINE#         108
  C:3086H         LINE#         110
  C:3088H         LINE#         111
  C:3088H         LINE#         112
  C:3088H         LINE#         113
  C:308DH         LINE#         115
  C:308DH         LINE#         116
  C:308DH         LINE#         117
  C:308DH         LINE#         120
  C:3090H         LINE#         121
  C:3093H         LINE#         122
  C:309BH         LINE#         123
  C:309FH         LINE#         124
  C:309FH         LINE#         125
  C:30A7H         LINE#         126
  C:30A7H         LINE#         127
  C:30AAH         LINE#         128
  C:30B2H         LINE#         129
  C:30B4H         LINE#         130
  C:30C8H         LINE#         131
  C:30C8H         LINE#         132
BL51 BANKED LINKER/LOCATER V6.22                                                      01/29/2019  12:53:51  PAGE 23


  C:30C8H         LINE#         133
  C:30C8H         LINE#         134
  C:30CEH         LINE#         136
  C:30D0H         LINE#         137
  C:30D0H         LINE#         138
  C:30D0H         LINE#         139
  C:30D6H         LINE#         141
  C:30D8H         LINE#         142
  C:30D8H         LINE#         143
  C:30D8H         LINE#         144
  C:30DEH         LINE#         146
  C:30E0H         LINE#         147
  C:30E0H         LINE#         148
  C:30E0H         LINE#         149
  C:30E6H         LINE#         151
  C:30E6H         LINE#         152
  C:30E6H         LINE#         153
  C:30E6H         LINE#         157
  C:30E9H         LINE#         158
  C:30ECH         LINE#         159
  C:30F4H         LINE#         160
  C:30F8H         LINE#         161
  C:30F8H         LINE#         162
  C:3100H         LINE#         163
  C:3100H         LINE#         164
  C:3103H         LINE#         165
  C:310BH         LINE#         166
  C:310DH         LINE#         167
  C:3121H         LINE#         168
  C:3121H         LINE#         169
  C:3121H         LINE#         170
  C:3121H         LINE#         171
  C:3127H         LINE#         173
  C:3129H         LINE#         174
  C:3129H         LINE#         175
  C:3129H         LINE#         176
  C:312FH         LINE#         178
  C:3131H         LINE#         179
  C:3131H         LINE#         180
  C:3131H         LINE#         181
  C:3137H         LINE#         183
  C:3139H         LINE#         184
  C:3139H         LINE#         185
  C:3139H         LINE#         186
  C:313FH         LINE#         188
  C:313FH         LINE#         189
  C:313FH         LINE#         190
  C:313FH         LINE#         192
  C:3145H         LINE#         193
  C:3145H         LINE#         195
  C:3145H         LINE#         196
  C:3148H         LINE#         197
  C:3148H         LINE#         198
  C:3148H         LINE#         200
  C:3148H         LINE#         201
  C:314AH         LINE#         202
  C:314AH         LINE#         203
BL51 BANKED LINKER/LOCATER V6.22                                                      01/29/2019  12:53:51  PAGE 24


  -------         ENDPROC       KEY_SCAN
  -------         PROC          KEY_PROCESS
  -------         DO            
  X:0548H         SYMBOL        KeyCount
  X:054AH         SYMBOL        KeyNum_Old
  X:054BH         SYMBOL        KeyNum
  X:054CH         SYMBOL        PressedKey
  X:0308H         SYMBOL        d
  D:0004H         SYMBOL        hours
  D:0006H         SYMBOL        mins
  X:030AH         SYMBOL        months
  X:030CH         SYMBOL        days
  -------         ENDDO         
  C:2998H         LINE#         204
  C:2998H         LINE#         205
  C:2998H         LINE#         209
  C:29A0H         LINE#         210
  C:29A8H         LINE#         212
  C:29ABH         LINE#         213
  C:29ABH         LINE#         214
  C:29AEH         LINE#         216
  C:29AEH         LINE#         217
  C:29BBH         LINE#         218
  C:29BBH         LINE#         219
  C:29BEH         LINE#         220
  C:29C1H         LINE#         222
  C:29C4H         LINE#         224
  C:29C4H         LINE#         225
  C:29CFH         LINE#         226
  C:29CFH         LINE#         227
  C:29D2H         LINE#         229
  C:29D2H         LINE#         230
  C:29D9H         LINE#         231
  C:29D9H         LINE#         232
  C:29DCH         LINE#         234
  C:29DCH         LINE#         235
  C:29E4H         LINE#         236
  C:29E4H         LINE#         237
  C:29EEH         LINE#         238
  C:29F6H         LINE#         240
  C:29FFH         LINE#         242
  C:29FFH         LINE#         251
  C:2A14H         LINE#         252
  C:2A14H         LINE#         253
  C:2A26H         LINE#         254
  C:2A34H         LINE#         255
  C:2A43H         LINE#         256
  C:2A43H         LINE#         258
  C:2A49H         LINE#         262
  C:2A5FH         LINE#         263
  C:2A70H         LINE#         264
  C:2A8BH         LINE#         265
  C:2A8BH         LINE#         266
  C:2A9BH         LINE#         267
  C:2AACH         LINE#         268
  C:2AACH         LINE#         272
  C:2AC5H         LINE#         273
BL51 BANKED LINKER/LOCATER V6.22                                                      01/29/2019  12:53:51  PAGE 25


  C:2ADCH         LINE#         274
  C:2AFCH         LINE#         275
  C:2AFCH         LINE#         276
  C:2B06H         LINE#         277
  C:2B06H         LINE#         278
  C:2B0FH         LINE#         279
  C:2B0FH         LINE#         280
  C:2B23H         LINE#         281
  C:2B23H         LINE#         282
  C:2B23H         LINE#         283
  C:2B23H         LINE#         284
  C:2B23H         LINE#         285
  C:2B25H         LINE#         287
  C:2B25H         LINE#         288
  C:2B31H         LINE#         289
  C:2B31H         LINE#         290
  C:2B42H         LINE#         291
  C:2B42H         LINE#         292
  C:2B42H         LINE#         293
  C:2B42H         LINE#         294
  C:2B42H         LINE#         296
  C:2B44H         LINE#         298
  C:2B44H         LINE#         299
  C:2B55H         LINE#         300
  C:2B55H         LINE#         301
  C:2B55H         LINE#         302
  C:2B55H         LINE#         303
  C:2B55H         LINE#         305
  C:2B55H         LINE#         307
  C:2B55H         LINE#         308
  C:2B57H         LINE#         310
  C:2B57H         LINE#         311
  C:2B6AH         LINE#         312
  C:2B6AH         LINE#         313
  C:2B7BH         LINE#         314
  C:2B7BH         LINE#         315
  C:2B7BH         LINE#         316
  C:2B7BH         LINE#         317
  C:2B7BH         LINE#         318
  C:2B7DH         LINE#         320
  C:2B7DH         LINE#         321
  C:2B8EH         LINE#         322
  C:2B8EH         LINE#         323
  C:2B9FH         LINE#         324
  C:2BB0H         LINE#         325
  C:2BB0H         LINE#         326
  C:2BB0H         LINE#         327
  C:2BB0H         LINE#         328
  C:2BB0H         LINE#         329
  C:2BB3H         LINE#         330
  C:2BB8H         LINE#         331
  C:2BBDH         LINE#         332
  C:2BC2H         LINE#         333
  C:2BC7H         LINE#         334
  C:2BCCH         LINE#         335
  C:2BD1H         LINE#         336
  C:2BD6H         LINE#         337
BL51 BANKED LINKER/LOCATER V6.22                                                      01/29/2019  12:53:51  PAGE 26


  C:2BD6H         LINE#         339
  C:2BF8H         LINE#         340
  C:2BF8H         LINE#         341
  C:2C02H         LINE#         342
  C:2C02H         LINE#         343
  C:2C07H         LINE#         344
  C:2C10H         LINE#         345
  C:2C27H         LINE#         346
  C:2C27H         LINE#         347
  C:2C37H         LINE#         349
  C:2C37H         LINE#         353
  -------         ENDPROC       KEY_PROCESS
  -------         PROC          KEYPAD_IO_INIT
  C:421FH         LINE#         356
  C:421FH         LINE#         357
  C:421FH         LINE#         358
  C:4222H         LINE#         359
  C:4225H         LINE#         360
  C:4228H         LINE#         361
  C:422AH         LINE#         362
  -------         ENDPROC       KEYPAD_IO_INIT
  -------         ENDMOD        KEYPAD

  -------         MODULE        BIPOLARMOTOR
  C:0000H         SYMBOL        _ICE_DUMMY_
  D:0080H         PUBLIC        P0
  D:0090H         PUBLIC        P1
  D:00A0H         PUBLIC        P2
  D:00B0H         PUBLIC        P3
  D:00C0H         PUBLIC        P4
  D:00C8H         PUBLIC        P5
  D:00E8H         PUBLIC        P6
  D:00F8H         PUBLIC        P7
  X:0000H         PUBLIC        low_date_azimuth_mapping
  D:00A8H         PUBLIC        IE
  C:3715H         PUBLIC        linear_interpolate
  C:3FCFH         PUBLIC        _Move
  D:00B8H         PUBLIC        IP
  C:2C6BH         PUBLIC        _findDet3x3
  C:26D8H         PUBLIC        _findDet4x4
  D:00D8H         PUBLIC        CCON
  X:0028H         PUBLIC        previous_move_time
  D:0098H         PUBLIC        SCON
  D:0088H         PUBLIC        TCON
  C:425BH         PUBLIC        wait
  C:3EF6H         PUBLIC        _Step_move
  X:0029H         PUBLIC        dat
  C:000EH         PUBLIC        _Update_position
  C:3DDEH         PUBLIC        vOneStepMove
  X:002FH         PUBLIC        elevation_stamp
  X:005BH         PUBLIC        date_azimuth_mapping
  X:0083H         PUBLIC        elevation_stamp_extra
  X:0093H         PUBLIC        RX_pos
  X:024BH         PUBLIC        RX_pos_extra
  C:410AH         PUBLIC        _BCDtoDec1
  X:02EBH         PUBLIC        degree
  D:00D0H         PUBLIC        PSW
BL51 BANKED LINKER/LOCATER V6.22                                                      01/29/2019  12:53:51  PAGE 27


  -------         PROC          L?0058
  -------         ENDPROC       L?0058
  -------         PROC          _BCDTODEC1
  D:0007H         SYMBOL        bcd
  -------         DO            
  D:0006H         SYMBOL        hi
  D:0007H         SYMBOL        lo
  -------         ENDDO         
  C:410AH         LINE#         29
  C:410AH         LINE#         30
  C:410AH         LINE#         32
  C:410FH         LINE#         33
  C:4113H         LINE#         34
  C:411AH         LINE#         35
  -------         ENDPROC       _BCDTODEC1
  -------         PROC          WAIT
  C:425BH         LINE#         37
  C:425BH         LINE#         39
  -------         ENDPROC       WAIT
  -------         PROC          VONESTEPMOVE
  B:0020H.7       SYMBOL        bDir
  C:3DDEH         LINE#         41
  C:3DDEH         LINE#         42
  C:3DDEH         LINE#         44
  C:3DE4H         LINE#         45
  C:3DE4H         LINE#         46
  C:3DE7H         LINE#         47
  C:3DF0H         LINE#         48
  C:3DF7H         LINE#         49
  C:3DFCH         LINE#         50
  C:3DFCH         LINE#         51
  C:3DFCH         LINE#         53
  C:3DFEH         LINE#         56
  C:3DFEH         LINE#         57
  C:3E01H         LINE#         58
  C:3E0AH         LINE#         59
  C:3E11H         LINE#         60
  C:3E17H         LINE#         61
  C:3E20H         LINE#         62
  C:3E27H         LINE#         63
  C:3E27H         LINE#         67
  -------         ENDPROC       VONESTEPMOVE
  -------         PROC          _STEP_MOVE
  X:03A4H         SYMBOL        step
  B:0020H.6       SYMBOL        dir
  -------         DO            
  X:03A6H         SYMBOL        i
  -------         ENDDO         
  C:3EF6H         LINE#         69
  C:3EFEH         LINE#         70
  C:3EFEH         LINE#         72
  C:3F03H         LINE#         75
  C:3F1EH         LINE#         76
  C:3F1EH         LINE#         77
  C:3F25H         LINE#         79
  C:3F35H         LINE#         81
  -------         ENDPROC       _STEP_MOVE
BL51 BANKED LINKER/LOCATER V6.22                                                      01/29/2019  12:53:51  PAGE 28


  -------         PROC          _MOVE
  X:03A0H         SYMBOL        distance
  B:0020H.5       SYMBOL        direction
  -------         DO            
  D:0006H         SYMBOL        step
  -------         ENDDO         
  C:3FCFH         LINE#         83
  C:3FD5H         LINE#         84
  C:3FD5H         LINE#         87
  C:3FF0H         LINE#         88
  -------         ENDPROC       _MOVE
  C:2C4CH         SYMBOL        L?0054
  C:2C60H         SYMBOL        L?0055
  -------         PROC          L?0053
  -------         ENDPROC       L?0053
  C:2C4CH         SYMBOL        L?0054
  C:2C60H         SYMBOL        L?0055
  -------         PROC          _FINDDET3X3
  X:0524H         SYMBOL        a11
  X:0528H         SYMBOL        a12
  X:052CH         SYMBOL        a13
  X:0530H         SYMBOL        a21
  X:0534H         SYMBOL        a22
  X:0538H         SYMBOL        a23
  X:053CH         SYMBOL        a31
  X:0540H         SYMBOL        a32
  X:0544H         SYMBOL        a33
  C:2C6BH         LINE#         92
  C:2C71H         LINE#         96
  C:2C71H         LINE#         97
  C:2E08H         LINE#         99
  -------         ENDPROC       _FINDDET3X3
  -------         PROC          _FINDDET4X4
  X:04E4H         SYMBOL        a11
  X:04E8H         SYMBOL        a12
  X:04ECH         SYMBOL        a13
  X:04F0H         SYMBOL        a14
  X:04F4H         SYMBOL        a21
  X:04F8H         SYMBOL        a22
  X:04FCH         SYMBOL        a23
  X:0500H         SYMBOL        a24
  X:0504H         SYMBOL        a31
  X:0508H         SYMBOL        a32
  X:050CH         SYMBOL        a33
  X:0510H         SYMBOL        a34
  X:0514H         SYMBOL        a41
  X:0518H         SYMBOL        a42
  X:051CH         SYMBOL        a43
  X:0520H         SYMBOL        a44
  C:26D8H         LINE#         100
  C:26DEH         LINE#         104
  C:26DEH         LINE#         111
  C:2997H         LINE#         115
  -------         ENDPROC       _FINDDET4X4
  C:3704H         SYMBOL        L?0057
  -------         PROC          L?0056
  -------         ENDPROC       L?0056
BL51 BANKED LINKER/LOCATER V6.22                                                      01/29/2019  12:53:51  PAGE 29


  C:3704H         SYMBOL        L?0057
  -------         PROC          LINEAR_INTERPOLATE
  X:03A7H         SYMBOL        p1
  X:03AFH         SYMBOL        p2
  X:03B7H         SYMBOL        x
  -------         DO            
  D:0004H         SYMBOL        fx
  -------         ENDDO         
  C:3715H         LINE#         121
  C:3715H         LINE#         122
  C:3715H         LINE#         125
  C:37B4H         LINE#         127
  C:37B4H         LINE#         128
  -------         ENDPROC       LINEAR_INTERPOLATE
  -------         PROC          _UPDATE_POSITION
  D:0001H         SYMBOL        mnths
  D:0002H         SYMBOL        dys
  X:031EH         SYMBOL        hurs
  X:031FH         SYMBOL        mns
  X:0320H         SYMBOL        sconds
  X:0321H         SYMBOL        currnt_pos
  X:0324H         SYMBOL        offset_calib
  -------         DO            
  X:0328H         SYMBOL        date
  X:032AH         SYMBOL        i
  X:032CH         SYMBOL        yy
  X:032EH         SYMBOL        desired_distance
  X:0332H         SYMBOL        distance
  X:0336H         SYMBOL        JP_pos
  X:033AH         SYMBOL        pos_interpolate_azimuth
  X:0362H         SYMBOL        current_local_sun_time
  X:0366H         SYMBOL        azimuth
  X:036AH         SYMBOL        elevation
  X:036EH         SYMBOL        time_offset
  X:0372H         SYMBOL        UTC_time
  X:0376H         SYMBOL        declination
  X:037AH         SYMBOL        p1
  X:0382H         SYMBOL        p2
  X:038AH         SYMBOL        time
  X:039CH         SYMBOL        location
  X:03A4H         SYMBOL        sunCoord
  -------         ENDDO         
  C:000EH         LINE#         132
  C:0017H         LINE#         135
  C:0017H         LINE#         136
  C:0022H         LINE#         138
  C:003EH         LINE#         139
  C:0048H         LINE#         147
  C:0052H         LINE#         148
  C:005CH         LINE#         149
  C:0066H         LINE#         150
  C:0071H         LINE#         151
  C:007CH         LINE#         152
  C:0095H         LINE#         153
  C:00A6H         LINE#         154
  C:00B5H         LINE#         157
  C:00C9H         LINE#         161
BL51 BANKED LINKER/LOCATER V6.22                                                      01/29/2019  12:53:51  PAGE 30


  C:011BH         LINE#         162
  C:027FH         LINE#         163
  C:02CFH         LINE#         165
  C:03F7H         LINE#         167
  C:04C6H         LINE#         174
  C:04D0H         LINE#         175
  C:04D0H         LINE#         179
  C:04EAH         LINE#         180
  C:04EAH         LINE#         181
  C:055AH         LINE#         182
  C:055AH         LINE#         183
  C:0561H         LINE#         184
  C:0561H         LINE#         185
  C:058EH         LINE#         186
  C:05A9H         LINE#         188
  C:05F0H         LINE#         189
  C:0624H         LINE#         191
  C:066AH         LINE#         192
  C:068DH         LINE#         194
  C:068DH         LINE#         196
  C:0703H         LINE#         197
  C:0703H         LINE#         198
  C:070AH         LINE#         199
  C:070AH         LINE#         200
  C:0737H         LINE#         201
  C:0752H         LINE#         203
  C:0799H         LINE#         204
  C:07CDH         LINE#         206
  C:0813H         LINE#         207
  C:0833H         LINE#         209
  C:0833H         LINE#         210
  C:0844H         LINE#         213
  C:085EH         LINE#         214
  C:085EH         LINE#         215
  C:08CEH         LINE#         216
  C:08CEH         LINE#         217
  C:08FBH         LINE#         218
  C:0916H         LINE#         220
  C:0943H         LINE#         221
  C:095EH         LINE#         223
  C:0990H         LINE#         226
  C:0990H         LINE#         228
  C:09A1H         LINE#         233
  C:09D0H         LINE#         236
  C:09F5H         LINE#         237
  C:0A54H         LINE#         238
  C:0A54H         LINE#         244
  C:0A70H         LINE#         245
  C:0A70H         LINE#         246
  C:0A70H         LINE#         249
  -------         ENDPROC       _UPDATE_POSITION
  -------         ENDMOD        BIPOLARMOTOR

  -------         MODULE        SUNPOS
  C:0000H         SYMBOL        _ICE_DUMMY_
  C:1BE1H         PUBLIC        sunpos
  -------         PROC          SUNPOS
BL51 BANKED LINKER/LOCATER V6.22                                                      01/29/2019  12:53:51  PAGE 31


  X:03A7H         SYMBOL        udtTime
  X:03B9H         SYMBOL        udtLocation
  X:03C1H         SYMBOL        udtSunCoordinates
  -------         DO            
  X:03C4H         SYMBOL        dElapsedJulianDays
  X:03C8H         SYMBOL        dDecimalHours
  X:03CCH         SYMBOL        dEclipticLongitude
  X:03D0H         SYMBOL        dEclipticObliquity
  X:03D4H         SYMBOL        dRightAscension
  X:03D8H         SYMBOL        dDeclination
  X:03DCH         SYMBOL        dY
  X:03E0H         SYMBOL        dX
  -------         DO            
  X:03E4H         SYMBOL        dJulianDate
  X:03E8H         SYMBOL        liAux1
  X:03ECH         SYMBOL        liAux2
  X:03E4H         SYMBOL        dMeanLongitude
  X:03E8H         SYMBOL        dMeanAnomaly
  X:03ECH         SYMBOL        dOmega
  X:03E4H         SYMBOL        dSin_EclipticLongitude
  X:03E4H         SYMBOL        dGreenwichMeanSiderealTime
  X:03E8H         SYMBOL        dLocalMeanSiderealTime
  X:03ECH         SYMBOL        dLatitudeInRadians
  X:03F0H         SYMBOL        dHourAngle
  X:03F4H         SYMBOL        dCos_Latitude
  X:03F8H         SYMBOL        dSin_Latitude
  X:03FCH         SYMBOL        dCos_HourAngle
  X:0400H         SYMBOL        dParallax
  -------         ENDDO         
  -------         DO            
  X:03E4H         SYMBOL        dMeanLongitude
  X:03E8H         SYMBOL        dMeanAnomaly
  X:03ECH         SYMBOL        dOmega
  X:03E4H         SYMBOL        dSin_EclipticLongitude
  X:03E4H         SYMBOL        dGreenwichMeanSiderealTime
  X:03E8H         SYMBOL        dLocalMeanSiderealTime
  X:03ECH         SYMBOL        dLatitudeInRadians
  X:03F0H         SYMBOL        dHourAngle
  X:03F4H         SYMBOL        dCos_Latitude
  X:03F8H         SYMBOL        dSin_Latitude
  X:03FCH         SYMBOL        dCos_HourAngle
  X:0400H         SYMBOL        dParallax
  -------         ENDDO         
  -------         DO            
  X:03E4H         SYMBOL        dSin_EclipticLongitude
  X:03E4H         SYMBOL        dGreenwichMeanSiderealTime
  X:03E8H         SYMBOL        dLocalMeanSiderealTime
  X:03ECH         SYMBOL        dLatitudeInRadians
  X:03F0H         SYMBOL        dHourAngle
  X:03F4H         SYMBOL        dCos_Latitude
  X:03F8H         SYMBOL        dSin_Latitude
  X:03FCH         SYMBOL        dCos_HourAngle
  X:0400H         SYMBOL        dParallax
  -------         ENDDO         
  -------         DO            
  X:03E4H         SYMBOL        dGreenwichMeanSiderealTime
  X:03E8H         SYMBOL        dLocalMeanSiderealTime
BL51 BANKED LINKER/LOCATER V6.22                                                      01/29/2019  12:53:51  PAGE 32


  X:03ECH         SYMBOL        dLatitudeInRadians
  X:03F0H         SYMBOL        dHourAngle
  X:03F4H         SYMBOL        dCos_Latitude
  X:03F8H         SYMBOL        dSin_Latitude
  X:03FCH         SYMBOL        dCos_HourAngle
  X:0400H         SYMBOL        dParallax
  -------         ENDDO         
  -------         ENDDO         
  C:1BE1H         LINE#         6
  C:1BE1H         LINE#         7
  C:1BE1H         LINE#         9
  C:1BE1H         LINE#         27
  C:1C2BH         LINE#         30
  C:1C4CH         LINE#         31
  C:1D93H         LINE#         34
  C:1DDFH         LINE#         36
  C:1DFEH         LINE#         37
  C:1DFEH         LINE#         42
  C:1DFEH         LINE#         46
  C:1E30H         LINE#         47
  C:1E5AH         LINE#         48
  C:1E84H         LINE#         49
  C:1F31H         LINE#         52
  C:1F92H         LINE#         54
  C:1F92H         LINE#         59
  C:1F92H         LINE#         61
  C:1FA9H         LINE#         62
  C:1FD1H         LINE#         63
  C:1FE8H         LINE#         64
  C:2013H         LINE#         65
  C:204AH         LINE#         66
  C:2075H         LINE#         67
  C:2075H         LINE#         70
  C:2075H         LINE#         79
  C:20B0H         LINE#         82
  C:20EAH         LINE#         84
  C:210FH         LINE#         85
  C:212EH         LINE#         86
  C:2145H         LINE#         87
  C:215CH         LINE#         88
  C:2173H         LINE#         89
  C:21FCH         LINE#         91
  C:2216H         LINE#         92
  C:2278H         LINE#         93
  C:22AEH         LINE#         94
  C:22C0H         LINE#         95
  C:22EDH         LINE#         96
  C:231AH         LINE#         98
  C:233CH         LINE#         100
  C:2374H         LINE#         103
  C:2374H         LINE#         104
  C:2382H         LINE#         105
  -------         ENDPROC       SUNPOS
  -------         ENDMOD        SUNPOS

  -------         MODULE        ADC
  C:0000H         SYMBOL        _ICE_DUMMY_
BL51 BANKED LINKER/LOCATER V6.22                                                      01/29/2019  12:53:51  PAGE 33


  D:0092H         PUBLIC        P1M0
  D:0091H         PUBLIC        P1M1
  D:0080H         PUBLIC        P0
  D:0090H         PUBLIC        P1
  D:00A0H         PUBLIC        P2
  D:00B0H         PUBLIC        P3
  D:00C0H         PUBLIC        P4
  D:00C8H         PUBLIC        P5
  D:00E8H         PUBLIC        P6
  D:00F8H         PUBLIC        P7
  D:00A8H         PUBLIC        IE
  D:00BDH         PUBLIC        ADC_RES
  D:00B8H         PUBLIC        IP
  D:0097H         PUBLIC        CLK_DIV
  D:00D8H         PUBLIC        CCON
  D:00BCH         PUBLIC        ADC_CONTR
  D:0098H         PUBLIC        SCON
  D:0088H         PUBLIC        TCON
  B:00A0H.4       PUBLIC        P24
  B:00A0H.5       PUBLIC        P25
  B:00A0H.6       PUBLIC        P26
  C:40E3H         PUBLIC        ADC_Init
  C:401EH         PUBLIC        _ADC_GetResult
  D:009DH         PUBLIC        P1ASF
  D:00BEH         PUBLIC        ADC_RESL
  D:00D0H         PUBLIC        PSW
  -------         PROC          ADC_INIT
  C:40E3H         LINE#         7
  C:40E3H         LINE#         8
  C:40E3H         LINE#         10
  C:40E5H         LINE#         11
  C:40E7H         LINE#         12
  C:40E9H         LINE#         13
  C:40ECH         LINE#         14
  C:40EFH         LINE#         15
  C:40F2H         LINE#         16
  C:40F5H         LINE#         18
  C:40F7H         LINE#         19
  C:40FAH         LINE#         21
  -------         ENDPROC       ADC_INIT
  -------         PROC          _ADC_GETRESULT
  D:0007H         SYMBOL        ch
  -------         DO            
  D:0006H         SYMBOL        ADC_Value
  -------         ENDDO         
  C:401EH         LINE#         26
  C:401EH         LINE#         27
  C:401EH         LINE#         29
  C:4023H         LINE#         30
  C:4024H         LINE#         31
  C:4025H         LINE#         32
  C:4026H         LINE#         33
  C:4027H         LINE#         34
  C:402CH         LINE#         35
  C:402FH         LINE#         36
  C:4033H         LINE#         37
  C:4043H         LINE#         38
BL51 BANKED LINKER/LOCATER V6.22                                                      01/29/2019  12:53:51  PAGE 34


  C:4043H         LINE#         39
  -------         ENDPROC       _ADC_GETRESULT
  -------         ENDMOD        ADC

  -------         MODULE        CALIBRATION
  C:0000H         SYMBOL        _ICE_DUMMY_
  D:0080H         PUBLIC        P0
  D:0090H         PUBLIC        P1
  D:00A0H         PUBLIC        P2
  D:00B0H         PUBLIC        P3
  D:00C0H         PUBLIC        P4
  D:00C8H         PUBLIC        P5
  D:00E8H         PUBLIC        P6
  D:00F8H         PUBLIC        P7
  C:3A66H         PUBLIC        _Max_Value
  D:00A8H         PUBLIC        IE
  C:3533H         PUBLIC        _calibration
  C:37B5H         PUBLIC        voltage_is_stable
  D:00B8H         PUBLIC        IP
  D:00D8H         PUBLIC        CCON
  D:0098H         PUBLIC        SCON
  D:0088H         PUBLIC        TCON
  C:32D3H         PUBLIC        _Find_Real_Max
  D:00D0H         PUBLIC        PSW
  -------         PROC          VOLTAGE_IS_STABLE
  -------         DO            
  X:031CH         SYMBOL        sample_voltage
  X:0330H         SYMBOL        i
  X:0332H         SYMBOL        ch
  -------         ENDDO         
  C:37B5H         LINE#         17
  C:37B5H         LINE#         18
  C:37B5H         LINE#         20
  C:37BCH         LINE#         21
  C:37C2H         LINE#         22
  C:37C2H         LINE#         23
  C:37EBH         LINE#         24
  C:380AH         LINE#         26
  C:3824H         LINE#         27
  C:3824H         LINE#         28
  C:3857H         LINE#         29
  C:385BH         LINE#         30
  C:386BH         LINE#         31
  C:386FH         LINE#         32
  -------         ENDPROC       VOLTAGE_IS_STABLE
  -------         PROC          _FIND_REAL_MAX
  X:031CH         SYMBOL        current_position
  -------         DO            
  X:031FH         SYMBOL        ch
  X:0320H         SYMBOL        calib_step_move
  X:0324H         SYMBOL        voltage_at_scanned_pos
  X:039CH         SYMBOL        max_location
  X:039EH         SYMBOL        i
  -------         ENDDO         
  C:32D3H         LINE#         33
  C:32DEH         LINE#         34
  C:32DEH         LINE#         35
BL51 BANKED LINKER/LOCATER V6.22                                                      01/29/2019  12:53:51  PAGE 35


[...]
  X:0318H         SYMBOL        JP_max_pos
  -------         ENDDO         
  C:3533H         LINE#         84
  C:353EH         LINE#         87
  C:353EH         LINE#         88
  C:3548H         LINE#         89
  C:355CH         LINE#         91
  C:3566H         LINE#         92
  C:3566H         LINE#         94
  C:359CH         LINE#         95
  C:35BAH         LINE#         97
  C:35C3H         LINE#         98
  C:35E6H         LINE#         99
  C:3602H         LINE#         100
  C:3611H         LINE#         101
BL51 BANKED LINKER/LOCATER V6.22                                                      01/29/2019  12:53:51  PAGE 36


  C:3611H         LINE#         103
  C:3616H         LINE#         104
  -------         ENDPROC       _CALIBRATION
  -------         ENDMOD        CALIBRATION

  -------         MODULE        IOEXPANDER_PI4IOE5V96248
  C:0000H         SYMBOL        _ICE_DUMMY_
  D:0080H         PUBLIC        P0
  B:00C8H.4       PUBLIC        I2C_SCK
  D:0090H         PUBLIC        P1
  D:00A0H         PUBLIC        P2
  D:00B0H         PUBLIC        P3
  D:00C0H         PUBLIC        P4
  D:00C8H         PUBLIC        P5
  D:00E8H         PUBLIC        P6
  D:00F8H         PUBLIC        P7
  D:00A8H         PUBLIC        IE
  D:00B8H         PUBLIC        IP
  D:00D8H         PUBLIC        CCON
  C:41E5H         PUBLIC        I2C_Start
  D:0098H         PUBLIC        SCON
  D:0088H         PUBLIC        TCON
  C:3870H         PUBLIC        _Write_PI4IOE5V96248
  C:41F4H         PUBLIC        uC_NACK
  C:3FB1H         PUBLIC        _Wait_ms_i2c
  C:3FFCH         PUBLIC        _I2C_SendByte
  C:4175H         PUBLIC        I2C_Stop
  C:425CH         PUBLIC        nop
  C:424BH         PUBLIC        uC_ACK
  C:414AH         PUBLIC        I2C_ACK
  B:00C0H.7       PUBLIC        I2C_SDA
  D:00D0H         PUBLIC        PSW
  C:3FABH         SYMBOL        L?0031
  C:3FADH         SYMBOL        L?0032
  -------         PROC          L?0030
  -------         ENDPROC       L?0030
  C:3FABH         SYMBOL        L?0031
  C:3FADH         SYMBOL        L?0032
  -------         PROC          _WAIT_MS_I2C
  D:0006H         SYMBOL        ms
  -------         DO            
  D:0004H         SYMBOL        De_Cnt
  -------         ENDDO         
  C:3FB1H         LINE#         7
  C:3FB1H         LINE#         8
  C:3FB1H         LINE#         10
  C:3FBBH         LINE#         11
  C:3FBBH         LINE#         12
  C:3FCEH         LINE#         13
  C:3FCEH         LINE#         14
  -------         ENDPROC       _WAIT_MS_I2C
  -------         PROC          NOP
  C:425CH         LINE#         16
  C:425CH         LINE#         17
  C:425CH         LINE#         19
  -------         ENDPROC       NOP
  -------         PROC          I2C_START
BL51 BANKED LINKER/LOCATER V6.22                                                      01/29/2019  12:53:51  PAGE 37


  C:41E5H         LINE#         20
  C:41E5H         LINE#         21
  C:41E5H         LINE#         23
  C:41E7H         LINE#         24
  C:41E9H         LINE#         25
  C:41ECH         LINE#         26
  C:41EEH         LINE#         27
  C:41F1H         LINE#         28
  C:41F3H         LINE#         31
  -------         ENDPROC       I2C_START
  -------         PROC          I2C_STOP
  C:4175H         LINE#         33
  C:4175H         LINE#         34
  C:4175H         LINE#         35
  C:4177H         LINE#         36
  C:4179H         LINE#         37
  C:417CH         LINE#         38
  C:417EH         LINE#         39
  C:4180H         LINE#         40
  C:4187H         LINE#         41
  C:4189H         LINE#         44
  -------         ENDPROC       I2C_STOP
  -------         PROC          I2C_ACK
  -------         DO            
  X:03ABH         SYMBOL        i
  D:0003H         SYMBOL        dat
  -------         ENDDO         
  C:414AH         LINE#         46
  C:414AH         LINE#         47
  C:414AH         LINE#         49
  C:414BH         LINE#         54
  C:414EH         LINE#         55
  C:4150H         LINE#         56
  C:4153H         LINE#         58
  C:4156H         LINE#         59
  C:4156H         LINE#         60
  C:415AH         LINE#         61
  C:415AH         LINE#         64
  C:415AH         LINE#         65
  C:415DH         LINE#         66
  C:415DH         LINE#         67
  C:415FH         LINE#         68
  -------         ENDPROC       I2C_ACK
  -------         PROC          UC_ACK
  -------         DO            
  X:055DH         SYMBOL        i
  -------         ENDDO         
  C:424BH         LINE#         69
  C:424BH         LINE#         70
  C:424BH         LINE#         72
  C:424BH         LINE#         79
  C:424BH         LINE#         81
  C:424BH         LINE#         83
  C:424BH         LINE#         84
  C:424BH         LINE#         87
  C:424EH         LINE#         88
  C:4250H         LINE#         89
BL51 BANKED LINKER/LOCATER V6.22                                                      01/29/2019  12:53:51  PAGE 38


  C:4250H         LINE#         93
  -------         ENDPROC       UC_ACK
  -------         PROC          UC_NACK
  -------         DO            
  X:055EH         SYMBOL        i
  -------         ENDDO         
  C:41F4H         LINE#         95
  C:41F4H         LINE#         96
  C:41F4H         LINE#         98
  C:41F4H         LINE#         102
  C:41F6H         LINE#         105
  C:41F6H         LINE#         106
  C:41F8H         LINE#         107
  C:41F8H         LINE#         109
  C:41F8H         LINE#         110
  C:41F8H         LINE#         113
  C:41FBH         LINE#         114
  C:41FDH         LINE#         115
  C:4200H         LINE#         116
  C:4202H         LINE#         117
  C:4202H         LINE#         121
  -------         ENDPROC       UC_NACK
  C:3FF8H         SYMBOL        L?0034
  -------         PROC          L?0033
  -------         ENDPROC       L?0033
  C:3FF8H         SYMBOL        L?0034
  -------         PROC          _I2C_SENDBYTE
  D:0001H         SYMBOL        dat
  -------         DO            
  D:0003H         SYMBOL        i
  -------         ENDDO         
  C:3FFCH         LINE#         125
  C:3FFEH         LINE#         126
  C:3FFEH         LINE#         129
  C:4000H         LINE#         130
  C:4000H         LINE#         131
  C:4002H         LINE#         133
  C:4006H         LINE#         134
  C:4006H         LINE#         135
  C:4008H         LINE#         136
  C:400AH         LINE#         138
  C:400AH         LINE#         139
  C:400CH         LINE#         140
  C:400CH         LINE#         141
  C:400FH         LINE#         142
  C:4011H         LINE#         144
  C:4015H         LINE#         145
  C:4018H         LINE#         146
  C:401DH         LINE#         147
  -------         ENDPROC       _I2C_SENDBYTE
  -------         PROC          _WRITE_PI4IOE5V96248
  X:03A8H         SYMBOL        xdat
  C:3870H         LINE#         148
  C:387BH         LINE#         149
  C:387BH         LINE#         150
  C:387EH         LINE#         151
  C:3885H         LINE#         152
BL51 BANKED LINKER/LOCATER V6.22                                                      01/29/2019  12:53:51  PAGE 39


  C:388AH         LINE#         153
  C:3890H         LINE#         154
  C:3890H         LINE#         155
  C:38A2H         LINE#         156
  C:38A2H         LINE#         158
  C:38A8H         LINE#         159
  C:38A8H         LINE#         160
  C:38B8H         LINE#         161
  C:38B8H         LINE#         162
  C:38BEH         LINE#         163
  C:38BEH         LINE#         164
  C:38CEH         LINE#         165
  C:38CEH         LINE#         166
  C:38D4H         LINE#         167
  C:38D4H         LINE#         168
  C:38E5H         LINE#         169
  C:38E5H         LINE#         171
  C:38EBH         LINE#         172
  C:38EBH         LINE#         173
  C:38FCH         LINE#         174
  C:38FCH         LINE#         175
  C:3902H         LINE#         176
  C:3902H         LINE#         177
  C:3913H         LINE#         178
  C:3913H         LINE#         180
  C:3919H         LINE#         181
  C:391CH         LINE#         182
  -------         ENDPROC       _WRITE_PI4IOE5V96248
  -------         ENDMOD        IOEXPANDER_PI4IOE5V96248

  -------         MODULE        ?C_STARTUP
  C:3B91H         SEGMENT       ?C_C51STARTUP
  I:0022H         SEGMENT       ?STACK
  C:0000H         PUBLIC        ?C_STARTUP
  D:00E0H         SYMBOL        ACC
  D:00F0H         SYMBOL        B
  D:0083H         SYMBOL        DPH
  D:0082H         SYMBOL        DPL
  N:0000H         SYMBOL        IBPSTACK
  N:0100H         SYMBOL        IBPSTACKTOP
  N:0080H         SYMBOL        IDATALEN
  C:3B94H         SYMBOL        IDATALOOP
  N:0000H         SYMBOL        PBPSTACK
  N:0100H         SYMBOL        PBPSTACKTOP
  N:0000H         SYMBOL        PDATALEN
  N:0000H         SYMBOL        PDATASTART
  N:0000H         SYMBOL        PPAGE
  N:0000H         SYMBOL        PPAGEENABLE
  D:00A0H         SYMBOL        PPAGE_SFR
  D:0081H         SYMBOL        SP
  C:3B91H         SYMBOL        STARTUP1
  N:0000H         SYMBOL        XBPSTACK
  N:0000H         SYMBOL        XBPSTACKTOP
  N:0000H         SYMBOL        XDATALEN
  N:0000H         SYMBOL        XDATASTART
  C:0000H         LINE#         126
  C:3B91H         LINE#         133
BL51 BANKED LINKER/LOCATER V6.22                                                      01/29/2019  12:53:51  PAGE 40


  C:3B93H         LINE#         134
  C:3B94H         LINE#         135
  C:3B95H         LINE#         136
  C:3B97H         LINE#         185
  C:3B9AH         LINE#         196
  -------         ENDMOD        ?C_STARTUP

  -------         MODULE        ?C?FPADD
  C:0A78H         PUBLIC        ?C?FPADD
  C:0A74H         PUBLIC        ?C?FPSUB
  -------         ENDMOD        ?C?FPADD

  -------         MODULE        ?C?FPMUL
  C:0B69H         PUBLIC        ?C?FPMUL
  -------         ENDMOD        ?C?FPMUL

  -------         MODULE        ?C?FPDIV
  C:0C72H         PUBLIC        ?C?FPDIV
  -------         ENDMOD        ?C?FPDIV

  -------         MODULE        ?C?FPCMP
  C:0D11H         PUBLIC        ?C?FPCMP
  C:0D0FH         PUBLIC        ?C?FPCMP3
  -------         ENDMOD        ?C?FPCMP

  -------         MODULE        ?C?FPNEG
  C:0D88H         PUBLIC        ?C?FPNEG
  -------         ENDMOD        ?C?FPNEG

  -------         MODULE        ?C?FCAST
  C:0DA3H         PUBLIC        ?C?FCASTC
  C:0D9EH         PUBLIC        ?C?FCASTI
  C:0D99H         PUBLIC        ?C?FCASTL
  -------         ENDMOD        ?C?FCAST

  -------         MODULE        ?C?CASTF
  C:0DD7H         PUBLIC        ?C?CASTF
  -------         ENDMOD        ?C?CASTF

  -------         MODULE        ATAN2
  X:0404H         PUBLIC        ?_atan2?BYTE
  C:39C9H         PUBLIC        _atan2
  -------         ENDMOD        ATAN2

  -------         MODULE        SIN
  C:3193H         PUBLIC        _COS
  C:31A9H         PUBLIC        _SIN
  C:31E5H         PUBLIC        _TAN
  -------         ENDMOD        SIN

  -------         MODULE        ACOS
  C:3E28H         PUBLIC        _ACOS
  -------         ENDMOD        ACOS

  -------         MODULE        ASIN
  C:3F36H         PUBLIC        _ASIN
  -------         ENDMOD        ASIN
BL51 BANKED LINKER/LOCATER V6.22                                                      01/29/2019  12:53:51  PAGE 41



  -------         MODULE        SQRT
  C:3921H         PUBLIC        _SQRT
  -------         ENDMOD        SQRT

  -------         MODULE        ATAN
  C:3431H         PUBLIC        _ATAN
  -------         ENDMOD        ATAN

  -------         MODULE        ?C?COPY
  C:0F75H         PUBLIC        ?C?COPY
  -------         ENDMOD        ?C?COPY

  -------         MODULE        ?C?CLDPTR
  C:0F9BH         PUBLIC        ?C?CLDPTR
  -------         ENDMOD        ?C?CLDPTR

  -------         MODULE        ?C?CLDOPTR
  C:0FB4H         PUBLIC        ?C?CLDOPTR
  -------         ENDMOD        ?C?CLDOPTR

  -------         MODULE        ?C?CSTPTR
  C:0FE1H         PUBLIC        ?C?CSTPTR
  -------         ENDMOD        ?C?CSTPTR

  -------         MODULE        ?C?IMUL
  C:0FF3H         PUBLIC        ?C?IMUL
  -------         ENDMOD        ?C?IMUL

  -------         MODULE        ?C?UIDIV
  C:1005H         PUBLIC        ?C?UIDIV
  -------         ENDMOD        ?C?UIDIV

  -------         MODULE        ?C?SIDIV
  C:105AH         PUBLIC        ?C?SIDIV
  -------         ENDMOD        ?C?SIDIV

  -------         MODULE        ?C?ILDIX
  C:1090H         PUBLIC        ?C?ILDIX
  -------         ENDMOD        ?C?ILDIX

  -------         MODULE        ?C?ILDOPTR
  C:10A6H         PUBLIC        ?C?ILDOPTR
  -------         ENDMOD        ?C?ILDOPTR

  -------         MODULE        ?C?LMUL
  C:10DEH         PUBLIC        ?C?LMUL
  -------         ENDMOD        ?C?LMUL

  -------         MODULE        ?C?SLDIV
  C:3E72H         PUBLIC        ?C?SLDIV
  -------         ENDMOD        ?C?SLDIV

  -------         MODULE        ?C?LNEG
  C:112DH         PUBLIC        ?C?LNEG
  -------         ENDMOD        ?C?LNEG

BL51 BANKED LINKER/LOCATER V6.22                                                      01/29/2019  12:53:51  PAGE 42


  -------         MODULE        ?C?LLDPTR
  C:113BH         PUBLIC        ?C?LLDPTR
  -------         ENDMOD        ?C?LLDPTR

  -------         MODULE        ?C?LLDOPTR
  C:115BH         PUBLIC        ?C?LLDOPTR
  -------         ENDMOD        ?C?LLDOPTR

  -------         MODULE        ?C?LSTPTR
  C:118BH         PUBLIC        ?C?LSTPTR
  -------         ENDMOD        ?C?LSTPTR

  -------         MODULE        ?C?LSTOPTR
  C:11A5H         PUBLIC        ?C?LSTOPTR
  -------         ENDMOD        ?C?LSTOPTR

  -------         MODULE        ?C?LLDXDATA
  C:11C9H         PUBLIC        ?C?LLDXDATA
  -------         ENDMOD        ?C?LLDXDATA

  -------         MODULE        ?C?LLDCODE
  C:11D5H         PUBLIC        ?C?LLDCODE
  -------         ENDMOD        ?C?LLDCODE

  -------         MODULE        ?C?LLDXDATA0
  C:11E5H         PUBLIC        ?C?LLDXDATA0
  -------         ENDMOD        ?C?LLDXDATA0

  -------         MODULE        ?C?LLDCODE0
  C:11F1H         PUBLIC        ?C?LLDCODE0
  -------         ENDMOD        ?C?LLDCODE0

  -------         MODULE        ?C?LLDPTR0
  C:1201H         PUBLIC        ?C?LLDPTR0
  -------         ENDMOD        ?C?LLDPTR0

  -------         MODULE        ?C?LSTXDATA
  C:1221H         PUBLIC        ?C?LSTXDATA
  -------         ENDMOD        ?C?LSTXDATA

  -------         MODULE        ?C?LSTKXDATA
  C:122DH         PUBLIC        ?C?LSTKXDATA
  -------         ENDMOD        ?C?LSTKXDATA

  -------         MODULE        ?C?OFFXADD
  C:125EH         PUBLIC        ?C?OFFXADD
  -------         ENDMOD        ?C?OFFXADD

  -------         MODULE        ABS
  C:422BH         PUBLIC        _ABS
  -------         ENDMOD        ABS

  -------         MODULE        ATOI
  C:3617H         PUBLIC        _atoi
  -------         ENDMOD        ATOI

  -------         MODULE        ?C?IILDX
BL51 BANKED LINKER/LOCATER V6.22                                                      01/29/2019  12:53:51  PAGE 43


  C:126AH         PUBLIC        ?C?IILDX
  -------         ENDMOD        ?C?IILDX

  -------         MODULE        ?C?ULDIV
  C:12BCH         PUBLIC        ?C?ULDIV
  -------         ENDMOD        ?C?ULDIV

  -------         MODULE        ?C?LLDIDATA
  C:134EH         PUBLIC        ?C?LLDIDATA
  -------         ENDMOD        ?C?LLDIDATA

  -------         MODULE        ?C?LLDPDATA
  C:135AH         PUBLIC        ?C?LLDPDATA
  -------         ENDMOD        ?C?LLDPDATA

  -------         MODULE        ?C?LLDIDATA0
  C:1366H         PUBLIC        ?C?LLDIDATA0
  -------         ENDMOD        ?C?LLDIDATA0

  -------         MODULE        ?C?LLDPDATA0
  C:1373H         PUBLIC        ?C?LLDPDATA0
  -------         ENDMOD        ?C?LLDPDATA0

  -------         MODULE        ?C?LSTIDATA
  C:1380H         PUBLIC        ?C?LSTIDATA
  -------         ENDMOD        ?C?LSTIDATA

  -------         MODULE        ?C?LSTPDATA
  C:138CH         PUBLIC        ?C?LSTPDATA
  -------         ENDMOD        ?C?LSTPDATA

  -------         MODULE        ISDIGIT
  C:4203H         PUBLIC        _isdigit
  -------         ENDMOD        ISDIGIT

  -------         MODULE        ISSPACE
  C:419EH         PUBLIC        _isspace
  -------         ENDMOD        ISSPACE

*** WARNING L16: UNCALLED SEGMENT, IGNORED FOR OVERLAY PROCESS
    SEGMENT: ?PR?_DISPLAY_PROX?MAIN

*** WARNING L16: UNCALLED SEGMENT, IGNORED FOR OVERLAY PROCESS
    SEGMENT: ?PR?_DAY_OF_YEAR?PCF85063BTL

*** WARNING L16: UNCALLED SEGMENT, IGNORED FOR OVERLAY PROCESS
    SEGMENT: ?PR?INITUART1?UART1

*** WARNING L16: UNCALLED SEGMENT, IGNORED FOR OVERLAY PROCESS
    SEGMENT: ?PR?_SENDSTRING?UART1

*** WARNING L16: UNCALLED SEGMENT, IGNORED FOR OVERLAY PROCESS
    SEGMENT: ?PR?_TEN?UART1

*** WARNING L16: UNCALLED SEGMENT, IGNORED FOR OVERLAY PROCESS
    SEGMENT: ?PR?_UNIT?UART1

BL51 BANKED LINKER/LOCATER V6.22                                                      01/29/2019  12:53:51  PAGE 44


*** WARNING L16: UNCALLED SEGMENT, IGNORED FOR OVERLAY PROCESS
    SEGMENT: ?PR?_DECTOBCD?UART1

*** WARNING L16: UNCALLED SEGMENT, IGNORED FOR OVERLAY PROCESS
    SEGMENT: ?PR?_ASCII_LETTER?UART1

*** WARNING L16: UNCALLED SEGMENT, IGNORED FOR OVERLAY PROCESS
    SEGMENT: ?PR?_ASCIITOBCD?UART1

*** WARNING L16: UNCALLED SEGMENT, IGNORED FOR OVERLAY PROCESS
    SEGMENT: ?PR?WAIT?BIPOLARMOTOR

*** WARNING L16: UNCALLED SEGMENT, IGNORED FOR OVERLAY PROCESS
    SEGMENT: ?PR?_FINDDET4X4?BIPOLARMOTOR

*** WARNING L16: UNCALLED SEGMENT, IGNORED FOR OVERLAY PROCESS
    SEGMENT: ?PR?NOP?IOEXPANDER_PI4IOE5V96248

*** WARNING L16: UNCALLED SEGMENT, IGNORED FOR OVERLAY PROCESS
    SEGMENT: ?PR?UC_ACK?IOEXPANDER_PI4IOE5V96248

*** WARNING L16: UNCALLED SEGMENT, IGNORED FOR OVERLAY PROCESS
    SEGMENT: ?PR?UC_NACK?IOEXPANDER_PI4IOE5V96248

*** WARNING L1: UNRESOLVED EXTERNAL SYMBOL
    SYMBOL:  AUTO_MODE
    MODULE:  .\Obj\main.obj (MAIN)

*** WARNING L2: REFERENCE MADE TO UNRESOLVED EXTERNAL
    SYMBOL:  AUTO_MODE
    MODULE:  .\Obj\main.obj (MAIN)
    ADDRESS: 13B2H

*** WARNING L2: REFERENCE MADE TO UNRESOLVED EXTERNAL
    SYMBOL:  AUTO_MODE
    MODULE:  .\Obj\main.obj (MAIN)
    ADDRESS: 151DH

*** WARNING L2: REFERENCE MADE TO UNRESOLVED EXTERNAL
    SYMBOL:  AUTO_MODE
    MODULE:  .\Obj\main.obj (MAIN)
    ADDRESS: 152BH

*** WARNING L2: REFERENCE MADE TO UNRESOLVED EXTERNAL
    SYMBOL:  AUTO_MODE
    MODULE:  .\Obj\main.obj (MAIN)
    ADDRESS: 153DH

*** WARNING L2: REFERENCE MADE TO UNRESOLVED EXTERNAL
    SYMBOL:  AUTO_MODE
    MODULE:  .\Obj\main.obj (MAIN)
    ADDRESS: 157FH

*** WARNING L2: REFERENCE MADE TO UNRESOLVED EXTERNAL
    SYMBOL:  AUTO_MODE
    MODULE:  .\Obj\main.obj (MAIN)
    ADDRESS: 1652H
BL51 BANKED LINKER/LOCATER V6.22                                                      01/29/2019  12:53:51  PAGE 45



*** WARNING L1: UNRESOLVED EXTERNAL SYMBOL
    SYMBOL:  _SENDUART1
    MODULE:  .\Obj\UART1.obj (UART1)

*** WARNING L2: REFERENCE MADE TO UNRESOLVED EXTERNAL
    SYMBOL:  _SENDUART1
    MODULE:  .\Obj\UART1.obj (UART1)
    ADDRESS: 3F9FH

*** WARNING L1: UNRESOLVED EXTERNAL SYMBOL
    SYMBOL:  AUTO_MODE
    MODULE:  .\Obj\KeyPad.obj (KEYPAD)

*** WARNING L2: REFERENCE MADE TO UNRESOLVED EXTERNAL
    SYMBOL:  AUTO_MODE
    MODULE:  .\Obj\KeyPad.obj (KEYPAD)
    ADDRESS: 29E5H

*** WARNING L2: REFERENCE MADE TO UNRESOLVED EXTERNAL
    SYMBOL:  AUTO_MODE
    MODULE:  .\Obj\KeyPad.obj (KEYPAD)
    ADDRESS: 29F0H

*** WARNING L2: REFERENCE MADE TO UNRESOLVED EXTERNAL
    SYMBOL:  AUTO_MODE
    MODULE:  .\Obj\KeyPad.obj (KEYPAD)
    ADDRESS: 29F7H

Program Size: data=10.2 xdata=1375 code=16989
LINK/LOCATE RUN COMPLETE.  27 WARNING(S),  0 ERROR(S)
