BL51 BANKED LINKER/LOCATER V6.22                                                        02/25/2019  13:17:59  PAGE 1


BL51 BANKED LINKER/LOCATER V6.22, INVOKED BY:
C:\KEIL_V5\C51\BIN\BL51.EXE .\Obj\main.obj, .\Obj\PCF85063BTL.obj, .\Obj\UART1.obj, .\Obj\LCd_Driver_SPLC780D.obj, .\Obj
>> \KeyPad.obj, .\Obj\BipolarMotor.obj, .\Obj\SunPos.obj, .\Obj\ADC.obj, .\Obj\Calibration.obj, .\Obj\IOExpander_PI4IOE5
>> V96248.obj, .\Obj\AT25SF041.obj, .\Obj\STARTUP.obj TO .\Obj\GPIO_RTC_Test PRINT (.\Lis\GPIO_RTC_Test.m51) RAMSIZE (25
>> 6)


MEMORY MODEL: LARGE WITH FLOATING POINT ARITHMETIC


INPUT MODULES INCLUDED:
  .\Obj\main.obj (MAIN)
  .\Obj\PCF85063BTL.obj (PCF85063BTL)
  .\Obj\UART1.obj (UART1)
  .\Obj\LCd_Driver_SPLC780D.obj (LCD_DRIVER_SPLC780D)
  .\Obj\KeyPad.obj (KEYPAD)
  .\Obj\BipolarMotor.obj (BIPOLARMOTOR)
  .\Obj\SunPos.obj (SUNPOS)
  .\Obj\ADC.obj (ADC)
  .\Obj\Calibration.obj (CALIBRATION)
  .\Obj\IOExpander_PI4IOE5V96248.obj (IOEXPANDER_PI4IOE5V96248)
  .\Obj\AT25SF041.obj (AT25SF041)
  .\Obj\STARTUP.obj (?C_STARTUP)
  C:\KEIL_V5\C51\LIB\C51FPL.LIB (?C?FPADD)
  C:\KEIL_V5\C51\LIB\C51FPL.LIB (?C?FPMUL)
  C:\KEIL_V5\C51\LIB\C51FPL.LIB (?C?FPDIV)
  C:\KEIL_V5\C51\LIB\C51FPL.LIB (?C?FPCMP)
  C:\KEIL_V5\C51\LIB\C51FPL.LIB (?C?FPNEG)
  C:\KEIL_V5\C51\LIB\C51FPL.LIB (?C?FCAST)
  C:\KEIL_V5\C51\LIB\C51FPL.LIB (?C?CASTF)
  C:\KEIL_V5\C51\LIB\C51FPL.LIB (ATAN2)
  C:\KEIL_V5\C51\LIB\C51FPL.LIB (SIN)
  C:\KEIL_V5\C51\LIB\C51FPL.LIB (ACOS)
  C:\KEIL_V5\C51\LIB\C51FPL.LIB (ASIN)
  C:\KEIL_V5\C51\LIB\C51FPL.LIB (?C?FPGETOPN)
  C:\KEIL_V5\C51\LIB\C51FPL.LIB (?C?FPSERIES)
  C:\KEIL_V5\C51\LIB\C51FPL.LIB (SQRT)
  C:\KEIL_V5\C51\LIB\C51FPL.LIB (ATAN)
  C:\KEIL_V5\C51\LIB\C51L.LIB (?C_INIT)
  C:\KEIL_V5\C51\LIB\C51L.LIB (?C?COPY)
  C:\KEIL_V5\C51\LIB\C51L.LIB (?C?CLDPTR)
  C:\KEIL_V5\C51\LIB\C51L.LIB (?C?CLDOPTR)
  C:\KEIL_V5\C51\LIB\C51L.LIB (?C?CSTPTR)
  C:\KEIL_V5\C51\LIB\C51L.LIB (?C?IMUL)
  C:\KEIL_V5\C51\LIB\C51L.LIB (?C?UIDIV)
  C:\KEIL_V5\C51\LIB\C51L.LIB (?C?SIDIV)
  C:\KEIL_V5\C51\LIB\C51L.LIB (?C?ILDIX)
  C:\KEIL_V5\C51\LIB\C51L.LIB (?C?ILDOPTR)
  C:\KEIL_V5\C51\LIB\C51L.LIB (?C?ISTPTR)
  C:\KEIL_V5\C51\LIB\C51L.LIB (?C?LMUL)
  C:\KEIL_V5\C51\LIB\C51L.LIB (?C?SLDIV)
  C:\KEIL_V5\C51\LIB\C51L.LIB (?C?LNEG)
  C:\KEIL_V5\C51\LIB\C51L.LIB (?C?ULCMP)
  C:\KEIL_V5\C51\LIB\C51L.LIB (?C?LSHL)
  C:\KEIL_V5\C51\LIB\C51L.LIB (?C?LLDPTR)
  C:\KEIL_V5\C51\LIB\C51L.LIB (?C?LLDOPTR)
  C:\KEIL_V5\C51\LIB\C51L.LIB (?C?LSTPTR)
  C:\KEIL_V5\C51\LIB\C51L.LIB (?C?LSTOPTR)
BL51 BANKED LINKER/LOCATER V6.22                                                      02/25/2019  13:17:59  PAGE 2


  C:\KEIL_V5\C51\LIB\C51L.LIB (?C?LLDXDATA)
  C:\KEIL_V5\C51\LIB\C51L.LIB (?C?LLDCODE)
  C:\KEIL_V5\C51\LIB\C51L.LIB (?C?LLDXDATA0)
  C:\KEIL_V5\C51\LIB\C51L.LIB (?C?LLDCODE0)
  C:\KEIL_V5\C51\LIB\C51L.LIB (?C?LLDPTR0)
  C:\KEIL_V5\C51\LIB\C51L.LIB (?C?LSTXDATA)
  C:\KEIL_V5\C51\LIB\C51L.LIB (?C?LSTKXDATA)
  C:\KEIL_V5\C51\LIB\C51L.LIB (?C?LSTKPTR)
  C:\KEIL_V5\C51\LIB\C51L.LIB (?C?OFFXADD)
  C:\KEIL_V5\C51\LIB\C51L.LIB (ABS)
  C:\KEIL_V5\C51\LIB\C51L.LIB (ATOI)
  C:\KEIL_V5\C51\LIB\C51L.LIB (?C?IILDX)
  C:\KEIL_V5\C51\LIB\C51L.LIB (?C?ULDIV)
  C:\KEIL_V5\C51\LIB\C51L.LIB (?C?LLDIDATA)
  C:\KEIL_V5\C51\LIB\C51L.LIB (?C?LLDPDATA)
  C:\KEIL_V5\C51\LIB\C51L.LIB (?C?LLDIDATA0)
  C:\KEIL_V5\C51\LIB\C51L.LIB (?C?LLDPDATA0)
  C:\KEIL_V5\C51\LIB\C51L.LIB (?C?LSTIDATA)
  C:\KEIL_V5\C51\LIB\C51L.LIB (?C?LSTPDATA)
  C:\KEIL_V5\C51\LIB\C51L.LIB (?C?LSTKIDATA)
  C:\KEIL_V5\C51\LIB\C51L.LIB (?C?LSTKPDATA)
  C:\KEIL_V5\C51\LIB\C51L.LIB (ISDIGIT)
  C:\KEIL_V5\C51\LIB\C51L.LIB (ISSPACE)


LINK MAP OF MODULE:  .\Obj\GPIO_RTC_Test (MAIN)


            TYPE    BASE      LENGTH    RELOCATION   SEGMENT NAME
            -----------------------------------------------------

            * * * * * * *   D A T A   M E M O R Y   * * * * * * *
            REG     0000H     0008H     ABSOLUTE     "REG BANK 0"
                    0008H     0018H                  *** GAP ***
            BIT     0020H.0   0000H.5   UNIT         ?BI?KEYPAD
            BIT     0020H.5   0000H.3   UNIT         _BIT_GROUP_
            BIT     0021H.0   0000H.1   UNIT         ?BI?MAIN
            BIT     0021H.1   0000H.1   UNIT         ?BI?_ATOI?ATOI
                    0021H.2   0000H.6                *** GAP ***
            IDATA   0022H     0001H     UNIT         ?STACK

            * * * * * * *  X D A T A   M E M O R Y  * * * * * * *
            XDATA   0000H     038FH     UNIT         ?XD?BIPOLARMOTOR
            XDATA   038FH     014FH     UNIT         _XDATA_GROUP_
            XDATA   04DEH     00D8H     UNIT         ?XD?MAIN
            XDATA   05B6H     0040H     UNIT         ?XD?_FINDDET4X4?BIPOLARMOTOR
            XDATA   05F6H     0024H     UNIT         ?XD?_FINDDET3X3?BIPOLARMOTOR
            XDATA   061AH     000EH     UNIT         ?XD?SPI_NOR_WRITE_DATA?AT25SF041
            XDATA   0628H     0009H     UNIT         ?XD?KEYPAD
            XDATA   0631H     0008H     UNIT         ?XD?_AT25SF041_READ?AT25SF041
            XDATA   0639H     0005H     UNIT         ?XD?_ATOI?ATOI
            XDATA   063EH     0004H     UNIT         ?XD?_DISPLAY_PROX?MAIN
            XDATA   0642H     0003H     UNIT         ?XD?_SENDSTRING?UART1
            XDATA   0645H     0001H     UNIT         ?XD?UC_ACK?IOEXPANDER_PI4IOE5V96248
            XDATA   0646H     0001H     UNIT         ?XD?UC_NACK?IOEXPANDER_PI4IOE5V96248

            * * * * * * *   C O D E   M E M O R Y   * * * * * * *
BL51 BANKED LINKER/LOCATER V6.22                                                      02/25/2019  13:17:59  PAGE 3


            CODE    0000H     0003H     ABSOLUTE     
            CODE    0003H     0006H     UNIT         ?PR?_TEN?UART1
            CODE    0009H     0001H     UNIT         ?PR?TM0_ISR?MAIN
            CODE    000AH     0001H     UNIT         ?PR?_DECTOBCD?UART1
            CODE    000BH     0003H     ABSOLUTE     
            CODE    000EH     0B00H     UNIT         ?PR?_UPDATE_POSITION?BIPOLARMOTOR
            CODE    0B0EH     0A51H     UNIT         ?PR?MAIN?MAIN
            CODE    155FH     09B6H     UNIT         ?C?LIB_CODE
            CODE    1F15H     07A2H     UNIT         ?PR?SUNPOS?SUNPOS
            CODE    26B7H     03F9H     UNIT         ?C_INITSEG
            CODE    2AB0H     0309H     UNIT         ?PR?_FIND_REAL_MAX?CALIBRATION
            CODE    2DB9H     02C0H     UNIT         ?PR?_FINDDET4X4?BIPOLARMOTOR
            CODE    3079H     02A0H     UNIT         ?PR?KEY_PROCESS?KEYPAD
            CODE    3319H     01D1H     UNIT         ?PR?_FINDDET3X3?BIPOLARMOTOR
            CODE    34EAH     0196H     UNIT         ?PR?SPI_NOR_WRITE_DATA?AT25SF041
            CODE    3680H     018DH     UNIT         ?PR?KEY_SCAN?KEYPAD
            CODE    380DH     0188H     UNIT         ?PR?SIN?SIN
            CODE    3995H     0172H     UNIT         ?PR?_DISPLAY_POS?MAIN
            CODE    3B07H     015BH     UNIT         ?PR?_CALIBRATION?CALIBRATION
            CODE    3C62H     0122H     UNIT         ?PR?ATAN?ATAN
            CODE    3D84H     0106H     UNIT         ?PR?_AT25SF041_READ?AT25SF041
            CODE    3E8AH     00FBH     UNIT         ?PR?_AT25SF041_WRITE?AT25SF041
            CODE    3F85H     00DBH     UNIT         ?PR?_ATOI?ATOI
            CODE    4060H     00C3H     UNIT         ?PR?LINEAR_INTERPOLATE?BIPOLARMOTOR
            CODE    4123H     00BBH     UNIT         ?PR?VOLTAGE_IS_STABLE?CALIBRATION
            CODE    41DEH     00ADH     UNIT         ?PR?_WRITE_PI4IOE5V96248?IOEXPANDER_PI4IOE5V96248
            CODE    428BH     00ACH     UNIT         ?PR?SQRT?SQRT
            CODE    4337H     00A1H     UNIT         ?PR?READ_STATUS_REGISTER_BYTE1?AT25SF041
            CODE    43D8H     009DH     UNIT         ?PR?_ATAN2?ATAN2
            CODE    4475H     009CH     UNIT         ?PR?_MAX_VALUE?CALIBRATION
            CODE    4511H     0095H     UNIT         ?PR?_DISPLAY_PROX?MAIN
            CODE    45A6H     008CH     UNIT         ?C_C51STARTUP
            CODE    4632H     0084H     UNIT         ?PR?_DAY_OF_YEAR?PCF85063BTL
            CODE    46B6H     0075H     UNIT         ?PR?_WRITEDATA?LCD_DRIVER_SPLC780D
            CODE    472BH     006FH     UNIT         ?PR?_READ_TIME?PCF85063BTL
            CODE    479AH     006EH     UNIT         ?PR?AT25SF041_WRITEENABLE?AT25SF041
            CODE    4808H     005AH     UNIT         ?PR?AT25SF041_CHIPERASE?AT25SF041
            CODE    4862H     0059H     UNIT         ?PR?LCD_INIT?LCD_DRIVER_SPLC780D
            CODE    48BBH     004AH     UNIT         ?PR?VONESTEPMOVE?BIPOLARMOTOR
            CODE    4905H     004AH     UNIT         ?PR?ACOS?ACOS
            CODE    494FH     0044H     UNIT         ?C?LDIV
            CODE    4993H     0040H     UNIT         ?PR?_COMMAND?LCD_DRIVER_SPLC780D
            CODE    49D3H     0040H     UNIT         ?PR?_STEP_MOVE?BIPOLARMOTOR
            CODE    4A13H     003BH     UNIT         ?PR?ASIN?ASIN
            CODE    4A4EH     0033H     UNIT         ?PR?_SENDSTRING?UART1
            CODE    4A81H     002CH     UNIT         ?PR?_ADC_GETRESULT?ADC
            CODE    4AADH     002BH     UNIT         ?PR?_WAIT_MS_I2C?IOEXPANDER_PI4IOE5V96248
            CODE    4AD8H     002BH     UNIT         ?PR?_WAIT_MS_SPINOR?AT25SF041
            CODE    4B03H     0028H     UNIT         ?PR?_MOVE?BIPOLARMOTOR
            CODE    4B2BH     0027H     UNIT         ?PR?_I2C_SENDBYTE?IOEXPANDER_PI4IOE5V96248
            CODE    4B52H     0024H     UNIT         ?PR?_WAIT_MS?LCD_DRIVER_SPLC780D
            CODE    4B76H     0020H     UNIT         ?PR?_SPI_SENDBYTE?PCF85063BTL
            CODE    4B96H     0020H     UNIT         ?PR?SPI_RECEIVEBYTE?PCF85063BTL
            CODE    4BB6H     001FH     UNIT         ?PR?ADC_INIT?ADC
            CODE    4BD5H     001EH     UNIT         ?PR?_DELAY_MS?KEYPAD
            CODE    4BF3H     001DH     UNIT         ?PR?_DISPLAYLCD?LCD_DRIVER_SPLC780D
            CODE    4C10H     001BH     UNIT         ?PR?_BCDTODEC1?BIPOLARMOTOR
BL51 BANKED LINKER/LOCATER V6.22                                                      02/25/2019  13:17:59  PAGE 4


            CODE    4C2BH     0018H     UNIT         ?PR?_SPI_WRITETIME?PCF85063BTL
            CODE    4C43H     0017H     UNIT         ?PR?_ASCIITOBCD?UART1
            CODE    4C5AH     0016H     UNIT         ?PR?I2C_ACK?IOEXPANDER_PI4IOE5V96248
            CODE    4C70H     0015H     UNIT         ?PR?_DISPLAY_LINE?LCD_DRIVER_SPLC780D
            CODE    4C85H     0015H     UNIT         ?PR?I2C_STOP?IOEXPANDER_PI4IOE5V96248
            CODE    4C9AH     0014H     UNIT         ?PR?_PCF85063BTL_DELAY?PCF85063BTL
            CODE    4CAEH     0014H     UNIT         ?PR?_ISSPACE?ISSPACE
            CODE    4CC2H     0011H     UNIT         ?PR?_SPI_READTIME?PCF85063BTL
            CODE    4CD3H     0011H     UNIT         ?PR?_BCDTODEC?PCF85063BTL
            CODE    4CE4H     0011H     UNIT         ?PR?INITUART1?UART1
            CODE    4CF5H     000FH     UNIT         ?PR?I2C_START?IOEXPANDER_PI4IOE5V96248
            CODE    4D04H     000FH     UNIT         ?PR?UC_NACK?IOEXPANDER_PI4IOE5V96248
            CODE    4D13H     000FH     UNIT         ?PR?_ISDIGIT?ISDIGIT
            CODE    4D22H     000DH     UNIT         ?PR?SPI_INIT?PCF85063BTL
            CODE    4D2FH     000CH     UNIT         ?PR?KEYPAD_IO_INIT?KEYPAD
            CODE    4D3BH     000CH     UNIT         ?PR?_ABS?ABS
            CODE    4D47H     000AH     UNIT         ?PR?LCD_RETURN_HOME?LCD_DRIVER_SPLC780D
            CODE    4D51H     000AH     UNIT         ?PR?LCD_CLEAR?LCD_DRIVER_SPLC780D
            CODE    4D5BH     0006H     UNIT         ?PR?UC_ACK?IOEXPANDER_PI4IOE5V96248
            CODE    4D61H     0005H     UNIT         ?PR?_UNIT?UART1
            CODE    4D66H     0005H     UNIT         ?PR?_ASCII_LETTER?UART1
            CODE    4D6BH     0001H     UNIT         ?PR?WAIT?BIPOLARMOTOR
            CODE    4D6CH     0001H     UNIT         ?PR?NOP?IOEXPANDER_PI4IOE5V96248



OVERLAY MAP OF MODULE:   .\Obj\GPIO_RTC_Test (MAIN)


SEGMENT                                             BIT_GROUP          XDATA_GROUP
  +--> CALLED SEGMENT                            START    LENGTH     START    LENGTH
------------------------------------------------------------------------------------
?C_C51STARTUP                                    -----    -----      -----    -----
  +--> ?PR?MAIN?MAIN
  +--> ?C_INITSEG

?PR?MAIN?MAIN                                    -----    -----      038FH    002CH
  +--> ?PR?AT25SF041_WRITEENABLE?AT25SF041
  +--> ?PR?AT25SF041_CHIPERASE?AT25SF041
  +--> ?PR?_WAIT_MS_SPINOR?AT25SF041
  +--> ?PR?LCD_INIT?LCD_DRIVER_SPLC780D
  +--> ?PR?SPI_INIT?PCF85063BTL
  +--> ?PR?KEYPAD_IO_INIT?KEYPAD
  +--> ?PR?ADC_INIT?ADC
  +--> ?PR?_SPI_WRITETIME?PCF85063BTL
  +--> ?PR?_DELAY_MS?KEYPAD
  +--> ?PR?_DISPLAY_LINE?LCD_DRIVER_SPLC780D
  +--> ?PR?_WRITEDATA?LCD_DRIVER_SPLC780D
  +--> ?PR?_AT25SF041_WRITE?AT25SF041
  +--> ?PR?KEY_PROCESS?KEYPAD
  +--> ?PR?_COMMAND?LCD_DRIVER_SPLC780D
  +--> ?PR?_DISPLAY_POS?MAIN
  +--> ?PR?_DISPLAYLCD?LCD_DRIVER_SPLC780D
  +--> ?PR?_STEP_MOVE?BIPOLARMOTOR
  +--> ?PR?LCD_RETURN_HOME?LCD_DRIVER_SPLC780D
  +--> ?PR?_READ_TIME?PCF85063BTL
  +--> ?PR?_ADC_GETRESULT?ADC
BL51 BANKED LINKER/LOCATER V6.22                                                      02/25/2019  13:17:59  PAGE 5


  +--> ?PR?_BCDTODEC1?BIPOLARMOTOR
  +--> ?PR?_CALIBRATION?CALIBRATION
  +--> ?PR?LINEAR_INTERPOLATE?BIPOLARMOTOR
  +--> ?PR?_UPDATE_POSITION?BIPOLARMOTOR

?PR?AT25SF041_WRITEENABLE?AT25SF041              -----    -----      03BBH    0002H
  +--> ?PR?_WAIT_MS_SPINOR?AT25SF041

?PR?AT25SF041_CHIPERASE?AT25SF041                -----    -----      03BBH    0002H
  +--> ?PR?_WAIT_MS_SPINOR?AT25SF041
  +--> ?PR?READ_STATUS_REGISTER_BYTE1?AT25SF041

?PR?READ_STATUS_REGISTER_BYTE1?AT25SF041         -----    -----      03BDH    0003H
  +--> ?PR?_WAIT_MS_SPINOR?AT25SF041

?PR?LCD_INIT?LCD_DRIVER_SPLC780D                 -----    -----      -----    -----
  +--> ?PR?_WAIT_MS?LCD_DRIVER_SPLC780D
  +--> ?PR?_COMMAND?LCD_DRIVER_SPLC780D

?PR?_COMMAND?LCD_DRIVER_SPLC780D                 -----    -----      -----    -----
  +--> ?PR?_WAIT_MS?LCD_DRIVER_SPLC780D

?PR?ADC_INIT?ADC                                 -----    -----      -----    -----
  +--> ?PR?_WAIT_MS?LCD_DRIVER_SPLC780D

?PR?_SPI_WRITETIME?PCF85063BTL                   -----    -----      -----    -----
  +--> ?PR?_SPI_SENDBYTE?PCF85063BTL

?PR?_SPI_SENDBYTE?PCF85063BTL                    -----    -----      -----    -----
  +--> ?PR?_PCF85063BTL_DELAY?PCF85063BTL

?PR?_DISPLAY_LINE?LCD_DRIVER_SPLC780D            -----    -----      -----    -----
  +--> ?PR?_COMMAND?LCD_DRIVER_SPLC780D

?PR?_WRITEDATA?LCD_DRIVER_SPLC780D               -----    -----      046AH    0001H
  +--> ?PR?_WAIT_MS?LCD_DRIVER_SPLC780D

?PR?_AT25SF041_WRITE?AT25SF041                   -----    -----      03BBH    0008H
  +--> ?PR?_WAIT_MS_SPINOR?AT25SF041

?PR?KEY_PROCESS?KEYPAD                           -----    -----      03BBH    0006H
  +--> ?PR?KEY_SCAN?KEYPAD
  +--> ?PR?_SPI_WRITETIME?PCF85063BTL
  +--> ?PR?LCD_CLEAR?LCD_DRIVER_SPLC780D
  +--> ?PR?_COMMAND?LCD_DRIVER_SPLC780D
  +--> ?PR?_WRITEDATA?LCD_DRIVER_SPLC780D

?PR?KEY_SCAN?KEYPAD                              -----    -----      03C1H    0003H

?PR?LCD_CLEAR?LCD_DRIVER_SPLC780D                -----    -----      -----    -----
  +--> ?PR?_COMMAND?LCD_DRIVER_SPLC780D

?PR?_DISPLAY_POS?MAIN                            -----    -----      0460H    000AH
  +--> ?PR?_ABS?ABS
  +--> ?PR?_WRITEDATA?LCD_DRIVER_SPLC780D

?PR?_DISPLAYLCD?LCD_DRIVER_SPLC780D              -----    -----      03BBH    0001H
BL51 BANKED LINKER/LOCATER V6.22                                                      02/25/2019  13:17:59  PAGE 6


  +--> ?PR?_WRITEDATA?LCD_DRIVER_SPLC780D

?PR?_STEP_MOVE?BIPOLARMOTOR                      0020H.6  0000H.1    0479H    0004H
  +--> ?PR?VONESTEPMOVE?BIPOLARMOTOR

?PR?VONESTEPMOVE?BIPOLARMOTOR                    0020H.7  0000H.1    -----    -----
  +--> ?PR?_WRITE_PI4IOE5V96248?IOEXPANDER_P...
  +--> ?PR?_DELAY_MS?KEYPAD

?PR?_WRITE_PI4IOE5V96248?IOEXPANDER_P...         -----    -----      047DH    0003H
  +--> ?PR?I2C_START?IOEXPANDER_PI4IOE5V96248
  +--> ?PR?_WAIT_MS_I2C?IOEXPANDER_PI4IOE5V9...
  +--> ?PR?_I2C_SENDBYTE?IOEXPANDER_PI4IOE5V...
  +--> ?PR?I2C_ACK?IOEXPANDER_PI4IOE5V96248
  +--> ?PR?I2C_STOP?IOEXPANDER_PI4IOE5V96248

?PR?I2C_START?IOEXPANDER_PI4IOE5V96248           -----    -----      -----    -----
  +--> ?PR?_WAIT_MS_I2C?IOEXPANDER_PI4IOE5V9...

?PR?_I2C_SENDBYTE?IOEXPANDER_PI4IOE5V...         -----    -----      -----    -----
  +--> ?PR?_WAIT_MS_I2C?IOEXPANDER_PI4IOE5V9...

?PR?I2C_ACK?IOEXPANDER_PI4IOE5V96248             -----    -----      0480H    0001H
  +--> ?PR?_WAIT_MS_I2C?IOEXPANDER_PI4IOE5V9...

?PR?I2C_STOP?IOEXPANDER_PI4IOE5V96248            -----    -----      -----    -----
  +--> ?PR?_WAIT_MS_I2C?IOEXPANDER_PI4IOE5V9...

?PR?LCD_RETURN_HOME?LCD_DRIVER_SPLC780D          -----    -----      -----    -----
  +--> ?PR?_COMMAND?LCD_DRIVER_SPLC780D

?PR?_READ_TIME?PCF85063BTL                       -----    -----      03BBH    000FH
  +--> ?PR?_SPI_READTIME?PCF85063BTL

?PR?_SPI_READTIME?PCF85063BTL                    -----    -----      -----    -----
  +--> ?PR?_SPI_SENDBYTE?PCF85063BTL
  +--> ?PR?SPI_RECEIVEBYTE?PCF85063BTL

?PR?SPI_RECEIVEBYTE?PCF85063BTL                  -----    -----      -----    -----
  +--> ?PR?_PCF85063BTL_DELAY?PCF85063BTL

?PR?_CALIBRATION?CALIBRATION                     -----    -----      03BBH    001BH
  +--> ?PR?VOLTAGE_IS_STABLE?CALIBRATION
  +--> ?PR?_UPDATE_POSITION?BIPOLARMOTOR
  +--> ?PR?_FIND_REAL_MAX?CALIBRATION

?PR?VOLTAGE_IS_STABLE?CALIBRATION                -----    -----      03D6H    0018H
  +--> ?PR?_ADC_GETRESULT?ADC
  +--> ?PR?_ABS?ABS

?PR?_UPDATE_POSITION?BIPOLARMOTOR                -----    -----      03D6H    009FH
  +--> ?PR?_BCDTODEC1?BIPOLARMOTOR
  +--> ?PR?SUNPOS?SUNPOS
  +--> ?PR?SIN?SIN
  +--> ?PR?ASIN?ASIN
  +--> ?PR?LINEAR_INTERPOLATE?BIPOLARMOTOR
  +--> ?PR?_ABS?ABS
BL51 BANKED LINKER/LOCATER V6.22                                                      02/25/2019  13:17:59  PAGE 7


  +--> ?PR?_MOVE?BIPOLARMOTOR

?PR?SUNPOS?SUNPOS                                -----    -----      0475H    005DH
  +--> ?PR?SIN?SIN
  +--> ?PR?_ATAN2?ATAN2
  +--> ?PR?ASIN?ASIN
  +--> ?PR?ACOS?ACOS

?PR?SIN?SIN                                      0020H.5  0000H.1    04D2H    0004H

?PR?_ATAN2?ATAN2                                 -----    -----      04D2H    0008H
  +--> ?PR?ATAN?ATAN

?PR?ATAN?ATAN                                    0020H.5  0000H.2    04DAH    0004H

?PR?ASIN?ASIN                                    -----    -----      -----    -----
  +--> ?PR?SQRT?SQRT
  +--> ?PR?ATAN?ATAN

?PR?SQRT?SQRT                                    -----    -----      04D2H    0004H

?PR?ACOS?ACOS                                    -----    -----      -----    -----
  +--> ?PR?SQRT?SQRT
  +--> ?PR?ATAN?ATAN

?PR?LINEAR_INTERPOLATE?BIPOLARMOTOR              -----    -----      0475H    0014H

?PR?_MOVE?BIPOLARMOTOR                           0020H.5  0000H.1    0475H    0004H
  +--> ?PR?_STEP_MOVE?BIPOLARMOTOR

?PR?_FIND_REAL_MAX?CALIBRATION                   -----    -----      03D6H    008AH
  +--> ?PR?_ADC_GETRESULT?ADC
  +--> ?PR?_MOVE?BIPOLARMOTOR
  +--> ?PR?_COMMAND?LCD_DRIVER_SPLC780D
  +--> ?PR?_WRITEDATA?LCD_DRIVER_SPLC780D
  +--> ?PR?_DISPLAY_POS?MAIN
  +--> ?PR?_WAIT_MS?LCD_DRIVER_SPLC780D
  +--> ?PR?_MAX_VALUE?CALIBRATION

?PR?_MAX_VALUE?CALIBRATION                       -----    -----      0460H    0004H



UNRESOLVED EXTERNAL SYMBOLS:
   AUTO_MODE
   _SENDUART1



SYMBOL TABLE OF MODULE:  .\Obj\GPIO_RTC_Test (MAIN)

  VALUE           TYPE          NAME
  ----------------------------------

  -------         MODULE        MAIN
  C:0000H         SYMBOL        _ICE_DUMMY_
  X:04E6H         PUBLIC        calib_value
BL51 BANKED LINKER/LOCATER V6.22                                                      02/25/2019  13:17:59  PAGE 8


  D:0080H         PUBLIC        P0
  D:00B2H         PUBLIC        P3M0
  D:0090H         PUBLIC        P1
  D:00B1H         PUBLIC        P3M1
  D:00A0H         PUBLIC        P2
  D:00B0H         PUBLIC        P3
  D:00C0H         PUBLIC        P4
  D:00C8H         PUBLIC        P5
  X:053AH         SYMBOL        PressedKey
  B:00A8H.7       PUBLIC        EA
  D:00E8H         PUBLIC        P6
  X:053EH         PUBLIC        calib_stamp
  D:00F8H         PUBLIC        P7
  X:053FH         PUBLIC        RX_Data_Uart_Cnt
  D:00A8H         PUBLIC        IE
  X:0541H         PUBLIC        calib_time
  D:00B8H         PUBLIC        IP
  X:0595H         PUBLIC        months
  D:00D8H         PUBLIC        CCON
  C:0B0EH         PUBLIC        main
  X:0596H         PUBLIC        count
  X:0598H         PUBLIC        days
  X:0599H         PUBLIC        hours
  D:0098H         PUBLIC        SCON
  D:0089H         PUBLIC        TMOD
  D:0088H         PUBLIC        TCON
  B:00A0H.3       PUBLIC        P23
  X:059AH         SYMBOL        KeyCount
  X:059CH         PUBLIC        mins
  X:059DH         PUBLIC        Rec_data_hour
  B:00C8H.5       PUBLIC        P55
  X:05A0H         PUBLIC        Rec_data_min
  D:008EH         PUBLIC        AUXR
  C:0009H         PUBLIC        tm0_isr
  B:0021H.0       PUBLIC        busy
  B:00A8H.1       PUBLIC        ET0
  X:05A3H         PUBLIC        SPI_NOR_INTERNAL_FLASH_ADDR
  D:008CH         PUBLIC        TH0
  X:05A7H         PUBLIC        hour_count
  D:008AH         PUBLIC        TL0
  X:05A8H         PUBLIC        min_count
  B:0088H.4       PUBLIC        TR0
  X:05A9H         SYMBOL        KeyNum
  X:05AAH         SYMBOL        KeyNum_Old
  X:05ABH         PUBLIC        current_position
  X:05AFH         PUBLIC        hours1
  X:05B0H         PUBLIC        hours2
  C:4511H         PUBLIC        _Display_Prox
  X:05B1H         PUBLIC        mins1
  X:05B2H         PUBLIC        mins2
  C:3995H         PUBLIC        _Display_Pos
  X:05B3H         PUBLIC        seconds
  X:05B4H         PUBLIC        st_time
  D:00D0H         PUBLIC        PSW
  -------         PROC          TM0_ISR
  C:0009H         LINE#         86
  C:0009H         LINE#         88
BL51 BANKED LINKER/LOCATER V6.22                                                      02/25/2019  13:17:59  PAGE 9


  -------         ENDPROC       TM0_ISR
  -------         PROC          MAIN
  -------         DO            
  X:038FH         SYMBOL        sunlight_ADC
  X:04DEH         SYMBOL        KeyCount
  X:04E0H         SYMBOL        KeyNum_Old
  X:04E1H         SYMBOL        KeyNum
  X:04E2H         SYMBOL        PressedKey
  X:0391H         SYMBOL        prox_flag
  X:0392H         SYMBOL        iUse_prevday_calib_value
  X:0394H         SYMBOL        max_ADC_Val_JP
  X:0396H         SYMBOL        max_ADC_Val
  X:0398H         SYMBOL        calib_point1
  X:03A0H         SYMBOL        calib_point2
  X:03A8H         SYMBOL        dat_to_store
  X:03B3H         SYMBOL        calib_day
  X:03B5H         SYMBOL        calib_count
  X:03B7H         SYMBOL        theorical_JP_max_pos
  -------         ENDDO         
  C:0B0EH         LINE#         90
  C:0B0EH         LINE#         91
  C:0B0EH         LINE#         96
  C:0B14H         LINE#         97
  C:0B19H         LINE#         99
  C:0B21H         LINE#         103
  C:0B27H         LINE#         104
  C:0B31H         LINE#         108
  C:0B33H         LINE#         109
  C:0B35H         LINE#         110
  C:0B37H         LINE#         111
  C:0B39H         LINE#         113
  C:0B40H         LINE#         122
  C:0B40H         LINE#         123
  C:0B43H         LINE#         125
  C:0B46H         LINE#         126
  C:0B4DH         LINE#         127
  C:0B4DH         LINE#         128
  C:0B50H         LINE#         129
  C:0B53H         LINE#         130
  C:0B56H         LINE#         131
  C:0B59H         LINE#         132
  C:0B5CH         LINE#         133
  C:0B5FH         LINE#         136
  C:0B62H         LINE#         138
  C:0B65H         LINE#         139
  C:0B68H         LINE#         140
  C:0B6BH         LINE#         141
  C:0B6DH         LINE#         142
  C:0B6FH         LINE#         143
  C:0B71H         LINE#         145
  C:0B73H         LINE#         146
  C:0B7AH         LINE#         147
  C:0B81H         LINE#         148
  C:0B88H         LINE#         149
  C:0B8FH         LINE#         153
  C:0B96H         LINE#         154
  C:0B9BH         LINE#         155
BL51 BANKED LINKER/LOCATER V6.22                                                      02/25/2019  13:17:59  PAGE 10


  C:0BA0H         LINE#         156
  C:0BA5H         LINE#         157
  C:0BAAH         LINE#         158
  C:0BAFH         LINE#         161
  C:0BC8H         LINE#         162
  C:0BC8H         LINE#         163
  C:0BE4H         LINE#         164
  C:0C2BH         LINE#         165
  C:0C3CH         LINE#         168
  C:0C3FH         LINE#         170
  C:0C54H         LINE#         172
  C:0C5BH         LINE#         173
  C:0C5EH         LINE#         175
  C:0C73H         LINE#         176
  C:0C7AH         LINE#         179
  C:0C7DH         LINE#         181
  C:0C92H         LINE#         182
  C:0C99H         LINE#         184
  C:0C9CH         LINE#         186
  C:0CB1H         LINE#         187
  C:0CB8H         LINE#         189
  C:0CBBH         LINE#         191
  C:0CD0H         LINE#         192
  C:0CD7H         LINE#         194
  C:0CDAH         LINE#         196
  C:0CEFH         LINE#         197
  C:0CF6H         LINE#         199
  C:0CF9H         LINE#         201
  C:0D0EH         LINE#         202
  C:0D15H         LINE#         204
  C:0D18H         LINE#         206
  C:0D2DH         LINE#         207
  C:0D34H         LINE#         209
  C:0D37H         LINE#         211
  C:0D4CH         LINE#         212
  C:0D53H         LINE#         214
  C:0D56H         LINE#         216
  C:0D6BH         LINE#         217
  C:0D72H         LINE#         219
  C:0D75H         LINE#         221
  C:0D8AH         LINE#         222
  C:0D91H         LINE#         226
  C:0D91H         LINE#         227
  C:0D91H         LINE#         228
  C:0D94H         LINE#         231
  C:0D94H         LINE#         234
  C:0D99H         LINE#         235
  C:0D9EH         LINE#         237
  C:0DA3H         LINE#         238
  C:0DA8H         LINE#         239
  C:0DADH         LINE#         240
  C:0DB2H         LINE#         242
  C:0DC3H         LINE#         243
  C:0DC8H         LINE#         244
  C:0DCDH         LINE#         246
  C:0DD4H         LINE#         247
  C:0DDCH         LINE#         248
BL51 BANKED LINKER/LOCATER V6.22                                                      02/25/2019  13:17:59  PAGE 11


  C:0DE1H         LINE#         249
  C:0DE9H         LINE#         250
  C:0DEEH         LINE#         251
  C:0DF8H         LINE#         252
  C:0DFDH         LINE#         253
  C:0E05H         LINE#         255
  C:0E0DH         LINE#         256
  C:0E12H         LINE#         257
  C:0E1CH         LINE#         258
  C:0E1CH         LINE#         259
  C:0E1EH         LINE#         260
  C:0E20H         LINE#         261
  C:0E2AH         LINE#         262
  C:0E2AH         LINE#         263
  C:0E2FH         LINE#         264
  C:0E2FH         LINE#         276
  C:0E3CH         LINE#         277
  C:0E3CH         LINE#         278
  C:0E46H         LINE#         279
  C:0E5DH         LINE#         280
  C:0E5DH         LINE#         281
  C:0E5FH         LINE#         282
  C:0E61H         LINE#         284
  C:0E61H         LINE#         285
  C:0E6CH         LINE#         286
  C:0E6CH         LINE#         287
  C:0E71H         LINE#         288
  C:0E71H         LINE#         289
  C:0E7EH         LINE#         290
  C:0E7EH         LINE#         293
  C:0E88H         LINE#         294
  C:0E9FH         LINE#         295
  C:0E9FH         LINE#         296
  C:0EA1H         LINE#         297
  C:0EA3H         LINE#         299
  C:0EA3H         LINE#         300
  C:0EAEH         LINE#         301
  C:0EAEH         LINE#         302
  C:0EB3H         LINE#         303
  C:0EB5H         LINE#         304
  C:0EB5H         LINE#         313
  C:0ED7H         LINE#         314
  C:0ED7H         LINE#         315
  C:0EE1H         LINE#         316
  C:0EE7H         LINE#         317
  C:0EE9H         LINE#         318
  C:0EEBH         LINE#         319
  C:0EEDH         LINE#         320
  C:0EEDH         LINE#         321
  C:0EF0H         LINE#         323
  C:0EF0H         LINE#         324
  C:0EF6H         LINE#         325
  C:0EFEH         LINE#         326
  C:0F04H         LINE#         327
  C:0F0CH         LINE#         328
  C:0F47H         LINE#         332
  C:0F54H         LINE#         333
BL51 BANKED LINKER/LOCATER V6.22                                                      02/25/2019  13:17:59  PAGE 12


  C:0F54H         LINE#         334
  C:0F61H         LINE#         335
  C:0F94H         LINE#         336
  C:0FA1H         LINE#         337
  C:0FA1H         LINE#         339
  C:0FD0H         LINE#         340
  C:0FD0H         LINE#         341
  C:0FF2H         LINE#         342
  C:0FF2H         LINE#         343
  C:106EH         LINE#         344
  C:10ECH         LINE#         437
  C:10F3H         LINE#         441
  C:10F6H         LINE#         442
  C:1107H         LINE#         443
  C:1107H         LINE#         444
  C:1107H         LINE#         446
  C:1107H         LINE#         449
  C:110AH         LINE#         451
  C:110AH         LINE#         452
  C:112CH         LINE#         453
  C:112CH         LINE#         454
  C:11A8H         LINE#         455
  C:11FDH         LINE#         456
  C:11FDH         LINE#         457
  C:11FDH         LINE#         458
  C:1200H         LINE#         462
  C:1200H         LINE#         465
  C:1234H         LINE#         466
  C:1234H         LINE#         467
  C:1256H         LINE#         468
  C:1256H         LINE#         469
  C:12D2H         LINE#         470
  C:1350H         LINE#         490
  C:1353H         LINE#         491
  C:1364H         LINE#         492
  C:1364H         LINE#         493
  C:136CH         LINE#         495
  C:136CH         LINE#         498
  C:136FH         LINE#         500
  C:136FH         LINE#         502
  C:1391H         LINE#         503
  C:1391H         LINE#         504
  C:140DH         LINE#         506
  C:143AH         LINE#         507
  C:1455H         LINE#         508
  C:1482H         LINE#         509
  C:149DH         LINE#         511
  C:1539H         LINE#         514
  C:1539H         LINE#         515
  C:1539H         LINE#         516
  C:1539H         LINE#         518
  C:1539H         LINE#         521
  C:1555H         LINE#         522
  C:155AH         LINE#         524
  C:155CH         LINE#         525
  -------         ENDPROC       MAIN
  -------         PROC          _DISPLAY_PROX
BL51 BANKED LINKER/LOCATER V6.22                                                      02/25/2019  13:17:59  PAGE 13


  D:0002H         SYMBOL        dat
  -------         DO            
  X:063EH         SYMBOL        unit
  X:063FH         SYMBOL        ten
  X:0640H         SYMBOL        hundred
  X:0641H         SYMBOL        thousand
  -------         ENDDO         
  C:4511H         LINE#         609
  C:4515H         LINE#         610
  C:4515H         LINE#         612
  C:4521H         LINE#         613
  C:4531H         LINE#         614
  C:454DH         LINE#         615
  C:457DH         LINE#         616
  C:4587H         LINE#         617
  C:4591H         LINE#         618
  C:459BH         LINE#         619
  C:45A5H         LINE#         621
  -------         ENDPROC       _DISPLAY_PROX
  -------         PROC          _DISPLAY_POS
  X:0460H         SYMBOL        sign_dat
  -------         DO            
  X:0464H         SYMBOL        unit
  X:0465H         SYMBOL        ten
  X:0466H         SYMBOL        hundred
  D:0003H         SYMBOL        thousand
  X:0467H         SYMBOL        after_dot
  X:0468H         SYMBOL        dat
  -------         ENDDO         
  C:3995H         LINE#         624
  C:399BH         LINE#         625
  C:399BH         LINE#         629
  C:39B7H         LINE#         630
  C:39D1H         LINE#         631
  C:39F5H         LINE#         633
  C:3A3FH         LINE#         635
  C:3A56H         LINE#         636
  C:3A63H         LINE#         637
  C:3A85H         LINE#         638
  C:3ABAH         LINE#         639
  C:3AD2H         LINE#         640
  C:3AD2H         LINE#         642
  C:3AD2H         LINE#         643
  C:3AD2H         LINE#         644
  C:3AD2H         LINE#         645
  C:3AD2H         LINE#         646
  C:3AD2H         LINE#         650
  C:3AD4H         LINE#         652
  C:3AD4H         LINE#         654
  C:3AD9H         LINE#         655
  C:3AE3H         LINE#         656
  C:3AEDH         LINE#         657
  C:3AF7H         LINE#         658
  C:3AFCH         LINE#         659
  C:3B06H         LINE#         663
  C:3B06H         LINE#         665
  -------         ENDPROC       _DISPLAY_POS
BL51 BANKED LINKER/LOCATER V6.22                                                      02/25/2019  13:17:59  PAGE 14


  -------         ENDMOD        MAIN

  -------         MODULE        PCF85063BTL
  C:0000H         SYMBOL        _ICE_DUMMY_
  D:0096H         PUBLIC        P2M0
  D:0080H         PUBLIC        P0
  D:0095H         PUBLIC        P2M1
  D:0090H         PUBLIC        P1
  D:00A0H         PUBLIC        P2
  D:00B0H         PUBLIC        P3
  D:00C0H         PUBLIC        P4
  D:00C8H         PUBLIC        P5
  D:00E8H         PUBLIC        P6
  B:00A0H.1       PUBLIC        PCF85063BTL_SDI
  D:00F8H         PUBLIC        P7
  B:00A0H.2       PUBLIC        PCF85063BTL_SCK
  B:00A0H.1       PUBLIC        PCF85063BTL_SDO
  D:00A8H         PUBLIC        IE
  C:472BH         PUBLIC        _Read_time
  C:4CA0H         PUBLIC        _PCF85063BTL_Delay
  D:00B8H         PUBLIC        IP
  D:00D8H         PUBLIC        CCON
  C:4632H         PUBLIC        _Day_Of_Year
  C:4B96H         PUBLIC        SPI_ReceiveByte
  D:0098H         PUBLIC        SCON
  D:0088H         PUBLIC        TCON
  C:4CD3H         PUBLIC        _BCDtoDec
  B:00A0H.0       PUBLIC        PCF85063BTL_CS
  C:4CC2H         PUBLIC        _SPI_ReadTime
  C:4D22H         PUBLIC        SPI_Init
  C:4C2BH         PUBLIC        _SPI_WriteTime
  C:4B76H         PUBLIC        _SPI_SendByte
  D:00D0H         PUBLIC        PSW
  C:4C9CH         SYMBOL        L?0047
  -------         PROC          L?0046
  -------         ENDPROC       L?0046
  C:4C9CH         SYMBOL        L?0047
  -------         PROC          _PCF85063BTL_DELAY
  D:0006H         SYMBOL        us
  C:4CA0H         LINE#         8
  C:4CA0H         LINE#         9
  C:4CA0H         LINE#         10
  C:4CAAH         LINE#         11
  C:4CAAH         LINE#         12
  C:4CABH         LINE#         13
  C:4CADH         LINE#         14
  -------         ENDPROC       _PCF85063BTL_DELAY
  -------         PROC          _SPI_SENDBYTE
  D:0005H         SYMBOL        dat
  -------         DO            
  D:0003H         SYMBOL        i
  -------         ENDDO         
  C:4B76H         LINE#         17
  C:4B78H         LINE#         18
  C:4B78H         LINE#         20
  C:4B7AH         LINE#         21
  C:4B7AH         LINE#         22
BL51 BANKED LINKER/LOCATER V6.22                                                      02/25/2019  13:17:59  PAGE 15


  C:4B7CH         LINE#         23
  C:4B80H         LINE#         24
  C:4B80H         LINE#         25
  C:4B82H         LINE#         26
  C:4B84H         LINE#         28
  C:4B84H         LINE#         29
  C:4B86H         LINE#         30
  C:4B86H         LINE#         31
  C:4B89H         LINE#         32
  C:4B89H         LINE#         33
  C:4B8CH         LINE#         34
  C:4B90H         LINE#         35
  C:4B95H         LINE#         36
  -------         ENDPROC       _SPI_SENDBYTE
  -------         PROC          SPI_RECEIVEBYTE
  -------         DO            
  D:0003H         SYMBOL        i
  D:0005H         SYMBOL        dat
  -------         ENDDO         
  C:4B96H         LINE#         39
  C:4B96H         LINE#         40
  C:4B96H         LINE#         42
  C:4B98H         LINE#         44
  C:4B9AH         LINE#         45
  C:4B9BH         LINE#         46
  C:4B9BH         LINE#         47
  C:4B9FH         LINE#         48
  C:4BA1H         LINE#         49
  C:4BA4H         LINE#         51
  C:4BA7H         LINE#         52
  C:4BA7H         LINE#         53
  C:4BABH         LINE#         54
  C:4BABH         LINE#         55
  C:4BABH         LINE#         56
  C:4BAEH         LINE#         57
  C:4BB3H         LINE#         58
  C:4BB5H         LINE#         59
  -------         ENDPROC       SPI_RECEIVEBYTE
  -------         PROC          _SPI_READTIME
  D:0007H         SYMBOL        addr
  -------         DO            
  D:0006H         SYMBOL        dat
  -------         ENDDO         
  C:4CC2H         LINE#         61
  C:4CC2H         LINE#         62
  C:4CC2H         LINE#         64
  C:4CC4H         LINE#         65
  C:4CC6H         LINE#         66
  C:4CCDH         LINE#         67
  C:4CD0H         LINE#         68
  C:4CD2H         LINE#         69
  C:4CD2H         LINE#         70
  -------         ENDPROC       _SPI_READTIME
  -------         PROC          _SPI_WRITETIME
  D:0002H         SYMBOL        val
  D:0005H         SYMBOL        addr
  C:4C2BH         LINE#         71
BL51 BANKED LINKER/LOCATER V6.22                                                      02/25/2019  13:17:59  PAGE 16


  C:4C2DH         LINE#         72
  C:4C2DH         LINE#         74
  C:4C2FH         LINE#         75
  C:4C36H         LINE#         76
  C:4C3BH         LINE#         77
  C:4C40H         LINE#         78
  C:4C42H         LINE#         79
  -------         ENDPROC       _SPI_WRITETIME
  -------         PROC          SPI_INIT
  C:4D22H         LINE#         83
  C:4D22H         LINE#         84
  C:4D22H         LINE#         89
  C:4D25H         LINE#         90
  C:4D28H         LINE#         91
  C:4D2AH         LINE#         92
  C:4D2CH         LINE#         93
  C:4D2EH         LINE#         94
  -------         ENDPROC       SPI_INIT
  -------         PROC          _READ_TIME
  X:03BBH         SYMBOL        months
  X:03BEH         SYMBOL        days
  X:03C1H         SYMBOL        hours
  X:03C4H         SYMBOL        mins
  X:03C7H         SYMBOL        seconds
  C:472BH         LINE#         96
  C:4736H         LINE#         97
  C:4736H         LINE#         99
  C:474AH         LINE#         101
  C:475EH         LINE#         103
  C:4772H         LINE#         108
  C:4786H         LINE#         113
  -------         ENDPROC       _READ_TIME
  -------         PROC          _BCDTODEC
  D:0007H         SYMBOL        bcd
  -------         DO            
  D:0006H         SYMBOL        hi
  D:0007H         SYMBOL        lo
  -------         ENDDO         
  C:4CD3H         LINE#         119
  C:4CD3H         LINE#         120
  C:4CD3H         LINE#         122
  C:4CD8H         LINE#         123
  C:4CDCH         LINE#         124
  C:4CE3H         LINE#         125
  -------         ENDPROC       _BCDTODEC
  -------         PROC          _DAY_OF_YEAR
  D:0007H         SYMBOL        months_bcd
  D:0005H         SYMBOL        days_bcd
  -------         DO            
  D:0004H         SYMBOL        months
  D:0007H         SYMBOL        days
  -------         ENDDO         
  C:4632H         LINE#         126
  C:4632H         LINE#         127
  C:4632H         LINE#         130
  C:4637H         LINE#         132
  C:463CH         LINE#         134
BL51 BANKED LINKER/LOCATER V6.22                                                      02/25/2019  13:17:59  PAGE 17


  C:4675H         LINE#         135
  C:4675H         LINE#         136
  C:4675H         LINE#         137
  C:4678H         LINE#         138
  C:4678H         LINE#         139
  C:4678H         LINE#         140
  C:467DH         LINE#         141
  C:467DH         LINE#         142
  C:467DH         LINE#         143
  C:4682H         LINE#         144
  C:4682H         LINE#         145
  C:4682H         LINE#         146
  C:4687H         LINE#         147
  C:4687H         LINE#         148
  C:4687H         LINE#         149
  C:468CH         LINE#         150
  C:468CH         LINE#         151
  C:468CH         LINE#         152
  C:4691H         LINE#         153
  C:4691H         LINE#         154
  C:4691H         LINE#         155
  C:4696H         LINE#         156
  C:4696H         LINE#         157
  C:4696H         LINE#         158
  C:469BH         LINE#         159
  C:469BH         LINE#         160
  C:469BH         LINE#         161
  C:46A3H         LINE#         162
  C:46A3H         LINE#         163
  C:46A3H         LINE#         164
  C:46A8H         LINE#         165
  C:46A8H         LINE#         166
  C:46A8H         LINE#         167
  C:46ADH         LINE#         168
  C:46ADH         LINE#         169
  C:46ADH         LINE#         170
  C:46B5H         LINE#         171
  C:46B5H         LINE#         172
  C:46B5H         LINE#         173
  -------         ENDPROC       _DAY_OF_YEAR
  -------         ENDMOD        PCF85063BTL

  -------         MODULE        UART1
  C:0000H         SYMBOL        _ICE_DUMMY_
  D:0080H         PUBLIC        P0
  D:0090H         PUBLIC        P1
  D:00A0H         PUBLIC        P2
  D:00B0H         PUBLIC        P3
  D:00C0H         PUBLIC        P4
  D:00C8H         PUBLIC        P5
  B:00A8H.7       PUBLIC        EA
  D:00E8H         PUBLIC        P6
  D:00F8H         PUBLIC        P7
  C:4A4EH         PUBLIC        _SendString
  D:00A8H         PUBLIC        IE
  B:00A8H.4       PUBLIC        ES
  D:00B8H         PUBLIC        IP
BL51 BANKED LINKER/LOCATER V6.22                                                      02/25/2019  13:17:59  PAGE 18


  C:4C43H         PUBLIC        _ASCIItoBCD
  D:00D8H         PUBLIC        CCON
  C:4CE4H         PUBLIC        initUART1
  D:0098H         PUBLIC        SCON
  D:0088H         PUBLIC        TCON
  C:000AH         PUBLIC        _DectoBCD
  C:4D66H         PUBLIC        _ASCII_Letter
  D:008EH         PUBLIC        AUXR
  C:4D61H         PUBLIC        _unit
  C:0003H         PUBLIC        _ten
  D:00D6H         PUBLIC        T2H
  D:00D7H         PUBLIC        T2L
  D:00D0H         PUBLIC        PSW
  -------         PROC          INITUART1
  C:4CE4H         LINE#         21
  C:4CE4H         LINE#         22
  C:4CE4H         LINE#         23
  C:4CE7H         LINE#         24
  C:4CEAH         LINE#         25
  C:4CEDH         LINE#         26
  C:4CF0H         LINE#         27
  C:4CF2H         LINE#         28
  C:4CF4H         LINE#         30
  -------         ENDPROC       INITUART1
  -------         PROC          _SENDSTRING
  X:0642H         SYMBOL        s
  C:4A4EH         LINE#         35
  C:4A59H         LINE#         36
  C:4A59H         LINE#         37
  C:4A69H         LINE#         38
  C:4A69H         LINE#         39
  C:4A7EH         LINE#         40
  C:4A80H         LINE#         41
  -------         ENDPROC       _SENDSTRING
  -------         PROC          _TEN
  D:0007H         SYMBOL        BCD
  C:0003H         LINE#         43
  C:0003H         LINE#         44
  C:0003H         LINE#         45
  C:0008H         LINE#         46
  -------         ENDPROC       _TEN
  -------         PROC          _UNIT
  D:0007H         SYMBOL        BCD
  C:4D61H         LINE#         47
  C:4D61H         LINE#         48
  C:4D61H         LINE#         52
  C:4D65H         LINE#         53
  -------         ENDPROC       _UNIT
  -------         PROC          _DECTOBCD
  D:0007H         SYMBOL        dec
  C:000AH         LINE#         54
  C:000AH         LINE#         55
  C:000AH         LINE#         57
  C:000AH         LINE#         58
  -------         ENDPROC       _DECTOBCD
  -------         PROC          _ASCII_LETTER
  D:0007H         SYMBOL        dat
BL51 BANKED LINKER/LOCATER V6.22                                                      02/25/2019  13:17:59  PAGE 19


  C:4D66H         LINE#         60
  C:4D66H         LINE#         61
  C:4D66H         LINE#         63
  C:4D6AH         LINE#         64
  -------         ENDPROC       _ASCII_LETTER
  -------         PROC          _ASCIITOBCD
  D:0001H         SYMBOL        ascii
  -------         DO            
  D:0007H         SYMBOL        dec_val
  D:0006H         SYMBOL        ten
  D:0007H         SYMBOL        unit
  -------         ENDDO         
  C:4C43H         LINE#         66
  C:4C43H         LINE#         67
  C:4C43H         LINE#         69
  C:4C46H         LINE#         70
  C:4C4CH         LINE#         71
  C:4C53H         LINE#         72
  C:4C59H         LINE#         74
  -------         ENDPROC       _ASCIITOBCD
  -------         ENDMOD        UART1

  -------         MODULE        LCD_DRIVER_SPLC780D
  C:0000H         SYMBOL        _ICE_DUMMY_
  D:0092H         PUBLIC        P1M0
  D:0091H         PUBLIC        P1M1
  D:0080H         PUBLIC        P0
  D:0090H         PUBLIC        P1
  D:00A0H         PUBLIC        P2
  D:00B0H         PUBLIC        P3
  D:00C0H         PUBLIC        P4
  D:00C8H         PUBLIC        P5
  D:00E8H         PUBLIC        P6
  D:00F8H         PUBLIC        P7
  C:46B6H         PUBLIC        _WriteData
  D:00A8H         PUBLIC        IE
  D:00B8H         PUBLIC        IP
  D:00D8H         PUBLIC        CCON
  B:00B0H.4       PUBLIC        LCD_D4
  B:00B0H.5       PUBLIC        LCD_D5
  B:00B0H.6       PUBLIC        LCD_D6
  C:4BF3H         PUBLIC        _DisplayLCD
  B:00B0H.7       PUBLIC        LCD_D7
  D:0098H         PUBLIC        SCON
  D:0088H         PUBLIC        TCON
  C:4D51H         PUBLIC        LCD_clear
  C:4993H         PUBLIC        _Command
  C:4C70H         PUBLIC        _Display_Line
  C:4862H         PUBLIC        LCD_Init
  C:4B58H         PUBLIC        _Wait_ms
  B:00C0H.0       PUBLIC        LCD_RS
  B:00B0H.2       PUBLIC        LCD_RW
  C:4D47H         PUBLIC        LCD_return_home
  B:00B0H.3       PUBLIC        LCD_E
  D:00D0H         PUBLIC        PSW
  -------         PROC          LCD_INIT
  C:4862H         LINE#         9
BL51 BANKED LINKER/LOCATER V6.22                                                      02/25/2019  13:17:59  PAGE 20


  C:4862H         LINE#         10
  C:4862H         LINE#         11
  C:4865H         LINE#         12
  C:4868H         LINE#         14
  C:486EH         LINE#         15
  C:4873H         LINE#         17
  C:487AH         LINE#         18
  C:487FH         LINE#         20
  C:4882H         LINE#         21
  C:4887H         LINE#         23
  C:488AH         LINE#         24
  C:488FH         LINE#         26
  C:4896H         LINE#         29
  C:489BH         LINE#         30
  C:48A0H         LINE#         32
  C:48A5H         LINE#         33
  C:48AAH         LINE#         35
  C:48AFH         LINE#         36
  C:48B4H         LINE#         37
  -------         ENDPROC       LCD_INIT
  -------         PROC          _WRITEDATA
  X:046AH         SYMBOL        dat
  C:46B6H         LINE#         40
  C:46BBH         LINE#         41
  C:46BBH         LINE#         46
  C:46BDH         LINE#         47
  C:46BFH         LINE#         49
  C:46CDH         LINE#         50
  C:46D9H         LINE#         51
  C:46E5H         LINE#         52
  C:46EFH         LINE#         53
  C:46F1H         LINE#         54
  C:46F8H         LINE#         55
  C:46FAH         LINE#         57
  C:470AH         LINE#         58
  C:4715H         LINE#         59
  C:471FH         LINE#         60
  C:4723H         LINE#         62
  C:4723H         LINE#         63
  C:4726H         LINE#         64
  C:4728H         LINE#         65
  C:472AH         LINE#         67
  -------         ENDPROC       _WRITEDATA
  -------         PROC          _COMMAND
  D:0007H         SYMBOL        dat
  C:4993H         LINE#         69
  C:4993H         LINE#         70
  C:4993H         LINE#         71
  C:4995H         LINE#         72
  C:4997H         LINE#         74
  C:49A1H         LINE#         75
  C:49A5H         LINE#         77
  C:49A7H         LINE#         78
  C:49B0H         LINE#         79
  C:49B4H         LINE#         81
  C:49B6H         LINE#         82
  C:49BDH         LINE#         83
BL51 BANKED LINKER/LOCATER V6.22                                                      02/25/2019  13:17:59  PAGE 21


  C:49C1H         LINE#         85
  C:49C3H         LINE#         86
  C:49C7H         LINE#         87
  C:49CBH         LINE#         89
  C:49CDH         LINE#         90
  C:49CDH         LINE#         91
  C:49D0H         LINE#         92
  C:49D2H         LINE#         93
  -------         ENDPROC       _COMMAND
  C:4B54H         SYMBOL        L?0028
  -------         PROC          L?0027
  -------         ENDPROC       L?0027
  C:4B54H         SYMBOL        L?0028
  -------         PROC          _WAIT_MS
  D:0006H         SYMBOL        ms
  -------         DO            
  D:0004H         SYMBOL        De_Cnt
  -------         ENDDO         
  C:4B58H         LINE#         95
  C:4B58H         LINE#         96
  C:4B58H         LINE#         98
  C:4B62H         LINE#         99
  C:4B62H         LINE#         100
  C:4B75H         LINE#         101
  C:4B75H         LINE#         102
  -------         ENDPROC       _WAIT_MS
  -------         PROC          _DISPLAYLCD
  D:0007H         SYMBOL        BCD
  -------         DO            
  D:0006H         SYMBOL        first_digit
  X:03BBH         SYMBOL        second_digit
  -------         ENDDO         
  C:4BF3H         LINE#         103
  C:4BF3H         LINE#         104
  C:4BF3H         LINE#         106
  C:4BFAH         LINE#         107
  C:4C03H         LINE#         109
  C:4C08H         LINE#         111
  -------         ENDPROC       _DISPLAYLCD
  -------         PROC          LCD_RETURN_HOME
  C:4D47H         LINE#         115
  C:4D47H         LINE#         116
  C:4D47H         LINE#         117
  C:4D4CH         LINE#         118
  -------         ENDPROC       LCD_RETURN_HOME
  -------         PROC          LCD_CLEAR
  C:4D51H         LINE#         121
  C:4D51H         LINE#         122
  C:4D51H         LINE#         123
  C:4D56H         LINE#         124
  -------         ENDPROC       LCD_CLEAR
  -------         PROC          _DISPLAY_LINE
  D:0006H         SYMBOL        line
  C:4C70H         LINE#         128
  C:4C70H         LINE#         129
  C:4C70H         LINE#         130
  C:4C76H         LINE#         131
BL51 BANKED LINKER/LOCATER V6.22                                                      02/25/2019  13:17:59  PAGE 22


  C:4C76H         LINE#         132
  C:4C78H         LINE#         133
  C:4C78H         LINE#         134
  C:4C7AH         LINE#         136
  C:4C7AH         LINE#         137
  C:4C7FH         LINE#         138
  C:4C84H         LINE#         139
  C:4C84H         LINE#         140
  -------         ENDPROC       _DISPLAY_LINE
  -------         ENDMOD        LCD_DRIVER_SPLC780D

  -------         MODULE        KEYPAD
  C:0000H         SYMBOL        _ICE_DUMMY_
  D:0093H         PUBLIC        P0M1
  D:0080H         PUBLIC        P0
  D:0090H         PUBLIC        P1
  D:00A0H         PUBLIC        P2
  D:00B0H         PUBLIC        P3
  D:00C0H         PUBLIC        P4
  D:00C8H         PUBLIC        P5
  B:0020H.0       PUBLIC        calib_mode
  D:00E8H         PUBLIC        P6
  D:00F8H         PUBLIC        P7
  D:00A8H         PUBLIC        IE
  C:3680H         PUBLIC        Key_Scan
  D:00B8H         PUBLIC        IP
  D:00D8H         PUBLIC        CCON
  C:4D2FH         PUBLIC        KeyPad_IO_Init
  C:4BD5H         PUBLIC        _Delay_ms
  D:0098H         PUBLIC        SCON
  D:0088H         PUBLIC        TCON
  B:0020H.1       PUBLIC        small_move
  B:0020H.2       PUBLIC        move
  B:0020H.3       PUBLIC        direction
  B:0020H.4       PUBLIC        auto_move
  C:3079H         PUBLIC        Key_Process
  D:00D0H         PUBLIC        PSW
  D:0094H         PUBLIC        P0M0
  -------         PROC          _DELAY_MS
  D:0006H         SYMBOL        ms
  -------         DO            
  D:0004H         SYMBOL        De_Cnt
  -------         ENDDO         
  C:4BD5H         LINE#         19
  C:4BD5H         LINE#         20
  C:4BD5H         LINE#         22
  C:4BDFH         LINE#         23
  C:4BDFH         LINE#         24
  C:4BF2H         LINE#         25
  C:4BF2H         LINE#         26
  -------         ENDPROC       _DELAY_MS
  -------         PROC          KEY_SCAN
  -------         DO            
  X:03C1H         SYMBOL        KeyTemp1
  X:03C2H         SYMBOL        KeyTemp2
  X:03C3H         SYMBOL        KeyValue
  -------         ENDDO         
BL51 BANKED LINKER/LOCATER V6.22                                                      02/25/2019  13:17:59  PAGE 23


  C:3680H         LINE#         27
  C:3680H         LINE#         28
  C:3680H         LINE#         33
  C:3683H         LINE#         36
  C:3686H         LINE#         38
  C:368EH         LINE#         39
  C:3695H         LINE#         40
  C:3695H         LINE#         42
  C:369AH         LINE#         43
  C:36A1H         LINE#         44
  C:36A1H         LINE#         47
  C:36A4H         LINE#         48
  C:36A7H         LINE#         49
  C:36ACH         LINE#         50
  C:36B0H         LINE#         51
  C:36B0H         LINE#         52
  C:36B8H         LINE#         53
  C:36B8H         LINE#         54
  C:36BBH         LINE#         55
  C:36C3H         LINE#         56
  C:36C5H         LINE#         58
  C:36D9H         LINE#         59
  C:36D9H         LINE#         60
  C:36D9H         LINE#         61
  C:36D9H         LINE#         62
  C:36DFH         LINE#         64
  C:36E1H         LINE#         65
  C:36E1H         LINE#         66
  C:36E1H         LINE#         67
  C:36E7H         LINE#         69
  C:36E9H         LINE#         70
  C:36E9H         LINE#         71
  C:36E9H         LINE#         72
  C:36EFH         LINE#         74
  C:36F1H         LINE#         75
  C:36F1H         LINE#         76
  C:36F1H         LINE#         77
  C:36F7H         LINE#         79
  C:36F7H         LINE#         80
  C:36F7H         LINE#         81
  C:36F7H         LINE#         84
  C:36FAH         LINE#         85
  C:36FDH         LINE#         86
  C:3705H         LINE#         87
  C:3709H         LINE#         88
  C:3709H         LINE#         89
  C:3711H         LINE#         90
  C:3711H         LINE#         91
  C:3714H         LINE#         92
  C:371CH         LINE#         93
  C:371EH         LINE#         94
  C:3732H         LINE#         95
  C:3732H         LINE#         96
  C:3732H         LINE#         97
  C:3732H         LINE#         98
  C:3738H         LINE#         100
  C:373AH         LINE#         101
BL51 BANKED LINKER/LOCATER V6.22                                                      02/25/2019  13:17:59  PAGE 24


  C:373AH         LINE#         102
  C:373AH         LINE#         103
  C:3740H         LINE#         105
  C:3742H         LINE#         106
  C:3742H         LINE#         107
  C:3742H         LINE#         108
  C:3748H         LINE#         110
  C:374AH         LINE#         111
  C:374AH         LINE#         112
  C:374AH         LINE#         113
  C:374FH         LINE#         115
  C:374FH         LINE#         116
  C:374FH         LINE#         117
  C:374FH         LINE#         120
  C:3752H         LINE#         121
  C:3755H         LINE#         122
  C:375DH         LINE#         123
  C:3761H         LINE#         124
  C:3761H         LINE#         125
  C:3769H         LINE#         126
  C:3769H         LINE#         127
  C:376CH         LINE#         128
  C:3774H         LINE#         129
  C:3776H         LINE#         130
  C:378AH         LINE#         131
  C:378AH         LINE#         132
  C:378AH         LINE#         133
  C:378AH         LINE#         134
  C:3790H         LINE#         136
  C:3792H         LINE#         137
  C:3792H         LINE#         138
  C:3792H         LINE#         139
  C:3798H         LINE#         141
  C:379AH         LINE#         142
  C:379AH         LINE#         143
  C:379AH         LINE#         144
  C:37A0H         LINE#         146
  C:37A2H         LINE#         147
  C:37A2H         LINE#         148
  C:37A2H         LINE#         149
  C:37A8H         LINE#         151
  C:37A8H         LINE#         152
  C:37A8H         LINE#         153
  C:37A8H         LINE#         157
  C:37ABH         LINE#         158
  C:37AEH         LINE#         159
  C:37B6H         LINE#         160
  C:37BAH         LINE#         161
  C:37BAH         LINE#         162
  C:37C2H         LINE#         163
  C:37C2H         LINE#         164
  C:37C5H         LINE#         165
  C:37CDH         LINE#         166
  C:37CFH         LINE#         167
  C:37E3H         LINE#         168
  C:37E3H         LINE#         169
  C:37E3H         LINE#         170
BL51 BANKED LINKER/LOCATER V6.22                                                      02/25/2019  13:17:59  PAGE 25


  C:37E3H         LINE#         171
  C:37E9H         LINE#         173
  C:37EBH         LINE#         174
  C:37EBH         LINE#         175
  C:37EBH         LINE#         176
  C:37F1H         LINE#         178
  C:37F3H         LINE#         179
  C:37F3H         LINE#         180
  C:37F3H         LINE#         181
  C:37F9H         LINE#         183
  C:37FBH         LINE#         184
  C:37FBH         LINE#         185
  C:37FBH         LINE#         186
  C:3801H         LINE#         188
  C:3801H         LINE#         189
  C:3801H         LINE#         190
  C:3801H         LINE#         192
  C:3807H         LINE#         193
  C:3807H         LINE#         195
  C:3807H         LINE#         196
  C:380AH         LINE#         197
  C:380AH         LINE#         198
  C:380AH         LINE#         200
  C:380AH         LINE#         201
  C:380CH         LINE#         202
  C:380CH         LINE#         203
  -------         ENDPROC       KEY_SCAN
  -------         PROC          KEY_PROCESS
  -------         DO            
  X:0628H         SYMBOL        KeyCount
  X:062AH         SYMBOL        KeyNum_Old
  X:062BH         SYMBOL        KeyNum
  X:062CH         SYMBOL        PressedKey
  X:03BBH         SYMBOL        d
  D:0004H         SYMBOL        hours
  D:0006H         SYMBOL        mins
  X:03BDH         SYMBOL        months
  X:03BFH         SYMBOL        days
  -------         ENDDO         
  C:3079H         LINE#         204
  C:3079H         LINE#         205
  C:3079H         LINE#         209
  C:3081H         LINE#         210
  C:3089H         LINE#         212
  C:308CH         LINE#         213
  C:308CH         LINE#         214
  C:308FH         LINE#         216
  C:308FH         LINE#         217
  C:309CH         LINE#         218
  C:309CH         LINE#         219
  C:309FH         LINE#         220
  C:30A2H         LINE#         222
  C:30A5H         LINE#         224
  C:30A5H         LINE#         225
  C:30B0H         LINE#         226
  C:30B0H         LINE#         227
  C:30B3H         LINE#         229
BL51 BANKED LINKER/LOCATER V6.22                                                      02/25/2019  13:17:59  PAGE 26


  C:30B3H         LINE#         230
  C:30BAH         LINE#         231
  C:30BAH         LINE#         232
  C:30BDH         LINE#         234
  C:30BDH         LINE#         235
  C:30C5H         LINE#         236
  C:30C5H         LINE#         237
  C:30CFH         LINE#         238
  C:30D7H         LINE#         240
  C:30E0H         LINE#         242
  C:30E0H         LINE#         251
  C:30F5H         LINE#         252
  C:30F5H         LINE#         253
  C:3107H         LINE#         254
  C:3115H         LINE#         255
  C:3124H         LINE#         256
  C:3124H         LINE#         258
  C:312AH         LINE#         262
  C:3140H         LINE#         263
  C:3151H         LINE#         264
  C:316CH         LINE#         265
  C:316CH         LINE#         266
  C:317CH         LINE#         267
  C:318DH         LINE#         268
  C:318DH         LINE#         272
  C:31A6H         LINE#         273
  C:31BDH         LINE#         274
  C:31DDH         LINE#         275
  C:31DDH         LINE#         276
  C:31E7H         LINE#         277
  C:31E7H         LINE#         278
  C:31F0H         LINE#         279
  C:31F0H         LINE#         280
  C:3204H         LINE#         281
  C:3204H         LINE#         282
  C:3204H         LINE#         283
  C:3204H         LINE#         284
  C:3204H         LINE#         285
  C:3206H         LINE#         287
  C:3206H         LINE#         288
  C:3212H         LINE#         289
  C:3212H         LINE#         290
  C:3223H         LINE#         291
  C:3223H         LINE#         292
  C:3223H         LINE#         293
  C:3223H         LINE#         294
  C:3223H         LINE#         296
  C:3225H         LINE#         298
  C:3225H         LINE#         299
  C:3236H         LINE#         300
  C:3236H         LINE#         301
  C:3236H         LINE#         302
  C:3236H         LINE#         303
  C:3236H         LINE#         305
  C:3236H         LINE#         307
  C:3236H         LINE#         308
  C:3238H         LINE#         310
BL51 BANKED LINKER/LOCATER V6.22                                                      02/25/2019  13:17:59  PAGE 27


  C:3238H         LINE#         311
  C:324BH         LINE#         312
  C:324BH         LINE#         313
  C:325CH         LINE#         314
  C:325CH         LINE#         315
  C:325CH         LINE#         316
  C:325CH         LINE#         317
  C:325CH         LINE#         318
  C:325EH         LINE#         320
  C:325EH         LINE#         321
  C:326FH         LINE#         322
  C:326FH         LINE#         323
  C:3280H         LINE#         324
  C:3291H         LINE#         325
  C:3291H         LINE#         326
  C:3291H         LINE#         327
  C:3291H         LINE#         328
  C:3291H         LINE#         329
  C:3294H         LINE#         330
  C:3299H         LINE#         331
  C:329EH         LINE#         332
  C:32A3H         LINE#         333
  C:32A8H         LINE#         334
  C:32ADH         LINE#         335
  C:32B2H         LINE#         336
  C:32B7H         LINE#         337
  C:32B7H         LINE#         339
  C:32D9H         LINE#         340
  C:32D9H         LINE#         341
  C:32E3H         LINE#         342
  C:32E3H         LINE#         343
  C:32E8H         LINE#         344
  C:32F1H         LINE#         345
  C:3308H         LINE#         346
  C:3308H         LINE#         347
  C:3318H         LINE#         349
  C:3318H         LINE#         353
  -------         ENDPROC       KEY_PROCESS
  -------         PROC          KEYPAD_IO_INIT
  C:4D2FH         LINE#         356
  C:4D2FH         LINE#         357
  C:4D2FH         LINE#         358
  C:4D32H         LINE#         359
  C:4D35H         LINE#         360
  C:4D38H         LINE#         361
  C:4D3AH         LINE#         362
  -------         ENDPROC       KEYPAD_IO_INIT
  -------         ENDMOD        KEYPAD

  -------         MODULE        BIPOLARMOTOR
  C:0000H         SYMBOL        _ICE_DUMMY_
  D:0080H         PUBLIC        P0
  D:0090H         PUBLIC        P1
  X:0000H         PUBLIC        RX_pos_test
  D:00A0H         PUBLIC        P2
  D:00B0H         PUBLIC        P3
  D:00C0H         PUBLIC        P4
BL51 BANKED LINKER/LOCATER V6.22                                                      02/25/2019  13:17:59  PAGE 28


  D:00C8H         PUBLIC        P5
  D:00E8H         PUBLIC        P6
  D:00F8H         PUBLIC        P7
  X:00A0H         PUBLIC        low_date_azimuth_mapping
  D:00A8H         PUBLIC        IE
  C:4083H         PUBLIC        linear_interpolate
  C:4B03H         PUBLIC        _Move
  D:00B8H         PUBLIC        IP
  C:334CH         PUBLIC        _findDet3x3
  C:2DB9H         PUBLIC        _findDet4x4
  D:00D8H         PUBLIC        CCON
  X:00C8H         PUBLIC        previous_move_time
  D:0098H         PUBLIC        SCON
  D:0088H         PUBLIC        TCON
  C:4D6BH         PUBLIC        wait
  C:49D3H         PUBLIC        _Step_move
  X:00C9H         PUBLIC        dat
  C:000EH         PUBLIC        _Update_position
  C:48BBH         PUBLIC        vOneStepMove
  X:00CFH         PUBLIC        elevation_stamp
  X:010BH         PUBLIC        date_azimuth_mapping
  X:0133H         PUBLIC        RX_pos
  C:4C1AH         PUBLIC        _BCDtoDec1
  X:038BH         PUBLIC        degree
  D:00D0H         PUBLIC        PSW
  -------         PROC          L?0062
  -------         ENDPROC       L?0062
  -------         PROC          _BCDTODEC1
  D:0007H         SYMBOL        bcd
  -------         DO            
  D:0006H         SYMBOL        hi
  D:0007H         SYMBOL        lo
  -------         ENDDO         
  C:4C1AH         LINE#         28
  C:4C1AH         LINE#         29
  C:4C1AH         LINE#         31
  C:4C1FH         LINE#         32
  C:4C23H         LINE#         33
  C:4C2AH         LINE#         34
  -------         ENDPROC       _BCDTODEC1
  -------         PROC          WAIT
  C:4D6BH         LINE#         36
  C:4D6BH         LINE#         38
  -------         ENDPROC       WAIT
  -------         PROC          VONESTEPMOVE
  B:0020H.7       SYMBOL        bDir
  C:48BBH         LINE#         40
  C:48BBH         LINE#         41
  C:48BBH         LINE#         43
  C:48C1H         LINE#         44
  C:48C1H         LINE#         45
  C:48C4H         LINE#         46
  C:48CDH         LINE#         47
  C:48D4H         LINE#         48
  C:48D9H         LINE#         49
  C:48D9H         LINE#         50
  C:48D9H         LINE#         52
BL51 BANKED LINKER/LOCATER V6.22                                                      02/25/2019  13:17:59  PAGE 29


  C:48DBH         LINE#         55
  C:48DBH         LINE#         56
  C:48DEH         LINE#         57
  C:48E7H         LINE#         58
  C:48EEH         LINE#         59
  C:48F4H         LINE#         60
  C:48FDH         LINE#         61
  C:4904H         LINE#         62
  C:4904H         LINE#         66
  -------         ENDPROC       VONESTEPMOVE
  -------         PROC          _STEP_MOVE
  X:0479H         SYMBOL        step
  B:0020H.6       SYMBOL        dir
  -------         DO            
  X:047BH         SYMBOL        i
  -------         ENDDO         
  C:49D3H         LINE#         68
  C:49DBH         LINE#         69
  C:49DBH         LINE#         71
  C:49E0H         LINE#         74
  C:49FBH         LINE#         75
  C:49FBH         LINE#         76
  C:4A02H         LINE#         78
  C:4A12H         LINE#         80
  -------         ENDPROC       _STEP_MOVE
  -------         PROC          _MOVE
  X:0475H         SYMBOL        distance
  B:0020H.5       SYMBOL        direction
  -------         DO            
  D:0006H         SYMBOL        step
  -------         ENDDO         
  C:4B03H         LINE#         82
  C:4B09H         LINE#         83
  C:4B09H         LINE#         86
  C:4B24H         LINE#         87
  -------         ENDPROC       _MOVE
  C:332DH         SYMBOL        L?0058
  C:3341H         SYMBOL        L?0059
  -------         PROC          L?0057
  -------         ENDPROC       L?0057
  C:332DH         SYMBOL        L?0058
  C:3341H         SYMBOL        L?0059
  -------         PROC          _FINDDET3X3
  X:05F6H         SYMBOL        a11
  X:05FAH         SYMBOL        a12
  X:05FEH         SYMBOL        a13
  X:0602H         SYMBOL        a21
  X:0606H         SYMBOL        a22
  X:060AH         SYMBOL        a23
  X:060EH         SYMBOL        a31
  X:0612H         SYMBOL        a32
  X:0616H         SYMBOL        a33
  C:334CH         LINE#         91
  C:3352H         LINE#         95
  C:3352H         LINE#         96
  C:34E9H         LINE#         98
  -------         ENDPROC       _FINDDET3X3
BL51 BANKED LINKER/LOCATER V6.22                                                      02/25/2019  13:17:59  PAGE 30


  -------         PROC          _FINDDET4X4
  X:05B6H         SYMBOL        a11
  X:05BAH         SYMBOL        a12
  X:05BEH         SYMBOL        a13
  X:05C2H         SYMBOL        a14
  X:05C6H         SYMBOL        a21
  X:05CAH         SYMBOL        a22
  X:05CEH         SYMBOL        a23
  X:05D2H         SYMBOL        a24
  X:05D6H         SYMBOL        a31
  X:05DAH         SYMBOL        a32
  X:05DEH         SYMBOL        a33
  X:05E2H         SYMBOL        a34
  X:05E6H         SYMBOL        a41
  X:05EAH         SYMBOL        a42
  X:05EEH         SYMBOL        a43
  X:05F2H         SYMBOL        a44
  C:2DB9H         LINE#         99
  C:2DBFH         LINE#         103
  C:2DBFH         LINE#         110
  C:3078H         LINE#         114
  -------         ENDPROC       _FINDDET4X4
  C:4072H         SYMBOL        L?0061
  -------         PROC          L?0060
  -------         ENDPROC       L?0060
  C:4072H         SYMBOL        L?0061
  -------         PROC          LINEAR_INTERPOLATE
  X:0475H         SYMBOL        p1
  X:047DH         SYMBOL        p2
  X:0485H         SYMBOL        x
  -------         DO            
  D:0004H         SYMBOL        fx
  -------         ENDDO         
  C:4083H         LINE#         120
  C:4083H         LINE#         121
  C:4083H         LINE#         124
  C:4122H         LINE#         126
  C:4122H         LINE#         127
  -------         ENDPROC       LINEAR_INTERPOLATE
  -------         PROC          _UPDATE_POSITION
  D:0001H         SYMBOL        mnths
  D:0002H         SYMBOL        dys
  X:03D8H         SYMBOL        hurs
  X:03D9H         SYMBOL        mns
  X:03DAH         SYMBOL        sconds
  X:03DBH         SYMBOL        currnt_pos
  X:03DEH         SYMBOL        offset_calib
  -------         DO            
  X:03E2H         SYMBOL        date
  X:03E4H         SYMBOL        i
  X:03E6H         SYMBOL        yy
  X:03E8H         SYMBOL        desired_distance
  X:03ECH         SYMBOL        distance
  X:03F0H         SYMBOL        JP_pos
  X:03F4H         SYMBOL        pos_interpolate_azimuth
  X:0430H         SYMBOL        current_local_sun_time
  X:0434H         SYMBOL        azimuth
BL51 BANKED LINKER/LOCATER V6.22                                                      02/25/2019  13:17:59  PAGE 31


  X:0438H         SYMBOL        elevation
  X:043CH         SYMBOL        time_offset
  X:0440H         SYMBOL        UTC_time
  X:0444H         SYMBOL        declination
  X:0448H         SYMBOL        p1
  X:0450H         SYMBOL        p2
  X:0458H         SYMBOL        time
  X:046AH         SYMBOL        location
  X:0472H         SYMBOL        sunCoord
  -------         ENDDO         
  C:000EH         LINE#         131
  C:0017H         LINE#         134
  C:0017H         LINE#         135
  C:0022H         LINE#         137
  C:003EH         LINE#         138
  C:0048H         LINE#         146
  C:0052H         LINE#         147
  C:005CH         LINE#         148
  C:0066H         LINE#         149
  C:0071H         LINE#         150
  C:007CH         LINE#         151
  C:0095H         LINE#         152
  C:00A6H         LINE#         153
  C:00B5H         LINE#         156
  C:00C9H         LINE#         160
  C:011BH         LINE#         161
  C:027FH         LINE#         162
  C:02CFH         LINE#         164
  C:03F7H         LINE#         166
  C:04C6H         LINE#         173
  C:050DH         LINE#         174
  C:050DH         LINE#         176
  C:0527H         LINE#         177
  C:0527H         LINE#         178
  C:0597H         LINE#         179
  C:0597H         LINE#         180
  C:059EH         LINE#         181
  C:059EH         LINE#         182
  C:05CBH         LINE#         183
  C:05E6H         LINE#         185
  C:062DH         LINE#         186
  C:0661H         LINE#         188
  C:06A7H         LINE#         189
  C:06CAH         LINE#         191
  C:06CAH         LINE#         193
  C:0740H         LINE#         194
  C:0740H         LINE#         195
  C:0747H         LINE#         196
  C:0747H         LINE#         197
  C:0774H         LINE#         198
  C:078FH         LINE#         200
  C:07D6H         LINE#         201
  C:080AH         LINE#         203
  C:0850H         LINE#         204
  C:0870H         LINE#         206
  C:0870H         LINE#         207
  C:0881H         LINE#         210
BL51 BANKED LINKER/LOCATER V6.22                                                      02/25/2019  13:17:59  PAGE 32


  C:089BH         LINE#         211
  C:089BH         LINE#         212
  C:090BH         LINE#         213
  C:090BH         LINE#         214
  C:0938H         LINE#         215
  C:0953H         LINE#         217
  C:0980H         LINE#         218
  C:099BH         LINE#         220
  C:09CDH         LINE#         223
  C:09CDH         LINE#         225
  C:09DEH         LINE#         227
  C:0A0DH         LINE#         229
  C:0A32H         LINE#         230
  C:0A97H         LINE#         231
  C:0A97H         LINE#         232
  C:0AB1H         LINE#         233
  C:0AC3H         LINE#         234
  C:0ADBH         LINE#         235
  C:0AF1H         LINE#         237
  C:0B0DH         LINE#         238
  C:0B0DH         LINE#         239
  C:0B0DH         LINE#         242
  -------         ENDPROC       _UPDATE_POSITION
  -------         ENDMOD        BIPOLARMOTOR

  -------         MODULE        SUNPOS
  C:0000H         SYMBOL        _ICE_DUMMY_
  C:1F15H         PUBLIC        sunpos
  -------         PROC          SUNPOS
  X:0475H         SYMBOL        udtTime
  X:0487H         SYMBOL        udtLocation
  X:048FH         SYMBOL        udtSunCoordinates
  -------         DO            
  X:0492H         SYMBOL        dElapsedJulianDays
  X:0496H         SYMBOL        dDecimalHours
  X:049AH         SYMBOL        dEclipticLongitude
  X:049EH         SYMBOL        dEclipticObliquity
  X:04A2H         SYMBOL        dRightAscension
  X:04A6H         SYMBOL        dDeclination
  X:04AAH         SYMBOL        dY
  X:04AEH         SYMBOL        dX
  -------         DO            
  X:04B2H         SYMBOL        dJulianDate
  X:04B6H         SYMBOL        liAux1
  X:04BAH         SYMBOL        liAux2
  X:04B2H         SYMBOL        dMeanLongitude
  X:04B6H         SYMBOL        dMeanAnomaly
  X:04BAH         SYMBOL        dOmega
  X:04B2H         SYMBOL        dSin_EclipticLongitude
  X:04B2H         SYMBOL        dGreenwichMeanSiderealTime
  X:04B6H         SYMBOL        dLocalMeanSiderealTime
  X:04BAH         SYMBOL        dLatitudeInRadians
  X:04BEH         SYMBOL        dHourAngle
  X:04C2H         SYMBOL        dCos_Latitude
  X:04C6H         SYMBOL        dSin_Latitude
  X:04CAH         SYMBOL        dCos_HourAngle
  X:04CEH         SYMBOL        dParallax
BL51 BANKED LINKER/LOCATER V6.22                                                      02/25/2019  13:17:59  PAGE 33


  -------         ENDDO         
  -------         DO            
  X:04B2H         SYMBOL        dMeanLongitude
  X:04B6H         SYMBOL        dMeanAnomaly
  X:04BAH         SYMBOL        dOmega
  X:04B2H         SYMBOL        dSin_EclipticLongitude
  X:04B2H         SYMBOL        dGreenwichMeanSiderealTime
  X:04B6H         SYMBOL        dLocalMeanSiderealTime
  X:04BAH         SYMBOL        dLatitudeInRadians
  X:04BEH         SYMBOL        dHourAngle
  X:04C2H         SYMBOL        dCos_Latitude
  X:04C6H         SYMBOL        dSin_Latitude
  X:04CAH         SYMBOL        dCos_HourAngle
  X:04CEH         SYMBOL        dParallax
  -------         ENDDO         
  -------         DO            
  X:04B2H         SYMBOL        dSin_EclipticLongitude
  X:04B2H         SYMBOL        dGreenwichMeanSiderealTime
  X:04B6H         SYMBOL        dLocalMeanSiderealTime
  X:04BAH         SYMBOL        dLatitudeInRadians
  X:04BEH         SYMBOL        dHourAngle
  X:04C2H         SYMBOL        dCos_Latitude
  X:04C6H         SYMBOL        dSin_Latitude
  X:04CAH         SYMBOL        dCos_HourAngle
  X:04CEH         SYMBOL        dParallax
  -------         ENDDO         
  -------         DO            
  X:04B2H         SYMBOL        dGreenwichMeanSiderealTime
  X:04B6H         SYMBOL        dLocalMeanSiderealTime
  X:04BAH         SYMBOL        dLatitudeInRadians
  X:04BEH         SYMBOL        dHourAngle
  X:04C2H         SYMBOL        dCos_Latitude
  X:04C6H         SYMBOL        dSin_Latitude
  X:04CAH         SYMBOL        dCos_HourAngle
  X:04CEH         SYMBOL        dParallax
  -------         ENDDO         
  -------         ENDDO         
  C:1F15H         LINE#         6
  C:1F15H         LINE#         7
  C:1F15H         LINE#         9
  C:1F15H         LINE#         27
  C:1F5FH         LINE#         30
  C:1F80H         LINE#         31
  C:20C7H         LINE#         34
  C:2113H         LINE#         36
  C:2132H         LINE#         37
  C:2132H         LINE#         42
  C:2132H         LINE#         46
  C:2164H         LINE#         47
  C:218EH         LINE#         48
  C:21B8H         LINE#         49
  C:2265H         LINE#         52
  C:22C6H         LINE#         54
  C:22C6H         LINE#         59
  C:22C6H         LINE#         61
  C:22DDH         LINE#         62
  C:2305H         LINE#         63
BL51 BANKED LINKER/LOCATER V6.22                                                      02/25/2019  13:17:59  PAGE 34


  C:231CH         LINE#         64
  C:2347H         LINE#         65
  C:237EH         LINE#         66
  C:23A9H         LINE#         67
  C:23A9H         LINE#         70
  C:23A9H         LINE#         79
  C:23E4H         LINE#         82
  C:241EH         LINE#         84
  C:2443H         LINE#         85
  C:2462H         LINE#         86
  C:2479H         LINE#         87
  C:2490H         LINE#         88
  C:24A7H         LINE#         89
  C:2530H         LINE#         91
  C:254AH         LINE#         92
  C:25ACH         LINE#         93
  C:25E2H         LINE#         94
  C:25F4H         LINE#         95
  C:2621H         LINE#         96
  C:264EH         LINE#         98
  C:2670H         LINE#         100
  C:26A8H         LINE#         103
  C:26A8H         LINE#         104
  C:26B6H         LINE#         105
  -------         ENDPROC       SUNPOS
  -------         ENDMOD        SUNPOS

  -------         MODULE        ADC
  C:0000H         SYMBOL        _ICE_DUMMY_
  D:0092H         PUBLIC        P1M0
  D:0091H         PUBLIC        P1M1
  D:0080H         PUBLIC        P0
  D:0090H         PUBLIC        P1
  D:00A0H         PUBLIC        P2
  D:00B0H         PUBLIC        P3
  D:00C0H         PUBLIC        P4
  D:00C8H         PUBLIC        P5
  D:00E8H         PUBLIC        P6
  D:00F8H         PUBLIC        P7
  D:00A8H         PUBLIC        IE
  D:00BDH         PUBLIC        ADC_RES
  D:00B8H         PUBLIC        IP
  D:0097H         PUBLIC        CLK_DIV
  D:00D8H         PUBLIC        CCON
  D:00BCH         PUBLIC        ADC_CONTR
  D:0098H         PUBLIC        SCON
  D:0088H         PUBLIC        TCON
[...]
  C:3F41H         LINE#         132
  C:3F41H         LINE#         133
  C:3F43H         LINE#         134
  C:3F46H         LINE#         135
  C:3F4DH         LINE#         136
  C:3F4DH         LINE#         137
  C:3F4FH         LINE#         138
  C:3F51H         LINE#         140
  C:3F51H         LINE#         141
  C:3F53H         LINE#         143
  C:3F53H         LINE#         144
  C:3F53H         LINE#         145
  C:3F53H         LINE#         146
  C:3F56H         LINE#         147
  C:3F5DH         LINE#         149
  C:3F7CH         LINE#         151
BL51 BANKED LINKER/LOCATER V6.22                                                      02/25/2019  13:17:59  PAGE 45


  C:3F7EH         LINE#         152
  -------         ENDPROC       _AT25SF041_WRITE
  -------         PROC          _AT25SF041_READ
  D:0003H         SYMBOL        opcode
  X:0632H         SYMBOL        addr
  -------         DO            
  X:0636H         SYMBOL        dat
  X:0637H         SYMBOL        i
  -------         ENDDO         
  C:3D84H         LINE#         156
  C:3D86H         LINE#         157
  C:3D86H         LINE#         158
  C:3D8BH         LINE#         160
  C:3D8DH         LINE#         161
  C:3D93H         LINE#         165
  C:3D98H         LINE#         166
  C:3D98H         LINE#         167
  C:3D9AH         LINE#         168
  C:3D9DH         LINE#         169
  C:3DA1H         LINE#         170
  C:3DA1H         LINE#         171
  C:3DA3H         LINE#         172
  C:3DA5H         LINE#         174
  C:3DA5H         LINE#         175
  C:3DA7H         LINE#         177
  C:3DA7H         LINE#         178
  C:3DA7H         LINE#         179
  C:3DA7H         LINE#         180
  C:3DAAH         LINE#         181
  C:3DAEH         LINE#         184
  C:3DCDH         LINE#         186
  C:3DD4H         LINE#         187
  C:3DD4H         LINE#         188
  C:3DD6H         LINE#         189
  C:3DD9H         LINE#         190
  C:3DF2H         LINE#         191
  C:3DF2H         LINE#         192
  C:3DF4H         LINE#         193
  C:3DF6H         LINE#         195
  C:3DF6H         LINE#         196
  C:3DF8H         LINE#         198
  C:3DF8H         LINE#         199
  C:3DF8H         LINE#         200
  C:3DF8H         LINE#         201
  C:3DFBH         LINE#         202
  C:3E14H         LINE#         204
  C:3E33H         LINE#         207
  C:3E3AH         LINE#         209
  C:3E3CH         LINE#         210
  C:3E43H         LINE#         212
  C:3E4AH         LINE#         213
  C:3E4AH         LINE#         214
  C:3E51H         LINE#         215
  C:3E51H         LINE#         216
  C:3E54H         LINE#         217
  C:3E56H         LINE#         218
  C:3E59H         LINE#         220
BL51 BANKED LINKER/LOCATER V6.22                                                      02/25/2019  13:17:59  PAGE 46


  C:3E5CH         LINE#         221
  C:3E5CH         LINE#         223
  C:3E60H         LINE#         224
  C:3E60H         LINE#         230
  C:3E7FH         LINE#         233
  C:3E81H         LINE#         234
  C:3E84H         LINE#         235
  C:3E89H         LINE#         237
  -------         ENDPROC       _AT25SF041_READ
  -------         PROC          READ_STATUS_REGISTER_BYTE1
  -------         DO            
  D:0003H         SYMBOL        dat
  D:0001H         SYMBOL        opcode
  X:03BDH         SYMBOL        count
  X:03BEH         SYMBOL        i
  -------         ENDDO         
  C:4337H         LINE#         241
  C:4337H         LINE#         242
  C:4337H         LINE#         243
  C:433DH         LINE#         244
  C:4341H         LINE#         245
  C:4343H         LINE#         246
  C:4345H         LINE#         247
  C:434BH         LINE#         251
  C:4352H         LINE#         252
  C:4352H         LINE#         253
  C:4354H         LINE#         254
  C:4357H         LINE#         255
  C:435BH         LINE#         256
  C:435BH         LINE#         257
  C:435DH         LINE#         258
  C:435FH         LINE#         260
  C:435FH         LINE#         261
  C:4361H         LINE#         263
  C:4361H         LINE#         264
  C:4361H         LINE#         265
  C:4361H         LINE#         266
  C:4364H         LINE#         267
  C:4368H         LINE#         270
  C:4387H         LINE#         274
  C:438EH         LINE#         276
  C:4390H         LINE#         277
  C:4397H         LINE#         278
  C:439EH         LINE#         279
  C:439EH         LINE#         280
  C:43A2H         LINE#         281
  C:43A2H         LINE#         282
  C:43A5H         LINE#         283
  C:43A7H         LINE#         284
  C:43AAH         LINE#         286
  C:43ADH         LINE#         287
  C:43ADH         LINE#         289
  C:43B1H         LINE#         290
  C:43B1H         LINE#         292
  C:43D0H         LINE#         296
  C:43D2H         LINE#         297
  C:43D5H         LINE#         298
BL51 BANKED LINKER/LOCATER V6.22                                                      02/25/2019  13:17:59  PAGE 47


  C:43D7H         LINE#         299
  -------         ENDPROC       READ_STATUS_REGISTER_BYTE1
  -------         PROC          SPI_NOR_WRITE_DATA
  X:061AH         SYMBOL        dat
  X:0625H         SYMBOL        addr
  C:34EAH         LINE#         301
  C:34EAH         LINE#         302
  C:34EAH         LINE#         304
  C:34EAH         LINE#         305
  C:34EDH         LINE#         307
  C:34F0H         LINE#         308
  C:34F7H         LINE#         309
  C:34F7H         LINE#         310
  C:34FAH         LINE#         312
  C:3514H         LINE#         313
  C:3532H         LINE#         315
  C:3539H         LINE#         316
  C:353CH         LINE#         318
  C:3556H         LINE#         319
  C:3556H         LINE#         320
  C:3556H         LINE#         323
  C:3559H         LINE#         325
  C:3573H         LINE#         326
  C:3573H         LINE#         327
  C:3573H         LINE#         329
  C:3576H         LINE#         331
  C:3590H         LINE#         332
  C:3590H         LINE#         333
  C:3590H         LINE#         335
  C:3593H         LINE#         337
  C:35ADH         LINE#         338
  C:35ADH         LINE#         339
  C:35ADH         LINE#         341
  C:35B0H         LINE#         343
  C:35CAH         LINE#         344
  C:35CAH         LINE#         345
  C:35CAH         LINE#         347
  C:35CDH         LINE#         349
  C:35E7H         LINE#         350
  C:35E7H         LINE#         351
  C:35E7H         LINE#         353
  C:35EAH         LINE#         355
  C:3604H         LINE#         356
  C:3604H         LINE#         357
  C:3604H         LINE#         359
  C:3607H         LINE#         361
  C:3621H         LINE#         362
  C:3621H         LINE#         363
  C:3621H         LINE#         365
  C:3624H         LINE#         367
  C:363EH         LINE#         368
  C:363EH         LINE#         369
  C:363EH         LINE#         371
  C:3641H         LINE#         373
  C:365BH         LINE#         374
  C:3662H         LINE#         375
  -------         ENDPROC       SPI_NOR_WRITE_DATA
BL51 BANKED LINKER/LOCATER V6.22                                                      02/25/2019  13:17:59  PAGE 48


  -------         ENDMOD        AT25SF041

  -------         MODULE        ?C_STARTUP
  C:45A6H         SEGMENT       ?C_C51STARTUP
  I:0022H         SEGMENT       ?STACK
  C:0000H         PUBLIC        ?C_STARTUP
  D:00E0H         SYMBOL        ACC
  D:00F0H         SYMBOL        B
  D:0083H         SYMBOL        DPH
  D:0082H         SYMBOL        DPL
  N:0000H         SYMBOL        IBPSTACK
  N:0100H         SYMBOL        IBPSTACKTOP
  N:0080H         SYMBOL        IDATALEN
  C:45A9H         SYMBOL        IDATALOOP
  N:0000H         SYMBOL        PBPSTACK
  N:0100H         SYMBOL        PBPSTACKTOP
  N:0000H         SYMBOL        PDATALEN
  N:0000H         SYMBOL        PDATASTART
  N:0000H         SYMBOL        PPAGE
  N:0000H         SYMBOL        PPAGEENABLE
  D:00A0H         SYMBOL        PPAGE_SFR
  D:0081H         SYMBOL        SP
  C:45A6H         SYMBOL        STARTUP1
  N:0000H         SYMBOL        XBPSTACK
  N:0000H         SYMBOL        XBPSTACKTOP
  N:0000H         SYMBOL        XDATALEN
  N:0000H         SYMBOL        XDATASTART
  C:0000H         LINE#         126
  C:45A6H         LINE#         133
  C:45A8H         LINE#         134
  C:45A9H         LINE#         135
  C:45AAH         LINE#         136
  C:45ACH         LINE#         185
  C:45AFH         LINE#         196
  -------         ENDMOD        ?C_STARTUP

  -------         MODULE        ?C?FPADD
  C:1566H         PUBLIC        ?C?FPADD
  C:1562H         PUBLIC        ?C?FPSUB
  -------         ENDMOD        ?C?FPADD

  -------         MODULE        ?C?FPMUL
  C:1657H         PUBLIC        ?C?FPMUL
  -------         ENDMOD        ?C?FPMUL

  -------         MODULE        ?C?FPDIV
  C:1760H         PUBLIC        ?C?FPDIV
  -------         ENDMOD        ?C?FPDIV

  -------         MODULE        ?C?FPCMP
  C:17FFH         PUBLIC        ?C?FPCMP
  C:17FDH         PUBLIC        ?C?FPCMP3
  -------         ENDMOD        ?C?FPCMP

  -------         MODULE        ?C?FPNEG
  C:1876H         PUBLIC        ?C?FPNEG
  -------         ENDMOD        ?C?FPNEG
BL51 BANKED LINKER/LOCATER V6.22                                                      02/25/2019  13:17:59  PAGE 49



  -------         MODULE        ?C?FCAST
  C:1891H         PUBLIC        ?C?FCASTC
  C:188CH         PUBLIC        ?C?FCASTI
  C:1887H         PUBLIC        ?C?FCASTL
  -------         ENDMOD        ?C?FCAST

  -------         MODULE        ?C?CASTF
  C:18C5H         PUBLIC        ?C?CASTF
  -------         ENDMOD        ?C?CASTF

  -------         MODULE        ATAN2
  X:04D2H         PUBLIC        ?_atan2?BYTE
  C:43D8H         PUBLIC        _atan2
  -------         ENDMOD        ATAN2

  -------         MODULE        SIN
  C:3855H         PUBLIC        _COS
  C:386BH         PUBLIC        _SIN
  C:38A7H         PUBLIC        _TAN
  -------         ENDMOD        SIN

  -------         MODULE        ACOS
  C:4905H         PUBLIC        _ACOS
  -------         ENDMOD        ACOS

  -------         MODULE        ASIN
  C:4A13H         PUBLIC        _ASIN
  -------         ENDMOD        ASIN

  -------         MODULE        SQRT
  C:428FH         PUBLIC        _SQRT
  -------         ENDMOD        SQRT

  -------         MODULE        ATAN
  C:3C82H         PUBLIC        _ATAN
  -------         ENDMOD        ATAN

  -------         MODULE        ?C?COPY
  C:1A63H         PUBLIC        ?C?COPY
  -------         ENDMOD        ?C?COPY

  -------         MODULE        ?C?CLDPTR
  C:1A89H         PUBLIC        ?C?CLDPTR
  -------         ENDMOD        ?C?CLDPTR

  -------         MODULE        ?C?CLDOPTR
  C:1AA2H         PUBLIC        ?C?CLDOPTR
  -------         ENDMOD        ?C?CLDOPTR

  -------         MODULE        ?C?CSTPTR
  C:1ACFH         PUBLIC        ?C?CSTPTR
  -------         ENDMOD        ?C?CSTPTR

  -------         MODULE        ?C?IMUL
  C:1AE1H         PUBLIC        ?C?IMUL
  -------         ENDMOD        ?C?IMUL
BL51 BANKED LINKER/LOCATER V6.22                                                      02/25/2019  13:17:59  PAGE 50



  -------         MODULE        ?C?UIDIV
  C:1AF3H         PUBLIC        ?C?UIDIV
  -------         ENDMOD        ?C?UIDIV

  -------         MODULE        ?C?SIDIV
  C:1B48H         PUBLIC        ?C?SIDIV
  -------         ENDMOD        ?C?SIDIV

  -------         MODULE        ?C?ILDIX
  C:1B7EH         PUBLIC        ?C?ILDIX
  -------         ENDMOD        ?C?ILDIX

  -------         MODULE        ?C?ILDOPTR
  C:1B94H         PUBLIC        ?C?ILDOPTR
  -------         ENDMOD        ?C?ILDOPTR

  -------         MODULE        ?C?ISTPTR
  C:1BCCH         PUBLIC        ?C?ISTPTR
  -------         ENDMOD        ?C?ISTPTR

  -------         MODULE        ?C?LMUL
  C:1BEBH         PUBLIC        ?C?LMUL
  -------         ENDMOD        ?C?LMUL

  -------         MODULE        ?C?SLDIV
  C:494FH         PUBLIC        ?C?SLDIV
  -------         ENDMOD        ?C?SLDIV

  -------         MODULE        ?C?LNEG
  C:1C3AH         PUBLIC        ?C?LNEG
  -------         ENDMOD        ?C?LNEG

  -------         MODULE        ?C?ULCMP
  C:1C48H         PUBLIC        ?C?ULCMP
  -------         ENDMOD        ?C?ULCMP

  -------         MODULE        ?C?LSHL
  C:1C59H         PUBLIC        ?C?LSHL
  -------         ENDMOD        ?C?LSHL

  -------         MODULE        ?C?LLDPTR
  C:1C6CH         PUBLIC        ?C?LLDPTR
  -------         ENDMOD        ?C?LLDPTR

  -------         MODULE        ?C?LLDOPTR
  C:1C8CH         PUBLIC        ?C?LLDOPTR
  -------         ENDMOD        ?C?LLDOPTR

  -------         MODULE        ?C?LSTPTR
  C:1CBCH         PUBLIC        ?C?LSTPTR
  -------         ENDMOD        ?C?LSTPTR

  -------         MODULE        ?C?LSTOPTR
  C:1CD6H         PUBLIC        ?C?LSTOPTR
  -------         ENDMOD        ?C?LSTOPTR

BL51 BANKED LINKER/LOCATER V6.22                                                      02/25/2019  13:17:59  PAGE 51


  -------         MODULE        ?C?LLDXDATA
  C:1CFAH         PUBLIC        ?C?LLDXDATA
  -------         ENDMOD        ?C?LLDXDATA

  -------         MODULE        ?C?LLDCODE
  C:1D06H         PUBLIC        ?C?LLDCODE
  -------         ENDMOD        ?C?LLDCODE

  -------         MODULE        ?C?LLDXDATA0
  C:1D16H         PUBLIC        ?C?LLDXDATA0
  -------         ENDMOD        ?C?LLDXDATA0

  -------         MODULE        ?C?LLDCODE0
  C:1D22H         PUBLIC        ?C?LLDCODE0
  -------         ENDMOD        ?C?LLDCODE0

  -------         MODULE        ?C?LLDPTR0
  C:1D32H         PUBLIC        ?C?LLDPTR0
  -------         ENDMOD        ?C?LLDPTR0

  -------         MODULE        ?C?LSTXDATA
  C:1D52H         PUBLIC        ?C?LSTXDATA
  -------         ENDMOD        ?C?LSTXDATA

  -------         MODULE        ?C?LSTKXDATA
  C:1D5EH         PUBLIC        ?C?LSTKXDATA
  -------         ENDMOD        ?C?LSTKXDATA

  -------         MODULE        ?C?LSTKPTR
  C:1D8FH         PUBLIC        ?C?LSTKPTR
  -------         ENDMOD        ?C?LSTKPTR

  -------         MODULE        ?C?OFFXADD
  C:1DA9H         PUBLIC        ?C?OFFXADD
  -------         ENDMOD        ?C?OFFXADD

  -------         MODULE        ABS
  C:4D3BH         PUBLIC        _ABS
  -------         ENDMOD        ABS

  -------         MODULE        ATOI
  C:3F85H         PUBLIC        _atoi
  -------         ENDMOD        ATOI

  -------         MODULE        ?C?IILDX
  C:1DB5H         PUBLIC        ?C?IILDX
  -------         ENDMOD        ?C?IILDX

  -------         MODULE        ?C?ULDIV
  C:1E07H         PUBLIC        ?C?ULDIV
  -------         ENDMOD        ?C?ULDIV

  -------         MODULE        ?C?LLDIDATA
  C:1E99H         PUBLIC        ?C?LLDIDATA
  -------         ENDMOD        ?C?LLDIDATA

  -------         MODULE        ?C?LLDPDATA
BL51 BANKED LINKER/LOCATER V6.22                                                      02/25/2019  13:17:59  PAGE 52


  C:1EA5H         PUBLIC        ?C?LLDPDATA
  -------         ENDMOD        ?C?LLDPDATA

  -------         MODULE        ?C?LLDIDATA0
  C:1EB1H         PUBLIC        ?C?LLDIDATA0
  -------         ENDMOD        ?C?LLDIDATA0

  -------         MODULE        ?C?LLDPDATA0
  C:1EBEH         PUBLIC        ?C?LLDPDATA0
  -------         ENDMOD        ?C?LLDPDATA0

  -------         MODULE        ?C?LSTIDATA
  C:1ECBH         PUBLIC        ?C?LSTIDATA
  -------         ENDMOD        ?C?LSTIDATA

  -------         MODULE        ?C?LSTPDATA
  C:1ED7H         PUBLIC        ?C?LSTPDATA
  -------         ENDMOD        ?C?LSTPDATA

  -------         MODULE        ?C?LSTKIDATA
  C:1EE3H         PUBLIC        ?C?LSTKIDATA
  -------         ENDMOD        ?C?LSTKIDATA

  -------         MODULE        ?C?LSTKPDATA
  C:1EFCH         PUBLIC        ?C?LSTKPDATA
  -------         ENDMOD        ?C?LSTKPDATA

  -------         MODULE        ISDIGIT
  C:4D13H         PUBLIC        _isdigit
  -------         ENDMOD        ISDIGIT

  -------         MODULE        ISSPACE
  C:4CAEH         PUBLIC        _isspace
  -------         ENDMOD        ISSPACE

*** WARNING L16: UNCALLED SEGMENT, IGNORED FOR OVERLAY PROCESS
    SEGMENT: ?PR?_DISPLAY_PROX?MAIN

*** WARNING L16: UNCALLED SEGMENT, IGNORED FOR OVERLAY PROCESS
    SEGMENT: ?PR?_DAY_OF_YEAR?PCF85063BTL

*** WARNING L16: UNCALLED SEGMENT, IGNORED FOR OVERLAY PROCESS
    SEGMENT: ?PR?INITUART1?UART1

*** WARNING L16: UNCALLED SEGMENT, IGNORED FOR OVERLAY PROCESS
    SEGMENT: ?PR?_SENDSTRING?UART1

*** WARNING L16: UNCALLED SEGMENT, IGNORED FOR OVERLAY PROCESS
    SEGMENT: ?PR?_TEN?UART1

*** WARNING L16: UNCALLED SEGMENT, IGNORED FOR OVERLAY PROCESS
    SEGMENT: ?PR?_UNIT?UART1

*** WARNING L16: UNCALLED SEGMENT, IGNORED FOR OVERLAY PROCESS
    SEGMENT: ?PR?_DECTOBCD?UART1

*** WARNING L16: UNCALLED SEGMENT, IGNORED FOR OVERLAY PROCESS
BL51 BANKED LINKER/LOCATER V6.22                                                      02/25/2019  13:17:59  PAGE 53


    SEGMENT: ?PR?_ASCII_LETTER?UART1

*** WARNING L16: UNCALLED SEGMENT, IGNORED FOR OVERLAY PROCESS
    SEGMENT: ?PR?_ASCIITOBCD?UART1

*** WARNING L16: UNCALLED SEGMENT, IGNORED FOR OVERLAY PROCESS
    SEGMENT: ?PR?WAIT?BIPOLARMOTOR

*** WARNING L16: UNCALLED SEGMENT, IGNORED FOR OVERLAY PROCESS
    SEGMENT: ?PR?_FINDDET4X4?BIPOLARMOTOR

*** WARNING L16: UNCALLED SEGMENT, IGNORED FOR OVERLAY PROCESS
    SEGMENT: ?PR?NOP?IOEXPANDER_PI4IOE5V96248

*** WARNING L16: UNCALLED SEGMENT, IGNORED FOR OVERLAY PROCESS
    SEGMENT: ?PR?UC_ACK?IOEXPANDER_PI4IOE5V96248

*** WARNING L16: UNCALLED SEGMENT, IGNORED FOR OVERLAY PROCESS
    SEGMENT: ?PR?UC_NACK?IOEXPANDER_PI4IOE5V96248

*** WARNING L16: UNCALLED SEGMENT, IGNORED FOR OVERLAY PROCESS
    SEGMENT: ?PR?_AT25SF041_READ?AT25SF041

*** WARNING L16: UNCALLED SEGMENT, IGNORED FOR OVERLAY PROCESS
    SEGMENT: ?PR?SPI_NOR_WRITE_DATA?AT25SF041

*** WARNING L1: UNRESOLVED EXTERNAL SYMBOL
    SYMBOL:  AUTO_MODE
    MODULE:  .\Obj\main.obj (MAIN)

*** WARNING L2: REFERENCE MADE TO UNRESOLVED EXTERNAL
    SYMBOL:  AUTO_MODE
    MODULE:  .\Obj\main.obj (MAIN)
    ADDRESS: 0B3BH

*** WARNING L2: REFERENCE MADE TO UNRESOLVED EXTERNAL
    SYMBOL:  AUTO_MODE
    MODULE:  .\Obj\main.obj (MAIN)
    ADDRESS: 0E13H

*** WARNING L2: REFERENCE MADE TO UNRESOLVED EXTERNAL
    SYMBOL:  AUTO_MODE
    MODULE:  .\Obj\main.obj (MAIN)
    ADDRESS: 0E21H

*** WARNING L2: REFERENCE MADE TO UNRESOLVED EXTERNAL
    SYMBOL:  AUTO_MODE
    MODULE:  .\Obj\main.obj (MAIN)
    ADDRESS: 0E33H

*** WARNING L2: REFERENCE MADE TO UNRESOLVED EXTERNAL
    SYMBOL:  AUTO_MODE
    MODULE:  .\Obj\main.obj (MAIN)
    ADDRESS: 0E75H

*** WARNING L2: REFERENCE MADE TO UNRESOLVED EXTERNAL
    SYMBOL:  AUTO_MODE
BL51 BANKED LINKER/LOCATER V6.22                                                      02/25/2019  13:17:59  PAGE 54


    MODULE:  .\Obj\main.obj (MAIN)
    ADDRESS: 0F48H

*** WARNING L1: UNRESOLVED EXTERNAL SYMBOL
    SYMBOL:  _SENDUART1
    MODULE:  .\Obj\UART1.obj (UART1)

*** WARNING L2: REFERENCE MADE TO UNRESOLVED EXTERNAL
    SYMBOL:  _SENDUART1
    MODULE:  .\Obj\UART1.obj (UART1)
    ADDRESS: 4A7CH

*** WARNING L1: UNRESOLVED EXTERNAL SYMBOL
    SYMBOL:  AUTO_MODE
    MODULE:  .\Obj\KeyPad.obj (KEYPAD)

*** WARNING L2: REFERENCE MADE TO UNRESOLVED EXTERNAL
    SYMBOL:  AUTO_MODE
    MODULE:  .\Obj\KeyPad.obj (KEYPAD)
    ADDRESS: 30C6H

*** WARNING L2: REFERENCE MADE TO UNRESOLVED EXTERNAL
    SYMBOL:  AUTO_MODE
    MODULE:  .\Obj\KeyPad.obj (KEYPAD)
    ADDRESS: 30D1H

*** WARNING L2: REFERENCE MADE TO UNRESOLVED EXTERNAL
    SYMBOL:  AUTO_MODE
    MODULE:  .\Obj\KeyPad.obj (KEYPAD)
    ADDRESS: 30D8H

Program Size: data=10.2 xdata=1607 code=19821
LINK/LOCATE RUN COMPLETE.  29 WARNING(S),  0 ERROR(S)
