BL51 BANKED LINKER/LOCATER V6.22                                                        01/30/2019  10:42:41  PAGE 1


BL51 BANKED LINKER/LOCATER V6.22, INVOKED BY:
C:\KEIL_V5\C51\BIN\BL51.EXE .\Obj\main.obj, .\Obj\PCF85063BTL.obj, .\Obj\UART1.obj, .\Obj\LCd_Driver_SPLC780D.obj, .\Obj
>> \KeyPad.obj, .\Obj\BipolarMotor.obj, .\Obj\SunPos.obj, .\Obj\ADC.obj, .\Obj\Calibration.obj, .\Obj\IOExpander_PI4IOE5
>> V96248.obj, .\Obj\STARTUP.obj TO .\Obj\GPIO_RTC_Test PRINT (.\Lis\GPIO_RTC_Test.m51) RAMSIZE (256)


MEMORY MODEL: LARGE WITH FLOATING POINT ARITHMETIC


INPUT MODULES INCLUDED:
  .\Obj\main.obj (MAIN)
  .\Obj\PCF85063BTL.obj (PCF85063BTL)
  .\Obj\UART1.obj (UART1)
  .\Obj\LCd_Driver_SPLC780D.obj (LCD_DRIVER_SPLC780D)
  .\Obj\KeyPad.obj (KEYPAD)
  .\Obj\BipolarMotor.obj (BIPOLARMOTOR)
  .\Obj\SunPos.obj (SUNPOS)
  .\Obj\ADC.obj (ADC)
  .\Obj\Calibration.obj (CALIBRATION)
  .\Obj\IOExpander_PI4IOE5V96248.obj (IOEXPANDER_PI4IOE5V96248)
  .\Obj\STARTUP.obj (?C_STARTUP)
  C:\KEIL_V5\C51\LIB\C51FPL.LIB (?C?FPADD)
  C:\KEIL_V5\C51\LIB\C51FPL.LIB (?C?FPMUL)
  C:\KEIL_V5\C51\LIB\C51FPL.LIB (?C?FPDIV)
  C:\KEIL_V5\C51\LIB\C51FPL.LIB (?C?FPCMP)
  C:\KEIL_V5\C51\LIB\C51FPL.LIB (?C?FPNEG)
  C:\KEIL_V5\C51\LIB\C51FPL.LIB (?C?FCAST)
  C:\KEIL_V5\C51\LIB\C51FPL.LIB (?C?CASTF)
  C:\KEIL_V5\C51\LIB\C51FPL.LIB (ATAN2)
  C:\KEIL_V5\C51\LIB\C51FPL.LIB (SIN)
  C:\KEIL_V5\C51\LIB\C51FPL.LIB (ACOS)
  C:\KEIL_V5\C51\LIB\C51FPL.LIB (ASIN)
  C:\KEIL_V5\C51\LIB\C51FPL.LIB (?C?FPGETOPN)
  C:\KEIL_V5\C51\LIB\C51FPL.LIB (?C?FPSERIES)
  C:\KEIL_V5\C51\LIB\C51FPL.LIB (SQRT)
  C:\KEIL_V5\C51\LIB\C51FPL.LIB (ATAN)
  C:\KEIL_V5\C51\LIB\C51L.LIB (?C_INIT)
  C:\KEIL_V5\C51\LIB\C51L.LIB (?C?COPY)
  C:\KEIL_V5\C51\LIB\C51L.LIB (?C?CLDPTR)
  C:\KEIL_V5\C51\LIB\C51L.LIB (?C?CLDOPTR)
  C:\KEIL_V5\C51\LIB\C51L.LIB (?C?CSTPTR)
  C:\KEIL_V5\C51\LIB\C51L.LIB (?C?IMUL)
  C:\KEIL_V5\C51\LIB\C51L.LIB (?C?UIDIV)
  C:\KEIL_V5\C51\LIB\C51L.LIB (?C?SIDIV)
  C:\KEIL_V5\C51\LIB\C51L.LIB (?C?ILDIX)
  C:\KEIL_V5\C51\LIB\C51L.LIB (?C?ILDOPTR)
  C:\KEIL_V5\C51\LIB\C51L.LIB (?C?LMUL)
  C:\KEIL_V5\C51\LIB\C51L.LIB (?C?SLDIV)
  C:\KEIL_V5\C51\LIB\C51L.LIB (?C?LNEG)
  C:\KEIL_V5\C51\LIB\C51L.LIB (?C?LLDPTR)
  C:\KEIL_V5\C51\LIB\C51L.LIB (?C?LLDOPTR)
  C:\KEIL_V5\C51\LIB\C51L.LIB (?C?LSTPTR)
  C:\KEIL_V5\C51\LIB\C51L.LIB (?C?LSTOPTR)
  C:\KEIL_V5\C51\LIB\C51L.LIB (?C?LLDXDATA)
  C:\KEIL_V5\C51\LIB\C51L.LIB (?C?LLDCODE)
  C:\KEIL_V5\C51\LIB\C51L.LIB (?C?LLDXDATA0)
  C:\KEIL_V5\C51\LIB\C51L.LIB (?C?LLDCODE0)
  C:\KEIL_V5\C51\LIB\C51L.LIB (?C?LLDPTR0)
BL51 BANKED LINKER/LOCATER V6.22                                                      01/30/2019  10:42:41  PAGE 2


  C:\KEIL_V5\C51\LIB\C51L.LIB (?C?LSTXDATA)
  C:\KEIL_V5\C51\LIB\C51L.LIB (?C?LSTKXDATA)
  C:\KEIL_V5\C51\LIB\C51L.LIB (?C?OFFXADD)
  C:\KEIL_V5\C51\LIB\C51L.LIB (ABS)
  C:\KEIL_V5\C51\LIB\C51L.LIB (ATOI)
  C:\KEIL_V5\C51\LIB\C51L.LIB (?C?IILDX)
  C:\KEIL_V5\C51\LIB\C51L.LIB (?C?ULDIV)
  C:\KEIL_V5\C51\LIB\C51L.LIB (?C?LLDIDATA)
  C:\KEIL_V5\C51\LIB\C51L.LIB (?C?LLDPDATA)
  C:\KEIL_V5\C51\LIB\C51L.LIB (?C?LLDIDATA0)
  C:\KEIL_V5\C51\LIB\C51L.LIB (?C?LLDPDATA0)
  C:\KEIL_V5\C51\LIB\C51L.LIB (?C?LSTIDATA)
  C:\KEIL_V5\C51\LIB\C51L.LIB (?C?LSTPDATA)
  C:\KEIL_V5\C51\LIB\C51L.LIB (ISDIGIT)
  C:\KEIL_V5\C51\LIB\C51L.LIB (ISSPACE)


LINK MAP OF MODULE:  .\Obj\GPIO_RTC_Test (MAIN)


            TYPE    BASE      LENGTH    RELOCATION   SEGMENT NAME
            -----------------------------------------------------

            * * * * * * *   D A T A   M E M O R Y   * * * * * * *
            REG     0000H     0008H     ABSOLUTE     "REG BANK 0"
                    0008H     0018H                  *** GAP ***
            BIT     0020H.0   0000H.5   UNIT         ?BI?KEYPAD
            BIT     0020H.5   0000H.3   UNIT         _BIT_GROUP_
            BIT     0021H.0   0000H.1   UNIT         ?BI?MAIN
            BIT     0021H.1   0000H.1   UNIT         ?BI?_ATOI?ATOI
                    0021H.2   0000H.6                *** GAP ***
            IDATA   0022H     0001H     UNIT         ?STACK

            * * * * * * *  X D A T A   M E M O R Y  * * * * * * *
            XDATA   0000H     039FH     UNIT         ?XD?BIPOLARMOTOR
            XDATA   039FH     0135H     UNIT         _XDATA_GROUP_
            XDATA   04D4H     00D4H     UNIT         ?XD?MAIN
            XDATA   05A8H     0040H     UNIT         ?XD?_FINDDET4X4?BIPOLARMOTOR
            XDATA   05E8H     0024H     UNIT         ?XD?_FINDDET3X3?BIPOLARMOTOR
            XDATA   060CH     0009H     UNIT         ?XD?KEYPAD
            XDATA   0615H     0005H     UNIT         ?XD?_ATOI?ATOI
            XDATA   061AH     0004H     UNIT         ?XD?_DISPLAY_PROX?MAIN
            XDATA   061EH     0003H     UNIT         ?XD?_SENDSTRING?UART1
            XDATA   0621H     0001H     UNIT         ?XD?UC_ACK?IOEXPANDER_PI4IOE5V96248
            XDATA   0622H     0001H     UNIT         ?XD?UC_NACK?IOEXPANDER_PI4IOE5V96248

            * * * * * * *   C O D E   M E M O R Y   * * * * * * *
            CODE    0000H     0003H     ABSOLUTE     
            CODE    0003H     0006H     UNIT         ?PR?_TEN?UART1
            CODE    0009H     0001H     UNIT         ?PR?TM0_ISR?MAIN
            CODE    000AH     0001H     UNIT         ?PR?_DECTOBCD?UART1
            CODE    000BH     0003H     ABSOLUTE     
            CODE    000EH     0B00H     UNIT         ?PR?_UPDATE_POSITION?BIPOLARMOTOR
            CODE    0B0EH     0927H     UNIT         ?C?LIB_CODE
            CODE    1435H     0849H     UNIT         ?PR?MAIN?MAIN
            CODE    1C7EH     07A2H     UNIT         ?PR?SUNPOS?SUNPOS
            CODE    2420H     0405H     UNIT         ?C_INITSEG
BL51 BANKED LINKER/LOCATER V6.22                                                      01/30/2019  10:42:41  PAGE 3


            CODE    2825H     02C0H     UNIT         ?PR?_FINDDET4X4?BIPOLARMOTOR
            CODE    2AE5H     02A0H     UNIT         ?PR?KEY_PROCESS?KEYPAD
            CODE    2D85H     01D1H     UNIT         ?PR?_FINDDET3X3?BIPOLARMOTOR
            CODE    2F56H     01B5H     UNIT         ?PR?_DISPLAY_POS?MAIN
            CODE    310BH     018DH     UNIT         ?PR?KEY_SCAN?KEYPAD
            CODE    3298H     0188H     UNIT         ?PR?SIN?SIN
            CODE    3420H     013EH     UNIT         ?PR?_FIND_REAL_MAX?CALIBRATION
            CODE    355EH     0122H     UNIT         ?PR?ATAN?ATAN
            CODE    3680H     00E4H     UNIT         ?PR?_CALIBRATION?CALIBRATION
            CODE    3764H     00DBH     UNIT         ?PR?_ATOI?ATOI
            CODE    383FH     00C3H     UNIT         ?PR?LINEAR_INTERPOLATE?BIPOLARMOTOR
            CODE    3902H     00BBH     UNIT         ?PR?VOLTAGE_IS_STABLE?CALIBRATION
            CODE    39BDH     00ADH     UNIT         ?PR?_WRITE_PI4IOE5V96248?IOEXPANDER_PI4IOE5V96248
            CODE    3A6AH     00ACH     UNIT         ?PR?SQRT?SQRT
            CODE    3B16H     009DH     UNIT         ?PR?_ATAN2?ATAN2
            CODE    3BB3H     0096H     UNIT         ?PR?_MAX_VALUE?CALIBRATION
            CODE    3C49H     0095H     UNIT         ?PR?_DISPLAY_PROX?MAIN
            CODE    3CDEH     008CH     UNIT         ?C_C51STARTUP
            CODE    3D6AH     0084H     UNIT         ?PR?_DAY_OF_YEAR?PCF85063BTL
            CODE    3DEEH     0075H     UNIT         ?PR?_WRITEDATA?LCD_DRIVER_SPLC780D
            CODE    3E63H     006FH     UNIT         ?PR?_READ_TIME?PCF85063BTL
            CODE    3ED2H     0059H     UNIT         ?PR?LCD_INIT?LCD_DRIVER_SPLC780D
            CODE    3F2BH     004AH     UNIT         ?PR?VONESTEPMOVE?BIPOLARMOTOR
            CODE    3F75H     004AH     UNIT         ?PR?ACOS?ACOS
            CODE    3FBFH     0044H     UNIT         ?C?LDIV
            CODE    4003H     0040H     UNIT         ?PR?_COMMAND?LCD_DRIVER_SPLC780D
            CODE    4043H     0040H     UNIT         ?PR?_STEP_MOVE?BIPOLARMOTOR
            CODE    4083H     003BH     UNIT         ?PR?ASIN?ASIN
            CODE    40BEH     0033H     UNIT         ?PR?_SENDSTRING?UART1
            CODE    40F1H     002BH     UNIT         ?PR?_WAIT_MS_I2C?IOEXPANDER_PI4IOE5V96248
            CODE    411CH     0028H     UNIT         ?PR?_MOVE?BIPOLARMOTOR
            CODE    4144H     0027H     UNIT         ?PR?_I2C_SENDBYTE?IOEXPANDER_PI4IOE5V96248
            CODE    416BH     0026H     UNIT         ?PR?_ADC_GETRESULT?ADC
            CODE    4191H     0024H     UNIT         ?PR?_WAIT_MS?LCD_DRIVER_SPLC780D
            CODE    41B5H     0020H     UNIT         ?PR?_SPI_SENDBYTE?PCF85063BTL
            CODE    41D5H     0020H     UNIT         ?PR?SPI_RECEIVEBYTE?PCF85063BTL
            CODE    41F5H     001EH     UNIT         ?PR?_DELAY_MS?KEYPAD
            CODE    4213H     001DH     UNIT         ?PR?_DISPLAYLCD?LCD_DRIVER_SPLC780D
            CODE    4230H     001DH     UNIT         ?PR?ADC_INIT?ADC
            CODE    424DH     001BH     UNIT         ?PR?_BCDTODEC1?BIPOLARMOTOR
            CODE    4268H     0018H     UNIT         ?PR?_SPI_WRITETIME?PCF85063BTL
            CODE    4280H     0017H     UNIT         ?PR?_ASCIITOBCD?UART1
            CODE    4297H     0016H     UNIT         ?PR?I2C_ACK?IOEXPANDER_PI4IOE5V96248
            CODE    42ADH     0015H     UNIT         ?PR?_DISPLAY_LINE?LCD_DRIVER_SPLC780D
            CODE    42C2H     0015H     UNIT         ?PR?I2C_STOP?IOEXPANDER_PI4IOE5V96248
            CODE    42D7H     0014H     UNIT         ?PR?_PCF85063BTL_DELAY?PCF85063BTL
            CODE    42EBH     0014H     UNIT         ?PR?_ISSPACE?ISSPACE
            CODE    42FFH     0011H     UNIT         ?PR?_SPI_READTIME?PCF85063BTL
            CODE    4310H     0011H     UNIT         ?PR?_BCDTODEC?PCF85063BTL
            CODE    4321H     0011H     UNIT         ?PR?INITUART1?UART1
            CODE    4332H     000FH     UNIT         ?PR?I2C_START?IOEXPANDER_PI4IOE5V96248
            CODE    4341H     000FH     UNIT         ?PR?UC_NACK?IOEXPANDER_PI4IOE5V96248
            CODE    4350H     000FH     UNIT         ?PR?_ISDIGIT?ISDIGIT
            CODE    435FH     000DH     UNIT         ?PR?SPI_INIT?PCF85063BTL
            CODE    436CH     000CH     UNIT         ?PR?KEYPAD_IO_INIT?KEYPAD
            CODE    4378H     000CH     UNIT         ?PR?_ABS?ABS
            CODE    4384H     000AH     UNIT         ?PR?LCD_RETURN_HOME?LCD_DRIVER_SPLC780D
BL51 BANKED LINKER/LOCATER V6.22                                                      01/30/2019  10:42:41  PAGE 4


            CODE    438EH     000AH     UNIT         ?PR?LCD_CLEAR?LCD_DRIVER_SPLC780D
            CODE    4398H     0006H     UNIT         ?PR?UC_ACK?IOEXPANDER_PI4IOE5V96248
            CODE    439EH     0005H     UNIT         ?PR?_UNIT?UART1
            CODE    43A3H     0005H     UNIT         ?PR?_ASCII_LETTER?UART1
            CODE    43A8H     0001H     UNIT         ?PR?WAIT?BIPOLARMOTOR
            CODE    43A9H     0001H     UNIT         ?PR?NOP?IOEXPANDER_PI4IOE5V96248



OVERLAY MAP OF MODULE:   .\Obj\GPIO_RTC_Test (MAIN)


SEGMENT                                             BIT_GROUP          XDATA_GROUP
  +--> CALLED SEGMENT                            START    LENGTH     START    LENGTH
------------------------------------------------------------------------------------
?C_C51STARTUP                                    -----    -----      -----    -----
  +--> ?PR?MAIN?MAIN
  +--> ?C_INITSEG

?PR?MAIN?MAIN                                    -----    -----      039FH    0019H
  +--> ?PR?LCD_INIT?LCD_DRIVER_SPLC780D
  +--> ?PR?SPI_INIT?PCF85063BTL
  +--> ?PR?KEYPAD_IO_INIT?KEYPAD
  +--> ?PR?ADC_INIT?ADC
  +--> ?PR?_SPI_WRITETIME?PCF85063BTL
  +--> ?PR?_DELAY_MS?KEYPAD
  +--> ?PR?_DISPLAY_LINE?LCD_DRIVER_SPLC780D
  +--> ?PR?_WRITEDATA?LCD_DRIVER_SPLC780D
  +--> ?PR?KEY_PROCESS?KEYPAD
  +--> ?PR?_COMMAND?LCD_DRIVER_SPLC780D
  +--> ?PR?_DISPLAY_POS?MAIN
  +--> ?PR?_DISPLAYLCD?LCD_DRIVER_SPLC780D
  +--> ?PR?_STEP_MOVE?BIPOLARMOTOR
  +--> ?PR?LCD_RETURN_HOME?LCD_DRIVER_SPLC780D
  +--> ?PR?_READ_TIME?PCF85063BTL
  +--> ?PR?_BCDTODEC1?BIPOLARMOTOR
  +--> ?PR?_CALIBRATION?CALIBRATION
  +--> ?PR?LINEAR_INTERPOLATE?BIPOLARMOTOR
  +--> ?PR?_UPDATE_POSITION?BIPOLARMOTOR

?PR?LCD_INIT?LCD_DRIVER_SPLC780D                 -----    -----      -----    -----
  +--> ?PR?_WAIT_MS?LCD_DRIVER_SPLC780D
  +--> ?PR?_COMMAND?LCD_DRIVER_SPLC780D

?PR?_COMMAND?LCD_DRIVER_SPLC780D                 -----    -----      -----    -----
  +--> ?PR?_WAIT_MS?LCD_DRIVER_SPLC780D

?PR?ADC_INIT?ADC                                 -----    -----      -----    -----
  +--> ?PR?_WAIT_MS?LCD_DRIVER_SPLC780D

?PR?_SPI_WRITETIME?PCF85063BTL                   -----    -----      -----    -----
  +--> ?PR?_SPI_SENDBYTE?PCF85063BTL

?PR?_SPI_SENDBYTE?PCF85063BTL                    -----    -----      -----    -----
  +--> ?PR?_PCF85063BTL_DELAY?PCF85063BTL

?PR?_DISPLAY_LINE?LCD_DRIVER_SPLC780D            -----    -----      -----    -----
BL51 BANKED LINKER/LOCATER V6.22                                                      01/30/2019  10:42:41  PAGE 5


  +--> ?PR?_COMMAND?LCD_DRIVER_SPLC780D

?PR?_WRITEDATA?LCD_DRIVER_SPLC780D               -----    -----      03C2H    0001H
  +--> ?PR?_WAIT_MS?LCD_DRIVER_SPLC780D

?PR?KEY_PROCESS?KEYPAD                           -----    -----      03B8H    0006H
  +--> ?PR?KEY_SCAN?KEYPAD
  +--> ?PR?_SPI_WRITETIME?PCF85063BTL
  +--> ?PR?LCD_CLEAR?LCD_DRIVER_SPLC780D
  +--> ?PR?_COMMAND?LCD_DRIVER_SPLC780D
  +--> ?PR?_WRITEDATA?LCD_DRIVER_SPLC780D

?PR?KEY_SCAN?KEYPAD                              -----    -----      03BEH    0003H

?PR?LCD_CLEAR?LCD_DRIVER_SPLC780D                -----    -----      -----    -----
  +--> ?PR?_COMMAND?LCD_DRIVER_SPLC780D

?PR?_DISPLAY_POS?MAIN                            -----    -----      03B8H    000AH
  +--> ?PR?_ABS?ABS
  +--> ?PR?_WRITEDATA?LCD_DRIVER_SPLC780D

?PR?_DISPLAYLCD?LCD_DRIVER_SPLC780D              -----    -----      03B8H    0001H
  +--> ?PR?_WRITEDATA?LCD_DRIVER_SPLC780D

?PR?_STEP_MOVE?BIPOLARMOTOR                      0020H.6  0000H.1    046FH    0004H
  +--> ?PR?VONESTEPMOVE?BIPOLARMOTOR

?PR?VONESTEPMOVE?BIPOLARMOTOR                    0020H.7  0000H.1    -----    -----
  +--> ?PR?_WRITE_PI4IOE5V96248?IOEXPANDER_P...
  +--> ?PR?_DELAY_MS?KEYPAD

?PR?_WRITE_PI4IOE5V96248?IOEXPANDER_P...         -----    -----      0473H    0003H
  +--> ?PR?I2C_START?IOEXPANDER_PI4IOE5V96248
  +--> ?PR?_WAIT_MS_I2C?IOEXPANDER_PI4IOE5V9...
  +--> ?PR?_I2C_SENDBYTE?IOEXPANDER_PI4IOE5V...
  +--> ?PR?I2C_ACK?IOEXPANDER_PI4IOE5V96248
  +--> ?PR?I2C_STOP?IOEXPANDER_PI4IOE5V96248

?PR?I2C_START?IOEXPANDER_PI4IOE5V96248           -----    -----      -----    -----
  +--> ?PR?_WAIT_MS_I2C?IOEXPANDER_PI4IOE5V9...

?PR?_I2C_SENDBYTE?IOEXPANDER_PI4IOE5V...         -----    -----      -----    -----
  +--> ?PR?_WAIT_MS_I2C?IOEXPANDER_PI4IOE5V9...

?PR?I2C_ACK?IOEXPANDER_PI4IOE5V96248             -----    -----      0476H    0001H
  +--> ?PR?_WAIT_MS_I2C?IOEXPANDER_PI4IOE5V9...

?PR?I2C_STOP?IOEXPANDER_PI4IOE5V96248            -----    -----      -----    -----
  +--> ?PR?_WAIT_MS_I2C?IOEXPANDER_PI4IOE5V9...

?PR?LCD_RETURN_HOME?LCD_DRIVER_SPLC780D          -----    -----      -----    -----
  +--> ?PR?_COMMAND?LCD_DRIVER_SPLC780D

?PR?_READ_TIME?PCF85063BTL                       -----    -----      03B8H    000FH
  +--> ?PR?_SPI_READTIME?PCF85063BTL

?PR?_SPI_READTIME?PCF85063BTL                    -----    -----      -----    -----
BL51 BANKED LINKER/LOCATER V6.22                                                      01/30/2019  10:42:41  PAGE 6


  +--> ?PR?_SPI_SENDBYTE?PCF85063BTL
  +--> ?PR?SPI_RECEIVEBYTE?PCF85063BTL

?PR?SPI_RECEIVEBYTE?PCF85063BTL                  -----    -----      -----    -----
  +--> ?PR?_PCF85063BTL_DELAY?PCF85063BTL

?PR?_CALIBRATION?CALIBRATION                     -----    -----      03B8H    0014H
  +--> ?PR?VOLTAGE_IS_STABLE?CALIBRATION
  +--> ?PR?_UPDATE_POSITION?BIPOLARMOTOR
  +--> ?PR?_FIND_REAL_MAX?CALIBRATION

?PR?VOLTAGE_IS_STABLE?CALIBRATION                -----    -----      03CCH    0018H
  +--> ?PR?_ADC_GETRESULT?ADC
  +--> ?PR?_ABS?ABS

?PR?_UPDATE_POSITION?BIPOLARMOTOR                -----    -----      03CCH    009FH
  +--> ?PR?_BCDTODEC1?BIPOLARMOTOR
  +--> ?PR?SUNPOS?SUNPOS
  +--> ?PR?SIN?SIN
  +--> ?PR?ASIN?ASIN
  +--> ?PR?LINEAR_INTERPOLATE?BIPOLARMOTOR
  +--> ?PR?_ABS?ABS
  +--> ?PR?_MOVE?BIPOLARMOTOR

?PR?SUNPOS?SUNPOS                                -----    -----      046BH    005DH
  +--> ?PR?SIN?SIN
  +--> ?PR?_ATAN2?ATAN2
  +--> ?PR?ASIN?ASIN
  +--> ?PR?ACOS?ACOS

?PR?SIN?SIN                                      0020H.5  0000H.1    04C8H    0004H

?PR?_ATAN2?ATAN2                                 -----    -----      04C8H    0008H
  +--> ?PR?ATAN?ATAN

?PR?ATAN?ATAN                                    0020H.5  0000H.2    04D0H    0004H

?PR?ASIN?ASIN                                    -----    -----      -----    -----
  +--> ?PR?SQRT?SQRT
  +--> ?PR?ATAN?ATAN

?PR?SQRT?SQRT                                    -----    -----      04C8H    0004H

?PR?ACOS?ACOS                                    -----    -----      -----    -----
  +--> ?PR?SQRT?SQRT
  +--> ?PR?ATAN?ATAN

?PR?LINEAR_INTERPOLATE?BIPOLARMOTOR              -----    -----      046BH    0014H

?PR?_MOVE?BIPOLARMOTOR                           0020H.5  0000H.1    046BH    0004H
  +--> ?PR?_STEP_MOVE?BIPOLARMOTOR

?PR?_FIND_REAL_MAX?CALIBRATION                   -----    -----      03CCH    0084H
  +--> ?PR?_MOVE?BIPOLARMOTOR
  +--> ?PR?_ADC_GETRESULT?ADC
  +--> ?PR?_WAIT_MS?LCD_DRIVER_SPLC780D
  +--> ?PR?_MAX_VALUE?CALIBRATION
BL51 BANKED LINKER/LOCATER V6.22                                                      01/30/2019  10:42:41  PAGE 7



?PR?_MAX_VALUE?CALIBRATION                       -----    -----      0450H    0004H



UNRESOLVED EXTERNAL SYMBOLS:
   AUTO_MODE
   _SENDUART1



SYMBOL TABLE OF MODULE:  .\Obj\GPIO_RTC_Test (MAIN)

  VALUE           TYPE          NAME
  ----------------------------------

  -------         MODULE        MAIN
  C:0000H         SYMBOL        _ICE_DUMMY_
  X:04DCH         PUBLIC        calib_value
  D:0080H         PUBLIC        P0
  D:00B2H         PUBLIC        P3M0
  D:0090H         PUBLIC        P1
  D:00B1H         PUBLIC        P3M1
  D:00A0H         PUBLIC        P2
  D:00B0H         PUBLIC        P3
  D:00C0H         PUBLIC        P4
  D:00C8H         PUBLIC        P5
  X:0530H         SYMBOL        PressedKey
  B:00A8H.7       PUBLIC        EA
  D:00E8H         PUBLIC        P6
  X:0534H         PUBLIC        calib_stamp
  D:00F8H         PUBLIC        P7
  X:0535H         PUBLIC        RX_Data_Uart_Cnt
  D:00A8H         PUBLIC        IE
  X:0537H         PUBLIC        calib_time
  D:00B8H         PUBLIC        IP
  X:058BH         PUBLIC        months
  D:00D8H         PUBLIC        CCON
  C:1435H         PUBLIC        main
  X:058CH         PUBLIC        count
  X:058EH         PUBLIC        days
  X:058FH         PUBLIC        hours
  D:0098H         PUBLIC        SCON
  D:0089H         PUBLIC        TMOD
  D:0088H         PUBLIC        TCON
  B:00A0H.3       PUBLIC        P23
  X:0590H         SYMBOL        KeyCount
  X:0592H         PUBLIC        mins
  X:0593H         PUBLIC        Rec_data_hour
  B:00C8H.5       PUBLIC        P55
  X:0596H         PUBLIC        Rec_data_min
  D:008EH         PUBLIC        AUXR
  C:0009H         PUBLIC        tm0_isr
  B:0021H.0       PUBLIC        busy
  B:00A8H.1       PUBLIC        ET0
  D:008CH         PUBLIC        TH0
  X:0599H         PUBLIC        hour_count
BL51 BANKED LINKER/LOCATER V6.22                                                      01/30/2019  10:42:41  PAGE 8


  D:008AH         PUBLIC        TL0
  X:059AH         PUBLIC        min_count
  B:0088H.4       PUBLIC        TR0
  X:059BH         SYMBOL        KeyNum
  X:059CH         SYMBOL        KeyNum_Old
  X:059DH         PUBLIC        current_position
  X:05A1H         PUBLIC        hours1
  X:05A2H         PUBLIC        hours2
  C:3C49H         PUBLIC        _Display_Prox
  X:05A3H         PUBLIC        mins1
  X:05A4H         PUBLIC        mins2
  C:2F56H         PUBLIC        _Display_Pos
  X:05A5H         PUBLIC        seconds
  X:05A6H         PUBLIC        st_time
  D:00D0H         PUBLIC        PSW
  -------         PROC          TM0_ISR
  C:0009H         LINE#         86
  C:0009H         LINE#         88
  -------         ENDPROC       TM0_ISR
  -------         PROC          MAIN
  -------         DO            
  X:039FH         SYMBOL        prox_data
  X:04D4H         SYMBOL        KeyCount
  X:04D6H         SYMBOL        KeyNum_Old
  X:04D7H         SYMBOL        KeyNum
  X:04D8H         SYMBOL        PressedKey
  X:03A1H         SYMBOL        prox_flag
  X:03A2H         SYMBOL        iUse_prevday_calib_value
  X:03A4H         SYMBOL        calib_point1
  X:03ACH         SYMBOL        calib_point2
  X:03B4H         SYMBOL        calib_day
  X:03B6H         SYMBOL        calib_count
  -------         ENDDO         
  C:1435H         LINE#         90
  C:1435H         LINE#         91
  C:1435H         LINE#         96
  C:143BH         LINE#         97
  C:1440H         LINE#         100
  C:1446H         LINE#         104
  C:1448H         LINE#         105
  C:144AH         LINE#         106
  C:144CH         LINE#         107
  C:144EH         LINE#         109
  C:1454H         LINE#         118
  C:1456H         LINE#         119
  C:1459H         LINE#         120
  C:145CH         LINE#         121
  C:145FH         LINE#         122
  C:1462H         LINE#         123
  C:1465H         LINE#         126
  C:1468H         LINE#         128
  C:146BH         LINE#         129
  C:146EH         LINE#         130
  C:1471H         LINE#         131
  C:1473H         LINE#         132
  C:1475H         LINE#         133
  C:1477H         LINE#         135
BL51 BANKED LINKER/LOCATER V6.22                                                      01/30/2019  10:42:41  PAGE 9


  C:1479H         LINE#         136
  C:1480H         LINE#         137
  C:1487H         LINE#         138
  C:148EH         LINE#         139
  C:1495H         LINE#         143
  C:149CH         LINE#         144
  C:14A1H         LINE#         145
  C:14A6H         LINE#         146
  C:14ABH         LINE#         147
  C:14B0H         LINE#         148
  C:14B5H         LINE#         151
  C:14CEH         LINE#         152
  C:14CEH         LINE#         153
  C:14EAH         LINE#         154
  C:1531H         LINE#         155
  C:1542H         LINE#         156
  C:1542H         LINE#         157
  C:1542H         LINE#         158
  C:1545H         LINE#         161
  C:1545H         LINE#         164
  C:154AH         LINE#         165
  C:154FH         LINE#         167
  C:1554H         LINE#         168
  C:1559H         LINE#         169
  C:155EH         LINE#         170
  C:1563H         LINE#         172
  C:1574H         LINE#         174
  C:157BH         LINE#         175
  C:1583H         LINE#         176
  C:1588H         LINE#         177
  C:1590H         LINE#         178
  C:1595H         LINE#         179
  C:159FH         LINE#         180
  C:15A4H         LINE#         181
  C:15ACH         LINE#         183
  C:15B4H         LINE#         184
  C:15B9H         LINE#         185
  C:15C3H         LINE#         186
  C:15C3H         LINE#         187
  C:15C5H         LINE#         188
  C:15C7H         LINE#         189
  C:15D1H         LINE#         190
  C:15D1H         LINE#         191
  C:15D6H         LINE#         192
  C:15D6H         LINE#         204
  C:15E3H         LINE#         205
  C:15E3H         LINE#         206
  C:15EDH         LINE#         207
  C:1604H         LINE#         208
  C:1604H         LINE#         209
  C:1606H         LINE#         210
  C:1608H         LINE#         212
  C:1608H         LINE#         213
  C:1613H         LINE#         214
  C:1613H         LINE#         215
  C:1618H         LINE#         216
  C:1618H         LINE#         217
BL51 BANKED LINKER/LOCATER V6.22                                                      01/30/2019  10:42:41  PAGE 10


  C:1625H         LINE#         218
  C:1625H         LINE#         221
  C:162FH         LINE#         222
  C:1646H         LINE#         223
  C:1646H         LINE#         224
  C:1648H         LINE#         225
  C:164AH         LINE#         227
  C:164AH         LINE#         228
  C:1655H         LINE#         229
  C:1655H         LINE#         230
  C:165AH         LINE#         231
  C:165CH         LINE#         232
  C:165CH         LINE#         241
  C:167EH         LINE#         242
  C:167EH         LINE#         243
  C:1688H         LINE#         244
  C:168EH         LINE#         245
  C:1690H         LINE#         246
  C:1692H         LINE#         247
  C:1694H         LINE#         248
  C:1694H         LINE#         249
  C:1697H         LINE#         251
  C:1697H         LINE#         252
  C:169DH         LINE#         253
  C:16A5H         LINE#         254
  C:16ABH         LINE#         255
  C:16B3H         LINE#         256
  C:16EEH         LINE#         260
  C:16FBH         LINE#         261
  C:16FBH         LINE#         263
  C:172EH         LINE#         264
  C:173BH         LINE#         265
  C:173BH         LINE#         267
  C:175EH         LINE#         268
  C:175EH         LINE#         269
  C:1780H         LINE#         270
  C:1780H         LINE#         271
  C:17FCH         LINE#         272
  C:1842H         LINE#         276
  C:1845H         LINE#         277
  C:1856H         LINE#         278
  C:1856H         LINE#         279
  C:1856H         LINE#         281
  C:1856H         LINE#         285
  C:1859H         LINE#         287
  C:1859H         LINE#         288
  C:187BH         LINE#         289
  C:187BH         LINE#         290
  C:18F7H         LINE#         291
  C:194CH         LINE#         292
  C:194CH         LINE#         293
  C:194CH         LINE#         294
  C:194FH         LINE#         298
  C:194FH         LINE#         301
  C:1977H         LINE#         302
  C:1977H         LINE#         303
  C:1999H         LINE#         304
BL51 BANKED LINKER/LOCATER V6.22                                                      01/30/2019  10:42:41  PAGE 11


  C:1999H         LINE#         305
  C:1A15H         LINE#         306
  C:1A6FH         LINE#         311
  C:1A72H         LINE#         312
  C:1A83H         LINE#         313
  C:1A83H         LINE#         314
  C:1A8BH         LINE#         316
  C:1A8BH         LINE#         319
  C:1A8EH         LINE#         321
  C:1A8EH         LINE#         323
  C:1AB0H         LINE#         324
  C:1AB0H         LINE#         325
  C:1B2CH         LINE#         327
  C:1B59H         LINE#         328
  C:1B74H         LINE#         329
  C:1BA1H         LINE#         330
  C:1BBCH         LINE#         332
  C:1C58H         LINE#         335
  C:1C58H         LINE#         336
  C:1C58H         LINE#         337
  C:1C58H         LINE#         339
  C:1C58H         LINE#         342
  C:1C74H         LINE#         343
  C:1C79H         LINE#         345
  C:1C7BH         LINE#         346
  -------         ENDPROC       MAIN
  -------         PROC          _DISPLAY_PROX
  D:0002H         SYMBOL        dat
  -------         DO            
  X:061AH         SYMBOL        unit
  X:061BH         SYMBOL        ten
  X:061CH         SYMBOL        hundred
  X:061DH         SYMBOL        thousand
  -------         ENDDO         
  C:3C49H         LINE#         430
  C:3C4DH         LINE#         431
  C:3C4DH         LINE#         433
  C:3C59H         LINE#         434
  C:3C69H         LINE#         435
  C:3C85H         LINE#         436
  C:3CB5H         LINE#         437
  C:3CBFH         LINE#         438
  C:3CC9H         LINE#         439
  C:3CD3H         LINE#         440
  C:3CDDH         LINE#         442
  -------         ENDPROC       _DISPLAY_PROX
  -------         PROC          _DISPLAY_POS
  X:03B8H         SYMBOL        sign_dat
  -------         DO            
  X:03BCH         SYMBOL        unit
  X:03BDH         SYMBOL        ten
  X:03BEH         SYMBOL        hundred
  D:0003H         SYMBOL        thousand
  X:03BFH         SYMBOL        after_dot
  X:03C0H         SYMBOL        dat
  -------         ENDDO         
  C:2F56H         LINE#         445
BL51 BANKED LINKER/LOCATER V6.22                                                      01/30/2019  10:42:41  PAGE 12


  C:2F5CH         LINE#         446
  C:2F5CH         LINE#         450
  C:2F78H         LINE#         451
  C:2F92H         LINE#         452
  C:2FB6H         LINE#         454
  C:3000H         LINE#         456
  C:3017H         LINE#         457
  C:3024H         LINE#         458
  C:3046H         LINE#         459
  C:307BH         LINE#         460
  C:3093H         LINE#         461
  C:3093H         LINE#         463
  C:309DH         LINE#         464
  C:30A7H         LINE#         465
  C:30B1H         LINE#         466
  C:30B6H         LINE#         467
  C:30C0H         LINE#         468
  C:30C5H         LINE#         469
  C:30CAH         LINE#         470
  C:30CCH         LINE#         471
  C:30CEH         LINE#         473
  C:30CEH         LINE#         475
  C:30D3H         LINE#         476
  C:30DDH         LINE#         477
  C:30E7H         LINE#         478
  C:30F1H         LINE#         479
  C:30F6H         LINE#         480
  C:3100H         LINE#         481
  C:3105H         LINE#         482
  C:310AH         LINE#         484
  C:310AH         LINE#         486
  -------         ENDPROC       _DISPLAY_POS
  -------         ENDMOD        MAIN

  -------         MODULE        PCF85063BTL
  C:0000H         SYMBOL        _ICE_DUMMY_
  D:0096H         PUBLIC        P2M0
  D:0080H         PUBLIC        P0
  D:0095H         PUBLIC        P2M1
  D:0090H         PUBLIC        P1
  D:00A0H         PUBLIC        P2
  D:00B0H         PUBLIC        P3
  D:00C0H         PUBLIC        P4
  D:00C8H         PUBLIC        P5
  D:00E8H         PUBLIC        P6
  B:00A0H.1       PUBLIC        PCF85063BTL_SDI
  D:00F8H         PUBLIC        P7
  B:00A0H.2       PUBLIC        PCF85063BTL_SCK
  B:00A0H.1       PUBLIC        PCF85063BTL_SDO
  D:00A8H         PUBLIC        IE
  C:3E63H         PUBLIC        _Read_time
  C:42DDH         PUBLIC        _PCF85063BTL_Delay
  D:00B8H         PUBLIC        IP
  D:00D8H         PUBLIC        CCON
  C:3D6AH         PUBLIC        _Day_Of_Year
  C:41D5H         PUBLIC        SPI_ReceiveByte
  D:0098H         PUBLIC        SCON
BL51 BANKED LINKER/LOCATER V6.22                                                      01/30/2019  10:42:41  PAGE 13


  D:0088H         PUBLIC        TCON
  C:4310H         PUBLIC        _BCDtoDec
  B:00A0H.0       PUBLIC        PCF85063BTL_CS
  C:42FFH         PUBLIC        _SPI_ReadTime
  C:435FH         PUBLIC        SPI_Init
  C:4268H         PUBLIC        _SPI_WriteTime
  C:41B5H         PUBLIC        _SPI_SendByte
  D:00D0H         PUBLIC        PSW
  C:42D9H         SYMBOL        L?0047
  -------         PROC          L?0046
  -------         ENDPROC       L?0046
  C:42D9H         SYMBOL        L?0047
  -------         PROC          _PCF85063BTL_DELAY
  D:0006H         SYMBOL        us
  C:42DDH         LINE#         8
  C:42DDH         LINE#         9
  C:42DDH         LINE#         10
  C:42E7H         LINE#         11
  C:42E7H         LINE#         12
  C:42E8H         LINE#         13
  C:42EAH         LINE#         14
  -------         ENDPROC       _PCF85063BTL_DELAY
  -------         PROC          _SPI_SENDBYTE
  D:0005H         SYMBOL        dat
  -------         DO            
  D:0003H         SYMBOL        i
  -------         ENDDO         
  C:41B5H         LINE#         17
  C:41B7H         LINE#         18
  C:41B7H         LINE#         20
  C:41B9H         LINE#         21
  C:41B9H         LINE#         22
  C:41BBH         LINE#         23
  C:41BFH         LINE#         24
  C:41BFH         LINE#         25
  C:41C1H         LINE#         26
  C:41C3H         LINE#         28
  C:41C3H         LINE#         29
  C:41C5H         LINE#         30
  C:41C5H         LINE#         31
  C:41C8H         LINE#         32
  C:41C8H         LINE#         33
  C:41CBH         LINE#         34
  C:41CFH         LINE#         35
  C:41D4H         LINE#         36
  -------         ENDPROC       _SPI_SENDBYTE
  -------         PROC          SPI_RECEIVEBYTE
  -------         DO            
  D:0003H         SYMBOL        i
  D:0005H         SYMBOL        dat
  -------         ENDDO         
  C:41D5H         LINE#         39
  C:41D5H         LINE#         40
  C:41D5H         LINE#         42
  C:41D7H         LINE#         44
  C:41D9H         LINE#         45
  C:41DAH         LINE#         46
BL51 BANKED LINKER/LOCATER V6.22                                                      01/30/2019  10:42:41  PAGE 14


  C:41DAH         LINE#         47
  C:41DEH         LINE#         48
  C:41E0H         LINE#         49
  C:41E3H         LINE#         51
  C:41E6H         LINE#         52
  C:41E6H         LINE#         53
  C:41EAH         LINE#         54
  C:41EAH         LINE#         55
  C:41EAH         LINE#         56
  C:41EDH         LINE#         57
  C:41F2H         LINE#         58
  C:41F4H         LINE#         59
  -------         ENDPROC       SPI_RECEIVEBYTE
  -------         PROC          _SPI_READTIME
  D:0007H         SYMBOL        addr
  -------         DO            
  D:0006H         SYMBOL        dat
  -------         ENDDO         
  C:42FFH         LINE#         61
  C:42FFH         LINE#         62
  C:42FFH         LINE#         64
  C:4301H         LINE#         65
  C:4303H         LINE#         66
  C:430AH         LINE#         67
  C:430DH         LINE#         68
  C:430FH         LINE#         69
  C:430FH         LINE#         70
  -------         ENDPROC       _SPI_READTIME
  -------         PROC          _SPI_WRITETIME
  D:0002H         SYMBOL        val
  D:0005H         SYMBOL        addr
  C:4268H         LINE#         71
  C:426AH         LINE#         72
  C:426AH         LINE#         74
  C:426CH         LINE#         75
  C:4273H         LINE#         76
  C:4278H         LINE#         77
  C:427DH         LINE#         78
  C:427FH         LINE#         79
  -------         ENDPROC       _SPI_WRITETIME
  -------         PROC          SPI_INIT
  C:435FH         LINE#         83
  C:435FH         LINE#         84
  C:435FH         LINE#         89
  C:4362H         LINE#         90
  C:4365H         LINE#         91
  C:4367H         LINE#         92
  C:4369H         LINE#         93
  C:436BH         LINE#         94
  -------         ENDPROC       SPI_INIT
  -------         PROC          _READ_TIME
  X:03B8H         SYMBOL        months
  X:03BBH         SYMBOL        days
  X:03BEH         SYMBOL        hours
  X:03C1H         SYMBOL        mins
  X:03C4H         SYMBOL        seconds
  C:3E63H         LINE#         96
BL51 BANKED LINKER/LOCATER V6.22                                                      01/30/2019  10:42:41  PAGE 15


  C:3E6EH         LINE#         97
  C:3E6EH         LINE#         99
  C:3E82H         LINE#         101
  C:3E96H         LINE#         103
  C:3EAAH         LINE#         108
  C:3EBEH         LINE#         113
  -------         ENDPROC       _READ_TIME
  -------         PROC          _BCDTODEC
  D:0007H         SYMBOL        bcd
  -------         DO            
  D:0006H         SYMBOL        hi
  D:0007H         SYMBOL        lo
  -------         ENDDO         
  C:4310H         LINE#         119
  C:4310H         LINE#         120
  C:4310H         LINE#         122
  C:4315H         LINE#         123
  C:4319H         LINE#         124
  C:4320H         LINE#         125
  -------         ENDPROC       _BCDTODEC
  -------         PROC          _DAY_OF_YEAR
  D:0007H         SYMBOL        months_bcd
  D:0005H         SYMBOL        days_bcd
  -------         DO            
  D:0004H         SYMBOL        months
  D:0007H         SYMBOL        days
  -------         ENDDO         
  C:3D6AH         LINE#         126
  C:3D6AH         LINE#         127
  C:3D6AH         LINE#         130
  C:3D6FH         LINE#         132
  C:3D74H         LINE#         134
  C:3DADH         LINE#         135
  C:3DADH         LINE#         136
  C:3DADH         LINE#         137
  C:3DB0H         LINE#         138
  C:3DB0H         LINE#         139
  C:3DB0H         LINE#         140
  C:3DB5H         LINE#         141
  C:3DB5H         LINE#         142
  C:3DB5H         LINE#         143
  C:3DBAH         LINE#         144
  C:3DBAH         LINE#         145
  C:3DBAH         LINE#         146
  C:3DBFH         LINE#         147
  C:3DBFH         LINE#         148
  C:3DBFH         LINE#         149
  C:3DC4H         LINE#         150
  C:3DC4H         LINE#         151
  C:3DC4H         LINE#         152
  C:3DC9H         LINE#         153
  C:3DC9H         LINE#         154
  C:3DC9H         LINE#         155
  C:3DCEH         LINE#         156
  C:3DCEH         LINE#         157
  C:3DCEH         LINE#         158
  C:3DD3H         LINE#         159
BL51 BANKED LINKER/LOCATER V6.22                                                      01/30/2019  10:42:41  PAGE 16


  C:3DD3H         LINE#         160
  C:3DD3H         LINE#         161
  C:3DDBH         LINE#         162
  C:3DDBH         LINE#         163
  C:3DDBH         LINE#         164
  C:3DE0H         LINE#         165
  C:3DE0H         LINE#         166
  C:3DE0H         LINE#         167
  C:3DE5H         LINE#         168
  C:3DE5H         LINE#         169
  C:3DE5H         LINE#         170
  C:3DEDH         LINE#         171
  C:3DEDH         LINE#         172
  C:3DEDH         LINE#         173
  -------         ENDPROC       _DAY_OF_YEAR
  -------         ENDMOD        PCF85063BTL

  -------         MODULE        UART1
  C:0000H         SYMBOL        _ICE_DUMMY_
  D:0080H         PUBLIC        P0
  D:0090H         PUBLIC        P1
  D:00A0H         PUBLIC        P2
  D:00B0H         PUBLIC        P3
  D:00C0H         PUBLIC        P4
  D:00C8H         PUBLIC        P5
  B:00A8H.7       PUBLIC        EA
  D:00E8H         PUBLIC        P6
  D:00F8H         PUBLIC        P7
  C:40BEH         PUBLIC        _SendString
  D:00A8H         PUBLIC        IE
  B:00A8H.4       PUBLIC        ES
  D:00B8H         PUBLIC        IP
  C:4280H         PUBLIC        _ASCIItoBCD
  D:00D8H         PUBLIC        CCON
  C:4321H         PUBLIC        initUART1
  D:0098H         PUBLIC        SCON
  D:0088H         PUBLIC        TCON
  C:000AH         PUBLIC        _DectoBCD
  C:43A3H         PUBLIC        _ASCII_Letter
  D:008EH         PUBLIC        AUXR
  C:439EH         PUBLIC        _unit
  C:0003H         PUBLIC        _ten
  D:00D6H         PUBLIC        T2H
  D:00D7H         PUBLIC        T2L
  D:00D0H         PUBLIC        PSW
  -------         PROC          INITUART1
  C:4321H         LINE#         21
  C:4321H         LINE#         22
  C:4321H         LINE#         23
  C:4324H         LINE#         24
  C:4327H         LINE#         25
  C:432AH         LINE#         26
  C:432DH         LINE#         27
  C:432FH         LINE#         28
  C:4331H         LINE#         30
  -------         ENDPROC       INITUART1
  -------         PROC          _SENDSTRING
BL51 BANKED LINKER/LOCATER V6.22                                                      01/30/2019  10:42:41  PAGE 17


  X:061EH         SYMBOL        s
  C:40BEH         LINE#         35
  C:40C9H         LINE#         36
  C:40C9H         LINE#         37
  C:40D9H         LINE#         38
  C:40D9H         LINE#         39
  C:40EEH         LINE#         40
  C:40F0H         LINE#         41
  -------         ENDPROC       _SENDSTRING
  -------         PROC          _TEN
  D:0007H         SYMBOL        BCD
  C:0003H         LINE#         43
  C:0003H         LINE#         44
  C:0003H         LINE#         45
  C:0008H         LINE#         46
  -------         ENDPROC       _TEN
  -------         PROC          _UNIT
  D:0007H         SYMBOL        BCD
  C:439EH         LINE#         47
  C:439EH         LINE#         48
  C:439EH         LINE#         52
  C:43A2H         LINE#         53
  -------         ENDPROC       _UNIT
  -------         PROC          _DECTOBCD
  D:0007H         SYMBOL        dec
  C:000AH         LINE#         54
  C:000AH         LINE#         55
  C:000AH         LINE#         57
  C:000AH         LINE#         58
  -------         ENDPROC       _DECTOBCD
  -------         PROC          _ASCII_LETTER
  D:0007H         SYMBOL        dat
  C:43A3H         LINE#         60
  C:43A3H         LINE#         61
  C:43A3H         LINE#         63
  C:43A7H         LINE#         64
  -------         ENDPROC       _ASCII_LETTER
  -------         PROC          _ASCIITOBCD
  D:0001H         SYMBOL        ascii
  -------         DO            
  D:0007H         SYMBOL        dec_val
  D:0006H         SYMBOL        ten
  D:0007H         SYMBOL        unit
  -------         ENDDO         
  C:4280H         LINE#         66
  C:4280H         LINE#         67
  C:4280H         LINE#         69
  C:4283H         LINE#         70
  C:4289H         LINE#         71
  C:4290H         LINE#         72
  C:4296H         LINE#         74
  -------         ENDPROC       _ASCIITOBCD
  -------         ENDMOD        UART1

  -------         MODULE        LCD_DRIVER_SPLC780D
  C:0000H         SYMBOL        _ICE_DUMMY_
  D:0092H         PUBLIC        P1M0
BL51 BANKED LINKER/LOCATER V6.22                                                      01/30/2019  10:42:41  PAGE 18


  D:0091H         PUBLIC        P1M1
  D:0080H         PUBLIC        P0
  D:0090H         PUBLIC        P1
  D:00A0H         PUBLIC        P2
  D:00B0H         PUBLIC        P3
  D:00C0H         PUBLIC        P4
  D:00C8H         PUBLIC        P5
  D:00E8H         PUBLIC        P6
  D:00F8H         PUBLIC        P7
  C:3DEEH         PUBLIC        _WriteData
  D:00A8H         PUBLIC        IE
  D:00B8H         PUBLIC        IP
  D:00D8H         PUBLIC        CCON
  B:00B0H.4       PUBLIC        LCD_D4
  B:00B0H.5       PUBLIC        LCD_D5
  B:00B0H.6       PUBLIC        LCD_D6
  C:4213H         PUBLIC        _DisplayLCD
  B:00B0H.7       PUBLIC        LCD_D7
  D:0098H         PUBLIC        SCON
  D:0088H         PUBLIC        TCON
  C:438EH         PUBLIC        LCD_clear
  C:4003H         PUBLIC        _Command
  C:42ADH         PUBLIC        _Display_Line
  C:3ED2H         PUBLIC        LCD_Init
  C:4197H         PUBLIC        _Wait_ms
  B:00C0H.0       PUBLIC        LCD_RS
  B:00B0H.2       PUBLIC        LCD_RW
  C:4384H         PUBLIC        LCD_return_home
  B:00B0H.3       PUBLIC        LCD_E
  D:00D0H         PUBLIC        PSW
  -------         PROC          LCD_INIT
  C:3ED2H         LINE#         9
  C:3ED2H         LINE#         10
  C:3ED2H         LINE#         11
  C:3ED5H         LINE#         12
  C:3ED8H         LINE#         14
  C:3EDEH         LINE#         15
  C:3EE3H         LINE#         17
  C:3EEAH         LINE#         18
  C:3EEFH         LINE#         20
  C:3EF2H         LINE#         21
  C:3EF7H         LINE#         23
  C:3EFAH         LINE#         24
  C:3EFFH         LINE#         26
  C:3F06H         LINE#         29
  C:3F0BH         LINE#         30
  C:3F10H         LINE#         32
  C:3F15H         LINE#         33
  C:3F1AH         LINE#         35
  C:3F1FH         LINE#         36
  C:3F24H         LINE#         37
  -------         ENDPROC       LCD_INIT
  -------         PROC          _WRITEDATA
  X:03C2H         SYMBOL        dat
  C:3DEEH         LINE#         40
  C:3DF3H         LINE#         41
  C:3DF3H         LINE#         46
BL51 BANKED LINKER/LOCATER V6.22                                                      01/30/2019  10:42:41  PAGE 19


  C:3DF5H         LINE#         47
  C:3DF7H         LINE#         49
  C:3E05H         LINE#         50
  C:3E11H         LINE#         51
  C:3E1DH         LINE#         52
  C:3E27H         LINE#         53
  C:3E29H         LINE#         54
  C:3E30H         LINE#         55
  C:3E32H         LINE#         57
  C:3E42H         LINE#         58
  C:3E4DH         LINE#         59
  C:3E57H         LINE#         60
  C:3E5BH         LINE#         62
  C:3E5BH         LINE#         63
  C:3E5EH         LINE#         64
  C:3E60H         LINE#         65
  C:3E62H         LINE#         67
  -------         ENDPROC       _WRITEDATA
  -------         PROC          _COMMAND
  D:0007H         SYMBOL        dat
  C:4003H         LINE#         69
  C:4003H         LINE#         70
  C:4003H         LINE#         71
  C:4005H         LINE#         72
  C:4007H         LINE#         74
  C:4011H         LINE#         75
  C:4015H         LINE#         77
  C:4017H         LINE#         78
  C:4020H         LINE#         79
  C:4024H         LINE#         81
  C:4026H         LINE#         82
  C:402DH         LINE#         83
  C:4031H         LINE#         85
  C:4033H         LINE#         86
  C:4037H         LINE#         87
  C:403BH         LINE#         89
  C:403DH         LINE#         90
  C:403DH         LINE#         91
  C:4040H         LINE#         92
  C:4042H         LINE#         93
  -------         ENDPROC       _COMMAND
  C:4193H         SYMBOL        L?0028
  -------         PROC          L?0027
  -------         ENDPROC       L?0027
  C:4193H         SYMBOL        L?0028
  -------         PROC          _WAIT_MS
  D:0006H         SYMBOL        ms
  -------         DO            
  D:0004H         SYMBOL        De_Cnt
  -------         ENDDO         
  C:4197H         LINE#         95
  C:4197H         LINE#         96
  C:4197H         LINE#         98
  C:41A1H         LINE#         99
  C:41A1H         LINE#         100
  C:41B4H         LINE#         101
  C:41B4H         LINE#         102
BL51 BANKED LINKER/LOCATER V6.22                                                      01/30/2019  10:42:41  PAGE 20


  -------         ENDPROC       _WAIT_MS
  -------         PROC          _DISPLAYLCD
  D:0007H         SYMBOL        BCD
  -------         DO            
  D:0006H         SYMBOL        first_digit
  X:03B8H         SYMBOL        second_digit
  -------         ENDDO         
  C:4213H         LINE#         103
  C:4213H         LINE#         104
  C:4213H         LINE#         106
  C:421AH         LINE#         107
  C:4223H         LINE#         109
  C:4228H         LINE#         111
  -------         ENDPROC       _DISPLAYLCD
  -------         PROC          LCD_RETURN_HOME
  C:4384H         LINE#         115
  C:4384H         LINE#         116
  C:4384H         LINE#         117
  C:4389H         LINE#         118
  -------         ENDPROC       LCD_RETURN_HOME
  -------         PROC          LCD_CLEAR
  C:438EH         LINE#         121
  C:438EH         LINE#         122
  C:438EH         LINE#         123
  C:4393H         LINE#         124
  -------         ENDPROC       LCD_CLEAR
  -------         PROC          _DISPLAY_LINE
  D:0006H         SYMBOL        line
  C:42ADH         LINE#         128
  C:42ADH         LINE#         129
  C:42ADH         LINE#         130
  C:42B3H         LINE#         131
  C:42B3H         LINE#         132
  C:42B5H         LINE#         133
  C:42B5H         LINE#         134
  C:42B7H         LINE#         136
  C:42B7H         LINE#         137
  C:42BCH         LINE#         138
  C:42C1H         LINE#         139
  C:42C1H         LINE#         140
  -------         ENDPROC       _DISPLAY_LINE
  -------         ENDMOD        LCD_DRIVER_SPLC780D

  -------         MODULE        KEYPAD
  C:0000H         SYMBOL        _ICE_DUMMY_
  D:0093H         PUBLIC        P0M1
  D:0080H         PUBLIC        P0
  D:0090H         PUBLIC        P1
  D:00A0H         PUBLIC        P2
  D:00B0H         PUBLIC        P3
  D:00C0H         PUBLIC        P4
  D:00C8H         PUBLIC        P5
  B:0020H.0       PUBLIC        calib_mode
  D:00E8H         PUBLIC        P6
  D:00F8H         PUBLIC        P7
  D:00A8H         PUBLIC        IE
  C:310BH         PUBLIC        Key_Scan
BL51 BANKED LINKER/LOCATER V6.22                                                      01/30/2019  10:42:41  PAGE 21


  D:00B8H         PUBLIC        IP
  D:00D8H         PUBLIC        CCON
  C:436CH         PUBLIC        KeyPad_IO_Init
  C:41F5H         PUBLIC        _Delay_ms
  D:0098H         PUBLIC        SCON
  D:0088H         PUBLIC        TCON
  B:0020H.1       PUBLIC        small_move
  B:0020H.2       PUBLIC        move
  B:0020H.3       PUBLIC        direction
  B:0020H.4       PUBLIC        auto_move
  C:2AE5H         PUBLIC        Key_Process
  D:00D0H         PUBLIC        PSW
  D:0094H         PUBLIC        P0M0
  -------         PROC          _DELAY_MS
  D:0006H         SYMBOL        ms
  -------         DO            
  D:0004H         SYMBOL        De_Cnt
  -------         ENDDO         
  C:41F5H         LINE#         19
  C:41F5H         LINE#         20
  C:41F5H         LINE#         22
  C:41FFH         LINE#         23
  C:41FFH         LINE#         24
  C:4212H         LINE#         25
  C:4212H         LINE#         26
  -------         ENDPROC       _DELAY_MS
  -------         PROC          KEY_SCAN
  -------         DO            
  X:03BEH         SYMBOL        KeyTemp1
  X:03BFH         SYMBOL        KeyTemp2
  X:03C0H         SYMBOL        KeyValue
  -------         ENDDO         
  C:310BH         LINE#         27
  C:310BH         LINE#         28
  C:310BH         LINE#         33
  C:310EH         LINE#         36
  C:3111H         LINE#         38
  C:3119H         LINE#         39
  C:3120H         LINE#         40
  C:3120H         LINE#         42
  C:3125H         LINE#         43
  C:312CH         LINE#         44
  C:312CH         LINE#         47
  C:312FH         LINE#         48
  C:3132H         LINE#         49
  C:3137H         LINE#         50
  C:313BH         LINE#         51
  C:313BH         LINE#         52
  C:3143H         LINE#         53
  C:3143H         LINE#         54
  C:3146H         LINE#         55
  C:314EH         LINE#         56
  C:3150H         LINE#         58
  C:3164H         LINE#         59
  C:3164H         LINE#         60
  C:3164H         LINE#         61
  C:3164H         LINE#         62
BL51 BANKED LINKER/LOCATER V6.22                                                      01/30/2019  10:42:41  PAGE 22


  C:316AH         LINE#         64
  C:316CH         LINE#         65
  C:316CH         LINE#         66
  C:316CH         LINE#         67
  C:3172H         LINE#         69
  C:3174H         LINE#         70
  C:3174H         LINE#         71
  C:3174H         LINE#         72
  C:317AH         LINE#         74
  C:317CH         LINE#         75
  C:317CH         LINE#         76
  C:317CH         LINE#         77
  C:3182H         LINE#         79
  C:3182H         LINE#         80
  C:3182H         LINE#         81
  C:3182H         LINE#         84
  C:3185H         LINE#         85
  C:3188H         LINE#         86
  C:3190H         LINE#         87
  C:3194H         LINE#         88
  C:3194H         LINE#         89
  C:319CH         LINE#         90
  C:319CH         LINE#         91
  C:319FH         LINE#         92
  C:31A7H         LINE#         93
  C:31A9H         LINE#         94
  C:31BDH         LINE#         95
  C:31BDH         LINE#         96
  C:31BDH         LINE#         97
  C:31BDH         LINE#         98
  C:31C3H         LINE#         100
  C:31C5H         LINE#         101
  C:31C5H         LINE#         102
  C:31C5H         LINE#         103
  C:31CBH         LINE#         105
  C:31CDH         LINE#         106
  C:31CDH         LINE#         107
  C:31CDH         LINE#         108
  C:31D3H         LINE#         110
  C:31D5H         LINE#         111
  C:31D5H         LINE#         112
  C:31D5H         LINE#         113
  C:31DAH         LINE#         115
  C:31DAH         LINE#         116
  C:31DAH         LINE#         117
  C:31DAH         LINE#         120
  C:31DDH         LINE#         121
  C:31E0H         LINE#         122
  C:31E8H         LINE#         123
  C:31ECH         LINE#         124
  C:31ECH         LINE#         125
  C:31F4H         LINE#         126
  C:31F4H         LINE#         127
  C:31F7H         LINE#         128
  C:31FFH         LINE#         129
  C:3201H         LINE#         130
  C:3215H         LINE#         131
BL51 BANKED LINKER/LOCATER V6.22                                                      01/30/2019  10:42:41  PAGE 23


  C:3215H         LINE#         132
  C:3215H         LINE#         133
  C:3215H         LINE#         134
  C:321BH         LINE#         136
  C:321DH         LINE#         137
  C:321DH         LINE#         138
  C:321DH         LINE#         139
  C:3223H         LINE#         141
  C:3225H         LINE#         142
  C:3225H         LINE#         143
  C:3225H         LINE#         144
  C:322BH         LINE#         146
  C:322DH         LINE#         147
  C:322DH         LINE#         148
  C:322DH         LINE#         149
  C:3233H         LINE#         151
  C:3233H         LINE#         152
  C:3233H         LINE#         153
  C:3233H         LINE#         157
  C:3236H         LINE#         158
  C:3239H         LINE#         159
  C:3241H         LINE#         160
  C:3245H         LINE#         161
  C:3245H         LINE#         162
  C:324DH         LINE#         163
  C:324DH         LINE#         164
  C:3250H         LINE#         165
  C:3258H         LINE#         166
  C:325AH         LINE#         167
  C:326EH         LINE#         168
  C:326EH         LINE#         169
  C:326EH         LINE#         170
  C:326EH         LINE#         171
  C:3274H         LINE#         173
  C:3276H         LINE#         174
  C:3276H         LINE#         175
  C:3276H         LINE#         176
  C:327CH         LINE#         178
  C:327EH         LINE#         179
  C:327EH         LINE#         180
  C:327EH         LINE#         181
  C:3284H         LINE#         183
  C:3286H         LINE#         184
  C:3286H         LINE#         185
  C:3286H         LINE#         186
  C:328CH         LINE#         188
  C:328CH         LINE#         189
  C:328CH         LINE#         190
  C:328CH         LINE#         192
  C:3292H         LINE#         193
  C:3292H         LINE#         195
  C:3292H         LINE#         196
  C:3295H         LINE#         197
  C:3295H         LINE#         198
  C:3295H         LINE#         200
  C:3295H         LINE#         201
  C:3297H         LINE#         202
BL51 BANKED LINKER/LOCATER V6.22                                                      01/30/2019  10:42:41  PAGE 24


  C:3297H         LINE#         203
  -------         ENDPROC       KEY_SCAN
  -------         PROC          KEY_PROCESS
  -------         DO            
  X:060CH         SYMBOL        KeyCount
  X:060EH         SYMBOL        KeyNum_Old
  X:060FH         SYMBOL        KeyNum
  X:0610H         SYMBOL        PressedKey
  X:03B8H         SYMBOL        d
  D:0004H         SYMBOL        hours
  D:0006H         SYMBOL        mins
  X:03BAH         SYMBOL        months
  X:03BCH         SYMBOL        days
  -------         ENDDO         
  C:2AE5H         LINE#         204
  C:2AE5H         LINE#         205
  C:2AE5H         LINE#         209
  C:2AEDH         LINE#         210
  C:2AF5H         LINE#         212
  C:2AF8H         LINE#         213
  C:2AF8H         LINE#         214
  C:2AFBH         LINE#         216
  C:2AFBH         LINE#         217
  C:2B08H         LINE#         218
  C:2B08H         LINE#         219
  C:2B0BH         LINE#         220
  C:2B0EH         LINE#         222
  C:2B11H         LINE#         224
  C:2B11H         LINE#         225
  C:2B1CH         LINE#         226
  C:2B1CH         LINE#         227
  C:2B1FH         LINE#         229
  C:2B1FH         LINE#         230
  C:2B26H         LINE#         231
  C:2B26H         LINE#         232
  C:2B29H         LINE#         234
  C:2B29H         LINE#         235
  C:2B31H         LINE#         236
  C:2B31H         LINE#         237
  C:2B3BH         LINE#         238
  C:2B43H         LINE#         240
  C:2B4CH         LINE#         242
  C:2B4CH         LINE#         251
  C:2B61H         LINE#         252
  C:2B61H         LINE#         253
  C:2B73H         LINE#         254
  C:2B81H         LINE#         255
  C:2B90H         LINE#         256
  C:2B90H         LINE#         258
  C:2B96H         LINE#         262
  C:2BACH         LINE#         263
  C:2BBDH         LINE#         264
  C:2BD8H         LINE#         265
  C:2BD8H         LINE#         266
  C:2BE8H         LINE#         267
  C:2BF9H         LINE#         268
  C:2BF9H         LINE#         272
BL51 BANKED LINKER/LOCATER V6.22                                                      01/30/2019  10:42:41  PAGE 25


  C:2C12H         LINE#         273
  C:2C29H         LINE#         274
  C:2C49H         LINE#         275
  C:2C49H         LINE#         276
  C:2C53H         LINE#         277
  C:2C53H         LINE#         278
  C:2C5CH         LINE#         279
  C:2C5CH         LINE#         280
  C:2C70H         LINE#         281
  C:2C70H         LINE#         282
  C:2C70H         LINE#         283
  C:2C70H         LINE#         284
  C:2C70H         LINE#         285
  C:2C72H         LINE#         287
  C:2C72H         LINE#         288
  C:2C7EH         LINE#         289
  C:2C7EH         LINE#         290
  C:2C8FH         LINE#         291
  C:2C8FH         LINE#         292
  C:2C8FH         LINE#         293
  C:2C8FH         LINE#         294
  C:2C8FH         LINE#         296
  C:2C91H         LINE#         298
  C:2C91H         LINE#         299
  C:2CA2H         LINE#         300
  C:2CA2H         LINE#         301
  C:2CA2H         LINE#         302
  C:2CA2H         LINE#         303
  C:2CA2H         LINE#         305
  C:2CA2H         LINE#         307
  C:2CA2H         LINE#         308
  C:2CA4H         LINE#         310
  C:2CA4H         LINE#         311
  C:2CB7H         LINE#         312
  C:2CB7H         LINE#         313
  C:2CC8H         LINE#         314
  C:2CC8H         LINE#         315
  C:2CC8H         LINE#         316
  C:2CC8H         LINE#         317
  C:2CC8H         LINE#         318
  C:2CCAH         LINE#         320
  C:2CCAH         LINE#         321
  C:2CDBH         LINE#         322
  C:2CDBH         LINE#         323
  C:2CECH         LINE#         324
  C:2CFDH         LINE#         325
  C:2CFDH         LINE#         326
  C:2CFDH         LINE#         327
  C:2CFDH         LINE#         328
  C:2CFDH         LINE#         329
  C:2D00H         LINE#         330
  C:2D05H         LINE#         331
  C:2D0AH         LINE#         332
  C:2D0FH         LINE#         333
  C:2D14H         LINE#         334
  C:2D19H         LINE#         335
  C:2D1EH         LINE#         336
BL51 BANKED LINKER/LOCATER V6.22                                                      01/30/2019  10:42:41  PAGE 26


  C:2D23H         LINE#         337
  C:2D23H         LINE#         339
  C:2D45H         LINE#         340
  C:2D45H         LINE#         341
  C:2D4FH         LINE#         342
  C:2D4FH         LINE#         343
  C:2D54H         LINE#         344
  C:2D5DH         LINE#         345
  C:2D74H         LINE#         346
  C:2D74H         LINE#         347
  C:2D84H         LINE#         349
  C:2D84H         LINE#         353
  -------         ENDPROC       KEY_PROCESS
  -------         PROC          KEYPAD_IO_INIT
  C:436CH         LINE#         356
  C:436CH         LINE#         357
  C:436CH         LINE#         358
  C:436FH         LINE#         359
  C:4372H         LINE#         360
  C:4375H         LINE#         361
  C:4377H         LINE#         362
  -------         ENDPROC       KEYPAD_IO_INIT
  -------         ENDMOD        KEYPAD

  -------         MODULE        BIPOLARMOTOR
  C:0000H         SYMBOL        _ICE_DUMMY_
  D:0080H         PUBLIC        P0
  D:0090H         PUBLIC        P1
  X:0000H         PUBLIC        RX_pos_test
  D:00A0H         PUBLIC        P2
  D:00B0H         PUBLIC        P3
  D:00C0H         PUBLIC        P4
  D:00C8H         PUBLIC        P5
  D:00E8H         PUBLIC        P6
  D:00F8H         PUBLIC        P7
  X:00A0H         PUBLIC        low_date_azimuth_mapping
  D:00A8H         PUBLIC        IE
  C:3862H         PUBLIC        linear_interpolate
  C:411CH         PUBLIC        _Move
  D:00B8H         PUBLIC        IP
  C:2DB8H         PUBLIC        _findDet3x3
  C:2825H         PUBLIC        _findDet4x4
  D:00D8H         PUBLIC        CCON
  X:00C8H         PUBLIC        previous_move_time
  D:0098H         PUBLIC        SCON
  D:0088H         PUBLIC        TCON
  C:43A8H         PUBLIC        wait
  C:4043H         PUBLIC        _Step_move
  X:00C9H         PUBLIC        dat
  C:000EH         PUBLIC        _Update_position
  C:3F2BH         PUBLIC        vOneStepMove
  X:00CFH         PUBLIC        elevation_stamp
  X:010BH         PUBLIC        date_azimuth_mapping
  X:0133H         PUBLIC        RX_pos
  C:4257H         PUBLIC        _BCDtoDec1
  X:038BH         PUBLIC        degree
  X:038FH         PUBLIC        elevation_stamp_test
BL51 BANKED LINKER/LOCATER V6.22                                                      01/30/2019  10:42:41  PAGE 27


  D:00D0H         PUBLIC        PSW
  -------         PROC          L?0062
  -------         ENDPROC       L?0062
  -------         PROC          _BCDTODEC1
  D:0007H         SYMBOL        bcd
  -------         DO            
  D:0006H         SYMBOL        hi
  D:0007H         SYMBOL        lo
  -------         ENDDO         
  C:4257H         LINE#         28
  C:4257H         LINE#         29
  C:4257H         LINE#         31
  C:425CH         LINE#         32
  C:4260H         LINE#         33
  C:4267H         LINE#         34
  -------         ENDPROC       _BCDTODEC1
  -------         PROC          WAIT
  C:43A8H         LINE#         36
  C:43A8H         LINE#         38
  -------         ENDPROC       WAIT
  -------         PROC          VONESTEPMOVE
  B:0020H.7       SYMBOL        bDir
  C:3F2BH         LINE#         40
  C:3F2BH         LINE#         41
  C:3F2BH         LINE#         43
  C:3F31H         LINE#         44
  C:3F31H         LINE#         45
  C:3F34H         LINE#         46
  C:3F3DH         LINE#         47
  C:3F44H         LINE#         48
  C:3F49H         LINE#         49
  C:3F49H         LINE#         50
  C:3F49H         LINE#         52
  C:3F4BH         LINE#         55
  C:3F4BH         LINE#         56
  C:3F4EH         LINE#         57
  C:3F57H         LINE#         58
  C:3F5EH         LINE#         59
  C:3F64H         LINE#         60
  C:3F6DH         LINE#         61
  C:3F74H         LINE#         62
  C:3F74H         LINE#         66
  -------         ENDPROC       VONESTEPMOVE
  -------         PROC          _STEP_MOVE
  X:046FH         SYMBOL        step
  B:0020H.6       SYMBOL        dir
  -------         DO            
  X:0471H         SYMBOL        i
  -------         ENDDO         
  C:4043H         LINE#         68
  C:404BH         LINE#         69
  C:404BH         LINE#         71
  C:4050H         LINE#         74
  C:406BH         LINE#         75
  C:406BH         LINE#         76
  C:4072H         LINE#         78
  C:4082H         LINE#         80
BL51 BANKED LINKER/LOCATER V6.22                                                      01/30/2019  10:42:41  PAGE 28


  -------         ENDPROC       _STEP_MOVE
  -------         PROC          _MOVE
  X:046BH         SYMBOL        distance
  B:0020H.5       SYMBOL        direction
  -------         DO            
  D:0006H         SYMBOL        step
  -------         ENDDO         
  C:411CH         LINE#         82
  C:4122H         LINE#         83
  C:4122H         LINE#         86
  C:413DH         LINE#         87
  -------         ENDPROC       _MOVE
  C:2D99H         SYMBOL        L?0058
  C:2DADH         SYMBOL        L?0059
  -------         PROC          L?0057
  -------         ENDPROC       L?0057
  C:2D99H         SYMBOL        L?0058
  C:2DADH         SYMBOL        L?0059
  -------         PROC          _FINDDET3X3
  X:05E8H         SYMBOL        a11
  X:05ECH         SYMBOL        a12
  X:05F0H         SYMBOL        a13
  X:05F4H         SYMBOL        a21
  X:05F8H         SYMBOL        a22
  X:05FCH         SYMBOL        a23
  X:0600H         SYMBOL        a31
  X:0604H         SYMBOL        a32
  X:0608H         SYMBOL        a33
  C:2DB8H         LINE#         91
  C:2DBEH         LINE#         95
  C:2DBEH         LINE#         96
  C:2F55H         LINE#         98
  -------         ENDPROC       _FINDDET3X3
  -------         PROC          _FINDDET4X4
  X:05A8H         SYMBOL        a11
  X:05ACH         SYMBOL        a12
  X:05B0H         SYMBOL        a13
  X:05B4H         SYMBOL        a14
  X:05B8H         SYMBOL        a21
  X:05BCH         SYMBOL        a22
  X:05C0H         SYMBOL        a23
  X:05C4H         SYMBOL        a24
  X:05C8H         SYMBOL        a31
  X:05CCH         SYMBOL        a32
  X:05D0H         SYMBOL        a33
  X:05D4H         SYMBOL        a34
  X:05D8H         SYMBOL        a41
  X:05DCH         SYMBOL        a42
  X:05E0H         SYMBOL        a43
  X:05E4H         SYMBOL        a44
  C:2825H         LINE#         99
  C:282BH         LINE#         103
  C:282BH         LINE#         110
  C:2AE4H         LINE#         114
  -------         ENDPROC       _FINDDET4X4
  C:3851H         SYMBOL        L?0061
  -------         PROC          L?0060
BL51 BANKED LINKER/LOCATER V6.22                                                      01/30/2019  10:42:41  PAGE 29


  -------         ENDPROC       L?0060
  C:3851H         SYMBOL        L?0061
  -------         PROC          LINEAR_INTERPOLATE
  X:046BH         SYMBOL        p1
  X:0473H         SYMBOL        p2
  X:047BH         SYMBOL        x
  -------         DO            
  D:0004H         SYMBOL        fx
  -------         ENDDO         
  C:3862H         LINE#         120
  C:3862H         LINE#         121
  C:3862H         LINE#         124
  C:3901H         LINE#         126
  C:3901H         LINE#         127
  -------         ENDPROC       LINEAR_INTERPOLATE
  -------         PROC          _UPDATE_POSITION
  D:0001H         SYMBOL        mnths
  D:0002H         SYMBOL        dys
  X:03CEH         SYMBOL        hurs
  X:03CFH         SYMBOL        mns
  X:03D0H         SYMBOL        sconds
  X:03D1H         SYMBOL        currnt_pos
  X:03D4H         SYMBOL        offset_calib
  -------         DO            
  X:03D8H         SYMBOL        date
  X:03DAH         SYMBOL        i
  X:03DCH         SYMBOL        yy
  X:03DEH         SYMBOL        desired_distance
  X:03E2H         SYMBOL        distance
  X:03E6H         SYMBOL        JP_pos
  X:03EAH         SYMBOL        pos_interpolate_azimuth
  X:0426H         SYMBOL        current_local_sun_time
  X:042AH         SYMBOL        azimuth
  X:042EH         SYMBOL        elevation
  X:0432H         SYMBOL        time_offset
  X:0436H         SYMBOL        UTC_time
  X:043AH         SYMBOL        declination
  X:043EH         SYMBOL        p1
  X:0446H         SYMBOL        p2
  X:044EH         SYMBOL        time
  X:0460H         SYMBOL        location
  X:0468H         SYMBOL        sunCoord
  -------         ENDDO         
  C:000EH         LINE#         131
  C:0017H         LINE#         134
  C:0017H         LINE#         135
  C:0022H         LINE#         137
  C:003EH         LINE#         138
  C:0048H         LINE#         146
  C:0052H         LINE#         147
  C:005CH         LINE#         148
  C:0066H         LINE#         149
  C:0071H         LINE#         150
  C:007CH         LINE#         151
  C:0095H         LINE#         152
  C:00A6H         LINE#         153
  C:00B5H         LINE#         156
BL51 BANKED LINKER/LOCATER V6.22                                                      01/30/2019  10:42:41  PAGE 30


  C:00C9H         LINE#         160
  C:011BH         LINE#         161
  C:027FH         LINE#         162
  C:02CFH         LINE#         164
  C:03F7H         LINE#         166
  C:04C6H         LINE#         173
  C:050DH         LINE#         174
  C:050DH         LINE#         176
  C:0527H         LINE#         177
  C:0527H         LINE#         178
  C:0597H         LINE#         179
  C:0597H         LINE#         180
  C:059EH         LINE#         181
  C:059EH         LINE#         182
  C:05CBH         LINE#         183
  C:05E6H         LINE#         185
  C:062DH         LINE#         186
  C:0661H         LINE#         188
  C:06A7H         LINE#         189
  C:06CAH         LINE#         191
  C:06CAH         LINE#         193
  C:0740H         LINE#         194
  C:0740H         LINE#         195
  C:0747H         LINE#         196
  C:0747H         LINE#         197
  C:0774H         LINE#         198
  C:078FH         LINE#         200
  C:07D6H         LINE#         201
  C:080AH         LINE#         203
  C:0850H         LINE#         204
  C:0870H         LINE#         206
  C:0870H         LINE#         207
  C:0881H         LINE#         210
  C:089BH         LINE#         211
  C:089BH         LINE#         212
  C:090BH         LINE#         213
  C:090BH         LINE#         214
  C:0938H         LINE#         215
  C:0953H         LINE#         217
  C:0980H         LINE#         218
  C:099BH         LINE#         220
  C:09CDH         LINE#         223
  C:09CDH         LINE#         225
  C:09DEH         LINE#         227
  C:0A0DH         LINE#         229
  C:0A32H         LINE#         230
  C:0A97H         LINE#         231
  C:0A97H         LINE#         232
  C:0AB1H         LINE#         233
  C:0AC3H         LINE#         234
  C:0ADBH         LINE#         235
  C:0AF1H         LINE#         237
  C:0B0DH         LINE#         238
  C:0B0DH         LINE#         239
  C:0B0DH         LINE#         242
  -------         ENDPROC       _UPDATE_POSITION
  -------         ENDMOD        BIPOLARMOTOR
BL51 BANKED LINKER/LOCATER V6.22                                                      01/30/2019  10:42:41  PAGE 31



  -------         MODULE        SUNPOS
  C:0000H         SYMBOL        _ICE_DUMMY_
  C:1C7EH         PUBLIC        sunpos
  -------         PROC          SUNPOS
  X:046BH         SYMBOL        udtTime
  X:047DH         SYMBOL        udtLocation
  X:0485H         SYMBOL        udtSunCoordinates
  -------         DO            
  X:0488H         SYMBOL        dElapsedJulianDays
  X:048CH         SYMBOL        dDecimalHours
  X:0490H         SYMBOL        dEclipticLongitude
  X:0494H         SYMBOL        dEclipticObliquity
  X:0498H         SYMBOL        dRightAscension
  X:049CH         SYMBOL        dDeclination
  X:04A0H         SYMBOL        dY
  X:04A4H         SYMBOL        dX
  -------         DO            
  X:04A8H         SYMBOL        dJulianDate
  X:04ACH         SYMBOL        liAux1
  X:04B0H         SYMBOL        liAux2
  X:04A8H         SYMBOL        dMeanLongitude
  X:04ACH         SYMBOL        dMeanAnomaly
  X:04B0H         SYMBOL        dOmega
  X:04A8H         SYMBOL        dSin_EclipticLongitude
  X:04A8H         SYMBOL        dGreenwichMeanSiderealTime
  X:04ACH         SYMBOL        dLocalMeanSiderealTime
  X:04B0H         SYMBOL        dLatitudeInRadians
  X:04B4H         SYMBOL        dHourAngle
  X:04B8H         SYMBOL        dCos_Latitude
  X:04BCH         SYMBOL        dSin_Latitude
  X:04C0H         SYMBOL        dCos_HourAngle
  X:04C4H         SYMBOL        dParallax
  -------         ENDDO         
  -------         DO            
  X:04A8H         SYMBOL        dMeanLongitude
  X:04ACH         SYMBOL        dMeanAnomaly
  X:04B0H         SYMBOL        dOmega
  X:04A8H         SYMBOL        dSin_EclipticLongitude
  X:04A8H         SYMBOL        dGreenwichMeanSiderealTime
  X:04ACH         SYMBOL        dLocalMeanSiderealTime
  X:04B0H         SYMBOL        dLatitudeInRadians
  X:04B4H         SYMBOL        dHourAngle
  X:04B8H         SYMBOL        dCos_Latitude
  X:04BCH         SYMBOL        dSin_Latitude
  X:04C0H         SYMBOL        dCos_HourAngle
  X:04C4H         SYMBOL        dParallax
  -------         ENDDO         
  -------         DO            
  X:04A8H         SYMBOL        dSin_EclipticLongitude
  X:04A8H         SYMBOL        dGreenwichMeanSiderealTime
  X:04ACH         SYMBOL        dLocalMeanSiderealTime
  X:04B0H         SYMBOL        dLatitudeInRadians
  X:04B4H         SYMBOL        dHourAngle
  X:04B8H         SYMBOL        dCos_Latitude
  X:04BCH         SYMBOL        dSin_Latitude
  X:04C0H         SYMBOL        dCos_HourAngle
BL51 BANKED LINKER/LOCATER V6.22                                                      01/30/2019  10:42:41  PAGE 32


  X:04C4H         SYMBOL        dParallax
  -------         ENDDO         
  -------         DO            
  X:04A8H         SYMBOL        dGreenwichMeanSiderealTime
  X:04ACH         SYMBOL        dLocalMeanSiderealTime
  X:04B0H         SYMBOL        dLatitudeInRadians
  X:04B4H         SYMBOL        dHourAngle
  X:04B8H         SYMBOL        dCos_Latitude
  X:04BCH         SYMBOL        dSin_Latitude
  X:04C0H         SYMBOL        dCos_HourAngle
  X:04C4H         SYMBOL        dParallax
  -------         ENDDO         
  -------         ENDDO         
  C:1C7EH         LINE#         6
  C:1C7EH         LINE#         7
  C:1C7EH         LINE#         9
  C:1C7EH         LINE#         27
  C:1CC8H         LINE#         30
  C:1CE9H         LINE#         31
  C:1E30H         LINE#         34
  C:1E7CH         LINE#         36
  C:1E9BH         LINE#         37
  C:1E9BH         LINE#         42
  C:1E9BH         LINE#         46
  C:1ECDH         LINE#         47
  C:1EF7H         LINE#         48
  C:1F21H         LINE#         49
  C:1FCEH         LINE#         52
  C:202FH         LINE#         54
  C:202FH         LINE#         59
  C:202FH         LINE#         61
  C:2046H         LINE#         62
  C:206EH         LINE#         63
  C:2085H         LINE#         64
  C:20B0H         LINE#         65
  C:20E7H         LINE#         66
  C:2112H         LINE#         67
  C:2112H         LINE#         70
  C:2112H         LINE#         79
  C:214DH         LINE#         82
  C:2187H         LINE#         84
  C:21ACH         LINE#         85
  C:21CBH         LINE#         86
  C:21E2H         LINE#         87
  C:21F9H         LINE#         88
  C:2210H         LINE#         89
  C:2299H         LINE#         91
  C:22B3H         LINE#         92
  C:2315H         LINE#         93
  C:234BH         LINE#         94
  C:235DH         LINE#         95
  C:238AH         LINE#         96
  C:23B7H         LINE#         98
  C:23D9H         LINE#         100
  C:2411H         LINE#         103
  C:2411H         LINE#         104
  C:241FH         LINE#         105
BL51 BANKED LINKER/LOCATER V6.22                                                      01/30/2019  10:42:41  PAGE 33


  -------         ENDPROC       SUNPOS
  -------         ENDMOD        SUNPOS

  -------         MODULE        ADC
  C:0000H         SYMBOL        _ICE_DUMMY_
  D:0092H         PUBLIC        P1M0
  D:0091H         PUBLIC        P1M1
  D:0080H         PUBLIC        P0
  D:0090H         PUBLIC        P1
  D:00A0H         PUBLIC        P2
  D:00B0H         PUBLIC        P3
  D:00C0H         PUBLIC        P4
  D:00C8H         PUBLIC        P5
  D:00E8H         PUBLIC        P6
  D:00F8H         PUBLIC        P7
  D:00A8H         PUBLIC        IE
  D:00BDH         PUBLIC        ADC_RES
  D:00B8H         PUBLIC        IP
  D:0097H         PUBLIC        CLK_DIV
  D:00D8H         PUBLIC        CCON
  D:00BCH         PUBLIC        ADC_CONTR
  D:0098H         PUBLIC        SCON
  D:0088H         PUBLIC        TCON
  B:00A0H.4       PUBLIC        P24
  B:00A0H.5       PUBLIC        P25
  B:00A0H.6       PUBLIC        P26
  C:4230H         PUBLIC        ADC_Init
  C:416BH         PUBLIC        _ADC_GetResult
  D:009DH         PUBLIC        P1ASF
  D:00BEH         PUBLIC        ADC_RESL
  D:00D0H         PUBLIC        PSW
  -------         PROC          ADC_INIT
  C:4230H         LINE#         7
  C:4230H         LINE#         8
  C:4230H         LINE#         10
  C:4232H         LINE#         11
  C:4234H         LINE#         12
  C:4236H         LINE#         13
  C:4239H         LINE#         14
  C:423CH         LINE#         15
  C:423FH         LINE#         16
  C:4242H         LINE#         18
  C:4244H         LINE#         19
  C:4247H         LINE#         21
  -------         ENDPROC       ADC_INIT
  -------         PROC          _ADC_GETRESULT
  D:0007H         SYMBOL        ch
  -------         DO            
  D:0006H         SYMBOL        ADC_Value
  -------         ENDDO         
  C:416BH         LINE#         26
  C:416BH         LINE#         27
  C:416BH         LINE#         29
  C:4170H         LINE#         30
  C:4171H         LINE#         31
  C:4172H         LINE#         32
  C:4173H         LINE#         33
BL51 BANKED LINKER/LOCATER V6.22                                                      01/30/2019  10:42:41  PAGE 34


  C:4174H         LINE#         34
  C:4179H         LINE#         35
  C:417CH         LINE#         36
  C:4180H         LINE#         37
  C:4190H         LINE#         38
  C:4190H         LINE#         39
  -------         ENDPROC       _ADC_GETRESULT
  -------         ENDMOD        ADC

  -------         MODULE        CALIBRATION
  C:0000H         SYMBOL        _ICE_DUMMY_
  D:0080H         PUBLIC        P0
  D:0090H         PUBLIC        P1
  D:00A0H         PUBLIC        P2
  D:00B0H         PUBLIC        P3
  D:00C0H         PUBLIC        P4
  D:00C8H         PUBLIC        P5
  D:00E8H         PUBLIC        P6
  D:00F8H         PUBLIC        P7
  C:3BB3H         PUBLIC        _Max_Value
  D:00A8H         PUBLIC        IE
  C:3680H         PUBLIC        _calibration
  C:3902H         PUBLIC        voltage_is_stable
  D:00B8H         PUBLIC        IP
  D:00D8H         PUBLIC        CCON
  D:0098H         PUBLIC        SCON
  D:0088H         PUBLIC        TCON
  C:3420H         PUBLIC        _Find_Real_Max
  D:00D0H         PUBLIC        PSW
  -------         PROC          VOLTAGE_IS_STABLE
  -------         DO            
  X:03CCH         SYMBOL        sample_voltage
  X:03E0H         SYMBOL        i
  X:03E2H         SYMBOL        ch
  -------         ENDDO         
  C:3902H         LINE#         17
  C:3902H         LINE#         18
  C:3902H         LINE#         20
  C:3909H         LINE#         21
  C:390FH         LINE#         22
  C:390FH         LINE#         23
  C:3938H         LINE#         24
  C:3957H         LINE#         26
  C:3971H         LINE#         27
  C:3971H         LINE#         28
  C:39A4H         LINE#         29
  C:39A8H         LINE#         30
  C:39B8H         LINE#         31
  C:39BCH         LINE#         32
  -------         ENDPROC       VOLTAGE_IS_STABLE
  -------         PROC          _FIND_REAL_MAX
  X:03CCH         SYMBOL        current_position
  -------         DO            
  X:03CFH         SYMBOL        ch
  X:03D0H         SYMBOL        calib_step_move
  X:03D4H         SYMBOL        voltage_at_scanned_pos
  X:044CH         SYMBOL        max_location
BL51 BANKED LINKER/LOCATER V6.22                                                      01/30/2019  10:42:41  PAGE 35


  X:044EH         SYMBOL        i
[...]
  X:03C8H         SYMBOL        JP_max_pos
  -------         ENDDO         
  C:3680H         LINE#         84
  C:368BH         LINE#         87
  C:368BH         LINE#         88
  C:3695H         LINE#         89
  C:36A9H         LINE#         91
  C:36B3H         LINE#         92
  C:36B3H         LINE#         94
  C:36E9H         LINE#         95
BL51 BANKED LINKER/LOCATER V6.22                                                      01/30/2019  10:42:41  PAGE 36


  C:3707H         LINE#         97
  C:3710H         LINE#         98
  C:3733H         LINE#         99
  C:374FH         LINE#         100
  C:375EH         LINE#         101
  C:375EH         LINE#         103
  C:3763H         LINE#         104
  -------         ENDPROC       _CALIBRATION
  -------         ENDMOD        CALIBRATION

  -------         MODULE        IOEXPANDER_PI4IOE5V96248
  C:0000H         SYMBOL        _ICE_DUMMY_
  D:0080H         PUBLIC        P0
  B:00C8H.4       PUBLIC        I2C_SCK
  D:0090H         PUBLIC        P1
  D:00A0H         PUBLIC        P2
  D:00B0H         PUBLIC        P3
  D:00C0H         PUBLIC        P4
  D:00C8H         PUBLIC        P5
  D:00E8H         PUBLIC        P6
  D:00F8H         PUBLIC        P7
  D:00A8H         PUBLIC        IE
  D:00B8H         PUBLIC        IP
  D:00D8H         PUBLIC        CCON
  C:4332H         PUBLIC        I2C_Start
  D:0098H         PUBLIC        SCON
  D:0088H         PUBLIC        TCON
  C:39BDH         PUBLIC        _Write_PI4IOE5V96248
  C:4341H         PUBLIC        uC_NACK
  C:40FEH         PUBLIC        _Wait_ms_i2c
  C:4149H         PUBLIC        _I2C_SendByte
  C:42C2H         PUBLIC        I2C_Stop
  C:43A9H         PUBLIC        nop
  C:4398H         PUBLIC        uC_ACK
  C:4297H         PUBLIC        I2C_ACK
  B:00C0H.7       PUBLIC        I2C_SDA
  D:00D0H         PUBLIC        PSW
  C:40F8H         SYMBOL        L?0031
  C:40FAH         SYMBOL        L?0032
  -------         PROC          L?0030
  -------         ENDPROC       L?0030
  C:40F8H         SYMBOL        L?0031
  C:40FAH         SYMBOL        L?0032
  -------         PROC          _WAIT_MS_I2C
  D:0006H         SYMBOL        ms
  -------         DO            
  D:0004H         SYMBOL        De_Cnt
  -------         ENDDO         
  C:40FEH         LINE#         7
  C:40FEH         LINE#         8
  C:40FEH         LINE#         10
  C:4108H         LINE#         11
  C:4108H         LINE#         12
  C:411BH         LINE#         13
  C:411BH         LINE#         14
  -------         ENDPROC       _WAIT_MS_I2C
  -------         PROC          NOP
BL51 BANKED LINKER/LOCATER V6.22                                                      01/30/2019  10:42:41  PAGE 37


  C:43A9H         LINE#         16
  C:43A9H         LINE#         17
  C:43A9H         LINE#         19
  -------         ENDPROC       NOP
  -------         PROC          I2C_START
  C:4332H         LINE#         20
  C:4332H         LINE#         21
  C:4332H         LINE#         23
  C:4334H         LINE#         24
  C:4336H         LINE#         25
  C:4339H         LINE#         26
  C:433BH         LINE#         27
  C:433EH         LINE#         28
  C:4340H         LINE#         31
  -------         ENDPROC       I2C_START
  -------         PROC          I2C_STOP
  C:42C2H         LINE#         33
  C:42C2H         LINE#         34
  C:42C2H         LINE#         35
  C:42C4H         LINE#         36
  C:42C6H         LINE#         37
  C:42C9H         LINE#         38
  C:42CBH         LINE#         39
  C:42CDH         LINE#         40
  C:42D4H         LINE#         41
  C:42D6H         LINE#         44
  -------         ENDPROC       I2C_STOP
  -------         PROC          I2C_ACK
  -------         DO            
  X:0476H         SYMBOL        i
  D:0003H         SYMBOL        dat
  -------         ENDDO         
  C:4297H         LINE#         46
  C:4297H         LINE#         47
  C:4297H         LINE#         49
  C:4298H         LINE#         54
  C:429BH         LINE#         55
  C:429DH         LINE#         56
  C:42A0H         LINE#         58
  C:42A3H         LINE#         59
  C:42A3H         LINE#         60
  C:42A7H         LINE#         61
  C:42A7H         LINE#         64
  C:42A7H         LINE#         65
  C:42AAH         LINE#         66
  C:42AAH         LINE#         67
  C:42ACH         LINE#         68
  -------         ENDPROC       I2C_ACK
  -------         PROC          UC_ACK
  -------         DO            
  X:0621H         SYMBOL        i
  -------         ENDDO         
  C:4398H         LINE#         69
  C:4398H         LINE#         70
  C:4398H         LINE#         72
  C:4398H         LINE#         79
  C:4398H         LINE#         81
BL51 BANKED LINKER/LOCATER V6.22                                                      01/30/2019  10:42:41  PAGE 38


  C:4398H         LINE#         83
  C:4398H         LINE#         84
  C:4398H         LINE#         87
  C:439BH         LINE#         88
  C:439DH         LINE#         89
  C:439DH         LINE#         93
  -------         ENDPROC       UC_ACK
  -------         PROC          UC_NACK
  -------         DO            
  X:0622H         SYMBOL        i
  -------         ENDDO         
  C:4341H         LINE#         95
  C:4341H         LINE#         96
  C:4341H         LINE#         98
  C:4341H         LINE#         102
  C:4343H         LINE#         105
  C:4343H         LINE#         106
  C:4345H         LINE#         107
  C:4345H         LINE#         109
  C:4345H         LINE#         110
  C:4345H         LINE#         113
  C:4348H         LINE#         114
  C:434AH         LINE#         115
  C:434DH         LINE#         116
  C:434FH         LINE#         117
  C:434FH         LINE#         121
  -------         ENDPROC       UC_NACK
  C:4145H         SYMBOL        L?0034
  -------         PROC          L?0033
  -------         ENDPROC       L?0033
  C:4145H         SYMBOL        L?0034
  -------         PROC          _I2C_SENDBYTE
  D:0001H         SYMBOL        dat
  -------         DO            
  D:0003H         SYMBOL        i
  -------         ENDDO         
  C:4149H         LINE#         125
  C:414BH         LINE#         126
  C:414BH         LINE#         129
  C:414DH         LINE#         130
  C:414DH         LINE#         131
  C:414FH         LINE#         133
  C:4153H         LINE#         134
  C:4153H         LINE#         135
  C:4155H         LINE#         136
  C:4157H         LINE#         138
  C:4157H         LINE#         139
  C:4159H         LINE#         140
  C:4159H         LINE#         141
  C:415CH         LINE#         142
  C:415EH         LINE#         144
  C:4162H         LINE#         145
  C:4165H         LINE#         146
  C:416AH         LINE#         147
  -------         ENDPROC       _I2C_SENDBYTE
  -------         PROC          _WRITE_PI4IOE5V96248
  X:0473H         SYMBOL        xdat
BL51 BANKED LINKER/LOCATER V6.22                                                      01/30/2019  10:42:41  PAGE 39


  C:39BDH         LINE#         148
  C:39C8H         LINE#         149
  C:39C8H         LINE#         150
  C:39CBH         LINE#         151
  C:39D2H         LINE#         152
  C:39D7H         LINE#         153
  C:39DDH         LINE#         154
  C:39DDH         LINE#         155
  C:39EFH         LINE#         156
  C:39EFH         LINE#         158
  C:39F5H         LINE#         159
  C:39F5H         LINE#         160
  C:3A05H         LINE#         161
  C:3A05H         LINE#         162
  C:3A0BH         LINE#         163
  C:3A0BH         LINE#         164
  C:3A1BH         LINE#         165
  C:3A1BH         LINE#         166
  C:3A21H         LINE#         167
  C:3A21H         LINE#         168
  C:3A32H         LINE#         169
  C:3A32H         LINE#         171
  C:3A38H         LINE#         172
  C:3A38H         LINE#         173
  C:3A49H         LINE#         174
  C:3A49H         LINE#         175
  C:3A4FH         LINE#         176
  C:3A4FH         LINE#         177
  C:3A60H         LINE#         178
  C:3A60H         LINE#         180
  C:3A66H         LINE#         181
  C:3A69H         LINE#         182
  -------         ENDPROC       _WRITE_PI4IOE5V96248
  -------         ENDMOD        IOEXPANDER_PI4IOE5V96248

  -------         MODULE        ?C_STARTUP
  C:3CDEH         SEGMENT       ?C_C51STARTUP
  I:0022H         SEGMENT       ?STACK
  C:0000H         PUBLIC        ?C_STARTUP
  D:00E0H         SYMBOL        ACC
  D:00F0H         SYMBOL        B
  D:0083H         SYMBOL        DPH
  D:0082H         SYMBOL        DPL
  N:0000H         SYMBOL        IBPSTACK
  N:0100H         SYMBOL        IBPSTACKTOP
  N:0080H         SYMBOL        IDATALEN
  C:3CE1H         SYMBOL        IDATALOOP
  N:0000H         SYMBOL        PBPSTACK
  N:0100H         SYMBOL        PBPSTACKTOP
  N:0000H         SYMBOL        PDATALEN
  N:0000H         SYMBOL        PDATASTART
  N:0000H         SYMBOL        PPAGE
  N:0000H         SYMBOL        PPAGEENABLE
  D:00A0H         SYMBOL        PPAGE_SFR
  D:0081H         SYMBOL        SP
  C:3CDEH         SYMBOL        STARTUP1
  N:0000H         SYMBOL        XBPSTACK
BL51 BANKED LINKER/LOCATER V6.22                                                      01/30/2019  10:42:41  PAGE 40


  N:0000H         SYMBOL        XBPSTACKTOP
  N:0000H         SYMBOL        XDATALEN
  N:0000H         SYMBOL        XDATASTART
  C:0000H         LINE#         126
  C:3CDEH         LINE#         133
  C:3CE0H         LINE#         134
  C:3CE1H         LINE#         135
  C:3CE2H         LINE#         136
  C:3CE4H         LINE#         185
  C:3CE7H         LINE#         196
  -------         ENDMOD        ?C_STARTUP

  -------         MODULE        ?C?FPADD
  C:0B15H         PUBLIC        ?C?FPADD
  C:0B11H         PUBLIC        ?C?FPSUB
  -------         ENDMOD        ?C?FPADD

  -------         MODULE        ?C?FPMUL
  C:0C06H         PUBLIC        ?C?FPMUL
  -------         ENDMOD        ?C?FPMUL

  -------         MODULE        ?C?FPDIV
  C:0D0FH         PUBLIC        ?C?FPDIV
  -------         ENDMOD        ?C?FPDIV

  -------         MODULE        ?C?FPCMP
  C:0DAEH         PUBLIC        ?C?FPCMP
  C:0DACH         PUBLIC        ?C?FPCMP3
  -------         ENDMOD        ?C?FPCMP

  -------         MODULE        ?C?FPNEG
  C:0E25H         PUBLIC        ?C?FPNEG
  -------         ENDMOD        ?C?FPNEG

  -------         MODULE        ?C?FCAST
  C:0E40H         PUBLIC        ?C?FCASTC
  C:0E3BH         PUBLIC        ?C?FCASTI
  C:0E36H         PUBLIC        ?C?FCASTL
  -------         ENDMOD        ?C?FCAST

  -------         MODULE        ?C?CASTF
  C:0E74H         PUBLIC        ?C?CASTF
  -------         ENDMOD        ?C?CASTF

  -------         MODULE        ATAN2
  X:04C8H         PUBLIC        ?_atan2?BYTE
  C:3B16H         PUBLIC        _atan2
  -------         ENDMOD        ATAN2

  -------         MODULE        SIN
  C:32E0H         PUBLIC        _COS
  C:32F6H         PUBLIC        _SIN
  C:3332H         PUBLIC        _TAN
  -------         ENDMOD        SIN

  -------         MODULE        ACOS
  C:3F75H         PUBLIC        _ACOS
BL51 BANKED LINKER/LOCATER V6.22                                                      01/30/2019  10:42:41  PAGE 41


  -------         ENDMOD        ACOS

  -------         MODULE        ASIN
  C:4083H         PUBLIC        _ASIN
  -------         ENDMOD        ASIN

  -------         MODULE        SQRT
  C:3A6EH         PUBLIC        _SQRT
  -------         ENDMOD        SQRT

  -------         MODULE        ATAN
  C:357EH         PUBLIC        _ATAN
  -------         ENDMOD        ATAN

  -------         MODULE        ?C?COPY
  C:1012H         PUBLIC        ?C?COPY
  -------         ENDMOD        ?C?COPY

  -------         MODULE        ?C?CLDPTR
  C:1038H         PUBLIC        ?C?CLDPTR
  -------         ENDMOD        ?C?CLDPTR

  -------         MODULE        ?C?CLDOPTR
  C:1051H         PUBLIC        ?C?CLDOPTR
  -------         ENDMOD        ?C?CLDOPTR

  -------         MODULE        ?C?CSTPTR
  C:107EH         PUBLIC        ?C?CSTPTR
  -------         ENDMOD        ?C?CSTPTR

  -------         MODULE        ?C?IMUL
  C:1090H         PUBLIC        ?C?IMUL
  -------         ENDMOD        ?C?IMUL

  -------         MODULE        ?C?UIDIV
  C:10A2H         PUBLIC        ?C?UIDIV
  -------         ENDMOD        ?C?UIDIV

  -------         MODULE        ?C?SIDIV
  C:10F7H         PUBLIC        ?C?SIDIV
  -------         ENDMOD        ?C?SIDIV

  -------         MODULE        ?C?ILDIX
  C:112DH         PUBLIC        ?C?ILDIX
  -------         ENDMOD        ?C?ILDIX

  -------         MODULE        ?C?ILDOPTR
  C:1143H         PUBLIC        ?C?ILDOPTR
  -------         ENDMOD        ?C?ILDOPTR

  -------         MODULE        ?C?LMUL
  C:117BH         PUBLIC        ?C?LMUL
  -------         ENDMOD        ?C?LMUL

  -------         MODULE        ?C?SLDIV
  C:3FBFH         PUBLIC        ?C?SLDIV
  -------         ENDMOD        ?C?SLDIV
BL51 BANKED LINKER/LOCATER V6.22                                                      01/30/2019  10:42:41  PAGE 42



  -------         MODULE        ?C?LNEG
  C:11CAH         PUBLIC        ?C?LNEG
  -------         ENDMOD        ?C?LNEG

  -------         MODULE        ?C?LLDPTR
  C:11D8H         PUBLIC        ?C?LLDPTR
  -------         ENDMOD        ?C?LLDPTR

  -------         MODULE        ?C?LLDOPTR
  C:11F8H         PUBLIC        ?C?LLDOPTR
  -------         ENDMOD        ?C?LLDOPTR

  -------         MODULE        ?C?LSTPTR
  C:1228H         PUBLIC        ?C?LSTPTR
  -------         ENDMOD        ?C?LSTPTR

  -------         MODULE        ?C?LSTOPTR
  C:1242H         PUBLIC        ?C?LSTOPTR
  -------         ENDMOD        ?C?LSTOPTR

  -------         MODULE        ?C?LLDXDATA
  C:1266H         PUBLIC        ?C?LLDXDATA
  -------         ENDMOD        ?C?LLDXDATA

  -------         MODULE        ?C?LLDCODE
  C:1272H         PUBLIC        ?C?LLDCODE
  -------         ENDMOD        ?C?LLDCODE

  -------         MODULE        ?C?LLDXDATA0
  C:1282H         PUBLIC        ?C?LLDXDATA0
  -------         ENDMOD        ?C?LLDXDATA0

  -------         MODULE        ?C?LLDCODE0
  C:128EH         PUBLIC        ?C?LLDCODE0
  -------         ENDMOD        ?C?LLDCODE0

  -------         MODULE        ?C?LLDPTR0
  C:129EH         PUBLIC        ?C?LLDPTR0
  -------         ENDMOD        ?C?LLDPTR0

  -------         MODULE        ?C?LSTXDATA
  C:12BEH         PUBLIC        ?C?LSTXDATA
  -------         ENDMOD        ?C?LSTXDATA

  -------         MODULE        ?C?LSTKXDATA
  C:12CAH         PUBLIC        ?C?LSTKXDATA
  -------         ENDMOD        ?C?LSTKXDATA

  -------         MODULE        ?C?OFFXADD
  C:12FBH         PUBLIC        ?C?OFFXADD
  -------         ENDMOD        ?C?OFFXADD

  -------         MODULE        ABS
  C:4378H         PUBLIC        _ABS
  -------         ENDMOD        ABS

BL51 BANKED LINKER/LOCATER V6.22                                                      01/30/2019  10:42:41  PAGE 43


  -------         MODULE        ATOI
  C:3764H         PUBLIC        _atoi
  -------         ENDMOD        ATOI

  -------         MODULE        ?C?IILDX
  C:1307H         PUBLIC        ?C?IILDX
  -------         ENDMOD        ?C?IILDX

  -------         MODULE        ?C?ULDIV
  C:1359H         PUBLIC        ?C?ULDIV
  -------         ENDMOD        ?C?ULDIV

  -------         MODULE        ?C?LLDIDATA
  C:13EBH         PUBLIC        ?C?LLDIDATA
  -------         ENDMOD        ?C?LLDIDATA

  -------         MODULE        ?C?LLDPDATA
  C:13F7H         PUBLIC        ?C?LLDPDATA
  -------         ENDMOD        ?C?LLDPDATA

  -------         MODULE        ?C?LLDIDATA0
  C:1403H         PUBLIC        ?C?LLDIDATA0
  -------         ENDMOD        ?C?LLDIDATA0

  -------         MODULE        ?C?LLDPDATA0
  C:1410H         PUBLIC        ?C?LLDPDATA0
  -------         ENDMOD        ?C?LLDPDATA0

  -------         MODULE        ?C?LSTIDATA
  C:141DH         PUBLIC        ?C?LSTIDATA
  -------         ENDMOD        ?C?LSTIDATA

  -------         MODULE        ?C?LSTPDATA
  C:1429H         PUBLIC        ?C?LSTPDATA
  -------         ENDMOD        ?C?LSTPDATA

  -------         MODULE        ISDIGIT
  C:4350H         PUBLIC        _isdigit
  -------         ENDMOD        ISDIGIT

  -------         MODULE        ISSPACE
  C:42EBH         PUBLIC        _isspace
  -------         ENDMOD        ISSPACE

*** WARNING L16: UNCALLED SEGMENT, IGNORED FOR OVERLAY PROCESS
    SEGMENT: ?PR?_DISPLAY_PROX?MAIN

*** WARNING L16: UNCALLED SEGMENT, IGNORED FOR OVERLAY PROCESS
    SEGMENT: ?PR?_DAY_OF_YEAR?PCF85063BTL

*** WARNING L16: UNCALLED SEGMENT, IGNORED FOR OVERLAY PROCESS
    SEGMENT: ?PR?INITUART1?UART1

*** WARNING L16: UNCALLED SEGMENT, IGNORED FOR OVERLAY PROCESS
    SEGMENT: ?PR?_SENDSTRING?UART1

*** WARNING L16: UNCALLED SEGMENT, IGNORED FOR OVERLAY PROCESS
BL51 BANKED LINKER/LOCATER V6.22                                                      01/30/2019  10:42:41  PAGE 44


    SEGMENT: ?PR?_TEN?UART1

*** WARNING L16: UNCALLED SEGMENT, IGNORED FOR OVERLAY PROCESS
    SEGMENT: ?PR?_UNIT?UART1

*** WARNING L16: UNCALLED SEGMENT, IGNORED FOR OVERLAY PROCESS
    SEGMENT: ?PR?_DECTOBCD?UART1

*** WARNING L16: UNCALLED SEGMENT, IGNORED FOR OVERLAY PROCESS
    SEGMENT: ?PR?_ASCII_LETTER?UART1

*** WARNING L16: UNCALLED SEGMENT, IGNORED FOR OVERLAY PROCESS
    SEGMENT: ?PR?_ASCIITOBCD?UART1

*** WARNING L16: UNCALLED SEGMENT, IGNORED FOR OVERLAY PROCESS
    SEGMENT: ?PR?WAIT?BIPOLARMOTOR

*** WARNING L16: UNCALLED SEGMENT, IGNORED FOR OVERLAY PROCESS
    SEGMENT: ?PR?_FINDDET4X4?BIPOLARMOTOR

*** WARNING L16: UNCALLED SEGMENT, IGNORED FOR OVERLAY PROCESS
    SEGMENT: ?PR?NOP?IOEXPANDER_PI4IOE5V96248

*** WARNING L16: UNCALLED SEGMENT, IGNORED FOR OVERLAY PROCESS
    SEGMENT: ?PR?UC_ACK?IOEXPANDER_PI4IOE5V96248

*** WARNING L16: UNCALLED SEGMENT, IGNORED FOR OVERLAY PROCESS
    SEGMENT: ?PR?UC_NACK?IOEXPANDER_PI4IOE5V96248

*** WARNING L1: UNRESOLVED EXTERNAL SYMBOL
    SYMBOL:  AUTO_MODE
    MODULE:  .\Obj\main.obj (MAIN)

*** WARNING L2: REFERENCE MADE TO UNRESOLVED EXTERNAL
    SYMBOL:  AUTO_MODE
    MODULE:  .\Obj\main.obj (MAIN)
    ADDRESS: 144FH

*** WARNING L2: REFERENCE MADE TO UNRESOLVED EXTERNAL
    SYMBOL:  AUTO_MODE
    MODULE:  .\Obj\main.obj (MAIN)
    ADDRESS: 15BAH

*** WARNING L2: REFERENCE MADE TO UNRESOLVED EXTERNAL
    SYMBOL:  AUTO_MODE
    MODULE:  .\Obj\main.obj (MAIN)
    ADDRESS: 15C8H

*** WARNING L2: REFERENCE MADE TO UNRESOLVED EXTERNAL
    SYMBOL:  AUTO_MODE
    MODULE:  .\Obj\main.obj (MAIN)
    ADDRESS: 15DAH

*** WARNING L2: REFERENCE MADE TO UNRESOLVED EXTERNAL
    SYMBOL:  AUTO_MODE
    MODULE:  .\Obj\main.obj (MAIN)
    ADDRESS: 161CH
BL51 BANKED LINKER/LOCATER V6.22                                                      01/30/2019  10:42:41  PAGE 45



*** WARNING L2: REFERENCE MADE TO UNRESOLVED EXTERNAL
    SYMBOL:  AUTO_MODE
    MODULE:  .\Obj\main.obj (MAIN)
    ADDRESS: 16EFH

*** WARNING L1: UNRESOLVED EXTERNAL SYMBOL
    SYMBOL:  _SENDUART1
    MODULE:  .\Obj\UART1.obj (UART1)

*** WARNING L2: REFERENCE MADE TO UNRESOLVED EXTERNAL
    SYMBOL:  _SENDUART1
    MODULE:  .\Obj\UART1.obj (UART1)
    ADDRESS: 40ECH

*** WARNING L1: UNRESOLVED EXTERNAL SYMBOL
    SYMBOL:  AUTO_MODE
    MODULE:  .\Obj\KeyPad.obj (KEYPAD)

*** WARNING L2: REFERENCE MADE TO UNRESOLVED EXTERNAL
    SYMBOL:  AUTO_MODE
    MODULE:  .\Obj\KeyPad.obj (KEYPAD)
    ADDRESS: 2B32H

*** WARNING L2: REFERENCE MADE TO UNRESOLVED EXTERNAL
    SYMBOL:  AUTO_MODE
    MODULE:  .\Obj\KeyPad.obj (KEYPAD)
    ADDRESS: 2B3DH

*** WARNING L2: REFERENCE MADE TO UNRESOLVED EXTERNAL
    SYMBOL:  AUTO_MODE
    MODULE:  .\Obj\KeyPad.obj (KEYPAD)
    ADDRESS: 2B44H

Program Size: data=10.2 xdata=1571 code=17322
LINK/LOCATE RUN COMPLETE.  27 WARNING(S),  0 ERROR(S)
