BL51 BANKED LINKER/LOCATER V6.22                                                        02/21/2019  17:49:26  PAGE 1


BL51 BANKED LINKER/LOCATER V6.22, INVOKED BY:
C:\KEIL_V5\C51\BIN\BL51.EXE .\Obj\main.obj, .\Obj\PCF85063BTL.obj, .\Obj\UART1.obj, .\Obj\LCd_Driver_SPLC780D.obj, .\Obj
>> \KeyPad.obj, .\Obj\BipolarMotor.obj, .\Obj\SunPos.obj, .\Obj\ADC.obj, .\Obj\Calibration.obj, .\Obj\IOExpander_PI4IOE5
>> V96248.obj, .\Obj\AT25SF041.obj, .\Obj\STARTUP.obj TO .\Obj\GPIO_RTC_Test PRINT (.\Lis\GPIO_RTC_Test.m51) RAMSIZE (25
>> 6)


MEMORY MODEL: LARGE WITH FLOATING POINT ARITHMETIC


INPUT MODULES INCLUDED:
  .\Obj\main.obj (MAIN)
  .\Obj\PCF85063BTL.obj (PCF85063BTL)
  .\Obj\UART1.obj (UART1)
  .\Obj\LCd_Driver_SPLC780D.obj (LCD_DRIVER_SPLC780D)
  .\Obj\KeyPad.obj (KEYPAD)
  .\Obj\BipolarMotor.obj (BIPOLARMOTOR)
  .\Obj\SunPos.obj (SUNPOS)
  .\Obj\ADC.obj (ADC)
  .\Obj\Calibration.obj (CALIBRATION)
  .\Obj\IOExpander_PI4IOE5V96248.obj (IOEXPANDER_PI4IOE5V96248)
  .\Obj\AT25SF041.obj (AT25SF041)
  .\Obj\STARTUP.obj (?C_STARTUP)
  C:\KEIL_V5\C51\LIB\C51FPL.LIB (?C?FPADD)
  C:\KEIL_V5\C51\LIB\C51FPL.LIB (?C?FPMUL)
  C:\KEIL_V5\C51\LIB\C51FPL.LIB (?C?FPDIV)
  C:\KEIL_V5\C51\LIB\C51FPL.LIB (?C?FPCMP)
  C:\KEIL_V5\C51\LIB\C51FPL.LIB (?C?FPNEG)
  C:\KEIL_V5\C51\LIB\C51FPL.LIB (?C?FCAST)
  C:\KEIL_V5\C51\LIB\C51FPL.LIB (?C?CASTF)
  C:\KEIL_V5\C51\LIB\C51FPL.LIB (ATAN2)
  C:\KEIL_V5\C51\LIB\C51FPL.LIB (SIN)
  C:\KEIL_V5\C51\LIB\C51FPL.LIB (ACOS)
  C:\KEIL_V5\C51\LIB\C51FPL.LIB (ASIN)
  C:\KEIL_V5\C51\LIB\C51FPL.LIB (?C?FPGETOPN)
  C:\KEIL_V5\C51\LIB\C51FPL.LIB (?C?FPSERIES)
  C:\KEIL_V5\C51\LIB\C51FPL.LIB (SQRT)
  C:\KEIL_V5\C51\LIB\C51FPL.LIB (ATAN)
  C:\KEIL_V5\C51\LIB\C51L.LIB (?C_INIT)
  C:\KEIL_V5\C51\LIB\C51L.LIB (?C?COPY)
  C:\KEIL_V5\C51\LIB\C51L.LIB (?C?CLDPTR)
  C:\KEIL_V5\C51\LIB\C51L.LIB (?C?CLDOPTR)
  C:\KEIL_V5\C51\LIB\C51L.LIB (?C?CSTPTR)
  C:\KEIL_V5\C51\LIB\C51L.LIB (?C?IMUL)
  C:\KEIL_V5\C51\LIB\C51L.LIB (?C?UIDIV)
  C:\KEIL_V5\C51\LIB\C51L.LIB (?C?SIDIV)
  C:\KEIL_V5\C51\LIB\C51L.LIB (?C?ILDIX)
  C:\KEIL_V5\C51\LIB\C51L.LIB (?C?ILDOPTR)
  C:\KEIL_V5\C51\LIB\C51L.LIB (?C?ISTPTR)
  C:\KEIL_V5\C51\LIB\C51L.LIB (?C?LMUL)
  C:\KEIL_V5\C51\LIB\C51L.LIB (?C?SLDIV)
  C:\KEIL_V5\C51\LIB\C51L.LIB (?C?LNEG)
  C:\KEIL_V5\C51\LIB\C51L.LIB (?C?ULCMP)
  C:\KEIL_V5\C51\LIB\C51L.LIB (?C?LSHL)
  C:\KEIL_V5\C51\LIB\C51L.LIB (?C?LLDPTR)
  C:\KEIL_V5\C51\LIB\C51L.LIB (?C?LLDOPTR)
  C:\KEIL_V5\C51\LIB\C51L.LIB (?C?LSTPTR)
  C:\KEIL_V5\C51\LIB\C51L.LIB (?C?LSTOPTR)
BL51 BANKED LINKER/LOCATER V6.22                                                      02/21/2019  17:49:26  PAGE 2


  C:\KEIL_V5\C51\LIB\C51L.LIB (?C?LLDXDATA)
  C:\KEIL_V5\C51\LIB\C51L.LIB (?C?LLDCODE)
  C:\KEIL_V5\C51\LIB\C51L.LIB (?C?LLDXDATA0)
  C:\KEIL_V5\C51\LIB\C51L.LIB (?C?LLDCODE0)
  C:\KEIL_V5\C51\LIB\C51L.LIB (?C?LLDPTR0)
  C:\KEIL_V5\C51\LIB\C51L.LIB (?C?LSTXDATA)
  C:\KEIL_V5\C51\LIB\C51L.LIB (?C?LSTKXDATA)
  C:\KEIL_V5\C51\LIB\C51L.LIB (?C?LSTKPTR)
  C:\KEIL_V5\C51\LIB\C51L.LIB (?C?OFFXADD)
  C:\KEIL_V5\C51\LIB\C51L.LIB (ABS)
  C:\KEIL_V5\C51\LIB\C51L.LIB (ATOI)
  C:\KEIL_V5\C51\LIB\C51L.LIB (?C?IILDX)
  C:\KEIL_V5\C51\LIB\C51L.LIB (?C?ULDIV)
  C:\KEIL_V5\C51\LIB\C51L.LIB (?C?LLDIDATA)
  C:\KEIL_V5\C51\LIB\C51L.LIB (?C?LLDPDATA)
  C:\KEIL_V5\C51\LIB\C51L.LIB (?C?LLDIDATA0)
  C:\KEIL_V5\C51\LIB\C51L.LIB (?C?LLDPDATA0)
  C:\KEIL_V5\C51\LIB\C51L.LIB (?C?LSTIDATA)
  C:\KEIL_V5\C51\LIB\C51L.LIB (?C?LSTPDATA)
  C:\KEIL_V5\C51\LIB\C51L.LIB (?C?LSTKIDATA)
  C:\KEIL_V5\C51\LIB\C51L.LIB (?C?LSTKPDATA)
  C:\KEIL_V5\C51\LIB\C51L.LIB (ISDIGIT)
  C:\KEIL_V5\C51\LIB\C51L.LIB (ISSPACE)


LINK MAP OF MODULE:  .\Obj\GPIO_RTC_Test (MAIN)


            TYPE    BASE      LENGTH    RELOCATION   SEGMENT NAME
            -----------------------------------------------------

            * * * * * * *   D A T A   M E M O R Y   * * * * * * *
            REG     0000H     0008H     ABSOLUTE     "REG BANK 0"
                    0008H     0018H                  *** GAP ***
            BIT     0020H.0   0000H.5   UNIT         ?BI?KEYPAD
            BIT     0020H.5   0000H.3   UNIT         _BIT_GROUP_
            BIT     0021H.0   0000H.1   UNIT         ?BI?MAIN
            BIT     0021H.1   0000H.1   UNIT         ?BI?_ATOI?ATOI
                    0021H.2   0000H.6                *** GAP ***
            IDATA   0022H     0001H     UNIT         ?STACK

            * * * * * * *  X D A T A   M E M O R Y  * * * * * * *
            XDATA   0000H     038FH     UNIT         ?XD?BIPOLARMOTOR
            XDATA   038FH     0152H     UNIT         _XDATA_GROUP_
            XDATA   04E1H     00D4H     UNIT         ?XD?MAIN
            XDATA   05B5H     0040H     UNIT         ?XD?_FINDDET4X4?BIPOLARMOTOR
            XDATA   05F5H     0024H     UNIT         ?XD?_FINDDET3X3?BIPOLARMOTOR
            XDATA   0619H     0009H     UNIT         ?XD?KEYPAD
            XDATA   0622H     0008H     UNIT         ?XD?_AT25SF041_READ?AT25SF041
            XDATA   062AH     0005H     UNIT         ?XD?_ATOI?ATOI
            XDATA   062FH     0004H     UNIT         ?XD?_DISPLAY_PROX?MAIN
            XDATA   0633H     0003H     UNIT         ?XD?_SENDSTRING?UART1
            XDATA   0636H     0001H     UNIT         ?XD?UC_ACK?IOEXPANDER_PI4IOE5V96248
            XDATA   0637H     0001H     UNIT         ?XD?UC_NACK?IOEXPANDER_PI4IOE5V96248

            * * * * * * *   C O D E   M E M O R Y   * * * * * * *
            CODE    0000H     0003H     ABSOLUTE     
BL51 BANKED LINKER/LOCATER V6.22                                                      02/21/2019  17:49:26  PAGE 3


            CODE    0003H     0006H     UNIT         ?PR?_TEN?UART1
            CODE    0009H     0001H     UNIT         ?PR?TM0_ISR?MAIN
            CODE    000AH     0001H     UNIT         ?PR?_DECTOBCD?UART1
            CODE    000BH     0003H     ABSOLUTE     
            CODE    000EH     0B00H     UNIT         ?PR?_UPDATE_POSITION?BIPOLARMOTOR
            CODE    0B0EH     0A6FH     UNIT         ?PR?MAIN?MAIN
            CODE    157DH     09B6H     UNIT         ?C?LIB_CODE
            CODE    1F33H     07A2H     UNIT         ?PR?SUNPOS?SUNPOS
            CODE    26D5H     03F2H     UNIT         ?C_INITSEG
            CODE    2AC7H     0309H     UNIT         ?PR?_FIND_REAL_MAX?CALIBRATION
            CODE    2DD0H     02C0H     UNIT         ?PR?_FINDDET4X4?BIPOLARMOTOR
            CODE    3090H     02A0H     UNIT         ?PR?KEY_PROCESS?KEYPAD
            CODE    3330H     01D1H     UNIT         ?PR?_FINDDET3X3?BIPOLARMOTOR
            CODE    3501H     018DH     UNIT         ?PR?KEY_SCAN?KEYPAD
            CODE    368EH     0188H     UNIT         ?PR?SIN?SIN
            CODE    3816H     0172H     UNIT         ?PR?_DISPLAY_POS?MAIN
            CODE    3988H     013CH     UNIT         ?PR?_CALIBRATION?CALIBRATION
            CODE    3AC4H     0122H     UNIT         ?PR?ATAN?ATAN
            CODE    3BE6H     0106H     UNIT         ?PR?_AT25SF041_READ?AT25SF041
            CODE    3CECH     00FFH     UNIT         ?PR?SPI_NOR_WRITE_DATA?AT25SF041
            CODE    3DEBH     00FBH     UNIT         ?PR?_AT25SF041_WRITE?AT25SF041
            CODE    3EE6H     00DBH     UNIT         ?PR?_ATOI?ATOI
            CODE    3FC1H     00C3H     UNIT         ?PR?LINEAR_INTERPOLATE?BIPOLARMOTOR
            CODE    4084H     00BBH     UNIT         ?PR?VOLTAGE_IS_STABLE?CALIBRATION
            CODE    413FH     00ADH     UNIT         ?PR?_WRITE_PI4IOE5V96248?IOEXPANDER_PI4IOE5V96248
            CODE    41ECH     00ACH     UNIT         ?PR?SQRT?SQRT
            CODE    4298H     00A1H     UNIT         ?PR?READ_STATUS_REGISTER_BYTE1?AT25SF041
            CODE    4339H     009DH     UNIT         ?PR?_ATAN2?ATAN2
            CODE    43D6H     009CH     UNIT         ?PR?_MAX_VALUE?CALIBRATION
            CODE    4472H     0095H     UNIT         ?PR?_DISPLAY_PROX?MAIN
            CODE    4507H     008CH     UNIT         ?C_C51STARTUP
            CODE    4593H     0084H     UNIT         ?PR?_DAY_OF_YEAR?PCF85063BTL
            CODE    4617H     0075H     UNIT         ?PR?_WRITEDATA?LCD_DRIVER_SPLC780D
            CODE    468CH     006FH     UNIT         ?PR?_READ_TIME?PCF85063BTL
            CODE    46FBH     005AH     UNIT         ?PR?AT25SF041_CHIPERASE?AT25SF041
            CODE    4755H     0059H     UNIT         ?PR?LCD_INIT?LCD_DRIVER_SPLC780D
            CODE    47AEH     0050H     UNIT         ?PR?AT25SF041_WRITEENABLE?AT25SF041
            CODE    47FEH     004AH     UNIT         ?PR?VONESTEPMOVE?BIPOLARMOTOR
            CODE    4848H     004AH     UNIT         ?PR?ACOS?ACOS
            CODE    4892H     0044H     UNIT         ?C?LDIV
            CODE    48D6H     0040H     UNIT         ?PR?_COMMAND?LCD_DRIVER_SPLC780D
            CODE    4916H     0040H     UNIT         ?PR?_STEP_MOVE?BIPOLARMOTOR
            CODE    4956H     003BH     UNIT         ?PR?ASIN?ASIN
            CODE    4991H     0033H     UNIT         ?PR?_SENDSTRING?UART1
            CODE    49C4H     002CH     UNIT         ?PR?_ADC_GETRESULT?ADC
            CODE    49F0H     002BH     UNIT         ?PR?_WAIT_MS_I2C?IOEXPANDER_PI4IOE5V96248
            CODE    4A1BH     002BH     UNIT         ?PR?_WAIT_MS_SPINOR?AT25SF041
            CODE    4A46H     0028H     UNIT         ?PR?_MOVE?BIPOLARMOTOR
            CODE    4A6EH     0027H     UNIT         ?PR?_I2C_SENDBYTE?IOEXPANDER_PI4IOE5V96248
            CODE    4A95H     0024H     UNIT         ?PR?_WAIT_MS?LCD_DRIVER_SPLC780D
            CODE    4AB9H     0020H     UNIT         ?PR?_SPI_SENDBYTE?PCF85063BTL
            CODE    4AD9H     0020H     UNIT         ?PR?SPI_RECEIVEBYTE?PCF85063BTL
            CODE    4AF9H     001FH     UNIT         ?PR?ADC_INIT?ADC
            CODE    4B18H     001EH     UNIT         ?PR?_DELAY_MS?KEYPAD
            CODE    4B36H     001DH     UNIT         ?PR?_DISPLAYLCD?LCD_DRIVER_SPLC780D
            CODE    4B53H     001BH     UNIT         ?PR?_BCDTODEC1?BIPOLARMOTOR
            CODE    4B6EH     0018H     UNIT         ?PR?_SPI_WRITETIME?PCF85063BTL
BL51 BANKED LINKER/LOCATER V6.22                                                      02/21/2019  17:49:26  PAGE 4


            CODE    4B86H     0017H     UNIT         ?PR?_ASCIITOBCD?UART1
            CODE    4B9DH     0016H     UNIT         ?PR?I2C_ACK?IOEXPANDER_PI4IOE5V96248
            CODE    4BB3H     0015H     UNIT         ?PR?_DISPLAY_LINE?LCD_DRIVER_SPLC780D
            CODE    4BC8H     0015H     UNIT         ?PR?I2C_STOP?IOEXPANDER_PI4IOE5V96248
            CODE    4BDDH     0014H     UNIT         ?PR?_PCF85063BTL_DELAY?PCF85063BTL
            CODE    4BF1H     0014H     UNIT         ?PR?_ISSPACE?ISSPACE
            CODE    4C05H     0011H     UNIT         ?PR?_SPI_READTIME?PCF85063BTL
            CODE    4C16H     0011H     UNIT         ?PR?_BCDTODEC?PCF85063BTL
            CODE    4C27H     0011H     UNIT         ?PR?INITUART1?UART1
            CODE    4C38H     000FH     UNIT         ?PR?I2C_START?IOEXPANDER_PI4IOE5V96248
            CODE    4C47H     000FH     UNIT         ?PR?UC_NACK?IOEXPANDER_PI4IOE5V96248
            CODE    4C56H     000FH     UNIT         ?PR?_ISDIGIT?ISDIGIT
            CODE    4C65H     000DH     UNIT         ?PR?SPI_INIT?PCF85063BTL
            CODE    4C72H     000CH     UNIT         ?PR?KEYPAD_IO_INIT?KEYPAD
            CODE    4C7EH     000CH     UNIT         ?PR?_ABS?ABS
            CODE    4C8AH     000AH     UNIT         ?PR?LCD_RETURN_HOME?LCD_DRIVER_SPLC780D
            CODE    4C94H     000AH     UNIT         ?PR?LCD_CLEAR?LCD_DRIVER_SPLC780D
            CODE    4C9EH     0006H     UNIT         ?PR?UC_ACK?IOEXPANDER_PI4IOE5V96248
            CODE    4CA4H     0005H     UNIT         ?PR?_UNIT?UART1
            CODE    4CA9H     0005H     UNIT         ?PR?_ASCII_LETTER?UART1
            CODE    4CAEH     0001H     UNIT         ?PR?WAIT?BIPOLARMOTOR
            CODE    4CAFH     0001H     UNIT         ?PR?NOP?IOEXPANDER_PI4IOE5V96248



OVERLAY MAP OF MODULE:   .\Obj\GPIO_RTC_Test (MAIN)


SEGMENT                                             BIT_GROUP          XDATA_GROUP
  +--> CALLED SEGMENT                            START    LENGTH     START    LENGTH
------------------------------------------------------------------------------------
?C_C51STARTUP                                    -----    -----      -----    -----
  +--> ?PR?MAIN?MAIN
  +--> ?C_INITSEG

?PR?MAIN?MAIN                                    -----    -----      038FH    0031H
  +--> ?PR?LCD_INIT?LCD_DRIVER_SPLC780D
  +--> ?PR?SPI_INIT?PCF85063BTL
  +--> ?PR?KEYPAD_IO_INIT?KEYPAD
  +--> ?PR?ADC_INIT?ADC
  +--> ?PR?_SPI_WRITETIME?PCF85063BTL
  +--> ?PR?_DELAY_MS?KEYPAD
  +--> ?PR?_DISPLAY_LINE?LCD_DRIVER_SPLC780D
  +--> ?PR?_WRITEDATA?LCD_DRIVER_SPLC780D
  +--> ?PR?KEY_PROCESS?KEYPAD
  +--> ?PR?_COMMAND?LCD_DRIVER_SPLC780D
  +--> ?PR?_DISPLAY_POS?MAIN
  +--> ?PR?_DISPLAYLCD?LCD_DRIVER_SPLC780D
  +--> ?PR?_STEP_MOVE?BIPOLARMOTOR
  +--> ?PR?LCD_RETURN_HOME?LCD_DRIVER_SPLC780D
  +--> ?PR?_READ_TIME?PCF85063BTL
  +--> ?PR?_ADC_GETRESULT?ADC
  +--> ?PR?_BCDTODEC1?BIPOLARMOTOR
  +--> ?PR?_CALIBRATION?CALIBRATION
  +--> ?PR?AT25SF041_WRITEENABLE?AT25SF041
  +--> ?PR?AT25SF041_CHIPERASE?AT25SF041
  +--> ?PR?_WAIT_MS_SPINOR?AT25SF041
BL51 BANKED LINKER/LOCATER V6.22                                                      02/21/2019  17:49:26  PAGE 5


  +--> ?PR?_AT25SF041_WRITE?AT25SF041
  +--> ?PR?SPI_NOR_WRITE_DATA?AT25SF041
  +--> ?PR?LINEAR_INTERPOLATE?BIPOLARMOTOR
  +--> ?PR?_UPDATE_POSITION?BIPOLARMOTOR

?PR?LCD_INIT?LCD_DRIVER_SPLC780D                 -----    -----      -----    -----
  +--> ?PR?_WAIT_MS?LCD_DRIVER_SPLC780D
  +--> ?PR?_COMMAND?LCD_DRIVER_SPLC780D

?PR?_COMMAND?LCD_DRIVER_SPLC780D                 -----    -----      -----    -----
  +--> ?PR?_WAIT_MS?LCD_DRIVER_SPLC780D

?PR?ADC_INIT?ADC                                 -----    -----      -----    -----
  +--> ?PR?_WAIT_MS?LCD_DRIVER_SPLC780D

?PR?_SPI_WRITETIME?PCF85063BTL                   -----    -----      -----    -----
  +--> ?PR?_SPI_SENDBYTE?PCF85063BTL

?PR?_SPI_SENDBYTE?PCF85063BTL                    -----    -----      -----    -----
  +--> ?PR?_PCF85063BTL_DELAY?PCF85063BTL

?PR?_DISPLAY_LINE?LCD_DRIVER_SPLC780D            -----    -----      -----    -----
  +--> ?PR?_COMMAND?LCD_DRIVER_SPLC780D

?PR?_WRITEDATA?LCD_DRIVER_SPLC780D               -----    -----      046DH    0001H
  +--> ?PR?_WAIT_MS?LCD_DRIVER_SPLC780D

?PR?KEY_PROCESS?KEYPAD                           -----    -----      03C0H    0006H
  +--> ?PR?KEY_SCAN?KEYPAD
  +--> ?PR?_SPI_WRITETIME?PCF85063BTL
  +--> ?PR?LCD_CLEAR?LCD_DRIVER_SPLC780D
  +--> ?PR?_COMMAND?LCD_DRIVER_SPLC780D
  +--> ?PR?_WRITEDATA?LCD_DRIVER_SPLC780D

?PR?KEY_SCAN?KEYPAD                              -----    -----      03C6H    0003H

?PR?LCD_CLEAR?LCD_DRIVER_SPLC780D                -----    -----      -----    -----
  +--> ?PR?_COMMAND?LCD_DRIVER_SPLC780D

?PR?_DISPLAY_POS?MAIN                            -----    -----      0463H    000AH
  +--> ?PR?_ABS?ABS
  +--> ?PR?_WRITEDATA?LCD_DRIVER_SPLC780D

?PR?_DISPLAYLCD?LCD_DRIVER_SPLC780D              -----    -----      03C0H    0001H
  +--> ?PR?_WRITEDATA?LCD_DRIVER_SPLC780D

?PR?_STEP_MOVE?BIPOLARMOTOR                      0020H.6  0000H.1    047CH    0004H
  +--> ?PR?VONESTEPMOVE?BIPOLARMOTOR

?PR?VONESTEPMOVE?BIPOLARMOTOR                    0020H.7  0000H.1    -----    -----
  +--> ?PR?_WRITE_PI4IOE5V96248?IOEXPANDER_P...
  +--> ?PR?_DELAY_MS?KEYPAD

?PR?_WRITE_PI4IOE5V96248?IOEXPANDER_P...         -----    -----      0480H    0003H
  +--> ?PR?I2C_START?IOEXPANDER_PI4IOE5V96248
  +--> ?PR?_WAIT_MS_I2C?IOEXPANDER_PI4IOE5V9...
  +--> ?PR?_I2C_SENDBYTE?IOEXPANDER_PI4IOE5V...
BL51 BANKED LINKER/LOCATER V6.22                                                      02/21/2019  17:49:26  PAGE 6


  +--> ?PR?I2C_ACK?IOEXPANDER_PI4IOE5V96248
  +--> ?PR?I2C_STOP?IOEXPANDER_PI4IOE5V96248

?PR?I2C_START?IOEXPANDER_PI4IOE5V96248           -----    -----      -----    -----
  +--> ?PR?_WAIT_MS_I2C?IOEXPANDER_PI4IOE5V9...

?PR?_I2C_SENDBYTE?IOEXPANDER_PI4IOE5V...         -----    -----      -----    -----
  +--> ?PR?_WAIT_MS_I2C?IOEXPANDER_PI4IOE5V9...

?PR?I2C_ACK?IOEXPANDER_PI4IOE5V96248             -----    -----      0483H    0001H
  +--> ?PR?_WAIT_MS_I2C?IOEXPANDER_PI4IOE5V9...

?PR?I2C_STOP?IOEXPANDER_PI4IOE5V96248            -----    -----      -----    -----
  +--> ?PR?_WAIT_MS_I2C?IOEXPANDER_PI4IOE5V9...

?PR?LCD_RETURN_HOME?LCD_DRIVER_SPLC780D          -----    -----      -----    -----
  +--> ?PR?_COMMAND?LCD_DRIVER_SPLC780D

?PR?_READ_TIME?PCF85063BTL                       -----    -----      03C0H    000FH
  +--> ?PR?_SPI_READTIME?PCF85063BTL

?PR?_SPI_READTIME?PCF85063BTL                    -----    -----      -----    -----
  +--> ?PR?_SPI_SENDBYTE?PCF85063BTL
  +--> ?PR?SPI_RECEIVEBYTE?PCF85063BTL

?PR?SPI_RECEIVEBYTE?PCF85063BTL                  -----    -----      -----    -----
  +--> ?PR?_PCF85063BTL_DELAY?PCF85063BTL

?PR?_CALIBRATION?CALIBRATION                     -----    -----      03C0H    0019H
  +--> ?PR?VOLTAGE_IS_STABLE?CALIBRATION
  +--> ?PR?_UPDATE_POSITION?BIPOLARMOTOR
  +--> ?PR?_FIND_REAL_MAX?CALIBRATION

?PR?VOLTAGE_IS_STABLE?CALIBRATION                -----    -----      03D9H    0018H
  +--> ?PR?_ADC_GETRESULT?ADC
  +--> ?PR?_ABS?ABS

?PR?_UPDATE_POSITION?BIPOLARMOTOR                -----    -----      03D9H    009FH
  +--> ?PR?_BCDTODEC1?BIPOLARMOTOR
  +--> ?PR?SUNPOS?SUNPOS
  +--> ?PR?SIN?SIN
  +--> ?PR?ASIN?ASIN
  +--> ?PR?LINEAR_INTERPOLATE?BIPOLARMOTOR
  +--> ?PR?_ABS?ABS
  +--> ?PR?_MOVE?BIPOLARMOTOR

?PR?SUNPOS?SUNPOS                                -----    -----      0478H    005DH
  +--> ?PR?SIN?SIN
  +--> ?PR?_ATAN2?ATAN2
  +--> ?PR?ASIN?ASIN
  +--> ?PR?ACOS?ACOS

?PR?SIN?SIN                                      0020H.5  0000H.1    04D5H    0004H

?PR?_ATAN2?ATAN2                                 -----    -----      04D5H    0008H
  +--> ?PR?ATAN?ATAN

BL51 BANKED LINKER/LOCATER V6.22                                                      02/21/2019  17:49:26  PAGE 7


?PR?ATAN?ATAN                                    0020H.5  0000H.2    04DDH    0004H

?PR?ASIN?ASIN                                    -----    -----      -----    -----
  +--> ?PR?SQRT?SQRT
  +--> ?PR?ATAN?ATAN

?PR?SQRT?SQRT                                    -----    -----      04D5H    0004H

?PR?ACOS?ACOS                                    -----    -----      -----    -----
  +--> ?PR?SQRT?SQRT
  +--> ?PR?ATAN?ATAN

?PR?LINEAR_INTERPOLATE?BIPOLARMOTOR              -----    -----      0478H    0014H

?PR?_MOVE?BIPOLARMOTOR                           0020H.5  0000H.1    0478H    0004H
  +--> ?PR?_STEP_MOVE?BIPOLARMOTOR

?PR?_FIND_REAL_MAX?CALIBRATION                   -----    -----      03D9H    008AH
  +--> ?PR?_ADC_GETRESULT?ADC
  +--> ?PR?_MOVE?BIPOLARMOTOR
  +--> ?PR?_COMMAND?LCD_DRIVER_SPLC780D
  +--> ?PR?_WRITEDATA?LCD_DRIVER_SPLC780D
  +--> ?PR?_DISPLAY_POS?MAIN
  +--> ?PR?_WAIT_MS?LCD_DRIVER_SPLC780D
  +--> ?PR?_MAX_VALUE?CALIBRATION

?PR?_MAX_VALUE?CALIBRATION                       -----    -----      0463H    0004H

?PR?AT25SF041_WRITEENABLE?AT25SF041              -----    -----      03CFH    0002H
  +--> ?PR?_WAIT_MS_SPINOR?AT25SF041

?PR?AT25SF041_CHIPERASE?AT25SF041                -----    -----      03CFH    0002H
  +--> ?PR?_WAIT_MS_SPINOR?AT25SF041
  +--> ?PR?READ_STATUS_REGISTER_BYTE1?AT25SF041

?PR?READ_STATUS_REGISTER_BYTE1?AT25SF041         -----    -----      03D1H    0003H
  +--> ?PR?_WAIT_MS_SPINOR?AT25SF041

?PR?_AT25SF041_WRITE?AT25SF041                   -----    -----      03CFH    0008H
  +--> ?PR?_WAIT_MS_SPINOR?AT25SF041

?PR?SPI_NOR_WRITE_DATA?AT25SF041                 -----    -----      03C0H    000FH
  +--> ?PR?AT25SF041_WRITEENABLE?AT25SF041
  +--> ?PR?AT25SF041_CHIPERASE?AT25SF041
  +--> ?PR?_WAIT_MS_SPINOR?AT25SF041
  +--> ?PR?_AT25SF041_WRITE?AT25SF041



UNRESOLVED EXTERNAL SYMBOLS:
   AUTO_MODE
   _SENDUART1



SYMBOL TABLE OF MODULE:  .\Obj\GPIO_RTC_Test (MAIN)

BL51 BANKED LINKER/LOCATER V6.22                                                      02/21/2019  17:49:26  PAGE 8


  VALUE           TYPE          NAME
  ----------------------------------

  -------         MODULE        MAIN
  C:0000H         SYMBOL        _ICE_DUMMY_
  X:04E9H         PUBLIC        calib_value
  D:0080H         PUBLIC        P0
  D:00B2H         PUBLIC        P3M0
  D:0090H         PUBLIC        P1
  D:00B1H         PUBLIC        P3M1
  D:00A0H         PUBLIC        P2
  D:00B0H         PUBLIC        P3
  D:00C0H         PUBLIC        P4
  D:00C8H         PUBLIC        P5
  X:053DH         SYMBOL        PressedKey
  B:00A8H.7       PUBLIC        EA
  D:00E8H         PUBLIC        P6
  X:0541H         PUBLIC        calib_stamp
  D:00F8H         PUBLIC        P7
  X:0542H         PUBLIC        RX_Data_Uart_Cnt
  D:00A8H         PUBLIC        IE
  X:0544H         PUBLIC        calib_time
  D:00B8H         PUBLIC        IP
  X:0598H         PUBLIC        months
  D:00D8H         PUBLIC        CCON
  C:0B0EH         PUBLIC        main
  X:0599H         PUBLIC        count
  X:059BH         PUBLIC        days
  X:059CH         PUBLIC        hours
  D:0098H         PUBLIC        SCON
  D:0089H         PUBLIC        TMOD
  D:0088H         PUBLIC        TCON
  B:00A0H.3       PUBLIC        P23
  X:059DH         SYMBOL        KeyCount
  X:059FH         PUBLIC        mins
  X:05A0H         PUBLIC        Rec_data_hour
  B:00C8H.5       PUBLIC        P55
  X:05A3H         PUBLIC        Rec_data_min
  D:008EH         PUBLIC        AUXR
  C:0009H         PUBLIC        tm0_isr
  B:0021H.0       PUBLIC        busy
  B:00A8H.1       PUBLIC        ET0
  D:008CH         PUBLIC        TH0
  X:05A6H         PUBLIC        hour_count
  D:008AH         PUBLIC        TL0
  X:05A7H         PUBLIC        min_count
  B:0088H.4       PUBLIC        TR0
  X:05A8H         SYMBOL        KeyNum
  X:05A9H         SYMBOL        KeyNum_Old
  X:05AAH         PUBLIC        current_position
  X:05AEH         PUBLIC        hours1
  X:05AFH         PUBLIC        hours2
  C:4472H         PUBLIC        _Display_Prox
  X:05B0H         PUBLIC        mins1
  X:05B1H         PUBLIC        mins2
  C:3816H         PUBLIC        _Display_Pos
  X:05B2H         PUBLIC        seconds
BL51 BANKED LINKER/LOCATER V6.22                                                      02/21/2019  17:49:26  PAGE 9


  X:05B3H         PUBLIC        st_time
  D:00D0H         PUBLIC        PSW
  -------         PROC          TM0_ISR
  C:0009H         LINE#         85
  C:0009H         LINE#         87
  -------         ENDPROC       TM0_ISR
  -------         PROC          MAIN
  -------         DO            
  X:038FH         SYMBOL        sunlight_ADC
  X:04E1H         SYMBOL        KeyCount
  X:04E3H         SYMBOL        KeyNum_Old
  X:04E4H         SYMBOL        KeyNum
  X:04E5H         SYMBOL        PressedKey
  X:0391H         SYMBOL        prox_flag
  X:0392H         SYMBOL        iUse_prevday_calib_value
  X:0394H         SYMBOL        max_ADC_Val
  X:0396H         SYMBOL        max_ADC_Val_JP
  X:0398H         SYMBOL        calib_point1
  X:03A0H         SYMBOL        calib_point2
  X:03A8H         SYMBOL        dat_to_store
  X:03B4H         SYMBOL        calib_day
  X:03B6H         SYMBOL        calib_count
  X:03B8H         SYMBOL        theorical_JP_max_pos
  X:03BCH         SYMBOL        SPI_NOR_INTERNAL_FLASH_ADDR
  -------         ENDDO         
  C:0B0EH         LINE#         89
  C:0B0EH         LINE#         90
  C:0B0EH         LINE#         95
  C:0B14H         LINE#         96
  C:0B1DH         LINE#         100
  C:0B23H         LINE#         101
  C:0B2DH         LINE#         102
  C:0B37H         LINE#         106
  C:0B39H         LINE#         107
  C:0B3BH         LINE#         108
  C:0B3DH         LINE#         109
  C:0B3FH         LINE#         111
  C:0B46H         LINE#         120
  C:0B48H         LINE#         121
  C:0B4BH         LINE#         122
  C:0B4EH         LINE#         123
  C:0B51H         LINE#         124
  C:0B54H         LINE#         125
  C:0B57H         LINE#         128
  C:0B5AH         LINE#         130
  C:0B5DH         LINE#         131
  C:0B60H         LINE#         132
  C:0B63H         LINE#         133
  C:0B65H         LINE#         134
  C:0B67H         LINE#         135
  C:0B69H         LINE#         137
  C:0B6BH         LINE#         138
  C:0B72H         LINE#         139
  C:0B79H         LINE#         140
  C:0B80H         LINE#         141
  C:0B87H         LINE#         145
  C:0B8EH         LINE#         146
BL51 BANKED LINKER/LOCATER V6.22                                                      02/21/2019  17:49:26  PAGE 10


  C:0B93H         LINE#         147
  C:0B98H         LINE#         148
  C:0B9DH         LINE#         149
  C:0BA2H         LINE#         150
  C:0BA7H         LINE#         153
  C:0BC0H         LINE#         154
  C:0BC0H         LINE#         155
  C:0BDCH         LINE#         156
  C:0C23H         LINE#         157
  C:0C34H         LINE#         158
  C:0C34H         LINE#         159
  C:0C34H         LINE#         160
  C:0C37H         LINE#         163
  C:0C37H         LINE#         166
  C:0C3CH         LINE#         167
  C:0C41H         LINE#         169
  C:0C46H         LINE#         170
  C:0C4BH         LINE#         171
  C:0C50H         LINE#         172
  C:0C55H         LINE#         174
  C:0C66H         LINE#         175
  C:0C6BH         LINE#         176
  C:0C70H         LINE#         178
  C:0C77H         LINE#         179
  C:0C7FH         LINE#         180
  C:0C84H         LINE#         181
  C:0C8CH         LINE#         182
  C:0C91H         LINE#         183
  C:0C9BH         LINE#         184
  C:0CA0H         LINE#         185
  C:0CA8H         LINE#         187
  C:0CB0H         LINE#         188
  C:0CB5H         LINE#         189
  C:0CBFH         LINE#         190
  C:0CBFH         LINE#         191
  C:0CC1H         LINE#         192
  C:0CC3H         LINE#         193
  C:0CCDH         LINE#         194
  C:0CCDH         LINE#         195
  C:0CD2H         LINE#         196
  C:0CD2H         LINE#         208
  C:0CDFH         LINE#         209
  C:0CDFH         LINE#         210
  C:0CE9H         LINE#         211
  C:0D00H         LINE#         212
  C:0D00H         LINE#         213
  C:0D02H         LINE#         214
  C:0D04H         LINE#         216
  C:0D04H         LINE#         217
  C:0D0FH         LINE#         218
  C:0D0FH         LINE#         219
  C:0D14H         LINE#         220
  C:0D14H         LINE#         221
  C:0D21H         LINE#         222
  C:0D21H         LINE#         225
  C:0D2BH         LINE#         226
  C:0D42H         LINE#         227
BL51 BANKED LINKER/LOCATER V6.22                                                      02/21/2019  17:49:26  PAGE 11


  C:0D42H         LINE#         228
  C:0D44H         LINE#         229
  C:0D46H         LINE#         231
  C:0D46H         LINE#         232
  C:0D51H         LINE#         233
  C:0D51H         LINE#         234
  C:0D56H         LINE#         235
  C:0D58H         LINE#         236
  C:0D58H         LINE#         245
  C:0D7AH         LINE#         246
  C:0D7AH         LINE#         247
  C:0D84H         LINE#         248
  C:0D8AH         LINE#         249
  C:0D8CH         LINE#         250
  C:0D8EH         LINE#         251
  C:0D90H         LINE#         252
  C:0D90H         LINE#         253
  C:0D93H         LINE#         255
  C:0D93H         LINE#         256
  C:0D99H         LINE#         257
  C:0DA1H         LINE#         258
  C:0DA7H         LINE#         259
  C:0DAFH         LINE#         260
  C:0DEAH         LINE#         264
  C:0DF7H         LINE#         265
  C:0DF7H         LINE#         266
  C:0E04H         LINE#         267
  C:0E37H         LINE#         268
  C:0E44H         LINE#         269
  C:0E44H         LINE#         271
  C:0E73H         LINE#         272
  C:0E73H         LINE#         273
  C:0E95H         LINE#         274
  C:0E95H         LINE#         275
  C:0F11H         LINE#         276
  C:0F8FH         LINE#         295
  C:0F8FH         LINE#         296
  C:0F92H         LINE#         298
  C:0F95H         LINE#         299
  C:0F9CH         LINE#         300
  C:0F9CH         LINE#         301
  C:0F9FH         LINE#         303
  C:0FB6H         LINE#         305
  C:0FBDH         LINE#         306
  C:0FC0H         LINE#         308
  C:0FD7H         LINE#         309
  C:0FDEH         LINE#         312
  C:0FE1H         LINE#         314
  C:0FF8H         LINE#         315
  C:0FFFH         LINE#         317
  C:1002H         LINE#         319
  C:1019H         LINE#         320
  C:1020H         LINE#         322
  C:1023H         LINE#         323
  C:1034H         LINE#         324
  C:1034H         LINE#         325
  C:1034H         LINE#         327
BL51 BANKED LINKER/LOCATER V6.22                                                      02/21/2019  17:49:26  PAGE 12


  C:1034H         LINE#         330
  C:1037H         LINE#         332
  C:1037H         LINE#         333
  C:1059H         LINE#         334
  C:1059H         LINE#         335
  C:10D5H         LINE#         336
  C:112AH         LINE#         337
  C:112AH         LINE#         338
  C:112AH         LINE#         339
  C:112DH         LINE#         343
  C:112DH         LINE#         346
  C:1161H         LINE#         347
  C:1161H         LINE#         348
  C:1183H         LINE#         349
  C:1183H         LINE#         350
  C:11FFH         LINE#         351
  C:127DH         LINE#         355
  C:1285H         LINE#         356
  C:128DH         LINE#         357
  C:1295H         LINE#         359
  C:129DH         LINE#         360
  C:12A6H         LINE#         361
  C:12BCH         LINE#         363
  C:12ECH         LINE#         364
  C:12FBH         LINE#         365
  C:1304H         LINE#         367
  C:131AH         LINE#         368
  C:134AH         LINE#         369
  C:136EH         LINE#         371
  C:1371H         LINE#         372
  C:1382H         LINE#         373
  C:1382H         LINE#         374
  C:138AH         LINE#         376
  C:138AH         LINE#         379
  C:138DH         LINE#         381
  C:138DH         LINE#         383
  C:13AFH         LINE#         384
  C:13AFH         LINE#         385
  C:142BH         LINE#         387
  C:1458H         LINE#         388
  C:1473H         LINE#         389
  C:14A0H         LINE#         390
  C:14BBH         LINE#         392
  C:1557H         LINE#         395
  C:1557H         LINE#         396
  C:1557H         LINE#         397
  C:1557H         LINE#         399
  C:1557H         LINE#         402
  C:1573H         LINE#         403
  C:1578H         LINE#         405
  C:157AH         LINE#         406
  -------         ENDPROC       MAIN
  -------         PROC          _DISPLAY_PROX
  D:0002H         SYMBOL        dat
  -------         DO            
  X:062FH         SYMBOL        unit
  X:0630H         SYMBOL        ten
BL51 BANKED LINKER/LOCATER V6.22                                                      02/21/2019  17:49:26  PAGE 13


  X:0631H         SYMBOL        hundred
  X:0632H         SYMBOL        thousand
  -------         ENDDO         
  C:4472H         LINE#         490
  C:4476H         LINE#         491
  C:4476H         LINE#         493
  C:4482H         LINE#         494
  C:4492H         LINE#         495
  C:44AEH         LINE#         496
  C:44DEH         LINE#         497
  C:44E8H         LINE#         498
  C:44F2H         LINE#         499
  C:44FCH         LINE#         500
  C:4506H         LINE#         502
  -------         ENDPROC       _DISPLAY_PROX
  -------         PROC          _DISPLAY_POS
  X:0463H         SYMBOL        sign_dat
  -------         DO            
  X:0467H         SYMBOL        unit
  X:0468H         SYMBOL        ten
  X:0469H         SYMBOL        hundred
  D:0003H         SYMBOL        thousand
  X:046AH         SYMBOL        after_dot
  X:046BH         SYMBOL        dat
  -------         ENDDO         
  C:3816H         LINE#         505
  C:381CH         LINE#         506
  C:381CH         LINE#         510
  C:3838H         LINE#         511
  C:3852H         LINE#         512
  C:3876H         LINE#         514
  C:38C0H         LINE#         516
  C:38D7H         LINE#         517
  C:38E4H         LINE#         518
  C:3906H         LINE#         519
  C:393BH         LINE#         520
  C:3953H         LINE#         521
  C:3953H         LINE#         523
  C:3953H         LINE#         524
  C:3953H         LINE#         525
  C:3953H         LINE#         526
  C:3953H         LINE#         527
  C:3953H         LINE#         531
  C:3955H         LINE#         533
  C:3955H         LINE#         535
  C:395AH         LINE#         536
  C:3964H         LINE#         537
  C:396EH         LINE#         538
  C:3978H         LINE#         539
  C:397DH         LINE#         540
  C:3987H         LINE#         544
  C:3987H         LINE#         546
  -------         ENDPROC       _DISPLAY_POS
  -------         ENDMOD        MAIN

  -------         MODULE        PCF85063BTL
  C:0000H         SYMBOL        _ICE_DUMMY_
BL51 BANKED LINKER/LOCATER V6.22                                                      02/21/2019  17:49:26  PAGE 14


  D:0096H         PUBLIC        P2M0
  D:0080H         PUBLIC        P0
  D:0095H         PUBLIC        P2M1
  D:0090H         PUBLIC        P1
  D:00A0H         PUBLIC        P2
  D:00B0H         PUBLIC        P3
  D:00C0H         PUBLIC        P4
  D:00C8H         PUBLIC        P5
  D:00E8H         PUBLIC        P6
  B:00A0H.1       PUBLIC        PCF85063BTL_SDI
  D:00F8H         PUBLIC        P7
  B:00A0H.2       PUBLIC        PCF85063BTL_SCK
  B:00A0H.1       PUBLIC        PCF85063BTL_SDO
  D:00A8H         PUBLIC        IE
  C:468CH         PUBLIC        _Read_time
  C:4BE3H         PUBLIC        _PCF85063BTL_Delay
  D:00B8H         PUBLIC        IP
  D:00D8H         PUBLIC        CCON
  C:4593H         PUBLIC        _Day_Of_Year
  C:4AD9H         PUBLIC        SPI_ReceiveByte
  D:0098H         PUBLIC        SCON
  D:0088H         PUBLIC        TCON
  C:4C16H         PUBLIC        _BCDtoDec
  B:00A0H.0       PUBLIC        PCF85063BTL_CS
  C:4C05H         PUBLIC        _SPI_ReadTime
  C:4C65H         PUBLIC        SPI_Init
  C:4B6EH         PUBLIC        _SPI_WriteTime
  C:4AB9H         PUBLIC        _SPI_SendByte
  D:00D0H         PUBLIC        PSW
  C:4BDFH         SYMBOL        L?0047
  -------         PROC          L?0046
  -------         ENDPROC       L?0046
  C:4BDFH         SYMBOL        L?0047
  -------         PROC          _PCF85063BTL_DELAY
  D:0006H         SYMBOL        us
  C:4BE3H         LINE#         8
  C:4BE3H         LINE#         9
  C:4BE3H         LINE#         10
  C:4BEDH         LINE#         11
  C:4BEDH         LINE#         12
  C:4BEEH         LINE#         13
  C:4BF0H         LINE#         14
  -------         ENDPROC       _PCF85063BTL_DELAY
  -------         PROC          _SPI_SENDBYTE
  D:0005H         SYMBOL        dat
  -------         DO            
  D:0003H         SYMBOL        i
  -------         ENDDO         
  C:4AB9H         LINE#         17
  C:4ABBH         LINE#         18
  C:4ABBH         LINE#         20
  C:4ABDH         LINE#         21
  C:4ABDH         LINE#         22
  C:4ABFH         LINE#         23
  C:4AC3H         LINE#         24
  C:4AC3H         LINE#         25
  C:4AC5H         LINE#         26
BL51 BANKED LINKER/LOCATER V6.22                                                      02/21/2019  17:49:26  PAGE 15


  C:4AC7H         LINE#         28
  C:4AC7H         LINE#         29
  C:4AC9H         LINE#         30
  C:4AC9H         LINE#         31
  C:4ACCH         LINE#         32
  C:4ACCH         LINE#         33
  C:4ACFH         LINE#         34
  C:4AD3H         LINE#         35
  C:4AD8H         LINE#         36
  -------         ENDPROC       _SPI_SENDBYTE
  -------         PROC          SPI_RECEIVEBYTE
  -------         DO            
  D:0003H         SYMBOL        i
  D:0005H         SYMBOL        dat
  -------         ENDDO         
  C:4AD9H         LINE#         39
  C:4AD9H         LINE#         40
  C:4AD9H         LINE#         42
  C:4ADBH         LINE#         44
  C:4ADDH         LINE#         45
  C:4ADEH         LINE#         46
  C:4ADEH         LINE#         47
  C:4AE2H         LINE#         48
  C:4AE4H         LINE#         49
  C:4AE7H         LINE#         51
  C:4AEAH         LINE#         52
  C:4AEAH         LINE#         53
  C:4AEEH         LINE#         54
  C:4AEEH         LINE#         55
  C:4AEEH         LINE#         56
  C:4AF1H         LINE#         57
  C:4AF6H         LINE#         58
  C:4AF8H         LINE#         59
  -------         ENDPROC       SPI_RECEIVEBYTE
  -------         PROC          _SPI_READTIME
  D:0007H         SYMBOL        addr
  -------         DO            
  D:0006H         SYMBOL        dat
  -------         ENDDO         
  C:4C05H         LINE#         61
  C:4C05H         LINE#         62
  C:4C05H         LINE#         64
  C:4C07H         LINE#         65
  C:4C09H         LINE#         66
  C:4C10H         LINE#         67
  C:4C13H         LINE#         68
  C:4C15H         LINE#         69
  C:4C15H         LINE#         70
  -------         ENDPROC       _SPI_READTIME
  -------         PROC          _SPI_WRITETIME
  D:0002H         SYMBOL        val
  D:0005H         SYMBOL        addr
  C:4B6EH         LINE#         71
  C:4B70H         LINE#         72
  C:4B70H         LINE#         74
  C:4B72H         LINE#         75
  C:4B79H         LINE#         76
BL51 BANKED LINKER/LOCATER V6.22                                                      02/21/2019  17:49:26  PAGE 16


  C:4B7EH         LINE#         77
  C:4B83H         LINE#         78
  C:4B85H         LINE#         79
  -------         ENDPROC       _SPI_WRITETIME
  -------         PROC          SPI_INIT
  C:4C65H         LINE#         83
  C:4C65H         LINE#         84
  C:4C65H         LINE#         89
  C:4C68H         LINE#         90
  C:4C6BH         LINE#         91
  C:4C6DH         LINE#         92
  C:4C6FH         LINE#         93
  C:4C71H         LINE#         94
  -------         ENDPROC       SPI_INIT
  -------         PROC          _READ_TIME
  X:03C0H         SYMBOL        months
  X:03C3H         SYMBOL        days
  X:03C6H         SYMBOL        hours
  X:03C9H         SYMBOL        mins
  X:03CCH         SYMBOL        seconds
  C:468CH         LINE#         96
  C:4697H         LINE#         97
  C:4697H         LINE#         99
  C:46ABH         LINE#         101
  C:46BFH         LINE#         103
  C:46D3H         LINE#         108
  C:46E7H         LINE#         113
  -------         ENDPROC       _READ_TIME
  -------         PROC          _BCDTODEC
  D:0007H         SYMBOL        bcd
  -------         DO            
  D:0006H         SYMBOL        hi
  D:0007H         SYMBOL        lo
  -------         ENDDO         
  C:4C16H         LINE#         119
  C:4C16H         LINE#         120
  C:4C16H         LINE#         122
  C:4C1BH         LINE#         123
  C:4C1FH         LINE#         124
  C:4C26H         LINE#         125
  -------         ENDPROC       _BCDTODEC
  -------         PROC          _DAY_OF_YEAR
  D:0007H         SYMBOL        months_bcd
  D:0005H         SYMBOL        days_bcd
  -------         DO            
  D:0004H         SYMBOL        months
  D:0007H         SYMBOL        days
  -------         ENDDO         
  C:4593H         LINE#         126
  C:4593H         LINE#         127
  C:4593H         LINE#         130
  C:4598H         LINE#         132
  C:459DH         LINE#         134
  C:45D6H         LINE#         135
  C:45D6H         LINE#         136
  C:45D6H         LINE#         137
  C:45D9H         LINE#         138
BL51 BANKED LINKER/LOCATER V6.22                                                      02/21/2019  17:49:26  PAGE 17


  C:45D9H         LINE#         139
  C:45D9H         LINE#         140
  C:45DEH         LINE#         141
  C:45DEH         LINE#         142
  C:45DEH         LINE#         143
  C:45E3H         LINE#         144
  C:45E3H         LINE#         145
  C:45E3H         LINE#         146
  C:45E8H         LINE#         147
  C:45E8H         LINE#         148
  C:45E8H         LINE#         149
  C:45EDH         LINE#         150
  C:45EDH         LINE#         151
  C:45EDH         LINE#         152
  C:45F2H         LINE#         153
  C:45F2H         LINE#         154
  C:45F2H         LINE#         155
  C:45F7H         LINE#         156
  C:45F7H         LINE#         157
  C:45F7H         LINE#         158
  C:45FCH         LINE#         159
  C:45FCH         LINE#         160
  C:45FCH         LINE#         161
  C:4604H         LINE#         162
  C:4604H         LINE#         163
  C:4604H         LINE#         164
  C:4609H         LINE#         165
  C:4609H         LINE#         166
  C:4609H         LINE#         167
  C:460EH         LINE#         168
  C:460EH         LINE#         169
  C:460EH         LINE#         170
  C:4616H         LINE#         171
  C:4616H         LINE#         172
  C:4616H         LINE#         173
  -------         ENDPROC       _DAY_OF_YEAR
  -------         ENDMOD        PCF85063BTL

  -------         MODULE        UART1
  C:0000H         SYMBOL        _ICE_DUMMY_
  D:0080H         PUBLIC        P0
  D:0090H         PUBLIC        P1
  D:00A0H         PUBLIC        P2
  D:00B0H         PUBLIC        P3
  D:00C0H         PUBLIC        P4
  D:00C8H         PUBLIC        P5
  B:00A8H.7       PUBLIC        EA
  D:00E8H         PUBLIC        P6
  D:00F8H         PUBLIC        P7
  C:4991H         PUBLIC        _SendString
  D:00A8H         PUBLIC        IE
  B:00A8H.4       PUBLIC        ES
  D:00B8H         PUBLIC        IP
  C:4B86H         PUBLIC        _ASCIItoBCD
  D:00D8H         PUBLIC        CCON
  C:4C27H         PUBLIC        initUART1
  D:0098H         PUBLIC        SCON
BL51 BANKED LINKER/LOCATER V6.22                                                      02/21/2019  17:49:26  PAGE 18


  D:0088H         PUBLIC        TCON
  C:000AH         PUBLIC        _DectoBCD
  C:4CA9H         PUBLIC        _ASCII_Letter
  D:008EH         PUBLIC        AUXR
  C:4CA4H         PUBLIC        _unit
  C:0003H         PUBLIC        _ten
  D:00D6H         PUBLIC        T2H
  D:00D7H         PUBLIC        T2L
  D:00D0H         PUBLIC        PSW
  -------         PROC          INITUART1
  C:4C27H         LINE#         21
  C:4C27H         LINE#         22
  C:4C27H         LINE#         23
  C:4C2AH         LINE#         24
  C:4C2DH         LINE#         25
  C:4C30H         LINE#         26
  C:4C33H         LINE#         27
  C:4C35H         LINE#         28
  C:4C37H         LINE#         30
  -------         ENDPROC       INITUART1
  -------         PROC          _SENDSTRING
  X:0633H         SYMBOL        s
  C:4991H         LINE#         35
  C:499CH         LINE#         36
  C:499CH         LINE#         37
  C:49ACH         LINE#         38
  C:49ACH         LINE#         39
  C:49C1H         LINE#         40
  C:49C3H         LINE#         41
  -------         ENDPROC       _SENDSTRING
  -------         PROC          _TEN
  D:0007H         SYMBOL        BCD
  C:0003H         LINE#         43
  C:0003H         LINE#         44
  C:0003H         LINE#         45
  C:0008H         LINE#         46
  -------         ENDPROC       _TEN
  -------         PROC          _UNIT
  D:0007H         SYMBOL        BCD
  C:4CA4H         LINE#         47
  C:4CA4H         LINE#         48
  C:4CA4H         LINE#         52
  C:4CA8H         LINE#         53
  -------         ENDPROC       _UNIT
  -------         PROC          _DECTOBCD
  D:0007H         SYMBOL        dec
  C:000AH         LINE#         54
  C:000AH         LINE#         55
  C:000AH         LINE#         57
  C:000AH         LINE#         58
  -------         ENDPROC       _DECTOBCD
  -------         PROC          _ASCII_LETTER
  D:0007H         SYMBOL        dat
  C:4CA9H         LINE#         60
  C:4CA9H         LINE#         61
  C:4CA9H         LINE#         63
  C:4CADH         LINE#         64
BL51 BANKED LINKER/LOCATER V6.22                                                      02/21/2019  17:49:26  PAGE 19


  -------         ENDPROC       _ASCII_LETTER
  -------         PROC          _ASCIITOBCD
  D:0001H         SYMBOL        ascii
  -------         DO            
  D:0007H         SYMBOL        dec_val
  D:0006H         SYMBOL        ten
  D:0007H         SYMBOL        unit
  -------         ENDDO         
  C:4B86H         LINE#         66
  C:4B86H         LINE#         67
  C:4B86H         LINE#         69
  C:4B89H         LINE#         70
  C:4B8FH         LINE#         71
  C:4B96H         LINE#         72
  C:4B9CH         LINE#         74
  -------         ENDPROC       _ASCIITOBCD
  -------         ENDMOD        UART1

  -------         MODULE        LCD_DRIVER_SPLC780D
  C:0000H         SYMBOL        _ICE_DUMMY_
  D:0092H         PUBLIC        P1M0
  D:0091H         PUBLIC        P1M1
  D:0080H         PUBLIC        P0
  D:0090H         PUBLIC        P1
  D:00A0H         PUBLIC        P2
  D:00B0H         PUBLIC        P3
  D:00C0H         PUBLIC        P4
  D:00C8H         PUBLIC        P5
  D:00E8H         PUBLIC        P6
  D:00F8H         PUBLIC        P7
  C:4617H         PUBLIC        _WriteData
  D:00A8H         PUBLIC        IE
  D:00B8H         PUBLIC        IP
  D:00D8H         PUBLIC        CCON
  B:00B0H.4       PUBLIC        LCD_D4
  B:00B0H.5       PUBLIC        LCD_D5
  B:00B0H.6       PUBLIC        LCD_D6
  C:4B36H         PUBLIC        _DisplayLCD
  B:00B0H.7       PUBLIC        LCD_D7
  D:0098H         PUBLIC        SCON
  D:0088H         PUBLIC        TCON
  C:4C94H         PUBLIC        LCD_clear
  C:48D6H         PUBLIC        _Command
  C:4BB3H         PUBLIC        _Display_Line
  C:4755H         PUBLIC        LCD_Init
  C:4A9BH         PUBLIC        _Wait_ms
  B:00C0H.0       PUBLIC        LCD_RS
  B:00B0H.2       PUBLIC        LCD_RW
  C:4C8AH         PUBLIC        LCD_return_home
  B:00B0H.3       PUBLIC        LCD_E
  D:00D0H         PUBLIC        PSW
  -------         PROC          LCD_INIT
  C:4755H         LINE#         9
  C:4755H         LINE#         10
  C:4755H         LINE#         11
  C:4758H         LINE#         12
  C:475BH         LINE#         14
BL51 BANKED LINKER/LOCATER V6.22                                                      02/21/2019  17:49:26  PAGE 20


  C:4761H         LINE#         15
  C:4766H         LINE#         17
  C:476DH         LINE#         18
  C:4772H         LINE#         20
  C:4775H         LINE#         21
  C:477AH         LINE#         23
  C:477DH         LINE#         24
  C:4782H         LINE#         26
  C:4789H         LINE#         29
  C:478EH         LINE#         30
  C:4793H         LINE#         32
  C:4798H         LINE#         33
  C:479DH         LINE#         35
  C:47A2H         LINE#         36
  C:47A7H         LINE#         37
  -------         ENDPROC       LCD_INIT
  -------         PROC          _WRITEDATA
  X:046DH         SYMBOL        dat
  C:4617H         LINE#         40
  C:461CH         LINE#         41
  C:461CH         LINE#         46
  C:461EH         LINE#         47
  C:4620H         LINE#         49
  C:462EH         LINE#         50
  C:463AH         LINE#         51
  C:4646H         LINE#         52
  C:4650H         LINE#         53
  C:4652H         LINE#         54
  C:4659H         LINE#         55
  C:465BH         LINE#         57
  C:466BH         LINE#         58
  C:4676H         LINE#         59
  C:4680H         LINE#         60
  C:4684H         LINE#         62
  C:4684H         LINE#         63
  C:4687H         LINE#         64
  C:4689H         LINE#         65
  C:468BH         LINE#         67
  -------         ENDPROC       _WRITEDATA
  -------         PROC          _COMMAND
  D:0007H         SYMBOL        dat
  C:48D6H         LINE#         69
  C:48D6H         LINE#         70
  C:48D6H         LINE#         71
  C:48D8H         LINE#         72
  C:48DAH         LINE#         74
  C:48E4H         LINE#         75
  C:48E8H         LINE#         77
  C:48EAH         LINE#         78
  C:48F3H         LINE#         79
  C:48F7H         LINE#         81
  C:48F9H         LINE#         82
  C:4900H         LINE#         83
  C:4904H         LINE#         85
  C:4906H         LINE#         86
  C:490AH         LINE#         87
  C:490EH         LINE#         89
BL51 BANKED LINKER/LOCATER V6.22                                                      02/21/2019  17:49:26  PAGE 21


  C:4910H         LINE#         90
  C:4910H         LINE#         91
  C:4913H         LINE#         92
  C:4915H         LINE#         93
  -------         ENDPROC       _COMMAND
  C:4A97H         SYMBOL        L?0028
  -------         PROC          L?0027
  -------         ENDPROC       L?0027
  C:4A97H         SYMBOL        L?0028
  -------         PROC          _WAIT_MS
  D:0006H         SYMBOL        ms
  -------         DO            
  D:0004H         SYMBOL        De_Cnt
  -------         ENDDO         
  C:4A9BH         LINE#         95
  C:4A9BH         LINE#         96
  C:4A9BH         LINE#         98
  C:4AA5H         LINE#         99
  C:4AA5H         LINE#         100
  C:4AB8H         LINE#         101
  C:4AB8H         LINE#         102
  -------         ENDPROC       _WAIT_MS
  -------         PROC          _DISPLAYLCD
  D:0007H         SYMBOL        BCD
  -------         DO            
  D:0006H         SYMBOL        first_digit
  X:03C0H         SYMBOL        second_digit
  -------         ENDDO         
  C:4B36H         LINE#         103
  C:4B36H         LINE#         104
  C:4B36H         LINE#         106
  C:4B3DH         LINE#         107
  C:4B46H         LINE#         109
  C:4B4BH         LINE#         111
  -------         ENDPROC       _DISPLAYLCD
  -------         PROC          LCD_RETURN_HOME
  C:4C8AH         LINE#         115
  C:4C8AH         LINE#         116
  C:4C8AH         LINE#         117
  C:4C8FH         LINE#         118
  -------         ENDPROC       LCD_RETURN_HOME
  -------         PROC          LCD_CLEAR
  C:4C94H         LINE#         121
  C:4C94H         LINE#         122
  C:4C94H         LINE#         123
  C:4C99H         LINE#         124
  -------         ENDPROC       LCD_CLEAR
  -------         PROC          _DISPLAY_LINE
  D:0006H         SYMBOL        line
  C:4BB3H         LINE#         128
  C:4BB3H         LINE#         129
  C:4BB3H         LINE#         130
  C:4BB9H         LINE#         131
  C:4BB9H         LINE#         132
  C:4BBBH         LINE#         133
  C:4BBBH         LINE#         134
  C:4BBDH         LINE#         136
BL51 BANKED LINKER/LOCATER V6.22                                                      02/21/2019  17:49:26  PAGE 22


  C:4BBDH         LINE#         137
  C:4BC2H         LINE#         138
  C:4BC7H         LINE#         139
  C:4BC7H         LINE#         140
  -------         ENDPROC       _DISPLAY_LINE
  -------         ENDMOD        LCD_DRIVER_SPLC780D

  -------         MODULE        KEYPAD
  C:0000H         SYMBOL        _ICE_DUMMY_
  D:0093H         PUBLIC        P0M1
  D:0080H         PUBLIC        P0
  D:0090H         PUBLIC        P1
  D:00A0H         PUBLIC        P2
  D:00B0H         PUBLIC        P3
  D:00C0H         PUBLIC        P4
  D:00C8H         PUBLIC        P5
  B:0020H.0       PUBLIC        calib_mode
  D:00E8H         PUBLIC        P6
  D:00F8H         PUBLIC        P7
  D:00A8H         PUBLIC        IE
  C:3501H         PUBLIC        Key_Scan
  D:00B8H         PUBLIC        IP
  D:00D8H         PUBLIC        CCON
  C:4C72H         PUBLIC        KeyPad_IO_Init
  C:4B18H         PUBLIC        _Delay_ms
  D:0098H         PUBLIC        SCON
  D:0088H         PUBLIC        TCON
  B:0020H.1       PUBLIC        small_move
  B:0020H.2       PUBLIC        move
  B:0020H.3       PUBLIC        direction
  B:0020H.4       PUBLIC        auto_move
  C:3090H         PUBLIC        Key_Process
  D:00D0H         PUBLIC        PSW
  D:0094H         PUBLIC        P0M0
  -------         PROC          _DELAY_MS
  D:0006H         SYMBOL        ms
  -------         DO            
  D:0004H         SYMBOL        De_Cnt
  -------         ENDDO         
  C:4B18H         LINE#         19
  C:4B18H         LINE#         20
  C:4B18H         LINE#         22
  C:4B22H         LINE#         23
  C:4B22H         LINE#         24
  C:4B35H         LINE#         25
  C:4B35H         LINE#         26
  -------         ENDPROC       _DELAY_MS
  -------         PROC          KEY_SCAN
  -------         DO            
  X:03C6H         SYMBOL        KeyTemp1
  X:03C7H         SYMBOL        KeyTemp2
  X:03C8H         SYMBOL        KeyValue
  -------         ENDDO         
  C:3501H         LINE#         27
  C:3501H         LINE#         28
  C:3501H         LINE#         33
  C:3504H         LINE#         36
BL51 BANKED LINKER/LOCATER V6.22                                                      02/21/2019  17:49:26  PAGE 23


  C:3507H         LINE#         38
  C:350FH         LINE#         39
  C:3516H         LINE#         40
  C:3516H         LINE#         42
  C:351BH         LINE#         43
  C:3522H         LINE#         44
  C:3522H         LINE#         47
  C:3525H         LINE#         48
  C:3528H         LINE#         49
  C:352DH         LINE#         50
  C:3531H         LINE#         51
  C:3531H         LINE#         52
  C:3539H         LINE#         53
  C:3539H         LINE#         54
  C:353CH         LINE#         55
  C:3544H         LINE#         56
  C:3546H         LINE#         58
  C:355AH         LINE#         59
  C:355AH         LINE#         60
  C:355AH         LINE#         61
  C:355AH         LINE#         62
  C:3560H         LINE#         64
  C:3562H         LINE#         65
  C:3562H         LINE#         66
  C:3562H         LINE#         67
  C:3568H         LINE#         69
  C:356AH         LINE#         70
  C:356AH         LINE#         71
  C:356AH         LINE#         72
  C:3570H         LINE#         74
  C:3572H         LINE#         75
  C:3572H         LINE#         76
  C:3572H         LINE#         77
  C:3578H         LINE#         79
  C:3578H         LINE#         80
  C:3578H         LINE#         81
  C:3578H         LINE#         84
  C:357BH         LINE#         85
  C:357EH         LINE#         86
  C:3586H         LINE#         87
  C:358AH         LINE#         88
  C:358AH         LINE#         89
  C:3592H         LINE#         90
  C:3592H         LINE#         91
  C:3595H         LINE#         92
  C:359DH         LINE#         93
  C:359FH         LINE#         94
  C:35B3H         LINE#         95
  C:35B3H         LINE#         96
  C:35B3H         LINE#         97
  C:35B3H         LINE#         98
  C:35B9H         LINE#         100
  C:35BBH         LINE#         101
  C:35BBH         LINE#         102
  C:35BBH         LINE#         103
  C:35C1H         LINE#         105
  C:35C3H         LINE#         106
BL51 BANKED LINKER/LOCATER V6.22                                                      02/21/2019  17:49:26  PAGE 24


  C:35C3H         LINE#         107
  C:35C3H         LINE#         108
  C:35C9H         LINE#         110
  C:35CBH         LINE#         111
  C:35CBH         LINE#         112
  C:35CBH         LINE#         113
  C:35D0H         LINE#         115
  C:35D0H         LINE#         116
  C:35D0H         LINE#         117
  C:35D0H         LINE#         120
  C:35D3H         LINE#         121
  C:35D6H         LINE#         122
  C:35DEH         LINE#         123
  C:35E2H         LINE#         124
  C:35E2H         LINE#         125
  C:35EAH         LINE#         126
  C:35EAH         LINE#         127
  C:35EDH         LINE#         128
  C:35F5H         LINE#         129
  C:35F7H         LINE#         130
  C:360BH         LINE#         131
  C:360BH         LINE#         132
  C:360BH         LINE#         133
  C:360BH         LINE#         134
  C:3611H         LINE#         136
  C:3613H         LINE#         137
  C:3613H         LINE#         138
  C:3613H         LINE#         139
  C:3619H         LINE#         141
  C:361BH         LINE#         142
  C:361BH         LINE#         143
  C:361BH         LINE#         144
  C:3621H         LINE#         146
  C:3623H         LINE#         147
  C:3623H         LINE#         148
  C:3623H         LINE#         149
  C:3629H         LINE#         151
  C:3629H         LINE#         152
  C:3629H         LINE#         153
  C:3629H         LINE#         157
  C:362CH         LINE#         158
  C:362FH         LINE#         159
  C:3637H         LINE#         160
  C:363BH         LINE#         161
  C:363BH         LINE#         162
  C:3643H         LINE#         163
  C:3643H         LINE#         164
  C:3646H         LINE#         165
  C:364EH         LINE#         166
  C:3650H         LINE#         167
  C:3664H         LINE#         168
  C:3664H         LINE#         169
  C:3664H         LINE#         170
  C:3664H         LINE#         171
  C:366AH         LINE#         173
  C:366CH         LINE#         174
  C:366CH         LINE#         175
BL51 BANKED LINKER/LOCATER V6.22                                                      02/21/2019  17:49:26  PAGE 25


  C:366CH         LINE#         176
  C:3672H         LINE#         178
  C:3674H         LINE#         179
  C:3674H         LINE#         180
  C:3674H         LINE#         181
  C:367AH         LINE#         183
  C:367CH         LINE#         184
  C:367CH         LINE#         185
  C:367CH         LINE#         186
  C:3682H         LINE#         188
  C:3682H         LINE#         189
  C:3682H         LINE#         190
  C:3682H         LINE#         192
  C:3688H         LINE#         193
  C:3688H         LINE#         195
  C:3688H         LINE#         196
  C:368BH         LINE#         197
  C:368BH         LINE#         198
  C:368BH         LINE#         200
  C:368BH         LINE#         201
  C:368DH         LINE#         202
  C:368DH         LINE#         203
  -------         ENDPROC       KEY_SCAN
  -------         PROC          KEY_PROCESS
  -------         DO            
  X:0619H         SYMBOL        KeyCount
  X:061BH         SYMBOL        KeyNum_Old
  X:061CH         SYMBOL        KeyNum
  X:061DH         SYMBOL        PressedKey
  X:03C0H         SYMBOL        d
  D:0004H         SYMBOL        hours
  D:0006H         SYMBOL        mins
  X:03C2H         SYMBOL        months
  X:03C4H         SYMBOL        days
  -------         ENDDO         
  C:3090H         LINE#         204
  C:3090H         LINE#         205
  C:3090H         LINE#         209
  C:3098H         LINE#         210
  C:30A0H         LINE#         212
  C:30A3H         LINE#         213
  C:30A3H         LINE#         214
  C:30A6H         LINE#         216
  C:30A6H         LINE#         217
  C:30B3H         LINE#         218
  C:30B3H         LINE#         219
  C:30B6H         LINE#         220
  C:30B9H         LINE#         222
  C:30BCH         LINE#         224
  C:30BCH         LINE#         225
  C:30C7H         LINE#         226
  C:30C7H         LINE#         227
  C:30CAH         LINE#         229
  C:30CAH         LINE#         230
  C:30D1H         LINE#         231
  C:30D1H         LINE#         232
  C:30D4H         LINE#         234
BL51 BANKED LINKER/LOCATER V6.22                                                      02/21/2019  17:49:26  PAGE 26


  C:30D4H         LINE#         235
  C:30DCH         LINE#         236
  C:30DCH         LINE#         237
  C:30E6H         LINE#         238
  C:30EEH         LINE#         240
  C:30F7H         LINE#         242
  C:30F7H         LINE#         251
  C:310CH         LINE#         252
  C:310CH         LINE#         253
  C:311EH         LINE#         254
  C:312CH         LINE#         255
  C:313BH         LINE#         256
  C:313BH         LINE#         258
  C:3141H         LINE#         262
  C:3157H         LINE#         263
  C:3168H         LINE#         264
  C:3183H         LINE#         265
  C:3183H         LINE#         266
  C:3193H         LINE#         267
  C:31A4H         LINE#         268
  C:31A4H         LINE#         272
  C:31BDH         LINE#         273
  C:31D4H         LINE#         274
  C:31F4H         LINE#         275
  C:31F4H         LINE#         276
  C:31FEH         LINE#         277
  C:31FEH         LINE#         278
  C:3207H         LINE#         279
  C:3207H         LINE#         280
  C:321BH         LINE#         281
  C:321BH         LINE#         282
  C:321BH         LINE#         283
  C:321BH         LINE#         284
  C:321BH         LINE#         285
  C:321DH         LINE#         287
  C:321DH         LINE#         288
  C:3229H         LINE#         289
  C:3229H         LINE#         290
  C:323AH         LINE#         291
  C:323AH         LINE#         292
  C:323AH         LINE#         293
  C:323AH         LINE#         294
  C:323AH         LINE#         296
  C:323CH         LINE#         298
  C:323CH         LINE#         299
  C:324DH         LINE#         300
  C:324DH         LINE#         301
  C:324DH         LINE#         302
  C:324DH         LINE#         303
  C:324DH         LINE#         305
  C:324DH         LINE#         307
  C:324DH         LINE#         308
  C:324FH         LINE#         310
  C:324FH         LINE#         311
  C:3262H         LINE#         312
  C:3262H         LINE#         313
  C:3273H         LINE#         314
BL51 BANKED LINKER/LOCATER V6.22                                                      02/21/2019  17:49:26  PAGE 27


  C:3273H         LINE#         315
  C:3273H         LINE#         316
  C:3273H         LINE#         317
  C:3273H         LINE#         318
  C:3275H         LINE#         320
  C:3275H         LINE#         321
  C:3286H         LINE#         322
  C:3286H         LINE#         323
  C:3297H         LINE#         324
  C:32A8H         LINE#         325
  C:32A8H         LINE#         326
  C:32A8H         LINE#         327
  C:32A8H         LINE#         328
  C:32A8H         LINE#         329
  C:32ABH         LINE#         330
  C:32B0H         LINE#         331
  C:32B5H         LINE#         332
  C:32BAH         LINE#         333
  C:32BFH         LINE#         334
  C:32C4H         LINE#         335
  C:32C9H         LINE#         336
  C:32CEH         LINE#         337
  C:32CEH         LINE#         339
  C:32F0H         LINE#         340
  C:32F0H         LINE#         341
  C:32FAH         LINE#         342
  C:32FAH         LINE#         343
  C:32FFH         LINE#         344
  C:3308H         LINE#         345
  C:331FH         LINE#         346
  C:331FH         LINE#         347
  C:332FH         LINE#         349
  C:332FH         LINE#         353
  -------         ENDPROC       KEY_PROCESS
  -------         PROC          KEYPAD_IO_INIT
  C:4C72H         LINE#         356
  C:4C72H         LINE#         357
  C:4C72H         LINE#         358
  C:4C75H         LINE#         359
  C:4C78H         LINE#         360
  C:4C7BH         LINE#         361
  C:4C7DH         LINE#         362
  -------         ENDPROC       KEYPAD_IO_INIT
  -------         ENDMOD        KEYPAD

  -------         MODULE        BIPOLARMOTOR
  C:0000H         SYMBOL        _ICE_DUMMY_
  D:0080H         PUBLIC        P0
  D:0090H         PUBLIC        P1
  X:0000H         PUBLIC        RX_pos_test
  D:00A0H         PUBLIC        P2
  D:00B0H         PUBLIC        P3
  D:00C0H         PUBLIC        P4
  D:00C8H         PUBLIC        P5
  D:00E8H         PUBLIC        P6
  D:00F8H         PUBLIC        P7
  X:00A0H         PUBLIC        low_date_azimuth_mapping
BL51 BANKED LINKER/LOCATER V6.22                                                      02/21/2019  17:49:26  PAGE 28


  D:00A8H         PUBLIC        IE
  C:3FE4H         PUBLIC        linear_interpolate
  C:4A46H         PUBLIC        _Move
  D:00B8H         PUBLIC        IP
  C:3363H         PUBLIC        _findDet3x3
  C:2DD0H         PUBLIC        _findDet4x4
  D:00D8H         PUBLIC        CCON
  X:00C8H         PUBLIC        previous_move_time
  D:0098H         PUBLIC        SCON
  D:0088H         PUBLIC        TCON
  C:4CAEH         PUBLIC        wait
  C:4916H         PUBLIC        _Step_move
  X:00C9H         PUBLIC        dat
  C:000EH         PUBLIC        _Update_position
  C:47FEH         PUBLIC        vOneStepMove
  X:00CFH         PUBLIC        elevation_stamp
  X:010BH         PUBLIC        date_azimuth_mapping
  X:0133H         PUBLIC        RX_pos
  C:4B5DH         PUBLIC        _BCDtoDec1
  X:038BH         PUBLIC        degree
  D:00D0H         PUBLIC        PSW
  -------         PROC          L?0062
  -------         ENDPROC       L?0062
  -------         PROC          _BCDTODEC1
  D:0007H         SYMBOL        bcd
  -------         DO            
  D:0006H         SYMBOL        hi
  D:0007H         SYMBOL        lo
  -------         ENDDO         
  C:4B5DH         LINE#         28
  C:4B5DH         LINE#         29
  C:4B5DH         LINE#         31
  C:4B62H         LINE#         32
  C:4B66H         LINE#         33
  C:4B6DH         LINE#         34
  -------         ENDPROC       _BCDTODEC1
  -------         PROC          WAIT
  C:4CAEH         LINE#         36
  C:4CAEH         LINE#         38
  -------         ENDPROC       WAIT
  -------         PROC          VONESTEPMOVE
  B:0020H.7       SYMBOL        bDir
  C:47FEH         LINE#         40
  C:47FEH         LINE#         41
  C:47FEH         LINE#         43
  C:4804H         LINE#         44
  C:4804H         LINE#         45
  C:4807H         LINE#         46
  C:4810H         LINE#         47
  C:4817H         LINE#         48
  C:481CH         LINE#         49
  C:481CH         LINE#         50
  C:481CH         LINE#         52
  C:481EH         LINE#         55
  C:481EH         LINE#         56
  C:4821H         LINE#         57
  C:482AH         LINE#         58
BL51 BANKED LINKER/LOCATER V6.22                                                      02/21/2019  17:49:26  PAGE 29


  C:4831H         LINE#         59
  C:4837H         LINE#         60
  C:4840H         LINE#         61
  C:4847H         LINE#         62
  C:4847H         LINE#         66
  -------         ENDPROC       VONESTEPMOVE
  -------         PROC          _STEP_MOVE
  X:047CH         SYMBOL        step
  B:0020H.6       SYMBOL        dir
  -------         DO            
  X:047EH         SYMBOL        i
  -------         ENDDO         
  C:4916H         LINE#         68
  C:491EH         LINE#         69
  C:491EH         LINE#         71
  C:4923H         LINE#         74
  C:493EH         LINE#         75
  C:493EH         LINE#         76
  C:4945H         LINE#         78
  C:4955H         LINE#         80
  -------         ENDPROC       _STEP_MOVE
  -------         PROC          _MOVE
  X:0478H         SYMBOL        distance
  B:0020H.5       SYMBOL        direction
  -------         DO            
  D:0006H         SYMBOL        step
  -------         ENDDO         
  C:4A46H         LINE#         82
  C:4A4CH         LINE#         83
  C:4A4CH         LINE#         86
  C:4A67H         LINE#         87
  -------         ENDPROC       _MOVE
  C:3344H         SYMBOL        L?0058
  C:3358H         SYMBOL        L?0059
  -------         PROC          L?0057
  -------         ENDPROC       L?0057
  C:3344H         SYMBOL        L?0058
  C:3358H         SYMBOL        L?0059
  -------         PROC          _FINDDET3X3
  X:05F5H         SYMBOL        a11
  X:05F9H         SYMBOL        a12
  X:05FDH         SYMBOL        a13
  X:0601H         SYMBOL        a21
  X:0605H         SYMBOL        a22
  X:0609H         SYMBOL        a23
  X:060DH         SYMBOL        a31
  X:0611H         SYMBOL        a32
  X:0615H         SYMBOL        a33
  C:3363H         LINE#         91
  C:3369H         LINE#         95
  C:3369H         LINE#         96
  C:3500H         LINE#         98
  -------         ENDPROC       _FINDDET3X3
  -------         PROC          _FINDDET4X4
  X:05B5H         SYMBOL        a11
  X:05B9H         SYMBOL        a12
  X:05BDH         SYMBOL        a13
BL51 BANKED LINKER/LOCATER V6.22                                                      02/21/2019  17:49:26  PAGE 30


  X:05C1H         SYMBOL        a14
  X:05C5H         SYMBOL        a21
  X:05C9H         SYMBOL        a22
  X:05CDH         SYMBOL        a23
  X:05D1H         SYMBOL        a24
  X:05D5H         SYMBOL        a31
  X:05D9H         SYMBOL        a32
  X:05DDH         SYMBOL        a33
  X:05E1H         SYMBOL        a34
  X:05E5H         SYMBOL        a41
  X:05E9H         SYMBOL        a42
  X:05EDH         SYMBOL        a43
  X:05F1H         SYMBOL        a44
  C:2DD0H         LINE#         99
  C:2DD6H         LINE#         103
  C:2DD6H         LINE#         110
  C:308FH         LINE#         114
  -------         ENDPROC       _FINDDET4X4
  C:3FD3H         SYMBOL        L?0061
  -------         PROC          L?0060
  -------         ENDPROC       L?0060
  C:3FD3H         SYMBOL        L?0061
  -------         PROC          LINEAR_INTERPOLATE
  X:0478H         SYMBOL        p1
  X:0480H         SYMBOL        p2
  X:0488H         SYMBOL        x
  -------         DO            
  D:0004H         SYMBOL        fx
  -------         ENDDO         
  C:3FE4H         LINE#         120
  C:3FE4H         LINE#         121
  C:3FE4H         LINE#         124
  C:4083H         LINE#         126
  C:4083H         LINE#         127
  -------         ENDPROC       LINEAR_INTERPOLATE
  -------         PROC          _UPDATE_POSITION
  D:0001H         SYMBOL        mnths
  D:0002H         SYMBOL        dys
  X:03DBH         SYMBOL        hurs
  X:03DCH         SYMBOL        mns
  X:03DDH         SYMBOL        sconds
  X:03DEH         SYMBOL        currnt_pos
  X:03E1H         SYMBOL        offset_calib
  -------         DO            
  X:03E5H         SYMBOL        date
  X:03E7H         SYMBOL        i
  X:03E9H         SYMBOL        yy
  X:03EBH         SYMBOL        desired_distance
  X:03EFH         SYMBOL        distance
  X:03F3H         SYMBOL        JP_pos
  X:03F7H         SYMBOL        pos_interpolate_azimuth
  X:0433H         SYMBOL        current_local_sun_time
  X:0437H         SYMBOL        azimuth
  X:043BH         SYMBOL        elevation
  X:043FH         SYMBOL        time_offset
  X:0443H         SYMBOL        UTC_time
  X:0447H         SYMBOL        declination
BL51 BANKED LINKER/LOCATER V6.22                                                      02/21/2019  17:49:26  PAGE 31


  X:044BH         SYMBOL        p1
  X:0453H         SYMBOL        p2
  X:045BH         SYMBOL        time
  X:046DH         SYMBOL        location
  X:0475H         SYMBOL        sunCoord
  -------         ENDDO         
  C:000EH         LINE#         131
  C:0017H         LINE#         134
  C:0017H         LINE#         135
  C:0022H         LINE#         137
  C:003EH         LINE#         138
  C:0048H         LINE#         146
  C:0052H         LINE#         147
  C:005CH         LINE#         148
  C:0066H         LINE#         149
  C:0071H         LINE#         150
  C:007CH         LINE#         151
  C:0095H         LINE#         152
  C:00A6H         LINE#         153
  C:00B5H         LINE#         156
  C:00C9H         LINE#         160
  C:011BH         LINE#         161
  C:027FH         LINE#         162
  C:02CFH         LINE#         164
  C:03F7H         LINE#         166
  C:04C6H         LINE#         173
  C:050DH         LINE#         174
  C:050DH         LINE#         176
  C:0527H         LINE#         177
  C:0527H         LINE#         178
  C:0597H         LINE#         179
  C:0597H         LINE#         180
  C:059EH         LINE#         181
  C:059EH         LINE#         182
  C:05CBH         LINE#         183
  C:05E6H         LINE#         185
  C:062DH         LINE#         186
  C:0661H         LINE#         188
  C:06A7H         LINE#         189
  C:06CAH         LINE#         191
  C:06CAH         LINE#         193
  C:0740H         LINE#         194
  C:0740H         LINE#         195
  C:0747H         LINE#         196
  C:0747H         LINE#         197
  C:0774H         LINE#         198
  C:078FH         LINE#         200
  C:07D6H         LINE#         201
  C:080AH         LINE#         203
  C:0850H         LINE#         204
  C:0870H         LINE#         206
  C:0870H         LINE#         207
  C:0881H         LINE#         210
  C:089BH         LINE#         211
  C:089BH         LINE#         212
  C:090BH         LINE#         213
  C:090BH         LINE#         214
BL51 BANKED LINKER/LOCATER V6.22                                                      02/21/2019  17:49:26  PAGE 32


  C:0938H         LINE#         215
  C:0953H         LINE#         217
  C:0980H         LINE#         218
  C:099BH         LINE#         220
  C:09CDH         LINE#         223
  C:09CDH         LINE#         225
  C:09DEH         LINE#         227
  C:0A0DH         LINE#         229
  C:0A32H         LINE#         230
  C:0A97H         LINE#         231
  C:0A97H         LINE#         232
  C:0AB1H         LINE#         233
  C:0AC3H         LINE#         234
  C:0ADBH         LINE#         235
  C:0AF1H         LINE#         237
  C:0B0DH         LINE#         238
  C:0B0DH         LINE#         239
  C:0B0DH         LINE#         242
  -------         ENDPROC       _UPDATE_POSITION
  -------         ENDMOD        BIPOLARMOTOR

  -------         MODULE        SUNPOS
  C:0000H         SYMBOL        _ICE_DUMMY_
  C:1F33H         PUBLIC        sunpos
  -------         PROC          SUNPOS
  X:0478H         SYMBOL        udtTime
  X:048AH         SYMBOL        udtLocation
  X:0492H         SYMBOL        udtSunCoordinates
  -------         DO            
  X:0495H         SYMBOL        dElapsedJulianDays
  X:0499H         SYMBOL        dDecimalHours
  X:049DH         SYMBOL        dEclipticLongitude
  X:04A1H         SYMBOL        dEclipticObliquity
  X:04A5H         SYMBOL        dRightAscension
  X:04A9H         SYMBOL        dDeclination
  X:04ADH         SYMBOL        dY
  X:04B1H         SYMBOL        dX
  -------         DO            
  X:04B5H         SYMBOL        dJulianDate
  X:04B9H         SYMBOL        liAux1
  X:04BDH         SYMBOL        liAux2
  X:04B5H         SYMBOL        dMeanLongitude
  X:04B9H         SYMBOL        dMeanAnomaly
  X:04BDH         SYMBOL        dOmega
  X:04B5H         SYMBOL        dSin_EclipticLongitude
  X:04B5H         SYMBOL        dGreenwichMeanSiderealTime
  X:04B9H         SYMBOL        dLocalMeanSiderealTime
  X:04BDH         SYMBOL        dLatitudeInRadians
  X:04C1H         SYMBOL        dHourAngle
  X:04C5H         SYMBOL        dCos_Latitude
  X:04C9H         SYMBOL        dSin_Latitude
  X:04CDH         SYMBOL        dCos_HourAngle
  X:04D1H         SYMBOL        dParallax
  -------         ENDDO         
  -------         DO            
  X:04B5H         SYMBOL        dMeanLongitude
  X:04B9H         SYMBOL        dMeanAnomaly
BL51 BANKED LINKER/LOCATER V6.22                                                      02/21/2019  17:49:26  PAGE 33


  X:04BDH         SYMBOL        dOmega
  X:04B5H         SYMBOL        dSin_EclipticLongitude
  X:04B5H         SYMBOL        dGreenwichMeanSiderealTime
  X:04B9H         SYMBOL        dLocalMeanSiderealTime
  X:04BDH         SYMBOL        dLatitudeInRadians
  X:04C1H         SYMBOL        dHourAngle
  X:04C5H         SYMBOL        dCos_Latitude
  X:04C9H         SYMBOL        dSin_Latitude
  X:04CDH         SYMBOL        dCos_HourAngle
  X:04D1H         SYMBOL        dParallax
  -------         ENDDO         
  -------         DO            
  X:04B5H         SYMBOL        dSin_EclipticLongitude
  X:04B5H         SYMBOL        dGreenwichMeanSiderealTime
  X:04B9H         SYMBOL        dLocalMeanSiderealTime
  X:04BDH         SYMBOL        dLatitudeInRadians
  X:04C1H         SYMBOL        dHourAngle
  X:04C5H         SYMBOL        dCos_Latitude
  X:04C9H         SYMBOL        dSin_Latitude
  X:04CDH         SYMBOL        dCos_HourAngle
  X:04D1H         SYMBOL        dParallax
  -------         ENDDO         
  -------         DO            
  X:04B5H         SYMBOL        dGreenwichMeanSiderealTime
  X:04B9H         SYMBOL        dLocalMeanSiderealTime
  X:04BDH         SYMBOL        dLatitudeInRadians
  X:04C1H         SYMBOL        dHourAngle
  X:04C5H         SYMBOL        dCos_Latitude
  X:04C9H         SYMBOL        dSin_Latitude
  X:04CDH         SYMBOL        dCos_HourAngle
  X:04D1H         SYMBOL        dParallax
  -------         ENDDO         
  -------         ENDDO         
  C:1F33H         LINE#         6
  C:1F33H         LINE#         7
  C:1F33H         LINE#         9
  C:1F33H         LINE#         27
  C:1F7DH         LINE#         30
  C:1F9EH         LINE#         31
  C:20E5H         LINE#         34
  C:2131H         LINE#         36
  C:2150H         LINE#         37
  C:2150H         LINE#         42
  C:2150H         LINE#         46
  C:2182H         LINE#         47
  C:21ACH         LINE#         48
  C:21D6H         LINE#         49
  C:2283H         LINE#         52
  C:22E4H         LINE#         54
  C:22E4H         LINE#         59
  C:22E4H         LINE#         61
  C:22FBH         LINE#         62
  C:2323H         LINE#         63
  C:233AH         LINE#         64
  C:2365H         LINE#         65
  C:239CH         LINE#         66
  C:23C7H         LINE#         67
BL51 BANKED LINKER/LOCATER V6.22                                                      02/21/2019  17:49:26  PAGE 34


  C:23C7H         LINE#         70
  C:23C7H         LINE#         79
  C:2402H         LINE#         82
  C:243CH         LINE#         84
  C:2461H         LINE#         85
  C:2480H         LINE#         86
  C:2497H         LINE#         87
  C:24AEH         LINE#         88
  C:24C5H         LINE#         89
  C:254EH         LINE#         91
  C:2568H         LINE#         92
  C:25CAH         LINE#         93
  C:2600H         LINE#         94
  C:2612H         LINE#         95
  C:263FH         LINE#         96
  C:266CH         LINE#         98
  C:268EH         LINE#         100
  C:26C6H         LINE#         103
  C:26C6H         LINE#         104
  C:26D4H         LINE#         105
  -------         ENDPROC       SUNPOS
  -------         ENDMOD        SUNPOS

  -------         MODULE        ADC
  C:0000H         SYMBOL        _ICE_DUMMY_
  D:0092H         PUBLIC        P1M0
  D:0091H         PUBLIC        P1M1
  D:0080H         PUBLIC        P0
  D:0090H         PUBLIC        P1
  D:00A0H         PUBLIC        P2
  D:00B0H         PUBLIC        P3
  D:00C0H         PUBLIC        P4
  D:00C8H         PUBLIC        P5
  D:00E8H         PUBLIC        P6
  D:00F8H         PUBLIC        P7
  D:00A8H         PUBLIC        IE
  D:00BDH         PUBLIC        ADC_RES
  D:00B8H         PUBLIC        IP
  D:0097H         PUBLIC        CLK_DIV
  D:00D8H         PUBLIC        CCON
  D:00BCH         PUBLIC        ADC_CONTR
  D:0098H         PUBLIC        SCON
  D:0088H         PUBLIC        TCON
  B:00A0H.4       PUBLIC        P24
  B:00A0H.5       PUBLIC        P25
  B:00A0H.6       PUBLIC        P26
  C:4AF9H         PUBLIC        ADC_Init
[...]
  C:3E41H         LINE#         115
  C:3E5AH         LINE#         116
  C:3E5AH         LINE#         117
  C:3E5CH         LINE#         118
  C:3E5EH         LINE#         120
  C:3E5EH         LINE#         121
  C:3E60H         LINE#         123
  C:3E60H         LINE#         124
  C:3E60H         LINE#         125
  C:3E60H         LINE#         126
  C:3E63H         LINE#         127
  C:3E7CH         LINE#         129
  C:3E9BH         LINE#         131
  C:3EA2H         LINE#         132
  C:3EA2H         LINE#         133
  C:3EA4H         LINE#         134
  C:3EA7H         LINE#         135
  C:3EAEH         LINE#         136
  C:3EAEH         LINE#         137
  C:3EB0H         LINE#         138
  C:3EB2H         LINE#         140
  C:3EB2H         LINE#         141
  C:3EB4H         LINE#         143
  C:3EB4H         LINE#         144
  C:3EB4H         LINE#         145
  C:3EB4H         LINE#         146
  C:3EB7H         LINE#         147
  C:3EBEH         LINE#         149
  C:3EDDH         LINE#         151
  C:3EDFH         LINE#         152
  -------         ENDPROC       _AT25SF041_WRITE
  -------         PROC          _AT25SF041_READ
  D:0003H         SYMBOL        opcode
  X:0623H         SYMBOL        addr
  -------         DO            
  X:0627H         SYMBOL        dat
BL51 BANKED LINKER/LOCATER V6.22                                                      02/21/2019  17:49:26  PAGE 45


  X:0628H         SYMBOL        i
  -------         ENDDO         
  C:3BE6H         LINE#         156
  C:3BE8H         LINE#         157
  C:3BE8H         LINE#         158
  C:3BEDH         LINE#         160
  C:3BEFH         LINE#         161
  C:3BF5H         LINE#         165
  C:3BFAH         LINE#         166
  C:3BFAH         LINE#         167
  C:3BFCH         LINE#         168
  C:3BFFH         LINE#         169
  C:3C03H         LINE#         170
  C:3C03H         LINE#         171
  C:3C05H         LINE#         172
  C:3C07H         LINE#         174
  C:3C07H         LINE#         175
  C:3C09H         LINE#         177
  C:3C09H         LINE#         178
  C:3C09H         LINE#         179
  C:3C09H         LINE#         180
  C:3C0CH         LINE#         181
  C:3C10H         LINE#         184
  C:3C2FH         LINE#         186
  C:3C36H         LINE#         187
  C:3C36H         LINE#         188
  C:3C38H         LINE#         189
  C:3C3BH         LINE#         190
  C:3C54H         LINE#         191
  C:3C54H         LINE#         192
  C:3C56H         LINE#         193
  C:3C58H         LINE#         195
  C:3C58H         LINE#         196
  C:3C5AH         LINE#         198
  C:3C5AH         LINE#         199
  C:3C5AH         LINE#         200
  C:3C5AH         LINE#         201
  C:3C5DH         LINE#         202
  C:3C76H         LINE#         204
  C:3C95H         LINE#         207
  C:3C9CH         LINE#         209
  C:3C9EH         LINE#         210
  C:3CA5H         LINE#         212
  C:3CACH         LINE#         213
  C:3CACH         LINE#         214
  C:3CB3H         LINE#         215
  C:3CB3H         LINE#         216
  C:3CB6H         LINE#         217
  C:3CB8H         LINE#         218
  C:3CBBH         LINE#         220
  C:3CBEH         LINE#         221
  C:3CBEH         LINE#         223
  C:3CC2H         LINE#         224
  C:3CC2H         LINE#         230
  C:3CE1H         LINE#         233
  C:3CE3H         LINE#         234
  C:3CE6H         LINE#         235
BL51 BANKED LINKER/LOCATER V6.22                                                      02/21/2019  17:49:26  PAGE 46


  C:3CEBH         LINE#         237
  -------         ENDPROC       _AT25SF041_READ
  -------         PROC          READ_STATUS_REGISTER_BYTE1
  -------         DO            
  D:0003H         SYMBOL        dat
  D:0001H         SYMBOL        opcode
  X:03D1H         SYMBOL        count
  X:03D2H         SYMBOL        i
  -------         ENDDO         
  C:4298H         LINE#         241
  C:4298H         LINE#         242
  C:4298H         LINE#         243
  C:429EH         LINE#         244
  C:42A2H         LINE#         245
  C:42A4H         LINE#         246
  C:42A6H         LINE#         247
  C:42ACH         LINE#         251
  C:42B3H         LINE#         252
  C:42B3H         LINE#         253
  C:42B5H         LINE#         254
  C:42B8H         LINE#         255
  C:42BCH         LINE#         256
  C:42BCH         LINE#         257
  C:42BEH         LINE#         258
  C:42C0H         LINE#         260
  C:42C0H         LINE#         261
  C:42C2H         LINE#         263
  C:42C2H         LINE#         264
  C:42C2H         LINE#         265
  C:42C2H         LINE#         266
  C:42C5H         LINE#         267
  C:42C9H         LINE#         270
  C:42E8H         LINE#         274
  C:42EFH         LINE#         276
  C:42F1H         LINE#         277
  C:42F8H         LINE#         278
  C:42FFH         LINE#         279
  C:42FFH         LINE#         280
  C:4303H         LINE#         281
  C:4303H         LINE#         282
  C:4306H         LINE#         283
  C:4308H         LINE#         284
  C:430BH         LINE#         286
  C:430EH         LINE#         287
  C:430EH         LINE#         289
  C:4312H         LINE#         290
  C:4312H         LINE#         292
  C:4331H         LINE#         296
  C:4333H         LINE#         297
  C:4336H         LINE#         298
  C:4338H         LINE#         299
  -------         ENDPROC       READ_STATUS_REGISTER_BYTE1
  -------         PROC          SPI_NOR_WRITE_DATA
  X:03C0H         SYMBOL        dat
  X:03CCH         SYMBOL        addr
  C:3CECH         LINE#         301
  C:3CECH         LINE#         302
BL51 BANKED LINKER/LOCATER V6.22                                                      02/21/2019  17:49:26  PAGE 47


  C:3CECH         LINE#         303
  C:3D05H         LINE#         304
  C:3D05H         LINE#         305
  C:3D08H         LINE#         307
  C:3D0BH         LINE#         308
  C:3D12H         LINE#         309
  C:3D12H         LINE#         310
  C:3D15H         LINE#         312
  C:3D25H         LINE#         314
  C:3D25H         LINE#         315
  C:3D28H         LINE#         317
  C:3D38H         LINE#         318
  C:3D38H         LINE#         321
  C:3D3BH         LINE#         323
  C:3D4BH         LINE#         324
  C:3D4BH         LINE#         326
  C:3D4EH         LINE#         328
  C:3D5EH         LINE#         329
  C:3D5EH         LINE#         331
  C:3D61H         LINE#         333
  C:3D71H         LINE#         334
  C:3D71H         LINE#         336
  C:3D74H         LINE#         338
  C:3D84H         LINE#         339
  C:3D84H         LINE#         340
  C:3D87H         LINE#         342
  C:3D97H         LINE#         343
  C:3D97H         LINE#         345
  C:3D9AH         LINE#         347
  C:3DABH         LINE#         348
  C:3DABH         LINE#         350
  C:3DAEH         LINE#         352
  C:3DBEH         LINE#         353
  C:3DBEH         LINE#         355
  C:3DC1H         LINE#         357
  C:3DD1H         LINE#         358
  C:3DD1H         LINE#         360
  C:3DD4H         LINE#         362
  C:3DE4H         LINE#         363
  -------         ENDPROC       SPI_NOR_WRITE_DATA
  -------         ENDMOD        AT25SF041

  -------         MODULE        ?C_STARTUP
  C:4507H         SEGMENT       ?C_C51STARTUP
  I:0022H         SEGMENT       ?STACK
  C:0000H         PUBLIC        ?C_STARTUP
  D:00E0H         SYMBOL        ACC
  D:00F0H         SYMBOL        B
  D:0083H         SYMBOL        DPH
  D:0082H         SYMBOL        DPL
  N:0000H         SYMBOL        IBPSTACK
  N:0100H         SYMBOL        IBPSTACKTOP
  N:0080H         SYMBOL        IDATALEN
  C:450AH         SYMBOL        IDATALOOP
  N:0000H         SYMBOL        PBPSTACK
  N:0100H         SYMBOL        PBPSTACKTOP
  N:0000H         SYMBOL        PDATALEN
BL51 BANKED LINKER/LOCATER V6.22                                                      02/21/2019  17:49:26  PAGE 48


  N:0000H         SYMBOL        PDATASTART
  N:0000H         SYMBOL        PPAGE
  N:0000H         SYMBOL        PPAGEENABLE
  D:00A0H         SYMBOL        PPAGE_SFR
  D:0081H         SYMBOL        SP
  C:4507H         SYMBOL        STARTUP1
  N:0000H         SYMBOL        XBPSTACK
  N:0000H         SYMBOL        XBPSTACKTOP
  N:0000H         SYMBOL        XDATALEN
  N:0000H         SYMBOL        XDATASTART
  C:0000H         LINE#         126
  C:4507H         LINE#         133
  C:4509H         LINE#         134
  C:450AH         LINE#         135
  C:450BH         LINE#         136
  C:450DH         LINE#         185
  C:4510H         LINE#         196
  -------         ENDMOD        ?C_STARTUP

  -------         MODULE        ?C?FPADD
  C:1584H         PUBLIC        ?C?FPADD
  C:1580H         PUBLIC        ?C?FPSUB
  -------         ENDMOD        ?C?FPADD

  -------         MODULE        ?C?FPMUL
  C:1675H         PUBLIC        ?C?FPMUL
  -------         ENDMOD        ?C?FPMUL

  -------         MODULE        ?C?FPDIV
  C:177EH         PUBLIC        ?C?FPDIV
  -------         ENDMOD        ?C?FPDIV

  -------         MODULE        ?C?FPCMP
  C:181DH         PUBLIC        ?C?FPCMP
  C:181BH         PUBLIC        ?C?FPCMP3
  -------         ENDMOD        ?C?FPCMP

  -------         MODULE        ?C?FPNEG
  C:1894H         PUBLIC        ?C?FPNEG
  -------         ENDMOD        ?C?FPNEG

  -------         MODULE        ?C?FCAST
  C:18AFH         PUBLIC        ?C?FCASTC
  C:18AAH         PUBLIC        ?C?FCASTI
  C:18A5H         PUBLIC        ?C?FCASTL
  -------         ENDMOD        ?C?FCAST

  -------         MODULE        ?C?CASTF
  C:18E3H         PUBLIC        ?C?CASTF
  -------         ENDMOD        ?C?CASTF

  -------         MODULE        ATAN2
  X:04D5H         PUBLIC        ?_atan2?BYTE
  C:4339H         PUBLIC        _atan2
  -------         ENDMOD        ATAN2

  -------         MODULE        SIN
BL51 BANKED LINKER/LOCATER V6.22                                                      02/21/2019  17:49:26  PAGE 49


  C:36D6H         PUBLIC        _COS
  C:36ECH         PUBLIC        _SIN
  C:3728H         PUBLIC        _TAN
  -------         ENDMOD        SIN

  -------         MODULE        ACOS
  C:4848H         PUBLIC        _ACOS
  -------         ENDMOD        ACOS

  -------         MODULE        ASIN
  C:4956H         PUBLIC        _ASIN
  -------         ENDMOD        ASIN

  -------         MODULE        SQRT
  C:41F0H         PUBLIC        _SQRT
  -------         ENDMOD        SQRT

  -------         MODULE        ATAN
  C:3AE4H         PUBLIC        _ATAN
  -------         ENDMOD        ATAN

  -------         MODULE        ?C?COPY
  C:1A81H         PUBLIC        ?C?COPY
  -------         ENDMOD        ?C?COPY

  -------         MODULE        ?C?CLDPTR
  C:1AA7H         PUBLIC        ?C?CLDPTR
  -------         ENDMOD        ?C?CLDPTR

  -------         MODULE        ?C?CLDOPTR
  C:1AC0H         PUBLIC        ?C?CLDOPTR
  -------         ENDMOD        ?C?CLDOPTR

  -------         MODULE        ?C?CSTPTR
  C:1AEDH         PUBLIC        ?C?CSTPTR
  -------         ENDMOD        ?C?CSTPTR

  -------         MODULE        ?C?IMUL
  C:1AFFH         PUBLIC        ?C?IMUL
  -------         ENDMOD        ?C?IMUL

  -------         MODULE        ?C?UIDIV
  C:1B11H         PUBLIC        ?C?UIDIV
  -------         ENDMOD        ?C?UIDIV

  -------         MODULE        ?C?SIDIV
  C:1B66H         PUBLIC        ?C?SIDIV
  -------         ENDMOD        ?C?SIDIV

  -------         MODULE        ?C?ILDIX
  C:1B9CH         PUBLIC        ?C?ILDIX
  -------         ENDMOD        ?C?ILDIX

  -------         MODULE        ?C?ILDOPTR
  C:1BB2H         PUBLIC        ?C?ILDOPTR
  -------         ENDMOD        ?C?ILDOPTR

BL51 BANKED LINKER/LOCATER V6.22                                                      02/21/2019  17:49:26  PAGE 50


  -------         MODULE        ?C?ISTPTR
  C:1BEAH         PUBLIC        ?C?ISTPTR
  -------         ENDMOD        ?C?ISTPTR

  -------         MODULE        ?C?LMUL
  C:1C09H         PUBLIC        ?C?LMUL
  -------         ENDMOD        ?C?LMUL

  -------         MODULE        ?C?SLDIV
  C:4892H         PUBLIC        ?C?SLDIV
  -------         ENDMOD        ?C?SLDIV

  -------         MODULE        ?C?LNEG
  C:1C58H         PUBLIC        ?C?LNEG
  -------         ENDMOD        ?C?LNEG

  -------         MODULE        ?C?ULCMP
  C:1C66H         PUBLIC        ?C?ULCMP
  -------         ENDMOD        ?C?ULCMP

  -------         MODULE        ?C?LSHL
  C:1C77H         PUBLIC        ?C?LSHL
  -------         ENDMOD        ?C?LSHL

  -------         MODULE        ?C?LLDPTR
  C:1C8AH         PUBLIC        ?C?LLDPTR
  -------         ENDMOD        ?C?LLDPTR

  -------         MODULE        ?C?LLDOPTR
  C:1CAAH         PUBLIC        ?C?LLDOPTR
  -------         ENDMOD        ?C?LLDOPTR

  -------         MODULE        ?C?LSTPTR
  C:1CDAH         PUBLIC        ?C?LSTPTR
  -------         ENDMOD        ?C?LSTPTR

  -------         MODULE        ?C?LSTOPTR
  C:1CF4H         PUBLIC        ?C?LSTOPTR
  -------         ENDMOD        ?C?LSTOPTR

  -------         MODULE        ?C?LLDXDATA
  C:1D18H         PUBLIC        ?C?LLDXDATA
  -------         ENDMOD        ?C?LLDXDATA

  -------         MODULE        ?C?LLDCODE
  C:1D24H         PUBLIC        ?C?LLDCODE
  -------         ENDMOD        ?C?LLDCODE

  -------         MODULE        ?C?LLDXDATA0
  C:1D34H         PUBLIC        ?C?LLDXDATA0
  -------         ENDMOD        ?C?LLDXDATA0

  -------         MODULE        ?C?LLDCODE0
  C:1D40H         PUBLIC        ?C?LLDCODE0
  -------         ENDMOD        ?C?LLDCODE0

  -------         MODULE        ?C?LLDPTR0
BL51 BANKED LINKER/LOCATER V6.22                                                      02/21/2019  17:49:26  PAGE 51


  C:1D50H         PUBLIC        ?C?LLDPTR0
  -------         ENDMOD        ?C?LLDPTR0

  -------         MODULE        ?C?LSTXDATA
  C:1D70H         PUBLIC        ?C?LSTXDATA
  -------         ENDMOD        ?C?LSTXDATA

  -------         MODULE        ?C?LSTKXDATA
  C:1D7CH         PUBLIC        ?C?LSTKXDATA
  -------         ENDMOD        ?C?LSTKXDATA

  -------         MODULE        ?C?LSTKPTR
  C:1DADH         PUBLIC        ?C?LSTKPTR
  -------         ENDMOD        ?C?LSTKPTR

  -------         MODULE        ?C?OFFXADD
  C:1DC7H         PUBLIC        ?C?OFFXADD
  -------         ENDMOD        ?C?OFFXADD

  -------         MODULE        ABS
  C:4C7EH         PUBLIC        _ABS
  -------         ENDMOD        ABS

  -------         MODULE        ATOI
  C:3EE6H         PUBLIC        _atoi
  -------         ENDMOD        ATOI

  -------         MODULE        ?C?IILDX
  C:1DD3H         PUBLIC        ?C?IILDX
  -------         ENDMOD        ?C?IILDX

  -------         MODULE        ?C?ULDIV
  C:1E25H         PUBLIC        ?C?ULDIV
  -------         ENDMOD        ?C?ULDIV

  -------         MODULE        ?C?LLDIDATA
  C:1EB7H         PUBLIC        ?C?LLDIDATA
  -------         ENDMOD        ?C?LLDIDATA

  -------         MODULE        ?C?LLDPDATA
  C:1EC3H         PUBLIC        ?C?LLDPDATA
  -------         ENDMOD        ?C?LLDPDATA

  -------         MODULE        ?C?LLDIDATA0
  C:1ECFH         PUBLIC        ?C?LLDIDATA0
  -------         ENDMOD        ?C?LLDIDATA0

  -------         MODULE        ?C?LLDPDATA0
  C:1EDCH         PUBLIC        ?C?LLDPDATA0
  -------         ENDMOD        ?C?LLDPDATA0

  -------         MODULE        ?C?LSTIDATA
  C:1EE9H         PUBLIC        ?C?LSTIDATA
  -------         ENDMOD        ?C?LSTIDATA

  -------         MODULE        ?C?LSTPDATA
  C:1EF5H         PUBLIC        ?C?LSTPDATA
BL51 BANKED LINKER/LOCATER V6.22                                                      02/21/2019  17:49:26  PAGE 52


  -------         ENDMOD        ?C?LSTPDATA

  -------         MODULE        ?C?LSTKIDATA
  C:1F01H         PUBLIC        ?C?LSTKIDATA
  -------         ENDMOD        ?C?LSTKIDATA

  -------         MODULE        ?C?LSTKPDATA
  C:1F1AH         PUBLIC        ?C?LSTKPDATA
  -------         ENDMOD        ?C?LSTKPDATA

  -------         MODULE        ISDIGIT
  C:4C56H         PUBLIC        _isdigit
  -------         ENDMOD        ISDIGIT

  -------         MODULE        ISSPACE
  C:4BF1H         PUBLIC        _isspace
  -------         ENDMOD        ISSPACE

*** WARNING L16: UNCALLED SEGMENT, IGNORED FOR OVERLAY PROCESS
    SEGMENT: ?PR?_DISPLAY_PROX?MAIN

*** WARNING L16: UNCALLED SEGMENT, IGNORED FOR OVERLAY PROCESS
    SEGMENT: ?PR?_DAY_OF_YEAR?PCF85063BTL

*** WARNING L16: UNCALLED SEGMENT, IGNORED FOR OVERLAY PROCESS
    SEGMENT: ?PR?INITUART1?UART1

*** WARNING L16: UNCALLED SEGMENT, IGNORED FOR OVERLAY PROCESS
    SEGMENT: ?PR?_SENDSTRING?UART1

*** WARNING L16: UNCALLED SEGMENT, IGNORED FOR OVERLAY PROCESS
    SEGMENT: ?PR?_TEN?UART1

*** WARNING L16: UNCALLED SEGMENT, IGNORED FOR OVERLAY PROCESS
    SEGMENT: ?PR?_UNIT?UART1

*** WARNING L16: UNCALLED SEGMENT, IGNORED FOR OVERLAY PROCESS
    SEGMENT: ?PR?_DECTOBCD?UART1

*** WARNING L16: UNCALLED SEGMENT, IGNORED FOR OVERLAY PROCESS
    SEGMENT: ?PR?_ASCII_LETTER?UART1

*** WARNING L16: UNCALLED SEGMENT, IGNORED FOR OVERLAY PROCESS
    SEGMENT: ?PR?_ASCIITOBCD?UART1

*** WARNING L16: UNCALLED SEGMENT, IGNORED FOR OVERLAY PROCESS
    SEGMENT: ?PR?WAIT?BIPOLARMOTOR

*** WARNING L16: UNCALLED SEGMENT, IGNORED FOR OVERLAY PROCESS
    SEGMENT: ?PR?_FINDDET4X4?BIPOLARMOTOR

*** WARNING L16: UNCALLED SEGMENT, IGNORED FOR OVERLAY PROCESS
    SEGMENT: ?PR?NOP?IOEXPANDER_PI4IOE5V96248

*** WARNING L16: UNCALLED SEGMENT, IGNORED FOR OVERLAY PROCESS
    SEGMENT: ?PR?UC_ACK?IOEXPANDER_PI4IOE5V96248

BL51 BANKED LINKER/LOCATER V6.22                                                      02/21/2019  17:49:26  PAGE 53


*** WARNING L16: UNCALLED SEGMENT, IGNORED FOR OVERLAY PROCESS
    SEGMENT: ?PR?UC_NACK?IOEXPANDER_PI4IOE5V96248

*** WARNING L16: UNCALLED SEGMENT, IGNORED FOR OVERLAY PROCESS
    SEGMENT: ?PR?_AT25SF041_READ?AT25SF041

*** WARNING L1: UNRESOLVED EXTERNAL SYMBOL
    SYMBOL:  AUTO_MODE
    MODULE:  .\Obj\main.obj (MAIN)

*** WARNING L2: REFERENCE MADE TO UNRESOLVED EXTERNAL
    SYMBOL:  AUTO_MODE
    MODULE:  .\Obj\main.obj (MAIN)
    ADDRESS: 0B41H

*** WARNING L2: REFERENCE MADE TO UNRESOLVED EXTERNAL
    SYMBOL:  AUTO_MODE
    MODULE:  .\Obj\main.obj (MAIN)
    ADDRESS: 0CB6H

*** WARNING L2: REFERENCE MADE TO UNRESOLVED EXTERNAL
    SYMBOL:  AUTO_MODE
    MODULE:  .\Obj\main.obj (MAIN)
    ADDRESS: 0CC4H

*** WARNING L2: REFERENCE MADE TO UNRESOLVED EXTERNAL
    SYMBOL:  AUTO_MODE
    MODULE:  .\Obj\main.obj (MAIN)
    ADDRESS: 0CD6H

*** WARNING L2: REFERENCE MADE TO UNRESOLVED EXTERNAL
    SYMBOL:  AUTO_MODE
    MODULE:  .\Obj\main.obj (MAIN)
    ADDRESS: 0D18H

*** WARNING L2: REFERENCE MADE TO UNRESOLVED EXTERNAL
    SYMBOL:  AUTO_MODE
    MODULE:  .\Obj\main.obj (MAIN)
    ADDRESS: 0DEBH

*** WARNING L1: UNRESOLVED EXTERNAL SYMBOL
    SYMBOL:  _SENDUART1
    MODULE:  .\Obj\UART1.obj (UART1)

*** WARNING L2: REFERENCE MADE TO UNRESOLVED EXTERNAL
    SYMBOL:  _SENDUART1
    MODULE:  .\Obj\UART1.obj (UART1)
    ADDRESS: 49BFH

*** WARNING L1: UNRESOLVED EXTERNAL SYMBOL
    SYMBOL:  AUTO_MODE
    MODULE:  .\Obj\KeyPad.obj (KEYPAD)

*** WARNING L2: REFERENCE MADE TO UNRESOLVED EXTERNAL
    SYMBOL:  AUTO_MODE
    MODULE:  .\Obj\KeyPad.obj (KEYPAD)
    ADDRESS: 30DDH
BL51 BANKED LINKER/LOCATER V6.22                                                      02/21/2019  17:49:26  PAGE 54



*** WARNING L2: REFERENCE MADE TO UNRESOLVED EXTERNAL
    SYMBOL:  AUTO_MODE
    MODULE:  .\Obj\KeyPad.obj (KEYPAD)
    ADDRESS: 30E8H

*** WARNING L2: REFERENCE MADE TO UNRESOLVED EXTERNAL
    SYMBOL:  AUTO_MODE
    MODULE:  .\Obj\KeyPad.obj (KEYPAD)
    ADDRESS: 30EFH

Program Size: data=10.2 xdata=1592 code=19632
LINK/LOCATE RUN COMPLETE.  28 WARNING(S),  0 ERROR(S)
