BL51 BANKED LINKER/LOCATER V6.22                                                        03/19/2019  12:29:15  PAGE 1


BL51 BANKED LINKER/LOCATER V6.22, INVOKED BY:
C:\KEIL_V5\C51\BIN\BL51.EXE .\Obj\main.obj, .\Obj\PCF85063BTL.obj, .\Obj\UART1.obj, .\Obj\LCd_Driver_SPLC780D.obj, .\Obj
>> \KeyPad.obj, .\Obj\BipolarMotor.obj, .\Obj\SunPos.obj, .\Obj\ADC.obj, .\Obj\Calibration.obj, .\Obj\IOExpander_PI4IOE5
>> V96248.obj, .\Obj\AT25SF041.obj, .\Obj\STARTUP.obj TO .\Obj\GPIO_RTC_Test PRINT (.\Lis\GPIO_RTC_Test.m51) RAMSIZE (25
>> 6)


MEMORY MODEL: LARGE WITH FLOATING POINT ARITHMETIC


INPUT MODULES INCLUDED:
  .\Obj\main.obj (MAIN)
  .\Obj\PCF85063BTL.obj (PCF85063BTL)
  .\Obj\UART1.obj (UART1)
  .\Obj\LCd_Driver_SPLC780D.obj (LCD_DRIVER_SPLC780D)
  .\Obj\KeyPad.obj (KEYPAD)
  .\Obj\BipolarMotor.obj (BIPOLARMOTOR)
  .\Obj\SunPos.obj (SUNPOS)
  .\Obj\ADC.obj (ADC)
  .\Obj\Calibration.obj (CALIBRATION)
  .\Obj\IOExpander_PI4IOE5V96248.obj (IOEXPANDER_PI4IOE5V96248)
  .\Obj\AT25SF041.obj (AT25SF041)
  .\Obj\STARTUP.obj (?C_STARTUP)
  C:\KEIL_V5\C51\LIB\C51FPL.LIB (?C?FPADD)
  C:\KEIL_V5\C51\LIB\C51FPL.LIB (?C?FPMUL)
  C:\KEIL_V5\C51\LIB\C51FPL.LIB (?C?FPDIV)
  C:\KEIL_V5\C51\LIB\C51FPL.LIB (?C?FPCMP)
  C:\KEIL_V5\C51\LIB\C51FPL.LIB (?C?FPNEG)
  C:\KEIL_V5\C51\LIB\C51FPL.LIB (?C?FCAST)
  C:\KEIL_V5\C51\LIB\C51FPL.LIB (?C?CASTF)
  C:\KEIL_V5\C51\LIB\C51FPL.LIB (ATAN2)
  C:\KEIL_V5\C51\LIB\C51FPL.LIB (SIN)
  C:\KEIL_V5\C51\LIB\C51FPL.LIB (ACOS)
  C:\KEIL_V5\C51\LIB\C51FPL.LIB (ASIN)
  C:\KEIL_V5\C51\LIB\C51FPL.LIB (?C?FPGETOPN)
  C:\KEIL_V5\C51\LIB\C51FPL.LIB (?C?FPSERIES)
  C:\KEIL_V5\C51\LIB\C51FPL.LIB (SQRT)
  C:\KEIL_V5\C51\LIB\C51FPL.LIB (ATAN)
  C:\KEIL_V5\C51\LIB\C51L.LIB (?C_INIT)
  C:\KEIL_V5\C51\LIB\C51L.LIB (?C?COPY)
  C:\KEIL_V5\C51\LIB\C51L.LIB (?C?CLDPTR)
  C:\KEIL_V5\C51\LIB\C51L.LIB (?C?CLDOPTR)
  C:\KEIL_V5\C51\LIB\C51L.LIB (?C?CSTPTR)
  C:\KEIL_V5\C51\LIB\C51L.LIB (?C?IMUL)
  C:\KEIL_V5\C51\LIB\C51L.LIB (?C?UIDIV)
  C:\KEIL_V5\C51\LIB\C51L.LIB (?C?SIDIV)
  C:\KEIL_V5\C51\LIB\C51L.LIB (?C?ILDIX)
  C:\KEIL_V5\C51\LIB\C51L.LIB (?C?ILDOPTR)
  C:\KEIL_V5\C51\LIB\C51L.LIB (?C?ISTPTR)
  C:\KEIL_V5\C51\LIB\C51L.LIB (?C?LMUL)
  C:\KEIL_V5\C51\LIB\C51L.LIB (?C?SLDIV)
  C:\KEIL_V5\C51\LIB\C51L.LIB (?C?LNEG)
  C:\KEIL_V5\C51\LIB\C51L.LIB (?C?ULCMP)
  C:\KEIL_V5\C51\LIB\C51L.LIB (?C?LSHL)
  C:\KEIL_V5\C51\LIB\C51L.LIB (?C?LLDPTR)
  C:\KEIL_V5\C51\LIB\C51L.LIB (?C?LLDOPTR)
  C:\KEIL_V5\C51\LIB\C51L.LIB (?C?LSTPTR)
  C:\KEIL_V5\C51\LIB\C51L.LIB (?C?LSTOPTR)
BL51 BANKED LINKER/LOCATER V6.22                                                      03/19/2019  12:29:15  PAGE 2


  C:\KEIL_V5\C51\LIB\C51L.LIB (?C?LLDXDATA)
  C:\KEIL_V5\C51\LIB\C51L.LIB (?C?LLDCODE)
  C:\KEIL_V5\C51\LIB\C51L.LIB (?C?LLDXDATA0)
  C:\KEIL_V5\C51\LIB\C51L.LIB (?C?LLDCODE0)
  C:\KEIL_V5\C51\LIB\C51L.LIB (?C?LLDPTR0)
  C:\KEIL_V5\C51\LIB\C51L.LIB (?C?LSTXDATA)
  C:\KEIL_V5\C51\LIB\C51L.LIB (?C?LSTKXDATA)
  C:\KEIL_V5\C51\LIB\C51L.LIB (?C?LSTKPTR)
  C:\KEIL_V5\C51\LIB\C51L.LIB (?C?OFFXADD)
  C:\KEIL_V5\C51\LIB\C51L.LIB (ATOI)
  C:\KEIL_V5\C51\LIB\C51L.LIB (?C?IILDX)
  C:\KEIL_V5\C51\LIB\C51L.LIB (?C?ULDIV)
  C:\KEIL_V5\C51\LIB\C51L.LIB (?C?LLDIDATA)
  C:\KEIL_V5\C51\LIB\C51L.LIB (?C?LLDPDATA)
  C:\KEIL_V5\C51\LIB\C51L.LIB (?C?LLDIDATA0)
  C:\KEIL_V5\C51\LIB\C51L.LIB (?C?LLDPDATA0)
  C:\KEIL_V5\C51\LIB\C51L.LIB (?C?LSTIDATA)
  C:\KEIL_V5\C51\LIB\C51L.LIB (?C?LSTPDATA)
  C:\KEIL_V5\C51\LIB\C51L.LIB (?C?LSTKIDATA)
  C:\KEIL_V5\C51\LIB\C51L.LIB (?C?LSTKPDATA)
  C:\KEIL_V5\C51\LIB\C51L.LIB (ISDIGIT)
  C:\KEIL_V5\C51\LIB\C51L.LIB (ISSPACE)


LINK MAP OF MODULE:  .\Obj\GPIO_RTC_Test (MAIN)


            TYPE    BASE      LENGTH    RELOCATION   SEGMENT NAME
            -----------------------------------------------------

            * * * * * * *   D A T A   M E M O R Y   * * * * * * *
            REG     0000H     0008H     ABSOLUTE     "REG BANK 0"
                    0008H     0018H                  *** GAP ***
            BIT     0020H.0   0000H.5   UNIT         ?BI?KEYPAD
            BIT     0020H.5   0000H.3   UNIT         _BIT_GROUP_
            BIT     0021H.0   0000H.1   UNIT         ?BI?MAIN
            BIT     0021H.1   0000H.1   UNIT         ?BI?_ATOI?ATOI
                    0021H.2   0000H.6                *** GAP ***
            IDATA   0022H     0001H     UNIT         ?STACK

            * * * * * * *  X D A T A   M E M O R Y  * * * * * * *
            XDATA   0000H     038FH     UNIT         ?XD?BIPOLARMOTOR
            XDATA   038FH     0158H     UNIT         _XDATA_GROUP_
            XDATA   04E7H     00D8H     UNIT         ?XD?MAIN
            XDATA   05BFH     0040H     UNIT         ?XD?_FINDDET4X4?BIPOLARMOTOR
            XDATA   05FFH     0024H     UNIT         ?XD?_FINDDET3X3?BIPOLARMOTOR
            XDATA   0623H     0009H     UNIT         ?XD?KEYPAD
            XDATA   062CH     0008H     UNIT         ?XD?_AT25SF041_READ?AT25SF041
            XDATA   0634H     0005H     UNIT         ?XD?_ATOI?ATOI
            XDATA   0639H     0003H     UNIT         ?XD?_SENDSTRING?UART1
            XDATA   063CH     0001H     UNIT         ?XD?UC_ACK?IOEXPANDER_PI4IOE5V96248
            XDATA   063DH     0001H     UNIT         ?XD?UC_NACK?IOEXPANDER_PI4IOE5V96248

            * * * * * * *   C O D E   M E M O R Y   * * * * * * *
            CODE    0000H     0003H     ABSOLUTE     
            CODE    0003H     0006H     UNIT         ?PR?_TEN?UART1
            CODE    0009H     0001H     UNIT         ?PR?TM0_ISR?MAIN
BL51 BANKED LINKER/LOCATER V6.22                                                      03/19/2019  12:29:15  PAGE 3


            CODE    000AH     0001H     UNIT         ?PR?_DECTOBCD?UART1
            CODE    000BH     0003H     ABSOLUTE     
            CODE    000EH     0DA4H     UNIT         ?PR?MAIN?MAIN
            CODE    0DB2H     0B00H     UNIT         ?PR?_UPDATE_POSITION?BIPOLARMOTOR
            CODE    18B2H     09B6H     UNIT         ?C?LIB_CODE
            CODE    2268H     07A2H     UNIT         ?PR?SUNPOS?SUNPOS
            CODE    2A0AH     03F9H     UNIT         ?C_INITSEG
            CODE    2E03H     03E8H     UNIT         ?PR?_FIND_REAL_MAX?CALIBRATION
            CODE    31EBH     02C5H     UNIT         ?PR?KEY_PROCESS?KEYPAD
            CODE    34B0H     02C0H     UNIT         ?PR?_FINDDET4X4?BIPOLARMOTOR
            CODE    3770H     01D1H     UNIT         ?PR?_FINDDET3X3?BIPOLARMOTOR
            CODE    3941H     01B3H     UNIT         ?PR?_CALIBRATION?CALIBRATION
            CODE    3AF4H     018DH     UNIT         ?PR?KEY_SCAN?KEYPAD
            CODE    3C81H     0189H     UNIT         ?PR?SPI_NOR_WRITE_DATA?AT25SF041
            CODE    3E0AH     0188H     UNIT         ?PR?SIN?SIN
            CODE    3F92H     0162H     UNIT         ?PR?_DISPLAY_POS?LCD_DRIVER_SPLC780D
            CODE    40F4H     0122H     UNIT         ?PR?ATAN?ATAN
            CODE    4216H     0110H     UNIT         ?PR?_AT25SF041_READ?AT25SF041
            CODE    4326H     0102H     UNIT         ?PR?_AT25SF041_WRITE?AT25SF041
            CODE    4428H     00DBH     UNIT         ?PR?_ATOI?ATOI
            CODE    4503H     00C3H     UNIT         ?PR?LINEAR_INTERPOLATE?BIPOLARMOTOR
            CODE    45C6H     00BBH     UNIT         ?PR?VOLTAGE_IS_STABLE?CALIBRATION
            CODE    4681H     00ADH     UNIT         ?PR?_WRITE_PI4IOE5V96248?IOEXPANDER_PI4IOE5V96248
            CODE    472EH     00ACH     UNIT         ?PR?SQRT?SQRT
            CODE    47DAH     00A1H     UNIT         ?PR?UCREAD_STATUS_REGISTER_BYTE1?AT25SF041
            CODE    487BH     009DH     UNIT         ?PR?_ATAN2?ATAN2
            CODE    4918H     009CH     UNIT         ?PR?_MAX_VALUE?CALIBRATION
            CODE    49B4H     008CH     UNIT         ?C_C51STARTUP
            CODE    4A40H     0084H     UNIT         ?PR?_DAY_OF_YEAR?PCF85063BTL
            CODE    4AC4H     0079H     UNIT         ?PR?_WRITEDATA?LCD_DRIVER_SPLC780D
            CODE    4B3DH     0072H     UNIT         ?PR?AT25SF041_WRITEENABLE?AT25SF041
            CODE    4BAFH     006FH     UNIT         ?PR?_READ_TIME?PCF85063BTL
            CODE    4C1EH     005AH     UNIT         ?PR?AT25SF041_CHIPERASE?AT25SF041
            CODE    4C78H     0059H     UNIT         ?PR?LCD_INIT?LCD_DRIVER_SPLC780D
            CODE    4CD1H     004AH     UNIT         ?PR?VONESTEPMOVE?BIPOLARMOTOR
            CODE    4D1BH     004AH     UNIT         ?PR?ACOS?ACOS
            CODE    4D65H     0044H     UNIT         ?C?LDIV
            CODE    4DA9H     0040H     UNIT         ?PR?_COMMAND?LCD_DRIVER_SPLC780D
            CODE    4DE9H     0040H     UNIT         ?PR?_STEP_MOVE?BIPOLARMOTOR
            CODE    4E29H     003BH     UNIT         ?PR?ASIN?ASIN
            CODE    4E64H     0033H     UNIT         ?PR?_SENDSTRING?UART1
            CODE    4E97H     002CH     UNIT         ?PR?_ADC_GETRESULT?ADC
            CODE    4EC3H     002BH     UNIT         ?PR?_WAIT_MS_I2C?IOEXPANDER_PI4IOE5V96248
            CODE    4EEEH     002BH     UNIT         ?PR?_WAIT_MS_SPINOR?AT25SF041
            CODE    4F19H     0028H     UNIT         ?PR?_MOVE?BIPOLARMOTOR
            CODE    4F41H     0027H     UNIT         ?PR?_I2C_SENDBYTE?IOEXPANDER_PI4IOE5V96248
            CODE    4F68H     0024H     UNIT         ?PR?_WAIT_MS?LCD_DRIVER_SPLC780D
            CODE    4F8CH     0020H     UNIT         ?PR?_SPI_SENDBYTE?PCF85063BTL
            CODE    4FACH     0020H     UNIT         ?PR?SPI_RECEIVEBYTE?PCF85063BTL
            CODE    4FCCH     001FH     UNIT         ?PR?ADC_INIT?ADC
            CODE    4FEBH     001EH     UNIT         ?PR?_DELAY_MS?KEYPAD
            CODE    5009H     001DH     UNIT         ?PR?_DISPLAYLCD?LCD_DRIVER_SPLC780D
            CODE    5026H     001BH     UNIT         ?PR?_BCDTODEC1?BIPOLARMOTOR
            CODE    5041H     0018H     UNIT         ?PR?_SPI_WRITETIME?PCF85063BTL
            CODE    5059H     0017H     UNIT         ?PR?_ASCIITOBCD?UART1
            CODE    5070H     0016H     UNIT         ?PR?I2C_ACK?IOEXPANDER_PI4IOE5V96248
            CODE    5086H     0015H     UNIT         ?PR?_DISPLAY_LINE?LCD_DRIVER_SPLC780D
BL51 BANKED LINKER/LOCATER V6.22                                                      03/19/2019  12:29:15  PAGE 4


            CODE    509BH     0015H     UNIT         ?PR?I2C_STOP?IOEXPANDER_PI4IOE5V96248
            CODE    50B0H     0014H     UNIT         ?PR?_PCF85063BTL_DELAY?PCF85063BTL
            CODE    50C4H     0014H     UNIT         ?PR?_ABS?LCD_DRIVER_SPLC780D
            CODE    50D8H     0014H     UNIT         ?PR?_ISSPACE?ISSPACE
            CODE    50ECH     0011H     UNIT         ?PR?_SPI_READTIME?PCF85063BTL
            CODE    50FDH     0011H     UNIT         ?PR?_BCDTODEC?PCF85063BTL
            CODE    510EH     0011H     UNIT         ?PR?INITUART1?UART1
            CODE    511FH     000FH     UNIT         ?PR?I2C_START?IOEXPANDER_PI4IOE5V96248
            CODE    512EH     000FH     UNIT         ?PR?UC_NACK?IOEXPANDER_PI4IOE5V96248
            CODE    513DH     000FH     UNIT         ?PR?_ISDIGIT?ISDIGIT
            CODE    514CH     000DH     UNIT         ?PR?SPI_INIT?PCF85063BTL
            CODE    5159H     000CH     UNIT         ?PR?KEYPAD_IO_INIT?KEYPAD
            CODE    5165H     000AH     UNIT         ?PR?LCD_RETURN_HOME?LCD_DRIVER_SPLC780D
            CODE    516FH     000AH     UNIT         ?PR?LCD_CLEAR?LCD_DRIVER_SPLC780D
            CODE    5179H     0006H     UNIT         ?PR?UC_ACK?IOEXPANDER_PI4IOE5V96248
            CODE    517FH     0005H     UNIT         ?PR?_UNIT?UART1
            CODE    5184H     0005H     UNIT         ?PR?_ASCII_LETTER?UART1
            CODE    5189H     0001H     UNIT         ?PR?WAIT?BIPOLARMOTOR
            CODE    518AH     0001H     UNIT         ?PR?NOP?IOEXPANDER_PI4IOE5V96248



OVERLAY MAP OF MODULE:   .\Obj\GPIO_RTC_Test (MAIN)


SEGMENT                                             BIT_GROUP          XDATA_GROUP
  +--> CALLED SEGMENT                            START    LENGTH     START    LENGTH
------------------------------------------------------------------------------------
?C_C51STARTUP                                    -----    -----      -----    -----
  +--> ?PR?MAIN?MAIN
  +--> ?C_INITSEG

?PR?MAIN?MAIN                                    -----    -----      038FH    002CH
  +--> ?PR?LCD_INIT?LCD_DRIVER_SPLC780D
  +--> ?PR?SPI_INIT?PCF85063BTL
  +--> ?PR?KEYPAD_IO_INIT?KEYPAD
  +--> ?PR?ADC_INIT?ADC
  +--> ?PR?_SPI_WRITETIME?PCF85063BTL
  +--> ?PR?_DELAY_MS?KEYPAD
  +--> ?PR?_DISPLAY_LINE?LCD_DRIVER_SPLC780D
  +--> ?PR?_WRITEDATA?LCD_DRIVER_SPLC780D
  +--> ?PR?KEY_PROCESS?KEYPAD
  +--> ?PR?_COMMAND?LCD_DRIVER_SPLC780D
  +--> ?PR?_DISPLAY_POS?LCD_DRIVER_SPLC780D
  +--> ?PR?_DISPLAYLCD?LCD_DRIVER_SPLC780D
  +--> ?PR?_STEP_MOVE?BIPOLARMOTOR
  +--> ?PR?LCD_RETURN_HOME?LCD_DRIVER_SPLC780D
  +--> ?PR?_READ_TIME?PCF85063BTL
  +--> ?PR?_ADC_GETRESULT?ADC
  +--> ?PR?_BCDTODEC1?BIPOLARMOTOR
  +--> ?PR?_CALIBRATION?CALIBRATION
  +--> ?PR?_AT25SF041_WRITE?AT25SF041
  +--> ?PR?_WAIT_MS_SPINOR?AT25SF041
  +--> ?PR?SPI_NOR_WRITE_DATA?AT25SF041
  +--> ?PR?LINEAR_INTERPOLATE?BIPOLARMOTOR
  +--> ?PR?_UPDATE_POSITION?BIPOLARMOTOR
  +--> ?PR?LCD_CLEAR?LCD_DRIVER_SPLC780D
BL51 BANKED LINKER/LOCATER V6.22                                                      03/19/2019  12:29:15  PAGE 5


  +--> ?PR?AT25SF041_WRITEENABLE?AT25SF041
  +--> ?PR?AT25SF041_CHIPERASE?AT25SF041

?PR?LCD_INIT?LCD_DRIVER_SPLC780D                 -----    -----      -----    -----
  +--> ?PR?_WAIT_MS?LCD_DRIVER_SPLC780D
  +--> ?PR?_COMMAND?LCD_DRIVER_SPLC780D

?PR?_COMMAND?LCD_DRIVER_SPLC780D                 -----    -----      -----    -----
  +--> ?PR?_WAIT_MS?LCD_DRIVER_SPLC780D

?PR?ADC_INIT?ADC                                 -----    -----      -----    -----
  +--> ?PR?_WAIT_MS?LCD_DRIVER_SPLC780D

?PR?_SPI_WRITETIME?PCF85063BTL                   -----    -----      -----    -----
  +--> ?PR?_SPI_SENDBYTE?PCF85063BTL

?PR?_SPI_SENDBYTE?PCF85063BTL                    -----    -----      -----    -----
  +--> ?PR?_PCF85063BTL_DELAY?PCF85063BTL

?PR?_DISPLAY_LINE?LCD_DRIVER_SPLC780D            -----    -----      -----    -----
  +--> ?PR?_COMMAND?LCD_DRIVER_SPLC780D

?PR?_WRITEDATA?LCD_DRIVER_SPLC780D               -----    -----      0476H    0001H
  +--> ?PR?_WAIT_MS?LCD_DRIVER_SPLC780D

?PR?KEY_PROCESS?KEYPAD                           -----    -----      03BBH    0006H
  +--> ?PR?KEY_SCAN?KEYPAD
  +--> ?PR?_SPI_WRITETIME?PCF85063BTL
  +--> ?PR?LCD_CLEAR?LCD_DRIVER_SPLC780D
  +--> ?PR?_COMMAND?LCD_DRIVER_SPLC780D
  +--> ?PR?_WRITEDATA?LCD_DRIVER_SPLC780D

?PR?KEY_SCAN?KEYPAD                              -----    -----      03C1H    0003H

?PR?LCD_CLEAR?LCD_DRIVER_SPLC780D                -----    -----      -----    -----
  +--> ?PR?_COMMAND?LCD_DRIVER_SPLC780D

?PR?_DISPLAY_POS?LCD_DRIVER_SPLC780D             -----    -----      046CH    000AH
  +--> ?PR?_ABS?LCD_DRIVER_SPLC780D
  +--> ?PR?_WRITEDATA?LCD_DRIVER_SPLC780D

?PR?_DISPLAYLCD?LCD_DRIVER_SPLC780D              -----    -----      03BBH    0001H
  +--> ?PR?_WRITEDATA?LCD_DRIVER_SPLC780D

?PR?_STEP_MOVE?BIPOLARMOTOR                      0020H.6  0000H.1    0482H    0004H
  +--> ?PR?VONESTEPMOVE?BIPOLARMOTOR

?PR?VONESTEPMOVE?BIPOLARMOTOR                    0020H.7  0000H.1    -----    -----
  +--> ?PR?_WRITE_PI4IOE5V96248?IOEXPANDER_P...
  +--> ?PR?_DELAY_MS?KEYPAD

?PR?_WRITE_PI4IOE5V96248?IOEXPANDER_P...         -----    -----      0486H    0003H
  +--> ?PR?I2C_START?IOEXPANDER_PI4IOE5V96248
  +--> ?PR?_WAIT_MS_I2C?IOEXPANDER_PI4IOE5V9...
  +--> ?PR?_I2C_SENDBYTE?IOEXPANDER_PI4IOE5V...
  +--> ?PR?I2C_ACK?IOEXPANDER_PI4IOE5V96248
  +--> ?PR?I2C_STOP?IOEXPANDER_PI4IOE5V96248
BL51 BANKED LINKER/LOCATER V6.22                                                      03/19/2019  12:29:15  PAGE 6



?PR?I2C_START?IOEXPANDER_PI4IOE5V96248           -----    -----      -----    -----
  +--> ?PR?_WAIT_MS_I2C?IOEXPANDER_PI4IOE5V9...

?PR?_I2C_SENDBYTE?IOEXPANDER_PI4IOE5V...         -----    -----      -----    -----
  +--> ?PR?_WAIT_MS_I2C?IOEXPANDER_PI4IOE5V9...

?PR?I2C_ACK?IOEXPANDER_PI4IOE5V96248             -----    -----      0489H    0001H
  +--> ?PR?_WAIT_MS_I2C?IOEXPANDER_PI4IOE5V9...

?PR?I2C_STOP?IOEXPANDER_PI4IOE5V96248            -----    -----      -----    -----
  +--> ?PR?_WAIT_MS_I2C?IOEXPANDER_PI4IOE5V9...

?PR?LCD_RETURN_HOME?LCD_DRIVER_SPLC780D          -----    -----      -----    -----
  +--> ?PR?_COMMAND?LCD_DRIVER_SPLC780D

?PR?_READ_TIME?PCF85063BTL                       -----    -----      03BBH    000FH
  +--> ?PR?_SPI_READTIME?PCF85063BTL

?PR?_SPI_READTIME?PCF85063BTL                    -----    -----      -----    -----
  +--> ?PR?_SPI_SENDBYTE?PCF85063BTL
  +--> ?PR?SPI_RECEIVEBYTE?PCF85063BTL

?PR?SPI_RECEIVEBYTE?PCF85063BTL                  -----    -----      -----    -----
  +--> ?PR?_PCF85063BTL_DELAY?PCF85063BTL

?PR?_CALIBRATION?CALIBRATION                     -----    -----      03BBH    0024H
  +--> ?PR?VOLTAGE_IS_STABLE?CALIBRATION
  +--> ?PR?_UPDATE_POSITION?BIPOLARMOTOR
  +--> ?PR?_FIND_REAL_MAX?CALIBRATION

?PR?VOLTAGE_IS_STABLE?CALIBRATION                -----    -----      03DFH    0018H
  +--> ?PR?_ADC_GETRESULT?ADC
  +--> ?PR?_ABS?LCD_DRIVER_SPLC780D

?PR?_UPDATE_POSITION?BIPOLARMOTOR                -----    -----      03DFH    009FH
  +--> ?PR?_BCDTODEC1?BIPOLARMOTOR
  +--> ?PR?SUNPOS?SUNPOS
  +--> ?PR?SIN?SIN
  +--> ?PR?ASIN?ASIN
  +--> ?PR?LINEAR_INTERPOLATE?BIPOLARMOTOR
  +--> ?PR?_ABS?LCD_DRIVER_SPLC780D
  +--> ?PR?_MOVE?BIPOLARMOTOR

?PR?SUNPOS?SUNPOS                                -----    -----      047EH    005DH
  +--> ?PR?SIN?SIN
  +--> ?PR?_ATAN2?ATAN2
  +--> ?PR?ASIN?ASIN
  +--> ?PR?ACOS?ACOS

?PR?SIN?SIN                                      0020H.5  0000H.1    04DBH    0004H

?PR?_ATAN2?ATAN2                                 -----    -----      04DBH    0008H
  +--> ?PR?ATAN?ATAN

?PR?ATAN?ATAN                                    0020H.5  0000H.2    04E3H    0004H

BL51 BANKED LINKER/LOCATER V6.22                                                      03/19/2019  12:29:15  PAGE 7


?PR?ASIN?ASIN                                    -----    -----      -----    -----
  +--> ?PR?SQRT?SQRT
  +--> ?PR?ATAN?ATAN

?PR?SQRT?SQRT                                    -----    -----      04DBH    0004H

?PR?ACOS?ACOS                                    -----    -----      -----    -----
  +--> ?PR?SQRT?SQRT
  +--> ?PR?ATAN?ATAN

?PR?LINEAR_INTERPOLATE?BIPOLARMOTOR              -----    -----      047EH    0014H

?PR?_MOVE?BIPOLARMOTOR                           0020H.5  0000H.1    047EH    0004H
  +--> ?PR?_STEP_MOVE?BIPOLARMOTOR

?PR?_FIND_REAL_MAX?CALIBRATION                   -----    -----      03DFH    008DH
  +--> ?PR?_MOVE?BIPOLARMOTOR
  +--> ?PR?_ADC_GETRESULT?ADC
  +--> ?PR?AT25SF041_WRITEENABLE?AT25SF041
  +--> ?PR?_AT25SF041_WRITE?AT25SF041
  +--> ?PR?_WAIT_MS_SPINOR?AT25SF041
  +--> ?PR?_COMMAND?LCD_DRIVER_SPLC780D
  +--> ?PR?_WRITEDATA?LCD_DRIVER_SPLC780D
  +--> ?PR?_DISPLAY_POS?LCD_DRIVER_SPLC780D
  +--> ?PR?_WAIT_MS?LCD_DRIVER_SPLC780D
  +--> ?PR?_MAX_VALUE?CALIBRATION

?PR?AT25SF041_WRITEENABLE?AT25SF041              -----    -----      046CH    0002H
  +--> ?PR?_WAIT_MS_SPINOR?AT25SF041
  +--> ?PR?UCREAD_STATUS_REGISTER_BYTE1?AT25...

?PR?UCREAD_STATUS_REGISTER_BYTE1?AT25...         -----    -----      0474H    0003H
  +--> ?PR?_WAIT_MS_SPINOR?AT25SF041

?PR?_AT25SF041_WRITE?AT25SF041                   -----    -----      046CH    0008H
  +--> ?PR?_WAIT_MS_SPINOR?AT25SF041
  +--> ?PR?UCREAD_STATUS_REGISTER_BYTE1?AT25...

?PR?_MAX_VALUE?CALIBRATION                       -----    -----      046CH    0004H

?PR?SPI_NOR_WRITE_DATA?AT25SF041                 -----    -----      03BBH    000EH
  +--> ?PR?AT25SF041_WRITEENABLE?AT25SF041
  +--> ?PR?_AT25SF041_WRITE?AT25SF041
  +--> ?PR?_WAIT_MS_SPINOR?AT25SF041

?PR?AT25SF041_CHIPERASE?AT25SF041                -----    -----      03BBH    0002H
  +--> ?PR?_WAIT_MS_SPINOR?AT25SF041
  +--> ?PR?UCREAD_STATUS_REGISTER_BYTE1?AT25...



UNRESOLVED EXTERNAL SYMBOLS:
   AUTO_MODE
   SPI_NOR_CLEARENABLE
   _SENDUART1


BL51 BANKED LINKER/LOCATER V6.22                                                      03/19/2019  12:29:15  PAGE 8



SYMBOL TABLE OF MODULE:  .\Obj\GPIO_RTC_Test (MAIN)

  VALUE           TYPE          NAME
  ----------------------------------

  -------         MODULE        MAIN
  C:0000H         SYMBOL        _ICE_DUMMY_
  X:04EFH         PUBLIC        calib_value
  D:0080H         PUBLIC        P0
  D:00B2H         PUBLIC        P3M0
  D:0090H         PUBLIC        P1
  D:00B1H         PUBLIC        P3M1
  D:00A0H         PUBLIC        P2
  D:00B0H         PUBLIC        P3
  D:00C0H         PUBLIC        P4
  D:00C8H         PUBLIC        P5
  X:0543H         SYMBOL        PressedKey
  B:00A8H.7       PUBLIC        EA
  D:00E8H         PUBLIC        P6
  X:0547H         PUBLIC        calib_stamp
  D:00F8H         PUBLIC        P7
  X:0548H         PUBLIC        RX_Data_Uart_Cnt
  D:00A8H         PUBLIC        IE
  X:054AH         PUBLIC        calib_time
  D:00B8H         PUBLIC        IP
  X:059EH         PUBLIC        months
  D:00D8H         PUBLIC        CCON
  C:000EH         PUBLIC        main
  X:059FH         PUBLIC        count
  X:05A1H         PUBLIC        days
  X:05A2H         PUBLIC        hours
  D:0098H         PUBLIC        SCON
  D:0089H         PUBLIC        TMOD
  D:0088H         PUBLIC        TCON
  B:00A0H.3       PUBLIC        P23
  X:05A3H         SYMBOL        KeyCount
  X:05A5H         PUBLIC        mins
  X:05A6H         PUBLIC        Rec_data_hour
  B:00C8H.5       PUBLIC        P55
  X:05A9H         PUBLIC        Rec_data_min
  D:008EH         PUBLIC        AUXR
  C:0009H         PUBLIC        tm0_isr
  B:0021H.0       PUBLIC        busy
  B:00A8H.1       PUBLIC        ET0
  X:05ACH         PUBLIC        SPI_NOR_INTERNAL_FLASH_ADDR
  D:008CH         PUBLIC        TH0
  X:05B0H         PUBLIC        hour_count
  D:008AH         PUBLIC        TL0
  X:05B1H         PUBLIC        min_count
  B:0088H.4       PUBLIC        TR0
  X:05B2H         SYMBOL        KeyNum
  X:05B3H         SYMBOL        KeyNum_Old
  X:05B4H         PUBLIC        current_position
  X:05B8H         PUBLIC        hours1
  X:05B9H         PUBLIC        hours2
  X:05BAH         PUBLIC        mins1
BL51 BANKED LINKER/LOCATER V6.22                                                      03/19/2019  12:29:15  PAGE 9


  X:05BBH         PUBLIC        mins2
  X:05BCH         PUBLIC        seconds
  X:05BDH         PUBLIC        st_time
  D:00D0H         PUBLIC        PSW
  -------         PROC          TM0_ISR
  C:0009H         LINE#         76
  C:0009H         LINE#         78
  -------         ENDPROC       TM0_ISR
  -------         PROC          MAIN
  -------         DO            
  X:038FH         SYMBOL        sunlight_ADC
  X:04E7H         SYMBOL        KeyCount
  X:04E9H         SYMBOL        KeyNum_Old
  X:04EAH         SYMBOL        KeyNum
  X:04EBH         SYMBOL        PressedKey
  X:0391H         SYMBOL        prox_flag
  X:0392H         SYMBOL        iUse_prevday_calib_value
  X:0394H         SYMBOL        max_ADC_Val_JP
  X:0396H         SYMBOL        max_ADC_Val
  X:0398H         SYMBOL        calib_point1
  X:03A0H         SYMBOL        calib_point2
  X:03A8H         SYMBOL        dat_to_store
  X:03B3H         SYMBOL        calib_day
  X:03B5H         SYMBOL        calib_count
  X:03B7H         SYMBOL        theorical_JP_max_pos
  -------         ENDDO         
  C:000EH         LINE#         80
  C:000EH         LINE#         81
  C:000EH         LINE#         86
  C:0014H         LINE#         87
  C:0019H         LINE#         89
  C:0021H         LINE#         93
  C:0027H         LINE#         94
  C:0031H         LINE#         98
  C:0033H         LINE#         99
  C:0035H         LINE#         100
  C:0037H         LINE#         101
  C:0039H         LINE#         103
  C:0040H         LINE#         104
  C:0044H         LINE#         113
  C:0046H         LINE#         114
  C:0049H         LINE#         115
  C:004CH         LINE#         116
  C:004FH         LINE#         117
  C:0052H         LINE#         118
  C:0055H         LINE#         121
  C:0058H         LINE#         123
  C:005BH         LINE#         124
  C:005EH         LINE#         125
  C:0061H         LINE#         126
  C:0063H         LINE#         127
  C:0065H         LINE#         128
  C:0067H         LINE#         130
  C:0069H         LINE#         131
  C:0070H         LINE#         132
  C:0077H         LINE#         133
  C:007EH         LINE#         134
BL51 BANKED LINKER/LOCATER V6.22                                                      03/19/2019  12:29:15  PAGE 10


  C:0085H         LINE#         138
  C:008CH         LINE#         139
  C:0091H         LINE#         140
  C:0096H         LINE#         141
  C:009BH         LINE#         142
  C:00A0H         LINE#         143
  C:00A5H         LINE#         146
  C:00BEH         LINE#         147
  C:00BEH         LINE#         148
  C:00DAH         LINE#         149
  C:0121H         LINE#         150
  C:0132H         LINE#         153
  C:0132H         LINE#         154
  C:0132H         LINE#         155
  C:0135H         LINE#         158
  C:0135H         LINE#         161
  C:013AH         LINE#         162
  C:013FH         LINE#         164
  C:0144H         LINE#         165
  C:0149H         LINE#         166
  C:014EH         LINE#         167
  C:0153H         LINE#         169
  C:0164H         LINE#         170
  C:0169H         LINE#         171
  C:016EH         LINE#         173
  C:0175H         LINE#         174
  C:017DH         LINE#         175
  C:0182H         LINE#         176
  C:018AH         LINE#         177
  C:018FH         LINE#         178
  C:0199H         LINE#         179
  C:019EH         LINE#         180
  C:01A6H         LINE#         182
  C:01AEH         LINE#         183
  C:01B3H         LINE#         184
  C:01BDH         LINE#         185
  C:01BDH         LINE#         186
  C:01BFH         LINE#         187
  C:01C1H         LINE#         188
  C:01CBH         LINE#         189
  C:01CBH         LINE#         190
  C:01D0H         LINE#         191
  C:01D0H         LINE#         203
  C:01DDH         LINE#         204
  C:01DDH         LINE#         205
  C:01E7H         LINE#         206
  C:01FEH         LINE#         207
  C:01FEH         LINE#         208
  C:0200H         LINE#         209
  C:0202H         LINE#         211
  C:0202H         LINE#         212
  C:020DH         LINE#         213
  C:020DH         LINE#         214
  C:0212H         LINE#         215
  C:0212H         LINE#         216
  C:021FH         LINE#         217
  C:021FH         LINE#         220
BL51 BANKED LINKER/LOCATER V6.22                                                      03/19/2019  12:29:15  PAGE 11


  C:0229H         LINE#         221
  C:0240H         LINE#         222
  C:0240H         LINE#         223
  C:0242H         LINE#         224
  C:0244H         LINE#         226
  C:0244H         LINE#         227
  C:024FH         LINE#         228
  C:024FH         LINE#         229
  C:0254H         LINE#         230
  C:0256H         LINE#         231
  C:0256H         LINE#         233
  C:0278H         LINE#         234
  C:0278H         LINE#         235
  C:0282H         LINE#         236
  C:0288H         LINE#         237
  C:028AH         LINE#         238
  C:028CH         LINE#         239
  C:028EH         LINE#         240
  C:028EH         LINE#         241
  C:0291H         LINE#         243
  C:0291H         LINE#         244
  C:0297H         LINE#         245
  C:029FH         LINE#         246
  C:02A5H         LINE#         247
  C:02ADH         LINE#         248
  C:02E8H         LINE#         252
  C:02F5H         LINE#         253
  C:02F5H         LINE#         255
  C:0302H         LINE#         256
  C:0335H         LINE#         257
  C:0342H         LINE#         258
  C:0342H         LINE#         260
  C:0371H         LINE#         261
  C:0371H         LINE#         262
  C:0393H         LINE#         263
  C:0393H         LINE#         264
  C:040FH         LINE#         265
  C:0499H         LINE#         268
  C:04A1H         LINE#         269
  C:04A9H         LINE#         270
  C:04B1H         LINE#         271
  C:04B9H         LINE#         272
  C:04CDH         LINE#         273
  C:04E3H         LINE#         274
  C:0513H         LINE#         275
  C:0527H         LINE#         276
  C:0537H         LINE#         277
  C:0537H         LINE#         278
  C:0537H         LINE#         279
  C:0537H         LINE#         281
  C:0537H         LINE#         284
  C:053AH         LINE#         285
  C:056EH         LINE#         286
  C:056EH         LINE#         287
  C:058CH         LINE#         288
  C:0599H         LINE#         289
  C:05A9H         LINE#         292
BL51 BANKED LINKER/LOCATER V6.22                                                      03/19/2019  12:29:15  PAGE 12


  C:05B1H         LINE#         293
  C:05B9H         LINE#         294
  C:05C1H         LINE#         295
  C:05C9H         LINE#         297
  C:05D7H         LINE#         298
  C:05EDH         LINE#         299
  C:061DH         LINE#         300
  C:0631H         LINE#         302
  C:0641H         LINE#         303
  C:0641H         LINE#         304
  C:0641H         LINE#         306
  C:0641H         LINE#         307
  C:0644H         LINE#         308
  C:0655H         LINE#         309
  C:0655H         LINE#         310
  C:0655H         LINE#         312
  C:0655H         LINE#         315
  C:0658H         LINE#         317
  C:0658H         LINE#         318
  C:067AH         LINE#         319
  C:067AH         LINE#         320
  C:06F6H         LINE#         321
  C:074BH         LINE#         322
  C:074BH         LINE#         323
  C:074BH         LINE#         324
  C:074EH         LINE#         328
  C:074EH         LINE#         331
  C:0782H         LINE#         332
  C:0782H         LINE#         333
  C:07A4H         LINE#         334
  C:07A4H         LINE#         335
  C:0820H         LINE#         336
  C:08AAH         LINE#         338
  C:08B2H         LINE#         339
  C:08BAH         LINE#         340
  C:08C2H         LINE#         341
  C:08CAH         LINE#         342
  C:08DEH         LINE#         343
  C:08F4H         LINE#         344
  C:0924H         LINE#         345
  C:0938H         LINE#         346
  C:094CH         LINE#         347
  C:0962H         LINE#         348
  C:0992H         LINE#         349
  C:0999H         LINE#         351
  C:0999H         LINE#         353
  C:099CH         LINE#         354
  C:09D0H         LINE#         355
  C:09D0H         LINE#         356
  C:09EEH         LINE#         357
  C:09FBH         LINE#         358
  C:0A0BH         LINE#         361
  C:0A13H         LINE#         362
  C:0A1BH         LINE#         363
  C:0A23H         LINE#         364
  C:0A2BH         LINE#         366
  C:0A39H         LINE#         367
BL51 BANKED LINKER/LOCATER V6.22                                                      03/19/2019  12:29:15  PAGE 13


  C:0A4FH         LINE#         368
  C:0A7FH         LINE#         369
  C:0A93H         LINE#         371
  C:0AA7H         LINE#         372
  C:0ABDH         LINE#         373
  C:0AEDH         LINE#         375
  C:0B11H         LINE#         376
  C:0B14H         LINE#         377
  C:0B25H         LINE#         378
  C:0B25H         LINE#         379
  C:0B2DH         LINE#         381
  C:0B2DH         LINE#         384
  C:0B30H         LINE#         386
  C:0B30H         LINE#         388
  C:0B52H         LINE#         389
  C:0B52H         LINE#         390
  C:0BCEH         LINE#         392
  C:0BFBH         LINE#         393
  C:0C16H         LINE#         394
  C:0C43H         LINE#         395
  C:0C5EH         LINE#         397
  C:0CFAH         LINE#         400
  C:0CFAH         LINE#         401
  C:0CFAH         LINE#         402
  C:0CFAH         LINE#         404
  C:0CFAH         LINE#         407
  C:0D16H         LINE#         408
  C:0D1AH         LINE#         410
  C:0D1CH         LINE#         413
  C:0D27H         LINE#         414
  C:0D27H         LINE#         415
  C:0D2AH         LINE#         416
  C:0D31H         LINE#         417
  C:0D36H         LINE#         418
  C:0D3BH         LINE#         419
  C:0D40H         LINE#         420
  C:0D45H         LINE#         421
  C:0D4AH         LINE#         422
  C:0D4FH         LINE#         423
  C:0D54H         LINE#         424
  C:0D59H         LINE#         425
  C:0D5EH         LINE#         426
  C:0D63H         LINE#         427
  C:0D68H         LINE#         428
  C:0D6DH         LINE#         431
  C:0D70H         LINE#         433
  C:0D73H         LINE#         434
  C:0D7AH         LINE#         435
  C:0D84H         LINE#         436
  C:0D89H         LINE#         438
  C:0D8CH         LINE#         439
  C:0D91H         LINE#         440
  C:0D96H         LINE#         441
  C:0D9BH         LINE#         442
  C:0DA0H         LINE#         443
  C:0DA5H         LINE#         444
  C:0DAAH         LINE#         445
BL51 BANKED LINKER/LOCATER V6.22                                                      03/19/2019  12:29:15  PAGE 14


  C:0DAFH         LINE#         447
  C:0DAFH         LINE#         448
  -------         ENDPROC       MAIN
  -------         ENDMOD        MAIN

  -------         MODULE        PCF85063BTL
  C:0000H         SYMBOL        _ICE_DUMMY_
  D:0096H         PUBLIC        P2M0
  D:0080H         PUBLIC        P0
  D:0095H         PUBLIC        P2M1
  D:0090H         PUBLIC        P1
  D:00A0H         PUBLIC        P2
  D:00B0H         PUBLIC        P3
  D:00C0H         PUBLIC        P4
  D:00C8H         PUBLIC        P5
  D:00E8H         PUBLIC        P6
  B:00A0H.1       PUBLIC        PCF85063BTL_SDI
  D:00F8H         PUBLIC        P7
  B:00A0H.2       PUBLIC        PCF85063BTL_SCK
  B:00A0H.1       PUBLIC        PCF85063BTL_SDO
  D:00A8H         PUBLIC        IE
  C:4BAFH         PUBLIC        _Read_time
  C:50B6H         PUBLIC        _PCF85063BTL_Delay
  D:00B8H         PUBLIC        IP
  D:00D8H         PUBLIC        CCON
  C:4A40H         PUBLIC        _Day_Of_Year
  C:4FACH         PUBLIC        SPI_ReceiveByte
  D:0098H         PUBLIC        SCON
  D:0088H         PUBLIC        TCON
  C:50FDH         PUBLIC        _BCDtoDec
  B:00A0H.0       PUBLIC        PCF85063BTL_CS
  C:50ECH         PUBLIC        _SPI_ReadTime
  C:514CH         PUBLIC        SPI_Init
  C:5041H         PUBLIC        _SPI_WriteTime
  C:4F8CH         PUBLIC        _SPI_SendByte
  D:00D0H         PUBLIC        PSW
  C:50B2H         SYMBOL        L?0047
  -------         PROC          L?0046
  -------         ENDPROC       L?0046
  C:50B2H         SYMBOL        L?0047
  -------         PROC          _PCF85063BTL_DELAY
  D:0006H         SYMBOL        us
  C:50B6H         LINE#         8
  C:50B6H         LINE#         9
  C:50B6H         LINE#         10
  C:50C0H         LINE#         11
  C:50C0H         LINE#         12
  C:50C1H         LINE#         13
  C:50C3H         LINE#         14
  -------         ENDPROC       _PCF85063BTL_DELAY
  -------         PROC          _SPI_SENDBYTE
  D:0005H         SYMBOL        dat
  -------         DO            
  D:0003H         SYMBOL        i
  -------         ENDDO         
  C:4F8CH         LINE#         17
  C:4F8EH         LINE#         18
BL51 BANKED LINKER/LOCATER V6.22                                                      03/19/2019  12:29:15  PAGE 15


  C:4F8EH         LINE#         20
  C:4F90H         LINE#         21
  C:4F90H         LINE#         22
  C:4F92H         LINE#         23
  C:4F96H         LINE#         24
  C:4F96H         LINE#         25
  C:4F98H         LINE#         26
  C:4F9AH         LINE#         28
  C:4F9AH         LINE#         29
  C:4F9CH         LINE#         30
  C:4F9CH         LINE#         31
  C:4F9FH         LINE#         32
  C:4F9FH         LINE#         33
  C:4FA2H         LINE#         34
  C:4FA6H         LINE#         35
  C:4FABH         LINE#         36
  -------         ENDPROC       _SPI_SENDBYTE
  -------         PROC          SPI_RECEIVEBYTE
  -------         DO            
  D:0003H         SYMBOL        i
  D:0005H         SYMBOL        dat
  -------         ENDDO         
  C:4FACH         LINE#         39
  C:4FACH         LINE#         40
  C:4FACH         LINE#         42
  C:4FAEH         LINE#         44
  C:4FB0H         LINE#         45
  C:4FB1H         LINE#         46
  C:4FB1H         LINE#         47
  C:4FB5H         LINE#         48
  C:4FB7H         LINE#         49
  C:4FBAH         LINE#         51
  C:4FBDH         LINE#         52
  C:4FBDH         LINE#         53
  C:4FC1H         LINE#         54
  C:4FC1H         LINE#         55
  C:4FC1H         LINE#         56
  C:4FC4H         LINE#         57
  C:4FC9H         LINE#         58
  C:4FCBH         LINE#         59
  -------         ENDPROC       SPI_RECEIVEBYTE
  -------         PROC          _SPI_READTIME
  D:0007H         SYMBOL        addr
  -------         DO            
  D:0006H         SYMBOL        dat
  -------         ENDDO         
  C:50ECH         LINE#         61
  C:50ECH         LINE#         62
  C:50ECH         LINE#         64
  C:50EEH         LINE#         65
  C:50F0H         LINE#         66
  C:50F7H         LINE#         67
  C:50FAH         LINE#         68
  C:50FCH         LINE#         69
  C:50FCH         LINE#         70
  -------         ENDPROC       _SPI_READTIME
  -------         PROC          _SPI_WRITETIME
BL51 BANKED LINKER/LOCATER V6.22                                                      03/19/2019  12:29:15  PAGE 16


  D:0002H         SYMBOL        val
  D:0005H         SYMBOL        addr
  C:5041H         LINE#         71
  C:5043H         LINE#         72
  C:5043H         LINE#         74
  C:5045H         LINE#         75
  C:504CH         LINE#         76
  C:5051H         LINE#         77
  C:5056H         LINE#         78
  C:5058H         LINE#         79
  -------         ENDPROC       _SPI_WRITETIME
  -------         PROC          SPI_INIT
  C:514CH         LINE#         83
  C:514CH         LINE#         84
  C:514CH         LINE#         89
  C:514FH         LINE#         90
  C:5152H         LINE#         91
  C:5154H         LINE#         92
  C:5156H         LINE#         93
  C:5158H         LINE#         94
  -------         ENDPROC       SPI_INIT
  -------         PROC          _READ_TIME
  X:03BBH         SYMBOL        months
  X:03BEH         SYMBOL        days
  X:03C1H         SYMBOL        hours
  X:03C4H         SYMBOL        mins
  X:03C7H         SYMBOL        seconds
  C:4BAFH         LINE#         96
  C:4BBAH         LINE#         97
  C:4BBAH         LINE#         99
  C:4BCEH         LINE#         101
  C:4BE2H         LINE#         103
  C:4BF6H         LINE#         108
  C:4C0AH         LINE#         113
  -------         ENDPROC       _READ_TIME
  -------         PROC          _BCDTODEC
  D:0007H         SYMBOL        bcd
  -------         DO            
  D:0006H         SYMBOL        hi
  D:0007H         SYMBOL        lo
  -------         ENDDO         
  C:50FDH         LINE#         119
  C:50FDH         LINE#         120
  C:50FDH         LINE#         122
  C:5102H         LINE#         123
  C:5106H         LINE#         124
  C:510DH         LINE#         125
  -------         ENDPROC       _BCDTODEC
  -------         PROC          _DAY_OF_YEAR
  D:0007H         SYMBOL        months_bcd
  D:0005H         SYMBOL        days_bcd
  -------         DO            
  D:0004H         SYMBOL        months
  D:0007H         SYMBOL        days
  -------         ENDDO         
  C:4A40H         LINE#         126
  C:4A40H         LINE#         127
BL51 BANKED LINKER/LOCATER V6.22                                                      03/19/2019  12:29:15  PAGE 17


  C:4A40H         LINE#         130
  C:4A45H         LINE#         132
  C:4A4AH         LINE#         134
  C:4A83H         LINE#         135
  C:4A83H         LINE#         136
  C:4A83H         LINE#         137
  C:4A86H         LINE#         138
  C:4A86H         LINE#         139
  C:4A86H         LINE#         140
  C:4A8BH         LINE#         141
  C:4A8BH         LINE#         142
  C:4A8BH         LINE#         143
  C:4A90H         LINE#         144
  C:4A90H         LINE#         145
  C:4A90H         LINE#         146
  C:4A95H         LINE#         147
  C:4A95H         LINE#         148
  C:4A95H         LINE#         149
  C:4A9AH         LINE#         150
  C:4A9AH         LINE#         151
  C:4A9AH         LINE#         152
  C:4A9FH         LINE#         153
  C:4A9FH         LINE#         154
  C:4A9FH         LINE#         155
  C:4AA4H         LINE#         156
  C:4AA4H         LINE#         157
  C:4AA4H         LINE#         158
  C:4AA9H         LINE#         159
  C:4AA9H         LINE#         160
  C:4AA9H         LINE#         161
  C:4AB1H         LINE#         162
  C:4AB1H         LINE#         163
  C:4AB1H         LINE#         164
  C:4AB6H         LINE#         165
  C:4AB6H         LINE#         166
  C:4AB6H         LINE#         167
  C:4ABBH         LINE#         168
  C:4ABBH         LINE#         169
  C:4ABBH         LINE#         170
  C:4AC3H         LINE#         171
  C:4AC3H         LINE#         172
  C:4AC3H         LINE#         173
  -------         ENDPROC       _DAY_OF_YEAR
  -------         ENDMOD        PCF85063BTL

  -------         MODULE        UART1
  C:0000H         SYMBOL        _ICE_DUMMY_
  D:0080H         PUBLIC        P0
  D:0090H         PUBLIC        P1
  D:00A0H         PUBLIC        P2
  D:00B0H         PUBLIC        P3
  D:00C0H         PUBLIC        P4
  D:00C8H         PUBLIC        P5
  B:00A8H.7       PUBLIC        EA
  D:00E8H         PUBLIC        P6
  D:00F8H         PUBLIC        P7
  C:4E64H         PUBLIC        _SendString
BL51 BANKED LINKER/LOCATER V6.22                                                      03/19/2019  12:29:15  PAGE 18


  D:00A8H         PUBLIC        IE
  B:00A8H.4       PUBLIC        ES
  D:00B8H         PUBLIC        IP
  C:5059H         PUBLIC        _ASCIItoBCD
  D:00D8H         PUBLIC        CCON
  C:510EH         PUBLIC        initUART1
  D:0098H         PUBLIC        SCON
  D:0088H         PUBLIC        TCON
  C:000AH         PUBLIC        _DectoBCD
  C:5184H         PUBLIC        _ASCII_Letter
  D:008EH         PUBLIC        AUXR
  C:517FH         PUBLIC        _unit
  C:0003H         PUBLIC        _ten
  D:00D6H         PUBLIC        T2H
  D:00D7H         PUBLIC        T2L
  D:00D0H         PUBLIC        PSW
  -------         PROC          INITUART1
  C:510EH         LINE#         21
  C:510EH         LINE#         22
  C:510EH         LINE#         23
  C:5111H         LINE#         24
  C:5114H         LINE#         25
  C:5117H         LINE#         26
  C:511AH         LINE#         27
  C:511CH         LINE#         28
  C:511EH         LINE#         30
  -------         ENDPROC       INITUART1
  -------         PROC          _SENDSTRING
  X:0639H         SYMBOL        s
  C:4E64H         LINE#         35
  C:4E6FH         LINE#         36
  C:4E6FH         LINE#         37
  C:4E7FH         LINE#         38
  C:4E7FH         LINE#         39
  C:4E94H         LINE#         40
  C:4E96H         LINE#         41
  -------         ENDPROC       _SENDSTRING
  -------         PROC          _TEN
  D:0007H         SYMBOL        BCD
  C:0003H         LINE#         43
  C:0003H         LINE#         44
  C:0003H         LINE#         45
  C:0008H         LINE#         46
  -------         ENDPROC       _TEN
  -------         PROC          _UNIT
  D:0007H         SYMBOL        BCD
  C:517FH         LINE#         47
  C:517FH         LINE#         48
  C:517FH         LINE#         52
  C:5183H         LINE#         53
  -------         ENDPROC       _UNIT
  -------         PROC          _DECTOBCD
  D:0007H         SYMBOL        dec
  C:000AH         LINE#         54
  C:000AH         LINE#         55
  C:000AH         LINE#         57
  C:000AH         LINE#         58
BL51 BANKED LINKER/LOCATER V6.22                                                      03/19/2019  12:29:15  PAGE 19


  -------         ENDPROC       _DECTOBCD
  -------         PROC          _ASCII_LETTER
  D:0007H         SYMBOL        dat
  C:5184H         LINE#         60
  C:5184H         LINE#         61
  C:5184H         LINE#         63
  C:5188H         LINE#         64
  -------         ENDPROC       _ASCII_LETTER
  -------         PROC          _ASCIITOBCD
  D:0001H         SYMBOL        ascii
  -------         DO            
  D:0007H         SYMBOL        dec_val
  D:0006H         SYMBOL        ten
  D:0007H         SYMBOL        unit
  -------         ENDDO         
  C:5059H         LINE#         66
  C:5059H         LINE#         67
  C:5059H         LINE#         69
  C:505CH         LINE#         70
  C:5062H         LINE#         71
  C:5069H         LINE#         72
  C:506FH         LINE#         74
  -------         ENDPROC       _ASCIITOBCD
  -------         ENDMOD        UART1

  -------         MODULE        LCD_DRIVER_SPLC780D
  C:0000H         SYMBOL        _ICE_DUMMY_
  D:0092H         PUBLIC        P1M0
  D:0091H         PUBLIC        P1M1
  D:0080H         PUBLIC        P0
  D:0090H         PUBLIC        P1
  D:00A0H         PUBLIC        P2
  D:00B0H         PUBLIC        P3
  D:00C0H         PUBLIC        P4
  D:00C8H         PUBLIC        P5
  D:00E8H         PUBLIC        P6
  D:00F8H         PUBLIC        P7
  C:4AC8H         PUBLIC        _WriteData
  D:00A8H         PUBLIC        IE
  D:00B8H         PUBLIC        IP
  D:00D8H         PUBLIC        CCON
  B:00B0H.4       PUBLIC        LCD_D4
  B:00B0H.5       PUBLIC        LCD_D5
  B:00B0H.6       PUBLIC        LCD_D6
  C:5009H         PUBLIC        _DisplayLCD
  B:00B0H.7       PUBLIC        LCD_D7
  D:0098H         PUBLIC        SCON
  D:0088H         PUBLIC        TCON
  C:50C4H         PUBLIC        _abs
  C:516FH         PUBLIC        LCD_clear
  C:4DA9H         PUBLIC        _Command
  C:5086H         PUBLIC        _Display_Line
  C:4C78H         PUBLIC        LCD_Init
  C:4F6EH         PUBLIC        _Wait_ms
  B:00C0H.0       PUBLIC        LCD_RS
  B:00B0H.2       PUBLIC        LCD_RW
  C:5165H         PUBLIC        LCD_return_home
BL51 BANKED LINKER/LOCATER V6.22                                                      03/19/2019  12:29:15  PAGE 20


  C:3F92H         PUBLIC        _Display_Pos
  B:00B0H.3       PUBLIC        LCD_E
  D:00D0H         PUBLIC        PSW
  -------         PROC          LCD_INIT
  C:4C78H         LINE#         9
  C:4C78H         LINE#         10
  C:4C78H         LINE#         11
  C:4C7BH         LINE#         12
  C:4C7EH         LINE#         14
  C:4C84H         LINE#         15
  C:4C89H         LINE#         17
  C:4C90H         LINE#         18
  C:4C95H         LINE#         20
  C:4C98H         LINE#         21
  C:4C9DH         LINE#         23
  C:4CA0H         LINE#         24
  C:4CA5H         LINE#         26
  C:4CACH         LINE#         29
  C:4CB1H         LINE#         30
  C:4CB6H         LINE#         32
  C:4CBBH         LINE#         33
  C:4CC0H         LINE#         35
  C:4CC5H         LINE#         36
  C:4CCAH         LINE#         37
  -------         ENDPROC       LCD_INIT
  C:4AC4H         SYMBOL        L?0040
  -------         PROC          L?0039
  -------         ENDPROC       L?0039
  C:4AC4H         SYMBOL        L?0040
  -------         PROC          _WRITEDATA
  X:0476H         SYMBOL        dat
  C:4AC8H         LINE#         40
  C:4ACDH         LINE#         41
  C:4ACDH         LINE#         46
  C:4ACFH         LINE#         47
  C:4AD1H         LINE#         49
  C:4ADFH         LINE#         50
  C:4AEBH         LINE#         51
  C:4AF7H         LINE#         52
  C:4B01H         LINE#         53
  C:4B03H         LINE#         54
  C:4B0AH         LINE#         55
  C:4B0CH         LINE#         57
  C:4B1CH         LINE#         58
  C:4B27H         LINE#         59
  C:4B31H         LINE#         60
  C:4B35H         LINE#         62
  C:4B35H         LINE#         63
  C:4B38H         LINE#         64
  C:4B3AH         LINE#         65
  C:4B3CH         LINE#         67
  -------         ENDPROC       _WRITEDATA
  -------         PROC          _COMMAND
  D:0007H         SYMBOL        dat
  C:4DA9H         LINE#         69
  C:4DA9H         LINE#         70
  C:4DA9H         LINE#         71
BL51 BANKED LINKER/LOCATER V6.22                                                      03/19/2019  12:29:15  PAGE 21


  C:4DABH         LINE#         72
  C:4DADH         LINE#         74
  C:4DB7H         LINE#         75
  C:4DBBH         LINE#         77
  C:4DBDH         LINE#         78
  C:4DC6H         LINE#         79
  C:4DCAH         LINE#         81
  C:4DCCH         LINE#         82
  C:4DD3H         LINE#         83
  C:4DD7H         LINE#         85
  C:4DD9H         LINE#         86
  C:4DDDH         LINE#         87
  C:4DE1H         LINE#         89
  C:4DE3H         LINE#         90
  C:4DE3H         LINE#         91
  C:4DE6H         LINE#         92
  C:4DE8H         LINE#         93
  -------         ENDPROC       _COMMAND
  C:4F6AH         SYMBOL        L?0038
  -------         PROC          L?0037
  -------         ENDPROC       L?0037
  C:4F6AH         SYMBOL        L?0038
  -------         PROC          _WAIT_MS
  D:0006H         SYMBOL        ms
  -------         DO            
  D:0004H         SYMBOL        De_Cnt
  -------         ENDDO         
  C:4F6EH         LINE#         95
  C:4F6EH         LINE#         96
  C:4F6EH         LINE#         98
  C:4F78H         LINE#         99
  C:4F78H         LINE#         100
  C:4F8BH         LINE#         101
  C:4F8BH         LINE#         102
  -------         ENDPROC       _WAIT_MS
  -------         PROC          _DISPLAYLCD
  D:0007H         SYMBOL        BCD
  -------         DO            
  D:0006H         SYMBOL        first_digit
  X:03BBH         SYMBOL        second_digit
  -------         ENDDO         
  C:5009H         LINE#         103
  C:5009H         LINE#         104
  C:5009H         LINE#         106
  C:5010H         LINE#         107
  C:5019H         LINE#         109
  C:501EH         LINE#         111
  -------         ENDPROC       _DISPLAYLCD
  -------         PROC          LCD_RETURN_HOME
  C:5165H         LINE#         115
  C:5165H         LINE#         116
  C:5165H         LINE#         117
  C:516AH         LINE#         118
  -------         ENDPROC       LCD_RETURN_HOME
  -------         PROC          LCD_CLEAR
  C:516FH         LINE#         121
  C:516FH         LINE#         122
BL51 BANKED LINKER/LOCATER V6.22                                                      03/19/2019  12:29:15  PAGE 22


  C:516FH         LINE#         123
  C:5174H         LINE#         124
  -------         ENDPROC       LCD_CLEAR
  -------         PROC          _DISPLAY_LINE
  D:0006H         SYMBOL        line
  C:5086H         LINE#         128
  C:5086H         LINE#         129
  C:5086H         LINE#         130
  C:508CH         LINE#         131
  C:508CH         LINE#         132
  C:508EH         LINE#         133
  C:508EH         LINE#         134
  C:5090H         LINE#         136
  C:5090H         LINE#         137
  C:5095H         LINE#         138
  C:509AH         LINE#         139
  C:509AH         LINE#         140
  -------         ENDPROC       _DISPLAY_LINE
  -------         PROC          _DISPLAY_POS
  X:046CH         SYMBOL        sign_dat
  -------         DO            
  X:0470H         SYMBOL        unit
  X:0471H         SYMBOL        ten
  X:0472H         SYMBOL        hundred
  D:0003H         SYMBOL        thousand
  X:0473H         SYMBOL        after_dot
  X:0474H         SYMBOL        dat
  -------         ENDDO         
  C:3F92H         LINE#         142
  C:3F98H         LINE#         143
  C:3F98H         LINE#         147
  C:3FB4H         LINE#         148
  C:3FCEH         LINE#         149
  C:3FF2H         LINE#         151
  C:403CH         LINE#         153
  C:4053H         LINE#         154
  C:4060H         LINE#         155
  C:4082H         LINE#         156
  C:40B7H         LINE#         157
  C:40CFH         LINE#         158
  C:40CFH         LINE#         160
  C:40CFH         LINE#         161
  C:40CFH         LINE#         162
  C:40CFH         LINE#         163
  C:40CFH         LINE#         164
  C:40CFH         LINE#         168
  C:40D1H         LINE#         170
  C:40D1H         LINE#         172
  C:40D6H         LINE#         173
  C:40DCH         LINE#         174
  C:40E2H         LINE#         175
  C:40E8H         LINE#         176
  C:40EDH         LINE#         177
  C:40F3H         LINE#         181
  C:40F3H         LINE#         183
  -------         ENDPROC       _DISPLAY_POS
  -------         PROC          _ABS
BL51 BANKED LINKER/LOCATER V6.22                                                      03/19/2019  12:29:15  PAGE 23


  D:0006H         SYMBOL        dat
  C:50C4H         LINE#         185
  C:50C4H         LINE#         186
  C:50C4H         LINE#         187
  C:50CFH         LINE#         188
  C:50D0H         LINE#         190
  C:50D7H         LINE#         191
  -------         ENDPROC       _ABS
  -------         ENDMOD        LCD_DRIVER_SPLC780D

  -------         MODULE        KEYPAD
  C:0000H         SYMBOL        _ICE_DUMMY_
  D:0093H         PUBLIC        P0M1
  D:0080H         PUBLIC        P0
  D:0090H         PUBLIC        P1
  D:00A0H         PUBLIC        P2
  D:00B0H         PUBLIC        P3
  D:00C0H         PUBLIC        P4
  D:00C8H         PUBLIC        P5
  B:0020H.0       PUBLIC        calib_mode
  D:00E8H         PUBLIC        P6
  D:00F8H         PUBLIC        P7
  D:00A8H         PUBLIC        IE
  C:3AF4H         PUBLIC        Key_Scan
  D:00B8H         PUBLIC        IP
  D:00D8H         PUBLIC        CCON
  C:5159H         PUBLIC        KeyPad_IO_Init
  C:4FEBH         PUBLIC        _Delay_ms
  D:0098H         PUBLIC        SCON
  D:0088H         PUBLIC        TCON
  B:0020H.1       PUBLIC        small_move
  B:0020H.2       PUBLIC        move
  B:0020H.3       PUBLIC        direction
  B:0020H.4       PUBLIC        auto_move
  C:31EBH         PUBLIC        Key_Process
  D:00D0H         PUBLIC        PSW
  D:0094H         PUBLIC        P0M0
  -------         PROC          _DELAY_MS
  D:0006H         SYMBOL        ms
  -------         DO            
  D:0004H         SYMBOL        De_Cnt
  -------         ENDDO         
  C:4FEBH         LINE#         19
  C:4FEBH         LINE#         20
  C:4FEBH         LINE#         22
  C:4FF5H         LINE#         23
  C:4FF5H         LINE#         24
  C:5008H         LINE#         25
  C:5008H         LINE#         26
  -------         ENDPROC       _DELAY_MS
  -------         PROC          KEY_SCAN
  -------         DO            
  X:03C1H         SYMBOL        KeyTemp1
  X:03C2H         SYMBOL        KeyTemp2
  X:03C3H         SYMBOL        KeyValue
  -------         ENDDO         
  C:3AF4H         LINE#         27
BL51 BANKED LINKER/LOCATER V6.22                                                      03/19/2019  12:29:15  PAGE 24


  C:3AF4H         LINE#         28
  C:3AF4H         LINE#         33
  C:3AF7H         LINE#         36
  C:3AFAH         LINE#         38
  C:3B02H         LINE#         39
  C:3B09H         LINE#         40
  C:3B09H         LINE#         42
  C:3B0EH         LINE#         43
  C:3B15H         LINE#         44
  C:3B15H         LINE#         47
  C:3B18H         LINE#         48
  C:3B1BH         LINE#         49
  C:3B20H         LINE#         50
  C:3B24H         LINE#         51
  C:3B24H         LINE#         52
  C:3B2CH         LINE#         53
  C:3B2CH         LINE#         54
  C:3B2FH         LINE#         55
  C:3B37H         LINE#         56
  C:3B39H         LINE#         58
  C:3B4DH         LINE#         59
  C:3B4DH         LINE#         60
  C:3B4DH         LINE#         61
  C:3B4DH         LINE#         62
  C:3B53H         LINE#         64
  C:3B55H         LINE#         65
  C:3B55H         LINE#         66
  C:3B55H         LINE#         67
  C:3B5BH         LINE#         69
  C:3B5DH         LINE#         70
  C:3B5DH         LINE#         71
  C:3B5DH         LINE#         72
  C:3B63H         LINE#         74
  C:3B65H         LINE#         75
  C:3B65H         LINE#         76
  C:3B65H         LINE#         77
  C:3B6BH         LINE#         79
  C:3B6BH         LINE#         80
  C:3B6BH         LINE#         81
  C:3B6BH         LINE#         84
  C:3B6EH         LINE#         85
  C:3B71H         LINE#         86
  C:3B79H         LINE#         87
  C:3B7DH         LINE#         88
  C:3B7DH         LINE#         89
  C:3B85H         LINE#         90
  C:3B85H         LINE#         91
  C:3B88H         LINE#         92
  C:3B90H         LINE#         93
  C:3B92H         LINE#         94
  C:3BA6H         LINE#         95
  C:3BA6H         LINE#         96
  C:3BA6H         LINE#         97
  C:3BA6H         LINE#         98
  C:3BACH         LINE#         100
  C:3BAEH         LINE#         101
  C:3BAEH         LINE#         102
BL51 BANKED LINKER/LOCATER V6.22                                                      03/19/2019  12:29:15  PAGE 25


  C:3BAEH         LINE#         103
  C:3BB4H         LINE#         105
  C:3BB6H         LINE#         106
  C:3BB6H         LINE#         107
  C:3BB6H         LINE#         108
  C:3BBCH         LINE#         110
  C:3BBEH         LINE#         111
  C:3BBEH         LINE#         112
  C:3BBEH         LINE#         113
  C:3BC3H         LINE#         115
  C:3BC3H         LINE#         116
  C:3BC3H         LINE#         117
  C:3BC3H         LINE#         120
  C:3BC6H         LINE#         121
  C:3BC9H         LINE#         122
  C:3BD1H         LINE#         123
  C:3BD5H         LINE#         124
  C:3BD5H         LINE#         125
  C:3BDDH         LINE#         126
  C:3BDDH         LINE#         127
  C:3BE0H         LINE#         128
  C:3BE8H         LINE#         129
  C:3BEAH         LINE#         130
  C:3BFEH         LINE#         131
  C:3BFEH         LINE#         132
  C:3BFEH         LINE#         133
  C:3BFEH         LINE#         134
  C:3C04H         LINE#         136
  C:3C06H         LINE#         137
  C:3C06H         LINE#         138
  C:3C06H         LINE#         139
  C:3C0CH         LINE#         141
  C:3C0EH         LINE#         142
  C:3C0EH         LINE#         143
  C:3C0EH         LINE#         144
  C:3C14H         LINE#         146
  C:3C16H         LINE#         147
  C:3C16H         LINE#         148
  C:3C16H         LINE#         149
  C:3C1CH         LINE#         151
  C:3C1CH         LINE#         152
  C:3C1CH         LINE#         153
  C:3C1CH         LINE#         157
  C:3C1FH         LINE#         158
  C:3C22H         LINE#         159
  C:3C2AH         LINE#         160
  C:3C2EH         LINE#         161
  C:3C2EH         LINE#         162
  C:3C36H         LINE#         163
  C:3C36H         LINE#         164
  C:3C39H         LINE#         165
  C:3C41H         LINE#         166
  C:3C43H         LINE#         167
  C:3C57H         LINE#         168
  C:3C57H         LINE#         169
  C:3C57H         LINE#         170
  C:3C57H         LINE#         171
BL51 BANKED LINKER/LOCATER V6.22                                                      03/19/2019  12:29:15  PAGE 26


  C:3C5DH         LINE#         173
  C:3C5FH         LINE#         174
  C:3C5FH         LINE#         175
  C:3C5FH         LINE#         176
  C:3C65H         LINE#         178
  C:3C67H         LINE#         179
  C:3C67H         LINE#         180
  C:3C67H         LINE#         181
  C:3C6DH         LINE#         183
  C:3C6FH         LINE#         184
  C:3C6FH         LINE#         185
  C:3C6FH         LINE#         186
  C:3C75H         LINE#         188
  C:3C75H         LINE#         189
  C:3C75H         LINE#         190
  C:3C75H         LINE#         192
  C:3C7BH         LINE#         193
  C:3C7BH         LINE#         195
  C:3C7BH         LINE#         196
  C:3C7EH         LINE#         197
  C:3C7EH         LINE#         198
  C:3C7EH         LINE#         200
  C:3C7EH         LINE#         201
  C:3C80H         LINE#         202
  C:3C80H         LINE#         203
  -------         ENDPROC       KEY_SCAN
  -------         PROC          KEY_PROCESS
  -------         DO            
  X:0623H         SYMBOL        KeyCount
  X:0625H         SYMBOL        KeyNum_Old
  X:0626H         SYMBOL        KeyNum
  X:0627H         SYMBOL        PressedKey
  X:03BBH         SYMBOL        d
  D:0004H         SYMBOL        hours
  D:0006H         SYMBOL        mins
  X:03BDH         SYMBOL        months
  X:03BFH         SYMBOL        days
  -------         ENDDO         
  C:31EBH         LINE#         204
  C:31EBH         LINE#         205
  C:31EBH         LINE#         209
  C:31F3H         LINE#         210
  C:31FBH         LINE#         212
  C:31FEH         LINE#         213
  C:31FEH         LINE#         214
  C:3201H         LINE#         216
  C:3201H         LINE#         217
  C:320EH         LINE#         218
  C:320EH         LINE#         219
  C:3211H         LINE#         220
  C:3214H         LINE#         222
  C:3217H         LINE#         224
  C:3217H         LINE#         225
  C:3222H         LINE#         226
  C:3222H         LINE#         227
  C:3225H         LINE#         229
  C:3225H         LINE#         230
BL51 BANKED LINKER/LOCATER V6.22                                                      03/19/2019  12:29:15  PAGE 27


  C:322CH         LINE#         231
  C:322CH         LINE#         232
  C:322FH         LINE#         234
  C:322FH         LINE#         235
  C:3237H         LINE#         236
  C:3237H         LINE#         237
  C:3241H         LINE#         238
  C:3249H         LINE#         240
  C:3252H         LINE#         242
  C:3252H         LINE#         251
  C:3267H         LINE#         252
  C:3267H         LINE#         253
  C:3279H         LINE#         254
  C:3287H         LINE#         255
  C:3296H         LINE#         256
  C:3296H         LINE#         258
  C:329CH         LINE#         262
  C:32B2H         LINE#         263
  C:32C3H         LINE#         264
  C:32DEH         LINE#         265
  C:32DEH         LINE#         266
  C:32EEH         LINE#         267
  C:32FFH         LINE#         268
  C:32FFH         LINE#         272
  C:3318H         LINE#         273
  C:332FH         LINE#         274
  C:334FH         LINE#         275
  C:334FH         LINE#         276
  C:3359H         LINE#         277
  C:3359H         LINE#         278
  C:3362H         LINE#         279
  C:3362H         LINE#         280
  C:3376H         LINE#         281
  C:3376H         LINE#         282
  C:3376H         LINE#         283
  C:3376H         LINE#         284
  C:3376H         LINE#         285
  C:3378H         LINE#         287
  C:3378H         LINE#         288
  C:3384H         LINE#         289
  C:3384H         LINE#         290
  C:3395H         LINE#         291
  C:3395H         LINE#         292
  C:3395H         LINE#         293
  C:3395H         LINE#         294
  C:3395H         LINE#         296
  C:3397H         LINE#         298
  C:3397H         LINE#         299
  C:33A8H         LINE#         300
  C:33A8H         LINE#         301
  C:33A8H         LINE#         302
  C:33A8H         LINE#         303
  C:33A8H         LINE#         305
  C:33A8H         LINE#         307
  C:33A8H         LINE#         308
  C:33AAH         LINE#         310
  C:33AAH         LINE#         311
BL51 BANKED LINKER/LOCATER V6.22                                                      03/19/2019  12:29:15  PAGE 28


  C:33BDH         LINE#         312
  C:33BDH         LINE#         313
  C:33CEH         LINE#         314
  C:33CEH         LINE#         315
  C:33CEH         LINE#         316
  C:33CEH         LINE#         317
  C:33CEH         LINE#         318
  C:33D0H         LINE#         320
  C:33D0H         LINE#         321
  C:33E1H         LINE#         322
  C:33E1H         LINE#         323
  C:33F2H         LINE#         324
  C:3403H         LINE#         325
  C:3403H         LINE#         326
  C:3403H         LINE#         327
  C:3403H         LINE#         328
  C:3403H         LINE#         330
  C:341DH         LINE#         331
  C:341DH         LINE#         332
  C:3422H         LINE#         333
  C:3422H         LINE#         334
  C:3428H         LINE#         335
  C:3428H         LINE#         336
  C:342BH         LINE#         337
  C:3430H         LINE#         338
  C:3435H         LINE#         339
  C:343AH         LINE#         340
  C:343FH         LINE#         341
  C:3444H         LINE#         342
  C:3449H         LINE#         343
  C:344EH         LINE#         344
  C:344EH         LINE#         345
  C:344EH         LINE#         347
  C:3470H         LINE#         348
  C:3470H         LINE#         349
  C:347AH         LINE#         350
  C:347AH         LINE#         351
  C:347FH         LINE#         352
  C:3488H         LINE#         353
  C:349FH         LINE#         354
  C:349FH         LINE#         355
  C:34AFH         LINE#         357
  C:34AFH         LINE#         361
  -------         ENDPROC       KEY_PROCESS
  -------         PROC          KEYPAD_IO_INIT
  C:5159H         LINE#         364
  C:5159H         LINE#         365
  C:5159H         LINE#         366
  C:515CH         LINE#         367
  C:515FH         LINE#         368
  C:5162H         LINE#         369
  C:5164H         LINE#         370
  -------         ENDPROC       KEYPAD_IO_INIT
  -------         ENDMOD        KEYPAD

  -------         MODULE        BIPOLARMOTOR
  C:0000H         SYMBOL        _ICE_DUMMY_
BL51 BANKED LINKER/LOCATER V6.22                                                      03/19/2019  12:29:15  PAGE 29


  D:0080H         PUBLIC        P0
  D:0090H         PUBLIC        P1
  X:0000H         PUBLIC        RX_pos_test
  D:00A0H         PUBLIC        P2
  D:00B0H         PUBLIC        P3
  D:00C0H         PUBLIC        P4
  D:00C8H         PUBLIC        P5
  D:00E8H         PUBLIC        P6
  D:00F8H         PUBLIC        P7
  X:00A0H         PUBLIC        low_date_azimuth_mapping
  D:00A8H         PUBLIC        IE
  C:4526H         PUBLIC        linear_interpolate
  C:4F19H         PUBLIC        _Move
  D:00B8H         PUBLIC        IP
  C:37A3H         PUBLIC        _findDet3x3
  C:34B0H         PUBLIC        _findDet4x4
  D:00D8H         PUBLIC        CCON
  X:00C8H         PUBLIC        previous_move_time
  D:0098H         PUBLIC        SCON
  D:0088H         PUBLIC        TCON
  C:5189H         PUBLIC        wait
  C:4DE9H         PUBLIC        _Step_move
  X:00C9H         PUBLIC        dat
  C:0DB2H         PUBLIC        _Update_position
  C:4CD1H         PUBLIC        vOneStepMove
  X:00CFH         PUBLIC        elevation_stamp
  X:010BH         PUBLIC        date_azimuth_mapping
  X:0133H         PUBLIC        RX_pos
  C:5030H         PUBLIC        _BCDtoDec1
  X:038BH         PUBLIC        degree
  D:00D0H         PUBLIC        PSW
  -------         PROC          L?0062
  -------         ENDPROC       L?0062
  -------         PROC          _BCDTODEC1
  D:0007H         SYMBOL        bcd
  -------         DO            
  D:0006H         SYMBOL        hi
  D:0007H         SYMBOL        lo
  -------         ENDDO         
  C:5030H         LINE#         28
  C:5030H         LINE#         29
  C:5030H         LINE#         31
  C:5035H         LINE#         32
  C:5039H         LINE#         33
  C:5040H         LINE#         34
  -------         ENDPROC       _BCDTODEC1
  -------         PROC          WAIT
  C:5189H         LINE#         36
  C:5189H         LINE#         38
  -------         ENDPROC       WAIT
  -------         PROC          VONESTEPMOVE
  B:0020H.7       SYMBOL        bDir
  C:4CD1H         LINE#         40
  C:4CD1H         LINE#         41
  C:4CD1H         LINE#         43
  C:4CD7H         LINE#         44
  C:4CD7H         LINE#         45
BL51 BANKED LINKER/LOCATER V6.22                                                      03/19/2019  12:29:15  PAGE 30


  C:4CDAH         LINE#         46
  C:4CE3H         LINE#         47
  C:4CEAH         LINE#         48
  C:4CEFH         LINE#         49
  C:4CEFH         LINE#         50
  C:4CEFH         LINE#         52
  C:4CF1H         LINE#         55
  C:4CF1H         LINE#         56
  C:4CF4H         LINE#         57
  C:4CFDH         LINE#         58
  C:4D04H         LINE#         59
  C:4D0AH         LINE#         60
  C:4D13H         LINE#         61
  C:4D1AH         LINE#         62
  C:4D1AH         LINE#         66
  -------         ENDPROC       VONESTEPMOVE
  -------         PROC          _STEP_MOVE
  X:0482H         SYMBOL        step
  B:0020H.6       SYMBOL        dir
  -------         DO            
  X:0484H         SYMBOL        i
  -------         ENDDO         
  C:4DE9H         LINE#         68
  C:4DF1H         LINE#         69
  C:4DF1H         LINE#         71
  C:4DF6H         LINE#         74
  C:4E11H         LINE#         75
  C:4E11H         LINE#         76
  C:4E18H         LINE#         78
  C:4E28H         LINE#         80
  -------         ENDPROC       _STEP_MOVE
  -------         PROC          _MOVE
  X:047EH         SYMBOL        distance
  B:0020H.5       SYMBOL        direction
  -------         DO            
  D:0006H         SYMBOL        step
  -------         ENDDO         
  C:4F19H         LINE#         82
  C:4F1FH         LINE#         83
  C:4F1FH         LINE#         86
  C:4F3AH         LINE#         87
  -------         ENDPROC       _MOVE
  C:3784H         SYMBOL        L?0058
  C:3798H         SYMBOL        L?0059
  -------         PROC          L?0057
  -------         ENDPROC       L?0057
  C:3784H         SYMBOL        L?0058
  C:3798H         SYMBOL        L?0059
  -------         PROC          _FINDDET3X3
  X:05FFH         SYMBOL        a11
  X:0603H         SYMBOL        a12
  X:0607H         SYMBOL        a13
  X:060BH         SYMBOL        a21
  X:060FH         SYMBOL        a22
  X:0613H         SYMBOL        a23
  X:0617H         SYMBOL        a31
  X:061BH         SYMBOL        a32
BL51 BANKED LINKER/LOCATER V6.22                                                      03/19/2019  12:29:15  PAGE 31


  X:061FH         SYMBOL        a33
  C:37A3H         LINE#         91
  C:37A9H         LINE#         95
  C:37A9H         LINE#         96
  C:3940H         LINE#         98
  -------         ENDPROC       _FINDDET3X3
  -------         PROC          _FINDDET4X4
  X:05BFH         SYMBOL        a11
  X:05C3H         SYMBOL        a12
  X:05C7H         SYMBOL        a13
  X:05CBH         SYMBOL        a14
  X:05CFH         SYMBOL        a21
  X:05D3H         SYMBOL        a22
  X:05D7H         SYMBOL        a23
  X:05DBH         SYMBOL        a24
  X:05DFH         SYMBOL        a31
  X:05E3H         SYMBOL        a32
  X:05E7H         SYMBOL        a33
  X:05EBH         SYMBOL        a34
  X:05EFH         SYMBOL        a41
  X:05F3H         SYMBOL        a42
  X:05F7H         SYMBOL        a43
  X:05FBH         SYMBOL        a44
  C:34B0H         LINE#         99
  C:34B6H         LINE#         103
  C:34B6H         LINE#         110
  C:376FH         LINE#         114
  -------         ENDPROC       _FINDDET4X4
  C:4515H         SYMBOL        L?0061
  -------         PROC          L?0060
  -------         ENDPROC       L?0060
  C:4515H         SYMBOL        L?0061
  -------         PROC          LINEAR_INTERPOLATE
  X:047EH         SYMBOL        p1
  X:0486H         SYMBOL        p2
  X:048EH         SYMBOL        x
  -------         DO            
  D:0004H         SYMBOL        fx
  -------         ENDDO         
  C:4526H         LINE#         120
  C:4526H         LINE#         121
  C:4526H         LINE#         124
  C:45C5H         LINE#         126
  C:45C5H         LINE#         127
  -------         ENDPROC       LINEAR_INTERPOLATE
  -------         PROC          _UPDATE_POSITION
  D:0001H         SYMBOL        mnths
  D:0002H         SYMBOL        dys
  X:03E1H         SYMBOL        hurs
  X:03E2H         SYMBOL        mns
  X:03E3H         SYMBOL        sconds
  X:03E4H         SYMBOL        currnt_pos
  X:03E7H         SYMBOL        offset_calib
  -------         DO            
  X:03EBH         SYMBOL        date
  X:03EDH         SYMBOL        i
  X:03EFH         SYMBOL        yy
BL51 BANKED LINKER/LOCATER V6.22                                                      03/19/2019  12:29:15  PAGE 32


  X:03F1H         SYMBOL        desired_distance
  X:03F5H         SYMBOL        distance
  X:03F9H         SYMBOL        JP_pos
  X:03FDH         SYMBOL        pos_interpolate_azimuth
  X:0439H         SYMBOL        current_local_sun_time
  X:043DH         SYMBOL        azimuth
  X:0441H         SYMBOL        elevation
  X:0445H         SYMBOL        time_offset
  X:0449H         SYMBOL        UTC_time
  X:044DH         SYMBOL        declination
  X:0451H         SYMBOL        p1
  X:0459H         SYMBOL        p2
  X:0461H         SYMBOL        time
  X:0473H         SYMBOL        location
  X:047BH         SYMBOL        sunCoord
  -------         ENDDO         
  C:0DB2H         LINE#         131
  C:0DBBH         LINE#         134
  C:0DBBH         LINE#         135
  C:0DC6H         LINE#         137
  C:0DE2H         LINE#         138
  C:0DECH         LINE#         146
  C:0DF6H         LINE#         147
  C:0E00H         LINE#         148
  C:0E0AH         LINE#         149
  C:0E15H         LINE#         150
  C:0E20H         LINE#         151
  C:0E39H         LINE#         152
  C:0E4AH         LINE#         153
  C:0E59H         LINE#         156
  C:0E6DH         LINE#         160
  C:0EBFH         LINE#         161
  C:1023H         LINE#         162
  C:1073H         LINE#         164
  C:119BH         LINE#         166
  C:126AH         LINE#         173
  C:12B1H         LINE#         174
  C:12B1H         LINE#         176
  C:12CBH         LINE#         177
  C:12CBH         LINE#         178
  C:133BH         LINE#         179
  C:133BH         LINE#         180
  C:1342H         LINE#         181
  C:1342H         LINE#         182
  C:136FH         LINE#         183
  C:138AH         LINE#         185
  C:13D1H         LINE#         186
  C:1405H         LINE#         188
  C:144BH         LINE#         189
  C:146EH         LINE#         191
  C:146EH         LINE#         193
  C:14E4H         LINE#         194
  C:14E4H         LINE#         195
  C:14EBH         LINE#         196
  C:14EBH         LINE#         197
  C:1518H         LINE#         198
  C:1533H         LINE#         200
BL51 BANKED LINKER/LOCATER V6.22                                                      03/19/2019  12:29:15  PAGE 33


  C:157AH         LINE#         201
  C:15AEH         LINE#         203
  C:15F4H         LINE#         204
  C:1614H         LINE#         206
  C:1614H         LINE#         207
  C:1625H         LINE#         210
  C:163FH         LINE#         211
  C:163FH         LINE#         212
  C:16AFH         LINE#         213
  C:16AFH         LINE#         214
  C:16DCH         LINE#         215
  C:16F7H         LINE#         217
  C:1724H         LINE#         218
  C:173FH         LINE#         220
  C:1771H         LINE#         223
  C:1771H         LINE#         225
  C:1782H         LINE#         227
  C:17B1H         LINE#         229
  C:17D6H         LINE#         230
  C:183BH         LINE#         231
  C:183BH         LINE#         232
  C:1855H         LINE#         233
  C:1867H         LINE#         234
  C:187FH         LINE#         235
  C:1895H         LINE#         237
  C:18B1H         LINE#         238
  C:18B1H         LINE#         239
  C:18B1H         LINE#         242
  -------         ENDPROC       _UPDATE_POSITION
  -------         ENDMOD        BIPOLARMOTOR

  -------         MODULE        SUNPOS
  C:0000H         SYMBOL        _ICE_DUMMY_
  C:2268H         PUBLIC        sunpos
  -------         PROC          SUNPOS
  X:047EH         SYMBOL        udtTime
  X:0490H         SYMBOL        udtLocation
  X:0498H         SYMBOL        udtSunCoordinates
  -------         DO            
  X:049BH         SYMBOL        dElapsedJulianDays
  X:049FH         SYMBOL        dDecimalHours
  X:04A3H         SYMBOL        dEclipticLongitude
  X:04A7H         SYMBOL        dEclipticObliquity
  X:04ABH         SYMBOL        dRightAscension
  X:04AFH         SYMBOL        dDeclination
  X:04B3H         SYMBOL        dY
  X:04B7H         SYMBOL        dX
  -------         DO            
  X:04BBH         SYMBOL        dJulianDate
  X:04BFH         SYMBOL        liAux1
  X:04C3H         SYMBOL        liAux2
  X:04BBH         SYMBOL        dMeanLongitude
  X:04BFH         SYMBOL        dMeanAnomaly
  X:04C3H         SYMBOL        dOmega
  X:04BBH         SYMBOL        dSin_EclipticLongitude
  X:04BBH         SYMBOL        dGreenwichMeanSiderealTime
  X:04BFH         SYMBOL        dLocalMeanSiderealTime
BL51 BANKED LINKER/LOCATER V6.22                                                      03/19/2019  12:29:15  PAGE 34


  X:04C3H         SYMBOL        dLatitudeInRadians
  X:04C7H         SYMBOL        dHourAngle
  X:04CBH         SYMBOL        dCos_Latitude
  X:04CFH         SYMBOL        dSin_Latitude
  X:04D3H         SYMBOL        dCos_HourAngle
  X:04D7H         SYMBOL        dParallax
  -------         ENDDO         
  -------         DO            
  X:04BBH         SYMBOL        dMeanLongitude
  X:04BFH         SYMBOL        dMeanAnomaly
  X:04C3H         SYMBOL        dOmega
  X:04BBH         SYMBOL        dSin_EclipticLongitude
  X:04BBH         SYMBOL        dGreenwichMeanSiderealTime
  X:04BFH         SYMBOL        dLocalMeanSiderealTime
  X:04C3H         SYMBOL        dLatitudeInRadians
  X:04C7H         SYMBOL        dHourAngle
  X:04CBH         SYMBOL        dCos_Latitude
  X:04CFH         SYMBOL        dSin_Latitude
  X:04D3H         SYMBOL        dCos_HourAngle
  X:04D7H         SYMBOL        dParallax
  -------         ENDDO         
  -------         DO            
  X:04BBH         SYMBOL        dSin_EclipticLongitude
  X:04BBH         SYMBOL        dGreenwichMeanSiderealTime
  X:04BFH         SYMBOL        dLocalMeanSiderealTime
  X:04C3H         SYMBOL        dLatitudeInRadians
  X:04C7H         SYMBOL        dHourAngle
  X:04CBH         SYMBOL        dCos_Latitude
  X:04CFH         SYMBOL        dSin_Latitude
  X:04D3H         SYMBOL        dCos_HourAngle
  X:04D7H         SYMBOL        dParallax
  -------         ENDDO         
  -------         DO            
  X:04BBH         SYMBOL        dGreenwichMeanSiderealTime
  X:04BFH         SYMBOL        dLocalMeanSiderealTime
  X:04C3H         SYMBOL        dLatitudeInRadians
  X:04C7H         SYMBOL        dHourAngle
  X:04CBH         SYMBOL        dCos_Latitude
  X:04CFH         SYMBOL        dSin_Latitude
  X:04D3H         SYMBOL        dCos_HourAngle
  X:04D7H         SYMBOL        dParallax
  -------         ENDDO         
  -------         ENDDO         
  C:2268H         LINE#         6
  C:2268H         LINE#         7
[...]
  C:441BH         LINE#         153
  C:441DH         LINE#         154
  C:4420H         LINE#         155
  C:4427H         LINE#         157
  -------         ENDPROC       _AT25SF041_WRITE
  -------         PROC          _AT25SF041_READ
  D:0003H         SYMBOL        opcode
  X:062DH         SYMBOL        addr
  -------         DO            
  X:0631H         SYMBOL        dat
  X:0632H         SYMBOL        i
  -------         ENDDO         
  C:4216H         LINE#         159
  C:4218H         LINE#         160
  C:4218H         LINE#         161
  C:421DH         LINE#         163
  C:421FH         LINE#         164
  C:4225H         LINE#         168
  C:422AH         LINE#         169
  C:422AH         LINE#         170
  C:422CH         LINE#         171
  C:422FH         LINE#         172
  C:4233H         LINE#         173
  C:4233H         LINE#         174
  C:4235H         LINE#         175
  C:4237H         LINE#         177
  C:4237H         LINE#         178
  C:4239H         LINE#         180
  C:4239H         LINE#         181
  C:4239H         LINE#         182
  C:4239H         LINE#         183
  C:423CH         LINE#         184
  C:4240H         LINE#         187
  C:425FH         LINE#         189
  C:4266H         LINE#         190
BL51 BANKED LINKER/LOCATER V6.22                                                      03/19/2019  12:29:15  PAGE 47


  C:4266H         LINE#         191
  C:4268H         LINE#         192
  C:426BH         LINE#         193
  C:4287H         LINE#         194
  C:4287H         LINE#         195
  C:4289H         LINE#         196
  C:428BH         LINE#         198
  C:428BH         LINE#         199
  C:428DH         LINE#         201
  C:428DH         LINE#         202
  C:428DH         LINE#         203
  C:428DH         LINE#         204
  C:4290H         LINE#         205
  C:42A9H         LINE#         207
  C:42C8H         LINE#         210
  C:42CFH         LINE#         212
  C:42D1H         LINE#         213
  C:42D8H         LINE#         215
  C:42DFH         LINE#         216
  C:42DFH         LINE#         217
  C:42E6H         LINE#         218
  C:42E6H         LINE#         219
  C:42E9H         LINE#         220
  C:42EBH         LINE#         221
  C:42EEH         LINE#         223
  C:42F1H         LINE#         224
  C:42F1H         LINE#         226
  C:42F5H         LINE#         227
  C:42F5H         LINE#         233
  C:4314H         LINE#         236
  C:4316H         LINE#         237
  C:4319H         LINE#         238
  C:4320H         LINE#         240
  C:4325H         LINE#         242
  -------         ENDPROC       _AT25SF041_READ
  -------         PROC          UCREAD_STATUS_REGISTER_BYTE1
  -------         DO            
  D:0003H         SYMBOL        dat
  D:0001H         SYMBOL        opcode
  X:0474H         SYMBOL        count
  X:0475H         SYMBOL        i
  -------         ENDDO         
  C:47DAH         LINE#         246
  C:47DAH         LINE#         247
  C:47DAH         LINE#         248
  C:47E0H         LINE#         249
  C:47E4H         LINE#         250
  C:47E6H         LINE#         251
  C:47E8H         LINE#         252
  C:47EEH         LINE#         256
  C:47F5H         LINE#         257
  C:47F5H         LINE#         258
  C:47F7H         LINE#         259
  C:47FAH         LINE#         260
  C:47FEH         LINE#         261
  C:47FEH         LINE#         262
  C:4800H         LINE#         263
BL51 BANKED LINKER/LOCATER V6.22                                                      03/19/2019  12:29:15  PAGE 48


  C:4802H         LINE#         265
  C:4802H         LINE#         266
  C:4804H         LINE#         268
  C:4804H         LINE#         269
  C:4804H         LINE#         270
  C:4804H         LINE#         271
  C:4807H         LINE#         272
  C:480BH         LINE#         275
  C:482AH         LINE#         279
  C:4831H         LINE#         281
  C:4833H         LINE#         282
  C:483AH         LINE#         283
  C:4841H         LINE#         284
  C:4841H         LINE#         285
  C:4845H         LINE#         286
  C:4845H         LINE#         287
  C:4848H         LINE#         288
  C:484AH         LINE#         289
  C:484DH         LINE#         291
  C:4850H         LINE#         292
  C:4850H         LINE#         294
  C:4854H         LINE#         295
  C:4854H         LINE#         297
  C:4873H         LINE#         301
  C:4875H         LINE#         302
  C:4878H         LINE#         303
  C:487AH         LINE#         304
  -------         ENDPROC       UCREAD_STATUS_REGISTER_BYTE1
  -------         PROC          SPI_NOR_WRITE_DATA
  X:03BBH         SYMBOL        dat
  X:03C6H         SYMBOL        addr
  C:3C81H         LINE#         306
  C:3C81H         LINE#         307
  C:3C81H         LINE#         309
  C:3C84H         LINE#         311
  C:3C9EH         LINE#         312
  C:3CBCH         LINE#         314
  C:3CC3H         LINE#         315
  C:3CC6H         LINE#         317
  C:3CE0H         LINE#         318
  C:3CE0H         LINE#         319
  C:3CE0H         LINE#         322
  C:3CE3H         LINE#         324
  C:3CFDH         LINE#         325
  C:3CFDH         LINE#         326
  C:3CFDH         LINE#         328
  C:3D00H         LINE#         330
  C:3D1AH         LINE#         331
  C:3D1AH         LINE#         332
  C:3D1AH         LINE#         334
  C:3D1DH         LINE#         336
  C:3D37H         LINE#         337
  C:3D37H         LINE#         338
  C:3D37H         LINE#         340
  C:3D3AH         LINE#         342
  C:3D54H         LINE#         343
  C:3D54H         LINE#         344
BL51 BANKED LINKER/LOCATER V6.22                                                      03/19/2019  12:29:15  PAGE 49


  C:3D54H         LINE#         346
  C:3D57H         LINE#         348
  C:3D71H         LINE#         349
  C:3D71H         LINE#         350
  C:3D71H         LINE#         352
  C:3D74H         LINE#         354
  C:3D8EH         LINE#         355
  C:3D8EH         LINE#         356
  C:3D8EH         LINE#         358
  C:3D91H         LINE#         360
  C:3DABH         LINE#         361
  C:3DABH         LINE#         362
  C:3DABH         LINE#         364
  C:3DAEH         LINE#         366
  C:3DC8H         LINE#         367
  C:3DC8H         LINE#         368
  C:3DC8H         LINE#         370
  C:3DCBH         LINE#         372
  C:3DE5H         LINE#         373
  C:3DECH         LINE#         374
  -------         ENDPROC       SPI_NOR_WRITE_DATA
  -------         ENDMOD        AT25SF041

  -------         MODULE        ?C_STARTUP
  C:49B4H         SEGMENT       ?C_C51STARTUP
  I:0022H         SEGMENT       ?STACK
  C:0000H         PUBLIC        ?C_STARTUP
  D:00E0H         SYMBOL        ACC
  D:00F0H         SYMBOL        B
  D:0083H         SYMBOL        DPH
  D:0082H         SYMBOL        DPL
  N:0000H         SYMBOL        IBPSTACK
  N:0100H         SYMBOL        IBPSTACKTOP
  N:0080H         SYMBOL        IDATALEN
  C:49B7H         SYMBOL        IDATALOOP
  N:0000H         SYMBOL        PBPSTACK
  N:0100H         SYMBOL        PBPSTACKTOP
  N:0000H         SYMBOL        PDATALEN
  N:0000H         SYMBOL        PDATASTART
  N:0000H         SYMBOL        PPAGE
  N:0000H         SYMBOL        PPAGEENABLE
  D:00A0H         SYMBOL        PPAGE_SFR
  D:0081H         SYMBOL        SP
  C:49B4H         SYMBOL        STARTUP1
  N:0000H         SYMBOL        XBPSTACK
  N:0000H         SYMBOL        XBPSTACKTOP
  N:0000H         SYMBOL        XDATALEN
  N:0000H         SYMBOL        XDATASTART
  C:0000H         LINE#         126
  C:49B4H         LINE#         133
  C:49B6H         LINE#         134
  C:49B7H         LINE#         135
  C:49B8H         LINE#         136
  C:49BAH         LINE#         185
  C:49BDH         LINE#         196
  -------         ENDMOD        ?C_STARTUP

BL51 BANKED LINKER/LOCATER V6.22                                                      03/19/2019  12:29:15  PAGE 50


  -------         MODULE        ?C?FPADD
  C:18B9H         PUBLIC        ?C?FPADD
  C:18B5H         PUBLIC        ?C?FPSUB
  -------         ENDMOD        ?C?FPADD

  -------         MODULE        ?C?FPMUL
  C:19AAH         PUBLIC        ?C?FPMUL
  -------         ENDMOD        ?C?FPMUL

  -------         MODULE        ?C?FPDIV
  C:1AB3H         PUBLIC        ?C?FPDIV
  -------         ENDMOD        ?C?FPDIV

  -------         MODULE        ?C?FPCMP
  C:1B52H         PUBLIC        ?C?FPCMP
  C:1B50H         PUBLIC        ?C?FPCMP3
  -------         ENDMOD        ?C?FPCMP

  -------         MODULE        ?C?FPNEG
  C:1BC9H         PUBLIC        ?C?FPNEG
  -------         ENDMOD        ?C?FPNEG

  -------         MODULE        ?C?FCAST
  C:1BE4H         PUBLIC        ?C?FCASTC
  C:1BDFH         PUBLIC        ?C?FCASTI
  C:1BDAH         PUBLIC        ?C?FCASTL
  -------         ENDMOD        ?C?FCAST

  -------         MODULE        ?C?CASTF
  C:1C18H         PUBLIC        ?C?CASTF
  -------         ENDMOD        ?C?CASTF

  -------         MODULE        ATAN2
  X:04DBH         PUBLIC        ?_atan2?BYTE
  C:487BH         PUBLIC        _atan2
  -------         ENDMOD        ATAN2

  -------         MODULE        SIN
  C:3E52H         PUBLIC        _COS
  C:3E68H         PUBLIC        _SIN
  C:3EA4H         PUBLIC        _TAN
  -------         ENDMOD        SIN

  -------         MODULE        ACOS
  C:4D1BH         PUBLIC        _ACOS
  -------         ENDMOD        ACOS

  -------         MODULE        ASIN
  C:4E29H         PUBLIC        _ASIN
  -------         ENDMOD        ASIN

  -------         MODULE        SQRT
  C:4732H         PUBLIC        _SQRT
  -------         ENDMOD        SQRT

  -------         MODULE        ATAN
  C:4114H         PUBLIC        _ATAN
BL51 BANKED LINKER/LOCATER V6.22                                                      03/19/2019  12:29:15  PAGE 51


  -------         ENDMOD        ATAN

  -------         MODULE        ?C?COPY
  C:1DB6H         PUBLIC        ?C?COPY
  -------         ENDMOD        ?C?COPY

  -------         MODULE        ?C?CLDPTR
  C:1DDCH         PUBLIC        ?C?CLDPTR
  -------         ENDMOD        ?C?CLDPTR

  -------         MODULE        ?C?CLDOPTR
  C:1DF5H         PUBLIC        ?C?CLDOPTR
  -------         ENDMOD        ?C?CLDOPTR

  -------         MODULE        ?C?CSTPTR
  C:1E22H         PUBLIC        ?C?CSTPTR
  -------         ENDMOD        ?C?CSTPTR

  -------         MODULE        ?C?IMUL
  C:1E34H         PUBLIC        ?C?IMUL
  -------         ENDMOD        ?C?IMUL

  -------         MODULE        ?C?UIDIV
  C:1E46H         PUBLIC        ?C?UIDIV
  -------         ENDMOD        ?C?UIDIV

  -------         MODULE        ?C?SIDIV
  C:1E9BH         PUBLIC        ?C?SIDIV
  -------         ENDMOD        ?C?SIDIV

  -------         MODULE        ?C?ILDIX
  C:1ED1H         PUBLIC        ?C?ILDIX
  -------         ENDMOD        ?C?ILDIX

  -------         MODULE        ?C?ILDOPTR
  C:1EE7H         PUBLIC        ?C?ILDOPTR
  -------         ENDMOD        ?C?ILDOPTR

  -------         MODULE        ?C?ISTPTR
  C:1F1FH         PUBLIC        ?C?ISTPTR
  -------         ENDMOD        ?C?ISTPTR

  -------         MODULE        ?C?LMUL
  C:1F3EH         PUBLIC        ?C?LMUL
  -------         ENDMOD        ?C?LMUL

  -------         MODULE        ?C?SLDIV
  C:4D65H         PUBLIC        ?C?SLDIV
  -------         ENDMOD        ?C?SLDIV

  -------         MODULE        ?C?LNEG
  C:1F8DH         PUBLIC        ?C?LNEG
  -------         ENDMOD        ?C?LNEG

  -------         MODULE        ?C?ULCMP
  C:1F9BH         PUBLIC        ?C?ULCMP
  -------         ENDMOD        ?C?ULCMP
BL51 BANKED LINKER/LOCATER V6.22                                                      03/19/2019  12:29:15  PAGE 52



  -------         MODULE        ?C?LSHL
  C:1FACH         PUBLIC        ?C?LSHL
  -------         ENDMOD        ?C?LSHL

  -------         MODULE        ?C?LLDPTR
  C:1FBFH         PUBLIC        ?C?LLDPTR
  -------         ENDMOD        ?C?LLDPTR

  -------         MODULE        ?C?LLDOPTR
  C:1FDFH         PUBLIC        ?C?LLDOPTR
  -------         ENDMOD        ?C?LLDOPTR

  -------         MODULE        ?C?LSTPTR
  C:200FH         PUBLIC        ?C?LSTPTR
  -------         ENDMOD        ?C?LSTPTR

  -------         MODULE        ?C?LSTOPTR
  C:2029H         PUBLIC        ?C?LSTOPTR
  -------         ENDMOD        ?C?LSTOPTR

  -------         MODULE        ?C?LLDXDATA
  C:204DH         PUBLIC        ?C?LLDXDATA
  -------         ENDMOD        ?C?LLDXDATA

  -------         MODULE        ?C?LLDCODE
  C:2059H         PUBLIC        ?C?LLDCODE
  -------         ENDMOD        ?C?LLDCODE

  -------         MODULE        ?C?LLDXDATA0
  C:2069H         PUBLIC        ?C?LLDXDATA0
  -------         ENDMOD        ?C?LLDXDATA0

  -------         MODULE        ?C?LLDCODE0
  C:2075H         PUBLIC        ?C?LLDCODE0
  -------         ENDMOD        ?C?LLDCODE0

  -------         MODULE        ?C?LLDPTR0
  C:2085H         PUBLIC        ?C?LLDPTR0
  -------         ENDMOD        ?C?LLDPTR0

  -------         MODULE        ?C?LSTXDATA
  C:20A5H         PUBLIC        ?C?LSTXDATA
  -------         ENDMOD        ?C?LSTXDATA

  -------         MODULE        ?C?LSTKXDATA
  C:20B1H         PUBLIC        ?C?LSTKXDATA
  -------         ENDMOD        ?C?LSTKXDATA

  -------         MODULE        ?C?LSTKPTR
  C:20E2H         PUBLIC        ?C?LSTKPTR
  -------         ENDMOD        ?C?LSTKPTR

  -------         MODULE        ?C?OFFXADD
  C:20FCH         PUBLIC        ?C?OFFXADD
  -------         ENDMOD        ?C?OFFXADD

BL51 BANKED LINKER/LOCATER V6.22                                                      03/19/2019  12:29:15  PAGE 53


  -------         MODULE        ATOI
  C:4428H         PUBLIC        _atoi
  -------         ENDMOD        ATOI

  -------         MODULE        ?C?IILDX
  C:2108H         PUBLIC        ?C?IILDX
  -------         ENDMOD        ?C?IILDX

  -------         MODULE        ?C?ULDIV
  C:215AH         PUBLIC        ?C?ULDIV
  -------         ENDMOD        ?C?ULDIV

  -------         MODULE        ?C?LLDIDATA
  C:21ECH         PUBLIC        ?C?LLDIDATA
  -------         ENDMOD        ?C?LLDIDATA

  -------         MODULE        ?C?LLDPDATA
  C:21F8H         PUBLIC        ?C?LLDPDATA
  -------         ENDMOD        ?C?LLDPDATA

  -------         MODULE        ?C?LLDIDATA0
  C:2204H         PUBLIC        ?C?LLDIDATA0
  -------         ENDMOD        ?C?LLDIDATA0

  -------         MODULE        ?C?LLDPDATA0
  C:2211H         PUBLIC        ?C?LLDPDATA0
  -------         ENDMOD        ?C?LLDPDATA0

  -------         MODULE        ?C?LSTIDATA
  C:221EH         PUBLIC        ?C?LSTIDATA
  -------         ENDMOD        ?C?LSTIDATA

  -------         MODULE        ?C?LSTPDATA
  C:222AH         PUBLIC        ?C?LSTPDATA
  -------         ENDMOD        ?C?LSTPDATA

  -------         MODULE        ?C?LSTKIDATA
  C:2236H         PUBLIC        ?C?LSTKIDATA
  -------         ENDMOD        ?C?LSTKIDATA

  -------         MODULE        ?C?LSTKPDATA
  C:224FH         PUBLIC        ?C?LSTKPDATA
  -------         ENDMOD        ?C?LSTKPDATA

  -------         MODULE        ISDIGIT
  C:513DH         PUBLIC        _isdigit
  -------         ENDMOD        ISDIGIT

  -------         MODULE        ISSPACE
  C:50D8H         PUBLIC        _isspace
  -------         ENDMOD        ISSPACE

*** WARNING L16: UNCALLED SEGMENT, IGNORED FOR OVERLAY PROCESS
    SEGMENT: ?PR?_DAY_OF_YEAR?PCF85063BTL

*** WARNING L16: UNCALLED SEGMENT, IGNORED FOR OVERLAY PROCESS
    SEGMENT: ?PR?INITUART1?UART1
BL51 BANKED LINKER/LOCATER V6.22                                                      03/19/2019  12:29:15  PAGE 54



*** WARNING L16: UNCALLED SEGMENT, IGNORED FOR OVERLAY PROCESS
    SEGMENT: ?PR?_SENDSTRING?UART1

*** WARNING L16: UNCALLED SEGMENT, IGNORED FOR OVERLAY PROCESS
    SEGMENT: ?PR?_TEN?UART1

*** WARNING L16: UNCALLED SEGMENT, IGNORED FOR OVERLAY PROCESS
    SEGMENT: ?PR?_UNIT?UART1

*** WARNING L16: UNCALLED SEGMENT, IGNORED FOR OVERLAY PROCESS
    SEGMENT: ?PR?_DECTOBCD?UART1

*** WARNING L16: UNCALLED SEGMENT, IGNORED FOR OVERLAY PROCESS
    SEGMENT: ?PR?_ASCII_LETTER?UART1

*** WARNING L16: UNCALLED SEGMENT, IGNORED FOR OVERLAY PROCESS
    SEGMENT: ?PR?_ASCIITOBCD?UART1

*** WARNING L16: UNCALLED SEGMENT, IGNORED FOR OVERLAY PROCESS
    SEGMENT: ?PR?WAIT?BIPOLARMOTOR

*** WARNING L16: UNCALLED SEGMENT, IGNORED FOR OVERLAY PROCESS
    SEGMENT: ?PR?_FINDDET4X4?BIPOLARMOTOR

*** WARNING L16: UNCALLED SEGMENT, IGNORED FOR OVERLAY PROCESS
    SEGMENT: ?PR?NOP?IOEXPANDER_PI4IOE5V96248

*** WARNING L16: UNCALLED SEGMENT, IGNORED FOR OVERLAY PROCESS
    SEGMENT: ?PR?UC_ACK?IOEXPANDER_PI4IOE5V96248

*** WARNING L16: UNCALLED SEGMENT, IGNORED FOR OVERLAY PROCESS
    SEGMENT: ?PR?UC_NACK?IOEXPANDER_PI4IOE5V96248

*** WARNING L16: UNCALLED SEGMENT, IGNORED FOR OVERLAY PROCESS
    SEGMENT: ?PR?_AT25SF041_READ?AT25SF041

*** WARNING L1: UNRESOLVED EXTERNAL SYMBOL
    SYMBOL:  AUTO_MODE
    MODULE:  .\Obj\main.obj (MAIN)

*** WARNING L1: UNRESOLVED EXTERNAL SYMBOL
    SYMBOL:  SPI_NOR_CLEARENABLE
    MODULE:  .\Obj\main.obj (MAIN)

*** WARNING L2: REFERENCE MADE TO UNRESOLVED EXTERNAL
    SYMBOL:  AUTO_MODE
    MODULE:  .\Obj\main.obj (MAIN)
    ADDRESS: 003BH

*** WARNING L2: REFERENCE MADE TO UNRESOLVED EXTERNAL
    SYMBOL:  SPI_NOR_CLEARENABLE
    MODULE:  .\Obj\main.obj (MAIN)
    ADDRESS: 0041H

*** WARNING L2: REFERENCE MADE TO UNRESOLVED EXTERNAL
    SYMBOL:  AUTO_MODE
BL51 BANKED LINKER/LOCATER V6.22                                                      03/19/2019  12:29:15  PAGE 55


    MODULE:  .\Obj\main.obj (MAIN)
    ADDRESS: 01B4H

*** WARNING L2: REFERENCE MADE TO UNRESOLVED EXTERNAL
    SYMBOL:  AUTO_MODE
    MODULE:  .\Obj\main.obj (MAIN)
    ADDRESS: 01C2H

*** WARNING L2: REFERENCE MADE TO UNRESOLVED EXTERNAL
    SYMBOL:  AUTO_MODE
    MODULE:  .\Obj\main.obj (MAIN)
    ADDRESS: 01D4H

*** WARNING L2: REFERENCE MADE TO UNRESOLVED EXTERNAL
    SYMBOL:  AUTO_MODE
    MODULE:  .\Obj\main.obj (MAIN)
    ADDRESS: 0216H

*** WARNING L2: REFERENCE MADE TO UNRESOLVED EXTERNAL
    SYMBOL:  AUTO_MODE
    MODULE:  .\Obj\main.obj (MAIN)
    ADDRESS: 02E9H

*** WARNING L2: REFERENCE MADE TO UNRESOLVED EXTERNAL
    SYMBOL:  SPI_NOR_CLEARENABLE
    MODULE:  .\Obj\main.obj (MAIN)
    ADDRESS: 0D1DH

*** WARNING L2: REFERENCE MADE TO UNRESOLVED EXTERNAL
    SYMBOL:  SPI_NOR_CLEARENABLE
    MODULE:  .\Obj\main.obj (MAIN)
    ADDRESS: 0D86H

*** WARNING L1: UNRESOLVED EXTERNAL SYMBOL
    SYMBOL:  _SENDUART1
    MODULE:  .\Obj\UART1.obj (UART1)

*** WARNING L2: REFERENCE MADE TO UNRESOLVED EXTERNAL
    SYMBOL:  _SENDUART1
    MODULE:  .\Obj\UART1.obj (UART1)
    ADDRESS: 4E92H

*** WARNING L1: UNRESOLVED EXTERNAL SYMBOL
    SYMBOL:  AUTO_MODE
    MODULE:  .\Obj\KeyPad.obj (KEYPAD)

*** WARNING L1: UNRESOLVED EXTERNAL SYMBOL
    SYMBOL:  SPI_NOR_CLEARENABLE
    MODULE:  .\Obj\KeyPad.obj (KEYPAD)

*** WARNING L2: REFERENCE MADE TO UNRESOLVED EXTERNAL
    SYMBOL:  AUTO_MODE
    MODULE:  .\Obj\KeyPad.obj (KEYPAD)
    ADDRESS: 3238H

*** WARNING L2: REFERENCE MADE TO UNRESOLVED EXTERNAL
    SYMBOL:  AUTO_MODE
BL51 BANKED LINKER/LOCATER V6.22                                                      03/19/2019  12:29:15  PAGE 56


    MODULE:  .\Obj\KeyPad.obj (KEYPAD)
    ADDRESS: 3243H

*** WARNING L2: REFERENCE MADE TO UNRESOLVED EXTERNAL
    SYMBOL:  AUTO_MODE
    MODULE:  .\Obj\KeyPad.obj (KEYPAD)
    ADDRESS: 324AH

*** WARNING L2: REFERENCE MADE TO UNRESOLVED EXTERNAL
    SYMBOL:  SPI_NOR_CLEARENABLE
    MODULE:  .\Obj\KeyPad.obj (KEYPAD)
    ADDRESS: 341EH

*** WARNING L2: REFERENCE MADE TO UNRESOLVED EXTERNAL
    SYMBOL:  SPI_NOR_CLEARENABLE
    MODULE:  .\Obj\KeyPad.obj (KEYPAD)
    ADDRESS: 3423H

Program Size: data=10.2 xdata=1598 code=20875
LINK/LOCATE RUN COMPLETE.  34 WARNING(S),  0 ERROR(S)
