BL51 BANKED LINKER/LOCATER V6.22                                                        07/31/2019  17:49:06  PAGE 1


BL51 BANKED LINKER/LOCATER V6.22, INVOKED BY:
C:\KEIL_V5\C51\BIN\BL51.EXE .\Obj\main.obj, .\Obj\PCF85063BTL.obj, .\Obj\LCd_Driver_SPLC780D.obj, .\Obj\KeyPad.obj, .\Ob
>> j\BipolarMotor.obj, .\Obj\SunPos.obj, .\Obj\ADC.obj, .\Obj\Calibration.obj, .\Obj\IOExpander_PI4IOE5V96248.obj, .\Obj
>> \AT25SF041.obj, .\Obj\SI1120.obj, .\Obj\UART1.obj, .\Obj\STARTUP.obj TO .\Obj\GPIO_RTC_Test PRINT (.\Lis\GPIO_RTC_Tes
>> t.m51) RAMSIZE (256)


MEMORY MODEL: LARGE WITH FLOATING POINT ARITHMETIC


INPUT MODULES INCLUDED:
  .\Obj\main.obj (MAIN)
  .\Obj\PCF85063BTL.obj (PCF85063BTL)
  .\Obj\LCd_Driver_SPLC780D.obj (LCD_DRIVER_SPLC780D)
  .\Obj\KeyPad.obj (KEYPAD)
  .\Obj\BipolarMotor.obj (BIPOLARMOTOR)
  .\Obj\SunPos.obj (SUNPOS)
  .\Obj\ADC.obj (ADC)
  .\Obj\Calibration.obj (CALIBRATION)
  .\Obj\IOExpander_PI4IOE5V96248.obj (IOEXPANDER_PI4IOE5V96248)
  .\Obj\AT25SF041.obj (AT25SF041)
  .\Obj\SI1120.obj (SI1120)
  .\Obj\UART1.obj (UART1)
  .\Obj\STARTUP.obj (?C_STARTUP)
  C:\KEIL_V5\C51\LIB\C51FPL.LIB (?C?FPADD)
  C:\KEIL_V5\C51\LIB\C51FPL.LIB (?C?FPMUL)
  C:\KEIL_V5\C51\LIB\C51FPL.LIB (?C?FPDIV)
  C:\KEIL_V5\C51\LIB\C51FPL.LIB (?C?FPCMP)
  C:\KEIL_V5\C51\LIB\C51FPL.LIB (?C?FPNEG)
  C:\KEIL_V5\C51\LIB\C51FPL.LIB (?C?FCAST)
  C:\KEIL_V5\C51\LIB\C51FPL.LIB (?C?CASTF)
  C:\KEIL_V5\C51\LIB\C51FPL.LIB (PRINTF)
  C:\KEIL_V5\C51\LIB\C51FPL.LIB (FABS)
  C:\KEIL_V5\C51\LIB\C51FPL.LIB (ATAN2)
  C:\KEIL_V5\C51\LIB\C51FPL.LIB (SIN)
  C:\KEIL_V5\C51\LIB\C51FPL.LIB (ACOS)
  C:\KEIL_V5\C51\LIB\C51FPL.LIB (ASIN)
  C:\KEIL_V5\C51\LIB\C51FPL.LIB (POW)
  C:\KEIL_V5\C51\LIB\C51FPL.LIB (?C?FPGETOPN)
  C:\KEIL_V5\C51\LIB\C51FPL.LIB (?C?CHKFLOAT)
  C:\KEIL_V5\C51\LIB\C51FPL.LIB (?C?FPROUND)
  C:\KEIL_V5\C51\LIB\C51FPL.LIB (?C?FPCONVERT)
  C:\KEIL_V5\C51\LIB\C51FPL.LIB (?C?FPSERIES)
  C:\KEIL_V5\C51\LIB\C51FPL.LIB (EXP)
  C:\KEIL_V5\C51\LIB\C51FPL.LIB (LOG)
  C:\KEIL_V5\C51\LIB\C51FPL.LIB (SQRT)
  C:\KEIL_V5\C51\LIB\C51FPL.LIB (ATAN)
  C:\KEIL_V5\C51\LIB\C51FPL.LIB (?C?FTNPWR)
  C:\KEIL_V5\C51\LIB\C51L.LIB (?C_INIT)
  C:\KEIL_V5\C51\LIB\C51L.LIB (?C?COPY)
  C:\KEIL_V5\C51\LIB\C51L.LIB (?C?CLDPTR)
  C:\KEIL_V5\C51\LIB\C51L.LIB (?C?CLDOPTR)
  C:\KEIL_V5\C51\LIB\C51L.LIB (?C?CSTPTR)
  C:\KEIL_V5\C51\LIB\C51L.LIB (?C?IMUL)
  C:\KEIL_V5\C51\LIB\C51L.LIB (?C?UIDIV)
  C:\KEIL_V5\C51\LIB\C51L.LIB (?C?SIDIV)
  C:\KEIL_V5\C51\LIB\C51L.LIB (?C?ILDIX)
  C:\KEIL_V5\C51\LIB\C51L.LIB (?C?ILDOPTR)
BL51 BANKED LINKER/LOCATER V6.22                                                      07/31/2019  17:49:06  PAGE 2


  C:\KEIL_V5\C51\LIB\C51L.LIB (?C?ISTPTR)
  C:\KEIL_V5\C51\LIB\C51L.LIB (?C?LMUL)
  C:\KEIL_V5\C51\LIB\C51L.LIB (?C?SLDIV)
  C:\KEIL_V5\C51\LIB\C51L.LIB (?C?LNEG)
  C:\KEIL_V5\C51\LIB\C51L.LIB (?C?ULCMP)
  C:\KEIL_V5\C51\LIB\C51L.LIB (?C?LSHL)
  C:\KEIL_V5\C51\LIB\C51L.LIB (?C?LLDPTR)
  C:\KEIL_V5\C51\LIB\C51L.LIB (?C?LLDOPTR)
  C:\KEIL_V5\C51\LIB\C51L.LIB (?C?LSTPTR)
  C:\KEIL_V5\C51\LIB\C51L.LIB (?C?LSTOPTR)
  C:\KEIL_V5\C51\LIB\C51L.LIB (?C?LLDXDATA)
  C:\KEIL_V5\C51\LIB\C51L.LIB (?C?LLDCODE)
  C:\KEIL_V5\C51\LIB\C51L.LIB (?C?LLDXDATA0)
  C:\KEIL_V5\C51\LIB\C51L.LIB (?C?LLDCODE0)
  C:\KEIL_V5\C51\LIB\C51L.LIB (?C?LLDPTR0)
  C:\KEIL_V5\C51\LIB\C51L.LIB (?C?LSTXDATA)
  C:\KEIL_V5\C51\LIB\C51L.LIB (?C?LSTKXDATA)
  C:\KEIL_V5\C51\LIB\C51L.LIB (?C?LSTKPTR)
  C:\KEIL_V5\C51\LIB\C51L.LIB (?C?OFFXADD)
  C:\KEIL_V5\C51\LIB\C51L.LIB (?C?PLDIXDATA)
  C:\KEIL_V5\C51\LIB\C51L.LIB (?C?PSTXDATA)
  C:\KEIL_V5\C51\LIB\C51L.LIB (?C?CCASE)
  C:\KEIL_V5\C51\LIB\C51L.LIB (PUTCHAR)
  C:\KEIL_V5\C51\LIB\C51L.LIB (ABS)
  C:\KEIL_V5\C51\LIB\C51L.LIB (ATOI)
  C:\KEIL_V5\C51\LIB\C51L.LIB (?C?IILDX)
  C:\KEIL_V5\C51\LIB\C51L.LIB (?C?ULDIV)
  C:\KEIL_V5\C51\LIB\C51L.LIB (?C?LLDIDATA)
  C:\KEIL_V5\C51\LIB\C51L.LIB (?C?LLDPDATA)
  C:\KEIL_V5\C51\LIB\C51L.LIB (?C?LLDIDATA0)
  C:\KEIL_V5\C51\LIB\C51L.LIB (?C?LLDPDATA0)
  C:\KEIL_V5\C51\LIB\C51L.LIB (?C?LSTIDATA)
  C:\KEIL_V5\C51\LIB\C51L.LIB (?C?LSTPDATA)
  C:\KEIL_V5\C51\LIB\C51L.LIB (?C?LSTKIDATA)
  C:\KEIL_V5\C51\LIB\C51L.LIB (?C?LSTKPDATA)
  C:\KEIL_V5\C51\LIB\C51L.LIB (ISDIGIT)
  C:\KEIL_V5\C51\LIB\C51L.LIB (ISSPACE)


LINK MAP OF MODULE:  .\Obj\GPIO_RTC_Test (MAIN)


            TYPE    BASE      LENGTH    RELOCATION   SEGMENT NAME
            -----------------------------------------------------

            * * * * * * *   D A T A   M E M O R Y   * * * * * * *
            REG     0000H     0008H     ABSOLUTE     "REG BANK 0"
            DATA    0008H     0005H     UNIT         _DATA_GROUP_
                    000DH     0013H                  *** GAP ***
            BIT     0020H.0   0001H.2   UNIT         _BIT_GROUP_
            BIT     0021H.2   0000H.1   UNIT         ?BI?MAIN
            BIT     0021H.3   0000H.1   UNIT         ?BI?_ATOI?ATOI
                    0021H.4   0000H.4                *** GAP ***
            IDATA   0022H     0001H     UNIT         ?STACK

            * * * * * * *  X D A T A   M E M O R Y  * * * * * * *
            XDATA   0000H     03BCH     UNIT         ?XD?BIPOLARMOTOR
BL51 BANKED LINKER/LOCATER V6.22                                                      07/31/2019  17:49:06  PAGE 3


            XDATA   03BCH     015DH     UNIT         _XDATA_GROUP_
            XDATA   0519H     010BH     UNIT         ?XD?MAIN
            XDATA   0624H     0019H     UNIT         ?XD?KEYPAD
            XDATA   063DH     0008H     UNIT         ?XD?_AT25SF041_READ?AT25SF041
            XDATA   0645H     0005H     UNIT         ?XD?_ATOI?ATOI
            XDATA   064AH     0001H     UNIT         ?XD?UC_ACK?IOEXPANDER_PI4IOE5V96248
            XDATA   064BH     0001H     UNIT         ?XD?UC_NACK?IOEXPANDER_PI4IOE5V96248

            * * * * * * *   C O D E   M E M O R Y   * * * * * * *
            CODE    0000H     0003H     ABSOLUTE     
            CODE    0003H     0003H     ABSOLUTE     
            CODE    0006H     0005H     UNIT         ?PR?_UNIT?UART1
            CODE    000BH     0003H     ABSOLUTE     
            CODE    000EH     000DH     UNIT         ?PR?UART?MAIN
            CODE    001BH     0003H     ABSOLUTE     
            CODE    001EH     0005H     UNIT         ?PR?_ASCII_LETTER?UART1
            CODE    0023H     0003H     ABSOLUTE     
            CODE    0026H     0EE6H     UNIT         ?PR?MAIN?MAIN
            CODE    0F0CH     0BC8H     UNIT         ?C?LIB_CODE
            CODE    1AD4H     07A2H     UNIT         ?PR?SUNPOS?SUNPOS
            CODE    2276H     06F4H     UNIT         ?PR?_FIND_REAL_MAX?CALIBRATION
            CODE    296AH     0631H     UNIT         ?PR?_UPDATE_POSITION?BIPOLARMOTOR
            CODE    2F9BH     04FBH     UNIT         ?PR?_THEORICALJP_POSITION?BIPOLARMOTOR
            CODE    3496H     0483H     UNIT         ?PR?PRINTF?PRINTF
            CODE    3919H     040EH     UNIT         ?C_INITSEG
            CODE    3D27H     038CH     UNIT         ?PR?KEY_PROCESS?KEYPAD
            CODE    40B3H     0380H     UNIT         ?PR?_ELEVATION_CALCULATION?BIPOLARMOTOR
            CODE    4433H     01C7H     UNIT         ?PR?_CALIBRATION?CALIBRATION
            CODE    45FAH     018DH     UNIT         ?PR?KEY_SCAN?KEYPAD
            CODE    4787H     0189H     UNIT         ?PR?SPI_NOR_WRITE_DATA?AT25SF041
            CODE    4910H     0188H     UNIT         ?PR?SIN?SIN
            CODE    4A98H     0166H     UNIT         ?PR?_POW?POW
            CODE    4BFEH     0155H     UNIT         ?PR?_DISPLAY_POS?LCD_DRIVER_SPLC780D
            CODE    4D53H     0129H     UNIT         ?PR?LOG?LOG
            CODE    4E7CH     0122H     UNIT         ?PR?ATAN?ATAN
            CODE    4F9EH     0110H     UNIT         ?PR?_AT25SF041_READ?AT25SF041
            CODE    50AEH     0102H     UNIT         ?PR?_AT25SF041_WRITE?AT25SF041
            CODE    51B0H     00F5H     UNIT         ?PR?EXINT0?MAIN
            CODE    52A5H     00DBH     UNIT         ?PR?_ATOI?ATOI
            CODE    5380H     00C3H     UNIT         ?PR?LINEAR_INTERPOLATE?BIPOLARMOTOR
            CODE    5443H     00BBH     UNIT         ?PR?VOLTAGE_IS_STABLE?CALIBRATION
            CODE    54FEH     00ADH     UNIT         ?PR?_WRITE_PI4IOE5V96248?IOEXPANDER_PI4IOE5V96248
            CODE    55ABH     00ACH     UNIT         ?PR?SQRT?SQRT
            CODE    5657H     00A1H     UNIT         ?PR?UCREAD_STATUS_REGISTER_BYTE1?AT25SF041
            CODE    56F8H     009DH     UNIT         ?PR?_ATAN2?ATAN2
            CODE    5795H     009CH     UNIT         ?PR?_MAX_VALUE?CALIBRATION
            CODE    5831H     009AH     UNIT         ?PR?EXP?EXP
            CODE    58CBH     008CH     UNIT         ?C_C51STARTUP
            CODE    5957H     0088H     UNIT         ?PR?_DAY_OF_YEAR?PCF85063BTL
            CODE    59DFH     0079H     UNIT         ?PR?_WRITEDATA?LCD_DRIVER_SPLC780D
            CODE    5A58H     0072H     UNIT         ?PR?AT25SF041_WRITEENABLE?AT25SF041
            CODE    5ACAH     006FH     UNIT         ?PR?_READ_TIME?PCF85063BTL
            CODE    5B39H     005AH     UNIT         ?PR?AT25SF041_CHIPERASE?AT25SF041
            CODE    5B93H     0059H     UNIT         ?PR?LCD_INIT?LCD_DRIVER_SPLC780D
            CODE    5BECH     0056H     UNIT         ?CO?MAIN
            CODE    5C42H     004BH     UNIT         ?CO?UART1
            CODE    5C8DH     004AH     UNIT         ?PR?VONESTEPMOVE?BIPOLARMOTOR
BL51 BANKED LINKER/LOCATER V6.22                                                      07/31/2019  17:49:06  PAGE 4


            CODE    5CD7H     004AH     UNIT         ?PR?ACOS?ACOS
            CODE    5D21H     0044H     UNIT         ?C?LDIV
            CODE    5D65H     0040H     UNIT         ?PR?_COMMAND?LCD_DRIVER_SPLC780D
            CODE    5DA5H     0040H     UNIT         ?PR?_STEP_MOVE?BIPOLARMOTOR
            CODE    5DE5H     003BH     UNIT         ?PR?ASIN?ASIN
            CODE    5E20H     0033H     UNIT         ?PR?_SENDSTRING?UART1
            CODE    5E53H     0031H     UNIT         ?PR?SI1120_CONFIG_MODE_VIRH?SI1120
            CODE    5E84H     002BH     UNIT         ?PR?_WAIT_MS_I2C?IOEXPANDER_PI4IOE5V96248
            CODE    5EAFH     002BH     UNIT         ?PR?_WAIT_MS_SPINOR?AT25SF041
            CODE    5EDAH     002AH     UNIT         ?PR?_ADC_GETRESULT?ADC
            CODE    5F04H     0028H     UNIT         ?PR?_MOVE?BIPOLARMOTOR
            CODE    5F2CH     0028H     UNIT         ?CO?CALIBRATION
            CODE    5F54H     0027H     UNIT         ?PR?_I2C_SENDBYTE?IOEXPANDER_PI4IOE5V96248
            CODE    5F7BH     0027H     UNIT         ?PR?PUTCHAR?PUTCHAR
            CODE    5FA2H     0025H     UNIT         ?PR?_FINDCLOSESTSAMEDAYCALIBTIME?CALIBRATION
            CODE    5FC7H     0024H     UNIT         ?PR?_WAIT_MS?LCD_DRIVER_SPLC780D
            CODE    5FEBH     0024H     UNIT         ?PR?_UART1_SENDTOTCPSERVER?UART1
            CODE    600FH     0021H     UNIT         ?PR?TM0_ISR?MAIN
            CODE    6030H     0020H     UNIT         ?PR?_SPI_SENDBYTE?PCF85063BTL
            CODE    6050H     0020H     UNIT         ?PR?SPI_RECEIVEBYTE?PCF85063BTL
            CODE    6070H     001EH     UNIT         ?PR?_DELAY_MS?KEYPAD
            CODE    608EH     001DH     UNIT         ?PR?_DISPLAYLCD?LCD_DRIVER_SPLC780D
            CODE    60ABH     001BH     UNIT         ?PR?_BCDTODEC1?BIPOLARMOTOR
            CODE    60C6H     001AH     UNIT         ?PR?ADC_INIT?ADC
            CODE    60E0H     0018H     UNIT         ?PR?_SPI_WRITETIME?PCF85063BTL
            CODE    60F8H     0017H     UNIT         ?PR?_ASCIITOBCD?UART1
            CODE    610FH     0016H     UNIT         ?PR?I2C_ACK?IOEXPANDER_PI4IOE5V96248
            CODE    6125H     0015H     UNIT         ?PR?_DISPLAY_LINE?LCD_DRIVER_SPLC780D
            CODE    613AH     0015H     UNIT         ?PR?VSETLOCATION?BIPOLARMOTOR
            CODE    614FH     0015H     UNIT         ?PR?I2C_STOP?IOEXPANDER_PI4IOE5V96248
            CODE    6164H     0014H     UNIT         ?PR?_PCF85063BTL_DELAY?PCF85063BTL
            CODE    6178H     0014H     UNIT         ?PR?_ISSPACE?ISSPACE
            CODE    618CH     0011H     UNIT         ?PR?_SPI_READTIME?PCF85063BTL
            CODE    619DH     0011H     UNIT         ?PR?_BCDTODEC?PCF85063BTL
            CODE    61AEH     0011H     UNIT         ?PR?INITUART1?UART1
            CODE    61BFH     000FH     UNIT         ?PR?I2C_START?IOEXPANDER_PI4IOE5V96248
            CODE    61CEH     000FH     UNIT         ?PR?UC_NACK?IOEXPANDER_PI4IOE5V96248
            CODE    61DDH     000FH     UNIT         ?PR?_ISDIGIT?ISDIGIT
            CODE    61ECH     000DH     UNIT         ?PR?SPI_INIT?PCF85063BTL
            CODE    61F9H     000DH     UNIT         ?PR?ENABLE_EXTINT0?SI1120
            CODE    6206H     000DH     UNIT         ?PR?_FABS?FABS
            CODE    6213H     000CH     UNIT         ?PR?KEYPAD_IO_INIT?KEYPAD
            CODE    621FH     000CH     UNIT         ?PR?_ABS?ABS
            CODE    622BH     000AH     UNIT         ?PR?LCD_RETURN_HOME?LCD_DRIVER_SPLC780D
            CODE    6235H     000AH     UNIT         ?PR?LCD_CLEAR?LCD_DRIVER_SPLC780D
            CODE    623FH     0009H     UNIT         ?PR?TM1_ISR?MAIN
            CODE    6248H     0009H     UNIT         ?PR?_SENDUART1?MAIN
            CODE    6251H     0009H     UNIT         ?PR?UART1_INITTCPCONN?UART1
            CODE    625AH     0006H     UNIT         ?PR?UC_ACK?IOEXPANDER_PI4IOE5V96248
            CODE    6260H     0006H     UNIT         ?PR?_TEN?UART1
            CODE    6266H     0001H     UNIT         ?PR?NOP?IOEXPANDER_PI4IOE5V96248
            CODE    6267H     0001H     UNIT         ?PR?_DECTOBCD?UART1



OVERLAY MAP OF MODULE:   .\Obj\GPIO_RTC_Test (MAIN)

BL51 BANKED LINKER/LOCATER V6.22                                                      07/31/2019  17:49:06  PAGE 5



SEGMENT                                             BIT_GROUP          DATA_GROUP          XDATA_GROUP
  +--> CALLED SEGMENT                            START    LENGTH     START    LENGTH     START    LENGTH
--------------------------------------------------------------------------------------------------------
?PR?EXINT0?MAIN                                  -----    -----      -----    -----      -----    -----
  +--> ?PR?_POW?POW

?PR?_POW?POW                                     -----    -----      -----    -----      03BCH    000AH
  +--> ?PR?LOG?LOG
  +--> ?PR?EXP?EXP

?PR?LOG?LOG                                      0020H.0  0000H.1    -----    -----      03C6H    0004H

*** NEW ROOT ***************************************************

?C_C51STARTUP                                    -----    -----      -----    -----      -----    -----
  +--> ?PR?MAIN?MAIN
  +--> ?C_INITSEG

?PR?MAIN?MAIN                                    -----    -----      -----    -----      03CAH    002EH
  +--> ?PR?LCD_INIT?LCD_DRIVER_SPLC780D
  +--> ?PR?SPI_INIT?PCF85063BTL
  +--> ?PR?KEYPAD_IO_INIT?KEYPAD
  +--> ?PR?ADC_INIT?ADC
  +--> ?PR?SI1120_CONFIG_MODE_VIRH?SI1120
  +--> ?PR?ENABLE_EXTINT0?SI1120
  +--> ?PR?VSETLOCATION?BIPOLARMOTOR
  +--> ?PR?_SPI_WRITETIME?PCF85063BTL
  +--> ?PR?_DELAY_MS?KEYPAD
  +--> ?PR?_DISPLAY_LINE?LCD_DRIVER_SPLC780D
  +--> ?PR?_WRITEDATA?LCD_DRIVER_SPLC780D
  +--> ?PR?INITUART1?UART1
  +--> ?PR?UART1_INITTCPCONN?UART1
  +--> ?CO?MAIN
  +--> ?PR?_UART1_SENDTOTCPSERVER?UART1
  +--> ?PR?KEY_PROCESS?KEYPAD
  +--> ?PR?_COMMAND?LCD_DRIVER_SPLC780D
  +--> ?PR?_DISPLAY_POS?LCD_DRIVER_SPLC780D
  +--> ?PR?_DISPLAYLCD?LCD_DRIVER_SPLC780D
  +--> ?PR?_STEP_MOVE?BIPOLARMOTOR
  +--> ?PR?LCD_RETURN_HOME?LCD_DRIVER_SPLC780D
  +--> ?PR?_READ_TIME?PCF85063BTL
  +--> ?PR?_BCDTODEC1?BIPOLARMOTOR
  +--> ?PR?_SENDSTRING?UART1
  +--> ?PR?_ELEVATION_CALCULATION?BIPOLARMOTOR
  +--> ?PR?PRINTF?PRINTF
  +--> ?PR?_CALIBRATION?CALIBRATION
  +--> ?PR?_UPDATE_POSITION?BIPOLARMOTOR
  +--> ?PR?_WAIT_MS_SPINOR?AT25SF041
  +--> ?PR?SPI_NOR_WRITE_DATA?AT25SF041
  +--> ?PR?_WAIT_MS?LCD_DRIVER_SPLC780D
  +--> ?PR?LINEAR_INTERPOLATE?BIPOLARMOTOR
  +--> ?PR?_FINDCLOSESTSAMEDAYCALIBTIME?CALI...
  +--> ?PR?_ADC_GETRESULT?ADC
  +--> ?PR?LCD_CLEAR?LCD_DRIVER_SPLC780D
  +--> ?PR?AT25SF041_WRITEENABLE?AT25SF041
  +--> ?PR?AT25SF041_CHIPERASE?AT25SF041
BL51 BANKED LINKER/LOCATER V6.22                                                      07/31/2019  17:49:06  PAGE 6



?PR?LCD_INIT?LCD_DRIVER_SPLC780D                 -----    -----      -----    -----      -----    -----
  +--> ?PR?_WAIT_MS?LCD_DRIVER_SPLC780D
  +--> ?PR?_COMMAND?LCD_DRIVER_SPLC780D

?PR?_COMMAND?LCD_DRIVER_SPLC780D                 -----    -----      -----    -----      -----    -----
  +--> ?PR?_WAIT_MS?LCD_DRIVER_SPLC780D

?PR?SI1120_CONFIG_MODE_VIRH?SI1120               -----    -----      -----    -----      -----    -----
  +--> ?PR?_WAIT_MS?LCD_DRIVER_SPLC780D

?PR?_SPI_WRITETIME?PCF85063BTL                   -----    -----      -----    -----      -----    -----
  +--> ?PR?_SPI_SENDBYTE?PCF85063BTL

?PR?_SPI_SENDBYTE?PCF85063BTL                    -----    -----      -----    -----      -----    -----
  +--> ?PR?_PCF85063BTL_DELAY?PCF85063BTL

?PR?_DISPLAY_LINE?LCD_DRIVER_SPLC780D            -----    -----      -----    -----      -----    -----
  +--> ?PR?_COMMAND?LCD_DRIVER_SPLC780D

?PR?_WRITEDATA?LCD_DRIVER_SPLC780D               -----    -----      -----    -----      04F4H    0001H
  +--> ?PR?_WAIT_MS?LCD_DRIVER_SPLC780D

?PR?UART1_INITTCPCONN?UART1                      -----    -----      -----    -----      -----    -----
  +--> ?CO?UART1
  +--> ?PR?_SENDSTRING?UART1

?PR?_SENDSTRING?UART1                            -----    -----      -----    -----      04E9H    0003H
  +--> ?PR?_SENDUART1?MAIN

?PR?_UART1_SENDTOTCPSERVER?UART1                 -----    -----      -----    -----      03F8H    0003H
  +--> ?CO?UART1
  +--> ?PR?_SENDSTRING?UART1
  +--> ?PR?_DELAY_MS?KEYPAD

?PR?KEY_PROCESS?KEYPAD                           -----    -----      -----    -----      03F8H    0006H
  +--> ?PR?KEY_SCAN?KEYPAD
  +--> ?PR?_SPI_WRITETIME?PCF85063BTL
  +--> ?PR?LCD_CLEAR?LCD_DRIVER_SPLC780D
  +--> ?PR?_COMMAND?LCD_DRIVER_SPLC780D
  +--> ?PR?_WRITEDATA?LCD_DRIVER_SPLC780D

?PR?KEY_SCAN?KEYPAD                              -----    -----      -----    -----      03FEH    0003H

?PR?LCD_CLEAR?LCD_DRIVER_SPLC780D                -----    -----      -----    -----      -----    -----
  +--> ?PR?_COMMAND?LCD_DRIVER_SPLC780D

?PR?_DISPLAY_POS?LCD_DRIVER_SPLC780D             -----    -----      -----    -----      04E9H    000BH
  +--> ?PR?_ABS?ABS
  +--> ?PR?_WRITEDATA?LCD_DRIVER_SPLC780D

?PR?_DISPLAYLCD?LCD_DRIVER_SPLC780D              -----    -----      -----    -----      03F8H    0001H
  +--> ?PR?_WRITEDATA?LCD_DRIVER_SPLC780D

?PR?_STEP_MOVE?BIPOLARMOTOR                      0020H.2  0000H.1    -----    -----      04EDH    0004H
  +--> ?PR?VONESTEPMOVE?BIPOLARMOTOR

BL51 BANKED LINKER/LOCATER V6.22                                                      07/31/2019  17:49:06  PAGE 7


?PR?VONESTEPMOVE?BIPOLARMOTOR                    0020H.3  0000H.1    -----    -----      -----    -----
  +--> ?PR?_WRITE_PI4IOE5V96248?IOEXPANDER_P...
  +--> ?PR?_DELAY_MS?KEYPAD

?PR?_WRITE_PI4IOE5V96248?IOEXPANDER_P...         -----    -----      -----    -----      04F1H    0003H
  +--> ?PR?I2C_START?IOEXPANDER_PI4IOE5V96248
  +--> ?PR?_WAIT_MS_I2C?IOEXPANDER_PI4IOE5V9...
  +--> ?PR?_I2C_SENDBYTE?IOEXPANDER_PI4IOE5V...
  +--> ?PR?I2C_ACK?IOEXPANDER_PI4IOE5V96248
  +--> ?PR?I2C_STOP?IOEXPANDER_PI4IOE5V96248

?PR?I2C_START?IOEXPANDER_PI4IOE5V96248           -----    -----      -----    -----      -----    -----
  +--> ?PR?_WAIT_MS_I2C?IOEXPANDER_PI4IOE5V9...

?PR?_I2C_SENDBYTE?IOEXPANDER_PI4IOE5V...         -----    -----      -----    -----      -----    -----
  +--> ?PR?_WAIT_MS_I2C?IOEXPANDER_PI4IOE5V9...

?PR?I2C_ACK?IOEXPANDER_PI4IOE5V96248             -----    -----      -----    -----      04F4H    0001H
  +--> ?PR?_WAIT_MS_I2C?IOEXPANDER_PI4IOE5V9...

?PR?I2C_STOP?IOEXPANDER_PI4IOE5V96248            -----    -----      -----    -----      -----    -----
  +--> ?PR?_WAIT_MS_I2C?IOEXPANDER_PI4IOE5V9...

?PR?LCD_RETURN_HOME?LCD_DRIVER_SPLC780D          -----    -----      -----    -----      -----    -----
  +--> ?PR?_COMMAND?LCD_DRIVER_SPLC780D

?PR?_READ_TIME?PCF85063BTL                       -----    -----      -----    -----      04E9H    000FH
  +--> ?PR?_SPI_READTIME?PCF85063BTL

?PR?_SPI_READTIME?PCF85063BTL                    -----    -----      -----    -----      -----    -----
  +--> ?PR?_SPI_SENDBYTE?PCF85063BTL
  +--> ?PR?SPI_RECEIVEBYTE?PCF85063BTL

?PR?SPI_RECEIVEBYTE?PCF85063BTL                  -----    -----      -----    -----      -----    -----
  +--> ?PR?_PCF85063BTL_DELAY?PCF85063BTL

?PR?_ELEVATION_CALCULATION?BIPOLARMOTOR          -----    -----      -----    -----      03F8H    0005H
  +--> ?PR?_BCDTODEC1?BIPOLARMOTOR
  +--> ?PR?SUNPOS?SUNPOS
  +--> ?PR?SIN?SIN
  +--> ?PR?ASIN?ASIN

?PR?SUNPOS?SUNPOS                                -----    -----      -----    -----      0442H    005DH
  +--> ?PR?SIN?SIN
  +--> ?PR?_ATAN2?ATAN2
  +--> ?PR?ASIN?ASIN
  +--> ?PR?ACOS?ACOS

?PR?SIN?SIN                                      0020H.1  0000H.1    -----    -----      049FH    0004H

?PR?_ATAN2?ATAN2                                 -----    -----      -----    -----      049FH    0008H
  +--> ?PR?ATAN?ATAN

?PR?ATAN?ATAN                                    0020H.1  0000H.2    -----    -----      04A7H    0004H

?PR?ASIN?ASIN                                    -----    -----      -----    -----      -----    -----
  +--> ?PR?SQRT?SQRT
BL51 BANKED LINKER/LOCATER V6.22                                                      07/31/2019  17:49:06  PAGE 8


  +--> ?PR?ATAN?ATAN

?PR?SQRT?SQRT                                    -----    -----      -----    -----      049FH    0004H

?PR?ACOS?ACOS                                    -----    -----      -----    -----      -----    -----
  +--> ?PR?SQRT?SQRT
  +--> ?PR?ATAN?ATAN

?PR?PRINTF?PRINTF                                0020H.1  0001H.1    0008H    0005H      04E9H    0030H
  +--> ?PR?PUTCHAR?PUTCHAR

?PR?_CALIBRATION?CALIBRATION                     -----    -----      -----    -----      03F8H    0024H
  +--> ?PR?VOLTAGE_IS_STABLE?CALIBRATION
  +--> ?PR?_UPDATE_POSITION?BIPOLARMOTOR
  +--> ?PR?_FIND_REAL_MAX?CALIBRATION

?PR?VOLTAGE_IS_STABLE?CALIBRATION                -----    -----      -----    -----      041CH    0018H
  +--> ?PR?_ADC_GETRESULT?ADC
  +--> ?PR?_ABS?ABS

?PR?_UPDATE_POSITION?BIPOLARMOTOR                -----    -----      -----    -----      041CH    0026H
  +--> ?PR?_BCDTODEC1?BIPOLARMOTOR
  +--> ?PR?SUNPOS?SUNPOS
  +--> ?PR?SIN?SIN
  +--> ?PR?ASIN?ASIN
  +--> ?PR?_THEORICALJP_POSITION?BIPOLARMOTOR
  +--> ?PR?_FABS?FABS
  +--> ?PR?_MOVE?BIPOLARMOTOR

?PR?_THEORICALJP_POSITION?BIPOLARMOTOR           -----    -----      -----    -----      0442H    005CH
  +--> ?PR?LINEAR_INTERPOLATE?BIPOLARMOTOR

?PR?LINEAR_INTERPOLATE?BIPOLARMOTOR              -----    -----      -----    -----      049EH    0014H

?PR?_MOVE?BIPOLARMOTOR                           0020H.1  0000H.1    -----    -----      04E9H    0004H
  +--> ?PR?_STEP_MOVE?BIPOLARMOTOR

?PR?_FIND_REAL_MAX?CALIBRATION                   -----    -----      -----    -----      041CH    00CDH
  +--> ?PR?_ADC_GETRESULT?ADC
  +--> ?PR?_WAIT_MS?LCD_DRIVER_SPLC780D
  +--> ?CO?CALIBRATION
  +--> ?PR?PRINTF?PRINTF
  +--> ?PR?_SENDSTRING?UART1
  +--> ?PR?_COMMAND?LCD_DRIVER_SPLC780D
  +--> ?PR?_WRITEDATA?LCD_DRIVER_SPLC780D
  +--> ?PR?_DISPLAY_POS?LCD_DRIVER_SPLC780D
  +--> ?PR?_MOVE?BIPOLARMOTOR
  +--> ?PR?_READ_TIME?PCF85063BTL
  +--> ?PR?_BCDTODEC1?BIPOLARMOTOR
  +--> ?PR?_MAX_VALUE?CALIBRATION

?PR?_MAX_VALUE?CALIBRATION                       -----    -----      -----    -----      04E9H    0004H

?PR?SPI_NOR_WRITE_DATA?AT25SF041                 -----    -----      -----    -----      03F8H    000EH
  +--> ?PR?AT25SF041_WRITEENABLE?AT25SF041
  +--> ?PR?_AT25SF041_WRITE?AT25SF041
  +--> ?PR?_WAIT_MS_SPINOR?AT25SF041
BL51 BANKED LINKER/LOCATER V6.22                                                      07/31/2019  17:49:06  PAGE 9



?PR?AT25SF041_WRITEENABLE?AT25SF041              -----    -----      -----    -----      0406H    0002H
  +--> ?PR?_WAIT_MS_SPINOR?AT25SF041
  +--> ?PR?UCREAD_STATUS_REGISTER_BYTE1?AT25...

?PR?UCREAD_STATUS_REGISTER_BYTE1?AT25...         -----    -----      -----    -----      040EH    0003H
  +--> ?PR?_WAIT_MS_SPINOR?AT25SF041

?PR?_AT25SF041_WRITE?AT25SF041                   -----    -----      -----    -----      0406H    0008H
  +--> ?PR?_WAIT_MS_SPINOR?AT25SF041
  +--> ?PR?UCREAD_STATUS_REGISTER_BYTE1?AT25...

?PR?AT25SF041_CHIPERASE?AT25SF041                -----    -----      -----    -----      03F8H    0002H
  +--> ?PR?_WAIT_MS_SPINOR?AT25SF041
  +--> ?PR?UCREAD_STATUS_REGISTER_BYTE1?AT25...



SYMBOL TABLE OF MODULE:  .\Obj\GPIO_RTC_Test (MAIN)

  VALUE           TYPE          NAME
  ----------------------------------

  -------         MODULE        MAIN
  C:0000H         SYMBOL        _ICE_DUMMY_
  X:0521H         PUBLIC        calib_value
  D:0080H         PUBLIC        P0
  D:0090H         PUBLIC        P1
  D:00A0H         PUBLIC        P2
  D:00B0H         PUBLIC        P3
  D:00C0H         PUBLIC        P4
  D:00C8H         PUBLIC        P5
  X:0575H         SYMBOL        PressedKey
  B:00A8H.7       PUBLIC        EA
  D:00E8H         PUBLIC        P6
  X:0579H         PUBLIC        calib_stamp
  D:00F8H         PUBLIC        P7
  X:057AH         PUBLIC        sTempString
  X:0583H         PUBLIC        calib_bool
  X:05ADH         PUBLIC        pwm_time_min
  D:00A8H         PUBLIC        IE
  X:05B1H         PUBLIC        calib_time
  X:0605H         PUBLIC        pwm_time_max
  B:0090H.7       PUBLIC        Connect_Electronics_Load
  D:00B8H         PUBLIC        IP
  B:0098H.0       PUBLIC        RI
  B:00B0H.2       PUBLIC        INT0
  X:0609H         PUBLIC        months
  B:0098H.1       PUBLIC        TI
  C:000EH         PUBLIC        Uart
  D:00D8H         PUBLIC        CCON
  C:0026H         PUBLIC        main
  X:060AH         PUBLIC        count
  B:0090H.2       PUBLIC        Connect_IV_Load
  D:0099H         PUBLIC        SBUF
  X:060CH         PUBLIC        days
  X:060DH         PUBLIC        hours
BL51 BANKED LINKER/LOCATER V6.22                                                      07/31/2019  17:49:06  PAGE 10


  D:0098H         PUBLIC        SCON
  D:0089H         PUBLIC        TMOD
  D:0088H         PUBLIC        TCON
  B:00A0H.3       PUBLIC        P23
  X:060EH         SYMBOL        KeyCount
  X:0610H         PUBLIC        mins
  B:00C8H.5       PUBLIC        P55
  D:008EH         PUBLIC        AUXR
  C:600FH         PUBLIC        tm0_isr
  B:0090H.5       PUBLIC        SI1120_STX
  C:623FH         PUBLIC        tm1_isr
  B:0021H.2       PUBLIC        busy
  D:00E0H         PUBLIC        ACC
  B:00A8H.1       PUBLIC        ET0
  B:00A8H.3       PUBLIC        ET1
  X:0611H         PUBLIC        SPI_NOR_INTERNAL_FLASH_ADDR
  D:008CH         PUBLIC        TH0
  D:008DH         PUBLIC        TH1
  D:008AH         PUBLIC        TL0
  D:008BH         PUBLIC        TL1
  B:0088H.4       PUBLIC        TR0
  B:0088H.6       PUBLIC        TR1
  X:0615H         PUBLIC        old_mins
  C:51B0H         PUBLIC        exint0
  X:0616H         SYMBOL        KeyNum
  X:0617H         SYMBOL        KeyNum_Old
  X:0618H         PUBLIC        timer0_count
  X:061AH         PUBLIC        current_position
  X:061EH         PUBLIC        pwm_time
  X:0622H         PUBLIC        start_timer0_count
  X:0623H         PUBLIC        seconds
  D:00D0H         PUBLIC        PSW
  C:6248H         PUBLIC        _SendUART1
  -------         PROC          TM0_ISR
  C:600FH         LINE#         105
  C:6015H         LINE#         109
  C:6018H         LINE#         110
  C:601BH         LINE#         111
  C:6029H         LINE#         112
  -------         ENDPROC       TM0_ISR
  -------         PROC          TM1_ISR
  C:623FH         LINE#         113
  C:623FH         LINE#         115
  C:6241H         LINE#         117
  C:6244H         LINE#         118
  C:6247H         LINE#         119
  -------         ENDPROC       TM1_ISR
  -------         PROC          EXINT0
  C:51B0H         LINE#         120
  C:51CDH         LINE#         124
  C:51D0H         LINE#         125
  C:51D0H         LINE#         126
  C:51D3H         LINE#         127
  C:51D6H         LINE#         128
  C:51D8H         LINE#         129
  C:51DAH         LINE#         133
  C:51DDH         LINE#         136
BL51 BANKED LINKER/LOCATER V6.22                                                      07/31/2019  17:49:06  PAGE 11


  C:51DDH         LINE#         137
  C:51DFH         LINE#         139
  C:51EBH         LINE#         140
  C:5245H         LINE#         141
  C:5283H         LINE#         142
  C:528AH         LINE#         147
  C:528AH         LINE#         149
  -------         ENDPROC       EXINT0
  -------         PROC          MAIN
  -------         DO            
  X:0519H         SYMBOL        KeyCount
  X:051BH         SYMBOL        KeyNum_Old
  X:051CH         SYMBOL        KeyNum
  X:051DH         SYMBOL        PressedKey
  X:03CAH         SYMBOL        prox_flag
  X:03CBH         SYMBOL        iUse_prevday_calib_value
  X:03CDH         SYMBOL        max_ADC_Val_JP
  X:03CFH         SYMBOL        max_ADC_Val
  X:03D1H         SYMBOL        calib_point1
  X:03D9H         SYMBOL        calib_point2
  X:03E1H         SYMBOL        dat_to_store
  X:03ECH         SYMBOL        calib_day
  X:03EEH         SYMBOL        calib_count
  X:03F0H         SYMBOL        theorical_JP_max_pos
  X:03F4H         SYMBOL        elevation
  -------         ENDDO         
  C:0026H         LINE#         151
  C:0026H         LINE#         152
  C:0026H         LINE#         157
  C:002CH         LINE#         158
  C:0031H         LINE#         160
  C:0039H         LINE#         164
  C:003FH         LINE#         165
  C:0049H         LINE#         176
  C:0051H         LINE#         177
  C:0058H         LINE#         178
  C:005EH         LINE#         180
  C:0064H         LINE#         192
  C:0067H         LINE#         193
  C:006AH         LINE#         194
  C:006DH         LINE#         196
  C:0070H         LINE#         199
  C:0073H         LINE#         200
  C:0076H         LINE#         202
  C:0079H         LINE#         204
  C:007CH         LINE#         205
  C:007FH         LINE#         206
  C:0082H         LINE#         207
  C:0084H         LINE#         208
  C:0086H         LINE#         209
  C:0089H         LINE#         210
  C:008BH         LINE#         211
  C:008DH         LINE#         213
  C:008FH         LINE#         214
  C:0096H         LINE#         215
  C:009DH         LINE#         216
  C:00A4H         LINE#         217
BL51 BANKED LINKER/LOCATER V6.22                                                      07/31/2019  17:49:06  PAGE 12


  C:00ABH         LINE#         221
  C:00B2H         LINE#         222
  C:00B7H         LINE#         223
  C:00BCH         LINE#         224
  C:00C1H         LINE#         225
  C:00C6H         LINE#         226
  C:00CBH         LINE#         229
  C:00E4H         LINE#         230
  C:00E4H         LINE#         231
  C:0100H         LINE#         232
  C:0147H         LINE#         233
  C:0158H         LINE#         234
  C:015BH         LINE#         237
  C:0162H         LINE#         240
  C:0165H         LINE#         242
  C:016CH         LINE#         243
  C:0175H         LINE#         246
  C:0175H         LINE#         247
  C:0175H         LINE#         248
  C:0178H         LINE#         258
  C:0178H         LINE#         262
  C:017DH         LINE#         263
  C:0182H         LINE#         265
  C:0187H         LINE#         267
  C:018CH         LINE#         268
  C:0191H         LINE#         271
  C:01A2H         LINE#         273
  C:01A7H         LINE#         274
  C:01ACH         LINE#         276
  C:01B3H         LINE#         277
  C:01BBH         LINE#         278
  C:01C0H         LINE#         279
  C:01C8H         LINE#         280
  C:01CDH         LINE#         281
  C:01D7H         LINE#         282
  C:01DCH         LINE#         283
  C:01E4H         LINE#         285
  C:01ECH         LINE#         286
  C:01F1H         LINE#         287
  C:01FBH         LINE#         288
  C:01FBH         LINE#         289
  C:01FDH         LINE#         290
  C:01FFH         LINE#         291
  C:0209H         LINE#         292
  C:0209H         LINE#         293
  C:020EH         LINE#         294
  C:020EH         LINE#         306
  C:0222H         LINE#         307
  C:0222H         LINE#         308
  C:0237H         LINE#         309
  C:0246H         LINE#         310
  C:0246H         LINE#         311
  C:0259H         LINE#         312
  C:025BH         LINE#         314
  C:025BH         LINE#         315
  C:0277H         LINE#         316
  C:0277H         LINE#         317
BL51 BANKED LINKER/LOCATER V6.22                                                      07/31/2019  17:49:06  PAGE 13


  C:027CH         LINE#         318
  C:027CH         LINE#         319
  C:0290H         LINE#         320
  C:0290H         LINE#         323
  C:02A5H         LINE#         324
  C:02B4H         LINE#         325
  C:02B4H         LINE#         326
  C:02C7H         LINE#         327
  C:02C9H         LINE#         329
  C:02C9H         LINE#         330
  C:02E5H         LINE#         331
  C:02E5H         LINE#         332
  C:02EAH         LINE#         333
  C:02F0H         LINE#         334
  C:02F0H         LINE#         336
  C:0312H         LINE#         337
  C:0312H         LINE#         338
  C:031CH         LINE#         339
  C:0322H         LINE#         340
  C:0329H         LINE#         341
  C:032FH         LINE#         342
  C:0336H         LINE#         343
  C:0336H         LINE#         344
  C:0339H         LINE#         346
  C:0339H         LINE#         351
  C:0341H         LINE#         352
  C:037CH         LINE#         353
  C:039AH         LINE#         354
  C:039AH         LINE#         356
  C:03A3H         LINE#         357
  C:03AAH         LINE#         358
  C:03B3H         LINE#         359
  C:03BAH         LINE#         361
  C:03BAH         LINE#         365
  C:03C7H         LINE#         366
  C:03C7H         LINE#         369
  C:03CEH         LINE#         370
  C:03DFH         LINE#         373
  C:03DFH         LINE#         374
  C:0407H         LINE#         375
  C:0407H         LINE#         376
  C:0429H         LINE#         377
  C:0429H         LINE#         379
  C:044FH         LINE#         380
  C:04A5H         LINE#         381
  C:04AEH         LINE#         382
  C:04B5H         LINE#         383
  C:04BEH         LINE#         384
  C:04C7H         LINE#         385
  C:04CEH         LINE#         391
  C:04CEH         LINE#         397
  C:04CEH         LINE#         399
  C:054AH         LINE#         400
  C:0563H         LINE#         401
  C:0565H         LINE#         402
  C:0567H         LINE#         404
  C:05F1H         LINE#         409
BL51 BANKED LINKER/LOCATER V6.22                                                      07/31/2019  17:49:06  PAGE 14


  C:061FH         LINE#         410
  C:061FH         LINE#         412
  C:0655H         LINE#         413
  C:0678H         LINE#         414
  C:068DH         LINE#         417
  C:068DH         LINE#         418
  C:068FH         LINE#         420
  C:068FH         LINE#         422
  C:068FH         LINE#         423
  C:068FH         LINE#         424
  C:068FH         LINE#         441
  C:0697H         LINE#         442
  C:069FH         LINE#         443
  C:06A7H         LINE#         444
  C:06AFH         LINE#         446
  C:06C3H         LINE#         447
  C:06D9H         LINE#         448
  C:0709H         LINE#         449
  C:0729H         LINE#         451
  C:073DH         LINE#         452
  C:0753H         LINE#         453
  C:0783H         LINE#         454
  C:078AH         LINE#         456
  C:07AEH         LINE#         459
  C:07D9H         LINE#         461
  C:07E2H         LINE#         462
  C:07E9H         LINE#         463
  C:07F2H         LINE#         464
  C:07FBH         LINE#         465
  C:0802H         LINE#         467
  C:083FH         LINE#         469
  C:0848H         LINE#         470
  C:084FH         LINE#         471
  C:0858H         LINE#         472
  C:0861H         LINE#         473
  C:0868H         LINE#         475
  C:0893H         LINE#         477
  C:089CH         LINE#         478
  C:08A3H         LINE#         479
  C:08ACH         LINE#         480
  C:08B5H         LINE#         481
  C:08BCH         LINE#         483
  C:08E7H         LINE#         485
  C:08F0H         LINE#         486
  C:08F7H         LINE#         487
  C:0900H         LINE#         488
  C:0907H         LINE#         489
  C:0910H         LINE#         490
  C:0917H         LINE#         492
  C:0919H         LINE#         494
  C:0927H         LINE#         495
  C:0927H         LINE#         496
  C:092FH         LINE#         498
  C:092FH         LINE#         501
  C:092FH         LINE#         503
  C:0954H         LINE#         504
  C:0954H         LINE#         505
BL51 BANKED LINKER/LOCATER V6.22                                                      07/31/2019  17:49:06  PAGE 15


  C:0976H         LINE#         506
  C:0976H         LINE#         507
  C:09F2H         LINE#         508
  C:09F4H         LINE#         509
  C:09F6H         LINE#         511
  C:0A4EH         LINE#         514
  C:0A5DH         LINE#         515
  C:0A5DH         LINE#         516
  C:0A5DH         LINE#         517
  C:0A5DH         LINE#         518
  C:0A5DH         LINE#         519
  C:0A5DH         LINE#         520
  C:0A5DH         LINE#         521
  C:0A5DH         LINE#         524
  C:0A5DH         LINE#         526
  C:0A5DH         LINE#         527
  C:0A5DH         LINE#         528
  C:0A5DH         LINE#         529
  C:0A5DH         LINE#         533
  C:0A5DH         LINE#         535
  C:0A5DH         LINE#         537
  C:0A5DH         LINE#         538
  C:0A5DH         LINE#         539
  C:0A5DH         LINE#         540
  C:0A5DH         LINE#         541
  C:0A5DH         LINE#         542
  C:0A5DH         LINE#         545
  C:0A5DH         LINE#         547
  C:0A5DH         LINE#         548
  C:0A5DH         LINE#         549
  C:0A5DH         LINE#         550
  C:0A5DH         LINE#         551
  C:0A5DH         LINE#         552
  C:0A5DH         LINE#         553
  C:0A5DH         LINE#         555
  C:0A60H         LINE#         558
  C:0A87H         LINE#         559
  C:0A87H         LINE#         562
  C:0AA9H         LINE#         563
  C:0AA9H         LINE#         564
  C:0B25H         LINE#         566
  C:0B52H         LINE#         567
  C:0B6DH         LINE#         568
  C:0B9AH         LINE#         569
  C:0B9CH         LINE#         570
  C:0B9EH         LINE#         572
  C:0BD1H         LINE#         573
  C:0BD1H         LINE#         574
  C:0BFBH         LINE#         575
  C:0C63H         LINE#         576
  C:0C65H         LINE#         578
  C:0C65H         LINE#         579
  C:0CC8H         LINE#         580
  C:0CC8H         LINE#         583
  C:0CD7H         LINE#         584
  C:0CD7H         LINE#         585
  C:0D55H         LINE#         586
BL51 BANKED LINKER/LOCATER V6.22                                                      07/31/2019  17:49:06  PAGE 16


  C:0D5EH         LINE#         587
  C:0D65H         LINE#         588
  C:0D6EH         LINE#         589
  C:0D77H         LINE#         590
  C:0D7EH         LINE#         593
  C:0DA9H         LINE#         595
  C:0DB2H         LINE#         596
  C:0DB9H         LINE#         597
  C:0DC2H         LINE#         598
  C:0DCBH         LINE#         602
  C:0DD2H         LINE#         604
  C:0DFDH         LINE#         606
  C:0E06H         LINE#         607
  C:0E0DH         LINE#         608
  C:0E16H         LINE#         609
  C:0E1DH         LINE#         611
  C:0E26H         LINE#         612
  C:0E2DH         LINE#         615
  C:0E6BH         LINE#         617
  C:0E74H         LINE#         618
  C:0E7BH         LINE#         619
  C:0E84H         LINE#         620
  C:0E8DH         LINE#         621
  C:0E94H         LINE#         622
  C:0E94H         LINE#         624
  C:0E94H         LINE#         626
  C:0E94H         LINE#         627
  C:0E94H         LINE#         629
  C:0E94H         LINE#         632
  C:0EB0H         LINE#         633
  C:0EB0H         LINE#         634
  C:0EB2H         LINE#         636
  C:0EB4H         LINE#         638
  C:0EB4H         LINE#         639
  C:0EB6H         LINE#         641
  C:0EB6H         LINE#         643
  C:0EC5H         LINE#         644
  C:0EC5H         LINE#         645
  C:0EC8H         LINE#         646
  C:0ECFH         LINE#         647
  C:0ED4H         LINE#         648
  C:0ED9H         LINE#         649
  C:0EDEH         LINE#         650
  C:0EE3H         LINE#         651
  C:0EE8H         LINE#         661
  C:0EEBH         LINE#         663
  C:0EEEH         LINE#         664
  C:0EF5H         LINE#         665
  C:0EFFH         LINE#         666
  C:0F06H         LINE#         668
  C:0F09H         LINE#         677
  C:0F09H         LINE#         678
  -------         ENDPROC       MAIN
  -------         PROC          UART
  C:000EH         LINE#         692
  C:000EH         LINE#         694
  C:0011H         LINE#         695
BL51 BANKED LINKER/LOCATER V6.22                                                      07/31/2019  17:49:06  PAGE 17


  C:0011H         LINE#         696
  C:0013H         LINE#         698
  C:0013H         LINE#         699
  C:0016H         LINE#         700
  C:0016H         LINE#         701
  C:0018H         LINE#         702
  C:001AH         LINE#         703
  C:001AH         LINE#         704
  -------         ENDPROC       UART
  -------         PROC          _SENDUART1
  D:0007H         SYMBOL        dat
  C:6248H         LINE#         706
  C:6248H         LINE#         707
  C:6248H         LINE#         708
  C:624BH         LINE#         709
  C:624DH         LINE#         710
  C:624EH         LINE#         711
  C:6250H         LINE#         712
  -------         ENDPROC       _SENDUART1
  -------         ENDMOD        MAIN

  -------         MODULE        PCF85063BTL
  C:0000H         SYMBOL        _ICE_DUMMY_
  D:0096H         PUBLIC        P2M0
  D:0080H         PUBLIC        P0
  D:0095H         PUBLIC        P2M1
  D:0090H         PUBLIC        P1
  D:00A0H         PUBLIC        P2
  D:00B0H         PUBLIC        P3
  D:00C0H         PUBLIC        P4
  D:00C8H         PUBLIC        P5
  D:00E8H         PUBLIC        P6
  B:00A0H.1       PUBLIC        PCF85063BTL_SDI
  D:00F8H         PUBLIC        P7
  B:00A0H.2       PUBLIC        PCF85063BTL_SCK
  B:00A0H.1       PUBLIC        PCF85063BTL_SDO
  D:00A8H         PUBLIC        IE
  C:5ACAH         PUBLIC        _Read_time
  C:616AH         PUBLIC        _PCF85063BTL_Delay
  D:00B8H         PUBLIC        IP
  D:00D8H         PUBLIC        CCON
  C:5957H         PUBLIC        _Day_Of_Year
  C:6050H         PUBLIC        SPI_ReceiveByte
  D:0098H         PUBLIC        SCON
  D:0088H         PUBLIC        TCON
  C:619DH         PUBLIC        _BCDtoDec
  B:00A0H.0       PUBLIC        PCF85063BTL_CS
  C:618CH         PUBLIC        _SPI_ReadTime
  C:61ECH         PUBLIC        SPI_Init
  C:60E0H         PUBLIC        _SPI_WriteTime
  C:6030H         PUBLIC        _SPI_SendByte
  D:00D0H         PUBLIC        PSW
  C:6166H         SYMBOL        L?0048
  -------         PROC          L?0047
  -------         ENDPROC       L?0047
  C:6166H         SYMBOL        L?0048
  -------         PROC          _PCF85063BTL_DELAY
BL51 BANKED LINKER/LOCATER V6.22                                                      07/31/2019  17:49:06  PAGE 18


  D:0006H         SYMBOL        us
  C:616AH         LINE#         8
  C:616AH         LINE#         9
  C:616AH         LINE#         10
  C:6174H         LINE#         11
  C:6174H         LINE#         12
  C:6175H         LINE#         13
  C:6177H         LINE#         14
  -------         ENDPROC       _PCF85063BTL_DELAY
  -------         PROC          _SPI_SENDBYTE
  D:0005H         SYMBOL        dat
  -------         DO            
  D:0003H         SYMBOL        i
  -------         ENDDO         
  C:6030H         LINE#         17
  C:6032H         LINE#         18
  C:6032H         LINE#         20
  C:6034H         LINE#         21
  C:6034H         LINE#         22
  C:6036H         LINE#         23
  C:603AH         LINE#         24
  C:603AH         LINE#         25
  C:603CH         LINE#         26
  C:603EH         LINE#         28
  C:603EH         LINE#         29
  C:6040H         LINE#         30
  C:6040H         LINE#         31
  C:6043H         LINE#         32
  C:6043H         LINE#         33
  C:6046H         LINE#         34
  C:604AH         LINE#         35
  C:604FH         LINE#         36
  -------         ENDPROC       _SPI_SENDBYTE
  -------         PROC          SPI_RECEIVEBYTE
  -------         DO            
  D:0003H         SYMBOL        i
  D:0005H         SYMBOL        dat
  -------         ENDDO         
  C:6050H         LINE#         39
  C:6050H         LINE#         40
  C:6050H         LINE#         42
  C:6052H         LINE#         44
  C:6054H         LINE#         45
  C:6055H         LINE#         46
  C:6055H         LINE#         47
  C:6059H         LINE#         48
  C:605BH         LINE#         49
  C:605EH         LINE#         51
  C:6061H         LINE#         52
  C:6061H         LINE#         53
  C:6065H         LINE#         54
  C:6065H         LINE#         55
  C:6065H         LINE#         56
  C:6068H         LINE#         57
  C:606DH         LINE#         58
  C:606FH         LINE#         59
  -------         ENDPROC       SPI_RECEIVEBYTE
BL51 BANKED LINKER/LOCATER V6.22                                                      07/31/2019  17:49:06  PAGE 19


  -------         PROC          _SPI_READTIME
  D:0007H         SYMBOL        addr
  -------         DO            
  D:0006H         SYMBOL        dat
  -------         ENDDO         
  C:618CH         LINE#         61
  C:618CH         LINE#         62
  C:618CH         LINE#         64
  C:618EH         LINE#         65
  C:6190H         LINE#         66
  C:6197H         LINE#         67
  C:619AH         LINE#         68
  C:619CH         LINE#         69
  C:619CH         LINE#         70
  -------         ENDPROC       _SPI_READTIME
  -------         PROC          _SPI_WRITETIME
  D:0002H         SYMBOL        val
  D:0005H         SYMBOL        addr
  C:60E0H         LINE#         71
  C:60E2H         LINE#         72
  C:60E2H         LINE#         74
  C:60E4H         LINE#         75
  C:60EBH         LINE#         76
  C:60F0H         LINE#         77
  C:60F5H         LINE#         78
  C:60F7H         LINE#         79
  -------         ENDPROC       _SPI_WRITETIME
  -------         PROC          SPI_INIT
  C:61ECH         LINE#         83
  C:61ECH         LINE#         84
  C:61ECH         LINE#         89
  C:61EFH         LINE#         90
  C:61F2H         LINE#         91
  C:61F4H         LINE#         92
  C:61F6H         LINE#         93
  C:61F8H         LINE#         94
  -------         ENDPROC       SPI_INIT
  -------         PROC          _READ_TIME
  X:04E9H         SYMBOL        months
  X:04ECH         SYMBOL        days
  X:04EFH         SYMBOL        hours
  X:04F2H         SYMBOL        mins
  X:04F5H         SYMBOL        seconds
  C:5ACAH         LINE#         96
  C:5AD5H         LINE#         97
  C:5AD5H         LINE#         99
  C:5AE9H         LINE#         101
  C:5AFDH         LINE#         103
  C:5B11H         LINE#         108
  C:5B25H         LINE#         113
  -------         ENDPROC       _READ_TIME
  -------         PROC          _BCDTODEC
  D:0007H         SYMBOL        bcd
  -------         DO            
  D:0006H         SYMBOL        hi
  D:0007H         SYMBOL        lo
  -------         ENDDO         
BL51 BANKED LINKER/LOCATER V6.22                                                      07/31/2019  17:49:06  PAGE 20


  C:619DH         LINE#         119
  C:619DH         LINE#         120
  C:619DH         LINE#         122
  C:61A2H         LINE#         123
  C:61A6H         LINE#         124
  C:61ADH         LINE#         125
  -------         ENDPROC       _BCDTODEC
  -------         PROC          _DAY_OF_YEAR
  D:0007H         SYMBOL        months_bcd
  D:0005H         SYMBOL        days_bcd
  -------         DO            
  D:0004H         SYMBOL        months
  D:0007H         SYMBOL        days
  -------         ENDDO         
  C:5957H         LINE#         126
  C:5957H         LINE#         127
  C:5957H         LINE#         130
  C:595CH         LINE#         132
  C:5961H         LINE#         134
  C:599AH         LINE#         135
  C:599AH         LINE#         136
  C:599AH         LINE#         137
  C:599DH         LINE#         138
  C:599DH         LINE#         139
  C:599DH         LINE#         140
  C:59A2H         LINE#         141
  C:59A2H         LINE#         142
  C:59A2H         LINE#         143
  C:59A7H         LINE#         144
  C:59A7H         LINE#         145
  C:59A7H         LINE#         146
  C:59ACH         LINE#         147
  C:59ACH         LINE#         148
  C:59ACH         LINE#         149
  C:59B1H         LINE#         150
  C:59B1H         LINE#         151
  C:59B1H         LINE#         152
  C:59B6H         LINE#         153
  C:59B6H         LINE#         154
  C:59B6H         LINE#         155
  C:59BBH         LINE#         156
  C:59BBH         LINE#         157
  C:59BBH         LINE#         158
  C:59C0H         LINE#         159
  C:59C0H         LINE#         160
  C:59C0H         LINE#         161
  C:59C8H         LINE#         162
  C:59C8H         LINE#         163
  C:59C8H         LINE#         164
  C:59CDH         LINE#         165
  C:59CDH         LINE#         166
  C:59CDH         LINE#         167
  C:59D2H         LINE#         168
  C:59D2H         LINE#         169
  C:59D2H         LINE#         170
  C:59DBH         LINE#         171
  C:59DBH         LINE#         172
BL51 BANKED LINKER/LOCATER V6.22                                                      07/31/2019  17:49:06  PAGE 21


  C:59DBH         LINE#         173
  C:59DEH         LINE#         174
  C:59DEH         LINE#         175
  -------         ENDPROC       _DAY_OF_YEAR
  -------         ENDMOD        PCF85063BTL

  -------         MODULE        LCD_DRIVER_SPLC780D
  C:0000H         SYMBOL        _ICE_DUMMY_
  D:0092H         PUBLIC        P1M0
  D:0091H         PUBLIC        P1M1
  D:0080H         PUBLIC        P0
  D:0090H         PUBLIC        P1
  D:00A0H         PUBLIC        P2
  D:00B0H         PUBLIC        P3
  D:00C0H         PUBLIC        P4
  D:00C8H         PUBLIC        P5
  D:00E8H         PUBLIC        P6
  D:00F8H         PUBLIC        P7
  C:59E3H         PUBLIC        _WriteData
  D:00A8H         PUBLIC        IE
  D:00B8H         PUBLIC        IP
  D:00D8H         PUBLIC        CCON
  B:00B0H.4       PUBLIC        LCD_D4
  B:00B0H.5       PUBLIC        LCD_D5
  B:00B0H.6       PUBLIC        LCD_D6
  C:608EH         PUBLIC        _DisplayLCD
  B:00B0H.7       PUBLIC        LCD_D7
  D:0098H         PUBLIC        SCON
  D:0088H         PUBLIC        TCON
  C:6235H         PUBLIC        LCD_clear
  C:5D65H         PUBLIC        _Command
  C:6125H         PUBLIC        _Display_Line
  C:5B93H         PUBLIC        LCD_Init
  C:5FCDH         PUBLIC        _Wait_ms
  B:00C0H.0       PUBLIC        LCD_RS
  B:0090H.3       PUBLIC        LCD_RW
  C:622BH         PUBLIC        LCD_return_home
  C:4BFEH         PUBLIC        _Display_Pos
  B:00B0H.3       PUBLIC        LCD_E
  D:00D0H         PUBLIC        PSW
  -------         PROC          LCD_INIT
  C:5B93H         LINE#         9
  C:5B93H         LINE#         10
  C:5B93H         LINE#         11
  C:5B96H         LINE#         12
  C:5B99H         LINE#         14
  C:5B9FH         LINE#         15
  C:5BA4H         LINE#         17
  C:5BABH         LINE#         18
  C:5BB0H         LINE#         20
  C:5BB3H         LINE#         21
  C:5BB8H         LINE#         23
  C:5BBBH         LINE#         24
  C:5BC0H         LINE#         26
  C:5BC7H         LINE#         29
  C:5BCCH         LINE#         30
  C:5BD1H         LINE#         32
BL51 BANKED LINKER/LOCATER V6.22                                                      07/31/2019  17:49:06  PAGE 22


  C:5BD6H         LINE#         33
  C:5BDBH         LINE#         35
  C:5BE0H         LINE#         36
  C:5BE5H         LINE#         37
  -------         ENDPROC       LCD_INIT
  C:59DFH         SYMBOL        L?0035
  -------         PROC          L?0034
  -------         ENDPROC       L?0034
  C:59DFH         SYMBOL        L?0035
  -------         PROC          _WRITEDATA
  X:04F4H         SYMBOL        dat
  C:59E3H         LINE#         40
  C:59E8H         LINE#         41
  C:59E8H         LINE#         46
  C:59EAH         LINE#         47
  C:59ECH         LINE#         49
  C:59FAH         LINE#         50
  C:5A06H         LINE#         51
  C:5A12H         LINE#         52
  C:5A1CH         LINE#         53
  C:5A1EH         LINE#         54
  C:5A25H         LINE#         55
  C:5A27H         LINE#         57
  C:5A37H         LINE#         58
  C:5A42H         LINE#         59
  C:5A4CH         LINE#         60
  C:5A50H         LINE#         62
  C:5A50H         LINE#         63
  C:5A53H         LINE#         64
  C:5A55H         LINE#         65
  C:5A57H         LINE#         67
  -------         ENDPROC       _WRITEDATA
  -------         PROC          _COMMAND
  D:0007H         SYMBOL        dat
  C:5D65H         LINE#         69
  C:5D65H         LINE#         70
  C:5D65H         LINE#         71
  C:5D67H         LINE#         72
  C:5D69H         LINE#         74
  C:5D73H         LINE#         75
  C:5D77H         LINE#         77
  C:5D79H         LINE#         78
  C:5D82H         LINE#         79
  C:5D86H         LINE#         81
  C:5D88H         LINE#         82
  C:5D8FH         LINE#         83
  C:5D93H         LINE#         85
  C:5D95H         LINE#         86
  C:5D99H         LINE#         87
  C:5D9DH         LINE#         89
  C:5D9FH         LINE#         90
  C:5D9FH         LINE#         91
  C:5DA2H         LINE#         92
  C:5DA4H         LINE#         93
  -------         ENDPROC       _COMMAND
  C:5FC9H         SYMBOL        L?0037
  -------         PROC          L?0036
BL51 BANKED LINKER/LOCATER V6.22                                                      07/31/2019  17:49:06  PAGE 23


  -------         ENDPROC       L?0036
  C:5FC9H         SYMBOL        L?0037
  -------         PROC          _WAIT_MS
  D:0006H         SYMBOL        ms
  -------         DO            
  D:0004H         SYMBOL        De_Cnt
  -------         ENDDO         
  C:5FCDH         LINE#         95
  C:5FCDH         LINE#         96
  C:5FCDH         LINE#         98
  C:5FD7H         LINE#         99
  C:5FD7H         LINE#         100
  C:5FEAH         LINE#         101
  C:5FEAH         LINE#         102
  -------         ENDPROC       _WAIT_MS
  -------         PROC          _DISPLAYLCD
  D:0007H         SYMBOL        BCD
  -------         DO            
  D:0006H         SYMBOL        first_digit
  X:03F8H         SYMBOL        second_digit
  -------         ENDDO         
  C:608EH         LINE#         103
  C:608EH         LINE#         104
  C:608EH         LINE#         106
  C:6095H         LINE#         107
  C:609EH         LINE#         109
  C:60A3H         LINE#         111
  -------         ENDPROC       _DISPLAYLCD
  -------         PROC          LCD_RETURN_HOME
  C:622BH         LINE#         115
  C:622BH         LINE#         116
  C:622BH         LINE#         117
  C:6230H         LINE#         118
  -------         ENDPROC       LCD_RETURN_HOME
  -------         PROC          LCD_CLEAR
  C:6235H         LINE#         121
  C:6235H         LINE#         122
  C:6235H         LINE#         123
  C:623AH         LINE#         124
  -------         ENDPROC       LCD_CLEAR
  -------         PROC          _DISPLAY_LINE
  D:0006H         SYMBOL        line
  C:6125H         LINE#         128
  C:6125H         LINE#         129
  C:6125H         LINE#         130
  C:612BH         LINE#         131
  C:612BH         LINE#         132
  C:612DH         LINE#         133
  C:612DH         LINE#         134
  C:612FH         LINE#         136
  C:612FH         LINE#         137
  C:6134H         LINE#         138
  C:6139H         LINE#         139
  C:6139H         LINE#         140
  -------         ENDPROC       _DISPLAY_LINE
  -------         PROC          _DISPLAY_POS
  X:04E9H         SYMBOL        sign_dat
BL51 BANKED LINKER/LOCATER V6.22                                                      07/31/2019  17:49:06  PAGE 24


  -------         DO            
  X:04EDH         SYMBOL        unit
  X:04EEH         SYMBOL        ten
  X:04EFH         SYMBOL        hundred
  X:04F0H         SYMBOL        thousand
  X:04F1H         SYMBOL        after_dot
  X:04F2H         SYMBOL        dat
  -------         ENDDO         
  C:4BFEH         LINE#         142
  C:4C04H         LINE#         143
  C:4C04H         LINE#         147
  C:4C20H         LINE#         148
  C:4C3AH         LINE#         149
  C:4C5EH         LINE#         151
  C:4CA8H         LINE#         153
  C:4CBFH         LINE#         154
  C:4CD1H         LINE#         155
  C:4CF6H         LINE#         156
  C:4D10H         LINE#         157
  C:4D28H         LINE#         158
  C:4D28H         LINE#         159
  C:4D28H         LINE#         160
  C:4D28H         LINE#         161
  C:4D28H         LINE#         162
  C:4D28H         LINE#         163
  C:4D28H         LINE#         164
  C:4D28H         LINE#         168
  C:4D2AH         LINE#         170
  C:4D2AH         LINE#         172
  C:4D2FH         LINE#         173
  C:4D35H         LINE#         174
  C:4D3BH         LINE#         175
  C:4D41H         LINE#         176
  C:4D47H         LINE#         177
  C:4D4CH         LINE#         178
  C:4D52H         LINE#         182
  C:4D52H         LINE#         184
  -------         ENDPROC       _DISPLAY_POS
  -------         ENDMOD        LCD_DRIVER_SPLC780D

  -------         MODULE        KEYPAD
  C:0000H         SYMBOL        _ICE_DUMMY_
  D:0093H         PUBLIC        P0M1
  D:0080H         PUBLIC        P0
  D:0090H         PUBLIC        P1
  D:00A0H         PUBLIC        P2
  D:00B0H         PUBLIC        P3
  D:00C0H         PUBLIC        P4
  D:00C8H         PUBLIC        P5
  D:00E8H         PUBLIC        P6
  D:00F8H         PUBLIC        P7
  D:00A8H         PUBLIC        IE
  C:45FAH         PUBLIC        Key_Scan
  D:00B8H         PUBLIC        IP
  D:00D8H         PUBLIC        CCON
  C:6213H         PUBLIC        KeyPad_IO_Init
  C:6070H         PUBLIC        _Delay_ms
BL51 BANKED LINKER/LOCATER V6.22                                                      07/31/2019  17:49:06  PAGE 25


  D:0098H         PUBLIC        SCON
  D:0088H         PUBLIC        TCON
  X:0633H         PUBLIC        small_move
  X:0635H         PUBLIC        move
  X:0637H         PUBLIC        auto_mode
  X:0639H         PUBLIC        direction
  X:063BH         PUBLIC        SPI_NOR_ClearEnable
  C:3D27H         PUBLIC        Key_Process
  D:00D0H         PUBLIC        PSW
  D:0094H         PUBLIC        P0M0
  -------         PROC          _DELAY_MS
  D:0006H         SYMBOL        ms
  -------         DO            
  D:0004H         SYMBOL        De_Cnt
  -------         ENDDO         
  C:6070H         LINE#         20
  C:6070H         LINE#         21
  C:6070H         LINE#         23
  C:607AH         LINE#         24
  C:607AH         LINE#         25
  C:608DH         LINE#         26
  C:608DH         LINE#         27
  -------         ENDPROC       _DELAY_MS
  -------         PROC          KEY_SCAN
  -------         DO            
  X:03FEH         SYMBOL        KeyTemp1
  X:03FFH         SYMBOL        KeyTemp2
  X:0400H         SYMBOL        KeyValue
  -------         ENDDO         
  C:45FAH         LINE#         28
  C:45FAH         LINE#         29
  C:45FAH         LINE#         34
  C:45FDH         LINE#         37
  C:4600H         LINE#         39
  C:4608H         LINE#         40
  C:460FH         LINE#         41
  C:460FH         LINE#         43
  C:4614H         LINE#         44
  C:461BH         LINE#         45
  C:461BH         LINE#         48
  C:461EH         LINE#         49
  C:4621H         LINE#         50
  C:4626H         LINE#         51
  C:462AH         LINE#         52
  C:462AH         LINE#         53
  C:4632H         LINE#         54
  C:4632H         LINE#         55
  C:4635H         LINE#         56
  C:463DH         LINE#         57
  C:463FH         LINE#         59
  C:4653H         LINE#         60
  C:4653H         LINE#         61
  C:4653H         LINE#         62
  C:4653H         LINE#         63
  C:4659H         LINE#         65
  C:465BH         LINE#         66
  C:465BH         LINE#         67
BL51 BANKED LINKER/LOCATER V6.22                                                      07/31/2019  17:49:06  PAGE 26


  C:465BH         LINE#         68
  C:4661H         LINE#         70
  C:4663H         LINE#         71
  C:4663H         LINE#         72
  C:4663H         LINE#         73
  C:4669H         LINE#         75
  C:466BH         LINE#         76
  C:466BH         LINE#         77
  C:466BH         LINE#         78
  C:4671H         LINE#         80
  C:4671H         LINE#         81
  C:4671H         LINE#         82
  C:4671H         LINE#         85
  C:4674H         LINE#         86
  C:4677H         LINE#         87
  C:467FH         LINE#         88
  C:4683H         LINE#         89
  C:4683H         LINE#         90
  C:468BH         LINE#         91
  C:468BH         LINE#         92
  C:468EH         LINE#         93
  C:4696H         LINE#         94
  C:4698H         LINE#         95
  C:46ACH         LINE#         96
  C:46ACH         LINE#         97
  C:46ACH         LINE#         98
  C:46ACH         LINE#         99
  C:46B2H         LINE#         101
  C:46B4H         LINE#         102
  C:46B4H         LINE#         103
  C:46B4H         LINE#         104
  C:46BAH         LINE#         106
  C:46BCH         LINE#         107
  C:46BCH         LINE#         108
  C:46BCH         LINE#         109
  C:46C2H         LINE#         111
  C:46C4H         LINE#         112
  C:46C4H         LINE#         113
  C:46C4H         LINE#         114
  C:46C9H         LINE#         116
  C:46C9H         LINE#         117
  C:46C9H         LINE#         118
  C:46C9H         LINE#         121
  C:46CCH         LINE#         122
  C:46CFH         LINE#         123
  C:46D7H         LINE#         124
  C:46DBH         LINE#         125
  C:46DBH         LINE#         126
  C:46E3H         LINE#         127
  C:46E3H         LINE#         128
  C:46E6H         LINE#         129
  C:46EEH         LINE#         130
  C:46F0H         LINE#         131
  C:4704H         LINE#         132
  C:4704H         LINE#         133
  C:4704H         LINE#         134
  C:4704H         LINE#         135
BL51 BANKED LINKER/LOCATER V6.22                                                      07/31/2019  17:49:06  PAGE 27


  C:470AH         LINE#         137
  C:470CH         LINE#         138
  C:470CH         LINE#         139
  C:470CH         LINE#         140
  C:4712H         LINE#         142
  C:4714H         LINE#         143
  C:4714H         LINE#         144
  C:4714H         LINE#         145
  C:471AH         LINE#         147
  C:471CH         LINE#         148
  C:471CH         LINE#         149
  C:471CH         LINE#         150
  C:4722H         LINE#         152
  C:4722H         LINE#         153
  C:4722H         LINE#         154
  C:4722H         LINE#         158
  C:4725H         LINE#         159
  C:4728H         LINE#         160
  C:4730H         LINE#         161
  C:4734H         LINE#         162
  C:4734H         LINE#         163
  C:473CH         LINE#         164
  C:473CH         LINE#         165
  C:473FH         LINE#         166
  C:4747H         LINE#         167
  C:4749H         LINE#         168
  C:475DH         LINE#         169
  C:475DH         LINE#         170
  C:475DH         LINE#         171
  C:475DH         LINE#         172
  C:4763H         LINE#         174
  C:4765H         LINE#         175
  C:4765H         LINE#         176
  C:4765H         LINE#         177
  C:476BH         LINE#         179
  C:476DH         LINE#         180
  C:476DH         LINE#         181
  C:476DH         LINE#         182
  C:4773H         LINE#         184
  C:4775H         LINE#         185
  C:4775H         LINE#         186
  C:4775H         LINE#         187
  C:477BH         LINE#         189
  C:477BH         LINE#         190
  C:477BH         LINE#         191
  C:477BH         LINE#         193
  C:4781H         LINE#         194
  C:4781H         LINE#         196
  C:4781H         LINE#         197
  C:4784H         LINE#         198
  C:4784H         LINE#         199
  C:4784H         LINE#         201
  C:4784H         LINE#         202
  C:4786H         LINE#         203
  C:4786H         LINE#         204
  -------         ENDPROC       KEY_SCAN
  -------         PROC          KEY_PROCESS
BL51 BANKED LINKER/LOCATER V6.22                                                      07/31/2019  17:49:06  PAGE 28


  -------         DO            
  X:0624H         SYMBOL        KeyCount
  X:0625H         SYMBOL        KeyNum_Old
  X:0627H         SYMBOL        KeyNum
  X:0629H         SYMBOL        PressedKey
  X:03F8H         SYMBOL        d
  D:0002H         SYMBOL        hours
  D:0006H         SYMBOL        mins
  X:03FAH         SYMBOL        months
  X:03FCH         SYMBOL        days
  -------         ENDDO         
  C:3D27H         LINE#         205
  C:3D27H         LINE#         206
  C:3D27H         LINE#         210
  C:3D36H         LINE#         211
  C:3D43H         LINE#         213
  C:3D47H         LINE#         214
  C:3D47H         LINE#         215
  C:3D4DH         LINE#         217
  C:3D4DH         LINE#         218
  C:3D64H         LINE#         219
  C:3D64H         LINE#         220
  C:3D6EH         LINE#         221
  C:3D74H         LINE#         223
  C:3D7AH         LINE#         225
  C:3D7AH         LINE#         226
  C:3D91H         LINE#         227
  C:3D91H         LINE#         228
  C:3D96H         LINE#         230
  C:3D96H         LINE#         231
  C:3DA6H         LINE#         232
  C:3DA6H         LINE#         233
  C:3DACH         LINE#         235
  C:3DACH         LINE#         236
  C:3DBEH         LINE#         237
  C:3DBEH         LINE#         238
  C:3DC8H         LINE#         239
  C:3DD0H         LINE#         241
  C:3DD9H         LINE#         243
  C:3DD9H         LINE#         252
  C:3DF8H         LINE#         253
  C:3DF8H         LINE#         254
  C:3E17H         LINE#         255
  C:3E1DH         LINE#         256
  C:3E25H         LINE#         257
  C:3E25H         LINE#         259
  C:3E26H         LINE#         265
  C:3E32H         LINE#         266
  C:3E32H         LINE#         267
  C:3E4FH         LINE#         268
  C:3E66H         LINE#         269
  C:3E7DH         LINE#         270
  C:3E7DH         LINE#         271
  C:3E90H         LINE#         272
  C:3EA3H         LINE#         273
  C:3EA3H         LINE#         274
  C:3EA3H         LINE#         275
BL51 BANKED LINKER/LOCATER V6.22                                                      07/31/2019  17:49:06  PAGE 29


  C:3EA6H         LINE#         280
  C:3EB5H         LINE#         281
  C:3EB5H         LINE#         282
  C:3ED8H         LINE#         283
  C:3EF5H         LINE#         284
  C:3EFEH         LINE#         285
  C:3EFEH         LINE#         286
  C:3F05H         LINE#         287
  C:3F05H         LINE#         288
  C:3F16H         LINE#         289
  C:3F16H         LINE#         290
  C:3F25H         LINE#         291
  C:3F25H         LINE#         292
  C:3F25H         LINE#         293
  C:3F28H         LINE#         295
  C:3F28H         LINE#         296
  C:3F34H         LINE#         297
  C:3F34H         LINE#         298
  C:3F46H         LINE#         299
  C:3F46H         LINE#         300
  C:3F56H         LINE#         301
  C:3F56H         LINE#         302
  C:3F56H         LINE#         304
  C:3F58H         LINE#         306
  C:3F58H         LINE#         307
  C:3F67H         LINE#         308
  C:3F67H         LINE#         309
  C:3F77H         LINE#         310
  C:3F77H         LINE#         311
  C:3F77H         LINE#         313
  C:3F77H         LINE#         315
  C:3F77H         LINE#         316
  C:3F79H         LINE#         318
  C:3F79H         LINE#         319
  C:3F80H         LINE#         320
  C:3F80H         LINE#         321
  C:3F8FH         LINE#         322
  C:3F8FH         LINE#         323
  C:3F9FH         LINE#         324
  C:3F9FH         LINE#         325
  C:3F9FH         LINE#         326
  C:3FA1H         LINE#         328
  C:3FA1H         LINE#         329
  C:3FB0H         LINE#         330
  C:3FB0H         LINE#         331
  C:3FC3H         LINE#         332
  C:3FD6H         LINE#         333
  C:3FD6H         LINE#         334
  C:3FD6H         LINE#         335
  C:3FD6H         LINE#         336
  C:3FDFH         LINE#         338
  C:3FDFH         LINE#         340
  C:4019H         LINE#         341
  C:4019H         LINE#         342
  C:4020H         LINE#         343
  C:4020H         LINE#         344
  C:402AH         LINE#         345
BL51 BANKED LINKER/LOCATER V6.22                                                      07/31/2019  17:49:06  PAGE 30


  C:402AH         LINE#         346
  C:402DH         LINE#         347
  C:4032H         LINE#         348
  C:4037H         LINE#         349
  C:403CH         LINE#         350
  C:4041H         LINE#         351
  C:4046H         LINE#         352
  C:404BH         LINE#         353
  C:4050H         LINE#         354
  C:4050H         LINE#         355
  C:4050H         LINE#         357
  C:406EH         LINE#         358
  C:406EH         LINE#         359
  C:4075H         LINE#         360
  C:4075H         LINE#         361
  C:407AH         LINE#         362
  C:4083H         LINE#         363
  C:40A2H         LINE#         364
  C:40A2H         LINE#         365
  C:40B2H         LINE#         367
  C:40B2H         LINE#         371
  -------         ENDPROC       KEY_PROCESS
  -------         PROC          KEYPAD_IO_INIT
  C:6213H         LINE#         374
  C:6213H         LINE#         375
  C:6213H         LINE#         376
  C:6216H         LINE#         377
  C:6219H         LINE#         378
  C:621CH         LINE#         379
  C:621EH         LINE#         380
  -------         ENDPROC       KEYPAD_IO_INIT
  -------         ENDMOD        KEYPAD

  -------         MODULE        BIPOLARMOTOR
  C:0000H         SYMBOL        _ICE_DUMMY_
  X:0000H         PUBLIC        UTC_time
  D:0080H         PUBLIC        P0
  D:0090H         PUBLIC        P1
  X:0004H         PUBLIC        RX_pos_test
  D:00A0H         PUBLIC        P2
  D:00B0H         PUBLIC        P3
  D:00C0H         PUBLIC        P4
  D:00C8H         PUBLIC        P5
  D:00E8H         PUBLIC        P6
  D:00F8H         PUBLIC        P7
  X:00A4H         PUBLIC        low_date_azimuth_mapping
  D:00A8H         PUBLIC        IE
  C:53A3H         PUBLIC        linear_interpolate
  X:00CCH         PUBLIC        declination
  C:5F04H         PUBLIC        _Move
  D:00B8H         PUBLIC        IP
  X:00D0H         PUBLIC        time_offset
  D:00D8H         PUBLIC        CCON
  X:00D4H         PUBLIC        previous_move_time
  X:00D5H         PUBLIC        time
  D:0098H         PUBLIC        SCON
  D:0088H         PUBLIC        TCON
BL51 BANKED LINKER/LOCATER V6.22                                                      07/31/2019  17:49:06  PAGE 31


  C:5DA5H         PUBLIC        _Step_move
  X:00E7H         PUBLIC        dat
  X:00EDH         PUBLIC        current_local_sun_time
  C:296AH         PUBLIC        _Update_position
  C:40B3H         PUBLIC        _elevation_calculation
  X:00F1H         PUBLIC        sunCoord
  C:5C8DH         PUBLIC        vOneStepMove
  X:00F4H         PUBLIC        elevation_stamp
  X:0130H         PUBLIC        date_azimuth_mapping
  X:0158H         PUBLIC        location
  X:0160H         PUBLIC        RX_pos
  C:613AH         PUBLIC        vSetLocation
  C:60B5H         PUBLIC        _BCDtoDec1
  X:03B8H         PUBLIC        degree
  C:2F9BH         PUBLIC        _TheoricalJP_Position
  D:00D0H         PUBLIC        PSW
  -------         PROC          VSETLOCATION
  C:613AH         LINE#         44
  C:613AH         LINE#         45
  C:613AH         LINE#         46
  C:6144H         LINE#         47
  C:614EH         LINE#         48
  -------         ENDPROC       VSETLOCATION
  C:60B1H         SYMBOL        L?0060
  -------         PROC          L?0059
  -------         ENDPROC       L?0059
  C:60B1H         SYMBOL        L?0060
  -------         PROC          _BCDTODEC1
  D:0007H         SYMBOL        bcd
  -------         DO            
  D:0006H         SYMBOL        hi
  D:0007H         SYMBOL        lo
  -------         ENDDO         
  C:60B5H         LINE#         49
  C:60B5H         LINE#         50
  C:60B5H         LINE#         52
  C:60BAH         LINE#         53
  C:60BEH         LINE#         54
  C:60C5H         LINE#         55
  -------         ENDPROC       _BCDTODEC1
  -------         PROC          VONESTEPMOVE
  B:0020H.3       SYMBOL        bDir
  C:5C8DH         LINE#         59
  C:5C8DH         LINE#         60
  C:5C8DH         LINE#         62
  C:5C93H         LINE#         63
  C:5C93H         LINE#         64
  C:5C96H         LINE#         65
  C:5C9FH         LINE#         66
  C:5CA6H         LINE#         67
  C:5CABH         LINE#         68
  C:5CABH         LINE#         69
  C:5CABH         LINE#         71
  C:5CADH         LINE#         74
  C:5CADH         LINE#         75
  C:5CB0H         LINE#         76
  C:5CB9H         LINE#         77
BL51 BANKED LINKER/LOCATER V6.22                                                      07/31/2019  17:49:06  PAGE 32


  C:5CC0H         LINE#         78
  C:5CC6H         LINE#         79
  C:5CCFH         LINE#         80
  C:5CD6H         LINE#         81
  C:5CD6H         LINE#         85
  -------         ENDPROC       VONESTEPMOVE
  -------         PROC          _STEP_MOVE
  X:04EDH         SYMBOL        step
  B:0020H.2       SYMBOL        dir
  -------         DO            
  X:04EFH         SYMBOL        i
  -------         ENDDO         
  C:5DA5H         LINE#         87
  C:5DADH         LINE#         88
  C:5DADH         LINE#         90
  C:5DB2H         LINE#         93
  C:5DCDH         LINE#         94
  C:5DCDH         LINE#         95
  C:5DD4H         LINE#         97
  C:5DE4H         LINE#         99
  -------         ENDPROC       _STEP_MOVE
  -------         PROC          _MOVE
  X:04E9H         SYMBOL        distance
  B:0020H.1       SYMBOL        direction
  -------         DO            
  D:0006H         SYMBOL        step
  -------         ENDDO         
  C:5F04H         LINE#         101
  C:5F0AH         LINE#         102
  C:5F0AH         LINE#         105
  C:5F25H         LINE#         108
  -------         ENDPROC       _MOVE
  C:5392H         SYMBOL        L?0058
  -------         PROC          L?0057
  -------         ENDPROC       L?0057
  C:5392H         SYMBOL        L?0058
  -------         PROC          LINEAR_INTERPOLATE
  X:049EH         SYMBOL        p1
  X:04A6H         SYMBOL        p2
  X:04AEH         SYMBOL        x
  -------         DO            
  D:0004H         SYMBOL        fx
  -------         ENDDO         
  C:53A3H         LINE#         141
  C:53A3H         LINE#         142
  C:53A3H         LINE#         145
  C:5442H         LINE#         147
  C:5442H         LINE#         148
  -------         ENDPROC       LINEAR_INTERPOLATE
  -------         PROC          _THEORICALJP_POSITION
  X:0442H         SYMBOL        azimuth
  X:0446H         SYMBOL        elevation
  -------         DO            
  X:044AH         SYMBOL        pos_interpolate_azimuth
  X:0486H         SYMBOL        JP_pos
  X:048AH         SYMBOL        i
  X:048CH         SYMBOL        yy
BL51 BANKED LINKER/LOCATER V6.22                                                      07/31/2019  17:49:06  PAGE 33


  X:048EH         SYMBOL        p1
  X:0496H         SYMBOL        p2
  -------         ENDDO         
  C:2F9BH         LINE#         151
  C:2FA1H         LINE#         152
  C:2FA1H         LINE#         154
  C:2FABH         LINE#         157
  C:2FC7H         LINE#         158
  C:2FC7H         LINE#         159
  C:3037H         LINE#         160
  C:3037H         LINE#         161
  C:303EH         LINE#         162
  C:303EH         LINE#         163
  C:306BH         LINE#         164
  C:3086H         LINE#         166
  C:30CDH         LINE#         167
  C:3101H         LINE#         169
  C:3147H         LINE#         170
  C:316CH         LINE#         172
  C:316CH         LINE#         174
  C:31E2H         LINE#         175
  C:31E2H         LINE#         176
  C:31E9H         LINE#         177
  C:31E9H         LINE#         178
  C:3216H         LINE#         179
  C:3231H         LINE#         181
  C:3278H         LINE#         182
  C:32ACH         LINE#         184
  C:32F2H         LINE#         185
  C:3314H         LINE#         187
  C:3314H         LINE#         188
  C:3328H         LINE#         191
  C:3344H         LINE#         192
  C:3344H         LINE#         193
  C:33B4H         LINE#         194
  C:33B4H         LINE#         195
  C:33E1H         LINE#         196
  C:33FCH         LINE#         198
  C:3429H         LINE#         199
  C:3444H         LINE#         201
  C:3476H         LINE#         204
  C:3476H         LINE#         206
  C:3487H         LINE#         207
  C:3495H         LINE#         209
  -------         ENDPROC       _THEORICALJP_POSITION
  -------         PROC          _UPDATE_POSITION
  D:0001H         SYMBOL        mnths
  D:0002H         SYMBOL        dys
  X:041EH         SYMBOL        hurs
  X:041FH         SYMBOL        mns
  X:0420H         SYMBOL        sconds
  X:0421H         SYMBOL        currnt_pos
  X:0424H         SYMBOL        offset_calib
  -------         DO            
  X:0428H         SYMBOL        date
  X:042AH         SYMBOL        i
  X:042CH         SYMBOL        yy
BL51 BANKED LINKER/LOCATER V6.22                                                      07/31/2019  17:49:06  PAGE 34


  X:042EH         SYMBOL        desired_distance
  X:0432H         SYMBOL        distance
  X:0436H         SYMBOL        JP_pos
  X:043AH         SYMBOL        elevation
  X:043EH         SYMBOL        azimuth
  -------         ENDDO         
  C:296AH         LINE#         212
  C:2973H         LINE#         215
[...]
  C:4820H         LINE#         331
  C:4820H         LINE#         332
  C:4820H         LINE#         334
  C:4823H         LINE#         336
  C:483DH         LINE#         337
  C:483DH         LINE#         338
  C:483DH         LINE#         340
  C:4840H         LINE#         342
  C:485AH         LINE#         343
  C:485AH         LINE#         344
  C:485AH         LINE#         346
  C:485DH         LINE#         348
  C:4877H         LINE#         349
  C:4877H         LINE#         350
  C:4877H         LINE#         352
  C:487AH         LINE#         354
  C:4894H         LINE#         355
  C:4894H         LINE#         356
  C:4894H         LINE#         358
  C:4897H         LINE#         360
  C:48B1H         LINE#         361
  C:48B1H         LINE#         362
BL51 BANKED LINKER/LOCATER V6.22                                                      07/31/2019  17:49:06  PAGE 52


  C:48B1H         LINE#         364
  C:48B4H         LINE#         366
  C:48CEH         LINE#         367
  C:48CEH         LINE#         368
  C:48CEH         LINE#         370
  C:48D1H         LINE#         372
  C:48EBH         LINE#         373
  C:48F2H         LINE#         374
  -------         ENDPROC       SPI_NOR_WRITE_DATA
  -------         ENDMOD        AT25SF041

  -------         MODULE        SI1120
  C:0000H         SYMBOL        _ICE_DUMMY_
  D:0080H         PUBLIC        P0
  D:00B2H         PUBLIC        P3M0
  D:0090H         PUBLIC        P1
  D:00B1H         PUBLIC        P3M1
  D:00A0H         PUBLIC        P2
  D:00B0H         PUBLIC        P3
  D:00C0H         PUBLIC        P4
  D:00C8H         PUBLIC        P5
  B:00A8H.7       PUBLIC        EA
  D:00E8H         PUBLIC        P6
  D:00F8H         PUBLIC        P7
  D:00A8H         PUBLIC        IE
  D:00B8H         PUBLIC        IP
  C:5E53H         PUBLIC        SI1120_CONFIG_MODE_VIRH
  D:00D8H         PUBLIC        CCON
  D:0098H         PUBLIC        SCON
  D:0088H         PUBLIC        TCON
  C:61F9H         PUBLIC        Enable_EXTINT0
  B:0090H.5       PUBLIC        SI1120_STX
  B:0088H.0       PUBLIC        IT0
  B:00A8H.0       PUBLIC        EX0
  B:0090H.4       PUBLIC        SI1120_MD
  B:0090H.6       PUBLIC        SI1120_SC
  D:00D0H         PUBLIC        PSW
  -------         PROC          SI1120_CONFIG_MODE_VIRH
  C:5E53H         LINE#         4
  C:5E53H         LINE#         5
  C:5E53H         LINE#         6
  C:5E55H         LINE#         7
  C:5E57H         LINE#         8
  C:5E59H         LINE#         10
  C:5E60H         LINE#         11
  C:5E62H         LINE#         13
  C:5E64H         LINE#         14
  C:5E66H         LINE#         16
  C:5E6DH         LINE#         18
  C:5E6FH         LINE#         20
  C:5E76H         LINE#         23
  C:5E78H         LINE#         25
  C:5E7AH         LINE#         27
  C:5E81H         LINE#         29
  C:5E83H         LINE#         31
  -------         ENDPROC       SI1120_CONFIG_MODE_VIRH
  -------         PROC          ENABLE_EXTINT0
BL51 BANKED LINKER/LOCATER V6.22                                                      07/31/2019  17:49:06  PAGE 53


  C:61F9H         LINE#         33
  C:61F9H         LINE#         34
  C:61F9H         LINE#         35
  C:61FCH         LINE#         36
  C:61FFH         LINE#         37
  C:6201H         LINE#         38
  C:6203H         LINE#         39
  C:6205H         LINE#         40
  -------         ENDPROC       ENABLE_EXTINT0
  -------         ENDMOD        SI1120

  -------         MODULE        UART1
  C:0000H         SYMBOL        _ICE_DUMMY_
  D:0080H         PUBLIC        P0
  D:0090H         PUBLIC        P1
  D:00A0H         PUBLIC        P2
  D:00B0H         PUBLIC        P3
  D:00C0H         PUBLIC        P4
  D:00C8H         PUBLIC        P5
  C:5FEBH         PUBLIC        _uart1_SendToTCPServer
  B:00A8H.7       PUBLIC        EA
  D:00E8H         PUBLIC        P6
  D:00F8H         PUBLIC        P7
  C:5E20H         PUBLIC        _SendString
  D:00A8H         PUBLIC        IE
  B:00A8H.4       PUBLIC        ES
  D:00B8H         PUBLIC        IP
  C:60F8H         PUBLIC        _ASCIItoBCD
  D:00D8H         PUBLIC        CCON
  C:61AEH         PUBLIC        initUART1
  D:0098H         PUBLIC        SCON
  D:0088H         PUBLIC        TCON
  C:6267H         PUBLIC        _DectoBCD
  C:001EH         PUBLIC        _ASCII_Letter
  D:008EH         PUBLIC        AUXR
  C:0006H         PUBLIC        _unit
  C:6260H         PUBLIC        _ten
  D:00D6H         PUBLIC        T2H
  D:00D7H         PUBLIC        T2L
  C:6251H         PUBLIC        uart1_InitTCPConn
  D:00D0H         PUBLIC        PSW
  -------         PROC          INITUART1
  C:61AEH         LINE#         24
  C:61AEH         LINE#         25
  C:61AEH         LINE#         26
  C:61B1H         LINE#         27
  C:61B4H         LINE#         28
  C:61B7H         LINE#         29
  C:61BAH         LINE#         30
  C:61BCH         LINE#         31
  C:61BEH         LINE#         33
  -------         ENDPROC       INITUART1
  -------         PROC          _SENDSTRING
  X:04E9H         SYMBOL        s
  C:5E20H         LINE#         36
  C:5E2BH         LINE#         37
  C:5E2BH         LINE#         38
BL51 BANKED LINKER/LOCATER V6.22                                                      07/31/2019  17:49:06  PAGE 54


  C:5E3BH         LINE#         39
  C:5E3BH         LINE#         40
  C:5E50H         LINE#         41
  C:5E52H         LINE#         42
  -------         ENDPROC       _SENDSTRING
  -------         PROC          _TEN
  D:0007H         SYMBOL        BCD
  C:6260H         LINE#         44
  C:6260H         LINE#         45
  C:6260H         LINE#         46
  C:6265H         LINE#         47
  -------         ENDPROC       _TEN
  -------         PROC          _UNIT
  D:0007H         SYMBOL        BCD
  C:0006H         LINE#         48
  C:0006H         LINE#         49
  C:0006H         LINE#         53
  C:000AH         LINE#         54
  -------         ENDPROC       _UNIT
  -------         PROC          _DECTOBCD
  D:0007H         SYMBOL        dec
  C:6267H         LINE#         55
  C:6267H         LINE#         56
  C:6267H         LINE#         58
  C:6267H         LINE#         59
  -------         ENDPROC       _DECTOBCD
  -------         PROC          _ASCII_LETTER
  D:0007H         SYMBOL        dat
  C:001EH         LINE#         61
  C:001EH         LINE#         62
  C:001EH         LINE#         64
  C:0022H         LINE#         65
  -------         ENDPROC       _ASCII_LETTER
  -------         PROC          _ASCIITOBCD
  D:0001H         SYMBOL        ascii
  -------         DO            
  D:0007H         SYMBOL        dec_val
  D:0006H         SYMBOL        ten
  D:0007H         SYMBOL        unit
  -------         ENDDO         
  C:60F8H         LINE#         67
  C:60F8H         LINE#         68
  C:60F8H         LINE#         70
  C:60FBH         LINE#         71
  C:6101H         LINE#         72
  C:6108H         LINE#         73
  C:610EH         LINE#         75
  -------         ENDPROC       _ASCIITOBCD
  -------         PROC          UART1_INITTCPCONN
  C:6251H         LINE#         77
  C:6251H         LINE#         78
  C:6251H         LINE#         82
  -------         ENDPROC       UART1_INITTCPCONN
  -------         PROC          _UART1_SENDTOTCPSERVER
  X:03F8H         SYMBOL        str
  C:5FEBH         LINE#         85
  C:5FF6H         LINE#         86
BL51 BANKED LINKER/LOCATER V6.22                                                      07/31/2019  17:49:06  PAGE 55


  C:5FF6H         LINE#         87
  C:5FFFH         LINE#         88
  C:6006H         LINE#         89
  -------         ENDPROC       _UART1_SENDTOTCPSERVER
  -------         ENDMOD        UART1

  -------         MODULE        ?C_STARTUP
  C:58CBH         SEGMENT       ?C_C51STARTUP
  I:0022H         SEGMENT       ?STACK
  C:0000H         PUBLIC        ?C_STARTUP
  D:00E0H         SYMBOL        ACC
  D:00F0H         SYMBOL        B
  D:0083H         SYMBOL        DPH
  D:0082H         SYMBOL        DPL
  N:0000H         SYMBOL        IBPSTACK
  N:0100H         SYMBOL        IBPSTACKTOP
  N:0080H         SYMBOL        IDATALEN
  C:58CEH         SYMBOL        IDATALOOP
  N:0000H         SYMBOL        PBPSTACK
  N:0100H         SYMBOL        PBPSTACKTOP
  N:0000H         SYMBOL        PDATALEN
  N:0000H         SYMBOL        PDATASTART
  N:0000H         SYMBOL        PPAGE
  N:0000H         SYMBOL        PPAGEENABLE
  D:00A0H         SYMBOL        PPAGE_SFR
  D:0081H         SYMBOL        SP
  C:58CBH         SYMBOL        STARTUP1
  N:0000H         SYMBOL        XBPSTACK
  N:0000H         SYMBOL        XBPSTACKTOP
  N:0000H         SYMBOL        XDATALEN
  N:0000H         SYMBOL        XDATASTART
  C:0000H         LINE#         126
  C:58CBH         LINE#         133
  C:58CDH         LINE#         134
  C:58CEH         LINE#         135
  C:58CFH         LINE#         136
  C:58D1H         LINE#         185
  C:58D4H         LINE#         196
  -------         ENDMOD        ?C_STARTUP

  -------         MODULE        ?C?FPADD
  C:0F13H         PUBLIC        ?C?FPADD
  C:0F0FH         PUBLIC        ?C?FPSUB
  -------         ENDMOD        ?C?FPADD

  -------         MODULE        ?C?FPMUL
  C:1004H         PUBLIC        ?C?FPMUL
  -------         ENDMOD        ?C?FPMUL

  -------         MODULE        ?C?FPDIV
  C:110DH         PUBLIC        ?C?FPDIV
  -------         ENDMOD        ?C?FPDIV

  -------         MODULE        ?C?FPCMP
  C:11ACH         PUBLIC        ?C?FPCMP
  C:11AAH         PUBLIC        ?C?FPCMP3
  -------         ENDMOD        ?C?FPCMP
BL51 BANKED LINKER/LOCATER V6.22                                                      07/31/2019  17:49:06  PAGE 56



  -------         MODULE        ?C?FPNEG
  C:1223H         PUBLIC        ?C?FPNEG
  -------         ENDMOD        ?C?FPNEG

  -------         MODULE        ?C?FCAST
  C:123EH         PUBLIC        ?C?FCASTC
  C:1239H         PUBLIC        ?C?FCASTI
  C:1234H         PUBLIC        ?C?FCASTL
  -------         ENDMOD        ?C?FCAST

  -------         MODULE        ?C?CASTF
  C:1272H         PUBLIC        ?C?CASTF
  -------         ENDMOD        ?C?CASTF

  -------         MODULE        PRINTF
  X:04E9H         PUBLIC        ?_PRINTF?BYTE
  X:04E9H         PUBLIC        ?_SPRINTF?BYTE
  C:3501H         PUBLIC        _PRINTF
  C:34FBH         PUBLIC        _SPRINTF
  -------         ENDMOD        PRINTF

  -------         MODULE        FABS
  C:6206H         PUBLIC        _FABS
  -------         ENDMOD        FABS

  -------         MODULE        ATAN2
  X:049FH         PUBLIC        ?_atan2?BYTE
  C:56F8H         PUBLIC        _atan2
  -------         ENDMOD        ATAN2

  -------         MODULE        SIN
  C:4958H         PUBLIC        _COS
  C:496EH         PUBLIC        _SIN
  C:49AAH         PUBLIC        _TAN
  -------         ENDMOD        SIN

  -------         MODULE        ACOS
  C:5CD7H         PUBLIC        _ACOS
  -------         ENDMOD        ACOS

  -------         MODULE        ASIN
  C:5DE5H         PUBLIC        _ASIN
  -------         ENDMOD        ASIN

  -------         MODULE        POW
  X:03BCH         PUBLIC        ?_pow?BYTE
  C:4A98H         PUBLIC        _pow
  -------         ENDMOD        POW

  -------         MODULE        ?C?CHKFLOAT
  C:12F3H         PUBLIC        ?C?CHKFLOAT
  -------         ENDMOD        ?C?CHKFLOAT

  -------         MODULE        ?C?FPROUND
  C:130DH         PUBLIC        ?C?FPROUND
  -------         ENDMOD        ?C?FPROUND
BL51 BANKED LINKER/LOCATER V6.22                                                      07/31/2019  17:49:06  PAGE 57



  -------         MODULE        ?C?FPCONVERT
  C:134AH         PUBLIC        ?C?FPCONVERT
  -------         ENDMOD        ?C?FPCONVERT

  -------         MODULE        EXP
  C:5869H         PUBLIC        _EXP
  -------         ENDMOD        EXP

  -------         MODULE        LOG
  C:4D87H         PUBLIC        _LOG
  C:4D83H         PUBLIC        _LOG10
  -------         ENDMOD        LOG

  -------         MODULE        SQRT
  C:55AFH         PUBLIC        _SQRT
  -------         ENDMOD        SQRT

  -------         MODULE        ATAN
  C:4E9CH         PUBLIC        _ATAN
  -------         ENDMOD        ATAN

  -------         MODULE        ?C?FTNPWR
  C:14CCH         PUBLIC        ?C?FTNPWR
  -------         ENDMOD        ?C?FTNPWR

  -------         MODULE        ?C?COPY
  C:15DCH         PUBLIC        ?C?COPY
  -------         ENDMOD        ?C?COPY

  -------         MODULE        ?C?CLDPTR
  C:1602H         PUBLIC        ?C?CLDPTR
  -------         ENDMOD        ?C?CLDPTR

  -------         MODULE        ?C?CLDOPTR
  C:161BH         PUBLIC        ?C?CLDOPTR
  -------         ENDMOD        ?C?CLDOPTR

  -------         MODULE        ?C?CSTPTR
  C:1648H         PUBLIC        ?C?CSTPTR
  -------         ENDMOD        ?C?CSTPTR

  -------         MODULE        ?C?IMUL
  C:165AH         PUBLIC        ?C?IMUL
  -------         ENDMOD        ?C?IMUL

  -------         MODULE        ?C?UIDIV
  C:166CH         PUBLIC        ?C?UIDIV
  -------         ENDMOD        ?C?UIDIV

  -------         MODULE        ?C?SIDIV
  C:16C1H         PUBLIC        ?C?SIDIV
  -------         ENDMOD        ?C?SIDIV

  -------         MODULE        ?C?ILDIX
  C:16F7H         PUBLIC        ?C?ILDIX
  -------         ENDMOD        ?C?ILDIX
BL51 BANKED LINKER/LOCATER V6.22                                                      07/31/2019  17:49:06  PAGE 58



  -------         MODULE        ?C?ILDOPTR
  C:170DH         PUBLIC        ?C?ILDOPTR
  -------         ENDMOD        ?C?ILDOPTR

  -------         MODULE        ?C?ISTPTR
  C:1745H         PUBLIC        ?C?ISTPTR
  -------         ENDMOD        ?C?ISTPTR

  -------         MODULE        ?C?LMUL
  C:1764H         PUBLIC        ?C?LMUL
  -------         ENDMOD        ?C?LMUL

  -------         MODULE        ?C?SLDIV
  C:5D21H         PUBLIC        ?C?SLDIV
  -------         ENDMOD        ?C?SLDIV

  -------         MODULE        ?C?LNEG
  C:17B3H         PUBLIC        ?C?LNEG
  -------         ENDMOD        ?C?LNEG

  -------         MODULE        ?C?ULCMP
  C:17C1H         PUBLIC        ?C?ULCMP
  -------         ENDMOD        ?C?ULCMP

  -------         MODULE        ?C?LSHL
  C:17D2H         PUBLIC        ?C?LSHL
  -------         ENDMOD        ?C?LSHL

  -------         MODULE        ?C?LLDPTR
  C:17E5H         PUBLIC        ?C?LLDPTR
  -------         ENDMOD        ?C?LLDPTR

  -------         MODULE        ?C?LLDOPTR
  C:1805H         PUBLIC        ?C?LLDOPTR
  -------         ENDMOD        ?C?LLDOPTR

  -------         MODULE        ?C?LSTPTR
  C:1835H         PUBLIC        ?C?LSTPTR
  -------         ENDMOD        ?C?LSTPTR

  -------         MODULE        ?C?LSTOPTR
  C:184FH         PUBLIC        ?C?LSTOPTR
  -------         ENDMOD        ?C?LSTOPTR

  -------         MODULE        ?C?LLDXDATA
  C:1873H         PUBLIC        ?C?LLDXDATA
  -------         ENDMOD        ?C?LLDXDATA

  -------         MODULE        ?C?LLDCODE
  C:187FH         PUBLIC        ?C?LLDCODE
  -------         ENDMOD        ?C?LLDCODE

  -------         MODULE        ?C?LLDXDATA0
  C:188FH         PUBLIC        ?C?LLDXDATA0
  -------         ENDMOD        ?C?LLDXDATA0

BL51 BANKED LINKER/LOCATER V6.22                                                      07/31/2019  17:49:06  PAGE 59


  -------         MODULE        ?C?LLDCODE0
  C:189BH         PUBLIC        ?C?LLDCODE0
  -------         ENDMOD        ?C?LLDCODE0

  -------         MODULE        ?C?LLDPTR0
  C:18ABH         PUBLIC        ?C?LLDPTR0
  -------         ENDMOD        ?C?LLDPTR0

  -------         MODULE        ?C?LSTXDATA
  C:18CBH         PUBLIC        ?C?LSTXDATA
  -------         ENDMOD        ?C?LSTXDATA

  -------         MODULE        ?C?LSTKXDATA
  C:18D7H         PUBLIC        ?C?LSTKXDATA
  -------         ENDMOD        ?C?LSTKXDATA

  -------         MODULE        ?C?LSTKPTR
  C:1908H         PUBLIC        ?C?LSTKPTR
  -------         ENDMOD        ?C?LSTKPTR

  -------         MODULE        ?C?OFFXADD
  C:1922H         PUBLIC        ?C?OFFXADD
  -------         ENDMOD        ?C?OFFXADD

  -------         MODULE        ?C?PLDIXDATA
  C:192EH         PUBLIC        ?C?PLDIXDATA
  -------         ENDMOD        ?C?PLDIXDATA

  -------         MODULE        ?C?PSTXDATA
  C:1945H         PUBLIC        ?C?PSTXDATA
  -------         ENDMOD        ?C?PSTXDATA

  -------         MODULE        ?C?CCASE
  C:194EH         PUBLIC        ?C?CCASE
  -------         ENDMOD        ?C?CCASE

  -------         MODULE        PUTCHAR
  C:5F7BH         PUBLIC        _PUTCHAR
  -------         ENDMOD        PUTCHAR

  -------         MODULE        ABS
  C:621FH         PUBLIC        _ABS
  -------         ENDMOD        ABS

  -------         MODULE        ATOI
  C:52A5H         PUBLIC        _atoi
  -------         ENDMOD        ATOI

  -------         MODULE        ?C?IILDX
  C:1974H         PUBLIC        ?C?IILDX
  -------         ENDMOD        ?C?IILDX

  -------         MODULE        ?C?ULDIV
  C:19C6H         PUBLIC        ?C?ULDIV
  -------         ENDMOD        ?C?ULDIV

  -------         MODULE        ?C?LLDIDATA
BL51 BANKED LINKER/LOCATER V6.22                                                      07/31/2019  17:49:06  PAGE 60


  C:1A58H         PUBLIC        ?C?LLDIDATA
  -------         ENDMOD        ?C?LLDIDATA

  -------         MODULE        ?C?LLDPDATA
  C:1A64H         PUBLIC        ?C?LLDPDATA
  -------         ENDMOD        ?C?LLDPDATA

  -------         MODULE        ?C?LLDIDATA0
  C:1A70H         PUBLIC        ?C?LLDIDATA0
  -------         ENDMOD        ?C?LLDIDATA0

  -------         MODULE        ?C?LLDPDATA0
  C:1A7DH         PUBLIC        ?C?LLDPDATA0
  -------         ENDMOD        ?C?LLDPDATA0

  -------         MODULE        ?C?LSTIDATA
  C:1A8AH         PUBLIC        ?C?LSTIDATA
  -------         ENDMOD        ?C?LSTIDATA

  -------         MODULE        ?C?LSTPDATA
  C:1A96H         PUBLIC        ?C?LSTPDATA
  -------         ENDMOD        ?C?LSTPDATA

  -------         MODULE        ?C?LSTKIDATA
  C:1AA2H         PUBLIC        ?C?LSTKIDATA
  -------         ENDMOD        ?C?LSTKIDATA

  -------         MODULE        ?C?LSTKPDATA
  C:1ABBH         PUBLIC        ?C?LSTKPDATA
  -------         ENDMOD        ?C?LSTKPDATA

  -------         MODULE        ISDIGIT
  C:61DDH         PUBLIC        _isdigit
  -------         ENDMOD        ISDIGIT

  -------         MODULE        ISSPACE
  C:6178H         PUBLIC        _isspace
  -------         ENDMOD        ISSPACE

*** WARNING L16: UNCALLED SEGMENT, IGNORED FOR OVERLAY PROCESS
    SEGMENT: ?PR?_DAY_OF_YEAR?PCF85063BTL

*** WARNING L16: UNCALLED SEGMENT, IGNORED FOR OVERLAY PROCESS
    SEGMENT: ?PR?NOP?IOEXPANDER_PI4IOE5V96248

*** WARNING L16: UNCALLED SEGMENT, IGNORED FOR OVERLAY PROCESS
    SEGMENT: ?PR?UC_ACK?IOEXPANDER_PI4IOE5V96248

*** WARNING L16: UNCALLED SEGMENT, IGNORED FOR OVERLAY PROCESS
    SEGMENT: ?PR?UC_NACK?IOEXPANDER_PI4IOE5V96248

*** WARNING L16: UNCALLED SEGMENT, IGNORED FOR OVERLAY PROCESS
    SEGMENT: ?PR?_AT25SF041_READ?AT25SF041

*** WARNING L16: UNCALLED SEGMENT, IGNORED FOR OVERLAY PROCESS
    SEGMENT: ?PR?_TEN?UART1

BL51 BANKED LINKER/LOCATER V6.22                                                      07/31/2019  17:49:06  PAGE 61


*** WARNING L16: UNCALLED SEGMENT, IGNORED FOR OVERLAY PROCESS
    SEGMENT: ?PR?_UNIT?UART1

*** WARNING L16: UNCALLED SEGMENT, IGNORED FOR OVERLAY PROCESS
    SEGMENT: ?PR?_DECTOBCD?UART1

*** WARNING L16: UNCALLED SEGMENT, IGNORED FOR OVERLAY PROCESS
    SEGMENT: ?PR?_ASCII_LETTER?UART1

*** WARNING L16: UNCALLED SEGMENT, IGNORED FOR OVERLAY PROCESS
    SEGMENT: ?PR?_ASCIITOBCD?UART1

Program Size: data=15.4 xdata=1612 code=25192
LINK/LOCATE RUN COMPLETE.  10 WARNING(S),  0 ERROR(S)
