BL51 BANKED LINKER/LOCATER V6.22                                                        05/29/2019  11:38:35  PAGE 1


BL51 BANKED LINKER/LOCATER V6.22, INVOKED BY:
C:\KEIL_V5\C51\BIN\BL51.EXE .\Obj\main.obj, .\Obj\PCF85063BTL.obj, .\Obj\LCd_Driver_SPLC780D.obj, .\Obj\KeyPad.obj, .\Ob
>> j\BipolarMotor.obj, .\Obj\SunPos.obj, .\Obj\ADC.obj, .\Obj\Calibration.obj, .\Obj\IOExpander_PI4IOE5V96248.obj, .\Obj
>> \AT25SF041.obj, .\Obj\SI1120.obj, .\Obj\UART1.obj, .\Obj\STARTUP.obj TO .\Obj\GPIO_RTC_Test PRINT (.\Lis\GPIO_RTC_Tes
>> t.m51) RAMSIZE (256)


MEMORY MODEL: LARGE WITH FLOATING POINT ARITHMETIC


INPUT MODULES INCLUDED:
  .\Obj\main.obj (MAIN)
  .\Obj\PCF85063BTL.obj (PCF85063BTL)
  .\Obj\LCd_Driver_SPLC780D.obj (LCD_DRIVER_SPLC780D)
  .\Obj\KeyPad.obj (KEYPAD)
  .\Obj\BipolarMotor.obj (BIPOLARMOTOR)
  .\Obj\SunPos.obj (SUNPOS)
  .\Obj\ADC.obj (ADC)
  .\Obj\Calibration.obj (CALIBRATION)
  .\Obj\IOExpander_PI4IOE5V96248.obj (IOEXPANDER_PI4IOE5V96248)
  .\Obj\AT25SF041.obj (AT25SF041)
  .\Obj\SI1120.obj (SI1120)
  .\Obj\UART1.obj (UART1)
  .\Obj\STARTUP.obj (?C_STARTUP)
  C:\KEIL_V5\C51\LIB\C51FPL.LIB (?C?FPADD)
  C:\KEIL_V5\C51\LIB\C51FPL.LIB (?C?FPMUL)
  C:\KEIL_V5\C51\LIB\C51FPL.LIB (?C?FPDIV)
  C:\KEIL_V5\C51\LIB\C51FPL.LIB (?C?FPCMP)
  C:\KEIL_V5\C51\LIB\C51FPL.LIB (?C?FPNEG)
  C:\KEIL_V5\C51\LIB\C51FPL.LIB (?C?FCAST)
  C:\KEIL_V5\C51\LIB\C51FPL.LIB (?C?CASTF)
  C:\KEIL_V5\C51\LIB\C51FPL.LIB (ATAN2)
  C:\KEIL_V5\C51\LIB\C51FPL.LIB (SIN)
  C:\KEIL_V5\C51\LIB\C51FPL.LIB (ACOS)
  C:\KEIL_V5\C51\LIB\C51FPL.LIB (ASIN)
  C:\KEIL_V5\C51\LIB\C51FPL.LIB (POW)
  C:\KEIL_V5\C51\LIB\C51FPL.LIB (?C?FPGETOPN)
  C:\KEIL_V5\C51\LIB\C51FPL.LIB (?C?CHKFLOAT)
  C:\KEIL_V5\C51\LIB\C51FPL.LIB (?C?FPSERIES)
  C:\KEIL_V5\C51\LIB\C51FPL.LIB (EXP)
  C:\KEIL_V5\C51\LIB\C51FPL.LIB (LOG)
  C:\KEIL_V5\C51\LIB\C51FPL.LIB (SQRT)
  C:\KEIL_V5\C51\LIB\C51FPL.LIB (ATAN)
  C:\KEIL_V5\C51\LIB\C51L.LIB (?C_INIT)
  C:\KEIL_V5\C51\LIB\C51L.LIB (?C?COPY)
  C:\KEIL_V5\C51\LIB\C51L.LIB (?C?CLDPTR)
  C:\KEIL_V5\C51\LIB\C51L.LIB (?C?CLDOPTR)
  C:\KEIL_V5\C51\LIB\C51L.LIB (?C?CSTPTR)
  C:\KEIL_V5\C51\LIB\C51L.LIB (?C?IMUL)
  C:\KEIL_V5\C51\LIB\C51L.LIB (?C?UIDIV)
  C:\KEIL_V5\C51\LIB\C51L.LIB (?C?SIDIV)
  C:\KEIL_V5\C51\LIB\C51L.LIB (?C?ILDIX)
  C:\KEIL_V5\C51\LIB\C51L.LIB (?C?ILDOPTR)
  C:\KEIL_V5\C51\LIB\C51L.LIB (?C?ISTPTR)
  C:\KEIL_V5\C51\LIB\C51L.LIB (?C?LMUL)
  C:\KEIL_V5\C51\LIB\C51L.LIB (?C?SLDIV)
  C:\KEIL_V5\C51\LIB\C51L.LIB (?C?LNEG)
  C:\KEIL_V5\C51\LIB\C51L.LIB (?C?ULCMP)
BL51 BANKED LINKER/LOCATER V6.22                                                      05/29/2019  11:38:35  PAGE 2


  C:\KEIL_V5\C51\LIB\C51L.LIB (?C?LSHL)
  C:\KEIL_V5\C51\LIB\C51L.LIB (?C?LLDPTR)
  C:\KEIL_V5\C51\LIB\C51L.LIB (?C?LLDOPTR)
  C:\KEIL_V5\C51\LIB\C51L.LIB (?C?LSTPTR)
  C:\KEIL_V5\C51\LIB\C51L.LIB (?C?LSTOPTR)
  C:\KEIL_V5\C51\LIB\C51L.LIB (?C?LLDXDATA)
  C:\KEIL_V5\C51\LIB\C51L.LIB (?C?LLDCODE)
  C:\KEIL_V5\C51\LIB\C51L.LIB (?C?LLDXDATA0)
  C:\KEIL_V5\C51\LIB\C51L.LIB (?C?LLDCODE0)
  C:\KEIL_V5\C51\LIB\C51L.LIB (?C?LLDPTR0)
  C:\KEIL_V5\C51\LIB\C51L.LIB (?C?LSTXDATA)
  C:\KEIL_V5\C51\LIB\C51L.LIB (?C?LSTKXDATA)
  C:\KEIL_V5\C51\LIB\C51L.LIB (?C?LSTKPTR)
  C:\KEIL_V5\C51\LIB\C51L.LIB (?C?OFFXADD)
  C:\KEIL_V5\C51\LIB\C51L.LIB (ATOI)
  C:\KEIL_V5\C51\LIB\C51L.LIB (?C?IILDX)
  C:\KEIL_V5\C51\LIB\C51L.LIB (?C?ULDIV)
  C:\KEIL_V5\C51\LIB\C51L.LIB (?C?LLDIDATA)
  C:\KEIL_V5\C51\LIB\C51L.LIB (?C?LLDPDATA)
  C:\KEIL_V5\C51\LIB\C51L.LIB (?C?LLDIDATA0)
  C:\KEIL_V5\C51\LIB\C51L.LIB (?C?LLDPDATA0)
  C:\KEIL_V5\C51\LIB\C51L.LIB (?C?LSTIDATA)
  C:\KEIL_V5\C51\LIB\C51L.LIB (?C?LSTPDATA)
  C:\KEIL_V5\C51\LIB\C51L.LIB (?C?LSTKIDATA)
  C:\KEIL_V5\C51\LIB\C51L.LIB (?C?LSTKPDATA)
  C:\KEIL_V5\C51\LIB\C51L.LIB (ISDIGIT)
  C:\KEIL_V5\C51\LIB\C51L.LIB (ISSPACE)


LINK MAP OF MODULE:  .\Obj\GPIO_RTC_Test (MAIN)


            TYPE    BASE      LENGTH    RELOCATION   SEGMENT NAME
            -----------------------------------------------------

            * * * * * * *   D A T A   M E M O R Y   * * * * * * *
            REG     0000H     0008H     ABSOLUTE     "REG BANK 0"
                    0008H     0018H                  *** GAP ***
            BIT     0020H.0   0000H.3   UNIT         _BIT_GROUP_
            BIT     0020H.3   0000H.2   UNIT         ?BI?ATAN?ATAN
            BIT     0020H.5   0000H.1   UNIT         ?BI?MAIN
            BIT     0020H.6   0000H.1   UNIT         ?BI?_MOVE?BIPOLARMOTOR
            BIT     0020H.7   0000H.1   UNIT         ?BI?SIN?SIN
            BIT     0021H.0   0000H.1   UNIT         ?BI?_ATOI?ATOI
                    0021H.1   0000H.7                *** GAP ***
            IDATA   0022H     0001H     UNIT         ?STACK

            * * * * * * *  X D A T A   M E M O R Y  * * * * * * *
            XDATA   0000H     03BCH     UNIT         ?XD?BIPOLARMOTOR
            XDATA   03BCH     0101H     UNIT         ?XD?MAIN
            XDATA   04BDH     00BBH     UNIT         ?XD?_FIND_REAL_MAX?CALIBRATION
            XDATA   0578H     005DH     UNIT         ?XD?SUNPOS?SUNPOS
            XDATA   05D5H     005CH     UNIT         ?XD?_THEORICALJP_POSITION?BIPOLARMOTOR
            XDATA   0631H     004BH     UNIT         _XDATA_GROUP_
            XDATA   067CH     0026H     UNIT         ?XD?_UPDATE_POSITION?BIPOLARMOTOR
            XDATA   06A2H     0024H     UNIT         ?XD?_CALIBRATION?CALIBRATION
            XDATA   06C6H     0019H     UNIT         ?XD?KEYPAD
BL51 BANKED LINKER/LOCATER V6.22                                                      05/29/2019  11:38:35  PAGE 3


            XDATA   06DFH     0018H     UNIT         ?XD?VOLTAGE_IS_STABLE?CALIBRATION
            XDATA   06F7H     0014H     UNIT         ?XD?LINEAR_INTERPOLATE?BIPOLARMOTOR
            XDATA   070BH     000EH     UNIT         ?XD?SPI_NOR_WRITE_DATA?AT25SF041
            XDATA   0719H     0008H     UNIT         ?XD?_AT25SF041_WRITE?AT25SF041
            XDATA   0721H     0008H     UNIT         ?XD?_AT25SF041_READ?AT25SF041
            XDATA   0729H     0008H     UNIT         ?XD?_ATAN2?ATAN2
            XDATA   0731H     0005H     UNIT         ?XD?_ELEVATION_CALCULATION?BIPOLARMOTOR
            XDATA   0736H     0005H     UNIT         ?XD?_ATOI?ATOI
            XDATA   073BH     0004H     UNIT         ?XD?_MOVE?BIPOLARMOTOR
            XDATA   073FH     0004H     UNIT         ?XD?_MAX_VALUE?CALIBRATION
            XDATA   0743H     0004H     UNIT         ?XD?SIN?SIN
            XDATA   0747H     0004H     UNIT         ?XD?SQRT?SQRT
            XDATA   074BH     0004H     UNIT         ?XD?ATAN?ATAN
            XDATA   074FH     0001H     UNIT         ?XD?UC_ACK?IOEXPANDER_PI4IOE5V96248
            XDATA   0750H     0001H     UNIT         ?XD?UC_NACK?IOEXPANDER_PI4IOE5V96248

            * * * * * * *   C O D E   M E M O R Y   * * * * * * *
            CODE    0000H     0003H     ABSOLUTE     
            CODE    0003H     0003H     ABSOLUTE     
            CODE    0006H     0005H     UNIT         ?PR?_UNIT?UART1
            CODE    000BH     0003H     ABSOLUTE     
            CODE    000EH     000DH     UNIT         ?PR?UART?MAIN
            CODE    001BH     0003H     ABSOLUTE     
            CODE    001EH     0005H     UNIT         ?PR?_ASCII_LETTER?UART1
            CODE    0023H     0003H     ABSOLUTE     
            CODE    0026H     09D0H     UNIT         ?C?LIB_CODE
            CODE    09F6H     07A2H     UNIT         ?PR?SUNPOS?SUNPOS
            CODE    1198H     063CH     UNIT         ?PR?_UPDATE_POSITION?BIPOLARMOTOR
            CODE    17D4H     04FCH     UNIT         ?PR?_FIND_REAL_MAX?CALIBRATION
            CODE    1CD0H     04FBH     UNIT         ?PR?_THEORICALJP_POSITION?BIPOLARMOTOR
            CODE    21CBH     040EH     UNIT         ?C_INITSEG
            CODE    25D9H     03D5H     UNIT         ?PR?MAIN?MAIN
            CODE    29AEH     038CH     UNIT         ?PR?KEY_PROCESS?KEYPAD
            CODE    2D3AH     0380H     UNIT         ?PR?_ELEVATION_CALCULATION?BIPOLARMOTOR
            CODE    30BAH     01C7H     UNIT         ?PR?_CALIBRATION?CALIBRATION
            CODE    3281H     018DH     UNIT         ?PR?KEY_SCAN?KEYPAD
            CODE    340EH     0189H     UNIT         ?PR?SPI_NOR_WRITE_DATA?AT25SF041
            CODE    3597H     0188H     UNIT         ?PR?SIN?SIN
            CODE    371FH     0166H     UNIT         ?PR?_POW?POW
            CODE    3885H     0155H     UNIT         ?PR?_DISPLAY_POS?LCD_DRIVER_SPLC780D
            CODE    39DAH     0129H     UNIT         ?PR?LOG?LOG
            CODE    3B03H     0122H     UNIT         ?PR?ATAN?ATAN
            CODE    3C25H     0110H     UNIT         ?PR?_AT25SF041_READ?AT25SF041
            CODE    3D35H     0102H     UNIT         ?PR?_AT25SF041_WRITE?AT25SF041
            CODE    3E37H     00F4H     UNIT         ?PR?EXINT0?MAIN
            CODE    3F2BH     00DBH     UNIT         ?PR?_ATOI?ATOI
            CODE    4006H     00C3H     UNIT         ?PR?LINEAR_INTERPOLATE?BIPOLARMOTOR
            CODE    40C9H     00BBH     UNIT         ?PR?VOLTAGE_IS_STABLE?CALIBRATION
            CODE    4184H     00ADH     UNIT         ?PR?_WRITE_PI4IOE5V96248?IOEXPANDER_PI4IOE5V96248
            CODE    4231H     00ACH     UNIT         ?PR?SQRT?SQRT
            CODE    42DDH     00A1H     UNIT         ?PR?UCREAD_STATUS_REGISTER_BYTE1?AT25SF041
            CODE    437EH     009DH     UNIT         ?PR?_ATAN2?ATAN2
            CODE    441BH     009CH     UNIT         ?PR?_MAX_VALUE?CALIBRATION
            CODE    44B7H     009AH     UNIT         ?PR?EXP?EXP
            CODE    4551H     008CH     UNIT         ?C_C51STARTUP
            CODE    45DDH     0088H     UNIT         ?PR?_DAY_OF_YEAR?PCF85063BTL
            CODE    4665H     0079H     UNIT         ?PR?_WRITEDATA?LCD_DRIVER_SPLC780D
BL51 BANKED LINKER/LOCATER V6.22                                                      05/29/2019  11:38:35  PAGE 4


            CODE    46DEH     0072H     UNIT         ?PR?AT25SF041_WRITEENABLE?AT25SF041
            CODE    4750H     006FH     UNIT         ?PR?_READ_TIME?PCF85063BTL
            CODE    47BFH     005AH     UNIT         ?PR?AT25SF041_CHIPERASE?AT25SF041
            CODE    4819H     0059H     UNIT         ?PR?LCD_INIT?LCD_DRIVER_SPLC780D
            CODE    4872H     004AH     UNIT         ?PR?VONESTEPMOVE?BIPOLARMOTOR
            CODE    48BCH     004AH     UNIT         ?PR?ACOS?ACOS
            CODE    4906H     0044H     UNIT         ?C?LDIV
            CODE    494AH     0040H     UNIT         ?PR?_COMMAND?LCD_DRIVER_SPLC780D
            CODE    498AH     0040H     UNIT         ?PR?_STEP_MOVE?BIPOLARMOTOR
            CODE    49CAH     003FH     UNIT         ?CO?UART1
            CODE    4A09H     003BH     UNIT         ?PR?ASIN?ASIN
            CODE    4A44H     0033H     UNIT         ?PR?_SENDSTRING?UART1
            CODE    4A77H     0031H     UNIT         ?PR?SI1120_CONFIG_MODE_VIRH?SI1120
            CODE    4AA8H     002BH     UNIT         ?PR?_WAIT_MS_I2C?IOEXPANDER_PI4IOE5V96248
            CODE    4AD3H     002BH     UNIT         ?PR?_WAIT_MS_SPINOR?AT25SF041
            CODE    4AFEH     002AH     UNIT         ?PR?_ADC_GETRESULT?ADC
            CODE    4B28H     0028H     UNIT         ?PR?_MOVE?BIPOLARMOTOR
            CODE    4B50H     0027H     UNIT         ?PR?_I2C_SENDBYTE?IOEXPANDER_PI4IOE5V96248
            CODE    4B77H     0025H     UNIT         ?PR?_FINDCLOSESTSAMEDAYCALIBTIME?CALIBRATION
            CODE    4B9CH     0024H     UNIT         ?PR?_WAIT_MS?LCD_DRIVER_SPLC780D
            CODE    4BC0H     0024H     UNIT         ?PR?_UART1_SENDTOTCPSERVER?UART1
            CODE    4BE4H     0021H     UNIT         ?PR?TM0_ISR?MAIN
            CODE    4C05H     0020H     UNIT         ?PR?_SPI_SENDBYTE?PCF85063BTL
            CODE    4C25H     0020H     UNIT         ?PR?SPI_RECEIVEBYTE?PCF85063BTL
            CODE    4C45H     001EH     UNIT         ?PR?_DELAY_MS?KEYPAD
            CODE    4C63H     001DH     UNIT         ?PR?_DISPLAYLCD?LCD_DRIVER_SPLC780D
            CODE    4C80H     001BH     UNIT         ?PR?_BCDTODEC1?BIPOLARMOTOR
            CODE    4C9BH     001AH     UNIT         ?PR?ADC_INIT?ADC
            CODE    4CB5H     0018H     UNIT         ?PR?_SPI_WRITETIME?PCF85063BTL
            CODE    4CCDH     0017H     UNIT         ?PR?_ASCIITOBCD?UART1
            CODE    4CE4H     0016H     UNIT         ?PR?I2C_ACK?IOEXPANDER_PI4IOE5V96248
            CODE    4CFAH     0015H     UNIT         ?PR?_DISPLAY_LINE?LCD_DRIVER_SPLC780D
            CODE    4D0FH     0015H     UNIT         ?PR?VSETLOCATION?BIPOLARMOTOR
            CODE    4D24H     0015H     UNIT         ?PR?I2C_STOP?IOEXPANDER_PI4IOE5V96248
            CODE    4D39H     0014H     UNIT         ?PR?_PCF85063BTL_DELAY?PCF85063BTL
            CODE    4D4DH     0014H     UNIT         ?PR?_ABS?LCD_DRIVER_SPLC780D
            CODE    4D61H     0014H     UNIT         ?PR?_ISSPACE?ISSPACE
            CODE    4D75H     0011H     UNIT         ?PR?_SPI_READTIME?PCF85063BTL
            CODE    4D86H     0011H     UNIT         ?PR?_BCDTODEC?PCF85063BTL
            CODE    4D97H     0011H     UNIT         ?PR?INITUART1?UART1
            CODE    4DA8H     000FH     UNIT         ?PR?I2C_START?IOEXPANDER_PI4IOE5V96248
            CODE    4DB7H     000FH     UNIT         ?PR?UC_NACK?IOEXPANDER_PI4IOE5V96248
            CODE    4DC6H     000FH     UNIT         ?PR?_ISDIGIT?ISDIGIT
            CODE    4DD5H     000DH     UNIT         ?PR?SPI_INIT?PCF85063BTL
            CODE    4DE2H     000DH     UNIT         ?PR?ENABLE_EXTINT0?SI1120
            CODE    4DEFH     000CH     UNIT         ?PR?KEYPAD_IO_INIT?KEYPAD
            CODE    4DFBH     000AH     UNIT         ?PR?LCD_RETURN_HOME?LCD_DRIVER_SPLC780D
            CODE    4E05H     000AH     UNIT         ?PR?LCD_CLEAR?LCD_DRIVER_SPLC780D
            CODE    4E0FH     0009H     UNIT         ?PR?TM1_ISR?MAIN
            CODE    4E18H     0009H     UNIT         ?PR?_SENDUART1?MAIN
            CODE    4E21H     0009H     UNIT         ?PR?UART1_INITTCPCONN?UART1
            CODE    4E2AH     0006H     UNIT         ?PR?UC_ACK?IOEXPANDER_PI4IOE5V96248
            CODE    4E30H     0006H     UNIT         ?PR?_TEN?UART1
            CODE    4E36H     0004H     UNIT         ?CO?MAIN
            CODE    4E3AH     0001H     UNIT         ?PR?NOP?IOEXPANDER_PI4IOE5V96248
            CODE    4E3BH     0001H     UNIT         ?PR?_DECTOBCD?UART1

BL51 BANKED LINKER/LOCATER V6.22                                                      05/29/2019  11:38:35  PAGE 5




OVERLAY MAP OF MODULE:   .\Obj\GPIO_RTC_Test (MAIN)


SEGMENT                                             BIT_GROUP          XDATA_GROUP
  +--> CALLED SEGMENT                            START    LENGTH     START    LENGTH
------------------------------------------------------------------------------------
?PR?EXINT0?MAIN                                  -----    -----      -----    -----
  +--> ?PR?_POW?POW

?PR?_POW?POW                                     -----    -----      0631H    000AH
  +--> ?PR?LOG?LOG
  +--> ?PR?EXP?EXP

?PR?LOG?LOG                                      0020H.0  0000H.1    063BH    0004H

*** NEW ROOT ***************************************************

?C_C51STARTUP                                    -----    -----      -----    -----
  +--> ?PR?MAIN?MAIN
  +--> ?C_INITSEG

?PR?MAIN?MAIN                                    -----    -----      063FH    002EH
  +--> ?PR?LCD_INIT?LCD_DRIVER_SPLC780D
  +--> ?PR?SPI_INIT?PCF85063BTL
  +--> ?PR?KEYPAD_IO_INIT?KEYPAD
  +--> ?PR?INITUART1?UART1
  +--> ?PR?ADC_INIT?ADC
  +--> ?PR?SI1120_CONFIG_MODE_VIRH?SI1120
  +--> ?PR?ENABLE_EXTINT0?SI1120
  +--> ?PR?VSETLOCATION?BIPOLARMOTOR
  +--> ?PR?_SPI_WRITETIME?PCF85063BTL
  +--> ?PR?_DELAY_MS?KEYPAD
  +--> ?PR?_DISPLAY_LINE?LCD_DRIVER_SPLC780D
  +--> ?PR?_WRITEDATA?LCD_DRIVER_SPLC780D
  +--> ?PR?UART1_INITTCPCONN?UART1
  +--> ?PR?KEY_PROCESS?KEYPAD
  +--> ?CO?MAIN
  +--> ?PR?_UART1_SENDTOTCPSERVER?UART1
  +--> ?PR?_COMMAND?LCD_DRIVER_SPLC780D
  +--> ?PR?_DISPLAY_POS?LCD_DRIVER_SPLC780D
  +--> ?PR?_DISPLAYLCD?LCD_DRIVER_SPLC780D
  +--> ?PR?_STEP_MOVE?BIPOLARMOTOR
  +--> ?PR?LCD_RETURN_HOME?LCD_DRIVER_SPLC780D
  +--> ?PR?_READ_TIME?PCF85063BTL
  +--> ?PR?_BCDTODEC1?BIPOLARMOTOR
  +--> ?PR?LCD_CLEAR?LCD_DRIVER_SPLC780D
  +--> ?PR?AT25SF041_WRITEENABLE?AT25SF041
  +--> ?PR?AT25SF041_CHIPERASE?AT25SF041
  +--> ?PR?_WAIT_MS_SPINOR?AT25SF041

?PR?LCD_INIT?LCD_DRIVER_SPLC780D                 -----    -----      -----    -----
  +--> ?PR?_WAIT_MS?LCD_DRIVER_SPLC780D
  +--> ?PR?_COMMAND?LCD_DRIVER_SPLC780D

?PR?_COMMAND?LCD_DRIVER_SPLC780D                 -----    -----      -----    -----
BL51 BANKED LINKER/LOCATER V6.22                                                      05/29/2019  11:38:35  PAGE 6


  +--> ?PR?_WAIT_MS?LCD_DRIVER_SPLC780D

?PR?SI1120_CONFIG_MODE_VIRH?SI1120               -----    -----      -----    -----
  +--> ?PR?_WAIT_MS?LCD_DRIVER_SPLC780D

?PR?_SPI_WRITETIME?PCF85063BTL                   -----    -----      -----    -----
  +--> ?PR?_SPI_SENDBYTE?PCF85063BTL

?PR?_SPI_SENDBYTE?PCF85063BTL                    -----    -----      -----    -----
  +--> ?PR?_PCF85063BTL_DELAY?PCF85063BTL

?PR?_DISPLAY_LINE?LCD_DRIVER_SPLC780D            -----    -----      -----    -----
  +--> ?PR?_COMMAND?LCD_DRIVER_SPLC780D

?PR?_WRITEDATA?LCD_DRIVER_SPLC780D               -----    -----      0678H    0001H
  +--> ?PR?_WAIT_MS?LCD_DRIVER_SPLC780D

?PR?UART1_INITTCPCONN?UART1                      -----    -----      -----    -----
  +--> ?CO?UART1
  +--> ?PR?_SENDSTRING?UART1

?PR?_SENDSTRING?UART1                            -----    -----      0670H    0003H
  +--> ?PR?_SENDUART1?MAIN

?PR?KEY_PROCESS?KEYPAD                           -----    -----      066DH    0006H
  +--> ?PR?KEY_SCAN?KEYPAD
  +--> ?PR?_SPI_WRITETIME?PCF85063BTL
  +--> ?PR?LCD_CLEAR?LCD_DRIVER_SPLC780D
  +--> ?PR?_COMMAND?LCD_DRIVER_SPLC780D
  +--> ?PR?_WRITEDATA?LCD_DRIVER_SPLC780D

?PR?KEY_SCAN?KEYPAD                              -----    -----      0673H    0003H

?PR?LCD_CLEAR?LCD_DRIVER_SPLC780D                -----    -----      -----    -----
  +--> ?PR?_COMMAND?LCD_DRIVER_SPLC780D

?PR?_UART1_SENDTOTCPSERVER?UART1                 -----    -----      066DH    0003H
  +--> ?CO?UART1
  +--> ?PR?_SENDSTRING?UART1
  +--> ?PR?_DELAY_MS?KEYPAD

?PR?_DISPLAY_POS?LCD_DRIVER_SPLC780D             -----    -----      066DH    000BH
  +--> ?PR?_ABS?LCD_DRIVER_SPLC780D
  +--> ?PR?_WRITEDATA?LCD_DRIVER_SPLC780D

?PR?_DISPLAYLCD?LCD_DRIVER_SPLC780D              -----    -----      066DH    0001H
  +--> ?PR?_WRITEDATA?LCD_DRIVER_SPLC780D

?PR?_STEP_MOVE?BIPOLARMOTOR                      0020H.1  0000H.1    066DH    0004H
  +--> ?PR?VONESTEPMOVE?BIPOLARMOTOR

?PR?VONESTEPMOVE?BIPOLARMOTOR                    0020H.2  0000H.1    -----    -----
  +--> ?PR?_WRITE_PI4IOE5V96248?IOEXPANDER_P...
  +--> ?PR?_DELAY_MS?KEYPAD

?PR?_WRITE_PI4IOE5V96248?IOEXPANDER_P...         -----    -----      0671H    0003H
  +--> ?PR?I2C_START?IOEXPANDER_PI4IOE5V96248
BL51 BANKED LINKER/LOCATER V6.22                                                      05/29/2019  11:38:35  PAGE 7


  +--> ?PR?_WAIT_MS_I2C?IOEXPANDER_PI4IOE5V9...
  +--> ?PR?_I2C_SENDBYTE?IOEXPANDER_PI4IOE5V...
  +--> ?PR?I2C_ACK?IOEXPANDER_PI4IOE5V96248
  +--> ?PR?I2C_STOP?IOEXPANDER_PI4IOE5V96248

?PR?I2C_START?IOEXPANDER_PI4IOE5V96248           -----    -----      -----    -----
  +--> ?PR?_WAIT_MS_I2C?IOEXPANDER_PI4IOE5V9...

?PR?_I2C_SENDBYTE?IOEXPANDER_PI4IOE5V...         -----    -----      -----    -----
  +--> ?PR?_WAIT_MS_I2C?IOEXPANDER_PI4IOE5V9...

?PR?I2C_ACK?IOEXPANDER_PI4IOE5V96248             -----    -----      0674H    0001H
  +--> ?PR?_WAIT_MS_I2C?IOEXPANDER_PI4IOE5V9...

?PR?I2C_STOP?IOEXPANDER_PI4IOE5V96248            -----    -----      -----    -----
  +--> ?PR?_WAIT_MS_I2C?IOEXPANDER_PI4IOE5V9...

?PR?LCD_RETURN_HOME?LCD_DRIVER_SPLC780D          -----    -----      -----    -----
  +--> ?PR?_COMMAND?LCD_DRIVER_SPLC780D

?PR?_READ_TIME?PCF85063BTL                       -----    -----      066DH    000FH
  +--> ?PR?_SPI_READTIME?PCF85063BTL

?PR?_SPI_READTIME?PCF85063BTL                    -----    -----      -----    -----
  +--> ?PR?_SPI_SENDBYTE?PCF85063BTL
  +--> ?PR?SPI_RECEIVEBYTE?PCF85063BTL

?PR?SPI_RECEIVEBYTE?PCF85063BTL                  -----    -----      -----    -----
  +--> ?PR?_PCF85063BTL_DELAY?PCF85063BTL

?PR?AT25SF041_WRITEENABLE?AT25SF041              -----    -----      066DH    0002H
  +--> ?PR?_WAIT_MS_SPINOR?AT25SF041
  +--> ?PR?UCREAD_STATUS_REGISTER_BYTE1?AT25...

?PR?UCREAD_STATUS_REGISTER_BYTE1?AT25...         -----    -----      066FH    0003H
  +--> ?PR?_WAIT_MS_SPINOR?AT25SF041

?PR?AT25SF041_CHIPERASE?AT25SF041                -----    -----      066DH    0002H
  +--> ?PR?_WAIT_MS_SPINOR?AT25SF041
  +--> ?PR?UCREAD_STATUS_REGISTER_BYTE1?AT25...



SYMBOL TABLE OF MODULE:  .\Obj\GPIO_RTC_Test (MAIN)

  VALUE           TYPE          NAME
  ----------------------------------

  -------         MODULE        MAIN
  C:0000H         SYMBOL        _ICE_DUMMY_
  X:03C4H         PUBLIC        calib_value
  D:0080H         PUBLIC        P0
  D:00B2H         PUBLIC        P3M0
  D:0090H         PUBLIC        P1
  D:00B1H         PUBLIC        P3M1
  D:00A0H         PUBLIC        P2
  D:00B0H         PUBLIC        P3
BL51 BANKED LINKER/LOCATER V6.22                                                      05/29/2019  11:38:35  PAGE 8


  D:00C0H         PUBLIC        P4
  D:00C8H         PUBLIC        P5
  X:0418H         SYMBOL        PressedKey
  B:00A8H.7       PUBLIC        EA
  D:00E8H         PUBLIC        P6
  X:041CH         PUBLIC        calib_stamp
  D:00F8H         PUBLIC        P7
  X:041DH         PUBLIC        calib_bool
  X:0447H         PUBLIC        pwm_time_min
  D:00A8H         PUBLIC        IE
  X:044BH         PUBLIC        calib_time
  X:049FH         PUBLIC        pwm_time_max
  D:00B8H         PUBLIC        IP
  B:0098H.0       PUBLIC        RI
  B:00B0H.2       PUBLIC        INT0
  X:04A3H         PUBLIC        months
  B:0098H.1       PUBLIC        TI
  C:000EH         PUBLIC        Uart
  D:00D8H         PUBLIC        CCON
  C:25D9H         PUBLIC        main
  X:04A4H         PUBLIC        count
  D:0099H         PUBLIC        SBUF
  X:04A6H         PUBLIC        days
  X:04A7H         PUBLIC        hours
  D:0098H         PUBLIC        SCON
  D:0089H         PUBLIC        TMOD
  D:0088H         PUBLIC        TCON
  B:00A0H.3       PUBLIC        P23
  X:04A8H         SYMBOL        KeyCount
  X:04AAH         PUBLIC        mins
  B:00C8H.5       PUBLIC        P55
  D:008EH         PUBLIC        AUXR
  C:4BE4H         PUBLIC        tm0_isr
  B:0090H.5       PUBLIC        SI1120_STX
  C:4E0FH         PUBLIC        tm1_isr
  B:0020H.5       PUBLIC        busy
  D:00E0H         PUBLIC        ACC
  B:00A8H.1       PUBLIC        ET0
  B:00A8H.3       PUBLIC        ET1
  X:04ABH         PUBLIC        SPI_NOR_INTERNAL_FLASH_ADDR
  D:008CH         PUBLIC        TH0
  D:008DH         PUBLIC        TH1
  D:008AH         PUBLIC        TL0
  D:008BH         PUBLIC        TL1
  B:0088H.4       PUBLIC        TR0
  B:0088H.6       PUBLIC        TR1
  C:3E37H         PUBLIC        exint0
  X:04AFH         SYMBOL        KeyNum
  X:04B0H         SYMBOL        KeyNum_Old
  X:04B1H         PUBLIC        timer0_count
  X:04B3H         PUBLIC        current_position
  X:04B7H         PUBLIC        pwm_time
  X:04BBH         PUBLIC        start_timer0_count
  X:04BCH         PUBLIC        seconds
  D:00D0H         PUBLIC        PSW
  C:4E18H         PUBLIC        _SendUART1
  -------         PROC          TM0_ISR
BL51 BANKED LINKER/LOCATER V6.22                                                      05/29/2019  11:38:35  PAGE 9


  C:4BE4H         LINE#         98
  C:4BEAH         LINE#         102
  C:4BEDH         LINE#         103
  C:4BF0H         LINE#         104
  C:4BFEH         LINE#         105
  -------         ENDPROC       TM0_ISR
  -------         PROC          TM1_ISR
  C:4E0FH         LINE#         106
  C:4E0FH         LINE#         108
  C:4E11H         LINE#         110
  C:4E14H         LINE#         111
  C:4E17H         LINE#         112
  -------         ENDPROC       TM1_ISR
  -------         PROC          EXINT0
  C:3E37H         LINE#         113
  C:3E54H         LINE#         117
  C:3E57H         LINE#         118
  C:3E57H         LINE#         119
  C:3E5AH         LINE#         120
  C:3E5DH         LINE#         121
  C:3E5FH         LINE#         122
  C:3E61H         LINE#         126
  C:3E64H         LINE#         129
  C:3E64H         LINE#         130
  C:3E66H         LINE#         132
  C:3E72H         LINE#         133
  C:3ECBH         LINE#         134
  C:3F09H         LINE#         135
  C:3F10H         LINE#         140
  C:3F10H         LINE#         142
  -------         ENDPROC       EXINT0
  -------         PROC          MAIN
  -------         DO            
  X:03BCH         SYMBOL        KeyCount
  X:03BEH         SYMBOL        KeyNum_Old
  X:03BFH         SYMBOL        KeyNum
  X:03C0H         SYMBOL        PressedKey
  X:063FH         SYMBOL        prox_flag
  X:0640H         SYMBOL        iUse_prevday_calib_value
  X:0642H         SYMBOL        max_ADC_Val_JP
  X:0644H         SYMBOL        max_ADC_Val
  X:0646H         SYMBOL        calib_point1
  X:064EH         SYMBOL        calib_point2
  X:0656H         SYMBOL        dat_to_store
  X:0661H         SYMBOL        calib_day
  X:0663H         SYMBOL        calib_count
  X:0665H         SYMBOL        theorical_JP_max_pos
  X:0669H         SYMBOL        elevation
  -------         ENDDO         
  C:25D9H         LINE#         144
  C:25D9H         LINE#         145
  C:25D9H         LINE#         150
  C:25DFH         LINE#         151
  C:25E4H         LINE#         153
  C:25ECH         LINE#         157
  C:25F2H         LINE#         158
  C:25FCH         LINE#         165
BL51 BANKED LINKER/LOCATER V6.22                                                      05/29/2019  11:38:35  PAGE 10


  C:2604H         LINE#         166
  C:260BH         LINE#         167
  C:2611H         LINE#         169
  C:2617H         LINE#         178
  C:2619H         LINE#         179
  C:261CH         LINE#         180
  C:261FH         LINE#         181
  C:2622H         LINE#         182
  C:2625H         LINE#         183
  C:2628H         LINE#         184
  C:262BH         LINE#         186
  C:262EH         LINE#         189
  C:2631H         LINE#         190
  C:2634H         LINE#         192
  C:2637H         LINE#         194
  C:263AH         LINE#         195
  C:263DH         LINE#         196
  C:2640H         LINE#         197
  C:2642H         LINE#         198
  C:2644H         LINE#         199
  C:2647H         LINE#         200
  C:2649H         LINE#         201
  C:264BH         LINE#         203
  C:264DH         LINE#         204
  C:2654H         LINE#         205
  C:265BH         LINE#         206
  C:2662H         LINE#         207
  C:2669H         LINE#         211
  C:2670H         LINE#         212
  C:2675H         LINE#         213
  C:267AH         LINE#         214
  C:267FH         LINE#         215
  C:2684H         LINE#         216
  C:2689H         LINE#         219
  C:26A2H         LINE#         220
  C:26A2H         LINE#         221
  C:26BEH         LINE#         222
  C:2705H         LINE#         223
  C:2716H         LINE#         224
  C:271DH         LINE#         227
  C:2720H         LINE#         228
  C:2727H         LINE#         231
  C:2727H         LINE#         232
  C:2727H         LINE#         233
  C:272AH         LINE#         234
  C:2733H         LINE#         235
  C:273AH         LINE#         241
  C:273AH         LINE#         245
  C:273FH         LINE#         246
  C:2744H         LINE#         248
  C:2749H         LINE#         250
  C:274EH         LINE#         251
  C:2753H         LINE#         253
  C:2764H         LINE#         256
  C:2769H         LINE#         257
  C:276EH         LINE#         259
  C:2775H         LINE#         260
BL51 BANKED LINKER/LOCATER V6.22                                                      05/29/2019  11:38:35  PAGE 11


  C:277DH         LINE#         261
  C:2782H         LINE#         262
  C:278AH         LINE#         263
  C:278FH         LINE#         264
  C:2799H         LINE#         265
  C:279EH         LINE#         266
  C:27A6H         LINE#         268
  C:27AEH         LINE#         269
  C:27B3H         LINE#         270
  C:27BDH         LINE#         271
  C:27BDH         LINE#         272
  C:27BFH         LINE#         273
  C:27C1H         LINE#         274
  C:27CBH         LINE#         275
  C:27CBH         LINE#         276
  C:27D0H         LINE#         277
  C:27D0H         LINE#         289
  C:27E4H         LINE#         290
  C:27E4H         LINE#         291
  C:27F9H         LINE#         292
  C:2808H         LINE#         293
  C:2808H         LINE#         294
  C:281BH         LINE#         295
  C:281DH         LINE#         297
  C:281DH         LINE#         298
  C:2839H         LINE#         299
  C:2839H         LINE#         300
  C:283EH         LINE#         301
  C:283EH         LINE#         302
  C:2852H         LINE#         303
  C:2852H         LINE#         306
  C:2867H         LINE#         307
  C:2876H         LINE#         308
  C:2876H         LINE#         309
  C:2889H         LINE#         310
  C:288BH         LINE#         312
  C:288BH         LINE#         313
  C:28A7H         LINE#         314
  C:28A7H         LINE#         315
  C:28ACH         LINE#         316
  C:28B2H         LINE#         317
  C:28B2H         LINE#         319
  C:28D4H         LINE#         320
  C:28D4H         LINE#         321
  C:28DEH         LINE#         322
  C:28E4H         LINE#         323
  C:28EBH         LINE#         324
  C:28F1H         LINE#         325
  C:28F8H         LINE#         326
  C:28F8H         LINE#         327
  C:28FBH         LINE#         329
  C:28FBH         LINE#         334
  C:2936H         LINE#         467
  C:2952H         LINE#         468
  C:2956H         LINE#         470
  C:2958H         LINE#         473
  C:2967H         LINE#         474
BL51 BANKED LINKER/LOCATER V6.22                                                      05/29/2019  11:38:35  PAGE 12


  C:2967H         LINE#         475
  C:296AH         LINE#         476
  C:2971H         LINE#         477
  C:2976H         LINE#         478
  C:297BH         LINE#         479
  C:2980H         LINE#         480
  C:2985H         LINE#         481
  C:298AH         LINE#         491
  C:298DH         LINE#         493
  C:2990H         LINE#         494
  C:2997H         LINE#         495
  C:29A1H         LINE#         496
  C:29A8H         LINE#         498
  C:29ABH         LINE#         507
  C:29ABH         LINE#         508
  -------         ENDPROC       MAIN
  -------         PROC          UART
  C:000EH         LINE#         522
  C:000EH         LINE#         524
  C:0011H         LINE#         525
  C:0011H         LINE#         526
  C:0013H         LINE#         528
  C:0013H         LINE#         529
  C:0016H         LINE#         530
  C:0016H         LINE#         531
  C:0018H         LINE#         532
  C:001AH         LINE#         533
  C:001AH         LINE#         534
  -------         ENDPROC       UART
  -------         PROC          _SENDUART1
  D:0007H         SYMBOL        dat
  C:4E18H         LINE#         536
  C:4E18H         LINE#         537
  C:4E18H         LINE#         538
  C:4E1BH         LINE#         539
  C:4E1DH         LINE#         540
  C:4E1EH         LINE#         541
  C:4E20H         LINE#         542
  -------         ENDPROC       _SENDUART1
  -------         ENDMOD        MAIN

  -------         MODULE        PCF85063BTL
  C:0000H         SYMBOL        _ICE_DUMMY_
  D:0096H         PUBLIC        P2M0
  D:0080H         PUBLIC        P0
  D:0095H         PUBLIC        P2M1
  D:0090H         PUBLIC        P1
  D:00A0H         PUBLIC        P2
  D:00B0H         PUBLIC        P3
  D:00C0H         PUBLIC        P4
  D:00C8H         PUBLIC        P5
  D:00E8H         PUBLIC        P6
  B:00A0H.1       PUBLIC        PCF85063BTL_SDI
  D:00F8H         PUBLIC        P7
  B:00A0H.2       PUBLIC        PCF85063BTL_SCK
  B:00A0H.1       PUBLIC        PCF85063BTL_SDO
  D:00A8H         PUBLIC        IE
BL51 BANKED LINKER/LOCATER V6.22                                                      05/29/2019  11:38:35  PAGE 13


  C:4750H         PUBLIC        _Read_time
  C:4D3FH         PUBLIC        _PCF85063BTL_Delay
  D:00B8H         PUBLIC        IP
  D:00D8H         PUBLIC        CCON
  C:45DDH         PUBLIC        _Day_Of_Year
  C:4C25H         PUBLIC        SPI_ReceiveByte
  D:0098H         PUBLIC        SCON
  D:0088H         PUBLIC        TCON
  C:4D86H         PUBLIC        _BCDtoDec
  B:00A0H.0       PUBLIC        PCF85063BTL_CS
  C:4D75H         PUBLIC        _SPI_ReadTime
  C:4DD5H         PUBLIC        SPI_Init
  C:4CB5H         PUBLIC        _SPI_WriteTime
  C:4C05H         PUBLIC        _SPI_SendByte
  D:00D0H         PUBLIC        PSW
  C:4D3BH         SYMBOL        L?0048
  -------         PROC          L?0047
  -------         ENDPROC       L?0047
  C:4D3BH         SYMBOL        L?0048
  -------         PROC          _PCF85063BTL_DELAY
  D:0006H         SYMBOL        us
  C:4D3FH         LINE#         8
  C:4D3FH         LINE#         9
  C:4D3FH         LINE#         10
  C:4D49H         LINE#         11
  C:4D49H         LINE#         12
  C:4D4AH         LINE#         13
  C:4D4CH         LINE#         14
  -------         ENDPROC       _PCF85063BTL_DELAY
  -------         PROC          _SPI_SENDBYTE
  D:0005H         SYMBOL        dat
  -------         DO            
  D:0003H         SYMBOL        i
  -------         ENDDO         
  C:4C05H         LINE#         17
  C:4C07H         LINE#         18
  C:4C07H         LINE#         20
  C:4C09H         LINE#         21
  C:4C09H         LINE#         22
  C:4C0BH         LINE#         23
  C:4C0FH         LINE#         24
  C:4C0FH         LINE#         25
  C:4C11H         LINE#         26
  C:4C13H         LINE#         28
  C:4C13H         LINE#         29
  C:4C15H         LINE#         30
  C:4C15H         LINE#         31
  C:4C18H         LINE#         32
  C:4C18H         LINE#         33
  C:4C1BH         LINE#         34
  C:4C1FH         LINE#         35
  C:4C24H         LINE#         36
  -------         ENDPROC       _SPI_SENDBYTE
  -------         PROC          SPI_RECEIVEBYTE
  -------         DO            
  D:0003H         SYMBOL        i
  D:0005H         SYMBOL        dat
BL51 BANKED LINKER/LOCATER V6.22                                                      05/29/2019  11:38:35  PAGE 14


  -------         ENDDO         
  C:4C25H         LINE#         39
  C:4C25H         LINE#         40
  C:4C25H         LINE#         42
  C:4C27H         LINE#         44
  C:4C29H         LINE#         45
  C:4C2AH         LINE#         46
  C:4C2AH         LINE#         47
  C:4C2EH         LINE#         48
  C:4C30H         LINE#         49
  C:4C33H         LINE#         51
  C:4C36H         LINE#         52
  C:4C36H         LINE#         53
  C:4C3AH         LINE#         54
  C:4C3AH         LINE#         55
  C:4C3AH         LINE#         56
  C:4C3DH         LINE#         57
  C:4C42H         LINE#         58
  C:4C44H         LINE#         59
  -------         ENDPROC       SPI_RECEIVEBYTE
  -------         PROC          _SPI_READTIME
  D:0007H         SYMBOL        addr
  -------         DO            
  D:0006H         SYMBOL        dat
  -------         ENDDO         
  C:4D75H         LINE#         61
  C:4D75H         LINE#         62
  C:4D75H         LINE#         64
  C:4D77H         LINE#         65
  C:4D79H         LINE#         66
  C:4D80H         LINE#         67
  C:4D83H         LINE#         68
  C:4D85H         LINE#         69
  C:4D85H         LINE#         70
  -------         ENDPROC       _SPI_READTIME
  -------         PROC          _SPI_WRITETIME
  D:0002H         SYMBOL        val
  D:0005H         SYMBOL        addr
  C:4CB5H         LINE#         71
  C:4CB7H         LINE#         72
  C:4CB7H         LINE#         74
  C:4CB9H         LINE#         75
  C:4CC0H         LINE#         76
  C:4CC5H         LINE#         77
  C:4CCAH         LINE#         78
  C:4CCCH         LINE#         79
  -------         ENDPROC       _SPI_WRITETIME
  -------         PROC          SPI_INIT
  C:4DD5H         LINE#         83
  C:4DD5H         LINE#         84
  C:4DD5H         LINE#         89
  C:4DD8H         LINE#         90
  C:4DDBH         LINE#         91
  C:4DDDH         LINE#         92
  C:4DDFH         LINE#         93
  C:4DE1H         LINE#         94
  -------         ENDPROC       SPI_INIT
BL51 BANKED LINKER/LOCATER V6.22                                                      05/29/2019  11:38:35  PAGE 15


  -------         PROC          _READ_TIME
  X:066DH         SYMBOL        months
  X:0670H         SYMBOL        days
  X:0673H         SYMBOL        hours
  X:0676H         SYMBOL        mins
  X:0679H         SYMBOL        seconds
  C:4750H         LINE#         96
  C:475BH         LINE#         97
  C:475BH         LINE#         99
  C:476FH         LINE#         101
  C:4783H         LINE#         103
  C:4797H         LINE#         108
  C:47ABH         LINE#         113
  -------         ENDPROC       _READ_TIME
  -------         PROC          _BCDTODEC
  D:0007H         SYMBOL        bcd
  -------         DO            
  D:0006H         SYMBOL        hi
  D:0007H         SYMBOL        lo
  -------         ENDDO         
  C:4D86H         LINE#         119
  C:4D86H         LINE#         120
  C:4D86H         LINE#         122
  C:4D8BH         LINE#         123
  C:4D8FH         LINE#         124
  C:4D96H         LINE#         125
  -------         ENDPROC       _BCDTODEC
  -------         PROC          _DAY_OF_YEAR
  D:0007H         SYMBOL        months_bcd
  D:0005H         SYMBOL        days_bcd
  -------         DO            
  D:0004H         SYMBOL        months
  D:0007H         SYMBOL        days
  -------         ENDDO         
  C:45DDH         LINE#         126
  C:45DDH         LINE#         127
  C:45DDH         LINE#         130
  C:45E2H         LINE#         132
  C:45E7H         LINE#         134
  C:4620H         LINE#         135
  C:4620H         LINE#         136
  C:4620H         LINE#         137
  C:4623H         LINE#         138
  C:4623H         LINE#         139
  C:4623H         LINE#         140
  C:4628H         LINE#         141
  C:4628H         LINE#         142
  C:4628H         LINE#         143
  C:462DH         LINE#         144
  C:462DH         LINE#         145
  C:462DH         LINE#         146
  C:4632H         LINE#         147
  C:4632H         LINE#         148
  C:4632H         LINE#         149
  C:4637H         LINE#         150
  C:4637H         LINE#         151
  C:4637H         LINE#         152
BL51 BANKED LINKER/LOCATER V6.22                                                      05/29/2019  11:38:35  PAGE 16


  C:463CH         LINE#         153
  C:463CH         LINE#         154
  C:463CH         LINE#         155
  C:4641H         LINE#         156
  C:4641H         LINE#         157
  C:4641H         LINE#         158
  C:4646H         LINE#         159
  C:4646H         LINE#         160
  C:4646H         LINE#         161
  C:464EH         LINE#         162
  C:464EH         LINE#         163
  C:464EH         LINE#         164
  C:4653H         LINE#         165
  C:4653H         LINE#         166
  C:4653H         LINE#         167
  C:4658H         LINE#         168
  C:4658H         LINE#         169
  C:4658H         LINE#         170
  C:4661H         LINE#         171
  C:4661H         LINE#         172
  C:4661H         LINE#         173
  C:4664H         LINE#         174
  C:4664H         LINE#         175
  -------         ENDPROC       _DAY_OF_YEAR
  -------         ENDMOD        PCF85063BTL

  -------         MODULE        LCD_DRIVER_SPLC780D
  C:0000H         SYMBOL        _ICE_DUMMY_
  D:0092H         PUBLIC        P1M0
  D:0091H         PUBLIC        P1M1
  D:0080H         PUBLIC        P0
  D:0090H         PUBLIC        P1
  D:00A0H         PUBLIC        P2
  D:00B0H         PUBLIC        P3
  D:00C0H         PUBLIC        P4
  D:00C8H         PUBLIC        P5
  D:00E8H         PUBLIC        P6
  D:00F8H         PUBLIC        P7
  C:4669H         PUBLIC        _WriteData
  D:00A8H         PUBLIC        IE
  D:00B8H         PUBLIC        IP
  D:00D8H         PUBLIC        CCON
  B:00B0H.4       PUBLIC        LCD_D4
  B:00B0H.5       PUBLIC        LCD_D5
  B:00B0H.6       PUBLIC        LCD_D6
  C:4C63H         PUBLIC        _DisplayLCD
  B:00B0H.7       PUBLIC        LCD_D7
  D:0098H         PUBLIC        SCON
  D:0088H         PUBLIC        TCON
  C:4D4DH         PUBLIC        _abs
  C:4E05H         PUBLIC        LCD_clear
  C:494AH         PUBLIC        _Command
  C:4CFAH         PUBLIC        _Display_Line
  C:4819H         PUBLIC        LCD_Init
  C:4BA2H         PUBLIC        _Wait_ms
  B:00C0H.0       PUBLIC        LCD_RS
  B:0090H.3       PUBLIC        LCD_RW
BL51 BANKED LINKER/LOCATER V6.22                                                      05/29/2019  11:38:35  PAGE 17


  C:4DFBH         PUBLIC        LCD_return_home
  C:3885H         PUBLIC        _Display_Pos
  B:00B0H.3       PUBLIC        LCD_E
  D:00D0H         PUBLIC        PSW
  -------         PROC          LCD_INIT
  C:4819H         LINE#         9
  C:4819H         LINE#         10
  C:4819H         LINE#         11
  C:481CH         LINE#         12
  C:481FH         LINE#         14
  C:4825H         LINE#         15
  C:482AH         LINE#         17
  C:4831H         LINE#         18
  C:4836H         LINE#         20
  C:4839H         LINE#         21
  C:483EH         LINE#         23
  C:4841H         LINE#         24
  C:4846H         LINE#         26
  C:484DH         LINE#         29
  C:4852H         LINE#         30
  C:4857H         LINE#         32
  C:485CH         LINE#         33
  C:4861H         LINE#         35
  C:4866H         LINE#         36
  C:486BH         LINE#         37
  -------         ENDPROC       LCD_INIT
  C:4665H         SYMBOL        L?0038
  -------         PROC          L?0037
  -------         ENDPROC       L?0037
  C:4665H         SYMBOL        L?0038
  -------         PROC          _WRITEDATA
  X:0678H         SYMBOL        dat
  C:4669H         LINE#         40
  C:466EH         LINE#         41
  C:466EH         LINE#         46
  C:4670H         LINE#         47
  C:4672H         LINE#         49
  C:4680H         LINE#         50
  C:468CH         LINE#         51
  C:4698H         LINE#         52
  C:46A2H         LINE#         53
  C:46A4H         LINE#         54
  C:46ABH         LINE#         55
  C:46ADH         LINE#         57
  C:46BDH         LINE#         58
  C:46C8H         LINE#         59
  C:46D2H         LINE#         60
  C:46D6H         LINE#         62
  C:46D6H         LINE#         63
  C:46D9H         LINE#         64
  C:46DBH         LINE#         65
  C:46DDH         LINE#         67
  -------         ENDPROC       _WRITEDATA
  -------         PROC          _COMMAND
  D:0007H         SYMBOL        dat
  C:494AH         LINE#         69
  C:494AH         LINE#         70
BL51 BANKED LINKER/LOCATER V6.22                                                      05/29/2019  11:38:35  PAGE 18


  C:494AH         LINE#         71
  C:494CH         LINE#         72
  C:494EH         LINE#         74
  C:4958H         LINE#         75
  C:495CH         LINE#         77
  C:495EH         LINE#         78
  C:4967H         LINE#         79
  C:496BH         LINE#         81
  C:496DH         LINE#         82
  C:4974H         LINE#         83
  C:4978H         LINE#         85
  C:497AH         LINE#         86
  C:497EH         LINE#         87
  C:4982H         LINE#         89
  C:4984H         LINE#         90
  C:4984H         LINE#         91
  C:4987H         LINE#         92
  C:4989H         LINE#         93
  -------         ENDPROC       _COMMAND
  C:4B9EH         SYMBOL        L?0040
  -------         PROC          L?0039
  -------         ENDPROC       L?0039
  C:4B9EH         SYMBOL        L?0040
  -------         PROC          _WAIT_MS
  D:0006H         SYMBOL        ms
  -------         DO            
  D:0004H         SYMBOL        De_Cnt
  -------         ENDDO         
  C:4BA2H         LINE#         95
  C:4BA2H         LINE#         96
  C:4BA2H         LINE#         98
  C:4BACH         LINE#         99
  C:4BACH         LINE#         100
  C:4BBFH         LINE#         101
  C:4BBFH         LINE#         102
  -------         ENDPROC       _WAIT_MS
  -------         PROC          _DISPLAYLCD
  D:0007H         SYMBOL        BCD
  -------         DO            
  D:0006H         SYMBOL        first_digit
  X:066DH         SYMBOL        second_digit
  -------         ENDDO         
  C:4C63H         LINE#         103
  C:4C63H         LINE#         104
  C:4C63H         LINE#         106
  C:4C6AH         LINE#         107
  C:4C73H         LINE#         109
  C:4C78H         LINE#         111
  -------         ENDPROC       _DISPLAYLCD
  -------         PROC          LCD_RETURN_HOME
  C:4DFBH         LINE#         115
  C:4DFBH         LINE#         116
  C:4DFBH         LINE#         117
  C:4E00H         LINE#         118
  -------         ENDPROC       LCD_RETURN_HOME
  -------         PROC          LCD_CLEAR
  C:4E05H         LINE#         121
BL51 BANKED LINKER/LOCATER V6.22                                                      05/29/2019  11:38:35  PAGE 19


  C:4E05H         LINE#         122
  C:4E05H         LINE#         123
  C:4E0AH         LINE#         124
  -------         ENDPROC       LCD_CLEAR
  -------         PROC          _DISPLAY_LINE
  D:0006H         SYMBOL        line
  C:4CFAH         LINE#         128
  C:4CFAH         LINE#         129
  C:4CFAH         LINE#         130
  C:4D00H         LINE#         131
  C:4D00H         LINE#         132
  C:4D02H         LINE#         133
  C:4D02H         LINE#         134
  C:4D04H         LINE#         136
  C:4D04H         LINE#         137
  C:4D09H         LINE#         138
  C:4D0EH         LINE#         139
  C:4D0EH         LINE#         140
  -------         ENDPROC       _DISPLAY_LINE
  -------         PROC          _DISPLAY_POS
  X:066DH         SYMBOL        sign_dat
  -------         DO            
  X:0671H         SYMBOL        unit
  X:0672H         SYMBOL        ten
  X:0673H         SYMBOL        hundred
  X:0674H         SYMBOL        thousand
  X:0675H         SYMBOL        after_dot
  X:0676H         SYMBOL        dat
  -------         ENDDO         
  C:3885H         LINE#         142
  C:388BH         LINE#         143
  C:388BH         LINE#         147
  C:38A7H         LINE#         148
  C:38C1H         LINE#         149
  C:38E5H         LINE#         151
  C:392FH         LINE#         153
  C:3946H         LINE#         154
  C:3958H         LINE#         155
  C:397DH         LINE#         156
  C:3997H         LINE#         157
  C:39AFH         LINE#         158
  C:39AFH         LINE#         159
  C:39AFH         LINE#         160
  C:39AFH         LINE#         161
  C:39AFH         LINE#         162
  C:39AFH         LINE#         163
  C:39AFH         LINE#         164
  C:39AFH         LINE#         168
  C:39B1H         LINE#         170
  C:39B1H         LINE#         172
  C:39B6H         LINE#         173
  C:39BCH         LINE#         174
  C:39C2H         LINE#         175
  C:39C8H         LINE#         176
  C:39CEH         LINE#         177
  C:39D3H         LINE#         178
  C:39D9H         LINE#         182
BL51 BANKED LINKER/LOCATER V6.22                                                      05/29/2019  11:38:35  PAGE 20


  C:39D9H         LINE#         184
  -------         ENDPROC       _DISPLAY_POS
  -------         PROC          _ABS
  D:0006H         SYMBOL        dat
  C:4D4DH         LINE#         186
  C:4D4DH         LINE#         187
  C:4D4DH         LINE#         188
  C:4D58H         LINE#         189
  C:4D59H         LINE#         191
  C:4D60H         LINE#         192
  -------         ENDPROC       _ABS
  -------         ENDMOD        LCD_DRIVER_SPLC780D

  -------         MODULE        KEYPAD
  C:0000H         SYMBOL        _ICE_DUMMY_
  D:0093H         PUBLIC        P0M1
  D:0080H         PUBLIC        P0
  D:0090H         PUBLIC        P1
  D:00A0H         PUBLIC        P2
  D:00B0H         PUBLIC        P3
  D:00C0H         PUBLIC        P4
  D:00C8H         PUBLIC        P5
  D:00E8H         PUBLIC        P6
  D:00F8H         PUBLIC        P7
  D:00A8H         PUBLIC        IE
  C:3281H         PUBLIC        Key_Scan
  D:00B8H         PUBLIC        IP
  D:00D8H         PUBLIC        CCON
  C:4DEFH         PUBLIC        KeyPad_IO_Init
  C:4C45H         PUBLIC        _Delay_ms
  D:0098H         PUBLIC        SCON
  D:0088H         PUBLIC        TCON
  X:06D5H         PUBLIC        small_move
  X:06D7H         PUBLIC        move
  X:06D9H         PUBLIC        auto_mode
  X:06DBH         PUBLIC        direction
  X:06DDH         PUBLIC        SPI_NOR_ClearEnable
  C:29AEH         PUBLIC        Key_Process
  D:00D0H         PUBLIC        PSW
  D:0094H         PUBLIC        P0M0
  -------         PROC          _DELAY_MS
  D:0006H         SYMBOL        ms
  -------         DO            
  D:0004H         SYMBOL        De_Cnt
  -------         ENDDO         
  C:4C45H         LINE#         20
  C:4C45H         LINE#         21
  C:4C45H         LINE#         23
  C:4C4FH         LINE#         24
  C:4C4FH         LINE#         25
  C:4C62H         LINE#         26
  C:4C62H         LINE#         27
  -------         ENDPROC       _DELAY_MS
  -------         PROC          KEY_SCAN
  -------         DO            
  X:0673H         SYMBOL        KeyTemp1
  X:0674H         SYMBOL        KeyTemp2
BL51 BANKED LINKER/LOCATER V6.22                                                      05/29/2019  11:38:35  PAGE 21


  X:0675H         SYMBOL        KeyValue
  -------         ENDDO         
  C:3281H         LINE#         28
  C:3281H         LINE#         29
  C:3281H         LINE#         34
  C:3284H         LINE#         37
  C:3287H         LINE#         39
  C:328FH         LINE#         40
  C:3296H         LINE#         41
  C:3296H         LINE#         43
  C:329BH         LINE#         44
  C:32A2H         LINE#         45
  C:32A2H         LINE#         48
  C:32A5H         LINE#         49
  C:32A8H         LINE#         50
  C:32ADH         LINE#         51
  C:32B1H         LINE#         52
  C:32B1H         LINE#         53
  C:32B9H         LINE#         54
  C:32B9H         LINE#         55
  C:32BCH         LINE#         56
  C:32C4H         LINE#         57
  C:32C6H         LINE#         59
  C:32DAH         LINE#         60
  C:32DAH         LINE#         61
  C:32DAH         LINE#         62
  C:32DAH         LINE#         63
  C:32E0H         LINE#         65
  C:32E2H         LINE#         66
  C:32E2H         LINE#         67
  C:32E2H         LINE#         68
  C:32E8H         LINE#         70
  C:32EAH         LINE#         71
  C:32EAH         LINE#         72
  C:32EAH         LINE#         73
  C:32F0H         LINE#         75
  C:32F2H         LINE#         76
  C:32F2H         LINE#         77
  C:32F2H         LINE#         78
  C:32F8H         LINE#         80
  C:32F8H         LINE#         81
  C:32F8H         LINE#         82
  C:32F8H         LINE#         85
  C:32FBH         LINE#         86
  C:32FEH         LINE#         87
  C:3306H         LINE#         88
  C:330AH         LINE#         89
  C:330AH         LINE#         90
  C:3312H         LINE#         91
  C:3312H         LINE#         92
  C:3315H         LINE#         93
  C:331DH         LINE#         94
  C:331FH         LINE#         95
  C:3333H         LINE#         96
  C:3333H         LINE#         97
  C:3333H         LINE#         98
  C:3333H         LINE#         99
BL51 BANKED LINKER/LOCATER V6.22                                                      05/29/2019  11:38:35  PAGE 22


  C:3339H         LINE#         101
  C:333BH         LINE#         102
  C:333BH         LINE#         103
  C:333BH         LINE#         104
  C:3341H         LINE#         106
  C:3343H         LINE#         107
  C:3343H         LINE#         108
  C:3343H         LINE#         109
  C:3349H         LINE#         111
  C:334BH         LINE#         112
  C:334BH         LINE#         113
  C:334BH         LINE#         114
  C:3350H         LINE#         116
  C:3350H         LINE#         117
  C:3350H         LINE#         118
  C:3350H         LINE#         121
  C:3353H         LINE#         122
  C:3356H         LINE#         123
  C:335EH         LINE#         124
  C:3362H         LINE#         125
  C:3362H         LINE#         126
  C:336AH         LINE#         127
  C:336AH         LINE#         128
  C:336DH         LINE#         129
  C:3375H         LINE#         130
  C:3377H         LINE#         131
  C:338BH         LINE#         132
  C:338BH         LINE#         133
  C:338BH         LINE#         134
  C:338BH         LINE#         135
  C:3391H         LINE#         137
  C:3393H         LINE#         138
  C:3393H         LINE#         139
  C:3393H         LINE#         140
  C:3399H         LINE#         142
  C:339BH         LINE#         143
  C:339BH         LINE#         144
  C:339BH         LINE#         145
  C:33A1H         LINE#         147
  C:33A3H         LINE#         148
  C:33A3H         LINE#         149
  C:33A3H         LINE#         150
  C:33A9H         LINE#         152
  C:33A9H         LINE#         153
  C:33A9H         LINE#         154
  C:33A9H         LINE#         158
  C:33ACH         LINE#         159
  C:33AFH         LINE#         160
  C:33B7H         LINE#         161
  C:33BBH         LINE#         162
  C:33BBH         LINE#         163
  C:33C3H         LINE#         164
  C:33C3H         LINE#         165
  C:33C6H         LINE#         166
  C:33CEH         LINE#         167
  C:33D0H         LINE#         168
  C:33E4H         LINE#         169
BL51 BANKED LINKER/LOCATER V6.22                                                      05/29/2019  11:38:35  PAGE 23


  C:33E4H         LINE#         170
  C:33E4H         LINE#         171
  C:33E4H         LINE#         172
  C:33EAH         LINE#         174
  C:33ECH         LINE#         175
  C:33ECH         LINE#         176
  C:33ECH         LINE#         177
  C:33F2H         LINE#         179
  C:33F4H         LINE#         180
  C:33F4H         LINE#         181
  C:33F4H         LINE#         182
  C:33FAH         LINE#         184
  C:33FCH         LINE#         185
  C:33FCH         LINE#         186
  C:33FCH         LINE#         187
  C:3402H         LINE#         189
  C:3402H         LINE#         190
  C:3402H         LINE#         191
  C:3402H         LINE#         193
  C:3408H         LINE#         194
  C:3408H         LINE#         196
  C:3408H         LINE#         197
  C:340BH         LINE#         198
  C:340BH         LINE#         199
  C:340BH         LINE#         201
  C:340BH         LINE#         202
  C:340DH         LINE#         203
  C:340DH         LINE#         204
  -------         ENDPROC       KEY_SCAN
  -------         PROC          KEY_PROCESS
  -------         DO            
  X:06C6H         SYMBOL        KeyCount
  X:06C7H         SYMBOL        KeyNum_Old
  X:06C9H         SYMBOL        KeyNum
  X:06CBH         SYMBOL        PressedKey
  X:066DH         SYMBOL        d
  D:0002H         SYMBOL        hours
  D:0006H         SYMBOL        mins
  X:066FH         SYMBOL        months
  X:0671H         SYMBOL        days
  -------         ENDDO         
  C:29AEH         LINE#         205
  C:29AEH         LINE#         206
  C:29AEH         LINE#         210
  C:29BDH         LINE#         211
  C:29CAH         LINE#         213
  C:29CEH         LINE#         214
  C:29CEH         LINE#         215
  C:29D4H         LINE#         217
  C:29D4H         LINE#         218
  C:29EBH         LINE#         219
  C:29EBH         LINE#         220
  C:29F5H         LINE#         221
  C:29FBH         LINE#         223
  C:2A01H         LINE#         225
  C:2A01H         LINE#         226
  C:2A18H         LINE#         227
BL51 BANKED LINKER/LOCATER V6.22                                                      05/29/2019  11:38:35  PAGE 24


  C:2A18H         LINE#         228
  C:2A1DH         LINE#         230
  C:2A1DH         LINE#         231
  C:2A2DH         LINE#         232
  C:2A2DH         LINE#         233
  C:2A33H         LINE#         235
  C:2A33H         LINE#         236
  C:2A45H         LINE#         237
  C:2A45H         LINE#         238
  C:2A4FH         LINE#         239
  C:2A57H         LINE#         241
  C:2A60H         LINE#         243
  C:2A60H         LINE#         252
  C:2A7FH         LINE#         253
  C:2A7FH         LINE#         254
  C:2A9EH         LINE#         255
  C:2AA4H         LINE#         256
  C:2AACH         LINE#         257
  C:2AACH         LINE#         259
  C:2AADH         LINE#         265
  C:2AB9H         LINE#         266
  C:2AB9H         LINE#         267
  C:2AD6H         LINE#         268
  C:2AEDH         LINE#         269
  C:2B04H         LINE#         270
  C:2B04H         LINE#         271
  C:2B17H         LINE#         272
  C:2B2AH         LINE#         273
  C:2B2AH         LINE#         274
  C:2B2AH         LINE#         275
  C:2B2DH         LINE#         280
  C:2B3CH         LINE#         281
  C:2B3CH         LINE#         282
  C:2B5FH         LINE#         283
  C:2B7CH         LINE#         284
  C:2B85H         LINE#         285
  C:2B85H         LINE#         286
  C:2B8CH         LINE#         287
  C:2B8CH         LINE#         288
  C:2B9DH         LINE#         289
  C:2B9DH         LINE#         290
  C:2BACH         LINE#         291
  C:2BACH         LINE#         292
  C:2BACH         LINE#         293
  C:2BAFH         LINE#         295
  C:2BAFH         LINE#         296
  C:2BBBH         LINE#         297
  C:2BBBH         LINE#         298
  C:2BCDH         LINE#         299
  C:2BCDH         LINE#         300
  C:2BDDH         LINE#         301
  C:2BDDH         LINE#         302
  C:2BDDH         LINE#         304
  C:2BDFH         LINE#         306
  C:2BDFH         LINE#         307
  C:2BEEH         LINE#         308
  C:2BEEH         LINE#         309
BL51 BANKED LINKER/LOCATER V6.22                                                      05/29/2019  11:38:35  PAGE 25


  C:2BFEH         LINE#         310
  C:2BFEH         LINE#         311
  C:2BFEH         LINE#         313
  C:2BFEH         LINE#         315
  C:2BFEH         LINE#         316
  C:2C00H         LINE#         318
  C:2C00H         LINE#         319
  C:2C07H         LINE#         320
  C:2C07H         LINE#         321
  C:2C16H         LINE#         322
  C:2C16H         LINE#         323
  C:2C26H         LINE#         324
  C:2C26H         LINE#         325
  C:2C26H         LINE#         326
  C:2C28H         LINE#         328
  C:2C28H         LINE#         329
  C:2C37H         LINE#         330
  C:2C37H         LINE#         331
  C:2C4AH         LINE#         332
  C:2C5DH         LINE#         333
  C:2C5DH         LINE#         334
  C:2C5DH         LINE#         335
  C:2C5DH         LINE#         336
  C:2C66H         LINE#         338
  C:2C66H         LINE#         340
  C:2CA0H         LINE#         341
  C:2CA0H         LINE#         342
  C:2CA7H         LINE#         343
  C:2CA7H         LINE#         344
  C:2CB1H         LINE#         345
  C:2CB1H         LINE#         346
  C:2CB4H         LINE#         347
  C:2CB9H         LINE#         348
  C:2CBEH         LINE#         349
  C:2CC3H         LINE#         350
  C:2CC8H         LINE#         351
  C:2CCDH         LINE#         352
  C:2CD2H         LINE#         353
  C:2CD7H         LINE#         354
  C:2CD7H         LINE#         355
  C:2CD7H         LINE#         357
  C:2CF5H         LINE#         358
  C:2CF5H         LINE#         359
  C:2CFCH         LINE#         360
  C:2CFCH         LINE#         361
  C:2D01H         LINE#         362
  C:2D0AH         LINE#         363
  C:2D29H         LINE#         364
  C:2D29H         LINE#         365
  C:2D39H         LINE#         367
  C:2D39H         LINE#         371
  -------         ENDPROC       KEY_PROCESS
  -------         PROC          KEYPAD_IO_INIT
  C:4DEFH         LINE#         374
  C:4DEFH         LINE#         375
  C:4DEFH         LINE#         376
  C:4DF2H         LINE#         377
BL51 BANKED LINKER/LOCATER V6.22                                                      05/29/2019  11:38:35  PAGE 26


  C:4DF5H         LINE#         378
  C:4DF8H         LINE#         379
  C:4DFAH         LINE#         380
  -------         ENDPROC       KEYPAD_IO_INIT
  -------         ENDMOD        KEYPAD

  -------         MODULE        BIPOLARMOTOR
  C:0000H         SYMBOL        _ICE_DUMMY_
  X:0000H         PUBLIC        UTC_time
  D:0080H         PUBLIC        P0
  D:0090H         PUBLIC        P1
  X:0004H         PUBLIC        RX_pos_test
  D:00A0H         PUBLIC        P2
  D:00B0H         PUBLIC        P3
  D:00C0H         PUBLIC        P4
  D:00C8H         PUBLIC        P5
  D:00E8H         PUBLIC        P6
  D:00F8H         PUBLIC        P7
  X:00A4H         PUBLIC        low_date_azimuth_mapping
  D:00A8H         PUBLIC        IE
  C:4029H         PUBLIC        linear_interpolate
  X:00CCH         PUBLIC        declination
  C:4B28H         PUBLIC        _Move
  D:00B8H         PUBLIC        IP
  X:00D0H         PUBLIC        time_offset
  D:00D8H         PUBLIC        CCON
  X:00D4H         PUBLIC        previous_move_time
  X:00D5H         PUBLIC        time
  D:0098H         PUBLIC        SCON
  D:0088H         PUBLIC        TCON
  C:498AH         PUBLIC        _Step_move
  X:00E7H         PUBLIC        dat
  X:00EDH         PUBLIC        current_local_sun_time
  C:1198H         PUBLIC        _Update_position
  C:2D3AH         PUBLIC        _elevation_calculation
  X:00F1H         PUBLIC        sunCoord
  C:4872H         PUBLIC        vOneStepMove
  X:00F4H         PUBLIC        elevation_stamp
  X:0130H         PUBLIC        date_azimuth_mapping
  X:0158H         PUBLIC        location
  X:0160H         PUBLIC        RX_pos
  C:4D0FH         PUBLIC        vSetLocation
  C:4C8AH         PUBLIC        _BCDtoDec1
  X:03B8H         PUBLIC        degree
  C:1CD0H         PUBLIC        _TheoricalJP_Position
  D:00D0H         PUBLIC        PSW
  -------         PROC          VSETLOCATION
  C:4D0FH         LINE#         44
  C:4D0FH         LINE#         45
  C:4D0FH         LINE#         46
  C:4D19H         LINE#         47
  C:4D23H         LINE#         48
  -------         ENDPROC       VSETLOCATION
  C:4C86H         SYMBOL        L?0060
  -------         PROC          L?0059
  -------         ENDPROC       L?0059
  C:4C86H         SYMBOL        L?0060
BL51 BANKED LINKER/LOCATER V6.22                                                      05/29/2019  11:38:35  PAGE 27


  -------         PROC          _BCDTODEC1
  D:0007H         SYMBOL        bcd
  -------         DO            
  D:0006H         SYMBOL        hi
  D:0007H         SYMBOL        lo
  -------         ENDDO         
  C:4C8AH         LINE#         49
  C:4C8AH         LINE#         50
  C:4C8AH         LINE#         52
  C:4C8FH         LINE#         53
  C:4C93H         LINE#         54
  C:4C9AH         LINE#         55
  -------         ENDPROC       _BCDTODEC1
  -------         PROC          VONESTEPMOVE
  B:0020H.2       SYMBOL        bDir
  C:4872H         LINE#         59
  C:4872H         LINE#         60
  C:4872H         LINE#         62
  C:4878H         LINE#         63
  C:4878H         LINE#         64
  C:487BH         LINE#         65
  C:4884H         LINE#         66
  C:488BH         LINE#         67
  C:4890H         LINE#         68
  C:4890H         LINE#         69
  C:4890H         LINE#         71
  C:4892H         LINE#         74
  C:4892H         LINE#         75
  C:4895H         LINE#         76
  C:489EH         LINE#         77
  C:48A5H         LINE#         78
  C:48ABH         LINE#         79
  C:48B4H         LINE#         80
  C:48BBH         LINE#         81
  C:48BBH         LINE#         85
  -------         ENDPROC       VONESTEPMOVE
  -------         PROC          _STEP_MOVE
  X:066DH         SYMBOL        step
  B:0020H.1       SYMBOL        dir
  -------         DO            
  X:066FH         SYMBOL        i
  -------         ENDDO         
  C:498AH         LINE#         87
  C:4992H         LINE#         88
  C:4992H         LINE#         90
  C:4997H         LINE#         93
  C:49B2H         LINE#         94
  C:49B2H         LINE#         95
  C:49B9H         LINE#         97
  C:49C9H         LINE#         99
  -------         ENDPROC       _STEP_MOVE
  -------         PROC          _MOVE
  X:073BH         SYMBOL        distance
  B:0020H.6       SYMBOL        direction
  -------         DO            
  D:0006H         SYMBOL        step
  -------         ENDDO         
BL51 BANKED LINKER/LOCATER V6.22                                                      05/29/2019  11:38:35  PAGE 28


  C:4B28H         LINE#         101
  C:4B2EH         LINE#         102
  C:4B2EH         LINE#         105
  C:4B49H         LINE#         106
  -------         ENDPROC       _MOVE
  C:4018H         SYMBOL        L?0058
  -------         PROC          L?0057
  -------         ENDPROC       L?0057
  C:4018H         SYMBOL        L?0058
  -------         PROC          LINEAR_INTERPOLATE
  X:06F7H         SYMBOL        p1
  X:06FFH         SYMBOL        p2
  X:0707H         SYMBOL        x
  -------         DO            
  D:0004H         SYMBOL        fx
  -------         ENDDO         
  C:4029H         LINE#         139
  C:4029H         LINE#         140
  C:4029H         LINE#         143
  C:40C8H         LINE#         145
  C:40C8H         LINE#         146
  -------         ENDPROC       LINEAR_INTERPOLATE
  -------         PROC          _THEORICALJP_POSITION
  X:05D5H         SYMBOL        azimuth
  X:05D9H         SYMBOL        elevation
  -------         DO            
  X:05DDH         SYMBOL        pos_interpolate_azimuth
  X:0619H         SYMBOL        JP_pos
  X:061DH         SYMBOL        i
  X:061FH         SYMBOL        yy
  X:0621H         SYMBOL        p1
  X:0629H         SYMBOL        p2
  -------         ENDDO         
  C:1CD0H         LINE#         149
  C:1CD6H         LINE#         150
  C:1CD6H         LINE#         152
  C:1CE0H         LINE#         155
  C:1CFCH         LINE#         156
  C:1CFCH         LINE#         157
  C:1D6CH         LINE#         158
  C:1D6CH         LINE#         159
  C:1D73H         LINE#         160
  C:1D73H         LINE#         161
  C:1DA0H         LINE#         162
  C:1DBBH         LINE#         164
  C:1E02H         LINE#         165
  C:1E36H         LINE#         167
  C:1E7CH         LINE#         168
  C:1EA1H         LINE#         170
  C:1EA1H         LINE#         172
  C:1F17H         LINE#         173
  C:1F17H         LINE#         174
  C:1F1EH         LINE#         175
  C:1F1EH         LINE#         176
  C:1F4BH         LINE#         177
  C:1F66H         LINE#         179
  C:1FADH         LINE#         180
BL51 BANKED LINKER/LOCATER V6.22                                                      05/29/2019  11:38:35  PAGE 29


  C:1FE1H         LINE#         182
  C:2027H         LINE#         183
  C:2049H         LINE#         185
  C:2049H         LINE#         186
  C:205DH         LINE#         189
  C:2079H         LINE#         190
  C:2079H         LINE#         191
  C:20E9H         LINE#         192
  C:20E9H         LINE#         193
  C:2116H         LINE#         194
  C:2131H         LINE#         196
  C:215EH         LINE#         197
  C:2179H         LINE#         199
  C:21ABH         LINE#         202
  C:21ABH         LINE#         204
  C:21BCH         LINE#         205
  C:21CAH         LINE#         207
  -------         ENDPROC       _THEORICALJP_POSITION
  -------         PROC          _UPDATE_POSITION
  D:0001H         SYMBOL        mnths
  D:0002H         SYMBOL        dys
  X:067EH         SYMBOL        hurs
  X:067FH         SYMBOL        mns
  X:0680H         SYMBOL        sconds
  X:0681H         SYMBOL        currnt_pos
  X:0684H         SYMBOL        offset_calib
  -------         DO            
  X:0688H         SYMBOL        date
  X:068AH         SYMBOL        i
  X:068CH         SYMBOL        yy
  X:068EH         SYMBOL        desired_distance
  X:0692H         SYMBOL        distance
  X:0696H         SYMBOL        JP_pos
  X:069AH         SYMBOL        elevation
  X:069EH         SYMBOL        azimuth
  -------         ENDDO         
  C:1198H         LINE#         210
  C:11A1H         LINE#         213
  C:11A1H         LINE#         214
  C:11ACH         LINE#         216
  C:11C8H         LINE#         223
  C:11D2H         LINE#         224
  C:11DDH         LINE#         225
  C:11E8H         LINE#         226
  C:1201H         LINE#         227
  C:1212H         LINE#         228
  C:1221H         LINE#         231
  C:1235H         LINE#         235
  C:1287H         LINE#         236
  C:13EBH         LINE#         237
  C:143BH         LINE#         240
  C:1563H         LINE#         243
  C:1632H         LINE#         250
  C:1679H         LINE#         251
  C:1679H         LINE#         253
  C:16A4H         LINE#         254
  C:16D3H         LINE#         256
BL51 BANKED LINKER/LOCATER V6.22                                                      05/29/2019  11:38:35  PAGE 30


  C:16F8H         LINE#         257
  C:175DH         LINE#         258
  C:175DH         LINE#         259
  C:1777H         LINE#         260
  C:1789H         LINE#         261
  C:17A1H         LINE#         262
  C:17B7H         LINE#         264
  C:17D3H         LINE#         265
  C:17D3H         LINE#         266
  C:17D3H         LINE#         269
  -------         ENDPROC       _UPDATE_POSITION
  -------         PROC          _ELEVATION_CALCULATION
  D:0007H         SYMBOL        mnths
  D:0005H         SYMBOL        dys
  X:0733H         SYMBOL        hurs
  X:0734H         SYMBOL        mns
  X:0735H         SYMBOL        sconds
  C:2D3AH         LINE#         271
  C:2D3FH         LINE#         273
  C:2D3FH         LINE#         274
  C:2D49H         LINE#         275
  C:2D52H         LINE#         276
  C:2D5DH         LINE#         277
  C:2D76H         LINE#         278
  C:2D8AH         LINE#         279
  C:2D9CH         LINE#         283
  C:2DEEH         LINE#         284
  C:2F52H         LINE#         285
  C:2FA2H         LINE#         287
  C:30B9H         LINE#         289
  -------         ENDPROC       _ELEVATION_CALCULATION
  -------         ENDMOD        BIPOLARMOTOR

  -------         MODULE        SUNPOS
  C:0000H         SYMBOL        _ICE_DUMMY_
  C:09F6H         PUBLIC        sunpos
  -------         PROC          SUNPOS
  X:0578H         SYMBOL        udtTime
  X:058AH         SYMBOL        udtLocation
  X:0592H         SYMBOL        udtSunCoordinates
  -------         DO            
  X:0595H         SYMBOL        dElapsedJulianDays
  X:0599H         SYMBOL        dDecimalHours
  X:059DH         SYMBOL        dEclipticLongitude
  X:05A1H         SYMBOL        dEclipticObliquity
  X:05A5H         SYMBOL        dRightAscension
  X:05A9H         SYMBOL        dDeclination
  X:05ADH         SYMBOL        dY
  X:05B1H         SYMBOL        dX
  -------         DO            
  X:05B5H         SYMBOL        dJulianDate
  X:05B9H         SYMBOL        liAux1
  X:05BDH         SYMBOL        liAux2
  X:05B5H         SYMBOL        dMeanLongitude
  X:05B9H         SYMBOL        dMeanAnomaly
  X:05BDH         SYMBOL        dOmega
  X:05B5H         SYMBOL        dSin_EclipticLongitude
BL51 BANKED LINKER/LOCATER V6.22                                                      05/29/2019  11:38:35  PAGE 31


  X:05B5H         SYMBOL        dGreenwichMeanSiderealTime
  X:05B9H         SYMBOL        dLocalMeanSiderealTime
  X:05BDH         SYMBOL        dLatitudeInRadians
  X:05C1H         SYMBOL        dHourAngle
  X:05C5H         SYMBOL        dCos_Latitude
  X:05C9H         SYMBOL        dSin_Latitude
  X:05CDH         SYMBOL        dCos_HourAngle
  X:05D1H         SYMBOL        dParallax
  -------         ENDDO         
  -------         DO            
  X:05B5H         SYMBOL        dMeanLongitude
  X:05B9H         SYMBOL        dMeanAnomaly
  X:05BDH         SYMBOL        dOmega
  X:05B5H         SYMBOL        dSin_EclipticLongitude
  X:05B5H         SYMBOL        dGreenwichMeanSiderealTime
  X:05B9H         SYMBOL        dLocalMeanSiderealTime
  X:05BDH         SYMBOL        dLatitudeInRadians
  X:05C1H         SYMBOL        dHourAngle
  X:05C5H         SYMBOL        dCos_Latitude
  X:05C9H         SYMBOL        dSin_Latitude
  X:05CDH         SYMBOL        dCos_HourAngle
  X:05D1H         SYMBOL        dParallax
  -------         ENDDO         
  -------         DO            
  X:05B5H         SYMBOL        dSin_EclipticLongitude
  X:05B5H         SYMBOL        dGreenwichMeanSiderealTime
  X:05B9H         SYMBOL        dLocalMeanSiderealTime
  X:05BDH         SYMBOL        dLatitudeInRadians
  X:05C1H         SYMBOL        dHourAngle
  X:05C5H         SYMBOL        dCos_Latitude
  X:05C9H         SYMBOL        dSin_Latitude
  X:05CDH         SYMBOL        dCos_HourAngle
  X:05D1H         SYMBOL        dParallax
  -------         ENDDO         
  -------         DO            
  X:05B5H         SYMBOL        dGreenwichMeanSiderealTime
  X:05B9H         SYMBOL        dLocalMeanSiderealTime
  X:05BDH         SYMBOL        dLatitudeInRadians
  X:05C1H         SYMBOL        dHourAngle
  X:05C5H         SYMBOL        dCos_Latitude
  X:05C9H         SYMBOL        dSin_Latitude
  X:05CDH         SYMBOL        dCos_HourAngle
  X:05D1H         SYMBOL        dParallax
  -------         ENDDO         
  -------         ENDDO         
  C:09F6H         LINE#         6
  C:09F6H         LINE#         7
  C:09F6H         LINE#         9
  C:09F6H         LINE#         27
  C:0A40H         LINE#         30
  C:0A61H         LINE#         31
  C:0BA8H         LINE#         34
  C:0BF4H         LINE#         36
  C:0C13H         LINE#         37
  C:0C13H         LINE#         42
  C:0C13H         LINE#         46
  C:0C45H         LINE#         47
BL51 BANKED LINKER/LOCATER V6.22                                                      05/29/2019  11:38:35  PAGE 32


  C:0C6FH         LINE#         48
  C:0C99H         LINE#         49
  C:0D46H         LINE#         52
  C:0DA7H         LINE#         54
  C:0DA7H         LINE#         59
  C:0DA7H         LINE#         61
  C:0DBEH         LINE#         62
  C:0DE6H         LINE#         63
  C:0DFDH         LINE#         64
  C:0E28H         LINE#         65
  C:0E5FH         LINE#         66
  C:0E8AH         LINE#         67
  C:0E8AH         LINE#         70
  C:0E8AH         LINE#         79
  C:0EC5H         LINE#         82
  C:0EFFH         LINE#         84
  C:0F24H         LINE#         85
  C:0F43H         LINE#         86
  C:0F5AH         LINE#         87
  C:0F71H         LINE#         88
  C:0F88H         LINE#         89
  C:1011H         LINE#         91
  C:102BH         LINE#         92
  C:108DH         LINE#         93
  C:10C3H         LINE#         94
  C:10D5H         LINE#         95
  C:1102H         LINE#         96
  C:112FH         LINE#         98
  C:1151H         LINE#         100
  C:1189H         LINE#         103
  C:1189H         LINE#         104
  C:1197H         LINE#         105
  -------         ENDPROC       SUNPOS
  -------         ENDMOD        SUNPOS

  -------         MODULE        ADC
  C:0000H         SYMBOL        _ICE_DUMMY_
  D:0092H         PUBLIC        P1M0
  D:0091H         PUBLIC        P1M1
  D:0080H         PUBLIC        P0
  D:0090H         PUBLIC        P1
  D:00A0H         PUBLIC        P2
  D:00B0H         PUBLIC        P3
  D:00C0H         PUBLIC        P4
  D:00C8H         PUBLIC        P5
  D:00E8H         PUBLIC        P6
  D:00F8H         PUBLIC        P7
  D:00A8H         PUBLIC        IE
  D:00BDH         PUBLIC        ADC_RES
  D:00B8H         PUBLIC        IP
  D:0097H         PUBLIC        CLK_DIV
  D:00D8H         PUBLIC        CCON
  D:00BCH         PUBLIC        ADC_CONTR
  D:0098H         PUBLIC        SCON
  D:0088H         PUBLIC        TCON
  B:00A0H.4       PUBLIC        P24
  B:00A0H.5       PUBLIC        P25
BL51 BANKED LINKER/LOCATER V6.22                                                      05/29/2019  11:38:35  PAGE 33


  B:00A0H.6       PUBLIC        P26
  C:4C9BH         PUBLIC        ADC_Init
  C:4AFEH         PUBLIC        _ADC_GetResult
  D:009DH         PUBLIC        P1ASF
  D:00BEH         PUBLIC        ADC_RESL
  D:00D0H         PUBLIC        PSW
  -------         PROC          ADC_INIT
  C:4C9BH         LINE#         7
  C:4C9BH         LINE#         8
  C:4C9BH         LINE#         10
  C:4C9DH         LINE#         11
  C:4C9FH         LINE#         12
  C:4CA1H         LINE#         13
  C:4CA4H         LINE#         14
  C:4CA7H         LINE#         15
  C:4CAAH         LINE#         16
  C:4CADH         LINE#         18
  C:4CAFH         LINE#         19
  C:4CB1H         LINE#         20
  C:4CB4H         LINE#         24
  -------         ENDPROC       ADC_INIT
  -------         PROC          _ADC_GETRESULT
  D:0007H         SYMBOL        ch
  -------         DO            
  D:0006H         SYMBOL        ADC_Value_H
  D:0004H         SYMBOL        ADC_Value_L
  D:0006H         SYMBOL        ADC_Value
  -------         ENDDO         
  C:4AFEH         LINE#         27
  C:4AFEH         LINE#         28
  C:4AFEH         LINE#         30
  C:4B03H         LINE#         31
  C:4B04H         LINE#         32
  C:4B05H         LINE#         35
  C:4B0AH         LINE#         36
  C:4B0DH         LINE#         37
  C:4B11H         LINE#         38
  C:4B15H         LINE#         40
  C:4B27H         LINE#         41
  C:4B27H         LINE#         42
  -------         ENDPROC       _ADC_GETRESULT
  -------         ENDMOD        ADC

  -------         MODULE        CALIBRATION
  C:0000H         SYMBOL        _ICE_DUMMY_
  D:0080H         PUBLIC        P0
  D:0090H         PUBLIC        P1
  D:00A0H         PUBLIC        P2
  D:00B0H         PUBLIC        P3
  D:00C0H         PUBLIC        P4
  D:00C8H         PUBLIC        P5
  D:00E8H         PUBLIC        P6
  D:00F8H         PUBLIC        P7
  C:441BH         PUBLIC        _Max_Value
  D:00A8H         PUBLIC        IE
  C:30BAH         PUBLIC        _calibration
  C:40C9H         PUBLIC        voltage_is_stable
BL51 BANKED LINKER/LOCATER V6.22                                                      05/29/2019  11:38:35  PAGE 34


  D:00B8H         PUBLIC        IP
  C:4B77H         PUBLIC        _FindClosestSamedayCalibTime
  D:00D8H         PUBLIC        CCON
  D:0098H         PUBLIC        SCON
  D:0088H         PUBLIC        TCON
  C:17D4H         PUBLIC        _Find_Real_Max
[...]
  C:4353H         LINE#         294
  C:4357H         LINE#         295
  C:4357H         LINE#         297
  C:4376H         LINE#         301
  C:4378H         LINE#         302
  C:437BH         LINE#         303
  C:437DH         LINE#         304
  -------         ENDPROC       UCREAD_STATUS_REGISTER_BYTE1
  -------         PROC          SPI_NOR_WRITE_DATA
  X:070BH         SYMBOL        dat
  X:0716H         SYMBOL        addr
  C:340EH         LINE#         306
  C:340EH         LINE#         307
  C:340EH         LINE#         309
  C:3411H         LINE#         311
  C:342BH         LINE#         312
  C:3449H         LINE#         314
  C:3450H         LINE#         315
  C:3453H         LINE#         317
  C:346DH         LINE#         318
  C:346DH         LINE#         319
  C:346DH         LINE#         322
  C:3470H         LINE#         324
  C:348AH         LINE#         325
  C:348AH         LINE#         326
  C:348AH         LINE#         328
  C:348DH         LINE#         330
  C:34A7H         LINE#         331
  C:34A7H         LINE#         332
  C:34A7H         LINE#         334
  C:34AAH         LINE#         336
  C:34C4H         LINE#         337
  C:34C4H         LINE#         338
  C:34C4H         LINE#         340
  C:34C7H         LINE#         342
  C:34E1H         LINE#         343
  C:34E1H         LINE#         344
  C:34E1H         LINE#         346
  C:34E4H         LINE#         348
  C:34FEH         LINE#         349
  C:34FEH         LINE#         350
  C:34FEH         LINE#         352
  C:3501H         LINE#         354
  C:351BH         LINE#         355
  C:351BH         LINE#         356
  C:351BH         LINE#         358
  C:351EH         LINE#         360
  C:3538H         LINE#         361
  C:3538H         LINE#         362
  C:3538H         LINE#         364
  C:353BH         LINE#         366
  C:3555H         LINE#         367
  C:3555H         LINE#         368
  C:3555H         LINE#         370
BL51 BANKED LINKER/LOCATER V6.22                                                      05/29/2019  11:38:35  PAGE 47


  C:3558H         LINE#         372
  C:3572H         LINE#         373
  C:3579H         LINE#         374
  -------         ENDPROC       SPI_NOR_WRITE_DATA
  -------         ENDMOD        AT25SF041

  -------         MODULE        SI1120
  C:0000H         SYMBOL        _ICE_DUMMY_
  D:0080H         PUBLIC        P0
  D:00B2H         PUBLIC        P3M0
  D:0090H         PUBLIC        P1
  D:00B1H         PUBLIC        P3M1
  D:00A0H         PUBLIC        P2
  D:00B0H         PUBLIC        P3
  D:00C0H         PUBLIC        P4
  D:00C8H         PUBLIC        P5
  B:00A8H.7       PUBLIC        EA
  D:00E8H         PUBLIC        P6
  D:00F8H         PUBLIC        P7
  D:00A8H         PUBLIC        IE
  D:00B8H         PUBLIC        IP
  C:4A77H         PUBLIC        SI1120_CONFIG_MODE_VIRH
  D:00D8H         PUBLIC        CCON
  D:0098H         PUBLIC        SCON
  D:0088H         PUBLIC        TCON
  C:4DE2H         PUBLIC        Enable_EXTINT0
  B:0090H.5       PUBLIC        SI1120_STX
  B:0088H.0       PUBLIC        IT0
  B:00A8H.0       PUBLIC        EX0
  B:0090H.4       PUBLIC        SI1120_MD
  B:0090H.6       PUBLIC        SI1120_SC
  D:00D0H         PUBLIC        PSW
  -------         PROC          SI1120_CONFIG_MODE_VIRH
  C:4A77H         LINE#         4
  C:4A77H         LINE#         5
  C:4A77H         LINE#         6
  C:4A79H         LINE#         7
  C:4A7BH         LINE#         8
  C:4A7DH         LINE#         10
  C:4A84H         LINE#         11
  C:4A86H         LINE#         13
  C:4A88H         LINE#         14
  C:4A8AH         LINE#         16
  C:4A91H         LINE#         18
  C:4A93H         LINE#         20
  C:4A9AH         LINE#         23
  C:4A9CH         LINE#         25
  C:4A9EH         LINE#         27
  C:4AA5H         LINE#         29
  C:4AA7H         LINE#         31
  -------         ENDPROC       SI1120_CONFIG_MODE_VIRH
  -------         PROC          ENABLE_EXTINT0
  C:4DE2H         LINE#         33
  C:4DE2H         LINE#         34
  C:4DE2H         LINE#         35
  C:4DE5H         LINE#         36
  C:4DE8H         LINE#         37
BL51 BANKED LINKER/LOCATER V6.22                                                      05/29/2019  11:38:35  PAGE 48


  C:4DEAH         LINE#         38
  C:4DECH         LINE#         39
  C:4DEEH         LINE#         40
  -------         ENDPROC       ENABLE_EXTINT0
  -------         ENDMOD        SI1120

  -------         MODULE        UART1
  C:0000H         SYMBOL        _ICE_DUMMY_
  D:0080H         PUBLIC        P0
  D:0090H         PUBLIC        P1
  D:00A0H         PUBLIC        P2
  D:00B0H         PUBLIC        P3
  D:00C0H         PUBLIC        P4
  D:00C8H         PUBLIC        P5
  C:4BC0H         PUBLIC        _uart1_SendToTCPServer
  B:00A8H.7       PUBLIC        EA
  D:00E8H         PUBLIC        P6
  D:00F8H         PUBLIC        P7
  C:4A44H         PUBLIC        _SendString
  D:00A8H         PUBLIC        IE
  B:00A8H.4       PUBLIC        ES
  D:00B8H         PUBLIC        IP
  C:4CCDH         PUBLIC        _ASCIItoBCD
  D:00D8H         PUBLIC        CCON
  C:4D97H         PUBLIC        initUART1
  D:0098H         PUBLIC        SCON
  D:0088H         PUBLIC        TCON
  C:4E3BH         PUBLIC        _DectoBCD
  C:001EH         PUBLIC        _ASCII_Letter
  D:008EH         PUBLIC        AUXR
  C:0006H         PUBLIC        _unit
  C:4E30H         PUBLIC        _ten
  D:00D6H         PUBLIC        T2H
  D:00D7H         PUBLIC        T2L
  C:4E21H         PUBLIC        uart1_InitTCPConn
  D:00D0H         PUBLIC        PSW
  -------         PROC          INITUART1
  C:4D97H         LINE#         24
  C:4D97H         LINE#         25
  C:4D97H         LINE#         26
  C:4D9AH         LINE#         27
  C:4D9DH         LINE#         28
  C:4DA0H         LINE#         29
  C:4DA3H         LINE#         30
  C:4DA5H         LINE#         31
  C:4DA7H         LINE#         34
  -------         ENDPROC       INITUART1
  -------         PROC          _SENDSTRING
  X:0670H         SYMBOL        s
  C:4A44H         LINE#         39
  C:4A4FH         LINE#         40
  C:4A4FH         LINE#         41
  C:4A5FH         LINE#         42
  C:4A5FH         LINE#         43
  C:4A74H         LINE#         44
  C:4A76H         LINE#         45
  -------         ENDPROC       _SENDSTRING
BL51 BANKED LINKER/LOCATER V6.22                                                      05/29/2019  11:38:35  PAGE 49


  -------         PROC          _TEN
  D:0007H         SYMBOL        BCD
  C:4E30H         LINE#         47
  C:4E30H         LINE#         48
  C:4E30H         LINE#         49
  C:4E35H         LINE#         50
  -------         ENDPROC       _TEN
  -------         PROC          _UNIT
  D:0007H         SYMBOL        BCD
  C:0006H         LINE#         51
  C:0006H         LINE#         52
  C:0006H         LINE#         56
  C:000AH         LINE#         57
  -------         ENDPROC       _UNIT
  -------         PROC          _DECTOBCD
  D:0007H         SYMBOL        dec
  C:4E3BH         LINE#         58
  C:4E3BH         LINE#         59
  C:4E3BH         LINE#         61
  C:4E3BH         LINE#         62
  -------         ENDPROC       _DECTOBCD
  -------         PROC          _ASCII_LETTER
  D:0007H         SYMBOL        dat
  C:001EH         LINE#         64
  C:001EH         LINE#         65
  C:001EH         LINE#         67
  C:0022H         LINE#         68
  -------         ENDPROC       _ASCII_LETTER
  -------         PROC          _ASCIITOBCD
  D:0001H         SYMBOL        ascii
  -------         DO            
  D:0007H         SYMBOL        dec_val
  D:0006H         SYMBOL        ten
  D:0007H         SYMBOL        unit
  -------         ENDDO         
  C:4CCDH         LINE#         70
  C:4CCDH         LINE#         71
  C:4CCDH         LINE#         73
  C:4CD0H         LINE#         74
  C:4CD6H         LINE#         75
  C:4CDDH         LINE#         76
  C:4CE3H         LINE#         78
  -------         ENDPROC       _ASCIITOBCD
  -------         PROC          UART1_INITTCPCONN
  C:4E21H         LINE#         80
  C:4E21H         LINE#         81
  C:4E21H         LINE#         85
  -------         ENDPROC       UART1_INITTCPCONN
  -------         PROC          _UART1_SENDTOTCPSERVER
  X:066DH         SYMBOL        str
  C:4BC0H         LINE#         89
  C:4BCBH         LINE#         90
  C:4BCBH         LINE#         91
  C:4BD4H         LINE#         92
  C:4BDBH         LINE#         93
  -------         ENDPROC       _UART1_SENDTOTCPSERVER
  -------         ENDMOD        UART1
BL51 BANKED LINKER/LOCATER V6.22                                                      05/29/2019  11:38:35  PAGE 50



  -------         MODULE        ?C_STARTUP
  C:4551H         SEGMENT       ?C_C51STARTUP
  I:0022H         SEGMENT       ?STACK
  C:0000H         PUBLIC        ?C_STARTUP
  D:00E0H         SYMBOL        ACC
  D:00F0H         SYMBOL        B
  D:0083H         SYMBOL        DPH
  D:0082H         SYMBOL        DPL
  N:0000H         SYMBOL        IBPSTACK
  N:0100H         SYMBOL        IBPSTACKTOP
  N:0080H         SYMBOL        IDATALEN
  C:4554H         SYMBOL        IDATALOOP
  N:0000H         SYMBOL        PBPSTACK
  N:0100H         SYMBOL        PBPSTACKTOP
  N:0000H         SYMBOL        PDATALEN
  N:0000H         SYMBOL        PDATASTART
  N:0000H         SYMBOL        PPAGE
  N:0000H         SYMBOL        PPAGEENABLE
  D:00A0H         SYMBOL        PPAGE_SFR
  D:0081H         SYMBOL        SP
  C:4551H         SYMBOL        STARTUP1
  N:0000H         SYMBOL        XBPSTACK
  N:0000H         SYMBOL        XBPSTACKTOP
  N:0000H         SYMBOL        XDATALEN
  N:0000H         SYMBOL        XDATASTART
  C:0000H         LINE#         126
  C:4551H         LINE#         133
  C:4553H         LINE#         134
  C:4554H         LINE#         135
  C:4555H         LINE#         136
  C:4557H         LINE#         185
  C:455AH         LINE#         196
  -------         ENDMOD        ?C_STARTUP

  -------         MODULE        ?C?FPADD
  C:002DH         PUBLIC        ?C?FPADD
  C:0029H         PUBLIC        ?C?FPSUB
  -------         ENDMOD        ?C?FPADD

  -------         MODULE        ?C?FPMUL
  C:011EH         PUBLIC        ?C?FPMUL
  -------         ENDMOD        ?C?FPMUL

  -------         MODULE        ?C?FPDIV
  C:0227H         PUBLIC        ?C?FPDIV
  -------         ENDMOD        ?C?FPDIV

  -------         MODULE        ?C?FPCMP
  C:02C6H         PUBLIC        ?C?FPCMP
  C:02C4H         PUBLIC        ?C?FPCMP3
  -------         ENDMOD        ?C?FPCMP

  -------         MODULE        ?C?FPNEG
  C:033DH         PUBLIC        ?C?FPNEG
  -------         ENDMOD        ?C?FPNEG

BL51 BANKED LINKER/LOCATER V6.22                                                      05/29/2019  11:38:35  PAGE 51


  -------         MODULE        ?C?FCAST
  C:0358H         PUBLIC        ?C?FCASTC
  C:0353H         PUBLIC        ?C?FCASTI
  C:034EH         PUBLIC        ?C?FCASTL
  -------         ENDMOD        ?C?FCAST

  -------         MODULE        ?C?CASTF
  C:038CH         PUBLIC        ?C?CASTF
  -------         ENDMOD        ?C?CASTF

  -------         MODULE        ATAN2
  X:0729H         PUBLIC        ?_atan2?BYTE
  C:437EH         PUBLIC        _atan2
  -------         ENDMOD        ATAN2

  -------         MODULE        SIN
  C:35DFH         PUBLIC        _COS
  C:35F5H         PUBLIC        _SIN
  C:3631H         PUBLIC        _TAN
  -------         ENDMOD        SIN

  -------         MODULE        ACOS
  C:48BCH         PUBLIC        _ACOS
  -------         ENDMOD        ACOS

  -------         MODULE        ASIN
  C:4A09H         PUBLIC        _ASIN
  -------         ENDMOD        ASIN

  -------         MODULE        POW
  X:0631H         PUBLIC        ?_pow?BYTE
  C:371FH         PUBLIC        _pow
  -------         ENDMOD        POW

  -------         MODULE        ?C?CHKFLOAT
  C:040DH         PUBLIC        ?C?CHKFLOAT
  -------         ENDMOD        ?C?CHKFLOAT

  -------         MODULE        EXP
  C:44EFH         PUBLIC        _EXP
  -------         ENDMOD        EXP

  -------         MODULE        LOG
  C:3A0EH         PUBLIC        _LOG
  C:3A0AH         PUBLIC        _LOG10
  -------         ENDMOD        LOG

  -------         MODULE        SQRT
  C:4235H         PUBLIC        _SQRT
  -------         ENDMOD        SQRT

  -------         MODULE        ATAN
  C:3B23H         PUBLIC        _ATAN
  -------         ENDMOD        ATAN

  -------         MODULE        ?C?COPY
  C:0544H         PUBLIC        ?C?COPY
BL51 BANKED LINKER/LOCATER V6.22                                                      05/29/2019  11:38:35  PAGE 52


  -------         ENDMOD        ?C?COPY

  -------         MODULE        ?C?CLDPTR
  C:056AH         PUBLIC        ?C?CLDPTR
  -------         ENDMOD        ?C?CLDPTR

  -------         MODULE        ?C?CLDOPTR
  C:0583H         PUBLIC        ?C?CLDOPTR
  -------         ENDMOD        ?C?CLDOPTR

  -------         MODULE        ?C?CSTPTR
  C:05B0H         PUBLIC        ?C?CSTPTR
  -------         ENDMOD        ?C?CSTPTR

  -------         MODULE        ?C?IMUL
  C:05C2H         PUBLIC        ?C?IMUL
  -------         ENDMOD        ?C?IMUL

  -------         MODULE        ?C?UIDIV
  C:05D4H         PUBLIC        ?C?UIDIV
  -------         ENDMOD        ?C?UIDIV

  -------         MODULE        ?C?SIDIV
  C:0629H         PUBLIC        ?C?SIDIV
  -------         ENDMOD        ?C?SIDIV

  -------         MODULE        ?C?ILDIX
  C:065FH         PUBLIC        ?C?ILDIX
  -------         ENDMOD        ?C?ILDIX

  -------         MODULE        ?C?ILDOPTR
  C:0675H         PUBLIC        ?C?ILDOPTR
  -------         ENDMOD        ?C?ILDOPTR

  -------         MODULE        ?C?ISTPTR
  C:06ADH         PUBLIC        ?C?ISTPTR
  -------         ENDMOD        ?C?ISTPTR

  -------         MODULE        ?C?LMUL
  C:06CCH         PUBLIC        ?C?LMUL
  -------         ENDMOD        ?C?LMUL

  -------         MODULE        ?C?SLDIV
  C:4906H         PUBLIC        ?C?SLDIV
  -------         ENDMOD        ?C?SLDIV

  -------         MODULE        ?C?LNEG
  C:071BH         PUBLIC        ?C?LNEG
  -------         ENDMOD        ?C?LNEG

  -------         MODULE        ?C?ULCMP
  C:0729H         PUBLIC        ?C?ULCMP
  -------         ENDMOD        ?C?ULCMP

  -------         MODULE        ?C?LSHL
  C:073AH         PUBLIC        ?C?LSHL
  -------         ENDMOD        ?C?LSHL
BL51 BANKED LINKER/LOCATER V6.22                                                      05/29/2019  11:38:35  PAGE 53



  -------         MODULE        ?C?LLDPTR
  C:074DH         PUBLIC        ?C?LLDPTR
  -------         ENDMOD        ?C?LLDPTR

  -------         MODULE        ?C?LLDOPTR
  C:076DH         PUBLIC        ?C?LLDOPTR
  -------         ENDMOD        ?C?LLDOPTR

  -------         MODULE        ?C?LSTPTR
  C:079DH         PUBLIC        ?C?LSTPTR
  -------         ENDMOD        ?C?LSTPTR

  -------         MODULE        ?C?LSTOPTR
  C:07B7H         PUBLIC        ?C?LSTOPTR
  -------         ENDMOD        ?C?LSTOPTR

  -------         MODULE        ?C?LLDXDATA
  C:07DBH         PUBLIC        ?C?LLDXDATA
  -------         ENDMOD        ?C?LLDXDATA

  -------         MODULE        ?C?LLDCODE
  C:07E7H         PUBLIC        ?C?LLDCODE
  -------         ENDMOD        ?C?LLDCODE

  -------         MODULE        ?C?LLDXDATA0
  C:07F7H         PUBLIC        ?C?LLDXDATA0
  -------         ENDMOD        ?C?LLDXDATA0

  -------         MODULE        ?C?LLDCODE0
  C:0803H         PUBLIC        ?C?LLDCODE0
  -------         ENDMOD        ?C?LLDCODE0

  -------         MODULE        ?C?LLDPTR0
  C:0813H         PUBLIC        ?C?LLDPTR0
  -------         ENDMOD        ?C?LLDPTR0

  -------         MODULE        ?C?LSTXDATA
  C:0833H         PUBLIC        ?C?LSTXDATA
  -------         ENDMOD        ?C?LSTXDATA

  -------         MODULE        ?C?LSTKXDATA
  C:083FH         PUBLIC        ?C?LSTKXDATA
  -------         ENDMOD        ?C?LSTKXDATA

  -------         MODULE        ?C?LSTKPTR
  C:0870H         PUBLIC        ?C?LSTKPTR
  -------         ENDMOD        ?C?LSTKPTR

  -------         MODULE        ?C?OFFXADD
  C:088AH         PUBLIC        ?C?OFFXADD
  -------         ENDMOD        ?C?OFFXADD

  -------         MODULE        ATOI
  C:3F2BH         PUBLIC        _atoi
  -------         ENDMOD        ATOI

BL51 BANKED LINKER/LOCATER V6.22                                                      05/29/2019  11:38:35  PAGE 54


  -------         MODULE        ?C?IILDX
  C:0896H         PUBLIC        ?C?IILDX
  -------         ENDMOD        ?C?IILDX

  -------         MODULE        ?C?ULDIV
  C:08E8H         PUBLIC        ?C?ULDIV
  -------         ENDMOD        ?C?ULDIV

  -------         MODULE        ?C?LLDIDATA
  C:097AH         PUBLIC        ?C?LLDIDATA
  -------         ENDMOD        ?C?LLDIDATA

  -------         MODULE        ?C?LLDPDATA
  C:0986H         PUBLIC        ?C?LLDPDATA
  -------         ENDMOD        ?C?LLDPDATA

  -------         MODULE        ?C?LLDIDATA0
  C:0992H         PUBLIC        ?C?LLDIDATA0
  -------         ENDMOD        ?C?LLDIDATA0

  -------         MODULE        ?C?LLDPDATA0
  C:099FH         PUBLIC        ?C?LLDPDATA0
  -------         ENDMOD        ?C?LLDPDATA0

  -------         MODULE        ?C?LSTIDATA
  C:09ACH         PUBLIC        ?C?LSTIDATA
  -------         ENDMOD        ?C?LSTIDATA

  -------         MODULE        ?C?LSTPDATA
  C:09B8H         PUBLIC        ?C?LSTPDATA
  -------         ENDMOD        ?C?LSTPDATA

  -------         MODULE        ?C?LSTKIDATA
  C:09C4H         PUBLIC        ?C?LSTKIDATA
  -------         ENDMOD        ?C?LSTKIDATA

  -------         MODULE        ?C?LSTKPDATA
  C:09DDH         PUBLIC        ?C?LSTKPDATA
  -------         ENDMOD        ?C?LSTKPDATA

  -------         MODULE        ISDIGIT
  C:4DC6H         PUBLIC        _isdigit
  -------         ENDMOD        ISDIGIT

  -------         MODULE        ISSPACE
  C:4D61H         PUBLIC        _isspace
  -------         ENDMOD        ISSPACE

*** WARNING L16: UNCALLED SEGMENT, IGNORED FOR OVERLAY PROCESS
    SEGMENT: ?PR?_DAY_OF_YEAR?PCF85063BTL

*** WARNING L16: UNCALLED SEGMENT, IGNORED FOR OVERLAY PROCESS
    SEGMENT: ?PR?_ELEVATION_CALCULATION?BIPOLARMOTOR

*** WARNING L16: UNCALLED SEGMENT, IGNORED FOR OVERLAY PROCESS
    SEGMENT: ?PR?_CALIBRATION?CALIBRATION

BL51 BANKED LINKER/LOCATER V6.22                                                      05/29/2019  11:38:35  PAGE 55


*** WARNING L16: UNCALLED SEGMENT, IGNORED FOR OVERLAY PROCESS
    SEGMENT: ?PR?_FINDCLOSESTSAMEDAYCALIBTIME?CALIBRATION

*** WARNING L16: UNCALLED SEGMENT, IGNORED FOR OVERLAY PROCESS
    SEGMENT: ?PR?NOP?IOEXPANDER_PI4IOE5V96248

*** WARNING L16: UNCALLED SEGMENT, IGNORED FOR OVERLAY PROCESS
    SEGMENT: ?PR?UC_ACK?IOEXPANDER_PI4IOE5V96248

*** WARNING L16: UNCALLED SEGMENT, IGNORED FOR OVERLAY PROCESS
    SEGMENT: ?PR?UC_NACK?IOEXPANDER_PI4IOE5V96248

*** WARNING L16: UNCALLED SEGMENT, IGNORED FOR OVERLAY PROCESS
    SEGMENT: ?PR?_AT25SF041_READ?AT25SF041

*** WARNING L16: UNCALLED SEGMENT, IGNORED FOR OVERLAY PROCESS
    SEGMENT: ?PR?SPI_NOR_WRITE_DATA?AT25SF041

*** WARNING L16: UNCALLED SEGMENT, IGNORED FOR OVERLAY PROCESS
    SEGMENT: ?PR?_TEN?UART1

*** WARNING L16: UNCALLED SEGMENT, IGNORED FOR OVERLAY PROCESS
    SEGMENT: ?PR?_UNIT?UART1

*** WARNING L16: UNCALLED SEGMENT, IGNORED FOR OVERLAY PROCESS
    SEGMENT: ?PR?_DECTOBCD?UART1

*** WARNING L16: UNCALLED SEGMENT, IGNORED FOR OVERLAY PROCESS
    SEGMENT: ?PR?_ASCII_LETTER?UART1

*** WARNING L16: UNCALLED SEGMENT, IGNORED FOR OVERLAY PROCESS
    SEGMENT: ?PR?_ASCIITOBCD?UART1

Program Size: data=10.1 xdata=1873 code=20028
LINK/LOCATE RUN COMPLETE.  14 WARNING(S),  0 ERROR(S)
