BL51 BANKED LINKER/LOCATER V6.22                                                        03/20/2019  11:38:06  PAGE 1


BL51 BANKED LINKER/LOCATER V6.22, INVOKED BY:
C:\KEIL_V5\C51\BIN\BL51.EXE .\Obj\main.obj, .\Obj\PCF85063BTL.obj, .\Obj\UART1.obj, .\Obj\LCd_Driver_SPLC780D.obj, .\Obj
>> \KeyPad.obj, .\Obj\BipolarMotor.obj, .\Obj\SunPos.obj, .\Obj\ADC.obj, .\Obj\Calibration.obj, .\Obj\IOExpander_PI4IOE5
>> V96248.obj, .\Obj\AT25SF041.obj, .\Obj\STARTUP.obj TO .\Obj\GPIO_RTC_Test PRINT (.\Lis\GPIO_RTC_Test.m51) RAMSIZE (25
>> 6)


MEMORY MODEL: LARGE WITH FLOATING POINT ARITHMETIC


INPUT MODULES INCLUDED:
  .\Obj\main.obj (MAIN)
  .\Obj\PCF85063BTL.obj (PCF85063BTL)
  .\Obj\UART1.obj (UART1)
  .\Obj\LCd_Driver_SPLC780D.obj (LCD_DRIVER_SPLC780D)
  .\Obj\KeyPad.obj (KEYPAD)
  .\Obj\BipolarMotor.obj (BIPOLARMOTOR)
  .\Obj\SunPos.obj (SUNPOS)
  .\Obj\ADC.obj (ADC)
  .\Obj\Calibration.obj (CALIBRATION)
  .\Obj\IOExpander_PI4IOE5V96248.obj (IOEXPANDER_PI4IOE5V96248)
  .\Obj\AT25SF041.obj (AT25SF041)
  .\Obj\STARTUP.obj (?C_STARTUP)
  C:\KEIL_V5\C51\LIB\C51FPL.LIB (?C?FPADD)
  C:\KEIL_V5\C51\LIB\C51FPL.LIB (?C?FPMUL)
  C:\KEIL_V5\C51\LIB\C51FPL.LIB (?C?FPDIV)
  C:\KEIL_V5\C51\LIB\C51FPL.LIB (?C?FPCMP)
  C:\KEIL_V5\C51\LIB\C51FPL.LIB (?C?FPNEG)
  C:\KEIL_V5\C51\LIB\C51FPL.LIB (?C?FCAST)
  C:\KEIL_V5\C51\LIB\C51FPL.LIB (?C?CASTF)
  C:\KEIL_V5\C51\LIB\C51FPL.LIB (ATAN2)
  C:\KEIL_V5\C51\LIB\C51FPL.LIB (SIN)
  C:\KEIL_V5\C51\LIB\C51FPL.LIB (ACOS)
  C:\KEIL_V5\C51\LIB\C51FPL.LIB (ASIN)
  C:\KEIL_V5\C51\LIB\C51FPL.LIB (?C?FPGETOPN)
  C:\KEIL_V5\C51\LIB\C51FPL.LIB (?C?FPSERIES)
  C:\KEIL_V5\C51\LIB\C51FPL.LIB (SQRT)
  C:\KEIL_V5\C51\LIB\C51FPL.LIB (ATAN)
  C:\KEIL_V5\C51\LIB\C51L.LIB (?C_INIT)
  C:\KEIL_V5\C51\LIB\C51L.LIB (?C?COPY)
  C:\KEIL_V5\C51\LIB\C51L.LIB (?C?CLDPTR)
  C:\KEIL_V5\C51\LIB\C51L.LIB (?C?CLDOPTR)
  C:\KEIL_V5\C51\LIB\C51L.LIB (?C?CSTPTR)
  C:\KEIL_V5\C51\LIB\C51L.LIB (?C?IMUL)
  C:\KEIL_V5\C51\LIB\C51L.LIB (?C?UIDIV)
  C:\KEIL_V5\C51\LIB\C51L.LIB (?C?SIDIV)
  C:\KEIL_V5\C51\LIB\C51L.LIB (?C?ILDIX)
  C:\KEIL_V5\C51\LIB\C51L.LIB (?C?ILDOPTR)
  C:\KEIL_V5\C51\LIB\C51L.LIB (?C?ISTPTR)
  C:\KEIL_V5\C51\LIB\C51L.LIB (?C?LMUL)
  C:\KEIL_V5\C51\LIB\C51L.LIB (?C?SLDIV)
  C:\KEIL_V5\C51\LIB\C51L.LIB (?C?LNEG)
  C:\KEIL_V5\C51\LIB\C51L.LIB (?C?ULCMP)
  C:\KEIL_V5\C51\LIB\C51L.LIB (?C?LSHL)
  C:\KEIL_V5\C51\LIB\C51L.LIB (?C?LLDPTR)
  C:\KEIL_V5\C51\LIB\C51L.LIB (?C?LLDOPTR)
  C:\KEIL_V5\C51\LIB\C51L.LIB (?C?LSTPTR)
  C:\KEIL_V5\C51\LIB\C51L.LIB (?C?LSTOPTR)
BL51 BANKED LINKER/LOCATER V6.22                                                      03/20/2019  11:38:06  PAGE 2


  C:\KEIL_V5\C51\LIB\C51L.LIB (?C?LLDXDATA)
  C:\KEIL_V5\C51\LIB\C51L.LIB (?C?LLDCODE)
  C:\KEIL_V5\C51\LIB\C51L.LIB (?C?LLDXDATA0)
  C:\KEIL_V5\C51\LIB\C51L.LIB (?C?LLDCODE0)
  C:\KEIL_V5\C51\LIB\C51L.LIB (?C?LLDPTR0)
  C:\KEIL_V5\C51\LIB\C51L.LIB (?C?LSTXDATA)
  C:\KEIL_V5\C51\LIB\C51L.LIB (?C?LSTKXDATA)
  C:\KEIL_V5\C51\LIB\C51L.LIB (?C?LSTKPTR)
  C:\KEIL_V5\C51\LIB\C51L.LIB (?C?OFFXADD)
  C:\KEIL_V5\C51\LIB\C51L.LIB (ATOI)
  C:\KEIL_V5\C51\LIB\C51L.LIB (?C?IILDX)
  C:\KEIL_V5\C51\LIB\C51L.LIB (?C?ULDIV)
  C:\KEIL_V5\C51\LIB\C51L.LIB (?C?LLDIDATA)
  C:\KEIL_V5\C51\LIB\C51L.LIB (?C?LLDPDATA)
  C:\KEIL_V5\C51\LIB\C51L.LIB (?C?LLDIDATA0)
  C:\KEIL_V5\C51\LIB\C51L.LIB (?C?LLDPDATA0)
  C:\KEIL_V5\C51\LIB\C51L.LIB (?C?LSTIDATA)
  C:\KEIL_V5\C51\LIB\C51L.LIB (?C?LSTPDATA)
  C:\KEIL_V5\C51\LIB\C51L.LIB (?C?LSTKIDATA)
  C:\KEIL_V5\C51\LIB\C51L.LIB (?C?LSTKPDATA)
  C:\KEIL_V5\C51\LIB\C51L.LIB (ISDIGIT)
  C:\KEIL_V5\C51\LIB\C51L.LIB (ISSPACE)


LINK MAP OF MODULE:  .\Obj\GPIO_RTC_Test (MAIN)


            TYPE    BASE      LENGTH    RELOCATION   SEGMENT NAME
            -----------------------------------------------------

            * * * * * * *   D A T A   M E M O R Y   * * * * * * *
            REG     0000H     0008H     ABSOLUTE     "REG BANK 0"
                    0008H     0018H                  *** GAP ***
            BIT     0020H.0   0000H.5   UNIT         ?BI?KEYPAD
            BIT     0020H.5   0000H.3   UNIT         _BIT_GROUP_
            BIT     0021H.0   0000H.1   UNIT         ?BI?MAIN
            BIT     0021H.1   0000H.1   UNIT         ?BI?_ATOI?ATOI
                    0021H.2   0000H.6                *** GAP ***
            IDATA   0022H     0001H     UNIT         ?STACK

            * * * * * * *  X D A T A   M E M O R Y  * * * * * * *
            XDATA   0000H     038FH     UNIT         ?XD?BIPOLARMOTOR
            XDATA   038FH     0158H     UNIT         _XDATA_GROUP_
            XDATA   04E7H     00D8H     UNIT         ?XD?MAIN
            XDATA   05BFH     0040H     UNIT         ?XD?_FINDDET4X4?BIPOLARMOTOR
            XDATA   05FFH     0024H     UNIT         ?XD?_FINDDET3X3?BIPOLARMOTOR
            XDATA   0623H     0009H     UNIT         ?XD?KEYPAD
            XDATA   062CH     0008H     UNIT         ?XD?_AT25SF041_READ?AT25SF041
            XDATA   0634H     0005H     UNIT         ?XD?_ATOI?ATOI
            XDATA   0639H     0003H     UNIT         ?XD?_SENDSTRING?UART1
            XDATA   063CH     0001H     UNIT         ?XD?UC_ACK?IOEXPANDER_PI4IOE5V96248
            XDATA   063DH     0001H     UNIT         ?XD?UC_NACK?IOEXPANDER_PI4IOE5V96248

            * * * * * * *   C O D E   M E M O R Y   * * * * * * *
            CODE    0000H     0003H     ABSOLUTE     
            CODE    0003H     0006H     UNIT         ?PR?_TEN?UART1
            CODE    0009H     0001H     UNIT         ?PR?TM0_ISR?MAIN
BL51 BANKED LINKER/LOCATER V6.22                                                      03/20/2019  11:38:06  PAGE 3


            CODE    000AH     0001H     UNIT         ?PR?_DECTOBCD?UART1
            CODE    000BH     0003H     ABSOLUTE     
            CODE    000EH     0E40H     UNIT         ?PR?MAIN?MAIN
            CODE    0E4EH     0B00H     UNIT         ?PR?_UPDATE_POSITION?BIPOLARMOTOR
            CODE    194EH     09B6H     UNIT         ?C?LIB_CODE
            CODE    2304H     07A2H     UNIT         ?PR?SUNPOS?SUNPOS
            CODE    2AA6H     03F9H     UNIT         ?C_INITSEG
            CODE    2E9FH     03E8H     UNIT         ?PR?_FIND_REAL_MAX?CALIBRATION
            CODE    3287H     02C5H     UNIT         ?PR?KEY_PROCESS?KEYPAD
            CODE    354CH     02C0H     UNIT         ?PR?_FINDDET4X4?BIPOLARMOTOR
            CODE    380CH     01D1H     UNIT         ?PR?_FINDDET3X3?BIPOLARMOTOR
            CODE    39DDH     01B3H     UNIT         ?PR?_CALIBRATION?CALIBRATION
            CODE    3B90H     018DH     UNIT         ?PR?KEY_SCAN?KEYPAD
            CODE    3D1DH     0189H     UNIT         ?PR?SPI_NOR_WRITE_DATA?AT25SF041
            CODE    3EA6H     0188H     UNIT         ?PR?SIN?SIN
            CODE    402EH     0162H     UNIT         ?PR?_DISPLAY_POS?LCD_DRIVER_SPLC780D
            CODE    4190H     0122H     UNIT         ?PR?ATAN?ATAN
            CODE    42B2H     0110H     UNIT         ?PR?_AT25SF041_READ?AT25SF041
            CODE    43C2H     0102H     UNIT         ?PR?_AT25SF041_WRITE?AT25SF041
            CODE    44C4H     00DBH     UNIT         ?PR?_ATOI?ATOI
            CODE    459FH     00C3H     UNIT         ?PR?LINEAR_INTERPOLATE?BIPOLARMOTOR
            CODE    4662H     00BBH     UNIT         ?PR?VOLTAGE_IS_STABLE?CALIBRATION
            CODE    471DH     00ADH     UNIT         ?PR?_WRITE_PI4IOE5V96248?IOEXPANDER_PI4IOE5V96248
            CODE    47CAH     00ACH     UNIT         ?PR?SQRT?SQRT
            CODE    4876H     00A1H     UNIT         ?PR?UCREAD_STATUS_REGISTER_BYTE1?AT25SF041
            CODE    4917H     009DH     UNIT         ?PR?_ATAN2?ATAN2
            CODE    49B4H     009CH     UNIT         ?PR?_MAX_VALUE?CALIBRATION
            CODE    4A50H     008CH     UNIT         ?C_C51STARTUP
            CODE    4ADCH     0084H     UNIT         ?PR?_DAY_OF_YEAR?PCF85063BTL
            CODE    4B60H     0079H     UNIT         ?PR?_WRITEDATA?LCD_DRIVER_SPLC780D
            CODE    4BD9H     0072H     UNIT         ?PR?AT25SF041_WRITEENABLE?AT25SF041
            CODE    4C4BH     006FH     UNIT         ?PR?_READ_TIME?PCF85063BTL
            CODE    4CBAH     005AH     UNIT         ?PR?AT25SF041_CHIPERASE?AT25SF041
            CODE    4D14H     0059H     UNIT         ?PR?LCD_INIT?LCD_DRIVER_SPLC780D
            CODE    4D6DH     004AH     UNIT         ?PR?VONESTEPMOVE?BIPOLARMOTOR
            CODE    4DB7H     004AH     UNIT         ?PR?ACOS?ACOS
            CODE    4E01H     0044H     UNIT         ?C?LDIV
            CODE    4E45H     0040H     UNIT         ?PR?_COMMAND?LCD_DRIVER_SPLC780D
            CODE    4E85H     0040H     UNIT         ?PR?_STEP_MOVE?BIPOLARMOTOR
            CODE    4EC5H     003BH     UNIT         ?PR?ASIN?ASIN
            CODE    4F00H     0033H     UNIT         ?PR?_SENDSTRING?UART1
            CODE    4F33H     002CH     UNIT         ?PR?_ADC_GETRESULT?ADC
            CODE    4F5FH     002BH     UNIT         ?PR?_WAIT_MS_I2C?IOEXPANDER_PI4IOE5V96248
            CODE    4F8AH     002BH     UNIT         ?PR?_WAIT_MS_SPINOR?AT25SF041
            CODE    4FB5H     0028H     UNIT         ?PR?_MOVE?BIPOLARMOTOR
            CODE    4FDDH     0027H     UNIT         ?PR?_I2C_SENDBYTE?IOEXPANDER_PI4IOE5V96248
            CODE    5004H     0024H     UNIT         ?PR?_WAIT_MS?LCD_DRIVER_SPLC780D
            CODE    5028H     0020H     UNIT         ?PR?_SPI_SENDBYTE?PCF85063BTL
            CODE    5048H     0020H     UNIT         ?PR?SPI_RECEIVEBYTE?PCF85063BTL
            CODE    5068H     001FH     UNIT         ?PR?ADC_INIT?ADC
            CODE    5087H     001EH     UNIT         ?PR?_DELAY_MS?KEYPAD
            CODE    50A5H     001DH     UNIT         ?PR?_DISPLAYLCD?LCD_DRIVER_SPLC780D
            CODE    50C2H     001BH     UNIT         ?PR?_BCDTODEC1?BIPOLARMOTOR
            CODE    50DDH     0018H     UNIT         ?PR?_SPI_WRITETIME?PCF85063BTL
            CODE    50F5H     0017H     UNIT         ?PR?_ASCIITOBCD?UART1
            CODE    510CH     0016H     UNIT         ?PR?I2C_ACK?IOEXPANDER_PI4IOE5V96248
            CODE    5122H     0015H     UNIT         ?PR?_DISPLAY_LINE?LCD_DRIVER_SPLC780D
BL51 BANKED LINKER/LOCATER V6.22                                                      03/20/2019  11:38:06  PAGE 4


            CODE    5137H     0015H     UNIT         ?PR?I2C_STOP?IOEXPANDER_PI4IOE5V96248
            CODE    514CH     0014H     UNIT         ?PR?_PCF85063BTL_DELAY?PCF85063BTL
            CODE    5160H     0014H     UNIT         ?PR?_ABS?LCD_DRIVER_SPLC780D
            CODE    5174H     0014H     UNIT         ?PR?_ISSPACE?ISSPACE
            CODE    5188H     0011H     UNIT         ?PR?_SPI_READTIME?PCF85063BTL
            CODE    5199H     0011H     UNIT         ?PR?_BCDTODEC?PCF85063BTL
            CODE    51AAH     0011H     UNIT         ?PR?INITUART1?UART1
            CODE    51BBH     000FH     UNIT         ?PR?I2C_START?IOEXPANDER_PI4IOE5V96248
            CODE    51CAH     000FH     UNIT         ?PR?UC_NACK?IOEXPANDER_PI4IOE5V96248
            CODE    51D9H     000FH     UNIT         ?PR?_ISDIGIT?ISDIGIT
            CODE    51E8H     000DH     UNIT         ?PR?SPI_INIT?PCF85063BTL
            CODE    51F5H     000CH     UNIT         ?PR?KEYPAD_IO_INIT?KEYPAD
            CODE    5201H     000AH     UNIT         ?PR?LCD_RETURN_HOME?LCD_DRIVER_SPLC780D
            CODE    520BH     000AH     UNIT         ?PR?LCD_CLEAR?LCD_DRIVER_SPLC780D
            CODE    5215H     0006H     UNIT         ?PR?UC_ACK?IOEXPANDER_PI4IOE5V96248
            CODE    521BH     0005H     UNIT         ?PR?_UNIT?UART1
            CODE    5220H     0005H     UNIT         ?PR?_ASCII_LETTER?UART1
            CODE    5225H     0001H     UNIT         ?PR?WAIT?BIPOLARMOTOR
            CODE    5226H     0001H     UNIT         ?PR?NOP?IOEXPANDER_PI4IOE5V96248



OVERLAY MAP OF MODULE:   .\Obj\GPIO_RTC_Test (MAIN)


SEGMENT                                             BIT_GROUP          XDATA_GROUP
  +--> CALLED SEGMENT                            START    LENGTH     START    LENGTH
------------------------------------------------------------------------------------
?C_C51STARTUP                                    -----    -----      -----    -----
  +--> ?PR?MAIN?MAIN
  +--> ?C_INITSEG

?PR?MAIN?MAIN                                    -----    -----      038FH    002CH
  +--> ?PR?LCD_INIT?LCD_DRIVER_SPLC780D
  +--> ?PR?SPI_INIT?PCF85063BTL
  +--> ?PR?KEYPAD_IO_INIT?KEYPAD
  +--> ?PR?ADC_INIT?ADC
  +--> ?PR?_SPI_WRITETIME?PCF85063BTL
  +--> ?PR?_DELAY_MS?KEYPAD
  +--> ?PR?_DISPLAY_LINE?LCD_DRIVER_SPLC780D
  +--> ?PR?_WRITEDATA?LCD_DRIVER_SPLC780D
  +--> ?PR?KEY_PROCESS?KEYPAD
  +--> ?PR?_COMMAND?LCD_DRIVER_SPLC780D
  +--> ?PR?_DISPLAY_POS?LCD_DRIVER_SPLC780D
  +--> ?PR?_DISPLAYLCD?LCD_DRIVER_SPLC780D
  +--> ?PR?_STEP_MOVE?BIPOLARMOTOR
  +--> ?PR?LCD_RETURN_HOME?LCD_DRIVER_SPLC780D
  +--> ?PR?_READ_TIME?PCF85063BTL
  +--> ?PR?_ADC_GETRESULT?ADC
  +--> ?PR?_BCDTODEC1?BIPOLARMOTOR
  +--> ?PR?_CALIBRATION?CALIBRATION
  +--> ?PR?AT25SF041_WRITEENABLE?AT25SF041
  +--> ?PR?_AT25SF041_WRITE?AT25SF041
  +--> ?PR?_WAIT_MS_SPINOR?AT25SF041
  +--> ?PR?SPI_NOR_WRITE_DATA?AT25SF041
  +--> ?PR?LINEAR_INTERPOLATE?BIPOLARMOTOR
  +--> ?PR?_UPDATE_POSITION?BIPOLARMOTOR
BL51 BANKED LINKER/LOCATER V6.22                                                      03/20/2019  11:38:06  PAGE 5


  +--> ?PR?LCD_CLEAR?LCD_DRIVER_SPLC780D
  +--> ?PR?AT25SF041_CHIPERASE?AT25SF041

?PR?LCD_INIT?LCD_DRIVER_SPLC780D                 -----    -----      -----    -----
  +--> ?PR?_WAIT_MS?LCD_DRIVER_SPLC780D
  +--> ?PR?_COMMAND?LCD_DRIVER_SPLC780D

?PR?_COMMAND?LCD_DRIVER_SPLC780D                 -----    -----      -----    -----
  +--> ?PR?_WAIT_MS?LCD_DRIVER_SPLC780D

?PR?ADC_INIT?ADC                                 -----    -----      -----    -----
  +--> ?PR?_WAIT_MS?LCD_DRIVER_SPLC780D

?PR?_SPI_WRITETIME?PCF85063BTL                   -----    -----      -----    -----
  +--> ?PR?_SPI_SENDBYTE?PCF85063BTL

?PR?_SPI_SENDBYTE?PCF85063BTL                    -----    -----      -----    -----
  +--> ?PR?_PCF85063BTL_DELAY?PCF85063BTL

?PR?_DISPLAY_LINE?LCD_DRIVER_SPLC780D            -----    -----      -----    -----
  +--> ?PR?_COMMAND?LCD_DRIVER_SPLC780D

?PR?_WRITEDATA?LCD_DRIVER_SPLC780D               -----    -----      0476H    0001H
  +--> ?PR?_WAIT_MS?LCD_DRIVER_SPLC780D

?PR?KEY_PROCESS?KEYPAD                           -----    -----      03BBH    0006H
  +--> ?PR?KEY_SCAN?KEYPAD
  +--> ?PR?_SPI_WRITETIME?PCF85063BTL
  +--> ?PR?LCD_CLEAR?LCD_DRIVER_SPLC780D
  +--> ?PR?_COMMAND?LCD_DRIVER_SPLC780D
  +--> ?PR?_WRITEDATA?LCD_DRIVER_SPLC780D

?PR?KEY_SCAN?KEYPAD                              -----    -----      03C1H    0003H

?PR?LCD_CLEAR?LCD_DRIVER_SPLC780D                -----    -----      -----    -----
  +--> ?PR?_COMMAND?LCD_DRIVER_SPLC780D

?PR?_DISPLAY_POS?LCD_DRIVER_SPLC780D             -----    -----      046CH    000AH
  +--> ?PR?_ABS?LCD_DRIVER_SPLC780D
  +--> ?PR?_WRITEDATA?LCD_DRIVER_SPLC780D

?PR?_DISPLAYLCD?LCD_DRIVER_SPLC780D              -----    -----      03BBH    0001H
  +--> ?PR?_WRITEDATA?LCD_DRIVER_SPLC780D

?PR?_STEP_MOVE?BIPOLARMOTOR                      0020H.6  0000H.1    0482H    0004H
  +--> ?PR?VONESTEPMOVE?BIPOLARMOTOR

?PR?VONESTEPMOVE?BIPOLARMOTOR                    0020H.7  0000H.1    -----    -----
  +--> ?PR?_WRITE_PI4IOE5V96248?IOEXPANDER_P...
  +--> ?PR?_DELAY_MS?KEYPAD

?PR?_WRITE_PI4IOE5V96248?IOEXPANDER_P...         -----    -----      0486H    0003H
  +--> ?PR?I2C_START?IOEXPANDER_PI4IOE5V96248
  +--> ?PR?_WAIT_MS_I2C?IOEXPANDER_PI4IOE5V9...
  +--> ?PR?_I2C_SENDBYTE?IOEXPANDER_PI4IOE5V...
  +--> ?PR?I2C_ACK?IOEXPANDER_PI4IOE5V96248
  +--> ?PR?I2C_STOP?IOEXPANDER_PI4IOE5V96248
BL51 BANKED LINKER/LOCATER V6.22                                                      03/20/2019  11:38:06  PAGE 6



?PR?I2C_START?IOEXPANDER_PI4IOE5V96248           -----    -----      -----    -----
  +--> ?PR?_WAIT_MS_I2C?IOEXPANDER_PI4IOE5V9...

?PR?_I2C_SENDBYTE?IOEXPANDER_PI4IOE5V...         -----    -----      -----    -----
  +--> ?PR?_WAIT_MS_I2C?IOEXPANDER_PI4IOE5V9...

?PR?I2C_ACK?IOEXPANDER_PI4IOE5V96248             -----    -----      0489H    0001H
  +--> ?PR?_WAIT_MS_I2C?IOEXPANDER_PI4IOE5V9...

?PR?I2C_STOP?IOEXPANDER_PI4IOE5V96248            -----    -----      -----    -----
  +--> ?PR?_WAIT_MS_I2C?IOEXPANDER_PI4IOE5V9...

?PR?LCD_RETURN_HOME?LCD_DRIVER_SPLC780D          -----    -----      -----    -----
  +--> ?PR?_COMMAND?LCD_DRIVER_SPLC780D

?PR?_READ_TIME?PCF85063BTL                       -----    -----      03BBH    000FH
  +--> ?PR?_SPI_READTIME?PCF85063BTL

?PR?_SPI_READTIME?PCF85063BTL                    -----    -----      -----    -----
  +--> ?PR?_SPI_SENDBYTE?PCF85063BTL
  +--> ?PR?SPI_RECEIVEBYTE?PCF85063BTL

?PR?SPI_RECEIVEBYTE?PCF85063BTL                  -----    -----      -----    -----
  +--> ?PR?_PCF85063BTL_DELAY?PCF85063BTL

?PR?_CALIBRATION?CALIBRATION                     -----    -----      03BBH    0024H
  +--> ?PR?VOLTAGE_IS_STABLE?CALIBRATION
  +--> ?PR?_UPDATE_POSITION?BIPOLARMOTOR
  +--> ?PR?_FIND_REAL_MAX?CALIBRATION

?PR?VOLTAGE_IS_STABLE?CALIBRATION                -----    -----      03DFH    0018H
  +--> ?PR?_ADC_GETRESULT?ADC
  +--> ?PR?_ABS?LCD_DRIVER_SPLC780D

?PR?_UPDATE_POSITION?BIPOLARMOTOR                -----    -----      03DFH    009FH
  +--> ?PR?_BCDTODEC1?BIPOLARMOTOR
  +--> ?PR?SUNPOS?SUNPOS
  +--> ?PR?SIN?SIN
  +--> ?PR?ASIN?ASIN
  +--> ?PR?LINEAR_INTERPOLATE?BIPOLARMOTOR
  +--> ?PR?_ABS?LCD_DRIVER_SPLC780D
  +--> ?PR?_MOVE?BIPOLARMOTOR

?PR?SUNPOS?SUNPOS                                -----    -----      047EH    005DH
  +--> ?PR?SIN?SIN
  +--> ?PR?_ATAN2?ATAN2
  +--> ?PR?ASIN?ASIN
  +--> ?PR?ACOS?ACOS

?PR?SIN?SIN                                      0020H.5  0000H.1    04DBH    0004H

?PR?_ATAN2?ATAN2                                 -----    -----      04DBH    0008H
  +--> ?PR?ATAN?ATAN

?PR?ATAN?ATAN                                    0020H.5  0000H.2    04E3H    0004H

BL51 BANKED LINKER/LOCATER V6.22                                                      03/20/2019  11:38:06  PAGE 7


?PR?ASIN?ASIN                                    -----    -----      -----    -----
  +--> ?PR?SQRT?SQRT
  +--> ?PR?ATAN?ATAN

?PR?SQRT?SQRT                                    -----    -----      04DBH    0004H

?PR?ACOS?ACOS                                    -----    -----      -----    -----
  +--> ?PR?SQRT?SQRT
  +--> ?PR?ATAN?ATAN

?PR?LINEAR_INTERPOLATE?BIPOLARMOTOR              -----    -----      047EH    0014H

?PR?_MOVE?BIPOLARMOTOR                           0020H.5  0000H.1    047EH    0004H
  +--> ?PR?_STEP_MOVE?BIPOLARMOTOR

?PR?_FIND_REAL_MAX?CALIBRATION                   -----    -----      03DFH    008DH
  +--> ?PR?_MOVE?BIPOLARMOTOR
  +--> ?PR?_ADC_GETRESULT?ADC
  +--> ?PR?AT25SF041_WRITEENABLE?AT25SF041
  +--> ?PR?_AT25SF041_WRITE?AT25SF041
  +--> ?PR?_WAIT_MS_SPINOR?AT25SF041
  +--> ?PR?_COMMAND?LCD_DRIVER_SPLC780D
  +--> ?PR?_WRITEDATA?LCD_DRIVER_SPLC780D
  +--> ?PR?_DISPLAY_POS?LCD_DRIVER_SPLC780D
  +--> ?PR?_WAIT_MS?LCD_DRIVER_SPLC780D
  +--> ?PR?_MAX_VALUE?CALIBRATION

?PR?AT25SF041_WRITEENABLE?AT25SF041              -----    -----      046CH    0002H
  +--> ?PR?_WAIT_MS_SPINOR?AT25SF041
  +--> ?PR?UCREAD_STATUS_REGISTER_BYTE1?AT25...

?PR?UCREAD_STATUS_REGISTER_BYTE1?AT25...         -----    -----      0474H    0003H
  +--> ?PR?_WAIT_MS_SPINOR?AT25SF041

?PR?_AT25SF041_WRITE?AT25SF041                   -----    -----      046CH    0008H
  +--> ?PR?_WAIT_MS_SPINOR?AT25SF041
  +--> ?PR?UCREAD_STATUS_REGISTER_BYTE1?AT25...

?PR?_MAX_VALUE?CALIBRATION                       -----    -----      046CH    0004H

?PR?SPI_NOR_WRITE_DATA?AT25SF041                 -----    -----      03BBH    000EH
  +--> ?PR?AT25SF041_WRITEENABLE?AT25SF041
  +--> ?PR?_AT25SF041_WRITE?AT25SF041
  +--> ?PR?_WAIT_MS_SPINOR?AT25SF041

?PR?AT25SF041_CHIPERASE?AT25SF041                -----    -----      03BBH    0002H
  +--> ?PR?_WAIT_MS_SPINOR?AT25SF041
  +--> ?PR?UCREAD_STATUS_REGISTER_BYTE1?AT25...



UNRESOLVED EXTERNAL SYMBOLS:
   AUTO_MODE
   SPI_NOR_CLEARENABLE
   _SENDUART1


BL51 BANKED LINKER/LOCATER V6.22                                                      03/20/2019  11:38:06  PAGE 8



SYMBOL TABLE OF MODULE:  .\Obj\GPIO_RTC_Test (MAIN)

  VALUE           TYPE          NAME
  ----------------------------------

  -------         MODULE        MAIN
  C:0000H         SYMBOL        _ICE_DUMMY_
  X:04EFH         PUBLIC        calib_value
  D:0080H         PUBLIC        P0
  D:00B2H         PUBLIC        P3M0
  D:0090H         PUBLIC        P1
  D:00B1H         PUBLIC        P3M1
  D:00A0H         PUBLIC        P2
  D:00B0H         PUBLIC        P3
  D:00C0H         PUBLIC        P4
  D:00C8H         PUBLIC        P5
  X:0543H         SYMBOL        PressedKey
  B:00A8H.7       PUBLIC        EA
  D:00E8H         PUBLIC        P6
  X:0547H         PUBLIC        calib_stamp
  D:00F8H         PUBLIC        P7
  X:0548H         PUBLIC        RX_Data_Uart_Cnt
  D:00A8H         PUBLIC        IE
  X:054AH         PUBLIC        calib_time
  D:00B8H         PUBLIC        IP
  X:059EH         PUBLIC        months
  D:00D8H         PUBLIC        CCON
  C:000EH         PUBLIC        main
  X:059FH         PUBLIC        count
  X:05A1H         PUBLIC        days
  X:05A2H         PUBLIC        hours
  D:0098H         PUBLIC        SCON
  D:0089H         PUBLIC        TMOD
  D:0088H         PUBLIC        TCON
  B:00A0H.3       PUBLIC        P23
  X:05A3H         SYMBOL        KeyCount
  X:05A5H         PUBLIC        mins
  X:05A6H         PUBLIC        Rec_data_hour
  B:00C8H.5       PUBLIC        P55
  X:05A9H         PUBLIC        Rec_data_min
  D:008EH         PUBLIC        AUXR
  C:0009H         PUBLIC        tm0_isr
  B:0021H.0       PUBLIC        busy
  B:00A8H.1       PUBLIC        ET0
  X:05ACH         PUBLIC        SPI_NOR_INTERNAL_FLASH_ADDR
  D:008CH         PUBLIC        TH0
  X:05B0H         PUBLIC        hour_count
  D:008AH         PUBLIC        TL0
  X:05B1H         PUBLIC        min_count
  B:0088H.4       PUBLIC        TR0
  X:05B2H         SYMBOL        KeyNum
  X:05B3H         SYMBOL        KeyNum_Old
  X:05B4H         PUBLIC        current_position
  X:05B8H         PUBLIC        hours1
  X:05B9H         PUBLIC        hours2
  X:05BAH         PUBLIC        mins1
BL51 BANKED LINKER/LOCATER V6.22                                                      03/20/2019  11:38:06  PAGE 9


  X:05BBH         PUBLIC        mins2
  X:05BCH         PUBLIC        seconds
  X:05BDH         PUBLIC        st_time
  D:00D0H         PUBLIC        PSW
  -------         PROC          TM0_ISR
  C:0009H         LINE#         76
  C:0009H         LINE#         78
  -------         ENDPROC       TM0_ISR
  -------         PROC          MAIN
  -------         DO            
  X:038FH         SYMBOL        sunlight_ADC
  X:04E7H         SYMBOL        KeyCount
  X:04E9H         SYMBOL        KeyNum_Old
  X:04EAH         SYMBOL        KeyNum
  X:04EBH         SYMBOL        PressedKey
  X:0391H         SYMBOL        prox_flag
  X:0392H         SYMBOL        iUse_prevday_calib_value
  X:0394H         SYMBOL        max_ADC_Val_JP
  X:0396H         SYMBOL        max_ADC_Val
  X:0398H         SYMBOL        calib_point1
  X:03A0H         SYMBOL        calib_point2
  X:03A8H         SYMBOL        dat_to_store
  X:03B3H         SYMBOL        calib_day
  X:03B5H         SYMBOL        calib_count
  X:03B7H         SYMBOL        theorical_JP_max_pos
  -------         ENDDO         
  C:000EH         LINE#         80
  C:000EH         LINE#         81
  C:000EH         LINE#         86
  C:0014H         LINE#         87
  C:0019H         LINE#         89
  C:0021H         LINE#         93
  C:0027H         LINE#         94
  C:0031H         LINE#         98
  C:0033H         LINE#         99
  C:0035H         LINE#         100
  C:0037H         LINE#         101
  C:0039H         LINE#         103
  C:0040H         LINE#         104
  C:0044H         LINE#         113
  C:0046H         LINE#         114
  C:0049H         LINE#         115
  C:004CH         LINE#         116
  C:004FH         LINE#         117
  C:0052H         LINE#         118
  C:0055H         LINE#         121
  C:0058H         LINE#         123
  C:005BH         LINE#         124
  C:005EH         LINE#         125
  C:0061H         LINE#         126
  C:0063H         LINE#         127
  C:0065H         LINE#         128
  C:0067H         LINE#         130
  C:0069H         LINE#         131
  C:0070H         LINE#         132
  C:0077H         LINE#         133
  C:007EH         LINE#         134
BL51 BANKED LINKER/LOCATER V6.22                                                      03/20/2019  11:38:06  PAGE 10


  C:0085H         LINE#         138
  C:008CH         LINE#         139
  C:0091H         LINE#         140
  C:0096H         LINE#         141
  C:009BH         LINE#         142
  C:00A0H         LINE#         143
  C:00A5H         LINE#         146
  C:00BEH         LINE#         147
  C:00BEH         LINE#         148
  C:00DAH         LINE#         149
  C:0121H         LINE#         150
  C:0132H         LINE#         153
  C:0132H         LINE#         154
  C:0132H         LINE#         155
  C:0135H         LINE#         158
  C:0135H         LINE#         161
  C:013AH         LINE#         162
  C:013FH         LINE#         164
  C:0144H         LINE#         165
  C:0149H         LINE#         166
  C:014EH         LINE#         167
  C:0153H         LINE#         169
  C:0164H         LINE#         170
  C:0169H         LINE#         171
  C:016EH         LINE#         173
  C:0175H         LINE#         174
  C:017DH         LINE#         175
  C:0182H         LINE#         176
  C:018AH         LINE#         177
  C:018FH         LINE#         178
  C:0199H         LINE#         179
  C:019EH         LINE#         180
  C:01A6H         LINE#         182
  C:01AEH         LINE#         183
  C:01B3H         LINE#         184
  C:01BDH         LINE#         185
  C:01BDH         LINE#         186
  C:01BFH         LINE#         187
  C:01C1H         LINE#         188
  C:01CBH         LINE#         189
  C:01CBH         LINE#         190
  C:01D0H         LINE#         191
  C:01D0H         LINE#         203
  C:01DDH         LINE#         204
  C:01DDH         LINE#         205
  C:01E7H         LINE#         206
  C:01FEH         LINE#         207
  C:01FEH         LINE#         208
  C:0200H         LINE#         209
  C:0202H         LINE#         211
  C:0202H         LINE#         212
  C:020DH         LINE#         213
  C:020DH         LINE#         214
  C:0212H         LINE#         215
  C:0212H         LINE#         216
  C:021FH         LINE#         217
  C:021FH         LINE#         220
BL51 BANKED LINKER/LOCATER V6.22                                                      03/20/2019  11:38:06  PAGE 11


  C:0229H         LINE#         221
  C:0240H         LINE#         222
  C:0240H         LINE#         223
  C:0242H         LINE#         224
  C:0244H         LINE#         226
  C:0244H         LINE#         227
  C:024FH         LINE#         228
  C:024FH         LINE#         229
  C:0254H         LINE#         230
  C:0256H         LINE#         231
  C:0256H         LINE#         233
  C:0278H         LINE#         234
  C:0278H         LINE#         235
  C:0282H         LINE#         236
  C:0288H         LINE#         237
  C:028AH         LINE#         238
  C:028CH         LINE#         239
  C:028EH         LINE#         240
  C:028EH         LINE#         241
  C:0291H         LINE#         243
  C:0291H         LINE#         244
  C:0297H         LINE#         245
  C:029FH         LINE#         246
  C:02A5H         LINE#         247
  C:02ADH         LINE#         248
  C:02E8H         LINE#         252
  C:02F5H         LINE#         253
  C:02F5H         LINE#         255
  C:0302H         LINE#         256
  C:0335H         LINE#         257
  C:0342H         LINE#         258
  C:0342H         LINE#         260
  C:0365H         LINE#         261
  C:0365H         LINE#         262
  C:0392H         LINE#         263
  C:0392H         LINE#         264
  C:040EH         LINE#         265
  C:0498H         LINE#         268
  C:04A0H         LINE#         269
  C:04A8H         LINE#         270
  C:04B0H         LINE#         271
  C:04B8H         LINE#         273
  C:04CCH         LINE#         274
  C:04E2H         LINE#         275
  C:0512H         LINE#         276
  C:0526H         LINE#         278
  C:0536H         LINE#         279
  C:0536H         LINE#         280
  C:0536H         LINE#         281
  C:0536H         LINE#         283
  C:0536H         LINE#         286
  C:0539H         LINE#         288
  C:056DH         LINE#         289
  C:056DH         LINE#         291
  C:0574H         LINE#         292
  C:0574H         LINE#         293
  C:0577H         LINE#         294
BL51 BANKED LINKER/LOCATER V6.22                                                      03/20/2019  11:38:06  PAGE 12


  C:0595H         LINE#         295
  C:059CH         LINE#         296
  C:05BBH         LINE#         297
  C:05DAH         LINE#         298
  C:05E7H         LINE#         299
  C:05F7H         LINE#         302
  C:05FFH         LINE#         303
  C:0607H         LINE#         304
  C:060FH         LINE#         305
  C:0617H         LINE#         307
  C:0625H         LINE#         308
  C:063BH         LINE#         309
  C:066BH         LINE#         310
  C:067FH         LINE#         312
  C:068FH         LINE#         313
  C:068FH         LINE#         314
  C:068FH         LINE#         316
  C:068FH         LINE#         317
  C:0692H         LINE#         318
  C:06A3H         LINE#         319
  C:06A3H         LINE#         320
  C:06A3H         LINE#         322
  C:06A3H         LINE#         325
  C:06A6H         LINE#         327
  C:06A6H         LINE#         328
  C:06C8H         LINE#         329
  C:06C8H         LINE#         330
  C:0744H         LINE#         331
  C:0799H         LINE#         332
  C:0799H         LINE#         333
  C:0799H         LINE#         334
  C:079CH         LINE#         338
  C:079CH         LINE#         341
  C:07C4H         LINE#         342
  C:07C4H         LINE#         343
  C:07F1H         LINE#         344
  C:07F1H         LINE#         345
  C:086DH         LINE#         346
  C:08F7H         LINE#         348
  C:08FFH         LINE#         349
  C:0907H         LINE#         350
  C:090FH         LINE#         351
  C:0917H         LINE#         353
  C:092BH         LINE#         354
  C:0941H         LINE#         355
  C:0971H         LINE#         356
  C:0985H         LINE#         358
  C:0999H         LINE#         359
  C:09AFH         LINE#         360
  C:09DFH         LINE#         361
  C:09E6H         LINE#         363
  C:09E6H         LINE#         365
  C:09E9H         LINE#         367
  C:0A1DH         LINE#         368
  C:0A1DH         LINE#         369
  C:0A24H         LINE#         370
  C:0A24H         LINE#         371
BL51 BANKED LINKER/LOCATER V6.22                                                      03/20/2019  11:38:06  PAGE 13


  C:0A27H         LINE#         372
  C:0A45H         LINE#         373
  C:0A4CH         LINE#         374
  C:0A6BH         LINE#         375
  C:0A8AH         LINE#         376
  C:0A97H         LINE#         377
  C:0AA7H         LINE#         380
  C:0AAFH         LINE#         381
  C:0AB7H         LINE#         382
  C:0ABFH         LINE#         383
  C:0AC7H         LINE#         385
  C:0AD5H         LINE#         386
  C:0AEBH         LINE#         387
  C:0B1BH         LINE#         388
  C:0B2FH         LINE#         390
  C:0B43H         LINE#         391
  C:0B59H         LINE#         392
  C:0B89H         LINE#         394
  C:0BADH         LINE#         395
  C:0BB0H         LINE#         396
  C:0BC1H         LINE#         397
  C:0BC1H         LINE#         398
  C:0BC9H         LINE#         400
  C:0BC9H         LINE#         403
  C:0BCCH         LINE#         405
  C:0BCCH         LINE#         407
  C:0BEEH         LINE#         408
  C:0BEEH         LINE#         409
  C:0C6AH         LINE#         411
  C:0C97H         LINE#         412
  C:0CB2H         LINE#         413
  C:0CDFH         LINE#         414
  C:0CFAH         LINE#         416
  C:0D96H         LINE#         419
  C:0D96H         LINE#         420
  C:0D96H         LINE#         421
  C:0D96H         LINE#         423
  C:0D96H         LINE#         426
  C:0DB2H         LINE#         427
  C:0DB6H         LINE#         429
  C:0DB8H         LINE#         432
  C:0DC3H         LINE#         433
  C:0DC3H         LINE#         434
  C:0DC6H         LINE#         435
  C:0DCDH         LINE#         436
  C:0DD2H         LINE#         437
  C:0DD7H         LINE#         438
  C:0DDCH         LINE#         439
  C:0DE1H         LINE#         440
  C:0DE6H         LINE#         441
  C:0DEBH         LINE#         442
  C:0DF0H         LINE#         443
  C:0DF5H         LINE#         444
  C:0DFAH         LINE#         445
  C:0DFFH         LINE#         446
  C:0E04H         LINE#         447
  C:0E09H         LINE#         450
BL51 BANKED LINKER/LOCATER V6.22                                                      03/20/2019  11:38:06  PAGE 14


  C:0E0CH         LINE#         452
  C:0E0FH         LINE#         453
  C:0E16H         LINE#         454
  C:0E20H         LINE#         455
  C:0E25H         LINE#         457
  C:0E28H         LINE#         458
  C:0E2DH         LINE#         459
  C:0E32H         LINE#         460
  C:0E37H         LINE#         461
  C:0E3CH         LINE#         462
  C:0E41H         LINE#         463
  C:0E46H         LINE#         464
  C:0E4BH         LINE#         466
  C:0E4BH         LINE#         467
  -------         ENDPROC       MAIN
  -------         ENDMOD        MAIN

  -------         MODULE        PCF85063BTL
  C:0000H         SYMBOL        _ICE_DUMMY_
  D:0096H         PUBLIC        P2M0
  D:0080H         PUBLIC        P0
  D:0095H         PUBLIC        P2M1
  D:0090H         PUBLIC        P1
  D:00A0H         PUBLIC        P2
  D:00B0H         PUBLIC        P3
  D:00C0H         PUBLIC        P4
  D:00C8H         PUBLIC        P5
  D:00E8H         PUBLIC        P6
  B:00A0H.1       PUBLIC        PCF85063BTL_SDI
  D:00F8H         PUBLIC        P7
  B:00A0H.2       PUBLIC        PCF85063BTL_SCK
  B:00A0H.1       PUBLIC        PCF85063BTL_SDO
  D:00A8H         PUBLIC        IE
  C:4C4BH         PUBLIC        _Read_time
  C:5152H         PUBLIC        _PCF85063BTL_Delay
  D:00B8H         PUBLIC        IP
  D:00D8H         PUBLIC        CCON
  C:4ADCH         PUBLIC        _Day_Of_Year
  C:5048H         PUBLIC        SPI_ReceiveByte
  D:0098H         PUBLIC        SCON
  D:0088H         PUBLIC        TCON
  C:5199H         PUBLIC        _BCDtoDec
  B:00A0H.0       PUBLIC        PCF85063BTL_CS
  C:5188H         PUBLIC        _SPI_ReadTime
  C:51E8H         PUBLIC        SPI_Init
  C:50DDH         PUBLIC        _SPI_WriteTime
  C:5028H         PUBLIC        _SPI_SendByte
  D:00D0H         PUBLIC        PSW
  C:514EH         SYMBOL        L?0047
  -------         PROC          L?0046
  -------         ENDPROC       L?0046
  C:514EH         SYMBOL        L?0047
  -------         PROC          _PCF85063BTL_DELAY
  D:0006H         SYMBOL        us
  C:5152H         LINE#         8
  C:5152H         LINE#         9
  C:5152H         LINE#         10
BL51 BANKED LINKER/LOCATER V6.22                                                      03/20/2019  11:38:06  PAGE 15


  C:515CH         LINE#         11
  C:515CH         LINE#         12
  C:515DH         LINE#         13
  C:515FH         LINE#         14
  -------         ENDPROC       _PCF85063BTL_DELAY
  -------         PROC          _SPI_SENDBYTE
  D:0005H         SYMBOL        dat
  -------         DO            
  D:0003H         SYMBOL        i
  -------         ENDDO         
  C:5028H         LINE#         17
  C:502AH         LINE#         18
  C:502AH         LINE#         20
  C:502CH         LINE#         21
  C:502CH         LINE#         22
  C:502EH         LINE#         23
  C:5032H         LINE#         24
  C:5032H         LINE#         25
  C:5034H         LINE#         26
  C:5036H         LINE#         28
  C:5036H         LINE#         29
  C:5038H         LINE#         30
  C:5038H         LINE#         31
  C:503BH         LINE#         32
  C:503BH         LINE#         33
  C:503EH         LINE#         34
  C:5042H         LINE#         35
  C:5047H         LINE#         36
  -------         ENDPROC       _SPI_SENDBYTE
  -------         PROC          SPI_RECEIVEBYTE
  -------         DO            
  D:0003H         SYMBOL        i
  D:0005H         SYMBOL        dat
  -------         ENDDO         
  C:5048H         LINE#         39
  C:5048H         LINE#         40
  C:5048H         LINE#         42
  C:504AH         LINE#         44
  C:504CH         LINE#         45
  C:504DH         LINE#         46
  C:504DH         LINE#         47
  C:5051H         LINE#         48
  C:5053H         LINE#         49
  C:5056H         LINE#         51
  C:5059H         LINE#         52
  C:5059H         LINE#         53
  C:505DH         LINE#         54
  C:505DH         LINE#         55
  C:505DH         LINE#         56
  C:5060H         LINE#         57
  C:5065H         LINE#         58
  C:5067H         LINE#         59
  -------         ENDPROC       SPI_RECEIVEBYTE
  -------         PROC          _SPI_READTIME
  D:0007H         SYMBOL        addr
  -------         DO            
  D:0006H         SYMBOL        dat
BL51 BANKED LINKER/LOCATER V6.22                                                      03/20/2019  11:38:06  PAGE 16


  -------         ENDDO         
  C:5188H         LINE#         61
  C:5188H         LINE#         62
  C:5188H         LINE#         64
  C:518AH         LINE#         65
  C:518CH         LINE#         66
  C:5193H         LINE#         67
  C:5196H         LINE#         68
  C:5198H         LINE#         69
  C:5198H         LINE#         70
  -------         ENDPROC       _SPI_READTIME
  -------         PROC          _SPI_WRITETIME
  D:0002H         SYMBOL        val
  D:0005H         SYMBOL        addr
  C:50DDH         LINE#         71
  C:50DFH         LINE#         72
  C:50DFH         LINE#         74
  C:50E1H         LINE#         75
  C:50E8H         LINE#         76
  C:50EDH         LINE#         77
  C:50F2H         LINE#         78
  C:50F4H         LINE#         79
  -------         ENDPROC       _SPI_WRITETIME
  -------         PROC          SPI_INIT
  C:51E8H         LINE#         83
  C:51E8H         LINE#         84
  C:51E8H         LINE#         89
  C:51EBH         LINE#         90
  C:51EEH         LINE#         91
  C:51F0H         LINE#         92
  C:51F2H         LINE#         93
  C:51F4H         LINE#         94
  -------         ENDPROC       SPI_INIT
  -------         PROC          _READ_TIME
  X:03BBH         SYMBOL        months
  X:03BEH         SYMBOL        days
  X:03C1H         SYMBOL        hours
  X:03C4H         SYMBOL        mins
  X:03C7H         SYMBOL        seconds
  C:4C4BH         LINE#         96
  C:4C56H         LINE#         97
  C:4C56H         LINE#         99
  C:4C6AH         LINE#         101
  C:4C7EH         LINE#         103
  C:4C92H         LINE#         108
  C:4CA6H         LINE#         113
  -------         ENDPROC       _READ_TIME
  -------         PROC          _BCDTODEC
  D:0007H         SYMBOL        bcd
  -------         DO            
  D:0006H         SYMBOL        hi
  D:0007H         SYMBOL        lo
  -------         ENDDO         
  C:5199H         LINE#         119
  C:5199H         LINE#         120
  C:5199H         LINE#         122
  C:519EH         LINE#         123
BL51 BANKED LINKER/LOCATER V6.22                                                      03/20/2019  11:38:06  PAGE 17


  C:51A2H         LINE#         124
  C:51A9H         LINE#         125
  -------         ENDPROC       _BCDTODEC
  -------         PROC          _DAY_OF_YEAR
  D:0007H         SYMBOL        months_bcd
  D:0005H         SYMBOL        days_bcd
  -------         DO            
  D:0004H         SYMBOL        months
  D:0007H         SYMBOL        days
  -------         ENDDO         
  C:4ADCH         LINE#         126
  C:4ADCH         LINE#         127
  C:4ADCH         LINE#         130
  C:4AE1H         LINE#         132
  C:4AE6H         LINE#         134
  C:4B1FH         LINE#         135
  C:4B1FH         LINE#         136
  C:4B1FH         LINE#         137
  C:4B22H         LINE#         138
  C:4B22H         LINE#         139
  C:4B22H         LINE#         140
  C:4B27H         LINE#         141
  C:4B27H         LINE#         142
  C:4B27H         LINE#         143
  C:4B2CH         LINE#         144
  C:4B2CH         LINE#         145
  C:4B2CH         LINE#         146
  C:4B31H         LINE#         147
  C:4B31H         LINE#         148
  C:4B31H         LINE#         149
  C:4B36H         LINE#         150
  C:4B36H         LINE#         151
  C:4B36H         LINE#         152
  C:4B3BH         LINE#         153
  C:4B3BH         LINE#         154
  C:4B3BH         LINE#         155
  C:4B40H         LINE#         156
  C:4B40H         LINE#         157
  C:4B40H         LINE#         158
  C:4B45H         LINE#         159
  C:4B45H         LINE#         160
  C:4B45H         LINE#         161
  C:4B4DH         LINE#         162
  C:4B4DH         LINE#         163
  C:4B4DH         LINE#         164
  C:4B52H         LINE#         165
  C:4B52H         LINE#         166
  C:4B52H         LINE#         167
  C:4B57H         LINE#         168
  C:4B57H         LINE#         169
  C:4B57H         LINE#         170
  C:4B5FH         LINE#         171
  C:4B5FH         LINE#         172
  C:4B5FH         LINE#         173
  -------         ENDPROC       _DAY_OF_YEAR
  -------         ENDMOD        PCF85063BTL

BL51 BANKED LINKER/LOCATER V6.22                                                      03/20/2019  11:38:06  PAGE 18


  -------         MODULE        UART1
  C:0000H         SYMBOL        _ICE_DUMMY_
  D:0080H         PUBLIC        P0
  D:0090H         PUBLIC        P1
  D:00A0H         PUBLIC        P2
  D:00B0H         PUBLIC        P3
  D:00C0H         PUBLIC        P4
  D:00C8H         PUBLIC        P5
  B:00A8H.7       PUBLIC        EA
  D:00E8H         PUBLIC        P6
  D:00F8H         PUBLIC        P7
  C:4F00H         PUBLIC        _SendString
  D:00A8H         PUBLIC        IE
  B:00A8H.4       PUBLIC        ES
  D:00B8H         PUBLIC        IP
  C:50F5H         PUBLIC        _ASCIItoBCD
  D:00D8H         PUBLIC        CCON
  C:51AAH         PUBLIC        initUART1
  D:0098H         PUBLIC        SCON
  D:0088H         PUBLIC        TCON
  C:000AH         PUBLIC        _DectoBCD
  C:5220H         PUBLIC        _ASCII_Letter
  D:008EH         PUBLIC        AUXR
  C:521BH         PUBLIC        _unit
  C:0003H         PUBLIC        _ten
  D:00D6H         PUBLIC        T2H
  D:00D7H         PUBLIC        T2L
  D:00D0H         PUBLIC        PSW
  -------         PROC          INITUART1
  C:51AAH         LINE#         21
  C:51AAH         LINE#         22
  C:51AAH         LINE#         23
  C:51ADH         LINE#         24
  C:51B0H         LINE#         25
  C:51B3H         LINE#         26
  C:51B6H         LINE#         27
  C:51B8H         LINE#         28
  C:51BAH         LINE#         30
  -------         ENDPROC       INITUART1
  -------         PROC          _SENDSTRING
  X:0639H         SYMBOL        s
  C:4F00H         LINE#         35
  C:4F0BH         LINE#         36
  C:4F0BH         LINE#         37
  C:4F1BH         LINE#         38
  C:4F1BH         LINE#         39
  C:4F30H         LINE#         40
  C:4F32H         LINE#         41
  -------         ENDPROC       _SENDSTRING
  -------         PROC          _TEN
  D:0007H         SYMBOL        BCD
  C:0003H         LINE#         43
  C:0003H         LINE#         44
  C:0003H         LINE#         45
  C:0008H         LINE#         46
  -------         ENDPROC       _TEN
  -------         PROC          _UNIT
BL51 BANKED LINKER/LOCATER V6.22                                                      03/20/2019  11:38:06  PAGE 19


  D:0007H         SYMBOL        BCD
  C:521BH         LINE#         47
  C:521BH         LINE#         48
  C:521BH         LINE#         52
  C:521FH         LINE#         53
  -------         ENDPROC       _UNIT
  -------         PROC          _DECTOBCD
  D:0007H         SYMBOL        dec
  C:000AH         LINE#         54
  C:000AH         LINE#         55
  C:000AH         LINE#         57
  C:000AH         LINE#         58
  -------         ENDPROC       _DECTOBCD
  -------         PROC          _ASCII_LETTER
  D:0007H         SYMBOL        dat
  C:5220H         LINE#         60
  C:5220H         LINE#         61
  C:5220H         LINE#         63
  C:5224H         LINE#         64
  -------         ENDPROC       _ASCII_LETTER
  -------         PROC          _ASCIITOBCD
  D:0001H         SYMBOL        ascii
  -------         DO            
  D:0007H         SYMBOL        dec_val
  D:0006H         SYMBOL        ten
  D:0007H         SYMBOL        unit
  -------         ENDDO         
  C:50F5H         LINE#         66
  C:50F5H         LINE#         67
  C:50F5H         LINE#         69
  C:50F8H         LINE#         70
  C:50FEH         LINE#         71
  C:5105H         LINE#         72
  C:510BH         LINE#         74
  -------         ENDPROC       _ASCIITOBCD
  -------         ENDMOD        UART1

  -------         MODULE        LCD_DRIVER_SPLC780D
  C:0000H         SYMBOL        _ICE_DUMMY_
  D:0092H         PUBLIC        P1M0
  D:0091H         PUBLIC        P1M1
  D:0080H         PUBLIC        P0
  D:0090H         PUBLIC        P1
  D:00A0H         PUBLIC        P2
  D:00B0H         PUBLIC        P3
  D:00C0H         PUBLIC        P4
  D:00C8H         PUBLIC        P5
  D:00E8H         PUBLIC        P6
  D:00F8H         PUBLIC        P7
  C:4B64H         PUBLIC        _WriteData
  D:00A8H         PUBLIC        IE
  D:00B8H         PUBLIC        IP
  D:00D8H         PUBLIC        CCON
  B:00B0H.4       PUBLIC        LCD_D4
  B:00B0H.5       PUBLIC        LCD_D5
  B:00B0H.6       PUBLIC        LCD_D6
  C:50A5H         PUBLIC        _DisplayLCD
BL51 BANKED LINKER/LOCATER V6.22                                                      03/20/2019  11:38:06  PAGE 20


  B:00B0H.7       PUBLIC        LCD_D7
  D:0098H         PUBLIC        SCON
  D:0088H         PUBLIC        TCON
  C:5160H         PUBLIC        _abs
  C:520BH         PUBLIC        LCD_clear
  C:4E45H         PUBLIC        _Command
  C:5122H         PUBLIC        _Display_Line
  C:4D14H         PUBLIC        LCD_Init
  C:500AH         PUBLIC        _Wait_ms
  B:00C0H.0       PUBLIC        LCD_RS
  B:00B0H.2       PUBLIC        LCD_RW
  C:5201H         PUBLIC        LCD_return_home
  C:402EH         PUBLIC        _Display_Pos
  B:00B0H.3       PUBLIC        LCD_E
  D:00D0H         PUBLIC        PSW
  -------         PROC          LCD_INIT
  C:4D14H         LINE#         9
  C:4D14H         LINE#         10
  C:4D14H         LINE#         11
  C:4D17H         LINE#         12
  C:4D1AH         LINE#         14
  C:4D20H         LINE#         15
  C:4D25H         LINE#         17
  C:4D2CH         LINE#         18
  C:4D31H         LINE#         20
  C:4D34H         LINE#         21
  C:4D39H         LINE#         23
  C:4D3CH         LINE#         24
  C:4D41H         LINE#         26
  C:4D48H         LINE#         29
  C:4D4DH         LINE#         30
  C:4D52H         LINE#         32
  C:4D57H         LINE#         33
  C:4D5CH         LINE#         35
  C:4D61H         LINE#         36
  C:4D66H         LINE#         37
  -------         ENDPROC       LCD_INIT
  C:4B60H         SYMBOL        L?0040
  -------         PROC          L?0039
  -------         ENDPROC       L?0039
  C:4B60H         SYMBOL        L?0040
  -------         PROC          _WRITEDATA
  X:0476H         SYMBOL        dat
  C:4B64H         LINE#         40
  C:4B69H         LINE#         41
  C:4B69H         LINE#         46
  C:4B6BH         LINE#         47
  C:4B6DH         LINE#         49
  C:4B7BH         LINE#         50
  C:4B87H         LINE#         51
  C:4B93H         LINE#         52
  C:4B9DH         LINE#         53
  C:4B9FH         LINE#         54
  C:4BA6H         LINE#         55
  C:4BA8H         LINE#         57
  C:4BB8H         LINE#         58
  C:4BC3H         LINE#         59
BL51 BANKED LINKER/LOCATER V6.22                                                      03/20/2019  11:38:06  PAGE 21


  C:4BCDH         LINE#         60
  C:4BD1H         LINE#         62
  C:4BD1H         LINE#         63
  C:4BD4H         LINE#         64
  C:4BD6H         LINE#         65
  C:4BD8H         LINE#         67
  -------         ENDPROC       _WRITEDATA
  -------         PROC          _COMMAND
  D:0007H         SYMBOL        dat
  C:4E45H         LINE#         69
  C:4E45H         LINE#         70
  C:4E45H         LINE#         71
  C:4E47H         LINE#         72
  C:4E49H         LINE#         74
  C:4E53H         LINE#         75
  C:4E57H         LINE#         77
  C:4E59H         LINE#         78
  C:4E62H         LINE#         79
  C:4E66H         LINE#         81
  C:4E68H         LINE#         82
  C:4E6FH         LINE#         83
  C:4E73H         LINE#         85
  C:4E75H         LINE#         86
  C:4E79H         LINE#         87
  C:4E7DH         LINE#         89
  C:4E7FH         LINE#         90
  C:4E7FH         LINE#         91
  C:4E82H         LINE#         92
  C:4E84H         LINE#         93
  -------         ENDPROC       _COMMAND
  C:5006H         SYMBOL        L?0038
  -------         PROC          L?0037
  -------         ENDPROC       L?0037
  C:5006H         SYMBOL        L?0038
  -------         PROC          _WAIT_MS
  D:0006H         SYMBOL        ms
  -------         DO            
  D:0004H         SYMBOL        De_Cnt
  -------         ENDDO         
  C:500AH         LINE#         95
  C:500AH         LINE#         96
  C:500AH         LINE#         98
  C:5014H         LINE#         99
  C:5014H         LINE#         100
  C:5027H         LINE#         101
  C:5027H         LINE#         102
  -------         ENDPROC       _WAIT_MS
  -------         PROC          _DISPLAYLCD
  D:0007H         SYMBOL        BCD
  -------         DO            
  D:0006H         SYMBOL        first_digit
  X:03BBH         SYMBOL        second_digit
  -------         ENDDO         
  C:50A5H         LINE#         103
  C:50A5H         LINE#         104
  C:50A5H         LINE#         106
  C:50ACH         LINE#         107
BL51 BANKED LINKER/LOCATER V6.22                                                      03/20/2019  11:38:06  PAGE 22


  C:50B5H         LINE#         109
  C:50BAH         LINE#         111
  -------         ENDPROC       _DISPLAYLCD
  -------         PROC          LCD_RETURN_HOME
  C:5201H         LINE#         115
  C:5201H         LINE#         116
  C:5201H         LINE#         117
  C:5206H         LINE#         118
  -------         ENDPROC       LCD_RETURN_HOME
  -------         PROC          LCD_CLEAR
  C:520BH         LINE#         121
  C:520BH         LINE#         122
  C:520BH         LINE#         123
  C:5210H         LINE#         124
  -------         ENDPROC       LCD_CLEAR
  -------         PROC          _DISPLAY_LINE
  D:0006H         SYMBOL        line
  C:5122H         LINE#         128
  C:5122H         LINE#         129
  C:5122H         LINE#         130
  C:5128H         LINE#         131
  C:5128H         LINE#         132
  C:512AH         LINE#         133
  C:512AH         LINE#         134
  C:512CH         LINE#         136
  C:512CH         LINE#         137
  C:5131H         LINE#         138
  C:5136H         LINE#         139
  C:5136H         LINE#         140
  -------         ENDPROC       _DISPLAY_LINE
  -------         PROC          _DISPLAY_POS
  X:046CH         SYMBOL        sign_dat
  -------         DO            
  X:0470H         SYMBOL        unit
  X:0471H         SYMBOL        ten
  X:0472H         SYMBOL        hundred
  D:0003H         SYMBOL        thousand
  X:0473H         SYMBOL        after_dot
  X:0474H         SYMBOL        dat
  -------         ENDDO         
  C:402EH         LINE#         142
  C:4034H         LINE#         143
  C:4034H         LINE#         147
  C:4050H         LINE#         148
  C:406AH         LINE#         149
  C:408EH         LINE#         151
  C:40D8H         LINE#         153
  C:40EFH         LINE#         154
  C:40FCH         LINE#         155
  C:411EH         LINE#         156
  C:4153H         LINE#         157
  C:416BH         LINE#         158
  C:416BH         LINE#         160
  C:416BH         LINE#         161
  C:416BH         LINE#         162
  C:416BH         LINE#         163
  C:416BH         LINE#         164
BL51 BANKED LINKER/LOCATER V6.22                                                      03/20/2019  11:38:06  PAGE 23


  C:416BH         LINE#         168
  C:416DH         LINE#         170
  C:416DH         LINE#         172
  C:4172H         LINE#         173
  C:4178H         LINE#         174
  C:417EH         LINE#         175
  C:4184H         LINE#         176
  C:4189H         LINE#         177
  C:418FH         LINE#         181
  C:418FH         LINE#         183
  -------         ENDPROC       _DISPLAY_POS
  -------         PROC          _ABS
  D:0006H         SYMBOL        dat
  C:5160H         LINE#         185
  C:5160H         LINE#         186
  C:5160H         LINE#         187
  C:516BH         LINE#         188
  C:516CH         LINE#         190
  C:5173H         LINE#         191
  -------         ENDPROC       _ABS
  -------         ENDMOD        LCD_DRIVER_SPLC780D

  -------         MODULE        KEYPAD
  C:0000H         SYMBOL        _ICE_DUMMY_
  D:0093H         PUBLIC        P0M1
  D:0080H         PUBLIC        P0
  D:0090H         PUBLIC        P1
  D:00A0H         PUBLIC        P2
  D:00B0H         PUBLIC        P3
  D:00C0H         PUBLIC        P4
  D:00C8H         PUBLIC        P5
  B:0020H.0       PUBLIC        calib_mode
  D:00E8H         PUBLIC        P6
  D:00F8H         PUBLIC        P7
  D:00A8H         PUBLIC        IE
  C:3B90H         PUBLIC        Key_Scan
  D:00B8H         PUBLIC        IP
  D:00D8H         PUBLIC        CCON
  C:51F5H         PUBLIC        KeyPad_IO_Init
  C:5087H         PUBLIC        _Delay_ms
  D:0098H         PUBLIC        SCON
  D:0088H         PUBLIC        TCON
  B:0020H.1       PUBLIC        small_move
  B:0020H.2       PUBLIC        move
  B:0020H.3       PUBLIC        direction
  B:0020H.4       PUBLIC        auto_move
  C:3287H         PUBLIC        Key_Process
  D:00D0H         PUBLIC        PSW
  D:0094H         PUBLIC        P0M0
  -------         PROC          _DELAY_MS
  D:0006H         SYMBOL        ms
  -------         DO            
  D:0004H         SYMBOL        De_Cnt
  -------         ENDDO         
  C:5087H         LINE#         19
  C:5087H         LINE#         20
  C:5087H         LINE#         22
BL51 BANKED LINKER/LOCATER V6.22                                                      03/20/2019  11:38:06  PAGE 24


  C:5091H         LINE#         23
  C:5091H         LINE#         24
  C:50A4H         LINE#         25
  C:50A4H         LINE#         26
  -------         ENDPROC       _DELAY_MS
  -------         PROC          KEY_SCAN
  -------         DO            
  X:03C1H         SYMBOL        KeyTemp1
  X:03C2H         SYMBOL        KeyTemp2
  X:03C3H         SYMBOL        KeyValue
  -------         ENDDO         
  C:3B90H         LINE#         27
  C:3B90H         LINE#         28
  C:3B90H         LINE#         33
  C:3B93H         LINE#         36
  C:3B96H         LINE#         38
  C:3B9EH         LINE#         39
  C:3BA5H         LINE#         40
  C:3BA5H         LINE#         42
  C:3BAAH         LINE#         43
  C:3BB1H         LINE#         44
  C:3BB1H         LINE#         47
  C:3BB4H         LINE#         48
  C:3BB7H         LINE#         49
  C:3BBCH         LINE#         50
  C:3BC0H         LINE#         51
  C:3BC0H         LINE#         52
  C:3BC8H         LINE#         53
  C:3BC8H         LINE#         54
  C:3BCBH         LINE#         55
  C:3BD3H         LINE#         56
  C:3BD5H         LINE#         58
  C:3BE9H         LINE#         59
  C:3BE9H         LINE#         60
  C:3BE9H         LINE#         61
  C:3BE9H         LINE#         62
  C:3BEFH         LINE#         64
  C:3BF1H         LINE#         65
  C:3BF1H         LINE#         66
  C:3BF1H         LINE#         67
  C:3BF7H         LINE#         69
  C:3BF9H         LINE#         70
  C:3BF9H         LINE#         71
  C:3BF9H         LINE#         72
  C:3BFFH         LINE#         74
  C:3C01H         LINE#         75
  C:3C01H         LINE#         76
  C:3C01H         LINE#         77
  C:3C07H         LINE#         79
  C:3C07H         LINE#         80
  C:3C07H         LINE#         81
  C:3C07H         LINE#         84
  C:3C0AH         LINE#         85
  C:3C0DH         LINE#         86
  C:3C15H         LINE#         87
  C:3C19H         LINE#         88
  C:3C19H         LINE#         89
BL51 BANKED LINKER/LOCATER V6.22                                                      03/20/2019  11:38:06  PAGE 25


  C:3C21H         LINE#         90
  C:3C21H         LINE#         91
  C:3C24H         LINE#         92
  C:3C2CH         LINE#         93
  C:3C2EH         LINE#         94
  C:3C42H         LINE#         95
  C:3C42H         LINE#         96
  C:3C42H         LINE#         97
  C:3C42H         LINE#         98
  C:3C48H         LINE#         100
  C:3C4AH         LINE#         101
  C:3C4AH         LINE#         102
  C:3C4AH         LINE#         103
  C:3C50H         LINE#         105
  C:3C52H         LINE#         106
  C:3C52H         LINE#         107
  C:3C52H         LINE#         108
  C:3C58H         LINE#         110
  C:3C5AH         LINE#         111
  C:3C5AH         LINE#         112
  C:3C5AH         LINE#         113
  C:3C5FH         LINE#         115
  C:3C5FH         LINE#         116
  C:3C5FH         LINE#         117
  C:3C5FH         LINE#         120
  C:3C62H         LINE#         121
  C:3C65H         LINE#         122
  C:3C6DH         LINE#         123
  C:3C71H         LINE#         124
  C:3C71H         LINE#         125
  C:3C79H         LINE#         126
  C:3C79H         LINE#         127
  C:3C7CH         LINE#         128
  C:3C84H         LINE#         129
  C:3C86H         LINE#         130
  C:3C9AH         LINE#         131
  C:3C9AH         LINE#         132
  C:3C9AH         LINE#         133
  C:3C9AH         LINE#         134
  C:3CA0H         LINE#         136
  C:3CA2H         LINE#         137
  C:3CA2H         LINE#         138
  C:3CA2H         LINE#         139
  C:3CA8H         LINE#         141
  C:3CAAH         LINE#         142
  C:3CAAH         LINE#         143
  C:3CAAH         LINE#         144
  C:3CB0H         LINE#         146
  C:3CB2H         LINE#         147
  C:3CB2H         LINE#         148
  C:3CB2H         LINE#         149
  C:3CB8H         LINE#         151
  C:3CB8H         LINE#         152
  C:3CB8H         LINE#         153
  C:3CB8H         LINE#         157
  C:3CBBH         LINE#         158
  C:3CBEH         LINE#         159
BL51 BANKED LINKER/LOCATER V6.22                                                      03/20/2019  11:38:06  PAGE 26


  C:3CC6H         LINE#         160
  C:3CCAH         LINE#         161
  C:3CCAH         LINE#         162
  C:3CD2H         LINE#         163
  C:3CD2H         LINE#         164
  C:3CD5H         LINE#         165
  C:3CDDH         LINE#         166
  C:3CDFH         LINE#         167
  C:3CF3H         LINE#         168
  C:3CF3H         LINE#         169
  C:3CF3H         LINE#         170
  C:3CF3H         LINE#         171
  C:3CF9H         LINE#         173
  C:3CFBH         LINE#         174
  C:3CFBH         LINE#         175
  C:3CFBH         LINE#         176
  C:3D01H         LINE#         178
  C:3D03H         LINE#         179
  C:3D03H         LINE#         180
  C:3D03H         LINE#         181
  C:3D09H         LINE#         183
  C:3D0BH         LINE#         184
  C:3D0BH         LINE#         185
  C:3D0BH         LINE#         186
  C:3D11H         LINE#         188
  C:3D11H         LINE#         189
  C:3D11H         LINE#         190
  C:3D11H         LINE#         192
  C:3D17H         LINE#         193
  C:3D17H         LINE#         195
  C:3D17H         LINE#         196
  C:3D1AH         LINE#         197
  C:3D1AH         LINE#         198
  C:3D1AH         LINE#         200
  C:3D1AH         LINE#         201
  C:3D1CH         LINE#         202
  C:3D1CH         LINE#         203
  -------         ENDPROC       KEY_SCAN
  -------         PROC          KEY_PROCESS
  -------         DO            
  X:0623H         SYMBOL        KeyCount
  X:0625H         SYMBOL        KeyNum_Old
  X:0626H         SYMBOL        KeyNum
  X:0627H         SYMBOL        PressedKey
  X:03BBH         SYMBOL        d
  D:0004H         SYMBOL        hours
  D:0006H         SYMBOL        mins
  X:03BDH         SYMBOL        months
  X:03BFH         SYMBOL        days
  -------         ENDDO         
  C:3287H         LINE#         204
  C:3287H         LINE#         205
  C:3287H         LINE#         209
  C:328FH         LINE#         210
  C:3297H         LINE#         212
  C:329AH         LINE#         213
  C:329AH         LINE#         214
BL51 BANKED LINKER/LOCATER V6.22                                                      03/20/2019  11:38:06  PAGE 27


  C:329DH         LINE#         216
  C:329DH         LINE#         217
  C:32AAH         LINE#         218
  C:32AAH         LINE#         219
  C:32ADH         LINE#         220
  C:32B0H         LINE#         222
  C:32B3H         LINE#         224
  C:32B3H         LINE#         225
  C:32BEH         LINE#         226
  C:32BEH         LINE#         227
  C:32C1H         LINE#         229
  C:32C1H         LINE#         230
  C:32C8H         LINE#         231
  C:32C8H         LINE#         232
  C:32CBH         LINE#         234
  C:32CBH         LINE#         235
  C:32D3H         LINE#         236
  C:32D3H         LINE#         237
  C:32DDH         LINE#         238
  C:32E5H         LINE#         240
  C:32EEH         LINE#         242
  C:32EEH         LINE#         251
  C:3303H         LINE#         252
  C:3303H         LINE#         253
  C:3315H         LINE#         254
  C:3323H         LINE#         255
  C:3332H         LINE#         256
  C:3332H         LINE#         258
  C:3338H         LINE#         262
  C:334EH         LINE#         263
  C:335FH         LINE#         264
  C:337AH         LINE#         265
  C:337AH         LINE#         266
  C:338AH         LINE#         267
  C:339BH         LINE#         268
  C:339BH         LINE#         272
  C:33B4H         LINE#         273
  C:33CBH         LINE#         274
  C:33EBH         LINE#         275
  C:33EBH         LINE#         276
  C:33F5H         LINE#         277
  C:33F5H         LINE#         278
  C:33FEH         LINE#         279
  C:33FEH         LINE#         280
  C:3412H         LINE#         281
  C:3412H         LINE#         282
  C:3412H         LINE#         283
  C:3412H         LINE#         284
  C:3412H         LINE#         285
  C:3414H         LINE#         287
  C:3414H         LINE#         288
  C:3420H         LINE#         289
  C:3420H         LINE#         290
  C:3431H         LINE#         291
  C:3431H         LINE#         292
  C:3431H         LINE#         293
  C:3431H         LINE#         294
BL51 BANKED LINKER/LOCATER V6.22                                                      03/20/2019  11:38:06  PAGE 28


  C:3431H         LINE#         296
  C:3433H         LINE#         298
  C:3433H         LINE#         299
  C:3444H         LINE#         300
  C:3444H         LINE#         301
  C:3444H         LINE#         302
  C:3444H         LINE#         303
  C:3444H         LINE#         305
  C:3444H         LINE#         307
  C:3444H         LINE#         308
  C:3446H         LINE#         310
  C:3446H         LINE#         311
  C:3459H         LINE#         312
  C:3459H         LINE#         313
  C:346AH         LINE#         314
  C:346AH         LINE#         315
  C:346AH         LINE#         316
  C:346AH         LINE#         317
  C:346AH         LINE#         318
  C:346CH         LINE#         320
  C:346CH         LINE#         321
  C:347DH         LINE#         322
  C:347DH         LINE#         323
  C:348EH         LINE#         324
  C:349FH         LINE#         325
  C:349FH         LINE#         326
  C:349FH         LINE#         327
  C:349FH         LINE#         328
  C:349FH         LINE#         330
  C:34B9H         LINE#         331
  C:34B9H         LINE#         332
  C:34BEH         LINE#         333
  C:34BEH         LINE#         334
  C:34C4H         LINE#         335
  C:34C4H         LINE#         336
  C:34C7H         LINE#         337
  C:34CCH         LINE#         338
  C:34D1H         LINE#         339
  C:34D6H         LINE#         340
  C:34DBH         LINE#         341
  C:34E0H         LINE#         342
  C:34E5H         LINE#         343
  C:34EAH         LINE#         344
  C:34EAH         LINE#         345
  C:34EAH         LINE#         347
  C:350CH         LINE#         348
  C:350CH         LINE#         349
  C:3516H         LINE#         350
  C:3516H         LINE#         351
  C:351BH         LINE#         352
  C:3524H         LINE#         353
  C:353BH         LINE#         354
  C:353BH         LINE#         355
  C:354BH         LINE#         357
  C:354BH         LINE#         361
  -------         ENDPROC       KEY_PROCESS
  -------         PROC          KEYPAD_IO_INIT
BL51 BANKED LINKER/LOCATER V6.22                                                      03/20/2019  11:38:06  PAGE 29


  C:51F5H         LINE#         364
  C:51F5H         LINE#         365
  C:51F5H         LINE#         366
  C:51F8H         LINE#         367
  C:51FBH         LINE#         368
  C:51FEH         LINE#         369
  C:5200H         LINE#         370
  -------         ENDPROC       KEYPAD_IO_INIT
  -------         ENDMOD        KEYPAD

  -------         MODULE        BIPOLARMOTOR
  C:0000H         SYMBOL        _ICE_DUMMY_
  D:0080H         PUBLIC        P0
  D:0090H         PUBLIC        P1
  X:0000H         PUBLIC        RX_pos_test
  D:00A0H         PUBLIC        P2
  D:00B0H         PUBLIC        P3
  D:00C0H         PUBLIC        P4
  D:00C8H         PUBLIC        P5
  D:00E8H         PUBLIC        P6
  D:00F8H         PUBLIC        P7
  X:00A0H         PUBLIC        low_date_azimuth_mapping
  D:00A8H         PUBLIC        IE
  C:45C2H         PUBLIC        linear_interpolate
  C:4FB5H         PUBLIC        _Move
  D:00B8H         PUBLIC        IP
  C:383FH         PUBLIC        _findDet3x3
  C:354CH         PUBLIC        _findDet4x4
  D:00D8H         PUBLIC        CCON
  X:00C8H         PUBLIC        previous_move_time
  D:0098H         PUBLIC        SCON
  D:0088H         PUBLIC        TCON
  C:5225H         PUBLIC        wait
  C:4E85H         PUBLIC        _Step_move
  X:00C9H         PUBLIC        dat
  C:0E4EH         PUBLIC        _Update_position
  C:4D6DH         PUBLIC        vOneStepMove
  X:00CFH         PUBLIC        elevation_stamp
  X:010BH         PUBLIC        date_azimuth_mapping
  X:0133H         PUBLIC        RX_pos
  C:50CCH         PUBLIC        _BCDtoDec1
  X:038BH         PUBLIC        degree
  D:00D0H         PUBLIC        PSW
  -------         PROC          L?0062
  -------         ENDPROC       L?0062
  -------         PROC          _BCDTODEC1
  D:0007H         SYMBOL        bcd
  -------         DO            
  D:0006H         SYMBOL        hi
  D:0007H         SYMBOL        lo
  -------         ENDDO         
  C:50CCH         LINE#         28
  C:50CCH         LINE#         29
  C:50CCH         LINE#         31
  C:50D1H         LINE#         32
  C:50D5H         LINE#         33
  C:50DCH         LINE#         34
BL51 BANKED LINKER/LOCATER V6.22                                                      03/20/2019  11:38:06  PAGE 30


  -------         ENDPROC       _BCDTODEC1
  -------         PROC          WAIT
  C:5225H         LINE#         36
  C:5225H         LINE#         38
  -------         ENDPROC       WAIT
  -------         PROC          VONESTEPMOVE
  B:0020H.7       SYMBOL        bDir
  C:4D6DH         LINE#         40
  C:4D6DH         LINE#         41
  C:4D6DH         LINE#         43
  C:4D73H         LINE#         44
  C:4D73H         LINE#         45
  C:4D76H         LINE#         46
  C:4D7FH         LINE#         47
  C:4D86H         LINE#         48
  C:4D8BH         LINE#         49
  C:4D8BH         LINE#         50
  C:4D8BH         LINE#         52
  C:4D8DH         LINE#         55
  C:4D8DH         LINE#         56
  C:4D90H         LINE#         57
  C:4D99H         LINE#         58
  C:4DA0H         LINE#         59
  C:4DA6H         LINE#         60
  C:4DAFH         LINE#         61
  C:4DB6H         LINE#         62
  C:4DB6H         LINE#         66
  -------         ENDPROC       VONESTEPMOVE
  -------         PROC          _STEP_MOVE
  X:0482H         SYMBOL        step
  B:0020H.6       SYMBOL        dir
  -------         DO            
  X:0484H         SYMBOL        i
  -------         ENDDO         
  C:4E85H         LINE#         68
  C:4E8DH         LINE#         69
  C:4E8DH         LINE#         71
  C:4E92H         LINE#         74
  C:4EADH         LINE#         75
  C:4EADH         LINE#         76
  C:4EB4H         LINE#         78
  C:4EC4H         LINE#         80
  -------         ENDPROC       _STEP_MOVE
  -------         PROC          _MOVE
  X:047EH         SYMBOL        distance
  B:0020H.5       SYMBOL        direction
  -------         DO            
  D:0006H         SYMBOL        step
  -------         ENDDO         
  C:4FB5H         LINE#         82
  C:4FBBH         LINE#         83
  C:4FBBH         LINE#         86
  C:4FD6H         LINE#         87
  -------         ENDPROC       _MOVE
  C:3820H         SYMBOL        L?0058
  C:3834H         SYMBOL        L?0059
  -------         PROC          L?0057
BL51 BANKED LINKER/LOCATER V6.22                                                      03/20/2019  11:38:06  PAGE 31


  -------         ENDPROC       L?0057
  C:3820H         SYMBOL        L?0058
  C:3834H         SYMBOL        L?0059
  -------         PROC          _FINDDET3X3
  X:05FFH         SYMBOL        a11
  X:0603H         SYMBOL        a12
  X:0607H         SYMBOL        a13
  X:060BH         SYMBOL        a21
  X:060FH         SYMBOL        a22
  X:0613H         SYMBOL        a23
  X:0617H         SYMBOL        a31
  X:061BH         SYMBOL        a32
  X:061FH         SYMBOL        a33
  C:383FH         LINE#         91
  C:3845H         LINE#         95
  C:3845H         LINE#         96
  C:39DCH         LINE#         98
  -------         ENDPROC       _FINDDET3X3
  -------         PROC          _FINDDET4X4
  X:05BFH         SYMBOL        a11
  X:05C3H         SYMBOL        a12
  X:05C7H         SYMBOL        a13
  X:05CBH         SYMBOL        a14
  X:05CFH         SYMBOL        a21
  X:05D3H         SYMBOL        a22
  X:05D7H         SYMBOL        a23
  X:05DBH         SYMBOL        a24
  X:05DFH         SYMBOL        a31
  X:05E3H         SYMBOL        a32
  X:05E7H         SYMBOL        a33
  X:05EBH         SYMBOL        a34
  X:05EFH         SYMBOL        a41
  X:05F3H         SYMBOL        a42
  X:05F7H         SYMBOL        a43
  X:05FBH         SYMBOL        a44
  C:354CH         LINE#         99
  C:3552H         LINE#         103
  C:3552H         LINE#         110
  C:380BH         LINE#         114
  -------         ENDPROC       _FINDDET4X4
  C:45B1H         SYMBOL        L?0061
  -------         PROC          L?0060
  -------         ENDPROC       L?0060
  C:45B1H         SYMBOL        L?0061
  -------         PROC          LINEAR_INTERPOLATE
  X:047EH         SYMBOL        p1
  X:0486H         SYMBOL        p2
  X:048EH         SYMBOL        x
  -------         DO            
  D:0004H         SYMBOL        fx
  -------         ENDDO         
  C:45C2H         LINE#         120
  C:45C2H         LINE#         121
  C:45C2H         LINE#         124
  C:4661H         LINE#         126
  C:4661H         LINE#         127
  -------         ENDPROC       LINEAR_INTERPOLATE
BL51 BANKED LINKER/LOCATER V6.22                                                      03/20/2019  11:38:06  PAGE 32


  -------         PROC          _UPDATE_POSITION
  D:0001H         SYMBOL        mnths
  D:0002H         SYMBOL        dys
  X:03E1H         SYMBOL        hurs
  X:03E2H         SYMBOL        mns
  X:03E3H         SYMBOL        sconds
  X:03E4H         SYMBOL        currnt_pos
  X:03E7H         SYMBOL        offset_calib
  -------         DO            
  X:03EBH         SYMBOL        date
  X:03EDH         SYMBOL        i
  X:03EFH         SYMBOL        yy
  X:03F1H         SYMBOL        desired_distance
  X:03F5H         SYMBOL        distance
  X:03F9H         SYMBOL        JP_pos
  X:03FDH         SYMBOL        pos_interpolate_azimuth
  X:0439H         SYMBOL        current_local_sun_time
  X:043DH         SYMBOL        azimuth
  X:0441H         SYMBOL        elevation
  X:0445H         SYMBOL        time_offset
  X:0449H         SYMBOL        UTC_time
  X:044DH         SYMBOL        declination
  X:0451H         SYMBOL        p1
  X:0459H         SYMBOL        p2
  X:0461H         SYMBOL        time
  X:0473H         SYMBOL        location
  X:047BH         SYMBOL        sunCoord
  -------         ENDDO         
  C:0E4EH         LINE#         131
  C:0E57H         LINE#         134
  C:0E57H         LINE#         135
  C:0E62H         LINE#         137
  C:0E7EH         LINE#         138
  C:0E88H         LINE#         146
  C:0E92H         LINE#         147
  C:0E9CH         LINE#         148
  C:0EA6H         LINE#         149
  C:0EB1H         LINE#         150
  C:0EBCH         LINE#         151
  C:0ED5H         LINE#         152
  C:0EE6H         LINE#         153
  C:0EF5H         LINE#         156
  C:0F09H         LINE#         160
  C:0F5BH         LINE#         161
  C:10BFH         LINE#         162
  C:110FH         LINE#         164
  C:1237H         LINE#         166
  C:1306H         LINE#         173
  C:134DH         LINE#         174
  C:134DH         LINE#         176
  C:1367H         LINE#         177
  C:1367H         LINE#         178
  C:13D7H         LINE#         179
  C:13D7H         LINE#         180
  C:13DEH         LINE#         181
  C:13DEH         LINE#         182
  C:140BH         LINE#         183
BL51 BANKED LINKER/LOCATER V6.22                                                      03/20/2019  11:38:06  PAGE 33


  C:1426H         LINE#         185
  C:146DH         LINE#         186
  C:14A1H         LINE#         188
  C:14E7H         LINE#         189
  C:150AH         LINE#         191
  C:150AH         LINE#         193
  C:1580H         LINE#         194
  C:1580H         LINE#         195
  C:1587H         LINE#         196
  C:1587H         LINE#         197
  C:15B4H         LINE#         198
  C:15CFH         LINE#         200
  C:1616H         LINE#         201
  C:164AH         LINE#         203
  C:1690H         LINE#         204
  C:16B0H         LINE#         206
  C:16B0H         LINE#         207
  C:16C1H         LINE#         210
  C:16DBH         LINE#         211
  C:16DBH         LINE#         212
  C:174BH         LINE#         213
  C:174BH         LINE#         214
  C:1778H         LINE#         215
  C:1793H         LINE#         217
  C:17C0H         LINE#         218
  C:17DBH         LINE#         220
  C:180DH         LINE#         223
  C:180DH         LINE#         225
  C:181EH         LINE#         227
  C:184DH         LINE#         229
  C:1872H         LINE#         230
  C:18D7H         LINE#         231
  C:18D7H         LINE#         232
  C:18F1H         LINE#         233
  C:1903H         LINE#         234
  C:191BH         LINE#         235
  C:1931H         LINE#         237
  C:194DH         LINE#         238
  C:194DH         LINE#         239
  C:194DH         LINE#         242
  -------         ENDPROC       _UPDATE_POSITION
  -------         ENDMOD        BIPOLARMOTOR

  -------         MODULE        SUNPOS
  C:0000H         SYMBOL        _ICE_DUMMY_
  C:2304H         PUBLIC        sunpos
  -------         PROC          SUNPOS
  X:047EH         SYMBOL        udtTime
  X:0490H         SYMBOL        udtLocation
  X:0498H         SYMBOL        udtSunCoordinates
  -------         DO            
  X:049BH         SYMBOL        dElapsedJulianDays
  X:049FH         SYMBOL        dDecimalHours
  X:04A3H         SYMBOL        dEclipticLongitude
  X:04A7H         SYMBOL        dEclipticObliquity
  X:04ABH         SYMBOL        dRightAscension
  X:04AFH         SYMBOL        dDeclination
BL51 BANKED LINKER/LOCATER V6.22                                                      03/20/2019  11:38:06  PAGE 34


  X:04B3H         SYMBOL        dY
  X:04B7H         SYMBOL        dX
  -------         DO            
  X:04BBH         SYMBOL        dJulianDate
  X:04BFH         SYMBOL        liAux1
  X:04C3H         SYMBOL        liAux2
  X:04BBH         SYMBOL        dMeanLongitude
  X:04BFH         SYMBOL        dMeanAnomaly
  X:04C3H         SYMBOL        dOmega
  X:04BBH         SYMBOL        dSin_EclipticLongitude
  X:04BBH         SYMBOL        dGreenwichMeanSiderealTime
  X:04BFH         SYMBOL        dLocalMeanSiderealTime
  X:04C3H         SYMBOL        dLatitudeInRadians
  X:04C7H         SYMBOL        dHourAngle
  X:04CBH         SYMBOL        dCos_Latitude
  X:04CFH         SYMBOL        dSin_Latitude
  X:04D3H         SYMBOL        dCos_HourAngle
  X:04D7H         SYMBOL        dParallax
  -------         ENDDO         
  -------         DO            
  X:04BBH         SYMBOL        dMeanLongitude
  X:04BFH         SYMBOL        dMeanAnomaly
  X:04C3H         SYMBOL        dOmega
  X:04BBH         SYMBOL        dSin_EclipticLongitude
  X:04BBH         SYMBOL        dGreenwichMeanSiderealTime
  X:04BFH         SYMBOL        dLocalMeanSiderealTime
  X:04C3H         SYMBOL        dLatitudeInRadians
  X:04C7H         SYMBOL        dHourAngle
  X:04CBH         SYMBOL        dCos_Latitude
  X:04CFH         SYMBOL        dSin_Latitude
  X:04D3H         SYMBOL        dCos_HourAngle
  X:04D7H         SYMBOL        dParallax
  -------         ENDDO         
  -------         DO            
  X:04BBH         SYMBOL        dSin_EclipticLongitude
  X:04BBH         SYMBOL        dGreenwichMeanSiderealTime
  X:04BFH         SYMBOL        dLocalMeanSiderealTime
  X:04C3H         SYMBOL        dLatitudeInRadians
  X:04C7H         SYMBOL        dHourAngle
  X:04CBH         SYMBOL        dCos_Latitude
  X:04CFH         SYMBOL        dSin_Latitude
  X:04D3H         SYMBOL        dCos_HourAngle
  X:04D7H         SYMBOL        dParallax
  -------         ENDDO         
  -------         DO            
  X:04BBH         SYMBOL        dGreenwichMeanSiderealTime
  X:04BFH         SYMBOL        dLocalMeanSiderealTime
[...]
  C:44B7H         LINE#         153
  C:44B9H         LINE#         154
  C:44BCH         LINE#         155
  C:44C3H         LINE#         157
  -------         ENDPROC       _AT25SF041_WRITE
  -------         PROC          _AT25SF041_READ
  D:0003H         SYMBOL        opcode
  X:062DH         SYMBOL        addr
  -------         DO            
  X:0631H         SYMBOL        dat
  X:0632H         SYMBOL        i
  -------         ENDDO         
  C:42B2H         LINE#         159
  C:42B4H         LINE#         160
  C:42B4H         LINE#         161
  C:42B9H         LINE#         163
  C:42BBH         LINE#         164
  C:42C1H         LINE#         168
  C:42C6H         LINE#         169
  C:42C6H         LINE#         170
  C:42C8H         LINE#         171
  C:42CBH         LINE#         172
  C:42CFH         LINE#         173
BL51 BANKED LINKER/LOCATER V6.22                                                      03/20/2019  11:38:06  PAGE 47


  C:42CFH         LINE#         174
  C:42D1H         LINE#         175
  C:42D3H         LINE#         177
  C:42D3H         LINE#         178
  C:42D5H         LINE#         180
  C:42D5H         LINE#         181
  C:42D5H         LINE#         182
  C:42D5H         LINE#         183
  C:42D8H         LINE#         184
  C:42DCH         LINE#         187
  C:42FBH         LINE#         189
  C:4302H         LINE#         190
  C:4302H         LINE#         191
  C:4304H         LINE#         192
  C:4307H         LINE#         193
  C:4323H         LINE#         194
  C:4323H         LINE#         195
  C:4325H         LINE#         196
  C:4327H         LINE#         198
  C:4327H         LINE#         199
  C:4329H         LINE#         201
  C:4329H         LINE#         202
  C:4329H         LINE#         203
  C:4329H         LINE#         204
  C:432CH         LINE#         205
  C:4345H         LINE#         207
  C:4364H         LINE#         210
  C:436BH         LINE#         212
  C:436DH         LINE#         213
  C:4374H         LINE#         215
  C:437BH         LINE#         216
  C:437BH         LINE#         217
  C:4382H         LINE#         218
  C:4382H         LINE#         219
  C:4385H         LINE#         220
  C:4387H         LINE#         221
  C:438AH         LINE#         223
  C:438DH         LINE#         224
  C:438DH         LINE#         226
  C:4391H         LINE#         227
  C:4391H         LINE#         233
  C:43B0H         LINE#         236
  C:43B2H         LINE#         237
  C:43B5H         LINE#         238
  C:43BCH         LINE#         240
  C:43C1H         LINE#         242
  -------         ENDPROC       _AT25SF041_READ
  -------         PROC          UCREAD_STATUS_REGISTER_BYTE1
  -------         DO            
  D:0003H         SYMBOL        dat
  D:0001H         SYMBOL        opcode
  X:0474H         SYMBOL        count
  X:0475H         SYMBOL        i
  -------         ENDDO         
  C:4876H         LINE#         246
  C:4876H         LINE#         247
  C:4876H         LINE#         248
BL51 BANKED LINKER/LOCATER V6.22                                                      03/20/2019  11:38:06  PAGE 48


  C:487CH         LINE#         249
  C:4880H         LINE#         250
  C:4882H         LINE#         251
  C:4884H         LINE#         252
  C:488AH         LINE#         256
  C:4891H         LINE#         257
  C:4891H         LINE#         258
  C:4893H         LINE#         259
  C:4896H         LINE#         260
  C:489AH         LINE#         261
  C:489AH         LINE#         262
  C:489CH         LINE#         263
  C:489EH         LINE#         265
  C:489EH         LINE#         266
  C:48A0H         LINE#         268
  C:48A0H         LINE#         269
  C:48A0H         LINE#         270
  C:48A0H         LINE#         271
  C:48A3H         LINE#         272
  C:48A7H         LINE#         275
  C:48C6H         LINE#         279
  C:48CDH         LINE#         281
  C:48CFH         LINE#         282
  C:48D6H         LINE#         283
  C:48DDH         LINE#         284
  C:48DDH         LINE#         285
  C:48E1H         LINE#         286
  C:48E1H         LINE#         287
  C:48E4H         LINE#         288
  C:48E6H         LINE#         289
  C:48E9H         LINE#         291
  C:48ECH         LINE#         292
  C:48ECH         LINE#         294
  C:48F0H         LINE#         295
  C:48F0H         LINE#         297
  C:490FH         LINE#         301
  C:4911H         LINE#         302
  C:4914H         LINE#         303
  C:4916H         LINE#         304
  -------         ENDPROC       UCREAD_STATUS_REGISTER_BYTE1
  -------         PROC          SPI_NOR_WRITE_DATA
  X:03BBH         SYMBOL        dat
  X:03C6H         SYMBOL        addr
  C:3D1DH         LINE#         306
  C:3D1DH         LINE#         307
  C:3D1DH         LINE#         309
  C:3D20H         LINE#         311
  C:3D3AH         LINE#         312
  C:3D58H         LINE#         314
  C:3D5FH         LINE#         315
  C:3D62H         LINE#         317
  C:3D7CH         LINE#         318
  C:3D7CH         LINE#         319
  C:3D7CH         LINE#         322
  C:3D7FH         LINE#         324
  C:3D99H         LINE#         325
  C:3D99H         LINE#         326
BL51 BANKED LINKER/LOCATER V6.22                                                      03/20/2019  11:38:06  PAGE 49


  C:3D99H         LINE#         328
  C:3D9CH         LINE#         330
  C:3DB6H         LINE#         331
  C:3DB6H         LINE#         332
  C:3DB6H         LINE#         334
  C:3DB9H         LINE#         336
  C:3DD3H         LINE#         337
  C:3DD3H         LINE#         338
  C:3DD3H         LINE#         340
  C:3DD6H         LINE#         342
  C:3DF0H         LINE#         343
  C:3DF0H         LINE#         344
  C:3DF0H         LINE#         346
  C:3DF3H         LINE#         348
  C:3E0DH         LINE#         349
  C:3E0DH         LINE#         350
  C:3E0DH         LINE#         352
  C:3E10H         LINE#         354
  C:3E2AH         LINE#         355
  C:3E2AH         LINE#         356
  C:3E2AH         LINE#         358
  C:3E2DH         LINE#         360
  C:3E47H         LINE#         361
  C:3E47H         LINE#         362
  C:3E47H         LINE#         364
  C:3E4AH         LINE#         366
  C:3E64H         LINE#         367
  C:3E64H         LINE#         368
  C:3E64H         LINE#         370
  C:3E67H         LINE#         372
  C:3E81H         LINE#         373
  C:3E88H         LINE#         374
  -------         ENDPROC       SPI_NOR_WRITE_DATA
  -------         ENDMOD        AT25SF041

  -------         MODULE        ?C_STARTUP
  C:4A50H         SEGMENT       ?C_C51STARTUP
  I:0022H         SEGMENT       ?STACK
  C:0000H         PUBLIC        ?C_STARTUP
  D:00E0H         SYMBOL        ACC
  D:00F0H         SYMBOL        B
  D:0083H         SYMBOL        DPH
  D:0082H         SYMBOL        DPL
  N:0000H         SYMBOL        IBPSTACK
  N:0100H         SYMBOL        IBPSTACKTOP
  N:0080H         SYMBOL        IDATALEN
  C:4A53H         SYMBOL        IDATALOOP
  N:0000H         SYMBOL        PBPSTACK
  N:0100H         SYMBOL        PBPSTACKTOP
  N:0000H         SYMBOL        PDATALEN
  N:0000H         SYMBOL        PDATASTART
  N:0000H         SYMBOL        PPAGE
  N:0000H         SYMBOL        PPAGEENABLE
  D:00A0H         SYMBOL        PPAGE_SFR
  D:0081H         SYMBOL        SP
  C:4A50H         SYMBOL        STARTUP1
  N:0000H         SYMBOL        XBPSTACK
BL51 BANKED LINKER/LOCATER V6.22                                                      03/20/2019  11:38:06  PAGE 50


  N:0000H         SYMBOL        XBPSTACKTOP
  N:0000H         SYMBOL        XDATALEN
  N:0000H         SYMBOL        XDATASTART
  C:0000H         LINE#         126
  C:4A50H         LINE#         133
  C:4A52H         LINE#         134
  C:4A53H         LINE#         135
  C:4A54H         LINE#         136
  C:4A56H         LINE#         185
  C:4A59H         LINE#         196
  -------         ENDMOD        ?C_STARTUP

  -------         MODULE        ?C?FPADD
  C:1955H         PUBLIC        ?C?FPADD
  C:1951H         PUBLIC        ?C?FPSUB
  -------         ENDMOD        ?C?FPADD

  -------         MODULE        ?C?FPMUL
  C:1A46H         PUBLIC        ?C?FPMUL
  -------         ENDMOD        ?C?FPMUL

  -------         MODULE        ?C?FPDIV
  C:1B4FH         PUBLIC        ?C?FPDIV
  -------         ENDMOD        ?C?FPDIV

  -------         MODULE        ?C?FPCMP
  C:1BEEH         PUBLIC        ?C?FPCMP
  C:1BECH         PUBLIC        ?C?FPCMP3
  -------         ENDMOD        ?C?FPCMP

  -------         MODULE        ?C?FPNEG
  C:1C65H         PUBLIC        ?C?FPNEG
  -------         ENDMOD        ?C?FPNEG

  -------         MODULE        ?C?FCAST
  C:1C80H         PUBLIC        ?C?FCASTC
  C:1C7BH         PUBLIC        ?C?FCASTI
  C:1C76H         PUBLIC        ?C?FCASTL
  -------         ENDMOD        ?C?FCAST

  -------         MODULE        ?C?CASTF
  C:1CB4H         PUBLIC        ?C?CASTF
  -------         ENDMOD        ?C?CASTF

  -------         MODULE        ATAN2
  X:04DBH         PUBLIC        ?_atan2?BYTE
  C:4917H         PUBLIC        _atan2
  -------         ENDMOD        ATAN2

  -------         MODULE        SIN
  C:3EEEH         PUBLIC        _COS
  C:3F04H         PUBLIC        _SIN
  C:3F40H         PUBLIC        _TAN
  -------         ENDMOD        SIN

  -------         MODULE        ACOS
  C:4DB7H         PUBLIC        _ACOS
BL51 BANKED LINKER/LOCATER V6.22                                                      03/20/2019  11:38:06  PAGE 51


  -------         ENDMOD        ACOS

  -------         MODULE        ASIN
  C:4EC5H         PUBLIC        _ASIN
  -------         ENDMOD        ASIN

  -------         MODULE        SQRT
  C:47CEH         PUBLIC        _SQRT
  -------         ENDMOD        SQRT

  -------         MODULE        ATAN
  C:41B0H         PUBLIC        _ATAN
  -------         ENDMOD        ATAN

  -------         MODULE        ?C?COPY
  C:1E52H         PUBLIC        ?C?COPY
  -------         ENDMOD        ?C?COPY

  -------         MODULE        ?C?CLDPTR
  C:1E78H         PUBLIC        ?C?CLDPTR
  -------         ENDMOD        ?C?CLDPTR

  -------         MODULE        ?C?CLDOPTR
  C:1E91H         PUBLIC        ?C?CLDOPTR
  -------         ENDMOD        ?C?CLDOPTR

  -------         MODULE        ?C?CSTPTR
  C:1EBEH         PUBLIC        ?C?CSTPTR
  -------         ENDMOD        ?C?CSTPTR

  -------         MODULE        ?C?IMUL
  C:1ED0H         PUBLIC        ?C?IMUL
  -------         ENDMOD        ?C?IMUL

  -------         MODULE        ?C?UIDIV
  C:1EE2H         PUBLIC        ?C?UIDIV
  -------         ENDMOD        ?C?UIDIV

  -------         MODULE        ?C?SIDIV
  C:1F37H         PUBLIC        ?C?SIDIV
  -------         ENDMOD        ?C?SIDIV

  -------         MODULE        ?C?ILDIX
  C:1F6DH         PUBLIC        ?C?ILDIX
  -------         ENDMOD        ?C?ILDIX

  -------         MODULE        ?C?ILDOPTR
  C:1F83H         PUBLIC        ?C?ILDOPTR
  -------         ENDMOD        ?C?ILDOPTR

  -------         MODULE        ?C?ISTPTR
  C:1FBBH         PUBLIC        ?C?ISTPTR
  -------         ENDMOD        ?C?ISTPTR

  -------         MODULE        ?C?LMUL
  C:1FDAH         PUBLIC        ?C?LMUL
  -------         ENDMOD        ?C?LMUL
BL51 BANKED LINKER/LOCATER V6.22                                                      03/20/2019  11:38:06  PAGE 52



  -------         MODULE        ?C?SLDIV
  C:4E01H         PUBLIC        ?C?SLDIV
  -------         ENDMOD        ?C?SLDIV

  -------         MODULE        ?C?LNEG
  C:2029H         PUBLIC        ?C?LNEG
  -------         ENDMOD        ?C?LNEG

  -------         MODULE        ?C?ULCMP
  C:2037H         PUBLIC        ?C?ULCMP
  -------         ENDMOD        ?C?ULCMP

  -------         MODULE        ?C?LSHL
  C:2048H         PUBLIC        ?C?LSHL
  -------         ENDMOD        ?C?LSHL

  -------         MODULE        ?C?LLDPTR
  C:205BH         PUBLIC        ?C?LLDPTR
  -------         ENDMOD        ?C?LLDPTR

  -------         MODULE        ?C?LLDOPTR
  C:207BH         PUBLIC        ?C?LLDOPTR
  -------         ENDMOD        ?C?LLDOPTR

  -------         MODULE        ?C?LSTPTR
  C:20ABH         PUBLIC        ?C?LSTPTR
  -------         ENDMOD        ?C?LSTPTR

  -------         MODULE        ?C?LSTOPTR
  C:20C5H         PUBLIC        ?C?LSTOPTR
  -------         ENDMOD        ?C?LSTOPTR

  -------         MODULE        ?C?LLDXDATA
  C:20E9H         PUBLIC        ?C?LLDXDATA
  -------         ENDMOD        ?C?LLDXDATA

  -------         MODULE        ?C?LLDCODE
  C:20F5H         PUBLIC        ?C?LLDCODE
  -------         ENDMOD        ?C?LLDCODE

  -------         MODULE        ?C?LLDXDATA0
  C:2105H         PUBLIC        ?C?LLDXDATA0
  -------         ENDMOD        ?C?LLDXDATA0

  -------         MODULE        ?C?LLDCODE0
  C:2111H         PUBLIC        ?C?LLDCODE0
  -------         ENDMOD        ?C?LLDCODE0

  -------         MODULE        ?C?LLDPTR0
  C:2121H         PUBLIC        ?C?LLDPTR0
  -------         ENDMOD        ?C?LLDPTR0

  -------         MODULE        ?C?LSTXDATA
  C:2141H         PUBLIC        ?C?LSTXDATA
  -------         ENDMOD        ?C?LSTXDATA

BL51 BANKED LINKER/LOCATER V6.22                                                      03/20/2019  11:38:06  PAGE 53


  -------         MODULE        ?C?LSTKXDATA
  C:214DH         PUBLIC        ?C?LSTKXDATA
  -------         ENDMOD        ?C?LSTKXDATA

  -------         MODULE        ?C?LSTKPTR
  C:217EH         PUBLIC        ?C?LSTKPTR
  -------         ENDMOD        ?C?LSTKPTR

  -------         MODULE        ?C?OFFXADD
  C:2198H         PUBLIC        ?C?OFFXADD
  -------         ENDMOD        ?C?OFFXADD

  -------         MODULE        ATOI
  C:44C4H         PUBLIC        _atoi
  -------         ENDMOD        ATOI

  -------         MODULE        ?C?IILDX
  C:21A4H         PUBLIC        ?C?IILDX
  -------         ENDMOD        ?C?IILDX

  -------         MODULE        ?C?ULDIV
  C:21F6H         PUBLIC        ?C?ULDIV
  -------         ENDMOD        ?C?ULDIV

  -------         MODULE        ?C?LLDIDATA
  C:2288H         PUBLIC        ?C?LLDIDATA
  -------         ENDMOD        ?C?LLDIDATA

  -------         MODULE        ?C?LLDPDATA
  C:2294H         PUBLIC        ?C?LLDPDATA
  -------         ENDMOD        ?C?LLDPDATA

  -------         MODULE        ?C?LLDIDATA0
  C:22A0H         PUBLIC        ?C?LLDIDATA0
  -------         ENDMOD        ?C?LLDIDATA0

  -------         MODULE        ?C?LLDPDATA0
  C:22ADH         PUBLIC        ?C?LLDPDATA0
  -------         ENDMOD        ?C?LLDPDATA0

  -------         MODULE        ?C?LSTIDATA
  C:22BAH         PUBLIC        ?C?LSTIDATA
  -------         ENDMOD        ?C?LSTIDATA

  -------         MODULE        ?C?LSTPDATA
  C:22C6H         PUBLIC        ?C?LSTPDATA
  -------         ENDMOD        ?C?LSTPDATA

  -------         MODULE        ?C?LSTKIDATA
  C:22D2H         PUBLIC        ?C?LSTKIDATA
  -------         ENDMOD        ?C?LSTKIDATA

  -------         MODULE        ?C?LSTKPDATA
  C:22EBH         PUBLIC        ?C?LSTKPDATA
  -------         ENDMOD        ?C?LSTKPDATA

  -------         MODULE        ISDIGIT
BL51 BANKED LINKER/LOCATER V6.22                                                      03/20/2019  11:38:06  PAGE 54


  C:51D9H         PUBLIC        _isdigit
  -------         ENDMOD        ISDIGIT

  -------         MODULE        ISSPACE
  C:5174H         PUBLIC        _isspace
  -------         ENDMOD        ISSPACE

*** WARNING L16: UNCALLED SEGMENT, IGNORED FOR OVERLAY PROCESS
    SEGMENT: ?PR?_DAY_OF_YEAR?PCF85063BTL

*** WARNING L16: UNCALLED SEGMENT, IGNORED FOR OVERLAY PROCESS
    SEGMENT: ?PR?INITUART1?UART1

*** WARNING L16: UNCALLED SEGMENT, IGNORED FOR OVERLAY PROCESS
    SEGMENT: ?PR?_SENDSTRING?UART1

*** WARNING L16: UNCALLED SEGMENT, IGNORED FOR OVERLAY PROCESS
    SEGMENT: ?PR?_TEN?UART1

*** WARNING L16: UNCALLED SEGMENT, IGNORED FOR OVERLAY PROCESS
    SEGMENT: ?PR?_UNIT?UART1

*** WARNING L16: UNCALLED SEGMENT, IGNORED FOR OVERLAY PROCESS
    SEGMENT: ?PR?_DECTOBCD?UART1

*** WARNING L16: UNCALLED SEGMENT, IGNORED FOR OVERLAY PROCESS
    SEGMENT: ?PR?_ASCII_LETTER?UART1

*** WARNING L16: UNCALLED SEGMENT, IGNORED FOR OVERLAY PROCESS
    SEGMENT: ?PR?_ASCIITOBCD?UART1

*** WARNING L16: UNCALLED SEGMENT, IGNORED FOR OVERLAY PROCESS
    SEGMENT: ?PR?WAIT?BIPOLARMOTOR

*** WARNING L16: UNCALLED SEGMENT, IGNORED FOR OVERLAY PROCESS
    SEGMENT: ?PR?_FINDDET4X4?BIPOLARMOTOR

*** WARNING L16: UNCALLED SEGMENT, IGNORED FOR OVERLAY PROCESS
    SEGMENT: ?PR?NOP?IOEXPANDER_PI4IOE5V96248

*** WARNING L16: UNCALLED SEGMENT, IGNORED FOR OVERLAY PROCESS
    SEGMENT: ?PR?UC_ACK?IOEXPANDER_PI4IOE5V96248

*** WARNING L16: UNCALLED SEGMENT, IGNORED FOR OVERLAY PROCESS
    SEGMENT: ?PR?UC_NACK?IOEXPANDER_PI4IOE5V96248

*** WARNING L16: UNCALLED SEGMENT, IGNORED FOR OVERLAY PROCESS
    SEGMENT: ?PR?_AT25SF041_READ?AT25SF041

*** WARNING L1: UNRESOLVED EXTERNAL SYMBOL
    SYMBOL:  AUTO_MODE
    MODULE:  .\Obj\main.obj (MAIN)

*** WARNING L1: UNRESOLVED EXTERNAL SYMBOL
    SYMBOL:  SPI_NOR_CLEARENABLE
    MODULE:  .\Obj\main.obj (MAIN)

BL51 BANKED LINKER/LOCATER V6.22                                                      03/20/2019  11:38:06  PAGE 55


*** WARNING L2: REFERENCE MADE TO UNRESOLVED EXTERNAL
    SYMBOL:  AUTO_MODE
    MODULE:  .\Obj\main.obj (MAIN)
    ADDRESS: 003BH

*** WARNING L2: REFERENCE MADE TO UNRESOLVED EXTERNAL
    SYMBOL:  SPI_NOR_CLEARENABLE
    MODULE:  .\Obj\main.obj (MAIN)
    ADDRESS: 0041H

*** WARNING L2: REFERENCE MADE TO UNRESOLVED EXTERNAL
    SYMBOL:  AUTO_MODE
    MODULE:  .\Obj\main.obj (MAIN)
    ADDRESS: 01B4H

*** WARNING L2: REFERENCE MADE TO UNRESOLVED EXTERNAL
    SYMBOL:  AUTO_MODE
    MODULE:  .\Obj\main.obj (MAIN)
    ADDRESS: 01C2H

*** WARNING L2: REFERENCE MADE TO UNRESOLVED EXTERNAL
    SYMBOL:  AUTO_MODE
    MODULE:  .\Obj\main.obj (MAIN)
    ADDRESS: 01D4H

*** WARNING L2: REFERENCE MADE TO UNRESOLVED EXTERNAL
    SYMBOL:  AUTO_MODE
    MODULE:  .\Obj\main.obj (MAIN)
    ADDRESS: 0216H

*** WARNING L2: REFERENCE MADE TO UNRESOLVED EXTERNAL
    SYMBOL:  AUTO_MODE
    MODULE:  .\Obj\main.obj (MAIN)
    ADDRESS: 02E9H

*** WARNING L2: REFERENCE MADE TO UNRESOLVED EXTERNAL
    SYMBOL:  SPI_NOR_CLEARENABLE
    MODULE:  .\Obj\main.obj (MAIN)
    ADDRESS: 0DB9H

*** WARNING L2: REFERENCE MADE TO UNRESOLVED EXTERNAL
    SYMBOL:  SPI_NOR_CLEARENABLE
    MODULE:  .\Obj\main.obj (MAIN)
    ADDRESS: 0E22H

*** WARNING L1: UNRESOLVED EXTERNAL SYMBOL
    SYMBOL:  _SENDUART1
    MODULE:  .\Obj\UART1.obj (UART1)

*** WARNING L2: REFERENCE MADE TO UNRESOLVED EXTERNAL
    SYMBOL:  _SENDUART1
    MODULE:  .\Obj\UART1.obj (UART1)
    ADDRESS: 4F2EH

*** WARNING L1: UNRESOLVED EXTERNAL SYMBOL
    SYMBOL:  AUTO_MODE
    MODULE:  .\Obj\KeyPad.obj (KEYPAD)
BL51 BANKED LINKER/LOCATER V6.22                                                      03/20/2019  11:38:06  PAGE 56



*** WARNING L1: UNRESOLVED EXTERNAL SYMBOL
    SYMBOL:  SPI_NOR_CLEARENABLE
    MODULE:  .\Obj\KeyPad.obj (KEYPAD)

*** WARNING L2: REFERENCE MADE TO UNRESOLVED EXTERNAL
    SYMBOL:  AUTO_MODE
    MODULE:  .\Obj\KeyPad.obj (KEYPAD)
    ADDRESS: 32D4H

*** WARNING L2: REFERENCE MADE TO UNRESOLVED EXTERNAL
    SYMBOL:  AUTO_MODE
    MODULE:  .\Obj\KeyPad.obj (KEYPAD)
    ADDRESS: 32DFH

*** WARNING L2: REFERENCE MADE TO UNRESOLVED EXTERNAL
    SYMBOL:  AUTO_MODE
    MODULE:  .\Obj\KeyPad.obj (KEYPAD)
    ADDRESS: 32E6H

*** WARNING L2: REFERENCE MADE TO UNRESOLVED EXTERNAL
    SYMBOL:  SPI_NOR_CLEARENABLE
    MODULE:  .\Obj\KeyPad.obj (KEYPAD)
    ADDRESS: 34BAH

*** WARNING L2: REFERENCE MADE TO UNRESOLVED EXTERNAL
    SYMBOL:  SPI_NOR_CLEARENABLE
    MODULE:  .\Obj\KeyPad.obj (KEYPAD)
    ADDRESS: 34BFH

Program Size: data=10.2 xdata=1598 code=21031
LINK/LOCATE RUN COMPLETE.  34 WARNING(S),  0 ERROR(S)
