BL51 BANKED LINKER/LOCATER V6.22                                                        05/05/2019  11:43:10  PAGE 1


BL51 BANKED LINKER/LOCATER V6.22, INVOKED BY:
C:\KEIL_V5\C51\BIN\BL51.EXE .\Obj\main.obj, .\Obj\PCF85063BTL.obj, .\Obj\LCd_Driver_SPLC780D.obj, .\Obj\KeyPad.obj, .\Ob
>> j\BipolarMotor.obj, .\Obj\SunPos.obj, .\Obj\ADC.obj, .\Obj\Calibration.obj, .\Obj\IOExpander_PI4IOE5V96248.obj, .\Obj
>> \AT25SF041.obj, .\Obj\SI1120.obj, .\Obj\STARTUP.obj TO .\Obj\GPIO_RTC_Test PRINT (.\Lis\GPIO_RTC_Test.m51) RAMSIZE (2
>> 56)


MEMORY MODEL: LARGE WITH FLOATING POINT ARITHMETIC


INPUT MODULES INCLUDED:
  .\Obj\main.obj (MAIN)
  .\Obj\PCF85063BTL.obj (PCF85063BTL)
  .\Obj\LCd_Driver_SPLC780D.obj (LCD_DRIVER_SPLC780D)
  .\Obj\KeyPad.obj (KEYPAD)
  .\Obj\BipolarMotor.obj (BIPOLARMOTOR)
  .\Obj\SunPos.obj (SUNPOS)
  .\Obj\ADC.obj (ADC)
  .\Obj\Calibration.obj (CALIBRATION)
  .\Obj\IOExpander_PI4IOE5V96248.obj (IOEXPANDER_PI4IOE5V96248)
  .\Obj\AT25SF041.obj (AT25SF041)
  .\Obj\SI1120.obj (SI1120)
  .\Obj\STARTUP.obj (?C_STARTUP)
  C:\KEIL_V5\C51\LIB\C51FPL.LIB (?C?FPADD)
  C:\KEIL_V5\C51\LIB\C51FPL.LIB (?C?FPMUL)
  C:\KEIL_V5\C51\LIB\C51FPL.LIB (?C?FPDIV)
  C:\KEIL_V5\C51\LIB\C51FPL.LIB (?C?FPCMP)
  C:\KEIL_V5\C51\LIB\C51FPL.LIB (?C?FPNEG)
  C:\KEIL_V5\C51\LIB\C51FPL.LIB (?C?FCAST)
  C:\KEIL_V5\C51\LIB\C51FPL.LIB (?C?CASTF)
  C:\KEIL_V5\C51\LIB\C51FPL.LIB (ATAN2)
  C:\KEIL_V5\C51\LIB\C51FPL.LIB (SIN)
  C:\KEIL_V5\C51\LIB\C51FPL.LIB (ACOS)
  C:\KEIL_V5\C51\LIB\C51FPL.LIB (ASIN)
  C:\KEIL_V5\C51\LIB\C51FPL.LIB (POW)
  C:\KEIL_V5\C51\LIB\C51FPL.LIB (?C?FPGETOPN)
  C:\KEIL_V5\C51\LIB\C51FPL.LIB (?C?CHKFLOAT)
  C:\KEIL_V5\C51\LIB\C51FPL.LIB (?C?FPSERIES)
  C:\KEIL_V5\C51\LIB\C51FPL.LIB (EXP)
  C:\KEIL_V5\C51\LIB\C51FPL.LIB (LOG)
  C:\KEIL_V5\C51\LIB\C51FPL.LIB (SQRT)
  C:\KEIL_V5\C51\LIB\C51FPL.LIB (ATAN)
  C:\KEIL_V5\C51\LIB\C51L.LIB (?C_INIT)
  C:\KEIL_V5\C51\LIB\C51L.LIB (?C?COPY)
  C:\KEIL_V5\C51\LIB\C51L.LIB (?C?CLDPTR)
  C:\KEIL_V5\C51\LIB\C51L.LIB (?C?CLDOPTR)
  C:\KEIL_V5\C51\LIB\C51L.LIB (?C?CSTPTR)
  C:\KEIL_V5\C51\LIB\C51L.LIB (?C?IMUL)
  C:\KEIL_V5\C51\LIB\C51L.LIB (?C?UIDIV)
  C:\KEIL_V5\C51\LIB\C51L.LIB (?C?SIDIV)
  C:\KEIL_V5\C51\LIB\C51L.LIB (?C?ILDOPTR)
  C:\KEIL_V5\C51\LIB\C51L.LIB (?C?ISTPTR)
  C:\KEIL_V5\C51\LIB\C51L.LIB (?C?LMUL)
  C:\KEIL_V5\C51\LIB\C51L.LIB (?C?SLDIV)
  C:\KEIL_V5\C51\LIB\C51L.LIB (?C?LNEG)
  C:\KEIL_V5\C51\LIB\C51L.LIB (?C?ULCMP)
  C:\KEIL_V5\C51\LIB\C51L.LIB (?C?LSHL)
  C:\KEIL_V5\C51\LIB\C51L.LIB (?C?LLDPTR)
BL51 BANKED LINKER/LOCATER V6.22                                                      05/05/2019  11:43:10  PAGE 2


  C:\KEIL_V5\C51\LIB\C51L.LIB (?C?LLDOPTR)
  C:\KEIL_V5\C51\LIB\C51L.LIB (?C?LSTPTR)
  C:\KEIL_V5\C51\LIB\C51L.LIB (?C?LSTOPTR)
  C:\KEIL_V5\C51\LIB\C51L.LIB (?C?LLDXDATA)
  C:\KEIL_V5\C51\LIB\C51L.LIB (?C?LLDCODE)
  C:\KEIL_V5\C51\LIB\C51L.LIB (?C?LLDXDATA0)
  C:\KEIL_V5\C51\LIB\C51L.LIB (?C?LLDCODE0)
  C:\KEIL_V5\C51\LIB\C51L.LIB (?C?LLDPTR0)
  C:\KEIL_V5\C51\LIB\C51L.LIB (?C?LSTXDATA)
  C:\KEIL_V5\C51\LIB\C51L.LIB (?C?LSTKXDATA)
  C:\KEIL_V5\C51\LIB\C51L.LIB (?C?LSTKPTR)
  C:\KEIL_V5\C51\LIB\C51L.LIB (?C?OFFXADD)
  C:\KEIL_V5\C51\LIB\C51L.LIB (?C?ULDIV)
  C:\KEIL_V5\C51\LIB\C51L.LIB (?C?LLDIDATA)
  C:\KEIL_V5\C51\LIB\C51L.LIB (?C?LLDPDATA)
  C:\KEIL_V5\C51\LIB\C51L.LIB (?C?LLDIDATA0)
  C:\KEIL_V5\C51\LIB\C51L.LIB (?C?LLDPDATA0)
  C:\KEIL_V5\C51\LIB\C51L.LIB (?C?LSTIDATA)
  C:\KEIL_V5\C51\LIB\C51L.LIB (?C?LSTPDATA)
  C:\KEIL_V5\C51\LIB\C51L.LIB (?C?LSTKIDATA)
  C:\KEIL_V5\C51\LIB\C51L.LIB (?C?LSTKPDATA)


LINK MAP OF MODULE:  .\Obj\GPIO_RTC_Test (MAIN)


            TYPE    BASE      LENGTH    RELOCATION   SEGMENT NAME
            -----------------------------------------------------

            * * * * * * *   D A T A   M E M O R Y   * * * * * * *
            REG     0000H     0008H     ABSOLUTE     "REG BANK 0"
                    0008H     0018H                  *** GAP ***
            BIT     0020H.0   0000H.4   UNIT         _BIT_GROUP_
            BIT     0020H.4   0000H.1   UNIT         ?BI?MAIN
                    0020H.5   0000H.3                *** GAP ***
            IDATA   0021H     0001H     UNIT         ?STACK

            * * * * * * *  X D A T A   M E M O R Y  * * * * * * *
            XDATA   0000H     03BCH     UNIT         ?XD?BIPOLARMOTOR
            XDATA   03BCH     0123H     UNIT         _XDATA_GROUP_
            XDATA   04DFH     00F9H     UNIT         ?XD?MAIN
            XDATA   05D8H     0019H     UNIT         ?XD?KEYPAD
            XDATA   05F1H     0008H     UNIT         ?XD?_AT25SF041_READ?AT25SF041
            XDATA   05F9H     0001H     UNIT         ?XD?UC_ACK?IOEXPANDER_PI4IOE5V96248
            XDATA   05FAH     0001H     UNIT         ?XD?UC_NACK?IOEXPANDER_PI4IOE5V96248

            * * * * * * *   C O D E   M E M O R Y   * * * * * * *
            CODE    0000H     0003H     ABSOLUTE     
            CODE    0003H     0003H     ABSOLUTE     
            CODE    0006H     0001H     UNIT         ?PR?WAIT?BIPOLARMOTOR
            CODE    0007H     0001H     UNIT         ?PR?NOP?IOEXPANDER_PI4IOE5V96248
                    0008H     0003H                  *** GAP ***
            CODE    000BH     0003H     ABSOLUTE     
            CODE    000EH     000DH     UNIT         ?PR?SPI_INIT?PCF85063BTL
            CODE    001BH     0003H     ABSOLUTE     
            CODE    001EH     0BA9H     UNIT         ?PR?MAIN?MAIN
            CODE    0BC7H     09A4H     UNIT         ?C?LIB_CODE
BL51 BANKED LINKER/LOCATER V6.22                                                      05/05/2019  11:43:10  PAGE 3


            CODE    156BH     07A2H     UNIT         ?PR?SUNPOS?SUNPOS
            CODE    1D0DH     0646H     UNIT         ?PR?_UPDATE_POSITION?BIPOLARMOTOR
            CODE    2353H     04FBH     UNIT         ?PR?_THEORICALJP_POSITION?BIPOLARMOTOR
            CODE    284EH     0451H     UNIT         ?PR?_FIND_REAL_MAX?CALIBRATION
            CODE    2C9FH     0400H     UNIT         ?C_INITSEG
            CODE    309FH     038CH     UNIT         ?PR?KEY_PROCESS?KEYPAD
            CODE    342BH     0380H     UNIT         ?PR?_ELEVATION_CALCULATION?BIPOLARMOTOR
            CODE    37ABH     01B3H     UNIT         ?PR?_CALIBRATION?CALIBRATION
            CODE    395EH     018DH     UNIT         ?PR?KEY_SCAN?KEYPAD
            CODE    3AEBH     0189H     UNIT         ?PR?SPI_NOR_WRITE_DATA?AT25SF041
            CODE    3C74H     0188H     UNIT         ?PR?SIN?SIN
            CODE    3DFCH     0166H     UNIT         ?PR?_POW?POW
            CODE    3F62H     0155H     UNIT         ?PR?_DISPLAY_POS?LCD_DRIVER_SPLC780D
            CODE    40B7H     0129H     UNIT         ?PR?LOG?LOG
            CODE    41E0H     0122H     UNIT         ?PR?ATAN?ATAN
            CODE    4302H     0110H     UNIT         ?PR?_AT25SF041_READ?AT25SF041
            CODE    4412H     0102H     UNIT         ?PR?_AT25SF041_WRITE?AT25SF041
            CODE    4514H     00F5H     UNIT         ?PR?EXINT0?MAIN
            CODE    4609H     00C3H     UNIT         ?PR?LINEAR_INTERPOLATE?BIPOLARMOTOR
            CODE    46CCH     00BBH     UNIT         ?PR?VOLTAGE_IS_STABLE?CALIBRATION
            CODE    4787H     00ADH     UNIT         ?PR?_WRITE_PI4IOE5V96248?IOEXPANDER_PI4IOE5V96248
            CODE    4834H     00ACH     UNIT         ?PR?SQRT?SQRT
            CODE    48E0H     00A1H     UNIT         ?PR?UCREAD_STATUS_REGISTER_BYTE1?AT25SF041
            CODE    4981H     009DH     UNIT         ?PR?_ATAN2?ATAN2
            CODE    4A1EH     009CH     UNIT         ?PR?_MAX_VALUE?CALIBRATION
            CODE    4ABAH     009AH     UNIT         ?PR?EXP?EXP
            CODE    4B54H     008CH     UNIT         ?C_C51STARTUP
            CODE    4BE0H     0088H     UNIT         ?PR?_DAY_OF_YEAR?PCF85063BTL
            CODE    4C68H     0079H     UNIT         ?PR?_WRITEDATA?LCD_DRIVER_SPLC780D
            CODE    4CE1H     0072H     UNIT         ?PR?AT25SF041_WRITEENABLE?AT25SF041
            CODE    4D53H     006FH     UNIT         ?PR?_READ_TIME?PCF85063BTL
            CODE    4DC2H     005AH     UNIT         ?PR?AT25SF041_CHIPERASE?AT25SF041
            CODE    4E1CH     0059H     UNIT         ?PR?LCD_INIT?LCD_DRIVER_SPLC780D
            CODE    4E75H     004AH     UNIT         ?PR?VONESTEPMOVE?BIPOLARMOTOR
            CODE    4EBFH     004AH     UNIT         ?PR?ACOS?ACOS
            CODE    4F09H     0044H     UNIT         ?C?LDIV
            CODE    4F4DH     0040H     UNIT         ?PR?_COMMAND?LCD_DRIVER_SPLC780D
            CODE    4F8DH     0040H     UNIT         ?PR?_STEP_MOVE?BIPOLARMOTOR
            CODE    4FCDH     003BH     UNIT         ?PR?ASIN?ASIN
            CODE    5008H     0031H     UNIT         ?PR?SI1120_CONFIG_MODE_VIRH?SI1120
            CODE    5039H     002CH     UNIT         ?PR?_ADC_GETRESULT?ADC
            CODE    5065H     002BH     UNIT         ?PR?_WAIT_MS_I2C?IOEXPANDER_PI4IOE5V96248
            CODE    5090H     002BH     UNIT         ?PR?_WAIT_MS_SPINOR?AT25SF041
            CODE    50BBH     0028H     UNIT         ?PR?_MOVE?BIPOLARMOTOR
            CODE    50E3H     0027H     UNIT         ?PR?_I2C_SENDBYTE?IOEXPANDER_PI4IOE5V96248
            CODE    510AH     0025H     UNIT         ?PR?_FINDCLOSESTSAMEDAYCALIBTIME?CALIBRATION
            CODE    512FH     0024H     UNIT         ?PR?_WAIT_MS?LCD_DRIVER_SPLC780D
            CODE    5153H     0021H     UNIT         ?PR?TM0_ISR?MAIN
            CODE    5174H     0020H     UNIT         ?PR?_SPI_SENDBYTE?PCF85063BTL
            CODE    5194H     0020H     UNIT         ?PR?SPI_RECEIVEBYTE?PCF85063BTL
            CODE    51B4H     001FH     UNIT         ?PR?ADC_INIT?ADC
            CODE    51D3H     001EH     UNIT         ?PR?_DELAY_MS?KEYPAD
            CODE    51F1H     001DH     UNIT         ?PR?_DISPLAYLCD?LCD_DRIVER_SPLC780D
            CODE    520EH     001BH     UNIT         ?PR?_BCDTODEC1?BIPOLARMOTOR
            CODE    5229H     0018H     UNIT         ?PR?_SPI_WRITETIME?PCF85063BTL
            CODE    5241H     0016H     UNIT         ?PR?I2C_ACK?IOEXPANDER_PI4IOE5V96248
            CODE    5257H     0015H     UNIT         ?PR?_DISPLAY_LINE?LCD_DRIVER_SPLC780D
BL51 BANKED LINKER/LOCATER V6.22                                                      05/05/2019  11:43:10  PAGE 4


            CODE    526CH     0015H     UNIT         ?PR?VSETLOCATION?BIPOLARMOTOR
            CODE    5281H     0015H     UNIT         ?PR?I2C_STOP?IOEXPANDER_PI4IOE5V96248
            CODE    5296H     0014H     UNIT         ?PR?_PCF85063BTL_DELAY?PCF85063BTL
            CODE    52AAH     0014H     UNIT         ?PR?_ABS?LCD_DRIVER_SPLC780D
            CODE    52BEH     0011H     UNIT         ?PR?_SPI_READTIME?PCF85063BTL
            CODE    52CFH     0011H     UNIT         ?PR?_BCDTODEC?PCF85063BTL
            CODE    52E0H     000FH     UNIT         ?PR?I2C_START?IOEXPANDER_PI4IOE5V96248
            CODE    52EFH     000FH     UNIT         ?PR?UC_NACK?IOEXPANDER_PI4IOE5V96248
            CODE    52FEH     000DH     UNIT         ?PR?ENABLE_EXTINT0?SI1120
            CODE    530BH     000CH     UNIT         ?PR?KEYPAD_IO_INIT?KEYPAD
            CODE    5317H     000AH     UNIT         ?PR?LCD_RETURN_HOME?LCD_DRIVER_SPLC780D
            CODE    5321H     000AH     UNIT         ?PR?LCD_CLEAR?LCD_DRIVER_SPLC780D
            CODE    532BH     0009H     UNIT         ?PR?TM1_ISR?MAIN
            CODE    5334H     0006H     UNIT         ?PR?UC_ACK?IOEXPANDER_PI4IOE5V96248



OVERLAY MAP OF MODULE:   .\Obj\GPIO_RTC_Test (MAIN)


SEGMENT                                             BIT_GROUP          XDATA_GROUP
  +--> CALLED SEGMENT                            START    LENGTH     START    LENGTH
------------------------------------------------------------------------------------
?PR?EXINT0?MAIN                                  -----    -----      -----    -----
  +--> ?PR?_POW?POW

?PR?_POW?POW                                     -----    -----      03BCH    000AH
  +--> ?PR?LOG?LOG
  +--> ?PR?EXP?EXP

?PR?LOG?LOG                                      0020H.0  0000H.1    03C6H    0004H

*** NEW ROOT ***************************************************

?C_C51STARTUP                                    -----    -----      -----    -----
  +--> ?PR?MAIN?MAIN
  +--> ?C_INITSEG

?PR?MAIN?MAIN                                    -----    -----      03CAH    002AH
  +--> ?PR?LCD_INIT?LCD_DRIVER_SPLC780D
  +--> ?PR?SPI_INIT?PCF85063BTL
  +--> ?PR?KEYPAD_IO_INIT?KEYPAD
  +--> ?PR?ADC_INIT?ADC
  +--> ?PR?SI1120_CONFIG_MODE_VIRH?SI1120
  +--> ?PR?ENABLE_EXTINT0?SI1120
  +--> ?PR?VSETLOCATION?BIPOLARMOTOR
  +--> ?PR?_SPI_WRITETIME?PCF85063BTL
  +--> ?PR?_DELAY_MS?KEYPAD
  +--> ?PR?_DISPLAY_LINE?LCD_DRIVER_SPLC780D
  +--> ?PR?_WRITEDATA?LCD_DRIVER_SPLC780D
  +--> ?PR?KEY_PROCESS?KEYPAD
  +--> ?PR?_COMMAND?LCD_DRIVER_SPLC780D
  +--> ?PR?_DISPLAY_POS?LCD_DRIVER_SPLC780D
  +--> ?PR?_DISPLAYLCD?LCD_DRIVER_SPLC780D
  +--> ?PR?_STEP_MOVE?BIPOLARMOTOR
  +--> ?PR?LCD_RETURN_HOME?LCD_DRIVER_SPLC780D
  +--> ?PR?_READ_TIME?PCF85063BTL
BL51 BANKED LINKER/LOCATER V6.22                                                      05/05/2019  11:43:10  PAGE 5


  +--> ?PR?_BCDTODEC1?BIPOLARMOTOR
  +--> ?PR?_ELEVATION_CALCULATION?BIPOLARMOTOR
  +--> ?PR?SIN?SIN
  +--> ?PR?_CALIBRATION?CALIBRATION
  +--> ?PR?AT25SF041_WRITEENABLE?AT25SF041
  +--> ?PR?_AT25SF041_WRITE?AT25SF041
  +--> ?PR?_WAIT_MS_SPINOR?AT25SF041
  +--> ?PR?_UPDATE_POSITION?BIPOLARMOTOR
  +--> ?PR?_ADC_GETRESULT?ADC
  +--> ?PR?SPI_NOR_WRITE_DATA?AT25SF041
  +--> ?PR?LINEAR_INTERPOLATE?BIPOLARMOTOR
  +--> ?PR?_FINDCLOSESTSAMEDAYCALIBTIME?CALI...
  +--> ?PR?LCD_CLEAR?LCD_DRIVER_SPLC780D
  +--> ?PR?AT25SF041_CHIPERASE?AT25SF041

?PR?LCD_INIT?LCD_DRIVER_SPLC780D                 -----    -----      -----    -----
  +--> ?PR?_WAIT_MS?LCD_DRIVER_SPLC780D
  +--> ?PR?_COMMAND?LCD_DRIVER_SPLC780D

?PR?_COMMAND?LCD_DRIVER_SPLC780D                 -----    -----      -----    -----
  +--> ?PR?_WAIT_MS?LCD_DRIVER_SPLC780D

?PR?ADC_INIT?ADC                                 -----    -----      -----    -----
  +--> ?PR?_WAIT_MS?LCD_DRIVER_SPLC780D

?PR?SI1120_CONFIG_MODE_VIRH?SI1120               -----    -----      -----    -----
  +--> ?PR?_WAIT_MS?LCD_DRIVER_SPLC780D

?PR?_SPI_WRITETIME?PCF85063BTL                   -----    -----      -----    -----
  +--> ?PR?_SPI_SENDBYTE?PCF85063BTL

?PR?_SPI_SENDBYTE?PCF85063BTL                    -----    -----      -----    -----
  +--> ?PR?_PCF85063BTL_DELAY?PCF85063BTL

?PR?_DISPLAY_LINE?LCD_DRIVER_SPLC780D            -----    -----      -----    -----
  +--> ?PR?_COMMAND?LCD_DRIVER_SPLC780D

?PR?_WRITEDATA?LCD_DRIVER_SPLC780D               -----    -----      04DEH    0001H
  +--> ?PR?_WAIT_MS?LCD_DRIVER_SPLC780D

?PR?KEY_PROCESS?KEYPAD                           -----    -----      03F4H    0006H
  +--> ?PR?KEY_SCAN?KEYPAD
  +--> ?PR?_SPI_WRITETIME?PCF85063BTL
  +--> ?PR?LCD_CLEAR?LCD_DRIVER_SPLC780D
  +--> ?PR?_COMMAND?LCD_DRIVER_SPLC780D
  +--> ?PR?_WRITEDATA?LCD_DRIVER_SPLC780D

?PR?KEY_SCAN?KEYPAD                              -----    -----      03FAH    0003H

?PR?LCD_CLEAR?LCD_DRIVER_SPLC780D                -----    -----      -----    -----
  +--> ?PR?_COMMAND?LCD_DRIVER_SPLC780D

?PR?_DISPLAY_POS?LCD_DRIVER_SPLC780D             -----    -----      04D3H    000BH
  +--> ?PR?_ABS?LCD_DRIVER_SPLC780D
  +--> ?PR?_WRITEDATA?LCD_DRIVER_SPLC780D

?PR?_DISPLAYLCD?LCD_DRIVER_SPLC780D              -----    -----      03F4H    0001H
BL51 BANKED LINKER/LOCATER V6.22                                                      05/05/2019  11:43:10  PAGE 6


  +--> ?PR?_WRITEDATA?LCD_DRIVER_SPLC780D

?PR?_STEP_MOVE?BIPOLARMOTOR                      0020H.2  0000H.1    04D7H    0004H
  +--> ?PR?VONESTEPMOVE?BIPOLARMOTOR

?PR?VONESTEPMOVE?BIPOLARMOTOR                    0020H.3  0000H.1    -----    -----
  +--> ?PR?_WRITE_PI4IOE5V96248?IOEXPANDER_P...
  +--> ?PR?_DELAY_MS?KEYPAD

?PR?_WRITE_PI4IOE5V96248?IOEXPANDER_P...         -----    -----      04DBH    0003H
  +--> ?PR?I2C_START?IOEXPANDER_PI4IOE5V96248
  +--> ?PR?_WAIT_MS_I2C?IOEXPANDER_PI4IOE5V9...
  +--> ?PR?_I2C_SENDBYTE?IOEXPANDER_PI4IOE5V...
  +--> ?PR?I2C_ACK?IOEXPANDER_PI4IOE5V96248
  +--> ?PR?I2C_STOP?IOEXPANDER_PI4IOE5V96248

?PR?I2C_START?IOEXPANDER_PI4IOE5V96248           -----    -----      -----    -----
  +--> ?PR?_WAIT_MS_I2C?IOEXPANDER_PI4IOE5V9...

?PR?_I2C_SENDBYTE?IOEXPANDER_PI4IOE5V...         -----    -----      -----    -----
  +--> ?PR?_WAIT_MS_I2C?IOEXPANDER_PI4IOE5V9...

?PR?I2C_ACK?IOEXPANDER_PI4IOE5V96248             -----    -----      04DEH    0001H
  +--> ?PR?_WAIT_MS_I2C?IOEXPANDER_PI4IOE5V9...

?PR?I2C_STOP?IOEXPANDER_PI4IOE5V96248            -----    -----      -----    -----
  +--> ?PR?_WAIT_MS_I2C?IOEXPANDER_PI4IOE5V9...

?PR?LCD_RETURN_HOME?LCD_DRIVER_SPLC780D          -----    -----      -----    -----
  +--> ?PR?_COMMAND?LCD_DRIVER_SPLC780D

?PR?_READ_TIME?PCF85063BTL                       -----    -----      03F4H    000FH
  +--> ?PR?_SPI_READTIME?PCF85063BTL

?PR?_SPI_READTIME?PCF85063BTL                    -----    -----      -----    -----
  +--> ?PR?_SPI_SENDBYTE?PCF85063BTL
  +--> ?PR?SPI_RECEIVEBYTE?PCF85063BTL

?PR?SPI_RECEIVEBYTE?PCF85063BTL                  -----    -----      -----    -----
  +--> ?PR?_PCF85063BTL_DELAY?PCF85063BTL

?PR?_ELEVATION_CALCULATION?BIPOLARMOTOR          -----    -----      03F4H    0005H
  +--> ?PR?_BCDTODEC1?BIPOLARMOTOR
  +--> ?PR?SUNPOS?SUNPOS
  +--> ?PR?SIN?SIN
  +--> ?PR?ASIN?ASIN

?PR?SUNPOS?SUNPOS                                -----    -----      0446H    005DH
  +--> ?PR?SIN?SIN
  +--> ?PR?_ATAN2?ATAN2
  +--> ?PR?ASIN?ASIN
  +--> ?PR?ACOS?ACOS

?PR?SIN?SIN                                      0020H.1  0000H.1    04A3H    0004H

?PR?_ATAN2?ATAN2                                 -----    -----      04A3H    0008H
  +--> ?PR?ATAN?ATAN
BL51 BANKED LINKER/LOCATER V6.22                                                      05/05/2019  11:43:10  PAGE 7



?PR?ATAN?ATAN                                    0020H.1  0000H.2    04ABH    0004H

?PR?ASIN?ASIN                                    -----    -----      -----    -----
  +--> ?PR?SQRT?SQRT
  +--> ?PR?ATAN?ATAN

?PR?SQRT?SQRT                                    -----    -----      04A3H    0004H

?PR?ACOS?ACOS                                    -----    -----      -----    -----
  +--> ?PR?SQRT?SQRT
  +--> ?PR?ATAN?ATAN

?PR?_CALIBRATION?CALIBRATION                     -----    -----      03F4H    0024H
  +--> ?PR?VOLTAGE_IS_STABLE?CALIBRATION
  +--> ?PR?_UPDATE_POSITION?BIPOLARMOTOR
  +--> ?PR?_FIND_REAL_MAX?CALIBRATION

?PR?VOLTAGE_IS_STABLE?CALIBRATION                -----    -----      0418H    0018H
  +--> ?PR?_ADC_GETRESULT?ADC
  +--> ?PR?_ABS?LCD_DRIVER_SPLC780D

?PR?_UPDATE_POSITION?BIPOLARMOTOR                -----    -----      0418H    002EH
  +--> ?PR?_BCDTODEC1?BIPOLARMOTOR
  +--> ?PR?SUNPOS?SUNPOS
  +--> ?PR?SIN?SIN
  +--> ?PR?ASIN?ASIN
  +--> ?PR?_THEORICALJP_POSITION?BIPOLARMOTOR
  +--> ?PR?_ABS?LCD_DRIVER_SPLC780D
  +--> ?PR?_MOVE?BIPOLARMOTOR

?PR?_THEORICALJP_POSITION?BIPOLARMOTOR           -----    -----      0446H    005CH
  +--> ?PR?LINEAR_INTERPOLATE?BIPOLARMOTOR

?PR?LINEAR_INTERPOLATE?BIPOLARMOTOR              -----    -----      04A2H    0014H

?PR?_MOVE?BIPOLARMOTOR                           0020H.1  0000H.1    04D3H    0004H
  +--> ?PR?_STEP_MOVE?BIPOLARMOTOR

?PR?_FIND_REAL_MAX?CALIBRATION                   -----    -----      0418H    00BBH
  +--> ?PR?_ADC_GETRESULT?ADC
  +--> ?PR?_WAIT_MS?LCD_DRIVER_SPLC780D
  +--> ?PR?AT25SF041_WRITEENABLE?AT25SF041
  +--> ?PR?_AT25SF041_WRITE?AT25SF041
  +--> ?PR?_WAIT_MS_SPINOR?AT25SF041
  +--> ?PR?_COMMAND?LCD_DRIVER_SPLC780D
  +--> ?PR?_WRITEDATA?LCD_DRIVER_SPLC780D
  +--> ?PR?_DISPLAY_POS?LCD_DRIVER_SPLC780D
  +--> ?PR?_MOVE?BIPOLARMOTOR
  +--> ?PR?_MAX_VALUE?CALIBRATION

?PR?AT25SF041_WRITEENABLE?AT25SF041              -----    -----      04D3H    0002H
  +--> ?PR?_WAIT_MS_SPINOR?AT25SF041
  +--> ?PR?UCREAD_STATUS_REGISTER_BYTE1?AT25...

?PR?UCREAD_STATUS_REGISTER_BYTE1?AT25...         -----    -----      04DBH    0003H
  +--> ?PR?_WAIT_MS_SPINOR?AT25SF041
BL51 BANKED LINKER/LOCATER V6.22                                                      05/05/2019  11:43:10  PAGE 8



?PR?_AT25SF041_WRITE?AT25SF041                   -----    -----      04D3H    0008H
  +--> ?PR?_WAIT_MS_SPINOR?AT25SF041
  +--> ?PR?UCREAD_STATUS_REGISTER_BYTE1?AT25...

?PR?_MAX_VALUE?CALIBRATION                       -----    -----      04D3H    0004H

?PR?SPI_NOR_WRITE_DATA?AT25SF041                 -----    -----      03F4H    000EH
  +--> ?PR?AT25SF041_WRITEENABLE?AT25SF041
  +--> ?PR?_AT25SF041_WRITE?AT25SF041
  +--> ?PR?_WAIT_MS_SPINOR?AT25SF041

?PR?AT25SF041_CHIPERASE?AT25SF041                -----    -----      03F4H    0002H
  +--> ?PR?_WAIT_MS_SPINOR?AT25SF041
  +--> ?PR?UCREAD_STATUS_REGISTER_BYTE1?AT25...



SYMBOL TABLE OF MODULE:  .\Obj\GPIO_RTC_Test (MAIN)

  VALUE           TYPE          NAME
  ----------------------------------

  -------         MODULE        MAIN
  C:0000H         SYMBOL        _ICE_DUMMY_
  X:04E7H         PUBLIC        calib_value
  D:0080H         PUBLIC        P0
  D:00B2H         PUBLIC        P3M0
  D:0090H         PUBLIC        P1
  D:00B1H         PUBLIC        P3M1
  D:00A0H         PUBLIC        P2
  D:00B0H         PUBLIC        P3
  D:00C0H         PUBLIC        P4
  D:00C8H         PUBLIC        P5
  X:053BH         SYMBOL        PressedKey
  B:00A8H.7       PUBLIC        EA
  D:00E8H         PUBLIC        P6
  X:053FH         PUBLIC        calib_stamp
  D:00F8H         PUBLIC        P7
  X:0540H         PUBLIC        calib_bool
  D:00A8H         PUBLIC        IE
  X:056AH         PUBLIC        calib_time
  D:00B8H         PUBLIC        IP
  B:00B0H.2       PUBLIC        INT0
  X:05BEH         PUBLIC        months
  D:00D8H         PUBLIC        CCON
  C:001EH         PUBLIC        main
  X:05BFH         PUBLIC        count
  X:05C1H         PUBLIC        days
  X:05C2H         PUBLIC        hours
  D:0098H         PUBLIC        SCON
  D:0089H         PUBLIC        TMOD
  D:0088H         PUBLIC        TCON
  B:00A0H.3       PUBLIC        P23
  X:05C3H         SYMBOL        KeyCount
  X:05C5H         PUBLIC        mins
  B:00C8H.5       PUBLIC        P55
BL51 BANKED LINKER/LOCATER V6.22                                                      05/05/2019  11:43:10  PAGE 9


  D:008EH         PUBLIC        AUXR
  C:5153H         PUBLIC        tm0_isr
  B:0090H.5       PUBLIC        SI1120_STX
  C:532BH         PUBLIC        tm1_isr
  B:0020H.4       PUBLIC        busy
  B:00A8H.1       PUBLIC        ET0
  B:00A8H.3       PUBLIC        ET1
  X:05C6H         PUBLIC        SPI_NOR_INTERNAL_FLASH_ADDR
  D:008CH         PUBLIC        TH0
  D:008DH         PUBLIC        TH1
  D:008AH         PUBLIC        TL0
  D:008BH         PUBLIC        TL1
  B:0088H.4       PUBLIC        TR0
  B:0088H.6       PUBLIC        TR1
  C:4514H         PUBLIC        exint0
  X:05CAH         SYMBOL        KeyNum
  X:05CBH         SYMBOL        KeyNum_Old
  X:05CCH         PUBLIC        timer0_count
  X:05CEH         PUBLIC        current_position
  X:05D2H         PUBLIC        pwm_time
  X:05D6H         PUBLIC        start_timer0_count
  X:05D7H         PUBLIC        seconds
  D:00D0H         PUBLIC        PSW
  -------         PROC          TM0_ISR
  C:5153H         LINE#         93
  C:5159H         LINE#         97
  C:515CH         LINE#         98
  C:515FH         LINE#         99
  C:516DH         LINE#         100
  -------         ENDPROC       TM0_ISR
  -------         PROC          TM1_ISR
  C:532BH         LINE#         101
  C:532BH         LINE#         103
  C:532DH         LINE#         105
  C:5330H         LINE#         106
  C:5333H         LINE#         107
  -------         ENDPROC       TM1_ISR
  -------         PROC          EXINT0
  C:4514H         LINE#         108
  C:4531H         LINE#         112
  C:4534H         LINE#         113
  C:4534H         LINE#         114
  C:4537H         LINE#         115
  C:453AH         LINE#         116
  C:453CH         LINE#         117
  C:453EH         LINE#         121
  C:4541H         LINE#         124
  C:4541H         LINE#         125
  C:4543H         LINE#         127
  C:454FH         LINE#         128
  C:45A9H         LINE#         129
  C:45E7H         LINE#         130
  C:45EEH         LINE#         135
  C:45EEH         LINE#         137
  -------         ENDPROC       EXINT0
  -------         PROC          MAIN
  -------         DO            
BL51 BANKED LINKER/LOCATER V6.22                                                      05/05/2019  11:43:10  PAGE 10


  X:04DFH         SYMBOL        KeyCount
  X:04E1H         SYMBOL        KeyNum_Old
  X:04E2H         SYMBOL        KeyNum
  X:04E3H         SYMBOL        PressedKey
  X:03CAH         SYMBOL        prox_flag
  X:03CBH         SYMBOL        iUse_prevday_calib_value
  X:03CDH         SYMBOL        max_ADC_Val_JP
  X:03CFH         SYMBOL        max_ADC_Val
  X:03D1H         SYMBOL        calib_point1
  X:03D9H         SYMBOL        calib_point2
  X:03E1H         SYMBOL        dat_to_store
  X:03ECH         SYMBOL        calib_day
  X:03EEH         SYMBOL        calib_count
  X:03F0H         SYMBOL        theorical_JP_max_pos
  D:0004H         SYMBOL        elevation
  -------         ENDDO         
  C:001EH         LINE#         139
  C:001EH         LINE#         140
  C:001EH         LINE#         145
  C:0024H         LINE#         146
  C:0029H         LINE#         148
  C:0031H         LINE#         152
  C:0037H         LINE#         153
  C:0041H         LINE#         160
  C:0049H         LINE#         161
  C:0050H         LINE#         162
  C:0056H         LINE#         164
  C:005CH         LINE#         173
  C:005EH         LINE#         174
  C:0061H         LINE#         175
  C:0064H         LINE#         176
  C:0067H         LINE#         177
  C:006AH         LINE#         178
  C:006DH         LINE#         181
  C:0070H         LINE#         184
  C:0073H         LINE#         185
  C:0076H         LINE#         187
  C:0079H         LINE#         189
  C:007CH         LINE#         190
  C:007FH         LINE#         191
  C:0082H         LINE#         192
  C:0085H         LINE#         193
  C:0088H         LINE#         194
  C:008BH         LINE#         195
  C:008DH         LINE#         196
  C:008FH         LINE#         198
  C:0091H         LINE#         199
  C:0098H         LINE#         200
  C:009FH         LINE#         201
  C:00A6H         LINE#         202
  C:00ADH         LINE#         206
  C:00B4H         LINE#         207
  C:00B9H         LINE#         208
  C:00BEH         LINE#         209
  C:00C3H         LINE#         210
  C:00C8H         LINE#         211
  C:00CDH         LINE#         214
BL51 BANKED LINKER/LOCATER V6.22                                                      05/05/2019  11:43:10  PAGE 11


  C:00E6H         LINE#         215
  C:00E6H         LINE#         216
  C:0102H         LINE#         217
  C:0149H         LINE#         218
  C:015AH         LINE#         221
  C:015AH         LINE#         222
  C:015AH         LINE#         223
  C:015DH         LINE#         227
  C:015DH         LINE#         230
  C:0162H         LINE#         231
  C:0167H         LINE#         233
  C:016CH         LINE#         234
  C:0171H         LINE#         235
  C:0176H         LINE#         236
  C:017BH         LINE#         238
  C:018CH         LINE#         239
  C:0191H         LINE#         240
  C:0196H         LINE#         242
  C:019DH         LINE#         243
  C:01A5H         LINE#         244
  C:01AAH         LINE#         245
  C:01B2H         LINE#         246
  C:01B7H         LINE#         247
  C:01C1H         LINE#         248
  C:01C6H         LINE#         249
  C:01CEH         LINE#         251
  C:01D6H         LINE#         252
  C:01DBH         LINE#         253
  C:01E5H         LINE#         254
  C:01E5H         LINE#         255
  C:01E7H         LINE#         256
  C:01E9H         LINE#         257
  C:01F3H         LINE#         258
  C:01F3H         LINE#         259
  C:01F8H         LINE#         260
  C:01F8H         LINE#         272
  C:020CH         LINE#         273
  C:020CH         LINE#         274
  C:0221H         LINE#         275
  C:0230H         LINE#         276
  C:0230H         LINE#         277
  C:0243H         LINE#         278
  C:0245H         LINE#         280
  C:0245H         LINE#         281
  C:0261H         LINE#         282
  C:0261H         LINE#         283
  C:0266H         LINE#         284
  C:0266H         LINE#         285
  C:027AH         LINE#         286
  C:027AH         LINE#         289
  C:028FH         LINE#         290
  C:029EH         LINE#         291
  C:029EH         LINE#         292
  C:02B1H         LINE#         293
  C:02B3H         LINE#         295
  C:02B3H         LINE#         296
  C:02CFH         LINE#         297
BL51 BANKED LINKER/LOCATER V6.22                                                      05/05/2019  11:43:10  PAGE 12


  C:02CFH         LINE#         298
  C:02D4H         LINE#         299
  C:02DAH         LINE#         300
  C:02DAH         LINE#         302
  C:02FCH         LINE#         303
  C:02FCH         LINE#         304
  C:0306H         LINE#         305
  C:030CH         LINE#         306
  C:0313H         LINE#         307
  C:0319H         LINE#         308
  C:0320H         LINE#         309
  C:0320H         LINE#         310
  C:0323H         LINE#         312
  C:0323H         LINE#         317
  C:035EH         LINE#         321
  C:036BH         LINE#         322
  C:036BH         LINE#         326
  C:036BH         LINE#         327
  C:0393H         LINE#         328
  C:0393H         LINE#         329
  C:03B5H         LINE#         330
  C:03B5H         LINE#         332
  C:03D5H         LINE#         335
  C:0404H         LINE#         340
  C:0404H         LINE#         341
  C:0480H         LINE#         342
  C:0499H         LINE#         343
  C:0523H         LINE#         344
  C:0523H         LINE#         346
  C:0523H         LINE#         348
  C:052AH         LINE#         349
  C:052AH         LINE#         350
  C:052DH         LINE#         351
  C:054BH         LINE#         352
  C:0552H         LINE#         353
  C:0571H         LINE#         354
  C:0590H         LINE#         356
  C:060CH         LINE#         357
  C:0624H         LINE#         359
  C:067CH         LINE#         360
  C:0690H         LINE#         361
  C:069DH         LINE#         362
  C:06ADH         LINE#         363
  C:06ADH         LINE#         365
  C:06B5H         LINE#         366
  C:06BDH         LINE#         367
  C:06C5H         LINE#         368
  C:06CDH         LINE#         370
  C:06DBH         LINE#         371
  C:06F1H         LINE#         372
  C:0721H         LINE#         373
  C:0741H         LINE#         375
  C:0755H         LINE#         376
  C:076BH         LINE#         377
  C:079BH         LINE#         378
  C:07A2H         LINE#         380
  C:07C6H         LINE#         383
BL51 BANKED LINKER/LOCATER V6.22                                                      05/05/2019  11:43:10  PAGE 13


  C:07C8H         LINE#         385
  C:07D6H         LINE#         386
  C:07D6H         LINE#         387
  C:07DEH         LINE#         389
  C:07DEH         LINE#         392
  C:07DEH         LINE#         393
  C:07EBH         LINE#         394
  C:07EBH         LINE#         395
  C:080DH         LINE#         396
  C:080DH         LINE#         397
  C:0889H         LINE#         398
  C:08DEH         LINE#         399
  C:08DEH         LINE#         401
  C:08E1H         LINE#         405
  C:08E1H         LINE#         408
  C:0903H         LINE#         409
  C:0903H         LINE#         410
  C:097FH         LINE#         412
  C:09ACH         LINE#         413
  C:09C7H         LINE#         414
  C:09F4H         LINE#         415
  C:0A27H         LINE#         416
  C:0A27H         LINE#         417
  C:0A51H         LINE#         418
  C:0AEAH         LINE#         419
  C:0AECH         LINE#         421
  C:0AECH         LINE#         422
  C:0B4FH         LINE#         423
  C:0B4FH         LINE#         427
  C:0B4FH         LINE#         429
  C:0B4FH         LINE#         430
  C:0B4FH         LINE#         432
  C:0B4FH         LINE#         435
  C:0B6BH         LINE#         436
  C:0B6FH         LINE#         438
  C:0B71H         LINE#         441
  C:0B80H         LINE#         442
  C:0B80H         LINE#         443
  C:0B83H         LINE#         444
  C:0B8AH         LINE#         445
  C:0B8FH         LINE#         446
  C:0B94H         LINE#         447
  C:0B99H         LINE#         448
  C:0B9EH         LINE#         449
  C:0BA3H         LINE#         459
  C:0BA6H         LINE#         461
  C:0BA9H         LINE#         462
  C:0BB0H         LINE#         463
  C:0BBAH         LINE#         464
  C:0BC1H         LINE#         466
  C:0BC4H         LINE#         475
  C:0BC4H         LINE#         476
  -------         ENDPROC       MAIN
  -------         ENDMOD        MAIN

  -------         MODULE        PCF85063BTL
  C:0000H         SYMBOL        _ICE_DUMMY_
BL51 BANKED LINKER/LOCATER V6.22                                                      05/05/2019  11:43:10  PAGE 14


  D:0096H         PUBLIC        P2M0
  D:0080H         PUBLIC        P0
  D:0095H         PUBLIC        P2M1
  D:0090H         PUBLIC        P1
  D:00A0H         PUBLIC        P2
  D:00B0H         PUBLIC        P3
  D:00C0H         PUBLIC        P4
  D:00C8H         PUBLIC        P5
  D:00E8H         PUBLIC        P6
  B:00A0H.1       PUBLIC        PCF85063BTL_SDI
  D:00F8H         PUBLIC        P7
  B:00A0H.2       PUBLIC        PCF85063BTL_SCK
  B:00A0H.1       PUBLIC        PCF85063BTL_SDO
  D:00A8H         PUBLIC        IE
  C:4D53H         PUBLIC        _Read_time
  C:529CH         PUBLIC        _PCF85063BTL_Delay
  D:00B8H         PUBLIC        IP
  D:00D8H         PUBLIC        CCON
  C:4BE0H         PUBLIC        _Day_Of_Year
  C:5194H         PUBLIC        SPI_ReceiveByte
  D:0098H         PUBLIC        SCON
  D:0088H         PUBLIC        TCON
  C:52CFH         PUBLIC        _BCDtoDec
  B:00A0H.0       PUBLIC        PCF85063BTL_CS
  C:52BEH         PUBLIC        _SPI_ReadTime
  C:000EH         PUBLIC        SPI_Init
  C:5229H         PUBLIC        _SPI_WriteTime
  C:5174H         PUBLIC        _SPI_SendByte
  D:00D0H         PUBLIC        PSW
  C:5298H         SYMBOL        L?0048
  -------         PROC          L?0047
  -------         ENDPROC       L?0047
  C:5298H         SYMBOL        L?0048
  -------         PROC          _PCF85063BTL_DELAY
  D:0006H         SYMBOL        us
  C:529CH         LINE#         8
  C:529CH         LINE#         9
  C:529CH         LINE#         10
  C:52A6H         LINE#         11
  C:52A6H         LINE#         12
  C:52A7H         LINE#         13
  C:52A9H         LINE#         14
  -------         ENDPROC       _PCF85063BTL_DELAY
  -------         PROC          _SPI_SENDBYTE
  D:0005H         SYMBOL        dat
  -------         DO            
  D:0003H         SYMBOL        i
  -------         ENDDO         
  C:5174H         LINE#         17
  C:5176H         LINE#         18
  C:5176H         LINE#         20
  C:5178H         LINE#         21
  C:5178H         LINE#         22
  C:517AH         LINE#         23
  C:517EH         LINE#         24
  C:517EH         LINE#         25
  C:5180H         LINE#         26
BL51 BANKED LINKER/LOCATER V6.22                                                      05/05/2019  11:43:10  PAGE 15


  C:5182H         LINE#         28
  C:5182H         LINE#         29
  C:5184H         LINE#         30
  C:5184H         LINE#         31
  C:5187H         LINE#         32
  C:5187H         LINE#         33
  C:518AH         LINE#         34
  C:518EH         LINE#         35
  C:5193H         LINE#         36
  -------         ENDPROC       _SPI_SENDBYTE
  -------         PROC          SPI_RECEIVEBYTE
  -------         DO            
  D:0003H         SYMBOL        i
  D:0005H         SYMBOL        dat
  -------         ENDDO         
  C:5194H         LINE#         39
  C:5194H         LINE#         40
  C:5194H         LINE#         42
  C:5196H         LINE#         44
  C:5198H         LINE#         45
  C:5199H         LINE#         46
  C:5199H         LINE#         47
  C:519DH         LINE#         48
  C:519FH         LINE#         49
  C:51A2H         LINE#         51
  C:51A5H         LINE#         52
  C:51A5H         LINE#         53
  C:51A9H         LINE#         54
  C:51A9H         LINE#         55
  C:51A9H         LINE#         56
  C:51ACH         LINE#         57
  C:51B1H         LINE#         58
  C:51B3H         LINE#         59
  -------         ENDPROC       SPI_RECEIVEBYTE
  -------         PROC          _SPI_READTIME
  D:0007H         SYMBOL        addr
  -------         DO            
  D:0006H         SYMBOL        dat
  -------         ENDDO         
  C:52BEH         LINE#         61
  C:52BEH         LINE#         62
  C:52BEH         LINE#         64
  C:52C0H         LINE#         65
  C:52C2H         LINE#         66
  C:52C9H         LINE#         67
  C:52CCH         LINE#         68
  C:52CEH         LINE#         69
  C:52CEH         LINE#         70
  -------         ENDPROC       _SPI_READTIME
  -------         PROC          _SPI_WRITETIME
  D:0002H         SYMBOL        val
  D:0005H         SYMBOL        addr
  C:5229H         LINE#         71
  C:522BH         LINE#         72
  C:522BH         LINE#         74
  C:522DH         LINE#         75
  C:5234H         LINE#         76
BL51 BANKED LINKER/LOCATER V6.22                                                      05/05/2019  11:43:10  PAGE 16


  C:5239H         LINE#         77
  C:523EH         LINE#         78
  C:5240H         LINE#         79
  -------         ENDPROC       _SPI_WRITETIME
  -------         PROC          SPI_INIT
  C:000EH         LINE#         83
  C:000EH         LINE#         84
  C:000EH         LINE#         89
  C:0011H         LINE#         90
  C:0014H         LINE#         91
  C:0016H         LINE#         92
  C:0018H         LINE#         93
  C:001AH         LINE#         94
  -------         ENDPROC       SPI_INIT
  -------         PROC          _READ_TIME
  X:03F4H         SYMBOL        months
  X:03F7H         SYMBOL        days
  X:03FAH         SYMBOL        hours
  X:03FDH         SYMBOL        mins
  X:0400H         SYMBOL        seconds
  C:4D53H         LINE#         96
  C:4D5EH         LINE#         97
  C:4D5EH         LINE#         99
  C:4D72H         LINE#         101
  C:4D86H         LINE#         103
  C:4D9AH         LINE#         108
  C:4DAEH         LINE#         113
  -------         ENDPROC       _READ_TIME
  -------         PROC          _BCDTODEC
  D:0007H         SYMBOL        bcd
  -------         DO            
  D:0006H         SYMBOL        hi
  D:0007H         SYMBOL        lo
  -------         ENDDO         
  C:52CFH         LINE#         119
  C:52CFH         LINE#         120
  C:52CFH         LINE#         122
  C:52D4H         LINE#         123
  C:52D8H         LINE#         124
  C:52DFH         LINE#         125
  -------         ENDPROC       _BCDTODEC
  -------         PROC          _DAY_OF_YEAR
  D:0007H         SYMBOL        months_bcd
  D:0005H         SYMBOL        days_bcd
  -------         DO            
  D:0004H         SYMBOL        months
  D:0007H         SYMBOL        days
  -------         ENDDO         
  C:4BE0H         LINE#         126
  C:4BE0H         LINE#         127
  C:4BE0H         LINE#         130
  C:4BE5H         LINE#         132
  C:4BEAH         LINE#         134
  C:4C23H         LINE#         135
  C:4C23H         LINE#         136
  C:4C23H         LINE#         137
  C:4C26H         LINE#         138
BL51 BANKED LINKER/LOCATER V6.22                                                      05/05/2019  11:43:10  PAGE 17


  C:4C26H         LINE#         139
  C:4C26H         LINE#         140
  C:4C2BH         LINE#         141
  C:4C2BH         LINE#         142
  C:4C2BH         LINE#         143
  C:4C30H         LINE#         144
  C:4C30H         LINE#         145
  C:4C30H         LINE#         146
  C:4C35H         LINE#         147
  C:4C35H         LINE#         148
  C:4C35H         LINE#         149
  C:4C3AH         LINE#         150
  C:4C3AH         LINE#         151
  C:4C3AH         LINE#         152
  C:4C3FH         LINE#         153
  C:4C3FH         LINE#         154
  C:4C3FH         LINE#         155
  C:4C44H         LINE#         156
  C:4C44H         LINE#         157
  C:4C44H         LINE#         158
  C:4C49H         LINE#         159
  C:4C49H         LINE#         160
  C:4C49H         LINE#         161
  C:4C51H         LINE#         162
  C:4C51H         LINE#         163
  C:4C51H         LINE#         164
  C:4C56H         LINE#         165
  C:4C56H         LINE#         166
  C:4C56H         LINE#         167
  C:4C5BH         LINE#         168
  C:4C5BH         LINE#         169
  C:4C5BH         LINE#         170
  C:4C64H         LINE#         171
  C:4C64H         LINE#         172
  C:4C64H         LINE#         173
  C:4C67H         LINE#         174
  C:4C67H         LINE#         175
  -------         ENDPROC       _DAY_OF_YEAR
  -------         ENDMOD        PCF85063BTL

  -------         MODULE        LCD_DRIVER_SPLC780D
  C:0000H         SYMBOL        _ICE_DUMMY_
  D:0092H         PUBLIC        P1M0
  D:0091H         PUBLIC        P1M1
  D:0080H         PUBLIC        P0
  D:0090H         PUBLIC        P1
  D:00A0H         PUBLIC        P2
  D:00B0H         PUBLIC        P3
  D:00C0H         PUBLIC        P4
  D:00C8H         PUBLIC        P5
  D:00E8H         PUBLIC        P6
  D:00F8H         PUBLIC        P7
  C:4C6CH         PUBLIC        _WriteData
  D:00A8H         PUBLIC        IE
  D:00B8H         PUBLIC        IP
  D:00D8H         PUBLIC        CCON
  B:00B0H.4       PUBLIC        LCD_D4
BL51 BANKED LINKER/LOCATER V6.22                                                      05/05/2019  11:43:10  PAGE 18


  B:00B0H.5       PUBLIC        LCD_D5
  B:00B0H.6       PUBLIC        LCD_D6
  C:51F1H         PUBLIC        _DisplayLCD
  B:00B0H.7       PUBLIC        LCD_D7
  D:0098H         PUBLIC        SCON
  D:0088H         PUBLIC        TCON
  C:52AAH         PUBLIC        _abs
  C:5321H         PUBLIC        LCD_clear
  C:4F4DH         PUBLIC        _Command
  C:5257H         PUBLIC        _Display_Line
  C:4E1CH         PUBLIC        LCD_Init
  C:5135H         PUBLIC        _Wait_ms
  B:00C0H.0       PUBLIC        LCD_RS
  B:0090H.3       PUBLIC        LCD_RW
  C:5317H         PUBLIC        LCD_return_home
  C:3F62H         PUBLIC        _Display_Pos
  B:00B0H.3       PUBLIC        LCD_E
  D:00D0H         PUBLIC        PSW
  -------         PROC          LCD_INIT
  C:4E1CH         LINE#         9
  C:4E1CH         LINE#         10
  C:4E1CH         LINE#         11
  C:4E1FH         LINE#         12
  C:4E22H         LINE#         14
  C:4E28H         LINE#         15
  C:4E2DH         LINE#         17
  C:4E34H         LINE#         18
  C:4E39H         LINE#         20
  C:4E3CH         LINE#         21
  C:4E41H         LINE#         23
  C:4E44H         LINE#         24
  C:4E49H         LINE#         26
  C:4E50H         LINE#         29
  C:4E55H         LINE#         30
  C:4E5AH         LINE#         32
  C:4E5FH         LINE#         33
  C:4E64H         LINE#         35
  C:4E69H         LINE#         36
  C:4E6EH         LINE#         37
  -------         ENDPROC       LCD_INIT
  C:4C68H         SYMBOL        L?0038
  -------         PROC          L?0037
  -------         ENDPROC       L?0037
  C:4C68H         SYMBOL        L?0038
  -------         PROC          _WRITEDATA
  X:04DEH         SYMBOL        dat
  C:4C6CH         LINE#         40
  C:4C71H         LINE#         41
  C:4C71H         LINE#         46
  C:4C73H         LINE#         47
  C:4C75H         LINE#         49
  C:4C83H         LINE#         50
  C:4C8FH         LINE#         51
  C:4C9BH         LINE#         52
  C:4CA5H         LINE#         53
  C:4CA7H         LINE#         54
  C:4CAEH         LINE#         55
BL51 BANKED LINKER/LOCATER V6.22                                                      05/05/2019  11:43:10  PAGE 19


  C:4CB0H         LINE#         57
  C:4CC0H         LINE#         58
  C:4CCBH         LINE#         59
  C:4CD5H         LINE#         60
  C:4CD9H         LINE#         62
  C:4CD9H         LINE#         63
  C:4CDCH         LINE#         64
  C:4CDEH         LINE#         65
  C:4CE0H         LINE#         67
  -------         ENDPROC       _WRITEDATA
  -------         PROC          _COMMAND
  D:0007H         SYMBOL        dat
  C:4F4DH         LINE#         69
  C:4F4DH         LINE#         70
  C:4F4DH         LINE#         71
  C:4F4FH         LINE#         72
  C:4F51H         LINE#         74
  C:4F5BH         LINE#         75
  C:4F5FH         LINE#         77
  C:4F61H         LINE#         78
  C:4F6AH         LINE#         79
  C:4F6EH         LINE#         81
  C:4F70H         LINE#         82
  C:4F77H         LINE#         83
  C:4F7BH         LINE#         85
  C:4F7DH         LINE#         86
  C:4F81H         LINE#         87
  C:4F85H         LINE#         89
  C:4F87H         LINE#         90
  C:4F87H         LINE#         91
  C:4F8AH         LINE#         92
  C:4F8CH         LINE#         93
  -------         ENDPROC       _COMMAND
  C:5131H         SYMBOL        L?0040
  -------         PROC          L?0039
  -------         ENDPROC       L?0039
  C:5131H         SYMBOL        L?0040
  -------         PROC          _WAIT_MS
  D:0006H         SYMBOL        ms
  -------         DO            
  D:0004H         SYMBOL        De_Cnt
  -------         ENDDO         
  C:5135H         LINE#         95
  C:5135H         LINE#         96
  C:5135H         LINE#         98
  C:513FH         LINE#         99
  C:513FH         LINE#         100
  C:5152H         LINE#         101
  C:5152H         LINE#         102
  -------         ENDPROC       _WAIT_MS
  -------         PROC          _DISPLAYLCD
  D:0007H         SYMBOL        BCD
  -------         DO            
  D:0006H         SYMBOL        first_digit
  X:03F4H         SYMBOL        second_digit
  -------         ENDDO         
  C:51F1H         LINE#         103
BL51 BANKED LINKER/LOCATER V6.22                                                      05/05/2019  11:43:10  PAGE 20


  C:51F1H         LINE#         104
  C:51F1H         LINE#         106
  C:51F8H         LINE#         107
  C:5201H         LINE#         109
  C:5206H         LINE#         111
  -------         ENDPROC       _DISPLAYLCD
  -------         PROC          LCD_RETURN_HOME
  C:5317H         LINE#         115
  C:5317H         LINE#         116
  C:5317H         LINE#         117
  C:531CH         LINE#         118
  -------         ENDPROC       LCD_RETURN_HOME
  -------         PROC          LCD_CLEAR
  C:5321H         LINE#         121
  C:5321H         LINE#         122
  C:5321H         LINE#         123
  C:5326H         LINE#         124
  -------         ENDPROC       LCD_CLEAR
  -------         PROC          _DISPLAY_LINE
  D:0006H         SYMBOL        line
  C:5257H         LINE#         128
  C:5257H         LINE#         129
  C:5257H         LINE#         130
  C:525DH         LINE#         131
  C:525DH         LINE#         132
  C:525FH         LINE#         133
  C:525FH         LINE#         134
  C:5261H         LINE#         136
  C:5261H         LINE#         137
  C:5266H         LINE#         138
  C:526BH         LINE#         139
  C:526BH         LINE#         140
  -------         ENDPROC       _DISPLAY_LINE
  -------         PROC          _DISPLAY_POS
  X:04D3H         SYMBOL        sign_dat
  -------         DO            
  X:04D7H         SYMBOL        unit
  X:04D8H         SYMBOL        ten
  X:04D9H         SYMBOL        hundred
  X:04DAH         SYMBOL        thousand
  X:04DBH         SYMBOL        after_dot
  X:04DCH         SYMBOL        dat
  -------         ENDDO         
  C:3F62H         LINE#         142
  C:3F68H         LINE#         143
  C:3F68H         LINE#         147
  C:3F84H         LINE#         148
  C:3F9EH         LINE#         149
  C:3FC2H         LINE#         151
  C:400CH         LINE#         153
  C:4023H         LINE#         154
  C:4035H         LINE#         155
  C:405AH         LINE#         156
  C:4074H         LINE#         157
  C:408CH         LINE#         158
  C:408CH         LINE#         159
  C:408CH         LINE#         160
BL51 BANKED LINKER/LOCATER V6.22                                                      05/05/2019  11:43:10  PAGE 21


  C:408CH         LINE#         161
  C:408CH         LINE#         162
  C:408CH         LINE#         163
  C:408CH         LINE#         164
  C:408CH         LINE#         168
  C:408EH         LINE#         170
  C:408EH         LINE#         172
  C:4093H         LINE#         173
  C:4099H         LINE#         174
  C:409FH         LINE#         175
  C:40A5H         LINE#         176
  C:40ABH         LINE#         177
  C:40B0H         LINE#         178
  C:40B6H         LINE#         182
  C:40B6H         LINE#         184
  -------         ENDPROC       _DISPLAY_POS
  -------         PROC          _ABS
  D:0006H         SYMBOL        dat
  C:52AAH         LINE#         186
  C:52AAH         LINE#         187
  C:52AAH         LINE#         188
  C:52B5H         LINE#         189
  C:52B6H         LINE#         191
  C:52BDH         LINE#         192
  -------         ENDPROC       _ABS
  -------         ENDMOD        LCD_DRIVER_SPLC780D

  -------         MODULE        KEYPAD
  C:0000H         SYMBOL        _ICE_DUMMY_
  D:0093H         PUBLIC        P0M1
  D:0080H         PUBLIC        P0
  D:0090H         PUBLIC        P1
  D:00A0H         PUBLIC        P2
  D:00B0H         PUBLIC        P3
  D:00C0H         PUBLIC        P4
  D:00C8H         PUBLIC        P5
  D:00E8H         PUBLIC        P6
  D:00F8H         PUBLIC        P7
  D:00A8H         PUBLIC        IE
  C:395EH         PUBLIC        Key_Scan
  D:00B8H         PUBLIC        IP
  D:00D8H         PUBLIC        CCON
  C:530BH         PUBLIC        KeyPad_IO_Init
  C:51D3H         PUBLIC        _Delay_ms
  D:0098H         PUBLIC        SCON
  D:0088H         PUBLIC        TCON
  X:05E7H         PUBLIC        small_move
  X:05E9H         PUBLIC        move
  X:05EBH         PUBLIC        auto_mode
  X:05EDH         PUBLIC        direction
  X:05EFH         PUBLIC        SPI_NOR_ClearEnable
  C:309FH         PUBLIC        Key_Process
  D:00D0H         PUBLIC        PSW
  D:0094H         PUBLIC        P0M0
  -------         PROC          _DELAY_MS
  D:0006H         SYMBOL        ms
  -------         DO            
BL51 BANKED LINKER/LOCATER V6.22                                                      05/05/2019  11:43:10  PAGE 22


  D:0004H         SYMBOL        De_Cnt
  -------         ENDDO         
  C:51D3H         LINE#         20
  C:51D3H         LINE#         21
  C:51D3H         LINE#         23
  C:51DDH         LINE#         24
  C:51DDH         LINE#         25
  C:51F0H         LINE#         26
  C:51F0H         LINE#         27
  -------         ENDPROC       _DELAY_MS
  -------         PROC          KEY_SCAN
  -------         DO            
  X:03FAH         SYMBOL        KeyTemp1
  X:03FBH         SYMBOL        KeyTemp2
  X:03FCH         SYMBOL        KeyValue
  -------         ENDDO         
  C:395EH         LINE#         28
  C:395EH         LINE#         29
  C:395EH         LINE#         34
  C:3961H         LINE#         37
  C:3964H         LINE#         39
  C:396CH         LINE#         40
  C:3973H         LINE#         41
  C:3973H         LINE#         43
  C:3978H         LINE#         44
  C:397FH         LINE#         45
  C:397FH         LINE#         48
  C:3982H         LINE#         49
  C:3985H         LINE#         50
  C:398AH         LINE#         51
  C:398EH         LINE#         52
  C:398EH         LINE#         53
  C:3996H         LINE#         54
  C:3996H         LINE#         55
  C:3999H         LINE#         56
  C:39A1H         LINE#         57
  C:39A3H         LINE#         59
  C:39B7H         LINE#         60
  C:39B7H         LINE#         61
  C:39B7H         LINE#         62
  C:39B7H         LINE#         63
  C:39BDH         LINE#         65
  C:39BFH         LINE#         66
  C:39BFH         LINE#         67
  C:39BFH         LINE#         68
  C:39C5H         LINE#         70
  C:39C7H         LINE#         71
  C:39C7H         LINE#         72
  C:39C7H         LINE#         73
  C:39CDH         LINE#         75
  C:39CFH         LINE#         76
  C:39CFH         LINE#         77
  C:39CFH         LINE#         78
  C:39D5H         LINE#         80
  C:39D5H         LINE#         81
  C:39D5H         LINE#         82
  C:39D5H         LINE#         85
BL51 BANKED LINKER/LOCATER V6.22                                                      05/05/2019  11:43:10  PAGE 23


  C:39D8H         LINE#         86
  C:39DBH         LINE#         87
  C:39E3H         LINE#         88
  C:39E7H         LINE#         89
  C:39E7H         LINE#         90
  C:39EFH         LINE#         91
  C:39EFH         LINE#         92
  C:39F2H         LINE#         93
  C:39FAH         LINE#         94
  C:39FCH         LINE#         95
  C:3A10H         LINE#         96
  C:3A10H         LINE#         97
  C:3A10H         LINE#         98
  C:3A10H         LINE#         99
  C:3A16H         LINE#         101
  C:3A18H         LINE#         102
  C:3A18H         LINE#         103
  C:3A18H         LINE#         104
  C:3A1EH         LINE#         106
  C:3A20H         LINE#         107
  C:3A20H         LINE#         108
  C:3A20H         LINE#         109
  C:3A26H         LINE#         111
  C:3A28H         LINE#         112
  C:3A28H         LINE#         113
  C:3A28H         LINE#         114
  C:3A2DH         LINE#         116
  C:3A2DH         LINE#         117
  C:3A2DH         LINE#         118
  C:3A2DH         LINE#         121
  C:3A30H         LINE#         122
  C:3A33H         LINE#         123
  C:3A3BH         LINE#         124
  C:3A3FH         LINE#         125
  C:3A3FH         LINE#         126
  C:3A47H         LINE#         127
  C:3A47H         LINE#         128
  C:3A4AH         LINE#         129
  C:3A52H         LINE#         130
  C:3A54H         LINE#         131
  C:3A68H         LINE#         132
  C:3A68H         LINE#         133
  C:3A68H         LINE#         134
  C:3A68H         LINE#         135
  C:3A6EH         LINE#         137
  C:3A70H         LINE#         138
  C:3A70H         LINE#         139
  C:3A70H         LINE#         140
  C:3A76H         LINE#         142
  C:3A78H         LINE#         143
  C:3A78H         LINE#         144
  C:3A78H         LINE#         145
  C:3A7EH         LINE#         147
  C:3A80H         LINE#         148
  C:3A80H         LINE#         149
  C:3A80H         LINE#         150
  C:3A86H         LINE#         152
BL51 BANKED LINKER/LOCATER V6.22                                                      05/05/2019  11:43:10  PAGE 24


  C:3A86H         LINE#         153
  C:3A86H         LINE#         154
  C:3A86H         LINE#         158
  C:3A89H         LINE#         159
  C:3A8CH         LINE#         160
  C:3A94H         LINE#         161
  C:3A98H         LINE#         162
  C:3A98H         LINE#         163
  C:3AA0H         LINE#         164
  C:3AA0H         LINE#         165
  C:3AA3H         LINE#         166
  C:3AABH         LINE#         167
  C:3AADH         LINE#         168
  C:3AC1H         LINE#         169
  C:3AC1H         LINE#         170
  C:3AC1H         LINE#         171
  C:3AC1H         LINE#         172
  C:3AC7H         LINE#         174
  C:3AC9H         LINE#         175
  C:3AC9H         LINE#         176
  C:3AC9H         LINE#         177
  C:3ACFH         LINE#         179
  C:3AD1H         LINE#         180
  C:3AD1H         LINE#         181
  C:3AD1H         LINE#         182
  C:3AD7H         LINE#         184
  C:3AD9H         LINE#         185
  C:3AD9H         LINE#         186
  C:3AD9H         LINE#         187
  C:3ADFH         LINE#         189
  C:3ADFH         LINE#         190
  C:3ADFH         LINE#         191
  C:3ADFH         LINE#         193
  C:3AE5H         LINE#         194
  C:3AE5H         LINE#         196
  C:3AE5H         LINE#         197
  C:3AE8H         LINE#         198
  C:3AE8H         LINE#         199
  C:3AE8H         LINE#         201
  C:3AE8H         LINE#         202
  C:3AEAH         LINE#         203
  C:3AEAH         LINE#         204
  -------         ENDPROC       KEY_SCAN
  -------         PROC          KEY_PROCESS
  -------         DO            
  X:05D8H         SYMBOL        KeyCount
  X:05D9H         SYMBOL        KeyNum_Old
  X:05DBH         SYMBOL        KeyNum
  X:05DDH         SYMBOL        PressedKey
  X:03F4H         SYMBOL        d
  D:0002H         SYMBOL        hours
  D:0006H         SYMBOL        mins
  X:03F6H         SYMBOL        months
  X:03F8H         SYMBOL        days
  -------         ENDDO         
  C:309FH         LINE#         205
  C:309FH         LINE#         206
BL51 BANKED LINKER/LOCATER V6.22                                                      05/05/2019  11:43:10  PAGE 25


  C:309FH         LINE#         210
  C:30AEH         LINE#         211
  C:30BBH         LINE#         213
  C:30BFH         LINE#         214
  C:30BFH         LINE#         215
  C:30C5H         LINE#         217
  C:30C5H         LINE#         218
  C:30DCH         LINE#         219
  C:30DCH         LINE#         220
  C:30E6H         LINE#         221
  C:30ECH         LINE#         223
  C:30F2H         LINE#         225
  C:30F2H         LINE#         226
  C:3109H         LINE#         227
  C:3109H         LINE#         228
  C:310EH         LINE#         230
  C:310EH         LINE#         231
  C:311EH         LINE#         232
  C:311EH         LINE#         233
  C:3124H         LINE#         235
  C:3124H         LINE#         236
  C:3136H         LINE#         237
  C:3136H         LINE#         238
  C:3140H         LINE#         239
  C:3148H         LINE#         241
  C:3151H         LINE#         243
  C:3151H         LINE#         252
  C:3170H         LINE#         253
  C:3170H         LINE#         254
  C:318FH         LINE#         255
  C:3195H         LINE#         256
  C:319DH         LINE#         257
  C:319DH         LINE#         259
  C:319EH         LINE#         265
  C:31AAH         LINE#         266
  C:31AAH         LINE#         267
  C:31C7H         LINE#         268
  C:31DEH         LINE#         269
  C:31F5H         LINE#         270
  C:31F5H         LINE#         271
  C:3208H         LINE#         272
  C:321BH         LINE#         273
  C:321BH         LINE#         274
  C:321BH         LINE#         275
  C:321EH         LINE#         280
  C:322DH         LINE#         281
  C:322DH         LINE#         282
  C:3250H         LINE#         283
  C:326DH         LINE#         284
  C:3276H         LINE#         285
  C:3276H         LINE#         286
  C:327DH         LINE#         287
  C:327DH         LINE#         288
  C:328EH         LINE#         289
  C:328EH         LINE#         290
  C:329DH         LINE#         291
  C:329DH         LINE#         292
BL51 BANKED LINKER/LOCATER V6.22                                                      05/05/2019  11:43:10  PAGE 26


  C:329DH         LINE#         293
  C:32A0H         LINE#         295
  C:32A0H         LINE#         296
  C:32ACH         LINE#         297
  C:32ACH         LINE#         298
  C:32BEH         LINE#         299
  C:32BEH         LINE#         300
  C:32CEH         LINE#         301
  C:32CEH         LINE#         302
  C:32CEH         LINE#         304
  C:32D0H         LINE#         306
  C:32D0H         LINE#         307
  C:32DFH         LINE#         308
  C:32DFH         LINE#         309
  C:32EFH         LINE#         310
  C:32EFH         LINE#         311
  C:32EFH         LINE#         313
  C:32EFH         LINE#         315
  C:32EFH         LINE#         316
  C:32F1H         LINE#         318
  C:32F1H         LINE#         319
  C:32F8H         LINE#         320
  C:32F8H         LINE#         321
  C:3307H         LINE#         322
  C:3307H         LINE#         323
  C:3317H         LINE#         324
  C:3317H         LINE#         325
  C:3317H         LINE#         326
  C:3319H         LINE#         328
  C:3319H         LINE#         329
  C:3328H         LINE#         330
  C:3328H         LINE#         331
  C:333BH         LINE#         332
  C:334EH         LINE#         333
  C:334EH         LINE#         334
  C:334EH         LINE#         335
  C:334EH         LINE#         336
  C:3357H         LINE#         338
  C:3357H         LINE#         340
  C:3391H         LINE#         341
  C:3391H         LINE#         342
  C:3398H         LINE#         343
  C:3398H         LINE#         344
  C:33A2H         LINE#         345
  C:33A2H         LINE#         346
  C:33A5H         LINE#         347
  C:33AAH         LINE#         348
  C:33AFH         LINE#         349
  C:33B4H         LINE#         350
  C:33B9H         LINE#         351
  C:33BEH         LINE#         352
  C:33C3H         LINE#         353
  C:33C8H         LINE#         354
  C:33C8H         LINE#         355
  C:33C8H         LINE#         357
  C:33E6H         LINE#         358
  C:33E6H         LINE#         359
BL51 BANKED LINKER/LOCATER V6.22                                                      05/05/2019  11:43:10  PAGE 27


  C:33EDH         LINE#         360
  C:33EDH         LINE#         361
  C:33F2H         LINE#         362
  C:33FBH         LINE#         363
  C:341AH         LINE#         364
  C:341AH         LINE#         365
  C:342AH         LINE#         367
  C:342AH         LINE#         371
  -------         ENDPROC       KEY_PROCESS
  -------         PROC          KEYPAD_IO_INIT
  C:530BH         LINE#         374
  C:530BH         LINE#         375
  C:530BH         LINE#         376
  C:530EH         LINE#         377
  C:5311H         LINE#         378
  C:5314H         LINE#         379
  C:5316H         LINE#         380
  -------         ENDPROC       KEYPAD_IO_INIT
  -------         ENDMOD        KEYPAD

  -------         MODULE        BIPOLARMOTOR
  C:0000H         SYMBOL        _ICE_DUMMY_
  X:0000H         PUBLIC        UTC_time
  D:0080H         PUBLIC        P0
  D:0090H         PUBLIC        P1
  X:0004H         PUBLIC        RX_pos_test
  D:00A0H         PUBLIC        P2
  D:00B0H         PUBLIC        P3
  D:00C0H         PUBLIC        P4
  D:00C8H         PUBLIC        P5
  D:00E8H         PUBLIC        P6
  D:00F8H         PUBLIC        P7
  X:00A4H         PUBLIC        low_date_azimuth_mapping
  D:00A8H         PUBLIC        IE
  C:462CH         PUBLIC        linear_interpolate
  X:00CCH         PUBLIC        declination
  C:50BBH         PUBLIC        _Move
  D:00B8H         PUBLIC        IP
  X:00D0H         PUBLIC        time_offset
  D:00D8H         PUBLIC        CCON
  X:00D4H         PUBLIC        previous_move_time
  X:00D5H         PUBLIC        time
  D:0098H         PUBLIC        SCON
  D:0088H         PUBLIC        TCON
  C:0006H         PUBLIC        wait
  C:4F8DH         PUBLIC        _Step_move
  X:00E7H         PUBLIC        dat
  X:00EDH         PUBLIC        current_local_sun_time
  C:1D0DH         PUBLIC        _Update_position
  C:342BH         PUBLIC        _elevation_calculation
  X:00F1H         PUBLIC        sunCoord
  C:4E75H         PUBLIC        vOneStepMove
  X:00F4H         PUBLIC        elevation_stamp
  X:0130H         PUBLIC        date_azimuth_mapping
  X:0158H         PUBLIC        location
  X:0160H         PUBLIC        RX_pos
  C:526CH         PUBLIC        vSetLocation
BL51 BANKED LINKER/LOCATER V6.22                                                      05/05/2019  11:43:10  PAGE 28


  C:5218H         PUBLIC        _BCDtoDec1
  X:03B8H         PUBLIC        degree
  C:2353H         PUBLIC        _TheoricalJP_Position
  D:00D0H         PUBLIC        PSW
  -------         PROC          VSETLOCATION
  C:526CH         LINE#         44
  C:526CH         LINE#         45
  C:526CH         LINE#         46
  C:5276H         LINE#         47
  C:5280H         LINE#         48
  -------         ENDPROC       VSETLOCATION
  C:5214H         SYMBOL        L?0061
  -------         PROC          L?0060
  -------         ENDPROC       L?0060
  C:5214H         SYMBOL        L?0061
  -------         PROC          _BCDTODEC1
  D:0007H         SYMBOL        bcd
  -------         DO            
  D:0006H         SYMBOL        hi
  D:0007H         SYMBOL        lo
  -------         ENDDO         
  C:5218H         LINE#         49
  C:5218H         LINE#         50
  C:5218H         LINE#         52
  C:521DH         LINE#         53
  C:5221H         LINE#         54
  C:5228H         LINE#         55
  -------         ENDPROC       _BCDTODEC1
  -------         PROC          WAIT
  C:0006H         LINE#         57
  C:0006H         LINE#         59
  -------         ENDPROC       WAIT
  -------         PROC          VONESTEPMOVE
  B:0020H.3       SYMBOL        bDir
  C:4E75H         LINE#         61
  C:4E75H         LINE#         62
  C:4E75H         LINE#         64
  C:4E7BH         LINE#         65
  C:4E7BH         LINE#         66
  C:4E7EH         LINE#         67
  C:4E87H         LINE#         68
  C:4E8EH         LINE#         69
  C:4E93H         LINE#         70
  C:4E93H         LINE#         71
  C:4E93H         LINE#         73
  C:4E95H         LINE#         76
  C:4E95H         LINE#         77
  C:4E98H         LINE#         78
  C:4EA1H         LINE#         79
  C:4EA8H         LINE#         80
  C:4EAEH         LINE#         81
  C:4EB7H         LINE#         82
  C:4EBEH         LINE#         83
  C:4EBEH         LINE#         87
  -------         ENDPROC       VONESTEPMOVE
  -------         PROC          _STEP_MOVE
  X:04D7H         SYMBOL        step
BL51 BANKED LINKER/LOCATER V6.22                                                      05/05/2019  11:43:10  PAGE 29


  B:0020H.2       SYMBOL        dir
  -------         DO            
  X:04D9H         SYMBOL        i
  -------         ENDDO         
  C:4F8DH         LINE#         89
  C:4F95H         LINE#         90
  C:4F95H         LINE#         92
  C:4F9AH         LINE#         95
  C:4FB5H         LINE#         96
  C:4FB5H         LINE#         97
  C:4FBCH         LINE#         99
  C:4FCCH         LINE#         101
  -------         ENDPROC       _STEP_MOVE
  -------         PROC          _MOVE
  X:04D3H         SYMBOL        distance
  B:0020H.1       SYMBOL        direction
  -------         DO            
  D:0006H         SYMBOL        step
  -------         ENDDO         
  C:50BBH         LINE#         103
  C:50C1H         LINE#         104
  C:50C1H         LINE#         107
  C:50DCH         LINE#         108
  -------         ENDPROC       _MOVE
  C:461BH         SYMBOL        L?0059
  -------         PROC          L?0058
  -------         ENDPROC       L?0058
  C:461BH         SYMBOL        L?0059
  -------         PROC          LINEAR_INTERPOLATE
  X:04A2H         SYMBOL        p1
  X:04AAH         SYMBOL        p2
  X:04B2H         SYMBOL        x
  -------         DO            
  D:0004H         SYMBOL        fx
  -------         ENDDO         
  C:462CH         LINE#         141
  C:462CH         LINE#         142
  C:462CH         LINE#         145
  C:46CBH         LINE#         147
  C:46CBH         LINE#         148
  -------         ENDPROC       LINEAR_INTERPOLATE
  -------         PROC          _THEORICALJP_POSITION
  X:0446H         SYMBOL        azimuth
  X:044AH         SYMBOL        elevation
  -------         DO            
  X:044EH         SYMBOL        pos_interpolate_azimuth
  X:048AH         SYMBOL        JP_pos
  X:048EH         SYMBOL        i
  X:0490H         SYMBOL        yy
  X:0492H         SYMBOL        p1
  X:049AH         SYMBOL        p2
  -------         ENDDO         
  C:2353H         LINE#         151
  C:2359H         LINE#         152
  C:2359H         LINE#         154
  C:2363H         LINE#         157
  C:237FH         LINE#         158
BL51 BANKED LINKER/LOCATER V6.22                                                      05/05/2019  11:43:10  PAGE 30


  C:237FH         LINE#         159
  C:23EFH         LINE#         160
  C:23EFH         LINE#         161
  C:23F6H         LINE#         162
  C:23F6H         LINE#         163
  C:2423H         LINE#         164
  C:243EH         LINE#         166
  C:2485H         LINE#         167
  C:24B9H         LINE#         169
  C:24FFH         LINE#         170
  C:2524H         LINE#         172
  C:2524H         LINE#         174
  C:259AH         LINE#         175
  C:259AH         LINE#         176
  C:25A1H         LINE#         177
  C:25A1H         LINE#         178
  C:25CEH         LINE#         179
  C:25E9H         LINE#         181
  C:2630H         LINE#         182
  C:2664H         LINE#         184
  C:26AAH         LINE#         185
  C:26CCH         LINE#         187
  C:26CCH         LINE#         188
  C:26E0H         LINE#         191
  C:26FCH         LINE#         192
  C:26FCH         LINE#         193
  C:276CH         LINE#         194
  C:276CH         LINE#         195
  C:2799H         LINE#         196
  C:27B4H         LINE#         198
  C:27E1H         LINE#         199
  C:27FCH         LINE#         201
  C:282EH         LINE#         204
  C:282EH         LINE#         206
  C:283FH         LINE#         207
  C:284DH         LINE#         209
  -------         ENDPROC       _THEORICALJP_POSITION
  -------         PROC          _UPDATE_POSITION
  D:0001H         SYMBOL        mnths
  D:0002H         SYMBOL        dys
  X:041AH         SYMBOL        hurs
  X:041BH         SYMBOL        mns
  X:041CH         SYMBOL        sconds
  X:041DH         SYMBOL        currnt_pos
  X:0420H         SYMBOL        offset_calib
  -------         DO            
  X:0424H         SYMBOL        date
  X:0426H         SYMBOL        i
  X:0428H         SYMBOL        yy
  X:042AH         SYMBOL        desired_distance
  X:042EH         SYMBOL        distance
  X:0432H         SYMBOL        JP_pos
  X:0436H         SYMBOL        elevation
  X:043AH         SYMBOL        azimuth
  X:043EH         SYMBOL        time_offset
  X:0442H         SYMBOL        UTC_time
  -------         ENDDO         
BL51 BANKED LINKER/LOCATER V6.22                                                      05/05/2019  11:43:10  PAGE 31


  C:1D0DH         LINE#         212
  C:1D16H         LINE#         215
  C:1D16H         LINE#         216
  C:1D21H         LINE#         218
  C:1D3DH         LINE#         219
  C:1D47H         LINE#         225
  C:1D51H         LINE#         226
  C:1D5CH         LINE#         227
  C:1D67H         LINE#         228
  C:1D80H         LINE#         229
  C:1D91H         LINE#         230
  C:1DA0H         LINE#         233
  C:1DB4H         LINE#         237
  C:1E06H         LINE#         238
  C:1F6AH         LINE#         239
  C:1FBAH         LINE#         242
  C:20E2H         LINE#         245
  C:21B1H         LINE#         252
  C:21F8H         LINE#         253
  C:21F8H         LINE#         255
  C:2223H         LINE#         256
  C:2252H         LINE#         258
  C:2277H         LINE#         259
  C:22DCH         LINE#         260
  C:22DCH         LINE#         261
  C:22F6H         LINE#         262
  C:2308H         LINE#         263
  C:2320H         LINE#         264
  C:2336H         LINE#         266
  C:2352H         LINE#         267
  C:2352H         LINE#         268
  C:2352H         LINE#         271
  -------         ENDPROC       _UPDATE_POSITION
  -------         PROC          _ELEVATION_CALCULATION
  D:0007H         SYMBOL        mnths
  D:0005H         SYMBOL        dys
  X:03F6H         SYMBOL        hurs
  X:03F7H         SYMBOL        mns
  X:03F8H         SYMBOL        sconds
  C:342BH         LINE#         273
  C:3430H         LINE#         275
  C:3430H         LINE#         276
  C:343AH         LINE#         277
  C:3443H         LINE#         278
  C:344EH         LINE#         279
  C:3467H         LINE#         280
  C:347BH         LINE#         281
  C:348DH         LINE#         285
  C:34DFH         LINE#         286
  C:3643H         LINE#         287
  C:3693H         LINE#         289
  C:37AAH         LINE#         291
  -------         ENDPROC       _ELEVATION_CALCULATION
  -------         ENDMOD        BIPOLARMOTOR

  -------         MODULE        SUNPOS
  C:0000H         SYMBOL        _ICE_DUMMY_
BL51 BANKED LINKER/LOCATER V6.22                                                      05/05/2019  11:43:10  PAGE 32


  C:156BH         PUBLIC        sunpos
  -------         PROC          SUNPOS
  X:0446H         SYMBOL        udtTime
  X:0458H         SYMBOL        udtLocation
  X:0460H         SYMBOL        udtSunCoordinates
  -------         DO            
  X:0463H         SYMBOL        dElapsedJulianDays
  X:0467H         SYMBOL        dDecimalHours
  X:046BH         SYMBOL        dEclipticLongitude
  X:046FH         SYMBOL        dEclipticObliquity
  X:0473H         SYMBOL        dRightAscension
  X:0477H         SYMBOL        dDeclination
  X:047BH         SYMBOL        dY
  X:047FH         SYMBOL        dX
  -------         DO            
  X:0483H         SYMBOL        dJulianDate
  X:0487H         SYMBOL        liAux1
  X:048BH         SYMBOL        liAux2
  X:0483H         SYMBOL        dMeanLongitude
  X:0487H         SYMBOL        dMeanAnomaly
  X:048BH         SYMBOL        dOmega
  X:0483H         SYMBOL        dSin_EclipticLongitude
  X:0483H         SYMBOL        dGreenwichMeanSiderealTime
  X:0487H         SYMBOL        dLocalMeanSiderealTime
  X:048BH         SYMBOL        dLatitudeInRadians
  X:048FH         SYMBOL        dHourAngle
  X:0493H         SYMBOL        dCos_Latitude
  X:0497H         SYMBOL        dSin_Latitude
  X:049BH         SYMBOL        dCos_HourAngle
  X:049FH         SYMBOL        dParallax
  -------         ENDDO         
  -------         DO            
  X:0483H         SYMBOL        dMeanLongitude
  X:0487H         SYMBOL        dMeanAnomaly
  X:048BH         SYMBOL        dOmega
  X:0483H         SYMBOL        dSin_EclipticLongitude
  X:0483H         SYMBOL        dGreenwichMeanSiderealTime
  X:0487H         SYMBOL        dLocalMeanSiderealTime
  X:048BH         SYMBOL        dLatitudeInRadians
  X:048FH         SYMBOL        dHourAngle
  X:0493H         SYMBOL        dCos_Latitude
  X:0497H         SYMBOL        dSin_Latitude
  X:049BH         SYMBOL        dCos_HourAngle
  X:049FH         SYMBOL        dParallax
  -------         ENDDO         
  -------         DO            
  X:0483H         SYMBOL        dSin_EclipticLongitude
  X:0483H         SYMBOL        dGreenwichMeanSiderealTime
  X:0487H         SYMBOL        dLocalMeanSiderealTime
  X:048BH         SYMBOL        dLatitudeInRadians
  X:048FH         SYMBOL        dHourAngle
  X:0493H         SYMBOL        dCos_Latitude
  X:0497H         SYMBOL        dSin_Latitude
  X:049BH         SYMBOL        dCos_HourAngle
  X:049FH         SYMBOL        dParallax
  -------         ENDDO         
  -------         DO            
BL51 BANKED LINKER/LOCATER V6.22                                                      05/05/2019  11:43:10  PAGE 33


  X:0483H         SYMBOL        dGreenwichMeanSiderealTime
  X:0487H         SYMBOL        dLocalMeanSiderealTime
  X:048BH         SYMBOL        dLatitudeInRadians
  X:048FH         SYMBOL        dHourAngle
  X:0493H         SYMBOL        dCos_Latitude
  X:0497H         SYMBOL        dSin_Latitude
  X:049BH         SYMBOL        dCos_HourAngle
  X:049FH         SYMBOL        dParallax
  -------         ENDDO         
  -------         ENDDO         
  C:156BH         LINE#         6
  C:156BH         LINE#         7
  C:156BH         LINE#         9
  C:156BH         LINE#         27
  C:15B5H         LINE#         30
  C:15D6H         LINE#         31
  C:171DH         LINE#         34
  C:1769H         LINE#         36
  C:1788H         LINE#         37
  C:1788H         LINE#         42
  C:1788H         LINE#         46
  C:17BAH         LINE#         47
  C:17E4H         LINE#         48
  C:180EH         LINE#         49
  C:18BBH         LINE#         52
  C:191CH         LINE#         54
  C:191CH         LINE#         59
  C:191CH         LINE#         61
  C:1933H         LINE#         62
  C:195BH         LINE#         63
  C:1972H         LINE#         64
  C:199DH         LINE#         65
  C:19D4H         LINE#         66
  C:19FFH         LINE#         67
  C:19FFH         LINE#         70
  C:19FFH         LINE#         79
  C:1A3AH         LINE#         82
  C:1A74H         LINE#         84
  C:1A99H         LINE#         85
  C:1AB8H         LINE#         86
  C:1ACFH         LINE#         87
  C:1AE6H         LINE#         88
  C:1AFDH         LINE#         89
  C:1B86H         LINE#         91
  C:1BA0H         LINE#         92
  C:1C02H         LINE#         93
  C:1C38H         LINE#         94
  C:1C4AH         LINE#         95
  C:1C77H         LINE#         96
  C:1CA4H         LINE#         98
  C:1CC6H         LINE#         100
  C:1CFEH         LINE#         103
  C:1CFEH         LINE#         104
  C:1D0CH         LINE#         105
  -------         ENDPROC       SUNPOS
  -------         ENDMOD        SUNPOS

BL51 BANKED LINKER/LOCATER V6.22                                                      05/05/2019  11:43:10  PAGE 34


  -------         MODULE        ADC
  C:0000H         SYMBOL        _ICE_DUMMY_
  D:0092H         PUBLIC        P1M0
  D:0091H         PUBLIC        P1M1
  D:0080H         PUBLIC        P0
  D:0090H         PUBLIC        P1
  D:00A0H         PUBLIC        P2
  D:00B0H         PUBLIC        P3
  D:00C0H         PUBLIC        P4
  D:00C8H         PUBLIC        P5
  D:00E8H         PUBLIC        P6
  D:00F8H         PUBLIC        P7
  D:00A8H         PUBLIC        IE
  D:00BDH         PUBLIC        ADC_RES
  D:00B8H         PUBLIC        IP
  D:0097H         PUBLIC        CLK_DIV
  D:00D8H         PUBLIC        CCON
  D:00BCH         PUBLIC        ADC_CONTR
  D:0098H         PUBLIC        SCON
  D:0088H         PUBLIC        TCON
  B:00A0H.4       PUBLIC        P24
  B:00A0H.5       PUBLIC        P25
  B:00A0H.6       PUBLIC        P26
  C:51B4H         PUBLIC        ADC_Init
  C:5039H         PUBLIC        _ADC_GetResult
  D:009DH         PUBLIC        P1ASF
  D:00BEH         PUBLIC        ADC_RESL
  D:00D0H         PUBLIC        PSW
  -------         PROC          ADC_INIT
  C:51B4H         LINE#         7
  C:51B4H         LINE#         8
  C:51B4H         LINE#         10
  C:51B6H         LINE#         11
  C:51B8H         LINE#         12
  C:51BAH         LINE#         13
  C:51BDH         LINE#         14
  C:51C0H         LINE#         15
  C:51C3H         LINE#         16
  C:51C6H         LINE#         18
  C:51C8H         LINE#         19
  C:51CAH         LINE#         20
  C:51CDH         LINE#         22
  -------         ENDPROC       ADC_INIT
[...]
  C:4436H         LINE#         105
  C:4436H         LINE#         106
  C:4436H         LINE#         107
  C:4439H         LINE#         108
  C:443DH         LINE#         111
  C:445CH         LINE#         113
  C:4463H         LINE#         114
  C:4463H         LINE#         115
  C:4465H         LINE#         116
  C:4468H         LINE#         117
  C:4484H         LINE#         118
  C:4484H         LINE#         119
  C:4486H         LINE#         120
  C:4488H         LINE#         122
  C:4488H         LINE#         123
  C:448AH         LINE#         125
  C:448AH         LINE#         126
  C:448AH         LINE#         127
BL51 BANKED LINKER/LOCATER V6.22                                                      05/05/2019  11:43:10  PAGE 45


  C:448AH         LINE#         128
  C:448DH         LINE#         129
  C:44A6H         LINE#         131
  C:44C5H         LINE#         133
  C:44CCH         LINE#         134
  C:44CCH         LINE#         135
  C:44CEH         LINE#         136
  C:44D1H         LINE#         137
  C:44D8H         LINE#         138
  C:44D8H         LINE#         139
  C:44DAH         LINE#         140
  C:44DCH         LINE#         142
  C:44DCH         LINE#         143
  C:44DEH         LINE#         145
  C:44DEH         LINE#         146
  C:44DEH         LINE#         147
  C:44DEH         LINE#         148
  C:44E1H         LINE#         149
  C:44E8H         LINE#         151
  C:4507H         LINE#         153
  C:4509H         LINE#         154
  C:450CH         LINE#         155
  C:4513H         LINE#         157
  -------         ENDPROC       _AT25SF041_WRITE
  -------         PROC          _AT25SF041_READ
  D:0003H         SYMBOL        opcode
  X:05F2H         SYMBOL        addr
  -------         DO            
  X:05F6H         SYMBOL        dat
  X:05F7H         SYMBOL        i
  -------         ENDDO         
  C:4302H         LINE#         159
  C:4304H         LINE#         160
  C:4304H         LINE#         161
  C:4309H         LINE#         163
  C:430BH         LINE#         164
  C:4311H         LINE#         168
  C:4316H         LINE#         169
  C:4316H         LINE#         170
  C:4318H         LINE#         171
  C:431BH         LINE#         172
  C:431FH         LINE#         173
  C:431FH         LINE#         174
  C:4321H         LINE#         175
  C:4323H         LINE#         177
  C:4323H         LINE#         178
  C:4325H         LINE#         180
  C:4325H         LINE#         181
  C:4325H         LINE#         182
  C:4325H         LINE#         183
  C:4328H         LINE#         184
  C:432CH         LINE#         187
  C:434BH         LINE#         189
  C:4352H         LINE#         190
  C:4352H         LINE#         191
  C:4354H         LINE#         192
  C:4357H         LINE#         193
BL51 BANKED LINKER/LOCATER V6.22                                                      05/05/2019  11:43:10  PAGE 46


  C:4373H         LINE#         194
  C:4373H         LINE#         195
  C:4375H         LINE#         196
  C:4377H         LINE#         198
  C:4377H         LINE#         199
  C:4379H         LINE#         201
  C:4379H         LINE#         202
  C:4379H         LINE#         203
  C:4379H         LINE#         204
  C:437CH         LINE#         205
  C:4395H         LINE#         207
  C:43B4H         LINE#         210
  C:43BBH         LINE#         212
  C:43BDH         LINE#         213
  C:43C4H         LINE#         215
  C:43CBH         LINE#         216
  C:43CBH         LINE#         217
  C:43D2H         LINE#         218
  C:43D2H         LINE#         219
  C:43D5H         LINE#         220
  C:43D7H         LINE#         221
  C:43DAH         LINE#         223
  C:43DDH         LINE#         224
  C:43DDH         LINE#         226
  C:43E1H         LINE#         227
  C:43E1H         LINE#         233
  C:4400H         LINE#         236
  C:4402H         LINE#         237
  C:4405H         LINE#         238
  C:440CH         LINE#         240
  C:4411H         LINE#         242
  -------         ENDPROC       _AT25SF041_READ
  -------         PROC          UCREAD_STATUS_REGISTER_BYTE1
  -------         DO            
  D:0003H         SYMBOL        dat
  D:0001H         SYMBOL        opcode
  X:04DBH         SYMBOL        count
  X:04DCH         SYMBOL        i
  -------         ENDDO         
  C:48E0H         LINE#         246
  C:48E0H         LINE#         247
  C:48E0H         LINE#         248
  C:48E6H         LINE#         249
  C:48EAH         LINE#         250
  C:48ECH         LINE#         251
  C:48EEH         LINE#         252
  C:48F4H         LINE#         256
  C:48FBH         LINE#         257
  C:48FBH         LINE#         258
  C:48FDH         LINE#         259
  C:4900H         LINE#         260
  C:4904H         LINE#         261
  C:4904H         LINE#         262
  C:4906H         LINE#         263
  C:4908H         LINE#         265
  C:4908H         LINE#         266
  C:490AH         LINE#         268
BL51 BANKED LINKER/LOCATER V6.22                                                      05/05/2019  11:43:10  PAGE 47


  C:490AH         LINE#         269
  C:490AH         LINE#         270
  C:490AH         LINE#         271
  C:490DH         LINE#         272
  C:4911H         LINE#         275
  C:4930H         LINE#         279
  C:4937H         LINE#         281
  C:4939H         LINE#         282
  C:4940H         LINE#         283
  C:4947H         LINE#         284
  C:4947H         LINE#         285
  C:494BH         LINE#         286
  C:494BH         LINE#         287
  C:494EH         LINE#         288
  C:4950H         LINE#         289
  C:4953H         LINE#         291
  C:4956H         LINE#         292
  C:4956H         LINE#         294
  C:495AH         LINE#         295
  C:495AH         LINE#         297
  C:4979H         LINE#         301
  C:497BH         LINE#         302
  C:497EH         LINE#         303
  C:4980H         LINE#         304
  -------         ENDPROC       UCREAD_STATUS_REGISTER_BYTE1
  -------         PROC          SPI_NOR_WRITE_DATA
  X:03F4H         SYMBOL        dat
  X:03FFH         SYMBOL        addr
  C:3AEBH         LINE#         306
  C:3AEBH         LINE#         307
  C:3AEBH         LINE#         309
  C:3AEEH         LINE#         311
  C:3B08H         LINE#         312
  C:3B26H         LINE#         314
  C:3B2DH         LINE#         315
  C:3B30H         LINE#         317
  C:3B4AH         LINE#         318
  C:3B4AH         LINE#         319
  C:3B4AH         LINE#         322
  C:3B4DH         LINE#         324
  C:3B67H         LINE#         325
  C:3B67H         LINE#         326
  C:3B67H         LINE#         328
  C:3B6AH         LINE#         330
  C:3B84H         LINE#         331
  C:3B84H         LINE#         332
  C:3B84H         LINE#         334
  C:3B87H         LINE#         336
  C:3BA1H         LINE#         337
  C:3BA1H         LINE#         338
  C:3BA1H         LINE#         340
  C:3BA4H         LINE#         342
  C:3BBEH         LINE#         343
  C:3BBEH         LINE#         344
  C:3BBEH         LINE#         346
  C:3BC1H         LINE#         348
  C:3BDBH         LINE#         349
BL51 BANKED LINKER/LOCATER V6.22                                                      05/05/2019  11:43:10  PAGE 48


  C:3BDBH         LINE#         350
  C:3BDBH         LINE#         352
  C:3BDEH         LINE#         354
  C:3BF8H         LINE#         355
  C:3BF8H         LINE#         356
  C:3BF8H         LINE#         358
  C:3BFBH         LINE#         360
  C:3C15H         LINE#         361
  C:3C15H         LINE#         362
  C:3C15H         LINE#         364
  C:3C18H         LINE#         366
  C:3C32H         LINE#         367
  C:3C32H         LINE#         368
  C:3C32H         LINE#         370
  C:3C35H         LINE#         372
  C:3C4FH         LINE#         373
  C:3C56H         LINE#         374
  -------         ENDPROC       SPI_NOR_WRITE_DATA
  -------         ENDMOD        AT25SF041

  -------         MODULE        SI1120
  C:0000H         SYMBOL        _ICE_DUMMY_
  D:0080H         PUBLIC        P0
  D:00B2H         PUBLIC        P3M0
  D:0090H         PUBLIC        P1
  D:00B1H         PUBLIC        P3M1
  D:00A0H         PUBLIC        P2
  D:00B0H         PUBLIC        P3
  D:00C0H         PUBLIC        P4
  D:00C8H         PUBLIC        P5
  B:00A8H.7       PUBLIC        EA
  D:00E8H         PUBLIC        P6
  D:00F8H         PUBLIC        P7
  D:00A8H         PUBLIC        IE
  D:00B8H         PUBLIC        IP
  C:5008H         PUBLIC        SI1120_CONFIG_MODE_VIRH
  D:00D8H         PUBLIC        CCON
  D:0098H         PUBLIC        SCON
  D:0088H         PUBLIC        TCON
  C:52FEH         PUBLIC        Enable_EXTINT0
  B:0090H.5       PUBLIC        SI1120_STX
  B:0088H.0       PUBLIC        IT0
  B:00A8H.0       PUBLIC        EX0
  B:0090H.4       PUBLIC        SI1120_MD
  B:0090H.6       PUBLIC        SI1120_SC
  D:00D0H         PUBLIC        PSW
  -------         PROC          SI1120_CONFIG_MODE_VIRH
  C:5008H         LINE#         4
  C:5008H         LINE#         5
  C:5008H         LINE#         6
  C:500AH         LINE#         7
  C:500CH         LINE#         8
  C:500EH         LINE#         10
  C:5015H         LINE#         11
  C:5017H         LINE#         13
  C:5019H         LINE#         14
  C:501BH         LINE#         16
BL51 BANKED LINKER/LOCATER V6.22                                                      05/05/2019  11:43:10  PAGE 49


  C:5022H         LINE#         18
  C:5024H         LINE#         20
  C:502BH         LINE#         23
  C:502DH         LINE#         25
  C:502FH         LINE#         27
  C:5036H         LINE#         29
  C:5038H         LINE#         31
  -------         ENDPROC       SI1120_CONFIG_MODE_VIRH
  -------         PROC          ENABLE_EXTINT0
  C:52FEH         LINE#         33
  C:52FEH         LINE#         34
  C:52FEH         LINE#         35
  C:5301H         LINE#         36
  C:5304H         LINE#         37
  C:5306H         LINE#         38
  C:5308H         LINE#         39
  C:530AH         LINE#         40
  -------         ENDPROC       ENABLE_EXTINT0
  -------         ENDMOD        SI1120

  -------         MODULE        ?C_STARTUP
  C:4B54H         SEGMENT       ?C_C51STARTUP
  I:0021H         SEGMENT       ?STACK
  C:0000H         PUBLIC        ?C_STARTUP
  D:00E0H         SYMBOL        ACC
  D:00F0H         SYMBOL        B
  D:0083H         SYMBOL        DPH
  D:0082H         SYMBOL        DPL
  N:0000H         SYMBOL        IBPSTACK
  N:0100H         SYMBOL        IBPSTACKTOP
  N:0080H         SYMBOL        IDATALEN
  C:4B57H         SYMBOL        IDATALOOP
  N:0000H         SYMBOL        PBPSTACK
  N:0100H         SYMBOL        PBPSTACKTOP
  N:0000H         SYMBOL        PDATALEN
  N:0000H         SYMBOL        PDATASTART
  N:0000H         SYMBOL        PPAGE
  N:0000H         SYMBOL        PPAGEENABLE
  D:00A0H         SYMBOL        PPAGE_SFR
  D:0081H         SYMBOL        SP
  C:4B54H         SYMBOL        STARTUP1
  N:0000H         SYMBOL        XBPSTACK
  N:0000H         SYMBOL        XBPSTACKTOP
  N:0000H         SYMBOL        XDATALEN
  N:0000H         SYMBOL        XDATASTART
  C:0000H         LINE#         126
  C:4B54H         LINE#         133
  C:4B56H         LINE#         134
  C:4B57H         LINE#         135
  C:4B58H         LINE#         136
  C:4B5AH         LINE#         185
  C:4B5DH         LINE#         196
  -------         ENDMOD        ?C_STARTUP

  -------         MODULE        ?C?FPADD
  C:0BCEH         PUBLIC        ?C?FPADD
  C:0BCAH         PUBLIC        ?C?FPSUB
BL51 BANKED LINKER/LOCATER V6.22                                                      05/05/2019  11:43:10  PAGE 50


  -------         ENDMOD        ?C?FPADD

  -------         MODULE        ?C?FPMUL
  C:0CBFH         PUBLIC        ?C?FPMUL
  -------         ENDMOD        ?C?FPMUL

  -------         MODULE        ?C?FPDIV
  C:0DC8H         PUBLIC        ?C?FPDIV
  -------         ENDMOD        ?C?FPDIV

  -------         MODULE        ?C?FPCMP
  C:0E67H         PUBLIC        ?C?FPCMP
  C:0E65H         PUBLIC        ?C?FPCMP3
  -------         ENDMOD        ?C?FPCMP

  -------         MODULE        ?C?FPNEG
  C:0EDEH         PUBLIC        ?C?FPNEG
  -------         ENDMOD        ?C?FPNEG

  -------         MODULE        ?C?FCAST
  C:0EF9H         PUBLIC        ?C?FCASTC
  C:0EF4H         PUBLIC        ?C?FCASTI
  C:0EEFH         PUBLIC        ?C?FCASTL
  -------         ENDMOD        ?C?FCAST

  -------         MODULE        ?C?CASTF
  C:0F2DH         PUBLIC        ?C?CASTF
  -------         ENDMOD        ?C?CASTF

  -------         MODULE        ATAN2
  X:04A3H         PUBLIC        ?_atan2?BYTE
  C:4981H         PUBLIC        _atan2
  -------         ENDMOD        ATAN2

  -------         MODULE        SIN
  C:3CBCH         PUBLIC        _COS
  C:3CD2H         PUBLIC        _SIN
  C:3D0EH         PUBLIC        _TAN
  -------         ENDMOD        SIN

  -------         MODULE        ACOS
  C:4EBFH         PUBLIC        _ACOS
  -------         ENDMOD        ACOS

  -------         MODULE        ASIN
  C:4FCDH         PUBLIC        _ASIN
  -------         ENDMOD        ASIN

  -------         MODULE        POW
  X:03BCH         PUBLIC        ?_pow?BYTE
  C:3DFCH         PUBLIC        _pow
  -------         ENDMOD        POW

  -------         MODULE        ?C?CHKFLOAT
  C:0FAEH         PUBLIC        ?C?CHKFLOAT
  -------         ENDMOD        ?C?CHKFLOAT

BL51 BANKED LINKER/LOCATER V6.22                                                      05/05/2019  11:43:10  PAGE 51


  -------         MODULE        EXP
  C:4AF2H         PUBLIC        _EXP
  -------         ENDMOD        EXP

  -------         MODULE        LOG
  C:40EBH         PUBLIC        _LOG
  C:40E7H         PUBLIC        _LOG10
  -------         ENDMOD        LOG

  -------         MODULE        SQRT
  C:4838H         PUBLIC        _SQRT
  -------         ENDMOD        SQRT

  -------         MODULE        ATAN
  C:4200H         PUBLIC        _ATAN
  -------         ENDMOD        ATAN

  -------         MODULE        ?C?COPY
  C:10E5H         PUBLIC        ?C?COPY
  -------         ENDMOD        ?C?COPY

  -------         MODULE        ?C?CLDPTR
  C:110BH         PUBLIC        ?C?CLDPTR
  -------         ENDMOD        ?C?CLDPTR

  -------         MODULE        ?C?CLDOPTR
  C:1124H         PUBLIC        ?C?CLDOPTR
  -------         ENDMOD        ?C?CLDOPTR

  -------         MODULE        ?C?CSTPTR
  C:1151H         PUBLIC        ?C?CSTPTR
  -------         ENDMOD        ?C?CSTPTR

  -------         MODULE        ?C?IMUL
  C:1163H         PUBLIC        ?C?IMUL
  -------         ENDMOD        ?C?IMUL

  -------         MODULE        ?C?UIDIV
  C:1175H         PUBLIC        ?C?UIDIV
  -------         ENDMOD        ?C?UIDIV

  -------         MODULE        ?C?SIDIV
  C:11CAH         PUBLIC        ?C?SIDIV
  -------         ENDMOD        ?C?SIDIV

  -------         MODULE        ?C?ILDOPTR
  C:1200H         PUBLIC        ?C?ILDOPTR
  -------         ENDMOD        ?C?ILDOPTR

  -------         MODULE        ?C?ISTPTR
  C:1238H         PUBLIC        ?C?ISTPTR
  -------         ENDMOD        ?C?ISTPTR

  -------         MODULE        ?C?LMUL
  C:1257H         PUBLIC        ?C?LMUL
  -------         ENDMOD        ?C?LMUL

BL51 BANKED LINKER/LOCATER V6.22                                                      05/05/2019  11:43:10  PAGE 52


  -------         MODULE        ?C?SLDIV
  C:4F09H         PUBLIC        ?C?SLDIV
  -------         ENDMOD        ?C?SLDIV

  -------         MODULE        ?C?LNEG
  C:12A6H         PUBLIC        ?C?LNEG
  -------         ENDMOD        ?C?LNEG

  -------         MODULE        ?C?ULCMP
  C:12B4H         PUBLIC        ?C?ULCMP
  -------         ENDMOD        ?C?ULCMP

  -------         MODULE        ?C?LSHL
  C:12C5H         PUBLIC        ?C?LSHL
  -------         ENDMOD        ?C?LSHL

  -------         MODULE        ?C?LLDPTR
  C:12D8H         PUBLIC        ?C?LLDPTR
  -------         ENDMOD        ?C?LLDPTR

  -------         MODULE        ?C?LLDOPTR
  C:12F8H         PUBLIC        ?C?LLDOPTR
  -------         ENDMOD        ?C?LLDOPTR

  -------         MODULE        ?C?LSTPTR
  C:1328H         PUBLIC        ?C?LSTPTR
  -------         ENDMOD        ?C?LSTPTR

  -------         MODULE        ?C?LSTOPTR
  C:1342H         PUBLIC        ?C?LSTOPTR
  -------         ENDMOD        ?C?LSTOPTR

  -------         MODULE        ?C?LLDXDATA
  C:1366H         PUBLIC        ?C?LLDXDATA
  -------         ENDMOD        ?C?LLDXDATA

  -------         MODULE        ?C?LLDCODE
  C:1372H         PUBLIC        ?C?LLDCODE
  -------         ENDMOD        ?C?LLDCODE

  -------         MODULE        ?C?LLDXDATA0
  C:1382H         PUBLIC        ?C?LLDXDATA0
  -------         ENDMOD        ?C?LLDXDATA0

  -------         MODULE        ?C?LLDCODE0
  C:138EH         PUBLIC        ?C?LLDCODE0
  -------         ENDMOD        ?C?LLDCODE0

  -------         MODULE        ?C?LLDPTR0
  C:139EH         PUBLIC        ?C?LLDPTR0
  -------         ENDMOD        ?C?LLDPTR0

  -------         MODULE        ?C?LSTXDATA
  C:13BEH         PUBLIC        ?C?LSTXDATA
  -------         ENDMOD        ?C?LSTXDATA

  -------         MODULE        ?C?LSTKXDATA
BL51 BANKED LINKER/LOCATER V6.22                                                      05/05/2019  11:43:10  PAGE 53


  C:13CAH         PUBLIC        ?C?LSTKXDATA
  -------         ENDMOD        ?C?LSTKXDATA

  -------         MODULE        ?C?LSTKPTR
  C:13FBH         PUBLIC        ?C?LSTKPTR
  -------         ENDMOD        ?C?LSTKPTR

  -------         MODULE        ?C?OFFXADD
  C:1415H         PUBLIC        ?C?OFFXADD
  -------         ENDMOD        ?C?OFFXADD

  -------         MODULE        ?C?ULDIV
  C:145DH         PUBLIC        ?C?ULDIV
  -------         ENDMOD        ?C?ULDIV

  -------         MODULE        ?C?LLDIDATA
  C:14EFH         PUBLIC        ?C?LLDIDATA
  -------         ENDMOD        ?C?LLDIDATA

  -------         MODULE        ?C?LLDPDATA
  C:14FBH         PUBLIC        ?C?LLDPDATA
  -------         ENDMOD        ?C?LLDPDATA

  -------         MODULE        ?C?LLDIDATA0
  C:1507H         PUBLIC        ?C?LLDIDATA0
  -------         ENDMOD        ?C?LLDIDATA0

  -------         MODULE        ?C?LLDPDATA0
  C:1514H         PUBLIC        ?C?LLDPDATA0
  -------         ENDMOD        ?C?LLDPDATA0

  -------         MODULE        ?C?LSTIDATA
  C:1521H         PUBLIC        ?C?LSTIDATA
  -------         ENDMOD        ?C?LSTIDATA

  -------         MODULE        ?C?LSTPDATA
  C:152DH         PUBLIC        ?C?LSTPDATA
  -------         ENDMOD        ?C?LSTPDATA

  -------         MODULE        ?C?LSTKIDATA
  C:1539H         PUBLIC        ?C?LSTKIDATA
  -------         ENDMOD        ?C?LSTKIDATA

  -------         MODULE        ?C?LSTKPDATA
  C:1552H         PUBLIC        ?C?LSTKPDATA
  -------         ENDMOD        ?C?LSTKPDATA

*** WARNING L16: UNCALLED SEGMENT, IGNORED FOR OVERLAY PROCESS
    SEGMENT: ?PR?_DAY_OF_YEAR?PCF85063BTL

*** WARNING L16: UNCALLED SEGMENT, IGNORED FOR OVERLAY PROCESS
    SEGMENT: ?PR?WAIT?BIPOLARMOTOR

*** WARNING L16: UNCALLED SEGMENT, IGNORED FOR OVERLAY PROCESS
    SEGMENT: ?PR?NOP?IOEXPANDER_PI4IOE5V96248

*** WARNING L16: UNCALLED SEGMENT, IGNORED FOR OVERLAY PROCESS
BL51 BANKED LINKER/LOCATER V6.22                                                      05/05/2019  11:43:10  PAGE 54


    SEGMENT: ?PR?UC_ACK?IOEXPANDER_PI4IOE5V96248

*** WARNING L16: UNCALLED SEGMENT, IGNORED FOR OVERLAY PROCESS
    SEGMENT: ?PR?UC_NACK?IOEXPANDER_PI4IOE5V96248

*** WARNING L16: UNCALLED SEGMENT, IGNORED FOR OVERLAY PROCESS
    SEGMENT: ?PR?_AT25SF041_READ?AT25SF041

Program Size: data=9.5 xdata=1531 code=21303
LINK/LOCATE RUN COMPLETE.  6 WARNING(S),  0 ERROR(S)
