BL51 BANKED LINKER/LOCATER V6.22                                                        07/23/2018  13:32:18  PAGE 1


BL51 BANKED LINKER/LOCATER V6.22, INVOKED BY:
C:\KEIL_V5\C51\BIN\BL51.EXE .\Obj\main.obj, .\Obj\PCF85063BTL.obj, .\Obj\UART1.obj, .\Obj\LCd_Driver_SPLC780D.obj, .\Obj
>> \KeyPad.obj, .\Obj\VCNL4035.obj, .\Obj\BipolarMotor.obj, .\Obj\STARTUP.obj TO .\Obj\GPIO_RTC_Test PRINT (.\Lis\GPIO_R
>> TC_Test.m51) RAMSIZE (256)


MEMORY MODEL: LARGE WITH FLOATING POINT ARITHMETIC


INPUT MODULES INCLUDED:
  .\Obj\main.obj (MAIN)
  .\Obj\PCF85063BTL.obj (PCF85063BTL)
  .\Obj\UART1.obj (UART1)
  .\Obj\LCd_Driver_SPLC780D.obj (LCD_DRIVER_SPLC780D)
  .\Obj\KeyPad.obj (KEYPAD)
  .\Obj\VCNL4035.obj (VCNL4035)
  .\Obj\BipolarMotor.obj (BIPOLARMOTOR)
  .\Obj\STARTUP.obj (?C_STARTUP)
  C:\KEIL_V5\C51\LIB\C51FPL.LIB (?C?FPADD)
  C:\KEIL_V5\C51\LIB\C51FPL.LIB (?C?FPMUL)
  C:\KEIL_V5\C51\LIB\C51FPL.LIB (?C?FPDIV)
  C:\KEIL_V5\C51\LIB\C51FPL.LIB (?C?FPCMP)
  C:\KEIL_V5\C51\LIB\C51FPL.LIB (?C?FPNEG)
  C:\KEIL_V5\C51\LIB\C51FPL.LIB (?C?FCAST)
  C:\KEIL_V5\C51\LIB\C51FPL.LIB (?C?CASTF)
  C:\KEIL_V5\C51\LIB\C51FPL.LIB (?C?FPGETOPN)
  C:\KEIL_V5\C51\LIB\C51L.LIB (?C_INIT)
  C:\KEIL_V5\C51\LIB\C51L.LIB (?C?CLDPTR)
  C:\KEIL_V5\C51\LIB\C51L.LIB (?C?CSTPTR)
  C:\KEIL_V5\C51\LIB\C51L.LIB (?C?IMUL)
  C:\KEIL_V5\C51\LIB\C51L.LIB (?C?UIDIV)
  C:\KEIL_V5\C51\LIB\C51L.LIB (?C?SIDIV)
  C:\KEIL_V5\C51\LIB\C51L.LIB (?C?ILDIX)
  C:\KEIL_V5\C51\LIB\C51L.LIB (?C?LNEG)
  C:\KEIL_V5\C51\LIB\C51L.LIB (?C?LLDPTR)
  C:\KEIL_V5\C51\LIB\C51L.LIB (?C?LSTPTR)
  C:\KEIL_V5\C51\LIB\C51L.LIB (?C?LLDPTR0)
  C:\KEIL_V5\C51\LIB\C51L.LIB (?C?LSTXDATA)
  C:\KEIL_V5\C51\LIB\C51L.LIB (?C?LSTKXDATA)
  C:\KEIL_V5\C51\LIB\C51L.LIB (?C?OFFXADD)
  C:\KEIL_V5\C51\LIB\C51L.LIB (ABS)
  C:\KEIL_V5\C51\LIB\C51L.LIB (ATOI)
  C:\KEIL_V5\C51\LIB\C51L.LIB (?C?IILDX)
  C:\KEIL_V5\C51\LIB\C51L.LIB (?C?LLDIDATA)
  C:\KEIL_V5\C51\LIB\C51L.LIB (?C?LLDXDATA)
  C:\KEIL_V5\C51\LIB\C51L.LIB (?C?LLDPDATA)
  C:\KEIL_V5\C51\LIB\C51L.LIB (?C?LLDCODE)
  C:\KEIL_V5\C51\LIB\C51L.LIB (?C?LLDIDATA0)
  C:\KEIL_V5\C51\LIB\C51L.LIB (?C?LLDXDATA0)
  C:\KEIL_V5\C51\LIB\C51L.LIB (?C?LLDPDATA0)
  C:\KEIL_V5\C51\LIB\C51L.LIB (?C?LLDCODE0)
  C:\KEIL_V5\C51\LIB\C51L.LIB (?C?LSTIDATA)
  C:\KEIL_V5\C51\LIB\C51L.LIB (?C?LSTPDATA)
  C:\KEIL_V5\C51\LIB\C51L.LIB (ISDIGIT)
  C:\KEIL_V5\C51\LIB\C51L.LIB (ISSPACE)


LINK MAP OF MODULE:  .\Obj\GPIO_RTC_Test (MAIN)
BL51 BANKED LINKER/LOCATER V6.22                                                      07/23/2018  13:32:18  PAGE 2




            TYPE    BASE      LENGTH    RELOCATION   SEGMENT NAME
            -----------------------------------------------------

            * * * * * * *   D A T A   M E M O R Y   * * * * * * *
            REG     0000H     0008H     ABSOLUTE     "REG BANK 0"
            REG     0008H     0008H     ABSOLUTE     "REG BANK 1"
                    0010H     0010H                  *** GAP ***
            BIT     0020H.0   0000H.3   UNIT         ?BI?KEYPAD
            BIT     0020H.3   0000H.3   UNIT         _BIT_GROUP_
            BIT     0020H.6   0000H.1   UNIT         ?BI?MAIN
                    0020H.7   0000H.1                *** GAP ***
            IDATA   0021H     0001H     UNIT         ?STACK

            * * * * * * *  X D A T A   M E M O R Y  * * * * * * *
            XDATA   0000H     012FH     UNIT         ?XD?BIPOLARMOTOR
            XDATA   012FH     0034H     UNIT         _XDATA_GROUP_
            XDATA   0163H     001CH     UNIT         ?XD?MAIN
            XDATA   017FH     0009H     UNIT         ?XD?KEYPAD
            XDATA   0188H     0008H     UNIT         ?XD?_READ_VCNL4035?VCNL4035
            XDATA   0190H     0004H     UNIT         ?XD?_DISPLAY_PROX?MAIN
            XDATA   0194H     0003H     UNIT         ?XD?_SENDSTRING?UART1
            XDATA   0197H     0001H     UNIT         ?XD?UC_ACK?VCNL4035
            XDATA   0198H     0001H     UNIT         ?XD?UC_NACK?VCNL4035
            XDATA   0199H     0001H     UNIT         ?XD?_DISPLAYLCD_VCNL4035?VCNL4035

            * * * * * * *   C O D E   M E M O R Y   * * * * * * *
            CODE    0000H     0003H     ABSOLUTE     
            CODE    0003H     0007H     UNIT         ?PR?KEYPAD_IO_INIT?KEYPAD
            CODE    000AH     0001H     UNIT         ?PR?TM0_ISR?MAIN
            CODE    000BH     0003H     ABSOLUTE     
            CODE    000EH     0015H     UNIT         ?PR?_DISPLAY_LINE?LCD_DRIVER_SPLC780D
            CODE    0023H     0003H     ABSOLUTE     
            CODE    0026H     060EH     UNIT         ?C?LIB_CODE
            CODE    0634H     0279H     UNIT         ?PR?KEY_PROCESS?KEYPAD
            CODE    08ADH     020DH     UNIT         ?PR?MAIN?MAIN
            CODE    0ABAH     01FEH     UNIT         ?PR?_UPDATE_POSITION?BIPOLARMOTOR
            CODE    0CB8H     01B5H     UNIT         ?PR?_DISPLAY_POS?MAIN
            CODE    0E6DH     0194H     UNIT         ?PR?KEY_SCAN?KEYPAD
            CODE    1001H     0175H     UNIT         ?C_INITSEG
            CODE    1176H     00DBH     UNIT         ?PR?_ATOI?ATOI
            CODE    1251H     009BH     UNIT         ?PR?UART?MAIN
            CODE    12ECH     009AH     UNIT         ?PR?_READ_VCNL4035?VCNL4035
            CODE    1386H     0095H     UNIT         ?PR?_DISPLAY_PROX?MAIN
            CODE    141BH     008CH     UNIT         ?C_C51STARTUP
            CODE    14A7H     0084H     UNIT         ?PR?_DAY_OF_YEAR?PCF85063BTL
            CODE    152BH     0075H     UNIT         ?PR?_WRITEDATA?LCD_DRIVER_SPLC780D
            CODE    15A0H     006FH     UNIT         ?PR?_READ_TIME?PCF85063BTL
            CODE    160FH     0059H     UNIT         ?PR?_STEP_MOVE?BIPOLARMOTOR
            CODE    1668H     0054H     UNIT         ?PR?LCD_INIT?LCD_DRIVER_SPLC780D
            CODE    16BCH     0049H     UNIT         ?PR?_WRITE_VCNL4035X?VCNL4035
            CODE    1705H     0040H     UNIT         ?PR?_COMMAND?LCD_DRIVER_SPLC780D
            CODE    1745H     0034H     UNIT         ?PR?_MOVE?BIPOLARMOTOR
            CODE    1779H     0033H     UNIT         ?PR?_SENDSTRING?UART1
            CODE    17ACH     002CH     UNIT         ?PR?I2C_RECEIVEBYTE?VCNL4035
            CODE    17D8H     002BH     UNIT         ?PR?_WAIT_MS_I2C?VCNL4035
BL51 BANKED LINKER/LOCATER V6.22                                                      07/23/2018  13:32:18  PAGE 3


            CODE    1803H     0024H     UNIT         ?PR?_WAIT_MS?LCD_DRIVER_SPLC780D
            CODE    1827H     0022H     UNIT         ?PR?_I2C_SENDBYTE?VCNL4035
            CODE    1849H     0020H     UNIT         ?PR?_SPI_SENDBYTE?PCF85063BTL
            CODE    1869H     0020H     UNIT         ?PR?SPI_RECEIVEBYTE?PCF85063BTL
            CODE    1889H     001EH     UNIT         ?PR?_DELAY_MS?KEYPAD
            CODE    18A7H     001EH     UNIT         ?PR?_WAIT_MS_IIC?VCNL4035
            CODE    18C5H     001DH     UNIT         ?PR?_DISPLAYLCD?LCD_DRIVER_SPLC780D
            CODE    18E2H     001BH     UNIT         ?PR?I2C_ACK?VCNL4035
            CODE    18FDH     0018H     UNIT         ?PR?_SPI_WRITETIME?PCF85063BTL
            CODE    1915H     0017H     UNIT         ?PR?_ASCIITOBCD?UART1
            CODE    192CH     0017H     UNIT         ?PR?I2C_INIT?VCNL4035
            CODE    1943H     0015H     UNIT         ?PR?I2C_STOP?VCNL4035
            CODE    1958H     0014H     UNIT         ?PR?_PCF85063BTL_DELAY?PCF85063BTL
            CODE    196CH     0014H     UNIT         ?PR?_ISSPACE?ISSPACE
            CODE    1980H     0013H     UNIT         ?PR?I2C_START?VCNL4035
            CODE    1993H     0011H     UNIT         ?PR?_SPI_READTIME?PCF85063BTL
            CODE    19A4H     0011H     UNIT         ?PR?_BCDTODEC?PCF85063BTL
            CODE    19B5H     0011H     UNIT         ?PR?INITUART1?UART1
            CODE    19C6H     0011H     UNIT         ?PR?_BCDTODEC1?BIPOLARMOTOR
            CODE    19D7H     000FH     UNIT         ?PR?UC_NACK?VCNL4035
            CODE    19E6H     000FH     UNIT         ?PR?_ISDIGIT?ISDIGIT
            CODE    19F5H     000DH     UNIT         ?PR?SPI_INIT?PCF85063BTL
            CODE    1A02H     000CH     UNIT         ?PR?_ABS?ABS
            CODE    1A0EH     000AH     UNIT         ?PR?LCD_RETURN_HOME?LCD_DRIVER_SPLC780D
            CODE    1A18H     000AH     UNIT         ?PR?LCD_CLEAR?LCD_DRIVER_SPLC780D
            CODE    1A22H     0009H     UNIT         ?PR?_SENDUART1?MAIN
            CODE    1A2BH     0006H     UNIT         ?PR?_TEN?UART1
            CODE    1A31H     0006H     UNIT         ?PR?UC_ACK?VCNL4035
            CODE    1A37H     0006H     UNIT         ?PR?_DISPLAYLCD_VCNL4035?VCNL4035
            CODE    1A3DH     0005H     UNIT         ?PR?_UNIT?UART1
            CODE    1A42H     0005H     UNIT         ?PR?_ASCII_LETTER?UART1
            CODE    1A47H     0001H     UNIT         ?PR?_DECTOBCD?UART1
            CODE    1A48H     0001H     UNIT         ?PR?NOP?VCNL4035



OVERLAY MAP OF MODULE:   .\Obj\GPIO_RTC_Test (MAIN)


SEGMENT                                            BIT_GROUP          XDATA_GROUP
  +--> CALLED SEGMENT                           START    LENGTH     START    LENGTH
-----------------------------------------------------------------------------------
?PR?UART?MAIN                                   -----    -----      -----    -----
  +--> ?PR?_ASCIITOBCD?UART1

?PR?_ASCIITOBCD?UART1                           -----    -----      -----    -----
  +--> ?PR?_ATOI?ATOI

?PR?_ATOI?ATOI                                  0020H.3  0000H.1    012FH    0005H
  +--> ?PR?_ISSPACE?ISSPACE
  +--> ?PR?_ISDIGIT?ISDIGIT

*** NEW ROOT ***************************************************

?C_C51STARTUP                                   -----    -----      -----    -----
  +--> ?PR?MAIN?MAIN
  +--> ?C_INITSEG
BL51 BANKED LINKER/LOCATER V6.22                                                      07/23/2018  13:32:18  PAGE 4



?PR?MAIN?MAIN                                   -----    -----      0134H    0013H
  +--> ?PR?LCD_INIT?LCD_DRIVER_SPLC780D
  +--> ?PR?SPI_INIT?PCF85063BTL
  +--> ?PR?KEYPAD_IO_INIT?KEYPAD
  +--> ?PR?INITUART1?UART1
  +--> ?PR?I2C_INIT?VCNL4035
  +--> ?PR?_SPI_WRITETIME?PCF85063BTL
  +--> ?PR?_DELAY_MS?KEYPAD
  +--> ?PR?_DISPLAY_LINE?LCD_DRIVER_SPLC780D
  +--> ?PR?_WRITEDATA?LCD_DRIVER_SPLC780D
  +--> ?PR?KEY_PROCESS?KEYPAD
  +--> ?PR?_COMMAND?LCD_DRIVER_SPLC780D
  +--> ?PR?_DISPLAY_POS?MAIN
  +--> ?PR?_DISPLAYLCD?LCD_DRIVER_SPLC780D
  +--> ?PR?_STEP_MOVE?BIPOLARMOTOR
  +--> ?PR?LCD_RETURN_HOME?LCD_DRIVER_SPLC780D
  +--> ?PR?_READ_TIME?PCF85063BTL
  +--> ?PR?_UPDATE_POSITION?BIPOLARMOTOR
  +--> ?PR?_SENDUART1?MAIN

?PR?LCD_INIT?LCD_DRIVER_SPLC780D                -----    -----      -----    -----
  +--> ?PR?_WAIT_MS?LCD_DRIVER_SPLC780D
  +--> ?PR?_COMMAND?LCD_DRIVER_SPLC780D

?PR?_COMMAND?LCD_DRIVER_SPLC780D                -----    -----      -----    -----
  +--> ?PR?_WAIT_MS?LCD_DRIVER_SPLC780D

?PR?I2C_INIT?VCNL4035                           -----    -----      -----    -----
  +--> ?PR?_WRITE_VCNL4035X?VCNL4035

?PR?_WRITE_VCNL4035X?VCNL4035                   -----    -----      0147H    0003H
  +--> ?PR?I2C_START?VCNL4035
  +--> ?PR?_WAIT_MS_I2C?VCNL4035
  +--> ?PR?I2C_ACK?VCNL4035
  +--> ?PR?_I2C_SENDBYTE?VCNL4035
  +--> ?PR?I2C_STOP?VCNL4035

?PR?I2C_START?VCNL4035                          -----    -----      -----    -----
  +--> ?PR?_WAIT_MS_IIC?VCNL4035
  +--> ?PR?_WAIT_MS_I2C?VCNL4035

?PR?I2C_ACK?VCNL4035                            -----    -----      014AH    0001H
  +--> ?PR?_I2C_SENDBYTE?VCNL4035
  +--> ?PR?_WAIT_MS_I2C?VCNL4035

?PR?_I2C_SENDBYTE?VCNL4035                      -----    -----      -----    -----
  +--> ?PR?_WAIT_MS_I2C?VCNL4035

?PR?I2C_STOP?VCNL4035                           -----    -----      -----    -----
  +--> ?PR?_WAIT_MS_I2C?VCNL4035

?PR?_SPI_WRITETIME?PCF85063BTL                  -----    -----      -----    -----
  +--> ?PR?_SPI_SENDBYTE?PCF85063BTL

?PR?_SPI_SENDBYTE?PCF85063BTL                   -----    -----      -----    -----
  +--> ?PR?_PCF85063BTL_DELAY?PCF85063BTL
BL51 BANKED LINKER/LOCATER V6.22                                                      07/23/2018  13:32:18  PAGE 5



?PR?_DISPLAY_LINE?LCD_DRIVER_SPLC780D           -----    -----      -----    -----
  +--> ?PR?_COMMAND?LCD_DRIVER_SPLC780D

?PR?_WRITEDATA?LCD_DRIVER_SPLC780D              -----    -----      0151H    0001H
  +--> ?PR?_WAIT_MS?LCD_DRIVER_SPLC780D

?PR?KEY_PROCESS?KEYPAD                          -----    -----      0147H    0006H
  +--> ?PR?KEY_SCAN?KEYPAD
  +--> ?PR?_SPI_WRITETIME?PCF85063BTL
  +--> ?PR?LCD_CLEAR?LCD_DRIVER_SPLC780D
  +--> ?PR?_COMMAND?LCD_DRIVER_SPLC780D
  +--> ?PR?_WRITEDATA?LCD_DRIVER_SPLC780D

?PR?KEY_SCAN?KEYPAD                             -----    -----      014DH    0003H
  +--> ?PR?_DELAY_MS?KEYPAD

?PR?LCD_CLEAR?LCD_DRIVER_SPLC780D               -----    -----      -----    -----
  +--> ?PR?_COMMAND?LCD_DRIVER_SPLC780D

?PR?_DISPLAY_POS?MAIN                           -----    -----      0147H    000AH
  +--> ?PR?_ABS?ABS
  +--> ?PR?_WRITEDATA?LCD_DRIVER_SPLC780D

?PR?_DISPLAYLCD?LCD_DRIVER_SPLC780D             -----    -----      0147H    0001H
  +--> ?PR?_WRITEDATA?LCD_DRIVER_SPLC780D

?PR?_STEP_MOVE?BIPOLARMOTOR                     0020H.5  0000H.1    015FH    0004H
  +--> ?PR?_WAIT_MS?LCD_DRIVER_SPLC780D

?PR?LCD_RETURN_HOME?LCD_DRIVER_SPLC780D         -----    -----      -----    -----
  +--> ?PR?_COMMAND?LCD_DRIVER_SPLC780D

?PR?_READ_TIME?PCF85063BTL                      -----    -----      0147H    000FH
  +--> ?PR?_SPI_READTIME?PCF85063BTL

?PR?_SPI_READTIME?PCF85063BTL                   -----    -----      -----    -----
  +--> ?PR?_SPI_SENDBYTE?PCF85063BTL
  +--> ?PR?SPI_RECEIVEBYTE?PCF85063BTL

?PR?SPI_RECEIVEBYTE?PCF85063BTL                 -----    -----      -----    -----
  +--> ?PR?_PCF85063BTL_DELAY?PCF85063BTL

?PR?_UPDATE_POSITION?BIPOLARMOTOR               -----    -----      0147H    0014H
  +--> ?PR?_DAY_OF_YEAR?PCF85063BTL
  +--> ?PR?_BCDTODEC1?BIPOLARMOTOR
  +--> ?PR?_MOVE?BIPOLARMOTOR

?PR?_DAY_OF_YEAR?PCF85063BTL                    -----    -----      -----    -----
  +--> ?PR?_BCDTODEC?PCF85063BTL

?PR?_MOVE?BIPOLARMOTOR                          0020H.4  0000H.1    015BH    0004H
  +--> ?PR?_STEP_MOVE?BIPOLARMOTOR



SYMBOL TABLE OF MODULE:  .\Obj\GPIO_RTC_Test (MAIN)
BL51 BANKED LINKER/LOCATER V6.22                                                      07/23/2018  13:32:18  PAGE 6



  VALUE           TYPE          NAME
  ----------------------------------

  -------         MODULE        MAIN
  C:0000H         SYMBOL        _ICE_DUMMY_
  D:0080H         PUBLIC        P0
  D:0090H         PUBLIC        P1
  D:00A0H         PUBLIC        P2
  D:00B0H         PUBLIC        P3
  D:00C0H         PUBLIC        P4
  D:00C8H         PUBLIC        P5
  X:016BH         SYMBOL        PressedKey
  B:00A8H.7       PUBLIC        EA
  D:00E8H         PUBLIC        P6
  D:00F8H         PUBLIC        P7
  X:016FH         PUBLIC        RX_Data_Uart_Cnt
  D:00A8H         PUBLIC        IE
  D:00B8H         PUBLIC        IP
  B:0098H.0       PUBLIC        RI
  B:0098H.1       PUBLIC        TI
  C:1251H         PUBLIC        Uart
  D:00D8H         PUBLIC        CCON
  C:08ADH         PUBLIC        main
  D:0099H         PUBLIC        SBUF
  D:0098H         PUBLIC        SCON
  D:0089H         PUBLIC        TMOD
  D:0088H         PUBLIC        TCON
  X:0171H         SYMBOL        KeyCount
  X:0173H         PUBLIC        Rec_data_hour
  X:0176H         PUBLIC        Rec_data_min
  D:008EH         PUBLIC        AUXR
  C:000AH         PUBLIC        tm0_isr
  B:0020H.6       PUBLIC        busy
  D:00E0H         PUBLIC        ACC
  B:00A8H.1       PUBLIC        ET0
  D:008CH         PUBLIC        TH0
  X:0179H         PUBLIC        hour_count
  D:008AH         PUBLIC        TL0
  X:017AH         PUBLIC        min_count
  B:0088H.4       PUBLIC        TR0
  X:017BH         SYMBOL        KeyNum
  X:017CH         SYMBOL        KeyNum_Old
  C:1386H         PUBLIC        _Display_Prox
  C:0CB8H         PUBLIC        _Display_Pos
  X:017DH         PUBLIC        st_time
  D:00D0H         PUBLIC        PSW
  C:1A22H         PUBLIC        _SendUART1
  -------         PROC          TM0_ISR
  C:000AH         LINE#         53
  C:000AH         LINE#         56
  -------         ENDPROC       TM0_ISR
  -------         PROC          MAIN
  -------         DO            
  X:0134H         SYMBOL        seconds
  X:0135H         SYMBOL        mins
  X:0136H         SYMBOL        hours
BL51 BANKED LINKER/LOCATER V6.22                                                      07/23/2018  13:32:18  PAGE 7


  X:0137H         SYMBOL        days
  X:0138H         SYMBOL        months
  X:0139H         SYMBOL        prox_data
  X:0163H         SYMBOL        KeyCount
  X:0165H         SYMBOL        KeyNum_Old
  X:0166H         SYMBOL        KeyNum
  X:0167H         SYMBOL        PressedKey
  X:013BH         SYMBOL        prox_flag
  X:013CH         SYMBOL        count
  X:013EH         SYMBOL        numStr
  X:0143H         SYMBOL        current_position
  -------         ENDDO         
  C:08ADH         LINE#         58
  C:08ADH         LINE#         59
  C:08ADH         LINE#         64
  C:08B3H         LINE#         66
  C:08B8H         LINE#         68
  C:08C2H         LINE#         69
  C:08C4H         LINE#         70
  C:08C6H         LINE#         71
  C:08C8H         LINE#         80
  C:08CBH         LINE#         81
  C:08CEH         LINE#         82
  C:08D1H         LINE#         83
  C:08D4H         LINE#         84
  C:08D7H         LINE#         86
  C:08DAH         LINE#         87
  C:08DDH         LINE#         88
  C:08E0H         LINE#         89
  C:08E2H         LINE#         90
  C:08E4H         LINE#         91
  C:08E6H         LINE#         93
  C:08E8H         LINE#         94
  C:08EFH         LINE#         95
  C:08F6H         LINE#         96
  C:08FDH         LINE#         97
  C:0904H         LINE#         101
  C:090BH         LINE#         102
  C:0910H         LINE#         103
  C:0915H         LINE#         104
  C:091AH         LINE#         105
  C:091FH         LINE#         106
  C:0924H         LINE#         109
  C:0924H         LINE#         110
  C:0924H         LINE#         111
  C:0927H         LINE#         112
  C:0935H         LINE#         114
  C:0935H         LINE#         117
  C:093AH         LINE#         118
  C:093FH         LINE#         120
  C:0944H         LINE#         121
  C:0949H         LINE#         122
  C:094EH         LINE#         123
  C:0953H         LINE#         125
  C:0964H         LINE#         127
  C:096BH         LINE#         128
  C:0973H         LINE#         129
BL51 BANKED LINKER/LOCATER V6.22                                                      07/23/2018  13:32:18  PAGE 8


  C:0978H         LINE#         130
  C:0980H         LINE#         131
  C:0985H         LINE#         132
  C:098FH         LINE#         134
  C:0997H         LINE#         136
  C:099FH         LINE#         148
  C:09A2H         LINE#         149
  C:09A2H         LINE#         150
  C:09ADH         LINE#         151
  C:09C4H         LINE#         152
  C:09C4H         LINE#         153
  C:09C6H         LINE#         154
  C:09C8H         LINE#         156
  C:09C8H         LINE#         157
  C:09D3H         LINE#         158
  C:09D3H         LINE#         159
  C:09D8H         LINE#         160
  C:09D8H         LINE#         161
  C:09DBH         LINE#         162
  C:09DBH         LINE#         163
  C:09DDH         LINE#         164
  C:09E8H         LINE#         165
  C:09FFH         LINE#         166
  C:09FFH         LINE#         167
  C:0A01H         LINE#         168
  C:0A03H         LINE#         170
  C:0A03H         LINE#         171
  C:0A0EH         LINE#         172
  C:0A0EH         LINE#         173
  C:0A13H         LINE#         174
  C:0A13H         LINE#         190
  C:0A16H         LINE#         192
  C:0A16H         LINE#         193
  C:0A51H         LINE#         194
  C:0A7FH         LINE#         198
  C:0A8CH         LINE#         199
  C:0A8CH         LINE#         200
  C:0A96H         LINE#         201
  C:0AA0H         LINE#         202
  C:0AA7H         LINE#         203
  C:0AAFH         LINE#         204
  C:0AB7H         LINE#         205
  -------         ENDPROC       MAIN
  -------         PROC          UART
  C:1251H         LINE#         218
  C:125EH         LINE#         220
  C:1261H         LINE#         221
  C:1261H         LINE#         222
  C:126FH         LINE#         223
  C:1271H         LINE#         224
  C:1283H         LINE#         225
  C:1292H         LINE#         226
  C:129DH         LINE#         227
  C:129DH         LINE#         230
  C:12AAH         LINE#         231
  C:12B0H         LINE#         232
  C:12B0H         LINE#         233
BL51 BANKED LINKER/LOCATER V6.22                                                      07/23/2018  13:32:18  PAGE 9


  C:12B6H         LINE#         234
  C:12C4H         LINE#         235
  C:12D2H         LINE#         236
  C:12DAH         LINE#         241
  C:12DAH         LINE#         242
  C:12DAH         LINE#         245
  C:12DAH         LINE#         246
  C:12DDH         LINE#         247
  C:12DDH         LINE#         248
  C:12DFH         LINE#         249
  C:12E1H         LINE#         250
  C:12E1H         LINE#         251
  -------         ENDPROC       UART
  -------         PROC          _SENDUART1
  D:0007H         SYMBOL        dat
  C:1A22H         LINE#         254
  C:1A22H         LINE#         255
  C:1A22H         LINE#         256
  C:1A25H         LINE#         257
  C:1A27H         LINE#         258
  C:1A28H         LINE#         259
  C:1A2AH         LINE#         260
  -------         ENDPROC       _SENDUART1
  -------         PROC          _DISPLAY_PROX
  D:0002H         SYMBOL        dat
  -------         DO            
  X:0190H         SYMBOL        unit
  X:0191H         SYMBOL        ten
  X:0192H         SYMBOL        hundred
  X:0193H         SYMBOL        thousand
  -------         ENDDO         
  C:1386H         LINE#         263
  C:138AH         LINE#         264
  C:138AH         LINE#         266
  C:1396H         LINE#         267
  C:13A6H         LINE#         268
  C:13C2H         LINE#         269
  C:13F2H         LINE#         270
  C:13FCH         LINE#         271
  C:1406H         LINE#         272
  C:1410H         LINE#         273
  C:141AH         LINE#         275
  -------         ENDPROC       _DISPLAY_PROX
  -------         PROC          _DISPLAY_POS
  X:0147H         SYMBOL        sign_dat
  -------         DO            
  X:014BH         SYMBOL        unit
  X:014CH         SYMBOL        ten
  X:014DH         SYMBOL        hundred
  D:0003H         SYMBOL        thousand
  X:014EH         SYMBOL        after_dot
  X:014FH         SYMBOL        dat
  -------         ENDDO         
  C:0CB8H         LINE#         278
  C:0CBEH         LINE#         279
  C:0CBEH         LINE#         283
  C:0CDAH         LINE#         284
BL51 BANKED LINKER/LOCATER V6.22                                                      07/23/2018  13:32:18  PAGE 10


  C:0CF4H         LINE#         285
  C:0D18H         LINE#         287
  C:0D62H         LINE#         289
  C:0D79H         LINE#         290
  C:0D86H         LINE#         291
  C:0DA8H         LINE#         292
  C:0DDDH         LINE#         293
  C:0DF5H         LINE#         294
  C:0DF5H         LINE#         296
  C:0DFFH         LINE#         297
  C:0E09H         LINE#         298
  C:0E13H         LINE#         299
  C:0E18H         LINE#         300
  C:0E22H         LINE#         301
  C:0E27H         LINE#         302
  C:0E2CH         LINE#         303
  C:0E2EH         LINE#         304
  C:0E30H         LINE#         306
  C:0E30H         LINE#         308
  C:0E35H         LINE#         309
  C:0E3FH         LINE#         310
  C:0E49H         LINE#         311
  C:0E53H         LINE#         312
  C:0E58H         LINE#         313
  C:0E62H         LINE#         314
  C:0E67H         LINE#         315
  C:0E6CH         LINE#         317
  C:0E6CH         LINE#         319
  -------         ENDPROC       _DISPLAY_POS
  -------         ENDMOD        MAIN

  -------         MODULE        PCF85063BTL
  C:0000H         SYMBOL        _ICE_DUMMY_
  D:0096H         PUBLIC        P2M0
  D:0080H         PUBLIC        P0
  D:0095H         PUBLIC        P2M1
  D:0090H         PUBLIC        P1
  D:00A0H         PUBLIC        P2
  D:00B0H         PUBLIC        P3
  D:00C0H         PUBLIC        P4
  D:00C8H         PUBLIC        P5
  D:00E8H         PUBLIC        P6
  B:00A0H.2       PUBLIC        PCF85063BTL_SDI
  D:00F8H         PUBLIC        P7
  B:00A0H.1       PUBLIC        PCF85063BTL_SCK
  B:00A0H.2       PUBLIC        PCF85063BTL_SDO
  D:00A8H         PUBLIC        IE
  C:15A0H         PUBLIC        _Read_time
  C:195EH         PUBLIC        _PCF85063BTL_Delay
  D:00B8H         PUBLIC        IP
  D:00D8H         PUBLIC        CCON
  C:14A7H         PUBLIC        _Day_Of_Year
  C:1869H         PUBLIC        SPI_ReceiveByte
  D:0098H         PUBLIC        SCON
  D:0088H         PUBLIC        TCON
  C:19A4H         PUBLIC        _BCDtoDec
  B:00A0H.0       PUBLIC        PCF85063BTL_CS
BL51 BANKED LINKER/LOCATER V6.22                                                      07/23/2018  13:32:18  PAGE 11


  C:1993H         PUBLIC        _SPI_ReadTime
  C:19F5H         PUBLIC        SPI_Init
  C:18FDH         PUBLIC        _SPI_WriteTime
  C:1849H         PUBLIC        _SPI_SendByte
  D:00D0H         PUBLIC        PSW
  C:195AH         SYMBOL        L?0047
  -------         PROC          L?0046
  -------         ENDPROC       L?0046
  C:195AH         SYMBOL        L?0047
  -------         PROC          _PCF85063BTL_DELAY
  D:0006H         SYMBOL        us
  C:195EH         LINE#         8
  C:195EH         LINE#         9
  C:195EH         LINE#         10
  C:1968H         LINE#         11
  C:1968H         LINE#         12
  C:1969H         LINE#         13
  C:196BH         LINE#         14
  -------         ENDPROC       _PCF85063BTL_DELAY
  -------         PROC          _SPI_SENDBYTE
  D:0005H         SYMBOL        dat
  -------         DO            
  D:0003H         SYMBOL        i
  -------         ENDDO         
  C:1849H         LINE#         17
  C:184BH         LINE#         18
  C:184BH         LINE#         20
  C:184DH         LINE#         21
  C:184DH         LINE#         22
  C:184FH         LINE#         23
  C:1853H         LINE#         24
  C:1853H         LINE#         25
  C:1855H         LINE#         26
  C:1857H         LINE#         28
  C:1857H         LINE#         29
  C:1859H         LINE#         30
  C:1859H         LINE#         31
  C:185CH         LINE#         32
  C:185CH         LINE#         33
  C:185FH         LINE#         34
  C:1863H         LINE#         35
  C:1868H         LINE#         36
  -------         ENDPROC       _SPI_SENDBYTE
  -------         PROC          SPI_RECEIVEBYTE
  -------         DO            
  D:0003H         SYMBOL        i
  D:0005H         SYMBOL        dat
  -------         ENDDO         
  C:1869H         LINE#         39
  C:1869H         LINE#         40
  C:1869H         LINE#         42
  C:186BH         LINE#         44
  C:186DH         LINE#         45
  C:186EH         LINE#         46
  C:186EH         LINE#         47
  C:1872H         LINE#         48
  C:1874H         LINE#         49
BL51 BANKED LINKER/LOCATER V6.22                                                      07/23/2018  13:32:18  PAGE 12


  C:1877H         LINE#         51
  C:187AH         LINE#         52
  C:187AH         LINE#         53
  C:187EH         LINE#         54
  C:187EH         LINE#         55
  C:187EH         LINE#         56
  C:1881H         LINE#         57
  C:1886H         LINE#         58
  C:1888H         LINE#         59
  -------         ENDPROC       SPI_RECEIVEBYTE
  -------         PROC          _SPI_READTIME
  D:0007H         SYMBOL        addr
  -------         DO            
  D:0006H         SYMBOL        dat
  -------         ENDDO         
  C:1993H         LINE#         61
  C:1993H         LINE#         62
  C:1993H         LINE#         64
  C:1995H         LINE#         65
  C:1997H         LINE#         66
  C:199EH         LINE#         67
  C:19A1H         LINE#         68
  C:19A3H         LINE#         69
  C:19A3H         LINE#         70
  -------         ENDPROC       _SPI_READTIME
  -------         PROC          _SPI_WRITETIME
  D:0002H         SYMBOL        val
  D:0005H         SYMBOL        addr
  C:18FDH         LINE#         71
  C:18FFH         LINE#         72
  C:18FFH         LINE#         74
  C:1901H         LINE#         75
  C:1908H         LINE#         76
  C:190DH         LINE#         77
  C:1912H         LINE#         78
  C:1914H         LINE#         79
  -------         ENDPROC       _SPI_WRITETIME
  -------         PROC          SPI_INIT
  C:19F5H         LINE#         83
  C:19F5H         LINE#         84
  C:19F5H         LINE#         89
  C:19F8H         LINE#         90
  C:19FBH         LINE#         91
  C:19FDH         LINE#         92
  C:19FFH         LINE#         93
  C:1A01H         LINE#         94
  -------         ENDPROC       SPI_INIT
  -------         PROC          _READ_TIME
  X:0147H         SYMBOL        months
  X:014AH         SYMBOL        days
  X:014DH         SYMBOL        hours
  X:0150H         SYMBOL        mins
  X:0153H         SYMBOL        seconds
  C:15A0H         LINE#         96
  C:15ABH         LINE#         97
  C:15ABH         LINE#         99
  C:15BFH         LINE#         101
BL51 BANKED LINKER/LOCATER V6.22                                                      07/23/2018  13:32:18  PAGE 13


  C:15D3H         LINE#         103
  C:15E7H         LINE#         108
  C:15FBH         LINE#         113
  -------         ENDPROC       _READ_TIME
  -------         PROC          _BCDTODEC
  D:0007H         SYMBOL        bcd
  -------         DO            
  D:0006H         SYMBOL        hi
  D:0007H         SYMBOL        lo
  -------         ENDDO         
  C:19A4H         LINE#         119
  C:19A4H         LINE#         120
  C:19A4H         LINE#         122
  C:19A9H         LINE#         123
  C:19ADH         LINE#         124
  C:19B4H         LINE#         125
  -------         ENDPROC       _BCDTODEC
  -------         PROC          _DAY_OF_YEAR
  D:0007H         SYMBOL        months_bcd
  D:0005H         SYMBOL        days_bcd
  -------         DO            
  D:0004H         SYMBOL        months
  D:0007H         SYMBOL        days
  -------         ENDDO         
  C:14A7H         LINE#         126
  C:14A7H         LINE#         127
  C:14A7H         LINE#         130
  C:14ACH         LINE#         132
  C:14B1H         LINE#         134
  C:14EAH         LINE#         135
  C:14EAH         LINE#         136
  C:14EAH         LINE#         137
  C:14EDH         LINE#         138
  C:14EDH         LINE#         139
  C:14EDH         LINE#         140
  C:14F2H         LINE#         141
  C:14F2H         LINE#         142
  C:14F2H         LINE#         143
  C:14F7H         LINE#         144
  C:14F7H         LINE#         145
  C:14F7H         LINE#         146
  C:14FCH         LINE#         147
  C:14FCH         LINE#         148
  C:14FCH         LINE#         149
  C:1501H         LINE#         150
  C:1501H         LINE#         151
  C:1501H         LINE#         152
  C:1506H         LINE#         153
  C:1506H         LINE#         154
  C:1506H         LINE#         155
  C:150BH         LINE#         156
  C:150BH         LINE#         157
  C:150BH         LINE#         158
  C:1510H         LINE#         159
  C:1510H         LINE#         160
  C:1510H         LINE#         161
  C:1518H         LINE#         162
BL51 BANKED LINKER/LOCATER V6.22                                                      07/23/2018  13:32:18  PAGE 14


  C:1518H         LINE#         163
  C:1518H         LINE#         164
  C:151DH         LINE#         165
  C:151DH         LINE#         166
  C:151DH         LINE#         167
  C:1522H         LINE#         168
  C:1522H         LINE#         169
  C:1522H         LINE#         170
  C:152AH         LINE#         171
  C:152AH         LINE#         172
  C:152AH         LINE#         173
  -------         ENDPROC       _DAY_OF_YEAR
  -------         ENDMOD        PCF85063BTL

  -------         MODULE        UART1
  C:0000H         SYMBOL        _ICE_DUMMY_
  D:0080H         PUBLIC        P0
  D:0090H         PUBLIC        P1
  D:00A0H         PUBLIC        P2
  D:00B0H         PUBLIC        P3
  D:00C0H         PUBLIC        P4
  D:00C8H         PUBLIC        P5
  B:00A8H.7       PUBLIC        EA
  D:00E8H         PUBLIC        P6
  D:00F8H         PUBLIC        P7
  C:1779H         PUBLIC        _SendString
  D:00A8H         PUBLIC        IE
  B:00A8H.4       PUBLIC        ES
  D:00B8H         PUBLIC        IP
  C:1915H         PUBLIC        _ASCIItoBCD
  D:00D8H         PUBLIC        CCON
  C:19B5H         PUBLIC        initUART1
  D:0098H         PUBLIC        SCON
  D:0088H         PUBLIC        TCON
  C:1A47H         PUBLIC        _DectoBCD
  C:1A42H         PUBLIC        _ASCII_Letter
  D:008EH         PUBLIC        AUXR
  C:1A3DH         PUBLIC        _unit
  C:1A2BH         PUBLIC        _ten
  D:00D6H         PUBLIC        T2H
  D:00D7H         PUBLIC        T2L
  D:00D0H         PUBLIC        PSW
  -------         PROC          INITUART1
  C:19B5H         LINE#         21
  C:19B5H         LINE#         22
  C:19B5H         LINE#         23
  C:19B8H         LINE#         24
  C:19BBH         LINE#         25
  C:19BEH         LINE#         26
  C:19C1H         LINE#         27
  C:19C3H         LINE#         28
  C:19C5H         LINE#         30
  -------         ENDPROC       INITUART1
  -------         PROC          _SENDSTRING
  X:0194H         SYMBOL        s
  C:1779H         LINE#         35
  C:1784H         LINE#         36
BL51 BANKED LINKER/LOCATER V6.22                                                      07/23/2018  13:32:18  PAGE 15


  C:1784H         LINE#         37
  C:1794H         LINE#         38
  C:1794H         LINE#         39
  C:17A9H         LINE#         40
  C:17ABH         LINE#         41
  -------         ENDPROC       _SENDSTRING
  -------         PROC          _TEN
  D:0007H         SYMBOL        BCD
  C:1A2BH         LINE#         43
  C:1A2BH         LINE#         44
  C:1A2BH         LINE#         45
  C:1A30H         LINE#         46
  -------         ENDPROC       _TEN
  -------         PROC          _UNIT
  D:0007H         SYMBOL        BCD
  C:1A3DH         LINE#         47
  C:1A3DH         LINE#         48
  C:1A3DH         LINE#         52
  C:1A41H         LINE#         53
  -------         ENDPROC       _UNIT
  -------         PROC          _DECTOBCD
  D:0007H         SYMBOL        dec
  C:1A47H         LINE#         54
  C:1A47H         LINE#         55
  C:1A47H         LINE#         57
  C:1A47H         LINE#         58
  -------         ENDPROC       _DECTOBCD
  -------         PROC          _ASCII_LETTER
  D:0007H         SYMBOL        dat
  C:1A42H         LINE#         60
  C:1A42H         LINE#         61
  C:1A42H         LINE#         63
  C:1A46H         LINE#         64
  -------         ENDPROC       _ASCII_LETTER
  -------         PROC          _ASCIITOBCD
  D:0001H         SYMBOL        ascii
  -------         DO            
  D:0007H         SYMBOL        dec_val
  D:0006H         SYMBOL        ten
  D:0007H         SYMBOL        unit
  -------         ENDDO         
  C:1915H         LINE#         66
  C:1915H         LINE#         67
  C:1915H         LINE#         69
  C:1918H         LINE#         70
  C:191EH         LINE#         71
  C:1925H         LINE#         72
  C:192BH         LINE#         74
  -------         ENDPROC       _ASCIITOBCD
  -------         ENDMOD        UART1

  -------         MODULE        LCD_DRIVER_SPLC780D
  C:0000H         SYMBOL        _ICE_DUMMY_
  D:0080H         PUBLIC        P0
  D:0090H         PUBLIC        P1
  D:00A0H         PUBLIC        P2
  D:00B0H         PUBLIC        P3
BL51 BANKED LINKER/LOCATER V6.22                                                      07/23/2018  13:32:18  PAGE 16


  D:00C0H         PUBLIC        P4
  D:00C8H         PUBLIC        P5
  D:00E8H         PUBLIC        P6
  D:00F8H         PUBLIC        P7
  C:152BH         PUBLIC        _WriteData
  D:00A8H         PUBLIC        IE
  D:00B8H         PUBLIC        IP
  D:00D8H         PUBLIC        CCON
  B:0090H.4       PUBLIC        LCD_D4
  B:0090H.5       PUBLIC        LCD_D5
  B:0090H.6       PUBLIC        LCD_D6
  C:18C5H         PUBLIC        _DisplayLCD
  B:0090H.7       PUBLIC        LCD_D7
  D:0098H         PUBLIC        SCON
  D:0088H         PUBLIC        TCON
  C:1A18H         PUBLIC        LCD_clear
  C:1705H         PUBLIC        _Command
  C:000EH         PUBLIC        _Display_Line
  C:1668H         PUBLIC        LCD_Init
  C:1809H         PUBLIC        _Wait_ms
  B:0090H.1       PUBLIC        LCD_RS
  B:0090H.2       PUBLIC        LCD_RW
  C:1A0EH         PUBLIC        LCD_return_home
  B:0090H.3       PUBLIC        LCD_E
  D:00D0H         PUBLIC        PSW
  -------         PROC          LCD_INIT
  C:1668H         LINE#         9
  C:1668H         LINE#         10
  C:1668H         LINE#         12
  C:166FH         LINE#         13
  C:1674H         LINE#         15
  C:167BH         LINE#         16
  C:1680H         LINE#         18
  C:1683H         LINE#         19
  C:1688H         LINE#         21
  C:168BH         LINE#         22
  C:1690H         LINE#         24
  C:1697H         LINE#         27
  C:169CH         LINE#         28
  C:16A1H         LINE#         30
  C:16A6H         LINE#         31
  C:16ABH         LINE#         33
  C:16B0H         LINE#         34
  C:16B5H         LINE#         35
  -------         ENDPROC       LCD_INIT
  -------         PROC          _WRITEDATA
  X:0151H         SYMBOL        dat
  C:152BH         LINE#         38
  C:1530H         LINE#         39
  C:1530H         LINE#         44
  C:1532H         LINE#         45
  C:1534H         LINE#         47
  C:1542H         LINE#         48
  C:154EH         LINE#         49
  C:155AH         LINE#         50
  C:1564H         LINE#         51
  C:1566H         LINE#         52
BL51 BANKED LINKER/LOCATER V6.22                                                      07/23/2018  13:32:18  PAGE 17


  C:156DH         LINE#         53
  C:156FH         LINE#         55
  C:157FH         LINE#         56
  C:158AH         LINE#         57
  C:1594H         LINE#         58
  C:1598H         LINE#         60
  C:1598H         LINE#         61
  C:159BH         LINE#         62
  C:159DH         LINE#         63
  C:159FH         LINE#         65
  -------         ENDPROC       _WRITEDATA
  -------         PROC          _COMMAND
  D:0007H         SYMBOL        dat
  C:1705H         LINE#         67
  C:1705H         LINE#         68
  C:1705H         LINE#         69
  C:1707H         LINE#         70
  C:1709H         LINE#         72
  C:1713H         LINE#         73
  C:1717H         LINE#         75
  C:1719H         LINE#         76
  C:1722H         LINE#         77
  C:1726H         LINE#         79
  C:1728H         LINE#         80
  C:172FH         LINE#         81
  C:1733H         LINE#         83
  C:1735H         LINE#         84
  C:1739H         LINE#         85
  C:173DH         LINE#         87
  C:173FH         LINE#         88
  C:173FH         LINE#         89
  C:1742H         LINE#         90
  C:1744H         LINE#         91
  -------         ENDPROC       _COMMAND
  C:1805H         SYMBOL        L?0028
  -------         PROC          L?0027
  -------         ENDPROC       L?0027
  C:1805H         SYMBOL        L?0028
  -------         PROC          _WAIT_MS
  D:0006H         SYMBOL        ms
  -------         DO            
  D:0004H         SYMBOL        De_Cnt
  -------         ENDDO         
  C:1809H         LINE#         93
  C:1809H         LINE#         94
  C:1809H         LINE#         96
  C:1813H         LINE#         97
  C:1813H         LINE#         98
  C:1826H         LINE#         99
  C:1826H         LINE#         100
  -------         ENDPROC       _WAIT_MS
  -------         PROC          _DISPLAYLCD
  D:0007H         SYMBOL        BCD
  -------         DO            
  D:0006H         SYMBOL        first_digit
  X:0147H         SYMBOL        second_digit
  -------         ENDDO         
BL51 BANKED LINKER/LOCATER V6.22                                                      07/23/2018  13:32:18  PAGE 18


  C:18C5H         LINE#         101
  C:18C5H         LINE#         102
  C:18C5H         LINE#         104
  C:18CCH         LINE#         105
  C:18D5H         LINE#         107
  C:18DAH         LINE#         109
  -------         ENDPROC       _DISPLAYLCD
  -------         PROC          LCD_RETURN_HOME
  C:1A0EH         LINE#         113
  C:1A0EH         LINE#         114
  C:1A0EH         LINE#         115
  C:1A13H         LINE#         116
  -------         ENDPROC       LCD_RETURN_HOME
  -------         PROC          LCD_CLEAR
  C:1A18H         LINE#         119
  C:1A18H         LINE#         120
  C:1A18H         LINE#         121
  C:1A1DH         LINE#         122
  -------         ENDPROC       LCD_CLEAR
  -------         PROC          _DISPLAY_LINE
  D:0006H         SYMBOL        line
  C:000EH         LINE#         126
  C:000EH         LINE#         127
  C:000EH         LINE#         128
  C:0014H         LINE#         129
  C:0014H         LINE#         130
  C:0016H         LINE#         131
  C:0016H         LINE#         132
  C:0018H         LINE#         134
  C:0018H         LINE#         135
  C:001DH         LINE#         136
  C:0022H         LINE#         137
  C:0022H         LINE#         138
  -------         ENDPROC       _DISPLAY_LINE
  -------         ENDMOD        LCD_DRIVER_SPLC780D

  -------         MODULE        KEYPAD
  C:0000H         SYMBOL        _ICE_DUMMY_
  D:0093H         PUBLIC        P0M1
  D:0080H         PUBLIC        P0
  D:0090H         PUBLIC        P1
  D:00A0H         PUBLIC        P2
  D:00B0H         PUBLIC        P3
  D:00C0H         PUBLIC        P4
  D:00C8H         PUBLIC        P5
  D:00E8H         PUBLIC        P6
  D:00F8H         PUBLIC        P7
  D:00A8H         PUBLIC        IE
  C:0E6DH         PUBLIC        Key_Scan
  D:00B8H         PUBLIC        IP
  D:00D8H         PUBLIC        CCON
  C:0003H         PUBLIC        KeyPad_IO_Init
  C:1889H         PUBLIC        _Delay_ms
  D:0098H         PUBLIC        SCON
  D:0088H         PUBLIC        TCON
  B:0020H.0       PUBLIC        small_move
  B:0020H.1       PUBLIC        move
BL51 BANKED LINKER/LOCATER V6.22                                                      07/23/2018  13:32:18  PAGE 19


  B:0020H.2       PUBLIC        direction
  C:0634H         PUBLIC        Key_Process
  D:00D0H         PUBLIC        PSW
  D:0094H         PUBLIC        P0M0
  -------         PROC          _DELAY_MS
  D:0006H         SYMBOL        ms
  -------         DO            
  D:0004H         SYMBOL        De_Cnt
  -------         ENDDO         
  C:1889H         LINE#         16
  C:1889H         LINE#         17
  C:1889H         LINE#         19
  C:1893H         LINE#         20
  C:1893H         LINE#         21
  C:18A6H         LINE#         22
  C:18A6H         LINE#         23
  -------         ENDPROC       _DELAY_MS
  -------         PROC          KEY_SCAN
  -------         DO            
  X:014DH         SYMBOL        KeyTemp1
  X:014EH         SYMBOL        KeyTemp2
  X:014FH         SYMBOL        KeyValue
  -------         ENDDO         
  C:0E6DH         LINE#         24
  C:0E6DH         LINE#         25
  C:0E6DH         LINE#         30
  C:0E70H         LINE#         33
  C:0E73H         LINE#         35
  C:0E7BH         LINE#         36
  C:0E82H         LINE#         37
  C:0E82H         LINE#         38
  C:0E89H         LINE#         39
  C:0E8EH         LINE#         40
  C:0E95H         LINE#         41
  C:0E95H         LINE#         44
  C:0E98H         LINE#         45
  C:0E9BH         LINE#         46
  C:0EA0H         LINE#         47
  C:0EA4H         LINE#         48
  C:0EA4H         LINE#         49
  C:0EACH         LINE#         50
  C:0EACH         LINE#         51
  C:0EAFH         LINE#         52
  C:0EB7H         LINE#         53
  C:0EB9H         LINE#         55
  C:0ECDH         LINE#         56
  C:0ECDH         LINE#         57
  C:0ECDH         LINE#         58
  C:0ECDH         LINE#         59
  C:0ED3H         LINE#         61
  C:0ED5H         LINE#         62
  C:0ED5H         LINE#         63
  C:0ED5H         LINE#         64
  C:0EDBH         LINE#         66
  C:0EDDH         LINE#         67
  C:0EDDH         LINE#         68
  C:0EDDH         LINE#         69
BL51 BANKED LINKER/LOCATER V6.22                                                      07/23/2018  13:32:18  PAGE 20


  C:0EE3H         LINE#         71
  C:0EE5H         LINE#         72
  C:0EE5H         LINE#         73
  C:0EE5H         LINE#         74
  C:0EEBH         LINE#         76
  C:0EEBH         LINE#         77
  C:0EEBH         LINE#         78
  C:0EEBH         LINE#         81
  C:0EEEH         LINE#         82
  C:0EF1H         LINE#         83
  C:0EF9H         LINE#         84
  C:0EFDH         LINE#         85
  C:0EFDH         LINE#         86
  C:0F05H         LINE#         87
  C:0F05H         LINE#         88
  C:0F08H         LINE#         89
  C:0F10H         LINE#         90
  C:0F12H         LINE#         91
  C:0F26H         LINE#         92
  C:0F26H         LINE#         93
  C:0F26H         LINE#         94
  C:0F26H         LINE#         95
  C:0F2CH         LINE#         97
  C:0F2EH         LINE#         98
  C:0F2EH         LINE#         99
  C:0F2EH         LINE#         100
  C:0F34H         LINE#         102
  C:0F36H         LINE#         103
  C:0F36H         LINE#         104
  C:0F36H         LINE#         105
  C:0F3CH         LINE#         107
  C:0F3EH         LINE#         108
  C:0F3EH         LINE#         109
  C:0F3EH         LINE#         110
  C:0F43H         LINE#         112
  C:0F43H         LINE#         113
  C:0F43H         LINE#         114
  C:0F43H         LINE#         117
  C:0F46H         LINE#         118
  C:0F49H         LINE#         119
  C:0F51H         LINE#         120
  C:0F55H         LINE#         121
  C:0F55H         LINE#         122
  C:0F5DH         LINE#         123
  C:0F5DH         LINE#         124
  C:0F60H         LINE#         125
  C:0F68H         LINE#         126
  C:0F6AH         LINE#         127
  C:0F7EH         LINE#         128
  C:0F7EH         LINE#         129
  C:0F7EH         LINE#         130
  C:0F7EH         LINE#         131
  C:0F84H         LINE#         133
  C:0F86H         LINE#         134
  C:0F86H         LINE#         135
  C:0F86H         LINE#         136
  C:0F8CH         LINE#         138
BL51 BANKED LINKER/LOCATER V6.22                                                      07/23/2018  13:32:18  PAGE 21


  C:0F8EH         LINE#         139
  C:0F8EH         LINE#         140
  C:0F8EH         LINE#         141
  C:0F94H         LINE#         143
  C:0F96H         LINE#         144
  C:0F96H         LINE#         145
  C:0F96H         LINE#         146
  C:0F9CH         LINE#         148
  C:0F9CH         LINE#         149
  C:0F9CH         LINE#         150
  C:0F9CH         LINE#         154
  C:0F9FH         LINE#         155
  C:0FA2H         LINE#         156
  C:0FAAH         LINE#         157
  C:0FAEH         LINE#         158
  C:0FAEH         LINE#         159
  C:0FB6H         LINE#         160
  C:0FB6H         LINE#         161
  C:0FB9H         LINE#         162
  C:0FC1H         LINE#         163
  C:0FC3H         LINE#         164
  C:0FD7H         LINE#         165
  C:0FD7H         LINE#         166
  C:0FD7H         LINE#         167
  C:0FD7H         LINE#         168
  C:0FDDH         LINE#         170
  C:0FDFH         LINE#         171
  C:0FDFH         LINE#         172
  C:0FDFH         LINE#         173
  C:0FE5H         LINE#         175
  C:0FE7H         LINE#         176
  C:0FE7H         LINE#         177
  C:0FE7H         LINE#         178
  C:0FEDH         LINE#         180
  C:0FEFH         LINE#         181
  C:0FEFH         LINE#         182
  C:0FEFH         LINE#         183
  C:0FF5H         LINE#         185
  C:0FF5H         LINE#         186
  C:0FF5H         LINE#         187
  C:0FF5H         LINE#         189
  C:0FFBH         LINE#         190
  C:0FFBH         LINE#         192
  C:0FFBH         LINE#         193
  C:0FFEH         LINE#         194
  C:0FFEH         LINE#         195
  C:0FFEH         LINE#         197
  C:0FFEH         LINE#         198
  C:1000H         LINE#         199
  C:1000H         LINE#         200
  -------         ENDPROC       KEY_SCAN
  -------         PROC          KEY_PROCESS
  -------         DO            
  X:017FH         SYMBOL        KeyCount
  X:0181H         SYMBOL        KeyNum_Old
  X:0182H         SYMBOL        KeyNum
  X:0183H         SYMBOL        PressedKey
BL51 BANKED LINKER/LOCATER V6.22                                                      07/23/2018  13:32:18  PAGE 22


  X:0147H         SYMBOL        d
  D:0004H         SYMBOL        hours
  D:0006H         SYMBOL        mins
  X:0149H         SYMBOL        months
  X:014BH         SYMBOL        days
  -------         ENDDO         
  C:0634H         LINE#         201
  C:0634H         LINE#         202
  C:0634H         LINE#         206
  C:063CH         LINE#         207
  C:0644H         LINE#         209
  C:0651H         LINE#         210
  C:0651H         LINE#         211
  C:0654H         LINE#         212
  C:0657H         LINE#         214
  C:065AH         LINE#         216
  C:065AH         LINE#         217
  C:0665H         LINE#         218
  C:0665H         LINE#         219
  C:0668H         LINE#         221
  C:0668H         LINE#         222
  C:066FH         LINE#         223
  C:066FH         LINE#         224
  C:0672H         LINE#         226
  C:0672H         LINE#         228
  C:0676H         LINE#         229
  C:0676H         LINE#         230
  C:0679H         LINE#         232
  C:0679H         LINE#         233
  C:0689H         LINE#         234
  C:0689H         LINE#         235
  C:069BH         LINE#         236
  C:06A9H         LINE#         237
  C:06B8H         LINE#         238
  C:06B8H         LINE#         240
  C:06BEH         LINE#         244
  C:06D4H         LINE#         245
  C:06E5H         LINE#         246
  C:0700H         LINE#         247
  C:0700H         LINE#         248
  C:0710H         LINE#         249
  C:0721H         LINE#         250
  C:0721H         LINE#         254
  C:073AH         LINE#         255
  C:0751H         LINE#         256
  C:0771H         LINE#         257
  C:0771H         LINE#         258
  C:077BH         LINE#         259
  C:077BH         LINE#         260
  C:0784H         LINE#         261
  C:0784H         LINE#         262
  C:0798H         LINE#         263
  C:0798H         LINE#         264
  C:0798H         LINE#         265
  C:0798H         LINE#         266
  C:0798H         LINE#         267
  C:079AH         LINE#         269
BL51 BANKED LINKER/LOCATER V6.22                                                      07/23/2018  13:32:18  PAGE 23


  C:079AH         LINE#         270
  C:07A6H         LINE#         271
  C:07A6H         LINE#         272
  C:07B7H         LINE#         273
  C:07B7H         LINE#         274
  C:07B7H         LINE#         275
  C:07B7H         LINE#         276
  C:07B7H         LINE#         278
  C:07B9H         LINE#         280
  C:07B9H         LINE#         281
  C:07CAH         LINE#         282
  C:07CAH         LINE#         283
  C:07CAH         LINE#         284
  C:07CAH         LINE#         285
  C:07CAH         LINE#         287
  C:07CAH         LINE#         289
  C:07CAH         LINE#         290
  C:07CCH         LINE#         292
  C:07CCH         LINE#         293
  C:07DFH         LINE#         294
  C:07DFH         LINE#         295
  C:07F0H         LINE#         296
  C:07F0H         LINE#         297
  C:07F0H         LINE#         298
  C:07F0H         LINE#         299
  C:07F0H         LINE#         300
  C:07F2H         LINE#         302
  C:07F2H         LINE#         303
  C:0803H         LINE#         304
  C:0803H         LINE#         305
  C:0814H         LINE#         306
  C:0825H         LINE#         307
  C:0825H         LINE#         308
  C:0825H         LINE#         309
  C:0825H         LINE#         310
  C:0825H         LINE#         311
  C:0828H         LINE#         312
  C:082DH         LINE#         313
  C:0832H         LINE#         314
  C:0837H         LINE#         315
  C:083CH         LINE#         316
  C:0841H         LINE#         317
  C:0846H         LINE#         318
  C:084BH         LINE#         319
  C:084BH         LINE#         321
  C:086DH         LINE#         322
  C:086DH         LINE#         323
  C:0877H         LINE#         324
  C:0877H         LINE#         325
  C:087CH         LINE#         326
  C:0885H         LINE#         327
  C:089CH         LINE#         328
  C:089CH         LINE#         329
  C:08ACH         LINE#         331
  C:08ACH         LINE#         335
  -------         ENDPROC       KEY_PROCESS
  -------         PROC          KEYPAD_IO_INIT
BL51 BANKED LINKER/LOCATER V6.22                                                      07/23/2018  13:32:18  PAGE 24


  C:0003H         LINE#         338
  C:0003H         LINE#         339
  C:0003H         LINE#         340
  C:0006H         LINE#         341
  C:0009H         LINE#         342
  -------         ENDPROC       KEYPAD_IO_INIT
  -------         ENDMOD        KEYPAD

  -------         MODULE        VCNL4035
  C:0000H         SYMBOL        _ICE_DUMMY_
  D:0080H         PUBLIC        P0
  B:00B0H.2       PUBLIC        I2C_SCK
  D:00B2H         PUBLIC        P3M0
  D:0090H         PUBLIC        P1
  D:00B1H         PUBLIC        P3M1
  D:00A0H         PUBLIC        P2
  D:00B0H         PUBLIC        P3
  D:00C0H         PUBLIC        P4
  D:00C8H         PUBLIC        P5
  D:00E8H         PUBLIC        P6
  D:00F8H         PUBLIC        P7
  D:00A8H         PUBLIC        IE
  C:1A37H         PUBLIC        _DisplayLCD_VCNL4035
  D:00B8H         PUBLIC        IP
  D:00D8H         PUBLIC        CCON
  C:1980H         PUBLIC        I2C_Start
  D:0098H         PUBLIC        SCON
  C:192CH         PUBLIC        I2C_Init
  D:0088H         PUBLIC        TCON
  C:19D7H         PUBLIC        uC_NACK
  C:17E5H         PUBLIC        _Wait_ms_i2c
  C:1827H         PUBLIC        _I2C_SendByte
  C:1943H         PUBLIC        I2C_Stop
  C:16BCH         PUBLIC        _Write_VCNL4035X
  C:1A48H         PUBLIC        nop
  C:12ECH         PUBLIC        _Read_VCNL4035
  C:1A31H         PUBLIC        uC_ACK
  C:18E7H         PUBLIC        I2C_ACK
  C:18A7H         PUBLIC        _Wait_ms_iic
  B:00B0H.1       PUBLIC        I2C_SDA
  D:00D0H         PUBLIC        PSW
  C:17B2H         PUBLIC        I2C_ReceiveByte
  -------         PROC          _WAIT_MS_IIC
  D:0006H         SYMBOL        ms
  -------         DO            
  D:0004H         SYMBOL        De_Cnt
  -------         ENDDO         
  C:18A7H         LINE#         5
  C:18A7H         LINE#         6
  C:18A7H         LINE#         8
  C:18B1H         LINE#         9
  C:18B1H         LINE#         10
  C:18C4H         LINE#         11
  C:18C4H         LINE#         12
  -------         ENDPROC       _WAIT_MS_IIC
  C:17DFH         SYMBOL        L?0048
  C:17E1H         SYMBOL        L?0049
BL51 BANKED LINKER/LOCATER V6.22                                                      07/23/2018  13:32:18  PAGE 25


  -------         PROC          L?0047
  -------         ENDPROC       L?0047
  C:17DFH         SYMBOL        L?0048
  C:17E1H         SYMBOL        L?0049
  -------         PROC          _WAIT_MS_I2C
  D:0006H         SYMBOL        ms
  -------         DO            
  D:0004H         SYMBOL        De_Cnt
  -------         ENDDO         
  C:17E5H         LINE#         14
  C:17E5H         LINE#         15
  C:17E5H         LINE#         17
  C:17EFH         LINE#         18
  C:17EFH         LINE#         19
  C:1802H         LINE#         20
  C:1802H         LINE#         21
  -------         ENDPROC       _WAIT_MS_I2C
  -------         PROC          NOP
  C:1A48H         LINE#         22
  C:1A48H         LINE#         23
  C:1A48H         LINE#         25
  -------         ENDPROC       NOP
  -------         PROC          I2C_START
  C:1980H         LINE#         26
  C:1980H         LINE#         27
  C:1980H         LINE#         29
  C:1982H         LINE#         30
  C:1984H         LINE#         31
  C:198BH         LINE#         32
  C:198DH         LINE#         33
  C:1990H         LINE#         34
  C:1992H         LINE#         37
  -------         ENDPROC       I2C_START
  -------         PROC          I2C_STOP
  C:1943H         LINE#         39
  C:1943H         LINE#         40
  C:1943H         LINE#         41
  C:1945H         LINE#         42
  C:1947H         LINE#         43
  C:194AH         LINE#         44
  C:194CH         LINE#         45
  C:194EH         LINE#         46
  C:1955H         LINE#         47
  C:1957H         LINE#         50
  -------         ENDPROC       I2C_STOP
  -------         PROC          L?0050
  -------         ENDPROC       L?0050
  -------         PROC          I2C_ACK
  -------         DO            
  X:014AH         SYMBOL        i
  D:0003H         SYMBOL        dat
  -------         ENDDO         
  C:18E7H         LINE#         52
  C:18E7H         LINE#         53
  C:18E7H         LINE#         55
  C:18E8H         LINE#         60
  C:18EBH         LINE#         61
BL51 BANKED LINKER/LOCATER V6.22                                                      07/23/2018  13:32:18  PAGE 26


  C:18EDH         LINE#         62
  C:18F0H         LINE#         64
  C:18F3H         LINE#         65
  C:18F3H         LINE#         66
  C:18F7H         LINE#         67
  C:18F7H         LINE#         70
  C:18F7H         LINE#         71
  C:18FAH         LINE#         72
  C:18FAH         LINE#         73
  C:18FCH         LINE#         74
  -------         ENDPROC       I2C_ACK
  -------         PROC          UC_ACK
  -------         DO            
  X:0197H         SYMBOL        i
  -------         ENDDO         
  C:1A31H         LINE#         75
  C:1A31H         LINE#         76
  C:1A31H         LINE#         78
  C:1A31H         LINE#         85
  C:1A31H         LINE#         87
  C:1A31H         LINE#         89
  C:1A31H         LINE#         90
  C:1A31H         LINE#         93
  C:1A34H         LINE#         94
  C:1A36H         LINE#         95
  C:1A36H         LINE#         99
  -------         ENDPROC       UC_ACK
  -------         PROC          UC_NACK
  -------         DO            
  X:0198H         SYMBOL        i
  -------         ENDDO         
  C:19D7H         LINE#         101
  C:19D7H         LINE#         102
  C:19D7H         LINE#         104
  C:19D7H         LINE#         108
  C:19D9H         LINE#         111
  C:19D9H         LINE#         112
  C:19DBH         LINE#         113
  C:19DBH         LINE#         115
  C:19DBH         LINE#         116
  C:19DBH         LINE#         119
  C:19DEH         LINE#         120
  C:19E0H         LINE#         121
  C:19E3H         LINE#         122
  C:19E5H         LINE#         123
  C:19E5H         LINE#         127
  -------         ENDPROC       UC_NACK
  -------         PROC          I2C_INIT
  C:192CH         LINE#         129
  C:192CH         LINE#         130
  C:192CH         LINE#         133
  C:192FH         LINE#         134
  C:1932H         LINE#         139
  C:193AH         LINE#         141
  -------         ENDPROC       I2C_INIT
  -------         PROC          _I2C_SENDBYTE
  D:0001H         SYMBOL        dat
BL51 BANKED LINKER/LOCATER V6.22                                                      07/23/2018  13:32:18  PAGE 27


  -------         DO            
  D:0003H         SYMBOL        i
  -------         ENDDO         
  C:1827H         LINE#         145
  C:1829H         LINE#         146
  C:1829H         LINE#         149
  C:182BH         LINE#         150
  C:182BH         LINE#         151
  C:182DH         LINE#         153
  C:1831H         LINE#         154
  C:1831H         LINE#         155
  C:1833H         LINE#         156
  C:1835H         LINE#         158
  C:1835H         LINE#         159
  C:1837H         LINE#         160
  C:1837H         LINE#         161
  C:183AH         LINE#         162
  C:183CH         LINE#         164
  C:1840H         LINE#         165
  C:1843H         LINE#         166
  C:1848H         LINE#         167
  -------         ENDPROC       _I2C_SENDBYTE
  -------         PROC          L?0051
  -------         ENDPROC       L?0051
  -------         PROC          I2C_RECEIVEBYTE
  -------         DO            
  D:0003H         SYMBOL        i
  D:0001H         SYMBOL        dat
  -------         ENDDO         
  C:17B2H         LINE#         171
  C:17B2H         LINE#         172
  C:17B2H         LINE#         174
  C:17B4H         LINE#         178
  C:17B5H         LINE#         179
  C:17B5H         LINE#         180
  C:17B9H         LINE#         181
  C:17BBH         LINE#         182
  C:17BEH         LINE#         184
  C:17C1H         LINE#         185
  C:17C1H         LINE#         186
  C:17C5H         LINE#         187
  C:17C5H         LINE#         188
  C:17C5H         LINE#         189
  C:17C8H         LINE#         190
  C:17CCH         LINE#         191
  C:17CCH         LINE#         192
  C:17CEH         LINE#         193
  C:17D0H         LINE#         194
  C:17D0H         LINE#         196
  C:17D5H         LINE#         197
  C:17D7H         LINE#         198
  -------         ENDPROC       I2C_RECEIVEBYTE
  -------         PROC          _WRITE_VCNL4035X
  X:0147H         SYMBOL        command_code
  X:0148H         SYMBOL        dat_h
  X:0149H         SYMBOL        dat_l
  C:16BCH         LINE#         199
BL51 BANKED LINKER/LOCATER V6.22                                                      07/23/2018  13:32:18  PAGE 28


  C:16C7H         LINE#         200
  C:16C7H         LINE#         201
  C:16CAH         LINE#         202
  C:16D1H         LINE#         203
  C:16D1H         LINE#         204
  C:16D7H         LINE#         205
  C:16D7H         LINE#         206
  C:16DFH         LINE#         207
  C:16DFH         LINE#         208
  C:16E5H         LINE#         209
  C:16EDH         LINE#         211
  C:16F3H         LINE#         212
  C:16FBH         LINE#         214
  C:1701H         LINE#         215
  C:1704H         LINE#         216
  -------         ENDPROC       _WRITE_VCNL4035X
  -------         PROC          _READ_VCNL4035
  X:0188H         SYMBOL        command_code
  -------         DO            
  X:018AH         SYMBOL        temp_dat
  X:018CH         SYMBOL        temp_dat_l
  X:018EH         SYMBOL        temp_dat_h
  -------         ENDDO         
  C:12ECH         LINE#         218
  C:12F4H         LINE#         219
  C:12F4H         LINE#         220
  C:1301H         LINE#         222
  C:1304H         LINE#         223
  C:1307H         LINE#         224
  C:130CH         LINE#         226
  C:1312H         LINE#         227
  C:1312H         LINE#         228
  C:1312H         LINE#         229
  C:1312H         LINE#         230
  C:131DH         LINE#         231
  C:1320H         LINE#         232
  C:1323H         LINE#         233
  C:1323H         LINE#         236
  C:1326H         LINE#         238
  C:132DH         LINE#         239
  C:132DH         LINE#         240
  C:132DH         LINE#         241
  C:1338H         LINE#         242
  C:133BH         LINE#         243
  C:133EH         LINE#         244
  C:1341H         LINE#         245
  C:1344H         LINE#         246
  C:1347H         LINE#         247
  C:134AH         LINE#         248
  C:134DH         LINE#         249
  C:1350H         LINE#         250
  C:1350H         LINE#         251
  C:1356H         LINE#         252
  C:1356H         LINE#         253
  C:135FH         LINE#         255
  C:135FH         LINE#         256
  C:1365H         LINE#         257
BL51 BANKED LINKER/LOCATER V6.22                                                      07/23/2018  13:32:18  PAGE 29


  C:1365H         LINE#         259
  C:1367H         LINE#         260
  C:136DH         LINE#         261
  C:1370H         LINE#         262
  C:1377H         LINE#         263
  C:1377H         LINE#         264
  C:1385H         LINE#         265
  -------         ENDPROC       _READ_VCNL4035
  -------         PROC          _DISPLAYLCD_VCNL4035
  X:0199H         SYMBOL        dat
  C:1A37H         LINE#         267
  C:1A3CH         LINE#         268
  C:1A3CH         LINE#         270
  -------         ENDPROC       _DISPLAYLCD_VCNL4035
  -------         ENDMOD        VCNL4035

  -------         MODULE        BIPOLARMOTOR
  C:0000H         SYMBOL        _ICE_DUMMY_
  D:0080H         PUBLIC        P0
  D:0090H         PUBLIC        P1
  D:00A0H         PUBLIC        P2
  D:00B0H         PUBLIC        P3
  D:00C0H         PUBLIC        P4
  D:00C8H         PUBLIC        P5
  D:00E8H         PUBLIC        P6
  D:00F8H         PUBLIC        P7
  D:00A8H         PUBLIC        IE
  X:0000H         PUBLIC        receiver_pos
  X:0104H         PUBLIC        Time_stamp_PM
  C:1745H         PUBLIC        _Move
  D:00B8H         PUBLIC        IP
  D:00D8H         PUBLIC        CCON
  D:0098H         PUBLIC        SCON
  D:0088H         PUBLIC        TCON
  C:160FH         PUBLIC        _Step_move
  C:0ABAH         PUBLIC        _Update_position
  C:19C6H         PUBLIC        _BCDtoDec1
  X:012BH         PUBLIC        degree
  D:00D0H         PUBLIC        PSW
  -------         PROC          _BCDTODEC1
  D:0007H         SYMBOL        bcd
  -------         DO            
  D:0006H         SYMBOL        hi
  D:0007H         SYMBOL        lo
  -------         ENDDO         
  C:19C6H         LINE#         11
  C:19C6H         LINE#         12
  C:19C6H         LINE#         14
  C:19CBH         LINE#         15
  C:19CFH         LINE#         16
  C:19D6H         LINE#         17
  -------         ENDPROC       _BCDTODEC1
  -------         PROC          _STEP_MOVE
  X:015FH         SYMBOL        step
  B:0020H.5       SYMBOL        dir
  -------         DO            
  X:0161H         SYMBOL        i
BL51 BANKED LINKER/LOCATER V6.22                                                      07/23/2018  13:32:18  PAGE 30


  -------         ENDDO         
  C:160FH         LINE#         23
  C:1617H         LINE#         24
  C:1617H         LINE#         25
  C:161CH         LINE#         26
  C:161FH         LINE#         27
  C:1624H         LINE#         29
  C:1627H         LINE#         31
  C:1643H         LINE#         32
  C:1643H         LINE#         33
  C:1646H         LINE#         34
  C:164DH         LINE#         35
  C:1650H         LINE#         36
  C:1657H         LINE#         37
  C:1667H         LINE#         38
  -------         ENDPROC       _STEP_MOVE
  -------         PROC          _MOVE
  X:015BH         SYMBOL        distance
  B:0020H.4       SYMBOL        direction
  -------         DO            
  D:0006H         SYMBOL        step
  -------         ENDDO         
  C:1745H         LINE#         40
  C:174BH         LINE#         41
  C:174BH         LINE#         43
  C:1772H         LINE#         44
  -------         ENDPROC       _MOVE
  -------         PROC          _UPDATE_POSITION
  X:0147H         SYMBOL        mnths
  X:0148H         SYMBOL        dys
  X:0149H         SYMBOL        hurs
  X:014AH         SYMBOL        mns
  X:014BH         SYMBOL        sconds
  X:014CH         SYMBOL        currnt_pos
  -------         DO            
  X:014FH         SYMBOL        date
  X:0151H         SYMBOL        i
  X:0153H         SYMBOL        desired_distance
  X:0157H         SYMBOL        distance
  -------         ENDDO         
  C:0ABAH         LINE#         50
  C:0AC5H         LINE#         51
  C:0AC5H         LINE#         57
  C:0AD9H         LINE#         58
  C:0AECH         LINE#         60
  C:0AF1H         LINE#         61
  C:0AF1H         LINE#         62
  C:0B6CH         LINE#         63
  C:0B6CH         LINE#         64
  C:0B8CH         LINE#         65
  C:0B8CH         LINE#         66
  C:0B8CH         LINE#         67
  C:0B97H         LINE#         68
  C:0B99H         LINE#         69
  C:0B99H         LINE#         70
  C:0BAAH         LINE#         71
  C:0BACH         LINE#         72
BL51 BANKED LINKER/LOCATER V6.22                                                      07/23/2018  13:32:18  PAGE 31


  C:0BACH         LINE#         73
  C:0BBDH         LINE#         74
  C:0BBFH         LINE#         75
  C:0BBFH         LINE#         76
  C:0BD0H         LINE#         77
  C:0BD2H         LINE#         78
  C:0BD2H         LINE#         79
  C:0BFCH         LINE#         80
  C:0BFCH         LINE#         81
  C:0BFCH         LINE#         82
  C:0BFCH         LINE#         83
  C:0BFCH         LINE#         86
  C:0C21H         LINE#         87
  C:0C3DH         LINE#         88
  C:0C57H         LINE#         89
  C:0C57H         LINE#         90
  C:0C67H         LINE#         91
  C:0C69H         LINE#         92
  C:0C81H         LINE#         93
  C:0C81H         LINE#         94
  C:0C97H         LINE#         95
  C:0C97H         LINE#         97
  C:0C97H         LINE#         98
  C:0C97H         LINE#         100
  C:0C97H         LINE#         101
  C:0C97H         LINE#         102
  C:0CB7H         LINE#         103
  -------         ENDPROC       _UPDATE_POSITION
  -------         ENDMOD        BIPOLARMOTOR

  -------         MODULE        ?C_STARTUP
  C:141BH         SEGMENT       ?C_C51STARTUP
  I:0021H         SEGMENT       ?STACK
  C:0000H         PUBLIC        ?C_STARTUP
  D:00E0H         SYMBOL        ACC
  D:00F0H         SYMBOL        B
  D:0083H         SYMBOL        DPH
  D:0082H         SYMBOL        DPL
  N:0000H         SYMBOL        IBPSTACK
  N:0100H         SYMBOL        IBPSTACKTOP
  N:0080H         SYMBOL        IDATALEN
  C:141EH         SYMBOL        IDATALOOP
  N:0000H         SYMBOL        PBPSTACK
  N:0100H         SYMBOL        PBPSTACKTOP
  N:0000H         SYMBOL        PDATALEN
  N:0000H         SYMBOL        PDATASTART
  N:0000H         SYMBOL        PPAGE
  N:0000H         SYMBOL        PPAGEENABLE
  D:00A0H         SYMBOL        PPAGE_SFR
  D:0081H         SYMBOL        SP
  C:141BH         SYMBOL        STARTUP1
  N:0000H         SYMBOL        XBPSTACK
  N:0000H         SYMBOL        XBPSTACKTOP
  N:0000H         SYMBOL        XDATALEN
  N:0000H         SYMBOL        XDATASTART
  C:0000H         LINE#         126
  C:141BH         LINE#         133
BL51 BANKED LINKER/LOCATER V6.22                                                      07/23/2018  13:32:18  PAGE 32


  C:141DH         LINE#         134
  C:141EH         LINE#         135
  C:141FH         LINE#         136
  C:1421H         LINE#         185
  C:1424H         LINE#         196
  -------         ENDMOD        ?C_STARTUP

  -------         MODULE        ?C?FPADD
  C:002DH         PUBLIC        ?C?FPADD
  C:0029H         PUBLIC        ?C?FPSUB
  -------         ENDMOD        ?C?FPADD

  -------         MODULE        ?C?FPMUL
  C:011EH         PUBLIC        ?C?FPMUL
  -------         ENDMOD        ?C?FPMUL

  -------         MODULE        ?C?FPDIV
  C:0227H         PUBLIC        ?C?FPDIV
  -------         ENDMOD        ?C?FPDIV

  -------         MODULE        ?C?FPCMP
  C:02C6H         PUBLIC        ?C?FPCMP
  C:02C4H         PUBLIC        ?C?FPCMP3
  -------         ENDMOD        ?C?FPCMP

  -------         MODULE        ?C?FPNEG
  C:033DH         PUBLIC        ?C?FPNEG
  -------         ENDMOD        ?C?FPNEG

  -------         MODULE        ?C?FCAST
  C:0358H         PUBLIC        ?C?FCASTC
  C:0353H         PUBLIC        ?C?FCASTI
  C:034EH         PUBLIC        ?C?FCASTL
  -------         ENDMOD        ?C?FCAST

  -------         MODULE        ?C?CASTF
  C:038CH         PUBLIC        ?C?CASTF
  -------         ENDMOD        ?C?CASTF

  -------         MODULE        ?C?CLDPTR
  C:040DH         PUBLIC        ?C?CLDPTR
  -------         ENDMOD        ?C?CLDPTR

  -------         MODULE        ?C?CSTPTR
  C:0426H         PUBLIC        ?C?CSTPTR
  -------         ENDMOD        ?C?CSTPTR

  -------         MODULE        ?C?IMUL
  C:0438H         PUBLIC        ?C?IMUL
  -------         ENDMOD        ?C?IMUL

  -------         MODULE        ?C?UIDIV
  C:044AH         PUBLIC        ?C?UIDIV
  -------         ENDMOD        ?C?UIDIV

  -------         MODULE        ?C?SIDIV
  C:049FH         PUBLIC        ?C?SIDIV
BL51 BANKED LINKER/LOCATER V6.22                                                      07/23/2018  13:32:18  PAGE 33


  -------         ENDMOD        ?C?SIDIV

  -------         MODULE        ?C?ILDIX
  C:04D5H         PUBLIC        ?C?ILDIX
  -------         ENDMOD        ?C?ILDIX

  -------         MODULE        ?C?LNEG
  C:04EBH         PUBLIC        ?C?LNEG
  -------         ENDMOD        ?C?LNEG

  -------         MODULE        ?C?LLDPTR
  C:04F9H         PUBLIC        ?C?LLDPTR
  -------         ENDMOD        ?C?LLDPTR

  -------         MODULE        ?C?LSTPTR
  C:0519H         PUBLIC        ?C?LSTPTR
  -------         ENDMOD        ?C?LSTPTR

  -------         MODULE        ?C?LLDPTR0
  C:0533H         PUBLIC        ?C?LLDPTR0
  -------         ENDMOD        ?C?LLDPTR0

  -------         MODULE        ?C?LSTXDATA
  C:0553H         PUBLIC        ?C?LSTXDATA
  -------         ENDMOD        ?C?LSTXDATA

  -------         MODULE        ?C?LSTKXDATA
  C:055FH         PUBLIC        ?C?LSTKXDATA
  -------         ENDMOD        ?C?LSTKXDATA

  -------         MODULE        ?C?OFFXADD
  C:0590H         PUBLIC        ?C?OFFXADD
  -------         ENDMOD        ?C?OFFXADD

  -------         MODULE        ABS
  C:1A02H         PUBLIC        _ABS
  -------         ENDMOD        ABS

  -------         MODULE        ATOI
  C:1176H         PUBLIC        _atoi
  -------         ENDMOD        ATOI

  -------         MODULE        ?C?IILDX
  C:059CH         PUBLIC        ?C?IILDX
  -------         ENDMOD        ?C?IILDX

  -------         MODULE        ?C?LLDIDATA
  C:05B2H         PUBLIC        ?C?LLDIDATA
  -------         ENDMOD        ?C?LLDIDATA

  -------         MODULE        ?C?LLDXDATA
  C:05BEH         PUBLIC        ?C?LLDXDATA
  -------         ENDMOD        ?C?LLDXDATA

  -------         MODULE        ?C?LLDPDATA
  C:05CAH         PUBLIC        ?C?LLDPDATA
  -------         ENDMOD        ?C?LLDPDATA
BL51 BANKED LINKER/LOCATER V6.22                                                      07/23/2018  13:32:18  PAGE 34



  -------         MODULE        ?C?LLDCODE
  C:05D6H         PUBLIC        ?C?LLDCODE
  -------         ENDMOD        ?C?LLDCODE

  -------         MODULE        ?C?LLDIDATA0
  C:05E6H         PUBLIC        ?C?LLDIDATA0
  -------         ENDMOD        ?C?LLDIDATA0

  -------         MODULE        ?C?LLDXDATA0
  C:05F3H         PUBLIC        ?C?LLDXDATA0
  -------         ENDMOD        ?C?LLDXDATA0

  -------         MODULE        ?C?LLDPDATA0
  C:05FFH         PUBLIC        ?C?LLDPDATA0
  -------         ENDMOD        ?C?LLDPDATA0

  -------         MODULE        ?C?LLDCODE0
  C:060CH         PUBLIC        ?C?LLDCODE0
  -------         ENDMOD        ?C?LLDCODE0

  -------         MODULE        ?C?LSTIDATA
  C:061CH         PUBLIC        ?C?LSTIDATA
  -------         ENDMOD        ?C?LSTIDATA

  -------         MODULE        ?C?LSTPDATA
  C:0628H         PUBLIC        ?C?LSTPDATA
  -------         ENDMOD        ?C?LSTPDATA

  -------         MODULE        ISDIGIT
  C:19E6H         PUBLIC        _isdigit
  -------         ENDMOD        ISDIGIT

  -------         MODULE        ISSPACE
  C:196CH         PUBLIC        _isspace
  -------         ENDMOD        ISSPACE

*** WARNING L16: UNCALLED SEGMENT, IGNORED FOR OVERLAY PROCESS
    SEGMENT: ?PR?_DISPLAY_PROX?MAIN

*** WARNING L16: UNCALLED SEGMENT, IGNORED FOR OVERLAY PROCESS
    SEGMENT: ?PR?_SENDSTRING?UART1

*** WARNING L16: UNCALLED SEGMENT, IGNORED FOR OVERLAY PROCESS
    SEGMENT: ?PR?_TEN?UART1

*** WARNING L16: UNCALLED SEGMENT, IGNORED FOR OVERLAY PROCESS
    SEGMENT: ?PR?_UNIT?UART1

*** WARNING L16: UNCALLED SEGMENT, IGNORED FOR OVERLAY PROCESS
    SEGMENT: ?PR?_DECTOBCD?UART1

*** WARNING L16: UNCALLED SEGMENT, IGNORED FOR OVERLAY PROCESS
    SEGMENT: ?PR?_ASCII_LETTER?UART1

*** WARNING L16: UNCALLED SEGMENT, IGNORED FOR OVERLAY PROCESS
    SEGMENT: ?PR?NOP?VCNL4035
BL51 BANKED LINKER/LOCATER V6.22                                                      07/23/2018  13:32:18  PAGE 35



*** WARNING L16: UNCALLED SEGMENT, IGNORED FOR OVERLAY PROCESS
    SEGMENT: ?PR?_READ_VCNL4035?VCNL4035

*** WARNING L16: UNCALLED SEGMENT, IGNORED FOR OVERLAY PROCESS
    SEGMENT: ?PR?_DISPLAYLCD_VCNL4035?VCNL4035

Program Size: data=17.7 xdata=410 code=6729
LINK/LOCATE RUN COMPLETE.  9 WARNING(S),  0 ERROR(S)
