BL51 BANKED LINKER/LOCATER V6.22                                                        05/08/2019  17:18:30  PAGE 1


BL51 BANKED LINKER/LOCATER V6.22, INVOKED BY:
C:\KEIL_V5\C51\BIN\BL51.EXE .\Obj\main.obj, .\Obj\PCF85063BTL.obj, .\Obj\LCd_Driver_SPLC780D.obj, .\Obj\KeyPad.obj, .\Ob
>> j\BipolarMotor.obj, .\Obj\SunPos.obj, .\Obj\ADC.obj, .\Obj\Calibration.obj, .\Obj\IOExpander_PI4IOE5V96248.obj, .\Obj
>> \AT25SF041.obj, .\Obj\SI1120.obj, .\Obj\STARTUP.obj TO .\Obj\GPIO_RTC_Test PRINT (.\Lis\GPIO_RTC_Test.m51) RAMSIZE (2
>> 56)


MEMORY MODEL: LARGE WITH FLOATING POINT ARITHMETIC


INPUT MODULES INCLUDED:
  .\Obj\main.obj (MAIN)
  .\Obj\PCF85063BTL.obj (PCF85063BTL)
  .\Obj\LCd_Driver_SPLC780D.obj (LCD_DRIVER_SPLC780D)
  .\Obj\KeyPad.obj (KEYPAD)
  .\Obj\BipolarMotor.obj (BIPOLARMOTOR)
  .\Obj\SunPos.obj (SUNPOS)
  .\Obj\ADC.obj (ADC)
  .\Obj\Calibration.obj (CALIBRATION)
  .\Obj\IOExpander_PI4IOE5V96248.obj (IOEXPANDER_PI4IOE5V96248)
  .\Obj\AT25SF041.obj (AT25SF041)
  .\Obj\SI1120.obj (SI1120)
  .\Obj\STARTUP.obj (?C_STARTUP)
  C:\KEIL_V5\C51\LIB\C51FPL.LIB (?C?FPADD)
  C:\KEIL_V5\C51\LIB\C51FPL.LIB (?C?FPMUL)
  C:\KEIL_V5\C51\LIB\C51FPL.LIB (?C?FPDIV)
  C:\KEIL_V5\C51\LIB\C51FPL.LIB (?C?FPCMP)
  C:\KEIL_V5\C51\LIB\C51FPL.LIB (?C?FPNEG)
  C:\KEIL_V5\C51\LIB\C51FPL.LIB (?C?FCAST)
  C:\KEIL_V5\C51\LIB\C51FPL.LIB (?C?CASTF)
  C:\KEIL_V5\C51\LIB\C51FPL.LIB (ATAN2)
  C:\KEIL_V5\C51\LIB\C51FPL.LIB (SIN)
  C:\KEIL_V5\C51\LIB\C51FPL.LIB (ACOS)
  C:\KEIL_V5\C51\LIB\C51FPL.LIB (ASIN)
  C:\KEIL_V5\C51\LIB\C51FPL.LIB (POW)
  C:\KEIL_V5\C51\LIB\C51FPL.LIB (?C?FPGETOPN)
  C:\KEIL_V5\C51\LIB\C51FPL.LIB (?C?CHKFLOAT)
  C:\KEIL_V5\C51\LIB\C51FPL.LIB (?C?FPSERIES)
  C:\KEIL_V5\C51\LIB\C51FPL.LIB (EXP)
  C:\KEIL_V5\C51\LIB\C51FPL.LIB (LOG)
  C:\KEIL_V5\C51\LIB\C51FPL.LIB (SQRT)
  C:\KEIL_V5\C51\LIB\C51FPL.LIB (ATAN)
  C:\KEIL_V5\C51\LIB\C51L.LIB (?C_INIT)
  C:\KEIL_V5\C51\LIB\C51L.LIB (?C?COPY)
  C:\KEIL_V5\C51\LIB\C51L.LIB (?C?CLDPTR)
  C:\KEIL_V5\C51\LIB\C51L.LIB (?C?CLDOPTR)
  C:\KEIL_V5\C51\LIB\C51L.LIB (?C?CSTPTR)
  C:\KEIL_V5\C51\LIB\C51L.LIB (?C?IMUL)
  C:\KEIL_V5\C51\LIB\C51L.LIB (?C?UIDIV)
  C:\KEIL_V5\C51\LIB\C51L.LIB (?C?SIDIV)
  C:\KEIL_V5\C51\LIB\C51L.LIB (?C?ILDOPTR)
  C:\KEIL_V5\C51\LIB\C51L.LIB (?C?ISTPTR)
  C:\KEIL_V5\C51\LIB\C51L.LIB (?C?LMUL)
  C:\KEIL_V5\C51\LIB\C51L.LIB (?C?SLDIV)
  C:\KEIL_V5\C51\LIB\C51L.LIB (?C?LNEG)
  C:\KEIL_V5\C51\LIB\C51L.LIB (?C?ULCMP)
  C:\KEIL_V5\C51\LIB\C51L.LIB (?C?LSHL)
  C:\KEIL_V5\C51\LIB\C51L.LIB (?C?LLDPTR)
BL51 BANKED LINKER/LOCATER V6.22                                                      05/08/2019  17:18:30  PAGE 2


  C:\KEIL_V5\C51\LIB\C51L.LIB (?C?LLDOPTR)
  C:\KEIL_V5\C51\LIB\C51L.LIB (?C?LSTPTR)
  C:\KEIL_V5\C51\LIB\C51L.LIB (?C?LSTOPTR)
  C:\KEIL_V5\C51\LIB\C51L.LIB (?C?LLDXDATA)
  C:\KEIL_V5\C51\LIB\C51L.LIB (?C?LLDCODE)
  C:\KEIL_V5\C51\LIB\C51L.LIB (?C?LLDXDATA0)
  C:\KEIL_V5\C51\LIB\C51L.LIB (?C?LLDCODE0)
  C:\KEIL_V5\C51\LIB\C51L.LIB (?C?LLDPTR0)
  C:\KEIL_V5\C51\LIB\C51L.LIB (?C?LSTXDATA)
  C:\KEIL_V5\C51\LIB\C51L.LIB (?C?LSTKXDATA)
  C:\KEIL_V5\C51\LIB\C51L.LIB (?C?LSTKPTR)
  C:\KEIL_V5\C51\LIB\C51L.LIB (?C?OFFXADD)
  C:\KEIL_V5\C51\LIB\C51L.LIB (?C?ULDIV)
  C:\KEIL_V5\C51\LIB\C51L.LIB (?C?LLDIDATA)
  C:\KEIL_V5\C51\LIB\C51L.LIB (?C?LLDPDATA)
  C:\KEIL_V5\C51\LIB\C51L.LIB (?C?LLDIDATA0)
  C:\KEIL_V5\C51\LIB\C51L.LIB (?C?LLDPDATA0)
  C:\KEIL_V5\C51\LIB\C51L.LIB (?C?LSTIDATA)
  C:\KEIL_V5\C51\LIB\C51L.LIB (?C?LSTPDATA)
  C:\KEIL_V5\C51\LIB\C51L.LIB (?C?LSTKIDATA)
  C:\KEIL_V5\C51\LIB\C51L.LIB (?C?LSTKPDATA)


LINK MAP OF MODULE:  .\Obj\GPIO_RTC_Test (MAIN)


            TYPE    BASE      LENGTH    RELOCATION   SEGMENT NAME
            -----------------------------------------------------

            * * * * * * *   D A T A   M E M O R Y   * * * * * * *
            REG     0000H     0008H     ABSOLUTE     "REG BANK 0"
                    0008H     0018H                  *** GAP ***
            BIT     0020H.0   0000H.4   UNIT         _BIT_GROUP_
            BIT     0020H.4   0000H.1   UNIT         ?BI?MAIN
                    0020H.5   0000H.3                *** GAP ***
            IDATA   0021H     0001H     UNIT         ?STACK

            * * * * * * *  X D A T A   M E M O R Y  * * * * * * *
            XDATA   0000H     03BCH     UNIT         ?XD?BIPOLARMOTOR
            XDATA   03BCH     0123H     UNIT         _XDATA_GROUP_
            XDATA   04DFH     0101H     UNIT         ?XD?MAIN
            XDATA   05E0H     0019H     UNIT         ?XD?KEYPAD
            XDATA   05F9H     0008H     UNIT         ?XD?_AT25SF041_READ?AT25SF041
            XDATA   0601H     0001H     UNIT         ?XD?UC_ACK?IOEXPANDER_PI4IOE5V96248
            XDATA   0602H     0001H     UNIT         ?XD?UC_NACK?IOEXPANDER_PI4IOE5V96248

            * * * * * * *   C O D E   M E M O R Y   * * * * * * *
            CODE    0000H     0003H     ABSOLUTE     
            CODE    0003H     0003H     ABSOLUTE     
            CODE    0006H     0001H     UNIT         ?PR?NOP?IOEXPANDER_PI4IOE5V96248
                    0007H     0004H                  *** GAP ***
            CODE    000BH     0003H     ABSOLUTE     
            CODE    000EH     000DH     UNIT         ?PR?SPI_INIT?PCF85063BTL
            CODE    001BH     0003H     ABSOLUTE     
            CODE    001EH     0C12H     UNIT         ?PR?MAIN?MAIN
            CODE    0C30H     09A4H     UNIT         ?C?LIB_CODE
            CODE    15D4H     07A2H     UNIT         ?PR?SUNPOS?SUNPOS
BL51 BANKED LINKER/LOCATER V6.22                                                      05/08/2019  17:18:30  PAGE 3


            CODE    1D76H     063CH     UNIT         ?PR?_UPDATE_POSITION?BIPOLARMOTOR
            CODE    23B2H     04FBH     UNIT         ?PR?_THEORICALJP_POSITION?BIPOLARMOTOR
            CODE    28ADH     04C3H     UNIT         ?PR?_FIND_REAL_MAX?CALIBRATION
            CODE    2D70H     040EH     UNIT         ?C_INITSEG
            CODE    317EH     038CH     UNIT         ?PR?KEY_PROCESS?KEYPAD
            CODE    350AH     0380H     UNIT         ?PR?_ELEVATION_CALCULATION?BIPOLARMOTOR
            CODE    388AH     01C0H     UNIT         ?PR?_CALIBRATION?CALIBRATION
            CODE    3A4AH     018DH     UNIT         ?PR?KEY_SCAN?KEYPAD
            CODE    3BD7H     0189H     UNIT         ?PR?SPI_NOR_WRITE_DATA?AT25SF041
            CODE    3D60H     0188H     UNIT         ?PR?SIN?SIN
            CODE    3EE8H     0166H     UNIT         ?PR?_POW?POW
            CODE    404EH     0155H     UNIT         ?PR?_DISPLAY_POS?LCD_DRIVER_SPLC780D
            CODE    41A3H     0129H     UNIT         ?PR?LOG?LOG
            CODE    42CCH     0122H     UNIT         ?PR?ATAN?ATAN
            CODE    43EEH     0110H     UNIT         ?PR?_AT25SF041_READ?AT25SF041
            CODE    44FEH     0102H     UNIT         ?PR?_AT25SF041_WRITE?AT25SF041
            CODE    4600H     00F5H     UNIT         ?PR?EXINT0?MAIN
            CODE    46F5H     00C3H     UNIT         ?PR?LINEAR_INTERPOLATE?BIPOLARMOTOR
            CODE    47B8H     00BBH     UNIT         ?PR?VOLTAGE_IS_STABLE?CALIBRATION
            CODE    4873H     00ADH     UNIT         ?PR?_WRITE_PI4IOE5V96248?IOEXPANDER_PI4IOE5V96248
            CODE    4920H     00ACH     UNIT         ?PR?SQRT?SQRT
            CODE    49CCH     00A1H     UNIT         ?PR?UCREAD_STATUS_REGISTER_BYTE1?AT25SF041
            CODE    4A6DH     009DH     UNIT         ?PR?_ATAN2?ATAN2
            CODE    4B0AH     009CH     UNIT         ?PR?_MAX_VALUE?CALIBRATION
            CODE    4BA6H     009AH     UNIT         ?PR?EXP?EXP
            CODE    4C40H     008CH     UNIT         ?C_C51STARTUP
            CODE    4CCCH     0088H     UNIT         ?PR?_DAY_OF_YEAR?PCF85063BTL
            CODE    4D54H     0079H     UNIT         ?PR?_WRITEDATA?LCD_DRIVER_SPLC780D
            CODE    4DCDH     0072H     UNIT         ?PR?AT25SF041_WRITEENABLE?AT25SF041
            CODE    4E3FH     006FH     UNIT         ?PR?_READ_TIME?PCF85063BTL
            CODE    4EAEH     005AH     UNIT         ?PR?AT25SF041_CHIPERASE?AT25SF041
            CODE    4F08H     0059H     UNIT         ?PR?LCD_INIT?LCD_DRIVER_SPLC780D
            CODE    4F61H     004AH     UNIT         ?PR?VONESTEPMOVE?BIPOLARMOTOR
            CODE    4FABH     004AH     UNIT         ?PR?ACOS?ACOS
            CODE    4FF5H     0044H     UNIT         ?C?LDIV
            CODE    5039H     0040H     UNIT         ?PR?_COMMAND?LCD_DRIVER_SPLC780D
            CODE    5079H     0040H     UNIT         ?PR?_STEP_MOVE?BIPOLARMOTOR
            CODE    50B9H     003BH     UNIT         ?PR?ASIN?ASIN
            CODE    50F4H     0031H     UNIT         ?PR?SI1120_CONFIG_MODE_VIRH?SI1120
            CODE    5125H     002BH     UNIT         ?PR?_WAIT_MS_I2C?IOEXPANDER_PI4IOE5V96248
            CODE    5150H     002BH     UNIT         ?PR?_WAIT_MS_SPINOR?AT25SF041
            CODE    517BH     002AH     UNIT         ?PR?_ADC_GETRESULT?ADC
            CODE    51A5H     0028H     UNIT         ?PR?_MOVE?BIPOLARMOTOR
            CODE    51CDH     0027H     UNIT         ?PR?_I2C_SENDBYTE?IOEXPANDER_PI4IOE5V96248
            CODE    51F4H     0025H     UNIT         ?PR?_FINDCLOSESTSAMEDAYCALIBTIME?CALIBRATION
            CODE    5219H     0024H     UNIT         ?PR?_WAIT_MS?LCD_DRIVER_SPLC780D
            CODE    523DH     0021H     UNIT         ?PR?TM0_ISR?MAIN
            CODE    525EH     0020H     UNIT         ?PR?_SPI_SENDBYTE?PCF85063BTL
            CODE    527EH     0020H     UNIT         ?PR?SPI_RECEIVEBYTE?PCF85063BTL
            CODE    529EH     001EH     UNIT         ?PR?_DELAY_MS?KEYPAD
            CODE    52BCH     001DH     UNIT         ?PR?_DISPLAYLCD?LCD_DRIVER_SPLC780D
            CODE    52D9H     001BH     UNIT         ?PR?_BCDTODEC1?BIPOLARMOTOR
            CODE    52F4H     001AH     UNIT         ?PR?ADC_INIT?ADC
            CODE    530EH     0018H     UNIT         ?PR?_SPI_WRITETIME?PCF85063BTL
            CODE    5326H     0016H     UNIT         ?PR?I2C_ACK?IOEXPANDER_PI4IOE5V96248
            CODE    533CH     0015H     UNIT         ?PR?_DISPLAY_LINE?LCD_DRIVER_SPLC780D
            CODE    5351H     0015H     UNIT         ?PR?VSETLOCATION?BIPOLARMOTOR
BL51 BANKED LINKER/LOCATER V6.22                                                      05/08/2019  17:18:30  PAGE 4


            CODE    5366H     0015H     UNIT         ?PR?I2C_STOP?IOEXPANDER_PI4IOE5V96248
            CODE    537BH     0014H     UNIT         ?PR?_PCF85063BTL_DELAY?PCF85063BTL
            CODE    538FH     0014H     UNIT         ?PR?_ABS?LCD_DRIVER_SPLC780D
            CODE    53A3H     0011H     UNIT         ?PR?_SPI_READTIME?PCF85063BTL
            CODE    53B4H     0011H     UNIT         ?PR?_BCDTODEC?PCF85063BTL
            CODE    53C5H     000FH     UNIT         ?PR?I2C_START?IOEXPANDER_PI4IOE5V96248
            CODE    53D4H     000FH     UNIT         ?PR?UC_NACK?IOEXPANDER_PI4IOE5V96248
            CODE    53E3H     000DH     UNIT         ?PR?ENABLE_EXTINT0?SI1120
            CODE    53F0H     000CH     UNIT         ?PR?KEYPAD_IO_INIT?KEYPAD
            CODE    53FCH     000AH     UNIT         ?PR?LCD_RETURN_HOME?LCD_DRIVER_SPLC780D
            CODE    5406H     000AH     UNIT         ?PR?LCD_CLEAR?LCD_DRIVER_SPLC780D
            CODE    5410H     0009H     UNIT         ?PR?TM1_ISR?MAIN
            CODE    5419H     0006H     UNIT         ?PR?UC_ACK?IOEXPANDER_PI4IOE5V96248



OVERLAY MAP OF MODULE:   .\Obj\GPIO_RTC_Test (MAIN)


SEGMENT                                             BIT_GROUP          XDATA_GROUP
  +--> CALLED SEGMENT                            START    LENGTH     START    LENGTH
------------------------------------------------------------------------------------
?PR?EXINT0?MAIN                                  -----    -----      -----    -----
  +--> ?PR?_POW?POW

?PR?_POW?POW                                     -----    -----      03BCH    000AH
  +--> ?PR?LOG?LOG
  +--> ?PR?EXP?EXP

?PR?LOG?LOG                                      0020H.0  0000H.1    03C6H    0004H

*** NEW ROOT ***************************************************

?C_C51STARTUP                                    -----    -----      -----    -----
  +--> ?PR?MAIN?MAIN
  +--> ?C_INITSEG

?PR?MAIN?MAIN                                    -----    -----      03CAH    002AH
  +--> ?PR?LCD_INIT?LCD_DRIVER_SPLC780D
  +--> ?PR?SPI_INIT?PCF85063BTL
  +--> ?PR?KEYPAD_IO_INIT?KEYPAD
  +--> ?PR?ADC_INIT?ADC
  +--> ?PR?SI1120_CONFIG_MODE_VIRH?SI1120
  +--> ?PR?ENABLE_EXTINT0?SI1120
  +--> ?PR?VSETLOCATION?BIPOLARMOTOR
  +--> ?PR?_DISPLAY_LINE?LCD_DRIVER_SPLC780D
  +--> ?PR?_WRITEDATA?LCD_DRIVER_SPLC780D
  +--> ?PR?KEY_PROCESS?KEYPAD
  +--> ?PR?_COMMAND?LCD_DRIVER_SPLC780D
  +--> ?PR?_DISPLAY_POS?LCD_DRIVER_SPLC780D
  +--> ?PR?_DISPLAYLCD?LCD_DRIVER_SPLC780D
  +--> ?PR?_STEP_MOVE?BIPOLARMOTOR
  +--> ?PR?LCD_RETURN_HOME?LCD_DRIVER_SPLC780D
  +--> ?PR?_READ_TIME?PCF85063BTL
  +--> ?PR?_BCDTODEC1?BIPOLARMOTOR
  +--> ?PR?_ELEVATION_CALCULATION?BIPOLARMOTOR
  +--> ?PR?SIN?SIN
BL51 BANKED LINKER/LOCATER V6.22                                                      05/08/2019  17:18:30  PAGE 5


  +--> ?PR?_CALIBRATION?CALIBRATION
  +--> ?PR?AT25SF041_WRITEENABLE?AT25SF041
  +--> ?PR?_AT25SF041_WRITE?AT25SF041
  +--> ?PR?_WAIT_MS_SPINOR?AT25SF041
  +--> ?PR?_UPDATE_POSITION?BIPOLARMOTOR
  +--> ?PR?_ADC_GETRESULT?ADC
  +--> ?PR?SPI_NOR_WRITE_DATA?AT25SF041
  +--> ?PR?LINEAR_INTERPOLATE?BIPOLARMOTOR
  +--> ?PR?_FINDCLOSESTSAMEDAYCALIBTIME?CALI...
  +--> ?PR?LCD_CLEAR?LCD_DRIVER_SPLC780D
  +--> ?PR?AT25SF041_CHIPERASE?AT25SF041

?PR?LCD_INIT?LCD_DRIVER_SPLC780D                 -----    -----      -----    -----
  +--> ?PR?_WAIT_MS?LCD_DRIVER_SPLC780D
  +--> ?PR?_COMMAND?LCD_DRIVER_SPLC780D

?PR?_COMMAND?LCD_DRIVER_SPLC780D                 -----    -----      -----    -----
  +--> ?PR?_WAIT_MS?LCD_DRIVER_SPLC780D

?PR?SI1120_CONFIG_MODE_VIRH?SI1120               -----    -----      -----    -----
  +--> ?PR?_WAIT_MS?LCD_DRIVER_SPLC780D

?PR?_DISPLAY_LINE?LCD_DRIVER_SPLC780D            -----    -----      -----    -----
  +--> ?PR?_COMMAND?LCD_DRIVER_SPLC780D

?PR?_WRITEDATA?LCD_DRIVER_SPLC780D               -----    -----      04DEH    0001H
  +--> ?PR?_WAIT_MS?LCD_DRIVER_SPLC780D

?PR?KEY_PROCESS?KEYPAD                           -----    -----      03F4H    0006H
  +--> ?PR?KEY_SCAN?KEYPAD
  +--> ?PR?_SPI_WRITETIME?PCF85063BTL
  +--> ?PR?LCD_CLEAR?LCD_DRIVER_SPLC780D
  +--> ?PR?_COMMAND?LCD_DRIVER_SPLC780D
  +--> ?PR?_WRITEDATA?LCD_DRIVER_SPLC780D

?PR?KEY_SCAN?KEYPAD                              -----    -----      03FAH    0003H

?PR?_SPI_WRITETIME?PCF85063BTL                   -----    -----      -----    -----
  +--> ?PR?_SPI_SENDBYTE?PCF85063BTL

?PR?_SPI_SENDBYTE?PCF85063BTL                    -----    -----      -----    -----
  +--> ?PR?_PCF85063BTL_DELAY?PCF85063BTL

?PR?LCD_CLEAR?LCD_DRIVER_SPLC780D                -----    -----      -----    -----
  +--> ?PR?_COMMAND?LCD_DRIVER_SPLC780D

?PR?_DISPLAY_POS?LCD_DRIVER_SPLC780D             -----    -----      04D3H    000BH
  +--> ?PR?_ABS?LCD_DRIVER_SPLC780D
  +--> ?PR?_WRITEDATA?LCD_DRIVER_SPLC780D

?PR?_DISPLAYLCD?LCD_DRIVER_SPLC780D              -----    -----      03F4H    0001H
  +--> ?PR?_WRITEDATA?LCD_DRIVER_SPLC780D

?PR?_STEP_MOVE?BIPOLARMOTOR                      0020H.2  0000H.1    04D7H    0004H
  +--> ?PR?VONESTEPMOVE?BIPOLARMOTOR

?PR?VONESTEPMOVE?BIPOLARMOTOR                    0020H.3  0000H.1    -----    -----
BL51 BANKED LINKER/LOCATER V6.22                                                      05/08/2019  17:18:30  PAGE 6


  +--> ?PR?_WRITE_PI4IOE5V96248?IOEXPANDER_P...
  +--> ?PR?_DELAY_MS?KEYPAD

?PR?_WRITE_PI4IOE5V96248?IOEXPANDER_P...         -----    -----      04DBH    0003H
  +--> ?PR?I2C_START?IOEXPANDER_PI4IOE5V96248
  +--> ?PR?_WAIT_MS_I2C?IOEXPANDER_PI4IOE5V9...
  +--> ?PR?_I2C_SENDBYTE?IOEXPANDER_PI4IOE5V...
  +--> ?PR?I2C_ACK?IOEXPANDER_PI4IOE5V96248
  +--> ?PR?I2C_STOP?IOEXPANDER_PI4IOE5V96248

?PR?I2C_START?IOEXPANDER_PI4IOE5V96248           -----    -----      -----    -----
  +--> ?PR?_WAIT_MS_I2C?IOEXPANDER_PI4IOE5V9...

?PR?_I2C_SENDBYTE?IOEXPANDER_PI4IOE5V...         -----    -----      -----    -----
  +--> ?PR?_WAIT_MS_I2C?IOEXPANDER_PI4IOE5V9...

?PR?I2C_ACK?IOEXPANDER_PI4IOE5V96248             -----    -----      04DEH    0001H
  +--> ?PR?_WAIT_MS_I2C?IOEXPANDER_PI4IOE5V9...

?PR?I2C_STOP?IOEXPANDER_PI4IOE5V96248            -----    -----      -----    -----
  +--> ?PR?_WAIT_MS_I2C?IOEXPANDER_PI4IOE5V9...

?PR?LCD_RETURN_HOME?LCD_DRIVER_SPLC780D          -----    -----      -----    -----
  +--> ?PR?_COMMAND?LCD_DRIVER_SPLC780D

?PR?_READ_TIME?PCF85063BTL                       -----    -----      03F4H    000FH
  +--> ?PR?_SPI_READTIME?PCF85063BTL

?PR?_SPI_READTIME?PCF85063BTL                    -----    -----      -----    -----
  +--> ?PR?_SPI_SENDBYTE?PCF85063BTL
  +--> ?PR?SPI_RECEIVEBYTE?PCF85063BTL

?PR?SPI_RECEIVEBYTE?PCF85063BTL                  -----    -----      -----    -----
  +--> ?PR?_PCF85063BTL_DELAY?PCF85063BTL

?PR?_ELEVATION_CALCULATION?BIPOLARMOTOR          -----    -----      03F4H    0005H
  +--> ?PR?_BCDTODEC1?BIPOLARMOTOR
  +--> ?PR?SUNPOS?SUNPOS
  +--> ?PR?SIN?SIN
  +--> ?PR?ASIN?ASIN

?PR?SUNPOS?SUNPOS                                -----    -----      043EH    005DH
  +--> ?PR?SIN?SIN
  +--> ?PR?_ATAN2?ATAN2
  +--> ?PR?ASIN?ASIN
  +--> ?PR?ACOS?ACOS

?PR?SIN?SIN                                      0020H.1  0000H.1    049BH    0004H

?PR?_ATAN2?ATAN2                                 -----    -----      049BH    0008H
  +--> ?PR?ATAN?ATAN

?PR?ATAN?ATAN                                    0020H.1  0000H.2    04A3H    0004H

?PR?ASIN?ASIN                                    -----    -----      -----    -----
  +--> ?PR?SQRT?SQRT
  +--> ?PR?ATAN?ATAN
BL51 BANKED LINKER/LOCATER V6.22                                                      05/08/2019  17:18:30  PAGE 7



?PR?SQRT?SQRT                                    -----    -----      049BH    0004H

?PR?ACOS?ACOS                                    -----    -----      -----    -----
  +--> ?PR?SQRT?SQRT
  +--> ?PR?ATAN?ATAN

?PR?_CALIBRATION?CALIBRATION                     -----    -----      03F4H    0024H
  +--> ?PR?VOLTAGE_IS_STABLE?CALIBRATION
  +--> ?PR?_UPDATE_POSITION?BIPOLARMOTOR
  +--> ?PR?_FIND_REAL_MAX?CALIBRATION

?PR?VOLTAGE_IS_STABLE?CALIBRATION                -----    -----      0418H    0018H
  +--> ?PR?_ADC_GETRESULT?ADC
  +--> ?PR?_ABS?LCD_DRIVER_SPLC780D

?PR?_UPDATE_POSITION?BIPOLARMOTOR                -----    -----      0418H    0026H
  +--> ?PR?_BCDTODEC1?BIPOLARMOTOR
  +--> ?PR?SUNPOS?SUNPOS
  +--> ?PR?SIN?SIN
  +--> ?PR?ASIN?ASIN
  +--> ?PR?_THEORICALJP_POSITION?BIPOLARMOTOR
  +--> ?PR?_ABS?LCD_DRIVER_SPLC780D
  +--> ?PR?_MOVE?BIPOLARMOTOR

?PR?_THEORICALJP_POSITION?BIPOLARMOTOR           -----    -----      043EH    005CH
  +--> ?PR?LINEAR_INTERPOLATE?BIPOLARMOTOR

?PR?LINEAR_INTERPOLATE?BIPOLARMOTOR              -----    -----      049AH    0014H

?PR?_MOVE?BIPOLARMOTOR                           0020H.1  0000H.1    04D3H    0004H
  +--> ?PR?_STEP_MOVE?BIPOLARMOTOR

?PR?_FIND_REAL_MAX?CALIBRATION                   -----    -----      0418H    00BBH
  +--> ?PR?_ADC_GETRESULT?ADC
  +--> ?PR?_WAIT_MS?LCD_DRIVER_SPLC780D
  +--> ?PR?AT25SF041_WRITEENABLE?AT25SF041
  +--> ?PR?_AT25SF041_WRITE?AT25SF041
  +--> ?PR?_WAIT_MS_SPINOR?AT25SF041
  +--> ?PR?_COMMAND?LCD_DRIVER_SPLC780D
  +--> ?PR?_WRITEDATA?LCD_DRIVER_SPLC780D
  +--> ?PR?_DISPLAY_POS?LCD_DRIVER_SPLC780D
  +--> ?PR?_MOVE?BIPOLARMOTOR
  +--> ?PR?_MAX_VALUE?CALIBRATION

?PR?AT25SF041_WRITEENABLE?AT25SF041              -----    -----      04D3H    0002H
  +--> ?PR?_WAIT_MS_SPINOR?AT25SF041
  +--> ?PR?UCREAD_STATUS_REGISTER_BYTE1?AT25...

?PR?UCREAD_STATUS_REGISTER_BYTE1?AT25...         -----    -----      04DBH    0003H
  +--> ?PR?_WAIT_MS_SPINOR?AT25SF041

?PR?_AT25SF041_WRITE?AT25SF041                   -----    -----      04D3H    0008H
  +--> ?PR?_WAIT_MS_SPINOR?AT25SF041
  +--> ?PR?UCREAD_STATUS_REGISTER_BYTE1?AT25...

?PR?_MAX_VALUE?CALIBRATION                       -----    -----      04D3H    0004H
BL51 BANKED LINKER/LOCATER V6.22                                                      05/08/2019  17:18:30  PAGE 8



?PR?SPI_NOR_WRITE_DATA?AT25SF041                 -----    -----      03F4H    000EH
  +--> ?PR?AT25SF041_WRITEENABLE?AT25SF041
  +--> ?PR?_AT25SF041_WRITE?AT25SF041
  +--> ?PR?_WAIT_MS_SPINOR?AT25SF041

?PR?AT25SF041_CHIPERASE?AT25SF041                -----    -----      03F4H    0002H
  +--> ?PR?_WAIT_MS_SPINOR?AT25SF041
  +--> ?PR?UCREAD_STATUS_REGISTER_BYTE1?AT25...



SYMBOL TABLE OF MODULE:  .\Obj\GPIO_RTC_Test (MAIN)

  VALUE           TYPE          NAME
  ----------------------------------

  -------         MODULE        MAIN
  C:0000H         SYMBOL        _ICE_DUMMY_
  X:04E7H         PUBLIC        calib_value
  D:0080H         PUBLIC        P0
  D:00B2H         PUBLIC        P3M0
  D:0090H         PUBLIC        P1
  D:00B1H         PUBLIC        P3M1
  D:00A0H         PUBLIC        P2
  D:00B0H         PUBLIC        P3
  D:00C0H         PUBLIC        P4
  D:00C8H         PUBLIC        P5
  X:053BH         SYMBOL        PressedKey
  B:00A8H.7       PUBLIC        EA
  D:00E8H         PUBLIC        P6
  X:053FH         PUBLIC        calib_stamp
  D:00F8H         PUBLIC        P7
  X:0540H         PUBLIC        calib_bool
  X:056AH         PUBLIC        pwm_time_min
  D:00A8H         PUBLIC        IE
  X:056EH         PUBLIC        calib_time
  X:05C2H         PUBLIC        pwm_time_max
  D:00B8H         PUBLIC        IP
  B:00B0H.2       PUBLIC        INT0
  X:05C6H         PUBLIC        months
  D:00D8H         PUBLIC        CCON
  C:001EH         PUBLIC        main
  X:05C7H         PUBLIC        count
  X:05C9H         PUBLIC        days
  X:05CAH         PUBLIC        hours
  D:0098H         PUBLIC        SCON
  D:0089H         PUBLIC        TMOD
  D:0088H         PUBLIC        TCON
  B:00A0H.3       PUBLIC        P23
  X:05CBH         SYMBOL        KeyCount
  X:05CDH         PUBLIC        mins
  B:00C8H.5       PUBLIC        P55
  D:008EH         PUBLIC        AUXR
  C:523DH         PUBLIC        tm0_isr
  B:0090H.5       PUBLIC        SI1120_STX
  C:5410H         PUBLIC        tm1_isr
BL51 BANKED LINKER/LOCATER V6.22                                                      05/08/2019  17:18:30  PAGE 9


  B:0020H.4       PUBLIC        busy
  B:00A8H.1       PUBLIC        ET0
  B:00A8H.3       PUBLIC        ET1
  X:05CEH         PUBLIC        SPI_NOR_INTERNAL_FLASH_ADDR
  D:008CH         PUBLIC        TH0
  D:008DH         PUBLIC        TH1
  D:008AH         PUBLIC        TL0
  D:008BH         PUBLIC        TL1
  B:0088H.4       PUBLIC        TR0
  B:0088H.6       PUBLIC        TR1
  C:4600H         PUBLIC        exint0
  X:05D2H         SYMBOL        KeyNum
  X:05D3H         SYMBOL        KeyNum_Old
  X:05D4H         PUBLIC        timer0_count
  X:05D6H         PUBLIC        current_position
  X:05DAH         PUBLIC        pwm_time
  X:05DEH         PUBLIC        start_timer0_count
  X:05DFH         PUBLIC        seconds
  D:00D0H         PUBLIC        PSW
  -------         PROC          TM0_ISR
  C:523DH         LINE#         94
  C:5243H         LINE#         98
  C:5246H         LINE#         99
  C:5249H         LINE#         100
  C:5257H         LINE#         101
  -------         ENDPROC       TM0_ISR
  -------         PROC          TM1_ISR
  C:5410H         LINE#         102
  C:5410H         LINE#         104
  C:5412H         LINE#         106
  C:5415H         LINE#         107
  C:5418H         LINE#         108
  -------         ENDPROC       TM1_ISR
  -------         PROC          EXINT0
  C:4600H         LINE#         109
  C:461DH         LINE#         113
  C:4620H         LINE#         114
  C:4620H         LINE#         115
  C:4623H         LINE#         116
  C:4626H         LINE#         117
  C:4628H         LINE#         118
  C:462AH         LINE#         122
  C:462DH         LINE#         125
  C:462DH         LINE#         126
  C:462FH         LINE#         128
  C:463BH         LINE#         129
  C:4695H         LINE#         130
  C:46D3H         LINE#         131
  C:46DAH         LINE#         136
  C:46DAH         LINE#         138
  -------         ENDPROC       EXINT0
  -------         PROC          MAIN
  -------         DO            
  X:04DFH         SYMBOL        KeyCount
  X:04E1H         SYMBOL        KeyNum_Old
  X:04E2H         SYMBOL        KeyNum
  X:04E3H         SYMBOL        PressedKey
BL51 BANKED LINKER/LOCATER V6.22                                                      05/08/2019  17:18:30  PAGE 10


  X:03CAH         SYMBOL        prox_flag
  X:03CBH         SYMBOL        iUse_prevday_calib_value
  X:03CDH         SYMBOL        max_ADC_Val_JP
  X:03CFH         SYMBOL        max_ADC_Val
  X:03D1H         SYMBOL        calib_point1
  X:03D9H         SYMBOL        calib_point2
  X:03E1H         SYMBOL        dat_to_store
  X:03ECH         SYMBOL        calib_day
  X:03EEH         SYMBOL        calib_count
  X:03F0H         SYMBOL        theorical_JP_max_pos
  D:0004H         SYMBOL        elevation
  -------         ENDDO         
  C:001EH         LINE#         140
  C:001EH         LINE#         141
  C:001EH         LINE#         146
  C:0024H         LINE#         147
  C:0029H         LINE#         149
  C:0031H         LINE#         153
  C:0037H         LINE#         154
  C:0041H         LINE#         161
  C:0049H         LINE#         162
  C:0050H         LINE#         163
  C:0056H         LINE#         165
  C:005CH         LINE#         174
  C:005EH         LINE#         175
  C:0061H         LINE#         176
  C:0064H         LINE#         177
  C:0067H         LINE#         178
  C:006AH         LINE#         179
  C:006DH         LINE#         182
  C:0070H         LINE#         185
  C:0073H         LINE#         186
  C:0076H         LINE#         188
  C:0079H         LINE#         190
  C:007CH         LINE#         191
  C:007FH         LINE#         192
  C:0082H         LINE#         193
  C:0085H         LINE#         194
  C:0088H         LINE#         195
  C:008BH         LINE#         196
  C:008DH         LINE#         197
  C:008FH         LINE#         199
  C:0091H         LINE#         207
  C:0097H         LINE#         208
  C:009CH         LINE#         209
  C:00A1H         LINE#         210
  C:00A6H         LINE#         211
  C:00ABH         LINE#         212
  C:00B0H         LINE#         215
  C:00C9H         LINE#         216
  C:00C9H         LINE#         217
  C:00E5H         LINE#         218
  C:012CH         LINE#         219
  C:013DH         LINE#         222
  C:013DH         LINE#         223
  C:013DH         LINE#         224
  C:0140H         LINE#         228
BL51 BANKED LINKER/LOCATER V6.22                                                      05/08/2019  17:18:30  PAGE 11


  C:0140H         LINE#         232
  C:0145H         LINE#         233
  C:014AH         LINE#         235
  C:014FH         LINE#         237
  C:0154H         LINE#         238
  C:0159H         LINE#         240
  C:016AH         LINE#         241
  C:016FH         LINE#         242
  C:0174H         LINE#         244
  C:017BH         LINE#         245
  C:0183H         LINE#         246
  C:0188H         LINE#         247
  C:0190H         LINE#         248
  C:0195H         LINE#         249
  C:019FH         LINE#         250
  C:01A4H         LINE#         251
  C:01ACH         LINE#         253
  C:01B4H         LINE#         254
  C:01B9H         LINE#         255
  C:01C3H         LINE#         256
  C:01C3H         LINE#         257
  C:01C5H         LINE#         258
  C:01C7H         LINE#         259
  C:01D1H         LINE#         260
  C:01D1H         LINE#         261
  C:01D6H         LINE#         262
  C:01D6H         LINE#         274
  C:01EAH         LINE#         275
  C:01EAH         LINE#         276
  C:01FFH         LINE#         277
  C:020EH         LINE#         278
  C:020EH         LINE#         279
  C:0221H         LINE#         280
  C:0223H         LINE#         282
  C:0223H         LINE#         283
  C:023FH         LINE#         284
  C:023FH         LINE#         285
  C:0244H         LINE#         286
  C:0244H         LINE#         287
  C:0258H         LINE#         288
  C:0258H         LINE#         291
  C:026DH         LINE#         292
  C:027CH         LINE#         293
  C:027CH         LINE#         294
  C:028FH         LINE#         295
  C:0291H         LINE#         297
  C:0291H         LINE#         298
  C:02ADH         LINE#         299
  C:02ADH         LINE#         300
  C:02B2H         LINE#         301
  C:02B8H         LINE#         302
  C:02B8H         LINE#         304
  C:02DAH         LINE#         305
  C:02DAH         LINE#         306
  C:02E4H         LINE#         307
  C:02EAH         LINE#         308
  C:02F1H         LINE#         309
BL51 BANKED LINKER/LOCATER V6.22                                                      05/08/2019  17:18:30  PAGE 12


  C:02F7H         LINE#         310
  C:02FEH         LINE#         311
  C:02FEH         LINE#         312
  C:0301H         LINE#         314
  C:0301H         LINE#         319
  C:033CH         LINE#         323
  C:0349H         LINE#         324
  C:0349H         LINE#         328
  C:0349H         LINE#         329
  C:0371H         LINE#         330
  C:0371H         LINE#         331
  C:0393H         LINE#         332
  C:0393H         LINE#         334
  C:03B3H         LINE#         337
  C:03E2H         LINE#         343
  C:03E2H         LINE#         344
  C:045EH         LINE#         345
  C:0477H         LINE#         346
  C:0501H         LINE#         347
  C:052DH         LINE#         348
  C:052DH         LINE#         349
  C:0549H         LINE#         351
  C:0565H         LINE#         352
  C:0565H         LINE#         353
  C:0565H         LINE#         355
  C:0565H         LINE#         357
  C:056CH         LINE#         358
  C:056CH         LINE#         359
  C:056FH         LINE#         360
  C:058DH         LINE#         361
  C:0594H         LINE#         362
  C:05B3H         LINE#         363
  C:05D2H         LINE#         365
  C:064EH         LINE#         366
  C:0666H         LINE#         369
  C:06BEH         LINE#         370
  C:06F9H         LINE#         371
  C:0706H         LINE#         372
  C:0716H         LINE#         373
  C:0716H         LINE#         375
  C:071EH         LINE#         376
  C:0726H         LINE#         377
  C:072EH         LINE#         378
  C:0736H         LINE#         380
  C:0744H         LINE#         381
  C:075AH         LINE#         382
  C:078AH         LINE#         383
  C:07AAH         LINE#         385
  C:07BEH         LINE#         386
  C:07D4H         LINE#         387
  C:0804H         LINE#         388
  C:080BH         LINE#         390
  C:082FH         LINE#         393
  C:0831H         LINE#         395
  C:083FH         LINE#         396
  C:083FH         LINE#         397
  C:0847H         LINE#         399
BL51 BANKED LINKER/LOCATER V6.22                                                      05/08/2019  17:18:30  PAGE 13


  C:0847H         LINE#         402
  C:0847H         LINE#         403
  C:0854H         LINE#         404
  C:0854H         LINE#         405
  C:0876H         LINE#         406
  C:0876H         LINE#         407
  C:08F2H         LINE#         408
  C:0947H         LINE#         409
  C:0947H         LINE#         411
  C:094AH         LINE#         415
  C:094AH         LINE#         418
  C:096CH         LINE#         419
  C:096CH         LINE#         420
  C:09E8H         LINE#         422
  C:0A15H         LINE#         423
  C:0A30H         LINE#         424
  C:0A5DH         LINE#         425
  C:0A90H         LINE#         426
  C:0A90H         LINE#         427
  C:0ABAH         LINE#         428
  C:0B53H         LINE#         429
  C:0B55H         LINE#         431
  C:0B55H         LINE#         432
  C:0BB8H         LINE#         433
  C:0BB8H         LINE#         437
  C:0BB8H         LINE#         439
  C:0BB8H         LINE#         440
  C:0BB8H         LINE#         442
  C:0BB8H         LINE#         445
  C:0BD4H         LINE#         446
  C:0BD8H         LINE#         448
  C:0BDAH         LINE#         451
  C:0BE9H         LINE#         452
  C:0BE9H         LINE#         453
  C:0BECH         LINE#         454
  C:0BF3H         LINE#         455
  C:0BF8H         LINE#         456
  C:0BFDH         LINE#         457
  C:0C02H         LINE#         458
  C:0C07H         LINE#         459
  C:0C0CH         LINE#         469
  C:0C0FH         LINE#         471
  C:0C12H         LINE#         472
  C:0C19H         LINE#         473
  C:0C23H         LINE#         474
  C:0C2AH         LINE#         476
  C:0C2DH         LINE#         485
  C:0C2DH         LINE#         486
  -------         ENDPROC       MAIN
  -------         ENDMOD        MAIN

  -------         MODULE        PCF85063BTL
  C:0000H         SYMBOL        _ICE_DUMMY_
  D:0096H         PUBLIC        P2M0
  D:0080H         PUBLIC        P0
  D:0095H         PUBLIC        P2M1
  D:0090H         PUBLIC        P1
BL51 BANKED LINKER/LOCATER V6.22                                                      05/08/2019  17:18:30  PAGE 14


  D:00A0H         PUBLIC        P2
  D:00B0H         PUBLIC        P3
  D:00C0H         PUBLIC        P4
  D:00C8H         PUBLIC        P5
  D:00E8H         PUBLIC        P6
  B:00A0H.1       PUBLIC        PCF85063BTL_SDI
  D:00F8H         PUBLIC        P7
  B:00A0H.2       PUBLIC        PCF85063BTL_SCK
  B:00A0H.1       PUBLIC        PCF85063BTL_SDO
  D:00A8H         PUBLIC        IE
  C:4E3FH         PUBLIC        _Read_time
  C:5381H         PUBLIC        _PCF85063BTL_Delay
  D:00B8H         PUBLIC        IP
  D:00D8H         PUBLIC        CCON
  C:4CCCH         PUBLIC        _Day_Of_Year
  C:527EH         PUBLIC        SPI_ReceiveByte
  D:0098H         PUBLIC        SCON
  D:0088H         PUBLIC        TCON
  C:53B4H         PUBLIC        _BCDtoDec
  B:00A0H.0       PUBLIC        PCF85063BTL_CS
  C:53A3H         PUBLIC        _SPI_ReadTime
  C:000EH         PUBLIC        SPI_Init
  C:530EH         PUBLIC        _SPI_WriteTime
  C:525EH         PUBLIC        _SPI_SendByte
  D:00D0H         PUBLIC        PSW
  C:537DH         SYMBOL        L?0048
  -------         PROC          L?0047
  -------         ENDPROC       L?0047
  C:537DH         SYMBOL        L?0048
  -------         PROC          _PCF85063BTL_DELAY
  D:0006H         SYMBOL        us
  C:5381H         LINE#         8
  C:5381H         LINE#         9
  C:5381H         LINE#         10
  C:538BH         LINE#         11
  C:538BH         LINE#         12
  C:538CH         LINE#         13
  C:538EH         LINE#         14
  -------         ENDPROC       _PCF85063BTL_DELAY
  -------         PROC          _SPI_SENDBYTE
  D:0005H         SYMBOL        dat
  -------         DO            
  D:0003H         SYMBOL        i
  -------         ENDDO         
  C:525EH         LINE#         17
  C:5260H         LINE#         18
  C:5260H         LINE#         20
  C:5262H         LINE#         21
  C:5262H         LINE#         22
  C:5264H         LINE#         23
  C:5268H         LINE#         24
  C:5268H         LINE#         25
  C:526AH         LINE#         26
  C:526CH         LINE#         28
  C:526CH         LINE#         29
  C:526EH         LINE#         30
  C:526EH         LINE#         31
BL51 BANKED LINKER/LOCATER V6.22                                                      05/08/2019  17:18:30  PAGE 15


  C:5271H         LINE#         32
  C:5271H         LINE#         33
  C:5274H         LINE#         34
  C:5278H         LINE#         35
  C:527DH         LINE#         36
  -------         ENDPROC       _SPI_SENDBYTE
  -------         PROC          SPI_RECEIVEBYTE
  -------         DO            
  D:0003H         SYMBOL        i
  D:0005H         SYMBOL        dat
  -------         ENDDO         
  C:527EH         LINE#         39
  C:527EH         LINE#         40
  C:527EH         LINE#         42
  C:5280H         LINE#         44
  C:5282H         LINE#         45
  C:5283H         LINE#         46
  C:5283H         LINE#         47
  C:5287H         LINE#         48
  C:5289H         LINE#         49
  C:528CH         LINE#         51
  C:528FH         LINE#         52
  C:528FH         LINE#         53
  C:5293H         LINE#         54
  C:5293H         LINE#         55
  C:5293H         LINE#         56
  C:5296H         LINE#         57
  C:529BH         LINE#         58
  C:529DH         LINE#         59
  -------         ENDPROC       SPI_RECEIVEBYTE
  -------         PROC          _SPI_READTIME
  D:0007H         SYMBOL        addr
  -------         DO            
  D:0006H         SYMBOL        dat
  -------         ENDDO         
  C:53A3H         LINE#         61
  C:53A3H         LINE#         62
  C:53A3H         LINE#         64
  C:53A5H         LINE#         65
  C:53A7H         LINE#         66
  C:53AEH         LINE#         67
  C:53B1H         LINE#         68
  C:53B3H         LINE#         69
  C:53B3H         LINE#         70
  -------         ENDPROC       _SPI_READTIME
  -------         PROC          _SPI_WRITETIME
  D:0002H         SYMBOL        val
  D:0005H         SYMBOL        addr
  C:530EH         LINE#         71
  C:5310H         LINE#         72
  C:5310H         LINE#         74
  C:5312H         LINE#         75
  C:5319H         LINE#         76
  C:531EH         LINE#         77
  C:5323H         LINE#         78
  C:5325H         LINE#         79
  -------         ENDPROC       _SPI_WRITETIME
BL51 BANKED LINKER/LOCATER V6.22                                                      05/08/2019  17:18:30  PAGE 16


  -------         PROC          SPI_INIT
  C:000EH         LINE#         83
  C:000EH         LINE#         84
  C:000EH         LINE#         89
  C:0011H         LINE#         90
  C:0014H         LINE#         91
  C:0016H         LINE#         92
  C:0018H         LINE#         93
  C:001AH         LINE#         94
  -------         ENDPROC       SPI_INIT
  -------         PROC          _READ_TIME
  X:03F4H         SYMBOL        months
  X:03F7H         SYMBOL        days
  X:03FAH         SYMBOL        hours
  X:03FDH         SYMBOL        mins
  X:0400H         SYMBOL        seconds
  C:4E3FH         LINE#         96
  C:4E4AH         LINE#         97
  C:4E4AH         LINE#         99
  C:4E5EH         LINE#         101
  C:4E72H         LINE#         103
  C:4E86H         LINE#         108
  C:4E9AH         LINE#         113
  -------         ENDPROC       _READ_TIME
  -------         PROC          _BCDTODEC
  D:0007H         SYMBOL        bcd
  -------         DO            
  D:0006H         SYMBOL        hi
  D:0007H         SYMBOL        lo
  -------         ENDDO         
  C:53B4H         LINE#         119
  C:53B4H         LINE#         120
  C:53B4H         LINE#         122
  C:53B9H         LINE#         123
  C:53BDH         LINE#         124
  C:53C4H         LINE#         125
  -------         ENDPROC       _BCDTODEC
  -------         PROC          _DAY_OF_YEAR
  D:0007H         SYMBOL        months_bcd
  D:0005H         SYMBOL        days_bcd
  -------         DO            
  D:0004H         SYMBOL        months
  D:0007H         SYMBOL        days
  -------         ENDDO         
  C:4CCCH         LINE#         126
  C:4CCCH         LINE#         127
  C:4CCCH         LINE#         130
  C:4CD1H         LINE#         132
  C:4CD6H         LINE#         134
  C:4D0FH         LINE#         135
  C:4D0FH         LINE#         136
  C:4D0FH         LINE#         137
  C:4D12H         LINE#         138
  C:4D12H         LINE#         139
  C:4D12H         LINE#         140
  C:4D17H         LINE#         141
  C:4D17H         LINE#         142
BL51 BANKED LINKER/LOCATER V6.22                                                      05/08/2019  17:18:30  PAGE 17


  C:4D17H         LINE#         143
  C:4D1CH         LINE#         144
  C:4D1CH         LINE#         145
  C:4D1CH         LINE#         146
  C:4D21H         LINE#         147
  C:4D21H         LINE#         148
  C:4D21H         LINE#         149
  C:4D26H         LINE#         150
  C:4D26H         LINE#         151
  C:4D26H         LINE#         152
  C:4D2BH         LINE#         153
  C:4D2BH         LINE#         154
  C:4D2BH         LINE#         155
  C:4D30H         LINE#         156
  C:4D30H         LINE#         157
  C:4D30H         LINE#         158
  C:4D35H         LINE#         159
  C:4D35H         LINE#         160
  C:4D35H         LINE#         161
  C:4D3DH         LINE#         162
  C:4D3DH         LINE#         163
  C:4D3DH         LINE#         164
  C:4D42H         LINE#         165
  C:4D42H         LINE#         166
  C:4D42H         LINE#         167
  C:4D47H         LINE#         168
  C:4D47H         LINE#         169
  C:4D47H         LINE#         170
  C:4D50H         LINE#         171
  C:4D50H         LINE#         172
  C:4D50H         LINE#         173
  C:4D53H         LINE#         174
  C:4D53H         LINE#         175
  -------         ENDPROC       _DAY_OF_YEAR
  -------         ENDMOD        PCF85063BTL

  -------         MODULE        LCD_DRIVER_SPLC780D
  C:0000H         SYMBOL        _ICE_DUMMY_
  D:0092H         PUBLIC        P1M0
  D:0091H         PUBLIC        P1M1
  D:0080H         PUBLIC        P0
  D:0090H         PUBLIC        P1
  D:00A0H         PUBLIC        P2
  D:00B0H         PUBLIC        P3
  D:00C0H         PUBLIC        P4
  D:00C8H         PUBLIC        P5
  D:00E8H         PUBLIC        P6
  D:00F8H         PUBLIC        P7
  C:4D58H         PUBLIC        _WriteData
  D:00A8H         PUBLIC        IE
  D:00B8H         PUBLIC        IP
  D:00D8H         PUBLIC        CCON
  B:00B0H.4       PUBLIC        LCD_D4
  B:00B0H.5       PUBLIC        LCD_D5
  B:00B0H.6       PUBLIC        LCD_D6
  C:52BCH         PUBLIC        _DisplayLCD
  B:00B0H.7       PUBLIC        LCD_D7
BL51 BANKED LINKER/LOCATER V6.22                                                      05/08/2019  17:18:30  PAGE 18


  D:0098H         PUBLIC        SCON
  D:0088H         PUBLIC        TCON
  C:538FH         PUBLIC        _abs
  C:5406H         PUBLIC        LCD_clear
  C:5039H         PUBLIC        _Command
  C:533CH         PUBLIC        _Display_Line
  C:4F08H         PUBLIC        LCD_Init
  C:521FH         PUBLIC        _Wait_ms
  B:00C0H.0       PUBLIC        LCD_RS
  B:0090H.3       PUBLIC        LCD_RW
  C:53FCH         PUBLIC        LCD_return_home
  C:404EH         PUBLIC        _Display_Pos
  B:00B0H.3       PUBLIC        LCD_E
  D:00D0H         PUBLIC        PSW
  -------         PROC          LCD_INIT
  C:4F08H         LINE#         9
  C:4F08H         LINE#         10
  C:4F08H         LINE#         11
  C:4F0BH         LINE#         12
  C:4F0EH         LINE#         14
  C:4F14H         LINE#         15
  C:4F19H         LINE#         17
  C:4F20H         LINE#         18
  C:4F25H         LINE#         20
  C:4F28H         LINE#         21
  C:4F2DH         LINE#         23
  C:4F30H         LINE#         24
  C:4F35H         LINE#         26
  C:4F3CH         LINE#         29
  C:4F41H         LINE#         30
  C:4F46H         LINE#         32
  C:4F4BH         LINE#         33
  C:4F50H         LINE#         35
  C:4F55H         LINE#         36
  C:4F5AH         LINE#         37
  -------         ENDPROC       LCD_INIT
  C:4D54H         SYMBOL        L?0038
  -------         PROC          L?0037
  -------         ENDPROC       L?0037
  C:4D54H         SYMBOL        L?0038
  -------         PROC          _WRITEDATA
  X:04DEH         SYMBOL        dat
  C:4D58H         LINE#         40
  C:4D5DH         LINE#         41
  C:4D5DH         LINE#         46
  C:4D5FH         LINE#         47
  C:4D61H         LINE#         49
  C:4D6FH         LINE#         50
  C:4D7BH         LINE#         51
  C:4D87H         LINE#         52
  C:4D91H         LINE#         53
  C:4D93H         LINE#         54
  C:4D9AH         LINE#         55
  C:4D9CH         LINE#         57
  C:4DACH         LINE#         58
  C:4DB7H         LINE#         59
  C:4DC1H         LINE#         60
BL51 BANKED LINKER/LOCATER V6.22                                                      05/08/2019  17:18:30  PAGE 19


  C:4DC5H         LINE#         62
  C:4DC5H         LINE#         63
  C:4DC8H         LINE#         64
  C:4DCAH         LINE#         65
  C:4DCCH         LINE#         67
  -------         ENDPROC       _WRITEDATA
  -------         PROC          _COMMAND
  D:0007H         SYMBOL        dat
  C:5039H         LINE#         69
  C:5039H         LINE#         70
  C:5039H         LINE#         71
  C:503BH         LINE#         72
  C:503DH         LINE#         74
  C:5047H         LINE#         75
  C:504BH         LINE#         77
  C:504DH         LINE#         78
  C:5056H         LINE#         79
  C:505AH         LINE#         81
  C:505CH         LINE#         82
  C:5063H         LINE#         83
  C:5067H         LINE#         85
  C:5069H         LINE#         86
  C:506DH         LINE#         87
  C:5071H         LINE#         89
  C:5073H         LINE#         90
  C:5073H         LINE#         91
  C:5076H         LINE#         92
  C:5078H         LINE#         93
  -------         ENDPROC       _COMMAND
  C:521BH         SYMBOL        L?0040
  -------         PROC          L?0039
  -------         ENDPROC       L?0039
  C:521BH         SYMBOL        L?0040
  -------         PROC          _WAIT_MS
  D:0006H         SYMBOL        ms
  -------         DO            
  D:0004H         SYMBOL        De_Cnt
  -------         ENDDO         
  C:521FH         LINE#         95
  C:521FH         LINE#         96
  C:521FH         LINE#         98
  C:5229H         LINE#         99
  C:5229H         LINE#         100
  C:523CH         LINE#         101
  C:523CH         LINE#         102
  -------         ENDPROC       _WAIT_MS
  -------         PROC          _DISPLAYLCD
  D:0007H         SYMBOL        BCD
  -------         DO            
  D:0006H         SYMBOL        first_digit
  X:03F4H         SYMBOL        second_digit
  -------         ENDDO         
  C:52BCH         LINE#         103
  C:52BCH         LINE#         104
  C:52BCH         LINE#         106
  C:52C3H         LINE#         107
  C:52CCH         LINE#         109
BL51 BANKED LINKER/LOCATER V6.22                                                      05/08/2019  17:18:30  PAGE 20


  C:52D1H         LINE#         111
  -------         ENDPROC       _DISPLAYLCD
  -------         PROC          LCD_RETURN_HOME
  C:53FCH         LINE#         115
  C:53FCH         LINE#         116
  C:53FCH         LINE#         117
  C:5401H         LINE#         118
  -------         ENDPROC       LCD_RETURN_HOME
  -------         PROC          LCD_CLEAR
  C:5406H         LINE#         121
  C:5406H         LINE#         122
  C:5406H         LINE#         123
  C:540BH         LINE#         124
  -------         ENDPROC       LCD_CLEAR
  -------         PROC          _DISPLAY_LINE
  D:0006H         SYMBOL        line
  C:533CH         LINE#         128
  C:533CH         LINE#         129
  C:533CH         LINE#         130
  C:5342H         LINE#         131
  C:5342H         LINE#         132
  C:5344H         LINE#         133
  C:5344H         LINE#         134
  C:5346H         LINE#         136
  C:5346H         LINE#         137
  C:534BH         LINE#         138
  C:5350H         LINE#         139
  C:5350H         LINE#         140
  -------         ENDPROC       _DISPLAY_LINE
  -------         PROC          _DISPLAY_POS
  X:04D3H         SYMBOL        sign_dat
  -------         DO            
  X:04D7H         SYMBOL        unit
  X:04D8H         SYMBOL        ten
  X:04D9H         SYMBOL        hundred
  X:04DAH         SYMBOL        thousand
  X:04DBH         SYMBOL        after_dot
  X:04DCH         SYMBOL        dat
  -------         ENDDO         
  C:404EH         LINE#         142
  C:4054H         LINE#         143
  C:4054H         LINE#         147
  C:4070H         LINE#         148
  C:408AH         LINE#         149
  C:40AEH         LINE#         151
  C:40F8H         LINE#         153
  C:410FH         LINE#         154
  C:4121H         LINE#         155
  C:4146H         LINE#         156
  C:4160H         LINE#         157
  C:4178H         LINE#         158
  C:4178H         LINE#         159
  C:4178H         LINE#         160
  C:4178H         LINE#         161
  C:4178H         LINE#         162
  C:4178H         LINE#         163
  C:4178H         LINE#         164
BL51 BANKED LINKER/LOCATER V6.22                                                      05/08/2019  17:18:30  PAGE 21


  C:4178H         LINE#         168
  C:417AH         LINE#         170
  C:417AH         LINE#         172
  C:417FH         LINE#         173
  C:4185H         LINE#         174
  C:418BH         LINE#         175
  C:4191H         LINE#         176
  C:4197H         LINE#         177
  C:419CH         LINE#         178
  C:41A2H         LINE#         182
  C:41A2H         LINE#         184
  -------         ENDPROC       _DISPLAY_POS
  -------         PROC          _ABS
  D:0006H         SYMBOL        dat
  C:538FH         LINE#         186
  C:538FH         LINE#         187
  C:538FH         LINE#         188
  C:539AH         LINE#         189
  C:539BH         LINE#         191
  C:53A2H         LINE#         192
  -------         ENDPROC       _ABS
  -------         ENDMOD        LCD_DRIVER_SPLC780D

  -------         MODULE        KEYPAD
  C:0000H         SYMBOL        _ICE_DUMMY_
  D:0093H         PUBLIC        P0M1
  D:0080H         PUBLIC        P0
  D:0090H         PUBLIC        P1
  D:00A0H         PUBLIC        P2
  D:00B0H         PUBLIC        P3
  D:00C0H         PUBLIC        P4
  D:00C8H         PUBLIC        P5
  D:00E8H         PUBLIC        P6
  D:00F8H         PUBLIC        P7
  D:00A8H         PUBLIC        IE
  C:3A4AH         PUBLIC        Key_Scan
  D:00B8H         PUBLIC        IP
  D:00D8H         PUBLIC        CCON
  C:53F0H         PUBLIC        KeyPad_IO_Init
  C:529EH         PUBLIC        _Delay_ms
  D:0098H         PUBLIC        SCON
  D:0088H         PUBLIC        TCON
  X:05EFH         PUBLIC        small_move
  X:05F1H         PUBLIC        move
  X:05F3H         PUBLIC        auto_mode
  X:05F5H         PUBLIC        direction
  X:05F7H         PUBLIC        SPI_NOR_ClearEnable
  C:317EH         PUBLIC        Key_Process
  D:00D0H         PUBLIC        PSW
  D:0094H         PUBLIC        P0M0
  -------         PROC          _DELAY_MS
  D:0006H         SYMBOL        ms
  -------         DO            
  D:0004H         SYMBOL        De_Cnt
  -------         ENDDO         
  C:529EH         LINE#         20
  C:529EH         LINE#         21
BL51 BANKED LINKER/LOCATER V6.22                                                      05/08/2019  17:18:30  PAGE 22


  C:529EH         LINE#         23
  C:52A8H         LINE#         24
  C:52A8H         LINE#         25
  C:52BBH         LINE#         26
  C:52BBH         LINE#         27
  -------         ENDPROC       _DELAY_MS
  -------         PROC          KEY_SCAN
  -------         DO            
  X:03FAH         SYMBOL        KeyTemp1
  X:03FBH         SYMBOL        KeyTemp2
  X:03FCH         SYMBOL        KeyValue
  -------         ENDDO         
  C:3A4AH         LINE#         28
  C:3A4AH         LINE#         29
  C:3A4AH         LINE#         34
  C:3A4DH         LINE#         37
  C:3A50H         LINE#         39
  C:3A58H         LINE#         40
  C:3A5FH         LINE#         41
  C:3A5FH         LINE#         43
  C:3A64H         LINE#         44
  C:3A6BH         LINE#         45
  C:3A6BH         LINE#         48
  C:3A6EH         LINE#         49
  C:3A71H         LINE#         50
  C:3A76H         LINE#         51
  C:3A7AH         LINE#         52
  C:3A7AH         LINE#         53
  C:3A82H         LINE#         54
  C:3A82H         LINE#         55
  C:3A85H         LINE#         56
  C:3A8DH         LINE#         57
  C:3A8FH         LINE#         59
  C:3AA3H         LINE#         60
  C:3AA3H         LINE#         61
  C:3AA3H         LINE#         62
  C:3AA3H         LINE#         63
  C:3AA9H         LINE#         65
  C:3AABH         LINE#         66
  C:3AABH         LINE#         67
  C:3AABH         LINE#         68
  C:3AB1H         LINE#         70
  C:3AB3H         LINE#         71
  C:3AB3H         LINE#         72
  C:3AB3H         LINE#         73
  C:3AB9H         LINE#         75
  C:3ABBH         LINE#         76
  C:3ABBH         LINE#         77
  C:3ABBH         LINE#         78
  C:3AC1H         LINE#         80
  C:3AC1H         LINE#         81
  C:3AC1H         LINE#         82
  C:3AC1H         LINE#         85
  C:3AC4H         LINE#         86
  C:3AC7H         LINE#         87
  C:3ACFH         LINE#         88
  C:3AD3H         LINE#         89
BL51 BANKED LINKER/LOCATER V6.22                                                      05/08/2019  17:18:30  PAGE 23


  C:3AD3H         LINE#         90
  C:3ADBH         LINE#         91
  C:3ADBH         LINE#         92
  C:3ADEH         LINE#         93
  C:3AE6H         LINE#         94
  C:3AE8H         LINE#         95
  C:3AFCH         LINE#         96
  C:3AFCH         LINE#         97
  C:3AFCH         LINE#         98
  C:3AFCH         LINE#         99
  C:3B02H         LINE#         101
  C:3B04H         LINE#         102
  C:3B04H         LINE#         103
  C:3B04H         LINE#         104
  C:3B0AH         LINE#         106
  C:3B0CH         LINE#         107
  C:3B0CH         LINE#         108
  C:3B0CH         LINE#         109
  C:3B12H         LINE#         111
  C:3B14H         LINE#         112
  C:3B14H         LINE#         113
  C:3B14H         LINE#         114
  C:3B19H         LINE#         116
  C:3B19H         LINE#         117
  C:3B19H         LINE#         118
  C:3B19H         LINE#         121
  C:3B1CH         LINE#         122
  C:3B1FH         LINE#         123
  C:3B27H         LINE#         124
  C:3B2BH         LINE#         125
  C:3B2BH         LINE#         126
  C:3B33H         LINE#         127
  C:3B33H         LINE#         128
  C:3B36H         LINE#         129
  C:3B3EH         LINE#         130
  C:3B40H         LINE#         131
  C:3B54H         LINE#         132
  C:3B54H         LINE#         133
  C:3B54H         LINE#         134
  C:3B54H         LINE#         135
  C:3B5AH         LINE#         137
  C:3B5CH         LINE#         138
  C:3B5CH         LINE#         139
  C:3B5CH         LINE#         140
  C:3B62H         LINE#         142
  C:3B64H         LINE#         143
  C:3B64H         LINE#         144
  C:3B64H         LINE#         145
  C:3B6AH         LINE#         147
  C:3B6CH         LINE#         148
  C:3B6CH         LINE#         149
  C:3B6CH         LINE#         150
  C:3B72H         LINE#         152
  C:3B72H         LINE#         153
  C:3B72H         LINE#         154
  C:3B72H         LINE#         158
  C:3B75H         LINE#         159
BL51 BANKED LINKER/LOCATER V6.22                                                      05/08/2019  17:18:30  PAGE 24


  C:3B78H         LINE#         160
  C:3B80H         LINE#         161
  C:3B84H         LINE#         162
  C:3B84H         LINE#         163
  C:3B8CH         LINE#         164
  C:3B8CH         LINE#         165
  C:3B8FH         LINE#         166
  C:3B97H         LINE#         167
  C:3B99H         LINE#         168
  C:3BADH         LINE#         169
  C:3BADH         LINE#         170
  C:3BADH         LINE#         171
  C:3BADH         LINE#         172
  C:3BB3H         LINE#         174
  C:3BB5H         LINE#         175
  C:3BB5H         LINE#         176
  C:3BB5H         LINE#         177
  C:3BBBH         LINE#         179
  C:3BBDH         LINE#         180
  C:3BBDH         LINE#         181
  C:3BBDH         LINE#         182
  C:3BC3H         LINE#         184
  C:3BC5H         LINE#         185
  C:3BC5H         LINE#         186
  C:3BC5H         LINE#         187
  C:3BCBH         LINE#         189
  C:3BCBH         LINE#         190
  C:3BCBH         LINE#         191
  C:3BCBH         LINE#         193
  C:3BD1H         LINE#         194
  C:3BD1H         LINE#         196
  C:3BD1H         LINE#         197
  C:3BD4H         LINE#         198
  C:3BD4H         LINE#         199
  C:3BD4H         LINE#         201
  C:3BD4H         LINE#         202
  C:3BD6H         LINE#         203
  C:3BD6H         LINE#         204
  -------         ENDPROC       KEY_SCAN
  -------         PROC          KEY_PROCESS
  -------         DO            
  X:05E0H         SYMBOL        KeyCount
  X:05E1H         SYMBOL        KeyNum_Old
  X:05E3H         SYMBOL        KeyNum
  X:05E5H         SYMBOL        PressedKey
  X:03F4H         SYMBOL        d
  D:0002H         SYMBOL        hours
  D:0006H         SYMBOL        mins
  X:03F6H         SYMBOL        months
  X:03F8H         SYMBOL        days
  -------         ENDDO         
  C:317EH         LINE#         205
  C:317EH         LINE#         206
  C:317EH         LINE#         210
  C:318DH         LINE#         211
  C:319AH         LINE#         213
  C:319EH         LINE#         214
BL51 BANKED LINKER/LOCATER V6.22                                                      05/08/2019  17:18:30  PAGE 25


  C:319EH         LINE#         215
  C:31A4H         LINE#         217
  C:31A4H         LINE#         218
  C:31BBH         LINE#         219
  C:31BBH         LINE#         220
  C:31C5H         LINE#         221
  C:31CBH         LINE#         223
  C:31D1H         LINE#         225
  C:31D1H         LINE#         226
  C:31E8H         LINE#         227
  C:31E8H         LINE#         228
  C:31EDH         LINE#         230
  C:31EDH         LINE#         231
  C:31FDH         LINE#         232
  C:31FDH         LINE#         233
  C:3203H         LINE#         235
  C:3203H         LINE#         236
  C:3215H         LINE#         237
  C:3215H         LINE#         238
  C:321FH         LINE#         239
  C:3227H         LINE#         241
  C:3230H         LINE#         243
  C:3230H         LINE#         252
  C:324FH         LINE#         253
  C:324FH         LINE#         254
  C:326EH         LINE#         255
  C:3274H         LINE#         256
  C:327CH         LINE#         257
  C:327CH         LINE#         259
  C:327DH         LINE#         265
  C:3289H         LINE#         266
  C:3289H         LINE#         267
  C:32A6H         LINE#         268
  C:32BDH         LINE#         269
  C:32D4H         LINE#         270
  C:32D4H         LINE#         271
  C:32E7H         LINE#         272
  C:32FAH         LINE#         273
  C:32FAH         LINE#         274
  C:32FAH         LINE#         275
  C:32FDH         LINE#         280
  C:330CH         LINE#         281
  C:330CH         LINE#         282
  C:332FH         LINE#         283
  C:334CH         LINE#         284
  C:3355H         LINE#         285
  C:3355H         LINE#         286
  C:335CH         LINE#         287
  C:335CH         LINE#         288
  C:336DH         LINE#         289
  C:336DH         LINE#         290
  C:337CH         LINE#         291
  C:337CH         LINE#         292
  C:337CH         LINE#         293
  C:337FH         LINE#         295
  C:337FH         LINE#         296
  C:338BH         LINE#         297
BL51 BANKED LINKER/LOCATER V6.22                                                      05/08/2019  17:18:30  PAGE 26


  C:338BH         LINE#         298
  C:339DH         LINE#         299
  C:339DH         LINE#         300
  C:33ADH         LINE#         301
  C:33ADH         LINE#         302
  C:33ADH         LINE#         304
  C:33AFH         LINE#         306
  C:33AFH         LINE#         307
  C:33BEH         LINE#         308
  C:33BEH         LINE#         309
  C:33CEH         LINE#         310
  C:33CEH         LINE#         311
  C:33CEH         LINE#         313
  C:33CEH         LINE#         315
  C:33CEH         LINE#         316
  C:33D0H         LINE#         318
  C:33D0H         LINE#         319
  C:33D7H         LINE#         320
  C:33D7H         LINE#         321
  C:33E6H         LINE#         322
  C:33E6H         LINE#         323
  C:33F6H         LINE#         324
  C:33F6H         LINE#         325
  C:33F6H         LINE#         326
  C:33F8H         LINE#         328
  C:33F8H         LINE#         329
  C:3407H         LINE#         330
  C:3407H         LINE#         331
  C:341AH         LINE#         332
  C:342DH         LINE#         333
  C:342DH         LINE#         334
  C:342DH         LINE#         335
  C:342DH         LINE#         336
  C:3436H         LINE#         338
  C:3436H         LINE#         340
  C:3470H         LINE#         341
  C:3470H         LINE#         342
  C:3477H         LINE#         343
  C:3477H         LINE#         344
  C:3481H         LINE#         345
  C:3481H         LINE#         346
  C:3484H         LINE#         347
  C:3489H         LINE#         348
  C:348EH         LINE#         349
  C:3493H         LINE#         350
  C:3498H         LINE#         351
  C:349DH         LINE#         352
  C:34A2H         LINE#         353
  C:34A7H         LINE#         354
  C:34A7H         LINE#         355
  C:34A7H         LINE#         357
  C:34C5H         LINE#         358
  C:34C5H         LINE#         359
  C:34CCH         LINE#         360
  C:34CCH         LINE#         361
  C:34D1H         LINE#         362
  C:34DAH         LINE#         363
BL51 BANKED LINKER/LOCATER V6.22                                                      05/08/2019  17:18:30  PAGE 27


  C:34F9H         LINE#         364
  C:34F9H         LINE#         365
  C:3509H         LINE#         367
  C:3509H         LINE#         371
  -------         ENDPROC       KEY_PROCESS
  -------         PROC          KEYPAD_IO_INIT
  C:53F0H         LINE#         374
  C:53F0H         LINE#         375
  C:53F0H         LINE#         376
  C:53F3H         LINE#         377
  C:53F6H         LINE#         378
  C:53F9H         LINE#         379
  C:53FBH         LINE#         380
  -------         ENDPROC       KEYPAD_IO_INIT
  -------         ENDMOD        KEYPAD

  -------         MODULE        BIPOLARMOTOR
  C:0000H         SYMBOL        _ICE_DUMMY_
  X:0000H         PUBLIC        UTC_time
  D:0080H         PUBLIC        P0
  D:0090H         PUBLIC        P1
  X:0004H         PUBLIC        RX_pos_test
  D:00A0H         PUBLIC        P2
  D:00B0H         PUBLIC        P3
  D:00C0H         PUBLIC        P4
  D:00C8H         PUBLIC        P5
  D:00E8H         PUBLIC        P6
  D:00F8H         PUBLIC        P7
  X:00A4H         PUBLIC        low_date_azimuth_mapping
  D:00A8H         PUBLIC        IE
  C:4718H         PUBLIC        linear_interpolate
  X:00CCH         PUBLIC        declination
  C:51A5H         PUBLIC        _Move
  D:00B8H         PUBLIC        IP
  X:00D0H         PUBLIC        time_offset
  D:00D8H         PUBLIC        CCON
  X:00D4H         PUBLIC        previous_move_time
  X:00D5H         PUBLIC        time
  D:0098H         PUBLIC        SCON
  D:0088H         PUBLIC        TCON
  C:5079H         PUBLIC        _Step_move
  X:00E7H         PUBLIC        dat
  X:00EDH         PUBLIC        current_local_sun_time
  C:1D76H         PUBLIC        _Update_position
  C:350AH         PUBLIC        _elevation_calculation
  X:00F1H         PUBLIC        sunCoord
  C:4F61H         PUBLIC        vOneStepMove
  X:00F4H         PUBLIC        elevation_stamp
  X:0130H         PUBLIC        date_azimuth_mapping
  X:0158H         PUBLIC        location
  X:0160H         PUBLIC        RX_pos
  C:5351H         PUBLIC        vSetLocation
  C:52E3H         PUBLIC        _BCDtoDec1
  X:03B8H         PUBLIC        degree
  C:23B2H         PUBLIC        _TheoricalJP_Position
  D:00D0H         PUBLIC        PSW
  -------         PROC          VSETLOCATION
BL51 BANKED LINKER/LOCATER V6.22                                                      05/08/2019  17:18:30  PAGE 28


  C:5351H         LINE#         44
  C:5351H         LINE#         45
  C:5351H         LINE#         46
  C:535BH         LINE#         47
  C:5365H         LINE#         48
  -------         ENDPROC       VSETLOCATION
  C:52DFH         SYMBOL        L?0060
  -------         PROC          L?0059
  -------         ENDPROC       L?0059
  C:52DFH         SYMBOL        L?0060
  -------         PROC          _BCDTODEC1
  D:0007H         SYMBOL        bcd
  -------         DO            
  D:0006H         SYMBOL        hi
  D:0007H         SYMBOL        lo
  -------         ENDDO         
  C:52E3H         LINE#         49
  C:52E3H         LINE#         50
  C:52E3H         LINE#         52
  C:52E8H         LINE#         53
  C:52ECH         LINE#         54
  C:52F3H         LINE#         55
  -------         ENDPROC       _BCDTODEC1
  -------         PROC          VONESTEPMOVE
  B:0020H.3       SYMBOL        bDir
  C:4F61H         LINE#         59
  C:4F61H         LINE#         60
  C:4F61H         LINE#         62
  C:4F67H         LINE#         63
  C:4F67H         LINE#         64
  C:4F6AH         LINE#         65
  C:4F73H         LINE#         66
  C:4F7AH         LINE#         67
  C:4F7FH         LINE#         68
  C:4F7FH         LINE#         69
  C:4F7FH         LINE#         71
  C:4F81H         LINE#         74
  C:4F81H         LINE#         75
  C:4F84H         LINE#         76
  C:4F8DH         LINE#         77
  C:4F94H         LINE#         78
  C:4F9AH         LINE#         79
  C:4FA3H         LINE#         80
  C:4FAAH         LINE#         81
  C:4FAAH         LINE#         85
  -------         ENDPROC       VONESTEPMOVE
  -------         PROC          _STEP_MOVE
  X:04D7H         SYMBOL        step
  B:0020H.2       SYMBOL        dir
  -------         DO            
  X:04D9H         SYMBOL        i
  -------         ENDDO         
  C:5079H         LINE#         87
  C:5081H         LINE#         88
  C:5081H         LINE#         90
  C:5086H         LINE#         93
  C:50A1H         LINE#         94
BL51 BANKED LINKER/LOCATER V6.22                                                      05/08/2019  17:18:30  PAGE 29


  C:50A1H         LINE#         95
  C:50A8H         LINE#         97
  C:50B8H         LINE#         99
  -------         ENDPROC       _STEP_MOVE
  -------         PROC          _MOVE
  X:04D3H         SYMBOL        distance
  B:0020H.1       SYMBOL        direction
  -------         DO            
  D:0006H         SYMBOL        step
  -------         ENDDO         
  C:51A5H         LINE#         101
  C:51ABH         LINE#         102
  C:51ABH         LINE#         105
  C:51C6H         LINE#         106
  -------         ENDPROC       _MOVE
  C:4707H         SYMBOL        L?0058
  -------         PROC          L?0057
  -------         ENDPROC       L?0057
  C:4707H         SYMBOL        L?0058
  -------         PROC          LINEAR_INTERPOLATE
  X:049AH         SYMBOL        p1
  X:04A2H         SYMBOL        p2
  X:04AAH         SYMBOL        x
  -------         DO            
  D:0004H         SYMBOL        fx
  -------         ENDDO         
  C:4718H         LINE#         139
  C:4718H         LINE#         140
  C:4718H         LINE#         143
  C:47B7H         LINE#         145
  C:47B7H         LINE#         146
  -------         ENDPROC       LINEAR_INTERPOLATE
  -------         PROC          _THEORICALJP_POSITION
  X:043EH         SYMBOL        azimuth
  X:0442H         SYMBOL        elevation
  -------         DO            
  X:0446H         SYMBOL        pos_interpolate_azimuth
  X:0482H         SYMBOL        JP_pos
  X:0486H         SYMBOL        i
  X:0488H         SYMBOL        yy
  X:048AH         SYMBOL        p1
  X:0492H         SYMBOL        p2
  -------         ENDDO         
  C:23B2H         LINE#         149
  C:23B8H         LINE#         150
  C:23B8H         LINE#         152
  C:23C2H         LINE#         155
  C:23DEH         LINE#         156
  C:23DEH         LINE#         157
  C:244EH         LINE#         158
  C:244EH         LINE#         159
  C:2455H         LINE#         160
  C:2455H         LINE#         161
  C:2482H         LINE#         162
  C:249DH         LINE#         164
  C:24E4H         LINE#         165
  C:2518H         LINE#         167
BL51 BANKED LINKER/LOCATER V6.22                                                      05/08/2019  17:18:30  PAGE 30


  C:255EH         LINE#         168
  C:2583H         LINE#         170
  C:2583H         LINE#         172
  C:25F9H         LINE#         173
  C:25F9H         LINE#         174
  C:2600H         LINE#         175
  C:2600H         LINE#         176
  C:262DH         LINE#         177
  C:2648H         LINE#         179
  C:268FH         LINE#         180
  C:26C3H         LINE#         182
  C:2709H         LINE#         183
  C:272BH         LINE#         185
  C:272BH         LINE#         186
  C:273FH         LINE#         189
  C:275BH         LINE#         190
  C:275BH         LINE#         191
  C:27CBH         LINE#         192
  C:27CBH         LINE#         193
  C:27F8H         LINE#         194
  C:2813H         LINE#         196
  C:2840H         LINE#         197
  C:285BH         LINE#         199
  C:288DH         LINE#         202
  C:288DH         LINE#         204
  C:289EH         LINE#         205
  C:28ACH         LINE#         207
  -------         ENDPROC       _THEORICALJP_POSITION
  -------         PROC          _UPDATE_POSITION
  D:0001H         SYMBOL        mnths
  D:0002H         SYMBOL        dys
  X:041AH         SYMBOL        hurs
  X:041BH         SYMBOL        mns
  X:041CH         SYMBOL        sconds
  X:041DH         SYMBOL        currnt_pos
  X:0420H         SYMBOL        offset_calib
  -------         DO            
  X:0424H         SYMBOL        date
  X:0426H         SYMBOL        i
  X:0428H         SYMBOL        yy
  X:042AH         SYMBOL        desired_distance
  X:042EH         SYMBOL        distance
  X:0432H         SYMBOL        JP_pos
  X:0436H         SYMBOL        elevation
  X:043AH         SYMBOL        azimuth
  -------         ENDDO         
  C:1D76H         LINE#         210
  C:1D7FH         LINE#         213
  C:1D7FH         LINE#         214
  C:1D8AH         LINE#         216
  C:1DA6H         LINE#         223
  C:1DB0H         LINE#         224
  C:1DBBH         LINE#         225
  C:1DC6H         LINE#         226
  C:1DDFH         LINE#         227
  C:1DF0H         LINE#         228
  C:1DFFH         LINE#         231
BL51 BANKED LINKER/LOCATER V6.22                                                      05/08/2019  17:18:30  PAGE 31


  C:1E13H         LINE#         235
  C:1E65H         LINE#         236
  C:1FC9H         LINE#         237
  C:2019H         LINE#         240
  C:2141H         LINE#         243
  C:2210H         LINE#         250
  C:2257H         LINE#         251
  C:2257H         LINE#         253
  C:2282H         LINE#         254
  C:22B1H         LINE#         256
  C:22D6H         LINE#         257
  C:233BH         LINE#         258
  C:233BH         LINE#         259
  C:2355H         LINE#         260
  C:2367H         LINE#         261
  C:237FH         LINE#         262
  C:2395H         LINE#         264
  C:23B1H         LINE#         265
  C:23B1H         LINE#         266
  C:23B1H         LINE#         269
  -------         ENDPROC       _UPDATE_POSITION
  -------         PROC          _ELEVATION_CALCULATION
  D:0007H         SYMBOL        mnths
  D:0005H         SYMBOL        dys
  X:03F6H         SYMBOL        hurs
  X:03F7H         SYMBOL        mns
  X:03F8H         SYMBOL        sconds
  C:350AH         LINE#         271
  C:350FH         LINE#         273
  C:350FH         LINE#         274
  C:3519H         LINE#         275
  C:3522H         LINE#         276
  C:352DH         LINE#         277
  C:3546H         LINE#         278
  C:355AH         LINE#         279
  C:356CH         LINE#         283
  C:35BEH         LINE#         284
  C:3722H         LINE#         285
  C:3772H         LINE#         287
  C:3889H         LINE#         289
  -------         ENDPROC       _ELEVATION_CALCULATION
  -------         ENDMOD        BIPOLARMOTOR

  -------         MODULE        SUNPOS
  C:0000H         SYMBOL        _ICE_DUMMY_
  C:15D4H         PUBLIC        sunpos
  -------         PROC          SUNPOS
  X:043EH         SYMBOL        udtTime
  X:0450H         SYMBOL        udtLocation
  X:0458H         SYMBOL        udtSunCoordinates
  -------         DO            
  X:045BH         SYMBOL        dElapsedJulianDays
  X:045FH         SYMBOL        dDecimalHours
  X:0463H         SYMBOL        dEclipticLongitude
  X:0467H         SYMBOL        dEclipticObliquity
  X:046BH         SYMBOL        dRightAscension
  X:046FH         SYMBOL        dDeclination
BL51 BANKED LINKER/LOCATER V6.22                                                      05/08/2019  17:18:30  PAGE 32


  X:0473H         SYMBOL        dY
  X:0477H         SYMBOL        dX
  -------         DO            
  X:047BH         SYMBOL        dJulianDate
  X:047FH         SYMBOL        liAux1
  X:0483H         SYMBOL        liAux2
  X:047BH         SYMBOL        dMeanLongitude
  X:047FH         SYMBOL        dMeanAnomaly
  X:0483H         SYMBOL        dOmega
  X:047BH         SYMBOL        dSin_EclipticLongitude
  X:047BH         SYMBOL        dGreenwichMeanSiderealTime
  X:047FH         SYMBOL        dLocalMeanSiderealTime
  X:0483H         SYMBOL        dLatitudeInRadians
  X:0487H         SYMBOL        dHourAngle
  X:048BH         SYMBOL        dCos_Latitude
  X:048FH         SYMBOL        dSin_Latitude
  X:0493H         SYMBOL        dCos_HourAngle
  X:0497H         SYMBOL        dParallax
  -------         ENDDO         
  -------         DO            
  X:047BH         SYMBOL        dMeanLongitude
  X:047FH         SYMBOL        dMeanAnomaly
  X:0483H         SYMBOL        dOmega
  X:047BH         SYMBOL        dSin_EclipticLongitude
  X:047BH         SYMBOL        dGreenwichMeanSiderealTime
  X:047FH         SYMBOL        dLocalMeanSiderealTime
  X:0483H         SYMBOL        dLatitudeInRadians
  X:0487H         SYMBOL        dHourAngle
  X:048BH         SYMBOL        dCos_Latitude
  X:048FH         SYMBOL        dSin_Latitude
  X:0493H         SYMBOL        dCos_HourAngle
  X:0497H         SYMBOL        dParallax
  -------         ENDDO         
  -------         DO            
  X:047BH         SYMBOL        dSin_EclipticLongitude
  X:047BH         SYMBOL        dGreenwichMeanSiderealTime
  X:047FH         SYMBOL        dLocalMeanSiderealTime
  X:0483H         SYMBOL        dLatitudeInRadians
  X:0487H         SYMBOL        dHourAngle
  X:048BH         SYMBOL        dCos_Latitude
  X:048FH         SYMBOL        dSin_Latitude
  X:0493H         SYMBOL        dCos_HourAngle
  X:0497H         SYMBOL        dParallax
  -------         ENDDO         
  -------         DO            
  X:047BH         SYMBOL        dGreenwichMeanSiderealTime
  X:047FH         SYMBOL        dLocalMeanSiderealTime
  X:0483H         SYMBOL        dLatitudeInRadians
  X:0487H         SYMBOL        dHourAngle
  X:048BH         SYMBOL        dCos_Latitude
  X:048FH         SYMBOL        dSin_Latitude
  X:0493H         SYMBOL        dCos_HourAngle
  X:0497H         SYMBOL        dParallax
  -------         ENDDO         
  -------         ENDDO         
  C:15D4H         LINE#         6
  C:15D4H         LINE#         7
BL51 BANKED LINKER/LOCATER V6.22                                                      05/08/2019  17:18:30  PAGE 33


  C:15D4H         LINE#         9
  C:15D4H         LINE#         27
  C:161EH         LINE#         30
  C:163FH         LINE#         31
  C:1786H         LINE#         34
  C:17D2H         LINE#         36
  C:17F1H         LINE#         37
  C:17F1H         LINE#         42
  C:17F1H         LINE#         46
  C:1823H         LINE#         47
  C:184DH         LINE#         48
  C:1877H         LINE#         49
  C:1924H         LINE#         52
  C:1985H         LINE#         54
  C:1985H         LINE#         59
  C:1985H         LINE#         61
  C:199CH         LINE#         62
  C:19C4H         LINE#         63
  C:19DBH         LINE#         64
  C:1A06H         LINE#         65
  C:1A3DH         LINE#         66
  C:1A68H         LINE#         67
  C:1A68H         LINE#         70
  C:1A68H         LINE#         79
  C:1AA3H         LINE#         82
  C:1ADDH         LINE#         84
  C:1B02H         LINE#         85
  C:1B21H         LINE#         86
  C:1B38H         LINE#         87
  C:1B4FH         LINE#         88
  C:1B66H         LINE#         89
  C:1BEFH         LINE#         91
  C:1C09H         LINE#         92
  C:1C6BH         LINE#         93
  C:1CA1H         LINE#         94
  C:1CB3H         LINE#         95
  C:1CE0H         LINE#         96
  C:1D0DH         LINE#         98
  C:1D2FH         LINE#         100
  C:1D67H         LINE#         103
  C:1D67H         LINE#         104
  C:1D75H         LINE#         105
  -------         ENDPROC       SUNPOS
  -------         ENDMOD        SUNPOS

  -------         MODULE        ADC
  C:0000H         SYMBOL        _ICE_DUMMY_
  D:0092H         PUBLIC        P1M0
  D:0091H         PUBLIC        P1M1
  D:0080H         PUBLIC        P0
  D:0090H         PUBLIC        P1
  D:00A0H         PUBLIC        P2
  D:00B0H         PUBLIC        P3
  D:00C0H         PUBLIC        P4
  D:00C8H         PUBLIC        P5
  D:00E8H         PUBLIC        P6
  D:00F8H         PUBLIC        P7
BL51 BANKED LINKER/LOCATER V6.22                                                      05/08/2019  17:18:30  PAGE 34


  D:00A8H         PUBLIC        IE
  D:00BDH         PUBLIC        ADC_RES
  D:00B8H         PUBLIC        IP
  D:0097H         PUBLIC        CLK_DIV
  D:00D8H         PUBLIC        CCON
  D:00BCH         PUBLIC        ADC_CONTR
  D:0098H         PUBLIC        SCON
  D:0088H         PUBLIC        TCON
  B:00A0H.4       PUBLIC        P24
  B:00A0H.5       PUBLIC        P25
  B:00A0H.6       PUBLIC        P26
  C:52F4H         PUBLIC        ADC_Init
  C:517BH         PUBLIC        _ADC_GetResult
  D:009DH         PUBLIC        P1ASF
  D:00BEH         PUBLIC        ADC_RESL
  D:00D0H         PUBLIC        PSW
  -------         PROC          ADC_INIT
  C:52F4H         LINE#         7
  C:52F4H         LINE#         8
  C:52F4H         LINE#         10
  C:52F6H         LINE#         11
  C:52F8H         LINE#         12
  C:52FAH         LINE#         13
  C:52FDH         LINE#         14
  C:5300H         LINE#         15
  C:5303H         LINE#         16
  C:5306H         LINE#         18
  C:5308H         LINE#         19
  C:530AH         LINE#         20
  C:530DH         LINE#         24
  -------         ENDPROC       ADC_INIT
  -------         PROC          _ADC_GETRESULT
  D:0007H         SYMBOL        ch
  -------         DO            
  D:0006H         SYMBOL        ADC_Value_H
  D:0004H         SYMBOL        ADC_Value_L
  D:0006H         SYMBOL        ADC_Value
  -------         ENDDO         
  C:517BH         LINE#         27
  C:517BH         LINE#         28
  C:517BH         LINE#         30
  C:5180H         LINE#         31
  C:5181H         LINE#         32
  C:5182H         LINE#         35
[...]
  C:4520H         LINE#         101
  C:4520H         LINE#         102
  C:4522H         LINE#         104
  C:4522H         LINE#         105
  C:4522H         LINE#         106
  C:4522H         LINE#         107
  C:4525H         LINE#         108
  C:4529H         LINE#         111
  C:4548H         LINE#         113
  C:454FH         LINE#         114
  C:454FH         LINE#         115
  C:4551H         LINE#         116
  C:4554H         LINE#         117
  C:4570H         LINE#         118
  C:4570H         LINE#         119
  C:4572H         LINE#         120
  C:4574H         LINE#         122
  C:4574H         LINE#         123
  C:4576H         LINE#         125
  C:4576H         LINE#         126
  C:4576H         LINE#         127
BL51 BANKED LINKER/LOCATER V6.22                                                      05/08/2019  17:18:30  PAGE 45


  C:4576H         LINE#         128
  C:4579H         LINE#         129
  C:4592H         LINE#         131
  C:45B1H         LINE#         133
  C:45B8H         LINE#         134
  C:45B8H         LINE#         135
  C:45BAH         LINE#         136
  C:45BDH         LINE#         137
  C:45C4H         LINE#         138
  C:45C4H         LINE#         139
  C:45C6H         LINE#         140
  C:45C8H         LINE#         142
  C:45C8H         LINE#         143
  C:45CAH         LINE#         145
  C:45CAH         LINE#         146
  C:45CAH         LINE#         147
  C:45CAH         LINE#         148
  C:45CDH         LINE#         149
  C:45D4H         LINE#         151
  C:45F3H         LINE#         153
  C:45F5H         LINE#         154
  C:45F8H         LINE#         155
  C:45FFH         LINE#         157
  -------         ENDPROC       _AT25SF041_WRITE
  -------         PROC          _AT25SF041_READ
  D:0003H         SYMBOL        opcode
  X:05FAH         SYMBOL        addr
  -------         DO            
  X:05FEH         SYMBOL        dat
  X:05FFH         SYMBOL        i
  -------         ENDDO         
  C:43EEH         LINE#         159
  C:43F0H         LINE#         160
  C:43F0H         LINE#         161
  C:43F5H         LINE#         163
  C:43F7H         LINE#         164
  C:43FDH         LINE#         168
  C:4402H         LINE#         169
  C:4402H         LINE#         170
  C:4404H         LINE#         171
  C:4407H         LINE#         172
  C:440BH         LINE#         173
  C:440BH         LINE#         174
  C:440DH         LINE#         175
  C:440FH         LINE#         177
  C:440FH         LINE#         178
  C:4411H         LINE#         180
  C:4411H         LINE#         181
  C:4411H         LINE#         182
  C:4411H         LINE#         183
  C:4414H         LINE#         184
  C:4418H         LINE#         187
  C:4437H         LINE#         189
  C:443EH         LINE#         190
  C:443EH         LINE#         191
  C:4440H         LINE#         192
  C:4443H         LINE#         193
BL51 BANKED LINKER/LOCATER V6.22                                                      05/08/2019  17:18:30  PAGE 46


  C:445FH         LINE#         194
  C:445FH         LINE#         195
  C:4461H         LINE#         196
  C:4463H         LINE#         198
  C:4463H         LINE#         199
  C:4465H         LINE#         201
  C:4465H         LINE#         202
  C:4465H         LINE#         203
  C:4465H         LINE#         204
  C:4468H         LINE#         205
  C:4481H         LINE#         207
  C:44A0H         LINE#         210
  C:44A7H         LINE#         212
  C:44A9H         LINE#         213
  C:44B0H         LINE#         215
  C:44B7H         LINE#         216
  C:44B7H         LINE#         217
  C:44BEH         LINE#         218
  C:44BEH         LINE#         219
  C:44C1H         LINE#         220
  C:44C3H         LINE#         221
  C:44C6H         LINE#         223
  C:44C9H         LINE#         224
  C:44C9H         LINE#         226
  C:44CDH         LINE#         227
  C:44CDH         LINE#         233
  C:44ECH         LINE#         236
  C:44EEH         LINE#         237
  C:44F1H         LINE#         238
  C:44F8H         LINE#         240
  C:44FDH         LINE#         242
  -------         ENDPROC       _AT25SF041_READ
  -------         PROC          UCREAD_STATUS_REGISTER_BYTE1
  -------         DO            
  D:0003H         SYMBOL        dat
  D:0001H         SYMBOL        opcode
  X:04DBH         SYMBOL        count
  X:04DCH         SYMBOL        i
  -------         ENDDO         
  C:49CCH         LINE#         246
  C:49CCH         LINE#         247
  C:49CCH         LINE#         248
  C:49D2H         LINE#         249
  C:49D6H         LINE#         250
  C:49D8H         LINE#         251
  C:49DAH         LINE#         252
  C:49E0H         LINE#         256
  C:49E7H         LINE#         257
  C:49E7H         LINE#         258
  C:49E9H         LINE#         259
  C:49ECH         LINE#         260
  C:49F0H         LINE#         261
  C:49F0H         LINE#         262
  C:49F2H         LINE#         263
  C:49F4H         LINE#         265
  C:49F4H         LINE#         266
  C:49F6H         LINE#         268
BL51 BANKED LINKER/LOCATER V6.22                                                      05/08/2019  17:18:30  PAGE 47


  C:49F6H         LINE#         269
  C:49F6H         LINE#         270
  C:49F6H         LINE#         271
  C:49F9H         LINE#         272
  C:49FDH         LINE#         275
  C:4A1CH         LINE#         279
  C:4A23H         LINE#         281
  C:4A25H         LINE#         282
  C:4A2CH         LINE#         283
  C:4A33H         LINE#         284
  C:4A33H         LINE#         285
  C:4A37H         LINE#         286
  C:4A37H         LINE#         287
  C:4A3AH         LINE#         288
  C:4A3CH         LINE#         289
  C:4A3FH         LINE#         291
  C:4A42H         LINE#         292
  C:4A42H         LINE#         294
  C:4A46H         LINE#         295
  C:4A46H         LINE#         297
  C:4A65H         LINE#         301
  C:4A67H         LINE#         302
  C:4A6AH         LINE#         303
  C:4A6CH         LINE#         304
  -------         ENDPROC       UCREAD_STATUS_REGISTER_BYTE1
  -------         PROC          SPI_NOR_WRITE_DATA
  X:03F4H         SYMBOL        dat
  X:03FFH         SYMBOL        addr
  C:3BD7H         LINE#         306
  C:3BD7H         LINE#         307
  C:3BD7H         LINE#         309
  C:3BDAH         LINE#         311
  C:3BF4H         LINE#         312
  C:3C12H         LINE#         314
  C:3C19H         LINE#         315
  C:3C1CH         LINE#         317
  C:3C36H         LINE#         318
  C:3C36H         LINE#         319
  C:3C36H         LINE#         322
  C:3C39H         LINE#         324
  C:3C53H         LINE#         325
  C:3C53H         LINE#         326
  C:3C53H         LINE#         328
  C:3C56H         LINE#         330
  C:3C70H         LINE#         331
  C:3C70H         LINE#         332
  C:3C70H         LINE#         334
  C:3C73H         LINE#         336
  C:3C8DH         LINE#         337
  C:3C8DH         LINE#         338
  C:3C8DH         LINE#         340
  C:3C90H         LINE#         342
  C:3CAAH         LINE#         343
  C:3CAAH         LINE#         344
  C:3CAAH         LINE#         346
  C:3CADH         LINE#         348
  C:3CC7H         LINE#         349
BL51 BANKED LINKER/LOCATER V6.22                                                      05/08/2019  17:18:30  PAGE 48


  C:3CC7H         LINE#         350
  C:3CC7H         LINE#         352
  C:3CCAH         LINE#         354
  C:3CE4H         LINE#         355
  C:3CE4H         LINE#         356
  C:3CE4H         LINE#         358
  C:3CE7H         LINE#         360
  C:3D01H         LINE#         361
  C:3D01H         LINE#         362
  C:3D01H         LINE#         364
  C:3D04H         LINE#         366
  C:3D1EH         LINE#         367
  C:3D1EH         LINE#         368
  C:3D1EH         LINE#         370
  C:3D21H         LINE#         372
  C:3D3BH         LINE#         373
  C:3D42H         LINE#         374
  -------         ENDPROC       SPI_NOR_WRITE_DATA
  -------         ENDMOD        AT25SF041

  -------         MODULE        SI1120
  C:0000H         SYMBOL        _ICE_DUMMY_
  D:0080H         PUBLIC        P0
  D:00B2H         PUBLIC        P3M0
  D:0090H         PUBLIC        P1
  D:00B1H         PUBLIC        P3M1
  D:00A0H         PUBLIC        P2
  D:00B0H         PUBLIC        P3
  D:00C0H         PUBLIC        P4
  D:00C8H         PUBLIC        P5
  B:00A8H.7       PUBLIC        EA
  D:00E8H         PUBLIC        P6
  D:00F8H         PUBLIC        P7
  D:00A8H         PUBLIC        IE
  D:00B8H         PUBLIC        IP
  C:50F4H         PUBLIC        SI1120_CONFIG_MODE_VIRH
  D:00D8H         PUBLIC        CCON
  D:0098H         PUBLIC        SCON
  D:0088H         PUBLIC        TCON
  C:53E3H         PUBLIC        Enable_EXTINT0
  B:0090H.5       PUBLIC        SI1120_STX
  B:0088H.0       PUBLIC        IT0
  B:00A8H.0       PUBLIC        EX0
  B:0090H.4       PUBLIC        SI1120_MD
  B:0090H.6       PUBLIC        SI1120_SC
  D:00D0H         PUBLIC        PSW
  -------         PROC          SI1120_CONFIG_MODE_VIRH
  C:50F4H         LINE#         4
  C:50F4H         LINE#         5
  C:50F4H         LINE#         6
  C:50F6H         LINE#         7
  C:50F8H         LINE#         8
  C:50FAH         LINE#         10
  C:5101H         LINE#         11
  C:5103H         LINE#         13
  C:5105H         LINE#         14
  C:5107H         LINE#         16
BL51 BANKED LINKER/LOCATER V6.22                                                      05/08/2019  17:18:30  PAGE 49


  C:510EH         LINE#         18
  C:5110H         LINE#         20
  C:5117H         LINE#         23
  C:5119H         LINE#         25
  C:511BH         LINE#         27
  C:5122H         LINE#         29
  C:5124H         LINE#         31
  -------         ENDPROC       SI1120_CONFIG_MODE_VIRH
  -------         PROC          ENABLE_EXTINT0
  C:53E3H         LINE#         33
  C:53E3H         LINE#         34
  C:53E3H         LINE#         35
  C:53E6H         LINE#         36
  C:53E9H         LINE#         37
  C:53EBH         LINE#         38
  C:53EDH         LINE#         39
  C:53EFH         LINE#         40
  -------         ENDPROC       ENABLE_EXTINT0
  -------         ENDMOD        SI1120

  -------         MODULE        ?C_STARTUP
  C:4C40H         SEGMENT       ?C_C51STARTUP
  I:0021H         SEGMENT       ?STACK
  C:0000H         PUBLIC        ?C_STARTUP
  D:00E0H         SYMBOL        ACC
  D:00F0H         SYMBOL        B
  D:0083H         SYMBOL        DPH
  D:0082H         SYMBOL        DPL
  N:0000H         SYMBOL        IBPSTACK
  N:0100H         SYMBOL        IBPSTACKTOP
  N:0080H         SYMBOL        IDATALEN
  C:4C43H         SYMBOL        IDATALOOP
  N:0000H         SYMBOL        PBPSTACK
  N:0100H         SYMBOL        PBPSTACKTOP
  N:0000H         SYMBOL        PDATALEN
  N:0000H         SYMBOL        PDATASTART
  N:0000H         SYMBOL        PPAGE
  N:0000H         SYMBOL        PPAGEENABLE
  D:00A0H         SYMBOL        PPAGE_SFR
  D:0081H         SYMBOL        SP
  C:4C40H         SYMBOL        STARTUP1
  N:0000H         SYMBOL        XBPSTACK
  N:0000H         SYMBOL        XBPSTACKTOP
  N:0000H         SYMBOL        XDATALEN
  N:0000H         SYMBOL        XDATASTART
  C:0000H         LINE#         126
  C:4C40H         LINE#         133
  C:4C42H         LINE#         134
  C:4C43H         LINE#         135
  C:4C44H         LINE#         136
  C:4C46H         LINE#         185
  C:4C49H         LINE#         196
  -------         ENDMOD        ?C_STARTUP

  -------         MODULE        ?C?FPADD
  C:0C37H         PUBLIC        ?C?FPADD
  C:0C33H         PUBLIC        ?C?FPSUB
BL51 BANKED LINKER/LOCATER V6.22                                                      05/08/2019  17:18:30  PAGE 50


  -------         ENDMOD        ?C?FPADD

  -------         MODULE        ?C?FPMUL
  C:0D28H         PUBLIC        ?C?FPMUL
  -------         ENDMOD        ?C?FPMUL

  -------         MODULE        ?C?FPDIV
  C:0E31H         PUBLIC        ?C?FPDIV
  -------         ENDMOD        ?C?FPDIV

  -------         MODULE        ?C?FPCMP
  C:0ED0H         PUBLIC        ?C?FPCMP
  C:0ECEH         PUBLIC        ?C?FPCMP3
  -------         ENDMOD        ?C?FPCMP

  -------         MODULE        ?C?FPNEG
  C:0F47H         PUBLIC        ?C?FPNEG
  -------         ENDMOD        ?C?FPNEG

  -------         MODULE        ?C?FCAST
  C:0F62H         PUBLIC        ?C?FCASTC
  C:0F5DH         PUBLIC        ?C?FCASTI
  C:0F58H         PUBLIC        ?C?FCASTL
  -------         ENDMOD        ?C?FCAST

  -------         MODULE        ?C?CASTF
  C:0F96H         PUBLIC        ?C?CASTF
  -------         ENDMOD        ?C?CASTF

  -------         MODULE        ATAN2
  X:049BH         PUBLIC        ?_atan2?BYTE
  C:4A6DH         PUBLIC        _atan2
  -------         ENDMOD        ATAN2

  -------         MODULE        SIN
  C:3DA8H         PUBLIC        _COS
  C:3DBEH         PUBLIC        _SIN
  C:3DFAH         PUBLIC        _TAN
  -------         ENDMOD        SIN

  -------         MODULE        ACOS
  C:4FABH         PUBLIC        _ACOS
  -------         ENDMOD        ACOS

  -------         MODULE        ASIN
  C:50B9H         PUBLIC        _ASIN
  -------         ENDMOD        ASIN

  -------         MODULE        POW
  X:03BCH         PUBLIC        ?_pow?BYTE
  C:3EE8H         PUBLIC        _pow
  -------         ENDMOD        POW

  -------         MODULE        ?C?CHKFLOAT
  C:1017H         PUBLIC        ?C?CHKFLOAT
  -------         ENDMOD        ?C?CHKFLOAT

BL51 BANKED LINKER/LOCATER V6.22                                                      05/08/2019  17:18:30  PAGE 51


  -------         MODULE        EXP
  C:4BDEH         PUBLIC        _EXP
  -------         ENDMOD        EXP

  -------         MODULE        LOG
  C:41D7H         PUBLIC        _LOG
  C:41D3H         PUBLIC        _LOG10
  -------         ENDMOD        LOG

  -------         MODULE        SQRT
  C:4924H         PUBLIC        _SQRT
  -------         ENDMOD        SQRT

  -------         MODULE        ATAN
  C:42ECH         PUBLIC        _ATAN
  -------         ENDMOD        ATAN

  -------         MODULE        ?C?COPY
  C:114EH         PUBLIC        ?C?COPY
  -------         ENDMOD        ?C?COPY

  -------         MODULE        ?C?CLDPTR
  C:1174H         PUBLIC        ?C?CLDPTR
  -------         ENDMOD        ?C?CLDPTR

  -------         MODULE        ?C?CLDOPTR
  C:118DH         PUBLIC        ?C?CLDOPTR
  -------         ENDMOD        ?C?CLDOPTR

  -------         MODULE        ?C?CSTPTR
  C:11BAH         PUBLIC        ?C?CSTPTR
  -------         ENDMOD        ?C?CSTPTR

  -------         MODULE        ?C?IMUL
  C:11CCH         PUBLIC        ?C?IMUL
  -------         ENDMOD        ?C?IMUL

  -------         MODULE        ?C?UIDIV
  C:11DEH         PUBLIC        ?C?UIDIV
  -------         ENDMOD        ?C?UIDIV

  -------         MODULE        ?C?SIDIV
  C:1233H         PUBLIC        ?C?SIDIV
  -------         ENDMOD        ?C?SIDIV

  -------         MODULE        ?C?ILDOPTR
  C:1269H         PUBLIC        ?C?ILDOPTR
  -------         ENDMOD        ?C?ILDOPTR

  -------         MODULE        ?C?ISTPTR
  C:12A1H         PUBLIC        ?C?ISTPTR
  -------         ENDMOD        ?C?ISTPTR

  -------         MODULE        ?C?LMUL
  C:12C0H         PUBLIC        ?C?LMUL
  -------         ENDMOD        ?C?LMUL

BL51 BANKED LINKER/LOCATER V6.22                                                      05/08/2019  17:18:30  PAGE 52


  -------         MODULE        ?C?SLDIV
  C:4FF5H         PUBLIC        ?C?SLDIV
  -------         ENDMOD        ?C?SLDIV

  -------         MODULE        ?C?LNEG
  C:130FH         PUBLIC        ?C?LNEG
  -------         ENDMOD        ?C?LNEG

  -------         MODULE        ?C?ULCMP
  C:131DH         PUBLIC        ?C?ULCMP
  -------         ENDMOD        ?C?ULCMP

  -------         MODULE        ?C?LSHL
  C:132EH         PUBLIC        ?C?LSHL
  -------         ENDMOD        ?C?LSHL

  -------         MODULE        ?C?LLDPTR
  C:1341H         PUBLIC        ?C?LLDPTR
  -------         ENDMOD        ?C?LLDPTR

  -------         MODULE        ?C?LLDOPTR
  C:1361H         PUBLIC        ?C?LLDOPTR
  -------         ENDMOD        ?C?LLDOPTR

  -------         MODULE        ?C?LSTPTR
  C:1391H         PUBLIC        ?C?LSTPTR
  -------         ENDMOD        ?C?LSTPTR

  -------         MODULE        ?C?LSTOPTR
  C:13ABH         PUBLIC        ?C?LSTOPTR
  -------         ENDMOD        ?C?LSTOPTR

  -------         MODULE        ?C?LLDXDATA
  C:13CFH         PUBLIC        ?C?LLDXDATA
  -------         ENDMOD        ?C?LLDXDATA

  -------         MODULE        ?C?LLDCODE
  C:13DBH         PUBLIC        ?C?LLDCODE
  -------         ENDMOD        ?C?LLDCODE

  -------         MODULE        ?C?LLDXDATA0
  C:13EBH         PUBLIC        ?C?LLDXDATA0
  -------         ENDMOD        ?C?LLDXDATA0

  -------         MODULE        ?C?LLDCODE0
  C:13F7H         PUBLIC        ?C?LLDCODE0
  -------         ENDMOD        ?C?LLDCODE0

  -------         MODULE        ?C?LLDPTR0
  C:1407H         PUBLIC        ?C?LLDPTR0
  -------         ENDMOD        ?C?LLDPTR0

  -------         MODULE        ?C?LSTXDATA
  C:1427H         PUBLIC        ?C?LSTXDATA
  -------         ENDMOD        ?C?LSTXDATA

  -------         MODULE        ?C?LSTKXDATA
BL51 BANKED LINKER/LOCATER V6.22                                                      05/08/2019  17:18:30  PAGE 53


  C:1433H         PUBLIC        ?C?LSTKXDATA
  -------         ENDMOD        ?C?LSTKXDATA

  -------         MODULE        ?C?LSTKPTR
  C:1464H         PUBLIC        ?C?LSTKPTR
  -------         ENDMOD        ?C?LSTKPTR

  -------         MODULE        ?C?OFFXADD
  C:147EH         PUBLIC        ?C?OFFXADD
  -------         ENDMOD        ?C?OFFXADD

  -------         MODULE        ?C?ULDIV
  C:14C6H         PUBLIC        ?C?ULDIV
  -------         ENDMOD        ?C?ULDIV

  -------         MODULE        ?C?LLDIDATA
  C:1558H         PUBLIC        ?C?LLDIDATA
  -------         ENDMOD        ?C?LLDIDATA

  -------         MODULE        ?C?LLDPDATA
  C:1564H         PUBLIC        ?C?LLDPDATA
  -------         ENDMOD        ?C?LLDPDATA

  -------         MODULE        ?C?LLDIDATA0
  C:1570H         PUBLIC        ?C?LLDIDATA0
  -------         ENDMOD        ?C?LLDIDATA0

  -------         MODULE        ?C?LLDPDATA0
  C:157DH         PUBLIC        ?C?LLDPDATA0
  -------         ENDMOD        ?C?LLDPDATA0

  -------         MODULE        ?C?LSTIDATA
  C:158AH         PUBLIC        ?C?LSTIDATA
  -------         ENDMOD        ?C?LSTIDATA

  -------         MODULE        ?C?LSTPDATA
  C:1596H         PUBLIC        ?C?LSTPDATA
  -------         ENDMOD        ?C?LSTPDATA

  -------         MODULE        ?C?LSTKIDATA
  C:15A2H         PUBLIC        ?C?LSTKIDATA
  -------         ENDMOD        ?C?LSTKIDATA

  -------         MODULE        ?C?LSTKPDATA
  C:15BBH         PUBLIC        ?C?LSTKPDATA
  -------         ENDMOD        ?C?LSTKPDATA

*** WARNING L16: UNCALLED SEGMENT, IGNORED FOR OVERLAY PROCESS
    SEGMENT: ?PR?_DAY_OF_YEAR?PCF85063BTL

*** WARNING L16: UNCALLED SEGMENT, IGNORED FOR OVERLAY PROCESS
    SEGMENT: ?PR?NOP?IOEXPANDER_PI4IOE5V96248

*** WARNING L16: UNCALLED SEGMENT, IGNORED FOR OVERLAY PROCESS
    SEGMENT: ?PR?UC_ACK?IOEXPANDER_PI4IOE5V96248

*** WARNING L16: UNCALLED SEGMENT, IGNORED FOR OVERLAY PROCESS
BL51 BANKED LINKER/LOCATER V6.22                                                      05/08/2019  17:18:30  PAGE 54


    SEGMENT: ?PR?UC_NACK?IOEXPANDER_PI4IOE5V96248

*** WARNING L16: UNCALLED SEGMENT, IGNORED FOR OVERLAY PROCESS
    SEGMENT: ?PR?_AT25SF041_READ?AT25SF041

Program Size: data=9.5 xdata=1539 code=21531
LINK/LOCATE RUN COMPLETE.  5 WARNING(S),  0 ERROR(S)
