BL51 BANKED LINKER/LOCATER V6.22                                                        09/03/2019  09:57:54  PAGE 1


BL51 BANKED LINKER/LOCATER V6.22, INVOKED BY:
C:\KEIL_V5\C51\BIN\BL51.EXE .\Obj\main.obj, .\Obj\PCF85063BTL.obj, .\Obj\LCd_Driver_SPLC780D.obj, .\Obj\KeyPad.obj, .\Ob
>> j\BipolarMotor.obj, .\Obj\SunPos.obj, .\Obj\ADC.obj, .\Obj\Calibration.obj, .\Obj\IOExpander_PI4IOE5V96248.obj, .\Obj
>> \AT25SF041.obj, .\Obj\SI1120.obj, .\Obj\UART1.obj, .\Obj\STARTUP.obj TO .\Obj\GPIO_RTC_Test RTX51TINY PRINT (.\Lis\GP
>> IO_RTC_Test.m51) RAMSIZE (256)


MEMORY MODEL: LARGE WITH FLOATING POINT ARITHMETIC


INPUT MODULES INCLUDED:
  .\Obj\main.obj (MAIN)
  .\Obj\PCF85063BTL.obj (PCF85063BTL)
  .\Obj\LCd_Driver_SPLC780D.obj (LCD_DRIVER_SPLC780D)
  .\Obj\KeyPad.obj (KEYPAD)
  .\Obj\BipolarMotor.obj (BIPOLARMOTOR)
  .\Obj\SunPos.obj (SUNPOS)
  .\Obj\ADC.obj (ADC)
  .\Obj\Calibration.obj (CALIBRATION)
  .\Obj\IOExpander_PI4IOE5V96248.obj (IOEXPANDER_PI4IOE5V96248)
  .\Obj\AT25SF041.obj (AT25SF041)
  .\Obj\SI1120.obj (SI1120)
  .\Obj\UART1.obj (UART1)
  .\Obj\STARTUP.obj (?C_STARTUP)
  C:\KEIL_V5\C51\LIB\C51FPL.LIB (?C?FPADD)
  C:\KEIL_V5\C51\LIB\C51FPL.LIB (?C?FPMUL)
  C:\KEIL_V5\C51\LIB\C51FPL.LIB (?C?FPDIV)
  C:\KEIL_V5\C51\LIB\C51FPL.LIB (?C?FPCMP)
  C:\KEIL_V5\C51\LIB\C51FPL.LIB (?C?FPNEG)
  C:\KEIL_V5\C51\LIB\C51FPL.LIB (?C?FCAST)
  C:\KEIL_V5\C51\LIB\C51FPL.LIB (?C?CASTF)
  C:\KEIL_V5\C51\LIB\C51FPL.LIB (PRINTF)
  C:\KEIL_V5\C51\LIB\C51FPL.LIB (FABS)
  C:\KEIL_V5\C51\LIB\C51FPL.LIB (ATAN2)
  C:\KEIL_V5\C51\LIB\C51FPL.LIB (SIN)
  C:\KEIL_V5\C51\LIB\C51FPL.LIB (ACOS)
  C:\KEIL_V5\C51\LIB\C51FPL.LIB (ASIN)
  C:\KEIL_V5\C51\LIB\C51FPL.LIB (POW)
  C:\KEIL_V5\C51\LIB\C51FPL.LIB (?C?FPGETOPN)
  C:\KEIL_V5\C51\LIB\C51FPL.LIB (?C?CHKFLOAT)
  C:\KEIL_V5\C51\LIB\C51FPL.LIB (?C?FPROUND)
  C:\KEIL_V5\C51\LIB\C51FPL.LIB (?C?FPCONVERT)
  C:\KEIL_V5\C51\LIB\C51FPL.LIB (?C?FPSERIES)
  C:\KEIL_V5\C51\LIB\C51FPL.LIB (EXP)
  C:\KEIL_V5\C51\LIB\C51FPL.LIB (LOG)
  C:\KEIL_V5\C51\LIB\C51FPL.LIB (SQRT)
  C:\KEIL_V5\C51\LIB\C51FPL.LIB (ATAN)
  C:\KEIL_V5\C51\LIB\C51FPL.LIB (?C?FTNPWR)
  C:\KEIL_V5\C51\LIB\C51L.LIB (?C_INIT)
  C:\KEIL_V5\C51\LIB\C51L.LIB (?C?COPY)
  C:\KEIL_V5\C51\LIB\C51L.LIB (?C?CLDPTR)
  C:\KEIL_V5\C51\LIB\C51L.LIB (?C?CLDOPTR)
  C:\KEIL_V5\C51\LIB\C51L.LIB (?C?CSTPTR)
  C:\KEIL_V5\C51\LIB\C51L.LIB (?C?IMUL)
  C:\KEIL_V5\C51\LIB\C51L.LIB (?C?UIDIV)
  C:\KEIL_V5\C51\LIB\C51L.LIB (?C?SIDIV)
  C:\KEIL_V5\C51\LIB\C51L.LIB (?C?ILDIX)
  C:\KEIL_V5\C51\LIB\C51L.LIB (?C?ILDOPTR)
BL51 BANKED LINKER/LOCATER V6.22                                                      09/03/2019  09:57:54  PAGE 2


  C:\KEIL_V5\C51\LIB\C51L.LIB (?C?ISTPTR)
  C:\KEIL_V5\C51\LIB\C51L.LIB (?C?LMUL)
  C:\KEIL_V5\C51\LIB\C51L.LIB (?C?SLDIV)
  C:\KEIL_V5\C51\LIB\C51L.LIB (?C?LNEG)
  C:\KEIL_V5\C51\LIB\C51L.LIB (?C?ULCMP)
  C:\KEIL_V5\C51\LIB\C51L.LIB (?C?LSHL)
  C:\KEIL_V5\C51\LIB\C51L.LIB (?C?LLDPTR)
  C:\KEIL_V5\C51\LIB\C51L.LIB (?C?LLDOPTR)
  C:\KEIL_V5\C51\LIB\C51L.LIB (?C?LSTPTR)
  C:\KEIL_V5\C51\LIB\C51L.LIB (?C?LSTOPTR)
  C:\KEIL_V5\C51\LIB\C51L.LIB (?C?LLDXDATA)
  C:\KEIL_V5\C51\LIB\C51L.LIB (?C?LLDCODE)
  C:\KEIL_V5\C51\LIB\C51L.LIB (?C?LLDXDATA0)
  C:\KEIL_V5\C51\LIB\C51L.LIB (?C?LLDCODE0)
  C:\KEIL_V5\C51\LIB\C51L.LIB (?C?LLDPTR0)
  C:\KEIL_V5\C51\LIB\C51L.LIB (?C?LSTXDATA)
  C:\KEIL_V5\C51\LIB\C51L.LIB (?C?LSTKXDATA)
  C:\KEIL_V5\C51\LIB\C51L.LIB (?C?LSTKPTR)
  C:\KEIL_V5\C51\LIB\C51L.LIB (?C?OFFXADD)
  C:\KEIL_V5\C51\LIB\C51L.LIB (?C?PLDIXDATA)
  C:\KEIL_V5\C51\LIB\C51L.LIB (?C?PSTXDATA)
  C:\KEIL_V5\C51\LIB\C51L.LIB (?C?CCASE)
  C:\KEIL_V5\C51\LIB\C51L.LIB (PUTCHAR)
  C:\KEIL_V5\C51\LIB\C51L.LIB (ABS)
  C:\KEIL_V5\C51\LIB\C51L.LIB (ATOI)
  C:\KEIL_V5\C51\LIB\C51L.LIB (?C?IILDX)
  C:\KEIL_V5\C51\LIB\C51L.LIB (?C?ULDIV)
  C:\KEIL_V5\C51\LIB\C51L.LIB (?C?LLDIDATA)
  C:\KEIL_V5\C51\LIB\C51L.LIB (?C?LLDPDATA)
  C:\KEIL_V5\C51\LIB\C51L.LIB (?C?LLDIDATA0)
  C:\KEIL_V5\C51\LIB\C51L.LIB (?C?LLDPDATA0)
  C:\KEIL_V5\C51\LIB\C51L.LIB (?C?LSTIDATA)
  C:\KEIL_V5\C51\LIB\C51L.LIB (?C?LSTPDATA)
  C:\KEIL_V5\C51\LIB\C51L.LIB (?C?LSTKIDATA)
  C:\KEIL_V5\C51\LIB\C51L.LIB (?C?LSTKPDATA)
  C:\KEIL_V5\C51\LIB\C51L.LIB (ISDIGIT)
  C:\KEIL_V5\C51\LIB\C51L.LIB (ISSPACE)


LINK MAP OF MODULE:  .\Obj\GPIO_RTC_Test (MAIN)


            TYPE    BASE      LENGTH    RELOCATION   SEGMENT NAME
            -----------------------------------------------------

            * * * * * * *   D A T A   M E M O R Y   * * * * * * *
            REG     0000H     0008H     ABSOLUTE     "REG BANK 0"
            DATA    0008H     0005H     UNIT         _DATA_GROUP_
                    000DH     0013H                  *** GAP ***
            BIT     0020H.0   0001H.2   UNIT         _BIT_GROUP_
            BIT     0021H.2   0000H.1   UNIT         ?BI?MAIN
            BIT     0021H.3   0000H.1   UNIT         ?BI?_ATOI?ATOI
                    0021H.4   0000H.4                *** GAP ***
            IDATA   0022H     0001H     UNIT         ?STACK

            * * * * * * *  X D A T A   M E M O R Y  * * * * * * *
            XDATA   0000H     03BCH     UNIT         ?XD?BIPOLARMOTOR
BL51 BANKED LINKER/LOCATER V6.22                                                      09/03/2019  09:57:54  PAGE 3


            XDATA   03BCH     0171H     UNIT         _XDATA_GROUP_
            XDATA   052DH     0121H     UNIT         ?XD?MAIN
            XDATA   064EH     0019H     UNIT         ?XD?KEYPAD
            XDATA   0667H     0005H     UNIT         ?XD?_ATOI?ATOI
            XDATA   066CH     0001H     UNIT         ?XD?UC_ACK?IOEXPANDER_PI4IOE5V96248
            XDATA   066DH     0001H     UNIT         ?XD?UC_NACK?IOEXPANDER_PI4IOE5V96248

            * * * * * * *   C O D E   M E M O R Y   * * * * * * *
            CODE    0000H     0003H     ABSOLUTE     
            CODE    0003H     0003H     ABSOLUTE     
            CODE    0006H     0005H     UNIT         ?PR?_UNIT?UART1
            CODE    000BH     0003H     ABSOLUTE     
            CODE    000EH     000DH     UNIT         ?PR?UART?MAIN
            CODE    001BH     0003H     ABSOLUTE     
            CODE    001EH     0005H     UNIT         ?PR?_ASCII_LETTER?UART1
            CODE    0023H     0003H     ABSOLUTE     
            CODE    0026H     2506H     UNIT         ?PR?MAIN?MAIN
            CODE    252CH     0BC8H     UNIT         ?C?LIB_CODE
            CODE    30F4H     07F7H     UNIT         ?PR?_FIND_REAL_MAX?CALIBRATION
            CODE    38EBH     07A2H     UNIT         ?PR?SUNPOS?SUNPOS
            CODE    408DH     0645H     UNIT         ?PR?_UPDATE_POSITION?BIPOLARMOTOR
            CODE    46D2H     04FBH     UNIT         ?PR?_THEORICALJP_POSITION?BIPOLARMOTOR
            CODE    4BCDH     0483H     UNIT         ?PR?PRINTF?PRINTF
            CODE    5050H     044AH     UNIT         ?PR?_AZIMUTH_CALCULATION?BIPOLARMOTOR
            CODE    549AH     0424H     UNIT         ?C_INITSEG
            CODE    58BEH     038CH     UNIT         ?PR?KEY_PROCESS?KEYPAD
            CODE    5C4AH     036DH     UNIT         ?PR?_ELEVATION_CALCULATION?BIPOLARMOTOR
            CODE    5FB7H     01C7H     UNIT         ?PR?_CALIBRATION?CALIBRATION
            CODE    617EH     018DH     UNIT         ?PR?KEY_SCAN?KEYPAD
            CODE    630BH     0189H     UNIT         ?PR?SPI_NOR_WRITE_DATA?AT25SF041
            CODE    6494H     0188H     UNIT         ?PR?SIN?SIN
            CODE    661CH     0166H     UNIT         ?PR?_POW?POW
            CODE    6782H     0155H     UNIT         ?PR?_DISPLAY_POS?LCD_DRIVER_SPLC780D
            CODE    68D7H     0129H     UNIT         ?PR?LOG?LOG
            CODE    6A00H     0122H     UNIT         ?PR?ATAN?ATAN
            CODE    6B22H     0110H     UNIT         ?PR?_AT25SF041_READ?AT25SF041
            CODE    6C32H     0102H     UNIT         ?PR?_AT25SF041_WRITE?AT25SF041
            CODE    6D34H     00F5H     UNIT         ?PR?EXINT0?MAIN
            CODE    6E29H     00DBH     UNIT         ?PR?_ATOI?ATOI
            CODE    6F04H     00C3H     UNIT         ?PR?LINEAR_INTERPOLATE?BIPOLARMOTOR
            CODE    6FC7H     00BBH     UNIT         ?PR?VOLTAGE_IS_STABLE?CALIBRATION
            CODE    7082H     00ADH     UNIT         ?PR?_WRITE_PI4IOE5V96248?IOEXPANDER_PI4IOE5V96248
            CODE    712FH     00ACH     UNIT         ?PR?SQRT?SQRT
            CODE    71DBH     00A1H     UNIT         ?PR?UCREAD_STATUS_REGISTER_BYTE1?AT25SF041
            CODE    727CH     009DH     UNIT         ?PR?_ATAN2?ATAN2
            CODE    7319H     009CH     UNIT         ?PR?_MAX_VALUE?CALIBRATION
            CODE    73B5H     009AH     UNIT         ?PR?EXP?EXP
            CODE    744FH     008CH     UNIT         ?C_C51STARTUP
            CODE    74DBH     0088H     UNIT         ?PR?_DAY_OF_YEAR?PCF85063BTL
            CODE    7563H     0079H     UNIT         ?PR?_WRITEDATA?LCD_DRIVER_SPLC780D
            CODE    75DCH     0072H     UNIT         ?PR?AT25SF041_WRITEENABLE?AT25SF041
            CODE    764EH     006FH     UNIT         ?PR?_READ_TIME?PCF85063BTL
            CODE    76BDH     005AH     UNIT         ?PR?AT25SF041_CHIPERASE?AT25SF041
            CODE    7717H     0059H     UNIT         ?PR?LCD_INIT?LCD_DRIVER_SPLC780D
            CODE    7770H     0056H     UNIT         ?CO?MAIN
            CODE    77C6H     004BH     UNIT         ?CO?UART1
            CODE    7811H     004AH     UNIT         ?PR?VONESTEPMOVE?BIPOLARMOTOR
BL51 BANKED LINKER/LOCATER V6.22                                                      09/03/2019  09:57:54  PAGE 4


            CODE    785BH     004AH     UNIT         ?PR?ACOS?ACOS
            CODE    78A5H     0044H     UNIT         ?C?LDIV
            CODE    78E9H     0040H     UNIT         ?PR?_COMMAND?LCD_DRIVER_SPLC780D
            CODE    7929H     0040H     UNIT         ?PR?_STEP_MOVE?BIPOLARMOTOR
            CODE    7969H     003BH     UNIT         ?PR?ASIN?ASIN
            CODE    79A4H     0033H     UNIT         ?PR?_SENDSTRING?UART1
            CODE    79D7H     0031H     UNIT         ?PR?SI1120_CONFIG_MODE_VIRH?SI1120
            CODE    7A08H     002BH     UNIT         ?PR?_WAIT_MS_I2C?IOEXPANDER_PI4IOE5V96248
            CODE    7A33H     002BH     UNIT         ?PR?_WAIT_MS_SPINOR?AT25SF041
            CODE    7A5EH     002AH     UNIT         ?PR?_ADC_GETRESULT?ADC
            CODE    7A88H     0028H     UNIT         ?PR?_BCDTODEC1?BIPOLARMOTOR
            CODE    7AB0H     0028H     UNIT         ?PR?_MOVE?BIPOLARMOTOR
            CODE    7AD8H     0028H     UNIT         ?CO?CALIBRATION
            CODE    7B00H     0027H     UNIT         ?PR?_I2C_SENDBYTE?IOEXPANDER_PI4IOE5V96248
            CODE    7B27H     0027H     UNIT         ?PR?PUTCHAR?PUTCHAR
            CODE    7B4EH     0024H     UNIT         ?PR?_WAIT_MS?LCD_DRIVER_SPLC780D
            CODE    7B72H     0024H     UNIT         ?PR?_FINDCLOSESTSAMEDAYCALIBTIME?CALIBRATION
            CODE    7B96H     0024H     UNIT         ?PR?_UART1_SENDTOTCPSERVER?UART1
            CODE    7BBAH     0021H     UNIT         ?PR?TM0_ISR?MAIN
            CODE    7BDBH     0020H     UNIT         ?PR?_SPI_SENDBYTE?PCF85063BTL
            CODE    7BFBH     0020H     UNIT         ?PR?SPI_RECEIVEBYTE?PCF85063BTL
            CODE    7C1BH     001EH     UNIT         ?PR?_DELAY_MS?KEYPAD
            CODE    7C39H     001DH     UNIT         ?PR?_DISPLAYLCD?LCD_DRIVER_SPLC780D
            CODE    7C56H     001AH     UNIT         ?PR?ADC_INIT?ADC
            CODE    7C70H     0018H     UNIT         ?PR?_SPI_WRITETIME?PCF85063BTL
            CODE    7C88H     0017H     UNIT         ?PR?_ASCIITOBCD?UART1
            CODE    7C9FH     0016H     UNIT         ?PR?I2C_ACK?IOEXPANDER_PI4IOE5V96248
            CODE    7CB5H     0015H     UNIT         ?PR?_DISPLAY_LINE?LCD_DRIVER_SPLC780D
            CODE    7CCAH     0015H     UNIT         ?PR?VSETLOCATION?BIPOLARMOTOR
            CODE    7CDFH     0015H     UNIT         ?PR?I2C_STOP?IOEXPANDER_PI4IOE5V96248
            CODE    7CF4H     0014H     UNIT         ?PR?_PCF85063BTL_DELAY?PCF85063BTL
            CODE    7D08H     0014H     UNIT         ?PR?_ISSPACE?ISSPACE
            CODE    7D1CH     0011H     UNIT         ?PR?_SPI_READTIME?PCF85063BTL
            CODE    7D2DH     0011H     UNIT         ?PR?_BCDTODEC?PCF85063BTL
            CODE    7D3EH     0011H     UNIT         ?PR?INITUART1?UART1
            CODE    7D4FH     000FH     UNIT         ?PR?I2C_START?IOEXPANDER_PI4IOE5V96248
            CODE    7D5EH     000FH     UNIT         ?PR?UC_NACK?IOEXPANDER_PI4IOE5V96248
            CODE    7D6DH     000FH     UNIT         ?PR?_ISDIGIT?ISDIGIT
            CODE    7D7CH     000DH     UNIT         ?PR?SPI_INIT?PCF85063BTL
            CODE    7D89H     000DH     UNIT         ?PR?ENABLE_EXTINT0?SI1120
            CODE    7D96H     000DH     UNIT         ?PR?_FABS?FABS
            CODE    7DA3H     000CH     UNIT         ?PR?KEYPAD_IO_INIT?KEYPAD
            CODE    7DAFH     000CH     UNIT         ?PR?_ABS?ABS
            CODE    7DBBH     000AH     UNIT         ?PR?LCD_RETURN_HOME?LCD_DRIVER_SPLC780D
            CODE    7DC5H     000AH     UNIT         ?PR?LCD_CLEAR?LCD_DRIVER_SPLC780D
            CODE    7DCFH     0009H     UNIT         ?PR?TM1_ISR?MAIN
            CODE    7DD8H     0009H     UNIT         ?PR?_SENDUART1?MAIN
            CODE    7DE1H     0009H     UNIT         ?PR?UART1_INITTCPCONN?UART1
            CODE    7DEAH     0006H     UNIT         ?PR?UC_ACK?IOEXPANDER_PI4IOE5V96248
            CODE    7DF0H     0006H     UNIT         ?PR?_TEN?UART1
            CODE    7DF6H     0001H     UNIT         ?PR?NOP?IOEXPANDER_PI4IOE5V96248
            CODE    7DF7H     0001H     UNIT         ?PR?_DECTOBCD?UART1



OVERLAY MAP OF MODULE:   .\Obj\GPIO_RTC_Test (MAIN)

BL51 BANKED LINKER/LOCATER V6.22                                                      09/03/2019  09:57:54  PAGE 5



SEGMENT                                             BIT_GROUP          DATA_GROUP          XDATA_GROUP
  +--> CALLED SEGMENT                            START    LENGTH     START    LENGTH     START    LENGTH
--------------------------------------------------------------------------------------------------------
?PR?EXINT0?MAIN                                  -----    -----      -----    -----      -----    -----
  +--> ?PR?_POW?POW

?PR?_POW?POW                                     -----    -----      -----    -----      03BCH    000AH
  +--> ?PR?LOG?LOG
  +--> ?PR?EXP?EXP

?PR?LOG?LOG                                      0020H.0  0000H.1    -----    -----      03C6H    0004H

*** NEW ROOT ***************************************************

?C_C51STARTUP                                    -----    -----      -----    -----      -----    -----
  +--> ?PR?MAIN?MAIN
  +--> ?C_INITSEG

?PR?MAIN?MAIN                                    -----    -----      -----    -----      03CAH    003EH
  +--> ?PR?LCD_INIT?LCD_DRIVER_SPLC780D
  +--> ?PR?SPI_INIT?PCF85063BTL
  +--> ?PR?KEYPAD_IO_INIT?KEYPAD
  +--> ?PR?ADC_INIT?ADC
  +--> ?PR?SI1120_CONFIG_MODE_VIRH?SI1120
  +--> ?PR?ENABLE_EXTINT0?SI1120
  +--> ?PR?VSETLOCATION?BIPOLARMOTOR
  +--> ?PR?_SPI_WRITETIME?PCF85063BTL
  +--> ?PR?_DELAY_MS?KEYPAD
  +--> ?PR?_DISPLAY_LINE?LCD_DRIVER_SPLC780D
  +--> ?PR?_WRITEDATA?LCD_DRIVER_SPLC780D
  +--> ?PR?INITUART1?UART1
  +--> ?PR?UART1_INITTCPCONN?UART1
  +--> ?CO?MAIN
  +--> ?PR?_UART1_SENDTOTCPSERVER?UART1
  +--> ?PR?KEY_PROCESS?KEYPAD
  +--> ?PR?_COMMAND?LCD_DRIVER_SPLC780D
  +--> ?PR?_DISPLAY_POS?LCD_DRIVER_SPLC780D
  +--> ?PR?_DISPLAYLCD?LCD_DRIVER_SPLC780D
  +--> ?PR?_STEP_MOVE?BIPOLARMOTOR
  +--> ?PR?LCD_RETURN_HOME?LCD_DRIVER_SPLC780D
  +--> ?PR?_READ_TIME?PCF85063BTL
  +--> ?PR?_BCDTODEC1?BIPOLARMOTOR
  +--> ?PR?_SENDSTRING?UART1
  +--> ?PR?_ELEVATION_CALCULATION?BIPOLARMOTOR
  +--> ?PR?_AZIMUTH_CALCULATION?BIPOLARMOTOR
  +--> ?PR?_AT25SF041_READ?AT25SF041
  +--> ?PR?_DAY_OF_YEAR?PCF85063BTL
  +--> ?PR?_THEORICALJP_POSITION?BIPOLARMOTOR
  +--> ?PR?PRINTF?PRINTF
  +--> ?PR?SIN?SIN
  +--> ?PR?_CALIBRATION?CALIBRATION
  +--> ?PR?_WAIT_MS_SPINOR?AT25SF041
  +--> ?PR?AT25SF041_WRITEENABLE?AT25SF041
  +--> ?PR?_AT25SF041_WRITE?AT25SF041
  +--> ?PR?_ABS?ABS
  +--> ?PR?_FABS?FABS
BL51 BANKED LINKER/LOCATER V6.22                                                      09/03/2019  09:57:54  PAGE 6


  +--> ?PR?_ADC_GETRESULT?ADC
  +--> ?PR?SPI_NOR_WRITE_DATA?AT25SF041
  +--> ?PR?_WAIT_MS?LCD_DRIVER_SPLC780D
  +--> ?PR?_UPDATE_POSITION?BIPOLARMOTOR
  +--> ?PR?LINEAR_INTERPOLATE?BIPOLARMOTOR
  +--> ?PR?AT25SF041_CHIPERASE?AT25SF041
  +--> ?PR?LCD_CLEAR?LCD_DRIVER_SPLC780D

?PR?LCD_INIT?LCD_DRIVER_SPLC780D                 -----    -----      -----    -----      -----    -----
  +--> ?PR?_WAIT_MS?LCD_DRIVER_SPLC780D
  +--> ?PR?_COMMAND?LCD_DRIVER_SPLC780D

?PR?_COMMAND?LCD_DRIVER_SPLC780D                 -----    -----      -----    -----      -----    -----
  +--> ?PR?_WAIT_MS?LCD_DRIVER_SPLC780D

?PR?SI1120_CONFIG_MODE_VIRH?SI1120               -----    -----      -----    -----      -----    -----
  +--> ?PR?_WAIT_MS?LCD_DRIVER_SPLC780D

?PR?_SPI_WRITETIME?PCF85063BTL                   -----    -----      -----    -----      -----    -----
  +--> ?PR?_SPI_SENDBYTE?PCF85063BTL

?PR?_SPI_SENDBYTE?PCF85063BTL                    -----    -----      -----    -----      -----    -----
  +--> ?PR?_PCF85063BTL_DELAY?PCF85063BTL

?PR?_DISPLAY_LINE?LCD_DRIVER_SPLC780D            -----    -----      -----    -----      -----    -----
  +--> ?PR?_COMMAND?LCD_DRIVER_SPLC780D

?PR?_WRITEDATA?LCD_DRIVER_SPLC780D               -----    -----      -----    -----      0508H    0001H
  +--> ?PR?_WAIT_MS?LCD_DRIVER_SPLC780D

?PR?UART1_INITTCPCONN?UART1                      -----    -----      -----    -----      -----    -----
  +--> ?CO?UART1
  +--> ?PR?_SENDSTRING?UART1

?PR?_SENDSTRING?UART1                            -----    -----      -----    -----      04FDH    0003H
  +--> ?PR?_SENDUART1?MAIN

?PR?_UART1_SENDTOTCPSERVER?UART1                 -----    -----      -----    -----      0408H    0003H
  +--> ?CO?UART1
  +--> ?PR?_SENDSTRING?UART1
  +--> ?PR?_DELAY_MS?KEYPAD

?PR?KEY_PROCESS?KEYPAD                           -----    -----      -----    -----      0408H    0006H
  +--> ?PR?KEY_SCAN?KEYPAD
  +--> ?PR?_SPI_WRITETIME?PCF85063BTL
  +--> ?PR?LCD_CLEAR?LCD_DRIVER_SPLC780D
  +--> ?PR?_COMMAND?LCD_DRIVER_SPLC780D
  +--> ?PR?_WRITEDATA?LCD_DRIVER_SPLC780D

?PR?KEY_SCAN?KEYPAD                              -----    -----      -----    -----      040EH    0003H

?PR?LCD_CLEAR?LCD_DRIVER_SPLC780D                -----    -----      -----    -----      -----    -----
  +--> ?PR?_COMMAND?LCD_DRIVER_SPLC780D

?PR?_DISPLAY_POS?LCD_DRIVER_SPLC780D             -----    -----      -----    -----      04FDH    000BH
  +--> ?PR?_ABS?ABS
  +--> ?PR?_WRITEDATA?LCD_DRIVER_SPLC780D
BL51 BANKED LINKER/LOCATER V6.22                                                      09/03/2019  09:57:54  PAGE 7



?PR?_DISPLAYLCD?LCD_DRIVER_SPLC780D              -----    -----      -----    -----      0408H    0001H
  +--> ?PR?_WRITEDATA?LCD_DRIVER_SPLC780D

?PR?_STEP_MOVE?BIPOLARMOTOR                      0020H.2  0000H.1    -----    -----      0501H    0004H
  +--> ?PR?VONESTEPMOVE?BIPOLARMOTOR

?PR?VONESTEPMOVE?BIPOLARMOTOR                    0020H.3  0000H.1    -----    -----      -----    -----
  +--> ?PR?_WRITE_PI4IOE5V96248?IOEXPANDER_P...
  +--> ?PR?_DELAY_MS?KEYPAD

?PR?_WRITE_PI4IOE5V96248?IOEXPANDER_P...         -----    -----      -----    -----      0505H    0003H
  +--> ?PR?I2C_START?IOEXPANDER_PI4IOE5V96248
  +--> ?PR?_WAIT_MS_I2C?IOEXPANDER_PI4IOE5V9...
  +--> ?PR?_I2C_SENDBYTE?IOEXPANDER_PI4IOE5V...
  +--> ?PR?I2C_ACK?IOEXPANDER_PI4IOE5V96248
  +--> ?PR?I2C_STOP?IOEXPANDER_PI4IOE5V96248

?PR?I2C_START?IOEXPANDER_PI4IOE5V96248           -----    -----      -----    -----      -----    -----
  +--> ?PR?_WAIT_MS_I2C?IOEXPANDER_PI4IOE5V9...

?PR?_I2C_SENDBYTE?IOEXPANDER_PI4IOE5V...         -----    -----      -----    -----      -----    -----
  +--> ?PR?_WAIT_MS_I2C?IOEXPANDER_PI4IOE5V9...

?PR?I2C_ACK?IOEXPANDER_PI4IOE5V96248             -----    -----      -----    -----      0508H    0001H
  +--> ?PR?_WAIT_MS_I2C?IOEXPANDER_PI4IOE5V9...

?PR?I2C_STOP?IOEXPANDER_PI4IOE5V96248            -----    -----      -----    -----      -----    -----
  +--> ?PR?_WAIT_MS_I2C?IOEXPANDER_PI4IOE5V9...

?PR?LCD_RETURN_HOME?LCD_DRIVER_SPLC780D          -----    -----      -----    -----      -----    -----
  +--> ?PR?_COMMAND?LCD_DRIVER_SPLC780D

?PR?_READ_TIME?PCF85063BTL                       -----    -----      -----    -----      04FDH    000FH
  +--> ?PR?_SPI_READTIME?PCF85063BTL

?PR?_SPI_READTIME?PCF85063BTL                    -----    -----      -----    -----      -----    -----
  +--> ?PR?_SPI_SENDBYTE?PCF85063BTL
  +--> ?PR?SPI_RECEIVEBYTE?PCF85063BTL

?PR?SPI_RECEIVEBYTE?PCF85063BTL                  -----    -----      -----    -----      -----    -----
  +--> ?PR?_PCF85063BTL_DELAY?PCF85063BTL

?PR?_ELEVATION_CALCULATION?BIPOLARMOTOR          -----    -----      -----    -----      0408H    0005H
  +--> ?PR?_BCDTODEC1?BIPOLARMOTOR
  +--> ?PR?SUNPOS?SUNPOS
  +--> ?PR?SIN?SIN
  +--> ?PR?ASIN?ASIN

?PR?SUNPOS?SUNPOS                                -----    -----      -----    -----      0452H    005DH
  +--> ?PR?SIN?SIN
  +--> ?PR?_ATAN2?ATAN2
  +--> ?PR?ASIN?ASIN
  +--> ?PR?ACOS?ACOS

?PR?SIN?SIN                                      0020H.1  0000H.1    -----    -----      04AFH    0004H

BL51 BANKED LINKER/LOCATER V6.22                                                      09/03/2019  09:57:54  PAGE 8


?PR?_ATAN2?ATAN2                                 -----    -----      -----    -----      04AFH    0008H
  +--> ?PR?ATAN?ATAN

?PR?ATAN?ATAN                                    0020H.1  0000H.2    -----    -----      04B7H    0004H

?PR?ASIN?ASIN                                    -----    -----      -----    -----      -----    -----
  +--> ?PR?SQRT?SQRT
  +--> ?PR?ATAN?ATAN

?PR?SQRT?SQRT                                    -----    -----      -----    -----      04AFH    0004H

?PR?ACOS?ACOS                                    -----    -----      -----    -----      -----    -----
  +--> ?PR?SQRT?SQRT
  +--> ?PR?ATAN?ATAN

?PR?_AZIMUTH_CALCULATION?BIPOLARMOTOR            -----    -----      -----    -----      0408H    0009H
  +--> ?PR?_BCDTODEC1?BIPOLARMOTOR
  +--> ?PR?SUNPOS?SUNPOS
  +--> ?PR?SIN?SIN
  +--> ?PR?ASIN?ASIN

?PR?_AT25SF041_READ?AT25SF041                    -----    -----      -----    -----      0408H    0008H
  +--> ?PR?_WAIT_MS_SPINOR?AT25SF041
  +--> ?PR?UCREAD_STATUS_REGISTER_BYTE1?AT25...

?PR?UCREAD_STATUS_REGISTER_BYTE1?AT25...         -----    -----      -----    -----      041EH    0003H
  +--> ?PR?_WAIT_MS_SPINOR?AT25SF041

?PR?_DAY_OF_YEAR?PCF85063BTL                     -----    -----      -----    -----      -----    -----
  +--> ?PR?_BCDTODEC?PCF85063BTL

?PR?_THEORICALJP_POSITION?BIPOLARMOTOR           -----    -----      -----    -----      0452H    005CH
  +--> ?PR?LINEAR_INTERPOLATE?BIPOLARMOTOR

?PR?LINEAR_INTERPOLATE?BIPOLARMOTOR              -----    -----      -----    -----      04AEH    0014H

?PR?PRINTF?PRINTF                                0020H.1  0001H.1    0008H    0005H      04FDH    0030H
  +--> ?PR?PUTCHAR?PUTCHAR

?PR?_CALIBRATION?CALIBRATION                     -----    -----      -----    -----      0408H    0024H
  +--> ?PR?VOLTAGE_IS_STABLE?CALIBRATION
  +--> ?PR?_UPDATE_POSITION?BIPOLARMOTOR
  +--> ?PR?_FIND_REAL_MAX?CALIBRATION

?PR?VOLTAGE_IS_STABLE?CALIBRATION                -----    -----      -----    -----      042CH    0018H
  +--> ?PR?_ADC_GETRESULT?ADC
  +--> ?PR?_ABS?ABS

?PR?_UPDATE_POSITION?BIPOLARMOTOR                -----    -----      -----    -----      042CH    0026H
  +--> ?PR?_BCDTODEC1?BIPOLARMOTOR
  +--> ?PR?SUNPOS?SUNPOS
  +--> ?PR?SIN?SIN
  +--> ?PR?ASIN?ASIN
  +--> ?PR?_THEORICALJP_POSITION?BIPOLARMOTOR
  +--> ?PR?_FABS?FABS
  +--> ?PR?_MOVE?BIPOLARMOTOR

BL51 BANKED LINKER/LOCATER V6.22                                                      09/03/2019  09:57:54  PAGE 9


?PR?_MOVE?BIPOLARMOTOR                           0020H.1  0000H.1    -----    -----      04FDH    0004H
  +--> ?PR?_STEP_MOVE?BIPOLARMOTOR

?PR?_FIND_REAL_MAX?CALIBRATION                   -----    -----      -----    -----      042CH    00D1H
  +--> ?PR?_ADC_GETRESULT?ADC
  +--> ?PR?_WAIT_MS?LCD_DRIVER_SPLC780D
  +--> ?CO?CALIBRATION
  +--> ?PR?PRINTF?PRINTF
  +--> ?PR?_SENDSTRING?UART1
  +--> ?PR?_COMMAND?LCD_DRIVER_SPLC780D
  +--> ?PR?_WRITEDATA?LCD_DRIVER_SPLC780D
  +--> ?PR?_DISPLAY_POS?LCD_DRIVER_SPLC780D
  +--> ?PR?_MOVE?BIPOLARMOTOR
  +--> ?PR?_READ_TIME?PCF85063BTL
  +--> ?PR?_BCDTODEC1?BIPOLARMOTOR
  +--> ?PR?_MAX_VALUE?CALIBRATION

?PR?_MAX_VALUE?CALIBRATION                       -----    -----      -----    -----      04FDH    0004H

?PR?AT25SF041_WRITEENABLE?AT25SF041              -----    -----      -----    -----      0416H    0002H
  +--> ?PR?_WAIT_MS_SPINOR?AT25SF041
  +--> ?PR?UCREAD_STATUS_REGISTER_BYTE1?AT25...

?PR?_AT25SF041_WRITE?AT25SF041                   -----    -----      -----    -----      0416H    0008H
  +--> ?PR?_WAIT_MS_SPINOR?AT25SF041
  +--> ?PR?UCREAD_STATUS_REGISTER_BYTE1?AT25...

?PR?SPI_NOR_WRITE_DATA?AT25SF041                 -----    -----      -----    -----      0408H    000EH
  +--> ?PR?AT25SF041_WRITEENABLE?AT25SF041
  +--> ?PR?_AT25SF041_WRITE?AT25SF041
  +--> ?PR?_WAIT_MS_SPINOR?AT25SF041

?PR?AT25SF041_CHIPERASE?AT25SF041                -----    -----      -----    -----      0408H    0002H
  +--> ?PR?_WAIT_MS_SPINOR?AT25SF041
  +--> ?PR?UCREAD_STATUS_REGISTER_BYTE1?AT25...



SYMBOL TABLE OF MODULE:  .\Obj\GPIO_RTC_Test (MAIN)

  VALUE           TYPE          NAME
  ----------------------------------

  -------         MODULE        MAIN
  C:0000H         SYMBOL        _ICE_DUMMY_
  X:0535H         PUBLIC        calib_value
  D:0080H         PUBLIC        P0
  D:0090H         PUBLIC        P1
  D:00A0H         PUBLIC        P2
  D:00B0H         PUBLIC        P3
  D:00C0H         PUBLIC        P4
  D:00C8H         PUBLIC        P5
  X:0589H         SYMBOL        PressedKey
  B:00A8H.7       PUBLIC        EA
  D:00E8H         PUBLIC        P6
  X:058DH         PUBLIC        calib_stamp
  D:00F8H         PUBLIC        P7
BL51 BANKED LINKER/LOCATER V6.22                                                      09/03/2019  09:57:54  PAGE 10


  X:058EH         PUBLIC        sTempString
  X:0597H         PUBLIC        calib_bool
  X:05C1H         PUBLIC        pwm_time_min
  D:00A8H         PUBLIC        IE
  X:05C5H         PUBLIC        calib_time
  X:0619H         PUBLIC        pwm_time_max
  B:0090H.7       PUBLIC        Connect_Electronics_Load
  D:00B8H         PUBLIC        IP
  B:0098H.0       PUBLIC        RI
  B:00B0H.2       PUBLIC        INT0
  X:061DH         PUBLIC        months
  B:0098H.1       PUBLIC        TI
  C:000EH         PUBLIC        Uart
  D:00D8H         PUBLIC        CCON
  C:0026H         PUBLIC        main
  X:061EH         PUBLIC        found_1st_point
  X:0620H         PUBLIC        i_point1
  X:0622H         PUBLIC        i_point2
  X:0624H         PUBLIC        day_offset
  X:0626H         PUBLIC        count
  B:0090H.2       PUBLIC        Connect_IV_Load
  D:0099H         PUBLIC        SBUF
  X:0628H         PUBLIC        days
  X:0629H         PUBLIC        hours
  D:0098H         PUBLIC        SCON
  D:0089H         PUBLIC        TMOD
  D:0088H         PUBLIC        TCON
  B:00A0H.3       PUBLIC        P23
  X:062AH         SYMBOL        KeyCount
  X:062CH         PUBLIC        mins
  B:00C8H.5       PUBLIC        P55
  X:062DH         PUBLIC        diff_of_offset
  D:008EH         PUBLIC        AUXR
  C:7BBAH         PUBLIC        tm0_isr
  B:0090H.5       PUBLIC        SI1120_STX
  C:7DCFH         PUBLIC        tm1_isr
  B:0021H.2       PUBLIC        busy
  D:00E0H         PUBLIC        ACC
  B:00A8H.1       PUBLIC        ET0
  B:00A8H.3       PUBLIC        ET1
  X:0631H         PUBLIC        SPI_NOR_INTERNAL_FLASH_ADDR
  D:008CH         PUBLIC        TH0
  D:008DH         PUBLIC        TH1
  D:008AH         PUBLIC        TL0
  D:008BH         PUBLIC        TL1
  X:0635H         PUBLIC        ii
  X:0637H         PUBLIC        jj
  B:0088H.4       PUBLIC        TR0
  B:0088H.6       PUBLIC        TR1
  X:0639H         PUBLIC        old_mins
  C:6D34H         PUBLIC        exint0
  X:063AH         SYMBOL        KeyNum
  X:063BH         SYMBOL        KeyNum_Old
  X:063CH         PUBLIC        timer0_count
  X:063EH         PUBLIC        current_position
  X:0642H         PUBLIC        pwm_time
  X:0646H         PUBLIC        i
BL51 BANKED LINKER/LOCATER V6.22                                                      09/03/2019  09:57:54  PAGE 11


  X:0648H         PUBLIC        j
  X:064AH         PUBLIC        Enable_UpdateSPINOR
  X:064CH         PUBLIC        start_timer0_count
  X:064DH         PUBLIC        seconds
  D:00D0H         PUBLIC        PSW
  C:7DD8H         PUBLIC        _SendUART1
  -------         PROC          TM0_ISR
  C:7BBAH         LINE#         110
  C:7BC0H         LINE#         114
  C:7BC3H         LINE#         115
  C:7BC6H         LINE#         116
  C:7BD4H         LINE#         117
  -------         ENDPROC       TM0_ISR
  -------         PROC          TM1_ISR
  C:7DCFH         LINE#         118
  C:7DCFH         LINE#         120
  C:7DD1H         LINE#         122
  C:7DD4H         LINE#         123
  C:7DD7H         LINE#         124
  -------         ENDPROC       TM1_ISR
  -------         PROC          EXINT0
  C:6D34H         LINE#         125
  C:6D51H         LINE#         129
  C:6D54H         LINE#         130
  C:6D54H         LINE#         131
  C:6D57H         LINE#         132
  C:6D5AH         LINE#         133
  C:6D5CH         LINE#         134
  C:6D5EH         LINE#         138
  C:6D61H         LINE#         141
  C:6D61H         LINE#         142
  C:6D63H         LINE#         144
  C:6D6FH         LINE#         145
  C:6DC9H         LINE#         146
  C:6E07H         LINE#         147
  C:6E0EH         LINE#         152
  C:6E0EH         LINE#         154
  -------         ENDPROC       EXINT0
  -------         PROC          MAIN
  -------         DO            
  X:052DH         SYMBOL        KeyCount
  X:052FH         SYMBOL        KeyNum_Old
  X:0530H         SYMBOL        KeyNum
  X:0531H         SYMBOL        PressedKey
  X:03CAH         SYMBOL        prox_flag
  X:03CBH         SYMBOL        iUse_prevday_calib_value
  X:03CDH         SYMBOL        max_ADC_Val_JP
  X:03CFH         SYMBOL        max_ADC_Val
  X:03D1H         SYMBOL        calib_point1
  X:03D9H         SYMBOL        calib_point2
  X:03E1H         SYMBOL        dat_to_store
  X:03ECH         SYMBOL        calib_day
  X:03EEH         SYMBOL        calib_count
  X:03F0H         SYMBOL        theorical_JP_max_pos
  X:03F4H         SYMBOL        elevation
  X:03F8H         SYMBOL        azimuth
  X:03FCH         SYMBOL        prev_elevation
BL51 BANKED LINKER/LOCATER V6.22                                                      09/03/2019  09:57:54  PAGE 12


  X:0400H         SYMBOL        prev_azimuth
  X:0404H         SYMBOL        JP_Pos_Offset
  -------         ENDDO         
  C:0026H         LINE#         156
  C:0026H         LINE#         157
  C:0026H         LINE#         162
  C:002CH         LINE#         163
  C:0031H         LINE#         165
  C:0039H         LINE#         169
  C:003FH         LINE#         170
  C:007BH         LINE#         181
  C:0083H         LINE#         182
  C:008AH         LINE#         183
  C:0090H         LINE#         185
  C:0096H         LINE#         197
  C:0099H         LINE#         198
  C:009CH         LINE#         199
  C:009FH         LINE#         201
  C:00A2H         LINE#         204
  C:00A5H         LINE#         205
  C:00A8H         LINE#         207
  C:00ABH         LINE#         209
  C:00AEH         LINE#         210
  C:00B1H         LINE#         211
  C:00B4H         LINE#         212
  C:00B6H         LINE#         213
  C:00B8H         LINE#         214
  C:00BBH         LINE#         215
  C:00BDH         LINE#         216
  C:00BFH         LINE#         218
  C:00C1H         LINE#         219
  C:00C8H         LINE#         220
  C:00CFH         LINE#         221
  C:00D6H         LINE#         222
  C:00DDH         LINE#         226
  C:00E4H         LINE#         227
  C:00E9H         LINE#         228
  C:00EEH         LINE#         229
  C:00F3H         LINE#         230
  C:00F8H         LINE#         231
  C:00FDH         LINE#         234
  C:0104H         LINE#         235
  C:0104H         LINE#         236
  C:0127H         LINE#         237
  C:0171H         LINE#         238
  C:0186H         LINE#         239
  C:01A3H         LINE#         240
  C:01A6H         LINE#         243
  C:01ADH         LINE#         246
  C:01B0H         LINE#         248
  C:01B7H         LINE#         249
  C:01C0H         LINE#         252
  C:01C0H         LINE#         253
  C:01C0H         LINE#         254
  C:01C3H         LINE#         264
  C:01C3H         LINE#         268
  C:01C8H         LINE#         269
BL51 BANKED LINKER/LOCATER V6.22                                                      09/03/2019  09:57:54  PAGE 13


  C:01CDH         LINE#         271
  C:01D2H         LINE#         273
  C:01D7H         LINE#         274
  C:01DCH         LINE#         277
  C:01EDH         LINE#         279
  C:01F2H         LINE#         280
  C:01F7H         LINE#         282
  C:01FEH         LINE#         283
  C:0206H         LINE#         284
  C:020BH         LINE#         285
  C:0213H         LINE#         286
  C:0218H         LINE#         287
  C:0222H         LINE#         288
  C:0227H         LINE#         289
  C:022FH         LINE#         291
  C:0237H         LINE#         292
  C:023CH         LINE#         293
  C:0246H         LINE#         294
  C:0246H         LINE#         295
  C:0248H         LINE#         296
  C:024AH         LINE#         297
  C:0254H         LINE#         298
  C:0254H         LINE#         299
  C:0259H         LINE#         300
  C:0259H         LINE#         312
  C:026DH         LINE#         313
  C:026DH         LINE#         314
  C:0282H         LINE#         315
  C:0291H         LINE#         316
  C:0291H         LINE#         317
  C:02A4H         LINE#         318
  C:02A6H         LINE#         320
  C:02A6H         LINE#         321
  C:02C2H         LINE#         322
  C:02C2H         LINE#         323
  C:02C7H         LINE#         324
  C:02C7H         LINE#         325
  C:02DBH         LINE#         326
  C:02DBH         LINE#         329
  C:02F0H         LINE#         330
  C:02FFH         LINE#         331
  C:02FFH         LINE#         332
  C:0312H         LINE#         333
  C:0314H         LINE#         335
  C:0314H         LINE#         336
  C:0330H         LINE#         337
  C:0330H         LINE#         338
  C:0335H         LINE#         339
  C:033BH         LINE#         340
  C:033BH         LINE#         342
  C:035DH         LINE#         343
  C:035DH         LINE#         344
  C:0367H         LINE#         345
  C:036DH         LINE#         346
  C:0374H         LINE#         347
  C:037AH         LINE#         348
  C:0381H         LINE#         349
BL51 BANKED LINKER/LOCATER V6.22                                                      09/03/2019  09:57:54  PAGE 14


  C:0381H         LINE#         350
  C:0384H         LINE#         352
  C:0384H         LINE#         357
  C:038CH         LINE#         358
  C:03C7H         LINE#         359
  C:03E5H         LINE#         360
  C:03E5H         LINE#         362
  C:03EEH         LINE#         363
  C:03F5H         LINE#         364
  C:03FEH         LINE#         365
  C:0405H         LINE#         367
  C:0405H         LINE#         371
  C:0412H         LINE#         372
  C:0412H         LINE#         379
  C:0412H         LINE#         380
  C:043AH         LINE#         381
  C:043AH         LINE#         382
  C:045CH         LINE#         383
  C:045CH         LINE#         385
  C:0482H         LINE#         386
  C:04A8H         LINE#         389
  C:04F0H         LINE#         390
  C:0511H         LINE#         391
  C:053AH         LINE#         394
  C:0567H         LINE#         397
  C:05E0H         LINE#         403
  C:0636H         LINE#         404
  C:063FH         LINE#         405
  C:0646H         LINE#         406
  C:064FH         LINE#         407
  C:0658H         LINE#         408
  C:065FH         LINE#         412
  C:069CH         LINE#         420
  C:069CH         LINE#         422
  C:0718H         LINE#         423
  C:0731H         LINE#         424
  C:0733H         LINE#         425
  C:0735H         LINE#         427
  C:07BFH         LINE#         432
  C:07EDH         LINE#         433
  C:07EDH         LINE#         436
  C:0810H         LINE#         437
  C:0825H         LINE#         438
  C:082FH         LINE#         440
  C:0832H         LINE#         443
  C:0832H         LINE#         444
  C:0858H         LINE#         445
  C:0858H         LINE#         446
  C:0880H         LINE#         447
  C:092FH         LINE#         448
  C:0955H         LINE#         449
  C:0A07H         LINE#         453
  C:0A07H         LINE#         454
  C:0A0FH         LINE#         455
  C:0A16H         LINE#         456
  C:0A19H         LINE#         459
  C:0A4EH         LINE#         460
BL51 BANKED LINKER/LOCATER V6.22                                                      09/03/2019  09:57:54  PAGE 15


  C:0A55H         LINE#         461
  C:0A58H         LINE#         463
  C:0A92H         LINE#         464
  C:0ABEH         LINE#         466
  C:0AEDH         LINE#         468
  C:0AF4H         LINE#         469
  C:0AFBH         LINE#         470
  C:0AFEH         LINE#         473
  C:0B66H         LINE#         475
  C:0B6DH         LINE#         477
  C:0B74H         LINE#         478
  C:0B77H         LINE#         481
  C:0C36H         LINE#         483
  C:0C3DH         LINE#         484
  C:0C3DH         LINE#         486
  C:0C40H         LINE#         488
  C:0C40H         LINE#         490
  C:0C47H         LINE#         491
  C:0C47H         LINE#         492
  C:0C4AH         LINE#         493
  C:0C68H         LINE#         494
  C:0C6FH         LINE#         495
  C:0C8EH         LINE#         496
  C:0CADH         LINE#         498
  C:0D29H         LINE#         499
  C:0D45H         LINE#         501
  C:0D47H         LINE#         502
  C:0D49H         LINE#         504
  C:0D80H         LINE#         505
  C:0D8DH         LINE#         506
  C:0D9CH         LINE#         510
  C:0D9CH         LINE#         512
  C:0DA4H         LINE#         513
  C:0DACH         LINE#         514
  C:0DB4H         LINE#         515
  C:0DBCH         LINE#         517
  C:0DD0H         LINE#         518
  C:0DE6H         LINE#         519
  C:0E16H         LINE#         520
  C:0E36H         LINE#         522
  C:0E4AH         LINE#         523
  C:0E60H         LINE#         524
  C:0E90H         LINE#         525
  C:0E97H         LINE#         527
  C:0EBBH         LINE#         530
  C:0EE6H         LINE#         532
  C:0EEFH         LINE#         533
  C:0EF6H         LINE#         534
  C:0EFFH         LINE#         535
  C:0F08H         LINE#         536
  C:0F0FH         LINE#         538
  C:0F4CH         LINE#         540
  C:0F55H         LINE#         541
  C:0F5CH         LINE#         542
  C:0F65H         LINE#         543
  C:0F6EH         LINE#         544
  C:0F75H         LINE#         546
BL51 BANKED LINKER/LOCATER V6.22                                                      09/03/2019  09:57:54  PAGE 16


  C:0FA0H         LINE#         548
  C:0FA9H         LINE#         549
  C:0FB0H         LINE#         550
  C:0FB9H         LINE#         551
  C:0FC2H         LINE#         552
  C:0FC9H         LINE#         554
  C:0FF4H         LINE#         556
  C:0FFDH         LINE#         557
  C:1004H         LINE#         558
  C:100DH         LINE#         559
  C:1014H         LINE#         560
  C:101DH         LINE#         561
  C:1024H         LINE#         563
  C:1026H         LINE#         565
  C:1034H         LINE#         566
  C:1034H         LINE#         567
  C:103CH         LINE#         570
  C:103CH         LINE#         571
  C:103CH         LINE#         573
  C:1061H         LINE#         574
  C:1061H         LINE#         575
  C:1083H         LINE#         576
  C:1083H         LINE#         577
  C:10FFH         LINE#         578
  C:1101H         LINE#         579
  C:1103H         LINE#         581
  C:115BH         LINE#         584
  C:116AH         LINE#         585
  C:116AH         LINE#         586
  C:116AH         LINE#         587
  C:116AH         LINE#         588
  C:116AH         LINE#         589
  C:116AH         LINE#         590
  C:116AH         LINE#         591
  C:116AH         LINE#         594
  C:116AH         LINE#         596
  C:116AH         LINE#         597
  C:116AH         LINE#         598
  C:116AH         LINE#         599
  C:116AH         LINE#         603
  C:116AH         LINE#         605
  C:116AH         LINE#         607
  C:116AH         LINE#         608
  C:116AH         LINE#         609
  C:116AH         LINE#         610
  C:116AH         LINE#         611
  C:116AH         LINE#         612
  C:116AH         LINE#         615
  C:116AH         LINE#         617
  C:116AH         LINE#         618
  C:116AH         LINE#         619
  C:116AH         LINE#         620
  C:116AH         LINE#         621
  C:116AH         LINE#         622
  C:116AH         LINE#         623
  C:116AH         LINE#         625
  C:116DH         LINE#         628
BL51 BANKED LINKER/LOCATER V6.22                                                      09/03/2019  09:57:54  PAGE 17


  C:1194H         LINE#         629
  C:1194H         LINE#         632
  C:11B6H         LINE#         633
  C:11B6H         LINE#         635
  C:1232H         LINE#         637
  C:125FH         LINE#         638
  C:127AH         LINE#         644
  C:127CH         LINE#         645
  C:127EH         LINE#         653
  C:12ABH         LINE#         655
  C:12D2H         LINE#         656
  C:1346H         LINE#         658
  C:13D2H         LINE#         662
  C:13F5H         LINE#         663
  C:13F5H         LINE#         664
  C:1491H         LINE#         665
  C:1494H         LINE#         667
  C:1494H         LINE#         668
  C:14BCH         LINE#         669
  C:1530H         LINE#         671
  C:15ABH         LINE#         678
  C:1658H         LINE#         683
  C:165FH         LINE#         684
  C:1670H         LINE#         686
  C:1670H         LINE#         689
  C:167FH         LINE#         690
  C:167FH         LINE#         691
  C:16FDH         LINE#         692
  C:1706H         LINE#         693
  C:170DH         LINE#         694
  C:1716H         LINE#         695
  C:171FH         LINE#         696
  C:1726H         LINE#         699
  C:1751H         LINE#         701
  C:175AH         LINE#         702
  C:1761H         LINE#         703
  C:176AH         LINE#         704
  C:1773H         LINE#         708
  C:177AH         LINE#         710
  C:17A5H         LINE#         712
  C:17AEH         LINE#         713
  C:17B5H         LINE#         714
  C:17BEH         LINE#         715
  C:17C5H         LINE#         717
  C:17CEH         LINE#         718
  C:17D5H         LINE#         721
  C:1813H         LINE#         723
  C:181CH         LINE#         724
  C:1823H         LINE#         725
  C:182CH         LINE#         726
  C:1835H         LINE#         727
  C:183CH         LINE#         728
  C:183CH         LINE#         730
  C:183CH         LINE#         732
  C:183CH         LINE#         733
  C:183CH         LINE#         735
  C:183CH         LINE#         739
BL51 BANKED LINKER/LOCATER V6.22                                                      09/03/2019  09:57:54  PAGE 18


  C:1858H         LINE#         740
  C:1858H         LINE#         741
  C:185AH         LINE#         744
  C:185DH         LINE#         746
  C:189AH         LINE#         747
  C:189AH         LINE#         748
  C:189CH         LINE#         753
  C:189CH         LINE#         754
  C:18A2H         LINE#         755
  C:18A5H         LINE#         758
  C:18BCH         LINE#         760
  C:18C3H         LINE#         762
  C:18CAH         LINE#         763
  C:18CDH         LINE#         766
  C:18E4H         LINE#         767
  C:18E4H         LINE#         768
  C:18F3H         LINE#         769
  C:18F3H         LINE#         771
  C:18F6H         LINE#         773
  C:18F9H         LINE#         774
  C:1900H         LINE#         776
  C:191CH         LINE#         777
  C:191CH         LINE#         778
  C:1939H         LINE#         779
  C:1939H         LINE#         780
  C:193FH         LINE#         781
  C:1942H         LINE#         784
  C:1977H         LINE#         785
  C:197EH         LINE#         786
  C:1981H         LINE#         788
  C:19BBH         LINE#         789
  C:19D1H         LINE#         791
  C:19EAH         LINE#         793
  C:19F1H         LINE#         794
  C:19F8H         LINE#         795
  C:19FBH         LINE#         798
  C:1A50H         LINE#         800
  C:1A57H         LINE#         802
  C:1A5EH         LINE#         803
  C:1A61H         LINE#         806
  C:1B0DH         LINE#         808
  C:1B14H         LINE#         811
  C:1B14H         LINE#         812
  C:1B25H         LINE#         814
  C:1B25H         LINE#         818
  C:1B2CH         LINE#         819
  C:1B2CH         LINE#         822
  C:1B3BH         LINE#         823
  C:1B3BH         LINE#         824
  C:1B6DH         LINE#         825
  C:1B6DH         LINE#         826
  C:1BECH         LINE#         828
  C:1BF3H         LINE#         829
  C:1BF6H         LINE#         831
  C:1C30H         LINE#         832
  C:1C46H         LINE#         834
  C:1C5FH         LINE#         836
BL51 BANKED LINKER/LOCATER V6.22                                                      09/03/2019  09:57:54  PAGE 19


  C:1C66H         LINE#         837
  C:1C6DH         LINE#         838
  C:1C70H         LINE#         840
  C:1CC5H         LINE#         841
  C:1CCCH         LINE#         843
  C:1CD3H         LINE#         844
  C:1CD6H         LINE#         846
  C:1D82H         LINE#         847
  C:1D89H         LINE#         849
  C:1D90H         LINE#         850
  C:1D93H         LINE#         852
  C:1DB7H         LINE#         853
  C:1DBEH         LINE#         854
  C:1DCFH         LINE#         857
  C:1DE3H         LINE#         858
  C:1DF7H         LINE#         859
  C:1E06H         LINE#         860
  C:1E06H         LINE#         862
  C:1E32H         LINE#         863
  C:1E32H         LINE#         864
  C:1E5FH         LINE#         871
  C:1E7AH         LINE#         874
  C:1E89H         LINE#         875
  C:1E8CH         LINE#         878
  C:1EBCH         LINE#         879
  C:1EBCH         LINE#         881
  C:1EE9H         LINE#         887
  C:1F04H         LINE#         890
  C:1F14H         LINE#         891
  C:1F1AH         LINE#         892
  C:1F2EH         LINE#         893
  C:1F42H         LINE#         894
  C:1F4AH         LINE#         895
  C:1F57H         LINE#         896
  C:1F57H         LINE#         897
  C:1F7BH         LINE#         898
  C:1F7BH         LINE#         899
  C:1FC5H         LINE#         900
  C:1FCCH         LINE#         901
  C:1FCFH         LINE#         904
  C:1FF3H         LINE#         906
  C:1FFAH         LINE#         907
  C:1FFDH         LINE#         909
  C:2030H         LINE#         910
  C:204FH         LINE#         912
  C:2071H         LINE#         914
  C:2078H         LINE#         916
  C:207FH         LINE#         917
  C:2082H         LINE#         919
  C:20D7H         LINE#         920
  C:20DEH         LINE#         922
  C:20E5H         LINE#         923
  C:20E8H         LINE#         925
  C:2194H         LINE#         926
  C:219BH         LINE#         927
  C:21ACH         LINE#         928
  C:21ACH         LINE#         929
BL51 BANKED LINKER/LOCATER V6.22                                                      09/03/2019  09:57:54  PAGE 20


  C:21ACH         LINE#         933
  C:21CEH         LINE#         934
  C:21DBH         LINE#         935
  C:21DBH         LINE#         936
  C:21FEH         LINE#         937
  C:21FEH         LINE#         938
  C:224EH         LINE#         939
  C:224EH         LINE#         940
  C:2255H         LINE#         941
  C:2258H         LINE#         943
  C:2292H         LINE#         944
  C:22A8H         LINE#         946
  C:22C1H         LINE#         948
  C:22C8H         LINE#         949
  C:22CFH         LINE#         950
  C:22D2H         LINE#         952
  C:2327H         LINE#         953
  C:232EH         LINE#         955
  C:2335H         LINE#         956
  C:2338H         LINE#         958
  C:23E4H         LINE#         959
  C:23EBH         LINE#         961
  C:23F2H         LINE#         962
  C:23F5H         LINE#         964
  C:2419H         LINE#         965
  C:2420H         LINE#         966
  C:2420H         LINE#         967
  C:2431H         LINE#         968
  C:2431H         LINE#         969
  C:2431H         LINE#         970
  C:246AH         LINE#         971
  C:246AH         LINE#         975
  C:2471H         LINE#         976
  C:2478H         LINE#         977
  C:247EH         LINE#         978
  C:2484H         LINE#         979
  C:2484H         LINE#         980
  C:24A7H         LINE#         981
  C:24BCH         LINE#         983
  C:24D6H         LINE#         985
  C:24D6H         LINE#         988
  C:24E5H         LINE#         989
  C:24E5H         LINE#         990
  C:24E8H         LINE#         991
  C:24EFH         LINE#         992
  C:24F4H         LINE#         993
  C:24F9H         LINE#         994
  C:24FEH         LINE#         995
  C:2503H         LINE#         996
  C:2508H         LINE#         1006
  C:250BH         LINE#         1008
  C:250EH         LINE#         1009
  C:2515H         LINE#         1010
  C:251FH         LINE#         1011
  C:2526H         LINE#         1013
  C:2529H         LINE#         1022
  C:2529H         LINE#         1023
BL51 BANKED LINKER/LOCATER V6.22                                                      09/03/2019  09:57:54  PAGE 21


  -------         ENDPROC       MAIN
  -------         PROC          UART
  C:000EH         LINE#         1037
  C:000EH         LINE#         1039
  C:0011H         LINE#         1040
  C:0011H         LINE#         1041
  C:0013H         LINE#         1043
  C:0013H         LINE#         1044
  C:0016H         LINE#         1045
  C:0016H         LINE#         1046
  C:0018H         LINE#         1047
  C:001AH         LINE#         1048
  C:001AH         LINE#         1049
  -------         ENDPROC       UART
  -------         PROC          _SENDUART1
  D:0007H         SYMBOL        dat
  C:7DD8H         LINE#         1051
  C:7DD8H         LINE#         1052
  C:7DD8H         LINE#         1053
  C:7DDBH         LINE#         1054
  C:7DDDH         LINE#         1055
  C:7DDEH         LINE#         1056
  C:7DE0H         LINE#         1057
  -------         ENDPROC       _SENDUART1
  -------         ENDMOD        MAIN

  -------         MODULE        PCF85063BTL
  C:0000H         SYMBOL        _ICE_DUMMY_
  D:0096H         PUBLIC        P2M0
  D:0080H         PUBLIC        P0
  D:0095H         PUBLIC        P2M1
  D:0090H         PUBLIC        P1
  D:00A0H         PUBLIC        P2
  D:00B0H         PUBLIC        P3
  D:00C0H         PUBLIC        P4
  D:00C8H         PUBLIC        P5
  D:00E8H         PUBLIC        P6
  B:00A0H.1       PUBLIC        PCF85063BTL_SDI
  D:00F8H         PUBLIC        P7
  B:00A0H.2       PUBLIC        PCF85063BTL_SCK
  B:00A0H.1       PUBLIC        PCF85063BTL_SDO
  D:00A8H         PUBLIC        IE
  C:764EH         PUBLIC        _Read_time
  C:7CFAH         PUBLIC        _PCF85063BTL_Delay
  D:00B8H         PUBLIC        IP
  D:00D8H         PUBLIC        CCON
  C:74DBH         PUBLIC        _Day_Of_Year
  C:7BFBH         PUBLIC        SPI_ReceiveByte
  D:0098H         PUBLIC        SCON
  D:0088H         PUBLIC        TCON
  C:7D2DH         PUBLIC        _BCDtoDec
  B:00A0H.0       PUBLIC        PCF85063BTL_CS
  C:7D1CH         PUBLIC        _SPI_ReadTime
  C:7D7CH         PUBLIC        SPI_Init
  C:7C70H         PUBLIC        _SPI_WriteTime
  C:7BDBH         PUBLIC        _SPI_SendByte
  D:00D0H         PUBLIC        PSW
BL51 BANKED LINKER/LOCATER V6.22                                                      09/03/2019  09:57:54  PAGE 22


  C:7CF6H         SYMBOL        L?0048
  -------         PROC          L?0047
  -------         ENDPROC       L?0047
  C:7CF6H         SYMBOL        L?0048
  -------         PROC          _PCF85063BTL_DELAY
  D:0006H         SYMBOL        us
  C:7CFAH         LINE#         8
  C:7CFAH         LINE#         9
  C:7CFAH         LINE#         10
  C:7D04H         LINE#         11
  C:7D04H         LINE#         12
  C:7D05H         LINE#         13
  C:7D07H         LINE#         14
  -------         ENDPROC       _PCF85063BTL_DELAY
  -------         PROC          _SPI_SENDBYTE
  D:0005H         SYMBOL        dat
  -------         DO            
  D:0003H         SYMBOL        i
  -------         ENDDO         
  C:7BDBH         LINE#         17
  C:7BDDH         LINE#         18
  C:7BDDH         LINE#         20
  C:7BDFH         LINE#         21
  C:7BDFH         LINE#         22
  C:7BE1H         LINE#         23
  C:7BE5H         LINE#         24
  C:7BE5H         LINE#         25
  C:7BE7H         LINE#         26
  C:7BE9H         LINE#         28
  C:7BE9H         LINE#         29
  C:7BEBH         LINE#         30
  C:7BEBH         LINE#         31
  C:7BEEH         LINE#         32
  C:7BEEH         LINE#         33
  C:7BF1H         LINE#         34
  C:7BF5H         LINE#         35
  C:7BFAH         LINE#         36
  -------         ENDPROC       _SPI_SENDBYTE
  -------         PROC          SPI_RECEIVEBYTE
  -------         DO            
  D:0003H         SYMBOL        i
  D:0005H         SYMBOL        dat
  -------         ENDDO         
  C:7BFBH         LINE#         39
  C:7BFBH         LINE#         40
  C:7BFBH         LINE#         42
  C:7BFDH         LINE#         44
  C:7BFFH         LINE#         45
  C:7C00H         LINE#         46
  C:7C00H         LINE#         47
  C:7C04H         LINE#         48
  C:7C06H         LINE#         49
  C:7C09H         LINE#         51
  C:7C0CH         LINE#         52
  C:7C0CH         LINE#         53
  C:7C10H         LINE#         54
  C:7C10H         LINE#         55
BL51 BANKED LINKER/LOCATER V6.22                                                      09/03/2019  09:57:54  PAGE 23


  C:7C10H         LINE#         56
  C:7C13H         LINE#         57
  C:7C18H         LINE#         58
  C:7C1AH         LINE#         59
  -------         ENDPROC       SPI_RECEIVEBYTE
  -------         PROC          _SPI_READTIME
  D:0007H         SYMBOL        addr
  -------         DO            
  D:0006H         SYMBOL        dat
  -------         ENDDO         
  C:7D1CH         LINE#         61
  C:7D1CH         LINE#         62
  C:7D1CH         LINE#         64
  C:7D1EH         LINE#         65
  C:7D20H         LINE#         66
  C:7D27H         LINE#         67
  C:7D2AH         LINE#         68
  C:7D2CH         LINE#         69
  C:7D2CH         LINE#         70
  -------         ENDPROC       _SPI_READTIME
  -------         PROC          _SPI_WRITETIME
  D:0002H         SYMBOL        val
  D:0005H         SYMBOL        addr
  C:7C70H         LINE#         71
  C:7C72H         LINE#         72
  C:7C72H         LINE#         74
  C:7C74H         LINE#         75
  C:7C7BH         LINE#         76
  C:7C80H         LINE#         77
  C:7C85H         LINE#         78
  C:7C87H         LINE#         79
  -------         ENDPROC       _SPI_WRITETIME
  -------         PROC          SPI_INIT
  C:7D7CH         LINE#         83
  C:7D7CH         LINE#         84
  C:7D7CH         LINE#         89
  C:7D7FH         LINE#         90
  C:7D82H         LINE#         91
  C:7D84H         LINE#         92
  C:7D86H         LINE#         93
  C:7D88H         LINE#         94
  -------         ENDPROC       SPI_INIT
  -------         PROC          _READ_TIME
  X:04FDH         SYMBOL        months
  X:0500H         SYMBOL        days
  X:0503H         SYMBOL        hours
  X:0506H         SYMBOL        mins
  X:0509H         SYMBOL        seconds
  C:764EH         LINE#         96
  C:7659H         LINE#         97
  C:7659H         LINE#         99
  C:766DH         LINE#         101
  C:7681H         LINE#         103
  C:7695H         LINE#         108
  C:76A9H         LINE#         113
  -------         ENDPROC       _READ_TIME
  -------         PROC          _BCDTODEC
BL51 BANKED LINKER/LOCATER V6.22                                                      09/03/2019  09:57:54  PAGE 24


  D:0007H         SYMBOL        bcd
  -------         DO            
  D:0006H         SYMBOL        hi
  D:0007H         SYMBOL        lo
  -------         ENDDO         
  C:7D2DH         LINE#         119
  C:7D2DH         LINE#         120
  C:7D2DH         LINE#         122
  C:7D32H         LINE#         123
  C:7D36H         LINE#         124
  C:7D3DH         LINE#         125
  -------         ENDPROC       _BCDTODEC
  -------         PROC          _DAY_OF_YEAR
  D:0007H         SYMBOL        months_bcd
  D:0005H         SYMBOL        days_bcd
  -------         DO            
  D:0004H         SYMBOL        months
  D:0007H         SYMBOL        days
  -------         ENDDO         
  C:74DBH         LINE#         126
  C:74DBH         LINE#         127
  C:74DBH         LINE#         130
  C:74E0H         LINE#         132
  C:74E5H         LINE#         134
  C:751EH         LINE#         135
  C:751EH         LINE#         136
  C:751EH         LINE#         137
  C:7521H         LINE#         138
  C:7521H         LINE#         139
  C:7521H         LINE#         140
  C:7526H         LINE#         141
  C:7526H         LINE#         142
  C:7526H         LINE#         143
  C:752BH         LINE#         144
  C:752BH         LINE#         145
  C:752BH         LINE#         146
  C:7530H         LINE#         147
  C:7530H         LINE#         148
  C:7530H         LINE#         149
  C:7535H         LINE#         150
  C:7535H         LINE#         151
  C:7535H         LINE#         152
  C:753AH         LINE#         153
  C:753AH         LINE#         154
  C:753AH         LINE#         155
  C:753FH         LINE#         156
  C:753FH         LINE#         157
  C:753FH         LINE#         158
  C:7544H         LINE#         159
  C:7544H         LINE#         160
  C:7544H         LINE#         161
  C:754CH         LINE#         162
  C:754CH         LINE#         163
  C:754CH         LINE#         164
  C:7551H         LINE#         165
  C:7551H         LINE#         166
  C:7551H         LINE#         167
BL51 BANKED LINKER/LOCATER V6.22                                                      09/03/2019  09:57:54  PAGE 25


  C:7556H         LINE#         168
  C:7556H         LINE#         169
  C:7556H         LINE#         170
  C:755FH         LINE#         171
  C:755FH         LINE#         172
  C:755FH         LINE#         173
  C:7562H         LINE#         174
  C:7562H         LINE#         175
  -------         ENDPROC       _DAY_OF_YEAR
  -------         ENDMOD        PCF85063BTL

  -------         MODULE        LCD_DRIVER_SPLC780D
  C:0000H         SYMBOL        _ICE_DUMMY_
  D:0092H         PUBLIC        P1M0
  D:0091H         PUBLIC        P1M1
  D:0080H         PUBLIC        P0
  D:0090H         PUBLIC        P1
  D:00A0H         PUBLIC        P2
  D:00B0H         PUBLIC        P3
  D:00C0H         PUBLIC        P4
  D:00C8H         PUBLIC        P5
  D:00E8H         PUBLIC        P6
  D:00F8H         PUBLIC        P7
  C:7567H         PUBLIC        _WriteData
  D:00A8H         PUBLIC        IE
  D:00B8H         PUBLIC        IP
  D:00D8H         PUBLIC        CCON
  B:00B0H.4       PUBLIC        LCD_D4
  B:00B0H.5       PUBLIC        LCD_D5
  B:00B0H.6       PUBLIC        LCD_D6
  C:7C39H         PUBLIC        _DisplayLCD
  B:00B0H.7       PUBLIC        LCD_D7
  D:0098H         PUBLIC        SCON
  D:0088H         PUBLIC        TCON
  C:7DC5H         PUBLIC        LCD_clear
  C:78E9H         PUBLIC        _Command
  C:7CB5H         PUBLIC        _Display_Line
  C:7717H         PUBLIC        LCD_Init
  C:7B54H         PUBLIC        _Wait_ms
  B:00C0H.0       PUBLIC        LCD_RS
  B:0090H.3       PUBLIC        LCD_RW
  C:7DBBH         PUBLIC        LCD_return_home
  C:6782H         PUBLIC        _Display_Pos
  B:00B0H.3       PUBLIC        LCD_E
  D:00D0H         PUBLIC        PSW
  -------         PROC          LCD_INIT
  C:7717H         LINE#         9
  C:7717H         LINE#         10
  C:7717H         LINE#         11
  C:771AH         LINE#         12
  C:771DH         LINE#         14
  C:7723H         LINE#         15
  C:7728H         LINE#         17
  C:772FH         LINE#         18
  C:7734H         LINE#         20
  C:7737H         LINE#         21
  C:773CH         LINE#         23
BL51 BANKED LINKER/LOCATER V6.22                                                      09/03/2019  09:57:54  PAGE 26


  C:773FH         LINE#         24
  C:7744H         LINE#         26
  C:774BH         LINE#         29
  C:7750H         LINE#         30
  C:7755H         LINE#         32
  C:775AH         LINE#         33
  C:775FH         LINE#         35
  C:7764H         LINE#         36
  C:7769H         LINE#         37
  -------         ENDPROC       LCD_INIT
  C:7563H         SYMBOL        L?0035
  -------         PROC          L?0034
  -------         ENDPROC       L?0034
  C:7563H         SYMBOL        L?0035
  -------         PROC          _WRITEDATA
  X:0508H         SYMBOL        dat
  C:7567H         LINE#         40
  C:756CH         LINE#         41
  C:756CH         LINE#         46
  C:756EH         LINE#         47
  C:7570H         LINE#         49
  C:757EH         LINE#         50
  C:758AH         LINE#         51
  C:7596H         LINE#         52
  C:75A0H         LINE#         53
  C:75A2H         LINE#         54
  C:75A9H         LINE#         55
  C:75ABH         LINE#         57
  C:75BBH         LINE#         58
  C:75C6H         LINE#         59
  C:75D0H         LINE#         60
  C:75D4H         LINE#         62
  C:75D4H         LINE#         63
  C:75D7H         LINE#         64
  C:75D9H         LINE#         65
  C:75DBH         LINE#         67
  -------         ENDPROC       _WRITEDATA
  -------         PROC          _COMMAND
  D:0007H         SYMBOL        dat
  C:78E9H         LINE#         69
  C:78E9H         LINE#         70
  C:78E9H         LINE#         71
  C:78EBH         LINE#         72
  C:78EDH         LINE#         74
  C:78F7H         LINE#         75
  C:78FBH         LINE#         77
  C:78FDH         LINE#         78
  C:7906H         LINE#         79
  C:790AH         LINE#         81
  C:790CH         LINE#         82
  C:7913H         LINE#         83
  C:7917H         LINE#         85
  C:7919H         LINE#         86
  C:791DH         LINE#         87
  C:7921H         LINE#         89
  C:7923H         LINE#         90
  C:7923H         LINE#         91
BL51 BANKED LINKER/LOCATER V6.22                                                      09/03/2019  09:57:54  PAGE 27


  C:7926H         LINE#         92
  C:7928H         LINE#         93
  -------         ENDPROC       _COMMAND
  C:7B50H         SYMBOL        L?0037
  -------         PROC          L?0036
  -------         ENDPROC       L?0036
  C:7B50H         SYMBOL        L?0037
  -------         PROC          _WAIT_MS
  D:0006H         SYMBOL        ms
  -------         DO            
  D:0004H         SYMBOL        De_Cnt
  -------         ENDDO         
  C:7B54H         LINE#         95
  C:7B54H         LINE#         96
  C:7B54H         LINE#         98
  C:7B5EH         LINE#         99
  C:7B5EH         LINE#         100
  C:7B71H         LINE#         101
  C:7B71H         LINE#         102
  -------         ENDPROC       _WAIT_MS
  -------         PROC          _DISPLAYLCD
  D:0007H         SYMBOL        BCD
  -------         DO            
  D:0006H         SYMBOL        first_digit
  X:0408H         SYMBOL        second_digit
  -------         ENDDO         
  C:7C39H         LINE#         103
  C:7C39H         LINE#         104
  C:7C39H         LINE#         106
  C:7C40H         LINE#         107
  C:7C49H         LINE#         109
  C:7C4EH         LINE#         111
  -------         ENDPROC       _DISPLAYLCD
  -------         PROC          LCD_RETURN_HOME
  C:7DBBH         LINE#         115
  C:7DBBH         LINE#         116
  C:7DBBH         LINE#         117
  C:7DC0H         LINE#         118
  -------         ENDPROC       LCD_RETURN_HOME
  -------         PROC          LCD_CLEAR
  C:7DC5H         LINE#         121
  C:7DC5H         LINE#         122
  C:7DC5H         LINE#         123
  C:7DCAH         LINE#         124
  -------         ENDPROC       LCD_CLEAR
  -------         PROC          _DISPLAY_LINE
  D:0006H         SYMBOL        line
  C:7CB5H         LINE#         128
  C:7CB5H         LINE#         129
  C:7CB5H         LINE#         130
  C:7CBBH         LINE#         131
  C:7CBBH         LINE#         132
  C:7CBDH         LINE#         133
  C:7CBDH         LINE#         134
  C:7CBFH         LINE#         136
  C:7CBFH         LINE#         137
  C:7CC4H         LINE#         138
BL51 BANKED LINKER/LOCATER V6.22                                                      09/03/2019  09:57:54  PAGE 28


  C:7CC9H         LINE#         139
  C:7CC9H         LINE#         140
  -------         ENDPROC       _DISPLAY_LINE
  -------         PROC          _DISPLAY_POS
  X:04FDH         SYMBOL        sign_dat
  -------         DO            
  X:0501H         SYMBOL        unit
  X:0502H         SYMBOL        ten
  X:0503H         SYMBOL        hundred
  X:0504H         SYMBOL        thousand
  X:0505H         SYMBOL        after_dot
  X:0506H         SYMBOL        dat
  -------         ENDDO         
  C:6782H         LINE#         142
  C:6788H         LINE#         143
  C:6788H         LINE#         147
  C:67A4H         LINE#         148
  C:67BEH         LINE#         149
  C:67E2H         LINE#         151
  C:682CH         LINE#         153
  C:6843H         LINE#         154
  C:6855H         LINE#         155
  C:687AH         LINE#         156
  C:6894H         LINE#         157
  C:68ACH         LINE#         158
  C:68ACH         LINE#         159
  C:68ACH         LINE#         160
  C:68ACH         LINE#         161
  C:68ACH         LINE#         162
  C:68ACH         LINE#         163
  C:68ACH         LINE#         164
  C:68ACH         LINE#         168
  C:68AEH         LINE#         170
  C:68AEH         LINE#         172
  C:68B3H         LINE#         173
  C:68B9H         LINE#         174
  C:68BFH         LINE#         175
  C:68C5H         LINE#         176
  C:68CBH         LINE#         177
  C:68D0H         LINE#         178
  C:68D6H         LINE#         182
  C:68D6H         LINE#         184
  -------         ENDPROC       _DISPLAY_POS
  -------         ENDMOD        LCD_DRIVER_SPLC780D

  -------         MODULE        KEYPAD
  C:0000H         SYMBOL        _ICE_DUMMY_
  D:0093H         PUBLIC        P0M1
  D:0080H         PUBLIC        P0
  D:0090H         PUBLIC        P1
  D:00A0H         PUBLIC        P2
  D:00B0H         PUBLIC        P3
  D:00C0H         PUBLIC        P4
  D:00C8H         PUBLIC        P5
  D:00E8H         PUBLIC        P6
  D:00F8H         PUBLIC        P7
  D:00A8H         PUBLIC        IE
BL51 BANKED LINKER/LOCATER V6.22                                                      09/03/2019  09:57:54  PAGE 29


  C:617EH         PUBLIC        Key_Scan
  D:00B8H         PUBLIC        IP
  D:00D8H         PUBLIC        CCON
  C:7DA3H         PUBLIC        KeyPad_IO_Init
  C:7C1BH         PUBLIC        _Delay_ms
  D:0098H         PUBLIC        SCON
  D:0088H         PUBLIC        TCON
  X:065DH         PUBLIC        small_move
  X:065FH         PUBLIC        move
  X:0661H         PUBLIC        auto_mode
  X:0663H         PUBLIC        direction
  X:0665H         PUBLIC        SPI_NOR_ClearEnable
  C:58BEH         PUBLIC        Key_Process
  D:00D0H         PUBLIC        PSW
  D:0094H         PUBLIC        P0M0
  -------         PROC          _DELAY_MS
  D:0006H         SYMBOL        ms
  -------         DO            
  D:0004H         SYMBOL        De_Cnt
  -------         ENDDO         
  C:7C1BH         LINE#         20
  C:7C1BH         LINE#         21
  C:7C1BH         LINE#         23
  C:7C25H         LINE#         24
  C:7C25H         LINE#         25
  C:7C38H         LINE#         26
  C:7C38H         LINE#         27
  -------         ENDPROC       _DELAY_MS
  -------         PROC          KEY_SCAN
  -------         DO            
  X:040EH         SYMBOL        KeyTemp1
  X:040FH         SYMBOL        KeyTemp2
  X:0410H         SYMBOL        KeyValue
  -------         ENDDO         
  C:617EH         LINE#         28
  C:617EH         LINE#         29
  C:617EH         LINE#         34
  C:6181H         LINE#         37
  C:6184H         LINE#         39
  C:618CH         LINE#         40
  C:6193H         LINE#         41
  C:6193H         LINE#         43
  C:6198H         LINE#         44
  C:619FH         LINE#         45
  C:619FH         LINE#         48
  C:61A2H         LINE#         49
  C:61A5H         LINE#         50
  C:61AAH         LINE#         51
  C:61AEH         LINE#         52
  C:61AEH         LINE#         53
  C:61B6H         LINE#         54
  C:61B6H         LINE#         55
  C:61B9H         LINE#         56
  C:61C1H         LINE#         57
  C:61C3H         LINE#         59
  C:61D7H         LINE#         60
  C:61D7H         LINE#         61
BL51 BANKED LINKER/LOCATER V6.22                                                      09/03/2019  09:57:54  PAGE 30


  C:61D7H         LINE#         62
  C:61D7H         LINE#         63
  C:61DDH         LINE#         65
  C:61DFH         LINE#         66
  C:61DFH         LINE#         67
  C:61DFH         LINE#         68
  C:61E5H         LINE#         70
  C:61E7H         LINE#         71
  C:61E7H         LINE#         72
  C:61E7H         LINE#         73
  C:61EDH         LINE#         75
  C:61EFH         LINE#         76
  C:61EFH         LINE#         77
  C:61EFH         LINE#         78
  C:61F5H         LINE#         80
  C:61F5H         LINE#         81
  C:61F5H         LINE#         82
  C:61F5H         LINE#         85
  C:61F8H         LINE#         86
  C:61FBH         LINE#         87
  C:6203H         LINE#         88
  C:6207H         LINE#         89
  C:6207H         LINE#         90
  C:620FH         LINE#         91
  C:620FH         LINE#         92
  C:6212H         LINE#         93
  C:621AH         LINE#         94
  C:621CH         LINE#         95
  C:6230H         LINE#         96
  C:6230H         LINE#         97
  C:6230H         LINE#         98
  C:6230H         LINE#         99
  C:6236H         LINE#         101
  C:6238H         LINE#         102
  C:6238H         LINE#         103
  C:6238H         LINE#         104
  C:623EH         LINE#         106
  C:6240H         LINE#         107
  C:6240H         LINE#         108
  C:6240H         LINE#         109
  C:6246H         LINE#         111
  C:6248H         LINE#         112
  C:6248H         LINE#         113
  C:6248H         LINE#         114
  C:624DH         LINE#         116
  C:624DH         LINE#         117
  C:624DH         LINE#         118
  C:624DH         LINE#         121
  C:6250H         LINE#         122
  C:6253H         LINE#         123
  C:625BH         LINE#         124
  C:625FH         LINE#         125
  C:625FH         LINE#         126
  C:6267H         LINE#         127
  C:6267H         LINE#         128
  C:626AH         LINE#         129
  C:6272H         LINE#         130
BL51 BANKED LINKER/LOCATER V6.22                                                      09/03/2019  09:57:54  PAGE 31


  C:6274H         LINE#         131
  C:6288H         LINE#         132
  C:6288H         LINE#         133
  C:6288H         LINE#         134
  C:6288H         LINE#         135
  C:628EH         LINE#         137
  C:6290H         LINE#         138
  C:6290H         LINE#         139
  C:6290H         LINE#         140
  C:6296H         LINE#         142
  C:6298H         LINE#         143
  C:6298H         LINE#         144
  C:6298H         LINE#         145
  C:629EH         LINE#         147
  C:62A0H         LINE#         148
  C:62A0H         LINE#         149
  C:62A0H         LINE#         150
  C:62A6H         LINE#         152
  C:62A6H         LINE#         153
  C:62A6H         LINE#         154
  C:62A6H         LINE#         158
  C:62A9H         LINE#         159
  C:62ACH         LINE#         160
  C:62B4H         LINE#         161
  C:62B8H         LINE#         162
  C:62B8H         LINE#         163
  C:62C0H         LINE#         164
  C:62C0H         LINE#         165
  C:62C3H         LINE#         166
  C:62CBH         LINE#         167
  C:62CDH         LINE#         168
  C:62E1H         LINE#         169
  C:62E1H         LINE#         170
  C:62E1H         LINE#         171
  C:62E1H         LINE#         172
  C:62E7H         LINE#         174
  C:62E9H         LINE#         175
  C:62E9H         LINE#         176
  C:62E9H         LINE#         177
  C:62EFH         LINE#         179
  C:62F1H         LINE#         180
  C:62F1H         LINE#         181
  C:62F1H         LINE#         182
  C:62F7H         LINE#         184
  C:62F9H         LINE#         185
  C:62F9H         LINE#         186
  C:62F9H         LINE#         187
  C:62FFH         LINE#         189
  C:62FFH         LINE#         190
  C:62FFH         LINE#         191
  C:62FFH         LINE#         193
  C:6305H         LINE#         194
  C:6305H         LINE#         196
  C:6305H         LINE#         197
  C:6308H         LINE#         198
  C:6308H         LINE#         199
  C:6308H         LINE#         201
BL51 BANKED LINKER/LOCATER V6.22                                                      09/03/2019  09:57:54  PAGE 32


  C:6308H         LINE#         202
  C:630AH         LINE#         203
  C:630AH         LINE#         204
  -------         ENDPROC       KEY_SCAN
  -------         PROC          KEY_PROCESS
  -------         DO            
  X:064EH         SYMBOL        KeyCount
  X:064FH         SYMBOL        KeyNum_Old
  X:0651H         SYMBOL        KeyNum
  X:0653H         SYMBOL        PressedKey
  X:0408H         SYMBOL        d
  D:0002H         SYMBOL        hours
  D:0006H         SYMBOL        mins
  X:040AH         SYMBOL        months
  X:040CH         SYMBOL        days
  -------         ENDDO         
  C:58BEH         LINE#         205
  C:58BEH         LINE#         206
  C:58BEH         LINE#         210
  C:58CDH         LINE#         211
  C:58DAH         LINE#         213
  C:58DEH         LINE#         214
  C:58DEH         LINE#         215
  C:58E4H         LINE#         217
  C:58E4H         LINE#         218
  C:58FBH         LINE#         219
  C:58FBH         LINE#         220
  C:5905H         LINE#         221
  C:590BH         LINE#         223
  C:5911H         LINE#         225
  C:5911H         LINE#         226
  C:5928H         LINE#         227
  C:5928H         LINE#         228
  C:592DH         LINE#         230
  C:592DH         LINE#         231
  C:593DH         LINE#         232
  C:593DH         LINE#         233
  C:5943H         LINE#         235
  C:5943H         LINE#         236
  C:5955H         LINE#         237
  C:5955H         LINE#         238
  C:595FH         LINE#         239
  C:5967H         LINE#         241
  C:5970H         LINE#         243
  C:5970H         LINE#         252
  C:598FH         LINE#         253
  C:598FH         LINE#         254
  C:59AEH         LINE#         255
  C:59B4H         LINE#         256
  C:59BCH         LINE#         257
  C:59BCH         LINE#         259
  C:59BDH         LINE#         265
  C:59C9H         LINE#         266
  C:59C9H         LINE#         267
  C:59E6H         LINE#         268
  C:59FDH         LINE#         269
  C:5A14H         LINE#         270
BL51 BANKED LINKER/LOCATER V6.22                                                      09/03/2019  09:57:54  PAGE 33


  C:5A14H         LINE#         271
  C:5A27H         LINE#         272
  C:5A3AH         LINE#         273
  C:5A3AH         LINE#         274
  C:5A3AH         LINE#         275
  C:5A3DH         LINE#         280
  C:5A4CH         LINE#         281
  C:5A4CH         LINE#         282
  C:5A6FH         LINE#         283
  C:5A8CH         LINE#         284
  C:5A95H         LINE#         285
  C:5A95H         LINE#         286
  C:5A9CH         LINE#         287
  C:5A9CH         LINE#         288
  C:5AADH         LINE#         289
  C:5AADH         LINE#         290
  C:5ABCH         LINE#         291
  C:5ABCH         LINE#         292
  C:5ABCH         LINE#         293
  C:5ABFH         LINE#         295
  C:5ABFH         LINE#         296
  C:5ACBH         LINE#         297
  C:5ACBH         LINE#         298
  C:5ADDH         LINE#         299
  C:5ADDH         LINE#         300
  C:5AEDH         LINE#         301
  C:5AEDH         LINE#         302
  C:5AEDH         LINE#         304
  C:5AEFH         LINE#         306
  C:5AEFH         LINE#         307
  C:5AFEH         LINE#         308
  C:5AFEH         LINE#         309
  C:5B0EH         LINE#         310
  C:5B0EH         LINE#         311
  C:5B0EH         LINE#         313
  C:5B0EH         LINE#         315
  C:5B0EH         LINE#         316
  C:5B10H         LINE#         318
  C:5B10H         LINE#         319
  C:5B17H         LINE#         320
  C:5B17H         LINE#         321
  C:5B26H         LINE#         322
  C:5B26H         LINE#         323
  C:5B36H         LINE#         324
  C:5B36H         LINE#         325
  C:5B36H         LINE#         326
  C:5B38H         LINE#         328
  C:5B38H         LINE#         329
  C:5B47H         LINE#         330
  C:5B47H         LINE#         331
  C:5B5AH         LINE#         332
  C:5B6DH         LINE#         333
  C:5B6DH         LINE#         334
  C:5B6DH         LINE#         335
  C:5B6DH         LINE#         336
  C:5B76H         LINE#         338
  C:5B76H         LINE#         340
BL51 BANKED LINKER/LOCATER V6.22                                                      09/03/2019  09:57:54  PAGE 34


  C:5BB0H         LINE#         341
  C:5BB0H         LINE#         342
  C:5BB7H         LINE#         343
  C:5BB7H         LINE#         344
  C:5BC1H         LINE#         345
  C:5BC1H         LINE#         346
  C:5BC4H         LINE#         347
  C:5BC9H         LINE#         348
  C:5BCEH         LINE#         349
  C:5BD3H         LINE#         350
  C:5BD8H         LINE#         351
  C:5BDDH         LINE#         352
  C:5BE2H         LINE#         353
  C:5BE7H         LINE#         354
  C:5BE7H         LINE#         355
  C:5BE7H         LINE#         357
[...]
  C:6387H         LINE#         328
  C:638AH         LINE#         330
  C:63A4H         LINE#         331
  C:63A4H         LINE#         332
  C:63A4H         LINE#         334
  C:63A7H         LINE#         336
  C:63C1H         LINE#         337
  C:63C1H         LINE#         338
  C:63C1H         LINE#         340
  C:63C4H         LINE#         342
  C:63DEH         LINE#         343
  C:63DEH         LINE#         344
  C:63DEH         LINE#         346
  C:63E1H         LINE#         348
  C:63FBH         LINE#         349
  C:63FBH         LINE#         350
  C:63FBH         LINE#         352
  C:63FEH         LINE#         354
  C:6418H         LINE#         355
  C:6418H         LINE#         356
  C:6418H         LINE#         358
  C:641BH         LINE#         360
  C:6435H         LINE#         361
  C:6435H         LINE#         362
  C:6435H         LINE#         364
  C:6438H         LINE#         366
  C:6452H         LINE#         367
  C:6452H         LINE#         368
BL51 BANKED LINKER/LOCATER V6.22                                                      09/03/2019  09:57:54  PAGE 57


  C:6452H         LINE#         370
  C:6455H         LINE#         372
  C:646FH         LINE#         373
  C:6476H         LINE#         374
  -------         ENDPROC       SPI_NOR_WRITE_DATA
  -------         ENDMOD        AT25SF041

  -------         MODULE        SI1120
  C:0000H         SYMBOL        _ICE_DUMMY_
  D:0080H         PUBLIC        P0
  D:00B2H         PUBLIC        P3M0
  D:0090H         PUBLIC        P1
  D:00B1H         PUBLIC        P3M1
  D:00A0H         PUBLIC        P2
  D:00B0H         PUBLIC        P3
  D:00C0H         PUBLIC        P4
  D:00C8H         PUBLIC        P5
  B:00A8H.7       PUBLIC        EA
  D:00E8H         PUBLIC        P6
  D:00F8H         PUBLIC        P7
  D:00A8H         PUBLIC        IE
  D:00B8H         PUBLIC        IP
  C:79D7H         PUBLIC        SI1120_CONFIG_MODE_VIRH
  D:00D8H         PUBLIC        CCON
  D:0098H         PUBLIC        SCON
  D:0088H         PUBLIC        TCON
  C:7D89H         PUBLIC        Enable_EXTINT0
  B:0090H.5       PUBLIC        SI1120_STX
  B:0088H.0       PUBLIC        IT0
  B:00A8H.0       PUBLIC        EX0
  B:0090H.4       PUBLIC        SI1120_MD
  B:0090H.6       PUBLIC        SI1120_SC
  D:00D0H         PUBLIC        PSW
  -------         PROC          SI1120_CONFIG_MODE_VIRH
  C:79D7H         LINE#         4
  C:79D7H         LINE#         5
  C:79D7H         LINE#         6
  C:79D9H         LINE#         7
  C:79DBH         LINE#         8
  C:79DDH         LINE#         10
  C:79E4H         LINE#         11
  C:79E6H         LINE#         13
  C:79E8H         LINE#         14
  C:79EAH         LINE#         16
  C:79F1H         LINE#         18
  C:79F3H         LINE#         20
  C:79FAH         LINE#         23
  C:79FCH         LINE#         25
  C:79FEH         LINE#         27
  C:7A05H         LINE#         29
  C:7A07H         LINE#         31
  -------         ENDPROC       SI1120_CONFIG_MODE_VIRH
  -------         PROC          ENABLE_EXTINT0
  C:7D89H         LINE#         33
  C:7D89H         LINE#         34
  C:7D89H         LINE#         35
  C:7D8CH         LINE#         36
BL51 BANKED LINKER/LOCATER V6.22                                                      09/03/2019  09:57:54  PAGE 58


  C:7D8FH         LINE#         37
  C:7D91H         LINE#         38
  C:7D93H         LINE#         39
  C:7D95H         LINE#         40
  -------         ENDPROC       ENABLE_EXTINT0
  -------         ENDMOD        SI1120

  -------         MODULE        UART1
  C:0000H         SYMBOL        _ICE_DUMMY_
  D:0080H         PUBLIC        P0
  D:0090H         PUBLIC        P1
  D:00A0H         PUBLIC        P2
  D:00B0H         PUBLIC        P3
  D:00C0H         PUBLIC        P4
  D:00C8H         PUBLIC        P5
  C:7B96H         PUBLIC        _uart1_SendToTCPServer
  B:00A8H.7       PUBLIC        EA
  D:00E8H         PUBLIC        P6
  D:00F8H         PUBLIC        P7
  C:79A4H         PUBLIC        _SendString
  D:00A8H         PUBLIC        IE
  B:00A8H.4       PUBLIC        ES
  D:00B8H         PUBLIC        IP
  C:7C88H         PUBLIC        _ASCIItoBCD
  D:00D8H         PUBLIC        CCON
  C:7D3EH         PUBLIC        initUART1
  D:0098H         PUBLIC        SCON
  D:0088H         PUBLIC        TCON
  C:7DF7H         PUBLIC        _DectoBCD
  C:001EH         PUBLIC        _ASCII_Letter
  D:008EH         PUBLIC        AUXR
  C:0006H         PUBLIC        _unit
  C:7DF0H         PUBLIC        _ten
  D:00D6H         PUBLIC        T2H
  D:00D7H         PUBLIC        T2L
  C:7DE1H         PUBLIC        uart1_InitTCPConn
  D:00D0H         PUBLIC        PSW
  -------         PROC          INITUART1
  C:7D3EH         LINE#         24
  C:7D3EH         LINE#         25
  C:7D3EH         LINE#         26
  C:7D41H         LINE#         27
  C:7D44H         LINE#         28
  C:7D47H         LINE#         29
  C:7D4AH         LINE#         30
  C:7D4CH         LINE#         31
  C:7D4EH         LINE#         33
  -------         ENDPROC       INITUART1
  -------         PROC          _SENDSTRING
  X:04FDH         SYMBOL        s
  C:79A4H         LINE#         36
  C:79AFH         LINE#         37
  C:79AFH         LINE#         38
  C:79BFH         LINE#         39
  C:79BFH         LINE#         40
  C:79D4H         LINE#         41
  C:79D6H         LINE#         42
BL51 BANKED LINKER/LOCATER V6.22                                                      09/03/2019  09:57:54  PAGE 59


  -------         ENDPROC       _SENDSTRING
  -------         PROC          _TEN
  D:0007H         SYMBOL        BCD
  C:7DF0H         LINE#         44
  C:7DF0H         LINE#         45
  C:7DF0H         LINE#         46
  C:7DF5H         LINE#         47
  -------         ENDPROC       _TEN
  -------         PROC          _UNIT
  D:0007H         SYMBOL        BCD
  C:0006H         LINE#         48
  C:0006H         LINE#         49
  C:0006H         LINE#         53
  C:000AH         LINE#         54
  -------         ENDPROC       _UNIT
  -------         PROC          _DECTOBCD
  D:0007H         SYMBOL        dec
  C:7DF7H         LINE#         55
  C:7DF7H         LINE#         56
  C:7DF7H         LINE#         58
  C:7DF7H         LINE#         59
  -------         ENDPROC       _DECTOBCD
  -------         PROC          _ASCII_LETTER
  D:0007H         SYMBOL        dat
  C:001EH         LINE#         61
  C:001EH         LINE#         62
  C:001EH         LINE#         64
  C:0022H         LINE#         65
  -------         ENDPROC       _ASCII_LETTER
  -------         PROC          _ASCIITOBCD
  D:0001H         SYMBOL        ascii
  -------         DO            
  D:0007H         SYMBOL        dec_val
  D:0006H         SYMBOL        ten
  D:0007H         SYMBOL        unit
  -------         ENDDO         
  C:7C88H         LINE#         67
  C:7C88H         LINE#         68
  C:7C88H         LINE#         70
  C:7C8BH         LINE#         71
  C:7C91H         LINE#         72
  C:7C98H         LINE#         73
  C:7C9EH         LINE#         75
  -------         ENDPROC       _ASCIITOBCD
  -------         PROC          UART1_INITTCPCONN
  C:7DE1H         LINE#         77
  C:7DE1H         LINE#         78
  C:7DE1H         LINE#         82
  -------         ENDPROC       UART1_INITTCPCONN
  -------         PROC          _UART1_SENDTOTCPSERVER
  X:0408H         SYMBOL        str
  C:7B96H         LINE#         85
  C:7BA1H         LINE#         86
  C:7BA1H         LINE#         87
  C:7BAAH         LINE#         88
  C:7BB1H         LINE#         89
  -------         ENDPROC       _UART1_SENDTOTCPSERVER
BL51 BANKED LINKER/LOCATER V6.22                                                      09/03/2019  09:57:54  PAGE 60


  -------         ENDMOD        UART1

  -------         MODULE        ?C_STARTUP
  C:744FH         SEGMENT       ?C_C51STARTUP
  I:0022H         SEGMENT       ?STACK
  C:0000H         PUBLIC        ?C_STARTUP
  D:00E0H         SYMBOL        ACC
  D:00F0H         SYMBOL        B
  D:0083H         SYMBOL        DPH
  D:0082H         SYMBOL        DPL
  N:0000H         SYMBOL        IBPSTACK
  N:0100H         SYMBOL        IBPSTACKTOP
  N:0080H         SYMBOL        IDATALEN
  C:7452H         SYMBOL        IDATALOOP
  N:0000H         SYMBOL        PBPSTACK
  N:0100H         SYMBOL        PBPSTACKTOP
  N:0000H         SYMBOL        PDATALEN
  N:0000H         SYMBOL        PDATASTART
  N:0000H         SYMBOL        PPAGE
  N:0000H         SYMBOL        PPAGEENABLE
  D:00A0H         SYMBOL        PPAGE_SFR
  D:0081H         SYMBOL        SP
  C:744FH         SYMBOL        STARTUP1
  N:0000H         SYMBOL        XBPSTACK
  N:0000H         SYMBOL        XBPSTACKTOP
  N:0000H         SYMBOL        XDATALEN
  N:0000H         SYMBOL        XDATASTART
  C:0000H         LINE#         126
  C:744FH         LINE#         133
  C:7451H         LINE#         134
  C:7452H         LINE#         135
  C:7453H         LINE#         136
  C:7455H         LINE#         185
  C:7458H         LINE#         196
  -------         ENDMOD        ?C_STARTUP

  -------         MODULE        ?C?FPADD
  C:2533H         PUBLIC        ?C?FPADD
  C:252FH         PUBLIC        ?C?FPSUB
  -------         ENDMOD        ?C?FPADD

  -------         MODULE        ?C?FPMUL
  C:2624H         PUBLIC        ?C?FPMUL
  -------         ENDMOD        ?C?FPMUL

  -------         MODULE        ?C?FPDIV
  C:272DH         PUBLIC        ?C?FPDIV
  -------         ENDMOD        ?C?FPDIV

  -------         MODULE        ?C?FPCMP
  C:27CCH         PUBLIC        ?C?FPCMP
  C:27CAH         PUBLIC        ?C?FPCMP3
  -------         ENDMOD        ?C?FPCMP

  -------         MODULE        ?C?FPNEG
  C:2843H         PUBLIC        ?C?FPNEG
  -------         ENDMOD        ?C?FPNEG
BL51 BANKED LINKER/LOCATER V6.22                                                      09/03/2019  09:57:54  PAGE 61



  -------         MODULE        ?C?FCAST
  C:285EH         PUBLIC        ?C?FCASTC
  C:2859H         PUBLIC        ?C?FCASTI
  C:2854H         PUBLIC        ?C?FCASTL
  -------         ENDMOD        ?C?FCAST

  -------         MODULE        ?C?CASTF
  C:2892H         PUBLIC        ?C?CASTF
  -------         ENDMOD        ?C?CASTF

  -------         MODULE        PRINTF
  X:04FDH         PUBLIC        ?_PRINTF?BYTE
  X:04FDH         PUBLIC        ?_SPRINTF?BYTE
  C:4C38H         PUBLIC        _PRINTF
  C:4C32H         PUBLIC        _SPRINTF
  -------         ENDMOD        PRINTF

  -------         MODULE        FABS
  C:7D96H         PUBLIC        _FABS
  -------         ENDMOD        FABS

  -------         MODULE        ATAN2
  X:04AFH         PUBLIC        ?_atan2?BYTE
  C:727CH         PUBLIC        _atan2
  -------         ENDMOD        ATAN2

  -------         MODULE        SIN
  C:64DCH         PUBLIC        _COS
  C:64F2H         PUBLIC        _SIN
  C:652EH         PUBLIC        _TAN
  -------         ENDMOD        SIN

  -------         MODULE        ACOS
  C:785BH         PUBLIC        _ACOS
  -------         ENDMOD        ACOS

  -------         MODULE        ASIN
  C:7969H         PUBLIC        _ASIN
  -------         ENDMOD        ASIN

  -------         MODULE        POW
  X:03BCH         PUBLIC        ?_pow?BYTE
  C:661CH         PUBLIC        _pow
  -------         ENDMOD        POW

  -------         MODULE        ?C?CHKFLOAT
  C:2913H         PUBLIC        ?C?CHKFLOAT
  -------         ENDMOD        ?C?CHKFLOAT

  -------         MODULE        ?C?FPROUND
  C:292DH         PUBLIC        ?C?FPROUND
  -------         ENDMOD        ?C?FPROUND

  -------         MODULE        ?C?FPCONVERT
  C:296AH         PUBLIC        ?C?FPCONVERT
  -------         ENDMOD        ?C?FPCONVERT
BL51 BANKED LINKER/LOCATER V6.22                                                      09/03/2019  09:57:54  PAGE 62



  -------         MODULE        EXP
  C:73EDH         PUBLIC        _EXP
  -------         ENDMOD        EXP

  -------         MODULE        LOG
  C:690BH         PUBLIC        _LOG
  C:6907H         PUBLIC        _LOG10
  -------         ENDMOD        LOG

  -------         MODULE        SQRT
  C:7133H         PUBLIC        _SQRT
  -------         ENDMOD        SQRT

  -------         MODULE        ATAN
  C:6A20H         PUBLIC        _ATAN
  -------         ENDMOD        ATAN

  -------         MODULE        ?C?FTNPWR
  C:2AECH         PUBLIC        ?C?FTNPWR
  -------         ENDMOD        ?C?FTNPWR

  -------         MODULE        ?C?COPY
  C:2BFCH         PUBLIC        ?C?COPY
  -------         ENDMOD        ?C?COPY

  -------         MODULE        ?C?CLDPTR
  C:2C22H         PUBLIC        ?C?CLDPTR
  -------         ENDMOD        ?C?CLDPTR

  -------         MODULE        ?C?CLDOPTR
  C:2C3BH         PUBLIC        ?C?CLDOPTR
  -------         ENDMOD        ?C?CLDOPTR

  -------         MODULE        ?C?CSTPTR
  C:2C68H         PUBLIC        ?C?CSTPTR
  -------         ENDMOD        ?C?CSTPTR

  -------         MODULE        ?C?IMUL
  C:2C7AH         PUBLIC        ?C?IMUL
  -------         ENDMOD        ?C?IMUL

  -------         MODULE        ?C?UIDIV
  C:2C8CH         PUBLIC        ?C?UIDIV
  -------         ENDMOD        ?C?UIDIV

  -------         MODULE        ?C?SIDIV
  C:2CE1H         PUBLIC        ?C?SIDIV
  -------         ENDMOD        ?C?SIDIV

  -------         MODULE        ?C?ILDIX
  C:2D17H         PUBLIC        ?C?ILDIX
  -------         ENDMOD        ?C?ILDIX

  -------         MODULE        ?C?ILDOPTR
  C:2D2DH         PUBLIC        ?C?ILDOPTR
  -------         ENDMOD        ?C?ILDOPTR
BL51 BANKED LINKER/LOCATER V6.22                                                      09/03/2019  09:57:54  PAGE 63



  -------         MODULE        ?C?ISTPTR
  C:2D65H         PUBLIC        ?C?ISTPTR
  -------         ENDMOD        ?C?ISTPTR

  -------         MODULE        ?C?LMUL
  C:2D84H         PUBLIC        ?C?LMUL
  -------         ENDMOD        ?C?LMUL

  -------         MODULE        ?C?SLDIV
  C:78A5H         PUBLIC        ?C?SLDIV
  -------         ENDMOD        ?C?SLDIV

  -------         MODULE        ?C?LNEG
  C:2DD3H         PUBLIC        ?C?LNEG
  -------         ENDMOD        ?C?LNEG

  -------         MODULE        ?C?ULCMP
  C:2DE1H         PUBLIC        ?C?ULCMP
  -------         ENDMOD        ?C?ULCMP

  -------         MODULE        ?C?LSHL
  C:2DF2H         PUBLIC        ?C?LSHL
  -------         ENDMOD        ?C?LSHL

  -------         MODULE        ?C?LLDPTR
  C:2E05H         PUBLIC        ?C?LLDPTR
  -------         ENDMOD        ?C?LLDPTR

  -------         MODULE        ?C?LLDOPTR
  C:2E25H         PUBLIC        ?C?LLDOPTR
  -------         ENDMOD        ?C?LLDOPTR

  -------         MODULE        ?C?LSTPTR
  C:2E55H         PUBLIC        ?C?LSTPTR
  -------         ENDMOD        ?C?LSTPTR

  -------         MODULE        ?C?LSTOPTR
  C:2E6FH         PUBLIC        ?C?LSTOPTR
  -------         ENDMOD        ?C?LSTOPTR

  -------         MODULE        ?C?LLDXDATA
  C:2E93H         PUBLIC        ?C?LLDXDATA
  -------         ENDMOD        ?C?LLDXDATA

  -------         MODULE        ?C?LLDCODE
  C:2E9FH         PUBLIC        ?C?LLDCODE
  -------         ENDMOD        ?C?LLDCODE

  -------         MODULE        ?C?LLDXDATA0
  C:2EAFH         PUBLIC        ?C?LLDXDATA0
  -------         ENDMOD        ?C?LLDXDATA0

  -------         MODULE        ?C?LLDCODE0
  C:2EBBH         PUBLIC        ?C?LLDCODE0
  -------         ENDMOD        ?C?LLDCODE0

BL51 BANKED LINKER/LOCATER V6.22                                                      09/03/2019  09:57:54  PAGE 64


  -------         MODULE        ?C?LLDPTR0
  C:2ECBH         PUBLIC        ?C?LLDPTR0
  -------         ENDMOD        ?C?LLDPTR0

  -------         MODULE        ?C?LSTXDATA
  C:2EEBH         PUBLIC        ?C?LSTXDATA
  -------         ENDMOD        ?C?LSTXDATA

  -------         MODULE        ?C?LSTKXDATA
  C:2EF7H         PUBLIC        ?C?LSTKXDATA
  -------         ENDMOD        ?C?LSTKXDATA

  -------         MODULE        ?C?LSTKPTR
  C:2F28H         PUBLIC        ?C?LSTKPTR
  -------         ENDMOD        ?C?LSTKPTR

  -------         MODULE        ?C?OFFXADD
  C:2F42H         PUBLIC        ?C?OFFXADD
  -------         ENDMOD        ?C?OFFXADD

  -------         MODULE        ?C?PLDIXDATA
  C:2F4EH         PUBLIC        ?C?PLDIXDATA
  -------         ENDMOD        ?C?PLDIXDATA

  -------         MODULE        ?C?PSTXDATA
  C:2F65H         PUBLIC        ?C?PSTXDATA
  -------         ENDMOD        ?C?PSTXDATA

  -------         MODULE        ?C?CCASE
  C:2F6EH         PUBLIC        ?C?CCASE
  -------         ENDMOD        ?C?CCASE

  -------         MODULE        PUTCHAR
  C:7B27H         PUBLIC        _PUTCHAR
  -------         ENDMOD        PUTCHAR

  -------         MODULE        ABS
  C:7DAFH         PUBLIC        _ABS
  -------         ENDMOD        ABS

  -------         MODULE        ATOI
  C:6E29H         PUBLIC        _atoi
  -------         ENDMOD        ATOI

  -------         MODULE        ?C?IILDX
  C:2F94H         PUBLIC        ?C?IILDX
  -------         ENDMOD        ?C?IILDX

  -------         MODULE        ?C?ULDIV
  C:2FE6H         PUBLIC        ?C?ULDIV
  -------         ENDMOD        ?C?ULDIV

  -------         MODULE        ?C?LLDIDATA
  C:3078H         PUBLIC        ?C?LLDIDATA
  -------         ENDMOD        ?C?LLDIDATA

  -------         MODULE        ?C?LLDPDATA
BL51 BANKED LINKER/LOCATER V6.22                                                      09/03/2019  09:57:54  PAGE 65


  C:3084H         PUBLIC        ?C?LLDPDATA
  -------         ENDMOD        ?C?LLDPDATA

  -------         MODULE        ?C?LLDIDATA0
  C:3090H         PUBLIC        ?C?LLDIDATA0
  -------         ENDMOD        ?C?LLDIDATA0

  -------         MODULE        ?C?LLDPDATA0
  C:309DH         PUBLIC        ?C?LLDPDATA0
  -------         ENDMOD        ?C?LLDPDATA0

  -------         MODULE        ?C?LSTIDATA
  C:30AAH         PUBLIC        ?C?LSTIDATA
  -------         ENDMOD        ?C?LSTIDATA

  -------         MODULE        ?C?LSTPDATA
  C:30B6H         PUBLIC        ?C?LSTPDATA
  -------         ENDMOD        ?C?LSTPDATA

  -------         MODULE        ?C?LSTKIDATA
  C:30C2H         PUBLIC        ?C?LSTKIDATA
  -------         ENDMOD        ?C?LSTKIDATA

  -------         MODULE        ?C?LSTKPDATA
  C:30DBH         PUBLIC        ?C?LSTKPDATA
  -------         ENDMOD        ?C?LSTKPDATA

  -------         MODULE        ISDIGIT
  C:7D6DH         PUBLIC        _isdigit
  -------         ENDMOD        ISDIGIT

  -------         MODULE        ISSPACE
  C:7D08H         PUBLIC        _isspace
  -------         ENDMOD        ISSPACE

*** WARNING L16: UNCALLED SEGMENT, IGNORED FOR OVERLAY PROCESS
    SEGMENT: ?PR?_FINDCLOSESTSAMEDAYCALIBTIME?CALIBRATION

*** WARNING L16: UNCALLED SEGMENT, IGNORED FOR OVERLAY PROCESS
    SEGMENT: ?PR?NOP?IOEXPANDER_PI4IOE5V96248

*** WARNING L16: UNCALLED SEGMENT, IGNORED FOR OVERLAY PROCESS
    SEGMENT: ?PR?UC_ACK?IOEXPANDER_PI4IOE5V96248

*** WARNING L16: UNCALLED SEGMENT, IGNORED FOR OVERLAY PROCESS
    SEGMENT: ?PR?UC_NACK?IOEXPANDER_PI4IOE5V96248

*** WARNING L16: UNCALLED SEGMENT, IGNORED FOR OVERLAY PROCESS
    SEGMENT: ?PR?_TEN?UART1

*** WARNING L16: UNCALLED SEGMENT, IGNORED FOR OVERLAY PROCESS
    SEGMENT: ?PR?_UNIT?UART1

*** WARNING L16: UNCALLED SEGMENT, IGNORED FOR OVERLAY PROCESS
    SEGMENT: ?PR?_DECTOBCD?UART1

*** WARNING L16: UNCALLED SEGMENT, IGNORED FOR OVERLAY PROCESS
BL51 BANKED LINKER/LOCATER V6.22                                                      09/03/2019  09:57:54  PAGE 66


    SEGMENT: ?PR?_ASCII_LETTER?UART1

*** WARNING L16: UNCALLED SEGMENT, IGNORED FOR OVERLAY PROCESS
    SEGMENT: ?PR?_ASCIITOBCD?UART1

Program Size: data=15.4 xdata=1646 code=32248
LINK/LOCATE RUN COMPLETE.  9 WARNING(S),  0 ERROR(S)
