BL51 BANKED LINKER/LOCATER V6.22                                                        05/28/2019  15:36:09  PAGE 1


BL51 BANKED LINKER/LOCATER V6.22, INVOKED BY:
C:\KEIL_V5\C51\BIN\BL51.EXE .\Obj\main.obj, .\Obj\PCF85063BTL.obj, .\Obj\LCd_Driver_SPLC780D.obj, .\Obj\KeyPad.obj, .\Ob
>> j\BipolarMotor.obj, .\Obj\SunPos.obj, .\Obj\ADC.obj, .\Obj\Calibration.obj, .\Obj\IOExpander_PI4IOE5V96248.obj, .\Obj
>> \AT25SF041.obj, .\Obj\SI1120.obj, .\Obj\UART1.obj, .\Obj\STARTUP.obj TO .\Obj\GPIO_RTC_Test PRINT (.\Lis\GPIO_RTC_Tes
>> t.m51) RAMSIZE (256)


MEMORY MODEL: LARGE WITH FLOATING POINT ARITHMETIC


INPUT MODULES INCLUDED:
  .\Obj\main.obj (MAIN)
  .\Obj\PCF85063BTL.obj (PCF85063BTL)
  .\Obj\LCd_Driver_SPLC780D.obj (LCD_DRIVER_SPLC780D)
  .\Obj\KeyPad.obj (KEYPAD)
  .\Obj\BipolarMotor.obj (BIPOLARMOTOR)
  .\Obj\SunPos.obj (SUNPOS)
  .\Obj\ADC.obj (ADC)
  .\Obj\Calibration.obj (CALIBRATION)
  .\Obj\IOExpander_PI4IOE5V96248.obj (IOEXPANDER_PI4IOE5V96248)
  .\Obj\AT25SF041.obj (AT25SF041)
  .\Obj\SI1120.obj (SI1120)
  .\Obj\UART1.obj (UART1)
  .\Obj\STARTUP.obj (?C_STARTUP)
  C:\KEIL_V5\C51\LIB\C51FPL.LIB (?C?FPADD)
  C:\KEIL_V5\C51\LIB\C51FPL.LIB (?C?FPMUL)
  C:\KEIL_V5\C51\LIB\C51FPL.LIB (?C?FPDIV)
  C:\KEIL_V5\C51\LIB\C51FPL.LIB (?C?FPCMP)
  C:\KEIL_V5\C51\LIB\C51FPL.LIB (?C?FPNEG)
  C:\KEIL_V5\C51\LIB\C51FPL.LIB (?C?FCAST)
  C:\KEIL_V5\C51\LIB\C51FPL.LIB (?C?CASTF)
  C:\KEIL_V5\C51\LIB\C51FPL.LIB (ATAN2)
  C:\KEIL_V5\C51\LIB\C51FPL.LIB (SIN)
  C:\KEIL_V5\C51\LIB\C51FPL.LIB (ACOS)
  C:\KEIL_V5\C51\LIB\C51FPL.LIB (ASIN)
  C:\KEIL_V5\C51\LIB\C51FPL.LIB (POW)
  C:\KEIL_V5\C51\LIB\C51FPL.LIB (?C?FPGETOPN)
  C:\KEIL_V5\C51\LIB\C51FPL.LIB (?C?CHKFLOAT)
  C:\KEIL_V5\C51\LIB\C51FPL.LIB (?C?FPSERIES)
  C:\KEIL_V5\C51\LIB\C51FPL.LIB (EXP)
  C:\KEIL_V5\C51\LIB\C51FPL.LIB (LOG)
  C:\KEIL_V5\C51\LIB\C51FPL.LIB (SQRT)
  C:\KEIL_V5\C51\LIB\C51FPL.LIB (ATAN)
  C:\KEIL_V5\C51\LIB\C51L.LIB (?C_INIT)
  C:\KEIL_V5\C51\LIB\C51L.LIB (?C?COPY)
  C:\KEIL_V5\C51\LIB\C51L.LIB (?C?CLDPTR)
  C:\KEIL_V5\C51\LIB\C51L.LIB (?C?CLDOPTR)
  C:\KEIL_V5\C51\LIB\C51L.LIB (?C?CSTPTR)
  C:\KEIL_V5\C51\LIB\C51L.LIB (?C?IMUL)
  C:\KEIL_V5\C51\LIB\C51L.LIB (?C?UIDIV)
  C:\KEIL_V5\C51\LIB\C51L.LIB (?C?SIDIV)
  C:\KEIL_V5\C51\LIB\C51L.LIB (?C?ILDIX)
  C:\KEIL_V5\C51\LIB\C51L.LIB (?C?ILDOPTR)
  C:\KEIL_V5\C51\LIB\C51L.LIB (?C?ISTPTR)
  C:\KEIL_V5\C51\LIB\C51L.LIB (?C?LMUL)
  C:\KEIL_V5\C51\LIB\C51L.LIB (?C?SLDIV)
  C:\KEIL_V5\C51\LIB\C51L.LIB (?C?LNEG)
  C:\KEIL_V5\C51\LIB\C51L.LIB (?C?ULCMP)
BL51 BANKED LINKER/LOCATER V6.22                                                      05/28/2019  15:36:09  PAGE 2


  C:\KEIL_V5\C51\LIB\C51L.LIB (?C?LSHL)
  C:\KEIL_V5\C51\LIB\C51L.LIB (?C?LLDPTR)
  C:\KEIL_V5\C51\LIB\C51L.LIB (?C?LLDOPTR)
  C:\KEIL_V5\C51\LIB\C51L.LIB (?C?LSTPTR)
  C:\KEIL_V5\C51\LIB\C51L.LIB (?C?LSTOPTR)
  C:\KEIL_V5\C51\LIB\C51L.LIB (?C?LLDXDATA)
  C:\KEIL_V5\C51\LIB\C51L.LIB (?C?LLDCODE)
  C:\KEIL_V5\C51\LIB\C51L.LIB (?C?LLDXDATA0)
  C:\KEIL_V5\C51\LIB\C51L.LIB (?C?LLDCODE0)
  C:\KEIL_V5\C51\LIB\C51L.LIB (?C?LLDPTR0)
  C:\KEIL_V5\C51\LIB\C51L.LIB (?C?LSTXDATA)
  C:\KEIL_V5\C51\LIB\C51L.LIB (?C?LSTKXDATA)
  C:\KEIL_V5\C51\LIB\C51L.LIB (?C?LSTKPTR)
  C:\KEIL_V5\C51\LIB\C51L.LIB (?C?OFFXADD)
  C:\KEIL_V5\C51\LIB\C51L.LIB (ATOI)
  C:\KEIL_V5\C51\LIB\C51L.LIB (?C?IILDX)
  C:\KEIL_V5\C51\LIB\C51L.LIB (?C?ULDIV)
  C:\KEIL_V5\C51\LIB\C51L.LIB (?C?LLDIDATA)
  C:\KEIL_V5\C51\LIB\C51L.LIB (?C?LLDPDATA)
  C:\KEIL_V5\C51\LIB\C51L.LIB (?C?LLDIDATA0)
  C:\KEIL_V5\C51\LIB\C51L.LIB (?C?LLDPDATA0)
  C:\KEIL_V5\C51\LIB\C51L.LIB (?C?LSTIDATA)
  C:\KEIL_V5\C51\LIB\C51L.LIB (?C?LSTPDATA)
  C:\KEIL_V5\C51\LIB\C51L.LIB (?C?LSTKIDATA)
  C:\KEIL_V5\C51\LIB\C51L.LIB (?C?LSTKPDATA)
  C:\KEIL_V5\C51\LIB\C51L.LIB (ISDIGIT)
  C:\KEIL_V5\C51\LIB\C51L.LIB (ISSPACE)


LINK MAP OF MODULE:  .\Obj\GPIO_RTC_Test (MAIN)


            TYPE    BASE      LENGTH    RELOCATION   SEGMENT NAME
            -----------------------------------------------------

            * * * * * * *   D A T A   M E M O R Y   * * * * * * *
            REG     0000H     0008H     ABSOLUTE     "REG BANK 0"
                    0008H     0018H                  *** GAP ***
            BIT     0020H.0   0000H.4   UNIT         _BIT_GROUP_
            BIT     0020H.4   0000H.1   UNIT         ?BI?MAIN
            BIT     0020H.5   0000H.1   UNIT         ?BI?_ATOI?ATOI
                    0020H.6   0000H.2                *** GAP ***
            IDATA   0021H     0001H     UNIT         ?STACK

            * * * * * * *  X D A T A   M E M O R Y  * * * * * * *
            XDATA   0000H     03BCH     UNIT         ?XD?BIPOLARMOTOR
            XDATA   03BCH     0123H     UNIT         _XDATA_GROUP_
            XDATA   04DFH     0101H     UNIT         ?XD?MAIN
            XDATA   05E0H     0019H     UNIT         ?XD?KEYPAD
            XDATA   05F9H     0008H     UNIT         ?XD?_AT25SF041_READ?AT25SF041
            XDATA   0601H     0005H     UNIT         ?XD?_ATOI?ATOI
            XDATA   0606H     0003H     UNIT         ?XD?_UART1_SENDTOTCPSERVER?UART1
            XDATA   0609H     0001H     UNIT         ?XD?UC_ACK?IOEXPANDER_PI4IOE5V96248
            XDATA   060AH     0001H     UNIT         ?XD?UC_NACK?IOEXPANDER_PI4IOE5V96248

            * * * * * * *   C O D E   M E M O R Y   * * * * * * *
            CODE    0000H     0003H     ABSOLUTE     
BL51 BANKED LINKER/LOCATER V6.22                                                      05/28/2019  15:36:09  PAGE 3


            CODE    0003H     0003H     ABSOLUTE     
            CODE    0006H     0005H     UNIT         ?PR?_UNIT?UART1
            CODE    000BH     0003H     ABSOLUTE     
            CODE    000EH     000DH     UNIT         ?PR?UART?MAIN
            CODE    001BH     0003H     ABSOLUTE     
            CODE    001EH     0005H     UNIT         ?PR?_ASCII_LETTER?UART1
            CODE    0023H     0003H     ABSOLUTE     
            CODE    0026H     0C8BH     UNIT         ?PR?MAIN?MAIN
            CODE    0CB1H     09D0H     UNIT         ?C?LIB_CODE
            CODE    1681H     07A2H     UNIT         ?PR?SUNPOS?SUNPOS
            CODE    1E23H     063CH     UNIT         ?PR?_UPDATE_POSITION?BIPOLARMOTOR
            CODE    245FH     04FCH     UNIT         ?PR?_FIND_REAL_MAX?CALIBRATION
            CODE    295BH     04FBH     UNIT         ?PR?_THEORICALJP_POSITION?BIPOLARMOTOR
            CODE    2E56H     040EH     UNIT         ?C_INITSEG
            CODE    3264H     038CH     UNIT         ?PR?KEY_PROCESS?KEYPAD
            CODE    35F0H     0380H     UNIT         ?PR?_ELEVATION_CALCULATION?BIPOLARMOTOR
            CODE    3970H     01C7H     UNIT         ?PR?_CALIBRATION?CALIBRATION
            CODE    3B37H     018DH     UNIT         ?PR?KEY_SCAN?KEYPAD
            CODE    3CC4H     0189H     UNIT         ?PR?SPI_NOR_WRITE_DATA?AT25SF041
            CODE    3E4DH     0188H     UNIT         ?PR?SIN?SIN
            CODE    3FD5H     0166H     UNIT         ?PR?_POW?POW
            CODE    413BH     0155H     UNIT         ?PR?_DISPLAY_POS?LCD_DRIVER_SPLC780D
            CODE    4290H     0129H     UNIT         ?PR?LOG?LOG
            CODE    43B9H     0122H     UNIT         ?PR?ATAN?ATAN
            CODE    44DBH     0110H     UNIT         ?PR?_AT25SF041_READ?AT25SF041
            CODE    45EBH     0102H     UNIT         ?PR?_AT25SF041_WRITE?AT25SF041
            CODE    46EDH     00F4H     UNIT         ?PR?EXINT0?MAIN
            CODE    47E1H     00DBH     UNIT         ?PR?_ATOI?ATOI
            CODE    48BCH     00C3H     UNIT         ?PR?LINEAR_INTERPOLATE?BIPOLARMOTOR
            CODE    497FH     00BBH     UNIT         ?PR?VOLTAGE_IS_STABLE?CALIBRATION
            CODE    4A3AH     00ADH     UNIT         ?PR?_WRITE_PI4IOE5V96248?IOEXPANDER_PI4IOE5V96248
            CODE    4AE7H     00ACH     UNIT         ?PR?SQRT?SQRT
            CODE    4B93H     00A1H     UNIT         ?PR?UCREAD_STATUS_REGISTER_BYTE1?AT25SF041
            CODE    4C34H     009DH     UNIT         ?PR?_ATAN2?ATAN2
            CODE    4CD1H     009CH     UNIT         ?PR?_MAX_VALUE?CALIBRATION
            CODE    4D6DH     009AH     UNIT         ?PR?EXP?EXP
            CODE    4E07H     008CH     UNIT         ?C_C51STARTUP
            CODE    4E93H     0088H     UNIT         ?PR?_DAY_OF_YEAR?PCF85063BTL
            CODE    4F1BH     0079H     UNIT         ?PR?_WRITEDATA?LCD_DRIVER_SPLC780D
            CODE    4F94H     0072H     UNIT         ?PR?AT25SF041_WRITEENABLE?AT25SF041
            CODE    5006H     006FH     UNIT         ?PR?_READ_TIME?PCF85063BTL
            CODE    5075H     005AH     UNIT         ?PR?AT25SF041_CHIPERASE?AT25SF041
            CODE    50CFH     0059H     UNIT         ?PR?LCD_INIT?LCD_DRIVER_SPLC780D
            CODE    5128H     004AH     UNIT         ?PR?VONESTEPMOVE?BIPOLARMOTOR
            CODE    5172H     004AH     UNIT         ?PR?ACOS?ACOS
            CODE    51BCH     0044H     UNIT         ?C?LDIV
            CODE    5200H     0040H     UNIT         ?PR?_COMMAND?LCD_DRIVER_SPLC780D
            CODE    5240H     0040H     UNIT         ?PR?_STEP_MOVE?BIPOLARMOTOR
            CODE    5280H     0040H     UNIT         ?CO?UART1
            CODE    52C0H     003BH     UNIT         ?PR?ASIN?ASIN
            CODE    52FBH     0034H     UNIT         ?PR?_UART1_SENDTOTCPSERVER?UART1
            CODE    532FH     0033H     UNIT         ?PR?_SENDSTRING?UART1
            CODE    5362H     0031H     UNIT         ?PR?SI1120_CONFIG_MODE_VIRH?SI1120
            CODE    5393H     002BH     UNIT         ?PR?_WAIT_MS_I2C?IOEXPANDER_PI4IOE5V96248
            CODE    53BEH     002BH     UNIT         ?PR?_WAIT_MS_SPINOR?AT25SF041
            CODE    53E9H     002AH     UNIT         ?PR?_ADC_GETRESULT?ADC
            CODE    5413H     0028H     UNIT         ?PR?_MOVE?BIPOLARMOTOR
BL51 BANKED LINKER/LOCATER V6.22                                                      05/28/2019  15:36:09  PAGE 4


            CODE    543BH     0027H     UNIT         ?PR?_I2C_SENDBYTE?IOEXPANDER_PI4IOE5V96248
            CODE    5462H     0025H     UNIT         ?PR?_FINDCLOSESTSAMEDAYCALIBTIME?CALIBRATION
            CODE    5487H     0024H     UNIT         ?PR?_WAIT_MS?LCD_DRIVER_SPLC780D
            CODE    54ABH     0021H     UNIT         ?PR?TM0_ISR?MAIN
            CODE    54CCH     0020H     UNIT         ?PR?_SPI_SENDBYTE?PCF85063BTL
            CODE    54ECH     0020H     UNIT         ?PR?SPI_RECEIVEBYTE?PCF85063BTL
            CODE    550CH     001EH     UNIT         ?PR?_DELAY_MS?KEYPAD
            CODE    552AH     001DH     UNIT         ?PR?_DISPLAYLCD?LCD_DRIVER_SPLC780D
            CODE    5547H     001BH     UNIT         ?PR?_BCDTODEC1?BIPOLARMOTOR
            CODE    5562H     001AH     UNIT         ?PR?ADC_INIT?ADC
            CODE    557CH     0018H     UNIT         ?PR?_SPI_WRITETIME?PCF85063BTL
            CODE    5594H     0017H     UNIT         ?PR?_ASCIITOBCD?UART1
            CODE    55ABH     0016H     UNIT         ?PR?I2C_ACK?IOEXPANDER_PI4IOE5V96248
            CODE    55C1H     0015H     UNIT         ?PR?_DISPLAY_LINE?LCD_DRIVER_SPLC780D
            CODE    55D6H     0015H     UNIT         ?PR?VSETLOCATION?BIPOLARMOTOR
            CODE    55EBH     0015H     UNIT         ?PR?I2C_STOP?IOEXPANDER_PI4IOE5V96248
            CODE    5600H     0014H     UNIT         ?PR?_PCF85063BTL_DELAY?PCF85063BTL
            CODE    5614H     0014H     UNIT         ?PR?_ABS?LCD_DRIVER_SPLC780D
            CODE    5628H     0014H     UNIT         ?PR?_ISSPACE?ISSPACE
            CODE    563CH     0011H     UNIT         ?PR?_SPI_READTIME?PCF85063BTL
            CODE    564DH     0011H     UNIT         ?PR?_BCDTODEC?PCF85063BTL
            CODE    565EH     0011H     UNIT         ?PR?INITUART1?UART1
            CODE    566FH     000FH     UNIT         ?PR?I2C_START?IOEXPANDER_PI4IOE5V96248
            CODE    567EH     000FH     UNIT         ?PR?UC_NACK?IOEXPANDER_PI4IOE5V96248
            CODE    568DH     000FH     UNIT         ?PR?_ISDIGIT?ISDIGIT
            CODE    569CH     000DH     UNIT         ?PR?SPI_INIT?PCF85063BTL
            CODE    56A9H     000DH     UNIT         ?PR?ENABLE_EXTINT0?SI1120
            CODE    56B6H     000CH     UNIT         ?PR?KEYPAD_IO_INIT?KEYPAD
            CODE    56C2H     000AH     UNIT         ?PR?LCD_RETURN_HOME?LCD_DRIVER_SPLC780D
            CODE    56CCH     000AH     UNIT         ?PR?LCD_CLEAR?LCD_DRIVER_SPLC780D
            CODE    56D6H     0009H     UNIT         ?PR?TM1_ISR?MAIN
            CODE    56DFH     0009H     UNIT         ?PR?_SENDUART1?MAIN
            CODE    56E8H     0009H     UNIT         ?PR?UART1_INITTCPCONN?UART1
            CODE    56F1H     0006H     UNIT         ?CO?MAIN
            CODE    56F7H     0006H     UNIT         ?PR?UC_ACK?IOEXPANDER_PI4IOE5V96248
            CODE    56FDH     0006H     UNIT         ?PR?_TEN?UART1
            CODE    5703H     0001H     UNIT         ?PR?NOP?IOEXPANDER_PI4IOE5V96248
            CODE    5704H     0001H     UNIT         ?PR?_DECTOBCD?UART1



OVERLAY MAP OF MODULE:   .\Obj\GPIO_RTC_Test (MAIN)


SEGMENT                                             BIT_GROUP          XDATA_GROUP
  +--> CALLED SEGMENT                            START    LENGTH     START    LENGTH
------------------------------------------------------------------------------------
?PR?EXINT0?MAIN                                  -----    -----      -----    -----
  +--> ?PR?_POW?POW

?PR?_POW?POW                                     -----    -----      03BCH    000AH
  +--> ?PR?LOG?LOG
  +--> ?PR?EXP?EXP

?PR?LOG?LOG                                      0020H.0  0000H.1    03C6H    0004H

*** NEW ROOT ***************************************************
BL51 BANKED LINKER/LOCATER V6.22                                                      05/28/2019  15:36:09  PAGE 5



?C_C51STARTUP                                    -----    -----      -----    -----
  +--> ?PR?MAIN?MAIN
  +--> ?C_INITSEG

?PR?MAIN?MAIN                                    -----    -----      03CAH    002AH
  +--> ?PR?LCD_INIT?LCD_DRIVER_SPLC780D
  +--> ?PR?SPI_INIT?PCF85063BTL
  +--> ?PR?KEYPAD_IO_INIT?KEYPAD
  +--> ?PR?INITUART1?UART1
  +--> ?PR?ADC_INIT?ADC
  +--> ?PR?SI1120_CONFIG_MODE_VIRH?SI1120
  +--> ?PR?ENABLE_EXTINT0?SI1120
  +--> ?PR?VSETLOCATION?BIPOLARMOTOR
  +--> ?PR?_SPI_WRITETIME?PCF85063BTL
  +--> ?PR?_DELAY_MS?KEYPAD
  +--> ?PR?_DISPLAY_LINE?LCD_DRIVER_SPLC780D
  +--> ?PR?_WRITEDATA?LCD_DRIVER_SPLC780D
  +--> ?PR?UART1_INITTCPCONN?UART1
  +--> ?CO?MAIN
  +--> ?PR?_SENDSTRING?UART1
  +--> ?PR?KEY_PROCESS?KEYPAD
  +--> ?PR?_SENDUART1?MAIN
  +--> ?PR?_COMMAND?LCD_DRIVER_SPLC780D
  +--> ?PR?_DISPLAY_POS?LCD_DRIVER_SPLC780D
  +--> ?PR?_DISPLAYLCD?LCD_DRIVER_SPLC780D
  +--> ?PR?_STEP_MOVE?BIPOLARMOTOR
  +--> ?PR?LCD_RETURN_HOME?LCD_DRIVER_SPLC780D
  +--> ?PR?_READ_TIME?PCF85063BTL
  +--> ?PR?_BCDTODEC1?BIPOLARMOTOR
  +--> ?PR?_ELEVATION_CALCULATION?BIPOLARMOTOR
  +--> ?PR?SIN?SIN
  +--> ?PR?_CALIBRATION?CALIBRATION
  +--> ?PR?_UPDATE_POSITION?BIPOLARMOTOR
  +--> ?PR?AT25SF041_WRITEENABLE?AT25SF041
  +--> ?PR?_AT25SF041_WRITE?AT25SF041
  +--> ?PR?_WAIT_MS_SPINOR?AT25SF041
  +--> ?PR?_ADC_GETRESULT?ADC
  +--> ?PR?SPI_NOR_WRITE_DATA?AT25SF041
  +--> ?PR?LINEAR_INTERPOLATE?BIPOLARMOTOR
  +--> ?PR?_FINDCLOSESTSAMEDAYCALIBTIME?CALI...
  +--> ?PR?LCD_CLEAR?LCD_DRIVER_SPLC780D
  +--> ?PR?AT25SF041_CHIPERASE?AT25SF041

?PR?LCD_INIT?LCD_DRIVER_SPLC780D                 -----    -----      -----    -----
  +--> ?PR?_WAIT_MS?LCD_DRIVER_SPLC780D
  +--> ?PR?_COMMAND?LCD_DRIVER_SPLC780D

?PR?_COMMAND?LCD_DRIVER_SPLC780D                 -----    -----      -----    -----
  +--> ?PR?_WAIT_MS?LCD_DRIVER_SPLC780D

?PR?SI1120_CONFIG_MODE_VIRH?SI1120               -----    -----      -----    -----
  +--> ?PR?_WAIT_MS?LCD_DRIVER_SPLC780D

?PR?_SPI_WRITETIME?PCF85063BTL                   -----    -----      -----    -----
  +--> ?PR?_SPI_SENDBYTE?PCF85063BTL

BL51 BANKED LINKER/LOCATER V6.22                                                      05/28/2019  15:36:09  PAGE 6


?PR?_SPI_SENDBYTE?PCF85063BTL                    -----    -----      -----    -----
  +--> ?PR?_PCF85063BTL_DELAY?PCF85063BTL

?PR?_DISPLAY_LINE?LCD_DRIVER_SPLC780D            -----    -----      -----    -----
  +--> ?PR?_COMMAND?LCD_DRIVER_SPLC780D

?PR?_WRITEDATA?LCD_DRIVER_SPLC780D               -----    -----      04DEH    0001H
  +--> ?PR?_WAIT_MS?LCD_DRIVER_SPLC780D

?PR?UART1_INITTCPCONN?UART1                      -----    -----      -----    -----
  +--> ?CO?UART1
  +--> ?PR?_SENDSTRING?UART1

?PR?_SENDSTRING?UART1                            -----    -----      03F4H    0003H
  +--> ?PR?_SENDUART1?MAIN

?PR?KEY_PROCESS?KEYPAD                           -----    -----      03F4H    0006H
  +--> ?PR?KEY_SCAN?KEYPAD
  +--> ?PR?_SPI_WRITETIME?PCF85063BTL
  +--> ?PR?LCD_CLEAR?LCD_DRIVER_SPLC780D
  +--> ?PR?_COMMAND?LCD_DRIVER_SPLC780D
  +--> ?PR?_WRITEDATA?LCD_DRIVER_SPLC780D

?PR?KEY_SCAN?KEYPAD                              -----    -----      03FAH    0003H

?PR?LCD_CLEAR?LCD_DRIVER_SPLC780D                -----    -----      -----    -----
  +--> ?PR?_COMMAND?LCD_DRIVER_SPLC780D

?PR?_DISPLAY_POS?LCD_DRIVER_SPLC780D             -----    -----      04D3H    000BH
  +--> ?PR?_ABS?LCD_DRIVER_SPLC780D
  +--> ?PR?_WRITEDATA?LCD_DRIVER_SPLC780D

?PR?_DISPLAYLCD?LCD_DRIVER_SPLC780D              -----    -----      03F4H    0001H
  +--> ?PR?_WRITEDATA?LCD_DRIVER_SPLC780D

?PR?_STEP_MOVE?BIPOLARMOTOR                      0020H.2  0000H.1    04D7H    0004H
  +--> ?PR?VONESTEPMOVE?BIPOLARMOTOR

?PR?VONESTEPMOVE?BIPOLARMOTOR                    0020H.3  0000H.1    -----    -----
  +--> ?PR?_WRITE_PI4IOE5V96248?IOEXPANDER_P...
  +--> ?PR?_DELAY_MS?KEYPAD

?PR?_WRITE_PI4IOE5V96248?IOEXPANDER_P...         -----    -----      04DBH    0003H
  +--> ?PR?I2C_START?IOEXPANDER_PI4IOE5V96248
  +--> ?PR?_WAIT_MS_I2C?IOEXPANDER_PI4IOE5V9...
  +--> ?PR?_I2C_SENDBYTE?IOEXPANDER_PI4IOE5V...
  +--> ?PR?I2C_ACK?IOEXPANDER_PI4IOE5V96248
  +--> ?PR?I2C_STOP?IOEXPANDER_PI4IOE5V96248

?PR?I2C_START?IOEXPANDER_PI4IOE5V96248           -----    -----      -----    -----
  +--> ?PR?_WAIT_MS_I2C?IOEXPANDER_PI4IOE5V9...

?PR?_I2C_SENDBYTE?IOEXPANDER_PI4IOE5V...         -----    -----      -----    -----
  +--> ?PR?_WAIT_MS_I2C?IOEXPANDER_PI4IOE5V9...

?PR?I2C_ACK?IOEXPANDER_PI4IOE5V96248             -----    -----      04DEH    0001H
  +--> ?PR?_WAIT_MS_I2C?IOEXPANDER_PI4IOE5V9...
BL51 BANKED LINKER/LOCATER V6.22                                                      05/28/2019  15:36:09  PAGE 7



?PR?I2C_STOP?IOEXPANDER_PI4IOE5V96248            -----    -----      -----    -----
  +--> ?PR?_WAIT_MS_I2C?IOEXPANDER_PI4IOE5V9...

?PR?LCD_RETURN_HOME?LCD_DRIVER_SPLC780D          -----    -----      -----    -----
  +--> ?PR?_COMMAND?LCD_DRIVER_SPLC780D

?PR?_READ_TIME?PCF85063BTL                       -----    -----      03F4H    000FH
  +--> ?PR?_SPI_READTIME?PCF85063BTL

?PR?_SPI_READTIME?PCF85063BTL                    -----    -----      -----    -----
  +--> ?PR?_SPI_SENDBYTE?PCF85063BTL
  +--> ?PR?SPI_RECEIVEBYTE?PCF85063BTL

?PR?SPI_RECEIVEBYTE?PCF85063BTL                  -----    -----      -----    -----
  +--> ?PR?_PCF85063BTL_DELAY?PCF85063BTL

?PR?_ELEVATION_CALCULATION?BIPOLARMOTOR          -----    -----      03F4H    0005H
  +--> ?PR?_BCDTODEC1?BIPOLARMOTOR
  +--> ?PR?SUNPOS?SUNPOS
  +--> ?PR?SIN?SIN
  +--> ?PR?ASIN?ASIN

?PR?SUNPOS?SUNPOS                                -----    -----      043EH    005DH
  +--> ?PR?SIN?SIN
  +--> ?PR?_ATAN2?ATAN2
  +--> ?PR?ASIN?ASIN
  +--> ?PR?ACOS?ACOS

?PR?SIN?SIN                                      0020H.1  0000H.1    049BH    0004H

?PR?_ATAN2?ATAN2                                 -----    -----      049BH    0008H
  +--> ?PR?ATAN?ATAN

?PR?ATAN?ATAN                                    0020H.1  0000H.2    04A3H    0004H

?PR?ASIN?ASIN                                    -----    -----      -----    -----
  +--> ?PR?SQRT?SQRT
  +--> ?PR?ATAN?ATAN

?PR?SQRT?SQRT                                    -----    -----      049BH    0004H

?PR?ACOS?ACOS                                    -----    -----      -----    -----
  +--> ?PR?SQRT?SQRT
  +--> ?PR?ATAN?ATAN

?PR?_CALIBRATION?CALIBRATION                     -----    -----      03F4H    0024H
  +--> ?PR?VOLTAGE_IS_STABLE?CALIBRATION
  +--> ?PR?_UPDATE_POSITION?BIPOLARMOTOR
  +--> ?PR?_FIND_REAL_MAX?CALIBRATION

?PR?VOLTAGE_IS_STABLE?CALIBRATION                -----    -----      0418H    0018H
  +--> ?PR?_ADC_GETRESULT?ADC
  +--> ?PR?_ABS?LCD_DRIVER_SPLC780D

?PR?_UPDATE_POSITION?BIPOLARMOTOR                -----    -----      0418H    0026H
  +--> ?PR?_BCDTODEC1?BIPOLARMOTOR
BL51 BANKED LINKER/LOCATER V6.22                                                      05/28/2019  15:36:09  PAGE 8


  +--> ?PR?SUNPOS?SUNPOS
  +--> ?PR?SIN?SIN
  +--> ?PR?ASIN?ASIN
  +--> ?PR?_THEORICALJP_POSITION?BIPOLARMOTOR
  +--> ?PR?_ABS?LCD_DRIVER_SPLC780D
  +--> ?PR?_MOVE?BIPOLARMOTOR

?PR?_THEORICALJP_POSITION?BIPOLARMOTOR           -----    -----      043EH    005CH
  +--> ?PR?LINEAR_INTERPOLATE?BIPOLARMOTOR

?PR?LINEAR_INTERPOLATE?BIPOLARMOTOR              -----    -----      049AH    0014H

?PR?_MOVE?BIPOLARMOTOR                           0020H.1  0000H.1    04D3H    0004H
  +--> ?PR?_STEP_MOVE?BIPOLARMOTOR

?PR?_FIND_REAL_MAX?CALIBRATION                   -----    -----      0418H    00BBH
  +--> ?PR?_ADC_GETRESULT?ADC
  +--> ?PR?_WAIT_MS?LCD_DRIVER_SPLC780D
  +--> ?PR?AT25SF041_WRITEENABLE?AT25SF041
  +--> ?PR?_AT25SF041_WRITE?AT25SF041
  +--> ?PR?_WAIT_MS_SPINOR?AT25SF041
  +--> ?PR?_COMMAND?LCD_DRIVER_SPLC780D
  +--> ?PR?_WRITEDATA?LCD_DRIVER_SPLC780D
  +--> ?PR?_DISPLAY_POS?LCD_DRIVER_SPLC780D
  +--> ?PR?_MOVE?BIPOLARMOTOR
  +--> ?PR?_MAX_VALUE?CALIBRATION

?PR?AT25SF041_WRITEENABLE?AT25SF041              -----    -----      04D3H    0002H
  +--> ?PR?_WAIT_MS_SPINOR?AT25SF041
  +--> ?PR?UCREAD_STATUS_REGISTER_BYTE1?AT25...

?PR?UCREAD_STATUS_REGISTER_BYTE1?AT25...         -----    -----      04DBH    0003H
  +--> ?PR?_WAIT_MS_SPINOR?AT25SF041

?PR?_AT25SF041_WRITE?AT25SF041                   -----    -----      04D3H    0008H
  +--> ?PR?_WAIT_MS_SPINOR?AT25SF041
  +--> ?PR?UCREAD_STATUS_REGISTER_BYTE1?AT25...

?PR?_MAX_VALUE?CALIBRATION                       -----    -----      04D3H    0004H

?PR?SPI_NOR_WRITE_DATA?AT25SF041                 -----    -----      03F4H    000EH
  +--> ?PR?AT25SF041_WRITEENABLE?AT25SF041
  +--> ?PR?_AT25SF041_WRITE?AT25SF041
  +--> ?PR?_WAIT_MS_SPINOR?AT25SF041

?PR?AT25SF041_CHIPERASE?AT25SF041                -----    -----      03F4H    0002H
  +--> ?PR?_WAIT_MS_SPINOR?AT25SF041
  +--> ?PR?UCREAD_STATUS_REGISTER_BYTE1?AT25...



SYMBOL TABLE OF MODULE:  .\Obj\GPIO_RTC_Test (MAIN)

  VALUE           TYPE          NAME
  ----------------------------------

  -------         MODULE        MAIN
BL51 BANKED LINKER/LOCATER V6.22                                                      05/28/2019  15:36:09  PAGE 9


  C:0000H         SYMBOL        _ICE_DUMMY_
  X:04E7H         PUBLIC        calib_value
  D:0080H         PUBLIC        P0
  D:00B2H         PUBLIC        P3M0
  D:0090H         PUBLIC        P1
  D:00B1H         PUBLIC        P3M1
  D:00A0H         PUBLIC        P2
  D:00B0H         PUBLIC        P3
  D:00C0H         PUBLIC        P4
  D:00C8H         PUBLIC        P5
  X:053BH         SYMBOL        PressedKey
  B:00A8H.7       PUBLIC        EA
  D:00E8H         PUBLIC        P6
  X:053FH         PUBLIC        calib_stamp
  D:00F8H         PUBLIC        P7
  X:0540H         PUBLIC        calib_bool
  X:056AH         PUBLIC        pwm_time_min
  D:00A8H         PUBLIC        IE
  X:056EH         PUBLIC        calib_time
  X:05C2H         PUBLIC        pwm_time_max
  D:00B8H         PUBLIC        IP
  B:0098H.0       PUBLIC        RI
  B:00B0H.2       PUBLIC        INT0
  X:05C6H         PUBLIC        months
  B:0098H.1       PUBLIC        TI
  C:000EH         PUBLIC        Uart
  D:00D8H         PUBLIC        CCON
  C:0026H         PUBLIC        main
  X:05C7H         PUBLIC        count
  D:0099H         PUBLIC        SBUF
  X:05C9H         PUBLIC        days
  X:05CAH         PUBLIC        hours
  D:0098H         PUBLIC        SCON
  D:0089H         PUBLIC        TMOD
  D:0088H         PUBLIC        TCON
  B:00A0H.3       PUBLIC        P23
  X:05CBH         SYMBOL        KeyCount
  X:05CDH         PUBLIC        mins
  B:00C8H.5       PUBLIC        P55
  D:008EH         PUBLIC        AUXR
  C:54ABH         PUBLIC        tm0_isr
  B:0090H.5       PUBLIC        SI1120_STX
  C:56D6H         PUBLIC        tm1_isr
  B:0020H.4       PUBLIC        busy
  D:00E0H         PUBLIC        ACC
  B:00A8H.1       PUBLIC        ET0
  B:00A8H.3       PUBLIC        ET1
  X:05CEH         PUBLIC        SPI_NOR_INTERNAL_FLASH_ADDR
  D:008CH         PUBLIC        TH0
  D:008DH         PUBLIC        TH1
  D:008AH         PUBLIC        TL0
  D:008BH         PUBLIC        TL1
  B:0088H.4       PUBLIC        TR0
  B:0088H.6       PUBLIC        TR1
  C:46EDH         PUBLIC        exint0
  X:05D2H         SYMBOL        KeyNum
  X:05D3H         SYMBOL        KeyNum_Old
BL51 BANKED LINKER/LOCATER V6.22                                                      05/28/2019  15:36:09  PAGE 10


  X:05D4H         PUBLIC        timer0_count
  X:05D6H         PUBLIC        current_position
  X:05DAH         PUBLIC        pwm_time
  X:05DEH         PUBLIC        start_timer0_count
  X:05DFH         PUBLIC        seconds
  D:00D0H         PUBLIC        PSW
  C:56DFH         PUBLIC        _SendUART1
  -------         PROC          TM0_ISR
  C:54ABH         LINE#         98
  C:54B1H         LINE#         102
  C:54B4H         LINE#         103
  C:54B7H         LINE#         104
  C:54C5H         LINE#         105
  -------         ENDPROC       TM0_ISR
  -------         PROC          TM1_ISR
  C:56D6H         LINE#         106
  C:56D6H         LINE#         108
  C:56D8H         LINE#         110
  C:56DBH         LINE#         111
  C:56DEH         LINE#         112
  -------         ENDPROC       TM1_ISR
  -------         PROC          EXINT0
  C:46EDH         LINE#         113
  C:470AH         LINE#         117
  C:470DH         LINE#         118
  C:470DH         LINE#         119
  C:4710H         LINE#         120
  C:4713H         LINE#         121
  C:4715H         LINE#         122
  C:4717H         LINE#         126
  C:471AH         LINE#         129
  C:471AH         LINE#         130
  C:471CH         LINE#         132
  C:4728H         LINE#         133
  C:4781H         LINE#         134
  C:47BFH         LINE#         135
  C:47C6H         LINE#         140
  C:47C6H         LINE#         142
  -------         ENDPROC       EXINT0
  -------         PROC          MAIN
  -------         DO            
  X:04DFH         SYMBOL        KeyCount
  X:04E1H         SYMBOL        KeyNum_Old
  X:04E2H         SYMBOL        KeyNum
  X:04E3H         SYMBOL        PressedKey
  X:03CAH         SYMBOL        prox_flag
  X:03CBH         SYMBOL        iUse_prevday_calib_value
  X:03CDH         SYMBOL        max_ADC_Val_JP
  X:03CFH         SYMBOL        max_ADC_Val
  X:03D1H         SYMBOL        calib_point1
  X:03D9H         SYMBOL        calib_point2
  X:03E1H         SYMBOL        dat_to_store
  X:03ECH         SYMBOL        calib_day
  X:03EEH         SYMBOL        calib_count
  X:03F0H         SYMBOL        theorical_JP_max_pos
  D:0004H         SYMBOL        elevation
  -------         ENDDO         
BL51 BANKED LINKER/LOCATER V6.22                                                      05/28/2019  15:36:09  PAGE 11


  C:0026H         LINE#         144
  C:0026H         LINE#         145
  C:0026H         LINE#         150
  C:002CH         LINE#         151
  C:0031H         LINE#         153
  C:0039H         LINE#         157
  C:003FH         LINE#         158
  C:0049H         LINE#         165
  C:0051H         LINE#         166
  C:0058H         LINE#         167
  C:005EH         LINE#         169
  C:0064H         LINE#         178
  C:0066H         LINE#         179
  C:0069H         LINE#         180
  C:006CH         LINE#         181
  C:006FH         LINE#         182
  C:0072H         LINE#         183
  C:0075H         LINE#         184
  C:0078H         LINE#         186
  C:007BH         LINE#         189
  C:007EH         LINE#         190
  C:0081H         LINE#         192
  C:0084H         LINE#         194
  C:0087H         LINE#         195
  C:008AH         LINE#         196
  C:008DH         LINE#         197
  C:008FH         LINE#         198
  C:0091H         LINE#         199
  C:0094H         LINE#         200
  C:0096H         LINE#         201
  C:0098H         LINE#         203
  C:009AH         LINE#         204
  C:00A1H         LINE#         205
  C:00A8H         LINE#         206
  C:00AFH         LINE#         207
  C:00B6H         LINE#         211
  C:00BDH         LINE#         212
  C:00C2H         LINE#         213
  C:00C7H         LINE#         214
  C:00CCH         LINE#         215
  C:00D1H         LINE#         216
  C:00D6H         LINE#         219
  C:00EFH         LINE#         220
  C:00EFH         LINE#         221
  C:010BH         LINE#         222
  C:0152H         LINE#         223
  C:0163H         LINE#         224
  C:016AH         LINE#         227
  C:016DH         LINE#         228
  C:0176H         LINE#         229
  C:0176H         LINE#         230
  C:0176H         LINE#         231
  C:0179H         LINE#         234
  C:017EH         LINE#         237
  C:017EH         LINE#         241
  C:0183H         LINE#         242
  C:0188H         LINE#         244
BL51 BANKED LINKER/LOCATER V6.22                                                      05/28/2019  15:36:09  PAGE 12


  C:018DH         LINE#         246
  C:0192H         LINE#         247
  C:0197H         LINE#         249
  C:01A8H         LINE#         252
  C:01ADH         LINE#         253
  C:01B2H         LINE#         255
  C:01B9H         LINE#         256
  C:01C1H         LINE#         257
  C:01C6H         LINE#         258
  C:01CEH         LINE#         259
  C:01D3H         LINE#         260
  C:01DDH         LINE#         261
  C:01E2H         LINE#         262
  C:01EAH         LINE#         264
  C:01F2H         LINE#         265
  C:01F7H         LINE#         266
  C:0201H         LINE#         267
  C:0201H         LINE#         268
  C:0203H         LINE#         269
  C:0205H         LINE#         270
  C:020FH         LINE#         271
  C:020FH         LINE#         272
  C:0214H         LINE#         273
  C:0214H         LINE#         285
  C:0228H         LINE#         286
  C:0228H         LINE#         287
  C:023DH         LINE#         288
  C:024CH         LINE#         289
  C:024CH         LINE#         290
  C:025FH         LINE#         291
  C:0261H         LINE#         293
  C:0261H         LINE#         294
  C:027DH         LINE#         295
  C:027DH         LINE#         296
  C:0282H         LINE#         297
  C:0282H         LINE#         298
  C:0296H         LINE#         299
  C:0296H         LINE#         302
  C:02ABH         LINE#         303
  C:02BAH         LINE#         304
  C:02BAH         LINE#         305
  C:02CDH         LINE#         306
  C:02CFH         LINE#         308
  C:02CFH         LINE#         309
  C:02EBH         LINE#         310
  C:02EBH         LINE#         311
  C:02F0H         LINE#         312
  C:02F6H         LINE#         313
  C:02F6H         LINE#         315
  C:0318H         LINE#         316
  C:0318H         LINE#         317
  C:0322H         LINE#         318
  C:0328H         LINE#         319
  C:032FH         LINE#         320
  C:0335H         LINE#         321
  C:033CH         LINE#         322
  C:033CH         LINE#         323
BL51 BANKED LINKER/LOCATER V6.22                                                      05/28/2019  15:36:09  PAGE 13


  C:033FH         LINE#         325
  C:033FH         LINE#         330
  C:037AH         LINE#         334
  C:0387H         LINE#         335
  C:0387H         LINE#         339
  C:0387H         LINE#         340
  C:03AFH         LINE#         341
  C:03AFH         LINE#         342
  C:03D1H         LINE#         343
  C:03D1H         LINE#         345
  C:03F1H         LINE#         349
  C:0420H         LINE#         357
  C:0420H         LINE#         358
  C:049CH         LINE#         359
  C:04B5H         LINE#         360
  C:053FH         LINE#         362
  C:0570H         LINE#         363
  C:0570H         LINE#         365
  C:05A6H         LINE#         366
  C:05C9H         LINE#         367
  C:05DEH         LINE#         370
  C:05DEH         LINE#         371
  C:05E1H         LINE#         373
  C:05E1H         LINE#         375
  C:05E8H         LINE#         376
  C:05E8H         LINE#         377
  C:05EBH         LINE#         378
  C:0609H         LINE#         379
  C:0610H         LINE#         380
  C:062FH         LINE#         381
  C:064EH         LINE#         383
  C:06CAH         LINE#         384
  C:06E2H         LINE#         387
  C:073AH         LINE#         388
  C:0775H         LINE#         389
  C:0782H         LINE#         390
  C:0791H         LINE#         391
  C:0791H         LINE#         393
  C:0799H         LINE#         394
  C:07A1H         LINE#         395
  C:07A9H         LINE#         396
  C:07B1H         LINE#         398
  C:07C5H         LINE#         399
  C:07DBH         LINE#         400
  C:080BH         LINE#         401
  C:082BH         LINE#         403
  C:083FH         LINE#         404
  C:0855H         LINE#         405
  C:0885H         LINE#         406
  C:088CH         LINE#         408
  C:08B0H         LINE#         411
  C:08B2H         LINE#         413
  C:08C0H         LINE#         414
  C:08C0H         LINE#         415
  C:08C8H         LINE#         417
  C:08C8H         LINE#         420
  C:08C8H         LINE#         421
BL51 BANKED LINKER/LOCATER V6.22                                                      05/28/2019  15:36:09  PAGE 14


  C:08D5H         LINE#         422
  C:08D5H         LINE#         423
  C:08F7H         LINE#         424
  C:08F7H         LINE#         425
  C:0973H         LINE#         426
  C:09C8H         LINE#         427
  C:09C8H         LINE#         429
  C:09CBH         LINE#         433
  C:09CBH         LINE#         436
  C:09EDH         LINE#         437
  C:09EDH         LINE#         438
  C:0A69H         LINE#         440
  C:0A96H         LINE#         441
  C:0AB1H         LINE#         442
  C:0ADEH         LINE#         443
  C:0B11H         LINE#         444
  C:0B11H         LINE#         445
  C:0B3BH         LINE#         446
  C:0BD4H         LINE#         447
  C:0BD6H         LINE#         449
  C:0BD6H         LINE#         450
  C:0C39H         LINE#         451
  C:0C39H         LINE#         455
  C:0C39H         LINE#         457
  C:0C39H         LINE#         458
  C:0C39H         LINE#         460
  C:0C39H         LINE#         463
  C:0C55H         LINE#         464
  C:0C59H         LINE#         466
  C:0C5BH         LINE#         469
  C:0C6AH         LINE#         470
  C:0C6AH         LINE#         471
  C:0C6DH         LINE#         472
  C:0C74H         LINE#         473
  C:0C79H         LINE#         474
  C:0C7EH         LINE#         475
  C:0C83H         LINE#         476
  C:0C88H         LINE#         477
  C:0C8DH         LINE#         487
  C:0C90H         LINE#         489
  C:0C93H         LINE#         490
  C:0C9AH         LINE#         491
  C:0CA4H         LINE#         492
  C:0CABH         LINE#         494
  C:0CAEH         LINE#         503
  C:0CAEH         LINE#         504
  -------         ENDPROC       MAIN
  -------         PROC          UART
  C:000EH         LINE#         518
  C:000EH         LINE#         520
  C:0011H         LINE#         521
  C:0011H         LINE#         522
  C:0013H         LINE#         524
  C:0013H         LINE#         525
  C:0016H         LINE#         526
  C:0016H         LINE#         527
  C:0018H         LINE#         528
BL51 BANKED LINKER/LOCATER V6.22                                                      05/28/2019  15:36:09  PAGE 15


  C:001AH         LINE#         529
  C:001AH         LINE#         530
  -------         ENDPROC       UART
  -------         PROC          _SENDUART1
  D:0007H         SYMBOL        dat
  C:56DFH         LINE#         532
  C:56DFH         LINE#         533
  C:56DFH         LINE#         534
  C:56E2H         LINE#         535
  C:56E4H         LINE#         536
  C:56E5H         LINE#         537
  C:56E7H         LINE#         538
  -------         ENDPROC       _SENDUART1
  -------         ENDMOD        MAIN

  -------         MODULE        PCF85063BTL
  C:0000H         SYMBOL        _ICE_DUMMY_
  D:0096H         PUBLIC        P2M0
  D:0080H         PUBLIC        P0
  D:0095H         PUBLIC        P2M1
  D:0090H         PUBLIC        P1
  D:00A0H         PUBLIC        P2
  D:00B0H         PUBLIC        P3
  D:00C0H         PUBLIC        P4
  D:00C8H         PUBLIC        P5
  D:00E8H         PUBLIC        P6
  B:00A0H.1       PUBLIC        PCF85063BTL_SDI
  D:00F8H         PUBLIC        P7
  B:00A0H.2       PUBLIC        PCF85063BTL_SCK
  B:00A0H.1       PUBLIC        PCF85063BTL_SDO
  D:00A8H         PUBLIC        IE
  C:5006H         PUBLIC        _Read_time
  C:5606H         PUBLIC        _PCF85063BTL_Delay
  D:00B8H         PUBLIC        IP
  D:00D8H         PUBLIC        CCON
  C:4E93H         PUBLIC        _Day_Of_Year
  C:54ECH         PUBLIC        SPI_ReceiveByte
  D:0098H         PUBLIC        SCON
  D:0088H         PUBLIC        TCON
  C:564DH         PUBLIC        _BCDtoDec
  B:00A0H.0       PUBLIC        PCF85063BTL_CS
  C:563CH         PUBLIC        _SPI_ReadTime
  C:569CH         PUBLIC        SPI_Init
  C:557CH         PUBLIC        _SPI_WriteTime
  C:54CCH         PUBLIC        _SPI_SendByte
  D:00D0H         PUBLIC        PSW
  C:5602H         SYMBOL        L?0048
  -------         PROC          L?0047
  -------         ENDPROC       L?0047
  C:5602H         SYMBOL        L?0048
  -------         PROC          _PCF85063BTL_DELAY
  D:0006H         SYMBOL        us
  C:5606H         LINE#         8
  C:5606H         LINE#         9
  C:5606H         LINE#         10
  C:5610H         LINE#         11
  C:5610H         LINE#         12
BL51 BANKED LINKER/LOCATER V6.22                                                      05/28/2019  15:36:09  PAGE 16


  C:5611H         LINE#         13
  C:5613H         LINE#         14
  -------         ENDPROC       _PCF85063BTL_DELAY
  -------         PROC          _SPI_SENDBYTE
  D:0005H         SYMBOL        dat
  -------         DO            
  D:0003H         SYMBOL        i
  -------         ENDDO         
  C:54CCH         LINE#         17
  C:54CEH         LINE#         18
  C:54CEH         LINE#         20
  C:54D0H         LINE#         21
  C:54D0H         LINE#         22
  C:54D2H         LINE#         23
  C:54D6H         LINE#         24
  C:54D6H         LINE#         25
  C:54D8H         LINE#         26
  C:54DAH         LINE#         28
  C:54DAH         LINE#         29
  C:54DCH         LINE#         30
  C:54DCH         LINE#         31
  C:54DFH         LINE#         32
  C:54DFH         LINE#         33
  C:54E2H         LINE#         34
  C:54E6H         LINE#         35
  C:54EBH         LINE#         36
  -------         ENDPROC       _SPI_SENDBYTE
  -------         PROC          SPI_RECEIVEBYTE
  -------         DO            
  D:0003H         SYMBOL        i
  D:0005H         SYMBOL        dat
  -------         ENDDO         
  C:54ECH         LINE#         39
  C:54ECH         LINE#         40
  C:54ECH         LINE#         42
  C:54EEH         LINE#         44
  C:54F0H         LINE#         45
  C:54F1H         LINE#         46
  C:54F1H         LINE#         47
  C:54F5H         LINE#         48
  C:54F7H         LINE#         49
  C:54FAH         LINE#         51
  C:54FDH         LINE#         52
  C:54FDH         LINE#         53
  C:5501H         LINE#         54
  C:5501H         LINE#         55
  C:5501H         LINE#         56
  C:5504H         LINE#         57
  C:5509H         LINE#         58
  C:550BH         LINE#         59
  -------         ENDPROC       SPI_RECEIVEBYTE
  -------         PROC          _SPI_READTIME
  D:0007H         SYMBOL        addr
  -------         DO            
  D:0006H         SYMBOL        dat
  -------         ENDDO         
  C:563CH         LINE#         61
BL51 BANKED LINKER/LOCATER V6.22                                                      05/28/2019  15:36:09  PAGE 17


  C:563CH         LINE#         62
  C:563CH         LINE#         64
  C:563EH         LINE#         65
  C:5640H         LINE#         66
  C:5647H         LINE#         67
  C:564AH         LINE#         68
  C:564CH         LINE#         69
  C:564CH         LINE#         70
  -------         ENDPROC       _SPI_READTIME
  -------         PROC          _SPI_WRITETIME
  D:0002H         SYMBOL        val
  D:0005H         SYMBOL        addr
  C:557CH         LINE#         71
  C:557EH         LINE#         72
  C:557EH         LINE#         74
  C:5580H         LINE#         75
  C:5587H         LINE#         76
  C:558CH         LINE#         77
  C:5591H         LINE#         78
  C:5593H         LINE#         79
  -------         ENDPROC       _SPI_WRITETIME
  -------         PROC          SPI_INIT
  C:569CH         LINE#         83
  C:569CH         LINE#         84
  C:569CH         LINE#         89
  C:569FH         LINE#         90
  C:56A2H         LINE#         91
  C:56A4H         LINE#         92
  C:56A6H         LINE#         93
  C:56A8H         LINE#         94
  -------         ENDPROC       SPI_INIT
  -------         PROC          _READ_TIME
  X:03F4H         SYMBOL        months
  X:03F7H         SYMBOL        days
  X:03FAH         SYMBOL        hours
  X:03FDH         SYMBOL        mins
  X:0400H         SYMBOL        seconds
  C:5006H         LINE#         96
  C:5011H         LINE#         97
  C:5011H         LINE#         99
  C:5025H         LINE#         101
  C:5039H         LINE#         103
  C:504DH         LINE#         108
  C:5061H         LINE#         113
  -------         ENDPROC       _READ_TIME
  -------         PROC          _BCDTODEC
  D:0007H         SYMBOL        bcd
  -------         DO            
  D:0006H         SYMBOL        hi
  D:0007H         SYMBOL        lo
  -------         ENDDO         
  C:564DH         LINE#         119
  C:564DH         LINE#         120
  C:564DH         LINE#         122
  C:5652H         LINE#         123
  C:5656H         LINE#         124
  C:565DH         LINE#         125
BL51 BANKED LINKER/LOCATER V6.22                                                      05/28/2019  15:36:09  PAGE 18


  -------         ENDPROC       _BCDTODEC
  -------         PROC          _DAY_OF_YEAR
  D:0007H         SYMBOL        months_bcd
  D:0005H         SYMBOL        days_bcd
  -------         DO            
  D:0004H         SYMBOL        months
  D:0007H         SYMBOL        days
  -------         ENDDO         
  C:4E93H         LINE#         126
  C:4E93H         LINE#         127
  C:4E93H         LINE#         130
  C:4E98H         LINE#         132
  C:4E9DH         LINE#         134
  C:4ED6H         LINE#         135
  C:4ED6H         LINE#         136
  C:4ED6H         LINE#         137
  C:4ED9H         LINE#         138
  C:4ED9H         LINE#         139
  C:4ED9H         LINE#         140
  C:4EDEH         LINE#         141
  C:4EDEH         LINE#         142
  C:4EDEH         LINE#         143
  C:4EE3H         LINE#         144
  C:4EE3H         LINE#         145
  C:4EE3H         LINE#         146
  C:4EE8H         LINE#         147
  C:4EE8H         LINE#         148
  C:4EE8H         LINE#         149
  C:4EEDH         LINE#         150
  C:4EEDH         LINE#         151
  C:4EEDH         LINE#         152
  C:4EF2H         LINE#         153
  C:4EF2H         LINE#         154
  C:4EF2H         LINE#         155
  C:4EF7H         LINE#         156
  C:4EF7H         LINE#         157
  C:4EF7H         LINE#         158
  C:4EFCH         LINE#         159
  C:4EFCH         LINE#         160
  C:4EFCH         LINE#         161
  C:4F04H         LINE#         162
  C:4F04H         LINE#         163
  C:4F04H         LINE#         164
  C:4F09H         LINE#         165
  C:4F09H         LINE#         166
  C:4F09H         LINE#         167
  C:4F0EH         LINE#         168
  C:4F0EH         LINE#         169
  C:4F0EH         LINE#         170
  C:4F17H         LINE#         171
  C:4F17H         LINE#         172
  C:4F17H         LINE#         173
  C:4F1AH         LINE#         174
  C:4F1AH         LINE#         175
  -------         ENDPROC       _DAY_OF_YEAR
  -------         ENDMOD        PCF85063BTL

BL51 BANKED LINKER/LOCATER V6.22                                                      05/28/2019  15:36:09  PAGE 19


  -------         MODULE        LCD_DRIVER_SPLC780D
  C:0000H         SYMBOL        _ICE_DUMMY_
  D:0092H         PUBLIC        P1M0
  D:0091H         PUBLIC        P1M1
  D:0080H         PUBLIC        P0
  D:0090H         PUBLIC        P1
  D:00A0H         PUBLIC        P2
  D:00B0H         PUBLIC        P3
  D:00C0H         PUBLIC        P4
  D:00C8H         PUBLIC        P5
  D:00E8H         PUBLIC        P6
  D:00F8H         PUBLIC        P7
  C:4F1FH         PUBLIC        _WriteData
  D:00A8H         PUBLIC        IE
  D:00B8H         PUBLIC        IP
  D:00D8H         PUBLIC        CCON
  B:00B0H.4       PUBLIC        LCD_D4
  B:00B0H.5       PUBLIC        LCD_D5
  B:00B0H.6       PUBLIC        LCD_D6
  C:552AH         PUBLIC        _DisplayLCD
  B:00B0H.7       PUBLIC        LCD_D7
  D:0098H         PUBLIC        SCON
  D:0088H         PUBLIC        TCON
  C:5614H         PUBLIC        _abs
  C:56CCH         PUBLIC        LCD_clear
  C:5200H         PUBLIC        _Command
  C:55C1H         PUBLIC        _Display_Line
  C:50CFH         PUBLIC        LCD_Init
  C:548DH         PUBLIC        _Wait_ms
  B:00C0H.0       PUBLIC        LCD_RS
  B:0090H.3       PUBLIC        LCD_RW
  C:56C2H         PUBLIC        LCD_return_home
  C:413BH         PUBLIC        _Display_Pos
  B:00B0H.3       PUBLIC        LCD_E
  D:00D0H         PUBLIC        PSW
  -------         PROC          LCD_INIT
  C:50CFH         LINE#         9
  C:50CFH         LINE#         10
  C:50CFH         LINE#         11
  C:50D2H         LINE#         12
  C:50D5H         LINE#         14
  C:50DBH         LINE#         15
  C:50E0H         LINE#         17
  C:50E7H         LINE#         18
  C:50ECH         LINE#         20
  C:50EFH         LINE#         21
  C:50F4H         LINE#         23
  C:50F7H         LINE#         24
  C:50FCH         LINE#         26
  C:5103H         LINE#         29
  C:5108H         LINE#         30
  C:510DH         LINE#         32
  C:5112H         LINE#         33
  C:5117H         LINE#         35
  C:511CH         LINE#         36
  C:5121H         LINE#         37
  -------         ENDPROC       LCD_INIT
BL51 BANKED LINKER/LOCATER V6.22                                                      05/28/2019  15:36:09  PAGE 20


  C:4F1BH         SYMBOL        L?0038
  -------         PROC          L?0037
  -------         ENDPROC       L?0037
  C:4F1BH         SYMBOL        L?0038
  -------         PROC          _WRITEDATA
  X:04DEH         SYMBOL        dat
  C:4F1FH         LINE#         40
  C:4F24H         LINE#         41
  C:4F24H         LINE#         46
  C:4F26H         LINE#         47
  C:4F28H         LINE#         49
  C:4F36H         LINE#         50
  C:4F42H         LINE#         51
  C:4F4EH         LINE#         52
  C:4F58H         LINE#         53
  C:4F5AH         LINE#         54
  C:4F61H         LINE#         55
  C:4F63H         LINE#         57
  C:4F73H         LINE#         58
  C:4F7EH         LINE#         59
  C:4F88H         LINE#         60
  C:4F8CH         LINE#         62
  C:4F8CH         LINE#         63
  C:4F8FH         LINE#         64
  C:4F91H         LINE#         65
  C:4F93H         LINE#         67
  -------         ENDPROC       _WRITEDATA
  -------         PROC          _COMMAND
  D:0007H         SYMBOL        dat
  C:5200H         LINE#         69
  C:5200H         LINE#         70
  C:5200H         LINE#         71
  C:5202H         LINE#         72
  C:5204H         LINE#         74
  C:520EH         LINE#         75
  C:5212H         LINE#         77
  C:5214H         LINE#         78
  C:521DH         LINE#         79
  C:5221H         LINE#         81
  C:5223H         LINE#         82
  C:522AH         LINE#         83
  C:522EH         LINE#         85
  C:5230H         LINE#         86
  C:5234H         LINE#         87
  C:5238H         LINE#         89
  C:523AH         LINE#         90
  C:523AH         LINE#         91
  C:523DH         LINE#         92
  C:523FH         LINE#         93
  -------         ENDPROC       _COMMAND
  C:5489H         SYMBOL        L?0040
  -------         PROC          L?0039
  -------         ENDPROC       L?0039
  C:5489H         SYMBOL        L?0040
  -------         PROC          _WAIT_MS
  D:0006H         SYMBOL        ms
  -------         DO            
BL51 BANKED LINKER/LOCATER V6.22                                                      05/28/2019  15:36:09  PAGE 21


  D:0004H         SYMBOL        De_Cnt
  -------         ENDDO         
  C:548DH         LINE#         95
  C:548DH         LINE#         96
  C:548DH         LINE#         98
  C:5497H         LINE#         99
  C:5497H         LINE#         100
  C:54AAH         LINE#         101
  C:54AAH         LINE#         102
  -------         ENDPROC       _WAIT_MS
  -------         PROC          _DISPLAYLCD
  D:0007H         SYMBOL        BCD
  -------         DO            
  D:0006H         SYMBOL        first_digit
  X:03F4H         SYMBOL        second_digit
  -------         ENDDO         
  C:552AH         LINE#         103
  C:552AH         LINE#         104
  C:552AH         LINE#         106
  C:5531H         LINE#         107
  C:553AH         LINE#         109
  C:553FH         LINE#         111
  -------         ENDPROC       _DISPLAYLCD
  -------         PROC          LCD_RETURN_HOME
  C:56C2H         LINE#         115
  C:56C2H         LINE#         116
  C:56C2H         LINE#         117
  C:56C7H         LINE#         118
  -------         ENDPROC       LCD_RETURN_HOME
  -------         PROC          LCD_CLEAR
  C:56CCH         LINE#         121
  C:56CCH         LINE#         122
  C:56CCH         LINE#         123
  C:56D1H         LINE#         124
  -------         ENDPROC       LCD_CLEAR
  -------         PROC          _DISPLAY_LINE
  D:0006H         SYMBOL        line
  C:55C1H         LINE#         128
  C:55C1H         LINE#         129
  C:55C1H         LINE#         130
  C:55C7H         LINE#         131
  C:55C7H         LINE#         132
  C:55C9H         LINE#         133
  C:55C9H         LINE#         134
  C:55CBH         LINE#         136
  C:55CBH         LINE#         137
  C:55D0H         LINE#         138
  C:55D5H         LINE#         139
  C:55D5H         LINE#         140
  -------         ENDPROC       _DISPLAY_LINE
  -------         PROC          _DISPLAY_POS
  X:04D3H         SYMBOL        sign_dat
  -------         DO            
  X:04D7H         SYMBOL        unit
  X:04D8H         SYMBOL        ten
  X:04D9H         SYMBOL        hundred
  X:04DAH         SYMBOL        thousand
BL51 BANKED LINKER/LOCATER V6.22                                                      05/28/2019  15:36:09  PAGE 22


  X:04DBH         SYMBOL        after_dot
  X:04DCH         SYMBOL        dat
  -------         ENDDO         
  C:413BH         LINE#         142
  C:4141H         LINE#         143
  C:4141H         LINE#         147
  C:415DH         LINE#         148
  C:4177H         LINE#         149
  C:419BH         LINE#         151
  C:41E5H         LINE#         153
  C:41FCH         LINE#         154
  C:420EH         LINE#         155
  C:4233H         LINE#         156
  C:424DH         LINE#         157
  C:4265H         LINE#         158
  C:4265H         LINE#         159
  C:4265H         LINE#         160
  C:4265H         LINE#         161
  C:4265H         LINE#         162
  C:4265H         LINE#         163
  C:4265H         LINE#         164
  C:4265H         LINE#         168
  C:4267H         LINE#         170
  C:4267H         LINE#         172
  C:426CH         LINE#         173
  C:4272H         LINE#         174
  C:4278H         LINE#         175
  C:427EH         LINE#         176
  C:4284H         LINE#         177
  C:4289H         LINE#         178
  C:428FH         LINE#         182
  C:428FH         LINE#         184
  -------         ENDPROC       _DISPLAY_POS
  -------         PROC          _ABS
  D:0006H         SYMBOL        dat
  C:5614H         LINE#         186
  C:5614H         LINE#         187
  C:5614H         LINE#         188
  C:561FH         LINE#         189
  C:5620H         LINE#         191
  C:5627H         LINE#         192
  -------         ENDPROC       _ABS
  -------         ENDMOD        LCD_DRIVER_SPLC780D

  -------         MODULE        KEYPAD
  C:0000H         SYMBOL        _ICE_DUMMY_
  D:0093H         PUBLIC        P0M1
  D:0080H         PUBLIC        P0
  D:0090H         PUBLIC        P1
  D:00A0H         PUBLIC        P2
  D:00B0H         PUBLIC        P3
  D:00C0H         PUBLIC        P4
  D:00C8H         PUBLIC        P5
  D:00E8H         PUBLIC        P6
  D:00F8H         PUBLIC        P7
  D:00A8H         PUBLIC        IE
  C:3B37H         PUBLIC        Key_Scan
BL51 BANKED LINKER/LOCATER V6.22                                                      05/28/2019  15:36:09  PAGE 23


  D:00B8H         PUBLIC        IP
  D:00D8H         PUBLIC        CCON
  C:56B6H         PUBLIC        KeyPad_IO_Init
  C:550CH         PUBLIC        _Delay_ms
  D:0098H         PUBLIC        SCON
  D:0088H         PUBLIC        TCON
  X:05EFH         PUBLIC        small_move
  X:05F1H         PUBLIC        move
  X:05F3H         PUBLIC        auto_mode
  X:05F5H         PUBLIC        direction
  X:05F7H         PUBLIC        SPI_NOR_ClearEnable
  C:3264H         PUBLIC        Key_Process
  D:00D0H         PUBLIC        PSW
  D:0094H         PUBLIC        P0M0
  -------         PROC          _DELAY_MS
  D:0006H         SYMBOL        ms
  -------         DO            
  D:0004H         SYMBOL        De_Cnt
  -------         ENDDO         
  C:550CH         LINE#         20
  C:550CH         LINE#         21
  C:550CH         LINE#         23
  C:5516H         LINE#         24
  C:5516H         LINE#         25
  C:5529H         LINE#         26
  C:5529H         LINE#         27
  -------         ENDPROC       _DELAY_MS
  -------         PROC          KEY_SCAN
  -------         DO            
  X:03FAH         SYMBOL        KeyTemp1
  X:03FBH         SYMBOL        KeyTemp2
  X:03FCH         SYMBOL        KeyValue
  -------         ENDDO         
  C:3B37H         LINE#         28
  C:3B37H         LINE#         29
  C:3B37H         LINE#         34
  C:3B3AH         LINE#         37
  C:3B3DH         LINE#         39
  C:3B45H         LINE#         40
  C:3B4CH         LINE#         41
  C:3B4CH         LINE#         43
  C:3B51H         LINE#         44
  C:3B58H         LINE#         45
  C:3B58H         LINE#         48
  C:3B5BH         LINE#         49
  C:3B5EH         LINE#         50
  C:3B63H         LINE#         51
  C:3B67H         LINE#         52
  C:3B67H         LINE#         53
  C:3B6FH         LINE#         54
  C:3B6FH         LINE#         55
  C:3B72H         LINE#         56
  C:3B7AH         LINE#         57
  C:3B7CH         LINE#         59
  C:3B90H         LINE#         60
  C:3B90H         LINE#         61
  C:3B90H         LINE#         62
BL51 BANKED LINKER/LOCATER V6.22                                                      05/28/2019  15:36:09  PAGE 24


  C:3B90H         LINE#         63
  C:3B96H         LINE#         65
  C:3B98H         LINE#         66
  C:3B98H         LINE#         67
  C:3B98H         LINE#         68
  C:3B9EH         LINE#         70
  C:3BA0H         LINE#         71
  C:3BA0H         LINE#         72
  C:3BA0H         LINE#         73
  C:3BA6H         LINE#         75
  C:3BA8H         LINE#         76
  C:3BA8H         LINE#         77
  C:3BA8H         LINE#         78
  C:3BAEH         LINE#         80
  C:3BAEH         LINE#         81
  C:3BAEH         LINE#         82
  C:3BAEH         LINE#         85
  C:3BB1H         LINE#         86
  C:3BB4H         LINE#         87
  C:3BBCH         LINE#         88
  C:3BC0H         LINE#         89
  C:3BC0H         LINE#         90
  C:3BC8H         LINE#         91
  C:3BC8H         LINE#         92
  C:3BCBH         LINE#         93
  C:3BD3H         LINE#         94
  C:3BD5H         LINE#         95
  C:3BE9H         LINE#         96
  C:3BE9H         LINE#         97
  C:3BE9H         LINE#         98
  C:3BE9H         LINE#         99
  C:3BEFH         LINE#         101
  C:3BF1H         LINE#         102
  C:3BF1H         LINE#         103
  C:3BF1H         LINE#         104
  C:3BF7H         LINE#         106
  C:3BF9H         LINE#         107
  C:3BF9H         LINE#         108
  C:3BF9H         LINE#         109
  C:3BFFH         LINE#         111
  C:3C01H         LINE#         112
  C:3C01H         LINE#         113
  C:3C01H         LINE#         114
  C:3C06H         LINE#         116
  C:3C06H         LINE#         117
  C:3C06H         LINE#         118
  C:3C06H         LINE#         121
  C:3C09H         LINE#         122
  C:3C0CH         LINE#         123
  C:3C14H         LINE#         124
  C:3C18H         LINE#         125
  C:3C18H         LINE#         126
  C:3C20H         LINE#         127
  C:3C20H         LINE#         128
  C:3C23H         LINE#         129
  C:3C2BH         LINE#         130
  C:3C2DH         LINE#         131
BL51 BANKED LINKER/LOCATER V6.22                                                      05/28/2019  15:36:09  PAGE 25


  C:3C41H         LINE#         132
  C:3C41H         LINE#         133
  C:3C41H         LINE#         134
  C:3C41H         LINE#         135
  C:3C47H         LINE#         137
  C:3C49H         LINE#         138
  C:3C49H         LINE#         139
  C:3C49H         LINE#         140
  C:3C4FH         LINE#         142
  C:3C51H         LINE#         143
  C:3C51H         LINE#         144
  C:3C51H         LINE#         145
  C:3C57H         LINE#         147
  C:3C59H         LINE#         148
  C:3C59H         LINE#         149
  C:3C59H         LINE#         150
  C:3C5FH         LINE#         152
  C:3C5FH         LINE#         153
  C:3C5FH         LINE#         154
  C:3C5FH         LINE#         158
  C:3C62H         LINE#         159
  C:3C65H         LINE#         160
  C:3C6DH         LINE#         161
  C:3C71H         LINE#         162
  C:3C71H         LINE#         163
  C:3C79H         LINE#         164
  C:3C79H         LINE#         165
  C:3C7CH         LINE#         166
  C:3C84H         LINE#         167
  C:3C86H         LINE#         168
  C:3C9AH         LINE#         169
  C:3C9AH         LINE#         170
  C:3C9AH         LINE#         171
  C:3C9AH         LINE#         172
  C:3CA0H         LINE#         174
  C:3CA2H         LINE#         175
  C:3CA2H         LINE#         176
  C:3CA2H         LINE#         177
  C:3CA8H         LINE#         179
  C:3CAAH         LINE#         180
  C:3CAAH         LINE#         181
  C:3CAAH         LINE#         182
  C:3CB0H         LINE#         184
  C:3CB2H         LINE#         185
  C:3CB2H         LINE#         186
  C:3CB2H         LINE#         187
  C:3CB8H         LINE#         189
  C:3CB8H         LINE#         190
  C:3CB8H         LINE#         191
  C:3CB8H         LINE#         193
  C:3CBEH         LINE#         194
  C:3CBEH         LINE#         196
  C:3CBEH         LINE#         197
  C:3CC1H         LINE#         198
  C:3CC1H         LINE#         199
  C:3CC1H         LINE#         201
  C:3CC1H         LINE#         202
BL51 BANKED LINKER/LOCATER V6.22                                                      05/28/2019  15:36:09  PAGE 26


  C:3CC3H         LINE#         203
  C:3CC3H         LINE#         204
  -------         ENDPROC       KEY_SCAN
  -------         PROC          KEY_PROCESS
  -------         DO            
  X:05E0H         SYMBOL        KeyCount
  X:05E1H         SYMBOL        KeyNum_Old
  X:05E3H         SYMBOL        KeyNum
  X:05E5H         SYMBOL        PressedKey
  X:03F4H         SYMBOL        d
  D:0002H         SYMBOL        hours
  D:0006H         SYMBOL        mins
  X:03F6H         SYMBOL        months
  X:03F8H         SYMBOL        days
  -------         ENDDO         
  C:3264H         LINE#         205
  C:3264H         LINE#         206
  C:3264H         LINE#         210
  C:3273H         LINE#         211
  C:3280H         LINE#         213
  C:3284H         LINE#         214
  C:3284H         LINE#         215
  C:328AH         LINE#         217
  C:328AH         LINE#         218
  C:32A1H         LINE#         219
  C:32A1H         LINE#         220
  C:32ABH         LINE#         221
  C:32B1H         LINE#         223
  C:32B7H         LINE#         225
  C:32B7H         LINE#         226
  C:32CEH         LINE#         227
  C:32CEH         LINE#         228
  C:32D3H         LINE#         230
  C:32D3H         LINE#         231
  C:32E3H         LINE#         232
  C:32E3H         LINE#         233
  C:32E9H         LINE#         235
  C:32E9H         LINE#         236
  C:32FBH         LINE#         237
  C:32FBH         LINE#         238
  C:3305H         LINE#         239
  C:330DH         LINE#         241
  C:3316H         LINE#         243
  C:3316H         LINE#         252
  C:3335H         LINE#         253
  C:3335H         LINE#         254
  C:3354H         LINE#         255
  C:335AH         LINE#         256
  C:3362H         LINE#         257
  C:3362H         LINE#         259
  C:3363H         LINE#         265
  C:336FH         LINE#         266
  C:336FH         LINE#         267
  C:338CH         LINE#         268
  C:33A3H         LINE#         269
  C:33BAH         LINE#         270
  C:33BAH         LINE#         271
BL51 BANKED LINKER/LOCATER V6.22                                                      05/28/2019  15:36:09  PAGE 27


  C:33CDH         LINE#         272
  C:33E0H         LINE#         273
  C:33E0H         LINE#         274
  C:33E0H         LINE#         275
  C:33E3H         LINE#         280
  C:33F2H         LINE#         281
  C:33F2H         LINE#         282
  C:3415H         LINE#         283
  C:3432H         LINE#         284
  C:343BH         LINE#         285
  C:343BH         LINE#         286
  C:3442H         LINE#         287
  C:3442H         LINE#         288
  C:3453H         LINE#         289
  C:3453H         LINE#         290
  C:3462H         LINE#         291
  C:3462H         LINE#         292
  C:3462H         LINE#         293
  C:3465H         LINE#         295
  C:3465H         LINE#         296
  C:3471H         LINE#         297
  C:3471H         LINE#         298
  C:3483H         LINE#         299
  C:3483H         LINE#         300
  C:3493H         LINE#         301
  C:3493H         LINE#         302
  C:3493H         LINE#         304
  C:3495H         LINE#         306
  C:3495H         LINE#         307
  C:34A4H         LINE#         308
  C:34A4H         LINE#         309
  C:34B4H         LINE#         310
  C:34B4H         LINE#         311
  C:34B4H         LINE#         313
  C:34B4H         LINE#         315
  C:34B4H         LINE#         316
  C:34B6H         LINE#         318
  C:34B6H         LINE#         319
  C:34BDH         LINE#         320
  C:34BDH         LINE#         321
  C:34CCH         LINE#         322
  C:34CCH         LINE#         323
  C:34DCH         LINE#         324
  C:34DCH         LINE#         325
  C:34DCH         LINE#         326
  C:34DEH         LINE#         328
  C:34DEH         LINE#         329
  C:34EDH         LINE#         330
  C:34EDH         LINE#         331
  C:3500H         LINE#         332
  C:3513H         LINE#         333
  C:3513H         LINE#         334
  C:3513H         LINE#         335
  C:3513H         LINE#         336
  C:351CH         LINE#         338
  C:351CH         LINE#         340
  C:3556H         LINE#         341
BL51 BANKED LINKER/LOCATER V6.22                                                      05/28/2019  15:36:09  PAGE 28


  C:3556H         LINE#         342
  C:355DH         LINE#         343
  C:355DH         LINE#         344
  C:3567H         LINE#         345
  C:3567H         LINE#         346
  C:356AH         LINE#         347
  C:356FH         LINE#         348
  C:3574H         LINE#         349
  C:3579H         LINE#         350
  C:357EH         LINE#         351
  C:3583H         LINE#         352
  C:3588H         LINE#         353
  C:358DH         LINE#         354
  C:358DH         LINE#         355
  C:358DH         LINE#         357
  C:35ABH         LINE#         358
  C:35ABH         LINE#         359
  C:35B2H         LINE#         360
  C:35B2H         LINE#         361
  C:35B7H         LINE#         362
  C:35C0H         LINE#         363
  C:35DFH         LINE#         364
  C:35DFH         LINE#         365
  C:35EFH         LINE#         367
  C:35EFH         LINE#         371
  -------         ENDPROC       KEY_PROCESS
  -------         PROC          KEYPAD_IO_INIT
  C:56B6H         LINE#         374
  C:56B6H         LINE#         375
  C:56B6H         LINE#         376
  C:56B9H         LINE#         377
  C:56BCH         LINE#         378
  C:56BFH         LINE#         379
  C:56C1H         LINE#         380
  -------         ENDPROC       KEYPAD_IO_INIT
  -------         ENDMOD        KEYPAD

  -------         MODULE        BIPOLARMOTOR
  C:0000H         SYMBOL        _ICE_DUMMY_
  X:0000H         PUBLIC        UTC_time
  D:0080H         PUBLIC        P0
  D:0090H         PUBLIC        P1
  X:0004H         PUBLIC        RX_pos_test
  D:00A0H         PUBLIC        P2
  D:00B0H         PUBLIC        P3
  D:00C0H         PUBLIC        P4
  D:00C8H         PUBLIC        P5
  D:00E8H         PUBLIC        P6
  D:00F8H         PUBLIC        P7
  X:00A4H         PUBLIC        low_date_azimuth_mapping
  D:00A8H         PUBLIC        IE
  C:48DFH         PUBLIC        linear_interpolate
  X:00CCH         PUBLIC        declination
  C:5413H         PUBLIC        _Move
  D:00B8H         PUBLIC        IP
  X:00D0H         PUBLIC        time_offset
  D:00D8H         PUBLIC        CCON
BL51 BANKED LINKER/LOCATER V6.22                                                      05/28/2019  15:36:09  PAGE 29


  X:00D4H         PUBLIC        previous_move_time
  X:00D5H         PUBLIC        time
  D:0098H         PUBLIC        SCON
  D:0088H         PUBLIC        TCON
  C:5240H         PUBLIC        _Step_move
  X:00E7H         PUBLIC        dat
  X:00EDH         PUBLIC        current_local_sun_time
  C:1E23H         PUBLIC        _Update_position
  C:35F0H         PUBLIC        _elevation_calculation
  X:00F1H         PUBLIC        sunCoord
  C:5128H         PUBLIC        vOneStepMove
  X:00F4H         PUBLIC        elevation_stamp
  X:0130H         PUBLIC        date_azimuth_mapping
  X:0158H         PUBLIC        location
  X:0160H         PUBLIC        RX_pos
  C:55D6H         PUBLIC        vSetLocation
  C:5551H         PUBLIC        _BCDtoDec1
  X:03B8H         PUBLIC        degree
  C:295BH         PUBLIC        _TheoricalJP_Position
  D:00D0H         PUBLIC        PSW
  -------         PROC          VSETLOCATION
  C:55D6H         LINE#         44
  C:55D6H         LINE#         45
  C:55D6H         LINE#         46
  C:55E0H         LINE#         47
  C:55EAH         LINE#         48
  -------         ENDPROC       VSETLOCATION
  C:554DH         SYMBOL        L?0060
  -------         PROC          L?0059
  -------         ENDPROC       L?0059
  C:554DH         SYMBOL        L?0060
  -------         PROC          _BCDTODEC1
  D:0007H         SYMBOL        bcd
  -------         DO            
  D:0006H         SYMBOL        hi
  D:0007H         SYMBOL        lo
  -------         ENDDO         
  C:5551H         LINE#         49
  C:5551H         LINE#         50
  C:5551H         LINE#         52
  C:5556H         LINE#         53
  C:555AH         LINE#         54
  C:5561H         LINE#         55
  -------         ENDPROC       _BCDTODEC1
  -------         PROC          VONESTEPMOVE
  B:0020H.3       SYMBOL        bDir
  C:5128H         LINE#         59
  C:5128H         LINE#         60
  C:5128H         LINE#         62
  C:512EH         LINE#         63
  C:512EH         LINE#         64
  C:5131H         LINE#         65
  C:513AH         LINE#         66
  C:5141H         LINE#         67
  C:5146H         LINE#         68
  C:5146H         LINE#         69
  C:5146H         LINE#         71
BL51 BANKED LINKER/LOCATER V6.22                                                      05/28/2019  15:36:09  PAGE 30


  C:5148H         LINE#         74
  C:5148H         LINE#         75
  C:514BH         LINE#         76
  C:5154H         LINE#         77
  C:515BH         LINE#         78
  C:5161H         LINE#         79
  C:516AH         LINE#         80
  C:5171H         LINE#         81
  C:5171H         LINE#         85
  -------         ENDPROC       VONESTEPMOVE
  -------         PROC          _STEP_MOVE
  X:04D7H         SYMBOL        step
  B:0020H.2       SYMBOL        dir
  -------         DO            
  X:04D9H         SYMBOL        i
  -------         ENDDO         
  C:5240H         LINE#         87
  C:5248H         LINE#         88
  C:5248H         LINE#         90
  C:524DH         LINE#         93
  C:5268H         LINE#         94
  C:5268H         LINE#         95
  C:526FH         LINE#         97
  C:527FH         LINE#         99
  -------         ENDPROC       _STEP_MOVE
  -------         PROC          _MOVE
  X:04D3H         SYMBOL        distance
  B:0020H.1       SYMBOL        direction
  -------         DO            
  D:0006H         SYMBOL        step
  -------         ENDDO         
  C:5413H         LINE#         101
  C:5419H         LINE#         102
  C:5419H         LINE#         105
  C:5434H         LINE#         106
  -------         ENDPROC       _MOVE
  C:48CEH         SYMBOL        L?0058
  -------         PROC          L?0057
  -------         ENDPROC       L?0057
  C:48CEH         SYMBOL        L?0058
  -------         PROC          LINEAR_INTERPOLATE
  X:049AH         SYMBOL        p1
  X:04A2H         SYMBOL        p2
  X:04AAH         SYMBOL        x
  -------         DO            
  D:0004H         SYMBOL        fx
  -------         ENDDO         
  C:48DFH         LINE#         139
  C:48DFH         LINE#         140
  C:48DFH         LINE#         143
  C:497EH         LINE#         145
  C:497EH         LINE#         146
  -------         ENDPROC       LINEAR_INTERPOLATE
  -------         PROC          _THEORICALJP_POSITION
  X:043EH         SYMBOL        azimuth
  X:0442H         SYMBOL        elevation
  -------         DO            
BL51 BANKED LINKER/LOCATER V6.22                                                      05/28/2019  15:36:09  PAGE 31


  X:0446H         SYMBOL        pos_interpolate_azimuth
  X:0482H         SYMBOL        JP_pos
  X:0486H         SYMBOL        i
  X:0488H         SYMBOL        yy
  X:048AH         SYMBOL        p1
  X:0492H         SYMBOL        p2
  -------         ENDDO         
  C:295BH         LINE#         149
  C:2961H         LINE#         150
  C:2961H         LINE#         152
  C:296BH         LINE#         155
  C:2987H         LINE#         156
  C:2987H         LINE#         157
  C:29F7H         LINE#         158
  C:29F7H         LINE#         159
  C:29FEH         LINE#         160
  C:29FEH         LINE#         161
  C:2A2BH         LINE#         162
  C:2A46H         LINE#         164
  C:2A8DH         LINE#         165
  C:2AC1H         LINE#         167
  C:2B07H         LINE#         168
  C:2B2CH         LINE#         170
  C:2B2CH         LINE#         172
  C:2BA2H         LINE#         173
  C:2BA2H         LINE#         174
  C:2BA9H         LINE#         175
  C:2BA9H         LINE#         176
  C:2BD6H         LINE#         177
  C:2BF1H         LINE#         179
  C:2C38H         LINE#         180
  C:2C6CH         LINE#         182
  C:2CB2H         LINE#         183
  C:2CD4H         LINE#         185
  C:2CD4H         LINE#         186
  C:2CE8H         LINE#         189
  C:2D04H         LINE#         190
  C:2D04H         LINE#         191
  C:2D74H         LINE#         192
  C:2D74H         LINE#         193
  C:2DA1H         LINE#         194
  C:2DBCH         LINE#         196
  C:2DE9H         LINE#         197
  C:2E04H         LINE#         199
  C:2E36H         LINE#         202
  C:2E36H         LINE#         204
  C:2E47H         LINE#         205
  C:2E55H         LINE#         207
  -------         ENDPROC       _THEORICALJP_POSITION
  -------         PROC          _UPDATE_POSITION
  D:0001H         SYMBOL        mnths
  D:0002H         SYMBOL        dys
  X:041AH         SYMBOL        hurs
  X:041BH         SYMBOL        mns
  X:041CH         SYMBOL        sconds
  X:041DH         SYMBOL        currnt_pos
  X:0420H         SYMBOL        offset_calib
BL51 BANKED LINKER/LOCATER V6.22                                                      05/28/2019  15:36:09  PAGE 32


  -------         DO            
  X:0424H         SYMBOL        date
  X:0426H         SYMBOL        i
  X:0428H         SYMBOL        yy
  X:042AH         SYMBOL        desired_distance
  X:042EH         SYMBOL        distance
  X:0432H         SYMBOL        JP_pos
  X:0436H         SYMBOL        elevation
  X:043AH         SYMBOL        azimuth
  -------         ENDDO         
  C:1E23H         LINE#         210
  C:1E2CH         LINE#         213
  C:1E2CH         LINE#         214
  C:1E37H         LINE#         216
  C:1E53H         LINE#         223
  C:1E5DH         LINE#         224
  C:1E68H         LINE#         225
  C:1E73H         LINE#         226
  C:1E8CH         LINE#         227
  C:1E9DH         LINE#         228
  C:1EACH         LINE#         231
  C:1EC0H         LINE#         235
  C:1F12H         LINE#         236
  C:2076H         LINE#         237
  C:20C6H         LINE#         240
  C:21EEH         LINE#         243
  C:22BDH         LINE#         250
  C:2304H         LINE#         251
  C:2304H         LINE#         253
  C:232FH         LINE#         254
  C:235EH         LINE#         256
  C:2383H         LINE#         257
  C:23E8H         LINE#         258
  C:23E8H         LINE#         259
  C:2402H         LINE#         260
  C:2414H         LINE#         261
  C:242CH         LINE#         262
  C:2442H         LINE#         264
  C:245EH         LINE#         265
  C:245EH         LINE#         266
  C:245EH         LINE#         269
  -------         ENDPROC       _UPDATE_POSITION
  -------         PROC          _ELEVATION_CALCULATION
  D:0007H         SYMBOL        mnths
  D:0005H         SYMBOL        dys
  X:03F6H         SYMBOL        hurs
  X:03F7H         SYMBOL        mns
  X:03F8H         SYMBOL        sconds
  C:35F0H         LINE#         271
  C:35F5H         LINE#         273
  C:35F5H         LINE#         274
  C:35FFH         LINE#         275
  C:3608H         LINE#         276
  C:3613H         LINE#         277
  C:362CH         LINE#         278
  C:3640H         LINE#         279
  C:3652H         LINE#         283
BL51 BANKED LINKER/LOCATER V6.22                                                      05/28/2019  15:36:09  PAGE 33


  C:36A4H         LINE#         284
  C:3808H         LINE#         285
  C:3858H         LINE#         287
  C:396FH         LINE#         289
  -------         ENDPROC       _ELEVATION_CALCULATION
  -------         ENDMOD        BIPOLARMOTOR

  -------         MODULE        SUNPOS
  C:0000H         SYMBOL        _ICE_DUMMY_
  C:1681H         PUBLIC        sunpos
  -------         PROC          SUNPOS
  X:043EH         SYMBOL        udtTime
  X:0450H         SYMBOL        udtLocation
  X:0458H         SYMBOL        udtSunCoordinates
  -------         DO            
  X:045BH         SYMBOL        dElapsedJulianDays
  X:045FH         SYMBOL        dDecimalHours
  X:0463H         SYMBOL        dEclipticLongitude
  X:0467H         SYMBOL        dEclipticObliquity
  X:046BH         SYMBOL        dRightAscension
  X:046FH         SYMBOL        dDeclination
  X:0473H         SYMBOL        dY
  X:0477H         SYMBOL        dX
  -------         DO            
  X:047BH         SYMBOL        dJulianDate
  X:047FH         SYMBOL        liAux1
  X:0483H         SYMBOL        liAux2
  X:047BH         SYMBOL        dMeanLongitude
  X:047FH         SYMBOL        dMeanAnomaly
  X:0483H         SYMBOL        dOmega
  X:047BH         SYMBOL        dSin_EclipticLongitude
  X:047BH         SYMBOL        dGreenwichMeanSiderealTime
  X:047FH         SYMBOL        dLocalMeanSiderealTime
  X:0483H         SYMBOL        dLatitudeInRadians
  X:0487H         SYMBOL        dHourAngle
  X:048BH         SYMBOL        dCos_Latitude
  X:048FH         SYMBOL        dSin_Latitude
  X:0493H         SYMBOL        dCos_HourAngle
  X:0497H         SYMBOL        dParallax
  -------         ENDDO         
  -------         DO            
  X:047BH         SYMBOL        dMeanLongitude
  X:047FH         SYMBOL        dMeanAnomaly
  X:0483H         SYMBOL        dOmega
  X:047BH         SYMBOL        dSin_EclipticLongitude
  X:047BH         SYMBOL        dGreenwichMeanSiderealTime
  X:047FH         SYMBOL        dLocalMeanSiderealTime
  X:0483H         SYMBOL        dLatitudeInRadians
  X:0487H         SYMBOL        dHourAngle
  X:048BH         SYMBOL        dCos_Latitude
  X:048FH         SYMBOL        dSin_Latitude
  X:0493H         SYMBOL        dCos_HourAngle
  X:0497H         SYMBOL        dParallax
  -------         ENDDO         
  -------         DO            
  X:047BH         SYMBOL        dSin_EclipticLongitude
  X:047BH         SYMBOL        dGreenwichMeanSiderealTime
BL51 BANKED LINKER/LOCATER V6.22                                                      05/28/2019  15:36:09  PAGE 34


  X:047FH         SYMBOL        dLocalMeanSiderealTime
  X:0483H         SYMBOL        dLatitudeInRadians
  X:0487H         SYMBOL        dHourAngle
  X:048BH         SYMBOL        dCos_Latitude
  X:048FH         SYMBOL        dSin_Latitude
  X:0493H         SYMBOL        dCos_HourAngle
  X:0497H         SYMBOL        dParallax
  -------         ENDDO         
  -------         DO            
  X:047BH         SYMBOL        dGreenwichMeanSiderealTime
  X:047FH         SYMBOL        dLocalMeanSiderealTime
  X:0483H         SYMBOL        dLatitudeInRadians
  X:0487H         SYMBOL        dHourAngle
  X:048BH         SYMBOL        dCos_Latitude
  X:048FH         SYMBOL        dSin_Latitude
  X:0493H         SYMBOL        dCos_HourAngle
  X:0497H         SYMBOL        dParallax
  -------         ENDDO         
  -------         ENDDO         
  C:1681H         LINE#         6
  C:1681H         LINE#         7
  C:1681H         LINE#         9
  C:1681H         LINE#         27
  C:16CBH         LINE#         30
  C:16ECH         LINE#         31
[...]
  C:4BFEH         LINE#         287
  C:4C01H         LINE#         288
  C:4C03H         LINE#         289
  C:4C06H         LINE#         291
  C:4C09H         LINE#         292
  C:4C09H         LINE#         294
  C:4C0DH         LINE#         295
  C:4C0DH         LINE#         297
  C:4C2CH         LINE#         301
  C:4C2EH         LINE#         302
  C:4C31H         LINE#         303
  C:4C33H         LINE#         304
  -------         ENDPROC       UCREAD_STATUS_REGISTER_BYTE1
  -------         PROC          SPI_NOR_WRITE_DATA
  X:03F4H         SYMBOL        dat
  X:03FFH         SYMBOL        addr
  C:3CC4H         LINE#         306
  C:3CC4H         LINE#         307
  C:3CC4H         LINE#         309
  C:3CC7H         LINE#         311
  C:3CE1H         LINE#         312
  C:3CFFH         LINE#         314
  C:3D06H         LINE#         315
  C:3D09H         LINE#         317
  C:3D23H         LINE#         318
  C:3D23H         LINE#         319
  C:3D23H         LINE#         322
  C:3D26H         LINE#         324
BL51 BANKED LINKER/LOCATER V6.22                                                      05/28/2019  15:36:09  PAGE 49


  C:3D40H         LINE#         325
  C:3D40H         LINE#         326
  C:3D40H         LINE#         328
  C:3D43H         LINE#         330
  C:3D5DH         LINE#         331
  C:3D5DH         LINE#         332
  C:3D5DH         LINE#         334
  C:3D60H         LINE#         336
  C:3D7AH         LINE#         337
  C:3D7AH         LINE#         338
  C:3D7AH         LINE#         340
  C:3D7DH         LINE#         342
  C:3D97H         LINE#         343
  C:3D97H         LINE#         344
  C:3D97H         LINE#         346
  C:3D9AH         LINE#         348
  C:3DB4H         LINE#         349
  C:3DB4H         LINE#         350
  C:3DB4H         LINE#         352
  C:3DB7H         LINE#         354
  C:3DD1H         LINE#         355
  C:3DD1H         LINE#         356
  C:3DD1H         LINE#         358
  C:3DD4H         LINE#         360
  C:3DEEH         LINE#         361
  C:3DEEH         LINE#         362
  C:3DEEH         LINE#         364
  C:3DF1H         LINE#         366
  C:3E0BH         LINE#         367
  C:3E0BH         LINE#         368
  C:3E0BH         LINE#         370
  C:3E0EH         LINE#         372
  C:3E28H         LINE#         373
  C:3E2FH         LINE#         374
  -------         ENDPROC       SPI_NOR_WRITE_DATA
  -------         ENDMOD        AT25SF041

  -------         MODULE        SI1120
  C:0000H         SYMBOL        _ICE_DUMMY_
  D:0080H         PUBLIC        P0
  D:00B2H         PUBLIC        P3M0
  D:0090H         PUBLIC        P1
  D:00B1H         PUBLIC        P3M1
  D:00A0H         PUBLIC        P2
  D:00B0H         PUBLIC        P3
  D:00C0H         PUBLIC        P4
  D:00C8H         PUBLIC        P5
  B:00A8H.7       PUBLIC        EA
  D:00E8H         PUBLIC        P6
  D:00F8H         PUBLIC        P7
  D:00A8H         PUBLIC        IE
  D:00B8H         PUBLIC        IP
  C:5362H         PUBLIC        SI1120_CONFIG_MODE_VIRH
  D:00D8H         PUBLIC        CCON
  D:0098H         PUBLIC        SCON
  D:0088H         PUBLIC        TCON
  C:56A9H         PUBLIC        Enable_EXTINT0
BL51 BANKED LINKER/LOCATER V6.22                                                      05/28/2019  15:36:09  PAGE 50


  B:0090H.5       PUBLIC        SI1120_STX
  B:0088H.0       PUBLIC        IT0
  B:00A8H.0       PUBLIC        EX0
  B:0090H.4       PUBLIC        SI1120_MD
  B:0090H.6       PUBLIC        SI1120_SC
  D:00D0H         PUBLIC        PSW
  -------         PROC          SI1120_CONFIG_MODE_VIRH
  C:5362H         LINE#         4
  C:5362H         LINE#         5
  C:5362H         LINE#         6
  C:5364H         LINE#         7
  C:5366H         LINE#         8
  C:5368H         LINE#         10
  C:536FH         LINE#         11
  C:5371H         LINE#         13
  C:5373H         LINE#         14
  C:5375H         LINE#         16
  C:537CH         LINE#         18
  C:537EH         LINE#         20
  C:5385H         LINE#         23
  C:5387H         LINE#         25
  C:5389H         LINE#         27
  C:5390H         LINE#         29
  C:5392H         LINE#         31
  -------         ENDPROC       SI1120_CONFIG_MODE_VIRH
  -------         PROC          ENABLE_EXTINT0
  C:56A9H         LINE#         33
  C:56A9H         LINE#         34
  C:56A9H         LINE#         35
  C:56ACH         LINE#         36
  C:56AFH         LINE#         37
  C:56B1H         LINE#         38
  C:56B3H         LINE#         39
  C:56B5H         LINE#         40
  -------         ENDPROC       ENABLE_EXTINT0
  -------         ENDMOD        SI1120

  -------         MODULE        UART1
  C:0000H         SYMBOL        _ICE_DUMMY_
  D:0080H         PUBLIC        P0
  D:0090H         PUBLIC        P1
  D:00A0H         PUBLIC        P2
  D:00B0H         PUBLIC        P3
  D:00C0H         PUBLIC        P4
  D:00C8H         PUBLIC        P5
  C:52FBH         PUBLIC        _uart1_SendToTCPServer
  B:00A8H.7       PUBLIC        EA
  D:00E8H         PUBLIC        P6
  D:00F8H         PUBLIC        P7
  C:532FH         PUBLIC        _SendString
  D:00A8H         PUBLIC        IE
  B:00A8H.4       PUBLIC        ES
  D:00B8H         PUBLIC        IP
  C:5594H         PUBLIC        _ASCIItoBCD
  D:00D8H         PUBLIC        CCON
  C:565EH         PUBLIC        initUART1
  D:0098H         PUBLIC        SCON
BL51 BANKED LINKER/LOCATER V6.22                                                      05/28/2019  15:36:09  PAGE 51


  D:0088H         PUBLIC        TCON
  C:5704H         PUBLIC        _DectoBCD
  C:001EH         PUBLIC        _ASCII_Letter
  D:008EH         PUBLIC        AUXR
  C:0006H         PUBLIC        _unit
  C:56FDH         PUBLIC        _ten
  D:00D6H         PUBLIC        T2H
  D:00D7H         PUBLIC        T2L
  C:56E8H         PUBLIC        uart1_InitTCPConn
  D:00D0H         PUBLIC        PSW
  -------         PROC          INITUART1
  C:565EH         LINE#         24
  C:565EH         LINE#         25
  C:565EH         LINE#         26
  C:5661H         LINE#         27
  C:5664H         LINE#         28
  C:5667H         LINE#         29
  C:566AH         LINE#         30
  C:566CH         LINE#         31
  C:566EH         LINE#         33
  -------         ENDPROC       INITUART1
  -------         PROC          _SENDSTRING
  X:03F4H         SYMBOL        s
  C:532FH         LINE#         38
  C:533AH         LINE#         39
  C:533AH         LINE#         40
  C:534AH         LINE#         41
  C:534AH         LINE#         42
  C:535FH         LINE#         43
  C:5361H         LINE#         44
  -------         ENDPROC       _SENDSTRING
  -------         PROC          _TEN
  D:0007H         SYMBOL        BCD
  C:56FDH         LINE#         46
  C:56FDH         LINE#         47
  C:56FDH         LINE#         48
  C:5702H         LINE#         49
  -------         ENDPROC       _TEN
  -------         PROC          _UNIT
  D:0007H         SYMBOL        BCD
  C:0006H         LINE#         50
  C:0006H         LINE#         51
  C:0006H         LINE#         55
  C:000AH         LINE#         56
  -------         ENDPROC       _UNIT
  -------         PROC          _DECTOBCD
  D:0007H         SYMBOL        dec
  C:5704H         LINE#         57
  C:5704H         LINE#         58
  C:5704H         LINE#         60
  C:5704H         LINE#         61
  -------         ENDPROC       _DECTOBCD
  -------         PROC          _ASCII_LETTER
  D:0007H         SYMBOL        dat
  C:001EH         LINE#         63
  C:001EH         LINE#         64
  C:001EH         LINE#         66
BL51 BANKED LINKER/LOCATER V6.22                                                      05/28/2019  15:36:09  PAGE 52


  C:0022H         LINE#         67
  -------         ENDPROC       _ASCII_LETTER
  -------         PROC          _ASCIITOBCD
  D:0001H         SYMBOL        ascii
  -------         DO            
  D:0007H         SYMBOL        dec_val
  D:0006H         SYMBOL        ten
  D:0007H         SYMBOL        unit
  -------         ENDDO         
  C:5594H         LINE#         69
  C:5594H         LINE#         70
  C:5594H         LINE#         72
  C:5597H         LINE#         73
  C:559DH         LINE#         74
  C:55A4H         LINE#         75
  C:55AAH         LINE#         77
  -------         ENDPROC       _ASCIITOBCD
  -------         PROC          UART1_INITTCPCONN
  C:56E8H         LINE#         79
  C:56E8H         LINE#         80
  C:56E8H         LINE#         84
  -------         ENDPROC       UART1_INITTCPCONN
  -------         PROC          _UART1_SENDTOTCPSERVER
  X:0606H         SYMBOL        str
  C:52FBH         LINE#         88
  C:5306H         LINE#         89
  C:5306H         LINE#         90
  C:530FH         LINE#         91
  C:5316H         LINE#         92
  C:531FH         LINE#         93
  C:5328H         LINE#         94
  -------         ENDPROC       _UART1_SENDTOTCPSERVER
  -------         ENDMOD        UART1

  -------         MODULE        ?C_STARTUP
  C:4E07H         SEGMENT       ?C_C51STARTUP
  I:0021H         SEGMENT       ?STACK
  C:0000H         PUBLIC        ?C_STARTUP
  D:00E0H         SYMBOL        ACC
  D:00F0H         SYMBOL        B
  D:0083H         SYMBOL        DPH
  D:0082H         SYMBOL        DPL
  N:0000H         SYMBOL        IBPSTACK
  N:0100H         SYMBOL        IBPSTACKTOP
  N:0080H         SYMBOL        IDATALEN
  C:4E0AH         SYMBOL        IDATALOOP
  N:0000H         SYMBOL        PBPSTACK
  N:0100H         SYMBOL        PBPSTACKTOP
  N:0000H         SYMBOL        PDATALEN
  N:0000H         SYMBOL        PDATASTART
  N:0000H         SYMBOL        PPAGE
  N:0000H         SYMBOL        PPAGEENABLE
  D:00A0H         SYMBOL        PPAGE_SFR
  D:0081H         SYMBOL        SP
  C:4E07H         SYMBOL        STARTUP1
  N:0000H         SYMBOL        XBPSTACK
  N:0000H         SYMBOL        XBPSTACKTOP
BL51 BANKED LINKER/LOCATER V6.22                                                      05/28/2019  15:36:09  PAGE 53


  N:0000H         SYMBOL        XDATALEN
  N:0000H         SYMBOL        XDATASTART
  C:0000H         LINE#         126
  C:4E07H         LINE#         133
  C:4E09H         LINE#         134
  C:4E0AH         LINE#         135
  C:4E0BH         LINE#         136
  C:4E0DH         LINE#         185
  C:4E10H         LINE#         196
  -------         ENDMOD        ?C_STARTUP

  -------         MODULE        ?C?FPADD
  C:0CB8H         PUBLIC        ?C?FPADD
  C:0CB4H         PUBLIC        ?C?FPSUB
  -------         ENDMOD        ?C?FPADD

  -------         MODULE        ?C?FPMUL
  C:0DA9H         PUBLIC        ?C?FPMUL
  -------         ENDMOD        ?C?FPMUL

  -------         MODULE        ?C?FPDIV
  C:0EB2H         PUBLIC        ?C?FPDIV
  -------         ENDMOD        ?C?FPDIV

  -------         MODULE        ?C?FPCMP
  C:0F51H         PUBLIC        ?C?FPCMP
  C:0F4FH         PUBLIC        ?C?FPCMP3
  -------         ENDMOD        ?C?FPCMP

  -------         MODULE        ?C?FPNEG
  C:0FC8H         PUBLIC        ?C?FPNEG
  -------         ENDMOD        ?C?FPNEG

  -------         MODULE        ?C?FCAST
  C:0FE3H         PUBLIC        ?C?FCASTC
  C:0FDEH         PUBLIC        ?C?FCASTI
  C:0FD9H         PUBLIC        ?C?FCASTL
  -------         ENDMOD        ?C?FCAST

  -------         MODULE        ?C?CASTF
  C:1017H         PUBLIC        ?C?CASTF
  -------         ENDMOD        ?C?CASTF

  -------         MODULE        ATAN2
  X:049BH         PUBLIC        ?_atan2?BYTE
  C:4C34H         PUBLIC        _atan2
  -------         ENDMOD        ATAN2

  -------         MODULE        SIN
  C:3E95H         PUBLIC        _COS
  C:3EABH         PUBLIC        _SIN
  C:3EE7H         PUBLIC        _TAN
  -------         ENDMOD        SIN

  -------         MODULE        ACOS
  C:5172H         PUBLIC        _ACOS
  -------         ENDMOD        ACOS
BL51 BANKED LINKER/LOCATER V6.22                                                      05/28/2019  15:36:09  PAGE 54



  -------         MODULE        ASIN
  C:52C0H         PUBLIC        _ASIN
  -------         ENDMOD        ASIN

  -------         MODULE        POW
  X:03BCH         PUBLIC        ?_pow?BYTE
  C:3FD5H         PUBLIC        _pow
  -------         ENDMOD        POW

  -------         MODULE        ?C?CHKFLOAT
  C:1098H         PUBLIC        ?C?CHKFLOAT
  -------         ENDMOD        ?C?CHKFLOAT

  -------         MODULE        EXP
  C:4DA5H         PUBLIC        _EXP
  -------         ENDMOD        EXP

  -------         MODULE        LOG
  C:42C4H         PUBLIC        _LOG
  C:42C0H         PUBLIC        _LOG10
  -------         ENDMOD        LOG

  -------         MODULE        SQRT
  C:4AEBH         PUBLIC        _SQRT
  -------         ENDMOD        SQRT

  -------         MODULE        ATAN
  C:43D9H         PUBLIC        _ATAN
  -------         ENDMOD        ATAN

  -------         MODULE        ?C?COPY
  C:11CFH         PUBLIC        ?C?COPY
  -------         ENDMOD        ?C?COPY

  -------         MODULE        ?C?CLDPTR
  C:11F5H         PUBLIC        ?C?CLDPTR
  -------         ENDMOD        ?C?CLDPTR

  -------         MODULE        ?C?CLDOPTR
  C:120EH         PUBLIC        ?C?CLDOPTR
  -------         ENDMOD        ?C?CLDOPTR

  -------         MODULE        ?C?CSTPTR
  C:123BH         PUBLIC        ?C?CSTPTR
  -------         ENDMOD        ?C?CSTPTR

  -------         MODULE        ?C?IMUL
  C:124DH         PUBLIC        ?C?IMUL
  -------         ENDMOD        ?C?IMUL

  -------         MODULE        ?C?UIDIV
  C:125FH         PUBLIC        ?C?UIDIV
  -------         ENDMOD        ?C?UIDIV

  -------         MODULE        ?C?SIDIV
  C:12B4H         PUBLIC        ?C?SIDIV
BL51 BANKED LINKER/LOCATER V6.22                                                      05/28/2019  15:36:09  PAGE 55


  -------         ENDMOD        ?C?SIDIV

  -------         MODULE        ?C?ILDIX
  C:12EAH         PUBLIC        ?C?ILDIX
  -------         ENDMOD        ?C?ILDIX

  -------         MODULE        ?C?ILDOPTR
  C:1300H         PUBLIC        ?C?ILDOPTR
  -------         ENDMOD        ?C?ILDOPTR

  -------         MODULE        ?C?ISTPTR
  C:1338H         PUBLIC        ?C?ISTPTR
  -------         ENDMOD        ?C?ISTPTR

  -------         MODULE        ?C?LMUL
  C:1357H         PUBLIC        ?C?LMUL
  -------         ENDMOD        ?C?LMUL

  -------         MODULE        ?C?SLDIV
  C:51BCH         PUBLIC        ?C?SLDIV
  -------         ENDMOD        ?C?SLDIV

  -------         MODULE        ?C?LNEG
  C:13A6H         PUBLIC        ?C?LNEG
  -------         ENDMOD        ?C?LNEG

  -------         MODULE        ?C?ULCMP
  C:13B4H         PUBLIC        ?C?ULCMP
  -------         ENDMOD        ?C?ULCMP

  -------         MODULE        ?C?LSHL
  C:13C5H         PUBLIC        ?C?LSHL
  -------         ENDMOD        ?C?LSHL

  -------         MODULE        ?C?LLDPTR
  C:13D8H         PUBLIC        ?C?LLDPTR
  -------         ENDMOD        ?C?LLDPTR

  -------         MODULE        ?C?LLDOPTR
  C:13F8H         PUBLIC        ?C?LLDOPTR
  -------         ENDMOD        ?C?LLDOPTR

  -------         MODULE        ?C?LSTPTR
  C:1428H         PUBLIC        ?C?LSTPTR
  -------         ENDMOD        ?C?LSTPTR

  -------         MODULE        ?C?LSTOPTR
  C:1442H         PUBLIC        ?C?LSTOPTR
  -------         ENDMOD        ?C?LSTOPTR

  -------         MODULE        ?C?LLDXDATA
  C:1466H         PUBLIC        ?C?LLDXDATA
  -------         ENDMOD        ?C?LLDXDATA

  -------         MODULE        ?C?LLDCODE
  C:1472H         PUBLIC        ?C?LLDCODE
  -------         ENDMOD        ?C?LLDCODE
BL51 BANKED LINKER/LOCATER V6.22                                                      05/28/2019  15:36:09  PAGE 56



  -------         MODULE        ?C?LLDXDATA0
  C:1482H         PUBLIC        ?C?LLDXDATA0
  -------         ENDMOD        ?C?LLDXDATA0

  -------         MODULE        ?C?LLDCODE0
  C:148EH         PUBLIC        ?C?LLDCODE0
  -------         ENDMOD        ?C?LLDCODE0

  -------         MODULE        ?C?LLDPTR0
  C:149EH         PUBLIC        ?C?LLDPTR0
  -------         ENDMOD        ?C?LLDPTR0

  -------         MODULE        ?C?LSTXDATA
  C:14BEH         PUBLIC        ?C?LSTXDATA
  -------         ENDMOD        ?C?LSTXDATA

  -------         MODULE        ?C?LSTKXDATA
  C:14CAH         PUBLIC        ?C?LSTKXDATA
  -------         ENDMOD        ?C?LSTKXDATA

  -------         MODULE        ?C?LSTKPTR
  C:14FBH         PUBLIC        ?C?LSTKPTR
  -------         ENDMOD        ?C?LSTKPTR

  -------         MODULE        ?C?OFFXADD
  C:1515H         PUBLIC        ?C?OFFXADD
  -------         ENDMOD        ?C?OFFXADD

  -------         MODULE        ATOI
  C:47E1H         PUBLIC        _atoi
  -------         ENDMOD        ATOI

  -------         MODULE        ?C?IILDX
  C:1521H         PUBLIC        ?C?IILDX
  -------         ENDMOD        ?C?IILDX

  -------         MODULE        ?C?ULDIV
  C:1573H         PUBLIC        ?C?ULDIV
  -------         ENDMOD        ?C?ULDIV

  -------         MODULE        ?C?LLDIDATA
  C:1605H         PUBLIC        ?C?LLDIDATA
  -------         ENDMOD        ?C?LLDIDATA

  -------         MODULE        ?C?LLDPDATA
  C:1611H         PUBLIC        ?C?LLDPDATA
  -------         ENDMOD        ?C?LLDPDATA

  -------         MODULE        ?C?LLDIDATA0
  C:161DH         PUBLIC        ?C?LLDIDATA0
  -------         ENDMOD        ?C?LLDIDATA0

  -------         MODULE        ?C?LLDPDATA0
  C:162AH         PUBLIC        ?C?LLDPDATA0
  -------         ENDMOD        ?C?LLDPDATA0

BL51 BANKED LINKER/LOCATER V6.22                                                      05/28/2019  15:36:09  PAGE 57


  -------         MODULE        ?C?LSTIDATA
  C:1637H         PUBLIC        ?C?LSTIDATA
  -------         ENDMOD        ?C?LSTIDATA

  -------         MODULE        ?C?LSTPDATA
  C:1643H         PUBLIC        ?C?LSTPDATA
  -------         ENDMOD        ?C?LSTPDATA

  -------         MODULE        ?C?LSTKIDATA
  C:164FH         PUBLIC        ?C?LSTKIDATA
  -------         ENDMOD        ?C?LSTKIDATA

  -------         MODULE        ?C?LSTKPDATA
  C:1668H         PUBLIC        ?C?LSTKPDATA
  -------         ENDMOD        ?C?LSTKPDATA

  -------         MODULE        ISDIGIT
  C:568DH         PUBLIC        _isdigit
  -------         ENDMOD        ISDIGIT

  -------         MODULE        ISSPACE
  C:5628H         PUBLIC        _isspace
  -------         ENDMOD        ISSPACE

*** WARNING L16: UNCALLED SEGMENT, IGNORED FOR OVERLAY PROCESS
    SEGMENT: ?PR?_DAY_OF_YEAR?PCF85063BTL

*** WARNING L16: UNCALLED SEGMENT, IGNORED FOR OVERLAY PROCESS
    SEGMENT: ?PR?NOP?IOEXPANDER_PI4IOE5V96248

*** WARNING L16: UNCALLED SEGMENT, IGNORED FOR OVERLAY PROCESS
    SEGMENT: ?PR?UC_ACK?IOEXPANDER_PI4IOE5V96248

*** WARNING L16: UNCALLED SEGMENT, IGNORED FOR OVERLAY PROCESS
    SEGMENT: ?PR?UC_NACK?IOEXPANDER_PI4IOE5V96248

*** WARNING L16: UNCALLED SEGMENT, IGNORED FOR OVERLAY PROCESS
    SEGMENT: ?PR?_AT25SF041_READ?AT25SF041

*** WARNING L16: UNCALLED SEGMENT, IGNORED FOR OVERLAY PROCESS
    SEGMENT: ?PR?_TEN?UART1

*** WARNING L16: UNCALLED SEGMENT, IGNORED FOR OVERLAY PROCESS
    SEGMENT: ?PR?_UNIT?UART1

*** WARNING L16: UNCALLED SEGMENT, IGNORED FOR OVERLAY PROCESS
    SEGMENT: ?PR?_DECTOBCD?UART1

*** WARNING L16: UNCALLED SEGMENT, IGNORED FOR OVERLAY PROCESS
    SEGMENT: ?PR?_ASCII_LETTER?UART1

*** WARNING L16: UNCALLED SEGMENT, IGNORED FOR OVERLAY PROCESS
    SEGMENT: ?PR?_ASCIITOBCD?UART1

*** WARNING L16: UNCALLED SEGMENT, IGNORED FOR OVERLAY PROCESS
    SEGMENT: ?PR?_UART1_SENDTOTCPSERVER?UART1

BL51 BANKED LINKER/LOCATER V6.22                                                      05/28/2019  15:36:09  PAGE 58


Program Size: data=9.6 xdata=1547 code=22277
LINK/LOCATE RUN COMPLETE.  11 WARNING(S),  0 ERROR(S)
