BL51 BANKED LINKER/LOCATER V6.22                                                        07/17/2019  09:54:25  PAGE 1


BL51 BANKED LINKER/LOCATER V6.22, INVOKED BY:
C:\KEIL_V5\C51\BIN\BL51.EXE .\Obj\main.obj, .\Obj\PCF85063BTL.obj, .\Obj\LCd_Driver_SPLC780D.obj, .\Obj\KeyPad.obj, .\Ob
>> j\BipolarMotor.obj, .\Obj\SunPos.obj, .\Obj\ADC.obj, .\Obj\Calibration.obj, .\Obj\IOExpander_PI4IOE5V96248.obj, .\Obj
>> \AT25SF041.obj, .\Obj\SI1120.obj, .\Obj\UART1.obj, .\Obj\STARTUP.obj TO .\Obj\GPIO_RTC_Test PRINT (.\Lis\GPIO_RTC_Tes
>> t.m51) RAMSIZE (256)


MEMORY MODEL: LARGE WITH FLOATING POINT ARITHMETIC


INPUT MODULES INCLUDED:
  .\Obj\main.obj (MAIN)
  .\Obj\PCF85063BTL.obj (PCF85063BTL)
  .\Obj\LCd_Driver_SPLC780D.obj (LCD_DRIVER_SPLC780D)
  .\Obj\KeyPad.obj (KEYPAD)
  .\Obj\BipolarMotor.obj (BIPOLARMOTOR)
  .\Obj\SunPos.obj (SUNPOS)
  .\Obj\ADC.obj (ADC)
  .\Obj\Calibration.obj (CALIBRATION)
  .\Obj\IOExpander_PI4IOE5V96248.obj (IOEXPANDER_PI4IOE5V96248)
  .\Obj\AT25SF041.obj (AT25SF041)
  .\Obj\SI1120.obj (SI1120)
  .\Obj\UART1.obj (UART1)
  .\Obj\STARTUP.obj (?C_STARTUP)
  C:\KEIL_V5\C51\LIB\C51FPL.LIB (?C?FPADD)
  C:\KEIL_V5\C51\LIB\C51FPL.LIB (?C?FPMUL)
  C:\KEIL_V5\C51\LIB\C51FPL.LIB (?C?FPDIV)
  C:\KEIL_V5\C51\LIB\C51FPL.LIB (?C?FPCMP)
  C:\KEIL_V5\C51\LIB\C51FPL.LIB (?C?FPNEG)
  C:\KEIL_V5\C51\LIB\C51FPL.LIB (?C?FCAST)
  C:\KEIL_V5\C51\LIB\C51FPL.LIB (?C?CASTF)
  C:\KEIL_V5\C51\LIB\C51FPL.LIB (PRINTF)
  C:\KEIL_V5\C51\LIB\C51FPL.LIB (FABS)
  C:\KEIL_V5\C51\LIB\C51FPL.LIB (ATAN2)
  C:\KEIL_V5\C51\LIB\C51FPL.LIB (SIN)
  C:\KEIL_V5\C51\LIB\C51FPL.LIB (ACOS)
  C:\KEIL_V5\C51\LIB\C51FPL.LIB (ASIN)
  C:\KEIL_V5\C51\LIB\C51FPL.LIB (POW)
  C:\KEIL_V5\C51\LIB\C51FPL.LIB (?C?FPGETOPN)
  C:\KEIL_V5\C51\LIB\C51FPL.LIB (?C?CHKFLOAT)
  C:\KEIL_V5\C51\LIB\C51FPL.LIB (?C?FPROUND)
  C:\KEIL_V5\C51\LIB\C51FPL.LIB (?C?FPCONVERT)
  C:\KEIL_V5\C51\LIB\C51FPL.LIB (?C?FPSERIES)
  C:\KEIL_V5\C51\LIB\C51FPL.LIB (EXP)
  C:\KEIL_V5\C51\LIB\C51FPL.LIB (LOG)
  C:\KEIL_V5\C51\LIB\C51FPL.LIB (SQRT)
  C:\KEIL_V5\C51\LIB\C51FPL.LIB (ATAN)
  C:\KEIL_V5\C51\LIB\C51FPL.LIB (?C?FTNPWR)
  C:\KEIL_V5\C51\LIB\C51L.LIB (?C_INIT)
  C:\KEIL_V5\C51\LIB\C51L.LIB (?C?COPY)
  C:\KEIL_V5\C51\LIB\C51L.LIB (?C?CLDPTR)
  C:\KEIL_V5\C51\LIB\C51L.LIB (?C?CLDOPTR)
  C:\KEIL_V5\C51\LIB\C51L.LIB (?C?CSTPTR)
  C:\KEIL_V5\C51\LIB\C51L.LIB (?C?IMUL)
  C:\KEIL_V5\C51\LIB\C51L.LIB (?C?UIDIV)
  C:\KEIL_V5\C51\LIB\C51L.LIB (?C?SIDIV)
  C:\KEIL_V5\C51\LIB\C51L.LIB (?C?ILDIX)
  C:\KEIL_V5\C51\LIB\C51L.LIB (?C?ILDOPTR)
BL51 BANKED LINKER/LOCATER V6.22                                                      07/17/2019  09:54:25  PAGE 2


  C:\KEIL_V5\C51\LIB\C51L.LIB (?C?ISTPTR)
  C:\KEIL_V5\C51\LIB\C51L.LIB (?C?LMUL)
  C:\KEIL_V5\C51\LIB\C51L.LIB (?C?SLDIV)
  C:\KEIL_V5\C51\LIB\C51L.LIB (?C?LNEG)
  C:\KEIL_V5\C51\LIB\C51L.LIB (?C?ULCMP)
  C:\KEIL_V5\C51\LIB\C51L.LIB (?C?LSHL)
  C:\KEIL_V5\C51\LIB\C51L.LIB (?C?LLDPTR)
  C:\KEIL_V5\C51\LIB\C51L.LIB (?C?LLDOPTR)
  C:\KEIL_V5\C51\LIB\C51L.LIB (?C?LSTPTR)
  C:\KEIL_V5\C51\LIB\C51L.LIB (?C?LSTOPTR)
  C:\KEIL_V5\C51\LIB\C51L.LIB (?C?LLDXDATA)
  C:\KEIL_V5\C51\LIB\C51L.LIB (?C?LLDCODE)
  C:\KEIL_V5\C51\LIB\C51L.LIB (?C?LLDXDATA0)
  C:\KEIL_V5\C51\LIB\C51L.LIB (?C?LLDCODE0)
  C:\KEIL_V5\C51\LIB\C51L.LIB (?C?LLDPTR0)
  C:\KEIL_V5\C51\LIB\C51L.LIB (?C?LSTXDATA)
  C:\KEIL_V5\C51\LIB\C51L.LIB (?C?LSTKXDATA)
  C:\KEIL_V5\C51\LIB\C51L.LIB (?C?LSTKPTR)
  C:\KEIL_V5\C51\LIB\C51L.LIB (?C?OFFXADD)
  C:\KEIL_V5\C51\LIB\C51L.LIB (?C?PLDIXDATA)
  C:\KEIL_V5\C51\LIB\C51L.LIB (?C?PSTXDATA)
  C:\KEIL_V5\C51\LIB\C51L.LIB (?C?CCASE)
  C:\KEIL_V5\C51\LIB\C51L.LIB (PUTCHAR)
  C:\KEIL_V5\C51\LIB\C51L.LIB (ABS)
  C:\KEIL_V5\C51\LIB\C51L.LIB (ATOI)
  C:\KEIL_V5\C51\LIB\C51L.LIB (?C?IILDX)
  C:\KEIL_V5\C51\LIB\C51L.LIB (?C?ULDIV)
  C:\KEIL_V5\C51\LIB\C51L.LIB (?C?LLDIDATA)
  C:\KEIL_V5\C51\LIB\C51L.LIB (?C?LLDPDATA)
  C:\KEIL_V5\C51\LIB\C51L.LIB (?C?LLDIDATA0)
  C:\KEIL_V5\C51\LIB\C51L.LIB (?C?LLDPDATA0)
  C:\KEIL_V5\C51\LIB\C51L.LIB (?C?LSTIDATA)
  C:\KEIL_V5\C51\LIB\C51L.LIB (?C?LSTPDATA)
  C:\KEIL_V5\C51\LIB\C51L.LIB (?C?LSTKIDATA)
  C:\KEIL_V5\C51\LIB\C51L.LIB (?C?LSTKPDATA)
  C:\KEIL_V5\C51\LIB\C51L.LIB (ISDIGIT)
  C:\KEIL_V5\C51\LIB\C51L.LIB (ISSPACE)


LINK MAP OF MODULE:  .\Obj\GPIO_RTC_Test (MAIN)


            TYPE    BASE      LENGTH    RELOCATION   SEGMENT NAME
            -----------------------------------------------------

            * * * * * * *   D A T A   M E M O R Y   * * * * * * *
            REG     0000H     0008H     ABSOLUTE     "REG BANK 0"
            DATA    0008H     0005H     UNIT         _DATA_GROUP_
                    000DH     0013H                  *** GAP ***
            BIT     0020H.0   0001H.2   UNIT         _BIT_GROUP_
            BIT     0021H.2   0000H.1   UNIT         ?BI?MAIN
            BIT     0021H.3   0000H.1   UNIT         ?BI?_ATOI?ATOI
                    0021H.4   0000H.4                *** GAP ***
            IDATA   0022H     0001H     UNIT         ?STACK

            * * * * * * *  X D A T A   M E M O R Y  * * * * * * *
            XDATA   0000H     03BCH     UNIT         ?XD?BIPOLARMOTOR
BL51 BANKED LINKER/LOCATER V6.22                                                      07/17/2019  09:54:25  PAGE 3


            XDATA   03BCH     015DH     UNIT         _XDATA_GROUP_
            XDATA   0519H     010BH     UNIT         ?XD?MAIN
            XDATA   0624H     0019H     UNIT         ?XD?KEYPAD
            XDATA   063DH     0008H     UNIT         ?XD?_AT25SF041_READ?AT25SF041
            XDATA   0645H     0005H     UNIT         ?XD?_ATOI?ATOI
            XDATA   064AH     0001H     UNIT         ?XD?UC_ACK?IOEXPANDER_PI4IOE5V96248
            XDATA   064BH     0001H     UNIT         ?XD?UC_NACK?IOEXPANDER_PI4IOE5V96248

            * * * * * * *   C O D E   M E M O R Y   * * * * * * *
            CODE    0000H     0003H     ABSOLUTE     
            CODE    0003H     0003H     ABSOLUTE     
            CODE    0006H     0005H     UNIT         ?PR?_UNIT?UART1
            CODE    000BH     0003H     ABSOLUTE     
            CODE    000EH     000DH     UNIT         ?PR?UART?MAIN
            CODE    001BH     0003H     ABSOLUTE     
            CODE    001EH     0005H     UNIT         ?PR?_ASCII_LETTER?UART1
            CODE    0023H     0003H     ABSOLUTE     
            CODE    0026H     1056H     UNIT         ?PR?MAIN?MAIN
            CODE    107CH     0BC8H     UNIT         ?C?LIB_CODE
            CODE    1C44H     07A2H     UNIT         ?PR?SUNPOS?SUNPOS
            CODE    23E6H     06F4H     UNIT         ?PR?_FIND_REAL_MAX?CALIBRATION
            CODE    2ADAH     0631H     UNIT         ?PR?_UPDATE_POSITION?BIPOLARMOTOR
            CODE    310BH     04FBH     UNIT         ?PR?_THEORICALJP_POSITION?BIPOLARMOTOR
            CODE    3606H     0483H     UNIT         ?PR?PRINTF?PRINTF
            CODE    3A89H     040EH     UNIT         ?C_INITSEG
            CODE    3E97H     038CH     UNIT         ?PR?KEY_PROCESS?KEYPAD
            CODE    4223H     0380H     UNIT         ?PR?_ELEVATION_CALCULATION?BIPOLARMOTOR
            CODE    45A3H     01C7H     UNIT         ?PR?_CALIBRATION?CALIBRATION
            CODE    476AH     018DH     UNIT         ?PR?KEY_SCAN?KEYPAD
            CODE    48F7H     0189H     UNIT         ?PR?SPI_NOR_WRITE_DATA?AT25SF041
            CODE    4A80H     0188H     UNIT         ?PR?SIN?SIN
            CODE    4C08H     0166H     UNIT         ?PR?_POW?POW
            CODE    4D6EH     0155H     UNIT         ?PR?_DISPLAY_POS?LCD_DRIVER_SPLC780D
            CODE    4EC3H     0129H     UNIT         ?PR?LOG?LOG
            CODE    4FECH     0122H     UNIT         ?PR?ATAN?ATAN
            CODE    510EH     0110H     UNIT         ?PR?_AT25SF041_READ?AT25SF041
            CODE    521EH     0102H     UNIT         ?PR?_AT25SF041_WRITE?AT25SF041
            CODE    5320H     00F5H     UNIT         ?PR?EXINT0?MAIN
            CODE    5415H     00DBH     UNIT         ?PR?_ATOI?ATOI
            CODE    54F0H     00C3H     UNIT         ?PR?LINEAR_INTERPOLATE?BIPOLARMOTOR
            CODE    55B3H     00BBH     UNIT         ?PR?VOLTAGE_IS_STABLE?CALIBRATION
            CODE    566EH     00ADH     UNIT         ?PR?_WRITE_PI4IOE5V96248?IOEXPANDER_PI4IOE5V96248
            CODE    571BH     00ACH     UNIT         ?PR?SQRT?SQRT
            CODE    57C7H     00A1H     UNIT         ?PR?UCREAD_STATUS_REGISTER_BYTE1?AT25SF041
            CODE    5868H     009DH     UNIT         ?PR?_ATAN2?ATAN2
            CODE    5905H     009CH     UNIT         ?PR?_MAX_VALUE?CALIBRATION
            CODE    59A1H     009AH     UNIT         ?PR?EXP?EXP
            CODE    5A3BH     008CH     UNIT         ?C_C51STARTUP
            CODE    5AC7H     0088H     UNIT         ?PR?_DAY_OF_YEAR?PCF85063BTL
            CODE    5B4FH     0079H     UNIT         ?PR?_WRITEDATA?LCD_DRIVER_SPLC780D
            CODE    5BC8H     0072H     UNIT         ?PR?AT25SF041_WRITEENABLE?AT25SF041
            CODE    5C3AH     006FH     UNIT         ?PR?_READ_TIME?PCF85063BTL
            CODE    5CA9H     005AH     UNIT         ?PR?AT25SF041_CHIPERASE?AT25SF041
            CODE    5D03H     0059H     UNIT         ?PR?LCD_INIT?LCD_DRIVER_SPLC780D
            CODE    5D5CH     0056H     UNIT         ?CO?MAIN
            CODE    5DB2H     004BH     UNIT         ?CO?UART1
            CODE    5DFDH     004AH     UNIT         ?PR?VONESTEPMOVE?BIPOLARMOTOR
BL51 BANKED LINKER/LOCATER V6.22                                                      07/17/2019  09:54:25  PAGE 4


            CODE    5E47H     004AH     UNIT         ?PR?ACOS?ACOS
            CODE    5E91H     0044H     UNIT         ?C?LDIV
            CODE    5ED5H     0040H     UNIT         ?PR?_COMMAND?LCD_DRIVER_SPLC780D
            CODE    5F15H     0040H     UNIT         ?PR?_STEP_MOVE?BIPOLARMOTOR
            CODE    5F55H     003BH     UNIT         ?PR?ASIN?ASIN
            CODE    5F90H     0033H     UNIT         ?PR?_SENDSTRING?UART1
            CODE    5FC3H     0031H     UNIT         ?PR?SI1120_CONFIG_MODE_VIRH?SI1120
            CODE    5FF4H     002BH     UNIT         ?PR?_WAIT_MS_I2C?IOEXPANDER_PI4IOE5V96248
            CODE    601FH     002BH     UNIT         ?PR?_WAIT_MS_SPINOR?AT25SF041
            CODE    604AH     002AH     UNIT         ?PR?_ADC_GETRESULT?ADC
            CODE    6074H     0028H     UNIT         ?PR?_MOVE?BIPOLARMOTOR
            CODE    609CH     0028H     UNIT         ?CO?CALIBRATION
            CODE    60C4H     0027H     UNIT         ?PR?_I2C_SENDBYTE?IOEXPANDER_PI4IOE5V96248
            CODE    60EBH     0027H     UNIT         ?PR?PUTCHAR?PUTCHAR
            CODE    6112H     0025H     UNIT         ?PR?_FINDCLOSESTSAMEDAYCALIBTIME?CALIBRATION
            CODE    6137H     0024H     UNIT         ?PR?_WAIT_MS?LCD_DRIVER_SPLC780D
            CODE    615BH     0024H     UNIT         ?PR?_UART1_SENDTOTCPSERVER?UART1
            CODE    617FH     0021H     UNIT         ?PR?TM0_ISR?MAIN
            CODE    61A0H     0020H     UNIT         ?PR?_SPI_SENDBYTE?PCF85063BTL
            CODE    61C0H     0020H     UNIT         ?PR?SPI_RECEIVEBYTE?PCF85063BTL
            CODE    61E0H     001EH     UNIT         ?PR?_DELAY_MS?KEYPAD
            CODE    61FEH     001DH     UNIT         ?PR?_DISPLAYLCD?LCD_DRIVER_SPLC780D
            CODE    621BH     001BH     UNIT         ?PR?_BCDTODEC1?BIPOLARMOTOR
            CODE    6236H     001AH     UNIT         ?PR?ADC_INIT?ADC
            CODE    6250H     0018H     UNIT         ?PR?_SPI_WRITETIME?PCF85063BTL
            CODE    6268H     0017H     UNIT         ?PR?_ASCIITOBCD?UART1
            CODE    627FH     0016H     UNIT         ?PR?I2C_ACK?IOEXPANDER_PI4IOE5V96248
            CODE    6295H     0015H     UNIT         ?PR?_DISPLAY_LINE?LCD_DRIVER_SPLC780D
            CODE    62AAH     0015H     UNIT         ?PR?VSETLOCATION?BIPOLARMOTOR
            CODE    62BFH     0015H     UNIT         ?PR?I2C_STOP?IOEXPANDER_PI4IOE5V96248
            CODE    62D4H     0014H     UNIT         ?PR?_PCF85063BTL_DELAY?PCF85063BTL
            CODE    62E8H     0014H     UNIT         ?PR?_ISSPACE?ISSPACE
            CODE    62FCH     0011H     UNIT         ?PR?_SPI_READTIME?PCF85063BTL
            CODE    630DH     0011H     UNIT         ?PR?_BCDTODEC?PCF85063BTL
            CODE    631EH     0011H     UNIT         ?PR?INITUART1?UART1
            CODE    632FH     000FH     UNIT         ?PR?I2C_START?IOEXPANDER_PI4IOE5V96248
            CODE    633EH     000FH     UNIT         ?PR?UC_NACK?IOEXPANDER_PI4IOE5V96248
            CODE    634DH     000FH     UNIT         ?PR?_ISDIGIT?ISDIGIT
            CODE    635CH     000DH     UNIT         ?PR?SPI_INIT?PCF85063BTL
            CODE    6369H     000DH     UNIT         ?PR?ENABLE_EXTINT0?SI1120
            CODE    6376H     000DH     UNIT         ?PR?_FABS?FABS
            CODE    6383H     000CH     UNIT         ?PR?KEYPAD_IO_INIT?KEYPAD
            CODE    638FH     000CH     UNIT         ?PR?_ABS?ABS
            CODE    639BH     000AH     UNIT         ?PR?LCD_RETURN_HOME?LCD_DRIVER_SPLC780D
            CODE    63A5H     000AH     UNIT         ?PR?LCD_CLEAR?LCD_DRIVER_SPLC780D
            CODE    63AFH     0009H     UNIT         ?PR?TM1_ISR?MAIN
            CODE    63B8H     0009H     UNIT         ?PR?_SENDUART1?MAIN
            CODE    63C1H     0009H     UNIT         ?PR?UART1_INITTCPCONN?UART1
            CODE    63CAH     0006H     UNIT         ?PR?UC_ACK?IOEXPANDER_PI4IOE5V96248
            CODE    63D0H     0006H     UNIT         ?PR?_TEN?UART1
            CODE    63D6H     0001H     UNIT         ?PR?NOP?IOEXPANDER_PI4IOE5V96248
            CODE    63D7H     0001H     UNIT         ?PR?_DECTOBCD?UART1



OVERLAY MAP OF MODULE:   .\Obj\GPIO_RTC_Test (MAIN)

BL51 BANKED LINKER/LOCATER V6.22                                                      07/17/2019  09:54:25  PAGE 5



SEGMENT                                             BIT_GROUP          DATA_GROUP          XDATA_GROUP
  +--> CALLED SEGMENT                            START    LENGTH     START    LENGTH     START    LENGTH
--------------------------------------------------------------------------------------------------------
?PR?EXINT0?MAIN                                  -----    -----      -----    -----      -----    -----
  +--> ?PR?_POW?POW

?PR?_POW?POW                                     -----    -----      -----    -----      03BCH    000AH
  +--> ?PR?LOG?LOG
  +--> ?PR?EXP?EXP

?PR?LOG?LOG                                      0020H.0  0000H.1    -----    -----      03C6H    0004H

*** NEW ROOT ***************************************************

?C_C51STARTUP                                    -----    -----      -----    -----      -----    -----
  +--> ?PR?MAIN?MAIN
  +--> ?C_INITSEG

?PR?MAIN?MAIN                                    -----    -----      -----    -----      03CAH    002EH
  +--> ?PR?LCD_INIT?LCD_DRIVER_SPLC780D
  +--> ?PR?SPI_INIT?PCF85063BTL
  +--> ?PR?KEYPAD_IO_INIT?KEYPAD
  +--> ?PR?ADC_INIT?ADC
  +--> ?PR?SI1120_CONFIG_MODE_VIRH?SI1120
  +--> ?PR?ENABLE_EXTINT0?SI1120
  +--> ?PR?VSETLOCATION?BIPOLARMOTOR
  +--> ?PR?_SPI_WRITETIME?PCF85063BTL
  +--> ?PR?_DELAY_MS?KEYPAD
  +--> ?PR?_DISPLAY_LINE?LCD_DRIVER_SPLC780D
  +--> ?PR?_WRITEDATA?LCD_DRIVER_SPLC780D
  +--> ?PR?INITUART1?UART1
  +--> ?PR?UART1_INITTCPCONN?UART1
  +--> ?CO?MAIN
  +--> ?PR?_UART1_SENDTOTCPSERVER?UART1
  +--> ?PR?KEY_PROCESS?KEYPAD
  +--> ?PR?_COMMAND?LCD_DRIVER_SPLC780D
  +--> ?PR?_DISPLAY_POS?LCD_DRIVER_SPLC780D
  +--> ?PR?_DISPLAYLCD?LCD_DRIVER_SPLC780D
  +--> ?PR?_STEP_MOVE?BIPOLARMOTOR
  +--> ?PR?LCD_RETURN_HOME?LCD_DRIVER_SPLC780D
  +--> ?PR?_READ_TIME?PCF85063BTL
  +--> ?PR?_BCDTODEC1?BIPOLARMOTOR
  +--> ?PR?_SENDSTRING?UART1
  +--> ?PR?_ELEVATION_CALCULATION?BIPOLARMOTOR
  +--> ?PR?PRINTF?PRINTF
  +--> ?PR?_CALIBRATION?CALIBRATION
  +--> ?PR?_UPDATE_POSITION?BIPOLARMOTOR
  +--> ?PR?AT25SF041_WRITEENABLE?AT25SF041
  +--> ?PR?_AT25SF041_WRITE?AT25SF041
  +--> ?PR?_WAIT_MS_SPINOR?AT25SF041
  +--> ?PR?_ADC_GETRESULT?ADC
  +--> ?PR?SPI_NOR_WRITE_DATA?AT25SF041
  +--> ?PR?_WAIT_MS?LCD_DRIVER_SPLC780D
  +--> ?PR?LINEAR_INTERPOLATE?BIPOLARMOTOR
  +--> ?PR?_FINDCLOSESTSAMEDAYCALIBTIME?CALI...
  +--> ?PR?LCD_CLEAR?LCD_DRIVER_SPLC780D
BL51 BANKED LINKER/LOCATER V6.22                                                      07/17/2019  09:54:25  PAGE 6


  +--> ?PR?AT25SF041_CHIPERASE?AT25SF041

?PR?LCD_INIT?LCD_DRIVER_SPLC780D                 -----    -----      -----    -----      -----    -----
  +--> ?PR?_WAIT_MS?LCD_DRIVER_SPLC780D
  +--> ?PR?_COMMAND?LCD_DRIVER_SPLC780D

?PR?_COMMAND?LCD_DRIVER_SPLC780D                 -----    -----      -----    -----      -----    -----
  +--> ?PR?_WAIT_MS?LCD_DRIVER_SPLC780D

?PR?SI1120_CONFIG_MODE_VIRH?SI1120               -----    -----      -----    -----      -----    -----
  +--> ?PR?_WAIT_MS?LCD_DRIVER_SPLC780D

?PR?_SPI_WRITETIME?PCF85063BTL                   -----    -----      -----    -----      -----    -----
  +--> ?PR?_SPI_SENDBYTE?PCF85063BTL

?PR?_SPI_SENDBYTE?PCF85063BTL                    -----    -----      -----    -----      -----    -----
  +--> ?PR?_PCF85063BTL_DELAY?PCF85063BTL

?PR?_DISPLAY_LINE?LCD_DRIVER_SPLC780D            -----    -----      -----    -----      -----    -----
  +--> ?PR?_COMMAND?LCD_DRIVER_SPLC780D

?PR?_WRITEDATA?LCD_DRIVER_SPLC780D               -----    -----      -----    -----      04F4H    0001H
  +--> ?PR?_WAIT_MS?LCD_DRIVER_SPLC780D

?PR?UART1_INITTCPCONN?UART1                      -----    -----      -----    -----      -----    -----
  +--> ?CO?UART1
  +--> ?PR?_SENDSTRING?UART1

?PR?_SENDSTRING?UART1                            -----    -----      -----    -----      04E9H    0003H
  +--> ?PR?_SENDUART1?MAIN

?PR?_UART1_SENDTOTCPSERVER?UART1                 -----    -----      -----    -----      03F8H    0003H
  +--> ?CO?UART1
  +--> ?PR?_SENDSTRING?UART1
  +--> ?PR?_DELAY_MS?KEYPAD

?PR?KEY_PROCESS?KEYPAD                           -----    -----      -----    -----      03F8H    0006H
  +--> ?PR?KEY_SCAN?KEYPAD
  +--> ?PR?_SPI_WRITETIME?PCF85063BTL
  +--> ?PR?LCD_CLEAR?LCD_DRIVER_SPLC780D
  +--> ?PR?_COMMAND?LCD_DRIVER_SPLC780D
  +--> ?PR?_WRITEDATA?LCD_DRIVER_SPLC780D

?PR?KEY_SCAN?KEYPAD                              -----    -----      -----    -----      03FEH    0003H

?PR?LCD_CLEAR?LCD_DRIVER_SPLC780D                -----    -----      -----    -----      -----    -----
  +--> ?PR?_COMMAND?LCD_DRIVER_SPLC780D

?PR?_DISPLAY_POS?LCD_DRIVER_SPLC780D             -----    -----      -----    -----      04E9H    000BH
  +--> ?PR?_ABS?ABS
  +--> ?PR?_WRITEDATA?LCD_DRIVER_SPLC780D

?PR?_DISPLAYLCD?LCD_DRIVER_SPLC780D              -----    -----      -----    -----      03F8H    0001H
  +--> ?PR?_WRITEDATA?LCD_DRIVER_SPLC780D

?PR?_STEP_MOVE?BIPOLARMOTOR                      0020H.2  0000H.1    -----    -----      04EDH    0004H
  +--> ?PR?VONESTEPMOVE?BIPOLARMOTOR
BL51 BANKED LINKER/LOCATER V6.22                                                      07/17/2019  09:54:25  PAGE 7



?PR?VONESTEPMOVE?BIPOLARMOTOR                    0020H.3  0000H.1    -----    -----      -----    -----
  +--> ?PR?_WRITE_PI4IOE5V96248?IOEXPANDER_P...
  +--> ?PR?_DELAY_MS?KEYPAD

?PR?_WRITE_PI4IOE5V96248?IOEXPANDER_P...         -----    -----      -----    -----      04F1H    0003H
  +--> ?PR?I2C_START?IOEXPANDER_PI4IOE5V96248
  +--> ?PR?_WAIT_MS_I2C?IOEXPANDER_PI4IOE5V9...
  +--> ?PR?_I2C_SENDBYTE?IOEXPANDER_PI4IOE5V...
  +--> ?PR?I2C_ACK?IOEXPANDER_PI4IOE5V96248
  +--> ?PR?I2C_STOP?IOEXPANDER_PI4IOE5V96248

?PR?I2C_START?IOEXPANDER_PI4IOE5V96248           -----    -----      -----    -----      -----    -----
  +--> ?PR?_WAIT_MS_I2C?IOEXPANDER_PI4IOE5V9...

?PR?_I2C_SENDBYTE?IOEXPANDER_PI4IOE5V...         -----    -----      -----    -----      -----    -----
  +--> ?PR?_WAIT_MS_I2C?IOEXPANDER_PI4IOE5V9...

?PR?I2C_ACK?IOEXPANDER_PI4IOE5V96248             -----    -----      -----    -----      04F4H    0001H
  +--> ?PR?_WAIT_MS_I2C?IOEXPANDER_PI4IOE5V9...

?PR?I2C_STOP?IOEXPANDER_PI4IOE5V96248            -----    -----      -----    -----      -----    -----
  +--> ?PR?_WAIT_MS_I2C?IOEXPANDER_PI4IOE5V9...

?PR?LCD_RETURN_HOME?LCD_DRIVER_SPLC780D          -----    -----      -----    -----      -----    -----
  +--> ?PR?_COMMAND?LCD_DRIVER_SPLC780D

?PR?_READ_TIME?PCF85063BTL                       -----    -----      -----    -----      04E9H    000FH
  +--> ?PR?_SPI_READTIME?PCF85063BTL

?PR?_SPI_READTIME?PCF85063BTL                    -----    -----      -----    -----      -----    -----
  +--> ?PR?_SPI_SENDBYTE?PCF85063BTL
  +--> ?PR?SPI_RECEIVEBYTE?PCF85063BTL

?PR?SPI_RECEIVEBYTE?PCF85063BTL                  -----    -----      -----    -----      -----    -----
  +--> ?PR?_PCF85063BTL_DELAY?PCF85063BTL

?PR?_ELEVATION_CALCULATION?BIPOLARMOTOR          -----    -----      -----    -----      03F8H    0005H
  +--> ?PR?_BCDTODEC1?BIPOLARMOTOR
  +--> ?PR?SUNPOS?SUNPOS
  +--> ?PR?SIN?SIN
  +--> ?PR?ASIN?ASIN

?PR?SUNPOS?SUNPOS                                -----    -----      -----    -----      0442H    005DH
  +--> ?PR?SIN?SIN
  +--> ?PR?_ATAN2?ATAN2
  +--> ?PR?ASIN?ASIN
  +--> ?PR?ACOS?ACOS

?PR?SIN?SIN                                      0020H.1  0000H.1    -----    -----      049FH    0004H

?PR?_ATAN2?ATAN2                                 -----    -----      -----    -----      049FH    0008H
  +--> ?PR?ATAN?ATAN

?PR?ATAN?ATAN                                    0020H.1  0000H.2    -----    -----      04A7H    0004H

?PR?ASIN?ASIN                                    -----    -----      -----    -----      -----    -----
BL51 BANKED LINKER/LOCATER V6.22                                                      07/17/2019  09:54:25  PAGE 8


  +--> ?PR?SQRT?SQRT
  +--> ?PR?ATAN?ATAN

?PR?SQRT?SQRT                                    -----    -----      -----    -----      049FH    0004H

?PR?ACOS?ACOS                                    -----    -----      -----    -----      -----    -----
  +--> ?PR?SQRT?SQRT
  +--> ?PR?ATAN?ATAN

?PR?PRINTF?PRINTF                                0020H.1  0001H.1    0008H    0005H      04E9H    0030H
  +--> ?PR?PUTCHAR?PUTCHAR

?PR?_CALIBRATION?CALIBRATION                     -----    -----      -----    -----      03F8H    0024H
  +--> ?PR?VOLTAGE_IS_STABLE?CALIBRATION
  +--> ?PR?_UPDATE_POSITION?BIPOLARMOTOR
  +--> ?PR?_FIND_REAL_MAX?CALIBRATION

?PR?VOLTAGE_IS_STABLE?CALIBRATION                -----    -----      -----    -----      041CH    0018H
  +--> ?PR?_ADC_GETRESULT?ADC
  +--> ?PR?_ABS?ABS

?PR?_UPDATE_POSITION?BIPOLARMOTOR                -----    -----      -----    -----      041CH    0026H
  +--> ?PR?_BCDTODEC1?BIPOLARMOTOR
  +--> ?PR?SUNPOS?SUNPOS
  +--> ?PR?SIN?SIN
  +--> ?PR?ASIN?ASIN
  +--> ?PR?_THEORICALJP_POSITION?BIPOLARMOTOR
  +--> ?PR?_FABS?FABS
  +--> ?PR?_MOVE?BIPOLARMOTOR

?PR?_THEORICALJP_POSITION?BIPOLARMOTOR           -----    -----      -----    -----      0442H    005CH
  +--> ?PR?LINEAR_INTERPOLATE?BIPOLARMOTOR

?PR?LINEAR_INTERPOLATE?BIPOLARMOTOR              -----    -----      -----    -----      049EH    0014H

?PR?_MOVE?BIPOLARMOTOR                           0020H.1  0000H.1    -----    -----      04E9H    0004H
  +--> ?PR?_STEP_MOVE?BIPOLARMOTOR

?PR?_FIND_REAL_MAX?CALIBRATION                   -----    -----      -----    -----      041CH    00CDH
  +--> ?PR?_ADC_GETRESULT?ADC
  +--> ?PR?_WAIT_MS?LCD_DRIVER_SPLC780D
  +--> ?CO?CALIBRATION
  +--> ?PR?PRINTF?PRINTF
  +--> ?PR?_SENDSTRING?UART1
  +--> ?PR?_COMMAND?LCD_DRIVER_SPLC780D
  +--> ?PR?_WRITEDATA?LCD_DRIVER_SPLC780D
  +--> ?PR?_DISPLAY_POS?LCD_DRIVER_SPLC780D
  +--> ?PR?_MOVE?BIPOLARMOTOR
  +--> ?PR?_READ_TIME?PCF85063BTL
  +--> ?PR?_BCDTODEC1?BIPOLARMOTOR
  +--> ?PR?_MAX_VALUE?CALIBRATION

?PR?_MAX_VALUE?CALIBRATION                       -----    -----      -----    -----      04E9H    0004H

?PR?AT25SF041_WRITEENABLE?AT25SF041              -----    -----      -----    -----      0406H    0002H
  +--> ?PR?_WAIT_MS_SPINOR?AT25SF041
  +--> ?PR?UCREAD_STATUS_REGISTER_BYTE1?AT25...
BL51 BANKED LINKER/LOCATER V6.22                                                      07/17/2019  09:54:25  PAGE 9



?PR?UCREAD_STATUS_REGISTER_BYTE1?AT25...         -----    -----      -----    -----      040EH    0003H
  +--> ?PR?_WAIT_MS_SPINOR?AT25SF041

?PR?_AT25SF041_WRITE?AT25SF041                   -----    -----      -----    -----      0406H    0008H
  +--> ?PR?_WAIT_MS_SPINOR?AT25SF041
  +--> ?PR?UCREAD_STATUS_REGISTER_BYTE1?AT25...

?PR?SPI_NOR_WRITE_DATA?AT25SF041                 -----    -----      -----    -----      03F8H    000EH
  +--> ?PR?AT25SF041_WRITEENABLE?AT25SF041
  +--> ?PR?_AT25SF041_WRITE?AT25SF041
  +--> ?PR?_WAIT_MS_SPINOR?AT25SF041

?PR?AT25SF041_CHIPERASE?AT25SF041                -----    -----      -----    -----      03F8H    0002H
  +--> ?PR?_WAIT_MS_SPINOR?AT25SF041
  +--> ?PR?UCREAD_STATUS_REGISTER_BYTE1?AT25...



SYMBOL TABLE OF MODULE:  .\Obj\GPIO_RTC_Test (MAIN)

  VALUE           TYPE          NAME
  ----------------------------------

  -------         MODULE        MAIN
  C:0000H         SYMBOL        _ICE_DUMMY_
  X:0521H         PUBLIC        calib_value
  D:0080H         PUBLIC        P0
  D:0090H         PUBLIC        P1
  D:00A0H         PUBLIC        P2
  D:00B0H         PUBLIC        P3
  D:00C0H         PUBLIC        P4
  D:00C8H         PUBLIC        P5
  X:0575H         SYMBOL        PressedKey
  B:00A8H.7       PUBLIC        EA
  D:00E8H         PUBLIC        P6
  X:0579H         PUBLIC        calib_stamp
  D:00F8H         PUBLIC        P7
  X:057AH         PUBLIC        sTempString
  X:0583H         PUBLIC        calib_bool
  X:05ADH         PUBLIC        pwm_time_min
  D:00A8H         PUBLIC        IE
  X:05B1H         PUBLIC        calib_time
  X:0605H         PUBLIC        pwm_time_max
  B:0090H.7       PUBLIC        Connect_Electronics_Load
  D:00B8H         PUBLIC        IP
  B:0098H.0       PUBLIC        RI
  B:00B0H.2       PUBLIC        INT0
  X:0609H         PUBLIC        months
  B:0098H.1       PUBLIC        TI
  C:000EH         PUBLIC        Uart
  D:00D8H         PUBLIC        CCON
  C:0026H         PUBLIC        main
  X:060AH         PUBLIC        count
  B:0090H.2       PUBLIC        Connect_IV_Load
  D:0099H         PUBLIC        SBUF
  X:060CH         PUBLIC        days
BL51 BANKED LINKER/LOCATER V6.22                                                      07/17/2019  09:54:25  PAGE 10


  X:060DH         PUBLIC        hours
  D:0098H         PUBLIC        SCON
  D:0089H         PUBLIC        TMOD
  D:0088H         PUBLIC        TCON
  B:00A0H.3       PUBLIC        P23
  X:060EH         SYMBOL        KeyCount
  X:0610H         PUBLIC        mins
  B:00C8H.5       PUBLIC        P55
  D:008EH         PUBLIC        AUXR
  C:617FH         PUBLIC        tm0_isr
  B:0090H.5       PUBLIC        SI1120_STX
  C:63AFH         PUBLIC        tm1_isr
  B:0021H.2       PUBLIC        busy
  D:00E0H         PUBLIC        ACC
  B:00A8H.1       PUBLIC        ET0
  B:00A8H.3       PUBLIC        ET1
  X:0611H         PUBLIC        SPI_NOR_INTERNAL_FLASH_ADDR
  D:008CH         PUBLIC        TH0
  D:008DH         PUBLIC        TH1
  D:008AH         PUBLIC        TL0
  D:008BH         PUBLIC        TL1
  B:0088H.4       PUBLIC        TR0
  B:0088H.6       PUBLIC        TR1
  X:0615H         PUBLIC        old_mins
  C:5320H         PUBLIC        exint0
  X:0616H         SYMBOL        KeyNum
  X:0617H         SYMBOL        KeyNum_Old
  X:0618H         PUBLIC        timer0_count
  X:061AH         PUBLIC        current_position
  X:061EH         PUBLIC        pwm_time
  X:0622H         PUBLIC        start_timer0_count
  X:0623H         PUBLIC        seconds
  D:00D0H         PUBLIC        PSW
  C:63B8H         PUBLIC        _SendUART1
  -------         PROC          TM0_ISR
  C:617FH         LINE#         105
  C:6185H         LINE#         109
  C:6188H         LINE#         110
  C:618BH         LINE#         111
  C:6199H         LINE#         112
  -------         ENDPROC       TM0_ISR
  -------         PROC          TM1_ISR
  C:63AFH         LINE#         113
  C:63AFH         LINE#         115
  C:63B1H         LINE#         117
  C:63B4H         LINE#         118
  C:63B7H         LINE#         119
  -------         ENDPROC       TM1_ISR
  -------         PROC          EXINT0
  C:5320H         LINE#         120
  C:533DH         LINE#         124
  C:5340H         LINE#         125
  C:5340H         LINE#         126
  C:5343H         LINE#         127
  C:5346H         LINE#         128
  C:5348H         LINE#         129
  C:534AH         LINE#         133
BL51 BANKED LINKER/LOCATER V6.22                                                      07/17/2019  09:54:25  PAGE 11


  C:534DH         LINE#         136
  C:534DH         LINE#         137
  C:534FH         LINE#         139
  C:535BH         LINE#         140
  C:53B5H         LINE#         141
  C:53F3H         LINE#         142
  C:53FAH         LINE#         147
  C:53FAH         LINE#         149
  -------         ENDPROC       EXINT0
  -------         PROC          MAIN
  -------         DO            
  X:0519H         SYMBOL        KeyCount
  X:051BH         SYMBOL        KeyNum_Old
  X:051CH         SYMBOL        KeyNum
  X:051DH         SYMBOL        PressedKey
  X:03CAH         SYMBOL        prox_flag
  X:03CBH         SYMBOL        iUse_prevday_calib_value
  X:03CDH         SYMBOL        max_ADC_Val_JP
  X:03CFH         SYMBOL        max_ADC_Val
  X:03D1H         SYMBOL        calib_point1
  X:03D9H         SYMBOL        calib_point2
  X:03E1H         SYMBOL        dat_to_store
  X:03ECH         SYMBOL        calib_day
  X:03EEH         SYMBOL        calib_count
  X:03F0H         SYMBOL        theorical_JP_max_pos
  X:03F4H         SYMBOL        elevation
  -------         ENDDO         
  C:0026H         LINE#         151
  C:0026H         LINE#         152
  C:0026H         LINE#         157
  C:002CH         LINE#         158
  C:0031H         LINE#         160
  C:0039H         LINE#         164
  C:003FH         LINE#         165
  C:0049H         LINE#         176
  C:0051H         LINE#         177
  C:0058H         LINE#         178
  C:005EH         LINE#         180
  C:0064H         LINE#         192
  C:0067H         LINE#         193
  C:006AH         LINE#         194
  C:006DH         LINE#         196
  C:0070H         LINE#         199
  C:0073H         LINE#         200
  C:0076H         LINE#         202
  C:0079H         LINE#         204
  C:007CH         LINE#         205
  C:007FH         LINE#         206
  C:0082H         LINE#         207
  C:0084H         LINE#         208
  C:0086H         LINE#         209
  C:0089H         LINE#         210
  C:008BH         LINE#         211
  C:008DH         LINE#         213
  C:008FH         LINE#         214
  C:0096H         LINE#         215
  C:009DH         LINE#         216
BL51 BANKED LINKER/LOCATER V6.22                                                      07/17/2019  09:54:25  PAGE 12


  C:00A4H         LINE#         217
  C:00ABH         LINE#         221
  C:00B2H         LINE#         222
  C:00B7H         LINE#         223
  C:00BCH         LINE#         224
  C:00C1H         LINE#         225
  C:00C6H         LINE#         226
  C:00CBH         LINE#         229
  C:00E4H         LINE#         230
  C:00E4H         LINE#         231
  C:0100H         LINE#         232
  C:0147H         LINE#         233
  C:0158H         LINE#         234
  C:015BH         LINE#         237
  C:0162H         LINE#         240
  C:0165H         LINE#         242
  C:016CH         LINE#         243
  C:0175H         LINE#         246
  C:0175H         LINE#         247
  C:0175H         LINE#         248
  C:0178H         LINE#         258
  C:0178H         LINE#         262
  C:017DH         LINE#         263
  C:0182H         LINE#         265
  C:0187H         LINE#         267
  C:018CH         LINE#         268
  C:0191H         LINE#         271
  C:01A2H         LINE#         273
  C:01A7H         LINE#         274
  C:01ACH         LINE#         276
  C:01B3H         LINE#         277
  C:01BBH         LINE#         278
  C:01C0H         LINE#         279
  C:01C8H         LINE#         280
  C:01CDH         LINE#         281
  C:01D7H         LINE#         282
  C:01DCH         LINE#         283
  C:01E4H         LINE#         285
  C:01ECH         LINE#         286
  C:01F1H         LINE#         287
  C:01FBH         LINE#         288
  C:01FBH         LINE#         289
  C:01FDH         LINE#         290
  C:01FFH         LINE#         291
  C:0209H         LINE#         292
  C:0209H         LINE#         293
  C:020EH         LINE#         294
  C:020EH         LINE#         306
  C:0222H         LINE#         307
  C:0222H         LINE#         308
  C:0237H         LINE#         309
  C:0246H         LINE#         310
  C:0246H         LINE#         311
  C:0259H         LINE#         312
  C:025BH         LINE#         314
  C:025BH         LINE#         315
  C:0277H         LINE#         316
BL51 BANKED LINKER/LOCATER V6.22                                                      07/17/2019  09:54:25  PAGE 13


  C:0277H         LINE#         317
  C:027CH         LINE#         318
  C:027CH         LINE#         319
  C:0290H         LINE#         320
  C:0290H         LINE#         323
  C:02A5H         LINE#         324
  C:02B4H         LINE#         325
  C:02B4H         LINE#         326
  C:02C7H         LINE#         327
  C:02C9H         LINE#         329
  C:02C9H         LINE#         330
  C:02E5H         LINE#         331
  C:02E5H         LINE#         332
  C:02EAH         LINE#         333
  C:02F0H         LINE#         334
  C:02F0H         LINE#         336
  C:0312H         LINE#         337
  C:0312H         LINE#         338
  C:031CH         LINE#         339
  C:0322H         LINE#         340
  C:0329H         LINE#         341
  C:032FH         LINE#         342
  C:0336H         LINE#         343
  C:0336H         LINE#         344
  C:0339H         LINE#         346
  C:0339H         LINE#         351
  C:0341H         LINE#         352
  C:037CH         LINE#         353
  C:039AH         LINE#         354
  C:039AH         LINE#         356
  C:03A3H         LINE#         357
  C:03AAH         LINE#         358
  C:03B3H         LINE#         359
  C:03BAH         LINE#         361
  C:03BAH         LINE#         365
  C:03C7H         LINE#         366
  C:03C7H         LINE#         370
  C:03C7H         LINE#         371
  C:03EFH         LINE#         372
  C:03EFH         LINE#         373
  C:0411H         LINE#         374
  C:0411H         LINE#         376
  C:0437H         LINE#         377
  C:048DH         LINE#         378
  C:0496H         LINE#         379
  C:049DH         LINE#         380
  C:04A6H         LINE#         381
  C:04AFH         LINE#         382
  C:04B6H         LINE#         388
  C:04D3H         LINE#         394
  C:04D3H         LINE#         396
  C:054FH         LINE#         397
  C:0568H         LINE#         398
  C:056AH         LINE#         399
  C:056CH         LINE#         401
  C:05F6H         LINE#         406
  C:0627H         LINE#         407
BL51 BANKED LINKER/LOCATER V6.22                                                      07/17/2019  09:54:25  PAGE 14


  C:0627H         LINE#         409
  C:065DH         LINE#         410
  C:0680H         LINE#         411
  C:0695H         LINE#         414
  C:0695H         LINE#         415
  C:0698H         LINE#         417
  C:0698H         LINE#         419
  C:069FH         LINE#         420
  C:069FH         LINE#         421
  C:06A2H         LINE#         422
  C:06C0H         LINE#         423
  C:06C7H         LINE#         424
  C:06E6H         LINE#         425
  C:0705H         LINE#         427
  C:0781H         LINE#         428
  C:0799H         LINE#         430
  C:079BH         LINE#         431
  C:079DH         LINE#         432
  C:07F5H         LINE#         433
  C:0830H         LINE#         434
  C:083DH         LINE#         435
  C:084CH         LINE#         436
  C:084CH         LINE#         438
  C:0854H         LINE#         439
  C:085CH         LINE#         440
  C:0864H         LINE#         441
  C:086CH         LINE#         443
  C:0880H         LINE#         444
  C:0896H         LINE#         445
  C:08C6H         LINE#         446
  C:08E6H         LINE#         448
  C:08FAH         LINE#         449
  C:0910H         LINE#         450
  C:0940H         LINE#         451
  C:0947H         LINE#         453
  C:096BH         LINE#         456
  C:0996H         LINE#         458
  C:099FH         LINE#         459
  C:09A6H         LINE#         460
  C:09AFH         LINE#         461
  C:09B8H         LINE#         462
  C:09BFH         LINE#         464
  C:09FCH         LINE#         466
  C:0A05H         LINE#         467
  C:0A0CH         LINE#         468
  C:0A15H         LINE#         469
  C:0A1EH         LINE#         470
  C:0A25H         LINE#         472
  C:0A50H         LINE#         474
  C:0A59H         LINE#         475
  C:0A60H         LINE#         476
  C:0A69H         LINE#         477
  C:0A72H         LINE#         478
  C:0A79H         LINE#         480
  C:0AA4H         LINE#         482
  C:0AADH         LINE#         483
  C:0AB4H         LINE#         484
BL51 BANKED LINKER/LOCATER V6.22                                                      07/17/2019  09:54:25  PAGE 15


  C:0ABDH         LINE#         485
  C:0AC6H         LINE#         486
  C:0AC8H         LINE#         488
  C:0AD6H         LINE#         489
  C:0AD6H         LINE#         490
  C:0ADEH         LINE#         492
  C:0ADEH         LINE#         495
  C:0ADEH         LINE#         497
  C:0B03H         LINE#         498
  C:0B03H         LINE#         499
  C:0B25H         LINE#         500
  C:0B25H         LINE#         501
  C:0BA1H         LINE#         502
  C:0BA3H         LINE#         503
  C:0BA5H         LINE#         505
  C:0BFDH         LINE#         508
  C:0C0CH         LINE#         509
  C:0C0CH         LINE#         510
  C:0C8AH         LINE#         511
  C:0C93H         LINE#         512
  C:0C9AH         LINE#         513
  C:0CA3H         LINE#         514
  C:0CACH         LINE#         515
  C:0CB3H         LINE#         518
  C:0CDEH         LINE#         520
  C:0CE7H         LINE#         521
  C:0CEEH         LINE#         522
  C:0CF7H         LINE#         523
  C:0D00H         LINE#         527
  C:0D07H         LINE#         529
  C:0D32H         LINE#         531
  C:0D3BH         LINE#         532
  C:0D42H         LINE#         533
  C:0D4BH         LINE#         534
  C:0D54H         LINE#         535
  C:0D5BH         LINE#         538
  C:0D99H         LINE#         540
  C:0DA2H         LINE#         541
  C:0DA9H         LINE#         542
  C:0DB2H         LINE#         543
  C:0DBBH         LINE#         544
  C:0DC2H         LINE#         545
  C:0DC2H         LINE#         546
  C:0DC2H         LINE#         548
  C:0DC5H         LINE#         552
  C:0DC5H         LINE#         555
  C:0DE7H         LINE#         556
  C:0DE7H         LINE#         557
  C:0E63H         LINE#         559
  C:0E90H         LINE#         560
  C:0EABH         LINE#         561
  C:0ED8H         LINE#         562
  C:0EDAH         LINE#         564
  C:0F0DH         LINE#         565
  C:0F0DH         LINE#         566
  C:0F37H         LINE#         567
  C:0F9FH         LINE#         568
BL51 BANKED LINKER/LOCATER V6.22                                                      07/17/2019  09:54:25  PAGE 16


  C:0FA1H         LINE#         570
  C:0FA1H         LINE#         571
  C:1004H         LINE#         572
  C:1004H         LINE#         576
  C:1004H         LINE#         578
  C:1004H         LINE#         579
  C:1004H         LINE#         581
  C:1004H         LINE#         584
  C:1020H         LINE#         585
  C:1020H         LINE#         586
  C:1022H         LINE#         588
  C:1024H         LINE#         590
  C:1024H         LINE#         591
  C:1026H         LINE#         593
  C:1026H         LINE#         595
  C:1035H         LINE#         596
  C:1035H         LINE#         597
  C:1038H         LINE#         598
  C:103FH         LINE#         599
  C:1044H         LINE#         600
  C:1049H         LINE#         601
  C:104EH         LINE#         602
  C:1053H         LINE#         603
  C:1058H         LINE#         613
  C:105BH         LINE#         615
  C:105EH         LINE#         616
  C:1065H         LINE#         617
  C:106FH         LINE#         618
  C:1076H         LINE#         620
  C:1079H         LINE#         629
  C:1079H         LINE#         630
  -------         ENDPROC       MAIN
  -------         PROC          UART
  C:000EH         LINE#         644
  C:000EH         LINE#         646
  C:0011H         LINE#         647
  C:0011H         LINE#         648
  C:0013H         LINE#         650
  C:0013H         LINE#         651
  C:0016H         LINE#         652
  C:0016H         LINE#         653
  C:0018H         LINE#         654
  C:001AH         LINE#         655
  C:001AH         LINE#         656
  -------         ENDPROC       UART
  -------         PROC          _SENDUART1
  D:0007H         SYMBOL        dat
  C:63B8H         LINE#         658
  C:63B8H         LINE#         659
  C:63B8H         LINE#         660
  C:63BBH         LINE#         661
  C:63BDH         LINE#         662
  C:63BEH         LINE#         663
  C:63C0H         LINE#         664
  -------         ENDPROC       _SENDUART1
  -------         ENDMOD        MAIN

BL51 BANKED LINKER/LOCATER V6.22                                                      07/17/2019  09:54:25  PAGE 17


  -------         MODULE        PCF85063BTL
  C:0000H         SYMBOL        _ICE_DUMMY_
  D:0096H         PUBLIC        P2M0
  D:0080H         PUBLIC        P0
  D:0095H         PUBLIC        P2M1
  D:0090H         PUBLIC        P1
  D:00A0H         PUBLIC        P2
  D:00B0H         PUBLIC        P3
  D:00C0H         PUBLIC        P4
  D:00C8H         PUBLIC        P5
  D:00E8H         PUBLIC        P6
  B:00A0H.1       PUBLIC        PCF85063BTL_SDI
  D:00F8H         PUBLIC        P7
  B:00A0H.2       PUBLIC        PCF85063BTL_SCK
  B:00A0H.1       PUBLIC        PCF85063BTL_SDO
  D:00A8H         PUBLIC        IE
  C:5C3AH         PUBLIC        _Read_time
  C:62DAH         PUBLIC        _PCF85063BTL_Delay
  D:00B8H         PUBLIC        IP
  D:00D8H         PUBLIC        CCON
  C:5AC7H         PUBLIC        _Day_Of_Year
  C:61C0H         PUBLIC        SPI_ReceiveByte
  D:0098H         PUBLIC        SCON
  D:0088H         PUBLIC        TCON
  C:630DH         PUBLIC        _BCDtoDec
  B:00A0H.0       PUBLIC        PCF85063BTL_CS
  C:62FCH         PUBLIC        _SPI_ReadTime
  C:635CH         PUBLIC        SPI_Init
  C:6250H         PUBLIC        _SPI_WriteTime
  C:61A0H         PUBLIC        _SPI_SendByte
  D:00D0H         PUBLIC        PSW
  C:62D6H         SYMBOL        L?0048
  -------         PROC          L?0047
  -------         ENDPROC       L?0047
  C:62D6H         SYMBOL        L?0048
  -------         PROC          _PCF85063BTL_DELAY
  D:0006H         SYMBOL        us
  C:62DAH         LINE#         8
  C:62DAH         LINE#         9
  C:62DAH         LINE#         10
  C:62E4H         LINE#         11
  C:62E4H         LINE#         12
  C:62E5H         LINE#         13
  C:62E7H         LINE#         14
  -------         ENDPROC       _PCF85063BTL_DELAY
  -------         PROC          _SPI_SENDBYTE
  D:0005H         SYMBOL        dat
  -------         DO            
  D:0003H         SYMBOL        i
  -------         ENDDO         
  C:61A0H         LINE#         17
  C:61A2H         LINE#         18
  C:61A2H         LINE#         20
  C:61A4H         LINE#         21
  C:61A4H         LINE#         22
  C:61A6H         LINE#         23
  C:61AAH         LINE#         24
BL51 BANKED LINKER/LOCATER V6.22                                                      07/17/2019  09:54:25  PAGE 18


  C:61AAH         LINE#         25
  C:61ACH         LINE#         26
  C:61AEH         LINE#         28
  C:61AEH         LINE#         29
  C:61B0H         LINE#         30
  C:61B0H         LINE#         31
  C:61B3H         LINE#         32
  C:61B3H         LINE#         33
  C:61B6H         LINE#         34
  C:61BAH         LINE#         35
  C:61BFH         LINE#         36
  -------         ENDPROC       _SPI_SENDBYTE
  -------         PROC          SPI_RECEIVEBYTE
  -------         DO            
  D:0003H         SYMBOL        i
  D:0005H         SYMBOL        dat
  -------         ENDDO         
  C:61C0H         LINE#         39
  C:61C0H         LINE#         40
  C:61C0H         LINE#         42
  C:61C2H         LINE#         44
  C:61C4H         LINE#         45
  C:61C5H         LINE#         46
  C:61C5H         LINE#         47
  C:61C9H         LINE#         48
  C:61CBH         LINE#         49
  C:61CEH         LINE#         51
  C:61D1H         LINE#         52
  C:61D1H         LINE#         53
  C:61D5H         LINE#         54
  C:61D5H         LINE#         55
  C:61D5H         LINE#         56
  C:61D8H         LINE#         57
  C:61DDH         LINE#         58
  C:61DFH         LINE#         59
  -------         ENDPROC       SPI_RECEIVEBYTE
  -------         PROC          _SPI_READTIME
  D:0007H         SYMBOL        addr
  -------         DO            
  D:0006H         SYMBOL        dat
  -------         ENDDO         
  C:62FCH         LINE#         61
  C:62FCH         LINE#         62
  C:62FCH         LINE#         64
  C:62FEH         LINE#         65
  C:6300H         LINE#         66
  C:6307H         LINE#         67
  C:630AH         LINE#         68
  C:630CH         LINE#         69
  C:630CH         LINE#         70
  -------         ENDPROC       _SPI_READTIME
  -------         PROC          _SPI_WRITETIME
  D:0002H         SYMBOL        val
  D:0005H         SYMBOL        addr
  C:6250H         LINE#         71
  C:6252H         LINE#         72
  C:6252H         LINE#         74
BL51 BANKED LINKER/LOCATER V6.22                                                      07/17/2019  09:54:25  PAGE 19


  C:6254H         LINE#         75
  C:625BH         LINE#         76
  C:6260H         LINE#         77
  C:6265H         LINE#         78
  C:6267H         LINE#         79
  -------         ENDPROC       _SPI_WRITETIME
  -------         PROC          SPI_INIT
  C:635CH         LINE#         83
  C:635CH         LINE#         84
  C:635CH         LINE#         89
  C:635FH         LINE#         90
  C:6362H         LINE#         91
  C:6364H         LINE#         92
  C:6366H         LINE#         93
  C:6368H         LINE#         94
  -------         ENDPROC       SPI_INIT
  -------         PROC          _READ_TIME
  X:04E9H         SYMBOL        months
  X:04ECH         SYMBOL        days
  X:04EFH         SYMBOL        hours
  X:04F2H         SYMBOL        mins
  X:04F5H         SYMBOL        seconds
  C:5C3AH         LINE#         96
  C:5C45H         LINE#         97
  C:5C45H         LINE#         99
  C:5C59H         LINE#         101
  C:5C6DH         LINE#         103
  C:5C81H         LINE#         108
  C:5C95H         LINE#         113
  -------         ENDPROC       _READ_TIME
  -------         PROC          _BCDTODEC
  D:0007H         SYMBOL        bcd
  -------         DO            
  D:0006H         SYMBOL        hi
  D:0007H         SYMBOL        lo
  -------         ENDDO         
  C:630DH         LINE#         119
  C:630DH         LINE#         120
  C:630DH         LINE#         122
  C:6312H         LINE#         123
  C:6316H         LINE#         124
  C:631DH         LINE#         125
  -------         ENDPROC       _BCDTODEC
  -------         PROC          _DAY_OF_YEAR
  D:0007H         SYMBOL        months_bcd
  D:0005H         SYMBOL        days_bcd
  -------         DO            
  D:0004H         SYMBOL        months
  D:0007H         SYMBOL        days
  -------         ENDDO         
  C:5AC7H         LINE#         126
  C:5AC7H         LINE#         127
  C:5AC7H         LINE#         130
  C:5ACCH         LINE#         132
  C:5AD1H         LINE#         134
  C:5B0AH         LINE#         135
  C:5B0AH         LINE#         136
BL51 BANKED LINKER/LOCATER V6.22                                                      07/17/2019  09:54:25  PAGE 20


  C:5B0AH         LINE#         137
  C:5B0DH         LINE#         138
  C:5B0DH         LINE#         139
  C:5B0DH         LINE#         140
  C:5B12H         LINE#         141
  C:5B12H         LINE#         142
  C:5B12H         LINE#         143
  C:5B17H         LINE#         144
  C:5B17H         LINE#         145
  C:5B17H         LINE#         146
  C:5B1CH         LINE#         147
  C:5B1CH         LINE#         148
  C:5B1CH         LINE#         149
  C:5B21H         LINE#         150
  C:5B21H         LINE#         151
  C:5B21H         LINE#         152
  C:5B26H         LINE#         153
  C:5B26H         LINE#         154
  C:5B26H         LINE#         155
  C:5B2BH         LINE#         156
  C:5B2BH         LINE#         157
  C:5B2BH         LINE#         158
  C:5B30H         LINE#         159
  C:5B30H         LINE#         160
  C:5B30H         LINE#         161
  C:5B38H         LINE#         162
  C:5B38H         LINE#         163
  C:5B38H         LINE#         164
  C:5B3DH         LINE#         165
  C:5B3DH         LINE#         166
  C:5B3DH         LINE#         167
  C:5B42H         LINE#         168
  C:5B42H         LINE#         169
  C:5B42H         LINE#         170
  C:5B4BH         LINE#         171
  C:5B4BH         LINE#         172
  C:5B4BH         LINE#         173
  C:5B4EH         LINE#         174
  C:5B4EH         LINE#         175
  -------         ENDPROC       _DAY_OF_YEAR
  -------         ENDMOD        PCF85063BTL

  -------         MODULE        LCD_DRIVER_SPLC780D
  C:0000H         SYMBOL        _ICE_DUMMY_
  D:0092H         PUBLIC        P1M0
  D:0091H         PUBLIC        P1M1
  D:0080H         PUBLIC        P0
  D:0090H         PUBLIC        P1
  D:00A0H         PUBLIC        P2
  D:00B0H         PUBLIC        P3
  D:00C0H         PUBLIC        P4
  D:00C8H         PUBLIC        P5
  D:00E8H         PUBLIC        P6
  D:00F8H         PUBLIC        P7
  C:5B53H         PUBLIC        _WriteData
  D:00A8H         PUBLIC        IE
  D:00B8H         PUBLIC        IP
BL51 BANKED LINKER/LOCATER V6.22                                                      07/17/2019  09:54:25  PAGE 21


  D:00D8H         PUBLIC        CCON
  B:00B0H.4       PUBLIC        LCD_D4
  B:00B0H.5       PUBLIC        LCD_D5
  B:00B0H.6       PUBLIC        LCD_D6
  C:61FEH         PUBLIC        _DisplayLCD
  B:00B0H.7       PUBLIC        LCD_D7
  D:0098H         PUBLIC        SCON
  D:0088H         PUBLIC        TCON
  C:63A5H         PUBLIC        LCD_clear
  C:5ED5H         PUBLIC        _Command
  C:6295H         PUBLIC        _Display_Line
  C:5D03H         PUBLIC        LCD_Init
  C:613DH         PUBLIC        _Wait_ms
  B:00C0H.0       PUBLIC        LCD_RS
  B:0090H.3       PUBLIC        LCD_RW
  C:639BH         PUBLIC        LCD_return_home
  C:4D6EH         PUBLIC        _Display_Pos
  B:00B0H.3       PUBLIC        LCD_E
  D:00D0H         PUBLIC        PSW
  -------         PROC          LCD_INIT
  C:5D03H         LINE#         9
  C:5D03H         LINE#         10
  C:5D03H         LINE#         11
  C:5D06H         LINE#         12
  C:5D09H         LINE#         14
  C:5D0FH         LINE#         15
  C:5D14H         LINE#         17
  C:5D1BH         LINE#         18
  C:5D20H         LINE#         20
  C:5D23H         LINE#         21
  C:5D28H         LINE#         23
  C:5D2BH         LINE#         24
  C:5D30H         LINE#         26
  C:5D37H         LINE#         29
  C:5D3CH         LINE#         30
  C:5D41H         LINE#         32
  C:5D46H         LINE#         33
  C:5D4BH         LINE#         35
  C:5D50H         LINE#         36
  C:5D55H         LINE#         37
  -------         ENDPROC       LCD_INIT
  C:5B4FH         SYMBOL        L?0035
  -------         PROC          L?0034
  -------         ENDPROC       L?0034
  C:5B4FH         SYMBOL        L?0035
  -------         PROC          _WRITEDATA
  X:04F4H         SYMBOL        dat
  C:5B53H         LINE#         40
  C:5B58H         LINE#         41
  C:5B58H         LINE#         46
  C:5B5AH         LINE#         47
  C:5B5CH         LINE#         49
  C:5B6AH         LINE#         50
  C:5B76H         LINE#         51
  C:5B82H         LINE#         52
  C:5B8CH         LINE#         53
  C:5B8EH         LINE#         54
BL51 BANKED LINKER/LOCATER V6.22                                                      07/17/2019  09:54:25  PAGE 22


  C:5B95H         LINE#         55
  C:5B97H         LINE#         57
  C:5BA7H         LINE#         58
  C:5BB2H         LINE#         59
  C:5BBCH         LINE#         60
  C:5BC0H         LINE#         62
  C:5BC0H         LINE#         63
  C:5BC3H         LINE#         64
  C:5BC5H         LINE#         65
  C:5BC7H         LINE#         67
  -------         ENDPROC       _WRITEDATA
  -------         PROC          _COMMAND
  D:0007H         SYMBOL        dat
  C:5ED5H         LINE#         69
  C:5ED5H         LINE#         70
  C:5ED5H         LINE#         71
  C:5ED7H         LINE#         72
  C:5ED9H         LINE#         74
  C:5EE3H         LINE#         75
  C:5EE7H         LINE#         77
  C:5EE9H         LINE#         78
  C:5EF2H         LINE#         79
  C:5EF6H         LINE#         81
  C:5EF8H         LINE#         82
  C:5EFFH         LINE#         83
  C:5F03H         LINE#         85
  C:5F05H         LINE#         86
  C:5F09H         LINE#         87
  C:5F0DH         LINE#         89
  C:5F0FH         LINE#         90
  C:5F0FH         LINE#         91
  C:5F12H         LINE#         92
  C:5F14H         LINE#         93
  -------         ENDPROC       _COMMAND
  C:6139H         SYMBOL        L?0037
  -------         PROC          L?0036
  -------         ENDPROC       L?0036
  C:6139H         SYMBOL        L?0037
  -------         PROC          _WAIT_MS
  D:0006H         SYMBOL        ms
  -------         DO            
  D:0004H         SYMBOL        De_Cnt
  -------         ENDDO         
  C:613DH         LINE#         95
  C:613DH         LINE#         96
  C:613DH         LINE#         98
  C:6147H         LINE#         99
  C:6147H         LINE#         100
  C:615AH         LINE#         101
  C:615AH         LINE#         102
  -------         ENDPROC       _WAIT_MS
  -------         PROC          _DISPLAYLCD
  D:0007H         SYMBOL        BCD
  -------         DO            
  D:0006H         SYMBOL        first_digit
  X:03F8H         SYMBOL        second_digit
  -------         ENDDO         
BL51 BANKED LINKER/LOCATER V6.22                                                      07/17/2019  09:54:25  PAGE 23


  C:61FEH         LINE#         103
  C:61FEH         LINE#         104
  C:61FEH         LINE#         106
  C:6205H         LINE#         107
  C:620EH         LINE#         109
  C:6213H         LINE#         111
  -------         ENDPROC       _DISPLAYLCD
  -------         PROC          LCD_RETURN_HOME
  C:639BH         LINE#         115
  C:639BH         LINE#         116
  C:639BH         LINE#         117
  C:63A0H         LINE#         118
  -------         ENDPROC       LCD_RETURN_HOME
  -------         PROC          LCD_CLEAR
  C:63A5H         LINE#         121
  C:63A5H         LINE#         122
  C:63A5H         LINE#         123
  C:63AAH         LINE#         124
  -------         ENDPROC       LCD_CLEAR
  -------         PROC          _DISPLAY_LINE
  D:0006H         SYMBOL        line
  C:6295H         LINE#         128
  C:6295H         LINE#         129
  C:6295H         LINE#         130
  C:629BH         LINE#         131
  C:629BH         LINE#         132
  C:629DH         LINE#         133
  C:629DH         LINE#         134
  C:629FH         LINE#         136
  C:629FH         LINE#         137
  C:62A4H         LINE#         138
  C:62A9H         LINE#         139
  C:62A9H         LINE#         140
  -------         ENDPROC       _DISPLAY_LINE
  -------         PROC          _DISPLAY_POS
  X:04E9H         SYMBOL        sign_dat
  -------         DO            
  X:04EDH         SYMBOL        unit
  X:04EEH         SYMBOL        ten
  X:04EFH         SYMBOL        hundred
  X:04F0H         SYMBOL        thousand
  X:04F1H         SYMBOL        after_dot
  X:04F2H         SYMBOL        dat
  -------         ENDDO         
  C:4D6EH         LINE#         142
  C:4D74H         LINE#         143
  C:4D74H         LINE#         147
  C:4D90H         LINE#         148
  C:4DAAH         LINE#         149
  C:4DCEH         LINE#         151
  C:4E18H         LINE#         153
  C:4E2FH         LINE#         154
  C:4E41H         LINE#         155
  C:4E66H         LINE#         156
  C:4E80H         LINE#         157
  C:4E98H         LINE#         158
  C:4E98H         LINE#         159
BL51 BANKED LINKER/LOCATER V6.22                                                      07/17/2019  09:54:25  PAGE 24


  C:4E98H         LINE#         160
  C:4E98H         LINE#         161
  C:4E98H         LINE#         162
  C:4E98H         LINE#         163
  C:4E98H         LINE#         164
  C:4E98H         LINE#         168
  C:4E9AH         LINE#         170
  C:4E9AH         LINE#         172
  C:4E9FH         LINE#         173
  C:4EA5H         LINE#         174
  C:4EABH         LINE#         175
  C:4EB1H         LINE#         176
  C:4EB7H         LINE#         177
  C:4EBCH         LINE#         178
  C:4EC2H         LINE#         182
  C:4EC2H         LINE#         184
  -------         ENDPROC       _DISPLAY_POS
  -------         ENDMOD        LCD_DRIVER_SPLC780D

  -------         MODULE        KEYPAD
  C:0000H         SYMBOL        _ICE_DUMMY_
  D:0093H         PUBLIC        P0M1
  D:0080H         PUBLIC        P0
  D:0090H         PUBLIC        P1
  D:00A0H         PUBLIC        P2
  D:00B0H         PUBLIC        P3
  D:00C0H         PUBLIC        P4
  D:00C8H         PUBLIC        P5
  D:00E8H         PUBLIC        P6
  D:00F8H         PUBLIC        P7
  D:00A8H         PUBLIC        IE
  C:476AH         PUBLIC        Key_Scan
  D:00B8H         PUBLIC        IP
  D:00D8H         PUBLIC        CCON
  C:6383H         PUBLIC        KeyPad_IO_Init
  C:61E0H         PUBLIC        _Delay_ms
  D:0098H         PUBLIC        SCON
  D:0088H         PUBLIC        TCON
  X:0633H         PUBLIC        small_move
  X:0635H         PUBLIC        move
  X:0637H         PUBLIC        auto_mode
  X:0639H         PUBLIC        direction
  X:063BH         PUBLIC        SPI_NOR_ClearEnable
  C:3E97H         PUBLIC        Key_Process
  D:00D0H         PUBLIC        PSW
  D:0094H         PUBLIC        P0M0
  -------         PROC          _DELAY_MS
  D:0006H         SYMBOL        ms
  -------         DO            
  D:0004H         SYMBOL        De_Cnt
  -------         ENDDO         
  C:61E0H         LINE#         20
  C:61E0H         LINE#         21
  C:61E0H         LINE#         23
  C:61EAH         LINE#         24
  C:61EAH         LINE#         25
  C:61FDH         LINE#         26
BL51 BANKED LINKER/LOCATER V6.22                                                      07/17/2019  09:54:25  PAGE 25


  C:61FDH         LINE#         27
  -------         ENDPROC       _DELAY_MS
  -------         PROC          KEY_SCAN
  -------         DO            
  X:03FEH         SYMBOL        KeyTemp1
  X:03FFH         SYMBOL        KeyTemp2
  X:0400H         SYMBOL        KeyValue
  -------         ENDDO         
  C:476AH         LINE#         28
  C:476AH         LINE#         29
  C:476AH         LINE#         34
  C:476DH         LINE#         37
  C:4770H         LINE#         39
  C:4778H         LINE#         40
  C:477FH         LINE#         41
  C:477FH         LINE#         43
  C:4784H         LINE#         44
  C:478BH         LINE#         45
  C:478BH         LINE#         48
  C:478EH         LINE#         49
  C:4791H         LINE#         50
  C:4796H         LINE#         51
  C:479AH         LINE#         52
  C:479AH         LINE#         53
  C:47A2H         LINE#         54
  C:47A2H         LINE#         55
  C:47A5H         LINE#         56
  C:47ADH         LINE#         57
  C:47AFH         LINE#         59
  C:47C3H         LINE#         60
  C:47C3H         LINE#         61
  C:47C3H         LINE#         62
  C:47C3H         LINE#         63
  C:47C9H         LINE#         65
  C:47CBH         LINE#         66
  C:47CBH         LINE#         67
  C:47CBH         LINE#         68
  C:47D1H         LINE#         70
  C:47D3H         LINE#         71
  C:47D3H         LINE#         72
  C:47D3H         LINE#         73
  C:47D9H         LINE#         75
  C:47DBH         LINE#         76
  C:47DBH         LINE#         77
  C:47DBH         LINE#         78
  C:47E1H         LINE#         80
  C:47E1H         LINE#         81
  C:47E1H         LINE#         82
  C:47E1H         LINE#         85
  C:47E4H         LINE#         86
  C:47E7H         LINE#         87
  C:47EFH         LINE#         88
  C:47F3H         LINE#         89
  C:47F3H         LINE#         90
  C:47FBH         LINE#         91
  C:47FBH         LINE#         92
  C:47FEH         LINE#         93
BL51 BANKED LINKER/LOCATER V6.22                                                      07/17/2019  09:54:25  PAGE 26


  C:4806H         LINE#         94
  C:4808H         LINE#         95
  C:481CH         LINE#         96
  C:481CH         LINE#         97
  C:481CH         LINE#         98
  C:481CH         LINE#         99
  C:4822H         LINE#         101
  C:4824H         LINE#         102
  C:4824H         LINE#         103
  C:4824H         LINE#         104
  C:482AH         LINE#         106
  C:482CH         LINE#         107
  C:482CH         LINE#         108
  C:482CH         LINE#         109
  C:4832H         LINE#         111
  C:4834H         LINE#         112
  C:4834H         LINE#         113
  C:4834H         LINE#         114
  C:4839H         LINE#         116
  C:4839H         LINE#         117
  C:4839H         LINE#         118
  C:4839H         LINE#         121
  C:483CH         LINE#         122
  C:483FH         LINE#         123
  C:4847H         LINE#         124
  C:484BH         LINE#         125
  C:484BH         LINE#         126
  C:4853H         LINE#         127
  C:4853H         LINE#         128
  C:4856H         LINE#         129
  C:485EH         LINE#         130
  C:4860H         LINE#         131
  C:4874H         LINE#         132
  C:4874H         LINE#         133
  C:4874H         LINE#         134
  C:4874H         LINE#         135
  C:487AH         LINE#         137
  C:487CH         LINE#         138
  C:487CH         LINE#         139
  C:487CH         LINE#         140
  C:4882H         LINE#         142
  C:4884H         LINE#         143
  C:4884H         LINE#         144
  C:4884H         LINE#         145
  C:488AH         LINE#         147
  C:488CH         LINE#         148
  C:488CH         LINE#         149
  C:488CH         LINE#         150
  C:4892H         LINE#         152
  C:4892H         LINE#         153
  C:4892H         LINE#         154
  C:4892H         LINE#         158
  C:4895H         LINE#         159
  C:4898H         LINE#         160
  C:48A0H         LINE#         161
  C:48A4H         LINE#         162
  C:48A4H         LINE#         163
BL51 BANKED LINKER/LOCATER V6.22                                                      07/17/2019  09:54:25  PAGE 27


  C:48ACH         LINE#         164
  C:48ACH         LINE#         165
  C:48AFH         LINE#         166
  C:48B7H         LINE#         167
  C:48B9H         LINE#         168
  C:48CDH         LINE#         169
  C:48CDH         LINE#         170
  C:48CDH         LINE#         171
  C:48CDH         LINE#         172
  C:48D3H         LINE#         174
  C:48D5H         LINE#         175
  C:48D5H         LINE#         176
  C:48D5H         LINE#         177
  C:48DBH         LINE#         179
  C:48DDH         LINE#         180
  C:48DDH         LINE#         181
  C:48DDH         LINE#         182
  C:48E3H         LINE#         184
  C:48E5H         LINE#         185
  C:48E5H         LINE#         186
  C:48E5H         LINE#         187
  C:48EBH         LINE#         189
  C:48EBH         LINE#         190
  C:48EBH         LINE#         191
  C:48EBH         LINE#         193
  C:48F1H         LINE#         194
  C:48F1H         LINE#         196
  C:48F1H         LINE#         197
  C:48F4H         LINE#         198
  C:48F4H         LINE#         199
  C:48F4H         LINE#         201
  C:48F4H         LINE#         202
  C:48F6H         LINE#         203
  C:48F6H         LINE#         204
  -------         ENDPROC       KEY_SCAN
  -------         PROC          KEY_PROCESS
  -------         DO            
  X:0624H         SYMBOL        KeyCount
  X:0625H         SYMBOL        KeyNum_Old
  X:0627H         SYMBOL        KeyNum
  X:0629H         SYMBOL        PressedKey
  X:03F8H         SYMBOL        d
  D:0002H         SYMBOL        hours
  D:0006H         SYMBOL        mins
  X:03FAH         SYMBOL        months
  X:03FCH         SYMBOL        days
  -------         ENDDO         
  C:3E97H         LINE#         205
  C:3E97H         LINE#         206
  C:3E97H         LINE#         210
  C:3EA6H         LINE#         211
  C:3EB3H         LINE#         213
  C:3EB7H         LINE#         214
  C:3EB7H         LINE#         215
  C:3EBDH         LINE#         217
  C:3EBDH         LINE#         218
  C:3ED4H         LINE#         219
BL51 BANKED LINKER/LOCATER V6.22                                                      07/17/2019  09:54:25  PAGE 28


  C:3ED4H         LINE#         220
  C:3EDEH         LINE#         221
  C:3EE4H         LINE#         223
  C:3EEAH         LINE#         225
  C:3EEAH         LINE#         226
  C:3F01H         LINE#         227
  C:3F01H         LINE#         228
  C:3F06H         LINE#         230
  C:3F06H         LINE#         231
  C:3F16H         LINE#         232
  C:3F16H         LINE#         233
  C:3F1CH         LINE#         235
  C:3F1CH         LINE#         236
  C:3F2EH         LINE#         237
  C:3F2EH         LINE#         238
  C:3F38H         LINE#         239
  C:3F40H         LINE#         241
  C:3F49H         LINE#         243
  C:3F49H         LINE#         252
  C:3F68H         LINE#         253
  C:3F68H         LINE#         254
  C:3F87H         LINE#         255
  C:3F8DH         LINE#         256
  C:3F95H         LINE#         257
  C:3F95H         LINE#         259
  C:3F96H         LINE#         265
  C:3FA2H         LINE#         266
  C:3FA2H         LINE#         267
  C:3FBFH         LINE#         268
  C:3FD6H         LINE#         269
  C:3FEDH         LINE#         270
  C:3FEDH         LINE#         271
  C:4000H         LINE#         272
  C:4013H         LINE#         273
  C:4013H         LINE#         274
  C:4013H         LINE#         275
  C:4016H         LINE#         280
  C:4025H         LINE#         281
  C:4025H         LINE#         282
  C:4048H         LINE#         283
  C:4065H         LINE#         284
  C:406EH         LINE#         285
  C:406EH         LINE#         286
  C:4075H         LINE#         287
  C:4075H         LINE#         288
  C:4086H         LINE#         289
  C:4086H         LINE#         290
  C:4095H         LINE#         291
  C:4095H         LINE#         292
  C:4095H         LINE#         293
  C:4098H         LINE#         295
  C:4098H         LINE#         296
  C:40A4H         LINE#         297
  C:40A4H         LINE#         298
  C:40B6H         LINE#         299
  C:40B6H         LINE#         300
  C:40C6H         LINE#         301
BL51 BANKED LINKER/LOCATER V6.22                                                      07/17/2019  09:54:25  PAGE 29


  C:40C6H         LINE#         302
  C:40C6H         LINE#         304
  C:40C8H         LINE#         306
  C:40C8H         LINE#         307
  C:40D7H         LINE#         308
  C:40D7H         LINE#         309
  C:40E7H         LINE#         310
  C:40E7H         LINE#         311
  C:40E7H         LINE#         313
  C:40E7H         LINE#         315
  C:40E7H         LINE#         316
  C:40E9H         LINE#         318
  C:40E9H         LINE#         319
  C:40F0H         LINE#         320
  C:40F0H         LINE#         321
  C:40FFH         LINE#         322
  C:40FFH         LINE#         323
  C:410FH         LINE#         324
  C:410FH         LINE#         325
  C:410FH         LINE#         326
  C:4111H         LINE#         328
  C:4111H         LINE#         329
  C:4120H         LINE#         330
  C:4120H         LINE#         331
  C:4133H         LINE#         332
  C:4146H         LINE#         333
  C:4146H         LINE#         334
  C:4146H         LINE#         335
  C:4146H         LINE#         336
  C:414FH         LINE#         338
  C:414FH         LINE#         340
  C:4189H         LINE#         341
  C:4189H         LINE#         342
  C:4190H         LINE#         343
  C:4190H         LINE#         344
  C:419AH         LINE#         345
  C:419AH         LINE#         346
  C:419DH         LINE#         347
  C:41A2H         LINE#         348
  C:41A7H         LINE#         349
  C:41ACH         LINE#         350
  C:41B1H         LINE#         351
  C:41B6H         LINE#         352
  C:41BBH         LINE#         353
  C:41C0H         LINE#         354
  C:41C0H         LINE#         355
  C:41C0H         LINE#         357
  C:41DEH         LINE#         358
  C:41DEH         LINE#         359
  C:41E5H         LINE#         360
  C:41E5H         LINE#         361
  C:41EAH         LINE#         362
  C:41F3H         LINE#         363
  C:4212H         LINE#         364
  C:4212H         LINE#         365
  C:4222H         LINE#         367
  C:4222H         LINE#         371
BL51 BANKED LINKER/LOCATER V6.22                                                      07/17/2019  09:54:25  PAGE 30


  -------         ENDPROC       KEY_PROCESS
  -------         PROC          KEYPAD_IO_INIT
  C:6383H         LINE#         374
  C:6383H         LINE#         375
  C:6383H         LINE#         376
  C:6386H         LINE#         377
  C:6389H         LINE#         378
  C:638CH         LINE#         379
  C:638EH         LINE#         380
  -------         ENDPROC       KEYPAD_IO_INIT
  -------         ENDMOD        KEYPAD

  -------         MODULE        BIPOLARMOTOR
  C:0000H         SYMBOL        _ICE_DUMMY_
  X:0000H         PUBLIC        UTC_time
  D:0080H         PUBLIC        P0
  D:0090H         PUBLIC        P1
  X:0004H         PUBLIC        RX_pos_test
  D:00A0H         PUBLIC        P2
  D:00B0H         PUBLIC        P3
  D:00C0H         PUBLIC        P4
  D:00C8H         PUBLIC        P5
  D:00E8H         PUBLIC        P6
  D:00F8H         PUBLIC        P7
  X:00A4H         PUBLIC        low_date_azimuth_mapping
  D:00A8H         PUBLIC        IE
  C:5513H         PUBLIC        linear_interpolate
  X:00CCH         PUBLIC        declination
  C:6074H         PUBLIC        _Move
  D:00B8H         PUBLIC        IP
  X:00D0H         PUBLIC        time_offset
  D:00D8H         PUBLIC        CCON
  X:00D4H         PUBLIC        previous_move_time
  X:00D5H         PUBLIC        time
  D:0098H         PUBLIC        SCON
  D:0088H         PUBLIC        TCON
  C:5F15H         PUBLIC        _Step_move
  X:00E7H         PUBLIC        dat
  X:00EDH         PUBLIC        current_local_sun_time
  C:2ADAH         PUBLIC        _Update_position
  C:4223H         PUBLIC        _elevation_calculation
  X:00F1H         PUBLIC        sunCoord
  C:5DFDH         PUBLIC        vOneStepMove
  X:00F4H         PUBLIC        elevation_stamp
  X:0130H         PUBLIC        date_azimuth_mapping
  X:0158H         PUBLIC        location
  X:0160H         PUBLIC        RX_pos
  C:62AAH         PUBLIC        vSetLocation
  C:6225H         PUBLIC        _BCDtoDec1
  X:03B8H         PUBLIC        degree
  C:310BH         PUBLIC        _TheoricalJP_Position
  D:00D0H         PUBLIC        PSW
  -------         PROC          VSETLOCATION
  C:62AAH         LINE#         44
  C:62AAH         LINE#         45
  C:62AAH         LINE#         46
  C:62B4H         LINE#         47
BL51 BANKED LINKER/LOCATER V6.22                                                      07/17/2019  09:54:25  PAGE 31


  C:62BEH         LINE#         48
  -------         ENDPROC       VSETLOCATION
  C:6221H         SYMBOL        L?0060
  -------         PROC          L?0059
  -------         ENDPROC       L?0059
  C:6221H         SYMBOL        L?0060
  -------         PROC          _BCDTODEC1
  D:0007H         SYMBOL        bcd
  -------         DO            
  D:0006H         SYMBOL        hi
  D:0007H         SYMBOL        lo
  -------         ENDDO         
  C:6225H         LINE#         49
  C:6225H         LINE#         50
  C:6225H         LINE#         52
  C:622AH         LINE#         53
  C:622EH         LINE#         54
  C:6235H         LINE#         55
  -------         ENDPROC       _BCDTODEC1
  -------         PROC          VONESTEPMOVE
  B:0020H.3       SYMBOL        bDir
  C:5DFDH         LINE#         59
  C:5DFDH         LINE#         60
  C:5DFDH         LINE#         62
  C:5E03H         LINE#         63
  C:5E03H         LINE#         64
  C:5E06H         LINE#         65
  C:5E0FH         LINE#         66
  C:5E16H         LINE#         67
  C:5E1BH         LINE#         68
  C:5E1BH         LINE#         69
  C:5E1BH         LINE#         71
  C:5E1DH         LINE#         74
  C:5E1DH         LINE#         75
  C:5E20H         LINE#         76
  C:5E29H         LINE#         77
  C:5E30H         LINE#         78
  C:5E36H         LINE#         79
  C:5E3FH         LINE#         80
  C:5E46H         LINE#         81
  C:5E46H         LINE#         85
  -------         ENDPROC       VONESTEPMOVE
  -------         PROC          _STEP_MOVE
  X:04EDH         SYMBOL        step
  B:0020H.2       SYMBOL        dir
  -------         DO            
  X:04EFH         SYMBOL        i
  -------         ENDDO         
  C:5F15H         LINE#         87
  C:5F1DH         LINE#         88
  C:5F1DH         LINE#         90
  C:5F22H         LINE#         93
  C:5F3DH         LINE#         94
  C:5F3DH         LINE#         95
  C:5F44H         LINE#         97
  C:5F54H         LINE#         99
  -------         ENDPROC       _STEP_MOVE
BL51 BANKED LINKER/LOCATER V6.22                                                      07/17/2019  09:54:25  PAGE 32


  -------         PROC          _MOVE
  X:04E9H         SYMBOL        distance
  B:0020H.1       SYMBOL        direction
  -------         DO            
  D:0006H         SYMBOL        step
  -------         ENDDO         
  C:6074H         LINE#         101
  C:607AH         LINE#         102
  C:607AH         LINE#         105
  C:6095H         LINE#         106
  -------         ENDPROC       _MOVE
  C:5502H         SYMBOL        L?0058
  -------         PROC          L?0057
  -------         ENDPROC       L?0057
  C:5502H         SYMBOL        L?0058
  -------         PROC          LINEAR_INTERPOLATE
  X:049EH         SYMBOL        p1
  X:04A6H         SYMBOL        p2
  X:04AEH         SYMBOL        x
  -------         DO            
  D:0004H         SYMBOL        fx
  -------         ENDDO         
  C:5513H         LINE#         139
  C:5513H         LINE#         140
  C:5513H         LINE#         143
  C:55B2H         LINE#         145
  C:55B2H         LINE#         146
  -------         ENDPROC       LINEAR_INTERPOLATE
  -------         PROC          _THEORICALJP_POSITION
  X:0442H         SYMBOL        azimuth
  X:0446H         SYMBOL        elevation
  -------         DO            
  X:044AH         SYMBOL        pos_interpolate_azimuth
  X:0486H         SYMBOL        JP_pos
  X:048AH         SYMBOL        i
  X:048CH         SYMBOL        yy
  X:048EH         SYMBOL        p1
  X:0496H         SYMBOL        p2
  -------         ENDDO         
  C:310BH         LINE#         149
  C:3111H         LINE#         150
  C:3111H         LINE#         152
  C:311BH         LINE#         155
  C:3137H         LINE#         156
  C:3137H         LINE#         157
  C:31A7H         LINE#         158
  C:31A7H         LINE#         159
  C:31AEH         LINE#         160
  C:31AEH         LINE#         161
  C:31DBH         LINE#         162
  C:31F6H         LINE#         164
  C:323DH         LINE#         165
  C:3271H         LINE#         167
  C:32B7H         LINE#         168
  C:32DCH         LINE#         170
  C:32DCH         LINE#         172
  C:3352H         LINE#         173
BL51 BANKED LINKER/LOCATER V6.22                                                      07/17/2019  09:54:25  PAGE 33


  C:3352H         LINE#         174
  C:3359H         LINE#         175
  C:3359H         LINE#         176
  C:3386H         LINE#         177
  C:33A1H         LINE#         179
  C:33E8H         LINE#         180
  C:341CH         LINE#         182
  C:3462H         LINE#         183
  C:3484H         LINE#         185
  C:3484H         LINE#         186
  C:3498H         LINE#         189
  C:34B4H         LINE#         190
  C:34B4H         LINE#         191
  C:3524H         LINE#         192
  C:3524H         LINE#         193
  C:3551H         LINE#         194
  C:356CH         LINE#         196
  C:3599H         LINE#         197
  C:35B4H         LINE#         199
  C:35E6H         LINE#         202
  C:35E6H         LINE#         204
  C:35F7H         LINE#         205
  C:3605H         LINE#         207
  -------         ENDPROC       _THEORICALJP_POSITION
  -------         PROC          _UPDATE_POSITION
  D:0001H         SYMBOL        mnths
  D:0002H         SYMBOL        dys
  X:041EH         SYMBOL        hurs
  X:041FH         SYMBOL        mns
  X:0420H         SYMBOL        sconds
  X:0421H         SYMBOL        currnt_pos
  X:0424H         SYMBOL        offset_calib
  -------         DO            
  X:0428H         SYMBOL        date
  X:042AH         SYMBOL        i
  X:042CH         SYMBOL        yy
  X:042EH         SYMBOL        desired_distance
  X:0432H         SYMBOL        distance
  X:0436H         SYMBOL        JP_pos
  X:043AH         SYMBOL        elevation
  X:043EH         SYMBOL        azimuth
  -------         ENDDO         
  C:2ADAH         LINE#         210
  C:2AE3H         LINE#         213
  C:2AE3H         LINE#         214
  C:2AEEH         LINE#         216
  C:2B0AH         LINE#         223
  C:2B14H         LINE#         224
  C:2B1FH         LINE#         225
  C:2B2AH         LINE#         226
  C:2B43H         LINE#         227
  C:2B54H         LINE#         228
  C:2B63H         LINE#         231
  C:2B77H         LINE#         235
  C:2BC9H         LINE#         236
  C:2D2DH         LINE#         237
  C:2D7DH         LINE#         240
BL51 BANKED LINKER/LOCATER V6.22                                                      07/17/2019  09:54:25  PAGE 34


  C:2EA5H         LINE#         243
  C:2F74H         LINE#         250
  C:2FBBH         LINE#         251
  C:2FBBH         LINE#         253
  C:2FE6H         LINE#         254
  C:3015H         LINE#         256
  C:303AH         LINE#         257
  C:3094H         LINE#         258
[...]
  C:4973H         LINE#         326
  C:4973H         LINE#         328
  C:4976H         LINE#         330
  C:4990H         LINE#         331
  C:4990H         LINE#         332
  C:4990H         LINE#         334
  C:4993H         LINE#         336
  C:49ADH         LINE#         337
  C:49ADH         LINE#         338
  C:49ADH         LINE#         340
  C:49B0H         LINE#         342
  C:49CAH         LINE#         343
  C:49CAH         LINE#         344
  C:49CAH         LINE#         346
  C:49CDH         LINE#         348
  C:49E7H         LINE#         349
  C:49E7H         LINE#         350
  C:49E7H         LINE#         352
  C:49EAH         LINE#         354
  C:4A04H         LINE#         355
  C:4A04H         LINE#         356
  C:4A04H         LINE#         358
  C:4A07H         LINE#         360
  C:4A21H         LINE#         361
  C:4A21H         LINE#         362
  C:4A21H         LINE#         364
  C:4A24H         LINE#         366
  C:4A3EH         LINE#         367
  C:4A3EH         LINE#         368
  C:4A3EH         LINE#         370
  C:4A41H         LINE#         372
  C:4A5BH         LINE#         373
  C:4A62H         LINE#         374
  -------         ENDPROC       SPI_NOR_WRITE_DATA
  -------         ENDMOD        AT25SF041

  -------         MODULE        SI1120
  C:0000H         SYMBOL        _ICE_DUMMY_
  D:0080H         PUBLIC        P0
  D:00B2H         PUBLIC        P3M0
  D:0090H         PUBLIC        P1
  D:00B1H         PUBLIC        P3M1
  D:00A0H         PUBLIC        P2
  D:00B0H         PUBLIC        P3
  D:00C0H         PUBLIC        P4
  D:00C8H         PUBLIC        P5
BL51 BANKED LINKER/LOCATER V6.22                                                      07/17/2019  09:54:25  PAGE 52


  B:00A8H.7       PUBLIC        EA
  D:00E8H         PUBLIC        P6
  D:00F8H         PUBLIC        P7
  D:00A8H         PUBLIC        IE
  D:00B8H         PUBLIC        IP
  C:5FC3H         PUBLIC        SI1120_CONFIG_MODE_VIRH
  D:00D8H         PUBLIC        CCON
  D:0098H         PUBLIC        SCON
  D:0088H         PUBLIC        TCON
  C:6369H         PUBLIC        Enable_EXTINT0
  B:0090H.5       PUBLIC        SI1120_STX
  B:0088H.0       PUBLIC        IT0
  B:00A8H.0       PUBLIC        EX0
  B:0090H.4       PUBLIC        SI1120_MD
  B:0090H.6       PUBLIC        SI1120_SC
  D:00D0H         PUBLIC        PSW
  -------         PROC          SI1120_CONFIG_MODE_VIRH
  C:5FC3H         LINE#         4
  C:5FC3H         LINE#         5
  C:5FC3H         LINE#         6
  C:5FC5H         LINE#         7
  C:5FC7H         LINE#         8
  C:5FC9H         LINE#         10
  C:5FD0H         LINE#         11
  C:5FD2H         LINE#         13
  C:5FD4H         LINE#         14
  C:5FD6H         LINE#         16
  C:5FDDH         LINE#         18
  C:5FDFH         LINE#         20
  C:5FE6H         LINE#         23
  C:5FE8H         LINE#         25
  C:5FEAH         LINE#         27
  C:5FF1H         LINE#         29
  C:5FF3H         LINE#         31
  -------         ENDPROC       SI1120_CONFIG_MODE_VIRH
  -------         PROC          ENABLE_EXTINT0
  C:6369H         LINE#         33
  C:6369H         LINE#         34
  C:6369H         LINE#         35
  C:636CH         LINE#         36
  C:636FH         LINE#         37
  C:6371H         LINE#         38
  C:6373H         LINE#         39
  C:6375H         LINE#         40
  -------         ENDPROC       ENABLE_EXTINT0
  -------         ENDMOD        SI1120

  -------         MODULE        UART1
  C:0000H         SYMBOL        _ICE_DUMMY_
  D:0080H         PUBLIC        P0
  D:0090H         PUBLIC        P1
  D:00A0H         PUBLIC        P2
  D:00B0H         PUBLIC        P3
  D:00C0H         PUBLIC        P4
  D:00C8H         PUBLIC        P5
  C:615BH         PUBLIC        _uart1_SendToTCPServer
  B:00A8H.7       PUBLIC        EA
BL51 BANKED LINKER/LOCATER V6.22                                                      07/17/2019  09:54:25  PAGE 53


  D:00E8H         PUBLIC        P6
  D:00F8H         PUBLIC        P7
  C:5F90H         PUBLIC        _SendString
  D:00A8H         PUBLIC        IE
  B:00A8H.4       PUBLIC        ES
  D:00B8H         PUBLIC        IP
  C:6268H         PUBLIC        _ASCIItoBCD
  D:00D8H         PUBLIC        CCON
  C:631EH         PUBLIC        initUART1
  D:0098H         PUBLIC        SCON
  D:0088H         PUBLIC        TCON
  C:63D7H         PUBLIC        _DectoBCD
  C:001EH         PUBLIC        _ASCII_Letter
  D:008EH         PUBLIC        AUXR
  C:0006H         PUBLIC        _unit
  C:63D0H         PUBLIC        _ten
  D:00D6H         PUBLIC        T2H
  D:00D7H         PUBLIC        T2L
  C:63C1H         PUBLIC        uart1_InitTCPConn
  D:00D0H         PUBLIC        PSW
  -------         PROC          INITUART1
  C:631EH         LINE#         24
  C:631EH         LINE#         25
  C:631EH         LINE#         26
  C:6321H         LINE#         27
  C:6324H         LINE#         28
  C:6327H         LINE#         29
  C:632AH         LINE#         30
  C:632CH         LINE#         31
  C:632EH         LINE#         33
  -------         ENDPROC       INITUART1
  -------         PROC          _SENDSTRING
  X:04E9H         SYMBOL        s
  C:5F90H         LINE#         36
  C:5F9BH         LINE#         37
  C:5F9BH         LINE#         38
  C:5FABH         LINE#         39
  C:5FABH         LINE#         40
  C:5FC0H         LINE#         41
  C:5FC2H         LINE#         42
  -------         ENDPROC       _SENDSTRING
  -------         PROC          _TEN
  D:0007H         SYMBOL        BCD
  C:63D0H         LINE#         44
  C:63D0H         LINE#         45
  C:63D0H         LINE#         46
  C:63D5H         LINE#         47
  -------         ENDPROC       _TEN
  -------         PROC          _UNIT
  D:0007H         SYMBOL        BCD
  C:0006H         LINE#         48
  C:0006H         LINE#         49
  C:0006H         LINE#         53
  C:000AH         LINE#         54
  -------         ENDPROC       _UNIT
  -------         PROC          _DECTOBCD
  D:0007H         SYMBOL        dec
BL51 BANKED LINKER/LOCATER V6.22                                                      07/17/2019  09:54:25  PAGE 54


  C:63D7H         LINE#         55
  C:63D7H         LINE#         56
  C:63D7H         LINE#         58
  C:63D7H         LINE#         59
  -------         ENDPROC       _DECTOBCD
  -------         PROC          _ASCII_LETTER
  D:0007H         SYMBOL        dat
  C:001EH         LINE#         61
  C:001EH         LINE#         62
  C:001EH         LINE#         64
  C:0022H         LINE#         65
  -------         ENDPROC       _ASCII_LETTER
  -------         PROC          _ASCIITOBCD
  D:0001H         SYMBOL        ascii
  -------         DO            
  D:0007H         SYMBOL        dec_val
  D:0006H         SYMBOL        ten
  D:0007H         SYMBOL        unit
  -------         ENDDO         
  C:6268H         LINE#         67
  C:6268H         LINE#         68
  C:6268H         LINE#         70
  C:626BH         LINE#         71
  C:6271H         LINE#         72
  C:6278H         LINE#         73
  C:627EH         LINE#         75
  -------         ENDPROC       _ASCIITOBCD
  -------         PROC          UART1_INITTCPCONN
  C:63C1H         LINE#         77
  C:63C1H         LINE#         78
  C:63C1H         LINE#         82
  -------         ENDPROC       UART1_INITTCPCONN
  -------         PROC          _UART1_SENDTOTCPSERVER
  X:03F8H         SYMBOL        str
  C:615BH         LINE#         85
  C:6166H         LINE#         86
  C:6166H         LINE#         87
  C:616FH         LINE#         88
  C:6176H         LINE#         89
  -------         ENDPROC       _UART1_SENDTOTCPSERVER
  -------         ENDMOD        UART1

  -------         MODULE        ?C_STARTUP
  C:5A3BH         SEGMENT       ?C_C51STARTUP
  I:0022H         SEGMENT       ?STACK
  C:0000H         PUBLIC        ?C_STARTUP
  D:00E0H         SYMBOL        ACC
  D:00F0H         SYMBOL        B
  D:0083H         SYMBOL        DPH
  D:0082H         SYMBOL        DPL
  N:0000H         SYMBOL        IBPSTACK
  N:0100H         SYMBOL        IBPSTACKTOP
  N:0080H         SYMBOL        IDATALEN
  C:5A3EH         SYMBOL        IDATALOOP
  N:0000H         SYMBOL        PBPSTACK
  N:0100H         SYMBOL        PBPSTACKTOP
  N:0000H         SYMBOL        PDATALEN
BL51 BANKED LINKER/LOCATER V6.22                                                      07/17/2019  09:54:25  PAGE 55


  N:0000H         SYMBOL        PDATASTART
  N:0000H         SYMBOL        PPAGE
  N:0000H         SYMBOL        PPAGEENABLE
  D:00A0H         SYMBOL        PPAGE_SFR
  D:0081H         SYMBOL        SP
  C:5A3BH         SYMBOL        STARTUP1
  N:0000H         SYMBOL        XBPSTACK
  N:0000H         SYMBOL        XBPSTACKTOP
  N:0000H         SYMBOL        XDATALEN
  N:0000H         SYMBOL        XDATASTART
  C:0000H         LINE#         126
  C:5A3BH         LINE#         133
  C:5A3DH         LINE#         134
  C:5A3EH         LINE#         135
  C:5A3FH         LINE#         136
  C:5A41H         LINE#         185
  C:5A44H         LINE#         196
  -------         ENDMOD        ?C_STARTUP

  -------         MODULE        ?C?FPADD
  C:1083H         PUBLIC        ?C?FPADD
  C:107FH         PUBLIC        ?C?FPSUB
  -------         ENDMOD        ?C?FPADD

  -------         MODULE        ?C?FPMUL
  C:1174H         PUBLIC        ?C?FPMUL
  -------         ENDMOD        ?C?FPMUL

  -------         MODULE        ?C?FPDIV
  C:127DH         PUBLIC        ?C?FPDIV
  -------         ENDMOD        ?C?FPDIV

  -------         MODULE        ?C?FPCMP
  C:131CH         PUBLIC        ?C?FPCMP
  C:131AH         PUBLIC        ?C?FPCMP3
  -------         ENDMOD        ?C?FPCMP

  -------         MODULE        ?C?FPNEG
  C:1393H         PUBLIC        ?C?FPNEG
  -------         ENDMOD        ?C?FPNEG

  -------         MODULE        ?C?FCAST
  C:13AEH         PUBLIC        ?C?FCASTC
  C:13A9H         PUBLIC        ?C?FCASTI
  C:13A4H         PUBLIC        ?C?FCASTL
  -------         ENDMOD        ?C?FCAST

  -------         MODULE        ?C?CASTF
  C:13E2H         PUBLIC        ?C?CASTF
  -------         ENDMOD        ?C?CASTF

  -------         MODULE        PRINTF
  X:04E9H         PUBLIC        ?_PRINTF?BYTE
  X:04E9H         PUBLIC        ?_SPRINTF?BYTE
  C:3671H         PUBLIC        _PRINTF
  C:366BH         PUBLIC        _SPRINTF
  -------         ENDMOD        PRINTF
BL51 BANKED LINKER/LOCATER V6.22                                                      07/17/2019  09:54:25  PAGE 56



  -------         MODULE        FABS
  C:6376H         PUBLIC        _FABS
  -------         ENDMOD        FABS

  -------         MODULE        ATAN2
  X:049FH         PUBLIC        ?_atan2?BYTE
  C:5868H         PUBLIC        _atan2
  -------         ENDMOD        ATAN2

  -------         MODULE        SIN
  C:4AC8H         PUBLIC        _COS
  C:4ADEH         PUBLIC        _SIN
  C:4B1AH         PUBLIC        _TAN
  -------         ENDMOD        SIN

  -------         MODULE        ACOS
  C:5E47H         PUBLIC        _ACOS
  -------         ENDMOD        ACOS

  -------         MODULE        ASIN
  C:5F55H         PUBLIC        _ASIN
  -------         ENDMOD        ASIN

  -------         MODULE        POW
  X:03BCH         PUBLIC        ?_pow?BYTE
  C:4C08H         PUBLIC        _pow
  -------         ENDMOD        POW

  -------         MODULE        ?C?CHKFLOAT
  C:1463H         PUBLIC        ?C?CHKFLOAT
  -------         ENDMOD        ?C?CHKFLOAT

  -------         MODULE        ?C?FPROUND
  C:147DH         PUBLIC        ?C?FPROUND
  -------         ENDMOD        ?C?FPROUND

  -------         MODULE        ?C?FPCONVERT
  C:14BAH         PUBLIC        ?C?FPCONVERT
  -------         ENDMOD        ?C?FPCONVERT

  -------         MODULE        EXP
  C:59D9H         PUBLIC        _EXP
  -------         ENDMOD        EXP

  -------         MODULE        LOG
  C:4EF7H         PUBLIC        _LOG
  C:4EF3H         PUBLIC        _LOG10
  -------         ENDMOD        LOG

  -------         MODULE        SQRT
  C:571FH         PUBLIC        _SQRT
  -------         ENDMOD        SQRT

  -------         MODULE        ATAN
  C:500CH         PUBLIC        _ATAN
  -------         ENDMOD        ATAN
BL51 BANKED LINKER/LOCATER V6.22                                                      07/17/2019  09:54:25  PAGE 57



  -------         MODULE        ?C?FTNPWR
  C:163CH         PUBLIC        ?C?FTNPWR
  -------         ENDMOD        ?C?FTNPWR

  -------         MODULE        ?C?COPY
  C:174CH         PUBLIC        ?C?COPY
  -------         ENDMOD        ?C?COPY

  -------         MODULE        ?C?CLDPTR
  C:1772H         PUBLIC        ?C?CLDPTR
  -------         ENDMOD        ?C?CLDPTR

  -------         MODULE        ?C?CLDOPTR
  C:178BH         PUBLIC        ?C?CLDOPTR
  -------         ENDMOD        ?C?CLDOPTR

  -------         MODULE        ?C?CSTPTR
  C:17B8H         PUBLIC        ?C?CSTPTR
  -------         ENDMOD        ?C?CSTPTR

  -------         MODULE        ?C?IMUL
  C:17CAH         PUBLIC        ?C?IMUL
  -------         ENDMOD        ?C?IMUL

  -------         MODULE        ?C?UIDIV
  C:17DCH         PUBLIC        ?C?UIDIV
  -------         ENDMOD        ?C?UIDIV

  -------         MODULE        ?C?SIDIV
  C:1831H         PUBLIC        ?C?SIDIV
  -------         ENDMOD        ?C?SIDIV

  -------         MODULE        ?C?ILDIX
  C:1867H         PUBLIC        ?C?ILDIX
  -------         ENDMOD        ?C?ILDIX

  -------         MODULE        ?C?ILDOPTR
  C:187DH         PUBLIC        ?C?ILDOPTR
  -------         ENDMOD        ?C?ILDOPTR

  -------         MODULE        ?C?ISTPTR
  C:18B5H         PUBLIC        ?C?ISTPTR
  -------         ENDMOD        ?C?ISTPTR

  -------         MODULE        ?C?LMUL
  C:18D4H         PUBLIC        ?C?LMUL
  -------         ENDMOD        ?C?LMUL

  -------         MODULE        ?C?SLDIV
  C:5E91H         PUBLIC        ?C?SLDIV
  -------         ENDMOD        ?C?SLDIV

  -------         MODULE        ?C?LNEG
  C:1923H         PUBLIC        ?C?LNEG
  -------         ENDMOD        ?C?LNEG

BL51 BANKED LINKER/LOCATER V6.22                                                      07/17/2019  09:54:25  PAGE 58


  -------         MODULE        ?C?ULCMP
  C:1931H         PUBLIC        ?C?ULCMP
  -------         ENDMOD        ?C?ULCMP

  -------         MODULE        ?C?LSHL
  C:1942H         PUBLIC        ?C?LSHL
  -------         ENDMOD        ?C?LSHL

  -------         MODULE        ?C?LLDPTR
  C:1955H         PUBLIC        ?C?LLDPTR
  -------         ENDMOD        ?C?LLDPTR

  -------         MODULE        ?C?LLDOPTR
  C:1975H         PUBLIC        ?C?LLDOPTR
  -------         ENDMOD        ?C?LLDOPTR

  -------         MODULE        ?C?LSTPTR
  C:19A5H         PUBLIC        ?C?LSTPTR
  -------         ENDMOD        ?C?LSTPTR

  -------         MODULE        ?C?LSTOPTR
  C:19BFH         PUBLIC        ?C?LSTOPTR
  -------         ENDMOD        ?C?LSTOPTR

  -------         MODULE        ?C?LLDXDATA
  C:19E3H         PUBLIC        ?C?LLDXDATA
  -------         ENDMOD        ?C?LLDXDATA

  -------         MODULE        ?C?LLDCODE
  C:19EFH         PUBLIC        ?C?LLDCODE
  -------         ENDMOD        ?C?LLDCODE

  -------         MODULE        ?C?LLDXDATA0
  C:19FFH         PUBLIC        ?C?LLDXDATA0
  -------         ENDMOD        ?C?LLDXDATA0

  -------         MODULE        ?C?LLDCODE0
  C:1A0BH         PUBLIC        ?C?LLDCODE0
  -------         ENDMOD        ?C?LLDCODE0

  -------         MODULE        ?C?LLDPTR0
  C:1A1BH         PUBLIC        ?C?LLDPTR0
  -------         ENDMOD        ?C?LLDPTR0

  -------         MODULE        ?C?LSTXDATA
  C:1A3BH         PUBLIC        ?C?LSTXDATA
  -------         ENDMOD        ?C?LSTXDATA

  -------         MODULE        ?C?LSTKXDATA
  C:1A47H         PUBLIC        ?C?LSTKXDATA
  -------         ENDMOD        ?C?LSTKXDATA

  -------         MODULE        ?C?LSTKPTR
  C:1A78H         PUBLIC        ?C?LSTKPTR
  -------         ENDMOD        ?C?LSTKPTR

  -------         MODULE        ?C?OFFXADD
BL51 BANKED LINKER/LOCATER V6.22                                                      07/17/2019  09:54:25  PAGE 59


  C:1A92H         PUBLIC        ?C?OFFXADD
  -------         ENDMOD        ?C?OFFXADD

  -------         MODULE        ?C?PLDIXDATA
  C:1A9EH         PUBLIC        ?C?PLDIXDATA
  -------         ENDMOD        ?C?PLDIXDATA

  -------         MODULE        ?C?PSTXDATA
  C:1AB5H         PUBLIC        ?C?PSTXDATA
  -------         ENDMOD        ?C?PSTXDATA

  -------         MODULE        ?C?CCASE
  C:1ABEH         PUBLIC        ?C?CCASE
  -------         ENDMOD        ?C?CCASE

  -------         MODULE        PUTCHAR
  C:60EBH         PUBLIC        _PUTCHAR
  -------         ENDMOD        PUTCHAR

  -------         MODULE        ABS
  C:638FH         PUBLIC        _ABS
  -------         ENDMOD        ABS

  -------         MODULE        ATOI
  C:5415H         PUBLIC        _atoi
  -------         ENDMOD        ATOI

  -------         MODULE        ?C?IILDX
  C:1AE4H         PUBLIC        ?C?IILDX
  -------         ENDMOD        ?C?IILDX

  -------         MODULE        ?C?ULDIV
  C:1B36H         PUBLIC        ?C?ULDIV
  -------         ENDMOD        ?C?ULDIV

  -------         MODULE        ?C?LLDIDATA
  C:1BC8H         PUBLIC        ?C?LLDIDATA
  -------         ENDMOD        ?C?LLDIDATA

  -------         MODULE        ?C?LLDPDATA
  C:1BD4H         PUBLIC        ?C?LLDPDATA
  -------         ENDMOD        ?C?LLDPDATA

  -------         MODULE        ?C?LLDIDATA0
  C:1BE0H         PUBLIC        ?C?LLDIDATA0
  -------         ENDMOD        ?C?LLDIDATA0

  -------         MODULE        ?C?LLDPDATA0
  C:1BEDH         PUBLIC        ?C?LLDPDATA0
  -------         ENDMOD        ?C?LLDPDATA0

  -------         MODULE        ?C?LSTIDATA
  C:1BFAH         PUBLIC        ?C?LSTIDATA
  -------         ENDMOD        ?C?LSTIDATA

  -------         MODULE        ?C?LSTPDATA
  C:1C06H         PUBLIC        ?C?LSTPDATA
BL51 BANKED LINKER/LOCATER V6.22                                                      07/17/2019  09:54:25  PAGE 60


  -------         ENDMOD        ?C?LSTPDATA

  -------         MODULE        ?C?LSTKIDATA
  C:1C12H         PUBLIC        ?C?LSTKIDATA
  -------         ENDMOD        ?C?LSTKIDATA

  -------         MODULE        ?C?LSTKPDATA
  C:1C2BH         PUBLIC        ?C?LSTKPDATA
  -------         ENDMOD        ?C?LSTKPDATA

  -------         MODULE        ISDIGIT
  C:634DH         PUBLIC        _isdigit
  -------         ENDMOD        ISDIGIT

  -------         MODULE        ISSPACE
  C:62E8H         PUBLIC        _isspace
  -------         ENDMOD        ISSPACE

*** WARNING L16: UNCALLED SEGMENT, IGNORED FOR OVERLAY PROCESS
    SEGMENT: ?PR?_DAY_OF_YEAR?PCF85063BTL

*** WARNING L16: UNCALLED SEGMENT, IGNORED FOR OVERLAY PROCESS
    SEGMENT: ?PR?NOP?IOEXPANDER_PI4IOE5V96248

*** WARNING L16: UNCALLED SEGMENT, IGNORED FOR OVERLAY PROCESS
    SEGMENT: ?PR?UC_ACK?IOEXPANDER_PI4IOE5V96248

*** WARNING L16: UNCALLED SEGMENT, IGNORED FOR OVERLAY PROCESS
    SEGMENT: ?PR?UC_NACK?IOEXPANDER_PI4IOE5V96248

*** WARNING L16: UNCALLED SEGMENT, IGNORED FOR OVERLAY PROCESS
    SEGMENT: ?PR?_AT25SF041_READ?AT25SF041

*** WARNING L16: UNCALLED SEGMENT, IGNORED FOR OVERLAY PROCESS
    SEGMENT: ?PR?_TEN?UART1

*** WARNING L16: UNCALLED SEGMENT, IGNORED FOR OVERLAY PROCESS
    SEGMENT: ?PR?_UNIT?UART1

*** WARNING L16: UNCALLED SEGMENT, IGNORED FOR OVERLAY PROCESS
    SEGMENT: ?PR?_DECTOBCD?UART1

*** WARNING L16: UNCALLED SEGMENT, IGNORED FOR OVERLAY PROCESS
    SEGMENT: ?PR?_ASCII_LETTER?UART1

*** WARNING L16: UNCALLED SEGMENT, IGNORED FOR OVERLAY PROCESS
    SEGMENT: ?PR?_ASCIITOBCD?UART1

Program Size: data=15.4 xdata=1612 code=25560
LINK/LOCATE RUN COMPLETE.  10 WARNING(S),  0 ERROR(S)
