BL51 BANKED LINKER/LOCATER V6.22                                                        01/18/2019  12:52:26  PAGE 1


BL51 BANKED LINKER/LOCATER V6.22, INVOKED BY:
C:\KEIL_V5\C51\BIN\BL51.EXE .\Obj\main.obj, .\Obj\PCF85063BTL.obj, .\Obj\UART1.obj, .\Obj\LCd_Driver_SPLC780D.obj, .\Obj
>> \KeyPad.obj, .\Obj\BipolarMotor.obj, .\Obj\SunPos.obj, .\Obj\ADC.obj, .\Obj\Calibration.obj, .\Obj\IOExpander_PI4IOE5
>> V96248.obj, .\Obj\spa.obj, .\Obj\STARTUP.obj TO .\Obj\GPIO_RTC_Test PRINT (.\Lis\GPIO_RTC_Test.m51) RAMSIZE (256)


MEMORY MODEL: LARGE WITH FLOATING POINT ARITHMETIC


INPUT MODULES INCLUDED:
  .\Obj\main.obj (MAIN)
  .\Obj\PCF85063BTL.obj (PCF85063BTL)
  .\Obj\UART1.obj (UART1)
  .\Obj\LCd_Driver_SPLC780D.obj (LCD_DRIVER_SPLC780D)
  .\Obj\KeyPad.obj (KEYPAD)
  .\Obj\BipolarMotor.obj (BIPOLARMOTOR)
  .\Obj\SunPos.obj (SUNPOS)
  .\Obj\ADC.obj (ADC)
  .\Obj\Calibration.obj (CALIBRATION)
  .\Obj\IOExpander_PI4IOE5V96248.obj (IOEXPANDER_PI4IOE5V96248)
  .\Obj\spa.obj (SPA)
  .\Obj\STARTUP.obj (?C_STARTUP)
  C:\KEIL_V5\C51\LIB\C51FPL.LIB (?C?FPADD)
  C:\KEIL_V5\C51\LIB\C51FPL.LIB (?C?FPMUL)
  C:\KEIL_V5\C51\LIB\C51FPL.LIB (?C?FPDIV)
  C:\KEIL_V5\C51\LIB\C51FPL.LIB (?C?FPCMP)
  C:\KEIL_V5\C51\LIB\C51FPL.LIB (?C?FPNEG)
  C:\KEIL_V5\C51\LIB\C51FPL.LIB (?C?FCAST)
  C:\KEIL_V5\C51\LIB\C51FPL.LIB (?C?CASTF)
  C:\KEIL_V5\C51\LIB\C51FPL.LIB (FABS)
  C:\KEIL_V5\C51\LIB\C51FPL.LIB (ATAN2)
  C:\KEIL_V5\C51\LIB\C51FPL.LIB (SIN)
  C:\KEIL_V5\C51\LIB\C51FPL.LIB (ATAN)
  C:\KEIL_V5\C51\LIB\C51FPL.LIB (ACOS)
  C:\KEIL_V5\C51\LIB\C51FPL.LIB (ASIN)
  C:\KEIL_V5\C51\LIB\C51FPL.LIB (FLOOR)
  C:\KEIL_V5\C51\LIB\C51FPL.LIB (POW)
  C:\KEIL_V5\C51\LIB\C51FPL.LIB (?C?FPGETOPN)
  C:\KEIL_V5\C51\LIB\C51FPL.LIB (?C?CHKFLOAT)
  C:\KEIL_V5\C51\LIB\C51FPL.LIB (?C?FPSERIES)
  C:\KEIL_V5\C51\LIB\C51FPL.LIB (EXP)
  C:\KEIL_V5\C51\LIB\C51FPL.LIB (LOG)
  C:\KEIL_V5\C51\LIB\C51FPL.LIB (SQRT)
  C:\KEIL_V5\C51\LIB\C51L.LIB (?C_INIT)
  C:\KEIL_V5\C51\LIB\C51L.LIB (?C?COPY)
  C:\KEIL_V5\C51\LIB\C51L.LIB (?C?CLDPTR)
  C:\KEIL_V5\C51\LIB\C51L.LIB (?C?CLDOPTR)
  C:\KEIL_V5\C51\LIB\C51L.LIB (?C?CSTPTR)
  C:\KEIL_V5\C51\LIB\C51L.LIB (?C?IMUL)
  C:\KEIL_V5\C51\LIB\C51L.LIB (?C?UIDIV)
  C:\KEIL_V5\C51\LIB\C51L.LIB (?C?SIDIV)
  C:\KEIL_V5\C51\LIB\C51L.LIB (?C?ILDIX)
  C:\KEIL_V5\C51\LIB\C51L.LIB (?C?ILDPTR)
  C:\KEIL_V5\C51\LIB\C51L.LIB (?C?ILDOPTR)
  C:\KEIL_V5\C51\LIB\C51L.LIB (?C?LMUL)
  C:\KEIL_V5\C51\LIB\C51L.LIB (?C?SLDIV)
  C:\KEIL_V5\C51\LIB\C51L.LIB (?C?LNEG)
  C:\KEIL_V5\C51\LIB\C51L.LIB (?C?ULCMP)
BL51 BANKED LINKER/LOCATER V6.22                                                      01/18/2019  12:52:26  PAGE 2


  C:\KEIL_V5\C51\LIB\C51L.LIB (?C?LLDPTR)
  C:\KEIL_V5\C51\LIB\C51L.LIB (?C?LLDOPTR)
  C:\KEIL_V5\C51\LIB\C51L.LIB (?C?LSTPTR)
  C:\KEIL_V5\C51\LIB\C51L.LIB (?C?LSTOPTR)
  C:\KEIL_V5\C51\LIB\C51L.LIB (?C?LLDXDATA)
  C:\KEIL_V5\C51\LIB\C51L.LIB (?C?LLDCODE)
  C:\KEIL_V5\C51\LIB\C51L.LIB (?C?LLDXDATA0)
  C:\KEIL_V5\C51\LIB\C51L.LIB (?C?LLDCODE0)
  C:\KEIL_V5\C51\LIB\C51L.LIB (?C?LLDPTR0)
  C:\KEIL_V5\C51\LIB\C51L.LIB (?C?LLDOPTR0)
  C:\KEIL_V5\C51\LIB\C51L.LIB (?C?LSTXDATA)
  C:\KEIL_V5\C51\LIB\C51L.LIB (?C?LSTKXDATA)
  C:\KEIL_V5\C51\LIB\C51L.LIB (?C?LSTKOPTR)
  C:\KEIL_V5\C51\LIB\C51L.LIB (?C?OFFX256)
  C:\KEIL_V5\C51\LIB\C51L.LIB (?C?OFFXADD)
  C:\KEIL_V5\C51\LIB\C51L.LIB (ABS)
  C:\KEIL_V5\C51\LIB\C51L.LIB (ATOI)
  C:\KEIL_V5\C51\LIB\C51L.LIB (?C?IILDX)
  C:\KEIL_V5\C51\LIB\C51L.LIB (?C?ULDIV)
  C:\KEIL_V5\C51\LIB\C51L.LIB (?C?LLDIDATA)
  C:\KEIL_V5\C51\LIB\C51L.LIB (?C?LLDPDATA)
  C:\KEIL_V5\C51\LIB\C51L.LIB (?C?LLDIDATA0)
  C:\KEIL_V5\C51\LIB\C51L.LIB (?C?LLDPDATA0)
  C:\KEIL_V5\C51\LIB\C51L.LIB (?C?LSTIDATA)
  C:\KEIL_V5\C51\LIB\C51L.LIB (?C?LSTPDATA)
  C:\KEIL_V5\C51\LIB\C51L.LIB (?C?LSTKIDATA)
  C:\KEIL_V5\C51\LIB\C51L.LIB (?C?LSTKPDATA)
  C:\KEIL_V5\C51\LIB\C51L.LIB (ISDIGIT)
  C:\KEIL_V5\C51\LIB\C51L.LIB (ISSPACE)


LINK MAP OF MODULE:  .\Obj\GPIO_RTC_Test (MAIN)


            TYPE    BASE      LENGTH    RELOCATION   SEGMENT NAME
            -----------------------------------------------------

            * * * * * * *   D A T A   M E M O R Y   * * * * * * *
            REG     0000H     0008H     ABSOLUTE     "REG BANK 0"
            REG     0008H     0008H     ABSOLUTE     "REG BANK 1"
                    0010H     0010H                  *** GAP ***
            BIT     0020H.0   0000H.5   UNIT         ?BI?KEYPAD
            BIT     0020H.5   0000H.4   UNIT         _BIT_GROUP_
            BIT     0021H.1   0000H.1   UNIT         ?BI?MAIN
                    0021H.2   0000H.6                *** GAP ***
            IDATA   0022H     0001H     UNIT         ?STACK

            * * * * * * *  X D A T A   M E M O R Y  * * * * * * *
            XDATA   0000H     2258H     UNIT         ?XD?SPA
            XDATA   2258H     0531H     UNIT         ?XD?BIPOLARMOTOR
            XDATA   2789H     026FH     UNIT         _XDATA_GROUP_
            XDATA   29F8H     00EDH     UNIT         ?XD?MAIN
            XDATA   2AE5H     005DH     UNIT         ?XD?SUNPOS?SUNPOS
            XDATA   2B42H     0040H     UNIT         ?XD?_FINDDET4X4?BIPOLARMOTOR
            XDATA   2B82H     0024H     UNIT         ?XD?_FINDDET3X3?BIPOLARMOTOR
            XDATA   2BA6H     001EH     UNIT         ?XD?_CALIB_INTERPOLATE?MAIN
            XDATA   2BC4H     0009H     UNIT         ?XD?KEYPAD
BL51 BANKED LINKER/LOCATER V6.22                                                      01/18/2019  12:52:26  PAGE 3


            XDATA   2BCDH     0004H     UNIT         ?XD?_DISPLAY_PROX?MAIN
            XDATA   2BD1H     0003H     UNIT         ?XD?_SENDSTRING?UART1
            XDATA   2BD4H     0001H     UNIT         ?XD?UC_ACK?IOEXPANDER_PI4IOE5V96248
            XDATA   2BD5H     0001H     UNIT         ?XD?UC_NACK?IOEXPANDER_PI4IOE5V96248

            * * * * * * *   C O D E   M E M O R Y   * * * * * * *
            CODE    0000H     0003H     ABSOLUTE     
            CODE    0003H     0006H     UNIT         ?PR?_TEN?UART1
            CODE    0009H     0001H     UNIT         ?PR?_DECTOBCD?UART1
            CODE    000AH     0001H     UNIT         ?PR?WAIT?BIPOLARMOTOR
            CODE    000BH     0003H     ABSOLUTE     
            CODE    000EH     0015H     UNIT         ?PR?_DISPLAY_LINE?LCD_DRIVER_SPLC780D
            CODE    0023H     0003H     ABSOLUTE     
            CODE    0026H     2712H     UNIT         ?C_INITSEG
            CODE    2738H     0A14H     UNIT         ?C?LIB_CODE
            CODE    314CH     07F0H     UNIT         ?PR?_CALCULATE_EOT_AND_SUN_RISE_TRANSIT_SET?SPA
            CODE    393CH     07A2H     UNIT         ?PR?SUNPOS?SUNPOS
            CODE    40DEH     0519H     UNIT         ?PR?_UPDATE_POSITION?BIPOLARMOTOR
            CODE    45F7H     0436H     UNIT         ?PR?_SPA_CALCULATE?SPA
            CODE    4A2DH     0405H     UNIT         ?PR?_CALCULATE_GEOCENTRIC_SUN_RIGHT_ASCENSION_AND_DECLINATION?SPA
            CODE    4E32H     034FH     UNIT         ?PR?MAIN?MAIN
            CODE    5181H     033CH     UNIT         ?PR?_VALIDATE_INPUTS?SPA
            CODE    54BDH     030AH     UNIT         ?PR?_RIGHT_ASCENSION_PARALLAX_AND_TOPOCENTRIC_DEC?SPA
            CODE    57C7H     02C0H     UNIT         ?PR?_FINDDET4X4?BIPOLARMOTOR
            CODE    5A87H     02A0H     UNIT         ?PR?KEY_PROCESS?KEYPAD
            CODE    5D27H     022EH     UNIT         ?PR?_JULIAN_DAY?SPA
            CODE    5F55H     022CH     UNIT         ?PR?_NUTATION_LONGITUDE_AND_OBLIQUITY?SPA
            CODE    6181H     01D1H     UNIT         ?PR?_FINDDET3X3?BIPOLARMOTOR
            CODE    6352H     01B5H     UNIT         ?PR?_DISPLAY_POS?MAIN
            CODE    6507H     01B3H     UNIT         ?PR?_FIND_REAL_MAX?CALIBRATION
            CODE    66BAH     01A1H     UNIT         ?PR?_CALIB_INTERPOLATE?MAIN
            CODE    685BH     018DH     UNIT         ?PR?KEY_SCAN?KEYPAD
            CODE    69E8H     0188H     UNIT         ?PR?SIN?SIN
            CODE    6B70H     0167H     UNIT         ?PR?_RTS_ALPHA_DELTA_PRIME?SPA
            CODE    6CD7H     0166H     UNIT         ?PR?_POW?POW
            CODE    6E3DH     0131H     UNIT         ?PR?_ECLIPTIC_MEAN_OBLIQUITY?SPA
            CODE    6F6EH     0129H     UNIT         ?PR?_ATMOSPHERIC_REFRACTION_CORRECTION?SPA
            CODE    7097H     0129H     UNIT         ?PR?LOG?LOG
            CODE    71C0H     0122H     UNIT         ?PR?ATAN?ATAN
            CODE    72E2H     011AH     UNIT         ?PR?_EARTH_PERIODIC_TERM_SUMMATION?SPA
            CODE    73FCH     0118H     UNIT         ?PR?_SUN_HOUR_ANGLE_AT_RISE_SET?SPA
            CODE    7514H     0114H     UNIT         ?PR?_SUN_RISE_AND_SET?SPA
            CODE    7628H     0102H     UNIT         ?PR?_EARTH_VALUES?SPA
            CODE    772AH     00F0H     UNIT         ?PR?_FLOOR?FLOOR
            CODE    781AH     00E4H     UNIT         ?PR?_XY_TERM_SUMMATION?SPA
            CODE    78FEH     00DBH     UNIT         ?PR?_LIMIT_DEGREES180PM?SPA
            CODE    79D9H     00DBH     UNIT         ?PR?_ATOI?ATOI
            CODE    7AB4H     00D3H     UNIT         ?PR?_EARTH_HELIOCENTRIC_LONGITUDE?SPA
            CODE    7B87H     00D1H     UNIT         ?PR?_SURFACE_INCIDENCE_ANGLE?SPA
            CODE    7C58H     00D0H     UNIT         ?PR?_EARTH_HELIOCENTRIC_LATITUDE?SPA
            CODE    7D28H     00CDH     UNIT         ?PR?_EARTH_RADIUS_VECTOR?SPA
            CODE    7DF5H     00C8H     UNIT         ?PR?_CALIBRATION?CALIBRATION
            CODE    7EBDH     00C3H     UNIT         ?PR?_GEOCENTRIC_RIGHT_ASCENSION?SPA
            CODE    7F80H     00C3H     UNIT         ?PR?_TOPOCENTRIC_AZIMUTH_ANGLE_ASTRO?SPA
            CODE    8043H     00BBH     UNIT         ?PR?VOLTAGE_IS_STABLE?CALIBRATION
            CODE    80FEH     00B5H     UNIT         ?PR?_GEOCENTRIC_DECLINATION?SPA
            CODE    81B3H     00B5H     UNIT         ?PR?_TOPOCENTRIC_ELEVATION_ANGLE?SPA
BL51 BANKED LINKER/LOCATER V6.22                                                      01/18/2019  12:52:26  PAGE 4


            CODE    8268H     00B5H     UNIT         ?PR?_RTS_SUN_ALTITUDE?SPA
            CODE    831DH     00B1H     UNIT         ?PR?LINEAR_INTERPOLATE?BIPOLARMOTOR
            CODE    83CEH     00ADH     UNIT         ?PR?_WRITE_PI4IOE5V96248?IOEXPANDER_PI4IOE5V96248
            CODE    847BH     00ACH     UNIT         ?PR?SQRT?SQRT
            CODE    8527H     00A6H     UNIT         ?PR?_LIMIT_DEGREES?SPA
            CODE    85CDH     00A3H     UNIT         ?PR?_LIMIT_DEGREES180?SPA
            CODE    8670H     009EH     UNIT         ?PR?_SUN_MEAN_LONGITUDE?SPA
            CODE    870EH     009DH     UNIT         ?PR?_ATAN2?ATAN2
            CODE    87ABH     009CH     UNIT         ?PR?_GREENWICH_MEAN_SIDEREAL_TIME?SPA
            CODE    8847H     009BH     UNIT         ?PR?UART?MAIN
            CODE    88E2H     009AH     UNIT         ?PR?EXP?EXP
            CODE    897CH     0095H     UNIT         ?PR?_DISPLAY_PROX?MAIN
            CODE    8A11H     0093H     UNIT         ?PR?_MAX_VALUE?CALIBRATION
            CODE    8AA4H     008CH     UNIT         ?C_C51STARTUP
            CODE    8B30H     0089H     UNIT         ?PR?_LIMIT_ZERO2ONE?SPA
            CODE    8BB9H     0084H     UNIT         ?PR?_DAY_OF_YEAR?PCF85063BTL
            CODE    8C3DH     0083H     UNIT         ?PR?_LIMIT_MINUTES?SPA
            CODE    8CC0H     007CH     UNIT         ?PR?_APPROX_SUN_RISE_AND_SET?SPA
            CODE    8D3CH     007BH     UNIT         ?PR?_THIRD_ORDER_POLYNOMIAL?SPA
            CODE    8DB7H     0075H     UNIT         ?PR?_WRITEDATA?LCD_DRIVER_SPLC780D
            CODE    8E2CH     006FH     UNIT         ?PR?_READ_TIME?PCF85063BTL
            CODE    8E9BH     006BH     UNIT         ?PR?_GEOCENTRIC_LONGITUDE?SPA
            CODE    8F06H     006BH     UNIT         ?PR?_EOT?SPA
            CODE    8F71H     0059H     UNIT         ?PR?LCD_INIT?LCD_DRIVER_SPLC780D
            CODE    8FCAH     004AH     UNIT         ?PR?VONESTEPMOVE?BIPOLARMOTOR
            CODE    9014H     004AH     UNIT         ?PR?ACOS?ACOS
            CODE    905EH     0044H     UNIT         ?PR?_MEAN_ELONGATION_MOON_SUN?SPA
            CODE    90A2H     0044H     UNIT         ?PR?_MEAN_ANOMALY_SUN?SPA
            CODE    90E6H     0044H     UNIT         ?PR?_MEAN_ANOMALY_MOON?SPA
            CODE    912AH     0044H     UNIT         ?PR?_ARGUMENT_LATITUDE_MOON?SPA
            CODE    916EH     0044H     UNIT         ?PR?_ASCENDING_LONGITUDE_MOON?SPA
            CODE    91B2H     0044H     UNIT         ?C?LDIV
            CODE    91F6H     0040H     UNIT         ?PR?_COMMAND?LCD_DRIVER_SPLC780D
            CODE    9236H     0040H     UNIT         ?PR?_STEP_MOVE?BIPOLARMOTOR
            CODE    9276H     003BH     UNIT         ?PR?ASIN?ASIN
            CODE    92B1H     003AH     UNIT         ?PR?_OBSERVER_HOUR_ANGLE?SPA
            CODE    92EBH     0037H     UNIT         ?PR?_APPARENT_SUN_LONGITUDE?SPA
            CODE    9322H     0033H     UNIT         ?PR?_SENDSTRING?UART1
            CODE    9355H     0032H     UNIT         ?PR?_ABERRATION_CORRECTION?SPA
            CODE    9387H     0032H     UNIT         ?PR?_GREENWICH_SIDEREAL_TIME?SPA
            CODE    93B9H     0032H     UNIT         ?PR?_SUN_EQUATORIAL_HORIZONTAL_PARALLAX?SPA
            CODE    93EBH     0031H     UNIT         ?PR?_JULIAN_EPHEMERIS_DAY?SPA
            CODE    941CH     0030H     UNIT         ?PR?_ECLIPTIC_TRUE_OBLIQUITY?SPA
            CODE    944CH     002FH     UNIT         ?PR?_DAYFRAC_TO_LOCAL_HR?SPA
            CODE    947BH     002DH     UNIT         ?PR?_APPROX_SUN_TRANSIT_TIME?SPA
            CODE    94A8H     002BH     UNIT         ?PR?_WAIT_MS_I2C?IOEXPANDER_PI4IOE5V96248
            CODE    94D3H     002BH     UNIT         ?PR?_DEG2RAD?SPA
            CODE    94FEH     002BH     UNIT         ?PR?_JULIAN_CENTURY?SPA
            CODE    9529H     002BH     UNIT         ?PR?_JULIAN_EPHEMERIS_CENTURY?SPA
            CODE    9554H     0028H     UNIT         ?PR?_MOVE?BIPOLARMOTOR
            CODE    957CH     0027H     UNIT         ?PR?_I2C_SENDBYTE?IOEXPANDER_PI4IOE5V96248
            CODE    95A3H     0026H     UNIT         ?PR?_ADC_GETRESULT?ADC
            CODE    95C9H     0026H     UNIT         ?PR?_TOPOCENTRIC_RIGHT_ASCENSION?SPA
            CODE    95EFH     0026H     UNIT         ?PR?_TOPOCENTRIC_ELEVATION_ANGLE_CORRECTED?SPA
            CODE    9615H     0024H     UNIT         ?PR?_WAIT_MS?LCD_DRIVER_SPLC780D
            CODE    9639H     0020H     UNIT         ?PR?_SPI_SENDBYTE?PCF85063BTL
            CODE    9659H     0020H     UNIT         ?PR?SPI_RECEIVEBYTE?PCF85063BTL
BL51 BANKED LINKER/LOCATER V6.22                                                      01/18/2019  12:52:26  PAGE 5


            CODE    9679H     0020H     UNIT         ?PR?_RAD2DEG?SPA
            CODE    9699H     001FH     UNIT         ?PR?_TOPOCENTRIC_AZIMUTH_ANGLE?SPA
            CODE    96B8H     001EH     UNIT         ?PR?_DELAY_MS?KEYPAD
            CODE    96D6H     001DH     UNIT         ?PR?_DISPLAYLCD?LCD_DRIVER_SPLC780D
            CODE    96F3H     001DH     UNIT         ?PR?ADC_INIT?ADC
            CODE    9710H     001BH     UNIT         ?PR?TM0_ISR?MAIN
            CODE    972BH     001BH     UNIT         ?PR?_BCDTODEC1?BIPOLARMOTOR
            CODE    9746H     0018H     UNIT         ?PR?_SPI_WRITETIME?PCF85063BTL
            CODE    975EH     0017H     UNIT         ?PR?_ASCIITOBCD?UART1
            CODE    9775H     0016H     UNIT         ?PR?I2C_ACK?IOEXPANDER_PI4IOE5V96248
            CODE    978BH     0015H     UNIT         ?PR?I2C_STOP?IOEXPANDER_PI4IOE5V96248
            CODE    97A0H     0014H     UNIT         ?PR?_PCF85063BTL_DELAY?PCF85063BTL
            CODE    97B4H     0014H     UNIT         ?PR?_ISSPACE?ISSPACE
            CODE    97C8H     0013H     UNIT         ?PR?_TOPOCENTRIC_ZENITH_ANGLE?SPA
            CODE    97DBH     0012H     UNIT         ?PR?_TOPOCENTRIC_LOCAL_HOUR_ANGLE?SPA
            CODE    97EDH     0011H     UNIT         ?PR?_SPI_READTIME?PCF85063BTL
            CODE    97FEH     0011H     UNIT         ?PR?_BCDTODEC?PCF85063BTL
            CODE    980FH     0011H     UNIT         ?PR?INITUART1?UART1
            CODE    9820H     000FH     UNIT         ?PR?I2C_START?IOEXPANDER_PI4IOE5V96248
            CODE    982FH     000FH     UNIT         ?PR?UC_NACK?IOEXPANDER_PI4IOE5V96248
            CODE    983EH     000FH     UNIT         ?PR?_ISDIGIT?ISDIGIT
            CODE    984DH     000DH     UNIT         ?PR?SPI_INIT?PCF85063BTL
            CODE    985AH     000DH     UNIT         ?PR?_FABS?FABS
            CODE    9867H     000CH     UNIT         ?PR?KEYPAD_IO_INIT?KEYPAD
            CODE    9873H     000CH     UNIT         ?PR?_ABS?ABS
            CODE    987FH     000BH     UNIT         ?PR?_JULIAN_EPHEMERIS_MILLENNIUM?SPA
            CODE    988AH     000AH     UNIT         ?PR?LCD_RETURN_HOME?LCD_DRIVER_SPLC780D
            CODE    9894H     000AH     UNIT         ?PR?LCD_CLEAR?LCD_DRIVER_SPLC780D
            CODE    989EH     0009H     UNIT         ?PR?_SENDUART1?MAIN
            CODE    98A7H     0006H     UNIT         ?PR?UC_ACK?IOEXPANDER_PI4IOE5V96248
            CODE    98ADH     0005H     UNIT         ?PR?_UNIT?UART1
            CODE    98B2H     0005H     UNIT         ?PR?_ASCII_LETTER?UART1
            CODE    98B7H     0004H     UNIT         ?PR?_INTEGER?SPA
            CODE    98BBH     0004H     UNIT         ?PR?_GEOCENTRIC_LATITUDE?SPA
            CODE    98BFH     0001H     UNIT         ?PR?NOP?IOEXPANDER_PI4IOE5V96248



OVERLAY MAP OF MODULE:   .\Obj\GPIO_RTC_Test (MAIN)


SEGMENT                                             BIT_GROUP          XDATA_GROUP
  +--> CALLED SEGMENT                            START    LENGTH     START    LENGTH
------------------------------------------------------------------------------------
?PR?UART?MAIN                                    -----    -----      -----    -----
  +--> ?PR?_ASCIITOBCD?UART1

?PR?_ASCIITOBCD?UART1                            -----    -----      -----    -----
  +--> ?PR?_ATOI?ATOI

?PR?_ATOI?ATOI                                   0020H.5  0000H.1    2789H    0005H
  +--> ?PR?_ISSPACE?ISSPACE
  +--> ?PR?_ISDIGIT?ISDIGIT

*** NEW ROOT ***************************************************

?C_C51STARTUP                                    -----    -----      -----    -----
BL51 BANKED LINKER/LOCATER V6.22                                                      01/18/2019  12:52:26  PAGE 6


  +--> ?PR?MAIN?MAIN
  +--> ?C_INITSEG

?PR?MAIN?MAIN                                    -----    -----      278EH    000AH
  +--> ?PR?LCD_INIT?LCD_DRIVER_SPLC780D
  +--> ?PR?SPI_INIT?PCF85063BTL
  +--> ?PR?KEYPAD_IO_INIT?KEYPAD
  +--> ?PR?ADC_INIT?ADC
  +--> ?PR?_DELAY_MS?KEYPAD
  +--> ?PR?_DISPLAY_LINE?LCD_DRIVER_SPLC780D
  +--> ?PR?_WRITEDATA?LCD_DRIVER_SPLC780D
  +--> ?PR?KEY_PROCESS?KEYPAD
  +--> ?PR?_COMMAND?LCD_DRIVER_SPLC780D
  +--> ?PR?_DISPLAY_POS?MAIN
  +--> ?PR?_DISPLAYLCD?LCD_DRIVER_SPLC780D
  +--> ?PR?_STEP_MOVE?BIPOLARMOTOR
  +--> ?PR?LCD_RETURN_HOME?LCD_DRIVER_SPLC780D
  +--> ?PR?_READ_TIME?PCF85063BTL
  +--> ?PR?_DAY_OF_YEAR?PCF85063BTL
  +--> ?PR?_BCDTODEC1?BIPOLARMOTOR
  +--> ?PR?_CALIBRATION?CALIBRATION

?PR?LCD_INIT?LCD_DRIVER_SPLC780D                 -----    -----      -----    -----
  +--> ?PR?_WAIT_MS?LCD_DRIVER_SPLC780D
  +--> ?PR?_COMMAND?LCD_DRIVER_SPLC780D

?PR?_COMMAND?LCD_DRIVER_SPLC780D                 -----    -----      -----    -----
  +--> ?PR?_WAIT_MS?LCD_DRIVER_SPLC780D

?PR?ADC_INIT?ADC                                 -----    -----      -----    -----
  +--> ?PR?_WAIT_MS?LCD_DRIVER_SPLC780D

?PR?_DISPLAY_LINE?LCD_DRIVER_SPLC780D            -----    -----      -----    -----
  +--> ?PR?_COMMAND?LCD_DRIVER_SPLC780D

?PR?_WRITEDATA?LCD_DRIVER_SPLC780D               -----    -----      27A2H    0001H
  +--> ?PR?_WAIT_MS?LCD_DRIVER_SPLC780D

?PR?KEY_PROCESS?KEYPAD                           -----    -----      2798H    0006H
  +--> ?PR?KEY_SCAN?KEYPAD
  +--> ?PR?_SPI_WRITETIME?PCF85063BTL
  +--> ?PR?LCD_CLEAR?LCD_DRIVER_SPLC780D
  +--> ?PR?_COMMAND?LCD_DRIVER_SPLC780D
  +--> ?PR?_WRITEDATA?LCD_DRIVER_SPLC780D

?PR?KEY_SCAN?KEYPAD                              -----    -----      279EH    0003H

?PR?_SPI_WRITETIME?PCF85063BTL                   -----    -----      -----    -----
  +--> ?PR?_SPI_SENDBYTE?PCF85063BTL

?PR?_SPI_SENDBYTE?PCF85063BTL                    -----    -----      -----    -----
  +--> ?PR?_PCF85063BTL_DELAY?PCF85063BTL

?PR?LCD_CLEAR?LCD_DRIVER_SPLC780D                -----    -----      -----    -----
  +--> ?PR?_COMMAND?LCD_DRIVER_SPLC780D

?PR?_DISPLAY_POS?MAIN                            -----    -----      2798H    000AH
BL51 BANKED LINKER/LOCATER V6.22                                                      01/18/2019  12:52:26  PAGE 7


  +--> ?PR?_ABS?ABS
  +--> ?PR?_WRITEDATA?LCD_DRIVER_SPLC780D

?PR?_DISPLAYLCD?LCD_DRIVER_SPLC780D              -----    -----      2798H    0001H
  +--> ?PR?_WRITEDATA?LCD_DRIVER_SPLC780D

?PR?_STEP_MOVE?BIPOLARMOTOR                      0020H.7  0000H.1    2840H    0004H
  +--> ?PR?VONESTEPMOVE?BIPOLARMOTOR

?PR?VONESTEPMOVE?BIPOLARMOTOR                    0021H.0  0000H.1    -----    -----
  +--> ?PR?_WRITE_PI4IOE5V96248?IOEXPANDER_P...
  +--> ?PR?_DELAY_MS?KEYPAD

?PR?_WRITE_PI4IOE5V96248?IOEXPANDER_P...         -----    -----      2844H    0003H
  +--> ?PR?I2C_START?IOEXPANDER_PI4IOE5V96248
  +--> ?PR?_WAIT_MS_I2C?IOEXPANDER_PI4IOE5V9...
  +--> ?PR?_I2C_SENDBYTE?IOEXPANDER_PI4IOE5V...
  +--> ?PR?I2C_ACK?IOEXPANDER_PI4IOE5V96248
  +--> ?PR?I2C_STOP?IOEXPANDER_PI4IOE5V96248

?PR?I2C_START?IOEXPANDER_PI4IOE5V96248           -----    -----      -----    -----
  +--> ?PR?_WAIT_MS_I2C?IOEXPANDER_PI4IOE5V9...

?PR?_I2C_SENDBYTE?IOEXPANDER_PI4IOE5V...         -----    -----      -----    -----
  +--> ?PR?_WAIT_MS_I2C?IOEXPANDER_PI4IOE5V9...

?PR?I2C_ACK?IOEXPANDER_PI4IOE5V96248             -----    -----      2847H    0001H
  +--> ?PR?_WAIT_MS_I2C?IOEXPANDER_PI4IOE5V9...

?PR?I2C_STOP?IOEXPANDER_PI4IOE5V96248            -----    -----      -----    -----
  +--> ?PR?_WAIT_MS_I2C?IOEXPANDER_PI4IOE5V9...

?PR?LCD_RETURN_HOME?LCD_DRIVER_SPLC780D          -----    -----      -----    -----
  +--> ?PR?_COMMAND?LCD_DRIVER_SPLC780D

?PR?_READ_TIME?PCF85063BTL                       -----    -----      2798H    000FH
  +--> ?PR?_SPI_READTIME?PCF85063BTL

?PR?_SPI_READTIME?PCF85063BTL                    -----    -----      -----    -----
  +--> ?PR?_SPI_SENDBYTE?PCF85063BTL
  +--> ?PR?SPI_RECEIVEBYTE?PCF85063BTL

?PR?SPI_RECEIVEBYTE?PCF85063BTL                  -----    -----      -----    -----
  +--> ?PR?_PCF85063BTL_DELAY?PCF85063BTL

?PR?_DAY_OF_YEAR?PCF85063BTL                     -----    -----      -----    -----
  +--> ?PR?_BCDTODEC?PCF85063BTL

?PR?_CALIBRATION?CALIBRATION                     -----    -----      2798H    0010H
  +--> ?PR?VOLTAGE_IS_STABLE?CALIBRATION
  +--> ?PR?_UPDATE_POSITION?BIPOLARMOTOR
  +--> ?PR?_FIND_REAL_MAX?CALIBRATION

?PR?VOLTAGE_IS_STABLE?CALIBRATION                -----    -----      27A8H    0018H
  +--> ?PR?_ADC_GETRESULT?ADC
  +--> ?PR?_ABS?ABS

BL51 BANKED LINKER/LOCATER V6.22                                                      01/18/2019  12:52:26  PAGE 8


?PR?_UPDATE_POSITION?BIPOLARMOTOR                -----    -----      27A8H    0094H
  +--> ?PR?_BCDTODEC1?BIPOLARMOTOR
  +--> ?PR?_SPA_CALCULATE?SPA
  +--> ?PR?LINEAR_INTERPOLATE?BIPOLARMOTOR
  +--> ?PR?_ABS?ABS
  +--> ?PR?_MOVE?BIPOLARMOTOR

?PR?_SPA_CALCULATE?SPA                           -----    -----      283CH    0005H
  +--> ?PR?_VALIDATE_INPUTS?SPA
  +--> ?PR?_JULIAN_DAY?SPA
  +--> ?PR?_CALCULATE_GEOCENTRIC_SUN_RIGHT_A...
  +--> ?PR?_OBSERVER_HOUR_ANGLE?SPA
  +--> ?PR?_SUN_EQUATORIAL_HORIZONTAL_PARALL...
  +--> ?PR?_RIGHT_ASCENSION_PARALLAX_AND_TOP...
  +--> ?PR?_TOPOCENTRIC_RIGHT_ASCENSION?SPA
  +--> ?PR?_TOPOCENTRIC_LOCAL_HOUR_ANGLE?SPA
  +--> ?PR?_TOPOCENTRIC_ELEVATION_ANGLE?SPA
  +--> ?PR?_ATMOSPHERIC_REFRACTION_CORRECTIO...
  +--> ?PR?_TOPOCENTRIC_ELEVATION_ANGLE_CORR...
  +--> ?PR?_TOPOCENTRIC_ZENITH_ANGLE?SPA
  +--> ?PR?_TOPOCENTRIC_AZIMUTH_ANGLE_ASTRO?SPA
  +--> ?PR?_TOPOCENTRIC_AZIMUTH_ANGLE?SPA
  +--> ?PR?_SURFACE_INCIDENCE_ANGLE?SPA
  +--> ?PR?_CALCULATE_EOT_AND_SUN_RISE_TRANS...

?PR?_VALIDATE_INPUTS?SPA                         -----    -----      2841H    0003H
  +--> ?PR?_FABS?FABS

?PR?_JULIAN_DAY?SPA                              -----    -----      29A6H    0022H
  +--> ?PR?_INTEGER?SPA

?PR?_CALCULATE_GEOCENTRIC_SUN_RIGHT_A...         -----    -----      29A6H    0017H
  +--> ?PR?_JULIAN_CENTURY?SPA
  +--> ?PR?_JULIAN_EPHEMERIS_DAY?SPA
  +--> ?PR?_JULIAN_EPHEMERIS_CENTURY?SPA
  +--> ?PR?_JULIAN_EPHEMERIS_MILLENNIUM?SPA
  +--> ?PR?_EARTH_HELIOCENTRIC_LONGITUDE?SPA
  +--> ?PR?_EARTH_HELIOCENTRIC_LATITUDE?SPA
  +--> ?PR?_EARTH_RADIUS_VECTOR?SPA
  +--> ?PR?_GEOCENTRIC_LONGITUDE?SPA
  +--> ?PR?_GEOCENTRIC_LATITUDE?SPA
  +--> ?PR?_MEAN_ELONGATION_MOON_SUN?SPA
  +--> ?PR?_MEAN_ANOMALY_SUN?SPA
  +--> ?PR?_MEAN_ANOMALY_MOON?SPA
  +--> ?PR?_ARGUMENT_LATITUDE_MOON?SPA
  +--> ?PR?_ASCENDING_LONGITUDE_MOON?SPA
  +--> ?PR?_NUTATION_LONGITUDE_AND_OBLIQUITY...
  +--> ?PR?_ECLIPTIC_MEAN_OBLIQUITY?SPA
  +--> ?PR?_ECLIPTIC_TRUE_OBLIQUITY?SPA
  +--> ?PR?_ABERRATION_CORRECTION?SPA
  +--> ?PR?_APPARENT_SUN_LONGITUDE?SPA
  +--> ?PR?_GREENWICH_MEAN_SIDEREAL_TIME?SPA
  +--> ?PR?_GREENWICH_SIDEREAL_TIME?SPA
  +--> ?PR?_GEOCENTRIC_RIGHT_ASCENSION?SPA
  +--> ?PR?_GEOCENTRIC_DECLINATION?SPA

?PR?_JULIAN_CENTURY?SPA                          -----    -----      29BDH    0004H
BL51 BANKED LINKER/LOCATER V6.22                                                      01/18/2019  12:52:26  PAGE 9



?PR?_JULIAN_EPHEMERIS_DAY?SPA                    -----    -----      29BDH    0008H

?PR?_JULIAN_EPHEMERIS_CENTURY?SPA                -----    -----      29BDH    0004H

?PR?_EARTH_HELIOCENTRIC_LONGITUDE?SPA            -----    -----      29BDH    001EH
  +--> ?PR?_EARTH_PERIODIC_TERM_SUMMATION?SPA
  +--> ?PR?_EARTH_VALUES?SPA
  +--> ?PR?_RAD2DEG?SPA
  +--> ?PR?_LIMIT_DEGREES?SPA

?PR?_EARTH_PERIODIC_TERM_SUMMATION?SPA           -----    -----      29DBH    000FH
  +--> ?PR?SIN?SIN

?PR?SIN?SIN                                      0020H.6  0000H.1    29EAH    0004H

?PR?_EARTH_VALUES?SPA                            -----    -----      29DBH    000FH
  +--> ?PR?_POW?POW

?PR?_POW?POW                                     -----    -----      29EAH    000AH
  +--> ?PR?LOG?LOG
  +--> ?PR?EXP?EXP

?PR?LOG?LOG                                      0020H.6  0000H.1    29F4H    0004H

?PR?_RAD2DEG?SPA                                 -----    -----      29DBH    0004H

?PR?_LIMIT_DEGREES?SPA                           -----    -----      29DBH    0008H
  +--> ?PR?_FLOOR?FLOOR

?PR?_FLOOR?FLOOR                                 -----    -----      29E3H    0008H

?PR?_EARTH_HELIOCENTRIC_LATITUDE?SPA             -----    -----      29BDH    000EH
  +--> ?PR?_EARTH_PERIODIC_TERM_SUMMATION?SPA
  +--> ?PR?_EARTH_VALUES?SPA
  +--> ?PR?_RAD2DEG?SPA

?PR?_EARTH_RADIUS_VECTOR?SPA                     -----    -----      29BDH    001AH
  +--> ?PR?_EARTH_PERIODIC_TERM_SUMMATION?SPA
  +--> ?PR?_EARTH_VALUES?SPA

?PR?_GEOCENTRIC_LONGITUDE?SPA                    -----    -----      29BDH    0008H

?PR?_MEAN_ELONGATION_MOON_SUN?SPA                -----    -----      29BDH    0004H
  +--> ?PR?_THIRD_ORDER_POLYNOMIAL?SPA

?PR?_THIRD_ORDER_POLYNOMIAL?SPA                  -----    -----      29C1H    0014H

?PR?_MEAN_ANOMALY_SUN?SPA                        -----    -----      29BDH    0004H
  +--> ?PR?_THIRD_ORDER_POLYNOMIAL?SPA

?PR?_MEAN_ANOMALY_MOON?SPA                       -----    -----      29BDH    0004H
  +--> ?PR?_THIRD_ORDER_POLYNOMIAL?SPA

?PR?_ARGUMENT_LATITUDE_MOON?SPA                  -----    -----      29BDH    0004H
  +--> ?PR?_THIRD_ORDER_POLYNOMIAL?SPA

BL51 BANKED LINKER/LOCATER V6.22                                                      01/18/2019  12:52:26  PAGE 10


?PR?_ASCENDING_LONGITUDE_MOON?SPA                -----    -----      29BDH    0004H
  +--> ?PR?_THIRD_ORDER_POLYNOMIAL?SPA

?PR?_NUTATION_LONGITUDE_AND_OBLIQUITY...         -----    -----      29BDH    001BH
  +--> ?PR?_XY_TERM_SUMMATION?SPA
  +--> ?PR?_DEG2RAD?SPA
  +--> ?PR?SIN?SIN

?PR?_XY_TERM_SUMMATION?SPA                       -----    -----      29D8H    000BH

?PR?_DEG2RAD?SPA                                 -----    -----      29D8H    0004H

?PR?_ECLIPTIC_MEAN_OBLIQUITY?SPA                 -----    -----      29BDH    0004H

?PR?_ECLIPTIC_TRUE_OBLIQUITY?SPA                 -----    -----      29BDH    0008H

?PR?_ABERRATION_CORRECTION?SPA                   -----    -----      29BDH    0004H

?PR?_APPARENT_SUN_LONGITUDE?SPA                  -----    -----      29BDH    000CH

?PR?_GREENWICH_MEAN_SIDEREAL_TIME?SPA            -----    -----      29BDH    0008H
  +--> ?PR?_LIMIT_DEGREES?SPA

?PR?_GREENWICH_SIDEREAL_TIME?SPA                 -----    -----      29BDH    000CH
  +--> ?PR?_DEG2RAD?SPA
  +--> ?PR?SIN?SIN

?PR?_GEOCENTRIC_RIGHT_ASCENSION?SPA              -----    -----      29BDH    0014H
  +--> ?PR?_DEG2RAD?SPA
  +--> ?PR?SIN?SIN
  +--> ?PR?_ATAN2?ATAN2
  +--> ?PR?_RAD2DEG?SPA
  +--> ?PR?_LIMIT_DEGREES?SPA

?PR?_ATAN2?ATAN2                                 -----    -----      29D1H    0008H
  +--> ?PR?ATAN?ATAN

?PR?ATAN?ATAN                                    0020H.6  0000H.2    29D9H    0004H

?PR?_GEOCENTRIC_DECLINATION?SPA                  -----    -----      29BDH    0014H
  +--> ?PR?_DEG2RAD?SPA
  +--> ?PR?SIN?SIN
  +--> ?PR?ASIN?ASIN
  +--> ?PR?_RAD2DEG?SPA

?PR?ASIN?ASIN                                    -----    -----      -----    -----
  +--> ?PR?SQRT?SQRT
  +--> ?PR?ATAN?ATAN

?PR?SQRT?SQRT                                    -----    -----      29D1H    0004H

?PR?_OBSERVER_HOUR_ANGLE?SPA                     -----    -----      2841H    000CH
  +--> ?PR?_LIMIT_DEGREES?SPA

?PR?_SUN_EQUATORIAL_HORIZONTAL_PARALL...         -----    -----      2841H    0004H

?PR?_RIGHT_ASCENSION_PARALLAX_AND_TOP...         -----    -----      2841H    003AH
BL51 BANKED LINKER/LOCATER V6.22                                                      01/18/2019  12:52:26  PAGE 11


  +--> ?PR?_DEG2RAD?SPA
  +--> ?PR?SIN?SIN
  +--> ?PR?ATAN?ATAN
  +--> ?PR?_ATAN2?ATAN2
  +--> ?PR?_RAD2DEG?SPA

?PR?_TOPOCENTRIC_RIGHT_ASCENSION?SPA             -----    -----      2841H    0008H

?PR?_TOPOCENTRIC_LOCAL_HOUR_ANGLE?SPA            -----    -----      2841H    0008H

?PR?_TOPOCENTRIC_ELEVATION_ANGLE?SPA             -----    -----      2841H    0014H
  +--> ?PR?_DEG2RAD?SPA
  +--> ?PR?SIN?SIN
  +--> ?PR?ASIN?ASIN
  +--> ?PR?_RAD2DEG?SPA

?PR?_ATMOSPHERIC_REFRACTION_CORRECTIO...         -----    -----      2841H    0014H
  +--> ?PR?_DEG2RAD?SPA
  +--> ?PR?SIN?SIN

?PR?_TOPOCENTRIC_ELEVATION_ANGLE_CORR...         -----    -----      2841H    0008H

?PR?_TOPOCENTRIC_AZIMUTH_ANGLE_ASTRO?SPA         -----    -----      2841H    0014H
  +--> ?PR?_DEG2RAD?SPA
  +--> ?PR?SIN?SIN
  +--> ?PR?_ATAN2?ATAN2
  +--> ?PR?_RAD2DEG?SPA
  +--> ?PR?_LIMIT_DEGREES?SPA

?PR?_TOPOCENTRIC_AZIMUTH_ANGLE?SPA               -----    -----      2841H    0004H
  +--> ?PR?_LIMIT_DEGREES?SPA

?PR?_SURFACE_INCIDENCE_ANGLE?SPA                 -----    -----      2841H    0018H
  +--> ?PR?_DEG2RAD?SPA
  +--> ?PR?SIN?SIN
  +--> ?PR?ACOS?ACOS
  +--> ?PR?_RAD2DEG?SPA

?PR?ACOS?ACOS                                    -----    -----      -----    -----
  +--> ?PR?SQRT?SQRT
  +--> ?PR?ATAN?ATAN

?PR?_CALCULATE_EOT_AND_SUN_RISE_TRANS...         -----    -----      2841H    0165H
  +--> ?PR?_SUN_MEAN_LONGITUDE?SPA
  +--> ?PR?_EOT?SPA
  +--> ?PR?_JULIAN_DAY?SPA
  +--> ?PR?_CALCULATE_GEOCENTRIC_SUN_RIGHT_A...
  +--> ?PR?_APPROX_SUN_TRANSIT_TIME?SPA
  +--> ?PR?_SUN_HOUR_ANGLE_AT_RISE_SET?SPA
  +--> ?PR?_APPROX_SUN_RISE_AND_SET?SPA
  +--> ?PR?_RTS_ALPHA_DELTA_PRIME?SPA
  +--> ?PR?_LIMIT_DEGREES180PM?SPA
  +--> ?PR?_RTS_SUN_ALTITUDE?SPA
  +--> ?PR?_DAYFRAC_TO_LOCAL_HR?SPA
  +--> ?PR?_SUN_RISE_AND_SET?SPA

?PR?_SUN_MEAN_LONGITUDE?SPA                      -----    -----      29A6H    0004H
BL51 BANKED LINKER/LOCATER V6.22                                                      01/18/2019  12:52:26  PAGE 12


  +--> ?PR?_LIMIT_DEGREES?SPA

?PR?_EOT?SPA                                     -----    -----      29A6H    0010H
  +--> ?PR?_DEG2RAD?SPA
  +--> ?PR?SIN?SIN
  +--> ?PR?_LIMIT_MINUTES?SPA

?PR?_LIMIT_MINUTES?SPA                           -----    -----      29B6H    0004H

?PR?_APPROX_SUN_TRANSIT_TIME?SPA                 -----    -----      29A6H    000CH

?PR?_SUN_HOUR_ANGLE_AT_RISE_SET?SPA              -----    -----      29A6H    001CH
  +--> ?PR?_DEG2RAD?SPA
  +--> ?PR?SIN?SIN
  +--> ?PR?_FABS?FABS
  +--> ?PR?ACOS?ACOS
  +--> ?PR?_RAD2DEG?SPA
  +--> ?PR?_LIMIT_DEGREES180?SPA

?PR?_LIMIT_DEGREES180?SPA                        -----    -----      29C2H    0008H
  +--> ?PR?_FLOOR?FLOOR

?PR?_APPROX_SUN_RISE_AND_SET?SPA                 -----    -----      29A6H    0007H
  +--> ?PR?_LIMIT_ZERO2ONE?SPA

?PR?_LIMIT_ZERO2ONE?SPA                          -----    -----      29B5H    0008H
  +--> ?PR?_FLOOR?FLOOR

?PR?_RTS_ALPHA_DELTA_PRIME?SPA                   -----    -----      29A6H    000FH
  +--> ?PR?_FABS?FABS
  +--> ?PR?_LIMIT_ZERO2ONE?SPA

?PR?_LIMIT_DEGREES180PM?SPA                      -----    -----      29A6H    0008H
  +--> ?PR?_FLOOR?FLOOR

?PR?_RTS_SUN_ALTITUDE?SPA                        -----    -----      29A6H    0014H
  +--> ?PR?_DEG2RAD?SPA
  +--> ?PR?SIN?SIN
  +--> ?PR?ASIN?ASIN
  +--> ?PR?_RAD2DEG?SPA

?PR?_DAYFRAC_TO_LOCAL_HR?SPA                     -----    -----      29A6H    0008H
  +--> ?PR?_LIMIT_ZERO2ONE?SPA

?PR?_SUN_RISE_AND_SET?SPA                        -----    -----      29A6H    0016H
  +--> ?PR?_DEG2RAD?SPA
  +--> ?PR?SIN?SIN

?PR?LINEAR_INTERPOLATE?BIPOLARMOTOR              -----    -----      283CH    0014H

?PR?_MOVE?BIPOLARMOTOR                           0020H.6  0000H.1    283CH    0004H
  +--> ?PR?_STEP_MOVE?BIPOLARMOTOR

?PR?_FIND_REAL_MAX?CALIBRATION                   -----    -----      27A8H    005EH
  +--> ?PR?_MOVE?BIPOLARMOTOR
  +--> ?PR?_ADC_GETRESULT?ADC
  +--> ?PR?_WAIT_MS?LCD_DRIVER_SPLC780D
BL51 BANKED LINKER/LOCATER V6.22                                                      01/18/2019  12:52:26  PAGE 13


  +--> ?PR?_MAX_VALUE?CALIBRATION

?PR?_MAX_VALUE?CALIBRATION                       -----    -----      2806H    0004H



UNRESOLVED EXTERNAL SYMBOLS:
   AUTO_MODE



SYMBOL TABLE OF MODULE:  .\Obj\GPIO_RTC_Test (MAIN)

  VALUE           TYPE          NAME
  ----------------------------------

  -------         MODULE        MAIN
  C:0000H         SYMBOL        _ICE_DUMMY_
  X:2A00H         PUBLIC        calib_value
  D:0080H         PUBLIC        P0
  D:00B2H         PUBLIC        P3M0
  D:0090H         PUBLIC        P1
  D:00B1H         PUBLIC        P3M1
  D:00A0H         PUBLIC        P2
  D:00B0H         PUBLIC        P3
  D:00C0H         PUBLIC        P4
  D:00C8H         PUBLIC        P5
  X:2A60H         SYMBOL        PressedKey
  B:00A8H.7       PUBLIC        EA
  D:00E8H         PUBLIC        P6
  D:00F8H         PUBLIC        P7
  X:2A64H         PUBLIC        RX_Data_Uart_Cnt
  C:66BAH         PUBLIC        _calib_interpolate
  D:00A8H         PUBLIC        IE
  X:2A66H         PUBLIC        calib_time
  D:00B8H         PUBLIC        IP
  B:0098H.0       PUBLIC        RI
  X:2AC6H         PUBLIC        months
  B:0098H.1       PUBLIC        TI
  C:8847H         PUBLIC        Uart
  D:00D8H         PUBLIC        CCON
  C:4E32H         PUBLIC        main
  X:2AC7H         PUBLIC        count
  D:0099H         PUBLIC        SBUF
  X:2AC9H         PUBLIC        days
  X:2ACAH         PUBLIC        lcd
  X:2ACCH         PUBLIC        hours
  D:0098H         PUBLIC        SCON
  D:0089H         PUBLIC        TMOD
  D:0088H         PUBLIC        TCON
  B:00A0H.3       PUBLIC        P23
  X:2ACDH         SYMBOL        KeyCount
  X:2ACFH         PUBLIC        mins
  X:2AD0H         PUBLIC        Rec_data_hour
  X:2AD3H         PUBLIC        Rec_data_min
  D:008EH         PUBLIC        AUXR
  C:9710H         PUBLIC        tm0_isr
BL51 BANKED LINKER/LOCATER V6.22                                                      01/18/2019  12:52:26  PAGE 14


  B:0021H.1       PUBLIC        busy
  D:00E0H         PUBLIC        ACC
  B:00A8H.1       PUBLIC        ET0
  D:008CH         PUBLIC        TH0
  X:2AD6H         PUBLIC        hour_count
  D:008AH         PUBLIC        TL0
  X:2AD7H         PUBLIC        min_count
  B:0088H.4       PUBLIC        TR0
  X:2AD8H         SYMBOL        KeyNum
  X:2AD9H         SYMBOL        KeyNum_Old
  X:2ADAH         PUBLIC        current_position
  X:2ADEH         PUBLIC        hours1
  X:2ADFH         PUBLIC        hours2
  C:897CH         PUBLIC        _Display_Prox
  X:2AE0H         PUBLIC        mins1
  X:2AE1H         PUBLIC        mins2
  C:6352H         PUBLIC        _Display_Pos
  X:2AE2H         PUBLIC        seconds
  X:2AE3H         PUBLIC        st_time
  D:00D0H         PUBLIC        PSW
  C:989EH         PUBLIC        _SendUART1
  -------         PROC          TM0_ISR
  C:9710H         LINE#         85
  C:9716H         LINE#         88
  C:9724H         LINE#         132
  -------         ENDPROC       TM0_ISR
  -------         PROC          MAIN
  -------         DO            
  X:278EH         SYMBOL        prox_data
  X:29F8H         SYMBOL        KeyCount
  X:29FAH         SYMBOL        KeyNum_Old
  X:29FBH         SYMBOL        KeyNum
  X:29FCH         SYMBOL        PressedKey
  X:2790H         SYMBOL        prox_flag
  X:2791H         SYMBOL        calib_day
  X:2793H         SYMBOL        numStr
  -------         ENDDO         
  C:4E32H         LINE#         134
  C:4E32H         LINE#         135
  C:4E32H         LINE#         140
  C:4E38H         LINE#         142
  C:4E3DH         LINE#         146
  C:4E3FH         LINE#         147
  C:4E41H         LINE#         148
  C:4E43H         LINE#         149
  C:4E45H         LINE#         151
  C:4E4BH         LINE#         161
  C:4E4DH         LINE#         162
  C:4E50H         LINE#         163
  C:4E53H         LINE#         164
  C:4E56H         LINE#         165
  C:4E59H         LINE#         166
  C:4E5CH         LINE#         169
  C:4E5FH         LINE#         171
  C:4E62H         LINE#         172
  C:4E65H         LINE#         173
  C:4E68H         LINE#         174
BL51 BANKED LINKER/LOCATER V6.22                                                      01/18/2019  12:52:26  PAGE 15


  C:4E6AH         LINE#         175
  C:4E6CH         LINE#         176
  C:4E6EH         LINE#         178
  C:4E70H         LINE#         180
  C:4E77H         LINE#         182
  C:4E7EH         LINE#         186
  C:4E85H         LINE#         187
  C:4E8AH         LINE#         188
  C:4E8FH         LINE#         189
  C:4E94H         LINE#         190
  C:4E99H         LINE#         191
  C:4E9EH         LINE#         194
  C:4E9EH         LINE#         195
  C:4E9EH         LINE#         196
  C:4EA1H         LINE#         199
  C:4EA1H         LINE#         202
  C:4EA6H         LINE#         203
  C:4EABH         LINE#         205
  C:4EB0H         LINE#         206
  C:4EB5H         LINE#         207
  C:4EBAH         LINE#         208
  C:4EBFH         LINE#         210
  C:4ED0H         LINE#         212
  C:4ED7H         LINE#         213
  C:4EDFH         LINE#         214
  C:4EE4H         LINE#         215
  C:4EECH         LINE#         216
  C:4EF1H         LINE#         217
  C:4EFBH         LINE#         218
  C:4F00H         LINE#         219
  C:4F08H         LINE#         221
  C:4F10H         LINE#         222
  C:4F15H         LINE#         223
  C:4F1FH         LINE#         224
  C:4F1FH         LINE#         225
  C:4F21H         LINE#         226
  C:4F23H         LINE#         227
  C:4F2DH         LINE#         228
  C:4F2DH         LINE#         229
  C:4F32H         LINE#         230
  C:4F32H         LINE#         242
  C:4F3FH         LINE#         243
  C:4F3FH         LINE#         244
  C:4F49H         LINE#         245
  C:4F60H         LINE#         246
  C:4F60H         LINE#         247
  C:4F62H         LINE#         248
  C:4F64H         LINE#         250
  C:4F64H         LINE#         251
  C:4F6FH         LINE#         252
  C:4F6FH         LINE#         253
  C:4F74H         LINE#         254
  C:4F74H         LINE#         255
  C:4F81H         LINE#         256
  C:4F81H         LINE#         259
  C:4F8BH         LINE#         260
  C:4FA2H         LINE#         261
BL51 BANKED LINKER/LOCATER V6.22                                                      01/18/2019  12:52:26  PAGE 16


  C:4FA2H         LINE#         262
  C:4FA4H         LINE#         263
  C:4FA6H         LINE#         265
  C:4FA6H         LINE#         266
  C:4FB1H         LINE#         267
  C:4FB1H         LINE#         268
  C:4FB6H         LINE#         269
  C:4FB8H         LINE#         270
  C:4FB8H         LINE#         279
  C:4FDAH         LINE#         280
  C:4FDAH         LINE#         281
  C:4FE4H         LINE#         282
  C:4FEAH         LINE#         283
  C:4FECH         LINE#         284
  C:4FEEH         LINE#         285
  C:4FF0H         LINE#         286
  C:4FF0H         LINE#         287
  C:4FF3H         LINE#         289
  C:4FF3H         LINE#         290
  C:4FF9H         LINE#         291
  C:5001H         LINE#         292
  C:5007H         LINE#         293
  C:500FH         LINE#         294
  C:504AH         LINE#         298
  C:504AH         LINE#         299
  C:504AH         LINE#         301
  C:504AH         LINE#         303
  C:504AH         LINE#         308
  C:504AH         LINE#         311
  C:504AH         LINE#         312
  C:506DH         LINE#         313
  C:506DH         LINE#         314
  C:506FH         LINE#         315
  C:5076H         LINE#         316
  C:5076H         LINE#         320
  C:50A0H         LINE#         321
  C:50A0H         LINE#         322
  C:50FAH         LINE#         324
  C:514BH         LINE#         325
  C:5159H         LINE#         326
  C:5159H         LINE#         327
  C:516EH         LINE#         328
  C:5170H         LINE#         330
  C:5170H         LINE#         332
  C:517EH         LINE#         333
  C:517EH         LINE#         350
  -------         ENDPROC       MAIN
  -------         PROC          UART
  C:8847H         LINE#         357
  C:8854H         LINE#         359
  C:8857H         LINE#         360
  C:8857H         LINE#         361
  C:8865H         LINE#         362
  C:8867H         LINE#         363
  C:8879H         LINE#         364
  C:8888H         LINE#         365
  C:8893H         LINE#         366
BL51 BANKED LINKER/LOCATER V6.22                                                      01/18/2019  12:52:26  PAGE 17


  C:8893H         LINE#         369
  C:88A0H         LINE#         370
  C:88A6H         LINE#         371
  C:88A6H         LINE#         372
  C:88ACH         LINE#         373
  C:88BAH         LINE#         374
  C:88C8H         LINE#         375
  C:88D0H         LINE#         380
  C:88D0H         LINE#         381
  C:88D0H         LINE#         384
  C:88D0H         LINE#         385
  C:88D3H         LINE#         386
  C:88D3H         LINE#         387
  C:88D5H         LINE#         388
  C:88D7H         LINE#         389
  C:88D7H         LINE#         390
  -------         ENDPROC       UART
  -------         PROC          _CALIB_INTERPOLATE
  X:2BA6H         SYMBOL        hours
  X:2BAAH         SYMBOL        mins
  -------         DO            
  X:2BAEH         SYMBOL        p_calib1
  X:2BB6H         SYMBOL        p_calib2
  X:2BBEH         SYMBOL        i
  X:2BC0H         SYMBOL        current_time
  -------         ENDDO         
  C:66BAH         LINE#         393
  C:66C0H         LINE#         394
  C:66C0H         LINE#         398
  C:6717H         LINE#         400
  C:673DH         LINE#         401
  C:673DH         LINE#         402
  C:67AFH         LINE#         403
  C:67AFH         LINE#         404
  C:67DCH         LINE#         405
  C:67F7H         LINE#         407
  C:6824H         LINE#         408
  C:683FH         LINE#         410
  C:6841H         LINE#         411
  C:6841H         LINE#         412
  C:6855H         LINE#         413
  C:685AH         LINE#         415
  -------         ENDPROC       _CALIB_INTERPOLATE
  -------         PROC          _SENDUART1
  D:0007H         SYMBOL        dat
  C:989EH         LINE#         418
  C:989EH         LINE#         419
  C:989EH         LINE#         420
  C:98A1H         LINE#         421
  C:98A3H         LINE#         422
  C:98A4H         LINE#         423
  C:98A6H         LINE#         424
  -------         ENDPROC       _SENDUART1
  -------         PROC          _DISPLAY_PROX
  D:0002H         SYMBOL        dat
  -------         DO            
  X:2BCDH         SYMBOL        unit
BL51 BANKED LINKER/LOCATER V6.22                                                      01/18/2019  12:52:26  PAGE 18


  X:2BCEH         SYMBOL        ten
  X:2BCFH         SYMBOL        hundred
  X:2BD0H         SYMBOL        thousand
  -------         ENDDO         
  C:897CH         LINE#         427
  C:8980H         LINE#         428
  C:8980H         LINE#         430
  C:898CH         LINE#         431
  C:899CH         LINE#         432
  C:89B8H         LINE#         433
  C:89E8H         LINE#         434
  C:89F2H         LINE#         435
  C:89FCH         LINE#         436
  C:8A06H         LINE#         437
  C:8A10H         LINE#         439
  -------         ENDPROC       _DISPLAY_PROX
  -------         PROC          _DISPLAY_POS
  X:2798H         SYMBOL        sign_dat
  -------         DO            
  X:279CH         SYMBOL        unit
  X:279DH         SYMBOL        ten
  X:279EH         SYMBOL        hundred
  D:0003H         SYMBOL        thousand
  X:279FH         SYMBOL        after_dot
  X:27A0H         SYMBOL        dat
  -------         ENDDO         
  C:6352H         LINE#         442
  C:6358H         LINE#         443
  C:6358H         LINE#         447
  C:6374H         LINE#         448
  C:638EH         LINE#         449
  C:63B2H         LINE#         451
  C:63FCH         LINE#         453
  C:6413H         LINE#         454
  C:6420H         LINE#         455
  C:6442H         LINE#         456
  C:6477H         LINE#         457
  C:648FH         LINE#         458
  C:648FH         LINE#         460
  C:6499H         LINE#         461
  C:64A3H         LINE#         462
  C:64ADH         LINE#         463
  C:64B2H         LINE#         464
  C:64BCH         LINE#         465
  C:64C1H         LINE#         466
  C:64C6H         LINE#         467
  C:64C8H         LINE#         468
  C:64CAH         LINE#         470
  C:64CAH         LINE#         472
  C:64CFH         LINE#         473
  C:64D9H         LINE#         474
  C:64E3H         LINE#         475
  C:64EDH         LINE#         476
  C:64F2H         LINE#         477
  C:64FCH         LINE#         478
  C:6501H         LINE#         479
  C:6506H         LINE#         481
BL51 BANKED LINKER/LOCATER V6.22                                                      01/18/2019  12:52:26  PAGE 19


  C:6506H         LINE#         483
  -------         ENDPROC       _DISPLAY_POS
  -------         ENDMOD        MAIN

  -------         MODULE        PCF85063BTL
  C:0000H         SYMBOL        _ICE_DUMMY_
  D:0096H         PUBLIC        P2M0
  D:0080H         PUBLIC        P0
  D:0095H         PUBLIC        P2M1
  D:0090H         PUBLIC        P1
  D:00A0H         PUBLIC        P2
  D:00B0H         PUBLIC        P3
  D:00C0H         PUBLIC        P4
  D:00C8H         PUBLIC        P5
  D:00E8H         PUBLIC        P6
  B:00A0H.1       PUBLIC        PCF85063BTL_SDI
  D:00F8H         PUBLIC        P7
  B:00A0H.2       PUBLIC        PCF85063BTL_SCK
  B:00A0H.1       PUBLIC        PCF85063BTL_SDO
  D:00A8H         PUBLIC        IE
  C:8E2CH         PUBLIC        _Read_time
  C:97A6H         PUBLIC        _PCF85063BTL_Delay
  D:00B8H         PUBLIC        IP
  D:00D8H         PUBLIC        CCON
  C:8BB9H         PUBLIC        _Day_Of_Year
  C:9659H         PUBLIC        SPI_ReceiveByte
  D:0098H         PUBLIC        SCON
  D:0088H         PUBLIC        TCON
  C:97FEH         PUBLIC        _BCDtoDec
  B:00A0H.0       PUBLIC        PCF85063BTL_CS
  C:97EDH         PUBLIC        _SPI_ReadTime
  C:984DH         PUBLIC        SPI_Init
  C:9746H         PUBLIC        _SPI_WriteTime
  C:9639H         PUBLIC        _SPI_SendByte
  D:00D0H         PUBLIC        PSW
  C:97A2H         SYMBOL        L?0047
  -------         PROC          L?0046
  -------         ENDPROC       L?0046
  C:97A2H         SYMBOL        L?0047
  -------         PROC          _PCF85063BTL_DELAY
  D:0006H         SYMBOL        us
  C:97A6H         LINE#         8
  C:97A6H         LINE#         9
  C:97A6H         LINE#         10
  C:97B0H         LINE#         11
  C:97B0H         LINE#         12
  C:97B1H         LINE#         13
  C:97B3H         LINE#         14
  -------         ENDPROC       _PCF85063BTL_DELAY
  -------         PROC          _SPI_SENDBYTE
  D:0005H         SYMBOL        dat
  -------         DO            
  D:0003H         SYMBOL        i
  -------         ENDDO         
  C:9639H         LINE#         17
  C:963BH         LINE#         18
  C:963BH         LINE#         20
BL51 BANKED LINKER/LOCATER V6.22                                                      01/18/2019  12:52:26  PAGE 20


  C:963DH         LINE#         21
  C:963DH         LINE#         22
  C:963FH         LINE#         23
  C:9643H         LINE#         24
  C:9643H         LINE#         25
  C:9645H         LINE#         26
  C:9647H         LINE#         28
  C:9647H         LINE#         29
  C:9649H         LINE#         30
  C:9649H         LINE#         31
  C:964CH         LINE#         32
  C:964CH         LINE#         33
  C:964FH         LINE#         34
  C:9653H         LINE#         35
  C:9658H         LINE#         36
  -------         ENDPROC       _SPI_SENDBYTE
  -------         PROC          SPI_RECEIVEBYTE
  -------         DO            
  D:0003H         SYMBOL        i
  D:0005H         SYMBOL        dat
  -------         ENDDO         
  C:9659H         LINE#         39
  C:9659H         LINE#         40
  C:9659H         LINE#         42
  C:965BH         LINE#         44
  C:965DH         LINE#         45
  C:965EH         LINE#         46
  C:965EH         LINE#         47
  C:9662H         LINE#         48
  C:9664H         LINE#         49
  C:9667H         LINE#         51
  C:966AH         LINE#         52
  C:966AH         LINE#         53
  C:966EH         LINE#         54
  C:966EH         LINE#         55
  C:966EH         LINE#         56
  C:9671H         LINE#         57
  C:9676H         LINE#         58
  C:9678H         LINE#         59
  -------         ENDPROC       SPI_RECEIVEBYTE
  -------         PROC          _SPI_READTIME
  D:0007H         SYMBOL        addr
  -------         DO            
  D:0006H         SYMBOL        dat
  -------         ENDDO         
  C:97EDH         LINE#         61
  C:97EDH         LINE#         62
  C:97EDH         LINE#         64
  C:97EFH         LINE#         65
  C:97F1H         LINE#         66
  C:97F8H         LINE#         67
  C:97FBH         LINE#         68
  C:97FDH         LINE#         69
  C:97FDH         LINE#         70
  -------         ENDPROC       _SPI_READTIME
  -------         PROC          _SPI_WRITETIME
  D:0002H         SYMBOL        val
BL51 BANKED LINKER/LOCATER V6.22                                                      01/18/2019  12:52:26  PAGE 21


  D:0005H         SYMBOL        addr
  C:9746H         LINE#         71
  C:9748H         LINE#         72
  C:9748H         LINE#         74
  C:974AH         LINE#         75
  C:9751H         LINE#         76
  C:9756H         LINE#         77
  C:975BH         LINE#         78
  C:975DH         LINE#         79
  -------         ENDPROC       _SPI_WRITETIME
  -------         PROC          SPI_INIT
  C:984DH         LINE#         83
  C:984DH         LINE#         84
  C:984DH         LINE#         89
  C:9850H         LINE#         90
  C:9853H         LINE#         91
  C:9855H         LINE#         92
  C:9857H         LINE#         93
  C:9859H         LINE#         94
  -------         ENDPROC       SPI_INIT
  -------         PROC          _READ_TIME
  X:2798H         SYMBOL        months
  X:279BH         SYMBOL        days
  X:279EH         SYMBOL        hours
  X:27A1H         SYMBOL        mins
  X:27A4H         SYMBOL        seconds
  C:8E2CH         LINE#         96
  C:8E37H         LINE#         97
  C:8E37H         LINE#         99
  C:8E4BH         LINE#         101
  C:8E5FH         LINE#         103
  C:8E73H         LINE#         108
  C:8E87H         LINE#         113
  -------         ENDPROC       _READ_TIME
  -------         PROC          _BCDTODEC
  D:0007H         SYMBOL        bcd
  -------         DO            
  D:0006H         SYMBOL        hi
  D:0007H         SYMBOL        lo
  -------         ENDDO         
  C:97FEH         LINE#         119
  C:97FEH         LINE#         120
  C:97FEH         LINE#         122
  C:9803H         LINE#         123
  C:9807H         LINE#         124
  C:980EH         LINE#         125
  -------         ENDPROC       _BCDTODEC
  -------         PROC          _DAY_OF_YEAR
  D:0007H         SYMBOL        months_bcd
  D:0005H         SYMBOL        days_bcd
  -------         DO            
  D:0004H         SYMBOL        months
  D:0007H         SYMBOL        days
  -------         ENDDO         
  C:8BB9H         LINE#         126
  C:8BB9H         LINE#         127
  C:8BB9H         LINE#         130
BL51 BANKED LINKER/LOCATER V6.22                                                      01/18/2019  12:52:26  PAGE 22


  C:8BBEH         LINE#         132
  C:8BC3H         LINE#         134
  C:8BFCH         LINE#         135
  C:8BFCH         LINE#         136
  C:8BFCH         LINE#         137
  C:8BFFH         LINE#         138
  C:8BFFH         LINE#         139
  C:8BFFH         LINE#         140
  C:8C04H         LINE#         141
  C:8C04H         LINE#         142
  C:8C04H         LINE#         143
  C:8C09H         LINE#         144
  C:8C09H         LINE#         145
  C:8C09H         LINE#         146
  C:8C0EH         LINE#         147
  C:8C0EH         LINE#         148
  C:8C0EH         LINE#         149
  C:8C13H         LINE#         150
  C:8C13H         LINE#         151
  C:8C13H         LINE#         152
  C:8C18H         LINE#         153
  C:8C18H         LINE#         154
  C:8C18H         LINE#         155
  C:8C1DH         LINE#         156
  C:8C1DH         LINE#         157
  C:8C1DH         LINE#         158
  C:8C22H         LINE#         159
  C:8C22H         LINE#         160
  C:8C22H         LINE#         161
  C:8C2AH         LINE#         162
  C:8C2AH         LINE#         163
  C:8C2AH         LINE#         164
  C:8C2FH         LINE#         165
  C:8C2FH         LINE#         166
  C:8C2FH         LINE#         167
  C:8C34H         LINE#         168
  C:8C34H         LINE#         169
  C:8C34H         LINE#         170
  C:8C3CH         LINE#         171
  C:8C3CH         LINE#         172
  C:8C3CH         LINE#         173
  -------         ENDPROC       _DAY_OF_YEAR
  -------         ENDMOD        PCF85063BTL

  -------         MODULE        UART1
  C:0000H         SYMBOL        _ICE_DUMMY_
  D:0080H         PUBLIC        P0
  D:0090H         PUBLIC        P1
  D:00A0H         PUBLIC        P2
  D:00B0H         PUBLIC        P3
  D:00C0H         PUBLIC        P4
  D:00C8H         PUBLIC        P5
  B:00A8H.7       PUBLIC        EA
  D:00E8H         PUBLIC        P6
  D:00F8H         PUBLIC        P7
  C:9322H         PUBLIC        _SendString
  D:00A8H         PUBLIC        IE
BL51 BANKED LINKER/LOCATER V6.22                                                      01/18/2019  12:52:26  PAGE 23


  B:00A8H.4       PUBLIC        ES
  D:00B8H         PUBLIC        IP
  C:975EH         PUBLIC        _ASCIItoBCD
  D:00D8H         PUBLIC        CCON
  C:980FH         PUBLIC        initUART1
  D:0098H         PUBLIC        SCON
  D:0088H         PUBLIC        TCON
  C:0009H         PUBLIC        _DectoBCD
  C:98B2H         PUBLIC        _ASCII_Letter
  D:008EH         PUBLIC        AUXR
  C:98ADH         PUBLIC        _unit
  C:0003H         PUBLIC        _ten
  D:00D6H         PUBLIC        T2H
  D:00D7H         PUBLIC        T2L
  D:00D0H         PUBLIC        PSW
  -------         PROC          INITUART1
  C:980FH         LINE#         21
  C:980FH         LINE#         22
  C:980FH         LINE#         23
  C:9812H         LINE#         24
  C:9815H         LINE#         25
  C:9818H         LINE#         26
  C:981BH         LINE#         27
  C:981DH         LINE#         28
  C:981FH         LINE#         30
  -------         ENDPROC       INITUART1
  -------         PROC          _SENDSTRING
  X:2BD1H         SYMBOL        s
  C:9322H         LINE#         35
  C:932DH         LINE#         36
  C:932DH         LINE#         37
  C:933DH         LINE#         38
  C:933DH         LINE#         39
  C:9352H         LINE#         40
  C:9354H         LINE#         41
  -------         ENDPROC       _SENDSTRING
  -------         PROC          _TEN
  D:0007H         SYMBOL        BCD
  C:0003H         LINE#         43
  C:0003H         LINE#         44
  C:0003H         LINE#         45
  C:0008H         LINE#         46
  -------         ENDPROC       _TEN
  -------         PROC          _UNIT
  D:0007H         SYMBOL        BCD
  C:98ADH         LINE#         47
  C:98ADH         LINE#         48
  C:98ADH         LINE#         52
  C:98B1H         LINE#         53
  -------         ENDPROC       _UNIT
  -------         PROC          _DECTOBCD
  D:0007H         SYMBOL        dec
  C:0009H         LINE#         54
  C:0009H         LINE#         55
  C:0009H         LINE#         57
  C:0009H         LINE#         58
  -------         ENDPROC       _DECTOBCD
BL51 BANKED LINKER/LOCATER V6.22                                                      01/18/2019  12:52:26  PAGE 24


  -------         PROC          _ASCII_LETTER
  D:0007H         SYMBOL        dat
  C:98B2H         LINE#         60
  C:98B2H         LINE#         61
  C:98B2H         LINE#         63
  C:98B6H         LINE#         64
  -------         ENDPROC       _ASCII_LETTER
  -------         PROC          _ASCIITOBCD
  D:0001H         SYMBOL        ascii
  -------         DO            
  D:0007H         SYMBOL        dec_val
  D:0006H         SYMBOL        ten
  D:0007H         SYMBOL        unit
  -------         ENDDO         
  C:975EH         LINE#         66
  C:975EH         LINE#         67
  C:975EH         LINE#         69
  C:9761H         LINE#         70
  C:9767H         LINE#         71
  C:976EH         LINE#         72
  C:9774H         LINE#         74
  -------         ENDPROC       _ASCIITOBCD
  -------         ENDMOD        UART1

  -------         MODULE        LCD_DRIVER_SPLC780D
  C:0000H         SYMBOL        _ICE_DUMMY_
  D:0092H         PUBLIC        P1M0
  D:0091H         PUBLIC        P1M1
  D:0080H         PUBLIC        P0
  D:0090H         PUBLIC        P1
  D:00A0H         PUBLIC        P2
  D:00B0H         PUBLIC        P3
  D:00C0H         PUBLIC        P4
  D:00C8H         PUBLIC        P5
  D:00E8H         PUBLIC        P6
  D:00F8H         PUBLIC        P7
  C:8DB7H         PUBLIC        _WriteData
  D:00A8H         PUBLIC        IE
  D:00B8H         PUBLIC        IP
  D:00D8H         PUBLIC        CCON
  B:00B0H.4       PUBLIC        LCD_D4
  B:00B0H.5       PUBLIC        LCD_D5
  B:00B0H.6       PUBLIC        LCD_D6
  C:96D6H         PUBLIC        _DisplayLCD
  B:00B0H.7       PUBLIC        LCD_D7
  D:0098H         PUBLIC        SCON
  D:0088H         PUBLIC        TCON
  C:9894H         PUBLIC        LCD_clear
  C:91F6H         PUBLIC        _Command
  C:000EH         PUBLIC        _Display_Line
  C:8F71H         PUBLIC        LCD_Init
  C:961BH         PUBLIC        _Wait_ms
  B:00C0H.0       PUBLIC        LCD_RS
  B:00B0H.2       PUBLIC        LCD_RW
  C:988AH         PUBLIC        LCD_return_home
  B:00B0H.3       PUBLIC        LCD_E
  D:00D0H         PUBLIC        PSW
BL51 BANKED LINKER/LOCATER V6.22                                                      01/18/2019  12:52:26  PAGE 25


  -------         PROC          LCD_INIT
  C:8F71H         LINE#         9
  C:8F71H         LINE#         10
  C:8F71H         LINE#         11
  C:8F74H         LINE#         12
  C:8F77H         LINE#         14
  C:8F7DH         LINE#         15
  C:8F82H         LINE#         17
  C:8F89H         LINE#         18
  C:8F8EH         LINE#         20
  C:8F91H         LINE#         21
  C:8F96H         LINE#         23
  C:8F99H         LINE#         24
  C:8F9EH         LINE#         26
  C:8FA5H         LINE#         29
  C:8FAAH         LINE#         30
  C:8FAFH         LINE#         32
  C:8FB4H         LINE#         33
  C:8FB9H         LINE#         35
  C:8FBEH         LINE#         36
  C:8FC3H         LINE#         37
  -------         ENDPROC       LCD_INIT
  -------         PROC          _WRITEDATA
  X:27A2H         SYMBOL        dat
  C:8DB7H         LINE#         40
  C:8DBCH         LINE#         41
  C:8DBCH         LINE#         46
  C:8DBEH         LINE#         47
  C:8DC0H         LINE#         49
  C:8DCEH         LINE#         50
  C:8DDAH         LINE#         51
  C:8DE6H         LINE#         52
  C:8DF0H         LINE#         53
  C:8DF2H         LINE#         54
  C:8DF9H         LINE#         55
  C:8DFBH         LINE#         57
  C:8E0BH         LINE#         58
  C:8E16H         LINE#         59
  C:8E20H         LINE#         60
  C:8E24H         LINE#         62
  C:8E24H         LINE#         63
  C:8E27H         LINE#         64
  C:8E29H         LINE#         65
  C:8E2BH         LINE#         67
  -------         ENDPROC       _WRITEDATA
  -------         PROC          _COMMAND
  D:0007H         SYMBOL        dat
  C:91F6H         LINE#         69
  C:91F6H         LINE#         70
  C:91F6H         LINE#         71
  C:91F8H         LINE#         72
  C:91FAH         LINE#         74
  C:9204H         LINE#         75
  C:9208H         LINE#         77
  C:920AH         LINE#         78
  C:9213H         LINE#         79
  C:9217H         LINE#         81
BL51 BANKED LINKER/LOCATER V6.22                                                      01/18/2019  12:52:26  PAGE 26


  C:9219H         LINE#         82
  C:9220H         LINE#         83
  C:9224H         LINE#         85
  C:9226H         LINE#         86
  C:922AH         LINE#         87
  C:922EH         LINE#         89
  C:9230H         LINE#         90
  C:9230H         LINE#         91
  C:9233H         LINE#         92
  C:9235H         LINE#         93
  -------         ENDPROC       _COMMAND
  C:9617H         SYMBOL        L?0028
  -------         PROC          L?0027
  -------         ENDPROC       L?0027
  C:9617H         SYMBOL        L?0028
  -------         PROC          _WAIT_MS
  D:0006H         SYMBOL        ms
  -------         DO            
  D:0004H         SYMBOL        De_Cnt
  -------         ENDDO         
  C:961BH         LINE#         95
  C:961BH         LINE#         96
  C:961BH         LINE#         98
  C:9625H         LINE#         99
  C:9625H         LINE#         100
  C:9638H         LINE#         101
  C:9638H         LINE#         102
  -------         ENDPROC       _WAIT_MS
  -------         PROC          _DISPLAYLCD
  D:0007H         SYMBOL        BCD
  -------         DO            
  D:0006H         SYMBOL        first_digit
  X:2798H         SYMBOL        second_digit
  -------         ENDDO         
  C:96D6H         LINE#         103
  C:96D6H         LINE#         104
  C:96D6H         LINE#         106
  C:96DDH         LINE#         107
  C:96E6H         LINE#         109
  C:96EBH         LINE#         111
  -------         ENDPROC       _DISPLAYLCD
  -------         PROC          LCD_RETURN_HOME
  C:988AH         LINE#         115
  C:988AH         LINE#         116
  C:988AH         LINE#         117
  C:988FH         LINE#         118
  -------         ENDPROC       LCD_RETURN_HOME
  -------         PROC          LCD_CLEAR
  C:9894H         LINE#         121
  C:9894H         LINE#         122
  C:9894H         LINE#         123
  C:9899H         LINE#         124
  -------         ENDPROC       LCD_CLEAR
  -------         PROC          _DISPLAY_LINE
  D:0006H         SYMBOL        line
  C:000EH         LINE#         128
  C:000EH         LINE#         129
BL51 BANKED LINKER/LOCATER V6.22                                                      01/18/2019  12:52:26  PAGE 27


  C:000EH         LINE#         130
  C:0014H         LINE#         131
  C:0014H         LINE#         132
  C:0016H         LINE#         133
  C:0016H         LINE#         134
  C:0018H         LINE#         136
  C:0018H         LINE#         137
  C:001DH         LINE#         138
  C:0022H         LINE#         139
  C:0022H         LINE#         140
  -------         ENDPROC       _DISPLAY_LINE
  -------         ENDMOD        LCD_DRIVER_SPLC780D

  -------         MODULE        KEYPAD
  C:0000H         SYMBOL        _ICE_DUMMY_
  D:0093H         PUBLIC        P0M1
  D:0080H         PUBLIC        P0
  D:0090H         PUBLIC        P1
  D:00A0H         PUBLIC        P2
  D:00B0H         PUBLIC        P3
  D:00C0H         PUBLIC        P4
  D:00C8H         PUBLIC        P5
  B:0020H.0       PUBLIC        calib_mode
  D:00E8H         PUBLIC        P6
  D:00F8H         PUBLIC        P7
  D:00A8H         PUBLIC        IE
  C:685BH         PUBLIC        Key_Scan
  D:00B8H         PUBLIC        IP
  D:00D8H         PUBLIC        CCON
  C:9867H         PUBLIC        KeyPad_IO_Init
  C:96B8H         PUBLIC        _Delay_ms
  D:0098H         PUBLIC        SCON
  D:0088H         PUBLIC        TCON
  B:0020H.1       PUBLIC        small_move
  B:0020H.2       PUBLIC        move
  B:0020H.3       PUBLIC        direction
  B:0020H.4       PUBLIC        auto_move
  C:5A87H         PUBLIC        Key_Process
  D:00D0H         PUBLIC        PSW
  D:0094H         PUBLIC        P0M0
  -------         PROC          _DELAY_MS
  D:0006H         SYMBOL        ms
  -------         DO            
  D:0004H         SYMBOL        De_Cnt
  -------         ENDDO         
  C:96B8H         LINE#         19
  C:96B8H         LINE#         20
  C:96B8H         LINE#         22
  C:96C2H         LINE#         23
  C:96C2H         LINE#         24
  C:96D5H         LINE#         25
  C:96D5H         LINE#         26
  -------         ENDPROC       _DELAY_MS
  -------         PROC          KEY_SCAN
  -------         DO            
  X:279EH         SYMBOL        KeyTemp1
  X:279FH         SYMBOL        KeyTemp2
BL51 BANKED LINKER/LOCATER V6.22                                                      01/18/2019  12:52:26  PAGE 28


  X:27A0H         SYMBOL        KeyValue
  -------         ENDDO         
  C:685BH         LINE#         27
  C:685BH         LINE#         28
  C:685BH         LINE#         33
  C:685EH         LINE#         36
  C:6861H         LINE#         38
  C:6869H         LINE#         39
  C:6870H         LINE#         40
  C:6870H         LINE#         42
  C:6875H         LINE#         43
  C:687CH         LINE#         44
  C:687CH         LINE#         47
  C:687FH         LINE#         48
  C:6882H         LINE#         49
  C:6887H         LINE#         50
  C:688BH         LINE#         51
  C:688BH         LINE#         52
  C:6893H         LINE#         53
  C:6893H         LINE#         54
  C:6896H         LINE#         55
  C:689EH         LINE#         56
  C:68A0H         LINE#         58
  C:68B4H         LINE#         59
  C:68B4H         LINE#         60
  C:68B4H         LINE#         61
  C:68B4H         LINE#         62
  C:68BAH         LINE#         64
  C:68BCH         LINE#         65
  C:68BCH         LINE#         66
  C:68BCH         LINE#         67
  C:68C2H         LINE#         69
  C:68C4H         LINE#         70
  C:68C4H         LINE#         71
  C:68C4H         LINE#         72
  C:68CAH         LINE#         74
  C:68CCH         LINE#         75
  C:68CCH         LINE#         76
  C:68CCH         LINE#         77
  C:68D2H         LINE#         79
  C:68D2H         LINE#         80
  C:68D2H         LINE#         81
  C:68D2H         LINE#         84
  C:68D5H         LINE#         85
  C:68D8H         LINE#         86
  C:68E0H         LINE#         87
  C:68E4H         LINE#         88
  C:68E4H         LINE#         89
  C:68ECH         LINE#         90
  C:68ECH         LINE#         91
  C:68EFH         LINE#         92
  C:68F7H         LINE#         93
  C:68F9H         LINE#         94
  C:690DH         LINE#         95
  C:690DH         LINE#         96
  C:690DH         LINE#         97
  C:690DH         LINE#         98
BL51 BANKED LINKER/LOCATER V6.22                                                      01/18/2019  12:52:26  PAGE 29


  C:6913H         LINE#         100
  C:6915H         LINE#         101
  C:6915H         LINE#         102
  C:6915H         LINE#         103
  C:691BH         LINE#         105
  C:691DH         LINE#         106
  C:691DH         LINE#         107
  C:691DH         LINE#         108
  C:6923H         LINE#         110
  C:6925H         LINE#         111
  C:6925H         LINE#         112
  C:6925H         LINE#         113
  C:692AH         LINE#         115
  C:692AH         LINE#         116
  C:692AH         LINE#         117
  C:692AH         LINE#         120
  C:692DH         LINE#         121
  C:6930H         LINE#         122
  C:6938H         LINE#         123
  C:693CH         LINE#         124
  C:693CH         LINE#         125
  C:6944H         LINE#         126
  C:6944H         LINE#         127
  C:6947H         LINE#         128
  C:694FH         LINE#         129
  C:6951H         LINE#         130
  C:6965H         LINE#         131
  C:6965H         LINE#         132
  C:6965H         LINE#         133
  C:6965H         LINE#         134
  C:696BH         LINE#         136
  C:696DH         LINE#         137
  C:696DH         LINE#         138
  C:696DH         LINE#         139
  C:6973H         LINE#         141
  C:6975H         LINE#         142
  C:6975H         LINE#         143
  C:6975H         LINE#         144
  C:697BH         LINE#         146
  C:697DH         LINE#         147
  C:697DH         LINE#         148
  C:697DH         LINE#         149
  C:6983H         LINE#         151
  C:6983H         LINE#         152
  C:6983H         LINE#         153
  C:6983H         LINE#         157
  C:6986H         LINE#         158
  C:6989H         LINE#         159
  C:6991H         LINE#         160
  C:6995H         LINE#         161
  C:6995H         LINE#         162
  C:699DH         LINE#         163
  C:699DH         LINE#         164
  C:69A0H         LINE#         165
  C:69A8H         LINE#         166
  C:69AAH         LINE#         167
  C:69BEH         LINE#         168
BL51 BANKED LINKER/LOCATER V6.22                                                      01/18/2019  12:52:26  PAGE 30


  C:69BEH         LINE#         169
  C:69BEH         LINE#         170
  C:69BEH         LINE#         171
  C:69C4H         LINE#         173
  C:69C6H         LINE#         174
  C:69C6H         LINE#         175
  C:69C6H         LINE#         176
  C:69CCH         LINE#         178
  C:69CEH         LINE#         179
  C:69CEH         LINE#         180
  C:69CEH         LINE#         181
  C:69D4H         LINE#         183
  C:69D6H         LINE#         184
  C:69D6H         LINE#         185
  C:69D6H         LINE#         186
  C:69DCH         LINE#         188
  C:69DCH         LINE#         189
  C:69DCH         LINE#         190
  C:69DCH         LINE#         192
  C:69E2H         LINE#         193
  C:69E2H         LINE#         195
  C:69E2H         LINE#         196
  C:69E5H         LINE#         197
  C:69E5H         LINE#         198
  C:69E5H         LINE#         200
  C:69E5H         LINE#         201
  C:69E7H         LINE#         202
  C:69E7H         LINE#         203
  -------         ENDPROC       KEY_SCAN
  -------         PROC          KEY_PROCESS
  -------         DO            
  X:2BC4H         SYMBOL        KeyCount
  X:2BC6H         SYMBOL        KeyNum_Old
  X:2BC7H         SYMBOL        KeyNum
  X:2BC8H         SYMBOL        PressedKey
  X:2798H         SYMBOL        d
  D:0004H         SYMBOL        hours
  D:0006H         SYMBOL        mins
  X:279AH         SYMBOL        months
  X:279CH         SYMBOL        days
  -------         ENDDO         
  C:5A87H         LINE#         204
  C:5A87H         LINE#         205
  C:5A87H         LINE#         209
  C:5A8FH         LINE#         210
  C:5A97H         LINE#         212
  C:5A9AH         LINE#         213
  C:5A9AH         LINE#         214
  C:5A9DH         LINE#         216
  C:5A9DH         LINE#         217
  C:5AAAH         LINE#         218
  C:5AAAH         LINE#         219
  C:5AADH         LINE#         220
  C:5AB0H         LINE#         222
  C:5AB3H         LINE#         224
  C:5AB3H         LINE#         225
  C:5ABEH         LINE#         226
BL51 BANKED LINKER/LOCATER V6.22                                                      01/18/2019  12:52:26  PAGE 31


  C:5ABEH         LINE#         227
  C:5AC1H         LINE#         229
  C:5AC1H         LINE#         230
  C:5AC8H         LINE#         231
  C:5AC8H         LINE#         232
  C:5ACBH         LINE#         234
  C:5ACBH         LINE#         235
  C:5AD3H         LINE#         236
  C:5AD3H         LINE#         237
  C:5ADDH         LINE#         238
  C:5AE5H         LINE#         240
  C:5AEEH         LINE#         242
  C:5AEEH         LINE#         251
  C:5B03H         LINE#         252
  C:5B03H         LINE#         253
  C:5B15H         LINE#         254
  C:5B23H         LINE#         255
  C:5B32H         LINE#         256
  C:5B32H         LINE#         258
  C:5B38H         LINE#         262
  C:5B4EH         LINE#         263
  C:5B5FH         LINE#         264
  C:5B7AH         LINE#         265
  C:5B7AH         LINE#         266
  C:5B8AH         LINE#         267
  C:5B9BH         LINE#         268
  C:5B9BH         LINE#         272
  C:5BB4H         LINE#         273
  C:5BCBH         LINE#         274
  C:5BEBH         LINE#         275
  C:5BEBH         LINE#         276
  C:5BF5H         LINE#         277
  C:5BF5H         LINE#         278
  C:5BFEH         LINE#         279
  C:5BFEH         LINE#         280
  C:5C12H         LINE#         281
  C:5C12H         LINE#         282
  C:5C12H         LINE#         283
  C:5C12H         LINE#         284
  C:5C12H         LINE#         285
  C:5C14H         LINE#         287
  C:5C14H         LINE#         288
  C:5C20H         LINE#         289
  C:5C20H         LINE#         290
  C:5C31H         LINE#         291
  C:5C31H         LINE#         292
  C:5C31H         LINE#         293
  C:5C31H         LINE#         294
  C:5C31H         LINE#         296
  C:5C33H         LINE#         298
  C:5C33H         LINE#         299
  C:5C44H         LINE#         300
  C:5C44H         LINE#         301
  C:5C44H         LINE#         302
  C:5C44H         LINE#         303
  C:5C44H         LINE#         305
  C:5C44H         LINE#         307
BL51 BANKED LINKER/LOCATER V6.22                                                      01/18/2019  12:52:26  PAGE 32


  C:5C44H         LINE#         308
  C:5C46H         LINE#         310
  C:5C46H         LINE#         311
  C:5C59H         LINE#         312
  C:5C59H         LINE#         313
  C:5C6AH         LINE#         314
  C:5C6AH         LINE#         315
  C:5C6AH         LINE#         316
  C:5C6AH         LINE#         317
  C:5C6AH         LINE#         318
  C:5C6CH         LINE#         320
  C:5C6CH         LINE#         321
  C:5C7DH         LINE#         322
  C:5C7DH         LINE#         323
  C:5C8EH         LINE#         324
  C:5C9FH         LINE#         325
  C:5C9FH         LINE#         326
  C:5C9FH         LINE#         327
  C:5C9FH         LINE#         328
  C:5C9FH         LINE#         329
  C:5CA2H         LINE#         330
  C:5CA7H         LINE#         331
  C:5CACH         LINE#         332
  C:5CB1H         LINE#         333
  C:5CB6H         LINE#         334
  C:5CBBH         LINE#         335
  C:5CC0H         LINE#         336
  C:5CC5H         LINE#         337
  C:5CC5H         LINE#         339
  C:5CE7H         LINE#         340
  C:5CE7H         LINE#         341
  C:5CF1H         LINE#         342
  C:5CF1H         LINE#         343
  C:5CF6H         LINE#         344
  C:5CFFH         LINE#         345
  C:5D16H         LINE#         346
  C:5D16H         LINE#         347
  C:5D26H         LINE#         349
  C:5D26H         LINE#         353
  -------         ENDPROC       KEY_PROCESS
  -------         PROC          KEYPAD_IO_INIT
  C:9867H         LINE#         356
  C:9867H         LINE#         357
  C:9867H         LINE#         358
  C:986AH         LINE#         359
  C:986DH         LINE#         360
  C:9870H         LINE#         361
  C:9872H         LINE#         362
  -------         ENDPROC       KEYPAD_IO_INIT
  -------         ENDMOD        KEYPAD

  -------         MODULE        BIPOLARMOTOR
  C:0000H         SYMBOL        _ICE_DUMMY_
  D:0080H         PUBLIC        P0
  D:0090H         PUBLIC        P1
  D:00A0H         PUBLIC        P2
  D:00B0H         PUBLIC        P3
BL51 BANKED LINKER/LOCATER V6.22                                                      01/18/2019  12:52:26  PAGE 33


  D:00C0H         PUBLIC        P4
  D:00C8H         PUBLIC        P5
  D:00E8H         PUBLIC        P6
  D:00F8H         PUBLIC        P7
  D:00A8H         PUBLIC        IE
  C:832EH         PUBLIC        linear_interpolate
  C:9554H         PUBLIC        _Move
  D:00B8H         PUBLIC        IP
  C:61B4H         PUBLIC        _findDet3x3
  C:57C7H         PUBLIC        _findDet4x4
  D:00D8H         PUBLIC        CCON
  X:2258H         PUBLIC        previous_move_time
  D:0098H         PUBLIC        SCON
  D:0088H         PUBLIC        TCON
  C:000AH         PUBLIC        wait
  C:9236H         PUBLIC        _Step_move
  X:2259H         PUBLIC        dat
  X:225FH         PUBLIC        spa_data_JP
  C:40DEH         PUBLIC        _Update_position
  C:8FCAH         PUBLIC        vOneStepMove
  X:234FH         PUBLIC        elevation_stamp
  X:2383H         PUBLIC        date_azimuth_mapping
  X:23A9H         PUBLIC        RX_pos
  C:9735H         PUBLIC        _BCDtoDec1
  X:2785H         PUBLIC        degree
  D:00D0H         PUBLIC        PSW
  C:972EH         SYMBOL        L?0051
  -------         PROC          L?0050
  -------         ENDPROC       L?0050
  C:972EH         SYMBOL        L?0051
  -------         PROC          _BCDTODEC1
  D:0007H         SYMBOL        bcd
  -------         DO            
  D:0006H         SYMBOL        hi
  D:0007H         SYMBOL        lo
  -------         ENDDO         
  C:9735H         LINE#         27
  C:9735H         LINE#         28
  C:9735H         LINE#         30
  C:973AH         LINE#         31
  C:973EH         LINE#         32
  C:9745H         LINE#         33
  -------         ENDPROC       _BCDTODEC1
  -------         PROC          WAIT
[...]
  -------         ENDPROC       L?0179
  -------         PROC          _RTS_ALPHA_DELTA_PRIME
  X:29A6H         SYMBOL        ad
  X:29A9H         SYMBOL        n
  -------         DO            
  X:29ADH         SYMBOL        a
  X:29B1H         SYMBOL        b
  -------         ENDDO         
  C:6B80H         LINE#         986
  C:6B91H         LINE#         987
  C:6B91H         LINE#         988
  C:6BA3H         LINE#         989
  C:6BDEH         LINE#         991
  C:6C13H         LINE#         992
  C:6C48H         LINE#         994
  C:6CD6H         LINE#         995
  -------         ENDPROC       _RTS_ALPHA_DELTA_PRIME
  -------         PROC          _RTS_SUN_ALTITUDE
  D:0004H         SYMBOL        latitude
  X:29AAH         SYMBOL        delta_prime
  X:29AEH         SYMBOL        h_prime
  -------         DO            
BL51 BANKED LINKER/LOCATER V6.22                                                      01/18/2019  12:52:26  PAGE 59


  X:29B2H         SYMBOL        latitude_rad
  X:29B6H         SYMBOL        delta_prime_rad
  -------         ENDDO         
  C:8268H         LINE#         997
  C:8268H         LINE#         998
  C:8268H         LINE#         999
  C:8271H         LINE#         1000
  C:827DH         LINE#         1002
  C:831CH         LINE#         1004
  -------         ENDPROC       _RTS_SUN_ALTITUDE
  -------         PROC          _SUN_RISE_AND_SET
  X:29A6H         SYMBOL        m_rts
  X:29A9H         SYMBOL        h_rts
  X:29ACH         SYMBOL        delta_prime
  X:29AFH         SYMBOL        latitude
  X:29B3H         SYMBOL        h_prime
  X:29B6H         SYMBOL        h0_prime
  X:29BAH         SYMBOL        sun
  C:7514H         LINE#         1006
  C:751FH         LINE#         1008
  C:751FH         LINE#         1009
  C:7627H         LINE#         1011
  -------         ENDPROC       _SUN_RISE_AND_SET
  -------         PROC          L?0182
  -------         ENDPROC       L?0182
  -------         PROC          _CALCULATE_GEOCENTRIC_SUN_RIGHT_ASCENSION_AND_DECLINATION
  X:29A6H         SYMBOL        spa
  -------         DO            
  X:29A9H         SYMBOL        x
  -------         ENDDO         
  C:4A33H         LINE#         1017
  C:4A3EH         LINE#         1018
  C:4A3EH         LINE#         1021
  C:4A63H         LINE#         1023
  C:4AA4H         LINE#         1024
  C:4ABEH         LINE#         1025
  C:4AD8H         LINE#         1027
  C:4AF2H         LINE#         1028
  C:4B0CH         LINE#         1029
  C:4B26H         LINE#         1031
  C:4B40H         LINE#         1032
  C:4B5AH         LINE#         1034
  C:4B7AH         LINE#         1035
  C:4B9AH         LINE#         1036
  C:4BBAH         LINE#         1037
  C:4BDAH         LINE#         1038
  C:4BFAH         LINE#         1040
  C:4C3DH         LINE#         1042
  C:4C62H         LINE#         1043
  C:4CA3H         LINE#         1045
  C:4CBDH         LINE#         1046
  C:4D0AH         LINE#         1047
  C:4D4BH         LINE#         1048
  C:4D98H         LINE#         1050
  C:4DE5H         LINE#         1051
  -------         ENDPROC       _CALCULATE_GEOCENTRIC_SUN_RIGHT_ASCENSION_AND_DECLINATION
  -------         PROC          _CALCULATE_EOT_AND_SUN_RISE_TRANSIT_SET
BL51 BANKED LINKER/LOCATER V6.22                                                      01/18/2019  12:52:26  PAGE 60


  X:2841H         SYMBOL        spa
  -------         DO            
  X:2844H         SYMBOL        sun_rts
  X:2934H         SYMBOL        nu
  D:0004H         SYMBOL        m
  X:2938H         SYMBOL        h0
  X:293CH         SYMBOL        n
  X:2940H         SYMBOL        alpha
  X:294CH         SYMBOL        delta
  X:2958H         SYMBOL        m_rts
  X:2964H         SYMBOL        nu_rts
  X:2970H         SYMBOL        h_rts
  X:297CH         SYMBOL        alpha_prime
  X:2988H         SYMBOL        delta_prime
  X:2994H         SYMBOL        h_prime
  X:29A0H         SYMBOL        h0_prime
  X:29A4H         SYMBOL        i
  -------         ENDDO         
  C:314CH         LINE#         1058
  C:3157H         LINE#         1059
  C:3157H         LINE#         1065
  C:3183H         LINE#         1068
  C:319BH         LINE#         1069
  C:31AFH         LINE#         1070
  C:3202H         LINE#         1072
  C:3219H         LINE#         1073
  C:322DH         LINE#         1075
  C:32A6H         LINE#         1078
  C:32A9H         LINE#         1079
  C:32BDH         LINE#         1081
  C:32C7H         LINE#         1082
  C:32E5H         LINE#         1083
  C:32ECH         LINE#         1084
  C:32EFH         LINE#         1085
  C:3329H         LINE#         1086
  C:3363H         LINE#         1087
  C:3381H         LINE#         1088
  C:33A3H         LINE#         1090
  C:33E5H         LINE#         1091
  C:3437H         LINE#         1093
  C:3452H         LINE#         1095
  C:3469H         LINE#         1097
  C:3470H         LINE#         1099
  C:34DCH         LINE#         1101
  C:3535H         LINE#         1102
  C:3568H         LINE#         1103
  C:359BH         LINE#         1105
  C:3649H         LINE#         1107
  C:36E1H         LINE#         1108
  C:3703H         LINE#         1110
  C:3722H         LINE#         1111
  C:3736H         LINE#         1112
  C:374AH         LINE#         1114
  C:37B6H         LINE#         1117
  C:3854H         LINE#         1120
  C:38F4H         LINE#         1123
  C:393BH         LINE#         1125
BL51 BANKED LINKER/LOCATER V6.22                                                      01/18/2019  12:52:26  PAGE 61


  -------         ENDPROC       _CALCULATE_EOT_AND_SUN_RISE_TRANSIT_SET
  -------         PROC          _SPA_CALCULATE
  X:283CH         SYMBOL        spa
  -------         DO            
  X:283FH         SYMBOL        result
  -------         ENDDO         
  C:45F7H         LINE#         1131
  C:4602H         LINE#         1132
  C:4602H         LINE#         1135
  C:460DH         LINE#         1137
  C:4613H         LINE#         1138
  C:4613H         LINE#         1139
  C:46AEH         LINE#         1142
  C:46B1H         LINE#         1144
  C:4704H         LINE#         1145
  C:471EH         LINE#         1147
  C:479FH         LINE#         1150
  C:47E6H         LINE#         1151
  C:4827H         LINE#         1153
  C:4874H         LINE#         1154
  C:48CDH         LINE#         1156
  C:490EH         LINE#         1158
  C:4928H         LINE#         1159
  C:4975H         LINE#         1161
  C:498FH         LINE#         1163
  C:49A3H         LINE#         1164
  C:4A02H         LINE#         1167
  C:4A21H         LINE#         1168
  C:4A24H         LINE#         1169
  C:4A24H         LINE#         1171
  C:4A2CH         LINE#         1172
  -------         ENDPROC       _SPA_CALCULATE
  -------         ENDMOD        SPA

  -------         MODULE        ?C_STARTUP
  C:8AA4H         SEGMENT       ?C_C51STARTUP
  I:0022H         SEGMENT       ?STACK
  C:0000H         PUBLIC        ?C_STARTUP
  D:00E0H         SYMBOL        ACC
  D:00F0H         SYMBOL        B
  D:0083H         SYMBOL        DPH
  D:0082H         SYMBOL        DPL
  N:0000H         SYMBOL        IBPSTACK
  N:0100H         SYMBOL        IBPSTACKTOP
  N:0080H         SYMBOL        IDATALEN
  C:8AA7H         SYMBOL        IDATALOOP
  N:0000H         SYMBOL        PBPSTACK
  N:0100H         SYMBOL        PBPSTACKTOP
  N:0000H         SYMBOL        PDATALEN
  N:0000H         SYMBOL        PDATASTART
  N:0000H         SYMBOL        PPAGE
  N:0000H         SYMBOL        PPAGEENABLE
  D:00A0H         SYMBOL        PPAGE_SFR
  D:0081H         SYMBOL        SP
  C:8AA4H         SYMBOL        STARTUP1
  N:0000H         SYMBOL        XBPSTACK
  N:0000H         SYMBOL        XBPSTACKTOP
BL51 BANKED LINKER/LOCATER V6.22                                                      01/18/2019  12:52:26  PAGE 62


  N:0000H         SYMBOL        XDATALEN
  N:0000H         SYMBOL        XDATASTART
  C:0000H         LINE#         126
  C:8AA4H         LINE#         133
  C:8AA6H         LINE#         134
  C:8AA7H         LINE#         135
  C:8AA8H         LINE#         136
  C:8AAAH         LINE#         185
  C:8AADH         LINE#         196
  -------         ENDMOD        ?C_STARTUP

  -------         MODULE        ?C?FPADD
  C:273FH         PUBLIC        ?C?FPADD
  C:273BH         PUBLIC        ?C?FPSUB
  -------         ENDMOD        ?C?FPADD

  -------         MODULE        ?C?FPMUL
  C:2830H         PUBLIC        ?C?FPMUL
  -------         ENDMOD        ?C?FPMUL

  -------         MODULE        ?C?FPDIV
  C:2939H         PUBLIC        ?C?FPDIV
  -------         ENDMOD        ?C?FPDIV

  -------         MODULE        ?C?FPCMP
  C:29D8H         PUBLIC        ?C?FPCMP
  C:29D6H         PUBLIC        ?C?FPCMP3
  -------         ENDMOD        ?C?FPCMP

  -------         MODULE        ?C?FPNEG
  C:2A4FH         PUBLIC        ?C?FPNEG
  -------         ENDMOD        ?C?FPNEG

  -------         MODULE        ?C?FCAST
  C:2A6AH         PUBLIC        ?C?FCASTC
  C:2A65H         PUBLIC        ?C?FCASTI
  C:2A60H         PUBLIC        ?C?FCASTL
  -------         ENDMOD        ?C?FCAST

  -------         MODULE        ?C?CASTF
  C:2A9EH         PUBLIC        ?C?CASTF
  -------         ENDMOD        ?C?CASTF

  -------         MODULE        FABS
  C:985AH         PUBLIC        _FABS
  -------         ENDMOD        FABS

  -------         MODULE        ATAN2
  X:29D1H         PUBLIC        ?_atan2?BYTE
  C:870EH         PUBLIC        _atan2
  -------         ENDMOD        ATAN2

  -------         MODULE        SIN
  C:6A30H         PUBLIC        _COS
  C:6A46H         PUBLIC        _SIN
  C:6A82H         PUBLIC        _TAN
  -------         ENDMOD        SIN
BL51 BANKED LINKER/LOCATER V6.22                                                      01/18/2019  12:52:26  PAGE 63



  -------         MODULE        ATAN
  C:71E0H         PUBLIC        _ATAN
  -------         ENDMOD        ATAN

  -------         MODULE        ACOS
  C:9014H         PUBLIC        _ACOS
  -------         ENDMOD        ACOS

  -------         MODULE        ASIN
  C:9276H         PUBLIC        _ASIN
  -------         ENDMOD        ASIN

  -------         MODULE        FLOOR
  C:772AH         PUBLIC        _floor
  -------         ENDMOD        FLOOR

  -------         MODULE        POW
  X:29EAH         PUBLIC        ?_pow?BYTE
  C:6CD7H         PUBLIC        _pow
  -------         ENDMOD        POW

  -------         MODULE        ?C?CHKFLOAT
  C:2B1FH         PUBLIC        ?C?CHKFLOAT
  -------         ENDMOD        ?C?CHKFLOAT

  -------         MODULE        EXP
  C:891AH         PUBLIC        _EXP
  -------         ENDMOD        EXP

  -------         MODULE        LOG
  C:70CBH         PUBLIC        _LOG
  C:70C7H         PUBLIC        _LOG10
  -------         ENDMOD        LOG

  -------         MODULE        SQRT
  C:847FH         PUBLIC        _SQRT
  -------         ENDMOD        SQRT

  -------         MODULE        ?C?COPY
  C:2C56H         PUBLIC        ?C?COPY
  -------         ENDMOD        ?C?COPY

  -------         MODULE        ?C?CLDPTR
  C:2C7CH         PUBLIC        ?C?CLDPTR
  -------         ENDMOD        ?C?CLDPTR

  -------         MODULE        ?C?CLDOPTR
  C:2C95H         PUBLIC        ?C?CLDOPTR
  -------         ENDMOD        ?C?CLDOPTR

  -------         MODULE        ?C?CSTPTR
  C:2CC2H         PUBLIC        ?C?CSTPTR
  -------         ENDMOD        ?C?CSTPTR

  -------         MODULE        ?C?IMUL
  C:2CD4H         PUBLIC        ?C?IMUL
BL51 BANKED LINKER/LOCATER V6.22                                                      01/18/2019  12:52:26  PAGE 64


  -------         ENDMOD        ?C?IMUL

  -------         MODULE        ?C?UIDIV
  C:2CE6H         PUBLIC        ?C?UIDIV
  -------         ENDMOD        ?C?UIDIV

  -------         MODULE        ?C?SIDIV
  C:2D3BH         PUBLIC        ?C?SIDIV
  -------         ENDMOD        ?C?SIDIV

  -------         MODULE        ?C?ILDIX
  C:2D71H         PUBLIC        ?C?ILDIX
  -------         ENDMOD        ?C?ILDIX

  -------         MODULE        ?C?ILDPTR
  C:2D87H         PUBLIC        ?C?ILDPTR
  -------         ENDMOD        ?C?ILDPTR

  -------         MODULE        ?C?ILDOPTR
  C:2DB2H         PUBLIC        ?C?ILDOPTR
  -------         ENDMOD        ?C?ILDOPTR

  -------         MODULE        ?C?LMUL
  C:2DEAH         PUBLIC        ?C?LMUL
  -------         ENDMOD        ?C?LMUL

  -------         MODULE        ?C?SLDIV
  C:91B2H         PUBLIC        ?C?SLDIV
  -------         ENDMOD        ?C?SLDIV

  -------         MODULE        ?C?LNEG
  C:2E39H         PUBLIC        ?C?LNEG
  -------         ENDMOD        ?C?LNEG

  -------         MODULE        ?C?ULCMP
  C:2E47H         PUBLIC        ?C?ULCMP
  -------         ENDMOD        ?C?ULCMP

  -------         MODULE        ?C?LLDPTR
  C:2E58H         PUBLIC        ?C?LLDPTR
  -------         ENDMOD        ?C?LLDPTR

  -------         MODULE        ?C?LLDOPTR
  C:2E78H         PUBLIC        ?C?LLDOPTR
  -------         ENDMOD        ?C?LLDOPTR

  -------         MODULE        ?C?LSTPTR
  C:2EA8H         PUBLIC        ?C?LSTPTR
  -------         ENDMOD        ?C?LSTPTR

  -------         MODULE        ?C?LSTOPTR
  C:2EC2H         PUBLIC        ?C?LSTOPTR
  -------         ENDMOD        ?C?LSTOPTR

  -------         MODULE        ?C?LLDXDATA
  C:2EE6H         PUBLIC        ?C?LLDXDATA
  -------         ENDMOD        ?C?LLDXDATA
BL51 BANKED LINKER/LOCATER V6.22                                                      01/18/2019  12:52:26  PAGE 65



  -------         MODULE        ?C?LLDCODE
  C:2EF2H         PUBLIC        ?C?LLDCODE
  -------         ENDMOD        ?C?LLDCODE

  -------         MODULE        ?C?LLDXDATA0
  C:2F02H         PUBLIC        ?C?LLDXDATA0
  -------         ENDMOD        ?C?LLDXDATA0

  -------         MODULE        ?C?LLDCODE0
  C:2F0EH         PUBLIC        ?C?LLDCODE0
  -------         ENDMOD        ?C?LLDCODE0

  -------         MODULE        ?C?LLDPTR0
  C:2F1EH         PUBLIC        ?C?LLDPTR0
  -------         ENDMOD        ?C?LLDPTR0

  -------         MODULE        ?C?LLDOPTR0
  C:2F3EH         PUBLIC        ?C?LLDOPTR0
  -------         ENDMOD        ?C?LLDOPTR0

  -------         MODULE        ?C?LSTXDATA
  C:2F6EH         PUBLIC        ?C?LSTXDATA
  -------         ENDMOD        ?C?LSTXDATA

  -------         MODULE        ?C?LSTKXDATA
  C:2F7AH         PUBLIC        ?C?LSTKXDATA
  -------         ENDMOD        ?C?LSTKXDATA

  -------         MODULE        ?C?LSTKOPTR
  C:2FABH         PUBLIC        ?C?LSTKOPTR
  -------         ENDMOD        ?C?LSTKOPTR

  -------         MODULE        ?C?OFFX256
  C:2FCFH         PUBLIC        ?C?OFFX256
  -------         ENDMOD        ?C?OFFX256

  -------         MODULE        ?C?OFFXADD
  C:2FE0H         PUBLIC        ?C?OFFXADD
  -------         ENDMOD        ?C?OFFXADD

  -------         MODULE        ABS
  C:9873H         PUBLIC        _ABS
  -------         ENDMOD        ABS

  -------         MODULE        ATOI
  C:79D9H         PUBLIC        _atoi
  -------         ENDMOD        ATOI

  -------         MODULE        ?C?IILDX
  C:2FECH         PUBLIC        ?C?IILDX
  -------         ENDMOD        ?C?IILDX

  -------         MODULE        ?C?ULDIV
  C:303EH         PUBLIC        ?C?ULDIV
  -------         ENDMOD        ?C?ULDIV

BL51 BANKED LINKER/LOCATER V6.22                                                      01/18/2019  12:52:26  PAGE 66


  -------         MODULE        ?C?LLDIDATA
  C:30D0H         PUBLIC        ?C?LLDIDATA
  -------         ENDMOD        ?C?LLDIDATA

  -------         MODULE        ?C?LLDPDATA
  C:30DCH         PUBLIC        ?C?LLDPDATA
  -------         ENDMOD        ?C?LLDPDATA

  -------         MODULE        ?C?LLDIDATA0
  C:30E8H         PUBLIC        ?C?LLDIDATA0
  -------         ENDMOD        ?C?LLDIDATA0

  -------         MODULE        ?C?LLDPDATA0
  C:30F5H         PUBLIC        ?C?LLDPDATA0
  -------         ENDMOD        ?C?LLDPDATA0

  -------         MODULE        ?C?LSTIDATA
  C:3102H         PUBLIC        ?C?LSTIDATA
  -------         ENDMOD        ?C?LSTIDATA

  -------         MODULE        ?C?LSTPDATA
  C:310EH         PUBLIC        ?C?LSTPDATA
  -------         ENDMOD        ?C?LSTPDATA

  -------         MODULE        ?C?LSTKIDATA
  C:311AH         PUBLIC        ?C?LSTKIDATA
  -------         ENDMOD        ?C?LSTKIDATA

  -------         MODULE        ?C?LSTKPDATA
  C:3133H         PUBLIC        ?C?LSTKPDATA
  -------         ENDMOD        ?C?LSTKPDATA

  -------         MODULE        ISDIGIT
  C:983EH         PUBLIC        _isdigit
  -------         ENDMOD        ISDIGIT

  -------         MODULE        ISSPACE
  C:97B4H         PUBLIC        _isspace
  -------         ENDMOD        ISSPACE

*** WARNING L16: UNCALLED SEGMENT, IGNORED FOR OVERLAY PROCESS
    SEGMENT: ?PR?_CALIB_INTERPOLATE?MAIN

*** WARNING L16: UNCALLED SEGMENT, IGNORED FOR OVERLAY PROCESS
    SEGMENT: ?PR?_DISPLAY_PROX?MAIN

*** WARNING L16: UNCALLED SEGMENT, IGNORED FOR OVERLAY PROCESS
    SEGMENT: ?PR?INITUART1?UART1

*** WARNING L16: UNCALLED SEGMENT, IGNORED FOR OVERLAY PROCESS
    SEGMENT: ?PR?_SENDSTRING?UART1

*** WARNING L16: UNCALLED SEGMENT, IGNORED FOR OVERLAY PROCESS
    SEGMENT: ?PR?_TEN?UART1

*** WARNING L16: UNCALLED SEGMENT, IGNORED FOR OVERLAY PROCESS
    SEGMENT: ?PR?_UNIT?UART1
BL51 BANKED LINKER/LOCATER V6.22                                                      01/18/2019  12:52:26  PAGE 67



*** WARNING L16: UNCALLED SEGMENT, IGNORED FOR OVERLAY PROCESS
    SEGMENT: ?PR?_DECTOBCD?UART1

*** WARNING L16: UNCALLED SEGMENT, IGNORED FOR OVERLAY PROCESS
    SEGMENT: ?PR?_ASCII_LETTER?UART1

*** WARNING L16: UNCALLED SEGMENT, IGNORED FOR OVERLAY PROCESS
    SEGMENT: ?PR?WAIT?BIPOLARMOTOR

*** WARNING L16: UNCALLED SEGMENT, IGNORED FOR OVERLAY PROCESS
    SEGMENT: ?PR?_FINDDET4X4?BIPOLARMOTOR

*** WARNING L16: UNCALLED SEGMENT, IGNORED FOR OVERLAY PROCESS
    SEGMENT: ?PR?SUNPOS?SUNPOS

*** WARNING L16: UNCALLED SEGMENT, IGNORED FOR OVERLAY PROCESS
    SEGMENT: ?PR?NOP?IOEXPANDER_PI4IOE5V96248

*** WARNING L16: UNCALLED SEGMENT, IGNORED FOR OVERLAY PROCESS
    SEGMENT: ?PR?UC_ACK?IOEXPANDER_PI4IOE5V96248

*** WARNING L16: UNCALLED SEGMENT, IGNORED FOR OVERLAY PROCESS
    SEGMENT: ?PR?UC_NACK?IOEXPANDER_PI4IOE5V96248

*** WARNING L1: UNRESOLVED EXTERNAL SYMBOL
    SYMBOL:  AUTO_MODE
    MODULE:  .\Obj\main.obj (MAIN)

*** WARNING L2: REFERENCE MADE TO UNRESOLVED EXTERNAL
    SYMBOL:  AUTO_MODE
    MODULE:  .\Obj\main.obj (MAIN)
    ADDRESS: 4E46H

*** WARNING L2: REFERENCE MADE TO UNRESOLVED EXTERNAL
    SYMBOL:  AUTO_MODE
    MODULE:  .\Obj\main.obj (MAIN)
    ADDRESS: 4F16H

*** WARNING L2: REFERENCE MADE TO UNRESOLVED EXTERNAL
    SYMBOL:  AUTO_MODE
    MODULE:  .\Obj\main.obj (MAIN)
    ADDRESS: 4F24H

*** WARNING L2: REFERENCE MADE TO UNRESOLVED EXTERNAL
    SYMBOL:  AUTO_MODE
    MODULE:  .\Obj\main.obj (MAIN)
    ADDRESS: 4F36H

*** WARNING L2: REFERENCE MADE TO UNRESOLVED EXTERNAL
    SYMBOL:  AUTO_MODE
    MODULE:  .\Obj\main.obj (MAIN)
    ADDRESS: 4F78H

*** WARNING L1: UNRESOLVED EXTERNAL SYMBOL
    SYMBOL:  AUTO_MODE
    MODULE:  .\Obj\KeyPad.obj (KEYPAD)
BL51 BANKED LINKER/LOCATER V6.22                                                      01/18/2019  12:52:26  PAGE 68



*** WARNING L2: REFERENCE MADE TO UNRESOLVED EXTERNAL
    SYMBOL:  AUTO_MODE
    MODULE:  .\Obj\KeyPad.obj (KEYPAD)
    ADDRESS: 5AD4H

*** WARNING L2: REFERENCE MADE TO UNRESOLVED EXTERNAL
    SYMBOL:  AUTO_MODE
    MODULE:  .\Obj\KeyPad.obj (KEYPAD)
    ADDRESS: 5ADFH

*** WARNING L2: REFERENCE MADE TO UNRESOLVED EXTERNAL
    SYMBOL:  AUTO_MODE
    MODULE:  .\Obj\KeyPad.obj (KEYPAD)
    ADDRESS: 5AE6H

Program Size: data=18.2 xdata=11222 code=39104
LINK/LOCATE RUN COMPLETE.  24 WARNING(S),  0 ERROR(S)
