BL51 BANKED LINKER/LOCATER V6.22                                                        03/27/2019  11:52:38  PAGE 1


BL51 BANKED LINKER/LOCATER V6.22, INVOKED BY:
C:\KEIL\C51\BIN\BL51.EXE .\Obj\main.obj, .\Obj\PCF85063BTL.obj, .\Obj\UART1.obj, .\Obj\LCd_Driver_SPLC780D.obj, .\Obj\Ke
>> yPad.obj, .\Obj\VCNL4035.obj, .\Obj\BipolarMotor.obj, .\Obj\SunPos.obj, .\Obj\STARTUP.obj TO .\Obj\GPIO_RTC_Test PRIN
>> T (.\Lis\GPIO_RTC_Test.m51) RAMSIZE (256)


MEMORY MODEL: LARGE WITH FLOATING POINT ARITHMETIC


INPUT MODULES INCLUDED:
  .\Obj\main.obj (MAIN)
  .\Obj\PCF85063BTL.obj (PCF85063BTL)
  .\Obj\UART1.obj (UART1)
  .\Obj\LCd_Driver_SPLC780D.obj (LCD_DRIVER_SPLC780D)
  .\Obj\KeyPad.obj (KEYPAD)
  .\Obj\VCNL4035.obj (VCNL4035)
  .\Obj\BipolarMotor.obj (BIPOLARMOTOR)
  .\Obj\SunPos.obj (SUNPOS)
  .\Obj\STARTUP.obj (?C_STARTUP)
  C:\KEIL\C51\LIB\C51FPL.LIB (?C?FPADD)
  C:\KEIL\C51\LIB\C51FPL.LIB (?C?FPMUL)
  C:\KEIL\C51\LIB\C51FPL.LIB (?C?FPDIV)
  C:\KEIL\C51\LIB\C51FPL.LIB (?C?FPCMP)
  C:\KEIL\C51\LIB\C51FPL.LIB (?C?FPNEG)
  C:\KEIL\C51\LIB\C51FPL.LIB (?C?FCAST)
  C:\KEIL\C51\LIB\C51FPL.LIB (?C?CASTF)
  C:\KEIL\C51\LIB\C51FPL.LIB (ATAN2)
  C:\KEIL\C51\LIB\C51FPL.LIB (SIN)
  C:\KEIL\C51\LIB\C51FPL.LIB (ACOS)
  C:\KEIL\C51\LIB\C51FPL.LIB (ASIN)
  C:\KEIL\C51\LIB\C51FPL.LIB (?C?FPGETOPN)
  C:\KEIL\C51\LIB\C51FPL.LIB (?C?FPSERIES)
  C:\KEIL\C51\LIB\C51FPL.LIB (SQRT)
  C:\KEIL\C51\LIB\C51FPL.LIB (ATAN)
  C:\KEIL\C51\LIB\C51L.LIB (?C_INIT)
  C:\KEIL\C51\LIB\C51L.LIB (?C?COPY)
  C:\KEIL\C51\LIB\C51L.LIB (?C?CLDPTR)
  C:\KEIL\C51\LIB\C51L.LIB (?C?CSTPTR)
  C:\KEIL\C51\LIB\C51L.LIB (?C?IMUL)
  C:\KEIL\C51\LIB\C51L.LIB (?C?UIDIV)
  C:\KEIL\C51\LIB\C51L.LIB (?C?SIDIV)
  C:\KEIL\C51\LIB\C51L.LIB (?C?ILDIX)
  C:\KEIL\C51\LIB\C51L.LIB (?C?LMUL)
  C:\KEIL\C51\LIB\C51L.LIB (?C?ULDIV)
  C:\KEIL\C51\LIB\C51L.LIB (?C?SLDIV)
  C:\KEIL\C51\LIB\C51L.LIB (?C?LNEG)
  C:\KEIL\C51\LIB\C51L.LIB (?C?ULCMP)
  C:\KEIL\C51\LIB\C51L.LIB (?C?LLDPTR)
  C:\KEIL\C51\LIB\C51L.LIB (?C?LLDOPTR)
  C:\KEIL\C51\LIB\C51L.LIB (?C?LSTPTR)
  C:\KEIL\C51\LIB\C51L.LIB (?C?LSTOPTR)
  C:\KEIL\C51\LIB\C51L.LIB (?C?LLDXDATA)
  C:\KEIL\C51\LIB\C51L.LIB (?C?LLDCODE)
  C:\KEIL\C51\LIB\C51L.LIB (?C?LLDXDATA0)
  C:\KEIL\C51\LIB\C51L.LIB (?C?LLDCODE0)
  C:\KEIL\C51\LIB\C51L.LIB (?C?LLDPTR0)
  C:\KEIL\C51\LIB\C51L.LIB (?C?LSTXDATA)
  C:\KEIL\C51\LIB\C51L.LIB (?C?LSTKXDATA)
BL51 BANKED LINKER/LOCATER V6.22                                                      03/27/2019  11:52:38  PAGE 2


  C:\KEIL\C51\LIB\C51L.LIB (?C?OFFXADD)
  C:\KEIL\C51\LIB\C51L.LIB (ABS)
  C:\KEIL\C51\LIB\C51L.LIB (ATOI)
  C:\KEIL\C51\LIB\C51L.LIB (?C?IILDX)
  C:\KEIL\C51\LIB\C51L.LIB (?C?LLDIDATA)
  C:\KEIL\C51\LIB\C51L.LIB (?C?LLDPDATA)
  C:\KEIL\C51\LIB\C51L.LIB (?C?LLDIDATA0)
  C:\KEIL\C51\LIB\C51L.LIB (?C?LLDPDATA0)
  C:\KEIL\C51\LIB\C51L.LIB (?C?LSTIDATA)
  C:\KEIL\C51\LIB\C51L.LIB (?C?LSTPDATA)
  C:\KEIL\C51\LIB\C51L.LIB (ISDIGIT)
  C:\KEIL\C51\LIB\C51L.LIB (ISSPACE)


LINK MAP OF MODULE:  .\Obj\GPIO_RTC_Test (MAIN)


            TYPE    BASE      LENGTH    RELOCATION   SEGMENT NAME
            -----------------------------------------------------

            * * * * * * *   D A T A   M E M O R Y   * * * * * * *
            REG     0000H     0008H     ABSOLUTE     "REG BANK 0"
                    0008H     0018H                  *** GAP ***
            BIT     0020H.0   0000H.6   UNIT         ?BI?KEYPAD
            BIT     0020H.6   0000H.3   UNIT         ?BI?MAIN
            BIT     0021H.1   0000H.2   UNIT         _BIT_GROUP_
            BIT     0021H.3   0000H.1   UNIT         ?BI?_ATOI?ATOI
                    0021H.4   0000H.4                *** GAP ***
            IDATA   0022H     0001H     UNIT         ?STACK

            * * * * * * *  X D A T A   M E M O R Y  * * * * * * *
            XDATA   0000H     051BH     UNIT         ?XD?BIPOLARMOTOR
            XDATA   051BH     0134H     UNIT         _XDATA_GROUP_
            XDATA   064FH     00F1H     UNIT         ?XD?MAIN
            XDATA   0740H     0040H     UNIT         ?XD?_FINDDET4X4?BIPOLARMOTOR
            XDATA   0780H     0024H     UNIT         ?XD?_FINDDET3X3?BIPOLARMOTOR
            XDATA   07A4H     001EH     UNIT         ?XD?_CALIB_INTERPOLATE?MAIN
            XDATA   07C2H     0009H     UNIT         ?XD?KEYPAD
            XDATA   07CBH     0008H     UNIT         ?XD?_READ_VCNL4035?VCNL4035
            XDATA   07D3H     0005H     UNIT         ?XD?_ATOI?ATOI
            XDATA   07D8H     0003H     UNIT         ?XD?_SENDSTRING?UART1
            XDATA   07DBH     0001H     UNIT         ?XD?UC_ACK?VCNL4035
            XDATA   07DCH     0001H     UNIT         ?XD?UC_NACK?VCNL4035
            XDATA   07DDH     0001H     UNIT         ?XD?_DISPLAYLCD_VCNL4035?VCNL4035

            * * * * * * *   C O D E   M E M O R Y   * * * * * * *
            CODE    0000H     0003H     ABSOLUTE     
            CODE    0003H     0006H     UNIT         ?PR?_TEN?UART1
            CODE    0009H     0001H     UNIT         ?PR?UART?MAIN
            CODE    000AH     0001H     UNIT         ?PR?_DECTOBCD?UART1
            CODE    000BH     0003H     ABSOLUTE     
            CODE    000EH     0015H     UNIT         ?PR?_DISPLAY_LINE?LCD_DRIVER_SPLC780D
            CODE    0023H     0003H     ABSOLUTE     
            CODE    0026H     0FCAH     UNIT         ?PR?_UPDATE_POSITION?BIPOLARMOTOR
            CODE    0FF0H     08D3H     UNIT         ?C?LIB_CODE
            CODE    18C3H     07A2H     UNIT         ?PR?SUNPOS?SUNPOS
            CODE    2065H     058CH     UNIT         ?C_INITSEG
BL51 BANKED LINKER/LOCATER V6.22                                                      03/27/2019  11:52:38  PAGE 3


            CODE    25F1H     03AFH     UNIT         ?PR?MAIN?MAIN
            CODE    29A0H     02C0H     UNIT         ?PR?_FINDDET4X4?BIPOLARMOTOR
            CODE    2C60H     02B2H     UNIT         ?PR?KEY_PROCESS?KEYPAD
            CODE    2F12H     01D9H     UNIT         ?PR?_DISPLAY_POS?BIPOLARMOTOR
            CODE    30EBH     01D1H     UNIT         ?PR?_FINDDET3X3?BIPOLARMOTOR
            CODE    32BCH     01A1H     UNIT         ?PR?_CALIB_INTERPOLATE?MAIN
            CODE    345DH     018DH     UNIT         ?PR?KEY_SCAN?KEYPAD
            CODE    35EAH     0188H     UNIT         ?PR?SIN?SIN
            CODE    3772H     0145H     UNIT         ?PR?LINEAR_INTERPOLATE?BIPOLARMOTOR
            CODE    38B7H     0122H     UNIT         ?PR?ATAN?ATAN
            CODE    39D9H     00EBH     UNIT         ?PR?_MOVE?BIPOLARMOTOR
            CODE    3AC4H     00DBH     UNIT         ?PR?_ATOI?ATOI
            CODE    3B9FH     00ACH     UNIT         ?PR?SQRT?SQRT
            CODE    3C4BH     009DH     UNIT         ?PR?_ATAN2?ATAN2
            CODE    3CE8H     009AH     UNIT         ?PR?_READ_VCNL4035?VCNL4035
            CODE    3D82H     0094H     UNIT         ?PR?_MOVE_2NDMOTOR?BIPOLARMOTOR
            CODE    3E16H     008CH     UNIT         ?C_C51STARTUP
            CODE    3EA2H     0084H     UNIT         ?PR?_DAY_OF_YEAR?PCF85063BTL
            CODE    3F26H     0075H     UNIT         ?PR?_WRITEDATA?LCD_DRIVER_SPLC780D
            CODE    3F9BH     006FH     UNIT         ?PR?_READ_TIME?PCF85063BTL
            CODE    400AH     0059H     UNIT         ?PR?LCD_INIT?LCD_DRIVER_SPLC780D
            CODE    4063H     004AH     UNIT         ?PR?ACOS?ACOS
            CODE    40ADH     0049H     UNIT         ?PR?_WRITE_VCNL4035X?VCNL4035
            CODE    40F6H     0044H     UNIT         ?C?LDIV
            CODE    413AH     0040H     UNIT         ?PR?_COMMAND?LCD_DRIVER_SPLC780D
            CODE    417AH     003BH     UNIT         ?PR?ASIN?ASIN
            CODE    41B5H     0034H     UNIT         ?PR?TM0_ISR?MAIN
            CODE    41E9H     0033H     UNIT         ?PR?_SENDSTRING?UART1
            CODE    421CH     002CH     UNIT         ?PR?I2C_RECEIVEBYTE?VCNL4035
            CODE    4248H     002CH     UNIT         ?PR?_STEP_MOVE?BIPOLARMOTOR
            CODE    4274H     002CH     UNIT         ?PR?_STEP_MOVE_2NDMOTOR?BIPOLARMOTOR
            CODE    42A0H     002BH     UNIT         ?PR?_WAIT_MS_I2C?VCNL4035
            CODE    42CBH     0024H     UNIT         ?PR?_WAIT_MS?LCD_DRIVER_SPLC780D
            CODE    42EFH     0022H     UNIT         ?PR?_I2C_SENDBYTE?VCNL4035
            CODE    4311H     0020H     UNIT         ?PR?_SPI_SENDBYTE?PCF85063BTL
            CODE    4331H     0020H     UNIT         ?PR?SPI_RECEIVEBYTE?PCF85063BTL
            CODE    4351H     001EH     UNIT         ?PR?_DELAY_MS?KEYPAD
            CODE    436FH     001EH     UNIT         ?PR?_WAIT_MS_IIC?VCNL4035
            CODE    438DH     001DH     UNIT         ?PR?_DISPLAYLCD?LCD_DRIVER_SPLC780D
            CODE    43AAH     001BH     UNIT         ?PR?I2C_ACK?VCNL4035
            CODE    43C5H     001BH     UNIT         ?PR?_BCDTODEC1?BIPOLARMOTOR
            CODE    43E0H     0018H     UNIT         ?PR?_SPI_WRITETIME?PCF85063BTL
            CODE    43F8H     0017H     UNIT         ?PR?_ASCIITOBCD?UART1
            CODE    440FH     0017H     UNIT         ?PR?I2C_INIT?VCNL4035
            CODE    4426H     0015H     UNIT         ?PR?I2C_STOP?VCNL4035
            CODE    443BH     0014H     UNIT         ?PR?_PCF85063BTL_DELAY?PCF85063BTL
            CODE    444FH     0014H     UNIT         ?PR?_ISSPACE?ISSPACE
            CODE    4463H     0013H     UNIT         ?PR?I2C_START?VCNL4035
            CODE    4476H     0011H     UNIT         ?PR?_SPI_READTIME?PCF85063BTL
            CODE    4487H     0011H     UNIT         ?PR?_BCDTODEC?PCF85063BTL
            CODE    4498H     0011H     UNIT         ?PR?INITUART1?UART1
            CODE    44A9H     000FH     UNIT         ?PR?UC_NACK?VCNL4035
            CODE    44B8H     000FH     UNIT         ?PR?_ISDIGIT?ISDIGIT
            CODE    44C7H     000DH     UNIT         ?PR?SPI_INIT?PCF85063BTL
            CODE    44D4H     000CH     UNIT         ?PR?KEYPAD_IO_INIT?KEYPAD
            CODE    44E0H     000CH     UNIT         ?PR?_ABS?ABS
            CODE    44ECH     000AH     UNIT         ?PR?LCD_RETURN_HOME?LCD_DRIVER_SPLC780D
BL51 BANKED LINKER/LOCATER V6.22                                                      03/27/2019  11:52:38  PAGE 4


            CODE    44F6H     000AH     UNIT         ?PR?LCD_CLEAR?LCD_DRIVER_SPLC780D
            CODE    4500H     0009H     UNIT         ?PR?_SENDUART1?MAIN
            CODE    4509H     0006H     UNIT         ?PR?UC_ACK?VCNL4035
            CODE    450FH     0006H     UNIT         ?PR?_DISPLAYLCD_VCNL4035?VCNL4035
            CODE    4515H     0005H     UNIT         ?PR?_UNIT?UART1
            CODE    451AH     0005H     UNIT         ?PR?_ASCII_LETTER?UART1
            CODE    451FH     0001H     UNIT         ?PR?NOP?VCNL4035



OVERLAY MAP OF MODULE:   .\Obj\GPIO_RTC_Test (MAIN)


SEGMENT                                            BIT_GROUP          XDATA_GROUP
  +--> CALLED SEGMENT                           START    LENGTH     START    LENGTH
-----------------------------------------------------------------------------------
?C_C51STARTUP                                   -----    -----      -----    -----
  +--> ?PR?MAIN?MAIN
  +--> ?C_INITSEG

?PR?MAIN?MAIN                                   -----    -----      051BH    0009H
  +--> ?PR?LCD_INIT?LCD_DRIVER_SPLC780D
  +--> ?PR?SPI_INIT?PCF85063BTL
  +--> ?PR?KEYPAD_IO_INIT?KEYPAD
  +--> ?PR?I2C_INIT?VCNL4035
  +--> ?PR?_DELAY_MS?KEYPAD
  +--> ?PR?_DISPLAY_LINE?LCD_DRIVER_SPLC780D
  +--> ?PR?_WRITEDATA?LCD_DRIVER_SPLC780D
  +--> ?PR?KEY_PROCESS?KEYPAD
  +--> ?PR?_COMMAND?LCD_DRIVER_SPLC780D
  +--> ?PR?_DISPLAY_POS?BIPOLARMOTOR
  +--> ?PR?_DISPLAYLCD?LCD_DRIVER_SPLC780D
  +--> ?PR?_STEP_MOVE?BIPOLARMOTOR
  +--> ?PR?_STEP_MOVE_2NDMOTOR?BIPOLARMOTOR
  +--> ?PR?LCD_RETURN_HOME?LCD_DRIVER_SPLC780D
  +--> ?PR?_READ_TIME?PCF85063BTL
  +--> ?PR?_UPDATE_POSITION?BIPOLARMOTOR

?PR?LCD_INIT?LCD_DRIVER_SPLC780D                -----    -----      -----    -----
  +--> ?PR?_WAIT_MS?LCD_DRIVER_SPLC780D
  +--> ?PR?_COMMAND?LCD_DRIVER_SPLC780D

?PR?_COMMAND?LCD_DRIVER_SPLC780D                -----    -----      -----    -----
  +--> ?PR?_WAIT_MS?LCD_DRIVER_SPLC780D

?PR?I2C_INIT?VCNL4035                           -----    -----      -----    -----
  +--> ?PR?_WRITE_VCNL4035X?VCNL4035

?PR?_WRITE_VCNL4035X?VCNL4035                   -----    -----      0524H    0003H
  +--> ?PR?I2C_START?VCNL4035
  +--> ?PR?_WAIT_MS_I2C?VCNL4035
  +--> ?PR?I2C_ACK?VCNL4035
  +--> ?PR?_I2C_SENDBYTE?VCNL4035
  +--> ?PR?I2C_STOP?VCNL4035

?PR?I2C_START?VCNL4035                          -----    -----      -----    -----
  +--> ?PR?_WAIT_MS_IIC?VCNL4035
BL51 BANKED LINKER/LOCATER V6.22                                                      03/27/2019  11:52:38  PAGE 5


  +--> ?PR?_WAIT_MS_I2C?VCNL4035

?PR?I2C_ACK?VCNL4035                            -----    -----      0527H    0001H
  +--> ?PR?_I2C_SENDBYTE?VCNL4035
  +--> ?PR?_WAIT_MS_I2C?VCNL4035

?PR?_I2C_SENDBYTE?VCNL4035                      -----    -----      -----    -----
  +--> ?PR?_WAIT_MS_I2C?VCNL4035

?PR?I2C_STOP?VCNL4035                           -----    -----      -----    -----
  +--> ?PR?_WAIT_MS_I2C?VCNL4035

?PR?_DISPLAY_LINE?LCD_DRIVER_SPLC780D           -----    -----      -----    -----
  +--> ?PR?_COMMAND?LCD_DRIVER_SPLC780D

?PR?_WRITEDATA?LCD_DRIVER_SPLC780D              -----    -----      0601H    0001H
  +--> ?PR?_WAIT_MS?LCD_DRIVER_SPLC780D

?PR?KEY_PROCESS?KEYPAD                          -----    -----      0524H    0006H
  +--> ?PR?KEY_SCAN?KEYPAD
  +--> ?PR?_SPI_WRITETIME?PCF85063BTL
  +--> ?PR?LCD_CLEAR?LCD_DRIVER_SPLC780D
  +--> ?PR?_COMMAND?LCD_DRIVER_SPLC780D
  +--> ?PR?_WRITEDATA?LCD_DRIVER_SPLC780D

?PR?KEY_SCAN?KEYPAD                             -----    -----      052AH    0003H

?PR?_SPI_WRITETIME?PCF85063BTL                  -----    -----      -----    -----
  +--> ?PR?_SPI_SENDBYTE?PCF85063BTL

?PR?_SPI_SENDBYTE?PCF85063BTL                   -----    -----      -----    -----
  +--> ?PR?_PCF85063BTL_DELAY?PCF85063BTL

?PR?LCD_CLEAR?LCD_DRIVER_SPLC780D               -----    -----      -----    -----
  +--> ?PR?_COMMAND?LCD_DRIVER_SPLC780D

?PR?_DISPLAY_POS?BIPOLARMOTOR                   -----    -----      05F6H    000BH
  +--> ?PR?_ABS?ABS
  +--> ?PR?_WRITEDATA?LCD_DRIVER_SPLC780D

?PR?_DISPLAYLCD?LCD_DRIVER_SPLC780D             -----    -----      0524H    0001H
  +--> ?PR?_WRITEDATA?LCD_DRIVER_SPLC780D

?PR?_STEP_MOVE?BIPOLARMOTOR                     0021H.2  0000H.1    05F6H    0004H
  +--> ?PR?_WAIT_MS?LCD_DRIVER_SPLC780D

?PR?_STEP_MOVE_2NDMOTOR?BIPOLARMOTOR            0021H.2  0000H.1    05F2H    0004H
  +--> ?PR?_WAIT_MS?LCD_DRIVER_SPLC780D

?PR?LCD_RETURN_HOME?LCD_DRIVER_SPLC780D         -----    -----      -----    -----
  +--> ?PR?_COMMAND?LCD_DRIVER_SPLC780D

?PR?_READ_TIME?PCF85063BTL                      -----    -----      0524H    000FH
  +--> ?PR?_SPI_READTIME?PCF85063BTL

?PR?_SPI_READTIME?PCF85063BTL                   -----    -----      -----    -----
  +--> ?PR?_SPI_SENDBYTE?PCF85063BTL
BL51 BANKED LINKER/LOCATER V6.22                                                      03/27/2019  11:52:38  PAGE 6


  +--> ?PR?SPI_RECEIVEBYTE?PCF85063BTL

?PR?SPI_RECEIVEBYTE?PCF85063BTL                 -----    -----      -----    -----
  +--> ?PR?_PCF85063BTL_DELAY?PCF85063BTL

?PR?_UPDATE_POSITION?BIPOLARMOTOR               -----    -----      0524H    00C2H
  +--> ?PR?_BCDTODEC1?BIPOLARMOTOR
  +--> ?PR?_DAY_OF_YEAR?PCF85063BTL
  +--> ?PR?SUNPOS?SUNPOS
  +--> ?PR?SIN?SIN
  +--> ?PR?ASIN?ASIN
  +--> ?PR?LINEAR_INTERPOLATE?BIPOLARMOTOR
  +--> ?PR?_ABS?ABS
  +--> ?PR?_MOVE?BIPOLARMOTOR
  +--> ?PR?_MOVE_2NDMOTOR?BIPOLARMOTOR

?PR?_DAY_OF_YEAR?PCF85063BTL                    -----    -----      -----    -----
  +--> ?PR?_BCDTODEC?PCF85063BTL

?PR?SUNPOS?SUNPOS                               -----    -----      05E6H    005DH
  +--> ?PR?SIN?SIN
  +--> ?PR?_ATAN2?ATAN2
  +--> ?PR?ASIN?ASIN
  +--> ?PR?ACOS?ACOS

?PR?SIN?SIN                                     0021H.1  0000H.1    0643H    0004H

?PR?_ATAN2?ATAN2                                -----    -----      0643H    0008H
  +--> ?PR?ATAN?ATAN

?PR?ATAN?ATAN                                   0021H.1  0000H.2    064BH    0004H

?PR?ASIN?ASIN                                   -----    -----      -----    -----
  +--> ?PR?SQRT?SQRT
  +--> ?PR?ATAN?ATAN

?PR?SQRT?SQRT                                   -----    -----      0643H    0004H

?PR?ACOS?ACOS                                   -----    -----      -----    -----
  +--> ?PR?SQRT?SQRT
  +--> ?PR?ATAN?ATAN

?PR?LINEAR_INTERPOLATE?BIPOLARMOTOR             -----    -----      05E6H    0014H

?PR?_MOVE?BIPOLARMOTOR                          0021H.1  0000H.1    05E6H    0010H
  +--> ?PR?_STEP_MOVE?BIPOLARMOTOR
  +--> ?PR?_COMMAND?LCD_DRIVER_SPLC780D
  +--> ?PR?_DISPLAY_POS?BIPOLARMOTOR

?PR?_MOVE_2NDMOTOR?BIPOLARMOTOR                 0021H.1  0000H.1    05E6H    000CH
  +--> ?PR?_STEP_MOVE_2NDMOTOR?BIPOLARMOTOR
  +--> ?PR?_COMMAND?LCD_DRIVER_SPLC780D
  +--> ?PR?_DISPLAY_POS?BIPOLARMOTOR



SYMBOL TABLE OF MODULE:  .\Obj\GPIO_RTC_Test (MAIN)
BL51 BANKED LINKER/LOCATER V6.22                                                      03/27/2019  11:52:38  PAGE 7



  VALUE           TYPE          NAME
  ----------------------------------

  -------         MODULE        MAIN
  C:0000H         SYMBOL        _ICE_DUMMY_
  X:0657H         PUBLIC        calib_value
  D:0080H         PUBLIC        P0
  D:0090H         PUBLIC        P1
  D:00A0H         PUBLIC        P2
  D:00B0H         PUBLIC        P3
  D:00C0H         PUBLIC        P4
  D:00C8H         PUBLIC        P5
  X:06B7H         SYMBOL        PressedKey
  B:00A8H.7       PUBLIC        EA
  D:00E8H         PUBLIC        P6
  D:00F8H         PUBLIC        P7
  X:06BBH         PUBLIC        RX_Data_Uart_Cnt
  C:32BCH         PUBLIC        _calib_interpolate
  D:00A8H         PUBLIC        IE
  X:06BDH         PUBLIC        calib_time
  D:00B8H         PUBLIC        IP
  B:0020H.6       PUBLIC        pos_angle_display
  X:071DH         PUBLIC        months
  C:0009H         PUBLIC        Uart
  B:0020H.7       PUBLIC        direction_rotation
  D:00D8H         PUBLIC        CCON
  C:25F1H         PUBLIC        main
  X:071EH         PUBLIC        count
  D:0099H         PUBLIC        SBUF
  X:0720H         PUBLIC        days
  X:0721H         PUBLIC        hours
  D:0098H         PUBLIC        SCON
  D:0089H         PUBLIC        TMOD
  D:0088H         PUBLIC        TCON
  B:00B0H.2       PUBLIC        P32
  B:00B0H.3       PUBLIC        P33
  X:0722H         SYMBOL        KeyCount
  X:0724H         PUBLIC        mins
  X:0725H         PUBLIC        Rec_data_hour
  X:0728H         PUBLIC        Rec_data_min
  D:008EH         PUBLIC        AUXR
  C:41B5H         PUBLIC        tm0_isr
  X:072BH         PUBLIC        auto_mode
  B:0021H.0       PUBLIC        busy
  D:00E0H         PUBLIC        ACC
  B:00A8H.1       PUBLIC        ET0
  D:008CH         PUBLIC        TH0
  X:072DH         PUBLIC        hour_count
  D:008AH         PUBLIC        TL0
  X:072EH         PUBLIC        min_count
  B:0088H.4       PUBLIC        TR0
  X:072FH         SYMBOL        KeyNum
  X:0730H         SYMBOL        KeyNum_Old
  X:0731H         PUBLIC        current_position
  X:0735H         PUBLIC        hours1
  X:0736H         PUBLIC        hours2
BL51 BANKED LINKER/LOCATER V6.22                                                      03/27/2019  11:52:38  PAGE 8


  X:0737H         PUBLIC        mins1
  X:0738H         PUBLIC        mins2
  X:0739H         PUBLIC        current_angle
  X:073DH         PUBLIC        seconds
  X:073EH         PUBLIC        st_time
  D:00D0H         PUBLIC        PSW
  C:4500H         PUBLIC        _SendUART1
  -------         PROC          TM0_ISR
  C:41B5H         LINE#         80
  C:41BDH         LINE#         82
  C:41CBH         LINE#         83
  C:41D7H         LINE#         84
  C:41D7H         LINE#         85
  C:41DEH         LINE#         86
  C:41E0H         LINE#         87
  C:41E0H         LINE#         88
  -------         ENDPROC       TM0_ISR
  -------         PROC          MAIN
  -------         DO            
  X:064FH         SYMBOL        KeyCount
  X:0651H         SYMBOL        KeyNum_Old
  X:0652H         SYMBOL        KeyNum
  X:0653H         SYMBOL        PressedKey
  X:051BH         SYMBOL        prox_flag
  X:051CH         SYMBOL        prox_flag_rotation
  X:051DH         SYMBOL        calib_day
  X:051FH         SYMBOL        numStr
  -------         ENDDO         
  C:25F1H         LINE#         90
  C:25F1H         LINE#         91
  C:25F1H         LINE#         96
  C:25F9H         LINE#         98
  C:25FEH         LINE#         102
  C:2600H         LINE#         105
  C:2602H         LINE#         108
  C:2604H         LINE#         110
  C:260BH         LINE#         111
  C:260DH         LINE#         112
  C:260FH         LINE#         124
  C:2612H         LINE#         125
  C:2615H         LINE#         126
  C:2618H         LINE#         128
  C:261BH         LINE#         131
  C:261EH         LINE#         132
  C:2621H         LINE#         133
  C:2624H         LINE#         134
  C:2626H         LINE#         135
  C:2628H         LINE#         136
  C:262AH         LINE#         138
  C:262CH         LINE#         140
  C:2633H         LINE#         142
  C:263AH         LINE#         146
  C:2641H         LINE#         147
  C:2646H         LINE#         148
  C:264BH         LINE#         149
  C:2650H         LINE#         150
  C:2655H         LINE#         151
BL51 BANKED LINKER/LOCATER V6.22                                                      03/27/2019  11:52:38  PAGE 9


  C:265AH         LINE#         156
  C:265AH         LINE#         157
  C:265AH         LINE#         158
  C:265DH         LINE#         161
  C:265DH         LINE#         166
  C:2667H         LINE#         167
  C:2667H         LINE#         168
  C:266AH         LINE#         169
  C:266AH         LINE#         170
  C:266FH         LINE#         171
  C:2674H         LINE#         172
  C:2679H         LINE#         173
  C:267EH         LINE#         174
  C:2683H         LINE#         175
  C:2688H         LINE#         176
  C:2699H         LINE#         177
  C:2699H         LINE#         178
  C:269CH         LINE#         179
  C:269CH         LINE#         180
  C:269CH         LINE#         181
  C:269CH         LINE#         182
  C:269CH         LINE#         183
  C:269CH         LINE#         184
  C:269CH         LINE#         185
  C:269CH         LINE#         186
  C:269CH         LINE#         187
  C:269CH         LINE#         188
  C:269EH         LINE#         190
  C:269EH         LINE#         191
  C:26A1H         LINE#         192
  C:26A1H         LINE#         193
  C:26A6H         LINE#         194
  C:26ABH         LINE#         195
  C:26B0H         LINE#         196
  C:26B5H         LINE#         197
  C:26BAH         LINE#         198
  C:26BFH         LINE#         199
  C:26D0H         LINE#         200
  C:26D0H         LINE#         201
  C:26D3H         LINE#         202
  C:26D3H         LINE#         203
  C:26D8H         LINE#         204
  C:26DDH         LINE#         205
  C:26E2H         LINE#         206
  C:26E7H         LINE#         207
  C:26ECH         LINE#         208
  C:26F1H         LINE#         209
  C:2702H         LINE#         210
  C:2702H         LINE#         211
  C:2702H         LINE#         215
  C:2709H         LINE#         216
  C:2711H         LINE#         217
  C:2716H         LINE#         218
  C:271EH         LINE#         219
  C:2723H         LINE#         220
  C:272DH         LINE#         221
  C:2732H         LINE#         222
BL51 BANKED LINKER/LOCATER V6.22                                                      03/27/2019  11:52:38  PAGE 10


  C:273AH         LINE#         224
  C:2742H         LINE#         225
  C:2747H         LINE#         226
  C:2751H         LINE#         227
  C:2751H         LINE#         228
  C:2753H         LINE#         229
  C:2755H         LINE#         230
  C:275FH         LINE#         231
  C:275FH         LINE#         232
  C:2764H         LINE#         233
  C:2764H         LINE#         245
  C:276AH         LINE#         246
  C:276AH         LINE#         247
  C:2777H         LINE#         248
  C:2777H         LINE#         249
  C:2781H         LINE#         250
  C:2798H         LINE#         251
  C:2798H         LINE#         252
  C:279AH         LINE#         253
  C:279CH         LINE#         255
  C:279CH         LINE#         256
  C:27A7H         LINE#         257
  C:27A7H         LINE#         258
  C:27ACH         LINE#         259
  C:27ACH         LINE#         260
  C:27BFH         LINE#         261
  C:27BFH         LINE#         264
  C:27C9H         LINE#         265
  C:27E0H         LINE#         266
  C:27E0H         LINE#         267
  C:27E2H         LINE#         268
  C:27E4H         LINE#         270
  C:27E4H         LINE#         271
  C:27EFH         LINE#         272
  C:27EFH         LINE#         273
  C:27F3H         LINE#         274
  C:27F3H         LINE#         275
  C:27F3H         LINE#         276
  C:27F6H         LINE#         277
  C:27FCH         LINE#         278
  C:27FCH         LINE#         279
  C:2809H         LINE#         280
  C:2809H         LINE#         281
  C:2813H         LINE#         282
  C:282AH         LINE#         283
  C:282AH         LINE#         284
  C:282CH         LINE#         285
  C:282EH         LINE#         287
  C:282EH         LINE#         288
  C:2839H         LINE#         289
  C:2839H         LINE#         290
  C:283EH         LINE#         291
  C:283EH         LINE#         292
  C:284BH         LINE#         293
  C:284BH         LINE#         296
  C:2855H         LINE#         297
  C:286CH         LINE#         298
BL51 BANKED LINKER/LOCATER V6.22                                                      03/27/2019  11:52:38  PAGE 11


  C:286CH         LINE#         299
  C:286EH         LINE#         300
  C:2870H         LINE#         302
  C:2870H         LINE#         303
  C:287BH         LINE#         304
  C:287BH         LINE#         305
  C:2880H         LINE#         306
  C:2882H         LINE#         307
  C:2882H         LINE#         308
  C:2882H         LINE#         311
  C:28A4H         LINE#         312
  C:28A4H         LINE#         313
  C:28AEH         LINE#         314
  C:28B4H         LINE#         315
  C:28B6H         LINE#         316
  C:28B8H         LINE#         317
  C:28BAH         LINE#         318
  C:28BAH         LINE#         321
  C:28DCH         LINE#         322
  C:28DCH         LINE#         323
  C:28E6H         LINE#         324
  C:28ECH         LINE#         325
  C:28EEH         LINE#         326
  C:28F0H         LINE#         327
  C:28F2H         LINE#         328
  C:28F2H         LINE#         329
  C:28F5H         LINE#         331
  C:28F5H         LINE#         332
  C:28FBH         LINE#         333
  C:2903H         LINE#         334
  C:2909H         LINE#         335
  C:2911H         LINE#         336
  C:294CH         LINE#         340
  C:2959H         LINE#         341
  C:2959H         LINE#         343
  C:2959H         LINE#         345
  C:2959H         LINE#         348
  C:2959H         LINE#         349
  C:299DH         LINE#         350
  C:299DH         LINE#         372
  -------         ENDPROC       MAIN
  -------         PROC          UART
  C:0009H         LINE#         379
  C:0009H         LINE#         412
  -------         ENDPROC       UART
  -------         PROC          _CALIB_INTERPOLATE
  X:07A4H         SYMBOL        hours
  X:07A8H         SYMBOL        mins
  -------         DO            
  X:07ACH         SYMBOL        p_calib1
  X:07B4H         SYMBOL        p_calib2
  X:07BCH         SYMBOL        i
  X:07BEH         SYMBOL        current_time
  -------         ENDDO         
  C:32BCH         LINE#         415
  C:32C2H         LINE#         416
  C:32C2H         LINE#         420
BL51 BANKED LINKER/LOCATER V6.22                                                      03/27/2019  11:52:38  PAGE 12


  C:3319H         LINE#         422
  C:333FH         LINE#         423
  C:333FH         LINE#         424
  C:33B1H         LINE#         425
  C:33B1H         LINE#         426
  C:33DEH         LINE#         427
  C:33F9H         LINE#         429
  C:3426H         LINE#         430
  C:3441H         LINE#         432
  C:3443H         LINE#         433
  C:3443H         LINE#         434
  C:3457H         LINE#         435
  C:345CH         LINE#         437
  -------         ENDPROC       _CALIB_INTERPOLATE
  -------         PROC          _SENDUART1
  D:0007H         SYMBOL        dat
  C:4500H         LINE#         440
  C:4500H         LINE#         441
  C:4500H         LINE#         442
  C:4503H         LINE#         443
  C:4505H         LINE#         444
  C:4506H         LINE#         445
  C:4508H         LINE#         446
  -------         ENDPROC       _SENDUART1
  -------         ENDMOD        MAIN

  -------         MODULE        PCF85063BTL
  C:0000H         SYMBOL        _ICE_DUMMY_
  D:0096H         PUBLIC        P2M0
  D:0080H         PUBLIC        P0
  D:0095H         PUBLIC        P2M1
  D:0090H         PUBLIC        P1
  D:00A0H         PUBLIC        P2
  D:00B0H         PUBLIC        P3
  D:00C0H         PUBLIC        P4
  D:00C8H         PUBLIC        P5
  D:00E8H         PUBLIC        P6
  B:00A0H.2       PUBLIC        PCF85063BTL_SDI
  D:00F8H         PUBLIC        P7
  B:00A0H.1       PUBLIC        PCF85063BTL_SCK
  B:00A0H.2       PUBLIC        PCF85063BTL_SDO
  D:00A8H         PUBLIC        IE
  C:3F9BH         PUBLIC        _Read_time
  C:4441H         PUBLIC        _PCF85063BTL_Delay
  D:00B8H         PUBLIC        IP
  D:00D8H         PUBLIC        CCON
  C:3EA2H         PUBLIC        _Day_Of_Year
  C:4331H         PUBLIC        SPI_ReceiveByte
  D:0098H         PUBLIC        SCON
  D:0088H         PUBLIC        TCON
  C:4487H         PUBLIC        _BCDtoDec
  B:00A0H.0       PUBLIC        PCF85063BTL_CS
  C:4476H         PUBLIC        _SPI_ReadTime
  C:44C7H         PUBLIC        SPI_Init
  C:43E0H         PUBLIC        _SPI_WriteTime
  C:4311H         PUBLIC        _SPI_SendByte
  D:00D0H         PUBLIC        PSW
BL51 BANKED LINKER/LOCATER V6.22                                                      03/27/2019  11:52:38  PAGE 13


  C:443DH         SYMBOL        L?0047
  -------         PROC          L?0046
  -------         ENDPROC       L?0046
  C:443DH         SYMBOL        L?0047
  -------         PROC          _PCF85063BTL_DELAY
  D:0006H         SYMBOL        us
  C:4441H         LINE#         8
  C:4441H         LINE#         9
  C:4441H         LINE#         10
  C:444BH         LINE#         11
  C:444BH         LINE#         12
  C:444CH         LINE#         13
  C:444EH         LINE#         14
  -------         ENDPROC       _PCF85063BTL_DELAY
  -------         PROC          _SPI_SENDBYTE
  D:0005H         SYMBOL        dat
  -------         DO            
  D:0003H         SYMBOL        i
  -------         ENDDO         
  C:4311H         LINE#         17
  C:4313H         LINE#         18
  C:4313H         LINE#         20
  C:4315H         LINE#         21
  C:4315H         LINE#         22
  C:4317H         LINE#         23
  C:431BH         LINE#         24
  C:431BH         LINE#         25
  C:431DH         LINE#         26
  C:431FH         LINE#         28
  C:431FH         LINE#         29
  C:4321H         LINE#         30
  C:4321H         LINE#         31
  C:4324H         LINE#         32
  C:4324H         LINE#         33
  C:4327H         LINE#         34
  C:432BH         LINE#         35
  C:4330H         LINE#         36
  -------         ENDPROC       _SPI_SENDBYTE
  -------         PROC          SPI_RECEIVEBYTE
  -------         DO            
  D:0003H         SYMBOL        i
  D:0005H         SYMBOL        dat
  -------         ENDDO         
  C:4331H         LINE#         39
  C:4331H         LINE#         40
  C:4331H         LINE#         42
  C:4333H         LINE#         44
  C:4335H         LINE#         45
  C:4336H         LINE#         46
  C:4336H         LINE#         47
  C:433AH         LINE#         48
  C:433CH         LINE#         49
  C:433FH         LINE#         51
  C:4342H         LINE#         52
  C:4342H         LINE#         53
  C:4346H         LINE#         54
  C:4346H         LINE#         55
BL51 BANKED LINKER/LOCATER V6.22                                                      03/27/2019  11:52:38  PAGE 14


  C:4346H         LINE#         56
  C:4349H         LINE#         57
  C:434EH         LINE#         58
  C:4350H         LINE#         59
  -------         ENDPROC       SPI_RECEIVEBYTE
  -------         PROC          _SPI_READTIME
  D:0007H         SYMBOL        addr
  -------         DO            
  D:0006H         SYMBOL        dat
  -------         ENDDO         
  C:4476H         LINE#         61
  C:4476H         LINE#         62
  C:4476H         LINE#         64
  C:4478H         LINE#         65
  C:447AH         LINE#         66
  C:4481H         LINE#         67
  C:4484H         LINE#         68
  C:4486H         LINE#         69
  C:4486H         LINE#         70
  -------         ENDPROC       _SPI_READTIME
  -------         PROC          _SPI_WRITETIME
  D:0002H         SYMBOL        val
  D:0005H         SYMBOL        addr
  C:43E0H         LINE#         71
  C:43E2H         LINE#         72
  C:43E2H         LINE#         74
  C:43E4H         LINE#         75
  C:43EBH         LINE#         76
  C:43F0H         LINE#         77
  C:43F5H         LINE#         78
  C:43F7H         LINE#         79
  -------         ENDPROC       _SPI_WRITETIME
  -------         PROC          SPI_INIT
  C:44C7H         LINE#         83
  C:44C7H         LINE#         84
  C:44C7H         LINE#         89
  C:44CAH         LINE#         90
  C:44CDH         LINE#         91
  C:44CFH         LINE#         92
  C:44D1H         LINE#         93
  C:44D3H         LINE#         94
  -------         ENDPROC       SPI_INIT
  -------         PROC          _READ_TIME
  X:0524H         SYMBOL        months
  X:0527H         SYMBOL        days
  X:052AH         SYMBOL        hours
  X:052DH         SYMBOL        mins
  X:0530H         SYMBOL        seconds
  C:3F9BH         LINE#         96
  C:3FA6H         LINE#         97
  C:3FA6H         LINE#         99
  C:3FBAH         LINE#         101
  C:3FCEH         LINE#         103
  C:3FE2H         LINE#         108
  C:3FF6H         LINE#         113
  -------         ENDPROC       _READ_TIME
  -------         PROC          _BCDTODEC
BL51 BANKED LINKER/LOCATER V6.22                                                      03/27/2019  11:52:38  PAGE 15


  D:0007H         SYMBOL        bcd
  -------         DO            
  D:0006H         SYMBOL        hi
  D:0007H         SYMBOL        lo
  -------         ENDDO         
  C:4487H         LINE#         119
  C:4487H         LINE#         120
  C:4487H         LINE#         122
  C:448CH         LINE#         123
  C:4490H         LINE#         124
  C:4497H         LINE#         125
  -------         ENDPROC       _BCDTODEC
  -------         PROC          _DAY_OF_YEAR
  D:0007H         SYMBOL        months_bcd
  D:0005H         SYMBOL        days_bcd
  -------         DO            
  D:0004H         SYMBOL        months
  D:0007H         SYMBOL        days
  -------         ENDDO         
  C:3EA2H         LINE#         126
  C:3EA2H         LINE#         127
  C:3EA2H         LINE#         130
  C:3EA7H         LINE#         132
  C:3EACH         LINE#         134
  C:3EE5H         LINE#         135
  C:3EE5H         LINE#         136
  C:3EE5H         LINE#         137
  C:3EE8H         LINE#         138
  C:3EE8H         LINE#         139
  C:3EE8H         LINE#         140
  C:3EEDH         LINE#         141
  C:3EEDH         LINE#         142
  C:3EEDH         LINE#         143
  C:3EF2H         LINE#         144
  C:3EF2H         LINE#         145
  C:3EF2H         LINE#         146
  C:3EF7H         LINE#         147
  C:3EF7H         LINE#         148
  C:3EF7H         LINE#         149
  C:3EFCH         LINE#         150
  C:3EFCH         LINE#         151
  C:3EFCH         LINE#         152
  C:3F01H         LINE#         153
  C:3F01H         LINE#         154
  C:3F01H         LINE#         155
  C:3F06H         LINE#         156
  C:3F06H         LINE#         157
  C:3F06H         LINE#         158
  C:3F0BH         LINE#         159
  C:3F0BH         LINE#         160
  C:3F0BH         LINE#         161
  C:3F13H         LINE#         162
  C:3F13H         LINE#         163
  C:3F13H         LINE#         164
  C:3F18H         LINE#         165
  C:3F18H         LINE#         166
  C:3F18H         LINE#         167
BL51 BANKED LINKER/LOCATER V6.22                                                      03/27/2019  11:52:38  PAGE 16


  C:3F1DH         LINE#         168
  C:3F1DH         LINE#         169
  C:3F1DH         LINE#         170
  C:3F25H         LINE#         171
  C:3F25H         LINE#         172
  C:3F25H         LINE#         173
  -------         ENDPROC       _DAY_OF_YEAR
  -------         ENDMOD        PCF85063BTL

  -------         MODULE        UART1
  C:0000H         SYMBOL        _ICE_DUMMY_
  D:0080H         PUBLIC        P0
  D:0090H         PUBLIC        P1
  D:00A0H         PUBLIC        P2
  D:00B0H         PUBLIC        P3
  D:00C0H         PUBLIC        P4
  D:00C8H         PUBLIC        P5
  B:00A8H.7       PUBLIC        EA
  D:00E8H         PUBLIC        P6
  D:00F8H         PUBLIC        P7
  C:41E9H         PUBLIC        _SendString
  D:00A8H         PUBLIC        IE
  B:00A8H.4       PUBLIC        ES
  D:00B8H         PUBLIC        IP
  C:43F8H         PUBLIC        _ASCIItoBCD
  D:00D8H         PUBLIC        CCON
  C:4498H         PUBLIC        initUART1
  D:0098H         PUBLIC        SCON
  D:0088H         PUBLIC        TCON
  C:000AH         PUBLIC        _DectoBCD
  C:451AH         PUBLIC        _ASCII_Letter
  D:008EH         PUBLIC        AUXR
  C:4515H         PUBLIC        _unit
  C:0003H         PUBLIC        _ten
  D:00D6H         PUBLIC        T2H
  D:00D7H         PUBLIC        T2L
  D:00D0H         PUBLIC        PSW
  -------         PROC          INITUART1
  C:4498H         LINE#         21
  C:4498H         LINE#         22
  C:4498H         LINE#         23
  C:449BH         LINE#         24
  C:449EH         LINE#         25
  C:44A1H         LINE#         26
  C:44A4H         LINE#         27
  C:44A6H         LINE#         28
  C:44A8H         LINE#         30
  -------         ENDPROC       INITUART1
  -------         PROC          _SENDSTRING
  X:07D8H         SYMBOL        s
  C:41E9H         LINE#         35
  C:41F4H         LINE#         36
  C:41F4H         LINE#         37
  C:4204H         LINE#         38
  C:4204H         LINE#         39
  C:4219H         LINE#         40
  C:421BH         LINE#         41
BL51 BANKED LINKER/LOCATER V6.22                                                      03/27/2019  11:52:38  PAGE 17


  -------         ENDPROC       _SENDSTRING
  -------         PROC          _TEN
  D:0007H         SYMBOL        BCD
  C:0003H         LINE#         43
  C:0003H         LINE#         44
  C:0003H         LINE#         45
  C:0008H         LINE#         46
  -------         ENDPROC       _TEN
  -------         PROC          _UNIT
  D:0007H         SYMBOL        BCD
  C:4515H         LINE#         47
  C:4515H         LINE#         48
  C:4515H         LINE#         52
  C:4519H         LINE#         53
  -------         ENDPROC       _UNIT
  -------         PROC          _DECTOBCD
  D:0007H         SYMBOL        dec
  C:000AH         LINE#         54
  C:000AH         LINE#         55
  C:000AH         LINE#         57
  C:000AH         LINE#         58
  -------         ENDPROC       _DECTOBCD
  -------         PROC          _ASCII_LETTER
  D:0007H         SYMBOL        dat
  C:451AH         LINE#         60
  C:451AH         LINE#         61
  C:451AH         LINE#         63
  C:451EH         LINE#         64
  -------         ENDPROC       _ASCII_LETTER
  -------         PROC          _ASCIITOBCD
  D:0001H         SYMBOL        ascii
  -------         DO            
  D:0007H         SYMBOL        dec_val
  D:0006H         SYMBOL        ten
  D:0007H         SYMBOL        unit
  -------         ENDDO         
  C:43F8H         LINE#         66
  C:43F8H         LINE#         67
  C:43F8H         LINE#         69
  C:43FBH         LINE#         70
  C:4401H         LINE#         71
  C:4408H         LINE#         72
  C:440EH         LINE#         74
  -------         ENDPROC       _ASCIITOBCD
  -------         ENDMOD        UART1

  -------         MODULE        LCD_DRIVER_SPLC780D
  C:0000H         SYMBOL        _ICE_DUMMY_
  D:0092H         PUBLIC        P1M0
  D:0091H         PUBLIC        P1M1
  D:0080H         PUBLIC        P0
  D:0090H         PUBLIC        P1
  D:00A0H         PUBLIC        P2
  D:00B0H         PUBLIC        P3
  D:00C0H         PUBLIC        P4
  D:00C8H         PUBLIC        P5
  D:00E8H         PUBLIC        P6
BL51 BANKED LINKER/LOCATER V6.22                                                      03/27/2019  11:52:38  PAGE 18


  D:00F8H         PUBLIC        P7
  C:3F26H         PUBLIC        _WriteData
  D:00A8H         PUBLIC        IE
  D:00B8H         PUBLIC        IP
  D:00D8H         PUBLIC        CCON
  B:0090H.4       PUBLIC        LCD_D4
  B:0090H.5       PUBLIC        LCD_D5
  B:0090H.6       PUBLIC        LCD_D6
  C:438DH         PUBLIC        _DisplayLCD
  B:0090H.7       PUBLIC        LCD_D7
  D:0098H         PUBLIC        SCON
  D:0088H         PUBLIC        TCON
  C:44F6H         PUBLIC        LCD_clear
  C:413AH         PUBLIC        _Command
  C:000EH         PUBLIC        _Display_Line
  C:400AH         PUBLIC        LCD_Init
  C:42D1H         PUBLIC        _Wait_ms
  B:0090H.1       PUBLIC        LCD_RS
  B:0090H.2       PUBLIC        LCD_RW
  C:44ECH         PUBLIC        LCD_return_home
  B:0090H.3       PUBLIC        LCD_E
  D:00D0H         PUBLIC        PSW
  -------         PROC          LCD_INIT
  C:400AH         LINE#         9
  C:400AH         LINE#         10
  C:400AH         LINE#         11
  C:400DH         LINE#         12
  C:4010H         LINE#         14
  C:4016H         LINE#         15
  C:401BH         LINE#         17
  C:4022H         LINE#         18
  C:4027H         LINE#         20
  C:402AH         LINE#         21
  C:402FH         LINE#         23
  C:4032H         LINE#         24
  C:4037H         LINE#         26
  C:403EH         LINE#         29
  C:4043H         LINE#         30
  C:4048H         LINE#         32
  C:404DH         LINE#         33
  C:4052H         LINE#         35
  C:4057H         LINE#         36
  C:405CH         LINE#         37
  -------         ENDPROC       LCD_INIT
  -------         PROC          _WRITEDATA
  X:0601H         SYMBOL        dat
  C:3F26H         LINE#         40
  C:3F2BH         LINE#         41
  C:3F2BH         LINE#         46
  C:3F2DH         LINE#         47
  C:3F2FH         LINE#         49
  C:3F3DH         LINE#         50
  C:3F49H         LINE#         51
  C:3F55H         LINE#         52
  C:3F5FH         LINE#         53
  C:3F61H         LINE#         54
  C:3F68H         LINE#         55
BL51 BANKED LINKER/LOCATER V6.22                                                      03/27/2019  11:52:38  PAGE 19


  C:3F6AH         LINE#         57
  C:3F7AH         LINE#         58
  C:3F85H         LINE#         59
  C:3F8FH         LINE#         60
  C:3F93H         LINE#         62
  C:3F93H         LINE#         63
  C:3F96H         LINE#         64
  C:3F98H         LINE#         65
  C:3F9AH         LINE#         67
  -------         ENDPROC       _WRITEDATA
  -------         PROC          _COMMAND
  D:0007H         SYMBOL        dat
  C:413AH         LINE#         69
  C:413AH         LINE#         70
  C:413AH         LINE#         71
  C:413CH         LINE#         72
  C:413EH         LINE#         74
  C:4148H         LINE#         75
  C:414CH         LINE#         77
  C:414EH         LINE#         78
  C:4157H         LINE#         79
  C:415BH         LINE#         81
  C:415DH         LINE#         82
  C:4164H         LINE#         83
  C:4168H         LINE#         85
  C:416AH         LINE#         86
  C:416EH         LINE#         87
  C:4172H         LINE#         89
  C:4174H         LINE#         90
  C:4174H         LINE#         91
  C:4177H         LINE#         92
  C:4179H         LINE#         93
  -------         ENDPROC       _COMMAND
  C:42CDH         SYMBOL        L?0028
  -------         PROC          L?0027
  -------         ENDPROC       L?0027
  C:42CDH         SYMBOL        L?0028
  -------         PROC          _WAIT_MS
  D:0006H         SYMBOL        ms
  -------         DO            
  D:0004H         SYMBOL        De_Cnt
  -------         ENDDO         
  C:42D1H         LINE#         95
  C:42D1H         LINE#         96
  C:42D1H         LINE#         98
  C:42DBH         LINE#         99
  C:42DBH         LINE#         100
  C:42EEH         LINE#         101
  C:42EEH         LINE#         102
  -------         ENDPROC       _WAIT_MS
  -------         PROC          _DISPLAYLCD
  D:0007H         SYMBOL        BCD
  -------         DO            
  D:0006H         SYMBOL        first_digit
  X:0524H         SYMBOL        second_digit
  -------         ENDDO         
  C:438DH         LINE#         103
BL51 BANKED LINKER/LOCATER V6.22                                                      03/27/2019  11:52:38  PAGE 20


  C:438DH         LINE#         104
  C:438DH         LINE#         106
  C:4394H         LINE#         107
  C:439DH         LINE#         109
  C:43A2H         LINE#         111
  -------         ENDPROC       _DISPLAYLCD
  -------         PROC          LCD_RETURN_HOME
  C:44ECH         LINE#         115
  C:44ECH         LINE#         116
  C:44ECH         LINE#         117
  C:44F1H         LINE#         118
  -------         ENDPROC       LCD_RETURN_HOME
  -------         PROC          LCD_CLEAR
  C:44F6H         LINE#         121
  C:44F6H         LINE#         122
  C:44F6H         LINE#         123
  C:44FBH         LINE#         124
  -------         ENDPROC       LCD_CLEAR
  -------         PROC          _DISPLAY_LINE
  D:0006H         SYMBOL        line
  C:000EH         LINE#         128
  C:000EH         LINE#         129
  C:000EH         LINE#         130
  C:0014H         LINE#         131
  C:0014H         LINE#         132
  C:0016H         LINE#         133
  C:0016H         LINE#         134
  C:0018H         LINE#         136
  C:0018H         LINE#         137
  C:001DH         LINE#         138
  C:0022H         LINE#         139
  C:0022H         LINE#         140
  -------         ENDPROC       _DISPLAY_LINE
  -------         ENDMOD        LCD_DRIVER_SPLC780D

  -------         MODULE        KEYPAD
  C:0000H         SYMBOL        _ICE_DUMMY_
  D:0093H         PUBLIC        P0M1
  D:0080H         PUBLIC        P0
  D:0090H         PUBLIC        P1
  D:00A0H         PUBLIC        P2
  D:00B0H         PUBLIC        P3
  D:00C0H         PUBLIC        P4
  D:00C8H         PUBLIC        P5
  B:0020H.0       PUBLIC        calib_mode
  D:00E8H         PUBLIC        P6
  D:00F8H         PUBLIC        P7
  D:00A8H         PUBLIC        IE
  C:345DH         PUBLIC        Key_Scan
  D:00B8H         PUBLIC        IP
  D:00D8H         PUBLIC        CCON
  C:44D4H         PUBLIC        KeyPad_IO_Init
  C:4351H         PUBLIC        _Delay_ms
  D:0098H         PUBLIC        SCON
  D:0088H         PUBLIC        TCON
  B:0020H.1       PUBLIC        small_move
  B:0020H.2       PUBLIC        move
BL51 BANKED LINKER/LOCATER V6.22                                                      03/27/2019  11:52:38  PAGE 21


  B:0020H.3       PUBLIC        direction
  B:0020H.4       PUBLIC        auto_move
  B:0020H.5       PUBLIC        selected_motor
  C:2C60H         PUBLIC        Key_Process
  D:00D0H         PUBLIC        PSW
  D:0094H         PUBLIC        P0M0
  -------         PROC          _DELAY_MS
  D:0006H         SYMBOL        ms
  -------         DO            
  D:0004H         SYMBOL        De_Cnt
  -------         ENDDO         
  C:4351H         LINE#         22
  C:4351H         LINE#         23
  C:4351H         LINE#         25
  C:435BH         LINE#         26
  C:435BH         LINE#         27
  C:436EH         LINE#         28
  C:436EH         LINE#         29
  -------         ENDPROC       _DELAY_MS
  -------         PROC          KEY_SCAN
  -------         DO            
  X:052AH         SYMBOL        KeyTemp1
  X:052BH         SYMBOL        KeyTemp2
  X:052CH         SYMBOL        KeyValue
  -------         ENDDO         
  C:345DH         LINE#         30
  C:345DH         LINE#         31
  C:345DH         LINE#         36
  C:3460H         LINE#         39
  C:3463H         LINE#         41
  C:346BH         LINE#         42
  C:3472H         LINE#         43
  C:3472H         LINE#         45
  C:3477H         LINE#         46
  C:347EH         LINE#         47
  C:347EH         LINE#         50
  C:3481H         LINE#         51
  C:3484H         LINE#         52
  C:3489H         LINE#         53
  C:348DH         LINE#         54
  C:348DH         LINE#         55
  C:3495H         LINE#         56
  C:3495H         LINE#         57
  C:3498H         LINE#         58
  C:34A0H         LINE#         59
  C:34A2H         LINE#         61
  C:34B6H         LINE#         62
  C:34B6H         LINE#         63
  C:34B6H         LINE#         64
  C:34B6H         LINE#         65
  C:34BCH         LINE#         67
  C:34BEH         LINE#         68
  C:34BEH         LINE#         69
  C:34BEH         LINE#         70
  C:34C4H         LINE#         72
  C:34C6H         LINE#         73
  C:34C6H         LINE#         74
BL51 BANKED LINKER/LOCATER V6.22                                                      03/27/2019  11:52:38  PAGE 22


  C:34C6H         LINE#         75
  C:34CCH         LINE#         77
  C:34CEH         LINE#         78
  C:34CEH         LINE#         79
  C:34CEH         LINE#         80
  C:34D4H         LINE#         82
  C:34D4H         LINE#         83
  C:34D4H         LINE#         84
  C:34D4H         LINE#         87
  C:34D7H         LINE#         88
  C:34DAH         LINE#         89
  C:34E2H         LINE#         90
  C:34E6H         LINE#         91
  C:34E6H         LINE#         92
  C:34EEH         LINE#         93
  C:34EEH         LINE#         94
  C:34F1H         LINE#         95
  C:34F9H         LINE#         96
  C:34FBH         LINE#         97
  C:350FH         LINE#         98
  C:350FH         LINE#         99
  C:350FH         LINE#         100
  C:350FH         LINE#         101
  C:3515H         LINE#         103
  C:3517H         LINE#         104
  C:3517H         LINE#         105
  C:3517H         LINE#         106
  C:351DH         LINE#         108
  C:351FH         LINE#         109
  C:351FH         LINE#         110
  C:351FH         LINE#         111
  C:3525H         LINE#         113
  C:3527H         LINE#         114
  C:3527H         LINE#         115
  C:3527H         LINE#         116
  C:352CH         LINE#         118
  C:352CH         LINE#         119
  C:352CH         LINE#         120
  C:352CH         LINE#         123
  C:352FH         LINE#         124
  C:3532H         LINE#         125
  C:353AH         LINE#         126
  C:353EH         LINE#         127
  C:353EH         LINE#         128
  C:3546H         LINE#         129
  C:3546H         LINE#         130
  C:3549H         LINE#         131
  C:3551H         LINE#         132
  C:3553H         LINE#         133
  C:3567H         LINE#         134
  C:3567H         LINE#         135
  C:3567H         LINE#         136
  C:3567H         LINE#         137
  C:356DH         LINE#         139
  C:356FH         LINE#         140
  C:356FH         LINE#         141
  C:356FH         LINE#         142
BL51 BANKED LINKER/LOCATER V6.22                                                      03/27/2019  11:52:38  PAGE 23


  C:3575H         LINE#         144
  C:3577H         LINE#         145
  C:3577H         LINE#         146
  C:3577H         LINE#         147
  C:357DH         LINE#         149
  C:357FH         LINE#         150
  C:357FH         LINE#         151
  C:357FH         LINE#         152
  C:3585H         LINE#         154
  C:3585H         LINE#         155
  C:3585H         LINE#         156
  C:3585H         LINE#         160
  C:3588H         LINE#         161
  C:358BH         LINE#         162
  C:3593H         LINE#         163
  C:3597H         LINE#         164
  C:3597H         LINE#         165
  C:359FH         LINE#         166
  C:359FH         LINE#         167
  C:35A2H         LINE#         168
  C:35AAH         LINE#         169
  C:35ACH         LINE#         170
  C:35C0H         LINE#         171
  C:35C0H         LINE#         172
  C:35C0H         LINE#         173
  C:35C0H         LINE#         174
  C:35C6H         LINE#         176
  C:35C8H         LINE#         177
  C:35C8H         LINE#         178
  C:35C8H         LINE#         179
  C:35CEH         LINE#         181
  C:35D0H         LINE#         182
  C:35D0H         LINE#         183
  C:35D0H         LINE#         184
  C:35D6H         LINE#         186
  C:35D8H         LINE#         187
  C:35D8H         LINE#         188
  C:35D8H         LINE#         189
  C:35DEH         LINE#         191
  C:35DEH         LINE#         192
  C:35DEH         LINE#         193
  C:35DEH         LINE#         195
  C:35E4H         LINE#         196
  C:35E4H         LINE#         198
  C:35E4H         LINE#         199
  C:35E7H         LINE#         200
  C:35E7H         LINE#         201
  C:35E7H         LINE#         203
  C:35E7H         LINE#         204
  C:35E9H         LINE#         205
  C:35E9H         LINE#         206
  -------         ENDPROC       KEY_SCAN
  -------         PROC          KEY_PROCESS
  -------         DO            
  X:07C2H         SYMBOL        KeyCount
  X:07C4H         SYMBOL        KeyNum_Old
  X:07C5H         SYMBOL        KeyNum
BL51 BANKED LINKER/LOCATER V6.22                                                      03/27/2019  11:52:38  PAGE 24


  X:07C6H         SYMBOL        PressedKey
  X:0524H         SYMBOL        d
  D:0004H         SYMBOL        hours
  D:0006H         SYMBOL        mins
  X:0526H         SYMBOL        months
  X:0528H         SYMBOL        days
  -------         ENDDO         
  C:2C60H         LINE#         207
  C:2C60H         LINE#         208
  C:2C60H         LINE#         212
  C:2C68H         LINE#         213
  C:2C70H         LINE#         215
  C:2C73H         LINE#         216
  C:2C73H         LINE#         217
  C:2C76H         LINE#         219
  C:2C76H         LINE#         220
  C:2C83H         LINE#         221
  C:2C83H         LINE#         222
  C:2C86H         LINE#         223
  C:2C89H         LINE#         225
  C:2C8CH         LINE#         227
  C:2C8CH         LINE#         228
  C:2C97H         LINE#         229
  C:2C97H         LINE#         230
  C:2C9AH         LINE#         232
  C:2C9AH         LINE#         233
  C:2CA1H         LINE#         234
  C:2CA1H         LINE#         235
  C:2CA4H         LINE#         237
  C:2CA4H         LINE#         238
  C:2CACH         LINE#         239
  C:2CACH         LINE#         240
  C:2CB6H         LINE#         241
  C:2CBEH         LINE#         243
  C:2CC7H         LINE#         245
  C:2CC7H         LINE#         254
  C:2CDCH         LINE#         255
  C:2CDCH         LINE#         256
  C:2CEEH         LINE#         257
  C:2CFCH         LINE#         258
  C:2D0BH         LINE#         259
  C:2D0BH         LINE#         261
  C:2D11H         LINE#         265
  C:2D27H         LINE#         266
  C:2D38H         LINE#         267
  C:2D53H         LINE#         268
  C:2D53H         LINE#         269
  C:2D63H         LINE#         270
  C:2D74H         LINE#         271
  C:2D74H         LINE#         272
  C:2D7CH         LINE#         273
  C:2D7CH         LINE#         274
  C:2D7EH         LINE#         275
  C:2D80H         LINE#         276
  C:2D84H         LINE#         277
  C:2D84H         LINE#         278
  C:2D86H         LINE#         279
BL51 BANKED LINKER/LOCATER V6.22                                                      03/27/2019  11:52:38  PAGE 25


  C:2D86H         LINE#         283
  C:2D9FH         LINE#         284
  C:2DB6H         LINE#         285
  C:2DD6H         LINE#         286
  C:2DD6H         LINE#         287
  C:2DE0H         LINE#         288
  C:2DE0H         LINE#         289
  C:2DE9H         LINE#         290
  C:2DE9H         LINE#         291
  C:2DFDH         LINE#         292
  C:2DFDH         LINE#         293
  C:2DFDH         LINE#         294
  C:2DFDH         LINE#         295
  C:2DFDH         LINE#         296
  C:2DFFH         LINE#         298
  C:2DFFH         LINE#         299
  C:2E0BH         LINE#         300
  C:2E0BH         LINE#         301
  C:2E1CH         LINE#         302
  C:2E1CH         LINE#         303
  C:2E1CH         LINE#         304
  C:2E1CH         LINE#         305
  C:2E1CH         LINE#         307
  C:2E1EH         LINE#         309
  C:2E1EH         LINE#         310
  C:2E2FH         LINE#         311
  C:2E2FH         LINE#         312
  C:2E2FH         LINE#         313
  C:2E2FH         LINE#         314
  C:2E2FH         LINE#         316
  C:2E2FH         LINE#         318
  C:2E2FH         LINE#         319
  C:2E31H         LINE#         321
  C:2E31H         LINE#         322
  C:2E44H         LINE#         323
  C:2E44H         LINE#         324
  C:2E55H         LINE#         325
  C:2E55H         LINE#         326
  C:2E55H         LINE#         327
  C:2E55H         LINE#         328
  C:2E55H         LINE#         329
  C:2E57H         LINE#         331
  C:2E57H         LINE#         332
  C:2E68H         LINE#         333
  C:2E68H         LINE#         334
  C:2E79H         LINE#         335
  C:2E8AH         LINE#         336
  C:2E8AH         LINE#         337
  C:2E8AH         LINE#         338
  C:2E8AH         LINE#         339
  C:2E8AH         LINE#         340
  C:2E8DH         LINE#         341
  C:2E92H         LINE#         342
  C:2E97H         LINE#         343
  C:2E9CH         LINE#         344
  C:2EA1H         LINE#         345
  C:2EA6H         LINE#         346
BL51 BANKED LINKER/LOCATER V6.22                                                      03/27/2019  11:52:38  PAGE 26


  C:2EABH         LINE#         347
  C:2EB0H         LINE#         348
  C:2EB0H         LINE#         350
  C:2ED2H         LINE#         351
  C:2ED2H         LINE#         352
  C:2EDCH         LINE#         353
  C:2EDCH         LINE#         354
  C:2EE1H         LINE#         355
  C:2EEAH         LINE#         356
  C:2F01H         LINE#         357
  C:2F01H         LINE#         358
  C:2F11H         LINE#         360
  C:2F11H         LINE#         364
  -------         ENDPROC       KEY_PROCESS
  -------         PROC          KEYPAD_IO_INIT
  C:44D4H         LINE#         367
  C:44D4H         LINE#         368
  C:44D4H         LINE#         369
  C:44D7H         LINE#         370
  C:44DAH         LINE#         371
  C:44DDH         LINE#         372
  C:44DFH         LINE#         373
  -------         ENDPROC       KEYPAD_IO_INIT
  -------         ENDMOD        KEYPAD

  -------         MODULE        VCNL4035
  C:0000H         SYMBOL        _ICE_DUMMY_
  D:0080H         PUBLIC        P0
  B:00B0H.2       PUBLIC        I2C_SCK
  D:00B2H         PUBLIC        P3M0
  D:0090H         PUBLIC        P1
  D:00B1H         PUBLIC        P3M1
  D:00A0H         PUBLIC        P2
  D:00B0H         PUBLIC        P3
  D:00C0H         PUBLIC        P4
  D:00C8H         PUBLIC        P5
  D:00E8H         PUBLIC        P6
  D:00F8H         PUBLIC        P7
  D:00A8H         PUBLIC        IE
  C:450FH         PUBLIC        _DisplayLCD_VCNL4035
  D:00B8H         PUBLIC        IP
  D:00D8H         PUBLIC        CCON
  C:4463H         PUBLIC        I2C_Start
  D:0098H         PUBLIC        SCON
  C:440FH         PUBLIC        I2C_Init
  D:0088H         PUBLIC        TCON
  C:44A9H         PUBLIC        uC_NACK
  C:42ADH         PUBLIC        _Wait_ms_i2c
  C:42EFH         PUBLIC        _I2C_SendByte
  C:4426H         PUBLIC        I2C_Stop
  C:40ADH         PUBLIC        _Write_VCNL4035X
  C:451FH         PUBLIC        nop
  C:3CE8H         PUBLIC        _Read_VCNL4035
  C:4509H         PUBLIC        uC_ACK
  C:43AFH         PUBLIC        I2C_ACK
  C:436FH         PUBLIC        _Wait_ms_iic
  B:00B0H.1       PUBLIC        I2C_SDA
BL51 BANKED LINKER/LOCATER V6.22                                                      03/27/2019  11:52:38  PAGE 27


  D:00D0H         PUBLIC        PSW
  C:4222H         PUBLIC        I2C_ReceiveByte
  -------         PROC          _WAIT_MS_IIC
  D:0006H         SYMBOL        ms
  -------         DO            
  D:0004H         SYMBOL        De_Cnt
  -------         ENDDO         
  C:436FH         LINE#         5
  C:436FH         LINE#         6
  C:436FH         LINE#         8
  C:4379H         LINE#         9
  C:4379H         LINE#         10
  C:438CH         LINE#         11
  C:438CH         LINE#         12
  -------         ENDPROC       _WAIT_MS_IIC
  C:42A7H         SYMBOL        L?0048
  C:42A9H         SYMBOL        L?0049
  -------         PROC          L?0047
  -------         ENDPROC       L?0047
  C:42A7H         SYMBOL        L?0048
  C:42A9H         SYMBOL        L?0049
  -------         PROC          _WAIT_MS_I2C
  D:0006H         SYMBOL        ms
  -------         DO            
  D:0004H         SYMBOL        De_Cnt
  -------         ENDDO         
  C:42ADH         LINE#         14
  C:42ADH         LINE#         15
  C:42ADH         LINE#         17
  C:42B7H         LINE#         18
  C:42B7H         LINE#         19
  C:42CAH         LINE#         20
  C:42CAH         LINE#         21
  -------         ENDPROC       _WAIT_MS_I2C
  -------         PROC          NOP
  C:451FH         LINE#         22
  C:451FH         LINE#         23
  C:451FH         LINE#         25
  -------         ENDPROC       NOP
  -------         PROC          I2C_START
  C:4463H         LINE#         26
  C:4463H         LINE#         27
  C:4463H         LINE#         29
  C:4465H         LINE#         30
  C:4467H         LINE#         31
  C:446EH         LINE#         32
  C:4470H         LINE#         33
  C:4473H         LINE#         34
  C:4475H         LINE#         37
  -------         ENDPROC       I2C_START
  -------         PROC          I2C_STOP
  C:4426H         LINE#         39
  C:4426H         LINE#         40
  C:4426H         LINE#         41
  C:4428H         LINE#         42
  C:442AH         LINE#         43
  C:442DH         LINE#         44
BL51 BANKED LINKER/LOCATER V6.22                                                      03/27/2019  11:52:38  PAGE 28


  C:442FH         LINE#         45
  C:4431H         LINE#         46
  C:4438H         LINE#         47
  C:443AH         LINE#         50
  -------         ENDPROC       I2C_STOP
  -------         PROC          L?0050
  -------         ENDPROC       L?0050
  -------         PROC          I2C_ACK
  -------         DO            
  X:0527H         SYMBOL        i
  D:0003H         SYMBOL        dat
  -------         ENDDO         
  C:43AFH         LINE#         52
  C:43AFH         LINE#         53
  C:43AFH         LINE#         55
  C:43B0H         LINE#         60
  C:43B3H         LINE#         61
  C:43B5H         LINE#         62
  C:43B8H         LINE#         64
  C:43BBH         LINE#         65
  C:43BBH         LINE#         66
  C:43BFH         LINE#         67
  C:43BFH         LINE#         70
  C:43BFH         LINE#         71
  C:43C2H         LINE#         72
  C:43C2H         LINE#         73
  C:43C4H         LINE#         74
  -------         ENDPROC       I2C_ACK
  -------         PROC          UC_ACK
  -------         DO            
  X:07DBH         SYMBOL        i
  -------         ENDDO         
  C:4509H         LINE#         75
  C:4509H         LINE#         76
  C:4509H         LINE#         78
  C:4509H         LINE#         85
  C:4509H         LINE#         87
  C:4509H         LINE#         89
  C:4509H         LINE#         90
  C:4509H         LINE#         93
  C:450CH         LINE#         94
  C:450EH         LINE#         95
  C:450EH         LINE#         99
  -------         ENDPROC       UC_ACK
  -------         PROC          UC_NACK
  -------         DO            
  X:07DCH         SYMBOL        i
  -------         ENDDO         
  C:44A9H         LINE#         101
  C:44A9H         LINE#         102
  C:44A9H         LINE#         104
  C:44A9H         LINE#         108
  C:44ABH         LINE#         111
  C:44ABH         LINE#         112
  C:44ADH         LINE#         113
  C:44ADH         LINE#         115
  C:44ADH         LINE#         116
BL51 BANKED LINKER/LOCATER V6.22                                                      03/27/2019  11:52:38  PAGE 29


  C:44ADH         LINE#         119
  C:44B0H         LINE#         120
  C:44B2H         LINE#         121
  C:44B5H         LINE#         122
  C:44B7H         LINE#         123
  C:44B7H         LINE#         127
  -------         ENDPROC       UC_NACK
  -------         PROC          I2C_INIT
  C:440FH         LINE#         129
  C:440FH         LINE#         130
  C:440FH         LINE#         133
  C:4412H         LINE#         134
  C:4415H         LINE#         139
  C:441DH         LINE#         141
  -------         ENDPROC       I2C_INIT
  -------         PROC          _I2C_SENDBYTE
  D:0001H         SYMBOL        dat
  -------         DO            
  D:0003H         SYMBOL        i
  -------         ENDDO         
  C:42EFH         LINE#         145
  C:42F1H         LINE#         146
  C:42F1H         LINE#         149
  C:42F3H         LINE#         150
  C:42F3H         LINE#         151
  C:42F5H         LINE#         153
  C:42F9H         LINE#         154
  C:42F9H         LINE#         155
  C:42FBH         LINE#         156
  C:42FDH         LINE#         158
  C:42FDH         LINE#         159
  C:42FFH         LINE#         160
  C:42FFH         LINE#         161
  C:4302H         LINE#         162
  C:4304H         LINE#         164
  C:4308H         LINE#         165
  C:430BH         LINE#         166
  C:4310H         LINE#         167
  -------         ENDPROC       _I2C_SENDBYTE
  -------         PROC          L?0051
  -------         ENDPROC       L?0051
  -------         PROC          I2C_RECEIVEBYTE
  -------         DO            
  D:0003H         SYMBOL        i
  D:0001H         SYMBOL        dat
  -------         ENDDO         
  C:4222H         LINE#         171
  C:4222H         LINE#         172
  C:4222H         LINE#         174
  C:4224H         LINE#         178
  C:4225H         LINE#         179
  C:4225H         LINE#         180
  C:4229H         LINE#         181
  C:422BH         LINE#         182
  C:422EH         LINE#         184
  C:4231H         LINE#         185
  C:4231H         LINE#         186
BL51 BANKED LINKER/LOCATER V6.22                                                      03/27/2019  11:52:38  PAGE 30


  C:4235H         LINE#         187
  C:4235H         LINE#         188
  C:4235H         LINE#         189
  C:4238H         LINE#         190
  C:423CH         LINE#         191
  C:423CH         LINE#         192
  C:423EH         LINE#         193
  C:4240H         LINE#         194
  C:4240H         LINE#         196
  C:4245H         LINE#         197
  C:4247H         LINE#         198
  -------         ENDPROC       I2C_RECEIVEBYTE
  -------         PROC          _WRITE_VCNL4035X
  X:0524H         SYMBOL        command_code
  X:0525H         SYMBOL        dat_h
  X:0526H         SYMBOL        dat_l
  C:40ADH         LINE#         199
  C:40B8H         LINE#         200
  C:40B8H         LINE#         201
  C:40BBH         LINE#         202
  C:40C2H         LINE#         203
  C:40C2H         LINE#         204
  C:40C8H         LINE#         205
  C:40C8H         LINE#         206
  C:40D0H         LINE#         207
  C:40D0H         LINE#         208
  C:40D6H         LINE#         209
  C:40DEH         LINE#         211
  C:40E4H         LINE#         212
  C:40ECH         LINE#         214
  C:40F2H         LINE#         215
  C:40F5H         LINE#         216
  -------         ENDPROC       _WRITE_VCNL4035X
  -------         PROC          _READ_VCNL4035
  X:07CBH         SYMBOL        command_code
  -------         DO            
  X:07CDH         SYMBOL        temp_dat
  X:07CFH         SYMBOL        temp_dat_l
  X:07D1H         SYMBOL        temp_dat_h
  -------         ENDDO         
  C:3CE8H         LINE#         218
  C:3CF0H         LINE#         219
  C:3CF0H         LINE#         220
  C:3CFDH         LINE#         222
  C:3D00H         LINE#         223
  C:3D03H         LINE#         224
  C:3D08H         LINE#         226
  C:3D0EH         LINE#         227
  C:3D0EH         LINE#         228
  C:3D0EH         LINE#         229
  C:3D0EH         LINE#         230
  C:3D19H         LINE#         231
  C:3D1CH         LINE#         232
  C:3D1FH         LINE#         233
  C:3D1FH         LINE#         236
  C:3D22H         LINE#         238
  C:3D29H         LINE#         239
BL51 BANKED LINKER/LOCATER V6.22                                                      03/27/2019  11:52:38  PAGE 31


  C:3D29H         LINE#         240
  C:3D29H         LINE#         241
  C:3D34H         LINE#         242
  C:3D37H         LINE#         243
  C:3D3AH         LINE#         244
  C:3D3DH         LINE#         245
  C:3D40H         LINE#         246
  C:3D43H         LINE#         247
  C:3D46H         LINE#         248
  C:3D49H         LINE#         249
  C:3D4CH         LINE#         250
  C:3D4CH         LINE#         251
  C:3D52H         LINE#         252
  C:3D52H         LINE#         253
  C:3D5BH         LINE#         255
  C:3D5BH         LINE#         256
  C:3D61H         LINE#         257
  C:3D61H         LINE#         259
  C:3D63H         LINE#         260
  C:3D69H         LINE#         261
  C:3D6CH         LINE#         262
  C:3D73H         LINE#         263
  C:3D73H         LINE#         264
  C:3D81H         LINE#         265
  -------         ENDPROC       _READ_VCNL4035
  -------         PROC          _DISPLAYLCD_VCNL4035
  X:07DDH         SYMBOL        dat
  C:450FH         LINE#         267
  C:4514H         LINE#         268
  C:4514H         LINE#         270
  -------         ENDPROC       _DISPLAYLCD_VCNL4035
  -------         ENDMOD        VCNL4035

  -------         MODULE        BIPOLARMOTOR
  C:0000H         SYMBOL        _ICE_DUMMY_
  D:0080H         PUBLIC        P0
  D:0090H         PUBLIC        P1
  D:00A0H         PUBLIC        P2
  D:00B0H         PUBLIC        P3
  D:00C0H         PUBLIC        P4
  D:00C8H         PUBLIC        P5
  D:00E8H         PUBLIC        P6
  D:00F8H         PUBLIC        P7
  D:00A8H         PUBLIC        IE
  C:3817H         PUBLIC        linear_interpolate
  C:3D82H         PUBLIC        _Move_2ndMotor
  X:0000H         PUBLIC        RX_angle
  C:39D9H         PUBLIC        _Move
  D:00B8H         PUBLIC        IP
  C:311EH         PUBLIC        _findDet3x3
  C:29A0H         PUBLIC        _findDet4x4
  D:00D8H         PUBLIC        CCON
  X:0258H         PUBLIC        previous_move_time
  C:4274H         PUBLIC        _Step_move_2ndMotor
  X:0259H         PUBLIC        lcd
  D:0098H         PUBLIC        SCON
  D:0088H         PUBLIC        TCON
BL51 BANKED LINKER/LOCATER V6.22                                                      03/27/2019  11:52:38  PAGE 32


  C:4248H         PUBLIC        _Step_move
  C:0026H         PUBLIC        _Update_position
  X:025BH         PUBLIC        date_azimuth_mapping_symmetry_side
  X:026FH         PUBLIC        elevation_stamp
  X:02ABH         PUBLIC        date_azimuth_mapping
  X:02BFH         PUBLIC        RX_pos
  C:43CFH         PUBLIC        _BCDtoDec1
  C:2F1DH         PUBLIC        _Display_Pos
  X:0517H         PUBLIC        degree
  D:00D0H         PUBLIC        PSW
  C:43C5H         SYMBOL        L?0124
  C:43C8H         SYMBOL        L?0125
  -------         PROC          L?0123
  -------         ENDPROC       L?0123
  C:43C5H         SYMBOL        L?0124
  C:43C8H         SYMBOL        L?0125
  -------         PROC          _BCDTODEC1
  D:0007H         SYMBOL        bcd
  -------         DO            
  D:0006H         SYMBOL        hi
  D:0007H         SYMBOL        lo
  -------         ENDDO         
  C:43CFH         LINE#         31
  C:43CFH         LINE#         32
  C:43CFH         LINE#         34
  C:43D4H         LINE#         35
  C:43D8H         LINE#         36
  C:43DFH         LINE#         37
  -------         ENDPROC       _BCDTODEC1
  -------         PROC          _STEP_MOVE
  X:05F6H         SYMBOL        step
  B:0021H.2       SYMBOL        dir
  -------         DO            
  X:05F8H         SYMBOL        i
  -------         ENDDO         
  C:4248H         LINE#         43
  C:4250H         LINE#         44
  C:4250H         LINE#         45
  C:4255H         LINE#         46
  C:4258H         LINE#         47
  C:425DH         LINE#         49
  C:4260H         LINE#         52
  C:4260H         LINE#         53
  C:4263H         LINE#         54
  C:426AH         LINE#         55
  C:426DH         LINE#         56
  -------         ENDPROC       _STEP_MOVE
  -------         PROC          _STEP_MOVE_2NDMOTOR
  X:05F2H         SYMBOL        step
  B:0021H.2       SYMBOL        dir
  -------         DO            
  X:05F4H         SYMBOL        i
  -------         ENDDO         
  C:4274H         LINE#         62
  C:427CH         LINE#         63
  C:427CH         LINE#         64
  C:4281H         LINE#         65
BL51 BANKED LINKER/LOCATER V6.22                                                      03/27/2019  11:52:38  PAGE 33


  C:4284H         LINE#         66
  C:4289H         LINE#         68
  C:428CH         LINE#         71
  C:428CH         LINE#         72
  C:428FH         LINE#         73
  C:4296H         LINE#         74
  C:4299H         LINE#         75
  -------         ENDPROC       _STEP_MOVE_2NDMOTOR
  -------         PROC          _MOVE_2NDMOTOR
  D:0004H         SYMBOL        angle_distance
  B:0021H.1       SYMBOL        direction
  X:05EAH         SYMBOL        current_angle
  -------         DO            
  X:05EEH         SYMBOL        step
  X:05F0H         SYMBOL        i
  -------         ENDDO         
  C:3D82H         LINE#         79
  C:3D82H         LINE#         80
  C:3D82H         LINE#         86
  C:3D98H         LINE#         88
  C:3DB2H         LINE#         89
  C:3DB2H         LINE#         90
  C:3DB9H         LINE#         91
  C:3DD0H         LINE#         92
  C:3DD4H         LINE#         94
  C:3DDFH         LINE#         95
  C:3DF2H         LINE#         96
  C:3DF2H         LINE#         97
  C:3DF7H         LINE#         98
  C:3DFCH         LINE#         99
  C:3DFEH         LINE#         100
  C:3E04H         LINE#         101
  C:3E04H         LINE#         102
  C:3E15H         LINE#         103
  -------         ENDPROC       _MOVE_2NDMOTOR
  -------         PROC          _MOVE
  X:05E6H         SYMBOL        distance
  B:0021H.1       SYMBOL        direction
  X:05EAH         SYMBOL        current_position
  -------         DO            
  X:05EEH         SYMBOL        step
  X:05F2H         SYMBOL        i
  -------         ENDDO         
  C:39D9H         LINE#         105
  C:39DFH         LINE#         106
  C:39DFH         LINE#         110
  C:3A01H         LINE#         112
  C:3A2EH         LINE#         113
  C:3A2EH         LINE#         114
  C:3A3FH         LINE#         115
  C:3A56H         LINE#         116
  C:3A5AH         LINE#         118
  C:3A65H         LINE#         119
  C:3A8FH         LINE#         120
  C:3A8FH         LINE#         121
  C:3A94H         LINE#         122
  C:3A99H         LINE#         123
BL51 BANKED LINKER/LOCATER V6.22                                                      03/27/2019  11:52:38  PAGE 34


  C:3A9BH         LINE#         124
  C:3AA1H         LINE#         125
  C:3AA1H         LINE#         126
  C:3AC3H         LINE#         127
  -------         ENDPROC       _MOVE
  C:30FFH         SYMBOL        L?0121
  C:3113H         SYMBOL        L?0122
  -------         PROC          L?0120
  -------         ENDPROC       L?0120
  C:30FFH         SYMBOL        L?0121
  C:3113H         SYMBOL        L?0122
  -------         PROC          _FINDDET3X3
  X:0780H         SYMBOL        a11
  X:0784H         SYMBOL        a12
  X:0788H         SYMBOL        a13
  X:078CH         SYMBOL        a21
  X:0790H         SYMBOL        a22
  X:0794H         SYMBOL        a23
  X:0798H         SYMBOL        a31
  X:079CH         SYMBOL        a32
  X:07A0H         SYMBOL        a33
  C:311EH         LINE#         130
  C:3124H         LINE#         134
  C:3124H         LINE#         135
  C:32BBH         LINE#         137
  -------         ENDPROC       _FINDDET3X3
  -------         PROC          _FINDDET4X4
  X:0740H         SYMBOL        a11
  X:0744H         SYMBOL        a12
  X:0748H         SYMBOL        a13
  X:074CH         SYMBOL        a14
  X:0750H         SYMBOL        a21
  X:0754H         SYMBOL        a22
  X:0758H         SYMBOL        a23
  X:075CH         SYMBOL        a24
  X:0760H         SYMBOL        a31
  X:0764H         SYMBOL        a32
  X:0768H         SYMBOL        a33
  X:076CH         SYMBOL        a34
  X:0770H         SYMBOL        a41
  X:0774H         SYMBOL        a42
  X:0778H         SYMBOL        a43
  X:077CH         SYMBOL        a44
  C:29A0H         LINE#         138
  C:29A6H         LINE#         142
  C:29A6H         LINE#         149
  C:2C5FH         LINE#         153
  -------         ENDPROC       _FINDDET4X4
  C:37B3H         SYMBOL        L?0118
  C:3806H         SYMBOL        L?0119
  -------         PROC          L?0117
  -------         ENDPROC       L?0117
  C:37B3H         SYMBOL        L?0118
  C:3806H         SYMBOL        L?0119
  -------         PROC          LINEAR_INTERPOLATE
  X:05E6H         SYMBOL        p1
  X:05EEH         SYMBOL        p2
BL51 BANKED LINKER/LOCATER V6.22                                                      03/27/2019  11:52:38  PAGE 35


  X:05F6H         SYMBOL        x
  -------         DO            
  D:0004H         SYMBOL        fx
  -------         ENDDO         
  C:3817H         LINE#         159
  C:3817H         LINE#         160
  C:3817H         LINE#         163
  C:38B6H         LINE#         165
  C:38B6H         LINE#         166
  -------         ENDPROC       LINEAR_INTERPOLATE
  -------         PROC          _UPDATE_POSITION
  X:0524H         SYMBOL        mnths
  X:0525H         SYMBOL        dys
  X:0526H         SYMBOL        hurs
  X:0527H         SYMBOL        mns
  X:0528H         SYMBOL        sconds
  X:0529H         SYMBOL        currnt_pos
  X:052CH         SYMBOL        offset_calib
[...]
  C:071DH         LINE#         243
  C:071DH         LINE#         244
  C:0743H         LINE#         245
  C:0769H         LINE#         247
  C:0779H         LINE#         248
  C:0779H         LINE#         250
  C:07A8H         LINE#         251
  C:07C8H         LINE#         253
  C:07C8H         LINE#         255
  C:07D9H         LINE#         258
  C:07F3H         LINE#         259
  C:07F3H         LINE#         260
  C:0863H         LINE#         261
  C:0863H         LINE#         262
  C:0890H         LINE#         263
  C:08ABH         LINE#         265
  C:08D8H         LINE#         266
  C:08F3H         LINE#         268
  C:0925H         LINE#         271
  C:0925H         LINE#         273
  C:0936H         LINE#         275
  C:094AH         LINE#         280
  C:096CH         LINE#         281
  C:09BFH         LINE#         282
  C:09BFH         LINE#         283
  C:09D9H         LINE#         284
  C:09FFH         LINE#         285
  C:0A17H         LINE#         286
BL51 BANKED LINKER/LOCATER V6.22                                                      03/27/2019  11:52:38  PAGE 37


  C:0A51H         LINE#         287
  C:0A59H         LINE#         288
  C:0A75H         LINE#         289
  C:0A75H         LINE#         296
  C:0A8FH         LINE#         297
  C:0A8FH         LINE#         298
  C:0AF7H         LINE#         299
  C:0AF7H         LINE#         300
  C:0AFEH         LINE#         301
  C:0AFEH         LINE#         302
  C:0B24H         LINE#         303
  C:0B4AH         LINE#         305
  C:0B91H         LINE#         306
  C:0B9BH         LINE#         308
  C:0BCAH         LINE#         309
  C:0BEDH         LINE#         311
  C:0BEDH         LINE#         312
  C:0C5BH         LINE#         313
  C:0C5BH         LINE#         314
  C:0C62H         LINE#         315
  C:0C62H         LINE#         316
  C:0C88H         LINE#         317
  C:0CAEH         LINE#         319
  C:0CF5H         LINE#         320
  C:0CFFH         LINE#         322
  C:0D2EH         LINE#         323
  C:0D4EH         LINE#         325
  C:0D4EH         LINE#         327
  C:0D5FH         LINE#         330
  C:0D79H         LINE#         331
  C:0D79H         LINE#         332
  C:0DE9H         LINE#         333
  C:0DE9H         LINE#         334
  C:0E16H         LINE#         335
  C:0E31H         LINE#         337
  C:0E5EH         LINE#         338
  C:0E79H         LINE#         340
  C:0EABH         LINE#         343
  C:0EABH         LINE#         345
  C:0EBCH         LINE#         347
  C:0EDEH         LINE#         348
  C:0F39H         LINE#         349
  C:0F39H         LINE#         350
  C:0F53H         LINE#         351
  C:0F79H         LINE#         352
  C:0F91H         LINE#         353
  C:0FCBH         LINE#         354
  C:0FD3H         LINE#         355
  C:0FEFH         LINE#         356
  C:0FEFH         LINE#         358
  C:0FEFH         LINE#         361
  -------         ENDPROC       _UPDATE_POSITION
  -------         PROC          L?0126
  -------         ENDPROC       L?0126
  -------         PROC          _DISPLAY_POS
  X:05F6H         SYMBOL        sign_dat
  -------         DO            
BL51 BANKED LINKER/LOCATER V6.22                                                      03/27/2019  11:52:38  PAGE 38


  X:05FAH         SYMBOL        unit
  X:05FBH         SYMBOL        ten
  X:05FCH         SYMBOL        hundred
  X:05FDH         SYMBOL        thousand
  X:05FEH         SYMBOL        after_dot
  X:05FFH         SYMBOL        dat
  -------         ENDDO         
  C:2F1DH         LINE#         363
  C:2F23H         LINE#         364
  C:2F23H         LINE#         368
  C:2F3FH         LINE#         369
  C:2F59H         LINE#         370
  C:2F7DH         LINE#         372
  C:2FC7H         LINE#         374
  C:2FDEH         LINE#         375
  C:2FF0H         LINE#         376
  C:3015H         LINE#         377
  C:302FH         LINE#         378
  C:3047H         LINE#         379
  C:3047H         LINE#         380
  C:3051H         LINE#         381
  C:305BH         LINE#         382
  C:3065H         LINE#         383
  C:306FH         LINE#         384
  C:3074H         LINE#         385
  C:307EH         LINE#         386
  C:3081H         LINE#         387
  C:3081H         LINE#         388
  C:3086H         LINE#         389
  C:3088H         LINE#         390
  C:3088H         LINE#         393
  C:308AH         LINE#         395
  C:308AH         LINE#         396
  C:308FH         LINE#         397
  C:3091H         LINE#         398
  C:3091H         LINE#         399
  C:3091H         LINE#         400
  C:3093H         LINE#         402
  C:3093H         LINE#         404
  C:3098H         LINE#         405
  C:30A2H         LINE#         406
  C:30ACH         LINE#         407
  C:30B6H         LINE#         408
  C:30C0H         LINE#         409
  C:30C5H         LINE#         410
  C:30CFH         LINE#         411
  C:30D2H         LINE#         412
  C:30D2H         LINE#         413
  C:30D7H         LINE#         414
  C:30D9H         LINE#         415
  C:30D9H         LINE#         418
  C:30DBH         LINE#         420
  C:30DBH         LINE#         421
  C:30E0H         LINE#         422
  C:30E5H         LINE#         423
  C:30EAH         LINE#         424
  C:30EAH         LINE#         428
BL51 BANKED LINKER/LOCATER V6.22                                                      03/27/2019  11:52:38  PAGE 39


  C:30EAH         LINE#         430
  -------         ENDPROC       _DISPLAY_POS
  -------         ENDMOD        BIPOLARMOTOR

  -------         MODULE        SUNPOS
  C:0000H         SYMBOL        _ICE_DUMMY_
  C:18C3H         PUBLIC        sunpos
  -------         PROC          SUNPOS
  X:05E6H         SYMBOL        udtTime
  X:05F8H         SYMBOL        udtLocation
  X:0600H         SYMBOL        udtSunCoordinates
  -------         DO            
  X:0603H         SYMBOL        dElapsedJulianDays
  X:0607H         SYMBOL        dDecimalHours
  X:060BH         SYMBOL        dEclipticLongitude
  X:060FH         SYMBOL        dEclipticObliquity
  X:0613H         SYMBOL        dRightAscension
  X:0617H         SYMBOL        dDeclination
  X:061BH         SYMBOL        dY
  X:061FH         SYMBOL        dX
  -------         DO            
  X:0623H         SYMBOL        dJulianDate
  X:0627H         SYMBOL        liAux1
  X:062BH         SYMBOL        liAux2
  X:0623H         SYMBOL        dMeanLongitude
  X:0627H         SYMBOL        dMeanAnomaly
  X:062BH         SYMBOL        dOmega
  X:0623H         SYMBOL        dSin_EclipticLongitude
  X:0623H         SYMBOL        dGreenwichMeanSiderealTime
  X:0627H         SYMBOL        dLocalMeanSiderealTime
  X:062BH         SYMBOL        dLatitudeInRadians
  X:062FH         SYMBOL        dHourAngle
  X:0633H         SYMBOL        dCos_Latitude
  X:0637H         SYMBOL        dSin_Latitude
  X:063BH         SYMBOL        dCos_HourAngle
  X:063FH         SYMBOL        dParallax
  -------         ENDDO         
  -------         DO            
  X:0623H         SYMBOL        dMeanLongitude
  X:0627H         SYMBOL        dMeanAnomaly
  X:062BH         SYMBOL        dOmega
  X:0623H         SYMBOL        dSin_EclipticLongitude
  X:0623H         SYMBOL        dGreenwichMeanSiderealTime
  X:0627H         SYMBOL        dLocalMeanSiderealTime
  X:062BH         SYMBOL        dLatitudeInRadians
  X:062FH         SYMBOL        dHourAngle
  X:0633H         SYMBOL        dCos_Latitude
  X:0637H         SYMBOL        dSin_Latitude
  X:063BH         SYMBOL        dCos_HourAngle
  X:063FH         SYMBOL        dParallax
  -------         ENDDO         
  -------         DO            
  X:0623H         SYMBOL        dSin_EclipticLongitude
  X:0623H         SYMBOL        dGreenwichMeanSiderealTime
  X:0627H         SYMBOL        dLocalMeanSiderealTime
  X:062BH         SYMBOL        dLatitudeInRadians
  X:062FH         SYMBOL        dHourAngle
BL51 BANKED LINKER/LOCATER V6.22                                                      03/27/2019  11:52:38  PAGE 40


  X:0633H         SYMBOL        dCos_Latitude
  X:0637H         SYMBOL        dSin_Latitude
  X:063BH         SYMBOL        dCos_HourAngle
  X:063FH         SYMBOL        dParallax
  -------         ENDDO         
  -------         DO            
  X:0623H         SYMBOL        dGreenwichMeanSiderealTime
  X:0627H         SYMBOL        dLocalMeanSiderealTime
  X:062BH         SYMBOL        dLatitudeInRadians
  X:062FH         SYMBOL        dHourAngle
  X:0633H         SYMBOL        dCos_Latitude
  X:0637H         SYMBOL        dSin_Latitude
  X:063BH         SYMBOL        dCos_HourAngle
  X:063FH         SYMBOL        dParallax
  -------         ENDDO         
  -------         ENDDO         
  C:18C3H         LINE#         6
  C:18C3H         LINE#         7
  C:18C3H         LINE#         9
  C:18C3H         LINE#         27
  C:190DH         LINE#         30
  C:192EH         LINE#         31
  C:1A75H         LINE#         34
  C:1AC1H         LINE#         36
  C:1AE0H         LINE#         37
  C:1AE0H         LINE#         42
  C:1AE0H         LINE#         46
  C:1B12H         LINE#         47
  C:1B3CH         LINE#         48
  C:1B66H         LINE#         49
  C:1C13H         LINE#         52
  C:1C74H         LINE#         54
  C:1C74H         LINE#         59
  C:1C74H         LINE#         61
  C:1C8BH         LINE#         62
  C:1CB3H         LINE#         63
  C:1CCAH         LINE#         64
  C:1CF5H         LINE#         65
  C:1D2CH         LINE#         66
  C:1D57H         LINE#         67
  C:1D57H         LINE#         70
  C:1D57H         LINE#         79
  C:1D92H         LINE#         82
  C:1DCCH         LINE#         84
  C:1DF1H         LINE#         85
  C:1E10H         LINE#         86
  C:1E27H         LINE#         87
  C:1E3EH         LINE#         88
  C:1E55H         LINE#         89
  C:1EDEH         LINE#         91
  C:1EF8H         LINE#         92
  C:1F5AH         LINE#         93
  C:1F90H         LINE#         94
  C:1FA2H         LINE#         95
  C:1FCFH         LINE#         96
  C:1FFCH         LINE#         98
  C:201EH         LINE#         100
BL51 BANKED LINKER/LOCATER V6.22                                                      03/27/2019  11:52:38  PAGE 41


  C:2056H         LINE#         103
  C:2056H         LINE#         104
  C:2064H         LINE#         105
  -------         ENDPROC       SUNPOS
  -------         ENDMOD        SUNPOS

  -------         MODULE        ?C_STARTUP
  C:3E16H         SEGMENT       ?C_C51STARTUP
  I:0022H         SEGMENT       ?STACK
  C:0000H         PUBLIC        ?C_STARTUP
  D:00E0H         SYMBOL        ACC
  D:00F0H         SYMBOL        B
  D:0083H         SYMBOL        DPH
  D:0082H         SYMBOL        DPL
  N:0000H         SYMBOL        IBPSTACK
  N:0100H         SYMBOL        IBPSTACKTOP
  N:0080H         SYMBOL        IDATALEN
  C:3E19H         SYMBOL        IDATALOOP
  N:0000H         SYMBOL        PBPSTACK
  N:0100H         SYMBOL        PBPSTACKTOP
  N:0000H         SYMBOL        PDATALEN
  N:0000H         SYMBOL        PDATASTART
  N:0000H         SYMBOL        PPAGE
  N:0000H         SYMBOL        PPAGEENABLE
  D:00A0H         SYMBOL        PPAGE_SFR
  D:0081H         SYMBOL        SP
  C:3E16H         SYMBOL        STARTUP1
  N:0000H         SYMBOL        XBPSTACK
  N:0000H         SYMBOL        XBPSTACKTOP
  N:0000H         SYMBOL        XDATALEN
  N:0000H         SYMBOL        XDATASTART
  C:0000H         LINE#         126
  C:3E16H         LINE#         133
  C:3E18H         LINE#         134
  C:3E19H         LINE#         135
  C:3E1AH         LINE#         136
  C:3E1CH         LINE#         185
  C:3E1FH         LINE#         196
  -------         ENDMOD        ?C_STARTUP

  -------         MODULE        ?C?FPADD
  C:0FF7H         PUBLIC        ?C?FPADD
  C:0FF3H         PUBLIC        ?C?FPSUB
  -------         ENDMOD        ?C?FPADD

  -------         MODULE        ?C?FPMUL
  C:10E8H         PUBLIC        ?C?FPMUL
  -------         ENDMOD        ?C?FPMUL

  -------         MODULE        ?C?FPDIV
  C:11F1H         PUBLIC        ?C?FPDIV
  -------         ENDMOD        ?C?FPDIV

  -------         MODULE        ?C?FPCMP
  C:1290H         PUBLIC        ?C?FPCMP
  C:128EH         PUBLIC        ?C?FPCMP3
  -------         ENDMOD        ?C?FPCMP
BL51 BANKED LINKER/LOCATER V6.22                                                      03/27/2019  11:52:38  PAGE 42



  -------         MODULE        ?C?FPNEG
  C:1307H         PUBLIC        ?C?FPNEG
  -------         ENDMOD        ?C?FPNEG

  -------         MODULE        ?C?FCAST
  C:1322H         PUBLIC        ?C?FCASTC
  C:131DH         PUBLIC        ?C?FCASTI
  C:1318H         PUBLIC        ?C?FCASTL
  -------         ENDMOD        ?C?FCAST

  -------         MODULE        ?C?CASTF
  C:1356H         PUBLIC        ?C?CASTF
  -------         ENDMOD        ?C?CASTF

  -------         MODULE        ATAN2
  X:0643H         PUBLIC        ?_atan2?BYTE
  C:3C4BH         PUBLIC        _atan2
  -------         ENDMOD        ATAN2

  -------         MODULE        SIN
  C:3632H         PUBLIC        _COS
  C:3648H         PUBLIC        _SIN
  C:3684H         PUBLIC        _TAN
  -------         ENDMOD        SIN

  -------         MODULE        ACOS
  C:4063H         PUBLIC        _ACOS
  -------         ENDMOD        ACOS

  -------         MODULE        ASIN
  C:417AH         PUBLIC        _ASIN
  -------         ENDMOD        ASIN

  -------         MODULE        SQRT
  C:3BA3H         PUBLIC        _SQRT
  -------         ENDMOD        SQRT

  -------         MODULE        ATAN
  C:38D7H         PUBLIC        _ATAN
  -------         ENDMOD        ATAN

  -------         MODULE        ?C?COPY
  C:14F4H         PUBLIC        ?C?COPY
  -------         ENDMOD        ?C?COPY

  -------         MODULE        ?C?CLDPTR
  C:151AH         PUBLIC        ?C?CLDPTR
  -------         ENDMOD        ?C?CLDPTR

  -------         MODULE        ?C?CSTPTR
  C:1533H         PUBLIC        ?C?CSTPTR
  -------         ENDMOD        ?C?CSTPTR

  -------         MODULE        ?C?IMUL
  C:1545H         PUBLIC        ?C?IMUL
  -------         ENDMOD        ?C?IMUL
BL51 BANKED LINKER/LOCATER V6.22                                                      03/27/2019  11:52:38  PAGE 43



  -------         MODULE        ?C?UIDIV
  C:1557H         PUBLIC        ?C?UIDIV
  -------         ENDMOD        ?C?UIDIV

  -------         MODULE        ?C?SIDIV
  C:15ACH         PUBLIC        ?C?SIDIV
  -------         ENDMOD        ?C?SIDIV

  -------         MODULE        ?C?ILDIX
  C:15E2H         PUBLIC        ?C?ILDIX
  -------         ENDMOD        ?C?ILDIX

  -------         MODULE        ?C?LMUL
  C:15F8H         PUBLIC        ?C?LMUL
  -------         ENDMOD        ?C?LMUL

  -------         MODULE        ?C?ULDIV
  C:1683H         PUBLIC        ?C?ULDIV
  -------         ENDMOD        ?C?ULDIV

  -------         MODULE        ?C?SLDIV
  C:40F6H         PUBLIC        ?C?SLDIV
  -------         ENDMOD        ?C?SLDIV

  -------         MODULE        ?C?LNEG
  C:1715H         PUBLIC        ?C?LNEG
  -------         ENDMOD        ?C?LNEG

  -------         MODULE        ?C?ULCMP
  C:1723H         PUBLIC        ?C?ULCMP
  -------         ENDMOD        ?C?ULCMP

  -------         MODULE        ?C?LLDPTR
  C:1734H         PUBLIC        ?C?LLDPTR
  -------         ENDMOD        ?C?LLDPTR

  -------         MODULE        ?C?LLDOPTR
  C:1754H         PUBLIC        ?C?LLDOPTR
  -------         ENDMOD        ?C?LLDOPTR

  -------         MODULE        ?C?LSTPTR
  C:1784H         PUBLIC        ?C?LSTPTR
  -------         ENDMOD        ?C?LSTPTR

  -------         MODULE        ?C?LSTOPTR
  C:179EH         PUBLIC        ?C?LSTOPTR
  -------         ENDMOD        ?C?LSTOPTR

  -------         MODULE        ?C?LLDXDATA
  C:17C2H         PUBLIC        ?C?LLDXDATA
  -------         ENDMOD        ?C?LLDXDATA

  -------         MODULE        ?C?LLDCODE
  C:17CEH         PUBLIC        ?C?LLDCODE
  -------         ENDMOD        ?C?LLDCODE

BL51 BANKED LINKER/LOCATER V6.22                                                      03/27/2019  11:52:38  PAGE 44


  -------         MODULE        ?C?LLDXDATA0
  C:17DEH         PUBLIC        ?C?LLDXDATA0
  -------         ENDMOD        ?C?LLDXDATA0

  -------         MODULE        ?C?LLDCODE0
  C:17EAH         PUBLIC        ?C?LLDCODE0
  -------         ENDMOD        ?C?LLDCODE0

  -------         MODULE        ?C?LLDPTR0
  C:17FAH         PUBLIC        ?C?LLDPTR0
  -------         ENDMOD        ?C?LLDPTR0

  -------         MODULE        ?C?LSTXDATA
  C:181AH         PUBLIC        ?C?LSTXDATA
  -------         ENDMOD        ?C?LSTXDATA

  -------         MODULE        ?C?LSTKXDATA
  C:1826H         PUBLIC        ?C?LSTKXDATA
  -------         ENDMOD        ?C?LSTKXDATA

  -------         MODULE        ?C?OFFXADD
  C:1857H         PUBLIC        ?C?OFFXADD
  -------         ENDMOD        ?C?OFFXADD

  -------         MODULE        ABS
  C:44E0H         PUBLIC        _ABS
  -------         ENDMOD        ABS

  -------         MODULE        ATOI
  C:3AC4H         PUBLIC        _atoi
  -------         ENDMOD        ATOI

  -------         MODULE        ?C?IILDX
  C:1863H         PUBLIC        ?C?IILDX
  -------         ENDMOD        ?C?IILDX

  -------         MODULE        ?C?LLDIDATA
  C:1879H         PUBLIC        ?C?LLDIDATA
  -------         ENDMOD        ?C?LLDIDATA

  -------         MODULE        ?C?LLDPDATA
  C:1885H         PUBLIC        ?C?LLDPDATA
  -------         ENDMOD        ?C?LLDPDATA

  -------         MODULE        ?C?LLDIDATA0
  C:1891H         PUBLIC        ?C?LLDIDATA0
  -------         ENDMOD        ?C?LLDIDATA0

  -------         MODULE        ?C?LLDPDATA0
  C:189EH         PUBLIC        ?C?LLDPDATA0
  -------         ENDMOD        ?C?LLDPDATA0

  -------         MODULE        ?C?LSTIDATA
  C:18ABH         PUBLIC        ?C?LSTIDATA
  -------         ENDMOD        ?C?LSTIDATA

  -------         MODULE        ?C?LSTPDATA
BL51 BANKED LINKER/LOCATER V6.22                                                      03/27/2019  11:52:38  PAGE 45


  C:18B7H         PUBLIC        ?C?LSTPDATA
  -------         ENDMOD        ?C?LSTPDATA

  -------         MODULE        ISDIGIT
  C:44B8H         PUBLIC        _isdigit
  -------         ENDMOD        ISDIGIT

  -------         MODULE        ISSPACE
  C:444FH         PUBLIC        _isspace
  -------         ENDMOD        ISSPACE

*** WARNING L16: UNCALLED SEGMENT, IGNORED FOR OVERLAY PROCESS
    SEGMENT: ?PR?_CALIB_INTERPOLATE?MAIN

*** WARNING L16: UNCALLED SEGMENT, IGNORED FOR OVERLAY PROCESS
    SEGMENT: ?PR?INITUART1?UART1

*** WARNING L16: UNCALLED SEGMENT, IGNORED FOR OVERLAY PROCESS
    SEGMENT: ?PR?_SENDSTRING?UART1

*** WARNING L16: UNCALLED SEGMENT, IGNORED FOR OVERLAY PROCESS
    SEGMENT: ?PR?_TEN?UART1

*** WARNING L16: UNCALLED SEGMENT, IGNORED FOR OVERLAY PROCESS
    SEGMENT: ?PR?_UNIT?UART1

*** WARNING L16: UNCALLED SEGMENT, IGNORED FOR OVERLAY PROCESS
    SEGMENT: ?PR?_DECTOBCD?UART1

*** WARNING L16: UNCALLED SEGMENT, IGNORED FOR OVERLAY PROCESS
    SEGMENT: ?PR?_ASCII_LETTER?UART1

*** WARNING L16: UNCALLED SEGMENT, IGNORED FOR OVERLAY PROCESS
    SEGMENT: ?PR?_ASCIITOBCD?UART1

*** WARNING L16: UNCALLED SEGMENT, IGNORED FOR OVERLAY PROCESS
    SEGMENT: ?PR?NOP?VCNL4035

*** WARNING L16: UNCALLED SEGMENT, IGNORED FOR OVERLAY PROCESS
    SEGMENT: ?PR?_READ_VCNL4035?VCNL4035

*** WARNING L16: UNCALLED SEGMENT, IGNORED FOR OVERLAY PROCESS
    SEGMENT: ?PR?_DISPLAYLCD_VCNL4035?VCNL4035

*** WARNING L16: UNCALLED SEGMENT, IGNORED FOR OVERLAY PROCESS
    SEGMENT: ?PR?_FINDDET4X4?BIPOLARMOTOR

Program Size: data=10.4 xdata=2014 code=17696
LINK/LOCATE RUN COMPLETE.  12 WARNING(S),  0 ERROR(S)
