BL51 BANKED LINKER/LOCATER V6.22                                                        05/11/2018  09:42:05  PAGE 1


BL51 BANKED LINKER/LOCATER V6.22, INVOKED BY:
C:\KEIL_V5\C51\BIN\BL51.EXE .\Obj\main.obj, .\Obj\PCF85063BTL.obj, .\Obj\UART1.obj, .\Obj\LCd_Driver_SPLC780D.obj, .\Obj
>> \STARTUP.obj TO .\Obj\GPIO_RTC_Test PRINT (.\Lis\GPIO_RTC_Test.m51) RAMSIZE (256)


MEMORY MODEL: LARGE


INPUT MODULES INCLUDED:
  .\Obj\main.obj (MAIN)
  .\Obj\PCF85063BTL.obj (PCF85063BTL)
  .\Obj\UART1.obj (UART1)
  .\Obj\LCd_Driver_SPLC780D.obj (LCD_DRIVER_SPLC780D)
  .\Obj\STARTUP.obj (?C_STARTUP)
  C:\KEIL_V5\C51\LIB\C51L.LIB (?C_INIT)
  C:\KEIL_V5\C51\LIB\C51L.LIB (?C?CLDPTR)
  C:\KEIL_V5\C51\LIB\C51L.LIB (?C?ILDIX)
  C:\KEIL_V5\C51\LIB\C51L.LIB (ATOI)
  C:\KEIL_V5\C51\LIB\C51L.LIB (?C?IMUL)
  C:\KEIL_V5\C51\LIB\C51L.LIB (?C?IILDX)
  C:\KEIL_V5\C51\LIB\C51L.LIB (ISDIGIT)
  C:\KEIL_V5\C51\LIB\C51L.LIB (ISSPACE)


LINK MAP OF MODULE:  .\Obj\GPIO_RTC_Test (MAIN)


            TYPE    BASE      LENGTH    RELOCATION   SEGMENT NAME
            -----------------------------------------------------

            * * * * * * *   D A T A   M E M O R Y   * * * * * * *
            REG     0000H     0008H     ABSOLUTE     "REG BANK 0"
            REG     0008H     0008H     ABSOLUTE     "REG BANK 1"
                    0010H     0010H                  *** GAP ***
            BIT     0020H.0   0000H.1   UNIT         ?BI?MAIN
            BIT     0020H.1   0000H.1   UNIT         _BIT_GROUP_
                    0020H.2   0000H.6                *** GAP ***
            IDATA   0021H     0001H     UNIT         ?STACK

            * * * * * * *  X D A T A   M E M O R Y  * * * * * * *
            XDATA   0000H     0012H     UNIT         _XDATA_GROUP_
            XDATA   0012H     000CH     UNIT         ?XD?MAIN
            XDATA   001EH     0003H     UNIT         ?XD?_SENDSTRING?UART1
            XDATA   0021H     0001H     UNIT         ?XD?_DISPLAYLCD?LCD_DRIVER_SPLC780D

            * * * * * * *   C O D E   M E M O R Y   * * * * * * *
            CODE    0000H     0003H     ABSOLUTE     
            CODE    0003H     0020H     UNIT         ?PR?_SPI_SENDBYTE?PCF85063BTL
            CODE    0023H     0003H     ABSOLUTE     
            CODE    0026H     00DBH     UNIT         ?PR?_ATOI?ATOI
            CODE    0101H     0099H     UNIT         ?PR?UART?MAIN
            CODE    019AH     008CH     UNIT         ?C_C51STARTUP
            CODE    0226H     0080H     UNIT         ?PR?DISPLAY_TIME?UART1
            CODE    02A6H     006FH     UNIT         ?PR?MAIN?MAIN
            CODE    0315H     006BH     UNIT         ?PR?LCD_INIT?LCD_DRIVER_SPLC780D
            CODE    0380H     0057H     UNIT         ?C?LIB_CODE
            CODE    03D7H     0033H     UNIT         ?PR?_SENDSTRING?UART1
            CODE    040AH     0032H     UNIT         ?PR?_COMMAND?LCD_DRIVER_SPLC780D
BL51 BANKED LINKER/LOCATER V6.22                                                      05/11/2018  09:42:05  PAGE 2


            CODE    043CH     002CH     UNIT         ?PR?_WRITEDATA?LCD_DRIVER_SPLC780D
            CODE    0468H     0024H     UNIT         ?PR?_WAIT_MS?LCD_DRIVER_SPLC780D
            CODE    048CH     0022H     UNIT         ?PR?_DELAY_MS?MAIN
            CODE    04AEH     0020H     UNIT         ?PR?SPI_RECEIVEBYTE?PCF85063BTL
            CODE    04CEH     001DH     UNIT         ?PR?_DISPLAYLCD?LCD_DRIVER_SPLC780D
            CODE    04EBH     0018H     UNIT         ?PR?_SPI_WRITETIME?PCF85063BTL
            CODE    0503H     0017H     UNIT         ?C_INITSEG
            CODE    051AH     0017H     UNIT         ?PR?_ASCIITOBCD?UART1
            CODE    0531H     0014H     UNIT         ?PR?_PCF85063BTL_DELAY?PCF85063BTL
            CODE    0545H     0014H     UNIT         ?PR?_ISSPACE?ISSPACE
            CODE    0559H     0011H     UNIT         ?PR?_SPI_READTIME?PCF85063BTL
            CODE    056AH     0011H     UNIT         ?PR?INITUART1?UART1
            CODE    057BH     000FH     UNIT         ?PR?_ISDIGIT?ISDIGIT
            CODE    058AH     000DH     UNIT         ?PR?SPI_INIT?PCF85063BTL
            CODE    0597H     0009H     UNIT         ?PR?_SENDUART1?MAIN
            CODE    05A0H     0006H     UNIT         ?PR?_TEN?UART1
            CODE    05A6H     0005H     UNIT         ?PR?_UNIT?UART1
            CODE    05ABH     0005H     UNIT         ?PR?_ASCII_LETTER?UART1
            CODE    05B0H     0001H     UNIT         ?PR?_DECTOBCD?UART1



OVERLAY MAP OF MODULE:   .\Obj\GPIO_RTC_Test (MAIN)


SEGMENT                                        BIT_GROUP          XDATA_GROUP
  +--> CALLED SEGMENT                       START    LENGTH     START    LENGTH
-------------------------------------------------------------------------------
?PR?UART?MAIN                               -----    -----      -----    -----
  +--> ?PR?_ASCIITOBCD?UART1

?PR?_ASCIITOBCD?UART1                       -----    -----      -----    -----
  +--> ?PR?_ATOI?ATOI

?PR?_ATOI?ATOI                              0020H.1  0000H.1    0000H    0005H
  +--> ?PR?_ISSPACE?ISSPACE
  +--> ?PR?_ISDIGIT?ISDIGIT

*** NEW ROOT ***************************************************

?C_C51STARTUP                               -----    -----      -----    -----
  +--> ?PR?MAIN?MAIN
  +--> ?C_INITSEG

?PR?MAIN?MAIN                               -----    -----      0005H    000AH
  +--> ?PR?LCD_INIT?LCD_DRIVER_SPLC780D
  +--> ?PR?SPI_INIT?PCF85063BTL
  +--> ?PR?INITUART1?UART1
  +--> ?PR?_SPI_WRITETIME?PCF85063BTL
  +--> ?PR?_DELAY_MS?MAIN
  +--> ?PR?_WRITEDATA?LCD_DRIVER_SPLC780D
  +--> ?PR?_SENDUART1?MAIN
  +--> ?PR?DISPLAY_TIME?UART1

?PR?LCD_INIT?LCD_DRIVER_SPLC780D            -----    -----      -----    -----
  +--> ?PR?_WAIT_MS?LCD_DRIVER_SPLC780D
  +--> ?PR?_COMMAND?LCD_DRIVER_SPLC780D
BL51 BANKED LINKER/LOCATER V6.22                                                      05/11/2018  09:42:05  PAGE 3



?PR?_COMMAND?LCD_DRIVER_SPLC780D            -----    -----      -----    -----
  +--> ?PR?_WAIT_MS?LCD_DRIVER_SPLC780D

?PR?_SPI_WRITETIME?PCF85063BTL              -----    -----      -----    -----
  +--> ?PR?_SPI_SENDBYTE?PCF85063BTL

?PR?_SPI_SENDBYTE?PCF85063BTL               -----    -----      -----    -----
  +--> ?PR?_PCF85063BTL_DELAY?PCF85063BTL

?PR?_WRITEDATA?LCD_DRIVER_SPLC780D          -----    -----      000FH    0001H
  +--> ?PR?_WAIT_MS?LCD_DRIVER_SPLC780D

?PR?DISPLAY_TIME?UART1                      -----    -----      000FH    0003H
  +--> ?PR?_SPI_READTIME?PCF85063BTL
  +--> ?PR?_TEN?UART1
  +--> ?PR?_SENDUART1?MAIN
  +--> ?PR?_UNIT?UART1

?PR?_SPI_READTIME?PCF85063BTL               -----    -----      -----    -----
  +--> ?PR?_SPI_SENDBYTE?PCF85063BTL
  +--> ?PR?SPI_RECEIVEBYTE?PCF85063BTL

?PR?SPI_RECEIVEBYTE?PCF85063BTL             -----    -----      -----    -----
  +--> ?PR?_PCF85063BTL_DELAY?PCF85063BTL



SYMBOL TABLE OF MODULE:  .\Obj\GPIO_RTC_Test (MAIN)

  VALUE           TYPE          NAME
  ----------------------------------

  -------         MODULE        MAIN
  C:0000H         SYMBOL        _ICE_DUMMY_
  D:0080H         PUBLIC        P0
  D:0090H         PUBLIC        P1
  D:00A0H         PUBLIC        P2
  D:00B0H         PUBLIC        P3
  D:00C0H         PUBLIC        P4
  D:00C8H         PUBLIC        P5
  B:00A8H.7       PUBLIC        EA
  D:00E8H         PUBLIC        P6
  D:00F8H         PUBLIC        P7
  X:0012H         PUBLIC        RX_Data_Uart_Cnt
  D:00A8H         PUBLIC        IE
  D:00B8H         PUBLIC        IP
  B:0098H.0       PUBLIC        RI
  B:0098H.1       PUBLIC        TI
  C:0101H         PUBLIC        Uart
  D:00D8H         PUBLIC        CCON
  C:02A6H         PUBLIC        main
  D:0099H         PUBLIC        SBUF
  C:0490H         PUBLIC        _Delay_ms
  D:0098H         PUBLIC        SCON
  D:0088H         PUBLIC        TCON
  X:0014H         PUBLIC        Rec_data_hour
BL51 BANKED LINKER/LOCATER V6.22                                                      05/11/2018  09:42:05  PAGE 4


  X:0017H         PUBLIC        Rec_data_min
  B:0020H.0       PUBLIC        busy
  D:00E0H         PUBLIC        ACC
  X:001AH         PUBLIC        hour_count
  X:001BH         PUBLIC        min_count
  X:001CH         PUBLIC        st_time
  D:00D0H         PUBLIC        PSW
  C:0597H         PUBLIC        _SendUART1
  -------         PROC          MAIN
  -------         DO            
  X:0005H         SYMBOL        seconds
  X:0006H         SYMBOL        mins
  X:0007H         SYMBOL        hours
  X:0008H         SYMBOL        sec_decimal
  X:000AH         SYMBOL        numStr
  -------         ENDDO         
  C:02A6H         LINE#         33
  C:02A6H         LINE#         34
  C:02A6H         LINE#         38
  C:02A9H         LINE#         39
  C:02ACH         LINE#         40
  C:02AFH         LINE#         41
  C:02B1H         LINE#         42
  C:02B8H         LINE#         43
  C:02BBH         LINE#         44
  C:02C2H         LINE#         45
  C:02C5H         LINE#         48
  C:02CAH         LINE#         49
  C:02CDH         LINE#         50
  C:02D2H         LINE#         51
  C:02D2H         LINE#         52
  C:02D2H         LINE#         53
  C:02DCH         LINE#         54
  C:02DCH         LINE#         55
  C:02E6H         LINE#         56
  C:02F0H         LINE#         57
  C:02F7H         LINE#         58
  C:02FFH         LINE#         59
  C:0307H         LINE#         60
  C:0309H         LINE#         62
  C:0309H         LINE#         63
  C:030CH         LINE#         64
  C:0313H         LINE#         65
  C:0313H         LINE#         66
  -------         ENDPROC       MAIN
  C:048CH         SYMBOL        L?0027
  -------         PROC          L?0026
  -------         ENDPROC       L?0026
  C:048CH         SYMBOL        L?0027
  -------         PROC          _DELAY_MS
  D:0006H         SYMBOL        ms
  -------         DO            
  D:0004H         SYMBOL        De_Cnt
  -------         ENDDO         
  C:0490H         LINE#         70
  C:0490H         LINE#         71
  C:0490H         LINE#         73
BL51 BANKED LINKER/LOCATER V6.22                                                      05/11/2018  09:42:05  PAGE 5


  C:049AH         LINE#         74
  C:049AH         LINE#         75
  C:04ADH         LINE#         76
  C:04ADH         LINE#         77
  -------         ENDPROC       _DELAY_MS
  -------         PROC          UART
  C:0101H         LINE#         80
  C:010EH         LINE#         82
  C:0111H         LINE#         83
  C:0111H         LINE#         84
  C:011FH         LINE#         85
  C:0121H         LINE#         86
  C:0133H         LINE#         87
  C:0142H         LINE#         88
  C:014DH         LINE#         89
  C:014DH         LINE#         92
  C:015AH         LINE#         93
  C:0160H         LINE#         94
  C:0160H         LINE#         95
  C:0166H         LINE#         96
  C:0174H         LINE#         97
  C:0182H         LINE#         98
  C:0188H         LINE#         103
  C:0188H         LINE#         104
  C:0188H         LINE#         107
  C:0188H         LINE#         108
  C:018BH         LINE#         109
  C:018BH         LINE#         110
  C:018DH         LINE#         111
  C:018FH         LINE#         112
  C:018FH         LINE#         113
  -------         ENDPROC       UART
  -------         PROC          _SENDUART1
  D:0007H         SYMBOL        dat
  C:0597H         LINE#         116
  C:0597H         LINE#         117
  C:0597H         LINE#         118
  C:059AH         LINE#         119
  C:059CH         LINE#         120
  C:059DH         LINE#         121
  C:059FH         LINE#         122
  -------         ENDPROC       _SENDUART1
  -------         ENDMOD        MAIN

  -------         MODULE        PCF85063BTL
  C:0000H         SYMBOL        _ICE_DUMMY_
  D:0096H         PUBLIC        P2M0
  D:0080H         PUBLIC        P0
  D:0095H         PUBLIC        P2M1
  D:0090H         PUBLIC        P1
  D:00A0H         PUBLIC        P2
  D:00B0H         PUBLIC        P3
  D:00C0H         PUBLIC        P4
  D:00C8H         PUBLIC        P5
  D:00E8H         PUBLIC        P6
  B:00A0H.2       PUBLIC        PCF85063BTL_SDI
  D:00F8H         PUBLIC        P7
BL51 BANKED LINKER/LOCATER V6.22                                                      05/11/2018  09:42:05  PAGE 6


  B:00A0H.1       PUBLIC        PCF85063BTL_SCK
  B:00A0H.2       PUBLIC        PCF85063BTL_SDO
  D:00A8H         PUBLIC        IE
  C:0537H         PUBLIC        _PCF85063BTL_Delay
  D:00B8H         PUBLIC        IP
  D:00D8H         PUBLIC        CCON
  C:04AEH         PUBLIC        SPI_ReceiveByte
  D:0098H         PUBLIC        SCON
  D:0088H         PUBLIC        TCON
  B:00A0H.0       PUBLIC        PCF85063BTL_CS
  C:0559H         PUBLIC        _SPI_ReadTime
  C:058AH         PUBLIC        SPI_Init
  C:04EBH         PUBLIC        _SPI_WriteTime
  C:0003H         PUBLIC        _SPI_SendByte
  D:00D0H         PUBLIC        PSW
  C:0533H         SYMBOL        L?0020
  -------         PROC          L?0019
  -------         ENDPROC       L?0019
  C:0533H         SYMBOL        L?0020
  -------         PROC          _PCF85063BTL_DELAY
  D:0006H         SYMBOL        us
  C:0537H         LINE#         8
  C:0537H         LINE#         9
  C:0537H         LINE#         10
  C:0541H         LINE#         11
  C:0541H         LINE#         12
  C:0542H         LINE#         13
  C:0544H         LINE#         14
  -------         ENDPROC       _PCF85063BTL_DELAY
  -------         PROC          _SPI_SENDBYTE
  D:0005H         SYMBOL        dat
  -------         DO            
  D:0003H         SYMBOL        i
  -------         ENDDO         
  C:0003H         LINE#         17
  C:0005H         LINE#         18
  C:0005H         LINE#         20
  C:0007H         LINE#         21
  C:0007H         LINE#         22
  C:0009H         LINE#         23
  C:000DH         LINE#         24
  C:000DH         LINE#         25
  C:000FH         LINE#         26
  C:0011H         LINE#         28
  C:0011H         LINE#         29
  C:0013H         LINE#         30
  C:0013H         LINE#         31
  C:0016H         LINE#         32
  C:0016H         LINE#         33
  C:0019H         LINE#         34
  C:001DH         LINE#         35
  C:0022H         LINE#         36
  -------         ENDPROC       _SPI_SENDBYTE
  -------         PROC          SPI_RECEIVEBYTE
  -------         DO            
  D:0003H         SYMBOL        i
  D:0005H         SYMBOL        dat
BL51 BANKED LINKER/LOCATER V6.22                                                      05/11/2018  09:42:05  PAGE 7


  -------         ENDDO         
  C:04AEH         LINE#         39
  C:04AEH         LINE#         40
  C:04AEH         LINE#         42
  C:04B0H         LINE#         44
  C:04B2H         LINE#         45
  C:04B3H         LINE#         46
  C:04B3H         LINE#         47
  C:04B7H         LINE#         48
  C:04B9H         LINE#         49
  C:04BCH         LINE#         51
  C:04BFH         LINE#         52
  C:04BFH         LINE#         53
  C:04C3H         LINE#         54
  C:04C3H         LINE#         55
  C:04C3H         LINE#         56
  C:04C6H         LINE#         57
  C:04CBH         LINE#         58
  C:04CDH         LINE#         59
  -------         ENDPROC       SPI_RECEIVEBYTE
  -------         PROC          _SPI_READTIME
  D:0007H         SYMBOL        addr
  -------         DO            
  D:0006H         SYMBOL        dat
  -------         ENDDO         
  C:0559H         LINE#         61
  C:0559H         LINE#         62
  C:0559H         LINE#         64
  C:055BH         LINE#         65
  C:055DH         LINE#         66
  C:0564H         LINE#         67
  C:0567H         LINE#         68
  C:0569H         LINE#         69
  C:0569H         LINE#         70
  -------         ENDPROC       _SPI_READTIME
  -------         PROC          _SPI_WRITETIME
  D:0002H         SYMBOL        val
  D:0005H         SYMBOL        addr
  C:04EBH         LINE#         71
  C:04EDH         LINE#         72
  C:04EDH         LINE#         74
  C:04EFH         LINE#         75
  C:04F6H         LINE#         76
  C:04FBH         LINE#         77
  C:0500H         LINE#         78
  C:0502H         LINE#         79
  -------         ENDPROC       _SPI_WRITETIME
  -------         PROC          SPI_INIT
  C:058AH         LINE#         83
  C:058AH         LINE#         84
  C:058AH         LINE#         89
  C:058DH         LINE#         90
  C:0590H         LINE#         91
  C:0592H         LINE#         92
  C:0594H         LINE#         93
  C:0596H         LINE#         94
  -------         ENDPROC       SPI_INIT
BL51 BANKED LINKER/LOCATER V6.22                                                      05/11/2018  09:42:05  PAGE 8


  -------         ENDMOD        PCF85063BTL

  -------         MODULE        UART1
  C:0000H         SYMBOL        _ICE_DUMMY_
  D:0080H         PUBLIC        P0
  D:0090H         PUBLIC        P1
  D:00A0H         PUBLIC        P2
  D:00B0H         PUBLIC        P3
  D:00C0H         PUBLIC        P4
  D:00C8H         PUBLIC        P5
  B:00A8H.7       PUBLIC        EA
  D:00E8H         PUBLIC        P6
  D:00F8H         PUBLIC        P7
  C:03D7H         PUBLIC        _SendString
  D:00A8H         PUBLIC        IE
  B:00A8H.4       PUBLIC        ES
  D:00B8H         PUBLIC        IP
  C:051AH         PUBLIC        _ASCIItoBCD
  D:00D8H         PUBLIC        CCON
  C:056AH         PUBLIC        initUART1
  D:0098H         PUBLIC        SCON
  D:0088H         PUBLIC        TCON
  C:05B0H         PUBLIC        _DectoBCD
  C:05ABH         PUBLIC        _ASCII_Letter
  D:008EH         PUBLIC        AUXR
  C:05A6H         PUBLIC        _unit
  C:05A0H         PUBLIC        _ten
  D:00D6H         PUBLIC        T2H
  D:00D7H         PUBLIC        T2L
  C:0226H         PUBLIC        Display_time
  D:00D0H         PUBLIC        PSW
  -------         PROC          INITUART1
  C:056AH         LINE#         21
  C:056AH         LINE#         22
  C:056AH         LINE#         23
  C:056DH         LINE#         24
  C:0570H         LINE#         25
  C:0573H         LINE#         26
  C:0576H         LINE#         27
  C:0578H         LINE#         28
  C:057AH         LINE#         30
  -------         ENDPROC       INITUART1
  -------         PROC          _SENDSTRING
  X:001EH         SYMBOL        s
  C:03D7H         LINE#         35
  C:03E2H         LINE#         36
  C:03E2H         LINE#         37
  C:03F2H         LINE#         38
  C:03F2H         LINE#         39
  C:0407H         LINE#         40
  C:0409H         LINE#         41
  -------         ENDPROC       _SENDSTRING
  -------         PROC          _TEN
  D:0007H         SYMBOL        BCD
  C:05A0H         LINE#         43
  C:05A0H         LINE#         44
  C:05A0H         LINE#         45
BL51 BANKED LINKER/LOCATER V6.22                                                      05/11/2018  09:42:05  PAGE 9


  C:05A5H         LINE#         46
  -------         ENDPROC       _TEN
  -------         PROC          _UNIT
  D:0007H         SYMBOL        BCD
  C:05A6H         LINE#         47
  C:05A6H         LINE#         48
  C:05A6H         LINE#         52
  C:05AAH         LINE#         53
  -------         ENDPROC       _UNIT
  -------         PROC          _DECTOBCD
  D:0007H         SYMBOL        dec
  C:05B0H         LINE#         54
  C:05B0H         LINE#         55
  C:05B0H         LINE#         57
  C:05B0H         LINE#         58
  -------         ENDPROC       _DECTOBCD
  -------         PROC          _ASCII_LETTER
  D:0007H         SYMBOL        dat
  C:05ABH         LINE#         60
  C:05ABH         LINE#         61
  C:05ABH         LINE#         63
  C:05AFH         LINE#         64
  -------         ENDPROC       _ASCII_LETTER
  -------         PROC          _ASCIITOBCD
  D:0001H         SYMBOL        ascii
  -------         DO            
  D:0007H         SYMBOL        dec_val
  D:0006H         SYMBOL        ten
  D:0007H         SYMBOL        unit
  -------         ENDDO         
  C:051AH         LINE#         66
  C:051AH         LINE#         67
  C:051AH         LINE#         69
  C:051DH         LINE#         70
  C:0523H         LINE#         71
  C:052AH         LINE#         72
  C:0530H         LINE#         74
  -------         ENDPROC       _ASCIITOBCD
  -------         PROC          DISPLAY_TIME
  -------         DO            
  X:000FH         SYMBOL        seconds
  X:0010H         SYMBOL        mins
  X:0011H         SYMBOL        hours
  -------         ENDDO         
  C:0226H         LINE#         75
  C:0226H         LINE#         76
  C:0226H         LINE#         79
  C:0230H         LINE#         80
  C:023AH         LINE#         81
  C:0249H         LINE#         82
  C:024EH         LINE#         84
  C:0258H         LINE#         85
  C:0262H         LINE#         86
  C:0271H         LINE#         87
  C:0276H         LINE#         89
  C:0280H         LINE#         90
  C:0282H         LINE#         91
BL51 BANKED LINKER/LOCATER V6.22                                                      05/11/2018  09:42:05  PAGE 10


  C:0290H         LINE#         92
  C:02A1H         LINE#         93
  -------         ENDPROC       DISPLAY_TIME
  -------         ENDMOD        UART1

  -------         MODULE        LCD_DRIVER_SPLC780D
  C:0000H         SYMBOL        _ICE_DUMMY_
  D:0080H         PUBLIC        P0
  D:0090H         PUBLIC        P1
  D:00A0H         PUBLIC        P2
  D:00B0H         PUBLIC        P3
  D:00C0H         PUBLIC        P4
  D:00C8H         PUBLIC        P5
  D:00E8H         PUBLIC        P6
  D:00F8H         PUBLIC        P7
  C:043CH         PUBLIC        _WriteData
  D:00A8H         PUBLIC        IE
  D:00B8H         PUBLIC        IP
  D:00D8H         PUBLIC        CCON
  B:0090H.4       PUBLIC        LCD_D4
  B:0090H.5       PUBLIC        LCD_D5
  B:0090H.6       PUBLIC        LCD_D6
  C:04CEH         PUBLIC        _DisplayLCD
  B:0090H.7       PUBLIC        LCD_D7
  D:0098H         PUBLIC        SCON
  D:0088H         PUBLIC        TCON
  C:040AH         PUBLIC        _Command
  C:0315H         PUBLIC        LCD_Init
  C:046EH         PUBLIC        _Wait_ms
  B:0090H.1       PUBLIC        LCD_RS
  B:0090H.2       PUBLIC        LCD_RW
  B:0090H.3       PUBLIC        LCD_E
  D:00D0H         PUBLIC        PSW
  -------         PROC          LCD_INIT
  C:0315H         LINE#         9
  C:0315H         LINE#         10
  C:0315H         LINE#         12
  C:031CH         LINE#         13
  C:0321H         LINE#         15
  C:0328H         LINE#         16
  C:032DH         LINE#         18
  C:0330H         LINE#         19
  C:0335H         LINE#         21
  C:0338H         LINE#         22
  C:033DH         LINE#         23
  C:0340H         LINE#         26
  C:0345H         LINE#         27
  C:034AH         LINE#         30
  C:034FH         LINE#         33
  C:0354H         LINE#         36
  C:0359H         LINE#         39
  C:035EH         LINE#         42
  C:0363H         LINE#         45
  C:0368H         LINE#         49
  C:036DH         LINE#         51
  C:0374H         LINE#         52
  C:0379H         LINE#         53
BL51 BANKED LINKER/LOCATER V6.22                                                      05/11/2018  09:42:05  PAGE 11


  -------         ENDPROC       LCD_INIT
  -------         PROC          _WRITEDATA
  X:000FH         SYMBOL        dat
  C:043CH         LINE#         56
  C:0441H         LINE#         57
  C:0441H         LINE#         62
  C:0443H         LINE#         63
  C:0445H         LINE#         69
  C:0447H         LINE#         70
  C:0449H         LINE#         71
  C:044BH         LINE#         72
  C:044DH         LINE#         74
  C:044FH         LINE#         75
  C:0456H         LINE#         76
  C:0458H         LINE#         78
  C:045AH         LINE#         79
  C:045CH         LINE#         80
  C:045EH         LINE#         81
  C:0460H         LINE#         83
  C:0460H         LINE#         84
  C:0463H         LINE#         85
  C:0465H         LINE#         86
  C:0467H         LINE#         88
  -------         ENDPROC       _WRITEDATA
  -------         PROC          _COMMAND
  D:0007H         SYMBOL        dat
  C:040AH         LINE#         90
  C:040AH         LINE#         91
  C:040AH         LINE#         92
  C:040CH         LINE#         93
  C:040EH         LINE#         98
  C:0412H         LINE#         99
  C:0416H         LINE#         101
  C:0418H         LINE#         102
  C:041CH         LINE#         103
  C:0420H         LINE#         105
  C:0422H         LINE#         106
  C:0426H         LINE#         107
  C:042AH         LINE#         109
  C:042CH         LINE#         110
  C:0430H         LINE#         111
  C:0434H         LINE#         113
  C:0436H         LINE#         117
  C:0436H         LINE#         118
  C:0439H         LINE#         119
  C:043BH         LINE#         120
  -------         ENDPROC       _COMMAND
  C:046AH         SYMBOL        L?0022
  -------         PROC          L?0021
  -------         ENDPROC       L?0021
  C:046AH         SYMBOL        L?0022
  -------         PROC          _WAIT_MS
  D:0006H         SYMBOL        ms
  -------         DO            
  D:0004H         SYMBOL        De_Cnt
  -------         ENDDO         
  C:046EH         LINE#         122
BL51 BANKED LINKER/LOCATER V6.22                                                      05/11/2018  09:42:05  PAGE 12


  C:046EH         LINE#         123
  C:046EH         LINE#         125
  C:0478H         LINE#         126
  C:0478H         LINE#         127
  C:048BH         LINE#         128
  C:048BH         LINE#         129
  -------         ENDPROC       _WAIT_MS
  -------         PROC          _DISPLAYLCD
  D:0007H         SYMBOL        BCD
  -------         DO            
  D:0006H         SYMBOL        first_digit
  X:0021H         SYMBOL        second_digit
  -------         ENDDO         
  C:04CEH         LINE#         130
  C:04CEH         LINE#         131
  C:04CEH         LINE#         133
  C:04D5H         LINE#         134
  C:04DEH         LINE#         136
  C:04E3H         LINE#         138
  -------         ENDPROC       _DISPLAYLCD
  -------         ENDMOD        LCD_DRIVER_SPLC780D

  -------         MODULE        ?C_STARTUP
  C:019AH         SEGMENT       ?C_C51STARTUP
  I:0021H         SEGMENT       ?STACK
  C:0000H         PUBLIC        ?C_STARTUP
  D:00E0H         SYMBOL        ACC
  D:00F0H         SYMBOL        B
  D:0083H         SYMBOL        DPH
  D:0082H         SYMBOL        DPL
  N:0000H         SYMBOL        IBPSTACK
  N:0100H         SYMBOL        IBPSTACKTOP
  N:0080H         SYMBOL        IDATALEN
  C:019DH         SYMBOL        IDATALOOP
  N:0000H         SYMBOL        PBPSTACK
  N:0100H         SYMBOL        PBPSTACKTOP
  N:0000H         SYMBOL        PDATALEN
  N:0000H         SYMBOL        PDATASTART
  N:0000H         SYMBOL        PPAGE
  N:0000H         SYMBOL        PPAGEENABLE
  D:00A0H         SYMBOL        PPAGE_SFR
  D:0081H         SYMBOL        SP
  C:019AH         SYMBOL        STARTUP1
  N:0000H         SYMBOL        XBPSTACK
  N:0000H         SYMBOL        XBPSTACKTOP
  N:0000H         SYMBOL        XDATALEN
  N:0000H         SYMBOL        XDATASTART
  C:0000H         LINE#         126
  C:019AH         LINE#         133
  C:019CH         LINE#         134
  C:019DH         LINE#         135
  C:019EH         LINE#         136
  C:01A0H         LINE#         185
  C:01A3H         LINE#         196
  -------         ENDMOD        ?C_STARTUP

  -------         MODULE        ?C?CLDPTR
BL51 BANKED LINKER/LOCATER V6.22                                                      05/11/2018  09:42:05  PAGE 13


  C:0380H         PUBLIC        ?C?CLDPTR
  -------         ENDMOD        ?C?CLDPTR

  -------         MODULE        ?C?ILDIX
  C:0399H         PUBLIC        ?C?ILDIX
  -------         ENDMOD        ?C?ILDIX

  -------         MODULE        ATOI
  C:0026H         PUBLIC        _atoi
  -------         ENDMOD        ATOI

  -------         MODULE        ?C?IMUL
  C:03AFH         PUBLIC        ?C?IMUL
  -------         ENDMOD        ?C?IMUL

  -------         MODULE        ?C?IILDX
  C:03C1H         PUBLIC        ?C?IILDX
  -------         ENDMOD        ?C?IILDX

  -------         MODULE        ISDIGIT
  C:057BH         PUBLIC        _isdigit
  -------         ENDMOD        ISDIGIT

  -------         MODULE        ISSPACE
  C:0545H         PUBLIC        _isspace
  -------         ENDMOD        ISSPACE

*** WARNING L16: UNCALLED SEGMENT, IGNORED FOR OVERLAY PROCESS
    SEGMENT: ?PR?_SENDSTRING?UART1

*** WARNING L16: UNCALLED SEGMENT, IGNORED FOR OVERLAY PROCESS
    SEGMENT: ?PR?_DECTOBCD?UART1

*** WARNING L16: UNCALLED SEGMENT, IGNORED FOR OVERLAY PROCESS
    SEGMENT: ?PR?_ASCII_LETTER?UART1

*** WARNING L16: UNCALLED SEGMENT, IGNORED FOR OVERLAY PROCESS
    SEGMENT: ?PR?_DISPLAYLCD?LCD_DRIVER_SPLC780D

Program Size: data=17.2 xdata=34 code=1457
LINK/LOCATE RUN COMPLETE.  4 WARNING(S),  0 ERROR(S)
