BL51 BANKED LINKER/LOCATER V6.22                                                        08/30/2019  11:11:41  PAGE 1


BL51 BANKED LINKER/LOCATER V6.22, INVOKED BY:
C:\KEIL_V5\C51\BIN\BL51.EXE .\Obj\main.obj, .\Obj\PCF85063BTL.obj, .\Obj\LCd_Driver_SPLC780D.obj, .\Obj\KeyPad.obj, .\Ob
>> j\BipolarMotor.obj, .\Obj\SunPos.obj, .\Obj\ADC.obj, .\Obj\Calibration.obj, .\Obj\IOExpander_PI4IOE5V96248.obj, .\Obj
>> \AT25SF041.obj, .\Obj\SI1120.obj, .\Obj\UART1.obj, .\Obj\STARTUP.obj TO .\Obj\GPIO_RTC_Test RTX51TINY PRINT (.\Lis\GP
>> IO_RTC_Test.m51) RAMSIZE (256)


MEMORY MODEL: LARGE WITH FLOATING POINT ARITHMETIC


INPUT MODULES INCLUDED:
  .\Obj\main.obj (MAIN)
  .\Obj\PCF85063BTL.obj (PCF85063BTL)
  .\Obj\LCd_Driver_SPLC780D.obj (LCD_DRIVER_SPLC780D)
  .\Obj\KeyPad.obj (KEYPAD)
  .\Obj\BipolarMotor.obj (BIPOLARMOTOR)
  .\Obj\SunPos.obj (SUNPOS)
  .\Obj\ADC.obj (ADC)
  .\Obj\Calibration.obj (CALIBRATION)
  .\Obj\IOExpander_PI4IOE5V96248.obj (IOEXPANDER_PI4IOE5V96248)
  .\Obj\AT25SF041.obj (AT25SF041)
  .\Obj\SI1120.obj (SI1120)
  .\Obj\UART1.obj (UART1)
  .\Obj\STARTUP.obj (?C_STARTUP)
  C:\KEIL_V5\C51\LIB\C51FPL.LIB (?C?FPADD)
  C:\KEIL_V5\C51\LIB\C51FPL.LIB (?C?FPMUL)
  C:\KEIL_V5\C51\LIB\C51FPL.LIB (?C?FPDIV)
  C:\KEIL_V5\C51\LIB\C51FPL.LIB (?C?FPCMP)
  C:\KEIL_V5\C51\LIB\C51FPL.LIB (?C?FPNEG)
  C:\KEIL_V5\C51\LIB\C51FPL.LIB (?C?FCAST)
  C:\KEIL_V5\C51\LIB\C51FPL.LIB (?C?CASTF)
  C:\KEIL_V5\C51\LIB\C51FPL.LIB (PRINTF)
  C:\KEIL_V5\C51\LIB\C51FPL.LIB (FABS)
  C:\KEIL_V5\C51\LIB\C51FPL.LIB (ATAN2)
  C:\KEIL_V5\C51\LIB\C51FPL.LIB (SIN)
  C:\KEIL_V5\C51\LIB\C51FPL.LIB (ACOS)
  C:\KEIL_V5\C51\LIB\C51FPL.LIB (ASIN)
  C:\KEIL_V5\C51\LIB\C51FPL.LIB (POW)
  C:\KEIL_V5\C51\LIB\C51FPL.LIB (?C?FPGETOPN)
  C:\KEIL_V5\C51\LIB\C51FPL.LIB (?C?CHKFLOAT)
  C:\KEIL_V5\C51\LIB\C51FPL.LIB (?C?FPROUND)
  C:\KEIL_V5\C51\LIB\C51FPL.LIB (?C?FPCONVERT)
  C:\KEIL_V5\C51\LIB\C51FPL.LIB (?C?FPSERIES)
  C:\KEIL_V5\C51\LIB\C51FPL.LIB (EXP)
  C:\KEIL_V5\C51\LIB\C51FPL.LIB (LOG)
  C:\KEIL_V5\C51\LIB\C51FPL.LIB (SQRT)
  C:\KEIL_V5\C51\LIB\C51FPL.LIB (ATAN)
  C:\KEIL_V5\C51\LIB\C51FPL.LIB (?C?FTNPWR)
  C:\KEIL_V5\C51\LIB\C51L.LIB (?C_INIT)
  C:\KEIL_V5\C51\LIB\C51L.LIB (?C?COPY)
  C:\KEIL_V5\C51\LIB\C51L.LIB (?C?CLDPTR)
  C:\KEIL_V5\C51\LIB\C51L.LIB (?C?CLDOPTR)
  C:\KEIL_V5\C51\LIB\C51L.LIB (?C?CSTPTR)
  C:\KEIL_V5\C51\LIB\C51L.LIB (?C?IMUL)
  C:\KEIL_V5\C51\LIB\C51L.LIB (?C?UIDIV)
  C:\KEIL_V5\C51\LIB\C51L.LIB (?C?SIDIV)
  C:\KEIL_V5\C51\LIB\C51L.LIB (?C?ILDIX)
  C:\KEIL_V5\C51\LIB\C51L.LIB (?C?ILDOPTR)
BL51 BANKED LINKER/LOCATER V6.22                                                      08/30/2019  11:11:41  PAGE 2


  C:\KEIL_V5\C51\LIB\C51L.LIB (?C?ISTPTR)
  C:\KEIL_V5\C51\LIB\C51L.LIB (?C?LMUL)
  C:\KEIL_V5\C51\LIB\C51L.LIB (?C?SLDIV)
  C:\KEIL_V5\C51\LIB\C51L.LIB (?C?LNEG)
  C:\KEIL_V5\C51\LIB\C51L.LIB (?C?ULCMP)
  C:\KEIL_V5\C51\LIB\C51L.LIB (?C?LSHL)
  C:\KEIL_V5\C51\LIB\C51L.LIB (?C?LLDPTR)
  C:\KEIL_V5\C51\LIB\C51L.LIB (?C?LLDOPTR)
  C:\KEIL_V5\C51\LIB\C51L.LIB (?C?LSTPTR)
  C:\KEIL_V5\C51\LIB\C51L.LIB (?C?LSTOPTR)
  C:\KEIL_V5\C51\LIB\C51L.LIB (?C?LLDXDATA)
  C:\KEIL_V5\C51\LIB\C51L.LIB (?C?LLDCODE)
  C:\KEIL_V5\C51\LIB\C51L.LIB (?C?LLDXDATA0)
  C:\KEIL_V5\C51\LIB\C51L.LIB (?C?LLDCODE0)
  C:\KEIL_V5\C51\LIB\C51L.LIB (?C?LLDPTR0)
  C:\KEIL_V5\C51\LIB\C51L.LIB (?C?LSTXDATA)
  C:\KEIL_V5\C51\LIB\C51L.LIB (?C?LSTKXDATA)
  C:\KEIL_V5\C51\LIB\C51L.LIB (?C?LSTKPTR)
  C:\KEIL_V5\C51\LIB\C51L.LIB (?C?OFFXADD)
  C:\KEIL_V5\C51\LIB\C51L.LIB (?C?PLDIXDATA)
  C:\KEIL_V5\C51\LIB\C51L.LIB (?C?PSTXDATA)
  C:\KEIL_V5\C51\LIB\C51L.LIB (?C?CCASE)
  C:\KEIL_V5\C51\LIB\C51L.LIB (PUTCHAR)
  C:\KEIL_V5\C51\LIB\C51L.LIB (ABS)
  C:\KEIL_V5\C51\LIB\C51L.LIB (ATOI)
  C:\KEIL_V5\C51\LIB\C51L.LIB (?C?IILDX)
  C:\KEIL_V5\C51\LIB\C51L.LIB (?C?ULDIV)
  C:\KEIL_V5\C51\LIB\C51L.LIB (?C?LLDIDATA)
  C:\KEIL_V5\C51\LIB\C51L.LIB (?C?LLDPDATA)
  C:\KEIL_V5\C51\LIB\C51L.LIB (?C?LLDIDATA0)
  C:\KEIL_V5\C51\LIB\C51L.LIB (?C?LLDPDATA0)
  C:\KEIL_V5\C51\LIB\C51L.LIB (?C?LSTIDATA)
  C:\KEIL_V5\C51\LIB\C51L.LIB (?C?LSTPDATA)
  C:\KEIL_V5\C51\LIB\C51L.LIB (?C?LSTKIDATA)
  C:\KEIL_V5\C51\LIB\C51L.LIB (?C?LSTKPDATA)
  C:\KEIL_V5\C51\LIB\C51L.LIB (ISDIGIT)
  C:\KEIL_V5\C51\LIB\C51L.LIB (ISSPACE)


LINK MAP OF MODULE:  .\Obj\GPIO_RTC_Test (MAIN)


            TYPE    BASE      LENGTH    RELOCATION   SEGMENT NAME
            -----------------------------------------------------

            * * * * * * *   D A T A   M E M O R Y   * * * * * * *
            REG     0000H     0008H     ABSOLUTE     "REG BANK 0"
            DATA    0008H     0005H     UNIT         _DATA_GROUP_
                    000DH     0013H                  *** GAP ***
            BIT     0020H.0   0001H.2   UNIT         _BIT_GROUP_
            BIT     0021H.2   0000H.1   UNIT         ?BI?MAIN
            BIT     0021H.3   0000H.1   UNIT         ?BI?_ATOI?ATOI
                    0021H.4   0000H.4                *** GAP ***
            IDATA   0022H     0001H     UNIT         ?STACK

            * * * * * * *  X D A T A   M E M O R Y  * * * * * * *
            XDATA   0000H     03BCH     UNIT         ?XD?BIPOLARMOTOR
BL51 BANKED LINKER/LOCATER V6.22                                                      08/30/2019  11:11:41  PAGE 3


            XDATA   03BCH     0171H     UNIT         _XDATA_GROUP_
            XDATA   052DH     011DH     UNIT         ?XD?MAIN
            XDATA   064AH     0019H     UNIT         ?XD?KEYPAD
            XDATA   0663H     0005H     UNIT         ?XD?_ATOI?ATOI
            XDATA   0668H     0001H     UNIT         ?XD?UC_ACK?IOEXPANDER_PI4IOE5V96248
            XDATA   0669H     0001H     UNIT         ?XD?UC_NACK?IOEXPANDER_PI4IOE5V96248

            * * * * * * *   C O D E   M E M O R Y   * * * * * * *
            CODE    0000H     0003H     ABSOLUTE     
            CODE    0003H     0003H     ABSOLUTE     
            CODE    0006H     0005H     UNIT         ?PR?_UNIT?UART1
            CODE    000BH     0003H     ABSOLUTE     
            CODE    000EH     000DH     UNIT         ?PR?UART?MAIN
            CODE    001BH     0003H     ABSOLUTE     
            CODE    001EH     0005H     UNIT         ?PR?_ASCII_LETTER?UART1
            CODE    0023H     0003H     ABSOLUTE     
            CODE    0026H     2423H     UNIT         ?PR?MAIN?MAIN
            CODE    2449H     0BC8H     UNIT         ?C?LIB_CODE
            CODE    3011H     07F7H     UNIT         ?PR?_FIND_REAL_MAX?CALIBRATION
            CODE    3808H     07A2H     UNIT         ?PR?SUNPOS?SUNPOS
            CODE    3FAAH     0645H     UNIT         ?PR?_UPDATE_POSITION?BIPOLARMOTOR
            CODE    45EFH     04FBH     UNIT         ?PR?_THEORICALJP_POSITION?BIPOLARMOTOR
            CODE    4AEAH     0483H     UNIT         ?PR?PRINTF?PRINTF
            CODE    4F6DH     044AH     UNIT         ?PR?_AZIMUTH_CALCULATION?BIPOLARMOTOR
            CODE    53B7H     041AH     UNIT         ?C_INITSEG
            CODE    57D1H     038CH     UNIT         ?PR?KEY_PROCESS?KEYPAD
            CODE    5B5DH     036DH     UNIT         ?PR?_ELEVATION_CALCULATION?BIPOLARMOTOR
            CODE    5ECAH     01C7H     UNIT         ?PR?_CALIBRATION?CALIBRATION
            CODE    6091H     018DH     UNIT         ?PR?KEY_SCAN?KEYPAD
            CODE    621EH     0189H     UNIT         ?PR?SPI_NOR_WRITE_DATA?AT25SF041
            CODE    63A7H     0188H     UNIT         ?PR?SIN?SIN
            CODE    652FH     0166H     UNIT         ?PR?_POW?POW
            CODE    6695H     0155H     UNIT         ?PR?_DISPLAY_POS?LCD_DRIVER_SPLC780D
            CODE    67EAH     0129H     UNIT         ?PR?LOG?LOG
            CODE    6913H     0122H     UNIT         ?PR?ATAN?ATAN
            CODE    6A35H     0110H     UNIT         ?PR?_AT25SF041_READ?AT25SF041
            CODE    6B45H     0102H     UNIT         ?PR?_AT25SF041_WRITE?AT25SF041
            CODE    6C47H     00F5H     UNIT         ?PR?EXINT0?MAIN
            CODE    6D3CH     00DBH     UNIT         ?PR?_ATOI?ATOI
            CODE    6E17H     00C3H     UNIT         ?PR?LINEAR_INTERPOLATE?BIPOLARMOTOR
            CODE    6EDAH     00BBH     UNIT         ?PR?VOLTAGE_IS_STABLE?CALIBRATION
            CODE    6F95H     00ADH     UNIT         ?PR?_WRITE_PI4IOE5V96248?IOEXPANDER_PI4IOE5V96248
            CODE    7042H     00ACH     UNIT         ?PR?SQRT?SQRT
            CODE    70EEH     00A1H     UNIT         ?PR?UCREAD_STATUS_REGISTER_BYTE1?AT25SF041
            CODE    718FH     009DH     UNIT         ?PR?_ATAN2?ATAN2
            CODE    722CH     009CH     UNIT         ?PR?_MAX_VALUE?CALIBRATION
            CODE    72C8H     009AH     UNIT         ?PR?EXP?EXP
            CODE    7362H     008CH     UNIT         ?C_C51STARTUP
            CODE    73EEH     0088H     UNIT         ?PR?_DAY_OF_YEAR?PCF85063BTL
            CODE    7476H     0079H     UNIT         ?PR?_WRITEDATA?LCD_DRIVER_SPLC780D
            CODE    74EFH     0072H     UNIT         ?PR?AT25SF041_WRITEENABLE?AT25SF041
            CODE    7561H     006FH     UNIT         ?PR?_READ_TIME?PCF85063BTL
            CODE    75D0H     005AH     UNIT         ?PR?AT25SF041_CHIPERASE?AT25SF041
            CODE    762AH     0059H     UNIT         ?PR?LCD_INIT?LCD_DRIVER_SPLC780D
            CODE    7683H     0056H     UNIT         ?CO?MAIN
            CODE    76D9H     004BH     UNIT         ?CO?UART1
            CODE    7724H     004AH     UNIT         ?PR?VONESTEPMOVE?BIPOLARMOTOR
BL51 BANKED LINKER/LOCATER V6.22                                                      08/30/2019  11:11:41  PAGE 4


            CODE    776EH     004AH     UNIT         ?PR?ACOS?ACOS
            CODE    77B8H     0044H     UNIT         ?C?LDIV
            CODE    77FCH     0040H     UNIT         ?PR?_COMMAND?LCD_DRIVER_SPLC780D
            CODE    783CH     0040H     UNIT         ?PR?_STEP_MOVE?BIPOLARMOTOR
            CODE    787CH     003BH     UNIT         ?PR?ASIN?ASIN
            CODE    78B7H     0033H     UNIT         ?PR?_SENDSTRING?UART1
            CODE    78EAH     0031H     UNIT         ?PR?SI1120_CONFIG_MODE_VIRH?SI1120
            CODE    791BH     002BH     UNIT         ?PR?_WAIT_MS_I2C?IOEXPANDER_PI4IOE5V96248
            CODE    7946H     002BH     UNIT         ?PR?_WAIT_MS_SPINOR?AT25SF041
            CODE    7971H     002AH     UNIT         ?PR?_ADC_GETRESULT?ADC
            CODE    799BH     0028H     UNIT         ?PR?_BCDTODEC1?BIPOLARMOTOR
            CODE    79C3H     0028H     UNIT         ?PR?_MOVE?BIPOLARMOTOR
            CODE    79EBH     0028H     UNIT         ?CO?CALIBRATION
            CODE    7A13H     0027H     UNIT         ?PR?_I2C_SENDBYTE?IOEXPANDER_PI4IOE5V96248
            CODE    7A3AH     0027H     UNIT         ?PR?PUTCHAR?PUTCHAR
            CODE    7A61H     0024H     UNIT         ?PR?_WAIT_MS?LCD_DRIVER_SPLC780D
            CODE    7A85H     0024H     UNIT         ?PR?_FINDCLOSESTSAMEDAYCALIBTIME?CALIBRATION
            CODE    7AA9H     0024H     UNIT         ?PR?_UART1_SENDTOTCPSERVER?UART1
            CODE    7ACDH     0021H     UNIT         ?PR?TM0_ISR?MAIN
            CODE    7AEEH     0020H     UNIT         ?PR?_SPI_SENDBYTE?PCF85063BTL
            CODE    7B0EH     0020H     UNIT         ?PR?SPI_RECEIVEBYTE?PCF85063BTL
            CODE    7B2EH     001EH     UNIT         ?PR?_DELAY_MS?KEYPAD
            CODE    7B4CH     001DH     UNIT         ?PR?_DISPLAYLCD?LCD_DRIVER_SPLC780D
            CODE    7B69H     001AH     UNIT         ?PR?ADC_INIT?ADC
            CODE    7B83H     0018H     UNIT         ?PR?_SPI_WRITETIME?PCF85063BTL
            CODE    7B9BH     0017H     UNIT         ?PR?_ASCIITOBCD?UART1
            CODE    7BB2H     0016H     UNIT         ?PR?I2C_ACK?IOEXPANDER_PI4IOE5V96248
            CODE    7BC8H     0015H     UNIT         ?PR?_DISPLAY_LINE?LCD_DRIVER_SPLC780D
            CODE    7BDDH     0015H     UNIT         ?PR?VSETLOCATION?BIPOLARMOTOR
            CODE    7BF2H     0015H     UNIT         ?PR?I2C_STOP?IOEXPANDER_PI4IOE5V96248
            CODE    7C07H     0014H     UNIT         ?PR?_PCF85063BTL_DELAY?PCF85063BTL
            CODE    7C1BH     0014H     UNIT         ?PR?_ISSPACE?ISSPACE
            CODE    7C2FH     0011H     UNIT         ?PR?_SPI_READTIME?PCF85063BTL
            CODE    7C40H     0011H     UNIT         ?PR?_BCDTODEC?PCF85063BTL
            CODE    7C51H     0011H     UNIT         ?PR?INITUART1?UART1
            CODE    7C62H     000FH     UNIT         ?PR?I2C_START?IOEXPANDER_PI4IOE5V96248
            CODE    7C71H     000FH     UNIT         ?PR?UC_NACK?IOEXPANDER_PI4IOE5V96248
            CODE    7C80H     000FH     UNIT         ?PR?_ISDIGIT?ISDIGIT
            CODE    7C8FH     000DH     UNIT         ?PR?SPI_INIT?PCF85063BTL
            CODE    7C9CH     000DH     UNIT         ?PR?ENABLE_EXTINT0?SI1120
            CODE    7CA9H     000DH     UNIT         ?PR?_FABS?FABS
            CODE    7CB6H     000CH     UNIT         ?PR?KEYPAD_IO_INIT?KEYPAD
            CODE    7CC2H     000CH     UNIT         ?PR?_ABS?ABS
            CODE    7CCEH     000AH     UNIT         ?PR?LCD_RETURN_HOME?LCD_DRIVER_SPLC780D
            CODE    7CD8H     000AH     UNIT         ?PR?LCD_CLEAR?LCD_DRIVER_SPLC780D
            CODE    7CE2H     0009H     UNIT         ?PR?TM1_ISR?MAIN
            CODE    7CEBH     0009H     UNIT         ?PR?_SENDUART1?MAIN
            CODE    7CF4H     0009H     UNIT         ?PR?UART1_INITTCPCONN?UART1
            CODE    7CFDH     0006H     UNIT         ?PR?UC_ACK?IOEXPANDER_PI4IOE5V96248
            CODE    7D03H     0006H     UNIT         ?PR?_TEN?UART1
            CODE    7D09H     0001H     UNIT         ?PR?NOP?IOEXPANDER_PI4IOE5V96248
            CODE    7D0AH     0001H     UNIT         ?PR?_DECTOBCD?UART1



OVERLAY MAP OF MODULE:   .\Obj\GPIO_RTC_Test (MAIN)

BL51 BANKED LINKER/LOCATER V6.22                                                      08/30/2019  11:11:41  PAGE 5



SEGMENT                                             BIT_GROUP          DATA_GROUP          XDATA_GROUP
  +--> CALLED SEGMENT                            START    LENGTH     START    LENGTH     START    LENGTH
--------------------------------------------------------------------------------------------------------
?PR?EXINT0?MAIN                                  -----    -----      -----    -----      -----    -----
  +--> ?PR?_POW?POW

?PR?_POW?POW                                     -----    -----      -----    -----      03BCH    000AH
  +--> ?PR?LOG?LOG
  +--> ?PR?EXP?EXP

?PR?LOG?LOG                                      0020H.0  0000H.1    -----    -----      03C6H    0004H

*** NEW ROOT ***************************************************

?C_C51STARTUP                                    -----    -----      -----    -----      -----    -----
  +--> ?PR?MAIN?MAIN
  +--> ?C_INITSEG

?PR?MAIN?MAIN                                    -----    -----      -----    -----      03CAH    003EH
  +--> ?PR?LCD_INIT?LCD_DRIVER_SPLC780D
  +--> ?PR?SPI_INIT?PCF85063BTL
  +--> ?PR?KEYPAD_IO_INIT?KEYPAD
  +--> ?PR?ADC_INIT?ADC
  +--> ?PR?SI1120_CONFIG_MODE_VIRH?SI1120
  +--> ?PR?ENABLE_EXTINT0?SI1120
  +--> ?PR?VSETLOCATION?BIPOLARMOTOR
  +--> ?PR?_SPI_WRITETIME?PCF85063BTL
  +--> ?PR?_DELAY_MS?KEYPAD
  +--> ?PR?_DISPLAY_LINE?LCD_DRIVER_SPLC780D
  +--> ?PR?_WRITEDATA?LCD_DRIVER_SPLC780D
  +--> ?PR?INITUART1?UART1
  +--> ?PR?UART1_INITTCPCONN?UART1
  +--> ?CO?MAIN
  +--> ?PR?_UART1_SENDTOTCPSERVER?UART1
  +--> ?PR?KEY_PROCESS?KEYPAD
  +--> ?PR?_COMMAND?LCD_DRIVER_SPLC780D
  +--> ?PR?_DISPLAY_POS?LCD_DRIVER_SPLC780D
  +--> ?PR?_DISPLAYLCD?LCD_DRIVER_SPLC780D
  +--> ?PR?_STEP_MOVE?BIPOLARMOTOR
  +--> ?PR?LCD_RETURN_HOME?LCD_DRIVER_SPLC780D
  +--> ?PR?_READ_TIME?PCF85063BTL
  +--> ?PR?_BCDTODEC1?BIPOLARMOTOR
  +--> ?PR?_SENDSTRING?UART1
  +--> ?PR?_ELEVATION_CALCULATION?BIPOLARMOTOR
  +--> ?PR?_AZIMUTH_CALCULATION?BIPOLARMOTOR
  +--> ?PR?_THEORICALJP_POSITION?BIPOLARMOTOR
  +--> ?PR?PRINTF?PRINTF
  +--> ?PR?SIN?SIN
  +--> ?PR?_CALIBRATION?CALIBRATION
  +--> ?PR?_AT25SF041_READ?AT25SF041
  +--> ?PR?_WAIT_MS_SPINOR?AT25SF041
  +--> ?PR?AT25SF041_WRITEENABLE?AT25SF041
  +--> ?PR?_AT25SF041_WRITE?AT25SF041
  +--> ?PR?_ABS?ABS
  +--> ?PR?_FABS?FABS
  +--> ?PR?_ADC_GETRESULT?ADC
BL51 BANKED LINKER/LOCATER V6.22                                                      08/30/2019  11:11:41  PAGE 6


  +--> ?PR?SPI_NOR_WRITE_DATA?AT25SF041
  +--> ?PR?_WAIT_MS?LCD_DRIVER_SPLC780D
  +--> ?PR?_UPDATE_POSITION?BIPOLARMOTOR
  +--> ?PR?LINEAR_INTERPOLATE?BIPOLARMOTOR
  +--> ?PR?AT25SF041_CHIPERASE?AT25SF041
  +--> ?PR?LCD_CLEAR?LCD_DRIVER_SPLC780D

?PR?LCD_INIT?LCD_DRIVER_SPLC780D                 -----    -----      -----    -----      -----    -----
  +--> ?PR?_WAIT_MS?LCD_DRIVER_SPLC780D
  +--> ?PR?_COMMAND?LCD_DRIVER_SPLC780D

?PR?_COMMAND?LCD_DRIVER_SPLC780D                 -----    -----      -----    -----      -----    -----
  +--> ?PR?_WAIT_MS?LCD_DRIVER_SPLC780D

?PR?SI1120_CONFIG_MODE_VIRH?SI1120               -----    -----      -----    -----      -----    -----
  +--> ?PR?_WAIT_MS?LCD_DRIVER_SPLC780D

?PR?_SPI_WRITETIME?PCF85063BTL                   -----    -----      -----    -----      -----    -----
  +--> ?PR?_SPI_SENDBYTE?PCF85063BTL

?PR?_SPI_SENDBYTE?PCF85063BTL                    -----    -----      -----    -----      -----    -----
  +--> ?PR?_PCF85063BTL_DELAY?PCF85063BTL

?PR?_DISPLAY_LINE?LCD_DRIVER_SPLC780D            -----    -----      -----    -----      -----    -----
  +--> ?PR?_COMMAND?LCD_DRIVER_SPLC780D

?PR?_WRITEDATA?LCD_DRIVER_SPLC780D               -----    -----      -----    -----      0508H    0001H
  +--> ?PR?_WAIT_MS?LCD_DRIVER_SPLC780D

?PR?UART1_INITTCPCONN?UART1                      -----    -----      -----    -----      -----    -----
  +--> ?CO?UART1
  +--> ?PR?_SENDSTRING?UART1

?PR?_SENDSTRING?UART1                            -----    -----      -----    -----      04FDH    0003H
  +--> ?PR?_SENDUART1?MAIN

?PR?_UART1_SENDTOTCPSERVER?UART1                 -----    -----      -----    -----      0408H    0003H
  +--> ?CO?UART1
  +--> ?PR?_SENDSTRING?UART1
  +--> ?PR?_DELAY_MS?KEYPAD

?PR?KEY_PROCESS?KEYPAD                           -----    -----      -----    -----      0408H    0006H
  +--> ?PR?KEY_SCAN?KEYPAD
  +--> ?PR?_SPI_WRITETIME?PCF85063BTL
  +--> ?PR?LCD_CLEAR?LCD_DRIVER_SPLC780D
  +--> ?PR?_COMMAND?LCD_DRIVER_SPLC780D
  +--> ?PR?_WRITEDATA?LCD_DRIVER_SPLC780D

?PR?KEY_SCAN?KEYPAD                              -----    -----      -----    -----      040EH    0003H

?PR?LCD_CLEAR?LCD_DRIVER_SPLC780D                -----    -----      -----    -----      -----    -----
  +--> ?PR?_COMMAND?LCD_DRIVER_SPLC780D

?PR?_DISPLAY_POS?LCD_DRIVER_SPLC780D             -----    -----      -----    -----      04FDH    000BH
  +--> ?PR?_ABS?ABS
  +--> ?PR?_WRITEDATA?LCD_DRIVER_SPLC780D

BL51 BANKED LINKER/LOCATER V6.22                                                      08/30/2019  11:11:41  PAGE 7


?PR?_DISPLAYLCD?LCD_DRIVER_SPLC780D              -----    -----      -----    -----      0408H    0001H
  +--> ?PR?_WRITEDATA?LCD_DRIVER_SPLC780D

?PR?_STEP_MOVE?BIPOLARMOTOR                      0020H.2  0000H.1    -----    -----      0501H    0004H
  +--> ?PR?VONESTEPMOVE?BIPOLARMOTOR

?PR?VONESTEPMOVE?BIPOLARMOTOR                    0020H.3  0000H.1    -----    -----      -----    -----
  +--> ?PR?_WRITE_PI4IOE5V96248?IOEXPANDER_P...
  +--> ?PR?_DELAY_MS?KEYPAD

?PR?_WRITE_PI4IOE5V96248?IOEXPANDER_P...         -----    -----      -----    -----      0505H    0003H
  +--> ?PR?I2C_START?IOEXPANDER_PI4IOE5V96248
  +--> ?PR?_WAIT_MS_I2C?IOEXPANDER_PI4IOE5V9...
  +--> ?PR?_I2C_SENDBYTE?IOEXPANDER_PI4IOE5V...
  +--> ?PR?I2C_ACK?IOEXPANDER_PI4IOE5V96248
  +--> ?PR?I2C_STOP?IOEXPANDER_PI4IOE5V96248

?PR?I2C_START?IOEXPANDER_PI4IOE5V96248           -----    -----      -----    -----      -----    -----
  +--> ?PR?_WAIT_MS_I2C?IOEXPANDER_PI4IOE5V9...

?PR?_I2C_SENDBYTE?IOEXPANDER_PI4IOE5V...         -----    -----      -----    -----      -----    -----
  +--> ?PR?_WAIT_MS_I2C?IOEXPANDER_PI4IOE5V9...

?PR?I2C_ACK?IOEXPANDER_PI4IOE5V96248             -----    -----      -----    -----      0508H    0001H
  +--> ?PR?_WAIT_MS_I2C?IOEXPANDER_PI4IOE5V9...

?PR?I2C_STOP?IOEXPANDER_PI4IOE5V96248            -----    -----      -----    -----      -----    -----
  +--> ?PR?_WAIT_MS_I2C?IOEXPANDER_PI4IOE5V9...

?PR?LCD_RETURN_HOME?LCD_DRIVER_SPLC780D          -----    -----      -----    -----      -----    -----
  +--> ?PR?_COMMAND?LCD_DRIVER_SPLC780D

?PR?_READ_TIME?PCF85063BTL                       -----    -----      -----    -----      04FDH    000FH
  +--> ?PR?_SPI_READTIME?PCF85063BTL

?PR?_SPI_READTIME?PCF85063BTL                    -----    -----      -----    -----      -----    -----
  +--> ?PR?_SPI_SENDBYTE?PCF85063BTL
  +--> ?PR?SPI_RECEIVEBYTE?PCF85063BTL

?PR?SPI_RECEIVEBYTE?PCF85063BTL                  -----    -----      -----    -----      -----    -----
  +--> ?PR?_PCF85063BTL_DELAY?PCF85063BTL

?PR?_ELEVATION_CALCULATION?BIPOLARMOTOR          -----    -----      -----    -----      0408H    0005H
  +--> ?PR?_BCDTODEC1?BIPOLARMOTOR
  +--> ?PR?SUNPOS?SUNPOS
  +--> ?PR?SIN?SIN
  +--> ?PR?ASIN?ASIN

?PR?SUNPOS?SUNPOS                                -----    -----      -----    -----      0452H    005DH
  +--> ?PR?SIN?SIN
  +--> ?PR?_ATAN2?ATAN2
  +--> ?PR?ASIN?ASIN
  +--> ?PR?ACOS?ACOS

?PR?SIN?SIN                                      0020H.1  0000H.1    -----    -----      04AFH    0004H

?PR?_ATAN2?ATAN2                                 -----    -----      -----    -----      04AFH    0008H
BL51 BANKED LINKER/LOCATER V6.22                                                      08/30/2019  11:11:41  PAGE 8


  +--> ?PR?ATAN?ATAN

?PR?ATAN?ATAN                                    0020H.1  0000H.2    -----    -----      04B7H    0004H

?PR?ASIN?ASIN                                    -----    -----      -----    -----      -----    -----
  +--> ?PR?SQRT?SQRT
  +--> ?PR?ATAN?ATAN

?PR?SQRT?SQRT                                    -----    -----      -----    -----      04AFH    0004H

?PR?ACOS?ACOS                                    -----    -----      -----    -----      -----    -----
  +--> ?PR?SQRT?SQRT
  +--> ?PR?ATAN?ATAN

?PR?_AZIMUTH_CALCULATION?BIPOLARMOTOR            -----    -----      -----    -----      0408H    0009H
  +--> ?PR?_BCDTODEC1?BIPOLARMOTOR
  +--> ?PR?SUNPOS?SUNPOS
  +--> ?PR?SIN?SIN
  +--> ?PR?ASIN?ASIN

?PR?_THEORICALJP_POSITION?BIPOLARMOTOR           -----    -----      -----    -----      0452H    005CH
  +--> ?PR?LINEAR_INTERPOLATE?BIPOLARMOTOR

?PR?LINEAR_INTERPOLATE?BIPOLARMOTOR              -----    -----      -----    -----      04AEH    0014H

?PR?PRINTF?PRINTF                                0020H.1  0001H.1    0008H    0005H      04FDH    0030H
  +--> ?PR?PUTCHAR?PUTCHAR

?PR?_CALIBRATION?CALIBRATION                     -----    -----      -----    -----      0408H    0024H
  +--> ?PR?VOLTAGE_IS_STABLE?CALIBRATION
  +--> ?PR?_UPDATE_POSITION?BIPOLARMOTOR
  +--> ?PR?_FIND_REAL_MAX?CALIBRATION

?PR?VOLTAGE_IS_STABLE?CALIBRATION                -----    -----      -----    -----      042CH    0018H
  +--> ?PR?_ADC_GETRESULT?ADC
  +--> ?PR?_ABS?ABS

?PR?_UPDATE_POSITION?BIPOLARMOTOR                -----    -----      -----    -----      042CH    0026H
  +--> ?PR?_BCDTODEC1?BIPOLARMOTOR
  +--> ?PR?SUNPOS?SUNPOS
  +--> ?PR?SIN?SIN
  +--> ?PR?ASIN?ASIN
  +--> ?PR?_THEORICALJP_POSITION?BIPOLARMOTOR
  +--> ?PR?_FABS?FABS
  +--> ?PR?_MOVE?BIPOLARMOTOR

?PR?_MOVE?BIPOLARMOTOR                           0020H.1  0000H.1    -----    -----      04FDH    0004H
  +--> ?PR?_STEP_MOVE?BIPOLARMOTOR

?PR?_FIND_REAL_MAX?CALIBRATION                   -----    -----      -----    -----      042CH    00D1H
  +--> ?PR?_ADC_GETRESULT?ADC
  +--> ?PR?_WAIT_MS?LCD_DRIVER_SPLC780D
  +--> ?CO?CALIBRATION
  +--> ?PR?PRINTF?PRINTF
  +--> ?PR?_SENDSTRING?UART1
  +--> ?PR?_COMMAND?LCD_DRIVER_SPLC780D
  +--> ?PR?_WRITEDATA?LCD_DRIVER_SPLC780D
BL51 BANKED LINKER/LOCATER V6.22                                                      08/30/2019  11:11:41  PAGE 9


  +--> ?PR?_DISPLAY_POS?LCD_DRIVER_SPLC780D
  +--> ?PR?_MOVE?BIPOLARMOTOR
  +--> ?PR?_READ_TIME?PCF85063BTL
  +--> ?PR?_BCDTODEC1?BIPOLARMOTOR
  +--> ?PR?_MAX_VALUE?CALIBRATION

?PR?_MAX_VALUE?CALIBRATION                       -----    -----      -----    -----      04FDH    0004H

?PR?_AT25SF041_READ?AT25SF041                    -----    -----      -----    -----      0408H    0008H
  +--> ?PR?_WAIT_MS_SPINOR?AT25SF041
  +--> ?PR?UCREAD_STATUS_REGISTER_BYTE1?AT25...

?PR?UCREAD_STATUS_REGISTER_BYTE1?AT25...         -----    -----      -----    -----      041EH    0003H
  +--> ?PR?_WAIT_MS_SPINOR?AT25SF041

?PR?AT25SF041_WRITEENABLE?AT25SF041              -----    -----      -----    -----      0416H    0002H
  +--> ?PR?_WAIT_MS_SPINOR?AT25SF041
  +--> ?PR?UCREAD_STATUS_REGISTER_BYTE1?AT25...

?PR?_AT25SF041_WRITE?AT25SF041                   -----    -----      -----    -----      0416H    0008H
  +--> ?PR?_WAIT_MS_SPINOR?AT25SF041
  +--> ?PR?UCREAD_STATUS_REGISTER_BYTE1?AT25...

?PR?SPI_NOR_WRITE_DATA?AT25SF041                 -----    -----      -----    -----      0408H    000EH
  +--> ?PR?AT25SF041_WRITEENABLE?AT25SF041
  +--> ?PR?_AT25SF041_WRITE?AT25SF041
  +--> ?PR?_WAIT_MS_SPINOR?AT25SF041

?PR?AT25SF041_CHIPERASE?AT25SF041                -----    -----      -----    -----      0408H    0002H
  +--> ?PR?_WAIT_MS_SPINOR?AT25SF041
  +--> ?PR?UCREAD_STATUS_REGISTER_BYTE1?AT25...



SYMBOL TABLE OF MODULE:  .\Obj\GPIO_RTC_Test (MAIN)

  VALUE           TYPE          NAME
  ----------------------------------

  -------         MODULE        MAIN
  C:0000H         SYMBOL        _ICE_DUMMY_
  X:0535H         PUBLIC        calib_value
  D:0080H         PUBLIC        P0
  D:0090H         PUBLIC        P1
  D:00A0H         PUBLIC        P2
  D:00B0H         PUBLIC        P3
  D:00C0H         PUBLIC        P4
  D:00C8H         PUBLIC        P5
  X:0589H         SYMBOL        PressedKey
  B:00A8H.7       PUBLIC        EA
  D:00E8H         PUBLIC        P6
  X:058DH         PUBLIC        calib_stamp
  D:00F8H         PUBLIC        P7
  X:058EH         PUBLIC        sTempString
  X:0597H         PUBLIC        calib_bool
  X:05C1H         PUBLIC        pwm_time_min
  D:00A8H         PUBLIC        IE
BL51 BANKED LINKER/LOCATER V6.22                                                      08/30/2019  11:11:41  PAGE 10


  X:05C5H         PUBLIC        calib_time
  X:0619H         PUBLIC        pwm_time_max
  B:0090H.7       PUBLIC        Connect_Electronics_Load
  D:00B8H         PUBLIC        IP
  B:0098H.0       PUBLIC        RI
  B:00B0H.2       PUBLIC        INT0
  X:061DH         PUBLIC        months
  B:0098H.1       PUBLIC        TI
  C:000EH         PUBLIC        Uart
  D:00D8H         PUBLIC        CCON
  C:0026H         PUBLIC        main
  X:061EH         PUBLIC        found_1st_point
  X:0620H         PUBLIC        i_point1
  X:0622H         PUBLIC        i_point2
  X:0624H         PUBLIC        count
  B:0090H.2       PUBLIC        Connect_IV_Load
  D:0099H         PUBLIC        SBUF
  X:0626H         PUBLIC        days
  X:0627H         PUBLIC        hours
  D:0098H         PUBLIC        SCON
  D:0089H         PUBLIC        TMOD
  D:0088H         PUBLIC        TCON
  B:00A0H.3       PUBLIC        P23
  X:0628H         SYMBOL        KeyCount
  X:062AH         PUBLIC        mins
  B:00C8H.5       PUBLIC        P55
  X:062BH         PUBLIC        diff_of_offset
  D:008EH         PUBLIC        AUXR
  C:7ACDH         PUBLIC        tm0_isr
  B:0090H.5       PUBLIC        SI1120_STX
  C:7CE2H         PUBLIC        tm1_isr
  B:0021H.2       PUBLIC        busy
  D:00E0H         PUBLIC        ACC
  B:00A8H.1       PUBLIC        ET0
  B:00A8H.3       PUBLIC        ET1
  X:062FH         PUBLIC        SPI_NOR_INTERNAL_FLASH_ADDR
  D:008CH         PUBLIC        TH0
  D:008DH         PUBLIC        TH1
  D:008AH         PUBLIC        TL0
  D:008BH         PUBLIC        TL1
  X:0633H         PUBLIC        ii
  X:0635H         PUBLIC        jj
  B:0088H.4       PUBLIC        TR0
  B:0088H.6       PUBLIC        TR1
  X:0637H         PUBLIC        old_mins
  C:6C47H         PUBLIC        exint0
  X:0638H         SYMBOL        KeyNum
  X:0639H         SYMBOL        KeyNum_Old
  X:063AH         PUBLIC        timer0_count
  X:063CH         PUBLIC        current_position
  X:0640H         PUBLIC        pwm_time
  X:0644H         PUBLIC        i
  X:0646H         PUBLIC        j
  X:0648H         PUBLIC        start_timer0_count
  X:0649H         PUBLIC        seconds
  D:00D0H         PUBLIC        PSW
  C:7CEBH         PUBLIC        _SendUART1
BL51 BANKED LINKER/LOCATER V6.22                                                      08/30/2019  11:11:41  PAGE 11


  -------         PROC          TM0_ISR
  C:7ACDH         LINE#         110
  C:7AD3H         LINE#         114
  C:7AD6H         LINE#         115
  C:7AD9H         LINE#         116
  C:7AE7H         LINE#         117
  -------         ENDPROC       TM0_ISR
  -------         PROC          TM1_ISR
  C:7CE2H         LINE#         118
  C:7CE2H         LINE#         120
  C:7CE4H         LINE#         122
  C:7CE7H         LINE#         123
  C:7CEAH         LINE#         124
  -------         ENDPROC       TM1_ISR
  -------         PROC          EXINT0
  C:6C47H         LINE#         125
  C:6C64H         LINE#         129
  C:6C67H         LINE#         130
  C:6C67H         LINE#         131
  C:6C6AH         LINE#         132
  C:6C6DH         LINE#         133
  C:6C6FH         LINE#         134
  C:6C71H         LINE#         138
  C:6C74H         LINE#         141
  C:6C74H         LINE#         142
  C:6C76H         LINE#         144
  C:6C82H         LINE#         145
  C:6CDCH         LINE#         146
  C:6D1AH         LINE#         147
  C:6D21H         LINE#         152
  C:6D21H         LINE#         154
  -------         ENDPROC       EXINT0
  -------         PROC          MAIN
  -------         DO            
  X:052DH         SYMBOL        KeyCount
  X:052FH         SYMBOL        KeyNum_Old
  X:0530H         SYMBOL        KeyNum
  X:0531H         SYMBOL        PressedKey
  X:03CAH         SYMBOL        prox_flag
  X:03CBH         SYMBOL        iUse_prevday_calib_value
  X:03CDH         SYMBOL        max_ADC_Val_JP
  X:03CFH         SYMBOL        max_ADC_Val
  X:03D1H         SYMBOL        calib_point1
  X:03D9H         SYMBOL        calib_point2
  X:03E1H         SYMBOL        dat_to_store
  X:03ECH         SYMBOL        calib_day
  X:03EEH         SYMBOL        calib_count
  X:03F0H         SYMBOL        theorical_JP_max_pos
  X:03F4H         SYMBOL        elevation
  X:03F8H         SYMBOL        azimuth
  X:03FCH         SYMBOL        prev_elevation
  X:0400H         SYMBOL        prev_azimuth
  X:0404H         SYMBOL        JP_Pos_Offset
  -------         ENDDO         
  C:0026H         LINE#         156
  C:0026H         LINE#         157
  C:0026H         LINE#         162
BL51 BANKED LINKER/LOCATER V6.22                                                      08/30/2019  11:11:41  PAGE 12


  C:002CH         LINE#         163
  C:0031H         LINE#         165
  C:0039H         LINE#         169
  C:003FH         LINE#         170
  C:007BH         LINE#         181
  C:0083H         LINE#         182
  C:008AH         LINE#         183
  C:0090H         LINE#         185
  C:0096H         LINE#         197
  C:0099H         LINE#         198
  C:009CH         LINE#         199
  C:009FH         LINE#         201
  C:00A2H         LINE#         204
  C:00A5H         LINE#         205
  C:00A8H         LINE#         207
  C:00ABH         LINE#         209
  C:00AEH         LINE#         210
  C:00B1H         LINE#         211
  C:00B4H         LINE#         212
  C:00B6H         LINE#         213
  C:00B8H         LINE#         214
  C:00BBH         LINE#         215
  C:00BDH         LINE#         216
  C:00BFH         LINE#         218
  C:00C1H         LINE#         219
  C:00C8H         LINE#         220
  C:00CFH         LINE#         221
  C:00D6H         LINE#         222
  C:00DDH         LINE#         226
  C:00E4H         LINE#         227
  C:00E9H         LINE#         228
  C:00EEH         LINE#         229
  C:00F3H         LINE#         230
  C:00F8H         LINE#         231
  C:00FDH         LINE#         234
  C:0104H         LINE#         235
  C:0104H         LINE#         236
  C:0127H         LINE#         237
  C:0171H         LINE#         238
  C:0186H         LINE#         239
  C:01A3H         LINE#         240
  C:01A6H         LINE#         243
  C:01ADH         LINE#         246
  C:01B0H         LINE#         248
  C:01B7H         LINE#         249
  C:01C0H         LINE#         252
  C:01C0H         LINE#         253
  C:01C0H         LINE#         254
  C:01C3H         LINE#         264
  C:01C3H         LINE#         268
  C:01C8H         LINE#         269
  C:01CDH         LINE#         271
  C:01D2H         LINE#         273
  C:01D7H         LINE#         274
  C:01DCH         LINE#         277
  C:01EDH         LINE#         279
  C:01F2H         LINE#         280
BL51 BANKED LINKER/LOCATER V6.22                                                      08/30/2019  11:11:41  PAGE 13


  C:01F7H         LINE#         282
  C:01FEH         LINE#         283
  C:0206H         LINE#         284
  C:020BH         LINE#         285
  C:0213H         LINE#         286
  C:0218H         LINE#         287
  C:0222H         LINE#         288
  C:0227H         LINE#         289
  C:022FH         LINE#         291
  C:0237H         LINE#         292
  C:023CH         LINE#         293
  C:0246H         LINE#         294
  C:0246H         LINE#         295
  C:0248H         LINE#         296
  C:024AH         LINE#         297
  C:0254H         LINE#         298
  C:0254H         LINE#         299
  C:0259H         LINE#         300
  C:0259H         LINE#         312
  C:026DH         LINE#         313
  C:026DH         LINE#         314
  C:0282H         LINE#         315
  C:0291H         LINE#         316
  C:0291H         LINE#         317
  C:02A4H         LINE#         318
  C:02A6H         LINE#         320
  C:02A6H         LINE#         321
  C:02C2H         LINE#         322
  C:02C2H         LINE#         323
  C:02C7H         LINE#         324
  C:02C7H         LINE#         325
  C:02DBH         LINE#         326
  C:02DBH         LINE#         329
  C:02F0H         LINE#         330
  C:02FFH         LINE#         331
  C:02FFH         LINE#         332
  C:0312H         LINE#         333
  C:0314H         LINE#         335
  C:0314H         LINE#         336
  C:0330H         LINE#         337
  C:0330H         LINE#         338
  C:0335H         LINE#         339
  C:033BH         LINE#         340
  C:033BH         LINE#         342
  C:035DH         LINE#         343
  C:035DH         LINE#         344
  C:0367H         LINE#         345
  C:036DH         LINE#         346
  C:0374H         LINE#         347
  C:037AH         LINE#         348
  C:0381H         LINE#         349
  C:0381H         LINE#         350
  C:0384H         LINE#         352
  C:0384H         LINE#         357
  C:038CH         LINE#         358
  C:03C7H         LINE#         359
  C:03E5H         LINE#         360
BL51 BANKED LINKER/LOCATER V6.22                                                      08/30/2019  11:11:41  PAGE 14


  C:03E5H         LINE#         362
  C:03EEH         LINE#         363
  C:03F5H         LINE#         364
  C:03FEH         LINE#         365
  C:0405H         LINE#         367
  C:0405H         LINE#         371
  C:0412H         LINE#         372
  C:0412H         LINE#         379
  C:0412H         LINE#         380
  C:043AH         LINE#         381
  C:043AH         LINE#         382
  C:045CH         LINE#         383
  C:045CH         LINE#         385
  C:0482H         LINE#         386
  C:04A8H         LINE#         388
  C:04D0H         LINE#         389
  C:04F8H         LINE#         390
  C:0571H         LINE#         394
  C:05C7H         LINE#         395
  C:05D0H         LINE#         396
  C:05D7H         LINE#         397
  C:05E0H         LINE#         398
  C:05E9H         LINE#         399
  C:05F0H         LINE#         403
  C:062DH         LINE#         411
  C:062DH         LINE#         413
  C:06A9H         LINE#         414
  C:06C2H         LINE#         415
  C:06C4H         LINE#         416
  C:06C6H         LINE#         418
  C:0750H         LINE#         423
  C:077EH         LINE#         424
  C:077EH         LINE#         427
  C:07A1H         LINE#         428
  C:07B6H         LINE#         429
  C:07C0H         LINE#         431
  C:07C3H         LINE#         433
  C:07C3H         LINE#         434
  C:07E9H         LINE#         435
  C:07E9H         LINE#         436
  C:0811H         LINE#         437
  C:08C0H         LINE#         438
  C:08E6H         LINE#         439
  C:0998H         LINE#         442
  C:0998H         LINE#         444
  C:099FH         LINE#         445
  C:09A2H         LINE#         448
  C:09D7H         LINE#         449
  C:09DEH         LINE#         450
  C:09E1H         LINE#         452
  C:0A1BH         LINE#         453
  C:0A47H         LINE#         455
  C:0A76H         LINE#         457
  C:0A7DH         LINE#         458
  C:0A84H         LINE#         459
  C:0A87H         LINE#         462
  C:0AEFH         LINE#         464
BL51 BANKED LINKER/LOCATER V6.22                                                      08/30/2019  11:11:41  PAGE 15


  C:0AF6H         LINE#         466
  C:0AFDH         LINE#         467
  C:0B00H         LINE#         470
  C:0BBFH         LINE#         472
  C:0BC6H         LINE#         473
  C:0BC6H         LINE#         475
  C:0BC9H         LINE#         477
  C:0BC9H         LINE#         479
  C:0BD0H         LINE#         480
  C:0BD0H         LINE#         481
  C:0BD3H         LINE#         482
  C:0BF1H         LINE#         483
  C:0BF8H         LINE#         484
  C:0C17H         LINE#         485
  C:0C36H         LINE#         487
  C:0CB2H         LINE#         488
  C:0CCEH         LINE#         490
  C:0CD0H         LINE#         491
  C:0CD2H         LINE#         493
  C:0D09H         LINE#         494
  C:0D16H         LINE#         495
  C:0D25H         LINE#         499
  C:0D25H         LINE#         501
  C:0D2DH         LINE#         502
  C:0D35H         LINE#         503
  C:0D3DH         LINE#         504
  C:0D45H         LINE#         506
  C:0D59H         LINE#         507
  C:0D6FH         LINE#         508
  C:0D9FH         LINE#         509
  C:0DBFH         LINE#         511
  C:0DD3H         LINE#         512
  C:0DE9H         LINE#         513
  C:0E19H         LINE#         514
  C:0E20H         LINE#         516
  C:0E44H         LINE#         519
  C:0E6FH         LINE#         521
  C:0E78H         LINE#         522
  C:0E7FH         LINE#         523
  C:0E88H         LINE#         524
  C:0E91H         LINE#         525
  C:0E98H         LINE#         527
  C:0ED5H         LINE#         529
  C:0EDEH         LINE#         530
  C:0EE5H         LINE#         531
  C:0EEEH         LINE#         532
  C:0EF7H         LINE#         533
  C:0EFEH         LINE#         535
  C:0F29H         LINE#         537
  C:0F32H         LINE#         538
  C:0F39H         LINE#         539
  C:0F42H         LINE#         540
  C:0F4BH         LINE#         541
  C:0F52H         LINE#         543
  C:0F7DH         LINE#         545
  C:0F86H         LINE#         546
  C:0F8DH         LINE#         547
BL51 BANKED LINKER/LOCATER V6.22                                                      08/30/2019  11:11:41  PAGE 16


  C:0F96H         LINE#         548
  C:0F9DH         LINE#         549
  C:0FA6H         LINE#         550
  C:0FADH         LINE#         552
  C:0FAFH         LINE#         554
  C:0FBDH         LINE#         555
  C:0FBDH         LINE#         556
  C:0FC5H         LINE#         559
  C:0FC5H         LINE#         560
  C:0FC5H         LINE#         562
  C:0FEAH         LINE#         563
  C:0FEAH         LINE#         564
  C:100CH         LINE#         565
  C:100CH         LINE#         566
  C:1088H         LINE#         567
  C:108AH         LINE#         568
  C:108CH         LINE#         570
  C:10E4H         LINE#         573
  C:10F3H         LINE#         574
  C:10F3H         LINE#         575
  C:10F3H         LINE#         576
  C:10F3H         LINE#         577
  C:10F3H         LINE#         578
  C:10F3H         LINE#         579
  C:10F3H         LINE#         580
  C:10F3H         LINE#         583
  C:10F3H         LINE#         585
  C:10F3H         LINE#         586
  C:10F3H         LINE#         587
  C:10F3H         LINE#         588
  C:10F3H         LINE#         592
  C:10F3H         LINE#         594
  C:10F3H         LINE#         596
  C:10F3H         LINE#         597
  C:10F3H         LINE#         598
  C:10F3H         LINE#         599
  C:10F3H         LINE#         600
  C:10F3H         LINE#         601
  C:10F3H         LINE#         604
  C:10F3H         LINE#         606
  C:10F3H         LINE#         607
  C:10F3H         LINE#         608
  C:10F3H         LINE#         609
  C:10F3H         LINE#         610
  C:10F3H         LINE#         611
  C:10F3H         LINE#         612
  C:10F3H         LINE#         614
  C:10F6H         LINE#         617
  C:111DH         LINE#         618
  C:111DH         LINE#         621
  C:113FH         LINE#         622
  C:113FH         LINE#         624
  C:11BBH         LINE#         626
  C:11E8H         LINE#         627
  C:1203H         LINE#         633
  C:1205H         LINE#         634
  C:1207H         LINE#         642
BL51 BANKED LINKER/LOCATER V6.22                                                      08/30/2019  11:11:41  PAGE 17


  C:1234H         LINE#         644
  C:125BH         LINE#         645
  C:12CFH         LINE#         647
  C:135BH         LINE#         651
  C:137EH         LINE#         652
  C:137EH         LINE#         653
  C:141AH         LINE#         654
  C:141DH         LINE#         656
  C:141DH         LINE#         657
  C:1445H         LINE#         658
  C:14B9H         LINE#         660
  C:1534H         LINE#         667
  C:15E1H         LINE#         672
  C:15E8H         LINE#         673
  C:15F9H         LINE#         675
  C:15F9H         LINE#         678
  C:1608H         LINE#         679
  C:1608H         LINE#         680
  C:1686H         LINE#         681
  C:168FH         LINE#         682
  C:1696H         LINE#         683
  C:169FH         LINE#         684
  C:16A8H         LINE#         685
  C:16AFH         LINE#         688
  C:16DAH         LINE#         690
  C:16E3H         LINE#         691
  C:16EAH         LINE#         692
  C:16F3H         LINE#         693
  C:16FCH         LINE#         697
  C:1703H         LINE#         699
  C:172EH         LINE#         701
  C:1737H         LINE#         702
  C:173EH         LINE#         703
  C:1747H         LINE#         704
  C:174EH         LINE#         706
  C:1757H         LINE#         707
  C:175EH         LINE#         710
  C:179CH         LINE#         712
  C:17A5H         LINE#         713
  C:17ACH         LINE#         714
  C:17B5H         LINE#         715
  C:17BEH         LINE#         716
  C:17C5H         LINE#         717
  C:17C5H         LINE#         719
  C:17C5H         LINE#         721
  C:17C5H         LINE#         722
  C:17C5H         LINE#         724
  C:17C5H         LINE#         728
  C:17E1H         LINE#         729
  C:17E1H         LINE#         730
  C:17E3H         LINE#         733
  C:17E6H         LINE#         735
  C:1814H         LINE#         736
  C:1814H         LINE#         737
  C:1816H         LINE#         739
  C:1825H         LINE#         740
  C:1825H         LINE#         742
BL51 BANKED LINKER/LOCATER V6.22                                                      08/30/2019  11:11:41  PAGE 18


  C:1828H         LINE#         744
  C:182BH         LINE#         745
  C:1832H         LINE#         747
  C:184EH         LINE#         748
  C:184EH         LINE#         749
  C:186BH         LINE#         750
  C:186BH         LINE#         751
  C:1871H         LINE#         752
  C:1874H         LINE#         755
  C:18A9H         LINE#         756
  C:18B0H         LINE#         757
  C:18B3H         LINE#         759
  C:18EDH         LINE#         760
  C:1903H         LINE#         762
  C:191CH         LINE#         764
  C:1923H         LINE#         765
  C:192AH         LINE#         766
  C:192DH         LINE#         769
  C:1982H         LINE#         771
  C:1989H         LINE#         773
  C:1990H         LINE#         774
  C:1993H         LINE#         777
  C:1A3FH         LINE#         779
  C:1A46H         LINE#         780
  C:1A46H         LINE#         781
  C:1A57H         LINE#         783
  C:1A57H         LINE#         787
  C:1A5EH         LINE#         788
  C:1A5EH         LINE#         791
  C:1A6DH         LINE#         792
  C:1A6DH         LINE#         793
  C:1A9FH         LINE#         794
  C:1A9FH         LINE#         795
  C:1B1EH         LINE#         797
  C:1B25H         LINE#         798
  C:1B28H         LINE#         800
  C:1B62H         LINE#         801
  C:1B78H         LINE#         803
  C:1B91H         LINE#         805
  C:1B98H         LINE#         806
  C:1B9FH         LINE#         807
  C:1BA2H         LINE#         809
  C:1BF7H         LINE#         810
  C:1BFEH         LINE#         812
  C:1C05H         LINE#         813
  C:1C08H         LINE#         815
  C:1CB4H         LINE#         816
  C:1CBBH         LINE#         818
  C:1CC2H         LINE#         819
  C:1CC5H         LINE#         821
  C:1CE9H         LINE#         822
  C:1CF0H         LINE#         823
  C:1D01H         LINE#         826
  C:1D15H         LINE#         827
  C:1D29H         LINE#         828
  C:1D38H         LINE#         829
  C:1D38H         LINE#         831
BL51 BANKED LINKER/LOCATER V6.22                                                      08/30/2019  11:11:41  PAGE 19


  C:1D64H         LINE#         832
  C:1D64H         LINE#         833
  C:1D91H         LINE#         840
  C:1DACH         LINE#         843
  C:1DBBH         LINE#         844
  C:1DBEH         LINE#         847
  C:1DEEH         LINE#         848
  C:1DEEH         LINE#         850
  C:1E1BH         LINE#         856
  C:1E36H         LINE#         859
  C:1E46H         LINE#         860
  C:1E4CH         LINE#         861
  C:1E60H         LINE#         862
  C:1E74H         LINE#         863
  C:1E7CH         LINE#         864
  C:1E89H         LINE#         865
  C:1E89H         LINE#         866
  C:1EADH         LINE#         867
  C:1EADH         LINE#         868
  C:1EF7H         LINE#         869
  C:1EFEH         LINE#         870
  C:1F01H         LINE#         873
  C:1F25H         LINE#         875
  C:1F2CH         LINE#         876
  C:1F2FH         LINE#         878
  C:1F62H         LINE#         879
  C:1F81H         LINE#         881
  C:1FA3H         LINE#         883
  C:1FAAH         LINE#         885
  C:1FB1H         LINE#         886
  C:1FB4H         LINE#         888
  C:2009H         LINE#         889
  C:2010H         LINE#         891
  C:2017H         LINE#         892
  C:201AH         LINE#         894
  C:20C6H         LINE#         895
  C:20CDH         LINE#         896
  C:20DEH         LINE#         897
  C:20DEH         LINE#         898
  C:20DEH         LINE#         902
  C:2100H         LINE#         903
  C:210DH         LINE#         904
  C:210DH         LINE#         905
  C:2130H         LINE#         906
  C:2130H         LINE#         907
  C:2180H         LINE#         908
  C:2180H         LINE#         909
  C:2187H         LINE#         910
  C:218AH         LINE#         912
  C:21C4H         LINE#         913
  C:21DAH         LINE#         915
  C:21F3H         LINE#         917
  C:21FAH         LINE#         918
  C:2201H         LINE#         919
  C:2204H         LINE#         921
  C:2259H         LINE#         922
  C:2260H         LINE#         924
BL51 BANKED LINKER/LOCATER V6.22                                                      08/30/2019  11:11:41  PAGE 20


  C:2267H         LINE#         925
  C:226AH         LINE#         927
  C:2316H         LINE#         928
  C:231DH         LINE#         930
  C:2324H         LINE#         931
  C:2327H         LINE#         933
  C:234BH         LINE#         934
  C:2352H         LINE#         935
  C:2352H         LINE#         936
  C:2363H         LINE#         937
  C:2363H         LINE#         938
  C:2363H         LINE#         939
  C:238DH         LINE#         940
  C:238DH         LINE#         943
  C:2394H         LINE#         944
  C:239BH         LINE#         946
  C:23A1H         LINE#         947
  C:23A1H         LINE#         948
  C:23C4H         LINE#         949
  C:23D9H         LINE#         951
  C:23F3H         LINE#         953
  C:23F3H         LINE#         956
  C:2402H         LINE#         957
  C:2402H         LINE#         958
  C:2405H         LINE#         959
  C:240CH         LINE#         960
  C:2411H         LINE#         961
  C:2416H         LINE#         962
  C:241BH         LINE#         963
  C:2420H         LINE#         964
  C:2425H         LINE#         974
  C:2428H         LINE#         976
  C:242BH         LINE#         977
  C:2432H         LINE#         978
  C:243CH         LINE#         979
  C:2443H         LINE#         981
  C:2446H         LINE#         990
  C:2446H         LINE#         991
  -------         ENDPROC       MAIN
  -------         PROC          UART
  C:000EH         LINE#         1005
  C:000EH         LINE#         1007
  C:0011H         LINE#         1008
  C:0011H         LINE#         1009
  C:0013H         LINE#         1011
  C:0013H         LINE#         1012
  C:0016H         LINE#         1013
  C:0016H         LINE#         1014
  C:0018H         LINE#         1015
  C:001AH         LINE#         1016
  C:001AH         LINE#         1017
  -------         ENDPROC       UART
  -------         PROC          _SENDUART1
  D:0007H         SYMBOL        dat
  C:7CEBH         LINE#         1019
  C:7CEBH         LINE#         1020
  C:7CEBH         LINE#         1021
BL51 BANKED LINKER/LOCATER V6.22                                                      08/30/2019  11:11:41  PAGE 21


  C:7CEEH         LINE#         1022
  C:7CF0H         LINE#         1023
  C:7CF1H         LINE#         1024
  C:7CF3H         LINE#         1025
  -------         ENDPROC       _SENDUART1
  -------         ENDMOD        MAIN

  -------         MODULE        PCF85063BTL
  C:0000H         SYMBOL        _ICE_DUMMY_
  D:0096H         PUBLIC        P2M0
  D:0080H         PUBLIC        P0
  D:0095H         PUBLIC        P2M1
  D:0090H         PUBLIC        P1
  D:00A0H         PUBLIC        P2
  D:00B0H         PUBLIC        P3
  D:00C0H         PUBLIC        P4
  D:00C8H         PUBLIC        P5
  D:00E8H         PUBLIC        P6
  B:00A0H.1       PUBLIC        PCF85063BTL_SDI
  D:00F8H         PUBLIC        P7
  B:00A0H.2       PUBLIC        PCF85063BTL_SCK
  B:00A0H.1       PUBLIC        PCF85063BTL_SDO
  D:00A8H         PUBLIC        IE
  C:7561H         PUBLIC        _Read_time
  C:7C0DH         PUBLIC        _PCF85063BTL_Delay
  D:00B8H         PUBLIC        IP
  D:00D8H         PUBLIC        CCON
  C:73EEH         PUBLIC        _Day_Of_Year
  C:7B0EH         PUBLIC        SPI_ReceiveByte
  D:0098H         PUBLIC        SCON
  D:0088H         PUBLIC        TCON
  C:7C40H         PUBLIC        _BCDtoDec
  B:00A0H.0       PUBLIC        PCF85063BTL_CS
  C:7C2FH         PUBLIC        _SPI_ReadTime
  C:7C8FH         PUBLIC        SPI_Init
  C:7B83H         PUBLIC        _SPI_WriteTime
  C:7AEEH         PUBLIC        _SPI_SendByte
  D:00D0H         PUBLIC        PSW
  C:7C09H         SYMBOL        L?0048
  -------         PROC          L?0047
  -------         ENDPROC       L?0047
  C:7C09H         SYMBOL        L?0048
  -------         PROC          _PCF85063BTL_DELAY
  D:0006H         SYMBOL        us
  C:7C0DH         LINE#         8
  C:7C0DH         LINE#         9
  C:7C0DH         LINE#         10
  C:7C17H         LINE#         11
  C:7C17H         LINE#         12
  C:7C18H         LINE#         13
  C:7C1AH         LINE#         14
  -------         ENDPROC       _PCF85063BTL_DELAY
  -------         PROC          _SPI_SENDBYTE
  D:0005H         SYMBOL        dat
  -------         DO            
  D:0003H         SYMBOL        i
  -------         ENDDO         
BL51 BANKED LINKER/LOCATER V6.22                                                      08/30/2019  11:11:41  PAGE 22


  C:7AEEH         LINE#         17
  C:7AF0H         LINE#         18
  C:7AF0H         LINE#         20
  C:7AF2H         LINE#         21
  C:7AF2H         LINE#         22
  C:7AF4H         LINE#         23
  C:7AF8H         LINE#         24
  C:7AF8H         LINE#         25
  C:7AFAH         LINE#         26
  C:7AFCH         LINE#         28
  C:7AFCH         LINE#         29
  C:7AFEH         LINE#         30
  C:7AFEH         LINE#         31
  C:7B01H         LINE#         32
  C:7B01H         LINE#         33
  C:7B04H         LINE#         34
  C:7B08H         LINE#         35
  C:7B0DH         LINE#         36
  -------         ENDPROC       _SPI_SENDBYTE
  -------         PROC          SPI_RECEIVEBYTE
  -------         DO            
  D:0003H         SYMBOL        i
  D:0005H         SYMBOL        dat
  -------         ENDDO         
  C:7B0EH         LINE#         39
  C:7B0EH         LINE#         40
  C:7B0EH         LINE#         42
  C:7B10H         LINE#         44
  C:7B12H         LINE#         45
  C:7B13H         LINE#         46
  C:7B13H         LINE#         47
  C:7B17H         LINE#         48
  C:7B19H         LINE#         49
  C:7B1CH         LINE#         51
  C:7B1FH         LINE#         52
  C:7B1FH         LINE#         53
  C:7B23H         LINE#         54
  C:7B23H         LINE#         55
  C:7B23H         LINE#         56
  C:7B26H         LINE#         57
  C:7B2BH         LINE#         58
  C:7B2DH         LINE#         59
  -------         ENDPROC       SPI_RECEIVEBYTE
  -------         PROC          _SPI_READTIME
  D:0007H         SYMBOL        addr
  -------         DO            
  D:0006H         SYMBOL        dat
  -------         ENDDO         
  C:7C2FH         LINE#         61
  C:7C2FH         LINE#         62
  C:7C2FH         LINE#         64
  C:7C31H         LINE#         65
  C:7C33H         LINE#         66
  C:7C3AH         LINE#         67
  C:7C3DH         LINE#         68
  C:7C3FH         LINE#         69
  C:7C3FH         LINE#         70
BL51 BANKED LINKER/LOCATER V6.22                                                      08/30/2019  11:11:41  PAGE 23


  -------         ENDPROC       _SPI_READTIME
  -------         PROC          _SPI_WRITETIME
  D:0002H         SYMBOL        val
  D:0005H         SYMBOL        addr
  C:7B83H         LINE#         71
  C:7B85H         LINE#         72
  C:7B85H         LINE#         74
  C:7B87H         LINE#         75
  C:7B8EH         LINE#         76
  C:7B93H         LINE#         77
  C:7B98H         LINE#         78
  C:7B9AH         LINE#         79
  -------         ENDPROC       _SPI_WRITETIME
  -------         PROC          SPI_INIT
  C:7C8FH         LINE#         83
  C:7C8FH         LINE#         84
  C:7C8FH         LINE#         89
  C:7C92H         LINE#         90
  C:7C95H         LINE#         91
  C:7C97H         LINE#         92
  C:7C99H         LINE#         93
  C:7C9BH         LINE#         94
  -------         ENDPROC       SPI_INIT
  -------         PROC          _READ_TIME
  X:04FDH         SYMBOL        months
  X:0500H         SYMBOL        days
  X:0503H         SYMBOL        hours
  X:0506H         SYMBOL        mins
  X:0509H         SYMBOL        seconds
  C:7561H         LINE#         96
  C:756CH         LINE#         97
  C:756CH         LINE#         99
  C:7580H         LINE#         101
  C:7594H         LINE#         103
  C:75A8H         LINE#         108
  C:75BCH         LINE#         113
  -------         ENDPROC       _READ_TIME
  -------         PROC          _BCDTODEC
  D:0007H         SYMBOL        bcd
  -------         DO            
  D:0006H         SYMBOL        hi
  D:0007H         SYMBOL        lo
  -------         ENDDO         
  C:7C40H         LINE#         119
  C:7C40H         LINE#         120
  C:7C40H         LINE#         122
  C:7C45H         LINE#         123
  C:7C49H         LINE#         124
  C:7C50H         LINE#         125
  -------         ENDPROC       _BCDTODEC
  -------         PROC          _DAY_OF_YEAR
  D:0007H         SYMBOL        months_bcd
  D:0005H         SYMBOL        days_bcd
  -------         DO            
  D:0004H         SYMBOL        months
  D:0007H         SYMBOL        days
  -------         ENDDO         
BL51 BANKED LINKER/LOCATER V6.22                                                      08/30/2019  11:11:41  PAGE 24


  C:73EEH         LINE#         126
  C:73EEH         LINE#         127
  C:73EEH         LINE#         130
  C:73F3H         LINE#         132
  C:73F8H         LINE#         134
  C:7431H         LINE#         135
  C:7431H         LINE#         136
  C:7431H         LINE#         137
  C:7434H         LINE#         138
  C:7434H         LINE#         139
  C:7434H         LINE#         140
  C:7439H         LINE#         141
  C:7439H         LINE#         142
  C:7439H         LINE#         143
  C:743EH         LINE#         144
  C:743EH         LINE#         145
  C:743EH         LINE#         146
  C:7443H         LINE#         147
  C:7443H         LINE#         148
  C:7443H         LINE#         149
  C:7448H         LINE#         150
  C:7448H         LINE#         151
  C:7448H         LINE#         152
  C:744DH         LINE#         153
  C:744DH         LINE#         154
  C:744DH         LINE#         155
  C:7452H         LINE#         156
  C:7452H         LINE#         157
  C:7452H         LINE#         158
  C:7457H         LINE#         159
  C:7457H         LINE#         160
  C:7457H         LINE#         161
  C:745FH         LINE#         162
  C:745FH         LINE#         163
  C:745FH         LINE#         164
  C:7464H         LINE#         165
  C:7464H         LINE#         166
  C:7464H         LINE#         167
  C:7469H         LINE#         168
  C:7469H         LINE#         169
  C:7469H         LINE#         170
  C:7472H         LINE#         171
  C:7472H         LINE#         172
  C:7472H         LINE#         173
  C:7475H         LINE#         174
  C:7475H         LINE#         175
  -------         ENDPROC       _DAY_OF_YEAR
  -------         ENDMOD        PCF85063BTL

  -------         MODULE        LCD_DRIVER_SPLC780D
  C:0000H         SYMBOL        _ICE_DUMMY_
  D:0092H         PUBLIC        P1M0
  D:0091H         PUBLIC        P1M1
  D:0080H         PUBLIC        P0
  D:0090H         PUBLIC        P1
  D:00A0H         PUBLIC        P2
  D:00B0H         PUBLIC        P3
BL51 BANKED LINKER/LOCATER V6.22                                                      08/30/2019  11:11:41  PAGE 25


  D:00C0H         PUBLIC        P4
  D:00C8H         PUBLIC        P5
  D:00E8H         PUBLIC        P6
  D:00F8H         PUBLIC        P7
  C:747AH         PUBLIC        _WriteData
  D:00A8H         PUBLIC        IE
  D:00B8H         PUBLIC        IP
  D:00D8H         PUBLIC        CCON
  B:00B0H.4       PUBLIC        LCD_D4
  B:00B0H.5       PUBLIC        LCD_D5
  B:00B0H.6       PUBLIC        LCD_D6
  C:7B4CH         PUBLIC        _DisplayLCD
  B:00B0H.7       PUBLIC        LCD_D7
  D:0098H         PUBLIC        SCON
  D:0088H         PUBLIC        TCON
  C:7CD8H         PUBLIC        LCD_clear
  C:77FCH         PUBLIC        _Command
  C:7BC8H         PUBLIC        _Display_Line
  C:762AH         PUBLIC        LCD_Init
  C:7A67H         PUBLIC        _Wait_ms
  B:00C0H.0       PUBLIC        LCD_RS
  B:0090H.3       PUBLIC        LCD_RW
  C:7CCEH         PUBLIC        LCD_return_home
  C:6695H         PUBLIC        _Display_Pos
  B:00B0H.3       PUBLIC        LCD_E
  D:00D0H         PUBLIC        PSW
  -------         PROC          LCD_INIT
  C:762AH         LINE#         9
  C:762AH         LINE#         10
  C:762AH         LINE#         11
  C:762DH         LINE#         12
  C:7630H         LINE#         14
  C:7636H         LINE#         15
  C:763BH         LINE#         17
  C:7642H         LINE#         18
  C:7647H         LINE#         20
  C:764AH         LINE#         21
  C:764FH         LINE#         23
  C:7652H         LINE#         24
  C:7657H         LINE#         26
  C:765EH         LINE#         29
  C:7663H         LINE#         30
  C:7668H         LINE#         32
  C:766DH         LINE#         33
  C:7672H         LINE#         35
  C:7677H         LINE#         36
  C:767CH         LINE#         37
  -------         ENDPROC       LCD_INIT
  C:7476H         SYMBOL        L?0035
  -------         PROC          L?0034
  -------         ENDPROC       L?0034
  C:7476H         SYMBOL        L?0035
  -------         PROC          _WRITEDATA
  X:0508H         SYMBOL        dat
  C:747AH         LINE#         40
  C:747FH         LINE#         41
  C:747FH         LINE#         46
BL51 BANKED LINKER/LOCATER V6.22                                                      08/30/2019  11:11:41  PAGE 26


  C:7481H         LINE#         47
  C:7483H         LINE#         49
  C:7491H         LINE#         50
  C:749DH         LINE#         51
  C:74A9H         LINE#         52
  C:74B3H         LINE#         53
  C:74B5H         LINE#         54
  C:74BCH         LINE#         55
  C:74BEH         LINE#         57
  C:74CEH         LINE#         58
  C:74D9H         LINE#         59
  C:74E3H         LINE#         60
  C:74E7H         LINE#         62
  C:74E7H         LINE#         63
  C:74EAH         LINE#         64
  C:74ECH         LINE#         65
  C:74EEH         LINE#         67
  -------         ENDPROC       _WRITEDATA
  -------         PROC          _COMMAND
  D:0007H         SYMBOL        dat
  C:77FCH         LINE#         69
  C:77FCH         LINE#         70
  C:77FCH         LINE#         71
  C:77FEH         LINE#         72
  C:7800H         LINE#         74
  C:780AH         LINE#         75
  C:780EH         LINE#         77
  C:7810H         LINE#         78
  C:7819H         LINE#         79
  C:781DH         LINE#         81
  C:781FH         LINE#         82
  C:7826H         LINE#         83
  C:782AH         LINE#         85
  C:782CH         LINE#         86
  C:7830H         LINE#         87
  C:7834H         LINE#         89
  C:7836H         LINE#         90
  C:7836H         LINE#         91
  C:7839H         LINE#         92
  C:783BH         LINE#         93
  -------         ENDPROC       _COMMAND
  C:7A63H         SYMBOL        L?0037
  -------         PROC          L?0036
  -------         ENDPROC       L?0036
  C:7A63H         SYMBOL        L?0037
  -------         PROC          _WAIT_MS
  D:0006H         SYMBOL        ms
  -------         DO            
  D:0004H         SYMBOL        De_Cnt
  -------         ENDDO         
  C:7A67H         LINE#         95
  C:7A67H         LINE#         96
  C:7A67H         LINE#         98
  C:7A71H         LINE#         99
  C:7A71H         LINE#         100
  C:7A84H         LINE#         101
  C:7A84H         LINE#         102
BL51 BANKED LINKER/LOCATER V6.22                                                      08/30/2019  11:11:41  PAGE 27


  -------         ENDPROC       _WAIT_MS
  -------         PROC          _DISPLAYLCD
  D:0007H         SYMBOL        BCD
  -------         DO            
  D:0006H         SYMBOL        first_digit
  X:0408H         SYMBOL        second_digit
  -------         ENDDO         
  C:7B4CH         LINE#         103
  C:7B4CH         LINE#         104
  C:7B4CH         LINE#         106
  C:7B53H         LINE#         107
  C:7B5CH         LINE#         109
  C:7B61H         LINE#         111
  -------         ENDPROC       _DISPLAYLCD
  -------         PROC          LCD_RETURN_HOME
  C:7CCEH         LINE#         115
  C:7CCEH         LINE#         116
  C:7CCEH         LINE#         117
  C:7CD3H         LINE#         118
  -------         ENDPROC       LCD_RETURN_HOME
  -------         PROC          LCD_CLEAR
  C:7CD8H         LINE#         121
  C:7CD8H         LINE#         122
  C:7CD8H         LINE#         123
  C:7CDDH         LINE#         124
  -------         ENDPROC       LCD_CLEAR
  -------         PROC          _DISPLAY_LINE
  D:0006H         SYMBOL        line
  C:7BC8H         LINE#         128
  C:7BC8H         LINE#         129
  C:7BC8H         LINE#         130
  C:7BCEH         LINE#         131
  C:7BCEH         LINE#         132
  C:7BD0H         LINE#         133
  C:7BD0H         LINE#         134
  C:7BD2H         LINE#         136
  C:7BD2H         LINE#         137
  C:7BD7H         LINE#         138
  C:7BDCH         LINE#         139
  C:7BDCH         LINE#         140
  -------         ENDPROC       _DISPLAY_LINE
  -------         PROC          _DISPLAY_POS
  X:04FDH         SYMBOL        sign_dat
  -------         DO            
  X:0501H         SYMBOL        unit
  X:0502H         SYMBOL        ten
  X:0503H         SYMBOL        hundred
  X:0504H         SYMBOL        thousand
  X:0505H         SYMBOL        after_dot
  X:0506H         SYMBOL        dat
  -------         ENDDO         
  C:6695H         LINE#         142
  C:669BH         LINE#         143
  C:669BH         LINE#         147
  C:66B7H         LINE#         148
  C:66D1H         LINE#         149
  C:66F5H         LINE#         151
BL51 BANKED LINKER/LOCATER V6.22                                                      08/30/2019  11:11:41  PAGE 28


  C:673FH         LINE#         153
  C:6756H         LINE#         154
  C:6768H         LINE#         155
  C:678DH         LINE#         156
  C:67A7H         LINE#         157
  C:67BFH         LINE#         158
  C:67BFH         LINE#         159
  C:67BFH         LINE#         160
  C:67BFH         LINE#         161
  C:67BFH         LINE#         162
  C:67BFH         LINE#         163
  C:67BFH         LINE#         164
  C:67BFH         LINE#         168
  C:67C1H         LINE#         170
  C:67C1H         LINE#         172
  C:67C6H         LINE#         173
  C:67CCH         LINE#         174
  C:67D2H         LINE#         175
  C:67D8H         LINE#         176
  C:67DEH         LINE#         177
  C:67E3H         LINE#         178
  C:67E9H         LINE#         182
  C:67E9H         LINE#         184
  -------         ENDPROC       _DISPLAY_POS
  -------         ENDMOD        LCD_DRIVER_SPLC780D

  -------         MODULE        KEYPAD
  C:0000H         SYMBOL        _ICE_DUMMY_
  D:0093H         PUBLIC        P0M1
  D:0080H         PUBLIC        P0
  D:0090H         PUBLIC        P1
  D:00A0H         PUBLIC        P2
  D:00B0H         PUBLIC        P3
  D:00C0H         PUBLIC        P4
  D:00C8H         PUBLIC        P5
  D:00E8H         PUBLIC        P6
  D:00F8H         PUBLIC        P7
  D:00A8H         PUBLIC        IE
  C:6091H         PUBLIC        Key_Scan
  D:00B8H         PUBLIC        IP
  D:00D8H         PUBLIC        CCON
  C:7CB6H         PUBLIC        KeyPad_IO_Init
  C:7B2EH         PUBLIC        _Delay_ms
  D:0098H         PUBLIC        SCON
  D:0088H         PUBLIC        TCON
  X:0659H         PUBLIC        small_move
  X:065BH         PUBLIC        move
  X:065DH         PUBLIC        auto_mode
  X:065FH         PUBLIC        direction
  X:0661H         PUBLIC        SPI_NOR_ClearEnable
  C:57D1H         PUBLIC        Key_Process
  D:00D0H         PUBLIC        PSW
  D:0094H         PUBLIC        P0M0
  -------         PROC          _DELAY_MS
  D:0006H         SYMBOL        ms
  -------         DO            
  D:0004H         SYMBOL        De_Cnt
BL51 BANKED LINKER/LOCATER V6.22                                                      08/30/2019  11:11:41  PAGE 29


  -------         ENDDO         
  C:7B2EH         LINE#         20
  C:7B2EH         LINE#         21
  C:7B2EH         LINE#         23
  C:7B38H         LINE#         24
  C:7B38H         LINE#         25
  C:7B4BH         LINE#         26
  C:7B4BH         LINE#         27
  -------         ENDPROC       _DELAY_MS
  -------         PROC          KEY_SCAN
  -------         DO            
  X:040EH         SYMBOL        KeyTemp1
  X:040FH         SYMBOL        KeyTemp2
  X:0410H         SYMBOL        KeyValue
  -------         ENDDO         
  C:6091H         LINE#         28
  C:6091H         LINE#         29
  C:6091H         LINE#         34
  C:6094H         LINE#         37
  C:6097H         LINE#         39
  C:609FH         LINE#         40
  C:60A6H         LINE#         41
  C:60A6H         LINE#         43
  C:60ABH         LINE#         44
  C:60B2H         LINE#         45
  C:60B2H         LINE#         48
  C:60B5H         LINE#         49
  C:60B8H         LINE#         50
  C:60BDH         LINE#         51
  C:60C1H         LINE#         52
  C:60C1H         LINE#         53
  C:60C9H         LINE#         54
  C:60C9H         LINE#         55
  C:60CCH         LINE#         56
  C:60D4H         LINE#         57
  C:60D6H         LINE#         59
  C:60EAH         LINE#         60
  C:60EAH         LINE#         61
  C:60EAH         LINE#         62
  C:60EAH         LINE#         63
  C:60F0H         LINE#         65
  C:60F2H         LINE#         66
  C:60F2H         LINE#         67
  C:60F2H         LINE#         68
  C:60F8H         LINE#         70
  C:60FAH         LINE#         71
  C:60FAH         LINE#         72
  C:60FAH         LINE#         73
  C:6100H         LINE#         75
  C:6102H         LINE#         76
  C:6102H         LINE#         77
  C:6102H         LINE#         78
  C:6108H         LINE#         80
  C:6108H         LINE#         81
  C:6108H         LINE#         82
  C:6108H         LINE#         85
  C:610BH         LINE#         86
BL51 BANKED LINKER/LOCATER V6.22                                                      08/30/2019  11:11:41  PAGE 30


  C:610EH         LINE#         87
  C:6116H         LINE#         88
  C:611AH         LINE#         89
  C:611AH         LINE#         90
  C:6122H         LINE#         91
  C:6122H         LINE#         92
  C:6125H         LINE#         93
  C:612DH         LINE#         94
  C:612FH         LINE#         95
  C:6143H         LINE#         96
  C:6143H         LINE#         97
  C:6143H         LINE#         98
  C:6143H         LINE#         99
  C:6149H         LINE#         101
  C:614BH         LINE#         102
  C:614BH         LINE#         103
  C:614BH         LINE#         104
  C:6151H         LINE#         106
  C:6153H         LINE#         107
  C:6153H         LINE#         108
  C:6153H         LINE#         109
  C:6159H         LINE#         111
  C:615BH         LINE#         112
  C:615BH         LINE#         113
  C:615BH         LINE#         114
  C:6160H         LINE#         116
  C:6160H         LINE#         117
  C:6160H         LINE#         118
  C:6160H         LINE#         121
  C:6163H         LINE#         122
  C:6166H         LINE#         123
  C:616EH         LINE#         124
  C:6172H         LINE#         125
  C:6172H         LINE#         126
  C:617AH         LINE#         127
  C:617AH         LINE#         128
  C:617DH         LINE#         129
  C:6185H         LINE#         130
  C:6187H         LINE#         131
  C:619BH         LINE#         132
  C:619BH         LINE#         133
  C:619BH         LINE#         134
  C:619BH         LINE#         135
  C:61A1H         LINE#         137
  C:61A3H         LINE#         138
  C:61A3H         LINE#         139
  C:61A3H         LINE#         140
  C:61A9H         LINE#         142
  C:61ABH         LINE#         143
  C:61ABH         LINE#         144
  C:61ABH         LINE#         145
  C:61B1H         LINE#         147
  C:61B3H         LINE#         148
  C:61B3H         LINE#         149
  C:61B3H         LINE#         150
  C:61B9H         LINE#         152
  C:61B9H         LINE#         153
BL51 BANKED LINKER/LOCATER V6.22                                                      08/30/2019  11:11:41  PAGE 31


  C:61B9H         LINE#         154
  C:61B9H         LINE#         158
  C:61BCH         LINE#         159
  C:61BFH         LINE#         160
  C:61C7H         LINE#         161
  C:61CBH         LINE#         162
  C:61CBH         LINE#         163
  C:61D3H         LINE#         164
  C:61D3H         LINE#         165
  C:61D6H         LINE#         166
  C:61DEH         LINE#         167
  C:61E0H         LINE#         168
  C:61F4H         LINE#         169
  C:61F4H         LINE#         170
  C:61F4H         LINE#         171
  C:61F4H         LINE#         172
  C:61FAH         LINE#         174
  C:61FCH         LINE#         175
  C:61FCH         LINE#         176
  C:61FCH         LINE#         177
  C:6202H         LINE#         179
  C:6204H         LINE#         180
  C:6204H         LINE#         181
  C:6204H         LINE#         182
  C:620AH         LINE#         184
  C:620CH         LINE#         185
  C:620CH         LINE#         186
  C:620CH         LINE#         187
  C:6212H         LINE#         189
  C:6212H         LINE#         190
  C:6212H         LINE#         191
  C:6212H         LINE#         193
  C:6218H         LINE#         194
  C:6218H         LINE#         196
  C:6218H         LINE#         197
  C:621BH         LINE#         198
  C:621BH         LINE#         199
  C:621BH         LINE#         201
  C:621BH         LINE#         202
  C:621DH         LINE#         203
  C:621DH         LINE#         204
  -------         ENDPROC       KEY_SCAN
  -------         PROC          KEY_PROCESS
  -------         DO            
  X:064AH         SYMBOL        KeyCount
  X:064BH         SYMBOL        KeyNum_Old
  X:064DH         SYMBOL        KeyNum
  X:064FH         SYMBOL        PressedKey
  X:0408H         SYMBOL        d
  D:0002H         SYMBOL        hours
  D:0006H         SYMBOL        mins
  X:040AH         SYMBOL        months
  X:040CH         SYMBOL        days
  -------         ENDDO         
  C:57D1H         LINE#         205
  C:57D1H         LINE#         206
  C:57D1H         LINE#         210
BL51 BANKED LINKER/LOCATER V6.22                                                      08/30/2019  11:11:41  PAGE 32


  C:57E0H         LINE#         211
  C:57EDH         LINE#         213
  C:57F1H         LINE#         214
  C:57F1H         LINE#         215
  C:57F7H         LINE#         217
  C:57F7H         LINE#         218
  C:580EH         LINE#         219
  C:580EH         LINE#         220
  C:5818H         LINE#         221
  C:581EH         LINE#         223
  C:5824H         LINE#         225
  C:5824H         LINE#         226
  C:583BH         LINE#         227
  C:583BH         LINE#         228
  C:5840H         LINE#         230
  C:5840H         LINE#         231
  C:5850H         LINE#         232
  C:5850H         LINE#         233
  C:5856H         LINE#         235
  C:5856H         LINE#         236
  C:5868H         LINE#         237
  C:5868H         LINE#         238
  C:5872H         LINE#         239
  C:587AH         LINE#         241
  C:5883H         LINE#         243
  C:5883H         LINE#         252
  C:58A2H         LINE#         253
  C:58A2H         LINE#         254
  C:58C1H         LINE#         255
  C:58C7H         LINE#         256
  C:58CFH         LINE#         257
  C:58CFH         LINE#         259
  C:58D0H         LINE#         265
  C:58DCH         LINE#         266
  C:58DCH         LINE#         267
  C:58F9H         LINE#         268
  C:5910H         LINE#         269
  C:5927H         LINE#         270
  C:5927H         LINE#         271
  C:593AH         LINE#         272
  C:594DH         LINE#         273
  C:594DH         LINE#         274
  C:594DH         LINE#         275
  C:5950H         LINE#         280
  C:595FH         LINE#         281
  C:595FH         LINE#         282
  C:5982H         LINE#         283
  C:599FH         LINE#         284
  C:59A8H         LINE#         285
  C:59A8H         LINE#         286
  C:59AFH         LINE#         287
  C:59AFH         LINE#         288
  C:59C0H         LINE#         289
  C:59C0H         LINE#         290
  C:59CFH         LINE#         291
  C:59CFH         LINE#         292
  C:59CFH         LINE#         293
BL51 BANKED LINKER/LOCATER V6.22                                                      08/30/2019  11:11:41  PAGE 33


  C:59D2H         LINE#         295
  C:59D2H         LINE#         296
  C:59DEH         LINE#         297
  C:59DEH         LINE#         298
  C:59F0H         LINE#         299
  C:59F0H         LINE#         300
  C:5A00H         LINE#         301
  C:5A00H         LINE#         302
  C:5A00H         LINE#         304
  C:5A02H         LINE#         306
  C:5A02H         LINE#         307
  C:5A11H         LINE#         308
  C:5A11H         LINE#         309
  C:5A21H         LINE#         310
  C:5A21H         LINE#         311
  C:5A21H         LINE#         313
  C:5A21H         LINE#         315
  C:5A21H         LINE#         316
  C:5A23H         LINE#         318
  C:5A23H         LINE#         319
  C:5A2AH         LINE#         320
  C:5A2AH         LINE#         321
  C:5A39H         LINE#         322
  C:5A39H         LINE#         323
  C:5A49H         LINE#         324
  C:5A49H         LINE#         325
  C:5A49H         LINE#         326
  C:5A4BH         LINE#         328
  C:5A4BH         LINE#         329
  C:5A5AH         LINE#         330
  C:5A5AH         LINE#         331
  C:5A6DH         LINE#         332
  C:5A80H         LINE#         333
  C:5A80H         LINE#         334
  C:5A80H         LINE#         335
  C:5A80H         LINE#         336
  C:5A89H         LINE#         338
  C:5A89H         LINE#         340
  C:5AC3H         LINE#         341
  C:5AC3H         LINE#         342
  C:5ACAH         LINE#         343
  C:5ACAH         LINE#         344
  C:5AD4H         LINE#         345
  C:5AD4H         LINE#         346
  C:5AD7H         LINE#         347
  C:5ADCH         LINE#         348
  C:5AE1H         LINE#         349
  C:5AE6H         LINE#         350
  C:5AEBH         LINE#         351
  C:5AF0H         LINE#         352
  C:5AF5H         LINE#         353
  C:5AFAH         LINE#         354
  C:5AFAH         LINE#         355
  C:5AFAH         LINE#         357
  C:5B18H         LINE#         358
  C:5B18H         LINE#         359
  C:5B1FH         LINE#         360
BL51 BANKED LINKER/LOCATER V6.22                                                      08/30/2019  11:11:41  PAGE 34


  C:5B1FH         LINE#         361
  C:5B24H         LINE#         362
  C:5B2DH         LINE#         363
  C:5B4CH         LINE#         364
  C:5B4CH         LINE#         365
  C:5B5CH         LINE#         367
  C:5B5CH         LINE#         371
  -------         ENDPROC       KEY_PROCESS
  -------         PROC          KEYPAD_IO_INIT
  C:7CB6H         LINE#         374
  C:7CB6H         LINE#         375
  C:7CB6H         LINE#         376
  C:7CB9H         LINE#         377
  C:7CBCH         LINE#         378
  C:7CBFH         LINE#         379
  C:7CC1H         LINE#         380
[...]
  C:629AH         LINE#         328
  C:629DH         LINE#         330
  C:62B7H         LINE#         331
  C:62B7H         LINE#         332
  C:62B7H         LINE#         334
  C:62BAH         LINE#         336
  C:62D4H         LINE#         337
  C:62D4H         LINE#         338
  C:62D4H         LINE#         340
  C:62D7H         LINE#         342
  C:62F1H         LINE#         343
  C:62F1H         LINE#         344
  C:62F1H         LINE#         346
  C:62F4H         LINE#         348
  C:630EH         LINE#         349
  C:630EH         LINE#         350
  C:630EH         LINE#         352
  C:6311H         LINE#         354
  C:632BH         LINE#         355
  C:632BH         LINE#         356
  C:632BH         LINE#         358
  C:632EH         LINE#         360
  C:6348H         LINE#         361
  C:6348H         LINE#         362
  C:6348H         LINE#         364
  C:634BH         LINE#         366
  C:6365H         LINE#         367
  C:6365H         LINE#         368
  C:6365H         LINE#         370
  C:6368H         LINE#         372
  C:6382H         LINE#         373
  C:6389H         LINE#         374
  -------         ENDPROC       SPI_NOR_WRITE_DATA
  -------         ENDMOD        AT25SF041

  -------         MODULE        SI1120
  C:0000H         SYMBOL        _ICE_DUMMY_
  D:0080H         PUBLIC        P0
  D:00B2H         PUBLIC        P3M0
  D:0090H         PUBLIC        P1
  D:00B1H         PUBLIC        P3M1
  D:00A0H         PUBLIC        P2
  D:00B0H         PUBLIC        P3
  D:00C0H         PUBLIC        P4
  D:00C8H         PUBLIC        P5
  B:00A8H.7       PUBLIC        EA
  D:00E8H         PUBLIC        P6
BL51 BANKED LINKER/LOCATER V6.22                                                      08/30/2019  11:11:41  PAGE 57


  D:00F8H         PUBLIC        P7
  D:00A8H         PUBLIC        IE
  D:00B8H         PUBLIC        IP
  C:78EAH         PUBLIC        SI1120_CONFIG_MODE_VIRH
  D:00D8H         PUBLIC        CCON
  D:0098H         PUBLIC        SCON
  D:0088H         PUBLIC        TCON
  C:7C9CH         PUBLIC        Enable_EXTINT0
  B:0090H.5       PUBLIC        SI1120_STX
  B:0088H.0       PUBLIC        IT0
  B:00A8H.0       PUBLIC        EX0
  B:0090H.4       PUBLIC        SI1120_MD
  B:0090H.6       PUBLIC        SI1120_SC
  D:00D0H         PUBLIC        PSW
  -------         PROC          SI1120_CONFIG_MODE_VIRH
  C:78EAH         LINE#         4
  C:78EAH         LINE#         5
  C:78EAH         LINE#         6
  C:78ECH         LINE#         7
  C:78EEH         LINE#         8
  C:78F0H         LINE#         10
  C:78F7H         LINE#         11
  C:78F9H         LINE#         13
  C:78FBH         LINE#         14
  C:78FDH         LINE#         16
  C:7904H         LINE#         18
  C:7906H         LINE#         20
  C:790DH         LINE#         23
  C:790FH         LINE#         25
  C:7911H         LINE#         27
  C:7918H         LINE#         29
  C:791AH         LINE#         31
  -------         ENDPROC       SI1120_CONFIG_MODE_VIRH
  -------         PROC          ENABLE_EXTINT0
  C:7C9CH         LINE#         33
  C:7C9CH         LINE#         34
  C:7C9CH         LINE#         35
  C:7C9FH         LINE#         36
  C:7CA2H         LINE#         37
  C:7CA4H         LINE#         38
  C:7CA6H         LINE#         39
  C:7CA8H         LINE#         40
  -------         ENDPROC       ENABLE_EXTINT0
  -------         ENDMOD        SI1120

  -------         MODULE        UART1
  C:0000H         SYMBOL        _ICE_DUMMY_
  D:0080H         PUBLIC        P0
  D:0090H         PUBLIC        P1
  D:00A0H         PUBLIC        P2
  D:00B0H         PUBLIC        P3
  D:00C0H         PUBLIC        P4
  D:00C8H         PUBLIC        P5
  C:7AA9H         PUBLIC        _uart1_SendToTCPServer
  B:00A8H.7       PUBLIC        EA
  D:00E8H         PUBLIC        P6
  D:00F8H         PUBLIC        P7
BL51 BANKED LINKER/LOCATER V6.22                                                      08/30/2019  11:11:41  PAGE 58


  C:78B7H         PUBLIC        _SendString
  D:00A8H         PUBLIC        IE
  B:00A8H.4       PUBLIC        ES
  D:00B8H         PUBLIC        IP
  C:7B9BH         PUBLIC        _ASCIItoBCD
  D:00D8H         PUBLIC        CCON
  C:7C51H         PUBLIC        initUART1
  D:0098H         PUBLIC        SCON
  D:0088H         PUBLIC        TCON
  C:7D0AH         PUBLIC        _DectoBCD
  C:001EH         PUBLIC        _ASCII_Letter
  D:008EH         PUBLIC        AUXR
  C:0006H         PUBLIC        _unit
  C:7D03H         PUBLIC        _ten
  D:00D6H         PUBLIC        T2H
  D:00D7H         PUBLIC        T2L
  C:7CF4H         PUBLIC        uart1_InitTCPConn
  D:00D0H         PUBLIC        PSW
  -------         PROC          INITUART1
  C:7C51H         LINE#         24
  C:7C51H         LINE#         25
  C:7C51H         LINE#         26
  C:7C54H         LINE#         27
  C:7C57H         LINE#         28
  C:7C5AH         LINE#         29
  C:7C5DH         LINE#         30
  C:7C5FH         LINE#         31
  C:7C61H         LINE#         33
  -------         ENDPROC       INITUART1
  -------         PROC          _SENDSTRING
  X:04FDH         SYMBOL        s
  C:78B7H         LINE#         36
  C:78C2H         LINE#         37
  C:78C2H         LINE#         38
  C:78D2H         LINE#         39
  C:78D2H         LINE#         40
  C:78E7H         LINE#         41
  C:78E9H         LINE#         42
  -------         ENDPROC       _SENDSTRING
  -------         PROC          _TEN
  D:0007H         SYMBOL        BCD
  C:7D03H         LINE#         44
  C:7D03H         LINE#         45
  C:7D03H         LINE#         46
  C:7D08H         LINE#         47
  -------         ENDPROC       _TEN
  -------         PROC          _UNIT
  D:0007H         SYMBOL        BCD
  C:0006H         LINE#         48
  C:0006H         LINE#         49
  C:0006H         LINE#         53
  C:000AH         LINE#         54
  -------         ENDPROC       _UNIT
  -------         PROC          _DECTOBCD
  D:0007H         SYMBOL        dec
  C:7D0AH         LINE#         55
  C:7D0AH         LINE#         56
BL51 BANKED LINKER/LOCATER V6.22                                                      08/30/2019  11:11:41  PAGE 59


  C:7D0AH         LINE#         58
  C:7D0AH         LINE#         59
  -------         ENDPROC       _DECTOBCD
  -------         PROC          _ASCII_LETTER
  D:0007H         SYMBOL        dat
  C:001EH         LINE#         61
  C:001EH         LINE#         62
  C:001EH         LINE#         64
  C:0022H         LINE#         65
  -------         ENDPROC       _ASCII_LETTER
  -------         PROC          _ASCIITOBCD
  D:0001H         SYMBOL        ascii
  -------         DO            
  D:0007H         SYMBOL        dec_val
  D:0006H         SYMBOL        ten
  D:0007H         SYMBOL        unit
  -------         ENDDO         
  C:7B9BH         LINE#         67
  C:7B9BH         LINE#         68
  C:7B9BH         LINE#         70
  C:7B9EH         LINE#         71
  C:7BA4H         LINE#         72
  C:7BABH         LINE#         73
  C:7BB1H         LINE#         75
  -------         ENDPROC       _ASCIITOBCD
  -------         PROC          UART1_INITTCPCONN
  C:7CF4H         LINE#         77
  C:7CF4H         LINE#         78
  C:7CF4H         LINE#         82
  -------         ENDPROC       UART1_INITTCPCONN
  -------         PROC          _UART1_SENDTOTCPSERVER
  X:0408H         SYMBOL        str
  C:7AA9H         LINE#         85
  C:7AB4H         LINE#         86
  C:7AB4H         LINE#         87
  C:7ABDH         LINE#         88
  C:7AC4H         LINE#         89
  -------         ENDPROC       _UART1_SENDTOTCPSERVER
  -------         ENDMOD        UART1

  -------         MODULE        ?C_STARTUP
  C:7362H         SEGMENT       ?C_C51STARTUP
  I:0022H         SEGMENT       ?STACK
  C:0000H         PUBLIC        ?C_STARTUP
  D:00E0H         SYMBOL        ACC
  D:00F0H         SYMBOL        B
  D:0083H         SYMBOL        DPH
  D:0082H         SYMBOL        DPL
  N:0000H         SYMBOL        IBPSTACK
  N:0100H         SYMBOL        IBPSTACKTOP
  N:0080H         SYMBOL        IDATALEN
  C:7365H         SYMBOL        IDATALOOP
  N:0000H         SYMBOL        PBPSTACK
  N:0100H         SYMBOL        PBPSTACKTOP
  N:0000H         SYMBOL        PDATALEN
  N:0000H         SYMBOL        PDATASTART
  N:0000H         SYMBOL        PPAGE
BL51 BANKED LINKER/LOCATER V6.22                                                      08/30/2019  11:11:41  PAGE 60


  N:0000H         SYMBOL        PPAGEENABLE
  D:00A0H         SYMBOL        PPAGE_SFR
  D:0081H         SYMBOL        SP
  C:7362H         SYMBOL        STARTUP1
  N:0000H         SYMBOL        XBPSTACK
  N:0000H         SYMBOL        XBPSTACKTOP
  N:0000H         SYMBOL        XDATALEN
  N:0000H         SYMBOL        XDATASTART
  C:0000H         LINE#         126
  C:7362H         LINE#         133
  C:7364H         LINE#         134
  C:7365H         LINE#         135
  C:7366H         LINE#         136
  C:7368H         LINE#         185
  C:736BH         LINE#         196
  -------         ENDMOD        ?C_STARTUP

  -------         MODULE        ?C?FPADD
  C:2450H         PUBLIC        ?C?FPADD
  C:244CH         PUBLIC        ?C?FPSUB
  -------         ENDMOD        ?C?FPADD

  -------         MODULE        ?C?FPMUL
  C:2541H         PUBLIC        ?C?FPMUL
  -------         ENDMOD        ?C?FPMUL

  -------         MODULE        ?C?FPDIV
  C:264AH         PUBLIC        ?C?FPDIV
  -------         ENDMOD        ?C?FPDIV

  -------         MODULE        ?C?FPCMP
  C:26E9H         PUBLIC        ?C?FPCMP
  C:26E7H         PUBLIC        ?C?FPCMP3
  -------         ENDMOD        ?C?FPCMP

  -------         MODULE        ?C?FPNEG
  C:2760H         PUBLIC        ?C?FPNEG
  -------         ENDMOD        ?C?FPNEG

  -------         MODULE        ?C?FCAST
  C:277BH         PUBLIC        ?C?FCASTC
  C:2776H         PUBLIC        ?C?FCASTI
  C:2771H         PUBLIC        ?C?FCASTL
  -------         ENDMOD        ?C?FCAST

  -------         MODULE        ?C?CASTF
  C:27AFH         PUBLIC        ?C?CASTF
  -------         ENDMOD        ?C?CASTF

  -------         MODULE        PRINTF
  X:04FDH         PUBLIC        ?_PRINTF?BYTE
  X:04FDH         PUBLIC        ?_SPRINTF?BYTE
  C:4B55H         PUBLIC        _PRINTF
  C:4B4FH         PUBLIC        _SPRINTF
  -------         ENDMOD        PRINTF

  -------         MODULE        FABS
BL51 BANKED LINKER/LOCATER V6.22                                                      08/30/2019  11:11:41  PAGE 61


  C:7CA9H         PUBLIC        _FABS
  -------         ENDMOD        FABS

  -------         MODULE        ATAN2
  X:04AFH         PUBLIC        ?_atan2?BYTE
  C:718FH         PUBLIC        _atan2
  -------         ENDMOD        ATAN2

  -------         MODULE        SIN
  C:63EFH         PUBLIC        _COS
  C:6405H         PUBLIC        _SIN
  C:6441H         PUBLIC        _TAN
  -------         ENDMOD        SIN

  -------         MODULE        ACOS
  C:776EH         PUBLIC        _ACOS
  -------         ENDMOD        ACOS

  -------         MODULE        ASIN
  C:787CH         PUBLIC        _ASIN
  -------         ENDMOD        ASIN

  -------         MODULE        POW
  X:03BCH         PUBLIC        ?_pow?BYTE
  C:652FH         PUBLIC        _pow
  -------         ENDMOD        POW

  -------         MODULE        ?C?CHKFLOAT
  C:2830H         PUBLIC        ?C?CHKFLOAT
  -------         ENDMOD        ?C?CHKFLOAT

  -------         MODULE        ?C?FPROUND
  C:284AH         PUBLIC        ?C?FPROUND
  -------         ENDMOD        ?C?FPROUND

  -------         MODULE        ?C?FPCONVERT
  C:2887H         PUBLIC        ?C?FPCONVERT
  -------         ENDMOD        ?C?FPCONVERT

  -------         MODULE        EXP
  C:7300H         PUBLIC        _EXP
  -------         ENDMOD        EXP

  -------         MODULE        LOG
  C:681EH         PUBLIC        _LOG
  C:681AH         PUBLIC        _LOG10
  -------         ENDMOD        LOG

  -------         MODULE        SQRT
  C:7046H         PUBLIC        _SQRT
  -------         ENDMOD        SQRT

  -------         MODULE        ATAN
  C:6933H         PUBLIC        _ATAN
  -------         ENDMOD        ATAN

  -------         MODULE        ?C?FTNPWR
BL51 BANKED LINKER/LOCATER V6.22                                                      08/30/2019  11:11:41  PAGE 62


  C:2A09H         PUBLIC        ?C?FTNPWR
  -------         ENDMOD        ?C?FTNPWR

  -------         MODULE        ?C?COPY
  C:2B19H         PUBLIC        ?C?COPY
  -------         ENDMOD        ?C?COPY

  -------         MODULE        ?C?CLDPTR
  C:2B3FH         PUBLIC        ?C?CLDPTR
  -------         ENDMOD        ?C?CLDPTR

  -------         MODULE        ?C?CLDOPTR
  C:2B58H         PUBLIC        ?C?CLDOPTR
  -------         ENDMOD        ?C?CLDOPTR

  -------         MODULE        ?C?CSTPTR
  C:2B85H         PUBLIC        ?C?CSTPTR
  -------         ENDMOD        ?C?CSTPTR

  -------         MODULE        ?C?IMUL
  C:2B97H         PUBLIC        ?C?IMUL
  -------         ENDMOD        ?C?IMUL

  -------         MODULE        ?C?UIDIV
  C:2BA9H         PUBLIC        ?C?UIDIV
  -------         ENDMOD        ?C?UIDIV

  -------         MODULE        ?C?SIDIV
  C:2BFEH         PUBLIC        ?C?SIDIV
  -------         ENDMOD        ?C?SIDIV

  -------         MODULE        ?C?ILDIX
  C:2C34H         PUBLIC        ?C?ILDIX
  -------         ENDMOD        ?C?ILDIX

  -------         MODULE        ?C?ILDOPTR
  C:2C4AH         PUBLIC        ?C?ILDOPTR
  -------         ENDMOD        ?C?ILDOPTR

  -------         MODULE        ?C?ISTPTR
  C:2C82H         PUBLIC        ?C?ISTPTR
  -------         ENDMOD        ?C?ISTPTR

  -------         MODULE        ?C?LMUL
  C:2CA1H         PUBLIC        ?C?LMUL
  -------         ENDMOD        ?C?LMUL

  -------         MODULE        ?C?SLDIV
  C:77B8H         PUBLIC        ?C?SLDIV
  -------         ENDMOD        ?C?SLDIV

  -------         MODULE        ?C?LNEG
  C:2CF0H         PUBLIC        ?C?LNEG
  -------         ENDMOD        ?C?LNEG

  -------         MODULE        ?C?ULCMP
  C:2CFEH         PUBLIC        ?C?ULCMP
BL51 BANKED LINKER/LOCATER V6.22                                                      08/30/2019  11:11:41  PAGE 63


  -------         ENDMOD        ?C?ULCMP

  -------         MODULE        ?C?LSHL
  C:2D0FH         PUBLIC        ?C?LSHL
  -------         ENDMOD        ?C?LSHL

  -------         MODULE        ?C?LLDPTR
  C:2D22H         PUBLIC        ?C?LLDPTR
  -------         ENDMOD        ?C?LLDPTR

  -------         MODULE        ?C?LLDOPTR
  C:2D42H         PUBLIC        ?C?LLDOPTR
  -------         ENDMOD        ?C?LLDOPTR

  -------         MODULE        ?C?LSTPTR
  C:2D72H         PUBLIC        ?C?LSTPTR
  -------         ENDMOD        ?C?LSTPTR

  -------         MODULE        ?C?LSTOPTR
  C:2D8CH         PUBLIC        ?C?LSTOPTR
  -------         ENDMOD        ?C?LSTOPTR

  -------         MODULE        ?C?LLDXDATA
  C:2DB0H         PUBLIC        ?C?LLDXDATA
  -------         ENDMOD        ?C?LLDXDATA

  -------         MODULE        ?C?LLDCODE
  C:2DBCH         PUBLIC        ?C?LLDCODE
  -------         ENDMOD        ?C?LLDCODE

  -------         MODULE        ?C?LLDXDATA0
  C:2DCCH         PUBLIC        ?C?LLDXDATA0
  -------         ENDMOD        ?C?LLDXDATA0

  -------         MODULE        ?C?LLDCODE0
  C:2DD8H         PUBLIC        ?C?LLDCODE0
  -------         ENDMOD        ?C?LLDCODE0

  -------         MODULE        ?C?LLDPTR0
  C:2DE8H         PUBLIC        ?C?LLDPTR0
  -------         ENDMOD        ?C?LLDPTR0

  -------         MODULE        ?C?LSTXDATA
  C:2E08H         PUBLIC        ?C?LSTXDATA
  -------         ENDMOD        ?C?LSTXDATA

  -------         MODULE        ?C?LSTKXDATA
  C:2E14H         PUBLIC        ?C?LSTKXDATA
  -------         ENDMOD        ?C?LSTKXDATA

  -------         MODULE        ?C?LSTKPTR
  C:2E45H         PUBLIC        ?C?LSTKPTR
  -------         ENDMOD        ?C?LSTKPTR

  -------         MODULE        ?C?OFFXADD
  C:2E5FH         PUBLIC        ?C?OFFXADD
  -------         ENDMOD        ?C?OFFXADD
BL51 BANKED LINKER/LOCATER V6.22                                                      08/30/2019  11:11:41  PAGE 64



  -------         MODULE        ?C?PLDIXDATA
  C:2E6BH         PUBLIC        ?C?PLDIXDATA
  -------         ENDMOD        ?C?PLDIXDATA

  -------         MODULE        ?C?PSTXDATA
  C:2E82H         PUBLIC        ?C?PSTXDATA
  -------         ENDMOD        ?C?PSTXDATA

  -------         MODULE        ?C?CCASE
  C:2E8BH         PUBLIC        ?C?CCASE
  -------         ENDMOD        ?C?CCASE

  -------         MODULE        PUTCHAR
  C:7A3AH         PUBLIC        _PUTCHAR
  -------         ENDMOD        PUTCHAR

  -------         MODULE        ABS
  C:7CC2H         PUBLIC        _ABS
  -------         ENDMOD        ABS

  -------         MODULE        ATOI
  C:6D3CH         PUBLIC        _atoi
  -------         ENDMOD        ATOI

  -------         MODULE        ?C?IILDX
  C:2EB1H         PUBLIC        ?C?IILDX
  -------         ENDMOD        ?C?IILDX

  -------         MODULE        ?C?ULDIV
  C:2F03H         PUBLIC        ?C?ULDIV
  -------         ENDMOD        ?C?ULDIV

  -------         MODULE        ?C?LLDIDATA
  C:2F95H         PUBLIC        ?C?LLDIDATA
  -------         ENDMOD        ?C?LLDIDATA

  -------         MODULE        ?C?LLDPDATA
  C:2FA1H         PUBLIC        ?C?LLDPDATA
  -------         ENDMOD        ?C?LLDPDATA

  -------         MODULE        ?C?LLDIDATA0
  C:2FADH         PUBLIC        ?C?LLDIDATA0
  -------         ENDMOD        ?C?LLDIDATA0

  -------         MODULE        ?C?LLDPDATA0
  C:2FBAH         PUBLIC        ?C?LLDPDATA0
  -------         ENDMOD        ?C?LLDPDATA0

  -------         MODULE        ?C?LSTIDATA
  C:2FC7H         PUBLIC        ?C?LSTIDATA
  -------         ENDMOD        ?C?LSTIDATA

  -------         MODULE        ?C?LSTPDATA
  C:2FD3H         PUBLIC        ?C?LSTPDATA
  -------         ENDMOD        ?C?LSTPDATA

BL51 BANKED LINKER/LOCATER V6.22                                                      08/30/2019  11:11:41  PAGE 65


  -------         MODULE        ?C?LSTKIDATA
  C:2FDFH         PUBLIC        ?C?LSTKIDATA
  -------         ENDMOD        ?C?LSTKIDATA

  -------         MODULE        ?C?LSTKPDATA
  C:2FF8H         PUBLIC        ?C?LSTKPDATA
  -------         ENDMOD        ?C?LSTKPDATA

  -------         MODULE        ISDIGIT
  C:7C80H         PUBLIC        _isdigit
  -------         ENDMOD        ISDIGIT

  -------         MODULE        ISSPACE
  C:7C1BH         PUBLIC        _isspace
  -------         ENDMOD        ISSPACE

*** WARNING L16: UNCALLED SEGMENT, IGNORED FOR OVERLAY PROCESS
    SEGMENT: ?PR?_DAY_OF_YEAR?PCF85063BTL

*** WARNING L16: UNCALLED SEGMENT, IGNORED FOR OVERLAY PROCESS
    SEGMENT: ?PR?_FINDCLOSESTSAMEDAYCALIBTIME?CALIBRATION

*** WARNING L16: UNCALLED SEGMENT, IGNORED FOR OVERLAY PROCESS
    SEGMENT: ?PR?NOP?IOEXPANDER_PI4IOE5V96248

*** WARNING L16: UNCALLED SEGMENT, IGNORED FOR OVERLAY PROCESS
    SEGMENT: ?PR?UC_ACK?IOEXPANDER_PI4IOE5V96248

*** WARNING L16: UNCALLED SEGMENT, IGNORED FOR OVERLAY PROCESS
    SEGMENT: ?PR?UC_NACK?IOEXPANDER_PI4IOE5V96248

*** WARNING L16: UNCALLED SEGMENT, IGNORED FOR OVERLAY PROCESS
    SEGMENT: ?PR?_TEN?UART1

*** WARNING L16: UNCALLED SEGMENT, IGNORED FOR OVERLAY PROCESS
    SEGMENT: ?PR?_UNIT?UART1

*** WARNING L16: UNCALLED SEGMENT, IGNORED FOR OVERLAY PROCESS
    SEGMENT: ?PR?_DECTOBCD?UART1

*** WARNING L16: UNCALLED SEGMENT, IGNORED FOR OVERLAY PROCESS
    SEGMENT: ?PR?_ASCII_LETTER?UART1

*** WARNING L16: UNCALLED SEGMENT, IGNORED FOR OVERLAY PROCESS
    SEGMENT: ?PR?_ASCIITOBCD?UART1

Program Size: data=15.4 xdata=1642 code=32011
LINK/LOCATE RUN COMPLETE.  10 WARNING(S),  0 ERROR(S)
