BL51 BANKED LINKER/LOCATER V6.22                                                        01/25/2019  12:05:37  PAGE 1


BL51 BANKED LINKER/LOCATER V6.22, INVOKED BY:
C:\KEIL_V5\C51\BIN\BL51.EXE .\Obj\main.obj, .\Obj\PCF85063BTL.obj, .\Obj\UART1.obj, .\Obj\LCd_Driver_SPLC780D.obj, .\Obj
>> \KeyPad.obj, .\Obj\BipolarMotor.obj, .\Obj\SunPos.obj, .\Obj\ADC.obj, .\Obj\Calibration.obj, .\Obj\IOExpander_PI4IOE5
>> V96248.obj, .\Obj\STARTUP.obj TO .\Obj\GPIO_RTC_Test PRINT (.\Lis\GPIO_RTC_Test.m51) RAMSIZE (256)


MEMORY MODEL: LARGE WITH FLOATING POINT ARITHMETIC


INPUT MODULES INCLUDED:
  .\Obj\main.obj (MAIN)
  .\Obj\PCF85063BTL.obj (PCF85063BTL)
  .\Obj\UART1.obj (UART1)
  .\Obj\LCd_Driver_SPLC780D.obj (LCD_DRIVER_SPLC780D)
  .\Obj\KeyPad.obj (KEYPAD)
  .\Obj\BipolarMotor.obj (BIPOLARMOTOR)
  .\Obj\SunPos.obj (SUNPOS)
  .\Obj\ADC.obj (ADC)
  .\Obj\Calibration.obj (CALIBRATION)
  .\Obj\IOExpander_PI4IOE5V96248.obj (IOEXPANDER_PI4IOE5V96248)
  .\Obj\STARTUP.obj (?C_STARTUP)
  C:\KEIL_V5\C51\LIB\C51FPL.LIB (?C?FPADD)
  C:\KEIL_V5\C51\LIB\C51FPL.LIB (?C?FPMUL)
  C:\KEIL_V5\C51\LIB\C51FPL.LIB (?C?FPDIV)
  C:\KEIL_V5\C51\LIB\C51FPL.LIB (?C?FPCMP)
  C:\KEIL_V5\C51\LIB\C51FPL.LIB (?C?FPNEG)
  C:\KEIL_V5\C51\LIB\C51FPL.LIB (?C?FCAST)
  C:\KEIL_V5\C51\LIB\C51FPL.LIB (?C?CASTF)
  C:\KEIL_V5\C51\LIB\C51FPL.LIB (ATAN2)
  C:\KEIL_V5\C51\LIB\C51FPL.LIB (SIN)
  C:\KEIL_V5\C51\LIB\C51FPL.LIB (ACOS)
  C:\KEIL_V5\C51\LIB\C51FPL.LIB (ASIN)
  C:\KEIL_V5\C51\LIB\C51FPL.LIB (?C?FPGETOPN)
  C:\KEIL_V5\C51\LIB\C51FPL.LIB (?C?FPSERIES)
  C:\KEIL_V5\C51\LIB\C51FPL.LIB (SQRT)
  C:\KEIL_V5\C51\LIB\C51FPL.LIB (ATAN)
  C:\KEIL_V5\C51\LIB\C51L.LIB (?C_INIT)
  C:\KEIL_V5\C51\LIB\C51L.LIB (?C?COPY)
  C:\KEIL_V5\C51\LIB\C51L.LIB (?C?CLDPTR)
  C:\KEIL_V5\C51\LIB\C51L.LIB (?C?CLDOPTR)
  C:\KEIL_V5\C51\LIB\C51L.LIB (?C?CSTPTR)
  C:\KEIL_V5\C51\LIB\C51L.LIB (?C?IMUL)
  C:\KEIL_V5\C51\LIB\C51L.LIB (?C?UIDIV)
  C:\KEIL_V5\C51\LIB\C51L.LIB (?C?SIDIV)
  C:\KEIL_V5\C51\LIB\C51L.LIB (?C?ILDIX)
  C:\KEIL_V5\C51\LIB\C51L.LIB (?C?ILDOPTR)
  C:\KEIL_V5\C51\LIB\C51L.LIB (?C?LMUL)
  C:\KEIL_V5\C51\LIB\C51L.LIB (?C?SLDIV)
  C:\KEIL_V5\C51\LIB\C51L.LIB (?C?LNEG)
  C:\KEIL_V5\C51\LIB\C51L.LIB (?C?LLDPTR)
  C:\KEIL_V5\C51\LIB\C51L.LIB (?C?LLDOPTR)
  C:\KEIL_V5\C51\LIB\C51L.LIB (?C?LSTPTR)
  C:\KEIL_V5\C51\LIB\C51L.LIB (?C?LSTOPTR)
  C:\KEIL_V5\C51\LIB\C51L.LIB (?C?LLDXDATA)
  C:\KEIL_V5\C51\LIB\C51L.LIB (?C?LLDCODE)
  C:\KEIL_V5\C51\LIB\C51L.LIB (?C?LLDXDATA0)
  C:\KEIL_V5\C51\LIB\C51L.LIB (?C?LLDCODE0)
  C:\KEIL_V5\C51\LIB\C51L.LIB (?C?LLDPTR0)
BL51 BANKED LINKER/LOCATER V6.22                                                      01/25/2019  12:05:37  PAGE 2


  C:\KEIL_V5\C51\LIB\C51L.LIB (?C?LSTXDATA)
  C:\KEIL_V5\C51\LIB\C51L.LIB (?C?LSTKXDATA)
  C:\KEIL_V5\C51\LIB\C51L.LIB (?C?OFFXADD)
  C:\KEIL_V5\C51\LIB\C51L.LIB (ABS)
  C:\KEIL_V5\C51\LIB\C51L.LIB (ATOI)
  C:\KEIL_V5\C51\LIB\C51L.LIB (?C?IILDX)
  C:\KEIL_V5\C51\LIB\C51L.LIB (?C?ULDIV)
  C:\KEIL_V5\C51\LIB\C51L.LIB (?C?LLDIDATA)
  C:\KEIL_V5\C51\LIB\C51L.LIB (?C?LLDPDATA)
  C:\KEIL_V5\C51\LIB\C51L.LIB (?C?LLDIDATA0)
  C:\KEIL_V5\C51\LIB\C51L.LIB (?C?LLDPDATA0)
  C:\KEIL_V5\C51\LIB\C51L.LIB (?C?LSTIDATA)
  C:\KEIL_V5\C51\LIB\C51L.LIB (?C?LSTPDATA)
  C:\KEIL_V5\C51\LIB\C51L.LIB (ISDIGIT)
  C:\KEIL_V5\C51\LIB\C51L.LIB (ISSPACE)


LINK MAP OF MODULE:  .\Obj\GPIO_RTC_Test (MAIN)


            TYPE    BASE      LENGTH    RELOCATION   SEGMENT NAME
            -----------------------------------------------------

            * * * * * * *   D A T A   M E M O R Y   * * * * * * *
            REG     0000H     0008H     ABSOLUTE     "REG BANK 0"
                    0008H     0018H                  *** GAP ***
            BIT     0020H.0   0000H.5   UNIT         ?BI?KEYPAD
            BIT     0020H.5   0000H.3   UNIT         _BIT_GROUP_
            BIT     0021H.0   0000H.1   UNIT         ?BI?MAIN
            BIT     0021H.1   0000H.1   UNIT         ?BI?_ATOI?ATOI
                    0021H.2   0000H.6                *** GAP ***
            IDATA   0022H     0001H     UNIT         ?STACK

            * * * * * * *  X D A T A   M E M O R Y  * * * * * * *
            XDATA   0000H     02EFH     UNIT         ?XD?BIPOLARMOTOR
            XDATA   02EFH     011FH     UNIT         _XDATA_GROUP_
            XDATA   040EH     00D4H     UNIT         ?XD?MAIN
            XDATA   04E2H     0040H     UNIT         ?XD?_FINDDET4X4?BIPOLARMOTOR
            XDATA   0522H     0024H     UNIT         ?XD?_FINDDET3X3?BIPOLARMOTOR
            XDATA   0546H     0009H     UNIT         ?XD?KEYPAD
            XDATA   054FH     0005H     UNIT         ?XD?_ATOI?ATOI
            XDATA   0554H     0004H     UNIT         ?XD?_DISPLAY_PROX?MAIN
            XDATA   0558H     0003H     UNIT         ?XD?_SENDSTRING?UART1
            XDATA   055BH     0001H     UNIT         ?XD?UC_ACK?IOEXPANDER_PI4IOE5V96248
            XDATA   055CH     0001H     UNIT         ?XD?UC_NACK?IOEXPANDER_PI4IOE5V96248

            * * * * * * *   C O D E   M E M O R Y   * * * * * * *
            CODE    0000H     0003H     ABSOLUTE     
            CODE    0003H     0006H     UNIT         ?PR?_TEN?UART1
            CODE    0009H     0001H     UNIT         ?PR?TM0_ISR?MAIN
            CODE    000AH     0001H     UNIT         ?PR?_DECTOBCD?UART1
            CODE    000BH     0003H     ABSOLUTE     
            CODE    000EH     0A2DH     UNIT         ?PR?_UPDATE_POSITION?BIPOLARMOTOR
            CODE    0A3BH     0927H     UNIT         ?C?LIB_CODE
            CODE    1362H     07C6H     UNIT         ?PR?MAIN?MAIN
            CODE    1B28H     07A2H     UNIT         ?PR?SUNPOS?SUNPOS
            CODE    22CAH     0355H     UNIT         ?C_INITSEG
BL51 BANKED LINKER/LOCATER V6.22                                                      01/25/2019  12:05:37  PAGE 3


            CODE    261FH     02C0H     UNIT         ?PR?_FINDDET4X4?BIPOLARMOTOR
            CODE    28DFH     02A0H     UNIT         ?PR?KEY_PROCESS?KEYPAD
            CODE    2B7FH     01D1H     UNIT         ?PR?_FINDDET3X3?BIPOLARMOTOR
            CODE    2D50H     01B5H     UNIT         ?PR?_DISPLAY_POS?MAIN
            CODE    2F05H     018DH     UNIT         ?PR?KEY_SCAN?KEYPAD
            CODE    3092H     0188H     UNIT         ?PR?SIN?SIN
            CODE    321AH     013EH     UNIT         ?PR?_FIND_REAL_MAX?CALIBRATION
            CODE    3358H     0122H     UNIT         ?PR?ATAN?ATAN
            CODE    347AH     00E4H     UNIT         ?PR?_CALIBRATION?CALIBRATION
            CODE    355EH     00DBH     UNIT         ?PR?_ATOI?ATOI
            CODE    3639H     00C3H     UNIT         ?PR?LINEAR_INTERPOLATE?BIPOLARMOTOR
            CODE    36FCH     00BBH     UNIT         ?PR?VOLTAGE_IS_STABLE?CALIBRATION
            CODE    37B7H     00ADH     UNIT         ?PR?_WRITE_PI4IOE5V96248?IOEXPANDER_PI4IOE5V96248
            CODE    3864H     00ACH     UNIT         ?PR?SQRT?SQRT
            CODE    3910H     009DH     UNIT         ?PR?_ATAN2?ATAN2
            CODE    39ADH     0096H     UNIT         ?PR?_MAX_VALUE?CALIBRATION
            CODE    3A43H     0095H     UNIT         ?PR?_DISPLAY_PROX?MAIN
            CODE    3AD8H     008CH     UNIT         ?C_C51STARTUP
            CODE    3B64H     0084H     UNIT         ?PR?_DAY_OF_YEAR?PCF85063BTL
            CODE    3BE8H     0075H     UNIT         ?PR?_WRITEDATA?LCD_DRIVER_SPLC780D
            CODE    3C5DH     006FH     UNIT         ?PR?_READ_TIME?PCF85063BTL
            CODE    3CCCH     0059H     UNIT         ?PR?LCD_INIT?LCD_DRIVER_SPLC780D
            CODE    3D25H     004AH     UNIT         ?PR?VONESTEPMOVE?BIPOLARMOTOR
            CODE    3D6FH     004AH     UNIT         ?PR?ACOS?ACOS
            CODE    3DB9H     0044H     UNIT         ?C?LDIV
            CODE    3DFDH     0040H     UNIT         ?PR?_COMMAND?LCD_DRIVER_SPLC780D
            CODE    3E3DH     0040H     UNIT         ?PR?_STEP_MOVE?BIPOLARMOTOR
            CODE    3E7DH     003BH     UNIT         ?PR?ASIN?ASIN
            CODE    3EB8H     0033H     UNIT         ?PR?_SENDSTRING?UART1
            CODE    3EEBH     002BH     UNIT         ?PR?_WAIT_MS_I2C?IOEXPANDER_PI4IOE5V96248
            CODE    3F16H     0028H     UNIT         ?PR?_MOVE?BIPOLARMOTOR
            CODE    3F3EH     0027H     UNIT         ?PR?_I2C_SENDBYTE?IOEXPANDER_PI4IOE5V96248
            CODE    3F65H     0026H     UNIT         ?PR?_ADC_GETRESULT?ADC
            CODE    3F8BH     0024H     UNIT         ?PR?_WAIT_MS?LCD_DRIVER_SPLC780D
            CODE    3FAFH     0020H     UNIT         ?PR?_SPI_SENDBYTE?PCF85063BTL
            CODE    3FCFH     0020H     UNIT         ?PR?SPI_RECEIVEBYTE?PCF85063BTL
            CODE    3FEFH     001EH     UNIT         ?PR?_DELAY_MS?KEYPAD
            CODE    400DH     001DH     UNIT         ?PR?_DISPLAYLCD?LCD_DRIVER_SPLC780D
            CODE    402AH     001DH     UNIT         ?PR?ADC_INIT?ADC
            CODE    4047H     001BH     UNIT         ?PR?_BCDTODEC1?BIPOLARMOTOR
            CODE    4062H     0018H     UNIT         ?PR?_SPI_WRITETIME?PCF85063BTL
            CODE    407AH     0017H     UNIT         ?PR?_ASCIITOBCD?UART1
            CODE    4091H     0016H     UNIT         ?PR?I2C_ACK?IOEXPANDER_PI4IOE5V96248
            CODE    40A7H     0015H     UNIT         ?PR?_DISPLAY_LINE?LCD_DRIVER_SPLC780D
            CODE    40BCH     0015H     UNIT         ?PR?I2C_STOP?IOEXPANDER_PI4IOE5V96248
            CODE    40D1H     0014H     UNIT         ?PR?_PCF85063BTL_DELAY?PCF85063BTL
            CODE    40E5H     0014H     UNIT         ?PR?_ISSPACE?ISSPACE
            CODE    40F9H     0011H     UNIT         ?PR?_SPI_READTIME?PCF85063BTL
            CODE    410AH     0011H     UNIT         ?PR?_BCDTODEC?PCF85063BTL
            CODE    411BH     0011H     UNIT         ?PR?INITUART1?UART1
            CODE    412CH     000FH     UNIT         ?PR?I2C_START?IOEXPANDER_PI4IOE5V96248
            CODE    413BH     000FH     UNIT         ?PR?UC_NACK?IOEXPANDER_PI4IOE5V96248
            CODE    414AH     000FH     UNIT         ?PR?_ISDIGIT?ISDIGIT
            CODE    4159H     000DH     UNIT         ?PR?SPI_INIT?PCF85063BTL
            CODE    4166H     000CH     UNIT         ?PR?KEYPAD_IO_INIT?KEYPAD
            CODE    4172H     000CH     UNIT         ?PR?_ABS?ABS
            CODE    417EH     000AH     UNIT         ?PR?LCD_RETURN_HOME?LCD_DRIVER_SPLC780D
BL51 BANKED LINKER/LOCATER V6.22                                                      01/25/2019  12:05:37  PAGE 4


            CODE    4188H     000AH     UNIT         ?PR?LCD_CLEAR?LCD_DRIVER_SPLC780D
            CODE    4192H     0006H     UNIT         ?PR?UC_ACK?IOEXPANDER_PI4IOE5V96248
            CODE    4198H     0005H     UNIT         ?PR?_UNIT?UART1
            CODE    419DH     0005H     UNIT         ?PR?_ASCII_LETTER?UART1
            CODE    41A2H     0001H     UNIT         ?PR?WAIT?BIPOLARMOTOR
            CODE    41A3H     0001H     UNIT         ?PR?NOP?IOEXPANDER_PI4IOE5V96248



OVERLAY MAP OF MODULE:   .\Obj\GPIO_RTC_Test (MAIN)


SEGMENT                                             BIT_GROUP          XDATA_GROUP
  +--> CALLED SEGMENT                            START    LENGTH     START    LENGTH
------------------------------------------------------------------------------------
?C_C51STARTUP                                    -----    -----      -----    -----
  +--> ?PR?MAIN?MAIN
  +--> ?C_INITSEG

?PR?MAIN?MAIN                                    -----    -----      02EFH    0017H
  +--> ?PR?LCD_INIT?LCD_DRIVER_SPLC780D
  +--> ?PR?SPI_INIT?PCF85063BTL
  +--> ?PR?KEYPAD_IO_INIT?KEYPAD
  +--> ?PR?ADC_INIT?ADC
  +--> ?PR?_SPI_WRITETIME?PCF85063BTL
  +--> ?PR?_DELAY_MS?KEYPAD
  +--> ?PR?_DISPLAY_LINE?LCD_DRIVER_SPLC780D
  +--> ?PR?_WRITEDATA?LCD_DRIVER_SPLC780D
  +--> ?PR?KEY_PROCESS?KEYPAD
  +--> ?PR?_COMMAND?LCD_DRIVER_SPLC780D
  +--> ?PR?_DISPLAY_POS?MAIN
  +--> ?PR?_DISPLAYLCD?LCD_DRIVER_SPLC780D
  +--> ?PR?_STEP_MOVE?BIPOLARMOTOR
  +--> ?PR?LCD_RETURN_HOME?LCD_DRIVER_SPLC780D
  +--> ?PR?_READ_TIME?PCF85063BTL
  +--> ?PR?_BCDTODEC1?BIPOLARMOTOR
  +--> ?PR?_CALIBRATION?CALIBRATION
  +--> ?PR?_UPDATE_POSITION?BIPOLARMOTOR
  +--> ?PR?LINEAR_INTERPOLATE?BIPOLARMOTOR

?PR?LCD_INIT?LCD_DRIVER_SPLC780D                 -----    -----      -----    -----
  +--> ?PR?_WAIT_MS?LCD_DRIVER_SPLC780D
  +--> ?PR?_COMMAND?LCD_DRIVER_SPLC780D

?PR?_COMMAND?LCD_DRIVER_SPLC780D                 -----    -----      -----    -----
  +--> ?PR?_WAIT_MS?LCD_DRIVER_SPLC780D

?PR?ADC_INIT?ADC                                 -----    -----      -----    -----
  +--> ?PR?_WAIT_MS?LCD_DRIVER_SPLC780D

?PR?_SPI_WRITETIME?PCF85063BTL                   -----    -----      -----    -----
  +--> ?PR?_SPI_SENDBYTE?PCF85063BTL

?PR?_SPI_SENDBYTE?PCF85063BTL                    -----    -----      -----    -----
  +--> ?PR?_PCF85063BTL_DELAY?PCF85063BTL

?PR?_DISPLAY_LINE?LCD_DRIVER_SPLC780D            -----    -----      -----    -----
BL51 BANKED LINKER/LOCATER V6.22                                                      01/25/2019  12:05:37  PAGE 5


  +--> ?PR?_COMMAND?LCD_DRIVER_SPLC780D

?PR?_WRITEDATA?LCD_DRIVER_SPLC780D               -----    -----      0310H    0001H
  +--> ?PR?_WAIT_MS?LCD_DRIVER_SPLC780D

?PR?KEY_PROCESS?KEYPAD                           -----    -----      0306H    0006H
  +--> ?PR?KEY_SCAN?KEYPAD
  +--> ?PR?_SPI_WRITETIME?PCF85063BTL
  +--> ?PR?LCD_CLEAR?LCD_DRIVER_SPLC780D
  +--> ?PR?_COMMAND?LCD_DRIVER_SPLC780D
  +--> ?PR?_WRITEDATA?LCD_DRIVER_SPLC780D

?PR?KEY_SCAN?KEYPAD                              -----    -----      030CH    0003H

?PR?LCD_CLEAR?LCD_DRIVER_SPLC780D                -----    -----      -----    -----
  +--> ?PR?_COMMAND?LCD_DRIVER_SPLC780D

?PR?_DISPLAY_POS?MAIN                            -----    -----      0306H    000AH
  +--> ?PR?_ABS?ABS
  +--> ?PR?_WRITEDATA?LCD_DRIVER_SPLC780D

?PR?_DISPLAYLCD?LCD_DRIVER_SPLC780D              -----    -----      0306H    0001H
  +--> ?PR?_WRITEDATA?LCD_DRIVER_SPLC780D

?PR?_STEP_MOVE?BIPOLARMOTOR                      0020H.6  0000H.1    03A2H    0004H
  +--> ?PR?VONESTEPMOVE?BIPOLARMOTOR

?PR?VONESTEPMOVE?BIPOLARMOTOR                    0020H.7  0000H.1    -----    -----
  +--> ?PR?_WRITE_PI4IOE5V96248?IOEXPANDER_P...
  +--> ?PR?_DELAY_MS?KEYPAD

?PR?_WRITE_PI4IOE5V96248?IOEXPANDER_P...         -----    -----      03A6H    0003H
  +--> ?PR?I2C_START?IOEXPANDER_PI4IOE5V96248
  +--> ?PR?_WAIT_MS_I2C?IOEXPANDER_PI4IOE5V9...
  +--> ?PR?_I2C_SENDBYTE?IOEXPANDER_PI4IOE5V...
  +--> ?PR?I2C_ACK?IOEXPANDER_PI4IOE5V96248
  +--> ?PR?I2C_STOP?IOEXPANDER_PI4IOE5V96248

?PR?I2C_START?IOEXPANDER_PI4IOE5V96248           -----    -----      -----    -----
  +--> ?PR?_WAIT_MS_I2C?IOEXPANDER_PI4IOE5V9...

?PR?_I2C_SENDBYTE?IOEXPANDER_PI4IOE5V...         -----    -----      -----    -----
  +--> ?PR?_WAIT_MS_I2C?IOEXPANDER_PI4IOE5V9...

?PR?I2C_ACK?IOEXPANDER_PI4IOE5V96248             -----    -----      03A9H    0001H
  +--> ?PR?_WAIT_MS_I2C?IOEXPANDER_PI4IOE5V9...

?PR?I2C_STOP?IOEXPANDER_PI4IOE5V96248            -----    -----      -----    -----
  +--> ?PR?_WAIT_MS_I2C?IOEXPANDER_PI4IOE5V9...

?PR?LCD_RETURN_HOME?LCD_DRIVER_SPLC780D          -----    -----      -----    -----
  +--> ?PR?_COMMAND?LCD_DRIVER_SPLC780D

?PR?_READ_TIME?PCF85063BTL                       -----    -----      0306H    000FH
  +--> ?PR?_SPI_READTIME?PCF85063BTL

?PR?_SPI_READTIME?PCF85063BTL                    -----    -----      -----    -----
BL51 BANKED LINKER/LOCATER V6.22                                                      01/25/2019  12:05:37  PAGE 6


  +--> ?PR?_SPI_SENDBYTE?PCF85063BTL
  +--> ?PR?SPI_RECEIVEBYTE?PCF85063BTL

?PR?SPI_RECEIVEBYTE?PCF85063BTL                  -----    -----      -----    -----
  +--> ?PR?_PCF85063BTL_DELAY?PCF85063BTL

?PR?_CALIBRATION?CALIBRATION                     -----    -----      0306H    0014H
  +--> ?PR?VOLTAGE_IS_STABLE?CALIBRATION
  +--> ?PR?_UPDATE_POSITION?BIPOLARMOTOR
  +--> ?PR?_FIND_REAL_MAX?CALIBRATION

?PR?VOLTAGE_IS_STABLE?CALIBRATION                -----    -----      031AH    0018H
  +--> ?PR?_ADC_GETRESULT?ADC
  +--> ?PR?_ABS?ABS

?PR?_UPDATE_POSITION?BIPOLARMOTOR                -----    -----      031AH    008BH
  +--> ?PR?_BCDTODEC1?BIPOLARMOTOR
  +--> ?PR?SUNPOS?SUNPOS
  +--> ?PR?SIN?SIN
  +--> ?PR?ASIN?ASIN
  +--> ?PR?LINEAR_INTERPOLATE?BIPOLARMOTOR
  +--> ?PR?_ABS?ABS

?PR?SUNPOS?SUNPOS                                -----    -----      03A5H    005DH
  +--> ?PR?SIN?SIN
  +--> ?PR?_ATAN2?ATAN2
  +--> ?PR?ASIN?ASIN
  +--> ?PR?ACOS?ACOS

?PR?SIN?SIN                                      0020H.5  0000H.1    0402H    0004H

?PR?_ATAN2?ATAN2                                 -----    -----      0402H    0008H
  +--> ?PR?ATAN?ATAN

?PR?ATAN?ATAN                                    0020H.5  0000H.2    040AH    0004H

?PR?ASIN?ASIN                                    -----    -----      -----    -----
  +--> ?PR?SQRT?SQRT
  +--> ?PR?ATAN?ATAN

?PR?SQRT?SQRT                                    -----    -----      0402H    0004H

?PR?ACOS?ACOS                                    -----    -----      -----    -----
  +--> ?PR?SQRT?SQRT
  +--> ?PR?ATAN?ATAN

?PR?LINEAR_INTERPOLATE?BIPOLARMOTOR              -----    -----      03A5H    0014H

?PR?_FIND_REAL_MAX?CALIBRATION                   -----    -----      031AH    0084H
  +--> ?PR?_MOVE?BIPOLARMOTOR
  +--> ?PR?_ADC_GETRESULT?ADC
  +--> ?PR?_WAIT_MS?LCD_DRIVER_SPLC780D
  +--> ?PR?_MAX_VALUE?CALIBRATION

?PR?_MOVE?BIPOLARMOTOR                           0020H.5  0000H.1    039EH    0004H
  +--> ?PR?_STEP_MOVE?BIPOLARMOTOR

BL51 BANKED LINKER/LOCATER V6.22                                                      01/25/2019  12:05:37  PAGE 7


?PR?_MAX_VALUE?CALIBRATION                       -----    -----      039EH    0004H



UNRESOLVED EXTERNAL SYMBOLS:
   AUTO_MODE
   _SENDUART1



SYMBOL TABLE OF MODULE:  .\Obj\GPIO_RTC_Test (MAIN)

  VALUE           TYPE          NAME
  ----------------------------------

  -------         MODULE        MAIN
  C:0000H         SYMBOL        _ICE_DUMMY_
  X:0416H         PUBLIC        calib_value
  D:0080H         PUBLIC        P0
  D:00B2H         PUBLIC        P3M0
  D:0090H         PUBLIC        P1
  D:00B1H         PUBLIC        P3M1
  D:00A0H         PUBLIC        P2
  D:00B0H         PUBLIC        P3
  D:00C0H         PUBLIC        P4
  D:00C8H         PUBLIC        P5
  X:046AH         SYMBOL        PressedKey
  B:00A8H.7       PUBLIC        EA
  D:00E8H         PUBLIC        P6
  X:046EH         PUBLIC        calib_stamp
  D:00F8H         PUBLIC        P7
  X:046FH         PUBLIC        RX_Data_Uart_Cnt
  D:00A8H         PUBLIC        IE
  X:0471H         PUBLIC        calib_time
  D:00B8H         PUBLIC        IP
  X:04C5H         PUBLIC        months
  D:00D8H         PUBLIC        CCON
  C:1362H         PUBLIC        main
  X:04C6H         PUBLIC        count
  X:04C8H         PUBLIC        days
  X:04C9H         PUBLIC        hours
  D:0098H         PUBLIC        SCON
  D:0089H         PUBLIC        TMOD
  D:0088H         PUBLIC        TCON
  B:00A0H.3       PUBLIC        P23
  X:04CAH         SYMBOL        KeyCount
  X:04CCH         PUBLIC        mins
  X:04CDH         PUBLIC        Rec_data_hour
  X:04D0H         PUBLIC        Rec_data_min
  D:008EH         PUBLIC        AUXR
  C:0009H         PUBLIC        tm0_isr
  B:0021H.0       PUBLIC        busy
  B:00A8H.1       PUBLIC        ET0
  D:008CH         PUBLIC        TH0
  X:04D3H         PUBLIC        hour_count
  D:008AH         PUBLIC        TL0
  X:04D4H         PUBLIC        min_count
BL51 BANKED LINKER/LOCATER V6.22                                                      01/25/2019  12:05:37  PAGE 8


  B:0088H.4       PUBLIC        TR0
  X:04D5H         SYMBOL        KeyNum
  X:04D6H         SYMBOL        KeyNum_Old
  X:04D7H         PUBLIC        current_position
  X:04DBH         PUBLIC        hours1
  X:04DCH         PUBLIC        hours2
  C:3A43H         PUBLIC        _Display_Prox
  X:04DDH         PUBLIC        mins1
  X:04DEH         PUBLIC        mins2
  C:2D50H         PUBLIC        _Display_Pos
  X:04DFH         PUBLIC        seconds
  X:04E0H         PUBLIC        st_time
  D:00D0H         PUBLIC        PSW
  -------         PROC          TM0_ISR
  C:0009H         LINE#         86
  C:0009H         LINE#         88
  -------         ENDPROC       TM0_ISR
  -------         PROC          MAIN
  -------         DO            
  X:02EFH         SYMBOL        prox_data
  X:040EH         SYMBOL        KeyCount
  X:0410H         SYMBOL        KeyNum_Old
  X:0411H         SYMBOL        KeyNum
  X:0412H         SYMBOL        PressedKey
  X:02F1H         SYMBOL        prox_flag
  X:02F2H         SYMBOL        iUse_prevday_calib_value
  X:02F4H         SYMBOL        calib_point1
  X:02FCH         SYMBOL        calib_point2
  X:0304H         SYMBOL        calib_day
  D:0002H         SYMBOL        calib_count
  -------         ENDDO         
  C:1362H         LINE#         90
  C:1362H         LINE#         91
  C:1362H         LINE#         96
  C:1368H         LINE#         97
  C:136DH         LINE#         100
  C:1373H         LINE#         104
  C:1375H         LINE#         105
  C:1377H         LINE#         106
  C:1379H         LINE#         107
  C:137BH         LINE#         109
  C:1381H         LINE#         118
  C:1383H         LINE#         119
  C:1386H         LINE#         120
  C:1389H         LINE#         121
  C:138CH         LINE#         122
  C:138FH         LINE#         123
  C:1392H         LINE#         126
  C:1395H         LINE#         128
  C:1398H         LINE#         129
  C:139BH         LINE#         130
  C:139EH         LINE#         131
  C:13A0H         LINE#         132
  C:13A2H         LINE#         133
  C:13A4H         LINE#         135
  C:13A6H         LINE#         136
  C:13ADH         LINE#         137
BL51 BANKED LINKER/LOCATER V6.22                                                      01/25/2019  12:05:37  PAGE 9


  C:13B4H         LINE#         138
  C:13BBH         LINE#         139
  C:13C2H         LINE#         143
  C:13C9H         LINE#         144
  C:13CEH         LINE#         145
  C:13D3H         LINE#         146
  C:13D8H         LINE#         147
  C:13DDH         LINE#         148
  C:13E2H         LINE#         151
  C:13E5H         LINE#         152
  C:13E5H         LINE#         153
  C:1401H         LINE#         155
  C:140CH         LINE#         156
  C:140CH         LINE#         157
  C:140CH         LINE#         158
  C:140FH         LINE#         161
  C:140FH         LINE#         164
  C:1414H         LINE#         165
  C:1419H         LINE#         167
  C:141EH         LINE#         168
  C:1423H         LINE#         169
  C:1428H         LINE#         170
  C:142DH         LINE#         172
  C:143EH         LINE#         174
  C:1445H         LINE#         175
  C:144DH         LINE#         176
  C:1452H         LINE#         177
  C:145AH         LINE#         178
  C:145FH         LINE#         179
  C:1469H         LINE#         180
  C:146EH         LINE#         181
  C:1476H         LINE#         183
  C:147EH         LINE#         184
  C:1483H         LINE#         185
  C:148DH         LINE#         186
  C:148DH         LINE#         187
  C:148FH         LINE#         188
  C:1491H         LINE#         189
  C:149BH         LINE#         190
  C:149BH         LINE#         191
  C:14A0H         LINE#         192
  C:14A0H         LINE#         204
  C:14ADH         LINE#         205
  C:14ADH         LINE#         206
  C:14B7H         LINE#         207
  C:14CEH         LINE#         208
  C:14CEH         LINE#         209
  C:14D0H         LINE#         210
  C:14D2H         LINE#         212
  C:14D2H         LINE#         213
  C:14DDH         LINE#         214
  C:14DDH         LINE#         215
  C:14E2H         LINE#         216
  C:14E2H         LINE#         217
  C:14EFH         LINE#         218
  C:14EFH         LINE#         221
  C:14F9H         LINE#         222
BL51 BANKED LINKER/LOCATER V6.22                                                      01/25/2019  12:05:37  PAGE 10


  C:1510H         LINE#         223
  C:1510H         LINE#         224
  C:1512H         LINE#         225
  C:1514H         LINE#         227
  C:1514H         LINE#         228
  C:151FH         LINE#         229
  C:151FH         LINE#         230
  C:1524H         LINE#         231
  C:1526H         LINE#         232
  C:1526H         LINE#         241
  C:1548H         LINE#         242
  C:1548H         LINE#         243
  C:1552H         LINE#         244
  C:1558H         LINE#         245
  C:155AH         LINE#         246
  C:155CH         LINE#         247
  C:155EH         LINE#         248
  C:155EH         LINE#         249
  C:1561H         LINE#         251
  C:1561H         LINE#         252
  C:1567H         LINE#         253
  C:156FH         LINE#         254
  C:1575H         LINE#         255
  C:157DH         LINE#         256
  C:15B8H         LINE#         260
  C:15C5H         LINE#         261
  C:15C5H         LINE#         263
  C:15F8H         LINE#         264
  C:1605H         LINE#         265
  C:1605H         LINE#         267
  C:1628H         LINE#         268
  C:1628H         LINE#         269
  C:164AH         LINE#         270
  C:164AH         LINE#         271
  C:16C6H         LINE#         272
  C:170CH         LINE#         276
  C:170FH         LINE#         277
  C:1720H         LINE#         278
  C:1720H         LINE#         279
  C:1720H         LINE#         281
  C:1720H         LINE#         285
  C:1723H         LINE#         287
  C:1723H         LINE#         288
  C:1745H         LINE#         289
  C:1745H         LINE#         290
  C:17C1H         LINE#         291
  C:1819H         LINE#         292
  C:1819H         LINE#         293
  C:1819H         LINE#         294
  C:181CH         LINE#         298
  C:181CH         LINE#         301
  C:1844H         LINE#         302
  C:1844H         LINE#         303
  C:1866H         LINE#         304
  C:1866H         LINE#         305
  C:18E2H         LINE#         306
  C:193CH         LINE#         311
BL51 BANKED LINKER/LOCATER V6.22                                                      01/25/2019  12:05:37  PAGE 11


  C:193FH         LINE#         312
  C:1950H         LINE#         313
  C:1950H         LINE#         314
  C:1958H         LINE#         316
  C:1958H         LINE#         319
  C:195BH         LINE#         321
  C:195BH         LINE#         323
  C:197DH         LINE#         324
  C:197DH         LINE#         325
  C:19F9H         LINE#         327
  C:1A26H         LINE#         328
  C:1A41H         LINE#         329
  C:1A6EH         LINE#         330
  C:1A89H         LINE#         332
  C:1B25H         LINE#         335
  C:1B25H         LINE#         336
  C:1B25H         LINE#         337
  C:1B25H         LINE#         339
  C:1B25H         LINE#         340
  -------         ENDPROC       MAIN
  -------         PROC          _DISPLAY_PROX
  D:0002H         SYMBOL        dat
  -------         DO            
  X:0554H         SYMBOL        unit
  X:0555H         SYMBOL        ten
  X:0556H         SYMBOL        hundred
  X:0557H         SYMBOL        thousand
  -------         ENDDO         
  C:3A43H         LINE#         424
  C:3A47H         LINE#         425
  C:3A47H         LINE#         427
  C:3A53H         LINE#         428
  C:3A63H         LINE#         429
  C:3A7FH         LINE#         430
  C:3AAFH         LINE#         431
  C:3AB9H         LINE#         432
  C:3AC3H         LINE#         433
  C:3ACDH         LINE#         434
  C:3AD7H         LINE#         436
  -------         ENDPROC       _DISPLAY_PROX
  -------         PROC          _DISPLAY_POS
  X:0306H         SYMBOL        sign_dat
  -------         DO            
  X:030AH         SYMBOL        unit
  X:030BH         SYMBOL        ten
  X:030CH         SYMBOL        hundred
  D:0003H         SYMBOL        thousand
  X:030DH         SYMBOL        after_dot
  X:030EH         SYMBOL        dat
  -------         ENDDO         
  C:2D50H         LINE#         439
  C:2D56H         LINE#         440
  C:2D56H         LINE#         444
  C:2D72H         LINE#         445
  C:2D8CH         LINE#         446
  C:2DB0H         LINE#         448
  C:2DFAH         LINE#         450
BL51 BANKED LINKER/LOCATER V6.22                                                      01/25/2019  12:05:37  PAGE 12


  C:2E11H         LINE#         451
  C:2E1EH         LINE#         452
  C:2E40H         LINE#         453
  C:2E75H         LINE#         454
  C:2E8DH         LINE#         455
  C:2E8DH         LINE#         457
  C:2E97H         LINE#         458
  C:2EA1H         LINE#         459
  C:2EABH         LINE#         460
  C:2EB0H         LINE#         461
  C:2EBAH         LINE#         462
  C:2EBFH         LINE#         463
  C:2EC4H         LINE#         464
  C:2EC6H         LINE#         465
  C:2EC8H         LINE#         467
  C:2EC8H         LINE#         469
  C:2ECDH         LINE#         470
  C:2ED7H         LINE#         471
  C:2EE1H         LINE#         472
  C:2EEBH         LINE#         473
  C:2EF0H         LINE#         474
  C:2EFAH         LINE#         475
  C:2EFFH         LINE#         476
  C:2F04H         LINE#         478
  C:2F04H         LINE#         480
  -------         ENDPROC       _DISPLAY_POS
  -------         ENDMOD        MAIN

  -------         MODULE        PCF85063BTL
  C:0000H         SYMBOL        _ICE_DUMMY_
  D:0096H         PUBLIC        P2M0
  D:0080H         PUBLIC        P0
  D:0095H         PUBLIC        P2M1
  D:0090H         PUBLIC        P1
  D:00A0H         PUBLIC        P2
  D:00B0H         PUBLIC        P3
  D:00C0H         PUBLIC        P4
  D:00C8H         PUBLIC        P5
  D:00E8H         PUBLIC        P6
  B:00A0H.1       PUBLIC        PCF85063BTL_SDI
  D:00F8H         PUBLIC        P7
  B:00A0H.2       PUBLIC        PCF85063BTL_SCK
  B:00A0H.1       PUBLIC        PCF85063BTL_SDO
  D:00A8H         PUBLIC        IE
  C:3C5DH         PUBLIC        _Read_time
  C:40D7H         PUBLIC        _PCF85063BTL_Delay
  D:00B8H         PUBLIC        IP
  D:00D8H         PUBLIC        CCON
  C:3B64H         PUBLIC        _Day_Of_Year
  C:3FCFH         PUBLIC        SPI_ReceiveByte
  D:0098H         PUBLIC        SCON
  D:0088H         PUBLIC        TCON
  C:410AH         PUBLIC        _BCDtoDec
  B:00A0H.0       PUBLIC        PCF85063BTL_CS
  C:40F9H         PUBLIC        _SPI_ReadTime
  C:4159H         PUBLIC        SPI_Init
  C:4062H         PUBLIC        _SPI_WriteTime
BL51 BANKED LINKER/LOCATER V6.22                                                      01/25/2019  12:05:37  PAGE 13


  C:3FAFH         PUBLIC        _SPI_SendByte
  D:00D0H         PUBLIC        PSW
  C:40D3H         SYMBOL        L?0047
  -------         PROC          L?0046
  -------         ENDPROC       L?0046
  C:40D3H         SYMBOL        L?0047
  -------         PROC          _PCF85063BTL_DELAY
  D:0006H         SYMBOL        us
  C:40D7H         LINE#         8
  C:40D7H         LINE#         9
  C:40D7H         LINE#         10
  C:40E1H         LINE#         11
  C:40E1H         LINE#         12
  C:40E2H         LINE#         13
  C:40E4H         LINE#         14
  -------         ENDPROC       _PCF85063BTL_DELAY
  -------         PROC          _SPI_SENDBYTE
  D:0005H         SYMBOL        dat
  -------         DO            
  D:0003H         SYMBOL        i
  -------         ENDDO         
  C:3FAFH         LINE#         17
  C:3FB1H         LINE#         18
  C:3FB1H         LINE#         20
  C:3FB3H         LINE#         21
  C:3FB3H         LINE#         22
  C:3FB5H         LINE#         23
  C:3FB9H         LINE#         24
  C:3FB9H         LINE#         25
  C:3FBBH         LINE#         26
  C:3FBDH         LINE#         28
  C:3FBDH         LINE#         29
  C:3FBFH         LINE#         30
  C:3FBFH         LINE#         31
  C:3FC2H         LINE#         32
  C:3FC2H         LINE#         33
  C:3FC5H         LINE#         34
  C:3FC9H         LINE#         35
  C:3FCEH         LINE#         36
  -------         ENDPROC       _SPI_SENDBYTE
  -------         PROC          SPI_RECEIVEBYTE
  -------         DO            
  D:0003H         SYMBOL        i
  D:0005H         SYMBOL        dat
  -------         ENDDO         
  C:3FCFH         LINE#         39
  C:3FCFH         LINE#         40
  C:3FCFH         LINE#         42
  C:3FD1H         LINE#         44
  C:3FD3H         LINE#         45
  C:3FD4H         LINE#         46
  C:3FD4H         LINE#         47
  C:3FD8H         LINE#         48
  C:3FDAH         LINE#         49
  C:3FDDH         LINE#         51
  C:3FE0H         LINE#         52
  C:3FE0H         LINE#         53
BL51 BANKED LINKER/LOCATER V6.22                                                      01/25/2019  12:05:37  PAGE 14


  C:3FE4H         LINE#         54
  C:3FE4H         LINE#         55
  C:3FE4H         LINE#         56
  C:3FE7H         LINE#         57
  C:3FECH         LINE#         58
  C:3FEEH         LINE#         59
  -------         ENDPROC       SPI_RECEIVEBYTE
  -------         PROC          _SPI_READTIME
  D:0007H         SYMBOL        addr
  -------         DO            
  D:0006H         SYMBOL        dat
  -------         ENDDO         
  C:40F9H         LINE#         61
  C:40F9H         LINE#         62
  C:40F9H         LINE#         64
  C:40FBH         LINE#         65
  C:40FDH         LINE#         66
  C:4104H         LINE#         67
  C:4107H         LINE#         68
  C:4109H         LINE#         69
  C:4109H         LINE#         70
  -------         ENDPROC       _SPI_READTIME
  -------         PROC          _SPI_WRITETIME
  D:0002H         SYMBOL        val
  D:0005H         SYMBOL        addr
  C:4062H         LINE#         71
  C:4064H         LINE#         72
  C:4064H         LINE#         74
  C:4066H         LINE#         75
  C:406DH         LINE#         76
  C:4072H         LINE#         77
  C:4077H         LINE#         78
  C:4079H         LINE#         79
  -------         ENDPROC       _SPI_WRITETIME
  -------         PROC          SPI_INIT
  C:4159H         LINE#         83
  C:4159H         LINE#         84
  C:4159H         LINE#         89
  C:415CH         LINE#         90
  C:415FH         LINE#         91
  C:4161H         LINE#         92
  C:4163H         LINE#         93
  C:4165H         LINE#         94
  -------         ENDPROC       SPI_INIT
  -------         PROC          _READ_TIME
  X:0306H         SYMBOL        months
  X:0309H         SYMBOL        days
  X:030CH         SYMBOL        hours
  X:030FH         SYMBOL        mins
  X:0312H         SYMBOL        seconds
  C:3C5DH         LINE#         96
  C:3C68H         LINE#         97
  C:3C68H         LINE#         99
  C:3C7CH         LINE#         101
  C:3C90H         LINE#         103
  C:3CA4H         LINE#         108
  C:3CB8H         LINE#         113
BL51 BANKED LINKER/LOCATER V6.22                                                      01/25/2019  12:05:37  PAGE 15


  -------         ENDPROC       _READ_TIME
  -------         PROC          _BCDTODEC
  D:0007H         SYMBOL        bcd
  -------         DO            
  D:0006H         SYMBOL        hi
  D:0007H         SYMBOL        lo
  -------         ENDDO         
  C:410AH         LINE#         119
  C:410AH         LINE#         120
  C:410AH         LINE#         122
  C:410FH         LINE#         123
  C:4113H         LINE#         124
  C:411AH         LINE#         125
  -------         ENDPROC       _BCDTODEC
  -------         PROC          _DAY_OF_YEAR
  D:0007H         SYMBOL        months_bcd
  D:0005H         SYMBOL        days_bcd
  -------         DO            
  D:0004H         SYMBOL        months
  D:0007H         SYMBOL        days
  -------         ENDDO         
  C:3B64H         LINE#         126
  C:3B64H         LINE#         127
  C:3B64H         LINE#         130
  C:3B69H         LINE#         132
  C:3B6EH         LINE#         134
  C:3BA7H         LINE#         135
  C:3BA7H         LINE#         136
  C:3BA7H         LINE#         137
  C:3BAAH         LINE#         138
  C:3BAAH         LINE#         139
  C:3BAAH         LINE#         140
  C:3BAFH         LINE#         141
  C:3BAFH         LINE#         142
  C:3BAFH         LINE#         143
  C:3BB4H         LINE#         144
  C:3BB4H         LINE#         145
  C:3BB4H         LINE#         146
  C:3BB9H         LINE#         147
  C:3BB9H         LINE#         148
  C:3BB9H         LINE#         149
  C:3BBEH         LINE#         150
  C:3BBEH         LINE#         151
  C:3BBEH         LINE#         152
  C:3BC3H         LINE#         153
  C:3BC3H         LINE#         154
  C:3BC3H         LINE#         155
  C:3BC8H         LINE#         156
  C:3BC8H         LINE#         157
  C:3BC8H         LINE#         158
  C:3BCDH         LINE#         159
  C:3BCDH         LINE#         160
  C:3BCDH         LINE#         161
  C:3BD5H         LINE#         162
  C:3BD5H         LINE#         163
  C:3BD5H         LINE#         164
  C:3BDAH         LINE#         165
BL51 BANKED LINKER/LOCATER V6.22                                                      01/25/2019  12:05:37  PAGE 16


  C:3BDAH         LINE#         166
  C:3BDAH         LINE#         167
  C:3BDFH         LINE#         168
  C:3BDFH         LINE#         169
  C:3BDFH         LINE#         170
  C:3BE7H         LINE#         171
  C:3BE7H         LINE#         172
  C:3BE7H         LINE#         173
  -------         ENDPROC       _DAY_OF_YEAR
  -------         ENDMOD        PCF85063BTL

  -------         MODULE        UART1
  C:0000H         SYMBOL        _ICE_DUMMY_
  D:0080H         PUBLIC        P0
  D:0090H         PUBLIC        P1
  D:00A0H         PUBLIC        P2
  D:00B0H         PUBLIC        P3
  D:00C0H         PUBLIC        P4
  D:00C8H         PUBLIC        P5
  B:00A8H.7       PUBLIC        EA
  D:00E8H         PUBLIC        P6
  D:00F8H         PUBLIC        P7
  C:3EB8H         PUBLIC        _SendString
  D:00A8H         PUBLIC        IE
  B:00A8H.4       PUBLIC        ES
  D:00B8H         PUBLIC        IP
  C:407AH         PUBLIC        _ASCIItoBCD
  D:00D8H         PUBLIC        CCON
  C:411BH         PUBLIC        initUART1
  D:0098H         PUBLIC        SCON
  D:0088H         PUBLIC        TCON
  C:000AH         PUBLIC        _DectoBCD
  C:419DH         PUBLIC        _ASCII_Letter
  D:008EH         PUBLIC        AUXR
  C:4198H         PUBLIC        _unit
  C:0003H         PUBLIC        _ten
  D:00D6H         PUBLIC        T2H
  D:00D7H         PUBLIC        T2L
  D:00D0H         PUBLIC        PSW
  -------         PROC          INITUART1
  C:411BH         LINE#         21
  C:411BH         LINE#         22
  C:411BH         LINE#         23
  C:411EH         LINE#         24
  C:4121H         LINE#         25
  C:4124H         LINE#         26
  C:4127H         LINE#         27
  C:4129H         LINE#         28
  C:412BH         LINE#         30
  -------         ENDPROC       INITUART1
  -------         PROC          _SENDSTRING
  X:0558H         SYMBOL        s
  C:3EB8H         LINE#         35
  C:3EC3H         LINE#         36
  C:3EC3H         LINE#         37
  C:3ED3H         LINE#         38
  C:3ED3H         LINE#         39
BL51 BANKED LINKER/LOCATER V6.22                                                      01/25/2019  12:05:37  PAGE 17


  C:3EE8H         LINE#         40
  C:3EEAH         LINE#         41
  -------         ENDPROC       _SENDSTRING
  -------         PROC          _TEN
  D:0007H         SYMBOL        BCD
  C:0003H         LINE#         43
  C:0003H         LINE#         44
  C:0003H         LINE#         45
  C:0008H         LINE#         46
  -------         ENDPROC       _TEN
  -------         PROC          _UNIT
  D:0007H         SYMBOL        BCD
  C:4198H         LINE#         47
  C:4198H         LINE#         48
  C:4198H         LINE#         52
  C:419CH         LINE#         53
  -------         ENDPROC       _UNIT
  -------         PROC          _DECTOBCD
  D:0007H         SYMBOL        dec
  C:000AH         LINE#         54
  C:000AH         LINE#         55
  C:000AH         LINE#         57
  C:000AH         LINE#         58
  -------         ENDPROC       _DECTOBCD
  -------         PROC          _ASCII_LETTER
  D:0007H         SYMBOL        dat
  C:419DH         LINE#         60
  C:419DH         LINE#         61
  C:419DH         LINE#         63
  C:41A1H         LINE#         64
  -------         ENDPROC       _ASCII_LETTER
  -------         PROC          _ASCIITOBCD
  D:0001H         SYMBOL        ascii
  -------         DO            
  D:0007H         SYMBOL        dec_val
  D:0006H         SYMBOL        ten
  D:0007H         SYMBOL        unit
  -------         ENDDO         
  C:407AH         LINE#         66
  C:407AH         LINE#         67
  C:407AH         LINE#         69
  C:407DH         LINE#         70
  C:4083H         LINE#         71
  C:408AH         LINE#         72
  C:4090H         LINE#         74
  -------         ENDPROC       _ASCIITOBCD
  -------         ENDMOD        UART1

  -------         MODULE        LCD_DRIVER_SPLC780D
  C:0000H         SYMBOL        _ICE_DUMMY_
  D:0092H         PUBLIC        P1M0
  D:0091H         PUBLIC        P1M1
  D:0080H         PUBLIC        P0
  D:0090H         PUBLIC        P1
  D:00A0H         PUBLIC        P2
  D:00B0H         PUBLIC        P3
  D:00C0H         PUBLIC        P4
BL51 BANKED LINKER/LOCATER V6.22                                                      01/25/2019  12:05:37  PAGE 18


  D:00C8H         PUBLIC        P5
  D:00E8H         PUBLIC        P6
  D:00F8H         PUBLIC        P7
  C:3BE8H         PUBLIC        _WriteData
  D:00A8H         PUBLIC        IE
  D:00B8H         PUBLIC        IP
  D:00D8H         PUBLIC        CCON
  B:00B0H.4       PUBLIC        LCD_D4
  B:00B0H.5       PUBLIC        LCD_D5
  B:00B0H.6       PUBLIC        LCD_D6
  C:400DH         PUBLIC        _DisplayLCD
  B:00B0H.7       PUBLIC        LCD_D7
  D:0098H         PUBLIC        SCON
  D:0088H         PUBLIC        TCON
  C:4188H         PUBLIC        LCD_clear
  C:3DFDH         PUBLIC        _Command
  C:40A7H         PUBLIC        _Display_Line
  C:3CCCH         PUBLIC        LCD_Init
  C:3F91H         PUBLIC        _Wait_ms
  B:00C0H.0       PUBLIC        LCD_RS
  B:00B0H.2       PUBLIC        LCD_RW
  C:417EH         PUBLIC        LCD_return_home
  B:00B0H.3       PUBLIC        LCD_E
  D:00D0H         PUBLIC        PSW
  -------         PROC          LCD_INIT
  C:3CCCH         LINE#         9
  C:3CCCH         LINE#         10
  C:3CCCH         LINE#         11
  C:3CCFH         LINE#         12
  C:3CD2H         LINE#         14
  C:3CD8H         LINE#         15
  C:3CDDH         LINE#         17
  C:3CE4H         LINE#         18
  C:3CE9H         LINE#         20
  C:3CECH         LINE#         21
  C:3CF1H         LINE#         23
  C:3CF4H         LINE#         24
  C:3CF9H         LINE#         26
  C:3D00H         LINE#         29
  C:3D05H         LINE#         30
  C:3D0AH         LINE#         32
  C:3D0FH         LINE#         33
  C:3D14H         LINE#         35
  C:3D19H         LINE#         36
  C:3D1EH         LINE#         37
  -------         ENDPROC       LCD_INIT
  -------         PROC          _WRITEDATA
  X:0310H         SYMBOL        dat
  C:3BE8H         LINE#         40
  C:3BEDH         LINE#         41
  C:3BEDH         LINE#         46
  C:3BEFH         LINE#         47
  C:3BF1H         LINE#         49
  C:3BFFH         LINE#         50
  C:3C0BH         LINE#         51
  C:3C17H         LINE#         52
  C:3C21H         LINE#         53
BL51 BANKED LINKER/LOCATER V6.22                                                      01/25/2019  12:05:37  PAGE 19


  C:3C23H         LINE#         54
  C:3C2AH         LINE#         55
  C:3C2CH         LINE#         57
  C:3C3CH         LINE#         58
  C:3C47H         LINE#         59
  C:3C51H         LINE#         60
  C:3C55H         LINE#         62
  C:3C55H         LINE#         63
  C:3C58H         LINE#         64
  C:3C5AH         LINE#         65
  C:3C5CH         LINE#         67
  -------         ENDPROC       _WRITEDATA
  -------         PROC          _COMMAND
  D:0007H         SYMBOL        dat
  C:3DFDH         LINE#         69
  C:3DFDH         LINE#         70
  C:3DFDH         LINE#         71
  C:3DFFH         LINE#         72
  C:3E01H         LINE#         74
  C:3E0BH         LINE#         75
  C:3E0FH         LINE#         77
  C:3E11H         LINE#         78
  C:3E1AH         LINE#         79
  C:3E1EH         LINE#         81
  C:3E20H         LINE#         82
  C:3E27H         LINE#         83
  C:3E2BH         LINE#         85
  C:3E2DH         LINE#         86
  C:3E31H         LINE#         87
  C:3E35H         LINE#         89
  C:3E37H         LINE#         90
  C:3E37H         LINE#         91
  C:3E3AH         LINE#         92
  C:3E3CH         LINE#         93
  -------         ENDPROC       _COMMAND
  C:3F8DH         SYMBOL        L?0028
  -------         PROC          L?0027
  -------         ENDPROC       L?0027
  C:3F8DH         SYMBOL        L?0028
  -------         PROC          _WAIT_MS
  D:0006H         SYMBOL        ms
  -------         DO            
  D:0004H         SYMBOL        De_Cnt
  -------         ENDDO         
  C:3F91H         LINE#         95
  C:3F91H         LINE#         96
  C:3F91H         LINE#         98
  C:3F9BH         LINE#         99
  C:3F9BH         LINE#         100
  C:3FAEH         LINE#         101
  C:3FAEH         LINE#         102
  -------         ENDPROC       _WAIT_MS
  -------         PROC          _DISPLAYLCD
  D:0007H         SYMBOL        BCD
  -------         DO            
  D:0006H         SYMBOL        first_digit
  X:0306H         SYMBOL        second_digit
BL51 BANKED LINKER/LOCATER V6.22                                                      01/25/2019  12:05:37  PAGE 20


  -------         ENDDO         
  C:400DH         LINE#         103
  C:400DH         LINE#         104
  C:400DH         LINE#         106
  C:4014H         LINE#         107
  C:401DH         LINE#         109
  C:4022H         LINE#         111
  -------         ENDPROC       _DISPLAYLCD
  -------         PROC          LCD_RETURN_HOME
  C:417EH         LINE#         115
  C:417EH         LINE#         116
  C:417EH         LINE#         117
  C:4183H         LINE#         118
  -------         ENDPROC       LCD_RETURN_HOME
  -------         PROC          LCD_CLEAR
  C:4188H         LINE#         121
  C:4188H         LINE#         122
  C:4188H         LINE#         123
  C:418DH         LINE#         124
  -------         ENDPROC       LCD_CLEAR
  -------         PROC          _DISPLAY_LINE
  D:0006H         SYMBOL        line
  C:40A7H         LINE#         128
  C:40A7H         LINE#         129
  C:40A7H         LINE#         130
  C:40ADH         LINE#         131
  C:40ADH         LINE#         132
  C:40AFH         LINE#         133
  C:40AFH         LINE#         134
  C:40B1H         LINE#         136
  C:40B1H         LINE#         137
  C:40B6H         LINE#         138
  C:40BBH         LINE#         139
  C:40BBH         LINE#         140
  -------         ENDPROC       _DISPLAY_LINE
  -------         ENDMOD        LCD_DRIVER_SPLC780D

  -------         MODULE        KEYPAD
  C:0000H         SYMBOL        _ICE_DUMMY_
  D:0093H         PUBLIC        P0M1
  D:0080H         PUBLIC        P0
  D:0090H         PUBLIC        P1
  D:00A0H         PUBLIC        P2
  D:00B0H         PUBLIC        P3
  D:00C0H         PUBLIC        P4
  D:00C8H         PUBLIC        P5
  B:0020H.0       PUBLIC        calib_mode
  D:00E8H         PUBLIC        P6
  D:00F8H         PUBLIC        P7
  D:00A8H         PUBLIC        IE
  C:2F05H         PUBLIC        Key_Scan
  D:00B8H         PUBLIC        IP
  D:00D8H         PUBLIC        CCON
  C:4166H         PUBLIC        KeyPad_IO_Init
  C:3FEFH         PUBLIC        _Delay_ms
  D:0098H         PUBLIC        SCON
  D:0088H         PUBLIC        TCON
BL51 BANKED LINKER/LOCATER V6.22                                                      01/25/2019  12:05:37  PAGE 21


  B:0020H.1       PUBLIC        small_move
  B:0020H.2       PUBLIC        move
  B:0020H.3       PUBLIC        direction
  B:0020H.4       PUBLIC        auto_move
  C:28DFH         PUBLIC        Key_Process
  D:00D0H         PUBLIC        PSW
  D:0094H         PUBLIC        P0M0
  -------         PROC          _DELAY_MS
  D:0006H         SYMBOL        ms
  -------         DO            
  D:0004H         SYMBOL        De_Cnt
  -------         ENDDO         
  C:3FEFH         LINE#         19
  C:3FEFH         LINE#         20
  C:3FEFH         LINE#         22
  C:3FF9H         LINE#         23
  C:3FF9H         LINE#         24
  C:400CH         LINE#         25
  C:400CH         LINE#         26
  -------         ENDPROC       _DELAY_MS
  -------         PROC          KEY_SCAN
  -------         DO            
  X:030CH         SYMBOL        KeyTemp1
  X:030DH         SYMBOL        KeyTemp2
  X:030EH         SYMBOL        KeyValue
  -------         ENDDO         
  C:2F05H         LINE#         27
  C:2F05H         LINE#         28
  C:2F05H         LINE#         33
  C:2F08H         LINE#         36
  C:2F0BH         LINE#         38
  C:2F13H         LINE#         39
  C:2F1AH         LINE#         40
  C:2F1AH         LINE#         42
  C:2F1FH         LINE#         43
  C:2F26H         LINE#         44
  C:2F26H         LINE#         47
  C:2F29H         LINE#         48
  C:2F2CH         LINE#         49
  C:2F31H         LINE#         50
  C:2F35H         LINE#         51
  C:2F35H         LINE#         52
  C:2F3DH         LINE#         53
  C:2F3DH         LINE#         54
  C:2F40H         LINE#         55
  C:2F48H         LINE#         56
  C:2F4AH         LINE#         58
  C:2F5EH         LINE#         59
  C:2F5EH         LINE#         60
  C:2F5EH         LINE#         61
  C:2F5EH         LINE#         62
  C:2F64H         LINE#         64
  C:2F66H         LINE#         65
  C:2F66H         LINE#         66
  C:2F66H         LINE#         67
  C:2F6CH         LINE#         69
  C:2F6EH         LINE#         70
BL51 BANKED LINKER/LOCATER V6.22                                                      01/25/2019  12:05:37  PAGE 22


  C:2F6EH         LINE#         71
  C:2F6EH         LINE#         72
  C:2F74H         LINE#         74
  C:2F76H         LINE#         75
  C:2F76H         LINE#         76
  C:2F76H         LINE#         77
  C:2F7CH         LINE#         79
  C:2F7CH         LINE#         80
  C:2F7CH         LINE#         81
  C:2F7CH         LINE#         84
  C:2F7FH         LINE#         85
  C:2F82H         LINE#         86
  C:2F8AH         LINE#         87
  C:2F8EH         LINE#         88
  C:2F8EH         LINE#         89
  C:2F96H         LINE#         90
  C:2F96H         LINE#         91
  C:2F99H         LINE#         92
  C:2FA1H         LINE#         93
  C:2FA3H         LINE#         94
  C:2FB7H         LINE#         95
  C:2FB7H         LINE#         96
  C:2FB7H         LINE#         97
  C:2FB7H         LINE#         98
  C:2FBDH         LINE#         100
  C:2FBFH         LINE#         101
  C:2FBFH         LINE#         102
  C:2FBFH         LINE#         103
  C:2FC5H         LINE#         105
  C:2FC7H         LINE#         106
  C:2FC7H         LINE#         107
  C:2FC7H         LINE#         108
  C:2FCDH         LINE#         110
  C:2FCFH         LINE#         111
  C:2FCFH         LINE#         112
  C:2FCFH         LINE#         113
  C:2FD4H         LINE#         115
  C:2FD4H         LINE#         116
  C:2FD4H         LINE#         117
  C:2FD4H         LINE#         120
  C:2FD7H         LINE#         121
  C:2FDAH         LINE#         122
  C:2FE2H         LINE#         123
  C:2FE6H         LINE#         124
  C:2FE6H         LINE#         125
  C:2FEEH         LINE#         126
  C:2FEEH         LINE#         127
  C:2FF1H         LINE#         128
  C:2FF9H         LINE#         129
  C:2FFBH         LINE#         130
  C:300FH         LINE#         131
  C:300FH         LINE#         132
  C:300FH         LINE#         133
  C:300FH         LINE#         134
  C:3015H         LINE#         136
  C:3017H         LINE#         137
  C:3017H         LINE#         138
BL51 BANKED LINKER/LOCATER V6.22                                                      01/25/2019  12:05:37  PAGE 23


  C:3017H         LINE#         139
  C:301DH         LINE#         141
  C:301FH         LINE#         142
  C:301FH         LINE#         143
  C:301FH         LINE#         144
  C:3025H         LINE#         146
  C:3027H         LINE#         147
  C:3027H         LINE#         148
  C:3027H         LINE#         149
  C:302DH         LINE#         151
  C:302DH         LINE#         152
  C:302DH         LINE#         153
  C:302DH         LINE#         157
  C:3030H         LINE#         158
  C:3033H         LINE#         159
  C:303BH         LINE#         160
  C:303FH         LINE#         161
  C:303FH         LINE#         162
  C:3047H         LINE#         163
  C:3047H         LINE#         164
  C:304AH         LINE#         165
  C:3052H         LINE#         166
  C:3054H         LINE#         167
  C:3068H         LINE#         168
  C:3068H         LINE#         169
  C:3068H         LINE#         170
  C:3068H         LINE#         171
  C:306EH         LINE#         173
  C:3070H         LINE#         174
  C:3070H         LINE#         175
  C:3070H         LINE#         176
  C:3076H         LINE#         178
  C:3078H         LINE#         179
  C:3078H         LINE#         180
  C:3078H         LINE#         181
  C:307EH         LINE#         183
  C:3080H         LINE#         184
  C:3080H         LINE#         185
  C:3080H         LINE#         186
  C:3086H         LINE#         188
  C:3086H         LINE#         189
  C:3086H         LINE#         190
  C:3086H         LINE#         192
  C:308CH         LINE#         193
  C:308CH         LINE#         195
  C:308CH         LINE#         196
  C:308FH         LINE#         197
  C:308FH         LINE#         198
  C:308FH         LINE#         200
  C:308FH         LINE#         201
  C:3091H         LINE#         202
  C:3091H         LINE#         203
  -------         ENDPROC       KEY_SCAN
  -------         PROC          KEY_PROCESS
  -------         DO            
  X:0546H         SYMBOL        KeyCount
  X:0548H         SYMBOL        KeyNum_Old
BL51 BANKED LINKER/LOCATER V6.22                                                      01/25/2019  12:05:37  PAGE 24


  X:0549H         SYMBOL        KeyNum
  X:054AH         SYMBOL        PressedKey
  X:0306H         SYMBOL        d
  D:0004H         SYMBOL        hours
  D:0006H         SYMBOL        mins
  X:0308H         SYMBOL        months
  X:030AH         SYMBOL        days
  -------         ENDDO         
  C:28DFH         LINE#         204
  C:28DFH         LINE#         205
  C:28DFH         LINE#         209
  C:28E7H         LINE#         210
  C:28EFH         LINE#         212
  C:28F2H         LINE#         213
  C:28F2H         LINE#         214
  C:28F5H         LINE#         216
  C:28F5H         LINE#         217
  C:2902H         LINE#         218
  C:2902H         LINE#         219
  C:2905H         LINE#         220
  C:2908H         LINE#         222
  C:290BH         LINE#         224
  C:290BH         LINE#         225
  C:2916H         LINE#         226
  C:2916H         LINE#         227
  C:2919H         LINE#         229
  C:2919H         LINE#         230
  C:2920H         LINE#         231
  C:2920H         LINE#         232
  C:2923H         LINE#         234
  C:2923H         LINE#         235
  C:292BH         LINE#         236
  C:292BH         LINE#         237
  C:2935H         LINE#         238
  C:293DH         LINE#         240
  C:2946H         LINE#         242
  C:2946H         LINE#         251
  C:295BH         LINE#         252
  C:295BH         LINE#         253
  C:296DH         LINE#         254
  C:297BH         LINE#         255
  C:298AH         LINE#         256
  C:298AH         LINE#         258
  C:2990H         LINE#         262
  C:29A6H         LINE#         263
  C:29B7H         LINE#         264
  C:29D2H         LINE#         265
  C:29D2H         LINE#         266
  C:29E2H         LINE#         267
  C:29F3H         LINE#         268
  C:29F3H         LINE#         272
  C:2A0CH         LINE#         273
  C:2A23H         LINE#         274
  C:2A43H         LINE#         275
  C:2A43H         LINE#         276
  C:2A4DH         LINE#         277
  C:2A4DH         LINE#         278
BL51 BANKED LINKER/LOCATER V6.22                                                      01/25/2019  12:05:37  PAGE 25


  C:2A56H         LINE#         279
  C:2A56H         LINE#         280
  C:2A6AH         LINE#         281
  C:2A6AH         LINE#         282
  C:2A6AH         LINE#         283
  C:2A6AH         LINE#         284
  C:2A6AH         LINE#         285
  C:2A6CH         LINE#         287
  C:2A6CH         LINE#         288
  C:2A78H         LINE#         289
  C:2A78H         LINE#         290
  C:2A89H         LINE#         291
  C:2A89H         LINE#         292
  C:2A89H         LINE#         293
  C:2A89H         LINE#         294
  C:2A89H         LINE#         296
  C:2A8BH         LINE#         298
  C:2A8BH         LINE#         299
  C:2A9CH         LINE#         300
  C:2A9CH         LINE#         301
  C:2A9CH         LINE#         302
  C:2A9CH         LINE#         303
  C:2A9CH         LINE#         305
  C:2A9CH         LINE#         307
  C:2A9CH         LINE#         308
  C:2A9EH         LINE#         310
  C:2A9EH         LINE#         311
  C:2AB1H         LINE#         312
  C:2AB1H         LINE#         313
  C:2AC2H         LINE#         314
  C:2AC2H         LINE#         315
  C:2AC2H         LINE#         316
  C:2AC2H         LINE#         317
  C:2AC2H         LINE#         318
  C:2AC4H         LINE#         320
  C:2AC4H         LINE#         321
  C:2AD5H         LINE#         322
  C:2AD5H         LINE#         323
  C:2AE6H         LINE#         324
  C:2AF7H         LINE#         325
  C:2AF7H         LINE#         326
  C:2AF7H         LINE#         327
  C:2AF7H         LINE#         328
  C:2AF7H         LINE#         329
  C:2AFAH         LINE#         330
  C:2AFFH         LINE#         331
  C:2B04H         LINE#         332
  C:2B09H         LINE#         333
  C:2B0EH         LINE#         334
  C:2B13H         LINE#         335
  C:2B18H         LINE#         336
  C:2B1DH         LINE#         337
  C:2B1DH         LINE#         339
  C:2B3FH         LINE#         340
  C:2B3FH         LINE#         341
  C:2B49H         LINE#         342
  C:2B49H         LINE#         343
BL51 BANKED LINKER/LOCATER V6.22                                                      01/25/2019  12:05:37  PAGE 26


  C:2B4EH         LINE#         344
  C:2B57H         LINE#         345
  C:2B6EH         LINE#         346
  C:2B6EH         LINE#         347
  C:2B7EH         LINE#         349
  C:2B7EH         LINE#         353
  -------         ENDPROC       KEY_PROCESS
  -------         PROC          KEYPAD_IO_INIT
  C:4166H         LINE#         356
  C:4166H         LINE#         357
  C:4166H         LINE#         358
  C:4169H         LINE#         359
  C:416CH         LINE#         360
  C:416FH         LINE#         361
  C:4171H         LINE#         362
  -------         ENDPROC       KEYPAD_IO_INIT
  -------         ENDMOD        KEYPAD

  -------         MODULE        BIPOLARMOTOR
  C:0000H         SYMBOL        _ICE_DUMMY_
  D:0080H         PUBLIC        P0
  D:0090H         PUBLIC        P1
  X:0000H         PUBLIC        RX_pos_test
  D:00A0H         PUBLIC        P2
  D:00B0H         PUBLIC        P3
  D:00C0H         PUBLIC        P4
  D:00C8H         PUBLIC        P5
  D:00E8H         PUBLIC        P6
  D:00F8H         PUBLIC        P7
  X:00A0H         PUBLIC        low_date_azimuth_mapping
  D:00A8H         PUBLIC        IE
  C:365CH         PUBLIC        linear_interpolate
  C:3F16H         PUBLIC        _Move
  D:00B8H         PUBLIC        IP
  C:2BB2H         PUBLIC        _findDet3x3
  C:261FH         PUBLIC        _findDet4x4
  D:00D8H         PUBLIC        CCON
  X:00C8H         PUBLIC        previous_move_time
  D:0098H         PUBLIC        SCON
  D:0088H         PUBLIC        TCON
  C:41A2H         PUBLIC        wait
  C:3E3DH         PUBLIC        _Step_move
  X:00C9H         PUBLIC        dat
  C:000EH         PUBLIC        _Update_position
  C:3D25H         PUBLIC        vOneStepMove
  X:00CFH         PUBLIC        elevation_stamp
  X:00FBH         PUBLIC        date_azimuth_mapping
  X:0123H         PUBLIC        RX_pos
  C:4051H         PUBLIC        _BCDtoDec1
  X:02DBH         PUBLIC        degree
  X:02DFH         PUBLIC        elevation_stamp_test
  D:00D0H         PUBLIC        PSW
  -------         PROC          L?0058
  -------         ENDPROC       L?0058
  -------         PROC          _BCDTODEC1
  D:0007H         SYMBOL        bcd
  -------         DO            
BL51 BANKED LINKER/LOCATER V6.22                                                      01/25/2019  12:05:37  PAGE 27


  D:0006H         SYMBOL        hi
  D:0007H         SYMBOL        lo
  -------         ENDDO         
  C:4051H         LINE#         28
  C:4051H         LINE#         29
  C:4051H         LINE#         31
  C:4056H         LINE#         32
  C:405AH         LINE#         33
  C:4061H         LINE#         34
  -------         ENDPROC       _BCDTODEC1
  -------         PROC          WAIT
  C:41A2H         LINE#         36
  C:41A2H         LINE#         38
  -------         ENDPROC       WAIT
  -------         PROC          VONESTEPMOVE
  B:0020H.7       SYMBOL        bDir
  C:3D25H         LINE#         40
  C:3D25H         LINE#         41
  C:3D25H         LINE#         43
  C:3D2BH         LINE#         44
  C:3D2BH         LINE#         45
  C:3D2EH         LINE#         46
  C:3D37H         LINE#         47
  C:3D3EH         LINE#         48
  C:3D43H         LINE#         49
  C:3D43H         LINE#         50
  C:3D43H         LINE#         52
  C:3D45H         LINE#         55
  C:3D45H         LINE#         56
  C:3D48H         LINE#         57
  C:3D51H         LINE#         58
  C:3D58H         LINE#         59
  C:3D5EH         LINE#         60
  C:3D67H         LINE#         61
  C:3D6EH         LINE#         62
  C:3D6EH         LINE#         66
  -------         ENDPROC       VONESTEPMOVE
  -------         PROC          _STEP_MOVE
  X:03A2H         SYMBOL        step
  B:0020H.6       SYMBOL        dir
  -------         DO            
  X:03A4H         SYMBOL        i
  -------         ENDDO         
  C:3E3DH         LINE#         68
  C:3E45H         LINE#         69
  C:3E45H         LINE#         71
  C:3E4AH         LINE#         74
  C:3E65H         LINE#         75
  C:3E65H         LINE#         76
  C:3E6CH         LINE#         78
  C:3E7CH         LINE#         80
  -------         ENDPROC       _STEP_MOVE
  -------         PROC          _MOVE
  X:039EH         SYMBOL        distance
  B:0020H.5       SYMBOL        direction
  -------         DO            
  D:0006H         SYMBOL        step
BL51 BANKED LINKER/LOCATER V6.22                                                      01/25/2019  12:05:37  PAGE 28


  -------         ENDDO         
  C:3F16H         LINE#         82
  C:3F1CH         LINE#         83
  C:3F1CH         LINE#         86
  C:3F37H         LINE#         87
  -------         ENDPROC       _MOVE
  C:2B93H         SYMBOL        L?0054
  C:2BA7H         SYMBOL        L?0055
  -------         PROC          L?0053
  -------         ENDPROC       L?0053
  C:2B93H         SYMBOL        L?0054
  C:2BA7H         SYMBOL        L?0055
  -------         PROC          _FINDDET3X3
  X:0522H         SYMBOL        a11
  X:0526H         SYMBOL        a12
  X:052AH         SYMBOL        a13
  X:052EH         SYMBOL        a21
  X:0532H         SYMBOL        a22
  X:0536H         SYMBOL        a23
  X:053AH         SYMBOL        a31
  X:053EH         SYMBOL        a32
  X:0542H         SYMBOL        a33
  C:2BB2H         LINE#         91
  C:2BB8H         LINE#         95
  C:2BB8H         LINE#         96
  C:2D4FH         LINE#         98
  -------         ENDPROC       _FINDDET3X3
  -------         PROC          _FINDDET4X4
  X:04E2H         SYMBOL        a11
  X:04E6H         SYMBOL        a12
  X:04EAH         SYMBOL        a13
  X:04EEH         SYMBOL        a14
  X:04F2H         SYMBOL        a21
  X:04F6H         SYMBOL        a22
  X:04FAH         SYMBOL        a23
  X:04FEH         SYMBOL        a24
  X:0502H         SYMBOL        a31
  X:0506H         SYMBOL        a32
  X:050AH         SYMBOL        a33
  X:050EH         SYMBOL        a34
  X:0512H         SYMBOL        a41
  X:0516H         SYMBOL        a42
  X:051AH         SYMBOL        a43
  X:051EH         SYMBOL        a44
  C:261FH         LINE#         99
  C:2625H         LINE#         103
  C:2625H         LINE#         110
  C:28DEH         LINE#         114
  -------         ENDPROC       _FINDDET4X4
  C:364BH         SYMBOL        L?0057
  -------         PROC          L?0056
  -------         ENDPROC       L?0056
  C:364BH         SYMBOL        L?0057
  -------         PROC          LINEAR_INTERPOLATE
  X:03A5H         SYMBOL        p1
  X:03ADH         SYMBOL        p2
  X:03B5H         SYMBOL        x
BL51 BANKED LINKER/LOCATER V6.22                                                      01/25/2019  12:05:37  PAGE 29


  -------         DO            
  D:0004H         SYMBOL        fx
  -------         ENDDO         
  C:365CH         LINE#         120
  C:365CH         LINE#         121
  C:365CH         LINE#         124
  C:36FBH         LINE#         126
  C:36FBH         LINE#         127
  -------         ENDPROC       LINEAR_INTERPOLATE
  -------         PROC          _UPDATE_POSITION
  D:0001H         SYMBOL        mnths
  D:0002H         SYMBOL        dys
  X:031CH         SYMBOL        hurs
  X:031DH         SYMBOL        mns
  X:031EH         SYMBOL        sconds
  X:031FH         SYMBOL        currnt_pos
  X:0322H         SYMBOL        offset_calib
  -------         DO            
  X:0326H         SYMBOL        date
  X:0328H         SYMBOL        i
  X:032AH         SYMBOL        yy
  X:032CH         SYMBOL        desired_distance
  X:0330H         SYMBOL        distance
  X:0334H         SYMBOL        JP_pos
  X:0338H         SYMBOL        pos_interpolate_azimuth
  X:0360H         SYMBOL        current_local_sun_time
  X:0364H         SYMBOL        azimuth
  X:0368H         SYMBOL        elevation
  X:036CH         SYMBOL        time_offset
  X:0370H         SYMBOL        UTC_time
  X:0374H         SYMBOL        declination
  X:0378H         SYMBOL        p1
  X:0380H         SYMBOL        p2
  X:0388H         SYMBOL        time
  X:039AH         SYMBOL        location
  X:03A2H         SYMBOL        sunCoord
  -------         ENDDO         
  C:000EH         LINE#         131
  C:0017H         LINE#         134
  C:0017H         LINE#         135
  C:0022H         LINE#         137
  C:003EH         LINE#         138
  C:0048H         LINE#         146
  C:0052H         LINE#         147
  C:005CH         LINE#         148
  C:0066H         LINE#         149
  C:0071H         LINE#         150
  C:007CH         LINE#         151
  C:0095H         LINE#         152
  C:00A6H         LINE#         153
  C:00B5H         LINE#         156
  C:00C9H         LINE#         160
  C:011BH         LINE#         161
  C:027FH         LINE#         162
  C:02CFH         LINE#         164
  C:03F7H         LINE#         166
  C:04C6H         LINE#         173
BL51 BANKED LINKER/LOCATER V6.22                                                      01/25/2019  12:05:37  PAGE 30


  C:04D0H         LINE#         174
  C:04D0H         LINE#         176
  C:04EAH         LINE#         177
  C:04EAH         LINE#         178
  C:055AH         LINE#         179
  C:055AH         LINE#         180
  C:0561H         LINE#         181
  C:0561H         LINE#         182
  C:058EH         LINE#         183
  C:05A9H         LINE#         185
  C:05F0H         LINE#         186
  C:0624H         LINE#         188
  C:066AH         LINE#         189
  C:068DH         LINE#         191
  C:068DH         LINE#         193
  C:0703H         LINE#         194
  C:0703H         LINE#         195
  C:070AH         LINE#         196
  C:070AH         LINE#         197
  C:0737H         LINE#         198
  C:0752H         LINE#         200
  C:0799H         LINE#         201
  C:07CDH         LINE#         203
  C:0813H         LINE#         204
  C:0833H         LINE#         206
  C:0833H         LINE#         207
  C:0844H         LINE#         210
  C:085EH         LINE#         211
  C:085EH         LINE#         212
  C:08CEH         LINE#         213
  C:08CEH         LINE#         214
  C:08FBH         LINE#         215
  C:0916H         LINE#         217
  C:0943H         LINE#         218
  C:095EH         LINE#         220
  C:0990H         LINE#         223
  C:0990H         LINE#         225
  C:09A1H         LINE#         227
  C:09D0H         LINE#         229
  C:09F5H         LINE#         230
  C:0A1EH         LINE#         231
  C:0A1EH         LINE#         237
  C:0A3AH         LINE#         238
  C:0A3AH         LINE#         239
  C:0A3AH         LINE#         242
  -------         ENDPROC       _UPDATE_POSITION
  -------         ENDMOD        BIPOLARMOTOR

  -------         MODULE        SUNPOS
  C:0000H         SYMBOL        _ICE_DUMMY_
  C:1B28H         PUBLIC        sunpos
  -------         PROC          SUNPOS
  X:03A5H         SYMBOL        udtTime
  X:03B7H         SYMBOL        udtLocation
  X:03BFH         SYMBOL        udtSunCoordinates
  -------         DO            
  X:03C2H         SYMBOL        dElapsedJulianDays
BL51 BANKED LINKER/LOCATER V6.22                                                      01/25/2019  12:05:37  PAGE 31


  X:03C6H         SYMBOL        dDecimalHours
  X:03CAH         SYMBOL        dEclipticLongitude
  X:03CEH         SYMBOL        dEclipticObliquity
  X:03D2H         SYMBOL        dRightAscension
  X:03D6H         SYMBOL        dDeclination
  X:03DAH         SYMBOL        dY
  X:03DEH         SYMBOL        dX
  -------         DO            
  X:03E2H         SYMBOL        dJulianDate
  X:03E6H         SYMBOL        liAux1
  X:03EAH         SYMBOL        liAux2
  X:03E2H         SYMBOL        dMeanLongitude
  X:03E6H         SYMBOL        dMeanAnomaly
  X:03EAH         SYMBOL        dOmega
  X:03E2H         SYMBOL        dSin_EclipticLongitude
  X:03E2H         SYMBOL        dGreenwichMeanSiderealTime
  X:03E6H         SYMBOL        dLocalMeanSiderealTime
  X:03EAH         SYMBOL        dLatitudeInRadians
  X:03EEH         SYMBOL        dHourAngle
  X:03F2H         SYMBOL        dCos_Latitude
  X:03F6H         SYMBOL        dSin_Latitude
  X:03FAH         SYMBOL        dCos_HourAngle
  X:03FEH         SYMBOL        dParallax
  -------         ENDDO         
  -------         DO            
  X:03E2H         SYMBOL        dMeanLongitude
  X:03E6H         SYMBOL        dMeanAnomaly
  X:03EAH         SYMBOL        dOmega
  X:03E2H         SYMBOL        dSin_EclipticLongitude
  X:03E2H         SYMBOL        dGreenwichMeanSiderealTime
  X:03E6H         SYMBOL        dLocalMeanSiderealTime
  X:03EAH         SYMBOL        dLatitudeInRadians
  X:03EEH         SYMBOL        dHourAngle
  X:03F2H         SYMBOL        dCos_Latitude
  X:03F6H         SYMBOL        dSin_Latitude
  X:03FAH         SYMBOL        dCos_HourAngle
  X:03FEH         SYMBOL        dParallax
  -------         ENDDO         
  -------         DO            
  X:03E2H         SYMBOL        dSin_EclipticLongitude
  X:03E2H         SYMBOL        dGreenwichMeanSiderealTime
  X:03E6H         SYMBOL        dLocalMeanSiderealTime
  X:03EAH         SYMBOL        dLatitudeInRadians
  X:03EEH         SYMBOL        dHourAngle
  X:03F2H         SYMBOL        dCos_Latitude
  X:03F6H         SYMBOL        dSin_Latitude
  X:03FAH         SYMBOL        dCos_HourAngle
  X:03FEH         SYMBOL        dParallax
  -------         ENDDO         
  -------         DO            
  X:03E2H         SYMBOL        dGreenwichMeanSiderealTime
  X:03E6H         SYMBOL        dLocalMeanSiderealTime
  X:03EAH         SYMBOL        dLatitudeInRadians
  X:03EEH         SYMBOL        dHourAngle
  X:03F2H         SYMBOL        dCos_Latitude
  X:03F6H         SYMBOL        dSin_Latitude
  X:03FAH         SYMBOL        dCos_HourAngle
BL51 BANKED LINKER/LOCATER V6.22                                                      01/25/2019  12:05:37  PAGE 32


  X:03FEH         SYMBOL        dParallax
  -------         ENDDO         
  -------         ENDDO         
  C:1B28H         LINE#         6
  C:1B28H         LINE#         7
  C:1B28H         LINE#         9
  C:1B28H         LINE#         27
  C:1B72H         LINE#         30
  C:1B93H         LINE#         31
  C:1CDAH         LINE#         34
  C:1D26H         LINE#         36
  C:1D45H         LINE#         37
  C:1D45H         LINE#         42
  C:1D45H         LINE#         46
  C:1D77H         LINE#         47
  C:1DA1H         LINE#         48
  C:1DCBH         LINE#         49
  C:1E78H         LINE#         52
  C:1ED9H         LINE#         54
  C:1ED9H         LINE#         59
  C:1ED9H         LINE#         61
  C:1EF0H         LINE#         62
  C:1F18H         LINE#         63
  C:1F2FH         LINE#         64
  C:1F5AH         LINE#         65
  C:1F91H         LINE#         66
  C:1FBCH         LINE#         67
  C:1FBCH         LINE#         70
  C:1FBCH         LINE#         79
  C:1FF7H         LINE#         82
  C:2031H         LINE#         84
  C:2056H         LINE#         85
  C:2075H         LINE#         86
  C:208CH         LINE#         87
  C:20A3H         LINE#         88
  C:20BAH         LINE#         89
  C:2143H         LINE#         91
  C:215DH         LINE#         92
  C:21BFH         LINE#         93
  C:21F5H         LINE#         94
  C:2207H         LINE#         95
  C:2234H         LINE#         96
  C:2261H         LINE#         98
  C:2283H         LINE#         100
  C:22BBH         LINE#         103
  C:22BBH         LINE#         104
  C:22C9H         LINE#         105
  -------         ENDPROC       SUNPOS
  -------         ENDMOD        SUNPOS

  -------         MODULE        ADC
  C:0000H         SYMBOL        _ICE_DUMMY_
  D:0092H         PUBLIC        P1M0
  D:0091H         PUBLIC        P1M1
  D:0080H         PUBLIC        P0
  D:0090H         PUBLIC        P1
  D:00A0H         PUBLIC        P2
BL51 BANKED LINKER/LOCATER V6.22                                                      01/25/2019  12:05:37  PAGE 33


  D:00B0H         PUBLIC        P3
  D:00C0H         PUBLIC        P4
  D:00C8H         PUBLIC        P5
  D:00E8H         PUBLIC        P6
  D:00F8H         PUBLIC        P7
  D:00A8H         PUBLIC        IE
  D:00BDH         PUBLIC        ADC_RES
  D:00B8H         PUBLIC        IP
  D:0097H         PUBLIC        CLK_DIV
  D:00D8H         PUBLIC        CCON
  D:00BCH         PUBLIC        ADC_CONTR
  D:0098H         PUBLIC        SCON
  D:0088H         PUBLIC        TCON
  B:00A0H.4       PUBLIC        P24
  B:00A0H.5       PUBLIC        P25
  B:00A0H.6       PUBLIC        P26
  C:402AH         PUBLIC        ADC_Init
  C:3F65H         PUBLIC        _ADC_GetResult
  D:009DH         PUBLIC        P1ASF
  D:00BEH         PUBLIC        ADC_RESL
  D:00D0H         PUBLIC        PSW
  -------         PROC          ADC_INIT
  C:402AH         LINE#         7
  C:402AH         LINE#         8
  C:402AH         LINE#         10
  C:402CH         LINE#         11
  C:402EH         LINE#         12
  C:4030H         LINE#         13
  C:4033H         LINE#         14
  C:4036H         LINE#         15
  C:4039H         LINE#         16
  C:403CH         LINE#         18
  C:403EH         LINE#         19
  C:4041H         LINE#         21
  -------         ENDPROC       ADC_INIT
  -------         PROC          _ADC_GETRESULT
  D:0007H         SYMBOL        ch
  -------         DO            
  D:0006H         SYMBOL        ADC_Value
  -------         ENDDO         
  C:3F65H         LINE#         26
  C:3F65H         LINE#         27
  C:3F65H         LINE#         29
  C:3F6AH         LINE#         30
  C:3F6BH         LINE#         31
  C:3F6CH         LINE#         32
  C:3F6DH         LINE#         33
  C:3F6EH         LINE#         34
  C:3F73H         LINE#         35
  C:3F76H         LINE#         36
  C:3F7AH         LINE#         37
  C:3F8AH         LINE#         38
  C:3F8AH         LINE#         39
  -------         ENDPROC       _ADC_GETRESULT
  -------         ENDMOD        ADC

  -------         MODULE        CALIBRATION
BL51 BANKED LINKER/LOCATER V6.22                                                      01/25/2019  12:05:37  PAGE 34


  C:0000H         SYMBOL        _ICE_DUMMY_
  D:0080H         PUBLIC        P0
  D:0090H         PUBLIC        P1
  D:00A0H         PUBLIC        P2
  D:00B0H         PUBLIC        P3
  D:00C0H         PUBLIC        P4
  D:00C8H         PUBLIC        P5
  D:00E8H         PUBLIC        P6
  D:00F8H         PUBLIC        P7
  C:39ADH         PUBLIC        _Max_Value
  D:00A8H         PUBLIC        IE
  C:347AH         PUBLIC        _calibration
  C:36FCH         PUBLIC        voltage_is_stable
  D:00B8H         PUBLIC        IP
  D:00D8H         PUBLIC        CCON
  D:0098H         PUBLIC        SCON
  D:0088H         PUBLIC        TCON
  C:321AH         PUBLIC        _Find_Real_Max
  D:00D0H         PUBLIC        PSW
  -------         PROC          VOLTAGE_IS_STABLE
  -------         DO            
  X:031AH         SYMBOL        sample_voltage
  X:032EH         SYMBOL        i
  X:0330H         SYMBOL        ch
  -------         ENDDO         
  C:36FCH         LINE#         17
  C:36FCH         LINE#         18
  C:36FCH         LINE#         20
  C:3703H         LINE#         21
  C:3709H         LINE#         22
  C:3709H         LINE#         23
  C:3732H         LINE#         24
  C:3751H         LINE#         26
  C:376BH         LINE#         27
  C:376BH         LINE#         28
  C:379EH         LINE#         29
  C:37A2H         LINE#         30
  C:37B2H         LINE#         31
  C:37B6H         LINE#         32
  -------         ENDPROC       VOLTAGE_IS_STABLE
  -------         PROC          _FIND_REAL_MAX
  X:031AH         SYMBOL        current_position
  -------         DO            
  X:031DH         SYMBOL        ch
  X:031EH         SYMBOL        calib_step_move
  X:0322H         SYMBOL        voltage_at_scanned_pos
  X:039AH         SYMBOL        max_location
  X:039CH         SYMBOL        i
  -------         ENDDO         
  C:321AH         LINE#         33
  C:3225H         LINE#         34
  C:3225H         LINE#         35
  C:3228H         LINE#         36
  C:3230H         LINE#         40
  C:3237H         LINE#         41
  C:3237H         LINE#         42
  C:324AH         LINE#         43
BL51 BANKED LINKER/LOCATER V6.22                                                      01/25/2019  12:05:37  PAGE 35


  C:3270H         LINE#         44
[...]
  X:0316H         SYMBOL        JP_max_pos
  -------         ENDDO         
  C:347AH         LINE#         84
  C:3485H         LINE#         87
  C:3485H         LINE#         88
  C:348FH         LINE#         89
  C:34A3H         LINE#         91
  C:34ADH         LINE#         92
  C:34ADH         LINE#         94
  C:34E3H         LINE#         95
  C:3501H         LINE#         97
  C:350AH         LINE#         98
  C:352DH         LINE#         99
  C:3549H         LINE#         100
  C:3558H         LINE#         101
  C:3558H         LINE#         103
  C:355DH         LINE#         104
  -------         ENDPROC       _CALIBRATION
  -------         ENDMOD        CALIBRATION

BL51 BANKED LINKER/LOCATER V6.22                                                      01/25/2019  12:05:37  PAGE 36


  -------         MODULE        IOEXPANDER_PI4IOE5V96248
  C:0000H         SYMBOL        _ICE_DUMMY_
  D:0080H         PUBLIC        P0
  B:00C8H.4       PUBLIC        I2C_SCK
  D:0090H         PUBLIC        P1
  D:00A0H         PUBLIC        P2
  D:00B0H         PUBLIC        P3
  D:00C0H         PUBLIC        P4
  D:00C8H         PUBLIC        P5
  D:00E8H         PUBLIC        P6
  D:00F8H         PUBLIC        P7
  D:00A8H         PUBLIC        IE
  D:00B8H         PUBLIC        IP
  D:00D8H         PUBLIC        CCON
  C:412CH         PUBLIC        I2C_Start
  D:0098H         PUBLIC        SCON
  D:0088H         PUBLIC        TCON
  C:37B7H         PUBLIC        _Write_PI4IOE5V96248
  C:413BH         PUBLIC        uC_NACK
  C:3EF8H         PUBLIC        _Wait_ms_i2c
  C:3F43H         PUBLIC        _I2C_SendByte
  C:40BCH         PUBLIC        I2C_Stop
  C:41A3H         PUBLIC        nop
  C:4192H         PUBLIC        uC_ACK
  C:4091H         PUBLIC        I2C_ACK
  B:00C0H.7       PUBLIC        I2C_SDA
  D:00D0H         PUBLIC        PSW
  C:3EF2H         SYMBOL        L?0031
  C:3EF4H         SYMBOL        L?0032
  -------         PROC          L?0030
  -------         ENDPROC       L?0030
  C:3EF2H         SYMBOL        L?0031
  C:3EF4H         SYMBOL        L?0032
  -------         PROC          _WAIT_MS_I2C
  D:0006H         SYMBOL        ms
  -------         DO            
  D:0004H         SYMBOL        De_Cnt
  -------         ENDDO         
  C:3EF8H         LINE#         7
  C:3EF8H         LINE#         8
  C:3EF8H         LINE#         10
  C:3F02H         LINE#         11
  C:3F02H         LINE#         12
  C:3F15H         LINE#         13
  C:3F15H         LINE#         14
  -------         ENDPROC       _WAIT_MS_I2C
  -------         PROC          NOP
  C:41A3H         LINE#         16
  C:41A3H         LINE#         17
  C:41A3H         LINE#         19
  -------         ENDPROC       NOP
  -------         PROC          I2C_START
  C:412CH         LINE#         20
  C:412CH         LINE#         21
  C:412CH         LINE#         23
  C:412EH         LINE#         24
  C:4130H         LINE#         25
BL51 BANKED LINKER/LOCATER V6.22                                                      01/25/2019  12:05:37  PAGE 37


  C:4133H         LINE#         26
  C:4135H         LINE#         27
  C:4138H         LINE#         28
  C:413AH         LINE#         31
  -------         ENDPROC       I2C_START
  -------         PROC          I2C_STOP
  C:40BCH         LINE#         33
  C:40BCH         LINE#         34
  C:40BCH         LINE#         35
  C:40BEH         LINE#         36
  C:40C0H         LINE#         37
  C:40C3H         LINE#         38
  C:40C5H         LINE#         39
  C:40C7H         LINE#         40
  C:40CEH         LINE#         41
  C:40D0H         LINE#         44
  -------         ENDPROC       I2C_STOP
  -------         PROC          I2C_ACK
  -------         DO            
  X:03A9H         SYMBOL        i
  D:0003H         SYMBOL        dat
  -------         ENDDO         
  C:4091H         LINE#         46
  C:4091H         LINE#         47
  C:4091H         LINE#         49
  C:4092H         LINE#         54
  C:4095H         LINE#         55
  C:4097H         LINE#         56
  C:409AH         LINE#         58
  C:409DH         LINE#         59
  C:409DH         LINE#         60
  C:40A1H         LINE#         61
  C:40A1H         LINE#         64
  C:40A1H         LINE#         65
  C:40A4H         LINE#         66
  C:40A4H         LINE#         67
  C:40A6H         LINE#         68
  -------         ENDPROC       I2C_ACK
  -------         PROC          UC_ACK
  -------         DO            
  X:055BH         SYMBOL        i
  -------         ENDDO         
  C:4192H         LINE#         69
  C:4192H         LINE#         70
  C:4192H         LINE#         72
  C:4192H         LINE#         79
  C:4192H         LINE#         81
  C:4192H         LINE#         83
  C:4192H         LINE#         84
  C:4192H         LINE#         87
  C:4195H         LINE#         88
  C:4197H         LINE#         89
  C:4197H         LINE#         93
  -------         ENDPROC       UC_ACK
  -------         PROC          UC_NACK
  -------         DO            
  X:055CH         SYMBOL        i
BL51 BANKED LINKER/LOCATER V6.22                                                      01/25/2019  12:05:37  PAGE 38


  -------         ENDDO         
  C:413BH         LINE#         95
  C:413BH         LINE#         96
  C:413BH         LINE#         98
  C:413BH         LINE#         102
  C:413DH         LINE#         105
  C:413DH         LINE#         106
  C:413FH         LINE#         107
  C:413FH         LINE#         109
  C:413FH         LINE#         110
  C:413FH         LINE#         113
  C:4142H         LINE#         114
  C:4144H         LINE#         115
  C:4147H         LINE#         116
  C:4149H         LINE#         117
  C:4149H         LINE#         121
  -------         ENDPROC       UC_NACK
  C:3F3FH         SYMBOL        L?0034
  -------         PROC          L?0033
  -------         ENDPROC       L?0033
  C:3F3FH         SYMBOL        L?0034
  -------         PROC          _I2C_SENDBYTE
  D:0001H         SYMBOL        dat
  -------         DO            
  D:0003H         SYMBOL        i
  -------         ENDDO         
  C:3F43H         LINE#         125
  C:3F45H         LINE#         126
  C:3F45H         LINE#         129
  C:3F47H         LINE#         130
  C:3F47H         LINE#         131
  C:3F49H         LINE#         133
  C:3F4DH         LINE#         134
  C:3F4DH         LINE#         135
  C:3F4FH         LINE#         136
  C:3F51H         LINE#         138
  C:3F51H         LINE#         139
  C:3F53H         LINE#         140
  C:3F53H         LINE#         141
  C:3F56H         LINE#         142
  C:3F58H         LINE#         144
  C:3F5CH         LINE#         145
  C:3F5FH         LINE#         146
  C:3F64H         LINE#         147
  -------         ENDPROC       _I2C_SENDBYTE
  -------         PROC          _WRITE_PI4IOE5V96248
  X:03A6H         SYMBOL        xdat
  C:37B7H         LINE#         148
  C:37C2H         LINE#         149
  C:37C2H         LINE#         150
  C:37C5H         LINE#         151
  C:37CCH         LINE#         152
  C:37D1H         LINE#         153
  C:37D7H         LINE#         154
  C:37D7H         LINE#         155
  C:37E9H         LINE#         156
  C:37E9H         LINE#         158
BL51 BANKED LINKER/LOCATER V6.22                                                      01/25/2019  12:05:37  PAGE 39


  C:37EFH         LINE#         159
  C:37EFH         LINE#         160
  C:37FFH         LINE#         161
  C:37FFH         LINE#         162
  C:3805H         LINE#         163
  C:3805H         LINE#         164
  C:3815H         LINE#         165
  C:3815H         LINE#         166
  C:381BH         LINE#         167
  C:381BH         LINE#         168
  C:382CH         LINE#         169
  C:382CH         LINE#         171
  C:3832H         LINE#         172
  C:3832H         LINE#         173
  C:3843H         LINE#         174
  C:3843H         LINE#         175
  C:3849H         LINE#         176
  C:3849H         LINE#         177
  C:385AH         LINE#         178
  C:385AH         LINE#         180
  C:3860H         LINE#         181
  C:3863H         LINE#         182
  -------         ENDPROC       _WRITE_PI4IOE5V96248
  -------         ENDMOD        IOEXPANDER_PI4IOE5V96248

  -------         MODULE        ?C_STARTUP
  C:3AD8H         SEGMENT       ?C_C51STARTUP
  I:0022H         SEGMENT       ?STACK
  C:0000H         PUBLIC        ?C_STARTUP
  D:00E0H         SYMBOL        ACC
  D:00F0H         SYMBOL        B
  D:0083H         SYMBOL        DPH
  D:0082H         SYMBOL        DPL
  N:0000H         SYMBOL        IBPSTACK
  N:0100H         SYMBOL        IBPSTACKTOP
  N:0080H         SYMBOL        IDATALEN
  C:3ADBH         SYMBOL        IDATALOOP
  N:0000H         SYMBOL        PBPSTACK
  N:0100H         SYMBOL        PBPSTACKTOP
  N:0000H         SYMBOL        PDATALEN
  N:0000H         SYMBOL        PDATASTART
  N:0000H         SYMBOL        PPAGE
  N:0000H         SYMBOL        PPAGEENABLE
  D:00A0H         SYMBOL        PPAGE_SFR
  D:0081H         SYMBOL        SP
  C:3AD8H         SYMBOL        STARTUP1
  N:0000H         SYMBOL        XBPSTACK
  N:0000H         SYMBOL        XBPSTACKTOP
  N:0000H         SYMBOL        XDATALEN
  N:0000H         SYMBOL        XDATASTART
  C:0000H         LINE#         126
  C:3AD8H         LINE#         133
  C:3ADAH         LINE#         134
  C:3ADBH         LINE#         135
  C:3ADCH         LINE#         136
  C:3ADEH         LINE#         185
  C:3AE1H         LINE#         196
BL51 BANKED LINKER/LOCATER V6.22                                                      01/25/2019  12:05:37  PAGE 40


  -------         ENDMOD        ?C_STARTUP

  -------         MODULE        ?C?FPADD
  C:0A42H         PUBLIC        ?C?FPADD
  C:0A3EH         PUBLIC        ?C?FPSUB
  -------         ENDMOD        ?C?FPADD

  -------         MODULE        ?C?FPMUL
  C:0B33H         PUBLIC        ?C?FPMUL
  -------         ENDMOD        ?C?FPMUL

  -------         MODULE        ?C?FPDIV
  C:0C3CH         PUBLIC        ?C?FPDIV
  -------         ENDMOD        ?C?FPDIV

  -------         MODULE        ?C?FPCMP
  C:0CDBH         PUBLIC        ?C?FPCMP
  C:0CD9H         PUBLIC        ?C?FPCMP3
  -------         ENDMOD        ?C?FPCMP

  -------         MODULE        ?C?FPNEG
  C:0D52H         PUBLIC        ?C?FPNEG
  -------         ENDMOD        ?C?FPNEG

  -------         MODULE        ?C?FCAST
  C:0D6DH         PUBLIC        ?C?FCASTC
  C:0D68H         PUBLIC        ?C?FCASTI
  C:0D63H         PUBLIC        ?C?FCASTL
  -------         ENDMOD        ?C?FCAST

  -------         MODULE        ?C?CASTF
  C:0DA1H         PUBLIC        ?C?CASTF
  -------         ENDMOD        ?C?CASTF

  -------         MODULE        ATAN2
  X:0402H         PUBLIC        ?_atan2?BYTE
  C:3910H         PUBLIC        _atan2
  -------         ENDMOD        ATAN2

  -------         MODULE        SIN
  C:30DAH         PUBLIC        _COS
  C:30F0H         PUBLIC        _SIN
  C:312CH         PUBLIC        _TAN
  -------         ENDMOD        SIN

  -------         MODULE        ACOS
  C:3D6FH         PUBLIC        _ACOS
  -------         ENDMOD        ACOS

  -------         MODULE        ASIN
  C:3E7DH         PUBLIC        _ASIN
  -------         ENDMOD        ASIN

  -------         MODULE        SQRT
  C:3868H         PUBLIC        _SQRT
  -------         ENDMOD        SQRT

BL51 BANKED LINKER/LOCATER V6.22                                                      01/25/2019  12:05:37  PAGE 41


  -------         MODULE        ATAN
  C:3378H         PUBLIC        _ATAN
  -------         ENDMOD        ATAN

  -------         MODULE        ?C?COPY
  C:0F3FH         PUBLIC        ?C?COPY
  -------         ENDMOD        ?C?COPY

  -------         MODULE        ?C?CLDPTR
  C:0F65H         PUBLIC        ?C?CLDPTR
  -------         ENDMOD        ?C?CLDPTR

  -------         MODULE        ?C?CLDOPTR
  C:0F7EH         PUBLIC        ?C?CLDOPTR
  -------         ENDMOD        ?C?CLDOPTR

  -------         MODULE        ?C?CSTPTR
  C:0FABH         PUBLIC        ?C?CSTPTR
  -------         ENDMOD        ?C?CSTPTR

  -------         MODULE        ?C?IMUL
  C:0FBDH         PUBLIC        ?C?IMUL
  -------         ENDMOD        ?C?IMUL

  -------         MODULE        ?C?UIDIV
  C:0FCFH         PUBLIC        ?C?UIDIV
  -------         ENDMOD        ?C?UIDIV

  -------         MODULE        ?C?SIDIV
  C:1024H         PUBLIC        ?C?SIDIV
  -------         ENDMOD        ?C?SIDIV

  -------         MODULE        ?C?ILDIX
  C:105AH         PUBLIC        ?C?ILDIX
  -------         ENDMOD        ?C?ILDIX

  -------         MODULE        ?C?ILDOPTR
  C:1070H         PUBLIC        ?C?ILDOPTR
  -------         ENDMOD        ?C?ILDOPTR

  -------         MODULE        ?C?LMUL
  C:10A8H         PUBLIC        ?C?LMUL
  -------         ENDMOD        ?C?LMUL

  -------         MODULE        ?C?SLDIV
  C:3DB9H         PUBLIC        ?C?SLDIV
  -------         ENDMOD        ?C?SLDIV

  -------         MODULE        ?C?LNEG
  C:10F7H         PUBLIC        ?C?LNEG
  -------         ENDMOD        ?C?LNEG

  -------         MODULE        ?C?LLDPTR
  C:1105H         PUBLIC        ?C?LLDPTR
  -------         ENDMOD        ?C?LLDPTR

  -------         MODULE        ?C?LLDOPTR
BL51 BANKED LINKER/LOCATER V6.22                                                      01/25/2019  12:05:37  PAGE 42


  C:1125H         PUBLIC        ?C?LLDOPTR
  -------         ENDMOD        ?C?LLDOPTR

  -------         MODULE        ?C?LSTPTR
  C:1155H         PUBLIC        ?C?LSTPTR
  -------         ENDMOD        ?C?LSTPTR

  -------         MODULE        ?C?LSTOPTR
  C:116FH         PUBLIC        ?C?LSTOPTR
  -------         ENDMOD        ?C?LSTOPTR

  -------         MODULE        ?C?LLDXDATA
  C:1193H         PUBLIC        ?C?LLDXDATA
  -------         ENDMOD        ?C?LLDXDATA

  -------         MODULE        ?C?LLDCODE
  C:119FH         PUBLIC        ?C?LLDCODE
  -------         ENDMOD        ?C?LLDCODE

  -------         MODULE        ?C?LLDXDATA0
  C:11AFH         PUBLIC        ?C?LLDXDATA0
  -------         ENDMOD        ?C?LLDXDATA0

  -------         MODULE        ?C?LLDCODE0
  C:11BBH         PUBLIC        ?C?LLDCODE0
  -------         ENDMOD        ?C?LLDCODE0

  -------         MODULE        ?C?LLDPTR0
  C:11CBH         PUBLIC        ?C?LLDPTR0
  -------         ENDMOD        ?C?LLDPTR0

  -------         MODULE        ?C?LSTXDATA
  C:11EBH         PUBLIC        ?C?LSTXDATA
  -------         ENDMOD        ?C?LSTXDATA

  -------         MODULE        ?C?LSTKXDATA
  C:11F7H         PUBLIC        ?C?LSTKXDATA
  -------         ENDMOD        ?C?LSTKXDATA

  -------         MODULE        ?C?OFFXADD
  C:1228H         PUBLIC        ?C?OFFXADD
  -------         ENDMOD        ?C?OFFXADD

  -------         MODULE        ABS
  C:4172H         PUBLIC        _ABS
  -------         ENDMOD        ABS

  -------         MODULE        ATOI
  C:355EH         PUBLIC        _atoi
  -------         ENDMOD        ATOI

  -------         MODULE        ?C?IILDX
  C:1234H         PUBLIC        ?C?IILDX
  -------         ENDMOD        ?C?IILDX

  -------         MODULE        ?C?ULDIV
  C:1286H         PUBLIC        ?C?ULDIV
BL51 BANKED LINKER/LOCATER V6.22                                                      01/25/2019  12:05:37  PAGE 43


  -------         ENDMOD        ?C?ULDIV

  -------         MODULE        ?C?LLDIDATA
  C:1318H         PUBLIC        ?C?LLDIDATA
  -------         ENDMOD        ?C?LLDIDATA

  -------         MODULE        ?C?LLDPDATA
  C:1324H         PUBLIC        ?C?LLDPDATA
  -------         ENDMOD        ?C?LLDPDATA

  -------         MODULE        ?C?LLDIDATA0
  C:1330H         PUBLIC        ?C?LLDIDATA0
  -------         ENDMOD        ?C?LLDIDATA0

  -------         MODULE        ?C?LLDPDATA0
  C:133DH         PUBLIC        ?C?LLDPDATA0
  -------         ENDMOD        ?C?LLDPDATA0

  -------         MODULE        ?C?LSTIDATA
  C:134AH         PUBLIC        ?C?LSTIDATA
  -------         ENDMOD        ?C?LSTIDATA

  -------         MODULE        ?C?LSTPDATA
  C:1356H         PUBLIC        ?C?LSTPDATA
  -------         ENDMOD        ?C?LSTPDATA

  -------         MODULE        ISDIGIT
  C:414AH         PUBLIC        _isdigit
  -------         ENDMOD        ISDIGIT

  -------         MODULE        ISSPACE
  C:40E5H         PUBLIC        _isspace
  -------         ENDMOD        ISSPACE

*** WARNING L16: UNCALLED SEGMENT, IGNORED FOR OVERLAY PROCESS
    SEGMENT: ?PR?_DISPLAY_PROX?MAIN

*** WARNING L16: UNCALLED SEGMENT, IGNORED FOR OVERLAY PROCESS
    SEGMENT: ?PR?_DAY_OF_YEAR?PCF85063BTL

*** WARNING L16: UNCALLED SEGMENT, IGNORED FOR OVERLAY PROCESS
    SEGMENT: ?PR?INITUART1?UART1

*** WARNING L16: UNCALLED SEGMENT, IGNORED FOR OVERLAY PROCESS
    SEGMENT: ?PR?_SENDSTRING?UART1

*** WARNING L16: UNCALLED SEGMENT, IGNORED FOR OVERLAY PROCESS
    SEGMENT: ?PR?_TEN?UART1

*** WARNING L16: UNCALLED SEGMENT, IGNORED FOR OVERLAY PROCESS
    SEGMENT: ?PR?_UNIT?UART1

*** WARNING L16: UNCALLED SEGMENT, IGNORED FOR OVERLAY PROCESS
    SEGMENT: ?PR?_DECTOBCD?UART1

*** WARNING L16: UNCALLED SEGMENT, IGNORED FOR OVERLAY PROCESS
    SEGMENT: ?PR?_ASCII_LETTER?UART1
BL51 BANKED LINKER/LOCATER V6.22                                                      01/25/2019  12:05:37  PAGE 44



*** WARNING L16: UNCALLED SEGMENT, IGNORED FOR OVERLAY PROCESS
    SEGMENT: ?PR?_ASCIITOBCD?UART1

*** WARNING L16: UNCALLED SEGMENT, IGNORED FOR OVERLAY PROCESS
    SEGMENT: ?PR?WAIT?BIPOLARMOTOR

*** WARNING L16: UNCALLED SEGMENT, IGNORED FOR OVERLAY PROCESS
    SEGMENT: ?PR?_FINDDET4X4?BIPOLARMOTOR

*** WARNING L16: UNCALLED SEGMENT, IGNORED FOR OVERLAY PROCESS
    SEGMENT: ?PR?NOP?IOEXPANDER_PI4IOE5V96248

*** WARNING L16: UNCALLED SEGMENT, IGNORED FOR OVERLAY PROCESS
    SEGMENT: ?PR?UC_ACK?IOEXPANDER_PI4IOE5V96248

*** WARNING L16: UNCALLED SEGMENT, IGNORED FOR OVERLAY PROCESS
    SEGMENT: ?PR?UC_NACK?IOEXPANDER_PI4IOE5V96248

*** WARNING L1: UNRESOLVED EXTERNAL SYMBOL
    SYMBOL:  AUTO_MODE
    MODULE:  .\Obj\main.obj (MAIN)

*** WARNING L2: REFERENCE MADE TO UNRESOLVED EXTERNAL
    SYMBOL:  AUTO_MODE
    MODULE:  .\Obj\main.obj (MAIN)
    ADDRESS: 137CH

*** WARNING L2: REFERENCE MADE TO UNRESOLVED EXTERNAL
    SYMBOL:  AUTO_MODE
    MODULE:  .\Obj\main.obj (MAIN)
    ADDRESS: 1484H

*** WARNING L2: REFERENCE MADE TO UNRESOLVED EXTERNAL
    SYMBOL:  AUTO_MODE
    MODULE:  .\Obj\main.obj (MAIN)
    ADDRESS: 1492H

*** WARNING L2: REFERENCE MADE TO UNRESOLVED EXTERNAL
    SYMBOL:  AUTO_MODE
    MODULE:  .\Obj\main.obj (MAIN)
    ADDRESS: 14A4H

*** WARNING L2: REFERENCE MADE TO UNRESOLVED EXTERNAL
    SYMBOL:  AUTO_MODE
    MODULE:  .\Obj\main.obj (MAIN)
    ADDRESS: 14E6H

*** WARNING L2: REFERENCE MADE TO UNRESOLVED EXTERNAL
    SYMBOL:  AUTO_MODE
    MODULE:  .\Obj\main.obj (MAIN)
    ADDRESS: 15B9H

*** WARNING L1: UNRESOLVED EXTERNAL SYMBOL
    SYMBOL:  _SENDUART1
    MODULE:  .\Obj\UART1.obj (UART1)

BL51 BANKED LINKER/LOCATER V6.22                                                      01/25/2019  12:05:37  PAGE 45


*** WARNING L2: REFERENCE MADE TO UNRESOLVED EXTERNAL
    SYMBOL:  _SENDUART1
    MODULE:  .\Obj\UART1.obj (UART1)
    ADDRESS: 3EE6H

*** WARNING L1: UNRESOLVED EXTERNAL SYMBOL
    SYMBOL:  AUTO_MODE
    MODULE:  .\Obj\KeyPad.obj (KEYPAD)

*** WARNING L2: REFERENCE MADE TO UNRESOLVED EXTERNAL
    SYMBOL:  AUTO_MODE
    MODULE:  .\Obj\KeyPad.obj (KEYPAD)
    ADDRESS: 292CH

*** WARNING L2: REFERENCE MADE TO UNRESOLVED EXTERNAL
    SYMBOL:  AUTO_MODE
    MODULE:  .\Obj\KeyPad.obj (KEYPAD)
    ADDRESS: 2937H

*** WARNING L2: REFERENCE MADE TO UNRESOLVED EXTERNAL
    SYMBOL:  AUTO_MODE
    MODULE:  .\Obj\KeyPad.obj (KEYPAD)
    ADDRESS: 293EH

Program Size: data=10.2 xdata=1373 code=16804
LINK/LOCATE RUN COMPLETE.  27 WARNING(S),  0 ERROR(S)
