BL51 BANKED LINKER/LOCATER V6.22                                                        03/20/2019  11:52:32  PAGE 1


BL51 BANKED LINKER/LOCATER V6.22, INVOKED BY:
C:\KEIL_V5\C51\BIN\BL51.EXE .\Obj\main.obj, .\Obj\PCF85063BTL.obj, .\Obj\UART1.obj, .\Obj\LCd_Driver_SPLC780D.obj, .\Obj
>> \KeyPad.obj, .\Obj\BipolarMotor.obj, .\Obj\SunPos.obj, .\Obj\ADC.obj, .\Obj\Calibration.obj, .\Obj\IOExpander_PI4IOE5
>> V96248.obj, .\Obj\AT25SF041.obj, .\Obj\STARTUP.obj TO .\Obj\GPIO_RTC_Test PRINT (.\Lis\GPIO_RTC_Test.m51) RAMSIZE (25
>> 6)


MEMORY MODEL: LARGE WITH FLOATING POINT ARITHMETIC


INPUT MODULES INCLUDED:
  .\Obj\main.obj (MAIN)
  .\Obj\PCF85063BTL.obj (PCF85063BTL)
  .\Obj\UART1.obj (UART1)
  .\Obj\LCd_Driver_SPLC780D.obj (LCD_DRIVER_SPLC780D)
  .\Obj\KeyPad.obj (KEYPAD)
  .\Obj\BipolarMotor.obj (BIPOLARMOTOR)
  .\Obj\SunPos.obj (SUNPOS)
  .\Obj\ADC.obj (ADC)
  .\Obj\Calibration.obj (CALIBRATION)
  .\Obj\IOExpander_PI4IOE5V96248.obj (IOEXPANDER_PI4IOE5V96248)
  .\Obj\AT25SF041.obj (AT25SF041)
  .\Obj\STARTUP.obj (?C_STARTUP)
  C:\KEIL_V5\C51\LIB\C51FPL.LIB (?C?FPADD)
  C:\KEIL_V5\C51\LIB\C51FPL.LIB (?C?FPMUL)
  C:\KEIL_V5\C51\LIB\C51FPL.LIB (?C?FPDIV)
  C:\KEIL_V5\C51\LIB\C51FPL.LIB (?C?FPCMP)
  C:\KEIL_V5\C51\LIB\C51FPL.LIB (?C?FPNEG)
  C:\KEIL_V5\C51\LIB\C51FPL.LIB (?C?FCAST)
  C:\KEIL_V5\C51\LIB\C51FPL.LIB (?C?CASTF)
  C:\KEIL_V5\C51\LIB\C51FPL.LIB (ATAN2)
  C:\KEIL_V5\C51\LIB\C51FPL.LIB (SIN)
  C:\KEIL_V5\C51\LIB\C51FPL.LIB (ACOS)
  C:\KEIL_V5\C51\LIB\C51FPL.LIB (ASIN)
  C:\KEIL_V5\C51\LIB\C51FPL.LIB (?C?FPGETOPN)
  C:\KEIL_V5\C51\LIB\C51FPL.LIB (?C?FPSERIES)
  C:\KEIL_V5\C51\LIB\C51FPL.LIB (SQRT)
  C:\KEIL_V5\C51\LIB\C51FPL.LIB (ATAN)
  C:\KEIL_V5\C51\LIB\C51L.LIB (?C_INIT)
  C:\KEIL_V5\C51\LIB\C51L.LIB (?C?COPY)
  C:\KEIL_V5\C51\LIB\C51L.LIB (?C?CLDPTR)
  C:\KEIL_V5\C51\LIB\C51L.LIB (?C?CLDOPTR)
  C:\KEIL_V5\C51\LIB\C51L.LIB (?C?CSTPTR)
  C:\KEIL_V5\C51\LIB\C51L.LIB (?C?IMUL)
  C:\KEIL_V5\C51\LIB\C51L.LIB (?C?UIDIV)
  C:\KEIL_V5\C51\LIB\C51L.LIB (?C?SIDIV)
  C:\KEIL_V5\C51\LIB\C51L.LIB (?C?ILDIX)
  C:\KEIL_V5\C51\LIB\C51L.LIB (?C?ILDOPTR)
  C:\KEIL_V5\C51\LIB\C51L.LIB (?C?ISTPTR)
  C:\KEIL_V5\C51\LIB\C51L.LIB (?C?LMUL)
  C:\KEIL_V5\C51\LIB\C51L.LIB (?C?SLDIV)
  C:\KEIL_V5\C51\LIB\C51L.LIB (?C?LNEG)
  C:\KEIL_V5\C51\LIB\C51L.LIB (?C?ULCMP)
  C:\KEIL_V5\C51\LIB\C51L.LIB (?C?LSHL)
  C:\KEIL_V5\C51\LIB\C51L.LIB (?C?LLDPTR)
  C:\KEIL_V5\C51\LIB\C51L.LIB (?C?LLDOPTR)
  C:\KEIL_V5\C51\LIB\C51L.LIB (?C?LSTPTR)
  C:\KEIL_V5\C51\LIB\C51L.LIB (?C?LSTOPTR)
BL51 BANKED LINKER/LOCATER V6.22                                                      03/20/2019  11:52:32  PAGE 2


  C:\KEIL_V5\C51\LIB\C51L.LIB (?C?LLDXDATA)
  C:\KEIL_V5\C51\LIB\C51L.LIB (?C?LLDCODE)
  C:\KEIL_V5\C51\LIB\C51L.LIB (?C?LLDXDATA0)
  C:\KEIL_V5\C51\LIB\C51L.LIB (?C?LLDCODE0)
  C:\KEIL_V5\C51\LIB\C51L.LIB (?C?LLDPTR0)
  C:\KEIL_V5\C51\LIB\C51L.LIB (?C?LSTXDATA)
  C:\KEIL_V5\C51\LIB\C51L.LIB (?C?LSTKXDATA)
  C:\KEIL_V5\C51\LIB\C51L.LIB (?C?LSTKPTR)
  C:\KEIL_V5\C51\LIB\C51L.LIB (?C?OFFXADD)
  C:\KEIL_V5\C51\LIB\C51L.LIB (ATOI)
  C:\KEIL_V5\C51\LIB\C51L.LIB (?C?IILDX)
  C:\KEIL_V5\C51\LIB\C51L.LIB (?C?ULDIV)
  C:\KEIL_V5\C51\LIB\C51L.LIB (?C?LLDIDATA)
  C:\KEIL_V5\C51\LIB\C51L.LIB (?C?LLDPDATA)
  C:\KEIL_V5\C51\LIB\C51L.LIB (?C?LLDIDATA0)
  C:\KEIL_V5\C51\LIB\C51L.LIB (?C?LLDPDATA0)
  C:\KEIL_V5\C51\LIB\C51L.LIB (?C?LSTIDATA)
  C:\KEIL_V5\C51\LIB\C51L.LIB (?C?LSTPDATA)
  C:\KEIL_V5\C51\LIB\C51L.LIB (?C?LSTKIDATA)
  C:\KEIL_V5\C51\LIB\C51L.LIB (?C?LSTKPDATA)
  C:\KEIL_V5\C51\LIB\C51L.LIB (ISDIGIT)
  C:\KEIL_V5\C51\LIB\C51L.LIB (ISSPACE)


LINK MAP OF MODULE:  .\Obj\GPIO_RTC_Test (MAIN)


            TYPE    BASE      LENGTH    RELOCATION   SEGMENT NAME
            -----------------------------------------------------

            * * * * * * *   D A T A   M E M O R Y   * * * * * * *
            REG     0000H     0008H     ABSOLUTE     "REG BANK 0"
                    0008H     0018H                  *** GAP ***
            BIT     0020H.0   0000H.5   UNIT         ?BI?KEYPAD
            BIT     0020H.5   0000H.3   UNIT         _BIT_GROUP_
            BIT     0021H.0   0000H.1   UNIT         ?BI?MAIN
            BIT     0021H.1   0000H.1   UNIT         ?BI?_ATOI?ATOI
                    0021H.2   0000H.6                *** GAP ***
            IDATA   0022H     0001H     UNIT         ?STACK

            * * * * * * *  X D A T A   M E M O R Y  * * * * * * *
            XDATA   0000H     02EFH     UNIT         ?XD?BIPOLARMOTOR
            XDATA   02EFH     0158H     UNIT         _XDATA_GROUP_
            XDATA   0447H     00D8H     UNIT         ?XD?MAIN
            XDATA   051FH     0040H     UNIT         ?XD?_FINDDET4X4?BIPOLARMOTOR
            XDATA   055FH     0024H     UNIT         ?XD?_FINDDET3X3?BIPOLARMOTOR
            XDATA   0583H     0009H     UNIT         ?XD?KEYPAD
            XDATA   058CH     0008H     UNIT         ?XD?_AT25SF041_READ?AT25SF041
            XDATA   0594H     0005H     UNIT         ?XD?_ATOI?ATOI
            XDATA   0599H     0003H     UNIT         ?XD?_SENDSTRING?UART1
            XDATA   059CH     0001H     UNIT         ?XD?UC_ACK?IOEXPANDER_PI4IOE5V96248
            XDATA   059DH     0001H     UNIT         ?XD?UC_NACK?IOEXPANDER_PI4IOE5V96248

            * * * * * * *   C O D E   M E M O R Y   * * * * * * *
            CODE    0000H     0003H     ABSOLUTE     
            CODE    0003H     0006H     UNIT         ?PR?_TEN?UART1
            CODE    0009H     0001H     UNIT         ?PR?TM0_ISR?MAIN
BL51 BANKED LINKER/LOCATER V6.22                                                      03/20/2019  11:52:32  PAGE 3


            CODE    000AH     0001H     UNIT         ?PR?_DECTOBCD?UART1
            CODE    000BH     0003H     ABSOLUTE     
            CODE    000EH     0FAEH     UNIT         ?PR?MAIN?MAIN
            CODE    0FBCH     0B00H     UNIT         ?PR?_UPDATE_POSITION?BIPOLARMOTOR
            CODE    1ABCH     09B6H     UNIT         ?C?LIB_CODE
            CODE    2472H     07A2H     UNIT         ?PR?SUNPOS?SUNPOS
            CODE    2C14H     03E8H     UNIT         ?PR?_FIND_REAL_MAX?CALIBRATION
            CODE    2FFCH     0355H     UNIT         ?C_INITSEG
            CODE    3351H     02C5H     UNIT         ?PR?KEY_PROCESS?KEYPAD
            CODE    3616H     02C0H     UNIT         ?PR?_FINDDET4X4?BIPOLARMOTOR
            CODE    38D6H     01D1H     UNIT         ?PR?_FINDDET3X3?BIPOLARMOTOR
            CODE    3AA7H     01B3H     UNIT         ?PR?_CALIBRATION?CALIBRATION
            CODE    3C5AH     018DH     UNIT         ?PR?KEY_SCAN?KEYPAD
            CODE    3DE7H     0189H     UNIT         ?PR?SPI_NOR_WRITE_DATA?AT25SF041
            CODE    3F70H     0188H     UNIT         ?PR?SIN?SIN
            CODE    40F8H     0162H     UNIT         ?PR?_DISPLAY_POS?LCD_DRIVER_SPLC780D
            CODE    425AH     0122H     UNIT         ?PR?ATAN?ATAN
            CODE    437CH     0110H     UNIT         ?PR?_AT25SF041_READ?AT25SF041
            CODE    448CH     0102H     UNIT         ?PR?_AT25SF041_WRITE?AT25SF041
            CODE    458EH     00DBH     UNIT         ?PR?_ATOI?ATOI
            CODE    4669H     00C3H     UNIT         ?PR?LINEAR_INTERPOLATE?BIPOLARMOTOR
            CODE    472CH     00BBH     UNIT         ?PR?VOLTAGE_IS_STABLE?CALIBRATION
            CODE    47E7H     00ADH     UNIT         ?PR?_WRITE_PI4IOE5V96248?IOEXPANDER_PI4IOE5V96248
            CODE    4894H     00ACH     UNIT         ?PR?SQRT?SQRT
            CODE    4940H     00A1H     UNIT         ?PR?UCREAD_STATUS_REGISTER_BYTE1?AT25SF041
            CODE    49E1H     009DH     UNIT         ?PR?_ATAN2?ATAN2
            CODE    4A7EH     009CH     UNIT         ?PR?_MAX_VALUE?CALIBRATION
            CODE    4B1AH     008CH     UNIT         ?C_C51STARTUP
            CODE    4BA6H     0084H     UNIT         ?PR?_DAY_OF_YEAR?PCF85063BTL
            CODE    4C2AH     0079H     UNIT         ?PR?_WRITEDATA?LCD_DRIVER_SPLC780D
            CODE    4CA3H     0072H     UNIT         ?PR?AT25SF041_WRITEENABLE?AT25SF041
            CODE    4D15H     006FH     UNIT         ?PR?_READ_TIME?PCF85063BTL
            CODE    4D84H     005AH     UNIT         ?PR?AT25SF041_CHIPERASE?AT25SF041
            CODE    4DDEH     0059H     UNIT         ?PR?LCD_INIT?LCD_DRIVER_SPLC780D
            CODE    4E37H     004AH     UNIT         ?PR?VONESTEPMOVE?BIPOLARMOTOR
            CODE    4E81H     004AH     UNIT         ?PR?ACOS?ACOS
            CODE    4ECBH     0044H     UNIT         ?C?LDIV
            CODE    4F0FH     0040H     UNIT         ?PR?_COMMAND?LCD_DRIVER_SPLC780D
            CODE    4F4FH     0040H     UNIT         ?PR?_STEP_MOVE?BIPOLARMOTOR
            CODE    4F8FH     003BH     UNIT         ?PR?ASIN?ASIN
            CODE    4FCAH     0033H     UNIT         ?PR?_SENDSTRING?UART1
            CODE    4FFDH     002CH     UNIT         ?PR?_ADC_GETRESULT?ADC
            CODE    5029H     002BH     UNIT         ?PR?_WAIT_MS_I2C?IOEXPANDER_PI4IOE5V96248
            CODE    5054H     002BH     UNIT         ?PR?_WAIT_MS_SPINOR?AT25SF041
            CODE    507FH     0028H     UNIT         ?PR?_MOVE?BIPOLARMOTOR
            CODE    50A7H     0027H     UNIT         ?PR?_I2C_SENDBYTE?IOEXPANDER_PI4IOE5V96248
            CODE    50CEH     0024H     UNIT         ?PR?_WAIT_MS?LCD_DRIVER_SPLC780D
            CODE    50F2H     0020H     UNIT         ?PR?_SPI_SENDBYTE?PCF85063BTL
            CODE    5112H     0020H     UNIT         ?PR?SPI_RECEIVEBYTE?PCF85063BTL
            CODE    5132H     001FH     UNIT         ?PR?ADC_INIT?ADC
            CODE    5151H     001EH     UNIT         ?PR?_DELAY_MS?KEYPAD
            CODE    516FH     001DH     UNIT         ?PR?_DISPLAYLCD?LCD_DRIVER_SPLC780D
            CODE    518CH     001BH     UNIT         ?PR?_BCDTODEC1?BIPOLARMOTOR
            CODE    51A7H     0018H     UNIT         ?PR?_SPI_WRITETIME?PCF85063BTL
            CODE    51BFH     0017H     UNIT         ?PR?_ASCIITOBCD?UART1
            CODE    51D6H     0016H     UNIT         ?PR?I2C_ACK?IOEXPANDER_PI4IOE5V96248
            CODE    51ECH     0015H     UNIT         ?PR?_DISPLAY_LINE?LCD_DRIVER_SPLC780D
BL51 BANKED LINKER/LOCATER V6.22                                                      03/20/2019  11:52:32  PAGE 4


            CODE    5201H     0015H     UNIT         ?PR?I2C_STOP?IOEXPANDER_PI4IOE5V96248
            CODE    5216H     0014H     UNIT         ?PR?_PCF85063BTL_DELAY?PCF85063BTL
            CODE    522AH     0014H     UNIT         ?PR?_ABS?LCD_DRIVER_SPLC780D
            CODE    523EH     0014H     UNIT         ?PR?_ISSPACE?ISSPACE
            CODE    5252H     0011H     UNIT         ?PR?_SPI_READTIME?PCF85063BTL
            CODE    5263H     0011H     UNIT         ?PR?_BCDTODEC?PCF85063BTL
            CODE    5274H     0011H     UNIT         ?PR?INITUART1?UART1
            CODE    5285H     000FH     UNIT         ?PR?I2C_START?IOEXPANDER_PI4IOE5V96248
            CODE    5294H     000FH     UNIT         ?PR?UC_NACK?IOEXPANDER_PI4IOE5V96248
            CODE    52A3H     000FH     UNIT         ?PR?_ISDIGIT?ISDIGIT
            CODE    52B2H     000DH     UNIT         ?PR?SPI_INIT?PCF85063BTL
            CODE    52BFH     000CH     UNIT         ?PR?KEYPAD_IO_INIT?KEYPAD
            CODE    52CBH     000AH     UNIT         ?PR?LCD_RETURN_HOME?LCD_DRIVER_SPLC780D
            CODE    52D5H     000AH     UNIT         ?PR?LCD_CLEAR?LCD_DRIVER_SPLC780D
            CODE    52DFH     0006H     UNIT         ?PR?UC_ACK?IOEXPANDER_PI4IOE5V96248
            CODE    52E5H     0005H     UNIT         ?PR?_UNIT?UART1
            CODE    52EAH     0005H     UNIT         ?PR?_ASCII_LETTER?UART1
            CODE    52EFH     0001H     UNIT         ?PR?WAIT?BIPOLARMOTOR
            CODE    52F0H     0001H     UNIT         ?PR?NOP?IOEXPANDER_PI4IOE5V96248



OVERLAY MAP OF MODULE:   .\Obj\GPIO_RTC_Test (MAIN)


SEGMENT                                             BIT_GROUP          XDATA_GROUP
  +--> CALLED SEGMENT                            START    LENGTH     START    LENGTH
------------------------------------------------------------------------------------
?C_C51STARTUP                                    -----    -----      -----    -----
  +--> ?PR?MAIN?MAIN
  +--> ?C_INITSEG

?PR?MAIN?MAIN                                    -----    -----      02EFH    002CH
  +--> ?PR?LCD_INIT?LCD_DRIVER_SPLC780D
  +--> ?PR?SPI_INIT?PCF85063BTL
  +--> ?PR?KEYPAD_IO_INIT?KEYPAD
  +--> ?PR?ADC_INIT?ADC
  +--> ?PR?_SPI_WRITETIME?PCF85063BTL
  +--> ?PR?_DELAY_MS?KEYPAD
  +--> ?PR?_DISPLAY_LINE?LCD_DRIVER_SPLC780D
  +--> ?PR?_WRITEDATA?LCD_DRIVER_SPLC780D
  +--> ?PR?KEY_PROCESS?KEYPAD
  +--> ?PR?_COMMAND?LCD_DRIVER_SPLC780D
  +--> ?PR?_DISPLAY_POS?LCD_DRIVER_SPLC780D
  +--> ?PR?_DISPLAYLCD?LCD_DRIVER_SPLC780D
  +--> ?PR?_STEP_MOVE?BIPOLARMOTOR
  +--> ?PR?LCD_RETURN_HOME?LCD_DRIVER_SPLC780D
  +--> ?PR?_READ_TIME?PCF85063BTL
  +--> ?PR?_ADC_GETRESULT?ADC
  +--> ?PR?_BCDTODEC1?BIPOLARMOTOR
  +--> ?PR?_CALIBRATION?CALIBRATION
  +--> ?PR?AT25SF041_WRITEENABLE?AT25SF041
  +--> ?PR?_AT25SF041_WRITE?AT25SF041
  +--> ?PR?_WAIT_MS_SPINOR?AT25SF041
  +--> ?PR?SPI_NOR_WRITE_DATA?AT25SF041
  +--> ?PR?LINEAR_INTERPOLATE?BIPOLARMOTOR
  +--> ?PR?_UPDATE_POSITION?BIPOLARMOTOR
BL51 BANKED LINKER/LOCATER V6.22                                                      03/20/2019  11:52:32  PAGE 5


  +--> ?PR?LCD_CLEAR?LCD_DRIVER_SPLC780D
  +--> ?PR?AT25SF041_CHIPERASE?AT25SF041

?PR?LCD_INIT?LCD_DRIVER_SPLC780D                 -----    -----      -----    -----
  +--> ?PR?_WAIT_MS?LCD_DRIVER_SPLC780D
  +--> ?PR?_COMMAND?LCD_DRIVER_SPLC780D

?PR?_COMMAND?LCD_DRIVER_SPLC780D                 -----    -----      -----    -----
  +--> ?PR?_WAIT_MS?LCD_DRIVER_SPLC780D

?PR?ADC_INIT?ADC                                 -----    -----      -----    -----
  +--> ?PR?_WAIT_MS?LCD_DRIVER_SPLC780D

?PR?_SPI_WRITETIME?PCF85063BTL                   -----    -----      -----    -----
  +--> ?PR?_SPI_SENDBYTE?PCF85063BTL

?PR?_SPI_SENDBYTE?PCF85063BTL                    -----    -----      -----    -----
  +--> ?PR?_PCF85063BTL_DELAY?PCF85063BTL

?PR?_DISPLAY_LINE?LCD_DRIVER_SPLC780D            -----    -----      -----    -----
  +--> ?PR?_COMMAND?LCD_DRIVER_SPLC780D

?PR?_WRITEDATA?LCD_DRIVER_SPLC780D               -----    -----      03D6H    0001H
  +--> ?PR?_WAIT_MS?LCD_DRIVER_SPLC780D

?PR?KEY_PROCESS?KEYPAD                           -----    -----      031BH    0006H
  +--> ?PR?KEY_SCAN?KEYPAD
  +--> ?PR?_SPI_WRITETIME?PCF85063BTL
  +--> ?PR?LCD_CLEAR?LCD_DRIVER_SPLC780D
  +--> ?PR?_COMMAND?LCD_DRIVER_SPLC780D
  +--> ?PR?_WRITEDATA?LCD_DRIVER_SPLC780D

?PR?KEY_SCAN?KEYPAD                              -----    -----      0321H    0003H

?PR?LCD_CLEAR?LCD_DRIVER_SPLC780D                -----    -----      -----    -----
  +--> ?PR?_COMMAND?LCD_DRIVER_SPLC780D

?PR?_DISPLAY_POS?LCD_DRIVER_SPLC780D             -----    -----      03CCH    000AH
  +--> ?PR?_ABS?LCD_DRIVER_SPLC780D
  +--> ?PR?_WRITEDATA?LCD_DRIVER_SPLC780D

?PR?_DISPLAYLCD?LCD_DRIVER_SPLC780D              -----    -----      031BH    0001H
  +--> ?PR?_WRITEDATA?LCD_DRIVER_SPLC780D

?PR?_STEP_MOVE?BIPOLARMOTOR                      0020H.6  0000H.1    03E2H    0004H
  +--> ?PR?VONESTEPMOVE?BIPOLARMOTOR

?PR?VONESTEPMOVE?BIPOLARMOTOR                    0020H.7  0000H.1    -----    -----
  +--> ?PR?_WRITE_PI4IOE5V96248?IOEXPANDER_P...
  +--> ?PR?_DELAY_MS?KEYPAD

?PR?_WRITE_PI4IOE5V96248?IOEXPANDER_P...         -----    -----      03E6H    0003H
  +--> ?PR?I2C_START?IOEXPANDER_PI4IOE5V96248
  +--> ?PR?_WAIT_MS_I2C?IOEXPANDER_PI4IOE5V9...
  +--> ?PR?_I2C_SENDBYTE?IOEXPANDER_PI4IOE5V...
  +--> ?PR?I2C_ACK?IOEXPANDER_PI4IOE5V96248
  +--> ?PR?I2C_STOP?IOEXPANDER_PI4IOE5V96248
BL51 BANKED LINKER/LOCATER V6.22                                                      03/20/2019  11:52:32  PAGE 6



?PR?I2C_START?IOEXPANDER_PI4IOE5V96248           -----    -----      -----    -----
  +--> ?PR?_WAIT_MS_I2C?IOEXPANDER_PI4IOE5V9...

?PR?_I2C_SENDBYTE?IOEXPANDER_PI4IOE5V...         -----    -----      -----    -----
  +--> ?PR?_WAIT_MS_I2C?IOEXPANDER_PI4IOE5V9...

?PR?I2C_ACK?IOEXPANDER_PI4IOE5V96248             -----    -----      03E9H    0001H
  +--> ?PR?_WAIT_MS_I2C?IOEXPANDER_PI4IOE5V9...

?PR?I2C_STOP?IOEXPANDER_PI4IOE5V96248            -----    -----      -----    -----
  +--> ?PR?_WAIT_MS_I2C?IOEXPANDER_PI4IOE5V9...

?PR?LCD_RETURN_HOME?LCD_DRIVER_SPLC780D          -----    -----      -----    -----
  +--> ?PR?_COMMAND?LCD_DRIVER_SPLC780D

?PR?_READ_TIME?PCF85063BTL                       -----    -----      031BH    000FH
  +--> ?PR?_SPI_READTIME?PCF85063BTL

?PR?_SPI_READTIME?PCF85063BTL                    -----    -----      -----    -----
  +--> ?PR?_SPI_SENDBYTE?PCF85063BTL
  +--> ?PR?SPI_RECEIVEBYTE?PCF85063BTL

?PR?SPI_RECEIVEBYTE?PCF85063BTL                  -----    -----      -----    -----
  +--> ?PR?_PCF85063BTL_DELAY?PCF85063BTL

?PR?_CALIBRATION?CALIBRATION                     -----    -----      031BH    0024H
  +--> ?PR?VOLTAGE_IS_STABLE?CALIBRATION
  +--> ?PR?_UPDATE_POSITION?BIPOLARMOTOR
  +--> ?PR?_FIND_REAL_MAX?CALIBRATION

?PR?VOLTAGE_IS_STABLE?CALIBRATION                -----    -----      033FH    0018H
  +--> ?PR?_ADC_GETRESULT?ADC
  +--> ?PR?_ABS?LCD_DRIVER_SPLC780D

?PR?_UPDATE_POSITION?BIPOLARMOTOR                -----    -----      033FH    009FH
  +--> ?PR?_BCDTODEC1?BIPOLARMOTOR
  +--> ?PR?SUNPOS?SUNPOS
  +--> ?PR?SIN?SIN
  +--> ?PR?ASIN?ASIN
  +--> ?PR?LINEAR_INTERPOLATE?BIPOLARMOTOR
  +--> ?PR?_ABS?LCD_DRIVER_SPLC780D
  +--> ?PR?_MOVE?BIPOLARMOTOR

?PR?SUNPOS?SUNPOS                                -----    -----      03DEH    005DH
  +--> ?PR?SIN?SIN
  +--> ?PR?_ATAN2?ATAN2
  +--> ?PR?ASIN?ASIN
  +--> ?PR?ACOS?ACOS

?PR?SIN?SIN                                      0020H.5  0000H.1    043BH    0004H

?PR?_ATAN2?ATAN2                                 -----    -----      043BH    0008H
  +--> ?PR?ATAN?ATAN

?PR?ATAN?ATAN                                    0020H.5  0000H.2    0443H    0004H

BL51 BANKED LINKER/LOCATER V6.22                                                      03/20/2019  11:52:32  PAGE 7


?PR?ASIN?ASIN                                    -----    -----      -----    -----
  +--> ?PR?SQRT?SQRT
  +--> ?PR?ATAN?ATAN

?PR?SQRT?SQRT                                    -----    -----      043BH    0004H

?PR?ACOS?ACOS                                    -----    -----      -----    -----
  +--> ?PR?SQRT?SQRT
  +--> ?PR?ATAN?ATAN

?PR?LINEAR_INTERPOLATE?BIPOLARMOTOR              -----    -----      03DEH    0014H

?PR?_MOVE?BIPOLARMOTOR                           0020H.5  0000H.1    03DEH    0004H
  +--> ?PR?_STEP_MOVE?BIPOLARMOTOR

?PR?_FIND_REAL_MAX?CALIBRATION                   -----    -----      033FH    008DH
  +--> ?PR?_MOVE?BIPOLARMOTOR
  +--> ?PR?_ADC_GETRESULT?ADC
  +--> ?PR?AT25SF041_WRITEENABLE?AT25SF041
  +--> ?PR?_AT25SF041_WRITE?AT25SF041
  +--> ?PR?_WAIT_MS_SPINOR?AT25SF041
  +--> ?PR?_COMMAND?LCD_DRIVER_SPLC780D
  +--> ?PR?_WRITEDATA?LCD_DRIVER_SPLC780D
  +--> ?PR?_DISPLAY_POS?LCD_DRIVER_SPLC780D
  +--> ?PR?_WAIT_MS?LCD_DRIVER_SPLC780D
  +--> ?PR?_MAX_VALUE?CALIBRATION

?PR?AT25SF041_WRITEENABLE?AT25SF041              -----    -----      03CCH    0002H
  +--> ?PR?_WAIT_MS_SPINOR?AT25SF041
  +--> ?PR?UCREAD_STATUS_REGISTER_BYTE1?AT25...

?PR?UCREAD_STATUS_REGISTER_BYTE1?AT25...         -----    -----      03D4H    0003H
  +--> ?PR?_WAIT_MS_SPINOR?AT25SF041

?PR?_AT25SF041_WRITE?AT25SF041                   -----    -----      03CCH    0008H
  +--> ?PR?_WAIT_MS_SPINOR?AT25SF041
  +--> ?PR?UCREAD_STATUS_REGISTER_BYTE1?AT25...

?PR?_MAX_VALUE?CALIBRATION                       -----    -----      03CCH    0004H

?PR?SPI_NOR_WRITE_DATA?AT25SF041                 -----    -----      031BH    000EH
  +--> ?PR?AT25SF041_WRITEENABLE?AT25SF041
  +--> ?PR?_AT25SF041_WRITE?AT25SF041
  +--> ?PR?_WAIT_MS_SPINOR?AT25SF041

?PR?AT25SF041_CHIPERASE?AT25SF041                -----    -----      031BH    0002H
  +--> ?PR?_WAIT_MS_SPINOR?AT25SF041
  +--> ?PR?UCREAD_STATUS_REGISTER_BYTE1?AT25...



UNRESOLVED EXTERNAL SYMBOLS:
   AUTO_MODE
   SPI_NOR_CLEARENABLE
   _SENDUART1


BL51 BANKED LINKER/LOCATER V6.22                                                      03/20/2019  11:52:32  PAGE 8



SYMBOL TABLE OF MODULE:  .\Obj\GPIO_RTC_Test (MAIN)

  VALUE           TYPE          NAME
  ----------------------------------

  -------         MODULE        MAIN
  C:0000H         SYMBOL        _ICE_DUMMY_
  X:044FH         PUBLIC        calib_value
  D:0080H         PUBLIC        P0
  D:00B2H         PUBLIC        P3M0
  D:0090H         PUBLIC        P1
  D:00B1H         PUBLIC        P3M1
  D:00A0H         PUBLIC        P2
  D:00B0H         PUBLIC        P3
  D:00C0H         PUBLIC        P4
  D:00C8H         PUBLIC        P5
  X:04A3H         SYMBOL        PressedKey
  B:00A8H.7       PUBLIC        EA
  D:00E8H         PUBLIC        P6
  X:04A7H         PUBLIC        calib_stamp
  D:00F8H         PUBLIC        P7
  X:04A8H         PUBLIC        RX_Data_Uart_Cnt
  D:00A8H         PUBLIC        IE
  X:04AAH         PUBLIC        calib_time
  D:00B8H         PUBLIC        IP
  X:04FEH         PUBLIC        months
  D:00D8H         PUBLIC        CCON
  C:000EH         PUBLIC        main
  X:04FFH         PUBLIC        count
  X:0501H         PUBLIC        days
  X:0502H         PUBLIC        hours
  D:0098H         PUBLIC        SCON
  D:0089H         PUBLIC        TMOD
  D:0088H         PUBLIC        TCON
  B:00A0H.3       PUBLIC        P23
  X:0503H         SYMBOL        KeyCount
  X:0505H         PUBLIC        mins
  X:0506H         PUBLIC        Rec_data_hour
  B:00C8H.5       PUBLIC        P55
  X:0509H         PUBLIC        Rec_data_min
  D:008EH         PUBLIC        AUXR
  C:0009H         PUBLIC        tm0_isr
  B:0021H.0       PUBLIC        busy
  B:00A8H.1       PUBLIC        ET0
  X:050CH         PUBLIC        SPI_NOR_INTERNAL_FLASH_ADDR
  D:008CH         PUBLIC        TH0
  X:0510H         PUBLIC        hour_count
  D:008AH         PUBLIC        TL0
  X:0511H         PUBLIC        min_count
  B:0088H.4       PUBLIC        TR0
  X:0512H         SYMBOL        KeyNum
  X:0513H         SYMBOL        KeyNum_Old
  X:0514H         PUBLIC        current_position
  X:0518H         PUBLIC        hours1
  X:0519H         PUBLIC        hours2
  X:051AH         PUBLIC        mins1
BL51 BANKED LINKER/LOCATER V6.22                                                      03/20/2019  11:52:32  PAGE 9


  X:051BH         PUBLIC        mins2
  X:051CH         PUBLIC        seconds
  X:051DH         PUBLIC        st_time
  D:00D0H         PUBLIC        PSW
  -------         PROC          TM0_ISR
  C:0009H         LINE#         76
  C:0009H         LINE#         78
  -------         ENDPROC       TM0_ISR
  -------         PROC          MAIN
  -------         DO            
  X:02EFH         SYMBOL        sunlight_ADC
  X:0447H         SYMBOL        KeyCount
  X:0449H         SYMBOL        KeyNum_Old
  X:044AH         SYMBOL        KeyNum
  X:044BH         SYMBOL        PressedKey
  X:02F1H         SYMBOL        prox_flag
  X:02F2H         SYMBOL        iUse_prevday_calib_value
  X:02F4H         SYMBOL        max_ADC_Val_JP
  X:02F6H         SYMBOL        max_ADC_Val
  X:02F8H         SYMBOL        calib_point1
  X:0300H         SYMBOL        calib_point2
  X:0308H         SYMBOL        dat_to_store
  X:0313H         SYMBOL        calib_day
  X:0315H         SYMBOL        calib_count
  X:0317H         SYMBOL        theorical_JP_max_pos
  -------         ENDDO         
  C:000EH         LINE#         80
  C:000EH         LINE#         81
  C:000EH         LINE#         86
  C:0014H         LINE#         87
  C:0019H         LINE#         89
  C:0021H         LINE#         93
  C:0027H         LINE#         94
  C:0031H         LINE#         98
  C:0033H         LINE#         99
  C:0035H         LINE#         100
  C:0037H         LINE#         101
  C:0039H         LINE#         103
  C:0040H         LINE#         104
  C:0044H         LINE#         113
  C:0046H         LINE#         114
  C:0049H         LINE#         115
  C:004CH         LINE#         116
  C:004FH         LINE#         117
  C:0052H         LINE#         118
  C:0055H         LINE#         121
  C:0058H         LINE#         123
  C:005BH         LINE#         124
  C:005EH         LINE#         125
  C:0061H         LINE#         126
  C:0063H         LINE#         127
  C:0065H         LINE#         128
  C:0067H         LINE#         130
  C:0069H         LINE#         131
  C:0070H         LINE#         132
  C:0077H         LINE#         133
  C:007EH         LINE#         134
BL51 BANKED LINKER/LOCATER V6.22                                                      03/20/2019  11:52:32  PAGE 10


  C:0085H         LINE#         138
  C:008CH         LINE#         139
  C:0091H         LINE#         140
  C:0096H         LINE#         141
  C:009BH         LINE#         142
  C:00A0H         LINE#         143
  C:00A5H         LINE#         146
  C:00BEH         LINE#         147
  C:00BEH         LINE#         148
  C:00DAH         LINE#         149
  C:0121H         LINE#         150
  C:0132H         LINE#         153
  C:0132H         LINE#         154
  C:0132H         LINE#         155
  C:0135H         LINE#         158
  C:0135H         LINE#         161
  C:013AH         LINE#         162
  C:013FH         LINE#         164
  C:0144H         LINE#         165
  C:0149H         LINE#         166
  C:014EH         LINE#         167
  C:0153H         LINE#         169
  C:0164H         LINE#         170
  C:0169H         LINE#         171
  C:016EH         LINE#         173
  C:0175H         LINE#         174
  C:017DH         LINE#         175
  C:0182H         LINE#         176
  C:018AH         LINE#         177
  C:018FH         LINE#         178
  C:0199H         LINE#         179
  C:019EH         LINE#         180
  C:01A6H         LINE#         182
  C:01AEH         LINE#         183
  C:01B3H         LINE#         184
  C:01BDH         LINE#         185
  C:01BDH         LINE#         186
  C:01BFH         LINE#         187
  C:01C1H         LINE#         188
  C:01CBH         LINE#         189
  C:01CBH         LINE#         190
  C:01D0H         LINE#         191
  C:01D0H         LINE#         203
  C:01DDH         LINE#         204
  C:01DDH         LINE#         205
  C:01E7H         LINE#         206
  C:01FEH         LINE#         207
  C:01FEH         LINE#         208
  C:0200H         LINE#         209
  C:0202H         LINE#         211
  C:0202H         LINE#         212
  C:020DH         LINE#         213
  C:020DH         LINE#         214
  C:0212H         LINE#         215
  C:0212H         LINE#         216
  C:021FH         LINE#         217
  C:021FH         LINE#         220
BL51 BANKED LINKER/LOCATER V6.22                                                      03/20/2019  11:52:32  PAGE 11


  C:0229H         LINE#         221
  C:0240H         LINE#         222
  C:0240H         LINE#         223
  C:0242H         LINE#         224
  C:0244H         LINE#         226
  C:0244H         LINE#         227
  C:024FH         LINE#         228
  C:024FH         LINE#         229
  C:0254H         LINE#         230
  C:0256H         LINE#         231
  C:0256H         LINE#         233
  C:0278H         LINE#         234
  C:0278H         LINE#         235
  C:0282H         LINE#         236
  C:0288H         LINE#         237
  C:028AH         LINE#         238
  C:028CH         LINE#         239
  C:028EH         LINE#         240
  C:028EH         LINE#         241
  C:0291H         LINE#         243
  C:0291H         LINE#         244
  C:0297H         LINE#         245
  C:029FH         LINE#         246
  C:02A5H         LINE#         247
  C:02ADH         LINE#         248
  C:02E8H         LINE#         252
  C:02F5H         LINE#         253
  C:02F5H         LINE#         255
  C:0302H         LINE#         256
  C:0335H         LINE#         257
  C:0342H         LINE#         258
  C:0342H         LINE#         260
  C:0365H         LINE#         261
  C:0365H         LINE#         262
  C:0392H         LINE#         263
  C:0392H         LINE#         264
  C:040EH         LINE#         265
  C:0498H         LINE#         268
  C:04A0H         LINE#         269
  C:04A8H         LINE#         270
  C:04B0H         LINE#         271
  C:04B8H         LINE#         273
  C:04CCH         LINE#         274
  C:04E2H         LINE#         275
  C:0512H         LINE#         276
  C:0526H         LINE#         278
  C:0536H         LINE#         279
  C:0536H         LINE#         280
  C:0536H         LINE#         281
  C:0536H         LINE#         283
  C:0536H         LINE#         286
  C:0539H         LINE#         288
  C:056DH         LINE#         289
  C:056DH         LINE#         291
  C:0574H         LINE#         292
  C:0574H         LINE#         293
  C:0577H         LINE#         294
BL51 BANKED LINKER/LOCATER V6.22                                                      03/20/2019  11:52:32  PAGE 12


  C:0595H         LINE#         295
  C:059CH         LINE#         296
  C:05BBH         LINE#         297
  C:05DAH         LINE#         299
  C:0656H         LINE#         300
  C:0691H         LINE#         301
  C:069EH         LINE#         302
  C:06AEH         LINE#         305
  C:06B6H         LINE#         306
  C:06BEH         LINE#         307
  C:06C6H         LINE#         308
  C:06CEH         LINE#         310
  C:06DCH         LINE#         311
  C:06F2H         LINE#         312
  C:0722H         LINE#         313
  C:0736H         LINE#         315
  C:0746H         LINE#         316
  C:0746H         LINE#         317
  C:0746H         LINE#         319
  C:0746H         LINE#         320
  C:0749H         LINE#         321
  C:075AH         LINE#         322
  C:075AH         LINE#         323
  C:075AH         LINE#         325
  C:075AH         LINE#         328
  C:075DH         LINE#         330
  C:075DH         LINE#         331
  C:077FH         LINE#         332
  C:077FH         LINE#         333
  C:07FBH         LINE#         334
  C:0850H         LINE#         335
  C:0850H         LINE#         336
  C:0850H         LINE#         337
  C:0853H         LINE#         341
  C:0853H         LINE#         344
  C:087BH         LINE#         345
  C:087BH         LINE#         346
  C:08A8H         LINE#         347
  C:08A8H         LINE#         348
  C:0924H         LINE#         349
  C:09AEH         LINE#         351
  C:09B6H         LINE#         352
  C:09BEH         LINE#         353
  C:09C6H         LINE#         354
  C:09CEH         LINE#         356
  C:09E2H         LINE#         357
  C:09F8H         LINE#         358
  C:0A28H         LINE#         359
  C:0A3CH         LINE#         361
  C:0A50H         LINE#         362
  C:0A66H         LINE#         363
  C:0A96H         LINE#         364
  C:0A9DH         LINE#         366
  C:0A9DH         LINE#         368
  C:0AA0H         LINE#         370
  C:0AD4H         LINE#         371
  C:0AD4H         LINE#         373
BL51 BANKED LINKER/LOCATER V6.22                                                      03/20/2019  11:52:32  PAGE 13


  C:0ADBH         LINE#         374
  C:0ADBH         LINE#         375
  C:0ADEH         LINE#         376
  C:0AFCH         LINE#         377
  C:0B03H         LINE#         378
  C:0B22H         LINE#         379
  C:0B41H         LINE#         381
  C:0BBDH         LINE#         382
  C:0BF8H         LINE#         385
  C:0C05H         LINE#         386
  C:0C15H         LINE#         389
  C:0C1DH         LINE#         390
  C:0C25H         LINE#         391
  C:0C2DH         LINE#         392
  C:0C35H         LINE#         394
  C:0C43H         LINE#         395
  C:0C59H         LINE#         396
  C:0C89H         LINE#         397
  C:0C9DH         LINE#         399
  C:0CB1H         LINE#         400
  C:0CC7H         LINE#         401
  C:0CF7H         LINE#         403
  C:0D1BH         LINE#         404
  C:0D1EH         LINE#         405
  C:0D2FH         LINE#         406
  C:0D2FH         LINE#         407
  C:0D37H         LINE#         409
  C:0D37H         LINE#         412
  C:0D3AH         LINE#         414
  C:0D3AH         LINE#         416
  C:0D5CH         LINE#         417
  C:0D5CH         LINE#         418
  C:0DD8H         LINE#         420
  C:0E05H         LINE#         421
  C:0E20H         LINE#         422
  C:0E4DH         LINE#         423
  C:0E68H         LINE#         425
  C:0F04H         LINE#         428
  C:0F04H         LINE#         429
  C:0F04H         LINE#         430
  C:0F04H         LINE#         432
  C:0F04H         LINE#         435
  C:0F20H         LINE#         436
  C:0F24H         LINE#         438
  C:0F26H         LINE#         441
  C:0F31H         LINE#         442
  C:0F31H         LINE#         443
  C:0F34H         LINE#         444
  C:0F3BH         LINE#         445
  C:0F40H         LINE#         446
  C:0F45H         LINE#         447
  C:0F4AH         LINE#         448
  C:0F4FH         LINE#         449
  C:0F54H         LINE#         450
  C:0F59H         LINE#         451
  C:0F5EH         LINE#         452
  C:0F63H         LINE#         453
BL51 BANKED LINKER/LOCATER V6.22                                                      03/20/2019  11:52:32  PAGE 14


  C:0F68H         LINE#         454
  C:0F6DH         LINE#         455
  C:0F72H         LINE#         456
  C:0F77H         LINE#         459
  C:0F7AH         LINE#         461
  C:0F7DH         LINE#         462
  C:0F84H         LINE#         463
  C:0F8EH         LINE#         464
  C:0F93H         LINE#         466
  C:0F96H         LINE#         467
  C:0F9BH         LINE#         468
  C:0FA0H         LINE#         469
  C:0FA5H         LINE#         470
  C:0FAAH         LINE#         471
  C:0FAFH         LINE#         472
  C:0FB4H         LINE#         473
  C:0FB9H         LINE#         475
  C:0FB9H         LINE#         476
  -------         ENDPROC       MAIN
  -------         ENDMOD        MAIN

  -------         MODULE        PCF85063BTL
  C:0000H         SYMBOL        _ICE_DUMMY_
  D:0096H         PUBLIC        P2M0
  D:0080H         PUBLIC        P0
  D:0095H         PUBLIC        P2M1
  D:0090H         PUBLIC        P1
  D:00A0H         PUBLIC        P2
  D:00B0H         PUBLIC        P3
  D:00C0H         PUBLIC        P4
  D:00C8H         PUBLIC        P5
  D:00E8H         PUBLIC        P6
  B:00A0H.1       PUBLIC        PCF85063BTL_SDI
  D:00F8H         PUBLIC        P7
  B:00A0H.2       PUBLIC        PCF85063BTL_SCK
  B:00A0H.1       PUBLIC        PCF85063BTL_SDO
  D:00A8H         PUBLIC        IE
  C:4D15H         PUBLIC        _Read_time
  C:521CH         PUBLIC        _PCF85063BTL_Delay
  D:00B8H         PUBLIC        IP
  D:00D8H         PUBLIC        CCON
  C:4BA6H         PUBLIC        _Day_Of_Year
  C:5112H         PUBLIC        SPI_ReceiveByte
  D:0098H         PUBLIC        SCON
  D:0088H         PUBLIC        TCON
  C:5263H         PUBLIC        _BCDtoDec
  B:00A0H.0       PUBLIC        PCF85063BTL_CS
  C:5252H         PUBLIC        _SPI_ReadTime
  C:52B2H         PUBLIC        SPI_Init
  C:51A7H         PUBLIC        _SPI_WriteTime
  C:50F2H         PUBLIC        _SPI_SendByte
  D:00D0H         PUBLIC        PSW
  C:5218H         SYMBOL        L?0047
  -------         PROC          L?0046
  -------         ENDPROC       L?0046
  C:5218H         SYMBOL        L?0047
  -------         PROC          _PCF85063BTL_DELAY
BL51 BANKED LINKER/LOCATER V6.22                                                      03/20/2019  11:52:32  PAGE 15


  D:0006H         SYMBOL        us
  C:521CH         LINE#         8
  C:521CH         LINE#         9
  C:521CH         LINE#         10
  C:5226H         LINE#         11
  C:5226H         LINE#         12
  C:5227H         LINE#         13
  C:5229H         LINE#         14
  -------         ENDPROC       _PCF85063BTL_DELAY
  -------         PROC          _SPI_SENDBYTE
  D:0005H         SYMBOL        dat
  -------         DO            
  D:0003H         SYMBOL        i
  -------         ENDDO         
  C:50F2H         LINE#         17
  C:50F4H         LINE#         18
  C:50F4H         LINE#         20
  C:50F6H         LINE#         21
  C:50F6H         LINE#         22
  C:50F8H         LINE#         23
  C:50FCH         LINE#         24
  C:50FCH         LINE#         25
  C:50FEH         LINE#         26
  C:5100H         LINE#         28
  C:5100H         LINE#         29
  C:5102H         LINE#         30
  C:5102H         LINE#         31
  C:5105H         LINE#         32
  C:5105H         LINE#         33
  C:5108H         LINE#         34
  C:510CH         LINE#         35
  C:5111H         LINE#         36
  -------         ENDPROC       _SPI_SENDBYTE
  -------         PROC          SPI_RECEIVEBYTE
  -------         DO            
  D:0003H         SYMBOL        i
  D:0005H         SYMBOL        dat
  -------         ENDDO         
  C:5112H         LINE#         39
  C:5112H         LINE#         40
  C:5112H         LINE#         42
  C:5114H         LINE#         44
  C:5116H         LINE#         45
  C:5117H         LINE#         46
  C:5117H         LINE#         47
  C:511BH         LINE#         48
  C:511DH         LINE#         49
  C:5120H         LINE#         51
  C:5123H         LINE#         52
  C:5123H         LINE#         53
  C:5127H         LINE#         54
  C:5127H         LINE#         55
  C:5127H         LINE#         56
  C:512AH         LINE#         57
  C:512FH         LINE#         58
  C:5131H         LINE#         59
  -------         ENDPROC       SPI_RECEIVEBYTE
BL51 BANKED LINKER/LOCATER V6.22                                                      03/20/2019  11:52:32  PAGE 16


  -------         PROC          _SPI_READTIME
  D:0007H         SYMBOL        addr
  -------         DO            
  D:0006H         SYMBOL        dat
  -------         ENDDO         
  C:5252H         LINE#         61
  C:5252H         LINE#         62
  C:5252H         LINE#         64
  C:5254H         LINE#         65
  C:5256H         LINE#         66
  C:525DH         LINE#         67
  C:5260H         LINE#         68
  C:5262H         LINE#         69
  C:5262H         LINE#         70
  -------         ENDPROC       _SPI_READTIME
  -------         PROC          _SPI_WRITETIME
  D:0002H         SYMBOL        val
  D:0005H         SYMBOL        addr
  C:51A7H         LINE#         71
  C:51A9H         LINE#         72
  C:51A9H         LINE#         74
  C:51ABH         LINE#         75
  C:51B2H         LINE#         76
  C:51B7H         LINE#         77
  C:51BCH         LINE#         78
  C:51BEH         LINE#         79
  -------         ENDPROC       _SPI_WRITETIME
  -------         PROC          SPI_INIT
  C:52B2H         LINE#         83
  C:52B2H         LINE#         84
  C:52B2H         LINE#         89
  C:52B5H         LINE#         90
  C:52B8H         LINE#         91
  C:52BAH         LINE#         92
  C:52BCH         LINE#         93
  C:52BEH         LINE#         94
  -------         ENDPROC       SPI_INIT
  -------         PROC          _READ_TIME
  X:031BH         SYMBOL        months
  X:031EH         SYMBOL        days
  X:0321H         SYMBOL        hours
  X:0324H         SYMBOL        mins
  X:0327H         SYMBOL        seconds
  C:4D15H         LINE#         96
  C:4D20H         LINE#         97
  C:4D20H         LINE#         99
  C:4D34H         LINE#         101
  C:4D48H         LINE#         103
  C:4D5CH         LINE#         108
  C:4D70H         LINE#         113
  -------         ENDPROC       _READ_TIME
  -------         PROC          _BCDTODEC
  D:0007H         SYMBOL        bcd
  -------         DO            
  D:0006H         SYMBOL        hi
  D:0007H         SYMBOL        lo
  -------         ENDDO         
BL51 BANKED LINKER/LOCATER V6.22                                                      03/20/2019  11:52:32  PAGE 17


  C:5263H         LINE#         119
  C:5263H         LINE#         120
  C:5263H         LINE#         122
  C:5268H         LINE#         123
  C:526CH         LINE#         124
  C:5273H         LINE#         125
  -------         ENDPROC       _BCDTODEC
  -------         PROC          _DAY_OF_YEAR
  D:0007H         SYMBOL        months_bcd
  D:0005H         SYMBOL        days_bcd
  -------         DO            
  D:0004H         SYMBOL        months
  D:0007H         SYMBOL        days
  -------         ENDDO         
  C:4BA6H         LINE#         126
  C:4BA6H         LINE#         127
  C:4BA6H         LINE#         130
  C:4BABH         LINE#         132
  C:4BB0H         LINE#         134
  C:4BE9H         LINE#         135
  C:4BE9H         LINE#         136
  C:4BE9H         LINE#         137
  C:4BECH         LINE#         138
  C:4BECH         LINE#         139
  C:4BECH         LINE#         140
  C:4BF1H         LINE#         141
  C:4BF1H         LINE#         142
  C:4BF1H         LINE#         143
  C:4BF6H         LINE#         144
  C:4BF6H         LINE#         145
  C:4BF6H         LINE#         146
  C:4BFBH         LINE#         147
  C:4BFBH         LINE#         148
  C:4BFBH         LINE#         149
  C:4C00H         LINE#         150
  C:4C00H         LINE#         151
  C:4C00H         LINE#         152
  C:4C05H         LINE#         153
  C:4C05H         LINE#         154
  C:4C05H         LINE#         155
  C:4C0AH         LINE#         156
  C:4C0AH         LINE#         157
  C:4C0AH         LINE#         158
  C:4C0FH         LINE#         159
  C:4C0FH         LINE#         160
  C:4C0FH         LINE#         161
  C:4C17H         LINE#         162
  C:4C17H         LINE#         163
  C:4C17H         LINE#         164
  C:4C1CH         LINE#         165
  C:4C1CH         LINE#         166
  C:4C1CH         LINE#         167
  C:4C21H         LINE#         168
  C:4C21H         LINE#         169
  C:4C21H         LINE#         170
  C:4C29H         LINE#         171
  C:4C29H         LINE#         172
BL51 BANKED LINKER/LOCATER V6.22                                                      03/20/2019  11:52:32  PAGE 18


  C:4C29H         LINE#         173
  -------         ENDPROC       _DAY_OF_YEAR
  -------         ENDMOD        PCF85063BTL

  -------         MODULE        UART1
  C:0000H         SYMBOL        _ICE_DUMMY_
  D:0080H         PUBLIC        P0
  D:0090H         PUBLIC        P1
  D:00A0H         PUBLIC        P2
  D:00B0H         PUBLIC        P3
  D:00C0H         PUBLIC        P4
  D:00C8H         PUBLIC        P5
  B:00A8H.7       PUBLIC        EA
  D:00E8H         PUBLIC        P6
  D:00F8H         PUBLIC        P7
  C:4FCAH         PUBLIC        _SendString
  D:00A8H         PUBLIC        IE
  B:00A8H.4       PUBLIC        ES
  D:00B8H         PUBLIC        IP
  C:51BFH         PUBLIC        _ASCIItoBCD
  D:00D8H         PUBLIC        CCON
  C:5274H         PUBLIC        initUART1
  D:0098H         PUBLIC        SCON
  D:0088H         PUBLIC        TCON
  C:000AH         PUBLIC        _DectoBCD
  C:52EAH         PUBLIC        _ASCII_Letter
  D:008EH         PUBLIC        AUXR
  C:52E5H         PUBLIC        _unit
  C:0003H         PUBLIC        _ten
  D:00D6H         PUBLIC        T2H
  D:00D7H         PUBLIC        T2L
  D:00D0H         PUBLIC        PSW
  -------         PROC          INITUART1
  C:5274H         LINE#         21
  C:5274H         LINE#         22
  C:5274H         LINE#         23
  C:5277H         LINE#         24
  C:527AH         LINE#         25
  C:527DH         LINE#         26
  C:5280H         LINE#         27
  C:5282H         LINE#         28
  C:5284H         LINE#         30
  -------         ENDPROC       INITUART1
  -------         PROC          _SENDSTRING
  X:0599H         SYMBOL        s
  C:4FCAH         LINE#         35
  C:4FD5H         LINE#         36
  C:4FD5H         LINE#         37
  C:4FE5H         LINE#         38
  C:4FE5H         LINE#         39
  C:4FFAH         LINE#         40
  C:4FFCH         LINE#         41
  -------         ENDPROC       _SENDSTRING
  -------         PROC          _TEN
  D:0007H         SYMBOL        BCD
  C:0003H         LINE#         43
  C:0003H         LINE#         44
BL51 BANKED LINKER/LOCATER V6.22                                                      03/20/2019  11:52:32  PAGE 19


  C:0003H         LINE#         45
  C:0008H         LINE#         46
  -------         ENDPROC       _TEN
  -------         PROC          _UNIT
  D:0007H         SYMBOL        BCD
  C:52E5H         LINE#         47
  C:52E5H         LINE#         48
  C:52E5H         LINE#         52
  C:52E9H         LINE#         53
  -------         ENDPROC       _UNIT
  -------         PROC          _DECTOBCD
  D:0007H         SYMBOL        dec
  C:000AH         LINE#         54
  C:000AH         LINE#         55
  C:000AH         LINE#         57
  C:000AH         LINE#         58
  -------         ENDPROC       _DECTOBCD
  -------         PROC          _ASCII_LETTER
  D:0007H         SYMBOL        dat
  C:52EAH         LINE#         60
  C:52EAH         LINE#         61
  C:52EAH         LINE#         63
  C:52EEH         LINE#         64
  -------         ENDPROC       _ASCII_LETTER
  -------         PROC          _ASCIITOBCD
  D:0001H         SYMBOL        ascii
  -------         DO            
  D:0007H         SYMBOL        dec_val
  D:0006H         SYMBOL        ten
  D:0007H         SYMBOL        unit
  -------         ENDDO         
  C:51BFH         LINE#         66
  C:51BFH         LINE#         67
  C:51BFH         LINE#         69
  C:51C2H         LINE#         70
  C:51C8H         LINE#         71
  C:51CFH         LINE#         72
  C:51D5H         LINE#         74
  -------         ENDPROC       _ASCIITOBCD
  -------         ENDMOD        UART1

  -------         MODULE        LCD_DRIVER_SPLC780D
  C:0000H         SYMBOL        _ICE_DUMMY_
  D:0092H         PUBLIC        P1M0
  D:0091H         PUBLIC        P1M1
  D:0080H         PUBLIC        P0
  D:0090H         PUBLIC        P1
  D:00A0H         PUBLIC        P2
  D:00B0H         PUBLIC        P3
  D:00C0H         PUBLIC        P4
  D:00C8H         PUBLIC        P5
  D:00E8H         PUBLIC        P6
  D:00F8H         PUBLIC        P7
  C:4C2EH         PUBLIC        _WriteData
  D:00A8H         PUBLIC        IE
  D:00B8H         PUBLIC        IP
  D:00D8H         PUBLIC        CCON
BL51 BANKED LINKER/LOCATER V6.22                                                      03/20/2019  11:52:32  PAGE 20


  B:00B0H.4       PUBLIC        LCD_D4
  B:00B0H.5       PUBLIC        LCD_D5
  B:00B0H.6       PUBLIC        LCD_D6
  C:516FH         PUBLIC        _DisplayLCD
  B:00B0H.7       PUBLIC        LCD_D7
  D:0098H         PUBLIC        SCON
  D:0088H         PUBLIC        TCON
  C:522AH         PUBLIC        _abs
  C:52D5H         PUBLIC        LCD_clear
  C:4F0FH         PUBLIC        _Command
  C:51ECH         PUBLIC        _Display_Line
  C:4DDEH         PUBLIC        LCD_Init
  C:50D4H         PUBLIC        _Wait_ms
  B:00C0H.0       PUBLIC        LCD_RS
  B:00B0H.2       PUBLIC        LCD_RW
  C:52CBH         PUBLIC        LCD_return_home
  C:40F8H         PUBLIC        _Display_Pos
  B:00B0H.3       PUBLIC        LCD_E
  D:00D0H         PUBLIC        PSW
  -------         PROC          LCD_INIT
  C:4DDEH         LINE#         9
  C:4DDEH         LINE#         10
  C:4DDEH         LINE#         11
  C:4DE1H         LINE#         12
  C:4DE4H         LINE#         14
  C:4DEAH         LINE#         15
  C:4DEFH         LINE#         17
  C:4DF6H         LINE#         18
  C:4DFBH         LINE#         20
  C:4DFEH         LINE#         21
  C:4E03H         LINE#         23
  C:4E06H         LINE#         24
  C:4E0BH         LINE#         26
  C:4E12H         LINE#         29
  C:4E17H         LINE#         30
  C:4E1CH         LINE#         32
  C:4E21H         LINE#         33
  C:4E26H         LINE#         35
  C:4E2BH         LINE#         36
  C:4E30H         LINE#         37
  -------         ENDPROC       LCD_INIT
  C:4C2AH         SYMBOL        L?0040
  -------         PROC          L?0039
  -------         ENDPROC       L?0039
  C:4C2AH         SYMBOL        L?0040
  -------         PROC          _WRITEDATA
  X:03D6H         SYMBOL        dat
  C:4C2EH         LINE#         40
  C:4C33H         LINE#         41
  C:4C33H         LINE#         46
  C:4C35H         LINE#         47
  C:4C37H         LINE#         49
  C:4C45H         LINE#         50
  C:4C51H         LINE#         51
  C:4C5DH         LINE#         52
  C:4C67H         LINE#         53
  C:4C69H         LINE#         54
BL51 BANKED LINKER/LOCATER V6.22                                                      03/20/2019  11:52:32  PAGE 21


  C:4C70H         LINE#         55
  C:4C72H         LINE#         57
  C:4C82H         LINE#         58
  C:4C8DH         LINE#         59
  C:4C97H         LINE#         60
  C:4C9BH         LINE#         62
  C:4C9BH         LINE#         63
  C:4C9EH         LINE#         64
  C:4CA0H         LINE#         65
  C:4CA2H         LINE#         67
  -------         ENDPROC       _WRITEDATA
  -------         PROC          _COMMAND
  D:0007H         SYMBOL        dat
  C:4F0FH         LINE#         69
  C:4F0FH         LINE#         70
  C:4F0FH         LINE#         71
  C:4F11H         LINE#         72
  C:4F13H         LINE#         74
  C:4F1DH         LINE#         75
  C:4F21H         LINE#         77
  C:4F23H         LINE#         78
  C:4F2CH         LINE#         79
  C:4F30H         LINE#         81
  C:4F32H         LINE#         82
  C:4F39H         LINE#         83
  C:4F3DH         LINE#         85
  C:4F3FH         LINE#         86
  C:4F43H         LINE#         87
  C:4F47H         LINE#         89
  C:4F49H         LINE#         90
  C:4F49H         LINE#         91
  C:4F4CH         LINE#         92
  C:4F4EH         LINE#         93
  -------         ENDPROC       _COMMAND
  C:50D0H         SYMBOL        L?0038
  -------         PROC          L?0037
  -------         ENDPROC       L?0037
  C:50D0H         SYMBOL        L?0038
  -------         PROC          _WAIT_MS
  D:0006H         SYMBOL        ms
  -------         DO            
  D:0004H         SYMBOL        De_Cnt
  -------         ENDDO         
  C:50D4H         LINE#         95
  C:50D4H         LINE#         96
  C:50D4H         LINE#         98
  C:50DEH         LINE#         99
  C:50DEH         LINE#         100
  C:50F1H         LINE#         101
  C:50F1H         LINE#         102
  -------         ENDPROC       _WAIT_MS
  -------         PROC          _DISPLAYLCD
  D:0007H         SYMBOL        BCD
  -------         DO            
  D:0006H         SYMBOL        first_digit
  X:031BH         SYMBOL        second_digit
  -------         ENDDO         
BL51 BANKED LINKER/LOCATER V6.22                                                      03/20/2019  11:52:32  PAGE 22


  C:516FH         LINE#         103
  C:516FH         LINE#         104
  C:516FH         LINE#         106
  C:5176H         LINE#         107
  C:517FH         LINE#         109
  C:5184H         LINE#         111
  -------         ENDPROC       _DISPLAYLCD
  -------         PROC          LCD_RETURN_HOME
  C:52CBH         LINE#         115
  C:52CBH         LINE#         116
  C:52CBH         LINE#         117
  C:52D0H         LINE#         118
  -------         ENDPROC       LCD_RETURN_HOME
  -------         PROC          LCD_CLEAR
  C:52D5H         LINE#         121
  C:52D5H         LINE#         122
  C:52D5H         LINE#         123
  C:52DAH         LINE#         124
  -------         ENDPROC       LCD_CLEAR
  -------         PROC          _DISPLAY_LINE
  D:0006H         SYMBOL        line
  C:51ECH         LINE#         128
  C:51ECH         LINE#         129
  C:51ECH         LINE#         130
  C:51F2H         LINE#         131
  C:51F2H         LINE#         132
  C:51F4H         LINE#         133
  C:51F4H         LINE#         134
  C:51F6H         LINE#         136
  C:51F6H         LINE#         137
  C:51FBH         LINE#         138
  C:5200H         LINE#         139
  C:5200H         LINE#         140
  -------         ENDPROC       _DISPLAY_LINE
  -------         PROC          _DISPLAY_POS
  X:03CCH         SYMBOL        sign_dat
  -------         DO            
  X:03D0H         SYMBOL        unit
  X:03D1H         SYMBOL        ten
  X:03D2H         SYMBOL        hundred
  D:0003H         SYMBOL        thousand
  X:03D3H         SYMBOL        after_dot
  X:03D4H         SYMBOL        dat
  -------         ENDDO         
  C:40F8H         LINE#         142
  C:40FEH         LINE#         143
  C:40FEH         LINE#         147
  C:411AH         LINE#         148
  C:4134H         LINE#         149
  C:4158H         LINE#         151
  C:41A2H         LINE#         153
  C:41B9H         LINE#         154
  C:41C6H         LINE#         155
  C:41E8H         LINE#         156
  C:421DH         LINE#         157
  C:4235H         LINE#         158
  C:4235H         LINE#         160
BL51 BANKED LINKER/LOCATER V6.22                                                      03/20/2019  11:52:32  PAGE 23


  C:4235H         LINE#         161
  C:4235H         LINE#         162
  C:4235H         LINE#         163
  C:4235H         LINE#         164
  C:4235H         LINE#         168
  C:4237H         LINE#         170
  C:4237H         LINE#         172
  C:423CH         LINE#         173
  C:4242H         LINE#         174
  C:4248H         LINE#         175
  C:424EH         LINE#         176
  C:4253H         LINE#         177
  C:4259H         LINE#         181
  C:4259H         LINE#         183
  -------         ENDPROC       _DISPLAY_POS
  -------         PROC          _ABS
  D:0006H         SYMBOL        dat
  C:522AH         LINE#         185
  C:522AH         LINE#         186
  C:522AH         LINE#         187
  C:5235H         LINE#         188
  C:5236H         LINE#         190
  C:523DH         LINE#         191
  -------         ENDPROC       _ABS
  -------         ENDMOD        LCD_DRIVER_SPLC780D

  -------         MODULE        KEYPAD
  C:0000H         SYMBOL        _ICE_DUMMY_
  D:0093H         PUBLIC        P0M1
  D:0080H         PUBLIC        P0
  D:0090H         PUBLIC        P1
  D:00A0H         PUBLIC        P2
  D:00B0H         PUBLIC        P3
  D:00C0H         PUBLIC        P4
  D:00C8H         PUBLIC        P5
  B:0020H.0       PUBLIC        calib_mode
  D:00E8H         PUBLIC        P6
  D:00F8H         PUBLIC        P7
  D:00A8H         PUBLIC        IE
  C:3C5AH         PUBLIC        Key_Scan
  D:00B8H         PUBLIC        IP
  D:00D8H         PUBLIC        CCON
  C:52BFH         PUBLIC        KeyPad_IO_Init
  C:5151H         PUBLIC        _Delay_ms
  D:0098H         PUBLIC        SCON
  D:0088H         PUBLIC        TCON
  B:0020H.1       PUBLIC        small_move
  B:0020H.2       PUBLIC        move
  B:0020H.3       PUBLIC        direction
  B:0020H.4       PUBLIC        auto_move
  C:3351H         PUBLIC        Key_Process
  D:00D0H         PUBLIC        PSW
  D:0094H         PUBLIC        P0M0
  -------         PROC          _DELAY_MS
  D:0006H         SYMBOL        ms
  -------         DO            
  D:0004H         SYMBOL        De_Cnt
BL51 BANKED LINKER/LOCATER V6.22                                                      03/20/2019  11:52:32  PAGE 24


  -------         ENDDO         
  C:5151H         LINE#         19
  C:5151H         LINE#         20
  C:5151H         LINE#         22
  C:515BH         LINE#         23
  C:515BH         LINE#         24
  C:516EH         LINE#         25
  C:516EH         LINE#         26
  -------         ENDPROC       _DELAY_MS
  -------         PROC          KEY_SCAN
  -------         DO            
  X:0321H         SYMBOL        KeyTemp1
  X:0322H         SYMBOL        KeyTemp2
  X:0323H         SYMBOL        KeyValue
  -------         ENDDO         
  C:3C5AH         LINE#         27
  C:3C5AH         LINE#         28
  C:3C5AH         LINE#         33
  C:3C5DH         LINE#         36
  C:3C60H         LINE#         38
  C:3C68H         LINE#         39
  C:3C6FH         LINE#         40
  C:3C6FH         LINE#         42
  C:3C74H         LINE#         43
  C:3C7BH         LINE#         44
  C:3C7BH         LINE#         47
  C:3C7EH         LINE#         48
  C:3C81H         LINE#         49
  C:3C86H         LINE#         50
  C:3C8AH         LINE#         51
  C:3C8AH         LINE#         52
  C:3C92H         LINE#         53
  C:3C92H         LINE#         54
  C:3C95H         LINE#         55
  C:3C9DH         LINE#         56
  C:3C9FH         LINE#         58
  C:3CB3H         LINE#         59
  C:3CB3H         LINE#         60
  C:3CB3H         LINE#         61
  C:3CB3H         LINE#         62
  C:3CB9H         LINE#         64
  C:3CBBH         LINE#         65
  C:3CBBH         LINE#         66
  C:3CBBH         LINE#         67
  C:3CC1H         LINE#         69
  C:3CC3H         LINE#         70
  C:3CC3H         LINE#         71
  C:3CC3H         LINE#         72
  C:3CC9H         LINE#         74
  C:3CCBH         LINE#         75
  C:3CCBH         LINE#         76
  C:3CCBH         LINE#         77
  C:3CD1H         LINE#         79
  C:3CD1H         LINE#         80
  C:3CD1H         LINE#         81
  C:3CD1H         LINE#         84
  C:3CD4H         LINE#         85
BL51 BANKED LINKER/LOCATER V6.22                                                      03/20/2019  11:52:32  PAGE 25


  C:3CD7H         LINE#         86
  C:3CDFH         LINE#         87
  C:3CE3H         LINE#         88
  C:3CE3H         LINE#         89
  C:3CEBH         LINE#         90
  C:3CEBH         LINE#         91
  C:3CEEH         LINE#         92
  C:3CF6H         LINE#         93
  C:3CF8H         LINE#         94
  C:3D0CH         LINE#         95
  C:3D0CH         LINE#         96
  C:3D0CH         LINE#         97
  C:3D0CH         LINE#         98
  C:3D12H         LINE#         100
  C:3D14H         LINE#         101
  C:3D14H         LINE#         102
  C:3D14H         LINE#         103
  C:3D1AH         LINE#         105
  C:3D1CH         LINE#         106
  C:3D1CH         LINE#         107
  C:3D1CH         LINE#         108
  C:3D22H         LINE#         110
  C:3D24H         LINE#         111
  C:3D24H         LINE#         112
  C:3D24H         LINE#         113
  C:3D29H         LINE#         115
  C:3D29H         LINE#         116
  C:3D29H         LINE#         117
  C:3D29H         LINE#         120
  C:3D2CH         LINE#         121
  C:3D2FH         LINE#         122
  C:3D37H         LINE#         123
  C:3D3BH         LINE#         124
  C:3D3BH         LINE#         125
  C:3D43H         LINE#         126
  C:3D43H         LINE#         127
  C:3D46H         LINE#         128
  C:3D4EH         LINE#         129
  C:3D50H         LINE#         130
  C:3D64H         LINE#         131
  C:3D64H         LINE#         132
  C:3D64H         LINE#         133
  C:3D64H         LINE#         134
  C:3D6AH         LINE#         136
  C:3D6CH         LINE#         137
  C:3D6CH         LINE#         138
  C:3D6CH         LINE#         139
  C:3D72H         LINE#         141
  C:3D74H         LINE#         142
  C:3D74H         LINE#         143
  C:3D74H         LINE#         144
  C:3D7AH         LINE#         146
  C:3D7CH         LINE#         147
  C:3D7CH         LINE#         148
  C:3D7CH         LINE#         149
  C:3D82H         LINE#         151
  C:3D82H         LINE#         152
BL51 BANKED LINKER/LOCATER V6.22                                                      03/20/2019  11:52:32  PAGE 26


  C:3D82H         LINE#         153
  C:3D82H         LINE#         157
  C:3D85H         LINE#         158
  C:3D88H         LINE#         159
  C:3D90H         LINE#         160
  C:3D94H         LINE#         161
  C:3D94H         LINE#         162
  C:3D9CH         LINE#         163
  C:3D9CH         LINE#         164
  C:3D9FH         LINE#         165
  C:3DA7H         LINE#         166
  C:3DA9H         LINE#         167
  C:3DBDH         LINE#         168
  C:3DBDH         LINE#         169
  C:3DBDH         LINE#         170
  C:3DBDH         LINE#         171
  C:3DC3H         LINE#         173
  C:3DC5H         LINE#         174
  C:3DC5H         LINE#         175
  C:3DC5H         LINE#         176
  C:3DCBH         LINE#         178
  C:3DCDH         LINE#         179
  C:3DCDH         LINE#         180
  C:3DCDH         LINE#         181
  C:3DD3H         LINE#         183
  C:3DD5H         LINE#         184
  C:3DD5H         LINE#         185
  C:3DD5H         LINE#         186
  C:3DDBH         LINE#         188
  C:3DDBH         LINE#         189
  C:3DDBH         LINE#         190
  C:3DDBH         LINE#         192
  C:3DE1H         LINE#         193
  C:3DE1H         LINE#         195
  C:3DE1H         LINE#         196
  C:3DE4H         LINE#         197
  C:3DE4H         LINE#         198
  C:3DE4H         LINE#         200
  C:3DE4H         LINE#         201
  C:3DE6H         LINE#         202
  C:3DE6H         LINE#         203
  -------         ENDPROC       KEY_SCAN
  -------         PROC          KEY_PROCESS
  -------         DO            
  X:0583H         SYMBOL        KeyCount
  X:0585H         SYMBOL        KeyNum_Old
  X:0586H         SYMBOL        KeyNum
  X:0587H         SYMBOL        PressedKey
  X:031BH         SYMBOL        d
  D:0004H         SYMBOL        hours
  D:0006H         SYMBOL        mins
  X:031DH         SYMBOL        months
  X:031FH         SYMBOL        days
  -------         ENDDO         
  C:3351H         LINE#         204
  C:3351H         LINE#         205
  C:3351H         LINE#         209
BL51 BANKED LINKER/LOCATER V6.22                                                      03/20/2019  11:52:32  PAGE 27


  C:3359H         LINE#         210
  C:3361H         LINE#         212
  C:3364H         LINE#         213
  C:3364H         LINE#         214
  C:3367H         LINE#         216
  C:3367H         LINE#         217
  C:3374H         LINE#         218
  C:3374H         LINE#         219
  C:3377H         LINE#         220
  C:337AH         LINE#         222
  C:337DH         LINE#         224
  C:337DH         LINE#         225
  C:3388H         LINE#         226
  C:3388H         LINE#         227
  C:338BH         LINE#         229
  C:338BH         LINE#         230
  C:3392H         LINE#         231
  C:3392H         LINE#         232
  C:3395H         LINE#         234
  C:3395H         LINE#         235
  C:339DH         LINE#         236
  C:339DH         LINE#         237
  C:33A7H         LINE#         238
  C:33AFH         LINE#         240
  C:33B8H         LINE#         242
  C:33B8H         LINE#         251
  C:33CDH         LINE#         252
  C:33CDH         LINE#         253
  C:33DFH         LINE#         254
  C:33EDH         LINE#         255
  C:33FCH         LINE#         256
  C:33FCH         LINE#         258
  C:3402H         LINE#         262
  C:3418H         LINE#         263
  C:3429H         LINE#         264
  C:3444H         LINE#         265
  C:3444H         LINE#         266
  C:3454H         LINE#         267
  C:3465H         LINE#         268
  C:3465H         LINE#         272
  C:347EH         LINE#         273
  C:3495H         LINE#         274
  C:34B5H         LINE#         275
  C:34B5H         LINE#         276
  C:34BFH         LINE#         277
  C:34BFH         LINE#         278
  C:34C8H         LINE#         279
  C:34C8H         LINE#         280
  C:34DCH         LINE#         281
  C:34DCH         LINE#         282
  C:34DCH         LINE#         283
  C:34DCH         LINE#         284
  C:34DCH         LINE#         285
  C:34DEH         LINE#         287
  C:34DEH         LINE#         288
  C:34EAH         LINE#         289
  C:34EAH         LINE#         290
BL51 BANKED LINKER/LOCATER V6.22                                                      03/20/2019  11:52:32  PAGE 28


  C:34FBH         LINE#         291
  C:34FBH         LINE#         292
  C:34FBH         LINE#         293
  C:34FBH         LINE#         294
  C:34FBH         LINE#         296
  C:34FDH         LINE#         298
  C:34FDH         LINE#         299
  C:350EH         LINE#         300
  C:350EH         LINE#         301
  C:350EH         LINE#         302
  C:350EH         LINE#         303
  C:350EH         LINE#         305
  C:350EH         LINE#         307
  C:350EH         LINE#         308
  C:3510H         LINE#         310
  C:3510H         LINE#         311
  C:3523H         LINE#         312
  C:3523H         LINE#         313
  C:3534H         LINE#         314
  C:3534H         LINE#         315
  C:3534H         LINE#         316
  C:3534H         LINE#         317
  C:3534H         LINE#         318
  C:3536H         LINE#         320
  C:3536H         LINE#         321
  C:3547H         LINE#         322
  C:3547H         LINE#         323
  C:3558H         LINE#         324
  C:3569H         LINE#         325
  C:3569H         LINE#         326
  C:3569H         LINE#         327
  C:3569H         LINE#         328
  C:3569H         LINE#         330
  C:3583H         LINE#         331
  C:3583H         LINE#         332
  C:3588H         LINE#         333
  C:3588H         LINE#         334
  C:358EH         LINE#         335
  C:358EH         LINE#         336
  C:3591H         LINE#         337
  C:3596H         LINE#         338
  C:359BH         LINE#         339
  C:35A0H         LINE#         340
  C:35A5H         LINE#         341
  C:35AAH         LINE#         342
  C:35AFH         LINE#         343
  C:35B4H         LINE#         344
  C:35B4H         LINE#         345
  C:35B4H         LINE#         347
  C:35D6H         LINE#         348
  C:35D6H         LINE#         349
  C:35E0H         LINE#         350
  C:35E0H         LINE#         351
  C:35E5H         LINE#         352
  C:35EEH         LINE#         353
  C:3605H         LINE#         354
  C:3605H         LINE#         355
BL51 BANKED LINKER/LOCATER V6.22                                                      03/20/2019  11:52:32  PAGE 29


  C:3615H         LINE#         357
  C:3615H         LINE#         361
  -------         ENDPROC       KEY_PROCESS
  -------         PROC          KEYPAD_IO_INIT
  C:52BFH         LINE#         364
  C:52BFH         LINE#         365
  C:52BFH         LINE#         366
  C:52C2H         LINE#         367
  C:52C5H         LINE#         368
  C:52C8H         LINE#         369
  C:52CAH         LINE#         370
  -------         ENDPROC       KEYPAD_IO_INIT
  -------         ENDMOD        KEYPAD

  -------         MODULE        BIPOLARMOTOR
  C:0000H         SYMBOL        _ICE_DUMMY_
  D:0080H         PUBLIC        P0
  D:0090H         PUBLIC        P1
  D:00A0H         PUBLIC        P2
  D:00B0H         PUBLIC        P3
  D:00C0H         PUBLIC        P4
  D:00C8H         PUBLIC        P5
  D:00E8H         PUBLIC        P6
  D:00F8H         PUBLIC        P7
  X:0000H         PUBLIC        low_date_azimuth_mapping
  D:00A8H         PUBLIC        IE
  C:468CH         PUBLIC        linear_interpolate
  C:507FH         PUBLIC        _Move
  D:00B8H         PUBLIC        IP
  C:3909H         PUBLIC        _findDet3x3
  C:3616H         PUBLIC        _findDet4x4
  D:00D8H         PUBLIC        CCON
  X:0028H         PUBLIC        previous_move_time
  D:0098H         PUBLIC        SCON
  D:0088H         PUBLIC        TCON
  C:52EFH         PUBLIC        wait
  C:4F4FH         PUBLIC        _Step_move
  X:0029H         PUBLIC        dat
  C:0FBCH         PUBLIC        _Update_position
  C:4E37H         PUBLIC        vOneStepMove
  X:002FH         PUBLIC        elevation_stamp
  X:006BH         PUBLIC        date_azimuth_mapping
  X:0093H         PUBLIC        RX_pos
  C:5196H         PUBLIC        _BCDtoDec1
  X:02EBH         PUBLIC        degree
  D:00D0H         PUBLIC        PSW
  -------         PROC          L?0062
  -------         ENDPROC       L?0062
  -------         PROC          _BCDTODEC1
  D:0007H         SYMBOL        bcd
  -------         DO            
  D:0006H         SYMBOL        hi
  D:0007H         SYMBOL        lo
  -------         ENDDO         
  C:5196H         LINE#         28
  C:5196H         LINE#         29
  C:5196H         LINE#         31
BL51 BANKED LINKER/LOCATER V6.22                                                      03/20/2019  11:52:32  PAGE 30


  C:519BH         LINE#         32
  C:519FH         LINE#         33
  C:51A6H         LINE#         34
  -------         ENDPROC       _BCDTODEC1
  -------         PROC          WAIT
  C:52EFH         LINE#         36
  C:52EFH         LINE#         38
  -------         ENDPROC       WAIT
  -------         PROC          VONESTEPMOVE
  B:0020H.7       SYMBOL        bDir
  C:4E37H         LINE#         40
  C:4E37H         LINE#         41
  C:4E37H         LINE#         43
  C:4E3DH         LINE#         44
  C:4E3DH         LINE#         45
  C:4E40H         LINE#         46
  C:4E49H         LINE#         47
  C:4E50H         LINE#         48
  C:4E55H         LINE#         49
  C:4E55H         LINE#         50
  C:4E55H         LINE#         52
  C:4E57H         LINE#         55
  C:4E57H         LINE#         56
  C:4E5AH         LINE#         57
  C:4E63H         LINE#         58
  C:4E6AH         LINE#         59
  C:4E70H         LINE#         60
  C:4E79H         LINE#         61
  C:4E80H         LINE#         62
  C:4E80H         LINE#         66
  -------         ENDPROC       VONESTEPMOVE
  -------         PROC          _STEP_MOVE
  X:03E2H         SYMBOL        step
  B:0020H.6       SYMBOL        dir
  -------         DO            
  X:03E4H         SYMBOL        i
  -------         ENDDO         
  C:4F4FH         LINE#         68
  C:4F57H         LINE#         69
  C:4F57H         LINE#         71
  C:4F5CH         LINE#         74
  C:4F77H         LINE#         75
  C:4F77H         LINE#         76
  C:4F7EH         LINE#         78
  C:4F8EH         LINE#         80
  -------         ENDPROC       _STEP_MOVE
  -------         PROC          _MOVE
  X:03DEH         SYMBOL        distance
  B:0020H.5       SYMBOL        direction
  -------         DO            
  D:0006H         SYMBOL        step
  -------         ENDDO         
  C:507FH         LINE#         82
  C:5085H         LINE#         83
  C:5085H         LINE#         86
  C:50A0H         LINE#         87
  -------         ENDPROC       _MOVE
BL51 BANKED LINKER/LOCATER V6.22                                                      03/20/2019  11:52:32  PAGE 31


  C:38EAH         SYMBOL        L?0058
  C:38FEH         SYMBOL        L?0059
  -------         PROC          L?0057
  -------         ENDPROC       L?0057
  C:38EAH         SYMBOL        L?0058
  C:38FEH         SYMBOL        L?0059
  -------         PROC          _FINDDET3X3
  X:055FH         SYMBOL        a11
  X:0563H         SYMBOL        a12
  X:0567H         SYMBOL        a13
  X:056BH         SYMBOL        a21
  X:056FH         SYMBOL        a22
  X:0573H         SYMBOL        a23
  X:0577H         SYMBOL        a31
  X:057BH         SYMBOL        a32
  X:057FH         SYMBOL        a33
  C:3909H         LINE#         91
  C:390FH         LINE#         95
  C:390FH         LINE#         96
  C:3AA6H         LINE#         98
  -------         ENDPROC       _FINDDET3X3
  -------         PROC          _FINDDET4X4
  X:051FH         SYMBOL        a11
  X:0523H         SYMBOL        a12
  X:0527H         SYMBOL        a13
  X:052BH         SYMBOL        a14
  X:052FH         SYMBOL        a21
  X:0533H         SYMBOL        a22
  X:0537H         SYMBOL        a23
  X:053BH         SYMBOL        a24
  X:053FH         SYMBOL        a31
  X:0543H         SYMBOL        a32
  X:0547H         SYMBOL        a33
  X:054BH         SYMBOL        a34
  X:054FH         SYMBOL        a41
  X:0553H         SYMBOL        a42
  X:0557H         SYMBOL        a43
  X:055BH         SYMBOL        a44
  C:3616H         LINE#         99
  C:361CH         LINE#         103
  C:361CH         LINE#         110
  C:38D5H         LINE#         114
  -------         ENDPROC       _FINDDET4X4
  C:467BH         SYMBOL        L?0061
  -------         PROC          L?0060
  -------         ENDPROC       L?0060
  C:467BH         SYMBOL        L?0061
  -------         PROC          LINEAR_INTERPOLATE
  X:03DEH         SYMBOL        p1
  X:03E6H         SYMBOL        p2
  X:03EEH         SYMBOL        x
  -------         DO            
  D:0004H         SYMBOL        fx
  -------         ENDDO         
  C:468CH         LINE#         120
  C:468CH         LINE#         121
  C:468CH         LINE#         124
BL51 BANKED LINKER/LOCATER V6.22                                                      03/20/2019  11:52:32  PAGE 32


  C:472BH         LINE#         126
  C:472BH         LINE#         127
  -------         ENDPROC       LINEAR_INTERPOLATE
  -------         PROC          _UPDATE_POSITION
  D:0001H         SYMBOL        mnths
  D:0002H         SYMBOL        dys
  X:0341H         SYMBOL        hurs
  X:0342H         SYMBOL        mns
  X:0343H         SYMBOL        sconds
  X:0344H         SYMBOL        currnt_pos
  X:0347H         SYMBOL        offset_calib
  -------         DO            
  X:034BH         SYMBOL        date
  X:034DH         SYMBOL        i
  X:034FH         SYMBOL        yy
  X:0351H         SYMBOL        desired_distance
  X:0355H         SYMBOL        distance
  X:0359H         SYMBOL        JP_pos
  X:035DH         SYMBOL        pos_interpolate_azimuth
  X:0399H         SYMBOL        current_local_sun_time
  X:039DH         SYMBOL        azimuth
  X:03A1H         SYMBOL        elevation
  X:03A5H         SYMBOL        time_offset
  X:03A9H         SYMBOL        UTC_time
  X:03ADH         SYMBOL        declination
  X:03B1H         SYMBOL        p1
  X:03B9H         SYMBOL        p2
  X:03C1H         SYMBOL        time
  X:03D3H         SYMBOL        location
  X:03DBH         SYMBOL        sunCoord
  -------         ENDDO         
  C:0FBCH         LINE#         131
  C:0FC5H         LINE#         134
  C:0FC5H         LINE#         135
  C:0FD0H         LINE#         137
  C:0FECH         LINE#         138
  C:0FF6H         LINE#         146
  C:1000H         LINE#         147
  C:100AH         LINE#         148
  C:1014H         LINE#         149
  C:101FH         LINE#         150
  C:102AH         LINE#         151
  C:1043H         LINE#         152
  C:1054H         LINE#         153
  C:1063H         LINE#         156
  C:1077H         LINE#         160
  C:10C9H         LINE#         161
  C:122DH         LINE#         162
  C:127DH         LINE#         164
  C:13A5H         LINE#         166
  C:1474H         LINE#         173
  C:14BBH         LINE#         174
  C:14BBH         LINE#         176
  C:14D5H         LINE#         177
  C:14D5H         LINE#         178
  C:1545H         LINE#         179
  C:1545H         LINE#         180
BL51 BANKED LINKER/LOCATER V6.22                                                      03/20/2019  11:52:32  PAGE 33


  C:154CH         LINE#         181
  C:154CH         LINE#         182
  C:1579H         LINE#         183
  C:1594H         LINE#         185
  C:15DBH         LINE#         186
  C:160FH         LINE#         188
  C:1655H         LINE#         189
  C:1678H         LINE#         191
  C:1678H         LINE#         193
  C:16EEH         LINE#         194
  C:16EEH         LINE#         195
  C:16F5H         LINE#         196
  C:16F5H         LINE#         197
  C:1722H         LINE#         198
  C:173DH         LINE#         200
  C:1784H         LINE#         201
  C:17B8H         LINE#         203
  C:17FEH         LINE#         204
  C:181EH         LINE#         206
  C:181EH         LINE#         207
  C:182FH         LINE#         210
  C:1849H         LINE#         211
  C:1849H         LINE#         212
  C:18B9H         LINE#         213
  C:18B9H         LINE#         214
  C:18E6H         LINE#         215
  C:1901H         LINE#         217
  C:192EH         LINE#         218
  C:1949H         LINE#         220
  C:197BH         LINE#         223
  C:197BH         LINE#         225
  C:198CH         LINE#         227
  C:19BBH         LINE#         229
  C:19E0H         LINE#         230
  C:1A45H         LINE#         231
  C:1A45H         LINE#         232
  C:1A5FH         LINE#         233
  C:1A71H         LINE#         234
  C:1A89H         LINE#         235
  C:1A9FH         LINE#         237
  C:1ABBH         LINE#         238
  C:1ABBH         LINE#         239
  C:1ABBH         LINE#         242
  -------         ENDPROC       _UPDATE_POSITION
  -------         ENDMOD        BIPOLARMOTOR

  -------         MODULE        SUNPOS
  C:0000H         SYMBOL        _ICE_DUMMY_
  C:2472H         PUBLIC        sunpos
  -------         PROC          SUNPOS
  X:03DEH         SYMBOL        udtTime
  X:03F0H         SYMBOL        udtLocation
  X:03F8H         SYMBOL        udtSunCoordinates
  -------         DO            
  X:03FBH         SYMBOL        dElapsedJulianDays
  X:03FFH         SYMBOL        dDecimalHours
  X:0403H         SYMBOL        dEclipticLongitude
BL51 BANKED LINKER/LOCATER V6.22                                                      03/20/2019  11:52:32  PAGE 34


  X:0407H         SYMBOL        dEclipticObliquity
  X:040BH         SYMBOL        dRightAscension
  X:040FH         SYMBOL        dDeclination
  X:0413H         SYMBOL        dY
  X:0417H         SYMBOL        dX
  -------         DO            
  X:041BH         SYMBOL        dJulianDate
  X:041FH         SYMBOL        liAux1
  X:0423H         SYMBOL        liAux2
  X:041BH         SYMBOL        dMeanLongitude
  X:041FH         SYMBOL        dMeanAnomaly
  X:0423H         SYMBOL        dOmega
  X:041BH         SYMBOL        dSin_EclipticLongitude
  X:041BH         SYMBOL        dGreenwichMeanSiderealTime
  X:041FH         SYMBOL        dLocalMeanSiderealTime
  X:0423H         SYMBOL        dLatitudeInRadians
  X:0427H         SYMBOL        dHourAngle
  X:042BH         SYMBOL        dCos_Latitude
  X:042FH         SYMBOL        dSin_Latitude
  X:0433H         SYMBOL        dCos_HourAngle
  X:0437H         SYMBOL        dParallax
  -------         ENDDO         
  -------         DO            
  X:041BH         SYMBOL        dMeanLongitude
  X:041FH         SYMBOL        dMeanAnomaly
  X:0423H         SYMBOL        dOmega
  X:041BH         SYMBOL        dSin_EclipticLongitude
  X:041BH         SYMBOL        dGreenwichMeanSiderealTime
  X:041FH         SYMBOL        dLocalMeanSiderealTime
  X:0423H         SYMBOL        dLatitudeInRadians
  X:0427H         SYMBOL        dHourAngle
  X:042BH         SYMBOL        dCos_Latitude
  X:042FH         SYMBOL        dSin_Latitude
  X:0433H         SYMBOL        dCos_HourAngle
  X:0437H         SYMBOL        dParallax
  -------         ENDDO         
  -------         DO            
  X:041BH         SYMBOL        dSin_EclipticLongitude
  X:041BH         SYMBOL        dGreenwichMeanSiderealTime
  X:041FH         SYMBOL        dLocalMeanSiderealTime
  X:0423H         SYMBOL        dLatitudeInRadians
  X:0427H         SYMBOL        dHourAngle
  X:042BH         SYMBOL        dCos_Latitude
  X:042FH         SYMBOL        dSin_Latitude
  X:0433H         SYMBOL        dCos_HourAngle
  X:0437H         SYMBOL        dParallax
  -------         ENDDO         
  -------         DO            
[...]
  C:4581H         LINE#         153
  C:4583H         LINE#         154
  C:4586H         LINE#         155
  C:458DH         LINE#         157
  -------         ENDPROC       _AT25SF041_WRITE
  -------         PROC          _AT25SF041_READ
  D:0003H         SYMBOL        opcode
  X:058DH         SYMBOL        addr
  -------         DO            
  X:0591H         SYMBOL        dat
  X:0592H         SYMBOL        i
  -------         ENDDO         
  C:437CH         LINE#         159
  C:437EH         LINE#         160
  C:437EH         LINE#         161
  C:4383H         LINE#         163
  C:4385H         LINE#         164
  C:438BH         LINE#         168
  C:4390H         LINE#         169
  C:4390H         LINE#         170
BL51 BANKED LINKER/LOCATER V6.22                                                      03/20/2019  11:52:32  PAGE 47


  C:4392H         LINE#         171
  C:4395H         LINE#         172
  C:4399H         LINE#         173
  C:4399H         LINE#         174
  C:439BH         LINE#         175
  C:439DH         LINE#         177
  C:439DH         LINE#         178
  C:439FH         LINE#         180
  C:439FH         LINE#         181
  C:439FH         LINE#         182
  C:439FH         LINE#         183
  C:43A2H         LINE#         184
  C:43A6H         LINE#         187
  C:43C5H         LINE#         189
  C:43CCH         LINE#         190
  C:43CCH         LINE#         191
  C:43CEH         LINE#         192
  C:43D1H         LINE#         193
  C:43EDH         LINE#         194
  C:43EDH         LINE#         195
  C:43EFH         LINE#         196
  C:43F1H         LINE#         198
  C:43F1H         LINE#         199
  C:43F3H         LINE#         201
  C:43F3H         LINE#         202
  C:43F3H         LINE#         203
  C:43F3H         LINE#         204
  C:43F6H         LINE#         205
  C:440FH         LINE#         207
  C:442EH         LINE#         210
  C:4435H         LINE#         212
  C:4437H         LINE#         213
  C:443EH         LINE#         215
  C:4445H         LINE#         216
  C:4445H         LINE#         217
  C:444CH         LINE#         218
  C:444CH         LINE#         219
  C:444FH         LINE#         220
  C:4451H         LINE#         221
  C:4454H         LINE#         223
  C:4457H         LINE#         224
  C:4457H         LINE#         226
  C:445BH         LINE#         227
  C:445BH         LINE#         233
  C:447AH         LINE#         236
  C:447CH         LINE#         237
  C:447FH         LINE#         238
  C:4486H         LINE#         240
  C:448BH         LINE#         242
  -------         ENDPROC       _AT25SF041_READ
  -------         PROC          UCREAD_STATUS_REGISTER_BYTE1
  -------         DO            
  D:0003H         SYMBOL        dat
  D:0001H         SYMBOL        opcode
  X:03D4H         SYMBOL        count
  X:03D5H         SYMBOL        i
  -------         ENDDO         
BL51 BANKED LINKER/LOCATER V6.22                                                      03/20/2019  11:52:32  PAGE 48


  C:4940H         LINE#         246
  C:4940H         LINE#         247
  C:4940H         LINE#         248
  C:4946H         LINE#         249
  C:494AH         LINE#         250
  C:494CH         LINE#         251
  C:494EH         LINE#         252
  C:4954H         LINE#         256
  C:495BH         LINE#         257
  C:495BH         LINE#         258
  C:495DH         LINE#         259
  C:4960H         LINE#         260
  C:4964H         LINE#         261
  C:4964H         LINE#         262
  C:4966H         LINE#         263
  C:4968H         LINE#         265
  C:4968H         LINE#         266
  C:496AH         LINE#         268
  C:496AH         LINE#         269
  C:496AH         LINE#         270
  C:496AH         LINE#         271
  C:496DH         LINE#         272
  C:4971H         LINE#         275
  C:4990H         LINE#         279
  C:4997H         LINE#         281
  C:4999H         LINE#         282
  C:49A0H         LINE#         283
  C:49A7H         LINE#         284
  C:49A7H         LINE#         285
  C:49ABH         LINE#         286
  C:49ABH         LINE#         287
  C:49AEH         LINE#         288
  C:49B0H         LINE#         289
  C:49B3H         LINE#         291
  C:49B6H         LINE#         292
  C:49B6H         LINE#         294
  C:49BAH         LINE#         295
  C:49BAH         LINE#         297
  C:49D9H         LINE#         301
  C:49DBH         LINE#         302
  C:49DEH         LINE#         303
  C:49E0H         LINE#         304
  -------         ENDPROC       UCREAD_STATUS_REGISTER_BYTE1
  -------         PROC          SPI_NOR_WRITE_DATA
  X:031BH         SYMBOL        dat
  X:0326H         SYMBOL        addr
  C:3DE7H         LINE#         306
  C:3DE7H         LINE#         307
  C:3DE7H         LINE#         309
  C:3DEAH         LINE#         311
  C:3E04H         LINE#         312
  C:3E22H         LINE#         314
  C:3E29H         LINE#         315
  C:3E2CH         LINE#         317
  C:3E46H         LINE#         318
  C:3E46H         LINE#         319
  C:3E46H         LINE#         322
BL51 BANKED LINKER/LOCATER V6.22                                                      03/20/2019  11:52:32  PAGE 49


  C:3E49H         LINE#         324
  C:3E63H         LINE#         325
  C:3E63H         LINE#         326
  C:3E63H         LINE#         328
  C:3E66H         LINE#         330
  C:3E80H         LINE#         331
  C:3E80H         LINE#         332
  C:3E80H         LINE#         334
  C:3E83H         LINE#         336
  C:3E9DH         LINE#         337
  C:3E9DH         LINE#         338
  C:3E9DH         LINE#         340
  C:3EA0H         LINE#         342
  C:3EBAH         LINE#         343
  C:3EBAH         LINE#         344
  C:3EBAH         LINE#         346
  C:3EBDH         LINE#         348
  C:3ED7H         LINE#         349
  C:3ED7H         LINE#         350
  C:3ED7H         LINE#         352
  C:3EDAH         LINE#         354
  C:3EF4H         LINE#         355
  C:3EF4H         LINE#         356
  C:3EF4H         LINE#         358
  C:3EF7H         LINE#         360
  C:3F11H         LINE#         361
  C:3F11H         LINE#         362
  C:3F11H         LINE#         364
  C:3F14H         LINE#         366
  C:3F2EH         LINE#         367
  C:3F2EH         LINE#         368
  C:3F2EH         LINE#         370
  C:3F31H         LINE#         372
  C:3F4BH         LINE#         373
  C:3F52H         LINE#         374
  -------         ENDPROC       SPI_NOR_WRITE_DATA
  -------         ENDMOD        AT25SF041

  -------         MODULE        ?C_STARTUP
  C:4B1AH         SEGMENT       ?C_C51STARTUP
  I:0022H         SEGMENT       ?STACK
  C:0000H         PUBLIC        ?C_STARTUP
  D:00E0H         SYMBOL        ACC
  D:00F0H         SYMBOL        B
  D:0083H         SYMBOL        DPH
  D:0082H         SYMBOL        DPL
  N:0000H         SYMBOL        IBPSTACK
  N:0100H         SYMBOL        IBPSTACKTOP
  N:0080H         SYMBOL        IDATALEN
  C:4B1DH         SYMBOL        IDATALOOP
  N:0000H         SYMBOL        PBPSTACK
  N:0100H         SYMBOL        PBPSTACKTOP
  N:0000H         SYMBOL        PDATALEN
  N:0000H         SYMBOL        PDATASTART
  N:0000H         SYMBOL        PPAGE
  N:0000H         SYMBOL        PPAGEENABLE
  D:00A0H         SYMBOL        PPAGE_SFR
BL51 BANKED LINKER/LOCATER V6.22                                                      03/20/2019  11:52:32  PAGE 50


  D:0081H         SYMBOL        SP
  C:4B1AH         SYMBOL        STARTUP1
  N:0000H         SYMBOL        XBPSTACK
  N:0000H         SYMBOL        XBPSTACKTOP
  N:0000H         SYMBOL        XDATALEN
  N:0000H         SYMBOL        XDATASTART
  C:0000H         LINE#         126
  C:4B1AH         LINE#         133
  C:4B1CH         LINE#         134
  C:4B1DH         LINE#         135
  C:4B1EH         LINE#         136
  C:4B20H         LINE#         185
  C:4B23H         LINE#         196
  -------         ENDMOD        ?C_STARTUP

  -------         MODULE        ?C?FPADD
  C:1AC3H         PUBLIC        ?C?FPADD
  C:1ABFH         PUBLIC        ?C?FPSUB
  -------         ENDMOD        ?C?FPADD

  -------         MODULE        ?C?FPMUL
  C:1BB4H         PUBLIC        ?C?FPMUL
  -------         ENDMOD        ?C?FPMUL

  -------         MODULE        ?C?FPDIV
  C:1CBDH         PUBLIC        ?C?FPDIV
  -------         ENDMOD        ?C?FPDIV

  -------         MODULE        ?C?FPCMP
  C:1D5CH         PUBLIC        ?C?FPCMP
  C:1D5AH         PUBLIC        ?C?FPCMP3
  -------         ENDMOD        ?C?FPCMP

  -------         MODULE        ?C?FPNEG
  C:1DD3H         PUBLIC        ?C?FPNEG
  -------         ENDMOD        ?C?FPNEG

  -------         MODULE        ?C?FCAST
  C:1DEEH         PUBLIC        ?C?FCASTC
  C:1DE9H         PUBLIC        ?C?FCASTI
  C:1DE4H         PUBLIC        ?C?FCASTL
  -------         ENDMOD        ?C?FCAST

  -------         MODULE        ?C?CASTF
  C:1E22H         PUBLIC        ?C?CASTF
  -------         ENDMOD        ?C?CASTF

  -------         MODULE        ATAN2
  X:043BH         PUBLIC        ?_atan2?BYTE
  C:49E1H         PUBLIC        _atan2
  -------         ENDMOD        ATAN2

  -------         MODULE        SIN
  C:3FB8H         PUBLIC        _COS
  C:3FCEH         PUBLIC        _SIN
  C:400AH         PUBLIC        _TAN
  -------         ENDMOD        SIN
BL51 BANKED LINKER/LOCATER V6.22                                                      03/20/2019  11:52:32  PAGE 51



  -------         MODULE        ACOS
  C:4E81H         PUBLIC        _ACOS
  -------         ENDMOD        ACOS

  -------         MODULE        ASIN
  C:4F8FH         PUBLIC        _ASIN
  -------         ENDMOD        ASIN

  -------         MODULE        SQRT
  C:4898H         PUBLIC        _SQRT
  -------         ENDMOD        SQRT

  -------         MODULE        ATAN
  C:427AH         PUBLIC        _ATAN
  -------         ENDMOD        ATAN

  -------         MODULE        ?C?COPY
  C:1FC0H         PUBLIC        ?C?COPY
  -------         ENDMOD        ?C?COPY

  -------         MODULE        ?C?CLDPTR
  C:1FE6H         PUBLIC        ?C?CLDPTR
  -------         ENDMOD        ?C?CLDPTR

  -------         MODULE        ?C?CLDOPTR
  C:1FFFH         PUBLIC        ?C?CLDOPTR
  -------         ENDMOD        ?C?CLDOPTR

  -------         MODULE        ?C?CSTPTR
  C:202CH         PUBLIC        ?C?CSTPTR
  -------         ENDMOD        ?C?CSTPTR

  -------         MODULE        ?C?IMUL
  C:203EH         PUBLIC        ?C?IMUL
  -------         ENDMOD        ?C?IMUL

  -------         MODULE        ?C?UIDIV
  C:2050H         PUBLIC        ?C?UIDIV
  -------         ENDMOD        ?C?UIDIV

  -------         MODULE        ?C?SIDIV
  C:20A5H         PUBLIC        ?C?SIDIV
  -------         ENDMOD        ?C?SIDIV

  -------         MODULE        ?C?ILDIX
  C:20DBH         PUBLIC        ?C?ILDIX
  -------         ENDMOD        ?C?ILDIX

  -------         MODULE        ?C?ILDOPTR
  C:20F1H         PUBLIC        ?C?ILDOPTR
  -------         ENDMOD        ?C?ILDOPTR

  -------         MODULE        ?C?ISTPTR
  C:2129H         PUBLIC        ?C?ISTPTR
  -------         ENDMOD        ?C?ISTPTR

BL51 BANKED LINKER/LOCATER V6.22                                                      03/20/2019  11:52:32  PAGE 52


  -------         MODULE        ?C?LMUL
  C:2148H         PUBLIC        ?C?LMUL
  -------         ENDMOD        ?C?LMUL

  -------         MODULE        ?C?SLDIV
  C:4ECBH         PUBLIC        ?C?SLDIV
  -------         ENDMOD        ?C?SLDIV

  -------         MODULE        ?C?LNEG
  C:2197H         PUBLIC        ?C?LNEG
  -------         ENDMOD        ?C?LNEG

  -------         MODULE        ?C?ULCMP
  C:21A5H         PUBLIC        ?C?ULCMP
  -------         ENDMOD        ?C?ULCMP

  -------         MODULE        ?C?LSHL
  C:21B6H         PUBLIC        ?C?LSHL
  -------         ENDMOD        ?C?LSHL

  -------         MODULE        ?C?LLDPTR
  C:21C9H         PUBLIC        ?C?LLDPTR
  -------         ENDMOD        ?C?LLDPTR

  -------         MODULE        ?C?LLDOPTR
  C:21E9H         PUBLIC        ?C?LLDOPTR
  -------         ENDMOD        ?C?LLDOPTR

  -------         MODULE        ?C?LSTPTR
  C:2219H         PUBLIC        ?C?LSTPTR
  -------         ENDMOD        ?C?LSTPTR

  -------         MODULE        ?C?LSTOPTR
  C:2233H         PUBLIC        ?C?LSTOPTR
  -------         ENDMOD        ?C?LSTOPTR

  -------         MODULE        ?C?LLDXDATA
  C:2257H         PUBLIC        ?C?LLDXDATA
  -------         ENDMOD        ?C?LLDXDATA

  -------         MODULE        ?C?LLDCODE
  C:2263H         PUBLIC        ?C?LLDCODE
  -------         ENDMOD        ?C?LLDCODE

  -------         MODULE        ?C?LLDXDATA0
  C:2273H         PUBLIC        ?C?LLDXDATA0
  -------         ENDMOD        ?C?LLDXDATA0

  -------         MODULE        ?C?LLDCODE0
  C:227FH         PUBLIC        ?C?LLDCODE0
  -------         ENDMOD        ?C?LLDCODE0

  -------         MODULE        ?C?LLDPTR0
  C:228FH         PUBLIC        ?C?LLDPTR0
  -------         ENDMOD        ?C?LLDPTR0

  -------         MODULE        ?C?LSTXDATA
BL51 BANKED LINKER/LOCATER V6.22                                                      03/20/2019  11:52:32  PAGE 53


  C:22AFH         PUBLIC        ?C?LSTXDATA
  -------         ENDMOD        ?C?LSTXDATA

  -------         MODULE        ?C?LSTKXDATA
  C:22BBH         PUBLIC        ?C?LSTKXDATA
  -------         ENDMOD        ?C?LSTKXDATA

  -------         MODULE        ?C?LSTKPTR
  C:22ECH         PUBLIC        ?C?LSTKPTR
  -------         ENDMOD        ?C?LSTKPTR

  -------         MODULE        ?C?OFFXADD
  C:2306H         PUBLIC        ?C?OFFXADD
  -------         ENDMOD        ?C?OFFXADD

  -------         MODULE        ATOI
  C:458EH         PUBLIC        _atoi
  -------         ENDMOD        ATOI

  -------         MODULE        ?C?IILDX
  C:2312H         PUBLIC        ?C?IILDX
  -------         ENDMOD        ?C?IILDX

  -------         MODULE        ?C?ULDIV
  C:2364H         PUBLIC        ?C?ULDIV
  -------         ENDMOD        ?C?ULDIV

  -------         MODULE        ?C?LLDIDATA
  C:23F6H         PUBLIC        ?C?LLDIDATA
  -------         ENDMOD        ?C?LLDIDATA

  -------         MODULE        ?C?LLDPDATA
  C:2402H         PUBLIC        ?C?LLDPDATA
  -------         ENDMOD        ?C?LLDPDATA

  -------         MODULE        ?C?LLDIDATA0
  C:240EH         PUBLIC        ?C?LLDIDATA0
  -------         ENDMOD        ?C?LLDIDATA0

  -------         MODULE        ?C?LLDPDATA0
  C:241BH         PUBLIC        ?C?LLDPDATA0
  -------         ENDMOD        ?C?LLDPDATA0

  -------         MODULE        ?C?LSTIDATA
  C:2428H         PUBLIC        ?C?LSTIDATA
  -------         ENDMOD        ?C?LSTIDATA

  -------         MODULE        ?C?LSTPDATA
  C:2434H         PUBLIC        ?C?LSTPDATA
  -------         ENDMOD        ?C?LSTPDATA

  -------         MODULE        ?C?LSTKIDATA
  C:2440H         PUBLIC        ?C?LSTKIDATA
  -------         ENDMOD        ?C?LSTKIDATA

  -------         MODULE        ?C?LSTKPDATA
  C:2459H         PUBLIC        ?C?LSTKPDATA
BL51 BANKED LINKER/LOCATER V6.22                                                      03/20/2019  11:52:32  PAGE 54


  -------         ENDMOD        ?C?LSTKPDATA

  -------         MODULE        ISDIGIT
  C:52A3H         PUBLIC        _isdigit
  -------         ENDMOD        ISDIGIT

  -------         MODULE        ISSPACE
  C:523EH         PUBLIC        _isspace
  -------         ENDMOD        ISSPACE

*** WARNING L16: UNCALLED SEGMENT, IGNORED FOR OVERLAY PROCESS
    SEGMENT: ?PR?_DAY_OF_YEAR?PCF85063BTL

*** WARNING L16: UNCALLED SEGMENT, IGNORED FOR OVERLAY PROCESS
    SEGMENT: ?PR?INITUART1?UART1

*** WARNING L16: UNCALLED SEGMENT, IGNORED FOR OVERLAY PROCESS
    SEGMENT: ?PR?_SENDSTRING?UART1

*** WARNING L16: UNCALLED SEGMENT, IGNORED FOR OVERLAY PROCESS
    SEGMENT: ?PR?_TEN?UART1

*** WARNING L16: UNCALLED SEGMENT, IGNORED FOR OVERLAY PROCESS
    SEGMENT: ?PR?_UNIT?UART1

*** WARNING L16: UNCALLED SEGMENT, IGNORED FOR OVERLAY PROCESS
    SEGMENT: ?PR?_DECTOBCD?UART1

*** WARNING L16: UNCALLED SEGMENT, IGNORED FOR OVERLAY PROCESS
    SEGMENT: ?PR?_ASCII_LETTER?UART1

*** WARNING L16: UNCALLED SEGMENT, IGNORED FOR OVERLAY PROCESS
    SEGMENT: ?PR?_ASCIITOBCD?UART1

*** WARNING L16: UNCALLED SEGMENT, IGNORED FOR OVERLAY PROCESS
    SEGMENT: ?PR?WAIT?BIPOLARMOTOR

*** WARNING L16: UNCALLED SEGMENT, IGNORED FOR OVERLAY PROCESS
    SEGMENT: ?PR?_FINDDET4X4?BIPOLARMOTOR

*** WARNING L16: UNCALLED SEGMENT, IGNORED FOR OVERLAY PROCESS
    SEGMENT: ?PR?NOP?IOEXPANDER_PI4IOE5V96248

*** WARNING L16: UNCALLED SEGMENT, IGNORED FOR OVERLAY PROCESS
    SEGMENT: ?PR?UC_ACK?IOEXPANDER_PI4IOE5V96248

*** WARNING L16: UNCALLED SEGMENT, IGNORED FOR OVERLAY PROCESS
    SEGMENT: ?PR?UC_NACK?IOEXPANDER_PI4IOE5V96248

*** WARNING L16: UNCALLED SEGMENT, IGNORED FOR OVERLAY PROCESS
    SEGMENT: ?PR?_AT25SF041_READ?AT25SF041

*** WARNING L1: UNRESOLVED EXTERNAL SYMBOL
    SYMBOL:  AUTO_MODE
    MODULE:  .\Obj\main.obj (MAIN)

*** WARNING L1: UNRESOLVED EXTERNAL SYMBOL
BL51 BANKED LINKER/LOCATER V6.22                                                      03/20/2019  11:52:32  PAGE 55


    SYMBOL:  SPI_NOR_CLEARENABLE
    MODULE:  .\Obj\main.obj (MAIN)

*** WARNING L2: REFERENCE MADE TO UNRESOLVED EXTERNAL
    SYMBOL:  AUTO_MODE
    MODULE:  .\Obj\main.obj (MAIN)
    ADDRESS: 003BH

*** WARNING L2: REFERENCE MADE TO UNRESOLVED EXTERNAL
    SYMBOL:  SPI_NOR_CLEARENABLE
    MODULE:  .\Obj\main.obj (MAIN)
    ADDRESS: 0041H

*** WARNING L2: REFERENCE MADE TO UNRESOLVED EXTERNAL
    SYMBOL:  AUTO_MODE
    MODULE:  .\Obj\main.obj (MAIN)
    ADDRESS: 01B4H

*** WARNING L2: REFERENCE MADE TO UNRESOLVED EXTERNAL
    SYMBOL:  AUTO_MODE
    MODULE:  .\Obj\main.obj (MAIN)
    ADDRESS: 01C2H

*** WARNING L2: REFERENCE MADE TO UNRESOLVED EXTERNAL
    SYMBOL:  AUTO_MODE
    MODULE:  .\Obj\main.obj (MAIN)
    ADDRESS: 01D4H

*** WARNING L2: REFERENCE MADE TO UNRESOLVED EXTERNAL
    SYMBOL:  AUTO_MODE
    MODULE:  .\Obj\main.obj (MAIN)
    ADDRESS: 0216H

*** WARNING L2: REFERENCE MADE TO UNRESOLVED EXTERNAL
    SYMBOL:  AUTO_MODE
    MODULE:  .\Obj\main.obj (MAIN)
    ADDRESS: 02E9H

*** WARNING L2: REFERENCE MADE TO UNRESOLVED EXTERNAL
    SYMBOL:  SPI_NOR_CLEARENABLE
    MODULE:  .\Obj\main.obj (MAIN)
    ADDRESS: 0F27H

*** WARNING L2: REFERENCE MADE TO UNRESOLVED EXTERNAL
    SYMBOL:  SPI_NOR_CLEARENABLE
    MODULE:  .\Obj\main.obj (MAIN)
    ADDRESS: 0F90H

*** WARNING L1: UNRESOLVED EXTERNAL SYMBOL
    SYMBOL:  _SENDUART1
    MODULE:  .\Obj\UART1.obj (UART1)

*** WARNING L2: REFERENCE MADE TO UNRESOLVED EXTERNAL
    SYMBOL:  _SENDUART1
    MODULE:  .\Obj\UART1.obj (UART1)
    ADDRESS: 4FF8H

BL51 BANKED LINKER/LOCATER V6.22                                                      03/20/2019  11:52:32  PAGE 56


*** WARNING L1: UNRESOLVED EXTERNAL SYMBOL
    SYMBOL:  AUTO_MODE
    MODULE:  .\Obj\KeyPad.obj (KEYPAD)

*** WARNING L1: UNRESOLVED EXTERNAL SYMBOL
    SYMBOL:  SPI_NOR_CLEARENABLE
    MODULE:  .\Obj\KeyPad.obj (KEYPAD)

*** WARNING L2: REFERENCE MADE TO UNRESOLVED EXTERNAL
    SYMBOL:  AUTO_MODE
    MODULE:  .\Obj\KeyPad.obj (KEYPAD)
    ADDRESS: 339EH

*** WARNING L2: REFERENCE MADE TO UNRESOLVED EXTERNAL
    SYMBOL:  AUTO_MODE
    MODULE:  .\Obj\KeyPad.obj (KEYPAD)
    ADDRESS: 33A9H

*** WARNING L2: REFERENCE MADE TO UNRESOLVED EXTERNAL
    SYMBOL:  AUTO_MODE
    MODULE:  .\Obj\KeyPad.obj (KEYPAD)
    ADDRESS: 33B0H

*** WARNING L2: REFERENCE MADE TO UNRESOLVED EXTERNAL
    SYMBOL:  SPI_NOR_CLEARENABLE
    MODULE:  .\Obj\KeyPad.obj (KEYPAD)
    ADDRESS: 3584H

*** WARNING L2: REFERENCE MADE TO UNRESOLVED EXTERNAL
    SYMBOL:  SPI_NOR_CLEARENABLE
    MODULE:  .\Obj\KeyPad.obj (KEYPAD)
    ADDRESS: 3589H

Program Size: data=10.2 xdata=1438 code=21233
LINK/LOCATE RUN COMPLETE.  34 WARNING(S),  0 ERROR(S)
