BL51 BANKED LINKER/LOCATER V6.22                                                        05/06/2019  15:33:04  PAGE 1


BL51 BANKED LINKER/LOCATER V6.22, INVOKED BY:
C:\KEIL_V5\C51\BIN\BL51.EXE .\Obj\main.obj, .\Obj\PCF85063BTL.obj, .\Obj\LCd_Driver_SPLC780D.obj, .\Obj\KeyPad.obj, .\Ob
>> j\BipolarMotor.obj, .\Obj\SunPos.obj, .\Obj\ADC.obj, .\Obj\Calibration.obj, .\Obj\IOExpander_PI4IOE5V96248.obj, .\Obj
>> \AT25SF041.obj, .\Obj\SI1120.obj, .\Obj\STARTUP.obj TO .\Obj\GPIO_RTC_Test PRINT (.\Lis\GPIO_RTC_Test.m51) RAMSIZE (2
>> 56)


MEMORY MODEL: LARGE WITH FLOATING POINT ARITHMETIC


INPUT MODULES INCLUDED:
  .\Obj\main.obj (MAIN)
  .\Obj\PCF85063BTL.obj (PCF85063BTL)
  .\Obj\LCd_Driver_SPLC780D.obj (LCD_DRIVER_SPLC780D)
  .\Obj\KeyPad.obj (KEYPAD)
  .\Obj\BipolarMotor.obj (BIPOLARMOTOR)
  .\Obj\SunPos.obj (SUNPOS)
  .\Obj\ADC.obj (ADC)
  .\Obj\Calibration.obj (CALIBRATION)
  .\Obj\IOExpander_PI4IOE5V96248.obj (IOEXPANDER_PI4IOE5V96248)
  .\Obj\AT25SF041.obj (AT25SF041)
  .\Obj\SI1120.obj (SI1120)
  .\Obj\STARTUP.obj (?C_STARTUP)
  C:\KEIL_V5\C51\LIB\C51FPL.LIB (?C?FPADD)
  C:\KEIL_V5\C51\LIB\C51FPL.LIB (?C?FPMUL)
  C:\KEIL_V5\C51\LIB\C51FPL.LIB (?C?FPDIV)
  C:\KEIL_V5\C51\LIB\C51FPL.LIB (?C?FPCMP)
  C:\KEIL_V5\C51\LIB\C51FPL.LIB (?C?FPNEG)
  C:\KEIL_V5\C51\LIB\C51FPL.LIB (?C?FCAST)
  C:\KEIL_V5\C51\LIB\C51FPL.LIB (?C?CASTF)
  C:\KEIL_V5\C51\LIB\C51FPL.LIB (ATAN2)
  C:\KEIL_V5\C51\LIB\C51FPL.LIB (SIN)
  C:\KEIL_V5\C51\LIB\C51FPL.LIB (ACOS)
  C:\KEIL_V5\C51\LIB\C51FPL.LIB (ASIN)
  C:\KEIL_V5\C51\LIB\C51FPL.LIB (POW)
  C:\KEIL_V5\C51\LIB\C51FPL.LIB (?C?FPGETOPN)
  C:\KEIL_V5\C51\LIB\C51FPL.LIB (?C?CHKFLOAT)
  C:\KEIL_V5\C51\LIB\C51FPL.LIB (?C?FPSERIES)
  C:\KEIL_V5\C51\LIB\C51FPL.LIB (EXP)
  C:\KEIL_V5\C51\LIB\C51FPL.LIB (LOG)
  C:\KEIL_V5\C51\LIB\C51FPL.LIB (SQRT)
  C:\KEIL_V5\C51\LIB\C51FPL.LIB (ATAN)
  C:\KEIL_V5\C51\LIB\C51L.LIB (?C_INIT)
  C:\KEIL_V5\C51\LIB\C51L.LIB (?C?COPY)
  C:\KEIL_V5\C51\LIB\C51L.LIB (?C?CLDPTR)
  C:\KEIL_V5\C51\LIB\C51L.LIB (?C?CLDOPTR)
  C:\KEIL_V5\C51\LIB\C51L.LIB (?C?CSTPTR)
  C:\KEIL_V5\C51\LIB\C51L.LIB (?C?IMUL)
  C:\KEIL_V5\C51\LIB\C51L.LIB (?C?UIDIV)
  C:\KEIL_V5\C51\LIB\C51L.LIB (?C?SIDIV)
  C:\KEIL_V5\C51\LIB\C51L.LIB (?C?ILDOPTR)
  C:\KEIL_V5\C51\LIB\C51L.LIB (?C?ISTPTR)
  C:\KEIL_V5\C51\LIB\C51L.LIB (?C?LMUL)
  C:\KEIL_V5\C51\LIB\C51L.LIB (?C?SLDIV)
  C:\KEIL_V5\C51\LIB\C51L.LIB (?C?LNEG)
  C:\KEIL_V5\C51\LIB\C51L.LIB (?C?ULCMP)
  C:\KEIL_V5\C51\LIB\C51L.LIB (?C?LSHL)
  C:\KEIL_V5\C51\LIB\C51L.LIB (?C?LLDPTR)
BL51 BANKED LINKER/LOCATER V6.22                                                      05/06/2019  15:33:04  PAGE 2


  C:\KEIL_V5\C51\LIB\C51L.LIB (?C?LLDOPTR)
  C:\KEIL_V5\C51\LIB\C51L.LIB (?C?LSTPTR)
  C:\KEIL_V5\C51\LIB\C51L.LIB (?C?LSTOPTR)
  C:\KEIL_V5\C51\LIB\C51L.LIB (?C?LLDXDATA)
  C:\KEIL_V5\C51\LIB\C51L.LIB (?C?LLDCODE)
  C:\KEIL_V5\C51\LIB\C51L.LIB (?C?LLDXDATA0)
  C:\KEIL_V5\C51\LIB\C51L.LIB (?C?LLDCODE0)
  C:\KEIL_V5\C51\LIB\C51L.LIB (?C?LLDPTR0)
  C:\KEIL_V5\C51\LIB\C51L.LIB (?C?LSTXDATA)
  C:\KEIL_V5\C51\LIB\C51L.LIB (?C?LSTKXDATA)
  C:\KEIL_V5\C51\LIB\C51L.LIB (?C?LSTKPTR)
  C:\KEIL_V5\C51\LIB\C51L.LIB (?C?OFFXADD)
  C:\KEIL_V5\C51\LIB\C51L.LIB (?C?ULDIV)
  C:\KEIL_V5\C51\LIB\C51L.LIB (?C?LLDIDATA)
  C:\KEIL_V5\C51\LIB\C51L.LIB (?C?LLDPDATA)
  C:\KEIL_V5\C51\LIB\C51L.LIB (?C?LLDIDATA0)
  C:\KEIL_V5\C51\LIB\C51L.LIB (?C?LLDPDATA0)
  C:\KEIL_V5\C51\LIB\C51L.LIB (?C?LSTIDATA)
  C:\KEIL_V5\C51\LIB\C51L.LIB (?C?LSTPDATA)
  C:\KEIL_V5\C51\LIB\C51L.LIB (?C?LSTKIDATA)
  C:\KEIL_V5\C51\LIB\C51L.LIB (?C?LSTKPDATA)


LINK MAP OF MODULE:  .\Obj\GPIO_RTC_Test (MAIN)


            TYPE    BASE      LENGTH    RELOCATION   SEGMENT NAME
            -----------------------------------------------------

            * * * * * * *   D A T A   M E M O R Y   * * * * * * *
            REG     0000H     0008H     ABSOLUTE     "REG BANK 0"
                    0008H     0018H                  *** GAP ***
            BIT     0020H.0   0000H.4   UNIT         _BIT_GROUP_
            BIT     0020H.4   0000H.1   UNIT         ?BI?MAIN
                    0020H.5   0000H.3                *** GAP ***
            IDATA   0021H     0001H     UNIT         ?STACK

            * * * * * * *  X D A T A   M E M O R Y  * * * * * * *
            XDATA   0000H     03BCH     UNIT         ?XD?BIPOLARMOTOR
            XDATA   03BCH     0123H     UNIT         _XDATA_GROUP_
            XDATA   04DFH     00F9H     UNIT         ?XD?MAIN
            XDATA   05D8H     0019H     UNIT         ?XD?KEYPAD
            XDATA   05F1H     0008H     UNIT         ?XD?_AT25SF041_READ?AT25SF041
            XDATA   05F9H     0001H     UNIT         ?XD?UC_ACK?IOEXPANDER_PI4IOE5V96248
            XDATA   05FAH     0001H     UNIT         ?XD?UC_NACK?IOEXPANDER_PI4IOE5V96248

            * * * * * * *   C O D E   M E M O R Y   * * * * * * *
            CODE    0000H     0003H     ABSOLUTE     
            CODE    0003H     0003H     ABSOLUTE     
            CODE    0006H     0001H     UNIT         ?PR?WAIT?BIPOLARMOTOR
            CODE    0007H     0001H     UNIT         ?PR?NOP?IOEXPANDER_PI4IOE5V96248
                    0008H     0003H                  *** GAP ***
            CODE    000BH     0003H     ABSOLUTE     
            CODE    000EH     000DH     UNIT         ?PR?SPI_INIT?PCF85063BTL
            CODE    001BH     0003H     ABSOLUTE     
            CODE    001EH     0BD0H     UNIT         ?PR?MAIN?MAIN
            CODE    0BEEH     09A4H     UNIT         ?C?LIB_CODE
BL51 BANKED LINKER/LOCATER V6.22                                                      05/06/2019  15:33:04  PAGE 3


            CODE    1592H     07A2H     UNIT         ?PR?SUNPOS?SUNPOS
            CODE    1D34H     0646H     UNIT         ?PR?_UPDATE_POSITION?BIPOLARMOTOR
            CODE    237AH     04FBH     UNIT         ?PR?_THEORICALJP_POSITION?BIPOLARMOTOR
            CODE    2875H     0467H     UNIT         ?PR?_FIND_REAL_MAX?CALIBRATION
            CODE    2CDCH     0400H     UNIT         ?C_INITSEG
            CODE    30DCH     038CH     UNIT         ?PR?KEY_PROCESS?KEYPAD
            CODE    3468H     0380H     UNIT         ?PR?_ELEVATION_CALCULATION?BIPOLARMOTOR
            CODE    37E8H     01B3H     UNIT         ?PR?_CALIBRATION?CALIBRATION
            CODE    399BH     018DH     UNIT         ?PR?KEY_SCAN?KEYPAD
            CODE    3B28H     0189H     UNIT         ?PR?SPI_NOR_WRITE_DATA?AT25SF041
            CODE    3CB1H     0188H     UNIT         ?PR?SIN?SIN
            CODE    3E39H     0166H     UNIT         ?PR?_POW?POW
            CODE    3F9FH     0155H     UNIT         ?PR?_DISPLAY_POS?LCD_DRIVER_SPLC780D
            CODE    40F4H     0129H     UNIT         ?PR?LOG?LOG
            CODE    421DH     0122H     UNIT         ?PR?ATAN?ATAN
            CODE    433FH     0110H     UNIT         ?PR?_AT25SF041_READ?AT25SF041
            CODE    444FH     0102H     UNIT         ?PR?_AT25SF041_WRITE?AT25SF041
            CODE    4551H     00F5H     UNIT         ?PR?EXINT0?MAIN
            CODE    4646H     00C3H     UNIT         ?PR?LINEAR_INTERPOLATE?BIPOLARMOTOR
            CODE    4709H     00BBH     UNIT         ?PR?VOLTAGE_IS_STABLE?CALIBRATION
            CODE    47C4H     00ADH     UNIT         ?PR?_WRITE_PI4IOE5V96248?IOEXPANDER_PI4IOE5V96248
            CODE    4871H     00ACH     UNIT         ?PR?SQRT?SQRT
            CODE    491DH     00A1H     UNIT         ?PR?UCREAD_STATUS_REGISTER_BYTE1?AT25SF041
            CODE    49BEH     009DH     UNIT         ?PR?_ATAN2?ATAN2
            CODE    4A5BH     009CH     UNIT         ?PR?_MAX_VALUE?CALIBRATION
            CODE    4AF7H     009AH     UNIT         ?PR?EXP?EXP
            CODE    4B91H     008CH     UNIT         ?C_C51STARTUP
            CODE    4C1DH     0088H     UNIT         ?PR?_DAY_OF_YEAR?PCF85063BTL
            CODE    4CA5H     0079H     UNIT         ?PR?_WRITEDATA?LCD_DRIVER_SPLC780D
            CODE    4D1EH     0072H     UNIT         ?PR?AT25SF041_WRITEENABLE?AT25SF041
            CODE    4D90H     006FH     UNIT         ?PR?_READ_TIME?PCF85063BTL
            CODE    4DFFH     005AH     UNIT         ?PR?AT25SF041_CHIPERASE?AT25SF041
            CODE    4E59H     0059H     UNIT         ?PR?LCD_INIT?LCD_DRIVER_SPLC780D
            CODE    4EB2H     004AH     UNIT         ?PR?VONESTEPMOVE?BIPOLARMOTOR
            CODE    4EFCH     004AH     UNIT         ?PR?ACOS?ACOS
            CODE    4F46H     0044H     UNIT         ?C?LDIV
            CODE    4F8AH     0040H     UNIT         ?PR?_COMMAND?LCD_DRIVER_SPLC780D
            CODE    4FCAH     0040H     UNIT         ?PR?_STEP_MOVE?BIPOLARMOTOR
            CODE    500AH     003BH     UNIT         ?PR?ASIN?ASIN
            CODE    5045H     0031H     UNIT         ?PR?SI1120_CONFIG_MODE_VIRH?SI1120
            CODE    5076H     002CH     UNIT         ?PR?_ADC_GETRESULT?ADC
            CODE    50A2H     002BH     UNIT         ?PR?_WAIT_MS_I2C?IOEXPANDER_PI4IOE5V96248
            CODE    50CDH     002BH     UNIT         ?PR?_WAIT_MS_SPINOR?AT25SF041
            CODE    50F8H     0028H     UNIT         ?PR?_MOVE?BIPOLARMOTOR
            CODE    5120H     0027H     UNIT         ?PR?_I2C_SENDBYTE?IOEXPANDER_PI4IOE5V96248
            CODE    5147H     0025H     UNIT         ?PR?_FINDCLOSESTSAMEDAYCALIBTIME?CALIBRATION
            CODE    516CH     0024H     UNIT         ?PR?_WAIT_MS?LCD_DRIVER_SPLC780D
            CODE    5190H     0021H     UNIT         ?PR?TM0_ISR?MAIN
            CODE    51B1H     0020H     UNIT         ?PR?_SPI_SENDBYTE?PCF85063BTL
            CODE    51D1H     0020H     UNIT         ?PR?SPI_RECEIVEBYTE?PCF85063BTL
            CODE    51F1H     001FH     UNIT         ?PR?ADC_INIT?ADC
            CODE    5210H     001EH     UNIT         ?PR?_DELAY_MS?KEYPAD
            CODE    522EH     001DH     UNIT         ?PR?_DISPLAYLCD?LCD_DRIVER_SPLC780D
            CODE    524BH     001BH     UNIT         ?PR?_BCDTODEC1?BIPOLARMOTOR
            CODE    5266H     0018H     UNIT         ?PR?_SPI_WRITETIME?PCF85063BTL
            CODE    527EH     0016H     UNIT         ?PR?I2C_ACK?IOEXPANDER_PI4IOE5V96248
            CODE    5294H     0015H     UNIT         ?PR?_DISPLAY_LINE?LCD_DRIVER_SPLC780D
BL51 BANKED LINKER/LOCATER V6.22                                                      05/06/2019  15:33:04  PAGE 4


            CODE    52A9H     0015H     UNIT         ?PR?VSETLOCATION?BIPOLARMOTOR
            CODE    52BEH     0015H     UNIT         ?PR?I2C_STOP?IOEXPANDER_PI4IOE5V96248
            CODE    52D3H     0014H     UNIT         ?PR?_PCF85063BTL_DELAY?PCF85063BTL
            CODE    52E7H     0014H     UNIT         ?PR?_ABS?LCD_DRIVER_SPLC780D
            CODE    52FBH     0011H     UNIT         ?PR?_SPI_READTIME?PCF85063BTL
            CODE    530CH     0011H     UNIT         ?PR?_BCDTODEC?PCF85063BTL
            CODE    531DH     000FH     UNIT         ?PR?I2C_START?IOEXPANDER_PI4IOE5V96248
            CODE    532CH     000FH     UNIT         ?PR?UC_NACK?IOEXPANDER_PI4IOE5V96248
            CODE    533BH     000DH     UNIT         ?PR?ENABLE_EXTINT0?SI1120
            CODE    5348H     000CH     UNIT         ?PR?KEYPAD_IO_INIT?KEYPAD
            CODE    5354H     000AH     UNIT         ?PR?LCD_RETURN_HOME?LCD_DRIVER_SPLC780D
            CODE    535EH     000AH     UNIT         ?PR?LCD_CLEAR?LCD_DRIVER_SPLC780D
            CODE    5368H     0009H     UNIT         ?PR?TM1_ISR?MAIN
            CODE    5371H     0006H     UNIT         ?PR?UC_ACK?IOEXPANDER_PI4IOE5V96248



OVERLAY MAP OF MODULE:   .\Obj\GPIO_RTC_Test (MAIN)


SEGMENT                                             BIT_GROUP          XDATA_GROUP
  +--> CALLED SEGMENT                            START    LENGTH     START    LENGTH
------------------------------------------------------------------------------------
?PR?EXINT0?MAIN                                  -----    -----      -----    -----
  +--> ?PR?_POW?POW

?PR?_POW?POW                                     -----    -----      03BCH    000AH
  +--> ?PR?LOG?LOG
  +--> ?PR?EXP?EXP

?PR?LOG?LOG                                      0020H.0  0000H.1    03C6H    0004H

*** NEW ROOT ***************************************************

?C_C51STARTUP                                    -----    -----      -----    -----
  +--> ?PR?MAIN?MAIN
  +--> ?C_INITSEG

?PR?MAIN?MAIN                                    -----    -----      03CAH    002AH
  +--> ?PR?LCD_INIT?LCD_DRIVER_SPLC780D
  +--> ?PR?SPI_INIT?PCF85063BTL
  +--> ?PR?KEYPAD_IO_INIT?KEYPAD
  +--> ?PR?ADC_INIT?ADC
  +--> ?PR?SI1120_CONFIG_MODE_VIRH?SI1120
  +--> ?PR?ENABLE_EXTINT0?SI1120
  +--> ?PR?VSETLOCATION?BIPOLARMOTOR
  +--> ?PR?_SPI_WRITETIME?PCF85063BTL
  +--> ?PR?_DELAY_MS?KEYPAD
  +--> ?PR?_DISPLAY_LINE?LCD_DRIVER_SPLC780D
  +--> ?PR?_WRITEDATA?LCD_DRIVER_SPLC780D
  +--> ?PR?KEY_PROCESS?KEYPAD
  +--> ?PR?_COMMAND?LCD_DRIVER_SPLC780D
  +--> ?PR?_DISPLAY_POS?LCD_DRIVER_SPLC780D
  +--> ?PR?_DISPLAYLCD?LCD_DRIVER_SPLC780D
  +--> ?PR?_STEP_MOVE?BIPOLARMOTOR
  +--> ?PR?LCD_RETURN_HOME?LCD_DRIVER_SPLC780D
  +--> ?PR?_READ_TIME?PCF85063BTL
BL51 BANKED LINKER/LOCATER V6.22                                                      05/06/2019  15:33:04  PAGE 5


  +--> ?PR?_BCDTODEC1?BIPOLARMOTOR
  +--> ?PR?_ELEVATION_CALCULATION?BIPOLARMOTOR
  +--> ?PR?SIN?SIN
  +--> ?PR?_CALIBRATION?CALIBRATION
  +--> ?PR?AT25SF041_WRITEENABLE?AT25SF041
  +--> ?PR?_AT25SF041_WRITE?AT25SF041
  +--> ?PR?_WAIT_MS_SPINOR?AT25SF041
  +--> ?PR?_UPDATE_POSITION?BIPOLARMOTOR
  +--> ?PR?_ADC_GETRESULT?ADC
  +--> ?PR?SPI_NOR_WRITE_DATA?AT25SF041
  +--> ?PR?LINEAR_INTERPOLATE?BIPOLARMOTOR
  +--> ?PR?_FINDCLOSESTSAMEDAYCALIBTIME?CALI...
  +--> ?PR?LCD_CLEAR?LCD_DRIVER_SPLC780D
  +--> ?PR?AT25SF041_CHIPERASE?AT25SF041

?PR?LCD_INIT?LCD_DRIVER_SPLC780D                 -----    -----      -----    -----
  +--> ?PR?_WAIT_MS?LCD_DRIVER_SPLC780D
  +--> ?PR?_COMMAND?LCD_DRIVER_SPLC780D

?PR?_COMMAND?LCD_DRIVER_SPLC780D                 -----    -----      -----    -----
  +--> ?PR?_WAIT_MS?LCD_DRIVER_SPLC780D

?PR?ADC_INIT?ADC                                 -----    -----      -----    -----
  +--> ?PR?_WAIT_MS?LCD_DRIVER_SPLC780D

?PR?SI1120_CONFIG_MODE_VIRH?SI1120               -----    -----      -----    -----
  +--> ?PR?_WAIT_MS?LCD_DRIVER_SPLC780D

?PR?_SPI_WRITETIME?PCF85063BTL                   -----    -----      -----    -----
  +--> ?PR?_SPI_SENDBYTE?PCF85063BTL

?PR?_SPI_SENDBYTE?PCF85063BTL                    -----    -----      -----    -----
  +--> ?PR?_PCF85063BTL_DELAY?PCF85063BTL

?PR?_DISPLAY_LINE?LCD_DRIVER_SPLC780D            -----    -----      -----    -----
  +--> ?PR?_COMMAND?LCD_DRIVER_SPLC780D

?PR?_WRITEDATA?LCD_DRIVER_SPLC780D               -----    -----      04DEH    0001H
  +--> ?PR?_WAIT_MS?LCD_DRIVER_SPLC780D

?PR?KEY_PROCESS?KEYPAD                           -----    -----      03F4H    0006H
  +--> ?PR?KEY_SCAN?KEYPAD
  +--> ?PR?_SPI_WRITETIME?PCF85063BTL
  +--> ?PR?LCD_CLEAR?LCD_DRIVER_SPLC780D
  +--> ?PR?_COMMAND?LCD_DRIVER_SPLC780D
  +--> ?PR?_WRITEDATA?LCD_DRIVER_SPLC780D

?PR?KEY_SCAN?KEYPAD                              -----    -----      03FAH    0003H

?PR?LCD_CLEAR?LCD_DRIVER_SPLC780D                -----    -----      -----    -----
  +--> ?PR?_COMMAND?LCD_DRIVER_SPLC780D

?PR?_DISPLAY_POS?LCD_DRIVER_SPLC780D             -----    -----      04D3H    000BH
  +--> ?PR?_ABS?LCD_DRIVER_SPLC780D
  +--> ?PR?_WRITEDATA?LCD_DRIVER_SPLC780D

?PR?_DISPLAYLCD?LCD_DRIVER_SPLC780D              -----    -----      03F4H    0001H
BL51 BANKED LINKER/LOCATER V6.22                                                      05/06/2019  15:33:04  PAGE 6


  +--> ?PR?_WRITEDATA?LCD_DRIVER_SPLC780D

?PR?_STEP_MOVE?BIPOLARMOTOR                      0020H.2  0000H.1    04D7H    0004H
  +--> ?PR?VONESTEPMOVE?BIPOLARMOTOR

?PR?VONESTEPMOVE?BIPOLARMOTOR                    0020H.3  0000H.1    -----    -----
  +--> ?PR?_WRITE_PI4IOE5V96248?IOEXPANDER_P...
  +--> ?PR?_DELAY_MS?KEYPAD

?PR?_WRITE_PI4IOE5V96248?IOEXPANDER_P...         -----    -----      04DBH    0003H
  +--> ?PR?I2C_START?IOEXPANDER_PI4IOE5V96248
  +--> ?PR?_WAIT_MS_I2C?IOEXPANDER_PI4IOE5V9...
  +--> ?PR?_I2C_SENDBYTE?IOEXPANDER_PI4IOE5V...
  +--> ?PR?I2C_ACK?IOEXPANDER_PI4IOE5V96248
  +--> ?PR?I2C_STOP?IOEXPANDER_PI4IOE5V96248

?PR?I2C_START?IOEXPANDER_PI4IOE5V96248           -----    -----      -----    -----
  +--> ?PR?_WAIT_MS_I2C?IOEXPANDER_PI4IOE5V9...

?PR?_I2C_SENDBYTE?IOEXPANDER_PI4IOE5V...         -----    -----      -----    -----
  +--> ?PR?_WAIT_MS_I2C?IOEXPANDER_PI4IOE5V9...

?PR?I2C_ACK?IOEXPANDER_PI4IOE5V96248             -----    -----      04DEH    0001H
  +--> ?PR?_WAIT_MS_I2C?IOEXPANDER_PI4IOE5V9...

?PR?I2C_STOP?IOEXPANDER_PI4IOE5V96248            -----    -----      -----    -----
  +--> ?PR?_WAIT_MS_I2C?IOEXPANDER_PI4IOE5V9...

?PR?LCD_RETURN_HOME?LCD_DRIVER_SPLC780D          -----    -----      -----    -----
  +--> ?PR?_COMMAND?LCD_DRIVER_SPLC780D

?PR?_READ_TIME?PCF85063BTL                       -----    -----      03F4H    000FH
  +--> ?PR?_SPI_READTIME?PCF85063BTL

?PR?_SPI_READTIME?PCF85063BTL                    -----    -----      -----    -----
  +--> ?PR?_SPI_SENDBYTE?PCF85063BTL
  +--> ?PR?SPI_RECEIVEBYTE?PCF85063BTL

?PR?SPI_RECEIVEBYTE?PCF85063BTL                  -----    -----      -----    -----
  +--> ?PR?_PCF85063BTL_DELAY?PCF85063BTL

?PR?_ELEVATION_CALCULATION?BIPOLARMOTOR          -----    -----      03F4H    0005H
  +--> ?PR?_BCDTODEC1?BIPOLARMOTOR
  +--> ?PR?SUNPOS?SUNPOS
  +--> ?PR?SIN?SIN
  +--> ?PR?ASIN?ASIN

?PR?SUNPOS?SUNPOS                                -----    -----      0446H    005DH
  +--> ?PR?SIN?SIN
  +--> ?PR?_ATAN2?ATAN2
  +--> ?PR?ASIN?ASIN
  +--> ?PR?ACOS?ACOS

?PR?SIN?SIN                                      0020H.1  0000H.1    04A3H    0004H

?PR?_ATAN2?ATAN2                                 -----    -----      04A3H    0008H
  +--> ?PR?ATAN?ATAN
BL51 BANKED LINKER/LOCATER V6.22                                                      05/06/2019  15:33:04  PAGE 7



?PR?ATAN?ATAN                                    0020H.1  0000H.2    04ABH    0004H

?PR?ASIN?ASIN                                    -----    -----      -----    -----
  +--> ?PR?SQRT?SQRT
  +--> ?PR?ATAN?ATAN

?PR?SQRT?SQRT                                    -----    -----      04A3H    0004H

?PR?ACOS?ACOS                                    -----    -----      -----    -----
  +--> ?PR?SQRT?SQRT
  +--> ?PR?ATAN?ATAN

?PR?_CALIBRATION?CALIBRATION                     -----    -----      03F4H    0024H
  +--> ?PR?VOLTAGE_IS_STABLE?CALIBRATION
  +--> ?PR?_UPDATE_POSITION?BIPOLARMOTOR
  +--> ?PR?_FIND_REAL_MAX?CALIBRATION

?PR?VOLTAGE_IS_STABLE?CALIBRATION                -----    -----      0418H    0018H
  +--> ?PR?_ADC_GETRESULT?ADC
  +--> ?PR?_ABS?LCD_DRIVER_SPLC780D

?PR?_UPDATE_POSITION?BIPOLARMOTOR                -----    -----      0418H    002EH
  +--> ?PR?_BCDTODEC1?BIPOLARMOTOR
  +--> ?PR?SUNPOS?SUNPOS
  +--> ?PR?SIN?SIN
  +--> ?PR?ASIN?ASIN
  +--> ?PR?_THEORICALJP_POSITION?BIPOLARMOTOR
  +--> ?PR?_ABS?LCD_DRIVER_SPLC780D
  +--> ?PR?_MOVE?BIPOLARMOTOR

?PR?_THEORICALJP_POSITION?BIPOLARMOTOR           -----    -----      0446H    005CH
  +--> ?PR?LINEAR_INTERPOLATE?BIPOLARMOTOR

?PR?LINEAR_INTERPOLATE?BIPOLARMOTOR              -----    -----      04A2H    0014H

?PR?_MOVE?BIPOLARMOTOR                           0020H.1  0000H.1    04D3H    0004H
  +--> ?PR?_STEP_MOVE?BIPOLARMOTOR

?PR?_FIND_REAL_MAX?CALIBRATION                   -----    -----      0418H    00BBH
  +--> ?PR?_ADC_GETRESULT?ADC
  +--> ?PR?_WAIT_MS?LCD_DRIVER_SPLC780D
  +--> ?PR?AT25SF041_WRITEENABLE?AT25SF041
  +--> ?PR?_AT25SF041_WRITE?AT25SF041
  +--> ?PR?_WAIT_MS_SPINOR?AT25SF041
  +--> ?PR?_COMMAND?LCD_DRIVER_SPLC780D
  +--> ?PR?_WRITEDATA?LCD_DRIVER_SPLC780D
  +--> ?PR?_DISPLAY_POS?LCD_DRIVER_SPLC780D
  +--> ?PR?_MOVE?BIPOLARMOTOR
  +--> ?PR?_MAX_VALUE?CALIBRATION

?PR?AT25SF041_WRITEENABLE?AT25SF041              -----    -----      04D3H    0002H
  +--> ?PR?_WAIT_MS_SPINOR?AT25SF041
  +--> ?PR?UCREAD_STATUS_REGISTER_BYTE1?AT25...

?PR?UCREAD_STATUS_REGISTER_BYTE1?AT25...         -----    -----      04DBH    0003H
  +--> ?PR?_WAIT_MS_SPINOR?AT25SF041
BL51 BANKED LINKER/LOCATER V6.22                                                      05/06/2019  15:33:04  PAGE 8



?PR?_AT25SF041_WRITE?AT25SF041                   -----    -----      04D3H    0008H
  +--> ?PR?_WAIT_MS_SPINOR?AT25SF041
  +--> ?PR?UCREAD_STATUS_REGISTER_BYTE1?AT25...

?PR?_MAX_VALUE?CALIBRATION                       -----    -----      04D3H    0004H

?PR?SPI_NOR_WRITE_DATA?AT25SF041                 -----    -----      03F4H    000EH
  +--> ?PR?AT25SF041_WRITEENABLE?AT25SF041
  +--> ?PR?_AT25SF041_WRITE?AT25SF041
  +--> ?PR?_WAIT_MS_SPINOR?AT25SF041

?PR?AT25SF041_CHIPERASE?AT25SF041                -----    -----      03F4H    0002H
  +--> ?PR?_WAIT_MS_SPINOR?AT25SF041
  +--> ?PR?UCREAD_STATUS_REGISTER_BYTE1?AT25...



SYMBOL TABLE OF MODULE:  .\Obj\GPIO_RTC_Test (MAIN)

  VALUE           TYPE          NAME
  ----------------------------------

  -------         MODULE        MAIN
  C:0000H         SYMBOL        _ICE_DUMMY_
  X:04E7H         PUBLIC        calib_value
  D:0080H         PUBLIC        P0
  D:00B2H         PUBLIC        P3M0
  D:0090H         PUBLIC        P1
  D:00B1H         PUBLIC        P3M1
  D:00A0H         PUBLIC        P2
  D:00B0H         PUBLIC        P3
  D:00C0H         PUBLIC        P4
  D:00C8H         PUBLIC        P5
  X:053BH         SYMBOL        PressedKey
  B:00A8H.7       PUBLIC        EA
  D:00E8H         PUBLIC        P6
  X:053FH         PUBLIC        calib_stamp
  D:00F8H         PUBLIC        P7
  X:0540H         PUBLIC        calib_bool
  D:00A8H         PUBLIC        IE
  X:056AH         PUBLIC        calib_time
  D:00B8H         PUBLIC        IP
  B:00B0H.2       PUBLIC        INT0
  X:05BEH         PUBLIC        months
  D:00D8H         PUBLIC        CCON
  C:001EH         PUBLIC        main
  X:05BFH         PUBLIC        count
  X:05C1H         PUBLIC        days
  X:05C2H         PUBLIC        hours
  D:0098H         PUBLIC        SCON
  D:0089H         PUBLIC        TMOD
  D:0088H         PUBLIC        TCON
  B:00A0H.3       PUBLIC        P23
  X:05C3H         SYMBOL        KeyCount
  X:05C5H         PUBLIC        mins
  B:00C8H.5       PUBLIC        P55
BL51 BANKED LINKER/LOCATER V6.22                                                      05/06/2019  15:33:04  PAGE 9


  D:008EH         PUBLIC        AUXR
  C:5190H         PUBLIC        tm0_isr
  B:0090H.5       PUBLIC        SI1120_STX
  C:5368H         PUBLIC        tm1_isr
  B:0020H.4       PUBLIC        busy
  B:00A8H.1       PUBLIC        ET0
  B:00A8H.3       PUBLIC        ET1
  X:05C6H         PUBLIC        SPI_NOR_INTERNAL_FLASH_ADDR
  D:008CH         PUBLIC        TH0
  D:008DH         PUBLIC        TH1
  D:008AH         PUBLIC        TL0
  D:008BH         PUBLIC        TL1
  B:0088H.4       PUBLIC        TR0
  B:0088H.6       PUBLIC        TR1
  C:4551H         PUBLIC        exint0
  X:05CAH         SYMBOL        KeyNum
  X:05CBH         SYMBOL        KeyNum_Old
  X:05CCH         PUBLIC        timer0_count
  X:05CEH         PUBLIC        current_position
  X:05D2H         PUBLIC        pwm_time
  X:05D6H         PUBLIC        start_timer0_count
  X:05D7H         PUBLIC        seconds
  D:00D0H         PUBLIC        PSW
  -------         PROC          TM0_ISR
  C:5190H         LINE#         93
  C:5196H         LINE#         97
  C:5199H         LINE#         98
  C:519CH         LINE#         99
  C:51AAH         LINE#         100
  -------         ENDPROC       TM0_ISR
  -------         PROC          TM1_ISR
  C:5368H         LINE#         101
  C:5368H         LINE#         103
  C:536AH         LINE#         105
  C:536DH         LINE#         106
  C:5370H         LINE#         107
  -------         ENDPROC       TM1_ISR
  -------         PROC          EXINT0
  C:4551H         LINE#         108
  C:456EH         LINE#         112
  C:4571H         LINE#         113
  C:4571H         LINE#         114
  C:4574H         LINE#         115
  C:4577H         LINE#         116
  C:4579H         LINE#         117
  C:457BH         LINE#         121
  C:457EH         LINE#         124
  C:457EH         LINE#         125
  C:4580H         LINE#         127
  C:458CH         LINE#         128
  C:45E6H         LINE#         129
  C:4624H         LINE#         130
  C:462BH         LINE#         135
  C:462BH         LINE#         137
  -------         ENDPROC       EXINT0
  -------         PROC          MAIN
  -------         DO            
BL51 BANKED LINKER/LOCATER V6.22                                                      05/06/2019  15:33:04  PAGE 10


  X:04DFH         SYMBOL        KeyCount
  X:04E1H         SYMBOL        KeyNum_Old
  X:04E2H         SYMBOL        KeyNum
  X:04E3H         SYMBOL        PressedKey
  X:03CAH         SYMBOL        prox_flag
  X:03CBH         SYMBOL        iUse_prevday_calib_value
  X:03CDH         SYMBOL        max_ADC_Val_JP
  X:03CFH         SYMBOL        max_ADC_Val
  X:03D1H         SYMBOL        calib_point1
  X:03D9H         SYMBOL        calib_point2
  X:03E1H         SYMBOL        dat_to_store
  X:03ECH         SYMBOL        calib_day
  X:03EEH         SYMBOL        calib_count
  X:03F0H         SYMBOL        theorical_JP_max_pos
  D:0004H         SYMBOL        elevation
  -------         ENDDO         
  C:001EH         LINE#         139
  C:001EH         LINE#         140
  C:001EH         LINE#         145
  C:0024H         LINE#         146
  C:0029H         LINE#         148
  C:0031H         LINE#         152
  C:0037H         LINE#         153
  C:0041H         LINE#         160
  C:0049H         LINE#         161
  C:0050H         LINE#         162
  C:0056H         LINE#         164
  C:005CH         LINE#         173
  C:005EH         LINE#         174
  C:0061H         LINE#         175
  C:0064H         LINE#         176
  C:0067H         LINE#         177
  C:006AH         LINE#         178
  C:006DH         LINE#         181
  C:0070H         LINE#         184
  C:0073H         LINE#         185
  C:0076H         LINE#         187
  C:0079H         LINE#         189
  C:007CH         LINE#         190
  C:007FH         LINE#         191
  C:0082H         LINE#         192
  C:0085H         LINE#         193
  C:0088H         LINE#         194
  C:008BH         LINE#         195
  C:008DH         LINE#         196
  C:008FH         LINE#         198
  C:0091H         LINE#         199
  C:0098H         LINE#         200
  C:009FH         LINE#         201
  C:00A6H         LINE#         202
  C:00ADH         LINE#         206
  C:00B4H         LINE#         207
  C:00B9H         LINE#         208
  C:00BEH         LINE#         209
  C:00C3H         LINE#         210
  C:00C8H         LINE#         211
  C:00CDH         LINE#         214
BL51 BANKED LINKER/LOCATER V6.22                                                      05/06/2019  15:33:04  PAGE 11


  C:00E6H         LINE#         215
  C:00E6H         LINE#         216
  C:0102H         LINE#         217
  C:0149H         LINE#         218
  C:015AH         LINE#         221
  C:015AH         LINE#         222
  C:015AH         LINE#         223
  C:015DH         LINE#         227
  C:015DH         LINE#         230
  C:0162H         LINE#         231
  C:0167H         LINE#         233
  C:016CH         LINE#         234
  C:0171H         LINE#         235
  C:0176H         LINE#         236
  C:017BH         LINE#         238
  C:018CH         LINE#         239
  C:0191H         LINE#         240
  C:0196H         LINE#         242
  C:019DH         LINE#         243
  C:01A5H         LINE#         244
  C:01AAH         LINE#         245
  C:01B2H         LINE#         246
  C:01B7H         LINE#         247
  C:01C1H         LINE#         248
  C:01C6H         LINE#         249
  C:01CEH         LINE#         251
  C:01D6H         LINE#         252
  C:01DBH         LINE#         253
  C:01E5H         LINE#         254
  C:01E5H         LINE#         255
  C:01E7H         LINE#         256
  C:01E9H         LINE#         257
  C:01F3H         LINE#         258
  C:01F3H         LINE#         259
  C:01F8H         LINE#         260
  C:01F8H         LINE#         272
  C:020CH         LINE#         273
  C:020CH         LINE#         274
  C:0221H         LINE#         275
  C:0230H         LINE#         276
  C:0230H         LINE#         277
  C:0243H         LINE#         278
  C:0245H         LINE#         280
  C:0245H         LINE#         281
  C:0261H         LINE#         282
  C:0261H         LINE#         283
  C:0266H         LINE#         284
  C:0266H         LINE#         285
  C:027AH         LINE#         286
  C:027AH         LINE#         289
  C:028FH         LINE#         290
  C:029EH         LINE#         291
  C:029EH         LINE#         292
  C:02B1H         LINE#         293
  C:02B3H         LINE#         295
  C:02B3H         LINE#         296
  C:02CFH         LINE#         297
BL51 BANKED LINKER/LOCATER V6.22                                                      05/06/2019  15:33:04  PAGE 12


  C:02CFH         LINE#         298
  C:02D4H         LINE#         299
  C:02DAH         LINE#         300
  C:02DAH         LINE#         302
  C:02FCH         LINE#         303
  C:02FCH         LINE#         304
  C:0306H         LINE#         305
  C:030CH         LINE#         306
  C:0313H         LINE#         307
  C:0319H         LINE#         308
  C:0320H         LINE#         309
  C:0320H         LINE#         310
  C:0323H         LINE#         312
  C:0323H         LINE#         317
  C:035EH         LINE#         321
  C:036BH         LINE#         322
  C:036BH         LINE#         326
  C:036BH         LINE#         327
  C:0393H         LINE#         328
  C:0393H         LINE#         329
  C:03B5H         LINE#         330
  C:03B5H         LINE#         332
  C:03D5H         LINE#         335
  C:0404H         LINE#         341
  C:0404H         LINE#         342
  C:0480H         LINE#         343
  C:0499H         LINE#         344
  C:0523H         LINE#         345
  C:0523H         LINE#         347
  C:0523H         LINE#         349
  C:052AH         LINE#         350
  C:052AH         LINE#         351
  C:052DH         LINE#         352
  C:054BH         LINE#         353
  C:0552H         LINE#         354
  C:0571H         LINE#         355
  C:0590H         LINE#         357
  C:060CH         LINE#         358
  C:0624H         LINE#         360
  C:067CH         LINE#         361
  C:06B7H         LINE#         362
  C:06C4H         LINE#         363
  C:06D4H         LINE#         364
  C:06D4H         LINE#         366
  C:06DCH         LINE#         367
  C:06E4H         LINE#         368
  C:06ECH         LINE#         369
  C:06F4H         LINE#         371
  C:0702H         LINE#         372
  C:0718H         LINE#         373
  C:0748H         LINE#         374
  C:0768H         LINE#         376
  C:077CH         LINE#         377
  C:0792H         LINE#         378
  C:07C2H         LINE#         379
  C:07C9H         LINE#         381
  C:07EDH         LINE#         384
BL51 BANKED LINKER/LOCATER V6.22                                                      05/06/2019  15:33:04  PAGE 13


  C:07EFH         LINE#         386
  C:07FDH         LINE#         387
  C:07FDH         LINE#         388
  C:0805H         LINE#         390
  C:0805H         LINE#         393
  C:0805H         LINE#         394
  C:0812H         LINE#         395
  C:0812H         LINE#         396
  C:0834H         LINE#         397
  C:0834H         LINE#         398
  C:08B0H         LINE#         399
  C:0905H         LINE#         400
  C:0905H         LINE#         402
  C:0908H         LINE#         406
  C:0908H         LINE#         409
  C:092AH         LINE#         410
  C:092AH         LINE#         411
  C:09A6H         LINE#         413
  C:09D3H         LINE#         414
  C:09EEH         LINE#         415
  C:0A1BH         LINE#         416
  C:0A4EH         LINE#         417
  C:0A4EH         LINE#         418
  C:0A78H         LINE#         419
  C:0B11H         LINE#         420
  C:0B13H         LINE#         422
  C:0B13H         LINE#         423
  C:0B76H         LINE#         424
  C:0B76H         LINE#         428
  C:0B76H         LINE#         430
  C:0B76H         LINE#         431
  C:0B76H         LINE#         433
  C:0B76H         LINE#         436
  C:0B92H         LINE#         437
  C:0B96H         LINE#         439
  C:0B98H         LINE#         442
  C:0BA7H         LINE#         443
  C:0BA7H         LINE#         444
  C:0BAAH         LINE#         445
  C:0BB1H         LINE#         446
  C:0BB6H         LINE#         447
  C:0BBBH         LINE#         448
  C:0BC0H         LINE#         449
  C:0BC5H         LINE#         450
  C:0BCAH         LINE#         460
  C:0BCDH         LINE#         462
  C:0BD0H         LINE#         463
  C:0BD7H         LINE#         464
  C:0BE1H         LINE#         465
  C:0BE8H         LINE#         467
  C:0BEBH         LINE#         476
  C:0BEBH         LINE#         477
  -------         ENDPROC       MAIN
  -------         ENDMOD        MAIN

  -------         MODULE        PCF85063BTL
  C:0000H         SYMBOL        _ICE_DUMMY_
BL51 BANKED LINKER/LOCATER V6.22                                                      05/06/2019  15:33:04  PAGE 14


  D:0096H         PUBLIC        P2M0
  D:0080H         PUBLIC        P0
  D:0095H         PUBLIC        P2M1
  D:0090H         PUBLIC        P1
  D:00A0H         PUBLIC        P2
  D:00B0H         PUBLIC        P3
  D:00C0H         PUBLIC        P4
  D:00C8H         PUBLIC        P5
  D:00E8H         PUBLIC        P6
  B:00A0H.1       PUBLIC        PCF85063BTL_SDI
  D:00F8H         PUBLIC        P7
  B:00A0H.2       PUBLIC        PCF85063BTL_SCK
  B:00A0H.1       PUBLIC        PCF85063BTL_SDO
  D:00A8H         PUBLIC        IE
  C:4D90H         PUBLIC        _Read_time
  C:52D9H         PUBLIC        _PCF85063BTL_Delay
  D:00B8H         PUBLIC        IP
  D:00D8H         PUBLIC        CCON
  C:4C1DH         PUBLIC        _Day_Of_Year
  C:51D1H         PUBLIC        SPI_ReceiveByte
  D:0098H         PUBLIC        SCON
  D:0088H         PUBLIC        TCON
  C:530CH         PUBLIC        _BCDtoDec
  B:00A0H.0       PUBLIC        PCF85063BTL_CS
  C:52FBH         PUBLIC        _SPI_ReadTime
  C:000EH         PUBLIC        SPI_Init
  C:5266H         PUBLIC        _SPI_WriteTime
  C:51B1H         PUBLIC        _SPI_SendByte
  D:00D0H         PUBLIC        PSW
  C:52D5H         SYMBOL        L?0048
  -------         PROC          L?0047
  -------         ENDPROC       L?0047
  C:52D5H         SYMBOL        L?0048
  -------         PROC          _PCF85063BTL_DELAY
  D:0006H         SYMBOL        us
  C:52D9H         LINE#         8
  C:52D9H         LINE#         9
  C:52D9H         LINE#         10
  C:52E3H         LINE#         11
  C:52E3H         LINE#         12
  C:52E4H         LINE#         13
  C:52E6H         LINE#         14
  -------         ENDPROC       _PCF85063BTL_DELAY
  -------         PROC          _SPI_SENDBYTE
  D:0005H         SYMBOL        dat
  -------         DO            
  D:0003H         SYMBOL        i
  -------         ENDDO         
  C:51B1H         LINE#         17
  C:51B3H         LINE#         18
  C:51B3H         LINE#         20
  C:51B5H         LINE#         21
  C:51B5H         LINE#         22
  C:51B7H         LINE#         23
  C:51BBH         LINE#         24
  C:51BBH         LINE#         25
  C:51BDH         LINE#         26
BL51 BANKED LINKER/LOCATER V6.22                                                      05/06/2019  15:33:04  PAGE 15


  C:51BFH         LINE#         28
  C:51BFH         LINE#         29
  C:51C1H         LINE#         30
  C:51C1H         LINE#         31
  C:51C4H         LINE#         32
  C:51C4H         LINE#         33
  C:51C7H         LINE#         34
  C:51CBH         LINE#         35
  C:51D0H         LINE#         36
  -------         ENDPROC       _SPI_SENDBYTE
  -------         PROC          SPI_RECEIVEBYTE
  -------         DO            
  D:0003H         SYMBOL        i
  D:0005H         SYMBOL        dat
  -------         ENDDO         
  C:51D1H         LINE#         39
  C:51D1H         LINE#         40
  C:51D1H         LINE#         42
  C:51D3H         LINE#         44
  C:51D5H         LINE#         45
  C:51D6H         LINE#         46
  C:51D6H         LINE#         47
  C:51DAH         LINE#         48
  C:51DCH         LINE#         49
  C:51DFH         LINE#         51
  C:51E2H         LINE#         52
  C:51E2H         LINE#         53
  C:51E6H         LINE#         54
  C:51E6H         LINE#         55
  C:51E6H         LINE#         56
  C:51E9H         LINE#         57
  C:51EEH         LINE#         58
  C:51F0H         LINE#         59
  -------         ENDPROC       SPI_RECEIVEBYTE
  -------         PROC          _SPI_READTIME
  D:0007H         SYMBOL        addr
  -------         DO            
  D:0006H         SYMBOL        dat
  -------         ENDDO         
  C:52FBH         LINE#         61
  C:52FBH         LINE#         62
  C:52FBH         LINE#         64
  C:52FDH         LINE#         65
  C:52FFH         LINE#         66
  C:5306H         LINE#         67
  C:5309H         LINE#         68
  C:530BH         LINE#         69
  C:530BH         LINE#         70
  -------         ENDPROC       _SPI_READTIME
  -------         PROC          _SPI_WRITETIME
  D:0002H         SYMBOL        val
  D:0005H         SYMBOL        addr
  C:5266H         LINE#         71
  C:5268H         LINE#         72
  C:5268H         LINE#         74
  C:526AH         LINE#         75
  C:5271H         LINE#         76
BL51 BANKED LINKER/LOCATER V6.22                                                      05/06/2019  15:33:04  PAGE 16


  C:5276H         LINE#         77
  C:527BH         LINE#         78
  C:527DH         LINE#         79
  -------         ENDPROC       _SPI_WRITETIME
  -------         PROC          SPI_INIT
  C:000EH         LINE#         83
  C:000EH         LINE#         84
  C:000EH         LINE#         89
  C:0011H         LINE#         90
  C:0014H         LINE#         91
  C:0016H         LINE#         92
  C:0018H         LINE#         93
  C:001AH         LINE#         94
  -------         ENDPROC       SPI_INIT
  -------         PROC          _READ_TIME
  X:03F4H         SYMBOL        months
  X:03F7H         SYMBOL        days
  X:03FAH         SYMBOL        hours
  X:03FDH         SYMBOL        mins
  X:0400H         SYMBOL        seconds
  C:4D90H         LINE#         96
  C:4D9BH         LINE#         97
  C:4D9BH         LINE#         99
  C:4DAFH         LINE#         101
  C:4DC3H         LINE#         103
  C:4DD7H         LINE#         108
  C:4DEBH         LINE#         113
  -------         ENDPROC       _READ_TIME
  -------         PROC          _BCDTODEC
  D:0007H         SYMBOL        bcd
  -------         DO            
  D:0006H         SYMBOL        hi
  D:0007H         SYMBOL        lo
  -------         ENDDO         
  C:530CH         LINE#         119
  C:530CH         LINE#         120
  C:530CH         LINE#         122
  C:5311H         LINE#         123
  C:5315H         LINE#         124
  C:531CH         LINE#         125
  -------         ENDPROC       _BCDTODEC
  -------         PROC          _DAY_OF_YEAR
  D:0007H         SYMBOL        months_bcd
  D:0005H         SYMBOL        days_bcd
  -------         DO            
  D:0004H         SYMBOL        months
  D:0007H         SYMBOL        days
  -------         ENDDO         
  C:4C1DH         LINE#         126
  C:4C1DH         LINE#         127
  C:4C1DH         LINE#         130
  C:4C22H         LINE#         132
  C:4C27H         LINE#         134
  C:4C60H         LINE#         135
  C:4C60H         LINE#         136
  C:4C60H         LINE#         137
  C:4C63H         LINE#         138
BL51 BANKED LINKER/LOCATER V6.22                                                      05/06/2019  15:33:04  PAGE 17


  C:4C63H         LINE#         139
  C:4C63H         LINE#         140
  C:4C68H         LINE#         141
  C:4C68H         LINE#         142
  C:4C68H         LINE#         143
  C:4C6DH         LINE#         144
  C:4C6DH         LINE#         145
  C:4C6DH         LINE#         146
  C:4C72H         LINE#         147
  C:4C72H         LINE#         148
  C:4C72H         LINE#         149
  C:4C77H         LINE#         150
  C:4C77H         LINE#         151
  C:4C77H         LINE#         152
  C:4C7CH         LINE#         153
  C:4C7CH         LINE#         154
  C:4C7CH         LINE#         155
  C:4C81H         LINE#         156
  C:4C81H         LINE#         157
  C:4C81H         LINE#         158
  C:4C86H         LINE#         159
  C:4C86H         LINE#         160
  C:4C86H         LINE#         161
  C:4C8EH         LINE#         162
  C:4C8EH         LINE#         163
  C:4C8EH         LINE#         164
  C:4C93H         LINE#         165
  C:4C93H         LINE#         166
  C:4C93H         LINE#         167
  C:4C98H         LINE#         168
  C:4C98H         LINE#         169
  C:4C98H         LINE#         170
  C:4CA1H         LINE#         171
  C:4CA1H         LINE#         172
  C:4CA1H         LINE#         173
  C:4CA4H         LINE#         174
  C:4CA4H         LINE#         175
  -------         ENDPROC       _DAY_OF_YEAR
  -------         ENDMOD        PCF85063BTL

  -------         MODULE        LCD_DRIVER_SPLC780D
  C:0000H         SYMBOL        _ICE_DUMMY_
  D:0092H         PUBLIC        P1M0
  D:0091H         PUBLIC        P1M1
  D:0080H         PUBLIC        P0
  D:0090H         PUBLIC        P1
  D:00A0H         PUBLIC        P2
  D:00B0H         PUBLIC        P3
  D:00C0H         PUBLIC        P4
  D:00C8H         PUBLIC        P5
  D:00E8H         PUBLIC        P6
  D:00F8H         PUBLIC        P7
  C:4CA9H         PUBLIC        _WriteData
  D:00A8H         PUBLIC        IE
  D:00B8H         PUBLIC        IP
  D:00D8H         PUBLIC        CCON
  B:00B0H.4       PUBLIC        LCD_D4
BL51 BANKED LINKER/LOCATER V6.22                                                      05/06/2019  15:33:04  PAGE 18


  B:00B0H.5       PUBLIC        LCD_D5
  B:00B0H.6       PUBLIC        LCD_D6
  C:522EH         PUBLIC        _DisplayLCD
  B:00B0H.7       PUBLIC        LCD_D7
  D:0098H         PUBLIC        SCON
  D:0088H         PUBLIC        TCON
  C:52E7H         PUBLIC        _abs
  C:535EH         PUBLIC        LCD_clear
  C:4F8AH         PUBLIC        _Command
  C:5294H         PUBLIC        _Display_Line
  C:4E59H         PUBLIC        LCD_Init
  C:5172H         PUBLIC        _Wait_ms
  B:00C0H.0       PUBLIC        LCD_RS
  B:0090H.3       PUBLIC        LCD_RW
  C:5354H         PUBLIC        LCD_return_home
  C:3F9FH         PUBLIC        _Display_Pos
  B:00B0H.3       PUBLIC        LCD_E
  D:00D0H         PUBLIC        PSW
  -------         PROC          LCD_INIT
  C:4E59H         LINE#         9
  C:4E59H         LINE#         10
  C:4E59H         LINE#         11
  C:4E5CH         LINE#         12
  C:4E5FH         LINE#         14
  C:4E65H         LINE#         15
  C:4E6AH         LINE#         17
  C:4E71H         LINE#         18
  C:4E76H         LINE#         20
  C:4E79H         LINE#         21
  C:4E7EH         LINE#         23
  C:4E81H         LINE#         24
  C:4E86H         LINE#         26
  C:4E8DH         LINE#         29
  C:4E92H         LINE#         30
  C:4E97H         LINE#         32
  C:4E9CH         LINE#         33
  C:4EA1H         LINE#         35
  C:4EA6H         LINE#         36
  C:4EABH         LINE#         37
  -------         ENDPROC       LCD_INIT
  C:4CA5H         SYMBOL        L?0038
  -------         PROC          L?0037
  -------         ENDPROC       L?0037
  C:4CA5H         SYMBOL        L?0038
  -------         PROC          _WRITEDATA
  X:04DEH         SYMBOL        dat
  C:4CA9H         LINE#         40
  C:4CAEH         LINE#         41
  C:4CAEH         LINE#         46
  C:4CB0H         LINE#         47
  C:4CB2H         LINE#         49
  C:4CC0H         LINE#         50
  C:4CCCH         LINE#         51
  C:4CD8H         LINE#         52
  C:4CE2H         LINE#         53
  C:4CE4H         LINE#         54
  C:4CEBH         LINE#         55
BL51 BANKED LINKER/LOCATER V6.22                                                      05/06/2019  15:33:04  PAGE 19


  C:4CEDH         LINE#         57
  C:4CFDH         LINE#         58
  C:4D08H         LINE#         59
  C:4D12H         LINE#         60
  C:4D16H         LINE#         62
  C:4D16H         LINE#         63
  C:4D19H         LINE#         64
  C:4D1BH         LINE#         65
  C:4D1DH         LINE#         67
  -------         ENDPROC       _WRITEDATA
  -------         PROC          _COMMAND
  D:0007H         SYMBOL        dat
  C:4F8AH         LINE#         69
  C:4F8AH         LINE#         70
  C:4F8AH         LINE#         71
  C:4F8CH         LINE#         72
  C:4F8EH         LINE#         74
  C:4F98H         LINE#         75
  C:4F9CH         LINE#         77
  C:4F9EH         LINE#         78
  C:4FA7H         LINE#         79
  C:4FABH         LINE#         81
  C:4FADH         LINE#         82
  C:4FB4H         LINE#         83
  C:4FB8H         LINE#         85
  C:4FBAH         LINE#         86
  C:4FBEH         LINE#         87
  C:4FC2H         LINE#         89
  C:4FC4H         LINE#         90
  C:4FC4H         LINE#         91
  C:4FC7H         LINE#         92
  C:4FC9H         LINE#         93
  -------         ENDPROC       _COMMAND
  C:516EH         SYMBOL        L?0040
  -------         PROC          L?0039
  -------         ENDPROC       L?0039
  C:516EH         SYMBOL        L?0040
  -------         PROC          _WAIT_MS
  D:0006H         SYMBOL        ms
  -------         DO            
  D:0004H         SYMBOL        De_Cnt
  -------         ENDDO         
  C:5172H         LINE#         95
  C:5172H         LINE#         96
  C:5172H         LINE#         98
  C:517CH         LINE#         99
  C:517CH         LINE#         100
  C:518FH         LINE#         101
  C:518FH         LINE#         102
  -------         ENDPROC       _WAIT_MS
  -------         PROC          _DISPLAYLCD
  D:0007H         SYMBOL        BCD
  -------         DO            
  D:0006H         SYMBOL        first_digit
  X:03F4H         SYMBOL        second_digit
  -------         ENDDO         
  C:522EH         LINE#         103
BL51 BANKED LINKER/LOCATER V6.22                                                      05/06/2019  15:33:04  PAGE 20


  C:522EH         LINE#         104
  C:522EH         LINE#         106
  C:5235H         LINE#         107
  C:523EH         LINE#         109
  C:5243H         LINE#         111
  -------         ENDPROC       _DISPLAYLCD
  -------         PROC          LCD_RETURN_HOME
  C:5354H         LINE#         115
  C:5354H         LINE#         116
  C:5354H         LINE#         117
  C:5359H         LINE#         118
  -------         ENDPROC       LCD_RETURN_HOME
  -------         PROC          LCD_CLEAR
  C:535EH         LINE#         121
  C:535EH         LINE#         122
  C:535EH         LINE#         123
  C:5363H         LINE#         124
  -------         ENDPROC       LCD_CLEAR
  -------         PROC          _DISPLAY_LINE
  D:0006H         SYMBOL        line
  C:5294H         LINE#         128
  C:5294H         LINE#         129
  C:5294H         LINE#         130
  C:529AH         LINE#         131
  C:529AH         LINE#         132
  C:529CH         LINE#         133
  C:529CH         LINE#         134
  C:529EH         LINE#         136
  C:529EH         LINE#         137
  C:52A3H         LINE#         138
  C:52A8H         LINE#         139
  C:52A8H         LINE#         140
  -------         ENDPROC       _DISPLAY_LINE
  -------         PROC          _DISPLAY_POS
  X:04D3H         SYMBOL        sign_dat
  -------         DO            
  X:04D7H         SYMBOL        unit
  X:04D8H         SYMBOL        ten
  X:04D9H         SYMBOL        hundred
  X:04DAH         SYMBOL        thousand
  X:04DBH         SYMBOL        after_dot
  X:04DCH         SYMBOL        dat
  -------         ENDDO         
  C:3F9FH         LINE#         142
  C:3FA5H         LINE#         143
  C:3FA5H         LINE#         147
  C:3FC1H         LINE#         148
  C:3FDBH         LINE#         149
  C:3FFFH         LINE#         151
  C:4049H         LINE#         153
  C:4060H         LINE#         154
  C:4072H         LINE#         155
  C:4097H         LINE#         156
  C:40B1H         LINE#         157
  C:40C9H         LINE#         158
  C:40C9H         LINE#         159
  C:40C9H         LINE#         160
BL51 BANKED LINKER/LOCATER V6.22                                                      05/06/2019  15:33:04  PAGE 21


  C:40C9H         LINE#         161
  C:40C9H         LINE#         162
  C:40C9H         LINE#         163
  C:40C9H         LINE#         164
  C:40C9H         LINE#         168
  C:40CBH         LINE#         170
  C:40CBH         LINE#         172
  C:40D0H         LINE#         173
  C:40D6H         LINE#         174
  C:40DCH         LINE#         175
  C:40E2H         LINE#         176
  C:40E8H         LINE#         177
  C:40EDH         LINE#         178
  C:40F3H         LINE#         182
  C:40F3H         LINE#         184
  -------         ENDPROC       _DISPLAY_POS
  -------         PROC          _ABS
  D:0006H         SYMBOL        dat
  C:52E7H         LINE#         186
  C:52E7H         LINE#         187
  C:52E7H         LINE#         188
  C:52F2H         LINE#         189
  C:52F3H         LINE#         191
  C:52FAH         LINE#         192
  -------         ENDPROC       _ABS
  -------         ENDMOD        LCD_DRIVER_SPLC780D

  -------         MODULE        KEYPAD
  C:0000H         SYMBOL        _ICE_DUMMY_
  D:0093H         PUBLIC        P0M1
  D:0080H         PUBLIC        P0
  D:0090H         PUBLIC        P1
  D:00A0H         PUBLIC        P2
  D:00B0H         PUBLIC        P3
  D:00C0H         PUBLIC        P4
  D:00C8H         PUBLIC        P5
  D:00E8H         PUBLIC        P6
  D:00F8H         PUBLIC        P7
  D:00A8H         PUBLIC        IE
  C:399BH         PUBLIC        Key_Scan
  D:00B8H         PUBLIC        IP
  D:00D8H         PUBLIC        CCON
  C:5348H         PUBLIC        KeyPad_IO_Init
  C:5210H         PUBLIC        _Delay_ms
  D:0098H         PUBLIC        SCON
  D:0088H         PUBLIC        TCON
  X:05E7H         PUBLIC        small_move
  X:05E9H         PUBLIC        move
  X:05EBH         PUBLIC        auto_mode
  X:05EDH         PUBLIC        direction
  X:05EFH         PUBLIC        SPI_NOR_ClearEnable
  C:30DCH         PUBLIC        Key_Process
  D:00D0H         PUBLIC        PSW
  D:0094H         PUBLIC        P0M0
  -------         PROC          _DELAY_MS
  D:0006H         SYMBOL        ms
  -------         DO            
BL51 BANKED LINKER/LOCATER V6.22                                                      05/06/2019  15:33:04  PAGE 22


  D:0004H         SYMBOL        De_Cnt
  -------         ENDDO         
  C:5210H         LINE#         20
  C:5210H         LINE#         21
  C:5210H         LINE#         23
  C:521AH         LINE#         24
  C:521AH         LINE#         25
  C:522DH         LINE#         26
  C:522DH         LINE#         27
  -------         ENDPROC       _DELAY_MS
  -------         PROC          KEY_SCAN
  -------         DO            
  X:03FAH         SYMBOL        KeyTemp1
  X:03FBH         SYMBOL        KeyTemp2
  X:03FCH         SYMBOL        KeyValue
  -------         ENDDO         
  C:399BH         LINE#         28
  C:399BH         LINE#         29
  C:399BH         LINE#         34
  C:399EH         LINE#         37
  C:39A1H         LINE#         39
  C:39A9H         LINE#         40
  C:39B0H         LINE#         41
  C:39B0H         LINE#         43
  C:39B5H         LINE#         44
  C:39BCH         LINE#         45
  C:39BCH         LINE#         48
  C:39BFH         LINE#         49
  C:39C2H         LINE#         50
  C:39C7H         LINE#         51
  C:39CBH         LINE#         52
  C:39CBH         LINE#         53
  C:39D3H         LINE#         54
  C:39D3H         LINE#         55
  C:39D6H         LINE#         56
  C:39DEH         LINE#         57
  C:39E0H         LINE#         59
  C:39F4H         LINE#         60
  C:39F4H         LINE#         61
  C:39F4H         LINE#         62
  C:39F4H         LINE#         63
  C:39FAH         LINE#         65
  C:39FCH         LINE#         66
  C:39FCH         LINE#         67
  C:39FCH         LINE#         68
  C:3A02H         LINE#         70
  C:3A04H         LINE#         71
  C:3A04H         LINE#         72
  C:3A04H         LINE#         73
  C:3A0AH         LINE#         75
  C:3A0CH         LINE#         76
  C:3A0CH         LINE#         77
  C:3A0CH         LINE#         78
  C:3A12H         LINE#         80
  C:3A12H         LINE#         81
  C:3A12H         LINE#         82
  C:3A12H         LINE#         85
BL51 BANKED LINKER/LOCATER V6.22                                                      05/06/2019  15:33:04  PAGE 23


  C:3A15H         LINE#         86
  C:3A18H         LINE#         87
  C:3A20H         LINE#         88
  C:3A24H         LINE#         89
  C:3A24H         LINE#         90
  C:3A2CH         LINE#         91
  C:3A2CH         LINE#         92
  C:3A2FH         LINE#         93
  C:3A37H         LINE#         94
  C:3A39H         LINE#         95
  C:3A4DH         LINE#         96
  C:3A4DH         LINE#         97
  C:3A4DH         LINE#         98
  C:3A4DH         LINE#         99
  C:3A53H         LINE#         101
  C:3A55H         LINE#         102
  C:3A55H         LINE#         103
  C:3A55H         LINE#         104
  C:3A5BH         LINE#         106
  C:3A5DH         LINE#         107
  C:3A5DH         LINE#         108
  C:3A5DH         LINE#         109
  C:3A63H         LINE#         111
  C:3A65H         LINE#         112
  C:3A65H         LINE#         113
  C:3A65H         LINE#         114
  C:3A6AH         LINE#         116
  C:3A6AH         LINE#         117
  C:3A6AH         LINE#         118
  C:3A6AH         LINE#         121
  C:3A6DH         LINE#         122
  C:3A70H         LINE#         123
  C:3A78H         LINE#         124
  C:3A7CH         LINE#         125
  C:3A7CH         LINE#         126
  C:3A84H         LINE#         127
  C:3A84H         LINE#         128
  C:3A87H         LINE#         129
  C:3A8FH         LINE#         130
  C:3A91H         LINE#         131
  C:3AA5H         LINE#         132
  C:3AA5H         LINE#         133
  C:3AA5H         LINE#         134
  C:3AA5H         LINE#         135
  C:3AABH         LINE#         137
  C:3AADH         LINE#         138
  C:3AADH         LINE#         139
  C:3AADH         LINE#         140
  C:3AB3H         LINE#         142
  C:3AB5H         LINE#         143
  C:3AB5H         LINE#         144
  C:3AB5H         LINE#         145
  C:3ABBH         LINE#         147
  C:3ABDH         LINE#         148
  C:3ABDH         LINE#         149
  C:3ABDH         LINE#         150
  C:3AC3H         LINE#         152
BL51 BANKED LINKER/LOCATER V6.22                                                      05/06/2019  15:33:04  PAGE 24


  C:3AC3H         LINE#         153
  C:3AC3H         LINE#         154
  C:3AC3H         LINE#         158
  C:3AC6H         LINE#         159
  C:3AC9H         LINE#         160
  C:3AD1H         LINE#         161
  C:3AD5H         LINE#         162
  C:3AD5H         LINE#         163
  C:3ADDH         LINE#         164
  C:3ADDH         LINE#         165
  C:3AE0H         LINE#         166
  C:3AE8H         LINE#         167
  C:3AEAH         LINE#         168
  C:3AFEH         LINE#         169
  C:3AFEH         LINE#         170
  C:3AFEH         LINE#         171
  C:3AFEH         LINE#         172
  C:3B04H         LINE#         174
  C:3B06H         LINE#         175
  C:3B06H         LINE#         176
  C:3B06H         LINE#         177
  C:3B0CH         LINE#         179
  C:3B0EH         LINE#         180
  C:3B0EH         LINE#         181
  C:3B0EH         LINE#         182
  C:3B14H         LINE#         184
  C:3B16H         LINE#         185
  C:3B16H         LINE#         186
  C:3B16H         LINE#         187
  C:3B1CH         LINE#         189
  C:3B1CH         LINE#         190
  C:3B1CH         LINE#         191
  C:3B1CH         LINE#         193
  C:3B22H         LINE#         194
  C:3B22H         LINE#         196
  C:3B22H         LINE#         197
  C:3B25H         LINE#         198
  C:3B25H         LINE#         199
  C:3B25H         LINE#         201
  C:3B25H         LINE#         202
  C:3B27H         LINE#         203
  C:3B27H         LINE#         204
  -------         ENDPROC       KEY_SCAN
  -------         PROC          KEY_PROCESS
  -------         DO            
  X:05D8H         SYMBOL        KeyCount
  X:05D9H         SYMBOL        KeyNum_Old
  X:05DBH         SYMBOL        KeyNum
  X:05DDH         SYMBOL        PressedKey
  X:03F4H         SYMBOL        d
  D:0002H         SYMBOL        hours
  D:0006H         SYMBOL        mins
  X:03F6H         SYMBOL        months
  X:03F8H         SYMBOL        days
  -------         ENDDO         
  C:30DCH         LINE#         205
  C:30DCH         LINE#         206
BL51 BANKED LINKER/LOCATER V6.22                                                      05/06/2019  15:33:04  PAGE 25


  C:30DCH         LINE#         210
  C:30EBH         LINE#         211
  C:30F8H         LINE#         213
  C:30FCH         LINE#         214
  C:30FCH         LINE#         215
  C:3102H         LINE#         217
  C:3102H         LINE#         218
  C:3119H         LINE#         219
  C:3119H         LINE#         220
  C:3123H         LINE#         221
  C:3129H         LINE#         223
  C:312FH         LINE#         225
  C:312FH         LINE#         226
  C:3146H         LINE#         227
  C:3146H         LINE#         228
  C:314BH         LINE#         230
  C:314BH         LINE#         231
  C:315BH         LINE#         232
  C:315BH         LINE#         233
  C:3161H         LINE#         235
  C:3161H         LINE#         236
  C:3173H         LINE#         237
  C:3173H         LINE#         238
  C:317DH         LINE#         239
  C:3185H         LINE#         241
  C:318EH         LINE#         243
  C:318EH         LINE#         252
  C:31ADH         LINE#         253
  C:31ADH         LINE#         254
  C:31CCH         LINE#         255
  C:31D2H         LINE#         256
  C:31DAH         LINE#         257
  C:31DAH         LINE#         259
  C:31DBH         LINE#         265
  C:31E7H         LINE#         266
  C:31E7H         LINE#         267
  C:3204H         LINE#         268
  C:321BH         LINE#         269
  C:3232H         LINE#         270
  C:3232H         LINE#         271
  C:3245H         LINE#         272
  C:3258H         LINE#         273
  C:3258H         LINE#         274
  C:3258H         LINE#         275
  C:325BH         LINE#         280
  C:326AH         LINE#         281
  C:326AH         LINE#         282
  C:328DH         LINE#         283
  C:32AAH         LINE#         284
  C:32B3H         LINE#         285
  C:32B3H         LINE#         286
  C:32BAH         LINE#         287
  C:32BAH         LINE#         288
  C:32CBH         LINE#         289
  C:32CBH         LINE#         290
  C:32DAH         LINE#         291
  C:32DAH         LINE#         292
BL51 BANKED LINKER/LOCATER V6.22                                                      05/06/2019  15:33:04  PAGE 26


  C:32DAH         LINE#         293
  C:32DDH         LINE#         295
  C:32DDH         LINE#         296
  C:32E9H         LINE#         297
  C:32E9H         LINE#         298
  C:32FBH         LINE#         299
  C:32FBH         LINE#         300
  C:330BH         LINE#         301
  C:330BH         LINE#         302
  C:330BH         LINE#         304
  C:330DH         LINE#         306
  C:330DH         LINE#         307
  C:331CH         LINE#         308
  C:331CH         LINE#         309
  C:332CH         LINE#         310
  C:332CH         LINE#         311
  C:332CH         LINE#         313
  C:332CH         LINE#         315
  C:332CH         LINE#         316
  C:332EH         LINE#         318
  C:332EH         LINE#         319
  C:3335H         LINE#         320
  C:3335H         LINE#         321
  C:3344H         LINE#         322
  C:3344H         LINE#         323
  C:3354H         LINE#         324
  C:3354H         LINE#         325
  C:3354H         LINE#         326
  C:3356H         LINE#         328
  C:3356H         LINE#         329
  C:3365H         LINE#         330
  C:3365H         LINE#         331
  C:3378H         LINE#         332
  C:338BH         LINE#         333
  C:338BH         LINE#         334
  C:338BH         LINE#         335
  C:338BH         LINE#         336
  C:3394H         LINE#         338
  C:3394H         LINE#         340
  C:33CEH         LINE#         341
  C:33CEH         LINE#         342
  C:33D5H         LINE#         343
  C:33D5H         LINE#         344
  C:33DFH         LINE#         345
  C:33DFH         LINE#         346
  C:33E2H         LINE#         347
  C:33E7H         LINE#         348
  C:33ECH         LINE#         349
  C:33F1H         LINE#         350
  C:33F6H         LINE#         351
  C:33FBH         LINE#         352
  C:3400H         LINE#         353
  C:3405H         LINE#         354
  C:3405H         LINE#         355
  C:3405H         LINE#         357
  C:3423H         LINE#         358
  C:3423H         LINE#         359
BL51 BANKED LINKER/LOCATER V6.22                                                      05/06/2019  15:33:04  PAGE 27


  C:342AH         LINE#         360
  C:342AH         LINE#         361
  C:342FH         LINE#         362
  C:3438H         LINE#         363
  C:3457H         LINE#         364
  C:3457H         LINE#         365
  C:3467H         LINE#         367
  C:3467H         LINE#         371
  -------         ENDPROC       KEY_PROCESS
  -------         PROC          KEYPAD_IO_INIT
  C:5348H         LINE#         374
  C:5348H         LINE#         375
  C:5348H         LINE#         376
  C:534BH         LINE#         377
  C:534EH         LINE#         378
  C:5351H         LINE#         379
  C:5353H         LINE#         380
  -------         ENDPROC       KEYPAD_IO_INIT
  -------         ENDMOD        KEYPAD

  -------         MODULE        BIPOLARMOTOR
  C:0000H         SYMBOL        _ICE_DUMMY_
  X:0000H         PUBLIC        UTC_time
  D:0080H         PUBLIC        P0
  D:0090H         PUBLIC        P1
  X:0004H         PUBLIC        RX_pos_test
  D:00A0H         PUBLIC        P2
  D:00B0H         PUBLIC        P3
  D:00C0H         PUBLIC        P4
  D:00C8H         PUBLIC        P5
  D:00E8H         PUBLIC        P6
  D:00F8H         PUBLIC        P7
  X:00A4H         PUBLIC        low_date_azimuth_mapping
  D:00A8H         PUBLIC        IE
  C:4669H         PUBLIC        linear_interpolate
  X:00CCH         PUBLIC        declination
  C:50F8H         PUBLIC        _Move
  D:00B8H         PUBLIC        IP
  X:00D0H         PUBLIC        time_offset
  D:00D8H         PUBLIC        CCON
  X:00D4H         PUBLIC        previous_move_time
  X:00D5H         PUBLIC        time
  D:0098H         PUBLIC        SCON
  D:0088H         PUBLIC        TCON
  C:0006H         PUBLIC        wait
  C:4FCAH         PUBLIC        _Step_move
  X:00E7H         PUBLIC        dat
  X:00EDH         PUBLIC        current_local_sun_time
  C:1D34H         PUBLIC        _Update_position
  C:3468H         PUBLIC        _elevation_calculation
  X:00F1H         PUBLIC        sunCoord
  C:4EB2H         PUBLIC        vOneStepMove
  X:00F4H         PUBLIC        elevation_stamp
  X:0130H         PUBLIC        date_azimuth_mapping
  X:0158H         PUBLIC        location
  X:0160H         PUBLIC        RX_pos
  C:52A9H         PUBLIC        vSetLocation
BL51 BANKED LINKER/LOCATER V6.22                                                      05/06/2019  15:33:04  PAGE 28


  C:5255H         PUBLIC        _BCDtoDec1
  X:03B8H         PUBLIC        degree
  C:237AH         PUBLIC        _TheoricalJP_Position
  D:00D0H         PUBLIC        PSW
  -------         PROC          VSETLOCATION
  C:52A9H         LINE#         44
  C:52A9H         LINE#         45
  C:52A9H         LINE#         46
  C:52B3H         LINE#         47
  C:52BDH         LINE#         48
  -------         ENDPROC       VSETLOCATION
  C:5251H         SYMBOL        L?0061
  -------         PROC          L?0060
  -------         ENDPROC       L?0060
  C:5251H         SYMBOL        L?0061
  -------         PROC          _BCDTODEC1
  D:0007H         SYMBOL        bcd
  -------         DO            
  D:0006H         SYMBOL        hi
  D:0007H         SYMBOL        lo
  -------         ENDDO         
  C:5255H         LINE#         49
  C:5255H         LINE#         50
  C:5255H         LINE#         52
  C:525AH         LINE#         53
  C:525EH         LINE#         54
  C:5265H         LINE#         55
  -------         ENDPROC       _BCDTODEC1
  -------         PROC          WAIT
  C:0006H         LINE#         57
  C:0006H         LINE#         59
  -------         ENDPROC       WAIT
  -------         PROC          VONESTEPMOVE
  B:0020H.3       SYMBOL        bDir
  C:4EB2H         LINE#         61
  C:4EB2H         LINE#         62
  C:4EB2H         LINE#         64
  C:4EB8H         LINE#         65
  C:4EB8H         LINE#         66
  C:4EBBH         LINE#         67
  C:4EC4H         LINE#         68
  C:4ECBH         LINE#         69
  C:4ED0H         LINE#         70
  C:4ED0H         LINE#         71
  C:4ED0H         LINE#         73
  C:4ED2H         LINE#         76
  C:4ED2H         LINE#         77
  C:4ED5H         LINE#         78
  C:4EDEH         LINE#         79
  C:4EE5H         LINE#         80
  C:4EEBH         LINE#         81
  C:4EF4H         LINE#         82
  C:4EFBH         LINE#         83
  C:4EFBH         LINE#         87
  -------         ENDPROC       VONESTEPMOVE
  -------         PROC          _STEP_MOVE
  X:04D7H         SYMBOL        step
BL51 BANKED LINKER/LOCATER V6.22                                                      05/06/2019  15:33:04  PAGE 29


  B:0020H.2       SYMBOL        dir
  -------         DO            
  X:04D9H         SYMBOL        i
  -------         ENDDO         
  C:4FCAH         LINE#         89
  C:4FD2H         LINE#         90
  C:4FD2H         LINE#         92
  C:4FD7H         LINE#         95
  C:4FF2H         LINE#         96
  C:4FF2H         LINE#         97
  C:4FF9H         LINE#         99
  C:5009H         LINE#         101
  -------         ENDPROC       _STEP_MOVE
  -------         PROC          _MOVE
  X:04D3H         SYMBOL        distance
  B:0020H.1       SYMBOL        direction
  -------         DO            
  D:0006H         SYMBOL        step
  -------         ENDDO         
  C:50F8H         LINE#         103
  C:50FEH         LINE#         104
  C:50FEH         LINE#         107
  C:5119H         LINE#         108
  -------         ENDPROC       _MOVE
  C:4658H         SYMBOL        L?0059
  -------         PROC          L?0058
  -------         ENDPROC       L?0058
  C:4658H         SYMBOL        L?0059
  -------         PROC          LINEAR_INTERPOLATE
  X:04A2H         SYMBOL        p1
  X:04AAH         SYMBOL        p2
  X:04B2H         SYMBOL        x
  -------         DO            
  D:0004H         SYMBOL        fx
  -------         ENDDO         
  C:4669H         LINE#         141
  C:4669H         LINE#         142
  C:4669H         LINE#         145
  C:4708H         LINE#         147
  C:4708H         LINE#         148
  -------         ENDPROC       LINEAR_INTERPOLATE
  -------         PROC          _THEORICALJP_POSITION
  X:0446H         SYMBOL        azimuth
  X:044AH         SYMBOL        elevation
  -------         DO            
  X:044EH         SYMBOL        pos_interpolate_azimuth
  X:048AH         SYMBOL        JP_pos
  X:048EH         SYMBOL        i
  X:0490H         SYMBOL        yy
  X:0492H         SYMBOL        p1
  X:049AH         SYMBOL        p2
  -------         ENDDO         
  C:237AH         LINE#         151
  C:2380H         LINE#         152
  C:2380H         LINE#         154
  C:238AH         LINE#         157
  C:23A6H         LINE#         158
BL51 BANKED LINKER/LOCATER V6.22                                                      05/06/2019  15:33:04  PAGE 30


  C:23A6H         LINE#         159
  C:2416H         LINE#         160
  C:2416H         LINE#         161
  C:241DH         LINE#         162
  C:241DH         LINE#         163
  C:244AH         LINE#         164
  C:2465H         LINE#         166
  C:24ACH         LINE#         167
  C:24E0H         LINE#         169
  C:2526H         LINE#         170
  C:254BH         LINE#         172
  C:254BH         LINE#         174
  C:25C1H         LINE#         175
  C:25C1H         LINE#         176
  C:25C8H         LINE#         177
  C:25C8H         LINE#         178
  C:25F5H         LINE#         179
  C:2610H         LINE#         181
  C:2657H         LINE#         182
  C:268BH         LINE#         184
  C:26D1H         LINE#         185
  C:26F3H         LINE#         187
  C:26F3H         LINE#         188
  C:2707H         LINE#         191
  C:2723H         LINE#         192
  C:2723H         LINE#         193
  C:2793H         LINE#         194
  C:2793H         LINE#         195
  C:27C0H         LINE#         196
  C:27DBH         LINE#         198
  C:2808H         LINE#         199
  C:2823H         LINE#         201
  C:2855H         LINE#         204
  C:2855H         LINE#         206
  C:2866H         LINE#         207
  C:2874H         LINE#         209
  -------         ENDPROC       _THEORICALJP_POSITION
  -------         PROC          _UPDATE_POSITION
  D:0001H         SYMBOL        mnths
  D:0002H         SYMBOL        dys
  X:041AH         SYMBOL        hurs
  X:041BH         SYMBOL        mns
  X:041CH         SYMBOL        sconds
  X:041DH         SYMBOL        currnt_pos
  X:0420H         SYMBOL        offset_calib
  -------         DO            
  X:0424H         SYMBOL        date
  X:0426H         SYMBOL        i
  X:0428H         SYMBOL        yy
  X:042AH         SYMBOL        desired_distance
  X:042EH         SYMBOL        distance
  X:0432H         SYMBOL        JP_pos
  X:0436H         SYMBOL        elevation
  X:043AH         SYMBOL        azimuth
  X:043EH         SYMBOL        time_offset
  X:0442H         SYMBOL        UTC_time
  -------         ENDDO         
BL51 BANKED LINKER/LOCATER V6.22                                                      05/06/2019  15:33:04  PAGE 31


  C:1D34H         LINE#         212
  C:1D3DH         LINE#         215
  C:1D3DH         LINE#         216
  C:1D48H         LINE#         218
  C:1D64H         LINE#         219
  C:1D6EH         LINE#         225
  C:1D78H         LINE#         226
  C:1D83H         LINE#         227
  C:1D8EH         LINE#         228
  C:1DA7H         LINE#         229
  C:1DB8H         LINE#         230
  C:1DC7H         LINE#         233
  C:1DDBH         LINE#         237
  C:1E2DH         LINE#         238
  C:1F91H         LINE#         239
  C:1FE1H         LINE#         242
  C:2109H         LINE#         245
  C:21D8H         LINE#         252
  C:221FH         LINE#         253
  C:221FH         LINE#         255
  C:224AH         LINE#         256
  C:2279H         LINE#         258
  C:229EH         LINE#         259
  C:2303H         LINE#         260
  C:2303H         LINE#         261
  C:231DH         LINE#         262
  C:232FH         LINE#         263
  C:2347H         LINE#         264
  C:235DH         LINE#         266
  C:2379H         LINE#         267
  C:2379H         LINE#         268
  C:2379H         LINE#         271
  -------         ENDPROC       _UPDATE_POSITION
  -------         PROC          _ELEVATION_CALCULATION
  D:0007H         SYMBOL        mnths
  D:0005H         SYMBOL        dys
  X:03F6H         SYMBOL        hurs
  X:03F7H         SYMBOL        mns
  X:03F8H         SYMBOL        sconds
  C:3468H         LINE#         273
  C:346DH         LINE#         275
  C:346DH         LINE#         276
  C:3477H         LINE#         277
  C:3480H         LINE#         278
  C:348BH         LINE#         279
  C:34A4H         LINE#         280
  C:34B8H         LINE#         281
  C:34CAH         LINE#         285
  C:351CH         LINE#         286
  C:3680H         LINE#         287
  C:36D0H         LINE#         289
  C:37E7H         LINE#         291
  -------         ENDPROC       _ELEVATION_CALCULATION
  -------         ENDMOD        BIPOLARMOTOR

  -------         MODULE        SUNPOS
  C:0000H         SYMBOL        _ICE_DUMMY_
BL51 BANKED LINKER/LOCATER V6.22                                                      05/06/2019  15:33:04  PAGE 32


  C:1592H         PUBLIC        sunpos
  -------         PROC          SUNPOS
  X:0446H         SYMBOL        udtTime
  X:0458H         SYMBOL        udtLocation
  X:0460H         SYMBOL        udtSunCoordinates
  -------         DO            
  X:0463H         SYMBOL        dElapsedJulianDays
  X:0467H         SYMBOL        dDecimalHours
  X:046BH         SYMBOL        dEclipticLongitude
  X:046FH         SYMBOL        dEclipticObliquity
  X:0473H         SYMBOL        dRightAscension
  X:0477H         SYMBOL        dDeclination
  X:047BH         SYMBOL        dY
  X:047FH         SYMBOL        dX
  -------         DO            
  X:0483H         SYMBOL        dJulianDate
  X:0487H         SYMBOL        liAux1
  X:048BH         SYMBOL        liAux2
  X:0483H         SYMBOL        dMeanLongitude
  X:0487H         SYMBOL        dMeanAnomaly
  X:048BH         SYMBOL        dOmega
  X:0483H         SYMBOL        dSin_EclipticLongitude
  X:0483H         SYMBOL        dGreenwichMeanSiderealTime
  X:0487H         SYMBOL        dLocalMeanSiderealTime
  X:048BH         SYMBOL        dLatitudeInRadians
  X:048FH         SYMBOL        dHourAngle
  X:0493H         SYMBOL        dCos_Latitude
  X:0497H         SYMBOL        dSin_Latitude
  X:049BH         SYMBOL        dCos_HourAngle
  X:049FH         SYMBOL        dParallax
  -------         ENDDO         
  -------         DO            
  X:0483H         SYMBOL        dMeanLongitude
  X:0487H         SYMBOL        dMeanAnomaly
  X:048BH         SYMBOL        dOmega
  X:0483H         SYMBOL        dSin_EclipticLongitude
  X:0483H         SYMBOL        dGreenwichMeanSiderealTime
  X:0487H         SYMBOL        dLocalMeanSiderealTime
  X:048BH         SYMBOL        dLatitudeInRadians
  X:048FH         SYMBOL        dHourAngle
  X:0493H         SYMBOL        dCos_Latitude
  X:0497H         SYMBOL        dSin_Latitude
  X:049BH         SYMBOL        dCos_HourAngle
  X:049FH         SYMBOL        dParallax
  -------         ENDDO         
  -------         DO            
  X:0483H         SYMBOL        dSin_EclipticLongitude
  X:0483H         SYMBOL        dGreenwichMeanSiderealTime
  X:0487H         SYMBOL        dLocalMeanSiderealTime
  X:048BH         SYMBOL        dLatitudeInRadians
  X:048FH         SYMBOL        dHourAngle
  X:0493H         SYMBOL        dCos_Latitude
  X:0497H         SYMBOL        dSin_Latitude
  X:049BH         SYMBOL        dCos_HourAngle
  X:049FH         SYMBOL        dParallax
  -------         ENDDO         
  -------         DO            
BL51 BANKED LINKER/LOCATER V6.22                                                      05/06/2019  15:33:04  PAGE 33


  X:0483H         SYMBOL        dGreenwichMeanSiderealTime
  X:0487H         SYMBOL        dLocalMeanSiderealTime
  X:048BH         SYMBOL        dLatitudeInRadians
  X:048FH         SYMBOL        dHourAngle
  X:0493H         SYMBOL        dCos_Latitude
  X:0497H         SYMBOL        dSin_Latitude
  X:049BH         SYMBOL        dCos_HourAngle
  X:049FH         SYMBOL        dParallax
  -------         ENDDO         
  -------         ENDDO         
  C:1592H         LINE#         6
  C:1592H         LINE#         7
  C:1592H         LINE#         9
  C:1592H         LINE#         27
  C:15DCH         LINE#         30
  C:15FDH         LINE#         31
  C:1744H         LINE#         34
  C:1790H         LINE#         36
  C:17AFH         LINE#         37
  C:17AFH         LINE#         42
  C:17AFH         LINE#         46
  C:17E1H         LINE#         47
  C:180BH         LINE#         48
  C:1835H         LINE#         49
  C:18E2H         LINE#         52
  C:1943H         LINE#         54
  C:1943H         LINE#         59
  C:1943H         LINE#         61
  C:195AH         LINE#         62
  C:1982H         LINE#         63
  C:1999H         LINE#         64
  C:19C4H         LINE#         65
  C:19FBH         LINE#         66
  C:1A26H         LINE#         67
  C:1A26H         LINE#         70
  C:1A26H         LINE#         79
  C:1A61H         LINE#         82
  C:1A9BH         LINE#         84
  C:1AC0H         LINE#         85
  C:1ADFH         LINE#         86
  C:1AF6H         LINE#         87
  C:1B0DH         LINE#         88
  C:1B24H         LINE#         89
  C:1BADH         LINE#         91
  C:1BC7H         LINE#         92
  C:1C29H         LINE#         93
  C:1C5FH         LINE#         94
  C:1C71H         LINE#         95
  C:1C9EH         LINE#         96
  C:1CCBH         LINE#         98
  C:1CEDH         LINE#         100
  C:1D25H         LINE#         103
  C:1D25H         LINE#         104
  C:1D33H         LINE#         105
  -------         ENDPROC       SUNPOS
  -------         ENDMOD        SUNPOS

BL51 BANKED LINKER/LOCATER V6.22                                                      05/06/2019  15:33:04  PAGE 34


  -------         MODULE        ADC
  C:0000H         SYMBOL        _ICE_DUMMY_
  D:0092H         PUBLIC        P1M0
  D:0091H         PUBLIC        P1M1
  D:0080H         PUBLIC        P0
  D:0090H         PUBLIC        P1
  D:00A0H         PUBLIC        P2
  D:00B0H         PUBLIC        P3
  D:00C0H         PUBLIC        P4
  D:00C8H         PUBLIC        P5
  D:00E8H         PUBLIC        P6
  D:00F8H         PUBLIC        P7
  D:00A8H         PUBLIC        IE
  D:00BDH         PUBLIC        ADC_RES
  D:00B8H         PUBLIC        IP
  D:0097H         PUBLIC        CLK_DIV
  D:00D8H         PUBLIC        CCON
  D:00BCH         PUBLIC        ADC_CONTR
  D:0098H         PUBLIC        SCON
  D:0088H         PUBLIC        TCON
  B:00A0H.4       PUBLIC        P24
  B:00A0H.5       PUBLIC        P25
  B:00A0H.6       PUBLIC        P26
  C:51F1H         PUBLIC        ADC_Init
  C:5076H         PUBLIC        _ADC_GetResult
  D:009DH         PUBLIC        P1ASF
  D:00BEH         PUBLIC        ADC_RESL
  D:00D0H         PUBLIC        PSW
  -------         PROC          ADC_INIT
  C:51F1H         LINE#         7
  C:51F1H         LINE#         8
  C:51F1H         LINE#         10
  C:51F3H         LINE#         11
  C:51F5H         LINE#         12
  C:51F7H         LINE#         13
  C:51FAH         LINE#         14
  C:51FDH         LINE#         15
  C:5200H         LINE#         16
  C:5203H         LINE#         18
  C:5205H         LINE#         19
  C:5207H         LINE#         20
  C:520AH         LINE#         22
  -------         ENDPROC       ADC_INIT
[...]
  C:4473H         LINE#         105
  C:4473H         LINE#         106
  C:4473H         LINE#         107
  C:4476H         LINE#         108
  C:447AH         LINE#         111
  C:4499H         LINE#         113
  C:44A0H         LINE#         114
  C:44A0H         LINE#         115
  C:44A2H         LINE#         116
  C:44A5H         LINE#         117
  C:44C1H         LINE#         118
  C:44C1H         LINE#         119
  C:44C3H         LINE#         120
  C:44C5H         LINE#         122
  C:44C5H         LINE#         123
  C:44C7H         LINE#         125
  C:44C7H         LINE#         126
  C:44C7H         LINE#         127
BL51 BANKED LINKER/LOCATER V6.22                                                      05/06/2019  15:33:04  PAGE 45


  C:44C7H         LINE#         128
  C:44CAH         LINE#         129
  C:44E3H         LINE#         131
  C:4502H         LINE#         133
  C:4509H         LINE#         134
  C:4509H         LINE#         135
  C:450BH         LINE#         136
  C:450EH         LINE#         137
  C:4515H         LINE#         138
  C:4515H         LINE#         139
  C:4517H         LINE#         140
  C:4519H         LINE#         142
  C:4519H         LINE#         143
  C:451BH         LINE#         145
  C:451BH         LINE#         146
  C:451BH         LINE#         147
  C:451BH         LINE#         148
  C:451EH         LINE#         149
  C:4525H         LINE#         151
  C:4544H         LINE#         153
  C:4546H         LINE#         154
  C:4549H         LINE#         155
  C:4550H         LINE#         157
  -------         ENDPROC       _AT25SF041_WRITE
  -------         PROC          _AT25SF041_READ
  D:0003H         SYMBOL        opcode
  X:05F2H         SYMBOL        addr
  -------         DO            
  X:05F6H         SYMBOL        dat
  X:05F7H         SYMBOL        i
  -------         ENDDO         
  C:433FH         LINE#         159
  C:4341H         LINE#         160
  C:4341H         LINE#         161
  C:4346H         LINE#         163
  C:4348H         LINE#         164
  C:434EH         LINE#         168
  C:4353H         LINE#         169
  C:4353H         LINE#         170
  C:4355H         LINE#         171
  C:4358H         LINE#         172
  C:435CH         LINE#         173
  C:435CH         LINE#         174
  C:435EH         LINE#         175
  C:4360H         LINE#         177
  C:4360H         LINE#         178
  C:4362H         LINE#         180
  C:4362H         LINE#         181
  C:4362H         LINE#         182
  C:4362H         LINE#         183
  C:4365H         LINE#         184
  C:4369H         LINE#         187
  C:4388H         LINE#         189
  C:438FH         LINE#         190
  C:438FH         LINE#         191
  C:4391H         LINE#         192
  C:4394H         LINE#         193
BL51 BANKED LINKER/LOCATER V6.22                                                      05/06/2019  15:33:04  PAGE 46


  C:43B0H         LINE#         194
  C:43B0H         LINE#         195
  C:43B2H         LINE#         196
  C:43B4H         LINE#         198
  C:43B4H         LINE#         199
  C:43B6H         LINE#         201
  C:43B6H         LINE#         202
  C:43B6H         LINE#         203
  C:43B6H         LINE#         204
  C:43B9H         LINE#         205
  C:43D2H         LINE#         207
  C:43F1H         LINE#         210
  C:43F8H         LINE#         212
  C:43FAH         LINE#         213
  C:4401H         LINE#         215
  C:4408H         LINE#         216
  C:4408H         LINE#         217
  C:440FH         LINE#         218
  C:440FH         LINE#         219
  C:4412H         LINE#         220
  C:4414H         LINE#         221
  C:4417H         LINE#         223
  C:441AH         LINE#         224
  C:441AH         LINE#         226
  C:441EH         LINE#         227
  C:441EH         LINE#         233
  C:443DH         LINE#         236
  C:443FH         LINE#         237
  C:4442H         LINE#         238
  C:4449H         LINE#         240
  C:444EH         LINE#         242
  -------         ENDPROC       _AT25SF041_READ
  -------         PROC          UCREAD_STATUS_REGISTER_BYTE1
  -------         DO            
  D:0003H         SYMBOL        dat
  D:0001H         SYMBOL        opcode
  X:04DBH         SYMBOL        count
  X:04DCH         SYMBOL        i
  -------         ENDDO         
  C:491DH         LINE#         246
  C:491DH         LINE#         247
  C:491DH         LINE#         248
  C:4923H         LINE#         249
  C:4927H         LINE#         250
  C:4929H         LINE#         251
  C:492BH         LINE#         252
  C:4931H         LINE#         256
  C:4938H         LINE#         257
  C:4938H         LINE#         258
  C:493AH         LINE#         259
  C:493DH         LINE#         260
  C:4941H         LINE#         261
  C:4941H         LINE#         262
  C:4943H         LINE#         263
  C:4945H         LINE#         265
  C:4945H         LINE#         266
  C:4947H         LINE#         268
BL51 BANKED LINKER/LOCATER V6.22                                                      05/06/2019  15:33:04  PAGE 47


  C:4947H         LINE#         269
  C:4947H         LINE#         270
  C:4947H         LINE#         271
  C:494AH         LINE#         272
  C:494EH         LINE#         275
  C:496DH         LINE#         279
  C:4974H         LINE#         281
  C:4976H         LINE#         282
  C:497DH         LINE#         283
  C:4984H         LINE#         284
  C:4984H         LINE#         285
  C:4988H         LINE#         286
  C:4988H         LINE#         287
  C:498BH         LINE#         288
  C:498DH         LINE#         289
  C:4990H         LINE#         291
  C:4993H         LINE#         292
  C:4993H         LINE#         294
  C:4997H         LINE#         295
  C:4997H         LINE#         297
  C:49B6H         LINE#         301
  C:49B8H         LINE#         302
  C:49BBH         LINE#         303
  C:49BDH         LINE#         304
  -------         ENDPROC       UCREAD_STATUS_REGISTER_BYTE1
  -------         PROC          SPI_NOR_WRITE_DATA
  X:03F4H         SYMBOL        dat
  X:03FFH         SYMBOL        addr
  C:3B28H         LINE#         306
  C:3B28H         LINE#         307
  C:3B28H         LINE#         309
  C:3B2BH         LINE#         311
  C:3B45H         LINE#         312
  C:3B63H         LINE#         314
  C:3B6AH         LINE#         315
  C:3B6DH         LINE#         317
  C:3B87H         LINE#         318
  C:3B87H         LINE#         319
  C:3B87H         LINE#         322
  C:3B8AH         LINE#         324
  C:3BA4H         LINE#         325
  C:3BA4H         LINE#         326
  C:3BA4H         LINE#         328
  C:3BA7H         LINE#         330
  C:3BC1H         LINE#         331
  C:3BC1H         LINE#         332
  C:3BC1H         LINE#         334
  C:3BC4H         LINE#         336
  C:3BDEH         LINE#         337
  C:3BDEH         LINE#         338
  C:3BDEH         LINE#         340
  C:3BE1H         LINE#         342
  C:3BFBH         LINE#         343
  C:3BFBH         LINE#         344
  C:3BFBH         LINE#         346
  C:3BFEH         LINE#         348
  C:3C18H         LINE#         349
BL51 BANKED LINKER/LOCATER V6.22                                                      05/06/2019  15:33:04  PAGE 48


  C:3C18H         LINE#         350
  C:3C18H         LINE#         352
  C:3C1BH         LINE#         354
  C:3C35H         LINE#         355
  C:3C35H         LINE#         356
  C:3C35H         LINE#         358
  C:3C38H         LINE#         360
  C:3C52H         LINE#         361
  C:3C52H         LINE#         362
  C:3C52H         LINE#         364
  C:3C55H         LINE#         366
  C:3C6FH         LINE#         367
  C:3C6FH         LINE#         368
  C:3C6FH         LINE#         370
  C:3C72H         LINE#         372
  C:3C8CH         LINE#         373
  C:3C93H         LINE#         374
  -------         ENDPROC       SPI_NOR_WRITE_DATA
  -------         ENDMOD        AT25SF041

  -------         MODULE        SI1120
  C:0000H         SYMBOL        _ICE_DUMMY_
  D:0080H         PUBLIC        P0
  D:00B2H         PUBLIC        P3M0
  D:0090H         PUBLIC        P1
  D:00B1H         PUBLIC        P3M1
  D:00A0H         PUBLIC        P2
  D:00B0H         PUBLIC        P3
  D:00C0H         PUBLIC        P4
  D:00C8H         PUBLIC        P5
  B:00A8H.7       PUBLIC        EA
  D:00E8H         PUBLIC        P6
  D:00F8H         PUBLIC        P7
  D:00A8H         PUBLIC        IE
  D:00B8H         PUBLIC        IP
  C:5045H         PUBLIC        SI1120_CONFIG_MODE_VIRH
  D:00D8H         PUBLIC        CCON
  D:0098H         PUBLIC        SCON
  D:0088H         PUBLIC        TCON
  C:533BH         PUBLIC        Enable_EXTINT0
  B:0090H.5       PUBLIC        SI1120_STX
  B:0088H.0       PUBLIC        IT0
  B:00A8H.0       PUBLIC        EX0
  B:0090H.4       PUBLIC        SI1120_MD
  B:0090H.6       PUBLIC        SI1120_SC
  D:00D0H         PUBLIC        PSW
  -------         PROC          SI1120_CONFIG_MODE_VIRH
  C:5045H         LINE#         4
  C:5045H         LINE#         5
  C:5045H         LINE#         6
  C:5047H         LINE#         7
  C:5049H         LINE#         8
  C:504BH         LINE#         10
  C:5052H         LINE#         11
  C:5054H         LINE#         13
  C:5056H         LINE#         14
  C:5058H         LINE#         16
BL51 BANKED LINKER/LOCATER V6.22                                                      05/06/2019  15:33:04  PAGE 49


  C:505FH         LINE#         18
  C:5061H         LINE#         20
  C:5068H         LINE#         23
  C:506AH         LINE#         25
  C:506CH         LINE#         27
  C:5073H         LINE#         29
  C:5075H         LINE#         31
  -------         ENDPROC       SI1120_CONFIG_MODE_VIRH
  -------         PROC          ENABLE_EXTINT0
  C:533BH         LINE#         33
  C:533BH         LINE#         34
  C:533BH         LINE#         35
  C:533EH         LINE#         36
  C:5341H         LINE#         37
  C:5343H         LINE#         38
  C:5345H         LINE#         39
  C:5347H         LINE#         40
  -------         ENDPROC       ENABLE_EXTINT0
  -------         ENDMOD        SI1120

  -------         MODULE        ?C_STARTUP
  C:4B91H         SEGMENT       ?C_C51STARTUP
  I:0021H         SEGMENT       ?STACK
  C:0000H         PUBLIC        ?C_STARTUP
  D:00E0H         SYMBOL        ACC
  D:00F0H         SYMBOL        B
  D:0083H         SYMBOL        DPH
  D:0082H         SYMBOL        DPL
  N:0000H         SYMBOL        IBPSTACK
  N:0100H         SYMBOL        IBPSTACKTOP
  N:0080H         SYMBOL        IDATALEN
  C:4B94H         SYMBOL        IDATALOOP
  N:0000H         SYMBOL        PBPSTACK
  N:0100H         SYMBOL        PBPSTACKTOP
  N:0000H         SYMBOL        PDATALEN
  N:0000H         SYMBOL        PDATASTART
  N:0000H         SYMBOL        PPAGE
  N:0000H         SYMBOL        PPAGEENABLE
  D:00A0H         SYMBOL        PPAGE_SFR
  D:0081H         SYMBOL        SP
  C:4B91H         SYMBOL        STARTUP1
  N:0000H         SYMBOL        XBPSTACK
  N:0000H         SYMBOL        XBPSTACKTOP
  N:0000H         SYMBOL        XDATALEN
  N:0000H         SYMBOL        XDATASTART
  C:0000H         LINE#         126
  C:4B91H         LINE#         133
  C:4B93H         LINE#         134
  C:4B94H         LINE#         135
  C:4B95H         LINE#         136
  C:4B97H         LINE#         185
  C:4B9AH         LINE#         196
  -------         ENDMOD        ?C_STARTUP

  -------         MODULE        ?C?FPADD
  C:0BF5H         PUBLIC        ?C?FPADD
  C:0BF1H         PUBLIC        ?C?FPSUB
BL51 BANKED LINKER/LOCATER V6.22                                                      05/06/2019  15:33:04  PAGE 50


  -------         ENDMOD        ?C?FPADD

  -------         MODULE        ?C?FPMUL
  C:0CE6H         PUBLIC        ?C?FPMUL
  -------         ENDMOD        ?C?FPMUL

  -------         MODULE        ?C?FPDIV
  C:0DEFH         PUBLIC        ?C?FPDIV
  -------         ENDMOD        ?C?FPDIV

  -------         MODULE        ?C?FPCMP
  C:0E8EH         PUBLIC        ?C?FPCMP
  C:0E8CH         PUBLIC        ?C?FPCMP3
  -------         ENDMOD        ?C?FPCMP

  -------         MODULE        ?C?FPNEG
  C:0F05H         PUBLIC        ?C?FPNEG
  -------         ENDMOD        ?C?FPNEG

  -------         MODULE        ?C?FCAST
  C:0F20H         PUBLIC        ?C?FCASTC
  C:0F1BH         PUBLIC        ?C?FCASTI
  C:0F16H         PUBLIC        ?C?FCASTL
  -------         ENDMOD        ?C?FCAST

  -------         MODULE        ?C?CASTF
  C:0F54H         PUBLIC        ?C?CASTF
  -------         ENDMOD        ?C?CASTF

  -------         MODULE        ATAN2
  X:04A3H         PUBLIC        ?_atan2?BYTE
  C:49BEH         PUBLIC        _atan2
  -------         ENDMOD        ATAN2

  -------         MODULE        SIN
  C:3CF9H         PUBLIC        _COS
  C:3D0FH         PUBLIC        _SIN
  C:3D4BH         PUBLIC        _TAN
  -------         ENDMOD        SIN

  -------         MODULE        ACOS
  C:4EFCH         PUBLIC        _ACOS
  -------         ENDMOD        ACOS

  -------         MODULE        ASIN
  C:500AH         PUBLIC        _ASIN
  -------         ENDMOD        ASIN

  -------         MODULE        POW
  X:03BCH         PUBLIC        ?_pow?BYTE
  C:3E39H         PUBLIC        _pow
  -------         ENDMOD        POW

  -------         MODULE        ?C?CHKFLOAT
  C:0FD5H         PUBLIC        ?C?CHKFLOAT
  -------         ENDMOD        ?C?CHKFLOAT

BL51 BANKED LINKER/LOCATER V6.22                                                      05/06/2019  15:33:04  PAGE 51


  -------         MODULE        EXP
  C:4B2FH         PUBLIC        _EXP
  -------         ENDMOD        EXP

  -------         MODULE        LOG
  C:4128H         PUBLIC        _LOG
  C:4124H         PUBLIC        _LOG10
  -------         ENDMOD        LOG

  -------         MODULE        SQRT
  C:4875H         PUBLIC        _SQRT
  -------         ENDMOD        SQRT

  -------         MODULE        ATAN
  C:423DH         PUBLIC        _ATAN
  -------         ENDMOD        ATAN

  -------         MODULE        ?C?COPY
  C:110CH         PUBLIC        ?C?COPY
  -------         ENDMOD        ?C?COPY

  -------         MODULE        ?C?CLDPTR
  C:1132H         PUBLIC        ?C?CLDPTR
  -------         ENDMOD        ?C?CLDPTR

  -------         MODULE        ?C?CLDOPTR
  C:114BH         PUBLIC        ?C?CLDOPTR
  -------         ENDMOD        ?C?CLDOPTR

  -------         MODULE        ?C?CSTPTR
  C:1178H         PUBLIC        ?C?CSTPTR
  -------         ENDMOD        ?C?CSTPTR

  -------         MODULE        ?C?IMUL
  C:118AH         PUBLIC        ?C?IMUL
  -------         ENDMOD        ?C?IMUL

  -------         MODULE        ?C?UIDIV
  C:119CH         PUBLIC        ?C?UIDIV
  -------         ENDMOD        ?C?UIDIV

  -------         MODULE        ?C?SIDIV
  C:11F1H         PUBLIC        ?C?SIDIV
  -------         ENDMOD        ?C?SIDIV

  -------         MODULE        ?C?ILDOPTR
  C:1227H         PUBLIC        ?C?ILDOPTR
  -------         ENDMOD        ?C?ILDOPTR

  -------         MODULE        ?C?ISTPTR
  C:125FH         PUBLIC        ?C?ISTPTR
  -------         ENDMOD        ?C?ISTPTR

  -------         MODULE        ?C?LMUL
  C:127EH         PUBLIC        ?C?LMUL
  -------         ENDMOD        ?C?LMUL

BL51 BANKED LINKER/LOCATER V6.22                                                      05/06/2019  15:33:04  PAGE 52


  -------         MODULE        ?C?SLDIV
  C:4F46H         PUBLIC        ?C?SLDIV
  -------         ENDMOD        ?C?SLDIV

  -------         MODULE        ?C?LNEG
  C:12CDH         PUBLIC        ?C?LNEG
  -------         ENDMOD        ?C?LNEG

  -------         MODULE        ?C?ULCMP
  C:12DBH         PUBLIC        ?C?ULCMP
  -------         ENDMOD        ?C?ULCMP

  -------         MODULE        ?C?LSHL
  C:12ECH         PUBLIC        ?C?LSHL
  -------         ENDMOD        ?C?LSHL

  -------         MODULE        ?C?LLDPTR
  C:12FFH         PUBLIC        ?C?LLDPTR
  -------         ENDMOD        ?C?LLDPTR

  -------         MODULE        ?C?LLDOPTR
  C:131FH         PUBLIC        ?C?LLDOPTR
  -------         ENDMOD        ?C?LLDOPTR

  -------         MODULE        ?C?LSTPTR
  C:134FH         PUBLIC        ?C?LSTPTR
  -------         ENDMOD        ?C?LSTPTR

  -------         MODULE        ?C?LSTOPTR
  C:1369H         PUBLIC        ?C?LSTOPTR
  -------         ENDMOD        ?C?LSTOPTR

  -------         MODULE        ?C?LLDXDATA
  C:138DH         PUBLIC        ?C?LLDXDATA
  -------         ENDMOD        ?C?LLDXDATA

  -------         MODULE        ?C?LLDCODE
  C:1399H         PUBLIC        ?C?LLDCODE
  -------         ENDMOD        ?C?LLDCODE

  -------         MODULE        ?C?LLDXDATA0
  C:13A9H         PUBLIC        ?C?LLDXDATA0
  -------         ENDMOD        ?C?LLDXDATA0

  -------         MODULE        ?C?LLDCODE0
  C:13B5H         PUBLIC        ?C?LLDCODE0
  -------         ENDMOD        ?C?LLDCODE0

  -------         MODULE        ?C?LLDPTR0
  C:13C5H         PUBLIC        ?C?LLDPTR0
  -------         ENDMOD        ?C?LLDPTR0

  -------         MODULE        ?C?LSTXDATA
  C:13E5H         PUBLIC        ?C?LSTXDATA
  -------         ENDMOD        ?C?LSTXDATA

  -------         MODULE        ?C?LSTKXDATA
BL51 BANKED LINKER/LOCATER V6.22                                                      05/06/2019  15:33:04  PAGE 53


  C:13F1H         PUBLIC        ?C?LSTKXDATA
  -------         ENDMOD        ?C?LSTKXDATA

  -------         MODULE        ?C?LSTKPTR
  C:1422H         PUBLIC        ?C?LSTKPTR
  -------         ENDMOD        ?C?LSTKPTR

  -------         MODULE        ?C?OFFXADD
  C:143CH         PUBLIC        ?C?OFFXADD
  -------         ENDMOD        ?C?OFFXADD

  -------         MODULE        ?C?ULDIV
  C:1484H         PUBLIC        ?C?ULDIV
  -------         ENDMOD        ?C?ULDIV

  -------         MODULE        ?C?LLDIDATA
  C:1516H         PUBLIC        ?C?LLDIDATA
  -------         ENDMOD        ?C?LLDIDATA

  -------         MODULE        ?C?LLDPDATA
  C:1522H         PUBLIC        ?C?LLDPDATA
  -------         ENDMOD        ?C?LLDPDATA

  -------         MODULE        ?C?LLDIDATA0
  C:152EH         PUBLIC        ?C?LLDIDATA0
  -------         ENDMOD        ?C?LLDIDATA0

  -------         MODULE        ?C?LLDPDATA0
  C:153BH         PUBLIC        ?C?LLDPDATA0
  -------         ENDMOD        ?C?LLDPDATA0

  -------         MODULE        ?C?LSTIDATA
  C:1548H         PUBLIC        ?C?LSTIDATA
  -------         ENDMOD        ?C?LSTIDATA

  -------         MODULE        ?C?LSTPDATA
  C:1554H         PUBLIC        ?C?LSTPDATA
  -------         ENDMOD        ?C?LSTPDATA

  -------         MODULE        ?C?LSTKIDATA
  C:1560H         PUBLIC        ?C?LSTKIDATA
  -------         ENDMOD        ?C?LSTKIDATA

  -------         MODULE        ?C?LSTKPDATA
  C:1579H         PUBLIC        ?C?LSTKPDATA
  -------         ENDMOD        ?C?LSTKPDATA

*** WARNING L16: UNCALLED SEGMENT, IGNORED FOR OVERLAY PROCESS
    SEGMENT: ?PR?_DAY_OF_YEAR?PCF85063BTL

*** WARNING L16: UNCALLED SEGMENT, IGNORED FOR OVERLAY PROCESS
    SEGMENT: ?PR?WAIT?BIPOLARMOTOR

*** WARNING L16: UNCALLED SEGMENT, IGNORED FOR OVERLAY PROCESS
    SEGMENT: ?PR?NOP?IOEXPANDER_PI4IOE5V96248

*** WARNING L16: UNCALLED SEGMENT, IGNORED FOR OVERLAY PROCESS
BL51 BANKED LINKER/LOCATER V6.22                                                      05/06/2019  15:33:04  PAGE 54


    SEGMENT: ?PR?UC_ACK?IOEXPANDER_PI4IOE5V96248

*** WARNING L16: UNCALLED SEGMENT, IGNORED FOR OVERLAY PROCESS
    SEGMENT: ?PR?UC_NACK?IOEXPANDER_PI4IOE5V96248

*** WARNING L16: UNCALLED SEGMENT, IGNORED FOR OVERLAY PROCESS
    SEGMENT: ?PR?_AT25SF041_READ?AT25SF041

Program Size: data=9.5 xdata=1531 code=21364
LINK/LOCATE RUN COMPLETE.  6 WARNING(S),  0 ERROR(S)
