BL51 BANKED LINKER/LOCATER V6.22                                                        05/08/2019  12:29:36  PAGE 1


BL51 BANKED LINKER/LOCATER V6.22, INVOKED BY:
C:\KEIL_V5\C51\BIN\BL51.EXE .\Obj\main.obj, .\Obj\PCF85063BTL.obj, .\Obj\LCd_Driver_SPLC780D.obj, .\Obj\KeyPad.obj, .\Ob
>> j\BipolarMotor.obj, .\Obj\SunPos.obj, .\Obj\ADC.obj, .\Obj\Calibration.obj, .\Obj\IOExpander_PI4IOE5V96248.obj, .\Obj
>> \AT25SF041.obj, .\Obj\SI1120.obj, .\Obj\STARTUP.obj TO .\Obj\GPIO_RTC_Test PRINT (.\Lis\GPIO_RTC_Test.m51) RAMSIZE (2
>> 56)


MEMORY MODEL: LARGE WITH FLOATING POINT ARITHMETIC


INPUT MODULES INCLUDED:
  .\Obj\main.obj (MAIN)
  .\Obj\PCF85063BTL.obj (PCF85063BTL)
  .\Obj\LCd_Driver_SPLC780D.obj (LCD_DRIVER_SPLC780D)
  .\Obj\KeyPad.obj (KEYPAD)
  .\Obj\BipolarMotor.obj (BIPOLARMOTOR)
  .\Obj\SunPos.obj (SUNPOS)
  .\Obj\ADC.obj (ADC)
  .\Obj\Calibration.obj (CALIBRATION)
  .\Obj\IOExpander_PI4IOE5V96248.obj (IOEXPANDER_PI4IOE5V96248)
  .\Obj\AT25SF041.obj (AT25SF041)
  .\Obj\SI1120.obj (SI1120)
  .\Obj\STARTUP.obj (?C_STARTUP)
  C:\KEIL_V5\C51\LIB\C51FPL.LIB (?C?FPADD)
  C:\KEIL_V5\C51\LIB\C51FPL.LIB (?C?FPMUL)
  C:\KEIL_V5\C51\LIB\C51FPL.LIB (?C?FPDIV)
  C:\KEIL_V5\C51\LIB\C51FPL.LIB (?C?FPCMP)
  C:\KEIL_V5\C51\LIB\C51FPL.LIB (?C?FPNEG)
  C:\KEIL_V5\C51\LIB\C51FPL.LIB (?C?FCAST)
  C:\KEIL_V5\C51\LIB\C51FPL.LIB (?C?CASTF)
  C:\KEIL_V5\C51\LIB\C51FPL.LIB (ATAN2)
  C:\KEIL_V5\C51\LIB\C51FPL.LIB (SIN)
  C:\KEIL_V5\C51\LIB\C51FPL.LIB (ACOS)
  C:\KEIL_V5\C51\LIB\C51FPL.LIB (ASIN)
  C:\KEIL_V5\C51\LIB\C51FPL.LIB (POW)
  C:\KEIL_V5\C51\LIB\C51FPL.LIB (?C?FPGETOPN)
  C:\KEIL_V5\C51\LIB\C51FPL.LIB (?C?CHKFLOAT)
  C:\KEIL_V5\C51\LIB\C51FPL.LIB (?C?FPSERIES)
  C:\KEIL_V5\C51\LIB\C51FPL.LIB (EXP)
  C:\KEIL_V5\C51\LIB\C51FPL.LIB (LOG)
  C:\KEIL_V5\C51\LIB\C51FPL.LIB (SQRT)
  C:\KEIL_V5\C51\LIB\C51FPL.LIB (ATAN)
  C:\KEIL_V5\C51\LIB\C51L.LIB (?C_INIT)
  C:\KEIL_V5\C51\LIB\C51L.LIB (?C?COPY)
  C:\KEIL_V5\C51\LIB\C51L.LIB (?C?CLDPTR)
  C:\KEIL_V5\C51\LIB\C51L.LIB (?C?CLDOPTR)
  C:\KEIL_V5\C51\LIB\C51L.LIB (?C?CSTPTR)
  C:\KEIL_V5\C51\LIB\C51L.LIB (?C?IMUL)
  C:\KEIL_V5\C51\LIB\C51L.LIB (?C?UIDIV)
  C:\KEIL_V5\C51\LIB\C51L.LIB (?C?SIDIV)
  C:\KEIL_V5\C51\LIB\C51L.LIB (?C?ILDOPTR)
  C:\KEIL_V5\C51\LIB\C51L.LIB (?C?ISTPTR)
  C:\KEIL_V5\C51\LIB\C51L.LIB (?C?LMUL)
  C:\KEIL_V5\C51\LIB\C51L.LIB (?C?SLDIV)
  C:\KEIL_V5\C51\LIB\C51L.LIB (?C?LNEG)
  C:\KEIL_V5\C51\LIB\C51L.LIB (?C?ULCMP)
  C:\KEIL_V5\C51\LIB\C51L.LIB (?C?LSHL)
  C:\KEIL_V5\C51\LIB\C51L.LIB (?C?LLDPTR)
BL51 BANKED LINKER/LOCATER V6.22                                                      05/08/2019  12:29:36  PAGE 2


  C:\KEIL_V5\C51\LIB\C51L.LIB (?C?LLDOPTR)
  C:\KEIL_V5\C51\LIB\C51L.LIB (?C?LSTPTR)
  C:\KEIL_V5\C51\LIB\C51L.LIB (?C?LSTOPTR)
  C:\KEIL_V5\C51\LIB\C51L.LIB (?C?LLDXDATA)
  C:\KEIL_V5\C51\LIB\C51L.LIB (?C?LLDCODE)
  C:\KEIL_V5\C51\LIB\C51L.LIB (?C?LLDXDATA0)
  C:\KEIL_V5\C51\LIB\C51L.LIB (?C?LLDCODE0)
  C:\KEIL_V5\C51\LIB\C51L.LIB (?C?LLDPTR0)
  C:\KEIL_V5\C51\LIB\C51L.LIB (?C?LSTXDATA)
  C:\KEIL_V5\C51\LIB\C51L.LIB (?C?LSTKXDATA)
  C:\KEIL_V5\C51\LIB\C51L.LIB (?C?LSTKPTR)
  C:\KEIL_V5\C51\LIB\C51L.LIB (?C?OFFXADD)
  C:\KEIL_V5\C51\LIB\C51L.LIB (?C?ULDIV)
  C:\KEIL_V5\C51\LIB\C51L.LIB (?C?LLDIDATA)
  C:\KEIL_V5\C51\LIB\C51L.LIB (?C?LLDPDATA)
  C:\KEIL_V5\C51\LIB\C51L.LIB (?C?LLDIDATA0)
  C:\KEIL_V5\C51\LIB\C51L.LIB (?C?LLDPDATA0)
  C:\KEIL_V5\C51\LIB\C51L.LIB (?C?LSTIDATA)
  C:\KEIL_V5\C51\LIB\C51L.LIB (?C?LSTPDATA)
  C:\KEIL_V5\C51\LIB\C51L.LIB (?C?LSTKIDATA)
  C:\KEIL_V5\C51\LIB\C51L.LIB (?C?LSTKPDATA)


LINK MAP OF MODULE:  .\Obj\GPIO_RTC_Test (MAIN)


            TYPE    BASE      LENGTH    RELOCATION   SEGMENT NAME
            -----------------------------------------------------

            * * * * * * *   D A T A   M E M O R Y   * * * * * * *
            REG     0000H     0008H     ABSOLUTE     "REG BANK 0"
                    0008H     0018H                  *** GAP ***
            BIT     0020H.0   0000H.4   UNIT         _BIT_GROUP_
            BIT     0020H.4   0000H.1   UNIT         ?BI?MAIN
                    0020H.5   0000H.3                *** GAP ***
            IDATA   0021H     0001H     UNIT         ?STACK

            * * * * * * *  X D A T A   M E M O R Y  * * * * * * *
            XDATA   0000H     03BCH     UNIT         ?XD?BIPOLARMOTOR
            XDATA   03BCH     0123H     UNIT         _XDATA_GROUP_
            XDATA   04DFH     0101H     UNIT         ?XD?MAIN
            XDATA   05E0H     0019H     UNIT         ?XD?KEYPAD
            XDATA   05F9H     0008H     UNIT         ?XD?_AT25SF041_READ?AT25SF041
            XDATA   0601H     0001H     UNIT         ?XD?UC_ACK?IOEXPANDER_PI4IOE5V96248
            XDATA   0602H     0001H     UNIT         ?XD?UC_NACK?IOEXPANDER_PI4IOE5V96248

            * * * * * * *   C O D E   M E M O R Y   * * * * * * *
            CODE    0000H     0003H     ABSOLUTE     
            CODE    0003H     0003H     ABSOLUTE     
            CODE    0006H     0001H     UNIT         ?PR?NOP?IOEXPANDER_PI4IOE5V96248
                    0007H     0004H                  *** GAP ***
            CODE    000BH     0003H     ABSOLUTE     
            CODE    000EH     000DH     UNIT         ?PR?SPI_INIT?PCF85063BTL
            CODE    001BH     0003H     ABSOLUTE     
            CODE    001EH     0C12H     UNIT         ?PR?MAIN?MAIN
            CODE    0C30H     09A4H     UNIT         ?C?LIB_CODE
            CODE    15D4H     07A2H     UNIT         ?PR?SUNPOS?SUNPOS
BL51 BANKED LINKER/LOCATER V6.22                                                      05/08/2019  12:29:36  PAGE 3


            CODE    1D76H     063CH     UNIT         ?PR?_UPDATE_POSITION?BIPOLARMOTOR
            CODE    23B2H     04FBH     UNIT         ?PR?_THEORICALJP_POSITION?BIPOLARMOTOR
            CODE    28ADH     0494H     UNIT         ?PR?_FIND_REAL_MAX?CALIBRATION
            CODE    2D41H     040EH     UNIT         ?C_INITSEG
            CODE    314FH     038CH     UNIT         ?PR?KEY_PROCESS?KEYPAD
            CODE    34DBH     0380H     UNIT         ?PR?_ELEVATION_CALCULATION?BIPOLARMOTOR
            CODE    385BH     01C0H     UNIT         ?PR?_CALIBRATION?CALIBRATION
            CODE    3A1BH     018DH     UNIT         ?PR?KEY_SCAN?KEYPAD
            CODE    3BA8H     0189H     UNIT         ?PR?SPI_NOR_WRITE_DATA?AT25SF041
            CODE    3D31H     0188H     UNIT         ?PR?SIN?SIN
            CODE    3EB9H     0166H     UNIT         ?PR?_POW?POW
            CODE    401FH     0155H     UNIT         ?PR?_DISPLAY_POS?LCD_DRIVER_SPLC780D
            CODE    4174H     0129H     UNIT         ?PR?LOG?LOG
            CODE    429DH     0122H     UNIT         ?PR?ATAN?ATAN
            CODE    43BFH     0110H     UNIT         ?PR?_AT25SF041_READ?AT25SF041
            CODE    44CFH     0102H     UNIT         ?PR?_AT25SF041_WRITE?AT25SF041
            CODE    45D1H     00F5H     UNIT         ?PR?EXINT0?MAIN
            CODE    46C6H     00C3H     UNIT         ?PR?LINEAR_INTERPOLATE?BIPOLARMOTOR
            CODE    4789H     00BBH     UNIT         ?PR?VOLTAGE_IS_STABLE?CALIBRATION
            CODE    4844H     00ADH     UNIT         ?PR?_WRITE_PI4IOE5V96248?IOEXPANDER_PI4IOE5V96248
            CODE    48F1H     00ACH     UNIT         ?PR?SQRT?SQRT
            CODE    499DH     00A1H     UNIT         ?PR?UCREAD_STATUS_REGISTER_BYTE1?AT25SF041
            CODE    4A3EH     009DH     UNIT         ?PR?_ATAN2?ATAN2
            CODE    4ADBH     009CH     UNIT         ?PR?_MAX_VALUE?CALIBRATION
            CODE    4B77H     009AH     UNIT         ?PR?EXP?EXP
            CODE    4C11H     008CH     UNIT         ?C_C51STARTUP
            CODE    4C9DH     0088H     UNIT         ?PR?_DAY_OF_YEAR?PCF85063BTL
            CODE    4D25H     0079H     UNIT         ?PR?_WRITEDATA?LCD_DRIVER_SPLC780D
            CODE    4D9EH     0072H     UNIT         ?PR?AT25SF041_WRITEENABLE?AT25SF041
            CODE    4E10H     006FH     UNIT         ?PR?_READ_TIME?PCF85063BTL
            CODE    4E7FH     005AH     UNIT         ?PR?AT25SF041_CHIPERASE?AT25SF041
            CODE    4ED9H     0059H     UNIT         ?PR?LCD_INIT?LCD_DRIVER_SPLC780D
            CODE    4F32H     004AH     UNIT         ?PR?VONESTEPMOVE?BIPOLARMOTOR
            CODE    4F7CH     004AH     UNIT         ?PR?ACOS?ACOS
            CODE    4FC6H     0044H     UNIT         ?C?LDIV
            CODE    500AH     0040H     UNIT         ?PR?_COMMAND?LCD_DRIVER_SPLC780D
            CODE    504AH     0040H     UNIT         ?PR?_STEP_MOVE?BIPOLARMOTOR
            CODE    508AH     003BH     UNIT         ?PR?ASIN?ASIN
            CODE    50C5H     0031H     UNIT         ?PR?SI1120_CONFIG_MODE_VIRH?SI1120
            CODE    50F6H     002BH     UNIT         ?PR?_WAIT_MS_I2C?IOEXPANDER_PI4IOE5V96248
            CODE    5121H     002BH     UNIT         ?PR?_WAIT_MS_SPINOR?AT25SF041
            CODE    514CH     002AH     UNIT         ?PR?_ADC_GETRESULT?ADC
            CODE    5176H     0028H     UNIT         ?PR?_MOVE?BIPOLARMOTOR
            CODE    519EH     0027H     UNIT         ?PR?_I2C_SENDBYTE?IOEXPANDER_PI4IOE5V96248
            CODE    51C5H     0025H     UNIT         ?PR?_FINDCLOSESTSAMEDAYCALIBTIME?CALIBRATION
            CODE    51EAH     0024H     UNIT         ?PR?_WAIT_MS?LCD_DRIVER_SPLC780D
            CODE    520EH     0021H     UNIT         ?PR?TM0_ISR?MAIN
            CODE    522FH     0020H     UNIT         ?PR?_SPI_SENDBYTE?PCF85063BTL
            CODE    524FH     0020H     UNIT         ?PR?SPI_RECEIVEBYTE?PCF85063BTL
            CODE    526FH     001EH     UNIT         ?PR?_DELAY_MS?KEYPAD
            CODE    528DH     001DH     UNIT         ?PR?_DISPLAYLCD?LCD_DRIVER_SPLC780D
            CODE    52AAH     001BH     UNIT         ?PR?_BCDTODEC1?BIPOLARMOTOR
            CODE    52C5H     001AH     UNIT         ?PR?ADC_INIT?ADC
            CODE    52DFH     0018H     UNIT         ?PR?_SPI_WRITETIME?PCF85063BTL
            CODE    52F7H     0016H     UNIT         ?PR?I2C_ACK?IOEXPANDER_PI4IOE5V96248
            CODE    530DH     0015H     UNIT         ?PR?_DISPLAY_LINE?LCD_DRIVER_SPLC780D
            CODE    5322H     0015H     UNIT         ?PR?VSETLOCATION?BIPOLARMOTOR
BL51 BANKED LINKER/LOCATER V6.22                                                      05/08/2019  12:29:36  PAGE 4


            CODE    5337H     0015H     UNIT         ?PR?I2C_STOP?IOEXPANDER_PI4IOE5V96248
            CODE    534CH     0014H     UNIT         ?PR?_PCF85063BTL_DELAY?PCF85063BTL
            CODE    5360H     0014H     UNIT         ?PR?_ABS?LCD_DRIVER_SPLC780D
            CODE    5374H     0011H     UNIT         ?PR?_SPI_READTIME?PCF85063BTL
            CODE    5385H     0011H     UNIT         ?PR?_BCDTODEC?PCF85063BTL
            CODE    5396H     000FH     UNIT         ?PR?I2C_START?IOEXPANDER_PI4IOE5V96248
            CODE    53A5H     000FH     UNIT         ?PR?UC_NACK?IOEXPANDER_PI4IOE5V96248
            CODE    53B4H     000DH     UNIT         ?PR?ENABLE_EXTINT0?SI1120
            CODE    53C1H     000CH     UNIT         ?PR?KEYPAD_IO_INIT?KEYPAD
            CODE    53CDH     000AH     UNIT         ?PR?LCD_RETURN_HOME?LCD_DRIVER_SPLC780D
            CODE    53D7H     000AH     UNIT         ?PR?LCD_CLEAR?LCD_DRIVER_SPLC780D
            CODE    53E1H     0009H     UNIT         ?PR?TM1_ISR?MAIN
            CODE    53EAH     0006H     UNIT         ?PR?UC_ACK?IOEXPANDER_PI4IOE5V96248



OVERLAY MAP OF MODULE:   .\Obj\GPIO_RTC_Test (MAIN)


SEGMENT                                             BIT_GROUP          XDATA_GROUP
  +--> CALLED SEGMENT                            START    LENGTH     START    LENGTH
------------------------------------------------------------------------------------
?PR?EXINT0?MAIN                                  -----    -----      -----    -----
  +--> ?PR?_POW?POW

?PR?_POW?POW                                     -----    -----      03BCH    000AH
  +--> ?PR?LOG?LOG
  +--> ?PR?EXP?EXP

?PR?LOG?LOG                                      0020H.0  0000H.1    03C6H    0004H

*** NEW ROOT ***************************************************

?C_C51STARTUP                                    -----    -----      -----    -----
  +--> ?PR?MAIN?MAIN
  +--> ?C_INITSEG

?PR?MAIN?MAIN                                    -----    -----      03CAH    002AH
  +--> ?PR?LCD_INIT?LCD_DRIVER_SPLC780D
  +--> ?PR?SPI_INIT?PCF85063BTL
  +--> ?PR?KEYPAD_IO_INIT?KEYPAD
  +--> ?PR?ADC_INIT?ADC
  +--> ?PR?SI1120_CONFIG_MODE_VIRH?SI1120
  +--> ?PR?ENABLE_EXTINT0?SI1120
  +--> ?PR?VSETLOCATION?BIPOLARMOTOR
  +--> ?PR?_DISPLAY_LINE?LCD_DRIVER_SPLC780D
  +--> ?PR?_WRITEDATA?LCD_DRIVER_SPLC780D
  +--> ?PR?KEY_PROCESS?KEYPAD
  +--> ?PR?_COMMAND?LCD_DRIVER_SPLC780D
  +--> ?PR?_DISPLAY_POS?LCD_DRIVER_SPLC780D
  +--> ?PR?_DISPLAYLCD?LCD_DRIVER_SPLC780D
  +--> ?PR?_STEP_MOVE?BIPOLARMOTOR
  +--> ?PR?LCD_RETURN_HOME?LCD_DRIVER_SPLC780D
  +--> ?PR?_READ_TIME?PCF85063BTL
  +--> ?PR?_BCDTODEC1?BIPOLARMOTOR
  +--> ?PR?_ELEVATION_CALCULATION?BIPOLARMOTOR
  +--> ?PR?SIN?SIN
BL51 BANKED LINKER/LOCATER V6.22                                                      05/08/2019  12:29:36  PAGE 5


  +--> ?PR?_CALIBRATION?CALIBRATION
  +--> ?PR?AT25SF041_WRITEENABLE?AT25SF041
  +--> ?PR?_AT25SF041_WRITE?AT25SF041
  +--> ?PR?_WAIT_MS_SPINOR?AT25SF041
  +--> ?PR?_UPDATE_POSITION?BIPOLARMOTOR
  +--> ?PR?_ADC_GETRESULT?ADC
  +--> ?PR?SPI_NOR_WRITE_DATA?AT25SF041
  +--> ?PR?LINEAR_INTERPOLATE?BIPOLARMOTOR
  +--> ?PR?_FINDCLOSESTSAMEDAYCALIBTIME?CALI...
  +--> ?PR?LCD_CLEAR?LCD_DRIVER_SPLC780D
  +--> ?PR?AT25SF041_CHIPERASE?AT25SF041

?PR?LCD_INIT?LCD_DRIVER_SPLC780D                 -----    -----      -----    -----
  +--> ?PR?_WAIT_MS?LCD_DRIVER_SPLC780D
  +--> ?PR?_COMMAND?LCD_DRIVER_SPLC780D

?PR?_COMMAND?LCD_DRIVER_SPLC780D                 -----    -----      -----    -----
  +--> ?PR?_WAIT_MS?LCD_DRIVER_SPLC780D

?PR?SI1120_CONFIG_MODE_VIRH?SI1120               -----    -----      -----    -----
  +--> ?PR?_WAIT_MS?LCD_DRIVER_SPLC780D

?PR?_DISPLAY_LINE?LCD_DRIVER_SPLC780D            -----    -----      -----    -----
  +--> ?PR?_COMMAND?LCD_DRIVER_SPLC780D

?PR?_WRITEDATA?LCD_DRIVER_SPLC780D               -----    -----      04DEH    0001H
  +--> ?PR?_WAIT_MS?LCD_DRIVER_SPLC780D

?PR?KEY_PROCESS?KEYPAD                           -----    -----      03F4H    0006H
  +--> ?PR?KEY_SCAN?KEYPAD
  +--> ?PR?_SPI_WRITETIME?PCF85063BTL
  +--> ?PR?LCD_CLEAR?LCD_DRIVER_SPLC780D
  +--> ?PR?_COMMAND?LCD_DRIVER_SPLC780D
  +--> ?PR?_WRITEDATA?LCD_DRIVER_SPLC780D

?PR?KEY_SCAN?KEYPAD                              -----    -----      03FAH    0003H

?PR?_SPI_WRITETIME?PCF85063BTL                   -----    -----      -----    -----
  +--> ?PR?_SPI_SENDBYTE?PCF85063BTL

?PR?_SPI_SENDBYTE?PCF85063BTL                    -----    -----      -----    -----
  +--> ?PR?_PCF85063BTL_DELAY?PCF85063BTL

?PR?LCD_CLEAR?LCD_DRIVER_SPLC780D                -----    -----      -----    -----
  +--> ?PR?_COMMAND?LCD_DRIVER_SPLC780D

?PR?_DISPLAY_POS?LCD_DRIVER_SPLC780D             -----    -----      04D3H    000BH
  +--> ?PR?_ABS?LCD_DRIVER_SPLC780D
  +--> ?PR?_WRITEDATA?LCD_DRIVER_SPLC780D

?PR?_DISPLAYLCD?LCD_DRIVER_SPLC780D              -----    -----      03F4H    0001H
  +--> ?PR?_WRITEDATA?LCD_DRIVER_SPLC780D

?PR?_STEP_MOVE?BIPOLARMOTOR                      0020H.2  0000H.1    04D7H    0004H
  +--> ?PR?VONESTEPMOVE?BIPOLARMOTOR

?PR?VONESTEPMOVE?BIPOLARMOTOR                    0020H.3  0000H.1    -----    -----
BL51 BANKED LINKER/LOCATER V6.22                                                      05/08/2019  12:29:36  PAGE 6


  +--> ?PR?_WRITE_PI4IOE5V96248?IOEXPANDER_P...
  +--> ?PR?_DELAY_MS?KEYPAD

?PR?_WRITE_PI4IOE5V96248?IOEXPANDER_P...         -----    -----      04DBH    0003H
  +--> ?PR?I2C_START?IOEXPANDER_PI4IOE5V96248
  +--> ?PR?_WAIT_MS_I2C?IOEXPANDER_PI4IOE5V9...
  +--> ?PR?_I2C_SENDBYTE?IOEXPANDER_PI4IOE5V...
  +--> ?PR?I2C_ACK?IOEXPANDER_PI4IOE5V96248
  +--> ?PR?I2C_STOP?IOEXPANDER_PI4IOE5V96248

?PR?I2C_START?IOEXPANDER_PI4IOE5V96248           -----    -----      -----    -----
  +--> ?PR?_WAIT_MS_I2C?IOEXPANDER_PI4IOE5V9...

?PR?_I2C_SENDBYTE?IOEXPANDER_PI4IOE5V...         -----    -----      -----    -----
  +--> ?PR?_WAIT_MS_I2C?IOEXPANDER_PI4IOE5V9...

?PR?I2C_ACK?IOEXPANDER_PI4IOE5V96248             -----    -----      04DEH    0001H
  +--> ?PR?_WAIT_MS_I2C?IOEXPANDER_PI4IOE5V9...

?PR?I2C_STOP?IOEXPANDER_PI4IOE5V96248            -----    -----      -----    -----
  +--> ?PR?_WAIT_MS_I2C?IOEXPANDER_PI4IOE5V9...

?PR?LCD_RETURN_HOME?LCD_DRIVER_SPLC780D          -----    -----      -----    -----
  +--> ?PR?_COMMAND?LCD_DRIVER_SPLC780D

?PR?_READ_TIME?PCF85063BTL                       -----    -----      03F4H    000FH
  +--> ?PR?_SPI_READTIME?PCF85063BTL

?PR?_SPI_READTIME?PCF85063BTL                    -----    -----      -----    -----
  +--> ?PR?_SPI_SENDBYTE?PCF85063BTL
  +--> ?PR?SPI_RECEIVEBYTE?PCF85063BTL

?PR?SPI_RECEIVEBYTE?PCF85063BTL                  -----    -----      -----    -----
  +--> ?PR?_PCF85063BTL_DELAY?PCF85063BTL

?PR?_ELEVATION_CALCULATION?BIPOLARMOTOR          -----    -----      03F4H    0005H
  +--> ?PR?_BCDTODEC1?BIPOLARMOTOR
  +--> ?PR?SUNPOS?SUNPOS
  +--> ?PR?SIN?SIN
  +--> ?PR?ASIN?ASIN

?PR?SUNPOS?SUNPOS                                -----    -----      043EH    005DH
  +--> ?PR?SIN?SIN
  +--> ?PR?_ATAN2?ATAN2
  +--> ?PR?ASIN?ASIN
  +--> ?PR?ACOS?ACOS

?PR?SIN?SIN                                      0020H.1  0000H.1    049BH    0004H

?PR?_ATAN2?ATAN2                                 -----    -----      049BH    0008H
  +--> ?PR?ATAN?ATAN

?PR?ATAN?ATAN                                    0020H.1  0000H.2    04A3H    0004H

?PR?ASIN?ASIN                                    -----    -----      -----    -----
  +--> ?PR?SQRT?SQRT
  +--> ?PR?ATAN?ATAN
BL51 BANKED LINKER/LOCATER V6.22                                                      05/08/2019  12:29:36  PAGE 7



?PR?SQRT?SQRT                                    -----    -----      049BH    0004H

?PR?ACOS?ACOS                                    -----    -----      -----    -----
  +--> ?PR?SQRT?SQRT
  +--> ?PR?ATAN?ATAN

?PR?_CALIBRATION?CALIBRATION                     -----    -----      03F4H    0024H
  +--> ?PR?VOLTAGE_IS_STABLE?CALIBRATION
  +--> ?PR?_UPDATE_POSITION?BIPOLARMOTOR
  +--> ?PR?_FIND_REAL_MAX?CALIBRATION

?PR?VOLTAGE_IS_STABLE?CALIBRATION                -----    -----      0418H    0018H
  +--> ?PR?_ADC_GETRESULT?ADC
  +--> ?PR?_ABS?LCD_DRIVER_SPLC780D

?PR?_UPDATE_POSITION?BIPOLARMOTOR                -----    -----      0418H    0026H
  +--> ?PR?_BCDTODEC1?BIPOLARMOTOR
  +--> ?PR?SUNPOS?SUNPOS
  +--> ?PR?SIN?SIN
  +--> ?PR?ASIN?ASIN
  +--> ?PR?_THEORICALJP_POSITION?BIPOLARMOTOR
  +--> ?PR?_ABS?LCD_DRIVER_SPLC780D
  +--> ?PR?_MOVE?BIPOLARMOTOR

?PR?_THEORICALJP_POSITION?BIPOLARMOTOR           -----    -----      043EH    005CH
  +--> ?PR?LINEAR_INTERPOLATE?BIPOLARMOTOR

?PR?LINEAR_INTERPOLATE?BIPOLARMOTOR              -----    -----      049AH    0014H

?PR?_MOVE?BIPOLARMOTOR                           0020H.1  0000H.1    04D3H    0004H
  +--> ?PR?_STEP_MOVE?BIPOLARMOTOR

?PR?_FIND_REAL_MAX?CALIBRATION                   -----    -----      0418H    00BBH
  +--> ?PR?_ADC_GETRESULT?ADC
  +--> ?PR?_WAIT_MS?LCD_DRIVER_SPLC780D
  +--> ?PR?AT25SF041_WRITEENABLE?AT25SF041
  +--> ?PR?_AT25SF041_WRITE?AT25SF041
  +--> ?PR?_WAIT_MS_SPINOR?AT25SF041
  +--> ?PR?_COMMAND?LCD_DRIVER_SPLC780D
  +--> ?PR?_WRITEDATA?LCD_DRIVER_SPLC780D
  +--> ?PR?_DISPLAY_POS?LCD_DRIVER_SPLC780D
  +--> ?PR?_MOVE?BIPOLARMOTOR
  +--> ?PR?_MAX_VALUE?CALIBRATION

?PR?AT25SF041_WRITEENABLE?AT25SF041              -----    -----      04D3H    0002H
  +--> ?PR?_WAIT_MS_SPINOR?AT25SF041
  +--> ?PR?UCREAD_STATUS_REGISTER_BYTE1?AT25...

?PR?UCREAD_STATUS_REGISTER_BYTE1?AT25...         -----    -----      04DBH    0003H
  +--> ?PR?_WAIT_MS_SPINOR?AT25SF041

?PR?_AT25SF041_WRITE?AT25SF041                   -----    -----      04D3H    0008H
  +--> ?PR?_WAIT_MS_SPINOR?AT25SF041
  +--> ?PR?UCREAD_STATUS_REGISTER_BYTE1?AT25...

?PR?_MAX_VALUE?CALIBRATION                       -----    -----      04D3H    0004H
BL51 BANKED LINKER/LOCATER V6.22                                                      05/08/2019  12:29:36  PAGE 8



?PR?SPI_NOR_WRITE_DATA?AT25SF041                 -----    -----      03F4H    000EH
  +--> ?PR?AT25SF041_WRITEENABLE?AT25SF041
  +--> ?PR?_AT25SF041_WRITE?AT25SF041
  +--> ?PR?_WAIT_MS_SPINOR?AT25SF041

?PR?AT25SF041_CHIPERASE?AT25SF041                -----    -----      03F4H    0002H
  +--> ?PR?_WAIT_MS_SPINOR?AT25SF041
  +--> ?PR?UCREAD_STATUS_REGISTER_BYTE1?AT25...



SYMBOL TABLE OF MODULE:  .\Obj\GPIO_RTC_Test (MAIN)

  VALUE           TYPE          NAME
  ----------------------------------

  -------         MODULE        MAIN
  C:0000H         SYMBOL        _ICE_DUMMY_
  X:04E7H         PUBLIC        calib_value
  D:0080H         PUBLIC        P0
  D:00B2H         PUBLIC        P3M0
  D:0090H         PUBLIC        P1
  D:00B1H         PUBLIC        P3M1
  D:00A0H         PUBLIC        P2
  D:00B0H         PUBLIC        P3
  D:00C0H         PUBLIC        P4
  D:00C8H         PUBLIC        P5
  X:053BH         SYMBOL        PressedKey
  B:00A8H.7       PUBLIC        EA
  D:00E8H         PUBLIC        P6
  X:053FH         PUBLIC        calib_stamp
  D:00F8H         PUBLIC        P7
  X:0540H         PUBLIC        calib_bool
  X:056AH         PUBLIC        pwm_time_min
  D:00A8H         PUBLIC        IE
  X:056EH         PUBLIC        calib_time
  X:05C2H         PUBLIC        pwm_time_max
  D:00B8H         PUBLIC        IP
  B:00B0H.2       PUBLIC        INT0
  X:05C6H         PUBLIC        months
  D:00D8H         PUBLIC        CCON
  C:001EH         PUBLIC        main
  X:05C7H         PUBLIC        count
  X:05C9H         PUBLIC        days
  X:05CAH         PUBLIC        hours
  D:0098H         PUBLIC        SCON
  D:0089H         PUBLIC        TMOD
  D:0088H         PUBLIC        TCON
  B:00A0H.3       PUBLIC        P23
  X:05CBH         SYMBOL        KeyCount
  X:05CDH         PUBLIC        mins
  B:00C8H.5       PUBLIC        P55
  D:008EH         PUBLIC        AUXR
  C:520EH         PUBLIC        tm0_isr
  B:0090H.5       PUBLIC        SI1120_STX
  C:53E1H         PUBLIC        tm1_isr
BL51 BANKED LINKER/LOCATER V6.22                                                      05/08/2019  12:29:36  PAGE 9


  B:0020H.4       PUBLIC        busy
  B:00A8H.1       PUBLIC        ET0
  B:00A8H.3       PUBLIC        ET1
  X:05CEH         PUBLIC        SPI_NOR_INTERNAL_FLASH_ADDR
  D:008CH         PUBLIC        TH0
  D:008DH         PUBLIC        TH1
  D:008AH         PUBLIC        TL0
  D:008BH         PUBLIC        TL1
  B:0088H.4       PUBLIC        TR0
  B:0088H.6       PUBLIC        TR1
  C:45D1H         PUBLIC        exint0
  X:05D2H         SYMBOL        KeyNum
  X:05D3H         SYMBOL        KeyNum_Old
  X:05D4H         PUBLIC        timer0_count
  X:05D6H         PUBLIC        current_position
  X:05DAH         PUBLIC        pwm_time
  X:05DEH         PUBLIC        start_timer0_count
  X:05DFH         PUBLIC        seconds
  D:00D0H         PUBLIC        PSW
  -------         PROC          TM0_ISR
  C:520EH         LINE#         94
  C:5214H         LINE#         98
  C:5217H         LINE#         99
  C:521AH         LINE#         100
  C:5228H         LINE#         101
  -------         ENDPROC       TM0_ISR
  -------         PROC          TM1_ISR
  C:53E1H         LINE#         102
  C:53E1H         LINE#         104
  C:53E3H         LINE#         106
  C:53E6H         LINE#         107
  C:53E9H         LINE#         108
  -------         ENDPROC       TM1_ISR
  -------         PROC          EXINT0
  C:45D1H         LINE#         109
  C:45EEH         LINE#         113
  C:45F1H         LINE#         114
  C:45F1H         LINE#         115
  C:45F4H         LINE#         116
  C:45F7H         LINE#         117
  C:45F9H         LINE#         118
  C:45FBH         LINE#         122
  C:45FEH         LINE#         125
  C:45FEH         LINE#         126
  C:4600H         LINE#         128
  C:460CH         LINE#         129
  C:4666H         LINE#         130
  C:46A4H         LINE#         131
  C:46ABH         LINE#         136
  C:46ABH         LINE#         138
  -------         ENDPROC       EXINT0
  -------         PROC          MAIN
  -------         DO            
  X:04DFH         SYMBOL        KeyCount
  X:04E1H         SYMBOL        KeyNum_Old
  X:04E2H         SYMBOL        KeyNum
  X:04E3H         SYMBOL        PressedKey
BL51 BANKED LINKER/LOCATER V6.22                                                      05/08/2019  12:29:36  PAGE 10


  X:03CAH         SYMBOL        prox_flag
  X:03CBH         SYMBOL        iUse_prevday_calib_value
  X:03CDH         SYMBOL        max_ADC_Val_JP
  X:03CFH         SYMBOL        max_ADC_Val
  X:03D1H         SYMBOL        calib_point1
  X:03D9H         SYMBOL        calib_point2
  X:03E1H         SYMBOL        dat_to_store
  X:03ECH         SYMBOL        calib_day
  X:03EEH         SYMBOL        calib_count
  X:03F0H         SYMBOL        theorical_JP_max_pos
  D:0004H         SYMBOL        elevation
  -------         ENDDO         
  C:001EH         LINE#         140
  C:001EH         LINE#         141
  C:001EH         LINE#         146
  C:0024H         LINE#         147
  C:0029H         LINE#         149
  C:0031H         LINE#         153
  C:0037H         LINE#         154
  C:0041H         LINE#         161
  C:0049H         LINE#         162
  C:0050H         LINE#         163
  C:0056H         LINE#         165
  C:005CH         LINE#         174
  C:005EH         LINE#         175
  C:0061H         LINE#         176
  C:0064H         LINE#         177
  C:0067H         LINE#         178
  C:006AH         LINE#         179
  C:006DH         LINE#         182
  C:0070H         LINE#         185
  C:0073H         LINE#         186
  C:0076H         LINE#         188
  C:0079H         LINE#         190
  C:007CH         LINE#         191
  C:007FH         LINE#         192
  C:0082H         LINE#         193
  C:0085H         LINE#         194
  C:0088H         LINE#         195
  C:008BH         LINE#         196
  C:008DH         LINE#         197
  C:008FH         LINE#         199
  C:0091H         LINE#         207
  C:0097H         LINE#         208
  C:009CH         LINE#         209
  C:00A1H         LINE#         210
  C:00A6H         LINE#         211
  C:00ABH         LINE#         212
  C:00B0H         LINE#         215
  C:00C9H         LINE#         216
  C:00C9H         LINE#         217
  C:00E5H         LINE#         218
  C:012CH         LINE#         219
  C:013DH         LINE#         222
  C:013DH         LINE#         223
  C:013DH         LINE#         224
  C:0140H         LINE#         228
BL51 BANKED LINKER/LOCATER V6.22                                                      05/08/2019  12:29:36  PAGE 11


  C:0140H         LINE#         232
  C:0145H         LINE#         233
  C:014AH         LINE#         235
  C:014FH         LINE#         237
  C:0154H         LINE#         238
  C:0159H         LINE#         240
  C:016AH         LINE#         241
  C:016FH         LINE#         242
  C:0174H         LINE#         244
  C:017BH         LINE#         245
  C:0183H         LINE#         246
  C:0188H         LINE#         247
  C:0190H         LINE#         248
  C:0195H         LINE#         249
  C:019FH         LINE#         250
  C:01A4H         LINE#         251
  C:01ACH         LINE#         253
  C:01B4H         LINE#         254
  C:01B9H         LINE#         255
  C:01C3H         LINE#         256
  C:01C3H         LINE#         257
  C:01C5H         LINE#         258
  C:01C7H         LINE#         259
  C:01D1H         LINE#         260
  C:01D1H         LINE#         261
  C:01D6H         LINE#         262
  C:01D6H         LINE#         274
  C:01EAH         LINE#         275
  C:01EAH         LINE#         276
  C:01FFH         LINE#         277
  C:020EH         LINE#         278
  C:020EH         LINE#         279
  C:0221H         LINE#         280
  C:0223H         LINE#         282
  C:0223H         LINE#         283
  C:023FH         LINE#         284
  C:023FH         LINE#         285
  C:0244H         LINE#         286
  C:0244H         LINE#         287
  C:0258H         LINE#         288
  C:0258H         LINE#         291
  C:026DH         LINE#         292
  C:027CH         LINE#         293
  C:027CH         LINE#         294
  C:028FH         LINE#         295
  C:0291H         LINE#         297
  C:0291H         LINE#         298
  C:02ADH         LINE#         299
  C:02ADH         LINE#         300
  C:02B2H         LINE#         301
  C:02B8H         LINE#         302
  C:02B8H         LINE#         304
  C:02DAH         LINE#         305
  C:02DAH         LINE#         306
  C:02E4H         LINE#         307
  C:02EAH         LINE#         308
  C:02F1H         LINE#         309
BL51 BANKED LINKER/LOCATER V6.22                                                      05/08/2019  12:29:36  PAGE 12


  C:02F7H         LINE#         310
  C:02FEH         LINE#         311
  C:02FEH         LINE#         312
  C:0301H         LINE#         314
  C:0301H         LINE#         319
  C:033CH         LINE#         323
  C:0349H         LINE#         324
  C:0349H         LINE#         328
  C:0349H         LINE#         329
  C:0371H         LINE#         330
  C:0371H         LINE#         331
  C:0393H         LINE#         332
  C:0393H         LINE#         334
  C:03B3H         LINE#         337
  C:03E2H         LINE#         343
  C:03E2H         LINE#         344
  C:045EH         LINE#         345
  C:0477H         LINE#         346
  C:0501H         LINE#         347
  C:052DH         LINE#         348
  C:052DH         LINE#         349
  C:0549H         LINE#         351
  C:0565H         LINE#         352
  C:0565H         LINE#         353
  C:0565H         LINE#         355
  C:0565H         LINE#         357
  C:056CH         LINE#         358
  C:056CH         LINE#         359
  C:056FH         LINE#         360
  C:058DH         LINE#         361
  C:0594H         LINE#         362
  C:05B3H         LINE#         363
  C:05D2H         LINE#         365
  C:064EH         LINE#         366
  C:0666H         LINE#         369
  C:06BEH         LINE#         370
  C:06F9H         LINE#         371
  C:0706H         LINE#         372
  C:0716H         LINE#         373
  C:0716H         LINE#         375
  C:071EH         LINE#         376
  C:0726H         LINE#         377
  C:072EH         LINE#         378
  C:0736H         LINE#         380
  C:0744H         LINE#         381
  C:075AH         LINE#         382
  C:078AH         LINE#         383
  C:07AAH         LINE#         385
  C:07BEH         LINE#         386
  C:07D4H         LINE#         387
  C:0804H         LINE#         388
  C:080BH         LINE#         390
  C:082FH         LINE#         393
  C:0831H         LINE#         395
  C:083FH         LINE#         396
  C:083FH         LINE#         397
  C:0847H         LINE#         399
BL51 BANKED LINKER/LOCATER V6.22                                                      05/08/2019  12:29:36  PAGE 13


  C:0847H         LINE#         402
  C:0847H         LINE#         403
  C:0854H         LINE#         404
  C:0854H         LINE#         405
  C:0876H         LINE#         406
  C:0876H         LINE#         407
  C:08F2H         LINE#         408
  C:0947H         LINE#         409
  C:0947H         LINE#         411
  C:094AH         LINE#         415
  C:094AH         LINE#         418
  C:096CH         LINE#         419
  C:096CH         LINE#         420
  C:09E8H         LINE#         422
  C:0A15H         LINE#         423
  C:0A30H         LINE#         424
  C:0A5DH         LINE#         425
  C:0A90H         LINE#         426
  C:0A90H         LINE#         427
  C:0ABAH         LINE#         428
  C:0B53H         LINE#         429
  C:0B55H         LINE#         431
  C:0B55H         LINE#         432
  C:0BB8H         LINE#         433
  C:0BB8H         LINE#         437
  C:0BB8H         LINE#         439
  C:0BB8H         LINE#         440
  C:0BB8H         LINE#         442
  C:0BB8H         LINE#         445
  C:0BD4H         LINE#         446
  C:0BD8H         LINE#         448
  C:0BDAH         LINE#         451
  C:0BE9H         LINE#         452
  C:0BE9H         LINE#         453
  C:0BECH         LINE#         454
  C:0BF3H         LINE#         455
  C:0BF8H         LINE#         456
  C:0BFDH         LINE#         457
  C:0C02H         LINE#         458
  C:0C07H         LINE#         459
  C:0C0CH         LINE#         469
  C:0C0FH         LINE#         471
  C:0C12H         LINE#         472
  C:0C19H         LINE#         473
  C:0C23H         LINE#         474
  C:0C2AH         LINE#         476
  C:0C2DH         LINE#         485
  C:0C2DH         LINE#         486
  -------         ENDPROC       MAIN
  -------         ENDMOD        MAIN

  -------         MODULE        PCF85063BTL
  C:0000H         SYMBOL        _ICE_DUMMY_
  D:0096H         PUBLIC        P2M0
  D:0080H         PUBLIC        P0
  D:0095H         PUBLIC        P2M1
  D:0090H         PUBLIC        P1
BL51 BANKED LINKER/LOCATER V6.22                                                      05/08/2019  12:29:36  PAGE 14


  D:00A0H         PUBLIC        P2
  D:00B0H         PUBLIC        P3
  D:00C0H         PUBLIC        P4
  D:00C8H         PUBLIC        P5
  D:00E8H         PUBLIC        P6
  B:00A0H.1       PUBLIC        PCF85063BTL_SDI
  D:00F8H         PUBLIC        P7
  B:00A0H.2       PUBLIC        PCF85063BTL_SCK
  B:00A0H.1       PUBLIC        PCF85063BTL_SDO
  D:00A8H         PUBLIC        IE
  C:4E10H         PUBLIC        _Read_time
  C:5352H         PUBLIC        _PCF85063BTL_Delay
  D:00B8H         PUBLIC        IP
  D:00D8H         PUBLIC        CCON
  C:4C9DH         PUBLIC        _Day_Of_Year
  C:524FH         PUBLIC        SPI_ReceiveByte
  D:0098H         PUBLIC        SCON
  D:0088H         PUBLIC        TCON
  C:5385H         PUBLIC        _BCDtoDec
  B:00A0H.0       PUBLIC        PCF85063BTL_CS
  C:5374H         PUBLIC        _SPI_ReadTime
  C:000EH         PUBLIC        SPI_Init
  C:52DFH         PUBLIC        _SPI_WriteTime
  C:522FH         PUBLIC        _SPI_SendByte
  D:00D0H         PUBLIC        PSW
  C:534EH         SYMBOL        L?0048
  -------         PROC          L?0047
  -------         ENDPROC       L?0047
  C:534EH         SYMBOL        L?0048
  -------         PROC          _PCF85063BTL_DELAY
  D:0006H         SYMBOL        us
  C:5352H         LINE#         8
  C:5352H         LINE#         9
  C:5352H         LINE#         10
  C:535CH         LINE#         11
  C:535CH         LINE#         12
  C:535DH         LINE#         13
  C:535FH         LINE#         14
  -------         ENDPROC       _PCF85063BTL_DELAY
  -------         PROC          _SPI_SENDBYTE
  D:0005H         SYMBOL        dat
  -------         DO            
  D:0003H         SYMBOL        i
  -------         ENDDO         
  C:522FH         LINE#         17
  C:5231H         LINE#         18
  C:5231H         LINE#         20
  C:5233H         LINE#         21
  C:5233H         LINE#         22
  C:5235H         LINE#         23
  C:5239H         LINE#         24
  C:5239H         LINE#         25
  C:523BH         LINE#         26
  C:523DH         LINE#         28
  C:523DH         LINE#         29
  C:523FH         LINE#         30
  C:523FH         LINE#         31
BL51 BANKED LINKER/LOCATER V6.22                                                      05/08/2019  12:29:36  PAGE 15


  C:5242H         LINE#         32
  C:5242H         LINE#         33
  C:5245H         LINE#         34
  C:5249H         LINE#         35
  C:524EH         LINE#         36
  -------         ENDPROC       _SPI_SENDBYTE
  -------         PROC          SPI_RECEIVEBYTE
  -------         DO            
  D:0003H         SYMBOL        i
  D:0005H         SYMBOL        dat
  -------         ENDDO         
  C:524FH         LINE#         39
  C:524FH         LINE#         40
  C:524FH         LINE#         42
  C:5251H         LINE#         44
  C:5253H         LINE#         45
  C:5254H         LINE#         46
  C:5254H         LINE#         47
  C:5258H         LINE#         48
  C:525AH         LINE#         49
  C:525DH         LINE#         51
  C:5260H         LINE#         52
  C:5260H         LINE#         53
  C:5264H         LINE#         54
  C:5264H         LINE#         55
  C:5264H         LINE#         56
  C:5267H         LINE#         57
  C:526CH         LINE#         58
  C:526EH         LINE#         59
  -------         ENDPROC       SPI_RECEIVEBYTE
  -------         PROC          _SPI_READTIME
  D:0007H         SYMBOL        addr
  -------         DO            
  D:0006H         SYMBOL        dat
  -------         ENDDO         
  C:5374H         LINE#         61
  C:5374H         LINE#         62
  C:5374H         LINE#         64
  C:5376H         LINE#         65
  C:5378H         LINE#         66
  C:537FH         LINE#         67
  C:5382H         LINE#         68
  C:5384H         LINE#         69
  C:5384H         LINE#         70
  -------         ENDPROC       _SPI_READTIME
  -------         PROC          _SPI_WRITETIME
  D:0002H         SYMBOL        val
  D:0005H         SYMBOL        addr
  C:52DFH         LINE#         71
  C:52E1H         LINE#         72
  C:52E1H         LINE#         74
  C:52E3H         LINE#         75
  C:52EAH         LINE#         76
  C:52EFH         LINE#         77
  C:52F4H         LINE#         78
  C:52F6H         LINE#         79
  -------         ENDPROC       _SPI_WRITETIME
BL51 BANKED LINKER/LOCATER V6.22                                                      05/08/2019  12:29:36  PAGE 16


  -------         PROC          SPI_INIT
  C:000EH         LINE#         83
  C:000EH         LINE#         84
  C:000EH         LINE#         89
  C:0011H         LINE#         90
  C:0014H         LINE#         91
  C:0016H         LINE#         92
  C:0018H         LINE#         93
  C:001AH         LINE#         94
  -------         ENDPROC       SPI_INIT
  -------         PROC          _READ_TIME
  X:03F4H         SYMBOL        months
  X:03F7H         SYMBOL        days
  X:03FAH         SYMBOL        hours
  X:03FDH         SYMBOL        mins
  X:0400H         SYMBOL        seconds
  C:4E10H         LINE#         96
  C:4E1BH         LINE#         97
  C:4E1BH         LINE#         99
  C:4E2FH         LINE#         101
  C:4E43H         LINE#         103
  C:4E57H         LINE#         108
  C:4E6BH         LINE#         113
  -------         ENDPROC       _READ_TIME
  -------         PROC          _BCDTODEC
  D:0007H         SYMBOL        bcd
  -------         DO            
  D:0006H         SYMBOL        hi
  D:0007H         SYMBOL        lo
  -------         ENDDO         
  C:5385H         LINE#         119
  C:5385H         LINE#         120
  C:5385H         LINE#         122
  C:538AH         LINE#         123
  C:538EH         LINE#         124
  C:5395H         LINE#         125
  -------         ENDPROC       _BCDTODEC
  -------         PROC          _DAY_OF_YEAR
  D:0007H         SYMBOL        months_bcd
  D:0005H         SYMBOL        days_bcd
  -------         DO            
  D:0004H         SYMBOL        months
  D:0007H         SYMBOL        days
  -------         ENDDO         
  C:4C9DH         LINE#         126
  C:4C9DH         LINE#         127
  C:4C9DH         LINE#         130
  C:4CA2H         LINE#         132
  C:4CA7H         LINE#         134
  C:4CE0H         LINE#         135
  C:4CE0H         LINE#         136
  C:4CE0H         LINE#         137
  C:4CE3H         LINE#         138
  C:4CE3H         LINE#         139
  C:4CE3H         LINE#         140
  C:4CE8H         LINE#         141
  C:4CE8H         LINE#         142
BL51 BANKED LINKER/LOCATER V6.22                                                      05/08/2019  12:29:36  PAGE 17


  C:4CE8H         LINE#         143
  C:4CEDH         LINE#         144
  C:4CEDH         LINE#         145
  C:4CEDH         LINE#         146
  C:4CF2H         LINE#         147
  C:4CF2H         LINE#         148
  C:4CF2H         LINE#         149
  C:4CF7H         LINE#         150
  C:4CF7H         LINE#         151
  C:4CF7H         LINE#         152
  C:4CFCH         LINE#         153
  C:4CFCH         LINE#         154
  C:4CFCH         LINE#         155
  C:4D01H         LINE#         156
  C:4D01H         LINE#         157
  C:4D01H         LINE#         158
  C:4D06H         LINE#         159
  C:4D06H         LINE#         160
  C:4D06H         LINE#         161
  C:4D0EH         LINE#         162
  C:4D0EH         LINE#         163
  C:4D0EH         LINE#         164
  C:4D13H         LINE#         165
  C:4D13H         LINE#         166
  C:4D13H         LINE#         167
  C:4D18H         LINE#         168
  C:4D18H         LINE#         169
  C:4D18H         LINE#         170
  C:4D21H         LINE#         171
  C:4D21H         LINE#         172
  C:4D21H         LINE#         173
  C:4D24H         LINE#         174
  C:4D24H         LINE#         175
  -------         ENDPROC       _DAY_OF_YEAR
  -------         ENDMOD        PCF85063BTL

  -------         MODULE        LCD_DRIVER_SPLC780D
  C:0000H         SYMBOL        _ICE_DUMMY_
  D:0092H         PUBLIC        P1M0
  D:0091H         PUBLIC        P1M1
  D:0080H         PUBLIC        P0
  D:0090H         PUBLIC        P1
  D:00A0H         PUBLIC        P2
  D:00B0H         PUBLIC        P3
  D:00C0H         PUBLIC        P4
  D:00C8H         PUBLIC        P5
  D:00E8H         PUBLIC        P6
  D:00F8H         PUBLIC        P7
  C:4D29H         PUBLIC        _WriteData
  D:00A8H         PUBLIC        IE
  D:00B8H         PUBLIC        IP
  D:00D8H         PUBLIC        CCON
  B:00B0H.4       PUBLIC        LCD_D4
  B:00B0H.5       PUBLIC        LCD_D5
  B:00B0H.6       PUBLIC        LCD_D6
  C:528DH         PUBLIC        _DisplayLCD
  B:00B0H.7       PUBLIC        LCD_D7
BL51 BANKED LINKER/LOCATER V6.22                                                      05/08/2019  12:29:36  PAGE 18


  D:0098H         PUBLIC        SCON
  D:0088H         PUBLIC        TCON
  C:5360H         PUBLIC        _abs
  C:53D7H         PUBLIC        LCD_clear
  C:500AH         PUBLIC        _Command
  C:530DH         PUBLIC        _Display_Line
  C:4ED9H         PUBLIC        LCD_Init
  C:51F0H         PUBLIC        _Wait_ms
  B:00C0H.0       PUBLIC        LCD_RS
  B:0090H.3       PUBLIC        LCD_RW
  C:53CDH         PUBLIC        LCD_return_home
  C:401FH         PUBLIC        _Display_Pos
  B:00B0H.3       PUBLIC        LCD_E
  D:00D0H         PUBLIC        PSW
  -------         PROC          LCD_INIT
  C:4ED9H         LINE#         9
  C:4ED9H         LINE#         10
  C:4ED9H         LINE#         11
  C:4EDCH         LINE#         12
  C:4EDFH         LINE#         14
  C:4EE5H         LINE#         15
  C:4EEAH         LINE#         17
  C:4EF1H         LINE#         18
  C:4EF6H         LINE#         20
  C:4EF9H         LINE#         21
  C:4EFEH         LINE#         23
  C:4F01H         LINE#         24
  C:4F06H         LINE#         26
  C:4F0DH         LINE#         29
  C:4F12H         LINE#         30
  C:4F17H         LINE#         32
  C:4F1CH         LINE#         33
  C:4F21H         LINE#         35
  C:4F26H         LINE#         36
  C:4F2BH         LINE#         37
  -------         ENDPROC       LCD_INIT
  C:4D25H         SYMBOL        L?0038
  -------         PROC          L?0037
  -------         ENDPROC       L?0037
  C:4D25H         SYMBOL        L?0038
  -------         PROC          _WRITEDATA
  X:04DEH         SYMBOL        dat
  C:4D29H         LINE#         40
  C:4D2EH         LINE#         41
  C:4D2EH         LINE#         46
  C:4D30H         LINE#         47
  C:4D32H         LINE#         49
  C:4D40H         LINE#         50
  C:4D4CH         LINE#         51
  C:4D58H         LINE#         52
  C:4D62H         LINE#         53
  C:4D64H         LINE#         54
  C:4D6BH         LINE#         55
  C:4D6DH         LINE#         57
  C:4D7DH         LINE#         58
  C:4D88H         LINE#         59
  C:4D92H         LINE#         60
BL51 BANKED LINKER/LOCATER V6.22                                                      05/08/2019  12:29:36  PAGE 19


  C:4D96H         LINE#         62
  C:4D96H         LINE#         63
  C:4D99H         LINE#         64
  C:4D9BH         LINE#         65
  C:4D9DH         LINE#         67
  -------         ENDPROC       _WRITEDATA
  -------         PROC          _COMMAND
  D:0007H         SYMBOL        dat
  C:500AH         LINE#         69
  C:500AH         LINE#         70
  C:500AH         LINE#         71
  C:500CH         LINE#         72
  C:500EH         LINE#         74
  C:5018H         LINE#         75
  C:501CH         LINE#         77
  C:501EH         LINE#         78
  C:5027H         LINE#         79
  C:502BH         LINE#         81
  C:502DH         LINE#         82
  C:5034H         LINE#         83
  C:5038H         LINE#         85
  C:503AH         LINE#         86
  C:503EH         LINE#         87
  C:5042H         LINE#         89
  C:5044H         LINE#         90
  C:5044H         LINE#         91
  C:5047H         LINE#         92
  C:5049H         LINE#         93
  -------         ENDPROC       _COMMAND
  C:51ECH         SYMBOL        L?0040
  -------         PROC          L?0039
  -------         ENDPROC       L?0039
  C:51ECH         SYMBOL        L?0040
  -------         PROC          _WAIT_MS
  D:0006H         SYMBOL        ms
  -------         DO            
  D:0004H         SYMBOL        De_Cnt
  -------         ENDDO         
  C:51F0H         LINE#         95
  C:51F0H         LINE#         96
  C:51F0H         LINE#         98
  C:51FAH         LINE#         99
  C:51FAH         LINE#         100
  C:520DH         LINE#         101
  C:520DH         LINE#         102
  -------         ENDPROC       _WAIT_MS
  -------         PROC          _DISPLAYLCD
  D:0007H         SYMBOL        BCD
  -------         DO            
  D:0006H         SYMBOL        first_digit
  X:03F4H         SYMBOL        second_digit
  -------         ENDDO         
  C:528DH         LINE#         103
  C:528DH         LINE#         104
  C:528DH         LINE#         106
  C:5294H         LINE#         107
  C:529DH         LINE#         109
BL51 BANKED LINKER/LOCATER V6.22                                                      05/08/2019  12:29:36  PAGE 20


  C:52A2H         LINE#         111
  -------         ENDPROC       _DISPLAYLCD
  -------         PROC          LCD_RETURN_HOME
  C:53CDH         LINE#         115
  C:53CDH         LINE#         116
  C:53CDH         LINE#         117
  C:53D2H         LINE#         118
  -------         ENDPROC       LCD_RETURN_HOME
  -------         PROC          LCD_CLEAR
  C:53D7H         LINE#         121
  C:53D7H         LINE#         122
  C:53D7H         LINE#         123
  C:53DCH         LINE#         124
  -------         ENDPROC       LCD_CLEAR
  -------         PROC          _DISPLAY_LINE
  D:0006H         SYMBOL        line
  C:530DH         LINE#         128
  C:530DH         LINE#         129
  C:530DH         LINE#         130
  C:5313H         LINE#         131
  C:5313H         LINE#         132
  C:5315H         LINE#         133
  C:5315H         LINE#         134
  C:5317H         LINE#         136
  C:5317H         LINE#         137
  C:531CH         LINE#         138
  C:5321H         LINE#         139
  C:5321H         LINE#         140
  -------         ENDPROC       _DISPLAY_LINE
  -------         PROC          _DISPLAY_POS
  X:04D3H         SYMBOL        sign_dat
  -------         DO            
  X:04D7H         SYMBOL        unit
  X:04D8H         SYMBOL        ten
  X:04D9H         SYMBOL        hundred
  X:04DAH         SYMBOL        thousand
  X:04DBH         SYMBOL        after_dot
  X:04DCH         SYMBOL        dat
  -------         ENDDO         
  C:401FH         LINE#         142
  C:4025H         LINE#         143
  C:4025H         LINE#         147
  C:4041H         LINE#         148
  C:405BH         LINE#         149
  C:407FH         LINE#         151
  C:40C9H         LINE#         153
  C:40E0H         LINE#         154
  C:40F2H         LINE#         155
  C:4117H         LINE#         156
  C:4131H         LINE#         157
  C:4149H         LINE#         158
  C:4149H         LINE#         159
  C:4149H         LINE#         160
  C:4149H         LINE#         161
  C:4149H         LINE#         162
  C:4149H         LINE#         163
  C:4149H         LINE#         164
BL51 BANKED LINKER/LOCATER V6.22                                                      05/08/2019  12:29:36  PAGE 21


  C:4149H         LINE#         168
  C:414BH         LINE#         170
  C:414BH         LINE#         172
  C:4150H         LINE#         173
  C:4156H         LINE#         174
  C:415CH         LINE#         175
  C:4162H         LINE#         176
  C:4168H         LINE#         177
  C:416DH         LINE#         178
  C:4173H         LINE#         182
  C:4173H         LINE#         184
  -------         ENDPROC       _DISPLAY_POS
  -------         PROC          _ABS
  D:0006H         SYMBOL        dat
  C:5360H         LINE#         186
  C:5360H         LINE#         187
  C:5360H         LINE#         188
  C:536BH         LINE#         189
  C:536CH         LINE#         191
  C:5373H         LINE#         192
  -------         ENDPROC       _ABS
  -------         ENDMOD        LCD_DRIVER_SPLC780D

  -------         MODULE        KEYPAD
  C:0000H         SYMBOL        _ICE_DUMMY_
  D:0093H         PUBLIC        P0M1
  D:0080H         PUBLIC        P0
  D:0090H         PUBLIC        P1
  D:00A0H         PUBLIC        P2
  D:00B0H         PUBLIC        P3
  D:00C0H         PUBLIC        P4
  D:00C8H         PUBLIC        P5
  D:00E8H         PUBLIC        P6
  D:00F8H         PUBLIC        P7
  D:00A8H         PUBLIC        IE
  C:3A1BH         PUBLIC        Key_Scan
  D:00B8H         PUBLIC        IP
  D:00D8H         PUBLIC        CCON
  C:53C1H         PUBLIC        KeyPad_IO_Init
  C:526FH         PUBLIC        _Delay_ms
  D:0098H         PUBLIC        SCON
  D:0088H         PUBLIC        TCON
  X:05EFH         PUBLIC        small_move
  X:05F1H         PUBLIC        move
  X:05F3H         PUBLIC        auto_mode
  X:05F5H         PUBLIC        direction
  X:05F7H         PUBLIC        SPI_NOR_ClearEnable
  C:314FH         PUBLIC        Key_Process
  D:00D0H         PUBLIC        PSW
  D:0094H         PUBLIC        P0M0
  -------         PROC          _DELAY_MS
  D:0006H         SYMBOL        ms
  -------         DO            
  D:0004H         SYMBOL        De_Cnt
  -------         ENDDO         
  C:526FH         LINE#         20
  C:526FH         LINE#         21
BL51 BANKED LINKER/LOCATER V6.22                                                      05/08/2019  12:29:36  PAGE 22


  C:526FH         LINE#         23
  C:5279H         LINE#         24
  C:5279H         LINE#         25
  C:528CH         LINE#         26
  C:528CH         LINE#         27
  -------         ENDPROC       _DELAY_MS
  -------         PROC          KEY_SCAN
  -------         DO            
  X:03FAH         SYMBOL        KeyTemp1
  X:03FBH         SYMBOL        KeyTemp2
  X:03FCH         SYMBOL        KeyValue
  -------         ENDDO         
  C:3A1BH         LINE#         28
  C:3A1BH         LINE#         29
  C:3A1BH         LINE#         34
  C:3A1EH         LINE#         37
  C:3A21H         LINE#         39
  C:3A29H         LINE#         40
  C:3A30H         LINE#         41
  C:3A30H         LINE#         43
  C:3A35H         LINE#         44
  C:3A3CH         LINE#         45
  C:3A3CH         LINE#         48
  C:3A3FH         LINE#         49
  C:3A42H         LINE#         50
  C:3A47H         LINE#         51
  C:3A4BH         LINE#         52
  C:3A4BH         LINE#         53
  C:3A53H         LINE#         54
  C:3A53H         LINE#         55
  C:3A56H         LINE#         56
  C:3A5EH         LINE#         57
  C:3A60H         LINE#         59
  C:3A74H         LINE#         60
  C:3A74H         LINE#         61
  C:3A74H         LINE#         62
  C:3A74H         LINE#         63
  C:3A7AH         LINE#         65
  C:3A7CH         LINE#         66
  C:3A7CH         LINE#         67
  C:3A7CH         LINE#         68
  C:3A82H         LINE#         70
  C:3A84H         LINE#         71
  C:3A84H         LINE#         72
  C:3A84H         LINE#         73
  C:3A8AH         LINE#         75
  C:3A8CH         LINE#         76
  C:3A8CH         LINE#         77
  C:3A8CH         LINE#         78
  C:3A92H         LINE#         80
  C:3A92H         LINE#         81
  C:3A92H         LINE#         82
  C:3A92H         LINE#         85
  C:3A95H         LINE#         86
  C:3A98H         LINE#         87
  C:3AA0H         LINE#         88
  C:3AA4H         LINE#         89
BL51 BANKED LINKER/LOCATER V6.22                                                      05/08/2019  12:29:36  PAGE 23


  C:3AA4H         LINE#         90
  C:3AACH         LINE#         91
  C:3AACH         LINE#         92
  C:3AAFH         LINE#         93
  C:3AB7H         LINE#         94
  C:3AB9H         LINE#         95
  C:3ACDH         LINE#         96
  C:3ACDH         LINE#         97
  C:3ACDH         LINE#         98
  C:3ACDH         LINE#         99
  C:3AD3H         LINE#         101
  C:3AD5H         LINE#         102
  C:3AD5H         LINE#         103
  C:3AD5H         LINE#         104
  C:3ADBH         LINE#         106
  C:3ADDH         LINE#         107
  C:3ADDH         LINE#         108
  C:3ADDH         LINE#         109
  C:3AE3H         LINE#         111
  C:3AE5H         LINE#         112
  C:3AE5H         LINE#         113
  C:3AE5H         LINE#         114
  C:3AEAH         LINE#         116
  C:3AEAH         LINE#         117
  C:3AEAH         LINE#         118
  C:3AEAH         LINE#         121
  C:3AEDH         LINE#         122
  C:3AF0H         LINE#         123
  C:3AF8H         LINE#         124
  C:3AFCH         LINE#         125
  C:3AFCH         LINE#         126
  C:3B04H         LINE#         127
  C:3B04H         LINE#         128
  C:3B07H         LINE#         129
  C:3B0FH         LINE#         130
  C:3B11H         LINE#         131
  C:3B25H         LINE#         132
  C:3B25H         LINE#         133
  C:3B25H         LINE#         134
  C:3B25H         LINE#         135
  C:3B2BH         LINE#         137
  C:3B2DH         LINE#         138
  C:3B2DH         LINE#         139
  C:3B2DH         LINE#         140
  C:3B33H         LINE#         142
  C:3B35H         LINE#         143
  C:3B35H         LINE#         144
  C:3B35H         LINE#         145
  C:3B3BH         LINE#         147
  C:3B3DH         LINE#         148
  C:3B3DH         LINE#         149
  C:3B3DH         LINE#         150
  C:3B43H         LINE#         152
  C:3B43H         LINE#         153
  C:3B43H         LINE#         154
  C:3B43H         LINE#         158
  C:3B46H         LINE#         159
BL51 BANKED LINKER/LOCATER V6.22                                                      05/08/2019  12:29:36  PAGE 24


  C:3B49H         LINE#         160
  C:3B51H         LINE#         161
  C:3B55H         LINE#         162
  C:3B55H         LINE#         163
  C:3B5DH         LINE#         164
  C:3B5DH         LINE#         165
  C:3B60H         LINE#         166
  C:3B68H         LINE#         167
  C:3B6AH         LINE#         168
  C:3B7EH         LINE#         169
  C:3B7EH         LINE#         170
  C:3B7EH         LINE#         171
  C:3B7EH         LINE#         172
  C:3B84H         LINE#         174
  C:3B86H         LINE#         175
  C:3B86H         LINE#         176
  C:3B86H         LINE#         177
  C:3B8CH         LINE#         179
  C:3B8EH         LINE#         180
  C:3B8EH         LINE#         181
  C:3B8EH         LINE#         182
  C:3B94H         LINE#         184
  C:3B96H         LINE#         185
  C:3B96H         LINE#         186
  C:3B96H         LINE#         187
  C:3B9CH         LINE#         189
  C:3B9CH         LINE#         190
  C:3B9CH         LINE#         191
  C:3B9CH         LINE#         193
  C:3BA2H         LINE#         194
  C:3BA2H         LINE#         196
  C:3BA2H         LINE#         197
  C:3BA5H         LINE#         198
  C:3BA5H         LINE#         199
  C:3BA5H         LINE#         201
  C:3BA5H         LINE#         202
  C:3BA7H         LINE#         203
  C:3BA7H         LINE#         204
  -------         ENDPROC       KEY_SCAN
  -------         PROC          KEY_PROCESS
  -------         DO            
  X:05E0H         SYMBOL        KeyCount
  X:05E1H         SYMBOL        KeyNum_Old
  X:05E3H         SYMBOL        KeyNum
  X:05E5H         SYMBOL        PressedKey
  X:03F4H         SYMBOL        d
  D:0002H         SYMBOL        hours
  D:0006H         SYMBOL        mins
  X:03F6H         SYMBOL        months
  X:03F8H         SYMBOL        days
  -------         ENDDO         
  C:314FH         LINE#         205
  C:314FH         LINE#         206
  C:314FH         LINE#         210
  C:315EH         LINE#         211
  C:316BH         LINE#         213
  C:316FH         LINE#         214
BL51 BANKED LINKER/LOCATER V6.22                                                      05/08/2019  12:29:36  PAGE 25


  C:316FH         LINE#         215
  C:3175H         LINE#         217
  C:3175H         LINE#         218
  C:318CH         LINE#         219
  C:318CH         LINE#         220
  C:3196H         LINE#         221
  C:319CH         LINE#         223
  C:31A2H         LINE#         225
  C:31A2H         LINE#         226
  C:31B9H         LINE#         227
  C:31B9H         LINE#         228
  C:31BEH         LINE#         230
  C:31BEH         LINE#         231
  C:31CEH         LINE#         232
  C:31CEH         LINE#         233
  C:31D4H         LINE#         235
  C:31D4H         LINE#         236
  C:31E6H         LINE#         237
  C:31E6H         LINE#         238
  C:31F0H         LINE#         239
  C:31F8H         LINE#         241
  C:3201H         LINE#         243
  C:3201H         LINE#         252
  C:3220H         LINE#         253
  C:3220H         LINE#         254
  C:323FH         LINE#         255
  C:3245H         LINE#         256
  C:324DH         LINE#         257
  C:324DH         LINE#         259
  C:324EH         LINE#         265
  C:325AH         LINE#         266
  C:325AH         LINE#         267
  C:3277H         LINE#         268
  C:328EH         LINE#         269
  C:32A5H         LINE#         270
  C:32A5H         LINE#         271
  C:32B8H         LINE#         272
  C:32CBH         LINE#         273
  C:32CBH         LINE#         274
  C:32CBH         LINE#         275
  C:32CEH         LINE#         280
  C:32DDH         LINE#         281
  C:32DDH         LINE#         282
  C:3300H         LINE#         283
  C:331DH         LINE#         284
  C:3326H         LINE#         285
  C:3326H         LINE#         286
  C:332DH         LINE#         287
  C:332DH         LINE#         288
  C:333EH         LINE#         289
  C:333EH         LINE#         290
  C:334DH         LINE#         291
  C:334DH         LINE#         292
  C:334DH         LINE#         293
  C:3350H         LINE#         295
  C:3350H         LINE#         296
  C:335CH         LINE#         297
BL51 BANKED LINKER/LOCATER V6.22                                                      05/08/2019  12:29:36  PAGE 26


  C:335CH         LINE#         298
  C:336EH         LINE#         299
  C:336EH         LINE#         300
  C:337EH         LINE#         301
  C:337EH         LINE#         302
  C:337EH         LINE#         304
  C:3380H         LINE#         306
  C:3380H         LINE#         307
  C:338FH         LINE#         308
  C:338FH         LINE#         309
  C:339FH         LINE#         310
  C:339FH         LINE#         311
  C:339FH         LINE#         313
  C:339FH         LINE#         315
  C:339FH         LINE#         316
  C:33A1H         LINE#         318
  C:33A1H         LINE#         319
  C:33A8H         LINE#         320
  C:33A8H         LINE#         321
  C:33B7H         LINE#         322
  C:33B7H         LINE#         323
  C:33C7H         LINE#         324
  C:33C7H         LINE#         325
  C:33C7H         LINE#         326
  C:33C9H         LINE#         328
  C:33C9H         LINE#         329
  C:33D8H         LINE#         330
  C:33D8H         LINE#         331
  C:33EBH         LINE#         332
  C:33FEH         LINE#         333
  C:33FEH         LINE#         334
  C:33FEH         LINE#         335
  C:33FEH         LINE#         336
  C:3407H         LINE#         338
  C:3407H         LINE#         340
  C:3441H         LINE#         341
  C:3441H         LINE#         342
  C:3448H         LINE#         343
  C:3448H         LINE#         344
  C:3452H         LINE#         345
  C:3452H         LINE#         346
  C:3455H         LINE#         347
  C:345AH         LINE#         348
  C:345FH         LINE#         349
  C:3464H         LINE#         350
  C:3469H         LINE#         351
  C:346EH         LINE#         352
  C:3473H         LINE#         353
  C:3478H         LINE#         354
  C:3478H         LINE#         355
  C:3478H         LINE#         357
  C:3496H         LINE#         358
  C:3496H         LINE#         359
  C:349DH         LINE#         360
  C:349DH         LINE#         361
  C:34A2H         LINE#         362
  C:34ABH         LINE#         363
BL51 BANKED LINKER/LOCATER V6.22                                                      05/08/2019  12:29:36  PAGE 27


  C:34CAH         LINE#         364
  C:34CAH         LINE#         365
  C:34DAH         LINE#         367
  C:34DAH         LINE#         371
  -------         ENDPROC       KEY_PROCESS
  -------         PROC          KEYPAD_IO_INIT
  C:53C1H         LINE#         374
  C:53C1H         LINE#         375
  C:53C1H         LINE#         376
  C:53C4H         LINE#         377
  C:53C7H         LINE#         378
  C:53CAH         LINE#         379
  C:53CCH         LINE#         380
  -------         ENDPROC       KEYPAD_IO_INIT
  -------         ENDMOD        KEYPAD

  -------         MODULE        BIPOLARMOTOR
  C:0000H         SYMBOL        _ICE_DUMMY_
  X:0000H         PUBLIC        UTC_time
  D:0080H         PUBLIC        P0
  D:0090H         PUBLIC        P1
  X:0004H         PUBLIC        RX_pos_test
  D:00A0H         PUBLIC        P2
  D:00B0H         PUBLIC        P3
  D:00C0H         PUBLIC        P4
  D:00C8H         PUBLIC        P5
  D:00E8H         PUBLIC        P6
  D:00F8H         PUBLIC        P7
  X:00A4H         PUBLIC        low_date_azimuth_mapping
  D:00A8H         PUBLIC        IE
  C:46E9H         PUBLIC        linear_interpolate
  X:00CCH         PUBLIC        declination
  C:5176H         PUBLIC        _Move
  D:00B8H         PUBLIC        IP
  X:00D0H         PUBLIC        time_offset
  D:00D8H         PUBLIC        CCON
  X:00D4H         PUBLIC        previous_move_time
  X:00D5H         PUBLIC        time
  D:0098H         PUBLIC        SCON
  D:0088H         PUBLIC        TCON
  C:504AH         PUBLIC        _Step_move
  X:00E7H         PUBLIC        dat
  X:00EDH         PUBLIC        current_local_sun_time
  C:1D76H         PUBLIC        _Update_position
  C:34DBH         PUBLIC        _elevation_calculation
  X:00F1H         PUBLIC        sunCoord
  C:4F32H         PUBLIC        vOneStepMove
  X:00F4H         PUBLIC        elevation_stamp
  X:0130H         PUBLIC        date_azimuth_mapping
  X:0158H         PUBLIC        location
  X:0160H         PUBLIC        RX_pos
  C:5322H         PUBLIC        vSetLocation
  C:52B4H         PUBLIC        _BCDtoDec1
  X:03B8H         PUBLIC        degree
  C:23B2H         PUBLIC        _TheoricalJP_Position
  D:00D0H         PUBLIC        PSW
  -------         PROC          VSETLOCATION
BL51 BANKED LINKER/LOCATER V6.22                                                      05/08/2019  12:29:36  PAGE 28


  C:5322H         LINE#         44
  C:5322H         LINE#         45
  C:5322H         LINE#         46
  C:532CH         LINE#         47
  C:5336H         LINE#         48
  -------         ENDPROC       VSETLOCATION
  C:52B0H         SYMBOL        L?0060
  -------         PROC          L?0059
  -------         ENDPROC       L?0059
  C:52B0H         SYMBOL        L?0060
  -------         PROC          _BCDTODEC1
  D:0007H         SYMBOL        bcd
  -------         DO            
  D:0006H         SYMBOL        hi
  D:0007H         SYMBOL        lo
  -------         ENDDO         
  C:52B4H         LINE#         49
  C:52B4H         LINE#         50
  C:52B4H         LINE#         52
  C:52B9H         LINE#         53
  C:52BDH         LINE#         54
  C:52C4H         LINE#         55
  -------         ENDPROC       _BCDTODEC1
  -------         PROC          VONESTEPMOVE
  B:0020H.3       SYMBOL        bDir
  C:4F32H         LINE#         59
  C:4F32H         LINE#         60
  C:4F32H         LINE#         62
  C:4F38H         LINE#         63
  C:4F38H         LINE#         64
  C:4F3BH         LINE#         65
  C:4F44H         LINE#         66
  C:4F4BH         LINE#         67
  C:4F50H         LINE#         68
  C:4F50H         LINE#         69
  C:4F50H         LINE#         71
  C:4F52H         LINE#         74
  C:4F52H         LINE#         75
  C:4F55H         LINE#         76
  C:4F5EH         LINE#         77
  C:4F65H         LINE#         78
  C:4F6BH         LINE#         79
  C:4F74H         LINE#         80
  C:4F7BH         LINE#         81
  C:4F7BH         LINE#         85
  -------         ENDPROC       VONESTEPMOVE
  -------         PROC          _STEP_MOVE
  X:04D7H         SYMBOL        step
  B:0020H.2       SYMBOL        dir
  -------         DO            
  X:04D9H         SYMBOL        i
  -------         ENDDO         
  C:504AH         LINE#         87
  C:5052H         LINE#         88
  C:5052H         LINE#         90
  C:5057H         LINE#         93
  C:5072H         LINE#         94
BL51 BANKED LINKER/LOCATER V6.22                                                      05/08/2019  12:29:36  PAGE 29


  C:5072H         LINE#         95
  C:5079H         LINE#         97
  C:5089H         LINE#         99
  -------         ENDPROC       _STEP_MOVE
  -------         PROC          _MOVE
  X:04D3H         SYMBOL        distance
  B:0020H.1       SYMBOL        direction
  -------         DO            
  D:0006H         SYMBOL        step
  -------         ENDDO         
  C:5176H         LINE#         101
  C:517CH         LINE#         102
  C:517CH         LINE#         105
  C:5197H         LINE#         106
  -------         ENDPROC       _MOVE
  C:46D8H         SYMBOL        L?0058
  -------         PROC          L?0057
  -------         ENDPROC       L?0057
  C:46D8H         SYMBOL        L?0058
  -------         PROC          LINEAR_INTERPOLATE
  X:049AH         SYMBOL        p1
  X:04A2H         SYMBOL        p2
  X:04AAH         SYMBOL        x
  -------         DO            
  D:0004H         SYMBOL        fx
  -------         ENDDO         
  C:46E9H         LINE#         139
  C:46E9H         LINE#         140
  C:46E9H         LINE#         143
  C:4788H         LINE#         145
  C:4788H         LINE#         146
  -------         ENDPROC       LINEAR_INTERPOLATE
  -------         PROC          _THEORICALJP_POSITION
  X:043EH         SYMBOL        azimuth
  X:0442H         SYMBOL        elevation
  -------         DO            
  X:0446H         SYMBOL        pos_interpolate_azimuth
  X:0482H         SYMBOL        JP_pos
  X:0486H         SYMBOL        i
  X:0488H         SYMBOL        yy
  X:048AH         SYMBOL        p1
  X:0492H         SYMBOL        p2
  -------         ENDDO         
  C:23B2H         LINE#         149
  C:23B8H         LINE#         150
  C:23B8H         LINE#         152
  C:23C2H         LINE#         155
  C:23DEH         LINE#         156
  C:23DEH         LINE#         157
  C:244EH         LINE#         158
  C:244EH         LINE#         159
  C:2455H         LINE#         160
  C:2455H         LINE#         161
  C:2482H         LINE#         162
  C:249DH         LINE#         164
  C:24E4H         LINE#         165
  C:2518H         LINE#         167
BL51 BANKED LINKER/LOCATER V6.22                                                      05/08/2019  12:29:36  PAGE 30


  C:255EH         LINE#         168
  C:2583H         LINE#         170
  C:2583H         LINE#         172
  C:25F9H         LINE#         173
  C:25F9H         LINE#         174
  C:2600H         LINE#         175
  C:2600H         LINE#         176
  C:262DH         LINE#         177
  C:2648H         LINE#         179
  C:268FH         LINE#         180
  C:26C3H         LINE#         182
  C:2709H         LINE#         183
  C:272BH         LINE#         185
  C:272BH         LINE#         186
  C:273FH         LINE#         189
  C:275BH         LINE#         190
  C:275BH         LINE#         191
  C:27CBH         LINE#         192
  C:27CBH         LINE#         193
  C:27F8H         LINE#         194
  C:2813H         LINE#         196
  C:2840H         LINE#         197
  C:285BH         LINE#         199
  C:288DH         LINE#         202
  C:288DH         LINE#         204
  C:289EH         LINE#         205
  C:28ACH         LINE#         207
  -------         ENDPROC       _THEORICALJP_POSITION
  -------         PROC          _UPDATE_POSITION
  D:0001H         SYMBOL        mnths
  D:0002H         SYMBOL        dys
  X:041AH         SYMBOL        hurs
  X:041BH         SYMBOL        mns
  X:041CH         SYMBOL        sconds
  X:041DH         SYMBOL        currnt_pos
  X:0420H         SYMBOL        offset_calib
  -------         DO            
  X:0424H         SYMBOL        date
  X:0426H         SYMBOL        i
  X:0428H         SYMBOL        yy
  X:042AH         SYMBOL        desired_distance
  X:042EH         SYMBOL        distance
  X:0432H         SYMBOL        JP_pos
  X:0436H         SYMBOL        elevation
  X:043AH         SYMBOL        azimuth
  -------         ENDDO         
  C:1D76H         LINE#         210
  C:1D7FH         LINE#         213
  C:1D7FH         LINE#         214
  C:1D8AH         LINE#         216
  C:1DA6H         LINE#         223
  C:1DB0H         LINE#         224
  C:1DBBH         LINE#         225
  C:1DC6H         LINE#         226
  C:1DDFH         LINE#         227
  C:1DF0H         LINE#         228
  C:1DFFH         LINE#         231
BL51 BANKED LINKER/LOCATER V6.22                                                      05/08/2019  12:29:36  PAGE 31


  C:1E13H         LINE#         235
  C:1E65H         LINE#         236
  C:1FC9H         LINE#         237
  C:2019H         LINE#         240
  C:2141H         LINE#         243
  C:2210H         LINE#         250
  C:2257H         LINE#         251
  C:2257H         LINE#         253
  C:2282H         LINE#         254
  C:22B1H         LINE#         256
  C:22D6H         LINE#         257
  C:233BH         LINE#         258
  C:233BH         LINE#         259
  C:2355H         LINE#         260
  C:2367H         LINE#         261
  C:237FH         LINE#         262
  C:2395H         LINE#         264
  C:23B1H         LINE#         265
  C:23B1H         LINE#         266
  C:23B1H         LINE#         269
  -------         ENDPROC       _UPDATE_POSITION
  -------         PROC          _ELEVATION_CALCULATION
  D:0007H         SYMBOL        mnths
  D:0005H         SYMBOL        dys
  X:03F6H         SYMBOL        hurs
  X:03F7H         SYMBOL        mns
  X:03F8H         SYMBOL        sconds
  C:34DBH         LINE#         271
  C:34E0H         LINE#         273
  C:34E0H         LINE#         274
  C:34EAH         LINE#         275
  C:34F3H         LINE#         276
  C:34FEH         LINE#         277
  C:3517H         LINE#         278
  C:352BH         LINE#         279
  C:353DH         LINE#         283
  C:358FH         LINE#         284
  C:36F3H         LINE#         285
  C:3743H         LINE#         287
  C:385AH         LINE#         289
  -------         ENDPROC       _ELEVATION_CALCULATION
  -------         ENDMOD        BIPOLARMOTOR

  -------         MODULE        SUNPOS
  C:0000H         SYMBOL        _ICE_DUMMY_
  C:15D4H         PUBLIC        sunpos
  -------         PROC          SUNPOS
  X:043EH         SYMBOL        udtTime
  X:0450H         SYMBOL        udtLocation
  X:0458H         SYMBOL        udtSunCoordinates
  -------         DO            
  X:045BH         SYMBOL        dElapsedJulianDays
  X:045FH         SYMBOL        dDecimalHours
  X:0463H         SYMBOL        dEclipticLongitude
  X:0467H         SYMBOL        dEclipticObliquity
  X:046BH         SYMBOL        dRightAscension
  X:046FH         SYMBOL        dDeclination
BL51 BANKED LINKER/LOCATER V6.22                                                      05/08/2019  12:29:36  PAGE 32


  X:0473H         SYMBOL        dY
  X:0477H         SYMBOL        dX
  -------         DO            
  X:047BH         SYMBOL        dJulianDate
  X:047FH         SYMBOL        liAux1
  X:0483H         SYMBOL        liAux2
  X:047BH         SYMBOL        dMeanLongitude
  X:047FH         SYMBOL        dMeanAnomaly
  X:0483H         SYMBOL        dOmega
  X:047BH         SYMBOL        dSin_EclipticLongitude
  X:047BH         SYMBOL        dGreenwichMeanSiderealTime
  X:047FH         SYMBOL        dLocalMeanSiderealTime
  X:0483H         SYMBOL        dLatitudeInRadians
  X:0487H         SYMBOL        dHourAngle
  X:048BH         SYMBOL        dCos_Latitude
  X:048FH         SYMBOL        dSin_Latitude
  X:0493H         SYMBOL        dCos_HourAngle
  X:0497H         SYMBOL        dParallax
  -------         ENDDO         
  -------         DO            
  X:047BH         SYMBOL        dMeanLongitude
  X:047FH         SYMBOL        dMeanAnomaly
  X:0483H         SYMBOL        dOmega
  X:047BH         SYMBOL        dSin_EclipticLongitude
  X:047BH         SYMBOL        dGreenwichMeanSiderealTime
  X:047FH         SYMBOL        dLocalMeanSiderealTime
  X:0483H         SYMBOL        dLatitudeInRadians
  X:0487H         SYMBOL        dHourAngle
  X:048BH         SYMBOL        dCos_Latitude
  X:048FH         SYMBOL        dSin_Latitude
  X:0493H         SYMBOL        dCos_HourAngle
  X:0497H         SYMBOL        dParallax
  -------         ENDDO         
  -------         DO            
  X:047BH         SYMBOL        dSin_EclipticLongitude
  X:047BH         SYMBOL        dGreenwichMeanSiderealTime
  X:047FH         SYMBOL        dLocalMeanSiderealTime
  X:0483H         SYMBOL        dLatitudeInRadians
  X:0487H         SYMBOL        dHourAngle
  X:048BH         SYMBOL        dCos_Latitude
  X:048FH         SYMBOL        dSin_Latitude
  X:0493H         SYMBOL        dCos_HourAngle
  X:0497H         SYMBOL        dParallax
  -------         ENDDO         
  -------         DO            
  X:047BH         SYMBOL        dGreenwichMeanSiderealTime
  X:047FH         SYMBOL        dLocalMeanSiderealTime
  X:0483H         SYMBOL        dLatitudeInRadians
  X:0487H         SYMBOL        dHourAngle
  X:048BH         SYMBOL        dCos_Latitude
  X:048FH         SYMBOL        dSin_Latitude
  X:0493H         SYMBOL        dCos_HourAngle
  X:0497H         SYMBOL        dParallax
  -------         ENDDO         
  -------         ENDDO         
  C:15D4H         LINE#         6
  C:15D4H         LINE#         7
BL51 BANKED LINKER/LOCATER V6.22                                                      05/08/2019  12:29:36  PAGE 33


  C:15D4H         LINE#         9
  C:15D4H         LINE#         27
  C:161EH         LINE#         30
  C:163FH         LINE#         31
  C:1786H         LINE#         34
  C:17D2H         LINE#         36
  C:17F1H         LINE#         37
  C:17F1H         LINE#         42
  C:17F1H         LINE#         46
  C:1823H         LINE#         47
  C:184DH         LINE#         48
  C:1877H         LINE#         49
  C:1924H         LINE#         52
  C:1985H         LINE#         54
  C:1985H         LINE#         59
  C:1985H         LINE#         61
  C:199CH         LINE#         62
  C:19C4H         LINE#         63
  C:19DBH         LINE#         64
  C:1A06H         LINE#         65
  C:1A3DH         LINE#         66
  C:1A68H         LINE#         67
  C:1A68H         LINE#         70
  C:1A68H         LINE#         79
  C:1AA3H         LINE#         82
  C:1ADDH         LINE#         84
  C:1B02H         LINE#         85
  C:1B21H         LINE#         86
  C:1B38H         LINE#         87
  C:1B4FH         LINE#         88
  C:1B66H         LINE#         89
  C:1BEFH         LINE#         91
  C:1C09H         LINE#         92
  C:1C6BH         LINE#         93
  C:1CA1H         LINE#         94
  C:1CB3H         LINE#         95
  C:1CE0H         LINE#         96
  C:1D0DH         LINE#         98
  C:1D2FH         LINE#         100
  C:1D67H         LINE#         103
  C:1D67H         LINE#         104
  C:1D75H         LINE#         105
  -------         ENDPROC       SUNPOS
  -------         ENDMOD        SUNPOS

  -------         MODULE        ADC
  C:0000H         SYMBOL        _ICE_DUMMY_
  D:0092H         PUBLIC        P1M0
  D:0091H         PUBLIC        P1M1
  D:0080H         PUBLIC        P0
  D:0090H         PUBLIC        P1
  D:00A0H         PUBLIC        P2
  D:00B0H         PUBLIC        P3
  D:00C0H         PUBLIC        P4
  D:00C8H         PUBLIC        P5
  D:00E8H         PUBLIC        P6
  D:00F8H         PUBLIC        P7
BL51 BANKED LINKER/LOCATER V6.22                                                      05/08/2019  12:29:36  PAGE 34


  D:00A8H         PUBLIC        IE
  D:00BDH         PUBLIC        ADC_RES
  D:00B8H         PUBLIC        IP
  D:0097H         PUBLIC        CLK_DIV
  D:00D8H         PUBLIC        CCON
  D:00BCH         PUBLIC        ADC_CONTR
  D:0098H         PUBLIC        SCON
  D:0088H         PUBLIC        TCON
  B:00A0H.4       PUBLIC        P24
  B:00A0H.5       PUBLIC        P25
  B:00A0H.6       PUBLIC        P26
  C:52C5H         PUBLIC        ADC_Init
  C:514CH         PUBLIC        _ADC_GetResult
  D:009DH         PUBLIC        P1ASF
  D:00BEH         PUBLIC        ADC_RESL
  D:00D0H         PUBLIC        PSW
  -------         PROC          ADC_INIT
  C:52C5H         LINE#         7
  C:52C5H         LINE#         8
  C:52C5H         LINE#         10
  C:52C7H         LINE#         11
  C:52C9H         LINE#         12
  C:52CBH         LINE#         13
  C:52CEH         LINE#         14
  C:52D1H         LINE#         15
  C:52D4H         LINE#         16
  C:52D7H         LINE#         18
  C:52D9H         LINE#         19
  C:52DBH         LINE#         20
  C:52DEH         LINE#         24
  -------         ENDPROC       ADC_INIT
  -------         PROC          _ADC_GETRESULT
  D:0007H         SYMBOL        ch
  -------         DO            
  D:0006H         SYMBOL        ADC_Value_H
  D:0004H         SYMBOL        ADC_Value_L
  D:0006H         SYMBOL        ADC_Value
  -------         ENDDO         
  C:514CH         LINE#         27
  C:514CH         LINE#         28
  C:514CH         LINE#         30
  C:5151H         LINE#         31
  C:5152H         LINE#         32
  C:5153H         LINE#         35
[...]
  C:44F1H         LINE#         101
  C:44F1H         LINE#         102
  C:44F3H         LINE#         104
  C:44F3H         LINE#         105
  C:44F3H         LINE#         106
  C:44F3H         LINE#         107
  C:44F6H         LINE#         108
  C:44FAH         LINE#         111
  C:4519H         LINE#         113
  C:4520H         LINE#         114
  C:4520H         LINE#         115
  C:4522H         LINE#         116
  C:4525H         LINE#         117
  C:4541H         LINE#         118
  C:4541H         LINE#         119
  C:4543H         LINE#         120
  C:4545H         LINE#         122
  C:4545H         LINE#         123
  C:4547H         LINE#         125
  C:4547H         LINE#         126
  C:4547H         LINE#         127
  C:4547H         LINE#         128
  C:454AH         LINE#         129
  C:4563H         LINE#         131
  C:4582H         LINE#         133
  C:4589H         LINE#         134
  C:4589H         LINE#         135
BL51 BANKED LINKER/LOCATER V6.22                                                      05/08/2019  12:29:36  PAGE 45


  C:458BH         LINE#         136
  C:458EH         LINE#         137
  C:4595H         LINE#         138
  C:4595H         LINE#         139
  C:4597H         LINE#         140
  C:4599H         LINE#         142
  C:4599H         LINE#         143
  C:459BH         LINE#         145
  C:459BH         LINE#         146
  C:459BH         LINE#         147
  C:459BH         LINE#         148
  C:459EH         LINE#         149
  C:45A5H         LINE#         151
  C:45C4H         LINE#         153
  C:45C6H         LINE#         154
  C:45C9H         LINE#         155
  C:45D0H         LINE#         157
  -------         ENDPROC       _AT25SF041_WRITE
  -------         PROC          _AT25SF041_READ
  D:0003H         SYMBOL        opcode
  X:05FAH         SYMBOL        addr
  -------         DO            
  X:05FEH         SYMBOL        dat
  X:05FFH         SYMBOL        i
  -------         ENDDO         
  C:43BFH         LINE#         159
  C:43C1H         LINE#         160
  C:43C1H         LINE#         161
  C:43C6H         LINE#         163
  C:43C8H         LINE#         164
  C:43CEH         LINE#         168
  C:43D3H         LINE#         169
  C:43D3H         LINE#         170
  C:43D5H         LINE#         171
  C:43D8H         LINE#         172
  C:43DCH         LINE#         173
  C:43DCH         LINE#         174
  C:43DEH         LINE#         175
  C:43E0H         LINE#         177
  C:43E0H         LINE#         178
  C:43E2H         LINE#         180
  C:43E2H         LINE#         181
  C:43E2H         LINE#         182
  C:43E2H         LINE#         183
  C:43E5H         LINE#         184
  C:43E9H         LINE#         187
  C:4408H         LINE#         189
  C:440FH         LINE#         190
  C:440FH         LINE#         191
  C:4411H         LINE#         192
  C:4414H         LINE#         193
  C:4430H         LINE#         194
  C:4430H         LINE#         195
  C:4432H         LINE#         196
  C:4434H         LINE#         198
  C:4434H         LINE#         199
  C:4436H         LINE#         201
BL51 BANKED LINKER/LOCATER V6.22                                                      05/08/2019  12:29:36  PAGE 46


  C:4436H         LINE#         202
  C:4436H         LINE#         203
  C:4436H         LINE#         204
  C:4439H         LINE#         205
  C:4452H         LINE#         207
  C:4471H         LINE#         210
  C:4478H         LINE#         212
  C:447AH         LINE#         213
  C:4481H         LINE#         215
  C:4488H         LINE#         216
  C:4488H         LINE#         217
  C:448FH         LINE#         218
  C:448FH         LINE#         219
  C:4492H         LINE#         220
  C:4494H         LINE#         221
  C:4497H         LINE#         223
  C:449AH         LINE#         224
  C:449AH         LINE#         226
  C:449EH         LINE#         227
  C:449EH         LINE#         233
  C:44BDH         LINE#         236
  C:44BFH         LINE#         237
  C:44C2H         LINE#         238
  C:44C9H         LINE#         240
  C:44CEH         LINE#         242
  -------         ENDPROC       _AT25SF041_READ
  -------         PROC          UCREAD_STATUS_REGISTER_BYTE1
  -------         DO            
  D:0003H         SYMBOL        dat
  D:0001H         SYMBOL        opcode
  X:04DBH         SYMBOL        count
  X:04DCH         SYMBOL        i
  -------         ENDDO         
  C:499DH         LINE#         246
  C:499DH         LINE#         247
  C:499DH         LINE#         248
  C:49A3H         LINE#         249
  C:49A7H         LINE#         250
  C:49A9H         LINE#         251
  C:49ABH         LINE#         252
  C:49B1H         LINE#         256
  C:49B8H         LINE#         257
  C:49B8H         LINE#         258
  C:49BAH         LINE#         259
  C:49BDH         LINE#         260
  C:49C1H         LINE#         261
  C:49C1H         LINE#         262
  C:49C3H         LINE#         263
  C:49C5H         LINE#         265
  C:49C5H         LINE#         266
  C:49C7H         LINE#         268
  C:49C7H         LINE#         269
  C:49C7H         LINE#         270
  C:49C7H         LINE#         271
  C:49CAH         LINE#         272
  C:49CEH         LINE#         275
  C:49EDH         LINE#         279
BL51 BANKED LINKER/LOCATER V6.22                                                      05/08/2019  12:29:36  PAGE 47


  C:49F4H         LINE#         281
  C:49F6H         LINE#         282
  C:49FDH         LINE#         283
  C:4A04H         LINE#         284
  C:4A04H         LINE#         285
  C:4A08H         LINE#         286
  C:4A08H         LINE#         287
  C:4A0BH         LINE#         288
  C:4A0DH         LINE#         289
  C:4A10H         LINE#         291
  C:4A13H         LINE#         292
  C:4A13H         LINE#         294
  C:4A17H         LINE#         295
  C:4A17H         LINE#         297
  C:4A36H         LINE#         301
  C:4A38H         LINE#         302
  C:4A3BH         LINE#         303
  C:4A3DH         LINE#         304
  -------         ENDPROC       UCREAD_STATUS_REGISTER_BYTE1
  -------         PROC          SPI_NOR_WRITE_DATA
  X:03F4H         SYMBOL        dat
  X:03FFH         SYMBOL        addr
  C:3BA8H         LINE#         306
  C:3BA8H         LINE#         307
  C:3BA8H         LINE#         309
  C:3BABH         LINE#         311
  C:3BC5H         LINE#         312
  C:3BE3H         LINE#         314
  C:3BEAH         LINE#         315
  C:3BEDH         LINE#         317
  C:3C07H         LINE#         318
  C:3C07H         LINE#         319
  C:3C07H         LINE#         322
  C:3C0AH         LINE#         324
  C:3C24H         LINE#         325
  C:3C24H         LINE#         326
  C:3C24H         LINE#         328
  C:3C27H         LINE#         330
  C:3C41H         LINE#         331
  C:3C41H         LINE#         332
  C:3C41H         LINE#         334
  C:3C44H         LINE#         336
  C:3C5EH         LINE#         337
  C:3C5EH         LINE#         338
  C:3C5EH         LINE#         340
  C:3C61H         LINE#         342
  C:3C7BH         LINE#         343
  C:3C7BH         LINE#         344
  C:3C7BH         LINE#         346
  C:3C7EH         LINE#         348
  C:3C98H         LINE#         349
  C:3C98H         LINE#         350
  C:3C98H         LINE#         352
  C:3C9BH         LINE#         354
  C:3CB5H         LINE#         355
  C:3CB5H         LINE#         356
  C:3CB5H         LINE#         358
BL51 BANKED LINKER/LOCATER V6.22                                                      05/08/2019  12:29:36  PAGE 48


  C:3CB8H         LINE#         360
  C:3CD2H         LINE#         361
  C:3CD2H         LINE#         362
  C:3CD2H         LINE#         364
  C:3CD5H         LINE#         366
  C:3CEFH         LINE#         367
  C:3CEFH         LINE#         368
  C:3CEFH         LINE#         370
  C:3CF2H         LINE#         372
  C:3D0CH         LINE#         373
  C:3D13H         LINE#         374
  -------         ENDPROC       SPI_NOR_WRITE_DATA
  -------         ENDMOD        AT25SF041

  -------         MODULE        SI1120
  C:0000H         SYMBOL        _ICE_DUMMY_
  D:0080H         PUBLIC        P0
  D:00B2H         PUBLIC        P3M0
  D:0090H         PUBLIC        P1
  D:00B1H         PUBLIC        P3M1
  D:00A0H         PUBLIC        P2
  D:00B0H         PUBLIC        P3
  D:00C0H         PUBLIC        P4
  D:00C8H         PUBLIC        P5
  B:00A8H.7       PUBLIC        EA
  D:00E8H         PUBLIC        P6
  D:00F8H         PUBLIC        P7
  D:00A8H         PUBLIC        IE
  D:00B8H         PUBLIC        IP
  C:50C5H         PUBLIC        SI1120_CONFIG_MODE_VIRH
  D:00D8H         PUBLIC        CCON
  D:0098H         PUBLIC        SCON
  D:0088H         PUBLIC        TCON
  C:53B4H         PUBLIC        Enable_EXTINT0
  B:0090H.5       PUBLIC        SI1120_STX
  B:0088H.0       PUBLIC        IT0
  B:00A8H.0       PUBLIC        EX0
  B:0090H.4       PUBLIC        SI1120_MD
  B:0090H.6       PUBLIC        SI1120_SC
  D:00D0H         PUBLIC        PSW
  -------         PROC          SI1120_CONFIG_MODE_VIRH
  C:50C5H         LINE#         4
  C:50C5H         LINE#         5
  C:50C5H         LINE#         6
  C:50C7H         LINE#         7
  C:50C9H         LINE#         8
  C:50CBH         LINE#         10
  C:50D2H         LINE#         11
  C:50D4H         LINE#         13
  C:50D6H         LINE#         14
  C:50D8H         LINE#         16
  C:50DFH         LINE#         18
  C:50E1H         LINE#         20
  C:50E8H         LINE#         23
  C:50EAH         LINE#         25
  C:50ECH         LINE#         27
  C:50F3H         LINE#         29
BL51 BANKED LINKER/LOCATER V6.22                                                      05/08/2019  12:29:36  PAGE 49


  C:50F5H         LINE#         31
  -------         ENDPROC       SI1120_CONFIG_MODE_VIRH
  -------         PROC          ENABLE_EXTINT0
  C:53B4H         LINE#         33
  C:53B4H         LINE#         34
  C:53B4H         LINE#         35
  C:53B7H         LINE#         36
  C:53BAH         LINE#         37
  C:53BCH         LINE#         38
  C:53BEH         LINE#         39
  C:53C0H         LINE#         40
  -------         ENDPROC       ENABLE_EXTINT0
  -------         ENDMOD        SI1120

  -------         MODULE        ?C_STARTUP
  C:4C11H         SEGMENT       ?C_C51STARTUP
  I:0021H         SEGMENT       ?STACK
  C:0000H         PUBLIC        ?C_STARTUP
  D:00E0H         SYMBOL        ACC
  D:00F0H         SYMBOL        B
  D:0083H         SYMBOL        DPH
  D:0082H         SYMBOL        DPL
  N:0000H         SYMBOL        IBPSTACK
  N:0100H         SYMBOL        IBPSTACKTOP
  N:0080H         SYMBOL        IDATALEN
  C:4C14H         SYMBOL        IDATALOOP
  N:0000H         SYMBOL        PBPSTACK
  N:0100H         SYMBOL        PBPSTACKTOP
  N:0000H         SYMBOL        PDATALEN
  N:0000H         SYMBOL        PDATASTART
  N:0000H         SYMBOL        PPAGE
  N:0000H         SYMBOL        PPAGEENABLE
  D:00A0H         SYMBOL        PPAGE_SFR
  D:0081H         SYMBOL        SP
  C:4C11H         SYMBOL        STARTUP1
  N:0000H         SYMBOL        XBPSTACK
  N:0000H         SYMBOL        XBPSTACKTOP
  N:0000H         SYMBOL        XDATALEN
  N:0000H         SYMBOL        XDATASTART
  C:0000H         LINE#         126
  C:4C11H         LINE#         133
  C:4C13H         LINE#         134
  C:4C14H         LINE#         135
  C:4C15H         LINE#         136
  C:4C17H         LINE#         185
  C:4C1AH         LINE#         196
  -------         ENDMOD        ?C_STARTUP

  -------         MODULE        ?C?FPADD
  C:0C37H         PUBLIC        ?C?FPADD
  C:0C33H         PUBLIC        ?C?FPSUB
  -------         ENDMOD        ?C?FPADD

  -------         MODULE        ?C?FPMUL
  C:0D28H         PUBLIC        ?C?FPMUL
  -------         ENDMOD        ?C?FPMUL

BL51 BANKED LINKER/LOCATER V6.22                                                      05/08/2019  12:29:36  PAGE 50


  -------         MODULE        ?C?FPDIV
  C:0E31H         PUBLIC        ?C?FPDIV
  -------         ENDMOD        ?C?FPDIV

  -------         MODULE        ?C?FPCMP
  C:0ED0H         PUBLIC        ?C?FPCMP
  C:0ECEH         PUBLIC        ?C?FPCMP3
  -------         ENDMOD        ?C?FPCMP

  -------         MODULE        ?C?FPNEG
  C:0F47H         PUBLIC        ?C?FPNEG
  -------         ENDMOD        ?C?FPNEG

  -------         MODULE        ?C?FCAST
  C:0F62H         PUBLIC        ?C?FCASTC
  C:0F5DH         PUBLIC        ?C?FCASTI
  C:0F58H         PUBLIC        ?C?FCASTL
  -------         ENDMOD        ?C?FCAST

  -------         MODULE        ?C?CASTF
  C:0F96H         PUBLIC        ?C?CASTF
  -------         ENDMOD        ?C?CASTF

  -------         MODULE        ATAN2
  X:049BH         PUBLIC        ?_atan2?BYTE
  C:4A3EH         PUBLIC        _atan2
  -------         ENDMOD        ATAN2

  -------         MODULE        SIN
  C:3D79H         PUBLIC        _COS
  C:3D8FH         PUBLIC        _SIN
  C:3DCBH         PUBLIC        _TAN
  -------         ENDMOD        SIN

  -------         MODULE        ACOS
  C:4F7CH         PUBLIC        _ACOS
  -------         ENDMOD        ACOS

  -------         MODULE        ASIN
  C:508AH         PUBLIC        _ASIN
  -------         ENDMOD        ASIN

  -------         MODULE        POW
  X:03BCH         PUBLIC        ?_pow?BYTE
  C:3EB9H         PUBLIC        _pow
  -------         ENDMOD        POW

  -------         MODULE        ?C?CHKFLOAT
  C:1017H         PUBLIC        ?C?CHKFLOAT
  -------         ENDMOD        ?C?CHKFLOAT

  -------         MODULE        EXP
  C:4BAFH         PUBLIC        _EXP
  -------         ENDMOD        EXP

  -------         MODULE        LOG
  C:41A8H         PUBLIC        _LOG
BL51 BANKED LINKER/LOCATER V6.22                                                      05/08/2019  12:29:36  PAGE 51


  C:41A4H         PUBLIC        _LOG10
  -------         ENDMOD        LOG

  -------         MODULE        SQRT
  C:48F5H         PUBLIC        _SQRT
  -------         ENDMOD        SQRT

  -------         MODULE        ATAN
  C:42BDH         PUBLIC        _ATAN
  -------         ENDMOD        ATAN

  -------         MODULE        ?C?COPY
  C:114EH         PUBLIC        ?C?COPY
  -------         ENDMOD        ?C?COPY

  -------         MODULE        ?C?CLDPTR
  C:1174H         PUBLIC        ?C?CLDPTR
  -------         ENDMOD        ?C?CLDPTR

  -------         MODULE        ?C?CLDOPTR
  C:118DH         PUBLIC        ?C?CLDOPTR
  -------         ENDMOD        ?C?CLDOPTR

  -------         MODULE        ?C?CSTPTR
  C:11BAH         PUBLIC        ?C?CSTPTR
  -------         ENDMOD        ?C?CSTPTR

  -------         MODULE        ?C?IMUL
  C:11CCH         PUBLIC        ?C?IMUL
  -------         ENDMOD        ?C?IMUL

  -------         MODULE        ?C?UIDIV
  C:11DEH         PUBLIC        ?C?UIDIV
  -------         ENDMOD        ?C?UIDIV

  -------         MODULE        ?C?SIDIV
  C:1233H         PUBLIC        ?C?SIDIV
  -------         ENDMOD        ?C?SIDIV

  -------         MODULE        ?C?ILDOPTR
  C:1269H         PUBLIC        ?C?ILDOPTR
  -------         ENDMOD        ?C?ILDOPTR

  -------         MODULE        ?C?ISTPTR
  C:12A1H         PUBLIC        ?C?ISTPTR
  -------         ENDMOD        ?C?ISTPTR

  -------         MODULE        ?C?LMUL
  C:12C0H         PUBLIC        ?C?LMUL
  -------         ENDMOD        ?C?LMUL

  -------         MODULE        ?C?SLDIV
  C:4FC6H         PUBLIC        ?C?SLDIV
  -------         ENDMOD        ?C?SLDIV

  -------         MODULE        ?C?LNEG
  C:130FH         PUBLIC        ?C?LNEG
BL51 BANKED LINKER/LOCATER V6.22                                                      05/08/2019  12:29:36  PAGE 52


  -------         ENDMOD        ?C?LNEG

  -------         MODULE        ?C?ULCMP
  C:131DH         PUBLIC        ?C?ULCMP
  -------         ENDMOD        ?C?ULCMP

  -------         MODULE        ?C?LSHL
  C:132EH         PUBLIC        ?C?LSHL
  -------         ENDMOD        ?C?LSHL

  -------         MODULE        ?C?LLDPTR
  C:1341H         PUBLIC        ?C?LLDPTR
  -------         ENDMOD        ?C?LLDPTR

  -------         MODULE        ?C?LLDOPTR
  C:1361H         PUBLIC        ?C?LLDOPTR
  -------         ENDMOD        ?C?LLDOPTR

  -------         MODULE        ?C?LSTPTR
  C:1391H         PUBLIC        ?C?LSTPTR
  -------         ENDMOD        ?C?LSTPTR

  -------         MODULE        ?C?LSTOPTR
  C:13ABH         PUBLIC        ?C?LSTOPTR
  -------         ENDMOD        ?C?LSTOPTR

  -------         MODULE        ?C?LLDXDATA
  C:13CFH         PUBLIC        ?C?LLDXDATA
  -------         ENDMOD        ?C?LLDXDATA

  -------         MODULE        ?C?LLDCODE
  C:13DBH         PUBLIC        ?C?LLDCODE
  -------         ENDMOD        ?C?LLDCODE

  -------         MODULE        ?C?LLDXDATA0
  C:13EBH         PUBLIC        ?C?LLDXDATA0
  -------         ENDMOD        ?C?LLDXDATA0

  -------         MODULE        ?C?LLDCODE0
  C:13F7H         PUBLIC        ?C?LLDCODE0
  -------         ENDMOD        ?C?LLDCODE0

  -------         MODULE        ?C?LLDPTR0
  C:1407H         PUBLIC        ?C?LLDPTR0
  -------         ENDMOD        ?C?LLDPTR0

  -------         MODULE        ?C?LSTXDATA
  C:1427H         PUBLIC        ?C?LSTXDATA
  -------         ENDMOD        ?C?LSTXDATA

  -------         MODULE        ?C?LSTKXDATA
  C:1433H         PUBLIC        ?C?LSTKXDATA
  -------         ENDMOD        ?C?LSTKXDATA

  -------         MODULE        ?C?LSTKPTR
  C:1464H         PUBLIC        ?C?LSTKPTR
  -------         ENDMOD        ?C?LSTKPTR
BL51 BANKED LINKER/LOCATER V6.22                                                      05/08/2019  12:29:36  PAGE 53



  -------         MODULE        ?C?OFFXADD
  C:147EH         PUBLIC        ?C?OFFXADD
  -------         ENDMOD        ?C?OFFXADD

  -------         MODULE        ?C?ULDIV
  C:14C6H         PUBLIC        ?C?ULDIV
  -------         ENDMOD        ?C?ULDIV

  -------         MODULE        ?C?LLDIDATA
  C:1558H         PUBLIC        ?C?LLDIDATA
  -------         ENDMOD        ?C?LLDIDATA

  -------         MODULE        ?C?LLDPDATA
  C:1564H         PUBLIC        ?C?LLDPDATA
  -------         ENDMOD        ?C?LLDPDATA

  -------         MODULE        ?C?LLDIDATA0
  C:1570H         PUBLIC        ?C?LLDIDATA0
  -------         ENDMOD        ?C?LLDIDATA0

  -------         MODULE        ?C?LLDPDATA0
  C:157DH         PUBLIC        ?C?LLDPDATA0
  -------         ENDMOD        ?C?LLDPDATA0

  -------         MODULE        ?C?LSTIDATA
  C:158AH         PUBLIC        ?C?LSTIDATA
  -------         ENDMOD        ?C?LSTIDATA

  -------         MODULE        ?C?LSTPDATA
  C:1596H         PUBLIC        ?C?LSTPDATA
  -------         ENDMOD        ?C?LSTPDATA

  -------         MODULE        ?C?LSTKIDATA
  C:15A2H         PUBLIC        ?C?LSTKIDATA
  -------         ENDMOD        ?C?LSTKIDATA

  -------         MODULE        ?C?LSTKPDATA
  C:15BBH         PUBLIC        ?C?LSTKPDATA
  -------         ENDMOD        ?C?LSTKPDATA

*** WARNING L16: UNCALLED SEGMENT, IGNORED FOR OVERLAY PROCESS
    SEGMENT: ?PR?_DAY_OF_YEAR?PCF85063BTL

*** WARNING L16: UNCALLED SEGMENT, IGNORED FOR OVERLAY PROCESS
    SEGMENT: ?PR?NOP?IOEXPANDER_PI4IOE5V96248

*** WARNING L16: UNCALLED SEGMENT, IGNORED FOR OVERLAY PROCESS
    SEGMENT: ?PR?UC_ACK?IOEXPANDER_PI4IOE5V96248

*** WARNING L16: UNCALLED SEGMENT, IGNORED FOR OVERLAY PROCESS
    SEGMENT: ?PR?UC_NACK?IOEXPANDER_PI4IOE5V96248

*** WARNING L16: UNCALLED SEGMENT, IGNORED FOR OVERLAY PROCESS
    SEGMENT: ?PR?_AT25SF041_READ?AT25SF041

Program Size: data=9.5 xdata=1539 code=21484
BL51 BANKED LINKER/LOCATER V6.22                                                      05/08/2019  12:29:36  PAGE 54


LINK/LOCATE RUN COMPLETE.  5 WARNING(S),  0 ERROR(S)
