BL51 BANKED LINKER/LOCATER V6.22                                                        02/21/2019  10:35:24  PAGE 1


BL51 BANKED LINKER/LOCATER V6.22, INVOKED BY:
C:\KEIL_V5\C51\BIN\BL51.EXE .\Obj\main.obj, .\Obj\PCF85063BTL.obj, .\Obj\UART1.obj, .\Obj\LCd_Driver_SPLC780D.obj, .\Obj
>> \KeyPad.obj, .\Obj\BipolarMotor.obj, .\Obj\SunPos.obj, .\Obj\ADC.obj, .\Obj\Calibration.obj, .\Obj\IOExpander_PI4IOE5
>> V96248.obj, .\Obj\AT25SF041.obj, .\Obj\STARTUP.obj TO .\Obj\GPIO_RTC_Test PRINT (.\Lis\GPIO_RTC_Test.m51) RAMSIZE (25
>> 6)


MEMORY MODEL: LARGE WITH FLOATING POINT ARITHMETIC


INPUT MODULES INCLUDED:
  .\Obj\main.obj (MAIN)
  .\Obj\PCF85063BTL.obj (PCF85063BTL)
  .\Obj\UART1.obj (UART1)
  .\Obj\LCd_Driver_SPLC780D.obj (LCD_DRIVER_SPLC780D)
  .\Obj\KeyPad.obj (KEYPAD)
  .\Obj\BipolarMotor.obj (BIPOLARMOTOR)
  .\Obj\SunPos.obj (SUNPOS)
  .\Obj\ADC.obj (ADC)
  .\Obj\Calibration.obj (CALIBRATION)
  .\Obj\IOExpander_PI4IOE5V96248.obj (IOEXPANDER_PI4IOE5V96248)
  .\Obj\AT25SF041.obj (AT25SF041)
  .\Obj\STARTUP.obj (?C_STARTUP)
  C:\KEIL_V5\C51\LIB\C51FPL.LIB (?C?FPADD)
  C:\KEIL_V5\C51\LIB\C51FPL.LIB (?C?FPMUL)
  C:\KEIL_V5\C51\LIB\C51FPL.LIB (?C?FPDIV)
  C:\KEIL_V5\C51\LIB\C51FPL.LIB (?C?FPCMP)
  C:\KEIL_V5\C51\LIB\C51FPL.LIB (?C?FPNEG)
  C:\KEIL_V5\C51\LIB\C51FPL.LIB (?C?FCAST)
  C:\KEIL_V5\C51\LIB\C51FPL.LIB (?C?CASTF)
  C:\KEIL_V5\C51\LIB\C51FPL.LIB (ATAN2)
  C:\KEIL_V5\C51\LIB\C51FPL.LIB (SIN)
  C:\KEIL_V5\C51\LIB\C51FPL.LIB (ACOS)
  C:\KEIL_V5\C51\LIB\C51FPL.LIB (ASIN)
  C:\KEIL_V5\C51\LIB\C51FPL.LIB (?C?FPGETOPN)
  C:\KEIL_V5\C51\LIB\C51FPL.LIB (?C?FPSERIES)
  C:\KEIL_V5\C51\LIB\C51FPL.LIB (SQRT)
  C:\KEIL_V5\C51\LIB\C51FPL.LIB (ATAN)
  C:\KEIL_V5\C51\LIB\C51L.LIB (?C_INIT)
  C:\KEIL_V5\C51\LIB\C51L.LIB (?C?COPY)
  C:\KEIL_V5\C51\LIB\C51L.LIB (?C?CLDPTR)
  C:\KEIL_V5\C51\LIB\C51L.LIB (?C?CLDOPTR)
  C:\KEIL_V5\C51\LIB\C51L.LIB (?C?CSTPTR)
  C:\KEIL_V5\C51\LIB\C51L.LIB (?C?IMUL)
  C:\KEIL_V5\C51\LIB\C51L.LIB (?C?UIDIV)
  C:\KEIL_V5\C51\LIB\C51L.LIB (?C?SIDIV)
  C:\KEIL_V5\C51\LIB\C51L.LIB (?C?IILDX)
  C:\KEIL_V5\C51\LIB\C51L.LIB (?C?ILDIX)
  C:\KEIL_V5\C51\LIB\C51L.LIB (?C?ILDOPTR)
  C:\KEIL_V5\C51\LIB\C51L.LIB (?C?ISTPTR)
  C:\KEIL_V5\C51\LIB\C51L.LIB (?C?LMUL)
  C:\KEIL_V5\C51\LIB\C51L.LIB (?C?SLDIV)
  C:\KEIL_V5\C51\LIB\C51L.LIB (?C?LNEG)
  C:\KEIL_V5\C51\LIB\C51L.LIB (?C?ULCMP)
  C:\KEIL_V5\C51\LIB\C51L.LIB (?C?LSHL)
  C:\KEIL_V5\C51\LIB\C51L.LIB (?C?LLDPTR)
  C:\KEIL_V5\C51\LIB\C51L.LIB (?C?LLDOPTR)
  C:\KEIL_V5\C51\LIB\C51L.LIB (?C?LSTPTR)
BL51 BANKED LINKER/LOCATER V6.22                                                      02/21/2019  10:35:24  PAGE 2


  C:\KEIL_V5\C51\LIB\C51L.LIB (?C?LSTOPTR)
  C:\KEIL_V5\C51\LIB\C51L.LIB (?C?LLDXDATA)
  C:\KEIL_V5\C51\LIB\C51L.LIB (?C?LLDCODE)
  C:\KEIL_V5\C51\LIB\C51L.LIB (?C?LLDXDATA0)
  C:\KEIL_V5\C51\LIB\C51L.LIB (?C?LLDCODE0)
  C:\KEIL_V5\C51\LIB\C51L.LIB (?C?LLDPTR0)
  C:\KEIL_V5\C51\LIB\C51L.LIB (?C?LSTXDATA)
  C:\KEIL_V5\C51\LIB\C51L.LIB (?C?LSTKXDATA)
  C:\KEIL_V5\C51\LIB\C51L.LIB (?C?LSTKPTR)
  C:\KEIL_V5\C51\LIB\C51L.LIB (?C?OFFXADD)
  C:\KEIL_V5\C51\LIB\C51L.LIB (ABS)
  C:\KEIL_V5\C51\LIB\C51L.LIB (ATOI)
  C:\KEIL_V5\C51\LIB\C51L.LIB (?C?ULDIV)
  C:\KEIL_V5\C51\LIB\C51L.LIB (?C?LLDIDATA)
  C:\KEIL_V5\C51\LIB\C51L.LIB (?C?LLDPDATA)
  C:\KEIL_V5\C51\LIB\C51L.LIB (?C?LLDIDATA0)
  C:\KEIL_V5\C51\LIB\C51L.LIB (?C?LLDPDATA0)
  C:\KEIL_V5\C51\LIB\C51L.LIB (?C?LSTIDATA)
  C:\KEIL_V5\C51\LIB\C51L.LIB (?C?LSTPDATA)
  C:\KEIL_V5\C51\LIB\C51L.LIB (?C?LSTKIDATA)
  C:\KEIL_V5\C51\LIB\C51L.LIB (?C?LSTKPDATA)
  C:\KEIL_V5\C51\LIB\C51L.LIB (ISDIGIT)
  C:\KEIL_V5\C51\LIB\C51L.LIB (ISSPACE)


LINK MAP OF MODULE:  .\Obj\GPIO_RTC_Test (MAIN)


            TYPE    BASE      LENGTH    RELOCATION   SEGMENT NAME
            -----------------------------------------------------

            * * * * * * *   D A T A   M E M O R Y   * * * * * * *
            REG     0000H     0008H     ABSOLUTE     "REG BANK 0"
                    0008H     0018H                  *** GAP ***
            BIT     0020H.0   0000H.5   UNIT         ?BI?KEYPAD
            BIT     0020H.5   0000H.3   UNIT         _BIT_GROUP_
            BIT     0021H.0   0000H.1   UNIT         ?BI?MAIN
            BIT     0021H.1   0000H.1   UNIT         ?BI?_ATOI?ATOI
                    0021H.2   0000H.6                *** GAP ***
            IDATA   0022H     0001H     UNIT         ?STACK

            * * * * * * *  X D A T A   M E M O R Y  * * * * * * *
            XDATA   0000H     038FH     UNIT         ?XD?BIPOLARMOTOR
            XDATA   038FH     0152H     UNIT         _XDATA_GROUP_
            XDATA   04E1H     00D4H     UNIT         ?XD?MAIN
            XDATA   05B5H     0040H     UNIT         ?XD?_FINDDET4X4?BIPOLARMOTOR
            XDATA   05F5H     0024H     UNIT         ?XD?_FINDDET3X3?BIPOLARMOTOR
            XDATA   0619H     0009H     UNIT         ?XD?KEYPAD
            XDATA   0622H     0008H     UNIT         ?XD?_AT25SF041_READ?AT25SF041
            XDATA   062AH     0005H     UNIT         ?XD?_ATOI?ATOI
            XDATA   062FH     0004H     UNIT         ?XD?_DISPLAY_PROX?MAIN
            XDATA   0633H     0003H     UNIT         ?XD?_SENDSTRING?UART1
            XDATA   0636H     0001H     UNIT         ?XD?UC_ACK?IOEXPANDER_PI4IOE5V96248
            XDATA   0637H     0001H     UNIT         ?XD?UC_NACK?IOEXPANDER_PI4IOE5V96248

            * * * * * * *   C O D E   M E M O R Y   * * * * * * *
            CODE    0000H     0003H     ABSOLUTE     
BL51 BANKED LINKER/LOCATER V6.22                                                      02/21/2019  10:35:24  PAGE 3


            CODE    0003H     0006H     UNIT         ?PR?_TEN?UART1
            CODE    0009H     0001H     UNIT         ?PR?TM0_ISR?MAIN
            CODE    000AH     0001H     UNIT         ?PR?_DECTOBCD?UART1
            CODE    000BH     0003H     ABSOLUTE     
            CODE    000EH     0B00H     UNIT         ?PR?_UPDATE_POSITION?BIPOLARMOTOR
            CODE    0B0EH     09BBH     UNIT         ?PR?MAIN?MAIN
            CODE    14C9H     09B6H     UNIT         ?C?LIB_CODE
            CODE    1E7FH     07A2H     UNIT         ?PR?SUNPOS?SUNPOS
            CODE    2621H     03F2H     UNIT         ?C_INITSEG
            CODE    2A13H     0309H     UNIT         ?PR?_FIND_REAL_MAX?CALIBRATION
            CODE    2D1CH     02C0H     UNIT         ?PR?_FINDDET4X4?BIPOLARMOTOR
            CODE    2FDCH     02A0H     UNIT         ?PR?KEY_PROCESS?KEYPAD
            CODE    327CH     01F1H     UNIT         ?PR?_SPI_NOR_WRITE_DATA?AT25SF041
            CODE    346DH     01D1H     UNIT         ?PR?_FINDDET3X3?BIPOLARMOTOR
            CODE    363EH     018DH     UNIT         ?PR?KEY_SCAN?KEYPAD
            CODE    37CBH     0188H     UNIT         ?PR?SIN?SIN
            CODE    3953H     0172H     UNIT         ?PR?_DISPLAY_POS?MAIN
            CODE    3AC5H     013CH     UNIT         ?PR?_CALIBRATION?CALIBRATION
            CODE    3C01H     0122H     UNIT         ?PR?ATAN?ATAN
            CODE    3D23H     0106H     UNIT         ?PR?_AT25SF041_READ?AT25SF041
            CODE    3E29H     00FEH     UNIT         ?PR?_AT25SF041_WRITE?AT25SF041
            CODE    3F27H     00DBH     UNIT         ?PR?_ATOI?ATOI
            CODE    4002H     00C3H     UNIT         ?PR?LINEAR_INTERPOLATE?BIPOLARMOTOR
            CODE    40C5H     00BBH     UNIT         ?PR?VOLTAGE_IS_STABLE?CALIBRATION
            CODE    4180H     00ADH     UNIT         ?PR?_WRITE_PI4IOE5V96248?IOEXPANDER_PI4IOE5V96248
            CODE    422DH     00ACH     UNIT         ?PR?SQRT?SQRT
            CODE    42D9H     00A1H     UNIT         ?PR?READ_STATUS_REGISTER_BYTE1?AT25SF041
            CODE    437AH     009DH     UNIT         ?PR?_ATAN2?ATAN2
            CODE    4417H     009CH     UNIT         ?PR?_MAX_VALUE?CALIBRATION
            CODE    44B3H     0095H     UNIT         ?PR?_DISPLAY_PROX?MAIN
            CODE    4548H     008CH     UNIT         ?C_C51STARTUP
            CODE    45D4H     0084H     UNIT         ?PR?_DAY_OF_YEAR?PCF85063BTL
            CODE    4658H     0075H     UNIT         ?PR?_WRITEDATA?LCD_DRIVER_SPLC780D
            CODE    46CDH     006FH     UNIT         ?PR?_READ_TIME?PCF85063BTL
            CODE    473CH     005AH     UNIT         ?PR?AT25SF041_CHIPERASE?AT25SF041
            CODE    4796H     005AH     UNIT         ?PR?AT25SF041_WRITEENABLE?AT25SF041
            CODE    47F0H     0059H     UNIT         ?PR?LCD_INIT?LCD_DRIVER_SPLC780D
            CODE    4849H     004AH     UNIT         ?PR?VONESTEPMOVE?BIPOLARMOTOR
            CODE    4893H     004AH     UNIT         ?PR?ACOS?ACOS
            CODE    48DDH     0044H     UNIT         ?C?LDIV
            CODE    4921H     0040H     UNIT         ?PR?_COMMAND?LCD_DRIVER_SPLC780D
            CODE    4961H     0040H     UNIT         ?PR?_STEP_MOVE?BIPOLARMOTOR
            CODE    49A1H     003BH     UNIT         ?PR?ASIN?ASIN
            CODE    49DCH     0033H     UNIT         ?PR?_SENDSTRING?UART1
            CODE    4A0FH     002CH     UNIT         ?PR?_ADC_GETRESULT?ADC
            CODE    4A3BH     002BH     UNIT         ?PR?_WAIT_MS_I2C?IOEXPANDER_PI4IOE5V96248
            CODE    4A66H     002BH     UNIT         ?PR?_WAIT_MS_SPINOR?AT25SF041
            CODE    4A91H     0028H     UNIT         ?PR?_MOVE?BIPOLARMOTOR
            CODE    4AB9H     0027H     UNIT         ?PR?_I2C_SENDBYTE?IOEXPANDER_PI4IOE5V96248
            CODE    4AE0H     0024H     UNIT         ?PR?_WAIT_MS?LCD_DRIVER_SPLC780D
            CODE    4B04H     0020H     UNIT         ?PR?_SPI_SENDBYTE?PCF85063BTL
            CODE    4B24H     0020H     UNIT         ?PR?SPI_RECEIVEBYTE?PCF85063BTL
            CODE    4B44H     001FH     UNIT         ?PR?ADC_INIT?ADC
            CODE    4B63H     001EH     UNIT         ?PR?_DELAY_MS?KEYPAD
            CODE    4B81H     001DH     UNIT         ?PR?_DISPLAYLCD?LCD_DRIVER_SPLC780D
            CODE    4B9EH     001BH     UNIT         ?PR?_BCDTODEC1?BIPOLARMOTOR
            CODE    4BB9H     0018H     UNIT         ?PR?_SPI_WRITETIME?PCF85063BTL
BL51 BANKED LINKER/LOCATER V6.22                                                      02/21/2019  10:35:24  PAGE 4


            CODE    4BD1H     0017H     UNIT         ?PR?_ASCIITOBCD?UART1
            CODE    4BE8H     0016H     UNIT         ?PR?I2C_ACK?IOEXPANDER_PI4IOE5V96248
            CODE    4BFEH     0015H     UNIT         ?PR?_DISPLAY_LINE?LCD_DRIVER_SPLC780D
            CODE    4C13H     0015H     UNIT         ?PR?I2C_STOP?IOEXPANDER_PI4IOE5V96248
            CODE    4C28H     0014H     UNIT         ?PR?_PCF85063BTL_DELAY?PCF85063BTL
            CODE    4C3CH     0014H     UNIT         ?PR?_ISSPACE?ISSPACE
            CODE    4C50H     0011H     UNIT         ?PR?_SPI_READTIME?PCF85063BTL
            CODE    4C61H     0011H     UNIT         ?PR?_BCDTODEC?PCF85063BTL
            CODE    4C72H     0011H     UNIT         ?PR?INITUART1?UART1
            CODE    4C83H     000FH     UNIT         ?PR?I2C_START?IOEXPANDER_PI4IOE5V96248
            CODE    4C92H     000FH     UNIT         ?PR?UC_NACK?IOEXPANDER_PI4IOE5V96248
            CODE    4CA1H     000FH     UNIT         ?PR?_ISDIGIT?ISDIGIT
            CODE    4CB0H     000DH     UNIT         ?PR?SPI_INIT?PCF85063BTL
            CODE    4CBDH     000CH     UNIT         ?PR?KEYPAD_IO_INIT?KEYPAD
            CODE    4CC9H     000CH     UNIT         ?PR?_ABS?ABS
            CODE    4CD5H     000AH     UNIT         ?PR?LCD_RETURN_HOME?LCD_DRIVER_SPLC780D
            CODE    4CDFH     000AH     UNIT         ?PR?LCD_CLEAR?LCD_DRIVER_SPLC780D
            CODE    4CE9H     0006H     UNIT         ?PR?UC_ACK?IOEXPANDER_PI4IOE5V96248
            CODE    4CEFH     0005H     UNIT         ?PR?_UNIT?UART1
            CODE    4CF4H     0005H     UNIT         ?PR?_ASCII_LETTER?UART1
            CODE    4CF9H     0001H     UNIT         ?PR?WAIT?BIPOLARMOTOR
            CODE    4CFAH     0001H     UNIT         ?PR?NOP?IOEXPANDER_PI4IOE5V96248



OVERLAY MAP OF MODULE:   .\Obj\GPIO_RTC_Test (MAIN)


SEGMENT                                             BIT_GROUP          XDATA_GROUP
  +--> CALLED SEGMENT                            START    LENGTH     START    LENGTH
------------------------------------------------------------------------------------
?C_C51STARTUP                                    -----    -----      -----    -----
  +--> ?PR?MAIN?MAIN
  +--> ?C_INITSEG

?PR?MAIN?MAIN                                    -----    -----      038FH    0031H
  +--> ?PR?LCD_INIT?LCD_DRIVER_SPLC780D
  +--> ?PR?SPI_INIT?PCF85063BTL
  +--> ?PR?KEYPAD_IO_INIT?KEYPAD
  +--> ?PR?ADC_INIT?ADC
  +--> ?PR?_SPI_WRITETIME?PCF85063BTL
  +--> ?PR?_DELAY_MS?KEYPAD
  +--> ?PR?_DISPLAY_LINE?LCD_DRIVER_SPLC780D
  +--> ?PR?_WRITEDATA?LCD_DRIVER_SPLC780D
  +--> ?PR?KEY_PROCESS?KEYPAD
  +--> ?PR?_COMMAND?LCD_DRIVER_SPLC780D
  +--> ?PR?_DISPLAY_POS?MAIN
  +--> ?PR?_DISPLAYLCD?LCD_DRIVER_SPLC780D
  +--> ?PR?_STEP_MOVE?BIPOLARMOTOR
  +--> ?PR?LCD_RETURN_HOME?LCD_DRIVER_SPLC780D
  +--> ?PR?_READ_TIME?PCF85063BTL
  +--> ?PR?_ADC_GETRESULT?ADC
  +--> ?PR?_BCDTODEC1?BIPOLARMOTOR
  +--> ?PR?_CALIBRATION?CALIBRATION
  +--> ?PR?_SPI_NOR_WRITE_DATA?AT25SF041
  +--> ?PR?LINEAR_INTERPOLATE?BIPOLARMOTOR
  +--> ?PR?_UPDATE_POSITION?BIPOLARMOTOR
BL51 BANKED LINKER/LOCATER V6.22                                                      02/21/2019  10:35:24  PAGE 5



?PR?LCD_INIT?LCD_DRIVER_SPLC780D                 -----    -----      -----    -----
  +--> ?PR?_WAIT_MS?LCD_DRIVER_SPLC780D
  +--> ?PR?_COMMAND?LCD_DRIVER_SPLC780D

?PR?_COMMAND?LCD_DRIVER_SPLC780D                 -----    -----      -----    -----
  +--> ?PR?_WAIT_MS?LCD_DRIVER_SPLC780D

?PR?ADC_INIT?ADC                                 -----    -----      -----    -----
  +--> ?PR?_WAIT_MS?LCD_DRIVER_SPLC780D

?PR?_SPI_WRITETIME?PCF85063BTL                   -----    -----      -----    -----
  +--> ?PR?_SPI_SENDBYTE?PCF85063BTL

?PR?_SPI_SENDBYTE?PCF85063BTL                    -----    -----      -----    -----
  +--> ?PR?_PCF85063BTL_DELAY?PCF85063BTL

?PR?_DISPLAY_LINE?LCD_DRIVER_SPLC780D            -----    -----      -----    -----
  +--> ?PR?_COMMAND?LCD_DRIVER_SPLC780D

?PR?_WRITEDATA?LCD_DRIVER_SPLC780D               -----    -----      046DH    0001H
  +--> ?PR?_WAIT_MS?LCD_DRIVER_SPLC780D

?PR?KEY_PROCESS?KEYPAD                           -----    -----      03C0H    0006H
  +--> ?PR?KEY_SCAN?KEYPAD
  +--> ?PR?_SPI_WRITETIME?PCF85063BTL
  +--> ?PR?LCD_CLEAR?LCD_DRIVER_SPLC780D
  +--> ?PR?_COMMAND?LCD_DRIVER_SPLC780D
  +--> ?PR?_WRITEDATA?LCD_DRIVER_SPLC780D

?PR?KEY_SCAN?KEYPAD                              -----    -----      03C6H    0003H

?PR?LCD_CLEAR?LCD_DRIVER_SPLC780D                -----    -----      -----    -----
  +--> ?PR?_COMMAND?LCD_DRIVER_SPLC780D

?PR?_DISPLAY_POS?MAIN                            -----    -----      0463H    000AH
  +--> ?PR?_ABS?ABS
  +--> ?PR?_WRITEDATA?LCD_DRIVER_SPLC780D

?PR?_DISPLAYLCD?LCD_DRIVER_SPLC780D              -----    -----      03C0H    0001H
  +--> ?PR?_WRITEDATA?LCD_DRIVER_SPLC780D

?PR?_STEP_MOVE?BIPOLARMOTOR                      0020H.6  0000H.1    047CH    0004H
  +--> ?PR?VONESTEPMOVE?BIPOLARMOTOR

?PR?VONESTEPMOVE?BIPOLARMOTOR                    0020H.7  0000H.1    -----    -----
  +--> ?PR?_WRITE_PI4IOE5V96248?IOEXPANDER_P...
  +--> ?PR?_DELAY_MS?KEYPAD

?PR?_WRITE_PI4IOE5V96248?IOEXPANDER_P...         -----    -----      0480H    0003H
  +--> ?PR?I2C_START?IOEXPANDER_PI4IOE5V96248
  +--> ?PR?_WAIT_MS_I2C?IOEXPANDER_PI4IOE5V9...
  +--> ?PR?_I2C_SENDBYTE?IOEXPANDER_PI4IOE5V...
  +--> ?PR?I2C_ACK?IOEXPANDER_PI4IOE5V96248
  +--> ?PR?I2C_STOP?IOEXPANDER_PI4IOE5V96248

?PR?I2C_START?IOEXPANDER_PI4IOE5V96248           -----    -----      -----    -----
BL51 BANKED LINKER/LOCATER V6.22                                                      02/21/2019  10:35:24  PAGE 6


  +--> ?PR?_WAIT_MS_I2C?IOEXPANDER_PI4IOE5V9...

?PR?_I2C_SENDBYTE?IOEXPANDER_PI4IOE5V...         -----    -----      -----    -----
  +--> ?PR?_WAIT_MS_I2C?IOEXPANDER_PI4IOE5V9...

?PR?I2C_ACK?IOEXPANDER_PI4IOE5V96248             -----    -----      0483H    0001H
  +--> ?PR?_WAIT_MS_I2C?IOEXPANDER_PI4IOE5V9...

?PR?I2C_STOP?IOEXPANDER_PI4IOE5V96248            -----    -----      -----    -----
  +--> ?PR?_WAIT_MS_I2C?IOEXPANDER_PI4IOE5V9...

?PR?LCD_RETURN_HOME?LCD_DRIVER_SPLC780D          -----    -----      -----    -----
  +--> ?PR?_COMMAND?LCD_DRIVER_SPLC780D

?PR?_READ_TIME?PCF85063BTL                       -----    -----      03C0H    000FH
  +--> ?PR?_SPI_READTIME?PCF85063BTL

?PR?_SPI_READTIME?PCF85063BTL                    -----    -----      -----    -----
  +--> ?PR?_SPI_SENDBYTE?PCF85063BTL
  +--> ?PR?SPI_RECEIVEBYTE?PCF85063BTL

?PR?SPI_RECEIVEBYTE?PCF85063BTL                  -----    -----      -----    -----
  +--> ?PR?_PCF85063BTL_DELAY?PCF85063BTL

?PR?_CALIBRATION?CALIBRATION                     -----    -----      03C0H    0019H
  +--> ?PR?VOLTAGE_IS_STABLE?CALIBRATION
  +--> ?PR?_UPDATE_POSITION?BIPOLARMOTOR
  +--> ?PR?_FIND_REAL_MAX?CALIBRATION

?PR?VOLTAGE_IS_STABLE?CALIBRATION                -----    -----      03D9H    0018H
  +--> ?PR?_ADC_GETRESULT?ADC
  +--> ?PR?_ABS?ABS

?PR?_UPDATE_POSITION?BIPOLARMOTOR                -----    -----      03D9H    009FH
  +--> ?PR?_BCDTODEC1?BIPOLARMOTOR
  +--> ?PR?SUNPOS?SUNPOS
  +--> ?PR?SIN?SIN
  +--> ?PR?ASIN?ASIN
  +--> ?PR?LINEAR_INTERPOLATE?BIPOLARMOTOR
  +--> ?PR?_ABS?ABS
  +--> ?PR?_MOVE?BIPOLARMOTOR

?PR?SUNPOS?SUNPOS                                -----    -----      0478H    005DH
  +--> ?PR?SIN?SIN
  +--> ?PR?_ATAN2?ATAN2
  +--> ?PR?ASIN?ASIN
  +--> ?PR?ACOS?ACOS

?PR?SIN?SIN                                      0020H.5  0000H.1    04D5H    0004H

?PR?_ATAN2?ATAN2                                 -----    -----      04D5H    0008H
  +--> ?PR?ATAN?ATAN

?PR?ATAN?ATAN                                    0020H.5  0000H.2    04DDH    0004H

?PR?ASIN?ASIN                                    -----    -----      -----    -----
  +--> ?PR?SQRT?SQRT
BL51 BANKED LINKER/LOCATER V6.22                                                      02/21/2019  10:35:24  PAGE 7


  +--> ?PR?ATAN?ATAN

?PR?SQRT?SQRT                                    -----    -----      04D5H    0004H

?PR?ACOS?ACOS                                    -----    -----      -----    -----
  +--> ?PR?SQRT?SQRT
  +--> ?PR?ATAN?ATAN

?PR?LINEAR_INTERPOLATE?BIPOLARMOTOR              -----    -----      0478H    0014H

?PR?_MOVE?BIPOLARMOTOR                           0020H.5  0000H.1    0478H    0004H
  +--> ?PR?_STEP_MOVE?BIPOLARMOTOR

?PR?_FIND_REAL_MAX?CALIBRATION                   -----    -----      03D9H    008AH
  +--> ?PR?_ADC_GETRESULT?ADC
  +--> ?PR?_MOVE?BIPOLARMOTOR
  +--> ?PR?_COMMAND?LCD_DRIVER_SPLC780D
  +--> ?PR?_WRITEDATA?LCD_DRIVER_SPLC780D
  +--> ?PR?_DISPLAY_POS?MAIN
  +--> ?PR?_WAIT_MS?LCD_DRIVER_SPLC780D
  +--> ?PR?_MAX_VALUE?CALIBRATION

?PR?_MAX_VALUE?CALIBRATION                       -----    -----      0463H    0004H

?PR?_SPI_NOR_WRITE_DATA?AT25SF041                -----    -----      03C0H    0006H
  +--> ?PR?AT25SF041_WRITEENABLE?AT25SF041
  +--> ?PR?AT25SF041_CHIPERASE?AT25SF041
  +--> ?PR?_WAIT_MS_SPINOR?AT25SF041
  +--> ?PR?_AT25SF041_WRITE?AT25SF041

?PR?AT25SF041_WRITEENABLE?AT25SF041              -----    -----      03C6H    0002H
  +--> ?PR?_WAIT_MS_SPINOR?AT25SF041

?PR?AT25SF041_CHIPERASE?AT25SF041                -----    -----      03C6H    0002H
  +--> ?PR?_WAIT_MS_SPINOR?AT25SF041
  +--> ?PR?READ_STATUS_REGISTER_BYTE1?AT25SF041

?PR?READ_STATUS_REGISTER_BYTE1?AT25SF041         -----    -----      03C8H    0003H
  +--> ?PR?_WAIT_MS_SPINOR?AT25SF041

?PR?_AT25SF041_WRITE?AT25SF041                   -----    -----      03C6H    0008H
  +--> ?PR?_WAIT_MS_SPINOR?AT25SF041



UNRESOLVED EXTERNAL SYMBOLS:
   AUTO_MODE
   _SENDUART1



SYMBOL TABLE OF MODULE:  .\Obj\GPIO_RTC_Test (MAIN)

  VALUE           TYPE          NAME
  ----------------------------------

  -------         MODULE        MAIN
BL51 BANKED LINKER/LOCATER V6.22                                                      02/21/2019  10:35:24  PAGE 8


  C:0000H         SYMBOL        _ICE_DUMMY_
  X:04E9H         PUBLIC        calib_value
  D:0080H         PUBLIC        P0
  D:00B2H         PUBLIC        P3M0
  D:0090H         PUBLIC        P1
  D:00B1H         PUBLIC        P3M1
  D:00A0H         PUBLIC        P2
  D:00B0H         PUBLIC        P3
  D:00C0H         PUBLIC        P4
  D:00C8H         PUBLIC        P5
  X:053DH         SYMBOL        PressedKey
  B:00A8H.7       PUBLIC        EA
  D:00E8H         PUBLIC        P6
  X:0541H         PUBLIC        calib_stamp
  D:00F8H         PUBLIC        P7
  X:0542H         PUBLIC        RX_Data_Uart_Cnt
  D:00A8H         PUBLIC        IE
  X:0544H         PUBLIC        calib_time
  D:00B8H         PUBLIC        IP
  X:0598H         PUBLIC        months
  D:00D8H         PUBLIC        CCON
  C:0B0EH         PUBLIC        main
  X:0599H         PUBLIC        count
  X:059BH         PUBLIC        days
  X:059CH         PUBLIC        hours
  D:0098H         PUBLIC        SCON
  D:0089H         PUBLIC        TMOD
  D:0088H         PUBLIC        TCON
  B:00A0H.3       PUBLIC        P23
  X:059DH         SYMBOL        KeyCount
  X:059FH         PUBLIC        mins
  X:05A0H         PUBLIC        Rec_data_hour
  B:00C8H.5       PUBLIC        P55
  X:05A3H         PUBLIC        Rec_data_min
  D:008EH         PUBLIC        AUXR
  C:0009H         PUBLIC        tm0_isr
  B:0021H.0       PUBLIC        busy
  B:00A8H.1       PUBLIC        ET0
  D:008CH         PUBLIC        TH0
  X:05A6H         PUBLIC        hour_count
  D:008AH         PUBLIC        TL0
  X:05A7H         PUBLIC        min_count
  B:0088H.4       PUBLIC        TR0
  X:05A8H         SYMBOL        KeyNum
  X:05A9H         SYMBOL        KeyNum_Old
  X:05AAH         PUBLIC        current_position
  X:05AEH         PUBLIC        hours1
  X:05AFH         PUBLIC        hours2
  C:44B3H         PUBLIC        _Display_Prox
  X:05B0H         PUBLIC        mins1
  X:05B1H         PUBLIC        mins2
  C:3953H         PUBLIC        _Display_Pos
  X:05B2H         PUBLIC        seconds
  X:05B3H         PUBLIC        st_time
  D:00D0H         PUBLIC        PSW
  -------         PROC          TM0_ISR
  C:0009H         LINE#         85
BL51 BANKED LINKER/LOCATER V6.22                                                      02/21/2019  10:35:24  PAGE 9


  C:0009H         LINE#         87
  -------         ENDPROC       TM0_ISR
  -------         PROC          MAIN
  -------         DO            
  X:038FH         SYMBOL        sunlight_ADC
  X:04E1H         SYMBOL        KeyCount
  X:04E3H         SYMBOL        KeyNum_Old
  X:04E4H         SYMBOL        KeyNum
  X:04E5H         SYMBOL        PressedKey
  X:0391H         SYMBOL        prox_flag
  X:0392H         SYMBOL        iUse_prevday_calib_value
  X:0394H         SYMBOL        max_ADC_Val
  X:0396H         SYMBOL        max_ADC_Val_JP
  X:0398H         SYMBOL        calib_point1
  X:03A0H         SYMBOL        calib_point2
  X:03A8H         SYMBOL        dat_to_store
  X:03B4H         SYMBOL        calib_day
  X:03B6H         SYMBOL        calib_count
  X:03B8H         SYMBOL        theorical_JP_max_pos
  X:03BCH         SYMBOL        SPI_NOR_INTERNAL_FLASH_ADDR
  -------         ENDDO         
  C:0B0EH         LINE#         89
  C:0B0EH         LINE#         90
  C:0B0EH         LINE#         95
  C:0B14H         LINE#         96
  C:0B1DH         LINE#         100
  C:0B23H         LINE#         101
  C:0B2DH         LINE#         102
  C:0B37H         LINE#         106
  C:0B39H         LINE#         107
  C:0B3BH         LINE#         108
  C:0B3DH         LINE#         109
  C:0B3FH         LINE#         111
  C:0B46H         LINE#         120
  C:0B48H         LINE#         121
  C:0B4BH         LINE#         122
  C:0B4EH         LINE#         123
  C:0B51H         LINE#         124
  C:0B54H         LINE#         125
  C:0B57H         LINE#         128
  C:0B5AH         LINE#         130
  C:0B5DH         LINE#         131
  C:0B60H         LINE#         132
  C:0B63H         LINE#         133
  C:0B65H         LINE#         134
  C:0B67H         LINE#         135
  C:0B69H         LINE#         137
  C:0B6BH         LINE#         138
  C:0B72H         LINE#         139
  C:0B79H         LINE#         140
  C:0B80H         LINE#         141
  C:0B87H         LINE#         145
  C:0B8EH         LINE#         146
  C:0B93H         LINE#         147
  C:0B98H         LINE#         148
  C:0B9DH         LINE#         149
  C:0BA2H         LINE#         150
BL51 BANKED LINKER/LOCATER V6.22                                                      02/21/2019  10:35:24  PAGE 10


  C:0BA7H         LINE#         153
  C:0BC0H         LINE#         154
  C:0BC0H         LINE#         155
  C:0BDCH         LINE#         156
  C:0C23H         LINE#         157
  C:0C34H         LINE#         158
  C:0C34H         LINE#         159
  C:0C34H         LINE#         160
  C:0C37H         LINE#         163
  C:0C37H         LINE#         166
  C:0C3CH         LINE#         167
  C:0C41H         LINE#         169
  C:0C46H         LINE#         170
  C:0C4BH         LINE#         171
  C:0C50H         LINE#         172
  C:0C55H         LINE#         174
  C:0C66H         LINE#         175
  C:0C6BH         LINE#         176
  C:0C70H         LINE#         178
  C:0C77H         LINE#         179
  C:0C7FH         LINE#         180
  C:0C84H         LINE#         181
  C:0C8CH         LINE#         182
  C:0C91H         LINE#         183
  C:0C9BH         LINE#         184
  C:0CA0H         LINE#         185
  C:0CA8H         LINE#         187
  C:0CB0H         LINE#         188
  C:0CB5H         LINE#         189
  C:0CBFH         LINE#         190
  C:0CBFH         LINE#         191
  C:0CC1H         LINE#         192
  C:0CC3H         LINE#         193
  C:0CCDH         LINE#         194
  C:0CCDH         LINE#         195
  C:0CD2H         LINE#         196
  C:0CD2H         LINE#         208
  C:0CDFH         LINE#         209
  C:0CDFH         LINE#         210
  C:0CE9H         LINE#         211
  C:0D00H         LINE#         212
  C:0D00H         LINE#         213
  C:0D02H         LINE#         214
  C:0D04H         LINE#         216
  C:0D04H         LINE#         217
  C:0D0FH         LINE#         218
  C:0D0FH         LINE#         219
  C:0D14H         LINE#         220
  C:0D14H         LINE#         221
  C:0D21H         LINE#         222
  C:0D21H         LINE#         225
  C:0D2BH         LINE#         226
  C:0D42H         LINE#         227
  C:0D42H         LINE#         228
  C:0D44H         LINE#         229
  C:0D46H         LINE#         231
  C:0D46H         LINE#         232
BL51 BANKED LINKER/LOCATER V6.22                                                      02/21/2019  10:35:24  PAGE 11


  C:0D51H         LINE#         233
  C:0D51H         LINE#         234
  C:0D56H         LINE#         235
  C:0D58H         LINE#         236
  C:0D58H         LINE#         245
  C:0D7AH         LINE#         246
  C:0D7AH         LINE#         247
  C:0D84H         LINE#         248
  C:0D8AH         LINE#         249
  C:0D8CH         LINE#         250
  C:0D8EH         LINE#         251
  C:0D90H         LINE#         252
  C:0D90H         LINE#         253
  C:0D93H         LINE#         255
  C:0D93H         LINE#         256
  C:0D99H         LINE#         257
  C:0DA1H         LINE#         258
  C:0DA7H         LINE#         259
  C:0DAFH         LINE#         260
  C:0DEAH         LINE#         264
  C:0DF7H         LINE#         265
  C:0DF7H         LINE#         266
  C:0E04H         LINE#         267
  C:0E37H         LINE#         268
  C:0E44H         LINE#         269
  C:0E44H         LINE#         271
  C:0E73H         LINE#         272
  C:0E73H         LINE#         273
  C:0E95H         LINE#         274
  C:0E95H         LINE#         275
  C:0F11H         LINE#         276
  C:0F7BH         LINE#         280
  C:0F7BH         LINE#         281
  C:0F7BH         LINE#         282
  C:0F7BH         LINE#         284
  C:0F7BH         LINE#         285
  C:0F7BH         LINE#         286
  C:0F7BH         LINE#         288
  C:0F7BH         LINE#         289
  C:0F7BH         LINE#         290
  C:0F7BH         LINE#         292
  C:0F7BH         LINE#         293
  C:0F7BH         LINE#         294
  C:0F7BH         LINE#         295
  C:0F7EH         LINE#         296
  C:0F8FH         LINE#         297
  C:0F8FH         LINE#         298
  C:0F8FH         LINE#         300
  C:0F8FH         LINE#         303
  C:0F92H         LINE#         305
  C:0F92H         LINE#         306
  C:0FB4H         LINE#         307
  C:0FB4H         LINE#         308
  C:1030H         LINE#         309
  C:1085H         LINE#         310
  C:1085H         LINE#         311
  C:1085H         LINE#         312
BL51 BANKED LINKER/LOCATER V6.22                                                      02/21/2019  10:35:24  PAGE 12


  C:1088H         LINE#         316
  C:1088H         LINE#         319
  C:10BCH         LINE#         320
  C:10BCH         LINE#         321
  C:10DEH         LINE#         322
  C:10DEH         LINE#         323
  C:115AH         LINE#         324
  C:11D8H         LINE#         328
  C:11E0H         LINE#         329
  C:11E8H         LINE#         330
  C:11F0H         LINE#         332
  C:11F8H         LINE#         333
  C:1201H         LINE#         334
  C:1217H         LINE#         336
  C:1246H         LINE#         337
  C:1255H         LINE#         338
  C:125EH         LINE#         340
  C:1274H         LINE#         341
  C:12A3H         LINE#         342
  C:12BAH         LINE#         344
  C:12BDH         LINE#         345
  C:12CEH         LINE#         346
  C:12CEH         LINE#         347
  C:12D6H         LINE#         349
  C:12D6H         LINE#         352
  C:12D9H         LINE#         354
  C:12D9H         LINE#         356
  C:12FBH         LINE#         357
  C:12FBH         LINE#         358
  C:1377H         LINE#         360
  C:13A4H         LINE#         361
  C:13BFH         LINE#         362
  C:13ECH         LINE#         363
  C:1407H         LINE#         365
  C:14A3H         LINE#         368
  C:14A3H         LINE#         369
  C:14A3H         LINE#         370
  C:14A3H         LINE#         372
  C:14A3H         LINE#         375
  C:14BFH         LINE#         376
  C:14C4H         LINE#         378
  C:14C6H         LINE#         379
  -------         ENDPROC       MAIN
  -------         PROC          _DISPLAY_PROX
  D:0002H         SYMBOL        dat
  -------         DO            
  X:062FH         SYMBOL        unit
  X:0630H         SYMBOL        ten
  X:0631H         SYMBOL        hundred
  X:0632H         SYMBOL        thousand
  -------         ENDDO         
  C:44B3H         LINE#         463
  C:44B7H         LINE#         464
  C:44B7H         LINE#         466
  C:44C3H         LINE#         467
  C:44D3H         LINE#         468
  C:44EFH         LINE#         469
BL51 BANKED LINKER/LOCATER V6.22                                                      02/21/2019  10:35:24  PAGE 13


  C:451FH         LINE#         470
  C:4529H         LINE#         471
  C:4533H         LINE#         472
  C:453DH         LINE#         473
  C:4547H         LINE#         475
  -------         ENDPROC       _DISPLAY_PROX
  -------         PROC          _DISPLAY_POS
  X:0463H         SYMBOL        sign_dat
  -------         DO            
  X:0467H         SYMBOL        unit
  X:0468H         SYMBOL        ten
  X:0469H         SYMBOL        hundred
  D:0003H         SYMBOL        thousand
  X:046AH         SYMBOL        after_dot
  X:046BH         SYMBOL        dat
  -------         ENDDO         
  C:3953H         LINE#         478
  C:3959H         LINE#         479
  C:3959H         LINE#         483
  C:3975H         LINE#         484
  C:398FH         LINE#         485
  C:39B3H         LINE#         487
  C:39FDH         LINE#         489
  C:3A14H         LINE#         490
  C:3A21H         LINE#         491
  C:3A43H         LINE#         492
  C:3A78H         LINE#         493
  C:3A90H         LINE#         494
  C:3A90H         LINE#         496
  C:3A90H         LINE#         497
  C:3A90H         LINE#         498
  C:3A90H         LINE#         499
  C:3A90H         LINE#         500
  C:3A90H         LINE#         504
  C:3A92H         LINE#         506
  C:3A92H         LINE#         508
  C:3A97H         LINE#         509
  C:3AA1H         LINE#         510
  C:3AABH         LINE#         511
  C:3AB5H         LINE#         512
  C:3ABAH         LINE#         513
  C:3AC4H         LINE#         517
  C:3AC4H         LINE#         519
  -------         ENDPROC       _DISPLAY_POS
  -------         ENDMOD        MAIN

  -------         MODULE        PCF85063BTL
  C:0000H         SYMBOL        _ICE_DUMMY_
  D:0096H         PUBLIC        P2M0
  D:0080H         PUBLIC        P0
  D:0095H         PUBLIC        P2M1
  D:0090H         PUBLIC        P1
  D:00A0H         PUBLIC        P2
  D:00B0H         PUBLIC        P3
  D:00C0H         PUBLIC        P4
  D:00C8H         PUBLIC        P5
  D:00E8H         PUBLIC        P6
BL51 BANKED LINKER/LOCATER V6.22                                                      02/21/2019  10:35:24  PAGE 14


  B:00A0H.1       PUBLIC        PCF85063BTL_SDI
  D:00F8H         PUBLIC        P7
  B:00A0H.2       PUBLIC        PCF85063BTL_SCK
  B:00A0H.1       PUBLIC        PCF85063BTL_SDO
  D:00A8H         PUBLIC        IE
  C:46CDH         PUBLIC        _Read_time
  C:4C2EH         PUBLIC        _PCF85063BTL_Delay
  D:00B8H         PUBLIC        IP
  D:00D8H         PUBLIC        CCON
  C:45D4H         PUBLIC        _Day_Of_Year
  C:4B24H         PUBLIC        SPI_ReceiveByte
  D:0098H         PUBLIC        SCON
  D:0088H         PUBLIC        TCON
  C:4C61H         PUBLIC        _BCDtoDec
  B:00A0H.0       PUBLIC        PCF85063BTL_CS
  C:4C50H         PUBLIC        _SPI_ReadTime
  C:4CB0H         PUBLIC        SPI_Init
  C:4BB9H         PUBLIC        _SPI_WriteTime
  C:4B04H         PUBLIC        _SPI_SendByte
  D:00D0H         PUBLIC        PSW
  C:4C2AH         SYMBOL        L?0047
  -------         PROC          L?0046
  -------         ENDPROC       L?0046
  C:4C2AH         SYMBOL        L?0047
  -------         PROC          _PCF85063BTL_DELAY
  D:0006H         SYMBOL        us
  C:4C2EH         LINE#         8
  C:4C2EH         LINE#         9
  C:4C2EH         LINE#         10
  C:4C38H         LINE#         11
  C:4C38H         LINE#         12
  C:4C39H         LINE#         13
  C:4C3BH         LINE#         14
  -------         ENDPROC       _PCF85063BTL_DELAY
  -------         PROC          _SPI_SENDBYTE
  D:0005H         SYMBOL        dat
  -------         DO            
  D:0003H         SYMBOL        i
  -------         ENDDO         
  C:4B04H         LINE#         17
  C:4B06H         LINE#         18
  C:4B06H         LINE#         20
  C:4B08H         LINE#         21
  C:4B08H         LINE#         22
  C:4B0AH         LINE#         23
  C:4B0EH         LINE#         24
  C:4B0EH         LINE#         25
  C:4B10H         LINE#         26
  C:4B12H         LINE#         28
  C:4B12H         LINE#         29
  C:4B14H         LINE#         30
  C:4B14H         LINE#         31
  C:4B17H         LINE#         32
  C:4B17H         LINE#         33
  C:4B1AH         LINE#         34
  C:4B1EH         LINE#         35
  C:4B23H         LINE#         36
BL51 BANKED LINKER/LOCATER V6.22                                                      02/21/2019  10:35:24  PAGE 15


  -------         ENDPROC       _SPI_SENDBYTE
  -------         PROC          SPI_RECEIVEBYTE
  -------         DO            
  D:0003H         SYMBOL        i
  D:0005H         SYMBOL        dat
  -------         ENDDO         
  C:4B24H         LINE#         39
  C:4B24H         LINE#         40
  C:4B24H         LINE#         42
  C:4B26H         LINE#         44
  C:4B28H         LINE#         45
  C:4B29H         LINE#         46
  C:4B29H         LINE#         47
  C:4B2DH         LINE#         48
  C:4B2FH         LINE#         49
  C:4B32H         LINE#         51
  C:4B35H         LINE#         52
  C:4B35H         LINE#         53
  C:4B39H         LINE#         54
  C:4B39H         LINE#         55
  C:4B39H         LINE#         56
  C:4B3CH         LINE#         57
  C:4B41H         LINE#         58
  C:4B43H         LINE#         59
  -------         ENDPROC       SPI_RECEIVEBYTE
  -------         PROC          _SPI_READTIME
  D:0007H         SYMBOL        addr
  -------         DO            
  D:0006H         SYMBOL        dat
  -------         ENDDO         
  C:4C50H         LINE#         61
  C:4C50H         LINE#         62
  C:4C50H         LINE#         64
  C:4C52H         LINE#         65
  C:4C54H         LINE#         66
  C:4C5BH         LINE#         67
  C:4C5EH         LINE#         68
  C:4C60H         LINE#         69
  C:4C60H         LINE#         70
  -------         ENDPROC       _SPI_READTIME
  -------         PROC          _SPI_WRITETIME
  D:0002H         SYMBOL        val
  D:0005H         SYMBOL        addr
  C:4BB9H         LINE#         71
  C:4BBBH         LINE#         72
  C:4BBBH         LINE#         74
  C:4BBDH         LINE#         75
  C:4BC4H         LINE#         76
  C:4BC9H         LINE#         77
  C:4BCEH         LINE#         78
  C:4BD0H         LINE#         79
  -------         ENDPROC       _SPI_WRITETIME
  -------         PROC          SPI_INIT
  C:4CB0H         LINE#         83
  C:4CB0H         LINE#         84
  C:4CB0H         LINE#         89
  C:4CB3H         LINE#         90
BL51 BANKED LINKER/LOCATER V6.22                                                      02/21/2019  10:35:24  PAGE 16


  C:4CB6H         LINE#         91
  C:4CB8H         LINE#         92
  C:4CBAH         LINE#         93
  C:4CBCH         LINE#         94
  -------         ENDPROC       SPI_INIT
  -------         PROC          _READ_TIME
  X:03C0H         SYMBOL        months
  X:03C3H         SYMBOL        days
  X:03C6H         SYMBOL        hours
  X:03C9H         SYMBOL        mins
  X:03CCH         SYMBOL        seconds
  C:46CDH         LINE#         96
  C:46D8H         LINE#         97
  C:46D8H         LINE#         99
  C:46ECH         LINE#         101
  C:4700H         LINE#         103
  C:4714H         LINE#         108
  C:4728H         LINE#         113
  -------         ENDPROC       _READ_TIME
  -------         PROC          _BCDTODEC
  D:0007H         SYMBOL        bcd
  -------         DO            
  D:0006H         SYMBOL        hi
  D:0007H         SYMBOL        lo
  -------         ENDDO         
  C:4C61H         LINE#         119
  C:4C61H         LINE#         120
  C:4C61H         LINE#         122
  C:4C66H         LINE#         123
  C:4C6AH         LINE#         124
  C:4C71H         LINE#         125
  -------         ENDPROC       _BCDTODEC
  -------         PROC          _DAY_OF_YEAR
  D:0007H         SYMBOL        months_bcd
  D:0005H         SYMBOL        days_bcd
  -------         DO            
  D:0004H         SYMBOL        months
  D:0007H         SYMBOL        days
  -------         ENDDO         
  C:45D4H         LINE#         126
  C:45D4H         LINE#         127
  C:45D4H         LINE#         130
  C:45D9H         LINE#         132
  C:45DEH         LINE#         134
  C:4617H         LINE#         135
  C:4617H         LINE#         136
  C:4617H         LINE#         137
  C:461AH         LINE#         138
  C:461AH         LINE#         139
  C:461AH         LINE#         140
  C:461FH         LINE#         141
  C:461FH         LINE#         142
  C:461FH         LINE#         143
  C:4624H         LINE#         144
  C:4624H         LINE#         145
  C:4624H         LINE#         146
  C:4629H         LINE#         147
BL51 BANKED LINKER/LOCATER V6.22                                                      02/21/2019  10:35:24  PAGE 17


  C:4629H         LINE#         148
  C:4629H         LINE#         149
  C:462EH         LINE#         150
  C:462EH         LINE#         151
  C:462EH         LINE#         152
  C:4633H         LINE#         153
  C:4633H         LINE#         154
  C:4633H         LINE#         155
  C:4638H         LINE#         156
  C:4638H         LINE#         157
  C:4638H         LINE#         158
  C:463DH         LINE#         159
  C:463DH         LINE#         160
  C:463DH         LINE#         161
  C:4645H         LINE#         162
  C:4645H         LINE#         163
  C:4645H         LINE#         164
  C:464AH         LINE#         165
  C:464AH         LINE#         166
  C:464AH         LINE#         167
  C:464FH         LINE#         168
  C:464FH         LINE#         169
  C:464FH         LINE#         170
  C:4657H         LINE#         171
  C:4657H         LINE#         172
  C:4657H         LINE#         173
  -------         ENDPROC       _DAY_OF_YEAR
  -------         ENDMOD        PCF85063BTL

  -------         MODULE        UART1
  C:0000H         SYMBOL        _ICE_DUMMY_
  D:0080H         PUBLIC        P0
  D:0090H         PUBLIC        P1
  D:00A0H         PUBLIC        P2
  D:00B0H         PUBLIC        P3
  D:00C0H         PUBLIC        P4
  D:00C8H         PUBLIC        P5
  B:00A8H.7       PUBLIC        EA
  D:00E8H         PUBLIC        P6
  D:00F8H         PUBLIC        P7
  C:49DCH         PUBLIC        _SendString
  D:00A8H         PUBLIC        IE
  B:00A8H.4       PUBLIC        ES
  D:00B8H         PUBLIC        IP
  C:4BD1H         PUBLIC        _ASCIItoBCD
  D:00D8H         PUBLIC        CCON
  C:4C72H         PUBLIC        initUART1
  D:0098H         PUBLIC        SCON
  D:0088H         PUBLIC        TCON
  C:000AH         PUBLIC        _DectoBCD
  C:4CF4H         PUBLIC        _ASCII_Letter
  D:008EH         PUBLIC        AUXR
  C:4CEFH         PUBLIC        _unit
  C:0003H         PUBLIC        _ten
  D:00D6H         PUBLIC        T2H
  D:00D7H         PUBLIC        T2L
  D:00D0H         PUBLIC        PSW
BL51 BANKED LINKER/LOCATER V6.22                                                      02/21/2019  10:35:24  PAGE 18


  -------         PROC          INITUART1
  C:4C72H         LINE#         21
  C:4C72H         LINE#         22
  C:4C72H         LINE#         23
  C:4C75H         LINE#         24
  C:4C78H         LINE#         25
  C:4C7BH         LINE#         26
  C:4C7EH         LINE#         27
  C:4C80H         LINE#         28
  C:4C82H         LINE#         30
  -------         ENDPROC       INITUART1
  -------         PROC          _SENDSTRING
  X:0633H         SYMBOL        s
  C:49DCH         LINE#         35
  C:49E7H         LINE#         36
  C:49E7H         LINE#         37
  C:49F7H         LINE#         38
  C:49F7H         LINE#         39
  C:4A0CH         LINE#         40
  C:4A0EH         LINE#         41
  -------         ENDPROC       _SENDSTRING
  -------         PROC          _TEN
  D:0007H         SYMBOL        BCD
  C:0003H         LINE#         43
  C:0003H         LINE#         44
  C:0003H         LINE#         45
  C:0008H         LINE#         46
  -------         ENDPROC       _TEN
  -------         PROC          _UNIT
  D:0007H         SYMBOL        BCD
  C:4CEFH         LINE#         47
  C:4CEFH         LINE#         48
  C:4CEFH         LINE#         52
  C:4CF3H         LINE#         53
  -------         ENDPROC       _UNIT
  -------         PROC          _DECTOBCD
  D:0007H         SYMBOL        dec
  C:000AH         LINE#         54
  C:000AH         LINE#         55
  C:000AH         LINE#         57
  C:000AH         LINE#         58
  -------         ENDPROC       _DECTOBCD
  -------         PROC          _ASCII_LETTER
  D:0007H         SYMBOL        dat
  C:4CF4H         LINE#         60
  C:4CF4H         LINE#         61
  C:4CF4H         LINE#         63
  C:4CF8H         LINE#         64
  -------         ENDPROC       _ASCII_LETTER
  -------         PROC          _ASCIITOBCD
  D:0001H         SYMBOL        ascii
  -------         DO            
  D:0007H         SYMBOL        dec_val
  D:0006H         SYMBOL        ten
  D:0007H         SYMBOL        unit
  -------         ENDDO         
  C:4BD1H         LINE#         66
BL51 BANKED LINKER/LOCATER V6.22                                                      02/21/2019  10:35:24  PAGE 19


  C:4BD1H         LINE#         67
  C:4BD1H         LINE#         69
  C:4BD4H         LINE#         70
  C:4BDAH         LINE#         71
  C:4BE1H         LINE#         72
  C:4BE7H         LINE#         74
  -------         ENDPROC       _ASCIITOBCD
  -------         ENDMOD        UART1

  -------         MODULE        LCD_DRIVER_SPLC780D
  C:0000H         SYMBOL        _ICE_DUMMY_
  D:0092H         PUBLIC        P1M0
  D:0091H         PUBLIC        P1M1
  D:0080H         PUBLIC        P0
  D:0090H         PUBLIC        P1
  D:00A0H         PUBLIC        P2
  D:00B0H         PUBLIC        P3
  D:00C0H         PUBLIC        P4
  D:00C8H         PUBLIC        P5
  D:00E8H         PUBLIC        P6
  D:00F8H         PUBLIC        P7
  C:4658H         PUBLIC        _WriteData
  D:00A8H         PUBLIC        IE
  D:00B8H         PUBLIC        IP
  D:00D8H         PUBLIC        CCON
  B:00B0H.4       PUBLIC        LCD_D4
  B:00B0H.5       PUBLIC        LCD_D5
  B:00B0H.6       PUBLIC        LCD_D6
  C:4B81H         PUBLIC        _DisplayLCD
  B:00B0H.7       PUBLIC        LCD_D7
  D:0098H         PUBLIC        SCON
  D:0088H         PUBLIC        TCON
  C:4CDFH         PUBLIC        LCD_clear
  C:4921H         PUBLIC        _Command
  C:4BFEH         PUBLIC        _Display_Line
  C:47F0H         PUBLIC        LCD_Init
  C:4AE6H         PUBLIC        _Wait_ms
  B:00C0H.0       PUBLIC        LCD_RS
  B:00B0H.2       PUBLIC        LCD_RW
  C:4CD5H         PUBLIC        LCD_return_home
  B:00B0H.3       PUBLIC        LCD_E
  D:00D0H         PUBLIC        PSW
  -------         PROC          LCD_INIT
  C:47F0H         LINE#         9
  C:47F0H         LINE#         10
  C:47F0H         LINE#         11
  C:47F3H         LINE#         12
  C:47F6H         LINE#         14
  C:47FCH         LINE#         15
  C:4801H         LINE#         17
  C:4808H         LINE#         18
  C:480DH         LINE#         20
  C:4810H         LINE#         21
  C:4815H         LINE#         23
  C:4818H         LINE#         24
  C:481DH         LINE#         26
  C:4824H         LINE#         29
BL51 BANKED LINKER/LOCATER V6.22                                                      02/21/2019  10:35:24  PAGE 20


  C:4829H         LINE#         30
  C:482EH         LINE#         32
  C:4833H         LINE#         33
  C:4838H         LINE#         35
  C:483DH         LINE#         36
  C:4842H         LINE#         37
  -------         ENDPROC       LCD_INIT
  -------         PROC          _WRITEDATA
  X:046DH         SYMBOL        dat
  C:4658H         LINE#         40
  C:465DH         LINE#         41
  C:465DH         LINE#         46
  C:465FH         LINE#         47
  C:4661H         LINE#         49
  C:466FH         LINE#         50
  C:467BH         LINE#         51
  C:4687H         LINE#         52
  C:4691H         LINE#         53
  C:4693H         LINE#         54
  C:469AH         LINE#         55
  C:469CH         LINE#         57
  C:46ACH         LINE#         58
  C:46B7H         LINE#         59
  C:46C1H         LINE#         60
  C:46C5H         LINE#         62
  C:46C5H         LINE#         63
  C:46C8H         LINE#         64
  C:46CAH         LINE#         65
  C:46CCH         LINE#         67
  -------         ENDPROC       _WRITEDATA
  -------         PROC          _COMMAND
  D:0007H         SYMBOL        dat
  C:4921H         LINE#         69
  C:4921H         LINE#         70
  C:4921H         LINE#         71
  C:4923H         LINE#         72
  C:4925H         LINE#         74
  C:492FH         LINE#         75
  C:4933H         LINE#         77
  C:4935H         LINE#         78
  C:493EH         LINE#         79
  C:4942H         LINE#         81
  C:4944H         LINE#         82
  C:494BH         LINE#         83
  C:494FH         LINE#         85
  C:4951H         LINE#         86
  C:4955H         LINE#         87
  C:4959H         LINE#         89
  C:495BH         LINE#         90
  C:495BH         LINE#         91
  C:495EH         LINE#         92
  C:4960H         LINE#         93
  -------         ENDPROC       _COMMAND
  C:4AE2H         SYMBOL        L?0028
  -------         PROC          L?0027
  -------         ENDPROC       L?0027
  C:4AE2H         SYMBOL        L?0028
BL51 BANKED LINKER/LOCATER V6.22                                                      02/21/2019  10:35:24  PAGE 21


  -------         PROC          _WAIT_MS
  D:0006H         SYMBOL        ms
  -------         DO            
  D:0004H         SYMBOL        De_Cnt
  -------         ENDDO         
  C:4AE6H         LINE#         95
  C:4AE6H         LINE#         96
  C:4AE6H         LINE#         98
  C:4AF0H         LINE#         99
  C:4AF0H         LINE#         100
  C:4B03H         LINE#         101
  C:4B03H         LINE#         102
  -------         ENDPROC       _WAIT_MS
  -------         PROC          _DISPLAYLCD
  D:0007H         SYMBOL        BCD
  -------         DO            
  D:0006H         SYMBOL        first_digit
  X:03C0H         SYMBOL        second_digit
  -------         ENDDO         
  C:4B81H         LINE#         103
  C:4B81H         LINE#         104
  C:4B81H         LINE#         106
  C:4B88H         LINE#         107
  C:4B91H         LINE#         109
  C:4B96H         LINE#         111
  -------         ENDPROC       _DISPLAYLCD
  -------         PROC          LCD_RETURN_HOME
  C:4CD5H         LINE#         115
  C:4CD5H         LINE#         116
  C:4CD5H         LINE#         117
  C:4CDAH         LINE#         118
  -------         ENDPROC       LCD_RETURN_HOME
  -------         PROC          LCD_CLEAR
  C:4CDFH         LINE#         121
  C:4CDFH         LINE#         122
  C:4CDFH         LINE#         123
  C:4CE4H         LINE#         124
  -------         ENDPROC       LCD_CLEAR
  -------         PROC          _DISPLAY_LINE
  D:0006H         SYMBOL        line
  C:4BFEH         LINE#         128
  C:4BFEH         LINE#         129
  C:4BFEH         LINE#         130
  C:4C04H         LINE#         131
  C:4C04H         LINE#         132
  C:4C06H         LINE#         133
  C:4C06H         LINE#         134
  C:4C08H         LINE#         136
  C:4C08H         LINE#         137
  C:4C0DH         LINE#         138
  C:4C12H         LINE#         139
  C:4C12H         LINE#         140
  -------         ENDPROC       _DISPLAY_LINE
  -------         ENDMOD        LCD_DRIVER_SPLC780D

  -------         MODULE        KEYPAD
  C:0000H         SYMBOL        _ICE_DUMMY_
BL51 BANKED LINKER/LOCATER V6.22                                                      02/21/2019  10:35:24  PAGE 22


  D:0093H         PUBLIC        P0M1
  D:0080H         PUBLIC        P0
  D:0090H         PUBLIC        P1
  D:00A0H         PUBLIC        P2
  D:00B0H         PUBLIC        P3
  D:00C0H         PUBLIC        P4
  D:00C8H         PUBLIC        P5
  B:0020H.0       PUBLIC        calib_mode
  D:00E8H         PUBLIC        P6
  D:00F8H         PUBLIC        P7
  D:00A8H         PUBLIC        IE
  C:363EH         PUBLIC        Key_Scan
  D:00B8H         PUBLIC        IP
  D:00D8H         PUBLIC        CCON
  C:4CBDH         PUBLIC        KeyPad_IO_Init
  C:4B63H         PUBLIC        _Delay_ms
  D:0098H         PUBLIC        SCON
  D:0088H         PUBLIC        TCON
  B:0020H.1       PUBLIC        small_move
  B:0020H.2       PUBLIC        move
  B:0020H.3       PUBLIC        direction
  B:0020H.4       PUBLIC        auto_move
  C:2FDCH         PUBLIC        Key_Process
  D:00D0H         PUBLIC        PSW
  D:0094H         PUBLIC        P0M0
  -------         PROC          _DELAY_MS
  D:0006H         SYMBOL        ms
  -------         DO            
  D:0004H         SYMBOL        De_Cnt
  -------         ENDDO         
  C:4B63H         LINE#         19
  C:4B63H         LINE#         20
  C:4B63H         LINE#         22
  C:4B6DH         LINE#         23
  C:4B6DH         LINE#         24
  C:4B80H         LINE#         25
  C:4B80H         LINE#         26
  -------         ENDPROC       _DELAY_MS
  -------         PROC          KEY_SCAN
  -------         DO            
  X:03C6H         SYMBOL        KeyTemp1
  X:03C7H         SYMBOL        KeyTemp2
  X:03C8H         SYMBOL        KeyValue
  -------         ENDDO         
  C:363EH         LINE#         27
  C:363EH         LINE#         28
  C:363EH         LINE#         33
  C:3641H         LINE#         36
  C:3644H         LINE#         38
  C:364CH         LINE#         39
  C:3653H         LINE#         40
  C:3653H         LINE#         42
  C:3658H         LINE#         43
  C:365FH         LINE#         44
  C:365FH         LINE#         47
  C:3662H         LINE#         48
  C:3665H         LINE#         49
BL51 BANKED LINKER/LOCATER V6.22                                                      02/21/2019  10:35:24  PAGE 23


  C:366AH         LINE#         50
  C:366EH         LINE#         51
  C:366EH         LINE#         52
  C:3676H         LINE#         53
  C:3676H         LINE#         54
  C:3679H         LINE#         55
  C:3681H         LINE#         56
  C:3683H         LINE#         58
  C:3697H         LINE#         59
  C:3697H         LINE#         60
  C:3697H         LINE#         61
  C:3697H         LINE#         62
  C:369DH         LINE#         64
  C:369FH         LINE#         65
  C:369FH         LINE#         66
  C:369FH         LINE#         67
  C:36A5H         LINE#         69
  C:36A7H         LINE#         70
  C:36A7H         LINE#         71
  C:36A7H         LINE#         72
  C:36ADH         LINE#         74
  C:36AFH         LINE#         75
  C:36AFH         LINE#         76
  C:36AFH         LINE#         77
  C:36B5H         LINE#         79
  C:36B5H         LINE#         80
  C:36B5H         LINE#         81
  C:36B5H         LINE#         84
  C:36B8H         LINE#         85
  C:36BBH         LINE#         86
  C:36C3H         LINE#         87
  C:36C7H         LINE#         88
  C:36C7H         LINE#         89
  C:36CFH         LINE#         90
  C:36CFH         LINE#         91
  C:36D2H         LINE#         92
  C:36DAH         LINE#         93
  C:36DCH         LINE#         94
  C:36F0H         LINE#         95
  C:36F0H         LINE#         96
  C:36F0H         LINE#         97
  C:36F0H         LINE#         98
  C:36F6H         LINE#         100
  C:36F8H         LINE#         101
  C:36F8H         LINE#         102
  C:36F8H         LINE#         103
  C:36FEH         LINE#         105
  C:3700H         LINE#         106
  C:3700H         LINE#         107
  C:3700H         LINE#         108
  C:3706H         LINE#         110
  C:3708H         LINE#         111
  C:3708H         LINE#         112
  C:3708H         LINE#         113
  C:370DH         LINE#         115
  C:370DH         LINE#         116
  C:370DH         LINE#         117
BL51 BANKED LINKER/LOCATER V6.22                                                      02/21/2019  10:35:24  PAGE 24


  C:370DH         LINE#         120
  C:3710H         LINE#         121
  C:3713H         LINE#         122
  C:371BH         LINE#         123
  C:371FH         LINE#         124
  C:371FH         LINE#         125
  C:3727H         LINE#         126
  C:3727H         LINE#         127
  C:372AH         LINE#         128
  C:3732H         LINE#         129
  C:3734H         LINE#         130
  C:3748H         LINE#         131
  C:3748H         LINE#         132
  C:3748H         LINE#         133
  C:3748H         LINE#         134
  C:374EH         LINE#         136
  C:3750H         LINE#         137
  C:3750H         LINE#         138
  C:3750H         LINE#         139
  C:3756H         LINE#         141
  C:3758H         LINE#         142
  C:3758H         LINE#         143
  C:3758H         LINE#         144
  C:375EH         LINE#         146
  C:3760H         LINE#         147
  C:3760H         LINE#         148
  C:3760H         LINE#         149
  C:3766H         LINE#         151
  C:3766H         LINE#         152
  C:3766H         LINE#         153
  C:3766H         LINE#         157
  C:3769H         LINE#         158
  C:376CH         LINE#         159
  C:3774H         LINE#         160
  C:3778H         LINE#         161
  C:3778H         LINE#         162
  C:3780H         LINE#         163
  C:3780H         LINE#         164
  C:3783H         LINE#         165
  C:378BH         LINE#         166
  C:378DH         LINE#         167
  C:37A1H         LINE#         168
  C:37A1H         LINE#         169
  C:37A1H         LINE#         170
  C:37A1H         LINE#         171
  C:37A7H         LINE#         173
  C:37A9H         LINE#         174
  C:37A9H         LINE#         175
  C:37A9H         LINE#         176
  C:37AFH         LINE#         178
  C:37B1H         LINE#         179
  C:37B1H         LINE#         180
  C:37B1H         LINE#         181
  C:37B7H         LINE#         183
  C:37B9H         LINE#         184
  C:37B9H         LINE#         185
  C:37B9H         LINE#         186
BL51 BANKED LINKER/LOCATER V6.22                                                      02/21/2019  10:35:24  PAGE 25


  C:37BFH         LINE#         188
  C:37BFH         LINE#         189
  C:37BFH         LINE#         190
  C:37BFH         LINE#         192
  C:37C5H         LINE#         193
  C:37C5H         LINE#         195
  C:37C5H         LINE#         196
  C:37C8H         LINE#         197
  C:37C8H         LINE#         198
  C:37C8H         LINE#         200
  C:37C8H         LINE#         201
  C:37CAH         LINE#         202
  C:37CAH         LINE#         203
  -------         ENDPROC       KEY_SCAN
  -------         PROC          KEY_PROCESS
  -------         DO            
  X:0619H         SYMBOL        KeyCount
  X:061BH         SYMBOL        KeyNum_Old
  X:061CH         SYMBOL        KeyNum
  X:061DH         SYMBOL        PressedKey
  X:03C0H         SYMBOL        d
  D:0004H         SYMBOL        hours
  D:0006H         SYMBOL        mins
  X:03C2H         SYMBOL        months
  X:03C4H         SYMBOL        days
  -------         ENDDO         
  C:2FDCH         LINE#         204
  C:2FDCH         LINE#         205
  C:2FDCH         LINE#         209
  C:2FE4H         LINE#         210
  C:2FECH         LINE#         212
  C:2FEFH         LINE#         213
  C:2FEFH         LINE#         214
  C:2FF2H         LINE#         216
  C:2FF2H         LINE#         217
  C:2FFFH         LINE#         218
  C:2FFFH         LINE#         219
  C:3002H         LINE#         220
  C:3005H         LINE#         222
  C:3008H         LINE#         224
  C:3008H         LINE#         225
  C:3013H         LINE#         226
  C:3013H         LINE#         227
  C:3016H         LINE#         229
  C:3016H         LINE#         230
  C:301DH         LINE#         231
  C:301DH         LINE#         232
  C:3020H         LINE#         234
  C:3020H         LINE#         235
  C:3028H         LINE#         236
  C:3028H         LINE#         237
  C:3032H         LINE#         238
  C:303AH         LINE#         240
  C:3043H         LINE#         242
  C:3043H         LINE#         251
  C:3058H         LINE#         252
  C:3058H         LINE#         253
BL51 BANKED LINKER/LOCATER V6.22                                                      02/21/2019  10:35:24  PAGE 26


  C:306AH         LINE#         254
  C:3078H         LINE#         255
  C:3087H         LINE#         256
  C:3087H         LINE#         258
  C:308DH         LINE#         262
  C:30A3H         LINE#         263
  C:30B4H         LINE#         264
  C:30CFH         LINE#         265
  C:30CFH         LINE#         266
  C:30DFH         LINE#         267
  C:30F0H         LINE#         268
  C:30F0H         LINE#         272
  C:3109H         LINE#         273
  C:3120H         LINE#         274
  C:3140H         LINE#         275
  C:3140H         LINE#         276
  C:314AH         LINE#         277
  C:314AH         LINE#         278
  C:3153H         LINE#         279
  C:3153H         LINE#         280
  C:3167H         LINE#         281
  C:3167H         LINE#         282
  C:3167H         LINE#         283
  C:3167H         LINE#         284
  C:3167H         LINE#         285
  C:3169H         LINE#         287
  C:3169H         LINE#         288
  C:3175H         LINE#         289
  C:3175H         LINE#         290
  C:3186H         LINE#         291
  C:3186H         LINE#         292
  C:3186H         LINE#         293
  C:3186H         LINE#         294
  C:3186H         LINE#         296
  C:3188H         LINE#         298
  C:3188H         LINE#         299
  C:3199H         LINE#         300
  C:3199H         LINE#         301
  C:3199H         LINE#         302
  C:3199H         LINE#         303
  C:3199H         LINE#         305
  C:3199H         LINE#         307
  C:3199H         LINE#         308
  C:319BH         LINE#         310
  C:319BH         LINE#         311
  C:31AEH         LINE#         312
  C:31AEH         LINE#         313
  C:31BFH         LINE#         314
  C:31BFH         LINE#         315
  C:31BFH         LINE#         316
  C:31BFH         LINE#         317
  C:31BFH         LINE#         318
  C:31C1H         LINE#         320
  C:31C1H         LINE#         321
  C:31D2H         LINE#         322
  C:31D2H         LINE#         323
  C:31E3H         LINE#         324
BL51 BANKED LINKER/LOCATER V6.22                                                      02/21/2019  10:35:24  PAGE 27


  C:31F4H         LINE#         325
  C:31F4H         LINE#         326
  C:31F4H         LINE#         327
  C:31F4H         LINE#         328
  C:31F4H         LINE#         329
  C:31F7H         LINE#         330
  C:31FCH         LINE#         331
  C:3201H         LINE#         332
  C:3206H         LINE#         333
  C:320BH         LINE#         334
  C:3210H         LINE#         335
  C:3215H         LINE#         336
  C:321AH         LINE#         337
  C:321AH         LINE#         339
  C:323CH         LINE#         340
  C:323CH         LINE#         341
  C:3246H         LINE#         342
  C:3246H         LINE#         343
  C:324BH         LINE#         344
  C:3254H         LINE#         345
  C:326BH         LINE#         346
  C:326BH         LINE#         347
  C:327BH         LINE#         349
  C:327BH         LINE#         353
  -------         ENDPROC       KEY_PROCESS
  -------         PROC          KEYPAD_IO_INIT
  C:4CBDH         LINE#         356
  C:4CBDH         LINE#         357
  C:4CBDH         LINE#         358
  C:4CC0H         LINE#         359
  C:4CC3H         LINE#         360
  C:4CC6H         LINE#         361
  C:4CC8H         LINE#         362
  -------         ENDPROC       KEYPAD_IO_INIT
  -------         ENDMOD        KEYPAD

  -------         MODULE        BIPOLARMOTOR
  C:0000H         SYMBOL        _ICE_DUMMY_
  D:0080H         PUBLIC        P0
  D:0090H         PUBLIC        P1
  X:0000H         PUBLIC        RX_pos_test
  D:00A0H         PUBLIC        P2
  D:00B0H         PUBLIC        P3
  D:00C0H         PUBLIC        P4
  D:00C8H         PUBLIC        P5
  D:00E8H         PUBLIC        P6
  D:00F8H         PUBLIC        P7
  X:00A0H         PUBLIC        low_date_azimuth_mapping
  D:00A8H         PUBLIC        IE
  C:4025H         PUBLIC        linear_interpolate
  C:4A91H         PUBLIC        _Move
  D:00B8H         PUBLIC        IP
  C:34A0H         PUBLIC        _findDet3x3
  C:2D1CH         PUBLIC        _findDet4x4
  D:00D8H         PUBLIC        CCON
  X:00C8H         PUBLIC        previous_move_time
  D:0098H         PUBLIC        SCON
BL51 BANKED LINKER/LOCATER V6.22                                                      02/21/2019  10:35:24  PAGE 28


  D:0088H         PUBLIC        TCON
  C:4CF9H         PUBLIC        wait
  C:4961H         PUBLIC        _Step_move
  X:00C9H         PUBLIC        dat
  C:000EH         PUBLIC        _Update_position
  C:4849H         PUBLIC        vOneStepMove
  X:00CFH         PUBLIC        elevation_stamp
  X:010BH         PUBLIC        date_azimuth_mapping
  X:0133H         PUBLIC        RX_pos
  C:4BA8H         PUBLIC        _BCDtoDec1
  X:038BH         PUBLIC        degree
  D:00D0H         PUBLIC        PSW
  -------         PROC          L?0062
  -------         ENDPROC       L?0062
  -------         PROC          _BCDTODEC1
  D:0007H         SYMBOL        bcd
  -------         DO            
  D:0006H         SYMBOL        hi
  D:0007H         SYMBOL        lo
  -------         ENDDO         
  C:4BA8H         LINE#         28
  C:4BA8H         LINE#         29
  C:4BA8H         LINE#         31
  C:4BADH         LINE#         32
  C:4BB1H         LINE#         33
  C:4BB8H         LINE#         34
  -------         ENDPROC       _BCDTODEC1
  -------         PROC          WAIT
  C:4CF9H         LINE#         36
  C:4CF9H         LINE#         38
  -------         ENDPROC       WAIT
  -------         PROC          VONESTEPMOVE
  B:0020H.7       SYMBOL        bDir
  C:4849H         LINE#         40
  C:4849H         LINE#         41
  C:4849H         LINE#         43
  C:484FH         LINE#         44
  C:484FH         LINE#         45
  C:4852H         LINE#         46
  C:485BH         LINE#         47
  C:4862H         LINE#         48
  C:4867H         LINE#         49
  C:4867H         LINE#         50
  C:4867H         LINE#         52
  C:4869H         LINE#         55
  C:4869H         LINE#         56
  C:486CH         LINE#         57
  C:4875H         LINE#         58
  C:487CH         LINE#         59
  C:4882H         LINE#         60
  C:488BH         LINE#         61
  C:4892H         LINE#         62
  C:4892H         LINE#         66
  -------         ENDPROC       VONESTEPMOVE
  -------         PROC          _STEP_MOVE
  X:047CH         SYMBOL        step
  B:0020H.6       SYMBOL        dir
BL51 BANKED LINKER/LOCATER V6.22                                                      02/21/2019  10:35:24  PAGE 29


  -------         DO            
  X:047EH         SYMBOL        i
  -------         ENDDO         
  C:4961H         LINE#         68
  C:4969H         LINE#         69
  C:4969H         LINE#         71
  C:496EH         LINE#         74
  C:4989H         LINE#         75
  C:4989H         LINE#         76
  C:4990H         LINE#         78
  C:49A0H         LINE#         80
  -------         ENDPROC       _STEP_MOVE
  -------         PROC          _MOVE
  X:0478H         SYMBOL        distance
  B:0020H.5       SYMBOL        direction
  -------         DO            
  D:0006H         SYMBOL        step
  -------         ENDDO         
  C:4A91H         LINE#         82
  C:4A97H         LINE#         83
  C:4A97H         LINE#         86
  C:4AB2H         LINE#         87
  -------         ENDPROC       _MOVE
  C:3481H         SYMBOL        L?0058
  C:3495H         SYMBOL        L?0059
  -------         PROC          L?0057
  -------         ENDPROC       L?0057
  C:3481H         SYMBOL        L?0058
  C:3495H         SYMBOL        L?0059
  -------         PROC          _FINDDET3X3
  X:05F5H         SYMBOL        a11
  X:05F9H         SYMBOL        a12
  X:05FDH         SYMBOL        a13
  X:0601H         SYMBOL        a21
  X:0605H         SYMBOL        a22
  X:0609H         SYMBOL        a23
  X:060DH         SYMBOL        a31
  X:0611H         SYMBOL        a32
  X:0615H         SYMBOL        a33
  C:34A0H         LINE#         91
  C:34A6H         LINE#         95
  C:34A6H         LINE#         96
  C:363DH         LINE#         98
  -------         ENDPROC       _FINDDET3X3
  -------         PROC          _FINDDET4X4
  X:05B5H         SYMBOL        a11
  X:05B9H         SYMBOL        a12
  X:05BDH         SYMBOL        a13
  X:05C1H         SYMBOL        a14
  X:05C5H         SYMBOL        a21
  X:05C9H         SYMBOL        a22
  X:05CDH         SYMBOL        a23
  X:05D1H         SYMBOL        a24
  X:05D5H         SYMBOL        a31
  X:05D9H         SYMBOL        a32
  X:05DDH         SYMBOL        a33
  X:05E1H         SYMBOL        a34
BL51 BANKED LINKER/LOCATER V6.22                                                      02/21/2019  10:35:24  PAGE 30


  X:05E5H         SYMBOL        a41
  X:05E9H         SYMBOL        a42
  X:05EDH         SYMBOL        a43
  X:05F1H         SYMBOL        a44
  C:2D1CH         LINE#         99
  C:2D22H         LINE#         103
  C:2D22H         LINE#         110
  C:2FDBH         LINE#         114
  -------         ENDPROC       _FINDDET4X4
  C:4014H         SYMBOL        L?0061
  -------         PROC          L?0060
  -------         ENDPROC       L?0060
  C:4014H         SYMBOL        L?0061
  -------         PROC          LINEAR_INTERPOLATE
  X:0478H         SYMBOL        p1
  X:0480H         SYMBOL        p2
  X:0488H         SYMBOL        x
  -------         DO            
  D:0004H         SYMBOL        fx
  -------         ENDDO         
  C:4025H         LINE#         120
  C:4025H         LINE#         121
  C:4025H         LINE#         124
  C:40C4H         LINE#         126
  C:40C4H         LINE#         127
  -------         ENDPROC       LINEAR_INTERPOLATE
  -------         PROC          _UPDATE_POSITION
  D:0001H         SYMBOL        mnths
  D:0002H         SYMBOL        dys
  X:03DBH         SYMBOL        hurs
  X:03DCH         SYMBOL        mns
  X:03DDH         SYMBOL        sconds
  X:03DEH         SYMBOL        currnt_pos
  X:03E1H         SYMBOL        offset_calib
  -------         DO            
  X:03E5H         SYMBOL        date
  X:03E7H         SYMBOL        i
  X:03E9H         SYMBOL        yy
  X:03EBH         SYMBOL        desired_distance
  X:03EFH         SYMBOL        distance
  X:03F3H         SYMBOL        JP_pos
  X:03F7H         SYMBOL        pos_interpolate_azimuth
  X:0433H         SYMBOL        current_local_sun_time
  X:0437H         SYMBOL        azimuth
  X:043BH         SYMBOL        elevation
  X:043FH         SYMBOL        time_offset
  X:0443H         SYMBOL        UTC_time
  X:0447H         SYMBOL        declination
  X:044BH         SYMBOL        p1
  X:0453H         SYMBOL        p2
  X:045BH         SYMBOL        time
  X:046DH         SYMBOL        location
  X:0475H         SYMBOL        sunCoord
  -------         ENDDO         
  C:000EH         LINE#         131
  C:0017H         LINE#         134
  C:0017H         LINE#         135
BL51 BANKED LINKER/LOCATER V6.22                                                      02/21/2019  10:35:24  PAGE 31


  C:0022H         LINE#         137
  C:003EH         LINE#         138
  C:0048H         LINE#         146
  C:0052H         LINE#         147
  C:005CH         LINE#         148
  C:0066H         LINE#         149
  C:0071H         LINE#         150
  C:007CH         LINE#         151
  C:0095H         LINE#         152
  C:00A6H         LINE#         153
  C:00B5H         LINE#         156
  C:00C9H         LINE#         160
  C:011BH         LINE#         161
  C:027FH         LINE#         162
  C:02CFH         LINE#         164
  C:03F7H         LINE#         166
  C:04C6H         LINE#         173
  C:050DH         LINE#         174
  C:050DH         LINE#         176
  C:0527H         LINE#         177
  C:0527H         LINE#         178
  C:0597H         LINE#         179
  C:0597H         LINE#         180
  C:059EH         LINE#         181
  C:059EH         LINE#         182
  C:05CBH         LINE#         183
  C:05E6H         LINE#         185
  C:062DH         LINE#         186
  C:0661H         LINE#         188
  C:06A7H         LINE#         189
  C:06CAH         LINE#         191
  C:06CAH         LINE#         193
  C:0740H         LINE#         194
  C:0740H         LINE#         195
  C:0747H         LINE#         196
  C:0747H         LINE#         197
  C:0774H         LINE#         198
  C:078FH         LINE#         200
  C:07D6H         LINE#         201
  C:080AH         LINE#         203
  C:0850H         LINE#         204
  C:0870H         LINE#         206
  C:0870H         LINE#         207
  C:0881H         LINE#         210
  C:089BH         LINE#         211
  C:089BH         LINE#         212
  C:090BH         LINE#         213
  C:090BH         LINE#         214
  C:0938H         LINE#         215
  C:0953H         LINE#         217
  C:0980H         LINE#         218
  C:099BH         LINE#         220
  C:09CDH         LINE#         223
  C:09CDH         LINE#         225
  C:09DEH         LINE#         227
  C:0A0DH         LINE#         229
  C:0A32H         LINE#         230
BL51 BANKED LINKER/LOCATER V6.22                                                      02/21/2019  10:35:24  PAGE 32


  C:0A97H         LINE#         231
  C:0A97H         LINE#         232
  C:0AB1H         LINE#         233
  C:0AC3H         LINE#         234
  C:0ADBH         LINE#         235
  C:0AF1H         LINE#         237
  C:0B0DH         LINE#         238
  C:0B0DH         LINE#         239
  C:0B0DH         LINE#         242
  -------         ENDPROC       _UPDATE_POSITION
  -------         ENDMOD        BIPOLARMOTOR

  -------         MODULE        SUNPOS
  C:0000H         SYMBOL        _ICE_DUMMY_
  C:1E7FH         PUBLIC        sunpos
  -------         PROC          SUNPOS
  X:0478H         SYMBOL        udtTime
  X:048AH         SYMBOL        udtLocation
  X:0492H         SYMBOL        udtSunCoordinates
  -------         DO            
  X:0495H         SYMBOL        dElapsedJulianDays
  X:0499H         SYMBOL        dDecimalHours
  X:049DH         SYMBOL        dEclipticLongitude
  X:04A1H         SYMBOL        dEclipticObliquity
  X:04A5H         SYMBOL        dRightAscension
  X:04A9H         SYMBOL        dDeclination
  X:04ADH         SYMBOL        dY
  X:04B1H         SYMBOL        dX
  -------         DO            
  X:04B5H         SYMBOL        dJulianDate
  X:04B9H         SYMBOL        liAux1
  X:04BDH         SYMBOL        liAux2
  X:04B5H         SYMBOL        dMeanLongitude
  X:04B9H         SYMBOL        dMeanAnomaly
  X:04BDH         SYMBOL        dOmega
  X:04B5H         SYMBOL        dSin_EclipticLongitude
  X:04B5H         SYMBOL        dGreenwichMeanSiderealTime
  X:04B9H         SYMBOL        dLocalMeanSiderealTime
  X:04BDH         SYMBOL        dLatitudeInRadians
  X:04C1H         SYMBOL        dHourAngle
  X:04C5H         SYMBOL        dCos_Latitude
  X:04C9H         SYMBOL        dSin_Latitude
  X:04CDH         SYMBOL        dCos_HourAngle
  X:04D1H         SYMBOL        dParallax
  -------         ENDDO         
  -------         DO            
  X:04B5H         SYMBOL        dMeanLongitude
  X:04B9H         SYMBOL        dMeanAnomaly
  X:04BDH         SYMBOL        dOmega
  X:04B5H         SYMBOL        dSin_EclipticLongitude
  X:04B5H         SYMBOL        dGreenwichMeanSiderealTime
  X:04B9H         SYMBOL        dLocalMeanSiderealTime
  X:04BDH         SYMBOL        dLatitudeInRadians
  X:04C1H         SYMBOL        dHourAngle
  X:04C5H         SYMBOL        dCos_Latitude
  X:04C9H         SYMBOL        dSin_Latitude
  X:04CDH         SYMBOL        dCos_HourAngle
BL51 BANKED LINKER/LOCATER V6.22                                                      02/21/2019  10:35:24  PAGE 33


  X:04D1H         SYMBOL        dParallax
  -------         ENDDO         
  -------         DO            
  X:04B5H         SYMBOL        dSin_EclipticLongitude
  X:04B5H         SYMBOL        dGreenwichMeanSiderealTime
  X:04B9H         SYMBOL        dLocalMeanSiderealTime
  X:04BDH         SYMBOL        dLatitudeInRadians
  X:04C1H         SYMBOL        dHourAngle
  X:04C5H         SYMBOL        dCos_Latitude
  X:04C9H         SYMBOL        dSin_Latitude
  X:04CDH         SYMBOL        dCos_HourAngle
  X:04D1H         SYMBOL        dParallax
  -------         ENDDO         
  -------         DO            
  X:04B5H         SYMBOL        dGreenwichMeanSiderealTime
  X:04B9H         SYMBOL        dLocalMeanSiderealTime
  X:04BDH         SYMBOL        dLatitudeInRadians
  X:04C1H         SYMBOL        dHourAngle
  X:04C5H         SYMBOL        dCos_Latitude
  X:04C9H         SYMBOL        dSin_Latitude
  X:04CDH         SYMBOL        dCos_HourAngle
  X:04D1H         SYMBOL        dParallax
  -------         ENDDO         
  -------         ENDDO         
  C:1E7FH         LINE#         6
  C:1E7FH         LINE#         7
  C:1E7FH         LINE#         9
  C:1E7FH         LINE#         27
  C:1EC9H         LINE#         30
  C:1EEAH         LINE#         31
  C:2031H         LINE#         34
  C:207DH         LINE#         36
  C:209CH         LINE#         37
  C:209CH         LINE#         42
  C:209CH         LINE#         46
  C:20CEH         LINE#         47
  C:20F8H         LINE#         48
  C:2122H         LINE#         49
  C:21CFH         LINE#         52
  C:2230H         LINE#         54
  C:2230H         LINE#         59
  C:2230H         LINE#         61
  C:2247H         LINE#         62
  C:226FH         LINE#         63
  C:2286H         LINE#         64
  C:22B1H         LINE#         65
  C:22E8H         LINE#         66
  C:2313H         LINE#         67
  C:2313H         LINE#         70
  C:2313H         LINE#         79
  C:234EH         LINE#         82
  C:2388H         LINE#         84
  C:23ADH         LINE#         85
  C:23CCH         LINE#         86
  C:23E3H         LINE#         87
  C:23FAH         LINE#         88
  C:2411H         LINE#         89
BL51 BANKED LINKER/LOCATER V6.22                                                      02/21/2019  10:35:24  PAGE 34


  C:249AH         LINE#         91
  C:24B4H         LINE#         92
  C:2516H         LINE#         93
  C:254CH         LINE#         94
  C:255EH         LINE#         95
  C:258BH         LINE#         96
  C:25B8H         LINE#         98
  C:25DAH         LINE#         100
  C:2612H         LINE#         103
  C:2612H         LINE#         104
  C:2620H         LINE#         105
  -------         ENDPROC       SUNPOS
  -------         ENDMOD        SUNPOS

  -------         MODULE        ADC
  C:0000H         SYMBOL        _ICE_DUMMY_
  D:0092H         PUBLIC        P1M0
  D:0091H         PUBLIC        P1M1
  D:0080H         PUBLIC        P0
  D:0090H         PUBLIC        P1
  D:00A0H         PUBLIC        P2
  D:00B0H         PUBLIC        P3
  D:00C0H         PUBLIC        P4
  D:00C8H         PUBLIC        P5
  D:00E8H         PUBLIC        P6
  D:00F8H         PUBLIC        P7
  D:00A8H         PUBLIC        IE
  D:00BDH         PUBLIC        ADC_RES
  D:00B8H         PUBLIC        IP
  D:0097H         PUBLIC        CLK_DIV
  D:00D8H         PUBLIC        CCON
  D:00BCH         PUBLIC        ADC_CONTR
  D:0098H         PUBLIC        SCON
  D:0088H         PUBLIC        TCON
  B:00A0H.4       PUBLIC        P24
  B:00A0H.5       PUBLIC        P25
  B:00A0H.6       PUBLIC        P26
  C:4B44H         PUBLIC        ADC_Init
  C:4A0FH         PUBLIC        _ADC_GetResult
  D:009DH         PUBLIC        P1ASF
  D:00BEH         PUBLIC        ADC_RESL
  D:00D0H         PUBLIC        PSW
  -------         PROC          ADC_INIT
  C:4B44H         LINE#         7
  C:4B44H         LINE#         8
  C:4B44H         LINE#         10
  C:4B46H         LINE#         11
[...]
  C:3EA1H         LINE#         125
  C:3EA1H         LINE#         126
  C:3EA4H         LINE#         127
  C:3EBDH         LINE#         129
  C:3EDCH         LINE#         131
  C:3EE3H         LINE#         132
  C:3EE3H         LINE#         133
  C:3EE5H         LINE#         134
  C:3EE8H         LINE#         135
  C:3EEFH         LINE#         136
  C:3EEFH         LINE#         137
  C:3EF1H         LINE#         138
  C:3EF3H         LINE#         140
  C:3EF3H         LINE#         141
  C:3EF5H         LINE#         143
  C:3EF5H         LINE#         144
  C:3EF5H         LINE#         145
  C:3EF5H         LINE#         146
  C:3EF8H         LINE#         147
  C:3EFFH         LINE#         149
  C:3F1EH         LINE#         151
  C:3F20H         LINE#         152
  -------         ENDPROC       _AT25SF041_WRITE
  -------         PROC          _AT25SF041_READ
  D:0003H         SYMBOL        opcode
  X:0623H         SYMBOL        addr
  -------         DO            
  X:0627H         SYMBOL        dat
  X:0628H         SYMBOL        i
  -------         ENDDO         
  C:3D23H         LINE#         156
  C:3D25H         LINE#         157
  C:3D25H         LINE#         158
BL51 BANKED LINKER/LOCATER V6.22                                                      02/21/2019  10:35:24  PAGE 45


  C:3D2AH         LINE#         160
  C:3D2CH         LINE#         161
  C:3D32H         LINE#         165
  C:3D37H         LINE#         166
  C:3D37H         LINE#         167
  C:3D39H         LINE#         168
  C:3D3CH         LINE#         169
  C:3D40H         LINE#         170
  C:3D40H         LINE#         171
  C:3D42H         LINE#         172
  C:3D44H         LINE#         174
  C:3D44H         LINE#         175
  C:3D46H         LINE#         177
  C:3D46H         LINE#         178
  C:3D46H         LINE#         179
  C:3D46H         LINE#         180
  C:3D49H         LINE#         181
  C:3D4DH         LINE#         184
  C:3D6CH         LINE#         186
  C:3D73H         LINE#         187
  C:3D73H         LINE#         188
  C:3D75H         LINE#         189
  C:3D78H         LINE#         190
  C:3D91H         LINE#         191
  C:3D91H         LINE#         192
  C:3D93H         LINE#         193
  C:3D95H         LINE#         195
  C:3D95H         LINE#         196
  C:3D97H         LINE#         198
  C:3D97H         LINE#         199
  C:3D97H         LINE#         200
  C:3D97H         LINE#         201
  C:3D9AH         LINE#         202
  C:3DB3H         LINE#         204
  C:3DD2H         LINE#         207
  C:3DD9H         LINE#         209
  C:3DDBH         LINE#         210
  C:3DE2H         LINE#         212
  C:3DE9H         LINE#         213
  C:3DE9H         LINE#         214
  C:3DF0H         LINE#         215
  C:3DF0H         LINE#         216
  C:3DF3H         LINE#         217
  C:3DF5H         LINE#         218
  C:3DF8H         LINE#         220
  C:3DFBH         LINE#         221
  C:3DFBH         LINE#         223
  C:3DFFH         LINE#         224
  C:3DFFH         LINE#         230
  C:3E1EH         LINE#         233
  C:3E20H         LINE#         234
  C:3E23H         LINE#         235
  C:3E28H         LINE#         237
  -------         ENDPROC       _AT25SF041_READ
  -------         PROC          READ_STATUS_REGISTER_BYTE1
  -------         DO            
  D:0003H         SYMBOL        dat
BL51 BANKED LINKER/LOCATER V6.22                                                      02/21/2019  10:35:24  PAGE 46


  D:0001H         SYMBOL        opcode
  X:03C8H         SYMBOL        count
  X:03C9H         SYMBOL        i
  -------         ENDDO         
  C:42D9H         LINE#         241
  C:42D9H         LINE#         242
  C:42D9H         LINE#         243
  C:42DFH         LINE#         244
  C:42E3H         LINE#         245
  C:42E5H         LINE#         246
  C:42E7H         LINE#         247
  C:42EDH         LINE#         251
  C:42F4H         LINE#         252
  C:42F4H         LINE#         253
  C:42F6H         LINE#         254
  C:42F9H         LINE#         255
  C:42FDH         LINE#         256
  C:42FDH         LINE#         257
  C:42FFH         LINE#         258
  C:4301H         LINE#         260
  C:4301H         LINE#         261
  C:4303H         LINE#         263
  C:4303H         LINE#         264
  C:4303H         LINE#         265
  C:4303H         LINE#         266
  C:4306H         LINE#         267
  C:430AH         LINE#         270
  C:4329H         LINE#         274
  C:4330H         LINE#         276
  C:4332H         LINE#         277
  C:4339H         LINE#         278
  C:4340H         LINE#         279
  C:4340H         LINE#         280
  C:4344H         LINE#         281
  C:4344H         LINE#         282
  C:4347H         LINE#         283
  C:4349H         LINE#         284
  C:434CH         LINE#         286
  C:434FH         LINE#         287
  C:434FH         LINE#         289
  C:4353H         LINE#         290
  C:4353H         LINE#         292
  C:4372H         LINE#         296
  C:4374H         LINE#         297
  C:4377H         LINE#         298
  C:4379H         LINE#         299
  -------         ENDPROC       READ_STATUS_REGISTER_BYTE1
  -------         PROC          _SPI_NOR_WRITE_DATA
  X:03C0H         SYMBOL        dat
  X:03C3H         SYMBOL        addr
  C:327CH         LINE#         301
  C:3287H         LINE#         302
  C:3287H         LINE#         303
  C:329EH         LINE#         304
  C:329EH         LINE#         305
  C:32A1H         LINE#         306
  C:32A4H         LINE#         307
BL51 BANKED LINKER/LOCATER V6.22                                                      02/21/2019  10:35:24  PAGE 47


  C:32ABH         LINE#         308
  C:32ABH         LINE#         310
  C:32AEH         LINE#         311
  C:32D3H         LINE#         312
  C:32D3H         LINE#         313
  C:32D6H         LINE#         314
  C:32FAH         LINE#         315
  C:32FAH         LINE#         317
  C:32FAH         LINE#         318
  C:32FDH         LINE#         319
  C:3321H         LINE#         320
  C:3321H         LINE#         322
  C:3321H         LINE#         323
  C:3324H         LINE#         324
  C:3349H         LINE#         325
  C:3349H         LINE#         327
  C:3349H         LINE#         328
  C:334CH         LINE#         329
  C:3371H         LINE#         330
  C:3371H         LINE#         332
  C:3371H         LINE#         333
  C:3374H         LINE#         334
  C:3399H         LINE#         335
  C:3399H         LINE#         336
  C:3399H         LINE#         337
  C:339CH         LINE#         338
  C:33C1H         LINE#         339
  C:33C1H         LINE#         341
  C:33C1H         LINE#         342
  C:33C4H         LINE#         343
  C:33ECH         LINE#         344
  C:33ECH         LINE#         346
  C:33ECH         LINE#         347
  C:33EFH         LINE#         348
  C:3414H         LINE#         349
  C:3414H         LINE#         351
  C:3414H         LINE#         352
  C:3417H         LINE#         353
  C:343CH         LINE#         354
  C:343CH         LINE#         356
  C:343CH         LINE#         357
  C:343FH         LINE#         358
  -------         ENDPROC       _SPI_NOR_WRITE_DATA
  -------         ENDMOD        AT25SF041

  -------         MODULE        ?C_STARTUP
  C:4548H         SEGMENT       ?C_C51STARTUP
  I:0022H         SEGMENT       ?STACK
  C:0000H         PUBLIC        ?C_STARTUP
  D:00E0H         SYMBOL        ACC
  D:00F0H         SYMBOL        B
  D:0083H         SYMBOL        DPH
  D:0082H         SYMBOL        DPL
  N:0000H         SYMBOL        IBPSTACK
  N:0100H         SYMBOL        IBPSTACKTOP
  N:0080H         SYMBOL        IDATALEN
  C:454BH         SYMBOL        IDATALOOP
BL51 BANKED LINKER/LOCATER V6.22                                                      02/21/2019  10:35:24  PAGE 48


  N:0000H         SYMBOL        PBPSTACK
  N:0100H         SYMBOL        PBPSTACKTOP
  N:0000H         SYMBOL        PDATALEN
  N:0000H         SYMBOL        PDATASTART
  N:0000H         SYMBOL        PPAGE
  N:0000H         SYMBOL        PPAGEENABLE
  D:00A0H         SYMBOL        PPAGE_SFR
  D:0081H         SYMBOL        SP
  C:4548H         SYMBOL        STARTUP1
  N:0000H         SYMBOL        XBPSTACK
  N:0000H         SYMBOL        XBPSTACKTOP
  N:0000H         SYMBOL        XDATALEN
  N:0000H         SYMBOL        XDATASTART
  C:0000H         LINE#         126
  C:4548H         LINE#         133
  C:454AH         LINE#         134
  C:454BH         LINE#         135
  C:454CH         LINE#         136
  C:454EH         LINE#         185
  C:4551H         LINE#         196
  -------         ENDMOD        ?C_STARTUP

  -------         MODULE        ?C?FPADD
  C:14D0H         PUBLIC        ?C?FPADD
  C:14CCH         PUBLIC        ?C?FPSUB
  -------         ENDMOD        ?C?FPADD

  -------         MODULE        ?C?FPMUL
  C:15C1H         PUBLIC        ?C?FPMUL
  -------         ENDMOD        ?C?FPMUL

  -------         MODULE        ?C?FPDIV
  C:16CAH         PUBLIC        ?C?FPDIV
  -------         ENDMOD        ?C?FPDIV

  -------         MODULE        ?C?FPCMP
  C:1769H         PUBLIC        ?C?FPCMP
  C:1767H         PUBLIC        ?C?FPCMP3
  -------         ENDMOD        ?C?FPCMP

  -------         MODULE        ?C?FPNEG
  C:17E0H         PUBLIC        ?C?FPNEG
  -------         ENDMOD        ?C?FPNEG

  -------         MODULE        ?C?FCAST
  C:17FBH         PUBLIC        ?C?FCASTC
  C:17F6H         PUBLIC        ?C?FCASTI
  C:17F1H         PUBLIC        ?C?FCASTL
  -------         ENDMOD        ?C?FCAST

  -------         MODULE        ?C?CASTF
  C:182FH         PUBLIC        ?C?CASTF
  -------         ENDMOD        ?C?CASTF

  -------         MODULE        ATAN2
  X:04D5H         PUBLIC        ?_atan2?BYTE
  C:437AH         PUBLIC        _atan2
BL51 BANKED LINKER/LOCATER V6.22                                                      02/21/2019  10:35:24  PAGE 49


  -------         ENDMOD        ATAN2

  -------         MODULE        SIN
  C:3813H         PUBLIC        _COS
  C:3829H         PUBLIC        _SIN
  C:3865H         PUBLIC        _TAN
  -------         ENDMOD        SIN

  -------         MODULE        ACOS
  C:4893H         PUBLIC        _ACOS
  -------         ENDMOD        ACOS

  -------         MODULE        ASIN
  C:49A1H         PUBLIC        _ASIN
  -------         ENDMOD        ASIN

  -------         MODULE        SQRT
  C:4231H         PUBLIC        _SQRT
  -------         ENDMOD        SQRT

  -------         MODULE        ATAN
  C:3C21H         PUBLIC        _ATAN
  -------         ENDMOD        ATAN

  -------         MODULE        ?C?COPY
  C:19CDH         PUBLIC        ?C?COPY
  -------         ENDMOD        ?C?COPY

  -------         MODULE        ?C?CLDPTR
  C:19F3H         PUBLIC        ?C?CLDPTR
  -------         ENDMOD        ?C?CLDPTR

  -------         MODULE        ?C?CLDOPTR
  C:1A0CH         PUBLIC        ?C?CLDOPTR
  -------         ENDMOD        ?C?CLDOPTR

  -------         MODULE        ?C?CSTPTR
  C:1A39H         PUBLIC        ?C?CSTPTR
  -------         ENDMOD        ?C?CSTPTR

  -------         MODULE        ?C?IMUL
  C:1A4BH         PUBLIC        ?C?IMUL
  -------         ENDMOD        ?C?IMUL

  -------         MODULE        ?C?UIDIV
  C:1A5DH         PUBLIC        ?C?UIDIV
  -------         ENDMOD        ?C?UIDIV

  -------         MODULE        ?C?SIDIV
  C:1AB2H         PUBLIC        ?C?SIDIV
  -------         ENDMOD        ?C?SIDIV

  -------         MODULE        ?C?IILDX
  C:1AE8H         PUBLIC        ?C?IILDX
  -------         ENDMOD        ?C?IILDX

  -------         MODULE        ?C?ILDIX
BL51 BANKED LINKER/LOCATER V6.22                                                      02/21/2019  10:35:24  PAGE 50


  C:1AFEH         PUBLIC        ?C?ILDIX
  -------         ENDMOD        ?C?ILDIX

  -------         MODULE        ?C?ILDOPTR
  C:1B14H         PUBLIC        ?C?ILDOPTR
  -------         ENDMOD        ?C?ILDOPTR

  -------         MODULE        ?C?ISTPTR
  C:1B4CH         PUBLIC        ?C?ISTPTR
  -------         ENDMOD        ?C?ISTPTR

  -------         MODULE        ?C?LMUL
  C:1B6BH         PUBLIC        ?C?LMUL
  -------         ENDMOD        ?C?LMUL

  -------         MODULE        ?C?SLDIV
  C:48DDH         PUBLIC        ?C?SLDIV
  -------         ENDMOD        ?C?SLDIV

  -------         MODULE        ?C?LNEG
  C:1BBAH         PUBLIC        ?C?LNEG
  -------         ENDMOD        ?C?LNEG

  -------         MODULE        ?C?ULCMP
  C:1BC8H         PUBLIC        ?C?ULCMP
  -------         ENDMOD        ?C?ULCMP

  -------         MODULE        ?C?LSHL
  C:1BD9H         PUBLIC        ?C?LSHL
  -------         ENDMOD        ?C?LSHL

  -------         MODULE        ?C?LLDPTR
  C:1BECH         PUBLIC        ?C?LLDPTR
  -------         ENDMOD        ?C?LLDPTR

  -------         MODULE        ?C?LLDOPTR
  C:1C0CH         PUBLIC        ?C?LLDOPTR
  -------         ENDMOD        ?C?LLDOPTR

  -------         MODULE        ?C?LSTPTR
  C:1C3CH         PUBLIC        ?C?LSTPTR
  -------         ENDMOD        ?C?LSTPTR

  -------         MODULE        ?C?LSTOPTR
  C:1C56H         PUBLIC        ?C?LSTOPTR
  -------         ENDMOD        ?C?LSTOPTR

  -------         MODULE        ?C?LLDXDATA
  C:1C7AH         PUBLIC        ?C?LLDXDATA
  -------         ENDMOD        ?C?LLDXDATA

  -------         MODULE        ?C?LLDCODE
  C:1C86H         PUBLIC        ?C?LLDCODE
  -------         ENDMOD        ?C?LLDCODE

  -------         MODULE        ?C?LLDXDATA0
  C:1C96H         PUBLIC        ?C?LLDXDATA0
BL51 BANKED LINKER/LOCATER V6.22                                                      02/21/2019  10:35:24  PAGE 51


  -------         ENDMOD        ?C?LLDXDATA0

  -------         MODULE        ?C?LLDCODE0
  C:1CA2H         PUBLIC        ?C?LLDCODE0
  -------         ENDMOD        ?C?LLDCODE0

  -------         MODULE        ?C?LLDPTR0
  C:1CB2H         PUBLIC        ?C?LLDPTR0
  -------         ENDMOD        ?C?LLDPTR0

  -------         MODULE        ?C?LSTXDATA
  C:1CD2H         PUBLIC        ?C?LSTXDATA
  -------         ENDMOD        ?C?LSTXDATA

  -------         MODULE        ?C?LSTKXDATA
  C:1CDEH         PUBLIC        ?C?LSTKXDATA
  -------         ENDMOD        ?C?LSTKXDATA

  -------         MODULE        ?C?LSTKPTR
  C:1D0FH         PUBLIC        ?C?LSTKPTR
  -------         ENDMOD        ?C?LSTKPTR

  -------         MODULE        ?C?OFFXADD
  C:1D29H         PUBLIC        ?C?OFFXADD
  -------         ENDMOD        ?C?OFFXADD

  -------         MODULE        ABS
  C:4CC9H         PUBLIC        _ABS
  -------         ENDMOD        ABS

  -------         MODULE        ATOI
  C:3F27H         PUBLIC        _atoi
  -------         ENDMOD        ATOI

  -------         MODULE        ?C?ULDIV
  C:1D71H         PUBLIC        ?C?ULDIV
  -------         ENDMOD        ?C?ULDIV

  -------         MODULE        ?C?LLDIDATA
  C:1E03H         PUBLIC        ?C?LLDIDATA
  -------         ENDMOD        ?C?LLDIDATA

  -------         MODULE        ?C?LLDPDATA
  C:1E0FH         PUBLIC        ?C?LLDPDATA
  -------         ENDMOD        ?C?LLDPDATA

  -------         MODULE        ?C?LLDIDATA0
  C:1E1BH         PUBLIC        ?C?LLDIDATA0
  -------         ENDMOD        ?C?LLDIDATA0

  -------         MODULE        ?C?LLDPDATA0
  C:1E28H         PUBLIC        ?C?LLDPDATA0
  -------         ENDMOD        ?C?LLDPDATA0

  -------         MODULE        ?C?LSTIDATA
  C:1E35H         PUBLIC        ?C?LSTIDATA
  -------         ENDMOD        ?C?LSTIDATA
BL51 BANKED LINKER/LOCATER V6.22                                                      02/21/2019  10:35:24  PAGE 52



  -------         MODULE        ?C?LSTPDATA
  C:1E41H         PUBLIC        ?C?LSTPDATA
  -------         ENDMOD        ?C?LSTPDATA

  -------         MODULE        ?C?LSTKIDATA
  C:1E4DH         PUBLIC        ?C?LSTKIDATA
  -------         ENDMOD        ?C?LSTKIDATA

  -------         MODULE        ?C?LSTKPDATA
  C:1E66H         PUBLIC        ?C?LSTKPDATA
  -------         ENDMOD        ?C?LSTKPDATA

  -------         MODULE        ISDIGIT
  C:4CA1H         PUBLIC        _isdigit
  -------         ENDMOD        ISDIGIT

  -------         MODULE        ISSPACE
  C:4C3CH         PUBLIC        _isspace
  -------         ENDMOD        ISSPACE

*** WARNING L16: UNCALLED SEGMENT, IGNORED FOR OVERLAY PROCESS
    SEGMENT: ?PR?_DISPLAY_PROX?MAIN

*** WARNING L16: UNCALLED SEGMENT, IGNORED FOR OVERLAY PROCESS
    SEGMENT: ?PR?_DAY_OF_YEAR?PCF85063BTL

*** WARNING L16: UNCALLED SEGMENT, IGNORED FOR OVERLAY PROCESS
    SEGMENT: ?PR?INITUART1?UART1

*** WARNING L16: UNCALLED SEGMENT, IGNORED FOR OVERLAY PROCESS
    SEGMENT: ?PR?_SENDSTRING?UART1

*** WARNING L16: UNCALLED SEGMENT, IGNORED FOR OVERLAY PROCESS
    SEGMENT: ?PR?_TEN?UART1

*** WARNING L16: UNCALLED SEGMENT, IGNORED FOR OVERLAY PROCESS
    SEGMENT: ?PR?_UNIT?UART1

*** WARNING L16: UNCALLED SEGMENT, IGNORED FOR OVERLAY PROCESS
    SEGMENT: ?PR?_DECTOBCD?UART1

*** WARNING L16: UNCALLED SEGMENT, IGNORED FOR OVERLAY PROCESS
    SEGMENT: ?PR?_ASCII_LETTER?UART1

*** WARNING L16: UNCALLED SEGMENT, IGNORED FOR OVERLAY PROCESS
    SEGMENT: ?PR?_ASCIITOBCD?UART1

*** WARNING L16: UNCALLED SEGMENT, IGNORED FOR OVERLAY PROCESS
    SEGMENT: ?PR?WAIT?BIPOLARMOTOR

*** WARNING L16: UNCALLED SEGMENT, IGNORED FOR OVERLAY PROCESS
    SEGMENT: ?PR?_FINDDET4X4?BIPOLARMOTOR

*** WARNING L16: UNCALLED SEGMENT, IGNORED FOR OVERLAY PROCESS
    SEGMENT: ?PR?NOP?IOEXPANDER_PI4IOE5V96248

BL51 BANKED LINKER/LOCATER V6.22                                                      02/21/2019  10:35:24  PAGE 53


*** WARNING L16: UNCALLED SEGMENT, IGNORED FOR OVERLAY PROCESS
    SEGMENT: ?PR?UC_ACK?IOEXPANDER_PI4IOE5V96248

*** WARNING L16: UNCALLED SEGMENT, IGNORED FOR OVERLAY PROCESS
    SEGMENT: ?PR?UC_NACK?IOEXPANDER_PI4IOE5V96248

*** WARNING L16: UNCALLED SEGMENT, IGNORED FOR OVERLAY PROCESS
    SEGMENT: ?PR?_AT25SF041_READ?AT25SF041

*** WARNING L1: UNRESOLVED EXTERNAL SYMBOL
    SYMBOL:  AUTO_MODE
    MODULE:  .\Obj\main.obj (MAIN)

*** WARNING L2: REFERENCE MADE TO UNRESOLVED EXTERNAL
    SYMBOL:  AUTO_MODE
    MODULE:  .\Obj\main.obj (MAIN)
    ADDRESS: 0B41H

*** WARNING L2: REFERENCE MADE TO UNRESOLVED EXTERNAL
    SYMBOL:  AUTO_MODE
    MODULE:  .\Obj\main.obj (MAIN)
    ADDRESS: 0CB6H

*** WARNING L2: REFERENCE MADE TO UNRESOLVED EXTERNAL
    SYMBOL:  AUTO_MODE
    MODULE:  .\Obj\main.obj (MAIN)
    ADDRESS: 0CC4H

*** WARNING L2: REFERENCE MADE TO UNRESOLVED EXTERNAL
    SYMBOL:  AUTO_MODE
    MODULE:  .\Obj\main.obj (MAIN)
    ADDRESS: 0CD6H

*** WARNING L2: REFERENCE MADE TO UNRESOLVED EXTERNAL
    SYMBOL:  AUTO_MODE
    MODULE:  .\Obj\main.obj (MAIN)
    ADDRESS: 0D18H

*** WARNING L2: REFERENCE MADE TO UNRESOLVED EXTERNAL
    SYMBOL:  AUTO_MODE
    MODULE:  .\Obj\main.obj (MAIN)
    ADDRESS: 0DEBH

*** WARNING L1: UNRESOLVED EXTERNAL SYMBOL
    SYMBOL:  _SENDUART1
    MODULE:  .\Obj\UART1.obj (UART1)

*** WARNING L2: REFERENCE MADE TO UNRESOLVED EXTERNAL
    SYMBOL:  _SENDUART1
    MODULE:  .\Obj\UART1.obj (UART1)
    ADDRESS: 4A0AH

*** WARNING L1: UNRESOLVED EXTERNAL SYMBOL
    SYMBOL:  AUTO_MODE
    MODULE:  .\Obj\KeyPad.obj (KEYPAD)

*** WARNING L2: REFERENCE MADE TO UNRESOLVED EXTERNAL
BL51 BANKED LINKER/LOCATER V6.22                                                      02/21/2019  10:35:24  PAGE 54


    SYMBOL:  AUTO_MODE
    MODULE:  .\Obj\KeyPad.obj (KEYPAD)
    ADDRESS: 3029H

*** WARNING L2: REFERENCE MADE TO UNRESOLVED EXTERNAL
    SYMBOL:  AUTO_MODE
    MODULE:  .\Obj\KeyPad.obj (KEYPAD)
    ADDRESS: 3034H

*** WARNING L2: REFERENCE MADE TO UNRESOLVED EXTERNAL
    SYMBOL:  AUTO_MODE
    MODULE:  .\Obj\KeyPad.obj (KEYPAD)
    ADDRESS: 303BH

Program Size: data=10.2 xdata=1592 code=19707
LINK/LOCATE RUN COMPLETE.  28 WARNING(S),  0 ERROR(S)
