BL51 BANKED LINKER/LOCATER V6.22                                                        03/28/2019  11:44:52  PAGE 1


BL51 BANKED LINKER/LOCATER V6.22, INVOKED BY:
C:\KEIL_V5\C51\BIN\BL51.EXE .\Obj\main.obj, .\Obj\PCF85063BTL.obj, .\Obj\UART1.obj, .\Obj\LCd_Driver_SPLC780D.obj, .\Obj
>> \KeyPad.obj, .\Obj\BipolarMotor.obj, .\Obj\SunPos.obj, .\Obj\ADC.obj, .\Obj\Calibration.obj, .\Obj\IOExpander_PI4IOE5
>> V96248.obj, .\Obj\AT25SF041.obj, .\Obj\STARTUP.obj TO .\Obj\GPIO_RTC_Test PRINT (.\Lis\GPIO_RTC_Test.m51) RAMSIZE (25
>> 6)


MEMORY MODEL: LARGE WITH FLOATING POINT ARITHMETIC


INPUT MODULES INCLUDED:
  .\Obj\main.obj (MAIN)
  .\Obj\PCF85063BTL.obj (PCF85063BTL)
  .\Obj\UART1.obj (UART1)
  .\Obj\LCd_Driver_SPLC780D.obj (LCD_DRIVER_SPLC780D)
  .\Obj\KeyPad.obj (KEYPAD)
  .\Obj\BipolarMotor.obj (BIPOLARMOTOR)
  .\Obj\SunPos.obj (SUNPOS)
  .\Obj\ADC.obj (ADC)
  .\Obj\Calibration.obj (CALIBRATION)
  .\Obj\IOExpander_PI4IOE5V96248.obj (IOEXPANDER_PI4IOE5V96248)
  .\Obj\AT25SF041.obj (AT25SF041)
  .\Obj\STARTUP.obj (?C_STARTUP)
  C:\KEIL_V5\C51\LIB\C51FPL.LIB (?C?FPADD)
  C:\KEIL_V5\C51\LIB\C51FPL.LIB (?C?FPMUL)
  C:\KEIL_V5\C51\LIB\C51FPL.LIB (?C?FPDIV)
  C:\KEIL_V5\C51\LIB\C51FPL.LIB (?C?FPCMP)
  C:\KEIL_V5\C51\LIB\C51FPL.LIB (?C?FPNEG)
  C:\KEIL_V5\C51\LIB\C51FPL.LIB (?C?FCAST)
  C:\KEIL_V5\C51\LIB\C51FPL.LIB (?C?CASTF)
  C:\KEIL_V5\C51\LIB\C51FPL.LIB (ATAN2)
  C:\KEIL_V5\C51\LIB\C51FPL.LIB (SIN)
  C:\KEIL_V5\C51\LIB\C51FPL.LIB (ACOS)
  C:\KEIL_V5\C51\LIB\C51FPL.LIB (ASIN)
  C:\KEIL_V5\C51\LIB\C51FPL.LIB (?C?FPGETOPN)
  C:\KEIL_V5\C51\LIB\C51FPL.LIB (?C?FPSERIES)
  C:\KEIL_V5\C51\LIB\C51FPL.LIB (SQRT)
  C:\KEIL_V5\C51\LIB\C51FPL.LIB (ATAN)
  C:\KEIL_V5\C51\LIB\C51L.LIB (?C_INIT)
  C:\KEIL_V5\C51\LIB\C51L.LIB (?C?COPY)
  C:\KEIL_V5\C51\LIB\C51L.LIB (?C?CLDPTR)
  C:\KEIL_V5\C51\LIB\C51L.LIB (?C?CLDOPTR)
  C:\KEIL_V5\C51\LIB\C51L.LIB (?C?CSTPTR)
  C:\KEIL_V5\C51\LIB\C51L.LIB (?C?IMUL)
  C:\KEIL_V5\C51\LIB\C51L.LIB (?C?UIDIV)
  C:\KEIL_V5\C51\LIB\C51L.LIB (?C?SIDIV)
  C:\KEIL_V5\C51\LIB\C51L.LIB (?C?ILDIX)
  C:\KEIL_V5\C51\LIB\C51L.LIB (?C?ILDOPTR)
  C:\KEIL_V5\C51\LIB\C51L.LIB (?C?ISTPTR)
  C:\KEIL_V5\C51\LIB\C51L.LIB (?C?LMUL)
  C:\KEIL_V5\C51\LIB\C51L.LIB (?C?SLDIV)
  C:\KEIL_V5\C51\LIB\C51L.LIB (?C?LNEG)
  C:\KEIL_V5\C51\LIB\C51L.LIB (?C?ULCMP)
  C:\KEIL_V5\C51\LIB\C51L.LIB (?C?LSHL)
  C:\KEIL_V5\C51\LIB\C51L.LIB (?C?LLDPTR)
  C:\KEIL_V5\C51\LIB\C51L.LIB (?C?LLDOPTR)
  C:\KEIL_V5\C51\LIB\C51L.LIB (?C?LSTPTR)
  C:\KEIL_V5\C51\LIB\C51L.LIB (?C?LSTOPTR)
BL51 BANKED LINKER/LOCATER V6.22                                                      03/28/2019  11:44:52  PAGE 2


  C:\KEIL_V5\C51\LIB\C51L.LIB (?C?LLDXDATA)
  C:\KEIL_V5\C51\LIB\C51L.LIB (?C?LLDCODE)
  C:\KEIL_V5\C51\LIB\C51L.LIB (?C?LLDXDATA0)
  C:\KEIL_V5\C51\LIB\C51L.LIB (?C?LLDCODE0)
  C:\KEIL_V5\C51\LIB\C51L.LIB (?C?LLDPTR0)
  C:\KEIL_V5\C51\LIB\C51L.LIB (?C?LSTXDATA)
  C:\KEIL_V5\C51\LIB\C51L.LIB (?C?LSTKXDATA)
  C:\KEIL_V5\C51\LIB\C51L.LIB (?C?LSTKPTR)
  C:\KEIL_V5\C51\LIB\C51L.LIB (?C?OFFXADD)
  C:\KEIL_V5\C51\LIB\C51L.LIB (ATOI)
  C:\KEIL_V5\C51\LIB\C51L.LIB (?C?IILDX)
  C:\KEIL_V5\C51\LIB\C51L.LIB (?C?ULDIV)
  C:\KEIL_V5\C51\LIB\C51L.LIB (?C?LLDIDATA)
  C:\KEIL_V5\C51\LIB\C51L.LIB (?C?LLDPDATA)
  C:\KEIL_V5\C51\LIB\C51L.LIB (?C?LLDIDATA0)
  C:\KEIL_V5\C51\LIB\C51L.LIB (?C?LLDPDATA0)
  C:\KEIL_V5\C51\LIB\C51L.LIB (?C?LSTIDATA)
  C:\KEIL_V5\C51\LIB\C51L.LIB (?C?LSTPDATA)
  C:\KEIL_V5\C51\LIB\C51L.LIB (?C?LSTKIDATA)
  C:\KEIL_V5\C51\LIB\C51L.LIB (?C?LSTKPDATA)
  C:\KEIL_V5\C51\LIB\C51L.LIB (ISDIGIT)
  C:\KEIL_V5\C51\LIB\C51L.LIB (ISSPACE)


LINK MAP OF MODULE:  .\Obj\GPIO_RTC_Test (MAIN)


            TYPE    BASE      LENGTH    RELOCATION   SEGMENT NAME
            -----------------------------------------------------

            * * * * * * *   D A T A   M E M O R Y   * * * * * * *
            REG     0000H     0008H     ABSOLUTE     "REG BANK 0"
                    0008H     0018H                  *** GAP ***
            BIT     0020H.0   0000H.5   UNIT         ?BI?KEYPAD
            BIT     0020H.5   0000H.3   UNIT         _BIT_GROUP_
            BIT     0021H.0   0000H.1   UNIT         ?BI?MAIN
            BIT     0021H.1   0000H.1   UNIT         ?BI?_ATOI?ATOI
                    0021H.2   0000H.6                *** GAP ***
            IDATA   0022H     0001H     UNIT         ?STACK

            * * * * * * *  X D A T A   M E M O R Y  * * * * * * *
            XDATA   0000H     038FH     UNIT         ?XD?BIPOLARMOTOR
            XDATA   038FH     0113H     UNIT         _XDATA_GROUP_
            XDATA   04A2H     00D8H     UNIT         ?XD?MAIN
            XDATA   057AH     0040H     UNIT         ?XD?_FINDDET4X4?BIPOLARMOTOR
            XDATA   05BAH     0024H     UNIT         ?XD?_FINDDET3X3?BIPOLARMOTOR
            XDATA   05DEH     0009H     UNIT         ?XD?KEYPAD
            XDATA   05E7H     0008H     UNIT         ?XD?_AT25SF041_READ?AT25SF041
            XDATA   05EFH     0005H     UNIT         ?XD?_ATOI?ATOI
            XDATA   05F4H     0003H     UNIT         ?XD?_SENDSTRING?UART1
            XDATA   05F7H     0001H     UNIT         ?XD?UC_ACK?IOEXPANDER_PI4IOE5V96248
            XDATA   05F8H     0001H     UNIT         ?XD?UC_NACK?IOEXPANDER_PI4IOE5V96248

            * * * * * * *   C O D E   M E M O R Y   * * * * * * *
            CODE    0000H     0003H     ABSOLUTE     
            CODE    0003H     0006H     UNIT         ?PR?_TEN?UART1
            CODE    0009H     0001H     UNIT         ?PR?TM0_ISR?MAIN
BL51 BANKED LINKER/LOCATER V6.22                                                      03/28/2019  11:44:52  PAGE 3


            CODE    000AH     0001H     UNIT         ?PR?_DECTOBCD?UART1
            CODE    000BH     0003H     ABSOLUTE     
            CODE    000EH     0DCAH     UNIT         ?PR?MAIN?MAIN
            CODE    0DD8H     09B6H     UNIT         ?C?LIB_CODE
            CODE    178EH     07A2H     UNIT         ?PR?SUNPOS?SUNPOS
            CODE    1F30H     0660H     UNIT         ?PR?_UPDATE_POSITION?BIPOLARMOTOR
            CODE    2590H     04FBH     UNIT         ?PR?_THEORICALJP_POSITION?BIPOLARMOTOR
            CODE    2A8BH     03F9H     UNIT         ?C_INITSEG
            CODE    2E84H     03D5H     UNIT         ?PR?_FIND_REAL_MAX?CALIBRATION
            CODE    3259H     02C5H     UNIT         ?PR?KEY_PROCESS?KEYPAD
            CODE    351EH     02C0H     UNIT         ?PR?_FINDDET4X4?BIPOLARMOTOR
            CODE    37DEH     01D1H     UNIT         ?PR?_FINDDET3X3?BIPOLARMOTOR
            CODE    39AFH     01B3H     UNIT         ?PR?_CALIBRATION?CALIBRATION
            CODE    3B62H     018DH     UNIT         ?PR?KEY_SCAN?KEYPAD
            CODE    3CEFH     0189H     UNIT         ?PR?SPI_NOR_WRITE_DATA?AT25SF041
            CODE    3E78H     0188H     UNIT         ?PR?SIN?SIN
            CODE    4000H     0162H     UNIT         ?PR?_DISPLAY_POS?LCD_DRIVER_SPLC780D
            CODE    4162H     0122H     UNIT         ?PR?ATAN?ATAN
            CODE    4284H     0110H     UNIT         ?PR?_AT25SF041_READ?AT25SF041
            CODE    4394H     0102H     UNIT         ?PR?_AT25SF041_WRITE?AT25SF041
            CODE    4496H     00DBH     UNIT         ?PR?_ATOI?ATOI
            CODE    4571H     00C3H     UNIT         ?PR?LINEAR_INTERPOLATE?BIPOLARMOTOR
            CODE    4634H     00BBH     UNIT         ?PR?VOLTAGE_IS_STABLE?CALIBRATION
            CODE    46EFH     00ADH     UNIT         ?PR?_WRITE_PI4IOE5V96248?IOEXPANDER_PI4IOE5V96248
            CODE    479CH     00ACH     UNIT         ?PR?SQRT?SQRT
            CODE    4848H     00A1H     UNIT         ?PR?UCREAD_STATUS_REGISTER_BYTE1?AT25SF041
            CODE    48E9H     009DH     UNIT         ?PR?_ATAN2?ATAN2
            CODE    4986H     009CH     UNIT         ?PR?_MAX_VALUE?CALIBRATION
            CODE    4A22H     008CH     UNIT         ?C_C51STARTUP
            CODE    4AAEH     0084H     UNIT         ?PR?_DAY_OF_YEAR?PCF85063BTL
            CODE    4B32H     0079H     UNIT         ?PR?_WRITEDATA?LCD_DRIVER_SPLC780D
            CODE    4BABH     0072H     UNIT         ?PR?AT25SF041_WRITEENABLE?AT25SF041
            CODE    4C1DH     006FH     UNIT         ?PR?_READ_TIME?PCF85063BTL
            CODE    4C8CH     005AH     UNIT         ?PR?AT25SF041_CHIPERASE?AT25SF041
            CODE    4CE6H     0059H     UNIT         ?PR?LCD_INIT?LCD_DRIVER_SPLC780D
            CODE    4D3FH     004AH     UNIT         ?PR?VONESTEPMOVE?BIPOLARMOTOR
            CODE    4D89H     004AH     UNIT         ?PR?ACOS?ACOS
            CODE    4DD3H     0044H     UNIT         ?C?LDIV
            CODE    4E17H     0040H     UNIT         ?PR?_COMMAND?LCD_DRIVER_SPLC780D
            CODE    4E57H     0040H     UNIT         ?PR?_STEP_MOVE?BIPOLARMOTOR
            CODE    4E97H     003BH     UNIT         ?PR?ASIN?ASIN
            CODE    4ED2H     0033H     UNIT         ?PR?_SENDSTRING?UART1
            CODE    4F05H     002CH     UNIT         ?PR?_ADC_GETRESULT?ADC
            CODE    4F31H     002BH     UNIT         ?PR?_WAIT_MS_I2C?IOEXPANDER_PI4IOE5V96248
            CODE    4F5CH     002BH     UNIT         ?PR?_WAIT_MS_SPINOR?AT25SF041
            CODE    4F87H     0028H     UNIT         ?PR?_MOVE?BIPOLARMOTOR
            CODE    4FAFH     0027H     UNIT         ?PR?_I2C_SENDBYTE?IOEXPANDER_PI4IOE5V96248
            CODE    4FD6H     0024H     UNIT         ?PR?_WAIT_MS?LCD_DRIVER_SPLC780D
            CODE    4FFAH     0020H     UNIT         ?PR?_SPI_SENDBYTE?PCF85063BTL
            CODE    501AH     0020H     UNIT         ?PR?SPI_RECEIVEBYTE?PCF85063BTL
            CODE    503AH     001FH     UNIT         ?PR?ADC_INIT?ADC
            CODE    5059H     001EH     UNIT         ?PR?_DELAY_MS?KEYPAD
            CODE    5077H     001DH     UNIT         ?PR?_DISPLAYLCD?LCD_DRIVER_SPLC780D
            CODE    5094H     001BH     UNIT         ?PR?_BCDTODEC1?BIPOLARMOTOR
            CODE    50AFH     0018H     UNIT         ?PR?_SPI_WRITETIME?PCF85063BTL
            CODE    50C7H     0017H     UNIT         ?PR?_ASCIITOBCD?UART1
            CODE    50DEH     0016H     UNIT         ?PR?I2C_ACK?IOEXPANDER_PI4IOE5V96248
BL51 BANKED LINKER/LOCATER V6.22                                                      03/28/2019  11:44:52  PAGE 4


            CODE    50F4H     0015H     UNIT         ?PR?_DISPLAY_LINE?LCD_DRIVER_SPLC780D
            CODE    5109H     0015H     UNIT         ?PR?I2C_STOP?IOEXPANDER_PI4IOE5V96248
            CODE    511EH     0014H     UNIT         ?PR?_PCF85063BTL_DELAY?PCF85063BTL
            CODE    5132H     0014H     UNIT         ?PR?_ABS?LCD_DRIVER_SPLC780D
            CODE    5146H     0014H     UNIT         ?PR?_ISSPACE?ISSPACE
            CODE    515AH     0011H     UNIT         ?PR?_SPI_READTIME?PCF85063BTL
            CODE    516BH     0011H     UNIT         ?PR?_BCDTODEC?PCF85063BTL
            CODE    517CH     0011H     UNIT         ?PR?INITUART1?UART1
            CODE    518DH     000FH     UNIT         ?PR?I2C_START?IOEXPANDER_PI4IOE5V96248
            CODE    519CH     000FH     UNIT         ?PR?UC_NACK?IOEXPANDER_PI4IOE5V96248
            CODE    51ABH     000FH     UNIT         ?PR?_ISDIGIT?ISDIGIT
            CODE    51BAH     000DH     UNIT         ?PR?SPI_INIT?PCF85063BTL
            CODE    51C7H     000CH     UNIT         ?PR?KEYPAD_IO_INIT?KEYPAD
            CODE    51D3H     000AH     UNIT         ?PR?LCD_RETURN_HOME?LCD_DRIVER_SPLC780D
            CODE    51DDH     000AH     UNIT         ?PR?LCD_CLEAR?LCD_DRIVER_SPLC780D
            CODE    51E7H     0006H     UNIT         ?PR?UC_ACK?IOEXPANDER_PI4IOE5V96248
            CODE    51EDH     0005H     UNIT         ?PR?_UNIT?UART1
            CODE    51F2H     0005H     UNIT         ?PR?_ASCII_LETTER?UART1
            CODE    51F7H     0001H     UNIT         ?PR?WAIT?BIPOLARMOTOR
            CODE    51F8H     0001H     UNIT         ?PR?NOP?IOEXPANDER_PI4IOE5V96248



OVERLAY MAP OF MODULE:   .\Obj\GPIO_RTC_Test (MAIN)


SEGMENT                                             BIT_GROUP          XDATA_GROUP
  +--> CALLED SEGMENT                            START    LENGTH     START    LENGTH
------------------------------------------------------------------------------------
?C_C51STARTUP                                    -----    -----      -----    -----
  +--> ?PR?MAIN?MAIN
  +--> ?C_INITSEG

?PR?MAIN?MAIN                                    -----    -----      038FH    002CH
  +--> ?PR?LCD_INIT?LCD_DRIVER_SPLC780D
  +--> ?PR?SPI_INIT?PCF85063BTL
  +--> ?PR?KEYPAD_IO_INIT?KEYPAD
  +--> ?PR?ADC_INIT?ADC
  +--> ?PR?_SPI_WRITETIME?PCF85063BTL
  +--> ?PR?_DELAY_MS?KEYPAD
  +--> ?PR?_DISPLAY_LINE?LCD_DRIVER_SPLC780D
  +--> ?PR?_WRITEDATA?LCD_DRIVER_SPLC780D
  +--> ?PR?KEY_PROCESS?KEYPAD
  +--> ?PR?_COMMAND?LCD_DRIVER_SPLC780D
  +--> ?PR?_DISPLAY_POS?LCD_DRIVER_SPLC780D
  +--> ?PR?_DISPLAYLCD?LCD_DRIVER_SPLC780D
  +--> ?PR?_STEP_MOVE?BIPOLARMOTOR
  +--> ?PR?LCD_RETURN_HOME?LCD_DRIVER_SPLC780D
  +--> ?PR?_READ_TIME?PCF85063BTL
  +--> ?PR?_ADC_GETRESULT?ADC
  +--> ?PR?_BCDTODEC1?BIPOLARMOTOR
  +--> ?PR?_CALIBRATION?CALIBRATION
  +--> ?PR?AT25SF041_WRITEENABLE?AT25SF041
  +--> ?PR?_AT25SF041_WRITE?AT25SF041
  +--> ?PR?_WAIT_MS_SPINOR?AT25SF041
  +--> ?PR?SPI_NOR_WRITE_DATA?AT25SF041
  +--> ?PR?LINEAR_INTERPOLATE?BIPOLARMOTOR
BL51 BANKED LINKER/LOCATER V6.22                                                      03/28/2019  11:44:52  PAGE 5


  +--> ?PR?_UPDATE_POSITION?BIPOLARMOTOR
  +--> ?PR?LCD_CLEAR?LCD_DRIVER_SPLC780D
  +--> ?PR?AT25SF041_CHIPERASE?AT25SF041

?PR?LCD_INIT?LCD_DRIVER_SPLC780D                 -----    -----      -----    -----
  +--> ?PR?_WAIT_MS?LCD_DRIVER_SPLC780D
  +--> ?PR?_COMMAND?LCD_DRIVER_SPLC780D

?PR?_COMMAND?LCD_DRIVER_SPLC780D                 -----    -----      -----    -----
  +--> ?PR?_WAIT_MS?LCD_DRIVER_SPLC780D

?PR?ADC_INIT?ADC                                 -----    -----      -----    -----
  +--> ?PR?_WAIT_MS?LCD_DRIVER_SPLC780D

?PR?_SPI_WRITETIME?PCF85063BTL                   -----    -----      -----    -----
  +--> ?PR?_SPI_SENDBYTE?PCF85063BTL

?PR?_SPI_SENDBYTE?PCF85063BTL                    -----    -----      -----    -----
  +--> ?PR?_PCF85063BTL_DELAY?PCF85063BTL

?PR?_DISPLAY_LINE?LCD_DRIVER_SPLC780D            -----    -----      -----    -----
  +--> ?PR?_COMMAND?LCD_DRIVER_SPLC780D

?PR?_WRITEDATA?LCD_DRIVER_SPLC780D               -----    -----      04A0H    0001H
  +--> ?PR?_WAIT_MS?LCD_DRIVER_SPLC780D

?PR?KEY_PROCESS?KEYPAD                           -----    -----      03BBH    0006H
  +--> ?PR?KEY_SCAN?KEYPAD
  +--> ?PR?_SPI_WRITETIME?PCF85063BTL
  +--> ?PR?LCD_CLEAR?LCD_DRIVER_SPLC780D
  +--> ?PR?_COMMAND?LCD_DRIVER_SPLC780D
  +--> ?PR?_WRITEDATA?LCD_DRIVER_SPLC780D

?PR?KEY_SCAN?KEYPAD                              -----    -----      03C1H    0003H

?PR?LCD_CLEAR?LCD_DRIVER_SPLC780D                -----    -----      -----    -----
  +--> ?PR?_COMMAND?LCD_DRIVER_SPLC780D

?PR?_DISPLAY_POS?LCD_DRIVER_SPLC780D             -----    -----      0496H    000AH
  +--> ?PR?_ABS?LCD_DRIVER_SPLC780D
  +--> ?PR?_WRITEDATA?LCD_DRIVER_SPLC780D

?PR?_DISPLAYLCD?LCD_DRIVER_SPLC780D              -----    -----      03BBH    0001H
  +--> ?PR?_WRITEDATA?LCD_DRIVER_SPLC780D

?PR?_STEP_MOVE?BIPOLARMOTOR                      0020H.6  0000H.1    049AH    0004H
  +--> ?PR?VONESTEPMOVE?BIPOLARMOTOR

?PR?VONESTEPMOVE?BIPOLARMOTOR                    0020H.7  0000H.1    -----    -----
  +--> ?PR?_WRITE_PI4IOE5V96248?IOEXPANDER_P...
  +--> ?PR?_DELAY_MS?KEYPAD

?PR?_WRITE_PI4IOE5V96248?IOEXPANDER_P...         -----    -----      049EH    0003H
  +--> ?PR?I2C_START?IOEXPANDER_PI4IOE5V96248
  +--> ?PR?_WAIT_MS_I2C?IOEXPANDER_PI4IOE5V9...
  +--> ?PR?_I2C_SENDBYTE?IOEXPANDER_PI4IOE5V...
  +--> ?PR?I2C_ACK?IOEXPANDER_PI4IOE5V96248
BL51 BANKED LINKER/LOCATER V6.22                                                      03/28/2019  11:44:52  PAGE 6


  +--> ?PR?I2C_STOP?IOEXPANDER_PI4IOE5V96248

?PR?I2C_START?IOEXPANDER_PI4IOE5V96248           -----    -----      -----    -----
  +--> ?PR?_WAIT_MS_I2C?IOEXPANDER_PI4IOE5V9...

?PR?_I2C_SENDBYTE?IOEXPANDER_PI4IOE5V...         -----    -----      -----    -----
  +--> ?PR?_WAIT_MS_I2C?IOEXPANDER_PI4IOE5V9...

?PR?I2C_ACK?IOEXPANDER_PI4IOE5V96248             -----    -----      04A1H    0001H
  +--> ?PR?_WAIT_MS_I2C?IOEXPANDER_PI4IOE5V9...

?PR?I2C_STOP?IOEXPANDER_PI4IOE5V96248            -----    -----      -----    -----
  +--> ?PR?_WAIT_MS_I2C?IOEXPANDER_PI4IOE5V9...

?PR?LCD_RETURN_HOME?LCD_DRIVER_SPLC780D          -----    -----      -----    -----
  +--> ?PR?_COMMAND?LCD_DRIVER_SPLC780D

?PR?_READ_TIME?PCF85063BTL                       -----    -----      03BBH    000FH
  +--> ?PR?_SPI_READTIME?PCF85063BTL

?PR?_SPI_READTIME?PCF85063BTL                    -----    -----      -----    -----
  +--> ?PR?_SPI_SENDBYTE?PCF85063BTL
  +--> ?PR?SPI_RECEIVEBYTE?PCF85063BTL

?PR?SPI_RECEIVEBYTE?PCF85063BTL                  -----    -----      -----    -----
  +--> ?PR?_PCF85063BTL_DELAY?PCF85063BTL

?PR?_CALIBRATION?CALIBRATION                     -----    -----      03BBH    0024H
  +--> ?PR?VOLTAGE_IS_STABLE?CALIBRATION
  +--> ?PR?_UPDATE_POSITION?BIPOLARMOTOR
  +--> ?PR?_FIND_REAL_MAX?CALIBRATION

?PR?VOLTAGE_IS_STABLE?CALIBRATION                -----    -----      03DFH    0018H
  +--> ?PR?_ADC_GETRESULT?ADC
  +--> ?PR?_ABS?LCD_DRIVER_SPLC780D

?PR?_UPDATE_POSITION?BIPOLARMOTOR                -----    -----      03DFH    0053H
  +--> ?PR?_BCDTODEC1?BIPOLARMOTOR
  +--> ?PR?_DAY_OF_YEAR?PCF85063BTL
  +--> ?PR?SUNPOS?SUNPOS
  +--> ?PR?SIN?SIN
  +--> ?PR?ASIN?ASIN
  +--> ?PR?_THEORICALJP_POSITION?BIPOLARMOTOR
  +--> ?PR?_ABS?LCD_DRIVER_SPLC780D
  +--> ?PR?_MOVE?BIPOLARMOTOR

?PR?_DAY_OF_YEAR?PCF85063BTL                     -----    -----      -----    -----
  +--> ?PR?_BCDTODEC?PCF85063BTL

?PR?SUNPOS?SUNPOS                                -----    -----      0432H    005DH
  +--> ?PR?SIN?SIN
  +--> ?PR?_ATAN2?ATAN2
  +--> ?PR?ASIN?ASIN
  +--> ?PR?ACOS?ACOS

?PR?SIN?SIN                                      0020H.5  0000H.1    048FH    0004H

BL51 BANKED LINKER/LOCATER V6.22                                                      03/28/2019  11:44:52  PAGE 7


?PR?_ATAN2?ATAN2                                 -----    -----      048FH    0008H
  +--> ?PR?ATAN?ATAN

?PR?ATAN?ATAN                                    0020H.5  0000H.2    0497H    0004H

?PR?ASIN?ASIN                                    -----    -----      -----    -----
  +--> ?PR?SQRT?SQRT
  +--> ?PR?ATAN?ATAN

?PR?SQRT?SQRT                                    -----    -----      048FH    0004H

?PR?ACOS?ACOS                                    -----    -----      -----    -----
  +--> ?PR?SQRT?SQRT
  +--> ?PR?ATAN?ATAN

?PR?_THEORICALJP_POSITION?BIPOLARMOTOR           -----    -----      0432H    005CH
  +--> ?PR?LINEAR_INTERPOLATE?BIPOLARMOTOR

?PR?LINEAR_INTERPOLATE?BIPOLARMOTOR              -----    -----      048EH    0014H

?PR?_MOVE?BIPOLARMOTOR                           0020H.5  0000H.1    0496H    0004H
  +--> ?PR?_STEP_MOVE?BIPOLARMOTOR

?PR?_FIND_REAL_MAX?CALIBRATION                   -----    -----      03DFH    00B7H
  +--> ?PR?_MOVE?BIPOLARMOTOR
  +--> ?PR?_ADC_GETRESULT?ADC
  +--> ?PR?AT25SF041_WRITEENABLE?AT25SF041
  +--> ?PR?_AT25SF041_WRITE?AT25SF041
  +--> ?PR?_WAIT_MS_SPINOR?AT25SF041
  +--> ?PR?_COMMAND?LCD_DRIVER_SPLC780D
  +--> ?PR?_WRITEDATA?LCD_DRIVER_SPLC780D
  +--> ?PR?_DISPLAY_POS?LCD_DRIVER_SPLC780D
  +--> ?PR?_WAIT_MS?LCD_DRIVER_SPLC780D
  +--> ?PR?_MAX_VALUE?CALIBRATION

?PR?AT25SF041_WRITEENABLE?AT25SF041              -----    -----      0496H    0002H
  +--> ?PR?_WAIT_MS_SPINOR?AT25SF041
  +--> ?PR?UCREAD_STATUS_REGISTER_BYTE1?AT25...

?PR?UCREAD_STATUS_REGISTER_BYTE1?AT25...         -----    -----      049EH    0003H
  +--> ?PR?_WAIT_MS_SPINOR?AT25SF041

?PR?_AT25SF041_WRITE?AT25SF041                   -----    -----      0496H    0008H
  +--> ?PR?_WAIT_MS_SPINOR?AT25SF041
  +--> ?PR?UCREAD_STATUS_REGISTER_BYTE1?AT25...

?PR?_MAX_VALUE?CALIBRATION                       -----    -----      0496H    0004H

?PR?SPI_NOR_WRITE_DATA?AT25SF041                 -----    -----      03BBH    000EH
  +--> ?PR?AT25SF041_WRITEENABLE?AT25SF041
  +--> ?PR?_AT25SF041_WRITE?AT25SF041
  +--> ?PR?_WAIT_MS_SPINOR?AT25SF041

?PR?AT25SF041_CHIPERASE?AT25SF041                -----    -----      03BBH    0002H
  +--> ?PR?_WAIT_MS_SPINOR?AT25SF041
  +--> ?PR?UCREAD_STATUS_REGISTER_BYTE1?AT25...

BL51 BANKED LINKER/LOCATER V6.22                                                      03/28/2019  11:44:52  PAGE 8




UNRESOLVED EXTERNAL SYMBOLS:
   AUTO_MODE
   SPI_NOR_CLEARENABLE
   _SENDUART1



SYMBOL TABLE OF MODULE:  .\Obj\GPIO_RTC_Test (MAIN)

  VALUE           TYPE          NAME
  ----------------------------------

  -------         MODULE        MAIN
  C:0000H         SYMBOL        _ICE_DUMMY_
  X:04AAH         PUBLIC        calib_value
  D:0080H         PUBLIC        P0
  D:00B2H         PUBLIC        P3M0
  D:0090H         PUBLIC        P1
  D:00B1H         PUBLIC        P3M1
  D:00A0H         PUBLIC        P2
  D:00B0H         PUBLIC        P3
  D:00C0H         PUBLIC        P4
  D:00C8H         PUBLIC        P5
  X:04FEH         SYMBOL        PressedKey
  B:00A8H.7       PUBLIC        EA
  D:00E8H         PUBLIC        P6
  X:0502H         PUBLIC        calib_stamp
  D:00F8H         PUBLIC        P7
  X:0503H         PUBLIC        RX_Data_Uart_Cnt
  D:00A8H         PUBLIC        IE
  X:0505H         PUBLIC        calib_time
  D:00B8H         PUBLIC        IP
  X:0559H         PUBLIC        months
  D:00D8H         PUBLIC        CCON
  C:000EH         PUBLIC        main
  X:055AH         PUBLIC        count
  X:055CH         PUBLIC        days
  X:055DH         PUBLIC        hours
  D:0098H         PUBLIC        SCON
  D:0089H         PUBLIC        TMOD
  D:0088H         PUBLIC        TCON
  B:00A0H.3       PUBLIC        P23
  X:055EH         SYMBOL        KeyCount
  X:0560H         PUBLIC        mins
  X:0561H         PUBLIC        Rec_data_hour
  B:00C8H.5       PUBLIC        P55
  X:0564H         PUBLIC        Rec_data_min
  D:008EH         PUBLIC        AUXR
  C:0009H         PUBLIC        tm0_isr
  B:0021H.0       PUBLIC        busy
  B:00A8H.1       PUBLIC        ET0
  X:0567H         PUBLIC        SPI_NOR_INTERNAL_FLASH_ADDR
  D:008CH         PUBLIC        TH0
  X:056BH         PUBLIC        hour_count
  D:008AH         PUBLIC        TL0
BL51 BANKED LINKER/LOCATER V6.22                                                      03/28/2019  11:44:52  PAGE 9


  X:056CH         PUBLIC        min_count
  B:0088H.4       PUBLIC        TR0
  X:056DH         SYMBOL        KeyNum
  X:056EH         SYMBOL        KeyNum_Old
  X:056FH         PUBLIC        current_position
  X:0573H         PUBLIC        hours1
  X:0574H         PUBLIC        hours2
  X:0575H         PUBLIC        mins1
  X:0576H         PUBLIC        mins2
  X:0577H         PUBLIC        seconds
  X:0578H         PUBLIC        st_time
  D:00D0H         PUBLIC        PSW
  -------         PROC          TM0_ISR
  C:0009H         LINE#         76
  C:0009H         LINE#         78
  -------         ENDPROC       TM0_ISR
  -------         PROC          MAIN
  -------         DO            
  X:038FH         SYMBOL        sunlight_ADC
  X:04A2H         SYMBOL        KeyCount
  X:04A4H         SYMBOL        KeyNum_Old
  X:04A5H         SYMBOL        KeyNum
  X:04A6H         SYMBOL        PressedKey
  X:0391H         SYMBOL        prox_flag
  X:0392H         SYMBOL        iUse_prevday_calib_value
  X:0394H         SYMBOL        max_ADC_Val_JP
  X:0396H         SYMBOL        max_ADC_Val
  X:0398H         SYMBOL        calib_point1
  X:03A0H         SYMBOL        calib_point2
  X:03A8H         SYMBOL        dat_to_store
  X:03B3H         SYMBOL        calib_day
  X:03B5H         SYMBOL        calib_count
  X:03B7H         SYMBOL        theorical_JP_max_pos
  -------         ENDDO         
  C:000EH         LINE#         80
  C:000EH         LINE#         81
  C:000EH         LINE#         86
  C:0014H         LINE#         87
  C:0019H         LINE#         89
  C:0021H         LINE#         93
  C:0027H         LINE#         94
  C:0031H         LINE#         98
  C:0033H         LINE#         99
  C:0035H         LINE#         100
  C:0037H         LINE#         101
  C:0039H         LINE#         103
  C:0040H         LINE#         104
  C:0044H         LINE#         113
  C:0046H         LINE#         114
  C:0049H         LINE#         115
  C:004CH         LINE#         116
  C:004FH         LINE#         117
  C:0052H         LINE#         118
  C:0055H         LINE#         121
  C:0058H         LINE#         123
  C:005BH         LINE#         124
  C:005EH         LINE#         125
BL51 BANKED LINKER/LOCATER V6.22                                                      03/28/2019  11:44:52  PAGE 10


  C:0061H         LINE#         126
  C:0063H         LINE#         127
  C:0065H         LINE#         128
  C:0067H         LINE#         130
  C:0069H         LINE#         131
  C:0070H         LINE#         132
  C:0077H         LINE#         133
  C:007EH         LINE#         134
  C:0085H         LINE#         138
  C:008CH         LINE#         139
  C:0091H         LINE#         140
  C:0096H         LINE#         141
  C:009BH         LINE#         142
  C:00A0H         LINE#         143
  C:00A5H         LINE#         146
  C:00BEH         LINE#         147
  C:00BEH         LINE#         148
  C:00DAH         LINE#         149
  C:0121H         LINE#         150
  C:0132H         LINE#         153
  C:0132H         LINE#         154
  C:0132H         LINE#         155
  C:0135H         LINE#         158
  C:0135H         LINE#         161
  C:013AH         LINE#         162
  C:013FH         LINE#         164
  C:0144H         LINE#         165
  C:0149H         LINE#         166
  C:014EH         LINE#         167
  C:0153H         LINE#         169
  C:0164H         LINE#         170
  C:0169H         LINE#         171
  C:016EH         LINE#         173
  C:0175H         LINE#         174
  C:017DH         LINE#         175
  C:0182H         LINE#         176
  C:018AH         LINE#         177
  C:018FH         LINE#         178
  C:0199H         LINE#         179
  C:019EH         LINE#         180
  C:01A6H         LINE#         182
  C:01AEH         LINE#         183
  C:01B3H         LINE#         184
  C:01BDH         LINE#         185
  C:01BDH         LINE#         186
  C:01BFH         LINE#         187
  C:01C1H         LINE#         188
  C:01CBH         LINE#         189
  C:01CBH         LINE#         190
  C:01D0H         LINE#         191
  C:01D0H         LINE#         203
  C:01DDH         LINE#         204
  C:01DDH         LINE#         205
  C:01E7H         LINE#         206
  C:01FEH         LINE#         207
  C:01FEH         LINE#         208
  C:0200H         LINE#         209
BL51 BANKED LINKER/LOCATER V6.22                                                      03/28/2019  11:44:52  PAGE 11


  C:0202H         LINE#         211
  C:0202H         LINE#         212
  C:020DH         LINE#         213
  C:020DH         LINE#         214
  C:0212H         LINE#         215
  C:0212H         LINE#         216
  C:021FH         LINE#         217
  C:021FH         LINE#         220
  C:0229H         LINE#         221
  C:0240H         LINE#         222
  C:0240H         LINE#         223
  C:0242H         LINE#         224
  C:0244H         LINE#         226
  C:0244H         LINE#         227
  C:024FH         LINE#         228
  C:024FH         LINE#         229
  C:0254H         LINE#         230
  C:0256H         LINE#         231
  C:0256H         LINE#         233
  C:0278H         LINE#         234
  C:0278H         LINE#         235
  C:0282H         LINE#         236
  C:0288H         LINE#         237
  C:028AH         LINE#         238
  C:028CH         LINE#         239
  C:028EH         LINE#         240
  C:028EH         LINE#         241
  C:0291H         LINE#         243
  C:0291H         LINE#         244
  C:0297H         LINE#         245
  C:029FH         LINE#         246
  C:02A5H         LINE#         247
  C:02ADH         LINE#         248
  C:02E8H         LINE#         252
  C:02F5H         LINE#         253
  C:02F5H         LINE#         255
  C:0302H         LINE#         256
  C:0335H         LINE#         257
  C:0342H         LINE#         258
  C:0342H         LINE#         260
  C:0365H         LINE#         261
  C:0365H         LINE#         262
  C:0387H         LINE#         263
  C:0387H         LINE#         264
  C:0392H         LINE#         265
  C:0392H         LINE#         266
  C:040EH         LINE#         267
  C:0498H         LINE#         268
  C:049BH         LINE#         270
  C:049BH         LINE#         272
  C:04A2H         LINE#         273
  C:04A2H         LINE#         274
  C:04A5H         LINE#         275
  C:04C3H         LINE#         276
  C:04CAH         LINE#         277
  C:04E9H         LINE#         278
  C:0508H         LINE#         280
BL51 BANKED LINKER/LOCATER V6.22                                                      03/28/2019  11:44:52  PAGE 12


  C:0584H         LINE#         281
  C:05BFH         LINE#         282
  C:05CCH         LINE#         283
  C:05DBH         LINE#         284
  C:05DBH         LINE#         286
  C:05E3H         LINE#         287
  C:05EBH         LINE#         288
  C:05F3H         LINE#         289
  C:05FBH         LINE#         291
  C:060FH         LINE#         292
  C:0625H         LINE#         293
  C:0655H         LINE#         294
  C:0669H         LINE#         296
  C:0679H         LINE#         297
  C:0679H         LINE#         298
  C:0679H         LINE#         299
  C:0679H         LINE#         301
  C:0679H         LINE#         304
  C:067CH         LINE#         306
  C:068DH         LINE#         307
  C:068DH         LINE#         308
  C:068DH         LINE#         310
  C:068DH         LINE#         313
  C:0690H         LINE#         315
  C:0690H         LINE#         316
  C:06B2H         LINE#         317
  C:06B2H         LINE#         318
  C:072EH         LINE#         319
  C:0783H         LINE#         320
  C:0783H         LINE#         321
  C:0783H         LINE#         322
  C:0786H         LINE#         326
  C:0786H         LINE#         329
  C:07AEH         LINE#         330
  C:07AEH         LINE#         331
  C:07D0H         LINE#         332
  C:07D0H         LINE#         333
  C:07DBH         LINE#         334
  C:07DBH         LINE#         335
  C:0857H         LINE#         336
  C:08E1H         LINE#         337
  C:08E4H         LINE#         339
  C:08E4H         LINE#         341
  C:08EBH         LINE#         342
  C:08EBH         LINE#         343
  C:08EEH         LINE#         344
  C:090CH         LINE#         345
  C:0913H         LINE#         346
  C:0932H         LINE#         347
  C:0951H         LINE#         349
  C:09CDH         LINE#         350
  C:0A08H         LINE#         353
  C:0A15H         LINE#         354
  C:0A24H         LINE#         355
  C:0A24H         LINE#         356
  C:0A2CH         LINE#         357
  C:0A34H         LINE#         358
BL51 BANKED LINKER/LOCATER V6.22                                                      03/28/2019  11:44:52  PAGE 13


  C:0A3CH         LINE#         359
  C:0A44H         LINE#         361
  C:0A58H         LINE#         362
  C:0A6EH         LINE#         363
  C:0A9EH         LINE#         364
  C:0AB2H         LINE#         366
  C:0AC6H         LINE#         367
  C:0ADCH         LINE#         368
  C:0B0CH         LINE#         369
  C:0B13H         LINE#         371
  C:0B37H         LINE#         373
  C:0B3AH         LINE#         396
  C:0B4BH         LINE#         397
  C:0B4BH         LINE#         398
  C:0B53H         LINE#         400
  C:0B53H         LINE#         403
  C:0B56H         LINE#         405
  C:0B56H         LINE#         407
  C:0B78H         LINE#         408
  C:0B78H         LINE#         409
  C:0BF4H         LINE#         411
  C:0C21H         LINE#         412
  C:0C3CH         LINE#         413
  C:0C69H         LINE#         414
  C:0C84H         LINE#         416
  C:0D20H         LINE#         419
  C:0D20H         LINE#         420
  C:0D20H         LINE#         421
  C:0D20H         LINE#         423
  C:0D20H         LINE#         426
  C:0D3CH         LINE#         427
  C:0D40H         LINE#         429
  C:0D42H         LINE#         432
  C:0D4DH         LINE#         433
  C:0D4DH         LINE#         434
  C:0D50H         LINE#         435
  C:0D57H         LINE#         436
  C:0D5CH         LINE#         437
  C:0D61H         LINE#         438
  C:0D66H         LINE#         439
  C:0D6BH         LINE#         440
  C:0D70H         LINE#         441
  C:0D75H         LINE#         442
  C:0D7AH         LINE#         443
  C:0D7FH         LINE#         444
  C:0D84H         LINE#         445
  C:0D89H         LINE#         446
  C:0D8EH         LINE#         447
  C:0D93H         LINE#         450
  C:0D96H         LINE#         452
  C:0D99H         LINE#         453
  C:0DA0H         LINE#         454
  C:0DAAH         LINE#         455
  C:0DAFH         LINE#         457
  C:0DB2H         LINE#         458
  C:0DB7H         LINE#         459
  C:0DBCH         LINE#         460
BL51 BANKED LINKER/LOCATER V6.22                                                      03/28/2019  11:44:52  PAGE 14


  C:0DC1H         LINE#         461
  C:0DC6H         LINE#         462
  C:0DCBH         LINE#         463
  C:0DD0H         LINE#         464
  C:0DD5H         LINE#         466
  C:0DD5H         LINE#         467
  -------         ENDPROC       MAIN
  -------         ENDMOD        MAIN

  -------         MODULE        PCF85063BTL
  C:0000H         SYMBOL        _ICE_DUMMY_
  D:0096H         PUBLIC        P2M0
  D:0080H         PUBLIC        P0
  D:0095H         PUBLIC        P2M1
  D:0090H         PUBLIC        P1
  D:00A0H         PUBLIC        P2
  D:00B0H         PUBLIC        P3
  D:00C0H         PUBLIC        P4
  D:00C8H         PUBLIC        P5
  D:00E8H         PUBLIC        P6
  B:00A0H.1       PUBLIC        PCF85063BTL_SDI
  D:00F8H         PUBLIC        P7
  B:00A0H.2       PUBLIC        PCF85063BTL_SCK
  B:00A0H.1       PUBLIC        PCF85063BTL_SDO
  D:00A8H         PUBLIC        IE
  C:4C1DH         PUBLIC        _Read_time
  C:5124H         PUBLIC        _PCF85063BTL_Delay
  D:00B8H         PUBLIC        IP
  D:00D8H         PUBLIC        CCON
  C:4AAEH         PUBLIC        _Day_Of_Year
  C:501AH         PUBLIC        SPI_ReceiveByte
  D:0098H         PUBLIC        SCON
  D:0088H         PUBLIC        TCON
  C:516BH         PUBLIC        _BCDtoDec
  B:00A0H.0       PUBLIC        PCF85063BTL_CS
  C:515AH         PUBLIC        _SPI_ReadTime
  C:51BAH         PUBLIC        SPI_Init
  C:50AFH         PUBLIC        _SPI_WriteTime
  C:4FFAH         PUBLIC        _SPI_SendByte
  D:00D0H         PUBLIC        PSW
  C:5120H         SYMBOL        L?0047
  -------         PROC          L?0046
  -------         ENDPROC       L?0046
  C:5120H         SYMBOL        L?0047
  -------         PROC          _PCF85063BTL_DELAY
  D:0006H         SYMBOL        us
  C:5124H         LINE#         8
  C:5124H         LINE#         9
  C:5124H         LINE#         10
  C:512EH         LINE#         11
  C:512EH         LINE#         12
  C:512FH         LINE#         13
  C:5131H         LINE#         14
  -------         ENDPROC       _PCF85063BTL_DELAY
  -------         PROC          _SPI_SENDBYTE
  D:0005H         SYMBOL        dat
  -------         DO            
BL51 BANKED LINKER/LOCATER V6.22                                                      03/28/2019  11:44:52  PAGE 15


  D:0003H         SYMBOL        i
  -------         ENDDO         
  C:4FFAH         LINE#         17
  C:4FFCH         LINE#         18
  C:4FFCH         LINE#         20
  C:4FFEH         LINE#         21
  C:4FFEH         LINE#         22
  C:5000H         LINE#         23
  C:5004H         LINE#         24
  C:5004H         LINE#         25
  C:5006H         LINE#         26
  C:5008H         LINE#         28
  C:5008H         LINE#         29
  C:500AH         LINE#         30
  C:500AH         LINE#         31
  C:500DH         LINE#         32
  C:500DH         LINE#         33
  C:5010H         LINE#         34
  C:5014H         LINE#         35
  C:5019H         LINE#         36
  -------         ENDPROC       _SPI_SENDBYTE
  -------         PROC          SPI_RECEIVEBYTE
  -------         DO            
  D:0003H         SYMBOL        i
  D:0005H         SYMBOL        dat
  -------         ENDDO         
  C:501AH         LINE#         39
  C:501AH         LINE#         40
  C:501AH         LINE#         42
  C:501CH         LINE#         44
  C:501EH         LINE#         45
  C:501FH         LINE#         46
  C:501FH         LINE#         47
  C:5023H         LINE#         48
  C:5025H         LINE#         49
  C:5028H         LINE#         51
  C:502BH         LINE#         52
  C:502BH         LINE#         53
  C:502FH         LINE#         54
  C:502FH         LINE#         55
  C:502FH         LINE#         56
  C:5032H         LINE#         57
  C:5037H         LINE#         58
  C:5039H         LINE#         59
  -------         ENDPROC       SPI_RECEIVEBYTE
  -------         PROC          _SPI_READTIME
  D:0007H         SYMBOL        addr
  -------         DO            
  D:0006H         SYMBOL        dat
  -------         ENDDO         
  C:515AH         LINE#         61
  C:515AH         LINE#         62
  C:515AH         LINE#         64
  C:515CH         LINE#         65
  C:515EH         LINE#         66
  C:5165H         LINE#         67
  C:5168H         LINE#         68
BL51 BANKED LINKER/LOCATER V6.22                                                      03/28/2019  11:44:52  PAGE 16


  C:516AH         LINE#         69
  C:516AH         LINE#         70
  -------         ENDPROC       _SPI_READTIME
  -------         PROC          _SPI_WRITETIME
  D:0002H         SYMBOL        val
  D:0005H         SYMBOL        addr
  C:50AFH         LINE#         71
  C:50B1H         LINE#         72
  C:50B1H         LINE#         74
  C:50B3H         LINE#         75
  C:50BAH         LINE#         76
  C:50BFH         LINE#         77
  C:50C4H         LINE#         78
  C:50C6H         LINE#         79
  -------         ENDPROC       _SPI_WRITETIME
  -------         PROC          SPI_INIT
  C:51BAH         LINE#         83
  C:51BAH         LINE#         84
  C:51BAH         LINE#         89
  C:51BDH         LINE#         90
  C:51C0H         LINE#         91
  C:51C2H         LINE#         92
  C:51C4H         LINE#         93
  C:51C6H         LINE#         94
  -------         ENDPROC       SPI_INIT
  -------         PROC          _READ_TIME
  X:03BBH         SYMBOL        months
  X:03BEH         SYMBOL        days
  X:03C1H         SYMBOL        hours
  X:03C4H         SYMBOL        mins
  X:03C7H         SYMBOL        seconds
  C:4C1DH         LINE#         96
  C:4C28H         LINE#         97
  C:4C28H         LINE#         99
  C:4C3CH         LINE#         101
  C:4C50H         LINE#         103
  C:4C64H         LINE#         108
  C:4C78H         LINE#         113
  -------         ENDPROC       _READ_TIME
  -------         PROC          _BCDTODEC
  D:0007H         SYMBOL        bcd
  -------         DO            
  D:0006H         SYMBOL        hi
  D:0007H         SYMBOL        lo
  -------         ENDDO         
  C:516BH         LINE#         119
  C:516BH         LINE#         120
  C:516BH         LINE#         122
  C:5170H         LINE#         123
  C:5174H         LINE#         124
  C:517BH         LINE#         125
  -------         ENDPROC       _BCDTODEC
  -------         PROC          _DAY_OF_YEAR
  D:0007H         SYMBOL        months_bcd
  D:0005H         SYMBOL        days_bcd
  -------         DO            
  D:0004H         SYMBOL        months
BL51 BANKED LINKER/LOCATER V6.22                                                      03/28/2019  11:44:52  PAGE 17


  D:0007H         SYMBOL        days
  -------         ENDDO         
  C:4AAEH         LINE#         126
  C:4AAEH         LINE#         127
  C:4AAEH         LINE#         130
  C:4AB3H         LINE#         132
  C:4AB8H         LINE#         134
  C:4AF1H         LINE#         135
  C:4AF1H         LINE#         136
  C:4AF1H         LINE#         137
  C:4AF4H         LINE#         138
  C:4AF4H         LINE#         139
  C:4AF4H         LINE#         140
  C:4AF9H         LINE#         141
  C:4AF9H         LINE#         142
  C:4AF9H         LINE#         143
  C:4AFEH         LINE#         144
  C:4AFEH         LINE#         145
  C:4AFEH         LINE#         146
  C:4B03H         LINE#         147
  C:4B03H         LINE#         148
  C:4B03H         LINE#         149
  C:4B08H         LINE#         150
  C:4B08H         LINE#         151
  C:4B08H         LINE#         152
  C:4B0DH         LINE#         153
  C:4B0DH         LINE#         154
  C:4B0DH         LINE#         155
  C:4B12H         LINE#         156
  C:4B12H         LINE#         157
  C:4B12H         LINE#         158
  C:4B17H         LINE#         159
  C:4B17H         LINE#         160
  C:4B17H         LINE#         161
  C:4B1FH         LINE#         162
  C:4B1FH         LINE#         163
  C:4B1FH         LINE#         164
  C:4B24H         LINE#         165
  C:4B24H         LINE#         166
  C:4B24H         LINE#         167
  C:4B29H         LINE#         168
  C:4B29H         LINE#         169
  C:4B29H         LINE#         170
  C:4B31H         LINE#         171
  C:4B31H         LINE#         172
  C:4B31H         LINE#         173
  -------         ENDPROC       _DAY_OF_YEAR
  -------         ENDMOD        PCF85063BTL

  -------         MODULE        UART1
  C:0000H         SYMBOL        _ICE_DUMMY_
  D:0080H         PUBLIC        P0
  D:0090H         PUBLIC        P1
  D:00A0H         PUBLIC        P2
  D:00B0H         PUBLIC        P3
  D:00C0H         PUBLIC        P4
  D:00C8H         PUBLIC        P5
BL51 BANKED LINKER/LOCATER V6.22                                                      03/28/2019  11:44:52  PAGE 18


  B:00A8H.7       PUBLIC        EA
  D:00E8H         PUBLIC        P6
  D:00F8H         PUBLIC        P7
  C:4ED2H         PUBLIC        _SendString
  D:00A8H         PUBLIC        IE
  B:00A8H.4       PUBLIC        ES
  D:00B8H         PUBLIC        IP
  C:50C7H         PUBLIC        _ASCIItoBCD
  D:00D8H         PUBLIC        CCON
  C:517CH         PUBLIC        initUART1
  D:0098H         PUBLIC        SCON
  D:0088H         PUBLIC        TCON
  C:000AH         PUBLIC        _DectoBCD
  C:51F2H         PUBLIC        _ASCII_Letter
  D:008EH         PUBLIC        AUXR
  C:51EDH         PUBLIC        _unit
  C:0003H         PUBLIC        _ten
  D:00D6H         PUBLIC        T2H
  D:00D7H         PUBLIC        T2L
  D:00D0H         PUBLIC        PSW
  -------         PROC          INITUART1
  C:517CH         LINE#         21
  C:517CH         LINE#         22
  C:517CH         LINE#         23
  C:517FH         LINE#         24
  C:5182H         LINE#         25
  C:5185H         LINE#         26
  C:5188H         LINE#         27
  C:518AH         LINE#         28
  C:518CH         LINE#         30
  -------         ENDPROC       INITUART1
  -------         PROC          _SENDSTRING
  X:05F4H         SYMBOL        s
  C:4ED2H         LINE#         35
  C:4EDDH         LINE#         36
  C:4EDDH         LINE#         37
  C:4EEDH         LINE#         38
  C:4EEDH         LINE#         39
  C:4F02H         LINE#         40
  C:4F04H         LINE#         41
  -------         ENDPROC       _SENDSTRING
  -------         PROC          _TEN
  D:0007H         SYMBOL        BCD
  C:0003H         LINE#         43
  C:0003H         LINE#         44
  C:0003H         LINE#         45
  C:0008H         LINE#         46
  -------         ENDPROC       _TEN
  -------         PROC          _UNIT
  D:0007H         SYMBOL        BCD
  C:51EDH         LINE#         47
  C:51EDH         LINE#         48
  C:51EDH         LINE#         52
  C:51F1H         LINE#         53
  -------         ENDPROC       _UNIT
  -------         PROC          _DECTOBCD
  D:0007H         SYMBOL        dec
BL51 BANKED LINKER/LOCATER V6.22                                                      03/28/2019  11:44:52  PAGE 19


  C:000AH         LINE#         54
  C:000AH         LINE#         55
  C:000AH         LINE#         57
  C:000AH         LINE#         58
  -------         ENDPROC       _DECTOBCD
  -------         PROC          _ASCII_LETTER
  D:0007H         SYMBOL        dat
  C:51F2H         LINE#         60
  C:51F2H         LINE#         61
  C:51F2H         LINE#         63
  C:51F6H         LINE#         64
  -------         ENDPROC       _ASCII_LETTER
  -------         PROC          _ASCIITOBCD
  D:0001H         SYMBOL        ascii
  -------         DO            
  D:0007H         SYMBOL        dec_val
  D:0006H         SYMBOL        ten
  D:0007H         SYMBOL        unit
  -------         ENDDO         
  C:50C7H         LINE#         66
  C:50C7H         LINE#         67
  C:50C7H         LINE#         69
  C:50CAH         LINE#         70
  C:50D0H         LINE#         71
  C:50D7H         LINE#         72
  C:50DDH         LINE#         74
  -------         ENDPROC       _ASCIITOBCD
  -------         ENDMOD        UART1

  -------         MODULE        LCD_DRIVER_SPLC780D
  C:0000H         SYMBOL        _ICE_DUMMY_
  D:0092H         PUBLIC        P1M0
  D:0091H         PUBLIC        P1M1
  D:0080H         PUBLIC        P0
  D:0090H         PUBLIC        P1
  D:00A0H         PUBLIC        P2
  D:00B0H         PUBLIC        P3
  D:00C0H         PUBLIC        P4
  D:00C8H         PUBLIC        P5
  D:00E8H         PUBLIC        P6
  D:00F8H         PUBLIC        P7
  C:4B36H         PUBLIC        _WriteData
  D:00A8H         PUBLIC        IE
  D:00B8H         PUBLIC        IP
  D:00D8H         PUBLIC        CCON
  B:00B0H.4       PUBLIC        LCD_D4
  B:00B0H.5       PUBLIC        LCD_D5
  B:00B0H.6       PUBLIC        LCD_D6
  C:5077H         PUBLIC        _DisplayLCD
  B:00B0H.7       PUBLIC        LCD_D7
  D:0098H         PUBLIC        SCON
  D:0088H         PUBLIC        TCON
  C:5132H         PUBLIC        _abs
  C:51DDH         PUBLIC        LCD_clear
  C:4E17H         PUBLIC        _Command
  C:50F4H         PUBLIC        _Display_Line
  C:4CE6H         PUBLIC        LCD_Init
BL51 BANKED LINKER/LOCATER V6.22                                                      03/28/2019  11:44:52  PAGE 20


  C:4FDCH         PUBLIC        _Wait_ms
  B:00C0H.0       PUBLIC        LCD_RS
  B:00B0H.2       PUBLIC        LCD_RW
  C:51D3H         PUBLIC        LCD_return_home
  C:4000H         PUBLIC        _Display_Pos
  B:00B0H.3       PUBLIC        LCD_E
  D:00D0H         PUBLIC        PSW
  -------         PROC          LCD_INIT
  C:4CE6H         LINE#         9
  C:4CE6H         LINE#         10
  C:4CE6H         LINE#         11
  C:4CE9H         LINE#         12
  C:4CECH         LINE#         14
  C:4CF2H         LINE#         15
  C:4CF7H         LINE#         17
  C:4CFEH         LINE#         18
  C:4D03H         LINE#         20
  C:4D06H         LINE#         21
  C:4D0BH         LINE#         23
  C:4D0EH         LINE#         24
  C:4D13H         LINE#         26
  C:4D1AH         LINE#         29
  C:4D1FH         LINE#         30
  C:4D24H         LINE#         32
  C:4D29H         LINE#         33
  C:4D2EH         LINE#         35
  C:4D33H         LINE#         36
  C:4D38H         LINE#         37
  -------         ENDPROC       LCD_INIT
  C:4B32H         SYMBOL        L?0040
  -------         PROC          L?0039
  -------         ENDPROC       L?0039
  C:4B32H         SYMBOL        L?0040
  -------         PROC          _WRITEDATA
  X:04A0H         SYMBOL        dat
  C:4B36H         LINE#         40
  C:4B3BH         LINE#         41
  C:4B3BH         LINE#         46
  C:4B3DH         LINE#         47
  C:4B3FH         LINE#         49
  C:4B4DH         LINE#         50
  C:4B59H         LINE#         51
  C:4B65H         LINE#         52
  C:4B6FH         LINE#         53
  C:4B71H         LINE#         54
  C:4B78H         LINE#         55
  C:4B7AH         LINE#         57
  C:4B8AH         LINE#         58
  C:4B95H         LINE#         59
  C:4B9FH         LINE#         60
  C:4BA3H         LINE#         62
  C:4BA3H         LINE#         63
  C:4BA6H         LINE#         64
  C:4BA8H         LINE#         65
  C:4BAAH         LINE#         67
  -------         ENDPROC       _WRITEDATA
  -------         PROC          _COMMAND
BL51 BANKED LINKER/LOCATER V6.22                                                      03/28/2019  11:44:52  PAGE 21


  D:0007H         SYMBOL        dat
  C:4E17H         LINE#         69
  C:4E17H         LINE#         70
  C:4E17H         LINE#         71
  C:4E19H         LINE#         72
  C:4E1BH         LINE#         74
  C:4E25H         LINE#         75
  C:4E29H         LINE#         77
  C:4E2BH         LINE#         78
  C:4E34H         LINE#         79
  C:4E38H         LINE#         81
  C:4E3AH         LINE#         82
  C:4E41H         LINE#         83
  C:4E45H         LINE#         85
  C:4E47H         LINE#         86
  C:4E4BH         LINE#         87
  C:4E4FH         LINE#         89
  C:4E51H         LINE#         90
  C:4E51H         LINE#         91
  C:4E54H         LINE#         92
  C:4E56H         LINE#         93
  -------         ENDPROC       _COMMAND
  C:4FD8H         SYMBOL        L?0038
  -------         PROC          L?0037
  -------         ENDPROC       L?0037
  C:4FD8H         SYMBOL        L?0038
  -------         PROC          _WAIT_MS
  D:0006H         SYMBOL        ms
  -------         DO            
  D:0004H         SYMBOL        De_Cnt
  -------         ENDDO         
  C:4FDCH         LINE#         95
  C:4FDCH         LINE#         96
  C:4FDCH         LINE#         98
  C:4FE6H         LINE#         99
  C:4FE6H         LINE#         100
  C:4FF9H         LINE#         101
  C:4FF9H         LINE#         102
  -------         ENDPROC       _WAIT_MS
  -------         PROC          _DISPLAYLCD
  D:0007H         SYMBOL        BCD
  -------         DO            
  D:0006H         SYMBOL        first_digit
  X:03BBH         SYMBOL        second_digit
  -------         ENDDO         
  C:5077H         LINE#         103
  C:5077H         LINE#         104
  C:5077H         LINE#         106
  C:507EH         LINE#         107
  C:5087H         LINE#         109
  C:508CH         LINE#         111
  -------         ENDPROC       _DISPLAYLCD
  -------         PROC          LCD_RETURN_HOME
  C:51D3H         LINE#         115
  C:51D3H         LINE#         116
  C:51D3H         LINE#         117
  C:51D8H         LINE#         118
BL51 BANKED LINKER/LOCATER V6.22                                                      03/28/2019  11:44:52  PAGE 22


  -------         ENDPROC       LCD_RETURN_HOME
  -------         PROC          LCD_CLEAR
  C:51DDH         LINE#         121
  C:51DDH         LINE#         122
  C:51DDH         LINE#         123
  C:51E2H         LINE#         124
  -------         ENDPROC       LCD_CLEAR
  -------         PROC          _DISPLAY_LINE
  D:0006H         SYMBOL        line
  C:50F4H         LINE#         128
  C:50F4H         LINE#         129
  C:50F4H         LINE#         130
  C:50FAH         LINE#         131
  C:50FAH         LINE#         132
  C:50FCH         LINE#         133
  C:50FCH         LINE#         134
  C:50FEH         LINE#         136
  C:50FEH         LINE#         137
  C:5103H         LINE#         138
  C:5108H         LINE#         139
  C:5108H         LINE#         140
  -------         ENDPROC       _DISPLAY_LINE
  -------         PROC          _DISPLAY_POS
  X:0496H         SYMBOL        sign_dat
  -------         DO            
  X:049AH         SYMBOL        unit
  X:049BH         SYMBOL        ten
  X:049CH         SYMBOL        hundred
  D:0003H         SYMBOL        thousand
  X:049DH         SYMBOL        after_dot
  X:049EH         SYMBOL        dat
  -------         ENDDO         
  C:4000H         LINE#         142
  C:4006H         LINE#         143
  C:4006H         LINE#         147
  C:4022H         LINE#         148
  C:403CH         LINE#         149
  C:4060H         LINE#         151
  C:40AAH         LINE#         153
  C:40C1H         LINE#         154
  C:40CEH         LINE#         155
  C:40F0H         LINE#         156
  C:4125H         LINE#         157
  C:413DH         LINE#         158
  C:413DH         LINE#         160
  C:413DH         LINE#         161
  C:413DH         LINE#         162
  C:413DH         LINE#         163
  C:413DH         LINE#         164
  C:413DH         LINE#         168
  C:413FH         LINE#         170
  C:413FH         LINE#         172
  C:4144H         LINE#         173
  C:414AH         LINE#         174
  C:4150H         LINE#         175
  C:4156H         LINE#         176
  C:415BH         LINE#         177
BL51 BANKED LINKER/LOCATER V6.22                                                      03/28/2019  11:44:52  PAGE 23


  C:4161H         LINE#         181
  C:4161H         LINE#         183
  -------         ENDPROC       _DISPLAY_POS
  -------         PROC          _ABS
  D:0006H         SYMBOL        dat
  C:5132H         LINE#         185
  C:5132H         LINE#         186
  C:5132H         LINE#         187
  C:513DH         LINE#         188
  C:513EH         LINE#         190
  C:5145H         LINE#         191
  -------         ENDPROC       _ABS
  -------         ENDMOD        LCD_DRIVER_SPLC780D

  -------         MODULE        KEYPAD
  C:0000H         SYMBOL        _ICE_DUMMY_
  D:0093H         PUBLIC        P0M1
  D:0080H         PUBLIC        P0
  D:0090H         PUBLIC        P1
  D:00A0H         PUBLIC        P2
  D:00B0H         PUBLIC        P3
  D:00C0H         PUBLIC        P4
  D:00C8H         PUBLIC        P5
  B:0020H.0       PUBLIC        calib_mode
  D:00E8H         PUBLIC        P6
  D:00F8H         PUBLIC        P7
  D:00A8H         PUBLIC        IE
  C:3B62H         PUBLIC        Key_Scan
  D:00B8H         PUBLIC        IP
  D:00D8H         PUBLIC        CCON
  C:51C7H         PUBLIC        KeyPad_IO_Init
  C:5059H         PUBLIC        _Delay_ms
  D:0098H         PUBLIC        SCON
  D:0088H         PUBLIC        TCON
  B:0020H.1       PUBLIC        small_move
  B:0020H.2       PUBLIC        move
  B:0020H.3       PUBLIC        direction
  B:0020H.4       PUBLIC        auto_move
  C:3259H         PUBLIC        Key_Process
  D:00D0H         PUBLIC        PSW
  D:0094H         PUBLIC        P0M0
  -------         PROC          _DELAY_MS
  D:0006H         SYMBOL        ms
  -------         DO            
  D:0004H         SYMBOL        De_Cnt
  -------         ENDDO         
  C:5059H         LINE#         19
  C:5059H         LINE#         20
  C:5059H         LINE#         22
  C:5063H         LINE#         23
  C:5063H         LINE#         24
  C:5076H         LINE#         25
  C:5076H         LINE#         26
  -------         ENDPROC       _DELAY_MS
  -------         PROC          KEY_SCAN
  -------         DO            
  X:03C1H         SYMBOL        KeyTemp1
BL51 BANKED LINKER/LOCATER V6.22                                                      03/28/2019  11:44:52  PAGE 24


  X:03C2H         SYMBOL        KeyTemp2
  X:03C3H         SYMBOL        KeyValue
  -------         ENDDO         
  C:3B62H         LINE#         27
  C:3B62H         LINE#         28
  C:3B62H         LINE#         33
  C:3B65H         LINE#         36
  C:3B68H         LINE#         38
  C:3B70H         LINE#         39
  C:3B77H         LINE#         40
  C:3B77H         LINE#         42
  C:3B7CH         LINE#         43
  C:3B83H         LINE#         44
  C:3B83H         LINE#         47
  C:3B86H         LINE#         48
  C:3B89H         LINE#         49
  C:3B8EH         LINE#         50
  C:3B92H         LINE#         51
  C:3B92H         LINE#         52
  C:3B9AH         LINE#         53
  C:3B9AH         LINE#         54
  C:3B9DH         LINE#         55
  C:3BA5H         LINE#         56
  C:3BA7H         LINE#         58
  C:3BBBH         LINE#         59
  C:3BBBH         LINE#         60
  C:3BBBH         LINE#         61
  C:3BBBH         LINE#         62
  C:3BC1H         LINE#         64
  C:3BC3H         LINE#         65
  C:3BC3H         LINE#         66
  C:3BC3H         LINE#         67
  C:3BC9H         LINE#         69
  C:3BCBH         LINE#         70
  C:3BCBH         LINE#         71
  C:3BCBH         LINE#         72
  C:3BD1H         LINE#         74
  C:3BD3H         LINE#         75
  C:3BD3H         LINE#         76
  C:3BD3H         LINE#         77
  C:3BD9H         LINE#         79
  C:3BD9H         LINE#         80
  C:3BD9H         LINE#         81
  C:3BD9H         LINE#         84
  C:3BDCH         LINE#         85
  C:3BDFH         LINE#         86
  C:3BE7H         LINE#         87
  C:3BEBH         LINE#         88
  C:3BEBH         LINE#         89
  C:3BF3H         LINE#         90
  C:3BF3H         LINE#         91
  C:3BF6H         LINE#         92
  C:3BFEH         LINE#         93
  C:3C00H         LINE#         94
  C:3C14H         LINE#         95
  C:3C14H         LINE#         96
  C:3C14H         LINE#         97
BL51 BANKED LINKER/LOCATER V6.22                                                      03/28/2019  11:44:52  PAGE 25


  C:3C14H         LINE#         98
  C:3C1AH         LINE#         100
  C:3C1CH         LINE#         101
  C:3C1CH         LINE#         102
  C:3C1CH         LINE#         103
  C:3C22H         LINE#         105
  C:3C24H         LINE#         106
  C:3C24H         LINE#         107
  C:3C24H         LINE#         108
  C:3C2AH         LINE#         110
  C:3C2CH         LINE#         111
  C:3C2CH         LINE#         112
  C:3C2CH         LINE#         113
  C:3C31H         LINE#         115
  C:3C31H         LINE#         116
  C:3C31H         LINE#         117
  C:3C31H         LINE#         120
  C:3C34H         LINE#         121
  C:3C37H         LINE#         122
  C:3C3FH         LINE#         123
  C:3C43H         LINE#         124
  C:3C43H         LINE#         125
  C:3C4BH         LINE#         126
  C:3C4BH         LINE#         127
  C:3C4EH         LINE#         128
  C:3C56H         LINE#         129
  C:3C58H         LINE#         130
  C:3C6CH         LINE#         131
  C:3C6CH         LINE#         132
  C:3C6CH         LINE#         133
  C:3C6CH         LINE#         134
  C:3C72H         LINE#         136
  C:3C74H         LINE#         137
  C:3C74H         LINE#         138
  C:3C74H         LINE#         139
  C:3C7AH         LINE#         141
  C:3C7CH         LINE#         142
  C:3C7CH         LINE#         143
  C:3C7CH         LINE#         144
  C:3C82H         LINE#         146
  C:3C84H         LINE#         147
  C:3C84H         LINE#         148
  C:3C84H         LINE#         149
  C:3C8AH         LINE#         151
  C:3C8AH         LINE#         152
  C:3C8AH         LINE#         153
  C:3C8AH         LINE#         157
  C:3C8DH         LINE#         158
  C:3C90H         LINE#         159
  C:3C98H         LINE#         160
  C:3C9CH         LINE#         161
  C:3C9CH         LINE#         162
  C:3CA4H         LINE#         163
  C:3CA4H         LINE#         164
  C:3CA7H         LINE#         165
  C:3CAFH         LINE#         166
  C:3CB1H         LINE#         167
BL51 BANKED LINKER/LOCATER V6.22                                                      03/28/2019  11:44:52  PAGE 26


  C:3CC5H         LINE#         168
  C:3CC5H         LINE#         169
  C:3CC5H         LINE#         170
  C:3CC5H         LINE#         171
  C:3CCBH         LINE#         173
  C:3CCDH         LINE#         174
  C:3CCDH         LINE#         175
  C:3CCDH         LINE#         176
  C:3CD3H         LINE#         178
  C:3CD5H         LINE#         179
  C:3CD5H         LINE#         180
  C:3CD5H         LINE#         181
  C:3CDBH         LINE#         183
  C:3CDDH         LINE#         184
  C:3CDDH         LINE#         185
  C:3CDDH         LINE#         186
  C:3CE3H         LINE#         188
  C:3CE3H         LINE#         189
  C:3CE3H         LINE#         190
  C:3CE3H         LINE#         192
  C:3CE9H         LINE#         193
  C:3CE9H         LINE#         195
  C:3CE9H         LINE#         196
  C:3CECH         LINE#         197
  C:3CECH         LINE#         198
  C:3CECH         LINE#         200
  C:3CECH         LINE#         201
  C:3CEEH         LINE#         202
  C:3CEEH         LINE#         203
  -------         ENDPROC       KEY_SCAN
  -------         PROC          KEY_PROCESS
  -------         DO            
  X:05DEH         SYMBOL        KeyCount
  X:05E0H         SYMBOL        KeyNum_Old
  X:05E1H         SYMBOL        KeyNum
  X:05E2H         SYMBOL        PressedKey
  X:03BBH         SYMBOL        d
  D:0004H         SYMBOL        hours
  D:0006H         SYMBOL        mins
  X:03BDH         SYMBOL        months
  X:03BFH         SYMBOL        days
  -------         ENDDO         
  C:3259H         LINE#         204
  C:3259H         LINE#         205
  C:3259H         LINE#         209
  C:3261H         LINE#         210
  C:3269H         LINE#         212
  C:326CH         LINE#         213
  C:326CH         LINE#         214
  C:326FH         LINE#         216
  C:326FH         LINE#         217
  C:327CH         LINE#         218
  C:327CH         LINE#         219
  C:327FH         LINE#         220
  C:3282H         LINE#         222
  C:3285H         LINE#         224
  C:3285H         LINE#         225
BL51 BANKED LINKER/LOCATER V6.22                                                      03/28/2019  11:44:52  PAGE 27


  C:3290H         LINE#         226
  C:3290H         LINE#         227
  C:3293H         LINE#         229
  C:3293H         LINE#         230
  C:329AH         LINE#         231
  C:329AH         LINE#         232
  C:329DH         LINE#         234
  C:329DH         LINE#         235
  C:32A5H         LINE#         236
  C:32A5H         LINE#         237
  C:32AFH         LINE#         238
  C:32B7H         LINE#         240
  C:32C0H         LINE#         242
  C:32C0H         LINE#         251
  C:32D5H         LINE#         252
  C:32D5H         LINE#         253
  C:32E7H         LINE#         254
  C:32F5H         LINE#         255
  C:3304H         LINE#         256
  C:3304H         LINE#         258
  C:330AH         LINE#         262
  C:3320H         LINE#         263
  C:3331H         LINE#         264
  C:334CH         LINE#         265
  C:334CH         LINE#         266
  C:335CH         LINE#         267
  C:336DH         LINE#         268
  C:336DH         LINE#         272
  C:3386H         LINE#         273
  C:339DH         LINE#         274
  C:33BDH         LINE#         275
  C:33BDH         LINE#         276
  C:33C7H         LINE#         277
  C:33C7H         LINE#         278
  C:33D0H         LINE#         279
  C:33D0H         LINE#         280
  C:33E4H         LINE#         281
  C:33E4H         LINE#         282
  C:33E4H         LINE#         283
  C:33E4H         LINE#         284
  C:33E4H         LINE#         285
  C:33E6H         LINE#         287
  C:33E6H         LINE#         288
  C:33F2H         LINE#         289
  C:33F2H         LINE#         290
  C:3403H         LINE#         291
  C:3403H         LINE#         292
  C:3403H         LINE#         293
  C:3403H         LINE#         294
  C:3403H         LINE#         296
  C:3405H         LINE#         298
  C:3405H         LINE#         299
  C:3416H         LINE#         300
  C:3416H         LINE#         301
  C:3416H         LINE#         302
  C:3416H         LINE#         303
  C:3416H         LINE#         305
BL51 BANKED LINKER/LOCATER V6.22                                                      03/28/2019  11:44:52  PAGE 28


  C:3416H         LINE#         307
  C:3416H         LINE#         308
  C:3418H         LINE#         310
  C:3418H         LINE#         311
  C:342BH         LINE#         312
  C:342BH         LINE#         313
  C:343CH         LINE#         314
  C:343CH         LINE#         315
  C:343CH         LINE#         316
  C:343CH         LINE#         317
  C:343CH         LINE#         318
  C:343EH         LINE#         320
  C:343EH         LINE#         321
  C:344FH         LINE#         322
  C:344FH         LINE#         323
  C:3460H         LINE#         324
  C:3471H         LINE#         325
  C:3471H         LINE#         326
  C:3471H         LINE#         327
  C:3471H         LINE#         328
  C:3471H         LINE#         330
  C:348BH         LINE#         331
  C:348BH         LINE#         332
  C:3490H         LINE#         333
  C:3490H         LINE#         334
  C:3496H         LINE#         335
  C:3496H         LINE#         336
  C:3499H         LINE#         337
  C:349EH         LINE#         338
  C:34A3H         LINE#         339
  C:34A8H         LINE#         340
  C:34ADH         LINE#         341
  C:34B2H         LINE#         342
  C:34B7H         LINE#         343
  C:34BCH         LINE#         344
  C:34BCH         LINE#         345
  C:34BCH         LINE#         347
  C:34DEH         LINE#         348
  C:34DEH         LINE#         349
  C:34E8H         LINE#         350
  C:34E8H         LINE#         351
  C:34EDH         LINE#         352
  C:34F6H         LINE#         353
  C:350DH         LINE#         354
  C:350DH         LINE#         355
  C:351DH         LINE#         357
  C:351DH         LINE#         361
  -------         ENDPROC       KEY_PROCESS
  -------         PROC          KEYPAD_IO_INIT
  C:51C7H         LINE#         364
  C:51C7H         LINE#         365
  C:51C7H         LINE#         366
  C:51CAH         LINE#         367
  C:51CDH         LINE#         368
  C:51D0H         LINE#         369
  C:51D2H         LINE#         370
  -------         ENDPROC       KEYPAD_IO_INIT
BL51 BANKED LINKER/LOCATER V6.22                                                      03/28/2019  11:44:52  PAGE 29


  -------         ENDMOD        KEYPAD

  -------         MODULE        BIPOLARMOTOR
  C:0000H         SYMBOL        _ICE_DUMMY_
  D:0080H         PUBLIC        P0
  D:0090H         PUBLIC        P1
  X:0000H         PUBLIC        RX_pos_test
  D:00A0H         PUBLIC        P2
  D:00B0H         PUBLIC        P3
  D:00C0H         PUBLIC        P4
  D:00C8H         PUBLIC        P5
  D:00E8H         PUBLIC        P6
  D:00F8H         PUBLIC        P7
  X:00A0H         PUBLIC        low_date_azimuth_mapping
  D:00A8H         PUBLIC        IE
  C:4594H         PUBLIC        linear_interpolate
  C:4F87H         PUBLIC        _Move
  D:00B8H         PUBLIC        IP
  C:3811H         PUBLIC        _findDet3x3
  C:351EH         PUBLIC        _findDet4x4
  D:00D8H         PUBLIC        CCON
  X:00C8H         PUBLIC        previous_move_time
  D:0098H         PUBLIC        SCON
  D:0088H         PUBLIC        TCON
  C:51F7H         PUBLIC        wait
  C:4E57H         PUBLIC        _Step_move
  X:00C9H         PUBLIC        dat
  C:1F30H         PUBLIC        _Update_position
  C:4D3FH         PUBLIC        vOneStepMove
  X:00CFH         PUBLIC        elevation_stamp
  X:010BH         PUBLIC        date_azimuth_mapping
  X:0133H         PUBLIC        RX_pos
  C:509EH         PUBLIC        _BCDtoDec1
  X:038BH         PUBLIC        degree
  C:2590H         PUBLIC        _TheoricalJP_Position
  D:00D0H         PUBLIC        PSW
  -------         PROC          L?0063
  -------         ENDPROC       L?0063
  -------         PROC          _BCDTODEC1
  D:0007H         SYMBOL        bcd
  -------         DO            
  D:0006H         SYMBOL        hi
  D:0007H         SYMBOL        lo
  -------         ENDDO         
  C:509EH         LINE#         28
  C:509EH         LINE#         29
  C:509EH         LINE#         31
  C:50A3H         LINE#         32
  C:50A7H         LINE#         33
  C:50AEH         LINE#         34
  -------         ENDPROC       _BCDTODEC1
  -------         PROC          WAIT
  C:51F7H         LINE#         36
  C:51F7H         LINE#         38
  -------         ENDPROC       WAIT
  -------         PROC          VONESTEPMOVE
  B:0020H.7       SYMBOL        bDir
BL51 BANKED LINKER/LOCATER V6.22                                                      03/28/2019  11:44:52  PAGE 30


  C:4D3FH         LINE#         40
  C:4D3FH         LINE#         41
  C:4D3FH         LINE#         43
  C:4D45H         LINE#         44
  C:4D45H         LINE#         45
  C:4D48H         LINE#         46
  C:4D51H         LINE#         47
  C:4D58H         LINE#         48
  C:4D5DH         LINE#         49
  C:4D5DH         LINE#         50
  C:4D5DH         LINE#         52
  C:4D5FH         LINE#         55
  C:4D5FH         LINE#         56
  C:4D62H         LINE#         57
  C:4D6BH         LINE#         58
  C:4D72H         LINE#         59
  C:4D78H         LINE#         60
  C:4D81H         LINE#         61
  C:4D88H         LINE#         62
  C:4D88H         LINE#         66
  -------         ENDPROC       VONESTEPMOVE
  -------         PROC          _STEP_MOVE
  X:049AH         SYMBOL        step
  B:0020H.6       SYMBOL        dir
  -------         DO            
  X:049CH         SYMBOL        i
  -------         ENDDO         
  C:4E57H         LINE#         68
  C:4E5FH         LINE#         69
  C:4E5FH         LINE#         71
  C:4E64H         LINE#         74
  C:4E7FH         LINE#         75
  C:4E7FH         LINE#         76
  C:4E86H         LINE#         78
  C:4E96H         LINE#         80
  -------         ENDPROC       _STEP_MOVE
  -------         PROC          _MOVE
  X:0496H         SYMBOL        distance
  B:0020H.5       SYMBOL        direction
  -------         DO            
  D:0006H         SYMBOL        step
  -------         ENDDO         
  C:4F87H         LINE#         82
  C:4F8DH         LINE#         83
  C:4F8DH         LINE#         86
  C:4FA8H         LINE#         87
  -------         ENDPROC       _MOVE
  C:37F2H         SYMBOL        L?0059
  C:3806H         SYMBOL        L?0060
  -------         PROC          L?0058
  -------         ENDPROC       L?0058
  C:37F2H         SYMBOL        L?0059
  C:3806H         SYMBOL        L?0060
  -------         PROC          _FINDDET3X3
  X:05BAH         SYMBOL        a11
  X:05BEH         SYMBOL        a12
  X:05C2H         SYMBOL        a13
BL51 BANKED LINKER/LOCATER V6.22                                                      03/28/2019  11:44:52  PAGE 31


  X:05C6H         SYMBOL        a21
  X:05CAH         SYMBOL        a22
  X:05CEH         SYMBOL        a23
  X:05D2H         SYMBOL        a31
  X:05D6H         SYMBOL        a32
  X:05DAH         SYMBOL        a33
  C:3811H         LINE#         91
  C:3817H         LINE#         95
  C:3817H         LINE#         96
  C:39AEH         LINE#         98
  -------         ENDPROC       _FINDDET3X3
  -------         PROC          _FINDDET4X4
  X:057AH         SYMBOL        a11
  X:057EH         SYMBOL        a12
  X:0582H         SYMBOL        a13
  X:0586H         SYMBOL        a14
  X:058AH         SYMBOL        a21
  X:058EH         SYMBOL        a22
  X:0592H         SYMBOL        a23
  X:0596H         SYMBOL        a24
  X:059AH         SYMBOL        a31
  X:059EH         SYMBOL        a32
  X:05A2H         SYMBOL        a33
  X:05A6H         SYMBOL        a34
  X:05AAH         SYMBOL        a41
  X:05AEH         SYMBOL        a42
  X:05B2H         SYMBOL        a43
  X:05B6H         SYMBOL        a44
  C:351EH         LINE#         99
  C:3524H         LINE#         103
  C:3524H         LINE#         110
  C:37DDH         LINE#         114
  -------         ENDPROC       _FINDDET4X4
  C:4583H         SYMBOL        L?0062
  -------         PROC          L?0061
  -------         ENDPROC       L?0061
  C:4583H         SYMBOL        L?0062
  -------         PROC          LINEAR_INTERPOLATE
  X:048EH         SYMBOL        p1
  X:0496H         SYMBOL        p2
  X:049EH         SYMBOL        x
  -------         DO            
  D:0004H         SYMBOL        fx
  -------         ENDDO         
  C:4594H         LINE#         120
  C:4594H         LINE#         121
  C:4594H         LINE#         124
  C:4633H         LINE#         126
  C:4633H         LINE#         127
  -------         ENDPROC       LINEAR_INTERPOLATE
  -------         PROC          _THEORICALJP_POSITION
  X:0432H         SYMBOL        azimuth
  X:0436H         SYMBOL        elevation
  -------         DO            
  X:043AH         SYMBOL        pos_interpolate_azimuth
  X:0476H         SYMBOL        JP_pos
  X:047AH         SYMBOL        i
BL51 BANKED LINKER/LOCATER V6.22                                                      03/28/2019  11:44:52  PAGE 32


  X:047CH         SYMBOL        yy
  X:047EH         SYMBOL        p1
  X:0486H         SYMBOL        p2
  -------         ENDDO         
  C:2590H         LINE#         130
  C:2596H         LINE#         131
  C:2596H         LINE#         133
  C:25A0H         LINE#         136
  C:25BCH         LINE#         137
  C:25BCH         LINE#         138
  C:262CH         LINE#         139
  C:262CH         LINE#         140
  C:2633H         LINE#         141
  C:2633H         LINE#         142
  C:2660H         LINE#         143
  C:267BH         LINE#         145
  C:26C2H         LINE#         146
  C:26F6H         LINE#         148
  C:273CH         LINE#         149
  C:2761H         LINE#         151
  C:2761H         LINE#         153
  C:27D7H         LINE#         154
  C:27D7H         LINE#         155
  C:27DEH         LINE#         156
  C:27DEH         LINE#         157
  C:280BH         LINE#         158
  C:2826H         LINE#         160
  C:286DH         LINE#         161
  C:28A1H         LINE#         163
  C:28E7H         LINE#         164
  C:2909H         LINE#         166
  C:2909H         LINE#         167
  C:291DH         LINE#         170
  C:2939H         LINE#         171
  C:2939H         LINE#         172
  C:29A9H         LINE#         173
  C:29A9H         LINE#         174
  C:29D6H         LINE#         175
  C:29F1H         LINE#         177
  C:2A1EH         LINE#         178
  C:2A39H         LINE#         180
  C:2A6BH         LINE#         183
  C:2A6BH         LINE#         185
  C:2A7CH         LINE#         186
  C:2A8AH         LINE#         188
  -------         ENDPROC       _THEORICALJP_POSITION
  -------         PROC          _UPDATE_POSITION
  D:0002H         SYMBOL        mnths
  D:0001H         SYMBOL        dys
  X:03E1H         SYMBOL        hurs
  X:03E2H         SYMBOL        mns
  X:03E3H         SYMBOL        sconds
  X:03E4H         SYMBOL        currnt_pos
  X:03E7H         SYMBOL        offset_calib
  -------         DO            
  X:03EBH         SYMBOL        date
  X:03EDH         SYMBOL        i
BL51 BANKED LINKER/LOCATER V6.22                                                      03/28/2019  11:44:52  PAGE 33


  X:03EFH         SYMBOL        yy
  X:03F1H         SYMBOL        desired_distance
  X:03F5H         SYMBOL        distance
  X:03F9H         SYMBOL        JP_pos
  X:03FDH         SYMBOL        current_local_sun_time
  X:0401H         SYMBOL        azimuth
  X:0405H         SYMBOL        elevation
  X:0409H         SYMBOL        time_offset
  X:040DH         SYMBOL        UTC_time
  X:0411H         SYMBOL        declination
  X:0415H         SYMBOL        time
  X:0427H         SYMBOL        location
  X:042FH         SYMBOL        sunCoord
  -------         ENDDO         
  C:1F30H         LINE#         191
  C:1F39H         LINE#         194
  C:1F39H         LINE#         195
  C:1F44H         LINE#         197
  C:1F60H         LINE#         198
  C:1F6AH         LINE#         206
  C:1F74H         LINE#         207
  C:1F7EH         LINE#         208
  C:1F88H         LINE#         209
  C:1F93H         LINE#         210
  C:1FA4H         LINE#         211
  C:1FBDH         LINE#         212
  C:1FCEH         LINE#         213
  C:1FDDH         LINE#         216
  C:1FF1H         LINE#         220
  C:2043H         LINE#         221
  C:21A7H         LINE#         222
  C:21F7H         LINE#         224
  C:231FH         LINE#         226
  C:23EEH         LINE#         233
  C:2435H         LINE#         234
  C:2435H         LINE#         236
  C:2460H         LINE#         237
  C:248FH         LINE#         239
  C:24B4H         LINE#         240
  C:2519H         LINE#         241
  C:2519H         LINE#         242
  C:2533H         LINE#         243
  C:2545H         LINE#         244
  C:255DH         LINE#         245
  C:2573H         LINE#         247
  C:258FH         LINE#         248
  C:258FH         LINE#         249
  C:258FH         LINE#         252
  -------         ENDPROC       _UPDATE_POSITION
  -------         ENDMOD        BIPOLARMOTOR

  -------         MODULE        SUNPOS
  C:0000H         SYMBOL        _ICE_DUMMY_
  C:178EH         PUBLIC        sunpos
  -------         PROC          SUNPOS
  X:0432H         SYMBOL        udtTime
  X:0444H         SYMBOL        udtLocation
BL51 BANKED LINKER/LOCATER V6.22                                                      03/28/2019  11:44:52  PAGE 34


  X:044CH         SYMBOL        udtSunCoordinates
  -------         DO            
  X:044FH         SYMBOL        dElapsedJulianDays
  X:0453H         SYMBOL        dDecimalHours
  X:0457H         SYMBOL        dEclipticLongitude
  X:045BH         SYMBOL        dEclipticObliquity
  X:045FH         SYMBOL        dRightAscension
  X:0463H         SYMBOL        dDeclination
  X:0467H         SYMBOL        dY
  X:046BH         SYMBOL        dX
  -------         DO            
  X:046FH         SYMBOL        dJulianDate
  X:0473H         SYMBOL        liAux1
  X:0477H         SYMBOL        liAux2
  X:046FH         SYMBOL        dMeanLongitude
  X:0473H         SYMBOL        dMeanAnomaly
  X:0477H         SYMBOL        dOmega
  X:046FH         SYMBOL        dSin_EclipticLongitude
  X:046FH         SYMBOL        dGreenwichMeanSiderealTime
  X:0473H         SYMBOL        dLocalMeanSiderealTime
  X:0477H         SYMBOL        dLatitudeInRadians
  X:047BH         SYMBOL        dHourAngle
  X:047FH         SYMBOL        dCos_Latitude
  X:0483H         SYMBOL        dSin_Latitude
  X:0487H         SYMBOL        dCos_HourAngle
  X:048BH         SYMBOL        dParallax
  -------         ENDDO         
  -------         DO            
  X:046FH         SYMBOL        dMeanLongitude
  X:0473H         SYMBOL        dMeanAnomaly
  X:0477H         SYMBOL        dOmega
  X:046FH         SYMBOL        dSin_EclipticLongitude
  X:046FH         SYMBOL        dGreenwichMeanSiderealTime
  X:0473H         SYMBOL        dLocalMeanSiderealTime
  X:0477H         SYMBOL        dLatitudeInRadians
  X:047BH         SYMBOL        dHourAngle
  X:047FH         SYMBOL        dCos_Latitude
  X:0483H         SYMBOL        dSin_Latitude
  X:0487H         SYMBOL        dCos_HourAngle
  X:048BH         SYMBOL        dParallax
  -------         ENDDO         
  -------         DO            
  X:046FH         SYMBOL        dSin_EclipticLongitude
  X:046FH         SYMBOL        dGreenwichMeanSiderealTime
  X:0473H         SYMBOL        dLocalMeanSiderealTime
[...]
  C:4460H         LINE#         148
  C:4463H         LINE#         149
  C:446AH         LINE#         151
  C:4489H         LINE#         153
  C:448BH         LINE#         154
  C:448EH         LINE#         155
  C:4495H         LINE#         157
  -------         ENDPROC       _AT25SF041_WRITE
  -------         PROC          _AT25SF041_READ
  D:0003H         SYMBOL        opcode
  X:05E8H         SYMBOL        addr
  -------         DO            
  X:05ECH         SYMBOL        dat
  X:05EDH         SYMBOL        i
  -------         ENDDO         
  C:4284H         LINE#         159
  C:4286H         LINE#         160
  C:4286H         LINE#         161
  C:428BH         LINE#         163
BL51 BANKED LINKER/LOCATER V6.22                                                      03/28/2019  11:44:52  PAGE 47


  C:428DH         LINE#         164
  C:4293H         LINE#         168
  C:4298H         LINE#         169
  C:4298H         LINE#         170
  C:429AH         LINE#         171
  C:429DH         LINE#         172
  C:42A1H         LINE#         173
  C:42A1H         LINE#         174
  C:42A3H         LINE#         175
  C:42A5H         LINE#         177
  C:42A5H         LINE#         178
  C:42A7H         LINE#         180
  C:42A7H         LINE#         181
  C:42A7H         LINE#         182
  C:42A7H         LINE#         183
  C:42AAH         LINE#         184
  C:42AEH         LINE#         187
  C:42CDH         LINE#         189
  C:42D4H         LINE#         190
  C:42D4H         LINE#         191
  C:42D6H         LINE#         192
  C:42D9H         LINE#         193
  C:42F5H         LINE#         194
  C:42F5H         LINE#         195
  C:42F7H         LINE#         196
  C:42F9H         LINE#         198
  C:42F9H         LINE#         199
  C:42FBH         LINE#         201
  C:42FBH         LINE#         202
  C:42FBH         LINE#         203
  C:42FBH         LINE#         204
  C:42FEH         LINE#         205
  C:4317H         LINE#         207
  C:4336H         LINE#         210
  C:433DH         LINE#         212
  C:433FH         LINE#         213
  C:4346H         LINE#         215
  C:434DH         LINE#         216
  C:434DH         LINE#         217
  C:4354H         LINE#         218
  C:4354H         LINE#         219
  C:4357H         LINE#         220
  C:4359H         LINE#         221
  C:435CH         LINE#         223
  C:435FH         LINE#         224
  C:435FH         LINE#         226
  C:4363H         LINE#         227
  C:4363H         LINE#         233
  C:4382H         LINE#         236
  C:4384H         LINE#         237
  C:4387H         LINE#         238
  C:438EH         LINE#         240
  C:4393H         LINE#         242
  -------         ENDPROC       _AT25SF041_READ
  -------         PROC          UCREAD_STATUS_REGISTER_BYTE1
  -------         DO            
  D:0003H         SYMBOL        dat
BL51 BANKED LINKER/LOCATER V6.22                                                      03/28/2019  11:44:52  PAGE 48


  D:0001H         SYMBOL        opcode
  X:049EH         SYMBOL        count
  X:049FH         SYMBOL        i
  -------         ENDDO         
  C:4848H         LINE#         246
  C:4848H         LINE#         247
  C:4848H         LINE#         248
  C:484EH         LINE#         249
  C:4852H         LINE#         250
  C:4854H         LINE#         251
  C:4856H         LINE#         252
  C:485CH         LINE#         256
  C:4863H         LINE#         257
  C:4863H         LINE#         258
  C:4865H         LINE#         259
  C:4868H         LINE#         260
  C:486CH         LINE#         261
  C:486CH         LINE#         262
  C:486EH         LINE#         263
  C:4870H         LINE#         265
  C:4870H         LINE#         266
  C:4872H         LINE#         268
  C:4872H         LINE#         269
  C:4872H         LINE#         270
  C:4872H         LINE#         271
  C:4875H         LINE#         272
  C:4879H         LINE#         275
  C:4898H         LINE#         279
  C:489FH         LINE#         281
  C:48A1H         LINE#         282
  C:48A8H         LINE#         283
  C:48AFH         LINE#         284
  C:48AFH         LINE#         285
  C:48B3H         LINE#         286
  C:48B3H         LINE#         287
  C:48B6H         LINE#         288
  C:48B8H         LINE#         289
  C:48BBH         LINE#         291
  C:48BEH         LINE#         292
  C:48BEH         LINE#         294
  C:48C2H         LINE#         295
  C:48C2H         LINE#         297
  C:48E1H         LINE#         301
  C:48E3H         LINE#         302
  C:48E6H         LINE#         303
  C:48E8H         LINE#         304
  -------         ENDPROC       UCREAD_STATUS_REGISTER_BYTE1
  -------         PROC          SPI_NOR_WRITE_DATA
  X:03BBH         SYMBOL        dat
  X:03C6H         SYMBOL        addr
  C:3CEFH         LINE#         306
  C:3CEFH         LINE#         307
  C:3CEFH         LINE#         309
  C:3CF2H         LINE#         311
  C:3D0CH         LINE#         312
  C:3D2AH         LINE#         314
  C:3D31H         LINE#         315
BL51 BANKED LINKER/LOCATER V6.22                                                      03/28/2019  11:44:52  PAGE 49


  C:3D34H         LINE#         317
  C:3D4EH         LINE#         318
  C:3D4EH         LINE#         319
  C:3D4EH         LINE#         322
  C:3D51H         LINE#         324
  C:3D6BH         LINE#         325
  C:3D6BH         LINE#         326
  C:3D6BH         LINE#         328
  C:3D6EH         LINE#         330
  C:3D88H         LINE#         331
  C:3D88H         LINE#         332
  C:3D88H         LINE#         334
  C:3D8BH         LINE#         336
  C:3DA5H         LINE#         337
  C:3DA5H         LINE#         338
  C:3DA5H         LINE#         340
  C:3DA8H         LINE#         342
  C:3DC2H         LINE#         343
  C:3DC2H         LINE#         344
  C:3DC2H         LINE#         346
  C:3DC5H         LINE#         348
  C:3DDFH         LINE#         349
  C:3DDFH         LINE#         350
  C:3DDFH         LINE#         352
  C:3DE2H         LINE#         354
  C:3DFCH         LINE#         355
  C:3DFCH         LINE#         356
  C:3DFCH         LINE#         358
  C:3DFFH         LINE#         360
  C:3E19H         LINE#         361
  C:3E19H         LINE#         362
  C:3E19H         LINE#         364
  C:3E1CH         LINE#         366
  C:3E36H         LINE#         367
  C:3E36H         LINE#         368
  C:3E36H         LINE#         370
  C:3E39H         LINE#         372
  C:3E53H         LINE#         373
  C:3E5AH         LINE#         374
  -------         ENDPROC       SPI_NOR_WRITE_DATA
  -------         ENDMOD        AT25SF041

  -------         MODULE        ?C_STARTUP
  C:4A22H         SEGMENT       ?C_C51STARTUP
  I:0022H         SEGMENT       ?STACK
  C:0000H         PUBLIC        ?C_STARTUP
  D:00E0H         SYMBOL        ACC
  D:00F0H         SYMBOL        B
  D:0083H         SYMBOL        DPH
  D:0082H         SYMBOL        DPL
  N:0000H         SYMBOL        IBPSTACK
  N:0100H         SYMBOL        IBPSTACKTOP
  N:0080H         SYMBOL        IDATALEN
  C:4A25H         SYMBOL        IDATALOOP
  N:0000H         SYMBOL        PBPSTACK
  N:0100H         SYMBOL        PBPSTACKTOP
  N:0000H         SYMBOL        PDATALEN
BL51 BANKED LINKER/LOCATER V6.22                                                      03/28/2019  11:44:52  PAGE 50


  N:0000H         SYMBOL        PDATASTART
  N:0000H         SYMBOL        PPAGE
  N:0000H         SYMBOL        PPAGEENABLE
  D:00A0H         SYMBOL        PPAGE_SFR
  D:0081H         SYMBOL        SP
  C:4A22H         SYMBOL        STARTUP1
  N:0000H         SYMBOL        XBPSTACK
  N:0000H         SYMBOL        XBPSTACKTOP
  N:0000H         SYMBOL        XDATALEN
  N:0000H         SYMBOL        XDATASTART
  C:0000H         LINE#         126
  C:4A22H         LINE#         133
  C:4A24H         LINE#         134
  C:4A25H         LINE#         135
  C:4A26H         LINE#         136
  C:4A28H         LINE#         185
  C:4A2BH         LINE#         196
  -------         ENDMOD        ?C_STARTUP

  -------         MODULE        ?C?FPADD
  C:0DDFH         PUBLIC        ?C?FPADD
  C:0DDBH         PUBLIC        ?C?FPSUB
  -------         ENDMOD        ?C?FPADD

  -------         MODULE        ?C?FPMUL
  C:0ED0H         PUBLIC        ?C?FPMUL
  -------         ENDMOD        ?C?FPMUL

  -------         MODULE        ?C?FPDIV
  C:0FD9H         PUBLIC        ?C?FPDIV
  -------         ENDMOD        ?C?FPDIV

  -------         MODULE        ?C?FPCMP
  C:1078H         PUBLIC        ?C?FPCMP
  C:1076H         PUBLIC        ?C?FPCMP3
  -------         ENDMOD        ?C?FPCMP

  -------         MODULE        ?C?FPNEG
  C:10EFH         PUBLIC        ?C?FPNEG
  -------         ENDMOD        ?C?FPNEG

  -------         MODULE        ?C?FCAST
  C:110AH         PUBLIC        ?C?FCASTC
  C:1105H         PUBLIC        ?C?FCASTI
  C:1100H         PUBLIC        ?C?FCASTL
  -------         ENDMOD        ?C?FCAST

  -------         MODULE        ?C?CASTF
  C:113EH         PUBLIC        ?C?CASTF
  -------         ENDMOD        ?C?CASTF

  -------         MODULE        ATAN2
  X:048FH         PUBLIC        ?_atan2?BYTE
  C:48E9H         PUBLIC        _atan2
  -------         ENDMOD        ATAN2

  -------         MODULE        SIN
BL51 BANKED LINKER/LOCATER V6.22                                                      03/28/2019  11:44:52  PAGE 51


  C:3EC0H         PUBLIC        _COS
  C:3ED6H         PUBLIC        _SIN
  C:3F12H         PUBLIC        _TAN
  -------         ENDMOD        SIN

  -------         MODULE        ACOS
  C:4D89H         PUBLIC        _ACOS
  -------         ENDMOD        ACOS

  -------         MODULE        ASIN
  C:4E97H         PUBLIC        _ASIN
  -------         ENDMOD        ASIN

  -------         MODULE        SQRT
  C:47A0H         PUBLIC        _SQRT
  -------         ENDMOD        SQRT

  -------         MODULE        ATAN
  C:4182H         PUBLIC        _ATAN
  -------         ENDMOD        ATAN

  -------         MODULE        ?C?COPY
  C:12DCH         PUBLIC        ?C?COPY
  -------         ENDMOD        ?C?COPY

  -------         MODULE        ?C?CLDPTR
  C:1302H         PUBLIC        ?C?CLDPTR
  -------         ENDMOD        ?C?CLDPTR

  -------         MODULE        ?C?CLDOPTR
  C:131BH         PUBLIC        ?C?CLDOPTR
  -------         ENDMOD        ?C?CLDOPTR

  -------         MODULE        ?C?CSTPTR
  C:1348H         PUBLIC        ?C?CSTPTR
  -------         ENDMOD        ?C?CSTPTR

  -------         MODULE        ?C?IMUL
  C:135AH         PUBLIC        ?C?IMUL
  -------         ENDMOD        ?C?IMUL

  -------         MODULE        ?C?UIDIV
  C:136CH         PUBLIC        ?C?UIDIV
  -------         ENDMOD        ?C?UIDIV

  -------         MODULE        ?C?SIDIV
  C:13C1H         PUBLIC        ?C?SIDIV
  -------         ENDMOD        ?C?SIDIV

  -------         MODULE        ?C?ILDIX
  C:13F7H         PUBLIC        ?C?ILDIX
  -------         ENDMOD        ?C?ILDIX

  -------         MODULE        ?C?ILDOPTR
  C:140DH         PUBLIC        ?C?ILDOPTR
  -------         ENDMOD        ?C?ILDOPTR

BL51 BANKED LINKER/LOCATER V6.22                                                      03/28/2019  11:44:52  PAGE 52


  -------         MODULE        ?C?ISTPTR
  C:1445H         PUBLIC        ?C?ISTPTR
  -------         ENDMOD        ?C?ISTPTR

  -------         MODULE        ?C?LMUL
  C:1464H         PUBLIC        ?C?LMUL
  -------         ENDMOD        ?C?LMUL

  -------         MODULE        ?C?SLDIV
  C:4DD3H         PUBLIC        ?C?SLDIV
  -------         ENDMOD        ?C?SLDIV

  -------         MODULE        ?C?LNEG
  C:14B3H         PUBLIC        ?C?LNEG
  -------         ENDMOD        ?C?LNEG

  -------         MODULE        ?C?ULCMP
  C:14C1H         PUBLIC        ?C?ULCMP
  -------         ENDMOD        ?C?ULCMP

  -------         MODULE        ?C?LSHL
  C:14D2H         PUBLIC        ?C?LSHL
  -------         ENDMOD        ?C?LSHL

  -------         MODULE        ?C?LLDPTR
  C:14E5H         PUBLIC        ?C?LLDPTR
  -------         ENDMOD        ?C?LLDPTR

  -------         MODULE        ?C?LLDOPTR
  C:1505H         PUBLIC        ?C?LLDOPTR
  -------         ENDMOD        ?C?LLDOPTR

  -------         MODULE        ?C?LSTPTR
  C:1535H         PUBLIC        ?C?LSTPTR
  -------         ENDMOD        ?C?LSTPTR

  -------         MODULE        ?C?LSTOPTR
  C:154FH         PUBLIC        ?C?LSTOPTR
  -------         ENDMOD        ?C?LSTOPTR

  -------         MODULE        ?C?LLDXDATA
  C:1573H         PUBLIC        ?C?LLDXDATA
  -------         ENDMOD        ?C?LLDXDATA

  -------         MODULE        ?C?LLDCODE
  C:157FH         PUBLIC        ?C?LLDCODE
  -------         ENDMOD        ?C?LLDCODE

  -------         MODULE        ?C?LLDXDATA0
  C:158FH         PUBLIC        ?C?LLDXDATA0
  -------         ENDMOD        ?C?LLDXDATA0

  -------         MODULE        ?C?LLDCODE0
  C:159BH         PUBLIC        ?C?LLDCODE0
  -------         ENDMOD        ?C?LLDCODE0

  -------         MODULE        ?C?LLDPTR0
BL51 BANKED LINKER/LOCATER V6.22                                                      03/28/2019  11:44:52  PAGE 53


  C:15ABH         PUBLIC        ?C?LLDPTR0
  -------         ENDMOD        ?C?LLDPTR0

  -------         MODULE        ?C?LSTXDATA
  C:15CBH         PUBLIC        ?C?LSTXDATA
  -------         ENDMOD        ?C?LSTXDATA

  -------         MODULE        ?C?LSTKXDATA
  C:15D7H         PUBLIC        ?C?LSTKXDATA
  -------         ENDMOD        ?C?LSTKXDATA

  -------         MODULE        ?C?LSTKPTR
  C:1608H         PUBLIC        ?C?LSTKPTR
  -------         ENDMOD        ?C?LSTKPTR

  -------         MODULE        ?C?OFFXADD
  C:1622H         PUBLIC        ?C?OFFXADD
  -------         ENDMOD        ?C?OFFXADD

  -------         MODULE        ATOI
  C:4496H         PUBLIC        _atoi
  -------         ENDMOD        ATOI

  -------         MODULE        ?C?IILDX
  C:162EH         PUBLIC        ?C?IILDX
  -------         ENDMOD        ?C?IILDX

  -------         MODULE        ?C?ULDIV
  C:1680H         PUBLIC        ?C?ULDIV
  -------         ENDMOD        ?C?ULDIV

  -------         MODULE        ?C?LLDIDATA
  C:1712H         PUBLIC        ?C?LLDIDATA
  -------         ENDMOD        ?C?LLDIDATA

  -------         MODULE        ?C?LLDPDATA
  C:171EH         PUBLIC        ?C?LLDPDATA
  -------         ENDMOD        ?C?LLDPDATA

  -------         MODULE        ?C?LLDIDATA0
  C:172AH         PUBLIC        ?C?LLDIDATA0
  -------         ENDMOD        ?C?LLDIDATA0

  -------         MODULE        ?C?LLDPDATA0
  C:1737H         PUBLIC        ?C?LLDPDATA0
  -------         ENDMOD        ?C?LLDPDATA0

  -------         MODULE        ?C?LSTIDATA
  C:1744H         PUBLIC        ?C?LSTIDATA
  -------         ENDMOD        ?C?LSTIDATA

  -------         MODULE        ?C?LSTPDATA
  C:1750H         PUBLIC        ?C?LSTPDATA
  -------         ENDMOD        ?C?LSTPDATA

  -------         MODULE        ?C?LSTKIDATA
  C:175CH         PUBLIC        ?C?LSTKIDATA
BL51 BANKED LINKER/LOCATER V6.22                                                      03/28/2019  11:44:52  PAGE 54


  -------         ENDMOD        ?C?LSTKIDATA

  -------         MODULE        ?C?LSTKPDATA
  C:1775H         PUBLIC        ?C?LSTKPDATA
  -------         ENDMOD        ?C?LSTKPDATA

  -------         MODULE        ISDIGIT
  C:51ABH         PUBLIC        _isdigit
  -------         ENDMOD        ISDIGIT

  -------         MODULE        ISSPACE
  C:5146H         PUBLIC        _isspace
  -------         ENDMOD        ISSPACE

*** WARNING L16: UNCALLED SEGMENT, IGNORED FOR OVERLAY PROCESS
    SEGMENT: ?PR?INITUART1?UART1

*** WARNING L16: UNCALLED SEGMENT, IGNORED FOR OVERLAY PROCESS
    SEGMENT: ?PR?_SENDSTRING?UART1

*** WARNING L16: UNCALLED SEGMENT, IGNORED FOR OVERLAY PROCESS
    SEGMENT: ?PR?_TEN?UART1

*** WARNING L16: UNCALLED SEGMENT, IGNORED FOR OVERLAY PROCESS
    SEGMENT: ?PR?_UNIT?UART1

*** WARNING L16: UNCALLED SEGMENT, IGNORED FOR OVERLAY PROCESS
    SEGMENT: ?PR?_DECTOBCD?UART1

*** WARNING L16: UNCALLED SEGMENT, IGNORED FOR OVERLAY PROCESS
    SEGMENT: ?PR?_ASCII_LETTER?UART1

*** WARNING L16: UNCALLED SEGMENT, IGNORED FOR OVERLAY PROCESS
    SEGMENT: ?PR?_ASCIITOBCD?UART1

*** WARNING L16: UNCALLED SEGMENT, IGNORED FOR OVERLAY PROCESS
    SEGMENT: ?PR?WAIT?BIPOLARMOTOR

*** WARNING L16: UNCALLED SEGMENT, IGNORED FOR OVERLAY PROCESS
    SEGMENT: ?PR?_FINDDET4X4?BIPOLARMOTOR

*** WARNING L16: UNCALLED SEGMENT, IGNORED FOR OVERLAY PROCESS
    SEGMENT: ?PR?NOP?IOEXPANDER_PI4IOE5V96248

*** WARNING L16: UNCALLED SEGMENT, IGNORED FOR OVERLAY PROCESS
    SEGMENT: ?PR?UC_ACK?IOEXPANDER_PI4IOE5V96248

*** WARNING L16: UNCALLED SEGMENT, IGNORED FOR OVERLAY PROCESS
    SEGMENT: ?PR?UC_NACK?IOEXPANDER_PI4IOE5V96248

*** WARNING L16: UNCALLED SEGMENT, IGNORED FOR OVERLAY PROCESS
    SEGMENT: ?PR?_AT25SF041_READ?AT25SF041

*** WARNING L1: UNRESOLVED EXTERNAL SYMBOL
    SYMBOL:  AUTO_MODE
    MODULE:  .\Obj\main.obj (MAIN)

BL51 BANKED LINKER/LOCATER V6.22                                                      03/28/2019  11:44:52  PAGE 55


*** WARNING L1: UNRESOLVED EXTERNAL SYMBOL
    SYMBOL:  SPI_NOR_CLEARENABLE
    MODULE:  .\Obj\main.obj (MAIN)

*** WARNING L2: REFERENCE MADE TO UNRESOLVED EXTERNAL
    SYMBOL:  AUTO_MODE
    MODULE:  .\Obj\main.obj (MAIN)
    ADDRESS: 003BH

*** WARNING L2: REFERENCE MADE TO UNRESOLVED EXTERNAL
    SYMBOL:  SPI_NOR_CLEARENABLE
    MODULE:  .\Obj\main.obj (MAIN)
    ADDRESS: 0041H

*** WARNING L2: REFERENCE MADE TO UNRESOLVED EXTERNAL
    SYMBOL:  AUTO_MODE
    MODULE:  .\Obj\main.obj (MAIN)
    ADDRESS: 01B4H

*** WARNING L2: REFERENCE MADE TO UNRESOLVED EXTERNAL
    SYMBOL:  AUTO_MODE
    MODULE:  .\Obj\main.obj (MAIN)
    ADDRESS: 01C2H

*** WARNING L2: REFERENCE MADE TO UNRESOLVED EXTERNAL
    SYMBOL:  AUTO_MODE
    MODULE:  .\Obj\main.obj (MAIN)
    ADDRESS: 01D4H

*** WARNING L2: REFERENCE MADE TO UNRESOLVED EXTERNAL
    SYMBOL:  AUTO_MODE
    MODULE:  .\Obj\main.obj (MAIN)
    ADDRESS: 0216H

*** WARNING L2: REFERENCE MADE TO UNRESOLVED EXTERNAL
    SYMBOL:  AUTO_MODE
    MODULE:  .\Obj\main.obj (MAIN)
    ADDRESS: 02E9H

*** WARNING L2: REFERENCE MADE TO UNRESOLVED EXTERNAL
    SYMBOL:  SPI_NOR_CLEARENABLE
    MODULE:  .\Obj\main.obj (MAIN)
    ADDRESS: 0D43H

*** WARNING L2: REFERENCE MADE TO UNRESOLVED EXTERNAL
    SYMBOL:  SPI_NOR_CLEARENABLE
    MODULE:  .\Obj\main.obj (MAIN)
    ADDRESS: 0DACH

*** WARNING L1: UNRESOLVED EXTERNAL SYMBOL
    SYMBOL:  _SENDUART1
    MODULE:  .\Obj\UART1.obj (UART1)

*** WARNING L2: REFERENCE MADE TO UNRESOLVED EXTERNAL
    SYMBOL:  _SENDUART1
    MODULE:  .\Obj\UART1.obj (UART1)
    ADDRESS: 4F00H
BL51 BANKED LINKER/LOCATER V6.22                                                      03/28/2019  11:44:52  PAGE 56



*** WARNING L1: UNRESOLVED EXTERNAL SYMBOL
    SYMBOL:  AUTO_MODE
    MODULE:  .\Obj\KeyPad.obj (KEYPAD)

*** WARNING L1: UNRESOLVED EXTERNAL SYMBOL
    SYMBOL:  SPI_NOR_CLEARENABLE
    MODULE:  .\Obj\KeyPad.obj (KEYPAD)

*** WARNING L2: REFERENCE MADE TO UNRESOLVED EXTERNAL
    SYMBOL:  AUTO_MODE
    MODULE:  .\Obj\KeyPad.obj (KEYPAD)
    ADDRESS: 32A6H

*** WARNING L2: REFERENCE MADE TO UNRESOLVED EXTERNAL
    SYMBOL:  AUTO_MODE
    MODULE:  .\Obj\KeyPad.obj (KEYPAD)
    ADDRESS: 32B1H

*** WARNING L2: REFERENCE MADE TO UNRESOLVED EXTERNAL
    SYMBOL:  AUTO_MODE
    MODULE:  .\Obj\KeyPad.obj (KEYPAD)
    ADDRESS: 32B8H

*** WARNING L2: REFERENCE MADE TO UNRESOLVED EXTERNAL
    SYMBOL:  SPI_NOR_CLEARENABLE
    MODULE:  .\Obj\KeyPad.obj (KEYPAD)
    ADDRESS: 348CH

*** WARNING L2: REFERENCE MADE TO UNRESOLVED EXTERNAL
    SYMBOL:  SPI_NOR_CLEARENABLE
    MODULE:  .\Obj\KeyPad.obj (KEYPAD)
    ADDRESS: 3491H

Program Size: data=10.2 xdata=1529 code=20985
LINK/LOCATE RUN COMPLETE.  33 WARNING(S),  0 ERROR(S)
