BL51 BANKED LINKER/LOCATER V6.22                                                        05/17/2018  11:40:10  PAGE 1


BL51 BANKED LINKER/LOCATER V6.22, INVOKED BY:
C:\KEIL_V5\C51\BIN\BL51.EXE .\Obj\main.obj, .\Obj\PCF85063BTL.obj, .\Obj\UART1.obj, .\Obj\LCd_Driver_SPLC780D.obj, .\Obj
>> \KeyPad.obj, .\Obj\STARTUP.obj TO .\Obj\GPIO_RTC_Test PRINT (.\Lis\GPIO_RTC_Test.m51) RAMSIZE (256)


MEMORY MODEL: LARGE


INPUT MODULES INCLUDED:
  .\Obj\main.obj (MAIN)
  .\Obj\PCF85063BTL.obj (PCF85063BTL)
  .\Obj\UART1.obj (UART1)
  .\Obj\LCd_Driver_SPLC780D.obj (LCD_DRIVER_SPLC780D)
  .\Obj\KeyPad.obj (KEYPAD)
  .\Obj\STARTUP.obj (?C_STARTUP)
  C:\KEIL_V5\C51\LIB\C51L.LIB (?C_INIT)
  C:\KEIL_V5\C51\LIB\C51L.LIB (?C?CLDPTR)
  C:\KEIL_V5\C51\LIB\C51L.LIB (?C?CSTPTR)
  C:\KEIL_V5\C51\LIB\C51L.LIB (?C?SIDIV)
  C:\KEIL_V5\C51\LIB\C51L.LIB (?C?ILDIX)
  C:\KEIL_V5\C51\LIB\C51L.LIB (ATOI)
  C:\KEIL_V5\C51\LIB\C51L.LIB (?C?IMUL)
  C:\KEIL_V5\C51\LIB\C51L.LIB (?C?UIDIV)
  C:\KEIL_V5\C51\LIB\C51L.LIB (?C?IILDX)
  C:\KEIL_V5\C51\LIB\C51L.LIB (ISDIGIT)
  C:\KEIL_V5\C51\LIB\C51L.LIB (ISSPACE)


LINK MAP OF MODULE:  .\Obj\GPIO_RTC_Test (MAIN)


            TYPE    BASE      LENGTH    RELOCATION   SEGMENT NAME
            -----------------------------------------------------

            * * * * * * *   D A T A   M E M O R Y   * * * * * * *
            REG     0000H     0008H     ABSOLUTE     "REG BANK 0"
            REG     0008H     0008H     ABSOLUTE     "REG BANK 1"
                    0010H     0010H                  *** GAP ***
            BIT     0020H.0   0000H.1   UNIT         ?BI?MAIN
            BIT     0020H.1   0000H.1   UNIT         _BIT_GROUP_
                    0020H.2   0000H.6                *** GAP ***
            IDATA   0021H     0001H     UNIT         ?STACK

            * * * * * * *  X D A T A   M E M O R Y  * * * * * * *
            XDATA   0000H     0020H     UNIT         _XDATA_GROUP_
            XDATA   0020H     001CH     UNIT         ?XD?MAIN
            XDATA   003CH     0009H     UNIT         ?XD?KEYPAD
            XDATA   0045H     0003H     UNIT         ?XD?_SENDSTRING?UART1

            * * * * * * *   C O D E   M E M O R Y   * * * * * * *
            CODE    0000H     0003H     ABSOLUTE     
            CODE    0003H     0007H     UNIT         ?PR?KEYPAD_IO_INIT?KEYPAD
            CODE    000AH     0001H     UNIT         ?PR?TM0_ISR?MAIN
            CODE    000BH     0003H     ABSOLUTE     
            CODE    000EH     0015H     UNIT         ?PR?_DISPLAY_LINE?LCD_DRIVER_SPLC780D
            CODE    0023H     0003H     ABSOLUTE     
            CODE    0026H     0249H     UNIT         ?PR?KEY_PROCESS?KEYPAD
            CODE    026FH     013BH     UNIT         ?PR?KEY_SCAN?KEYPAD
BL51 BANKED LINKER/LOCATER V6.22                                                      05/17/2018  11:40:10  PAGE 2


            CODE    03AAH     0136H     UNIT         ?PR?MAIN?MAIN
            CODE    04E0H     00F4H     UNIT         ?C?LIB_CODE
            CODE    05D4H     00DBH     UNIT         ?PR?_ATOI?ATOI
            CODE    06AFH     009BH     UNIT         ?PR?UART?MAIN
            CODE    074AH     008CH     UNIT         ?C_C51STARTUP
            CODE    07D6H     0075H     UNIT         ?PR?_WRITEDATA?LCD_DRIVER_SPLC780D
            CODE    084BH     006FH     UNIT         ?PR?_READ_TIME?PCF85063BTL
            CODE    08BAH     0054H     UNIT         ?PR?LCD_INIT?LCD_DRIVER_SPLC780D
            CODE    090EH     0040H     UNIT         ?PR?_COMMAND?LCD_DRIVER_SPLC780D
            CODE    094EH     003CH     UNIT         ?C_INITSEG
            CODE    098AH     0033H     UNIT         ?PR?_SENDSTRING?UART1
            CODE    09BDH     0024H     UNIT         ?PR?_WAIT_MS?LCD_DRIVER_SPLC780D
            CODE    09E1H     0020H     UNIT         ?PR?_SPI_SENDBYTE?PCF85063BTL
            CODE    0A01H     0020H     UNIT         ?PR?SPI_RECEIVEBYTE?PCF85063BTL
            CODE    0A21H     001EH     UNIT         ?PR?_DELAY_MS?KEYPAD
            CODE    0A3FH     001DH     UNIT         ?PR?_DISPLAYLCD?LCD_DRIVER_SPLC780D
            CODE    0A5CH     0018H     UNIT         ?PR?_SPI_WRITETIME?PCF85063BTL
            CODE    0A74H     0017H     UNIT         ?PR?_ASCIITOBCD?UART1
            CODE    0A8BH     0014H     UNIT         ?PR?_PCF85063BTL_DELAY?PCF85063BTL
            CODE    0A9FH     0014H     UNIT         ?PR?_ISSPACE?ISSPACE
            CODE    0AB3H     0011H     UNIT         ?PR?_SPI_READTIME?PCF85063BTL
            CODE    0AC4H     0011H     UNIT         ?PR?INITUART1?UART1
            CODE    0AD5H     000FH     UNIT         ?PR?_ISDIGIT?ISDIGIT
            CODE    0AE4H     000DH     UNIT         ?PR?SPI_INIT?PCF85063BTL
            CODE    0AF1H     000AH     UNIT         ?PR?LCD_RETURN_HOME?LCD_DRIVER_SPLC780D
            CODE    0AFBH     000AH     UNIT         ?PR?LCD_CLEAR?LCD_DRIVER_SPLC780D
            CODE    0B05H     0009H     UNIT         ?PR?_SENDUART1?MAIN
            CODE    0B0EH     0006H     UNIT         ?PR?_TEN?UART1
            CODE    0B14H     0005H     UNIT         ?PR?_UNIT?UART1
            CODE    0B19H     0005H     UNIT         ?PR?_ASCII_LETTER?UART1
            CODE    0B1EH     0001H     UNIT         ?PR?_DECTOBCD?UART1



OVERLAY MAP OF MODULE:   .\Obj\GPIO_RTC_Test (MAIN)


SEGMENT                                            BIT_GROUP          XDATA_GROUP
  +--> CALLED SEGMENT                           START    LENGTH     START    LENGTH
-----------------------------------------------------------------------------------
?PR?UART?MAIN                                   -----    -----      -----    -----
  +--> ?PR?_ASCIITOBCD?UART1

?PR?_ASCIITOBCD?UART1                           -----    -----      -----    -----
  +--> ?PR?_ATOI?ATOI

?PR?_ATOI?ATOI                                  0020H.1  0000H.1    0000H    0005H
  +--> ?PR?_ISSPACE?ISSPACE
  +--> ?PR?_ISDIGIT?ISDIGIT

*** NEW ROOT ***************************************************

?C_C51STARTUP                                   -----    -----      -----    -----
  +--> ?PR?MAIN?MAIN
  +--> ?C_INITSEG

?PR?MAIN?MAIN                                   -----    -----      0005H    000CH
BL51 BANKED LINKER/LOCATER V6.22                                                      05/17/2018  11:40:10  PAGE 3


  +--> ?PR?LCD_INIT?LCD_DRIVER_SPLC780D
  +--> ?PR?SPI_INIT?PCF85063BTL
  +--> ?PR?KEYPAD_IO_INIT?KEYPAD
  +--> ?PR?INITUART1?UART1
  +--> ?PR?_SPI_WRITETIME?PCF85063BTL
  +--> ?PR?_DELAY_MS?KEYPAD
  +--> ?PR?_DISPLAY_LINE?LCD_DRIVER_SPLC780D
  +--> ?PR?_WRITEDATA?LCD_DRIVER_SPLC780D
  +--> ?PR?KEY_PROCESS?KEYPAD
  +--> ?PR?_DISPLAYLCD?LCD_DRIVER_SPLC780D
  +--> ?PR?LCD_RETURN_HOME?LCD_DRIVER_SPLC780D
  +--> ?PR?_READ_TIME?PCF85063BTL
  +--> ?PR?_SENDUART1?MAIN

?PR?LCD_INIT?LCD_DRIVER_SPLC780D                -----    -----      -----    -----
  +--> ?PR?_WAIT_MS?LCD_DRIVER_SPLC780D
  +--> ?PR?_COMMAND?LCD_DRIVER_SPLC780D

?PR?_COMMAND?LCD_DRIVER_SPLC780D                -----    -----      -----    -----
  +--> ?PR?_WAIT_MS?LCD_DRIVER_SPLC780D

?PR?_SPI_WRITETIME?PCF85063BTL                  -----    -----      -----    -----
  +--> ?PR?_SPI_SENDBYTE?PCF85063BTL

?PR?_SPI_SENDBYTE?PCF85063BTL                   -----    -----      -----    -----
  +--> ?PR?_PCF85063BTL_DELAY?PCF85063BTL

?PR?_DISPLAY_LINE?LCD_DRIVER_SPLC780D           -----    -----      -----    -----
  +--> ?PR?_COMMAND?LCD_DRIVER_SPLC780D

?PR?_WRITEDATA?LCD_DRIVER_SPLC780D              -----    -----      0017H    0001H
  +--> ?PR?_WAIT_MS?LCD_DRIVER_SPLC780D

?PR?KEY_PROCESS?KEYPAD                          -----    -----      0011H    0006H
  +--> ?PR?KEY_SCAN?KEYPAD
  +--> ?PR?_SPI_WRITETIME?PCF85063BTL
  +--> ?PR?LCD_CLEAR?LCD_DRIVER_SPLC780D
  +--> ?PR?_COMMAND?LCD_DRIVER_SPLC780D
  +--> ?PR?_WRITEDATA?LCD_DRIVER_SPLC780D

?PR?KEY_SCAN?KEYPAD                             -----    -----      0017H    0003H
  +--> ?PR?_DELAY_MS?KEYPAD

?PR?LCD_CLEAR?LCD_DRIVER_SPLC780D               -----    -----      -----    -----
  +--> ?PR?_COMMAND?LCD_DRIVER_SPLC780D

?PR?_DISPLAYLCD?LCD_DRIVER_SPLC780D             -----    -----      0011H    0001H
  +--> ?PR?_WRITEDATA?LCD_DRIVER_SPLC780D

?PR?LCD_RETURN_HOME?LCD_DRIVER_SPLC780D         -----    -----      -----    -----
  +--> ?PR?_COMMAND?LCD_DRIVER_SPLC780D

?PR?_READ_TIME?PCF85063BTL                      -----    -----      0011H    000FH
  +--> ?PR?_SPI_READTIME?PCF85063BTL

?PR?_SPI_READTIME?PCF85063BTL                   -----    -----      -----    -----
  +--> ?PR?_SPI_SENDBYTE?PCF85063BTL
BL51 BANKED LINKER/LOCATER V6.22                                                      05/17/2018  11:40:10  PAGE 4


  +--> ?PR?SPI_RECEIVEBYTE?PCF85063BTL

?PR?SPI_RECEIVEBYTE?PCF85063BTL                 -----    -----      -----    -----
  +--> ?PR?_PCF85063BTL_DELAY?PCF85063BTL



SYMBOL TABLE OF MODULE:  .\Obj\GPIO_RTC_Test (MAIN)

  VALUE           TYPE          NAME
  ----------------------------------

  -------         MODULE        MAIN
  C:0000H         SYMBOL        _ICE_DUMMY_
  D:0080H         PUBLIC        P0
  D:0090H         PUBLIC        P1
  D:00A0H         PUBLIC        P2
  D:00B0H         PUBLIC        P3
  D:00C0H         PUBLIC        P4
  D:00C8H         PUBLIC        P5
  X:0028H         SYMBOL        PressedKey
  B:00A8H.7       PUBLIC        EA
  D:00E8H         PUBLIC        P6
  D:00F8H         PUBLIC        P7
  X:002CH         PUBLIC        RX_Data_Uart_Cnt
  D:00A8H         PUBLIC        IE
  D:00B8H         PUBLIC        IP
  B:0098H.0       PUBLIC        RI
  B:0098H.1       PUBLIC        TI
  C:06AFH         PUBLIC        Uart
  D:00D8H         PUBLIC        CCON
  C:03AAH         PUBLIC        main
  D:0099H         PUBLIC        SBUF
  D:0098H         PUBLIC        SCON
  D:0089H         PUBLIC        TMOD
  D:0088H         PUBLIC        TCON
  X:002EH         SYMBOL        KeyCount
  X:0030H         PUBLIC        Rec_data_hour
  X:0033H         PUBLIC        Rec_data_min
  D:008EH         PUBLIC        AUXR
  C:000AH         PUBLIC        tm0_isr
  B:0020H.0       PUBLIC        busy
  D:00E0H         PUBLIC        ACC
  B:00A8H.1       PUBLIC        ET0
  D:008CH         PUBLIC        TH0
  X:0036H         PUBLIC        hour_count
  D:008AH         PUBLIC        TL0
  X:0037H         PUBLIC        min_count
  B:0088H.4       PUBLIC        TR0
  X:0038H         SYMBOL        KeyNum
  X:0039H         SYMBOL        KeyNum_Old
  X:003AH         PUBLIC        st_time
  D:00D0H         PUBLIC        PSW
  C:0B05H         PUBLIC        _SendUART1
  -------         PROC          TM0_ISR
  C:000AH         LINE#         44
  C:000AH         LINE#         47
BL51 BANKED LINKER/LOCATER V6.22                                                      05/17/2018  11:40:10  PAGE 5


  -------         ENDPROC       TM0_ISR
  -------         PROC          MAIN
  -------         DO            
  X:0005H         SYMBOL        seconds
  X:0006H         SYMBOL        mins
  X:0007H         SYMBOL        hours
  X:0008H         SYMBOL        days
  X:0009H         SYMBOL        months
  X:0020H         SYMBOL        KeyCount
  X:0022H         SYMBOL        KeyNum_Old
  X:0023H         SYMBOL        KeyNum
  X:0024H         SYMBOL        PressedKey
  X:000AH         SYMBOL        count
  X:000CH         SYMBOL        numStr
  -------         ENDDO         
  C:03AAH         LINE#         49
  C:03AAH         LINE#         50
  C:03AAH         LINE#         55
  C:03B1H         LINE#         57
  C:03B4H         LINE#         58
  C:03B7H         LINE#         59
  C:03BAH         LINE#         60
  C:03BDH         LINE#         62
  C:03C0H         LINE#         63
  C:03C3H         LINE#         64
  C:03C6H         LINE#         65
  C:03C8H         LINE#         66
  C:03CAH         LINE#         67
  C:03CCH         LINE#         69
  C:03CEH         LINE#         70
  C:03D5H         LINE#         71
  C:03DCH         LINE#         72
  C:03E3H         LINE#         73
  C:03EAH         LINE#         77
  C:03F1H         LINE#         78
  C:03F6H         LINE#         79
  C:03FBH         LINE#         80
  C:0400H         LINE#         81
  C:0405H         LINE#         82
  C:040AH         LINE#         83
  C:040AH         LINE#         84
  C:040AH         LINE#         85
  C:040DH         LINE#         86
  C:041BH         LINE#         88
  C:041BH         LINE#         89
  C:0422H         LINE#         90
  C:042AH         LINE#         91
  C:042FH         LINE#         92
  C:0437H         LINE#         93
  C:043CH         LINE#         94
  C:0446H         LINE#         95
  C:044BH         LINE#         96
  C:0453H         LINE#         97
  C:0458H         LINE#         98
  C:0460H         LINE#         99
  C:0467H         LINE#         100
  C:046AH         LINE#         102
BL51 BANKED LINKER/LOCATER V6.22                                                      05/17/2018  11:40:10  PAGE 6


  C:046AH         LINE#         103
  C:04A5H         LINE#         107
  C:04B2H         LINE#         108
  C:04B2H         LINE#         109
  C:04BCH         LINE#         110
  C:04C6H         LINE#         111
  C:04CDH         LINE#         112
  C:04D5H         LINE#         113
  C:04DDH         LINE#         114
  -------         ENDPROC       MAIN
  -------         PROC          UART
  C:06AFH         LINE#         127
  C:06BCH         LINE#         129
  C:06BFH         LINE#         130
  C:06BFH         LINE#         131
  C:06CDH         LINE#         132
  C:06CFH         LINE#         133
  C:06E1H         LINE#         134
  C:06F0H         LINE#         135
  C:06FBH         LINE#         136
  C:06FBH         LINE#         139
  C:0708H         LINE#         140
  C:070EH         LINE#         141
  C:070EH         LINE#         142
  C:0714H         LINE#         143
  C:0722H         LINE#         144
  C:0730H         LINE#         145
  C:0738H         LINE#         150
  C:0738H         LINE#         151
  C:0738H         LINE#         154
  C:0738H         LINE#         155
  C:073BH         LINE#         156
  C:073BH         LINE#         157
  C:073DH         LINE#         158
  C:073FH         LINE#         159
  C:073FH         LINE#         160
  -------         ENDPROC       UART
  -------         PROC          _SENDUART1
  D:0007H         SYMBOL        dat
  C:0B05H         LINE#         163
  C:0B05H         LINE#         164
  C:0B05H         LINE#         165
  C:0B08H         LINE#         166
  C:0B0AH         LINE#         167
  C:0B0BH         LINE#         168
  C:0B0DH         LINE#         169
  -------         ENDPROC       _SENDUART1
  -------         ENDMOD        MAIN

  -------         MODULE        PCF85063BTL
  C:0000H         SYMBOL        _ICE_DUMMY_
  D:0096H         PUBLIC        P2M0
  D:0080H         PUBLIC        P0
  D:0095H         PUBLIC        P2M1
  D:0090H         PUBLIC        P1
  D:00A0H         PUBLIC        P2
  D:00B0H         PUBLIC        P3
BL51 BANKED LINKER/LOCATER V6.22                                                      05/17/2018  11:40:10  PAGE 7


  D:00C0H         PUBLIC        P4
  D:00C8H         PUBLIC        P5
  D:00E8H         PUBLIC        P6
  B:00A0H.2       PUBLIC        PCF85063BTL_SDI
  D:00F8H         PUBLIC        P7
  B:00A0H.1       PUBLIC        PCF85063BTL_SCK
  B:00A0H.2       PUBLIC        PCF85063BTL_SDO
  D:00A8H         PUBLIC        IE
  C:084BH         PUBLIC        _Read_time
  C:0A91H         PUBLIC        _PCF85063BTL_Delay
  D:00B8H         PUBLIC        IP
  D:00D8H         PUBLIC        CCON
  C:0A01H         PUBLIC        SPI_ReceiveByte
  D:0098H         PUBLIC        SCON
  D:0088H         PUBLIC        TCON
  B:00A0H.0       PUBLIC        PCF85063BTL_CS
  C:0AB3H         PUBLIC        _SPI_ReadTime
  C:0AE4H         PUBLIC        SPI_Init
  C:0A5CH         PUBLIC        _SPI_WriteTime
  C:09E1H         PUBLIC        _SPI_SendByte
  D:00D0H         PUBLIC        PSW
  C:0A8DH         SYMBOL        L?0021
  -------         PROC          L?0020
  -------         ENDPROC       L?0020
  C:0A8DH         SYMBOL        L?0021
  -------         PROC          _PCF85063BTL_DELAY
  D:0006H         SYMBOL        us
  C:0A91H         LINE#         8
  C:0A91H         LINE#         9
  C:0A91H         LINE#         10
  C:0A9BH         LINE#         11
  C:0A9BH         LINE#         12
  C:0A9CH         LINE#         13
  C:0A9EH         LINE#         14
  -------         ENDPROC       _PCF85063BTL_DELAY
  -------         PROC          _SPI_SENDBYTE
  D:0005H         SYMBOL        dat
  -------         DO            
  D:0003H         SYMBOL        i
  -------         ENDDO         
  C:09E1H         LINE#         17
  C:09E3H         LINE#         18
  C:09E3H         LINE#         20
  C:09E5H         LINE#         21
  C:09E5H         LINE#         22
  C:09E7H         LINE#         23
  C:09EBH         LINE#         24
  C:09EBH         LINE#         25
  C:09EDH         LINE#         26
  C:09EFH         LINE#         28
  C:09EFH         LINE#         29
  C:09F1H         LINE#         30
  C:09F1H         LINE#         31
  C:09F4H         LINE#         32
  C:09F4H         LINE#         33
  C:09F7H         LINE#         34
  C:09FBH         LINE#         35
BL51 BANKED LINKER/LOCATER V6.22                                                      05/17/2018  11:40:10  PAGE 8


  C:0A00H         LINE#         36
  -------         ENDPROC       _SPI_SENDBYTE
  -------         PROC          SPI_RECEIVEBYTE
  -------         DO            
  D:0003H         SYMBOL        i
  D:0005H         SYMBOL        dat
  -------         ENDDO         
  C:0A01H         LINE#         39
  C:0A01H         LINE#         40
  C:0A01H         LINE#         42
  C:0A03H         LINE#         44
  C:0A05H         LINE#         45
  C:0A06H         LINE#         46
  C:0A06H         LINE#         47
  C:0A0AH         LINE#         48
  C:0A0CH         LINE#         49
  C:0A0FH         LINE#         51
  C:0A12H         LINE#         52
  C:0A12H         LINE#         53
  C:0A16H         LINE#         54
  C:0A16H         LINE#         55
  C:0A16H         LINE#         56
  C:0A19H         LINE#         57
  C:0A1EH         LINE#         58
  C:0A20H         LINE#         59
  -------         ENDPROC       SPI_RECEIVEBYTE
  -------         PROC          _SPI_READTIME
  D:0007H         SYMBOL        addr
  -------         DO            
  D:0006H         SYMBOL        dat
  -------         ENDDO         
  C:0AB3H         LINE#         61
  C:0AB3H         LINE#         62
  C:0AB3H         LINE#         64
  C:0AB5H         LINE#         65
  C:0AB7H         LINE#         66
  C:0ABEH         LINE#         67
  C:0AC1H         LINE#         68
  C:0AC3H         LINE#         69
  C:0AC3H         LINE#         70
  -------         ENDPROC       _SPI_READTIME
  -------         PROC          _SPI_WRITETIME
  D:0002H         SYMBOL        val
  D:0005H         SYMBOL        addr
  C:0A5CH         LINE#         71
  C:0A5EH         LINE#         72
  C:0A5EH         LINE#         74
  C:0A60H         LINE#         75
  C:0A67H         LINE#         76
  C:0A6CH         LINE#         77
  C:0A71H         LINE#         78
  C:0A73H         LINE#         79
  -------         ENDPROC       _SPI_WRITETIME
  -------         PROC          SPI_INIT
  C:0AE4H         LINE#         83
  C:0AE4H         LINE#         84
  C:0AE4H         LINE#         89
BL51 BANKED LINKER/LOCATER V6.22                                                      05/17/2018  11:40:10  PAGE 9


  C:0AE7H         LINE#         90
  C:0AEAH         LINE#         91
  C:0AECH         LINE#         92
  C:0AEEH         LINE#         93
  C:0AF0H         LINE#         94
  -------         ENDPROC       SPI_INIT
  -------         PROC          _READ_TIME
  X:0011H         SYMBOL        months
  X:0014H         SYMBOL        days
  X:0017H         SYMBOL        hours
  X:001AH         SYMBOL        mins
  X:001DH         SYMBOL        seconds
  C:084BH         LINE#         96
  C:0856H         LINE#         97
  C:0856H         LINE#         99
  C:086AH         LINE#         101
  C:087EH         LINE#         103
  C:0892H         LINE#         108
  C:08A6H         LINE#         113
  -------         ENDPROC       _READ_TIME
  -------         ENDMOD        PCF85063BTL

  -------         MODULE        UART1
  C:0000H         SYMBOL        _ICE_DUMMY_
  D:0080H         PUBLIC        P0
  D:0090H         PUBLIC        P1
  D:00A0H         PUBLIC        P2
  D:00B0H         PUBLIC        P3
  D:00C0H         PUBLIC        P4
  D:00C8H         PUBLIC        P5
  B:00A8H.7       PUBLIC        EA
  D:00E8H         PUBLIC        P6
  D:00F8H         PUBLIC        P7
  C:098AH         PUBLIC        _SendString
  D:00A8H         PUBLIC        IE
  B:00A8H.4       PUBLIC        ES
  D:00B8H         PUBLIC        IP
  C:0A74H         PUBLIC        _ASCIItoBCD
  D:00D8H         PUBLIC        CCON
  C:0AC4H         PUBLIC        initUART1
  D:0098H         PUBLIC        SCON
  D:0088H         PUBLIC        TCON
  C:0B1EH         PUBLIC        _DectoBCD
  C:0B19H         PUBLIC        _ASCII_Letter
  D:008EH         PUBLIC        AUXR
  C:0B14H         PUBLIC        _unit
  C:0B0EH         PUBLIC        _ten
  D:00D6H         PUBLIC        T2H
  D:00D7H         PUBLIC        T2L
  D:00D0H         PUBLIC        PSW
  -------         PROC          INITUART1
  C:0AC4H         LINE#         21
  C:0AC4H         LINE#         22
  C:0AC4H         LINE#         23
  C:0AC7H         LINE#         24
  C:0ACAH         LINE#         25
  C:0ACDH         LINE#         26
BL51 BANKED LINKER/LOCATER V6.22                                                      05/17/2018  11:40:10  PAGE 10


  C:0AD0H         LINE#         27
  C:0AD2H         LINE#         28
  C:0AD4H         LINE#         30
  -------         ENDPROC       INITUART1
  -------         PROC          _SENDSTRING
  X:0045H         SYMBOL        s
  C:098AH         LINE#         35
  C:0995H         LINE#         36
  C:0995H         LINE#         37
  C:09A5H         LINE#         38
  C:09A5H         LINE#         39
  C:09BAH         LINE#         40
  C:09BCH         LINE#         41
  -------         ENDPROC       _SENDSTRING
  -------         PROC          _TEN
  D:0007H         SYMBOL        BCD
  C:0B0EH         LINE#         43
  C:0B0EH         LINE#         44
  C:0B0EH         LINE#         45
  C:0B13H         LINE#         46
  -------         ENDPROC       _TEN
  -------         PROC          _UNIT
  D:0007H         SYMBOL        BCD
  C:0B14H         LINE#         47
  C:0B14H         LINE#         48
  C:0B14H         LINE#         52
  C:0B18H         LINE#         53
  -------         ENDPROC       _UNIT
  -------         PROC          _DECTOBCD
  D:0007H         SYMBOL        dec
  C:0B1EH         LINE#         54
  C:0B1EH         LINE#         55
  C:0B1EH         LINE#         57
  C:0B1EH         LINE#         58
  -------         ENDPROC       _DECTOBCD
  -------         PROC          _ASCII_LETTER
  D:0007H         SYMBOL        dat
  C:0B19H         LINE#         60
  C:0B19H         LINE#         61
  C:0B19H         LINE#         63
  C:0B1DH         LINE#         64
  -------         ENDPROC       _ASCII_LETTER
  -------         PROC          _ASCIITOBCD
  D:0001H         SYMBOL        ascii
  -------         DO            
  D:0007H         SYMBOL        dec_val
  D:0006H         SYMBOL        ten
  D:0007H         SYMBOL        unit
  -------         ENDDO         
  C:0A74H         LINE#         66
  C:0A74H         LINE#         67
  C:0A74H         LINE#         69
  C:0A77H         LINE#         70
  C:0A7DH         LINE#         71
  C:0A84H         LINE#         72
  C:0A8AH         LINE#         74
  -------         ENDPROC       _ASCIITOBCD
BL51 BANKED LINKER/LOCATER V6.22                                                      05/17/2018  11:40:10  PAGE 11


  -------         ENDMOD        UART1

  -------         MODULE        LCD_DRIVER_SPLC780D
  C:0000H         SYMBOL        _ICE_DUMMY_
  D:0080H         PUBLIC        P0
  D:0090H         PUBLIC        P1
  D:00A0H         PUBLIC        P2
  D:00B0H         PUBLIC        P3
  D:00C0H         PUBLIC        P4
  D:00C8H         PUBLIC        P5
  D:00E8H         PUBLIC        P6
  D:00F8H         PUBLIC        P7
  C:07D6H         PUBLIC        _WriteData
  D:00A8H         PUBLIC        IE
  D:00B8H         PUBLIC        IP
  D:00D8H         PUBLIC        CCON
  B:0090H.4       PUBLIC        LCD_D4
  B:0090H.5       PUBLIC        LCD_D5
  B:0090H.6       PUBLIC        LCD_D6
  C:0A3FH         PUBLIC        _DisplayLCD
  B:0090H.7       PUBLIC        LCD_D7
  D:0098H         PUBLIC        SCON
  D:0088H         PUBLIC        TCON
  C:0AFBH         PUBLIC        LCD_clear
  C:090EH         PUBLIC        _Command
  C:000EH         PUBLIC        _Display_Line
  C:08BAH         PUBLIC        LCD_Init
  C:09C3H         PUBLIC        _Wait_ms
  B:0090H.1       PUBLIC        LCD_RS
  B:0090H.2       PUBLIC        LCD_RW
  C:0AF1H         PUBLIC        LCD_return_home
  B:0090H.3       PUBLIC        LCD_E
  D:00D0H         PUBLIC        PSW
  -------         PROC          LCD_INIT
  C:08BAH         LINE#         9
  C:08BAH         LINE#         10
  C:08BAH         LINE#         12
  C:08C1H         LINE#         13
  C:08C6H         LINE#         15
  C:08CDH         LINE#         16
  C:08D2H         LINE#         18
  C:08D5H         LINE#         19
  C:08DAH         LINE#         21
  C:08DDH         LINE#         22
  C:08E2H         LINE#         24
  C:08E9H         LINE#         27
  C:08EEH         LINE#         28
  C:08F3H         LINE#         30
  C:08F8H         LINE#         31
  C:08FDH         LINE#         33
  C:0902H         LINE#         34
  C:0907H         LINE#         35
  -------         ENDPROC       LCD_INIT
  -------         PROC          _WRITEDATA
  X:0017H         SYMBOL        dat
  C:07D6H         LINE#         38
  C:07DBH         LINE#         39
BL51 BANKED LINKER/LOCATER V6.22                                                      05/17/2018  11:40:10  PAGE 12


  C:07DBH         LINE#         44
  C:07DDH         LINE#         45
  C:07DFH         LINE#         47
  C:07EDH         LINE#         48
  C:07F9H         LINE#         49
  C:0805H         LINE#         50
  C:080FH         LINE#         51
  C:0811H         LINE#         52
  C:0818H         LINE#         53
  C:081AH         LINE#         55
  C:082AH         LINE#         56
  C:0835H         LINE#         57
  C:083FH         LINE#         58
  C:0843H         LINE#         60
  C:0843H         LINE#         61
  C:0846H         LINE#         62
  C:0848H         LINE#         63
  C:084AH         LINE#         65
  -------         ENDPROC       _WRITEDATA
  -------         PROC          _COMMAND
  D:0007H         SYMBOL        dat
  C:090EH         LINE#         67
  C:090EH         LINE#         68
  C:090EH         LINE#         69
  C:0910H         LINE#         70
  C:0912H         LINE#         72
  C:091CH         LINE#         73
  C:0920H         LINE#         75
  C:0922H         LINE#         76
  C:092BH         LINE#         77
  C:092FH         LINE#         79
  C:0931H         LINE#         80
  C:0938H         LINE#         81
  C:093CH         LINE#         83
  C:093EH         LINE#         84
  C:0942H         LINE#         85
  C:0946H         LINE#         87
  C:0948H         LINE#         88
  C:0948H         LINE#         89
  C:094BH         LINE#         90
  C:094DH         LINE#         91
  -------         ENDPROC       _COMMAND
  C:09BFH         SYMBOL        L?0028
  -------         PROC          L?0027
  -------         ENDPROC       L?0027
  C:09BFH         SYMBOL        L?0028
  -------         PROC          _WAIT_MS
  D:0006H         SYMBOL        ms
  -------         DO            
  D:0004H         SYMBOL        De_Cnt
  -------         ENDDO         
  C:09C3H         LINE#         93
  C:09C3H         LINE#         94
  C:09C3H         LINE#         96
  C:09CDH         LINE#         97
  C:09CDH         LINE#         98
  C:09E0H         LINE#         99
BL51 BANKED LINKER/LOCATER V6.22                                                      05/17/2018  11:40:10  PAGE 13


  C:09E0H         LINE#         100
  -------         ENDPROC       _WAIT_MS
  -------         PROC          _DISPLAYLCD
  D:0007H         SYMBOL        BCD
  -------         DO            
  D:0006H         SYMBOL        first_digit
  X:0011H         SYMBOL        second_digit
  -------         ENDDO         
  C:0A3FH         LINE#         101
  C:0A3FH         LINE#         102
  C:0A3FH         LINE#         104
  C:0A46H         LINE#         105
  C:0A4FH         LINE#         107
  C:0A54H         LINE#         109
  -------         ENDPROC       _DISPLAYLCD
  -------         PROC          LCD_RETURN_HOME
  C:0AF1H         LINE#         113
  C:0AF1H         LINE#         114
  C:0AF1H         LINE#         115
  C:0AF6H         LINE#         116
  -------         ENDPROC       LCD_RETURN_HOME
  -------         PROC          LCD_CLEAR
  C:0AFBH         LINE#         119
  C:0AFBH         LINE#         120
  C:0AFBH         LINE#         121
  C:0B00H         LINE#         122
  -------         ENDPROC       LCD_CLEAR
  -------         PROC          _DISPLAY_LINE
  D:0006H         SYMBOL        line
  C:000EH         LINE#         126
  C:000EH         LINE#         127
  C:000EH         LINE#         128
  C:0014H         LINE#         129
  C:0014H         LINE#         130
  C:0016H         LINE#         131
  C:0016H         LINE#         132
  C:0018H         LINE#         134
  C:0018H         LINE#         135
  C:001DH         LINE#         136
  C:0022H         LINE#         137
  C:0022H         LINE#         138
  -------         ENDPROC       _DISPLAY_LINE
  -------         ENDMOD        LCD_DRIVER_SPLC780D

  -------         MODULE        KEYPAD
  C:0000H         SYMBOL        _ICE_DUMMY_
  D:0093H         PUBLIC        P0M1
  D:0080H         PUBLIC        P0
  D:0090H         PUBLIC        P1
  D:00A0H         PUBLIC        P2
  D:00B0H         PUBLIC        P3
  D:00C0H         PUBLIC        P4
  D:00C8H         PUBLIC        P5
  D:00E8H         PUBLIC        P6
  D:00F8H         PUBLIC        P7
  D:00A8H         PUBLIC        IE
  C:026FH         PUBLIC        Key_Scan
BL51 BANKED LINKER/LOCATER V6.22                                                      05/17/2018  11:40:10  PAGE 14


  D:00B8H         PUBLIC        IP
  D:00D8H         PUBLIC        CCON
  C:0003H         PUBLIC        KeyPad_IO_Init
  C:0A21H         PUBLIC        _Delay_ms
  D:0098H         PUBLIC        SCON
  D:0088H         PUBLIC        TCON
  C:0026H         PUBLIC        Key_Process
  D:00D0H         PUBLIC        PSW
  D:0094H         PUBLIC        P0M0
  -------         PROC          _DELAY_MS
  D:0006H         SYMBOL        ms
  -------         DO            
  D:0004H         SYMBOL        De_Cnt
  -------         ENDDO         
  C:0A21H         LINE#         13
  C:0A21H         LINE#         14
  C:0A21H         LINE#         16
  C:0A2BH         LINE#         17
  C:0A2BH         LINE#         18
  C:0A3EH         LINE#         19
  C:0A3EH         LINE#         20
  -------         ENDPROC       _DELAY_MS
  -------         PROC          KEY_SCAN
  -------         DO            
  X:0017H         SYMBOL        KeyTemp1
  X:0018H         SYMBOL        KeyTemp2
  X:0019H         SYMBOL        KeyValue
  -------         ENDDO         
  C:026FH         LINE#         21
  C:026FH         LINE#         22
  C:026FH         LINE#         27
  C:0272H         LINE#         30
  C:0275H         LINE#         32
  C:027DH         LINE#         33
  C:0284H         LINE#         34
  C:0284H         LINE#         35
  C:028BH         LINE#         36
  C:0290H         LINE#         37
  C:0297H         LINE#         38
  C:0297H         LINE#         41
  C:029AH         LINE#         42
  C:029DH         LINE#         43
  C:02A2H         LINE#         44
  C:02A6H         LINE#         45
  C:02A6H         LINE#         46
  C:02AEH         LINE#         47
  C:02AEH         LINE#         48
  C:02B1H         LINE#         49
  C:02B9H         LINE#         50
  C:02BBH         LINE#         52
  C:02CFH         LINE#         53
  C:02CFH         LINE#         54
  C:02CFH         LINE#         55
  C:02CFH         LINE#         56
  C:02D5H         LINE#         58
  C:02D7H         LINE#         59
  C:02D7H         LINE#         60
BL51 BANKED LINKER/LOCATER V6.22                                                      05/17/2018  11:40:10  PAGE 15


  C:02D7H         LINE#         61
  C:02DDH         LINE#         63
  C:02DFH         LINE#         64
  C:02DFH         LINE#         65
  C:02DFH         LINE#         66
  C:02E5H         LINE#         68
  C:02E7H         LINE#         69
  C:02E7H         LINE#         70
  C:02E7H         LINE#         71
  C:02EDH         LINE#         73
  C:02EDH         LINE#         74
  C:02EDH         LINE#         75
  C:02EDH         LINE#         78
  C:02F0H         LINE#         79
  C:02F3H         LINE#         80
  C:02FBH         LINE#         81
  C:02FFH         LINE#         82
  C:02FFH         LINE#         83
  C:0307H         LINE#         84
  C:0307H         LINE#         85
  C:030AH         LINE#         86
  C:0312H         LINE#         87
  C:0314H         LINE#         88
  C:0328H         LINE#         89
  C:0328H         LINE#         90
  C:0328H         LINE#         91
  C:0328H         LINE#         92
  C:032EH         LINE#         94
  C:0330H         LINE#         95
  C:0330H         LINE#         96
  C:0330H         LINE#         97
  C:0336H         LINE#         99
  C:0338H         LINE#         100
  C:0338H         LINE#         101
  C:0338H         LINE#         102
  C:033EH         LINE#         104
  C:0340H         LINE#         105
  C:0340H         LINE#         106
  C:0340H         LINE#         107
  C:0345H         LINE#         109
  C:0345H         LINE#         110
  C:0345H         LINE#         111
  C:0345H         LINE#         114
  C:0348H         LINE#         115
  C:034BH         LINE#         116
  C:0353H         LINE#         117
  C:0357H         LINE#         118
  C:0357H         LINE#         119
  C:035FH         LINE#         120
  C:035FH         LINE#         121
  C:0362H         LINE#         122
  C:036AH         LINE#         123
  C:036CH         LINE#         124
  C:0380H         LINE#         125
  C:0380H         LINE#         126
  C:0380H         LINE#         127
  C:0380H         LINE#         128
BL51 BANKED LINKER/LOCATER V6.22                                                      05/17/2018  11:40:10  PAGE 16


  C:0386H         LINE#         130
  C:0388H         LINE#         131
  C:0388H         LINE#         132
  C:0388H         LINE#         133
  C:038EH         LINE#         135
  C:0390H         LINE#         136
  C:0390H         LINE#         137
  C:0390H         LINE#         138
  C:0396H         LINE#         140
  C:0398H         LINE#         141
  C:0398H         LINE#         142
  C:0398H         LINE#         143
  C:039EH         LINE#         145
  C:039EH         LINE#         146
  C:039EH         LINE#         147
  C:039EH         LINE#         148
  C:03A4H         LINE#         149
  C:03A4H         LINE#         151
  C:03A4H         LINE#         152
  C:03A7H         LINE#         153
  C:03A7H         LINE#         154
  C:03A7H         LINE#         156
  C:03A7H         LINE#         157
  C:03A9H         LINE#         158
  C:03A9H         LINE#         159
  -------         ENDPROC       KEY_SCAN
  -------         PROC          KEY_PROCESS
  -------         DO            
  X:003CH         SYMBOL        KeyCount
  X:003EH         SYMBOL        KeyNum_Old
  X:003FH         SYMBOL        KeyNum
  X:0040H         SYMBOL        PressedKey
  X:0011H         SYMBOL        d
  D:0004H         SYMBOL        hours
  D:0006H         SYMBOL        mins
  X:0013H         SYMBOL        months
  X:0015H         SYMBOL        days
  -------         ENDDO         
  C:0026H         LINE#         160
  C:0026H         LINE#         161
  C:0026H         LINE#         165
  C:002EH         LINE#         166
  C:0036H         LINE#         168
  C:004BH         LINE#         169
  C:004BH         LINE#         170
  C:005DH         LINE#         171
  C:006BH         LINE#         172
  C:007AH         LINE#         173
  C:007AH         LINE#         175
  C:0080H         LINE#         177
  C:0096H         LINE#         178
  C:00A7H         LINE#         179
  C:00C2H         LINE#         180
  C:00C2H         LINE#         181
  C:00D2H         LINE#         182
  C:00E3H         LINE#         183
  C:00E3H         LINE#         185
BL51 BANKED LINKER/LOCATER V6.22                                                      05/17/2018  11:40:10  PAGE 17


  C:00FCH         LINE#         186
  C:0113H         LINE#         187
  C:0133H         LINE#         188
  C:0133H         LINE#         189
  C:013DH         LINE#         190
  C:013DH         LINE#         191
  C:0146H         LINE#         192
  C:0146H         LINE#         193
  C:015AH         LINE#         194
  C:015AH         LINE#         195
  C:015AH         LINE#         196
  C:015AH         LINE#         197
  C:015AH         LINE#         198
  C:015CH         LINE#         200
  C:015CH         LINE#         201
  C:0168H         LINE#         202
  C:0168H         LINE#         203
  C:0179H         LINE#         204
  C:0179H         LINE#         205
  C:0179H         LINE#         206
  C:0179H         LINE#         207
  C:0179H         LINE#         209
  C:017BH         LINE#         211
  C:017BH         LINE#         212
  C:018CH         LINE#         213
  C:018CH         LINE#         214
  C:018CH         LINE#         215
  C:018CH         LINE#         216
  C:018CH         LINE#         218
  C:018CH         LINE#         220
  C:018CH         LINE#         221
  C:018EH         LINE#         223
  C:018EH         LINE#         224
  C:01A1H         LINE#         225
  C:01A1H         LINE#         226
  C:01B2H         LINE#         227
  C:01B2H         LINE#         228
  C:01B2H         LINE#         229
  C:01B2H         LINE#         230
  C:01B2H         LINE#         231
  C:01B4H         LINE#         233
  C:01B4H         LINE#         234
  C:01C5H         LINE#         235
  C:01C5H         LINE#         236
  C:01D6H         LINE#         237
  C:01E7H         LINE#         238
  C:01E7H         LINE#         239
  C:01E7H         LINE#         240
  C:01E7H         LINE#         241
  C:01E7H         LINE#         242
  C:01EAH         LINE#         243
  C:01EFH         LINE#         244
  C:01F4H         LINE#         245
  C:01F9H         LINE#         246
  C:01FEH         LINE#         247
  C:0203H         LINE#         248
  C:0208H         LINE#         249
BL51 BANKED LINKER/LOCATER V6.22                                                      05/17/2018  11:40:10  PAGE 18


  C:020DH         LINE#         250
  C:020DH         LINE#         252
  C:022FH         LINE#         253
  C:022FH         LINE#         254
  C:0239H         LINE#         255
  C:0239H         LINE#         256
  C:023EH         LINE#         257
  C:0247H         LINE#         258
  C:025EH         LINE#         259
  C:025EH         LINE#         260
  C:026EH         LINE#         262
  C:026EH         LINE#         266
  -------         ENDPROC       KEY_PROCESS
  -------         PROC          KEYPAD_IO_INIT
  C:0003H         LINE#         269
  C:0003H         LINE#         270
  C:0003H         LINE#         271
  C:0006H         LINE#         272
  C:0009H         LINE#         273
  -------         ENDPROC       KEYPAD_IO_INIT
  -------         ENDMOD        KEYPAD

  -------         MODULE        ?C_STARTUP
  C:074AH         SEGMENT       ?C_C51STARTUP
  I:0021H         SEGMENT       ?STACK
  C:0000H         PUBLIC        ?C_STARTUP
  D:00E0H         SYMBOL        ACC
  D:00F0H         SYMBOL        B
  D:0083H         SYMBOL        DPH
  D:0082H         SYMBOL        DPL
  N:0000H         SYMBOL        IBPSTACK
  N:0100H         SYMBOL        IBPSTACKTOP
  N:0080H         SYMBOL        IDATALEN
  C:074DH         SYMBOL        IDATALOOP
  N:0000H         SYMBOL        PBPSTACK
  N:0100H         SYMBOL        PBPSTACKTOP
  N:0000H         SYMBOL        PDATALEN
  N:0000H         SYMBOL        PDATASTART
  N:0000H         SYMBOL        PPAGE
  N:0000H         SYMBOL        PPAGEENABLE
  D:00A0H         SYMBOL        PPAGE_SFR
  D:0081H         SYMBOL        SP
  C:074AH         SYMBOL        STARTUP1
  N:0000H         SYMBOL        XBPSTACK
  N:0000H         SYMBOL        XBPSTACKTOP
  N:0000H         SYMBOL        XDATALEN
  N:0000H         SYMBOL        XDATASTART
  C:0000H         LINE#         126
  C:074AH         LINE#         133
  C:074CH         LINE#         134
  C:074DH         LINE#         135
  C:074EH         LINE#         136
  C:0750H         LINE#         185
  C:0753H         LINE#         196
  -------         ENDMOD        ?C_STARTUP

  -------         MODULE        ?C?CLDPTR
BL51 BANKED LINKER/LOCATER V6.22                                                      05/17/2018  11:40:10  PAGE 19


  C:04E0H         PUBLIC        ?C?CLDPTR
  -------         ENDMOD        ?C?CLDPTR

  -------         MODULE        ?C?CSTPTR
  C:04F9H         PUBLIC        ?C?CSTPTR
  -------         ENDMOD        ?C?CSTPTR

  -------         MODULE        ?C?SIDIV
  C:050BH         PUBLIC        ?C?SIDIV
  -------         ENDMOD        ?C?SIDIV

  -------         MODULE        ?C?ILDIX
  C:0541H         PUBLIC        ?C?ILDIX
  -------         ENDMOD        ?C?ILDIX

  -------         MODULE        ATOI
  C:05D4H         PUBLIC        _atoi
  -------         ENDMOD        ATOI

  -------         MODULE        ?C?IMUL
  C:0557H         PUBLIC        ?C?IMUL
  -------         ENDMOD        ?C?IMUL

  -------         MODULE        ?C?UIDIV
  C:0569H         PUBLIC        ?C?UIDIV
  -------         ENDMOD        ?C?UIDIV

  -------         MODULE        ?C?IILDX
  C:05BEH         PUBLIC        ?C?IILDX
  -------         ENDMOD        ?C?IILDX

  -------         MODULE        ISDIGIT
  C:0AD5H         PUBLIC        _isdigit
  -------         ENDMOD        ISDIGIT

  -------         MODULE        ISSPACE
  C:0A9FH         PUBLIC        _isspace
  -------         ENDMOD        ISSPACE

*** WARNING L16: UNCALLED SEGMENT, IGNORED FOR OVERLAY PROCESS
    SEGMENT: ?PR?_SENDSTRING?UART1

*** WARNING L16: UNCALLED SEGMENT, IGNORED FOR OVERLAY PROCESS
    SEGMENT: ?PR?_TEN?UART1

*** WARNING L16: UNCALLED SEGMENT, IGNORED FOR OVERLAY PROCESS
    SEGMENT: ?PR?_UNIT?UART1

*** WARNING L16: UNCALLED SEGMENT, IGNORED FOR OVERLAY PROCESS
    SEGMENT: ?PR?_DECTOBCD?UART1

*** WARNING L16: UNCALLED SEGMENT, IGNORED FOR OVERLAY PROCESS
    SEGMENT: ?PR?_ASCII_LETTER?UART1

Program Size: data=17.2 xdata=72 code=2847
LINK/LOCATE RUN COMPLETE.  5 WARNING(S),  0 ERROR(S)
