BL51 BANKED LINKER/LOCATER V6.22                                                        02/22/2019  16:01:06  PAGE 1


BL51 BANKED LINKER/LOCATER V6.22, INVOKED BY:
C:\KEIL_V5\C51\BIN\BL51.EXE .\Obj\main.obj, .\Obj\PCF85063BTL.obj, .\Obj\UART1.obj, .\Obj\LCd_Driver_SPLC780D.obj, .\Obj
>> \KeyPad.obj, .\Obj\BipolarMotor.obj, .\Obj\SunPos.obj, .\Obj\ADC.obj, .\Obj\Calibration.obj, .\Obj\IOExpander_PI4IOE5
>> V96248.obj, .\Obj\AT25SF041.obj, .\Obj\STARTUP.obj TO .\Obj\GPIO_RTC_Test PRINT (.\Lis\GPIO_RTC_Test.m51) RAMSIZE (25
>> 6)


MEMORY MODEL: LARGE WITH FLOATING POINT ARITHMETIC


INPUT MODULES INCLUDED:
  .\Obj\main.obj (MAIN)
  .\Obj\PCF85063BTL.obj (PCF85063BTL)
  .\Obj\UART1.obj (UART1)
  .\Obj\LCd_Driver_SPLC780D.obj (LCD_DRIVER_SPLC780D)
  .\Obj\KeyPad.obj (KEYPAD)
  .\Obj\BipolarMotor.obj (BIPOLARMOTOR)
  .\Obj\SunPos.obj (SUNPOS)
  .\Obj\ADC.obj (ADC)
  .\Obj\Calibration.obj (CALIBRATION)
  .\Obj\IOExpander_PI4IOE5V96248.obj (IOEXPANDER_PI4IOE5V96248)
  .\Obj\AT25SF041.obj (AT25SF041)
  .\Obj\STARTUP.obj (?C_STARTUP)
  C:\KEIL_V5\C51\LIB\C51FPL.LIB (?C?FPADD)
  C:\KEIL_V5\C51\LIB\C51FPL.LIB (?C?FPMUL)
  C:\KEIL_V5\C51\LIB\C51FPL.LIB (?C?FPDIV)
  C:\KEIL_V5\C51\LIB\C51FPL.LIB (?C?FPCMP)
  C:\KEIL_V5\C51\LIB\C51FPL.LIB (?C?FPNEG)
  C:\KEIL_V5\C51\LIB\C51FPL.LIB (?C?FCAST)
  C:\KEIL_V5\C51\LIB\C51FPL.LIB (?C?CASTF)
  C:\KEIL_V5\C51\LIB\C51FPL.LIB (ATAN2)
  C:\KEIL_V5\C51\LIB\C51FPL.LIB (SIN)
  C:\KEIL_V5\C51\LIB\C51FPL.LIB (ACOS)
  C:\KEIL_V5\C51\LIB\C51FPL.LIB (ASIN)
  C:\KEIL_V5\C51\LIB\C51FPL.LIB (?C?FPGETOPN)
  C:\KEIL_V5\C51\LIB\C51FPL.LIB (?C?FPSERIES)
  C:\KEIL_V5\C51\LIB\C51FPL.LIB (SQRT)
  C:\KEIL_V5\C51\LIB\C51FPL.LIB (ATAN)
  C:\KEIL_V5\C51\LIB\C51L.LIB (?C_INIT)
  C:\KEIL_V5\C51\LIB\C51L.LIB (?C?COPY)
  C:\KEIL_V5\C51\LIB\C51L.LIB (?C?CLDPTR)
  C:\KEIL_V5\C51\LIB\C51L.LIB (?C?CLDOPTR)
  C:\KEIL_V5\C51\LIB\C51L.LIB (?C?CSTPTR)
  C:\KEIL_V5\C51\LIB\C51L.LIB (?C?IMUL)
  C:\KEIL_V5\C51\LIB\C51L.LIB (?C?UIDIV)
  C:\KEIL_V5\C51\LIB\C51L.LIB (?C?SIDIV)
  C:\KEIL_V5\C51\LIB\C51L.LIB (?C?ILDIX)
  C:\KEIL_V5\C51\LIB\C51L.LIB (?C?ILDOPTR)
  C:\KEIL_V5\C51\LIB\C51L.LIB (?C?ISTPTR)
  C:\KEIL_V5\C51\LIB\C51L.LIB (?C?LMUL)
  C:\KEIL_V5\C51\LIB\C51L.LIB (?C?SLDIV)
  C:\KEIL_V5\C51\LIB\C51L.LIB (?C?LNEG)
  C:\KEIL_V5\C51\LIB\C51L.LIB (?C?ULCMP)
  C:\KEIL_V5\C51\LIB\C51L.LIB (?C?LSHL)
  C:\KEIL_V5\C51\LIB\C51L.LIB (?C?LLDPTR)
  C:\KEIL_V5\C51\LIB\C51L.LIB (?C?LLDOPTR)
  C:\KEIL_V5\C51\LIB\C51L.LIB (?C?LSTPTR)
  C:\KEIL_V5\C51\LIB\C51L.LIB (?C?LSTOPTR)
BL51 BANKED LINKER/LOCATER V6.22                                                      02/22/2019  16:01:06  PAGE 2


  C:\KEIL_V5\C51\LIB\C51L.LIB (?C?LLDXDATA)
  C:\KEIL_V5\C51\LIB\C51L.LIB (?C?LLDCODE)
  C:\KEIL_V5\C51\LIB\C51L.LIB (?C?LLDXDATA0)
  C:\KEIL_V5\C51\LIB\C51L.LIB (?C?LLDCODE0)
  C:\KEIL_V5\C51\LIB\C51L.LIB (?C?LLDPTR0)
  C:\KEIL_V5\C51\LIB\C51L.LIB (?C?LSTXDATA)
  C:\KEIL_V5\C51\LIB\C51L.LIB (?C?LSTKXDATA)
  C:\KEIL_V5\C51\LIB\C51L.LIB (?C?LSTKPTR)
  C:\KEIL_V5\C51\LIB\C51L.LIB (?C?OFFXADD)
  C:\KEIL_V5\C51\LIB\C51L.LIB (ABS)
  C:\KEIL_V5\C51\LIB\C51L.LIB (ATOI)
  C:\KEIL_V5\C51\LIB\C51L.LIB (?C?IILDX)
  C:\KEIL_V5\C51\LIB\C51L.LIB (?C?ULDIV)
  C:\KEIL_V5\C51\LIB\C51L.LIB (?C?LLDIDATA)
  C:\KEIL_V5\C51\LIB\C51L.LIB (?C?LLDPDATA)
  C:\KEIL_V5\C51\LIB\C51L.LIB (?C?LLDIDATA0)
  C:\KEIL_V5\C51\LIB\C51L.LIB (?C?LLDPDATA0)
  C:\KEIL_V5\C51\LIB\C51L.LIB (?C?LSTIDATA)
  C:\KEIL_V5\C51\LIB\C51L.LIB (?C?LSTPDATA)
  C:\KEIL_V5\C51\LIB\C51L.LIB (?C?LSTKIDATA)
  C:\KEIL_V5\C51\LIB\C51L.LIB (?C?LSTKPDATA)
  C:\KEIL_V5\C51\LIB\C51L.LIB (ISDIGIT)
  C:\KEIL_V5\C51\LIB\C51L.LIB (ISSPACE)


LINK MAP OF MODULE:  .\Obj\GPIO_RTC_Test (MAIN)


            TYPE    BASE      LENGTH    RELOCATION   SEGMENT NAME
            -----------------------------------------------------

            * * * * * * *   D A T A   M E M O R Y   * * * * * * *
            REG     0000H     0008H     ABSOLUTE     "REG BANK 0"
                    0008H     0018H                  *** GAP ***
            BIT     0020H.0   0000H.5   UNIT         ?BI?KEYPAD
            BIT     0020H.5   0000H.3   UNIT         _BIT_GROUP_
            BIT     0021H.0   0000H.1   UNIT         ?BI?MAIN
            BIT     0021H.1   0000H.1   UNIT         ?BI?_ATOI?ATOI
                    0021H.2   0000H.6                *** GAP ***
            IDATA   0022H     0001H     UNIT         ?STACK

            * * * * * * *  X D A T A   M E M O R Y  * * * * * * *
            XDATA   0000H     038FH     UNIT         ?XD?BIPOLARMOTOR
            XDATA   038FH     0151H     UNIT         _XDATA_GROUP_
            XDATA   04E0H     00D4H     UNIT         ?XD?MAIN
            XDATA   05B4H     0040H     UNIT         ?XD?_FINDDET4X4?BIPOLARMOTOR
            XDATA   05F4H     0024H     UNIT         ?XD?_FINDDET3X3?BIPOLARMOTOR
            XDATA   0618H     0009H     UNIT         ?XD?KEYPAD
            XDATA   0621H     0008H     UNIT         ?XD?_AT25SF041_READ?AT25SF041
            XDATA   0629H     0005H     UNIT         ?XD?_ATOI?ATOI
            XDATA   062EH     0004H     UNIT         ?XD?_DISPLAY_PROX?MAIN
            XDATA   0632H     0003H     UNIT         ?XD?_SENDSTRING?UART1
            XDATA   0635H     0001H     UNIT         ?XD?UC_ACK?IOEXPANDER_PI4IOE5V96248
            XDATA   0636H     0001H     UNIT         ?XD?UC_NACK?IOEXPANDER_PI4IOE5V96248

            * * * * * * *   C O D E   M E M O R Y   * * * * * * *
            CODE    0000H     0003H     ABSOLUTE     
BL51 BANKED LINKER/LOCATER V6.22                                                      02/22/2019  16:01:06  PAGE 3


            CODE    0003H     0006H     UNIT         ?PR?_TEN?UART1
            CODE    0009H     0001H     UNIT         ?PR?TM0_ISR?MAIN
            CODE    000AH     0001H     UNIT         ?PR?_DECTOBCD?UART1
            CODE    000BH     0003H     ABSOLUTE     
            CODE    000EH     0B00H     UNIT         ?PR?_UPDATE_POSITION?BIPOLARMOTOR
            CODE    0B0EH     0A6EH     UNIT         ?PR?MAIN?MAIN
            CODE    157CH     09B6H     UNIT         ?C?LIB_CODE
            CODE    1F32H     07A2H     UNIT         ?PR?SUNPOS?SUNPOS
            CODE    26D4H     03F2H     UNIT         ?C_INITSEG
            CODE    2AC6H     0309H     UNIT         ?PR?_FIND_REAL_MAX?CALIBRATION
            CODE    2DCFH     02C0H     UNIT         ?PR?_FINDDET4X4?BIPOLARMOTOR
            CODE    308FH     02A0H     UNIT         ?PR?KEY_PROCESS?KEYPAD
            CODE    332FH     01D1H     UNIT         ?PR?_FINDDET3X3?BIPOLARMOTOR
            CODE    3500H     018DH     UNIT         ?PR?KEY_SCAN?KEYPAD
            CODE    368DH     0188H     UNIT         ?PR?SIN?SIN
            CODE    3815H     0172H     UNIT         ?PR?_DISPLAY_POS?MAIN
            CODE    3987H     013CH     UNIT         ?PR?_CALIBRATION?CALIBRATION
            CODE    3AC3H     0122H     UNIT         ?PR?ATAN?ATAN
            CODE    3BE5H     0106H     UNIT         ?PR?_AT25SF041_READ?AT25SF041
            CODE    3CEBH     00FBH     UNIT         ?PR?_AT25SF041_WRITE?AT25SF041
            CODE    3DE6H     00DBH     UNIT         ?PR?_ATOI?ATOI
            CODE    3EC1H     00C5H     UNIT         ?PR?SPI_NOR_WRITE_DATA?AT25SF041
            CODE    3F86H     00C3H     UNIT         ?PR?LINEAR_INTERPOLATE?BIPOLARMOTOR
            CODE    4049H     00BBH     UNIT         ?PR?VOLTAGE_IS_STABLE?CALIBRATION
            CODE    4104H     00ADH     UNIT         ?PR?_WRITE_PI4IOE5V96248?IOEXPANDER_PI4IOE5V96248
            CODE    41B1H     00ACH     UNIT         ?PR?SQRT?SQRT
            CODE    425DH     00A1H     UNIT         ?PR?READ_STATUS_REGISTER_BYTE1?AT25SF041
            CODE    42FEH     009DH     UNIT         ?PR?_ATAN2?ATAN2
            CODE    439BH     009CH     UNIT         ?PR?_MAX_VALUE?CALIBRATION
            CODE    4437H     0095H     UNIT         ?PR?_DISPLAY_PROX?MAIN
            CODE    44CCH     008CH     UNIT         ?C_C51STARTUP
            CODE    4558H     0084H     UNIT         ?PR?_DAY_OF_YEAR?PCF85063BTL
            CODE    45DCH     0075H     UNIT         ?PR?_WRITEDATA?LCD_DRIVER_SPLC780D
            CODE    4651H     006FH     UNIT         ?PR?_READ_TIME?PCF85063BTL
            CODE    46C0H     005AH     UNIT         ?PR?AT25SF041_CHIPERASE?AT25SF041
            CODE    471AH     0059H     UNIT         ?PR?LCD_INIT?LCD_DRIVER_SPLC780D
            CODE    4773H     0050H     UNIT         ?PR?AT25SF041_WRITEENABLE?AT25SF041
            CODE    47C3H     004AH     UNIT         ?PR?VONESTEPMOVE?BIPOLARMOTOR
            CODE    480DH     004AH     UNIT         ?PR?ACOS?ACOS
            CODE    4857H     0044H     UNIT         ?C?LDIV
            CODE    489BH     0040H     UNIT         ?PR?_COMMAND?LCD_DRIVER_SPLC780D
            CODE    48DBH     0040H     UNIT         ?PR?_STEP_MOVE?BIPOLARMOTOR
            CODE    491BH     003BH     UNIT         ?PR?ASIN?ASIN
            CODE    4956H     0033H     UNIT         ?PR?_SENDSTRING?UART1
            CODE    4989H     002CH     UNIT         ?PR?_ADC_GETRESULT?ADC
            CODE    49B5H     002BH     UNIT         ?PR?_WAIT_MS_I2C?IOEXPANDER_PI4IOE5V96248
            CODE    49E0H     002BH     UNIT         ?PR?_WAIT_MS_SPINOR?AT25SF041
            CODE    4A0BH     0028H     UNIT         ?PR?_MOVE?BIPOLARMOTOR
            CODE    4A33H     0027H     UNIT         ?PR?_I2C_SENDBYTE?IOEXPANDER_PI4IOE5V96248
            CODE    4A5AH     0024H     UNIT         ?PR?_WAIT_MS?LCD_DRIVER_SPLC780D
            CODE    4A7EH     0020H     UNIT         ?PR?_SPI_SENDBYTE?PCF85063BTL
            CODE    4A9EH     0020H     UNIT         ?PR?SPI_RECEIVEBYTE?PCF85063BTL
            CODE    4ABEH     001FH     UNIT         ?PR?ADC_INIT?ADC
            CODE    4ADDH     001EH     UNIT         ?PR?_DELAY_MS?KEYPAD
            CODE    4AFBH     001DH     UNIT         ?PR?_DISPLAYLCD?LCD_DRIVER_SPLC780D
            CODE    4B18H     001BH     UNIT         ?PR?_BCDTODEC1?BIPOLARMOTOR
            CODE    4B33H     0018H     UNIT         ?PR?_SPI_WRITETIME?PCF85063BTL
BL51 BANKED LINKER/LOCATER V6.22                                                      02/22/2019  16:01:06  PAGE 4


            CODE    4B4BH     0017H     UNIT         ?PR?_ASCIITOBCD?UART1
            CODE    4B62H     0016H     UNIT         ?PR?I2C_ACK?IOEXPANDER_PI4IOE5V96248
            CODE    4B78H     0015H     UNIT         ?PR?_DISPLAY_LINE?LCD_DRIVER_SPLC780D
            CODE    4B8DH     0015H     UNIT         ?PR?I2C_STOP?IOEXPANDER_PI4IOE5V96248
            CODE    4BA2H     0014H     UNIT         ?PR?_PCF85063BTL_DELAY?PCF85063BTL
            CODE    4BB6H     0014H     UNIT         ?PR?_ISSPACE?ISSPACE
            CODE    4BCAH     0011H     UNIT         ?PR?_SPI_READTIME?PCF85063BTL
            CODE    4BDBH     0011H     UNIT         ?PR?_BCDTODEC?PCF85063BTL
            CODE    4BECH     0011H     UNIT         ?PR?INITUART1?UART1
            CODE    4BFDH     000FH     UNIT         ?PR?I2C_START?IOEXPANDER_PI4IOE5V96248
            CODE    4C0CH     000FH     UNIT         ?PR?UC_NACK?IOEXPANDER_PI4IOE5V96248
            CODE    4C1BH     000FH     UNIT         ?PR?_ISDIGIT?ISDIGIT
            CODE    4C2AH     000DH     UNIT         ?PR?SPI_INIT?PCF85063BTL
            CODE    4C37H     000CH     UNIT         ?PR?KEYPAD_IO_INIT?KEYPAD
            CODE    4C43H     000CH     UNIT         ?PR?_ABS?ABS
            CODE    4C4FH     000AH     UNIT         ?PR?LCD_RETURN_HOME?LCD_DRIVER_SPLC780D
            CODE    4C59H     000AH     UNIT         ?PR?LCD_CLEAR?LCD_DRIVER_SPLC780D
            CODE    4C63H     0006H     UNIT         ?PR?UC_ACK?IOEXPANDER_PI4IOE5V96248
            CODE    4C69H     0005H     UNIT         ?PR?_UNIT?UART1
            CODE    4C6EH     0005H     UNIT         ?PR?_ASCII_LETTER?UART1
            CODE    4C73H     0001H     UNIT         ?PR?WAIT?BIPOLARMOTOR
            CODE    4C74H     0001H     UNIT         ?PR?NOP?IOEXPANDER_PI4IOE5V96248



OVERLAY MAP OF MODULE:   .\Obj\GPIO_RTC_Test (MAIN)


SEGMENT                                             BIT_GROUP          XDATA_GROUP
  +--> CALLED SEGMENT                            START    LENGTH     START    LENGTH
------------------------------------------------------------------------------------
?C_C51STARTUP                                    -----    -----      -----    -----
  +--> ?PR?MAIN?MAIN
  +--> ?C_INITSEG

?PR?MAIN?MAIN                                    -----    -----      038FH    0030H
  +--> ?PR?LCD_INIT?LCD_DRIVER_SPLC780D
  +--> ?PR?SPI_INIT?PCF85063BTL
  +--> ?PR?KEYPAD_IO_INIT?KEYPAD
  +--> ?PR?ADC_INIT?ADC
  +--> ?PR?_SPI_WRITETIME?PCF85063BTL
  +--> ?PR?_DELAY_MS?KEYPAD
  +--> ?PR?_DISPLAY_LINE?LCD_DRIVER_SPLC780D
  +--> ?PR?_WRITEDATA?LCD_DRIVER_SPLC780D
  +--> ?PR?KEY_PROCESS?KEYPAD
  +--> ?PR?_COMMAND?LCD_DRIVER_SPLC780D
  +--> ?PR?_DISPLAY_POS?MAIN
  +--> ?PR?_DISPLAYLCD?LCD_DRIVER_SPLC780D
  +--> ?PR?_STEP_MOVE?BIPOLARMOTOR
  +--> ?PR?LCD_RETURN_HOME?LCD_DRIVER_SPLC780D
  +--> ?PR?_READ_TIME?PCF85063BTL
  +--> ?PR?_ADC_GETRESULT?ADC
  +--> ?PR?_BCDTODEC1?BIPOLARMOTOR
  +--> ?PR?_CALIBRATION?CALIBRATION
  +--> ?PR?_WAIT_MS_SPINOR?AT25SF041
  +--> ?PR?SPI_NOR_WRITE_DATA?AT25SF041
  +--> ?PR?LINEAR_INTERPOLATE?BIPOLARMOTOR
BL51 BANKED LINKER/LOCATER V6.22                                                      02/22/2019  16:01:06  PAGE 5


  +--> ?PR?_UPDATE_POSITION?BIPOLARMOTOR

?PR?LCD_INIT?LCD_DRIVER_SPLC780D                 -----    -----      -----    -----
  +--> ?PR?_WAIT_MS?LCD_DRIVER_SPLC780D
  +--> ?PR?_COMMAND?LCD_DRIVER_SPLC780D

?PR?_COMMAND?LCD_DRIVER_SPLC780D                 -----    -----      -----    -----
  +--> ?PR?_WAIT_MS?LCD_DRIVER_SPLC780D

?PR?ADC_INIT?ADC                                 -----    -----      -----    -----
  +--> ?PR?_WAIT_MS?LCD_DRIVER_SPLC780D

?PR?_SPI_WRITETIME?PCF85063BTL                   -----    -----      -----    -----
  +--> ?PR?_SPI_SENDBYTE?PCF85063BTL

?PR?_SPI_SENDBYTE?PCF85063BTL                    -----    -----      -----    -----
  +--> ?PR?_PCF85063BTL_DELAY?PCF85063BTL

?PR?_DISPLAY_LINE?LCD_DRIVER_SPLC780D            -----    -----      -----    -----
  +--> ?PR?_COMMAND?LCD_DRIVER_SPLC780D

?PR?_WRITEDATA?LCD_DRIVER_SPLC780D               -----    -----      046CH    0001H
  +--> ?PR?_WAIT_MS?LCD_DRIVER_SPLC780D

?PR?KEY_PROCESS?KEYPAD                           -----    -----      03BFH    0006H
  +--> ?PR?KEY_SCAN?KEYPAD
  +--> ?PR?_SPI_WRITETIME?PCF85063BTL
  +--> ?PR?LCD_CLEAR?LCD_DRIVER_SPLC780D
  +--> ?PR?_COMMAND?LCD_DRIVER_SPLC780D
  +--> ?PR?_WRITEDATA?LCD_DRIVER_SPLC780D

?PR?KEY_SCAN?KEYPAD                              -----    -----      03C5H    0003H

?PR?LCD_CLEAR?LCD_DRIVER_SPLC780D                -----    -----      -----    -----
  +--> ?PR?_COMMAND?LCD_DRIVER_SPLC780D

?PR?_DISPLAY_POS?MAIN                            -----    -----      0462H    000AH
  +--> ?PR?_ABS?ABS
  +--> ?PR?_WRITEDATA?LCD_DRIVER_SPLC780D

?PR?_DISPLAYLCD?LCD_DRIVER_SPLC780D              -----    -----      03BFH    0001H
  +--> ?PR?_WRITEDATA?LCD_DRIVER_SPLC780D

?PR?_STEP_MOVE?BIPOLARMOTOR                      0020H.6  0000H.1    047BH    0004H
  +--> ?PR?VONESTEPMOVE?BIPOLARMOTOR

?PR?VONESTEPMOVE?BIPOLARMOTOR                    0020H.7  0000H.1    -----    -----
  +--> ?PR?_WRITE_PI4IOE5V96248?IOEXPANDER_P...
  +--> ?PR?_DELAY_MS?KEYPAD

?PR?_WRITE_PI4IOE5V96248?IOEXPANDER_P...         -----    -----      047FH    0003H
  +--> ?PR?I2C_START?IOEXPANDER_PI4IOE5V96248
  +--> ?PR?_WAIT_MS_I2C?IOEXPANDER_PI4IOE5V9...
  +--> ?PR?_I2C_SENDBYTE?IOEXPANDER_PI4IOE5V...
  +--> ?PR?I2C_ACK?IOEXPANDER_PI4IOE5V96248
  +--> ?PR?I2C_STOP?IOEXPANDER_PI4IOE5V96248

BL51 BANKED LINKER/LOCATER V6.22                                                      02/22/2019  16:01:06  PAGE 6


?PR?I2C_START?IOEXPANDER_PI4IOE5V96248           -----    -----      -----    -----
  +--> ?PR?_WAIT_MS_I2C?IOEXPANDER_PI4IOE5V9...

?PR?_I2C_SENDBYTE?IOEXPANDER_PI4IOE5V...         -----    -----      -----    -----
  +--> ?PR?_WAIT_MS_I2C?IOEXPANDER_PI4IOE5V9...

?PR?I2C_ACK?IOEXPANDER_PI4IOE5V96248             -----    -----      0482H    0001H
  +--> ?PR?_WAIT_MS_I2C?IOEXPANDER_PI4IOE5V9...

?PR?I2C_STOP?IOEXPANDER_PI4IOE5V96248            -----    -----      -----    -----
  +--> ?PR?_WAIT_MS_I2C?IOEXPANDER_PI4IOE5V9...

?PR?LCD_RETURN_HOME?LCD_DRIVER_SPLC780D          -----    -----      -----    -----
  +--> ?PR?_COMMAND?LCD_DRIVER_SPLC780D

?PR?_READ_TIME?PCF85063BTL                       -----    -----      03BFH    000FH
  +--> ?PR?_SPI_READTIME?PCF85063BTL

?PR?_SPI_READTIME?PCF85063BTL                    -----    -----      -----    -----
  +--> ?PR?_SPI_SENDBYTE?PCF85063BTL
  +--> ?PR?SPI_RECEIVEBYTE?PCF85063BTL

?PR?SPI_RECEIVEBYTE?PCF85063BTL                  -----    -----      -----    -----
  +--> ?PR?_PCF85063BTL_DELAY?PCF85063BTL

?PR?_CALIBRATION?CALIBRATION                     -----    -----      03BFH    0019H
  +--> ?PR?VOLTAGE_IS_STABLE?CALIBRATION
  +--> ?PR?_UPDATE_POSITION?BIPOLARMOTOR
  +--> ?PR?_FIND_REAL_MAX?CALIBRATION

?PR?VOLTAGE_IS_STABLE?CALIBRATION                -----    -----      03D8H    0018H
  +--> ?PR?_ADC_GETRESULT?ADC
  +--> ?PR?_ABS?ABS

?PR?_UPDATE_POSITION?BIPOLARMOTOR                -----    -----      03D8H    009FH
  +--> ?PR?_BCDTODEC1?BIPOLARMOTOR
  +--> ?PR?SUNPOS?SUNPOS
  +--> ?PR?SIN?SIN
  +--> ?PR?ASIN?ASIN
  +--> ?PR?LINEAR_INTERPOLATE?BIPOLARMOTOR
  +--> ?PR?_ABS?ABS
  +--> ?PR?_MOVE?BIPOLARMOTOR

?PR?SUNPOS?SUNPOS                                -----    -----      0477H    005DH
  +--> ?PR?SIN?SIN
  +--> ?PR?_ATAN2?ATAN2
  +--> ?PR?ASIN?ASIN
  +--> ?PR?ACOS?ACOS

?PR?SIN?SIN                                      0020H.5  0000H.1    04D4H    0004H

?PR?_ATAN2?ATAN2                                 -----    -----      04D4H    0008H
  +--> ?PR?ATAN?ATAN

?PR?ATAN?ATAN                                    0020H.5  0000H.2    04DCH    0004H

?PR?ASIN?ASIN                                    -----    -----      -----    -----
BL51 BANKED LINKER/LOCATER V6.22                                                      02/22/2019  16:01:06  PAGE 7


  +--> ?PR?SQRT?SQRT
  +--> ?PR?ATAN?ATAN

?PR?SQRT?SQRT                                    -----    -----      04D4H    0004H

?PR?ACOS?ACOS                                    -----    -----      -----    -----
  +--> ?PR?SQRT?SQRT
  +--> ?PR?ATAN?ATAN

?PR?LINEAR_INTERPOLATE?BIPOLARMOTOR              -----    -----      0477H    0014H

?PR?_MOVE?BIPOLARMOTOR                           0020H.5  0000H.1    0477H    0004H
  +--> ?PR?_STEP_MOVE?BIPOLARMOTOR

?PR?_FIND_REAL_MAX?CALIBRATION                   -----    -----      03D8H    008AH
  +--> ?PR?_ADC_GETRESULT?ADC
  +--> ?PR?_MOVE?BIPOLARMOTOR
  +--> ?PR?_COMMAND?LCD_DRIVER_SPLC780D
  +--> ?PR?_WRITEDATA?LCD_DRIVER_SPLC780D
  +--> ?PR?_DISPLAY_POS?MAIN
  +--> ?PR?_WAIT_MS?LCD_DRIVER_SPLC780D
  +--> ?PR?_MAX_VALUE?CALIBRATION

?PR?_MAX_VALUE?CALIBRATION                       -----    -----      0462H    0004H

?PR?SPI_NOR_WRITE_DATA?AT25SF041                 -----    -----      03BFH    000EH
  +--> ?PR?AT25SF041_WRITEENABLE?AT25SF041
  +--> ?PR?AT25SF041_CHIPERASE?AT25SF041
  +--> ?PR?_WAIT_MS_SPINOR?AT25SF041
  +--> ?PR?_AT25SF041_WRITE?AT25SF041

?PR?AT25SF041_WRITEENABLE?AT25SF041              -----    -----      03CDH    0002H
  +--> ?PR?_WAIT_MS_SPINOR?AT25SF041

?PR?AT25SF041_CHIPERASE?AT25SF041                -----    -----      03CDH    0002H
  +--> ?PR?_WAIT_MS_SPINOR?AT25SF041
  +--> ?PR?READ_STATUS_REGISTER_BYTE1?AT25SF041

?PR?READ_STATUS_REGISTER_BYTE1?AT25SF041         -----    -----      03CFH    0003H
  +--> ?PR?_WAIT_MS_SPINOR?AT25SF041

?PR?_AT25SF041_WRITE?AT25SF041                   -----    -----      03CDH    0008H
  +--> ?PR?_WAIT_MS_SPINOR?AT25SF041



UNRESOLVED EXTERNAL SYMBOLS:
   AUTO_MODE
   _SENDUART1



SYMBOL TABLE OF MODULE:  .\Obj\GPIO_RTC_Test (MAIN)

  VALUE           TYPE          NAME
  ----------------------------------

BL51 BANKED LINKER/LOCATER V6.22                                                      02/22/2019  16:01:06  PAGE 8


  -------         MODULE        MAIN
  C:0000H         SYMBOL        _ICE_DUMMY_
  X:04E8H         PUBLIC        calib_value
  D:0080H         PUBLIC        P0
  D:00B2H         PUBLIC        P3M0
  D:0090H         PUBLIC        P1
  D:00B1H         PUBLIC        P3M1
  D:00A0H         PUBLIC        P2
  D:00B0H         PUBLIC        P3
  D:00C0H         PUBLIC        P4
  D:00C8H         PUBLIC        P5
  X:053CH         SYMBOL        PressedKey
  B:00A8H.7       PUBLIC        EA
  D:00E8H         PUBLIC        P6
  X:0540H         PUBLIC        calib_stamp
  D:00F8H         PUBLIC        P7
  X:0541H         PUBLIC        RX_Data_Uart_Cnt
  D:00A8H         PUBLIC        IE
  X:0543H         PUBLIC        calib_time
  D:00B8H         PUBLIC        IP
  X:0597H         PUBLIC        months
  D:00D8H         PUBLIC        CCON
  C:0B0EH         PUBLIC        main
  X:0598H         PUBLIC        count
  X:059AH         PUBLIC        days
  X:059BH         PUBLIC        hours
  D:0098H         PUBLIC        SCON
  D:0089H         PUBLIC        TMOD
  D:0088H         PUBLIC        TCON
  B:00A0H.3       PUBLIC        P23
  X:059CH         SYMBOL        KeyCount
  X:059EH         PUBLIC        mins
  X:059FH         PUBLIC        Rec_data_hour
  B:00C8H.5       PUBLIC        P55
  X:05A2H         PUBLIC        Rec_data_min
  D:008EH         PUBLIC        AUXR
  C:0009H         PUBLIC        tm0_isr
  B:0021H.0       PUBLIC        busy
  B:00A8H.1       PUBLIC        ET0
  D:008CH         PUBLIC        TH0
  X:05A5H         PUBLIC        hour_count
  D:008AH         PUBLIC        TL0
  X:05A6H         PUBLIC        min_count
  B:0088H.4       PUBLIC        TR0
  X:05A7H         SYMBOL        KeyNum
  X:05A8H         SYMBOL        KeyNum_Old
  X:05A9H         PUBLIC        current_position
  X:05ADH         PUBLIC        hours1
  X:05AEH         PUBLIC        hours2
  C:4437H         PUBLIC        _Display_Prox
  X:05AFH         PUBLIC        mins1
  X:05B0H         PUBLIC        mins2
  C:3815H         PUBLIC        _Display_Pos
  X:05B1H         PUBLIC        seconds
  X:05B2H         PUBLIC        st_time
  D:00D0H         PUBLIC        PSW
  -------         PROC          TM0_ISR
BL51 BANKED LINKER/LOCATER V6.22                                                      02/22/2019  16:01:06  PAGE 9


  C:0009H         LINE#         85
  C:0009H         LINE#         87
  -------         ENDPROC       TM0_ISR
  -------         PROC          MAIN
  -------         DO            
  X:038FH         SYMBOL        sunlight_ADC
  X:04E0H         SYMBOL        KeyCount
  X:04E2H         SYMBOL        KeyNum_Old
  X:04E3H         SYMBOL        KeyNum
  X:04E4H         SYMBOL        PressedKey
  X:0391H         SYMBOL        prox_flag
  X:0392H         SYMBOL        iUse_prevday_calib_value
  X:0394H         SYMBOL        max_ADC_Val
  X:0396H         SYMBOL        max_ADC_Val_JP
  X:0398H         SYMBOL        calib_point1
  X:03A0H         SYMBOL        calib_point2
  X:03A8H         SYMBOL        dat_to_store
  X:03B3H         SYMBOL        calib_day
  X:03B5H         SYMBOL        calib_count
  X:03B7H         SYMBOL        theorical_JP_max_pos
  X:03BBH         SYMBOL        SPI_NOR_INTERNAL_FLASH_ADDR
  -------         ENDDO         
  C:0B0EH         LINE#         89
  C:0B0EH         LINE#         90
  C:0B0EH         LINE#         95
  C:0B14H         LINE#         96
  C:0B21H         LINE#         100
  C:0B27H         LINE#         101
  C:0B31H         LINE#         102
  C:0B3BH         LINE#         106
  C:0B3DH         LINE#         107
  C:0B3FH         LINE#         108
  C:0B41H         LINE#         109
  C:0B43H         LINE#         111
  C:0B4AH         LINE#         120
  C:0B4CH         LINE#         121
  C:0B4FH         LINE#         122
  C:0B52H         LINE#         123
  C:0B55H         LINE#         124
  C:0B58H         LINE#         125
  C:0B5BH         LINE#         128
  C:0B5EH         LINE#         130
  C:0B61H         LINE#         131
  C:0B64H         LINE#         132
  C:0B67H         LINE#         133
  C:0B69H         LINE#         134
  C:0B6BH         LINE#         135
  C:0B6DH         LINE#         137
  C:0B6FH         LINE#         138
  C:0B76H         LINE#         139
  C:0B7DH         LINE#         140
  C:0B84H         LINE#         141
  C:0B8BH         LINE#         145
  C:0B92H         LINE#         146
  C:0B97H         LINE#         147
  C:0B9CH         LINE#         148
  C:0BA1H         LINE#         149
BL51 BANKED LINKER/LOCATER V6.22                                                      02/22/2019  16:01:06  PAGE 10


  C:0BA6H         LINE#         150
  C:0BABH         LINE#         153
  C:0BC4H         LINE#         154
  C:0BC4H         LINE#         155
  C:0BE0H         LINE#         156
  C:0C27H         LINE#         157
  C:0C38H         LINE#         158
  C:0C38H         LINE#         159
  C:0C38H         LINE#         160
  C:0C3BH         LINE#         163
  C:0C3BH         LINE#         166
  C:0C40H         LINE#         167
  C:0C45H         LINE#         169
  C:0C4AH         LINE#         170
  C:0C4FH         LINE#         171
  C:0C54H         LINE#         172
  C:0C59H         LINE#         174
  C:0C6AH         LINE#         175
  C:0C6FH         LINE#         176
  C:0C74H         LINE#         178
  C:0C7BH         LINE#         179
  C:0C83H         LINE#         180
  C:0C88H         LINE#         181
  C:0C90H         LINE#         182
  C:0C95H         LINE#         183
  C:0C9FH         LINE#         184
  C:0CA4H         LINE#         185
  C:0CACH         LINE#         187
  C:0CB4H         LINE#         188
  C:0CB9H         LINE#         189
  C:0CC3H         LINE#         190
  C:0CC3H         LINE#         191
  C:0CC5H         LINE#         192
  C:0CC7H         LINE#         193
  C:0CD1H         LINE#         194
  C:0CD1H         LINE#         195
  C:0CD6H         LINE#         196
  C:0CD6H         LINE#         208
  C:0CE3H         LINE#         209
  C:0CE3H         LINE#         210
  C:0CEDH         LINE#         211
  C:0D04H         LINE#         212
  C:0D04H         LINE#         213
  C:0D06H         LINE#         214
  C:0D08H         LINE#         216
  C:0D08H         LINE#         217
  C:0D13H         LINE#         218
  C:0D13H         LINE#         219
  C:0D18H         LINE#         220
  C:0D18H         LINE#         221
  C:0D25H         LINE#         222
  C:0D25H         LINE#         225
  C:0D2FH         LINE#         226
  C:0D46H         LINE#         227
  C:0D46H         LINE#         228
  C:0D48H         LINE#         229
  C:0D4AH         LINE#         231
BL51 BANKED LINKER/LOCATER V6.22                                                      02/22/2019  16:01:06  PAGE 11


  C:0D4AH         LINE#         232
  C:0D55H         LINE#         233
  C:0D55H         LINE#         234
  C:0D5AH         LINE#         235
  C:0D5CH         LINE#         236
  C:0D5CH         LINE#         245
  C:0D7EH         LINE#         246
  C:0D7EH         LINE#         247
  C:0D88H         LINE#         248
  C:0D8EH         LINE#         249
  C:0D90H         LINE#         250
  C:0D92H         LINE#         251
  C:0D94H         LINE#         252
  C:0D94H         LINE#         253
  C:0D97H         LINE#         255
  C:0D97H         LINE#         256
  C:0D9DH         LINE#         257
  C:0DA5H         LINE#         258
  C:0DABH         LINE#         259
  C:0DB3H         LINE#         260
  C:0DEEH         LINE#         264
  C:0DFBH         LINE#         265
  C:0DFBH         LINE#         266
  C:0E08H         LINE#         267
  C:0E3BH         LINE#         268
  C:0E48H         LINE#         269
  C:0E48H         LINE#         271
  C:0E77H         LINE#         272
  C:0E77H         LINE#         273
  C:0E99H         LINE#         274
  C:0E99H         LINE#         275
  C:0F15H         LINE#         276
  C:0F93H         LINE#         280
  C:0F9BH         LINE#         281
  C:0FA3H         LINE#         282
  C:0FABH         LINE#         284
  C:0FB3H         LINE#         285
  C:0FC7H         LINE#         286
  C:0FDDH         LINE#         288
  C:100DH         LINE#         289
  C:1021H         LINE#         290
  C:1035H         LINE#         295
  C:1038H         LINE#         296
  C:103AH         LINE#         359
  C:1040H         LINE#         360
  C:1040H         LINE#         361
  C:1043H         LINE#         362
  C:1054H         LINE#         363
  C:1054H         LINE#         364
  C:1054H         LINE#         366
  C:1054H         LINE#         369
  C:1057H         LINE#         371
  C:1057H         LINE#         372
  C:1079H         LINE#         373
  C:1079H         LINE#         374
  C:10F5H         LINE#         375
  C:114AH         LINE#         376
BL51 BANKED LINKER/LOCATER V6.22                                                      02/22/2019  16:01:06  PAGE 12


  C:114AH         LINE#         377
  C:114AH         LINE#         378
  C:114DH         LINE#         382
  C:114DH         LINE#         385
  C:1181H         LINE#         386
  C:1181H         LINE#         387
  C:11A3H         LINE#         388
  C:11A3H         LINE#         389
  C:121FH         LINE#         390
  C:129DH         LINE#         394
  C:12A5H         LINE#         395
  C:12ADH         LINE#         396
  C:12B5H         LINE#         398
  C:12BDH         LINE#         400
  C:12D3H         LINE#         402
  C:1303H         LINE#         406
  C:1319H         LINE#         407
  C:1349H         LINE#         408
  C:136DH         LINE#         410
  C:1370H         LINE#         411
  C:1381H         LINE#         412
  C:1381H         LINE#         413
  C:1389H         LINE#         415
  C:1389H         LINE#         418
  C:138CH         LINE#         420
  C:138CH         LINE#         422
  C:13AEH         LINE#         423
  C:13AEH         LINE#         424
  C:142AH         LINE#         426
  C:1457H         LINE#         427
  C:1472H         LINE#         428
  C:149FH         LINE#         429
  C:14BAH         LINE#         431
  C:1556H         LINE#         434
  C:1556H         LINE#         435
  C:1556H         LINE#         436
  C:1556H         LINE#         438
  C:1556H         LINE#         441
  C:1572H         LINE#         442
  C:1577H         LINE#         444
  C:1579H         LINE#         445
  -------         ENDPROC       MAIN
  -------         PROC          _DISPLAY_PROX
  D:0002H         SYMBOL        dat
  -------         DO            
  X:062EH         SYMBOL        unit
  X:062FH         SYMBOL        ten
  X:0630H         SYMBOL        hundred
  X:0631H         SYMBOL        thousand
  -------         ENDDO         
  C:4437H         LINE#         529
  C:443BH         LINE#         530
  C:443BH         LINE#         532
  C:4447H         LINE#         533
  C:4457H         LINE#         534
  C:4473H         LINE#         535
  C:44A3H         LINE#         536
BL51 BANKED LINKER/LOCATER V6.22                                                      02/22/2019  16:01:06  PAGE 13


  C:44ADH         LINE#         537
  C:44B7H         LINE#         538
  C:44C1H         LINE#         539
  C:44CBH         LINE#         541
  -------         ENDPROC       _DISPLAY_PROX
  -------         PROC          _DISPLAY_POS
  X:0462H         SYMBOL        sign_dat
  -------         DO            
  X:0466H         SYMBOL        unit
  X:0467H         SYMBOL        ten
  X:0468H         SYMBOL        hundred
  D:0003H         SYMBOL        thousand
  X:0469H         SYMBOL        after_dot
  X:046AH         SYMBOL        dat
  -------         ENDDO         
  C:3815H         LINE#         544
  C:381BH         LINE#         545
  C:381BH         LINE#         549
  C:3837H         LINE#         550
  C:3851H         LINE#         551
  C:3875H         LINE#         553
  C:38BFH         LINE#         555
  C:38D6H         LINE#         556
  C:38E3H         LINE#         557
  C:3905H         LINE#         558
  C:393AH         LINE#         559
  C:3952H         LINE#         560
  C:3952H         LINE#         562
  C:3952H         LINE#         563
  C:3952H         LINE#         564
  C:3952H         LINE#         565
  C:3952H         LINE#         566
  C:3952H         LINE#         570
  C:3954H         LINE#         572
  C:3954H         LINE#         574
  C:3959H         LINE#         575
  C:3963H         LINE#         576
  C:396DH         LINE#         577
  C:3977H         LINE#         578
  C:397CH         LINE#         579
  C:3986H         LINE#         583
  C:3986H         LINE#         585
  -------         ENDPROC       _DISPLAY_POS
  -------         ENDMOD        MAIN

  -------         MODULE        PCF85063BTL
  C:0000H         SYMBOL        _ICE_DUMMY_
  D:0096H         PUBLIC        P2M0
  D:0080H         PUBLIC        P0
  D:0095H         PUBLIC        P2M1
  D:0090H         PUBLIC        P1
  D:00A0H         PUBLIC        P2
  D:00B0H         PUBLIC        P3
  D:00C0H         PUBLIC        P4
  D:00C8H         PUBLIC        P5
  D:00E8H         PUBLIC        P6
  B:00A0H.1       PUBLIC        PCF85063BTL_SDI
BL51 BANKED LINKER/LOCATER V6.22                                                      02/22/2019  16:01:06  PAGE 14


  D:00F8H         PUBLIC        P7
  B:00A0H.2       PUBLIC        PCF85063BTL_SCK
  B:00A0H.1       PUBLIC        PCF85063BTL_SDO
  D:00A8H         PUBLIC        IE
  C:4651H         PUBLIC        _Read_time
  C:4BA8H         PUBLIC        _PCF85063BTL_Delay
  D:00B8H         PUBLIC        IP
  D:00D8H         PUBLIC        CCON
  C:4558H         PUBLIC        _Day_Of_Year
  C:4A9EH         PUBLIC        SPI_ReceiveByte
  D:0098H         PUBLIC        SCON
  D:0088H         PUBLIC        TCON
  C:4BDBH         PUBLIC        _BCDtoDec
  B:00A0H.0       PUBLIC        PCF85063BTL_CS
  C:4BCAH         PUBLIC        _SPI_ReadTime
  C:4C2AH         PUBLIC        SPI_Init
  C:4B33H         PUBLIC        _SPI_WriteTime
  C:4A7EH         PUBLIC        _SPI_SendByte
  D:00D0H         PUBLIC        PSW
  C:4BA4H         SYMBOL        L?0047
  -------         PROC          L?0046
  -------         ENDPROC       L?0046
  C:4BA4H         SYMBOL        L?0047
  -------         PROC          _PCF85063BTL_DELAY
  D:0006H         SYMBOL        us
  C:4BA8H         LINE#         8
  C:4BA8H         LINE#         9
  C:4BA8H         LINE#         10
  C:4BB2H         LINE#         11
  C:4BB2H         LINE#         12
  C:4BB3H         LINE#         13
  C:4BB5H         LINE#         14
  -------         ENDPROC       _PCF85063BTL_DELAY
  -------         PROC          _SPI_SENDBYTE
  D:0005H         SYMBOL        dat
  -------         DO            
  D:0003H         SYMBOL        i
  -------         ENDDO         
  C:4A7EH         LINE#         17
  C:4A80H         LINE#         18
  C:4A80H         LINE#         20
  C:4A82H         LINE#         21
  C:4A82H         LINE#         22
  C:4A84H         LINE#         23
  C:4A88H         LINE#         24
  C:4A88H         LINE#         25
  C:4A8AH         LINE#         26
  C:4A8CH         LINE#         28
  C:4A8CH         LINE#         29
  C:4A8EH         LINE#         30
  C:4A8EH         LINE#         31
  C:4A91H         LINE#         32
  C:4A91H         LINE#         33
  C:4A94H         LINE#         34
  C:4A98H         LINE#         35
  C:4A9DH         LINE#         36
  -------         ENDPROC       _SPI_SENDBYTE
BL51 BANKED LINKER/LOCATER V6.22                                                      02/22/2019  16:01:06  PAGE 15


  -------         PROC          SPI_RECEIVEBYTE
  -------         DO            
  D:0003H         SYMBOL        i
  D:0005H         SYMBOL        dat
  -------         ENDDO         
  C:4A9EH         LINE#         39
  C:4A9EH         LINE#         40
  C:4A9EH         LINE#         42
  C:4AA0H         LINE#         44
  C:4AA2H         LINE#         45
  C:4AA3H         LINE#         46
  C:4AA3H         LINE#         47
  C:4AA7H         LINE#         48
  C:4AA9H         LINE#         49
  C:4AACH         LINE#         51
  C:4AAFH         LINE#         52
  C:4AAFH         LINE#         53
  C:4AB3H         LINE#         54
  C:4AB3H         LINE#         55
  C:4AB3H         LINE#         56
  C:4AB6H         LINE#         57
  C:4ABBH         LINE#         58
  C:4ABDH         LINE#         59
  -------         ENDPROC       SPI_RECEIVEBYTE
  -------         PROC          _SPI_READTIME
  D:0007H         SYMBOL        addr
  -------         DO            
  D:0006H         SYMBOL        dat
  -------         ENDDO         
  C:4BCAH         LINE#         61
  C:4BCAH         LINE#         62
  C:4BCAH         LINE#         64
  C:4BCCH         LINE#         65
  C:4BCEH         LINE#         66
  C:4BD5H         LINE#         67
  C:4BD8H         LINE#         68
  C:4BDAH         LINE#         69
  C:4BDAH         LINE#         70
  -------         ENDPROC       _SPI_READTIME
  -------         PROC          _SPI_WRITETIME
  D:0002H         SYMBOL        val
  D:0005H         SYMBOL        addr
  C:4B33H         LINE#         71
  C:4B35H         LINE#         72
  C:4B35H         LINE#         74
  C:4B37H         LINE#         75
  C:4B3EH         LINE#         76
  C:4B43H         LINE#         77
  C:4B48H         LINE#         78
  C:4B4AH         LINE#         79
  -------         ENDPROC       _SPI_WRITETIME
  -------         PROC          SPI_INIT
  C:4C2AH         LINE#         83
  C:4C2AH         LINE#         84
  C:4C2AH         LINE#         89
  C:4C2DH         LINE#         90
  C:4C30H         LINE#         91
BL51 BANKED LINKER/LOCATER V6.22                                                      02/22/2019  16:01:06  PAGE 16


  C:4C32H         LINE#         92
  C:4C34H         LINE#         93
  C:4C36H         LINE#         94
  -------         ENDPROC       SPI_INIT
  -------         PROC          _READ_TIME
  X:03BFH         SYMBOL        months
  X:03C2H         SYMBOL        days
  X:03C5H         SYMBOL        hours
  X:03C8H         SYMBOL        mins
  X:03CBH         SYMBOL        seconds
  C:4651H         LINE#         96
  C:465CH         LINE#         97
  C:465CH         LINE#         99
  C:4670H         LINE#         101
  C:4684H         LINE#         103
  C:4698H         LINE#         108
  C:46ACH         LINE#         113
  -------         ENDPROC       _READ_TIME
  -------         PROC          _BCDTODEC
  D:0007H         SYMBOL        bcd
  -------         DO            
  D:0006H         SYMBOL        hi
  D:0007H         SYMBOL        lo
  -------         ENDDO         
  C:4BDBH         LINE#         119
  C:4BDBH         LINE#         120
  C:4BDBH         LINE#         122
  C:4BE0H         LINE#         123
  C:4BE4H         LINE#         124
  C:4BEBH         LINE#         125
  -------         ENDPROC       _BCDTODEC
  -------         PROC          _DAY_OF_YEAR
  D:0007H         SYMBOL        months_bcd
  D:0005H         SYMBOL        days_bcd
  -------         DO            
  D:0004H         SYMBOL        months
  D:0007H         SYMBOL        days
  -------         ENDDO         
  C:4558H         LINE#         126
  C:4558H         LINE#         127
  C:4558H         LINE#         130
  C:455DH         LINE#         132
  C:4562H         LINE#         134
  C:459BH         LINE#         135
  C:459BH         LINE#         136
  C:459BH         LINE#         137
  C:459EH         LINE#         138
  C:459EH         LINE#         139
  C:459EH         LINE#         140
  C:45A3H         LINE#         141
  C:45A3H         LINE#         142
  C:45A3H         LINE#         143
  C:45A8H         LINE#         144
  C:45A8H         LINE#         145
  C:45A8H         LINE#         146
  C:45ADH         LINE#         147
  C:45ADH         LINE#         148
BL51 BANKED LINKER/LOCATER V6.22                                                      02/22/2019  16:01:06  PAGE 17


  C:45ADH         LINE#         149
  C:45B2H         LINE#         150
  C:45B2H         LINE#         151
  C:45B2H         LINE#         152
  C:45B7H         LINE#         153
  C:45B7H         LINE#         154
  C:45B7H         LINE#         155
  C:45BCH         LINE#         156
  C:45BCH         LINE#         157
  C:45BCH         LINE#         158
  C:45C1H         LINE#         159
  C:45C1H         LINE#         160
  C:45C1H         LINE#         161
  C:45C9H         LINE#         162
  C:45C9H         LINE#         163
  C:45C9H         LINE#         164
  C:45CEH         LINE#         165
  C:45CEH         LINE#         166
  C:45CEH         LINE#         167
  C:45D3H         LINE#         168
  C:45D3H         LINE#         169
  C:45D3H         LINE#         170
  C:45DBH         LINE#         171
  C:45DBH         LINE#         172
  C:45DBH         LINE#         173
  -------         ENDPROC       _DAY_OF_YEAR
  -------         ENDMOD        PCF85063BTL

  -------         MODULE        UART1
  C:0000H         SYMBOL        _ICE_DUMMY_
  D:0080H         PUBLIC        P0
  D:0090H         PUBLIC        P1
  D:00A0H         PUBLIC        P2
  D:00B0H         PUBLIC        P3
  D:00C0H         PUBLIC        P4
  D:00C8H         PUBLIC        P5
  B:00A8H.7       PUBLIC        EA
  D:00E8H         PUBLIC        P6
  D:00F8H         PUBLIC        P7
  C:4956H         PUBLIC        _SendString
  D:00A8H         PUBLIC        IE
  B:00A8H.4       PUBLIC        ES
  D:00B8H         PUBLIC        IP
  C:4B4BH         PUBLIC        _ASCIItoBCD
  D:00D8H         PUBLIC        CCON
  C:4BECH         PUBLIC        initUART1
  D:0098H         PUBLIC        SCON
  D:0088H         PUBLIC        TCON
  C:000AH         PUBLIC        _DectoBCD
  C:4C6EH         PUBLIC        _ASCII_Letter
  D:008EH         PUBLIC        AUXR
  C:4C69H         PUBLIC        _unit
  C:0003H         PUBLIC        _ten
  D:00D6H         PUBLIC        T2H
  D:00D7H         PUBLIC        T2L
  D:00D0H         PUBLIC        PSW
  -------         PROC          INITUART1
BL51 BANKED LINKER/LOCATER V6.22                                                      02/22/2019  16:01:06  PAGE 18


  C:4BECH         LINE#         21
  C:4BECH         LINE#         22
  C:4BECH         LINE#         23
  C:4BEFH         LINE#         24
  C:4BF2H         LINE#         25
  C:4BF5H         LINE#         26
  C:4BF8H         LINE#         27
  C:4BFAH         LINE#         28
  C:4BFCH         LINE#         30
  -------         ENDPROC       INITUART1
  -------         PROC          _SENDSTRING
  X:0632H         SYMBOL        s
  C:4956H         LINE#         35
  C:4961H         LINE#         36
  C:4961H         LINE#         37
  C:4971H         LINE#         38
  C:4971H         LINE#         39
  C:4986H         LINE#         40
  C:4988H         LINE#         41
  -------         ENDPROC       _SENDSTRING
  -------         PROC          _TEN
  D:0007H         SYMBOL        BCD
  C:0003H         LINE#         43
  C:0003H         LINE#         44
  C:0003H         LINE#         45
  C:0008H         LINE#         46
  -------         ENDPROC       _TEN
  -------         PROC          _UNIT
  D:0007H         SYMBOL        BCD
  C:4C69H         LINE#         47
  C:4C69H         LINE#         48
  C:4C69H         LINE#         52
  C:4C6DH         LINE#         53
  -------         ENDPROC       _UNIT
  -------         PROC          _DECTOBCD
  D:0007H         SYMBOL        dec
  C:000AH         LINE#         54
  C:000AH         LINE#         55
  C:000AH         LINE#         57
  C:000AH         LINE#         58
  -------         ENDPROC       _DECTOBCD
  -------         PROC          _ASCII_LETTER
  D:0007H         SYMBOL        dat
  C:4C6EH         LINE#         60
  C:4C6EH         LINE#         61
  C:4C6EH         LINE#         63
  C:4C72H         LINE#         64
  -------         ENDPROC       _ASCII_LETTER
  -------         PROC          _ASCIITOBCD
  D:0001H         SYMBOL        ascii
  -------         DO            
  D:0007H         SYMBOL        dec_val
  D:0006H         SYMBOL        ten
  D:0007H         SYMBOL        unit
  -------         ENDDO         
  C:4B4BH         LINE#         66
  C:4B4BH         LINE#         67
BL51 BANKED LINKER/LOCATER V6.22                                                      02/22/2019  16:01:06  PAGE 19


  C:4B4BH         LINE#         69
  C:4B4EH         LINE#         70
  C:4B54H         LINE#         71
  C:4B5BH         LINE#         72
  C:4B61H         LINE#         74
  -------         ENDPROC       _ASCIITOBCD
  -------         ENDMOD        UART1

  -------         MODULE        LCD_DRIVER_SPLC780D
  C:0000H         SYMBOL        _ICE_DUMMY_
  D:0092H         PUBLIC        P1M0
  D:0091H         PUBLIC        P1M1
  D:0080H         PUBLIC        P0
  D:0090H         PUBLIC        P1
  D:00A0H         PUBLIC        P2
  D:00B0H         PUBLIC        P3
  D:00C0H         PUBLIC        P4
  D:00C8H         PUBLIC        P5
  D:00E8H         PUBLIC        P6
  D:00F8H         PUBLIC        P7
  C:45DCH         PUBLIC        _WriteData
  D:00A8H         PUBLIC        IE
  D:00B8H         PUBLIC        IP
  D:00D8H         PUBLIC        CCON
  B:00B0H.4       PUBLIC        LCD_D4
  B:00B0H.5       PUBLIC        LCD_D5
  B:00B0H.6       PUBLIC        LCD_D6
  C:4AFBH         PUBLIC        _DisplayLCD
  B:00B0H.7       PUBLIC        LCD_D7
  D:0098H         PUBLIC        SCON
  D:0088H         PUBLIC        TCON
  C:4C59H         PUBLIC        LCD_clear
  C:489BH         PUBLIC        _Command
  C:4B78H         PUBLIC        _Display_Line
  C:471AH         PUBLIC        LCD_Init
  C:4A60H         PUBLIC        _Wait_ms
  B:00C0H.0       PUBLIC        LCD_RS
  B:00B0H.2       PUBLIC        LCD_RW
  C:4C4FH         PUBLIC        LCD_return_home
  B:00B0H.3       PUBLIC        LCD_E
  D:00D0H         PUBLIC        PSW
  -------         PROC          LCD_INIT
  C:471AH         LINE#         9
  C:471AH         LINE#         10
  C:471AH         LINE#         11
  C:471DH         LINE#         12
  C:4720H         LINE#         14
  C:4726H         LINE#         15
  C:472BH         LINE#         17
  C:4732H         LINE#         18
  C:4737H         LINE#         20
  C:473AH         LINE#         21
  C:473FH         LINE#         23
  C:4742H         LINE#         24
  C:4747H         LINE#         26
  C:474EH         LINE#         29
  C:4753H         LINE#         30
BL51 BANKED LINKER/LOCATER V6.22                                                      02/22/2019  16:01:06  PAGE 20


  C:4758H         LINE#         32
  C:475DH         LINE#         33
  C:4762H         LINE#         35
  C:4767H         LINE#         36
  C:476CH         LINE#         37
  -------         ENDPROC       LCD_INIT
  -------         PROC          _WRITEDATA
  X:046CH         SYMBOL        dat
  C:45DCH         LINE#         40
  C:45E1H         LINE#         41
  C:45E1H         LINE#         46
  C:45E3H         LINE#         47
  C:45E5H         LINE#         49
  C:45F3H         LINE#         50
  C:45FFH         LINE#         51
  C:460BH         LINE#         52
  C:4615H         LINE#         53
  C:4617H         LINE#         54
  C:461EH         LINE#         55
  C:4620H         LINE#         57
  C:4630H         LINE#         58
  C:463BH         LINE#         59
  C:4645H         LINE#         60
  C:4649H         LINE#         62
  C:4649H         LINE#         63
  C:464CH         LINE#         64
  C:464EH         LINE#         65
  C:4650H         LINE#         67
  -------         ENDPROC       _WRITEDATA
  -------         PROC          _COMMAND
  D:0007H         SYMBOL        dat
  C:489BH         LINE#         69
  C:489BH         LINE#         70
  C:489BH         LINE#         71
  C:489DH         LINE#         72
  C:489FH         LINE#         74
  C:48A9H         LINE#         75
  C:48ADH         LINE#         77
  C:48AFH         LINE#         78
  C:48B8H         LINE#         79
  C:48BCH         LINE#         81
  C:48BEH         LINE#         82
  C:48C5H         LINE#         83
  C:48C9H         LINE#         85
  C:48CBH         LINE#         86
  C:48CFH         LINE#         87
  C:48D3H         LINE#         89
  C:48D5H         LINE#         90
  C:48D5H         LINE#         91
  C:48D8H         LINE#         92
  C:48DAH         LINE#         93
  -------         ENDPROC       _COMMAND
  C:4A5CH         SYMBOL        L?0028
  -------         PROC          L?0027
  -------         ENDPROC       L?0027
  C:4A5CH         SYMBOL        L?0028
  -------         PROC          _WAIT_MS
BL51 BANKED LINKER/LOCATER V6.22                                                      02/22/2019  16:01:06  PAGE 21


  D:0006H         SYMBOL        ms
  -------         DO            
  D:0004H         SYMBOL        De_Cnt
  -------         ENDDO         
  C:4A60H         LINE#         95
  C:4A60H         LINE#         96
  C:4A60H         LINE#         98
  C:4A6AH         LINE#         99
  C:4A6AH         LINE#         100
  C:4A7DH         LINE#         101
  C:4A7DH         LINE#         102
  -------         ENDPROC       _WAIT_MS
  -------         PROC          _DISPLAYLCD
  D:0007H         SYMBOL        BCD
  -------         DO            
  D:0006H         SYMBOL        first_digit
  X:03BFH         SYMBOL        second_digit
  -------         ENDDO         
  C:4AFBH         LINE#         103
  C:4AFBH         LINE#         104
  C:4AFBH         LINE#         106
  C:4B02H         LINE#         107
  C:4B0BH         LINE#         109
  C:4B10H         LINE#         111
  -------         ENDPROC       _DISPLAYLCD
  -------         PROC          LCD_RETURN_HOME
  C:4C4FH         LINE#         115
  C:4C4FH         LINE#         116
  C:4C4FH         LINE#         117
  C:4C54H         LINE#         118
  -------         ENDPROC       LCD_RETURN_HOME
  -------         PROC          LCD_CLEAR
  C:4C59H         LINE#         121
  C:4C59H         LINE#         122
  C:4C59H         LINE#         123
  C:4C5EH         LINE#         124
  -------         ENDPROC       LCD_CLEAR
  -------         PROC          _DISPLAY_LINE
  D:0006H         SYMBOL        line
  C:4B78H         LINE#         128
  C:4B78H         LINE#         129
  C:4B78H         LINE#         130
  C:4B7EH         LINE#         131
  C:4B7EH         LINE#         132
  C:4B80H         LINE#         133
  C:4B80H         LINE#         134
  C:4B82H         LINE#         136
  C:4B82H         LINE#         137
  C:4B87H         LINE#         138
  C:4B8CH         LINE#         139
  C:4B8CH         LINE#         140
  -------         ENDPROC       _DISPLAY_LINE
  -------         ENDMOD        LCD_DRIVER_SPLC780D

  -------         MODULE        KEYPAD
  C:0000H         SYMBOL        _ICE_DUMMY_
  D:0093H         PUBLIC        P0M1
BL51 BANKED LINKER/LOCATER V6.22                                                      02/22/2019  16:01:06  PAGE 22


  D:0080H         PUBLIC        P0
  D:0090H         PUBLIC        P1
  D:00A0H         PUBLIC        P2
  D:00B0H         PUBLIC        P3
  D:00C0H         PUBLIC        P4
  D:00C8H         PUBLIC        P5
  B:0020H.0       PUBLIC        calib_mode
  D:00E8H         PUBLIC        P6
  D:00F8H         PUBLIC        P7
  D:00A8H         PUBLIC        IE
  C:3500H         PUBLIC        Key_Scan
  D:00B8H         PUBLIC        IP
  D:00D8H         PUBLIC        CCON
  C:4C37H         PUBLIC        KeyPad_IO_Init
  C:4ADDH         PUBLIC        _Delay_ms
  D:0098H         PUBLIC        SCON
  D:0088H         PUBLIC        TCON
  B:0020H.1       PUBLIC        small_move
  B:0020H.2       PUBLIC        move
  B:0020H.3       PUBLIC        direction
  B:0020H.4       PUBLIC        auto_move
  C:308FH         PUBLIC        Key_Process
  D:00D0H         PUBLIC        PSW
  D:0094H         PUBLIC        P0M0
  -------         PROC          _DELAY_MS
  D:0006H         SYMBOL        ms
  -------         DO            
  D:0004H         SYMBOL        De_Cnt
  -------         ENDDO         
  C:4ADDH         LINE#         19
  C:4ADDH         LINE#         20
  C:4ADDH         LINE#         22
  C:4AE7H         LINE#         23
  C:4AE7H         LINE#         24
  C:4AFAH         LINE#         25
  C:4AFAH         LINE#         26
  -------         ENDPROC       _DELAY_MS
  -------         PROC          KEY_SCAN
  -------         DO            
  X:03C5H         SYMBOL        KeyTemp1
  X:03C6H         SYMBOL        KeyTemp2
  X:03C7H         SYMBOL        KeyValue
  -------         ENDDO         
  C:3500H         LINE#         27
  C:3500H         LINE#         28
  C:3500H         LINE#         33
  C:3503H         LINE#         36
  C:3506H         LINE#         38
  C:350EH         LINE#         39
  C:3515H         LINE#         40
  C:3515H         LINE#         42
  C:351AH         LINE#         43
  C:3521H         LINE#         44
  C:3521H         LINE#         47
  C:3524H         LINE#         48
  C:3527H         LINE#         49
  C:352CH         LINE#         50
BL51 BANKED LINKER/LOCATER V6.22                                                      02/22/2019  16:01:06  PAGE 23


  C:3530H         LINE#         51
  C:3530H         LINE#         52
  C:3538H         LINE#         53
  C:3538H         LINE#         54
  C:353BH         LINE#         55
  C:3543H         LINE#         56
  C:3545H         LINE#         58
  C:3559H         LINE#         59
  C:3559H         LINE#         60
  C:3559H         LINE#         61
  C:3559H         LINE#         62
  C:355FH         LINE#         64
  C:3561H         LINE#         65
  C:3561H         LINE#         66
  C:3561H         LINE#         67
  C:3567H         LINE#         69
  C:3569H         LINE#         70
  C:3569H         LINE#         71
  C:3569H         LINE#         72
  C:356FH         LINE#         74
  C:3571H         LINE#         75
  C:3571H         LINE#         76
  C:3571H         LINE#         77
  C:3577H         LINE#         79
  C:3577H         LINE#         80
  C:3577H         LINE#         81
  C:3577H         LINE#         84
  C:357AH         LINE#         85
  C:357DH         LINE#         86
  C:3585H         LINE#         87
  C:3589H         LINE#         88
  C:3589H         LINE#         89
  C:3591H         LINE#         90
  C:3591H         LINE#         91
  C:3594H         LINE#         92
  C:359CH         LINE#         93
  C:359EH         LINE#         94
  C:35B2H         LINE#         95
  C:35B2H         LINE#         96
  C:35B2H         LINE#         97
  C:35B2H         LINE#         98
  C:35B8H         LINE#         100
  C:35BAH         LINE#         101
  C:35BAH         LINE#         102
  C:35BAH         LINE#         103
  C:35C0H         LINE#         105
  C:35C2H         LINE#         106
  C:35C2H         LINE#         107
  C:35C2H         LINE#         108
  C:35C8H         LINE#         110
  C:35CAH         LINE#         111
  C:35CAH         LINE#         112
  C:35CAH         LINE#         113
  C:35CFH         LINE#         115
  C:35CFH         LINE#         116
  C:35CFH         LINE#         117
  C:35CFH         LINE#         120
BL51 BANKED LINKER/LOCATER V6.22                                                      02/22/2019  16:01:06  PAGE 24


  C:35D2H         LINE#         121
  C:35D5H         LINE#         122
  C:35DDH         LINE#         123
  C:35E1H         LINE#         124
  C:35E1H         LINE#         125
  C:35E9H         LINE#         126
  C:35E9H         LINE#         127
  C:35ECH         LINE#         128
  C:35F4H         LINE#         129
  C:35F6H         LINE#         130
  C:360AH         LINE#         131
  C:360AH         LINE#         132
  C:360AH         LINE#         133
  C:360AH         LINE#         134
  C:3610H         LINE#         136
  C:3612H         LINE#         137
  C:3612H         LINE#         138
  C:3612H         LINE#         139
  C:3618H         LINE#         141
  C:361AH         LINE#         142
  C:361AH         LINE#         143
  C:361AH         LINE#         144
  C:3620H         LINE#         146
  C:3622H         LINE#         147
  C:3622H         LINE#         148
  C:3622H         LINE#         149
  C:3628H         LINE#         151
  C:3628H         LINE#         152
  C:3628H         LINE#         153
  C:3628H         LINE#         157
  C:362BH         LINE#         158
  C:362EH         LINE#         159
  C:3636H         LINE#         160
  C:363AH         LINE#         161
  C:363AH         LINE#         162
  C:3642H         LINE#         163
  C:3642H         LINE#         164
  C:3645H         LINE#         165
  C:364DH         LINE#         166
  C:364FH         LINE#         167
  C:3663H         LINE#         168
  C:3663H         LINE#         169
  C:3663H         LINE#         170
  C:3663H         LINE#         171
  C:3669H         LINE#         173
  C:366BH         LINE#         174
  C:366BH         LINE#         175
  C:366BH         LINE#         176
  C:3671H         LINE#         178
  C:3673H         LINE#         179
  C:3673H         LINE#         180
  C:3673H         LINE#         181
  C:3679H         LINE#         183
  C:367BH         LINE#         184
  C:367BH         LINE#         185
  C:367BH         LINE#         186
  C:3681H         LINE#         188
BL51 BANKED LINKER/LOCATER V6.22                                                      02/22/2019  16:01:06  PAGE 25


  C:3681H         LINE#         189
  C:3681H         LINE#         190
  C:3681H         LINE#         192
  C:3687H         LINE#         193
  C:3687H         LINE#         195
  C:3687H         LINE#         196
  C:368AH         LINE#         197
  C:368AH         LINE#         198
  C:368AH         LINE#         200
  C:368AH         LINE#         201
  C:368CH         LINE#         202
  C:368CH         LINE#         203
  -------         ENDPROC       KEY_SCAN
  -------         PROC          KEY_PROCESS
  -------         DO            
  X:0618H         SYMBOL        KeyCount
  X:061AH         SYMBOL        KeyNum_Old
  X:061BH         SYMBOL        KeyNum
  X:061CH         SYMBOL        PressedKey
  X:03BFH         SYMBOL        d
  D:0004H         SYMBOL        hours
  D:0006H         SYMBOL        mins
  X:03C1H         SYMBOL        months
  X:03C3H         SYMBOL        days
  -------         ENDDO         
  C:308FH         LINE#         204
  C:308FH         LINE#         205
  C:308FH         LINE#         209
  C:3097H         LINE#         210
  C:309FH         LINE#         212
  C:30A2H         LINE#         213
  C:30A2H         LINE#         214
  C:30A5H         LINE#         216
  C:30A5H         LINE#         217
  C:30B2H         LINE#         218
  C:30B2H         LINE#         219
  C:30B5H         LINE#         220
  C:30B8H         LINE#         222
  C:30BBH         LINE#         224
  C:30BBH         LINE#         225
  C:30C6H         LINE#         226
  C:30C6H         LINE#         227
  C:30C9H         LINE#         229
  C:30C9H         LINE#         230
  C:30D0H         LINE#         231
  C:30D0H         LINE#         232
  C:30D3H         LINE#         234
  C:30D3H         LINE#         235
  C:30DBH         LINE#         236
  C:30DBH         LINE#         237
  C:30E5H         LINE#         238
  C:30EDH         LINE#         240
  C:30F6H         LINE#         242
  C:30F6H         LINE#         251
  C:310BH         LINE#         252
  C:310BH         LINE#         253
  C:311DH         LINE#         254
BL51 BANKED LINKER/LOCATER V6.22                                                      02/22/2019  16:01:06  PAGE 26


  C:312BH         LINE#         255
  C:313AH         LINE#         256
  C:313AH         LINE#         258
  C:3140H         LINE#         262
  C:3156H         LINE#         263
  C:3167H         LINE#         264
  C:3182H         LINE#         265
  C:3182H         LINE#         266
  C:3192H         LINE#         267
  C:31A3H         LINE#         268
  C:31A3H         LINE#         272
  C:31BCH         LINE#         273
  C:31D3H         LINE#         274
  C:31F3H         LINE#         275
  C:31F3H         LINE#         276
  C:31FDH         LINE#         277
  C:31FDH         LINE#         278
  C:3206H         LINE#         279
  C:3206H         LINE#         280
  C:321AH         LINE#         281
  C:321AH         LINE#         282
  C:321AH         LINE#         283
  C:321AH         LINE#         284
  C:321AH         LINE#         285
  C:321CH         LINE#         287
  C:321CH         LINE#         288
  C:3228H         LINE#         289
  C:3228H         LINE#         290
  C:3239H         LINE#         291
  C:3239H         LINE#         292
  C:3239H         LINE#         293
  C:3239H         LINE#         294
  C:3239H         LINE#         296
  C:323BH         LINE#         298
  C:323BH         LINE#         299
  C:324CH         LINE#         300
  C:324CH         LINE#         301
  C:324CH         LINE#         302
  C:324CH         LINE#         303
  C:324CH         LINE#         305
  C:324CH         LINE#         307
  C:324CH         LINE#         308
  C:324EH         LINE#         310
  C:324EH         LINE#         311
  C:3261H         LINE#         312
  C:3261H         LINE#         313
  C:3272H         LINE#         314
  C:3272H         LINE#         315
  C:3272H         LINE#         316
  C:3272H         LINE#         317
  C:3272H         LINE#         318
  C:3274H         LINE#         320
  C:3274H         LINE#         321
  C:3285H         LINE#         322
  C:3285H         LINE#         323
  C:3296H         LINE#         324
  C:32A7H         LINE#         325
BL51 BANKED LINKER/LOCATER V6.22                                                      02/22/2019  16:01:06  PAGE 27


  C:32A7H         LINE#         326
  C:32A7H         LINE#         327
  C:32A7H         LINE#         328
  C:32A7H         LINE#         329
  C:32AAH         LINE#         330
  C:32AFH         LINE#         331
  C:32B4H         LINE#         332
  C:32B9H         LINE#         333
  C:32BEH         LINE#         334
  C:32C3H         LINE#         335
  C:32C8H         LINE#         336
  C:32CDH         LINE#         337
  C:32CDH         LINE#         339
  C:32EFH         LINE#         340
  C:32EFH         LINE#         341
  C:32F9H         LINE#         342
  C:32F9H         LINE#         343
  C:32FEH         LINE#         344
  C:3307H         LINE#         345
  C:331EH         LINE#         346
  C:331EH         LINE#         347
  C:332EH         LINE#         349
  C:332EH         LINE#         353
  -------         ENDPROC       KEY_PROCESS
  -------         PROC          KEYPAD_IO_INIT
  C:4C37H         LINE#         356
  C:4C37H         LINE#         357
  C:4C37H         LINE#         358
  C:4C3AH         LINE#         359
  C:4C3DH         LINE#         360
  C:4C40H         LINE#         361
  C:4C42H         LINE#         362
  -------         ENDPROC       KEYPAD_IO_INIT
  -------         ENDMOD        KEYPAD

  -------         MODULE        BIPOLARMOTOR
  C:0000H         SYMBOL        _ICE_DUMMY_
  D:0080H         PUBLIC        P0
  D:0090H         PUBLIC        P1
  X:0000H         PUBLIC        RX_pos_test
  D:00A0H         PUBLIC        P2
  D:00B0H         PUBLIC        P3
  D:00C0H         PUBLIC        P4
  D:00C8H         PUBLIC        P5
  D:00E8H         PUBLIC        P6
  D:00F8H         PUBLIC        P7
  X:00A0H         PUBLIC        low_date_azimuth_mapping
  D:00A8H         PUBLIC        IE
  C:3FA9H         PUBLIC        linear_interpolate
  C:4A0BH         PUBLIC        _Move
  D:00B8H         PUBLIC        IP
  C:3362H         PUBLIC        _findDet3x3
  C:2DCFH         PUBLIC        _findDet4x4
  D:00D8H         PUBLIC        CCON
  X:00C8H         PUBLIC        previous_move_time
  D:0098H         PUBLIC        SCON
  D:0088H         PUBLIC        TCON
BL51 BANKED LINKER/LOCATER V6.22                                                      02/22/2019  16:01:06  PAGE 28


  C:4C73H         PUBLIC        wait
  C:48DBH         PUBLIC        _Step_move
  X:00C9H         PUBLIC        dat
  C:000EH         PUBLIC        _Update_position
  C:47C3H         PUBLIC        vOneStepMove
  X:00CFH         PUBLIC        elevation_stamp
  X:010BH         PUBLIC        date_azimuth_mapping
  X:0133H         PUBLIC        RX_pos
  C:4B22H         PUBLIC        _BCDtoDec1
  X:038BH         PUBLIC        degree
  D:00D0H         PUBLIC        PSW
  -------         PROC          L?0062
  -------         ENDPROC       L?0062
  -------         PROC          _BCDTODEC1
  D:0007H         SYMBOL        bcd
  -------         DO            
  D:0006H         SYMBOL        hi
  D:0007H         SYMBOL        lo
  -------         ENDDO         
  C:4B22H         LINE#         28
  C:4B22H         LINE#         29
  C:4B22H         LINE#         31
  C:4B27H         LINE#         32
  C:4B2BH         LINE#         33
  C:4B32H         LINE#         34
  -------         ENDPROC       _BCDTODEC1
  -------         PROC          WAIT
  C:4C73H         LINE#         36
  C:4C73H         LINE#         38
  -------         ENDPROC       WAIT
  -------         PROC          VONESTEPMOVE
  B:0020H.7       SYMBOL        bDir
  C:47C3H         LINE#         40
  C:47C3H         LINE#         41
  C:47C3H         LINE#         43
  C:47C9H         LINE#         44
  C:47C9H         LINE#         45
  C:47CCH         LINE#         46
  C:47D5H         LINE#         47
  C:47DCH         LINE#         48
  C:47E1H         LINE#         49
  C:47E1H         LINE#         50
  C:47E1H         LINE#         52
  C:47E3H         LINE#         55
  C:47E3H         LINE#         56
  C:47E6H         LINE#         57
  C:47EFH         LINE#         58
  C:47F6H         LINE#         59
  C:47FCH         LINE#         60
  C:4805H         LINE#         61
  C:480CH         LINE#         62
  C:480CH         LINE#         66
  -------         ENDPROC       VONESTEPMOVE
  -------         PROC          _STEP_MOVE
  X:047BH         SYMBOL        step
  B:0020H.6       SYMBOL        dir
  -------         DO            
BL51 BANKED LINKER/LOCATER V6.22                                                      02/22/2019  16:01:06  PAGE 29


  X:047DH         SYMBOL        i
  -------         ENDDO         
  C:48DBH         LINE#         68
  C:48E3H         LINE#         69
  C:48E3H         LINE#         71
  C:48E8H         LINE#         74
  C:4903H         LINE#         75
  C:4903H         LINE#         76
  C:490AH         LINE#         78
  C:491AH         LINE#         80
  -------         ENDPROC       _STEP_MOVE
  -------         PROC          _MOVE
  X:0477H         SYMBOL        distance
  B:0020H.5       SYMBOL        direction
  -------         DO            
  D:0006H         SYMBOL        step
  -------         ENDDO         
  C:4A0BH         LINE#         82
  C:4A11H         LINE#         83
  C:4A11H         LINE#         86
  C:4A2CH         LINE#         87
  -------         ENDPROC       _MOVE
  C:3343H         SYMBOL        L?0058
  C:3357H         SYMBOL        L?0059
  -------         PROC          L?0057
  -------         ENDPROC       L?0057
  C:3343H         SYMBOL        L?0058
  C:3357H         SYMBOL        L?0059
  -------         PROC          _FINDDET3X3
  X:05F4H         SYMBOL        a11
  X:05F8H         SYMBOL        a12
  X:05FCH         SYMBOL        a13
  X:0600H         SYMBOL        a21
  X:0604H         SYMBOL        a22
  X:0608H         SYMBOL        a23
  X:060CH         SYMBOL        a31
  X:0610H         SYMBOL        a32
  X:0614H         SYMBOL        a33
  C:3362H         LINE#         91
  C:3368H         LINE#         95
  C:3368H         LINE#         96
  C:34FFH         LINE#         98
  -------         ENDPROC       _FINDDET3X3
  -------         PROC          _FINDDET4X4
  X:05B4H         SYMBOL        a11
  X:05B8H         SYMBOL        a12
  X:05BCH         SYMBOL        a13
  X:05C0H         SYMBOL        a14
  X:05C4H         SYMBOL        a21
  X:05C8H         SYMBOL        a22
  X:05CCH         SYMBOL        a23
  X:05D0H         SYMBOL        a24
  X:05D4H         SYMBOL        a31
  X:05D8H         SYMBOL        a32
  X:05DCH         SYMBOL        a33
  X:05E0H         SYMBOL        a34
  X:05E4H         SYMBOL        a41
BL51 BANKED LINKER/LOCATER V6.22                                                      02/22/2019  16:01:06  PAGE 30


  X:05E8H         SYMBOL        a42
  X:05ECH         SYMBOL        a43
  X:05F0H         SYMBOL        a44
  C:2DCFH         LINE#         99
  C:2DD5H         LINE#         103
  C:2DD5H         LINE#         110
  C:308EH         LINE#         114
  -------         ENDPROC       _FINDDET4X4
  C:3F98H         SYMBOL        L?0061
  -------         PROC          L?0060
  -------         ENDPROC       L?0060
  C:3F98H         SYMBOL        L?0061
  -------         PROC          LINEAR_INTERPOLATE
  X:0477H         SYMBOL        p1
  X:047FH         SYMBOL        p2
  X:0487H         SYMBOL        x
  -------         DO            
  D:0004H         SYMBOL        fx
  -------         ENDDO         
  C:3FA9H         LINE#         120
  C:3FA9H         LINE#         121
  C:3FA9H         LINE#         124
  C:4048H         LINE#         126
  C:4048H         LINE#         127
  -------         ENDPROC       LINEAR_INTERPOLATE
  -------         PROC          _UPDATE_POSITION
  D:0001H         SYMBOL        mnths
  D:0002H         SYMBOL        dys
  X:03DAH         SYMBOL        hurs
  X:03DBH         SYMBOL        mns
  X:03DCH         SYMBOL        sconds
  X:03DDH         SYMBOL        currnt_pos
  X:03E0H         SYMBOL        offset_calib
  -------         DO            
  X:03E4H         SYMBOL        date
  X:03E6H         SYMBOL        i
  X:03E8H         SYMBOL        yy
  X:03EAH         SYMBOL        desired_distance
  X:03EEH         SYMBOL        distance
  X:03F2H         SYMBOL        JP_pos
  X:03F6H         SYMBOL        pos_interpolate_azimuth
  X:0432H         SYMBOL        current_local_sun_time
  X:0436H         SYMBOL        azimuth
  X:043AH         SYMBOL        elevation
  X:043EH         SYMBOL        time_offset
  X:0442H         SYMBOL        UTC_time
  X:0446H         SYMBOL        declination
  X:044AH         SYMBOL        p1
  X:0452H         SYMBOL        p2
  X:045AH         SYMBOL        time
  X:046CH         SYMBOL        location
  X:0474H         SYMBOL        sunCoord
  -------         ENDDO         
  C:000EH         LINE#         131
  C:0017H         LINE#         134
  C:0017H         LINE#         135
  C:0022H         LINE#         137
BL51 BANKED LINKER/LOCATER V6.22                                                      02/22/2019  16:01:06  PAGE 31


  C:003EH         LINE#         138
  C:0048H         LINE#         146
  C:0052H         LINE#         147
  C:005CH         LINE#         148
  C:0066H         LINE#         149
  C:0071H         LINE#         150
  C:007CH         LINE#         151
  C:0095H         LINE#         152
  C:00A6H         LINE#         153
  C:00B5H         LINE#         156
  C:00C9H         LINE#         160
  C:011BH         LINE#         161
  C:027FH         LINE#         162
  C:02CFH         LINE#         164
  C:03F7H         LINE#         166
  C:04C6H         LINE#         173
  C:050DH         LINE#         174
  C:050DH         LINE#         176
  C:0527H         LINE#         177
  C:0527H         LINE#         178
  C:0597H         LINE#         179
  C:0597H         LINE#         180
  C:059EH         LINE#         181
  C:059EH         LINE#         182
  C:05CBH         LINE#         183
  C:05E6H         LINE#         185
  C:062DH         LINE#         186
  C:0661H         LINE#         188
  C:06A7H         LINE#         189
  C:06CAH         LINE#         191
  C:06CAH         LINE#         193
  C:0740H         LINE#         194
  C:0740H         LINE#         195
  C:0747H         LINE#         196
  C:0747H         LINE#         197
  C:0774H         LINE#         198
  C:078FH         LINE#         200
  C:07D6H         LINE#         201
  C:080AH         LINE#         203
  C:0850H         LINE#         204
  C:0870H         LINE#         206
  C:0870H         LINE#         207
  C:0881H         LINE#         210
  C:089BH         LINE#         211
  C:089BH         LINE#         212
  C:090BH         LINE#         213
  C:090BH         LINE#         214
  C:0938H         LINE#         215
  C:0953H         LINE#         217
  C:0980H         LINE#         218
  C:099BH         LINE#         220
  C:09CDH         LINE#         223
  C:09CDH         LINE#         225
  C:09DEH         LINE#         227
  C:0A0DH         LINE#         229
  C:0A32H         LINE#         230
  C:0A97H         LINE#         231
BL51 BANKED LINKER/LOCATER V6.22                                                      02/22/2019  16:01:06  PAGE 32


  C:0A97H         LINE#         232
  C:0AB1H         LINE#         233
  C:0AC3H         LINE#         234
  C:0ADBH         LINE#         235
  C:0AF1H         LINE#         237
  C:0B0DH         LINE#         238
  C:0B0DH         LINE#         239
  C:0B0DH         LINE#         242
  -------         ENDPROC       _UPDATE_POSITION
  -------         ENDMOD        BIPOLARMOTOR

  -------         MODULE        SUNPOS
  C:0000H         SYMBOL        _ICE_DUMMY_
  C:1F32H         PUBLIC        sunpos
  -------         PROC          SUNPOS
  X:0477H         SYMBOL        udtTime
  X:0489H         SYMBOL        udtLocation
  X:0491H         SYMBOL        udtSunCoordinates
  -------         DO            
  X:0494H         SYMBOL        dElapsedJulianDays
  X:0498H         SYMBOL        dDecimalHours
  X:049CH         SYMBOL        dEclipticLongitude
  X:04A0H         SYMBOL        dEclipticObliquity
  X:04A4H         SYMBOL        dRightAscension
  X:04A8H         SYMBOL        dDeclination
  X:04ACH         SYMBOL        dY
  X:04B0H         SYMBOL        dX
  -------         DO            
  X:04B4H         SYMBOL        dJulianDate
  X:04B8H         SYMBOL        liAux1
  X:04BCH         SYMBOL        liAux2
  X:04B4H         SYMBOL        dMeanLongitude
  X:04B8H         SYMBOL        dMeanAnomaly
  X:04BCH         SYMBOL        dOmega
  X:04B4H         SYMBOL        dSin_EclipticLongitude
  X:04B4H         SYMBOL        dGreenwichMeanSiderealTime
  X:04B8H         SYMBOL        dLocalMeanSiderealTime
  X:04BCH         SYMBOL        dLatitudeInRadians
  X:04C0H         SYMBOL        dHourAngle
  X:04C4H         SYMBOL        dCos_Latitude
  X:04C8H         SYMBOL        dSin_Latitude
  X:04CCH         SYMBOL        dCos_HourAngle
  X:04D0H         SYMBOL        dParallax
  -------         ENDDO         
  -------         DO            
  X:04B4H         SYMBOL        dMeanLongitude
  X:04B8H         SYMBOL        dMeanAnomaly
  X:04BCH         SYMBOL        dOmega
  X:04B4H         SYMBOL        dSin_EclipticLongitude
  X:04B4H         SYMBOL        dGreenwichMeanSiderealTime
  X:04B8H         SYMBOL        dLocalMeanSiderealTime
  X:04BCH         SYMBOL        dLatitudeInRadians
  X:04C0H         SYMBOL        dHourAngle
  X:04C4H         SYMBOL        dCos_Latitude
  X:04C8H         SYMBOL        dSin_Latitude
  X:04CCH         SYMBOL        dCos_HourAngle
  X:04D0H         SYMBOL        dParallax
BL51 BANKED LINKER/LOCATER V6.22                                                      02/22/2019  16:01:06  PAGE 33


  -------         ENDDO         
  -------         DO            
  X:04B4H         SYMBOL        dSin_EclipticLongitude
  X:04B4H         SYMBOL        dGreenwichMeanSiderealTime
  X:04B8H         SYMBOL        dLocalMeanSiderealTime
  X:04BCH         SYMBOL        dLatitudeInRadians
  X:04C0H         SYMBOL        dHourAngle
  X:04C4H         SYMBOL        dCos_Latitude
  X:04C8H         SYMBOL        dSin_Latitude
  X:04CCH         SYMBOL        dCos_HourAngle
  X:04D0H         SYMBOL        dParallax
  -------         ENDDO         
  -------         DO            
  X:04B4H         SYMBOL        dGreenwichMeanSiderealTime
  X:04B8H         SYMBOL        dLocalMeanSiderealTime
  X:04BCH         SYMBOL        dLatitudeInRadians
  X:04C0H         SYMBOL        dHourAngle
  X:04C4H         SYMBOL        dCos_Latitude
  X:04C8H         SYMBOL        dSin_Latitude
  X:04CCH         SYMBOL        dCos_HourAngle
  X:04D0H         SYMBOL        dParallax
  -------         ENDDO         
  -------         ENDDO         
  C:1F32H         LINE#         6
  C:1F32H         LINE#         7
  C:1F32H         LINE#         9
  C:1F32H         LINE#         27
  C:1F7CH         LINE#         30
  C:1F9DH         LINE#         31
  C:20E4H         LINE#         34
  C:2130H         LINE#         36
  C:214FH         LINE#         37
  C:214FH         LINE#         42
  C:214FH         LINE#         46
  C:2181H         LINE#         47
  C:21ABH         LINE#         48
  C:21D5H         LINE#         49
  C:2282H         LINE#         52
  C:22E3H         LINE#         54
  C:22E3H         LINE#         59
  C:22E3H         LINE#         61
  C:22FAH         LINE#         62
  C:2322H         LINE#         63
  C:2339H         LINE#         64
  C:2364H         LINE#         65
  C:239BH         LINE#         66
  C:23C6H         LINE#         67
  C:23C6H         LINE#         70
  C:23C6H         LINE#         79
  C:2401H         LINE#         82
  C:243BH         LINE#         84
  C:2460H         LINE#         85
  C:247FH         LINE#         86
  C:2496H         LINE#         87
  C:24ADH         LINE#         88
  C:24C4H         LINE#         89
  C:254DH         LINE#         91
BL51 BANKED LINKER/LOCATER V6.22                                                      02/22/2019  16:01:06  PAGE 34


  C:2567H         LINE#         92
  C:25C9H         LINE#         93
  C:25FFH         LINE#         94
  C:2611H         LINE#         95
  C:263EH         LINE#         96
  C:266BH         LINE#         98
  C:268DH         LINE#         100
  C:26C5H         LINE#         103
  C:26C5H         LINE#         104
  C:26D3H         LINE#         105
  -------         ENDPROC       SUNPOS
  -------         ENDMOD        SUNPOS

  -------         MODULE        ADC
  C:0000H         SYMBOL        _ICE_DUMMY_
  D:0092H         PUBLIC        P1M0
  D:0091H         PUBLIC        P1M1
  D:0080H         PUBLIC        P0
  D:0090H         PUBLIC        P1
  D:00A0H         PUBLIC        P2
  D:00B0H         PUBLIC        P3
  D:00C0H         PUBLIC        P4
  D:00C8H         PUBLIC        P5
  D:00E8H         PUBLIC        P6
  D:00F8H         PUBLIC        P7
  D:00A8H         PUBLIC        IE
  D:00BDH         PUBLIC        ADC_RES
  D:00B8H         PUBLIC        IP
  D:0097H         PUBLIC        CLK_DIV
  D:00D8H         PUBLIC        CCON
  D:00BCH         PUBLIC        ADC_CONTR
  D:0098H         PUBLIC        SCON
  D:0088H         PUBLIC        TCON
  B:00A0H.4       PUBLIC        P24
  B:00A0H.5       PUBLIC        P25
  B:00A0H.6       PUBLIC        P26
  C:4ABEH         PUBLIC        ADC_Init
  C:4989H         PUBLIC        _ADC_GetResult
  D:009DH         PUBLIC        P1ASF
  D:00BEH         PUBLIC        ADC_RESL
  D:00D0H         PUBLIC        PSW
  -------         PROC          ADC_INIT
  C:4ABEH         LINE#         7
  C:4ABEH         LINE#         8
  C:4ABEH         LINE#         10
  C:4AC0H         LINE#         11
  C:4AC2H         LINE#         12
[...]


  C:3D0DH         LINE#         100
  C:3D0FH         LINE#         102
  C:3D0FH         LINE#         103
  C:3D0FH         LINE#         104
  C:3D0FH         LINE#         105
  C:3D12H         LINE#         106
  C:3D16H         LINE#         109
  C:3D35H         LINE#         111
  C:3D3CH         LINE#         112
  C:3D3CH         LINE#         113
  C:3D3EH         LINE#         114
  C:3D41H         LINE#         115
  C:3D5AH         LINE#         116
  C:3D5AH         LINE#         117
  C:3D5CH         LINE#         118
  C:3D5EH         LINE#         120
  C:3D5EH         LINE#         121
  C:3D60H         LINE#         123
  C:3D60H         LINE#         124
  C:3D60H         LINE#         125
  C:3D60H         LINE#         126
  C:3D63H         LINE#         127
  C:3D7CH         LINE#         129
  C:3D9BH         LINE#         131
  C:3DA2H         LINE#         132
  C:3DA2H         LINE#         133
  C:3DA4H         LINE#         134
  C:3DA7H         LINE#         135
  C:3DAEH         LINE#         136
  C:3DAEH         LINE#         137
  C:3DB0H         LINE#         138
  C:3DB2H         LINE#         140
  C:3DB2H         LINE#         141
  C:3DB4H         LINE#         143
  C:3DB4H         LINE#         144
  C:3DB4H         LINE#         145
  C:3DB4H         LINE#         146
  C:3DB7H         LINE#         147
  C:3DBEH         LINE#         149
  C:3DDDH         LINE#         151
  C:3DDFH         LINE#         152
  -------         ENDPROC       _AT25SF041_WRITE
  -------         PROC          _AT25SF041_READ
  D:0003H         SYMBOL        opcode
  X:0622H         SYMBOL        addr
  -------         DO            
  X:0626H         SYMBOL        dat
  X:0627H         SYMBOL        i
  -------         ENDDO         
  C:3BE5H         LINE#         156
  C:3BE7H         LINE#         157
  C:3BE7H         LINE#         158
  C:3BECH         LINE#         160
  C:3BEEH         LINE#         161
  C:3BF4H         LINE#         165
  C:3BF9H         LINE#         166
  C:3BF9H         LINE#         167
BL51 BANKED LINKER/LOCATER V6.22                                                      02/22/2019  16:01:06  PAGE 45


  C:3BFBH         LINE#         168
  C:3BFEH         LINE#         169
  C:3C02H         LINE#         170
  C:3C02H         LINE#         171
  C:3C04H         LINE#         172
  C:3C06H         LINE#         174
  C:3C06H         LINE#         175
  C:3C08H         LINE#         177
  C:3C08H         LINE#         178
  C:3C08H         LINE#         179
  C:3C08H         LINE#         180
  C:3C0BH         LINE#         181
  C:3C0FH         LINE#         184
  C:3C2EH         LINE#         186
  C:3C35H         LINE#         187
  C:3C35H         LINE#         188
  C:3C37H         LINE#         189
  C:3C3AH         LINE#         190
  C:3C53H         LINE#         191
  C:3C53H         LINE#         192
  C:3C55H         LINE#         193
  C:3C57H         LINE#         195
  C:3C57H         LINE#         196
  C:3C59H         LINE#         198
  C:3C59H         LINE#         199
  C:3C59H         LINE#         200
  C:3C59H         LINE#         201
  C:3C5CH         LINE#         202
  C:3C75H         LINE#         204
  C:3C94H         LINE#         207
  C:3C9BH         LINE#         209
  C:3C9DH         LINE#         210
  C:3CA4H         LINE#         212
  C:3CABH         LINE#         213
  C:3CABH         LINE#         214
  C:3CB2H         LINE#         215
  C:3CB2H         LINE#         216
  C:3CB5H         LINE#         217
  C:3CB7H         LINE#         218
  C:3CBAH         LINE#         220
  C:3CBDH         LINE#         221
  C:3CBDH         LINE#         223
  C:3CC1H         LINE#         224
  C:3CC1H         LINE#         230
  C:3CE0H         LINE#         233
  C:3CE2H         LINE#         234
  C:3CE5H         LINE#         235
  C:3CEAH         LINE#         237
  -------         ENDPROC       _AT25SF041_READ
  -------         PROC          READ_STATUS_REGISTER_BYTE1
  -------         DO            
  D:0003H         SYMBOL        dat
  D:0001H         SYMBOL        opcode
  X:03CFH         SYMBOL        count
  X:03D0H         SYMBOL        i
  -------         ENDDO         
  C:425DH         LINE#         241
BL51 BANKED LINKER/LOCATER V6.22                                                      02/22/2019  16:01:06  PAGE 46


  C:425DH         LINE#         242
  C:425DH         LINE#         243
  C:4263H         LINE#         244
  C:4267H         LINE#         245
  C:4269H         LINE#         246
  C:426BH         LINE#         247
  C:4271H         LINE#         251
  C:4278H         LINE#         252
  C:4278H         LINE#         253
  C:427AH         LINE#         254
  C:427DH         LINE#         255
  C:4281H         LINE#         256
  C:4281H         LINE#         257
  C:4283H         LINE#         258
  C:4285H         LINE#         260
  C:4285H         LINE#         261
  C:4287H         LINE#         263
  C:4287H         LINE#         264
  C:4287H         LINE#         265
  C:4287H         LINE#         266
  C:428AH         LINE#         267
  C:428EH         LINE#         270
  C:42ADH         LINE#         274
  C:42B4H         LINE#         276
  C:42B6H         LINE#         277
  C:42BDH         LINE#         278
  C:42C4H         LINE#         279
  C:42C4H         LINE#         280
  C:42C8H         LINE#         281
  C:42C8H         LINE#         282
  C:42CBH         LINE#         283
  C:42CDH         LINE#         284
  C:42D0H         LINE#         286
  C:42D3H         LINE#         287
  C:42D3H         LINE#         289
  C:42D7H         LINE#         290
  C:42D7H         LINE#         292
  C:42F6H         LINE#         296
  C:42F8H         LINE#         297
  C:42FBH         LINE#         298
  C:42FDH         LINE#         299
  -------         ENDPROC       READ_STATUS_REGISTER_BYTE1
  -------         PROC          SPI_NOR_WRITE_DATA
  X:03BFH         SYMBOL        dat
  X:03CAH         SYMBOL        addr
  C:3EC1H         LINE#         301
  C:3EC1H         LINE#         302
  C:3EC1H         LINE#         303
  C:3EDAH         LINE#         304
  C:3EDAH         LINE#         305
  C:3EDDH         LINE#         307
  C:3EE0H         LINE#         308
  C:3EE7H         LINE#         309
  C:3EE7H         LINE#         310
  C:3EEAH         LINE#         312
  C:3EFAH         LINE#         314
  C:3EFAH         LINE#         315
BL51 BANKED LINKER/LOCATER V6.22                                                      02/22/2019  16:01:06  PAGE 47


  C:3EFDH         LINE#         317
  C:3F0DH         LINE#         318
  C:3F0DH         LINE#         321
  C:3F10H         LINE#         323
  C:3F20H         LINE#         324
  C:3F20H         LINE#         326
  C:3F23H         LINE#         328
  C:3F33H         LINE#         329
  C:3F33H         LINE#         331
  C:3F36H         LINE#         333
  C:3F46H         LINE#         334
  C:3F46H         LINE#         336
  C:3F49H         LINE#         338
  C:3F59H         LINE#         339
  C:3F59H         LINE#         340
  C:3F5CH         LINE#         342
  C:3F6CH         LINE#         343
  C:3F6CH         LINE#         345
  C:3F6FH         LINE#         347
  C:3F7FH         LINE#         348
  -------         ENDPROC       SPI_NOR_WRITE_DATA
  -------         ENDMOD        AT25SF041

  -------         MODULE        ?C_STARTUP
  C:44CCH         SEGMENT       ?C_C51STARTUP
  I:0022H         SEGMENT       ?STACK
  C:0000H         PUBLIC        ?C_STARTUP
  D:00E0H         SYMBOL        ACC
  D:00F0H         SYMBOL        B
  D:0083H         SYMBOL        DPH
  D:0082H         SYMBOL        DPL
  N:0000H         SYMBOL        IBPSTACK
  N:0100H         SYMBOL        IBPSTACKTOP
  N:0080H         SYMBOL        IDATALEN
  C:44CFH         SYMBOL        IDATALOOP
  N:0000H         SYMBOL        PBPSTACK
  N:0100H         SYMBOL        PBPSTACKTOP
  N:0000H         SYMBOL        PDATALEN
  N:0000H         SYMBOL        PDATASTART
  N:0000H         SYMBOL        PPAGE
  N:0000H         SYMBOL        PPAGEENABLE
  D:00A0H         SYMBOL        PPAGE_SFR
  D:0081H         SYMBOL        SP
  C:44CCH         SYMBOL        STARTUP1
  N:0000H         SYMBOL        XBPSTACK
  N:0000H         SYMBOL        XBPSTACKTOP
  N:0000H         SYMBOL        XDATALEN
  N:0000H         SYMBOL        XDATASTART
  C:0000H         LINE#         126
  C:44CCH         LINE#         133
  C:44CEH         LINE#         134
  C:44CFH         LINE#         135
  C:44D0H         LINE#         136
  C:44D2H         LINE#         185
  C:44D5H         LINE#         196
  -------         ENDMOD        ?C_STARTUP

BL51 BANKED LINKER/LOCATER V6.22                                                      02/22/2019  16:01:06  PAGE 48


  -------         MODULE        ?C?FPADD
  C:1583H         PUBLIC        ?C?FPADD
  C:157FH         PUBLIC        ?C?FPSUB
  -------         ENDMOD        ?C?FPADD

  -------         MODULE        ?C?FPMUL
  C:1674H         PUBLIC        ?C?FPMUL
  -------         ENDMOD        ?C?FPMUL

  -------         MODULE        ?C?FPDIV
  C:177DH         PUBLIC        ?C?FPDIV
  -------         ENDMOD        ?C?FPDIV

  -------         MODULE        ?C?FPCMP
  C:181CH         PUBLIC        ?C?FPCMP
  C:181AH         PUBLIC        ?C?FPCMP3
  -------         ENDMOD        ?C?FPCMP

  -------         MODULE        ?C?FPNEG
  C:1893H         PUBLIC        ?C?FPNEG
  -------         ENDMOD        ?C?FPNEG

  -------         MODULE        ?C?FCAST
  C:18AEH         PUBLIC        ?C?FCASTC
  C:18A9H         PUBLIC        ?C?FCASTI
  C:18A4H         PUBLIC        ?C?FCASTL
  -------         ENDMOD        ?C?FCAST

  -------         MODULE        ?C?CASTF
  C:18E2H         PUBLIC        ?C?CASTF
  -------         ENDMOD        ?C?CASTF

  -------         MODULE        ATAN2
  X:04D4H         PUBLIC        ?_atan2?BYTE
  C:42FEH         PUBLIC        _atan2
  -------         ENDMOD        ATAN2

  -------         MODULE        SIN
  C:36D5H         PUBLIC        _COS
  C:36EBH         PUBLIC        _SIN
  C:3727H         PUBLIC        _TAN
  -------         ENDMOD        SIN

  -------         MODULE        ACOS
  C:480DH         PUBLIC        _ACOS
  -------         ENDMOD        ACOS

  -------         MODULE        ASIN
  C:491BH         PUBLIC        _ASIN
  -------         ENDMOD        ASIN

  -------         MODULE        SQRT
  C:41B5H         PUBLIC        _SQRT
  -------         ENDMOD        SQRT

  -------         MODULE        ATAN
  C:3AE3H         PUBLIC        _ATAN
BL51 BANKED LINKER/LOCATER V6.22                                                      02/22/2019  16:01:06  PAGE 49


  -------         ENDMOD        ATAN

  -------         MODULE        ?C?COPY
  C:1A80H         PUBLIC        ?C?COPY
  -------         ENDMOD        ?C?COPY

  -------         MODULE        ?C?CLDPTR
  C:1AA6H         PUBLIC        ?C?CLDPTR
  -------         ENDMOD        ?C?CLDPTR

  -------         MODULE        ?C?CLDOPTR
  C:1ABFH         PUBLIC        ?C?CLDOPTR
  -------         ENDMOD        ?C?CLDOPTR

  -------         MODULE        ?C?CSTPTR
  C:1AECH         PUBLIC        ?C?CSTPTR
  -------         ENDMOD        ?C?CSTPTR

  -------         MODULE        ?C?IMUL
  C:1AFEH         PUBLIC        ?C?IMUL
  -------         ENDMOD        ?C?IMUL

  -------         MODULE        ?C?UIDIV
  C:1B10H         PUBLIC        ?C?UIDIV
  -------         ENDMOD        ?C?UIDIV

  -------         MODULE        ?C?SIDIV
  C:1B65H         PUBLIC        ?C?SIDIV
  -------         ENDMOD        ?C?SIDIV

  -------         MODULE        ?C?ILDIX
  C:1B9BH         PUBLIC        ?C?ILDIX
  -------         ENDMOD        ?C?ILDIX

  -------         MODULE        ?C?ILDOPTR
  C:1BB1H         PUBLIC        ?C?ILDOPTR
  -------         ENDMOD        ?C?ILDOPTR

  -------         MODULE        ?C?ISTPTR
  C:1BE9H         PUBLIC        ?C?ISTPTR
  -------         ENDMOD        ?C?ISTPTR

  -------         MODULE        ?C?LMUL
  C:1C08H         PUBLIC        ?C?LMUL
  -------         ENDMOD        ?C?LMUL

  -------         MODULE        ?C?SLDIV
  C:4857H         PUBLIC        ?C?SLDIV
  -------         ENDMOD        ?C?SLDIV

  -------         MODULE        ?C?LNEG
  C:1C57H         PUBLIC        ?C?LNEG
  -------         ENDMOD        ?C?LNEG

  -------         MODULE        ?C?ULCMP
  C:1C65H         PUBLIC        ?C?ULCMP
  -------         ENDMOD        ?C?ULCMP
BL51 BANKED LINKER/LOCATER V6.22                                                      02/22/2019  16:01:06  PAGE 50



  -------         MODULE        ?C?LSHL
  C:1C76H         PUBLIC        ?C?LSHL
  -------         ENDMOD        ?C?LSHL

  -------         MODULE        ?C?LLDPTR
  C:1C89H         PUBLIC        ?C?LLDPTR
  -------         ENDMOD        ?C?LLDPTR

  -------         MODULE        ?C?LLDOPTR
  C:1CA9H         PUBLIC        ?C?LLDOPTR
  -------         ENDMOD        ?C?LLDOPTR

  -------         MODULE        ?C?LSTPTR
  C:1CD9H         PUBLIC        ?C?LSTPTR
  -------         ENDMOD        ?C?LSTPTR

  -------         MODULE        ?C?LSTOPTR
  C:1CF3H         PUBLIC        ?C?LSTOPTR
  -------         ENDMOD        ?C?LSTOPTR

  -------         MODULE        ?C?LLDXDATA
  C:1D17H         PUBLIC        ?C?LLDXDATA
  -------         ENDMOD        ?C?LLDXDATA

  -------         MODULE        ?C?LLDCODE
  C:1D23H         PUBLIC        ?C?LLDCODE
  -------         ENDMOD        ?C?LLDCODE

  -------         MODULE        ?C?LLDXDATA0
  C:1D33H         PUBLIC        ?C?LLDXDATA0
  -------         ENDMOD        ?C?LLDXDATA0

  -------         MODULE        ?C?LLDCODE0
  C:1D3FH         PUBLIC        ?C?LLDCODE0
  -------         ENDMOD        ?C?LLDCODE0

  -------         MODULE        ?C?LLDPTR0
  C:1D4FH         PUBLIC        ?C?LLDPTR0
  -------         ENDMOD        ?C?LLDPTR0

  -------         MODULE        ?C?LSTXDATA
  C:1D6FH         PUBLIC        ?C?LSTXDATA
  -------         ENDMOD        ?C?LSTXDATA

  -------         MODULE        ?C?LSTKXDATA
  C:1D7BH         PUBLIC        ?C?LSTKXDATA
  -------         ENDMOD        ?C?LSTKXDATA

  -------         MODULE        ?C?LSTKPTR
  C:1DACH         PUBLIC        ?C?LSTKPTR
  -------         ENDMOD        ?C?LSTKPTR

  -------         MODULE        ?C?OFFXADD
  C:1DC6H         PUBLIC        ?C?OFFXADD
  -------         ENDMOD        ?C?OFFXADD

BL51 BANKED LINKER/LOCATER V6.22                                                      02/22/2019  16:01:06  PAGE 51


  -------         MODULE        ABS
  C:4C43H         PUBLIC        _ABS
  -------         ENDMOD        ABS

  -------         MODULE        ATOI
  C:3DE6H         PUBLIC        _atoi
  -------         ENDMOD        ATOI

  -------         MODULE        ?C?IILDX
  C:1DD2H         PUBLIC        ?C?IILDX
  -------         ENDMOD        ?C?IILDX

  -------         MODULE        ?C?ULDIV
  C:1E24H         PUBLIC        ?C?ULDIV
  -------         ENDMOD        ?C?ULDIV

  -------         MODULE        ?C?LLDIDATA
  C:1EB6H         PUBLIC        ?C?LLDIDATA
  -------         ENDMOD        ?C?LLDIDATA

  -------         MODULE        ?C?LLDPDATA
  C:1EC2H         PUBLIC        ?C?LLDPDATA
  -------         ENDMOD        ?C?LLDPDATA

  -------         MODULE        ?C?LLDIDATA0
  C:1ECEH         PUBLIC        ?C?LLDIDATA0
  -------         ENDMOD        ?C?LLDIDATA0

  -------         MODULE        ?C?LLDPDATA0
  C:1EDBH         PUBLIC        ?C?LLDPDATA0
  -------         ENDMOD        ?C?LLDPDATA0

  -------         MODULE        ?C?LSTIDATA
  C:1EE8H         PUBLIC        ?C?LSTIDATA
  -------         ENDMOD        ?C?LSTIDATA

  -------         MODULE        ?C?LSTPDATA
  C:1EF4H         PUBLIC        ?C?LSTPDATA
  -------         ENDMOD        ?C?LSTPDATA

  -------         MODULE        ?C?LSTKIDATA
  C:1F00H         PUBLIC        ?C?LSTKIDATA
  -------         ENDMOD        ?C?LSTKIDATA

  -------         MODULE        ?C?LSTKPDATA
  C:1F19H         PUBLIC        ?C?LSTKPDATA
  -------         ENDMOD        ?C?LSTKPDATA

  -------         MODULE        ISDIGIT
  C:4C1BH         PUBLIC        _isdigit
  -------         ENDMOD        ISDIGIT

  -------         MODULE        ISSPACE
  C:4BB6H         PUBLIC        _isspace
  -------         ENDMOD        ISSPACE

*** WARNING L16: UNCALLED SEGMENT, IGNORED FOR OVERLAY PROCESS
BL51 BANKED LINKER/LOCATER V6.22                                                      02/22/2019  16:01:06  PAGE 52


    SEGMENT: ?PR?_DISPLAY_PROX?MAIN

*** WARNING L16: UNCALLED SEGMENT, IGNORED FOR OVERLAY PROCESS
    SEGMENT: ?PR?_DAY_OF_YEAR?PCF85063BTL

*** WARNING L16: UNCALLED SEGMENT, IGNORED FOR OVERLAY PROCESS
    SEGMENT: ?PR?INITUART1?UART1

*** WARNING L16: UNCALLED SEGMENT, IGNORED FOR OVERLAY PROCESS
    SEGMENT: ?PR?_SENDSTRING?UART1

*** WARNING L16: UNCALLED SEGMENT, IGNORED FOR OVERLAY PROCESS
    SEGMENT: ?PR?_TEN?UART1

*** WARNING L16: UNCALLED SEGMENT, IGNORED FOR OVERLAY PROCESS
    SEGMENT: ?PR?_UNIT?UART1

*** WARNING L16: UNCALLED SEGMENT, IGNORED FOR OVERLAY PROCESS
    SEGMENT: ?PR?_DECTOBCD?UART1

*** WARNING L16: UNCALLED SEGMENT, IGNORED FOR OVERLAY PROCESS
    SEGMENT: ?PR?_ASCII_LETTER?UART1

*** WARNING L16: UNCALLED SEGMENT, IGNORED FOR OVERLAY PROCESS
    SEGMENT: ?PR?_ASCIITOBCD?UART1

*** WARNING L16: UNCALLED SEGMENT, IGNORED FOR OVERLAY PROCESS
    SEGMENT: ?PR?WAIT?BIPOLARMOTOR

*** WARNING L16: UNCALLED SEGMENT, IGNORED FOR OVERLAY PROCESS
    SEGMENT: ?PR?_FINDDET4X4?BIPOLARMOTOR

*** WARNING L16: UNCALLED SEGMENT, IGNORED FOR OVERLAY PROCESS
    SEGMENT: ?PR?NOP?IOEXPANDER_PI4IOE5V96248

*** WARNING L16: UNCALLED SEGMENT, IGNORED FOR OVERLAY PROCESS
    SEGMENT: ?PR?UC_ACK?IOEXPANDER_PI4IOE5V96248

*** WARNING L16: UNCALLED SEGMENT, IGNORED FOR OVERLAY PROCESS
    SEGMENT: ?PR?UC_NACK?IOEXPANDER_PI4IOE5V96248

*** WARNING L16: UNCALLED SEGMENT, IGNORED FOR OVERLAY PROCESS
    SEGMENT: ?PR?_AT25SF041_READ?AT25SF041

*** WARNING L1: UNRESOLVED EXTERNAL SYMBOL
    SYMBOL:  AUTO_MODE
    MODULE:  .\Obj\main.obj (MAIN)

*** WARNING L2: REFERENCE MADE TO UNRESOLVED EXTERNAL
    SYMBOL:  AUTO_MODE
    MODULE:  .\Obj\main.obj (MAIN)
    ADDRESS: 0B45H

*** WARNING L2: REFERENCE MADE TO UNRESOLVED EXTERNAL
    SYMBOL:  AUTO_MODE
    MODULE:  .\Obj\main.obj (MAIN)
    ADDRESS: 0CBAH
BL51 BANKED LINKER/LOCATER V6.22                                                      02/22/2019  16:01:06  PAGE 53



*** WARNING L2: REFERENCE MADE TO UNRESOLVED EXTERNAL
    SYMBOL:  AUTO_MODE
    MODULE:  .\Obj\main.obj (MAIN)
    ADDRESS: 0CC8H

*** WARNING L2: REFERENCE MADE TO UNRESOLVED EXTERNAL
    SYMBOL:  AUTO_MODE
    MODULE:  .\Obj\main.obj (MAIN)
    ADDRESS: 0CDAH

*** WARNING L2: REFERENCE MADE TO UNRESOLVED EXTERNAL
    SYMBOL:  AUTO_MODE
    MODULE:  .\Obj\main.obj (MAIN)
    ADDRESS: 0D1CH

*** WARNING L2: REFERENCE MADE TO UNRESOLVED EXTERNAL
    SYMBOL:  AUTO_MODE
    MODULE:  .\Obj\main.obj (MAIN)
    ADDRESS: 0DEFH

*** WARNING L1: UNRESOLVED EXTERNAL SYMBOL
    SYMBOL:  _SENDUART1
    MODULE:  .\Obj\UART1.obj (UART1)

*** WARNING L2: REFERENCE MADE TO UNRESOLVED EXTERNAL
    SYMBOL:  _SENDUART1
    MODULE:  .\Obj\UART1.obj (UART1)
    ADDRESS: 4984H

*** WARNING L1: UNRESOLVED EXTERNAL SYMBOL
    SYMBOL:  AUTO_MODE
    MODULE:  .\Obj\KeyPad.obj (KEYPAD)

*** WARNING L2: REFERENCE MADE TO UNRESOLVED EXTERNAL
    SYMBOL:  AUTO_MODE
    MODULE:  .\Obj\KeyPad.obj (KEYPAD)
    ADDRESS: 30DCH

*** WARNING L2: REFERENCE MADE TO UNRESOLVED EXTERNAL
    SYMBOL:  AUTO_MODE
    MODULE:  .\Obj\KeyPad.obj (KEYPAD)
    ADDRESS: 30E7H

*** WARNING L2: REFERENCE MADE TO UNRESOLVED EXTERNAL
    SYMBOL:  AUTO_MODE
    MODULE:  .\Obj\KeyPad.obj (KEYPAD)
    ADDRESS: 30EEH

Program Size: data=10.2 xdata=1591 code=19573
LINK/LOCATE RUN COMPLETE.  28 WARNING(S),  0 ERROR(S)
