BL51 BANKED LINKER/LOCATER V6.22                                                        02/25/2019  14:27:50  PAGE 1


BL51 BANKED LINKER/LOCATER V6.22, INVOKED BY:
C:\KEIL_V5\C51\BIN\BL51.EXE .\Obj\main.obj, .\Obj\PCF85063BTL.obj, .\Obj\UART1.obj, .\Obj\LCd_Driver_SPLC780D.obj, .\Obj
>> \KeyPad.obj, .\Obj\BipolarMotor.obj, .\Obj\SunPos.obj, .\Obj\ADC.obj, .\Obj\Calibration.obj, .\Obj\IOExpander_PI4IOE5
>> V96248.obj, .\Obj\AT25SF041.obj, .\Obj\STARTUP.obj TO .\Obj\GPIO_RTC_Test PRINT (.\Lis\GPIO_RTC_Test.m51) RAMSIZE (25
>> 6)


MEMORY MODEL: LARGE WITH FLOATING POINT ARITHMETIC


INPUT MODULES INCLUDED:
  .\Obj\main.obj (MAIN)
  .\Obj\PCF85063BTL.obj (PCF85063BTL)
  .\Obj\UART1.obj (UART1)
  .\Obj\LCd_Driver_SPLC780D.obj (LCD_DRIVER_SPLC780D)
  .\Obj\KeyPad.obj (KEYPAD)
  .\Obj\BipolarMotor.obj (BIPOLARMOTOR)
  .\Obj\SunPos.obj (SUNPOS)
  .\Obj\ADC.obj (ADC)
  .\Obj\Calibration.obj (CALIBRATION)
  .\Obj\IOExpander_PI4IOE5V96248.obj (IOEXPANDER_PI4IOE5V96248)
  .\Obj\AT25SF041.obj (AT25SF041)
  .\Obj\STARTUP.obj (?C_STARTUP)
  C:\KEIL_V5\C51\LIB\C51FPL.LIB (?C?FPADD)
  C:\KEIL_V5\C51\LIB\C51FPL.LIB (?C?FPMUL)
  C:\KEIL_V5\C51\LIB\C51FPL.LIB (?C?FPDIV)
  C:\KEIL_V5\C51\LIB\C51FPL.LIB (?C?FPCMP)
  C:\KEIL_V5\C51\LIB\C51FPL.LIB (?C?FPNEG)
  C:\KEIL_V5\C51\LIB\C51FPL.LIB (?C?FCAST)
  C:\KEIL_V5\C51\LIB\C51FPL.LIB (?C?CASTF)
  C:\KEIL_V5\C51\LIB\C51FPL.LIB (ATAN2)
  C:\KEIL_V5\C51\LIB\C51FPL.LIB (SIN)
  C:\KEIL_V5\C51\LIB\C51FPL.LIB (ACOS)
  C:\KEIL_V5\C51\LIB\C51FPL.LIB (ASIN)
  C:\KEIL_V5\C51\LIB\C51FPL.LIB (?C?FPGETOPN)
  C:\KEIL_V5\C51\LIB\C51FPL.LIB (?C?FPSERIES)
  C:\KEIL_V5\C51\LIB\C51FPL.LIB (SQRT)
  C:\KEIL_V5\C51\LIB\C51FPL.LIB (ATAN)
  C:\KEIL_V5\C51\LIB\C51L.LIB (?C_INIT)
  C:\KEIL_V5\C51\LIB\C51L.LIB (?C?COPY)
  C:\KEIL_V5\C51\LIB\C51L.LIB (?C?CLDPTR)
  C:\KEIL_V5\C51\LIB\C51L.LIB (?C?CLDOPTR)
  C:\KEIL_V5\C51\LIB\C51L.LIB (?C?CSTPTR)
  C:\KEIL_V5\C51\LIB\C51L.LIB (?C?IMUL)
  C:\KEIL_V5\C51\LIB\C51L.LIB (?C?UIDIV)
  C:\KEIL_V5\C51\LIB\C51L.LIB (?C?SIDIV)
  C:\KEIL_V5\C51\LIB\C51L.LIB (?C?ILDIX)
  C:\KEIL_V5\C51\LIB\C51L.LIB (?C?ILDOPTR)
  C:\KEIL_V5\C51\LIB\C51L.LIB (?C?ISTPTR)
  C:\KEIL_V5\C51\LIB\C51L.LIB (?C?LMUL)
  C:\KEIL_V5\C51\LIB\C51L.LIB (?C?SLDIV)
  C:\KEIL_V5\C51\LIB\C51L.LIB (?C?LNEG)
  C:\KEIL_V5\C51\LIB\C51L.LIB (?C?ULCMP)
  C:\KEIL_V5\C51\LIB\C51L.LIB (?C?LSHL)
  C:\KEIL_V5\C51\LIB\C51L.LIB (?C?LLDPTR)
  C:\KEIL_V5\C51\LIB\C51L.LIB (?C?LLDOPTR)
  C:\KEIL_V5\C51\LIB\C51L.LIB (?C?LSTPTR)
  C:\KEIL_V5\C51\LIB\C51L.LIB (?C?LSTOPTR)
BL51 BANKED LINKER/LOCATER V6.22                                                      02/25/2019  14:27:50  PAGE 2


  C:\KEIL_V5\C51\LIB\C51L.LIB (?C?LLDXDATA)
  C:\KEIL_V5\C51\LIB\C51L.LIB (?C?LLDCODE)
  C:\KEIL_V5\C51\LIB\C51L.LIB (?C?LLDXDATA0)
  C:\KEIL_V5\C51\LIB\C51L.LIB (?C?LLDCODE0)
  C:\KEIL_V5\C51\LIB\C51L.LIB (?C?LLDPTR0)
  C:\KEIL_V5\C51\LIB\C51L.LIB (?C?LSTXDATA)
  C:\KEIL_V5\C51\LIB\C51L.LIB (?C?LSTKXDATA)
  C:\KEIL_V5\C51\LIB\C51L.LIB (?C?LSTKPTR)
  C:\KEIL_V5\C51\LIB\C51L.LIB (?C?OFFXADD)
  C:\KEIL_V5\C51\LIB\C51L.LIB (ABS)
  C:\KEIL_V5\C51\LIB\C51L.LIB (ATOI)
  C:\KEIL_V5\C51\LIB\C51L.LIB (?C?IILDX)
  C:\KEIL_V5\C51\LIB\C51L.LIB (?C?ULDIV)
  C:\KEIL_V5\C51\LIB\C51L.LIB (?C?LLDIDATA)
  C:\KEIL_V5\C51\LIB\C51L.LIB (?C?LLDPDATA)
  C:\KEIL_V5\C51\LIB\C51L.LIB (?C?LLDIDATA0)
  C:\KEIL_V5\C51\LIB\C51L.LIB (?C?LLDPDATA0)
  C:\KEIL_V5\C51\LIB\C51L.LIB (?C?LSTIDATA)
  C:\KEIL_V5\C51\LIB\C51L.LIB (?C?LSTPDATA)
  C:\KEIL_V5\C51\LIB\C51L.LIB (?C?LSTKIDATA)
  C:\KEIL_V5\C51\LIB\C51L.LIB (?C?LSTKPDATA)
  C:\KEIL_V5\C51\LIB\C51L.LIB (ISDIGIT)
  C:\KEIL_V5\C51\LIB\C51L.LIB (ISSPACE)


LINK MAP OF MODULE:  .\Obj\GPIO_RTC_Test (MAIN)


            TYPE    BASE      LENGTH    RELOCATION   SEGMENT NAME
            -----------------------------------------------------

            * * * * * * *   D A T A   M E M O R Y   * * * * * * *
            REG     0000H     0008H     ABSOLUTE     "REG BANK 0"
                    0008H     0018H                  *** GAP ***
            BIT     0020H.0   0000H.5   UNIT         ?BI?KEYPAD
            BIT     0020H.5   0000H.3   UNIT         _BIT_GROUP_
            BIT     0021H.0   0000H.1   UNIT         ?BI?MAIN
            BIT     0021H.1   0000H.1   UNIT         ?BI?_ATOI?ATOI
                    0021H.2   0000H.6                *** GAP ***
            IDATA   0022H     0001H     UNIT         ?STACK

            * * * * * * *  X D A T A   M E M O R Y  * * * * * * *
            XDATA   0000H     038FH     UNIT         ?XD?BIPOLARMOTOR
            XDATA   038FH     0144H     UNIT         _XDATA_GROUP_
            XDATA   04D3H     00D8H     UNIT         ?XD?MAIN
            XDATA   05ABH     0040H     UNIT         ?XD?_FINDDET4X4?BIPOLARMOTOR
            XDATA   05EBH     0024H     UNIT         ?XD?_FINDDET3X3?BIPOLARMOTOR
            XDATA   060FH     0009H     UNIT         ?XD?KEYPAD
            XDATA   0618H     0008H     UNIT         ?XD?_AT25SF041_READ?AT25SF041
            XDATA   0620H     0005H     UNIT         ?XD?_ATOI?ATOI
            XDATA   0625H     0004H     UNIT         ?XD?_DISPLAY_PROX?MAIN
            XDATA   0629H     0003H     UNIT         ?XD?_SENDSTRING?UART1
            XDATA   062CH     0001H     UNIT         ?XD?UC_ACK?IOEXPANDER_PI4IOE5V96248
            XDATA   062DH     0001H     UNIT         ?XD?UC_NACK?IOEXPANDER_PI4IOE5V96248

            * * * * * * *   C O D E   M E M O R Y   * * * * * * *
            CODE    0000H     0003H     ABSOLUTE     
BL51 BANKED LINKER/LOCATER V6.22                                                      02/25/2019  14:27:50  PAGE 3


            CODE    0003H     0006H     UNIT         ?PR?_TEN?UART1
            CODE    0009H     0001H     UNIT         ?PR?TM0_ISR?MAIN
            CODE    000AH     0001H     UNIT         ?PR?_DECTOBCD?UART1
            CODE    000BH     0003H     ABSOLUTE     
            CODE    000EH     0B00H     UNIT         ?PR?_UPDATE_POSITION?BIPOLARMOTOR
            CODE    0B0EH     0A39H     UNIT         ?PR?MAIN?MAIN
            CODE    1547H     09B6H     UNIT         ?C?LIB_CODE
            CODE    1EFDH     07A2H     UNIT         ?PR?SUNPOS?SUNPOS
            CODE    269FH     03F9H     UNIT         ?C_INITSEG
            CODE    2A98H     0309H     UNIT         ?PR?_FIND_REAL_MAX?CALIBRATION
            CODE    2DA1H     02C0H     UNIT         ?PR?_FINDDET4X4?BIPOLARMOTOR
            CODE    3061H     02A0H     UNIT         ?PR?KEY_PROCESS?KEYPAD
            CODE    3301H     01D1H     UNIT         ?PR?_FINDDET3X3?BIPOLARMOTOR
            CODE    34D2H     018DH     UNIT         ?PR?KEY_SCAN?KEYPAD
            CODE    365FH     0188H     UNIT         ?PR?SIN?SIN
            CODE    37E7H     0172H     UNIT         ?PR?_DISPLAY_POS?MAIN
            CODE    3959H     015BH     UNIT         ?PR?_CALIBRATION?CALIBRATION
            CODE    3AB4H     0122H     UNIT         ?PR?ATAN?ATAN
            CODE    3BD6H     010DH     UNIT         ?PR?_AT25SF041_READ?AT25SF041
            CODE    3CE3H     00F8H     UNIT         ?PR?_AT25SF041_WRITE?AT25SF041
            CODE    3DDBH     00DBH     UNIT         ?PR?_ATOI?ATOI
            CODE    3EB6H     00C3H     UNIT         ?PR?LINEAR_INTERPOLATE?BIPOLARMOTOR
            CODE    3F79H     00BBH     UNIT         ?PR?VOLTAGE_IS_STABLE?CALIBRATION
            CODE    4034H     00ADH     UNIT         ?PR?_WRITE_PI4IOE5V96248?IOEXPANDER_PI4IOE5V96248
            CODE    40E1H     00ACH     UNIT         ?PR?SQRT?SQRT
            CODE    418DH     00A1H     UNIT         ?PR?UCREAD_STATUS_REGISTER_BYTE1?AT25SF041
            CODE    422EH     009DH     UNIT         ?PR?_ATAN2?ATAN2
            CODE    42CBH     009CH     UNIT         ?PR?_MAX_VALUE?CALIBRATION
            CODE    4367H     0095H     UNIT         ?PR?_DISPLAY_PROX?MAIN
            CODE    43FCH     008CH     UNIT         ?C_C51STARTUP
            CODE    4488H     0084H     UNIT         ?PR?_DAY_OF_YEAR?PCF85063BTL
            CODE    450CH     0075H     UNIT         ?PR?_WRITEDATA?LCD_DRIVER_SPLC780D
            CODE    4581H     006FH     UNIT         ?PR?_READ_TIME?PCF85063BTL
            CODE    45F0H     005AH     UNIT         ?PR?AT25SF041_CHIPERASE?AT25SF041
            CODE    464AH     0059H     UNIT         ?PR?LCD_INIT?LCD_DRIVER_SPLC780D
            CODE    46A3H     004AH     UNIT         ?PR?VONESTEPMOVE?BIPOLARMOTOR
            CODE    46EDH     004AH     UNIT         ?PR?ACOS?ACOS
            CODE    4737H     0049H     UNIT         ?PR?AT25SF041_WRITEENABLE?AT25SF041
            CODE    4780H     0044H     UNIT         ?C?LDIV
            CODE    47C4H     0040H     UNIT         ?PR?_COMMAND?LCD_DRIVER_SPLC780D
            CODE    4804H     0040H     UNIT         ?PR?_STEP_MOVE?BIPOLARMOTOR
            CODE    4844H     003BH     UNIT         ?PR?ASIN?ASIN
            CODE    487FH     0033H     UNIT         ?PR?_SENDSTRING?UART1
            CODE    48B2H     002CH     UNIT         ?PR?_ADC_GETRESULT?ADC
            CODE    48DEH     002BH     UNIT         ?PR?_WAIT_MS_I2C?IOEXPANDER_PI4IOE5V96248
            CODE    4909H     002BH     UNIT         ?PR?_WAIT_MS_SPINOR?AT25SF041
            CODE    4934H     0028H     UNIT         ?PR?_MOVE?BIPOLARMOTOR
            CODE    495CH     0027H     UNIT         ?PR?_I2C_SENDBYTE?IOEXPANDER_PI4IOE5V96248
            CODE    4983H     0024H     UNIT         ?PR?_WAIT_MS?LCD_DRIVER_SPLC780D
            CODE    49A7H     0020H     UNIT         ?PR?_SPI_SENDBYTE?PCF85063BTL
            CODE    49C7H     0020H     UNIT         ?PR?SPI_RECEIVEBYTE?PCF85063BTL
            CODE    49E7H     001FH     UNIT         ?PR?ADC_INIT?ADC
            CODE    4A06H     001EH     UNIT         ?PR?_DELAY_MS?KEYPAD
            CODE    4A24H     001DH     UNIT         ?PR?_DISPLAYLCD?LCD_DRIVER_SPLC780D
            CODE    4A41H     001BH     UNIT         ?PR?_BCDTODEC1?BIPOLARMOTOR
            CODE    4A5CH     0018H     UNIT         ?PR?_SPI_WRITETIME?PCF85063BTL
            CODE    4A74H     0017H     UNIT         ?PR?_ASCIITOBCD?UART1
BL51 BANKED LINKER/LOCATER V6.22                                                      02/25/2019  14:27:50  PAGE 4


            CODE    4A8BH     0016H     UNIT         ?PR?I2C_ACK?IOEXPANDER_PI4IOE5V96248
            CODE    4AA1H     0015H     UNIT         ?PR?_DISPLAY_LINE?LCD_DRIVER_SPLC780D
            CODE    4AB6H     0015H     UNIT         ?PR?I2C_STOP?IOEXPANDER_PI4IOE5V96248
            CODE    4ACBH     0014H     UNIT         ?PR?_PCF85063BTL_DELAY?PCF85063BTL
            CODE    4ADFH     0014H     UNIT         ?PR?_ISSPACE?ISSPACE
            CODE    4AF3H     0011H     UNIT         ?PR?_SPI_READTIME?PCF85063BTL
            CODE    4B04H     0011H     UNIT         ?PR?_BCDTODEC?PCF85063BTL
            CODE    4B15H     0011H     UNIT         ?PR?INITUART1?UART1
            CODE    4B26H     000FH     UNIT         ?PR?I2C_START?IOEXPANDER_PI4IOE5V96248
            CODE    4B35H     000FH     UNIT         ?PR?UC_NACK?IOEXPANDER_PI4IOE5V96248
            CODE    4B44H     000FH     UNIT         ?PR?_ISDIGIT?ISDIGIT
            CODE    4B53H     000DH     UNIT         ?PR?SPI_INIT?PCF85063BTL
            CODE    4B60H     000CH     UNIT         ?PR?KEYPAD_IO_INIT?KEYPAD
            CODE    4B6CH     000CH     UNIT         ?PR?_ABS?ABS
            CODE    4B78H     000AH     UNIT         ?PR?LCD_RETURN_HOME?LCD_DRIVER_SPLC780D
            CODE    4B82H     000AH     UNIT         ?PR?LCD_CLEAR?LCD_DRIVER_SPLC780D
            CODE    4B8CH     0006H     UNIT         ?PR?UC_ACK?IOEXPANDER_PI4IOE5V96248
            CODE    4B92H     0005H     UNIT         ?PR?_UNIT?UART1
            CODE    4B97H     0005H     UNIT         ?PR?_ASCII_LETTER?UART1
            CODE    4B9CH     0001H     UNIT         ?PR?WAIT?BIPOLARMOTOR
            CODE    4B9DH     0001H     UNIT         ?PR?NOP?IOEXPANDER_PI4IOE5V96248



OVERLAY MAP OF MODULE:   .\Obj\GPIO_RTC_Test (MAIN)


SEGMENT                                             BIT_GROUP          XDATA_GROUP
  +--> CALLED SEGMENT                            START    LENGTH     START    LENGTH
------------------------------------------------------------------------------------
?C_C51STARTUP                                    -----    -----      -----    -----
  +--> ?PR?MAIN?MAIN
  +--> ?C_INITSEG

?PR?MAIN?MAIN                                    -----    -----      038FH    0021H
  +--> ?PR?AT25SF041_WRITEENABLE?AT25SF041
  +--> ?PR?AT25SF041_CHIPERASE?AT25SF041
  +--> ?PR?_WAIT_MS_SPINOR?AT25SF041
  +--> ?PR?LCD_INIT?LCD_DRIVER_SPLC780D
  +--> ?PR?SPI_INIT?PCF85063BTL
  +--> ?PR?KEYPAD_IO_INIT?KEYPAD
  +--> ?PR?ADC_INIT?ADC
  +--> ?PR?_SPI_WRITETIME?PCF85063BTL
  +--> ?PR?_DELAY_MS?KEYPAD
  +--> ?PR?_DISPLAY_LINE?LCD_DRIVER_SPLC780D
  +--> ?PR?_WRITEDATA?LCD_DRIVER_SPLC780D
  +--> ?PR?_AT25SF041_WRITE?AT25SF041
  +--> ?PR?KEY_PROCESS?KEYPAD
  +--> ?PR?_COMMAND?LCD_DRIVER_SPLC780D
  +--> ?PR?_DISPLAY_POS?MAIN
  +--> ?PR?_DISPLAYLCD?LCD_DRIVER_SPLC780D
  +--> ?PR?_STEP_MOVE?BIPOLARMOTOR
  +--> ?PR?LCD_RETURN_HOME?LCD_DRIVER_SPLC780D
  +--> ?PR?_READ_TIME?PCF85063BTL
  +--> ?PR?_ADC_GETRESULT?ADC
  +--> ?PR?_BCDTODEC1?BIPOLARMOTOR
  +--> ?PR?_CALIBRATION?CALIBRATION
BL51 BANKED LINKER/LOCATER V6.22                                                      02/25/2019  14:27:50  PAGE 5


  +--> ?PR?LINEAR_INTERPOLATE?BIPOLARMOTOR
  +--> ?PR?_UPDATE_POSITION?BIPOLARMOTOR

?PR?AT25SF041_WRITEENABLE?AT25SF041              -----    -----      03B0H    0002H
  +--> ?PR?_WAIT_MS_SPINOR?AT25SF041

?PR?AT25SF041_CHIPERASE?AT25SF041                -----    -----      03B0H    0002H
  +--> ?PR?_WAIT_MS_SPINOR?AT25SF041
  +--> ?PR?UCREAD_STATUS_REGISTER_BYTE1?AT25...

?PR?UCREAD_STATUS_REGISTER_BYTE1?AT25...         -----    -----      03B8H    0003H
  +--> ?PR?_WAIT_MS_SPINOR?AT25SF041

?PR?LCD_INIT?LCD_DRIVER_SPLC780D                 -----    -----      -----    -----
  +--> ?PR?_WAIT_MS?LCD_DRIVER_SPLC780D
  +--> ?PR?_COMMAND?LCD_DRIVER_SPLC780D

?PR?_COMMAND?LCD_DRIVER_SPLC780D                 -----    -----      -----    -----
  +--> ?PR?_WAIT_MS?LCD_DRIVER_SPLC780D

?PR?ADC_INIT?ADC                                 -----    -----      -----    -----
  +--> ?PR?_WAIT_MS?LCD_DRIVER_SPLC780D

?PR?_SPI_WRITETIME?PCF85063BTL                   -----    -----      -----    -----
  +--> ?PR?_SPI_SENDBYTE?PCF85063BTL

?PR?_SPI_SENDBYTE?PCF85063BTL                    -----    -----      -----    -----
  +--> ?PR?_PCF85063BTL_DELAY?PCF85063BTL

?PR?_DISPLAY_LINE?LCD_DRIVER_SPLC780D            -----    -----      -----    -----
  +--> ?PR?_COMMAND?LCD_DRIVER_SPLC780D

?PR?_WRITEDATA?LCD_DRIVER_SPLC780D               -----    -----      045FH    0001H
  +--> ?PR?_WAIT_MS?LCD_DRIVER_SPLC780D

?PR?_AT25SF041_WRITE?AT25SF041                   -----    -----      03B0H    0008H
  +--> ?PR?_WAIT_MS_SPINOR?AT25SF041
  +--> ?PR?UCREAD_STATUS_REGISTER_BYTE1?AT25...

?PR?KEY_PROCESS?KEYPAD                           -----    -----      03B0H    0006H
  +--> ?PR?KEY_SCAN?KEYPAD
  +--> ?PR?_SPI_WRITETIME?PCF85063BTL
  +--> ?PR?LCD_CLEAR?LCD_DRIVER_SPLC780D
  +--> ?PR?_COMMAND?LCD_DRIVER_SPLC780D
  +--> ?PR?_WRITEDATA?LCD_DRIVER_SPLC780D

?PR?KEY_SCAN?KEYPAD                              -----    -----      03B6H    0003H

?PR?LCD_CLEAR?LCD_DRIVER_SPLC780D                -----    -----      -----    -----
  +--> ?PR?_COMMAND?LCD_DRIVER_SPLC780D

?PR?_DISPLAY_POS?MAIN                            -----    -----      0455H    000AH
  +--> ?PR?_ABS?ABS
  +--> ?PR?_WRITEDATA?LCD_DRIVER_SPLC780D

?PR?_DISPLAYLCD?LCD_DRIVER_SPLC780D              -----    -----      03B0H    0001H
  +--> ?PR?_WRITEDATA?LCD_DRIVER_SPLC780D
BL51 BANKED LINKER/LOCATER V6.22                                                      02/25/2019  14:27:50  PAGE 6



?PR?_STEP_MOVE?BIPOLARMOTOR                      0020H.6  0000H.1    046EH    0004H
  +--> ?PR?VONESTEPMOVE?BIPOLARMOTOR

?PR?VONESTEPMOVE?BIPOLARMOTOR                    0020H.7  0000H.1    -----    -----
  +--> ?PR?_WRITE_PI4IOE5V96248?IOEXPANDER_P...
  +--> ?PR?_DELAY_MS?KEYPAD

?PR?_WRITE_PI4IOE5V96248?IOEXPANDER_P...         -----    -----      0472H    0003H
  +--> ?PR?I2C_START?IOEXPANDER_PI4IOE5V96248
  +--> ?PR?_WAIT_MS_I2C?IOEXPANDER_PI4IOE5V9...
  +--> ?PR?_I2C_SENDBYTE?IOEXPANDER_PI4IOE5V...
  +--> ?PR?I2C_ACK?IOEXPANDER_PI4IOE5V96248
  +--> ?PR?I2C_STOP?IOEXPANDER_PI4IOE5V96248

?PR?I2C_START?IOEXPANDER_PI4IOE5V96248           -----    -----      -----    -----
  +--> ?PR?_WAIT_MS_I2C?IOEXPANDER_PI4IOE5V9...

?PR?_I2C_SENDBYTE?IOEXPANDER_PI4IOE5V...         -----    -----      -----    -----
  +--> ?PR?_WAIT_MS_I2C?IOEXPANDER_PI4IOE5V9...

?PR?I2C_ACK?IOEXPANDER_PI4IOE5V96248             -----    -----      0475H    0001H
  +--> ?PR?_WAIT_MS_I2C?IOEXPANDER_PI4IOE5V9...

?PR?I2C_STOP?IOEXPANDER_PI4IOE5V96248            -----    -----      -----    -----
  +--> ?PR?_WAIT_MS_I2C?IOEXPANDER_PI4IOE5V9...

?PR?LCD_RETURN_HOME?LCD_DRIVER_SPLC780D          -----    -----      -----    -----
  +--> ?PR?_COMMAND?LCD_DRIVER_SPLC780D

?PR?_READ_TIME?PCF85063BTL                       -----    -----      03B0H    000FH
  +--> ?PR?_SPI_READTIME?PCF85063BTL

?PR?_SPI_READTIME?PCF85063BTL                    -----    -----      -----    -----
  +--> ?PR?_SPI_SENDBYTE?PCF85063BTL
  +--> ?PR?SPI_RECEIVEBYTE?PCF85063BTL

?PR?SPI_RECEIVEBYTE?PCF85063BTL                  -----    -----      -----    -----
  +--> ?PR?_PCF85063BTL_DELAY?PCF85063BTL

?PR?_CALIBRATION?CALIBRATION                     -----    -----      03B0H    001BH
  +--> ?PR?VOLTAGE_IS_STABLE?CALIBRATION
  +--> ?PR?_UPDATE_POSITION?BIPOLARMOTOR
  +--> ?PR?_FIND_REAL_MAX?CALIBRATION

?PR?VOLTAGE_IS_STABLE?CALIBRATION                -----    -----      03CBH    0018H
  +--> ?PR?_ADC_GETRESULT?ADC
  +--> ?PR?_ABS?ABS

?PR?_UPDATE_POSITION?BIPOLARMOTOR                -----    -----      03CBH    009FH
  +--> ?PR?_BCDTODEC1?BIPOLARMOTOR
  +--> ?PR?SUNPOS?SUNPOS
  +--> ?PR?SIN?SIN
  +--> ?PR?ASIN?ASIN
  +--> ?PR?LINEAR_INTERPOLATE?BIPOLARMOTOR
  +--> ?PR?_ABS?ABS
  +--> ?PR?_MOVE?BIPOLARMOTOR
BL51 BANKED LINKER/LOCATER V6.22                                                      02/25/2019  14:27:50  PAGE 7



?PR?SUNPOS?SUNPOS                                -----    -----      046AH    005DH
  +--> ?PR?SIN?SIN
  +--> ?PR?_ATAN2?ATAN2
  +--> ?PR?ASIN?ASIN
  +--> ?PR?ACOS?ACOS

?PR?SIN?SIN                                      0020H.5  0000H.1    04C7H    0004H

?PR?_ATAN2?ATAN2                                 -----    -----      04C7H    0008H
  +--> ?PR?ATAN?ATAN

?PR?ATAN?ATAN                                    0020H.5  0000H.2    04CFH    0004H

?PR?ASIN?ASIN                                    -----    -----      -----    -----
  +--> ?PR?SQRT?SQRT
  +--> ?PR?ATAN?ATAN

?PR?SQRT?SQRT                                    -----    -----      04C7H    0004H

?PR?ACOS?ACOS                                    -----    -----      -----    -----
  +--> ?PR?SQRT?SQRT
  +--> ?PR?ATAN?ATAN

?PR?LINEAR_INTERPOLATE?BIPOLARMOTOR              -----    -----      046AH    0014H

?PR?_MOVE?BIPOLARMOTOR                           0020H.5  0000H.1    046AH    0004H
  +--> ?PR?_STEP_MOVE?BIPOLARMOTOR

?PR?_FIND_REAL_MAX?CALIBRATION                   -----    -----      03CBH    008AH
  +--> ?PR?_ADC_GETRESULT?ADC
  +--> ?PR?_MOVE?BIPOLARMOTOR
  +--> ?PR?_COMMAND?LCD_DRIVER_SPLC780D
  +--> ?PR?_WRITEDATA?LCD_DRIVER_SPLC780D
  +--> ?PR?_DISPLAY_POS?MAIN
  +--> ?PR?_WAIT_MS?LCD_DRIVER_SPLC780D
  +--> ?PR?_MAX_VALUE?CALIBRATION

?PR?_MAX_VALUE?CALIBRATION                       -----    -----      0455H    0004H



UNRESOLVED EXTERNAL SYMBOLS:
   AUTO_MODE
   _SENDUART1



SYMBOL TABLE OF MODULE:  .\Obj\GPIO_RTC_Test (MAIN)

  VALUE           TYPE          NAME
  ----------------------------------

  -------         MODULE        MAIN
  C:0000H         SYMBOL        _ICE_DUMMY_
  X:04DBH         PUBLIC        calib_value
  D:0080H         PUBLIC        P0
BL51 BANKED LINKER/LOCATER V6.22                                                      02/25/2019  14:27:50  PAGE 8


  D:00B2H         PUBLIC        P3M0
  D:0090H         PUBLIC        P1
  D:00B1H         PUBLIC        P3M1
  D:00A0H         PUBLIC        P2
  D:00B0H         PUBLIC        P3
  D:00C0H         PUBLIC        P4
  D:00C8H         PUBLIC        P5
  X:052FH         SYMBOL        PressedKey
  B:00A8H.7       PUBLIC        EA
  D:00E8H         PUBLIC        P6
  X:0533H         PUBLIC        calib_stamp
  D:00F8H         PUBLIC        P7
  X:0534H         PUBLIC        RX_Data_Uart_Cnt
  D:00A8H         PUBLIC        IE
  X:0536H         PUBLIC        calib_time
  D:00B8H         PUBLIC        IP
  X:058AH         PUBLIC        months
  D:00D8H         PUBLIC        CCON
  C:0B0EH         PUBLIC        main
  X:058BH         PUBLIC        count
  X:058DH         PUBLIC        days
  X:058EH         PUBLIC        hours
  D:0098H         PUBLIC        SCON
  D:0089H         PUBLIC        TMOD
  D:0088H         PUBLIC        TCON
  B:00A0H.3       PUBLIC        P23
  X:058FH         SYMBOL        KeyCount
  X:0591H         PUBLIC        mins
  X:0592H         PUBLIC        Rec_data_hour
  B:00C8H.5       PUBLIC        P55
  X:0595H         PUBLIC        Rec_data_min
  D:008EH         PUBLIC        AUXR
  C:0009H         PUBLIC        tm0_isr
  B:0021H.0       PUBLIC        busy
  B:00A8H.1       PUBLIC        ET0
  X:0598H         PUBLIC        SPI_NOR_INTERNAL_FLASH_ADDR
  D:008CH         PUBLIC        TH0
  X:059CH         PUBLIC        hour_count
  D:008AH         PUBLIC        TL0
  X:059DH         PUBLIC        min_count
  B:0088H.4       PUBLIC        TR0
  X:059EH         SYMBOL        KeyNum
  X:059FH         SYMBOL        KeyNum_Old
  X:05A0H         PUBLIC        current_position
  X:05A4H         PUBLIC        hours1
  X:05A5H         PUBLIC        hours2
  C:4367H         PUBLIC        _Display_Prox
  X:05A6H         PUBLIC        mins1
  X:05A7H         PUBLIC        mins2
  C:37E7H         PUBLIC        _Display_Pos
  X:05A8H         PUBLIC        seconds
  X:05A9H         PUBLIC        st_time
  D:00D0H         PUBLIC        PSW
  -------         PROC          TM0_ISR
  C:0009H         LINE#         90
  C:0009H         LINE#         92
  -------         ENDPROC       TM0_ISR
BL51 BANKED LINKER/LOCATER V6.22                                                      02/25/2019  14:27:50  PAGE 9


  -------         PROC          MAIN
  -------         DO            
  X:038FH         SYMBOL        sunlight_ADC
  X:04D3H         SYMBOL        KeyCount
  X:04D5H         SYMBOL        KeyNum_Old
  X:04D6H         SYMBOL        KeyNum
  X:04D7H         SYMBOL        PressedKey
  X:0391H         SYMBOL        prox_flag
  X:0392H         SYMBOL        iUse_prevday_calib_value
  X:0394H         SYMBOL        max_ADC_Val_JP
  X:0396H         SYMBOL        max_ADC_Val
  X:0398H         SYMBOL        calib_point1
  X:03A0H         SYMBOL        calib_point2
  X:03A8H         SYMBOL        calib_day
  X:03AAH         SYMBOL        calib_count
  X:03ACH         SYMBOL        theorical_JP_max_pos
  -------         ENDDO         
  C:0B0EH         LINE#         94
  C:0B0EH         LINE#         95
  C:0B0EH         LINE#         100
  C:0B14H         LINE#         101
  C:0B19H         LINE#         103
  C:0B21H         LINE#         107
  C:0B27H         LINE#         108
  C:0B31H         LINE#         112
  C:0B33H         LINE#         113
  C:0B35H         LINE#         114
  C:0B37H         LINE#         115
  C:0B39H         LINE#         117
  C:0B40H         LINE#         126
  C:0B40H         LINE#         127
  C:0B43H         LINE#         129
  C:0B46H         LINE#         130
  C:0B4DH         LINE#         131
  C:0B4DH         LINE#         132
  C:0B50H         LINE#         133
  C:0B53H         LINE#         134
  C:0B56H         LINE#         135
  C:0B59H         LINE#         136
  C:0B5CH         LINE#         137
  C:0B5FH         LINE#         140
  C:0B62H         LINE#         142
  C:0B65H         LINE#         143
  C:0B68H         LINE#         144
  C:0B6BH         LINE#         145
  C:0B6DH         LINE#         146
  C:0B6FH         LINE#         147
  C:0B71H         LINE#         149
  C:0B73H         LINE#         150
  C:0B7AH         LINE#         151
  C:0B81H         LINE#         152
  C:0B88H         LINE#         153
  C:0B8FH         LINE#         157
  C:0B96H         LINE#         158
  C:0B9BH         LINE#         159
  C:0BA0H         LINE#         160
  C:0BA5H         LINE#         161
BL51 BANKED LINKER/LOCATER V6.22                                                      02/25/2019  14:27:50  PAGE 10


  C:0BAAH         LINE#         162
  C:0BAFH         LINE#         165
  C:0BC8H         LINE#         166
  C:0BC8H         LINE#         167
  C:0BE4H         LINE#         168
  C:0C2BH         LINE#         169
  C:0C3CH         LINE#         176
  C:0C43H         LINE#         177
  C:0C46H         LINE#         179
  C:0C5BH         LINE#         180
  C:0C62H         LINE#         183
  C:0C65H         LINE#         185
  C:0C7AH         LINE#         186
  C:0C81H         LINE#         188
  C:0C84H         LINE#         190
  C:0C99H         LINE#         191
  C:0CA0H         LINE#         193
  C:0CA3H         LINE#         195
  C:0CB8H         LINE#         196
  C:0CBFH         LINE#         198
  C:0CC2H         LINE#         200
  C:0CD7H         LINE#         201
  C:0CDEH         LINE#         203
  C:0CE1H         LINE#         205
  C:0CF6H         LINE#         206
  C:0CFDH         LINE#         208
  C:0D00H         LINE#         210
  C:0D15H         LINE#         211
  C:0D1CH         LINE#         213
  C:0D1FH         LINE#         215
  C:0D34H         LINE#         216
  C:0D3BH         LINE#         218
  C:0D3EH         LINE#         220
  C:0D53H         LINE#         221
  C:0D5AH         LINE#         223
  C:0D5DH         LINE#         225
  C:0D72H         LINE#         226
  C:0D79H         LINE#         230
  C:0D79H         LINE#         231
  C:0D79H         LINE#         232
  C:0D7CH         LINE#         235
  C:0D7CH         LINE#         238
  C:0D81H         LINE#         239
  C:0D86H         LINE#         241
  C:0D8BH         LINE#         242
  C:0D90H         LINE#         243
  C:0D95H         LINE#         244
  C:0D9AH         LINE#         246
  C:0DABH         LINE#         247
  C:0DB0H         LINE#         248
  C:0DB5H         LINE#         250
  C:0DBCH         LINE#         251
  C:0DC4H         LINE#         252
  C:0DC9H         LINE#         253
  C:0DD1H         LINE#         254
  C:0DD6H         LINE#         255
  C:0DE0H         LINE#         256
BL51 BANKED LINKER/LOCATER V6.22                                                      02/25/2019  14:27:50  PAGE 11


  C:0DE5H         LINE#         257
  C:0DEDH         LINE#         259
  C:0DF5H         LINE#         260
  C:0DFAH         LINE#         261
  C:0E04H         LINE#         262
  C:0E04H         LINE#         263
  C:0E06H         LINE#         264
  C:0E08H         LINE#         265
  C:0E12H         LINE#         266
  C:0E12H         LINE#         267
  C:0E17H         LINE#         268
  C:0E17H         LINE#         280
  C:0E24H         LINE#         281
  C:0E24H         LINE#         282
  C:0E2EH         LINE#         283
  C:0E45H         LINE#         284
  C:0E45H         LINE#         285
  C:0E47H         LINE#         286
  C:0E49H         LINE#         288
  C:0E49H         LINE#         289
  C:0E54H         LINE#         290
  C:0E54H         LINE#         291
  C:0E59H         LINE#         292
  C:0E59H         LINE#         293
  C:0E66H         LINE#         294
  C:0E66H         LINE#         297
  C:0E70H         LINE#         298
  C:0E87H         LINE#         299
  C:0E87H         LINE#         300
  C:0E89H         LINE#         301
  C:0E8BH         LINE#         303
  C:0E8BH         LINE#         304
  C:0E96H         LINE#         305
  C:0E96H         LINE#         306
  C:0E9BH         LINE#         307
  C:0E9DH         LINE#         308
  C:0E9DH         LINE#         317
  C:0EBFH         LINE#         318
  C:0EBFH         LINE#         319
  C:0EC9H         LINE#         320
  C:0ECFH         LINE#         321
  C:0ED1H         LINE#         322
  C:0ED3H         LINE#         323
  C:0ED5H         LINE#         324
  C:0ED5H         LINE#         325
  C:0ED8H         LINE#         327
  C:0ED8H         LINE#         328
  C:0EDEH         LINE#         329
  C:0EE6H         LINE#         330
  C:0EECH         LINE#         331
  C:0EF4H         LINE#         332
  C:0F2FH         LINE#         336
  C:0F3CH         LINE#         337
  C:0F3CH         LINE#         338
  C:0F49H         LINE#         339
  C:0F7CH         LINE#         340
  C:0F89H         LINE#         341
BL51 BANKED LINKER/LOCATER V6.22                                                      02/25/2019  14:27:50  PAGE 12


  C:0F89H         LINE#         343
  C:0FB8H         LINE#         344
  C:0FB8H         LINE#         345
  C:0FDAH         LINE#         346
  C:0FDAH         LINE#         347
  C:1056H         LINE#         348
  C:10D4H         LINE#         441
  C:10DBH         LINE#         445
  C:10DEH         LINE#         446
  C:10EFH         LINE#         447
  C:10EFH         LINE#         448
  C:10EFH         LINE#         450
  C:10EFH         LINE#         453
  C:10F2H         LINE#         455
  C:10F2H         LINE#         456
  C:1114H         LINE#         457
  C:1114H         LINE#         458
  C:1190H         LINE#         459
  C:11E5H         LINE#         460
  C:11E5H         LINE#         461
  C:11E5H         LINE#         462
  C:11E8H         LINE#         466
  C:11E8H         LINE#         469
  C:121CH         LINE#         470
  C:121CH         LINE#         471
  C:123EH         LINE#         472
  C:123EH         LINE#         473
  C:12BAH         LINE#         474
  C:1338H         LINE#         494
  C:133BH         LINE#         495
  C:134CH         LINE#         496
  C:134CH         LINE#         497
  C:1354H         LINE#         499
  C:1354H         LINE#         502
  C:1357H         LINE#         504
  C:1357H         LINE#         506
  C:1379H         LINE#         507
  C:1379H         LINE#         508
  C:13F5H         LINE#         510
  C:1422H         LINE#         511
  C:143DH         LINE#         512
  C:146AH         LINE#         513
  C:1485H         LINE#         515
  C:1521H         LINE#         518
  C:1521H         LINE#         519
  C:1521H         LINE#         520
  C:1521H         LINE#         522
  C:1521H         LINE#         525
  C:153DH         LINE#         526
  C:1542H         LINE#         528
  C:1544H         LINE#         529
  -------         ENDPROC       MAIN
  -------         PROC          _DISPLAY_PROX
  D:0002H         SYMBOL        dat
  -------         DO            
  X:0625H         SYMBOL        unit
  X:0626H         SYMBOL        ten
BL51 BANKED LINKER/LOCATER V6.22                                                      02/25/2019  14:27:50  PAGE 13


  X:0627H         SYMBOL        hundred
  X:0628H         SYMBOL        thousand
  -------         ENDDO         
  C:4367H         LINE#         613
  C:436BH         LINE#         614
  C:436BH         LINE#         616
  C:4377H         LINE#         617
  C:4387H         LINE#         618
  C:43A3H         LINE#         619
  C:43D3H         LINE#         620
  C:43DDH         LINE#         621
  C:43E7H         LINE#         622
  C:43F1H         LINE#         623
  C:43FBH         LINE#         625
  -------         ENDPROC       _DISPLAY_PROX
  -------         PROC          _DISPLAY_POS
  X:0455H         SYMBOL        sign_dat
  -------         DO            
  X:0459H         SYMBOL        unit
  X:045AH         SYMBOL        ten
  X:045BH         SYMBOL        hundred
  D:0003H         SYMBOL        thousand
  X:045CH         SYMBOL        after_dot
  X:045DH         SYMBOL        dat
  -------         ENDDO         
  C:37E7H         LINE#         628
  C:37EDH         LINE#         629
  C:37EDH         LINE#         633
  C:3809H         LINE#         634
  C:3823H         LINE#         635
  C:3847H         LINE#         637
  C:3891H         LINE#         639
  C:38A8H         LINE#         640
  C:38B5H         LINE#         641
  C:38D7H         LINE#         642
  C:390CH         LINE#         643
  C:3924H         LINE#         644
  C:3924H         LINE#         646
  C:3924H         LINE#         647
  C:3924H         LINE#         648
  C:3924H         LINE#         649
  C:3924H         LINE#         650
  C:3924H         LINE#         654
  C:3926H         LINE#         656
  C:3926H         LINE#         658
  C:392BH         LINE#         659
  C:3935H         LINE#         660
  C:393FH         LINE#         661
  C:3949H         LINE#         662
  C:394EH         LINE#         663
  C:3958H         LINE#         667
  C:3958H         LINE#         669
  -------         ENDPROC       _DISPLAY_POS
  -------         ENDMOD        MAIN

  -------         MODULE        PCF85063BTL
  C:0000H         SYMBOL        _ICE_DUMMY_
BL51 BANKED LINKER/LOCATER V6.22                                                      02/25/2019  14:27:50  PAGE 14


  D:0096H         PUBLIC        P2M0
  D:0080H         PUBLIC        P0
  D:0095H         PUBLIC        P2M1
  D:0090H         PUBLIC        P1
  D:00A0H         PUBLIC        P2
  D:00B0H         PUBLIC        P3
  D:00C0H         PUBLIC        P4
  D:00C8H         PUBLIC        P5
  D:00E8H         PUBLIC        P6
  B:00A0H.1       PUBLIC        PCF85063BTL_SDI
  D:00F8H         PUBLIC        P7
  B:00A0H.2       PUBLIC        PCF85063BTL_SCK
  B:00A0H.1       PUBLIC        PCF85063BTL_SDO
  D:00A8H         PUBLIC        IE
  C:4581H         PUBLIC        _Read_time
  C:4AD1H         PUBLIC        _PCF85063BTL_Delay
  D:00B8H         PUBLIC        IP
  D:00D8H         PUBLIC        CCON
  C:4488H         PUBLIC        _Day_Of_Year
  C:49C7H         PUBLIC        SPI_ReceiveByte
  D:0098H         PUBLIC        SCON
  D:0088H         PUBLIC        TCON
  C:4B04H         PUBLIC        _BCDtoDec
  B:00A0H.0       PUBLIC        PCF85063BTL_CS
  C:4AF3H         PUBLIC        _SPI_ReadTime
  C:4B53H         PUBLIC        SPI_Init
  C:4A5CH         PUBLIC        _SPI_WriteTime
  C:49A7H         PUBLIC        _SPI_SendByte
  D:00D0H         PUBLIC        PSW
  C:4ACDH         SYMBOL        L?0047
  -------         PROC          L?0046
  -------         ENDPROC       L?0046
  C:4ACDH         SYMBOL        L?0047
  -------         PROC          _PCF85063BTL_DELAY
  D:0006H         SYMBOL        us
  C:4AD1H         LINE#         8
  C:4AD1H         LINE#         9
  C:4AD1H         LINE#         10
  C:4ADBH         LINE#         11
  C:4ADBH         LINE#         12
  C:4ADCH         LINE#         13
  C:4ADEH         LINE#         14
  -------         ENDPROC       _PCF85063BTL_DELAY
  -------         PROC          _SPI_SENDBYTE
  D:0005H         SYMBOL        dat
  -------         DO            
  D:0003H         SYMBOL        i
  -------         ENDDO         
  C:49A7H         LINE#         17
  C:49A9H         LINE#         18
  C:49A9H         LINE#         20
  C:49ABH         LINE#         21
  C:49ABH         LINE#         22
  C:49ADH         LINE#         23
  C:49B1H         LINE#         24
  C:49B1H         LINE#         25
  C:49B3H         LINE#         26
BL51 BANKED LINKER/LOCATER V6.22                                                      02/25/2019  14:27:50  PAGE 15


  C:49B5H         LINE#         28
  C:49B5H         LINE#         29
  C:49B7H         LINE#         30
  C:49B7H         LINE#         31
  C:49BAH         LINE#         32
  C:49BAH         LINE#         33
  C:49BDH         LINE#         34
  C:49C1H         LINE#         35
  C:49C6H         LINE#         36
  -------         ENDPROC       _SPI_SENDBYTE
  -------         PROC          SPI_RECEIVEBYTE
  -------         DO            
  D:0003H         SYMBOL        i
  D:0005H         SYMBOL        dat
  -------         ENDDO         
  C:49C7H         LINE#         39
  C:49C7H         LINE#         40
  C:49C7H         LINE#         42
  C:49C9H         LINE#         44
  C:49CBH         LINE#         45
  C:49CCH         LINE#         46
  C:49CCH         LINE#         47
  C:49D0H         LINE#         48
  C:49D2H         LINE#         49
  C:49D5H         LINE#         51
  C:49D8H         LINE#         52
  C:49D8H         LINE#         53
  C:49DCH         LINE#         54
  C:49DCH         LINE#         55
  C:49DCH         LINE#         56
  C:49DFH         LINE#         57
  C:49E4H         LINE#         58
  C:49E6H         LINE#         59
  -------         ENDPROC       SPI_RECEIVEBYTE
  -------         PROC          _SPI_READTIME
  D:0007H         SYMBOL        addr
  -------         DO            
  D:0006H         SYMBOL        dat
  -------         ENDDO         
  C:4AF3H         LINE#         61
  C:4AF3H         LINE#         62
  C:4AF3H         LINE#         64
  C:4AF5H         LINE#         65
  C:4AF7H         LINE#         66
  C:4AFEH         LINE#         67
  C:4B01H         LINE#         68
  C:4B03H         LINE#         69
  C:4B03H         LINE#         70
  -------         ENDPROC       _SPI_READTIME
  -------         PROC          _SPI_WRITETIME
  D:0002H         SYMBOL        val
  D:0005H         SYMBOL        addr
  C:4A5CH         LINE#         71
  C:4A5EH         LINE#         72
  C:4A5EH         LINE#         74
  C:4A60H         LINE#         75
  C:4A67H         LINE#         76
BL51 BANKED LINKER/LOCATER V6.22                                                      02/25/2019  14:27:50  PAGE 16


  C:4A6CH         LINE#         77
  C:4A71H         LINE#         78
  C:4A73H         LINE#         79
  -------         ENDPROC       _SPI_WRITETIME
  -------         PROC          SPI_INIT
  C:4B53H         LINE#         83
  C:4B53H         LINE#         84
  C:4B53H         LINE#         89
  C:4B56H         LINE#         90
  C:4B59H         LINE#         91
  C:4B5BH         LINE#         92
  C:4B5DH         LINE#         93
  C:4B5FH         LINE#         94
  -------         ENDPROC       SPI_INIT
  -------         PROC          _READ_TIME
  X:03B0H         SYMBOL        months
  X:03B3H         SYMBOL        days
  X:03B6H         SYMBOL        hours
  X:03B9H         SYMBOL        mins
  X:03BCH         SYMBOL        seconds
  C:4581H         LINE#         96
  C:458CH         LINE#         97
  C:458CH         LINE#         99
  C:45A0H         LINE#         101
  C:45B4H         LINE#         103
  C:45C8H         LINE#         108
  C:45DCH         LINE#         113
  -------         ENDPROC       _READ_TIME
  -------         PROC          _BCDTODEC
  D:0007H         SYMBOL        bcd
  -------         DO            
  D:0006H         SYMBOL        hi
  D:0007H         SYMBOL        lo
  -------         ENDDO         
  C:4B04H         LINE#         119
  C:4B04H         LINE#         120
  C:4B04H         LINE#         122
  C:4B09H         LINE#         123
  C:4B0DH         LINE#         124
  C:4B14H         LINE#         125
  -------         ENDPROC       _BCDTODEC
  -------         PROC          _DAY_OF_YEAR
  D:0007H         SYMBOL        months_bcd
  D:0005H         SYMBOL        days_bcd
  -------         DO            
  D:0004H         SYMBOL        months
  D:0007H         SYMBOL        days
  -------         ENDDO         
  C:4488H         LINE#         126
  C:4488H         LINE#         127
  C:4488H         LINE#         130
  C:448DH         LINE#         132
  C:4492H         LINE#         134
  C:44CBH         LINE#         135
  C:44CBH         LINE#         136
  C:44CBH         LINE#         137
  C:44CEH         LINE#         138
BL51 BANKED LINKER/LOCATER V6.22                                                      02/25/2019  14:27:50  PAGE 17


  C:44CEH         LINE#         139
  C:44CEH         LINE#         140
  C:44D3H         LINE#         141
  C:44D3H         LINE#         142
  C:44D3H         LINE#         143
  C:44D8H         LINE#         144
  C:44D8H         LINE#         145
  C:44D8H         LINE#         146
  C:44DDH         LINE#         147
  C:44DDH         LINE#         148
  C:44DDH         LINE#         149
  C:44E2H         LINE#         150
  C:44E2H         LINE#         151
  C:44E2H         LINE#         152
  C:44E7H         LINE#         153
  C:44E7H         LINE#         154
  C:44E7H         LINE#         155
  C:44ECH         LINE#         156
  C:44ECH         LINE#         157
  C:44ECH         LINE#         158
  C:44F1H         LINE#         159
  C:44F1H         LINE#         160
  C:44F1H         LINE#         161
  C:44F9H         LINE#         162
  C:44F9H         LINE#         163
  C:44F9H         LINE#         164
  C:44FEH         LINE#         165
  C:44FEH         LINE#         166
  C:44FEH         LINE#         167
  C:4503H         LINE#         168
  C:4503H         LINE#         169
  C:4503H         LINE#         170
  C:450BH         LINE#         171
  C:450BH         LINE#         172
  C:450BH         LINE#         173
  -------         ENDPROC       _DAY_OF_YEAR
  -------         ENDMOD        PCF85063BTL

  -------         MODULE        UART1
  C:0000H         SYMBOL        _ICE_DUMMY_
  D:0080H         PUBLIC        P0
  D:0090H         PUBLIC        P1
  D:00A0H         PUBLIC        P2
  D:00B0H         PUBLIC        P3
  D:00C0H         PUBLIC        P4
  D:00C8H         PUBLIC        P5
  B:00A8H.7       PUBLIC        EA
  D:00E8H         PUBLIC        P6
  D:00F8H         PUBLIC        P7
  C:487FH         PUBLIC        _SendString
  D:00A8H         PUBLIC        IE
  B:00A8H.4       PUBLIC        ES
  D:00B8H         PUBLIC        IP
  C:4A74H         PUBLIC        _ASCIItoBCD
  D:00D8H         PUBLIC        CCON
  C:4B15H         PUBLIC        initUART1
  D:0098H         PUBLIC        SCON
BL51 BANKED LINKER/LOCATER V6.22                                                      02/25/2019  14:27:50  PAGE 18


  D:0088H         PUBLIC        TCON
  C:000AH         PUBLIC        _DectoBCD
  C:4B97H         PUBLIC        _ASCII_Letter
  D:008EH         PUBLIC        AUXR
  C:4B92H         PUBLIC        _unit
  C:0003H         PUBLIC        _ten
  D:00D6H         PUBLIC        T2H
  D:00D7H         PUBLIC        T2L
  D:00D0H         PUBLIC        PSW
  -------         PROC          INITUART1
  C:4B15H         LINE#         21
  C:4B15H         LINE#         22
  C:4B15H         LINE#         23
  C:4B18H         LINE#         24
  C:4B1BH         LINE#         25
  C:4B1EH         LINE#         26
  C:4B21H         LINE#         27
  C:4B23H         LINE#         28
  C:4B25H         LINE#         30
  -------         ENDPROC       INITUART1
  -------         PROC          _SENDSTRING
  X:0629H         SYMBOL        s
  C:487FH         LINE#         35
  C:488AH         LINE#         36
  C:488AH         LINE#         37
  C:489AH         LINE#         38
  C:489AH         LINE#         39
  C:48AFH         LINE#         40
  C:48B1H         LINE#         41
  -------         ENDPROC       _SENDSTRING
  -------         PROC          _TEN
  D:0007H         SYMBOL        BCD
  C:0003H         LINE#         43
  C:0003H         LINE#         44
  C:0003H         LINE#         45
  C:0008H         LINE#         46
  -------         ENDPROC       _TEN
  -------         PROC          _UNIT
  D:0007H         SYMBOL        BCD
  C:4B92H         LINE#         47
  C:4B92H         LINE#         48
  C:4B92H         LINE#         52
  C:4B96H         LINE#         53
  -------         ENDPROC       _UNIT
  -------         PROC          _DECTOBCD
  D:0007H         SYMBOL        dec
  C:000AH         LINE#         54
  C:000AH         LINE#         55
  C:000AH         LINE#         57
  C:000AH         LINE#         58
  -------         ENDPROC       _DECTOBCD
  -------         PROC          _ASCII_LETTER
  D:0007H         SYMBOL        dat
  C:4B97H         LINE#         60
  C:4B97H         LINE#         61
  C:4B97H         LINE#         63
  C:4B9BH         LINE#         64
BL51 BANKED LINKER/LOCATER V6.22                                                      02/25/2019  14:27:50  PAGE 19


  -------         ENDPROC       _ASCII_LETTER
  -------         PROC          _ASCIITOBCD
  D:0001H         SYMBOL        ascii
  -------         DO            
  D:0007H         SYMBOL        dec_val
  D:0006H         SYMBOL        ten
  D:0007H         SYMBOL        unit
  -------         ENDDO         
  C:4A74H         LINE#         66
  C:4A74H         LINE#         67
  C:4A74H         LINE#         69
  C:4A77H         LINE#         70
  C:4A7DH         LINE#         71
  C:4A84H         LINE#         72
  C:4A8AH         LINE#         74
  -------         ENDPROC       _ASCIITOBCD
  -------         ENDMOD        UART1

  -------         MODULE        LCD_DRIVER_SPLC780D
  C:0000H         SYMBOL        _ICE_DUMMY_
  D:0092H         PUBLIC        P1M0
  D:0091H         PUBLIC        P1M1
  D:0080H         PUBLIC        P0
  D:0090H         PUBLIC        P1
  D:00A0H         PUBLIC        P2
  D:00B0H         PUBLIC        P3
  D:00C0H         PUBLIC        P4
  D:00C8H         PUBLIC        P5
  D:00E8H         PUBLIC        P6
  D:00F8H         PUBLIC        P7
  C:450CH         PUBLIC        _WriteData
  D:00A8H         PUBLIC        IE
  D:00B8H         PUBLIC        IP
  D:00D8H         PUBLIC        CCON
  B:00B0H.4       PUBLIC        LCD_D4
  B:00B0H.5       PUBLIC        LCD_D5
  B:00B0H.6       PUBLIC        LCD_D6
  C:4A24H         PUBLIC        _DisplayLCD
  B:00B0H.7       PUBLIC        LCD_D7
  D:0098H         PUBLIC        SCON
  D:0088H         PUBLIC        TCON
  C:4B82H         PUBLIC        LCD_clear
  C:47C4H         PUBLIC        _Command
  C:4AA1H         PUBLIC        _Display_Line
  C:464AH         PUBLIC        LCD_Init
  C:4989H         PUBLIC        _Wait_ms
  B:00C0H.0       PUBLIC        LCD_RS
  B:00B0H.2       PUBLIC        LCD_RW
  C:4B78H         PUBLIC        LCD_return_home
  B:00B0H.3       PUBLIC        LCD_E
  D:00D0H         PUBLIC        PSW
  -------         PROC          LCD_INIT
  C:464AH         LINE#         9
  C:464AH         LINE#         10
  C:464AH         LINE#         11
  C:464DH         LINE#         12
  C:4650H         LINE#         14
BL51 BANKED LINKER/LOCATER V6.22                                                      02/25/2019  14:27:50  PAGE 20


  C:4656H         LINE#         15
  C:465BH         LINE#         17
  C:4662H         LINE#         18
  C:4667H         LINE#         20
  C:466AH         LINE#         21
  C:466FH         LINE#         23
  C:4672H         LINE#         24
  C:4677H         LINE#         26
  C:467EH         LINE#         29
  C:4683H         LINE#         30
  C:4688H         LINE#         32
  C:468DH         LINE#         33
  C:4692H         LINE#         35
  C:4697H         LINE#         36
  C:469CH         LINE#         37
  -------         ENDPROC       LCD_INIT
  -------         PROC          _WRITEDATA
  X:045FH         SYMBOL        dat
  C:450CH         LINE#         40
  C:4511H         LINE#         41
  C:4511H         LINE#         46
  C:4513H         LINE#         47
  C:4515H         LINE#         49
  C:4523H         LINE#         50
  C:452FH         LINE#         51
  C:453BH         LINE#         52
  C:4545H         LINE#         53
  C:4547H         LINE#         54
  C:454EH         LINE#         55
  C:4550H         LINE#         57
  C:4560H         LINE#         58
  C:456BH         LINE#         59
  C:4575H         LINE#         60
  C:4579H         LINE#         62
  C:4579H         LINE#         63
  C:457CH         LINE#         64
  C:457EH         LINE#         65
  C:4580H         LINE#         67
  -------         ENDPROC       _WRITEDATA
  -------         PROC          _COMMAND
  D:0007H         SYMBOL        dat
  C:47C4H         LINE#         69
  C:47C4H         LINE#         70
  C:47C4H         LINE#         71
  C:47C6H         LINE#         72
  C:47C8H         LINE#         74
  C:47D2H         LINE#         75
  C:47D6H         LINE#         77
  C:47D8H         LINE#         78
  C:47E1H         LINE#         79
  C:47E5H         LINE#         81
  C:47E7H         LINE#         82
  C:47EEH         LINE#         83
  C:47F2H         LINE#         85
  C:47F4H         LINE#         86
  C:47F8H         LINE#         87
  C:47FCH         LINE#         89
BL51 BANKED LINKER/LOCATER V6.22                                                      02/25/2019  14:27:50  PAGE 21


  C:47FEH         LINE#         90
  C:47FEH         LINE#         91
  C:4801H         LINE#         92
  C:4803H         LINE#         93
  -------         ENDPROC       _COMMAND
  C:4985H         SYMBOL        L?0028
  -------         PROC          L?0027
  -------         ENDPROC       L?0027
  C:4985H         SYMBOL        L?0028
  -------         PROC          _WAIT_MS
  D:0006H         SYMBOL        ms
  -------         DO            
  D:0004H         SYMBOL        De_Cnt
  -------         ENDDO         
  C:4989H         LINE#         95
  C:4989H         LINE#         96
  C:4989H         LINE#         98
  C:4993H         LINE#         99
  C:4993H         LINE#         100
  C:49A6H         LINE#         101
  C:49A6H         LINE#         102
  -------         ENDPROC       _WAIT_MS
  -------         PROC          _DISPLAYLCD
  D:0007H         SYMBOL        BCD
  -------         DO            
  D:0006H         SYMBOL        first_digit
  X:03B0H         SYMBOL        second_digit
  -------         ENDDO         
  C:4A24H         LINE#         103
  C:4A24H         LINE#         104
  C:4A24H         LINE#         106
  C:4A2BH         LINE#         107
  C:4A34H         LINE#         109
  C:4A39H         LINE#         111
  -------         ENDPROC       _DISPLAYLCD
  -------         PROC          LCD_RETURN_HOME
  C:4B78H         LINE#         115
  C:4B78H         LINE#         116
  C:4B78H         LINE#         117
  C:4B7DH         LINE#         118
  -------         ENDPROC       LCD_RETURN_HOME
  -------         PROC          LCD_CLEAR
  C:4B82H         LINE#         121
  C:4B82H         LINE#         122
  C:4B82H         LINE#         123
  C:4B87H         LINE#         124
  -------         ENDPROC       LCD_CLEAR
  -------         PROC          _DISPLAY_LINE
  D:0006H         SYMBOL        line
  C:4AA1H         LINE#         128
  C:4AA1H         LINE#         129
  C:4AA1H         LINE#         130
  C:4AA7H         LINE#         131
  C:4AA7H         LINE#         132
  C:4AA9H         LINE#         133
  C:4AA9H         LINE#         134
  C:4AABH         LINE#         136
BL51 BANKED LINKER/LOCATER V6.22                                                      02/25/2019  14:27:50  PAGE 22


  C:4AABH         LINE#         137
  C:4AB0H         LINE#         138
  C:4AB5H         LINE#         139
  C:4AB5H         LINE#         140
  -------         ENDPROC       _DISPLAY_LINE
  -------         ENDMOD        LCD_DRIVER_SPLC780D

  -------         MODULE        KEYPAD
  C:0000H         SYMBOL        _ICE_DUMMY_
  D:0093H         PUBLIC        P0M1
  D:0080H         PUBLIC        P0
  D:0090H         PUBLIC        P1
  D:00A0H         PUBLIC        P2
  D:00B0H         PUBLIC        P3
  D:00C0H         PUBLIC        P4
  D:00C8H         PUBLIC        P5
  B:0020H.0       PUBLIC        calib_mode
  D:00E8H         PUBLIC        P6
  D:00F8H         PUBLIC        P7
  D:00A8H         PUBLIC        IE
  C:34D2H         PUBLIC        Key_Scan
  D:00B8H         PUBLIC        IP
  D:00D8H         PUBLIC        CCON
  C:4B60H         PUBLIC        KeyPad_IO_Init
  C:4A06H         PUBLIC        _Delay_ms
  D:0098H         PUBLIC        SCON
  D:0088H         PUBLIC        TCON
  B:0020H.1       PUBLIC        small_move
  B:0020H.2       PUBLIC        move
  B:0020H.3       PUBLIC        direction
  B:0020H.4       PUBLIC        auto_move
  C:3061H         PUBLIC        Key_Process
  D:00D0H         PUBLIC        PSW
  D:0094H         PUBLIC        P0M0
  -------         PROC          _DELAY_MS
  D:0006H         SYMBOL        ms
  -------         DO            
  D:0004H         SYMBOL        De_Cnt
  -------         ENDDO         
  C:4A06H         LINE#         19
  C:4A06H         LINE#         20
  C:4A06H         LINE#         22
  C:4A10H         LINE#         23
  C:4A10H         LINE#         24
  C:4A23H         LINE#         25
  C:4A23H         LINE#         26
  -------         ENDPROC       _DELAY_MS
  -------         PROC          KEY_SCAN
  -------         DO            
  X:03B6H         SYMBOL        KeyTemp1
  X:03B7H         SYMBOL        KeyTemp2
  X:03B8H         SYMBOL        KeyValue
  -------         ENDDO         
  C:34D2H         LINE#         27
  C:34D2H         LINE#         28
  C:34D2H         LINE#         33
  C:34D5H         LINE#         36
BL51 BANKED LINKER/LOCATER V6.22                                                      02/25/2019  14:27:50  PAGE 23


  C:34D8H         LINE#         38
  C:34E0H         LINE#         39
  C:34E7H         LINE#         40
  C:34E7H         LINE#         42
  C:34ECH         LINE#         43
  C:34F3H         LINE#         44
  C:34F3H         LINE#         47
  C:34F6H         LINE#         48
  C:34F9H         LINE#         49
  C:34FEH         LINE#         50
  C:3502H         LINE#         51
  C:3502H         LINE#         52
  C:350AH         LINE#         53
  C:350AH         LINE#         54
  C:350DH         LINE#         55
  C:3515H         LINE#         56
  C:3517H         LINE#         58
  C:352BH         LINE#         59
  C:352BH         LINE#         60
  C:352BH         LINE#         61
  C:352BH         LINE#         62
  C:3531H         LINE#         64
  C:3533H         LINE#         65
  C:3533H         LINE#         66
  C:3533H         LINE#         67
  C:3539H         LINE#         69
  C:353BH         LINE#         70
  C:353BH         LINE#         71
  C:353BH         LINE#         72
  C:3541H         LINE#         74
  C:3543H         LINE#         75
  C:3543H         LINE#         76
  C:3543H         LINE#         77
  C:3549H         LINE#         79
  C:3549H         LINE#         80
  C:3549H         LINE#         81
  C:3549H         LINE#         84
  C:354CH         LINE#         85
  C:354FH         LINE#         86
  C:3557H         LINE#         87
  C:355BH         LINE#         88
  C:355BH         LINE#         89
  C:3563H         LINE#         90
  C:3563H         LINE#         91
  C:3566H         LINE#         92
  C:356EH         LINE#         93
  C:3570H         LINE#         94
  C:3584H         LINE#         95
  C:3584H         LINE#         96
  C:3584H         LINE#         97
  C:3584H         LINE#         98
  C:358AH         LINE#         100
  C:358CH         LINE#         101
  C:358CH         LINE#         102
  C:358CH         LINE#         103
  C:3592H         LINE#         105
  C:3594H         LINE#         106
BL51 BANKED LINKER/LOCATER V6.22                                                      02/25/2019  14:27:50  PAGE 24


  C:3594H         LINE#         107
  C:3594H         LINE#         108
  C:359AH         LINE#         110
  C:359CH         LINE#         111
  C:359CH         LINE#         112
  C:359CH         LINE#         113
  C:35A1H         LINE#         115
  C:35A1H         LINE#         116
  C:35A1H         LINE#         117
  C:35A1H         LINE#         120
  C:35A4H         LINE#         121
  C:35A7H         LINE#         122
  C:35AFH         LINE#         123
  C:35B3H         LINE#         124
  C:35B3H         LINE#         125
  C:35BBH         LINE#         126
  C:35BBH         LINE#         127
  C:35BEH         LINE#         128
  C:35C6H         LINE#         129
  C:35C8H         LINE#         130
  C:35DCH         LINE#         131
  C:35DCH         LINE#         132
  C:35DCH         LINE#         133
  C:35DCH         LINE#         134
  C:35E2H         LINE#         136
  C:35E4H         LINE#         137
  C:35E4H         LINE#         138
  C:35E4H         LINE#         139
  C:35EAH         LINE#         141
  C:35ECH         LINE#         142
  C:35ECH         LINE#         143
  C:35ECH         LINE#         144
  C:35F2H         LINE#         146
  C:35F4H         LINE#         147
  C:35F4H         LINE#         148
  C:35F4H         LINE#         149
  C:35FAH         LINE#         151
  C:35FAH         LINE#         152
  C:35FAH         LINE#         153
  C:35FAH         LINE#         157
  C:35FDH         LINE#         158
  C:3600H         LINE#         159
  C:3608H         LINE#         160
  C:360CH         LINE#         161
  C:360CH         LINE#         162
  C:3614H         LINE#         163
  C:3614H         LINE#         164
  C:3617H         LINE#         165
  C:361FH         LINE#         166
  C:3621H         LINE#         167
  C:3635H         LINE#         168
  C:3635H         LINE#         169
  C:3635H         LINE#         170
  C:3635H         LINE#         171
  C:363BH         LINE#         173
  C:363DH         LINE#         174
  C:363DH         LINE#         175
BL51 BANKED LINKER/LOCATER V6.22                                                      02/25/2019  14:27:50  PAGE 25


  C:363DH         LINE#         176
  C:3643H         LINE#         178
  C:3645H         LINE#         179
  C:3645H         LINE#         180
  C:3645H         LINE#         181
  C:364BH         LINE#         183
  C:364DH         LINE#         184
  C:364DH         LINE#         185
  C:364DH         LINE#         186
  C:3653H         LINE#         188
  C:3653H         LINE#         189
  C:3653H         LINE#         190
  C:3653H         LINE#         192
  C:3659H         LINE#         193
  C:3659H         LINE#         195
  C:3659H         LINE#         196
  C:365CH         LINE#         197
  C:365CH         LINE#         198
  C:365CH         LINE#         200
  C:365CH         LINE#         201
  C:365EH         LINE#         202
  C:365EH         LINE#         203
  -------         ENDPROC       KEY_SCAN
  -------         PROC          KEY_PROCESS
  -------         DO            
  X:060FH         SYMBOL        KeyCount
  X:0611H         SYMBOL        KeyNum_Old
  X:0612H         SYMBOL        KeyNum
  X:0613H         SYMBOL        PressedKey
  X:03B0H         SYMBOL        d
  D:0004H         SYMBOL        hours
  D:0006H         SYMBOL        mins
  X:03B2H         SYMBOL        months
  X:03B4H         SYMBOL        days
  -------         ENDDO         
  C:3061H         LINE#         204
  C:3061H         LINE#         205
  C:3061H         LINE#         209
  C:3069H         LINE#         210
  C:3071H         LINE#         212
  C:3074H         LINE#         213
  C:3074H         LINE#         214
  C:3077H         LINE#         216
  C:3077H         LINE#         217
  C:3084H         LINE#         218
  C:3084H         LINE#         219
  C:3087H         LINE#         220
  C:308AH         LINE#         222
  C:308DH         LINE#         224
  C:308DH         LINE#         225
  C:3098H         LINE#         226
  C:3098H         LINE#         227
  C:309BH         LINE#         229
  C:309BH         LINE#         230
  C:30A2H         LINE#         231
  C:30A2H         LINE#         232
  C:30A5H         LINE#         234
BL51 BANKED LINKER/LOCATER V6.22                                                      02/25/2019  14:27:50  PAGE 26


  C:30A5H         LINE#         235
  C:30ADH         LINE#         236
  C:30ADH         LINE#         237
  C:30B7H         LINE#         238
  C:30BFH         LINE#         240
  C:30C8H         LINE#         242
  C:30C8H         LINE#         251
  C:30DDH         LINE#         252
  C:30DDH         LINE#         253
  C:30EFH         LINE#         254
  C:30FDH         LINE#         255
  C:310CH         LINE#         256
  C:310CH         LINE#         258
  C:3112H         LINE#         262
  C:3128H         LINE#         263
  C:3139H         LINE#         264
  C:3154H         LINE#         265
  C:3154H         LINE#         266
  C:3164H         LINE#         267
  C:3175H         LINE#         268
  C:3175H         LINE#         272
  C:318EH         LINE#         273
  C:31A5H         LINE#         274
  C:31C5H         LINE#         275
  C:31C5H         LINE#         276
  C:31CFH         LINE#         277
  C:31CFH         LINE#         278
  C:31D8H         LINE#         279
  C:31D8H         LINE#         280
  C:31ECH         LINE#         281
  C:31ECH         LINE#         282
  C:31ECH         LINE#         283
  C:31ECH         LINE#         284
  C:31ECH         LINE#         285
  C:31EEH         LINE#         287
  C:31EEH         LINE#         288
  C:31FAH         LINE#         289
  C:31FAH         LINE#         290
  C:320BH         LINE#         291
  C:320BH         LINE#         292
  C:320BH         LINE#         293
  C:320BH         LINE#         294
  C:320BH         LINE#         296
  C:320DH         LINE#         298
  C:320DH         LINE#         299
  C:321EH         LINE#         300
  C:321EH         LINE#         301
  C:321EH         LINE#         302
  C:321EH         LINE#         303
  C:321EH         LINE#         305
  C:321EH         LINE#         307
  C:321EH         LINE#         308
  C:3220H         LINE#         310
  C:3220H         LINE#         311
  C:3233H         LINE#         312
  C:3233H         LINE#         313
  C:3244H         LINE#         314
BL51 BANKED LINKER/LOCATER V6.22                                                      02/25/2019  14:27:50  PAGE 27


  C:3244H         LINE#         315
  C:3244H         LINE#         316
  C:3244H         LINE#         317
  C:3244H         LINE#         318
  C:3246H         LINE#         320
  C:3246H         LINE#         321
  C:3257H         LINE#         322
  C:3257H         LINE#         323
  C:3268H         LINE#         324
  C:3279H         LINE#         325
  C:3279H         LINE#         326
  C:3279H         LINE#         327
  C:3279H         LINE#         328
  C:3279H         LINE#         329
  C:327CH         LINE#         330
  C:3281H         LINE#         331
  C:3286H         LINE#         332
  C:328BH         LINE#         333
  C:3290H         LINE#         334
  C:3295H         LINE#         335
  C:329AH         LINE#         336
  C:329FH         LINE#         337
  C:329FH         LINE#         339
  C:32C1H         LINE#         340
  C:32C1H         LINE#         341
  C:32CBH         LINE#         342
  C:32CBH         LINE#         343
  C:32D0H         LINE#         344
  C:32D9H         LINE#         345
  C:32F0H         LINE#         346
  C:32F0H         LINE#         347
  C:3300H         LINE#         349
  C:3300H         LINE#         353
  -------         ENDPROC       KEY_PROCESS
  -------         PROC          KEYPAD_IO_INIT
  C:4B60H         LINE#         356
  C:4B60H         LINE#         357
  C:4B60H         LINE#         358
  C:4B63H         LINE#         359
  C:4B66H         LINE#         360
  C:4B69H         LINE#         361
  C:4B6BH         LINE#         362
  -------         ENDPROC       KEYPAD_IO_INIT
  -------         ENDMOD        KEYPAD

  -------         MODULE        BIPOLARMOTOR
  C:0000H         SYMBOL        _ICE_DUMMY_
  D:0080H         PUBLIC        P0
  D:0090H         PUBLIC        P1
  X:0000H         PUBLIC        RX_pos_test
  D:00A0H         PUBLIC        P2
  D:00B0H         PUBLIC        P3
  D:00C0H         PUBLIC        P4
  D:00C8H         PUBLIC        P5
  D:00E8H         PUBLIC        P6
  D:00F8H         PUBLIC        P7
  X:00A0H         PUBLIC        low_date_azimuth_mapping
BL51 BANKED LINKER/LOCATER V6.22                                                      02/25/2019  14:27:50  PAGE 28


  D:00A8H         PUBLIC        IE
  C:3ED9H         PUBLIC        linear_interpolate
  C:4934H         PUBLIC        _Move
  D:00B8H         PUBLIC        IP
  C:3334H         PUBLIC        _findDet3x3
  C:2DA1H         PUBLIC        _findDet4x4
  D:00D8H         PUBLIC        CCON
  X:00C8H         PUBLIC        previous_move_time
  D:0098H         PUBLIC        SCON
  D:0088H         PUBLIC        TCON
  C:4B9CH         PUBLIC        wait
  C:4804H         PUBLIC        _Step_move
  X:00C9H         PUBLIC        dat
  C:000EH         PUBLIC        _Update_position
  C:46A3H         PUBLIC        vOneStepMove
  X:00CFH         PUBLIC        elevation_stamp
  X:010BH         PUBLIC        date_azimuth_mapping
  X:0133H         PUBLIC        RX_pos
  C:4A4BH         PUBLIC        _BCDtoDec1
  X:038BH         PUBLIC        degree
  D:00D0H         PUBLIC        PSW
  -------         PROC          L?0062
  -------         ENDPROC       L?0062
  -------         PROC          _BCDTODEC1
  D:0007H         SYMBOL        bcd
  -------         DO            
  D:0006H         SYMBOL        hi
  D:0007H         SYMBOL        lo
  -------         ENDDO         
  C:4A4BH         LINE#         28
  C:4A4BH         LINE#         29
  C:4A4BH         LINE#         31
  C:4A50H         LINE#         32
  C:4A54H         LINE#         33
  C:4A5BH         LINE#         34
  -------         ENDPROC       _BCDTODEC1
  -------         PROC          WAIT
  C:4B9CH         LINE#         36
  C:4B9CH         LINE#         38
  -------         ENDPROC       WAIT
  -------         PROC          VONESTEPMOVE
  B:0020H.7       SYMBOL        bDir
  C:46A3H         LINE#         40
  C:46A3H         LINE#         41
  C:46A3H         LINE#         43
  C:46A9H         LINE#         44
  C:46A9H         LINE#         45
  C:46ACH         LINE#         46
  C:46B5H         LINE#         47
  C:46BCH         LINE#         48
  C:46C1H         LINE#         49
  C:46C1H         LINE#         50
  C:46C1H         LINE#         52
  C:46C3H         LINE#         55
  C:46C3H         LINE#         56
  C:46C6H         LINE#         57
  C:46CFH         LINE#         58
BL51 BANKED LINKER/LOCATER V6.22                                                      02/25/2019  14:27:50  PAGE 29


  C:46D6H         LINE#         59
  C:46DCH         LINE#         60
  C:46E5H         LINE#         61
  C:46ECH         LINE#         62
  C:46ECH         LINE#         66
  -------         ENDPROC       VONESTEPMOVE
  -------         PROC          _STEP_MOVE
  X:046EH         SYMBOL        step
  B:0020H.6       SYMBOL        dir
  -------         DO            
  X:0470H         SYMBOL        i
  -------         ENDDO         
  C:4804H         LINE#         68
  C:480CH         LINE#         69
  C:480CH         LINE#         71
  C:4811H         LINE#         74
  C:482CH         LINE#         75
  C:482CH         LINE#         76
  C:4833H         LINE#         78
  C:4843H         LINE#         80
  -------         ENDPROC       _STEP_MOVE
  -------         PROC          _MOVE
  X:046AH         SYMBOL        distance
  B:0020H.5       SYMBOL        direction
  -------         DO            
  D:0006H         SYMBOL        step
  -------         ENDDO         
  C:4934H         LINE#         82
  C:493AH         LINE#         83
  C:493AH         LINE#         86
  C:4955H         LINE#         87
  -------         ENDPROC       _MOVE
  C:3315H         SYMBOL        L?0058
  C:3329H         SYMBOL        L?0059
  -------         PROC          L?0057
  -------         ENDPROC       L?0057
  C:3315H         SYMBOL        L?0058
  C:3329H         SYMBOL        L?0059
  -------         PROC          _FINDDET3X3
  X:05EBH         SYMBOL        a11
  X:05EFH         SYMBOL        a12
  X:05F3H         SYMBOL        a13
  X:05F7H         SYMBOL        a21
  X:05FBH         SYMBOL        a22
  X:05FFH         SYMBOL        a23
  X:0603H         SYMBOL        a31
  X:0607H         SYMBOL        a32
  X:060BH         SYMBOL        a33
  C:3334H         LINE#         91
  C:333AH         LINE#         95
  C:333AH         LINE#         96
  C:34D1H         LINE#         98
  -------         ENDPROC       _FINDDET3X3
  -------         PROC          _FINDDET4X4
  X:05ABH         SYMBOL        a11
  X:05AFH         SYMBOL        a12
  X:05B3H         SYMBOL        a13
BL51 BANKED LINKER/LOCATER V6.22                                                      02/25/2019  14:27:50  PAGE 30


  X:05B7H         SYMBOL        a14
  X:05BBH         SYMBOL        a21
  X:05BFH         SYMBOL        a22
  X:05C3H         SYMBOL        a23
  X:05C7H         SYMBOL        a24
  X:05CBH         SYMBOL        a31
  X:05CFH         SYMBOL        a32
  X:05D3H         SYMBOL        a33
  X:05D7H         SYMBOL        a34
  X:05DBH         SYMBOL        a41
  X:05DFH         SYMBOL        a42
  X:05E3H         SYMBOL        a43
  X:05E7H         SYMBOL        a44
  C:2DA1H         LINE#         99
  C:2DA7H         LINE#         103
  C:2DA7H         LINE#         110
  C:3060H         LINE#         114
  -------         ENDPROC       _FINDDET4X4
  C:3EC8H         SYMBOL        L?0061
  -------         PROC          L?0060
  -------         ENDPROC       L?0060
  C:3EC8H         SYMBOL        L?0061
  -------         PROC          LINEAR_INTERPOLATE
  X:046AH         SYMBOL        p1
  X:0472H         SYMBOL        p2
  X:047AH         SYMBOL        x
  -------         DO            
  D:0004H         SYMBOL        fx
  -------         ENDDO         
  C:3ED9H         LINE#         120
  C:3ED9H         LINE#         121
  C:3ED9H         LINE#         124
  C:3F78H         LINE#         126
  C:3F78H         LINE#         127
  -------         ENDPROC       LINEAR_INTERPOLATE
  -------         PROC          _UPDATE_POSITION
  D:0001H         SYMBOL        mnths
  D:0002H         SYMBOL        dys
  X:03CDH         SYMBOL        hurs
  X:03CEH         SYMBOL        mns
  X:03CFH         SYMBOL        sconds
  X:03D0H         SYMBOL        currnt_pos
  X:03D3H         SYMBOL        offset_calib
  -------         DO            
  X:03D7H         SYMBOL        date
  X:03D9H         SYMBOL        i
  X:03DBH         SYMBOL        yy
  X:03DDH         SYMBOL        desired_distance
  X:03E1H         SYMBOL        distance
  X:03E5H         SYMBOL        JP_pos
  X:03E9H         SYMBOL        pos_interpolate_azimuth
  X:0425H         SYMBOL        current_local_sun_time
  X:0429H         SYMBOL        azimuth
  X:042DH         SYMBOL        elevation
  X:0431H         SYMBOL        time_offset
  X:0435H         SYMBOL        UTC_time
  X:0439H         SYMBOL        declination
BL51 BANKED LINKER/LOCATER V6.22                                                      02/25/2019  14:27:50  PAGE 31


  X:043DH         SYMBOL        p1
  X:0445H         SYMBOL        p2
  X:044DH         SYMBOL        time
  X:045FH         SYMBOL        location
  X:0467H         SYMBOL        sunCoord
  -------         ENDDO         
  C:000EH         LINE#         131
  C:0017H         LINE#         134
  C:0017H         LINE#         135
  C:0022H         LINE#         137
  C:003EH         LINE#         138
  C:0048H         LINE#         146
  C:0052H         LINE#         147
  C:005CH         LINE#         148
  C:0066H         LINE#         149
  C:0071H         LINE#         150
  C:007CH         LINE#         151
  C:0095H         LINE#         152
  C:00A6H         LINE#         153
  C:00B5H         LINE#         156
  C:00C9H         LINE#         160
  C:011BH         LINE#         161
  C:027FH         LINE#         162
  C:02CFH         LINE#         164
  C:03F7H         LINE#         166
  C:04C6H         LINE#         173
  C:050DH         LINE#         174
  C:050DH         LINE#         176
  C:0527H         LINE#         177
  C:0527H         LINE#         178
  C:0597H         LINE#         179
  C:0597H         LINE#         180
  C:059EH         LINE#         181
  C:059EH         LINE#         182
  C:05CBH         LINE#         183
  C:05E6H         LINE#         185
  C:062DH         LINE#         186
  C:0661H         LINE#         188
  C:06A7H         LINE#         189
  C:06CAH         LINE#         191
  C:06CAH         LINE#         193
  C:0740H         LINE#         194
  C:0740H         LINE#         195
  C:0747H         LINE#         196
  C:0747H         LINE#         197
  C:0774H         LINE#         198
  C:078FH         LINE#         200
  C:07D6H         LINE#         201
  C:080AH         LINE#         203
  C:0850H         LINE#         204
  C:0870H         LINE#         206
  C:0870H         LINE#         207
  C:0881H         LINE#         210
  C:089BH         LINE#         211
  C:089BH         LINE#         212
  C:090BH         LINE#         213
  C:090BH         LINE#         214
BL51 BANKED LINKER/LOCATER V6.22                                                      02/25/2019  14:27:50  PAGE 32


  C:0938H         LINE#         215
  C:0953H         LINE#         217
  C:0980H         LINE#         218
  C:099BH         LINE#         220
  C:09CDH         LINE#         223
  C:09CDH         LINE#         225
  C:09DEH         LINE#         227
  C:0A0DH         LINE#         229
  C:0A32H         LINE#         230
  C:0A97H         LINE#         231
  C:0A97H         LINE#         232
  C:0AB1H         LINE#         233
  C:0AC3H         LINE#         234
  C:0ADBH         LINE#         235
  C:0AF1H         LINE#         237
  C:0B0DH         LINE#         238
  C:0B0DH         LINE#         239
  C:0B0DH         LINE#         242
  -------         ENDPROC       _UPDATE_POSITION
  -------         ENDMOD        BIPOLARMOTOR

  -------         MODULE        SUNPOS
  C:0000H         SYMBOL        _ICE_DUMMY_
  C:1EFDH         PUBLIC        sunpos
  -------         PROC          SUNPOS
  X:046AH         SYMBOL        udtTime
  X:047CH         SYMBOL        udtLocation
  X:0484H         SYMBOL        udtSunCoordinates
  -------         DO            
  X:0487H         SYMBOL        dElapsedJulianDays
  X:048BH         SYMBOL        dDecimalHours
  X:048FH         SYMBOL        dEclipticLongitude
  X:0493H         SYMBOL        dEclipticObliquity
  X:0497H         SYMBOL        dRightAscension
  X:049BH         SYMBOL        dDeclination
  X:049FH         SYMBOL        dY
  X:04A3H         SYMBOL        dX
  -------         DO            
  X:04A7H         SYMBOL        dJulianDate
  X:04ABH         SYMBOL        liAux1
  X:04AFH         SYMBOL        liAux2
  X:04A7H         SYMBOL        dMeanLongitude
  X:04ABH         SYMBOL        dMeanAnomaly
  X:04AFH         SYMBOL        dOmega
  X:04A7H         SYMBOL        dSin_EclipticLongitude
  X:04A7H         SYMBOL        dGreenwichMeanSiderealTime
  X:04ABH         SYMBOL        dLocalMeanSiderealTime
  X:04AFH         SYMBOL        dLatitudeInRadians
  X:04B3H         SYMBOL        dHourAngle
  X:04B7H         SYMBOL        dCos_Latitude
  X:04BBH         SYMBOL        dSin_Latitude
  X:04BFH         SYMBOL        dCos_HourAngle
  X:04C3H         SYMBOL        dParallax
  -------         ENDDO         
  -------         DO            
  X:04A7H         SYMBOL        dMeanLongitude
  X:04ABH         SYMBOL        dMeanAnomaly
BL51 BANKED LINKER/LOCATER V6.22                                                      02/25/2019  14:27:50  PAGE 33


  X:04AFH         SYMBOL        dOmega
  X:04A7H         SYMBOL        dSin_EclipticLongitude
  X:04A7H         SYMBOL        dGreenwichMeanSiderealTime
  X:04ABH         SYMBOL        dLocalMeanSiderealTime
  X:04AFH         SYMBOL        dLatitudeInRadians
  X:04B3H         SYMBOL        dHourAngle
  X:04B7H         SYMBOL        dCos_Latitude
  X:04BBH         SYMBOL        dSin_Latitude
  X:04BFH         SYMBOL        dCos_HourAngle
  X:04C3H         SYMBOL        dParallax
  -------         ENDDO         
  -------         DO            
  X:04A7H         SYMBOL        dSin_EclipticLongitude
  X:04A7H         SYMBOL        dGreenwichMeanSiderealTime
  X:04ABH         SYMBOL        dLocalMeanSiderealTime
  X:04AFH         SYMBOL        dLatitudeInRadians
  X:04B3H         SYMBOL        dHourAngle
  X:04B7H         SYMBOL        dCos_Latitude
  X:04BBH         SYMBOL        dSin_Latitude
  X:04BFH         SYMBOL        dCos_HourAngle
  X:04C3H         SYMBOL        dParallax
  -------         ENDDO         
  -------         DO            
  X:04A7H         SYMBOL        dGreenwichMeanSiderealTime
  X:04ABH         SYMBOL        dLocalMeanSiderealTime
  X:04AFH         SYMBOL        dLatitudeInRadians
  X:04B3H         SYMBOL        dHourAngle
  X:04B7H         SYMBOL        dCos_Latitude
  X:04BBH         SYMBOL        dSin_Latitude
  X:04BFH         SYMBOL        dCos_HourAngle
  X:04C3H         SYMBOL        dParallax
  -------         ENDDO         
  -------         ENDDO         
  C:1EFDH         LINE#         6
  C:1EFDH         LINE#         7
  C:1EFDH         LINE#         9
  C:1EFDH         LINE#         27
  C:1F47H         LINE#         30
  C:1F68H         LINE#         31
  C:20AFH         LINE#         34
  C:20FBH         LINE#         36
  C:211AH         LINE#         37
  C:211AH         LINE#         42
  C:211AH         LINE#         46
  C:214CH         LINE#         47
  C:2176H         LINE#         48
  C:21A0H         LINE#         49
  C:224DH         LINE#         52
  C:22AEH         LINE#         54
  C:22AEH         LINE#         59
  C:22AEH         LINE#         61
  C:22C5H         LINE#         62
  C:22EDH         LINE#         63
  C:2304H         LINE#         64
  C:232FH         LINE#         65
  C:2366H         LINE#         66
  C:2391H         LINE#         67
BL51 BANKED LINKER/LOCATER V6.22                                                      02/25/2019  14:27:50  PAGE 34


  C:2391H         LINE#         70
  C:2391H         LINE#         79
  C:23CCH         LINE#         82
  C:2406H         LINE#         84
  C:242BH         LINE#         85
  C:244AH         LINE#         86
  C:2461H         LINE#         87
  C:2478H         LINE#         88
  C:248FH         LINE#         89
  C:2518H         LINE#         91
  C:2532H         LINE#         92
  C:2594H         LINE#         93
  C:25CAH         LINE#         94
  C:25DCH         LINE#         95
  C:2609H         LINE#         96
  C:2636H         LINE#         98
  C:2658H         LINE#         100
  C:2690H         LINE#         103
  C:2690H         LINE#         104
  C:269EH         LINE#         105
  -------         ENDPROC       SUNPOS
  -------         ENDMOD        SUNPOS

  -------         MODULE        ADC
  C:0000H         SYMBOL        _ICE_DUMMY_
  D:0092H         PUBLIC        P1M0
  D:0091H         PUBLIC        P1M1
  D:0080H         PUBLIC        P0
  D:0090H         PUBLIC        P1
  D:00A0H         PUBLIC        P2
  D:00B0H         PUBLIC        P3
  D:00C0H         PUBLIC        P4
  D:00C8H         PUBLIC        P5
  D:00E8H         PUBLIC        P6
  D:00F8H         PUBLIC        P7
  D:00A8H         PUBLIC        IE
  D:00BDH         PUBLIC        ADC_RES
  D:00B8H         PUBLIC        IP
  D:0097H         PUBLIC        CLK_DIV
  D:00D8H         PUBLIC        CCON
  D:00BCH         PUBLIC        ADC_CONTR
  D:0098H         PUBLIC        SCON
  D:0088H         PUBLIC        TCON
  B:00A0H.4       PUBLIC        P24
  B:00A0H.5       PUBLIC        P25
  B:00A0H.6       PUBLIC        P26
  C:49E7H         PUBLIC        ADC_Init
  C:48B2H         PUBLIC        _ADC_GetResult
  D:009DH         PUBLIC        P1ASF
[...]
  C:474FH         LINE#         68
  C:474FH         LINE#         69
  C:4751H         LINE#         71
  C:4751H         LINE#         72
  C:4751H         LINE#         73
  C:4751H         LINE#         74
  C:4754H         LINE#         75
  C:4758H         LINE#         78
  C:4777H         LINE#         79
  C:4779H         LINE#         80
  -------         ENDPROC       AT25SF041_WRITEENABLE
  -------         PROC          _AT25SF041_WRITE
  D:0003H         SYMBOL        opcode
  X:03B1H         SYMBOL        addr
  X:03B5H         SYMBOL        dat
  -------         DO            
  X:03B6H         SYMBOL        i
  -------         ENDDO         
  C:3CE3H         LINE#         85
  C:3CE5H         LINE#         86
  C:3CE5H         LINE#         87
  C:3CE5H         LINE#         88
  C:3CE7H         LINE#         89
  C:3CEAH         LINE#         92
  C:3CF1H         LINE#         93
  C:3CF1H         LINE#         94
  C:3CF3H         LINE#         95
  C:3CF6H         LINE#         96
BL51 BANKED LINKER/LOCATER V6.22                                                      02/25/2019  14:27:50  PAGE 44


  C:3CFAH         LINE#         97
  C:3CFAH         LINE#         98
  C:3CFCH         LINE#         99
  C:3CFEH         LINE#         101
  C:3CFEH         LINE#         102
  C:3D00H         LINE#         104
  C:3D00H         LINE#         105
  C:3D00H         LINE#         106
  C:3D00H         LINE#         107
  C:3D03H         LINE#         108
  C:3D07H         LINE#         111
  C:3D26H         LINE#         113
  C:3D2DH         LINE#         114
  C:3D2DH         LINE#         115
  C:3D2FH         LINE#         116
  C:3D32H         LINE#         117
  C:3D4BH         LINE#         118
  C:3D4BH         LINE#         119
  C:3D4DH         LINE#         120
  C:3D4FH         LINE#         122
  C:3D4FH         LINE#         123
  C:3D51H         LINE#         125
  C:3D51H         LINE#         126
  C:3D51H         LINE#         127
  C:3D51H         LINE#         128
  C:3D54H         LINE#         129
  C:3D6DH         LINE#         131
  C:3D8CH         LINE#         133
  C:3D93H         LINE#         134
  C:3D93H         LINE#         135
  C:3D95H         LINE#         136
  C:3D98H         LINE#         137
  C:3D9FH         LINE#         138
  C:3D9FH         LINE#         139
  C:3DA1H         LINE#         140
  C:3DA3H         LINE#         142
  C:3DA3H         LINE#         143
  C:3DA5H         LINE#         145
  C:3DA5H         LINE#         146
  C:3DA5H         LINE#         147
  C:3DA5H         LINE#         148
  C:3DA8H         LINE#         149
  C:3DAFH         LINE#         151
  C:3DCEH         LINE#         153
  C:3DD0H         LINE#         154
  C:3DD3H         LINE#         155
  C:3DDAH         LINE#         157
  -------         ENDPROC       _AT25SF041_WRITE
  -------         PROC          _AT25SF041_READ
  D:0003H         SYMBOL        opcode
  X:0619H         SYMBOL        addr
  -------         DO            
  X:061DH         SYMBOL        dat
  X:061EH         SYMBOL        i
  -------         ENDDO         
  C:3BD6H         LINE#         159
  C:3BD8H         LINE#         160
BL51 BANKED LINKER/LOCATER V6.22                                                      02/25/2019  14:27:50  PAGE 45


  C:3BD8H         LINE#         161
  C:3BDDH         LINE#         163
  C:3BDFH         LINE#         164
  C:3BE5H         LINE#         168
  C:3BEAH         LINE#         169
  C:3BEAH         LINE#         170
  C:3BECH         LINE#         171
  C:3BEFH         LINE#         172
  C:3BF3H         LINE#         173
  C:3BF3H         LINE#         174
  C:3BF5H         LINE#         175
  C:3BF7H         LINE#         177
  C:3BF7H         LINE#         178
  C:3BF9H         LINE#         180
  C:3BF9H         LINE#         181
  C:3BF9H         LINE#         182
  C:3BF9H         LINE#         183
  C:3BFCH         LINE#         184
  C:3C00H         LINE#         187
  C:3C1FH         LINE#         189
  C:3C26H         LINE#         190
  C:3C26H         LINE#         191
  C:3C28H         LINE#         192
  C:3C2BH         LINE#         193
  C:3C44H         LINE#         194
  C:3C44H         LINE#         195
  C:3C46H         LINE#         196
  C:3C48H         LINE#         198
  C:3C48H         LINE#         199
  C:3C4AH         LINE#         201
  C:3C4AH         LINE#         202
  C:3C4AH         LINE#         203
  C:3C4AH         LINE#         204
  C:3C4DH         LINE#         205
  C:3C66H         LINE#         207
  C:3C85H         LINE#         210
  C:3C8CH         LINE#         212
  C:3C8EH         LINE#         213
  C:3C95H         LINE#         215
  C:3C9CH         LINE#         216
  C:3C9CH         LINE#         217
  C:3CA3H         LINE#         218
  C:3CA3H         LINE#         219
  C:3CA6H         LINE#         220
  C:3CA8H         LINE#         221
  C:3CABH         LINE#         223
  C:3CAEH         LINE#         224
  C:3CAEH         LINE#         226
  C:3CB2H         LINE#         227
  C:3CB2H         LINE#         233
  C:3CD1H         LINE#         236
  C:3CD3H         LINE#         237
  C:3CD6H         LINE#         238
  C:3CDDH         LINE#         240
  C:3CE2H         LINE#         242
  -------         ENDPROC       _AT25SF041_READ
  -------         PROC          UCREAD_STATUS_REGISTER_BYTE1
BL51 BANKED LINKER/LOCATER V6.22                                                      02/25/2019  14:27:50  PAGE 46


  -------         DO            
  D:0003H         SYMBOL        dat
  D:0001H         SYMBOL        opcode
  X:03B8H         SYMBOL        count
  X:03B9H         SYMBOL        i
  -------         ENDDO         
  C:418DH         LINE#         246
  C:418DH         LINE#         247
  C:418DH         LINE#         248
  C:4193H         LINE#         249
  C:4197H         LINE#         250
  C:4199H         LINE#         251
  C:419BH         LINE#         252
  C:41A1H         LINE#         256
  C:41A8H         LINE#         257
  C:41A8H         LINE#         258
  C:41AAH         LINE#         259
  C:41ADH         LINE#         260
  C:41B1H         LINE#         261
  C:41B1H         LINE#         262
  C:41B3H         LINE#         263
  C:41B5H         LINE#         265
  C:41B5H         LINE#         266
  C:41B7H         LINE#         268
  C:41B7H         LINE#         269
  C:41B7H         LINE#         270
  C:41B7H         LINE#         271
  C:41BAH         LINE#         272
  C:41BEH         LINE#         275
  C:41DDH         LINE#         279
  C:41E4H         LINE#         281
  C:41E6H         LINE#         282
  C:41EDH         LINE#         283
  C:41F4H         LINE#         284
  C:41F4H         LINE#         285
  C:41F8H         LINE#         286
  C:41F8H         LINE#         287
  C:41FBH         LINE#         288
  C:41FDH         LINE#         289
  C:4200H         LINE#         291
  C:4203H         LINE#         292
  C:4203H         LINE#         294
  C:4207H         LINE#         295
  C:4207H         LINE#         297
  C:4226H         LINE#         301
  C:4228H         LINE#         302
  C:422BH         LINE#         303
  C:422DH         LINE#         304
  -------         ENDPROC       UCREAD_STATUS_REGISTER_BYTE1
  -------         ENDMOD        AT25SF041

  -------         MODULE        ?C_STARTUP
  C:43FCH         SEGMENT       ?C_C51STARTUP
  I:0022H         SEGMENT       ?STACK
  C:0000H         PUBLIC        ?C_STARTUP
  D:00E0H         SYMBOL        ACC
  D:00F0H         SYMBOL        B
BL51 BANKED LINKER/LOCATER V6.22                                                      02/25/2019  14:27:50  PAGE 47


  D:0083H         SYMBOL        DPH
  D:0082H         SYMBOL        DPL
  N:0000H         SYMBOL        IBPSTACK
  N:0100H         SYMBOL        IBPSTACKTOP
  N:0080H         SYMBOL        IDATALEN
  C:43FFH         SYMBOL        IDATALOOP
  N:0000H         SYMBOL        PBPSTACK
  N:0100H         SYMBOL        PBPSTACKTOP
  N:0000H         SYMBOL        PDATALEN
  N:0000H         SYMBOL        PDATASTART
  N:0000H         SYMBOL        PPAGE
  N:0000H         SYMBOL        PPAGEENABLE
  D:00A0H         SYMBOL        PPAGE_SFR
  D:0081H         SYMBOL        SP
  C:43FCH         SYMBOL        STARTUP1
  N:0000H         SYMBOL        XBPSTACK
  N:0000H         SYMBOL        XBPSTACKTOP
  N:0000H         SYMBOL        XDATALEN
  N:0000H         SYMBOL        XDATASTART
  C:0000H         LINE#         126
  C:43FCH         LINE#         133
  C:43FEH         LINE#         134
  C:43FFH         LINE#         135
  C:4400H         LINE#         136
  C:4402H         LINE#         185
  C:4405H         LINE#         196
  -------         ENDMOD        ?C_STARTUP

  -------         MODULE        ?C?FPADD
  C:154EH         PUBLIC        ?C?FPADD
  C:154AH         PUBLIC        ?C?FPSUB
  -------         ENDMOD        ?C?FPADD

  -------         MODULE        ?C?FPMUL
  C:163FH         PUBLIC        ?C?FPMUL
  -------         ENDMOD        ?C?FPMUL

  -------         MODULE        ?C?FPDIV
  C:1748H         PUBLIC        ?C?FPDIV
  -------         ENDMOD        ?C?FPDIV

  -------         MODULE        ?C?FPCMP
  C:17E7H         PUBLIC        ?C?FPCMP
  C:17E5H         PUBLIC        ?C?FPCMP3
  -------         ENDMOD        ?C?FPCMP

  -------         MODULE        ?C?FPNEG
  C:185EH         PUBLIC        ?C?FPNEG
  -------         ENDMOD        ?C?FPNEG

  -------         MODULE        ?C?FCAST
  C:1879H         PUBLIC        ?C?FCASTC
  C:1874H         PUBLIC        ?C?FCASTI
  C:186FH         PUBLIC        ?C?FCASTL
  -------         ENDMOD        ?C?FCAST

  -------         MODULE        ?C?CASTF
BL51 BANKED LINKER/LOCATER V6.22                                                      02/25/2019  14:27:50  PAGE 48


  C:18ADH         PUBLIC        ?C?CASTF
  -------         ENDMOD        ?C?CASTF

  -------         MODULE        ATAN2
  X:04C7H         PUBLIC        ?_atan2?BYTE
  C:422EH         PUBLIC        _atan2
  -------         ENDMOD        ATAN2

  -------         MODULE        SIN
  C:36A7H         PUBLIC        _COS
  C:36BDH         PUBLIC        _SIN
  C:36F9H         PUBLIC        _TAN
  -------         ENDMOD        SIN

  -------         MODULE        ACOS
  C:46EDH         PUBLIC        _ACOS
  -------         ENDMOD        ACOS

  -------         MODULE        ASIN
  C:4844H         PUBLIC        _ASIN
  -------         ENDMOD        ASIN

  -------         MODULE        SQRT
  C:40E5H         PUBLIC        _SQRT
  -------         ENDMOD        SQRT

  -------         MODULE        ATAN
  C:3AD4H         PUBLIC        _ATAN
  -------         ENDMOD        ATAN

  -------         MODULE        ?C?COPY
  C:1A4BH         PUBLIC        ?C?COPY
  -------         ENDMOD        ?C?COPY

  -------         MODULE        ?C?CLDPTR
  C:1A71H         PUBLIC        ?C?CLDPTR
  -------         ENDMOD        ?C?CLDPTR

  -------         MODULE        ?C?CLDOPTR
  C:1A8AH         PUBLIC        ?C?CLDOPTR
  -------         ENDMOD        ?C?CLDOPTR

  -------         MODULE        ?C?CSTPTR
  C:1AB7H         PUBLIC        ?C?CSTPTR
  -------         ENDMOD        ?C?CSTPTR

  -------         MODULE        ?C?IMUL
  C:1AC9H         PUBLIC        ?C?IMUL
  -------         ENDMOD        ?C?IMUL

  -------         MODULE        ?C?UIDIV
  C:1ADBH         PUBLIC        ?C?UIDIV
  -------         ENDMOD        ?C?UIDIV

  -------         MODULE        ?C?SIDIV
  C:1B30H         PUBLIC        ?C?SIDIV
  -------         ENDMOD        ?C?SIDIV
BL51 BANKED LINKER/LOCATER V6.22                                                      02/25/2019  14:27:50  PAGE 49



  -------         MODULE        ?C?ILDIX
  C:1B66H         PUBLIC        ?C?ILDIX
  -------         ENDMOD        ?C?ILDIX

  -------         MODULE        ?C?ILDOPTR
  C:1B7CH         PUBLIC        ?C?ILDOPTR
  -------         ENDMOD        ?C?ILDOPTR

  -------         MODULE        ?C?ISTPTR
  C:1BB4H         PUBLIC        ?C?ISTPTR
  -------         ENDMOD        ?C?ISTPTR

  -------         MODULE        ?C?LMUL
  C:1BD3H         PUBLIC        ?C?LMUL
  -------         ENDMOD        ?C?LMUL

  -------         MODULE        ?C?SLDIV
  C:4780H         PUBLIC        ?C?SLDIV
  -------         ENDMOD        ?C?SLDIV

  -------         MODULE        ?C?LNEG
  C:1C22H         PUBLIC        ?C?LNEG
  -------         ENDMOD        ?C?LNEG

  -------         MODULE        ?C?ULCMP
  C:1C30H         PUBLIC        ?C?ULCMP
  -------         ENDMOD        ?C?ULCMP

  -------         MODULE        ?C?LSHL
  C:1C41H         PUBLIC        ?C?LSHL
  -------         ENDMOD        ?C?LSHL

  -------         MODULE        ?C?LLDPTR
  C:1C54H         PUBLIC        ?C?LLDPTR
  -------         ENDMOD        ?C?LLDPTR

  -------         MODULE        ?C?LLDOPTR
  C:1C74H         PUBLIC        ?C?LLDOPTR
  -------         ENDMOD        ?C?LLDOPTR

  -------         MODULE        ?C?LSTPTR
  C:1CA4H         PUBLIC        ?C?LSTPTR
  -------         ENDMOD        ?C?LSTPTR

  -------         MODULE        ?C?LSTOPTR
  C:1CBEH         PUBLIC        ?C?LSTOPTR
  -------         ENDMOD        ?C?LSTOPTR

  -------         MODULE        ?C?LLDXDATA
  C:1CE2H         PUBLIC        ?C?LLDXDATA
  -------         ENDMOD        ?C?LLDXDATA

  -------         MODULE        ?C?LLDCODE
  C:1CEEH         PUBLIC        ?C?LLDCODE
  -------         ENDMOD        ?C?LLDCODE

BL51 BANKED LINKER/LOCATER V6.22                                                      02/25/2019  14:27:50  PAGE 50


  -------         MODULE        ?C?LLDXDATA0
  C:1CFEH         PUBLIC        ?C?LLDXDATA0
  -------         ENDMOD        ?C?LLDXDATA0

  -------         MODULE        ?C?LLDCODE0
  C:1D0AH         PUBLIC        ?C?LLDCODE0
  -------         ENDMOD        ?C?LLDCODE0

  -------         MODULE        ?C?LLDPTR0
  C:1D1AH         PUBLIC        ?C?LLDPTR0
  -------         ENDMOD        ?C?LLDPTR0

  -------         MODULE        ?C?LSTXDATA
  C:1D3AH         PUBLIC        ?C?LSTXDATA
  -------         ENDMOD        ?C?LSTXDATA

  -------         MODULE        ?C?LSTKXDATA
  C:1D46H         PUBLIC        ?C?LSTKXDATA
  -------         ENDMOD        ?C?LSTKXDATA

  -------         MODULE        ?C?LSTKPTR
  C:1D77H         PUBLIC        ?C?LSTKPTR
  -------         ENDMOD        ?C?LSTKPTR

  -------         MODULE        ?C?OFFXADD
  C:1D91H         PUBLIC        ?C?OFFXADD
  -------         ENDMOD        ?C?OFFXADD

  -------         MODULE        ABS
  C:4B6CH         PUBLIC        _ABS
  -------         ENDMOD        ABS

  -------         MODULE        ATOI
  C:3DDBH         PUBLIC        _atoi
  -------         ENDMOD        ATOI

  -------         MODULE        ?C?IILDX
  C:1D9DH         PUBLIC        ?C?IILDX
  -------         ENDMOD        ?C?IILDX

  -------         MODULE        ?C?ULDIV
  C:1DEFH         PUBLIC        ?C?ULDIV
  -------         ENDMOD        ?C?ULDIV

  -------         MODULE        ?C?LLDIDATA
  C:1E81H         PUBLIC        ?C?LLDIDATA
  -------         ENDMOD        ?C?LLDIDATA

  -------         MODULE        ?C?LLDPDATA
  C:1E8DH         PUBLIC        ?C?LLDPDATA
  -------         ENDMOD        ?C?LLDPDATA

  -------         MODULE        ?C?LLDIDATA0
  C:1E99H         PUBLIC        ?C?LLDIDATA0
  -------         ENDMOD        ?C?LLDIDATA0

  -------         MODULE        ?C?LLDPDATA0
BL51 BANKED LINKER/LOCATER V6.22                                                      02/25/2019  14:27:50  PAGE 51


  C:1EA6H         PUBLIC        ?C?LLDPDATA0
  -------         ENDMOD        ?C?LLDPDATA0

  -------         MODULE        ?C?LSTIDATA
  C:1EB3H         PUBLIC        ?C?LSTIDATA
  -------         ENDMOD        ?C?LSTIDATA

  -------         MODULE        ?C?LSTPDATA
  C:1EBFH         PUBLIC        ?C?LSTPDATA
  -------         ENDMOD        ?C?LSTPDATA

  -------         MODULE        ?C?LSTKIDATA
  C:1ECBH         PUBLIC        ?C?LSTKIDATA
  -------         ENDMOD        ?C?LSTKIDATA

  -------         MODULE        ?C?LSTKPDATA
  C:1EE4H         PUBLIC        ?C?LSTKPDATA
  -------         ENDMOD        ?C?LSTKPDATA

  -------         MODULE        ISDIGIT
  C:4B44H         PUBLIC        _isdigit
  -------         ENDMOD        ISDIGIT

  -------         MODULE        ISSPACE
  C:4ADFH         PUBLIC        _isspace
  -------         ENDMOD        ISSPACE

*** WARNING L16: UNCALLED SEGMENT, IGNORED FOR OVERLAY PROCESS
    SEGMENT: ?PR?_DISPLAY_PROX?MAIN

*** WARNING L16: UNCALLED SEGMENT, IGNORED FOR OVERLAY PROCESS
    SEGMENT: ?PR?_DAY_OF_YEAR?PCF85063BTL

*** WARNING L16: UNCALLED SEGMENT, IGNORED FOR OVERLAY PROCESS
    SEGMENT: ?PR?INITUART1?UART1

*** WARNING L16: UNCALLED SEGMENT, IGNORED FOR OVERLAY PROCESS
    SEGMENT: ?PR?_SENDSTRING?UART1

*** WARNING L16: UNCALLED SEGMENT, IGNORED FOR OVERLAY PROCESS
    SEGMENT: ?PR?_TEN?UART1

*** WARNING L16: UNCALLED SEGMENT, IGNORED FOR OVERLAY PROCESS
    SEGMENT: ?PR?_UNIT?UART1

*** WARNING L16: UNCALLED SEGMENT, IGNORED FOR OVERLAY PROCESS
    SEGMENT: ?PR?_DECTOBCD?UART1

*** WARNING L16: UNCALLED SEGMENT, IGNORED FOR OVERLAY PROCESS
    SEGMENT: ?PR?_ASCII_LETTER?UART1

*** WARNING L16: UNCALLED SEGMENT, IGNORED FOR OVERLAY PROCESS
    SEGMENT: ?PR?_ASCIITOBCD?UART1

*** WARNING L16: UNCALLED SEGMENT, IGNORED FOR OVERLAY PROCESS
    SEGMENT: ?PR?WAIT?BIPOLARMOTOR

BL51 BANKED LINKER/LOCATER V6.22                                                      02/25/2019  14:27:50  PAGE 52


*** WARNING L16: UNCALLED SEGMENT, IGNORED FOR OVERLAY PROCESS
    SEGMENT: ?PR?_FINDDET4X4?BIPOLARMOTOR

*** WARNING L16: UNCALLED SEGMENT, IGNORED FOR OVERLAY PROCESS
    SEGMENT: ?PR?NOP?IOEXPANDER_PI4IOE5V96248

*** WARNING L16: UNCALLED SEGMENT, IGNORED FOR OVERLAY PROCESS
    SEGMENT: ?PR?UC_ACK?IOEXPANDER_PI4IOE5V96248

*** WARNING L16: UNCALLED SEGMENT, IGNORED FOR OVERLAY PROCESS
    SEGMENT: ?PR?UC_NACK?IOEXPANDER_PI4IOE5V96248

*** WARNING L16: UNCALLED SEGMENT, IGNORED FOR OVERLAY PROCESS
    SEGMENT: ?PR?_AT25SF041_READ?AT25SF041

*** WARNING L1: UNRESOLVED EXTERNAL SYMBOL
    SYMBOL:  AUTO_MODE
    MODULE:  .\Obj\main.obj (MAIN)

*** WARNING L2: REFERENCE MADE TO UNRESOLVED EXTERNAL
    SYMBOL:  AUTO_MODE
    MODULE:  .\Obj\main.obj (MAIN)
    ADDRESS: 0B3BH

*** WARNING L2: REFERENCE MADE TO UNRESOLVED EXTERNAL
    SYMBOL:  AUTO_MODE
    MODULE:  .\Obj\main.obj (MAIN)
    ADDRESS: 0DFBH

*** WARNING L2: REFERENCE MADE TO UNRESOLVED EXTERNAL
    SYMBOL:  AUTO_MODE
    MODULE:  .\Obj\main.obj (MAIN)
    ADDRESS: 0E09H

*** WARNING L2: REFERENCE MADE TO UNRESOLVED EXTERNAL
    SYMBOL:  AUTO_MODE
    MODULE:  .\Obj\main.obj (MAIN)
    ADDRESS: 0E1BH

*** WARNING L2: REFERENCE MADE TO UNRESOLVED EXTERNAL
    SYMBOL:  AUTO_MODE
    MODULE:  .\Obj\main.obj (MAIN)
    ADDRESS: 0E5DH

*** WARNING L2: REFERENCE MADE TO UNRESOLVED EXTERNAL
    SYMBOL:  AUTO_MODE
    MODULE:  .\Obj\main.obj (MAIN)
    ADDRESS: 0F30H

*** WARNING L1: UNRESOLVED EXTERNAL SYMBOL
    SYMBOL:  _SENDUART1
    MODULE:  .\Obj\UART1.obj (UART1)

*** WARNING L2: REFERENCE MADE TO UNRESOLVED EXTERNAL
    SYMBOL:  _SENDUART1
    MODULE:  .\Obj\UART1.obj (UART1)
    ADDRESS: 48ADH
BL51 BANKED LINKER/LOCATER V6.22                                                      02/25/2019  14:27:50  PAGE 53



*** WARNING L1: UNRESOLVED EXTERNAL SYMBOL
    SYMBOL:  AUTO_MODE
    MODULE:  .\Obj\KeyPad.obj (KEYPAD)

*** WARNING L2: REFERENCE MADE TO UNRESOLVED EXTERNAL
    SYMBOL:  AUTO_MODE
    MODULE:  .\Obj\KeyPad.obj (KEYPAD)
    ADDRESS: 30AEH

*** WARNING L2: REFERENCE MADE TO UNRESOLVED EXTERNAL
    SYMBOL:  AUTO_MODE
    MODULE:  .\Obj\KeyPad.obj (KEYPAD)
    ADDRESS: 30B9H

*** WARNING L2: REFERENCE MADE TO UNRESOLVED EXTERNAL
    SYMBOL:  AUTO_MODE
    MODULE:  .\Obj\KeyPad.obj (KEYPAD)
    ADDRESS: 30C0H

Program Size: data=10.2 xdata=1582 code=19358
LINK/LOCATE RUN COMPLETE.  28 WARNING(S),  0 ERROR(S)
