BL51 BANKED LINKER/LOCATER V6.22                                                        09/03/2019  11:55:16  PAGE 1


BL51 BANKED LINKER/LOCATER V6.22, INVOKED BY:
C:\KEIL_V5\C51\BIN\BL51.EXE .\Obj\main.obj, .\Obj\PCF85063BTL.obj, .\Obj\LCd_Driver_SPLC780D.obj, .\Obj\KeyPad.obj, .\Ob
>> j\BipolarMotor.obj, .\Obj\SunPos.obj, .\Obj\ADC.obj, .\Obj\Calibration.obj, .\Obj\IOExpander_PI4IOE5V96248.obj, .\Obj
>> \AT25SF041.obj, .\Obj\SI1120.obj, .\Obj\UART1.obj, .\Obj\STARTUP.obj TO .\Obj\GPIO_RTC_Test RTX51TINY PRINT (.\Lis\GP
>> IO_RTC_Test.m51) RAMSIZE (256)


MEMORY MODEL: LARGE WITH FLOATING POINT ARITHMETIC


INPUT MODULES INCLUDED:
  .\Obj\main.obj (MAIN)
  .\Obj\PCF85063BTL.obj (PCF85063BTL)
  .\Obj\LCd_Driver_SPLC780D.obj (LCD_DRIVER_SPLC780D)
  .\Obj\KeyPad.obj (KEYPAD)
  .\Obj\BipolarMotor.obj (BIPOLARMOTOR)
  .\Obj\SunPos.obj (SUNPOS)
  .\Obj\ADC.obj (ADC)
  .\Obj\Calibration.obj (CALIBRATION)
  .\Obj\IOExpander_PI4IOE5V96248.obj (IOEXPANDER_PI4IOE5V96248)
  .\Obj\AT25SF041.obj (AT25SF041)
  .\Obj\SI1120.obj (SI1120)
  .\Obj\UART1.obj (UART1)
  .\Obj\STARTUP.obj (?C_STARTUP)
  C:\KEIL_V5\C51\LIB\C51FPL.LIB (?C?FPADD)
  C:\KEIL_V5\C51\LIB\C51FPL.LIB (?C?FPMUL)
  C:\KEIL_V5\C51\LIB\C51FPL.LIB (?C?FPDIV)
  C:\KEIL_V5\C51\LIB\C51FPL.LIB (?C?FPCMP)
  C:\KEIL_V5\C51\LIB\C51FPL.LIB (?C?FPNEG)
  C:\KEIL_V5\C51\LIB\C51FPL.LIB (?C?FCAST)
  C:\KEIL_V5\C51\LIB\C51FPL.LIB (?C?CASTF)
  C:\KEIL_V5\C51\LIB\C51FPL.LIB (PRINTF)
  C:\KEIL_V5\C51\LIB\C51FPL.LIB (FABS)
  C:\KEIL_V5\C51\LIB\C51FPL.LIB (ATAN2)
  C:\KEIL_V5\C51\LIB\C51FPL.LIB (SIN)
  C:\KEIL_V5\C51\LIB\C51FPL.LIB (ACOS)
  C:\KEIL_V5\C51\LIB\C51FPL.LIB (ASIN)
  C:\KEIL_V5\C51\LIB\C51FPL.LIB (POW)
  C:\KEIL_V5\C51\LIB\C51FPL.LIB (?C?FPGETOPN)
  C:\KEIL_V5\C51\LIB\C51FPL.LIB (?C?CHKFLOAT)
  C:\KEIL_V5\C51\LIB\C51FPL.LIB (?C?FPROUND)
  C:\KEIL_V5\C51\LIB\C51FPL.LIB (?C?FPCONVERT)
  C:\KEIL_V5\C51\LIB\C51FPL.LIB (?C?FPSERIES)
  C:\KEIL_V5\C51\LIB\C51FPL.LIB (EXP)
  C:\KEIL_V5\C51\LIB\C51FPL.LIB (LOG)
  C:\KEIL_V5\C51\LIB\C51FPL.LIB (SQRT)
  C:\KEIL_V5\C51\LIB\C51FPL.LIB (ATAN)
  C:\KEIL_V5\C51\LIB\C51FPL.LIB (?C?FTNPWR)
  C:\KEIL_V5\C51\LIB\C51L.LIB (?C_INIT)
  C:\KEIL_V5\C51\LIB\C51L.LIB (?C?COPY)
  C:\KEIL_V5\C51\LIB\C51L.LIB (?C?CLDPTR)
  C:\KEIL_V5\C51\LIB\C51L.LIB (?C?CLDOPTR)
  C:\KEIL_V5\C51\LIB\C51L.LIB (?C?CSTPTR)
  C:\KEIL_V5\C51\LIB\C51L.LIB (?C?IMUL)
  C:\KEIL_V5\C51\LIB\C51L.LIB (?C?UIDIV)
  C:\KEIL_V5\C51\LIB\C51L.LIB (?C?SIDIV)
  C:\KEIL_V5\C51\LIB\C51L.LIB (?C?ILDIX)
  C:\KEIL_V5\C51\LIB\C51L.LIB (?C?ILDOPTR)
BL51 BANKED LINKER/LOCATER V6.22                                                      09/03/2019  11:55:16  PAGE 2


  C:\KEIL_V5\C51\LIB\C51L.LIB (?C?ISTPTR)
  C:\KEIL_V5\C51\LIB\C51L.LIB (?C?LMUL)
  C:\KEIL_V5\C51\LIB\C51L.LIB (?C?SLDIV)
  C:\KEIL_V5\C51\LIB\C51L.LIB (?C?LNEG)
  C:\KEIL_V5\C51\LIB\C51L.LIB (?C?ULCMP)
  C:\KEIL_V5\C51\LIB\C51L.LIB (?C?LSHL)
  C:\KEIL_V5\C51\LIB\C51L.LIB (?C?LLDPTR)
  C:\KEIL_V5\C51\LIB\C51L.LIB (?C?LLDOPTR)
  C:\KEIL_V5\C51\LIB\C51L.LIB (?C?LSTPTR)
  C:\KEIL_V5\C51\LIB\C51L.LIB (?C?LSTOPTR)
  C:\KEIL_V5\C51\LIB\C51L.LIB (?C?LLDXDATA)
  C:\KEIL_V5\C51\LIB\C51L.LIB (?C?LLDCODE)
  C:\KEIL_V5\C51\LIB\C51L.LIB (?C?LLDXDATA0)
  C:\KEIL_V5\C51\LIB\C51L.LIB (?C?LLDCODE0)
  C:\KEIL_V5\C51\LIB\C51L.LIB (?C?LLDPTR0)
  C:\KEIL_V5\C51\LIB\C51L.LIB (?C?LSTXDATA)
  C:\KEIL_V5\C51\LIB\C51L.LIB (?C?LSTKXDATA)
  C:\KEIL_V5\C51\LIB\C51L.LIB (?C?LSTKPTR)
  C:\KEIL_V5\C51\LIB\C51L.LIB (?C?OFFXADD)
  C:\KEIL_V5\C51\LIB\C51L.LIB (?C?PLDIXDATA)
  C:\KEIL_V5\C51\LIB\C51L.LIB (?C?PSTXDATA)
  C:\KEIL_V5\C51\LIB\C51L.LIB (?C?CCASE)
  C:\KEIL_V5\C51\LIB\C51L.LIB (PUTCHAR)
  C:\KEIL_V5\C51\LIB\C51L.LIB (ABS)
  C:\KEIL_V5\C51\LIB\C51L.LIB (ATOI)
  C:\KEIL_V5\C51\LIB\C51L.LIB (?C?IILDX)
  C:\KEIL_V5\C51\LIB\C51L.LIB (?C?ULDIV)
  C:\KEIL_V5\C51\LIB\C51L.LIB (?C?LLDIDATA)
  C:\KEIL_V5\C51\LIB\C51L.LIB (?C?LLDPDATA)
  C:\KEIL_V5\C51\LIB\C51L.LIB (?C?LLDIDATA0)
  C:\KEIL_V5\C51\LIB\C51L.LIB (?C?LLDPDATA0)
  C:\KEIL_V5\C51\LIB\C51L.LIB (?C?LSTIDATA)
  C:\KEIL_V5\C51\LIB\C51L.LIB (?C?LSTPDATA)
  C:\KEIL_V5\C51\LIB\C51L.LIB (?C?LSTKIDATA)
  C:\KEIL_V5\C51\LIB\C51L.LIB (?C?LSTKPDATA)
  C:\KEIL_V5\C51\LIB\C51L.LIB (ISDIGIT)
  C:\KEIL_V5\C51\LIB\C51L.LIB (ISSPACE)


LINK MAP OF MODULE:  .\Obj\GPIO_RTC_Test (MAIN)


            TYPE    BASE      LENGTH    RELOCATION   SEGMENT NAME
            -----------------------------------------------------

            * * * * * * *   D A T A   M E M O R Y   * * * * * * *
            REG     0000H     0008H     ABSOLUTE     "REG BANK 0"
            DATA    0008H     0005H     UNIT         _DATA_GROUP_
                    000DH     0013H                  *** GAP ***
            BIT     0020H.0   0001H.2   UNIT         _BIT_GROUP_
            BIT     0021H.2   0000H.1   UNIT         ?BI?MAIN
            BIT     0021H.3   0000H.1   UNIT         ?BI?_ATOI?ATOI
                    0021H.4   0000H.4                *** GAP ***
            IDATA   0022H     0001H     UNIT         ?STACK

            * * * * * * *  X D A T A   M E M O R Y  * * * * * * *
            XDATA   0000H     03BCH     UNIT         ?XD?BIPOLARMOTOR
BL51 BANKED LINKER/LOCATER V6.22                                                      09/03/2019  11:55:16  PAGE 3


            XDATA   03BCH     0171H     UNIT         _XDATA_GROUP_
            XDATA   052DH     0121H     UNIT         ?XD?MAIN
            XDATA   064EH     0019H     UNIT         ?XD?KEYPAD
            XDATA   0667H     0005H     UNIT         ?XD?_ATOI?ATOI
            XDATA   066CH     0001H     UNIT         ?XD?UC_ACK?IOEXPANDER_PI4IOE5V96248
            XDATA   066DH     0001H     UNIT         ?XD?UC_NACK?IOEXPANDER_PI4IOE5V96248

            * * * * * * *   C O D E   M E M O R Y   * * * * * * *
            CODE    0000H     0003H     ABSOLUTE     
            CODE    0003H     0003H     ABSOLUTE     
            CODE    0006H     0005H     UNIT         ?PR?_UNIT?UART1
            CODE    000BH     0003H     ABSOLUTE     
            CODE    000EH     000DH     UNIT         ?PR?UART?MAIN
            CODE    001BH     0003H     ABSOLUTE     
            CODE    001EH     0005H     UNIT         ?PR?_ASCII_LETTER?UART1
            CODE    0023H     0003H     ABSOLUTE     
            CODE    0026H     254CH     UNIT         ?PR?MAIN?MAIN
            CODE    2572H     0BC8H     UNIT         ?C?LIB_CODE
            CODE    313AH     07F7H     UNIT         ?PR?_FIND_REAL_MAX?CALIBRATION
            CODE    3931H     07A2H     UNIT         ?PR?SUNPOS?SUNPOS
            CODE    40D3H     0645H     UNIT         ?PR?_UPDATE_POSITION?BIPOLARMOTOR
            CODE    4718H     04FBH     UNIT         ?PR?_THEORICALJP_POSITION?BIPOLARMOTOR
            CODE    4C13H     0483H     UNIT         ?PR?PRINTF?PRINTF
            CODE    5096H     044AH     UNIT         ?PR?_AZIMUTH_CALCULATION?BIPOLARMOTOR
            CODE    54E0H     0424H     UNIT         ?C_INITSEG
            CODE    5904H     038CH     UNIT         ?PR?KEY_PROCESS?KEYPAD
            CODE    5C90H     036DH     UNIT         ?PR?_ELEVATION_CALCULATION?BIPOLARMOTOR
            CODE    5FFDH     01C7H     UNIT         ?PR?_CALIBRATION?CALIBRATION
            CODE    61C4H     018DH     UNIT         ?PR?KEY_SCAN?KEYPAD
            CODE    6351H     0189H     UNIT         ?PR?SPI_NOR_WRITE_DATA?AT25SF041
            CODE    64DAH     0188H     UNIT         ?PR?SIN?SIN
            CODE    6662H     0166H     UNIT         ?PR?_POW?POW
            CODE    67C8H     0155H     UNIT         ?PR?_DISPLAY_POS?LCD_DRIVER_SPLC780D
            CODE    691DH     0129H     UNIT         ?PR?LOG?LOG
            CODE    6A46H     0122H     UNIT         ?PR?ATAN?ATAN
            CODE    6B68H     0110H     UNIT         ?PR?_AT25SF041_READ?AT25SF041
            CODE    6C78H     0102H     UNIT         ?PR?_AT25SF041_WRITE?AT25SF041
            CODE    6D7AH     00F5H     UNIT         ?PR?EXINT0?MAIN
            CODE    6E6FH     00DBH     UNIT         ?PR?_ATOI?ATOI
            CODE    6F4AH     00C3H     UNIT         ?PR?LINEAR_INTERPOLATE?BIPOLARMOTOR
            CODE    700DH     00BBH     UNIT         ?PR?VOLTAGE_IS_STABLE?CALIBRATION
            CODE    70C8H     00ADH     UNIT         ?PR?_WRITE_PI4IOE5V96248?IOEXPANDER_PI4IOE5V96248
            CODE    7175H     00ACH     UNIT         ?PR?SQRT?SQRT
            CODE    7221H     00A1H     UNIT         ?PR?UCREAD_STATUS_REGISTER_BYTE1?AT25SF041
            CODE    72C2H     009DH     UNIT         ?PR?_ATAN2?ATAN2
            CODE    735FH     009CH     UNIT         ?PR?_MAX_VALUE?CALIBRATION
            CODE    73FBH     009AH     UNIT         ?PR?EXP?EXP
            CODE    7495H     008CH     UNIT         ?C_C51STARTUP
            CODE    7521H     0088H     UNIT         ?PR?_DAY_OF_YEAR?PCF85063BTL
            CODE    75A9H     0079H     UNIT         ?PR?_WRITEDATA?LCD_DRIVER_SPLC780D
            CODE    7622H     0072H     UNIT         ?PR?AT25SF041_WRITEENABLE?AT25SF041
            CODE    7694H     006FH     UNIT         ?PR?_READ_TIME?PCF85063BTL
            CODE    7703H     005AH     UNIT         ?PR?AT25SF041_CHIPERASE?AT25SF041
            CODE    775DH     0059H     UNIT         ?PR?LCD_INIT?LCD_DRIVER_SPLC780D
            CODE    77B6H     0056H     UNIT         ?CO?MAIN
            CODE    780CH     004BH     UNIT         ?CO?UART1
            CODE    7857H     004AH     UNIT         ?PR?VONESTEPMOVE?BIPOLARMOTOR
BL51 BANKED LINKER/LOCATER V6.22                                                      09/03/2019  11:55:16  PAGE 4


            CODE    78A1H     004AH     UNIT         ?PR?ACOS?ACOS
            CODE    78EBH     0044H     UNIT         ?C?LDIV
            CODE    792FH     0040H     UNIT         ?PR?_COMMAND?LCD_DRIVER_SPLC780D
            CODE    796FH     0040H     UNIT         ?PR?_STEP_MOVE?BIPOLARMOTOR
            CODE    79AFH     003BH     UNIT         ?PR?ASIN?ASIN
            CODE    79EAH     0033H     UNIT         ?PR?_SENDSTRING?UART1
            CODE    7A1DH     0031H     UNIT         ?PR?SI1120_CONFIG_MODE_VIRH?SI1120
            CODE    7A4EH     002BH     UNIT         ?PR?_WAIT_MS_I2C?IOEXPANDER_PI4IOE5V96248
            CODE    7A79H     002BH     UNIT         ?PR?_WAIT_MS_SPINOR?AT25SF041
            CODE    7AA4H     002AH     UNIT         ?PR?_ADC_GETRESULT?ADC
            CODE    7ACEH     0028H     UNIT         ?PR?_BCDTODEC1?BIPOLARMOTOR
            CODE    7AF6H     0028H     UNIT         ?PR?_MOVE?BIPOLARMOTOR
            CODE    7B1EH     0028H     UNIT         ?CO?CALIBRATION
            CODE    7B46H     0027H     UNIT         ?PR?_I2C_SENDBYTE?IOEXPANDER_PI4IOE5V96248
            CODE    7B6DH     0027H     UNIT         ?PR?PUTCHAR?PUTCHAR
            CODE    7B94H     0024H     UNIT         ?PR?_WAIT_MS?LCD_DRIVER_SPLC780D
            CODE    7BB8H     0024H     UNIT         ?PR?_FINDCLOSESTSAMEDAYCALIBTIME?CALIBRATION
            CODE    7BDCH     0024H     UNIT         ?PR?_UART1_SENDTOTCPSERVER?UART1
            CODE    7C00H     0021H     UNIT         ?PR?TM0_ISR?MAIN
            CODE    7C21H     0020H     UNIT         ?PR?_SPI_SENDBYTE?PCF85063BTL
            CODE    7C41H     0020H     UNIT         ?PR?SPI_RECEIVEBYTE?PCF85063BTL
            CODE    7C61H     001EH     UNIT         ?PR?_DELAY_MS?KEYPAD
            CODE    7C7FH     001DH     UNIT         ?PR?_DISPLAYLCD?LCD_DRIVER_SPLC780D
            CODE    7C9CH     001AH     UNIT         ?PR?ADC_INIT?ADC
            CODE    7CB6H     0018H     UNIT         ?PR?_SPI_WRITETIME?PCF85063BTL
            CODE    7CCEH     0017H     UNIT         ?PR?_ASCIITOBCD?UART1
            CODE    7CE5H     0016H     UNIT         ?PR?I2C_ACK?IOEXPANDER_PI4IOE5V96248
            CODE    7CFBH     0015H     UNIT         ?PR?_DISPLAY_LINE?LCD_DRIVER_SPLC780D
            CODE    7D10H     0015H     UNIT         ?PR?VSETLOCATION?BIPOLARMOTOR
            CODE    7D25H     0015H     UNIT         ?PR?I2C_STOP?IOEXPANDER_PI4IOE5V96248
            CODE    7D3AH     0014H     UNIT         ?PR?_PCF85063BTL_DELAY?PCF85063BTL
            CODE    7D4EH     0014H     UNIT         ?PR?_ISSPACE?ISSPACE
            CODE    7D62H     0011H     UNIT         ?PR?_SPI_READTIME?PCF85063BTL
            CODE    7D73H     0011H     UNIT         ?PR?_BCDTODEC?PCF85063BTL
            CODE    7D84H     0011H     UNIT         ?PR?INITUART1?UART1
            CODE    7D95H     000FH     UNIT         ?PR?I2C_START?IOEXPANDER_PI4IOE5V96248
            CODE    7DA4H     000FH     UNIT         ?PR?UC_NACK?IOEXPANDER_PI4IOE5V96248
            CODE    7DB3H     000FH     UNIT         ?PR?_ISDIGIT?ISDIGIT
            CODE    7DC2H     000DH     UNIT         ?PR?SPI_INIT?PCF85063BTL
            CODE    7DCFH     000DH     UNIT         ?PR?ENABLE_EXTINT0?SI1120
            CODE    7DDCH     000DH     UNIT         ?PR?_FABS?FABS
            CODE    7DE9H     000CH     UNIT         ?PR?KEYPAD_IO_INIT?KEYPAD
            CODE    7DF5H     000CH     UNIT         ?PR?_ABS?ABS
            CODE    7E01H     000AH     UNIT         ?PR?LCD_RETURN_HOME?LCD_DRIVER_SPLC780D
            CODE    7E0BH     000AH     UNIT         ?PR?LCD_CLEAR?LCD_DRIVER_SPLC780D
            CODE    7E15H     0009H     UNIT         ?PR?TM1_ISR?MAIN
            CODE    7E1EH     0009H     UNIT         ?PR?_SENDUART1?MAIN
            CODE    7E27H     0009H     UNIT         ?PR?UART1_INITTCPCONN?UART1
            CODE    7E30H     0006H     UNIT         ?PR?UC_ACK?IOEXPANDER_PI4IOE5V96248
            CODE    7E36H     0006H     UNIT         ?PR?_TEN?UART1
            CODE    7E3CH     0001H     UNIT         ?PR?NOP?IOEXPANDER_PI4IOE5V96248
            CODE    7E3DH     0001H     UNIT         ?PR?_DECTOBCD?UART1



OVERLAY MAP OF MODULE:   .\Obj\GPIO_RTC_Test (MAIN)

BL51 BANKED LINKER/LOCATER V6.22                                                      09/03/2019  11:55:16  PAGE 5



SEGMENT                                             BIT_GROUP          DATA_GROUP          XDATA_GROUP
  +--> CALLED SEGMENT                            START    LENGTH     START    LENGTH     START    LENGTH
--------------------------------------------------------------------------------------------------------
?PR?EXINT0?MAIN                                  -----    -----      -----    -----      -----    -----
  +--> ?PR?_POW?POW

?PR?_POW?POW                                     -----    -----      -----    -----      03BCH    000AH
  +--> ?PR?LOG?LOG
  +--> ?PR?EXP?EXP

?PR?LOG?LOG                                      0020H.0  0000H.1    -----    -----      03C6H    0004H

*** NEW ROOT ***************************************************

?C_C51STARTUP                                    -----    -----      -----    -----      -----    -----
  +--> ?PR?MAIN?MAIN
  +--> ?C_INITSEG

?PR?MAIN?MAIN                                    -----    -----      -----    -----      03CAH    003EH
  +--> ?PR?LCD_INIT?LCD_DRIVER_SPLC780D
  +--> ?PR?SPI_INIT?PCF85063BTL
  +--> ?PR?KEYPAD_IO_INIT?KEYPAD
  +--> ?PR?ADC_INIT?ADC
  +--> ?PR?SI1120_CONFIG_MODE_VIRH?SI1120
  +--> ?PR?ENABLE_EXTINT0?SI1120
  +--> ?PR?VSETLOCATION?BIPOLARMOTOR
  +--> ?PR?_SPI_WRITETIME?PCF85063BTL
  +--> ?PR?_DELAY_MS?KEYPAD
  +--> ?PR?_DISPLAY_LINE?LCD_DRIVER_SPLC780D
  +--> ?PR?_WRITEDATA?LCD_DRIVER_SPLC780D
  +--> ?PR?INITUART1?UART1
  +--> ?PR?UART1_INITTCPCONN?UART1
  +--> ?CO?MAIN
  +--> ?PR?_UART1_SENDTOTCPSERVER?UART1
  +--> ?PR?KEY_PROCESS?KEYPAD
  +--> ?PR?_COMMAND?LCD_DRIVER_SPLC780D
  +--> ?PR?_DISPLAY_POS?LCD_DRIVER_SPLC780D
  +--> ?PR?_DISPLAYLCD?LCD_DRIVER_SPLC780D
  +--> ?PR?_STEP_MOVE?BIPOLARMOTOR
  +--> ?PR?LCD_RETURN_HOME?LCD_DRIVER_SPLC780D
  +--> ?PR?_READ_TIME?PCF85063BTL
  +--> ?PR?_BCDTODEC1?BIPOLARMOTOR
  +--> ?PR?_SENDSTRING?UART1
  +--> ?PR?_ELEVATION_CALCULATION?BIPOLARMOTOR
  +--> ?PR?_AZIMUTH_CALCULATION?BIPOLARMOTOR
  +--> ?PR?_AT25SF041_READ?AT25SF041
  +--> ?PR?_DAY_OF_YEAR?PCF85063BTL
  +--> ?PR?_THEORICALJP_POSITION?BIPOLARMOTOR
  +--> ?PR?PRINTF?PRINTF
  +--> ?PR?SIN?SIN
  +--> ?PR?_CALIBRATION?CALIBRATION
  +--> ?PR?_WAIT_MS_SPINOR?AT25SF041
  +--> ?PR?AT25SF041_WRITEENABLE?AT25SF041
  +--> ?PR?_AT25SF041_WRITE?AT25SF041
  +--> ?PR?_ABS?ABS
  +--> ?PR?_FABS?FABS
BL51 BANKED LINKER/LOCATER V6.22                                                      09/03/2019  11:55:16  PAGE 6


  +--> ?PR?_ADC_GETRESULT?ADC
  +--> ?PR?SPI_NOR_WRITE_DATA?AT25SF041
  +--> ?PR?_WAIT_MS?LCD_DRIVER_SPLC780D
  +--> ?PR?_UPDATE_POSITION?BIPOLARMOTOR
  +--> ?PR?LINEAR_INTERPOLATE?BIPOLARMOTOR
  +--> ?PR?AT25SF041_CHIPERASE?AT25SF041
  +--> ?PR?LCD_CLEAR?LCD_DRIVER_SPLC780D

?PR?LCD_INIT?LCD_DRIVER_SPLC780D                 -----    -----      -----    -----      -----    -----
  +--> ?PR?_WAIT_MS?LCD_DRIVER_SPLC780D
  +--> ?PR?_COMMAND?LCD_DRIVER_SPLC780D

?PR?_COMMAND?LCD_DRIVER_SPLC780D                 -----    -----      -----    -----      -----    -----
  +--> ?PR?_WAIT_MS?LCD_DRIVER_SPLC780D

?PR?SI1120_CONFIG_MODE_VIRH?SI1120               -----    -----      -----    -----      -----    -----
  +--> ?PR?_WAIT_MS?LCD_DRIVER_SPLC780D

?PR?_SPI_WRITETIME?PCF85063BTL                   -----    -----      -----    -----      -----    -----
  +--> ?PR?_SPI_SENDBYTE?PCF85063BTL

?PR?_SPI_SENDBYTE?PCF85063BTL                    -----    -----      -----    -----      -----    -----
  +--> ?PR?_PCF85063BTL_DELAY?PCF85063BTL

?PR?_DISPLAY_LINE?LCD_DRIVER_SPLC780D            -----    -----      -----    -----      -----    -----
  +--> ?PR?_COMMAND?LCD_DRIVER_SPLC780D

?PR?_WRITEDATA?LCD_DRIVER_SPLC780D               -----    -----      -----    -----      0508H    0001H
  +--> ?PR?_WAIT_MS?LCD_DRIVER_SPLC780D

?PR?UART1_INITTCPCONN?UART1                      -----    -----      -----    -----      -----    -----
  +--> ?CO?UART1
  +--> ?PR?_SENDSTRING?UART1

?PR?_SENDSTRING?UART1                            -----    -----      -----    -----      04FDH    0003H
  +--> ?PR?_SENDUART1?MAIN

?PR?_UART1_SENDTOTCPSERVER?UART1                 -----    -----      -----    -----      0408H    0003H
  +--> ?CO?UART1
  +--> ?PR?_SENDSTRING?UART1
  +--> ?PR?_DELAY_MS?KEYPAD

?PR?KEY_PROCESS?KEYPAD                           -----    -----      -----    -----      0408H    0006H
  +--> ?PR?KEY_SCAN?KEYPAD
  +--> ?PR?_SPI_WRITETIME?PCF85063BTL
  +--> ?PR?LCD_CLEAR?LCD_DRIVER_SPLC780D
  +--> ?PR?_COMMAND?LCD_DRIVER_SPLC780D
  +--> ?PR?_WRITEDATA?LCD_DRIVER_SPLC780D

?PR?KEY_SCAN?KEYPAD                              -----    -----      -----    -----      040EH    0003H

?PR?LCD_CLEAR?LCD_DRIVER_SPLC780D                -----    -----      -----    -----      -----    -----
  +--> ?PR?_COMMAND?LCD_DRIVER_SPLC780D

?PR?_DISPLAY_POS?LCD_DRIVER_SPLC780D             -----    -----      -----    -----      04FDH    000BH
  +--> ?PR?_ABS?ABS
  +--> ?PR?_WRITEDATA?LCD_DRIVER_SPLC780D
BL51 BANKED LINKER/LOCATER V6.22                                                      09/03/2019  11:55:16  PAGE 7



?PR?_DISPLAYLCD?LCD_DRIVER_SPLC780D              -----    -----      -----    -----      0408H    0001H
  +--> ?PR?_WRITEDATA?LCD_DRIVER_SPLC780D

?PR?_STEP_MOVE?BIPOLARMOTOR                      0020H.2  0000H.1    -----    -----      0501H    0004H
  +--> ?PR?VONESTEPMOVE?BIPOLARMOTOR

?PR?VONESTEPMOVE?BIPOLARMOTOR                    0020H.3  0000H.1    -----    -----      -----    -----
  +--> ?PR?_WRITE_PI4IOE5V96248?IOEXPANDER_P...
  +--> ?PR?_DELAY_MS?KEYPAD

?PR?_WRITE_PI4IOE5V96248?IOEXPANDER_P...         -----    -----      -----    -----      0505H    0003H
  +--> ?PR?I2C_START?IOEXPANDER_PI4IOE5V96248
  +--> ?PR?_WAIT_MS_I2C?IOEXPANDER_PI4IOE5V9...
  +--> ?PR?_I2C_SENDBYTE?IOEXPANDER_PI4IOE5V...
  +--> ?PR?I2C_ACK?IOEXPANDER_PI4IOE5V96248
  +--> ?PR?I2C_STOP?IOEXPANDER_PI4IOE5V96248

?PR?I2C_START?IOEXPANDER_PI4IOE5V96248           -----    -----      -----    -----      -----    -----
  +--> ?PR?_WAIT_MS_I2C?IOEXPANDER_PI4IOE5V9...

?PR?_I2C_SENDBYTE?IOEXPANDER_PI4IOE5V...         -----    -----      -----    -----      -----    -----
  +--> ?PR?_WAIT_MS_I2C?IOEXPANDER_PI4IOE5V9...

?PR?I2C_ACK?IOEXPANDER_PI4IOE5V96248             -----    -----      -----    -----      0508H    0001H
  +--> ?PR?_WAIT_MS_I2C?IOEXPANDER_PI4IOE5V9...

?PR?I2C_STOP?IOEXPANDER_PI4IOE5V96248            -----    -----      -----    -----      -----    -----
  +--> ?PR?_WAIT_MS_I2C?IOEXPANDER_PI4IOE5V9...

?PR?LCD_RETURN_HOME?LCD_DRIVER_SPLC780D          -----    -----      -----    -----      -----    -----
  +--> ?PR?_COMMAND?LCD_DRIVER_SPLC780D

?PR?_READ_TIME?PCF85063BTL                       -----    -----      -----    -----      04FDH    000FH
  +--> ?PR?_SPI_READTIME?PCF85063BTL

?PR?_SPI_READTIME?PCF85063BTL                    -----    -----      -----    -----      -----    -----
  +--> ?PR?_SPI_SENDBYTE?PCF85063BTL
  +--> ?PR?SPI_RECEIVEBYTE?PCF85063BTL

?PR?SPI_RECEIVEBYTE?PCF85063BTL                  -----    -----      -----    -----      -----    -----
  +--> ?PR?_PCF85063BTL_DELAY?PCF85063BTL

?PR?_ELEVATION_CALCULATION?BIPOLARMOTOR          -----    -----      -----    -----      0408H    0005H
  +--> ?PR?_BCDTODEC1?BIPOLARMOTOR
  +--> ?PR?SUNPOS?SUNPOS
  +--> ?PR?SIN?SIN
  +--> ?PR?ASIN?ASIN

?PR?SUNPOS?SUNPOS                                -----    -----      -----    -----      0452H    005DH
  +--> ?PR?SIN?SIN
  +--> ?PR?_ATAN2?ATAN2
  +--> ?PR?ASIN?ASIN
  +--> ?PR?ACOS?ACOS

?PR?SIN?SIN                                      0020H.1  0000H.1    -----    -----      04AFH    0004H

BL51 BANKED LINKER/LOCATER V6.22                                                      09/03/2019  11:55:16  PAGE 8


?PR?_ATAN2?ATAN2                                 -----    -----      -----    -----      04AFH    0008H
  +--> ?PR?ATAN?ATAN

?PR?ATAN?ATAN                                    0020H.1  0000H.2    -----    -----      04B7H    0004H

?PR?ASIN?ASIN                                    -----    -----      -----    -----      -----    -----
  +--> ?PR?SQRT?SQRT
  +--> ?PR?ATAN?ATAN

?PR?SQRT?SQRT                                    -----    -----      -----    -----      04AFH    0004H

?PR?ACOS?ACOS                                    -----    -----      -----    -----      -----    -----
  +--> ?PR?SQRT?SQRT
  +--> ?PR?ATAN?ATAN

?PR?_AZIMUTH_CALCULATION?BIPOLARMOTOR            -----    -----      -----    -----      0408H    0009H
  +--> ?PR?_BCDTODEC1?BIPOLARMOTOR
  +--> ?PR?SUNPOS?SUNPOS
  +--> ?PR?SIN?SIN
  +--> ?PR?ASIN?ASIN

?PR?_AT25SF041_READ?AT25SF041                    -----    -----      -----    -----      0408H    0008H
  +--> ?PR?_WAIT_MS_SPINOR?AT25SF041
  +--> ?PR?UCREAD_STATUS_REGISTER_BYTE1?AT25...

?PR?UCREAD_STATUS_REGISTER_BYTE1?AT25...         -----    -----      -----    -----      041EH    0003H
  +--> ?PR?_WAIT_MS_SPINOR?AT25SF041

?PR?_DAY_OF_YEAR?PCF85063BTL                     -----    -----      -----    -----      -----    -----
  +--> ?PR?_BCDTODEC?PCF85063BTL

?PR?_THEORICALJP_POSITION?BIPOLARMOTOR           -----    -----      -----    -----      0452H    005CH
  +--> ?PR?LINEAR_INTERPOLATE?BIPOLARMOTOR

?PR?LINEAR_INTERPOLATE?BIPOLARMOTOR              -----    -----      -----    -----      04AEH    0014H

?PR?PRINTF?PRINTF                                0020H.1  0001H.1    0008H    0005H      04FDH    0030H
  +--> ?PR?PUTCHAR?PUTCHAR

?PR?_CALIBRATION?CALIBRATION                     -----    -----      -----    -----      0408H    0024H
  +--> ?PR?VOLTAGE_IS_STABLE?CALIBRATION
  +--> ?PR?_UPDATE_POSITION?BIPOLARMOTOR
  +--> ?PR?_FIND_REAL_MAX?CALIBRATION

?PR?VOLTAGE_IS_STABLE?CALIBRATION                -----    -----      -----    -----      042CH    0018H
  +--> ?PR?_ADC_GETRESULT?ADC
  +--> ?PR?_ABS?ABS

?PR?_UPDATE_POSITION?BIPOLARMOTOR                -----    -----      -----    -----      042CH    0026H
  +--> ?PR?_BCDTODEC1?BIPOLARMOTOR
  +--> ?PR?SUNPOS?SUNPOS
  +--> ?PR?SIN?SIN
  +--> ?PR?ASIN?ASIN
  +--> ?PR?_THEORICALJP_POSITION?BIPOLARMOTOR
  +--> ?PR?_FABS?FABS
  +--> ?PR?_MOVE?BIPOLARMOTOR

BL51 BANKED LINKER/LOCATER V6.22                                                      09/03/2019  11:55:16  PAGE 9


?PR?_MOVE?BIPOLARMOTOR                           0020H.1  0000H.1    -----    -----      04FDH    0004H
  +--> ?PR?_STEP_MOVE?BIPOLARMOTOR

?PR?_FIND_REAL_MAX?CALIBRATION                   -----    -----      -----    -----      042CH    00D1H
  +--> ?PR?_ADC_GETRESULT?ADC
  +--> ?PR?_WAIT_MS?LCD_DRIVER_SPLC780D
  +--> ?CO?CALIBRATION
  +--> ?PR?PRINTF?PRINTF
  +--> ?PR?_SENDSTRING?UART1
  +--> ?PR?_COMMAND?LCD_DRIVER_SPLC780D
  +--> ?PR?_WRITEDATA?LCD_DRIVER_SPLC780D
  +--> ?PR?_DISPLAY_POS?LCD_DRIVER_SPLC780D
  +--> ?PR?_MOVE?BIPOLARMOTOR
  +--> ?PR?_READ_TIME?PCF85063BTL
  +--> ?PR?_BCDTODEC1?BIPOLARMOTOR
  +--> ?PR?_MAX_VALUE?CALIBRATION

?PR?_MAX_VALUE?CALIBRATION                       -----    -----      -----    -----      04FDH    0004H

?PR?AT25SF041_WRITEENABLE?AT25SF041              -----    -----      -----    -----      0416H    0002H
  +--> ?PR?_WAIT_MS_SPINOR?AT25SF041
  +--> ?PR?UCREAD_STATUS_REGISTER_BYTE1?AT25...

?PR?_AT25SF041_WRITE?AT25SF041                   -----    -----      -----    -----      0416H    0008H
  +--> ?PR?_WAIT_MS_SPINOR?AT25SF041
  +--> ?PR?UCREAD_STATUS_REGISTER_BYTE1?AT25...

?PR?SPI_NOR_WRITE_DATA?AT25SF041                 -----    -----      -----    -----      0408H    000EH
  +--> ?PR?AT25SF041_WRITEENABLE?AT25SF041
  +--> ?PR?_AT25SF041_WRITE?AT25SF041
  +--> ?PR?_WAIT_MS_SPINOR?AT25SF041

?PR?AT25SF041_CHIPERASE?AT25SF041                -----    -----      -----    -----      0408H    0002H
  +--> ?PR?_WAIT_MS_SPINOR?AT25SF041
  +--> ?PR?UCREAD_STATUS_REGISTER_BYTE1?AT25...



SYMBOL TABLE OF MODULE:  .\Obj\GPIO_RTC_Test (MAIN)

  VALUE           TYPE          NAME
  ----------------------------------

  -------         MODULE        MAIN
  C:0000H         SYMBOL        _ICE_DUMMY_
  X:0535H         PUBLIC        calib_value
  D:0080H         PUBLIC        P0
  D:0090H         PUBLIC        P1
  D:00A0H         PUBLIC        P2
  D:00B0H         PUBLIC        P3
  D:00C0H         PUBLIC        P4
  D:00C8H         PUBLIC        P5
  X:0589H         SYMBOL        PressedKey
  B:00A8H.7       PUBLIC        EA
  D:00E8H         PUBLIC        P6
  X:058DH         PUBLIC        calib_stamp
  D:00F8H         PUBLIC        P7
BL51 BANKED LINKER/LOCATER V6.22                                                      09/03/2019  11:55:16  PAGE 10


  X:058EH         PUBLIC        sTempString
  X:0597H         PUBLIC        calib_bool
  X:05C1H         PUBLIC        pwm_time_min
  D:00A8H         PUBLIC        IE
  X:05C5H         PUBLIC        calib_time
  X:0619H         PUBLIC        pwm_time_max
  B:0090H.7       PUBLIC        Connect_Electronics_Load
  D:00B8H         PUBLIC        IP
  B:0098H.0       PUBLIC        RI
  B:00B0H.2       PUBLIC        INT0
  X:061DH         PUBLIC        months
  B:0098H.1       PUBLIC        TI
  C:000EH         PUBLIC        Uart
  D:00D8H         PUBLIC        CCON
  C:0026H         PUBLIC        main
  X:061EH         PUBLIC        found_1st_point
  X:0620H         PUBLIC        i_point1
  X:0622H         PUBLIC        i_point2
  X:0624H         PUBLIC        day_offset
  X:0626H         PUBLIC        count
  B:0090H.2       PUBLIC        Connect_IV_Load
  D:0099H         PUBLIC        SBUF
  X:0628H         PUBLIC        days
  X:0629H         PUBLIC        hours
  D:0098H         PUBLIC        SCON
  D:0089H         PUBLIC        TMOD
  D:0088H         PUBLIC        TCON
  B:00A0H.3       PUBLIC        P23
  X:062AH         SYMBOL        KeyCount
  X:062CH         PUBLIC        mins
  B:00C8H.5       PUBLIC        P55
  X:062DH         PUBLIC        diff_of_offset
  D:008EH         PUBLIC        AUXR
  C:7C00H         PUBLIC        tm0_isr
  B:0090H.5       PUBLIC        SI1120_STX
  C:7E15H         PUBLIC        tm1_isr
  B:0021H.2       PUBLIC        busy
  D:00E0H         PUBLIC        ACC
  B:00A8H.1       PUBLIC        ET0
  B:00A8H.3       PUBLIC        ET1
  X:0631H         PUBLIC        SPI_NOR_INTERNAL_FLASH_ADDR
  D:008CH         PUBLIC        TH0
  D:008DH         PUBLIC        TH1
  D:008AH         PUBLIC        TL0
  D:008BH         PUBLIC        TL1
  X:0635H         PUBLIC        ii
  X:0637H         PUBLIC        jj
  B:0088H.4       PUBLIC        TR0
  B:0088H.6       PUBLIC        TR1
  X:0639H         PUBLIC        old_mins
  C:6D7AH         PUBLIC        exint0
  X:063AH         SYMBOL        KeyNum
  X:063BH         SYMBOL        KeyNum_Old
  X:063CH         PUBLIC        timer0_count
  X:063EH         PUBLIC        current_position
  X:0642H         PUBLIC        pwm_time
  X:0646H         PUBLIC        i
BL51 BANKED LINKER/LOCATER V6.22                                                      09/03/2019  11:55:16  PAGE 11


  X:0648H         PUBLIC        j
  X:064AH         PUBLIC        Enable_UpdateSPINOR
  X:064CH         PUBLIC        start_timer0_count
  X:064DH         PUBLIC        seconds
  D:00D0H         PUBLIC        PSW
  C:7E1EH         PUBLIC        _SendUART1
  -------         PROC          TM0_ISR
  C:7C00H         LINE#         110
  C:7C06H         LINE#         114
  C:7C09H         LINE#         115
  C:7C0CH         LINE#         116
  C:7C1AH         LINE#         117
  -------         ENDPROC       TM0_ISR
  -------         PROC          TM1_ISR
  C:7E15H         LINE#         118
  C:7E15H         LINE#         120
  C:7E17H         LINE#         122
  C:7E1AH         LINE#         123
  C:7E1DH         LINE#         124
  -------         ENDPROC       TM1_ISR
  -------         PROC          EXINT0
  C:6D7AH         LINE#         125
  C:6D97H         LINE#         129
  C:6D9AH         LINE#         130
  C:6D9AH         LINE#         131
  C:6D9DH         LINE#         132
  C:6DA0H         LINE#         133
  C:6DA2H         LINE#         134
  C:6DA4H         LINE#         138
  C:6DA7H         LINE#         141
  C:6DA7H         LINE#         142
  C:6DA9H         LINE#         144
  C:6DB5H         LINE#         145
  C:6E0FH         LINE#         146
  C:6E4DH         LINE#         147
  C:6E54H         LINE#         152
  C:6E54H         LINE#         154
  -------         ENDPROC       EXINT0
  -------         PROC          MAIN
  -------         DO            
  X:052DH         SYMBOL        KeyCount
  X:052FH         SYMBOL        KeyNum_Old
  X:0530H         SYMBOL        KeyNum
  X:0531H         SYMBOL        PressedKey
  X:03CAH         SYMBOL        prox_flag
  X:03CBH         SYMBOL        iUse_prevday_calib_value
  X:03CDH         SYMBOL        max_ADC_Val_JP
  X:03CFH         SYMBOL        max_ADC_Val
  X:03D1H         SYMBOL        calib_point1
  X:03D9H         SYMBOL        calib_point2
  X:03E1H         SYMBOL        dat_to_store
  X:03ECH         SYMBOL        calib_day
  X:03EEH         SYMBOL        calib_count
  X:03F0H         SYMBOL        theorical_JP_max_pos
  X:03F4H         SYMBOL        elevation
  X:03F8H         SYMBOL        azimuth
  X:03FCH         SYMBOL        prev_elevation
BL51 BANKED LINKER/LOCATER V6.22                                                      09/03/2019  11:55:16  PAGE 12


  X:0400H         SYMBOL        prev_azimuth
  X:0404H         SYMBOL        JP_Pos_Offset
  -------         ENDDO         
  C:0026H         LINE#         156
  C:0026H         LINE#         157
  C:0026H         LINE#         162
  C:002CH         LINE#         163
  C:0031H         LINE#         165
  C:0039H         LINE#         169
  C:003FH         LINE#         170
  C:007BH         LINE#         181
  C:0083H         LINE#         182
  C:008AH         LINE#         183
  C:0090H         LINE#         185
  C:0096H         LINE#         197
  C:0099H         LINE#         198
  C:009CH         LINE#         199
  C:009FH         LINE#         201
  C:00A2H         LINE#         204
  C:00A5H         LINE#         205
  C:00A8H         LINE#         207
  C:00ABH         LINE#         209
  C:00AEH         LINE#         210
  C:00B1H         LINE#         211
  C:00B4H         LINE#         212
  C:00B6H         LINE#         213
  C:00B8H         LINE#         214
  C:00BBH         LINE#         215
  C:00BDH         LINE#         216
  C:00BFH         LINE#         218
  C:00C1H         LINE#         219
  C:00C8H         LINE#         220
  C:00CFH         LINE#         221
  C:00D6H         LINE#         222
  C:00DDH         LINE#         226
  C:00E4H         LINE#         227
  C:00E9H         LINE#         228
  C:00EEH         LINE#         229
  C:00F3H         LINE#         230
  C:00F8H         LINE#         231
  C:00FDH         LINE#         234
  C:0104H         LINE#         235
  C:0104H         LINE#         236
  C:0127H         LINE#         237
  C:0171H         LINE#         238
  C:0186H         LINE#         239
  C:01A3H         LINE#         240
  C:01A6H         LINE#         243
  C:01ADH         LINE#         246
  C:01B0H         LINE#         248
  C:01B7H         LINE#         249
  C:01C0H         LINE#         252
  C:01C0H         LINE#         253
  C:01C0H         LINE#         254
  C:01C3H         LINE#         264
  C:01C3H         LINE#         268
  C:01C8H         LINE#         269
BL51 BANKED LINKER/LOCATER V6.22                                                      09/03/2019  11:55:16  PAGE 13


  C:01CDH         LINE#         271
  C:01D2H         LINE#         273
  C:01D7H         LINE#         274
  C:01DCH         LINE#         277
  C:01EDH         LINE#         279
  C:01F2H         LINE#         280
  C:01F7H         LINE#         282
  C:01FEH         LINE#         283
  C:0206H         LINE#         284
  C:020BH         LINE#         285
  C:0213H         LINE#         286
  C:0218H         LINE#         287
  C:0222H         LINE#         288
  C:0227H         LINE#         289
  C:022FH         LINE#         291
  C:0237H         LINE#         292
  C:023CH         LINE#         293
  C:0246H         LINE#         294
  C:0246H         LINE#         295
  C:0248H         LINE#         296
  C:024AH         LINE#         297
  C:0254H         LINE#         298
  C:0254H         LINE#         299
  C:0259H         LINE#         300
  C:0259H         LINE#         312
  C:026DH         LINE#         313
  C:026DH         LINE#         314
  C:0282H         LINE#         315
  C:0291H         LINE#         316
  C:0291H         LINE#         317
  C:02A4H         LINE#         318
  C:02A6H         LINE#         320
  C:02A6H         LINE#         321
  C:02C2H         LINE#         322
  C:02C2H         LINE#         323
  C:02C7H         LINE#         324
  C:02C7H         LINE#         325
  C:02DBH         LINE#         326
  C:02DBH         LINE#         329
  C:02F0H         LINE#         330
  C:02FFH         LINE#         331
  C:02FFH         LINE#         332
  C:0312H         LINE#         333
  C:0314H         LINE#         335
  C:0314H         LINE#         336
  C:0330H         LINE#         337
  C:0330H         LINE#         338
  C:0335H         LINE#         339
  C:033BH         LINE#         340
  C:033BH         LINE#         342
  C:035DH         LINE#         343
  C:035DH         LINE#         344
  C:0367H         LINE#         345
  C:036DH         LINE#         346
  C:0374H         LINE#         347
  C:037AH         LINE#         348
  C:0381H         LINE#         349
BL51 BANKED LINKER/LOCATER V6.22                                                      09/03/2019  11:55:16  PAGE 14


  C:0381H         LINE#         350
  C:0384H         LINE#         352
  C:0384H         LINE#         357
  C:038CH         LINE#         358
  C:03C7H         LINE#         359
  C:03E5H         LINE#         360
  C:03E5H         LINE#         362
  C:03EEH         LINE#         363
  C:03F5H         LINE#         364
  C:03FEH         LINE#         365
  C:0405H         LINE#         367
  C:0405H         LINE#         371
  C:0412H         LINE#         372
  C:0412H         LINE#         379
  C:0412H         LINE#         380
  C:043AH         LINE#         381
  C:043AH         LINE#         382
  C:045CH         LINE#         383
  C:045CH         LINE#         385
  C:0482H         LINE#         386
  C:04A8H         LINE#         389
  C:04EFH         LINE#         396
  C:0531H         LINE#         399
  C:0573H         LINE#         402
  C:05ECH         LINE#         405
  C:05F3H         LINE#         408
  C:0602H         LINE#         409
  C:0658H         LINE#         410
  C:0661H         LINE#         411
  C:0668H         LINE#         412
  C:0671H         LINE#         413
  C:067AH         LINE#         414
  C:0681H         LINE#         418
  C:06BEH         LINE#         426
  C:06BEH         LINE#         428
  C:073AH         LINE#         429
  C:0753H         LINE#         430
  C:0755H         LINE#         431
  C:0757H         LINE#         433
  C:07E1H         LINE#         439
  C:080FH         LINE#         440
  C:080FH         LINE#         443
  C:0832H         LINE#         444
  C:0847H         LINE#         445
  C:0851H         LINE#         447
  C:0854H         LINE#         450
  C:0854H         LINE#         451
  C:087AH         LINE#         452
  C:087AH         LINE#         453
  C:08A2H         LINE#         454
  C:0951H         LINE#         455
  C:0977H         LINE#         456
  C:0A29H         LINE#         460
  C:0A29H         LINE#         461
  C:0A31H         LINE#         462
  C:0A38H         LINE#         463
  C:0A3BH         LINE#         466
BL51 BANKED LINKER/LOCATER V6.22                                                      09/03/2019  11:55:16  PAGE 15


  C:0A70H         LINE#         467
  C:0A77H         LINE#         468
  C:0A7AH         LINE#         470
  C:0AB4H         LINE#         471
  C:0AE0H         LINE#         473
  C:0B0FH         LINE#         475
  C:0B16H         LINE#         476
  C:0B1DH         LINE#         477
  C:0B20H         LINE#         480
  C:0B88H         LINE#         482
  C:0B8FH         LINE#         484
  C:0B96H         LINE#         485
  C:0B99H         LINE#         488
  C:0C58H         LINE#         490
  C:0C5FH         LINE#         491
  C:0C5FH         LINE#         493
  C:0C62H         LINE#         495
  C:0C62H         LINE#         497
  C:0C69H         LINE#         498
  C:0C69H         LINE#         499
  C:0C6CH         LINE#         500
  C:0C8AH         LINE#         501
  C:0C91H         LINE#         502
  C:0CB0H         LINE#         503
  C:0CCFH         LINE#         505
  C:0D4BH         LINE#         506
  C:0D67H         LINE#         508
  C:0D69H         LINE#         509
  C:0D6BH         LINE#         511
  C:0DA2H         LINE#         512
  C:0DAFH         LINE#         513
  C:0DBEH         LINE#         517
  C:0DBEH         LINE#         519
  C:0DC6H         LINE#         520
  C:0DCEH         LINE#         521
  C:0DD6H         LINE#         522
  C:0DDEH         LINE#         524
  C:0DF2H         LINE#         525
  C:0E08H         LINE#         526
  C:0E38H         LINE#         527
  C:0E58H         LINE#         529
  C:0E6CH         LINE#         530
  C:0E82H         LINE#         531
  C:0EB2H         LINE#         532
  C:0EB9H         LINE#         534
  C:0EDDH         LINE#         537
  C:0F08H         LINE#         539
  C:0F11H         LINE#         540
  C:0F18H         LINE#         541
  C:0F21H         LINE#         542
  C:0F2AH         LINE#         543
  C:0F31H         LINE#         545
  C:0F6EH         LINE#         547
  C:0F77H         LINE#         548
  C:0F7EH         LINE#         549
  C:0F87H         LINE#         550
  C:0F90H         LINE#         551
BL51 BANKED LINKER/LOCATER V6.22                                                      09/03/2019  11:55:16  PAGE 16


  C:0F97H         LINE#         553
  C:0FC2H         LINE#         555
  C:0FCBH         LINE#         556
  C:0FD2H         LINE#         557
  C:0FDBH         LINE#         558
  C:0FE4H         LINE#         559
  C:0FEBH         LINE#         561
  C:1016H         LINE#         563
  C:101FH         LINE#         564
  C:1026H         LINE#         565
  C:102FH         LINE#         566
  C:1036H         LINE#         567
  C:103FH         LINE#         568
  C:1046H         LINE#         570
  C:1048H         LINE#         575
  C:107AH         LINE#         576
  C:107AH         LINE#         577
  C:1082H         LINE#         581
  C:1082H         LINE#         582
  C:1082H         LINE#         584
  C:10A7H         LINE#         585
  C:10A7H         LINE#         586
  C:10C9H         LINE#         587
  C:10C9H         LINE#         588
  C:1145H         LINE#         589
  C:1147H         LINE#         590
  C:1149H         LINE#         592
  C:11A1H         LINE#         595
  C:11B0H         LINE#         596
  C:11B0H         LINE#         597
  C:11B0H         LINE#         598
  C:11B0H         LINE#         599
  C:11B0H         LINE#         600
  C:11B0H         LINE#         601
  C:11B0H         LINE#         602
  C:11B0H         LINE#         605
  C:11B0H         LINE#         607
  C:11B0H         LINE#         608
  C:11B0H         LINE#         609
  C:11B0H         LINE#         610
  C:11B0H         LINE#         614
  C:11B0H         LINE#         616
  C:11B0H         LINE#         618
  C:11B0H         LINE#         619
  C:11B0H         LINE#         620
  C:11B0H         LINE#         621
  C:11B0H         LINE#         622
  C:11B0H         LINE#         623
  C:11B0H         LINE#         626
  C:11B0H         LINE#         628
  C:11B0H         LINE#         629
  C:11B0H         LINE#         630
  C:11B0H         LINE#         631
  C:11B0H         LINE#         632
  C:11B0H         LINE#         633
  C:11B0H         LINE#         634
  C:11B0H         LINE#         636
BL51 BANKED LINKER/LOCATER V6.22                                                      09/03/2019  11:55:16  PAGE 17


  C:11B3H         LINE#         639
  C:11DAH         LINE#         640
  C:11DAH         LINE#         643
  C:11FCH         LINE#         644
  C:11FCH         LINE#         646
  C:1278H         LINE#         648
  C:12A5H         LINE#         649
  C:12C0H         LINE#         655
  C:12C2H         LINE#         656
  C:12C4H         LINE#         664
  C:12F1H         LINE#         666
  C:1318H         LINE#         667
  C:138CH         LINE#         669
  C:1418H         LINE#         673
  C:143BH         LINE#         674
  C:143BH         LINE#         675
  C:14D7H         LINE#         676
  C:14DAH         LINE#         678
  C:14DAH         LINE#         679
  C:1502H         LINE#         680
  C:1576H         LINE#         682
  C:15F1H         LINE#         689
  C:169EH         LINE#         694
  C:16A5H         LINE#         696
  C:16B6H         LINE#         697
  C:16B6H         LINE#         700
  C:16C5H         LINE#         701
  C:16C5H         LINE#         702
  C:1743H         LINE#         703
  C:174CH         LINE#         704
  C:1753H         LINE#         705
  C:175CH         LINE#         706
  C:1765H         LINE#         707
  C:176CH         LINE#         710
  C:1797H         LINE#         712
  C:17A0H         LINE#         713
  C:17A7H         LINE#         714
  C:17B0H         LINE#         715
  C:17B9H         LINE#         719
  C:17C0H         LINE#         721
  C:17EBH         LINE#         723
  C:17F4H         LINE#         724
  C:17FBH         LINE#         725
  C:1804H         LINE#         726
  C:180BH         LINE#         728
  C:1814H         LINE#         729
  C:181BH         LINE#         732
  C:1859H         LINE#         734
  C:1862H         LINE#         735
  C:1869H         LINE#         736
  C:1872H         LINE#         737
  C:187BH         LINE#         738
  C:1882H         LINE#         739
  C:1882H         LINE#         741
  C:1882H         LINE#         743
  C:1882H         LINE#         744
  C:1882H         LINE#         746
BL51 BANKED LINKER/LOCATER V6.22                                                      09/03/2019  11:55:16  PAGE 18


  C:1882H         LINE#         750
  C:189EH         LINE#         751
  C:189EH         LINE#         752
  C:18A0H         LINE#         755
  C:18A3H         LINE#         757
  C:18E0H         LINE#         758
  C:18E0H         LINE#         759
  C:18E2H         LINE#         764
  C:18E2H         LINE#         765
  C:18E8H         LINE#         766
  C:18EBH         LINE#         769
  C:1902H         LINE#         771
  C:1909H         LINE#         773
  C:1910H         LINE#         774
  C:1913H         LINE#         777
  C:192AH         LINE#         778
  C:192AH         LINE#         779
  C:1939H         LINE#         780
  C:1939H         LINE#         782
  C:193CH         LINE#         784
  C:193FH         LINE#         785
  C:1946H         LINE#         787
  C:1962H         LINE#         788
  C:1962H         LINE#         789
  C:197FH         LINE#         790
  C:197FH         LINE#         791
  C:1985H         LINE#         792
  C:1988H         LINE#         795
  C:19BDH         LINE#         796
  C:19C4H         LINE#         797
  C:19C7H         LINE#         799
  C:1A01H         LINE#         800
  C:1A17H         LINE#         802
  C:1A30H         LINE#         804
  C:1A37H         LINE#         805
  C:1A3EH         LINE#         806
  C:1A41H         LINE#         809
  C:1A96H         LINE#         811
  C:1A9DH         LINE#         813
  C:1AA4H         LINE#         814
  C:1AA7H         LINE#         817
  C:1B53H         LINE#         819
  C:1B5AH         LINE#         822
  C:1B5AH         LINE#         823
  C:1B6BH         LINE#         825
  C:1B6BH         LINE#         829
  C:1B72H         LINE#         830
  C:1B72H         LINE#         833
  C:1B81H         LINE#         834
  C:1B81H         LINE#         835
  C:1BB3H         LINE#         836
  C:1BB3H         LINE#         837
  C:1C32H         LINE#         839
  C:1C39H         LINE#         840
  C:1C3CH         LINE#         842
  C:1C76H         LINE#         843
  C:1C8CH         LINE#         845
BL51 BANKED LINKER/LOCATER V6.22                                                      09/03/2019  11:55:16  PAGE 19


  C:1CA5H         LINE#         847
  C:1CACH         LINE#         848
  C:1CB3H         LINE#         849
  C:1CB6H         LINE#         851
  C:1D0BH         LINE#         852
  C:1D12H         LINE#         854
  C:1D19H         LINE#         855
  C:1D1CH         LINE#         857
  C:1DC8H         LINE#         858
  C:1DCFH         LINE#         860
  C:1DD6H         LINE#         861
  C:1DD9H         LINE#         863
  C:1DFDH         LINE#         864
  C:1E04H         LINE#         865
  C:1E15H         LINE#         868
  C:1E29H         LINE#         869
  C:1E3DH         LINE#         870
  C:1E4CH         LINE#         871
  C:1E4CH         LINE#         873
  C:1E78H         LINE#         874
  C:1E78H         LINE#         875
  C:1EA5H         LINE#         882
  C:1EC0H         LINE#         885
  C:1ECFH         LINE#         886
  C:1ED2H         LINE#         889
  C:1F02H         LINE#         890
  C:1F02H         LINE#         892
  C:1F2FH         LINE#         898
  C:1F4AH         LINE#         901
  C:1F5AH         LINE#         902
  C:1F60H         LINE#         903
  C:1F74H         LINE#         904
  C:1F88H         LINE#         905
  C:1F90H         LINE#         906
  C:1F9DH         LINE#         907
  C:1F9DH         LINE#         908
  C:1FC1H         LINE#         909
  C:1FC1H         LINE#         910
  C:200BH         LINE#         911
  C:2012H         LINE#         912
  C:2015H         LINE#         915
  C:2039H         LINE#         917
  C:2040H         LINE#         918
  C:2043H         LINE#         920
  C:2076H         LINE#         921
  C:2095H         LINE#         923
  C:20B7H         LINE#         925
  C:20BEH         LINE#         927
  C:20C5H         LINE#         928
  C:20C8H         LINE#         930
  C:211DH         LINE#         931
  C:2124H         LINE#         933
  C:212BH         LINE#         934
  C:212EH         LINE#         936
  C:21DAH         LINE#         937
  C:21E1H         LINE#         938
  C:21F2H         LINE#         939
BL51 BANKED LINKER/LOCATER V6.22                                                      09/03/2019  11:55:16  PAGE 20


  C:21F2H         LINE#         940
  C:21F2H         LINE#         944
  C:2214H         LINE#         945
  C:2221H         LINE#         946
  C:2221H         LINE#         947
  C:2244H         LINE#         948
  C:2244H         LINE#         949
  C:2294H         LINE#         950
  C:2294H         LINE#         951
  C:229BH         LINE#         952
  C:229EH         LINE#         954
  C:22D8H         LINE#         955
  C:22EEH         LINE#         957
  C:2307H         LINE#         959
  C:230EH         LINE#         960
  C:2315H         LINE#         961
  C:2318H         LINE#         963
  C:236DH         LINE#         964
  C:2374H         LINE#         966
  C:237BH         LINE#         967
  C:237EH         LINE#         969
  C:242AH         LINE#         970
  C:2431H         LINE#         972
  C:2438H         LINE#         973
  C:243BH         LINE#         975
  C:245FH         LINE#         976
  C:2466H         LINE#         977
  C:2466H         LINE#         978
  C:2477H         LINE#         979
  C:2477H         LINE#         980
  C:2477H         LINE#         981
  C:24B0H         LINE#         982
  C:24B0H         LINE#         986
  C:24B7H         LINE#         987
  C:24BEH         LINE#         988
  C:24C4H         LINE#         989
  C:24CAH         LINE#         990
  C:24CAH         LINE#         991
  C:24EDH         LINE#         992
  C:2502H         LINE#         994
  C:251CH         LINE#         996
  C:251CH         LINE#         999
  C:252BH         LINE#         1000
  C:252BH         LINE#         1001
  C:252EH         LINE#         1002
  C:2535H         LINE#         1003
  C:253AH         LINE#         1004
  C:253FH         LINE#         1005
  C:2544H         LINE#         1006
  C:2549H         LINE#         1007
  C:254EH         LINE#         1017
  C:2551H         LINE#         1019
  C:2554H         LINE#         1020
  C:255BH         LINE#         1021
  C:2565H         LINE#         1022
  C:256CH         LINE#         1024
  C:256FH         LINE#         1033
BL51 BANKED LINKER/LOCATER V6.22                                                      09/03/2019  11:55:16  PAGE 21


  C:256FH         LINE#         1034
  -------         ENDPROC       MAIN
  -------         PROC          UART
  C:000EH         LINE#         1048
  C:000EH         LINE#         1050
  C:0011H         LINE#         1051
  C:0011H         LINE#         1052
  C:0013H         LINE#         1054
  C:0013H         LINE#         1055
  C:0016H         LINE#         1056
  C:0016H         LINE#         1057
  C:0018H         LINE#         1058
  C:001AH         LINE#         1059
  C:001AH         LINE#         1060
  -------         ENDPROC       UART
  -------         PROC          _SENDUART1
  D:0007H         SYMBOL        dat
  C:7E1EH         LINE#         1062
  C:7E1EH         LINE#         1063
  C:7E1EH         LINE#         1064
  C:7E21H         LINE#         1065
  C:7E23H         LINE#         1066
  C:7E24H         LINE#         1067
  C:7E26H         LINE#         1068
  -------         ENDPROC       _SENDUART1
  -------         ENDMOD        MAIN

  -------         MODULE        PCF85063BTL
  C:0000H         SYMBOL        _ICE_DUMMY_
  D:0096H         PUBLIC        P2M0
  D:0080H         PUBLIC        P0
  D:0095H         PUBLIC        P2M1
  D:0090H         PUBLIC        P1
  D:00A0H         PUBLIC        P2
  D:00B0H         PUBLIC        P3
  D:00C0H         PUBLIC        P4
  D:00C8H         PUBLIC        P5
  D:00E8H         PUBLIC        P6
  B:00A0H.1       PUBLIC        PCF85063BTL_SDI
  D:00F8H         PUBLIC        P7
  B:00A0H.2       PUBLIC        PCF85063BTL_SCK
  B:00A0H.1       PUBLIC        PCF85063BTL_SDO
  D:00A8H         PUBLIC        IE
  C:7694H         PUBLIC        _Read_time
  C:7D40H         PUBLIC        _PCF85063BTL_Delay
  D:00B8H         PUBLIC        IP
  D:00D8H         PUBLIC        CCON
  C:7521H         PUBLIC        _Day_Of_Year
  C:7C41H         PUBLIC        SPI_ReceiveByte
  D:0098H         PUBLIC        SCON
  D:0088H         PUBLIC        TCON
  C:7D73H         PUBLIC        _BCDtoDec
  B:00A0H.0       PUBLIC        PCF85063BTL_CS
  C:7D62H         PUBLIC        _SPI_ReadTime
  C:7DC2H         PUBLIC        SPI_Init
  C:7CB6H         PUBLIC        _SPI_WriteTime
  C:7C21H         PUBLIC        _SPI_SendByte
BL51 BANKED LINKER/LOCATER V6.22                                                      09/03/2019  11:55:16  PAGE 22


  D:00D0H         PUBLIC        PSW
  C:7D3CH         SYMBOL        L?0048
  -------         PROC          L?0047
  -------         ENDPROC       L?0047
  C:7D3CH         SYMBOL        L?0048
  -------         PROC          _PCF85063BTL_DELAY
  D:0006H         SYMBOL        us
  C:7D40H         LINE#         8
  C:7D40H         LINE#         9
  C:7D40H         LINE#         10
  C:7D4AH         LINE#         11
  C:7D4AH         LINE#         12
  C:7D4BH         LINE#         13
  C:7D4DH         LINE#         14
  -------         ENDPROC       _PCF85063BTL_DELAY
  -------         PROC          _SPI_SENDBYTE
  D:0005H         SYMBOL        dat
  -------         DO            
  D:0003H         SYMBOL        i
  -------         ENDDO         
  C:7C21H         LINE#         17
  C:7C23H         LINE#         18
  C:7C23H         LINE#         20
  C:7C25H         LINE#         21
  C:7C25H         LINE#         22
  C:7C27H         LINE#         23
  C:7C2BH         LINE#         24
  C:7C2BH         LINE#         25
  C:7C2DH         LINE#         26
  C:7C2FH         LINE#         28
  C:7C2FH         LINE#         29
  C:7C31H         LINE#         30
  C:7C31H         LINE#         31
  C:7C34H         LINE#         32
  C:7C34H         LINE#         33
  C:7C37H         LINE#         34
  C:7C3BH         LINE#         35
  C:7C40H         LINE#         36
  -------         ENDPROC       _SPI_SENDBYTE
  -------         PROC          SPI_RECEIVEBYTE
  -------         DO            
  D:0003H         SYMBOL        i
  D:0005H         SYMBOL        dat
  -------         ENDDO         
  C:7C41H         LINE#         39
  C:7C41H         LINE#         40
  C:7C41H         LINE#         42
  C:7C43H         LINE#         44
  C:7C45H         LINE#         45
  C:7C46H         LINE#         46
  C:7C46H         LINE#         47
  C:7C4AH         LINE#         48
  C:7C4CH         LINE#         49
  C:7C4FH         LINE#         51
  C:7C52H         LINE#         52
  C:7C52H         LINE#         53
  C:7C56H         LINE#         54
BL51 BANKED LINKER/LOCATER V6.22                                                      09/03/2019  11:55:16  PAGE 23


  C:7C56H         LINE#         55
  C:7C56H         LINE#         56
  C:7C59H         LINE#         57
  C:7C5EH         LINE#         58
  C:7C60H         LINE#         59
  -------         ENDPROC       SPI_RECEIVEBYTE
  -------         PROC          _SPI_READTIME
  D:0007H         SYMBOL        addr
  -------         DO            
  D:0006H         SYMBOL        dat
  -------         ENDDO         
  C:7D62H         LINE#         61
  C:7D62H         LINE#         62
  C:7D62H         LINE#         64
  C:7D64H         LINE#         65
  C:7D66H         LINE#         66
  C:7D6DH         LINE#         67
  C:7D70H         LINE#         68
  C:7D72H         LINE#         69
  C:7D72H         LINE#         70
  -------         ENDPROC       _SPI_READTIME
  -------         PROC          _SPI_WRITETIME
  D:0002H         SYMBOL        val
  D:0005H         SYMBOL        addr
  C:7CB6H         LINE#         71
  C:7CB8H         LINE#         72
  C:7CB8H         LINE#         74
  C:7CBAH         LINE#         75
  C:7CC1H         LINE#         76
  C:7CC6H         LINE#         77
  C:7CCBH         LINE#         78
  C:7CCDH         LINE#         79
  -------         ENDPROC       _SPI_WRITETIME
  -------         PROC          SPI_INIT
  C:7DC2H         LINE#         83
  C:7DC2H         LINE#         84
  C:7DC2H         LINE#         89
  C:7DC5H         LINE#         90
  C:7DC8H         LINE#         91
  C:7DCAH         LINE#         92
  C:7DCCH         LINE#         93
  C:7DCEH         LINE#         94
  -------         ENDPROC       SPI_INIT
  -------         PROC          _READ_TIME
  X:04FDH         SYMBOL        months
  X:0500H         SYMBOL        days
  X:0503H         SYMBOL        hours
  X:0506H         SYMBOL        mins
  X:0509H         SYMBOL        seconds
  C:7694H         LINE#         96
  C:769FH         LINE#         97
  C:769FH         LINE#         99
  C:76B3H         LINE#         101
  C:76C7H         LINE#         103
  C:76DBH         LINE#         108
  C:76EFH         LINE#         113
  -------         ENDPROC       _READ_TIME
BL51 BANKED LINKER/LOCATER V6.22                                                      09/03/2019  11:55:16  PAGE 24


  -------         PROC          _BCDTODEC
  D:0007H         SYMBOL        bcd
  -------         DO            
  D:0006H         SYMBOL        hi
  D:0007H         SYMBOL        lo
  -------         ENDDO         
  C:7D73H         LINE#         119
  C:7D73H         LINE#         120
  C:7D73H         LINE#         122
  C:7D78H         LINE#         123
  C:7D7CH         LINE#         124
  C:7D83H         LINE#         125
  -------         ENDPROC       _BCDTODEC
  -------         PROC          _DAY_OF_YEAR
  D:0007H         SYMBOL        months_bcd
  D:0005H         SYMBOL        days_bcd
  -------         DO            
  D:0004H         SYMBOL        months
  D:0007H         SYMBOL        days
  -------         ENDDO         
  C:7521H         LINE#         126
  C:7521H         LINE#         127
  C:7521H         LINE#         130
  C:7526H         LINE#         132
  C:752BH         LINE#         134
  C:7564H         LINE#         135
  C:7564H         LINE#         136
  C:7564H         LINE#         137
  C:7567H         LINE#         138
  C:7567H         LINE#         139
  C:7567H         LINE#         140
  C:756CH         LINE#         141
  C:756CH         LINE#         142
  C:756CH         LINE#         143
  C:7571H         LINE#         144
  C:7571H         LINE#         145
  C:7571H         LINE#         146
  C:7576H         LINE#         147
  C:7576H         LINE#         148
  C:7576H         LINE#         149
  C:757BH         LINE#         150
  C:757BH         LINE#         151
  C:757BH         LINE#         152
  C:7580H         LINE#         153
  C:7580H         LINE#         154
  C:7580H         LINE#         155
  C:7585H         LINE#         156
  C:7585H         LINE#         157
  C:7585H         LINE#         158
  C:758AH         LINE#         159
  C:758AH         LINE#         160
  C:758AH         LINE#         161
  C:7592H         LINE#         162
  C:7592H         LINE#         163
  C:7592H         LINE#         164
  C:7597H         LINE#         165
  C:7597H         LINE#         166
BL51 BANKED LINKER/LOCATER V6.22                                                      09/03/2019  11:55:16  PAGE 25


  C:7597H         LINE#         167
  C:759CH         LINE#         168
  C:759CH         LINE#         169
  C:759CH         LINE#         170
  C:75A5H         LINE#         171
  C:75A5H         LINE#         172
  C:75A5H         LINE#         173
  C:75A8H         LINE#         174
  C:75A8H         LINE#         175
  -------         ENDPROC       _DAY_OF_YEAR
  -------         ENDMOD        PCF85063BTL

  -------         MODULE        LCD_DRIVER_SPLC780D
  C:0000H         SYMBOL        _ICE_DUMMY_
  D:0092H         PUBLIC        P1M0
  D:0091H         PUBLIC        P1M1
  D:0080H         PUBLIC        P0
  D:0090H         PUBLIC        P1
  D:00A0H         PUBLIC        P2
  D:00B0H         PUBLIC        P3
  D:00C0H         PUBLIC        P4
  D:00C8H         PUBLIC        P5
  D:00E8H         PUBLIC        P6
  D:00F8H         PUBLIC        P7
  C:75ADH         PUBLIC        _WriteData
  D:00A8H         PUBLIC        IE
  D:00B8H         PUBLIC        IP
  D:00D8H         PUBLIC        CCON
  B:00B0H.4       PUBLIC        LCD_D4
  B:00B0H.5       PUBLIC        LCD_D5
  B:00B0H.6       PUBLIC        LCD_D6
  C:7C7FH         PUBLIC        _DisplayLCD
  B:00B0H.7       PUBLIC        LCD_D7
  D:0098H         PUBLIC        SCON
  D:0088H         PUBLIC        TCON
  C:7E0BH         PUBLIC        LCD_clear
  C:792FH         PUBLIC        _Command
  C:7CFBH         PUBLIC        _Display_Line
  C:775DH         PUBLIC        LCD_Init
  C:7B9AH         PUBLIC        _Wait_ms
  B:00C0H.0       PUBLIC        LCD_RS
  B:0090H.3       PUBLIC        LCD_RW
  C:7E01H         PUBLIC        LCD_return_home
  C:67C8H         PUBLIC        _Display_Pos
  B:00B0H.3       PUBLIC        LCD_E
  D:00D0H         PUBLIC        PSW
  -------         PROC          LCD_INIT
  C:775DH         LINE#         9
  C:775DH         LINE#         10
  C:775DH         LINE#         11
  C:7760H         LINE#         12
  C:7763H         LINE#         14
  C:7769H         LINE#         15
  C:776EH         LINE#         17
  C:7775H         LINE#         18
  C:777AH         LINE#         20
  C:777DH         LINE#         21
BL51 BANKED LINKER/LOCATER V6.22                                                      09/03/2019  11:55:16  PAGE 26


  C:7782H         LINE#         23
  C:7785H         LINE#         24
  C:778AH         LINE#         26
  C:7791H         LINE#         29
  C:7796H         LINE#         30
  C:779BH         LINE#         32
  C:77A0H         LINE#         33
  C:77A5H         LINE#         35
  C:77AAH         LINE#         36
  C:77AFH         LINE#         37
  -------         ENDPROC       LCD_INIT
  C:75A9H         SYMBOL        L?0035
  -------         PROC          L?0034
  -------         ENDPROC       L?0034
  C:75A9H         SYMBOL        L?0035
  -------         PROC          _WRITEDATA
  X:0508H         SYMBOL        dat
  C:75ADH         LINE#         40
  C:75B2H         LINE#         41
  C:75B2H         LINE#         46
  C:75B4H         LINE#         47
  C:75B6H         LINE#         49
  C:75C4H         LINE#         50
  C:75D0H         LINE#         51
  C:75DCH         LINE#         52
  C:75E6H         LINE#         53
  C:75E8H         LINE#         54
  C:75EFH         LINE#         55
  C:75F1H         LINE#         57
  C:7601H         LINE#         58
  C:760CH         LINE#         59
  C:7616H         LINE#         60
  C:761AH         LINE#         62
  C:761AH         LINE#         63
  C:761DH         LINE#         64
  C:761FH         LINE#         65
  C:7621H         LINE#         67
  -------         ENDPROC       _WRITEDATA
  -------         PROC          _COMMAND
  D:0007H         SYMBOL        dat
  C:792FH         LINE#         69
  C:792FH         LINE#         70
  C:792FH         LINE#         71
  C:7931H         LINE#         72
  C:7933H         LINE#         74
  C:793DH         LINE#         75
  C:7941H         LINE#         77
  C:7943H         LINE#         78
  C:794CH         LINE#         79
  C:7950H         LINE#         81
  C:7952H         LINE#         82
  C:7959H         LINE#         83
  C:795DH         LINE#         85
  C:795FH         LINE#         86
  C:7963H         LINE#         87
  C:7967H         LINE#         89
  C:7969H         LINE#         90
BL51 BANKED LINKER/LOCATER V6.22                                                      09/03/2019  11:55:16  PAGE 27


  C:7969H         LINE#         91
  C:796CH         LINE#         92
  C:796EH         LINE#         93
  -------         ENDPROC       _COMMAND
  C:7B96H         SYMBOL        L?0037
  -------         PROC          L?0036
  -------         ENDPROC       L?0036
  C:7B96H         SYMBOL        L?0037
  -------         PROC          _WAIT_MS
  D:0006H         SYMBOL        ms
  -------         DO            
  D:0004H         SYMBOL        De_Cnt
  -------         ENDDO         
  C:7B9AH         LINE#         95
  C:7B9AH         LINE#         96
  C:7B9AH         LINE#         98
  C:7BA4H         LINE#         99
  C:7BA4H         LINE#         100
  C:7BB7H         LINE#         101
  C:7BB7H         LINE#         102
  -------         ENDPROC       _WAIT_MS
  -------         PROC          _DISPLAYLCD
  D:0007H         SYMBOL        BCD
  -------         DO            
  D:0006H         SYMBOL        first_digit
  X:0408H         SYMBOL        second_digit
  -------         ENDDO         
  C:7C7FH         LINE#         103
  C:7C7FH         LINE#         104
  C:7C7FH         LINE#         106
  C:7C86H         LINE#         107
  C:7C8FH         LINE#         109
  C:7C94H         LINE#         111
  -------         ENDPROC       _DISPLAYLCD
  -------         PROC          LCD_RETURN_HOME
  C:7E01H         LINE#         115
  C:7E01H         LINE#         116
  C:7E01H         LINE#         117
  C:7E06H         LINE#         118
  -------         ENDPROC       LCD_RETURN_HOME
  -------         PROC          LCD_CLEAR
  C:7E0BH         LINE#         121
  C:7E0BH         LINE#         122
  C:7E0BH         LINE#         123
  C:7E10H         LINE#         124
  -------         ENDPROC       LCD_CLEAR
  -------         PROC          _DISPLAY_LINE
  D:0006H         SYMBOL        line
  C:7CFBH         LINE#         128
  C:7CFBH         LINE#         129
  C:7CFBH         LINE#         130
  C:7D01H         LINE#         131
  C:7D01H         LINE#         132
  C:7D03H         LINE#         133
  C:7D03H         LINE#         134
  C:7D05H         LINE#         136
  C:7D05H         LINE#         137
BL51 BANKED LINKER/LOCATER V6.22                                                      09/03/2019  11:55:16  PAGE 28


  C:7D0AH         LINE#         138
  C:7D0FH         LINE#         139
  C:7D0FH         LINE#         140
  -------         ENDPROC       _DISPLAY_LINE
  -------         PROC          _DISPLAY_POS
  X:04FDH         SYMBOL        sign_dat
  -------         DO            
  X:0501H         SYMBOL        unit
  X:0502H         SYMBOL        ten
  X:0503H         SYMBOL        hundred
  X:0504H         SYMBOL        thousand
  X:0505H         SYMBOL        after_dot
  X:0506H         SYMBOL        dat
  -------         ENDDO         
  C:67C8H         LINE#         142
  C:67CEH         LINE#         143
  C:67CEH         LINE#         147
  C:67EAH         LINE#         148
  C:6804H         LINE#         149
  C:6828H         LINE#         151
  C:6872H         LINE#         153
  C:6889H         LINE#         154
  C:689BH         LINE#         155
  C:68C0H         LINE#         156
  C:68DAH         LINE#         157
  C:68F2H         LINE#         158
  C:68F2H         LINE#         159
  C:68F2H         LINE#         160
  C:68F2H         LINE#         161
  C:68F2H         LINE#         162
  C:68F2H         LINE#         163
  C:68F2H         LINE#         164
  C:68F2H         LINE#         168
  C:68F4H         LINE#         170
  C:68F4H         LINE#         172
  C:68F9H         LINE#         173
  C:68FFH         LINE#         174
  C:6905H         LINE#         175
  C:690BH         LINE#         176
  C:6911H         LINE#         177
  C:6916H         LINE#         178
  C:691CH         LINE#         182
  C:691CH         LINE#         184
  -------         ENDPROC       _DISPLAY_POS
  -------         ENDMOD        LCD_DRIVER_SPLC780D

  -------         MODULE        KEYPAD
  C:0000H         SYMBOL        _ICE_DUMMY_
  D:0093H         PUBLIC        P0M1
  D:0080H         PUBLIC        P0
  D:0090H         PUBLIC        P1
  D:00A0H         PUBLIC        P2
  D:00B0H         PUBLIC        P3
  D:00C0H         PUBLIC        P4
  D:00C8H         PUBLIC        P5
  D:00E8H         PUBLIC        P6
  D:00F8H         PUBLIC        P7
BL51 BANKED LINKER/LOCATER V6.22                                                      09/03/2019  11:55:16  PAGE 29


  D:00A8H         PUBLIC        IE
  C:61C4H         PUBLIC        Key_Scan
  D:00B8H         PUBLIC        IP
  D:00D8H         PUBLIC        CCON
  C:7DE9H         PUBLIC        KeyPad_IO_Init
  C:7C61H         PUBLIC        _Delay_ms
  D:0098H         PUBLIC        SCON
  D:0088H         PUBLIC        TCON
  X:065DH         PUBLIC        small_move
  X:065FH         PUBLIC        move
  X:0661H         PUBLIC        auto_mode
  X:0663H         PUBLIC        direction
  X:0665H         PUBLIC        SPI_NOR_ClearEnable
  C:5904H         PUBLIC        Key_Process
  D:00D0H         PUBLIC        PSW
  D:0094H         PUBLIC        P0M0
  -------         PROC          _DELAY_MS
  D:0006H         SYMBOL        ms
  -------         DO            
  D:0004H         SYMBOL        De_Cnt
  -------         ENDDO         
  C:7C61H         LINE#         20
  C:7C61H         LINE#         21
  C:7C61H         LINE#         23
  C:7C6BH         LINE#         24
  C:7C6BH         LINE#         25
  C:7C7EH         LINE#         26
  C:7C7EH         LINE#         27
  -------         ENDPROC       _DELAY_MS
  -------         PROC          KEY_SCAN
  -------         DO            
  X:040EH         SYMBOL        KeyTemp1
  X:040FH         SYMBOL        KeyTemp2
  X:0410H         SYMBOL        KeyValue
  -------         ENDDO         
  C:61C4H         LINE#         28
  C:61C4H         LINE#         29
  C:61C4H         LINE#         34
  C:61C7H         LINE#         37
  C:61CAH         LINE#         39
  C:61D2H         LINE#         40
  C:61D9H         LINE#         41
  C:61D9H         LINE#         43
  C:61DEH         LINE#         44
  C:61E5H         LINE#         45
  C:61E5H         LINE#         48
  C:61E8H         LINE#         49
  C:61EBH         LINE#         50
  C:61F0H         LINE#         51
  C:61F4H         LINE#         52
  C:61F4H         LINE#         53
  C:61FCH         LINE#         54
  C:61FCH         LINE#         55
  C:61FFH         LINE#         56
  C:6207H         LINE#         57
  C:6209H         LINE#         59
  C:621DH         LINE#         60
BL51 BANKED LINKER/LOCATER V6.22                                                      09/03/2019  11:55:16  PAGE 30


  C:621DH         LINE#         61
  C:621DH         LINE#         62
  C:621DH         LINE#         63
  C:6223H         LINE#         65
  C:6225H         LINE#         66
  C:6225H         LINE#         67
  C:6225H         LINE#         68
  C:622BH         LINE#         70
  C:622DH         LINE#         71
  C:622DH         LINE#         72
  C:622DH         LINE#         73
  C:6233H         LINE#         75
  C:6235H         LINE#         76
  C:6235H         LINE#         77
  C:6235H         LINE#         78
  C:623BH         LINE#         80
  C:623BH         LINE#         81
  C:623BH         LINE#         82
  C:623BH         LINE#         85
  C:623EH         LINE#         86
  C:6241H         LINE#         87
  C:6249H         LINE#         88
  C:624DH         LINE#         89
  C:624DH         LINE#         90
  C:6255H         LINE#         91
  C:6255H         LINE#         92
  C:6258H         LINE#         93
  C:6260H         LINE#         94
  C:6262H         LINE#         95
  C:6276H         LINE#         96
  C:6276H         LINE#         97
  C:6276H         LINE#         98
  C:6276H         LINE#         99
  C:627CH         LINE#         101
  C:627EH         LINE#         102
  C:627EH         LINE#         103
  C:627EH         LINE#         104
  C:6284H         LINE#         106
  C:6286H         LINE#         107
  C:6286H         LINE#         108
  C:6286H         LINE#         109
  C:628CH         LINE#         111
  C:628EH         LINE#         112
  C:628EH         LINE#         113
  C:628EH         LINE#         114
  C:6293H         LINE#         116
  C:6293H         LINE#         117
  C:6293H         LINE#         118
  C:6293H         LINE#         121
  C:6296H         LINE#         122
  C:6299H         LINE#         123
  C:62A1H         LINE#         124
  C:62A5H         LINE#         125
  C:62A5H         LINE#         126
  C:62ADH         LINE#         127
  C:62ADH         LINE#         128
  C:62B0H         LINE#         129
BL51 BANKED LINKER/LOCATER V6.22                                                      09/03/2019  11:55:16  PAGE 31


  C:62B8H         LINE#         130
  C:62BAH         LINE#         131
  C:62CEH         LINE#         132
  C:62CEH         LINE#         133
  C:62CEH         LINE#         134
  C:62CEH         LINE#         135
  C:62D4H         LINE#         137
  C:62D6H         LINE#         138
  C:62D6H         LINE#         139
  C:62D6H         LINE#         140
  C:62DCH         LINE#         142
  C:62DEH         LINE#         143
  C:62DEH         LINE#         144
  C:62DEH         LINE#         145
  C:62E4H         LINE#         147
  C:62E6H         LINE#         148
  C:62E6H         LINE#         149
  C:62E6H         LINE#         150
  C:62ECH         LINE#         152
  C:62ECH         LINE#         153
  C:62ECH         LINE#         154
  C:62ECH         LINE#         158
  C:62EFH         LINE#         159
  C:62F2H         LINE#         160
  C:62FAH         LINE#         161
  C:62FEH         LINE#         162
  C:62FEH         LINE#         163
  C:6306H         LINE#         164
  C:6306H         LINE#         165
  C:6309H         LINE#         166
  C:6311H         LINE#         167
  C:6313H         LINE#         168
  C:6327H         LINE#         169
  C:6327H         LINE#         170
  C:6327H         LINE#         171
  C:6327H         LINE#         172
  C:632DH         LINE#         174
  C:632FH         LINE#         175
  C:632FH         LINE#         176
  C:632FH         LINE#         177
  C:6335H         LINE#         179
  C:6337H         LINE#         180
  C:6337H         LINE#         181
  C:6337H         LINE#         182
  C:633DH         LINE#         184
  C:633FH         LINE#         185
  C:633FH         LINE#         186
  C:633FH         LINE#         187
  C:6345H         LINE#         189
  C:6345H         LINE#         190
  C:6345H         LINE#         191
  C:6345H         LINE#         193
  C:634BH         LINE#         194
  C:634BH         LINE#         196
  C:634BH         LINE#         197
  C:634EH         LINE#         198
  C:634EH         LINE#         199
BL51 BANKED LINKER/LOCATER V6.22                                                      09/03/2019  11:55:16  PAGE 32


  C:634EH         LINE#         201
  C:634EH         LINE#         202
  C:6350H         LINE#         203
  C:6350H         LINE#         204
  -------         ENDPROC       KEY_SCAN
  -------         PROC          KEY_PROCESS
  -------         DO            
  X:064EH         SYMBOL        KeyCount
  X:064FH         SYMBOL        KeyNum_Old
  X:0651H         SYMBOL        KeyNum
  X:0653H         SYMBOL        PressedKey
  X:0408H         SYMBOL        d
  D:0002H         SYMBOL        hours
  D:0006H         SYMBOL        mins
  X:040AH         SYMBOL        months
  X:040CH         SYMBOL        days
  -------         ENDDO         
  C:5904H         LINE#         205
  C:5904H         LINE#         206
  C:5904H         LINE#         210
  C:5913H         LINE#         211
  C:5920H         LINE#         213
  C:5924H         LINE#         214
  C:5924H         LINE#         215
  C:592AH         LINE#         217
  C:592AH         LINE#         218
  C:5941H         LINE#         219
  C:5941H         LINE#         220
  C:594BH         LINE#         221
  C:5951H         LINE#         223
  C:5957H         LINE#         225
  C:5957H         LINE#         226
  C:596EH         LINE#         227
  C:596EH         LINE#         228
  C:5973H         LINE#         230
  C:5973H         LINE#         231
  C:5983H         LINE#         232
  C:5983H         LINE#         233
  C:5989H         LINE#         235
  C:5989H         LINE#         236
  C:599BH         LINE#         237
  C:599BH         LINE#         238
  C:59A5H         LINE#         239
  C:59ADH         LINE#         241
  C:59B6H         LINE#         243
  C:59B6H         LINE#         252
  C:59D5H         LINE#         253
  C:59D5H         LINE#         254
  C:59F4H         LINE#         255
  C:59FAH         LINE#         256
  C:5A02H         LINE#         257
  C:5A02H         LINE#         259
  C:5A03H         LINE#         265
  C:5A0FH         LINE#         266
  C:5A0FH         LINE#         267
  C:5A2CH         LINE#         268
  C:5A43H         LINE#         269
BL51 BANKED LINKER/LOCATER V6.22                                                      09/03/2019  11:55:16  PAGE 33


  C:5A5AH         LINE#         270
  C:5A5AH         LINE#         271
  C:5A6DH         LINE#         272
  C:5A80H         LINE#         273
  C:5A80H         LINE#         274
  C:5A80H         LINE#         275
  C:5A83H         LINE#         280
  C:5A92H         LINE#         281
  C:5A92H         LINE#         282
  C:5AB5H         LINE#         283
  C:5AD2H         LINE#         284
  C:5ADBH         LINE#         285
  C:5ADBH         LINE#         286
  C:5AE2H         LINE#         287
  C:5AE2H         LINE#         288
  C:5AF3H         LINE#         289
  C:5AF3H         LINE#         290
  C:5B02H         LINE#         291
  C:5B02H         LINE#         292
  C:5B02H         LINE#         293
  C:5B05H         LINE#         295
  C:5B05H         LINE#         296
  C:5B11H         LINE#         297
  C:5B11H         LINE#         298
  C:5B23H         LINE#         299
  C:5B23H         LINE#         300
  C:5B33H         LINE#         301
  C:5B33H         LINE#         302
  C:5B33H         LINE#         304
  C:5B35H         LINE#         306
  C:5B35H         LINE#         307
  C:5B44H         LINE#         308
  C:5B44H         LINE#         309
  C:5B54H         LINE#         310
  C:5B54H         LINE#         311
  C:5B54H         LINE#         313
  C:5B54H         LINE#         315
  C:5B54H         LINE#         316
  C:5B56H         LINE#         318
  C:5B56H         LINE#         319
  C:5B5DH         LINE#         320
  C:5B5DH         LINE#         321
  C:5B6CH         LINE#         322
  C:5B6CH         LINE#         323
  C:5B7CH         LINE#         324
  C:5B7CH         LINE#         325
  C:5B7CH         LINE#         326
  C:5B7EH         LINE#         328
  C:5B7EH         LINE#         329
  C:5B8DH         LINE#         330
  C:5B8DH         LINE#         331
  C:5BA0H         LINE#         332
  C:5BB3H         LINE#         333
  C:5BB3H         LINE#         334
  C:5BB3H         LINE#         335
  C:5BB3H         LINE#         336
  C:5BBCH         LINE#         338
BL51 BANKED LINKER/LOCATER V6.22                                                      09/03/2019  11:55:16  PAGE 34


  C:5BBCH         LINE#         340
  C:5BF6H         LINE#         341
  C:5BF6H         LINE#         342
  C:5BFDH         LINE#         343
  C:5BFDH         LINE#         344
  C:5C07H         LINE#         345
  C:5C07H         LINE#         346
  C:5C0AH         LINE#         347
  C:5C0FH         LINE#         348
  C:5C14H         LINE#         349
  C:5C19H         LINE#         350
  C:5C1EH         LINE#         351
  C:5C23H         LINE#         352
  C:5C28H         LINE#         353
  C:5C2DH         LINE#         354
[...]
  C:63CDH         LINE#         328
  C:63D0H         LINE#         330
  C:63EAH         LINE#         331
  C:63EAH         LINE#         332
  C:63EAH         LINE#         334
  C:63EDH         LINE#         336
  C:6407H         LINE#         337
  C:6407H         LINE#         338
  C:6407H         LINE#         340
  C:640AH         LINE#         342
  C:6424H         LINE#         343
  C:6424H         LINE#         344
  C:6424H         LINE#         346
  C:6427H         LINE#         348
  C:6441H         LINE#         349
  C:6441H         LINE#         350
  C:6441H         LINE#         352
  C:6444H         LINE#         354
  C:645EH         LINE#         355
  C:645EH         LINE#         356
  C:645EH         LINE#         358
  C:6461H         LINE#         360
  C:647BH         LINE#         361
  C:647BH         LINE#         362
  C:647BH         LINE#         364
  C:647EH         LINE#         366
  C:6498H         LINE#         367
BL51 BANKED LINKER/LOCATER V6.22                                                      09/03/2019  11:55:16  PAGE 57


  C:6498H         LINE#         368
  C:6498H         LINE#         370
  C:649BH         LINE#         372
  C:64B5H         LINE#         373
  C:64BCH         LINE#         374
  -------         ENDPROC       SPI_NOR_WRITE_DATA
  -------         ENDMOD        AT25SF041

  -------         MODULE        SI1120
  C:0000H         SYMBOL        _ICE_DUMMY_
  D:0080H         PUBLIC        P0
  D:00B2H         PUBLIC        P3M0
  D:0090H         PUBLIC        P1
  D:00B1H         PUBLIC        P3M1
  D:00A0H         PUBLIC        P2
  D:00B0H         PUBLIC        P3
  D:00C0H         PUBLIC        P4
  D:00C8H         PUBLIC        P5
  B:00A8H.7       PUBLIC        EA
  D:00E8H         PUBLIC        P6
  D:00F8H         PUBLIC        P7
  D:00A8H         PUBLIC        IE
  D:00B8H         PUBLIC        IP
  C:7A1DH         PUBLIC        SI1120_CONFIG_MODE_VIRH
  D:00D8H         PUBLIC        CCON
  D:0098H         PUBLIC        SCON
  D:0088H         PUBLIC        TCON
  C:7DCFH         PUBLIC        Enable_EXTINT0
  B:0090H.5       PUBLIC        SI1120_STX
  B:0088H.0       PUBLIC        IT0
  B:00A8H.0       PUBLIC        EX0
  B:0090H.4       PUBLIC        SI1120_MD
  B:0090H.6       PUBLIC        SI1120_SC
  D:00D0H         PUBLIC        PSW
  -------         PROC          SI1120_CONFIG_MODE_VIRH
  C:7A1DH         LINE#         4
  C:7A1DH         LINE#         5
  C:7A1DH         LINE#         6
  C:7A1FH         LINE#         7
  C:7A21H         LINE#         8
  C:7A23H         LINE#         10
  C:7A2AH         LINE#         11
  C:7A2CH         LINE#         13
  C:7A2EH         LINE#         14
  C:7A30H         LINE#         16
  C:7A37H         LINE#         18
  C:7A39H         LINE#         20
  C:7A40H         LINE#         23
  C:7A42H         LINE#         25
  C:7A44H         LINE#         27
  C:7A4BH         LINE#         29
  C:7A4DH         LINE#         31
  -------         ENDPROC       SI1120_CONFIG_MODE_VIRH
  -------         PROC          ENABLE_EXTINT0
  C:7DCFH         LINE#         33
  C:7DCFH         LINE#         34
  C:7DCFH         LINE#         35
BL51 BANKED LINKER/LOCATER V6.22                                                      09/03/2019  11:55:16  PAGE 58


  C:7DD2H         LINE#         36
  C:7DD5H         LINE#         37
  C:7DD7H         LINE#         38
  C:7DD9H         LINE#         39
  C:7DDBH         LINE#         40
  -------         ENDPROC       ENABLE_EXTINT0
  -------         ENDMOD        SI1120

  -------         MODULE        UART1
  C:0000H         SYMBOL        _ICE_DUMMY_
  D:0080H         PUBLIC        P0
  D:0090H         PUBLIC        P1
  D:00A0H         PUBLIC        P2
  D:00B0H         PUBLIC        P3
  D:00C0H         PUBLIC        P4
  D:00C8H         PUBLIC        P5
  C:7BDCH         PUBLIC        _uart1_SendToTCPServer
  B:00A8H.7       PUBLIC        EA
  D:00E8H         PUBLIC        P6
  D:00F8H         PUBLIC        P7
  C:79EAH         PUBLIC        _SendString
  D:00A8H         PUBLIC        IE
  B:00A8H.4       PUBLIC        ES
  D:00B8H         PUBLIC        IP
  C:7CCEH         PUBLIC        _ASCIItoBCD
  D:00D8H         PUBLIC        CCON
  C:7D84H         PUBLIC        initUART1
  D:0098H         PUBLIC        SCON
  D:0088H         PUBLIC        TCON
  C:7E3DH         PUBLIC        _DectoBCD
  C:001EH         PUBLIC        _ASCII_Letter
  D:008EH         PUBLIC        AUXR
  C:0006H         PUBLIC        _unit
  C:7E36H         PUBLIC        _ten
  D:00D6H         PUBLIC        T2H
  D:00D7H         PUBLIC        T2L
  C:7E27H         PUBLIC        uart1_InitTCPConn
  D:00D0H         PUBLIC        PSW
  -------         PROC          INITUART1
  C:7D84H         LINE#         24
  C:7D84H         LINE#         25
  C:7D84H         LINE#         26
  C:7D87H         LINE#         27
  C:7D8AH         LINE#         28
  C:7D8DH         LINE#         29
  C:7D90H         LINE#         30
  C:7D92H         LINE#         31
  C:7D94H         LINE#         33
  -------         ENDPROC       INITUART1
  -------         PROC          _SENDSTRING
  X:04FDH         SYMBOL        s
  C:79EAH         LINE#         36
  C:79F5H         LINE#         37
  C:79F5H         LINE#         38
  C:7A05H         LINE#         39
  C:7A05H         LINE#         40
  C:7A1AH         LINE#         41
BL51 BANKED LINKER/LOCATER V6.22                                                      09/03/2019  11:55:16  PAGE 59


  C:7A1CH         LINE#         42
  -------         ENDPROC       _SENDSTRING
  -------         PROC          _TEN
  D:0007H         SYMBOL        BCD
  C:7E36H         LINE#         44
  C:7E36H         LINE#         45
  C:7E36H         LINE#         46
  C:7E3BH         LINE#         47
  -------         ENDPROC       _TEN
  -------         PROC          _UNIT
  D:0007H         SYMBOL        BCD
  C:0006H         LINE#         48
  C:0006H         LINE#         49
  C:0006H         LINE#         53
  C:000AH         LINE#         54
  -------         ENDPROC       _UNIT
  -------         PROC          _DECTOBCD
  D:0007H         SYMBOL        dec
  C:7E3DH         LINE#         55
  C:7E3DH         LINE#         56
  C:7E3DH         LINE#         58
  C:7E3DH         LINE#         59
  -------         ENDPROC       _DECTOBCD
  -------         PROC          _ASCII_LETTER
  D:0007H         SYMBOL        dat
  C:001EH         LINE#         61
  C:001EH         LINE#         62
  C:001EH         LINE#         64
  C:0022H         LINE#         65
  -------         ENDPROC       _ASCII_LETTER
  -------         PROC          _ASCIITOBCD
  D:0001H         SYMBOL        ascii
  -------         DO            
  D:0007H         SYMBOL        dec_val
  D:0006H         SYMBOL        ten
  D:0007H         SYMBOL        unit
  -------         ENDDO         
  C:7CCEH         LINE#         67
  C:7CCEH         LINE#         68
  C:7CCEH         LINE#         70
  C:7CD1H         LINE#         71
  C:7CD7H         LINE#         72
  C:7CDEH         LINE#         73
  C:7CE4H         LINE#         75
  -------         ENDPROC       _ASCIITOBCD
  -------         PROC          UART1_INITTCPCONN
  C:7E27H         LINE#         77
  C:7E27H         LINE#         78
  C:7E27H         LINE#         82
  -------         ENDPROC       UART1_INITTCPCONN
  -------         PROC          _UART1_SENDTOTCPSERVER
  X:0408H         SYMBOL        str
  C:7BDCH         LINE#         85
  C:7BE7H         LINE#         86
  C:7BE7H         LINE#         87
  C:7BF0H         LINE#         88
  C:7BF7H         LINE#         89
BL51 BANKED LINKER/LOCATER V6.22                                                      09/03/2019  11:55:16  PAGE 60


  -------         ENDPROC       _UART1_SENDTOTCPSERVER
  -------         ENDMOD        UART1

  -------         MODULE        ?C_STARTUP
  C:7495H         SEGMENT       ?C_C51STARTUP
  I:0022H         SEGMENT       ?STACK
  C:0000H         PUBLIC        ?C_STARTUP
  D:00E0H         SYMBOL        ACC
  D:00F0H         SYMBOL        B
  D:0083H         SYMBOL        DPH
  D:0082H         SYMBOL        DPL
  N:0000H         SYMBOL        IBPSTACK
  N:0100H         SYMBOL        IBPSTACKTOP
  N:0080H         SYMBOL        IDATALEN
  C:7498H         SYMBOL        IDATALOOP
  N:0000H         SYMBOL        PBPSTACK
  N:0100H         SYMBOL        PBPSTACKTOP
  N:0000H         SYMBOL        PDATALEN
  N:0000H         SYMBOL        PDATASTART
  N:0000H         SYMBOL        PPAGE
  N:0000H         SYMBOL        PPAGEENABLE
  D:00A0H         SYMBOL        PPAGE_SFR
  D:0081H         SYMBOL        SP
  C:7495H         SYMBOL        STARTUP1
  N:0000H         SYMBOL        XBPSTACK
  N:0000H         SYMBOL        XBPSTACKTOP
  N:0000H         SYMBOL        XDATALEN
  N:0000H         SYMBOL        XDATASTART
  C:0000H         LINE#         126
  C:7495H         LINE#         133
  C:7497H         LINE#         134
  C:7498H         LINE#         135
  C:7499H         LINE#         136
  C:749BH         LINE#         185
  C:749EH         LINE#         196
  -------         ENDMOD        ?C_STARTUP

  -------         MODULE        ?C?FPADD
  C:2579H         PUBLIC        ?C?FPADD
  C:2575H         PUBLIC        ?C?FPSUB
  -------         ENDMOD        ?C?FPADD

  -------         MODULE        ?C?FPMUL
  C:266AH         PUBLIC        ?C?FPMUL
  -------         ENDMOD        ?C?FPMUL

  -------         MODULE        ?C?FPDIV
  C:2773H         PUBLIC        ?C?FPDIV
  -------         ENDMOD        ?C?FPDIV

  -------         MODULE        ?C?FPCMP
  C:2812H         PUBLIC        ?C?FPCMP
  C:2810H         PUBLIC        ?C?FPCMP3
  -------         ENDMOD        ?C?FPCMP

  -------         MODULE        ?C?FPNEG
  C:2889H         PUBLIC        ?C?FPNEG
BL51 BANKED LINKER/LOCATER V6.22                                                      09/03/2019  11:55:16  PAGE 61


  -------         ENDMOD        ?C?FPNEG

  -------         MODULE        ?C?FCAST
  C:28A4H         PUBLIC        ?C?FCASTC
  C:289FH         PUBLIC        ?C?FCASTI
  C:289AH         PUBLIC        ?C?FCASTL
  -------         ENDMOD        ?C?FCAST

  -------         MODULE        ?C?CASTF
  C:28D8H         PUBLIC        ?C?CASTF
  -------         ENDMOD        ?C?CASTF

  -------         MODULE        PRINTF
  X:04FDH         PUBLIC        ?_PRINTF?BYTE
  X:04FDH         PUBLIC        ?_SPRINTF?BYTE
  C:4C7EH         PUBLIC        _PRINTF
  C:4C78H         PUBLIC        _SPRINTF
  -------         ENDMOD        PRINTF

  -------         MODULE        FABS
  C:7DDCH         PUBLIC        _FABS
  -------         ENDMOD        FABS

  -------         MODULE        ATAN2
  X:04AFH         PUBLIC        ?_atan2?BYTE
  C:72C2H         PUBLIC        _atan2
  -------         ENDMOD        ATAN2

  -------         MODULE        SIN
  C:6522H         PUBLIC        _COS
  C:6538H         PUBLIC        _SIN
  C:6574H         PUBLIC        _TAN
  -------         ENDMOD        SIN

  -------         MODULE        ACOS
  C:78A1H         PUBLIC        _ACOS
  -------         ENDMOD        ACOS

  -------         MODULE        ASIN
  C:79AFH         PUBLIC        _ASIN
  -------         ENDMOD        ASIN

  -------         MODULE        POW
  X:03BCH         PUBLIC        ?_pow?BYTE
  C:6662H         PUBLIC        _pow
  -------         ENDMOD        POW

  -------         MODULE        ?C?CHKFLOAT
  C:2959H         PUBLIC        ?C?CHKFLOAT
  -------         ENDMOD        ?C?CHKFLOAT

  -------         MODULE        ?C?FPROUND
  C:2973H         PUBLIC        ?C?FPROUND
  -------         ENDMOD        ?C?FPROUND

  -------         MODULE        ?C?FPCONVERT
  C:29B0H         PUBLIC        ?C?FPCONVERT
BL51 BANKED LINKER/LOCATER V6.22                                                      09/03/2019  11:55:16  PAGE 62


  -------         ENDMOD        ?C?FPCONVERT

  -------         MODULE        EXP
  C:7433H         PUBLIC        _EXP
  -------         ENDMOD        EXP

  -------         MODULE        LOG
  C:6951H         PUBLIC        _LOG
  C:694DH         PUBLIC        _LOG10
  -------         ENDMOD        LOG

  -------         MODULE        SQRT
  C:7179H         PUBLIC        _SQRT
  -------         ENDMOD        SQRT

  -------         MODULE        ATAN
  C:6A66H         PUBLIC        _ATAN
  -------         ENDMOD        ATAN

  -------         MODULE        ?C?FTNPWR
  C:2B32H         PUBLIC        ?C?FTNPWR
  -------         ENDMOD        ?C?FTNPWR

  -------         MODULE        ?C?COPY
  C:2C42H         PUBLIC        ?C?COPY
  -------         ENDMOD        ?C?COPY

  -------         MODULE        ?C?CLDPTR
  C:2C68H         PUBLIC        ?C?CLDPTR
  -------         ENDMOD        ?C?CLDPTR

  -------         MODULE        ?C?CLDOPTR
  C:2C81H         PUBLIC        ?C?CLDOPTR
  -------         ENDMOD        ?C?CLDOPTR

  -------         MODULE        ?C?CSTPTR
  C:2CAEH         PUBLIC        ?C?CSTPTR
  -------         ENDMOD        ?C?CSTPTR

  -------         MODULE        ?C?IMUL
  C:2CC0H         PUBLIC        ?C?IMUL
  -------         ENDMOD        ?C?IMUL

  -------         MODULE        ?C?UIDIV
  C:2CD2H         PUBLIC        ?C?UIDIV
  -------         ENDMOD        ?C?UIDIV

  -------         MODULE        ?C?SIDIV
  C:2D27H         PUBLIC        ?C?SIDIV
  -------         ENDMOD        ?C?SIDIV

  -------         MODULE        ?C?ILDIX
  C:2D5DH         PUBLIC        ?C?ILDIX
  -------         ENDMOD        ?C?ILDIX

  -------         MODULE        ?C?ILDOPTR
  C:2D73H         PUBLIC        ?C?ILDOPTR
BL51 BANKED LINKER/LOCATER V6.22                                                      09/03/2019  11:55:16  PAGE 63


  -------         ENDMOD        ?C?ILDOPTR

  -------         MODULE        ?C?ISTPTR
  C:2DABH         PUBLIC        ?C?ISTPTR
  -------         ENDMOD        ?C?ISTPTR

  -------         MODULE        ?C?LMUL
  C:2DCAH         PUBLIC        ?C?LMUL
  -------         ENDMOD        ?C?LMUL

  -------         MODULE        ?C?SLDIV
  C:78EBH         PUBLIC        ?C?SLDIV
  -------         ENDMOD        ?C?SLDIV

  -------         MODULE        ?C?LNEG
  C:2E19H         PUBLIC        ?C?LNEG
  -------         ENDMOD        ?C?LNEG

  -------         MODULE        ?C?ULCMP
  C:2E27H         PUBLIC        ?C?ULCMP
  -------         ENDMOD        ?C?ULCMP

  -------         MODULE        ?C?LSHL
  C:2E38H         PUBLIC        ?C?LSHL
  -------         ENDMOD        ?C?LSHL

  -------         MODULE        ?C?LLDPTR
  C:2E4BH         PUBLIC        ?C?LLDPTR
  -------         ENDMOD        ?C?LLDPTR

  -------         MODULE        ?C?LLDOPTR
  C:2E6BH         PUBLIC        ?C?LLDOPTR
  -------         ENDMOD        ?C?LLDOPTR

  -------         MODULE        ?C?LSTPTR
  C:2E9BH         PUBLIC        ?C?LSTPTR
  -------         ENDMOD        ?C?LSTPTR

  -------         MODULE        ?C?LSTOPTR
  C:2EB5H         PUBLIC        ?C?LSTOPTR
  -------         ENDMOD        ?C?LSTOPTR

  -------         MODULE        ?C?LLDXDATA
  C:2ED9H         PUBLIC        ?C?LLDXDATA
  -------         ENDMOD        ?C?LLDXDATA

  -------         MODULE        ?C?LLDCODE
  C:2EE5H         PUBLIC        ?C?LLDCODE
  -------         ENDMOD        ?C?LLDCODE

  -------         MODULE        ?C?LLDXDATA0
  C:2EF5H         PUBLIC        ?C?LLDXDATA0
  -------         ENDMOD        ?C?LLDXDATA0

  -------         MODULE        ?C?LLDCODE0
  C:2F01H         PUBLIC        ?C?LLDCODE0
  -------         ENDMOD        ?C?LLDCODE0
BL51 BANKED LINKER/LOCATER V6.22                                                      09/03/2019  11:55:16  PAGE 64



  -------         MODULE        ?C?LLDPTR0
  C:2F11H         PUBLIC        ?C?LLDPTR0
  -------         ENDMOD        ?C?LLDPTR0

  -------         MODULE        ?C?LSTXDATA
  C:2F31H         PUBLIC        ?C?LSTXDATA
  -------         ENDMOD        ?C?LSTXDATA

  -------         MODULE        ?C?LSTKXDATA
  C:2F3DH         PUBLIC        ?C?LSTKXDATA
  -------         ENDMOD        ?C?LSTKXDATA

  -------         MODULE        ?C?LSTKPTR
  C:2F6EH         PUBLIC        ?C?LSTKPTR
  -------         ENDMOD        ?C?LSTKPTR

  -------         MODULE        ?C?OFFXADD
  C:2F88H         PUBLIC        ?C?OFFXADD
  -------         ENDMOD        ?C?OFFXADD

  -------         MODULE        ?C?PLDIXDATA
  C:2F94H         PUBLIC        ?C?PLDIXDATA
  -------         ENDMOD        ?C?PLDIXDATA

  -------         MODULE        ?C?PSTXDATA
  C:2FABH         PUBLIC        ?C?PSTXDATA
  -------         ENDMOD        ?C?PSTXDATA

  -------         MODULE        ?C?CCASE
  C:2FB4H         PUBLIC        ?C?CCASE
  -------         ENDMOD        ?C?CCASE

  -------         MODULE        PUTCHAR
  C:7B6DH         PUBLIC        _PUTCHAR
  -------         ENDMOD        PUTCHAR

  -------         MODULE        ABS
  C:7DF5H         PUBLIC        _ABS
  -------         ENDMOD        ABS

  -------         MODULE        ATOI
  C:6E6FH         PUBLIC        _atoi
  -------         ENDMOD        ATOI

  -------         MODULE        ?C?IILDX
  C:2FDAH         PUBLIC        ?C?IILDX
  -------         ENDMOD        ?C?IILDX

  -------         MODULE        ?C?ULDIV
  C:302CH         PUBLIC        ?C?ULDIV
  -------         ENDMOD        ?C?ULDIV

  -------         MODULE        ?C?LLDIDATA
  C:30BEH         PUBLIC        ?C?LLDIDATA
  -------         ENDMOD        ?C?LLDIDATA

BL51 BANKED LINKER/LOCATER V6.22                                                      09/03/2019  11:55:16  PAGE 65


  -------         MODULE        ?C?LLDPDATA
  C:30CAH         PUBLIC        ?C?LLDPDATA
  -------         ENDMOD        ?C?LLDPDATA

  -------         MODULE        ?C?LLDIDATA0
  C:30D6H         PUBLIC        ?C?LLDIDATA0
  -------         ENDMOD        ?C?LLDIDATA0

  -------         MODULE        ?C?LLDPDATA0
  C:30E3H         PUBLIC        ?C?LLDPDATA0
  -------         ENDMOD        ?C?LLDPDATA0

  -------         MODULE        ?C?LSTIDATA
  C:30F0H         PUBLIC        ?C?LSTIDATA
  -------         ENDMOD        ?C?LSTIDATA

  -------         MODULE        ?C?LSTPDATA
  C:30FCH         PUBLIC        ?C?LSTPDATA
  -------         ENDMOD        ?C?LSTPDATA

  -------         MODULE        ?C?LSTKIDATA
  C:3108H         PUBLIC        ?C?LSTKIDATA
  -------         ENDMOD        ?C?LSTKIDATA

  -------         MODULE        ?C?LSTKPDATA
  C:3121H         PUBLIC        ?C?LSTKPDATA
  -------         ENDMOD        ?C?LSTKPDATA

  -------         MODULE        ISDIGIT
  C:7DB3H         PUBLIC        _isdigit
  -------         ENDMOD        ISDIGIT

  -------         MODULE        ISSPACE
  C:7D4EH         PUBLIC        _isspace
  -------         ENDMOD        ISSPACE

*** WARNING L16: UNCALLED SEGMENT, IGNORED FOR OVERLAY PROCESS
    SEGMENT: ?PR?_FINDCLOSESTSAMEDAYCALIBTIME?CALIBRATION

*** WARNING L16: UNCALLED SEGMENT, IGNORED FOR OVERLAY PROCESS
    SEGMENT: ?PR?NOP?IOEXPANDER_PI4IOE5V96248

*** WARNING L16: UNCALLED SEGMENT, IGNORED FOR OVERLAY PROCESS
    SEGMENT: ?PR?UC_ACK?IOEXPANDER_PI4IOE5V96248

*** WARNING L16: UNCALLED SEGMENT, IGNORED FOR OVERLAY PROCESS
    SEGMENT: ?PR?UC_NACK?IOEXPANDER_PI4IOE5V96248

*** WARNING L16: UNCALLED SEGMENT, IGNORED FOR OVERLAY PROCESS
    SEGMENT: ?PR?_TEN?UART1

*** WARNING L16: UNCALLED SEGMENT, IGNORED FOR OVERLAY PROCESS
    SEGMENT: ?PR?_UNIT?UART1

*** WARNING L16: UNCALLED SEGMENT, IGNORED FOR OVERLAY PROCESS
    SEGMENT: ?PR?_DECTOBCD?UART1

BL51 BANKED LINKER/LOCATER V6.22                                                      09/03/2019  11:55:16  PAGE 66


*** WARNING L16: UNCALLED SEGMENT, IGNORED FOR OVERLAY PROCESS
    SEGMENT: ?PR?_ASCII_LETTER?UART1

*** WARNING L16: UNCALLED SEGMENT, IGNORED FOR OVERLAY PROCESS
    SEGMENT: ?PR?_ASCIITOBCD?UART1

Program Size: data=15.4 xdata=1646 code=32318
LINK/LOCATE RUN COMPLETE.  9 WARNING(S),  0 ERROR(S)
