BL51 BANKED LINKER/LOCATER V6.22                                                        02/22/2019  10:45:33  PAGE 1


BL51 BANKED LINKER/LOCATER V6.22, INVOKED BY:
C:\KEIL_V5\C51\BIN\BL51.EXE .\Obj\main.obj, .\Obj\PCF85063BTL.obj, .\Obj\UART1.obj, .\Obj\LCd_Driver_SPLC780D.obj, .\Obj
>> \KeyPad.obj, .\Obj\BipolarMotor.obj, .\Obj\SunPos.obj, .\Obj\ADC.obj, .\Obj\Calibration.obj, .\Obj\IOExpander_PI4IOE5
>> V96248.obj, .\Obj\AT25SF041.obj, .\Obj\STARTUP.obj TO .\Obj\GPIO_RTC_Test PRINT (.\Lis\GPIO_RTC_Test.m51) RAMSIZE (25
>> 6)


MEMORY MODEL: LARGE WITH FLOATING POINT ARITHMETIC


INPUT MODULES INCLUDED:
  .\Obj\main.obj (MAIN)
  .\Obj\PCF85063BTL.obj (PCF85063BTL)
  .\Obj\UART1.obj (UART1)
  .\Obj\LCd_Driver_SPLC780D.obj (LCD_DRIVER_SPLC780D)
  .\Obj\KeyPad.obj (KEYPAD)
  .\Obj\BipolarMotor.obj (BIPOLARMOTOR)
  .\Obj\SunPos.obj (SUNPOS)
  .\Obj\ADC.obj (ADC)
  .\Obj\Calibration.obj (CALIBRATION)
  .\Obj\IOExpander_PI4IOE5V96248.obj (IOEXPANDER_PI4IOE5V96248)
  .\Obj\AT25SF041.obj (AT25SF041)
  .\Obj\STARTUP.obj (?C_STARTUP)
  C:\KEIL_V5\C51\LIB\C51FPL.LIB (?C?FPADD)
  C:\KEIL_V5\C51\LIB\C51FPL.LIB (?C?FPMUL)
  C:\KEIL_V5\C51\LIB\C51FPL.LIB (?C?FPDIV)
  C:\KEIL_V5\C51\LIB\C51FPL.LIB (?C?FPCMP)
  C:\KEIL_V5\C51\LIB\C51FPL.LIB (?C?FPNEG)
  C:\KEIL_V5\C51\LIB\C51FPL.LIB (?C?FCAST)
  C:\KEIL_V5\C51\LIB\C51FPL.LIB (?C?CASTF)
  C:\KEIL_V5\C51\LIB\C51FPL.LIB (ATAN2)
  C:\KEIL_V5\C51\LIB\C51FPL.LIB (SIN)
  C:\KEIL_V5\C51\LIB\C51FPL.LIB (ACOS)
  C:\KEIL_V5\C51\LIB\C51FPL.LIB (ASIN)
  C:\KEIL_V5\C51\LIB\C51FPL.LIB (?C?FPGETOPN)
  C:\KEIL_V5\C51\LIB\C51FPL.LIB (?C?FPSERIES)
  C:\KEIL_V5\C51\LIB\C51FPL.LIB (SQRT)
  C:\KEIL_V5\C51\LIB\C51FPL.LIB (ATAN)
  C:\KEIL_V5\C51\LIB\C51L.LIB (?C_INIT)
  C:\KEIL_V5\C51\LIB\C51L.LIB (?C?COPY)
  C:\KEIL_V5\C51\LIB\C51L.LIB (?C?CLDPTR)
  C:\KEIL_V5\C51\LIB\C51L.LIB (?C?CLDOPTR)
  C:\KEIL_V5\C51\LIB\C51L.LIB (?C?CSTPTR)
  C:\KEIL_V5\C51\LIB\C51L.LIB (?C?IMUL)
  C:\KEIL_V5\C51\LIB\C51L.LIB (?C?UIDIV)
  C:\KEIL_V5\C51\LIB\C51L.LIB (?C?SIDIV)
  C:\KEIL_V5\C51\LIB\C51L.LIB (?C?ILDIX)
  C:\KEIL_V5\C51\LIB\C51L.LIB (?C?ILDOPTR)
  C:\KEIL_V5\C51\LIB\C51L.LIB (?C?ISTPTR)
  C:\KEIL_V5\C51\LIB\C51L.LIB (?C?LMUL)
  C:\KEIL_V5\C51\LIB\C51L.LIB (?C?SLDIV)
  C:\KEIL_V5\C51\LIB\C51L.LIB (?C?LNEG)
  C:\KEIL_V5\C51\LIB\C51L.LIB (?C?ULCMP)
  C:\KEIL_V5\C51\LIB\C51L.LIB (?C?LSHL)
  C:\KEIL_V5\C51\LIB\C51L.LIB (?C?LLDPTR)
  C:\KEIL_V5\C51\LIB\C51L.LIB (?C?LLDOPTR)
  C:\KEIL_V5\C51\LIB\C51L.LIB (?C?LSTPTR)
  C:\KEIL_V5\C51\LIB\C51L.LIB (?C?LSTOPTR)
BL51 BANKED LINKER/LOCATER V6.22                                                      02/22/2019  10:45:33  PAGE 2


  C:\KEIL_V5\C51\LIB\C51L.LIB (?C?LLDXDATA)
  C:\KEIL_V5\C51\LIB\C51L.LIB (?C?LLDCODE)
  C:\KEIL_V5\C51\LIB\C51L.LIB (?C?LLDXDATA0)
  C:\KEIL_V5\C51\LIB\C51L.LIB (?C?LLDCODE0)
  C:\KEIL_V5\C51\LIB\C51L.LIB (?C?LLDPTR0)
  C:\KEIL_V5\C51\LIB\C51L.LIB (?C?LSTXDATA)
  C:\KEIL_V5\C51\LIB\C51L.LIB (?C?LSTKXDATA)
  C:\KEIL_V5\C51\LIB\C51L.LIB (?C?LSTKPTR)
  C:\KEIL_V5\C51\LIB\C51L.LIB (?C?OFFXADD)
  C:\KEIL_V5\C51\LIB\C51L.LIB (ABS)
  C:\KEIL_V5\C51\LIB\C51L.LIB (ATOI)
  C:\KEIL_V5\C51\LIB\C51L.LIB (?C?IILDX)
  C:\KEIL_V5\C51\LIB\C51L.LIB (?C?ULDIV)
  C:\KEIL_V5\C51\LIB\C51L.LIB (?C?LLDIDATA)
  C:\KEIL_V5\C51\LIB\C51L.LIB (?C?LLDPDATA)
  C:\KEIL_V5\C51\LIB\C51L.LIB (?C?LLDIDATA0)
  C:\KEIL_V5\C51\LIB\C51L.LIB (?C?LLDPDATA0)
  C:\KEIL_V5\C51\LIB\C51L.LIB (?C?LSTIDATA)
  C:\KEIL_V5\C51\LIB\C51L.LIB (?C?LSTPDATA)
  C:\KEIL_V5\C51\LIB\C51L.LIB (?C?LSTKIDATA)
  C:\KEIL_V5\C51\LIB\C51L.LIB (?C?LSTKPDATA)
  C:\KEIL_V5\C51\LIB\C51L.LIB (ISDIGIT)
  C:\KEIL_V5\C51\LIB\C51L.LIB (ISSPACE)


LINK MAP OF MODULE:  .\Obj\GPIO_RTC_Test (MAIN)


            TYPE    BASE      LENGTH    RELOCATION   SEGMENT NAME
            -----------------------------------------------------

            * * * * * * *   D A T A   M E M O R Y   * * * * * * *
            REG     0000H     0008H     ABSOLUTE     "REG BANK 0"
                    0008H     0018H                  *** GAP ***
            BIT     0020H.0   0000H.5   UNIT         ?BI?KEYPAD
            BIT     0020H.5   0000H.3   UNIT         _BIT_GROUP_
            BIT     0021H.0   0000H.1   UNIT         ?BI?MAIN
            BIT     0021H.1   0000H.1   UNIT         ?BI?_ATOI?ATOI
                    0021H.2   0000H.6                *** GAP ***
            IDATA   0022H     0001H     UNIT         ?STACK

            * * * * * * *  X D A T A   M E M O R Y  * * * * * * *
            XDATA   0000H     038FH     UNIT         ?XD?BIPOLARMOTOR
            XDATA   038FH     0151H     UNIT         _XDATA_GROUP_
            XDATA   04E0H     00D4H     UNIT         ?XD?MAIN
            XDATA   05B4H     0040H     UNIT         ?XD?_FINDDET4X4?BIPOLARMOTOR
            XDATA   05F4H     0024H     UNIT         ?XD?_FINDDET3X3?BIPOLARMOTOR
            XDATA   0618H     0009H     UNIT         ?XD?KEYPAD
            XDATA   0621H     0008H     UNIT         ?XD?_AT25SF041_READ?AT25SF041
            XDATA   0629H     0005H     UNIT         ?XD?_ATOI?ATOI
            XDATA   062EH     0004H     UNIT         ?XD?_DISPLAY_PROX?MAIN
            XDATA   0632H     0003H     UNIT         ?XD?_SENDSTRING?UART1
            XDATA   0635H     0001H     UNIT         ?XD?UC_ACK?IOEXPANDER_PI4IOE5V96248
            XDATA   0636H     0001H     UNIT         ?XD?UC_NACK?IOEXPANDER_PI4IOE5V96248

            * * * * * * *   C O D E   M E M O R Y   * * * * * * *
            CODE    0000H     0003H     ABSOLUTE     
BL51 BANKED LINKER/LOCATER V6.22                                                      02/22/2019  10:45:33  PAGE 3


            CODE    0003H     0006H     UNIT         ?PR?_TEN?UART1
            CODE    0009H     0001H     UNIT         ?PR?TM0_ISR?MAIN
            CODE    000AH     0001H     UNIT         ?PR?_DECTOBCD?UART1
            CODE    000BH     0003H     ABSOLUTE     
            CODE    000EH     0B00H     UNIT         ?PR?_UPDATE_POSITION?BIPOLARMOTOR
            CODE    0B0EH     0AA6H     UNIT         ?PR?MAIN?MAIN
            CODE    15B4H     09B6H     UNIT         ?C?LIB_CODE
            CODE    1F6AH     07A2H     UNIT         ?PR?SUNPOS?SUNPOS
            CODE    270CH     03F2H     UNIT         ?C_INITSEG
            CODE    2AFEH     0309H     UNIT         ?PR?_FIND_REAL_MAX?CALIBRATION
            CODE    2E07H     02C0H     UNIT         ?PR?_FINDDET4X4?BIPOLARMOTOR
            CODE    30C7H     02A0H     UNIT         ?PR?KEY_PROCESS?KEYPAD
            CODE    3367H     01D1H     UNIT         ?PR?_FINDDET3X3?BIPOLARMOTOR
            CODE    3538H     018DH     UNIT         ?PR?KEY_SCAN?KEYPAD
            CODE    36C5H     0188H     UNIT         ?PR?SIN?SIN
            CODE    384DH     0172H     UNIT         ?PR?_DISPLAY_POS?MAIN
            CODE    39BFH     013CH     UNIT         ?PR?_CALIBRATION?CALIBRATION
            CODE    3AFBH     0122H     UNIT         ?PR?ATAN?ATAN
            CODE    3C1DH     0106H     UNIT         ?PR?_AT25SF041_READ?AT25SF041
            CODE    3D23H     00FEH     UNIT         ?PR?SPI_NOR_WRITE_DATA?AT25SF041
            CODE    3E21H     00FBH     UNIT         ?PR?_AT25SF041_WRITE?AT25SF041
            CODE    3F1CH     00DBH     UNIT         ?PR?_ATOI?ATOI
            CODE    3FF7H     00C3H     UNIT         ?PR?LINEAR_INTERPOLATE?BIPOLARMOTOR
            CODE    40BAH     00BBH     UNIT         ?PR?VOLTAGE_IS_STABLE?CALIBRATION
            CODE    4175H     00ADH     UNIT         ?PR?_WRITE_PI4IOE5V96248?IOEXPANDER_PI4IOE5V96248
            CODE    4222H     00ACH     UNIT         ?PR?SQRT?SQRT
            CODE    42CEH     00A1H     UNIT         ?PR?READ_STATUS_REGISTER_BYTE1?AT25SF041
            CODE    436FH     009DH     UNIT         ?PR?_ATAN2?ATAN2
            CODE    440CH     009CH     UNIT         ?PR?_MAX_VALUE?CALIBRATION
            CODE    44A8H     0095H     UNIT         ?PR?_DISPLAY_PROX?MAIN
            CODE    453DH     008CH     UNIT         ?C_C51STARTUP
            CODE    45C9H     0084H     UNIT         ?PR?_DAY_OF_YEAR?PCF85063BTL
            CODE    464DH     0075H     UNIT         ?PR?_WRITEDATA?LCD_DRIVER_SPLC780D
            CODE    46C2H     006FH     UNIT         ?PR?_READ_TIME?PCF85063BTL
            CODE    4731H     005AH     UNIT         ?PR?AT25SF041_CHIPERASE?AT25SF041
            CODE    478BH     0059H     UNIT         ?PR?LCD_INIT?LCD_DRIVER_SPLC780D
            CODE    47E4H     0050H     UNIT         ?PR?AT25SF041_WRITEENABLE?AT25SF041
            CODE    4834H     004AH     UNIT         ?PR?VONESTEPMOVE?BIPOLARMOTOR
            CODE    487EH     004AH     UNIT         ?PR?ACOS?ACOS
            CODE    48C8H     0044H     UNIT         ?C?LDIV
            CODE    490CH     0040H     UNIT         ?PR?_COMMAND?LCD_DRIVER_SPLC780D
            CODE    494CH     0040H     UNIT         ?PR?_STEP_MOVE?BIPOLARMOTOR
            CODE    498CH     003BH     UNIT         ?PR?ASIN?ASIN
            CODE    49C7H     0033H     UNIT         ?PR?_SENDSTRING?UART1
            CODE    49FAH     002CH     UNIT         ?PR?_ADC_GETRESULT?ADC
            CODE    4A26H     002BH     UNIT         ?PR?_WAIT_MS_I2C?IOEXPANDER_PI4IOE5V96248
            CODE    4A51H     002BH     UNIT         ?PR?_WAIT_MS_SPINOR?AT25SF041
            CODE    4A7CH     0028H     UNIT         ?PR?_MOVE?BIPOLARMOTOR
            CODE    4AA4H     0027H     UNIT         ?PR?_I2C_SENDBYTE?IOEXPANDER_PI4IOE5V96248
            CODE    4ACBH     0024H     UNIT         ?PR?_WAIT_MS?LCD_DRIVER_SPLC780D
            CODE    4AEFH     0020H     UNIT         ?PR?_SPI_SENDBYTE?PCF85063BTL
            CODE    4B0FH     0020H     UNIT         ?PR?SPI_RECEIVEBYTE?PCF85063BTL
            CODE    4B2FH     001FH     UNIT         ?PR?ADC_INIT?ADC
            CODE    4B4EH     001EH     UNIT         ?PR?_DELAY_MS?KEYPAD
            CODE    4B6CH     001DH     UNIT         ?PR?_DISPLAYLCD?LCD_DRIVER_SPLC780D
            CODE    4B89H     001BH     UNIT         ?PR?_BCDTODEC1?BIPOLARMOTOR
            CODE    4BA4H     0018H     UNIT         ?PR?_SPI_WRITETIME?PCF85063BTL
BL51 BANKED LINKER/LOCATER V6.22                                                      02/22/2019  10:45:33  PAGE 4


            CODE    4BBCH     0017H     UNIT         ?PR?_ASCIITOBCD?UART1
            CODE    4BD3H     0016H     UNIT         ?PR?I2C_ACK?IOEXPANDER_PI4IOE5V96248
            CODE    4BE9H     0015H     UNIT         ?PR?_DISPLAY_LINE?LCD_DRIVER_SPLC780D
            CODE    4BFEH     0015H     UNIT         ?PR?I2C_STOP?IOEXPANDER_PI4IOE5V96248
            CODE    4C13H     0014H     UNIT         ?PR?_PCF85063BTL_DELAY?PCF85063BTL
            CODE    4C27H     0014H     UNIT         ?PR?_ISSPACE?ISSPACE
            CODE    4C3BH     0011H     UNIT         ?PR?_SPI_READTIME?PCF85063BTL
            CODE    4C4CH     0011H     UNIT         ?PR?_BCDTODEC?PCF85063BTL
            CODE    4C5DH     0011H     UNIT         ?PR?INITUART1?UART1
            CODE    4C6EH     000FH     UNIT         ?PR?I2C_START?IOEXPANDER_PI4IOE5V96248
            CODE    4C7DH     000FH     UNIT         ?PR?UC_NACK?IOEXPANDER_PI4IOE5V96248
            CODE    4C8CH     000FH     UNIT         ?PR?_ISDIGIT?ISDIGIT
            CODE    4C9BH     000DH     UNIT         ?PR?SPI_INIT?PCF85063BTL
            CODE    4CA8H     000CH     UNIT         ?PR?KEYPAD_IO_INIT?KEYPAD
            CODE    4CB4H     000CH     UNIT         ?PR?_ABS?ABS
            CODE    4CC0H     000AH     UNIT         ?PR?LCD_RETURN_HOME?LCD_DRIVER_SPLC780D
            CODE    4CCAH     000AH     UNIT         ?PR?LCD_CLEAR?LCD_DRIVER_SPLC780D
            CODE    4CD4H     0006H     UNIT         ?PR?UC_ACK?IOEXPANDER_PI4IOE5V96248
            CODE    4CDAH     0005H     UNIT         ?PR?_UNIT?UART1
            CODE    4CDFH     0005H     UNIT         ?PR?_ASCII_LETTER?UART1
            CODE    4CE4H     0001H     UNIT         ?PR?WAIT?BIPOLARMOTOR
            CODE    4CE5H     0001H     UNIT         ?PR?NOP?IOEXPANDER_PI4IOE5V96248



OVERLAY MAP OF MODULE:   .\Obj\GPIO_RTC_Test (MAIN)


SEGMENT                                             BIT_GROUP          XDATA_GROUP
  +--> CALLED SEGMENT                            START    LENGTH     START    LENGTH
------------------------------------------------------------------------------------
?C_C51STARTUP                                    -----    -----      -----    -----
  +--> ?PR?MAIN?MAIN
  +--> ?C_INITSEG

?PR?MAIN?MAIN                                    -----    -----      038FH    0030H
  +--> ?PR?LCD_INIT?LCD_DRIVER_SPLC780D
  +--> ?PR?SPI_INIT?PCF85063BTL
  +--> ?PR?KEYPAD_IO_INIT?KEYPAD
  +--> ?PR?ADC_INIT?ADC
  +--> ?PR?_SPI_WRITETIME?PCF85063BTL
  +--> ?PR?_DELAY_MS?KEYPAD
  +--> ?PR?_DISPLAY_LINE?LCD_DRIVER_SPLC780D
  +--> ?PR?_WRITEDATA?LCD_DRIVER_SPLC780D
  +--> ?PR?KEY_PROCESS?KEYPAD
  +--> ?PR?_COMMAND?LCD_DRIVER_SPLC780D
  +--> ?PR?_DISPLAY_POS?MAIN
  +--> ?PR?_DISPLAYLCD?LCD_DRIVER_SPLC780D
  +--> ?PR?_STEP_MOVE?BIPOLARMOTOR
  +--> ?PR?LCD_RETURN_HOME?LCD_DRIVER_SPLC780D
  +--> ?PR?_READ_TIME?PCF85063BTL
  +--> ?PR?_ADC_GETRESULT?ADC
  +--> ?PR?_BCDTODEC1?BIPOLARMOTOR
  +--> ?PR?_CALIBRATION?CALIBRATION
  +--> ?PR?_WAIT_MS_SPINOR?AT25SF041
  +--> ?PR?SPI_NOR_WRITE_DATA?AT25SF041
  +--> ?PR?LINEAR_INTERPOLATE?BIPOLARMOTOR
BL51 BANKED LINKER/LOCATER V6.22                                                      02/22/2019  10:45:33  PAGE 5


  +--> ?PR?_UPDATE_POSITION?BIPOLARMOTOR

?PR?LCD_INIT?LCD_DRIVER_SPLC780D                 -----    -----      -----    -----
  +--> ?PR?_WAIT_MS?LCD_DRIVER_SPLC780D
  +--> ?PR?_COMMAND?LCD_DRIVER_SPLC780D

?PR?_COMMAND?LCD_DRIVER_SPLC780D                 -----    -----      -----    -----
  +--> ?PR?_WAIT_MS?LCD_DRIVER_SPLC780D

?PR?ADC_INIT?ADC                                 -----    -----      -----    -----
  +--> ?PR?_WAIT_MS?LCD_DRIVER_SPLC780D

?PR?_SPI_WRITETIME?PCF85063BTL                   -----    -----      -----    -----
  +--> ?PR?_SPI_SENDBYTE?PCF85063BTL

?PR?_SPI_SENDBYTE?PCF85063BTL                    -----    -----      -----    -----
  +--> ?PR?_PCF85063BTL_DELAY?PCF85063BTL

?PR?_DISPLAY_LINE?LCD_DRIVER_SPLC780D            -----    -----      -----    -----
  +--> ?PR?_COMMAND?LCD_DRIVER_SPLC780D

?PR?_WRITEDATA?LCD_DRIVER_SPLC780D               -----    -----      046CH    0001H
  +--> ?PR?_WAIT_MS?LCD_DRIVER_SPLC780D

?PR?KEY_PROCESS?KEYPAD                           -----    -----      03BFH    0006H
  +--> ?PR?KEY_SCAN?KEYPAD
  +--> ?PR?_SPI_WRITETIME?PCF85063BTL
  +--> ?PR?LCD_CLEAR?LCD_DRIVER_SPLC780D
  +--> ?PR?_COMMAND?LCD_DRIVER_SPLC780D
  +--> ?PR?_WRITEDATA?LCD_DRIVER_SPLC780D

?PR?KEY_SCAN?KEYPAD                              -----    -----      03C5H    0003H

?PR?LCD_CLEAR?LCD_DRIVER_SPLC780D                -----    -----      -----    -----
  +--> ?PR?_COMMAND?LCD_DRIVER_SPLC780D

?PR?_DISPLAY_POS?MAIN                            -----    -----      0462H    000AH
  +--> ?PR?_ABS?ABS
  +--> ?PR?_WRITEDATA?LCD_DRIVER_SPLC780D

?PR?_DISPLAYLCD?LCD_DRIVER_SPLC780D              -----    -----      03BFH    0001H
  +--> ?PR?_WRITEDATA?LCD_DRIVER_SPLC780D

?PR?_STEP_MOVE?BIPOLARMOTOR                      0020H.6  0000H.1    047BH    0004H
  +--> ?PR?VONESTEPMOVE?BIPOLARMOTOR

?PR?VONESTEPMOVE?BIPOLARMOTOR                    0020H.7  0000H.1    -----    -----
  +--> ?PR?_WRITE_PI4IOE5V96248?IOEXPANDER_P...
  +--> ?PR?_DELAY_MS?KEYPAD

?PR?_WRITE_PI4IOE5V96248?IOEXPANDER_P...         -----    -----      047FH    0003H
  +--> ?PR?I2C_START?IOEXPANDER_PI4IOE5V96248
  +--> ?PR?_WAIT_MS_I2C?IOEXPANDER_PI4IOE5V9...
  +--> ?PR?_I2C_SENDBYTE?IOEXPANDER_PI4IOE5V...
  +--> ?PR?I2C_ACK?IOEXPANDER_PI4IOE5V96248
  +--> ?PR?I2C_STOP?IOEXPANDER_PI4IOE5V96248

BL51 BANKED LINKER/LOCATER V6.22                                                      02/22/2019  10:45:33  PAGE 6


?PR?I2C_START?IOEXPANDER_PI4IOE5V96248           -----    -----      -----    -----
  +--> ?PR?_WAIT_MS_I2C?IOEXPANDER_PI4IOE5V9...

?PR?_I2C_SENDBYTE?IOEXPANDER_PI4IOE5V...         -----    -----      -----    -----
  +--> ?PR?_WAIT_MS_I2C?IOEXPANDER_PI4IOE5V9...

?PR?I2C_ACK?IOEXPANDER_PI4IOE5V96248             -----    -----      0482H    0001H
  +--> ?PR?_WAIT_MS_I2C?IOEXPANDER_PI4IOE5V9...

?PR?I2C_STOP?IOEXPANDER_PI4IOE5V96248            -----    -----      -----    -----
  +--> ?PR?_WAIT_MS_I2C?IOEXPANDER_PI4IOE5V9...

?PR?LCD_RETURN_HOME?LCD_DRIVER_SPLC780D          -----    -----      -----    -----
  +--> ?PR?_COMMAND?LCD_DRIVER_SPLC780D

?PR?_READ_TIME?PCF85063BTL                       -----    -----      03BFH    000FH
  +--> ?PR?_SPI_READTIME?PCF85063BTL

?PR?_SPI_READTIME?PCF85063BTL                    -----    -----      -----    -----
  +--> ?PR?_SPI_SENDBYTE?PCF85063BTL
  +--> ?PR?SPI_RECEIVEBYTE?PCF85063BTL

?PR?SPI_RECEIVEBYTE?PCF85063BTL                  -----    -----      -----    -----
  +--> ?PR?_PCF85063BTL_DELAY?PCF85063BTL

?PR?_CALIBRATION?CALIBRATION                     -----    -----      03BFH    0019H
  +--> ?PR?VOLTAGE_IS_STABLE?CALIBRATION
  +--> ?PR?_UPDATE_POSITION?BIPOLARMOTOR
  +--> ?PR?_FIND_REAL_MAX?CALIBRATION

?PR?VOLTAGE_IS_STABLE?CALIBRATION                -----    -----      03D8H    0018H
  +--> ?PR?_ADC_GETRESULT?ADC
  +--> ?PR?_ABS?ABS

?PR?_UPDATE_POSITION?BIPOLARMOTOR                -----    -----      03D8H    009FH
  +--> ?PR?_BCDTODEC1?BIPOLARMOTOR
  +--> ?PR?SUNPOS?SUNPOS
  +--> ?PR?SIN?SIN
  +--> ?PR?ASIN?ASIN
  +--> ?PR?LINEAR_INTERPOLATE?BIPOLARMOTOR
  +--> ?PR?_ABS?ABS
  +--> ?PR?_MOVE?BIPOLARMOTOR

?PR?SUNPOS?SUNPOS                                -----    -----      0477H    005DH
  +--> ?PR?SIN?SIN
  +--> ?PR?_ATAN2?ATAN2
  +--> ?PR?ASIN?ASIN
  +--> ?PR?ACOS?ACOS

?PR?SIN?SIN                                      0020H.5  0000H.1    04D4H    0004H

?PR?_ATAN2?ATAN2                                 -----    -----      04D4H    0008H
  +--> ?PR?ATAN?ATAN

?PR?ATAN?ATAN                                    0020H.5  0000H.2    04DCH    0004H

?PR?ASIN?ASIN                                    -----    -----      -----    -----
BL51 BANKED LINKER/LOCATER V6.22                                                      02/22/2019  10:45:33  PAGE 7


  +--> ?PR?SQRT?SQRT
  +--> ?PR?ATAN?ATAN

?PR?SQRT?SQRT                                    -----    -----      04D4H    0004H

?PR?ACOS?ACOS                                    -----    -----      -----    -----
  +--> ?PR?SQRT?SQRT
  +--> ?PR?ATAN?ATAN

?PR?LINEAR_INTERPOLATE?BIPOLARMOTOR              -----    -----      0477H    0014H

?PR?_MOVE?BIPOLARMOTOR                           0020H.5  0000H.1    0477H    0004H
  +--> ?PR?_STEP_MOVE?BIPOLARMOTOR

?PR?_FIND_REAL_MAX?CALIBRATION                   -----    -----      03D8H    008AH
  +--> ?PR?_ADC_GETRESULT?ADC
  +--> ?PR?_MOVE?BIPOLARMOTOR
  +--> ?PR?_COMMAND?LCD_DRIVER_SPLC780D
  +--> ?PR?_WRITEDATA?LCD_DRIVER_SPLC780D
  +--> ?PR?_DISPLAY_POS?MAIN
  +--> ?PR?_WAIT_MS?LCD_DRIVER_SPLC780D
  +--> ?PR?_MAX_VALUE?CALIBRATION

?PR?_MAX_VALUE?CALIBRATION                       -----    -----      0462H    0004H

?PR?SPI_NOR_WRITE_DATA?AT25SF041                 -----    -----      03BFH    000EH
  +--> ?PR?AT25SF041_WRITEENABLE?AT25SF041
  +--> ?PR?AT25SF041_CHIPERASE?AT25SF041
  +--> ?PR?_WAIT_MS_SPINOR?AT25SF041
  +--> ?PR?_AT25SF041_WRITE?AT25SF041

?PR?AT25SF041_WRITEENABLE?AT25SF041              -----    -----      03CDH    0002H
  +--> ?PR?_WAIT_MS_SPINOR?AT25SF041

?PR?AT25SF041_CHIPERASE?AT25SF041                -----    -----      03CDH    0002H
  +--> ?PR?_WAIT_MS_SPINOR?AT25SF041
  +--> ?PR?READ_STATUS_REGISTER_BYTE1?AT25SF041

?PR?READ_STATUS_REGISTER_BYTE1?AT25SF041         -----    -----      03CFH    0003H
  +--> ?PR?_WAIT_MS_SPINOR?AT25SF041

?PR?_AT25SF041_WRITE?AT25SF041                   -----    -----      03CDH    0008H
  +--> ?PR?_WAIT_MS_SPINOR?AT25SF041



UNRESOLVED EXTERNAL SYMBOLS:
   AUTO_MODE
   _SENDUART1



SYMBOL TABLE OF MODULE:  .\Obj\GPIO_RTC_Test (MAIN)

  VALUE           TYPE          NAME
  ----------------------------------

BL51 BANKED LINKER/LOCATER V6.22                                                      02/22/2019  10:45:33  PAGE 8


  -------         MODULE        MAIN
  C:0000H         SYMBOL        _ICE_DUMMY_
  X:04E8H         PUBLIC        calib_value
  D:0080H         PUBLIC        P0
  D:00B2H         PUBLIC        P3M0
  D:0090H         PUBLIC        P1
  D:00B1H         PUBLIC        P3M1
  D:00A0H         PUBLIC        P2
  D:00B0H         PUBLIC        P3
  D:00C0H         PUBLIC        P4
  D:00C8H         PUBLIC        P5
  X:053CH         SYMBOL        PressedKey
  B:00A8H.7       PUBLIC        EA
  D:00E8H         PUBLIC        P6
  X:0540H         PUBLIC        calib_stamp
  D:00F8H         PUBLIC        P7
  X:0541H         PUBLIC        RX_Data_Uart_Cnt
  D:00A8H         PUBLIC        IE
  X:0543H         PUBLIC        calib_time
  D:00B8H         PUBLIC        IP
  X:0597H         PUBLIC        months
  D:00D8H         PUBLIC        CCON
  C:0B0EH         PUBLIC        main
  X:0598H         PUBLIC        count
  X:059AH         PUBLIC        days
  X:059BH         PUBLIC        hours
  D:0098H         PUBLIC        SCON
  D:0089H         PUBLIC        TMOD
  D:0088H         PUBLIC        TCON
  B:00A0H.3       PUBLIC        P23
  X:059CH         SYMBOL        KeyCount
  X:059EH         PUBLIC        mins
  X:059FH         PUBLIC        Rec_data_hour
  B:00C8H.5       PUBLIC        P55
  X:05A2H         PUBLIC        Rec_data_min
  D:008EH         PUBLIC        AUXR
  C:0009H         PUBLIC        tm0_isr
  B:0021H.0       PUBLIC        busy
  B:00A8H.1       PUBLIC        ET0
  D:008CH         PUBLIC        TH0
  X:05A5H         PUBLIC        hour_count
  D:008AH         PUBLIC        TL0
  X:05A6H         PUBLIC        min_count
  B:0088H.4       PUBLIC        TR0
  X:05A7H         SYMBOL        KeyNum
  X:05A8H         SYMBOL        KeyNum_Old
  X:05A9H         PUBLIC        current_position
  X:05ADH         PUBLIC        hours1
  X:05AEH         PUBLIC        hours2
  C:44A8H         PUBLIC        _Display_Prox
  X:05AFH         PUBLIC        mins1
  X:05B0H         PUBLIC        mins2
  C:384DH         PUBLIC        _Display_Pos
  X:05B1H         PUBLIC        seconds
  X:05B2H         PUBLIC        st_time
  D:00D0H         PUBLIC        PSW
  -------         PROC          TM0_ISR
BL51 BANKED LINKER/LOCATER V6.22                                                      02/22/2019  10:45:33  PAGE 9


  C:0009H         LINE#         85
  C:0009H         LINE#         87
  -------         ENDPROC       TM0_ISR
  -------         PROC          MAIN
  -------         DO            
  X:038FH         SYMBOL        sunlight_ADC
  X:04E0H         SYMBOL        KeyCount
  X:04E2H         SYMBOL        KeyNum_Old
  X:04E3H         SYMBOL        KeyNum
  X:04E4H         SYMBOL        PressedKey
  X:0391H         SYMBOL        prox_flag
  X:0392H         SYMBOL        iUse_prevday_calib_value
  X:0394H         SYMBOL        max_ADC_Val
  X:0396H         SYMBOL        max_ADC_Val_JP
  X:0398H         SYMBOL        calib_point1
  X:03A0H         SYMBOL        calib_point2
  X:03A8H         SYMBOL        dat_to_store
  X:03B3H         SYMBOL        calib_day
  X:03B5H         SYMBOL        calib_count
  X:03B7H         SYMBOL        theorical_JP_max_pos
  X:03BBH         SYMBOL        SPI_NOR_INTERNAL_FLASH_ADDR
  -------         ENDDO         
  C:0B0EH         LINE#         89
  C:0B0EH         LINE#         90
  C:0B0EH         LINE#         95
  C:0B14H         LINE#         96
  C:0B1DH         LINE#         100
  C:0B23H         LINE#         101
  C:0B2DH         LINE#         102
  C:0B37H         LINE#         106
  C:0B39H         LINE#         107
  C:0B3BH         LINE#         108
  C:0B3DH         LINE#         109
  C:0B3FH         LINE#         111
  C:0B46H         LINE#         120
  C:0B48H         LINE#         121
  C:0B4BH         LINE#         122
  C:0B4EH         LINE#         123
  C:0B51H         LINE#         124
  C:0B54H         LINE#         125
  C:0B57H         LINE#         128
  C:0B5AH         LINE#         130
  C:0B5DH         LINE#         131
  C:0B60H         LINE#         132
  C:0B63H         LINE#         133
  C:0B65H         LINE#         134
  C:0B67H         LINE#         135
  C:0B69H         LINE#         137
  C:0B6BH         LINE#         138
  C:0B72H         LINE#         139
  C:0B79H         LINE#         140
  C:0B80H         LINE#         141
  C:0B87H         LINE#         145
  C:0B8EH         LINE#         146
  C:0B93H         LINE#         147
  C:0B98H         LINE#         148
  C:0B9DH         LINE#         149
BL51 BANKED LINKER/LOCATER V6.22                                                      02/22/2019  10:45:33  PAGE 10


  C:0BA2H         LINE#         150
  C:0BA7H         LINE#         153
  C:0BC0H         LINE#         154
  C:0BC0H         LINE#         155
  C:0BDCH         LINE#         156
  C:0C23H         LINE#         157
  C:0C34H         LINE#         158
  C:0C34H         LINE#         159
  C:0C34H         LINE#         160
  C:0C37H         LINE#         163
  C:0C37H         LINE#         166
  C:0C3CH         LINE#         167
  C:0C41H         LINE#         169
  C:0C46H         LINE#         170
  C:0C4BH         LINE#         171
  C:0C50H         LINE#         172
  C:0C55H         LINE#         174
  C:0C66H         LINE#         175
  C:0C6BH         LINE#         176
  C:0C70H         LINE#         178
  C:0C77H         LINE#         179
  C:0C7FH         LINE#         180
  C:0C84H         LINE#         181
  C:0C8CH         LINE#         182
  C:0C91H         LINE#         183
  C:0C9BH         LINE#         184
  C:0CA0H         LINE#         185
  C:0CA8H         LINE#         187
  C:0CB0H         LINE#         188
  C:0CB5H         LINE#         189
  C:0CBFH         LINE#         190
  C:0CBFH         LINE#         191
  C:0CC1H         LINE#         192
  C:0CC3H         LINE#         193
  C:0CCDH         LINE#         194
  C:0CCDH         LINE#         195
  C:0CD2H         LINE#         196
  C:0CD2H         LINE#         208
  C:0CDFH         LINE#         209
  C:0CDFH         LINE#         210
  C:0CE9H         LINE#         211
  C:0D00H         LINE#         212
  C:0D00H         LINE#         213
  C:0D02H         LINE#         214
  C:0D04H         LINE#         216
  C:0D04H         LINE#         217
  C:0D0FH         LINE#         218
  C:0D0FH         LINE#         219
  C:0D14H         LINE#         220
  C:0D14H         LINE#         221
  C:0D21H         LINE#         222
  C:0D21H         LINE#         225
  C:0D2BH         LINE#         226
  C:0D42H         LINE#         227
  C:0D42H         LINE#         228
  C:0D44H         LINE#         229
  C:0D46H         LINE#         231
BL51 BANKED LINKER/LOCATER V6.22                                                      02/22/2019  10:45:33  PAGE 11


  C:0D46H         LINE#         232
  C:0D51H         LINE#         233
  C:0D51H         LINE#         234
  C:0D56H         LINE#         235
  C:0D58H         LINE#         236
  C:0D58H         LINE#         245
  C:0D7AH         LINE#         246
  C:0D7AH         LINE#         247
  C:0D84H         LINE#         248
  C:0D8AH         LINE#         249
  C:0D8CH         LINE#         250
  C:0D8EH         LINE#         251
  C:0D90H         LINE#         252
  C:0D90H         LINE#         253
  C:0D93H         LINE#         255
  C:0D93H         LINE#         256
  C:0D99H         LINE#         257
  C:0DA1H         LINE#         258
  C:0DA7H         LINE#         259
  C:0DAFH         LINE#         260
  C:0DEAH         LINE#         264
  C:0DF7H         LINE#         265
  C:0DF7H         LINE#         266
  C:0E04H         LINE#         267
  C:0E37H         LINE#         268
  C:0E44H         LINE#         269
  C:0E44H         LINE#         271
  C:0E73H         LINE#         272
  C:0E73H         LINE#         273
  C:0E95H         LINE#         274
  C:0E95H         LINE#         275
  C:0F11H         LINE#         276
  C:0F8FH         LINE#         280
  C:0F97H         LINE#         281
  C:0F9FH         LINE#         282
  C:0FA7H         LINE#         284
  C:0FAFH         LINE#         285
  C:0FB8H         LINE#         286
  C:0FCEH         LINE#         288
  C:0FFEH         LINE#         289
  C:1007H         LINE#         290
  C:1010H         LINE#         292
  C:1026H         LINE#         293
  C:1056H         LINE#         356
  C:105DH         LINE#         357
  C:105DH         LINE#         358
  C:1060H         LINE#         359
  C:1071H         LINE#         360
  C:1071H         LINE#         361
  C:1071H         LINE#         363
  C:1071H         LINE#         366
  C:1074H         LINE#         368
  C:1074H         LINE#         369
  C:1096H         LINE#         370
  C:1096H         LINE#         371
  C:1112H         LINE#         372
  C:1167H         LINE#         373
BL51 BANKED LINKER/LOCATER V6.22                                                      02/22/2019  10:45:33  PAGE 12


  C:1167H         LINE#         374
  C:1167H         LINE#         375
  C:116AH         LINE#         379
  C:116AH         LINE#         382
  C:119EH         LINE#         383
  C:119EH         LINE#         384
  C:11C0H         LINE#         385
  C:11C0H         LINE#         386
  C:123CH         LINE#         387
  C:12BAH         LINE#         391
  C:12C2H         LINE#         392
  C:12CAH         LINE#         393
  C:12D2H         LINE#         395
  C:12DAH         LINE#         396
  C:12E3H         LINE#         397
  C:12F9H         LINE#         399
  C:1329H         LINE#         400
  C:1332H         LINE#         401
  C:133BH         LINE#         403
  C:1351H         LINE#         404
  C:1381H         LINE#         405
  C:13A5H         LINE#         407
  C:13A8H         LINE#         408
  C:13B9H         LINE#         409
  C:13B9H         LINE#         410
  C:13C1H         LINE#         412
  C:13C1H         LINE#         415
  C:13C4H         LINE#         417
  C:13C4H         LINE#         419
  C:13E6H         LINE#         420
  C:13E6H         LINE#         421
  C:1462H         LINE#         423
  C:148FH         LINE#         424
  C:14AAH         LINE#         425
  C:14D7H         LINE#         426
  C:14F2H         LINE#         428
  C:158EH         LINE#         431
  C:158EH         LINE#         432
  C:158EH         LINE#         433
  C:158EH         LINE#         435
  C:158EH         LINE#         438
  C:15AAH         LINE#         439
  C:15AFH         LINE#         441
  C:15B1H         LINE#         442
  -------         ENDPROC       MAIN
  -------         PROC          _DISPLAY_PROX
  D:0002H         SYMBOL        dat
  -------         DO            
  X:062EH         SYMBOL        unit
  X:062FH         SYMBOL        ten
  X:0630H         SYMBOL        hundred
  X:0631H         SYMBOL        thousand
  -------         ENDDO         
  C:44A8H         LINE#         526
  C:44ACH         LINE#         527
  C:44ACH         LINE#         529
  C:44B8H         LINE#         530
BL51 BANKED LINKER/LOCATER V6.22                                                      02/22/2019  10:45:33  PAGE 13


  C:44C8H         LINE#         531
  C:44E4H         LINE#         532
  C:4514H         LINE#         533
  C:451EH         LINE#         534
  C:4528H         LINE#         535
  C:4532H         LINE#         536
  C:453CH         LINE#         538
  -------         ENDPROC       _DISPLAY_PROX
  -------         PROC          _DISPLAY_POS
  X:0462H         SYMBOL        sign_dat
  -------         DO            
  X:0466H         SYMBOL        unit
  X:0467H         SYMBOL        ten
  X:0468H         SYMBOL        hundred
  D:0003H         SYMBOL        thousand
  X:0469H         SYMBOL        after_dot
  X:046AH         SYMBOL        dat
  -------         ENDDO         
  C:384DH         LINE#         541
  C:3853H         LINE#         542
  C:3853H         LINE#         546
  C:386FH         LINE#         547
  C:3889H         LINE#         548
  C:38ADH         LINE#         550
  C:38F7H         LINE#         552
  C:390EH         LINE#         553
  C:391BH         LINE#         554
  C:393DH         LINE#         555
  C:3972H         LINE#         556
  C:398AH         LINE#         557
  C:398AH         LINE#         559
  C:398AH         LINE#         560
  C:398AH         LINE#         561
  C:398AH         LINE#         562
  C:398AH         LINE#         563
  C:398AH         LINE#         567
  C:398CH         LINE#         569
  C:398CH         LINE#         571
  C:3991H         LINE#         572
  C:399BH         LINE#         573
  C:39A5H         LINE#         574
  C:39AFH         LINE#         575
  C:39B4H         LINE#         576
  C:39BEH         LINE#         580
  C:39BEH         LINE#         582
  -------         ENDPROC       _DISPLAY_POS
  -------         ENDMOD        MAIN

  -------         MODULE        PCF85063BTL
  C:0000H         SYMBOL        _ICE_DUMMY_
  D:0096H         PUBLIC        P2M0
  D:0080H         PUBLIC        P0
  D:0095H         PUBLIC        P2M1
  D:0090H         PUBLIC        P1
  D:00A0H         PUBLIC        P2
  D:00B0H         PUBLIC        P3
  D:00C0H         PUBLIC        P4
BL51 BANKED LINKER/LOCATER V6.22                                                      02/22/2019  10:45:33  PAGE 14


  D:00C8H         PUBLIC        P5
  D:00E8H         PUBLIC        P6
  B:00A0H.1       PUBLIC        PCF85063BTL_SDI
  D:00F8H         PUBLIC        P7
  B:00A0H.2       PUBLIC        PCF85063BTL_SCK
  B:00A0H.1       PUBLIC        PCF85063BTL_SDO
  D:00A8H         PUBLIC        IE
  C:46C2H         PUBLIC        _Read_time
  C:4C19H         PUBLIC        _PCF85063BTL_Delay
  D:00B8H         PUBLIC        IP
  D:00D8H         PUBLIC        CCON
  C:45C9H         PUBLIC        _Day_Of_Year
  C:4B0FH         PUBLIC        SPI_ReceiveByte
  D:0098H         PUBLIC        SCON
  D:0088H         PUBLIC        TCON
  C:4C4CH         PUBLIC        _BCDtoDec
  B:00A0H.0       PUBLIC        PCF85063BTL_CS
  C:4C3BH         PUBLIC        _SPI_ReadTime
  C:4C9BH         PUBLIC        SPI_Init
  C:4BA4H         PUBLIC        _SPI_WriteTime
  C:4AEFH         PUBLIC        _SPI_SendByte
  D:00D0H         PUBLIC        PSW
  C:4C15H         SYMBOL        L?0047
  -------         PROC          L?0046
  -------         ENDPROC       L?0046
  C:4C15H         SYMBOL        L?0047
  -------         PROC          _PCF85063BTL_DELAY
  D:0006H         SYMBOL        us
  C:4C19H         LINE#         8
  C:4C19H         LINE#         9
  C:4C19H         LINE#         10
  C:4C23H         LINE#         11
  C:4C23H         LINE#         12
  C:4C24H         LINE#         13
  C:4C26H         LINE#         14
  -------         ENDPROC       _PCF85063BTL_DELAY
  -------         PROC          _SPI_SENDBYTE
  D:0005H         SYMBOL        dat
  -------         DO            
  D:0003H         SYMBOL        i
  -------         ENDDO         
  C:4AEFH         LINE#         17
  C:4AF1H         LINE#         18
  C:4AF1H         LINE#         20
  C:4AF3H         LINE#         21
  C:4AF3H         LINE#         22
  C:4AF5H         LINE#         23
  C:4AF9H         LINE#         24
  C:4AF9H         LINE#         25
  C:4AFBH         LINE#         26
  C:4AFDH         LINE#         28
  C:4AFDH         LINE#         29
  C:4AFFH         LINE#         30
  C:4AFFH         LINE#         31
  C:4B02H         LINE#         32
  C:4B02H         LINE#         33
  C:4B05H         LINE#         34
BL51 BANKED LINKER/LOCATER V6.22                                                      02/22/2019  10:45:33  PAGE 15


  C:4B09H         LINE#         35
  C:4B0EH         LINE#         36
  -------         ENDPROC       _SPI_SENDBYTE
  -------         PROC          SPI_RECEIVEBYTE
  -------         DO            
  D:0003H         SYMBOL        i
  D:0005H         SYMBOL        dat
  -------         ENDDO         
  C:4B0FH         LINE#         39
  C:4B0FH         LINE#         40
  C:4B0FH         LINE#         42
  C:4B11H         LINE#         44
  C:4B13H         LINE#         45
  C:4B14H         LINE#         46
  C:4B14H         LINE#         47
  C:4B18H         LINE#         48
  C:4B1AH         LINE#         49
  C:4B1DH         LINE#         51
  C:4B20H         LINE#         52
  C:4B20H         LINE#         53
  C:4B24H         LINE#         54
  C:4B24H         LINE#         55
  C:4B24H         LINE#         56
  C:4B27H         LINE#         57
  C:4B2CH         LINE#         58
  C:4B2EH         LINE#         59
  -------         ENDPROC       SPI_RECEIVEBYTE
  -------         PROC          _SPI_READTIME
  D:0007H         SYMBOL        addr
  -------         DO            
  D:0006H         SYMBOL        dat
  -------         ENDDO         
  C:4C3BH         LINE#         61
  C:4C3BH         LINE#         62
  C:4C3BH         LINE#         64
  C:4C3DH         LINE#         65
  C:4C3FH         LINE#         66
  C:4C46H         LINE#         67
  C:4C49H         LINE#         68
  C:4C4BH         LINE#         69
  C:4C4BH         LINE#         70
  -------         ENDPROC       _SPI_READTIME
  -------         PROC          _SPI_WRITETIME
  D:0002H         SYMBOL        val
  D:0005H         SYMBOL        addr
  C:4BA4H         LINE#         71
  C:4BA6H         LINE#         72
  C:4BA6H         LINE#         74
  C:4BA8H         LINE#         75
  C:4BAFH         LINE#         76
  C:4BB4H         LINE#         77
  C:4BB9H         LINE#         78
  C:4BBBH         LINE#         79
  -------         ENDPROC       _SPI_WRITETIME
  -------         PROC          SPI_INIT
  C:4C9BH         LINE#         83
  C:4C9BH         LINE#         84
BL51 BANKED LINKER/LOCATER V6.22                                                      02/22/2019  10:45:33  PAGE 16


  C:4C9BH         LINE#         89
  C:4C9EH         LINE#         90
  C:4CA1H         LINE#         91
  C:4CA3H         LINE#         92
  C:4CA5H         LINE#         93
  C:4CA7H         LINE#         94
  -------         ENDPROC       SPI_INIT
  -------         PROC          _READ_TIME
  X:03BFH         SYMBOL        months
  X:03C2H         SYMBOL        days
  X:03C5H         SYMBOL        hours
  X:03C8H         SYMBOL        mins
  X:03CBH         SYMBOL        seconds
  C:46C2H         LINE#         96
  C:46CDH         LINE#         97
  C:46CDH         LINE#         99
  C:46E1H         LINE#         101
  C:46F5H         LINE#         103
  C:4709H         LINE#         108
  C:471DH         LINE#         113
  -------         ENDPROC       _READ_TIME
  -------         PROC          _BCDTODEC
  D:0007H         SYMBOL        bcd
  -------         DO            
  D:0006H         SYMBOL        hi
  D:0007H         SYMBOL        lo
  -------         ENDDO         
  C:4C4CH         LINE#         119
  C:4C4CH         LINE#         120
  C:4C4CH         LINE#         122
  C:4C51H         LINE#         123
  C:4C55H         LINE#         124
  C:4C5CH         LINE#         125
  -------         ENDPROC       _BCDTODEC
  -------         PROC          _DAY_OF_YEAR
  D:0007H         SYMBOL        months_bcd
  D:0005H         SYMBOL        days_bcd
  -------         DO            
  D:0004H         SYMBOL        months
  D:0007H         SYMBOL        days
  -------         ENDDO         
  C:45C9H         LINE#         126
  C:45C9H         LINE#         127
  C:45C9H         LINE#         130
  C:45CEH         LINE#         132
  C:45D3H         LINE#         134
  C:460CH         LINE#         135
  C:460CH         LINE#         136
  C:460CH         LINE#         137
  C:460FH         LINE#         138
  C:460FH         LINE#         139
  C:460FH         LINE#         140
  C:4614H         LINE#         141
  C:4614H         LINE#         142
  C:4614H         LINE#         143
  C:4619H         LINE#         144
  C:4619H         LINE#         145
BL51 BANKED LINKER/LOCATER V6.22                                                      02/22/2019  10:45:33  PAGE 17


  C:4619H         LINE#         146
  C:461EH         LINE#         147
  C:461EH         LINE#         148
  C:461EH         LINE#         149
  C:4623H         LINE#         150
  C:4623H         LINE#         151
  C:4623H         LINE#         152
  C:4628H         LINE#         153
  C:4628H         LINE#         154
  C:4628H         LINE#         155
  C:462DH         LINE#         156
  C:462DH         LINE#         157
  C:462DH         LINE#         158
  C:4632H         LINE#         159
  C:4632H         LINE#         160
  C:4632H         LINE#         161
  C:463AH         LINE#         162
  C:463AH         LINE#         163
  C:463AH         LINE#         164
  C:463FH         LINE#         165
  C:463FH         LINE#         166
  C:463FH         LINE#         167
  C:4644H         LINE#         168
  C:4644H         LINE#         169
  C:4644H         LINE#         170
  C:464CH         LINE#         171
  C:464CH         LINE#         172
  C:464CH         LINE#         173
  -------         ENDPROC       _DAY_OF_YEAR
  -------         ENDMOD        PCF85063BTL

  -------         MODULE        UART1
  C:0000H         SYMBOL        _ICE_DUMMY_
  D:0080H         PUBLIC        P0
  D:0090H         PUBLIC        P1
  D:00A0H         PUBLIC        P2
  D:00B0H         PUBLIC        P3
  D:00C0H         PUBLIC        P4
  D:00C8H         PUBLIC        P5
  B:00A8H.7       PUBLIC        EA
  D:00E8H         PUBLIC        P6
  D:00F8H         PUBLIC        P7
  C:49C7H         PUBLIC        _SendString
  D:00A8H         PUBLIC        IE
  B:00A8H.4       PUBLIC        ES
  D:00B8H         PUBLIC        IP
  C:4BBCH         PUBLIC        _ASCIItoBCD
  D:00D8H         PUBLIC        CCON
  C:4C5DH         PUBLIC        initUART1
  D:0098H         PUBLIC        SCON
  D:0088H         PUBLIC        TCON
  C:000AH         PUBLIC        _DectoBCD
  C:4CDFH         PUBLIC        _ASCII_Letter
  D:008EH         PUBLIC        AUXR
  C:4CDAH         PUBLIC        _unit
  C:0003H         PUBLIC        _ten
  D:00D6H         PUBLIC        T2H
BL51 BANKED LINKER/LOCATER V6.22                                                      02/22/2019  10:45:33  PAGE 18


  D:00D7H         PUBLIC        T2L
  D:00D0H         PUBLIC        PSW
  -------         PROC          INITUART1
  C:4C5DH         LINE#         21
  C:4C5DH         LINE#         22
  C:4C5DH         LINE#         23
  C:4C60H         LINE#         24
  C:4C63H         LINE#         25
  C:4C66H         LINE#         26
  C:4C69H         LINE#         27
  C:4C6BH         LINE#         28
  C:4C6DH         LINE#         30
  -------         ENDPROC       INITUART1
  -------         PROC          _SENDSTRING
  X:0632H         SYMBOL        s
  C:49C7H         LINE#         35
  C:49D2H         LINE#         36
  C:49D2H         LINE#         37
  C:49E2H         LINE#         38
  C:49E2H         LINE#         39
  C:49F7H         LINE#         40
  C:49F9H         LINE#         41
  -------         ENDPROC       _SENDSTRING
  -------         PROC          _TEN
  D:0007H         SYMBOL        BCD
  C:0003H         LINE#         43
  C:0003H         LINE#         44
  C:0003H         LINE#         45
  C:0008H         LINE#         46
  -------         ENDPROC       _TEN
  -------         PROC          _UNIT
  D:0007H         SYMBOL        BCD
  C:4CDAH         LINE#         47
  C:4CDAH         LINE#         48
  C:4CDAH         LINE#         52
  C:4CDEH         LINE#         53
  -------         ENDPROC       _UNIT
  -------         PROC          _DECTOBCD
  D:0007H         SYMBOL        dec
  C:000AH         LINE#         54
  C:000AH         LINE#         55
  C:000AH         LINE#         57
  C:000AH         LINE#         58
  -------         ENDPROC       _DECTOBCD
  -------         PROC          _ASCII_LETTER
  D:0007H         SYMBOL        dat
  C:4CDFH         LINE#         60
  C:4CDFH         LINE#         61
  C:4CDFH         LINE#         63
  C:4CE3H         LINE#         64
  -------         ENDPROC       _ASCII_LETTER
  -------         PROC          _ASCIITOBCD
  D:0001H         SYMBOL        ascii
  -------         DO            
  D:0007H         SYMBOL        dec_val
  D:0006H         SYMBOL        ten
  D:0007H         SYMBOL        unit
BL51 BANKED LINKER/LOCATER V6.22                                                      02/22/2019  10:45:33  PAGE 19


  -------         ENDDO         
  C:4BBCH         LINE#         66
  C:4BBCH         LINE#         67
  C:4BBCH         LINE#         69
  C:4BBFH         LINE#         70
  C:4BC5H         LINE#         71
  C:4BCCH         LINE#         72
  C:4BD2H         LINE#         74
  -------         ENDPROC       _ASCIITOBCD
  -------         ENDMOD        UART1

  -------         MODULE        LCD_DRIVER_SPLC780D
  C:0000H         SYMBOL        _ICE_DUMMY_
  D:0092H         PUBLIC        P1M0
  D:0091H         PUBLIC        P1M1
  D:0080H         PUBLIC        P0
  D:0090H         PUBLIC        P1
  D:00A0H         PUBLIC        P2
  D:00B0H         PUBLIC        P3
  D:00C0H         PUBLIC        P4
  D:00C8H         PUBLIC        P5
  D:00E8H         PUBLIC        P6
  D:00F8H         PUBLIC        P7
  C:464DH         PUBLIC        _WriteData
  D:00A8H         PUBLIC        IE
  D:00B8H         PUBLIC        IP
  D:00D8H         PUBLIC        CCON
  B:00B0H.4       PUBLIC        LCD_D4
  B:00B0H.5       PUBLIC        LCD_D5
  B:00B0H.6       PUBLIC        LCD_D6
  C:4B6CH         PUBLIC        _DisplayLCD
  B:00B0H.7       PUBLIC        LCD_D7
  D:0098H         PUBLIC        SCON
  D:0088H         PUBLIC        TCON
  C:4CCAH         PUBLIC        LCD_clear
  C:490CH         PUBLIC        _Command
  C:4BE9H         PUBLIC        _Display_Line
  C:478BH         PUBLIC        LCD_Init
  C:4AD1H         PUBLIC        _Wait_ms
  B:00C0H.0       PUBLIC        LCD_RS
  B:00B0H.2       PUBLIC        LCD_RW
  C:4CC0H         PUBLIC        LCD_return_home
  B:00B0H.3       PUBLIC        LCD_E
  D:00D0H         PUBLIC        PSW
  -------         PROC          LCD_INIT
  C:478BH         LINE#         9
  C:478BH         LINE#         10
  C:478BH         LINE#         11
  C:478EH         LINE#         12
  C:4791H         LINE#         14
  C:4797H         LINE#         15
  C:479CH         LINE#         17
  C:47A3H         LINE#         18
  C:47A8H         LINE#         20
  C:47ABH         LINE#         21
  C:47B0H         LINE#         23
  C:47B3H         LINE#         24
BL51 BANKED LINKER/LOCATER V6.22                                                      02/22/2019  10:45:33  PAGE 20


  C:47B8H         LINE#         26
  C:47BFH         LINE#         29
  C:47C4H         LINE#         30
  C:47C9H         LINE#         32
  C:47CEH         LINE#         33
  C:47D3H         LINE#         35
  C:47D8H         LINE#         36
  C:47DDH         LINE#         37
  -------         ENDPROC       LCD_INIT
  -------         PROC          _WRITEDATA
  X:046CH         SYMBOL        dat
  C:464DH         LINE#         40
  C:4652H         LINE#         41
  C:4652H         LINE#         46
  C:4654H         LINE#         47
  C:4656H         LINE#         49
  C:4664H         LINE#         50
  C:4670H         LINE#         51
  C:467CH         LINE#         52
  C:4686H         LINE#         53
  C:4688H         LINE#         54
  C:468FH         LINE#         55
  C:4691H         LINE#         57
  C:46A1H         LINE#         58
  C:46ACH         LINE#         59
  C:46B6H         LINE#         60
  C:46BAH         LINE#         62
  C:46BAH         LINE#         63
  C:46BDH         LINE#         64
  C:46BFH         LINE#         65
  C:46C1H         LINE#         67
  -------         ENDPROC       _WRITEDATA
  -------         PROC          _COMMAND
  D:0007H         SYMBOL        dat
  C:490CH         LINE#         69
  C:490CH         LINE#         70
  C:490CH         LINE#         71
  C:490EH         LINE#         72
  C:4910H         LINE#         74
  C:491AH         LINE#         75
  C:491EH         LINE#         77
  C:4920H         LINE#         78
  C:4929H         LINE#         79
  C:492DH         LINE#         81
  C:492FH         LINE#         82
  C:4936H         LINE#         83
  C:493AH         LINE#         85
  C:493CH         LINE#         86
  C:4940H         LINE#         87
  C:4944H         LINE#         89
  C:4946H         LINE#         90
  C:4946H         LINE#         91
  C:4949H         LINE#         92
  C:494BH         LINE#         93
  -------         ENDPROC       _COMMAND
  C:4ACDH         SYMBOL        L?0028
  -------         PROC          L?0027
BL51 BANKED LINKER/LOCATER V6.22                                                      02/22/2019  10:45:33  PAGE 21


  -------         ENDPROC       L?0027
  C:4ACDH         SYMBOL        L?0028
  -------         PROC          _WAIT_MS
  D:0006H         SYMBOL        ms
  -------         DO            
  D:0004H         SYMBOL        De_Cnt
  -------         ENDDO         
  C:4AD1H         LINE#         95
  C:4AD1H         LINE#         96
  C:4AD1H         LINE#         98
  C:4ADBH         LINE#         99
  C:4ADBH         LINE#         100
  C:4AEEH         LINE#         101
  C:4AEEH         LINE#         102
  -------         ENDPROC       _WAIT_MS
  -------         PROC          _DISPLAYLCD
  D:0007H         SYMBOL        BCD
  -------         DO            
  D:0006H         SYMBOL        first_digit
  X:03BFH         SYMBOL        second_digit
  -------         ENDDO         
  C:4B6CH         LINE#         103
  C:4B6CH         LINE#         104
  C:4B6CH         LINE#         106
  C:4B73H         LINE#         107
  C:4B7CH         LINE#         109
  C:4B81H         LINE#         111
  -------         ENDPROC       _DISPLAYLCD
  -------         PROC          LCD_RETURN_HOME
  C:4CC0H         LINE#         115
  C:4CC0H         LINE#         116
  C:4CC0H         LINE#         117
  C:4CC5H         LINE#         118
  -------         ENDPROC       LCD_RETURN_HOME
  -------         PROC          LCD_CLEAR
  C:4CCAH         LINE#         121
  C:4CCAH         LINE#         122
  C:4CCAH         LINE#         123
  C:4CCFH         LINE#         124
  -------         ENDPROC       LCD_CLEAR
  -------         PROC          _DISPLAY_LINE
  D:0006H         SYMBOL        line
  C:4BE9H         LINE#         128
  C:4BE9H         LINE#         129
  C:4BE9H         LINE#         130
  C:4BEFH         LINE#         131
  C:4BEFH         LINE#         132
  C:4BF1H         LINE#         133
  C:4BF1H         LINE#         134
  C:4BF3H         LINE#         136
  C:4BF3H         LINE#         137
  C:4BF8H         LINE#         138
  C:4BFDH         LINE#         139
  C:4BFDH         LINE#         140
  -------         ENDPROC       _DISPLAY_LINE
  -------         ENDMOD        LCD_DRIVER_SPLC780D

BL51 BANKED LINKER/LOCATER V6.22                                                      02/22/2019  10:45:33  PAGE 22


  -------         MODULE        KEYPAD
  C:0000H         SYMBOL        _ICE_DUMMY_
  D:0093H         PUBLIC        P0M1
  D:0080H         PUBLIC        P0
  D:0090H         PUBLIC        P1
  D:00A0H         PUBLIC        P2
  D:00B0H         PUBLIC        P3
  D:00C0H         PUBLIC        P4
  D:00C8H         PUBLIC        P5
  B:0020H.0       PUBLIC        calib_mode
  D:00E8H         PUBLIC        P6
  D:00F8H         PUBLIC        P7
  D:00A8H         PUBLIC        IE
  C:3538H         PUBLIC        Key_Scan
  D:00B8H         PUBLIC        IP
  D:00D8H         PUBLIC        CCON
  C:4CA8H         PUBLIC        KeyPad_IO_Init
  C:4B4EH         PUBLIC        _Delay_ms
  D:0098H         PUBLIC        SCON
  D:0088H         PUBLIC        TCON
  B:0020H.1       PUBLIC        small_move
  B:0020H.2       PUBLIC        move
  B:0020H.3       PUBLIC        direction
  B:0020H.4       PUBLIC        auto_move
  C:30C7H         PUBLIC        Key_Process
  D:00D0H         PUBLIC        PSW
  D:0094H         PUBLIC        P0M0
  -------         PROC          _DELAY_MS
  D:0006H         SYMBOL        ms
  -------         DO            
  D:0004H         SYMBOL        De_Cnt
  -------         ENDDO         
  C:4B4EH         LINE#         19
  C:4B4EH         LINE#         20
  C:4B4EH         LINE#         22
  C:4B58H         LINE#         23
  C:4B58H         LINE#         24
  C:4B6BH         LINE#         25
  C:4B6BH         LINE#         26
  -------         ENDPROC       _DELAY_MS
  -------         PROC          KEY_SCAN
  -------         DO            
  X:03C5H         SYMBOL        KeyTemp1
  X:03C6H         SYMBOL        KeyTemp2
  X:03C7H         SYMBOL        KeyValue
  -------         ENDDO         
  C:3538H         LINE#         27
  C:3538H         LINE#         28
  C:3538H         LINE#         33
  C:353BH         LINE#         36
  C:353EH         LINE#         38
  C:3546H         LINE#         39
  C:354DH         LINE#         40
  C:354DH         LINE#         42
  C:3552H         LINE#         43
  C:3559H         LINE#         44
  C:3559H         LINE#         47
BL51 BANKED LINKER/LOCATER V6.22                                                      02/22/2019  10:45:33  PAGE 23


  C:355CH         LINE#         48
  C:355FH         LINE#         49
  C:3564H         LINE#         50
  C:3568H         LINE#         51
  C:3568H         LINE#         52
  C:3570H         LINE#         53
  C:3570H         LINE#         54
  C:3573H         LINE#         55
  C:357BH         LINE#         56
  C:357DH         LINE#         58
  C:3591H         LINE#         59
  C:3591H         LINE#         60
  C:3591H         LINE#         61
  C:3591H         LINE#         62
  C:3597H         LINE#         64
  C:3599H         LINE#         65
  C:3599H         LINE#         66
  C:3599H         LINE#         67
  C:359FH         LINE#         69
  C:35A1H         LINE#         70
  C:35A1H         LINE#         71
  C:35A1H         LINE#         72
  C:35A7H         LINE#         74
  C:35A9H         LINE#         75
  C:35A9H         LINE#         76
  C:35A9H         LINE#         77
  C:35AFH         LINE#         79
  C:35AFH         LINE#         80
  C:35AFH         LINE#         81
  C:35AFH         LINE#         84
  C:35B2H         LINE#         85
  C:35B5H         LINE#         86
  C:35BDH         LINE#         87
  C:35C1H         LINE#         88
  C:35C1H         LINE#         89
  C:35C9H         LINE#         90
  C:35C9H         LINE#         91
  C:35CCH         LINE#         92
  C:35D4H         LINE#         93
  C:35D6H         LINE#         94
  C:35EAH         LINE#         95
  C:35EAH         LINE#         96
  C:35EAH         LINE#         97
  C:35EAH         LINE#         98
  C:35F0H         LINE#         100
  C:35F2H         LINE#         101
  C:35F2H         LINE#         102
  C:35F2H         LINE#         103
  C:35F8H         LINE#         105
  C:35FAH         LINE#         106
  C:35FAH         LINE#         107
  C:35FAH         LINE#         108
  C:3600H         LINE#         110
  C:3602H         LINE#         111
  C:3602H         LINE#         112
  C:3602H         LINE#         113
  C:3607H         LINE#         115
BL51 BANKED LINKER/LOCATER V6.22                                                      02/22/2019  10:45:33  PAGE 24


  C:3607H         LINE#         116
  C:3607H         LINE#         117
  C:3607H         LINE#         120
  C:360AH         LINE#         121
  C:360DH         LINE#         122
  C:3615H         LINE#         123
  C:3619H         LINE#         124
  C:3619H         LINE#         125
  C:3621H         LINE#         126
  C:3621H         LINE#         127
  C:3624H         LINE#         128
  C:362CH         LINE#         129
  C:362EH         LINE#         130
  C:3642H         LINE#         131
  C:3642H         LINE#         132
  C:3642H         LINE#         133
  C:3642H         LINE#         134
  C:3648H         LINE#         136
  C:364AH         LINE#         137
  C:364AH         LINE#         138
  C:364AH         LINE#         139
  C:3650H         LINE#         141
  C:3652H         LINE#         142
  C:3652H         LINE#         143
  C:3652H         LINE#         144
  C:3658H         LINE#         146
  C:365AH         LINE#         147
  C:365AH         LINE#         148
  C:365AH         LINE#         149
  C:3660H         LINE#         151
  C:3660H         LINE#         152
  C:3660H         LINE#         153
  C:3660H         LINE#         157
  C:3663H         LINE#         158
  C:3666H         LINE#         159
  C:366EH         LINE#         160
  C:3672H         LINE#         161
  C:3672H         LINE#         162
  C:367AH         LINE#         163
  C:367AH         LINE#         164
  C:367DH         LINE#         165
  C:3685H         LINE#         166
  C:3687H         LINE#         167
  C:369BH         LINE#         168
  C:369BH         LINE#         169
  C:369BH         LINE#         170
  C:369BH         LINE#         171
  C:36A1H         LINE#         173
  C:36A3H         LINE#         174
  C:36A3H         LINE#         175
  C:36A3H         LINE#         176
  C:36A9H         LINE#         178
  C:36ABH         LINE#         179
  C:36ABH         LINE#         180
  C:36ABH         LINE#         181
  C:36B1H         LINE#         183
  C:36B3H         LINE#         184
BL51 BANKED LINKER/LOCATER V6.22                                                      02/22/2019  10:45:33  PAGE 25


  C:36B3H         LINE#         185
  C:36B3H         LINE#         186
  C:36B9H         LINE#         188
  C:36B9H         LINE#         189
  C:36B9H         LINE#         190
  C:36B9H         LINE#         192
  C:36BFH         LINE#         193
  C:36BFH         LINE#         195
  C:36BFH         LINE#         196
  C:36C2H         LINE#         197
  C:36C2H         LINE#         198
  C:36C2H         LINE#         200
  C:36C2H         LINE#         201
  C:36C4H         LINE#         202
  C:36C4H         LINE#         203
  -------         ENDPROC       KEY_SCAN
  -------         PROC          KEY_PROCESS
  -------         DO            
  X:0618H         SYMBOL        KeyCount
  X:061AH         SYMBOL        KeyNum_Old
  X:061BH         SYMBOL        KeyNum
  X:061CH         SYMBOL        PressedKey
  X:03BFH         SYMBOL        d
  D:0004H         SYMBOL        hours
  D:0006H         SYMBOL        mins
  X:03C1H         SYMBOL        months
  X:03C3H         SYMBOL        days
  -------         ENDDO         
  C:30C7H         LINE#         204
  C:30C7H         LINE#         205
  C:30C7H         LINE#         209
  C:30CFH         LINE#         210
  C:30D7H         LINE#         212
  C:30DAH         LINE#         213
  C:30DAH         LINE#         214
  C:30DDH         LINE#         216
  C:30DDH         LINE#         217
  C:30EAH         LINE#         218
  C:30EAH         LINE#         219
  C:30EDH         LINE#         220
  C:30F0H         LINE#         222
  C:30F3H         LINE#         224
  C:30F3H         LINE#         225
  C:30FEH         LINE#         226
  C:30FEH         LINE#         227
  C:3101H         LINE#         229
  C:3101H         LINE#         230
  C:3108H         LINE#         231
  C:3108H         LINE#         232
  C:310BH         LINE#         234
  C:310BH         LINE#         235
  C:3113H         LINE#         236
  C:3113H         LINE#         237
  C:311DH         LINE#         238
  C:3125H         LINE#         240
  C:312EH         LINE#         242
  C:312EH         LINE#         251
BL51 BANKED LINKER/LOCATER V6.22                                                      02/22/2019  10:45:33  PAGE 26


  C:3143H         LINE#         252
  C:3143H         LINE#         253
  C:3155H         LINE#         254
  C:3163H         LINE#         255
  C:3172H         LINE#         256
  C:3172H         LINE#         258
  C:3178H         LINE#         262
  C:318EH         LINE#         263
  C:319FH         LINE#         264
  C:31BAH         LINE#         265
  C:31BAH         LINE#         266
  C:31CAH         LINE#         267
  C:31DBH         LINE#         268
  C:31DBH         LINE#         272
  C:31F4H         LINE#         273
  C:320BH         LINE#         274
  C:322BH         LINE#         275
  C:322BH         LINE#         276
  C:3235H         LINE#         277
  C:3235H         LINE#         278
  C:323EH         LINE#         279
  C:323EH         LINE#         280
  C:3252H         LINE#         281
  C:3252H         LINE#         282
  C:3252H         LINE#         283
  C:3252H         LINE#         284
  C:3252H         LINE#         285
  C:3254H         LINE#         287
  C:3254H         LINE#         288
  C:3260H         LINE#         289
  C:3260H         LINE#         290
  C:3271H         LINE#         291
  C:3271H         LINE#         292
  C:3271H         LINE#         293
  C:3271H         LINE#         294
  C:3271H         LINE#         296
  C:3273H         LINE#         298
  C:3273H         LINE#         299
  C:3284H         LINE#         300
  C:3284H         LINE#         301
  C:3284H         LINE#         302
  C:3284H         LINE#         303
  C:3284H         LINE#         305
  C:3284H         LINE#         307
  C:3284H         LINE#         308
  C:3286H         LINE#         310
  C:3286H         LINE#         311
  C:3299H         LINE#         312
  C:3299H         LINE#         313
  C:32AAH         LINE#         314
  C:32AAH         LINE#         315
  C:32AAH         LINE#         316
  C:32AAH         LINE#         317
  C:32AAH         LINE#         318
  C:32ACH         LINE#         320
  C:32ACH         LINE#         321
  C:32BDH         LINE#         322
BL51 BANKED LINKER/LOCATER V6.22                                                      02/22/2019  10:45:33  PAGE 27


  C:32BDH         LINE#         323
  C:32CEH         LINE#         324
  C:32DFH         LINE#         325
  C:32DFH         LINE#         326
  C:32DFH         LINE#         327
  C:32DFH         LINE#         328
  C:32DFH         LINE#         329
  C:32E2H         LINE#         330
  C:32E7H         LINE#         331
  C:32ECH         LINE#         332
  C:32F1H         LINE#         333
  C:32F6H         LINE#         334
  C:32FBH         LINE#         335
  C:3300H         LINE#         336
  C:3305H         LINE#         337
  C:3305H         LINE#         339
  C:3327H         LINE#         340
  C:3327H         LINE#         341
  C:3331H         LINE#         342
  C:3331H         LINE#         343
  C:3336H         LINE#         344
  C:333FH         LINE#         345
  C:3356H         LINE#         346
  C:3356H         LINE#         347
  C:3366H         LINE#         349
  C:3366H         LINE#         353
  -------         ENDPROC       KEY_PROCESS
  -------         PROC          KEYPAD_IO_INIT
  C:4CA8H         LINE#         356
  C:4CA8H         LINE#         357
  C:4CA8H         LINE#         358
  C:4CABH         LINE#         359
  C:4CAEH         LINE#         360
  C:4CB1H         LINE#         361
  C:4CB3H         LINE#         362
  -------         ENDPROC       KEYPAD_IO_INIT
  -------         ENDMOD        KEYPAD

  -------         MODULE        BIPOLARMOTOR
  C:0000H         SYMBOL        _ICE_DUMMY_
  D:0080H         PUBLIC        P0
  D:0090H         PUBLIC        P1
  X:0000H         PUBLIC        RX_pos_test
  D:00A0H         PUBLIC        P2
  D:00B0H         PUBLIC        P3
  D:00C0H         PUBLIC        P4
  D:00C8H         PUBLIC        P5
  D:00E8H         PUBLIC        P6
  D:00F8H         PUBLIC        P7
  X:00A0H         PUBLIC        low_date_azimuth_mapping
  D:00A8H         PUBLIC        IE
  C:401AH         PUBLIC        linear_interpolate
  C:4A7CH         PUBLIC        _Move
  D:00B8H         PUBLIC        IP
  C:339AH         PUBLIC        _findDet3x3
  C:2E07H         PUBLIC        _findDet4x4
  D:00D8H         PUBLIC        CCON
BL51 BANKED LINKER/LOCATER V6.22                                                      02/22/2019  10:45:33  PAGE 28


  X:00C8H         PUBLIC        previous_move_time
  D:0098H         PUBLIC        SCON
  D:0088H         PUBLIC        TCON
  C:4CE4H         PUBLIC        wait
  C:494CH         PUBLIC        _Step_move
  X:00C9H         PUBLIC        dat
  C:000EH         PUBLIC        _Update_position
  C:4834H         PUBLIC        vOneStepMove
  X:00CFH         PUBLIC        elevation_stamp
  X:010BH         PUBLIC        date_azimuth_mapping
  X:0133H         PUBLIC        RX_pos
  C:4B93H         PUBLIC        _BCDtoDec1
  X:038BH         PUBLIC        degree
  D:00D0H         PUBLIC        PSW
  -------         PROC          L?0062
  -------         ENDPROC       L?0062
  -------         PROC          _BCDTODEC1
  D:0007H         SYMBOL        bcd
  -------         DO            
  D:0006H         SYMBOL        hi
  D:0007H         SYMBOL        lo
  -------         ENDDO         
  C:4B93H         LINE#         28
  C:4B93H         LINE#         29
  C:4B93H         LINE#         31
  C:4B98H         LINE#         32
  C:4B9CH         LINE#         33
  C:4BA3H         LINE#         34
  -------         ENDPROC       _BCDTODEC1
  -------         PROC          WAIT
  C:4CE4H         LINE#         36
  C:4CE4H         LINE#         38
  -------         ENDPROC       WAIT
  -------         PROC          VONESTEPMOVE
  B:0020H.7       SYMBOL        bDir
  C:4834H         LINE#         40
  C:4834H         LINE#         41
  C:4834H         LINE#         43
  C:483AH         LINE#         44
  C:483AH         LINE#         45
  C:483DH         LINE#         46
  C:4846H         LINE#         47
  C:484DH         LINE#         48
  C:4852H         LINE#         49
  C:4852H         LINE#         50
  C:4852H         LINE#         52
  C:4854H         LINE#         55
  C:4854H         LINE#         56
  C:4857H         LINE#         57
  C:4860H         LINE#         58
  C:4867H         LINE#         59
  C:486DH         LINE#         60
  C:4876H         LINE#         61
  C:487DH         LINE#         62
  C:487DH         LINE#         66
  -------         ENDPROC       VONESTEPMOVE
  -------         PROC          _STEP_MOVE
BL51 BANKED LINKER/LOCATER V6.22                                                      02/22/2019  10:45:33  PAGE 29


  X:047BH         SYMBOL        step
  B:0020H.6       SYMBOL        dir
  -------         DO            
  X:047DH         SYMBOL        i
  -------         ENDDO         
  C:494CH         LINE#         68
  C:4954H         LINE#         69
  C:4954H         LINE#         71
  C:4959H         LINE#         74
  C:4974H         LINE#         75
  C:4974H         LINE#         76
  C:497BH         LINE#         78
  C:498BH         LINE#         80
  -------         ENDPROC       _STEP_MOVE
  -------         PROC          _MOVE
  X:0477H         SYMBOL        distance
  B:0020H.5       SYMBOL        direction
  -------         DO            
  D:0006H         SYMBOL        step
  -------         ENDDO         
  C:4A7CH         LINE#         82
  C:4A82H         LINE#         83
  C:4A82H         LINE#         86
  C:4A9DH         LINE#         87
  -------         ENDPROC       _MOVE
  C:337BH         SYMBOL        L?0058
  C:338FH         SYMBOL        L?0059
  -------         PROC          L?0057
  -------         ENDPROC       L?0057
  C:337BH         SYMBOL        L?0058
  C:338FH         SYMBOL        L?0059
  -------         PROC          _FINDDET3X3
  X:05F4H         SYMBOL        a11
  X:05F8H         SYMBOL        a12
  X:05FCH         SYMBOL        a13
  X:0600H         SYMBOL        a21
  X:0604H         SYMBOL        a22
  X:0608H         SYMBOL        a23
  X:060CH         SYMBOL        a31
  X:0610H         SYMBOL        a32
  X:0614H         SYMBOL        a33
  C:339AH         LINE#         91
  C:33A0H         LINE#         95
  C:33A0H         LINE#         96
  C:3537H         LINE#         98
  -------         ENDPROC       _FINDDET3X3
  -------         PROC          _FINDDET4X4
  X:05B4H         SYMBOL        a11
  X:05B8H         SYMBOL        a12
  X:05BCH         SYMBOL        a13
  X:05C0H         SYMBOL        a14
  X:05C4H         SYMBOL        a21
  X:05C8H         SYMBOL        a22
  X:05CCH         SYMBOL        a23
  X:05D0H         SYMBOL        a24
  X:05D4H         SYMBOL        a31
  X:05D8H         SYMBOL        a32
BL51 BANKED LINKER/LOCATER V6.22                                                      02/22/2019  10:45:33  PAGE 30


  X:05DCH         SYMBOL        a33
  X:05E0H         SYMBOL        a34
  X:05E4H         SYMBOL        a41
  X:05E8H         SYMBOL        a42
  X:05ECH         SYMBOL        a43
  X:05F0H         SYMBOL        a44
  C:2E07H         LINE#         99
  C:2E0DH         LINE#         103
  C:2E0DH         LINE#         110
  C:30C6H         LINE#         114
  -------         ENDPROC       _FINDDET4X4
  C:4009H         SYMBOL        L?0061
  -------         PROC          L?0060
  -------         ENDPROC       L?0060
  C:4009H         SYMBOL        L?0061
  -------         PROC          LINEAR_INTERPOLATE
  X:0477H         SYMBOL        p1
  X:047FH         SYMBOL        p2
  X:0487H         SYMBOL        x
  -------         DO            
  D:0004H         SYMBOL        fx
  -------         ENDDO         
  C:401AH         LINE#         120
  C:401AH         LINE#         121
  C:401AH         LINE#         124
  C:40B9H         LINE#         126
  C:40B9H         LINE#         127
  -------         ENDPROC       LINEAR_INTERPOLATE
  -------         PROC          _UPDATE_POSITION
  D:0001H         SYMBOL        mnths
  D:0002H         SYMBOL        dys
  X:03DAH         SYMBOL        hurs
  X:03DBH         SYMBOL        mns
  X:03DCH         SYMBOL        sconds
  X:03DDH         SYMBOL        currnt_pos
  X:03E0H         SYMBOL        offset_calib
  -------         DO            
  X:03E4H         SYMBOL        date
  X:03E6H         SYMBOL        i
  X:03E8H         SYMBOL        yy
  X:03EAH         SYMBOL        desired_distance
  X:03EEH         SYMBOL        distance
  X:03F2H         SYMBOL        JP_pos
  X:03F6H         SYMBOL        pos_interpolate_azimuth
  X:0432H         SYMBOL        current_local_sun_time
  X:0436H         SYMBOL        azimuth
  X:043AH         SYMBOL        elevation
  X:043EH         SYMBOL        time_offset
  X:0442H         SYMBOL        UTC_time
  X:0446H         SYMBOL        declination
  X:044AH         SYMBOL        p1
  X:0452H         SYMBOL        p2
  X:045AH         SYMBOL        time
  X:046CH         SYMBOL        location
  X:0474H         SYMBOL        sunCoord
  -------         ENDDO         
  C:000EH         LINE#         131
BL51 BANKED LINKER/LOCATER V6.22                                                      02/22/2019  10:45:33  PAGE 31


  C:0017H         LINE#         134
  C:0017H         LINE#         135
  C:0022H         LINE#         137
  C:003EH         LINE#         138
  C:0048H         LINE#         146
  C:0052H         LINE#         147
  C:005CH         LINE#         148
  C:0066H         LINE#         149
  C:0071H         LINE#         150
  C:007CH         LINE#         151
  C:0095H         LINE#         152
  C:00A6H         LINE#         153
  C:00B5H         LINE#         156
  C:00C9H         LINE#         160
  C:011BH         LINE#         161
  C:027FH         LINE#         162
  C:02CFH         LINE#         164
  C:03F7H         LINE#         166
  C:04C6H         LINE#         173
  C:050DH         LINE#         174
  C:050DH         LINE#         176
  C:0527H         LINE#         177
  C:0527H         LINE#         178
  C:0597H         LINE#         179
  C:0597H         LINE#         180
  C:059EH         LINE#         181
  C:059EH         LINE#         182
  C:05CBH         LINE#         183
  C:05E6H         LINE#         185
  C:062DH         LINE#         186
  C:0661H         LINE#         188
  C:06A7H         LINE#         189
  C:06CAH         LINE#         191
  C:06CAH         LINE#         193
  C:0740H         LINE#         194
  C:0740H         LINE#         195
  C:0747H         LINE#         196
  C:0747H         LINE#         197
  C:0774H         LINE#         198
  C:078FH         LINE#         200
  C:07D6H         LINE#         201
  C:080AH         LINE#         203
  C:0850H         LINE#         204
  C:0870H         LINE#         206
  C:0870H         LINE#         207
  C:0881H         LINE#         210
  C:089BH         LINE#         211
  C:089BH         LINE#         212
  C:090BH         LINE#         213
  C:090BH         LINE#         214
  C:0938H         LINE#         215
  C:0953H         LINE#         217
  C:0980H         LINE#         218
  C:099BH         LINE#         220
  C:09CDH         LINE#         223
  C:09CDH         LINE#         225
  C:09DEH         LINE#         227
BL51 BANKED LINKER/LOCATER V6.22                                                      02/22/2019  10:45:33  PAGE 32


  C:0A0DH         LINE#         229
  C:0A32H         LINE#         230
  C:0A97H         LINE#         231
  C:0A97H         LINE#         232
  C:0AB1H         LINE#         233
  C:0AC3H         LINE#         234
  C:0ADBH         LINE#         235
  C:0AF1H         LINE#         237
  C:0B0DH         LINE#         238
  C:0B0DH         LINE#         239
  C:0B0DH         LINE#         242
  -------         ENDPROC       _UPDATE_POSITION
  -------         ENDMOD        BIPOLARMOTOR

  -------         MODULE        SUNPOS
  C:0000H         SYMBOL        _ICE_DUMMY_
  C:1F6AH         PUBLIC        sunpos
  -------         PROC          SUNPOS
  X:0477H         SYMBOL        udtTime
  X:0489H         SYMBOL        udtLocation
  X:0491H         SYMBOL        udtSunCoordinates
  -------         DO            
  X:0494H         SYMBOL        dElapsedJulianDays
  X:0498H         SYMBOL        dDecimalHours
  X:049CH         SYMBOL        dEclipticLongitude
  X:04A0H         SYMBOL        dEclipticObliquity
  X:04A4H         SYMBOL        dRightAscension
  X:04A8H         SYMBOL        dDeclination
  X:04ACH         SYMBOL        dY
  X:04B0H         SYMBOL        dX
  -------         DO            
  X:04B4H         SYMBOL        dJulianDate
  X:04B8H         SYMBOL        liAux1
  X:04BCH         SYMBOL        liAux2
  X:04B4H         SYMBOL        dMeanLongitude
  X:04B8H         SYMBOL        dMeanAnomaly
  X:04BCH         SYMBOL        dOmega
  X:04B4H         SYMBOL        dSin_EclipticLongitude
  X:04B4H         SYMBOL        dGreenwichMeanSiderealTime
  X:04B8H         SYMBOL        dLocalMeanSiderealTime
  X:04BCH         SYMBOL        dLatitudeInRadians
  X:04C0H         SYMBOL        dHourAngle
  X:04C4H         SYMBOL        dCos_Latitude
  X:04C8H         SYMBOL        dSin_Latitude
  X:04CCH         SYMBOL        dCos_HourAngle
  X:04D0H         SYMBOL        dParallax
  -------         ENDDO         
  -------         DO            
  X:04B4H         SYMBOL        dMeanLongitude
  X:04B8H         SYMBOL        dMeanAnomaly
  X:04BCH         SYMBOL        dOmega
  X:04B4H         SYMBOL        dSin_EclipticLongitude
  X:04B4H         SYMBOL        dGreenwichMeanSiderealTime
  X:04B8H         SYMBOL        dLocalMeanSiderealTime
  X:04BCH         SYMBOL        dLatitudeInRadians
  X:04C0H         SYMBOL        dHourAngle
  X:04C4H         SYMBOL        dCos_Latitude
BL51 BANKED LINKER/LOCATER V6.22                                                      02/22/2019  10:45:33  PAGE 33


  X:04C8H         SYMBOL        dSin_Latitude
  X:04CCH         SYMBOL        dCos_HourAngle
  X:04D0H         SYMBOL        dParallax
  -------         ENDDO         
  -------         DO            
  X:04B4H         SYMBOL        dSin_EclipticLongitude
  X:04B4H         SYMBOL        dGreenwichMeanSiderealTime
  X:04B8H         SYMBOL        dLocalMeanSiderealTime
  X:04BCH         SYMBOL        dLatitudeInRadians
  X:04C0H         SYMBOL        dHourAngle
  X:04C4H         SYMBOL        dCos_Latitude
  X:04C8H         SYMBOL        dSin_Latitude
  X:04CCH         SYMBOL        dCos_HourAngle
  X:04D0H         SYMBOL        dParallax
  -------         ENDDO         
  -------         DO            
  X:04B4H         SYMBOL        dGreenwichMeanSiderealTime
  X:04B8H         SYMBOL        dLocalMeanSiderealTime
  X:04BCH         SYMBOL        dLatitudeInRadians
  X:04C0H         SYMBOL        dHourAngle
  X:04C4H         SYMBOL        dCos_Latitude
  X:04C8H         SYMBOL        dSin_Latitude
  X:04CCH         SYMBOL        dCos_HourAngle
  X:04D0H         SYMBOL        dParallax
  -------         ENDDO         
  -------         ENDDO         
  C:1F6AH         LINE#         6
  C:1F6AH         LINE#         7
  C:1F6AH         LINE#         9
  C:1F6AH         LINE#         27
  C:1FB4H         LINE#         30
  C:1FD5H         LINE#         31
  C:211CH         LINE#         34
  C:2168H         LINE#         36
  C:2187H         LINE#         37
  C:2187H         LINE#         42
  C:2187H         LINE#         46
  C:21B9H         LINE#         47
  C:21E3H         LINE#         48
  C:220DH         LINE#         49
  C:22BAH         LINE#         52
  C:231BH         LINE#         54
  C:231BH         LINE#         59
  C:231BH         LINE#         61
  C:2332H         LINE#         62
  C:235AH         LINE#         63
  C:2371H         LINE#         64
  C:239CH         LINE#         65
  C:23D3H         LINE#         66
  C:23FEH         LINE#         67
  C:23FEH         LINE#         70
  C:23FEH         LINE#         79
  C:2439H         LINE#         82
  C:2473H         LINE#         84
  C:2498H         LINE#         85
  C:24B7H         LINE#         86
  C:24CEH         LINE#         87
BL51 BANKED LINKER/LOCATER V6.22                                                      02/22/2019  10:45:33  PAGE 34


  C:24E5H         LINE#         88
  C:24FCH         LINE#         89
  C:2585H         LINE#         91
  C:259FH         LINE#         92
  C:2601H         LINE#         93
  C:2637H         LINE#         94
  C:2649H         LINE#         95
  C:2676H         LINE#         96
  C:26A3H         LINE#         98
  C:26C5H         LINE#         100
  C:26FDH         LINE#         103
  C:26FDH         LINE#         104
  C:270BH         LINE#         105
  -------         ENDPROC       SUNPOS
  -------         ENDMOD        SUNPOS

  -------         MODULE        ADC
  C:0000H         SYMBOL        _ICE_DUMMY_
  D:0092H         PUBLIC        P1M0
  D:0091H         PUBLIC        P1M1
  D:0080H         PUBLIC        P0
  D:0090H         PUBLIC        P1
  D:00A0H         PUBLIC        P2
  D:00B0H         PUBLIC        P3
  D:00C0H         PUBLIC        P4
  D:00C8H         PUBLIC        P5
  D:00E8H         PUBLIC        P6
  D:00F8H         PUBLIC        P7
  D:00A8H         PUBLIC        IE
  D:00BDH         PUBLIC        ADC_RES
  D:00B8H         PUBLIC        IP
  D:0097H         PUBLIC        CLK_DIV
  D:00D8H         PUBLIC        CCON
  D:00BCH         PUBLIC        ADC_CONTR
  D:0098H         PUBLIC        SCON
  D:0088H         PUBLIC        TCON
  B:00A0H.4       PUBLIC        P24
  B:00A0H.5       PUBLIC        P25
  B:00A0H.6       PUBLIC        P26
  C:4B2FH         PUBLIC        ADC_Init
  C:49FAH         PUBLIC        _ADC_GetResult
  D:009DH         PUBLIC        P1ASF
  D:00BEH         PUBLIC        ADC_RESL
  D:00D0H         PUBLIC        PSW
  -------         PROC          ADC_INIT
  C:4B2FH         LINE#         7
  C:4B2FH         LINE#         8
[...]
  C:3E77H         LINE#         115
  C:3E90H         LINE#         116
  C:3E90H         LINE#         117
  C:3E92H         LINE#         118
  C:3E94H         LINE#         120
  C:3E94H         LINE#         121
  C:3E96H         LINE#         123
  C:3E96H         LINE#         124
  C:3E96H         LINE#         125
  C:3E96H         LINE#         126
  C:3E99H         LINE#         127
  C:3EB2H         LINE#         129
  C:3ED1H         LINE#         131
  C:3ED8H         LINE#         132
  C:3ED8H         LINE#         133
  C:3EDAH         LINE#         134
  C:3EDDH         LINE#         135
  C:3EE4H         LINE#         136
  C:3EE4H         LINE#         137
  C:3EE6H         LINE#         138
  C:3EE8H         LINE#         140
  C:3EE8H         LINE#         141
  C:3EEAH         LINE#         143
  C:3EEAH         LINE#         144
  C:3EEAH         LINE#         145
  C:3EEAH         LINE#         146
  C:3EEDH         LINE#         147
  C:3EF4H         LINE#         149
  C:3F13H         LINE#         151
  C:3F15H         LINE#         152
  -------         ENDPROC       _AT25SF041_WRITE
  -------         PROC          _AT25SF041_READ
  D:0003H         SYMBOL        opcode
  X:0622H         SYMBOL        addr
  -------         DO            
  X:0626H         SYMBOL        dat
  X:0627H         SYMBOL        i
  -------         ENDDO         
  C:3C1DH         LINE#         156
  C:3C1FH         LINE#         157
  C:3C1FH         LINE#         158
  C:3C24H         LINE#         160
  C:3C26H         LINE#         161
BL51 BANKED LINKER/LOCATER V6.22                                                      02/22/2019  10:45:33  PAGE 45


  C:3C2CH         LINE#         165
  C:3C31H         LINE#         166
  C:3C31H         LINE#         167
  C:3C33H         LINE#         168
  C:3C36H         LINE#         169
  C:3C3AH         LINE#         170
  C:3C3AH         LINE#         171
  C:3C3CH         LINE#         172
  C:3C3EH         LINE#         174
  C:3C3EH         LINE#         175
  C:3C40H         LINE#         177
  C:3C40H         LINE#         178
  C:3C40H         LINE#         179
  C:3C40H         LINE#         180
  C:3C43H         LINE#         181
  C:3C47H         LINE#         184
  C:3C66H         LINE#         186
  C:3C6DH         LINE#         187
  C:3C6DH         LINE#         188
  C:3C6FH         LINE#         189
  C:3C72H         LINE#         190
  C:3C8BH         LINE#         191
  C:3C8BH         LINE#         192
  C:3C8DH         LINE#         193
  C:3C8FH         LINE#         195
  C:3C8FH         LINE#         196
  C:3C91H         LINE#         198
  C:3C91H         LINE#         199
  C:3C91H         LINE#         200
  C:3C91H         LINE#         201
  C:3C94H         LINE#         202
  C:3CADH         LINE#         204
  C:3CCCH         LINE#         207
  C:3CD3H         LINE#         209
  C:3CD5H         LINE#         210
  C:3CDCH         LINE#         212
  C:3CE3H         LINE#         213
  C:3CE3H         LINE#         214
  C:3CEAH         LINE#         215
  C:3CEAH         LINE#         216
  C:3CEDH         LINE#         217
  C:3CEFH         LINE#         218
  C:3CF2H         LINE#         220
  C:3CF5H         LINE#         221
  C:3CF5H         LINE#         223
  C:3CF9H         LINE#         224
  C:3CF9H         LINE#         230
  C:3D18H         LINE#         233
  C:3D1AH         LINE#         234
  C:3D1DH         LINE#         235
  C:3D22H         LINE#         237
  -------         ENDPROC       _AT25SF041_READ
  -------         PROC          READ_STATUS_REGISTER_BYTE1
  -------         DO            
  D:0003H         SYMBOL        dat
  D:0001H         SYMBOL        opcode
  X:03CFH         SYMBOL        count
BL51 BANKED LINKER/LOCATER V6.22                                                      02/22/2019  10:45:33  PAGE 46


  X:03D0H         SYMBOL        i
  -------         ENDDO         
  C:42CEH         LINE#         241
  C:42CEH         LINE#         242
  C:42CEH         LINE#         243
  C:42D4H         LINE#         244
  C:42D8H         LINE#         245
  C:42DAH         LINE#         246
  C:42DCH         LINE#         247
  C:42E2H         LINE#         251
  C:42E9H         LINE#         252
  C:42E9H         LINE#         253
  C:42EBH         LINE#         254
  C:42EEH         LINE#         255
  C:42F2H         LINE#         256
  C:42F2H         LINE#         257
  C:42F4H         LINE#         258
  C:42F6H         LINE#         260
  C:42F6H         LINE#         261
  C:42F8H         LINE#         263
  C:42F8H         LINE#         264
  C:42F8H         LINE#         265
  C:42F8H         LINE#         266
  C:42FBH         LINE#         267
  C:42FFH         LINE#         270
  C:431EH         LINE#         274
  C:4325H         LINE#         276
  C:4327H         LINE#         277
  C:432EH         LINE#         278
  C:4335H         LINE#         279
  C:4335H         LINE#         280
  C:4339H         LINE#         281
  C:4339H         LINE#         282
  C:433CH         LINE#         283
  C:433EH         LINE#         284
  C:4341H         LINE#         286
  C:4344H         LINE#         287
  C:4344H         LINE#         289
  C:4348H         LINE#         290
  C:4348H         LINE#         292
  C:4367H         LINE#         296
  C:4369H         LINE#         297
  C:436CH         LINE#         298
  C:436EH         LINE#         299
  -------         ENDPROC       READ_STATUS_REGISTER_BYTE1
  -------         PROC          SPI_NOR_WRITE_DATA
  X:03BFH         SYMBOL        dat
  X:03CAH         SYMBOL        addr
  C:3D23H         LINE#         301
  C:3D23H         LINE#         302
  C:3D23H         LINE#         303
  C:3D3CH         LINE#         304
  C:3D3CH         LINE#         305
  C:3D3FH         LINE#         307
  C:3D42H         LINE#         308
  C:3D49H         LINE#         309
  C:3D49H         LINE#         310
BL51 BANKED LINKER/LOCATER V6.22                                                      02/22/2019  10:45:33  PAGE 47


  C:3D4CH         LINE#         312
  C:3D5CH         LINE#         314
  C:3D5CH         LINE#         315
  C:3D5FH         LINE#         317
  C:3D6FH         LINE#         318
  C:3D6FH         LINE#         321
  C:3D72H         LINE#         323
  C:3D82H         LINE#         324
  C:3D82H         LINE#         326
  C:3D85H         LINE#         328
  C:3D95H         LINE#         329
  C:3D95H         LINE#         331
  C:3D98H         LINE#         333
  C:3DA8H         LINE#         334
  C:3DA8H         LINE#         336
  C:3DABH         LINE#         338
  C:3DBBH         LINE#         339
  C:3DBBH         LINE#         340
  C:3DBEH         LINE#         342
  C:3DCEH         LINE#         343
  C:3DCEH         LINE#         345
  C:3DD1H         LINE#         347
  C:3DE1H         LINE#         348
  C:3DE1H         LINE#         350
  C:3DE4H         LINE#         352
  C:3DF4H         LINE#         353
  C:3DF4H         LINE#         355
  C:3DF7H         LINE#         357
  C:3E07H         LINE#         358
  C:3E07H         LINE#         360
  C:3E0AH         LINE#         362
  C:3E1AH         LINE#         363
  -------         ENDPROC       SPI_NOR_WRITE_DATA
  -------         ENDMOD        AT25SF041

  -------         MODULE        ?C_STARTUP
  C:453DH         SEGMENT       ?C_C51STARTUP
  I:0022H         SEGMENT       ?STACK
  C:0000H         PUBLIC        ?C_STARTUP
  D:00E0H         SYMBOL        ACC
  D:00F0H         SYMBOL        B
  D:0083H         SYMBOL        DPH
  D:0082H         SYMBOL        DPL
  N:0000H         SYMBOL        IBPSTACK
  N:0100H         SYMBOL        IBPSTACKTOP
  N:0080H         SYMBOL        IDATALEN
  C:4540H         SYMBOL        IDATALOOP
  N:0000H         SYMBOL        PBPSTACK
  N:0100H         SYMBOL        PBPSTACKTOP
  N:0000H         SYMBOL        PDATALEN
  N:0000H         SYMBOL        PDATASTART
  N:0000H         SYMBOL        PPAGE
  N:0000H         SYMBOL        PPAGEENABLE
  D:00A0H         SYMBOL        PPAGE_SFR
  D:0081H         SYMBOL        SP
  C:453DH         SYMBOL        STARTUP1
  N:0000H         SYMBOL        XBPSTACK
BL51 BANKED LINKER/LOCATER V6.22                                                      02/22/2019  10:45:33  PAGE 48


  N:0000H         SYMBOL        XBPSTACKTOP
  N:0000H         SYMBOL        XDATALEN
  N:0000H         SYMBOL        XDATASTART
  C:0000H         LINE#         126
  C:453DH         LINE#         133
  C:453FH         LINE#         134
  C:4540H         LINE#         135
  C:4541H         LINE#         136
  C:4543H         LINE#         185
  C:4546H         LINE#         196
  -------         ENDMOD        ?C_STARTUP

  -------         MODULE        ?C?FPADD
  C:15BBH         PUBLIC        ?C?FPADD
  C:15B7H         PUBLIC        ?C?FPSUB
  -------         ENDMOD        ?C?FPADD

  -------         MODULE        ?C?FPMUL
  C:16ACH         PUBLIC        ?C?FPMUL
  -------         ENDMOD        ?C?FPMUL

  -------         MODULE        ?C?FPDIV
  C:17B5H         PUBLIC        ?C?FPDIV
  -------         ENDMOD        ?C?FPDIV

  -------         MODULE        ?C?FPCMP
  C:1854H         PUBLIC        ?C?FPCMP
  C:1852H         PUBLIC        ?C?FPCMP3
  -------         ENDMOD        ?C?FPCMP

  -------         MODULE        ?C?FPNEG
  C:18CBH         PUBLIC        ?C?FPNEG
  -------         ENDMOD        ?C?FPNEG

  -------         MODULE        ?C?FCAST
  C:18E6H         PUBLIC        ?C?FCASTC
  C:18E1H         PUBLIC        ?C?FCASTI
  C:18DCH         PUBLIC        ?C?FCASTL
  -------         ENDMOD        ?C?FCAST

  -------         MODULE        ?C?CASTF
  C:191AH         PUBLIC        ?C?CASTF
  -------         ENDMOD        ?C?CASTF

  -------         MODULE        ATAN2
  X:04D4H         PUBLIC        ?_atan2?BYTE
  C:436FH         PUBLIC        _atan2
  -------         ENDMOD        ATAN2

  -------         MODULE        SIN
  C:370DH         PUBLIC        _COS
  C:3723H         PUBLIC        _SIN
  C:375FH         PUBLIC        _TAN
  -------         ENDMOD        SIN

  -------         MODULE        ACOS
  C:487EH         PUBLIC        _ACOS
BL51 BANKED LINKER/LOCATER V6.22                                                      02/22/2019  10:45:33  PAGE 49


  -------         ENDMOD        ACOS

  -------         MODULE        ASIN
  C:498CH         PUBLIC        _ASIN
  -------         ENDMOD        ASIN

  -------         MODULE        SQRT
  C:4226H         PUBLIC        _SQRT
  -------         ENDMOD        SQRT

  -------         MODULE        ATAN
  C:3B1BH         PUBLIC        _ATAN
  -------         ENDMOD        ATAN

  -------         MODULE        ?C?COPY
  C:1AB8H         PUBLIC        ?C?COPY
  -------         ENDMOD        ?C?COPY

  -------         MODULE        ?C?CLDPTR
  C:1ADEH         PUBLIC        ?C?CLDPTR
  -------         ENDMOD        ?C?CLDPTR

  -------         MODULE        ?C?CLDOPTR
  C:1AF7H         PUBLIC        ?C?CLDOPTR
  -------         ENDMOD        ?C?CLDOPTR

  -------         MODULE        ?C?CSTPTR
  C:1B24H         PUBLIC        ?C?CSTPTR
  -------         ENDMOD        ?C?CSTPTR

  -------         MODULE        ?C?IMUL
  C:1B36H         PUBLIC        ?C?IMUL
  -------         ENDMOD        ?C?IMUL

  -------         MODULE        ?C?UIDIV
  C:1B48H         PUBLIC        ?C?UIDIV
  -------         ENDMOD        ?C?UIDIV

  -------         MODULE        ?C?SIDIV
  C:1B9DH         PUBLIC        ?C?SIDIV
  -------         ENDMOD        ?C?SIDIV

  -------         MODULE        ?C?ILDIX
  C:1BD3H         PUBLIC        ?C?ILDIX
  -------         ENDMOD        ?C?ILDIX

  -------         MODULE        ?C?ILDOPTR
  C:1BE9H         PUBLIC        ?C?ILDOPTR
  -------         ENDMOD        ?C?ILDOPTR

  -------         MODULE        ?C?ISTPTR
  C:1C21H         PUBLIC        ?C?ISTPTR
  -------         ENDMOD        ?C?ISTPTR

  -------         MODULE        ?C?LMUL
  C:1C40H         PUBLIC        ?C?LMUL
  -------         ENDMOD        ?C?LMUL
BL51 BANKED LINKER/LOCATER V6.22                                                      02/22/2019  10:45:33  PAGE 50



  -------         MODULE        ?C?SLDIV
  C:48C8H         PUBLIC        ?C?SLDIV
  -------         ENDMOD        ?C?SLDIV

  -------         MODULE        ?C?LNEG
  C:1C8FH         PUBLIC        ?C?LNEG
  -------         ENDMOD        ?C?LNEG

  -------         MODULE        ?C?ULCMP
  C:1C9DH         PUBLIC        ?C?ULCMP
  -------         ENDMOD        ?C?ULCMP

  -------         MODULE        ?C?LSHL
  C:1CAEH         PUBLIC        ?C?LSHL
  -------         ENDMOD        ?C?LSHL

  -------         MODULE        ?C?LLDPTR
  C:1CC1H         PUBLIC        ?C?LLDPTR
  -------         ENDMOD        ?C?LLDPTR

  -------         MODULE        ?C?LLDOPTR
  C:1CE1H         PUBLIC        ?C?LLDOPTR
  -------         ENDMOD        ?C?LLDOPTR

  -------         MODULE        ?C?LSTPTR
  C:1D11H         PUBLIC        ?C?LSTPTR
  -------         ENDMOD        ?C?LSTPTR

  -------         MODULE        ?C?LSTOPTR
  C:1D2BH         PUBLIC        ?C?LSTOPTR
  -------         ENDMOD        ?C?LSTOPTR

  -------         MODULE        ?C?LLDXDATA
  C:1D4FH         PUBLIC        ?C?LLDXDATA
  -------         ENDMOD        ?C?LLDXDATA

  -------         MODULE        ?C?LLDCODE
  C:1D5BH         PUBLIC        ?C?LLDCODE
  -------         ENDMOD        ?C?LLDCODE

  -------         MODULE        ?C?LLDXDATA0
  C:1D6BH         PUBLIC        ?C?LLDXDATA0
  -------         ENDMOD        ?C?LLDXDATA0

  -------         MODULE        ?C?LLDCODE0
  C:1D77H         PUBLIC        ?C?LLDCODE0
  -------         ENDMOD        ?C?LLDCODE0

  -------         MODULE        ?C?LLDPTR0
  C:1D87H         PUBLIC        ?C?LLDPTR0
  -------         ENDMOD        ?C?LLDPTR0

  -------         MODULE        ?C?LSTXDATA
  C:1DA7H         PUBLIC        ?C?LSTXDATA
  -------         ENDMOD        ?C?LSTXDATA

BL51 BANKED LINKER/LOCATER V6.22                                                      02/22/2019  10:45:33  PAGE 51


  -------         MODULE        ?C?LSTKXDATA
  C:1DB3H         PUBLIC        ?C?LSTKXDATA
  -------         ENDMOD        ?C?LSTKXDATA

  -------         MODULE        ?C?LSTKPTR
  C:1DE4H         PUBLIC        ?C?LSTKPTR
  -------         ENDMOD        ?C?LSTKPTR

  -------         MODULE        ?C?OFFXADD
  C:1DFEH         PUBLIC        ?C?OFFXADD
  -------         ENDMOD        ?C?OFFXADD

  -------         MODULE        ABS
  C:4CB4H         PUBLIC        _ABS
  -------         ENDMOD        ABS

  -------         MODULE        ATOI
  C:3F1CH         PUBLIC        _atoi
  -------         ENDMOD        ATOI

  -------         MODULE        ?C?IILDX
  C:1E0AH         PUBLIC        ?C?IILDX
  -------         ENDMOD        ?C?IILDX

  -------         MODULE        ?C?ULDIV
  C:1E5CH         PUBLIC        ?C?ULDIV
  -------         ENDMOD        ?C?ULDIV

  -------         MODULE        ?C?LLDIDATA
  C:1EEEH         PUBLIC        ?C?LLDIDATA
  -------         ENDMOD        ?C?LLDIDATA

  -------         MODULE        ?C?LLDPDATA
  C:1EFAH         PUBLIC        ?C?LLDPDATA
  -------         ENDMOD        ?C?LLDPDATA

  -------         MODULE        ?C?LLDIDATA0
  C:1F06H         PUBLIC        ?C?LLDIDATA0
  -------         ENDMOD        ?C?LLDIDATA0

  -------         MODULE        ?C?LLDPDATA0
  C:1F13H         PUBLIC        ?C?LLDPDATA0
  -------         ENDMOD        ?C?LLDPDATA0

  -------         MODULE        ?C?LSTIDATA
  C:1F20H         PUBLIC        ?C?LSTIDATA
  -------         ENDMOD        ?C?LSTIDATA

  -------         MODULE        ?C?LSTPDATA
  C:1F2CH         PUBLIC        ?C?LSTPDATA
  -------         ENDMOD        ?C?LSTPDATA

  -------         MODULE        ?C?LSTKIDATA
  C:1F38H         PUBLIC        ?C?LSTKIDATA
  -------         ENDMOD        ?C?LSTKIDATA

  -------         MODULE        ?C?LSTKPDATA
BL51 BANKED LINKER/LOCATER V6.22                                                      02/22/2019  10:45:33  PAGE 52


  C:1F51H         PUBLIC        ?C?LSTKPDATA
  -------         ENDMOD        ?C?LSTKPDATA

  -------         MODULE        ISDIGIT
  C:4C8CH         PUBLIC        _isdigit
  -------         ENDMOD        ISDIGIT

  -------         MODULE        ISSPACE
  C:4C27H         PUBLIC        _isspace
  -------         ENDMOD        ISSPACE

*** WARNING L16: UNCALLED SEGMENT, IGNORED FOR OVERLAY PROCESS
    SEGMENT: ?PR?_DISPLAY_PROX?MAIN

*** WARNING L16: UNCALLED SEGMENT, IGNORED FOR OVERLAY PROCESS
    SEGMENT: ?PR?_DAY_OF_YEAR?PCF85063BTL

*** WARNING L16: UNCALLED SEGMENT, IGNORED FOR OVERLAY PROCESS
    SEGMENT: ?PR?INITUART1?UART1

*** WARNING L16: UNCALLED SEGMENT, IGNORED FOR OVERLAY PROCESS
    SEGMENT: ?PR?_SENDSTRING?UART1

*** WARNING L16: UNCALLED SEGMENT, IGNORED FOR OVERLAY PROCESS
    SEGMENT: ?PR?_TEN?UART1

*** WARNING L16: UNCALLED SEGMENT, IGNORED FOR OVERLAY PROCESS
    SEGMENT: ?PR?_UNIT?UART1

*** WARNING L16: UNCALLED SEGMENT, IGNORED FOR OVERLAY PROCESS
    SEGMENT: ?PR?_DECTOBCD?UART1

*** WARNING L16: UNCALLED SEGMENT, IGNORED FOR OVERLAY PROCESS
    SEGMENT: ?PR?_ASCII_LETTER?UART1

*** WARNING L16: UNCALLED SEGMENT, IGNORED FOR OVERLAY PROCESS
    SEGMENT: ?PR?_ASCIITOBCD?UART1

*** WARNING L16: UNCALLED SEGMENT, IGNORED FOR OVERLAY PROCESS
    SEGMENT: ?PR?WAIT?BIPOLARMOTOR

*** WARNING L16: UNCALLED SEGMENT, IGNORED FOR OVERLAY PROCESS
    SEGMENT: ?PR?_FINDDET4X4?BIPOLARMOTOR

*** WARNING L16: UNCALLED SEGMENT, IGNORED FOR OVERLAY PROCESS
    SEGMENT: ?PR?NOP?IOEXPANDER_PI4IOE5V96248

*** WARNING L16: UNCALLED SEGMENT, IGNORED FOR OVERLAY PROCESS
    SEGMENT: ?PR?UC_ACK?IOEXPANDER_PI4IOE5V96248

*** WARNING L16: UNCALLED SEGMENT, IGNORED FOR OVERLAY PROCESS
    SEGMENT: ?PR?UC_NACK?IOEXPANDER_PI4IOE5V96248

*** WARNING L16: UNCALLED SEGMENT, IGNORED FOR OVERLAY PROCESS
    SEGMENT: ?PR?_AT25SF041_READ?AT25SF041

*** WARNING L1: UNRESOLVED EXTERNAL SYMBOL
BL51 BANKED LINKER/LOCATER V6.22                                                      02/22/2019  10:45:33  PAGE 53


    SYMBOL:  AUTO_MODE
    MODULE:  .\Obj\main.obj (MAIN)

*** WARNING L2: REFERENCE MADE TO UNRESOLVED EXTERNAL
    SYMBOL:  AUTO_MODE
    MODULE:  .\Obj\main.obj (MAIN)
    ADDRESS: 0B41H

*** WARNING L2: REFERENCE MADE TO UNRESOLVED EXTERNAL
    SYMBOL:  AUTO_MODE
    MODULE:  .\Obj\main.obj (MAIN)
    ADDRESS: 0CB6H

*** WARNING L2: REFERENCE MADE TO UNRESOLVED EXTERNAL
    SYMBOL:  AUTO_MODE
    MODULE:  .\Obj\main.obj (MAIN)
    ADDRESS: 0CC4H

*** WARNING L2: REFERENCE MADE TO UNRESOLVED EXTERNAL
    SYMBOL:  AUTO_MODE
    MODULE:  .\Obj\main.obj (MAIN)
    ADDRESS: 0CD6H

*** WARNING L2: REFERENCE MADE TO UNRESOLVED EXTERNAL
    SYMBOL:  AUTO_MODE
    MODULE:  .\Obj\main.obj (MAIN)
    ADDRESS: 0D18H

*** WARNING L2: REFERENCE MADE TO UNRESOLVED EXTERNAL
    SYMBOL:  AUTO_MODE
    MODULE:  .\Obj\main.obj (MAIN)
    ADDRESS: 0DEBH

*** WARNING L1: UNRESOLVED EXTERNAL SYMBOL
    SYMBOL:  _SENDUART1
    MODULE:  .\Obj\UART1.obj (UART1)

*** WARNING L2: REFERENCE MADE TO UNRESOLVED EXTERNAL
    SYMBOL:  _SENDUART1
    MODULE:  .\Obj\UART1.obj (UART1)
    ADDRESS: 49F5H

*** WARNING L1: UNRESOLVED EXTERNAL SYMBOL
    SYMBOL:  AUTO_MODE
    MODULE:  .\Obj\KeyPad.obj (KEYPAD)

*** WARNING L2: REFERENCE MADE TO UNRESOLVED EXTERNAL
    SYMBOL:  AUTO_MODE
    MODULE:  .\Obj\KeyPad.obj (KEYPAD)
    ADDRESS: 3114H

*** WARNING L2: REFERENCE MADE TO UNRESOLVED EXTERNAL
    SYMBOL:  AUTO_MODE
    MODULE:  .\Obj\KeyPad.obj (KEYPAD)
    ADDRESS: 311FH

*** WARNING L2: REFERENCE MADE TO UNRESOLVED EXTERNAL
BL51 BANKED LINKER/LOCATER V6.22                                                      02/22/2019  10:45:33  PAGE 54


    SYMBOL:  AUTO_MODE
    MODULE:  .\Obj\KeyPad.obj (KEYPAD)
    ADDRESS: 3126H

Program Size: data=10.2 xdata=1591 code=19686
LINK/LOCATE RUN COMPLETE.  28 WARNING(S),  0 ERROR(S)
