BL51 BANKED LINKER/LOCATER V6.22                                                        08/19/2019  09:43:18  PAGE 1


BL51 BANKED LINKER/LOCATER V6.22, INVOKED BY:
C:\KEIL_V5\C51\BIN\BL51.EXE .\Obj\main.obj, .\Obj\PCF85063BTL.obj, .\Obj\LCd_Driver_SPLC780D.obj, .\Obj\KeyPad.obj, .\Ob
>> j\BipolarMotor.obj, .\Obj\SunPos.obj, .\Obj\ADC.obj, .\Obj\Calibration.obj, .\Obj\IOExpander_PI4IOE5V96248.obj, .\Obj
>> \AT25SF041.obj, .\Obj\SI1120.obj, .\Obj\UART1.obj, .\Obj\STARTUP.obj TO .\Obj\GPIO_RTC_Test RTX51TINY PRINT (.\Lis\GP
>> IO_RTC_Test.m51) RAMSIZE (256)


MEMORY MODEL: LARGE WITH FLOATING POINT ARITHMETIC


INPUT MODULES INCLUDED:
  .\Obj\main.obj (MAIN)
  .\Obj\PCF85063BTL.obj (PCF85063BTL)
  .\Obj\LCd_Driver_SPLC780D.obj (LCD_DRIVER_SPLC780D)
  .\Obj\KeyPad.obj (KEYPAD)
  .\Obj\BipolarMotor.obj (BIPOLARMOTOR)
  .\Obj\SunPos.obj (SUNPOS)
  .\Obj\ADC.obj (ADC)
  .\Obj\Calibration.obj (CALIBRATION)
  .\Obj\IOExpander_PI4IOE5V96248.obj (IOEXPANDER_PI4IOE5V96248)
  .\Obj\AT25SF041.obj (AT25SF041)
  .\Obj\SI1120.obj (SI1120)
  .\Obj\UART1.obj (UART1)
  .\Obj\STARTUP.obj (?C_STARTUP)
  C:\KEIL_V5\C51\LIB\C51FPL.LIB (?C?FPADD)
  C:\KEIL_V5\C51\LIB\C51FPL.LIB (?C?FPMUL)
  C:\KEIL_V5\C51\LIB\C51FPL.LIB (?C?FPDIV)
  C:\KEIL_V5\C51\LIB\C51FPL.LIB (?C?FPCMP)
  C:\KEIL_V5\C51\LIB\C51FPL.LIB (?C?FPNEG)
  C:\KEIL_V5\C51\LIB\C51FPL.LIB (?C?FCAST)
  C:\KEIL_V5\C51\LIB\C51FPL.LIB (?C?CASTF)
  C:\KEIL_V5\C51\LIB\C51FPL.LIB (PRINTF)
  C:\KEIL_V5\C51\LIB\C51FPL.LIB (FABS)
  C:\KEIL_V5\C51\LIB\C51FPL.LIB (ATAN2)
  C:\KEIL_V5\C51\LIB\C51FPL.LIB (SIN)
  C:\KEIL_V5\C51\LIB\C51FPL.LIB (ACOS)
  C:\KEIL_V5\C51\LIB\C51FPL.LIB (ASIN)
  C:\KEIL_V5\C51\LIB\C51FPL.LIB (POW)
  C:\KEIL_V5\C51\LIB\C51FPL.LIB (?C?FPGETOPN)
  C:\KEIL_V5\C51\LIB\C51FPL.LIB (?C?CHKFLOAT)
  C:\KEIL_V5\C51\LIB\C51FPL.LIB (?C?FPROUND)
  C:\KEIL_V5\C51\LIB\C51FPL.LIB (?C?FPCONVERT)
  C:\KEIL_V5\C51\LIB\C51FPL.LIB (?C?FPSERIES)
  C:\KEIL_V5\C51\LIB\C51FPL.LIB (EXP)
  C:\KEIL_V5\C51\LIB\C51FPL.LIB (LOG)
  C:\KEIL_V5\C51\LIB\C51FPL.LIB (SQRT)
  C:\KEIL_V5\C51\LIB\C51FPL.LIB (ATAN)
  C:\KEIL_V5\C51\LIB\C51FPL.LIB (?C?FTNPWR)
  C:\KEIL_V5\C51\LIB\C51L.LIB (?C_INIT)
  C:\KEIL_V5\C51\LIB\C51L.LIB (?C?COPY)
  C:\KEIL_V5\C51\LIB\C51L.LIB (?C?CLDPTR)
  C:\KEIL_V5\C51\LIB\C51L.LIB (?C?CLDOPTR)
  C:\KEIL_V5\C51\LIB\C51L.LIB (?C?CSTPTR)
  C:\KEIL_V5\C51\LIB\C51L.LIB (?C?IMUL)
  C:\KEIL_V5\C51\LIB\C51L.LIB (?C?UIDIV)
  C:\KEIL_V5\C51\LIB\C51L.LIB (?C?SIDIV)
  C:\KEIL_V5\C51\LIB\C51L.LIB (?C?ILDIX)
  C:\KEIL_V5\C51\LIB\C51L.LIB (?C?ILDOPTR)
BL51 BANKED LINKER/LOCATER V6.22                                                      08/19/2019  09:43:18  PAGE 2


  C:\KEIL_V5\C51\LIB\C51L.LIB (?C?ISTPTR)
  C:\KEIL_V5\C51\LIB\C51L.LIB (?C?LMUL)
  C:\KEIL_V5\C51\LIB\C51L.LIB (?C?SLDIV)
  C:\KEIL_V5\C51\LIB\C51L.LIB (?C?LNEG)
  C:\KEIL_V5\C51\LIB\C51L.LIB (?C?ULCMP)
  C:\KEIL_V5\C51\LIB\C51L.LIB (?C?LSHL)
  C:\KEIL_V5\C51\LIB\C51L.LIB (?C?LLDPTR)
  C:\KEIL_V5\C51\LIB\C51L.LIB (?C?LLDOPTR)
  C:\KEIL_V5\C51\LIB\C51L.LIB (?C?LSTPTR)
  C:\KEIL_V5\C51\LIB\C51L.LIB (?C?LSTOPTR)
  C:\KEIL_V5\C51\LIB\C51L.LIB (?C?LLDXDATA)
  C:\KEIL_V5\C51\LIB\C51L.LIB (?C?LLDCODE)
  C:\KEIL_V5\C51\LIB\C51L.LIB (?C?LLDXDATA0)
  C:\KEIL_V5\C51\LIB\C51L.LIB (?C?LLDCODE0)
  C:\KEIL_V5\C51\LIB\C51L.LIB (?C?LLDPTR0)
  C:\KEIL_V5\C51\LIB\C51L.LIB (?C?LSTXDATA)
  C:\KEIL_V5\C51\LIB\C51L.LIB (?C?LSTKXDATA)
  C:\KEIL_V5\C51\LIB\C51L.LIB (?C?LSTKPTR)
  C:\KEIL_V5\C51\LIB\C51L.LIB (?C?OFFXADD)
  C:\KEIL_V5\C51\LIB\C51L.LIB (?C?PLDIXDATA)
  C:\KEIL_V5\C51\LIB\C51L.LIB (?C?PSTXDATA)
  C:\KEIL_V5\C51\LIB\C51L.LIB (?C?CCASE)
  C:\KEIL_V5\C51\LIB\C51L.LIB (PUTCHAR)
  C:\KEIL_V5\C51\LIB\C51L.LIB (ABS)
  C:\KEIL_V5\C51\LIB\C51L.LIB (ATOI)
  C:\KEIL_V5\C51\LIB\C51L.LIB (?C?IILDX)
  C:\KEIL_V5\C51\LIB\C51L.LIB (?C?ULDIV)
  C:\KEIL_V5\C51\LIB\C51L.LIB (?C?LLDIDATA)
  C:\KEIL_V5\C51\LIB\C51L.LIB (?C?LLDPDATA)
  C:\KEIL_V5\C51\LIB\C51L.LIB (?C?LLDIDATA0)
  C:\KEIL_V5\C51\LIB\C51L.LIB (?C?LLDPDATA0)
  C:\KEIL_V5\C51\LIB\C51L.LIB (?C?LSTIDATA)
  C:\KEIL_V5\C51\LIB\C51L.LIB (?C?LSTPDATA)
  C:\KEIL_V5\C51\LIB\C51L.LIB (?C?LSTKIDATA)
  C:\KEIL_V5\C51\LIB\C51L.LIB (?C?LSTKPDATA)
  C:\KEIL_V5\C51\LIB\C51L.LIB (ISDIGIT)
  C:\KEIL_V5\C51\LIB\C51L.LIB (ISSPACE)


LINK MAP OF MODULE:  .\Obj\GPIO_RTC_Test (MAIN)


            TYPE    BASE      LENGTH    RELOCATION   SEGMENT NAME
            -----------------------------------------------------

            * * * * * * *   D A T A   M E M O R Y   * * * * * * *
            REG     0000H     0008H     ABSOLUTE     "REG BANK 0"
            DATA    0008H     0005H     UNIT         _DATA_GROUP_
                    000DH     0013H                  *** GAP ***
            BIT     0020H.0   0001H.2   UNIT         _BIT_GROUP_
            BIT     0021H.2   0000H.1   UNIT         ?BI?MAIN
            BIT     0021H.3   0000H.1   UNIT         ?BI?_ATOI?ATOI
                    0021H.4   0000H.4                *** GAP ***
            IDATA   0022H     0001H     UNIT         ?STACK

            * * * * * * *  X D A T A   M E M O R Y  * * * * * * *
            XDATA   0000H     03BCH     UNIT         ?XD?BIPOLARMOTOR
BL51 BANKED LINKER/LOCATER V6.22                                                      08/19/2019  09:43:18  PAGE 3


            XDATA   03BCH     015DH     UNIT         _XDATA_GROUP_
            XDATA   0519H     011DH     UNIT         ?XD?MAIN
            XDATA   0636H     0019H     UNIT         ?XD?KEYPAD
            XDATA   064FH     0005H     UNIT         ?XD?_ATOI?ATOI
            XDATA   0654H     0001H     UNIT         ?XD?UC_ACK?IOEXPANDER_PI4IOE5V96248
            XDATA   0655H     0001H     UNIT         ?XD?UC_NACK?IOEXPANDER_PI4IOE5V96248

            * * * * * * *   C O D E   M E M O R Y   * * * * * * *
            CODE    0000H     0003H     ABSOLUTE     
            CODE    0003H     0003H     ABSOLUTE     
            CODE    0006H     0005H     UNIT         ?PR?_UNIT?UART1
            CODE    000BH     0003H     ABSOLUTE     
            CODE    000EH     000DH     UNIT         ?PR?UART?MAIN
            CODE    001BH     0003H     ABSOLUTE     
            CODE    001EH     0005H     UNIT         ?PR?_ASCII_LETTER?UART1
            CODE    0023H     0003H     ABSOLUTE     
            CODE    0026H     1DE3H     UNIT         ?PR?MAIN?MAIN
            CODE    1E09H     0BC8H     UNIT         ?C?LIB_CODE
            CODE    29D1H     07A2H     UNIT         ?PR?SUNPOS?SUNPOS
            CODE    3173H     06F4H     UNIT         ?PR?_FIND_REAL_MAX?CALIBRATION
            CODE    3867H     0631H     UNIT         ?PR?_UPDATE_POSITION?BIPOLARMOTOR
            CODE    3E98H     04FBH     UNIT         ?PR?_THEORICALJP_POSITION?BIPOLARMOTOR
            CODE    4393H     0483H     UNIT         ?PR?PRINTF?PRINTF
            CODE    4816H     041AH     UNIT         ?C_INITSEG
            CODE    4C30H     038CH     UNIT         ?PR?KEY_PROCESS?KEYPAD
            CODE    4FBCH     0380H     UNIT         ?PR?_ELEVATION_CALCULATION?BIPOLARMOTOR
            CODE    533CH     01C7H     UNIT         ?PR?_CALIBRATION?CALIBRATION
            CODE    5503H     018DH     UNIT         ?PR?KEY_SCAN?KEYPAD
            CODE    5690H     0189H     UNIT         ?PR?SPI_NOR_WRITE_DATA?AT25SF041
            CODE    5819H     0188H     UNIT         ?PR?SIN?SIN
            CODE    59A1H     0166H     UNIT         ?PR?_POW?POW
            CODE    5B07H     0155H     UNIT         ?PR?_DISPLAY_POS?LCD_DRIVER_SPLC780D
            CODE    5C5CH     0129H     UNIT         ?PR?LOG?LOG
            CODE    5D85H     0122H     UNIT         ?PR?ATAN?ATAN
            CODE    5EA7H     0110H     UNIT         ?PR?_AT25SF041_READ?AT25SF041
            CODE    5FB7H     0102H     UNIT         ?PR?_AT25SF041_WRITE?AT25SF041
            CODE    60B9H     00F5H     UNIT         ?PR?EXINT0?MAIN
            CODE    61AEH     00DBH     UNIT         ?PR?_ATOI?ATOI
            CODE    6289H     00C3H     UNIT         ?PR?LINEAR_INTERPOLATE?BIPOLARMOTOR
            CODE    634CH     00BBH     UNIT         ?PR?VOLTAGE_IS_STABLE?CALIBRATION
            CODE    6407H     00ADH     UNIT         ?PR?_WRITE_PI4IOE5V96248?IOEXPANDER_PI4IOE5V96248
            CODE    64B4H     00ACH     UNIT         ?PR?SQRT?SQRT
            CODE    6560H     00A1H     UNIT         ?PR?UCREAD_STATUS_REGISTER_BYTE1?AT25SF041
            CODE    6601H     009DH     UNIT         ?PR?_ATAN2?ATAN2
            CODE    669EH     009CH     UNIT         ?PR?_MAX_VALUE?CALIBRATION
            CODE    673AH     009AH     UNIT         ?PR?EXP?EXP
            CODE    67D4H     008CH     UNIT         ?C_C51STARTUP
            CODE    6860H     0088H     UNIT         ?PR?_DAY_OF_YEAR?PCF85063BTL
            CODE    68E8H     0079H     UNIT         ?PR?_WRITEDATA?LCD_DRIVER_SPLC780D
            CODE    6961H     0072H     UNIT         ?PR?AT25SF041_WRITEENABLE?AT25SF041
            CODE    69D3H     006FH     UNIT         ?PR?_READ_TIME?PCF85063BTL
            CODE    6A42H     005AH     UNIT         ?PR?AT25SF041_CHIPERASE?AT25SF041
            CODE    6A9CH     0059H     UNIT         ?PR?LCD_INIT?LCD_DRIVER_SPLC780D
            CODE    6AF5H     0056H     UNIT         ?CO?MAIN
            CODE    6B4BH     004BH     UNIT         ?CO?UART1
            CODE    6B96H     004AH     UNIT         ?PR?VONESTEPMOVE?BIPOLARMOTOR
            CODE    6BE0H     004AH     UNIT         ?PR?ACOS?ACOS
BL51 BANKED LINKER/LOCATER V6.22                                                      08/19/2019  09:43:18  PAGE 4


            CODE    6C2AH     0044H     UNIT         ?C?LDIV
            CODE    6C6EH     0040H     UNIT         ?PR?_COMMAND?LCD_DRIVER_SPLC780D
            CODE    6CAEH     0040H     UNIT         ?PR?_STEP_MOVE?BIPOLARMOTOR
            CODE    6CEEH     003BH     UNIT         ?PR?ASIN?ASIN
            CODE    6D29H     0033H     UNIT         ?PR?_SENDSTRING?UART1
            CODE    6D5CH     0031H     UNIT         ?PR?SI1120_CONFIG_MODE_VIRH?SI1120
            CODE    6D8DH     002BH     UNIT         ?PR?_WAIT_MS_I2C?IOEXPANDER_PI4IOE5V96248
            CODE    6DB8H     002BH     UNIT         ?PR?_WAIT_MS_SPINOR?AT25SF041
            CODE    6DE3H     002AH     UNIT         ?PR?_ADC_GETRESULT?ADC
            CODE    6E0DH     0028H     UNIT         ?PR?_MOVE?BIPOLARMOTOR
            CODE    6E35H     0028H     UNIT         ?CO?CALIBRATION
            CODE    6E5DH     0027H     UNIT         ?PR?_I2C_SENDBYTE?IOEXPANDER_PI4IOE5V96248
            CODE    6E84H     0027H     UNIT         ?PR?PUTCHAR?PUTCHAR
            CODE    6EABH     0025H     UNIT         ?PR?_FINDCLOSESTSAMEDAYCALIBTIME?CALIBRATION
            CODE    6ED0H     0024H     UNIT         ?PR?_WAIT_MS?LCD_DRIVER_SPLC780D
            CODE    6EF4H     0024H     UNIT         ?PR?_UART1_SENDTOTCPSERVER?UART1
            CODE    6F18H     0021H     UNIT         ?PR?TM0_ISR?MAIN
            CODE    6F39H     0020H     UNIT         ?PR?_SPI_SENDBYTE?PCF85063BTL
            CODE    6F59H     0020H     UNIT         ?PR?SPI_RECEIVEBYTE?PCF85063BTL
            CODE    6F79H     001EH     UNIT         ?PR?_DELAY_MS?KEYPAD
            CODE    6F97H     001DH     UNIT         ?PR?_DISPLAYLCD?LCD_DRIVER_SPLC780D
            CODE    6FB4H     001BH     UNIT         ?PR?_BCDTODEC1?BIPOLARMOTOR
            CODE    6FCFH     001AH     UNIT         ?PR?ADC_INIT?ADC
            CODE    6FE9H     0018H     UNIT         ?PR?_SPI_WRITETIME?PCF85063BTL
            CODE    7001H     0017H     UNIT         ?PR?_ASCIITOBCD?UART1
            CODE    7018H     0016H     UNIT         ?PR?I2C_ACK?IOEXPANDER_PI4IOE5V96248
            CODE    702EH     0015H     UNIT         ?PR?_DISPLAY_LINE?LCD_DRIVER_SPLC780D
            CODE    7043H     0015H     UNIT         ?PR?VSETLOCATION?BIPOLARMOTOR
            CODE    7058H     0015H     UNIT         ?PR?I2C_STOP?IOEXPANDER_PI4IOE5V96248
            CODE    706DH     0014H     UNIT         ?PR?_PCF85063BTL_DELAY?PCF85063BTL
            CODE    7081H     0014H     UNIT         ?PR?_ISSPACE?ISSPACE
            CODE    7095H     0011H     UNIT         ?PR?_SPI_READTIME?PCF85063BTL
            CODE    70A6H     0011H     UNIT         ?PR?_BCDTODEC?PCF85063BTL
            CODE    70B7H     0011H     UNIT         ?PR?INITUART1?UART1
            CODE    70C8H     000FH     UNIT         ?PR?I2C_START?IOEXPANDER_PI4IOE5V96248
            CODE    70D7H     000FH     UNIT         ?PR?UC_NACK?IOEXPANDER_PI4IOE5V96248
            CODE    70E6H     000FH     UNIT         ?PR?_ISDIGIT?ISDIGIT
            CODE    70F5H     000DH     UNIT         ?PR?SPI_INIT?PCF85063BTL
            CODE    7102H     000DH     UNIT         ?PR?ENABLE_EXTINT0?SI1120
            CODE    710FH     000DH     UNIT         ?PR?_FABS?FABS
            CODE    711CH     000CH     UNIT         ?PR?KEYPAD_IO_INIT?KEYPAD
            CODE    7128H     000CH     UNIT         ?PR?_ABS?ABS
            CODE    7134H     000AH     UNIT         ?PR?LCD_RETURN_HOME?LCD_DRIVER_SPLC780D
            CODE    713EH     000AH     UNIT         ?PR?LCD_CLEAR?LCD_DRIVER_SPLC780D
            CODE    7148H     0009H     UNIT         ?PR?TM1_ISR?MAIN
            CODE    7151H     0009H     UNIT         ?PR?_SENDUART1?MAIN
            CODE    715AH     0009H     UNIT         ?PR?UART1_INITTCPCONN?UART1
            CODE    7163H     0006H     UNIT         ?PR?UC_ACK?IOEXPANDER_PI4IOE5V96248
            CODE    7169H     0006H     UNIT         ?PR?_TEN?UART1
            CODE    716FH     0001H     UNIT         ?PR?NOP?IOEXPANDER_PI4IOE5V96248
            CODE    7170H     0001H     UNIT         ?PR?_DECTOBCD?UART1



OVERLAY MAP OF MODULE:   .\Obj\GPIO_RTC_Test (MAIN)


BL51 BANKED LINKER/LOCATER V6.22                                                      08/19/2019  09:43:18  PAGE 5


SEGMENT                                             BIT_GROUP          DATA_GROUP          XDATA_GROUP
  +--> CALLED SEGMENT                            START    LENGTH     START    LENGTH     START    LENGTH
--------------------------------------------------------------------------------------------------------
?PR?EXINT0?MAIN                                  -----    -----      -----    -----      -----    -----
  +--> ?PR?_POW?POW

?PR?_POW?POW                                     -----    -----      -----    -----      03BCH    000AH
  +--> ?PR?LOG?LOG
  +--> ?PR?EXP?EXP

?PR?LOG?LOG                                      0020H.0  0000H.1    -----    -----      03C6H    0004H

*** NEW ROOT ***************************************************

?C_C51STARTUP                                    -----    -----      -----    -----      -----    -----
  +--> ?PR?MAIN?MAIN
  +--> ?C_INITSEG

?PR?MAIN?MAIN                                    -----    -----      -----    -----      03CAH    002EH
  +--> ?PR?LCD_INIT?LCD_DRIVER_SPLC780D
  +--> ?PR?SPI_INIT?PCF85063BTL
  +--> ?PR?KEYPAD_IO_INIT?KEYPAD
  +--> ?PR?ADC_INIT?ADC
  +--> ?PR?SI1120_CONFIG_MODE_VIRH?SI1120
  +--> ?PR?ENABLE_EXTINT0?SI1120
  +--> ?PR?VSETLOCATION?BIPOLARMOTOR
  +--> ?PR?_SPI_WRITETIME?PCF85063BTL
  +--> ?PR?_DELAY_MS?KEYPAD
  +--> ?PR?_DISPLAY_LINE?LCD_DRIVER_SPLC780D
  +--> ?PR?_WRITEDATA?LCD_DRIVER_SPLC780D
  +--> ?PR?INITUART1?UART1
  +--> ?PR?UART1_INITTCPCONN?UART1
  +--> ?CO?MAIN
  +--> ?PR?_UART1_SENDTOTCPSERVER?UART1
  +--> ?PR?KEY_PROCESS?KEYPAD
  +--> ?PR?_COMMAND?LCD_DRIVER_SPLC780D
  +--> ?PR?_DISPLAY_POS?LCD_DRIVER_SPLC780D
  +--> ?PR?_DISPLAYLCD?LCD_DRIVER_SPLC780D
  +--> ?PR?_STEP_MOVE?BIPOLARMOTOR
  +--> ?PR?LCD_RETURN_HOME?LCD_DRIVER_SPLC780D
  +--> ?PR?_READ_TIME?PCF85063BTL
  +--> ?PR?_BCDTODEC1?BIPOLARMOTOR
  +--> ?PR?_SENDSTRING?UART1
  +--> ?PR?_ELEVATION_CALCULATION?BIPOLARMOTOR
  +--> ?PR?PRINTF?PRINTF
  +--> ?PR?_CALIBRATION?CALIBRATION
  +--> ?PR?_UPDATE_POSITION?BIPOLARMOTOR
  +--> ?PR?_AT25SF041_READ?AT25SF041
  +--> ?PR?_WAIT_MS_SPINOR?AT25SF041
  +--> ?PR?AT25SF041_WRITEENABLE?AT25SF041
  +--> ?PR?_AT25SF041_WRITE?AT25SF041
  +--> ?PR?_ABS?ABS
  +--> ?PR?_FABS?FABS
  +--> ?PR?SPI_NOR_WRITE_DATA?AT25SF041
  +--> ?PR?_WAIT_MS?LCD_DRIVER_SPLC780D
  +--> ?PR?LINEAR_INTERPOLATE?BIPOLARMOTOR
  +--> ?PR?_FINDCLOSESTSAMEDAYCALIBTIME?CALI...
BL51 BANKED LINKER/LOCATER V6.22                                                      08/19/2019  09:43:18  PAGE 6


  +--> ?PR?_ADC_GETRESULT?ADC
  +--> ?PR?LCD_CLEAR?LCD_DRIVER_SPLC780D
  +--> ?PR?AT25SF041_CHIPERASE?AT25SF041

?PR?LCD_INIT?LCD_DRIVER_SPLC780D                 -----    -----      -----    -----      -----    -----
  +--> ?PR?_WAIT_MS?LCD_DRIVER_SPLC780D
  +--> ?PR?_COMMAND?LCD_DRIVER_SPLC780D

?PR?_COMMAND?LCD_DRIVER_SPLC780D                 -----    -----      -----    -----      -----    -----
  +--> ?PR?_WAIT_MS?LCD_DRIVER_SPLC780D

?PR?SI1120_CONFIG_MODE_VIRH?SI1120               -----    -----      -----    -----      -----    -----
  +--> ?PR?_WAIT_MS?LCD_DRIVER_SPLC780D

?PR?_SPI_WRITETIME?PCF85063BTL                   -----    -----      -----    -----      -----    -----
  +--> ?PR?_SPI_SENDBYTE?PCF85063BTL

?PR?_SPI_SENDBYTE?PCF85063BTL                    -----    -----      -----    -----      -----    -----
  +--> ?PR?_PCF85063BTL_DELAY?PCF85063BTL

?PR?_DISPLAY_LINE?LCD_DRIVER_SPLC780D            -----    -----      -----    -----      -----    -----
  +--> ?PR?_COMMAND?LCD_DRIVER_SPLC780D

?PR?_WRITEDATA?LCD_DRIVER_SPLC780D               -----    -----      -----    -----      04F4H    0001H
  +--> ?PR?_WAIT_MS?LCD_DRIVER_SPLC780D

?PR?UART1_INITTCPCONN?UART1                      -----    -----      -----    -----      -----    -----
  +--> ?CO?UART1
  +--> ?PR?_SENDSTRING?UART1

?PR?_SENDSTRING?UART1                            -----    -----      -----    -----      04E9H    0003H
  +--> ?PR?_SENDUART1?MAIN

?PR?_UART1_SENDTOTCPSERVER?UART1                 -----    -----      -----    -----      03F8H    0003H
  +--> ?CO?UART1
  +--> ?PR?_SENDSTRING?UART1
  +--> ?PR?_DELAY_MS?KEYPAD

?PR?KEY_PROCESS?KEYPAD                           -----    -----      -----    -----      03F8H    0006H
  +--> ?PR?KEY_SCAN?KEYPAD
  +--> ?PR?_SPI_WRITETIME?PCF85063BTL
  +--> ?PR?LCD_CLEAR?LCD_DRIVER_SPLC780D
  +--> ?PR?_COMMAND?LCD_DRIVER_SPLC780D
  +--> ?PR?_WRITEDATA?LCD_DRIVER_SPLC780D

?PR?KEY_SCAN?KEYPAD                              -----    -----      -----    -----      03FEH    0003H

?PR?LCD_CLEAR?LCD_DRIVER_SPLC780D                -----    -----      -----    -----      -----    -----
  +--> ?PR?_COMMAND?LCD_DRIVER_SPLC780D

?PR?_DISPLAY_POS?LCD_DRIVER_SPLC780D             -----    -----      -----    -----      04E9H    000BH
  +--> ?PR?_ABS?ABS
  +--> ?PR?_WRITEDATA?LCD_DRIVER_SPLC780D

?PR?_DISPLAYLCD?LCD_DRIVER_SPLC780D              -----    -----      -----    -----      03F8H    0001H
  +--> ?PR?_WRITEDATA?LCD_DRIVER_SPLC780D

BL51 BANKED LINKER/LOCATER V6.22                                                      08/19/2019  09:43:18  PAGE 7


?PR?_STEP_MOVE?BIPOLARMOTOR                      0020H.2  0000H.1    -----    -----      04EDH    0004H
  +--> ?PR?VONESTEPMOVE?BIPOLARMOTOR

?PR?VONESTEPMOVE?BIPOLARMOTOR                    0020H.3  0000H.1    -----    -----      -----    -----
  +--> ?PR?_WRITE_PI4IOE5V96248?IOEXPANDER_P...
  +--> ?PR?_DELAY_MS?KEYPAD

?PR?_WRITE_PI4IOE5V96248?IOEXPANDER_P...         -----    -----      -----    -----      04F1H    0003H
  +--> ?PR?I2C_START?IOEXPANDER_PI4IOE5V96248
  +--> ?PR?_WAIT_MS_I2C?IOEXPANDER_PI4IOE5V9...
  +--> ?PR?_I2C_SENDBYTE?IOEXPANDER_PI4IOE5V...
  +--> ?PR?I2C_ACK?IOEXPANDER_PI4IOE5V96248
  +--> ?PR?I2C_STOP?IOEXPANDER_PI4IOE5V96248

?PR?I2C_START?IOEXPANDER_PI4IOE5V96248           -----    -----      -----    -----      -----    -----
  +--> ?PR?_WAIT_MS_I2C?IOEXPANDER_PI4IOE5V9...

?PR?_I2C_SENDBYTE?IOEXPANDER_PI4IOE5V...         -----    -----      -----    -----      -----    -----
  +--> ?PR?_WAIT_MS_I2C?IOEXPANDER_PI4IOE5V9...

?PR?I2C_ACK?IOEXPANDER_PI4IOE5V96248             -----    -----      -----    -----      04F4H    0001H
  +--> ?PR?_WAIT_MS_I2C?IOEXPANDER_PI4IOE5V9...

?PR?I2C_STOP?IOEXPANDER_PI4IOE5V96248            -----    -----      -----    -----      -----    -----
  +--> ?PR?_WAIT_MS_I2C?IOEXPANDER_PI4IOE5V9...

?PR?LCD_RETURN_HOME?LCD_DRIVER_SPLC780D          -----    -----      -----    -----      -----    -----
  +--> ?PR?_COMMAND?LCD_DRIVER_SPLC780D

?PR?_READ_TIME?PCF85063BTL                       -----    -----      -----    -----      04E9H    000FH
  +--> ?PR?_SPI_READTIME?PCF85063BTL

?PR?_SPI_READTIME?PCF85063BTL                    -----    -----      -----    -----      -----    -----
  +--> ?PR?_SPI_SENDBYTE?PCF85063BTL
  +--> ?PR?SPI_RECEIVEBYTE?PCF85063BTL

?PR?SPI_RECEIVEBYTE?PCF85063BTL                  -----    -----      -----    -----      -----    -----
  +--> ?PR?_PCF85063BTL_DELAY?PCF85063BTL

?PR?_ELEVATION_CALCULATION?BIPOLARMOTOR          -----    -----      -----    -----      03F8H    0005H
  +--> ?PR?_BCDTODEC1?BIPOLARMOTOR
  +--> ?PR?SUNPOS?SUNPOS
  +--> ?PR?SIN?SIN
  +--> ?PR?ASIN?ASIN

?PR?SUNPOS?SUNPOS                                -----    -----      -----    -----      0442H    005DH
  +--> ?PR?SIN?SIN
  +--> ?PR?_ATAN2?ATAN2
  +--> ?PR?ASIN?ASIN
  +--> ?PR?ACOS?ACOS

?PR?SIN?SIN                                      0020H.1  0000H.1    -----    -----      049FH    0004H

?PR?_ATAN2?ATAN2                                 -----    -----      -----    -----      049FH    0008H
  +--> ?PR?ATAN?ATAN

?PR?ATAN?ATAN                                    0020H.1  0000H.2    -----    -----      04A7H    0004H
BL51 BANKED LINKER/LOCATER V6.22                                                      08/19/2019  09:43:18  PAGE 8



?PR?ASIN?ASIN                                    -----    -----      -----    -----      -----    -----
  +--> ?PR?SQRT?SQRT
  +--> ?PR?ATAN?ATAN

?PR?SQRT?SQRT                                    -----    -----      -----    -----      049FH    0004H

?PR?ACOS?ACOS                                    -----    -----      -----    -----      -----    -----
  +--> ?PR?SQRT?SQRT
  +--> ?PR?ATAN?ATAN

?PR?PRINTF?PRINTF                                0020H.1  0001H.1    0008H    0005H      04E9H    0030H
  +--> ?PR?PUTCHAR?PUTCHAR

?PR?_CALIBRATION?CALIBRATION                     -----    -----      -----    -----      03F8H    0024H
  +--> ?PR?VOLTAGE_IS_STABLE?CALIBRATION
  +--> ?PR?_UPDATE_POSITION?BIPOLARMOTOR
  +--> ?PR?_FIND_REAL_MAX?CALIBRATION

?PR?VOLTAGE_IS_STABLE?CALIBRATION                -----    -----      -----    -----      041CH    0018H
  +--> ?PR?_ADC_GETRESULT?ADC
  +--> ?PR?_ABS?ABS

?PR?_UPDATE_POSITION?BIPOLARMOTOR                -----    -----      -----    -----      041CH    0026H
  +--> ?PR?_BCDTODEC1?BIPOLARMOTOR
  +--> ?PR?SUNPOS?SUNPOS
  +--> ?PR?SIN?SIN
  +--> ?PR?ASIN?ASIN
  +--> ?PR?_THEORICALJP_POSITION?BIPOLARMOTOR
  +--> ?PR?_FABS?FABS
  +--> ?PR?_MOVE?BIPOLARMOTOR

?PR?_THEORICALJP_POSITION?BIPOLARMOTOR           -----    -----      -----    -----      0442H    005CH
  +--> ?PR?LINEAR_INTERPOLATE?BIPOLARMOTOR

?PR?LINEAR_INTERPOLATE?BIPOLARMOTOR              -----    -----      -----    -----      049EH    0014H

?PR?_MOVE?BIPOLARMOTOR                           0020H.1  0000H.1    -----    -----      04E9H    0004H
  +--> ?PR?_STEP_MOVE?BIPOLARMOTOR

?PR?_FIND_REAL_MAX?CALIBRATION                   -----    -----      -----    -----      041CH    00CDH
  +--> ?PR?_ADC_GETRESULT?ADC
  +--> ?PR?_WAIT_MS?LCD_DRIVER_SPLC780D
  +--> ?CO?CALIBRATION
  +--> ?PR?PRINTF?PRINTF
  +--> ?PR?_SENDSTRING?UART1
  +--> ?PR?_COMMAND?LCD_DRIVER_SPLC780D
  +--> ?PR?_WRITEDATA?LCD_DRIVER_SPLC780D
  +--> ?PR?_DISPLAY_POS?LCD_DRIVER_SPLC780D
  +--> ?PR?_MOVE?BIPOLARMOTOR
  +--> ?PR?_READ_TIME?PCF85063BTL
  +--> ?PR?_BCDTODEC1?BIPOLARMOTOR
  +--> ?PR?_MAX_VALUE?CALIBRATION

?PR?_MAX_VALUE?CALIBRATION                       -----    -----      -----    -----      04E9H    0004H

?PR?_AT25SF041_READ?AT25SF041                    -----    -----      -----    -----      03F8H    0008H
BL51 BANKED LINKER/LOCATER V6.22                                                      08/19/2019  09:43:18  PAGE 9


  +--> ?PR?_WAIT_MS_SPINOR?AT25SF041
  +--> ?PR?UCREAD_STATUS_REGISTER_BYTE1?AT25...

?PR?UCREAD_STATUS_REGISTER_BYTE1?AT25...         -----    -----      -----    -----      040EH    0003H
  +--> ?PR?_WAIT_MS_SPINOR?AT25SF041

?PR?AT25SF041_WRITEENABLE?AT25SF041              -----    -----      -----    -----      0406H    0002H
  +--> ?PR?_WAIT_MS_SPINOR?AT25SF041
  +--> ?PR?UCREAD_STATUS_REGISTER_BYTE1?AT25...

?PR?_AT25SF041_WRITE?AT25SF041                   -----    -----      -----    -----      0406H    0008H
  +--> ?PR?_WAIT_MS_SPINOR?AT25SF041
  +--> ?PR?UCREAD_STATUS_REGISTER_BYTE1?AT25...

?PR?SPI_NOR_WRITE_DATA?AT25SF041                 -----    -----      -----    -----      03F8H    000EH
  +--> ?PR?AT25SF041_WRITEENABLE?AT25SF041
  +--> ?PR?_AT25SF041_WRITE?AT25SF041
  +--> ?PR?_WAIT_MS_SPINOR?AT25SF041

?PR?AT25SF041_CHIPERASE?AT25SF041                -----    -----      -----    -----      03F8H    0002H
  +--> ?PR?_WAIT_MS_SPINOR?AT25SF041
  +--> ?PR?UCREAD_STATUS_REGISTER_BYTE1?AT25...



SYMBOL TABLE OF MODULE:  .\Obj\GPIO_RTC_Test (MAIN)

  VALUE           TYPE          NAME
  ----------------------------------

  -------         MODULE        MAIN
  C:0000H         SYMBOL        _ICE_DUMMY_
  X:0521H         PUBLIC        calib_value
  D:0080H         PUBLIC        P0
  D:0090H         PUBLIC        P1
  D:00A0H         PUBLIC        P2
  D:00B0H         PUBLIC        P3
  D:00C0H         PUBLIC        P4
  D:00C8H         PUBLIC        P5
  X:0575H         SYMBOL        PressedKey
  B:00A8H.7       PUBLIC        EA
  D:00E8H         PUBLIC        P6
  X:0579H         PUBLIC        calib_stamp
  D:00F8H         PUBLIC        P7
  X:057AH         PUBLIC        sTempString
  X:0583H         PUBLIC        calib_bool
  X:05ADH         PUBLIC        pwm_time_min
  D:00A8H         PUBLIC        IE
  X:05B1H         PUBLIC        calib_time
  X:0605H         PUBLIC        pwm_time_max
  B:0090H.7       PUBLIC        Connect_Electronics_Load
  D:00B8H         PUBLIC        IP
  B:0098H.0       PUBLIC        RI
  B:00B0H.2       PUBLIC        INT0
  X:0609H         PUBLIC        months
  B:0098H.1       PUBLIC        TI
  C:000EH         PUBLIC        Uart
BL51 BANKED LINKER/LOCATER V6.22                                                      08/19/2019  09:43:18  PAGE 10


  D:00D8H         PUBLIC        CCON
  C:0026H         PUBLIC        main
  X:060AH         PUBLIC        found_1st_point
  X:060CH         PUBLIC        i_point1
  X:060EH         PUBLIC        i_point2
  X:0610H         PUBLIC        count
  B:0090H.2       PUBLIC        Connect_IV_Load
  D:0099H         PUBLIC        SBUF
  X:0612H         PUBLIC        days
  X:0613H         PUBLIC        hours
  D:0098H         PUBLIC        SCON
  D:0089H         PUBLIC        TMOD
  D:0088H         PUBLIC        TCON
  B:00A0H.3       PUBLIC        P23
  X:0614H         SYMBOL        KeyCount
  X:0616H         PUBLIC        mins
  B:00C8H.5       PUBLIC        P55
  X:0617H         PUBLIC        diff_of_offset
  D:008EH         PUBLIC        AUXR
  C:6F18H         PUBLIC        tm0_isr
  B:0090H.5       PUBLIC        SI1120_STX
  C:7148H         PUBLIC        tm1_isr
  B:0021H.2       PUBLIC        busy
  D:00E0H         PUBLIC        ACC
  B:00A8H.1       PUBLIC        ET0
  B:00A8H.3       PUBLIC        ET1
  X:061BH         PUBLIC        SPI_NOR_INTERNAL_FLASH_ADDR
  D:008CH         PUBLIC        TH0
  D:008DH         PUBLIC        TH1
  D:008AH         PUBLIC        TL0
  D:008BH         PUBLIC        TL1
  X:061FH         PUBLIC        ii
  X:0621H         PUBLIC        jj
  B:0088H.4       PUBLIC        TR0
  B:0088H.6       PUBLIC        TR1
  X:0623H         PUBLIC        old_mins
  C:60B9H         PUBLIC        exint0
  X:0624H         SYMBOL        KeyNum
  X:0625H         SYMBOL        KeyNum_Old
  X:0626H         PUBLIC        timer0_count
  X:0628H         PUBLIC        current_position
  X:062CH         PUBLIC        pwm_time
  X:0630H         PUBLIC        i
  X:0632H         PUBLIC        j
  X:0634H         PUBLIC        start_timer0_count
  X:0635H         PUBLIC        seconds
  D:00D0H         PUBLIC        PSW
  C:7151H         PUBLIC        _SendUART1
  -------         PROC          TM0_ISR
  C:6F18H         LINE#         106
  C:6F1EH         LINE#         110
  C:6F21H         LINE#         111
  C:6F24H         LINE#         112
  C:6F32H         LINE#         113
  -------         ENDPROC       TM0_ISR
  -------         PROC          TM1_ISR
  C:7148H         LINE#         114
BL51 BANKED LINKER/LOCATER V6.22                                                      08/19/2019  09:43:18  PAGE 11


  C:7148H         LINE#         116
  C:714AH         LINE#         118
  C:714DH         LINE#         119
  C:7150H         LINE#         120
  -------         ENDPROC       TM1_ISR
  -------         PROC          EXINT0
  C:60B9H         LINE#         121
  C:60D6H         LINE#         125
  C:60D9H         LINE#         126
  C:60D9H         LINE#         127
  C:60DCH         LINE#         128
  C:60DFH         LINE#         129
  C:60E1H         LINE#         130
  C:60E3H         LINE#         134
  C:60E6H         LINE#         137
  C:60E6H         LINE#         138
  C:60E8H         LINE#         140
  C:60F4H         LINE#         141
  C:614EH         LINE#         142
  C:618CH         LINE#         143
  C:6193H         LINE#         148
  C:6193H         LINE#         150
  -------         ENDPROC       EXINT0
  -------         PROC          MAIN
  -------         DO            
  X:0519H         SYMBOL        KeyCount
  X:051BH         SYMBOL        KeyNum_Old
  X:051CH         SYMBOL        KeyNum
  X:051DH         SYMBOL        PressedKey
  X:03CAH         SYMBOL        prox_flag
  X:03CBH         SYMBOL        iUse_prevday_calib_value
  X:03CDH         SYMBOL        max_ADC_Val_JP
  X:03CFH         SYMBOL        max_ADC_Val
  X:03D1H         SYMBOL        calib_point1
  X:03D9H         SYMBOL        calib_point2
  X:03E1H         SYMBOL        dat_to_store
  X:03ECH         SYMBOL        calib_day
  X:03EEH         SYMBOL        calib_count
  X:03F0H         SYMBOL        theorical_JP_max_pos
  X:03F4H         SYMBOL        elevation
  -------         ENDDO         
  C:0026H         LINE#         152
  C:0026H         LINE#         153
  C:0026H         LINE#         158
  C:002CH         LINE#         159
  C:0031H         LINE#         161
  C:0039H         LINE#         165
  C:003FH         LINE#         166
  C:0049H         LINE#         177
  C:0051H         LINE#         178
  C:0058H         LINE#         179
  C:005EH         LINE#         181
  C:0064H         LINE#         193
  C:0067H         LINE#         194
  C:006AH         LINE#         195
  C:006DH         LINE#         197
  C:0070H         LINE#         200
BL51 BANKED LINKER/LOCATER V6.22                                                      08/19/2019  09:43:18  PAGE 12


  C:0073H         LINE#         201
  C:0076H         LINE#         203
  C:0079H         LINE#         205
  C:007CH         LINE#         206
  C:007FH         LINE#         207
  C:0082H         LINE#         208
  C:0084H         LINE#         209
  C:0086H         LINE#         210
  C:0089H         LINE#         211
  C:008BH         LINE#         212
  C:008DH         LINE#         214
  C:008FH         LINE#         215
  C:0096H         LINE#         216
  C:009DH         LINE#         217
  C:00A4H         LINE#         218
  C:00ABH         LINE#         222
  C:00B2H         LINE#         223
  C:00B7H         LINE#         224
  C:00BCH         LINE#         225
  C:00C1H         LINE#         226
  C:00C6H         LINE#         227
  C:00CBH         LINE#         230
  C:00D2H         LINE#         231
  C:00D2H         LINE#         232
  C:00F5H         LINE#         233
  C:013FH         LINE#         234
  C:0154H         LINE#         235
  C:0171H         LINE#         236
  C:0174H         LINE#         239
  C:017BH         LINE#         242
  C:017EH         LINE#         244
  C:0185H         LINE#         245
  C:018EH         LINE#         248
  C:018EH         LINE#         249
  C:018EH         LINE#         250
  C:0191H         LINE#         260
  C:0191H         LINE#         264
  C:0196H         LINE#         265
  C:019BH         LINE#         267
  C:01A0H         LINE#         269
  C:01A5H         LINE#         270
  C:01AAH         LINE#         273
  C:01BBH         LINE#         275
  C:01C0H         LINE#         276
  C:01C5H         LINE#         278
  C:01CCH         LINE#         279
  C:01D4H         LINE#         280
  C:01D9H         LINE#         281
  C:01E1H         LINE#         282
  C:01E6H         LINE#         283
  C:01F0H         LINE#         284
  C:01F5H         LINE#         285
  C:01FDH         LINE#         287
  C:0205H         LINE#         288
  C:020AH         LINE#         289
  C:0214H         LINE#         290
  C:0214H         LINE#         291
BL51 BANKED LINKER/LOCATER V6.22                                                      08/19/2019  09:43:18  PAGE 13


  C:0216H         LINE#         292
  C:0218H         LINE#         293
  C:0222H         LINE#         294
  C:0222H         LINE#         295
  C:0227H         LINE#         296
  C:0227H         LINE#         308
  C:023BH         LINE#         309
  C:023BH         LINE#         310
  C:0250H         LINE#         311
  C:025FH         LINE#         312
  C:025FH         LINE#         313
  C:0272H         LINE#         314
  C:0274H         LINE#         316
  C:0274H         LINE#         317
  C:0290H         LINE#         318
  C:0290H         LINE#         319
  C:0295H         LINE#         320
  C:0295H         LINE#         321
  C:02A9H         LINE#         322
  C:02A9H         LINE#         325
  C:02BEH         LINE#         326
  C:02CDH         LINE#         327
  C:02CDH         LINE#         328
  C:02E0H         LINE#         329
  C:02E2H         LINE#         331
  C:02E2H         LINE#         332
  C:02FEH         LINE#         333
  C:02FEH         LINE#         334
  C:0303H         LINE#         335
  C:0309H         LINE#         336
  C:0309H         LINE#         338
  C:032BH         LINE#         339
  C:032BH         LINE#         340
  C:0335H         LINE#         341
  C:033BH         LINE#         342
  C:0342H         LINE#         343
  C:0348H         LINE#         344
  C:034FH         LINE#         345
  C:034FH         LINE#         346
  C:0352H         LINE#         348
  C:0352H         LINE#         353
  C:035AH         LINE#         354
  C:0395H         LINE#         355
  C:03B3H         LINE#         356
  C:03B3H         LINE#         358
  C:03BCH         LINE#         359
  C:03C3H         LINE#         360
  C:03CCH         LINE#         361
  C:03D3H         LINE#         363
  C:03D3H         LINE#         367
  C:03E0H         LINE#         368
  C:03E0H         LINE#         371
  C:03E7H         LINE#         372
  C:03F8H         LINE#         375
  C:03F8H         LINE#         376
  C:0420H         LINE#         377
  C:0420H         LINE#         378
BL51 BANKED LINKER/LOCATER V6.22                                                      08/19/2019  09:43:18  PAGE 14


  C:0442H         LINE#         379
  C:0442H         LINE#         381
  C:0468H         LINE#         382
  C:04BEH         LINE#         383
  C:04C7H         LINE#         384
  C:04CEH         LINE#         385
  C:04D7H         LINE#         386
  C:04E0H         LINE#         387
  C:04E7H         LINE#         393
  C:04E7H         LINE#         399
  C:04E7H         LINE#         401
  C:0563H         LINE#         402
  C:057CH         LINE#         403
  C:057EH         LINE#         404
  C:0580H         LINE#         406
  C:060AH         LINE#         411
  C:0638H         LINE#         412
  C:0638H         LINE#         414
  C:066EH         LINE#         415
  C:0691H         LINE#         416
  C:06A6H         LINE#         417
  C:06B0H         LINE#         419
  C:06B3H         LINE#         421
  C:06B3H         LINE#         422
  C:06D9H         LINE#         423
  C:06D9H         LINE#         424
  C:06FEH         LINE#         425
  C:0764H         LINE#         426
  C:078AH         LINE#         427
  C:0832H         LINE#         430
  C:0832H         LINE#         432
  C:0839H         LINE#         433
  C:083CH         LINE#         436
  C:0871H         LINE#         437
  C:0878H         LINE#         438
  C:087BH         LINE#         440
  C:08B5H         LINE#         441
  C:08CBH         LINE#         443
  C:08E4H         LINE#         445
  C:08EBH         LINE#         446
  C:08F2H         LINE#         447
  C:08F5H         LINE#         450
  C:094AH         LINE#         452
  C:0951H         LINE#         454
  C:0958H         LINE#         455
  C:095BH         LINE#         458
  C:0A07H         LINE#         460
  C:0A0EH         LINE#         461
  C:0A0EH         LINE#         463
  C:0A10H         LINE#         465
  C:0A10H         LINE#         467
  C:0A10H         LINE#         468
  C:0A10H         LINE#         469
  C:0A10H         LINE#         486
  C:0A18H         LINE#         487
  C:0A20H         LINE#         488
  C:0A28H         LINE#         489
BL51 BANKED LINKER/LOCATER V6.22                                                      08/19/2019  09:43:18  PAGE 15


  C:0A30H         LINE#         491
  C:0A44H         LINE#         492
  C:0A5AH         LINE#         493
  C:0A8AH         LINE#         494
  C:0AAAH         LINE#         496
  C:0ABEH         LINE#         497
  C:0AD4H         LINE#         498
  C:0B04H         LINE#         499
  C:0B0BH         LINE#         501
  C:0B2FH         LINE#         504
  C:0B5AH         LINE#         506
  C:0B63H         LINE#         507
  C:0B6AH         LINE#         508
  C:0B73H         LINE#         509
  C:0B7CH         LINE#         510
  C:0B83H         LINE#         512
  C:0BC0H         LINE#         514
  C:0BC9H         LINE#         515
  C:0BD0H         LINE#         516
  C:0BD9H         LINE#         517
  C:0BE2H         LINE#         518
  C:0BE9H         LINE#         520
  C:0C14H         LINE#         522
  C:0C1DH         LINE#         523
  C:0C24H         LINE#         524
  C:0C2DH         LINE#         525
  C:0C36H         LINE#         526
  C:0C3DH         LINE#         528
  C:0C68H         LINE#         530
  C:0C71H         LINE#         531
  C:0C78H         LINE#         532
  C:0C81H         LINE#         533
  C:0C88H         LINE#         534
  C:0C91H         LINE#         535
  C:0C98H         LINE#         537
  C:0C9AH         LINE#         539
  C:0CA8H         LINE#         540
  C:0CA8H         LINE#         541
  C:0CB0H         LINE#         544
  C:0CB0H         LINE#         545
  C:0CB0H         LINE#         547
  C:0CD5H         LINE#         548
  C:0CD5H         LINE#         549
  C:0CF7H         LINE#         550
  C:0CF7H         LINE#         551
  C:0D73H         LINE#         552
  C:0D75H         LINE#         553
  C:0D77H         LINE#         555
  C:0DCFH         LINE#         558
  C:0DDEH         LINE#         559
  C:0DDEH         LINE#         560
  C:0DDEH         LINE#         561
  C:0DDEH         LINE#         562
  C:0DDEH         LINE#         563
  C:0DDEH         LINE#         564
  C:0DDEH         LINE#         565
  C:0DDEH         LINE#         568
BL51 BANKED LINKER/LOCATER V6.22                                                      08/19/2019  09:43:18  PAGE 16


  C:0DDEH         LINE#         570
  C:0DDEH         LINE#         571
  C:0DDEH         LINE#         572
  C:0DDEH         LINE#         573
  C:0DDEH         LINE#         577
  C:0DDEH         LINE#         579
  C:0DDEH         LINE#         581
  C:0DDEH         LINE#         582
  C:0DDEH         LINE#         583
  C:0DDEH         LINE#         584
  C:0DDEH         LINE#         585
  C:0DDEH         LINE#         586
  C:0DDEH         LINE#         589
  C:0DDEH         LINE#         591
  C:0DDEH         LINE#         592
  C:0DDEH         LINE#         593
  C:0DDEH         LINE#         594
  C:0DDEH         LINE#         595
  C:0DDEH         LINE#         596
  C:0DDEH         LINE#         597
  C:0DDEH         LINE#         599
  C:0DE1H         LINE#         602
  C:0E08H         LINE#         603
  C:0E08H         LINE#         606
  C:0E2AH         LINE#         607
  C:0E2AH         LINE#         608
  C:0EA6H         LINE#         610
  C:0ED3H         LINE#         613
  C:0EF4H         LINE#         614
  C:0F6FH         LINE#         615
  C:0F95H         LINE#         616
  C:1013H         LINE#         617
  C:1015H         LINE#         618
  C:1017H         LINE#         620
  C:1050H         LINE#         621
  C:1050H         LINE#         623
  C:107BH         LINE#         624
  C:10F3H         LINE#         625
  C:111FH         LINE#         626
  C:11AEH         LINE#         629
  C:1216H         LINE#         630
  C:1218H         LINE#         632
  C:1218H         LINE#         633
  C:127BH         LINE#         634
  C:127BH         LINE#         637
  C:128AH         LINE#         638
  C:128AH         LINE#         639
  C:1308H         LINE#         640
  C:1311H         LINE#         641
  C:1318H         LINE#         642
  C:1321H         LINE#         643
  C:132AH         LINE#         644
  C:1331H         LINE#         647
  C:135CH         LINE#         649
  C:1365H         LINE#         650
  C:136CH         LINE#         651
  C:1375H         LINE#         652
BL51 BANKED LINKER/LOCATER V6.22                                                      08/19/2019  09:43:18  PAGE 17


  C:137EH         LINE#         656
  C:1385H         LINE#         658
  C:13B0H         LINE#         660
  C:13B9H         LINE#         661
  C:13C0H         LINE#         662
  C:13C9H         LINE#         663
  C:13D0H         LINE#         665
  C:13D9H         LINE#         666
  C:13E0H         LINE#         669
  C:141EH         LINE#         671
  C:1427H         LINE#         672
  C:142EH         LINE#         673
  C:1437H         LINE#         674
  C:1440H         LINE#         675
  C:1447H         LINE#         676
  C:1447H         LINE#         678
  C:1447H         LINE#         680
  C:1447H         LINE#         681
  C:1447H         LINE#         683
  C:1447H         LINE#         687
  C:1463H         LINE#         688
  C:1463H         LINE#         689
  C:1465H         LINE#         692
  C:1468H         LINE#         694
  C:1496H         LINE#         695
  C:1496H         LINE#         696
  C:1498H         LINE#         700
  C:149EH         LINE#         701
  C:149EH         LINE#         704
  C:14ADH         LINE#         705
  C:14ADH         LINE#         706
  C:14DFH         LINE#         707
  C:14DFH         LINE#         708
  C:155EH         LINE#         710
  C:1565H         LINE#         711
  C:1568H         LINE#         713
  C:15A2H         LINE#         714
  C:15B8H         LINE#         716
  C:15D1H         LINE#         718
  C:15D8H         LINE#         719
  C:15DFH         LINE#         720
  C:15E2H         LINE#         722
  C:1637H         LINE#         723
  C:163EH         LINE#         725
  C:1645H         LINE#         726
  C:1648H         LINE#         728
  C:16F4H         LINE#         729
  C:16FBH         LINE#         730
  C:170CH         LINE#         733
  C:1720H         LINE#         734
  C:1734H         LINE#         735
  C:1743H         LINE#         736
  C:1743H         LINE#         738
  C:1776H         LINE#         739
  C:1776H         LINE#         740
  C:179CH         LINE#         742
  C:17BBH         LINE#         744
BL51 BANKED LINKER/LOCATER V6.22                                                      08/19/2019  09:43:18  PAGE 18


  C:17CDH         LINE#         747
  C:17F7H         LINE#         750
  C:1806H         LINE#         751
  C:1809H         LINE#         754
  C:183AH         LINE#         755
  C:183AH         LINE#         757
  C:1860H         LINE#         759
  C:187FH         LINE#         760
  C:1891H         LINE#         763
  C:18BBH         LINE#         766
  C:18CBH         LINE#         767
  C:18D1H         LINE#         768
  C:18E5H         LINE#         769
  C:18F9H         LINE#         770
  C:1901H         LINE#         771
  C:190EH         LINE#         772
  C:190EH         LINE#         773
  C:1932H         LINE#         774
  C:1932H         LINE#         775
  C:197CH         LINE#         776
  C:1983H         LINE#         777
  C:1986H         LINE#         780
  C:19AAH         LINE#         782
  C:19B1H         LINE#         783
  C:19B4H         LINE#         785
  C:19E7H         LINE#         786
  C:1A06H         LINE#         788
  C:1A28H         LINE#         790
  C:1A2FH         LINE#         792
  C:1A36H         LINE#         793
  C:1A39H         LINE#         795
  C:1A8EH         LINE#         796
  C:1A95H         LINE#         798
  C:1A9CH         LINE#         799
  C:1A9FH         LINE#         801
  C:1B4BH         LINE#         802
  C:1B52H         LINE#         803
  C:1B63H         LINE#         804
  C:1B63H         LINE#         805
  C:1B63H         LINE#         809
  C:1B85H         LINE#         810
  C:1B92H         LINE#         811
  C:1B92H         LINE#         812
  C:1BB5H         LINE#         813
  C:1BB5H         LINE#         814
  C:1C05H         LINE#         815
  C:1C05H         LINE#         816
  C:1C0CH         LINE#         817
  C:1C0FH         LINE#         819
  C:1C49H         LINE#         820
  C:1C5FH         LINE#         822
  C:1C78H         LINE#         824
  C:1C7FH         LINE#         825
  C:1C86H         LINE#         826
  C:1C89H         LINE#         828
  C:1CDEH         LINE#         829
  C:1CE5H         LINE#         831
BL51 BANKED LINKER/LOCATER V6.22                                                      08/19/2019  09:43:18  PAGE 19


  C:1CECH         LINE#         832
  C:1CEFH         LINE#         834
  C:1D9BH         LINE#         835
  C:1DA2H         LINE#         836
  C:1DA2H         LINE#         837
  C:1DB3H         LINE#         838
  C:1DB3H         LINE#         839
  C:1DB3H         LINE#         841
  C:1DC2H         LINE#         842
  C:1DC2H         LINE#         843
  C:1DC5H         LINE#         844
  C:1DCCH         LINE#         845
  C:1DD1H         LINE#         846
  C:1DD6H         LINE#         847
  C:1DDBH         LINE#         848
  C:1DE0H         LINE#         849
  C:1DE5H         LINE#         859
  C:1DE8H         LINE#         861
  C:1DEBH         LINE#         862
  C:1DF2H         LINE#         863
  C:1DFCH         LINE#         864
  C:1E03H         LINE#         866
  C:1E06H         LINE#         875
  C:1E06H         LINE#         876
  -------         ENDPROC       MAIN
  -------         PROC          UART
  C:000EH         LINE#         890
  C:000EH         LINE#         892
  C:0011H         LINE#         893
  C:0011H         LINE#         894
  C:0013H         LINE#         896
  C:0013H         LINE#         897
  C:0016H         LINE#         898
  C:0016H         LINE#         899
  C:0018H         LINE#         900
  C:001AH         LINE#         901
  C:001AH         LINE#         902
  -------         ENDPROC       UART
  -------         PROC          _SENDUART1
  D:0007H         SYMBOL        dat
  C:7151H         LINE#         904
  C:7151H         LINE#         905
  C:7151H         LINE#         906
  C:7154H         LINE#         907
  C:7156H         LINE#         908
  C:7157H         LINE#         909
  C:7159H         LINE#         910
  -------         ENDPROC       _SENDUART1
  -------         ENDMOD        MAIN

  -------         MODULE        PCF85063BTL
  C:0000H         SYMBOL        _ICE_DUMMY_
  D:0096H         PUBLIC        P2M0
  D:0080H         PUBLIC        P0
  D:0095H         PUBLIC        P2M1
  D:0090H         PUBLIC        P1
  D:00A0H         PUBLIC        P2
BL51 BANKED LINKER/LOCATER V6.22                                                      08/19/2019  09:43:18  PAGE 20


  D:00B0H         PUBLIC        P3
  D:00C0H         PUBLIC        P4
  D:00C8H         PUBLIC        P5
  D:00E8H         PUBLIC        P6
  B:00A0H.1       PUBLIC        PCF85063BTL_SDI
  D:00F8H         PUBLIC        P7
  B:00A0H.2       PUBLIC        PCF85063BTL_SCK
  B:00A0H.1       PUBLIC        PCF85063BTL_SDO
  D:00A8H         PUBLIC        IE
  C:69D3H         PUBLIC        _Read_time
  C:7073H         PUBLIC        _PCF85063BTL_Delay
  D:00B8H         PUBLIC        IP
  D:00D8H         PUBLIC        CCON
  C:6860H         PUBLIC        _Day_Of_Year
  C:6F59H         PUBLIC        SPI_ReceiveByte
  D:0098H         PUBLIC        SCON
  D:0088H         PUBLIC        TCON
  C:70A6H         PUBLIC        _BCDtoDec
  B:00A0H.0       PUBLIC        PCF85063BTL_CS
  C:7095H         PUBLIC        _SPI_ReadTime
  C:70F5H         PUBLIC        SPI_Init
  C:6FE9H         PUBLIC        _SPI_WriteTime
  C:6F39H         PUBLIC        _SPI_SendByte
  D:00D0H         PUBLIC        PSW
  C:706FH         SYMBOL        L?0048
  -------         PROC          L?0047
  -------         ENDPROC       L?0047
  C:706FH         SYMBOL        L?0048
  -------         PROC          _PCF85063BTL_DELAY
  D:0006H         SYMBOL        us
  C:7073H         LINE#         8
  C:7073H         LINE#         9
  C:7073H         LINE#         10
  C:707DH         LINE#         11
  C:707DH         LINE#         12
  C:707EH         LINE#         13
  C:7080H         LINE#         14
  -------         ENDPROC       _PCF85063BTL_DELAY
  -------         PROC          _SPI_SENDBYTE
  D:0005H         SYMBOL        dat
  -------         DO            
  D:0003H         SYMBOL        i
  -------         ENDDO         
  C:6F39H         LINE#         17
  C:6F3BH         LINE#         18
  C:6F3BH         LINE#         20
  C:6F3DH         LINE#         21
  C:6F3DH         LINE#         22
  C:6F3FH         LINE#         23
  C:6F43H         LINE#         24
  C:6F43H         LINE#         25
  C:6F45H         LINE#         26
  C:6F47H         LINE#         28
  C:6F47H         LINE#         29
  C:6F49H         LINE#         30
  C:6F49H         LINE#         31
  C:6F4CH         LINE#         32
BL51 BANKED LINKER/LOCATER V6.22                                                      08/19/2019  09:43:18  PAGE 21


  C:6F4CH         LINE#         33
  C:6F4FH         LINE#         34
  C:6F53H         LINE#         35
  C:6F58H         LINE#         36
  -------         ENDPROC       _SPI_SENDBYTE
  -------         PROC          SPI_RECEIVEBYTE
  -------         DO            
  D:0003H         SYMBOL        i
  D:0005H         SYMBOL        dat
  -------         ENDDO         
  C:6F59H         LINE#         39
  C:6F59H         LINE#         40
  C:6F59H         LINE#         42
  C:6F5BH         LINE#         44
  C:6F5DH         LINE#         45
  C:6F5EH         LINE#         46
  C:6F5EH         LINE#         47
  C:6F62H         LINE#         48
  C:6F64H         LINE#         49
  C:6F67H         LINE#         51
  C:6F6AH         LINE#         52
  C:6F6AH         LINE#         53
  C:6F6EH         LINE#         54
  C:6F6EH         LINE#         55
  C:6F6EH         LINE#         56
  C:6F71H         LINE#         57
  C:6F76H         LINE#         58
  C:6F78H         LINE#         59
  -------         ENDPROC       SPI_RECEIVEBYTE
  -------         PROC          _SPI_READTIME
  D:0007H         SYMBOL        addr
  -------         DO            
  D:0006H         SYMBOL        dat
  -------         ENDDO         
  C:7095H         LINE#         61
  C:7095H         LINE#         62
  C:7095H         LINE#         64
  C:7097H         LINE#         65
  C:7099H         LINE#         66
  C:70A0H         LINE#         67
  C:70A3H         LINE#         68
  C:70A5H         LINE#         69
  C:70A5H         LINE#         70
  -------         ENDPROC       _SPI_READTIME
  -------         PROC          _SPI_WRITETIME
  D:0002H         SYMBOL        val
  D:0005H         SYMBOL        addr
  C:6FE9H         LINE#         71
  C:6FEBH         LINE#         72
  C:6FEBH         LINE#         74
  C:6FEDH         LINE#         75
  C:6FF4H         LINE#         76
  C:6FF9H         LINE#         77
  C:6FFEH         LINE#         78
  C:7000H         LINE#         79
  -------         ENDPROC       _SPI_WRITETIME
  -------         PROC          SPI_INIT
BL51 BANKED LINKER/LOCATER V6.22                                                      08/19/2019  09:43:18  PAGE 22


  C:70F5H         LINE#         83
  C:70F5H         LINE#         84
  C:70F5H         LINE#         89
  C:70F8H         LINE#         90
  C:70FBH         LINE#         91
  C:70FDH         LINE#         92
  C:70FFH         LINE#         93
  C:7101H         LINE#         94
  -------         ENDPROC       SPI_INIT
  -------         PROC          _READ_TIME
  X:04E9H         SYMBOL        months
  X:04ECH         SYMBOL        days
  X:04EFH         SYMBOL        hours
  X:04F2H         SYMBOL        mins
  X:04F5H         SYMBOL        seconds
  C:69D3H         LINE#         96
  C:69DEH         LINE#         97
  C:69DEH         LINE#         99
  C:69F2H         LINE#         101
  C:6A06H         LINE#         103
  C:6A1AH         LINE#         108
  C:6A2EH         LINE#         113
  -------         ENDPROC       _READ_TIME
  -------         PROC          _BCDTODEC
  D:0007H         SYMBOL        bcd
  -------         DO            
  D:0006H         SYMBOL        hi
  D:0007H         SYMBOL        lo
  -------         ENDDO         
  C:70A6H         LINE#         119
  C:70A6H         LINE#         120
  C:70A6H         LINE#         122
  C:70ABH         LINE#         123
  C:70AFH         LINE#         124
  C:70B6H         LINE#         125
  -------         ENDPROC       _BCDTODEC
  -------         PROC          _DAY_OF_YEAR
  D:0007H         SYMBOL        months_bcd
  D:0005H         SYMBOL        days_bcd
  -------         DO            
  D:0004H         SYMBOL        months
  D:0007H         SYMBOL        days
  -------         ENDDO         
  C:6860H         LINE#         126
  C:6860H         LINE#         127
  C:6860H         LINE#         130
  C:6865H         LINE#         132
  C:686AH         LINE#         134
  C:68A3H         LINE#         135
  C:68A3H         LINE#         136
  C:68A3H         LINE#         137
  C:68A6H         LINE#         138
  C:68A6H         LINE#         139
  C:68A6H         LINE#         140
  C:68ABH         LINE#         141
  C:68ABH         LINE#         142
  C:68ABH         LINE#         143
BL51 BANKED LINKER/LOCATER V6.22                                                      08/19/2019  09:43:18  PAGE 23


  C:68B0H         LINE#         144
  C:68B0H         LINE#         145
  C:68B0H         LINE#         146
  C:68B5H         LINE#         147
  C:68B5H         LINE#         148
  C:68B5H         LINE#         149
  C:68BAH         LINE#         150
  C:68BAH         LINE#         151
  C:68BAH         LINE#         152
  C:68BFH         LINE#         153
  C:68BFH         LINE#         154
  C:68BFH         LINE#         155
  C:68C4H         LINE#         156
  C:68C4H         LINE#         157
  C:68C4H         LINE#         158
  C:68C9H         LINE#         159
  C:68C9H         LINE#         160
  C:68C9H         LINE#         161
  C:68D1H         LINE#         162
  C:68D1H         LINE#         163
  C:68D1H         LINE#         164
  C:68D6H         LINE#         165
  C:68D6H         LINE#         166
  C:68D6H         LINE#         167
  C:68DBH         LINE#         168
  C:68DBH         LINE#         169
  C:68DBH         LINE#         170
  C:68E4H         LINE#         171
  C:68E4H         LINE#         172
  C:68E4H         LINE#         173
  C:68E7H         LINE#         174
  C:68E7H         LINE#         175
  -------         ENDPROC       _DAY_OF_YEAR
  -------         ENDMOD        PCF85063BTL

  -------         MODULE        LCD_DRIVER_SPLC780D
  C:0000H         SYMBOL        _ICE_DUMMY_
  D:0092H         PUBLIC        P1M0
  D:0091H         PUBLIC        P1M1
  D:0080H         PUBLIC        P0
  D:0090H         PUBLIC        P1
  D:00A0H         PUBLIC        P2
  D:00B0H         PUBLIC        P3
  D:00C0H         PUBLIC        P4
  D:00C8H         PUBLIC        P5
  D:00E8H         PUBLIC        P6
  D:00F8H         PUBLIC        P7
  C:68ECH         PUBLIC        _WriteData
  D:00A8H         PUBLIC        IE
  D:00B8H         PUBLIC        IP
  D:00D8H         PUBLIC        CCON
  B:00B0H.4       PUBLIC        LCD_D4
  B:00B0H.5       PUBLIC        LCD_D5
  B:00B0H.6       PUBLIC        LCD_D6
  C:6F97H         PUBLIC        _DisplayLCD
  B:00B0H.7       PUBLIC        LCD_D7
  D:0098H         PUBLIC        SCON
BL51 BANKED LINKER/LOCATER V6.22                                                      08/19/2019  09:43:18  PAGE 24


  D:0088H         PUBLIC        TCON
  C:713EH         PUBLIC        LCD_clear
  C:6C6EH         PUBLIC        _Command
  C:702EH         PUBLIC        _Display_Line
  C:6A9CH         PUBLIC        LCD_Init
  C:6ED6H         PUBLIC        _Wait_ms
  B:00C0H.0       PUBLIC        LCD_RS
  B:0090H.3       PUBLIC        LCD_RW
  C:7134H         PUBLIC        LCD_return_home
  C:5B07H         PUBLIC        _Display_Pos
  B:00B0H.3       PUBLIC        LCD_E
  D:00D0H         PUBLIC        PSW
  -------         PROC          LCD_INIT
  C:6A9CH         LINE#         9
  C:6A9CH         LINE#         10
  C:6A9CH         LINE#         11
  C:6A9FH         LINE#         12
  C:6AA2H         LINE#         14
  C:6AA8H         LINE#         15
  C:6AADH         LINE#         17
  C:6AB4H         LINE#         18
  C:6AB9H         LINE#         20
  C:6ABCH         LINE#         21
  C:6AC1H         LINE#         23
  C:6AC4H         LINE#         24
  C:6AC9H         LINE#         26
  C:6AD0H         LINE#         29
  C:6AD5H         LINE#         30
  C:6ADAH         LINE#         32
  C:6ADFH         LINE#         33
  C:6AE4H         LINE#         35
  C:6AE9H         LINE#         36
  C:6AEEH         LINE#         37
  -------         ENDPROC       LCD_INIT
  C:68E8H         SYMBOL        L?0035
  -------         PROC          L?0034
  -------         ENDPROC       L?0034
  C:68E8H         SYMBOL        L?0035
  -------         PROC          _WRITEDATA
  X:04F4H         SYMBOL        dat
  C:68ECH         LINE#         40
  C:68F1H         LINE#         41
  C:68F1H         LINE#         46
  C:68F3H         LINE#         47
  C:68F5H         LINE#         49
  C:6903H         LINE#         50
  C:690FH         LINE#         51
  C:691BH         LINE#         52
  C:6925H         LINE#         53
  C:6927H         LINE#         54
  C:692EH         LINE#         55
  C:6930H         LINE#         57
  C:6940H         LINE#         58
  C:694BH         LINE#         59
  C:6955H         LINE#         60
  C:6959H         LINE#         62
  C:6959H         LINE#         63
BL51 BANKED LINKER/LOCATER V6.22                                                      08/19/2019  09:43:18  PAGE 25


  C:695CH         LINE#         64
  C:695EH         LINE#         65
  C:6960H         LINE#         67
  -------         ENDPROC       _WRITEDATA
  -------         PROC          _COMMAND
  D:0007H         SYMBOL        dat
  C:6C6EH         LINE#         69
  C:6C6EH         LINE#         70
  C:6C6EH         LINE#         71
  C:6C70H         LINE#         72
  C:6C72H         LINE#         74
  C:6C7CH         LINE#         75
  C:6C80H         LINE#         77
  C:6C82H         LINE#         78
  C:6C8BH         LINE#         79
  C:6C8FH         LINE#         81
  C:6C91H         LINE#         82
  C:6C98H         LINE#         83
  C:6C9CH         LINE#         85
  C:6C9EH         LINE#         86
  C:6CA2H         LINE#         87
  C:6CA6H         LINE#         89
  C:6CA8H         LINE#         90
  C:6CA8H         LINE#         91
  C:6CABH         LINE#         92
  C:6CADH         LINE#         93
  -------         ENDPROC       _COMMAND
  C:6ED2H         SYMBOL        L?0037
  -------         PROC          L?0036
  -------         ENDPROC       L?0036
  C:6ED2H         SYMBOL        L?0037
  -------         PROC          _WAIT_MS
  D:0006H         SYMBOL        ms
  -------         DO            
  D:0004H         SYMBOL        De_Cnt
  -------         ENDDO         
  C:6ED6H         LINE#         95
  C:6ED6H         LINE#         96
  C:6ED6H         LINE#         98
  C:6EE0H         LINE#         99
  C:6EE0H         LINE#         100
  C:6EF3H         LINE#         101
  C:6EF3H         LINE#         102
  -------         ENDPROC       _WAIT_MS
  -------         PROC          _DISPLAYLCD
  D:0007H         SYMBOL        BCD
  -------         DO            
  D:0006H         SYMBOL        first_digit
  X:03F8H         SYMBOL        second_digit
  -------         ENDDO         
  C:6F97H         LINE#         103
  C:6F97H         LINE#         104
  C:6F97H         LINE#         106
  C:6F9EH         LINE#         107
  C:6FA7H         LINE#         109
  C:6FACH         LINE#         111
  -------         ENDPROC       _DISPLAYLCD
BL51 BANKED LINKER/LOCATER V6.22                                                      08/19/2019  09:43:18  PAGE 26


  -------         PROC          LCD_RETURN_HOME
  C:7134H         LINE#         115
  C:7134H         LINE#         116
  C:7134H         LINE#         117
  C:7139H         LINE#         118
  -------         ENDPROC       LCD_RETURN_HOME
  -------         PROC          LCD_CLEAR
  C:713EH         LINE#         121
  C:713EH         LINE#         122
  C:713EH         LINE#         123
  C:7143H         LINE#         124
  -------         ENDPROC       LCD_CLEAR
  -------         PROC          _DISPLAY_LINE
  D:0006H         SYMBOL        line
  C:702EH         LINE#         128
  C:702EH         LINE#         129
  C:702EH         LINE#         130
  C:7034H         LINE#         131
  C:7034H         LINE#         132
  C:7036H         LINE#         133
  C:7036H         LINE#         134
  C:7038H         LINE#         136
  C:7038H         LINE#         137
  C:703DH         LINE#         138
  C:7042H         LINE#         139
  C:7042H         LINE#         140
  -------         ENDPROC       _DISPLAY_LINE
  -------         PROC          _DISPLAY_POS
  X:04E9H         SYMBOL        sign_dat
  -------         DO            
  X:04EDH         SYMBOL        unit
  X:04EEH         SYMBOL        ten
  X:04EFH         SYMBOL        hundred
  X:04F0H         SYMBOL        thousand
  X:04F1H         SYMBOL        after_dot
  X:04F2H         SYMBOL        dat
  -------         ENDDO         
  C:5B07H         LINE#         142
  C:5B0DH         LINE#         143
  C:5B0DH         LINE#         147
  C:5B29H         LINE#         148
  C:5B43H         LINE#         149
  C:5B67H         LINE#         151
  C:5BB1H         LINE#         153
  C:5BC8H         LINE#         154
  C:5BDAH         LINE#         155
  C:5BFFH         LINE#         156
  C:5C19H         LINE#         157
  C:5C31H         LINE#         158
  C:5C31H         LINE#         159
  C:5C31H         LINE#         160
  C:5C31H         LINE#         161
  C:5C31H         LINE#         162
  C:5C31H         LINE#         163
  C:5C31H         LINE#         164
  C:5C31H         LINE#         168
  C:5C33H         LINE#         170
BL51 BANKED LINKER/LOCATER V6.22                                                      08/19/2019  09:43:18  PAGE 27


  C:5C33H         LINE#         172
  C:5C38H         LINE#         173
  C:5C3EH         LINE#         174
  C:5C44H         LINE#         175
  C:5C4AH         LINE#         176
  C:5C50H         LINE#         177
  C:5C55H         LINE#         178
  C:5C5BH         LINE#         182
  C:5C5BH         LINE#         184
  -------         ENDPROC       _DISPLAY_POS
  -------         ENDMOD        LCD_DRIVER_SPLC780D

  -------         MODULE        KEYPAD
  C:0000H         SYMBOL        _ICE_DUMMY_
  D:0093H         PUBLIC        P0M1
  D:0080H         PUBLIC        P0
  D:0090H         PUBLIC        P1
  D:00A0H         PUBLIC        P2
  D:00B0H         PUBLIC        P3
  D:00C0H         PUBLIC        P4
  D:00C8H         PUBLIC        P5
  D:00E8H         PUBLIC        P6
  D:00F8H         PUBLIC        P7
  D:00A8H         PUBLIC        IE
  C:5503H         PUBLIC        Key_Scan
  D:00B8H         PUBLIC        IP
  D:00D8H         PUBLIC        CCON
  C:711CH         PUBLIC        KeyPad_IO_Init
  C:6F79H         PUBLIC        _Delay_ms
  D:0098H         PUBLIC        SCON
  D:0088H         PUBLIC        TCON
  X:0645H         PUBLIC        small_move
  X:0647H         PUBLIC        move
  X:0649H         PUBLIC        auto_mode
  X:064BH         PUBLIC        direction
  X:064DH         PUBLIC        SPI_NOR_ClearEnable
  C:4C30H         PUBLIC        Key_Process
  D:00D0H         PUBLIC        PSW
  D:0094H         PUBLIC        P0M0
  -------         PROC          _DELAY_MS
  D:0006H         SYMBOL        ms
  -------         DO            
  D:0004H         SYMBOL        De_Cnt
  -------         ENDDO         
  C:6F79H         LINE#         20
  C:6F79H         LINE#         21
  C:6F79H         LINE#         23
  C:6F83H         LINE#         24
  C:6F83H         LINE#         25
  C:6F96H         LINE#         26
  C:6F96H         LINE#         27
  -------         ENDPROC       _DELAY_MS
  -------         PROC          KEY_SCAN
  -------         DO            
  X:03FEH         SYMBOL        KeyTemp1
  X:03FFH         SYMBOL        KeyTemp2
  X:0400H         SYMBOL        KeyValue
BL51 BANKED LINKER/LOCATER V6.22                                                      08/19/2019  09:43:18  PAGE 28


  -------         ENDDO         
  C:5503H         LINE#         28
  C:5503H         LINE#         29
  C:5503H         LINE#         34
  C:5506H         LINE#         37
  C:5509H         LINE#         39
  C:5511H         LINE#         40
  C:5518H         LINE#         41
  C:5518H         LINE#         43
  C:551DH         LINE#         44
  C:5524H         LINE#         45
  C:5524H         LINE#         48
  C:5527H         LINE#         49
  C:552AH         LINE#         50
  C:552FH         LINE#         51
  C:5533H         LINE#         52
  C:5533H         LINE#         53
  C:553BH         LINE#         54
  C:553BH         LINE#         55
  C:553EH         LINE#         56
  C:5546H         LINE#         57
  C:5548H         LINE#         59
  C:555CH         LINE#         60
  C:555CH         LINE#         61
  C:555CH         LINE#         62
  C:555CH         LINE#         63
  C:5562H         LINE#         65
  C:5564H         LINE#         66
  C:5564H         LINE#         67
  C:5564H         LINE#         68
  C:556AH         LINE#         70
  C:556CH         LINE#         71
  C:556CH         LINE#         72
  C:556CH         LINE#         73
  C:5572H         LINE#         75
  C:5574H         LINE#         76
  C:5574H         LINE#         77
  C:5574H         LINE#         78
  C:557AH         LINE#         80
  C:557AH         LINE#         81
  C:557AH         LINE#         82
  C:557AH         LINE#         85
  C:557DH         LINE#         86
  C:5580H         LINE#         87
  C:5588H         LINE#         88
  C:558CH         LINE#         89
  C:558CH         LINE#         90
  C:5594H         LINE#         91
  C:5594H         LINE#         92
  C:5597H         LINE#         93
  C:559FH         LINE#         94
  C:55A1H         LINE#         95
  C:55B5H         LINE#         96
  C:55B5H         LINE#         97
  C:55B5H         LINE#         98
  C:55B5H         LINE#         99
  C:55BBH         LINE#         101
BL51 BANKED LINKER/LOCATER V6.22                                                      08/19/2019  09:43:18  PAGE 29


  C:55BDH         LINE#         102
  C:55BDH         LINE#         103
  C:55BDH         LINE#         104
  C:55C3H         LINE#         106
  C:55C5H         LINE#         107
  C:55C5H         LINE#         108
  C:55C5H         LINE#         109
  C:55CBH         LINE#         111
  C:55CDH         LINE#         112
  C:55CDH         LINE#         113
  C:55CDH         LINE#         114
  C:55D2H         LINE#         116
  C:55D2H         LINE#         117
  C:55D2H         LINE#         118
  C:55D2H         LINE#         121
  C:55D5H         LINE#         122
  C:55D8H         LINE#         123
  C:55E0H         LINE#         124
  C:55E4H         LINE#         125
  C:55E4H         LINE#         126
  C:55ECH         LINE#         127
  C:55ECH         LINE#         128
  C:55EFH         LINE#         129
  C:55F7H         LINE#         130
  C:55F9H         LINE#         131
  C:560DH         LINE#         132
  C:560DH         LINE#         133
  C:560DH         LINE#         134
  C:560DH         LINE#         135
  C:5613H         LINE#         137
  C:5615H         LINE#         138
  C:5615H         LINE#         139
  C:5615H         LINE#         140
  C:561BH         LINE#         142
  C:561DH         LINE#         143
  C:561DH         LINE#         144
  C:561DH         LINE#         145
  C:5623H         LINE#         147
  C:5625H         LINE#         148
  C:5625H         LINE#         149
  C:5625H         LINE#         150
  C:562BH         LINE#         152
  C:562BH         LINE#         153
  C:562BH         LINE#         154
  C:562BH         LINE#         158
  C:562EH         LINE#         159
  C:5631H         LINE#         160
  C:5639H         LINE#         161
  C:563DH         LINE#         162
  C:563DH         LINE#         163
  C:5645H         LINE#         164
  C:5645H         LINE#         165
  C:5648H         LINE#         166
  C:5650H         LINE#         167
  C:5652H         LINE#         168
  C:5666H         LINE#         169
  C:5666H         LINE#         170
BL51 BANKED LINKER/LOCATER V6.22                                                      08/19/2019  09:43:18  PAGE 30


  C:5666H         LINE#         171
  C:5666H         LINE#         172
  C:566CH         LINE#         174
  C:566EH         LINE#         175
  C:566EH         LINE#         176
  C:566EH         LINE#         177
  C:5674H         LINE#         179
  C:5676H         LINE#         180
  C:5676H         LINE#         181
  C:5676H         LINE#         182
  C:567CH         LINE#         184
  C:567EH         LINE#         185
  C:567EH         LINE#         186
  C:567EH         LINE#         187
  C:5684H         LINE#         189
  C:5684H         LINE#         190
  C:5684H         LINE#         191
  C:5684H         LINE#         193
  C:568AH         LINE#         194
  C:568AH         LINE#         196
  C:568AH         LINE#         197
  C:568DH         LINE#         198
  C:568DH         LINE#         199
  C:568DH         LINE#         201
  C:568DH         LINE#         202
  C:568FH         LINE#         203
  C:568FH         LINE#         204
  -------         ENDPROC       KEY_SCAN
  -------         PROC          KEY_PROCESS
  -------         DO            
  X:0636H         SYMBOL        KeyCount
  X:0637H         SYMBOL        KeyNum_Old
  X:0639H         SYMBOL        KeyNum
  X:063BH         SYMBOL        PressedKey
  X:03F8H         SYMBOL        d
  D:0002H         SYMBOL        hours
  D:0006H         SYMBOL        mins
  X:03FAH         SYMBOL        months
  X:03FCH         SYMBOL        days
  -------         ENDDO         
  C:4C30H         LINE#         205
  C:4C30H         LINE#         206
  C:4C30H         LINE#         210
  C:4C3FH         LINE#         211
  C:4C4CH         LINE#         213
  C:4C50H         LINE#         214
  C:4C50H         LINE#         215
  C:4C56H         LINE#         217
  C:4C56H         LINE#         218
  C:4C6DH         LINE#         219
  C:4C6DH         LINE#         220
  C:4C77H         LINE#         221
  C:4C7DH         LINE#         223
  C:4C83H         LINE#         225
  C:4C83H         LINE#         226
  C:4C9AH         LINE#         227
  C:4C9AH         LINE#         228
BL51 BANKED LINKER/LOCATER V6.22                                                      08/19/2019  09:43:18  PAGE 31


  C:4C9FH         LINE#         230
  C:4C9FH         LINE#         231
  C:4CAFH         LINE#         232
  C:4CAFH         LINE#         233
  C:4CB5H         LINE#         235
  C:4CB5H         LINE#         236
  C:4CC7H         LINE#         237
  C:4CC7H         LINE#         238
  C:4CD1H         LINE#         239
  C:4CD9H         LINE#         241
  C:4CE2H         LINE#         243
  C:4CE2H         LINE#         252
  C:4D01H         LINE#         253
  C:4D01H         LINE#         254
  C:4D20H         LINE#         255
  C:4D26H         LINE#         256
  C:4D2EH         LINE#         257
  C:4D2EH         LINE#         259
  C:4D2FH         LINE#         265
  C:4D3BH         LINE#         266
  C:4D3BH         LINE#         267
  C:4D58H         LINE#         268
  C:4D6FH         LINE#         269
  C:4D86H         LINE#         270
  C:4D86H         LINE#         271
  C:4D99H         LINE#         272
  C:4DACH         LINE#         273
  C:4DACH         LINE#         274
  C:4DACH         LINE#         275
  C:4DAFH         LINE#         280
  C:4DBEH         LINE#         281
  C:4DBEH         LINE#         282
  C:4DE1H         LINE#         283
  C:4DFEH         LINE#         284
  C:4E07H         LINE#         285
  C:4E07H         LINE#         286
  C:4E0EH         LINE#         287
  C:4E0EH         LINE#         288
  C:4E1FH         LINE#         289
  C:4E1FH         LINE#         290
  C:4E2EH         LINE#         291
  C:4E2EH         LINE#         292
  C:4E2EH         LINE#         293
  C:4E31H         LINE#         295
  C:4E31H         LINE#         296
  C:4E3DH         LINE#         297
  C:4E3DH         LINE#         298
  C:4E4FH         LINE#         299
  C:4E4FH         LINE#         300
  C:4E5FH         LINE#         301
  C:4E5FH         LINE#         302
  C:4E5FH         LINE#         304
  C:4E61H         LINE#         306
  C:4E61H         LINE#         307
  C:4E70H         LINE#         308
  C:4E70H         LINE#         309
  C:4E80H         LINE#         310
BL51 BANKED LINKER/LOCATER V6.22                                                      08/19/2019  09:43:18  PAGE 32


  C:4E80H         LINE#         311
  C:4E80H         LINE#         313
  C:4E80H         LINE#         315
  C:4E80H         LINE#         316
  C:4E82H         LINE#         318
  C:4E82H         LINE#         319
  C:4E89H         LINE#         320
  C:4E89H         LINE#         321
  C:4E98H         LINE#         322
  C:4E98H         LINE#         323
  C:4EA8H         LINE#         324
  C:4EA8H         LINE#         325
  C:4EA8H         LINE#         326
  C:4EAAH         LINE#         328
  C:4EAAH         LINE#         329
  C:4EB9H         LINE#         330
  C:4EB9H         LINE#         331
  C:4ECCH         LINE#         332
  C:4EDFH         LINE#         333
  C:4EDFH         LINE#         334
  C:4EDFH         LINE#         335
  C:4EDFH         LINE#         336
  C:4EE8H         LINE#         338
  C:4EE8H         LINE#         340
  C:4F22H         LINE#         341
  C:4F22H         LINE#         342
  C:4F29H         LINE#         343
  C:4F29H         LINE#         344
  C:4F33H         LINE#         345
  C:4F33H         LINE#         346
  C:4F36H         LINE#         347
  C:4F3BH         LINE#         348
  C:4F40H         LINE#         349
  C:4F45H         LINE#         350
  C:4F4AH         LINE#         351
  C:4F4FH         LINE#         352
  C:4F54H         LINE#         353
  C:4F59H         LINE#         354
  C:4F59H         LINE#         355
  C:4F59H         LINE#         357
  C:4F77H         LINE#         358
  C:4F77H         LINE#         359
  C:4F7EH         LINE#         360
  C:4F7EH         LINE#         361
  C:4F83H         LINE#         362
  C:4F8CH         LINE#         363
  C:4FABH         LINE#         364
  C:4FABH         LINE#         365
  C:4FBBH         LINE#         367
  C:4FBBH         LINE#         371
  -------         ENDPROC       KEY_PROCESS
  -------         PROC          KEYPAD_IO_INIT
  C:711CH         LINE#         374
  C:711CH         LINE#         375
  C:711CH         LINE#         376
  C:711FH         LINE#         377
  C:7122H         LINE#         378
BL51 BANKED LINKER/LOCATER V6.22                                                      08/19/2019  09:43:18  PAGE 33


  C:7125H         LINE#         379
  C:7127H         LINE#         380
  -------         ENDPROC       KEYPAD_IO_INIT
  -------         ENDMOD        KEYPAD

  -------         MODULE        BIPOLARMOTOR
  C:0000H         SYMBOL        _ICE_DUMMY_
  X:0000H         PUBLIC        UTC_time
  D:0080H         PUBLIC        P0
  D:0090H         PUBLIC        P1
  X:0004H         PUBLIC        RX_pos_test
  D:00A0H         PUBLIC        P2
  D:00B0H         PUBLIC        P3
  D:00C0H         PUBLIC        P4
  D:00C8H         PUBLIC        P5
  D:00E8H         PUBLIC        P6
  D:00F8H         PUBLIC        P7
  X:00A4H         PUBLIC        low_date_azimuth_mapping
  D:00A8H         PUBLIC        IE
  C:62ACH         PUBLIC        linear_interpolate
  X:00CCH         PUBLIC        declination
  C:6E0DH         PUBLIC        _Move
  D:00B8H         PUBLIC        IP
  X:00D0H         PUBLIC        time_offset
  D:00D8H         PUBLIC        CCON
  X:00D4H         PUBLIC        previous_move_time
  X:00D5H         PUBLIC        time
  D:0098H         PUBLIC        SCON
  D:0088H         PUBLIC        TCON
  C:6CAEH         PUBLIC        _Step_move
  X:00E7H         PUBLIC        dat
  X:00EDH         PUBLIC        current_local_sun_time
  C:3867H         PUBLIC        _Update_position
  C:4FBCH         PUBLIC        _elevation_calculation
  X:00F1H         PUBLIC        sunCoord
  C:6B96H         PUBLIC        vOneStepMove
  X:00F4H         PUBLIC        elevation_stamp
  X:0130H         PUBLIC        date_azimuth_mapping
  X:0158H         PUBLIC        location
  X:0160H         PUBLIC        RX_pos
  C:7043H         PUBLIC        vSetLocation
  C:6FBEH         PUBLIC        _BCDtoDec1
  X:03B8H         PUBLIC        degree
  C:3E98H         PUBLIC        _TheoricalJP_Position
  D:00D0H         PUBLIC        PSW
  -------         PROC          VSETLOCATION
  C:7043H         LINE#         44
  C:7043H         LINE#         45
  C:7043H         LINE#         46
  C:704DH         LINE#         47
  C:7057H         LINE#         48
  -------         ENDPROC       VSETLOCATION
  C:6FBAH         SYMBOL        L?0060
  -------         PROC          L?0059
  -------         ENDPROC       L?0059
  C:6FBAH         SYMBOL        L?0060
  -------         PROC          _BCDTODEC1
BL51 BANKED LINKER/LOCATER V6.22                                                      08/19/2019  09:43:18  PAGE 34


  D:0007H         SYMBOL        bcd
  -------         DO            
  D:0006H         SYMBOL        hi
  D:0007H         SYMBOL        lo
  -------         ENDDO         
  C:6FBEH         LINE#         49
  C:6FBEH         LINE#         50
  C:6FBEH         LINE#         52
  C:6FC3H         LINE#         53
  C:6FC7H         LINE#         54
  C:6FCEH         LINE#         55
  -------         ENDPROC       _BCDTODEC1
[...]
  C:56EFH         LINE#         322
  C:56F2H         LINE#         324
  C:570CH         LINE#         325
  C:570CH         LINE#         326
  C:570CH         LINE#         328
  C:570FH         LINE#         330
  C:5729H         LINE#         331
  C:5729H         LINE#         332
  C:5729H         LINE#         334
  C:572CH         LINE#         336
  C:5746H         LINE#         337
  C:5746H         LINE#         338
  C:5746H         LINE#         340
  C:5749H         LINE#         342
  C:5763H         LINE#         343
  C:5763H         LINE#         344
  C:5763H         LINE#         346
  C:5766H         LINE#         348
  C:5780H         LINE#         349
  C:5780H         LINE#         350
  C:5780H         LINE#         352
  C:5783H         LINE#         354
  C:579DH         LINE#         355
  C:579DH         LINE#         356
  C:579DH         LINE#         358
  C:57A0H         LINE#         360
  C:57BAH         LINE#         361
  C:57BAH         LINE#         362
  C:57BAH         LINE#         364
  C:57BDH         LINE#         366
  C:57D7H         LINE#         367
  C:57D7H         LINE#         368
  C:57D7H         LINE#         370
  C:57DAH         LINE#         372
  C:57F4H         LINE#         373
  C:57FBH         LINE#         374
  -------         ENDPROC       SPI_NOR_WRITE_DATA
  -------         ENDMOD        AT25SF041

  -------         MODULE        SI1120
  C:0000H         SYMBOL        _ICE_DUMMY_
  D:0080H         PUBLIC        P0
  D:00B2H         PUBLIC        P3M0
  D:0090H         PUBLIC        P1
  D:00B1H         PUBLIC        P3M1
  D:00A0H         PUBLIC        P2
  D:00B0H         PUBLIC        P3
  D:00C0H         PUBLIC        P4
  D:00C8H         PUBLIC        P5
  B:00A8H.7       PUBLIC        EA
  D:00E8H         PUBLIC        P6
  D:00F8H         PUBLIC        P7
  D:00A8H         PUBLIC        IE
  D:00B8H         PUBLIC        IP
  C:6D5CH         PUBLIC        SI1120_CONFIG_MODE_VIRH
  D:00D8H         PUBLIC        CCON
BL51 BANKED LINKER/LOCATER V6.22                                                      08/19/2019  09:43:18  PAGE 55


  D:0098H         PUBLIC        SCON
  D:0088H         PUBLIC        TCON
  C:7102H         PUBLIC        Enable_EXTINT0
  B:0090H.5       PUBLIC        SI1120_STX
  B:0088H.0       PUBLIC        IT0
  B:00A8H.0       PUBLIC        EX0
  B:0090H.4       PUBLIC        SI1120_MD
  B:0090H.6       PUBLIC        SI1120_SC
  D:00D0H         PUBLIC        PSW
  -------         PROC          SI1120_CONFIG_MODE_VIRH
  C:6D5CH         LINE#         4
  C:6D5CH         LINE#         5
  C:6D5CH         LINE#         6
  C:6D5EH         LINE#         7
  C:6D60H         LINE#         8
  C:6D62H         LINE#         10
  C:6D69H         LINE#         11
  C:6D6BH         LINE#         13
  C:6D6DH         LINE#         14
  C:6D6FH         LINE#         16
  C:6D76H         LINE#         18
  C:6D78H         LINE#         20
  C:6D7FH         LINE#         23
  C:6D81H         LINE#         25
  C:6D83H         LINE#         27
  C:6D8AH         LINE#         29
  C:6D8CH         LINE#         31
  -------         ENDPROC       SI1120_CONFIG_MODE_VIRH
  -------         PROC          ENABLE_EXTINT0
  C:7102H         LINE#         33
  C:7102H         LINE#         34
  C:7102H         LINE#         35
  C:7105H         LINE#         36
  C:7108H         LINE#         37
  C:710AH         LINE#         38
  C:710CH         LINE#         39
  C:710EH         LINE#         40
  -------         ENDPROC       ENABLE_EXTINT0
  -------         ENDMOD        SI1120

  -------         MODULE        UART1
  C:0000H         SYMBOL        _ICE_DUMMY_
  D:0080H         PUBLIC        P0
  D:0090H         PUBLIC        P1
  D:00A0H         PUBLIC        P2
  D:00B0H         PUBLIC        P3
  D:00C0H         PUBLIC        P4
  D:00C8H         PUBLIC        P5
  C:6EF4H         PUBLIC        _uart1_SendToTCPServer
  B:00A8H.7       PUBLIC        EA
  D:00E8H         PUBLIC        P6
  D:00F8H         PUBLIC        P7
  C:6D29H         PUBLIC        _SendString
  D:00A8H         PUBLIC        IE
  B:00A8H.4       PUBLIC        ES
  D:00B8H         PUBLIC        IP
  C:7001H         PUBLIC        _ASCIItoBCD
BL51 BANKED LINKER/LOCATER V6.22                                                      08/19/2019  09:43:18  PAGE 56


  D:00D8H         PUBLIC        CCON
  C:70B7H         PUBLIC        initUART1
  D:0098H         PUBLIC        SCON
  D:0088H         PUBLIC        TCON
  C:7170H         PUBLIC        _DectoBCD
  C:001EH         PUBLIC        _ASCII_Letter
  D:008EH         PUBLIC        AUXR
  C:0006H         PUBLIC        _unit
  C:7169H         PUBLIC        _ten
  D:00D6H         PUBLIC        T2H
  D:00D7H         PUBLIC        T2L
  C:715AH         PUBLIC        uart1_InitTCPConn
  D:00D0H         PUBLIC        PSW
  -------         PROC          INITUART1
  C:70B7H         LINE#         24
  C:70B7H         LINE#         25
  C:70B7H         LINE#         26
  C:70BAH         LINE#         27
  C:70BDH         LINE#         28
  C:70C0H         LINE#         29
  C:70C3H         LINE#         30
  C:70C5H         LINE#         31
  C:70C7H         LINE#         33
  -------         ENDPROC       INITUART1
  -------         PROC          _SENDSTRING
  X:04E9H         SYMBOL        s
  C:6D29H         LINE#         36
  C:6D34H         LINE#         37
  C:6D34H         LINE#         38
  C:6D44H         LINE#         39
  C:6D44H         LINE#         40
  C:6D59H         LINE#         41
  C:6D5BH         LINE#         42
  -------         ENDPROC       _SENDSTRING
  -------         PROC          _TEN
  D:0007H         SYMBOL        BCD
  C:7169H         LINE#         44
  C:7169H         LINE#         45
  C:7169H         LINE#         46
  C:716EH         LINE#         47
  -------         ENDPROC       _TEN
  -------         PROC          _UNIT
  D:0007H         SYMBOL        BCD
  C:0006H         LINE#         48
  C:0006H         LINE#         49
  C:0006H         LINE#         53
  C:000AH         LINE#         54
  -------         ENDPROC       _UNIT
  -------         PROC          _DECTOBCD
  D:0007H         SYMBOL        dec
  C:7170H         LINE#         55
  C:7170H         LINE#         56
  C:7170H         LINE#         58
  C:7170H         LINE#         59
  -------         ENDPROC       _DECTOBCD
  -------         PROC          _ASCII_LETTER
  D:0007H         SYMBOL        dat
BL51 BANKED LINKER/LOCATER V6.22                                                      08/19/2019  09:43:18  PAGE 57


  C:001EH         LINE#         61
  C:001EH         LINE#         62
  C:001EH         LINE#         64
  C:0022H         LINE#         65
  -------         ENDPROC       _ASCII_LETTER
  -------         PROC          _ASCIITOBCD
  D:0001H         SYMBOL        ascii
  -------         DO            
  D:0007H         SYMBOL        dec_val
  D:0006H         SYMBOL        ten
  D:0007H         SYMBOL        unit
  -------         ENDDO         
  C:7001H         LINE#         67
  C:7001H         LINE#         68
  C:7001H         LINE#         70
  C:7004H         LINE#         71
  C:700AH         LINE#         72
  C:7011H         LINE#         73
  C:7017H         LINE#         75
  -------         ENDPROC       _ASCIITOBCD
  -------         PROC          UART1_INITTCPCONN
  C:715AH         LINE#         77
  C:715AH         LINE#         78
  C:715AH         LINE#         82
  -------         ENDPROC       UART1_INITTCPCONN
  -------         PROC          _UART1_SENDTOTCPSERVER
  X:03F8H         SYMBOL        str
  C:6EF4H         LINE#         85
  C:6EFFH         LINE#         86
  C:6EFFH         LINE#         87
  C:6F08H         LINE#         88
  C:6F0FH         LINE#         89
  -------         ENDPROC       _UART1_SENDTOTCPSERVER
  -------         ENDMOD        UART1

  -------         MODULE        ?C_STARTUP
  C:67D4H         SEGMENT       ?C_C51STARTUP
  I:0022H         SEGMENT       ?STACK
  C:0000H         PUBLIC        ?C_STARTUP
  D:00E0H         SYMBOL        ACC
  D:00F0H         SYMBOL        B
  D:0083H         SYMBOL        DPH
  D:0082H         SYMBOL        DPL
  N:0000H         SYMBOL        IBPSTACK
  N:0100H         SYMBOL        IBPSTACKTOP
  N:0080H         SYMBOL        IDATALEN
  C:67D7H         SYMBOL        IDATALOOP
  N:0000H         SYMBOL        PBPSTACK
  N:0100H         SYMBOL        PBPSTACKTOP
  N:0000H         SYMBOL        PDATALEN
  N:0000H         SYMBOL        PDATASTART
  N:0000H         SYMBOL        PPAGE
  N:0000H         SYMBOL        PPAGEENABLE
  D:00A0H         SYMBOL        PPAGE_SFR
  D:0081H         SYMBOL        SP
  C:67D4H         SYMBOL        STARTUP1
  N:0000H         SYMBOL        XBPSTACK
BL51 BANKED LINKER/LOCATER V6.22                                                      08/19/2019  09:43:18  PAGE 58


  N:0000H         SYMBOL        XBPSTACKTOP
  N:0000H         SYMBOL        XDATALEN
  N:0000H         SYMBOL        XDATASTART
  C:0000H         LINE#         126
  C:67D4H         LINE#         133
  C:67D6H         LINE#         134
  C:67D7H         LINE#         135
  C:67D8H         LINE#         136
  C:67DAH         LINE#         185
  C:67DDH         LINE#         196
  -------         ENDMOD        ?C_STARTUP

  -------         MODULE        ?C?FPADD
  C:1E10H         PUBLIC        ?C?FPADD
  C:1E0CH         PUBLIC        ?C?FPSUB
  -------         ENDMOD        ?C?FPADD

  -------         MODULE        ?C?FPMUL
  C:1F01H         PUBLIC        ?C?FPMUL
  -------         ENDMOD        ?C?FPMUL

  -------         MODULE        ?C?FPDIV
  C:200AH         PUBLIC        ?C?FPDIV
  -------         ENDMOD        ?C?FPDIV

  -------         MODULE        ?C?FPCMP
  C:20A9H         PUBLIC        ?C?FPCMP
  C:20A7H         PUBLIC        ?C?FPCMP3
  -------         ENDMOD        ?C?FPCMP

  -------         MODULE        ?C?FPNEG
  C:2120H         PUBLIC        ?C?FPNEG
  -------         ENDMOD        ?C?FPNEG

  -------         MODULE        ?C?FCAST
  C:213BH         PUBLIC        ?C?FCASTC
  C:2136H         PUBLIC        ?C?FCASTI
  C:2131H         PUBLIC        ?C?FCASTL
  -------         ENDMOD        ?C?FCAST

  -------         MODULE        ?C?CASTF
  C:216FH         PUBLIC        ?C?CASTF
  -------         ENDMOD        ?C?CASTF

  -------         MODULE        PRINTF
  X:04E9H         PUBLIC        ?_PRINTF?BYTE
  X:04E9H         PUBLIC        ?_SPRINTF?BYTE
  C:43FEH         PUBLIC        _PRINTF
  C:43F8H         PUBLIC        _SPRINTF
  -------         ENDMOD        PRINTF

  -------         MODULE        FABS
  C:710FH         PUBLIC        _FABS
  -------         ENDMOD        FABS

  -------         MODULE        ATAN2
  X:049FH         PUBLIC        ?_atan2?BYTE
BL51 BANKED LINKER/LOCATER V6.22                                                      08/19/2019  09:43:18  PAGE 59


  C:6601H         PUBLIC        _atan2
  -------         ENDMOD        ATAN2

  -------         MODULE        SIN
  C:5861H         PUBLIC        _COS
  C:5877H         PUBLIC        _SIN
  C:58B3H         PUBLIC        _TAN
  -------         ENDMOD        SIN

  -------         MODULE        ACOS
  C:6BE0H         PUBLIC        _ACOS
  -------         ENDMOD        ACOS

  -------         MODULE        ASIN
  C:6CEEH         PUBLIC        _ASIN
  -------         ENDMOD        ASIN

  -------         MODULE        POW
  X:03BCH         PUBLIC        ?_pow?BYTE
  C:59A1H         PUBLIC        _pow
  -------         ENDMOD        POW

  -------         MODULE        ?C?CHKFLOAT
  C:21F0H         PUBLIC        ?C?CHKFLOAT
  -------         ENDMOD        ?C?CHKFLOAT

  -------         MODULE        ?C?FPROUND
  C:220AH         PUBLIC        ?C?FPROUND
  -------         ENDMOD        ?C?FPROUND

  -------         MODULE        ?C?FPCONVERT
  C:2247H         PUBLIC        ?C?FPCONVERT
  -------         ENDMOD        ?C?FPCONVERT

  -------         MODULE        EXP
  C:6772H         PUBLIC        _EXP
  -------         ENDMOD        EXP

  -------         MODULE        LOG
  C:5C90H         PUBLIC        _LOG
  C:5C8CH         PUBLIC        _LOG10
  -------         ENDMOD        LOG

  -------         MODULE        SQRT
  C:64B8H         PUBLIC        _SQRT
  -------         ENDMOD        SQRT

  -------         MODULE        ATAN
  C:5DA5H         PUBLIC        _ATAN
  -------         ENDMOD        ATAN

  -------         MODULE        ?C?FTNPWR
  C:23C9H         PUBLIC        ?C?FTNPWR
  -------         ENDMOD        ?C?FTNPWR

  -------         MODULE        ?C?COPY
  C:24D9H         PUBLIC        ?C?COPY
BL51 BANKED LINKER/LOCATER V6.22                                                      08/19/2019  09:43:18  PAGE 60


  -------         ENDMOD        ?C?COPY

  -------         MODULE        ?C?CLDPTR
  C:24FFH         PUBLIC        ?C?CLDPTR
  -------         ENDMOD        ?C?CLDPTR

  -------         MODULE        ?C?CLDOPTR
  C:2518H         PUBLIC        ?C?CLDOPTR
  -------         ENDMOD        ?C?CLDOPTR

  -------         MODULE        ?C?CSTPTR
  C:2545H         PUBLIC        ?C?CSTPTR
  -------         ENDMOD        ?C?CSTPTR

  -------         MODULE        ?C?IMUL
  C:2557H         PUBLIC        ?C?IMUL
  -------         ENDMOD        ?C?IMUL

  -------         MODULE        ?C?UIDIV
  C:2569H         PUBLIC        ?C?UIDIV
  -------         ENDMOD        ?C?UIDIV

  -------         MODULE        ?C?SIDIV
  C:25BEH         PUBLIC        ?C?SIDIV
  -------         ENDMOD        ?C?SIDIV

  -------         MODULE        ?C?ILDIX
  C:25F4H         PUBLIC        ?C?ILDIX
  -------         ENDMOD        ?C?ILDIX

  -------         MODULE        ?C?ILDOPTR
  C:260AH         PUBLIC        ?C?ILDOPTR
  -------         ENDMOD        ?C?ILDOPTR

  -------         MODULE        ?C?ISTPTR
  C:2642H         PUBLIC        ?C?ISTPTR
  -------         ENDMOD        ?C?ISTPTR

  -------         MODULE        ?C?LMUL
  C:2661H         PUBLIC        ?C?LMUL
  -------         ENDMOD        ?C?LMUL

  -------         MODULE        ?C?SLDIV
  C:6C2AH         PUBLIC        ?C?SLDIV
  -------         ENDMOD        ?C?SLDIV

  -------         MODULE        ?C?LNEG
  C:26B0H         PUBLIC        ?C?LNEG
  -------         ENDMOD        ?C?LNEG

  -------         MODULE        ?C?ULCMP
  C:26BEH         PUBLIC        ?C?ULCMP
  -------         ENDMOD        ?C?ULCMP

  -------         MODULE        ?C?LSHL
  C:26CFH         PUBLIC        ?C?LSHL
  -------         ENDMOD        ?C?LSHL
BL51 BANKED LINKER/LOCATER V6.22                                                      08/19/2019  09:43:18  PAGE 61



  -------         MODULE        ?C?LLDPTR
  C:26E2H         PUBLIC        ?C?LLDPTR
  -------         ENDMOD        ?C?LLDPTR

  -------         MODULE        ?C?LLDOPTR
  C:2702H         PUBLIC        ?C?LLDOPTR
  -------         ENDMOD        ?C?LLDOPTR

  -------         MODULE        ?C?LSTPTR
  C:2732H         PUBLIC        ?C?LSTPTR
  -------         ENDMOD        ?C?LSTPTR

  -------         MODULE        ?C?LSTOPTR
  C:274CH         PUBLIC        ?C?LSTOPTR
  -------         ENDMOD        ?C?LSTOPTR

  -------         MODULE        ?C?LLDXDATA
  C:2770H         PUBLIC        ?C?LLDXDATA
  -------         ENDMOD        ?C?LLDXDATA

  -------         MODULE        ?C?LLDCODE
  C:277CH         PUBLIC        ?C?LLDCODE
  -------         ENDMOD        ?C?LLDCODE

  -------         MODULE        ?C?LLDXDATA0
  C:278CH         PUBLIC        ?C?LLDXDATA0
  -------         ENDMOD        ?C?LLDXDATA0

  -------         MODULE        ?C?LLDCODE0
  C:2798H         PUBLIC        ?C?LLDCODE0
  -------         ENDMOD        ?C?LLDCODE0

  -------         MODULE        ?C?LLDPTR0
  C:27A8H         PUBLIC        ?C?LLDPTR0
  -------         ENDMOD        ?C?LLDPTR0

  -------         MODULE        ?C?LSTXDATA
  C:27C8H         PUBLIC        ?C?LSTXDATA
  -------         ENDMOD        ?C?LSTXDATA

  -------         MODULE        ?C?LSTKXDATA
  C:27D4H         PUBLIC        ?C?LSTKXDATA
  -------         ENDMOD        ?C?LSTKXDATA

  -------         MODULE        ?C?LSTKPTR
  C:2805H         PUBLIC        ?C?LSTKPTR
  -------         ENDMOD        ?C?LSTKPTR

  -------         MODULE        ?C?OFFXADD
  C:281FH         PUBLIC        ?C?OFFXADD
  -------         ENDMOD        ?C?OFFXADD

  -------         MODULE        ?C?PLDIXDATA
  C:282BH         PUBLIC        ?C?PLDIXDATA
  -------         ENDMOD        ?C?PLDIXDATA

BL51 BANKED LINKER/LOCATER V6.22                                                      08/19/2019  09:43:18  PAGE 62


  -------         MODULE        ?C?PSTXDATA
  C:2842H         PUBLIC        ?C?PSTXDATA
  -------         ENDMOD        ?C?PSTXDATA

  -------         MODULE        ?C?CCASE
  C:284BH         PUBLIC        ?C?CCASE
  -------         ENDMOD        ?C?CCASE

  -------         MODULE        PUTCHAR
  C:6E84H         PUBLIC        _PUTCHAR
  -------         ENDMOD        PUTCHAR

  -------         MODULE        ABS
  C:7128H         PUBLIC        _ABS
  -------         ENDMOD        ABS

  -------         MODULE        ATOI
  C:61AEH         PUBLIC        _atoi
  -------         ENDMOD        ATOI

  -------         MODULE        ?C?IILDX
  C:2871H         PUBLIC        ?C?IILDX
  -------         ENDMOD        ?C?IILDX

  -------         MODULE        ?C?ULDIV
  C:28C3H         PUBLIC        ?C?ULDIV
  -------         ENDMOD        ?C?ULDIV

  -------         MODULE        ?C?LLDIDATA
  C:2955H         PUBLIC        ?C?LLDIDATA
  -------         ENDMOD        ?C?LLDIDATA

  -------         MODULE        ?C?LLDPDATA
  C:2961H         PUBLIC        ?C?LLDPDATA
  -------         ENDMOD        ?C?LLDPDATA

  -------         MODULE        ?C?LLDIDATA0
  C:296DH         PUBLIC        ?C?LLDIDATA0
  -------         ENDMOD        ?C?LLDIDATA0

  -------         MODULE        ?C?LLDPDATA0
  C:297AH         PUBLIC        ?C?LLDPDATA0
  -------         ENDMOD        ?C?LLDPDATA0

  -------         MODULE        ?C?LSTIDATA
  C:2987H         PUBLIC        ?C?LSTIDATA
  -------         ENDMOD        ?C?LSTIDATA

  -------         MODULE        ?C?LSTPDATA
  C:2993H         PUBLIC        ?C?LSTPDATA
  -------         ENDMOD        ?C?LSTPDATA

  -------         MODULE        ?C?LSTKIDATA
  C:299FH         PUBLIC        ?C?LSTKIDATA
  -------         ENDMOD        ?C?LSTKIDATA

  -------         MODULE        ?C?LSTKPDATA
BL51 BANKED LINKER/LOCATER V6.22                                                      08/19/2019  09:43:18  PAGE 63


  C:29B8H         PUBLIC        ?C?LSTKPDATA
  -------         ENDMOD        ?C?LSTKPDATA

  -------         MODULE        ISDIGIT
  C:70E6H         PUBLIC        _isdigit
  -------         ENDMOD        ISDIGIT

  -------         MODULE        ISSPACE
  C:7081H         PUBLIC        _isspace
  -------         ENDMOD        ISSPACE

*** WARNING L16: UNCALLED SEGMENT, IGNORED FOR OVERLAY PROCESS
    SEGMENT: ?PR?_DAY_OF_YEAR?PCF85063BTL

*** WARNING L16: UNCALLED SEGMENT, IGNORED FOR OVERLAY PROCESS
    SEGMENT: ?PR?NOP?IOEXPANDER_PI4IOE5V96248

*** WARNING L16: UNCALLED SEGMENT, IGNORED FOR OVERLAY PROCESS
    SEGMENT: ?PR?UC_ACK?IOEXPANDER_PI4IOE5V96248

*** WARNING L16: UNCALLED SEGMENT, IGNORED FOR OVERLAY PROCESS
    SEGMENT: ?PR?UC_NACK?IOEXPANDER_PI4IOE5V96248

*** WARNING L16: UNCALLED SEGMENT, IGNORED FOR OVERLAY PROCESS
    SEGMENT: ?PR?_TEN?UART1

*** WARNING L16: UNCALLED SEGMENT, IGNORED FOR OVERLAY PROCESS
    SEGMENT: ?PR?_UNIT?UART1

*** WARNING L16: UNCALLED SEGMENT, IGNORED FOR OVERLAY PROCESS
    SEGMENT: ?PR?_DECTOBCD?UART1

*** WARNING L16: UNCALLED SEGMENT, IGNORED FOR OVERLAY PROCESS
    SEGMENT: ?PR?_ASCII_LETTER?UART1

*** WARNING L16: UNCALLED SEGMENT, IGNORED FOR OVERLAY PROCESS
    SEGMENT: ?PR?_ASCIITOBCD?UART1

Program Size: data=15.4 xdata=1622 code=29041
LINK/LOCATE RUN COMPLETE.  9 WARNING(S),  0 ERROR(S)
