BL51 BANKED LINKER/LOCATER V6.22                                                        02/25/2019  16:02:15  PAGE 1


BL51 BANKED LINKER/LOCATER V6.22, INVOKED BY:
C:\KEIL_V5\C51\BIN\BL51.EXE .\Obj\main.obj, .\Obj\PCF85063BTL.obj, .\Obj\UART1.obj, .\Obj\LCd_Driver_SPLC780D.obj, .\Obj
>> \KeyPad.obj, .\Obj\BipolarMotor.obj, .\Obj\SunPos.obj, .\Obj\ADC.obj, .\Obj\Calibration.obj, .\Obj\IOExpander_PI4IOE5
>> V96248.obj, .\Obj\AT25SF041.obj, .\Obj\STARTUP.obj TO .\Obj\GPIO_RTC_Test PRINT (.\Lis\GPIO_RTC_Test.m51) RAMSIZE (25
>> 6)


MEMORY MODEL: LARGE WITH FLOATING POINT ARITHMETIC


INPUT MODULES INCLUDED:
  .\Obj\main.obj (MAIN)
  .\Obj\PCF85063BTL.obj (PCF85063BTL)
  .\Obj\UART1.obj (UART1)
  .\Obj\LCd_Driver_SPLC780D.obj (LCD_DRIVER_SPLC780D)
  .\Obj\KeyPad.obj (KEYPAD)
  .\Obj\BipolarMotor.obj (BIPOLARMOTOR)
  .\Obj\SunPos.obj (SUNPOS)
  .\Obj\ADC.obj (ADC)
  .\Obj\Calibration.obj (CALIBRATION)
  .\Obj\IOExpander_PI4IOE5V96248.obj (IOEXPANDER_PI4IOE5V96248)
  .\Obj\AT25SF041.obj (AT25SF041)
  .\Obj\STARTUP.obj (?C_STARTUP)
  C:\KEIL_V5\C51\LIB\C51FPL.LIB (?C?FPADD)
  C:\KEIL_V5\C51\LIB\C51FPL.LIB (?C?FPMUL)
  C:\KEIL_V5\C51\LIB\C51FPL.LIB (?C?FPDIV)
  C:\KEIL_V5\C51\LIB\C51FPL.LIB (?C?FPCMP)
  C:\KEIL_V5\C51\LIB\C51FPL.LIB (?C?FPNEG)
  C:\KEIL_V5\C51\LIB\C51FPL.LIB (?C?FCAST)
  C:\KEIL_V5\C51\LIB\C51FPL.LIB (?C?CASTF)
  C:\KEIL_V5\C51\LIB\C51FPL.LIB (ATAN2)
  C:\KEIL_V5\C51\LIB\C51FPL.LIB (SIN)
  C:\KEIL_V5\C51\LIB\C51FPL.LIB (ACOS)
  C:\KEIL_V5\C51\LIB\C51FPL.LIB (ASIN)
  C:\KEIL_V5\C51\LIB\C51FPL.LIB (?C?FPGETOPN)
  C:\KEIL_V5\C51\LIB\C51FPL.LIB (?C?FPSERIES)
  C:\KEIL_V5\C51\LIB\C51FPL.LIB (SQRT)
  C:\KEIL_V5\C51\LIB\C51FPL.LIB (ATAN)
  C:\KEIL_V5\C51\LIB\C51L.LIB (?C_INIT)
  C:\KEIL_V5\C51\LIB\C51L.LIB (?C?COPY)
  C:\KEIL_V5\C51\LIB\C51L.LIB (?C?CLDPTR)
  C:\KEIL_V5\C51\LIB\C51L.LIB (?C?CLDOPTR)
  C:\KEIL_V5\C51\LIB\C51L.LIB (?C?CSTPTR)
  C:\KEIL_V5\C51\LIB\C51L.LIB (?C?IMUL)
  C:\KEIL_V5\C51\LIB\C51L.LIB (?C?UIDIV)
  C:\KEIL_V5\C51\LIB\C51L.LIB (?C?SIDIV)
  C:\KEIL_V5\C51\LIB\C51L.LIB (?C?ILDIX)
  C:\KEIL_V5\C51\LIB\C51L.LIB (?C?ILDOPTR)
  C:\KEIL_V5\C51\LIB\C51L.LIB (?C?ISTPTR)
  C:\KEIL_V5\C51\LIB\C51L.LIB (?C?LMUL)
  C:\KEIL_V5\C51\LIB\C51L.LIB (?C?SLDIV)
  C:\KEIL_V5\C51\LIB\C51L.LIB (?C?LNEG)
  C:\KEIL_V5\C51\LIB\C51L.LIB (?C?ULCMP)
  C:\KEIL_V5\C51\LIB\C51L.LIB (?C?LSHL)
  C:\KEIL_V5\C51\LIB\C51L.LIB (?C?LLDPTR)
  C:\KEIL_V5\C51\LIB\C51L.LIB (?C?LLDOPTR)
  C:\KEIL_V5\C51\LIB\C51L.LIB (?C?LSTPTR)
  C:\KEIL_V5\C51\LIB\C51L.LIB (?C?LSTOPTR)
BL51 BANKED LINKER/LOCATER V6.22                                                      02/25/2019  16:02:15  PAGE 2


  C:\KEIL_V5\C51\LIB\C51L.LIB (?C?LLDXDATA)
  C:\KEIL_V5\C51\LIB\C51L.LIB (?C?LLDCODE)
  C:\KEIL_V5\C51\LIB\C51L.LIB (?C?LLDXDATA0)
  C:\KEIL_V5\C51\LIB\C51L.LIB (?C?LLDCODE0)
  C:\KEIL_V5\C51\LIB\C51L.LIB (?C?LLDPTR0)
  C:\KEIL_V5\C51\LIB\C51L.LIB (?C?LSTXDATA)
  C:\KEIL_V5\C51\LIB\C51L.LIB (?C?LSTKXDATA)
  C:\KEIL_V5\C51\LIB\C51L.LIB (?C?LSTKPTR)
  C:\KEIL_V5\C51\LIB\C51L.LIB (?C?OFFXADD)
  C:\KEIL_V5\C51\LIB\C51L.LIB (ABS)
  C:\KEIL_V5\C51\LIB\C51L.LIB (ATOI)
  C:\KEIL_V5\C51\LIB\C51L.LIB (?C?IILDX)
  C:\KEIL_V5\C51\LIB\C51L.LIB (?C?ULDIV)
  C:\KEIL_V5\C51\LIB\C51L.LIB (?C?LLDIDATA)
  C:\KEIL_V5\C51\LIB\C51L.LIB (?C?LLDPDATA)
  C:\KEIL_V5\C51\LIB\C51L.LIB (?C?LLDIDATA0)
  C:\KEIL_V5\C51\LIB\C51L.LIB (?C?LLDPDATA0)
  C:\KEIL_V5\C51\LIB\C51L.LIB (?C?LSTIDATA)
  C:\KEIL_V5\C51\LIB\C51L.LIB (?C?LSTPDATA)
  C:\KEIL_V5\C51\LIB\C51L.LIB (?C?LSTKIDATA)
  C:\KEIL_V5\C51\LIB\C51L.LIB (?C?LSTKPDATA)
  C:\KEIL_V5\C51\LIB\C51L.LIB (ISDIGIT)
  C:\KEIL_V5\C51\LIB\C51L.LIB (ISSPACE)


LINK MAP OF MODULE:  .\Obj\GPIO_RTC_Test (MAIN)


            TYPE    BASE      LENGTH    RELOCATION   SEGMENT NAME
            -----------------------------------------------------

            * * * * * * *   D A T A   M E M O R Y   * * * * * * *
            REG     0000H     0008H     ABSOLUTE     "REG BANK 0"
                    0008H     0018H                  *** GAP ***
            BIT     0020H.0   0000H.5   UNIT         ?BI?KEYPAD
            BIT     0020H.5   0000H.3   UNIT         _BIT_GROUP_
            BIT     0021H.0   0000H.1   UNIT         ?BI?MAIN
            BIT     0021H.1   0000H.1   UNIT         ?BI?_ATOI?ATOI
                    0021H.2   0000H.6                *** GAP ***
            IDATA   0022H     0001H     UNIT         ?STACK

            * * * * * * *  X D A T A   M E M O R Y  * * * * * * *
            XDATA   0000H     038FH     UNIT         ?XD?BIPOLARMOTOR
            XDATA   038FH     014FH     UNIT         _XDATA_GROUP_
            XDATA   04DEH     00D8H     UNIT         ?XD?MAIN
            XDATA   05B6H     0040H     UNIT         ?XD?_FINDDET4X4?BIPOLARMOTOR
            XDATA   05F6H     0024H     UNIT         ?XD?_FINDDET3X3?BIPOLARMOTOR
            XDATA   061AH     0009H     UNIT         ?XD?KEYPAD
            XDATA   0623H     0008H     UNIT         ?XD?_AT25SF041_READ?AT25SF041
            XDATA   062BH     0005H     UNIT         ?XD?_ATOI?ATOI
            XDATA   0630H     0004H     UNIT         ?XD?_DISPLAY_PROX?MAIN
            XDATA   0634H     0003H     UNIT         ?XD?_SENDSTRING?UART1
            XDATA   0637H     0001H     UNIT         ?XD?UC_ACK?IOEXPANDER_PI4IOE5V96248
            XDATA   0638H     0001H     UNIT         ?XD?UC_NACK?IOEXPANDER_PI4IOE5V96248

            * * * * * * *   C O D E   M E M O R Y   * * * * * * *
            CODE    0000H     0003H     ABSOLUTE     
BL51 BANKED LINKER/LOCATER V6.22                                                      02/25/2019  16:02:15  PAGE 3


            CODE    0003H     0006H     UNIT         ?PR?_TEN?UART1
            CODE    0009H     0001H     UNIT         ?PR?TM0_ISR?MAIN
            CODE    000AH     0001H     UNIT         ?PR?_DECTOBCD?UART1
            CODE    000BH     0003H     ABSOLUTE     
            CODE    000EH     0B00H     UNIT         ?PR?_UPDATE_POSITION?BIPOLARMOTOR
            CODE    0B0EH     09FCH     UNIT         ?PR?MAIN?MAIN
            CODE    150AH     09B6H     UNIT         ?C?LIB_CODE
            CODE    1EC0H     07A2H     UNIT         ?PR?SUNPOS?SUNPOS
            CODE    2662H     03F9H     UNIT         ?C_INITSEG
            CODE    2A5BH     0309H     UNIT         ?PR?_FIND_REAL_MAX?CALIBRATION
            CODE    2D64H     02C0H     UNIT         ?PR?_FINDDET4X4?BIPOLARMOTOR
            CODE    3024H     02A0H     UNIT         ?PR?KEY_PROCESS?KEYPAD
            CODE    32C4H     01D1H     UNIT         ?PR?_FINDDET3X3?BIPOLARMOTOR
            CODE    3495H     0192H     UNIT         ?PR?SPI_NOR_WRITE_DATA?AT25SF041
            CODE    3627H     018DH     UNIT         ?PR?KEY_SCAN?KEYPAD
            CODE    37B4H     0188H     UNIT         ?PR?SIN?SIN
            CODE    393CH     0172H     UNIT         ?PR?_DISPLAY_POS?MAIN
            CODE    3AAEH     015BH     UNIT         ?PR?_CALIBRATION?CALIBRATION
            CODE    3C09H     0122H     UNIT         ?PR?ATAN?ATAN
            CODE    3D2BH     010DH     UNIT         ?PR?_AT25SF041_READ?AT25SF041
            CODE    3E38H     00FFH     UNIT         ?PR?_AT25SF041_WRITE?AT25SF041
            CODE    3F37H     00DBH     UNIT         ?PR?_ATOI?ATOI
            CODE    4012H     00C3H     UNIT         ?PR?LINEAR_INTERPOLATE?BIPOLARMOTOR
            CODE    40D5H     00BBH     UNIT         ?PR?VOLTAGE_IS_STABLE?CALIBRATION
            CODE    4190H     00ADH     UNIT         ?PR?_WRITE_PI4IOE5V96248?IOEXPANDER_PI4IOE5V96248
            CODE    423DH     00ACH     UNIT         ?PR?SQRT?SQRT
            CODE    42E9H     00A1H     UNIT         ?PR?UCREAD_STATUS_REGISTER_BYTE1?AT25SF041
            CODE    438AH     009DH     UNIT         ?PR?_ATAN2?ATAN2
            CODE    4427H     009CH     UNIT         ?PR?_MAX_VALUE?CALIBRATION
            CODE    44C3H     0095H     UNIT         ?PR?_DISPLAY_PROX?MAIN
            CODE    4558H     008CH     UNIT         ?C_C51STARTUP
            CODE    45E4H     0084H     UNIT         ?PR?_DAY_OF_YEAR?PCF85063BTL
            CODE    4668H     0075H     UNIT         ?PR?_WRITEDATA?LCD_DRIVER_SPLC780D
            CODE    46DDH     0072H     UNIT         ?PR?AT25SF041_WRITEENABLE?AT25SF041
            CODE    474FH     006FH     UNIT         ?PR?_READ_TIME?PCF85063BTL
            CODE    47BEH     005AH     UNIT         ?PR?AT25SF041_CHIPERASE?AT25SF041
            CODE    4818H     0059H     UNIT         ?PR?LCD_INIT?LCD_DRIVER_SPLC780D
            CODE    4871H     004AH     UNIT         ?PR?VONESTEPMOVE?BIPOLARMOTOR
            CODE    48BBH     004AH     UNIT         ?PR?ACOS?ACOS
            CODE    4905H     0044H     UNIT         ?C?LDIV
            CODE    4949H     0040H     UNIT         ?PR?_COMMAND?LCD_DRIVER_SPLC780D
            CODE    4989H     0040H     UNIT         ?PR?_STEP_MOVE?BIPOLARMOTOR
            CODE    49C9H     003BH     UNIT         ?PR?ASIN?ASIN
            CODE    4A04H     0033H     UNIT         ?PR?_SENDSTRING?UART1
            CODE    4A37H     002CH     UNIT         ?PR?_ADC_GETRESULT?ADC
            CODE    4A63H     002BH     UNIT         ?PR?_WAIT_MS_I2C?IOEXPANDER_PI4IOE5V96248
            CODE    4A8EH     002BH     UNIT         ?PR?_WAIT_MS_SPINOR?AT25SF041
            CODE    4AB9H     0028H     UNIT         ?PR?_MOVE?BIPOLARMOTOR
            CODE    4AE1H     0027H     UNIT         ?PR?_I2C_SENDBYTE?IOEXPANDER_PI4IOE5V96248
            CODE    4B08H     0024H     UNIT         ?PR?_WAIT_MS?LCD_DRIVER_SPLC780D
            CODE    4B2CH     0020H     UNIT         ?PR?_SPI_SENDBYTE?PCF85063BTL
            CODE    4B4CH     0020H     UNIT         ?PR?SPI_RECEIVEBYTE?PCF85063BTL
            CODE    4B6CH     001FH     UNIT         ?PR?ADC_INIT?ADC
            CODE    4B8BH     001EH     UNIT         ?PR?_DELAY_MS?KEYPAD
            CODE    4BA9H     001DH     UNIT         ?PR?_DISPLAYLCD?LCD_DRIVER_SPLC780D
            CODE    4BC6H     001BH     UNIT         ?PR?_BCDTODEC1?BIPOLARMOTOR
            CODE    4BE1H     0018H     UNIT         ?PR?_SPI_WRITETIME?PCF85063BTL
BL51 BANKED LINKER/LOCATER V6.22                                                      02/25/2019  16:02:15  PAGE 4


            CODE    4BF9H     0017H     UNIT         ?PR?_ASCIITOBCD?UART1
            CODE    4C10H     0016H     UNIT         ?PR?I2C_ACK?IOEXPANDER_PI4IOE5V96248
            CODE    4C26H     0015H     UNIT         ?PR?_DISPLAY_LINE?LCD_DRIVER_SPLC780D
            CODE    4C3BH     0015H     UNIT         ?PR?I2C_STOP?IOEXPANDER_PI4IOE5V96248
            CODE    4C50H     0014H     UNIT         ?PR?_PCF85063BTL_DELAY?PCF85063BTL
            CODE    4C64H     0014H     UNIT         ?PR?_ISSPACE?ISSPACE
            CODE    4C78H     0011H     UNIT         ?PR?_SPI_READTIME?PCF85063BTL
            CODE    4C89H     0011H     UNIT         ?PR?_BCDTODEC?PCF85063BTL
            CODE    4C9AH     0011H     UNIT         ?PR?INITUART1?UART1
            CODE    4CABH     000FH     UNIT         ?PR?I2C_START?IOEXPANDER_PI4IOE5V96248
            CODE    4CBAH     000FH     UNIT         ?PR?UC_NACK?IOEXPANDER_PI4IOE5V96248
            CODE    4CC9H     000FH     UNIT         ?PR?_ISDIGIT?ISDIGIT
            CODE    4CD8H     000DH     UNIT         ?PR?SPI_INIT?PCF85063BTL
            CODE    4CE5H     000CH     UNIT         ?PR?KEYPAD_IO_INIT?KEYPAD
            CODE    4CF1H     000CH     UNIT         ?PR?_ABS?ABS
            CODE    4CFDH     000AH     UNIT         ?PR?LCD_RETURN_HOME?LCD_DRIVER_SPLC780D
            CODE    4D07H     000AH     UNIT         ?PR?LCD_CLEAR?LCD_DRIVER_SPLC780D
            CODE    4D11H     0006H     UNIT         ?PR?UC_ACK?IOEXPANDER_PI4IOE5V96248
            CODE    4D17H     0005H     UNIT         ?PR?_UNIT?UART1
            CODE    4D1CH     0005H     UNIT         ?PR?_ASCII_LETTER?UART1
            CODE    4D21H     0001H     UNIT         ?PR?WAIT?BIPOLARMOTOR
            CODE    4D22H     0001H     UNIT         ?PR?NOP?IOEXPANDER_PI4IOE5V96248



OVERLAY MAP OF MODULE:   .\Obj\GPIO_RTC_Test (MAIN)


SEGMENT                                             BIT_GROUP          XDATA_GROUP
  +--> CALLED SEGMENT                            START    LENGTH     START    LENGTH
------------------------------------------------------------------------------------
?C_C51STARTUP                                    -----    -----      -----    -----
  +--> ?PR?MAIN?MAIN
  +--> ?C_INITSEG

?PR?MAIN?MAIN                                    -----    -----      038FH    002CH
  +--> ?PR?AT25SF041_WRITEENABLE?AT25SF041
  +--> ?PR?AT25SF041_CHIPERASE?AT25SF041
  +--> ?PR?_WAIT_MS_SPINOR?AT25SF041
  +--> ?PR?LCD_INIT?LCD_DRIVER_SPLC780D
  +--> ?PR?SPI_INIT?PCF85063BTL
  +--> ?PR?KEYPAD_IO_INIT?KEYPAD
  +--> ?PR?ADC_INIT?ADC
  +--> ?PR?_SPI_WRITETIME?PCF85063BTL
  +--> ?PR?_DELAY_MS?KEYPAD
  +--> ?PR?_DISPLAY_LINE?LCD_DRIVER_SPLC780D
  +--> ?PR?_WRITEDATA?LCD_DRIVER_SPLC780D
  +--> ?PR?KEY_PROCESS?KEYPAD
  +--> ?PR?_COMMAND?LCD_DRIVER_SPLC780D
  +--> ?PR?_DISPLAY_POS?MAIN
  +--> ?PR?_DISPLAYLCD?LCD_DRIVER_SPLC780D
  +--> ?PR?_STEP_MOVE?BIPOLARMOTOR
  +--> ?PR?LCD_RETURN_HOME?LCD_DRIVER_SPLC780D
  +--> ?PR?_READ_TIME?PCF85063BTL
  +--> ?PR?_ADC_GETRESULT?ADC
  +--> ?PR?_BCDTODEC1?BIPOLARMOTOR
  +--> ?PR?_CALIBRATION?CALIBRATION
BL51 BANKED LINKER/LOCATER V6.22                                                      02/25/2019  16:02:15  PAGE 5


  +--> ?PR?SPI_NOR_WRITE_DATA?AT25SF041
  +--> ?PR?LINEAR_INTERPOLATE?BIPOLARMOTOR
  +--> ?PR?_UPDATE_POSITION?BIPOLARMOTOR

?PR?AT25SF041_WRITEENABLE?AT25SF041              -----    -----      03C9H    0002H
  +--> ?PR?_WAIT_MS_SPINOR?AT25SF041
  +--> ?PR?UCREAD_STATUS_REGISTER_BYTE1?AT25...

?PR?UCREAD_STATUS_REGISTER_BYTE1?AT25...         -----    -----      03D1H    0003H
  +--> ?PR?_WAIT_MS_SPINOR?AT25SF041

?PR?AT25SF041_CHIPERASE?AT25SF041                -----    -----      03C9H    0002H
  +--> ?PR?_WAIT_MS_SPINOR?AT25SF041
  +--> ?PR?UCREAD_STATUS_REGISTER_BYTE1?AT25...

?PR?LCD_INIT?LCD_DRIVER_SPLC780D                 -----    -----      -----    -----
  +--> ?PR?_WAIT_MS?LCD_DRIVER_SPLC780D
  +--> ?PR?_COMMAND?LCD_DRIVER_SPLC780D

?PR?_COMMAND?LCD_DRIVER_SPLC780D                 -----    -----      -----    -----
  +--> ?PR?_WAIT_MS?LCD_DRIVER_SPLC780D

?PR?ADC_INIT?ADC                                 -----    -----      -----    -----
  +--> ?PR?_WAIT_MS?LCD_DRIVER_SPLC780D

?PR?_SPI_WRITETIME?PCF85063BTL                   -----    -----      -----    -----
  +--> ?PR?_SPI_SENDBYTE?PCF85063BTL

?PR?_SPI_SENDBYTE?PCF85063BTL                    -----    -----      -----    -----
  +--> ?PR?_PCF85063BTL_DELAY?PCF85063BTL

?PR?_DISPLAY_LINE?LCD_DRIVER_SPLC780D            -----    -----      -----    -----
  +--> ?PR?_COMMAND?LCD_DRIVER_SPLC780D

?PR?_WRITEDATA?LCD_DRIVER_SPLC780D               -----    -----      046AH    0001H
  +--> ?PR?_WAIT_MS?LCD_DRIVER_SPLC780D

?PR?KEY_PROCESS?KEYPAD                           -----    -----      03BBH    0006H
  +--> ?PR?KEY_SCAN?KEYPAD
  +--> ?PR?_SPI_WRITETIME?PCF85063BTL
  +--> ?PR?LCD_CLEAR?LCD_DRIVER_SPLC780D
  +--> ?PR?_COMMAND?LCD_DRIVER_SPLC780D
  +--> ?PR?_WRITEDATA?LCD_DRIVER_SPLC780D

?PR?KEY_SCAN?KEYPAD                              -----    -----      03C1H    0003H

?PR?LCD_CLEAR?LCD_DRIVER_SPLC780D                -----    -----      -----    -----
  +--> ?PR?_COMMAND?LCD_DRIVER_SPLC780D

?PR?_DISPLAY_POS?MAIN                            -----    -----      0460H    000AH
  +--> ?PR?_ABS?ABS
  +--> ?PR?_WRITEDATA?LCD_DRIVER_SPLC780D

?PR?_DISPLAYLCD?LCD_DRIVER_SPLC780D              -----    -----      03BBH    0001H
  +--> ?PR?_WRITEDATA?LCD_DRIVER_SPLC780D

?PR?_STEP_MOVE?BIPOLARMOTOR                      0020H.6  0000H.1    0479H    0004H
BL51 BANKED LINKER/LOCATER V6.22                                                      02/25/2019  16:02:15  PAGE 6


  +--> ?PR?VONESTEPMOVE?BIPOLARMOTOR

?PR?VONESTEPMOVE?BIPOLARMOTOR                    0020H.7  0000H.1    -----    -----
  +--> ?PR?_WRITE_PI4IOE5V96248?IOEXPANDER_P...
  +--> ?PR?_DELAY_MS?KEYPAD

?PR?_WRITE_PI4IOE5V96248?IOEXPANDER_P...         -----    -----      047DH    0003H
  +--> ?PR?I2C_START?IOEXPANDER_PI4IOE5V96248
  +--> ?PR?_WAIT_MS_I2C?IOEXPANDER_PI4IOE5V9...
  +--> ?PR?_I2C_SENDBYTE?IOEXPANDER_PI4IOE5V...
  +--> ?PR?I2C_ACK?IOEXPANDER_PI4IOE5V96248
  +--> ?PR?I2C_STOP?IOEXPANDER_PI4IOE5V96248

?PR?I2C_START?IOEXPANDER_PI4IOE5V96248           -----    -----      -----    -----
  +--> ?PR?_WAIT_MS_I2C?IOEXPANDER_PI4IOE5V9...

?PR?_I2C_SENDBYTE?IOEXPANDER_PI4IOE5V...         -----    -----      -----    -----
  +--> ?PR?_WAIT_MS_I2C?IOEXPANDER_PI4IOE5V9...

?PR?I2C_ACK?IOEXPANDER_PI4IOE5V96248             -----    -----      0480H    0001H
  +--> ?PR?_WAIT_MS_I2C?IOEXPANDER_PI4IOE5V9...

?PR?I2C_STOP?IOEXPANDER_PI4IOE5V96248            -----    -----      -----    -----
  +--> ?PR?_WAIT_MS_I2C?IOEXPANDER_PI4IOE5V9...

?PR?LCD_RETURN_HOME?LCD_DRIVER_SPLC780D          -----    -----      -----    -----
  +--> ?PR?_COMMAND?LCD_DRIVER_SPLC780D

?PR?_READ_TIME?PCF85063BTL                       -----    -----      03BBH    000FH
  +--> ?PR?_SPI_READTIME?PCF85063BTL

?PR?_SPI_READTIME?PCF85063BTL                    -----    -----      -----    -----
  +--> ?PR?_SPI_SENDBYTE?PCF85063BTL
  +--> ?PR?SPI_RECEIVEBYTE?PCF85063BTL

?PR?SPI_RECEIVEBYTE?PCF85063BTL                  -----    -----      -----    -----
  +--> ?PR?_PCF85063BTL_DELAY?PCF85063BTL

?PR?_CALIBRATION?CALIBRATION                     -----    -----      03BBH    001BH
  +--> ?PR?VOLTAGE_IS_STABLE?CALIBRATION
  +--> ?PR?_UPDATE_POSITION?BIPOLARMOTOR
  +--> ?PR?_FIND_REAL_MAX?CALIBRATION

?PR?VOLTAGE_IS_STABLE?CALIBRATION                -----    -----      03D6H    0018H
  +--> ?PR?_ADC_GETRESULT?ADC
  +--> ?PR?_ABS?ABS

?PR?_UPDATE_POSITION?BIPOLARMOTOR                -----    -----      03D6H    009FH
  +--> ?PR?_BCDTODEC1?BIPOLARMOTOR
  +--> ?PR?SUNPOS?SUNPOS
  +--> ?PR?SIN?SIN
  +--> ?PR?ASIN?ASIN
  +--> ?PR?LINEAR_INTERPOLATE?BIPOLARMOTOR
  +--> ?PR?_ABS?ABS
  +--> ?PR?_MOVE?BIPOLARMOTOR

?PR?SUNPOS?SUNPOS                                -----    -----      0475H    005DH
BL51 BANKED LINKER/LOCATER V6.22                                                      02/25/2019  16:02:15  PAGE 7


  +--> ?PR?SIN?SIN
  +--> ?PR?_ATAN2?ATAN2
  +--> ?PR?ASIN?ASIN
  +--> ?PR?ACOS?ACOS

?PR?SIN?SIN                                      0020H.5  0000H.1    04D2H    0004H

?PR?_ATAN2?ATAN2                                 -----    -----      04D2H    0008H
  +--> ?PR?ATAN?ATAN

?PR?ATAN?ATAN                                    0020H.5  0000H.2    04DAH    0004H

?PR?ASIN?ASIN                                    -----    -----      -----    -----
  +--> ?PR?SQRT?SQRT
  +--> ?PR?ATAN?ATAN

?PR?SQRT?SQRT                                    -----    -----      04D2H    0004H

?PR?ACOS?ACOS                                    -----    -----      -----    -----
  +--> ?PR?SQRT?SQRT
  +--> ?PR?ATAN?ATAN

?PR?LINEAR_INTERPOLATE?BIPOLARMOTOR              -----    -----      0475H    0014H

?PR?_MOVE?BIPOLARMOTOR                           0020H.5  0000H.1    0475H    0004H
  +--> ?PR?_STEP_MOVE?BIPOLARMOTOR

?PR?_FIND_REAL_MAX?CALIBRATION                   -----    -----      03D6H    008AH
  +--> ?PR?_ADC_GETRESULT?ADC
  +--> ?PR?_MOVE?BIPOLARMOTOR
  +--> ?PR?_COMMAND?LCD_DRIVER_SPLC780D
  +--> ?PR?_WRITEDATA?LCD_DRIVER_SPLC780D
  +--> ?PR?_DISPLAY_POS?MAIN
  +--> ?PR?_WAIT_MS?LCD_DRIVER_SPLC780D
  +--> ?PR?_MAX_VALUE?CALIBRATION

?PR?_MAX_VALUE?CALIBRATION                       -----    -----      0460H    0004H

?PR?SPI_NOR_WRITE_DATA?AT25SF041                 -----    -----      03BBH    000EH
  +--> ?PR?AT25SF041_WRITEENABLE?AT25SF041
  +--> ?PR?AT25SF041_CHIPERASE?AT25SF041
  +--> ?PR?_WAIT_MS_SPINOR?AT25SF041
  +--> ?PR?_AT25SF041_WRITE?AT25SF041

?PR?_AT25SF041_WRITE?AT25SF041                   -----    -----      03C9H    0008H
  +--> ?PR?_WAIT_MS_SPINOR?AT25SF041
  +--> ?PR?UCREAD_STATUS_REGISTER_BYTE1?AT25...



UNRESOLVED EXTERNAL SYMBOLS:
   AUTO_MODE
   _SENDUART1



SYMBOL TABLE OF MODULE:  .\Obj\GPIO_RTC_Test (MAIN)
BL51 BANKED LINKER/LOCATER V6.22                                                      02/25/2019  16:02:15  PAGE 8



  VALUE           TYPE          NAME
  ----------------------------------

  -------         MODULE        MAIN
  C:0000H         SYMBOL        _ICE_DUMMY_
  X:04E6H         PUBLIC        calib_value
  D:0080H         PUBLIC        P0
  D:00B2H         PUBLIC        P3M0
  D:0090H         PUBLIC        P1
  D:00B1H         PUBLIC        P3M1
  D:00A0H         PUBLIC        P2
  D:00B0H         PUBLIC        P3
  D:00C0H         PUBLIC        P4
  D:00C8H         PUBLIC        P5
  X:053AH         SYMBOL        PressedKey
  B:00A8H.7       PUBLIC        EA
  D:00E8H         PUBLIC        P6
  X:053EH         PUBLIC        calib_stamp
  D:00F8H         PUBLIC        P7
  X:053FH         PUBLIC        RX_Data_Uart_Cnt
  D:00A8H         PUBLIC        IE
  X:0541H         PUBLIC        calib_time
  D:00B8H         PUBLIC        IP
  X:0595H         PUBLIC        months
  D:00D8H         PUBLIC        CCON
  C:0B0EH         PUBLIC        main
  X:0596H         PUBLIC        count
  X:0598H         PUBLIC        days
  X:0599H         PUBLIC        hours
  D:0098H         PUBLIC        SCON
  D:0089H         PUBLIC        TMOD
  D:0088H         PUBLIC        TCON
  B:00A0H.3       PUBLIC        P23
  X:059AH         SYMBOL        KeyCount
  X:059CH         PUBLIC        mins
  X:059DH         PUBLIC        Rec_data_hour
  B:00C8H.5       PUBLIC        P55
  X:05A0H         PUBLIC        Rec_data_min
  D:008EH         PUBLIC        AUXR
  C:0009H         PUBLIC        tm0_isr
  B:0021H.0       PUBLIC        busy
  B:00A8H.1       PUBLIC        ET0
  X:05A3H         PUBLIC        SPI_NOR_INTERNAL_FLASH_ADDR
  D:008CH         PUBLIC        TH0
  X:05A7H         PUBLIC        hour_count
  D:008AH         PUBLIC        TL0
  X:05A8H         PUBLIC        min_count
  B:0088H.4       PUBLIC        TR0
  X:05A9H         SYMBOL        KeyNum
  X:05AAH         SYMBOL        KeyNum_Old
  X:05ABH         PUBLIC        current_position
  X:05AFH         PUBLIC        hours1
  X:05B0H         PUBLIC        hours2
  C:44C3H         PUBLIC        _Display_Prox
  X:05B1H         PUBLIC        mins1
  X:05B2H         PUBLIC        mins2
BL51 BANKED LINKER/LOCATER V6.22                                                      02/25/2019  16:02:15  PAGE 9


  C:393CH         PUBLIC        _Display_Pos
  X:05B3H         PUBLIC        seconds
  X:05B4H         PUBLIC        st_time
  D:00D0H         PUBLIC        PSW
  -------         PROC          TM0_ISR
  C:0009H         LINE#         85
  C:0009H         LINE#         87
  -------         ENDPROC       TM0_ISR
  -------         PROC          MAIN
  -------         DO            
  X:038FH         SYMBOL        sunlight_ADC
  X:04DEH         SYMBOL        KeyCount
  X:04E0H         SYMBOL        KeyNum_Old
  X:04E1H         SYMBOL        KeyNum
  X:04E2H         SYMBOL        PressedKey
  X:0391H         SYMBOL        prox_flag
  X:0392H         SYMBOL        iUse_prevday_calib_value
  X:0394H         SYMBOL        max_ADC_Val_JP
  X:0396H         SYMBOL        max_ADC_Val
  X:0398H         SYMBOL        calib_point1
  X:03A0H         SYMBOL        calib_point2
  X:03A8H         SYMBOL        dat_to_store
  X:03B3H         SYMBOL        calib_day
  X:03B5H         SYMBOL        calib_count
  X:03B7H         SYMBOL        theorical_JP_max_pos
  -------         ENDDO         
  C:0B0EH         LINE#         89
  C:0B0EH         LINE#         90
  C:0B0EH         LINE#         95
  C:0B14H         LINE#         96
  C:0B19H         LINE#         98
  C:0B21H         LINE#         102
  C:0B27H         LINE#         103
  C:0B31H         LINE#         107
  C:0B33H         LINE#         108
  C:0B35H         LINE#         109
  C:0B37H         LINE#         110
  C:0B39H         LINE#         112
  C:0B40H         LINE#         121
  C:0B40H         LINE#         122
  C:0B43H         LINE#         124
  C:0B46H         LINE#         125
  C:0B4DH         LINE#         126
  C:0B4DH         LINE#         127
  C:0B50H         LINE#         128
  C:0B53H         LINE#         129
  C:0B56H         LINE#         130
  C:0B59H         LINE#         131
  C:0B5CH         LINE#         132
  C:0B5FH         LINE#         135
  C:0B62H         LINE#         137
  C:0B65H         LINE#         138
  C:0B68H         LINE#         139
  C:0B6BH         LINE#         140
  C:0B6DH         LINE#         141
  C:0B6FH         LINE#         142
  C:0B71H         LINE#         144
BL51 BANKED LINKER/LOCATER V6.22                                                      02/25/2019  16:02:15  PAGE 10


  C:0B73H         LINE#         145
  C:0B7AH         LINE#         146
  C:0B81H         LINE#         147
  C:0B88H         LINE#         148
  C:0B8FH         LINE#         152
  C:0B96H         LINE#         153
  C:0B9BH         LINE#         154
  C:0BA0H         LINE#         155
  C:0BA5H         LINE#         156
  C:0BAAH         LINE#         157
  C:0BAFH         LINE#         160
  C:0BC8H         LINE#         161
  C:0BC8H         LINE#         162
  C:0BE4H         LINE#         163
  C:0C2BH         LINE#         164
  C:0C3CH         LINE#         167
  C:0C3CH         LINE#         168
  C:0C3CH         LINE#         169
  C:0C3FH         LINE#         172
  C:0C3FH         LINE#         175
  C:0C44H         LINE#         176
  C:0C49H         LINE#         178
  C:0C4EH         LINE#         179
  C:0C53H         LINE#         180
  C:0C58H         LINE#         181
  C:0C5DH         LINE#         183
  C:0C6EH         LINE#         184
  C:0C73H         LINE#         185
  C:0C78H         LINE#         187
  C:0C7FH         LINE#         188
  C:0C87H         LINE#         189
  C:0C8CH         LINE#         190
  C:0C94H         LINE#         191
  C:0C99H         LINE#         192
  C:0CA3H         LINE#         193
  C:0CA8H         LINE#         194
  C:0CB0H         LINE#         196
  C:0CB8H         LINE#         197
  C:0CBDH         LINE#         198
  C:0CC7H         LINE#         199
  C:0CC7H         LINE#         200
  C:0CC9H         LINE#         201
  C:0CCBH         LINE#         202
  C:0CD5H         LINE#         203
  C:0CD5H         LINE#         204
  C:0CDAH         LINE#         205
  C:0CDAH         LINE#         217
  C:0CE7H         LINE#         218
  C:0CE7H         LINE#         219
  C:0CF1H         LINE#         220
  C:0D08H         LINE#         221
  C:0D08H         LINE#         222
  C:0D0AH         LINE#         223
  C:0D0CH         LINE#         225
  C:0D0CH         LINE#         226
  C:0D17H         LINE#         227
  C:0D17H         LINE#         228
BL51 BANKED LINKER/LOCATER V6.22                                                      02/25/2019  16:02:15  PAGE 11


  C:0D1CH         LINE#         229
  C:0D1CH         LINE#         230
  C:0D29H         LINE#         231
  C:0D29H         LINE#         234
  C:0D33H         LINE#         235
  C:0D4AH         LINE#         236
  C:0D4AH         LINE#         237
  C:0D4CH         LINE#         238
  C:0D4EH         LINE#         240
  C:0D4EH         LINE#         241
  C:0D59H         LINE#         242
  C:0D59H         LINE#         243
  C:0D5EH         LINE#         244
  C:0D60H         LINE#         245
  C:0D60H         LINE#         254
  C:0D82H         LINE#         255
  C:0D82H         LINE#         256
  C:0D8CH         LINE#         257
  C:0D92H         LINE#         258
  C:0D94H         LINE#         259
  C:0D96H         LINE#         260
  C:0D98H         LINE#         261
  C:0D98H         LINE#         262
  C:0D9BH         LINE#         264
  C:0D9BH         LINE#         265
  C:0DA1H         LINE#         266
  C:0DA9H         LINE#         267
  C:0DAFH         LINE#         268
  C:0DB7H         LINE#         269
  C:0DF2H         LINE#         273
  C:0DFFH         LINE#         274
  C:0DFFH         LINE#         275
  C:0E0CH         LINE#         276
  C:0E3FH         LINE#         277
  C:0E4CH         LINE#         278
  C:0E4CH         LINE#         280
  C:0E7BH         LINE#         281
  C:0E7BH         LINE#         282
  C:0E9DH         LINE#         283
  C:0E9DH         LINE#         284
  C:0F19H         LINE#         285
  C:0F97H         LINE#         291
  C:0F9FH         LINE#         292
  C:0FA7H         LINE#         293
  C:0FAFH         LINE#         295
  C:0FB7H         LINE#         296
  C:0FCBH         LINE#         297
  C:0FE1H         LINE#         301
  C:100BH         LINE#         304
  C:101FH         LINE#         306
  C:1033H         LINE#         310
  C:1049H         LINE#         311
  C:1073H         LINE#         378
  C:107AH         LINE#         379
  C:109EH         LINE#         382
  C:10A1H         LINE#         383
  C:10B2H         LINE#         384
BL51 BANKED LINKER/LOCATER V6.22                                                      02/25/2019  16:02:15  PAGE 12


  C:10B2H         LINE#         385
  C:10B2H         LINE#         387
  C:10B2H         LINE#         390
  C:10B5H         LINE#         392
  C:10B5H         LINE#         393
  C:10D7H         LINE#         394
  C:10D7H         LINE#         395
  C:1153H         LINE#         396
  C:11A8H         LINE#         397
  C:11A8H         LINE#         398
  C:11A8H         LINE#         399
  C:11ABH         LINE#         403
  C:11ABH         LINE#         406
  C:11DFH         LINE#         407
  C:11DFH         LINE#         408
  C:1201H         LINE#         409
  C:1201H         LINE#         410
  C:127DH         LINE#         411
  C:12FBH         LINE#         431
  C:12FEH         LINE#         432
  C:130FH         LINE#         433
  C:130FH         LINE#         434
  C:1317H         LINE#         436
  C:1317H         LINE#         439
  C:131AH         LINE#         441
  C:131AH         LINE#         443
  C:133CH         LINE#         444
  C:133CH         LINE#         445
  C:13B8H         LINE#         447
  C:13E5H         LINE#         448
  C:1400H         LINE#         449
  C:142DH         LINE#         450
  C:1448H         LINE#         452
  C:14E4H         LINE#         455
  C:14E4H         LINE#         456
  C:14E4H         LINE#         457
  C:14E4H         LINE#         459
  C:14E4H         LINE#         462
  C:1500H         LINE#         463
  C:1505H         LINE#         465
  C:1507H         LINE#         466
  -------         ENDPROC       MAIN
  -------         PROC          _DISPLAY_PROX
  D:0002H         SYMBOL        dat
  -------         DO            
  X:0630H         SYMBOL        unit
  X:0631H         SYMBOL        ten
  X:0632H         SYMBOL        hundred
  X:0633H         SYMBOL        thousand
  -------         ENDDO         
  C:44C3H         LINE#         550
  C:44C7H         LINE#         551
  C:44C7H         LINE#         553
  C:44D3H         LINE#         554
  C:44E3H         LINE#         555
  C:44FFH         LINE#         556
  C:452FH         LINE#         557
BL51 BANKED LINKER/LOCATER V6.22                                                      02/25/2019  16:02:15  PAGE 13


  C:4539H         LINE#         558
  C:4543H         LINE#         559
  C:454DH         LINE#         560
  C:4557H         LINE#         562
  -------         ENDPROC       _DISPLAY_PROX
  -------         PROC          _DISPLAY_POS
  X:0460H         SYMBOL        sign_dat
  -------         DO            
  X:0464H         SYMBOL        unit
  X:0465H         SYMBOL        ten
  X:0466H         SYMBOL        hundred
  D:0003H         SYMBOL        thousand
  X:0467H         SYMBOL        after_dot
  X:0468H         SYMBOL        dat
  -------         ENDDO         
  C:393CH         LINE#         565
  C:3942H         LINE#         566
  C:3942H         LINE#         570
  C:395EH         LINE#         571
  C:3978H         LINE#         572
  C:399CH         LINE#         574
  C:39E6H         LINE#         576
  C:39FDH         LINE#         577
  C:3A0AH         LINE#         578
  C:3A2CH         LINE#         579
  C:3A61H         LINE#         580
  C:3A79H         LINE#         581
  C:3A79H         LINE#         583
  C:3A79H         LINE#         584
  C:3A79H         LINE#         585
  C:3A79H         LINE#         586
  C:3A79H         LINE#         587
  C:3A79H         LINE#         591
  C:3A7BH         LINE#         593
  C:3A7BH         LINE#         595
  C:3A80H         LINE#         596
  C:3A8AH         LINE#         597
  C:3A94H         LINE#         598
  C:3A9EH         LINE#         599
  C:3AA3H         LINE#         600
  C:3AADH         LINE#         604
  C:3AADH         LINE#         606
  -------         ENDPROC       _DISPLAY_POS
  -------         ENDMOD        MAIN

  -------         MODULE        PCF85063BTL
  C:0000H         SYMBOL        _ICE_DUMMY_
  D:0096H         PUBLIC        P2M0
  D:0080H         PUBLIC        P0
  D:0095H         PUBLIC        P2M1
  D:0090H         PUBLIC        P1
  D:00A0H         PUBLIC        P2
  D:00B0H         PUBLIC        P3
  D:00C0H         PUBLIC        P4
  D:00C8H         PUBLIC        P5
  D:00E8H         PUBLIC        P6
  B:00A0H.1       PUBLIC        PCF85063BTL_SDI
BL51 BANKED LINKER/LOCATER V6.22                                                      02/25/2019  16:02:15  PAGE 14


  D:00F8H         PUBLIC        P7
  B:00A0H.2       PUBLIC        PCF85063BTL_SCK
  B:00A0H.1       PUBLIC        PCF85063BTL_SDO
  D:00A8H         PUBLIC        IE
  C:474FH         PUBLIC        _Read_time
  C:4C56H         PUBLIC        _PCF85063BTL_Delay
  D:00B8H         PUBLIC        IP
  D:00D8H         PUBLIC        CCON
  C:45E4H         PUBLIC        _Day_Of_Year
  C:4B4CH         PUBLIC        SPI_ReceiveByte
  D:0098H         PUBLIC        SCON
  D:0088H         PUBLIC        TCON
  C:4C89H         PUBLIC        _BCDtoDec
  B:00A0H.0       PUBLIC        PCF85063BTL_CS
  C:4C78H         PUBLIC        _SPI_ReadTime
  C:4CD8H         PUBLIC        SPI_Init
  C:4BE1H         PUBLIC        _SPI_WriteTime
  C:4B2CH         PUBLIC        _SPI_SendByte
  D:00D0H         PUBLIC        PSW
  C:4C52H         SYMBOL        L?0047
  -------         PROC          L?0046
  -------         ENDPROC       L?0046
  C:4C52H         SYMBOL        L?0047
  -------         PROC          _PCF85063BTL_DELAY
  D:0006H         SYMBOL        us
  C:4C56H         LINE#         8
  C:4C56H         LINE#         9
  C:4C56H         LINE#         10
  C:4C60H         LINE#         11
  C:4C60H         LINE#         12
  C:4C61H         LINE#         13
  C:4C63H         LINE#         14
  -------         ENDPROC       _PCF85063BTL_DELAY
  -------         PROC          _SPI_SENDBYTE
  D:0005H         SYMBOL        dat
  -------         DO            
  D:0003H         SYMBOL        i
  -------         ENDDO         
  C:4B2CH         LINE#         17
  C:4B2EH         LINE#         18
  C:4B2EH         LINE#         20
  C:4B30H         LINE#         21
  C:4B30H         LINE#         22
  C:4B32H         LINE#         23
  C:4B36H         LINE#         24
  C:4B36H         LINE#         25
  C:4B38H         LINE#         26
  C:4B3AH         LINE#         28
  C:4B3AH         LINE#         29
  C:4B3CH         LINE#         30
  C:4B3CH         LINE#         31
  C:4B3FH         LINE#         32
  C:4B3FH         LINE#         33
  C:4B42H         LINE#         34
  C:4B46H         LINE#         35
  C:4B4BH         LINE#         36
  -------         ENDPROC       _SPI_SENDBYTE
BL51 BANKED LINKER/LOCATER V6.22                                                      02/25/2019  16:02:15  PAGE 15


  -------         PROC          SPI_RECEIVEBYTE
  -------         DO            
  D:0003H         SYMBOL        i
  D:0005H         SYMBOL        dat
  -------         ENDDO         
  C:4B4CH         LINE#         39
  C:4B4CH         LINE#         40
  C:4B4CH         LINE#         42
  C:4B4EH         LINE#         44
  C:4B50H         LINE#         45
  C:4B51H         LINE#         46
  C:4B51H         LINE#         47
  C:4B55H         LINE#         48
  C:4B57H         LINE#         49
  C:4B5AH         LINE#         51
  C:4B5DH         LINE#         52
  C:4B5DH         LINE#         53
  C:4B61H         LINE#         54
  C:4B61H         LINE#         55
  C:4B61H         LINE#         56
  C:4B64H         LINE#         57
  C:4B69H         LINE#         58
  C:4B6BH         LINE#         59
  -------         ENDPROC       SPI_RECEIVEBYTE
  -------         PROC          _SPI_READTIME
  D:0007H         SYMBOL        addr
  -------         DO            
  D:0006H         SYMBOL        dat
  -------         ENDDO         
  C:4C78H         LINE#         61
  C:4C78H         LINE#         62
  C:4C78H         LINE#         64
  C:4C7AH         LINE#         65
  C:4C7CH         LINE#         66
  C:4C83H         LINE#         67
  C:4C86H         LINE#         68
  C:4C88H         LINE#         69
  C:4C88H         LINE#         70
  -------         ENDPROC       _SPI_READTIME
  -------         PROC          _SPI_WRITETIME
  D:0002H         SYMBOL        val
  D:0005H         SYMBOL        addr
  C:4BE1H         LINE#         71
  C:4BE3H         LINE#         72
  C:4BE3H         LINE#         74
  C:4BE5H         LINE#         75
  C:4BECH         LINE#         76
  C:4BF1H         LINE#         77
  C:4BF6H         LINE#         78
  C:4BF8H         LINE#         79
  -------         ENDPROC       _SPI_WRITETIME
  -------         PROC          SPI_INIT
  C:4CD8H         LINE#         83
  C:4CD8H         LINE#         84
  C:4CD8H         LINE#         89
  C:4CDBH         LINE#         90
  C:4CDEH         LINE#         91
BL51 BANKED LINKER/LOCATER V6.22                                                      02/25/2019  16:02:15  PAGE 16


  C:4CE0H         LINE#         92
  C:4CE2H         LINE#         93
  C:4CE4H         LINE#         94
  -------         ENDPROC       SPI_INIT
  -------         PROC          _READ_TIME
  X:03BBH         SYMBOL        months
  X:03BEH         SYMBOL        days
  X:03C1H         SYMBOL        hours
  X:03C4H         SYMBOL        mins
  X:03C7H         SYMBOL        seconds
  C:474FH         LINE#         96
  C:475AH         LINE#         97
  C:475AH         LINE#         99
  C:476EH         LINE#         101
  C:4782H         LINE#         103
  C:4796H         LINE#         108
  C:47AAH         LINE#         113
  -------         ENDPROC       _READ_TIME
  -------         PROC          _BCDTODEC
  D:0007H         SYMBOL        bcd
  -------         DO            
  D:0006H         SYMBOL        hi
  D:0007H         SYMBOL        lo
  -------         ENDDO         
  C:4C89H         LINE#         119
  C:4C89H         LINE#         120
  C:4C89H         LINE#         122
  C:4C8EH         LINE#         123
  C:4C92H         LINE#         124
  C:4C99H         LINE#         125
  -------         ENDPROC       _BCDTODEC
  -------         PROC          _DAY_OF_YEAR
  D:0007H         SYMBOL        months_bcd
  D:0005H         SYMBOL        days_bcd
  -------         DO            
  D:0004H         SYMBOL        months
  D:0007H         SYMBOL        days
  -------         ENDDO         
  C:45E4H         LINE#         126
  C:45E4H         LINE#         127
  C:45E4H         LINE#         130
  C:45E9H         LINE#         132
  C:45EEH         LINE#         134
  C:4627H         LINE#         135
  C:4627H         LINE#         136
  C:4627H         LINE#         137
  C:462AH         LINE#         138
  C:462AH         LINE#         139
  C:462AH         LINE#         140
  C:462FH         LINE#         141
  C:462FH         LINE#         142
  C:462FH         LINE#         143
  C:4634H         LINE#         144
  C:4634H         LINE#         145
  C:4634H         LINE#         146
  C:4639H         LINE#         147
  C:4639H         LINE#         148
BL51 BANKED LINKER/LOCATER V6.22                                                      02/25/2019  16:02:15  PAGE 17


  C:4639H         LINE#         149
  C:463EH         LINE#         150
  C:463EH         LINE#         151
  C:463EH         LINE#         152
  C:4643H         LINE#         153
  C:4643H         LINE#         154
  C:4643H         LINE#         155
  C:4648H         LINE#         156
  C:4648H         LINE#         157
  C:4648H         LINE#         158
  C:464DH         LINE#         159
  C:464DH         LINE#         160
  C:464DH         LINE#         161
  C:4655H         LINE#         162
  C:4655H         LINE#         163
  C:4655H         LINE#         164
  C:465AH         LINE#         165
  C:465AH         LINE#         166
  C:465AH         LINE#         167
  C:465FH         LINE#         168
  C:465FH         LINE#         169
  C:465FH         LINE#         170
  C:4667H         LINE#         171
  C:4667H         LINE#         172
  C:4667H         LINE#         173
  -------         ENDPROC       _DAY_OF_YEAR
  -------         ENDMOD        PCF85063BTL

  -------         MODULE        UART1
  C:0000H         SYMBOL        _ICE_DUMMY_
  D:0080H         PUBLIC        P0
  D:0090H         PUBLIC        P1
  D:00A0H         PUBLIC        P2
  D:00B0H         PUBLIC        P3
  D:00C0H         PUBLIC        P4
  D:00C8H         PUBLIC        P5
  B:00A8H.7       PUBLIC        EA
  D:00E8H         PUBLIC        P6
  D:00F8H         PUBLIC        P7
  C:4A04H         PUBLIC        _SendString
  D:00A8H         PUBLIC        IE
  B:00A8H.4       PUBLIC        ES
  D:00B8H         PUBLIC        IP
  C:4BF9H         PUBLIC        _ASCIItoBCD
  D:00D8H         PUBLIC        CCON
  C:4C9AH         PUBLIC        initUART1
  D:0098H         PUBLIC        SCON
  D:0088H         PUBLIC        TCON
  C:000AH         PUBLIC        _DectoBCD
  C:4D1CH         PUBLIC        _ASCII_Letter
  D:008EH         PUBLIC        AUXR
  C:4D17H         PUBLIC        _unit
  C:0003H         PUBLIC        _ten
  D:00D6H         PUBLIC        T2H
  D:00D7H         PUBLIC        T2L
  D:00D0H         PUBLIC        PSW
  -------         PROC          INITUART1
BL51 BANKED LINKER/LOCATER V6.22                                                      02/25/2019  16:02:15  PAGE 18


  C:4C9AH         LINE#         21
  C:4C9AH         LINE#         22
  C:4C9AH         LINE#         23
  C:4C9DH         LINE#         24
  C:4CA0H         LINE#         25
  C:4CA3H         LINE#         26
  C:4CA6H         LINE#         27
  C:4CA8H         LINE#         28
  C:4CAAH         LINE#         30
  -------         ENDPROC       INITUART1
  -------         PROC          _SENDSTRING
  X:0634H         SYMBOL        s
  C:4A04H         LINE#         35
  C:4A0FH         LINE#         36
  C:4A0FH         LINE#         37
  C:4A1FH         LINE#         38
  C:4A1FH         LINE#         39
  C:4A34H         LINE#         40
  C:4A36H         LINE#         41
  -------         ENDPROC       _SENDSTRING
  -------         PROC          _TEN
  D:0007H         SYMBOL        BCD
  C:0003H         LINE#         43
  C:0003H         LINE#         44
  C:0003H         LINE#         45
  C:0008H         LINE#         46
  -------         ENDPROC       _TEN
  -------         PROC          _UNIT
  D:0007H         SYMBOL        BCD
  C:4D17H         LINE#         47
  C:4D17H         LINE#         48
  C:4D17H         LINE#         52
  C:4D1BH         LINE#         53
  -------         ENDPROC       _UNIT
  -------         PROC          _DECTOBCD
  D:0007H         SYMBOL        dec
  C:000AH         LINE#         54
  C:000AH         LINE#         55
  C:000AH         LINE#         57
  C:000AH         LINE#         58
  -------         ENDPROC       _DECTOBCD
  -------         PROC          _ASCII_LETTER
  D:0007H         SYMBOL        dat
  C:4D1CH         LINE#         60
  C:4D1CH         LINE#         61
  C:4D1CH         LINE#         63
  C:4D20H         LINE#         64
  -------         ENDPROC       _ASCII_LETTER
  -------         PROC          _ASCIITOBCD
  D:0001H         SYMBOL        ascii
  -------         DO            
  D:0007H         SYMBOL        dec_val
  D:0006H         SYMBOL        ten
  D:0007H         SYMBOL        unit
  -------         ENDDO         
  C:4BF9H         LINE#         66
  C:4BF9H         LINE#         67
BL51 BANKED LINKER/LOCATER V6.22                                                      02/25/2019  16:02:15  PAGE 19


  C:4BF9H         LINE#         69
  C:4BFCH         LINE#         70
  C:4C02H         LINE#         71
  C:4C09H         LINE#         72
  C:4C0FH         LINE#         74
  -------         ENDPROC       _ASCIITOBCD
  -------         ENDMOD        UART1

  -------         MODULE        LCD_DRIVER_SPLC780D
  C:0000H         SYMBOL        _ICE_DUMMY_
  D:0092H         PUBLIC        P1M0
  D:0091H         PUBLIC        P1M1
  D:0080H         PUBLIC        P0
  D:0090H         PUBLIC        P1
  D:00A0H         PUBLIC        P2
  D:00B0H         PUBLIC        P3
  D:00C0H         PUBLIC        P4
  D:00C8H         PUBLIC        P5
  D:00E8H         PUBLIC        P6
  D:00F8H         PUBLIC        P7
  C:4668H         PUBLIC        _WriteData
  D:00A8H         PUBLIC        IE
  D:00B8H         PUBLIC        IP
  D:00D8H         PUBLIC        CCON
  B:00B0H.4       PUBLIC        LCD_D4
  B:00B0H.5       PUBLIC        LCD_D5
  B:00B0H.6       PUBLIC        LCD_D6
  C:4BA9H         PUBLIC        _DisplayLCD
  B:00B0H.7       PUBLIC        LCD_D7
  D:0098H         PUBLIC        SCON
  D:0088H         PUBLIC        TCON
  C:4D07H         PUBLIC        LCD_clear
  C:4949H         PUBLIC        _Command
  C:4C26H         PUBLIC        _Display_Line
  C:4818H         PUBLIC        LCD_Init
  C:4B0EH         PUBLIC        _Wait_ms
  B:00C0H.0       PUBLIC        LCD_RS
  B:00B0H.2       PUBLIC        LCD_RW
  C:4CFDH         PUBLIC        LCD_return_home
  B:00B0H.3       PUBLIC        LCD_E
  D:00D0H         PUBLIC        PSW
  -------         PROC          LCD_INIT
  C:4818H         LINE#         9
  C:4818H         LINE#         10
  C:4818H         LINE#         11
  C:481BH         LINE#         12
  C:481EH         LINE#         14
  C:4824H         LINE#         15
  C:4829H         LINE#         17
  C:4830H         LINE#         18
  C:4835H         LINE#         20
  C:4838H         LINE#         21
  C:483DH         LINE#         23
  C:4840H         LINE#         24
  C:4845H         LINE#         26
  C:484CH         LINE#         29
  C:4851H         LINE#         30
BL51 BANKED LINKER/LOCATER V6.22                                                      02/25/2019  16:02:15  PAGE 20


  C:4856H         LINE#         32
  C:485BH         LINE#         33
  C:4860H         LINE#         35
  C:4865H         LINE#         36
  C:486AH         LINE#         37
  -------         ENDPROC       LCD_INIT
  -------         PROC          _WRITEDATA
  X:046AH         SYMBOL        dat
  C:4668H         LINE#         40
  C:466DH         LINE#         41
  C:466DH         LINE#         46
  C:466FH         LINE#         47
  C:4671H         LINE#         49
  C:467FH         LINE#         50
  C:468BH         LINE#         51
  C:4697H         LINE#         52
  C:46A1H         LINE#         53
  C:46A3H         LINE#         54
  C:46AAH         LINE#         55
  C:46ACH         LINE#         57
  C:46BCH         LINE#         58
  C:46C7H         LINE#         59
  C:46D1H         LINE#         60
  C:46D5H         LINE#         62
  C:46D5H         LINE#         63
  C:46D8H         LINE#         64
  C:46DAH         LINE#         65
  C:46DCH         LINE#         67
  -------         ENDPROC       _WRITEDATA
  -------         PROC          _COMMAND
  D:0007H         SYMBOL        dat
  C:4949H         LINE#         69
  C:4949H         LINE#         70
  C:4949H         LINE#         71
  C:494BH         LINE#         72
  C:494DH         LINE#         74
  C:4957H         LINE#         75
  C:495BH         LINE#         77
  C:495DH         LINE#         78
  C:4966H         LINE#         79
  C:496AH         LINE#         81
  C:496CH         LINE#         82
  C:4973H         LINE#         83
  C:4977H         LINE#         85
  C:4979H         LINE#         86
  C:497DH         LINE#         87
  C:4981H         LINE#         89
  C:4983H         LINE#         90
  C:4983H         LINE#         91
  C:4986H         LINE#         92
  C:4988H         LINE#         93
  -------         ENDPROC       _COMMAND
  C:4B0AH         SYMBOL        L?0028
  -------         PROC          L?0027
  -------         ENDPROC       L?0027
  C:4B0AH         SYMBOL        L?0028
  -------         PROC          _WAIT_MS
BL51 BANKED LINKER/LOCATER V6.22                                                      02/25/2019  16:02:15  PAGE 21


  D:0006H         SYMBOL        ms
  -------         DO            
  D:0004H         SYMBOL        De_Cnt
  -------         ENDDO         
  C:4B0EH         LINE#         95
  C:4B0EH         LINE#         96
  C:4B0EH         LINE#         98
  C:4B18H         LINE#         99
  C:4B18H         LINE#         100
  C:4B2BH         LINE#         101
  C:4B2BH         LINE#         102
  -------         ENDPROC       _WAIT_MS
  -------         PROC          _DISPLAYLCD
  D:0007H         SYMBOL        BCD
  -------         DO            
  D:0006H         SYMBOL        first_digit
  X:03BBH         SYMBOL        second_digit
  -------         ENDDO         
  C:4BA9H         LINE#         103
  C:4BA9H         LINE#         104
  C:4BA9H         LINE#         106
  C:4BB0H         LINE#         107
  C:4BB9H         LINE#         109
  C:4BBEH         LINE#         111
  -------         ENDPROC       _DISPLAYLCD
  -------         PROC          LCD_RETURN_HOME
  C:4CFDH         LINE#         115
  C:4CFDH         LINE#         116
  C:4CFDH         LINE#         117
  C:4D02H         LINE#         118
  -------         ENDPROC       LCD_RETURN_HOME
  -------         PROC          LCD_CLEAR
  C:4D07H         LINE#         121
  C:4D07H         LINE#         122
  C:4D07H         LINE#         123
  C:4D0CH         LINE#         124
  -------         ENDPROC       LCD_CLEAR
  -------         PROC          _DISPLAY_LINE
  D:0006H         SYMBOL        line
  C:4C26H         LINE#         128
  C:4C26H         LINE#         129
  C:4C26H         LINE#         130
  C:4C2CH         LINE#         131
  C:4C2CH         LINE#         132
  C:4C2EH         LINE#         133
  C:4C2EH         LINE#         134
  C:4C30H         LINE#         136
  C:4C30H         LINE#         137
  C:4C35H         LINE#         138
  C:4C3AH         LINE#         139
  C:4C3AH         LINE#         140
  -------         ENDPROC       _DISPLAY_LINE
  -------         ENDMOD        LCD_DRIVER_SPLC780D

  -------         MODULE        KEYPAD
  C:0000H         SYMBOL        _ICE_DUMMY_
  D:0093H         PUBLIC        P0M1
BL51 BANKED LINKER/LOCATER V6.22                                                      02/25/2019  16:02:15  PAGE 22


  D:0080H         PUBLIC        P0
  D:0090H         PUBLIC        P1
  D:00A0H         PUBLIC        P2
  D:00B0H         PUBLIC        P3
  D:00C0H         PUBLIC        P4
  D:00C8H         PUBLIC        P5
  B:0020H.0       PUBLIC        calib_mode
  D:00E8H         PUBLIC        P6
  D:00F8H         PUBLIC        P7
  D:00A8H         PUBLIC        IE
  C:3627H         PUBLIC        Key_Scan
  D:00B8H         PUBLIC        IP
  D:00D8H         PUBLIC        CCON
  C:4CE5H         PUBLIC        KeyPad_IO_Init
  C:4B8BH         PUBLIC        _Delay_ms
  D:0098H         PUBLIC        SCON
  D:0088H         PUBLIC        TCON
  B:0020H.1       PUBLIC        small_move
  B:0020H.2       PUBLIC        move
  B:0020H.3       PUBLIC        direction
  B:0020H.4       PUBLIC        auto_move
  C:3024H         PUBLIC        Key_Process
  D:00D0H         PUBLIC        PSW
  D:0094H         PUBLIC        P0M0
  -------         PROC          _DELAY_MS
  D:0006H         SYMBOL        ms
  -------         DO            
  D:0004H         SYMBOL        De_Cnt
  -------         ENDDO         
  C:4B8BH         LINE#         19
  C:4B8BH         LINE#         20
  C:4B8BH         LINE#         22
  C:4B95H         LINE#         23
  C:4B95H         LINE#         24
  C:4BA8H         LINE#         25
  C:4BA8H         LINE#         26
  -------         ENDPROC       _DELAY_MS
  -------         PROC          KEY_SCAN
  -------         DO            
  X:03C1H         SYMBOL        KeyTemp1
  X:03C2H         SYMBOL        KeyTemp2
  X:03C3H         SYMBOL        KeyValue
  -------         ENDDO         
  C:3627H         LINE#         27
  C:3627H         LINE#         28
  C:3627H         LINE#         33
  C:362AH         LINE#         36
  C:362DH         LINE#         38
  C:3635H         LINE#         39
  C:363CH         LINE#         40
  C:363CH         LINE#         42
  C:3641H         LINE#         43
  C:3648H         LINE#         44
  C:3648H         LINE#         47
  C:364BH         LINE#         48
  C:364EH         LINE#         49
  C:3653H         LINE#         50
BL51 BANKED LINKER/LOCATER V6.22                                                      02/25/2019  16:02:15  PAGE 23


  C:3657H         LINE#         51
  C:3657H         LINE#         52
  C:365FH         LINE#         53
  C:365FH         LINE#         54
  C:3662H         LINE#         55
  C:366AH         LINE#         56
  C:366CH         LINE#         58
  C:3680H         LINE#         59
  C:3680H         LINE#         60
  C:3680H         LINE#         61
  C:3680H         LINE#         62
  C:3686H         LINE#         64
  C:3688H         LINE#         65
  C:3688H         LINE#         66
  C:3688H         LINE#         67
  C:368EH         LINE#         69
  C:3690H         LINE#         70
  C:3690H         LINE#         71
  C:3690H         LINE#         72
  C:3696H         LINE#         74
  C:3698H         LINE#         75
  C:3698H         LINE#         76
  C:3698H         LINE#         77
  C:369EH         LINE#         79
  C:369EH         LINE#         80
  C:369EH         LINE#         81
  C:369EH         LINE#         84
  C:36A1H         LINE#         85
  C:36A4H         LINE#         86
  C:36ACH         LINE#         87
  C:36B0H         LINE#         88
  C:36B0H         LINE#         89
  C:36B8H         LINE#         90
  C:36B8H         LINE#         91
  C:36BBH         LINE#         92
  C:36C3H         LINE#         93
  C:36C5H         LINE#         94
  C:36D9H         LINE#         95
  C:36D9H         LINE#         96
  C:36D9H         LINE#         97
  C:36D9H         LINE#         98
  C:36DFH         LINE#         100
  C:36E1H         LINE#         101
  C:36E1H         LINE#         102
  C:36E1H         LINE#         103
  C:36E7H         LINE#         105
  C:36E9H         LINE#         106
  C:36E9H         LINE#         107
  C:36E9H         LINE#         108
  C:36EFH         LINE#         110
  C:36F1H         LINE#         111
  C:36F1H         LINE#         112
  C:36F1H         LINE#         113
  C:36F6H         LINE#         115
  C:36F6H         LINE#         116
  C:36F6H         LINE#         117
  C:36F6H         LINE#         120
BL51 BANKED LINKER/LOCATER V6.22                                                      02/25/2019  16:02:15  PAGE 24


  C:36F9H         LINE#         121
  C:36FCH         LINE#         122
  C:3704H         LINE#         123
  C:3708H         LINE#         124
  C:3708H         LINE#         125
  C:3710H         LINE#         126
  C:3710H         LINE#         127
  C:3713H         LINE#         128
  C:371BH         LINE#         129
  C:371DH         LINE#         130
  C:3731H         LINE#         131
  C:3731H         LINE#         132
  C:3731H         LINE#         133
  C:3731H         LINE#         134
  C:3737H         LINE#         136
  C:3739H         LINE#         137
  C:3739H         LINE#         138
  C:3739H         LINE#         139
  C:373FH         LINE#         141
  C:3741H         LINE#         142
  C:3741H         LINE#         143
  C:3741H         LINE#         144
  C:3747H         LINE#         146
  C:3749H         LINE#         147
  C:3749H         LINE#         148
  C:3749H         LINE#         149
  C:374FH         LINE#         151
  C:374FH         LINE#         152
  C:374FH         LINE#         153
  C:374FH         LINE#         157
  C:3752H         LINE#         158
  C:3755H         LINE#         159
  C:375DH         LINE#         160
  C:3761H         LINE#         161
  C:3761H         LINE#         162
  C:3769H         LINE#         163
  C:3769H         LINE#         164
  C:376CH         LINE#         165
  C:3774H         LINE#         166
  C:3776H         LINE#         167
  C:378AH         LINE#         168
  C:378AH         LINE#         169
  C:378AH         LINE#         170
  C:378AH         LINE#         171
  C:3790H         LINE#         173
  C:3792H         LINE#         174
  C:3792H         LINE#         175
  C:3792H         LINE#         176
  C:3798H         LINE#         178
  C:379AH         LINE#         179
  C:379AH         LINE#         180
  C:379AH         LINE#         181
  C:37A0H         LINE#         183
  C:37A2H         LINE#         184
  C:37A2H         LINE#         185
  C:37A2H         LINE#         186
  C:37A8H         LINE#         188
BL51 BANKED LINKER/LOCATER V6.22                                                      02/25/2019  16:02:15  PAGE 25


  C:37A8H         LINE#         189
  C:37A8H         LINE#         190
  C:37A8H         LINE#         192
  C:37AEH         LINE#         193
  C:37AEH         LINE#         195
  C:37AEH         LINE#         196
  C:37B1H         LINE#         197
  C:37B1H         LINE#         198
  C:37B1H         LINE#         200
  C:37B1H         LINE#         201
  C:37B3H         LINE#         202
  C:37B3H         LINE#         203
  -------         ENDPROC       KEY_SCAN
  -------         PROC          KEY_PROCESS
  -------         DO            
  X:061AH         SYMBOL        KeyCount
  X:061CH         SYMBOL        KeyNum_Old
  X:061DH         SYMBOL        KeyNum
  X:061EH         SYMBOL        PressedKey
  X:03BBH         SYMBOL        d
  D:0004H         SYMBOL        hours
  D:0006H         SYMBOL        mins
  X:03BDH         SYMBOL        months
  X:03BFH         SYMBOL        days
  -------         ENDDO         
  C:3024H         LINE#         204
  C:3024H         LINE#         205
  C:3024H         LINE#         209
  C:302CH         LINE#         210
  C:3034H         LINE#         212
  C:3037H         LINE#         213
  C:3037H         LINE#         214
  C:303AH         LINE#         216
  C:303AH         LINE#         217
  C:3047H         LINE#         218
  C:3047H         LINE#         219
  C:304AH         LINE#         220
  C:304DH         LINE#         222
  C:3050H         LINE#         224
  C:3050H         LINE#         225
  C:305BH         LINE#         226
  C:305BH         LINE#         227
  C:305EH         LINE#         229
  C:305EH         LINE#         230
  C:3065H         LINE#         231
  C:3065H         LINE#         232
  C:3068H         LINE#         234
  C:3068H         LINE#         235
  C:3070H         LINE#         236
  C:3070H         LINE#         237
  C:307AH         LINE#         238
  C:3082H         LINE#         240
  C:308BH         LINE#         242
  C:308BH         LINE#         251
  C:30A0H         LINE#         252
  C:30A0H         LINE#         253
  C:30B2H         LINE#         254
BL51 BANKED LINKER/LOCATER V6.22                                                      02/25/2019  16:02:15  PAGE 26


  C:30C0H         LINE#         255
  C:30CFH         LINE#         256
  C:30CFH         LINE#         258
  C:30D5H         LINE#         262
  C:30EBH         LINE#         263
  C:30FCH         LINE#         264
  C:3117H         LINE#         265
  C:3117H         LINE#         266
  C:3127H         LINE#         267
  C:3138H         LINE#         268
  C:3138H         LINE#         272
  C:3151H         LINE#         273
  C:3168H         LINE#         274
  C:3188H         LINE#         275
  C:3188H         LINE#         276
  C:3192H         LINE#         277
  C:3192H         LINE#         278
  C:319BH         LINE#         279
  C:319BH         LINE#         280
  C:31AFH         LINE#         281
  C:31AFH         LINE#         282
  C:31AFH         LINE#         283
  C:31AFH         LINE#         284
  C:31AFH         LINE#         285
  C:31B1H         LINE#         287
  C:31B1H         LINE#         288
  C:31BDH         LINE#         289
  C:31BDH         LINE#         290
  C:31CEH         LINE#         291
  C:31CEH         LINE#         292
  C:31CEH         LINE#         293
  C:31CEH         LINE#         294
  C:31CEH         LINE#         296
  C:31D0H         LINE#         298
  C:31D0H         LINE#         299
  C:31E1H         LINE#         300
  C:31E1H         LINE#         301
  C:31E1H         LINE#         302
  C:31E1H         LINE#         303
  C:31E1H         LINE#         305
  C:31E1H         LINE#         307
  C:31E1H         LINE#         308
  C:31E3H         LINE#         310
  C:31E3H         LINE#         311
  C:31F6H         LINE#         312
  C:31F6H         LINE#         313
  C:3207H         LINE#         314
  C:3207H         LINE#         315
  C:3207H         LINE#         316
  C:3207H         LINE#         317
  C:3207H         LINE#         318
  C:3209H         LINE#         320
  C:3209H         LINE#         321
  C:321AH         LINE#         322
  C:321AH         LINE#         323
  C:322BH         LINE#         324
  C:323CH         LINE#         325
BL51 BANKED LINKER/LOCATER V6.22                                                      02/25/2019  16:02:15  PAGE 27


  C:323CH         LINE#         326
  C:323CH         LINE#         327
  C:323CH         LINE#         328
  C:323CH         LINE#         329
  C:323FH         LINE#         330
  C:3244H         LINE#         331
  C:3249H         LINE#         332
  C:324EH         LINE#         333
  C:3253H         LINE#         334
  C:3258H         LINE#         335
  C:325DH         LINE#         336
  C:3262H         LINE#         337
  C:3262H         LINE#         339
  C:3284H         LINE#         340
  C:3284H         LINE#         341
  C:328EH         LINE#         342
  C:328EH         LINE#         343
  C:3293H         LINE#         344
  C:329CH         LINE#         345
  C:32B3H         LINE#         346
  C:32B3H         LINE#         347
  C:32C3H         LINE#         349
  C:32C3H         LINE#         353
  -------         ENDPROC       KEY_PROCESS
  -------         PROC          KEYPAD_IO_INIT
  C:4CE5H         LINE#         356
  C:4CE5H         LINE#         357
  C:4CE5H         LINE#         358
  C:4CE8H         LINE#         359
  C:4CEBH         LINE#         360
  C:4CEEH         LINE#         361
  C:4CF0H         LINE#         362
  -------         ENDPROC       KEYPAD_IO_INIT
  -------         ENDMOD        KEYPAD

  -------         MODULE        BIPOLARMOTOR
  C:0000H         SYMBOL        _ICE_DUMMY_
  D:0080H         PUBLIC        P0
  D:0090H         PUBLIC        P1
  X:0000H         PUBLIC        RX_pos_test
  D:00A0H         PUBLIC        P2
  D:00B0H         PUBLIC        P3
  D:00C0H         PUBLIC        P4
  D:00C8H         PUBLIC        P5
  D:00E8H         PUBLIC        P6
  D:00F8H         PUBLIC        P7
  X:00A0H         PUBLIC        low_date_azimuth_mapping
  D:00A8H         PUBLIC        IE
  C:4035H         PUBLIC        linear_interpolate
  C:4AB9H         PUBLIC        _Move
  D:00B8H         PUBLIC        IP
  C:32F7H         PUBLIC        _findDet3x3
  C:2D64H         PUBLIC        _findDet4x4
  D:00D8H         PUBLIC        CCON
  X:00C8H         PUBLIC        previous_move_time
  D:0098H         PUBLIC        SCON
  D:0088H         PUBLIC        TCON
BL51 BANKED LINKER/LOCATER V6.22                                                      02/25/2019  16:02:15  PAGE 28


  C:4D21H         PUBLIC        wait
  C:4989H         PUBLIC        _Step_move
  X:00C9H         PUBLIC        dat
  C:000EH         PUBLIC        _Update_position
  C:4871H         PUBLIC        vOneStepMove
  X:00CFH         PUBLIC        elevation_stamp
  X:010BH         PUBLIC        date_azimuth_mapping
  X:0133H         PUBLIC        RX_pos
  C:4BD0H         PUBLIC        _BCDtoDec1
  X:038BH         PUBLIC        degree
  D:00D0H         PUBLIC        PSW
  -------         PROC          L?0062
  -------         ENDPROC       L?0062
  -------         PROC          _BCDTODEC1
  D:0007H         SYMBOL        bcd
  -------         DO            
  D:0006H         SYMBOL        hi
  D:0007H         SYMBOL        lo
  -------         ENDDO         
  C:4BD0H         LINE#         28
  C:4BD0H         LINE#         29
  C:4BD0H         LINE#         31
  C:4BD5H         LINE#         32
  C:4BD9H         LINE#         33
  C:4BE0H         LINE#         34
  -------         ENDPROC       _BCDTODEC1
  -------         PROC          WAIT
  C:4D21H         LINE#         36
  C:4D21H         LINE#         38
  -------         ENDPROC       WAIT
  -------         PROC          VONESTEPMOVE
  B:0020H.7       SYMBOL        bDir
  C:4871H         LINE#         40
  C:4871H         LINE#         41
  C:4871H         LINE#         43
  C:4877H         LINE#         44
  C:4877H         LINE#         45
  C:487AH         LINE#         46
  C:4883H         LINE#         47
  C:488AH         LINE#         48
  C:488FH         LINE#         49
  C:488FH         LINE#         50
  C:488FH         LINE#         52
  C:4891H         LINE#         55
  C:4891H         LINE#         56
  C:4894H         LINE#         57
  C:489DH         LINE#         58
  C:48A4H         LINE#         59
  C:48AAH         LINE#         60
  C:48B3H         LINE#         61
  C:48BAH         LINE#         62
  C:48BAH         LINE#         66
  -------         ENDPROC       VONESTEPMOVE
  -------         PROC          _STEP_MOVE
  X:0479H         SYMBOL        step
  B:0020H.6       SYMBOL        dir
  -------         DO            
BL51 BANKED LINKER/LOCATER V6.22                                                      02/25/2019  16:02:15  PAGE 29


  X:047BH         SYMBOL        i
  -------         ENDDO         
  C:4989H         LINE#         68
  C:4991H         LINE#         69
  C:4991H         LINE#         71
  C:4996H         LINE#         74
  C:49B1H         LINE#         75
  C:49B1H         LINE#         76
  C:49B8H         LINE#         78
  C:49C8H         LINE#         80
  -------         ENDPROC       _STEP_MOVE
  -------         PROC          _MOVE
  X:0475H         SYMBOL        distance
  B:0020H.5       SYMBOL        direction
  -------         DO            
  D:0006H         SYMBOL        step
  -------         ENDDO         
  C:4AB9H         LINE#         82
  C:4ABFH         LINE#         83
  C:4ABFH         LINE#         86
  C:4ADAH         LINE#         87
  -------         ENDPROC       _MOVE
  C:32D8H         SYMBOL        L?0058
  C:32ECH         SYMBOL        L?0059
  -------         PROC          L?0057
  -------         ENDPROC       L?0057
  C:32D8H         SYMBOL        L?0058
  C:32ECH         SYMBOL        L?0059
  -------         PROC          _FINDDET3X3
  X:05F6H         SYMBOL        a11
  X:05FAH         SYMBOL        a12
  X:05FEH         SYMBOL        a13
  X:0602H         SYMBOL        a21
  X:0606H         SYMBOL        a22
  X:060AH         SYMBOL        a23
  X:060EH         SYMBOL        a31
  X:0612H         SYMBOL        a32
  X:0616H         SYMBOL        a33
  C:32F7H         LINE#         91
  C:32FDH         LINE#         95
  C:32FDH         LINE#         96
  C:3494H         LINE#         98
  -------         ENDPROC       _FINDDET3X3
  -------         PROC          _FINDDET4X4
  X:05B6H         SYMBOL        a11
  X:05BAH         SYMBOL        a12
  X:05BEH         SYMBOL        a13
  X:05C2H         SYMBOL        a14
  X:05C6H         SYMBOL        a21
  X:05CAH         SYMBOL        a22
  X:05CEH         SYMBOL        a23
  X:05D2H         SYMBOL        a24
  X:05D6H         SYMBOL        a31
  X:05DAH         SYMBOL        a32
  X:05DEH         SYMBOL        a33
  X:05E2H         SYMBOL        a34
  X:05E6H         SYMBOL        a41
BL51 BANKED LINKER/LOCATER V6.22                                                      02/25/2019  16:02:15  PAGE 30


  X:05EAH         SYMBOL        a42
  X:05EEH         SYMBOL        a43
  X:05F2H         SYMBOL        a44
  C:2D64H         LINE#         99
  C:2D6AH         LINE#         103
  C:2D6AH         LINE#         110
  C:3023H         LINE#         114
  -------         ENDPROC       _FINDDET4X4
  C:4024H         SYMBOL        L?0061
  -------         PROC          L?0060
  -------         ENDPROC       L?0060
  C:4024H         SYMBOL        L?0061
  -------         PROC          LINEAR_INTERPOLATE
  X:0475H         SYMBOL        p1
  X:047DH         SYMBOL        p2
  X:0485H         SYMBOL        x
  -------         DO            
  D:0004H         SYMBOL        fx
  -------         ENDDO         
  C:4035H         LINE#         120
  C:4035H         LINE#         121
  C:4035H         LINE#         124
  C:40D4H         LINE#         126
  C:40D4H         LINE#         127
  -------         ENDPROC       LINEAR_INTERPOLATE
  -------         PROC          _UPDATE_POSITION
  D:0001H         SYMBOL        mnths
  D:0002H         SYMBOL        dys
  X:03D8H         SYMBOL        hurs
  X:03D9H         SYMBOL        mns
  X:03DAH         SYMBOL        sconds
  X:03DBH         SYMBOL        currnt_pos
  X:03DEH         SYMBOL        offset_calib
  -------         DO            
  X:03E2H         SYMBOL        date
  X:03E4H         SYMBOL        i
  X:03E6H         SYMBOL        yy
  X:03E8H         SYMBOL        desired_distance
  X:03ECH         SYMBOL        distance
  X:03F0H         SYMBOL        JP_pos
  X:03F4H         SYMBOL        pos_interpolate_azimuth
  X:0430H         SYMBOL        current_local_sun_time
  X:0434H         SYMBOL        azimuth
  X:0438H         SYMBOL        elevation
  X:043CH         SYMBOL        time_offset
  X:0440H         SYMBOL        UTC_time
  X:0444H         SYMBOL        declination
  X:0448H         SYMBOL        p1
  X:0450H         SYMBOL        p2
  X:0458H         SYMBOL        time
  X:046AH         SYMBOL        location
  X:0472H         SYMBOL        sunCoord
  -------         ENDDO         
  C:000EH         LINE#         131
  C:0017H         LINE#         134
  C:0017H         LINE#         135
  C:0022H         LINE#         137
BL51 BANKED LINKER/LOCATER V6.22                                                      02/25/2019  16:02:15  PAGE 31


  C:003EH         LINE#         138
  C:0048H         LINE#         146
  C:0052H         LINE#         147
  C:005CH         LINE#         148
  C:0066H         LINE#         149
  C:0071H         LINE#         150
  C:007CH         LINE#         151
  C:0095H         LINE#         152
  C:00A6H         LINE#         153
  C:00B5H         LINE#         156
  C:00C9H         LINE#         160
  C:011BH         LINE#         161
  C:027FH         LINE#         162
  C:02CFH         LINE#         164
  C:03F7H         LINE#         166
  C:04C6H         LINE#         173
  C:050DH         LINE#         174
  C:050DH         LINE#         176
  C:0527H         LINE#         177
  C:0527H         LINE#         178
  C:0597H         LINE#         179
  C:0597H         LINE#         180
  C:059EH         LINE#         181
  C:059EH         LINE#         182
  C:05CBH         LINE#         183
  C:05E6H         LINE#         185
  C:062DH         LINE#         186
  C:0661H         LINE#         188
  C:06A7H         LINE#         189
  C:06CAH         LINE#         191
  C:06CAH         LINE#         193
  C:0740H         LINE#         194
  C:0740H         LINE#         195
  C:0747H         LINE#         196
  C:0747H         LINE#         197
  C:0774H         LINE#         198
  C:078FH         LINE#         200
  C:07D6H         LINE#         201
  C:080AH         LINE#         203
  C:0850H         LINE#         204
  C:0870H         LINE#         206
  C:0870H         LINE#         207
  C:0881H         LINE#         210
  C:089BH         LINE#         211
  C:089BH         LINE#         212
  C:090BH         LINE#         213
  C:090BH         LINE#         214
  C:0938H         LINE#         215
  C:0953H         LINE#         217
  C:0980H         LINE#         218
  C:099BH         LINE#         220
  C:09CDH         LINE#         223
  C:09CDH         LINE#         225
  C:09DEH         LINE#         227
  C:0A0DH         LINE#         229
  C:0A32H         LINE#         230
  C:0A97H         LINE#         231
BL51 BANKED LINKER/LOCATER V6.22                                                      02/25/2019  16:02:15  PAGE 32


  C:0A97H         LINE#         232
  C:0AB1H         LINE#         233
  C:0AC3H         LINE#         234
  C:0ADBH         LINE#         235
  C:0AF1H         LINE#         237
  C:0B0DH         LINE#         238
  C:0B0DH         LINE#         239
  C:0B0DH         LINE#         242
  -------         ENDPROC       _UPDATE_POSITION
  -------         ENDMOD        BIPOLARMOTOR

  -------         MODULE        SUNPOS
  C:0000H         SYMBOL        _ICE_DUMMY_
  C:1EC0H         PUBLIC        sunpos
  -------         PROC          SUNPOS
  X:0475H         SYMBOL        udtTime
  X:0487H         SYMBOL        udtLocation
  X:048FH         SYMBOL        udtSunCoordinates
  -------         DO            
  X:0492H         SYMBOL        dElapsedJulianDays
  X:0496H         SYMBOL        dDecimalHours
  X:049AH         SYMBOL        dEclipticLongitude
  X:049EH         SYMBOL        dEclipticObliquity
  X:04A2H         SYMBOL        dRightAscension
  X:04A6H         SYMBOL        dDeclination
  X:04AAH         SYMBOL        dY
  X:04AEH         SYMBOL        dX
  -------         DO            
  X:04B2H         SYMBOL        dJulianDate
  X:04B6H         SYMBOL        liAux1
  X:04BAH         SYMBOL        liAux2
  X:04B2H         SYMBOL        dMeanLongitude
  X:04B6H         SYMBOL        dMeanAnomaly
  X:04BAH         SYMBOL        dOmega
  X:04B2H         SYMBOL        dSin_EclipticLongitude
  X:04B2H         SYMBOL        dGreenwichMeanSiderealTime
  X:04B6H         SYMBOL        dLocalMeanSiderealTime
  X:04BAH         SYMBOL        dLatitudeInRadians
  X:04BEH         SYMBOL        dHourAngle
  X:04C2H         SYMBOL        dCos_Latitude
  X:04C6H         SYMBOL        dSin_Latitude
  X:04CAH         SYMBOL        dCos_HourAngle
  X:04CEH         SYMBOL        dParallax
  -------         ENDDO         
  -------         DO            
  X:04B2H         SYMBOL        dMeanLongitude
  X:04B6H         SYMBOL        dMeanAnomaly
  X:04BAH         SYMBOL        dOmega
  X:04B2H         SYMBOL        dSin_EclipticLongitude
  X:04B2H         SYMBOL        dGreenwichMeanSiderealTime
  X:04B6H         SYMBOL        dLocalMeanSiderealTime
  X:04BAH         SYMBOL        dLatitudeInRadians
  X:04BEH         SYMBOL        dHourAngle
  X:04C2H         SYMBOL        dCos_Latitude
  X:04C6H         SYMBOL        dSin_Latitude
  X:04CAH         SYMBOL        dCos_HourAngle
  X:04CEH         SYMBOL        dParallax
BL51 BANKED LINKER/LOCATER V6.22                                                      02/25/2019  16:02:15  PAGE 33


  -------         ENDDO         
  -------         DO            
  X:04B2H         SYMBOL        dSin_EclipticLongitude
  X:04B2H         SYMBOL        dGreenwichMeanSiderealTime
  X:04B6H         SYMBOL        dLocalMeanSiderealTime
  X:04BAH         SYMBOL        dLatitudeInRadians
  X:04BEH         SYMBOL        dHourAngle
  X:04C2H         SYMBOL        dCos_Latitude
  X:04C6H         SYMBOL        dSin_Latitude
  X:04CAH         SYMBOL        dCos_HourAngle
  X:04CEH         SYMBOL        dParallax
  -------         ENDDO         
  -------         DO            
  X:04B2H         SYMBOL        dGreenwichMeanSiderealTime
  X:04B6H         SYMBOL        dLocalMeanSiderealTime
  X:04BAH         SYMBOL        dLatitudeInRadians
  X:04BEH         SYMBOL        dHourAngle
  X:04C2H         SYMBOL        dCos_Latitude
  X:04C6H         SYMBOL        dSin_Latitude
  X:04CAH         SYMBOL        dCos_HourAngle
  X:04CEH         SYMBOL        dParallax
  -------         ENDDO         
  -------         ENDDO         
  C:1EC0H         LINE#         6
  C:1EC0H         LINE#         7
  C:1EC0H         LINE#         9
  C:1EC0H         LINE#         27
  C:1F0AH         LINE#         30
  C:1F2BH         LINE#         31
  C:2072H         LINE#         34
  C:20BEH         LINE#         36
  C:20DDH         LINE#         37
  C:20DDH         LINE#         42
  C:20DDH         LINE#         46
  C:210FH         LINE#         47
  C:2139H         LINE#         48
  C:2163H         LINE#         49
  C:2210H         LINE#         52
  C:2271H         LINE#         54
  C:2271H         LINE#         59
  C:2271H         LINE#         61
  C:2288H         LINE#         62
  C:22B0H         LINE#         63
  C:22C7H         LINE#         64
  C:22F2H         LINE#         65
  C:2329H         LINE#         66
  C:2354H         LINE#         67
  C:2354H         LINE#         70
  C:2354H         LINE#         79
  C:238FH         LINE#         82
  C:23C9H         LINE#         84
  C:23EEH         LINE#         85
  C:240DH         LINE#         86
  C:2424H         LINE#         87
  C:243BH         LINE#         88
  C:2452H         LINE#         89
  C:24DBH         LINE#         91
BL51 BANKED LINKER/LOCATER V6.22                                                      02/25/2019  16:02:15  PAGE 34


  C:24F5H         LINE#         92
  C:2557H         LINE#         93
  C:258DH         LINE#         94
  C:259FH         LINE#         95
  C:25CCH         LINE#         96
  C:25F9H         LINE#         98
  C:261BH         LINE#         100
  C:2653H         LINE#         103
  C:2653H         LINE#         104
  C:2661H         LINE#         105
  -------         ENDPROC       SUNPOS
  -------         ENDMOD        SUNPOS

  -------         MODULE        ADC
  C:0000H         SYMBOL        _ICE_DUMMY_
  D:0092H         PUBLIC        P1M0
  D:0091H         PUBLIC        P1M1
  D:0080H         PUBLIC        P0
  D:0090H         PUBLIC        P1
  D:00A0H         PUBLIC        P2
  D:00B0H         PUBLIC        P3
  D:00C0H         PUBLIC        P4
  D:00C8H         PUBLIC        P5
  D:00E8H         PUBLIC        P6
  D:00F8H         PUBLIC        P7
  D:00A8H         PUBLIC        IE
  D:00BDH         PUBLIC        ADC_RES
  D:00B8H         PUBLIC        IP
  D:0097H         PUBLIC        CLK_DIV
  D:00D8H         PUBLIC        CCON
  D:00BCH         PUBLIC        ADC_CONTR
  D:0098H         PUBLIC        SCON
  D:0088H         PUBLIC        TCON
  B:00A0H.4       PUBLIC        P24
  B:00A0H.5       PUBLIC        P25
  B:00A0H.6       PUBLIC        P26
  C:4B6CH         PUBLIC        ADC_Init
  C:4A37H         PUBLIC        _ADC_GetResult
  D:009DH         PUBLIC        P1ASF
  D:00BEH         PUBLIC        ADC_RESL
  D:00D0H         PUBLIC        PSW
  -------         PROC          ADC_INIT
  C:4B6CH         LINE#         7
  C:4B6CH         LINE#         8
  C:4B6CH         LINE#         10
  C:4B6EH         LINE#         11
[...]
  C:3EEFH         LINE#         134
  C:3EEFH         LINE#         135
  C:3EF1H         LINE#         136
  C:3EF4H         LINE#         137
  C:3EFBH         LINE#         138
  C:3EFBH         LINE#         139
  C:3EFDH         LINE#         140
  C:3EFFH         LINE#         142
  C:3EFFH         LINE#         143
  C:3F01H         LINE#         145
  C:3F01H         LINE#         146
  C:3F01H         LINE#         147
  C:3F01H         LINE#         148
  C:3F04H         LINE#         149
  C:3F0BH         LINE#         151
  C:3F2AH         LINE#         153
  C:3F2CH         LINE#         154
  C:3F2FH         LINE#         155
  C:3F36H         LINE#         157
  -------         ENDPROC       _AT25SF041_WRITE
  -------         PROC          _AT25SF041_READ
  D:0003H         SYMBOL        opcode
  X:0624H         SYMBOL        addr
  -------         DO            
  X:0628H         SYMBOL        dat
  X:0629H         SYMBOL        i
  -------         ENDDO         
  C:3D2BH         LINE#         159
BL51 BANKED LINKER/LOCATER V6.22                                                      02/25/2019  16:02:15  PAGE 45


  C:3D2DH         LINE#         160
  C:3D2DH         LINE#         161
  C:3D32H         LINE#         163
  C:3D34H         LINE#         164
  C:3D3AH         LINE#         168
  C:3D3FH         LINE#         169
  C:3D3FH         LINE#         170
  C:3D41H         LINE#         171
  C:3D44H         LINE#         172
  C:3D48H         LINE#         173
  C:3D48H         LINE#         174
  C:3D4AH         LINE#         175
  C:3D4CH         LINE#         177
  C:3D4CH         LINE#         178
  C:3D4EH         LINE#         180
  C:3D4EH         LINE#         181
  C:3D4EH         LINE#         182
  C:3D4EH         LINE#         183
  C:3D51H         LINE#         184
  C:3D55H         LINE#         187
  C:3D74H         LINE#         189
  C:3D7BH         LINE#         190
  C:3D7BH         LINE#         191
  C:3D7DH         LINE#         192
  C:3D80H         LINE#         193
  C:3D99H         LINE#         194
  C:3D99H         LINE#         195
  C:3D9BH         LINE#         196
  C:3D9DH         LINE#         198
  C:3D9DH         LINE#         199
  C:3D9FH         LINE#         201
  C:3D9FH         LINE#         202
  C:3D9FH         LINE#         203
  C:3D9FH         LINE#         204
  C:3DA2H         LINE#         205
  C:3DBBH         LINE#         207
  C:3DDAH         LINE#         210
  C:3DE1H         LINE#         212
  C:3DE3H         LINE#         213
  C:3DEAH         LINE#         215
  C:3DF1H         LINE#         216
  C:3DF1H         LINE#         217
  C:3DF8H         LINE#         218
  C:3DF8H         LINE#         219
  C:3DFBH         LINE#         220
  C:3DFDH         LINE#         221
  C:3E00H         LINE#         223
  C:3E03H         LINE#         224
  C:3E03H         LINE#         226
  C:3E07H         LINE#         227
  C:3E07H         LINE#         233
  C:3E26H         LINE#         236
  C:3E28H         LINE#         237
  C:3E2BH         LINE#         238
  C:3E32H         LINE#         240
  C:3E37H         LINE#         242
  -------         ENDPROC       _AT25SF041_READ
BL51 BANKED LINKER/LOCATER V6.22                                                      02/25/2019  16:02:15  PAGE 46


  -------         PROC          UCREAD_STATUS_REGISTER_BYTE1
  -------         DO            
  D:0003H         SYMBOL        dat
  D:0001H         SYMBOL        opcode
  X:03D1H         SYMBOL        count
  X:03D2H         SYMBOL        i
  -------         ENDDO         
  C:42E9H         LINE#         246
  C:42E9H         LINE#         247
  C:42E9H         LINE#         248
  C:42EFH         LINE#         249
  C:42F3H         LINE#         250
  C:42F5H         LINE#         251
  C:42F7H         LINE#         252
  C:42FDH         LINE#         256
  C:4304H         LINE#         257
  C:4304H         LINE#         258
  C:4306H         LINE#         259
  C:4309H         LINE#         260
  C:430DH         LINE#         261
  C:430DH         LINE#         262
  C:430FH         LINE#         263
  C:4311H         LINE#         265
  C:4311H         LINE#         266
  C:4313H         LINE#         268
  C:4313H         LINE#         269
  C:4313H         LINE#         270
  C:4313H         LINE#         271
  C:4316H         LINE#         272
  C:431AH         LINE#         275
  C:4339H         LINE#         279
  C:4340H         LINE#         281
  C:4342H         LINE#         282
  C:4349H         LINE#         283
  C:4350H         LINE#         284
  C:4350H         LINE#         285
  C:4354H         LINE#         286
  C:4354H         LINE#         287
  C:4357H         LINE#         288
  C:4359H         LINE#         289
  C:435CH         LINE#         291
  C:435FH         LINE#         292
  C:435FH         LINE#         294
  C:4363H         LINE#         295
  C:4363H         LINE#         297
  C:4382H         LINE#         301
  C:4384H         LINE#         302
  C:4387H         LINE#         303
  C:4389H         LINE#         304
  -------         ENDPROC       UCREAD_STATUS_REGISTER_BYTE1
  -------         PROC          SPI_NOR_WRITE_DATA
  X:03BBH         SYMBOL        dat
  X:03C6H         SYMBOL        addr
  C:3495H         LINE#         306
  C:3495H         LINE#         307
  C:3495H         LINE#         309
  C:3495H         LINE#         310
BL51 BANKED LINKER/LOCATER V6.22                                                      02/25/2019  16:02:15  PAGE 47


  C:3498H         LINE#         312
  C:349BH         LINE#         313
  C:349EH         LINE#         314
  C:349EH         LINE#         315
  C:34A1H         LINE#         317
  C:34BBH         LINE#         318
  C:34D9H         LINE#         320
  C:34E0H         LINE#         321
  C:34E3H         LINE#         323
  C:34FDH         LINE#         324
  C:34FDH         LINE#         325
  C:34FDH         LINE#         328
  C:3500H         LINE#         330
  C:351AH         LINE#         331
  C:351AH         LINE#         332
  C:351AH         LINE#         334
  C:351DH         LINE#         336
  C:3537H         LINE#         337
  C:3537H         LINE#         338
  C:3537H         LINE#         340
  C:353AH         LINE#         342
  C:3554H         LINE#         343
  C:3554H         LINE#         344
  C:3554H         LINE#         346
  C:3557H         LINE#         348
  C:3571H         LINE#         349
  C:3571H         LINE#         350
  C:3571H         LINE#         352
  C:3574H         LINE#         354
  C:358EH         LINE#         355
  C:358EH         LINE#         356
  C:358EH         LINE#         358
  C:3591H         LINE#         360
  C:35ABH         LINE#         361
  C:35ABH         LINE#         362
  C:35ABH         LINE#         364
  C:35AEH         LINE#         366
  C:35C8H         LINE#         367
  C:35C8H         LINE#         368
  C:35C8H         LINE#         370
  C:35CBH         LINE#         372
  C:35E5H         LINE#         373
  C:35E5H         LINE#         374
  C:35E5H         LINE#         376
  C:35E8H         LINE#         378
  C:3602H         LINE#         379
  C:3609H         LINE#         380
  -------         ENDPROC       SPI_NOR_WRITE_DATA
  -------         ENDMOD        AT25SF041

  -------         MODULE        ?C_STARTUP
  C:4558H         SEGMENT       ?C_C51STARTUP
  I:0022H         SEGMENT       ?STACK
  C:0000H         PUBLIC        ?C_STARTUP
  D:00E0H         SYMBOL        ACC
  D:00F0H         SYMBOL        B
  D:0083H         SYMBOL        DPH
BL51 BANKED LINKER/LOCATER V6.22                                                      02/25/2019  16:02:15  PAGE 48


  D:0082H         SYMBOL        DPL
  N:0000H         SYMBOL        IBPSTACK
  N:0100H         SYMBOL        IBPSTACKTOP
  N:0080H         SYMBOL        IDATALEN
  C:455BH         SYMBOL        IDATALOOP
  N:0000H         SYMBOL        PBPSTACK
  N:0100H         SYMBOL        PBPSTACKTOP
  N:0000H         SYMBOL        PDATALEN
  N:0000H         SYMBOL        PDATASTART
  N:0000H         SYMBOL        PPAGE
  N:0000H         SYMBOL        PPAGEENABLE
  D:00A0H         SYMBOL        PPAGE_SFR
  D:0081H         SYMBOL        SP
  C:4558H         SYMBOL        STARTUP1
  N:0000H         SYMBOL        XBPSTACK
  N:0000H         SYMBOL        XBPSTACKTOP
  N:0000H         SYMBOL        XDATALEN
  N:0000H         SYMBOL        XDATASTART
  C:0000H         LINE#         126
  C:4558H         LINE#         133
  C:455AH         LINE#         134
  C:455BH         LINE#         135
  C:455CH         LINE#         136
  C:455EH         LINE#         185
  C:4561H         LINE#         196
  -------         ENDMOD        ?C_STARTUP

  -------         MODULE        ?C?FPADD
  C:1511H         PUBLIC        ?C?FPADD
  C:150DH         PUBLIC        ?C?FPSUB
  -------         ENDMOD        ?C?FPADD

  -------         MODULE        ?C?FPMUL
  C:1602H         PUBLIC        ?C?FPMUL
  -------         ENDMOD        ?C?FPMUL

  -------         MODULE        ?C?FPDIV
  C:170BH         PUBLIC        ?C?FPDIV
  -------         ENDMOD        ?C?FPDIV

  -------         MODULE        ?C?FPCMP
  C:17AAH         PUBLIC        ?C?FPCMP
  C:17A8H         PUBLIC        ?C?FPCMP3
  -------         ENDMOD        ?C?FPCMP

  -------         MODULE        ?C?FPNEG
  C:1821H         PUBLIC        ?C?FPNEG
  -------         ENDMOD        ?C?FPNEG

  -------         MODULE        ?C?FCAST
  C:183CH         PUBLIC        ?C?FCASTC
  C:1837H         PUBLIC        ?C?FCASTI
  C:1832H         PUBLIC        ?C?FCASTL
  -------         ENDMOD        ?C?FCAST

  -------         MODULE        ?C?CASTF
  C:1870H         PUBLIC        ?C?CASTF
BL51 BANKED LINKER/LOCATER V6.22                                                      02/25/2019  16:02:15  PAGE 49


  -------         ENDMOD        ?C?CASTF

  -------         MODULE        ATAN2
  X:04D2H         PUBLIC        ?_atan2?BYTE
  C:438AH         PUBLIC        _atan2
  -------         ENDMOD        ATAN2

  -------         MODULE        SIN
  C:37FCH         PUBLIC        _COS
  C:3812H         PUBLIC        _SIN
  C:384EH         PUBLIC        _TAN
  -------         ENDMOD        SIN

  -------         MODULE        ACOS
  C:48BBH         PUBLIC        _ACOS
  -------         ENDMOD        ACOS

  -------         MODULE        ASIN
  C:49C9H         PUBLIC        _ASIN
  -------         ENDMOD        ASIN

  -------         MODULE        SQRT
  C:4241H         PUBLIC        _SQRT
  -------         ENDMOD        SQRT

  -------         MODULE        ATAN
  C:3C29H         PUBLIC        _ATAN
  -------         ENDMOD        ATAN

  -------         MODULE        ?C?COPY
  C:1A0EH         PUBLIC        ?C?COPY
  -------         ENDMOD        ?C?COPY

  -------         MODULE        ?C?CLDPTR
  C:1A34H         PUBLIC        ?C?CLDPTR
  -------         ENDMOD        ?C?CLDPTR

  -------         MODULE        ?C?CLDOPTR
  C:1A4DH         PUBLIC        ?C?CLDOPTR
  -------         ENDMOD        ?C?CLDOPTR

  -------         MODULE        ?C?CSTPTR
  C:1A7AH         PUBLIC        ?C?CSTPTR
  -------         ENDMOD        ?C?CSTPTR

  -------         MODULE        ?C?IMUL
  C:1A8CH         PUBLIC        ?C?IMUL
  -------         ENDMOD        ?C?IMUL

  -------         MODULE        ?C?UIDIV
  C:1A9EH         PUBLIC        ?C?UIDIV
  -------         ENDMOD        ?C?UIDIV

  -------         MODULE        ?C?SIDIV
  C:1AF3H         PUBLIC        ?C?SIDIV
  -------         ENDMOD        ?C?SIDIV

BL51 BANKED LINKER/LOCATER V6.22                                                      02/25/2019  16:02:15  PAGE 50


  -------         MODULE        ?C?ILDIX
  C:1B29H         PUBLIC        ?C?ILDIX
  -------         ENDMOD        ?C?ILDIX

  -------         MODULE        ?C?ILDOPTR
  C:1B3FH         PUBLIC        ?C?ILDOPTR
  -------         ENDMOD        ?C?ILDOPTR

  -------         MODULE        ?C?ISTPTR
  C:1B77H         PUBLIC        ?C?ISTPTR
  -------         ENDMOD        ?C?ISTPTR

  -------         MODULE        ?C?LMUL
  C:1B96H         PUBLIC        ?C?LMUL
  -------         ENDMOD        ?C?LMUL

  -------         MODULE        ?C?SLDIV
  C:4905H         PUBLIC        ?C?SLDIV
  -------         ENDMOD        ?C?SLDIV

  -------         MODULE        ?C?LNEG
  C:1BE5H         PUBLIC        ?C?LNEG
  -------         ENDMOD        ?C?LNEG

  -------         MODULE        ?C?ULCMP
  C:1BF3H         PUBLIC        ?C?ULCMP
  -------         ENDMOD        ?C?ULCMP

  -------         MODULE        ?C?LSHL
  C:1C04H         PUBLIC        ?C?LSHL
  -------         ENDMOD        ?C?LSHL

  -------         MODULE        ?C?LLDPTR
  C:1C17H         PUBLIC        ?C?LLDPTR
  -------         ENDMOD        ?C?LLDPTR

  -------         MODULE        ?C?LLDOPTR
  C:1C37H         PUBLIC        ?C?LLDOPTR
  -------         ENDMOD        ?C?LLDOPTR

  -------         MODULE        ?C?LSTPTR
  C:1C67H         PUBLIC        ?C?LSTPTR
  -------         ENDMOD        ?C?LSTPTR

  -------         MODULE        ?C?LSTOPTR
  C:1C81H         PUBLIC        ?C?LSTOPTR
  -------         ENDMOD        ?C?LSTOPTR

  -------         MODULE        ?C?LLDXDATA
  C:1CA5H         PUBLIC        ?C?LLDXDATA
  -------         ENDMOD        ?C?LLDXDATA

  -------         MODULE        ?C?LLDCODE
  C:1CB1H         PUBLIC        ?C?LLDCODE
  -------         ENDMOD        ?C?LLDCODE

  -------         MODULE        ?C?LLDXDATA0
BL51 BANKED LINKER/LOCATER V6.22                                                      02/25/2019  16:02:15  PAGE 51


  C:1CC1H         PUBLIC        ?C?LLDXDATA0
  -------         ENDMOD        ?C?LLDXDATA0

  -------         MODULE        ?C?LLDCODE0
  C:1CCDH         PUBLIC        ?C?LLDCODE0
  -------         ENDMOD        ?C?LLDCODE0

  -------         MODULE        ?C?LLDPTR0
  C:1CDDH         PUBLIC        ?C?LLDPTR0
  -------         ENDMOD        ?C?LLDPTR0

  -------         MODULE        ?C?LSTXDATA
  C:1CFDH         PUBLIC        ?C?LSTXDATA
  -------         ENDMOD        ?C?LSTXDATA

  -------         MODULE        ?C?LSTKXDATA
  C:1D09H         PUBLIC        ?C?LSTKXDATA
  -------         ENDMOD        ?C?LSTKXDATA

  -------         MODULE        ?C?LSTKPTR
  C:1D3AH         PUBLIC        ?C?LSTKPTR
  -------         ENDMOD        ?C?LSTKPTR

  -------         MODULE        ?C?OFFXADD
  C:1D54H         PUBLIC        ?C?OFFXADD
  -------         ENDMOD        ?C?OFFXADD

  -------         MODULE        ABS
  C:4CF1H         PUBLIC        _ABS
  -------         ENDMOD        ABS

  -------         MODULE        ATOI
  C:3F37H         PUBLIC        _atoi
  -------         ENDMOD        ATOI

  -------         MODULE        ?C?IILDX
  C:1D60H         PUBLIC        ?C?IILDX
  -------         ENDMOD        ?C?IILDX

  -------         MODULE        ?C?ULDIV
  C:1DB2H         PUBLIC        ?C?ULDIV
  -------         ENDMOD        ?C?ULDIV

  -------         MODULE        ?C?LLDIDATA
  C:1E44H         PUBLIC        ?C?LLDIDATA
  -------         ENDMOD        ?C?LLDIDATA

  -------         MODULE        ?C?LLDPDATA
  C:1E50H         PUBLIC        ?C?LLDPDATA
  -------         ENDMOD        ?C?LLDPDATA

  -------         MODULE        ?C?LLDIDATA0
  C:1E5CH         PUBLIC        ?C?LLDIDATA0
  -------         ENDMOD        ?C?LLDIDATA0

  -------         MODULE        ?C?LLDPDATA0
  C:1E69H         PUBLIC        ?C?LLDPDATA0
BL51 BANKED LINKER/LOCATER V6.22                                                      02/25/2019  16:02:15  PAGE 52


  -------         ENDMOD        ?C?LLDPDATA0

  -------         MODULE        ?C?LSTIDATA
  C:1E76H         PUBLIC        ?C?LSTIDATA
  -------         ENDMOD        ?C?LSTIDATA

  -------         MODULE        ?C?LSTPDATA
  C:1E82H         PUBLIC        ?C?LSTPDATA
  -------         ENDMOD        ?C?LSTPDATA

  -------         MODULE        ?C?LSTKIDATA
  C:1E8EH         PUBLIC        ?C?LSTKIDATA
  -------         ENDMOD        ?C?LSTKIDATA

  -------         MODULE        ?C?LSTKPDATA
  C:1EA7H         PUBLIC        ?C?LSTKPDATA
  -------         ENDMOD        ?C?LSTKPDATA

  -------         MODULE        ISDIGIT
  C:4CC9H         PUBLIC        _isdigit
  -------         ENDMOD        ISDIGIT

  -------         MODULE        ISSPACE
  C:4C64H         PUBLIC        _isspace
  -------         ENDMOD        ISSPACE

*** WARNING L16: UNCALLED SEGMENT, IGNORED FOR OVERLAY PROCESS
    SEGMENT: ?PR?_DISPLAY_PROX?MAIN

*** WARNING L16: UNCALLED SEGMENT, IGNORED FOR OVERLAY PROCESS
    SEGMENT: ?PR?_DAY_OF_YEAR?PCF85063BTL

*** WARNING L16: UNCALLED SEGMENT, IGNORED FOR OVERLAY PROCESS
    SEGMENT: ?PR?INITUART1?UART1

*** WARNING L16: UNCALLED SEGMENT, IGNORED FOR OVERLAY PROCESS
    SEGMENT: ?PR?_SENDSTRING?UART1

*** WARNING L16: UNCALLED SEGMENT, IGNORED FOR OVERLAY PROCESS
    SEGMENT: ?PR?_TEN?UART1

*** WARNING L16: UNCALLED SEGMENT, IGNORED FOR OVERLAY PROCESS
    SEGMENT: ?PR?_UNIT?UART1

*** WARNING L16: UNCALLED SEGMENT, IGNORED FOR OVERLAY PROCESS
    SEGMENT: ?PR?_DECTOBCD?UART1

*** WARNING L16: UNCALLED SEGMENT, IGNORED FOR OVERLAY PROCESS
    SEGMENT: ?PR?_ASCII_LETTER?UART1

*** WARNING L16: UNCALLED SEGMENT, IGNORED FOR OVERLAY PROCESS
    SEGMENT: ?PR?_ASCIITOBCD?UART1

*** WARNING L16: UNCALLED SEGMENT, IGNORED FOR OVERLAY PROCESS
    SEGMENT: ?PR?WAIT?BIPOLARMOTOR

*** WARNING L16: UNCALLED SEGMENT, IGNORED FOR OVERLAY PROCESS
BL51 BANKED LINKER/LOCATER V6.22                                                      02/25/2019  16:02:15  PAGE 53


    SEGMENT: ?PR?_FINDDET4X4?BIPOLARMOTOR

*** WARNING L16: UNCALLED SEGMENT, IGNORED FOR OVERLAY PROCESS
    SEGMENT: ?PR?NOP?IOEXPANDER_PI4IOE5V96248

*** WARNING L16: UNCALLED SEGMENT, IGNORED FOR OVERLAY PROCESS
    SEGMENT: ?PR?UC_ACK?IOEXPANDER_PI4IOE5V96248

*** WARNING L16: UNCALLED SEGMENT, IGNORED FOR OVERLAY PROCESS
    SEGMENT: ?PR?UC_NACK?IOEXPANDER_PI4IOE5V96248

*** WARNING L16: UNCALLED SEGMENT, IGNORED FOR OVERLAY PROCESS
    SEGMENT: ?PR?_AT25SF041_READ?AT25SF041

*** WARNING L1: UNRESOLVED EXTERNAL SYMBOL
    SYMBOL:  AUTO_MODE
    MODULE:  .\Obj\main.obj (MAIN)

*** WARNING L2: REFERENCE MADE TO UNRESOLVED EXTERNAL
    SYMBOL:  AUTO_MODE
    MODULE:  .\Obj\main.obj (MAIN)
    ADDRESS: 0B3BH

*** WARNING L2: REFERENCE MADE TO UNRESOLVED EXTERNAL
    SYMBOL:  AUTO_MODE
    MODULE:  .\Obj\main.obj (MAIN)
    ADDRESS: 0CBEH

*** WARNING L2: REFERENCE MADE TO UNRESOLVED EXTERNAL
    SYMBOL:  AUTO_MODE
    MODULE:  .\Obj\main.obj (MAIN)
    ADDRESS: 0CCCH

*** WARNING L2: REFERENCE MADE TO UNRESOLVED EXTERNAL
    SYMBOL:  AUTO_MODE
    MODULE:  .\Obj\main.obj (MAIN)
    ADDRESS: 0CDEH

*** WARNING L2: REFERENCE MADE TO UNRESOLVED EXTERNAL
    SYMBOL:  AUTO_MODE
    MODULE:  .\Obj\main.obj (MAIN)
    ADDRESS: 0D20H

*** WARNING L2: REFERENCE MADE TO UNRESOLVED EXTERNAL
    SYMBOL:  AUTO_MODE
    MODULE:  .\Obj\main.obj (MAIN)
    ADDRESS: 0DF3H

*** WARNING L1: UNRESOLVED EXTERNAL SYMBOL
    SYMBOL:  _SENDUART1
    MODULE:  .\Obj\UART1.obj (UART1)

*** WARNING L2: REFERENCE MADE TO UNRESOLVED EXTERNAL
    SYMBOL:  _SENDUART1
    MODULE:  .\Obj\UART1.obj (UART1)
    ADDRESS: 4A32H

BL51 BANKED LINKER/LOCATER V6.22                                                      02/25/2019  16:02:15  PAGE 54


*** WARNING L1: UNRESOLVED EXTERNAL SYMBOL
    SYMBOL:  AUTO_MODE
    MODULE:  .\Obj\KeyPad.obj (KEYPAD)

*** WARNING L2: REFERENCE MADE TO UNRESOLVED EXTERNAL
    SYMBOL:  AUTO_MODE
    MODULE:  .\Obj\KeyPad.obj (KEYPAD)
    ADDRESS: 3071H

*** WARNING L2: REFERENCE MADE TO UNRESOLVED EXTERNAL
    SYMBOL:  AUTO_MODE
    MODULE:  .\Obj\KeyPad.obj (KEYPAD)
    ADDRESS: 307CH

*** WARNING L2: REFERENCE MADE TO UNRESOLVED EXTERNAL
    SYMBOL:  AUTO_MODE
    MODULE:  .\Obj\KeyPad.obj (KEYPAD)
    ADDRESS: 3083H

Program Size: data=10.2 xdata=1593 code=19747
LINK/LOCATE RUN COMPLETE.  28 WARNING(S),  0 ERROR(S)
