BL51 BANKED LINKER/LOCATER V6.22                                                        03/28/2019  15:31:13  PAGE 1


BL51 BANKED LINKER/LOCATER V6.22, INVOKED BY:
C:\KEIL_V5\C51\BIN\BL51.EXE .\Obj\main.obj, .\Obj\PCF85063BTL.obj, .\Obj\UART1.obj, .\Obj\LCd_Driver_SPLC780D.obj, .\Obj
>> \KeyPad.obj, .\Obj\BipolarMotor.obj, .\Obj\SunPos.obj, .\Obj\ADC.obj, .\Obj\Calibration.obj, .\Obj\IOExpander_PI4IOE5
>> V96248.obj, .\Obj\AT25SF041.obj, .\Obj\STARTUP.obj TO .\Obj\GPIO_RTC_Test PRINT (.\Lis\GPIO_RTC_Test.m51) RAMSIZE (25
>> 6)


MEMORY MODEL: LARGE WITH FLOATING POINT ARITHMETIC


INPUT MODULES INCLUDED:
  .\Obj\main.obj (MAIN)
  .\Obj\PCF85063BTL.obj (PCF85063BTL)
  .\Obj\UART1.obj (UART1)
  .\Obj\LCd_Driver_SPLC780D.obj (LCD_DRIVER_SPLC780D)
  .\Obj\KeyPad.obj (KEYPAD)
  .\Obj\BipolarMotor.obj (BIPOLARMOTOR)
  .\Obj\SunPos.obj (SUNPOS)
  .\Obj\ADC.obj (ADC)
  .\Obj\Calibration.obj (CALIBRATION)
  .\Obj\IOExpander_PI4IOE5V96248.obj (IOEXPANDER_PI4IOE5V96248)
  .\Obj\AT25SF041.obj (AT25SF041)
  .\Obj\STARTUP.obj (?C_STARTUP)
  C:\KEIL_V5\C51\LIB\C51FPL.LIB (?C?FPADD)
  C:\KEIL_V5\C51\LIB\C51FPL.LIB (?C?FPMUL)
  C:\KEIL_V5\C51\LIB\C51FPL.LIB (?C?FPDIV)
  C:\KEIL_V5\C51\LIB\C51FPL.LIB (?C?FPCMP)
  C:\KEIL_V5\C51\LIB\C51FPL.LIB (?C?FPNEG)
  C:\KEIL_V5\C51\LIB\C51FPL.LIB (?C?FCAST)
  C:\KEIL_V5\C51\LIB\C51FPL.LIB (?C?CASTF)
  C:\KEIL_V5\C51\LIB\C51FPL.LIB (ATAN2)
  C:\KEIL_V5\C51\LIB\C51FPL.LIB (SIN)
  C:\KEIL_V5\C51\LIB\C51FPL.LIB (ACOS)
  C:\KEIL_V5\C51\LIB\C51FPL.LIB (ASIN)
  C:\KEIL_V5\C51\LIB\C51FPL.LIB (?C?FPGETOPN)
  C:\KEIL_V5\C51\LIB\C51FPL.LIB (?C?FPSERIES)
  C:\KEIL_V5\C51\LIB\C51FPL.LIB (SQRT)
  C:\KEIL_V5\C51\LIB\C51FPL.LIB (ATAN)
  C:\KEIL_V5\C51\LIB\C51L.LIB (?C_INIT)
  C:\KEIL_V5\C51\LIB\C51L.LIB (?C?COPY)
  C:\KEIL_V5\C51\LIB\C51L.LIB (?C?CLDPTR)
  C:\KEIL_V5\C51\LIB\C51L.LIB (?C?CLDOPTR)
  C:\KEIL_V5\C51\LIB\C51L.LIB (?C?CSTPTR)
  C:\KEIL_V5\C51\LIB\C51L.LIB (?C?IMUL)
  C:\KEIL_V5\C51\LIB\C51L.LIB (?C?UIDIV)
  C:\KEIL_V5\C51\LIB\C51L.LIB (?C?SIDIV)
  C:\KEIL_V5\C51\LIB\C51L.LIB (?C?ILDIX)
  C:\KEIL_V5\C51\LIB\C51L.LIB (?C?ILDOPTR)
  C:\KEIL_V5\C51\LIB\C51L.LIB (?C?ISTPTR)
  C:\KEIL_V5\C51\LIB\C51L.LIB (?C?LMUL)
  C:\KEIL_V5\C51\LIB\C51L.LIB (?C?SLDIV)
  C:\KEIL_V5\C51\LIB\C51L.LIB (?C?LNEG)
  C:\KEIL_V5\C51\LIB\C51L.LIB (?C?ULCMP)
  C:\KEIL_V5\C51\LIB\C51L.LIB (?C?LSHL)
  C:\KEIL_V5\C51\LIB\C51L.LIB (?C?LLDPTR)
  C:\KEIL_V5\C51\LIB\C51L.LIB (?C?LLDOPTR)
  C:\KEIL_V5\C51\LIB\C51L.LIB (?C?LSTPTR)
  C:\KEIL_V5\C51\LIB\C51L.LIB (?C?LSTOPTR)
BL51 BANKED LINKER/LOCATER V6.22                                                      03/28/2019  15:31:13  PAGE 2


  C:\KEIL_V5\C51\LIB\C51L.LIB (?C?LLDXDATA)
  C:\KEIL_V5\C51\LIB\C51L.LIB (?C?LLDCODE)
  C:\KEIL_V5\C51\LIB\C51L.LIB (?C?LLDXDATA0)
  C:\KEIL_V5\C51\LIB\C51L.LIB (?C?LLDCODE0)
  C:\KEIL_V5\C51\LIB\C51L.LIB (?C?LLDPTR0)
  C:\KEIL_V5\C51\LIB\C51L.LIB (?C?LSTXDATA)
  C:\KEIL_V5\C51\LIB\C51L.LIB (?C?LSTKXDATA)
  C:\KEIL_V5\C51\LIB\C51L.LIB (?C?LSTKPTR)
  C:\KEIL_V5\C51\LIB\C51L.LIB (?C?OFFXADD)
  C:\KEIL_V5\C51\LIB\C51L.LIB (ATOI)
  C:\KEIL_V5\C51\LIB\C51L.LIB (?C?IILDX)
  C:\KEIL_V5\C51\LIB\C51L.LIB (?C?ULDIV)
  C:\KEIL_V5\C51\LIB\C51L.LIB (?C?LLDIDATA)
  C:\KEIL_V5\C51\LIB\C51L.LIB (?C?LLDPDATA)
  C:\KEIL_V5\C51\LIB\C51L.LIB (?C?LLDIDATA0)
  C:\KEIL_V5\C51\LIB\C51L.LIB (?C?LLDPDATA0)
  C:\KEIL_V5\C51\LIB\C51L.LIB (?C?LSTIDATA)
  C:\KEIL_V5\C51\LIB\C51L.LIB (?C?LSTPDATA)
  C:\KEIL_V5\C51\LIB\C51L.LIB (?C?LSTKIDATA)
  C:\KEIL_V5\C51\LIB\C51L.LIB (?C?LSTKPDATA)
  C:\KEIL_V5\C51\LIB\C51L.LIB (ISDIGIT)
  C:\KEIL_V5\C51\LIB\C51L.LIB (ISSPACE)


LINK MAP OF MODULE:  .\Obj\GPIO_RTC_Test (MAIN)


            TYPE    BASE      LENGTH    RELOCATION   SEGMENT NAME
            -----------------------------------------------------

            * * * * * * *   D A T A   M E M O R Y   * * * * * * *
            REG     0000H     0008H     ABSOLUTE     "REG BANK 0"
                    0008H     0018H                  *** GAP ***
            BIT     0020H.0   0000H.5   UNIT         ?BI?KEYPAD
            BIT     0020H.5   0000H.3   UNIT         _BIT_GROUP_
            BIT     0021H.0   0000H.1   UNIT         ?BI?MAIN
            BIT     0021H.1   0000H.1   UNIT         ?BI?_ATOI?ATOI
                    0021H.2   0000H.6                *** GAP ***
            IDATA   0022H     0001H     UNIT         ?STACK

            * * * * * * *  X D A T A   M E M O R Y  * * * * * * *
            XDATA   0000H     038FH     UNIT         ?XD?BIPOLARMOTOR
            XDATA   038FH     0113H     UNIT         _XDATA_GROUP_
            XDATA   04A2H     00D8H     UNIT         ?XD?MAIN
            XDATA   057AH     0040H     UNIT         ?XD?_FINDDET4X4?BIPOLARMOTOR
            XDATA   05BAH     0024H     UNIT         ?XD?_FINDDET3X3?BIPOLARMOTOR
            XDATA   05DEH     0009H     UNIT         ?XD?KEYPAD
            XDATA   05E7H     0008H     UNIT         ?XD?_AT25SF041_READ?AT25SF041
            XDATA   05EFH     0005H     UNIT         ?XD?_ATOI?ATOI
            XDATA   05F4H     0003H     UNIT         ?XD?_SENDSTRING?UART1
            XDATA   05F7H     0001H     UNIT         ?XD?UC_ACK?IOEXPANDER_PI4IOE5V96248
            XDATA   05F8H     0001H     UNIT         ?XD?UC_NACK?IOEXPANDER_PI4IOE5V96248

            * * * * * * *   C O D E   M E M O R Y   * * * * * * *
            CODE    0000H     0003H     ABSOLUTE     
            CODE    0003H     0006H     UNIT         ?PR?_TEN?UART1
            CODE    0009H     0001H     UNIT         ?PR?TM0_ISR?MAIN
BL51 BANKED LINKER/LOCATER V6.22                                                      03/28/2019  15:31:13  PAGE 3


            CODE    000AH     0001H     UNIT         ?PR?_DECTOBCD?UART1
            CODE    000BH     0003H     ABSOLUTE     
            CODE    000EH     0AA1H     UNIT         ?PR?MAIN?MAIN
            CODE    0AAFH     09B6H     UNIT         ?C?LIB_CODE
            CODE    1465H     07A2H     UNIT         ?PR?SUNPOS?SUNPOS
            CODE    1C07H     065AH     UNIT         ?PR?_UPDATE_POSITION?BIPOLARMOTOR
            CODE    2261H     04FBH     UNIT         ?PR?_THEORICALJP_POSITION?BIPOLARMOTOR
            CODE    275CH     03F9H     UNIT         ?C_INITSEG
            CODE    2B55H     03D5H     UNIT         ?PR?_FIND_REAL_MAX?CALIBRATION
            CODE    2F2AH     02C5H     UNIT         ?PR?KEY_PROCESS?KEYPAD
            CODE    31EFH     02C0H     UNIT         ?PR?_FINDDET4X4?BIPOLARMOTOR
            CODE    34AFH     01D1H     UNIT         ?PR?_FINDDET3X3?BIPOLARMOTOR
            CODE    3680H     01B3H     UNIT         ?PR?_CALIBRATION?CALIBRATION
            CODE    3833H     018DH     UNIT         ?PR?KEY_SCAN?KEYPAD
            CODE    39C0H     0189H     UNIT         ?PR?SPI_NOR_WRITE_DATA?AT25SF041
            CODE    3B49H     0188H     UNIT         ?PR?SIN?SIN
            CODE    3CD1H     0162H     UNIT         ?PR?_DISPLAY_POS?LCD_DRIVER_SPLC780D
            CODE    3E33H     0122H     UNIT         ?PR?ATAN?ATAN
            CODE    3F55H     0110H     UNIT         ?PR?_AT25SF041_READ?AT25SF041
            CODE    4065H     0102H     UNIT         ?PR?_AT25SF041_WRITE?AT25SF041
            CODE    4167H     00DBH     UNIT         ?PR?_ATOI?ATOI
            CODE    4242H     00C3H     UNIT         ?PR?LINEAR_INTERPOLATE?BIPOLARMOTOR
            CODE    4305H     00BBH     UNIT         ?PR?VOLTAGE_IS_STABLE?CALIBRATION
            CODE    43C0H     00ADH     UNIT         ?PR?_WRITE_PI4IOE5V96248?IOEXPANDER_PI4IOE5V96248
            CODE    446DH     00ACH     UNIT         ?PR?SQRT?SQRT
            CODE    4519H     00A1H     UNIT         ?PR?UCREAD_STATUS_REGISTER_BYTE1?AT25SF041
            CODE    45BAH     009DH     UNIT         ?PR?_ATAN2?ATAN2
            CODE    4657H     009CH     UNIT         ?PR?_MAX_VALUE?CALIBRATION
            CODE    46F3H     008CH     UNIT         ?C_C51STARTUP
            CODE    477FH     0084H     UNIT         ?PR?_DAY_OF_YEAR?PCF85063BTL
            CODE    4803H     0079H     UNIT         ?PR?_WRITEDATA?LCD_DRIVER_SPLC780D
            CODE    487CH     0072H     UNIT         ?PR?AT25SF041_WRITEENABLE?AT25SF041
            CODE    48EEH     006FH     UNIT         ?PR?_READ_TIME?PCF85063BTL
            CODE    495DH     005AH     UNIT         ?PR?AT25SF041_CHIPERASE?AT25SF041
            CODE    49B7H     0059H     UNIT         ?PR?LCD_INIT?LCD_DRIVER_SPLC780D
            CODE    4A10H     004AH     UNIT         ?PR?VONESTEPMOVE?BIPOLARMOTOR
            CODE    4A5AH     004AH     UNIT         ?PR?ACOS?ACOS
            CODE    4AA4H     0044H     UNIT         ?C?LDIV
            CODE    4AE8H     0040H     UNIT         ?PR?_COMMAND?LCD_DRIVER_SPLC780D
            CODE    4B28H     0040H     UNIT         ?PR?_STEP_MOVE?BIPOLARMOTOR
            CODE    4B68H     003BH     UNIT         ?PR?ASIN?ASIN
            CODE    4BA3H     0033H     UNIT         ?PR?_SENDSTRING?UART1
            CODE    4BD6H     002CH     UNIT         ?PR?_ADC_GETRESULT?ADC
            CODE    4C02H     002BH     UNIT         ?PR?_WAIT_MS_I2C?IOEXPANDER_PI4IOE5V96248
            CODE    4C2DH     002BH     UNIT         ?PR?_WAIT_MS_SPINOR?AT25SF041
            CODE    4C58H     0028H     UNIT         ?PR?_MOVE?BIPOLARMOTOR
            CODE    4C80H     0027H     UNIT         ?PR?_I2C_SENDBYTE?IOEXPANDER_PI4IOE5V96248
            CODE    4CA7H     0024H     UNIT         ?PR?_WAIT_MS?LCD_DRIVER_SPLC780D
            CODE    4CCBH     0020H     UNIT         ?PR?_SPI_SENDBYTE?PCF85063BTL
            CODE    4CEBH     0020H     UNIT         ?PR?SPI_RECEIVEBYTE?PCF85063BTL
            CODE    4D0BH     001FH     UNIT         ?PR?ADC_INIT?ADC
            CODE    4D2AH     001EH     UNIT         ?PR?_DELAY_MS?KEYPAD
            CODE    4D48H     001DH     UNIT         ?PR?_DISPLAYLCD?LCD_DRIVER_SPLC780D
            CODE    4D65H     001BH     UNIT         ?PR?_BCDTODEC1?BIPOLARMOTOR
            CODE    4D80H     0018H     UNIT         ?PR?_SPI_WRITETIME?PCF85063BTL
            CODE    4D98H     0017H     UNIT         ?PR?_ASCIITOBCD?UART1
            CODE    4DAFH     0016H     UNIT         ?PR?I2C_ACK?IOEXPANDER_PI4IOE5V96248
BL51 BANKED LINKER/LOCATER V6.22                                                      03/28/2019  15:31:13  PAGE 4


            CODE    4DC5H     0015H     UNIT         ?PR?_DISPLAY_LINE?LCD_DRIVER_SPLC780D
            CODE    4DDAH     0015H     UNIT         ?PR?I2C_STOP?IOEXPANDER_PI4IOE5V96248
            CODE    4DEFH     0014H     UNIT         ?PR?_PCF85063BTL_DELAY?PCF85063BTL
            CODE    4E03H     0014H     UNIT         ?PR?_ABS?LCD_DRIVER_SPLC780D
            CODE    4E17H     0014H     UNIT         ?PR?_ISSPACE?ISSPACE
            CODE    4E2BH     0011H     UNIT         ?PR?_SPI_READTIME?PCF85063BTL
            CODE    4E3CH     0011H     UNIT         ?PR?_BCDTODEC?PCF85063BTL
            CODE    4E4DH     0011H     UNIT         ?PR?INITUART1?UART1
            CODE    4E5EH     000FH     UNIT         ?PR?I2C_START?IOEXPANDER_PI4IOE5V96248
            CODE    4E6DH     000FH     UNIT         ?PR?UC_NACK?IOEXPANDER_PI4IOE5V96248
            CODE    4E7CH     000FH     UNIT         ?PR?_ISDIGIT?ISDIGIT
            CODE    4E8BH     000DH     UNIT         ?PR?SPI_INIT?PCF85063BTL
            CODE    4E98H     000CH     UNIT         ?PR?KEYPAD_IO_INIT?KEYPAD
            CODE    4EA4H     000AH     UNIT         ?PR?LCD_RETURN_HOME?LCD_DRIVER_SPLC780D
            CODE    4EAEH     000AH     UNIT         ?PR?LCD_CLEAR?LCD_DRIVER_SPLC780D
            CODE    4EB8H     0006H     UNIT         ?PR?UC_ACK?IOEXPANDER_PI4IOE5V96248
            CODE    4EBEH     0005H     UNIT         ?PR?_UNIT?UART1
            CODE    4EC3H     0005H     UNIT         ?PR?_ASCII_LETTER?UART1
            CODE    4EC8H     0001H     UNIT         ?PR?WAIT?BIPOLARMOTOR
            CODE    4EC9H     0001H     UNIT         ?PR?NOP?IOEXPANDER_PI4IOE5V96248



OVERLAY MAP OF MODULE:   .\Obj\GPIO_RTC_Test (MAIN)


SEGMENT                                             BIT_GROUP          XDATA_GROUP
  +--> CALLED SEGMENT                            START    LENGTH     START    LENGTH
------------------------------------------------------------------------------------
?C_C51STARTUP                                    -----    -----      -----    -----
  +--> ?PR?MAIN?MAIN
  +--> ?C_INITSEG

?PR?MAIN?MAIN                                    -----    -----      038FH    002CH
  +--> ?PR?LCD_INIT?LCD_DRIVER_SPLC780D
  +--> ?PR?SPI_INIT?PCF85063BTL
  +--> ?PR?KEYPAD_IO_INIT?KEYPAD
  +--> ?PR?ADC_INIT?ADC
  +--> ?PR?_SPI_WRITETIME?PCF85063BTL
  +--> ?PR?_DELAY_MS?KEYPAD
  +--> ?PR?_DISPLAY_LINE?LCD_DRIVER_SPLC780D
  +--> ?PR?_WRITEDATA?LCD_DRIVER_SPLC780D
  +--> ?PR?KEY_PROCESS?KEYPAD
  +--> ?PR?_COMMAND?LCD_DRIVER_SPLC780D
  +--> ?PR?_DISPLAY_POS?LCD_DRIVER_SPLC780D
  +--> ?PR?_DISPLAYLCD?LCD_DRIVER_SPLC780D
  +--> ?PR?_STEP_MOVE?BIPOLARMOTOR
  +--> ?PR?LCD_RETURN_HOME?LCD_DRIVER_SPLC780D
  +--> ?PR?_READ_TIME?PCF85063BTL
  +--> ?PR?_ADC_GETRESULT?ADC
  +--> ?PR?_BCDTODEC1?BIPOLARMOTOR
  +--> ?PR?_CALIBRATION?CALIBRATION
  +--> ?PR?AT25SF041_WRITEENABLE?AT25SF041
  +--> ?PR?_AT25SF041_WRITE?AT25SF041
  +--> ?PR?_WAIT_MS_SPINOR?AT25SF041
  +--> ?PR?_UPDATE_POSITION?BIPOLARMOTOR
  +--> ?PR?SPI_NOR_WRITE_DATA?AT25SF041
BL51 BANKED LINKER/LOCATER V6.22                                                      03/28/2019  15:31:13  PAGE 5


  +--> ?PR?LINEAR_INTERPOLATE?BIPOLARMOTOR
  +--> ?PR?LCD_CLEAR?LCD_DRIVER_SPLC780D
  +--> ?PR?AT25SF041_CHIPERASE?AT25SF041

?PR?LCD_INIT?LCD_DRIVER_SPLC780D                 -----    -----      -----    -----
  +--> ?PR?_WAIT_MS?LCD_DRIVER_SPLC780D
  +--> ?PR?_COMMAND?LCD_DRIVER_SPLC780D

?PR?_COMMAND?LCD_DRIVER_SPLC780D                 -----    -----      -----    -----
  +--> ?PR?_WAIT_MS?LCD_DRIVER_SPLC780D

?PR?ADC_INIT?ADC                                 -----    -----      -----    -----
  +--> ?PR?_WAIT_MS?LCD_DRIVER_SPLC780D

?PR?_SPI_WRITETIME?PCF85063BTL                   -----    -----      -----    -----
  +--> ?PR?_SPI_SENDBYTE?PCF85063BTL

?PR?_SPI_SENDBYTE?PCF85063BTL                    -----    -----      -----    -----
  +--> ?PR?_PCF85063BTL_DELAY?PCF85063BTL

?PR?_DISPLAY_LINE?LCD_DRIVER_SPLC780D            -----    -----      -----    -----
  +--> ?PR?_COMMAND?LCD_DRIVER_SPLC780D

?PR?_WRITEDATA?LCD_DRIVER_SPLC780D               -----    -----      04A0H    0001H
  +--> ?PR?_WAIT_MS?LCD_DRIVER_SPLC780D

?PR?KEY_PROCESS?KEYPAD                           -----    -----      03BBH    0006H
  +--> ?PR?KEY_SCAN?KEYPAD
  +--> ?PR?_SPI_WRITETIME?PCF85063BTL
  +--> ?PR?LCD_CLEAR?LCD_DRIVER_SPLC780D
  +--> ?PR?_COMMAND?LCD_DRIVER_SPLC780D
  +--> ?PR?_WRITEDATA?LCD_DRIVER_SPLC780D

?PR?KEY_SCAN?KEYPAD                              -----    -----      03C1H    0003H

?PR?LCD_CLEAR?LCD_DRIVER_SPLC780D                -----    -----      -----    -----
  +--> ?PR?_COMMAND?LCD_DRIVER_SPLC780D

?PR?_DISPLAY_POS?LCD_DRIVER_SPLC780D             -----    -----      0496H    000AH
  +--> ?PR?_ABS?LCD_DRIVER_SPLC780D
  +--> ?PR?_WRITEDATA?LCD_DRIVER_SPLC780D

?PR?_DISPLAYLCD?LCD_DRIVER_SPLC780D              -----    -----      03BBH    0001H
  +--> ?PR?_WRITEDATA?LCD_DRIVER_SPLC780D

?PR?_STEP_MOVE?BIPOLARMOTOR                      0020H.6  0000H.1    049AH    0004H
  +--> ?PR?VONESTEPMOVE?BIPOLARMOTOR

?PR?VONESTEPMOVE?BIPOLARMOTOR                    0020H.7  0000H.1    -----    -----
  +--> ?PR?_WRITE_PI4IOE5V96248?IOEXPANDER_P...
  +--> ?PR?_DELAY_MS?KEYPAD

?PR?_WRITE_PI4IOE5V96248?IOEXPANDER_P...         -----    -----      049EH    0003H
  +--> ?PR?I2C_START?IOEXPANDER_PI4IOE5V96248
  +--> ?PR?_WAIT_MS_I2C?IOEXPANDER_PI4IOE5V9...
  +--> ?PR?_I2C_SENDBYTE?IOEXPANDER_PI4IOE5V...
  +--> ?PR?I2C_ACK?IOEXPANDER_PI4IOE5V96248
BL51 BANKED LINKER/LOCATER V6.22                                                      03/28/2019  15:31:13  PAGE 6


  +--> ?PR?I2C_STOP?IOEXPANDER_PI4IOE5V96248

?PR?I2C_START?IOEXPANDER_PI4IOE5V96248           -----    -----      -----    -----
  +--> ?PR?_WAIT_MS_I2C?IOEXPANDER_PI4IOE5V9...

?PR?_I2C_SENDBYTE?IOEXPANDER_PI4IOE5V...         -----    -----      -----    -----
  +--> ?PR?_WAIT_MS_I2C?IOEXPANDER_PI4IOE5V9...

?PR?I2C_ACK?IOEXPANDER_PI4IOE5V96248             -----    -----      04A1H    0001H
  +--> ?PR?_WAIT_MS_I2C?IOEXPANDER_PI4IOE5V9...

?PR?I2C_STOP?IOEXPANDER_PI4IOE5V96248            -----    -----      -----    -----
  +--> ?PR?_WAIT_MS_I2C?IOEXPANDER_PI4IOE5V9...

?PR?LCD_RETURN_HOME?LCD_DRIVER_SPLC780D          -----    -----      -----    -----
  +--> ?PR?_COMMAND?LCD_DRIVER_SPLC780D

?PR?_READ_TIME?PCF85063BTL                       -----    -----      03BBH    000FH
  +--> ?PR?_SPI_READTIME?PCF85063BTL

?PR?_SPI_READTIME?PCF85063BTL                    -----    -----      -----    -----
  +--> ?PR?_SPI_SENDBYTE?PCF85063BTL
  +--> ?PR?SPI_RECEIVEBYTE?PCF85063BTL

?PR?SPI_RECEIVEBYTE?PCF85063BTL                  -----    -----      -----    -----
  +--> ?PR?_PCF85063BTL_DELAY?PCF85063BTL

?PR?_CALIBRATION?CALIBRATION                     -----    -----      03BBH    0024H
  +--> ?PR?VOLTAGE_IS_STABLE?CALIBRATION
  +--> ?PR?_UPDATE_POSITION?BIPOLARMOTOR
  +--> ?PR?_FIND_REAL_MAX?CALIBRATION

?PR?VOLTAGE_IS_STABLE?CALIBRATION                -----    -----      03DFH    0018H
  +--> ?PR?_ADC_GETRESULT?ADC
  +--> ?PR?_ABS?LCD_DRIVER_SPLC780D

?PR?_UPDATE_POSITION?BIPOLARMOTOR                -----    -----      03DFH    0053H
  +--> ?PR?_BCDTODEC1?BIPOLARMOTOR
  +--> ?PR?SUNPOS?SUNPOS
  +--> ?PR?SIN?SIN
  +--> ?PR?ASIN?ASIN
  +--> ?PR?_THEORICALJP_POSITION?BIPOLARMOTOR
  +--> ?PR?_ABS?LCD_DRIVER_SPLC780D
  +--> ?PR?_MOVE?BIPOLARMOTOR

?PR?SUNPOS?SUNPOS                                -----    -----      0432H    005DH
  +--> ?PR?SIN?SIN
  +--> ?PR?_ATAN2?ATAN2
  +--> ?PR?ASIN?ASIN
  +--> ?PR?ACOS?ACOS

?PR?SIN?SIN                                      0020H.5  0000H.1    048FH    0004H

?PR?_ATAN2?ATAN2                                 -----    -----      048FH    0008H
  +--> ?PR?ATAN?ATAN

?PR?ATAN?ATAN                                    0020H.5  0000H.2    0497H    0004H
BL51 BANKED LINKER/LOCATER V6.22                                                      03/28/2019  15:31:13  PAGE 7



?PR?ASIN?ASIN                                    -----    -----      -----    -----
  +--> ?PR?SQRT?SQRT
  +--> ?PR?ATAN?ATAN

?PR?SQRT?SQRT                                    -----    -----      048FH    0004H

?PR?ACOS?ACOS                                    -----    -----      -----    -----
  +--> ?PR?SQRT?SQRT
  +--> ?PR?ATAN?ATAN

?PR?_THEORICALJP_POSITION?BIPOLARMOTOR           -----    -----      0432H    005CH
  +--> ?PR?LINEAR_INTERPOLATE?BIPOLARMOTOR

?PR?LINEAR_INTERPOLATE?BIPOLARMOTOR              -----    -----      048EH    0014H

?PR?_MOVE?BIPOLARMOTOR                           0020H.5  0000H.1    0496H    0004H
  +--> ?PR?_STEP_MOVE?BIPOLARMOTOR

?PR?_FIND_REAL_MAX?CALIBRATION                   -----    -----      03DFH    00B7H
  +--> ?PR?_MOVE?BIPOLARMOTOR
  +--> ?PR?_ADC_GETRESULT?ADC
  +--> ?PR?AT25SF041_WRITEENABLE?AT25SF041
  +--> ?PR?_AT25SF041_WRITE?AT25SF041
  +--> ?PR?_WAIT_MS_SPINOR?AT25SF041
  +--> ?PR?_COMMAND?LCD_DRIVER_SPLC780D
  +--> ?PR?_WRITEDATA?LCD_DRIVER_SPLC780D
  +--> ?PR?_DISPLAY_POS?LCD_DRIVER_SPLC780D
  +--> ?PR?_WAIT_MS?LCD_DRIVER_SPLC780D
  +--> ?PR?_MAX_VALUE?CALIBRATION

?PR?AT25SF041_WRITEENABLE?AT25SF041              -----    -----      0496H    0002H
  +--> ?PR?_WAIT_MS_SPINOR?AT25SF041
  +--> ?PR?UCREAD_STATUS_REGISTER_BYTE1?AT25...

?PR?UCREAD_STATUS_REGISTER_BYTE1?AT25...         -----    -----      049EH    0003H
  +--> ?PR?_WAIT_MS_SPINOR?AT25SF041

?PR?_AT25SF041_WRITE?AT25SF041                   -----    -----      0496H    0008H
  +--> ?PR?_WAIT_MS_SPINOR?AT25SF041
  +--> ?PR?UCREAD_STATUS_REGISTER_BYTE1?AT25...

?PR?_MAX_VALUE?CALIBRATION                       -----    -----      0496H    0004H

?PR?SPI_NOR_WRITE_DATA?AT25SF041                 -----    -----      03BBH    000EH
  +--> ?PR?AT25SF041_WRITEENABLE?AT25SF041
  +--> ?PR?_AT25SF041_WRITE?AT25SF041
  +--> ?PR?_WAIT_MS_SPINOR?AT25SF041

?PR?AT25SF041_CHIPERASE?AT25SF041                -----    -----      03BBH    0002H
  +--> ?PR?_WAIT_MS_SPINOR?AT25SF041
  +--> ?PR?UCREAD_STATUS_REGISTER_BYTE1?AT25...



UNRESOLVED EXTERNAL SYMBOLS:
   AUTO_MODE
BL51 BANKED LINKER/LOCATER V6.22                                                      03/28/2019  15:31:13  PAGE 8


   SPI_NOR_CLEARENABLE
   _SENDUART1



SYMBOL TABLE OF MODULE:  .\Obj\GPIO_RTC_Test (MAIN)

  VALUE           TYPE          NAME
  ----------------------------------

  -------         MODULE        MAIN
  C:0000H         SYMBOL        _ICE_DUMMY_
  X:04AAH         PUBLIC        calib_value
  D:0080H         PUBLIC        P0
  D:00B2H         PUBLIC        P3M0
  D:0090H         PUBLIC        P1
  D:00B1H         PUBLIC        P3M1
  D:00A0H         PUBLIC        P2
  D:00B0H         PUBLIC        P3
  D:00C0H         PUBLIC        P4
  D:00C8H         PUBLIC        P5
  X:04FEH         SYMBOL        PressedKey
  B:00A8H.7       PUBLIC        EA
  D:00E8H         PUBLIC        P6
  X:0502H         PUBLIC        calib_stamp
  D:00F8H         PUBLIC        P7
  X:0503H         PUBLIC        RX_Data_Uart_Cnt
  D:00A8H         PUBLIC        IE
  X:0505H         PUBLIC        calib_time
  D:00B8H         PUBLIC        IP
  X:0559H         PUBLIC        months
  D:00D8H         PUBLIC        CCON
  C:000EH         PUBLIC        main
  X:055AH         PUBLIC        count
  X:055CH         PUBLIC        days
  X:055DH         PUBLIC        hours
  D:0098H         PUBLIC        SCON
  D:0089H         PUBLIC        TMOD
  D:0088H         PUBLIC        TCON
  B:00A0H.3       PUBLIC        P23
  X:055EH         SYMBOL        KeyCount
  X:0560H         PUBLIC        mins
  X:0561H         PUBLIC        Rec_data_hour
  B:00C8H.5       PUBLIC        P55
  X:0564H         PUBLIC        Rec_data_min
  D:008EH         PUBLIC        AUXR
  C:0009H         PUBLIC        tm0_isr
  B:0021H.0       PUBLIC        busy
  B:00A8H.1       PUBLIC        ET0
  X:0567H         PUBLIC        SPI_NOR_INTERNAL_FLASH_ADDR
  D:008CH         PUBLIC        TH0
  X:056BH         PUBLIC        hour_count
  D:008AH         PUBLIC        TL0
  X:056CH         PUBLIC        min_count
  B:0088H.4       PUBLIC        TR0
  X:056DH         SYMBOL        KeyNum
  X:056EH         SYMBOL        KeyNum_Old
BL51 BANKED LINKER/LOCATER V6.22                                                      03/28/2019  15:31:13  PAGE 9


  X:056FH         PUBLIC        current_position
  X:0573H         PUBLIC        hours1
  X:0574H         PUBLIC        hours2
  X:0575H         PUBLIC        mins1
  X:0576H         PUBLIC        mins2
  X:0577H         PUBLIC        seconds
  X:0578H         PUBLIC        st_time
  D:00D0H         PUBLIC        PSW
  -------         PROC          TM0_ISR
  C:0009H         LINE#         76
  C:0009H         LINE#         78
  -------         ENDPROC       TM0_ISR
  -------         PROC          MAIN
  -------         DO            
  X:038FH         SYMBOL        sunlight_ADC
  X:04A2H         SYMBOL        KeyCount
  X:04A4H         SYMBOL        KeyNum_Old
  X:04A5H         SYMBOL        KeyNum
  X:04A6H         SYMBOL        PressedKey
  X:0391H         SYMBOL        prox_flag
  X:0392H         SYMBOL        iUse_prevday_calib_value
  X:0394H         SYMBOL        max_ADC_Val_JP
  X:0396H         SYMBOL        max_ADC_Val
  X:0398H         SYMBOL        calib_point1
  X:03A0H         SYMBOL        calib_point2
  X:03A8H         SYMBOL        dat_to_store
  X:03B3H         SYMBOL        calib_day
  X:03B5H         SYMBOL        calib_count
  X:03B7H         SYMBOL        theorical_JP_max_pos
  -------         ENDDO         
  C:000EH         LINE#         80
  C:000EH         LINE#         81
  C:000EH         LINE#         86
  C:0014H         LINE#         87
  C:0019H         LINE#         89
  C:0021H         LINE#         93
  C:0027H         LINE#         94
  C:0031H         LINE#         98
  C:0033H         LINE#         99
  C:0035H         LINE#         100
  C:0037H         LINE#         101
  C:0039H         LINE#         103
  C:0040H         LINE#         104
  C:0044H         LINE#         113
  C:0046H         LINE#         114
  C:0049H         LINE#         115
  C:004CH         LINE#         116
  C:004FH         LINE#         117
  C:0052H         LINE#         118
  C:0055H         LINE#         121
  C:0058H         LINE#         123
  C:005BH         LINE#         124
  C:005EH         LINE#         125
  C:0061H         LINE#         126
  C:0063H         LINE#         127
  C:0065H         LINE#         128
  C:0067H         LINE#         130
BL51 BANKED LINKER/LOCATER V6.22                                                      03/28/2019  15:31:13  PAGE 10


  C:0069H         LINE#         131
  C:0070H         LINE#         132
  C:0077H         LINE#         133
  C:007EH         LINE#         134
  C:0085H         LINE#         138
  C:008CH         LINE#         139
  C:0091H         LINE#         140
  C:0096H         LINE#         141
  C:009BH         LINE#         142
  C:00A0H         LINE#         143
  C:00A5H         LINE#         146
  C:00BEH         LINE#         147
  C:00BEH         LINE#         148
  C:00DAH         LINE#         149
  C:0121H         LINE#         150
  C:0132H         LINE#         153
  C:0132H         LINE#         154
  C:0132H         LINE#         155
  C:0135H         LINE#         158
  C:0135H         LINE#         161
  C:013AH         LINE#         162
  C:013FH         LINE#         164
  C:0144H         LINE#         165
  C:0149H         LINE#         166
  C:014EH         LINE#         167
  C:0153H         LINE#         169
  C:0164H         LINE#         170
  C:0169H         LINE#         171
  C:016EH         LINE#         173
  C:0175H         LINE#         174
  C:017DH         LINE#         175
  C:0182H         LINE#         176
  C:018AH         LINE#         177
  C:018FH         LINE#         178
  C:0199H         LINE#         179
  C:019EH         LINE#         180
  C:01A6H         LINE#         182
  C:01AEH         LINE#         183
  C:01B3H         LINE#         184
  C:01BDH         LINE#         185
  C:01BDH         LINE#         186
  C:01BFH         LINE#         187
  C:01C1H         LINE#         188
  C:01CBH         LINE#         189
  C:01CBH         LINE#         190
  C:01D0H         LINE#         191
  C:01D0H         LINE#         203
  C:01DDH         LINE#         204
  C:01DDH         LINE#         205
  C:01E7H         LINE#         206
  C:01FEH         LINE#         207
  C:01FEH         LINE#         208
  C:0200H         LINE#         209
  C:0202H         LINE#         211
  C:0202H         LINE#         212
  C:020DH         LINE#         213
  C:020DH         LINE#         214
BL51 BANKED LINKER/LOCATER V6.22                                                      03/28/2019  15:31:13  PAGE 11


  C:0212H         LINE#         215
  C:0212H         LINE#         216
  C:021FH         LINE#         217
  C:021FH         LINE#         220
  C:0229H         LINE#         221
  C:0240H         LINE#         222
  C:0240H         LINE#         223
  C:0242H         LINE#         224
  C:0244H         LINE#         226
  C:0244H         LINE#         227
  C:024FH         LINE#         228
  C:024FH         LINE#         229
  C:0254H         LINE#         230
  C:0256H         LINE#         231
  C:0256H         LINE#         233
  C:0278H         LINE#         234
  C:0278H         LINE#         235
  C:0282H         LINE#         236
  C:0288H         LINE#         237
  C:028AH         LINE#         238
  C:028CH         LINE#         239
  C:028EH         LINE#         240
  C:028EH         LINE#         241
  C:0291H         LINE#         243
  C:0291H         LINE#         244
  C:0297H         LINE#         245
  C:029FH         LINE#         246
  C:02A5H         LINE#         247
  C:02ADH         LINE#         248
  C:02E8H         LINE#         252
  C:02F5H         LINE#         253
  C:02F5H         LINE#         255
  C:0302H         LINE#         256
  C:0335H         LINE#         257
  C:0335H         LINE#         258
  C:0358H         LINE#         259
  C:0358H         LINE#         260
  C:037AH         LINE#         261
  C:037AH         LINE#         262
  C:0385H         LINE#         263
  C:0385H         LINE#         264
  C:0401H         LINE#         265
  C:048BH         LINE#         266
  C:048EH         LINE#         268
  C:048EH         LINE#         270
  C:0495H         LINE#         271
  C:0495H         LINE#         272
  C:0498H         LINE#         273
  C:04B6H         LINE#         274
  C:04BDH         LINE#         275
  C:04DCH         LINE#         276
  C:04FBH         LINE#         278
  C:0577H         LINE#         279
  C:05CFH         LINE#         280
  C:05E3H         LINE#         281
  C:05F0H         LINE#         282
  C:05FFH         LINE#         283
BL51 BANKED LINKER/LOCATER V6.22                                                      03/28/2019  15:31:13  PAGE 12


  C:05FFH         LINE#         285
  C:0607H         LINE#         286
  C:060FH         LINE#         287
  C:0617H         LINE#         288
  C:061FH         LINE#         290
  C:0633H         LINE#         291
  C:0649H         LINE#         292
  C:0679H         LINE#         293
  C:068DH         LINE#         295
  C:06A1H         LINE#         296
  C:06B7H         LINE#         297
  C:06E7H         LINE#         298
  C:06EEH         LINE#         300
  C:0712H         LINE#         303
  C:0714H         LINE#         305
  C:0722H         LINE#         306
  C:0722H         LINE#         307
  C:072AH         LINE#         309
  C:072AH         LINE#         312
  C:072AH         LINE#         313
  C:0737H         LINE#         314
  C:0737H         LINE#         315
  C:0759H         LINE#         316
  C:0759H         LINE#         317
  C:07D5H         LINE#         318
  C:082AH         LINE#         319
  C:082AH         LINE#         321
  C:082DH         LINE#         325
  C:082DH         LINE#         328
  C:084FH         LINE#         329
  C:084FH         LINE#         330
  C:08CBH         LINE#         332
  C:08F8H         LINE#         333
  C:0913H         LINE#         334
  C:0940H         LINE#         335
  C:095BH         LINE#         337
  C:09F7H         LINE#         340
  C:09F7H         LINE#         342
  C:09F7H         LINE#         343
  C:09F7H         LINE#         345
  C:09F7H         LINE#         348
  C:0A13H         LINE#         349
  C:0A17H         LINE#         351
  C:0A19H         LINE#         354
  C:0A24H         LINE#         355
  C:0A24H         LINE#         356
  C:0A27H         LINE#         357
  C:0A2EH         LINE#         358
  C:0A33H         LINE#         359
  C:0A38H         LINE#         360
  C:0A3DH         LINE#         361
  C:0A42H         LINE#         362
  C:0A47H         LINE#         363
  C:0A4CH         LINE#         364
  C:0A51H         LINE#         365
  C:0A56H         LINE#         366
  C:0A5BH         LINE#         367
BL51 BANKED LINKER/LOCATER V6.22                                                      03/28/2019  15:31:13  PAGE 13


  C:0A60H         LINE#         368
  C:0A65H         LINE#         369
  C:0A6AH         LINE#         372
  C:0A6DH         LINE#         374
  C:0A70H         LINE#         375
  C:0A77H         LINE#         376
  C:0A81H         LINE#         377
  C:0A86H         LINE#         379
  C:0A89H         LINE#         380
  C:0A8EH         LINE#         381
  C:0A93H         LINE#         382
  C:0A98H         LINE#         383
  C:0A9DH         LINE#         384
  C:0AA2H         LINE#         385
  C:0AA7H         LINE#         386
  C:0AACH         LINE#         388
  C:0AACH         LINE#         389
  -------         ENDPROC       MAIN
  -------         ENDMOD        MAIN

  -------         MODULE        PCF85063BTL
  C:0000H         SYMBOL        _ICE_DUMMY_
  D:0096H         PUBLIC        P2M0
  D:0080H         PUBLIC        P0
  D:0095H         PUBLIC        P2M1
  D:0090H         PUBLIC        P1
  D:00A0H         PUBLIC        P2
  D:00B0H         PUBLIC        P3
  D:00C0H         PUBLIC        P4
  D:00C8H         PUBLIC        P5
  D:00E8H         PUBLIC        P6
  B:00A0H.1       PUBLIC        PCF85063BTL_SDI
  D:00F8H         PUBLIC        P7
  B:00A0H.2       PUBLIC        PCF85063BTL_SCK
  B:00A0H.1       PUBLIC        PCF85063BTL_SDO
  D:00A8H         PUBLIC        IE
  C:48EEH         PUBLIC        _Read_time
  C:4DF5H         PUBLIC        _PCF85063BTL_Delay
  D:00B8H         PUBLIC        IP
  D:00D8H         PUBLIC        CCON
  C:477FH         PUBLIC        _Day_Of_Year
  C:4CEBH         PUBLIC        SPI_ReceiveByte
  D:0098H         PUBLIC        SCON
  D:0088H         PUBLIC        TCON
  C:4E3CH         PUBLIC        _BCDtoDec
  B:00A0H.0       PUBLIC        PCF85063BTL_CS
  C:4E2BH         PUBLIC        _SPI_ReadTime
  C:4E8BH         PUBLIC        SPI_Init
  C:4D80H         PUBLIC        _SPI_WriteTime
  C:4CCBH         PUBLIC        _SPI_SendByte
  D:00D0H         PUBLIC        PSW
  C:4DF1H         SYMBOL        L?0047
  -------         PROC          L?0046
  -------         ENDPROC       L?0046
  C:4DF1H         SYMBOL        L?0047
  -------         PROC          _PCF85063BTL_DELAY
  D:0006H         SYMBOL        us
BL51 BANKED LINKER/LOCATER V6.22                                                      03/28/2019  15:31:13  PAGE 14


  C:4DF5H         LINE#         8
  C:4DF5H         LINE#         9
  C:4DF5H         LINE#         10
  C:4DFFH         LINE#         11
  C:4DFFH         LINE#         12
  C:4E00H         LINE#         13
  C:4E02H         LINE#         14
  -------         ENDPROC       _PCF85063BTL_DELAY
  -------         PROC          _SPI_SENDBYTE
  D:0005H         SYMBOL        dat
  -------         DO            
  D:0003H         SYMBOL        i
  -------         ENDDO         
  C:4CCBH         LINE#         17
  C:4CCDH         LINE#         18
  C:4CCDH         LINE#         20
  C:4CCFH         LINE#         21
  C:4CCFH         LINE#         22
  C:4CD1H         LINE#         23
  C:4CD5H         LINE#         24
  C:4CD5H         LINE#         25
  C:4CD7H         LINE#         26
  C:4CD9H         LINE#         28
  C:4CD9H         LINE#         29
  C:4CDBH         LINE#         30
  C:4CDBH         LINE#         31
  C:4CDEH         LINE#         32
  C:4CDEH         LINE#         33
  C:4CE1H         LINE#         34
  C:4CE5H         LINE#         35
  C:4CEAH         LINE#         36
  -------         ENDPROC       _SPI_SENDBYTE
  -------         PROC          SPI_RECEIVEBYTE
  -------         DO            
  D:0003H         SYMBOL        i
  D:0005H         SYMBOL        dat
  -------         ENDDO         
  C:4CEBH         LINE#         39
  C:4CEBH         LINE#         40
  C:4CEBH         LINE#         42
  C:4CEDH         LINE#         44
  C:4CEFH         LINE#         45
  C:4CF0H         LINE#         46
  C:4CF0H         LINE#         47
  C:4CF4H         LINE#         48
  C:4CF6H         LINE#         49
  C:4CF9H         LINE#         51
  C:4CFCH         LINE#         52
  C:4CFCH         LINE#         53
  C:4D00H         LINE#         54
  C:4D00H         LINE#         55
  C:4D00H         LINE#         56
  C:4D03H         LINE#         57
  C:4D08H         LINE#         58
  C:4D0AH         LINE#         59
  -------         ENDPROC       SPI_RECEIVEBYTE
  -------         PROC          _SPI_READTIME
BL51 BANKED LINKER/LOCATER V6.22                                                      03/28/2019  15:31:13  PAGE 15


  D:0007H         SYMBOL        addr
  -------         DO            
  D:0006H         SYMBOL        dat
  -------         ENDDO         
  C:4E2BH         LINE#         61
  C:4E2BH         LINE#         62
  C:4E2BH         LINE#         64
  C:4E2DH         LINE#         65
  C:4E2FH         LINE#         66
  C:4E36H         LINE#         67
  C:4E39H         LINE#         68
  C:4E3BH         LINE#         69
  C:4E3BH         LINE#         70
  -------         ENDPROC       _SPI_READTIME
  -------         PROC          _SPI_WRITETIME
  D:0002H         SYMBOL        val
  D:0005H         SYMBOL        addr
  C:4D80H         LINE#         71
  C:4D82H         LINE#         72
  C:4D82H         LINE#         74
  C:4D84H         LINE#         75
  C:4D8BH         LINE#         76
  C:4D90H         LINE#         77
  C:4D95H         LINE#         78
  C:4D97H         LINE#         79
  -------         ENDPROC       _SPI_WRITETIME
  -------         PROC          SPI_INIT
  C:4E8BH         LINE#         83
  C:4E8BH         LINE#         84
  C:4E8BH         LINE#         89
  C:4E8EH         LINE#         90
  C:4E91H         LINE#         91
  C:4E93H         LINE#         92
  C:4E95H         LINE#         93
  C:4E97H         LINE#         94
  -------         ENDPROC       SPI_INIT
  -------         PROC          _READ_TIME
  X:03BBH         SYMBOL        months
  X:03BEH         SYMBOL        days
  X:03C1H         SYMBOL        hours
  X:03C4H         SYMBOL        mins
  X:03C7H         SYMBOL        seconds
  C:48EEH         LINE#         96
  C:48F9H         LINE#         97
  C:48F9H         LINE#         99
  C:490DH         LINE#         101
  C:4921H         LINE#         103
  C:4935H         LINE#         108
  C:4949H         LINE#         113
  -------         ENDPROC       _READ_TIME
  -------         PROC          _BCDTODEC
  D:0007H         SYMBOL        bcd
  -------         DO            
  D:0006H         SYMBOL        hi
  D:0007H         SYMBOL        lo
  -------         ENDDO         
  C:4E3CH         LINE#         119
BL51 BANKED LINKER/LOCATER V6.22                                                      03/28/2019  15:31:13  PAGE 16


  C:4E3CH         LINE#         120
  C:4E3CH         LINE#         122
  C:4E41H         LINE#         123
  C:4E45H         LINE#         124
  C:4E4CH         LINE#         125
  -------         ENDPROC       _BCDTODEC
  -------         PROC          _DAY_OF_YEAR
  D:0007H         SYMBOL        months_bcd
  D:0005H         SYMBOL        days_bcd
  -------         DO            
  D:0004H         SYMBOL        months
  D:0007H         SYMBOL        days
  -------         ENDDO         
  C:477FH         LINE#         126
  C:477FH         LINE#         127
  C:477FH         LINE#         130
  C:4784H         LINE#         132
  C:4789H         LINE#         134
  C:47C2H         LINE#         135
  C:47C2H         LINE#         136
  C:47C2H         LINE#         137
  C:47C5H         LINE#         138
  C:47C5H         LINE#         139
  C:47C5H         LINE#         140
  C:47CAH         LINE#         141
  C:47CAH         LINE#         142
  C:47CAH         LINE#         143
  C:47CFH         LINE#         144
  C:47CFH         LINE#         145
  C:47CFH         LINE#         146
  C:47D4H         LINE#         147
  C:47D4H         LINE#         148
  C:47D4H         LINE#         149
  C:47D9H         LINE#         150
  C:47D9H         LINE#         151
  C:47D9H         LINE#         152
  C:47DEH         LINE#         153
  C:47DEH         LINE#         154
  C:47DEH         LINE#         155
  C:47E3H         LINE#         156
  C:47E3H         LINE#         157
  C:47E3H         LINE#         158
  C:47E8H         LINE#         159
  C:47E8H         LINE#         160
  C:47E8H         LINE#         161
  C:47F0H         LINE#         162
  C:47F0H         LINE#         163
  C:47F0H         LINE#         164
  C:47F5H         LINE#         165
  C:47F5H         LINE#         166
  C:47F5H         LINE#         167
  C:47FAH         LINE#         168
  C:47FAH         LINE#         169
  C:47FAH         LINE#         170
  C:4802H         LINE#         171
  C:4802H         LINE#         172
  C:4802H         LINE#         173
BL51 BANKED LINKER/LOCATER V6.22                                                      03/28/2019  15:31:13  PAGE 17


  -------         ENDPROC       _DAY_OF_YEAR
  -------         ENDMOD        PCF85063BTL

  -------         MODULE        UART1
  C:0000H         SYMBOL        _ICE_DUMMY_
  D:0080H         PUBLIC        P0
  D:0090H         PUBLIC        P1
  D:00A0H         PUBLIC        P2
  D:00B0H         PUBLIC        P3
  D:00C0H         PUBLIC        P4
  D:00C8H         PUBLIC        P5
  B:00A8H.7       PUBLIC        EA
  D:00E8H         PUBLIC        P6
  D:00F8H         PUBLIC        P7
  C:4BA3H         PUBLIC        _SendString
  D:00A8H         PUBLIC        IE
  B:00A8H.4       PUBLIC        ES
  D:00B8H         PUBLIC        IP
  C:4D98H         PUBLIC        _ASCIItoBCD
  D:00D8H         PUBLIC        CCON
  C:4E4DH         PUBLIC        initUART1
  D:0098H         PUBLIC        SCON
  D:0088H         PUBLIC        TCON
  C:000AH         PUBLIC        _DectoBCD
  C:4EC3H         PUBLIC        _ASCII_Letter
  D:008EH         PUBLIC        AUXR
  C:4EBEH         PUBLIC        _unit
  C:0003H         PUBLIC        _ten
  D:00D6H         PUBLIC        T2H
  D:00D7H         PUBLIC        T2L
  D:00D0H         PUBLIC        PSW
  -------         PROC          INITUART1
  C:4E4DH         LINE#         21
  C:4E4DH         LINE#         22
  C:4E4DH         LINE#         23
  C:4E50H         LINE#         24
  C:4E53H         LINE#         25
  C:4E56H         LINE#         26
  C:4E59H         LINE#         27
  C:4E5BH         LINE#         28
  C:4E5DH         LINE#         30
  -------         ENDPROC       INITUART1
  -------         PROC          _SENDSTRING
  X:05F4H         SYMBOL        s
  C:4BA3H         LINE#         35
  C:4BAEH         LINE#         36
  C:4BAEH         LINE#         37
  C:4BBEH         LINE#         38
  C:4BBEH         LINE#         39
  C:4BD3H         LINE#         40
  C:4BD5H         LINE#         41
  -------         ENDPROC       _SENDSTRING
  -------         PROC          _TEN
  D:0007H         SYMBOL        BCD
  C:0003H         LINE#         43
  C:0003H         LINE#         44
  C:0003H         LINE#         45
BL51 BANKED LINKER/LOCATER V6.22                                                      03/28/2019  15:31:13  PAGE 18


  C:0008H         LINE#         46
  -------         ENDPROC       _TEN
  -------         PROC          _UNIT
  D:0007H         SYMBOL        BCD
  C:4EBEH         LINE#         47
  C:4EBEH         LINE#         48
  C:4EBEH         LINE#         52
  C:4EC2H         LINE#         53
  -------         ENDPROC       _UNIT
  -------         PROC          _DECTOBCD
  D:0007H         SYMBOL        dec
  C:000AH         LINE#         54
  C:000AH         LINE#         55
  C:000AH         LINE#         57
  C:000AH         LINE#         58
  -------         ENDPROC       _DECTOBCD
  -------         PROC          _ASCII_LETTER
  D:0007H         SYMBOL        dat
  C:4EC3H         LINE#         60
  C:4EC3H         LINE#         61
  C:4EC3H         LINE#         63
  C:4EC7H         LINE#         64
  -------         ENDPROC       _ASCII_LETTER
  -------         PROC          _ASCIITOBCD
  D:0001H         SYMBOL        ascii
  -------         DO            
  D:0007H         SYMBOL        dec_val
  D:0006H         SYMBOL        ten
  D:0007H         SYMBOL        unit
  -------         ENDDO         
  C:4D98H         LINE#         66
  C:4D98H         LINE#         67
  C:4D98H         LINE#         69
  C:4D9BH         LINE#         70
  C:4DA1H         LINE#         71
  C:4DA8H         LINE#         72
  C:4DAEH         LINE#         74
  -------         ENDPROC       _ASCIITOBCD
  -------         ENDMOD        UART1

  -------         MODULE        LCD_DRIVER_SPLC780D
  C:0000H         SYMBOL        _ICE_DUMMY_
  D:0092H         PUBLIC        P1M0
  D:0091H         PUBLIC        P1M1
  D:0080H         PUBLIC        P0
  D:0090H         PUBLIC        P1
  D:00A0H         PUBLIC        P2
  D:00B0H         PUBLIC        P3
  D:00C0H         PUBLIC        P4
  D:00C8H         PUBLIC        P5
  D:00E8H         PUBLIC        P6
  D:00F8H         PUBLIC        P7
  C:4807H         PUBLIC        _WriteData
  D:00A8H         PUBLIC        IE
  D:00B8H         PUBLIC        IP
  D:00D8H         PUBLIC        CCON
  B:00B0H.4       PUBLIC        LCD_D4
BL51 BANKED LINKER/LOCATER V6.22                                                      03/28/2019  15:31:13  PAGE 19


  B:00B0H.5       PUBLIC        LCD_D5
  B:00B0H.6       PUBLIC        LCD_D6
  C:4D48H         PUBLIC        _DisplayLCD
  B:00B0H.7       PUBLIC        LCD_D7
  D:0098H         PUBLIC        SCON
  D:0088H         PUBLIC        TCON
  C:4E03H         PUBLIC        _abs
  C:4EAEH         PUBLIC        LCD_clear
  C:4AE8H         PUBLIC        _Command
  C:4DC5H         PUBLIC        _Display_Line
  C:49B7H         PUBLIC        LCD_Init
  C:4CADH         PUBLIC        _Wait_ms
  B:00C0H.0       PUBLIC        LCD_RS
  B:00B0H.2       PUBLIC        LCD_RW
  C:4EA4H         PUBLIC        LCD_return_home
  C:3CD1H         PUBLIC        _Display_Pos
  B:00B0H.3       PUBLIC        LCD_E
  D:00D0H         PUBLIC        PSW
  -------         PROC          LCD_INIT
  C:49B7H         LINE#         9
  C:49B7H         LINE#         10
  C:49B7H         LINE#         11
  C:49BAH         LINE#         12
  C:49BDH         LINE#         14
  C:49C3H         LINE#         15
  C:49C8H         LINE#         17
  C:49CFH         LINE#         18
  C:49D4H         LINE#         20
  C:49D7H         LINE#         21
  C:49DCH         LINE#         23
  C:49DFH         LINE#         24
  C:49E4H         LINE#         26
  C:49EBH         LINE#         29
  C:49F0H         LINE#         30
  C:49F5H         LINE#         32
  C:49FAH         LINE#         33
  C:49FFH         LINE#         35
  C:4A04H         LINE#         36
  C:4A09H         LINE#         37
  -------         ENDPROC       LCD_INIT
  C:4803H         SYMBOL        L?0040
  -------         PROC          L?0039
  -------         ENDPROC       L?0039
  C:4803H         SYMBOL        L?0040
  -------         PROC          _WRITEDATA
  X:04A0H         SYMBOL        dat
  C:4807H         LINE#         40
  C:480CH         LINE#         41
  C:480CH         LINE#         46
  C:480EH         LINE#         47
  C:4810H         LINE#         49
  C:481EH         LINE#         50
  C:482AH         LINE#         51
  C:4836H         LINE#         52
  C:4840H         LINE#         53
  C:4842H         LINE#         54
  C:4849H         LINE#         55
BL51 BANKED LINKER/LOCATER V6.22                                                      03/28/2019  15:31:13  PAGE 20


  C:484BH         LINE#         57
  C:485BH         LINE#         58
  C:4866H         LINE#         59
  C:4870H         LINE#         60
  C:4874H         LINE#         62
  C:4874H         LINE#         63
  C:4877H         LINE#         64
  C:4879H         LINE#         65
  C:487BH         LINE#         67
  -------         ENDPROC       _WRITEDATA
  -------         PROC          _COMMAND
  D:0007H         SYMBOL        dat
  C:4AE8H         LINE#         69
  C:4AE8H         LINE#         70
  C:4AE8H         LINE#         71
  C:4AEAH         LINE#         72
  C:4AECH         LINE#         74
  C:4AF6H         LINE#         75
  C:4AFAH         LINE#         77
  C:4AFCH         LINE#         78
  C:4B05H         LINE#         79
  C:4B09H         LINE#         81
  C:4B0BH         LINE#         82
  C:4B12H         LINE#         83
  C:4B16H         LINE#         85
  C:4B18H         LINE#         86
  C:4B1CH         LINE#         87
  C:4B20H         LINE#         89
  C:4B22H         LINE#         90
  C:4B22H         LINE#         91
  C:4B25H         LINE#         92
  C:4B27H         LINE#         93
  -------         ENDPROC       _COMMAND
  C:4CA9H         SYMBOL        L?0038
  -------         PROC          L?0037
  -------         ENDPROC       L?0037
  C:4CA9H         SYMBOL        L?0038
  -------         PROC          _WAIT_MS
  D:0006H         SYMBOL        ms
  -------         DO            
  D:0004H         SYMBOL        De_Cnt
  -------         ENDDO         
  C:4CADH         LINE#         95
  C:4CADH         LINE#         96
  C:4CADH         LINE#         98
  C:4CB7H         LINE#         99
  C:4CB7H         LINE#         100
  C:4CCAH         LINE#         101
  C:4CCAH         LINE#         102
  -------         ENDPROC       _WAIT_MS
  -------         PROC          _DISPLAYLCD
  D:0007H         SYMBOL        BCD
  -------         DO            
  D:0006H         SYMBOL        first_digit
  X:03BBH         SYMBOL        second_digit
  -------         ENDDO         
  C:4D48H         LINE#         103
BL51 BANKED LINKER/LOCATER V6.22                                                      03/28/2019  15:31:13  PAGE 21


  C:4D48H         LINE#         104
  C:4D48H         LINE#         106
  C:4D4FH         LINE#         107
  C:4D58H         LINE#         109
  C:4D5DH         LINE#         111
  -------         ENDPROC       _DISPLAYLCD
  -------         PROC          LCD_RETURN_HOME
  C:4EA4H         LINE#         115
  C:4EA4H         LINE#         116
  C:4EA4H         LINE#         117
  C:4EA9H         LINE#         118
  -------         ENDPROC       LCD_RETURN_HOME
  -------         PROC          LCD_CLEAR
  C:4EAEH         LINE#         121
  C:4EAEH         LINE#         122
  C:4EAEH         LINE#         123
  C:4EB3H         LINE#         124
  -------         ENDPROC       LCD_CLEAR
  -------         PROC          _DISPLAY_LINE
  D:0006H         SYMBOL        line
  C:4DC5H         LINE#         128
  C:4DC5H         LINE#         129
  C:4DC5H         LINE#         130
  C:4DCBH         LINE#         131
  C:4DCBH         LINE#         132
  C:4DCDH         LINE#         133
  C:4DCDH         LINE#         134
  C:4DCFH         LINE#         136
  C:4DCFH         LINE#         137
  C:4DD4H         LINE#         138
  C:4DD9H         LINE#         139
  C:4DD9H         LINE#         140
  -------         ENDPROC       _DISPLAY_LINE
  -------         PROC          _DISPLAY_POS
  X:0496H         SYMBOL        sign_dat
  -------         DO            
  X:049AH         SYMBOL        unit
  X:049BH         SYMBOL        ten
  X:049CH         SYMBOL        hundred
  D:0003H         SYMBOL        thousand
  X:049DH         SYMBOL        after_dot
  X:049EH         SYMBOL        dat
  -------         ENDDO         
  C:3CD1H         LINE#         142
  C:3CD7H         LINE#         143
  C:3CD7H         LINE#         147
  C:3CF3H         LINE#         148
  C:3D0DH         LINE#         149
  C:3D31H         LINE#         151
  C:3D7BH         LINE#         153
  C:3D92H         LINE#         154
  C:3D9FH         LINE#         155
  C:3DC1H         LINE#         156
  C:3DF6H         LINE#         157
  C:3E0EH         LINE#         158
  C:3E0EH         LINE#         160
  C:3E0EH         LINE#         161
BL51 BANKED LINKER/LOCATER V6.22                                                      03/28/2019  15:31:13  PAGE 22


  C:3E0EH         LINE#         162
  C:3E0EH         LINE#         163
  C:3E0EH         LINE#         164
  C:3E0EH         LINE#         168
  C:3E10H         LINE#         170
  C:3E10H         LINE#         172
  C:3E15H         LINE#         173
  C:3E1BH         LINE#         174
  C:3E21H         LINE#         175
  C:3E27H         LINE#         176
  C:3E2CH         LINE#         177
  C:3E32H         LINE#         181
  C:3E32H         LINE#         183
  -------         ENDPROC       _DISPLAY_POS
  -------         PROC          _ABS
  D:0006H         SYMBOL        dat
  C:4E03H         LINE#         185
  C:4E03H         LINE#         186
  C:4E03H         LINE#         187
  C:4E0EH         LINE#         188
  C:4E0FH         LINE#         190
  C:4E16H         LINE#         191
  -------         ENDPROC       _ABS
  -------         ENDMOD        LCD_DRIVER_SPLC780D

  -------         MODULE        KEYPAD
  C:0000H         SYMBOL        _ICE_DUMMY_
  D:0093H         PUBLIC        P0M1
  D:0080H         PUBLIC        P0
  D:0090H         PUBLIC        P1
  D:00A0H         PUBLIC        P2
  D:00B0H         PUBLIC        P3
  D:00C0H         PUBLIC        P4
  D:00C8H         PUBLIC        P5
  B:0020H.0       PUBLIC        calib_mode
  D:00E8H         PUBLIC        P6
  D:00F8H         PUBLIC        P7
  D:00A8H         PUBLIC        IE
  C:3833H         PUBLIC        Key_Scan
  D:00B8H         PUBLIC        IP
  D:00D8H         PUBLIC        CCON
  C:4E98H         PUBLIC        KeyPad_IO_Init
  C:4D2AH         PUBLIC        _Delay_ms
  D:0098H         PUBLIC        SCON
  D:0088H         PUBLIC        TCON
  B:0020H.1       PUBLIC        small_move
  B:0020H.2       PUBLIC        move
  B:0020H.3       PUBLIC        direction
  B:0020H.4       PUBLIC        auto_move
  C:2F2AH         PUBLIC        Key_Process
  D:00D0H         PUBLIC        PSW
  D:0094H         PUBLIC        P0M0
  -------         PROC          _DELAY_MS
  D:0006H         SYMBOL        ms
  -------         DO            
  D:0004H         SYMBOL        De_Cnt
  -------         ENDDO         
BL51 BANKED LINKER/LOCATER V6.22                                                      03/28/2019  15:31:13  PAGE 23


  C:4D2AH         LINE#         19
  C:4D2AH         LINE#         20
  C:4D2AH         LINE#         22
  C:4D34H         LINE#         23
  C:4D34H         LINE#         24
  C:4D47H         LINE#         25
  C:4D47H         LINE#         26
  -------         ENDPROC       _DELAY_MS
  -------         PROC          KEY_SCAN
  -------         DO            
  X:03C1H         SYMBOL        KeyTemp1
  X:03C2H         SYMBOL        KeyTemp2
  X:03C3H         SYMBOL        KeyValue
  -------         ENDDO         
  C:3833H         LINE#         27
  C:3833H         LINE#         28
  C:3833H         LINE#         33
  C:3836H         LINE#         36
  C:3839H         LINE#         38
  C:3841H         LINE#         39
  C:3848H         LINE#         40
  C:3848H         LINE#         42
  C:384DH         LINE#         43
  C:3854H         LINE#         44
  C:3854H         LINE#         47
  C:3857H         LINE#         48
  C:385AH         LINE#         49
  C:385FH         LINE#         50
  C:3863H         LINE#         51
  C:3863H         LINE#         52
  C:386BH         LINE#         53
  C:386BH         LINE#         54
  C:386EH         LINE#         55
  C:3876H         LINE#         56
  C:3878H         LINE#         58
  C:388CH         LINE#         59
  C:388CH         LINE#         60
  C:388CH         LINE#         61
  C:388CH         LINE#         62
  C:3892H         LINE#         64
  C:3894H         LINE#         65
  C:3894H         LINE#         66
  C:3894H         LINE#         67
  C:389AH         LINE#         69
  C:389CH         LINE#         70
  C:389CH         LINE#         71
  C:389CH         LINE#         72
  C:38A2H         LINE#         74
  C:38A4H         LINE#         75
  C:38A4H         LINE#         76
  C:38A4H         LINE#         77
  C:38AAH         LINE#         79
  C:38AAH         LINE#         80
  C:38AAH         LINE#         81
  C:38AAH         LINE#         84
  C:38ADH         LINE#         85
  C:38B0H         LINE#         86
BL51 BANKED LINKER/LOCATER V6.22                                                      03/28/2019  15:31:13  PAGE 24


  C:38B8H         LINE#         87
  C:38BCH         LINE#         88
  C:38BCH         LINE#         89
  C:38C4H         LINE#         90
  C:38C4H         LINE#         91
  C:38C7H         LINE#         92
  C:38CFH         LINE#         93
  C:38D1H         LINE#         94
  C:38E5H         LINE#         95
  C:38E5H         LINE#         96
  C:38E5H         LINE#         97
  C:38E5H         LINE#         98
  C:38EBH         LINE#         100
  C:38EDH         LINE#         101
  C:38EDH         LINE#         102
  C:38EDH         LINE#         103
  C:38F3H         LINE#         105
  C:38F5H         LINE#         106
  C:38F5H         LINE#         107
  C:38F5H         LINE#         108
  C:38FBH         LINE#         110
  C:38FDH         LINE#         111
  C:38FDH         LINE#         112
  C:38FDH         LINE#         113
  C:3902H         LINE#         115
  C:3902H         LINE#         116
  C:3902H         LINE#         117
  C:3902H         LINE#         120
  C:3905H         LINE#         121
  C:3908H         LINE#         122
  C:3910H         LINE#         123
  C:3914H         LINE#         124
  C:3914H         LINE#         125
  C:391CH         LINE#         126
  C:391CH         LINE#         127
  C:391FH         LINE#         128
  C:3927H         LINE#         129
  C:3929H         LINE#         130
  C:393DH         LINE#         131
  C:393DH         LINE#         132
  C:393DH         LINE#         133
  C:393DH         LINE#         134
  C:3943H         LINE#         136
  C:3945H         LINE#         137
  C:3945H         LINE#         138
  C:3945H         LINE#         139
  C:394BH         LINE#         141
  C:394DH         LINE#         142
  C:394DH         LINE#         143
  C:394DH         LINE#         144
  C:3953H         LINE#         146
  C:3955H         LINE#         147
  C:3955H         LINE#         148
  C:3955H         LINE#         149
  C:395BH         LINE#         151
  C:395BH         LINE#         152
  C:395BH         LINE#         153
BL51 BANKED LINKER/LOCATER V6.22                                                      03/28/2019  15:31:13  PAGE 25


  C:395BH         LINE#         157
  C:395EH         LINE#         158
  C:3961H         LINE#         159
  C:3969H         LINE#         160
  C:396DH         LINE#         161
  C:396DH         LINE#         162
  C:3975H         LINE#         163
  C:3975H         LINE#         164
  C:3978H         LINE#         165
  C:3980H         LINE#         166
  C:3982H         LINE#         167
  C:3996H         LINE#         168
  C:3996H         LINE#         169
  C:3996H         LINE#         170
  C:3996H         LINE#         171
  C:399CH         LINE#         173
  C:399EH         LINE#         174
  C:399EH         LINE#         175
  C:399EH         LINE#         176
  C:39A4H         LINE#         178
  C:39A6H         LINE#         179
  C:39A6H         LINE#         180
  C:39A6H         LINE#         181
  C:39ACH         LINE#         183
  C:39AEH         LINE#         184
  C:39AEH         LINE#         185
  C:39AEH         LINE#         186
  C:39B4H         LINE#         188
  C:39B4H         LINE#         189
  C:39B4H         LINE#         190
  C:39B4H         LINE#         192
  C:39BAH         LINE#         193
  C:39BAH         LINE#         195
  C:39BAH         LINE#         196
  C:39BDH         LINE#         197
  C:39BDH         LINE#         198
  C:39BDH         LINE#         200
  C:39BDH         LINE#         201
  C:39BFH         LINE#         202
  C:39BFH         LINE#         203
  -------         ENDPROC       KEY_SCAN
  -------         PROC          KEY_PROCESS
  -------         DO            
  X:05DEH         SYMBOL        KeyCount
  X:05E0H         SYMBOL        KeyNum_Old
  X:05E1H         SYMBOL        KeyNum
  X:05E2H         SYMBOL        PressedKey
  X:03BBH         SYMBOL        d
  D:0004H         SYMBOL        hours
  D:0006H         SYMBOL        mins
  X:03BDH         SYMBOL        months
  X:03BFH         SYMBOL        days
  -------         ENDDO         
  C:2F2AH         LINE#         204
  C:2F2AH         LINE#         205
  C:2F2AH         LINE#         209
  C:2F32H         LINE#         210
BL51 BANKED LINKER/LOCATER V6.22                                                      03/28/2019  15:31:13  PAGE 26


  C:2F3AH         LINE#         212
  C:2F3DH         LINE#         213
  C:2F3DH         LINE#         214
  C:2F40H         LINE#         216
  C:2F40H         LINE#         217
  C:2F4DH         LINE#         218
  C:2F4DH         LINE#         219
  C:2F50H         LINE#         220
  C:2F53H         LINE#         222
  C:2F56H         LINE#         224
  C:2F56H         LINE#         225
  C:2F61H         LINE#         226
  C:2F61H         LINE#         227
  C:2F64H         LINE#         229
  C:2F64H         LINE#         230
  C:2F6BH         LINE#         231
  C:2F6BH         LINE#         232
  C:2F6EH         LINE#         234
  C:2F6EH         LINE#         235
  C:2F76H         LINE#         236
  C:2F76H         LINE#         237
  C:2F80H         LINE#         238
  C:2F88H         LINE#         240
  C:2F91H         LINE#         242
  C:2F91H         LINE#         251
  C:2FA6H         LINE#         252
  C:2FA6H         LINE#         253
  C:2FB8H         LINE#         254
  C:2FC6H         LINE#         255
  C:2FD5H         LINE#         256
  C:2FD5H         LINE#         258
  C:2FDBH         LINE#         262
  C:2FF1H         LINE#         263
  C:3002H         LINE#         264
  C:301DH         LINE#         265
  C:301DH         LINE#         266
  C:302DH         LINE#         267
  C:303EH         LINE#         268
  C:303EH         LINE#         272
  C:3057H         LINE#         273
  C:306EH         LINE#         274
  C:308EH         LINE#         275
  C:308EH         LINE#         276
  C:3098H         LINE#         277
  C:3098H         LINE#         278
  C:30A1H         LINE#         279
  C:30A1H         LINE#         280
  C:30B5H         LINE#         281
  C:30B5H         LINE#         282
  C:30B5H         LINE#         283
  C:30B5H         LINE#         284
  C:30B5H         LINE#         285
  C:30B7H         LINE#         287
  C:30B7H         LINE#         288
  C:30C3H         LINE#         289
  C:30C3H         LINE#         290
  C:30D4H         LINE#         291
BL51 BANKED LINKER/LOCATER V6.22                                                      03/28/2019  15:31:13  PAGE 27


  C:30D4H         LINE#         292
  C:30D4H         LINE#         293
  C:30D4H         LINE#         294
  C:30D4H         LINE#         296
  C:30D6H         LINE#         298
  C:30D6H         LINE#         299
  C:30E7H         LINE#         300
  C:30E7H         LINE#         301
  C:30E7H         LINE#         302
  C:30E7H         LINE#         303
  C:30E7H         LINE#         305
  C:30E7H         LINE#         307
  C:30E7H         LINE#         308
  C:30E9H         LINE#         310
  C:30E9H         LINE#         311
  C:30FCH         LINE#         312
  C:30FCH         LINE#         313
  C:310DH         LINE#         314
  C:310DH         LINE#         315
  C:310DH         LINE#         316
  C:310DH         LINE#         317
  C:310DH         LINE#         318
  C:310FH         LINE#         320
  C:310FH         LINE#         321
  C:3120H         LINE#         322
  C:3120H         LINE#         323
  C:3131H         LINE#         324
  C:3142H         LINE#         325
  C:3142H         LINE#         326
  C:3142H         LINE#         327
  C:3142H         LINE#         328
  C:3142H         LINE#         330
  C:315CH         LINE#         331
  C:315CH         LINE#         332
  C:3161H         LINE#         333
  C:3161H         LINE#         334
  C:3167H         LINE#         335
  C:3167H         LINE#         336
  C:316AH         LINE#         337
  C:316FH         LINE#         338
  C:3174H         LINE#         339
  C:3179H         LINE#         340
  C:317EH         LINE#         341
  C:3183H         LINE#         342
  C:3188H         LINE#         343
  C:318DH         LINE#         344
  C:318DH         LINE#         345
  C:318DH         LINE#         347
  C:31AFH         LINE#         348
  C:31AFH         LINE#         349
  C:31B9H         LINE#         350
  C:31B9H         LINE#         351
  C:31BEH         LINE#         352
  C:31C7H         LINE#         353
  C:31DEH         LINE#         354
  C:31DEH         LINE#         355
  C:31EEH         LINE#         357
BL51 BANKED LINKER/LOCATER V6.22                                                      03/28/2019  15:31:13  PAGE 28


  C:31EEH         LINE#         361
  -------         ENDPROC       KEY_PROCESS
  -------         PROC          KEYPAD_IO_INIT
  C:4E98H         LINE#         364
  C:4E98H         LINE#         365
  C:4E98H         LINE#         366
  C:4E9BH         LINE#         367
  C:4E9EH         LINE#         368
  C:4EA1H         LINE#         369
  C:4EA3H         LINE#         370
  -------         ENDPROC       KEYPAD_IO_INIT
  -------         ENDMOD        KEYPAD

  -------         MODULE        BIPOLARMOTOR
  C:0000H         SYMBOL        _ICE_DUMMY_
  D:0080H         PUBLIC        P0
  D:0090H         PUBLIC        P1
  X:0000H         PUBLIC        RX_pos_test
  D:00A0H         PUBLIC        P2
  D:00B0H         PUBLIC        P3
  D:00C0H         PUBLIC        P4
  D:00C8H         PUBLIC        P5
  D:00E8H         PUBLIC        P6
  D:00F8H         PUBLIC        P7
  X:00A0H         PUBLIC        low_date_azimuth_mapping
  D:00A8H         PUBLIC        IE
  C:4265H         PUBLIC        linear_interpolate
  C:4C58H         PUBLIC        _Move
  D:00B8H         PUBLIC        IP
  C:34E2H         PUBLIC        _findDet3x3
  C:31EFH         PUBLIC        _findDet4x4
  D:00D8H         PUBLIC        CCON
  X:00C8H         PUBLIC        previous_move_time
  D:0098H         PUBLIC        SCON
  D:0088H         PUBLIC        TCON
  C:4EC8H         PUBLIC        wait
  C:4B28H         PUBLIC        _Step_move
  X:00C9H         PUBLIC        dat
  C:1C07H         PUBLIC        _Update_position
  C:4A10H         PUBLIC        vOneStepMove
  X:00CFH         PUBLIC        elevation_stamp
  X:010BH         PUBLIC        date_azimuth_mapping
  X:0133H         PUBLIC        RX_pos
  C:4D6FH         PUBLIC        _BCDtoDec1
  X:038BH         PUBLIC        degree
  C:2261H         PUBLIC        _TheoricalJP_Position
  D:00D0H         PUBLIC        PSW
  -------         PROC          L?0063
  -------         ENDPROC       L?0063
  -------         PROC          _BCDTODEC1
  D:0007H         SYMBOL        bcd
  -------         DO            
  D:0006H         SYMBOL        hi
  D:0007H         SYMBOL        lo
  -------         ENDDO         
  C:4D6FH         LINE#         28
  C:4D6FH         LINE#         29
BL51 BANKED LINKER/LOCATER V6.22                                                      03/28/2019  15:31:13  PAGE 29


  C:4D6FH         LINE#         31
  C:4D74H         LINE#         32
  C:4D78H         LINE#         33
  C:4D7FH         LINE#         34
  -------         ENDPROC       _BCDTODEC1
  -------         PROC          WAIT
  C:4EC8H         LINE#         36
  C:4EC8H         LINE#         38
  -------         ENDPROC       WAIT
  -------         PROC          VONESTEPMOVE
  B:0020H.7       SYMBOL        bDir
  C:4A10H         LINE#         40
  C:4A10H         LINE#         41
  C:4A10H         LINE#         43
  C:4A16H         LINE#         44
  C:4A16H         LINE#         45
  C:4A19H         LINE#         46
  C:4A22H         LINE#         47
  C:4A29H         LINE#         48
  C:4A2EH         LINE#         49
  C:4A2EH         LINE#         50
  C:4A2EH         LINE#         52
  C:4A30H         LINE#         55
  C:4A30H         LINE#         56
  C:4A33H         LINE#         57
  C:4A3CH         LINE#         58
  C:4A43H         LINE#         59
  C:4A49H         LINE#         60
  C:4A52H         LINE#         61
  C:4A59H         LINE#         62
  C:4A59H         LINE#         66
  -------         ENDPROC       VONESTEPMOVE
  -------         PROC          _STEP_MOVE
  X:049AH         SYMBOL        step
  B:0020H.6       SYMBOL        dir
  -------         DO            
  X:049CH         SYMBOL        i
  -------         ENDDO         
  C:4B28H         LINE#         68
  C:4B30H         LINE#         69
  C:4B30H         LINE#         71
  C:4B35H         LINE#         74
  C:4B50H         LINE#         75
  C:4B50H         LINE#         76
  C:4B57H         LINE#         78
  C:4B67H         LINE#         80
  -------         ENDPROC       _STEP_MOVE
  -------         PROC          _MOVE
  X:0496H         SYMBOL        distance
  B:0020H.5       SYMBOL        direction
  -------         DO            
  D:0006H         SYMBOL        step
  -------         ENDDO         
  C:4C58H         LINE#         82
  C:4C5EH         LINE#         83
  C:4C5EH         LINE#         86
  C:4C79H         LINE#         87
BL51 BANKED LINKER/LOCATER V6.22                                                      03/28/2019  15:31:13  PAGE 30


  -------         ENDPROC       _MOVE
  C:34C3H         SYMBOL        L?0059
  C:34D7H         SYMBOL        L?0060
  -------         PROC          L?0058
  -------         ENDPROC       L?0058
  C:34C3H         SYMBOL        L?0059
  C:34D7H         SYMBOL        L?0060
  -------         PROC          _FINDDET3X3
  X:05BAH         SYMBOL        a11
  X:05BEH         SYMBOL        a12
  X:05C2H         SYMBOL        a13
  X:05C6H         SYMBOL        a21
  X:05CAH         SYMBOL        a22
  X:05CEH         SYMBOL        a23
  X:05D2H         SYMBOL        a31
  X:05D6H         SYMBOL        a32
  X:05DAH         SYMBOL        a33
  C:34E2H         LINE#         91
  C:34E8H         LINE#         95
  C:34E8H         LINE#         96
  C:367FH         LINE#         98
  -------         ENDPROC       _FINDDET3X3
  -------         PROC          _FINDDET4X4
  X:057AH         SYMBOL        a11
  X:057EH         SYMBOL        a12
  X:0582H         SYMBOL        a13
  X:0586H         SYMBOL        a14
  X:058AH         SYMBOL        a21
  X:058EH         SYMBOL        a22
  X:0592H         SYMBOL        a23
  X:0596H         SYMBOL        a24
  X:059AH         SYMBOL        a31
  X:059EH         SYMBOL        a32
  X:05A2H         SYMBOL        a33
  X:05A6H         SYMBOL        a34
  X:05AAH         SYMBOL        a41
  X:05AEH         SYMBOL        a42
  X:05B2H         SYMBOL        a43
  X:05B6H         SYMBOL        a44
  C:31EFH         LINE#         99
  C:31F5H         LINE#         103
  C:31F5H         LINE#         110
  C:34AEH         LINE#         114
  -------         ENDPROC       _FINDDET4X4
  C:4254H         SYMBOL        L?0062
  -------         PROC          L?0061
  -------         ENDPROC       L?0061
  C:4254H         SYMBOL        L?0062
  -------         PROC          LINEAR_INTERPOLATE
  X:048EH         SYMBOL        p1
  X:0496H         SYMBOL        p2
  X:049EH         SYMBOL        x
  -------         DO            
  D:0004H         SYMBOL        fx
  -------         ENDDO         
  C:4265H         LINE#         120
  C:4265H         LINE#         121
BL51 BANKED LINKER/LOCATER V6.22                                                      03/28/2019  15:31:13  PAGE 31


  C:4265H         LINE#         124
  C:4304H         LINE#         126
  C:4304H         LINE#         127
  -------         ENDPROC       LINEAR_INTERPOLATE
  -------         PROC          _THEORICALJP_POSITION
  X:0432H         SYMBOL        azimuth
  X:0436H         SYMBOL        elevation
  -------         DO            
  X:043AH         SYMBOL        pos_interpolate_azimuth
  X:0476H         SYMBOL        JP_pos
  X:047AH         SYMBOL        i
  X:047CH         SYMBOL        yy
  X:047EH         SYMBOL        p1
  X:0486H         SYMBOL        p2
  -------         ENDDO         
  C:2261H         LINE#         130
  C:2267H         LINE#         131
  C:2267H         LINE#         133
  C:2271H         LINE#         136
  C:228DH         LINE#         137
  C:228DH         LINE#         138
  C:22FDH         LINE#         139
  C:22FDH         LINE#         140
  C:2304H         LINE#         141
  C:2304H         LINE#         142
  C:2331H         LINE#         143
  C:234CH         LINE#         145
  C:2393H         LINE#         146
  C:23C7H         LINE#         148
  C:240DH         LINE#         149
  C:2432H         LINE#         151
  C:2432H         LINE#         153
  C:24A8H         LINE#         154
  C:24A8H         LINE#         155
  C:24AFH         LINE#         156
  C:24AFH         LINE#         157
  C:24DCH         LINE#         158
  C:24F7H         LINE#         160
  C:253EH         LINE#         161
  C:2572H         LINE#         163
  C:25B8H         LINE#         164
  C:25DAH         LINE#         166
  C:25DAH         LINE#         167
  C:25EEH         LINE#         170
  C:260AH         LINE#         171
  C:260AH         LINE#         172
  C:267AH         LINE#         173
  C:267AH         LINE#         174
  C:26A7H         LINE#         175
  C:26C2H         LINE#         177
  C:26EFH         LINE#         178
  C:270AH         LINE#         180
  C:273CH         LINE#         183
  C:273CH         LINE#         185
  C:274DH         LINE#         186
  C:275BH         LINE#         188
  -------         ENDPROC       _THEORICALJP_POSITION
BL51 BANKED LINKER/LOCATER V6.22                                                      03/28/2019  15:31:13  PAGE 32


  -------         PROC          _UPDATE_POSITION
  D:0001H         SYMBOL        mnths
  D:0002H         SYMBOL        dys
  X:03E1H         SYMBOL        hurs
  X:03E2H         SYMBOL        mns
  X:03E3H         SYMBOL        sconds
  X:03E4H         SYMBOL        currnt_pos
  X:03E7H         SYMBOL        offset_calib
  -------         DO            
  X:03EBH         SYMBOL        date
  X:03EDH         SYMBOL        i
  X:03EFH         SYMBOL        yy
  X:03F1H         SYMBOL        desired_distance
  X:03F5H         SYMBOL        distance
  X:03F9H         SYMBOL        JP_pos
  X:03FDH         SYMBOL        current_local_sun_time
  X:0401H         SYMBOL        azimuth
  X:0405H         SYMBOL        elevation
  X:0409H         SYMBOL        time_offset
  X:040DH         SYMBOL        UTC_time
  X:0411H         SYMBOL        declination
  X:0415H         SYMBOL        time
  X:0427H         SYMBOL        location
  X:042FH         SYMBOL        sunCoord
  -------         ENDDO         
  C:1C07H         LINE#         191
  C:1C10H         LINE#         194
  C:1C10H         LINE#         195
  C:1C1BH         LINE#         197
  C:1C37H         LINE#         198
  C:1C41H         LINE#         206
  C:1C4BH         LINE#         207
  C:1C55H         LINE#         208
  C:1C5FH         LINE#         209
  C:1C6AH         LINE#         210
  C:1C75H         LINE#         211
  C:1C8EH         LINE#         212
  C:1C9FH         LINE#         213
  C:1CAEH         LINE#         216
  C:1CC2H         LINE#         220
  C:1D14H         LINE#         221
  C:1E78H         LINE#         222
  C:1EC8H         LINE#         224
  C:1FF0H         LINE#         226
  C:20BFH         LINE#         233
  C:2106H         LINE#         234
  C:2106H         LINE#         236
  C:2131H         LINE#         237
  C:2160H         LINE#         239
  C:2185H         LINE#         240
  C:21EAH         LINE#         241
  C:21EAH         LINE#         242
  C:2204H         LINE#         243
  C:2216H         LINE#         244
  C:222EH         LINE#         245
  C:2244H         LINE#         247
  C:2260H         LINE#         248
BL51 BANKED LINKER/LOCATER V6.22                                                      03/28/2019  15:31:13  PAGE 33


  C:2260H         LINE#         249
  C:2260H         LINE#         252
  -------         ENDPROC       _UPDATE_POSITION
  -------         ENDMOD        BIPOLARMOTOR

  -------         MODULE        SUNPOS
  C:0000H         SYMBOL        _ICE_DUMMY_
  C:1465H         PUBLIC        sunpos
  -------         PROC          SUNPOS
  X:0432H         SYMBOL        udtTime
  X:0444H         SYMBOL        udtLocation
  X:044CH         SYMBOL        udtSunCoordinates
  -------         DO            
  X:044FH         SYMBOL        dElapsedJulianDays
  X:0453H         SYMBOL        dDecimalHours
  X:0457H         SYMBOL        dEclipticLongitude
  X:045BH         SYMBOL        dEclipticObliquity
  X:045FH         SYMBOL        dRightAscension
  X:0463H         SYMBOL        dDeclination
  X:0467H         SYMBOL        dY
  X:046BH         SYMBOL        dX
  -------         DO            
  X:046FH         SYMBOL        dJulianDate
  X:0473H         SYMBOL        liAux1
  X:0477H         SYMBOL        liAux2
  X:046FH         SYMBOL        dMeanLongitude
  X:0473H         SYMBOL        dMeanAnomaly
  X:0477H         SYMBOL        dOmega
  X:046FH         SYMBOL        dSin_EclipticLongitude
  X:046FH         SYMBOL        dGreenwichMeanSiderealTime
  X:0473H         SYMBOL        dLocalMeanSiderealTime
  X:0477H         SYMBOL        dLatitudeInRadians
  X:047BH         SYMBOL        dHourAngle
  X:047FH         SYMBOL        dCos_Latitude
  X:0483H         SYMBOL        dSin_Latitude
  X:0487H         SYMBOL        dCos_HourAngle
  X:048BH         SYMBOL        dParallax
  -------         ENDDO         
  -------         DO            
  X:046FH         SYMBOL        dMeanLongitude
  X:0473H         SYMBOL        dMeanAnomaly
  X:0477H         SYMBOL        dOmega
  X:046FH         SYMBOL        dSin_EclipticLongitude
  X:046FH         SYMBOL        dGreenwichMeanSiderealTime
  X:0473H         SYMBOL        dLocalMeanSiderealTime
  X:0477H         SYMBOL        dLatitudeInRadians
  X:047BH         SYMBOL        dHourAngle
  X:047FH         SYMBOL        dCos_Latitude
  X:0483H         SYMBOL        dSin_Latitude
  X:0487H         SYMBOL        dCos_HourAngle
  X:048BH         SYMBOL        dParallax
  -------         ENDDO         
  -------         DO            
  X:046FH         SYMBOL        dSin_EclipticLongitude
  X:046FH         SYMBOL        dGreenwichMeanSiderealTime
  X:0473H         SYMBOL        dLocalMeanSiderealTime
  X:0477H         SYMBOL        dLatitudeInRadians
BL51 BANKED LINKER/LOCATER V6.22                                                      03/28/2019  15:31:13  PAGE 34


  X:047BH         SYMBOL        dHourAngle
  X:047FH         SYMBOL        dCos_Latitude
  X:0483H         SYMBOL        dSin_Latitude
  X:0487H         SYMBOL        dCos_HourAngle
  X:048BH         SYMBOL        dParallax
  -------         ENDDO         
  -------         DO            
  X:046FH         SYMBOL        dGreenwichMeanSiderealTime
  X:0473H         SYMBOL        dLocalMeanSiderealTime
  X:0477H         SYMBOL        dLatitudeInRadians
  X:047BH         SYMBOL        dHourAngle
  X:047FH         SYMBOL        dCos_Latitude
  X:0483H         SYMBOL        dSin_Latitude
  X:0487H         SYMBOL        dCos_HourAngle
  X:048BH         SYMBOL        dParallax
  -------         ENDDO         
  -------         ENDDO         
  C:1465H         LINE#         6
  C:1465H         LINE#         7
  C:1465H         LINE#         9
  C:1465H         LINE#         27
  C:14AFH         LINE#         30
  C:14D0H         LINE#         31
  C:1617H         LINE#         34
  C:1663H         LINE#         36
  C:1682H         LINE#         37
  C:1682H         LINE#         42
  C:1682H         LINE#         46
  C:16B4H         LINE#         47
  C:16DEH         LINE#         48
  C:1708H         LINE#         49
  C:17B5H         LINE#         52
  C:1816H         LINE#         54
  C:1816H         LINE#         59
  C:1816H         LINE#         61
  C:182DH         LINE#         62
  C:1855H         LINE#         63
  C:186CH         LINE#         64
  C:1897H         LINE#         65
  C:18CEH         LINE#         66
  C:18F9H         LINE#         67
  C:18F9H         LINE#         70
[...]
  C:415AH         LINE#         153
  C:415CH         LINE#         154
  C:415FH         LINE#         155
  C:4166H         LINE#         157
  -------         ENDPROC       _AT25SF041_WRITE
BL51 BANKED LINKER/LOCATER V6.22                                                      03/28/2019  15:31:13  PAGE 46


  -------         PROC          _AT25SF041_READ
  D:0003H         SYMBOL        opcode
  X:05E8H         SYMBOL        addr
  -------         DO            
  X:05ECH         SYMBOL        dat
  X:05EDH         SYMBOL        i
  -------         ENDDO         
  C:3F55H         LINE#         159
  C:3F57H         LINE#         160
  C:3F57H         LINE#         161
  C:3F5CH         LINE#         163
  C:3F5EH         LINE#         164
  C:3F64H         LINE#         168
  C:3F69H         LINE#         169
  C:3F69H         LINE#         170
  C:3F6BH         LINE#         171
  C:3F6EH         LINE#         172
  C:3F72H         LINE#         173
  C:3F72H         LINE#         174
  C:3F74H         LINE#         175
  C:3F76H         LINE#         177
  C:3F76H         LINE#         178
  C:3F78H         LINE#         180
  C:3F78H         LINE#         181
  C:3F78H         LINE#         182
  C:3F78H         LINE#         183
  C:3F7BH         LINE#         184
  C:3F7FH         LINE#         187
  C:3F9EH         LINE#         189
  C:3FA5H         LINE#         190
  C:3FA5H         LINE#         191
  C:3FA7H         LINE#         192
  C:3FAAH         LINE#         193
  C:3FC6H         LINE#         194
  C:3FC6H         LINE#         195
  C:3FC8H         LINE#         196
  C:3FCAH         LINE#         198
  C:3FCAH         LINE#         199
  C:3FCCH         LINE#         201
  C:3FCCH         LINE#         202
  C:3FCCH         LINE#         203
  C:3FCCH         LINE#         204
  C:3FCFH         LINE#         205
  C:3FE8H         LINE#         207
  C:4007H         LINE#         210
  C:400EH         LINE#         212
  C:4010H         LINE#         213
  C:4017H         LINE#         215
  C:401EH         LINE#         216
  C:401EH         LINE#         217
  C:4025H         LINE#         218
  C:4025H         LINE#         219
  C:4028H         LINE#         220
  C:402AH         LINE#         221
  C:402DH         LINE#         223
  C:4030H         LINE#         224
  C:4030H         LINE#         226
BL51 BANKED LINKER/LOCATER V6.22                                                      03/28/2019  15:31:13  PAGE 47


  C:4034H         LINE#         227
  C:4034H         LINE#         233
  C:4053H         LINE#         236
  C:4055H         LINE#         237
  C:4058H         LINE#         238
  C:405FH         LINE#         240
  C:4064H         LINE#         242
  -------         ENDPROC       _AT25SF041_READ
  -------         PROC          UCREAD_STATUS_REGISTER_BYTE1
  -------         DO            
  D:0003H         SYMBOL        dat
  D:0001H         SYMBOL        opcode
  X:049EH         SYMBOL        count
  X:049FH         SYMBOL        i
  -------         ENDDO         
  C:4519H         LINE#         246
  C:4519H         LINE#         247
  C:4519H         LINE#         248
  C:451FH         LINE#         249
  C:4523H         LINE#         250
  C:4525H         LINE#         251
  C:4527H         LINE#         252
  C:452DH         LINE#         256
  C:4534H         LINE#         257
  C:4534H         LINE#         258
  C:4536H         LINE#         259
  C:4539H         LINE#         260
  C:453DH         LINE#         261
  C:453DH         LINE#         262
  C:453FH         LINE#         263
  C:4541H         LINE#         265
  C:4541H         LINE#         266
  C:4543H         LINE#         268
  C:4543H         LINE#         269
  C:4543H         LINE#         270
  C:4543H         LINE#         271
  C:4546H         LINE#         272
  C:454AH         LINE#         275
  C:4569H         LINE#         279
  C:4570H         LINE#         281
  C:4572H         LINE#         282
  C:4579H         LINE#         283
  C:4580H         LINE#         284
  C:4580H         LINE#         285
  C:4584H         LINE#         286
  C:4584H         LINE#         287
  C:4587H         LINE#         288
  C:4589H         LINE#         289
  C:458CH         LINE#         291
  C:458FH         LINE#         292
  C:458FH         LINE#         294
  C:4593H         LINE#         295
  C:4593H         LINE#         297
  C:45B2H         LINE#         301
  C:45B4H         LINE#         302
  C:45B7H         LINE#         303
  C:45B9H         LINE#         304
BL51 BANKED LINKER/LOCATER V6.22                                                      03/28/2019  15:31:13  PAGE 48


  -------         ENDPROC       UCREAD_STATUS_REGISTER_BYTE1
  -------         PROC          SPI_NOR_WRITE_DATA
  X:03BBH         SYMBOL        dat
  X:03C6H         SYMBOL        addr
  C:39C0H         LINE#         306
  C:39C0H         LINE#         307
  C:39C0H         LINE#         309
  C:39C3H         LINE#         311
  C:39DDH         LINE#         312
  C:39FBH         LINE#         314
  C:3A02H         LINE#         315
  C:3A05H         LINE#         317
  C:3A1FH         LINE#         318
  C:3A1FH         LINE#         319
  C:3A1FH         LINE#         322
  C:3A22H         LINE#         324
  C:3A3CH         LINE#         325
  C:3A3CH         LINE#         326
  C:3A3CH         LINE#         328
  C:3A3FH         LINE#         330
  C:3A59H         LINE#         331
  C:3A59H         LINE#         332
  C:3A59H         LINE#         334
  C:3A5CH         LINE#         336
  C:3A76H         LINE#         337
  C:3A76H         LINE#         338
  C:3A76H         LINE#         340
  C:3A79H         LINE#         342
  C:3A93H         LINE#         343
  C:3A93H         LINE#         344
  C:3A93H         LINE#         346
  C:3A96H         LINE#         348
  C:3AB0H         LINE#         349
  C:3AB0H         LINE#         350
  C:3AB0H         LINE#         352
  C:3AB3H         LINE#         354
  C:3ACDH         LINE#         355
  C:3ACDH         LINE#         356
  C:3ACDH         LINE#         358
  C:3AD0H         LINE#         360
  C:3AEAH         LINE#         361
  C:3AEAH         LINE#         362
  C:3AEAH         LINE#         364
  C:3AEDH         LINE#         366
  C:3B07H         LINE#         367
  C:3B07H         LINE#         368
  C:3B07H         LINE#         370
  C:3B0AH         LINE#         372
  C:3B24H         LINE#         373
  C:3B2BH         LINE#         374
  -------         ENDPROC       SPI_NOR_WRITE_DATA
  -------         ENDMOD        AT25SF041

  -------         MODULE        ?C_STARTUP
  C:46F3H         SEGMENT       ?C_C51STARTUP
  I:0022H         SEGMENT       ?STACK
  C:0000H         PUBLIC        ?C_STARTUP
BL51 BANKED LINKER/LOCATER V6.22                                                      03/28/2019  15:31:13  PAGE 49


  D:00E0H         SYMBOL        ACC
  D:00F0H         SYMBOL        B
  D:0083H         SYMBOL        DPH
  D:0082H         SYMBOL        DPL
  N:0000H         SYMBOL        IBPSTACK
  N:0100H         SYMBOL        IBPSTACKTOP
  N:0080H         SYMBOL        IDATALEN
  C:46F6H         SYMBOL        IDATALOOP
  N:0000H         SYMBOL        PBPSTACK
  N:0100H         SYMBOL        PBPSTACKTOP
  N:0000H         SYMBOL        PDATALEN
  N:0000H         SYMBOL        PDATASTART
  N:0000H         SYMBOL        PPAGE
  N:0000H         SYMBOL        PPAGEENABLE
  D:00A0H         SYMBOL        PPAGE_SFR
  D:0081H         SYMBOL        SP
  C:46F3H         SYMBOL        STARTUP1
  N:0000H         SYMBOL        XBPSTACK
  N:0000H         SYMBOL        XBPSTACKTOP
  N:0000H         SYMBOL        XDATALEN
  N:0000H         SYMBOL        XDATASTART
  C:0000H         LINE#         126
  C:46F3H         LINE#         133
  C:46F5H         LINE#         134
  C:46F6H         LINE#         135
  C:46F7H         LINE#         136
  C:46F9H         LINE#         185
  C:46FCH         LINE#         196
  -------         ENDMOD        ?C_STARTUP

  -------         MODULE        ?C?FPADD
  C:0AB6H         PUBLIC        ?C?FPADD
  C:0AB2H         PUBLIC        ?C?FPSUB
  -------         ENDMOD        ?C?FPADD

  -------         MODULE        ?C?FPMUL
  C:0BA7H         PUBLIC        ?C?FPMUL
  -------         ENDMOD        ?C?FPMUL

  -------         MODULE        ?C?FPDIV
  C:0CB0H         PUBLIC        ?C?FPDIV
  -------         ENDMOD        ?C?FPDIV

  -------         MODULE        ?C?FPCMP
  C:0D4FH         PUBLIC        ?C?FPCMP
  C:0D4DH         PUBLIC        ?C?FPCMP3
  -------         ENDMOD        ?C?FPCMP

  -------         MODULE        ?C?FPNEG
  C:0DC6H         PUBLIC        ?C?FPNEG
  -------         ENDMOD        ?C?FPNEG

  -------         MODULE        ?C?FCAST
  C:0DE1H         PUBLIC        ?C?FCASTC
  C:0DDCH         PUBLIC        ?C?FCASTI
  C:0DD7H         PUBLIC        ?C?FCASTL
  -------         ENDMOD        ?C?FCAST
BL51 BANKED LINKER/LOCATER V6.22                                                      03/28/2019  15:31:13  PAGE 50



  -------         MODULE        ?C?CASTF
  C:0E15H         PUBLIC        ?C?CASTF
  -------         ENDMOD        ?C?CASTF

  -------         MODULE        ATAN2
  X:048FH         PUBLIC        ?_atan2?BYTE
  C:45BAH         PUBLIC        _atan2
  -------         ENDMOD        ATAN2

  -------         MODULE        SIN
  C:3B91H         PUBLIC        _COS
  C:3BA7H         PUBLIC        _SIN
  C:3BE3H         PUBLIC        _TAN
  -------         ENDMOD        SIN

  -------         MODULE        ACOS
  C:4A5AH         PUBLIC        _ACOS
  -------         ENDMOD        ACOS

  -------         MODULE        ASIN
  C:4B68H         PUBLIC        _ASIN
  -------         ENDMOD        ASIN

  -------         MODULE        SQRT
  C:4471H         PUBLIC        _SQRT
  -------         ENDMOD        SQRT

  -------         MODULE        ATAN
  C:3E53H         PUBLIC        _ATAN
  -------         ENDMOD        ATAN

  -------         MODULE        ?C?COPY
  C:0FB3H         PUBLIC        ?C?COPY
  -------         ENDMOD        ?C?COPY

  -------         MODULE        ?C?CLDPTR
  C:0FD9H         PUBLIC        ?C?CLDPTR
  -------         ENDMOD        ?C?CLDPTR

  -------         MODULE        ?C?CLDOPTR
  C:0FF2H         PUBLIC        ?C?CLDOPTR
  -------         ENDMOD        ?C?CLDOPTR

  -------         MODULE        ?C?CSTPTR
  C:101FH         PUBLIC        ?C?CSTPTR
  -------         ENDMOD        ?C?CSTPTR

  -------         MODULE        ?C?IMUL
  C:1031H         PUBLIC        ?C?IMUL
  -------         ENDMOD        ?C?IMUL

  -------         MODULE        ?C?UIDIV
  C:1043H         PUBLIC        ?C?UIDIV
  -------         ENDMOD        ?C?UIDIV

  -------         MODULE        ?C?SIDIV
BL51 BANKED LINKER/LOCATER V6.22                                                      03/28/2019  15:31:13  PAGE 51


  C:1098H         PUBLIC        ?C?SIDIV
  -------         ENDMOD        ?C?SIDIV

  -------         MODULE        ?C?ILDIX
  C:10CEH         PUBLIC        ?C?ILDIX
  -------         ENDMOD        ?C?ILDIX

  -------         MODULE        ?C?ILDOPTR
  C:10E4H         PUBLIC        ?C?ILDOPTR
  -------         ENDMOD        ?C?ILDOPTR

  -------         MODULE        ?C?ISTPTR
  C:111CH         PUBLIC        ?C?ISTPTR
  -------         ENDMOD        ?C?ISTPTR

  -------         MODULE        ?C?LMUL
  C:113BH         PUBLIC        ?C?LMUL
  -------         ENDMOD        ?C?LMUL

  -------         MODULE        ?C?SLDIV
  C:4AA4H         PUBLIC        ?C?SLDIV
  -------         ENDMOD        ?C?SLDIV

  -------         MODULE        ?C?LNEG
  C:118AH         PUBLIC        ?C?LNEG
  -------         ENDMOD        ?C?LNEG

  -------         MODULE        ?C?ULCMP
  C:1198H         PUBLIC        ?C?ULCMP
  -------         ENDMOD        ?C?ULCMP

  -------         MODULE        ?C?LSHL
  C:11A9H         PUBLIC        ?C?LSHL
  -------         ENDMOD        ?C?LSHL

  -------         MODULE        ?C?LLDPTR
  C:11BCH         PUBLIC        ?C?LLDPTR
  -------         ENDMOD        ?C?LLDPTR

  -------         MODULE        ?C?LLDOPTR
  C:11DCH         PUBLIC        ?C?LLDOPTR
  -------         ENDMOD        ?C?LLDOPTR

  -------         MODULE        ?C?LSTPTR
  C:120CH         PUBLIC        ?C?LSTPTR
  -------         ENDMOD        ?C?LSTPTR

  -------         MODULE        ?C?LSTOPTR
  C:1226H         PUBLIC        ?C?LSTOPTR
  -------         ENDMOD        ?C?LSTOPTR

  -------         MODULE        ?C?LLDXDATA
  C:124AH         PUBLIC        ?C?LLDXDATA
  -------         ENDMOD        ?C?LLDXDATA

  -------         MODULE        ?C?LLDCODE
  C:1256H         PUBLIC        ?C?LLDCODE
BL51 BANKED LINKER/LOCATER V6.22                                                      03/28/2019  15:31:13  PAGE 52


  -------         ENDMOD        ?C?LLDCODE

  -------         MODULE        ?C?LLDXDATA0
  C:1266H         PUBLIC        ?C?LLDXDATA0
  -------         ENDMOD        ?C?LLDXDATA0

  -------         MODULE        ?C?LLDCODE0
  C:1272H         PUBLIC        ?C?LLDCODE0
  -------         ENDMOD        ?C?LLDCODE0

  -------         MODULE        ?C?LLDPTR0
  C:1282H         PUBLIC        ?C?LLDPTR0
  -------         ENDMOD        ?C?LLDPTR0

  -------         MODULE        ?C?LSTXDATA
  C:12A2H         PUBLIC        ?C?LSTXDATA
  -------         ENDMOD        ?C?LSTXDATA

  -------         MODULE        ?C?LSTKXDATA
  C:12AEH         PUBLIC        ?C?LSTKXDATA
  -------         ENDMOD        ?C?LSTKXDATA

  -------         MODULE        ?C?LSTKPTR
  C:12DFH         PUBLIC        ?C?LSTKPTR
  -------         ENDMOD        ?C?LSTKPTR

  -------         MODULE        ?C?OFFXADD
  C:12F9H         PUBLIC        ?C?OFFXADD
  -------         ENDMOD        ?C?OFFXADD

  -------         MODULE        ATOI
  C:4167H         PUBLIC        _atoi
  -------         ENDMOD        ATOI

  -------         MODULE        ?C?IILDX
  C:1305H         PUBLIC        ?C?IILDX
  -------         ENDMOD        ?C?IILDX

  -------         MODULE        ?C?ULDIV
  C:1357H         PUBLIC        ?C?ULDIV
  -------         ENDMOD        ?C?ULDIV

  -------         MODULE        ?C?LLDIDATA
  C:13E9H         PUBLIC        ?C?LLDIDATA
  -------         ENDMOD        ?C?LLDIDATA

  -------         MODULE        ?C?LLDPDATA
  C:13F5H         PUBLIC        ?C?LLDPDATA
  -------         ENDMOD        ?C?LLDPDATA

  -------         MODULE        ?C?LLDIDATA0
  C:1401H         PUBLIC        ?C?LLDIDATA0
  -------         ENDMOD        ?C?LLDIDATA0

  -------         MODULE        ?C?LLDPDATA0
  C:140EH         PUBLIC        ?C?LLDPDATA0
  -------         ENDMOD        ?C?LLDPDATA0
BL51 BANKED LINKER/LOCATER V6.22                                                      03/28/2019  15:31:13  PAGE 53



  -------         MODULE        ?C?LSTIDATA
  C:141BH         PUBLIC        ?C?LSTIDATA
  -------         ENDMOD        ?C?LSTIDATA

  -------         MODULE        ?C?LSTPDATA
  C:1427H         PUBLIC        ?C?LSTPDATA
  -------         ENDMOD        ?C?LSTPDATA

  -------         MODULE        ?C?LSTKIDATA
  C:1433H         PUBLIC        ?C?LSTKIDATA
  -------         ENDMOD        ?C?LSTKIDATA

  -------         MODULE        ?C?LSTKPDATA
  C:144CH         PUBLIC        ?C?LSTKPDATA
  -------         ENDMOD        ?C?LSTKPDATA

  -------         MODULE        ISDIGIT
  C:4E7CH         PUBLIC        _isdigit
  -------         ENDMOD        ISDIGIT

  -------         MODULE        ISSPACE
  C:4E17H         PUBLIC        _isspace
  -------         ENDMOD        ISSPACE

*** WARNING L16: UNCALLED SEGMENT, IGNORED FOR OVERLAY PROCESS
    SEGMENT: ?PR?_DAY_OF_YEAR?PCF85063BTL

*** WARNING L16: UNCALLED SEGMENT, IGNORED FOR OVERLAY PROCESS
    SEGMENT: ?PR?INITUART1?UART1

*** WARNING L16: UNCALLED SEGMENT, IGNORED FOR OVERLAY PROCESS
    SEGMENT: ?PR?_SENDSTRING?UART1

*** WARNING L16: UNCALLED SEGMENT, IGNORED FOR OVERLAY PROCESS
    SEGMENT: ?PR?_TEN?UART1

*** WARNING L16: UNCALLED SEGMENT, IGNORED FOR OVERLAY PROCESS
    SEGMENT: ?PR?_UNIT?UART1

*** WARNING L16: UNCALLED SEGMENT, IGNORED FOR OVERLAY PROCESS
    SEGMENT: ?PR?_DECTOBCD?UART1

*** WARNING L16: UNCALLED SEGMENT, IGNORED FOR OVERLAY PROCESS
    SEGMENT: ?PR?_ASCII_LETTER?UART1

*** WARNING L16: UNCALLED SEGMENT, IGNORED FOR OVERLAY PROCESS
    SEGMENT: ?PR?_ASCIITOBCD?UART1

*** WARNING L16: UNCALLED SEGMENT, IGNORED FOR OVERLAY PROCESS
    SEGMENT: ?PR?WAIT?BIPOLARMOTOR

*** WARNING L16: UNCALLED SEGMENT, IGNORED FOR OVERLAY PROCESS
    SEGMENT: ?PR?_FINDDET4X4?BIPOLARMOTOR

*** WARNING L16: UNCALLED SEGMENT, IGNORED FOR OVERLAY PROCESS
    SEGMENT: ?PR?NOP?IOEXPANDER_PI4IOE5V96248
BL51 BANKED LINKER/LOCATER V6.22                                                      03/28/2019  15:31:13  PAGE 54



*** WARNING L16: UNCALLED SEGMENT, IGNORED FOR OVERLAY PROCESS
    SEGMENT: ?PR?UC_ACK?IOEXPANDER_PI4IOE5V96248

*** WARNING L16: UNCALLED SEGMENT, IGNORED FOR OVERLAY PROCESS
    SEGMENT: ?PR?UC_NACK?IOEXPANDER_PI4IOE5V96248

*** WARNING L16: UNCALLED SEGMENT, IGNORED FOR OVERLAY PROCESS
    SEGMENT: ?PR?_AT25SF041_READ?AT25SF041

*** WARNING L1: UNRESOLVED EXTERNAL SYMBOL
    SYMBOL:  AUTO_MODE
    MODULE:  .\Obj\main.obj (MAIN)

*** WARNING L1: UNRESOLVED EXTERNAL SYMBOL
    SYMBOL:  SPI_NOR_CLEARENABLE
    MODULE:  .\Obj\main.obj (MAIN)

*** WARNING L2: REFERENCE MADE TO UNRESOLVED EXTERNAL
    SYMBOL:  AUTO_MODE
    MODULE:  .\Obj\main.obj (MAIN)
    ADDRESS: 003BH

*** WARNING L2: REFERENCE MADE TO UNRESOLVED EXTERNAL
    SYMBOL:  SPI_NOR_CLEARENABLE
    MODULE:  .\Obj\main.obj (MAIN)
    ADDRESS: 0041H

*** WARNING L2: REFERENCE MADE TO UNRESOLVED EXTERNAL
    SYMBOL:  AUTO_MODE
    MODULE:  .\Obj\main.obj (MAIN)
    ADDRESS: 01B4H

*** WARNING L2: REFERENCE MADE TO UNRESOLVED EXTERNAL
    SYMBOL:  AUTO_MODE
    MODULE:  .\Obj\main.obj (MAIN)
    ADDRESS: 01C2H

*** WARNING L2: REFERENCE MADE TO UNRESOLVED EXTERNAL
    SYMBOL:  AUTO_MODE
    MODULE:  .\Obj\main.obj (MAIN)
    ADDRESS: 01D4H

*** WARNING L2: REFERENCE MADE TO UNRESOLVED EXTERNAL
    SYMBOL:  AUTO_MODE
    MODULE:  .\Obj\main.obj (MAIN)
    ADDRESS: 0216H

*** WARNING L2: REFERENCE MADE TO UNRESOLVED EXTERNAL
    SYMBOL:  AUTO_MODE
    MODULE:  .\Obj\main.obj (MAIN)
    ADDRESS: 02E9H

*** WARNING L2: REFERENCE MADE TO UNRESOLVED EXTERNAL
    SYMBOL:  SPI_NOR_CLEARENABLE
    MODULE:  .\Obj\main.obj (MAIN)
    ADDRESS: 0A1AH
BL51 BANKED LINKER/LOCATER V6.22                                                      03/28/2019  15:31:13  PAGE 55



*** WARNING L2: REFERENCE MADE TO UNRESOLVED EXTERNAL
    SYMBOL:  SPI_NOR_CLEARENABLE
    MODULE:  .\Obj\main.obj (MAIN)
    ADDRESS: 0A83H

*** WARNING L1: UNRESOLVED EXTERNAL SYMBOL
    SYMBOL:  _SENDUART1
    MODULE:  .\Obj\UART1.obj (UART1)

*** WARNING L2: REFERENCE MADE TO UNRESOLVED EXTERNAL
    SYMBOL:  _SENDUART1
    MODULE:  .\Obj\UART1.obj (UART1)
    ADDRESS: 4BD1H

*** WARNING L1: UNRESOLVED EXTERNAL SYMBOL
    SYMBOL:  AUTO_MODE
    MODULE:  .\Obj\KeyPad.obj (KEYPAD)

*** WARNING L1: UNRESOLVED EXTERNAL SYMBOL
    SYMBOL:  SPI_NOR_CLEARENABLE
    MODULE:  .\Obj\KeyPad.obj (KEYPAD)

*** WARNING L2: REFERENCE MADE TO UNRESOLVED EXTERNAL
    SYMBOL:  AUTO_MODE
    MODULE:  .\Obj\KeyPad.obj (KEYPAD)
    ADDRESS: 2F77H

*** WARNING L2: REFERENCE MADE TO UNRESOLVED EXTERNAL
    SYMBOL:  AUTO_MODE
    MODULE:  .\Obj\KeyPad.obj (KEYPAD)
    ADDRESS: 2F82H

*** WARNING L2: REFERENCE MADE TO UNRESOLVED EXTERNAL
    SYMBOL:  AUTO_MODE
    MODULE:  .\Obj\KeyPad.obj (KEYPAD)
    ADDRESS: 2F89H

*** WARNING L2: REFERENCE MADE TO UNRESOLVED EXTERNAL
    SYMBOL:  SPI_NOR_CLEARENABLE
    MODULE:  .\Obj\KeyPad.obj (KEYPAD)
    ADDRESS: 315DH

*** WARNING L2: REFERENCE MADE TO UNRESOLVED EXTERNAL
    SYMBOL:  SPI_NOR_CLEARENABLE
    MODULE:  .\Obj\KeyPad.obj (KEYPAD)
    ADDRESS: 3162H

Program Size: data=10.2 xdata=1529 code=20170
LINK/LOCATE RUN COMPLETE.  34 WARNING(S),  0 ERROR(S)
