BL51 BANKED LINKER/LOCATER V6.22                                                        02/21/2019  14:47:02  PAGE 1


BL51 BANKED LINKER/LOCATER V6.22, INVOKED BY:
C:\KEIL_V5\C51\BIN\BL51.EXE .\Obj\main.obj, .\Obj\PCF85063BTL.obj, .\Obj\UART1.obj, .\Obj\LCd_Driver_SPLC780D.obj, .\Obj
>> \KeyPad.obj, .\Obj\BipolarMotor.obj, .\Obj\SunPos.obj, .\Obj\ADC.obj, .\Obj\Calibration.obj, .\Obj\IOExpander_PI4IOE5
>> V96248.obj, .\Obj\AT25SF041.obj, .\Obj\STARTUP.obj TO .\Obj\GPIO_RTC_Test PRINT (.\Lis\GPIO_RTC_Test.m51) RAMSIZE (25
>> 6)


MEMORY MODEL: LARGE WITH FLOATING POINT ARITHMETIC


INPUT MODULES INCLUDED:
  .\Obj\main.obj (MAIN)
  .\Obj\PCF85063BTL.obj (PCF85063BTL)
  .\Obj\UART1.obj (UART1)
  .\Obj\LCd_Driver_SPLC780D.obj (LCD_DRIVER_SPLC780D)
  .\Obj\KeyPad.obj (KEYPAD)
  .\Obj\BipolarMotor.obj (BIPOLARMOTOR)
  .\Obj\SunPos.obj (SUNPOS)
  .\Obj\ADC.obj (ADC)
  .\Obj\Calibration.obj (CALIBRATION)
  .\Obj\IOExpander_PI4IOE5V96248.obj (IOEXPANDER_PI4IOE5V96248)
  .\Obj\AT25SF041.obj (AT25SF041)
  .\Obj\STARTUP.obj (?C_STARTUP)
  C:\KEIL_V5\C51\LIB\C51FPL.LIB (?C?FPADD)
  C:\KEIL_V5\C51\LIB\C51FPL.LIB (?C?FPMUL)
  C:\KEIL_V5\C51\LIB\C51FPL.LIB (?C?FPDIV)
  C:\KEIL_V5\C51\LIB\C51FPL.LIB (?C?FPCMP)
  C:\KEIL_V5\C51\LIB\C51FPL.LIB (?C?FPNEG)
  C:\KEIL_V5\C51\LIB\C51FPL.LIB (?C?FCAST)
  C:\KEIL_V5\C51\LIB\C51FPL.LIB (?C?CASTF)
  C:\KEIL_V5\C51\LIB\C51FPL.LIB (ATAN2)
  C:\KEIL_V5\C51\LIB\C51FPL.LIB (SIN)
  C:\KEIL_V5\C51\LIB\C51FPL.LIB (ACOS)
  C:\KEIL_V5\C51\LIB\C51FPL.LIB (ASIN)
  C:\KEIL_V5\C51\LIB\C51FPL.LIB (?C?FPGETOPN)
  C:\KEIL_V5\C51\LIB\C51FPL.LIB (?C?FPSERIES)
  C:\KEIL_V5\C51\LIB\C51FPL.LIB (SQRT)
  C:\KEIL_V5\C51\LIB\C51FPL.LIB (ATAN)
  C:\KEIL_V5\C51\LIB\C51L.LIB (?C_INIT)
  C:\KEIL_V5\C51\LIB\C51L.LIB (?C?COPY)
  C:\KEIL_V5\C51\LIB\C51L.LIB (?C?CLDPTR)
  C:\KEIL_V5\C51\LIB\C51L.LIB (?C?CLDOPTR)
  C:\KEIL_V5\C51\LIB\C51L.LIB (?C?CSTPTR)
  C:\KEIL_V5\C51\LIB\C51L.LIB (?C?IMUL)
  C:\KEIL_V5\C51\LIB\C51L.LIB (?C?UIDIV)
  C:\KEIL_V5\C51\LIB\C51L.LIB (?C?SIDIV)
  C:\KEIL_V5\C51\LIB\C51L.LIB (?C?ILDIX)
  C:\KEIL_V5\C51\LIB\C51L.LIB (?C?ILDOPTR)
  C:\KEIL_V5\C51\LIB\C51L.LIB (?C?ISTPTR)
  C:\KEIL_V5\C51\LIB\C51L.LIB (?C?LMUL)
  C:\KEIL_V5\C51\LIB\C51L.LIB (?C?SLDIV)
  C:\KEIL_V5\C51\LIB\C51L.LIB (?C?LNEG)
  C:\KEIL_V5\C51\LIB\C51L.LIB (?C?ULCMP)
  C:\KEIL_V5\C51\LIB\C51L.LIB (?C?LSHL)
  C:\KEIL_V5\C51\LIB\C51L.LIB (?C?LLDPTR)
  C:\KEIL_V5\C51\LIB\C51L.LIB (?C?LLDOPTR)
  C:\KEIL_V5\C51\LIB\C51L.LIB (?C?LSTPTR)
  C:\KEIL_V5\C51\LIB\C51L.LIB (?C?LSTOPTR)
BL51 BANKED LINKER/LOCATER V6.22                                                      02/21/2019  14:47:02  PAGE 2


  C:\KEIL_V5\C51\LIB\C51L.LIB (?C?LLDXDATA)
  C:\KEIL_V5\C51\LIB\C51L.LIB (?C?LLDCODE)
  C:\KEIL_V5\C51\LIB\C51L.LIB (?C?LLDXDATA0)
  C:\KEIL_V5\C51\LIB\C51L.LIB (?C?LLDCODE0)
  C:\KEIL_V5\C51\LIB\C51L.LIB (?C?LLDPTR0)
  C:\KEIL_V5\C51\LIB\C51L.LIB (?C?LSTXDATA)
  C:\KEIL_V5\C51\LIB\C51L.LIB (?C?LSTKXDATA)
  C:\KEIL_V5\C51\LIB\C51L.LIB (?C?LSTKPTR)
  C:\KEIL_V5\C51\LIB\C51L.LIB (?C?OFFXADD)
  C:\KEIL_V5\C51\LIB\C51L.LIB (ABS)
  C:\KEIL_V5\C51\LIB\C51L.LIB (ATOI)
  C:\KEIL_V5\C51\LIB\C51L.LIB (?C?IILDX)
  C:\KEIL_V5\C51\LIB\C51L.LIB (?C?ULDIV)
  C:\KEIL_V5\C51\LIB\C51L.LIB (?C?LLDIDATA)
  C:\KEIL_V5\C51\LIB\C51L.LIB (?C?LLDPDATA)
  C:\KEIL_V5\C51\LIB\C51L.LIB (?C?LLDIDATA0)
  C:\KEIL_V5\C51\LIB\C51L.LIB (?C?LLDPDATA0)
  C:\KEIL_V5\C51\LIB\C51L.LIB (?C?LSTIDATA)
  C:\KEIL_V5\C51\LIB\C51L.LIB (?C?LSTPDATA)
  C:\KEIL_V5\C51\LIB\C51L.LIB (?C?LSTKIDATA)
  C:\KEIL_V5\C51\LIB\C51L.LIB (?C?LSTKPDATA)
  C:\KEIL_V5\C51\LIB\C51L.LIB (ISDIGIT)
  C:\KEIL_V5\C51\LIB\C51L.LIB (ISSPACE)


LINK MAP OF MODULE:  .\Obj\GPIO_RTC_Test (MAIN)


            TYPE    BASE      LENGTH    RELOCATION   SEGMENT NAME
            -----------------------------------------------------

            * * * * * * *   D A T A   M E M O R Y   * * * * * * *
            REG     0000H     0008H     ABSOLUTE     "REG BANK 0"
                    0008H     0018H                  *** GAP ***
            BIT     0020H.0   0000H.5   UNIT         ?BI?KEYPAD
            BIT     0020H.5   0000H.3   UNIT         _BIT_GROUP_
            BIT     0021H.0   0000H.1   UNIT         ?BI?MAIN
            BIT     0021H.1   0000H.1   UNIT         ?BI?_ATOI?ATOI
                    0021H.2   0000H.6                *** GAP ***
            IDATA   0022H     0001H     UNIT         ?STACK

            * * * * * * *  X D A T A   M E M O R Y  * * * * * * *
            XDATA   0000H     038FH     UNIT         ?XD?BIPOLARMOTOR
            XDATA   038FH     0152H     UNIT         _XDATA_GROUP_
            XDATA   04E1H     00D4H     UNIT         ?XD?MAIN
            XDATA   05B5H     0040H     UNIT         ?XD?_FINDDET4X4?BIPOLARMOTOR
            XDATA   05F5H     0024H     UNIT         ?XD?_FINDDET3X3?BIPOLARMOTOR
            XDATA   0619H     0009H     UNIT         ?XD?KEYPAD
            XDATA   0622H     0008H     UNIT         ?XD?_AT25SF041_READ?AT25SF041
            XDATA   062AH     0005H     UNIT         ?XD?_ATOI?ATOI
            XDATA   062FH     0004H     UNIT         ?XD?_DISPLAY_PROX?MAIN
            XDATA   0633H     0003H     UNIT         ?XD?_SENDSTRING?UART1
            XDATA   0636H     0001H     UNIT         ?XD?UC_ACK?IOEXPANDER_PI4IOE5V96248
            XDATA   0637H     0001H     UNIT         ?XD?UC_NACK?IOEXPANDER_PI4IOE5V96248

            * * * * * * *   C O D E   M E M O R Y   * * * * * * *
            CODE    0000H     0003H     ABSOLUTE     
BL51 BANKED LINKER/LOCATER V6.22                                                      02/21/2019  14:47:02  PAGE 3


            CODE    0003H     0006H     UNIT         ?PR?_TEN?UART1
            CODE    0009H     0001H     UNIT         ?PR?TM0_ISR?MAIN
            CODE    000AH     0001H     UNIT         ?PR?_DECTOBCD?UART1
            CODE    000BH     0003H     ABSOLUTE     
            CODE    000EH     0B00H     UNIT         ?PR?_UPDATE_POSITION?BIPOLARMOTOR
            CODE    0B0EH     09C8H     UNIT         ?PR?MAIN?MAIN
            CODE    14D6H     09B6H     UNIT         ?C?LIB_CODE
            CODE    1E8CH     07A2H     UNIT         ?PR?SUNPOS?SUNPOS
            CODE    262EH     03F2H     UNIT         ?C_INITSEG
            CODE    2A20H     0309H     UNIT         ?PR?_FIND_REAL_MAX?CALIBRATION
            CODE    2D29H     02C0H     UNIT         ?PR?_FINDDET4X4?BIPOLARMOTOR
            CODE    2FE9H     02A0H     UNIT         ?PR?KEY_PROCESS?KEYPAD
            CODE    3289H     01D1H     UNIT         ?PR?_FINDDET3X3?BIPOLARMOTOR
            CODE    345AH     018DH     UNIT         ?PR?KEY_SCAN?KEYPAD
            CODE    35E7H     0188H     UNIT         ?PR?SIN?SIN
            CODE    376FH     0178H     UNIT         ?PR?SPI_NOR_WRITE_DATA?AT25SF041
            CODE    38E7H     0172H     UNIT         ?PR?_DISPLAY_POS?MAIN
            CODE    3A59H     013CH     UNIT         ?PR?_CALIBRATION?CALIBRATION
            CODE    3B95H     0122H     UNIT         ?PR?ATAN?ATAN
            CODE    3CB7H     0106H     UNIT         ?PR?_AT25SF041_READ?AT25SF041
            CODE    3DBDH     00FBH     UNIT         ?PR?_AT25SF041_WRITE?AT25SF041
            CODE    3EB8H     00DBH     UNIT         ?PR?_ATOI?ATOI
            CODE    3F93H     00C3H     UNIT         ?PR?LINEAR_INTERPOLATE?BIPOLARMOTOR
            CODE    4056H     00BBH     UNIT         ?PR?VOLTAGE_IS_STABLE?CALIBRATION
            CODE    4111H     00ADH     UNIT         ?PR?_WRITE_PI4IOE5V96248?IOEXPANDER_PI4IOE5V96248
            CODE    41BEH     00ACH     UNIT         ?PR?SQRT?SQRT
            CODE    426AH     00A1H     UNIT         ?PR?READ_STATUS_REGISTER_BYTE1?AT25SF041
            CODE    430BH     009DH     UNIT         ?PR?_ATAN2?ATAN2
            CODE    43A8H     009CH     UNIT         ?PR?_MAX_VALUE?CALIBRATION
            CODE    4444H     0095H     UNIT         ?PR?_DISPLAY_PROX?MAIN
            CODE    44D9H     008CH     UNIT         ?C_C51STARTUP
            CODE    4565H     0084H     UNIT         ?PR?_DAY_OF_YEAR?PCF85063BTL
            CODE    45E9H     0075H     UNIT         ?PR?_WRITEDATA?LCD_DRIVER_SPLC780D
            CODE    465EH     006FH     UNIT         ?PR?_READ_TIME?PCF85063BTL
            CODE    46CDH     006EH     UNIT         ?PR?AT25SF041_WRITEENABLE?AT25SF041
            CODE    473BH     005AH     UNIT         ?PR?AT25SF041_CHIPERASE?AT25SF041
            CODE    4795H     0059H     UNIT         ?PR?LCD_INIT?LCD_DRIVER_SPLC780D
            CODE    47EEH     004AH     UNIT         ?PR?VONESTEPMOVE?BIPOLARMOTOR
            CODE    4838H     004AH     UNIT         ?PR?ACOS?ACOS
            CODE    4882H     0044H     UNIT         ?C?LDIV
            CODE    48C6H     0040H     UNIT         ?PR?_COMMAND?LCD_DRIVER_SPLC780D
            CODE    4906H     0040H     UNIT         ?PR?_STEP_MOVE?BIPOLARMOTOR
            CODE    4946H     003BH     UNIT         ?PR?ASIN?ASIN
            CODE    4981H     0033H     UNIT         ?PR?_SENDSTRING?UART1
            CODE    49B4H     002CH     UNIT         ?PR?_ADC_GETRESULT?ADC
            CODE    49E0H     002BH     UNIT         ?PR?_WAIT_MS_I2C?IOEXPANDER_PI4IOE5V96248
            CODE    4A0BH     002BH     UNIT         ?PR?_WAIT_MS_SPINOR?AT25SF041
            CODE    4A36H     0028H     UNIT         ?PR?_MOVE?BIPOLARMOTOR
            CODE    4A5EH     0027H     UNIT         ?PR?_I2C_SENDBYTE?IOEXPANDER_PI4IOE5V96248
            CODE    4A85H     0024H     UNIT         ?PR?_WAIT_MS?LCD_DRIVER_SPLC780D
            CODE    4AA9H     0020H     UNIT         ?PR?_SPI_SENDBYTE?PCF85063BTL
            CODE    4AC9H     0020H     UNIT         ?PR?SPI_RECEIVEBYTE?PCF85063BTL
            CODE    4AE9H     001FH     UNIT         ?PR?ADC_INIT?ADC
            CODE    4B08H     001EH     UNIT         ?PR?_DELAY_MS?KEYPAD
            CODE    4B26H     001DH     UNIT         ?PR?_DISPLAYLCD?LCD_DRIVER_SPLC780D
            CODE    4B43H     001BH     UNIT         ?PR?_BCDTODEC1?BIPOLARMOTOR
            CODE    4B5EH     0018H     UNIT         ?PR?_SPI_WRITETIME?PCF85063BTL
BL51 BANKED LINKER/LOCATER V6.22                                                      02/21/2019  14:47:02  PAGE 4


            CODE    4B76H     0017H     UNIT         ?PR?_ASCIITOBCD?UART1
            CODE    4B8DH     0016H     UNIT         ?PR?I2C_ACK?IOEXPANDER_PI4IOE5V96248
            CODE    4BA3H     0015H     UNIT         ?PR?_DISPLAY_LINE?LCD_DRIVER_SPLC780D
            CODE    4BB8H     0015H     UNIT         ?PR?I2C_STOP?IOEXPANDER_PI4IOE5V96248
            CODE    4BCDH     0014H     UNIT         ?PR?_PCF85063BTL_DELAY?PCF85063BTL
            CODE    4BE1H     0014H     UNIT         ?PR?_ISSPACE?ISSPACE
            CODE    4BF5H     0011H     UNIT         ?PR?_SPI_READTIME?PCF85063BTL
            CODE    4C06H     0011H     UNIT         ?PR?_BCDTODEC?PCF85063BTL
            CODE    4C17H     0011H     UNIT         ?PR?INITUART1?UART1
            CODE    4C28H     000FH     UNIT         ?PR?I2C_START?IOEXPANDER_PI4IOE5V96248
            CODE    4C37H     000FH     UNIT         ?PR?UC_NACK?IOEXPANDER_PI4IOE5V96248
            CODE    4C46H     000FH     UNIT         ?PR?_ISDIGIT?ISDIGIT
            CODE    4C55H     000DH     UNIT         ?PR?SPI_INIT?PCF85063BTL
            CODE    4C62H     000CH     UNIT         ?PR?KEYPAD_IO_INIT?KEYPAD
            CODE    4C6EH     000CH     UNIT         ?PR?_ABS?ABS
            CODE    4C7AH     000AH     UNIT         ?PR?LCD_RETURN_HOME?LCD_DRIVER_SPLC780D
            CODE    4C84H     000AH     UNIT         ?PR?LCD_CLEAR?LCD_DRIVER_SPLC780D
            CODE    4C8EH     0006H     UNIT         ?PR?UC_ACK?IOEXPANDER_PI4IOE5V96248
            CODE    4C94H     0005H     UNIT         ?PR?_UNIT?UART1
            CODE    4C99H     0005H     UNIT         ?PR?_ASCII_LETTER?UART1
            CODE    4C9EH     0001H     UNIT         ?PR?WAIT?BIPOLARMOTOR
            CODE    4C9FH     0001H     UNIT         ?PR?NOP?IOEXPANDER_PI4IOE5V96248



OVERLAY MAP OF MODULE:   .\Obj\GPIO_RTC_Test (MAIN)


SEGMENT                                             BIT_GROUP          XDATA_GROUP
  +--> CALLED SEGMENT                            START    LENGTH     START    LENGTH
------------------------------------------------------------------------------------
?C_C51STARTUP                                    -----    -----      -----    -----
  +--> ?PR?MAIN?MAIN
  +--> ?C_INITSEG

?PR?MAIN?MAIN                                    -----    -----      038FH    0031H
  +--> ?PR?LCD_INIT?LCD_DRIVER_SPLC780D
  +--> ?PR?SPI_INIT?PCF85063BTL
  +--> ?PR?KEYPAD_IO_INIT?KEYPAD
  +--> ?PR?ADC_INIT?ADC
  +--> ?PR?_SPI_WRITETIME?PCF85063BTL
  +--> ?PR?_DELAY_MS?KEYPAD
  +--> ?PR?_DISPLAY_LINE?LCD_DRIVER_SPLC780D
  +--> ?PR?_WRITEDATA?LCD_DRIVER_SPLC780D
  +--> ?PR?KEY_PROCESS?KEYPAD
  +--> ?PR?_COMMAND?LCD_DRIVER_SPLC780D
  +--> ?PR?_DISPLAY_POS?MAIN
  +--> ?PR?_DISPLAYLCD?LCD_DRIVER_SPLC780D
  +--> ?PR?_STEP_MOVE?BIPOLARMOTOR
  +--> ?PR?LCD_RETURN_HOME?LCD_DRIVER_SPLC780D
  +--> ?PR?_READ_TIME?PCF85063BTL
  +--> ?PR?_ADC_GETRESULT?ADC
  +--> ?PR?_BCDTODEC1?BIPOLARMOTOR
  +--> ?PR?_CALIBRATION?CALIBRATION
  +--> ?PR?SPI_NOR_WRITE_DATA?AT25SF041
  +--> ?PR?LINEAR_INTERPOLATE?BIPOLARMOTOR
  +--> ?PR?_UPDATE_POSITION?BIPOLARMOTOR
BL51 BANKED LINKER/LOCATER V6.22                                                      02/21/2019  14:47:02  PAGE 5



?PR?LCD_INIT?LCD_DRIVER_SPLC780D                 -----    -----      -----    -----
  +--> ?PR?_WAIT_MS?LCD_DRIVER_SPLC780D
  +--> ?PR?_COMMAND?LCD_DRIVER_SPLC780D

?PR?_COMMAND?LCD_DRIVER_SPLC780D                 -----    -----      -----    -----
  +--> ?PR?_WAIT_MS?LCD_DRIVER_SPLC780D

?PR?ADC_INIT?ADC                                 -----    -----      -----    -----
  +--> ?PR?_WAIT_MS?LCD_DRIVER_SPLC780D

?PR?_SPI_WRITETIME?PCF85063BTL                   -----    -----      -----    -----
  +--> ?PR?_SPI_SENDBYTE?PCF85063BTL

?PR?_SPI_SENDBYTE?PCF85063BTL                    -----    -----      -----    -----
  +--> ?PR?_PCF85063BTL_DELAY?PCF85063BTL

?PR?_DISPLAY_LINE?LCD_DRIVER_SPLC780D            -----    -----      -----    -----
  +--> ?PR?_COMMAND?LCD_DRIVER_SPLC780D

?PR?_WRITEDATA?LCD_DRIVER_SPLC780D               -----    -----      046DH    0001H
  +--> ?PR?_WAIT_MS?LCD_DRIVER_SPLC780D

?PR?KEY_PROCESS?KEYPAD                           -----    -----      03C0H    0006H
  +--> ?PR?KEY_SCAN?KEYPAD
  +--> ?PR?_SPI_WRITETIME?PCF85063BTL
  +--> ?PR?LCD_CLEAR?LCD_DRIVER_SPLC780D
  +--> ?PR?_COMMAND?LCD_DRIVER_SPLC780D
  +--> ?PR?_WRITEDATA?LCD_DRIVER_SPLC780D

?PR?KEY_SCAN?KEYPAD                              -----    -----      03C6H    0003H

?PR?LCD_CLEAR?LCD_DRIVER_SPLC780D                -----    -----      -----    -----
  +--> ?PR?_COMMAND?LCD_DRIVER_SPLC780D

?PR?_DISPLAY_POS?MAIN                            -----    -----      0463H    000AH
  +--> ?PR?_ABS?ABS
  +--> ?PR?_WRITEDATA?LCD_DRIVER_SPLC780D

?PR?_DISPLAYLCD?LCD_DRIVER_SPLC780D              -----    -----      03C0H    0001H
  +--> ?PR?_WRITEDATA?LCD_DRIVER_SPLC780D

?PR?_STEP_MOVE?BIPOLARMOTOR                      0020H.6  0000H.1    047CH    0004H
  +--> ?PR?VONESTEPMOVE?BIPOLARMOTOR

?PR?VONESTEPMOVE?BIPOLARMOTOR                    0020H.7  0000H.1    -----    -----
  +--> ?PR?_WRITE_PI4IOE5V96248?IOEXPANDER_P...
  +--> ?PR?_DELAY_MS?KEYPAD

?PR?_WRITE_PI4IOE5V96248?IOEXPANDER_P...         -----    -----      0480H    0003H
  +--> ?PR?I2C_START?IOEXPANDER_PI4IOE5V96248
  +--> ?PR?_WAIT_MS_I2C?IOEXPANDER_PI4IOE5V9...
  +--> ?PR?_I2C_SENDBYTE?IOEXPANDER_PI4IOE5V...
  +--> ?PR?I2C_ACK?IOEXPANDER_PI4IOE5V96248
  +--> ?PR?I2C_STOP?IOEXPANDER_PI4IOE5V96248

?PR?I2C_START?IOEXPANDER_PI4IOE5V96248           -----    -----      -----    -----
BL51 BANKED LINKER/LOCATER V6.22                                                      02/21/2019  14:47:02  PAGE 6


  +--> ?PR?_WAIT_MS_I2C?IOEXPANDER_PI4IOE5V9...

?PR?_I2C_SENDBYTE?IOEXPANDER_PI4IOE5V...         -----    -----      -----    -----
  +--> ?PR?_WAIT_MS_I2C?IOEXPANDER_PI4IOE5V9...

?PR?I2C_ACK?IOEXPANDER_PI4IOE5V96248             -----    -----      0483H    0001H
  +--> ?PR?_WAIT_MS_I2C?IOEXPANDER_PI4IOE5V9...

?PR?I2C_STOP?IOEXPANDER_PI4IOE5V96248            -----    -----      -----    -----
  +--> ?PR?_WAIT_MS_I2C?IOEXPANDER_PI4IOE5V9...

?PR?LCD_RETURN_HOME?LCD_DRIVER_SPLC780D          -----    -----      -----    -----
  +--> ?PR?_COMMAND?LCD_DRIVER_SPLC780D

?PR?_READ_TIME?PCF85063BTL                       -----    -----      03C0H    000FH
  +--> ?PR?_SPI_READTIME?PCF85063BTL

?PR?_SPI_READTIME?PCF85063BTL                    -----    -----      -----    -----
  +--> ?PR?_SPI_SENDBYTE?PCF85063BTL
  +--> ?PR?SPI_RECEIVEBYTE?PCF85063BTL

?PR?SPI_RECEIVEBYTE?PCF85063BTL                  -----    -----      -----    -----
  +--> ?PR?_PCF85063BTL_DELAY?PCF85063BTL

?PR?_CALIBRATION?CALIBRATION                     -----    -----      03C0H    0019H
  +--> ?PR?VOLTAGE_IS_STABLE?CALIBRATION
  +--> ?PR?_UPDATE_POSITION?BIPOLARMOTOR
  +--> ?PR?_FIND_REAL_MAX?CALIBRATION

?PR?VOLTAGE_IS_STABLE?CALIBRATION                -----    -----      03D9H    0018H
  +--> ?PR?_ADC_GETRESULT?ADC
  +--> ?PR?_ABS?ABS

?PR?_UPDATE_POSITION?BIPOLARMOTOR                -----    -----      03D9H    009FH
  +--> ?PR?_BCDTODEC1?BIPOLARMOTOR
  +--> ?PR?SUNPOS?SUNPOS
  +--> ?PR?SIN?SIN
  +--> ?PR?ASIN?ASIN
  +--> ?PR?LINEAR_INTERPOLATE?BIPOLARMOTOR
  +--> ?PR?_ABS?ABS
  +--> ?PR?_MOVE?BIPOLARMOTOR

?PR?SUNPOS?SUNPOS                                -----    -----      0478H    005DH
  +--> ?PR?SIN?SIN
  +--> ?PR?_ATAN2?ATAN2
  +--> ?PR?ASIN?ASIN
  +--> ?PR?ACOS?ACOS

?PR?SIN?SIN                                      0020H.5  0000H.1    04D5H    0004H

?PR?_ATAN2?ATAN2                                 -----    -----      04D5H    0008H
  +--> ?PR?ATAN?ATAN

?PR?ATAN?ATAN                                    0020H.5  0000H.2    04DDH    0004H

?PR?ASIN?ASIN                                    -----    -----      -----    -----
  +--> ?PR?SQRT?SQRT
BL51 BANKED LINKER/LOCATER V6.22                                                      02/21/2019  14:47:02  PAGE 7


  +--> ?PR?ATAN?ATAN

?PR?SQRT?SQRT                                    -----    -----      04D5H    0004H

?PR?ACOS?ACOS                                    -----    -----      -----    -----
  +--> ?PR?SQRT?SQRT
  +--> ?PR?ATAN?ATAN

?PR?LINEAR_INTERPOLATE?BIPOLARMOTOR              -----    -----      0478H    0014H

?PR?_MOVE?BIPOLARMOTOR                           0020H.5  0000H.1    0478H    0004H
  +--> ?PR?_STEP_MOVE?BIPOLARMOTOR

?PR?_FIND_REAL_MAX?CALIBRATION                   -----    -----      03D9H    008AH
  +--> ?PR?_ADC_GETRESULT?ADC
  +--> ?PR?_MOVE?BIPOLARMOTOR
  +--> ?PR?_COMMAND?LCD_DRIVER_SPLC780D
  +--> ?PR?_WRITEDATA?LCD_DRIVER_SPLC780D
  +--> ?PR?_DISPLAY_POS?MAIN
  +--> ?PR?_WAIT_MS?LCD_DRIVER_SPLC780D
  +--> ?PR?_MAX_VALUE?CALIBRATION

?PR?_MAX_VALUE?CALIBRATION                       -----    -----      0463H    0004H

?PR?SPI_NOR_WRITE_DATA?AT25SF041                 -----    -----      03C0H    000FH
  +--> ?PR?AT25SF041_WRITEENABLE?AT25SF041
  +--> ?PR?_WAIT_MS_SPINOR?AT25SF041
  +--> ?PR?AT25SF041_CHIPERASE?AT25SF041
  +--> ?PR?_AT25SF041_WRITE?AT25SF041

?PR?AT25SF041_WRITEENABLE?AT25SF041              -----    -----      03CFH    0002H
  +--> ?PR?_WAIT_MS_SPINOR?AT25SF041

?PR?AT25SF041_CHIPERASE?AT25SF041                -----    -----      03CFH    0002H
  +--> ?PR?_WAIT_MS_SPINOR?AT25SF041
  +--> ?PR?READ_STATUS_REGISTER_BYTE1?AT25SF041

?PR?READ_STATUS_REGISTER_BYTE1?AT25SF041         -----    -----      03D1H    0003H
  +--> ?PR?_WAIT_MS_SPINOR?AT25SF041

?PR?_AT25SF041_WRITE?AT25SF041                   -----    -----      03CFH    0008H
  +--> ?PR?_WAIT_MS_SPINOR?AT25SF041



UNRESOLVED EXTERNAL SYMBOLS:
   AUTO_MODE
   _SENDUART1



SYMBOL TABLE OF MODULE:  .\Obj\GPIO_RTC_Test (MAIN)

  VALUE           TYPE          NAME
  ----------------------------------

  -------         MODULE        MAIN
BL51 BANKED LINKER/LOCATER V6.22                                                      02/21/2019  14:47:02  PAGE 8


  C:0000H         SYMBOL        _ICE_DUMMY_
  X:04E9H         PUBLIC        calib_value
  D:0080H         PUBLIC        P0
  D:00B2H         PUBLIC        P3M0
  D:0090H         PUBLIC        P1
  D:00B1H         PUBLIC        P3M1
  D:00A0H         PUBLIC        P2
  D:00B0H         PUBLIC        P3
  D:00C0H         PUBLIC        P4
  D:00C8H         PUBLIC        P5
  X:053DH         SYMBOL        PressedKey
  B:00A8H.7       PUBLIC        EA
  D:00E8H         PUBLIC        P6
  X:0541H         PUBLIC        calib_stamp
  D:00F8H         PUBLIC        P7
  X:0542H         PUBLIC        RX_Data_Uart_Cnt
  D:00A8H         PUBLIC        IE
  X:0544H         PUBLIC        calib_time
  D:00B8H         PUBLIC        IP
  X:0598H         PUBLIC        months
  D:00D8H         PUBLIC        CCON
  C:0B0EH         PUBLIC        main
  X:0599H         PUBLIC        count
  X:059BH         PUBLIC        days
  X:059CH         PUBLIC        hours
  D:0098H         PUBLIC        SCON
  D:0089H         PUBLIC        TMOD
  D:0088H         PUBLIC        TCON
  B:00A0H.3       PUBLIC        P23
  X:059DH         SYMBOL        KeyCount
  X:059FH         PUBLIC        mins
  X:05A0H         PUBLIC        Rec_data_hour
  B:00C8H.5       PUBLIC        P55
  X:05A3H         PUBLIC        Rec_data_min
  D:008EH         PUBLIC        AUXR
  C:0009H         PUBLIC        tm0_isr
  B:0021H.0       PUBLIC        busy
  B:00A8H.1       PUBLIC        ET0
  D:008CH         PUBLIC        TH0
  X:05A6H         PUBLIC        hour_count
  D:008AH         PUBLIC        TL0
  X:05A7H         PUBLIC        min_count
  B:0088H.4       PUBLIC        TR0
  X:05A8H         SYMBOL        KeyNum
  X:05A9H         SYMBOL        KeyNum_Old
  X:05AAH         PUBLIC        current_position
  X:05AEH         PUBLIC        hours1
  X:05AFH         PUBLIC        hours2
  C:4444H         PUBLIC        _Display_Prox
  X:05B0H         PUBLIC        mins1
  X:05B1H         PUBLIC        mins2
  C:38E7H         PUBLIC        _Display_Pos
  X:05B2H         PUBLIC        seconds
  X:05B3H         PUBLIC        st_time
  D:00D0H         PUBLIC        PSW
  -------         PROC          TM0_ISR
  C:0009H         LINE#         85
BL51 BANKED LINKER/LOCATER V6.22                                                      02/21/2019  14:47:02  PAGE 9


  C:0009H         LINE#         87
  -------         ENDPROC       TM0_ISR
  -------         PROC          MAIN
  -------         DO            
  X:038FH         SYMBOL        sunlight_ADC
  X:04E1H         SYMBOL        KeyCount
  X:04E3H         SYMBOL        KeyNum_Old
  X:04E4H         SYMBOL        KeyNum
  X:04E5H         SYMBOL        PressedKey
  X:0391H         SYMBOL        prox_flag
  X:0392H         SYMBOL        iUse_prevday_calib_value
  X:0394H         SYMBOL        max_ADC_Val
  X:0396H         SYMBOL        max_ADC_Val_JP
  X:0398H         SYMBOL        calib_point1
  X:03A0H         SYMBOL        calib_point2
  X:03A8H         SYMBOL        dat_to_store
  X:03B4H         SYMBOL        calib_day
  X:03B6H         SYMBOL        calib_count
  X:03B8H         SYMBOL        theorical_JP_max_pos
  X:03BCH         SYMBOL        SPI_NOR_INTERNAL_FLASH_ADDR
  -------         ENDDO         
  C:0B0EH         LINE#         89
  C:0B0EH         LINE#         90
  C:0B0EH         LINE#         95
  C:0B14H         LINE#         96
  C:0B1DH         LINE#         100
  C:0B23H         LINE#         101
  C:0B2DH         LINE#         102
  C:0B37H         LINE#         106
  C:0B39H         LINE#         107
  C:0B3BH         LINE#         108
  C:0B3DH         LINE#         109
  C:0B3FH         LINE#         111
  C:0B46H         LINE#         120
  C:0B48H         LINE#         121
  C:0B4BH         LINE#         122
  C:0B4EH         LINE#         123
  C:0B51H         LINE#         124
  C:0B54H         LINE#         125
  C:0B57H         LINE#         128
  C:0B5AH         LINE#         130
  C:0B5DH         LINE#         131
  C:0B60H         LINE#         132
  C:0B63H         LINE#         133
  C:0B65H         LINE#         134
  C:0B67H         LINE#         135
  C:0B69H         LINE#         137
  C:0B6BH         LINE#         138
  C:0B72H         LINE#         139
  C:0B79H         LINE#         140
  C:0B80H         LINE#         141
  C:0B87H         LINE#         145
  C:0B8EH         LINE#         146
  C:0B93H         LINE#         147
  C:0B98H         LINE#         148
  C:0B9DH         LINE#         149
  C:0BA2H         LINE#         150
BL51 BANKED LINKER/LOCATER V6.22                                                      02/21/2019  14:47:02  PAGE 10


  C:0BA7H         LINE#         153
  C:0BC0H         LINE#         154
  C:0BC0H         LINE#         155
  C:0BDCH         LINE#         156
  C:0C23H         LINE#         157
  C:0C34H         LINE#         158
  C:0C34H         LINE#         159
  C:0C34H         LINE#         160
  C:0C37H         LINE#         163
  C:0C37H         LINE#         166
  C:0C3CH         LINE#         167
  C:0C41H         LINE#         169
  C:0C46H         LINE#         170
  C:0C4BH         LINE#         171
  C:0C50H         LINE#         172
  C:0C55H         LINE#         174
  C:0C66H         LINE#         175
  C:0C6BH         LINE#         176
  C:0C70H         LINE#         178
  C:0C77H         LINE#         179
  C:0C7FH         LINE#         180
  C:0C84H         LINE#         181
  C:0C8CH         LINE#         182
  C:0C91H         LINE#         183
  C:0C9BH         LINE#         184
  C:0CA0H         LINE#         185
  C:0CA8H         LINE#         187
  C:0CB0H         LINE#         188
  C:0CB5H         LINE#         189
  C:0CBFH         LINE#         190
  C:0CBFH         LINE#         191
  C:0CC1H         LINE#         192
  C:0CC3H         LINE#         193
  C:0CCDH         LINE#         194
  C:0CCDH         LINE#         195
  C:0CD2H         LINE#         196
  C:0CD2H         LINE#         208
  C:0CDFH         LINE#         209
  C:0CDFH         LINE#         210
  C:0CE9H         LINE#         211
  C:0D00H         LINE#         212
  C:0D00H         LINE#         213
  C:0D02H         LINE#         214
  C:0D04H         LINE#         216
  C:0D04H         LINE#         217
  C:0D0FH         LINE#         218
  C:0D0FH         LINE#         219
  C:0D14H         LINE#         220
  C:0D14H         LINE#         221
  C:0D21H         LINE#         222
  C:0D21H         LINE#         225
  C:0D2BH         LINE#         226
  C:0D42H         LINE#         227
  C:0D42H         LINE#         228
  C:0D44H         LINE#         229
  C:0D46H         LINE#         231
  C:0D46H         LINE#         232
BL51 BANKED LINKER/LOCATER V6.22                                                      02/21/2019  14:47:02  PAGE 11


  C:0D51H         LINE#         233
  C:0D51H         LINE#         234
  C:0D56H         LINE#         235
  C:0D58H         LINE#         236
  C:0D58H         LINE#         245
  C:0D7AH         LINE#         246
  C:0D7AH         LINE#         247
  C:0D84H         LINE#         248
  C:0D8AH         LINE#         249
  C:0D8CH         LINE#         250
  C:0D8EH         LINE#         251
  C:0D90H         LINE#         252
  C:0D90H         LINE#         253
  C:0D93H         LINE#         255
  C:0D93H         LINE#         256
  C:0D99H         LINE#         257
  C:0DA1H         LINE#         258
  C:0DA7H         LINE#         259
  C:0DAFH         LINE#         260
  C:0DEAH         LINE#         264
  C:0DF7H         LINE#         265
  C:0DF7H         LINE#         266
  C:0E04H         LINE#         267
  C:0E37H         LINE#         268
  C:0E44H         LINE#         269
  C:0E44H         LINE#         271
  C:0E73H         LINE#         272
  C:0E73H         LINE#         273
  C:0E95H         LINE#         274
  C:0E95H         LINE#         275
  C:0F11H         LINE#         276
  C:0F7BH         LINE#         280
  C:0F7BH         LINE#         281
  C:0F7BH         LINE#         282
  C:0F7BH         LINE#         284
  C:0F7BH         LINE#         285
  C:0F7BH         LINE#         286
  C:0F7BH         LINE#         288
  C:0F7BH         LINE#         289
  C:0F7BH         LINE#         290
  C:0F7BH         LINE#         292
  C:0F7BH         LINE#         293
  C:0F7BH         LINE#         294
  C:0F7BH         LINE#         295
  C:0F7EH         LINE#         296
  C:0F8FH         LINE#         297
  C:0F8FH         LINE#         298
  C:0F8FH         LINE#         300
  C:0F8FH         LINE#         303
  C:0F92H         LINE#         305
  C:0F92H         LINE#         306
  C:0FB4H         LINE#         307
  C:0FB4H         LINE#         308
  C:1030H         LINE#         309
  C:1085H         LINE#         310
  C:1085H         LINE#         311
  C:1085H         LINE#         312
BL51 BANKED LINKER/LOCATER V6.22                                                      02/21/2019  14:47:02  PAGE 12


  C:1088H         LINE#         316
  C:1088H         LINE#         319
  C:10BCH         LINE#         320
  C:10BCH         LINE#         321
  C:10DEH         LINE#         322
  C:10DEH         LINE#         323
  C:115AH         LINE#         324
  C:11D8H         LINE#         328
  C:11E0H         LINE#         329
  C:11E8H         LINE#         330
  C:11F0H         LINE#         332
  C:11F8H         LINE#         333
  C:1201H         LINE#         334
  C:1217H         LINE#         336
  C:1246H         LINE#         337
  C:1255H         LINE#         338
  C:125EH         LINE#         340
  C:1274H         LINE#         341
  C:12A3H         LINE#         342
  C:12C7H         LINE#         344
  C:12CAH         LINE#         345
  C:12DBH         LINE#         346
  C:12DBH         LINE#         347
  C:12E3H         LINE#         349
  C:12E3H         LINE#         352
  C:12E6H         LINE#         354
  C:12E6H         LINE#         356
  C:1308H         LINE#         357
  C:1308H         LINE#         358
  C:1384H         LINE#         360
  C:13B1H         LINE#         361
  C:13CCH         LINE#         362
  C:13F9H         LINE#         363
  C:1414H         LINE#         365
  C:14B0H         LINE#         368
  C:14B0H         LINE#         369
  C:14B0H         LINE#         370
  C:14B0H         LINE#         372
  C:14B0H         LINE#         375
  C:14CCH         LINE#         376
  C:14D1H         LINE#         378
  C:14D3H         LINE#         379
  -------         ENDPROC       MAIN
  -------         PROC          _DISPLAY_PROX
  D:0002H         SYMBOL        dat
  -------         DO            
  X:062FH         SYMBOL        unit
  X:0630H         SYMBOL        ten
  X:0631H         SYMBOL        hundred
  X:0632H         SYMBOL        thousand
  -------         ENDDO         
  C:4444H         LINE#         463
  C:4448H         LINE#         464
  C:4448H         LINE#         466
  C:4454H         LINE#         467
  C:4464H         LINE#         468
  C:4480H         LINE#         469
BL51 BANKED LINKER/LOCATER V6.22                                                      02/21/2019  14:47:02  PAGE 13


  C:44B0H         LINE#         470
  C:44BAH         LINE#         471
  C:44C4H         LINE#         472
  C:44CEH         LINE#         473
  C:44D8H         LINE#         475
  -------         ENDPROC       _DISPLAY_PROX
  -------         PROC          _DISPLAY_POS
  X:0463H         SYMBOL        sign_dat
  -------         DO            
  X:0467H         SYMBOL        unit
  X:0468H         SYMBOL        ten
  X:0469H         SYMBOL        hundred
  D:0003H         SYMBOL        thousand
  X:046AH         SYMBOL        after_dot
  X:046BH         SYMBOL        dat
  -------         ENDDO         
  C:38E7H         LINE#         478
  C:38EDH         LINE#         479
  C:38EDH         LINE#         483
  C:3909H         LINE#         484
  C:3923H         LINE#         485
  C:3947H         LINE#         487
  C:3991H         LINE#         489
  C:39A8H         LINE#         490
  C:39B5H         LINE#         491
  C:39D7H         LINE#         492
  C:3A0CH         LINE#         493
  C:3A24H         LINE#         494
  C:3A24H         LINE#         496
  C:3A24H         LINE#         497
  C:3A24H         LINE#         498
  C:3A24H         LINE#         499
  C:3A24H         LINE#         500
  C:3A24H         LINE#         504
  C:3A26H         LINE#         506
  C:3A26H         LINE#         508
  C:3A2BH         LINE#         509
  C:3A35H         LINE#         510
  C:3A3FH         LINE#         511
  C:3A49H         LINE#         512
  C:3A4EH         LINE#         513
  C:3A58H         LINE#         517
  C:3A58H         LINE#         519
  -------         ENDPROC       _DISPLAY_POS
  -------         ENDMOD        MAIN

  -------         MODULE        PCF85063BTL
  C:0000H         SYMBOL        _ICE_DUMMY_
  D:0096H         PUBLIC        P2M0
  D:0080H         PUBLIC        P0
  D:0095H         PUBLIC        P2M1
  D:0090H         PUBLIC        P1
  D:00A0H         PUBLIC        P2
  D:00B0H         PUBLIC        P3
  D:00C0H         PUBLIC        P4
  D:00C8H         PUBLIC        P5
  D:00E8H         PUBLIC        P6
BL51 BANKED LINKER/LOCATER V6.22                                                      02/21/2019  14:47:02  PAGE 14


  B:00A0H.1       PUBLIC        PCF85063BTL_SDI
  D:00F8H         PUBLIC        P7
  B:00A0H.2       PUBLIC        PCF85063BTL_SCK
  B:00A0H.1       PUBLIC        PCF85063BTL_SDO
  D:00A8H         PUBLIC        IE
  C:465EH         PUBLIC        _Read_time
  C:4BD3H         PUBLIC        _PCF85063BTL_Delay
  D:00B8H         PUBLIC        IP
  D:00D8H         PUBLIC        CCON
  C:4565H         PUBLIC        _Day_Of_Year
  C:4AC9H         PUBLIC        SPI_ReceiveByte
  D:0098H         PUBLIC        SCON
  D:0088H         PUBLIC        TCON
  C:4C06H         PUBLIC        _BCDtoDec
  B:00A0H.0       PUBLIC        PCF85063BTL_CS
  C:4BF5H         PUBLIC        _SPI_ReadTime
  C:4C55H         PUBLIC        SPI_Init
  C:4B5EH         PUBLIC        _SPI_WriteTime
  C:4AA9H         PUBLIC        _SPI_SendByte
  D:00D0H         PUBLIC        PSW
  C:4BCFH         SYMBOL        L?0047
  -------         PROC          L?0046
  -------         ENDPROC       L?0046
  C:4BCFH         SYMBOL        L?0047
  -------         PROC          _PCF85063BTL_DELAY
  D:0006H         SYMBOL        us
  C:4BD3H         LINE#         8
  C:4BD3H         LINE#         9
  C:4BD3H         LINE#         10
  C:4BDDH         LINE#         11
  C:4BDDH         LINE#         12
  C:4BDEH         LINE#         13
  C:4BE0H         LINE#         14
  -------         ENDPROC       _PCF85063BTL_DELAY
  -------         PROC          _SPI_SENDBYTE
  D:0005H         SYMBOL        dat
  -------         DO            
  D:0003H         SYMBOL        i
  -------         ENDDO         
  C:4AA9H         LINE#         17
  C:4AABH         LINE#         18
  C:4AABH         LINE#         20
  C:4AADH         LINE#         21
  C:4AADH         LINE#         22
  C:4AAFH         LINE#         23
  C:4AB3H         LINE#         24
  C:4AB3H         LINE#         25
  C:4AB5H         LINE#         26
  C:4AB7H         LINE#         28
  C:4AB7H         LINE#         29
  C:4AB9H         LINE#         30
  C:4AB9H         LINE#         31
  C:4ABCH         LINE#         32
  C:4ABCH         LINE#         33
  C:4ABFH         LINE#         34
  C:4AC3H         LINE#         35
  C:4AC8H         LINE#         36
BL51 BANKED LINKER/LOCATER V6.22                                                      02/21/2019  14:47:02  PAGE 15


  -------         ENDPROC       _SPI_SENDBYTE
  -------         PROC          SPI_RECEIVEBYTE
  -------         DO            
  D:0003H         SYMBOL        i
  D:0005H         SYMBOL        dat
  -------         ENDDO         
  C:4AC9H         LINE#         39
  C:4AC9H         LINE#         40
  C:4AC9H         LINE#         42
  C:4ACBH         LINE#         44
  C:4ACDH         LINE#         45
  C:4ACEH         LINE#         46
  C:4ACEH         LINE#         47
  C:4AD2H         LINE#         48
  C:4AD4H         LINE#         49
  C:4AD7H         LINE#         51
  C:4ADAH         LINE#         52
  C:4ADAH         LINE#         53
  C:4ADEH         LINE#         54
  C:4ADEH         LINE#         55
  C:4ADEH         LINE#         56
  C:4AE1H         LINE#         57
  C:4AE6H         LINE#         58
  C:4AE8H         LINE#         59
  -------         ENDPROC       SPI_RECEIVEBYTE
  -------         PROC          _SPI_READTIME
  D:0007H         SYMBOL        addr
  -------         DO            
  D:0006H         SYMBOL        dat
  -------         ENDDO         
  C:4BF5H         LINE#         61
  C:4BF5H         LINE#         62
  C:4BF5H         LINE#         64
  C:4BF7H         LINE#         65
  C:4BF9H         LINE#         66
  C:4C00H         LINE#         67
  C:4C03H         LINE#         68
  C:4C05H         LINE#         69
  C:4C05H         LINE#         70
  -------         ENDPROC       _SPI_READTIME
  -------         PROC          _SPI_WRITETIME
  D:0002H         SYMBOL        val
  D:0005H         SYMBOL        addr
  C:4B5EH         LINE#         71
  C:4B60H         LINE#         72
  C:4B60H         LINE#         74
  C:4B62H         LINE#         75
  C:4B69H         LINE#         76
  C:4B6EH         LINE#         77
  C:4B73H         LINE#         78
  C:4B75H         LINE#         79
  -------         ENDPROC       _SPI_WRITETIME
  -------         PROC          SPI_INIT
  C:4C55H         LINE#         83
  C:4C55H         LINE#         84
  C:4C55H         LINE#         89
  C:4C58H         LINE#         90
BL51 BANKED LINKER/LOCATER V6.22                                                      02/21/2019  14:47:02  PAGE 16


  C:4C5BH         LINE#         91
  C:4C5DH         LINE#         92
  C:4C5FH         LINE#         93
  C:4C61H         LINE#         94
  -------         ENDPROC       SPI_INIT
  -------         PROC          _READ_TIME
  X:03C0H         SYMBOL        months
  X:03C3H         SYMBOL        days
  X:03C6H         SYMBOL        hours
  X:03C9H         SYMBOL        mins
  X:03CCH         SYMBOL        seconds
  C:465EH         LINE#         96
  C:4669H         LINE#         97
  C:4669H         LINE#         99
  C:467DH         LINE#         101
  C:4691H         LINE#         103
  C:46A5H         LINE#         108
  C:46B9H         LINE#         113
  -------         ENDPROC       _READ_TIME
  -------         PROC          _BCDTODEC
  D:0007H         SYMBOL        bcd
  -------         DO            
  D:0006H         SYMBOL        hi
  D:0007H         SYMBOL        lo
  -------         ENDDO         
  C:4C06H         LINE#         119
  C:4C06H         LINE#         120
  C:4C06H         LINE#         122
  C:4C0BH         LINE#         123
  C:4C0FH         LINE#         124
  C:4C16H         LINE#         125
  -------         ENDPROC       _BCDTODEC
  -------         PROC          _DAY_OF_YEAR
  D:0007H         SYMBOL        months_bcd
  D:0005H         SYMBOL        days_bcd
  -------         DO            
  D:0004H         SYMBOL        months
  D:0007H         SYMBOL        days
  -------         ENDDO         
  C:4565H         LINE#         126
  C:4565H         LINE#         127
  C:4565H         LINE#         130
  C:456AH         LINE#         132
  C:456FH         LINE#         134
  C:45A8H         LINE#         135
  C:45A8H         LINE#         136
  C:45A8H         LINE#         137
  C:45ABH         LINE#         138
  C:45ABH         LINE#         139
  C:45ABH         LINE#         140
  C:45B0H         LINE#         141
  C:45B0H         LINE#         142
  C:45B0H         LINE#         143
  C:45B5H         LINE#         144
  C:45B5H         LINE#         145
  C:45B5H         LINE#         146
  C:45BAH         LINE#         147
BL51 BANKED LINKER/LOCATER V6.22                                                      02/21/2019  14:47:02  PAGE 17


  C:45BAH         LINE#         148
  C:45BAH         LINE#         149
  C:45BFH         LINE#         150
  C:45BFH         LINE#         151
  C:45BFH         LINE#         152
  C:45C4H         LINE#         153
  C:45C4H         LINE#         154
  C:45C4H         LINE#         155
  C:45C9H         LINE#         156
  C:45C9H         LINE#         157
  C:45C9H         LINE#         158
  C:45CEH         LINE#         159
  C:45CEH         LINE#         160
  C:45CEH         LINE#         161
  C:45D6H         LINE#         162
  C:45D6H         LINE#         163
  C:45D6H         LINE#         164
  C:45DBH         LINE#         165
  C:45DBH         LINE#         166
  C:45DBH         LINE#         167
  C:45E0H         LINE#         168
  C:45E0H         LINE#         169
  C:45E0H         LINE#         170
  C:45E8H         LINE#         171
  C:45E8H         LINE#         172
  C:45E8H         LINE#         173
  -------         ENDPROC       _DAY_OF_YEAR
  -------         ENDMOD        PCF85063BTL

  -------         MODULE        UART1
  C:0000H         SYMBOL        _ICE_DUMMY_
  D:0080H         PUBLIC        P0
  D:0090H         PUBLIC        P1
  D:00A0H         PUBLIC        P2
  D:00B0H         PUBLIC        P3
  D:00C0H         PUBLIC        P4
  D:00C8H         PUBLIC        P5
  B:00A8H.7       PUBLIC        EA
  D:00E8H         PUBLIC        P6
  D:00F8H         PUBLIC        P7
  C:4981H         PUBLIC        _SendString
  D:00A8H         PUBLIC        IE
  B:00A8H.4       PUBLIC        ES
  D:00B8H         PUBLIC        IP
  C:4B76H         PUBLIC        _ASCIItoBCD
  D:00D8H         PUBLIC        CCON
  C:4C17H         PUBLIC        initUART1
  D:0098H         PUBLIC        SCON
  D:0088H         PUBLIC        TCON
  C:000AH         PUBLIC        _DectoBCD
  C:4C99H         PUBLIC        _ASCII_Letter
  D:008EH         PUBLIC        AUXR
  C:4C94H         PUBLIC        _unit
  C:0003H         PUBLIC        _ten
  D:00D6H         PUBLIC        T2H
  D:00D7H         PUBLIC        T2L
  D:00D0H         PUBLIC        PSW
BL51 BANKED LINKER/LOCATER V6.22                                                      02/21/2019  14:47:02  PAGE 18


  -------         PROC          INITUART1
  C:4C17H         LINE#         21
  C:4C17H         LINE#         22
  C:4C17H         LINE#         23
  C:4C1AH         LINE#         24
  C:4C1DH         LINE#         25
  C:4C20H         LINE#         26
  C:4C23H         LINE#         27
  C:4C25H         LINE#         28
  C:4C27H         LINE#         30
  -------         ENDPROC       INITUART1
  -------         PROC          _SENDSTRING
  X:0633H         SYMBOL        s
  C:4981H         LINE#         35
  C:498CH         LINE#         36
  C:498CH         LINE#         37
  C:499CH         LINE#         38
  C:499CH         LINE#         39
  C:49B1H         LINE#         40
  C:49B3H         LINE#         41
  -------         ENDPROC       _SENDSTRING
  -------         PROC          _TEN
  D:0007H         SYMBOL        BCD
  C:0003H         LINE#         43
  C:0003H         LINE#         44
  C:0003H         LINE#         45
  C:0008H         LINE#         46
  -------         ENDPROC       _TEN
  -------         PROC          _UNIT
  D:0007H         SYMBOL        BCD
  C:4C94H         LINE#         47
  C:4C94H         LINE#         48
  C:4C94H         LINE#         52
  C:4C98H         LINE#         53
  -------         ENDPROC       _UNIT
  -------         PROC          _DECTOBCD
  D:0007H         SYMBOL        dec
  C:000AH         LINE#         54
  C:000AH         LINE#         55
  C:000AH         LINE#         57
  C:000AH         LINE#         58
  -------         ENDPROC       _DECTOBCD
  -------         PROC          _ASCII_LETTER
  D:0007H         SYMBOL        dat
  C:4C99H         LINE#         60
  C:4C99H         LINE#         61
  C:4C99H         LINE#         63
  C:4C9DH         LINE#         64
  -------         ENDPROC       _ASCII_LETTER
  -------         PROC          _ASCIITOBCD
  D:0001H         SYMBOL        ascii
  -------         DO            
  D:0007H         SYMBOL        dec_val
  D:0006H         SYMBOL        ten
  D:0007H         SYMBOL        unit
  -------         ENDDO         
  C:4B76H         LINE#         66
BL51 BANKED LINKER/LOCATER V6.22                                                      02/21/2019  14:47:02  PAGE 19


  C:4B76H         LINE#         67
  C:4B76H         LINE#         69
  C:4B79H         LINE#         70
  C:4B7FH         LINE#         71
  C:4B86H         LINE#         72
  C:4B8CH         LINE#         74
  -------         ENDPROC       _ASCIITOBCD
  -------         ENDMOD        UART1

  -------         MODULE        LCD_DRIVER_SPLC780D
  C:0000H         SYMBOL        _ICE_DUMMY_
  D:0092H         PUBLIC        P1M0
  D:0091H         PUBLIC        P1M1
  D:0080H         PUBLIC        P0
  D:0090H         PUBLIC        P1
  D:00A0H         PUBLIC        P2
  D:00B0H         PUBLIC        P3
  D:00C0H         PUBLIC        P4
  D:00C8H         PUBLIC        P5
  D:00E8H         PUBLIC        P6
  D:00F8H         PUBLIC        P7
  C:45E9H         PUBLIC        _WriteData
  D:00A8H         PUBLIC        IE
  D:00B8H         PUBLIC        IP
  D:00D8H         PUBLIC        CCON
  B:00B0H.4       PUBLIC        LCD_D4
  B:00B0H.5       PUBLIC        LCD_D5
  B:00B0H.6       PUBLIC        LCD_D6
  C:4B26H         PUBLIC        _DisplayLCD
  B:00B0H.7       PUBLIC        LCD_D7
  D:0098H         PUBLIC        SCON
  D:0088H         PUBLIC        TCON
  C:4C84H         PUBLIC        LCD_clear
  C:48C6H         PUBLIC        _Command
  C:4BA3H         PUBLIC        _Display_Line
  C:4795H         PUBLIC        LCD_Init
  C:4A8BH         PUBLIC        _Wait_ms
  B:00C0H.0       PUBLIC        LCD_RS
  B:00B0H.2       PUBLIC        LCD_RW
  C:4C7AH         PUBLIC        LCD_return_home
  B:00B0H.3       PUBLIC        LCD_E
  D:00D0H         PUBLIC        PSW
  -------         PROC          LCD_INIT
  C:4795H         LINE#         9
  C:4795H         LINE#         10
  C:4795H         LINE#         11
  C:4798H         LINE#         12
  C:479BH         LINE#         14
  C:47A1H         LINE#         15
  C:47A6H         LINE#         17
  C:47ADH         LINE#         18
  C:47B2H         LINE#         20
  C:47B5H         LINE#         21
  C:47BAH         LINE#         23
  C:47BDH         LINE#         24
  C:47C2H         LINE#         26
  C:47C9H         LINE#         29
BL51 BANKED LINKER/LOCATER V6.22                                                      02/21/2019  14:47:02  PAGE 20


  C:47CEH         LINE#         30
  C:47D3H         LINE#         32
  C:47D8H         LINE#         33
  C:47DDH         LINE#         35
  C:47E2H         LINE#         36
  C:47E7H         LINE#         37
  -------         ENDPROC       LCD_INIT
  -------         PROC          _WRITEDATA
  X:046DH         SYMBOL        dat
  C:45E9H         LINE#         40
  C:45EEH         LINE#         41
  C:45EEH         LINE#         46
  C:45F0H         LINE#         47
  C:45F2H         LINE#         49
  C:4600H         LINE#         50
  C:460CH         LINE#         51
  C:4618H         LINE#         52
  C:4622H         LINE#         53
  C:4624H         LINE#         54
  C:462BH         LINE#         55
  C:462DH         LINE#         57
  C:463DH         LINE#         58
  C:4648H         LINE#         59
  C:4652H         LINE#         60
  C:4656H         LINE#         62
  C:4656H         LINE#         63
  C:4659H         LINE#         64
  C:465BH         LINE#         65
  C:465DH         LINE#         67
  -------         ENDPROC       _WRITEDATA
  -------         PROC          _COMMAND
  D:0007H         SYMBOL        dat
  C:48C6H         LINE#         69
  C:48C6H         LINE#         70
  C:48C6H         LINE#         71
  C:48C8H         LINE#         72
  C:48CAH         LINE#         74
  C:48D4H         LINE#         75
  C:48D8H         LINE#         77
  C:48DAH         LINE#         78
  C:48E3H         LINE#         79
  C:48E7H         LINE#         81
  C:48E9H         LINE#         82
  C:48F0H         LINE#         83
  C:48F4H         LINE#         85
  C:48F6H         LINE#         86
  C:48FAH         LINE#         87
  C:48FEH         LINE#         89
  C:4900H         LINE#         90
  C:4900H         LINE#         91
  C:4903H         LINE#         92
  C:4905H         LINE#         93
  -------         ENDPROC       _COMMAND
  C:4A87H         SYMBOL        L?0028
  -------         PROC          L?0027
  -------         ENDPROC       L?0027
  C:4A87H         SYMBOL        L?0028
BL51 BANKED LINKER/LOCATER V6.22                                                      02/21/2019  14:47:02  PAGE 21


  -------         PROC          _WAIT_MS
  D:0006H         SYMBOL        ms
  -------         DO            
  D:0004H         SYMBOL        De_Cnt
  -------         ENDDO         
  C:4A8BH         LINE#         95
  C:4A8BH         LINE#         96
  C:4A8BH         LINE#         98
  C:4A95H         LINE#         99
  C:4A95H         LINE#         100
  C:4AA8H         LINE#         101
  C:4AA8H         LINE#         102
  -------         ENDPROC       _WAIT_MS
  -------         PROC          _DISPLAYLCD
  D:0007H         SYMBOL        BCD
  -------         DO            
  D:0006H         SYMBOL        first_digit
  X:03C0H         SYMBOL        second_digit
  -------         ENDDO         
  C:4B26H         LINE#         103
  C:4B26H         LINE#         104
  C:4B26H         LINE#         106
  C:4B2DH         LINE#         107
  C:4B36H         LINE#         109
  C:4B3BH         LINE#         111
  -------         ENDPROC       _DISPLAYLCD
  -------         PROC          LCD_RETURN_HOME
  C:4C7AH         LINE#         115
  C:4C7AH         LINE#         116
  C:4C7AH         LINE#         117
  C:4C7FH         LINE#         118
  -------         ENDPROC       LCD_RETURN_HOME
  -------         PROC          LCD_CLEAR
  C:4C84H         LINE#         121
  C:4C84H         LINE#         122
  C:4C84H         LINE#         123
  C:4C89H         LINE#         124
  -------         ENDPROC       LCD_CLEAR
  -------         PROC          _DISPLAY_LINE
  D:0006H         SYMBOL        line
  C:4BA3H         LINE#         128
  C:4BA3H         LINE#         129
  C:4BA3H         LINE#         130
  C:4BA9H         LINE#         131
  C:4BA9H         LINE#         132
  C:4BABH         LINE#         133
  C:4BABH         LINE#         134
  C:4BADH         LINE#         136
  C:4BADH         LINE#         137
  C:4BB2H         LINE#         138
  C:4BB7H         LINE#         139
  C:4BB7H         LINE#         140
  -------         ENDPROC       _DISPLAY_LINE
  -------         ENDMOD        LCD_DRIVER_SPLC780D

  -------         MODULE        KEYPAD
  C:0000H         SYMBOL        _ICE_DUMMY_
BL51 BANKED LINKER/LOCATER V6.22                                                      02/21/2019  14:47:02  PAGE 22


  D:0093H         PUBLIC        P0M1
  D:0080H         PUBLIC        P0
  D:0090H         PUBLIC        P1
  D:00A0H         PUBLIC        P2
  D:00B0H         PUBLIC        P3
  D:00C0H         PUBLIC        P4
  D:00C8H         PUBLIC        P5
  B:0020H.0       PUBLIC        calib_mode
  D:00E8H         PUBLIC        P6
  D:00F8H         PUBLIC        P7
  D:00A8H         PUBLIC        IE
  C:345AH         PUBLIC        Key_Scan
  D:00B8H         PUBLIC        IP
  D:00D8H         PUBLIC        CCON
  C:4C62H         PUBLIC        KeyPad_IO_Init
  C:4B08H         PUBLIC        _Delay_ms
  D:0098H         PUBLIC        SCON
  D:0088H         PUBLIC        TCON
  B:0020H.1       PUBLIC        small_move
  B:0020H.2       PUBLIC        move
  B:0020H.3       PUBLIC        direction
  B:0020H.4       PUBLIC        auto_move
  C:2FE9H         PUBLIC        Key_Process
  D:00D0H         PUBLIC        PSW
  D:0094H         PUBLIC        P0M0
  -------         PROC          _DELAY_MS
  D:0006H         SYMBOL        ms
  -------         DO            
  D:0004H         SYMBOL        De_Cnt
  -------         ENDDO         
  C:4B08H         LINE#         19
  C:4B08H         LINE#         20
  C:4B08H         LINE#         22
  C:4B12H         LINE#         23
  C:4B12H         LINE#         24
  C:4B25H         LINE#         25
  C:4B25H         LINE#         26
  -------         ENDPROC       _DELAY_MS
  -------         PROC          KEY_SCAN
  -------         DO            
  X:03C6H         SYMBOL        KeyTemp1
  X:03C7H         SYMBOL        KeyTemp2
  X:03C8H         SYMBOL        KeyValue
  -------         ENDDO         
  C:345AH         LINE#         27
  C:345AH         LINE#         28
  C:345AH         LINE#         33
  C:345DH         LINE#         36
  C:3460H         LINE#         38
  C:3468H         LINE#         39
  C:346FH         LINE#         40
  C:346FH         LINE#         42
  C:3474H         LINE#         43
  C:347BH         LINE#         44
  C:347BH         LINE#         47
  C:347EH         LINE#         48
  C:3481H         LINE#         49
BL51 BANKED LINKER/LOCATER V6.22                                                      02/21/2019  14:47:02  PAGE 23


  C:3486H         LINE#         50
  C:348AH         LINE#         51
  C:348AH         LINE#         52
  C:3492H         LINE#         53
  C:3492H         LINE#         54
  C:3495H         LINE#         55
  C:349DH         LINE#         56
  C:349FH         LINE#         58
  C:34B3H         LINE#         59
  C:34B3H         LINE#         60
  C:34B3H         LINE#         61
  C:34B3H         LINE#         62
  C:34B9H         LINE#         64
  C:34BBH         LINE#         65
  C:34BBH         LINE#         66
  C:34BBH         LINE#         67
  C:34C1H         LINE#         69
  C:34C3H         LINE#         70
  C:34C3H         LINE#         71
  C:34C3H         LINE#         72
  C:34C9H         LINE#         74
  C:34CBH         LINE#         75
  C:34CBH         LINE#         76
  C:34CBH         LINE#         77
  C:34D1H         LINE#         79
  C:34D1H         LINE#         80
  C:34D1H         LINE#         81
  C:34D1H         LINE#         84
  C:34D4H         LINE#         85
  C:34D7H         LINE#         86
  C:34DFH         LINE#         87
  C:34E3H         LINE#         88
  C:34E3H         LINE#         89
  C:34EBH         LINE#         90
  C:34EBH         LINE#         91
  C:34EEH         LINE#         92
  C:34F6H         LINE#         93
  C:34F8H         LINE#         94
  C:350CH         LINE#         95
  C:350CH         LINE#         96
  C:350CH         LINE#         97
  C:350CH         LINE#         98
  C:3512H         LINE#         100
  C:3514H         LINE#         101
  C:3514H         LINE#         102
  C:3514H         LINE#         103
  C:351AH         LINE#         105
  C:351CH         LINE#         106
  C:351CH         LINE#         107
  C:351CH         LINE#         108
  C:3522H         LINE#         110
  C:3524H         LINE#         111
  C:3524H         LINE#         112
  C:3524H         LINE#         113
  C:3529H         LINE#         115
  C:3529H         LINE#         116
  C:3529H         LINE#         117
BL51 BANKED LINKER/LOCATER V6.22                                                      02/21/2019  14:47:02  PAGE 24


  C:3529H         LINE#         120
  C:352CH         LINE#         121
  C:352FH         LINE#         122
  C:3537H         LINE#         123
  C:353BH         LINE#         124
  C:353BH         LINE#         125
  C:3543H         LINE#         126
  C:3543H         LINE#         127
  C:3546H         LINE#         128
  C:354EH         LINE#         129
  C:3550H         LINE#         130
  C:3564H         LINE#         131
  C:3564H         LINE#         132
  C:3564H         LINE#         133
  C:3564H         LINE#         134
  C:356AH         LINE#         136
  C:356CH         LINE#         137
  C:356CH         LINE#         138
  C:356CH         LINE#         139
  C:3572H         LINE#         141
  C:3574H         LINE#         142
  C:3574H         LINE#         143
  C:3574H         LINE#         144
  C:357AH         LINE#         146
  C:357CH         LINE#         147
  C:357CH         LINE#         148
  C:357CH         LINE#         149
  C:3582H         LINE#         151
  C:3582H         LINE#         152
  C:3582H         LINE#         153
  C:3582H         LINE#         157
  C:3585H         LINE#         158
  C:3588H         LINE#         159
  C:3590H         LINE#         160
  C:3594H         LINE#         161
  C:3594H         LINE#         162
  C:359CH         LINE#         163
  C:359CH         LINE#         164
  C:359FH         LINE#         165
  C:35A7H         LINE#         166
  C:35A9H         LINE#         167
  C:35BDH         LINE#         168
  C:35BDH         LINE#         169
  C:35BDH         LINE#         170
  C:35BDH         LINE#         171
  C:35C3H         LINE#         173
  C:35C5H         LINE#         174
  C:35C5H         LINE#         175
  C:35C5H         LINE#         176
  C:35CBH         LINE#         178
  C:35CDH         LINE#         179
  C:35CDH         LINE#         180
  C:35CDH         LINE#         181
  C:35D3H         LINE#         183
  C:35D5H         LINE#         184
  C:35D5H         LINE#         185
  C:35D5H         LINE#         186
BL51 BANKED LINKER/LOCATER V6.22                                                      02/21/2019  14:47:02  PAGE 25


  C:35DBH         LINE#         188
  C:35DBH         LINE#         189
  C:35DBH         LINE#         190
  C:35DBH         LINE#         192
  C:35E1H         LINE#         193
  C:35E1H         LINE#         195
  C:35E1H         LINE#         196
  C:35E4H         LINE#         197
  C:35E4H         LINE#         198
  C:35E4H         LINE#         200
  C:35E4H         LINE#         201
  C:35E6H         LINE#         202
  C:35E6H         LINE#         203
  -------         ENDPROC       KEY_SCAN
  -------         PROC          KEY_PROCESS
  -------         DO            
  X:0619H         SYMBOL        KeyCount
  X:061BH         SYMBOL        KeyNum_Old
  X:061CH         SYMBOL        KeyNum
  X:061DH         SYMBOL        PressedKey
  X:03C0H         SYMBOL        d
  D:0004H         SYMBOL        hours
  D:0006H         SYMBOL        mins
  X:03C2H         SYMBOL        months
  X:03C4H         SYMBOL        days
  -------         ENDDO         
  C:2FE9H         LINE#         204
  C:2FE9H         LINE#         205
  C:2FE9H         LINE#         209
  C:2FF1H         LINE#         210
  C:2FF9H         LINE#         212
  C:2FFCH         LINE#         213
  C:2FFCH         LINE#         214
  C:2FFFH         LINE#         216
  C:2FFFH         LINE#         217
  C:300CH         LINE#         218
  C:300CH         LINE#         219
  C:300FH         LINE#         220
  C:3012H         LINE#         222
  C:3015H         LINE#         224
  C:3015H         LINE#         225
  C:3020H         LINE#         226
  C:3020H         LINE#         227
  C:3023H         LINE#         229
  C:3023H         LINE#         230
  C:302AH         LINE#         231
  C:302AH         LINE#         232
  C:302DH         LINE#         234
  C:302DH         LINE#         235
  C:3035H         LINE#         236
  C:3035H         LINE#         237
  C:303FH         LINE#         238
  C:3047H         LINE#         240
  C:3050H         LINE#         242
  C:3050H         LINE#         251
  C:3065H         LINE#         252
  C:3065H         LINE#         253
BL51 BANKED LINKER/LOCATER V6.22                                                      02/21/2019  14:47:02  PAGE 26


  C:3077H         LINE#         254
  C:3085H         LINE#         255
  C:3094H         LINE#         256
  C:3094H         LINE#         258
  C:309AH         LINE#         262
  C:30B0H         LINE#         263
  C:30C1H         LINE#         264
  C:30DCH         LINE#         265
  C:30DCH         LINE#         266
  C:30ECH         LINE#         267
  C:30FDH         LINE#         268
  C:30FDH         LINE#         272
  C:3116H         LINE#         273
  C:312DH         LINE#         274
  C:314DH         LINE#         275
  C:314DH         LINE#         276
  C:3157H         LINE#         277
  C:3157H         LINE#         278
  C:3160H         LINE#         279
  C:3160H         LINE#         280
  C:3174H         LINE#         281
  C:3174H         LINE#         282
  C:3174H         LINE#         283
  C:3174H         LINE#         284
  C:3174H         LINE#         285
  C:3176H         LINE#         287
  C:3176H         LINE#         288
  C:3182H         LINE#         289
  C:3182H         LINE#         290
  C:3193H         LINE#         291
  C:3193H         LINE#         292
  C:3193H         LINE#         293
  C:3193H         LINE#         294
  C:3193H         LINE#         296
  C:3195H         LINE#         298
  C:3195H         LINE#         299
  C:31A6H         LINE#         300
  C:31A6H         LINE#         301
  C:31A6H         LINE#         302
  C:31A6H         LINE#         303
  C:31A6H         LINE#         305
  C:31A6H         LINE#         307
  C:31A6H         LINE#         308
  C:31A8H         LINE#         310
  C:31A8H         LINE#         311
  C:31BBH         LINE#         312
  C:31BBH         LINE#         313
  C:31CCH         LINE#         314
  C:31CCH         LINE#         315
  C:31CCH         LINE#         316
  C:31CCH         LINE#         317
  C:31CCH         LINE#         318
  C:31CEH         LINE#         320
  C:31CEH         LINE#         321
  C:31DFH         LINE#         322
  C:31DFH         LINE#         323
  C:31F0H         LINE#         324
BL51 BANKED LINKER/LOCATER V6.22                                                      02/21/2019  14:47:02  PAGE 27


  C:3201H         LINE#         325
  C:3201H         LINE#         326
  C:3201H         LINE#         327
  C:3201H         LINE#         328
  C:3201H         LINE#         329
  C:3204H         LINE#         330
  C:3209H         LINE#         331
  C:320EH         LINE#         332
  C:3213H         LINE#         333
  C:3218H         LINE#         334
  C:321DH         LINE#         335
  C:3222H         LINE#         336
  C:3227H         LINE#         337
  C:3227H         LINE#         339
  C:3249H         LINE#         340
  C:3249H         LINE#         341
  C:3253H         LINE#         342
  C:3253H         LINE#         343
  C:3258H         LINE#         344
  C:3261H         LINE#         345
  C:3278H         LINE#         346
  C:3278H         LINE#         347
  C:3288H         LINE#         349
  C:3288H         LINE#         353
  -------         ENDPROC       KEY_PROCESS
  -------         PROC          KEYPAD_IO_INIT
  C:4C62H         LINE#         356
  C:4C62H         LINE#         357
  C:4C62H         LINE#         358
  C:4C65H         LINE#         359
  C:4C68H         LINE#         360
  C:4C6BH         LINE#         361
  C:4C6DH         LINE#         362
  -------         ENDPROC       KEYPAD_IO_INIT
  -------         ENDMOD        KEYPAD

  -------         MODULE        BIPOLARMOTOR
  C:0000H         SYMBOL        _ICE_DUMMY_
  D:0080H         PUBLIC        P0
  D:0090H         PUBLIC        P1
  X:0000H         PUBLIC        RX_pos_test
  D:00A0H         PUBLIC        P2
  D:00B0H         PUBLIC        P3
  D:00C0H         PUBLIC        P4
  D:00C8H         PUBLIC        P5
  D:00E8H         PUBLIC        P6
  D:00F8H         PUBLIC        P7
  X:00A0H         PUBLIC        low_date_azimuth_mapping
  D:00A8H         PUBLIC        IE
  C:3FB6H         PUBLIC        linear_interpolate
  C:4A36H         PUBLIC        _Move
  D:00B8H         PUBLIC        IP
  C:32BCH         PUBLIC        _findDet3x3
  C:2D29H         PUBLIC        _findDet4x4
  D:00D8H         PUBLIC        CCON
  X:00C8H         PUBLIC        previous_move_time
  D:0098H         PUBLIC        SCON
BL51 BANKED LINKER/LOCATER V6.22                                                      02/21/2019  14:47:02  PAGE 28


  D:0088H         PUBLIC        TCON
  C:4C9EH         PUBLIC        wait
  C:4906H         PUBLIC        _Step_move
  X:00C9H         PUBLIC        dat
  C:000EH         PUBLIC        _Update_position
  C:47EEH         PUBLIC        vOneStepMove
  X:00CFH         PUBLIC        elevation_stamp
  X:010BH         PUBLIC        date_azimuth_mapping
  X:0133H         PUBLIC        RX_pos
  C:4B4DH         PUBLIC        _BCDtoDec1
  X:038BH         PUBLIC        degree
  D:00D0H         PUBLIC        PSW
  -------         PROC          L?0062
  -------         ENDPROC       L?0062
  -------         PROC          _BCDTODEC1
  D:0007H         SYMBOL        bcd
  -------         DO            
  D:0006H         SYMBOL        hi
  D:0007H         SYMBOL        lo
  -------         ENDDO         
  C:4B4DH         LINE#         28
  C:4B4DH         LINE#         29
  C:4B4DH         LINE#         31
  C:4B52H         LINE#         32
  C:4B56H         LINE#         33
  C:4B5DH         LINE#         34
  -------         ENDPROC       _BCDTODEC1
  -------         PROC          WAIT
  C:4C9EH         LINE#         36
  C:4C9EH         LINE#         38
  -------         ENDPROC       WAIT
  -------         PROC          VONESTEPMOVE
  B:0020H.7       SYMBOL        bDir
  C:47EEH         LINE#         40
  C:47EEH         LINE#         41
  C:47EEH         LINE#         43
  C:47F4H         LINE#         44
  C:47F4H         LINE#         45
  C:47F7H         LINE#         46
  C:4800H         LINE#         47
  C:4807H         LINE#         48
  C:480CH         LINE#         49
  C:480CH         LINE#         50
  C:480CH         LINE#         52
  C:480EH         LINE#         55
  C:480EH         LINE#         56
  C:4811H         LINE#         57
  C:481AH         LINE#         58
  C:4821H         LINE#         59
  C:4827H         LINE#         60
  C:4830H         LINE#         61
  C:4837H         LINE#         62
  C:4837H         LINE#         66
  -------         ENDPROC       VONESTEPMOVE
  -------         PROC          _STEP_MOVE
  X:047CH         SYMBOL        step
  B:0020H.6       SYMBOL        dir
BL51 BANKED LINKER/LOCATER V6.22                                                      02/21/2019  14:47:02  PAGE 29


  -------         DO            
  X:047EH         SYMBOL        i
  -------         ENDDO         
  C:4906H         LINE#         68
  C:490EH         LINE#         69
  C:490EH         LINE#         71
  C:4913H         LINE#         74
  C:492EH         LINE#         75
  C:492EH         LINE#         76
  C:4935H         LINE#         78
  C:4945H         LINE#         80
  -------         ENDPROC       _STEP_MOVE
  -------         PROC          _MOVE
  X:0478H         SYMBOL        distance
  B:0020H.5       SYMBOL        direction
  -------         DO            
  D:0006H         SYMBOL        step
  -------         ENDDO         
  C:4A36H         LINE#         82
  C:4A3CH         LINE#         83
  C:4A3CH         LINE#         86
  C:4A57H         LINE#         87
  -------         ENDPROC       _MOVE
  C:329DH         SYMBOL        L?0058
  C:32B1H         SYMBOL        L?0059
  -------         PROC          L?0057
  -------         ENDPROC       L?0057
  C:329DH         SYMBOL        L?0058
  C:32B1H         SYMBOL        L?0059
  -------         PROC          _FINDDET3X3
  X:05F5H         SYMBOL        a11
  X:05F9H         SYMBOL        a12
  X:05FDH         SYMBOL        a13
  X:0601H         SYMBOL        a21
  X:0605H         SYMBOL        a22
  X:0609H         SYMBOL        a23
  X:060DH         SYMBOL        a31
  X:0611H         SYMBOL        a32
  X:0615H         SYMBOL        a33
  C:32BCH         LINE#         91
  C:32C2H         LINE#         95
  C:32C2H         LINE#         96
  C:3459H         LINE#         98
  -------         ENDPROC       _FINDDET3X3
  -------         PROC          _FINDDET4X4
  X:05B5H         SYMBOL        a11
  X:05B9H         SYMBOL        a12
  X:05BDH         SYMBOL        a13
  X:05C1H         SYMBOL        a14
  X:05C5H         SYMBOL        a21
  X:05C9H         SYMBOL        a22
  X:05CDH         SYMBOL        a23
  X:05D1H         SYMBOL        a24
  X:05D5H         SYMBOL        a31
  X:05D9H         SYMBOL        a32
  X:05DDH         SYMBOL        a33
  X:05E1H         SYMBOL        a34
BL51 BANKED LINKER/LOCATER V6.22                                                      02/21/2019  14:47:02  PAGE 30


  X:05E5H         SYMBOL        a41
  X:05E9H         SYMBOL        a42
  X:05EDH         SYMBOL        a43
  X:05F1H         SYMBOL        a44
  C:2D29H         LINE#         99
  C:2D2FH         LINE#         103
  C:2D2FH         LINE#         110
  C:2FE8H         LINE#         114
  -------         ENDPROC       _FINDDET4X4
  C:3FA5H         SYMBOL        L?0061
  -------         PROC          L?0060
  -------         ENDPROC       L?0060
  C:3FA5H         SYMBOL        L?0061
  -------         PROC          LINEAR_INTERPOLATE
  X:0478H         SYMBOL        p1
  X:0480H         SYMBOL        p2
  X:0488H         SYMBOL        x
  -------         DO            
  D:0004H         SYMBOL        fx
  -------         ENDDO         
  C:3FB6H         LINE#         120
  C:3FB6H         LINE#         121
  C:3FB6H         LINE#         124
  C:4055H         LINE#         126
  C:4055H         LINE#         127
  -------         ENDPROC       LINEAR_INTERPOLATE
  -------         PROC          _UPDATE_POSITION
  D:0001H         SYMBOL        mnths
  D:0002H         SYMBOL        dys
  X:03DBH         SYMBOL        hurs
  X:03DCH         SYMBOL        mns
  X:03DDH         SYMBOL        sconds
  X:03DEH         SYMBOL        currnt_pos
  X:03E1H         SYMBOL        offset_calib
  -------         DO            
  X:03E5H         SYMBOL        date
  X:03E7H         SYMBOL        i
  X:03E9H         SYMBOL        yy
  X:03EBH         SYMBOL        desired_distance
  X:03EFH         SYMBOL        distance
  X:03F3H         SYMBOL        JP_pos
  X:03F7H         SYMBOL        pos_interpolate_azimuth
  X:0433H         SYMBOL        current_local_sun_time
  X:0437H         SYMBOL        azimuth
  X:043BH         SYMBOL        elevation
  X:043FH         SYMBOL        time_offset
  X:0443H         SYMBOL        UTC_time
  X:0447H         SYMBOL        declination
  X:044BH         SYMBOL        p1
  X:0453H         SYMBOL        p2
  X:045BH         SYMBOL        time
  X:046DH         SYMBOL        location
  X:0475H         SYMBOL        sunCoord
  -------         ENDDO         
  C:000EH         LINE#         131
  C:0017H         LINE#         134
  C:0017H         LINE#         135
BL51 BANKED LINKER/LOCATER V6.22                                                      02/21/2019  14:47:02  PAGE 31


  C:0022H         LINE#         137
  C:003EH         LINE#         138
  C:0048H         LINE#         146
  C:0052H         LINE#         147
  C:005CH         LINE#         148
  C:0066H         LINE#         149
  C:0071H         LINE#         150
  C:007CH         LINE#         151
  C:0095H         LINE#         152
  C:00A6H         LINE#         153
  C:00B5H         LINE#         156
  C:00C9H         LINE#         160
  C:011BH         LINE#         161
  C:027FH         LINE#         162
  C:02CFH         LINE#         164
  C:03F7H         LINE#         166
  C:04C6H         LINE#         173
  C:050DH         LINE#         174
  C:050DH         LINE#         176
  C:0527H         LINE#         177
  C:0527H         LINE#         178
  C:0597H         LINE#         179
  C:0597H         LINE#         180
  C:059EH         LINE#         181
  C:059EH         LINE#         182
  C:05CBH         LINE#         183
  C:05E6H         LINE#         185
  C:062DH         LINE#         186
  C:0661H         LINE#         188
  C:06A7H         LINE#         189
  C:06CAH         LINE#         191
  C:06CAH         LINE#         193
  C:0740H         LINE#         194
  C:0740H         LINE#         195
  C:0747H         LINE#         196
  C:0747H         LINE#         197
  C:0774H         LINE#         198
  C:078FH         LINE#         200
  C:07D6H         LINE#         201
  C:080AH         LINE#         203
  C:0850H         LINE#         204
  C:0870H         LINE#         206
  C:0870H         LINE#         207
  C:0881H         LINE#         210
  C:089BH         LINE#         211
  C:089BH         LINE#         212
  C:090BH         LINE#         213
  C:090BH         LINE#         214
  C:0938H         LINE#         215
  C:0953H         LINE#         217
  C:0980H         LINE#         218
  C:099BH         LINE#         220
  C:09CDH         LINE#         223
  C:09CDH         LINE#         225
  C:09DEH         LINE#         227
  C:0A0DH         LINE#         229
  C:0A32H         LINE#         230
BL51 BANKED LINKER/LOCATER V6.22                                                      02/21/2019  14:47:02  PAGE 32


  C:0A97H         LINE#         231
  C:0A97H         LINE#         232
  C:0AB1H         LINE#         233
  C:0AC3H         LINE#         234
  C:0ADBH         LINE#         235
  C:0AF1H         LINE#         237
  C:0B0DH         LINE#         238
  C:0B0DH         LINE#         239
  C:0B0DH         LINE#         242
  -------         ENDPROC       _UPDATE_POSITION
  -------         ENDMOD        BIPOLARMOTOR

  -------         MODULE        SUNPOS
  C:0000H         SYMBOL        _ICE_DUMMY_
  C:1E8CH         PUBLIC        sunpos
  -------         PROC          SUNPOS
  X:0478H         SYMBOL        udtTime
  X:048AH         SYMBOL        udtLocation
  X:0492H         SYMBOL        udtSunCoordinates
  -------         DO            
  X:0495H         SYMBOL        dElapsedJulianDays
  X:0499H         SYMBOL        dDecimalHours
  X:049DH         SYMBOL        dEclipticLongitude
  X:04A1H         SYMBOL        dEclipticObliquity
  X:04A5H         SYMBOL        dRightAscension
  X:04A9H         SYMBOL        dDeclination
  X:04ADH         SYMBOL        dY
  X:04B1H         SYMBOL        dX
  -------         DO            
  X:04B5H         SYMBOL        dJulianDate
  X:04B9H         SYMBOL        liAux1
  X:04BDH         SYMBOL        liAux2
  X:04B5H         SYMBOL        dMeanLongitude
  X:04B9H         SYMBOL        dMeanAnomaly
  X:04BDH         SYMBOL        dOmega
  X:04B5H         SYMBOL        dSin_EclipticLongitude
  X:04B5H         SYMBOL        dGreenwichMeanSiderealTime
  X:04B9H         SYMBOL        dLocalMeanSiderealTime
  X:04BDH         SYMBOL        dLatitudeInRadians
  X:04C1H         SYMBOL        dHourAngle
  X:04C5H         SYMBOL        dCos_Latitude
  X:04C9H         SYMBOL        dSin_Latitude
  X:04CDH         SYMBOL        dCos_HourAngle
  X:04D1H         SYMBOL        dParallax
  -------         ENDDO         
  -------         DO            
  X:04B5H         SYMBOL        dMeanLongitude
  X:04B9H         SYMBOL        dMeanAnomaly
  X:04BDH         SYMBOL        dOmega
  X:04B5H         SYMBOL        dSin_EclipticLongitude
  X:04B5H         SYMBOL        dGreenwichMeanSiderealTime
  X:04B9H         SYMBOL        dLocalMeanSiderealTime
  X:04BDH         SYMBOL        dLatitudeInRadians
  X:04C1H         SYMBOL        dHourAngle
  X:04C5H         SYMBOL        dCos_Latitude
  X:04C9H         SYMBOL        dSin_Latitude
  X:04CDH         SYMBOL        dCos_HourAngle
BL51 BANKED LINKER/LOCATER V6.22                                                      02/21/2019  14:47:02  PAGE 33


  X:04D1H         SYMBOL        dParallax
  -------         ENDDO         
  -------         DO            
  X:04B5H         SYMBOL        dSin_EclipticLongitude
  X:04B5H         SYMBOL        dGreenwichMeanSiderealTime
  X:04B9H         SYMBOL        dLocalMeanSiderealTime
  X:04BDH         SYMBOL        dLatitudeInRadians
  X:04C1H         SYMBOL        dHourAngle
  X:04C5H         SYMBOL        dCos_Latitude
  X:04C9H         SYMBOL        dSin_Latitude
  X:04CDH         SYMBOL        dCos_HourAngle
  X:04D1H         SYMBOL        dParallax
  -------         ENDDO         
  -------         DO            
  X:04B5H         SYMBOL        dGreenwichMeanSiderealTime
  X:04B9H         SYMBOL        dLocalMeanSiderealTime
  X:04BDH         SYMBOL        dLatitudeInRadians
  X:04C1H         SYMBOL        dHourAngle
  X:04C5H         SYMBOL        dCos_Latitude
  X:04C9H         SYMBOL        dSin_Latitude
  X:04CDH         SYMBOL        dCos_HourAngle
  X:04D1H         SYMBOL        dParallax
  -------         ENDDO         
  -------         ENDDO         
  C:1E8CH         LINE#         6
  C:1E8CH         LINE#         7
  C:1E8CH         LINE#         9
  C:1E8CH         LINE#         27
  C:1ED6H         LINE#         30
  C:1EF7H         LINE#         31
  C:203EH         LINE#         34
  C:208AH         LINE#         36
  C:20A9H         LINE#         37
  C:20A9H         LINE#         42
  C:20A9H         LINE#         46
  C:20DBH         LINE#         47
  C:2105H         LINE#         48
  C:212FH         LINE#         49
  C:21DCH         LINE#         52
  C:223DH         LINE#         54
  C:223DH         LINE#         59
  C:223DH         LINE#         61
  C:2254H         LINE#         62
  C:227CH         LINE#         63
  C:2293H         LINE#         64
  C:22BEH         LINE#         65
  C:22F5H         LINE#         66
  C:2320H         LINE#         67
  C:2320H         LINE#         70
  C:2320H         LINE#         79
  C:235BH         LINE#         82
  C:2395H         LINE#         84
  C:23BAH         LINE#         85
  C:23D9H         LINE#         86
  C:23F0H         LINE#         87
  C:2407H         LINE#         88
  C:241EH         LINE#         89
BL51 BANKED LINKER/LOCATER V6.22                                                      02/21/2019  14:47:02  PAGE 34


  C:24A7H         LINE#         91
  C:24C1H         LINE#         92
  C:2523H         LINE#         93
  C:2559H         LINE#         94
  C:256BH         LINE#         95
  C:2598H         LINE#         96
  C:25C5H         LINE#         98
  C:25E7H         LINE#         100
  C:261FH         LINE#         103
  C:261FH         LINE#         104
  C:262DH         LINE#         105
  -------         ENDPROC       SUNPOS
  -------         ENDMOD        SUNPOS

  -------         MODULE        ADC
  C:0000H         SYMBOL        _ICE_DUMMY_
  D:0092H         PUBLIC        P1M0
  D:0091H         PUBLIC        P1M1
  D:0080H         PUBLIC        P0
  D:0090H         PUBLIC        P1
  D:00A0H         PUBLIC        P2
  D:00B0H         PUBLIC        P3
  D:00C0H         PUBLIC        P4
  D:00C8H         PUBLIC        P5
  D:00E8H         PUBLIC        P6
  D:00F8H         PUBLIC        P7
  D:00A8H         PUBLIC        IE
  D:00BDH         PUBLIC        ADC_RES
  D:00B8H         PUBLIC        IP
  D:0097H         PUBLIC        CLK_DIV
  D:00D8H         PUBLIC        CCON
  D:00BCH         PUBLIC        ADC_CONTR
  D:0098H         PUBLIC        SCON
  D:0088H         PUBLIC        TCON
  B:00A0H.4       PUBLIC        P24
  B:00A0H.5       PUBLIC        P25
  B:00A0H.6       PUBLIC        P26
  C:4AE9H         PUBLIC        ADC_Init
  C:49B4H         PUBLIC        _ADC_GetResult
  D:009DH         PUBLIC        P1ASF
  D:00BEH         PUBLIC        ADC_RESL
  D:00D0H         PUBLIC        PSW
  -------         PROC          ADC_INIT
  C:4AE9H         LINE#         7
  C:4AE9H         LINE#         8
  C:4AE9H         LINE#         10
  C:4AEBH         LINE#         11
[...]
  C:3E86H         LINE#         143
  C:3E86H         LINE#         144
  C:3E86H         LINE#         145
  C:3E86H         LINE#         146
  C:3E89H         LINE#         147
  C:3E90H         LINE#         149
  C:3EAFH         LINE#         151
  C:3EB1H         LINE#         152
  -------         ENDPROC       _AT25SF041_WRITE
  -------         PROC          _AT25SF041_READ
  D:0003H         SYMBOL        opcode
  X:0623H         SYMBOL        addr
  -------         DO            
  X:0627H         SYMBOL        dat
  X:0628H         SYMBOL        i
  -------         ENDDO         
  C:3CB7H         LINE#         156
  C:3CB9H         LINE#         157
  C:3CB9H         LINE#         158
  C:3CBEH         LINE#         160
  C:3CC0H         LINE#         161
  C:3CC6H         LINE#         165
  C:3CCBH         LINE#         166
BL51 BANKED LINKER/LOCATER V6.22                                                      02/21/2019  14:47:02  PAGE 45


  C:3CCBH         LINE#         167
  C:3CCDH         LINE#         168
  C:3CD0H         LINE#         169
  C:3CD4H         LINE#         170
  C:3CD4H         LINE#         171
  C:3CD6H         LINE#         172
  C:3CD8H         LINE#         174
  C:3CD8H         LINE#         175
  C:3CDAH         LINE#         177
  C:3CDAH         LINE#         178
  C:3CDAH         LINE#         179
  C:3CDAH         LINE#         180
  C:3CDDH         LINE#         181
  C:3CE1H         LINE#         184
  C:3D00H         LINE#         186
  C:3D07H         LINE#         187
  C:3D07H         LINE#         188
  C:3D09H         LINE#         189
  C:3D0CH         LINE#         190
  C:3D25H         LINE#         191
  C:3D25H         LINE#         192
  C:3D27H         LINE#         193
  C:3D29H         LINE#         195
  C:3D29H         LINE#         196
  C:3D2BH         LINE#         198
  C:3D2BH         LINE#         199
  C:3D2BH         LINE#         200
  C:3D2BH         LINE#         201
  C:3D2EH         LINE#         202
  C:3D47H         LINE#         204
  C:3D66H         LINE#         207
  C:3D6DH         LINE#         209
  C:3D6FH         LINE#         210
  C:3D76H         LINE#         212
  C:3D7DH         LINE#         213
  C:3D7DH         LINE#         214
  C:3D84H         LINE#         215
  C:3D84H         LINE#         216
  C:3D87H         LINE#         217
  C:3D89H         LINE#         218
  C:3D8CH         LINE#         220
  C:3D8FH         LINE#         221
  C:3D8FH         LINE#         223
  C:3D93H         LINE#         224
  C:3D93H         LINE#         230
  C:3DB2H         LINE#         233
  C:3DB4H         LINE#         234
  C:3DB7H         LINE#         235
  C:3DBCH         LINE#         237
  -------         ENDPROC       _AT25SF041_READ
  -------         PROC          READ_STATUS_REGISTER_BYTE1
  -------         DO            
  D:0003H         SYMBOL        dat
  D:0001H         SYMBOL        opcode
  X:03D1H         SYMBOL        count
  X:03D2H         SYMBOL        i
  -------         ENDDO         
BL51 BANKED LINKER/LOCATER V6.22                                                      02/21/2019  14:47:02  PAGE 46


  C:426AH         LINE#         241
  C:426AH         LINE#         242
  C:426AH         LINE#         243
  C:4270H         LINE#         244
  C:4274H         LINE#         245
  C:4276H         LINE#         246
  C:4278H         LINE#         247
  C:427EH         LINE#         251
  C:4285H         LINE#         252
  C:4285H         LINE#         253
  C:4287H         LINE#         254
  C:428AH         LINE#         255
  C:428EH         LINE#         256
  C:428EH         LINE#         257
  C:4290H         LINE#         258
  C:4292H         LINE#         260
  C:4292H         LINE#         261
  C:4294H         LINE#         263
  C:4294H         LINE#         264
  C:4294H         LINE#         265
  C:4294H         LINE#         266
  C:4297H         LINE#         267
  C:429BH         LINE#         270
  C:42BAH         LINE#         274
  C:42C1H         LINE#         276
  C:42C3H         LINE#         277
  C:42CAH         LINE#         278
  C:42D1H         LINE#         279
  C:42D1H         LINE#         280
  C:42D5H         LINE#         281
  C:42D5H         LINE#         282
  C:42D8H         LINE#         283
  C:42DAH         LINE#         284
  C:42DDH         LINE#         286
  C:42E0H         LINE#         287
  C:42E0H         LINE#         289
  C:42E4H         LINE#         290
  C:42E4H         LINE#         292
  C:4303H         LINE#         296
  C:4305H         LINE#         297
  C:4308H         LINE#         298
  C:430AH         LINE#         299
  -------         ENDPROC       READ_STATUS_REGISTER_BYTE1
  -------         PROC          SPI_NOR_WRITE_DATA
  X:03C0H         SYMBOL        dat
  X:03CCH         SYMBOL        addr
  C:376FH         LINE#         301
  C:376FH         LINE#         302
  C:376FH         LINE#         303
  C:3788H         LINE#         304
  C:3788H         LINE#         305
  C:378BH         LINE#         306
  C:3792H         LINE#         307
  C:3795H         LINE#         308
  C:379CH         LINE#         309
  C:379CH         LINE#         311
  C:379FH         LINE#         312
BL51 BANKED LINKER/LOCATER V6.22                                                      02/21/2019  14:47:02  PAGE 47


  C:37A6H         LINE#         313
  C:37B6H         LINE#         315
  C:37D4H         LINE#         316
  C:37DBH         LINE#         317
  C:37DEH         LINE#         318
  C:37E5H         LINE#         319
  C:37F5H         LINE#         320
  C:37F5H         LINE#         322
  C:37F5H         LINE#         323
  C:37F8H         LINE#         324
  C:37FFH         LINE#         325
  C:380FH         LINE#         326
  C:380FH         LINE#         328
  C:380FH         LINE#         329
  C:3812H         LINE#         330
  C:3819H         LINE#         331
  C:3829H         LINE#         332
  C:3829H         LINE#         334
  C:3829H         LINE#         335
  C:382CH         LINE#         336
  C:3833H         LINE#         337
  C:3843H         LINE#         338
  C:3843H         LINE#         340
  C:3843H         LINE#         341
  C:3846H         LINE#         342
  C:384DH         LINE#         343
  C:385DH         LINE#         344
  C:385DH         LINE#         345
  C:385DH         LINE#         346
  C:3860H         LINE#         347
  C:3867H         LINE#         348
  C:3877H         LINE#         349
  C:3877H         LINE#         351
  C:3877H         LINE#         352
  C:387AH         LINE#         353
  C:3881H         LINE#         354
  C:3892H         LINE#         355
  C:3892H         LINE#         357
  C:3892H         LINE#         358
  C:3895H         LINE#         359
  C:389CH         LINE#         360
  C:38ACH         LINE#         361
  C:38ACH         LINE#         363
  C:38ACH         LINE#         364
  C:38AFH         LINE#         365
  C:38B6H         LINE#         366
  C:38C6H         LINE#         367
  C:38C6H         LINE#         369
  C:38C6H         LINE#         370
  C:38C9H         LINE#         371
  C:38D0H         LINE#         372
  C:38E0H         LINE#         373
  -------         ENDPROC       SPI_NOR_WRITE_DATA
  -------         ENDMOD        AT25SF041

  -------         MODULE        ?C_STARTUP
  C:44D9H         SEGMENT       ?C_C51STARTUP
BL51 BANKED LINKER/LOCATER V6.22                                                      02/21/2019  14:47:02  PAGE 48


  I:0022H         SEGMENT       ?STACK
  C:0000H         PUBLIC        ?C_STARTUP
  D:00E0H         SYMBOL        ACC
  D:00F0H         SYMBOL        B
  D:0083H         SYMBOL        DPH
  D:0082H         SYMBOL        DPL
  N:0000H         SYMBOL        IBPSTACK
  N:0100H         SYMBOL        IBPSTACKTOP
  N:0080H         SYMBOL        IDATALEN
  C:44DCH         SYMBOL        IDATALOOP
  N:0000H         SYMBOL        PBPSTACK
  N:0100H         SYMBOL        PBPSTACKTOP
  N:0000H         SYMBOL        PDATALEN
  N:0000H         SYMBOL        PDATASTART
  N:0000H         SYMBOL        PPAGE
  N:0000H         SYMBOL        PPAGEENABLE
  D:00A0H         SYMBOL        PPAGE_SFR
  D:0081H         SYMBOL        SP
  C:44D9H         SYMBOL        STARTUP1
  N:0000H         SYMBOL        XBPSTACK
  N:0000H         SYMBOL        XBPSTACKTOP
  N:0000H         SYMBOL        XDATALEN
  N:0000H         SYMBOL        XDATASTART
  C:0000H         LINE#         126
  C:44D9H         LINE#         133
  C:44DBH         LINE#         134
  C:44DCH         LINE#         135
  C:44DDH         LINE#         136
  C:44DFH         LINE#         185
  C:44E2H         LINE#         196
  -------         ENDMOD        ?C_STARTUP

  -------         MODULE        ?C?FPADD
  C:14DDH         PUBLIC        ?C?FPADD
  C:14D9H         PUBLIC        ?C?FPSUB
  -------         ENDMOD        ?C?FPADD

  -------         MODULE        ?C?FPMUL
  C:15CEH         PUBLIC        ?C?FPMUL
  -------         ENDMOD        ?C?FPMUL

  -------         MODULE        ?C?FPDIV
  C:16D7H         PUBLIC        ?C?FPDIV
  -------         ENDMOD        ?C?FPDIV

  -------         MODULE        ?C?FPCMP
  C:1776H         PUBLIC        ?C?FPCMP
  C:1774H         PUBLIC        ?C?FPCMP3
  -------         ENDMOD        ?C?FPCMP

  -------         MODULE        ?C?FPNEG
  C:17EDH         PUBLIC        ?C?FPNEG
  -------         ENDMOD        ?C?FPNEG

  -------         MODULE        ?C?FCAST
  C:1808H         PUBLIC        ?C?FCASTC
  C:1803H         PUBLIC        ?C?FCASTI
BL51 BANKED LINKER/LOCATER V6.22                                                      02/21/2019  14:47:02  PAGE 49


  C:17FEH         PUBLIC        ?C?FCASTL
  -------         ENDMOD        ?C?FCAST

  -------         MODULE        ?C?CASTF
  C:183CH         PUBLIC        ?C?CASTF
  -------         ENDMOD        ?C?CASTF

  -------         MODULE        ATAN2
  X:04D5H         PUBLIC        ?_atan2?BYTE
  C:430BH         PUBLIC        _atan2
  -------         ENDMOD        ATAN2

  -------         MODULE        SIN
  C:362FH         PUBLIC        _COS
  C:3645H         PUBLIC        _SIN
  C:3681H         PUBLIC        _TAN
  -------         ENDMOD        SIN

  -------         MODULE        ACOS
  C:4838H         PUBLIC        _ACOS
  -------         ENDMOD        ACOS

  -------         MODULE        ASIN
  C:4946H         PUBLIC        _ASIN
  -------         ENDMOD        ASIN

  -------         MODULE        SQRT
  C:41C2H         PUBLIC        _SQRT
  -------         ENDMOD        SQRT

  -------         MODULE        ATAN
  C:3BB5H         PUBLIC        _ATAN
  -------         ENDMOD        ATAN

  -------         MODULE        ?C?COPY
  C:19DAH         PUBLIC        ?C?COPY
  -------         ENDMOD        ?C?COPY

  -------         MODULE        ?C?CLDPTR
  C:1A00H         PUBLIC        ?C?CLDPTR
  -------         ENDMOD        ?C?CLDPTR

  -------         MODULE        ?C?CLDOPTR
  C:1A19H         PUBLIC        ?C?CLDOPTR
  -------         ENDMOD        ?C?CLDOPTR

  -------         MODULE        ?C?CSTPTR
  C:1A46H         PUBLIC        ?C?CSTPTR
  -------         ENDMOD        ?C?CSTPTR

  -------         MODULE        ?C?IMUL
  C:1A58H         PUBLIC        ?C?IMUL
  -------         ENDMOD        ?C?IMUL

  -------         MODULE        ?C?UIDIV
  C:1A6AH         PUBLIC        ?C?UIDIV
  -------         ENDMOD        ?C?UIDIV
BL51 BANKED LINKER/LOCATER V6.22                                                      02/21/2019  14:47:02  PAGE 50



  -------         MODULE        ?C?SIDIV
  C:1ABFH         PUBLIC        ?C?SIDIV
  -------         ENDMOD        ?C?SIDIV

  -------         MODULE        ?C?ILDIX
  C:1AF5H         PUBLIC        ?C?ILDIX
  -------         ENDMOD        ?C?ILDIX

  -------         MODULE        ?C?ILDOPTR
  C:1B0BH         PUBLIC        ?C?ILDOPTR
  -------         ENDMOD        ?C?ILDOPTR

  -------         MODULE        ?C?ISTPTR
  C:1B43H         PUBLIC        ?C?ISTPTR
  -------         ENDMOD        ?C?ISTPTR

  -------         MODULE        ?C?LMUL
  C:1B62H         PUBLIC        ?C?LMUL
  -------         ENDMOD        ?C?LMUL

  -------         MODULE        ?C?SLDIV
  C:4882H         PUBLIC        ?C?SLDIV
  -------         ENDMOD        ?C?SLDIV

  -------         MODULE        ?C?LNEG
  C:1BB1H         PUBLIC        ?C?LNEG
  -------         ENDMOD        ?C?LNEG

  -------         MODULE        ?C?ULCMP
  C:1BBFH         PUBLIC        ?C?ULCMP
  -------         ENDMOD        ?C?ULCMP

  -------         MODULE        ?C?LSHL
  C:1BD0H         PUBLIC        ?C?LSHL
  -------         ENDMOD        ?C?LSHL

  -------         MODULE        ?C?LLDPTR
  C:1BE3H         PUBLIC        ?C?LLDPTR
  -------         ENDMOD        ?C?LLDPTR

  -------         MODULE        ?C?LLDOPTR
  C:1C03H         PUBLIC        ?C?LLDOPTR
  -------         ENDMOD        ?C?LLDOPTR

  -------         MODULE        ?C?LSTPTR
  C:1C33H         PUBLIC        ?C?LSTPTR
  -------         ENDMOD        ?C?LSTPTR

  -------         MODULE        ?C?LSTOPTR
  C:1C4DH         PUBLIC        ?C?LSTOPTR
  -------         ENDMOD        ?C?LSTOPTR

  -------         MODULE        ?C?LLDXDATA
  C:1C71H         PUBLIC        ?C?LLDXDATA
  -------         ENDMOD        ?C?LLDXDATA

BL51 BANKED LINKER/LOCATER V6.22                                                      02/21/2019  14:47:02  PAGE 51


  -------         MODULE        ?C?LLDCODE
  C:1C7DH         PUBLIC        ?C?LLDCODE
  -------         ENDMOD        ?C?LLDCODE

  -------         MODULE        ?C?LLDXDATA0
  C:1C8DH         PUBLIC        ?C?LLDXDATA0
  -------         ENDMOD        ?C?LLDXDATA0

  -------         MODULE        ?C?LLDCODE0
  C:1C99H         PUBLIC        ?C?LLDCODE0
  -------         ENDMOD        ?C?LLDCODE0

  -------         MODULE        ?C?LLDPTR0
  C:1CA9H         PUBLIC        ?C?LLDPTR0
  -------         ENDMOD        ?C?LLDPTR0

  -------         MODULE        ?C?LSTXDATA
  C:1CC9H         PUBLIC        ?C?LSTXDATA
  -------         ENDMOD        ?C?LSTXDATA

  -------         MODULE        ?C?LSTKXDATA
  C:1CD5H         PUBLIC        ?C?LSTKXDATA
  -------         ENDMOD        ?C?LSTKXDATA

  -------         MODULE        ?C?LSTKPTR
  C:1D06H         PUBLIC        ?C?LSTKPTR
  -------         ENDMOD        ?C?LSTKPTR

  -------         MODULE        ?C?OFFXADD
  C:1D20H         PUBLIC        ?C?OFFXADD
  -------         ENDMOD        ?C?OFFXADD

  -------         MODULE        ABS
  C:4C6EH         PUBLIC        _ABS
  -------         ENDMOD        ABS

  -------         MODULE        ATOI
  C:3EB8H         PUBLIC        _atoi
  -------         ENDMOD        ATOI

  -------         MODULE        ?C?IILDX
  C:1D2CH         PUBLIC        ?C?IILDX
  -------         ENDMOD        ?C?IILDX

  -------         MODULE        ?C?ULDIV
  C:1D7EH         PUBLIC        ?C?ULDIV
  -------         ENDMOD        ?C?ULDIV

  -------         MODULE        ?C?LLDIDATA
  C:1E10H         PUBLIC        ?C?LLDIDATA
  -------         ENDMOD        ?C?LLDIDATA

  -------         MODULE        ?C?LLDPDATA
  C:1E1CH         PUBLIC        ?C?LLDPDATA
  -------         ENDMOD        ?C?LLDPDATA

  -------         MODULE        ?C?LLDIDATA0
BL51 BANKED LINKER/LOCATER V6.22                                                      02/21/2019  14:47:02  PAGE 52


  C:1E28H         PUBLIC        ?C?LLDIDATA0
  -------         ENDMOD        ?C?LLDIDATA0

  -------         MODULE        ?C?LLDPDATA0
  C:1E35H         PUBLIC        ?C?LLDPDATA0
  -------         ENDMOD        ?C?LLDPDATA0

  -------         MODULE        ?C?LSTIDATA
  C:1E42H         PUBLIC        ?C?LSTIDATA
  -------         ENDMOD        ?C?LSTIDATA

  -------         MODULE        ?C?LSTPDATA
  C:1E4EH         PUBLIC        ?C?LSTPDATA
  -------         ENDMOD        ?C?LSTPDATA

  -------         MODULE        ?C?LSTKIDATA
  C:1E5AH         PUBLIC        ?C?LSTKIDATA
  -------         ENDMOD        ?C?LSTKIDATA

  -------         MODULE        ?C?LSTKPDATA
  C:1E73H         PUBLIC        ?C?LSTKPDATA
  -------         ENDMOD        ?C?LSTKPDATA

  -------         MODULE        ISDIGIT
  C:4C46H         PUBLIC        _isdigit
  -------         ENDMOD        ISDIGIT

  -------         MODULE        ISSPACE
  C:4BE1H         PUBLIC        _isspace
  -------         ENDMOD        ISSPACE

*** WARNING L16: UNCALLED SEGMENT, IGNORED FOR OVERLAY PROCESS
    SEGMENT: ?PR?_DISPLAY_PROX?MAIN

*** WARNING L16: UNCALLED SEGMENT, IGNORED FOR OVERLAY PROCESS
    SEGMENT: ?PR?_DAY_OF_YEAR?PCF85063BTL

*** WARNING L16: UNCALLED SEGMENT, IGNORED FOR OVERLAY PROCESS
    SEGMENT: ?PR?INITUART1?UART1

*** WARNING L16: UNCALLED SEGMENT, IGNORED FOR OVERLAY PROCESS
    SEGMENT: ?PR?_SENDSTRING?UART1

*** WARNING L16: UNCALLED SEGMENT, IGNORED FOR OVERLAY PROCESS
    SEGMENT: ?PR?_TEN?UART1

*** WARNING L16: UNCALLED SEGMENT, IGNORED FOR OVERLAY PROCESS
    SEGMENT: ?PR?_UNIT?UART1

*** WARNING L16: UNCALLED SEGMENT, IGNORED FOR OVERLAY PROCESS
    SEGMENT: ?PR?_DECTOBCD?UART1

*** WARNING L16: UNCALLED SEGMENT, IGNORED FOR OVERLAY PROCESS
    SEGMENT: ?PR?_ASCII_LETTER?UART1

*** WARNING L16: UNCALLED SEGMENT, IGNORED FOR OVERLAY PROCESS
    SEGMENT: ?PR?_ASCIITOBCD?UART1
BL51 BANKED LINKER/LOCATER V6.22                                                      02/21/2019  14:47:02  PAGE 53



*** WARNING L16: UNCALLED SEGMENT, IGNORED FOR OVERLAY PROCESS
    SEGMENT: ?PR?WAIT?BIPOLARMOTOR

*** WARNING L16: UNCALLED SEGMENT, IGNORED FOR OVERLAY PROCESS
    SEGMENT: ?PR?_FINDDET4X4?BIPOLARMOTOR

*** WARNING L16: UNCALLED SEGMENT, IGNORED FOR OVERLAY PROCESS
    SEGMENT: ?PR?NOP?IOEXPANDER_PI4IOE5V96248

*** WARNING L16: UNCALLED SEGMENT, IGNORED FOR OVERLAY PROCESS
    SEGMENT: ?PR?UC_ACK?IOEXPANDER_PI4IOE5V96248

*** WARNING L16: UNCALLED SEGMENT, IGNORED FOR OVERLAY PROCESS
    SEGMENT: ?PR?UC_NACK?IOEXPANDER_PI4IOE5V96248

*** WARNING L16: UNCALLED SEGMENT, IGNORED FOR OVERLAY PROCESS
    SEGMENT: ?PR?_AT25SF041_READ?AT25SF041

*** WARNING L1: UNRESOLVED EXTERNAL SYMBOL
    SYMBOL:  AUTO_MODE
    MODULE:  .\Obj\main.obj (MAIN)

*** WARNING L2: REFERENCE MADE TO UNRESOLVED EXTERNAL
    SYMBOL:  AUTO_MODE
    MODULE:  .\Obj\main.obj (MAIN)
    ADDRESS: 0B41H

*** WARNING L2: REFERENCE MADE TO UNRESOLVED EXTERNAL
    SYMBOL:  AUTO_MODE
    MODULE:  .\Obj\main.obj (MAIN)
    ADDRESS: 0CB6H

*** WARNING L2: REFERENCE MADE TO UNRESOLVED EXTERNAL
    SYMBOL:  AUTO_MODE
    MODULE:  .\Obj\main.obj (MAIN)
    ADDRESS: 0CC4H

*** WARNING L2: REFERENCE MADE TO UNRESOLVED EXTERNAL
    SYMBOL:  AUTO_MODE
    MODULE:  .\Obj\main.obj (MAIN)
    ADDRESS: 0CD6H

*** WARNING L2: REFERENCE MADE TO UNRESOLVED EXTERNAL
    SYMBOL:  AUTO_MODE
    MODULE:  .\Obj\main.obj (MAIN)
    ADDRESS: 0D18H

*** WARNING L2: REFERENCE MADE TO UNRESOLVED EXTERNAL
    SYMBOL:  AUTO_MODE
    MODULE:  .\Obj\main.obj (MAIN)
    ADDRESS: 0DEBH

*** WARNING L1: UNRESOLVED EXTERNAL SYMBOL
    SYMBOL:  _SENDUART1
    MODULE:  .\Obj\UART1.obj (UART1)

BL51 BANKED LINKER/LOCATER V6.22                                                      02/21/2019  14:47:02  PAGE 54


*** WARNING L2: REFERENCE MADE TO UNRESOLVED EXTERNAL
    SYMBOL:  _SENDUART1
    MODULE:  .\Obj\UART1.obj (UART1)
    ADDRESS: 49AFH

*** WARNING L1: UNRESOLVED EXTERNAL SYMBOL
    SYMBOL:  AUTO_MODE
    MODULE:  .\Obj\KeyPad.obj (KEYPAD)

*** WARNING L2: REFERENCE MADE TO UNRESOLVED EXTERNAL
    SYMBOL:  AUTO_MODE
    MODULE:  .\Obj\KeyPad.obj (KEYPAD)
    ADDRESS: 3036H

*** WARNING L2: REFERENCE MADE TO UNRESOLVED EXTERNAL
    SYMBOL:  AUTO_MODE
    MODULE:  .\Obj\KeyPad.obj (KEYPAD)
    ADDRESS: 3041H

*** WARNING L2: REFERENCE MADE TO UNRESOLVED EXTERNAL
    SYMBOL:  AUTO_MODE
    MODULE:  .\Obj\KeyPad.obj (KEYPAD)
    ADDRESS: 3048H

Program Size: data=10.2 xdata=1592 code=19616
LINK/LOCATE RUN COMPLETE.  28 WARNING(S),  0 ERROR(S)
