BL51 BANKED LINKER/LOCATER V6.22                                                        05/31/2019  11:13:33  PAGE 1


BL51 BANKED LINKER/LOCATER V6.22, INVOKED BY:
C:\KEIL_V5\C51\BIN\BL51.EXE .\Obj\main.obj, .\Obj\PCF85063BTL.obj, .\Obj\LCd_Driver_SPLC780D.obj, .\Obj\KeyPad.obj, .\Ob
>> j\BipolarMotor.obj, .\Obj\SunPos.obj, .\Obj\ADC.obj, .\Obj\Calibration.obj, .\Obj\IOExpander_PI4IOE5V96248.obj, .\Obj
>> \AT25SF041.obj, .\Obj\SI1120.obj, .\Obj\UART1.obj, .\Obj\STARTUP.obj TO .\Obj\GPIO_RTC_Test PRINT (.\Lis\GPIO_RTC_Tes
>> t.m51) RAMSIZE (256)


MEMORY MODEL: LARGE WITH FLOATING POINT ARITHMETIC


INPUT MODULES INCLUDED:
  .\Obj\main.obj (MAIN)
  .\Obj\PCF85063BTL.obj (PCF85063BTL)
  .\Obj\LCd_Driver_SPLC780D.obj (LCD_DRIVER_SPLC780D)
  .\Obj\KeyPad.obj (KEYPAD)
  .\Obj\BipolarMotor.obj (BIPOLARMOTOR)
  .\Obj\SunPos.obj (SUNPOS)
  .\Obj\ADC.obj (ADC)
  .\Obj\Calibration.obj (CALIBRATION)
  .\Obj\IOExpander_PI4IOE5V96248.obj (IOEXPANDER_PI4IOE5V96248)
  .\Obj\AT25SF041.obj (AT25SF041)
  .\Obj\SI1120.obj (SI1120)
  .\Obj\UART1.obj (UART1)
  .\Obj\STARTUP.obj (?C_STARTUP)
  C:\KEIL_V5\C51\LIB\C51FPL.LIB (?C?FPADD)
  C:\KEIL_V5\C51\LIB\C51FPL.LIB (?C?FPMUL)
  C:\KEIL_V5\C51\LIB\C51FPL.LIB (?C?FPDIV)
  C:\KEIL_V5\C51\LIB\C51FPL.LIB (?C?FPCMP)
  C:\KEIL_V5\C51\LIB\C51FPL.LIB (?C?FPNEG)
  C:\KEIL_V5\C51\LIB\C51FPL.LIB (?C?FCAST)
  C:\KEIL_V5\C51\LIB\C51FPL.LIB (?C?CASTF)
  C:\KEIL_V5\C51\LIB\C51FPL.LIB (PRINTF)
  C:\KEIL_V5\C51\LIB\C51FPL.LIB (ATAN2)
  C:\KEIL_V5\C51\LIB\C51FPL.LIB (SIN)
  C:\KEIL_V5\C51\LIB\C51FPL.LIB (ACOS)
  C:\KEIL_V5\C51\LIB\C51FPL.LIB (ASIN)
  C:\KEIL_V5\C51\LIB\C51FPL.LIB (POW)
  C:\KEIL_V5\C51\LIB\C51FPL.LIB (?C?FPGETOPN)
  C:\KEIL_V5\C51\LIB\C51FPL.LIB (?C?CHKFLOAT)
  C:\KEIL_V5\C51\LIB\C51FPL.LIB (?C?FPROUND)
  C:\KEIL_V5\C51\LIB\C51FPL.LIB (?C?FPCONVERT)
  C:\KEIL_V5\C51\LIB\C51FPL.LIB (?C?FPSERIES)
  C:\KEIL_V5\C51\LIB\C51FPL.LIB (EXP)
  C:\KEIL_V5\C51\LIB\C51FPL.LIB (LOG)
  C:\KEIL_V5\C51\LIB\C51FPL.LIB (SQRT)
  C:\KEIL_V5\C51\LIB\C51FPL.LIB (ATAN)
  C:\KEIL_V5\C51\LIB\C51FPL.LIB (?C?FTNPWR)
  C:\KEIL_V5\C51\LIB\C51L.LIB (?C_INIT)
  C:\KEIL_V5\C51\LIB\C51L.LIB (?C?COPY)
  C:\KEIL_V5\C51\LIB\C51L.LIB (?C?CLDPTR)
  C:\KEIL_V5\C51\LIB\C51L.LIB (?C?CLDOPTR)
  C:\KEIL_V5\C51\LIB\C51L.LIB (?C?CSTPTR)
  C:\KEIL_V5\C51\LIB\C51L.LIB (?C?IMUL)
  C:\KEIL_V5\C51\LIB\C51L.LIB (?C?UIDIV)
  C:\KEIL_V5\C51\LIB\C51L.LIB (?C?SIDIV)
  C:\KEIL_V5\C51\LIB\C51L.LIB (?C?ILDIX)
  C:\KEIL_V5\C51\LIB\C51L.LIB (?C?ILDOPTR)
  C:\KEIL_V5\C51\LIB\C51L.LIB (?C?ISTPTR)
BL51 BANKED LINKER/LOCATER V6.22                                                      05/31/2019  11:13:33  PAGE 2


  C:\KEIL_V5\C51\LIB\C51L.LIB (?C?LMUL)
  C:\KEIL_V5\C51\LIB\C51L.LIB (?C?SLDIV)
  C:\KEIL_V5\C51\LIB\C51L.LIB (?C?LNEG)
  C:\KEIL_V5\C51\LIB\C51L.LIB (?C?ULCMP)
  C:\KEIL_V5\C51\LIB\C51L.LIB (?C?LSHL)
  C:\KEIL_V5\C51\LIB\C51L.LIB (?C?LLDPTR)
  C:\KEIL_V5\C51\LIB\C51L.LIB (?C?LLDOPTR)
  C:\KEIL_V5\C51\LIB\C51L.LIB (?C?LSTPTR)
  C:\KEIL_V5\C51\LIB\C51L.LIB (?C?LSTOPTR)
  C:\KEIL_V5\C51\LIB\C51L.LIB (?C?LLDXDATA)
  C:\KEIL_V5\C51\LIB\C51L.LIB (?C?LLDCODE)
  C:\KEIL_V5\C51\LIB\C51L.LIB (?C?LLDXDATA0)
  C:\KEIL_V5\C51\LIB\C51L.LIB (?C?LLDCODE0)
  C:\KEIL_V5\C51\LIB\C51L.LIB (?C?LLDPTR0)
  C:\KEIL_V5\C51\LIB\C51L.LIB (?C?LSTXDATA)
  C:\KEIL_V5\C51\LIB\C51L.LIB (?C?LSTKXDATA)
  C:\KEIL_V5\C51\LIB\C51L.LIB (?C?LSTKPTR)
  C:\KEIL_V5\C51\LIB\C51L.LIB (?C?OFFXADD)
  C:\KEIL_V5\C51\LIB\C51L.LIB (?C?PLDIXDATA)
  C:\KEIL_V5\C51\LIB\C51L.LIB (?C?PSTXDATA)
  C:\KEIL_V5\C51\LIB\C51L.LIB (?C?CCASE)
  C:\KEIL_V5\C51\LIB\C51L.LIB (PUTCHAR)
  C:\KEIL_V5\C51\LIB\C51L.LIB (ATOI)
  C:\KEIL_V5\C51\LIB\C51L.LIB (?C?IILDX)
  C:\KEIL_V5\C51\LIB\C51L.LIB (?C?ULDIV)
  C:\KEIL_V5\C51\LIB\C51L.LIB (?C?LLDIDATA)
  C:\KEIL_V5\C51\LIB\C51L.LIB (?C?LLDPDATA)
  C:\KEIL_V5\C51\LIB\C51L.LIB (?C?LLDIDATA0)
  C:\KEIL_V5\C51\LIB\C51L.LIB (?C?LLDPDATA0)
  C:\KEIL_V5\C51\LIB\C51L.LIB (?C?LSTIDATA)
  C:\KEIL_V5\C51\LIB\C51L.LIB (?C?LSTPDATA)
  C:\KEIL_V5\C51\LIB\C51L.LIB (?C?LSTKIDATA)
  C:\KEIL_V5\C51\LIB\C51L.LIB (?C?LSTKPDATA)
  C:\KEIL_V5\C51\LIB\C51L.LIB (ISDIGIT)
  C:\KEIL_V5\C51\LIB\C51L.LIB (ISSPACE)


LINK MAP OF MODULE:  .\Obj\GPIO_RTC_Test (MAIN)


            TYPE    BASE      LENGTH    RELOCATION   SEGMENT NAME
            -----------------------------------------------------

            * * * * * * *   D A T A   M E M O R Y   * * * * * * *
            REG     0000H     0008H     ABSOLUTE     "REG BANK 0"
            DATA    0008H     0005H     UNIT         _DATA_GROUP_
                    000DH     0013H                  *** GAP ***
            BIT     0020H.0   0001H.2   UNIT         _BIT_GROUP_
            BIT     0021H.2   0000H.1   UNIT         ?BI?MAIN
            BIT     0021H.3   0000H.1   UNIT         ?BI?_ATOI?ATOI
                    0021H.4   0000H.4                *** GAP ***
            IDATA   0022H     0001H     UNIT         ?STACK

            * * * * * * *  X D A T A   M E M O R Y  * * * * * * *
            XDATA   0000H     03BCH     UNIT         ?XD?BIPOLARMOTOR
            XDATA   03BCH     0151H     UNIT         _XDATA_GROUP_
            XDATA   050DH     0107H     UNIT         ?XD?MAIN
BL51 BANKED LINKER/LOCATER V6.22                                                      05/31/2019  11:13:33  PAGE 3


            XDATA   0614H     0019H     UNIT         ?XD?KEYPAD
            XDATA   062DH     000EH     UNIT         ?XD?SPI_NOR_WRITE_DATA?AT25SF041
            XDATA   063BH     0008H     UNIT         ?XD?_AT25SF041_READ?AT25SF041
            XDATA   0643H     0005H     UNIT         ?XD?_ATOI?ATOI
            XDATA   0648H     0001H     UNIT         ?XD?UC_ACK?IOEXPANDER_PI4IOE5V96248
            XDATA   0649H     0001H     UNIT         ?XD?UC_NACK?IOEXPANDER_PI4IOE5V96248

            * * * * * * *   C O D E   M E M O R Y   * * * * * * *
            CODE    0000H     0003H     ABSOLUTE     
            CODE    0003H     0003H     ABSOLUTE     
            CODE    0006H     0005H     UNIT         ?PR?_UNIT?UART1
            CODE    000BH     0003H     ABSOLUTE     
            CODE    000EH     000DH     UNIT         ?PR?UART?MAIN
            CODE    001BH     0003H     ABSOLUTE     
            CODE    001EH     0005H     UNIT         ?PR?_ASCII_LETTER?UART1
            CODE    0023H     0003H     ABSOLUTE     
            CODE    0026H     0BC8H     UNIT         ?C?LIB_CODE
            CODE    0BEEH     0BB6H     UNIT         ?PR?MAIN?MAIN
            CODE    17A4H     07A2H     UNIT         ?PR?SUNPOS?SUNPOS
            CODE    1F46H     063CH     UNIT         ?PR?_UPDATE_POSITION?BIPOLARMOTOR
            CODE    2582H     04FBH     UNIT         ?PR?_THEORICALJP_POSITION?BIPOLARMOTOR
            CODE    2A7DH     04B2H     UNIT         ?PR?_FIND_REAL_MAX?CALIBRATION
            CODE    2F2FH     0483H     UNIT         ?PR?PRINTF?PRINTF
            CODE    33B2H     040EH     UNIT         ?C_INITSEG
            CODE    37C0H     038CH     UNIT         ?PR?KEY_PROCESS?KEYPAD
            CODE    3B4CH     0380H     UNIT         ?PR?_ELEVATION_CALCULATION?BIPOLARMOTOR
            CODE    3ECCH     01C7H     UNIT         ?PR?_CALIBRATION?CALIBRATION
            CODE    4093H     018DH     UNIT         ?PR?KEY_SCAN?KEYPAD
            CODE    4220H     0189H     UNIT         ?PR?SPI_NOR_WRITE_DATA?AT25SF041
            CODE    43A9H     0188H     UNIT         ?PR?SIN?SIN
            CODE    4531H     0166H     UNIT         ?PR?_POW?POW
            CODE    4697H     0155H     UNIT         ?PR?_DISPLAY_POS?LCD_DRIVER_SPLC780D
            CODE    47ECH     0129H     UNIT         ?PR?LOG?LOG
            CODE    4915H     0122H     UNIT         ?PR?ATAN?ATAN
            CODE    4A37H     0110H     UNIT         ?PR?_AT25SF041_READ?AT25SF041
            CODE    4B47H     0102H     UNIT         ?PR?_AT25SF041_WRITE?AT25SF041
            CODE    4C49H     00F4H     UNIT         ?PR?EXINT0?MAIN
            CODE    4D3DH     00DBH     UNIT         ?PR?_ATOI?ATOI
            CODE    4E18H     00C3H     UNIT         ?PR?LINEAR_INTERPOLATE?BIPOLARMOTOR
            CODE    4EDBH     00BBH     UNIT         ?PR?VOLTAGE_IS_STABLE?CALIBRATION
            CODE    4F96H     00ADH     UNIT         ?PR?_WRITE_PI4IOE5V96248?IOEXPANDER_PI4IOE5V96248
            CODE    5043H     00ACH     UNIT         ?PR?SQRT?SQRT
            CODE    50EFH     00A1H     UNIT         ?PR?UCREAD_STATUS_REGISTER_BYTE1?AT25SF041
            CODE    5190H     009DH     UNIT         ?PR?_ATAN2?ATAN2
            CODE    522DH     009CH     UNIT         ?PR?_MAX_VALUE?CALIBRATION
            CODE    52C9H     009AH     UNIT         ?PR?EXP?EXP
            CODE    5363H     008CH     UNIT         ?C_C51STARTUP
            CODE    53EFH     0088H     UNIT         ?PR?_DAY_OF_YEAR?PCF85063BTL
            CODE    5477H     0079H     UNIT         ?PR?_WRITEDATA?LCD_DRIVER_SPLC780D
            CODE    54F0H     0072H     UNIT         ?PR?AT25SF041_WRITEENABLE?AT25SF041
            CODE    5562H     006FH     UNIT         ?PR?_READ_TIME?PCF85063BTL
            CODE    55D1H     005AH     UNIT         ?PR?AT25SF041_CHIPERASE?AT25SF041
            CODE    562BH     0059H     UNIT         ?PR?LCD_INIT?LCD_DRIVER_SPLC780D
            CODE    5684H     004BH     UNIT         ?CO?UART1
            CODE    56CFH     004AH     UNIT         ?PR?VONESTEPMOVE?BIPOLARMOTOR
            CODE    5719H     004AH     UNIT         ?PR?ACOS?ACOS
            CODE    5763H     0044H     UNIT         ?C?LDIV
BL51 BANKED LINKER/LOCATER V6.22                                                      05/31/2019  11:13:33  PAGE 4


            CODE    57A7H     0040H     UNIT         ?PR?_COMMAND?LCD_DRIVER_SPLC780D
            CODE    57E7H     0040H     UNIT         ?PR?_STEP_MOVE?BIPOLARMOTOR
            CODE    5827H     003BH     UNIT         ?PR?ASIN?ASIN
            CODE    5862H     0033H     UNIT         ?PR?_SENDSTRING?UART1
            CODE    5895H     0031H     UNIT         ?PR?SI1120_CONFIG_MODE_VIRH?SI1120
            CODE    58C6H     002BH     UNIT         ?PR?_WAIT_MS_I2C?IOEXPANDER_PI4IOE5V96248
            CODE    58F1H     002BH     UNIT         ?PR?_WAIT_MS_SPINOR?AT25SF041
            CODE    591CH     002AH     UNIT         ?PR?_ADC_GETRESULT?ADC
            CODE    5946H     0028H     UNIT         ?PR?_MOVE?BIPOLARMOTOR
            CODE    596EH     0027H     UNIT         ?PR?_I2C_SENDBYTE?IOEXPANDER_PI4IOE5V96248
            CODE    5995H     0027H     UNIT         ?PR?PUTCHAR?PUTCHAR
            CODE    59BCH     0025H     UNIT         ?PR?_FINDCLOSESTSAMEDAYCALIBTIME?CALIBRATION
            CODE    59E1H     0024H     UNIT         ?PR?_WAIT_MS?LCD_DRIVER_SPLC780D
            CODE    5A05H     0024H     UNIT         ?PR?_UART1_SENDTOTCPSERVER?UART1
            CODE    5A29H     0021H     UNIT         ?PR?TM0_ISR?MAIN
            CODE    5A4AH     0020H     UNIT         ?PR?_SPI_SENDBYTE?PCF85063BTL
            CODE    5A6AH     0020H     UNIT         ?PR?SPI_RECEIVEBYTE?PCF85063BTL
            CODE    5A8AH     0020H     UNIT         ?CO?CALIBRATION
            CODE    5AAAH     001EH     UNIT         ?PR?_DELAY_MS?KEYPAD
            CODE    5AC8H     001DH     UNIT         ?PR?_DISPLAYLCD?LCD_DRIVER_SPLC780D
            CODE    5AE5H     001CH     UNIT         ?CO?MAIN
            CODE    5B01H     001BH     UNIT         ?PR?_BCDTODEC1?BIPOLARMOTOR
            CODE    5B1CH     001AH     UNIT         ?PR?ADC_INIT?ADC
            CODE    5B36H     0018H     UNIT         ?PR?_SPI_WRITETIME?PCF85063BTL
            CODE    5B4EH     0017H     UNIT         ?PR?_ASCIITOBCD?UART1
            CODE    5B65H     0016H     UNIT         ?PR?I2C_ACK?IOEXPANDER_PI4IOE5V96248
            CODE    5B7BH     0015H     UNIT         ?PR?_DISPLAY_LINE?LCD_DRIVER_SPLC780D
            CODE    5B90H     0015H     UNIT         ?PR?VSETLOCATION?BIPOLARMOTOR
            CODE    5BA5H     0015H     UNIT         ?PR?I2C_STOP?IOEXPANDER_PI4IOE5V96248
            CODE    5BBAH     0014H     UNIT         ?PR?_PCF85063BTL_DELAY?PCF85063BTL
            CODE    5BCEH     0014H     UNIT         ?PR?_ABS?LCD_DRIVER_SPLC780D
            CODE    5BE2H     0014H     UNIT         ?PR?_ISSPACE?ISSPACE
            CODE    5BF6H     0011H     UNIT         ?PR?_SPI_READTIME?PCF85063BTL
            CODE    5C07H     0011H     UNIT         ?PR?_BCDTODEC?PCF85063BTL
            CODE    5C18H     0011H     UNIT         ?PR?INITUART1?UART1
            CODE    5C29H     000FH     UNIT         ?PR?I2C_START?IOEXPANDER_PI4IOE5V96248
            CODE    5C38H     000FH     UNIT         ?PR?UC_NACK?IOEXPANDER_PI4IOE5V96248
            CODE    5C47H     000FH     UNIT         ?PR?_ISDIGIT?ISDIGIT
            CODE    5C56H     000DH     UNIT         ?PR?SPI_INIT?PCF85063BTL
            CODE    5C63H     000DH     UNIT         ?PR?ENABLE_EXTINT0?SI1120
            CODE    5C70H     000CH     UNIT         ?PR?KEYPAD_IO_INIT?KEYPAD
            CODE    5C7CH     000AH     UNIT         ?PR?LCD_RETURN_HOME?LCD_DRIVER_SPLC780D
            CODE    5C86H     000AH     UNIT         ?PR?LCD_CLEAR?LCD_DRIVER_SPLC780D
            CODE    5C90H     0009H     UNIT         ?PR?TM1_ISR?MAIN
            CODE    5C99H     0009H     UNIT         ?PR?_SENDUART1?MAIN
            CODE    5CA2H     0009H     UNIT         ?PR?UART1_INITTCPCONN?UART1
            CODE    5CABH     0006H     UNIT         ?PR?UC_ACK?IOEXPANDER_PI4IOE5V96248
            CODE    5CB1H     0006H     UNIT         ?PR?_TEN?UART1
            CODE    5CB7H     0001H     UNIT         ?PR?NOP?IOEXPANDER_PI4IOE5V96248
            CODE    5CB8H     0001H     UNIT         ?PR?_DECTOBCD?UART1



OVERLAY MAP OF MODULE:   .\Obj\GPIO_RTC_Test (MAIN)


SEGMENT                                             BIT_GROUP          DATA_GROUP          XDATA_GROUP
BL51 BANKED LINKER/LOCATER V6.22                                                      05/31/2019  11:13:33  PAGE 5


  +--> CALLED SEGMENT                            START    LENGTH     START    LENGTH     START    LENGTH
--------------------------------------------------------------------------------------------------------
?PR?EXINT0?MAIN                                  -----    -----      -----    -----      -----    -----
  +--> ?PR?_POW?POW

?PR?_POW?POW                                     -----    -----      -----    -----      03BCH    000AH
  +--> ?PR?LOG?LOG
  +--> ?PR?EXP?EXP

?PR?LOG?LOG                                      0020H.0  0000H.1    -----    -----      03C6H    0004H

*** NEW ROOT ***************************************************

?C_C51STARTUP                                    -----    -----      -----    -----      -----    -----
  +--> ?PR?MAIN?MAIN
  +--> ?C_INITSEG

?PR?MAIN?MAIN                                    -----    -----      -----    -----      03CAH    002EH
  +--> ?PR?LCD_INIT?LCD_DRIVER_SPLC780D
  +--> ?PR?SPI_INIT?PCF85063BTL
  +--> ?PR?KEYPAD_IO_INIT?KEYPAD
  +--> ?PR?ADC_INIT?ADC
  +--> ?PR?SI1120_CONFIG_MODE_VIRH?SI1120
  +--> ?PR?ENABLE_EXTINT0?SI1120
  +--> ?PR?VSETLOCATION?BIPOLARMOTOR
  +--> ?PR?_SPI_WRITETIME?PCF85063BTL
  +--> ?PR?_DELAY_MS?KEYPAD
  +--> ?PR?_DISPLAY_LINE?LCD_DRIVER_SPLC780D
  +--> ?PR?_WRITEDATA?LCD_DRIVER_SPLC780D
  +--> ?PR?INITUART1?UART1
  +--> ?PR?UART1_INITTCPCONN?UART1
  +--> ?CO?MAIN
  +--> ?PR?_UART1_SENDTOTCPSERVER?UART1
  +--> ?PR?KEY_PROCESS?KEYPAD
  +--> ?PR?_COMMAND?LCD_DRIVER_SPLC780D
  +--> ?PR?_DISPLAY_POS?LCD_DRIVER_SPLC780D
  +--> ?PR?_DISPLAYLCD?LCD_DRIVER_SPLC780D
  +--> ?PR?_STEP_MOVE?BIPOLARMOTOR
  +--> ?PR?LCD_RETURN_HOME?LCD_DRIVER_SPLC780D
  +--> ?PR?_READ_TIME?PCF85063BTL
  +--> ?PR?_BCDTODEC1?BIPOLARMOTOR
  +--> ?PR?_ELEVATION_CALCULATION?BIPOLARMOTOR
  +--> ?PR?PRINTF?PRINTF
  +--> ?PR?_SENDSTRING?UART1
  +--> ?PR?_CALIBRATION?CALIBRATION
  +--> ?PR?_UPDATE_POSITION?BIPOLARMOTOR
  +--> ?PR?AT25SF041_WRITEENABLE?AT25SF041
  +--> ?PR?_AT25SF041_WRITE?AT25SF041
  +--> ?PR?_WAIT_MS_SPINOR?AT25SF041
  +--> ?PR?_ADC_GETRESULT?ADC
  +--> ?PR?LINEAR_INTERPOLATE?BIPOLARMOTOR
  +--> ?PR?_FINDCLOSESTSAMEDAYCALIBTIME?CALI...
  +--> ?PR?LCD_CLEAR?LCD_DRIVER_SPLC780D
  +--> ?PR?AT25SF041_CHIPERASE?AT25SF041

?PR?LCD_INIT?LCD_DRIVER_SPLC780D                 -----    -----      -----    -----      -----    -----
  +--> ?PR?_WAIT_MS?LCD_DRIVER_SPLC780D
BL51 BANKED LINKER/LOCATER V6.22                                                      05/31/2019  11:13:33  PAGE 6


  +--> ?PR?_COMMAND?LCD_DRIVER_SPLC780D

?PR?_COMMAND?LCD_DRIVER_SPLC780D                 -----    -----      -----    -----      -----    -----
  +--> ?PR?_WAIT_MS?LCD_DRIVER_SPLC780D

?PR?SI1120_CONFIG_MODE_VIRH?SI1120               -----    -----      -----    -----      -----    -----
  +--> ?PR?_WAIT_MS?LCD_DRIVER_SPLC780D

?PR?_SPI_WRITETIME?PCF85063BTL                   -----    -----      -----    -----      -----    -----
  +--> ?PR?_SPI_SENDBYTE?PCF85063BTL

?PR?_SPI_SENDBYTE?PCF85063BTL                    -----    -----      -----    -----      -----    -----
  +--> ?PR?_PCF85063BTL_DELAY?PCF85063BTL

?PR?_DISPLAY_LINE?LCD_DRIVER_SPLC780D            -----    -----      -----    -----      -----    -----
  +--> ?PR?_COMMAND?LCD_DRIVER_SPLC780D

?PR?_WRITEDATA?LCD_DRIVER_SPLC780D               -----    -----      -----    -----      04E8H    0001H
  +--> ?PR?_WAIT_MS?LCD_DRIVER_SPLC780D

?PR?UART1_INITTCPCONN?UART1                      -----    -----      -----    -----      -----    -----
  +--> ?CO?UART1
  +--> ?PR?_SENDSTRING?UART1

?PR?_SENDSTRING?UART1                            -----    -----      -----    -----      04DDH    0003H
  +--> ?PR?_SENDUART1?MAIN

?PR?_UART1_SENDTOTCPSERVER?UART1                 -----    -----      -----    -----      03F8H    0003H
  +--> ?CO?UART1
  +--> ?PR?_SENDSTRING?UART1
  +--> ?PR?_DELAY_MS?KEYPAD

?PR?KEY_PROCESS?KEYPAD                           -----    -----      -----    -----      03F8H    0006H
  +--> ?PR?KEY_SCAN?KEYPAD
  +--> ?PR?_SPI_WRITETIME?PCF85063BTL
  +--> ?PR?LCD_CLEAR?LCD_DRIVER_SPLC780D
  +--> ?PR?_COMMAND?LCD_DRIVER_SPLC780D
  +--> ?PR?_WRITEDATA?LCD_DRIVER_SPLC780D

?PR?KEY_SCAN?KEYPAD                              -----    -----      -----    -----      03FEH    0003H

?PR?LCD_CLEAR?LCD_DRIVER_SPLC780D                -----    -----      -----    -----      -----    -----
  +--> ?PR?_COMMAND?LCD_DRIVER_SPLC780D

?PR?_DISPLAY_POS?LCD_DRIVER_SPLC780D             -----    -----      -----    -----      04DDH    000BH
  +--> ?PR?_ABS?LCD_DRIVER_SPLC780D
  +--> ?PR?_WRITEDATA?LCD_DRIVER_SPLC780D

?PR?_DISPLAYLCD?LCD_DRIVER_SPLC780D              -----    -----      -----    -----      03F8H    0001H
  +--> ?PR?_WRITEDATA?LCD_DRIVER_SPLC780D

?PR?_STEP_MOVE?BIPOLARMOTOR                      0020H.2  0000H.1    -----    -----      04E1H    0004H
  +--> ?PR?VONESTEPMOVE?BIPOLARMOTOR

?PR?VONESTEPMOVE?BIPOLARMOTOR                    0020H.3  0000H.1    -----    -----      -----    -----
  +--> ?PR?_WRITE_PI4IOE5V96248?IOEXPANDER_P...
  +--> ?PR?_DELAY_MS?KEYPAD
BL51 BANKED LINKER/LOCATER V6.22                                                      05/31/2019  11:13:33  PAGE 7



?PR?_WRITE_PI4IOE5V96248?IOEXPANDER_P...         -----    -----      -----    -----      04E5H    0003H
  +--> ?PR?I2C_START?IOEXPANDER_PI4IOE5V96248
  +--> ?PR?_WAIT_MS_I2C?IOEXPANDER_PI4IOE5V9...
  +--> ?PR?_I2C_SENDBYTE?IOEXPANDER_PI4IOE5V...
  +--> ?PR?I2C_ACK?IOEXPANDER_PI4IOE5V96248
  +--> ?PR?I2C_STOP?IOEXPANDER_PI4IOE5V96248

?PR?I2C_START?IOEXPANDER_PI4IOE5V96248           -----    -----      -----    -----      -----    -----
  +--> ?PR?_WAIT_MS_I2C?IOEXPANDER_PI4IOE5V9...

?PR?_I2C_SENDBYTE?IOEXPANDER_PI4IOE5V...         -----    -----      -----    -----      -----    -----
  +--> ?PR?_WAIT_MS_I2C?IOEXPANDER_PI4IOE5V9...

?PR?I2C_ACK?IOEXPANDER_PI4IOE5V96248             -----    -----      -----    -----      04E8H    0001H
  +--> ?PR?_WAIT_MS_I2C?IOEXPANDER_PI4IOE5V9...

?PR?I2C_STOP?IOEXPANDER_PI4IOE5V96248            -----    -----      -----    -----      -----    -----
  +--> ?PR?_WAIT_MS_I2C?IOEXPANDER_PI4IOE5V9...

?PR?LCD_RETURN_HOME?LCD_DRIVER_SPLC780D          -----    -----      -----    -----      -----    -----
  +--> ?PR?_COMMAND?LCD_DRIVER_SPLC780D

?PR?_READ_TIME?PCF85063BTL                       -----    -----      -----    -----      03F8H    000FH
  +--> ?PR?_SPI_READTIME?PCF85063BTL

?PR?_SPI_READTIME?PCF85063BTL                    -----    -----      -----    -----      -----    -----
  +--> ?PR?_SPI_SENDBYTE?PCF85063BTL
  +--> ?PR?SPI_RECEIVEBYTE?PCF85063BTL

?PR?SPI_RECEIVEBYTE?PCF85063BTL                  -----    -----      -----    -----      -----    -----
  +--> ?PR?_PCF85063BTL_DELAY?PCF85063BTL

?PR?_ELEVATION_CALCULATION?BIPOLARMOTOR          -----    -----      -----    -----      03F8H    0005H
  +--> ?PR?_BCDTODEC1?BIPOLARMOTOR
  +--> ?PR?SUNPOS?SUNPOS
  +--> ?PR?SIN?SIN
  +--> ?PR?ASIN?ASIN

?PR?SUNPOS?SUNPOS                                -----    -----      -----    -----      0442H    005DH
  +--> ?PR?SIN?SIN
  +--> ?PR?_ATAN2?ATAN2
  +--> ?PR?ASIN?ASIN
  +--> ?PR?ACOS?ACOS

?PR?SIN?SIN                                      0020H.1  0000H.1    -----    -----      049FH    0004H

?PR?_ATAN2?ATAN2                                 -----    -----      -----    -----      049FH    0008H
  +--> ?PR?ATAN?ATAN

?PR?ATAN?ATAN                                    0020H.1  0000H.2    -----    -----      04A7H    0004H

?PR?ASIN?ASIN                                    -----    -----      -----    -----      -----    -----
  +--> ?PR?SQRT?SQRT
  +--> ?PR?ATAN?ATAN

?PR?SQRT?SQRT                                    -----    -----      -----    -----      049FH    0004H
BL51 BANKED LINKER/LOCATER V6.22                                                      05/31/2019  11:13:33  PAGE 8



?PR?ACOS?ACOS                                    -----    -----      -----    -----      -----    -----
  +--> ?PR?SQRT?SQRT
  +--> ?PR?ATAN?ATAN

?PR?PRINTF?PRINTF                                0020H.1  0001H.1    0008H    0005H      04DDH    0030H
  +--> ?PR?PUTCHAR?PUTCHAR

?PR?_CALIBRATION?CALIBRATION                     -----    -----      -----    -----      03F8H    0024H
  +--> ?PR?VOLTAGE_IS_STABLE?CALIBRATION
  +--> ?PR?_UPDATE_POSITION?BIPOLARMOTOR
  +--> ?PR?_FIND_REAL_MAX?CALIBRATION

?PR?VOLTAGE_IS_STABLE?CALIBRATION                -----    -----      -----    -----      041CH    0018H
  +--> ?PR?_ADC_GETRESULT?ADC
  +--> ?PR?_ABS?LCD_DRIVER_SPLC780D

?PR?_UPDATE_POSITION?BIPOLARMOTOR                -----    -----      -----    -----      041CH    0026H
  +--> ?PR?_BCDTODEC1?BIPOLARMOTOR
  +--> ?PR?SUNPOS?SUNPOS
  +--> ?PR?SIN?SIN
  +--> ?PR?ASIN?ASIN
  +--> ?PR?_THEORICALJP_POSITION?BIPOLARMOTOR
  +--> ?PR?_ABS?LCD_DRIVER_SPLC780D
  +--> ?PR?_MOVE?BIPOLARMOTOR

?PR?_THEORICALJP_POSITION?BIPOLARMOTOR           -----    -----      -----    -----      0442H    005CH
  +--> ?PR?LINEAR_INTERPOLATE?BIPOLARMOTOR

?PR?LINEAR_INTERPOLATE?BIPOLARMOTOR              -----    -----      -----    -----      049EH    0014H

?PR?_MOVE?BIPOLARMOTOR                           0020H.1  0000H.1    -----    -----      04DDH    0004H
  +--> ?PR?_STEP_MOVE?BIPOLARMOTOR

?PR?_FIND_REAL_MAX?CALIBRATION                   -----    -----      -----    -----      041CH    00C1H
  +--> ?PR?_ADC_GETRESULT?ADC
  +--> ?PR?_WAIT_MS?LCD_DRIVER_SPLC780D
  +--> ?CO?CALIBRATION
  +--> ?PR?PRINTF?PRINTF
  +--> ?PR?_SENDSTRING?UART1
  +--> ?PR?_COMMAND?LCD_DRIVER_SPLC780D
  +--> ?PR?_WRITEDATA?LCD_DRIVER_SPLC780D
  +--> ?PR?_DISPLAY_POS?LCD_DRIVER_SPLC780D
  +--> ?PR?_MOVE?BIPOLARMOTOR
  +--> ?PR?_MAX_VALUE?CALIBRATION

?PR?_MAX_VALUE?CALIBRATION                       -----    -----      -----    -----      04DDH    0004H

?PR?AT25SF041_WRITEENABLE?AT25SF041              -----    -----      -----    -----      03F8H    0002H
  +--> ?PR?_WAIT_MS_SPINOR?AT25SF041
  +--> ?PR?UCREAD_STATUS_REGISTER_BYTE1?AT25...

?PR?UCREAD_STATUS_REGISTER_BYTE1?AT25...         -----    -----      -----    -----      0400H    0003H
  +--> ?PR?_WAIT_MS_SPINOR?AT25SF041

?PR?_AT25SF041_WRITE?AT25SF041                   -----    -----      -----    -----      03F8H    0008H
  +--> ?PR?_WAIT_MS_SPINOR?AT25SF041
BL51 BANKED LINKER/LOCATER V6.22                                                      05/31/2019  11:13:33  PAGE 9


  +--> ?PR?UCREAD_STATUS_REGISTER_BYTE1?AT25...

?PR?AT25SF041_CHIPERASE?AT25SF041                -----    -----      -----    -----      03F8H    0002H
  +--> ?PR?_WAIT_MS_SPINOR?AT25SF041
  +--> ?PR?UCREAD_STATUS_REGISTER_BYTE1?AT25...



SYMBOL TABLE OF MODULE:  .\Obj\GPIO_RTC_Test (MAIN)

  VALUE           TYPE          NAME
  ----------------------------------

  -------         MODULE        MAIN
  C:0000H         SYMBOL        _ICE_DUMMY_
  X:0515H         PUBLIC        calib_value
  D:0080H         PUBLIC        P0
  D:0090H         PUBLIC        P1
  D:00A0H         PUBLIC        P2
  D:00B0H         PUBLIC        P3
  D:00C0H         PUBLIC        P4
  D:00C8H         PUBLIC        P5
  X:0569H         SYMBOL        PressedKey
  B:00A8H.7       PUBLIC        EA
  D:00E8H         PUBLIC        P6
  X:056DH         PUBLIC        calib_stamp
  D:00F8H         PUBLIC        P7
  X:056EH         PUBLIC        sTempString
  X:0574H         PUBLIC        calib_bool
  X:059EH         PUBLIC        pwm_time_min
  D:00A8H         PUBLIC        IE
  X:05A2H         PUBLIC        calib_time
  X:05F6H         PUBLIC        pwm_time_max
  D:00B8H         PUBLIC        IP
  B:0098H.0       PUBLIC        RI
  B:00B0H.2       PUBLIC        INT0
  X:05FAH         PUBLIC        months
  B:0098H.1       PUBLIC        TI
  C:000EH         PUBLIC        Uart
  D:00D8H         PUBLIC        CCON
  C:0BEEH         PUBLIC        main
  X:05FBH         PUBLIC        count
  D:0099H         PUBLIC        SBUF
  X:05FDH         PUBLIC        days
  X:05FEH         PUBLIC        hours
  D:0098H         PUBLIC        SCON
  D:0089H         PUBLIC        TMOD
  D:0088H         PUBLIC        TCON
  B:00A0H.3       PUBLIC        P23
  X:05FFH         SYMBOL        KeyCount
  X:0601H         PUBLIC        mins
  B:00C8H.5       PUBLIC        P55
  D:008EH         PUBLIC        AUXR
  C:5A29H         PUBLIC        tm0_isr
  B:0090H.5       PUBLIC        SI1120_STX
  C:5C90H         PUBLIC        tm1_isr
  B:0021H.2       PUBLIC        busy
BL51 BANKED LINKER/LOCATER V6.22                                                      05/31/2019  11:13:33  PAGE 10


  D:00E0H         PUBLIC        ACC
  B:00A8H.1       PUBLIC        ET0
  B:00A8H.3       PUBLIC        ET1
  X:0602H         PUBLIC        SPI_NOR_INTERNAL_FLASH_ADDR
  D:008CH         PUBLIC        TH0
  D:008DH         PUBLIC        TH1
  D:008AH         PUBLIC        TL0
  D:008BH         PUBLIC        TL1
  B:0088H.4       PUBLIC        TR0
  B:0088H.6       PUBLIC        TR1
  C:4C49H         PUBLIC        exint0
  X:0606H         SYMBOL        KeyNum
  X:0607H         SYMBOL        KeyNum_Old
  X:0608H         PUBLIC        timer0_count
  X:060AH         PUBLIC        current_position
  X:060EH         PUBLIC        pwm_time
  X:0612H         PUBLIC        start_timer0_count
  X:0613H         PUBLIC        seconds
  D:00D0H         PUBLIC        PSW
  C:5C99H         PUBLIC        _SendUART1
  -------         PROC          TM0_ISR
  C:5A29H         LINE#         100
  C:5A2FH         LINE#         104
  C:5A32H         LINE#         105
  C:5A35H         LINE#         106
  C:5A43H         LINE#         107
  -------         ENDPROC       TM0_ISR
  -------         PROC          TM1_ISR
  C:5C90H         LINE#         108
  C:5C90H         LINE#         110
  C:5C92H         LINE#         112
  C:5C95H         LINE#         113
  C:5C98H         LINE#         114
  -------         ENDPROC       TM1_ISR
  -------         PROC          EXINT0
  C:4C49H         LINE#         115
  C:4C66H         LINE#         119
  C:4C69H         LINE#         120
  C:4C69H         LINE#         121
  C:4C6CH         LINE#         122
  C:4C6FH         LINE#         123
  C:4C71H         LINE#         124
  C:4C73H         LINE#         128
  C:4C76H         LINE#         131
  C:4C76H         LINE#         132
  C:4C78H         LINE#         134
  C:4C84H         LINE#         135
  C:4CDDH         LINE#         136
  C:4D1BH         LINE#         137
  C:4D22H         LINE#         142
  C:4D22H         LINE#         144
  -------         ENDPROC       EXINT0
  -------         PROC          MAIN
  -------         DO            
  X:050DH         SYMBOL        KeyCount
  X:050FH         SYMBOL        KeyNum_Old
  X:0510H         SYMBOL        KeyNum
BL51 BANKED LINKER/LOCATER V6.22                                                      05/31/2019  11:13:33  PAGE 11


  X:0511H         SYMBOL        PressedKey
  X:03CAH         SYMBOL        prox_flag
  X:03CBH         SYMBOL        iUse_prevday_calib_value
  X:03CDH         SYMBOL        max_ADC_Val_JP
  X:03CFH         SYMBOL        max_ADC_Val
  X:03D1H         SYMBOL        calib_point1
  X:03D9H         SYMBOL        calib_point2
  X:03E1H         SYMBOL        dat_to_store
  X:03ECH         SYMBOL        calib_day
  X:03EEH         SYMBOL        calib_count
  X:03F0H         SYMBOL        theorical_JP_max_pos
  X:03F4H         SYMBOL        elevation
  -------         ENDDO         
  C:0BEEH         LINE#         146
  C:0BEEH         LINE#         147
  C:0BEEH         LINE#         152
  C:0BF4H         LINE#         153
  C:0BF9H         LINE#         155
  C:0C01H         LINE#         159
  C:0C07H         LINE#         160
  C:0C11H         LINE#         167
  C:0C19H         LINE#         168
  C:0C20H         LINE#         169
  C:0C26H         LINE#         171
  C:0C2CH         LINE#         183
  C:0C2FH         LINE#         184
  C:0C32H         LINE#         185
  C:0C35H         LINE#         187
  C:0C38H         LINE#         190
  C:0C3BH         LINE#         191
  C:0C3EH         LINE#         193
  C:0C41H         LINE#         195
  C:0C44H         LINE#         196
  C:0C47H         LINE#         197
  C:0C4AH         LINE#         198
  C:0C4CH         LINE#         199
  C:0C4EH         LINE#         200
  C:0C51H         LINE#         201
  C:0C53H         LINE#         202
  C:0C55H         LINE#         204
  C:0C57H         LINE#         205
  C:0C5EH         LINE#         206
  C:0C65H         LINE#         207
  C:0C6CH         LINE#         208
  C:0C73H         LINE#         212
  C:0C7AH         LINE#         213
  C:0C7FH         LINE#         214
  C:0C84H         LINE#         215
  C:0C89H         LINE#         216
  C:0C8EH         LINE#         217
  C:0C93H         LINE#         220
  C:0CACH         LINE#         221
  C:0CACH         LINE#         222
  C:0CC8H         LINE#         223
  C:0D0FH         LINE#         224
  C:0D20H         LINE#         225
  C:0D23H         LINE#         227
BL51 BANKED LINKER/LOCATER V6.22                                                      05/31/2019  11:13:33  PAGE 12


  C:0D2AH         LINE#         230
  C:0D2DH         LINE#         232
  C:0D34H         LINE#         233
  C:0D3DH         LINE#         236
  C:0D3DH         LINE#         237
  C:0D3DH         LINE#         238
  C:0D40H         LINE#         248
  C:0D40H         LINE#         252
  C:0D45H         LINE#         253
  C:0D4AH         LINE#         255
  C:0D4FH         LINE#         257
  C:0D54H         LINE#         258
  C:0D59H         LINE#         260
  C:0D6AH         LINE#         263
  C:0D6FH         LINE#         264
  C:0D74H         LINE#         266
  C:0D7BH         LINE#         267
  C:0D83H         LINE#         268
  C:0D88H         LINE#         269
  C:0D90H         LINE#         270
  C:0D95H         LINE#         271
  C:0D9FH         LINE#         272
  C:0DA4H         LINE#         273
  C:0DACH         LINE#         275
  C:0DB4H         LINE#         276
  C:0DB9H         LINE#         277
  C:0DC3H         LINE#         278
  C:0DC3H         LINE#         279
  C:0DC5H         LINE#         280
  C:0DC7H         LINE#         281
  C:0DD1H         LINE#         282
  C:0DD1H         LINE#         283
  C:0DD6H         LINE#         284
  C:0DD6H         LINE#         296
  C:0DEAH         LINE#         297
  C:0DEAH         LINE#         298
  C:0DFFH         LINE#         299
  C:0E0EH         LINE#         300
  C:0E0EH         LINE#         301
  C:0E21H         LINE#         302
  C:0E23H         LINE#         304
  C:0E23H         LINE#         305
  C:0E3FH         LINE#         306
  C:0E3FH         LINE#         307
  C:0E44H         LINE#         308
  C:0E44H         LINE#         309
  C:0E58H         LINE#         310
  C:0E58H         LINE#         313
  C:0E6DH         LINE#         314
  C:0E7CH         LINE#         315
  C:0E7CH         LINE#         316
  C:0E8FH         LINE#         317
  C:0E91H         LINE#         319
  C:0E91H         LINE#         320
  C:0EADH         LINE#         321
  C:0EADH         LINE#         322
  C:0EB2H         LINE#         323
BL51 BANKED LINKER/LOCATER V6.22                                                      05/31/2019  11:13:33  PAGE 13


  C:0EB8H         LINE#         324
  C:0EB8H         LINE#         326
  C:0EDAH         LINE#         327
  C:0EDAH         LINE#         328
  C:0EE4H         LINE#         329
  C:0EEAH         LINE#         330
  C:0EF1H         LINE#         331
  C:0EF7H         LINE#         332
  C:0EFEH         LINE#         333
  C:0EFEH         LINE#         334
  C:0F01H         LINE#         336
  C:0F01H         LINE#         341
  C:0F3CH         LINE#         353
  C:0F49H         LINE#         354
  C:0F49H         LINE#         358
  C:0F49H         LINE#         359
  C:0F71H         LINE#         360
  C:0F71H         LINE#         361
  C:0F93H         LINE#         362
  C:0F93H         LINE#         364
  C:0FB9H         LINE#         376
  C:0FB9H         LINE#         377
  C:100FH         LINE#         378
  C:1018H         LINE#         379
  C:101FH         LINE#         380
  C:1028H         LINE#         381
  C:1031H         LINE#         382
  C:1038H         LINE#         383
  C:10B4H         LINE#         384
  C:10CDH         LINE#         385
  C:1157H         LINE#         390
  C:1185H         LINE#         391
  C:1185H         LINE#         393
  C:11BBH         LINE#         394
  C:11DEH         LINE#         395
  C:11F3H         LINE#         398
  C:11F3H         LINE#         399
  C:11F3H         LINE#         401
  C:11F3H         LINE#         403
  C:11FAH         LINE#         404
  C:11FAH         LINE#         405
  C:11FDH         LINE#         406
  C:121BH         LINE#         407
  C:1222H         LINE#         408
  C:1241H         LINE#         409
  C:1260H         LINE#         411
  C:12DCH         LINE#         412
  C:12F4H         LINE#         415
  C:134CH         LINE#         416
  C:1387H         LINE#         417
  C:1394H         LINE#         418
  C:13A3H         LINE#         419
  C:13A3H         LINE#         439
  C:13A5H         LINE#         441
  C:13B3H         LINE#         442
  C:13B3H         LINE#         443
  C:13BBH         LINE#         445
BL51 BANKED LINKER/LOCATER V6.22                                                      05/31/2019  11:13:33  PAGE 14


  C:13BBH         LINE#         448
  C:13BBH         LINE#         449
  C:13C8H         LINE#         450
  C:13C8H         LINE#         451
  C:13EAH         LINE#         452
  C:13EAH         LINE#         453
  C:1466H         LINE#         454
  C:14BBH         LINE#         455
  C:14BBH         LINE#         457
  C:14BEH         LINE#         461
  C:14BEH         LINE#         464
  C:14E0H         LINE#         465
  C:14E0H         LINE#         466
  C:155CH         LINE#         468
  C:1589H         LINE#         469
  C:15A4H         LINE#         470
  C:15D1H         LINE#         471
  C:1604H         LINE#         472
  C:1604H         LINE#         473
  C:162EH         LINE#         474
  C:16C7H         LINE#         475
  C:16C9H         LINE#         477
  C:16C9H         LINE#         478
  C:172CH         LINE#         479
  C:172CH         LINE#         483
  C:172CH         LINE#         485
  C:172CH         LINE#         486
  C:172CH         LINE#         488
  C:172CH         LINE#         491
  C:1748H         LINE#         492
  C:174CH         LINE#         494
  C:174EH         LINE#         497
  C:175DH         LINE#         498
  C:175DH         LINE#         499
  C:1760H         LINE#         500
  C:1767H         LINE#         501
  C:176CH         LINE#         502
  C:1771H         LINE#         503
  C:1776H         LINE#         504
  C:177BH         LINE#         505
  C:1780H         LINE#         515
  C:1783H         LINE#         517
  C:1786H         LINE#         518
  C:178DH         LINE#         519
  C:1797H         LINE#         520
  C:179EH         LINE#         522
  C:17A1H         LINE#         531
  C:17A1H         LINE#         532
  -------         ENDPROC       MAIN
  -------         PROC          UART
  C:000EH         LINE#         546
  C:000EH         LINE#         548
  C:0011H         LINE#         549
  C:0011H         LINE#         550
  C:0013H         LINE#         552
  C:0013H         LINE#         553
  C:0016H         LINE#         554
BL51 BANKED LINKER/LOCATER V6.22                                                      05/31/2019  11:13:33  PAGE 15


  C:0016H         LINE#         555
  C:0018H         LINE#         556
  C:001AH         LINE#         557
  C:001AH         LINE#         558
  -------         ENDPROC       UART
  -------         PROC          _SENDUART1
  D:0007H         SYMBOL        dat
  C:5C99H         LINE#         560
  C:5C99H         LINE#         561
  C:5C99H         LINE#         562
  C:5C9CH         LINE#         563
  C:5C9EH         LINE#         564
  C:5C9FH         LINE#         565
  C:5CA1H         LINE#         566
  -------         ENDPROC       _SENDUART1
  -------         ENDMOD        MAIN

  -------         MODULE        PCF85063BTL
  C:0000H         SYMBOL        _ICE_DUMMY_
  D:0096H         PUBLIC        P2M0
  D:0080H         PUBLIC        P0
  D:0095H         PUBLIC        P2M1
  D:0090H         PUBLIC        P1
  D:00A0H         PUBLIC        P2
  D:00B0H         PUBLIC        P3
  D:00C0H         PUBLIC        P4
  D:00C8H         PUBLIC        P5
  D:00E8H         PUBLIC        P6
  B:00A0H.1       PUBLIC        PCF85063BTL_SDI
  D:00F8H         PUBLIC        P7
  B:00A0H.2       PUBLIC        PCF85063BTL_SCK
  B:00A0H.1       PUBLIC        PCF85063BTL_SDO
  D:00A8H         PUBLIC        IE
  C:5562H         PUBLIC        _Read_time
  C:5BC0H         PUBLIC        _PCF85063BTL_Delay
  D:00B8H         PUBLIC        IP
  D:00D8H         PUBLIC        CCON
  C:53EFH         PUBLIC        _Day_Of_Year
  C:5A6AH         PUBLIC        SPI_ReceiveByte
  D:0098H         PUBLIC        SCON
  D:0088H         PUBLIC        TCON
  C:5C07H         PUBLIC        _BCDtoDec
  B:00A0H.0       PUBLIC        PCF85063BTL_CS
  C:5BF6H         PUBLIC        _SPI_ReadTime
  C:5C56H         PUBLIC        SPI_Init
  C:5B36H         PUBLIC        _SPI_WriteTime
  C:5A4AH         PUBLIC        _SPI_SendByte
  D:00D0H         PUBLIC        PSW
  C:5BBCH         SYMBOL        L?0048
  -------         PROC          L?0047
  -------         ENDPROC       L?0047
  C:5BBCH         SYMBOL        L?0048
  -------         PROC          _PCF85063BTL_DELAY
  D:0006H         SYMBOL        us
  C:5BC0H         LINE#         8
  C:5BC0H         LINE#         9
  C:5BC0H         LINE#         10
BL51 BANKED LINKER/LOCATER V6.22                                                      05/31/2019  11:13:33  PAGE 16


  C:5BCAH         LINE#         11
  C:5BCAH         LINE#         12
  C:5BCBH         LINE#         13
  C:5BCDH         LINE#         14
  -------         ENDPROC       _PCF85063BTL_DELAY
  -------         PROC          _SPI_SENDBYTE
  D:0005H         SYMBOL        dat
  -------         DO            
  D:0003H         SYMBOL        i
  -------         ENDDO         
  C:5A4AH         LINE#         17
  C:5A4CH         LINE#         18
  C:5A4CH         LINE#         20
  C:5A4EH         LINE#         21
  C:5A4EH         LINE#         22
  C:5A50H         LINE#         23
  C:5A54H         LINE#         24
  C:5A54H         LINE#         25
  C:5A56H         LINE#         26
  C:5A58H         LINE#         28
  C:5A58H         LINE#         29
  C:5A5AH         LINE#         30
  C:5A5AH         LINE#         31
  C:5A5DH         LINE#         32
  C:5A5DH         LINE#         33
  C:5A60H         LINE#         34
  C:5A64H         LINE#         35
  C:5A69H         LINE#         36
  -------         ENDPROC       _SPI_SENDBYTE
  -------         PROC          SPI_RECEIVEBYTE
  -------         DO            
  D:0003H         SYMBOL        i
  D:0005H         SYMBOL        dat
  -------         ENDDO         
  C:5A6AH         LINE#         39
  C:5A6AH         LINE#         40
  C:5A6AH         LINE#         42
  C:5A6CH         LINE#         44
  C:5A6EH         LINE#         45
  C:5A6FH         LINE#         46
  C:5A6FH         LINE#         47
  C:5A73H         LINE#         48
  C:5A75H         LINE#         49
  C:5A78H         LINE#         51
  C:5A7BH         LINE#         52
  C:5A7BH         LINE#         53
  C:5A7FH         LINE#         54
  C:5A7FH         LINE#         55
  C:5A7FH         LINE#         56
  C:5A82H         LINE#         57
  C:5A87H         LINE#         58
  C:5A89H         LINE#         59
  -------         ENDPROC       SPI_RECEIVEBYTE
  -------         PROC          _SPI_READTIME
  D:0007H         SYMBOL        addr
  -------         DO            
  D:0006H         SYMBOL        dat
BL51 BANKED LINKER/LOCATER V6.22                                                      05/31/2019  11:13:33  PAGE 17


  -------         ENDDO         
  C:5BF6H         LINE#         61
  C:5BF6H         LINE#         62
  C:5BF6H         LINE#         64
  C:5BF8H         LINE#         65
  C:5BFAH         LINE#         66
  C:5C01H         LINE#         67
  C:5C04H         LINE#         68
  C:5C06H         LINE#         69
  C:5C06H         LINE#         70
  -------         ENDPROC       _SPI_READTIME
  -------         PROC          _SPI_WRITETIME
  D:0002H         SYMBOL        val
  D:0005H         SYMBOL        addr
  C:5B36H         LINE#         71
  C:5B38H         LINE#         72
  C:5B38H         LINE#         74
  C:5B3AH         LINE#         75
  C:5B41H         LINE#         76
  C:5B46H         LINE#         77
  C:5B4BH         LINE#         78
  C:5B4DH         LINE#         79
  -------         ENDPROC       _SPI_WRITETIME
  -------         PROC          SPI_INIT
  C:5C56H         LINE#         83
  C:5C56H         LINE#         84
  C:5C56H         LINE#         89
  C:5C59H         LINE#         90
  C:5C5CH         LINE#         91
  C:5C5EH         LINE#         92
  C:5C60H         LINE#         93
  C:5C62H         LINE#         94
  -------         ENDPROC       SPI_INIT
  -------         PROC          _READ_TIME
  X:03F8H         SYMBOL        months
  X:03FBH         SYMBOL        days
  X:03FEH         SYMBOL        hours
  X:0401H         SYMBOL        mins
  X:0404H         SYMBOL        seconds
  C:5562H         LINE#         96
  C:556DH         LINE#         97
  C:556DH         LINE#         99
  C:5581H         LINE#         101
  C:5595H         LINE#         103
  C:55A9H         LINE#         108
  C:55BDH         LINE#         113
  -------         ENDPROC       _READ_TIME
  -------         PROC          _BCDTODEC
  D:0007H         SYMBOL        bcd
  -------         DO            
  D:0006H         SYMBOL        hi
  D:0007H         SYMBOL        lo
  -------         ENDDO         
  C:5C07H         LINE#         119
  C:5C07H         LINE#         120
  C:5C07H         LINE#         122
  C:5C0CH         LINE#         123
BL51 BANKED LINKER/LOCATER V6.22                                                      05/31/2019  11:13:33  PAGE 18


  C:5C10H         LINE#         124
  C:5C17H         LINE#         125
  -------         ENDPROC       _BCDTODEC
  -------         PROC          _DAY_OF_YEAR
  D:0007H         SYMBOL        months_bcd
  D:0005H         SYMBOL        days_bcd
  -------         DO            
  D:0004H         SYMBOL        months
  D:0007H         SYMBOL        days
  -------         ENDDO         
  C:53EFH         LINE#         126
  C:53EFH         LINE#         127
  C:53EFH         LINE#         130
  C:53F4H         LINE#         132
  C:53F9H         LINE#         134
  C:5432H         LINE#         135
  C:5432H         LINE#         136
  C:5432H         LINE#         137
  C:5435H         LINE#         138
  C:5435H         LINE#         139
  C:5435H         LINE#         140
  C:543AH         LINE#         141
  C:543AH         LINE#         142
  C:543AH         LINE#         143
  C:543FH         LINE#         144
  C:543FH         LINE#         145
  C:543FH         LINE#         146
  C:5444H         LINE#         147
  C:5444H         LINE#         148
  C:5444H         LINE#         149
  C:5449H         LINE#         150
  C:5449H         LINE#         151
  C:5449H         LINE#         152
  C:544EH         LINE#         153
  C:544EH         LINE#         154
  C:544EH         LINE#         155
  C:5453H         LINE#         156
  C:5453H         LINE#         157
  C:5453H         LINE#         158
  C:5458H         LINE#         159
  C:5458H         LINE#         160
  C:5458H         LINE#         161
  C:5460H         LINE#         162
  C:5460H         LINE#         163
  C:5460H         LINE#         164
  C:5465H         LINE#         165
  C:5465H         LINE#         166
  C:5465H         LINE#         167
  C:546AH         LINE#         168
  C:546AH         LINE#         169
  C:546AH         LINE#         170
  C:5473H         LINE#         171
  C:5473H         LINE#         172
  C:5473H         LINE#         173
  C:5476H         LINE#         174
  C:5476H         LINE#         175
  -------         ENDPROC       _DAY_OF_YEAR
BL51 BANKED LINKER/LOCATER V6.22                                                      05/31/2019  11:13:33  PAGE 19


  -------         ENDMOD        PCF85063BTL

  -------         MODULE        LCD_DRIVER_SPLC780D
  C:0000H         SYMBOL        _ICE_DUMMY_
  D:0092H         PUBLIC        P1M0
  D:0091H         PUBLIC        P1M1
  D:0080H         PUBLIC        P0
  D:0090H         PUBLIC        P1
  D:00A0H         PUBLIC        P2
  D:00B0H         PUBLIC        P3
  D:00C0H         PUBLIC        P4
  D:00C8H         PUBLIC        P5
  D:00E8H         PUBLIC        P6
  D:00F8H         PUBLIC        P7
  C:547BH         PUBLIC        _WriteData
  D:00A8H         PUBLIC        IE
  D:00B8H         PUBLIC        IP
  D:00D8H         PUBLIC        CCON
  B:00B0H.4       PUBLIC        LCD_D4
  B:00B0H.5       PUBLIC        LCD_D5
  B:00B0H.6       PUBLIC        LCD_D6
  C:5AC8H         PUBLIC        _DisplayLCD
  B:00B0H.7       PUBLIC        LCD_D7
  D:0098H         PUBLIC        SCON
  D:0088H         PUBLIC        TCON
  C:5BCEH         PUBLIC        _abs
  C:5C86H         PUBLIC        LCD_clear
  C:57A7H         PUBLIC        _Command
  C:5B7BH         PUBLIC        _Display_Line
  C:562BH         PUBLIC        LCD_Init
  C:59E7H         PUBLIC        _Wait_ms
  B:00C0H.0       PUBLIC        LCD_RS
  B:0090H.3       PUBLIC        LCD_RW
  C:5C7CH         PUBLIC        LCD_return_home
  C:4697H         PUBLIC        _Display_Pos
  B:00B0H.3       PUBLIC        LCD_E
  D:00D0H         PUBLIC        PSW
  -------         PROC          LCD_INIT
  C:562BH         LINE#         9
  C:562BH         LINE#         10
  C:562BH         LINE#         11
  C:562EH         LINE#         12
  C:5631H         LINE#         14
  C:5637H         LINE#         15
  C:563CH         LINE#         17
  C:5643H         LINE#         18
  C:5648H         LINE#         20
  C:564BH         LINE#         21
  C:5650H         LINE#         23
  C:5653H         LINE#         24
  C:5658H         LINE#         26
  C:565FH         LINE#         29
  C:5664H         LINE#         30
  C:5669H         LINE#         32
  C:566EH         LINE#         33
  C:5673H         LINE#         35
  C:5678H         LINE#         36
BL51 BANKED LINKER/LOCATER V6.22                                                      05/31/2019  11:13:33  PAGE 20


  C:567DH         LINE#         37
  -------         ENDPROC       LCD_INIT
  C:5477H         SYMBOL        L?0038
  -------         PROC          L?0037
  -------         ENDPROC       L?0037
  C:5477H         SYMBOL        L?0038
  -------         PROC          _WRITEDATA
  X:04E8H         SYMBOL        dat
  C:547BH         LINE#         40
  C:5480H         LINE#         41
  C:5480H         LINE#         46
  C:5482H         LINE#         47
  C:5484H         LINE#         49
  C:5492H         LINE#         50
  C:549EH         LINE#         51
  C:54AAH         LINE#         52
  C:54B4H         LINE#         53
  C:54B6H         LINE#         54
  C:54BDH         LINE#         55
  C:54BFH         LINE#         57
  C:54CFH         LINE#         58
  C:54DAH         LINE#         59
  C:54E4H         LINE#         60
  C:54E8H         LINE#         62
  C:54E8H         LINE#         63
  C:54EBH         LINE#         64
  C:54EDH         LINE#         65
  C:54EFH         LINE#         67
  -------         ENDPROC       _WRITEDATA
  -------         PROC          _COMMAND
  D:0007H         SYMBOL        dat
  C:57A7H         LINE#         69
  C:57A7H         LINE#         70
  C:57A7H         LINE#         71
  C:57A9H         LINE#         72
  C:57ABH         LINE#         74
  C:57B5H         LINE#         75
  C:57B9H         LINE#         77
  C:57BBH         LINE#         78
  C:57C4H         LINE#         79
  C:57C8H         LINE#         81
  C:57CAH         LINE#         82
  C:57D1H         LINE#         83
  C:57D5H         LINE#         85
  C:57D7H         LINE#         86
  C:57DBH         LINE#         87
  C:57DFH         LINE#         89
  C:57E1H         LINE#         90
  C:57E1H         LINE#         91
  C:57E4H         LINE#         92
  C:57E6H         LINE#         93
  -------         ENDPROC       _COMMAND
  C:59E3H         SYMBOL        L?0040
  -------         PROC          L?0039
  -------         ENDPROC       L?0039
  C:59E3H         SYMBOL        L?0040
  -------         PROC          _WAIT_MS
BL51 BANKED LINKER/LOCATER V6.22                                                      05/31/2019  11:13:33  PAGE 21


  D:0006H         SYMBOL        ms
  -------         DO            
  D:0004H         SYMBOL        De_Cnt
  -------         ENDDO         
  C:59E7H         LINE#         95
  C:59E7H         LINE#         96
  C:59E7H         LINE#         98
  C:59F1H         LINE#         99
  C:59F1H         LINE#         100
  C:5A04H         LINE#         101
  C:5A04H         LINE#         102
  -------         ENDPROC       _WAIT_MS
  -------         PROC          _DISPLAYLCD
  D:0007H         SYMBOL        BCD
  -------         DO            
  D:0006H         SYMBOL        first_digit
  X:03F8H         SYMBOL        second_digit
  -------         ENDDO         
  C:5AC8H         LINE#         103
  C:5AC8H         LINE#         104
  C:5AC8H         LINE#         106
  C:5ACFH         LINE#         107
  C:5AD8H         LINE#         109
  C:5ADDH         LINE#         111
  -------         ENDPROC       _DISPLAYLCD
  -------         PROC          LCD_RETURN_HOME
  C:5C7CH         LINE#         115
  C:5C7CH         LINE#         116
  C:5C7CH         LINE#         117
  C:5C81H         LINE#         118
  -------         ENDPROC       LCD_RETURN_HOME
  -------         PROC          LCD_CLEAR
  C:5C86H         LINE#         121
  C:5C86H         LINE#         122
  C:5C86H         LINE#         123
  C:5C8BH         LINE#         124
  -------         ENDPROC       LCD_CLEAR
  -------         PROC          _DISPLAY_LINE
  D:0006H         SYMBOL        line
  C:5B7BH         LINE#         128
  C:5B7BH         LINE#         129
  C:5B7BH         LINE#         130
  C:5B81H         LINE#         131
  C:5B81H         LINE#         132
  C:5B83H         LINE#         133
  C:5B83H         LINE#         134
  C:5B85H         LINE#         136
  C:5B85H         LINE#         137
  C:5B8AH         LINE#         138
  C:5B8FH         LINE#         139
  C:5B8FH         LINE#         140
  -------         ENDPROC       _DISPLAY_LINE
  -------         PROC          _DISPLAY_POS
  X:04DDH         SYMBOL        sign_dat
  -------         DO            
  X:04E1H         SYMBOL        unit
  X:04E2H         SYMBOL        ten
BL51 BANKED LINKER/LOCATER V6.22                                                      05/31/2019  11:13:33  PAGE 22


  X:04E3H         SYMBOL        hundred
  X:04E4H         SYMBOL        thousand
  X:04E5H         SYMBOL        after_dot
  X:04E6H         SYMBOL        dat
  -------         ENDDO         
  C:4697H         LINE#         142
  C:469DH         LINE#         143
  C:469DH         LINE#         147
  C:46B9H         LINE#         148
  C:46D3H         LINE#         149
  C:46F7H         LINE#         151
  C:4741H         LINE#         153
  C:4758H         LINE#         154
  C:476AH         LINE#         155
  C:478FH         LINE#         156
  C:47A9H         LINE#         157
  C:47C1H         LINE#         158
  C:47C1H         LINE#         159
  C:47C1H         LINE#         160
  C:47C1H         LINE#         161
  C:47C1H         LINE#         162
  C:47C1H         LINE#         163
  C:47C1H         LINE#         164
  C:47C1H         LINE#         168
  C:47C3H         LINE#         170
  C:47C3H         LINE#         172
  C:47C8H         LINE#         173
  C:47CEH         LINE#         174
  C:47D4H         LINE#         175
  C:47DAH         LINE#         176
  C:47E0H         LINE#         177
  C:47E5H         LINE#         178
  C:47EBH         LINE#         182
  C:47EBH         LINE#         184
  -------         ENDPROC       _DISPLAY_POS
  -------         PROC          _ABS
  D:0006H         SYMBOL        dat
  C:5BCEH         LINE#         186
  C:5BCEH         LINE#         187
  C:5BCEH         LINE#         188
  C:5BD9H         LINE#         189
  C:5BDAH         LINE#         191
  C:5BE1H         LINE#         192
  -------         ENDPROC       _ABS
  -------         ENDMOD        LCD_DRIVER_SPLC780D

  -------         MODULE        KEYPAD
  C:0000H         SYMBOL        _ICE_DUMMY_
  D:0093H         PUBLIC        P0M1
  D:0080H         PUBLIC        P0
  D:0090H         PUBLIC        P1
  D:00A0H         PUBLIC        P2
  D:00B0H         PUBLIC        P3
  D:00C0H         PUBLIC        P4
  D:00C8H         PUBLIC        P5
  D:00E8H         PUBLIC        P6
  D:00F8H         PUBLIC        P7
BL51 BANKED LINKER/LOCATER V6.22                                                      05/31/2019  11:13:33  PAGE 23


  D:00A8H         PUBLIC        IE
  C:4093H         PUBLIC        Key_Scan
  D:00B8H         PUBLIC        IP
  D:00D8H         PUBLIC        CCON
  C:5C70H         PUBLIC        KeyPad_IO_Init
  C:5AAAH         PUBLIC        _Delay_ms
  D:0098H         PUBLIC        SCON
  D:0088H         PUBLIC        TCON
  X:0623H         PUBLIC        small_move
  X:0625H         PUBLIC        move
  X:0627H         PUBLIC        auto_mode
  X:0629H         PUBLIC        direction
  X:062BH         PUBLIC        SPI_NOR_ClearEnable
  C:37C0H         PUBLIC        Key_Process
  D:00D0H         PUBLIC        PSW
  D:0094H         PUBLIC        P0M0
  -------         PROC          _DELAY_MS
  D:0006H         SYMBOL        ms
  -------         DO            
  D:0004H         SYMBOL        De_Cnt
  -------         ENDDO         
  C:5AAAH         LINE#         20
  C:5AAAH         LINE#         21
  C:5AAAH         LINE#         23
  C:5AB4H         LINE#         24
  C:5AB4H         LINE#         25
  C:5AC7H         LINE#         26
  C:5AC7H         LINE#         27
  -------         ENDPROC       _DELAY_MS
  -------         PROC          KEY_SCAN
  -------         DO            
  X:03FEH         SYMBOL        KeyTemp1
  X:03FFH         SYMBOL        KeyTemp2
  X:0400H         SYMBOL        KeyValue
  -------         ENDDO         
  C:4093H         LINE#         28
  C:4093H         LINE#         29
  C:4093H         LINE#         34
  C:4096H         LINE#         37
  C:4099H         LINE#         39
  C:40A1H         LINE#         40
  C:40A8H         LINE#         41
  C:40A8H         LINE#         43
  C:40ADH         LINE#         44
  C:40B4H         LINE#         45
  C:40B4H         LINE#         48
  C:40B7H         LINE#         49
  C:40BAH         LINE#         50
  C:40BFH         LINE#         51
  C:40C3H         LINE#         52
  C:40C3H         LINE#         53
  C:40CBH         LINE#         54
  C:40CBH         LINE#         55
  C:40CEH         LINE#         56
  C:40D6H         LINE#         57
  C:40D8H         LINE#         59
  C:40ECH         LINE#         60
BL51 BANKED LINKER/LOCATER V6.22                                                      05/31/2019  11:13:33  PAGE 24


  C:40ECH         LINE#         61
  C:40ECH         LINE#         62
  C:40ECH         LINE#         63
  C:40F2H         LINE#         65
  C:40F4H         LINE#         66
  C:40F4H         LINE#         67
  C:40F4H         LINE#         68
  C:40FAH         LINE#         70
  C:40FCH         LINE#         71
  C:40FCH         LINE#         72
  C:40FCH         LINE#         73
  C:4102H         LINE#         75
  C:4104H         LINE#         76
  C:4104H         LINE#         77
  C:4104H         LINE#         78
  C:410AH         LINE#         80
  C:410AH         LINE#         81
  C:410AH         LINE#         82
  C:410AH         LINE#         85
  C:410DH         LINE#         86
  C:4110H         LINE#         87
  C:4118H         LINE#         88
  C:411CH         LINE#         89
  C:411CH         LINE#         90
  C:4124H         LINE#         91
  C:4124H         LINE#         92
  C:4127H         LINE#         93
  C:412FH         LINE#         94
  C:4131H         LINE#         95
  C:4145H         LINE#         96
  C:4145H         LINE#         97
  C:4145H         LINE#         98
  C:4145H         LINE#         99
  C:414BH         LINE#         101
  C:414DH         LINE#         102
  C:414DH         LINE#         103
  C:414DH         LINE#         104
  C:4153H         LINE#         106
  C:4155H         LINE#         107
  C:4155H         LINE#         108
  C:4155H         LINE#         109
  C:415BH         LINE#         111
  C:415DH         LINE#         112
  C:415DH         LINE#         113
  C:415DH         LINE#         114
  C:4162H         LINE#         116
  C:4162H         LINE#         117
  C:4162H         LINE#         118
  C:4162H         LINE#         121
  C:4165H         LINE#         122
  C:4168H         LINE#         123
  C:4170H         LINE#         124
  C:4174H         LINE#         125
  C:4174H         LINE#         126
  C:417CH         LINE#         127
  C:417CH         LINE#         128
  C:417FH         LINE#         129
BL51 BANKED LINKER/LOCATER V6.22                                                      05/31/2019  11:13:33  PAGE 25


  C:4187H         LINE#         130
  C:4189H         LINE#         131
  C:419DH         LINE#         132
  C:419DH         LINE#         133
  C:419DH         LINE#         134
  C:419DH         LINE#         135
  C:41A3H         LINE#         137
  C:41A5H         LINE#         138
  C:41A5H         LINE#         139
  C:41A5H         LINE#         140
  C:41ABH         LINE#         142
  C:41ADH         LINE#         143
  C:41ADH         LINE#         144
  C:41ADH         LINE#         145
  C:41B3H         LINE#         147
  C:41B5H         LINE#         148
  C:41B5H         LINE#         149
  C:41B5H         LINE#         150
  C:41BBH         LINE#         152
  C:41BBH         LINE#         153
  C:41BBH         LINE#         154
  C:41BBH         LINE#         158
  C:41BEH         LINE#         159
  C:41C1H         LINE#         160
  C:41C9H         LINE#         161
  C:41CDH         LINE#         162
  C:41CDH         LINE#         163
  C:41D5H         LINE#         164
  C:41D5H         LINE#         165
  C:41D8H         LINE#         166
  C:41E0H         LINE#         167
  C:41E2H         LINE#         168
  C:41F6H         LINE#         169
  C:41F6H         LINE#         170
  C:41F6H         LINE#         171
  C:41F6H         LINE#         172
  C:41FCH         LINE#         174
  C:41FEH         LINE#         175
  C:41FEH         LINE#         176
  C:41FEH         LINE#         177
  C:4204H         LINE#         179
  C:4206H         LINE#         180
  C:4206H         LINE#         181
  C:4206H         LINE#         182
  C:420CH         LINE#         184
  C:420EH         LINE#         185
  C:420EH         LINE#         186
  C:420EH         LINE#         187
  C:4214H         LINE#         189
  C:4214H         LINE#         190
  C:4214H         LINE#         191
  C:4214H         LINE#         193
  C:421AH         LINE#         194
  C:421AH         LINE#         196
  C:421AH         LINE#         197
  C:421DH         LINE#         198
  C:421DH         LINE#         199
BL51 BANKED LINKER/LOCATER V6.22                                                      05/31/2019  11:13:33  PAGE 26


  C:421DH         LINE#         201
  C:421DH         LINE#         202
  C:421FH         LINE#         203
  C:421FH         LINE#         204
  -------         ENDPROC       KEY_SCAN
  -------         PROC          KEY_PROCESS
  -------         DO            
  X:0614H         SYMBOL        KeyCount
  X:0615H         SYMBOL        KeyNum_Old
  X:0617H         SYMBOL        KeyNum
  X:0619H         SYMBOL        PressedKey
  X:03F8H         SYMBOL        d
  D:0002H         SYMBOL        hours
  D:0006H         SYMBOL        mins
  X:03FAH         SYMBOL        months
  X:03FCH         SYMBOL        days
  -------         ENDDO         
  C:37C0H         LINE#         205
  C:37C0H         LINE#         206
  C:37C0H         LINE#         210
  C:37CFH         LINE#         211
  C:37DCH         LINE#         213
  C:37E0H         LINE#         214
  C:37E0H         LINE#         215
  C:37E6H         LINE#         217
  C:37E6H         LINE#         218
  C:37FDH         LINE#         219
  C:37FDH         LINE#         220
  C:3807H         LINE#         221
  C:380DH         LINE#         223
  C:3813H         LINE#         225
  C:3813H         LINE#         226
  C:382AH         LINE#         227
  C:382AH         LINE#         228
  C:382FH         LINE#         230
  C:382FH         LINE#         231
  C:383FH         LINE#         232
  C:383FH         LINE#         233
  C:3845H         LINE#         235
  C:3845H         LINE#         236
  C:3857H         LINE#         237
  C:3857H         LINE#         238
  C:3861H         LINE#         239
  C:3869H         LINE#         241
  C:3872H         LINE#         243
  C:3872H         LINE#         252
  C:3891H         LINE#         253
  C:3891H         LINE#         254
  C:38B0H         LINE#         255
  C:38B6H         LINE#         256
  C:38BEH         LINE#         257
  C:38BEH         LINE#         259
  C:38BFH         LINE#         265
  C:38CBH         LINE#         266
  C:38CBH         LINE#         267
  C:38E8H         LINE#         268
  C:38FFH         LINE#         269
BL51 BANKED LINKER/LOCATER V6.22                                                      05/31/2019  11:13:33  PAGE 27


  C:3916H         LINE#         270
  C:3916H         LINE#         271
  C:3929H         LINE#         272
  C:393CH         LINE#         273
  C:393CH         LINE#         274
  C:393CH         LINE#         275
  C:393FH         LINE#         280
  C:394EH         LINE#         281
  C:394EH         LINE#         282
  C:3971H         LINE#         283
  C:398EH         LINE#         284
  C:3997H         LINE#         285
  C:3997H         LINE#         286
  C:399EH         LINE#         287
  C:399EH         LINE#         288
  C:39AFH         LINE#         289
  C:39AFH         LINE#         290
  C:39BEH         LINE#         291
  C:39BEH         LINE#         292
  C:39BEH         LINE#         293
  C:39C1H         LINE#         295
  C:39C1H         LINE#         296
  C:39CDH         LINE#         297
  C:39CDH         LINE#         298
  C:39DFH         LINE#         299
  C:39DFH         LINE#         300
  C:39EFH         LINE#         301
  C:39EFH         LINE#         302
  C:39EFH         LINE#         304
  C:39F1H         LINE#         306
  C:39F1H         LINE#         307
  C:3A00H         LINE#         308
  C:3A00H         LINE#         309
  C:3A10H         LINE#         310
  C:3A10H         LINE#         311
  C:3A10H         LINE#         313
  C:3A10H         LINE#         315
  C:3A10H         LINE#         316
  C:3A12H         LINE#         318
  C:3A12H         LINE#         319
  C:3A19H         LINE#         320
  C:3A19H         LINE#         321
  C:3A28H         LINE#         322
  C:3A28H         LINE#         323
  C:3A38H         LINE#         324
  C:3A38H         LINE#         325
  C:3A38H         LINE#         326
  C:3A3AH         LINE#         328
  C:3A3AH         LINE#         329
  C:3A49H         LINE#         330
  C:3A49H         LINE#         331
  C:3A5CH         LINE#         332
  C:3A6FH         LINE#         333
  C:3A6FH         LINE#         334
  C:3A6FH         LINE#         335
  C:3A6FH         LINE#         336
  C:3A78H         LINE#         338
BL51 BANKED LINKER/LOCATER V6.22                                                      05/31/2019  11:13:33  PAGE 28


  C:3A78H         LINE#         340
  C:3AB2H         LINE#         341
  C:3AB2H         LINE#         342
  C:3AB9H         LINE#         343
  C:3AB9H         LINE#         344
  C:3AC3H         LINE#         345
  C:3AC3H         LINE#         346
  C:3AC6H         LINE#         347
  C:3ACBH         LINE#         348
  C:3AD0H         LINE#         349
  C:3AD5H         LINE#         350
  C:3ADAH         LINE#         351
  C:3ADFH         LINE#         352
  C:3AE4H         LINE#         353
  C:3AE9H         LINE#         354
  C:3AE9H         LINE#         355
  C:3AE9H         LINE#         357
  C:3B07H         LINE#         358
  C:3B07H         LINE#         359
  C:3B0EH         LINE#         360
  C:3B0EH         LINE#         361
  C:3B13H         LINE#         362
  C:3B1CH         LINE#         363
  C:3B3BH         LINE#         364
  C:3B3BH         LINE#         365
  C:3B4BH         LINE#         367
  C:3B4BH         LINE#         371
  -------         ENDPROC       KEY_PROCESS
  -------         PROC          KEYPAD_IO_INIT
  C:5C70H         LINE#         374
  C:5C70H         LINE#         375
  C:5C70H         LINE#         376
  C:5C73H         LINE#         377
  C:5C76H         LINE#         378
  C:5C79H         LINE#         379
  C:5C7BH         LINE#         380
  -------         ENDPROC       KEYPAD_IO_INIT
  -------         ENDMOD        KEYPAD

  -------         MODULE        BIPOLARMOTOR
  C:0000H         SYMBOL        _ICE_DUMMY_
  X:0000H         PUBLIC        UTC_time
  D:0080H         PUBLIC        P0
  D:0090H         PUBLIC        P1
  X:0004H         PUBLIC        RX_pos_test
  D:00A0H         PUBLIC        P2
  D:00B0H         PUBLIC        P3
  D:00C0H         PUBLIC        P4
  D:00C8H         PUBLIC        P5
  D:00E8H         PUBLIC        P6
  D:00F8H         PUBLIC        P7
  X:00A4H         PUBLIC        low_date_azimuth_mapping
  D:00A8H         PUBLIC        IE
  C:4E3BH         PUBLIC        linear_interpolate
  X:00CCH         PUBLIC        declination
  C:5946H         PUBLIC        _Move
  D:00B8H         PUBLIC        IP
BL51 BANKED LINKER/LOCATER V6.22                                                      05/31/2019  11:13:33  PAGE 29


  X:00D0H         PUBLIC        time_offset
  D:00D8H         PUBLIC        CCON
  X:00D4H         PUBLIC        previous_move_time
  X:00D5H         PUBLIC        time
  D:0098H         PUBLIC        SCON
  D:0088H         PUBLIC        TCON
  C:57E7H         PUBLIC        _Step_move
  X:00E7H         PUBLIC        dat
  X:00EDH         PUBLIC        current_local_sun_time
  C:1F46H         PUBLIC        _Update_position
  C:3B4CH         PUBLIC        _elevation_calculation
  X:00F1H         PUBLIC        sunCoord
  C:56CFH         PUBLIC        vOneStepMove
  X:00F4H         PUBLIC        elevation_stamp
  X:0130H         PUBLIC        date_azimuth_mapping
  X:0158H         PUBLIC        location
  X:0160H         PUBLIC        RX_pos
  C:5B90H         PUBLIC        vSetLocation
  C:5B0BH         PUBLIC        _BCDtoDec1
  X:03B8H         PUBLIC        degree
  C:2582H         PUBLIC        _TheoricalJP_Position
  D:00D0H         PUBLIC        PSW
  -------         PROC          VSETLOCATION
  C:5B90H         LINE#         44
  C:5B90H         LINE#         45
  C:5B90H         LINE#         46
  C:5B9AH         LINE#         47
  C:5BA4H         LINE#         48
  -------         ENDPROC       VSETLOCATION
  C:5B07H         SYMBOL        L?0060
  -------         PROC          L?0059
  -------         ENDPROC       L?0059
  C:5B07H         SYMBOL        L?0060
  -------         PROC          _BCDTODEC1
  D:0007H         SYMBOL        bcd
  -------         DO            
  D:0006H         SYMBOL        hi
  D:0007H         SYMBOL        lo
  -------         ENDDO         
  C:5B0BH         LINE#         49
  C:5B0BH         LINE#         50
  C:5B0BH         LINE#         52
  C:5B10H         LINE#         53
  C:5B14H         LINE#         54
  C:5B1BH         LINE#         55
  -------         ENDPROC       _BCDTODEC1
  -------         PROC          VONESTEPMOVE
  B:0020H.3       SYMBOL        bDir
  C:56CFH         LINE#         59
  C:56CFH         LINE#         60
  C:56CFH         LINE#         62
  C:56D5H         LINE#         63
  C:56D5H         LINE#         64
  C:56D8H         LINE#         65
  C:56E1H         LINE#         66
  C:56E8H         LINE#         67
  C:56EDH         LINE#         68
BL51 BANKED LINKER/LOCATER V6.22                                                      05/31/2019  11:13:33  PAGE 30


  C:56EDH         LINE#         69
  C:56EDH         LINE#         71
  C:56EFH         LINE#         74
  C:56EFH         LINE#         75
  C:56F2H         LINE#         76
  C:56FBH         LINE#         77
  C:5702H         LINE#         78
  C:5708H         LINE#         79
  C:5711H         LINE#         80
  C:5718H         LINE#         81
  C:5718H         LINE#         85
  -------         ENDPROC       VONESTEPMOVE
  -------         PROC          _STEP_MOVE
  X:04E1H         SYMBOL        step
  B:0020H.2       SYMBOL        dir
  -------         DO            
  X:04E3H         SYMBOL        i
  -------         ENDDO         
  C:57E7H         LINE#         87
  C:57EFH         LINE#         88
  C:57EFH         LINE#         90
  C:57F4H         LINE#         93
  C:580FH         LINE#         94
  C:580FH         LINE#         95
  C:5816H         LINE#         97
  C:5826H         LINE#         99
  -------         ENDPROC       _STEP_MOVE
  -------         PROC          _MOVE
  X:04DDH         SYMBOL        distance
  B:0020H.1       SYMBOL        direction
  -------         DO            
  D:0006H         SYMBOL        step
  -------         ENDDO         
  C:5946H         LINE#         101
  C:594CH         LINE#         102
  C:594CH         LINE#         105
  C:5967H         LINE#         106
  -------         ENDPROC       _MOVE
  C:4E2AH         SYMBOL        L?0058
  -------         PROC          L?0057
  -------         ENDPROC       L?0057
  C:4E2AH         SYMBOL        L?0058
  -------         PROC          LINEAR_INTERPOLATE
  X:049EH         SYMBOL        p1
  X:04A6H         SYMBOL        p2
  X:04AEH         SYMBOL        x
  -------         DO            
  D:0004H         SYMBOL        fx
  -------         ENDDO         
  C:4E3BH         LINE#         139
  C:4E3BH         LINE#         140
  C:4E3BH         LINE#         143
  C:4EDAH         LINE#         145
  C:4EDAH         LINE#         146
  -------         ENDPROC       LINEAR_INTERPOLATE
  -------         PROC          _THEORICALJP_POSITION
  X:0442H         SYMBOL        azimuth
BL51 BANKED LINKER/LOCATER V6.22                                                      05/31/2019  11:13:33  PAGE 31


  X:0446H         SYMBOL        elevation
  -------         DO            
  X:044AH         SYMBOL        pos_interpolate_azimuth
  X:0486H         SYMBOL        JP_pos
  X:048AH         SYMBOL        i
  X:048CH         SYMBOL        yy
  X:048EH         SYMBOL        p1
  X:0496H         SYMBOL        p2
  -------         ENDDO         
  C:2582H         LINE#         149
  C:2588H         LINE#         150
  C:2588H         LINE#         152
  C:2592H         LINE#         155
  C:25AEH         LINE#         156
  C:25AEH         LINE#         157
  C:261EH         LINE#         158
  C:261EH         LINE#         159
  C:2625H         LINE#         160
  C:2625H         LINE#         161
  C:2652H         LINE#         162
  C:266DH         LINE#         164
  C:26B4H         LINE#         165
  C:26E8H         LINE#         167
  C:272EH         LINE#         168
  C:2753H         LINE#         170
  C:2753H         LINE#         172
  C:27C9H         LINE#         173
  C:27C9H         LINE#         174
  C:27D0H         LINE#         175
  C:27D0H         LINE#         176
  C:27FDH         LINE#         177
  C:2818H         LINE#         179
  C:285FH         LINE#         180
  C:2893H         LINE#         182
  C:28D9H         LINE#         183
  C:28FBH         LINE#         185
  C:28FBH         LINE#         186
  C:290FH         LINE#         189
  C:292BH         LINE#         190
  C:292BH         LINE#         191
  C:299BH         LINE#         192
  C:299BH         LINE#         193
  C:29C8H         LINE#         194
  C:29E3H         LINE#         196
  C:2A10H         LINE#         197
  C:2A2BH         LINE#         199
  C:2A5DH         LINE#         202
  C:2A5DH         LINE#         204
  C:2A6EH         LINE#         205
  C:2A7CH         LINE#         207
  -------         ENDPROC       _THEORICALJP_POSITION
  -------         PROC          _UPDATE_POSITION
  D:0001H         SYMBOL        mnths
  D:0002H         SYMBOL        dys
  X:041EH         SYMBOL        hurs
  X:041FH         SYMBOL        mns
  X:0420H         SYMBOL        sconds
BL51 BANKED LINKER/LOCATER V6.22                                                      05/31/2019  11:13:33  PAGE 32


  X:0421H         SYMBOL        currnt_pos
  X:0424H         SYMBOL        offset_calib
  -------         DO            
  X:0428H         SYMBOL        date
  X:042AH         SYMBOL        i
  X:042CH         SYMBOL        yy
  X:042EH         SYMBOL        desired_distance
  X:0432H         SYMBOL        distance
  X:0436H         SYMBOL        JP_pos
  X:043AH         SYMBOL        elevation
  X:043EH         SYMBOL        azimuth
  -------         ENDDO         
  C:1F46H         LINE#         210
  C:1F4FH         LINE#         213
  C:1F4FH         LINE#         214
  C:1F5AH         LINE#         216
  C:1F76H         LINE#         223
  C:1F80H         LINE#         224
  C:1F8BH         LINE#         225
  C:1F96H         LINE#         226
  C:1FAFH         LINE#         227
  C:1FC0H         LINE#         228
  C:1FCFH         LINE#         231
  C:1FE3H         LINE#         235
  C:2035H         LINE#         236
  C:2199H         LINE#         237
  C:21E9H         LINE#         240
  C:2311H         LINE#         243
  C:23E0H         LINE#         250
  C:2427H         LINE#         251
  C:2427H         LINE#         253
  C:2452H         LINE#         254
  C:2481H         LINE#         256
  C:24A6H         LINE#         257
  C:250BH         LINE#         258
  C:250BH         LINE#         259
  C:2525H         LINE#         260
  C:2537H         LINE#         261
  C:254FH         LINE#         262
  C:2565H         LINE#         264
  C:2581H         LINE#         265
  C:2581H         LINE#         266
  C:2581H         LINE#         269
  -------         ENDPROC       _UPDATE_POSITION
  -------         PROC          _ELEVATION_CALCULATION
  D:0007H         SYMBOL        mnths
  D:0005H         SYMBOL        dys
  X:03FAH         SYMBOL        hurs
  X:03FBH         SYMBOL        mns
  X:03FCH         SYMBOL        sconds
  C:3B4CH         LINE#         271
  C:3B51H         LINE#         273
  C:3B51H         LINE#         274
  C:3B5BH         LINE#         275
  C:3B64H         LINE#         276
  C:3B6FH         LINE#         277
  C:3B88H         LINE#         278
BL51 BANKED LINKER/LOCATER V6.22                                                      05/31/2019  11:13:33  PAGE 33


  C:3B9CH         LINE#         279
  C:3BAEH         LINE#         283
  C:3C00H         LINE#         284
  C:3D64H         LINE#         285
  C:3DB4H         LINE#         287
  C:3ECBH         LINE#         289
  -------         ENDPROC       _ELEVATION_CALCULATION
  -------         ENDMOD        BIPOLARMOTOR

  -------         MODULE        SUNPOS
  C:0000H         SYMBOL        _ICE_DUMMY_
  C:17A4H         PUBLIC        sunpos
  -------         PROC          SUNPOS
  X:0442H         SYMBOL        udtTime
  X:0454H         SYMBOL        udtLocation
  X:045CH         SYMBOL        udtSunCoordinates
  -------         DO            
  X:045FH         SYMBOL        dElapsedJulianDays
  X:0463H         SYMBOL        dDecimalHours
  X:0467H         SYMBOL        dEclipticLongitude
  X:046BH         SYMBOL        dEclipticObliquity
  X:046FH         SYMBOL        dRightAscension
  X:0473H         SYMBOL        dDeclination
  X:0477H         SYMBOL        dY
  X:047BH         SYMBOL        dX
  -------         DO            
  X:047FH         SYMBOL        dJulianDate
  X:0483H         SYMBOL        liAux1
  X:0487H         SYMBOL        liAux2
  X:047FH         SYMBOL        dMeanLongitude
  X:0483H         SYMBOL        dMeanAnomaly
  X:0487H         SYMBOL        dOmega
  X:047FH         SYMBOL        dSin_EclipticLongitude
  X:047FH         SYMBOL        dGreenwichMeanSiderealTime
  X:0483H         SYMBOL        dLocalMeanSiderealTime
  X:0487H         SYMBOL        dLatitudeInRadians
  X:048BH         SYMBOL        dHourAngle
  X:048FH         SYMBOL        dCos_Latitude
  X:0493H         SYMBOL        dSin_Latitude
  X:0497H         SYMBOL        dCos_HourAngle
  X:049BH         SYMBOL        dParallax
  -------         ENDDO         
  -------         DO            
  X:047FH         SYMBOL        dMeanLongitude
  X:0483H         SYMBOL        dMeanAnomaly
  X:0487H         SYMBOL        dOmega
  X:047FH         SYMBOL        dSin_EclipticLongitude
  X:047FH         SYMBOL        dGreenwichMeanSiderealTime
  X:0483H         SYMBOL        dLocalMeanSiderealTime
  X:0487H         SYMBOL        dLatitudeInRadians
  X:048BH         SYMBOL        dHourAngle
  X:048FH         SYMBOL        dCos_Latitude
  X:0493H         SYMBOL        dSin_Latitude
  X:0497H         SYMBOL        dCos_HourAngle
  X:049BH         SYMBOL        dParallax
  -------         ENDDO         
  -------         DO            
[...]
  C:427FH         LINE#         322
  C:4282H         LINE#         324
  C:429CH         LINE#         325
  C:429CH         LINE#         326
  C:429CH         LINE#         328
  C:429FH         LINE#         330
  C:42B9H         LINE#         331
  C:42B9H         LINE#         332
  C:42B9H         LINE#         334
  C:42BCH         LINE#         336
  C:42D6H         LINE#         337
  C:42D6H         LINE#         338
  C:42D6H         LINE#         340
  C:42D9H         LINE#         342
  C:42F3H         LINE#         343
  C:42F3H         LINE#         344
  C:42F3H         LINE#         346
  C:42F6H         LINE#         348
  C:4310H         LINE#         349
  C:4310H         LINE#         350
  C:4310H         LINE#         352
  C:4313H         LINE#         354
  C:432DH         LINE#         355
  C:432DH         LINE#         356
  C:432DH         LINE#         358
  C:4330H         LINE#         360
  C:434AH         LINE#         361
  C:434AH         LINE#         362
  C:434AH         LINE#         364
  C:434DH         LINE#         366
  C:4367H         LINE#         367
  C:4367H         LINE#         368
  C:4367H         LINE#         370
  C:436AH         LINE#         372
  C:4384H         LINE#         373
  C:438BH         LINE#         374
  -------         ENDPROC       SPI_NOR_WRITE_DATA
  -------         ENDMOD        AT25SF041

  -------         MODULE        SI1120
  C:0000H         SYMBOL        _ICE_DUMMY_
  D:0080H         PUBLIC        P0
  D:00B2H         PUBLIC        P3M0
  D:0090H         PUBLIC        P1
  D:00B1H         PUBLIC        P3M1
  D:00A0H         PUBLIC        P2
  D:00B0H         PUBLIC        P3
  D:00C0H         PUBLIC        P4
  D:00C8H         PUBLIC        P5
BL51 BANKED LINKER/LOCATER V6.22                                                      05/31/2019  11:13:33  PAGE 50


  B:00A8H.7       PUBLIC        EA
  D:00E8H         PUBLIC        P6
  D:00F8H         PUBLIC        P7
  D:00A8H         PUBLIC        IE
  D:00B8H         PUBLIC        IP
  C:5895H         PUBLIC        SI1120_CONFIG_MODE_VIRH
  D:00D8H         PUBLIC        CCON
  D:0098H         PUBLIC        SCON
  D:0088H         PUBLIC        TCON
  C:5C63H         PUBLIC        Enable_EXTINT0
  B:0090H.5       PUBLIC        SI1120_STX
  B:0088H.0       PUBLIC        IT0
  B:00A8H.0       PUBLIC        EX0
  B:0090H.4       PUBLIC        SI1120_MD
  B:0090H.6       PUBLIC        SI1120_SC
  D:00D0H         PUBLIC        PSW
  -------         PROC          SI1120_CONFIG_MODE_VIRH
  C:5895H         LINE#         4
  C:5895H         LINE#         5
  C:5895H         LINE#         6
  C:5897H         LINE#         7
  C:5899H         LINE#         8
  C:589BH         LINE#         10
  C:58A2H         LINE#         11
  C:58A4H         LINE#         13
  C:58A6H         LINE#         14
  C:58A8H         LINE#         16
  C:58AFH         LINE#         18
  C:58B1H         LINE#         20
  C:58B8H         LINE#         23
  C:58BAH         LINE#         25
  C:58BCH         LINE#         27
  C:58C3H         LINE#         29
  C:58C5H         LINE#         31
  -------         ENDPROC       SI1120_CONFIG_MODE_VIRH
  -------         PROC          ENABLE_EXTINT0
  C:5C63H         LINE#         33
  C:5C63H         LINE#         34
  C:5C63H         LINE#         35
  C:5C66H         LINE#         36
  C:5C69H         LINE#         37
  C:5C6BH         LINE#         38
  C:5C6DH         LINE#         39
  C:5C6FH         LINE#         40
  -------         ENDPROC       ENABLE_EXTINT0
  -------         ENDMOD        SI1120

  -------         MODULE        UART1
  C:0000H         SYMBOL        _ICE_DUMMY_
  D:0080H         PUBLIC        P0
  D:0090H         PUBLIC        P1
  D:00A0H         PUBLIC        P2
  D:00B0H         PUBLIC        P3
  D:00C0H         PUBLIC        P4
  D:00C8H         PUBLIC        P5
  C:5A05H         PUBLIC        _uart1_SendToTCPServer
  B:00A8H.7       PUBLIC        EA
BL51 BANKED LINKER/LOCATER V6.22                                                      05/31/2019  11:13:33  PAGE 51


  D:00E8H         PUBLIC        P6
  D:00F8H         PUBLIC        P7
  C:5862H         PUBLIC        _SendString
  D:00A8H         PUBLIC        IE
  B:00A8H.4       PUBLIC        ES
  D:00B8H         PUBLIC        IP
  C:5B4EH         PUBLIC        _ASCIItoBCD
  D:00D8H         PUBLIC        CCON
  C:5C18H         PUBLIC        initUART1
  D:0098H         PUBLIC        SCON
  D:0088H         PUBLIC        TCON
  C:5CB8H         PUBLIC        _DectoBCD
  C:001EH         PUBLIC        _ASCII_Letter
  D:008EH         PUBLIC        AUXR
  C:0006H         PUBLIC        _unit
  C:5CB1H         PUBLIC        _ten
  D:00D6H         PUBLIC        T2H
  D:00D7H         PUBLIC        T2L
  C:5CA2H         PUBLIC        uart1_InitTCPConn
  D:00D0H         PUBLIC        PSW
  -------         PROC          INITUART1
  C:5C18H         LINE#         24
  C:5C18H         LINE#         25
  C:5C18H         LINE#         26
  C:5C1BH         LINE#         27
  C:5C1EH         LINE#         28
  C:5C21H         LINE#         29
  C:5C24H         LINE#         30
  C:5C26H         LINE#         31
  C:5C28H         LINE#         33
  -------         ENDPROC       INITUART1
  -------         PROC          _SENDSTRING
  X:04DDH         SYMBOL        s
  C:5862H         LINE#         36
  C:586DH         LINE#         37
  C:586DH         LINE#         38
  C:587DH         LINE#         39
  C:587DH         LINE#         40
  C:5892H         LINE#         41
  C:5894H         LINE#         42
  -------         ENDPROC       _SENDSTRING
  -------         PROC          _TEN
  D:0007H         SYMBOL        BCD
  C:5CB1H         LINE#         44
  C:5CB1H         LINE#         45
  C:5CB1H         LINE#         46
  C:5CB6H         LINE#         47
  -------         ENDPROC       _TEN
  -------         PROC          _UNIT
  D:0007H         SYMBOL        BCD
  C:0006H         LINE#         48
  C:0006H         LINE#         49
  C:0006H         LINE#         53
  C:000AH         LINE#         54
  -------         ENDPROC       _UNIT
  -------         PROC          _DECTOBCD
  D:0007H         SYMBOL        dec
BL51 BANKED LINKER/LOCATER V6.22                                                      05/31/2019  11:13:33  PAGE 52


  C:5CB8H         LINE#         55
  C:5CB8H         LINE#         56
  C:5CB8H         LINE#         58
  C:5CB8H         LINE#         59
  -------         ENDPROC       _DECTOBCD
  -------         PROC          _ASCII_LETTER
  D:0007H         SYMBOL        dat
  C:001EH         LINE#         61
  C:001EH         LINE#         62
  C:001EH         LINE#         64
  C:0022H         LINE#         65
  -------         ENDPROC       _ASCII_LETTER
  -------         PROC          _ASCIITOBCD
  D:0001H         SYMBOL        ascii
  -------         DO            
  D:0007H         SYMBOL        dec_val
  D:0006H         SYMBOL        ten
  D:0007H         SYMBOL        unit
  -------         ENDDO         
  C:5B4EH         LINE#         67
  C:5B4EH         LINE#         68
  C:5B4EH         LINE#         70
  C:5B51H         LINE#         71
  C:5B57H         LINE#         72
  C:5B5EH         LINE#         73
  C:5B64H         LINE#         75
  -------         ENDPROC       _ASCIITOBCD
  -------         PROC          UART1_INITTCPCONN
  C:5CA2H         LINE#         77
  C:5CA2H         LINE#         78
  C:5CA2H         LINE#         82
  -------         ENDPROC       UART1_INITTCPCONN
  -------         PROC          _UART1_SENDTOTCPSERVER
  X:03F8H         SYMBOL        str
  C:5A05H         LINE#         85
  C:5A10H         LINE#         86
  C:5A10H         LINE#         87
  C:5A19H         LINE#         88
  C:5A20H         LINE#         89
  -------         ENDPROC       _UART1_SENDTOTCPSERVER
  -------         ENDMOD        UART1

  -------         MODULE        ?C_STARTUP
  C:5363H         SEGMENT       ?C_C51STARTUP
  I:0022H         SEGMENT       ?STACK
  C:0000H         PUBLIC        ?C_STARTUP
  D:00E0H         SYMBOL        ACC
  D:00F0H         SYMBOL        B
  D:0083H         SYMBOL        DPH
  D:0082H         SYMBOL        DPL
  N:0000H         SYMBOL        IBPSTACK
  N:0100H         SYMBOL        IBPSTACKTOP
  N:0080H         SYMBOL        IDATALEN
  C:5366H         SYMBOL        IDATALOOP
  N:0000H         SYMBOL        PBPSTACK
  N:0100H         SYMBOL        PBPSTACKTOP
  N:0000H         SYMBOL        PDATALEN
BL51 BANKED LINKER/LOCATER V6.22                                                      05/31/2019  11:13:33  PAGE 53


  N:0000H         SYMBOL        PDATASTART
  N:0000H         SYMBOL        PPAGE
  N:0000H         SYMBOL        PPAGEENABLE
  D:00A0H         SYMBOL        PPAGE_SFR
  D:0081H         SYMBOL        SP
  C:5363H         SYMBOL        STARTUP1
  N:0000H         SYMBOL        XBPSTACK
  N:0000H         SYMBOL        XBPSTACKTOP
  N:0000H         SYMBOL        XDATALEN
  N:0000H         SYMBOL        XDATASTART
  C:0000H         LINE#         126
  C:5363H         LINE#         133
  C:5365H         LINE#         134
  C:5366H         LINE#         135
  C:5367H         LINE#         136
  C:5369H         LINE#         185
  C:536CH         LINE#         196
  -------         ENDMOD        ?C_STARTUP

  -------         MODULE        ?C?FPADD
  C:002DH         PUBLIC        ?C?FPADD
  C:0029H         PUBLIC        ?C?FPSUB
  -------         ENDMOD        ?C?FPADD

  -------         MODULE        ?C?FPMUL
  C:011EH         PUBLIC        ?C?FPMUL
  -------         ENDMOD        ?C?FPMUL

  -------         MODULE        ?C?FPDIV
  C:0227H         PUBLIC        ?C?FPDIV
  -------         ENDMOD        ?C?FPDIV

  -------         MODULE        ?C?FPCMP
  C:02C6H         PUBLIC        ?C?FPCMP
  C:02C4H         PUBLIC        ?C?FPCMP3
  -------         ENDMOD        ?C?FPCMP

  -------         MODULE        ?C?FPNEG
  C:033DH         PUBLIC        ?C?FPNEG
  -------         ENDMOD        ?C?FPNEG

  -------         MODULE        ?C?FCAST
  C:0358H         PUBLIC        ?C?FCASTC
  C:0353H         PUBLIC        ?C?FCASTI
  C:034EH         PUBLIC        ?C?FCASTL
  -------         ENDMOD        ?C?FCAST

  -------         MODULE        ?C?CASTF
  C:038CH         PUBLIC        ?C?CASTF
  -------         ENDMOD        ?C?CASTF

  -------         MODULE        PRINTF
  X:04DDH         PUBLIC        ?_PRINTF?BYTE
  X:04DDH         PUBLIC        ?_SPRINTF?BYTE
  C:2F9AH         PUBLIC        _PRINTF
  C:2F94H         PUBLIC        _SPRINTF
  -------         ENDMOD        PRINTF
BL51 BANKED LINKER/LOCATER V6.22                                                      05/31/2019  11:13:33  PAGE 54



  -------         MODULE        ATAN2
  X:049FH         PUBLIC        ?_atan2?BYTE
  C:5190H         PUBLIC        _atan2
  -------         ENDMOD        ATAN2

  -------         MODULE        SIN
  C:43F1H         PUBLIC        _COS
  C:4407H         PUBLIC        _SIN
  C:4443H         PUBLIC        _TAN
  -------         ENDMOD        SIN

  -------         MODULE        ACOS
  C:5719H         PUBLIC        _ACOS
  -------         ENDMOD        ACOS

  -------         MODULE        ASIN
  C:5827H         PUBLIC        _ASIN
  -------         ENDMOD        ASIN

  -------         MODULE        POW
  X:03BCH         PUBLIC        ?_pow?BYTE
  C:4531H         PUBLIC        _pow
  -------         ENDMOD        POW

  -------         MODULE        ?C?CHKFLOAT
  C:040DH         PUBLIC        ?C?CHKFLOAT
  -------         ENDMOD        ?C?CHKFLOAT

  -------         MODULE        ?C?FPROUND
  C:0427H         PUBLIC        ?C?FPROUND
  -------         ENDMOD        ?C?FPROUND

  -------         MODULE        ?C?FPCONVERT
  C:0464H         PUBLIC        ?C?FPCONVERT
  -------         ENDMOD        ?C?FPCONVERT

  -------         MODULE        EXP
  C:5301H         PUBLIC        _EXP
  -------         ENDMOD        EXP

  -------         MODULE        LOG
  C:4820H         PUBLIC        _LOG
  C:481CH         PUBLIC        _LOG10
  -------         ENDMOD        LOG

  -------         MODULE        SQRT
  C:5047H         PUBLIC        _SQRT
  -------         ENDMOD        SQRT

  -------         MODULE        ATAN
  C:4935H         PUBLIC        _ATAN
  -------         ENDMOD        ATAN

  -------         MODULE        ?C?FTNPWR
  C:05E6H         PUBLIC        ?C?FTNPWR
  -------         ENDMOD        ?C?FTNPWR
BL51 BANKED LINKER/LOCATER V6.22                                                      05/31/2019  11:13:33  PAGE 55



  -------         MODULE        ?C?COPY
  C:06F6H         PUBLIC        ?C?COPY
  -------         ENDMOD        ?C?COPY

  -------         MODULE        ?C?CLDPTR
  C:071CH         PUBLIC        ?C?CLDPTR
  -------         ENDMOD        ?C?CLDPTR

  -------         MODULE        ?C?CLDOPTR
  C:0735H         PUBLIC        ?C?CLDOPTR
  -------         ENDMOD        ?C?CLDOPTR

  -------         MODULE        ?C?CSTPTR
  C:0762H         PUBLIC        ?C?CSTPTR
  -------         ENDMOD        ?C?CSTPTR

  -------         MODULE        ?C?IMUL
  C:0774H         PUBLIC        ?C?IMUL
  -------         ENDMOD        ?C?IMUL

  -------         MODULE        ?C?UIDIV
  C:0786H         PUBLIC        ?C?UIDIV
  -------         ENDMOD        ?C?UIDIV

  -------         MODULE        ?C?SIDIV
  C:07DBH         PUBLIC        ?C?SIDIV
  -------         ENDMOD        ?C?SIDIV

  -------         MODULE        ?C?ILDIX
  C:0811H         PUBLIC        ?C?ILDIX
  -------         ENDMOD        ?C?ILDIX

  -------         MODULE        ?C?ILDOPTR
  C:0827H         PUBLIC        ?C?ILDOPTR
  -------         ENDMOD        ?C?ILDOPTR

  -------         MODULE        ?C?ISTPTR
  C:085FH         PUBLIC        ?C?ISTPTR
  -------         ENDMOD        ?C?ISTPTR

  -------         MODULE        ?C?LMUL
  C:087EH         PUBLIC        ?C?LMUL
  -------         ENDMOD        ?C?LMUL

  -------         MODULE        ?C?SLDIV
  C:5763H         PUBLIC        ?C?SLDIV
  -------         ENDMOD        ?C?SLDIV

  -------         MODULE        ?C?LNEG
  C:08CDH         PUBLIC        ?C?LNEG
  -------         ENDMOD        ?C?LNEG

  -------         MODULE        ?C?ULCMP
  C:08DBH         PUBLIC        ?C?ULCMP
  -------         ENDMOD        ?C?ULCMP

BL51 BANKED LINKER/LOCATER V6.22                                                      05/31/2019  11:13:33  PAGE 56


  -------         MODULE        ?C?LSHL
  C:08ECH         PUBLIC        ?C?LSHL
  -------         ENDMOD        ?C?LSHL

  -------         MODULE        ?C?LLDPTR
  C:08FFH         PUBLIC        ?C?LLDPTR
  -------         ENDMOD        ?C?LLDPTR

  -------         MODULE        ?C?LLDOPTR
  C:091FH         PUBLIC        ?C?LLDOPTR
  -------         ENDMOD        ?C?LLDOPTR

  -------         MODULE        ?C?LSTPTR
  C:094FH         PUBLIC        ?C?LSTPTR
  -------         ENDMOD        ?C?LSTPTR

  -------         MODULE        ?C?LSTOPTR
  C:0969H         PUBLIC        ?C?LSTOPTR
  -------         ENDMOD        ?C?LSTOPTR

  -------         MODULE        ?C?LLDXDATA
  C:098DH         PUBLIC        ?C?LLDXDATA
  -------         ENDMOD        ?C?LLDXDATA

  -------         MODULE        ?C?LLDCODE
  C:0999H         PUBLIC        ?C?LLDCODE
  -------         ENDMOD        ?C?LLDCODE

  -------         MODULE        ?C?LLDXDATA0
  C:09A9H         PUBLIC        ?C?LLDXDATA0
  -------         ENDMOD        ?C?LLDXDATA0

  -------         MODULE        ?C?LLDCODE0
  C:09B5H         PUBLIC        ?C?LLDCODE0
  -------         ENDMOD        ?C?LLDCODE0

  -------         MODULE        ?C?LLDPTR0
  C:09C5H         PUBLIC        ?C?LLDPTR0
  -------         ENDMOD        ?C?LLDPTR0

  -------         MODULE        ?C?LSTXDATA
  C:09E5H         PUBLIC        ?C?LSTXDATA
  -------         ENDMOD        ?C?LSTXDATA

  -------         MODULE        ?C?LSTKXDATA
  C:09F1H         PUBLIC        ?C?LSTKXDATA
  -------         ENDMOD        ?C?LSTKXDATA

  -------         MODULE        ?C?LSTKPTR
  C:0A22H         PUBLIC        ?C?LSTKPTR
  -------         ENDMOD        ?C?LSTKPTR

  -------         MODULE        ?C?OFFXADD
  C:0A3CH         PUBLIC        ?C?OFFXADD
  -------         ENDMOD        ?C?OFFXADD

  -------         MODULE        ?C?PLDIXDATA
BL51 BANKED LINKER/LOCATER V6.22                                                      05/31/2019  11:13:33  PAGE 57


  C:0A48H         PUBLIC        ?C?PLDIXDATA
  -------         ENDMOD        ?C?PLDIXDATA

  -------         MODULE        ?C?PSTXDATA
  C:0A5FH         PUBLIC        ?C?PSTXDATA
  -------         ENDMOD        ?C?PSTXDATA

  -------         MODULE        ?C?CCASE
  C:0A68H         PUBLIC        ?C?CCASE
  -------         ENDMOD        ?C?CCASE

  -------         MODULE        PUTCHAR
  C:5995H         PUBLIC        _PUTCHAR
  -------         ENDMOD        PUTCHAR

  -------         MODULE        ATOI
  C:4D3DH         PUBLIC        _atoi
  -------         ENDMOD        ATOI

  -------         MODULE        ?C?IILDX
  C:0A8EH         PUBLIC        ?C?IILDX
  -------         ENDMOD        ?C?IILDX

  -------         MODULE        ?C?ULDIV
  C:0AE0H         PUBLIC        ?C?ULDIV
  -------         ENDMOD        ?C?ULDIV

  -------         MODULE        ?C?LLDIDATA
  C:0B72H         PUBLIC        ?C?LLDIDATA
  -------         ENDMOD        ?C?LLDIDATA

  -------         MODULE        ?C?LLDPDATA
  C:0B7EH         PUBLIC        ?C?LLDPDATA
  -------         ENDMOD        ?C?LLDPDATA

  -------         MODULE        ?C?LLDIDATA0
  C:0B8AH         PUBLIC        ?C?LLDIDATA0
  -------         ENDMOD        ?C?LLDIDATA0

  -------         MODULE        ?C?LLDPDATA0
  C:0B97H         PUBLIC        ?C?LLDPDATA0
  -------         ENDMOD        ?C?LLDPDATA0

  -------         MODULE        ?C?LSTIDATA
  C:0BA4H         PUBLIC        ?C?LSTIDATA
  -------         ENDMOD        ?C?LSTIDATA

  -------         MODULE        ?C?LSTPDATA
  C:0BB0H         PUBLIC        ?C?LSTPDATA
  -------         ENDMOD        ?C?LSTPDATA

  -------         MODULE        ?C?LSTKIDATA
  C:0BBCH         PUBLIC        ?C?LSTKIDATA
  -------         ENDMOD        ?C?LSTKIDATA

  -------         MODULE        ?C?LSTKPDATA
  C:0BD5H         PUBLIC        ?C?LSTKPDATA
BL51 BANKED LINKER/LOCATER V6.22                                                      05/31/2019  11:13:33  PAGE 58


  -------         ENDMOD        ?C?LSTKPDATA

  -------         MODULE        ISDIGIT
  C:5C47H         PUBLIC        _isdigit
  -------         ENDMOD        ISDIGIT

  -------         MODULE        ISSPACE
  C:5BE2H         PUBLIC        _isspace
  -------         ENDMOD        ISSPACE

*** WARNING L16: UNCALLED SEGMENT, IGNORED FOR OVERLAY PROCESS
    SEGMENT: ?PR?_DAY_OF_YEAR?PCF85063BTL

*** WARNING L16: UNCALLED SEGMENT, IGNORED FOR OVERLAY PROCESS
    SEGMENT: ?PR?NOP?IOEXPANDER_PI4IOE5V96248

*** WARNING L16: UNCALLED SEGMENT, IGNORED FOR OVERLAY PROCESS
    SEGMENT: ?PR?UC_ACK?IOEXPANDER_PI4IOE5V96248

*** WARNING L16: UNCALLED SEGMENT, IGNORED FOR OVERLAY PROCESS
    SEGMENT: ?PR?UC_NACK?IOEXPANDER_PI4IOE5V96248

*** WARNING L16: UNCALLED SEGMENT, IGNORED FOR OVERLAY PROCESS
    SEGMENT: ?PR?_AT25SF041_READ?AT25SF041

*** WARNING L16: UNCALLED SEGMENT, IGNORED FOR OVERLAY PROCESS
    SEGMENT: ?PR?SPI_NOR_WRITE_DATA?AT25SF041

*** WARNING L16: UNCALLED SEGMENT, IGNORED FOR OVERLAY PROCESS
    SEGMENT: ?PR?_TEN?UART1

*** WARNING L16: UNCALLED SEGMENT, IGNORED FOR OVERLAY PROCESS
    SEGMENT: ?PR?_UNIT?UART1

*** WARNING L16: UNCALLED SEGMENT, IGNORED FOR OVERLAY PROCESS
    SEGMENT: ?PR?_DECTOBCD?UART1

*** WARNING L16: UNCALLED SEGMENT, IGNORED FOR OVERLAY PROCESS
    SEGMENT: ?PR?_ASCII_LETTER?UART1

*** WARNING L16: UNCALLED SEGMENT, IGNORED FOR OVERLAY PROCESS
    SEGMENT: ?PR?_ASCIITOBCD?UART1

Program Size: data=15.4 xdata=1610 code=23737
LINK/LOCATE RUN COMPLETE.  11 WARNING(S),  0 ERROR(S)
