BL51 BANKED LINKER/LOCATER V6.22                                                        01/11/2019  12:56:06  PAGE 1


BL51 BANKED LINKER/LOCATER V6.22, INVOKED BY:
C:\KEIL_V5\C51\BIN\BL51.EXE .\Obj\main.obj, .\Obj\PCF85063BTL.obj, .\Obj\UART1.obj, .\Obj\LCd_Driver_SPLC780D.obj, .\Obj
>> \KeyPad.obj, .\Obj\VCNL4035.obj, .\Obj\BipolarMotor.obj, .\Obj\SunPos.obj, .\Obj\STARTUP.obj TO .\Obj\GPIO_RTC_Test P
>> RINT (.\Lis\GPIO_RTC_Test.m51) RAMSIZE (256)


MEMORY MODEL: LARGE WITH FLOATING POINT ARITHMETIC


INPUT MODULES INCLUDED:
  .\Obj\main.obj (MAIN)
  .\Obj\PCF85063BTL.obj (PCF85063BTL)
  .\Obj\UART1.obj (UART1)
  .\Obj\LCd_Driver_SPLC780D.obj (LCD_DRIVER_SPLC780D)
  .\Obj\KeyPad.obj (KEYPAD)
  .\Obj\VCNL4035.obj (VCNL4035)
  .\Obj\BipolarMotor.obj (BIPOLARMOTOR)
  .\Obj\SunPos.obj (SUNPOS)
  .\Obj\STARTUP.obj (?C_STARTUP)
  C:\KEIL_V5\C51\LIB\C51FPL.LIB (?C?FPADD)
  C:\KEIL_V5\C51\LIB\C51FPL.LIB (?C?FPMUL)
  C:\KEIL_V5\C51\LIB\C51FPL.LIB (?C?FPDIV)
  C:\KEIL_V5\C51\LIB\C51FPL.LIB (?C?FPCMP)
  C:\KEIL_V5\C51\LIB\C51FPL.LIB (?C?FPNEG)
  C:\KEIL_V5\C51\LIB\C51FPL.LIB (?C?FCAST)
  C:\KEIL_V5\C51\LIB\C51FPL.LIB (?C?CASTF)
  C:\KEIL_V5\C51\LIB\C51FPL.LIB (ATAN2)
  C:\KEIL_V5\C51\LIB\C51FPL.LIB (SIN)
  C:\KEIL_V5\C51\LIB\C51FPL.LIB (ACOS)
  C:\KEIL_V5\C51\LIB\C51FPL.LIB (ASIN)
  C:\KEIL_V5\C51\LIB\C51FPL.LIB (?C?FPGETOPN)
  C:\KEIL_V5\C51\LIB\C51FPL.LIB (?C?FPSERIES)
  C:\KEIL_V5\C51\LIB\C51FPL.LIB (SQRT)
  C:\KEIL_V5\C51\LIB\C51FPL.LIB (ATAN)
  C:\KEIL_V5\C51\LIB\C51L.LIB (?C_INIT)
  C:\KEIL_V5\C51\LIB\C51L.LIB (?C?COPY)
  C:\KEIL_V5\C51\LIB\C51L.LIB (?C?CLDPTR)
  C:\KEIL_V5\C51\LIB\C51L.LIB (?C?CSTPTR)
  C:\KEIL_V5\C51\LIB\C51L.LIB (?C?IMUL)
  C:\KEIL_V5\C51\LIB\C51L.LIB (?C?UIDIV)
  C:\KEIL_V5\C51\LIB\C51L.LIB (?C?SIDIV)
  C:\KEIL_V5\C51\LIB\C51L.LIB (?C?ILDIX)
  C:\KEIL_V5\C51\LIB\C51L.LIB (?C?LMUL)
  C:\KEIL_V5\C51\LIB\C51L.LIB (?C?SLDIV)
  C:\KEIL_V5\C51\LIB\C51L.LIB (?C?LNEG)
  C:\KEIL_V5\C51\LIB\C51L.LIB (?C?LLDPTR)
  C:\KEIL_V5\C51\LIB\C51L.LIB (?C?LLDOPTR)
  C:\KEIL_V5\C51\LIB\C51L.LIB (?C?LSTPTR)
  C:\KEIL_V5\C51\LIB\C51L.LIB (?C?LSTOPTR)
  C:\KEIL_V5\C51\LIB\C51L.LIB (?C?LLDXDATA)
  C:\KEIL_V5\C51\LIB\C51L.LIB (?C?LLDCODE)
  C:\KEIL_V5\C51\LIB\C51L.LIB (?C?LLDXDATA0)
  C:\KEIL_V5\C51\LIB\C51L.LIB (?C?LLDCODE0)
  C:\KEIL_V5\C51\LIB\C51L.LIB (?C?LLDPTR0)
  C:\KEIL_V5\C51\LIB\C51L.LIB (?C?LSTXDATA)
  C:\KEIL_V5\C51\LIB\C51L.LIB (?C?LSTKXDATA)
  C:\KEIL_V5\C51\LIB\C51L.LIB (?C?OFFXADD)
  C:\KEIL_V5\C51\LIB\C51L.LIB (ABS)
BL51 BANKED LINKER/LOCATER V6.22                                                      01/11/2019  12:56:06  PAGE 2


  C:\KEIL_V5\C51\LIB\C51L.LIB (ATOI)
  C:\KEIL_V5\C51\LIB\C51L.LIB (?C?IILDX)
  C:\KEIL_V5\C51\LIB\C51L.LIB (?C?ULDIV)
  C:\KEIL_V5\C51\LIB\C51L.LIB (?C?LLDIDATA)
  C:\KEIL_V5\C51\LIB\C51L.LIB (?C?LLDPDATA)
  C:\KEIL_V5\C51\LIB\C51L.LIB (?C?LLDIDATA0)
  C:\KEIL_V5\C51\LIB\C51L.LIB (?C?LLDPDATA0)
  C:\KEIL_V5\C51\LIB\C51L.LIB (?C?LSTIDATA)
  C:\KEIL_V5\C51\LIB\C51L.LIB (?C?LSTPDATA)
  C:\KEIL_V5\C51\LIB\C51L.LIB (ISDIGIT)
  C:\KEIL_V5\C51\LIB\C51L.LIB (ISSPACE)


LINK MAP OF MODULE:  .\Obj\GPIO_RTC_Test (MAIN)


            TYPE    BASE      LENGTH    RELOCATION   SEGMENT NAME
            -----------------------------------------------------

            * * * * * * *   D A T A   M E M O R Y   * * * * * * *
            REG     0000H     0008H     ABSOLUTE     "REG BANK 0"
            REG     0008H     0008H     ABSOLUTE     "REG BANK 1"
                    0010H     0010H                  *** GAP ***
            BIT     0020H.0   0000H.4   UNIT         ?BI?KEYPAD
            BIT     0020H.4   0000H.3   UNIT         _BIT_GROUP_
            BIT     0020H.7   0000H.1   UNIT         ?BI?MAIN
            IDATA   0021H     0001H     UNIT         ?STACK

            * * * * * * *  X D A T A   M E M O R Y  * * * * * * *
            XDATA   0000H     03C0H     UNIT         ?XD?BIPOLARMOTOR
            XDATA   03C0H     0130H     UNIT         _XDATA_GROUP_
            XDATA   04F0H     0040H     UNIT         ?XD?_FINDDET4X4?BIPOLARMOTOR
            XDATA   0530H     0024H     UNIT         ?XD?_FINDDET3X3?BIPOLARMOTOR
            XDATA   0554H     001CH     UNIT         ?XD?MAIN
            XDATA   0570H     0009H     UNIT         ?XD?KEYPAD
            XDATA   0579H     0008H     UNIT         ?XD?_READ_VCNL4035?VCNL4035
            XDATA   0581H     0004H     UNIT         ?XD?_DISPLAY_PROX?MAIN
            XDATA   0585H     0003H     UNIT         ?XD?_SENDSTRING?UART1
            XDATA   0588H     0001H     UNIT         ?XD?UC_ACK?VCNL4035
            XDATA   0589H     0001H     UNIT         ?XD?UC_NACK?VCNL4035
            XDATA   058AH     0001H     UNIT         ?XD?_DISPLAYLCD_VCNL4035?VCNL4035

            * * * * * * *   C O D E   M E M O R Y   * * * * * * *
            CODE    0000H     0003H     ABSOLUTE     
            CODE    0003H     0006H     UNIT         ?PR?_TEN?UART1
            CODE    0009H     0001H     UNIT         ?PR?TM0_ISR?MAIN
            CODE    000AH     0001H     UNIT         ?PR?_DECTOBCD?UART1
            CODE    000BH     0003H     ABSOLUTE     
            CODE    000EH     0015H     UNIT         ?PR?_DISPLAY_LINE?LCD_DRIVER_SPLC780D
            CODE    0023H     0003H     ABSOLUTE     
            CODE    0026H     08C2H     UNIT         ?C?LIB_CODE
            CODE    08E8H     07A2H     UNIT         ?PR?SUNPOS?SUNPOS
            CODE    108AH     074BH     UNIT         ?PR?_UPDATE_POSITION?BIPOLARMOTOR
            CODE    17D5H     040CH     UNIT         ?C_INITSEG
            CODE    1BE1H     02C0H     UNIT         ?PR?_FINDDET4X4?BIPOLARMOTOR
            CODE    1EA1H     02A0H     UNIT         ?PR?KEY_PROCESS?KEYPAD
            CODE    2141H     0284H     UNIT         ?PR?MAIN?MAIN
BL51 BANKED LINKER/LOCATER V6.22                                                      01/11/2019  12:56:06  PAGE 3


            CODE    23C5H     01D1H     UNIT         ?PR?_FINDDET3X3?BIPOLARMOTOR
            CODE    2596H     01B5H     UNIT         ?PR?_DISPLAY_POS?MAIN
            CODE    274BH     018DH     UNIT         ?PR?KEY_SCAN?KEYPAD
            CODE    28D8H     0188H     UNIT         ?PR?SIN?SIN
            CODE    2A60H     0122H     UNIT         ?PR?ATAN?ATAN
            CODE    2B82H     00DBH     UNIT         ?PR?_ATOI?ATOI
            CODE    2C5DH     00B1H     UNIT         ?PR?LINEAR_INTERPOLATE?BIPOLARMOTOR
            CODE    2D0EH     00ACH     UNIT         ?PR?SQRT?SQRT
            CODE    2DBAH     009DH     UNIT         ?PR?_ATAN2?ATAN2
            CODE    2E57H     009BH     UNIT         ?PR?UART?MAIN
            CODE    2EF2H     009AH     UNIT         ?PR?_READ_VCNL4035?VCNL4035
            CODE    2F8CH     0095H     UNIT         ?PR?_DISPLAY_PROX?MAIN
            CODE    3021H     008CH     UNIT         ?C_C51STARTUP
            CODE    30ADH     0084H     UNIT         ?PR?_DAY_OF_YEAR?PCF85063BTL
            CODE    3131H     0075H     UNIT         ?PR?_WRITEDATA?LCD_DRIVER_SPLC780D
            CODE    31A6H     006FH     UNIT         ?PR?_READ_TIME?PCF85063BTL
            CODE    3215H     0059H     UNIT         ?PR?LCD_INIT?LCD_DRIVER_SPLC780D
            CODE    326EH     0059H     UNIT         ?PR?_STEP_MOVE?BIPOLARMOTOR
            CODE    32C7H     004AH     UNIT         ?PR?ACOS?ACOS
            CODE    3311H     0049H     UNIT         ?PR?_WRITE_VCNL4035X?VCNL4035
            CODE    335AH     0044H     UNIT         ?C?LDIV
            CODE    339EH     0040H     UNIT         ?PR?_COMMAND?LCD_DRIVER_SPLC780D
            CODE    33DEH     003BH     UNIT         ?PR?ASIN?ASIN
            CODE    3419H     0034H     UNIT         ?PR?_MOVE?BIPOLARMOTOR
            CODE    344DH     0033H     UNIT         ?PR?_SENDSTRING?UART1
            CODE    3480H     002CH     UNIT         ?PR?I2C_RECEIVEBYTE?VCNL4035
            CODE    34ACH     002BH     UNIT         ?PR?_WAIT_MS_I2C?VCNL4035
            CODE    34D7H     0024H     UNIT         ?PR?_WAIT_MS?LCD_DRIVER_SPLC780D
            CODE    34FBH     0022H     UNIT         ?PR?_I2C_SENDBYTE?VCNL4035
            CODE    351DH     0020H     UNIT         ?PR?_SPI_SENDBYTE?PCF85063BTL
            CODE    353DH     0020H     UNIT         ?PR?SPI_RECEIVEBYTE?PCF85063BTL
            CODE    355DH     001EH     UNIT         ?PR?_DELAY_MS?KEYPAD
            CODE    357BH     001EH     UNIT         ?PR?_WAIT_MS_IIC?VCNL4035
            CODE    3599H     001DH     UNIT         ?PR?_DISPLAYLCD?LCD_DRIVER_SPLC780D
            CODE    35B6H     001BH     UNIT         ?PR?I2C_ACK?VCNL4035
            CODE    35D1H     001BH     UNIT         ?PR?_BCDTODEC1?BIPOLARMOTOR
            CODE    35ECH     0018H     UNIT         ?PR?_SPI_WRITETIME?PCF85063BTL
            CODE    3604H     0017H     UNIT         ?PR?_ASCIITOBCD?UART1
            CODE    361BH     0017H     UNIT         ?PR?I2C_INIT?VCNL4035
            CODE    3632H     0015H     UNIT         ?PR?I2C_STOP?VCNL4035
            CODE    3647H     0014H     UNIT         ?PR?_PCF85063BTL_DELAY?PCF85063BTL
            CODE    365BH     0014H     UNIT         ?PR?_ISSPACE?ISSPACE
            CODE    366FH     0013H     UNIT         ?PR?I2C_START?VCNL4035
            CODE    3682H     0011H     UNIT         ?PR?_SPI_READTIME?PCF85063BTL
            CODE    3693H     0011H     UNIT         ?PR?_BCDTODEC?PCF85063BTL
            CODE    36A4H     0011H     UNIT         ?PR?INITUART1?UART1
            CODE    36B5H     000FH     UNIT         ?PR?UC_NACK?VCNL4035
            CODE    36C4H     000FH     UNIT         ?PR?_ISDIGIT?ISDIGIT
            CODE    36D3H     000DH     UNIT         ?PR?SPI_INIT?PCF85063BTL
            CODE    36E0H     000CH     UNIT         ?PR?KEYPAD_IO_INIT?KEYPAD
            CODE    36ECH     000CH     UNIT         ?PR?_ABS?ABS
            CODE    36F8H     000AH     UNIT         ?PR?LCD_RETURN_HOME?LCD_DRIVER_SPLC780D
            CODE    3702H     000AH     UNIT         ?PR?LCD_CLEAR?LCD_DRIVER_SPLC780D
            CODE    370CH     0009H     UNIT         ?PR?_SENDUART1?MAIN
            CODE    3715H     0006H     UNIT         ?PR?UC_ACK?VCNL4035
            CODE    371BH     0006H     UNIT         ?PR?_DISPLAYLCD_VCNL4035?VCNL4035
            CODE    3721H     0005H     UNIT         ?PR?_UNIT?UART1
BL51 BANKED LINKER/LOCATER V6.22                                                      01/11/2019  12:56:06  PAGE 4


            CODE    3726H     0005H     UNIT         ?PR?_ASCII_LETTER?UART1
            CODE    372BH     0001H     UNIT         ?PR?NOP?VCNL4035



OVERLAY MAP OF MODULE:   .\Obj\GPIO_RTC_Test (MAIN)


SEGMENT                                            BIT_GROUP          XDATA_GROUP
  +--> CALLED SEGMENT                           START    LENGTH     START    LENGTH
-----------------------------------------------------------------------------------
?PR?UART?MAIN                                   -----    -----      -----    -----
  +--> ?PR?_ASCIITOBCD?UART1

?PR?_ASCIITOBCD?UART1                           -----    -----      -----    -----
  +--> ?PR?_ATOI?ATOI

?PR?_ATOI?ATOI                                  0020H.4  0000H.1    03C0H    0005H
  +--> ?PR?_ISSPACE?ISSPACE
  +--> ?PR?_ISDIGIT?ISDIGIT

*** NEW ROOT ***************************************************

?C_C51STARTUP                                   -----    -----      -----    -----
  +--> ?PR?MAIN?MAIN
  +--> ?C_INITSEG

?PR?MAIN?MAIN                                   -----    -----      03C5H    0017H
  +--> ?PR?LCD_INIT?LCD_DRIVER_SPLC780D
  +--> ?PR?SPI_INIT?PCF85063BTL
  +--> ?PR?KEYPAD_IO_INIT?KEYPAD
  +--> ?PR?I2C_INIT?VCNL4035
  +--> ?PR?_DELAY_MS?KEYPAD
  +--> ?PR?_DISPLAY_LINE?LCD_DRIVER_SPLC780D
  +--> ?PR?_WRITEDATA?LCD_DRIVER_SPLC780D
  +--> ?PR?KEY_PROCESS?KEYPAD
  +--> ?PR?_COMMAND?LCD_DRIVER_SPLC780D
  +--> ?PR?_DISPLAY_POS?MAIN
  +--> ?PR?_DISPLAYLCD?LCD_DRIVER_SPLC780D
  +--> ?PR?_STEP_MOVE?BIPOLARMOTOR
  +--> ?PR?LCD_RETURN_HOME?LCD_DRIVER_SPLC780D
  +--> ?PR?_READ_TIME?PCF85063BTL
  +--> ?PR?_UPDATE_POSITION?BIPOLARMOTOR

?PR?LCD_INIT?LCD_DRIVER_SPLC780D                -----    -----      -----    -----
  +--> ?PR?_WAIT_MS?LCD_DRIVER_SPLC780D
  +--> ?PR?_COMMAND?LCD_DRIVER_SPLC780D

?PR?_COMMAND?LCD_DRIVER_SPLC780D                -----    -----      -----    -----
  +--> ?PR?_WAIT_MS?LCD_DRIVER_SPLC780D

?PR?I2C_INIT?VCNL4035                           -----    -----      -----    -----
  +--> ?PR?_WRITE_VCNL4035X?VCNL4035

?PR?_WRITE_VCNL4035X?VCNL4035                   -----    -----      03DCH    0003H
  +--> ?PR?I2C_START?VCNL4035
  +--> ?PR?_WAIT_MS_I2C?VCNL4035
BL51 BANKED LINKER/LOCATER V6.22                                                      01/11/2019  12:56:06  PAGE 5


  +--> ?PR?I2C_ACK?VCNL4035
  +--> ?PR?_I2C_SENDBYTE?VCNL4035
  +--> ?PR?I2C_STOP?VCNL4035

?PR?I2C_START?VCNL4035                          -----    -----      -----    -----
  +--> ?PR?_WAIT_MS_IIC?VCNL4035
  +--> ?PR?_WAIT_MS_I2C?VCNL4035

?PR?I2C_ACK?VCNL4035                            -----    -----      03DFH    0001H
  +--> ?PR?_I2C_SENDBYTE?VCNL4035
  +--> ?PR?_WAIT_MS_I2C?VCNL4035

?PR?_I2C_SENDBYTE?VCNL4035                      -----    -----      -----    -----
  +--> ?PR?_WAIT_MS_I2C?VCNL4035

?PR?I2C_STOP?VCNL4035                           -----    -----      -----    -----
  +--> ?PR?_WAIT_MS_I2C?VCNL4035

?PR?_DISPLAY_LINE?LCD_DRIVER_SPLC780D           -----    -----      -----    -----
  +--> ?PR?_COMMAND?LCD_DRIVER_SPLC780D

?PR?_WRITEDATA?LCD_DRIVER_SPLC780D              -----    -----      03E6H    0001H
  +--> ?PR?_WAIT_MS?LCD_DRIVER_SPLC780D

?PR?KEY_PROCESS?KEYPAD                          -----    -----      03DCH    0006H
  +--> ?PR?KEY_SCAN?KEYPAD
  +--> ?PR?_SPI_WRITETIME?PCF85063BTL
  +--> ?PR?LCD_CLEAR?LCD_DRIVER_SPLC780D
  +--> ?PR?_COMMAND?LCD_DRIVER_SPLC780D
  +--> ?PR?_WRITEDATA?LCD_DRIVER_SPLC780D

?PR?KEY_SCAN?KEYPAD                             -----    -----      03E2H    0003H

?PR?_SPI_WRITETIME?PCF85063BTL                  -----    -----      -----    -----
  +--> ?PR?_SPI_SENDBYTE?PCF85063BTL

?PR?_SPI_SENDBYTE?PCF85063BTL                   -----    -----      -----    -----
  +--> ?PR?_PCF85063BTL_DELAY?PCF85063BTL

?PR?LCD_CLEAR?LCD_DRIVER_SPLC780D               -----    -----      -----    -----
  +--> ?PR?_COMMAND?LCD_DRIVER_SPLC780D

?PR?_DISPLAY_POS?MAIN                           -----    -----      03DCH    000AH
  +--> ?PR?_ABS?ABS
  +--> ?PR?_WRITEDATA?LCD_DRIVER_SPLC780D

?PR?_DISPLAYLCD?LCD_DRIVER_SPLC780D             -----    -----      03DCH    0001H
  +--> ?PR?_WRITEDATA?LCD_DRIVER_SPLC780D

?PR?_STEP_MOVE?BIPOLARMOTOR                     0020H.6  0000H.1    048BH    0004H
  +--> ?PR?_WAIT_MS?LCD_DRIVER_SPLC780D

?PR?LCD_RETURN_HOME?LCD_DRIVER_SPLC780D         -----    -----      -----    -----
  +--> ?PR?_COMMAND?LCD_DRIVER_SPLC780D

?PR?_READ_TIME?PCF85063BTL                      -----    -----      03DCH    000FH
  +--> ?PR?_SPI_READTIME?PCF85063BTL
BL51 BANKED LINKER/LOCATER V6.22                                                      01/11/2019  12:56:06  PAGE 6



?PR?_SPI_READTIME?PCF85063BTL                   -----    -----      -----    -----
  +--> ?PR?_SPI_SENDBYTE?PCF85063BTL
  +--> ?PR?SPI_RECEIVEBYTE?PCF85063BTL

?PR?SPI_RECEIVEBYTE?PCF85063BTL                 -----    -----      -----    -----
  +--> ?PR?_PCF85063BTL_DELAY?PCF85063BTL

?PR?_UPDATE_POSITION?BIPOLARMOTOR               -----    -----      03DCH    00ABH
  +--> ?PR?_BCDTODEC1?BIPOLARMOTOR
  +--> ?PR?SUNPOS?SUNPOS
  +--> ?PR?SIN?SIN
  +--> ?PR?ASIN?ASIN
  +--> ?PR?LINEAR_INTERPOLATE?BIPOLARMOTOR
  +--> ?PR?_MOVE?BIPOLARMOTOR

?PR?SUNPOS?SUNPOS                               -----    -----      0487H    005DH
  +--> ?PR?SIN?SIN
  +--> ?PR?_ATAN2?ATAN2
  +--> ?PR?ASIN?ASIN
  +--> ?PR?ACOS?ACOS

?PR?SIN?SIN                                     0020H.5  0000H.1    04E4H    0004H

?PR?_ATAN2?ATAN2                                -----    -----      04E4H    0008H
  +--> ?PR?ATAN?ATAN

?PR?ATAN?ATAN                                   0020H.5  0000H.2    04ECH    0004H

?PR?ASIN?ASIN                                   -----    -----      -----    -----
  +--> ?PR?SQRT?SQRT
  +--> ?PR?ATAN?ATAN

?PR?SQRT?SQRT                                   -----    -----      04E4H    0004H

?PR?ACOS?ACOS                                   -----    -----      -----    -----
  +--> ?PR?SQRT?SQRT
  +--> ?PR?ATAN?ATAN

?PR?LINEAR_INTERPOLATE?BIPOLARMOTOR             -----    -----      0487H    0014H

?PR?_MOVE?BIPOLARMOTOR                          0020H.5  0000H.1    0487H    0004H
  +--> ?PR?_STEP_MOVE?BIPOLARMOTOR



UNRESOLVED EXTERNAL SYMBOLS:
   AUTO_MODE



SYMBOL TABLE OF MODULE:  .\Obj\GPIO_RTC_Test (MAIN)

  VALUE           TYPE          NAME
  ----------------------------------

  -------         MODULE        MAIN
BL51 BANKED LINKER/LOCATER V6.22                                                      01/11/2019  12:56:06  PAGE 7


  C:0000H         SYMBOL        _ICE_DUMMY_
  D:0080H         PUBLIC        P0
  D:0090H         PUBLIC        P1
  D:00A0H         PUBLIC        P2
  D:00B0H         PUBLIC        P3
  D:00C0H         PUBLIC        P4
  D:00C8H         PUBLIC        P5
  X:055CH         SYMBOL        PressedKey
  B:00A8H.7       PUBLIC        EA
  D:00E8H         PUBLIC        P6
  D:00F8H         PUBLIC        P7
  X:0560H         PUBLIC        RX_Data_Uart_Cnt
  D:00A8H         PUBLIC        IE
  D:00B8H         PUBLIC        IP
  B:0098H.0       PUBLIC        RI
  B:0098H.1       PUBLIC        TI
  C:2E57H         PUBLIC        Uart
  D:00D8H         PUBLIC        CCON
  C:2141H         PUBLIC        main
  D:0099H         PUBLIC        SBUF
  D:0098H         PUBLIC        SCON
  D:0089H         PUBLIC        TMOD
  D:0088H         PUBLIC        TCON
  B:00B0H.3       PUBLIC        P33
  X:0562H         SYMBOL        KeyCount
  X:0564H         PUBLIC        Rec_data_hour
  X:0567H         PUBLIC        Rec_data_min
  D:008EH         PUBLIC        AUXR
  C:0009H         PUBLIC        tm0_isr
  B:0020H.7       PUBLIC        busy
  D:00E0H         PUBLIC        ACC
  B:00A8H.1       PUBLIC        ET0
  D:008CH         PUBLIC        TH0
  X:056AH         PUBLIC        hour_count
  D:008AH         PUBLIC        TL0
  X:056BH         PUBLIC        min_count
  B:0088H.4       PUBLIC        TR0
  X:056CH         SYMBOL        KeyNum
  X:056DH         SYMBOL        KeyNum_Old
  C:2F8CH         PUBLIC        _Display_Prox
  C:2596H         PUBLIC        _Display_Pos
  X:056EH         PUBLIC        st_time
  D:00D0H         PUBLIC        PSW
  C:370CH         PUBLIC        _SendUART1
  -------         PROC          TM0_ISR
  C:0009H         LINE#         53
  C:0009H         LINE#         56
  -------         ENDPROC       TM0_ISR
  -------         PROC          MAIN
  -------         DO            
  X:03C5H         SYMBOL        seconds
  X:03C6H         SYMBOL        mins
  X:03C7H         SYMBOL        hours
  X:03C8H         SYMBOL        days
  X:03C9H         SYMBOL        months
  X:03CAH         SYMBOL        mins1
  X:03CBH         SYMBOL        hours1
BL51 BANKED LINKER/LOCATER V6.22                                                      01/11/2019  12:56:06  PAGE 8


  X:03CCH         SYMBOL        mins2
  X:03CDH         SYMBOL        hours2
  X:03CEH         SYMBOL        prox_data
  X:0554H         SYMBOL        KeyCount
  X:0556H         SYMBOL        KeyNum_Old
  X:0557H         SYMBOL        KeyNum
  X:0558H         SYMBOL        PressedKey
  X:03D0H         SYMBOL        prox_flag
  X:03D1H         SYMBOL        count
  X:03D3H         SYMBOL        numStr
  X:03D8H         SYMBOL        current_position
  -------         ENDDO         
  C:2141H         LINE#         58
  C:2141H         LINE#         59
  C:2141H         LINE#         64
  C:2147H         LINE#         66
  C:214CH         LINE#         68
  C:2156H         LINE#         69
  C:2158H         LINE#         70
  C:215AH         LINE#         71
  C:215CH         LINE#         72
  C:2163H         LINE#         81
  C:2166H         LINE#         82
  C:2169H         LINE#         83
  C:216CH         LINE#         85
  C:216FH         LINE#         87
  C:2172H         LINE#         88
  C:2175H         LINE#         89
  C:2178H         LINE#         90
  C:217AH         LINE#         91
  C:217CH         LINE#         92
  C:217EH         LINE#         94
  C:2180H         LINE#         96
  C:2187H         LINE#         98
  C:218EH         LINE#         102
  C:2195H         LINE#         103
  C:219AH         LINE#         104
  C:219FH         LINE#         105
  C:21A4H         LINE#         106
  C:21A9H         LINE#         107
  C:21AEH         LINE#         110
  C:21AEH         LINE#         111
  C:21AEH         LINE#         112
  C:21B1H         LINE#         115
  C:21B1H         LINE#         118
  C:21B6H         LINE#         119
  C:21BBH         LINE#         121
  C:21C0H         LINE#         122
  C:21C5H         LINE#         123
  C:21CAH         LINE#         124
  C:21CFH         LINE#         126
  C:21E0H         LINE#         128
  C:21E7H         LINE#         129
  C:21EFH         LINE#         130
  C:21F4H         LINE#         131
  C:21FCH         LINE#         132
  C:2201H         LINE#         133
BL51 BANKED LINKER/LOCATER V6.22                                                      01/11/2019  12:56:06  PAGE 9


  C:220BH         LINE#         134
  C:2210H         LINE#         135
  C:2218H         LINE#         137
  C:2220H         LINE#         138
  C:2225H         LINE#         139
  C:222FH         LINE#         140
  C:222FH         LINE#         141
  C:2231H         LINE#         142
  C:2233H         LINE#         143
  C:223DH         LINE#         144
  C:223DH         LINE#         145
  C:2242H         LINE#         146
  C:2242H         LINE#         158
  C:224FH         LINE#         159
  C:224FH         LINE#         160
  C:2259H         LINE#         161
  C:226FH         LINE#         162
  C:226FH         LINE#         163
  C:2271H         LINE#         164
  C:2273H         LINE#         166
  C:2273H         LINE#         167
  C:227EH         LINE#         168
  C:227EH         LINE#         169
  C:2283H         LINE#         170
  C:2283H         LINE#         171
  C:2290H         LINE#         172
  C:2290H         LINE#         175
  C:229AH         LINE#         176
  C:22B0H         LINE#         177
  C:22B0H         LINE#         178
  C:22B2H         LINE#         179
  C:22B4H         LINE#         181
  C:22B4H         LINE#         182
  C:22BFH         LINE#         183
  C:22BFH         LINE#         184
  C:22C4H         LINE#         185
  C:22C6H         LINE#         186
  C:22C6H         LINE#         195
  C:22E8H         LINE#         196
  C:22E8H         LINE#         197
  C:22F2H         LINE#         198
  C:22F8H         LINE#         199
  C:22FAH         LINE#         200
  C:22FCH         LINE#         201
  C:22FEH         LINE#         202
  C:22FEH         LINE#         203
  C:2301H         LINE#         205
  C:2301H         LINE#         206
  C:2309H         LINE#         207
  C:2311H         LINE#         208
  C:2319H         LINE#         209
  C:2321H         LINE#         210
  C:235CH         LINE#         214
  C:2369H         LINE#         215
  C:2369H         LINE#         216
  C:239CH         LINE#         217
  C:23C2H         LINE#         219
BL51 BANKED LINKER/LOCATER V6.22                                                      01/11/2019  12:56:06  PAGE 10


  C:23C2H         LINE#         236
  -------         ENDPROC       MAIN
  -------         PROC          UART
  C:2E57H         LINE#         243
  C:2E64H         LINE#         245
  C:2E67H         LINE#         246
  C:2E67H         LINE#         247
  C:2E75H         LINE#         248
  C:2E77H         LINE#         249
  C:2E89H         LINE#         250
  C:2E98H         LINE#         251
  C:2EA3H         LINE#         252
  C:2EA3H         LINE#         255
  C:2EB0H         LINE#         256
  C:2EB6H         LINE#         257
  C:2EB6H         LINE#         258
  C:2EBCH         LINE#         259
  C:2ECAH         LINE#         260
  C:2ED8H         LINE#         261
  C:2EE0H         LINE#         266
  C:2EE0H         LINE#         267
  C:2EE0H         LINE#         270
  C:2EE0H         LINE#         271
  C:2EE3H         LINE#         272
  C:2EE3H         LINE#         273
  C:2EE5H         LINE#         274
  C:2EE7H         LINE#         275
  C:2EE7H         LINE#         276
  -------         ENDPROC       UART
  -------         PROC          _SENDUART1
  D:0007H         SYMBOL        dat
  C:370CH         LINE#         279
  C:370CH         LINE#         280
  C:370CH         LINE#         281
  C:370FH         LINE#         282
  C:3711H         LINE#         283
  C:3712H         LINE#         284
  C:3714H         LINE#         285
  -------         ENDPROC       _SENDUART1
  -------         PROC          _DISPLAY_PROX
  D:0002H         SYMBOL        dat
  -------         DO            
  X:0581H         SYMBOL        unit
  X:0582H         SYMBOL        ten
  X:0583H         SYMBOL        hundred
  X:0584H         SYMBOL        thousand
  -------         ENDDO         
  C:2F8CH         LINE#         288
  C:2F90H         LINE#         289
  C:2F90H         LINE#         291
  C:2F9CH         LINE#         292
  C:2FACH         LINE#         293
  C:2FC8H         LINE#         294
  C:2FF8H         LINE#         295
  C:3002H         LINE#         296
  C:300CH         LINE#         297
  C:3016H         LINE#         298
BL51 BANKED LINKER/LOCATER V6.22                                                      01/11/2019  12:56:06  PAGE 11


  C:3020H         LINE#         300
  -------         ENDPROC       _DISPLAY_PROX
  -------         PROC          _DISPLAY_POS
  X:03DCH         SYMBOL        sign_dat
  -------         DO            
  X:03E0H         SYMBOL        unit
  X:03E1H         SYMBOL        ten
  X:03E2H         SYMBOL        hundred
  D:0003H         SYMBOL        thousand
  X:03E3H         SYMBOL        after_dot
  X:03E4H         SYMBOL        dat
  -------         ENDDO         
  C:2596H         LINE#         303
  C:259CH         LINE#         304
  C:259CH         LINE#         308
  C:25B8H         LINE#         309
  C:25D2H         LINE#         310
  C:25F6H         LINE#         312
  C:2640H         LINE#         314
  C:2657H         LINE#         315
  C:2664H         LINE#         316
  C:2686H         LINE#         317
  C:26BBH         LINE#         318
  C:26D3H         LINE#         319
  C:26D3H         LINE#         321
  C:26DDH         LINE#         322
  C:26E7H         LINE#         323
  C:26F1H         LINE#         324
  C:26F6H         LINE#         325
  C:2700H         LINE#         326
  C:2705H         LINE#         327
  C:270AH         LINE#         328
  C:270CH         LINE#         329
  C:270EH         LINE#         331
  C:270EH         LINE#         333
  C:2713H         LINE#         334
  C:271DH         LINE#         335
  C:2727H         LINE#         336
  C:2731H         LINE#         337
  C:2736H         LINE#         338
  C:2740H         LINE#         339
  C:2745H         LINE#         340
  C:274AH         LINE#         342
  C:274AH         LINE#         344
  -------         ENDPROC       _DISPLAY_POS
  -------         ENDMOD        MAIN

  -------         MODULE        PCF85063BTL
  C:0000H         SYMBOL        _ICE_DUMMY_
  D:0096H         PUBLIC        P2M0
  D:0080H         PUBLIC        P0
  D:0095H         PUBLIC        P2M1
  D:0090H         PUBLIC        P1
  D:00A0H         PUBLIC        P2
  D:00B0H         PUBLIC        P3
  D:00C0H         PUBLIC        P4
  D:00C8H         PUBLIC        P5
BL51 BANKED LINKER/LOCATER V6.22                                                      01/11/2019  12:56:06  PAGE 12


  D:00E8H         PUBLIC        P6
  B:00A0H.2       PUBLIC        PCF85063BTL_SDI
  D:00F8H         PUBLIC        P7
  B:00A0H.1       PUBLIC        PCF85063BTL_SCK
  B:00A0H.2       PUBLIC        PCF85063BTL_SDO
  D:00A8H         PUBLIC        IE
  C:31A6H         PUBLIC        _Read_time
  C:364DH         PUBLIC        _PCF85063BTL_Delay
  D:00B8H         PUBLIC        IP
  D:00D8H         PUBLIC        CCON
  C:30ADH         PUBLIC        _Day_Of_Year
  C:353DH         PUBLIC        SPI_ReceiveByte
  D:0098H         PUBLIC        SCON
  D:0088H         PUBLIC        TCON
  C:3693H         PUBLIC        _BCDtoDec
  B:00A0H.0       PUBLIC        PCF85063BTL_CS
  C:3682H         PUBLIC        _SPI_ReadTime
  C:36D3H         PUBLIC        SPI_Init
  C:35ECH         PUBLIC        _SPI_WriteTime
  C:351DH         PUBLIC        _SPI_SendByte
  D:00D0H         PUBLIC        PSW
  C:3649H         SYMBOL        L?0047
  -------         PROC          L?0046
  -------         ENDPROC       L?0046
  C:3649H         SYMBOL        L?0047
  -------         PROC          _PCF85063BTL_DELAY
  D:0006H         SYMBOL        us
  C:364DH         LINE#         8
  C:364DH         LINE#         9
  C:364DH         LINE#         10
  C:3657H         LINE#         11
  C:3657H         LINE#         12
  C:3658H         LINE#         13
  C:365AH         LINE#         14
  -------         ENDPROC       _PCF85063BTL_DELAY
  -------         PROC          _SPI_SENDBYTE
  D:0005H         SYMBOL        dat
  -------         DO            
  D:0003H         SYMBOL        i
  -------         ENDDO         
  C:351DH         LINE#         17
  C:351FH         LINE#         18
  C:351FH         LINE#         20
  C:3521H         LINE#         21
  C:3521H         LINE#         22
  C:3523H         LINE#         23
  C:3527H         LINE#         24
  C:3527H         LINE#         25
  C:3529H         LINE#         26
  C:352BH         LINE#         28
  C:352BH         LINE#         29
  C:352DH         LINE#         30
  C:352DH         LINE#         31
  C:3530H         LINE#         32
  C:3530H         LINE#         33
  C:3533H         LINE#         34
  C:3537H         LINE#         35
BL51 BANKED LINKER/LOCATER V6.22                                                      01/11/2019  12:56:06  PAGE 13


  C:353CH         LINE#         36
  -------         ENDPROC       _SPI_SENDBYTE
  -------         PROC          SPI_RECEIVEBYTE
  -------         DO            
  D:0003H         SYMBOL        i
  D:0005H         SYMBOL        dat
  -------         ENDDO         
  C:353DH         LINE#         39
  C:353DH         LINE#         40
  C:353DH         LINE#         42
  C:353FH         LINE#         44
  C:3541H         LINE#         45
  C:3542H         LINE#         46
  C:3542H         LINE#         47
  C:3546H         LINE#         48
  C:3548H         LINE#         49
  C:354BH         LINE#         51
  C:354EH         LINE#         52
  C:354EH         LINE#         53
  C:3552H         LINE#         54
  C:3552H         LINE#         55
  C:3552H         LINE#         56
  C:3555H         LINE#         57
  C:355AH         LINE#         58
  C:355CH         LINE#         59
  -------         ENDPROC       SPI_RECEIVEBYTE
  -------         PROC          _SPI_READTIME
  D:0007H         SYMBOL        addr
  -------         DO            
  D:0006H         SYMBOL        dat
  -------         ENDDO         
  C:3682H         LINE#         61
  C:3682H         LINE#         62
  C:3682H         LINE#         64
  C:3684H         LINE#         65
  C:3686H         LINE#         66
  C:368DH         LINE#         67
  C:3690H         LINE#         68
  C:3692H         LINE#         69
  C:3692H         LINE#         70
  -------         ENDPROC       _SPI_READTIME
  -------         PROC          _SPI_WRITETIME
  D:0002H         SYMBOL        val
  D:0005H         SYMBOL        addr
  C:35ECH         LINE#         71
  C:35EEH         LINE#         72
  C:35EEH         LINE#         74
  C:35F0H         LINE#         75
  C:35F7H         LINE#         76
  C:35FCH         LINE#         77
  C:3601H         LINE#         78
  C:3603H         LINE#         79
  -------         ENDPROC       _SPI_WRITETIME
  -------         PROC          SPI_INIT
  C:36D3H         LINE#         83
  C:36D3H         LINE#         84
  C:36D3H         LINE#         89
BL51 BANKED LINKER/LOCATER V6.22                                                      01/11/2019  12:56:06  PAGE 14


  C:36D6H         LINE#         90
  C:36D9H         LINE#         91
  C:36DBH         LINE#         92
  C:36DDH         LINE#         93
  C:36DFH         LINE#         94
  -------         ENDPROC       SPI_INIT
  -------         PROC          _READ_TIME
  X:03DCH         SYMBOL        months
  X:03DFH         SYMBOL        days
  X:03E2H         SYMBOL        hours
  X:03E5H         SYMBOL        mins
  X:03E8H         SYMBOL        seconds
  C:31A6H         LINE#         96
  C:31B1H         LINE#         97
  C:31B1H         LINE#         99
  C:31C5H         LINE#         101
  C:31D9H         LINE#         103
  C:31EDH         LINE#         108
  C:3201H         LINE#         113
  -------         ENDPROC       _READ_TIME
  -------         PROC          _BCDTODEC
  D:0007H         SYMBOL        bcd
  -------         DO            
  D:0006H         SYMBOL        hi
  D:0007H         SYMBOL        lo
  -------         ENDDO         
  C:3693H         LINE#         119
  C:3693H         LINE#         120
  C:3693H         LINE#         122
  C:3698H         LINE#         123
  C:369CH         LINE#         124
  C:36A3H         LINE#         125
  -------         ENDPROC       _BCDTODEC
  -------         PROC          _DAY_OF_YEAR
  D:0007H         SYMBOL        months_bcd
  D:0005H         SYMBOL        days_bcd
  -------         DO            
  D:0004H         SYMBOL        months
  D:0007H         SYMBOL        days
  -------         ENDDO         
  C:30ADH         LINE#         126
  C:30ADH         LINE#         127
  C:30ADH         LINE#         130
  C:30B2H         LINE#         132
  C:30B7H         LINE#         134
  C:30F0H         LINE#         135
  C:30F0H         LINE#         136
  C:30F0H         LINE#         137
  C:30F3H         LINE#         138
  C:30F3H         LINE#         139
  C:30F3H         LINE#         140
  C:30F8H         LINE#         141
  C:30F8H         LINE#         142
  C:30F8H         LINE#         143
  C:30FDH         LINE#         144
  C:30FDH         LINE#         145
  C:30FDH         LINE#         146
BL51 BANKED LINKER/LOCATER V6.22                                                      01/11/2019  12:56:06  PAGE 15


  C:3102H         LINE#         147
  C:3102H         LINE#         148
  C:3102H         LINE#         149
  C:3107H         LINE#         150
  C:3107H         LINE#         151
  C:3107H         LINE#         152
  C:310CH         LINE#         153
  C:310CH         LINE#         154
  C:310CH         LINE#         155
  C:3111H         LINE#         156
  C:3111H         LINE#         157
  C:3111H         LINE#         158
  C:3116H         LINE#         159
  C:3116H         LINE#         160
  C:3116H         LINE#         161
  C:311EH         LINE#         162
  C:311EH         LINE#         163
  C:311EH         LINE#         164
  C:3123H         LINE#         165
  C:3123H         LINE#         166
  C:3123H         LINE#         167
  C:3128H         LINE#         168
  C:3128H         LINE#         169
  C:3128H         LINE#         170
  C:3130H         LINE#         171
  C:3130H         LINE#         172
  C:3130H         LINE#         173
  -------         ENDPROC       _DAY_OF_YEAR
  -------         ENDMOD        PCF85063BTL

  -------         MODULE        UART1
  C:0000H         SYMBOL        _ICE_DUMMY_
  D:0080H         PUBLIC        P0
  D:0090H         PUBLIC        P1
  D:00A0H         PUBLIC        P2
  D:00B0H         PUBLIC        P3
  D:00C0H         PUBLIC        P4
  D:00C8H         PUBLIC        P5
  B:00A8H.7       PUBLIC        EA
  D:00E8H         PUBLIC        P6
  D:00F8H         PUBLIC        P7
  C:344DH         PUBLIC        _SendString
  D:00A8H         PUBLIC        IE
  B:00A8H.4       PUBLIC        ES
  D:00B8H         PUBLIC        IP
  C:3604H         PUBLIC        _ASCIItoBCD
  D:00D8H         PUBLIC        CCON
  C:36A4H         PUBLIC        initUART1
  D:0098H         PUBLIC        SCON
  D:0088H         PUBLIC        TCON
  C:000AH         PUBLIC        _DectoBCD
  C:3726H         PUBLIC        _ASCII_Letter
  D:008EH         PUBLIC        AUXR
  C:3721H         PUBLIC        _unit
  C:0003H         PUBLIC        _ten
  D:00D6H         PUBLIC        T2H
  D:00D7H         PUBLIC        T2L
BL51 BANKED LINKER/LOCATER V6.22                                                      01/11/2019  12:56:06  PAGE 16


  D:00D0H         PUBLIC        PSW
  -------         PROC          INITUART1
  C:36A4H         LINE#         21
  C:36A4H         LINE#         22
  C:36A4H         LINE#         23
  C:36A7H         LINE#         24
  C:36AAH         LINE#         25
  C:36ADH         LINE#         26
  C:36B0H         LINE#         27
  C:36B2H         LINE#         28
  C:36B4H         LINE#         30
  -------         ENDPROC       INITUART1
  -------         PROC          _SENDSTRING
  X:0585H         SYMBOL        s
  C:344DH         LINE#         35
  C:3458H         LINE#         36
  C:3458H         LINE#         37
  C:3468H         LINE#         38
  C:3468H         LINE#         39
  C:347DH         LINE#         40
  C:347FH         LINE#         41
  -------         ENDPROC       _SENDSTRING
  -------         PROC          _TEN
  D:0007H         SYMBOL        BCD
  C:0003H         LINE#         43
  C:0003H         LINE#         44
  C:0003H         LINE#         45
  C:0008H         LINE#         46
  -------         ENDPROC       _TEN
  -------         PROC          _UNIT
  D:0007H         SYMBOL        BCD
  C:3721H         LINE#         47
  C:3721H         LINE#         48
  C:3721H         LINE#         52
  C:3725H         LINE#         53
  -------         ENDPROC       _UNIT
  -------         PROC          _DECTOBCD
  D:0007H         SYMBOL        dec
  C:000AH         LINE#         54
  C:000AH         LINE#         55
  C:000AH         LINE#         57
  C:000AH         LINE#         58
  -------         ENDPROC       _DECTOBCD
  -------         PROC          _ASCII_LETTER
  D:0007H         SYMBOL        dat
  C:3726H         LINE#         60
  C:3726H         LINE#         61
  C:3726H         LINE#         63
  C:372AH         LINE#         64
  -------         ENDPROC       _ASCII_LETTER
  -------         PROC          _ASCIITOBCD
  D:0001H         SYMBOL        ascii
  -------         DO            
  D:0007H         SYMBOL        dec_val
  D:0006H         SYMBOL        ten
  D:0007H         SYMBOL        unit
  -------         ENDDO         
BL51 BANKED LINKER/LOCATER V6.22                                                      01/11/2019  12:56:06  PAGE 17


  C:3604H         LINE#         66
  C:3604H         LINE#         67
  C:3604H         LINE#         69
  C:3607H         LINE#         70
  C:360DH         LINE#         71
  C:3614H         LINE#         72
  C:361AH         LINE#         74
  -------         ENDPROC       _ASCIITOBCD
  -------         ENDMOD        UART1

  -------         MODULE        LCD_DRIVER_SPLC780D
  C:0000H         SYMBOL        _ICE_DUMMY_
  D:0092H         PUBLIC        P1M0
  D:0091H         PUBLIC        P1M1
  D:0080H         PUBLIC        P0
  D:0090H         PUBLIC        P1
  D:00A0H         PUBLIC        P2
  D:00B0H         PUBLIC        P3
  D:00C0H         PUBLIC        P4
  D:00C8H         PUBLIC        P5
  D:00E8H         PUBLIC        P6
  D:00F8H         PUBLIC        P7
  C:3131H         PUBLIC        _WriteData
  D:00A8H         PUBLIC        IE
  D:00B8H         PUBLIC        IP
  D:00D8H         PUBLIC        CCON
  B:0090H.4       PUBLIC        LCD_D4
  B:0090H.5       PUBLIC        LCD_D5
  B:0090H.6       PUBLIC        LCD_D6
  C:3599H         PUBLIC        _DisplayLCD
  B:0090H.7       PUBLIC        LCD_D7
  D:0098H         PUBLIC        SCON
  D:0088H         PUBLIC        TCON
  C:3702H         PUBLIC        LCD_clear
  C:339EH         PUBLIC        _Command
  C:000EH         PUBLIC        _Display_Line
  C:3215H         PUBLIC        LCD_Init
  C:34DDH         PUBLIC        _Wait_ms
  B:0090H.1       PUBLIC        LCD_RS
  B:0090H.2       PUBLIC        LCD_RW
  C:36F8H         PUBLIC        LCD_return_home
  B:0090H.3       PUBLIC        LCD_E
  D:00D0H         PUBLIC        PSW
  -------         PROC          LCD_INIT
  C:3215H         LINE#         9
  C:3215H         LINE#         10
  C:3215H         LINE#         11
  C:3218H         LINE#         12
  C:321BH         LINE#         14
  C:3221H         LINE#         15
  C:3226H         LINE#         17
  C:322DH         LINE#         18
  C:3232H         LINE#         20
  C:3235H         LINE#         21
  C:323AH         LINE#         23
  C:323DH         LINE#         24
  C:3242H         LINE#         26
BL51 BANKED LINKER/LOCATER V6.22                                                      01/11/2019  12:56:06  PAGE 18


  C:3249H         LINE#         29
  C:324EH         LINE#         30
  C:3253H         LINE#         32
  C:3258H         LINE#         33
  C:325DH         LINE#         35
  C:3262H         LINE#         36
  C:3267H         LINE#         37
  -------         ENDPROC       LCD_INIT
  -------         PROC          _WRITEDATA
  X:03E6H         SYMBOL        dat
  C:3131H         LINE#         40
  C:3136H         LINE#         41
  C:3136H         LINE#         46
  C:3138H         LINE#         47
  C:313AH         LINE#         49
  C:3148H         LINE#         50
  C:3154H         LINE#         51
  C:3160H         LINE#         52
  C:316AH         LINE#         53
  C:316CH         LINE#         54
  C:3173H         LINE#         55
  C:3175H         LINE#         57
  C:3185H         LINE#         58
  C:3190H         LINE#         59
  C:319AH         LINE#         60
  C:319EH         LINE#         62
  C:319EH         LINE#         63
  C:31A1H         LINE#         64
  C:31A3H         LINE#         65
  C:31A5H         LINE#         67
  -------         ENDPROC       _WRITEDATA
  -------         PROC          _COMMAND
  D:0007H         SYMBOL        dat
  C:339EH         LINE#         69
  C:339EH         LINE#         70
  C:339EH         LINE#         71
  C:33A0H         LINE#         72
  C:33A2H         LINE#         74
  C:33ACH         LINE#         75
  C:33B0H         LINE#         77
  C:33B2H         LINE#         78
  C:33BBH         LINE#         79
  C:33BFH         LINE#         81
  C:33C1H         LINE#         82
  C:33C8H         LINE#         83
  C:33CCH         LINE#         85
  C:33CEH         LINE#         86
  C:33D2H         LINE#         87
  C:33D6H         LINE#         89
  C:33D8H         LINE#         90
  C:33D8H         LINE#         91
  C:33DBH         LINE#         92
  C:33DDH         LINE#         93
  -------         ENDPROC       _COMMAND
  C:34D9H         SYMBOL        L?0028
  -------         PROC          L?0027
  -------         ENDPROC       L?0027
BL51 BANKED LINKER/LOCATER V6.22                                                      01/11/2019  12:56:06  PAGE 19


  C:34D9H         SYMBOL        L?0028
  -------         PROC          _WAIT_MS
  D:0006H         SYMBOL        ms
  -------         DO            
  D:0004H         SYMBOL        De_Cnt
  -------         ENDDO         
  C:34DDH         LINE#         95
  C:34DDH         LINE#         96
  C:34DDH         LINE#         98
  C:34E7H         LINE#         99
  C:34E7H         LINE#         100
  C:34FAH         LINE#         101
  C:34FAH         LINE#         102
  -------         ENDPROC       _WAIT_MS
  -------         PROC          _DISPLAYLCD
  D:0007H         SYMBOL        BCD
  -------         DO            
  D:0006H         SYMBOL        first_digit
  X:03DCH         SYMBOL        second_digit
  -------         ENDDO         
  C:3599H         LINE#         103
  C:3599H         LINE#         104
  C:3599H         LINE#         106
  C:35A0H         LINE#         107
  C:35A9H         LINE#         109
  C:35AEH         LINE#         111
  -------         ENDPROC       _DISPLAYLCD
  -------         PROC          LCD_RETURN_HOME
  C:36F8H         LINE#         115
  C:36F8H         LINE#         116
  C:36F8H         LINE#         117
  C:36FDH         LINE#         118
  -------         ENDPROC       LCD_RETURN_HOME
  -------         PROC          LCD_CLEAR
  C:3702H         LINE#         121
  C:3702H         LINE#         122
  C:3702H         LINE#         123
  C:3707H         LINE#         124
  -------         ENDPROC       LCD_CLEAR
  -------         PROC          _DISPLAY_LINE
  D:0006H         SYMBOL        line
  C:000EH         LINE#         128
  C:000EH         LINE#         129
  C:000EH         LINE#         130
  C:0014H         LINE#         131
  C:0014H         LINE#         132
  C:0016H         LINE#         133
  C:0016H         LINE#         134
  C:0018H         LINE#         136
  C:0018H         LINE#         137
  C:001DH         LINE#         138
  C:0022H         LINE#         139
  C:0022H         LINE#         140
  -------         ENDPROC       _DISPLAY_LINE
  -------         ENDMOD        LCD_DRIVER_SPLC780D

  -------         MODULE        KEYPAD
BL51 BANKED LINKER/LOCATER V6.22                                                      01/11/2019  12:56:06  PAGE 20


  C:0000H         SYMBOL        _ICE_DUMMY_
  D:0093H         PUBLIC        P0M1
  D:0080H         PUBLIC        P0
  D:0090H         PUBLIC        P1
  D:00A0H         PUBLIC        P2
  D:00B0H         PUBLIC        P3
  D:00C0H         PUBLIC        P4
  D:00C8H         PUBLIC        P5
  D:00E8H         PUBLIC        P6
  D:00F8H         PUBLIC        P7
  D:00A8H         PUBLIC        IE
  C:274BH         PUBLIC        Key_Scan
  D:00B8H         PUBLIC        IP
  D:00D8H         PUBLIC        CCON
  C:36E0H         PUBLIC        KeyPad_IO_Init
  C:355DH         PUBLIC        _Delay_ms
  D:0098H         PUBLIC        SCON
  D:0088H         PUBLIC        TCON
  B:0020H.0       PUBLIC        small_move
  B:0020H.1       PUBLIC        move
  B:0020H.2       PUBLIC        direction
  B:0020H.3       PUBLIC        auto_move
  C:1EA1H         PUBLIC        Key_Process
  D:00D0H         PUBLIC        PSW
  D:0094H         PUBLIC        P0M0
  -------         PROC          _DELAY_MS
  D:0006H         SYMBOL        ms
  -------         DO            
  D:0004H         SYMBOL        De_Cnt
  -------         ENDDO         
  C:355DH         LINE#         19
  C:355DH         LINE#         20
  C:355DH         LINE#         22
  C:3567H         LINE#         23
  C:3567H         LINE#         24
  C:357AH         LINE#         25
  C:357AH         LINE#         26
  -------         ENDPROC       _DELAY_MS
  -------         PROC          KEY_SCAN
  -------         DO            
  X:03E2H         SYMBOL        KeyTemp1
  X:03E3H         SYMBOL        KeyTemp2
  X:03E4H         SYMBOL        KeyValue
  -------         ENDDO         
  C:274BH         LINE#         27
  C:274BH         LINE#         28
  C:274BH         LINE#         33
  C:274EH         LINE#         36
  C:2751H         LINE#         38
  C:2759H         LINE#         39
  C:2760H         LINE#         40
  C:2760H         LINE#         42
  C:2765H         LINE#         43
  C:276CH         LINE#         44
  C:276CH         LINE#         47
  C:276FH         LINE#         48
  C:2772H         LINE#         49
BL51 BANKED LINKER/LOCATER V6.22                                                      01/11/2019  12:56:06  PAGE 21


  C:2777H         LINE#         50
  C:277BH         LINE#         51
  C:277BH         LINE#         52
  C:2783H         LINE#         53
  C:2783H         LINE#         54
  C:2786H         LINE#         55
  C:278EH         LINE#         56
  C:2790H         LINE#         58
  C:27A4H         LINE#         59
  C:27A4H         LINE#         60
  C:27A4H         LINE#         61
  C:27A4H         LINE#         62
  C:27AAH         LINE#         64
  C:27ACH         LINE#         65
  C:27ACH         LINE#         66
  C:27ACH         LINE#         67
  C:27B2H         LINE#         69
  C:27B4H         LINE#         70
  C:27B4H         LINE#         71
  C:27B4H         LINE#         72
  C:27BAH         LINE#         74
  C:27BCH         LINE#         75
  C:27BCH         LINE#         76
  C:27BCH         LINE#         77
  C:27C2H         LINE#         79
  C:27C2H         LINE#         80
  C:27C2H         LINE#         81
  C:27C2H         LINE#         84
  C:27C5H         LINE#         85
  C:27C8H         LINE#         86
  C:27D0H         LINE#         87
  C:27D4H         LINE#         88
  C:27D4H         LINE#         89
  C:27DCH         LINE#         90
  C:27DCH         LINE#         91
  C:27DFH         LINE#         92
  C:27E7H         LINE#         93
  C:27E9H         LINE#         94
  C:27FDH         LINE#         95
  C:27FDH         LINE#         96
  C:27FDH         LINE#         97
  C:27FDH         LINE#         98
  C:2803H         LINE#         100
  C:2805H         LINE#         101
  C:2805H         LINE#         102
  C:2805H         LINE#         103
  C:280BH         LINE#         105
  C:280DH         LINE#         106
  C:280DH         LINE#         107
  C:280DH         LINE#         108
  C:2813H         LINE#         110
  C:2815H         LINE#         111
  C:2815H         LINE#         112
  C:2815H         LINE#         113
  C:281AH         LINE#         115
  C:281AH         LINE#         116
  C:281AH         LINE#         117
BL51 BANKED LINKER/LOCATER V6.22                                                      01/11/2019  12:56:06  PAGE 22


  C:281AH         LINE#         120
  C:281DH         LINE#         121
  C:2820H         LINE#         122
  C:2828H         LINE#         123
  C:282CH         LINE#         124
  C:282CH         LINE#         125
  C:2834H         LINE#         126
  C:2834H         LINE#         127
  C:2837H         LINE#         128
  C:283FH         LINE#         129
  C:2841H         LINE#         130
  C:2855H         LINE#         131
  C:2855H         LINE#         132
  C:2855H         LINE#         133
  C:2855H         LINE#         134
  C:285BH         LINE#         136
  C:285DH         LINE#         137
  C:285DH         LINE#         138
  C:285DH         LINE#         139
  C:2863H         LINE#         141
  C:2865H         LINE#         142
  C:2865H         LINE#         143
  C:2865H         LINE#         144
  C:286BH         LINE#         146
  C:286DH         LINE#         147
  C:286DH         LINE#         148
  C:286DH         LINE#         149
  C:2873H         LINE#         151
  C:2873H         LINE#         152
  C:2873H         LINE#         153
  C:2873H         LINE#         157
  C:2876H         LINE#         158
  C:2879H         LINE#         159
  C:2881H         LINE#         160
  C:2885H         LINE#         161
  C:2885H         LINE#         162
  C:288DH         LINE#         163
  C:288DH         LINE#         164
  C:2890H         LINE#         165
  C:2898H         LINE#         166
  C:289AH         LINE#         167
  C:28AEH         LINE#         168
  C:28AEH         LINE#         169
  C:28AEH         LINE#         170
  C:28AEH         LINE#         171
  C:28B4H         LINE#         173
  C:28B6H         LINE#         174
  C:28B6H         LINE#         175
  C:28B6H         LINE#         176
  C:28BCH         LINE#         178
  C:28BEH         LINE#         179
  C:28BEH         LINE#         180
  C:28BEH         LINE#         181
  C:28C4H         LINE#         183
  C:28C6H         LINE#         184
  C:28C6H         LINE#         185
  C:28C6H         LINE#         186
BL51 BANKED LINKER/LOCATER V6.22                                                      01/11/2019  12:56:06  PAGE 23


  C:28CCH         LINE#         188
  C:28CCH         LINE#         189
  C:28CCH         LINE#         190
  C:28CCH         LINE#         192
  C:28D2H         LINE#         193
  C:28D2H         LINE#         195
  C:28D2H         LINE#         196
  C:28D5H         LINE#         197
  C:28D5H         LINE#         198
  C:28D5H         LINE#         200
  C:28D5H         LINE#         201
  C:28D7H         LINE#         202
  C:28D7H         LINE#         203
  -------         ENDPROC       KEY_SCAN
  -------         PROC          KEY_PROCESS
  -------         DO            
  X:0570H         SYMBOL        KeyCount
  X:0572H         SYMBOL        KeyNum_Old
  X:0573H         SYMBOL        KeyNum
  X:0574H         SYMBOL        PressedKey
  X:03DCH         SYMBOL        d
  D:0004H         SYMBOL        hours
  D:0006H         SYMBOL        mins
  X:03DEH         SYMBOL        months
  X:03E0H         SYMBOL        days
  -------         ENDDO         
  C:1EA1H         LINE#         204
  C:1EA1H         LINE#         205
  C:1EA1H         LINE#         209
  C:1EA9H         LINE#         210
  C:1EB1H         LINE#         212
  C:1EB4H         LINE#         213
  C:1EB4H         LINE#         214
  C:1EB7H         LINE#         216
  C:1EB7H         LINE#         217
  C:1EC4H         LINE#         218
  C:1EC4H         LINE#         219
  C:1EC7H         LINE#         220
  C:1ECAH         LINE#         222
  C:1ECDH         LINE#         224
  C:1ECDH         LINE#         225
  C:1ED8H         LINE#         226
  C:1ED8H         LINE#         227
  C:1EDBH         LINE#         229
  C:1EDBH         LINE#         230
  C:1EE2H         LINE#         231
  C:1EE2H         LINE#         232
  C:1EE5H         LINE#         234
  C:1EE5H         LINE#         235
  C:1EEDH         LINE#         236
  C:1EEDH         LINE#         237
  C:1EF7H         LINE#         238
  C:1EFFH         LINE#         240
  C:1F08H         LINE#         242
  C:1F08H         LINE#         251
  C:1F1DH         LINE#         252
  C:1F1DH         LINE#         253
BL51 BANKED LINKER/LOCATER V6.22                                                      01/11/2019  12:56:06  PAGE 24


  C:1F2FH         LINE#         254
  C:1F3DH         LINE#         255
  C:1F4CH         LINE#         256
  C:1F4CH         LINE#         258
  C:1F52H         LINE#         262
  C:1F68H         LINE#         263
  C:1F79H         LINE#         264
  C:1F94H         LINE#         265
  C:1F94H         LINE#         266
  C:1FA4H         LINE#         267
  C:1FB5H         LINE#         268
  C:1FB5H         LINE#         272
  C:1FCEH         LINE#         273
  C:1FE5H         LINE#         274
  C:2005H         LINE#         275
  C:2005H         LINE#         276
  C:200FH         LINE#         277
  C:200FH         LINE#         278
  C:2018H         LINE#         279
  C:2018H         LINE#         280
  C:202CH         LINE#         281
  C:202CH         LINE#         282
  C:202CH         LINE#         283
  C:202CH         LINE#         284
  C:202CH         LINE#         285
  C:202EH         LINE#         287
  C:202EH         LINE#         288
  C:203AH         LINE#         289
  C:203AH         LINE#         290
  C:204BH         LINE#         291
  C:204BH         LINE#         292
  C:204BH         LINE#         293
  C:204BH         LINE#         294
  C:204BH         LINE#         296
  C:204DH         LINE#         298
  C:204DH         LINE#         299
  C:205EH         LINE#         300
  C:205EH         LINE#         301
  C:205EH         LINE#         302
  C:205EH         LINE#         303
  C:205EH         LINE#         305
  C:205EH         LINE#         307
  C:205EH         LINE#         308
  C:2060H         LINE#         310
  C:2060H         LINE#         311
  C:2073H         LINE#         312
  C:2073H         LINE#         313
  C:2084H         LINE#         314
  C:2084H         LINE#         315
  C:2084H         LINE#         316
  C:2084H         LINE#         317
  C:2084H         LINE#         318
  C:2086H         LINE#         320
  C:2086H         LINE#         321
  C:2097H         LINE#         322
  C:2097H         LINE#         323
  C:20A8H         LINE#         324
BL51 BANKED LINKER/LOCATER V6.22                                                      01/11/2019  12:56:06  PAGE 25


  C:20B9H         LINE#         325
  C:20B9H         LINE#         326
  C:20B9H         LINE#         327
  C:20B9H         LINE#         328
  C:20B9H         LINE#         329
  C:20BCH         LINE#         330
  C:20C1H         LINE#         331
  C:20C6H         LINE#         332
  C:20CBH         LINE#         333
  C:20D0H         LINE#         334
  C:20D5H         LINE#         335
  C:20DAH         LINE#         336
  C:20DFH         LINE#         337
  C:20DFH         LINE#         339
  C:2101H         LINE#         340
  C:2101H         LINE#         341
  C:210BH         LINE#         342
  C:210BH         LINE#         343
  C:2110H         LINE#         344
  C:2119H         LINE#         345
  C:2130H         LINE#         346
  C:2130H         LINE#         347
  C:2140H         LINE#         349
  C:2140H         LINE#         353
  -------         ENDPROC       KEY_PROCESS
  -------         PROC          KEYPAD_IO_INIT
  C:36E0H         LINE#         356
  C:36E0H         LINE#         357
  C:36E0H         LINE#         358
  C:36E3H         LINE#         359
  C:36E6H         LINE#         360
  C:36E9H         LINE#         361
  C:36EBH         LINE#         362
  -------         ENDPROC       KEYPAD_IO_INIT
  -------         ENDMOD        KEYPAD

  -------         MODULE        VCNL4035
  C:0000H         SYMBOL        _ICE_DUMMY_
  D:0080H         PUBLIC        P0
  B:00B0H.2       PUBLIC        I2C_SCK
  D:00B2H         PUBLIC        P3M0
  D:0090H         PUBLIC        P1
  D:00B1H         PUBLIC        P3M1
  D:00A0H         PUBLIC        P2
  D:00B0H         PUBLIC        P3
  D:00C0H         PUBLIC        P4
  D:00C8H         PUBLIC        P5
  D:00E8H         PUBLIC        P6
  D:00F8H         PUBLIC        P7
  D:00A8H         PUBLIC        IE
  C:371BH         PUBLIC        _DisplayLCD_VCNL4035
  D:00B8H         PUBLIC        IP
  D:00D8H         PUBLIC        CCON
  C:366FH         PUBLIC        I2C_Start
  D:0098H         PUBLIC        SCON
  C:361BH         PUBLIC        I2C_Init
  D:0088H         PUBLIC        TCON
BL51 BANKED LINKER/LOCATER V6.22                                                      01/11/2019  12:56:06  PAGE 26


  C:36B5H         PUBLIC        uC_NACK
  C:34B9H         PUBLIC        _Wait_ms_i2c
  C:34FBH         PUBLIC        _I2C_SendByte
  C:3632H         PUBLIC        I2C_Stop
  C:3311H         PUBLIC        _Write_VCNL4035X
  C:372BH         PUBLIC        nop
  C:2EF2H         PUBLIC        _Read_VCNL4035
  C:3715H         PUBLIC        uC_ACK
  C:35BBH         PUBLIC        I2C_ACK
  C:357BH         PUBLIC        _Wait_ms_iic
  B:00B0H.1       PUBLIC        I2C_SDA
  D:00D0H         PUBLIC        PSW
  C:3486H         PUBLIC        I2C_ReceiveByte
  -------         PROC          _WAIT_MS_IIC
  D:0006H         SYMBOL        ms
  -------         DO            
  D:0004H         SYMBOL        De_Cnt
  -------         ENDDO         
  C:357BH         LINE#         5
  C:357BH         LINE#         6
  C:357BH         LINE#         8
  C:3585H         LINE#         9
  C:3585H         LINE#         10
  C:3598H         LINE#         11
  C:3598H         LINE#         12
  -------         ENDPROC       _WAIT_MS_IIC
  C:34B3H         SYMBOL        L?0048
  C:34B5H         SYMBOL        L?0049
  -------         PROC          L?0047
  -------         ENDPROC       L?0047
  C:34B3H         SYMBOL        L?0048
  C:34B5H         SYMBOL        L?0049
  -------         PROC          _WAIT_MS_I2C
  D:0006H         SYMBOL        ms
  -------         DO            
  D:0004H         SYMBOL        De_Cnt
  -------         ENDDO         
  C:34B9H         LINE#         14
  C:34B9H         LINE#         15
  C:34B9H         LINE#         17
  C:34C3H         LINE#         18
  C:34C3H         LINE#         19
  C:34D6H         LINE#         20
  C:34D6H         LINE#         21
  -------         ENDPROC       _WAIT_MS_I2C
  -------         PROC          NOP
  C:372BH         LINE#         22
  C:372BH         LINE#         23
  C:372BH         LINE#         25
  -------         ENDPROC       NOP
  -------         PROC          I2C_START
  C:366FH         LINE#         26
  C:366FH         LINE#         27
  C:366FH         LINE#         29
  C:3671H         LINE#         30
  C:3673H         LINE#         31
  C:367AH         LINE#         32
BL51 BANKED LINKER/LOCATER V6.22                                                      01/11/2019  12:56:06  PAGE 27


  C:367CH         LINE#         33
  C:367FH         LINE#         34
  C:3681H         LINE#         37
  -------         ENDPROC       I2C_START
  -------         PROC          I2C_STOP
  C:3632H         LINE#         39
  C:3632H         LINE#         40
  C:3632H         LINE#         41
  C:3634H         LINE#         42
  C:3636H         LINE#         43
  C:3639H         LINE#         44
  C:363BH         LINE#         45
  C:363DH         LINE#         46
  C:3644H         LINE#         47
  C:3646H         LINE#         50
  -------         ENDPROC       I2C_STOP
  -------         PROC          L?0050
  -------         ENDPROC       L?0050
  -------         PROC          I2C_ACK
  -------         DO            
  X:03DFH         SYMBOL        i
  D:0003H         SYMBOL        dat
  -------         ENDDO         
  C:35BBH         LINE#         52
  C:35BBH         LINE#         53
  C:35BBH         LINE#         55
  C:35BCH         LINE#         60
  C:35BFH         LINE#         61
  C:35C1H         LINE#         62
  C:35C4H         LINE#         64
  C:35C7H         LINE#         65
  C:35C7H         LINE#         66
  C:35CBH         LINE#         67
  C:35CBH         LINE#         70
  C:35CBH         LINE#         71
  C:35CEH         LINE#         72
  C:35CEH         LINE#         73
  C:35D0H         LINE#         74
  -------         ENDPROC       I2C_ACK
  -------         PROC          UC_ACK
  -------         DO            
  X:0588H         SYMBOL        i
  -------         ENDDO         
  C:3715H         LINE#         75
  C:3715H         LINE#         76
  C:3715H         LINE#         78
  C:3715H         LINE#         85
  C:3715H         LINE#         87
  C:3715H         LINE#         89
  C:3715H         LINE#         90
  C:3715H         LINE#         93
  C:3718H         LINE#         94
  C:371AH         LINE#         95
  C:371AH         LINE#         99
  -------         ENDPROC       UC_ACK
  -------         PROC          UC_NACK
  -------         DO            
BL51 BANKED LINKER/LOCATER V6.22                                                      01/11/2019  12:56:06  PAGE 28


  X:0589H         SYMBOL        i
  -------         ENDDO         
  C:36B5H         LINE#         101
  C:36B5H         LINE#         102
  C:36B5H         LINE#         104
  C:36B5H         LINE#         108
  C:36B7H         LINE#         111
  C:36B7H         LINE#         112
  C:36B9H         LINE#         113
  C:36B9H         LINE#         115
  C:36B9H         LINE#         116
  C:36B9H         LINE#         119
  C:36BCH         LINE#         120
  C:36BEH         LINE#         121
  C:36C1H         LINE#         122
  C:36C3H         LINE#         123
  C:36C3H         LINE#         127
  -------         ENDPROC       UC_NACK
  -------         PROC          I2C_INIT
  C:361BH         LINE#         129
  C:361BH         LINE#         130
  C:361BH         LINE#         133
  C:361EH         LINE#         134
  C:3621H         LINE#         139
  C:3629H         LINE#         141
  -------         ENDPROC       I2C_INIT
  -------         PROC          _I2C_SENDBYTE
  D:0001H         SYMBOL        dat
  -------         DO            
  D:0003H         SYMBOL        i
  -------         ENDDO         
  C:34FBH         LINE#         145
  C:34FDH         LINE#         146
  C:34FDH         LINE#         149
  C:34FFH         LINE#         150
  C:34FFH         LINE#         151
  C:3501H         LINE#         153
  C:3505H         LINE#         154
  C:3505H         LINE#         155
  C:3507H         LINE#         156
  C:3509H         LINE#         158
  C:3509H         LINE#         159
  C:350BH         LINE#         160
  C:350BH         LINE#         161
  C:350EH         LINE#         162
  C:3510H         LINE#         164
  C:3514H         LINE#         165
  C:3517H         LINE#         166
  C:351CH         LINE#         167
  -------         ENDPROC       _I2C_SENDBYTE
  -------         PROC          L?0051
  -------         ENDPROC       L?0051
  -------         PROC          I2C_RECEIVEBYTE
  -------         DO            
  D:0003H         SYMBOL        i
  D:0001H         SYMBOL        dat
  -------         ENDDO         
BL51 BANKED LINKER/LOCATER V6.22                                                      01/11/2019  12:56:06  PAGE 29


  C:3486H         LINE#         171
  C:3486H         LINE#         172
  C:3486H         LINE#         174
  C:3488H         LINE#         178
  C:3489H         LINE#         179
  C:3489H         LINE#         180
  C:348DH         LINE#         181
  C:348FH         LINE#         182
  C:3492H         LINE#         184
  C:3495H         LINE#         185
  C:3495H         LINE#         186
  C:3499H         LINE#         187
  C:3499H         LINE#         188
  C:3499H         LINE#         189
  C:349CH         LINE#         190
  C:34A0H         LINE#         191
  C:34A0H         LINE#         192
  C:34A2H         LINE#         193
  C:34A4H         LINE#         194
  C:34A4H         LINE#         196
  C:34A9H         LINE#         197
  C:34ABH         LINE#         198
  -------         ENDPROC       I2C_RECEIVEBYTE
  -------         PROC          _WRITE_VCNL4035X
  X:03DCH         SYMBOL        command_code
  X:03DDH         SYMBOL        dat_h
  X:03DEH         SYMBOL        dat_l
  C:3311H         LINE#         199
  C:331CH         LINE#         200
  C:331CH         LINE#         201
  C:331FH         LINE#         202
  C:3326H         LINE#         203
  C:3326H         LINE#         204
  C:332CH         LINE#         205
  C:332CH         LINE#         206
  C:3334H         LINE#         207
  C:3334H         LINE#         208
  C:333AH         LINE#         209
  C:3342H         LINE#         211
  C:3348H         LINE#         212
  C:3350H         LINE#         214
  C:3356H         LINE#         215
  C:3359H         LINE#         216
  -------         ENDPROC       _WRITE_VCNL4035X
  -------         PROC          _READ_VCNL4035
  X:0579H         SYMBOL        command_code
  -------         DO            
  X:057BH         SYMBOL        temp_dat
  X:057DH         SYMBOL        temp_dat_l
  X:057FH         SYMBOL        temp_dat_h
  -------         ENDDO         
  C:2EF2H         LINE#         218
  C:2EFAH         LINE#         219
  C:2EFAH         LINE#         220
  C:2F07H         LINE#         222
  C:2F0AH         LINE#         223
  C:2F0DH         LINE#         224
BL51 BANKED LINKER/LOCATER V6.22                                                      01/11/2019  12:56:06  PAGE 30


  C:2F12H         LINE#         226
  C:2F18H         LINE#         227
  C:2F18H         LINE#         228
  C:2F18H         LINE#         229
  C:2F18H         LINE#         230
  C:2F23H         LINE#         231
  C:2F26H         LINE#         232
  C:2F29H         LINE#         233
  C:2F29H         LINE#         236
  C:2F2CH         LINE#         238
  C:2F33H         LINE#         239
  C:2F33H         LINE#         240
  C:2F33H         LINE#         241
  C:2F3EH         LINE#         242
  C:2F41H         LINE#         243
  C:2F44H         LINE#         244
  C:2F47H         LINE#         245
  C:2F4AH         LINE#         246
  C:2F4DH         LINE#         247
  C:2F50H         LINE#         248
  C:2F53H         LINE#         249
  C:2F56H         LINE#         250
  C:2F56H         LINE#         251
  C:2F5CH         LINE#         252
  C:2F5CH         LINE#         253
  C:2F65H         LINE#         255
  C:2F65H         LINE#         256
  C:2F6BH         LINE#         257
  C:2F6BH         LINE#         259
  C:2F6DH         LINE#         260
  C:2F73H         LINE#         261
  C:2F76H         LINE#         262
  C:2F7DH         LINE#         263
  C:2F7DH         LINE#         264
  C:2F8BH         LINE#         265
  -------         ENDPROC       _READ_VCNL4035
  -------         PROC          _DISPLAYLCD_VCNL4035
  X:058AH         SYMBOL        dat
  C:371BH         LINE#         267
  C:3720H         LINE#         268
  C:3720H         LINE#         270
  -------         ENDPROC       _DISPLAYLCD_VCNL4035
  -------         ENDMOD        VCNL4035

  -------         MODULE        BIPOLARMOTOR
  C:0000H         SYMBOL        _ICE_DUMMY_
  D:0080H         PUBLIC        P0
  D:0090H         PUBLIC        P1
  D:00A0H         PUBLIC        P2
  D:00B0H         PUBLIC        P3
  D:00C0H         PUBLIC        P4
  D:00C8H         PUBLIC        P5
  D:00E8H         PUBLIC        P6
  D:00F8H         PUBLIC        P7
  D:00A8H         PUBLIC        IE
  C:2C6EH         PUBLIC        linear_interpolate
  C:3419H         PUBLIC        _Move
BL51 BANKED LINKER/LOCATER V6.22                                                      01/11/2019  12:56:06  PAGE 31


  D:00B8H         PUBLIC        IP
  C:23F8H         PUBLIC        _findDet3x3
  C:1BE1H         PUBLIC        _findDet4x4
  D:00D8H         PUBLIC        CCON
  D:0098H         PUBLIC        SCON
  D:0088H         PUBLIC        TCON
  C:326EH         PUBLIC        _Step_move
  C:108AH         PUBLIC        _Update_position
  X:0000H         PUBLIC        elevation_stamp
  X:002CH         PUBLIC        date_azimuth_mapping
  X:0078H         PUBLIC        RX_pos
  C:35DBH         PUBLIC        _BCDtoDec1
  X:03BCH         PUBLIC        degree
  D:00D0H         PUBLIC        PSW
  -------         PROC          L?0046
  -------         ENDPROC       L?0046
  -------         PROC          _BCDTODEC1
  D:0007H         SYMBOL        bcd
  -------         DO            
  D:0006H         SYMBOL        hi
  D:0007H         SYMBOL        lo
  -------         ENDDO         
  C:35DBH         LINE#         22
  C:35DBH         LINE#         23
  C:35DBH         LINE#         25
  C:35E0H         LINE#         26
  C:35E4H         LINE#         27
  C:35EBH         LINE#         28
  -------         ENDPROC       _BCDTODEC1
  -------         PROC          _STEP_MOVE
  X:048BH         SYMBOL        step
  B:0020H.6       SYMBOL        dir
  -------         DO            
  X:048DH         SYMBOL        i
  -------         ENDDO         
  C:326EH         LINE#         34
  C:3276H         LINE#         35
  C:3276H         LINE#         36
  C:327BH         LINE#         37
  C:327EH         LINE#         38
  C:3283H         LINE#         40
  C:3286H         LINE#         42
  C:32A2H         LINE#         43
  C:32A2H         LINE#         44
  C:32A5H         LINE#         45
  C:32ACH         LINE#         46
  C:32AFH         LINE#         47
  C:32B6H         LINE#         48
  C:32C6H         LINE#         49
  -------         ENDPROC       _STEP_MOVE
  -------         PROC          _MOVE
  X:0487H         SYMBOL        distance
  B:0020H.5       SYMBOL        direction
  -------         DO            
  D:0006H         SYMBOL        step
  -------         ENDDO         
  C:3419H         LINE#         51
BL51 BANKED LINKER/LOCATER V6.22                                                      01/11/2019  12:56:06  PAGE 32


  C:341FH         LINE#         52
  C:341FH         LINE#         54
  C:3446H         LINE#         57
  -------         ENDPROC       _MOVE
  C:23D9H         SYMBOL        L?0043
  C:23EDH         SYMBOL        L?0044
  -------         PROC          L?0042
  -------         ENDPROC       L?0042
  C:23D9H         SYMBOL        L?0043
  C:23EDH         SYMBOL        L?0044
  -------         PROC          _FINDDET3X3
  X:0530H         SYMBOL        a11
  X:0534H         SYMBOL        a12
  X:0538H         SYMBOL        a13
  X:053CH         SYMBOL        a21
  X:0540H         SYMBOL        a22
  X:0544H         SYMBOL        a23
  X:0548H         SYMBOL        a31
  X:054CH         SYMBOL        a32
  X:0550H         SYMBOL        a33
  C:23F8H         LINE#         61
  C:23FEH         LINE#         65
  C:23FEH         LINE#         66
  C:2595H         LINE#         68
  -------         ENDPROC       _FINDDET3X3
  -------         PROC          _FINDDET4X4
  X:04F0H         SYMBOL        a11
  X:04F4H         SYMBOL        a12
  X:04F8H         SYMBOL        a13
  X:04FCH         SYMBOL        a14
  X:0500H         SYMBOL        a21
  X:0504H         SYMBOL        a22
  X:0508H         SYMBOL        a23
  X:050CH         SYMBOL        a24
  X:0510H         SYMBOL        a31
  X:0514H         SYMBOL        a32
  X:0518H         SYMBOL        a33
  X:051CH         SYMBOL        a34
  X:0520H         SYMBOL        a41
  X:0524H         SYMBOL        a42
  X:0528H         SYMBOL        a43
  X:052CH         SYMBOL        a44
  C:1BE1H         LINE#         69
  C:1BE7H         LINE#         73
  C:1BE7H         LINE#         80
  C:1EA0H         LINE#         84
  -------         ENDPROC       _FINDDET4X4
  -------         PROC          L?0045
  -------         ENDPROC       L?0045
  -------         PROC          LINEAR_INTERPOLATE
  X:0487H         SYMBOL        p1
  X:048FH         SYMBOL        p2
  X:0497H         SYMBOL        x
  -------         DO            
  D:0004H         SYMBOL        fx
  -------         ENDDO         
  C:2C6EH         LINE#         90
BL51 BANKED LINKER/LOCATER V6.22                                                      01/11/2019  12:56:06  PAGE 33


  C:2C6EH         LINE#         91
  C:2C6EH         LINE#         94
  C:2D0DH         LINE#         96
  C:2D0DH         LINE#         97
  -------         ENDPROC       LINEAR_INTERPOLATE
  -------         PROC          _UPDATE_POSITION
  D:0001H         SYMBOL        mnths
  D:0002H         SYMBOL        dys
  X:03DEH         SYMBOL        hurs
  X:03DFH         SYMBOL        mns
  X:03E0H         SYMBOL        sconds
  X:03E1H         SYMBOL        currnt_pos
  -------         DO            
  X:03E4H         SYMBOL        date
  X:03E6H         SYMBOL        i
  X:03E8H         SYMBOL        yy
  X:03EAH         SYMBOL        desired_distance
  X:03EEH         SYMBOL        distance
  X:03F2H         SYMBOL        JP_pos
  X:03F6H         SYMBOL        pos_interpolate_azimuth
  X:0442H         SYMBOL        current_local_sun_time
  X:0446H         SYMBOL        azimuth
  X:044AH         SYMBOL        elevation
  X:044EH         SYMBOL        time_offset
  X:0452H         SYMBOL        UTC_time
  X:0456H         SYMBOL        declination
  X:045AH         SYMBOL        p1
  X:0462H         SYMBOL        p2
  X:046AH         SYMBOL        time
  X:047CH         SYMBOL        location
  X:0484H         SYMBOL        sunCoord
  -------         ENDDO         
  C:108AH         LINE#         100
  C:1093H         LINE#         103
  C:1093H         LINE#         104
  C:109EH         LINE#         105
  C:10B2H         LINE#         106
  C:10BCH         LINE#         114
  C:10C6H         LINE#         115
  C:10D0H         LINE#         116
  C:10DAH         LINE#         117
  C:10E5H         LINE#         118
  C:10F0H         LINE#         119
  C:1104H         LINE#         120
  C:1115H         LINE#         121
  C:1124H         LINE#         124
  C:1138H         LINE#         128
  C:118AH         LINE#         129
  C:1194H         LINE#         130
  C:11D3H         LINE#         132
  C:12FBH         LINE#         134
  C:13CAH         LINE#         141
  C:13D9H         LINE#         142
  C:13D9H         LINE#         144
  C:13F2H         LINE#         145
  C:13F2H         LINE#         146
  C:1462H         LINE#         147
BL51 BANKED LINKER/LOCATER V6.22                                                      01/11/2019  12:56:06  PAGE 34


  C:1462H         LINE#         148
  C:1469H         LINE#         149
  C:1469H         LINE#         150
  C:1496H         LINE#         151
  C:14B1H         LINE#         153
  C:14F8H         LINE#         154
  C:152CH         LINE#         156
  C:1584H         LINE#         157
  C:15A4H         LINE#         159
  C:15A4H         LINE#         160
  C:15B5H         LINE#         163
  C:15CFH         LINE#         164
  C:15CFH         LINE#         165
  C:163FH         LINE#         166
  C:163FH         LINE#         167
  C:166CH         LINE#         168
  C:1687H         LINE#         170
  C:16B4H         LINE#         171
  C:16CFH         LINE#         173
  C:1701H         LINE#         176
  C:1701H         LINE#         178
  C:1712H         LINE#         180
  C:1739H         LINE#         182
  C:175EH         LINE#         184
  C:1778H         LINE#         185
  C:178AH         LINE#         186
  C:17A2H         LINE#         187
  C:17B8H         LINE#         188
  C:17B8H         LINE#         189
  C:17D4H         LINE#         192
  -------         ENDPROC       _UPDATE_POSITION
  -------         ENDMOD        BIPOLARMOTOR

  -------         MODULE        SUNPOS
  C:0000H         SYMBOL        _ICE_DUMMY_
  C:08E8H         PUBLIC        sunpos
  -------         PROC          SUNPOS
  X:0487H         SYMBOL        udtTime
  X:0499H         SYMBOL        udtLocation
  X:04A1H         SYMBOL        udtSunCoordinates
  -------         DO            
  X:04A4H         SYMBOL        dElapsedJulianDays
  X:04A8H         SYMBOL        dDecimalHours
  X:04ACH         SYMBOL        dEclipticLongitude
  X:04B0H         SYMBOL        dEclipticObliquity
  X:04B4H         SYMBOL        dRightAscension
  X:04B8H         SYMBOL        dDeclination
  X:04BCH         SYMBOL        dY
  X:04C0H         SYMBOL        dX
  -------         DO            
  X:04C4H         SYMBOL        dJulianDate
  X:04C8H         SYMBOL        liAux1
  X:04CCH         SYMBOL        liAux2
  X:04C4H         SYMBOL        dMeanLongitude
  X:04C8H         SYMBOL        dMeanAnomaly
  X:04CCH         SYMBOL        dOmega
  X:04C4H         SYMBOL        dSin_EclipticLongitude
BL51 BANKED LINKER/LOCATER V6.22                                                      01/11/2019  12:56:06  PAGE 35


  X:04C4H         SYMBOL        dGreenwichMeanSiderealTime
  X:04C8H         SYMBOL        dLocalMeanSiderealTime
  X:04CCH         SYMBOL        dLatitudeInRadians
  X:04D0H         SYMBOL        dHourAngle
  X:04D4H         SYMBOL        dCos_Latitude
  X:04D8H         SYMBOL        dSin_Latitude
  X:04DCH         SYMBOL        dCos_HourAngle
  X:04E0H         SYMBOL        dParallax
  -------         ENDDO         
  -------         DO            
  X:04C4H         SYMBOL        dMeanLongitude
  X:04C8H         SYMBOL        dMeanAnomaly
  X:04CCH         SYMBOL        dOmega
  X:04C4H         SYMBOL        dSin_EclipticLongitude
  X:04C4H         SYMBOL        dGreenwichMeanSiderealTime
  X:04C8H         SYMBOL        dLocalMeanSiderealTime
  X:04CCH         SYMBOL        dLatitudeInRadians
  X:04D0H         SYMBOL        dHourAngle
  X:04D4H         SYMBOL        dCos_Latitude
  X:04D8H         SYMBOL        dSin_Latitude
  X:04DCH         SYMBOL        dCos_HourAngle
  X:04E0H         SYMBOL        dParallax
  -------         ENDDO         
  -------         DO            
  X:04C4H         SYMBOL        dSin_EclipticLongitude
  X:04C4H         SYMBOL        dGreenwichMeanSiderealTime
  X:04C8H         SYMBOL        dLocalMeanSiderealTime
  X:04CCH         SYMBOL        dLatitudeInRadians
  X:04D0H         SYMBOL        dHourAngle
  X:04D4H         SYMBOL        dCos_Latitude
  X:04D8H         SYMBOL        dSin_Latitude
  X:04DCH         SYMBOL        dCos_HourAngle
  X:04E0H         SYMBOL        dParallax
  -------         ENDDO         
  -------         DO            
  X:04C4H         SYMBOL        dGreenwichMeanSiderealTime
  X:04C8H         SYMBOL        dLocalMeanSiderealTime
  X:04CCH         SYMBOL        dLatitudeInRadians
  X:04D0H         SYMBOL        dHourAngle
  X:04D4H         SYMBOL        dCos_Latitude
  X:04D8H         SYMBOL        dSin_Latitude
  X:04DCH         SYMBOL        dCos_HourAngle
  X:04E0H         SYMBOL        dParallax
  -------         ENDDO         
  -------         ENDDO         
  C:08E8H         LINE#         6
  C:08E8H         LINE#         7
  C:08E8H         LINE#         9
  C:08E8H         LINE#         27
  C:0932H         LINE#         30
  C:0953H         LINE#         31
  C:0A9AH         LINE#         34
  C:0AE6H         LINE#         36
  C:0B05H         LINE#         37
  C:0B05H         LINE#         42
  C:0B05H         LINE#         46
  C:0B37H         LINE#         47
BL51 BANKED LINKER/LOCATER V6.22                                                      01/11/2019  12:56:06  PAGE 36


  C:0B61H         LINE#         48
  C:0B8BH         LINE#         49
  C:0C38H         LINE#         52
  C:0C99H         LINE#         54
  C:0C99H         LINE#         59
  C:0C99H         LINE#         61
  C:0CB0H         LINE#         62
  C:0CD8H         LINE#         63
  C:0CEFH         LINE#         64
  C:0D1AH         LINE#         65
  C:0D51H         LINE#         66
  C:0D7CH         LINE#         67
  C:0D7CH         LINE#         70
  C:0D7CH         LINE#         79
  C:0DB7H         LINE#         82
  C:0DF1H         LINE#         84
  C:0E16H         LINE#         85
  C:0E35H         LINE#         86
  C:0E4CH         LINE#         87
  C:0E63H         LINE#         88
  C:0E7AH         LINE#         89
  C:0F03H         LINE#         91
  C:0F1DH         LINE#         92
  C:0F7FH         LINE#         93
  C:0FB5H         LINE#         94
  C:0FC7H         LINE#         95
  C:0FF4H         LINE#         96
  C:1021H         LINE#         98
  C:1043H         LINE#         100
  C:107BH         LINE#         103
  C:107BH         LINE#         104
  C:1089H         LINE#         105
  -------         ENDPROC       SUNPOS
  -------         ENDMOD        SUNPOS

  -------         MODULE        ?C_STARTUP
  C:3021H         SEGMENT       ?C_C51STARTUP
  I:0021H         SEGMENT       ?STACK
  C:0000H         PUBLIC        ?C_STARTUP
  D:00E0H         SYMBOL        ACC
  D:00F0H         SYMBOL        B
  D:0083H         SYMBOL        DPH
  D:0082H         SYMBOL        DPL
  N:0000H         SYMBOL        IBPSTACK
  N:0100H         SYMBOL        IBPSTACKTOP
  N:0080H         SYMBOL        IDATALEN
  C:3024H         SYMBOL        IDATALOOP
  N:0000H         SYMBOL        PBPSTACK
  N:0100H         SYMBOL        PBPSTACKTOP
  N:0000H         SYMBOL        PDATALEN
  N:0000H         SYMBOL        PDATASTART
  N:0000H         SYMBOL        PPAGE
  N:0000H         SYMBOL        PPAGEENABLE
  D:00A0H         SYMBOL        PPAGE_SFR
  D:0081H         SYMBOL        SP
  C:3021H         SYMBOL        STARTUP1
  N:0000H         SYMBOL        XBPSTACK
BL51 BANKED LINKER/LOCATER V6.22                                                      01/11/2019  12:56:06  PAGE 37


  N:0000H         SYMBOL        XBPSTACKTOP
  N:0000H         SYMBOL        XDATALEN
  N:0000H         SYMBOL        XDATASTART
  C:0000H         LINE#         126
  C:3021H         LINE#         133
  C:3023H         LINE#         134
  C:3024H         LINE#         135
  C:3025H         LINE#         136
  C:3027H         LINE#         185
  C:302AH         LINE#         196
  -------         ENDMOD        ?C_STARTUP

  -------         MODULE        ?C?FPADD
  C:002DH         PUBLIC        ?C?FPADD
  C:0029H         PUBLIC        ?C?FPSUB
  -------         ENDMOD        ?C?FPADD

  -------         MODULE        ?C?FPMUL
  C:011EH         PUBLIC        ?C?FPMUL
  -------         ENDMOD        ?C?FPMUL

  -------         MODULE        ?C?FPDIV
  C:0227H         PUBLIC        ?C?FPDIV
  -------         ENDMOD        ?C?FPDIV

  -------         MODULE        ?C?FPCMP
  C:02C6H         PUBLIC        ?C?FPCMP
  C:02C4H         PUBLIC        ?C?FPCMP3
  -------         ENDMOD        ?C?FPCMP

  -------         MODULE        ?C?FPNEG
  C:033DH         PUBLIC        ?C?FPNEG
  -------         ENDMOD        ?C?FPNEG

  -------         MODULE        ?C?FCAST
  C:0358H         PUBLIC        ?C?FCASTC
  C:0353H         PUBLIC        ?C?FCASTI
  C:034EH         PUBLIC        ?C?FCASTL
  -------         ENDMOD        ?C?FCAST

  -------         MODULE        ?C?CASTF
  C:038CH         PUBLIC        ?C?CASTF
  -------         ENDMOD        ?C?CASTF

  -------         MODULE        ATAN2
  X:04E4H         PUBLIC        ?_atan2?BYTE
  C:2DBAH         PUBLIC        _atan2
  -------         ENDMOD        ATAN2

  -------         MODULE        SIN
  C:2920H         PUBLIC        _COS
  C:2936H         PUBLIC        _SIN
  C:2972H         PUBLIC        _TAN
  -------         ENDMOD        SIN

  -------         MODULE        ACOS
  C:32C7H         PUBLIC        _ACOS
BL51 BANKED LINKER/LOCATER V6.22                                                      01/11/2019  12:56:06  PAGE 38


  -------         ENDMOD        ACOS

  -------         MODULE        ASIN
  C:33DEH         PUBLIC        _ASIN
  -------         ENDMOD        ASIN

  -------         MODULE        SQRT
  C:2D12H         PUBLIC        _SQRT
  -------         ENDMOD        SQRT

  -------         MODULE        ATAN
  C:2A80H         PUBLIC        _ATAN
  -------         ENDMOD        ATAN

  -------         MODULE        ?C?COPY
  C:052AH         PUBLIC        ?C?COPY
  -------         ENDMOD        ?C?COPY

  -------         MODULE        ?C?CLDPTR
  C:0550H         PUBLIC        ?C?CLDPTR
  -------         ENDMOD        ?C?CLDPTR

  -------         MODULE        ?C?CSTPTR
  C:0569H         PUBLIC        ?C?CSTPTR
  -------         ENDMOD        ?C?CSTPTR

  -------         MODULE        ?C?IMUL
  C:057BH         PUBLIC        ?C?IMUL
  -------         ENDMOD        ?C?IMUL

  -------         MODULE        ?C?UIDIV
  C:058DH         PUBLIC        ?C?UIDIV
  -------         ENDMOD        ?C?UIDIV

  -------         MODULE        ?C?SIDIV
  C:05E2H         PUBLIC        ?C?SIDIV
  -------         ENDMOD        ?C?SIDIV

  -------         MODULE        ?C?ILDIX
  C:0618H         PUBLIC        ?C?ILDIX
  -------         ENDMOD        ?C?ILDIX

  -------         MODULE        ?C?LMUL
  C:062EH         PUBLIC        ?C?LMUL
  -------         ENDMOD        ?C?LMUL

  -------         MODULE        ?C?SLDIV
  C:335AH         PUBLIC        ?C?SLDIV
  -------         ENDMOD        ?C?SLDIV

  -------         MODULE        ?C?LNEG
  C:067DH         PUBLIC        ?C?LNEG
  -------         ENDMOD        ?C?LNEG

  -------         MODULE        ?C?LLDPTR
  C:068BH         PUBLIC        ?C?LLDPTR
  -------         ENDMOD        ?C?LLDPTR
BL51 BANKED LINKER/LOCATER V6.22                                                      01/11/2019  12:56:06  PAGE 39



  -------         MODULE        ?C?LLDOPTR
  C:06ABH         PUBLIC        ?C?LLDOPTR
  -------         ENDMOD        ?C?LLDOPTR

  -------         MODULE        ?C?LSTPTR
  C:06DBH         PUBLIC        ?C?LSTPTR
  -------         ENDMOD        ?C?LSTPTR

  -------         MODULE        ?C?LSTOPTR
  C:06F5H         PUBLIC        ?C?LSTOPTR
  -------         ENDMOD        ?C?LSTOPTR

  -------         MODULE        ?C?LLDXDATA
  C:0719H         PUBLIC        ?C?LLDXDATA
  -------         ENDMOD        ?C?LLDXDATA

  -------         MODULE        ?C?LLDCODE
  C:0725H         PUBLIC        ?C?LLDCODE
  -------         ENDMOD        ?C?LLDCODE

  -------         MODULE        ?C?LLDXDATA0
  C:0735H         PUBLIC        ?C?LLDXDATA0
  -------         ENDMOD        ?C?LLDXDATA0

  -------         MODULE        ?C?LLDCODE0
  C:0741H         PUBLIC        ?C?LLDCODE0
  -------         ENDMOD        ?C?LLDCODE0

  -------         MODULE        ?C?LLDPTR0
  C:0751H         PUBLIC        ?C?LLDPTR0
  -------         ENDMOD        ?C?LLDPTR0

  -------         MODULE        ?C?LSTXDATA
  C:0771H         PUBLIC        ?C?LSTXDATA
  -------         ENDMOD        ?C?LSTXDATA

  -------         MODULE        ?C?LSTKXDATA
  C:077DH         PUBLIC        ?C?LSTKXDATA
  -------         ENDMOD        ?C?LSTKXDATA

  -------         MODULE        ?C?OFFXADD
  C:07AEH         PUBLIC        ?C?OFFXADD
  -------         ENDMOD        ?C?OFFXADD

  -------         MODULE        ABS
  C:36ECH         PUBLIC        _ABS
  -------         ENDMOD        ABS

  -------         MODULE        ATOI
  C:2B82H         PUBLIC        _atoi
  -------         ENDMOD        ATOI

  -------         MODULE        ?C?IILDX
  C:07BAH         PUBLIC        ?C?IILDX
  -------         ENDMOD        ?C?IILDX

BL51 BANKED LINKER/LOCATER V6.22                                                      01/11/2019  12:56:06  PAGE 40


  -------         MODULE        ?C?ULDIV
  C:080CH         PUBLIC        ?C?ULDIV
  -------         ENDMOD        ?C?ULDIV

  -------         MODULE        ?C?LLDIDATA
  C:089EH         PUBLIC        ?C?LLDIDATA
  -------         ENDMOD        ?C?LLDIDATA

  -------         MODULE        ?C?LLDPDATA
  C:08AAH         PUBLIC        ?C?LLDPDATA
  -------         ENDMOD        ?C?LLDPDATA

  -------         MODULE        ?C?LLDIDATA0
  C:08B6H         PUBLIC        ?C?LLDIDATA0
  -------         ENDMOD        ?C?LLDIDATA0

  -------         MODULE        ?C?LLDPDATA0
  C:08C3H         PUBLIC        ?C?LLDPDATA0
  -------         ENDMOD        ?C?LLDPDATA0

  -------         MODULE        ?C?LSTIDATA
  C:08D0H         PUBLIC        ?C?LSTIDATA
  -------         ENDMOD        ?C?LSTIDATA

  -------         MODULE        ?C?LSTPDATA
  C:08DCH         PUBLIC        ?C?LSTPDATA
  -------         ENDMOD        ?C?LSTPDATA

  -------         MODULE        ISDIGIT
  C:36C4H         PUBLIC        _isdigit
  -------         ENDMOD        ISDIGIT

  -------         MODULE        ISSPACE
  C:365BH         PUBLIC        _isspace
  -------         ENDMOD        ISSPACE

*** WARNING L16: UNCALLED SEGMENT, IGNORED FOR OVERLAY PROCESS
    SEGMENT: ?PR?_DISPLAY_PROX?MAIN

*** WARNING L16: UNCALLED SEGMENT, IGNORED FOR OVERLAY PROCESS
    SEGMENT: ?PR?_DAY_OF_YEAR?PCF85063BTL

*** WARNING L16: UNCALLED SEGMENT, IGNORED FOR OVERLAY PROCESS
    SEGMENT: ?PR?INITUART1?UART1

*** WARNING L16: UNCALLED SEGMENT, IGNORED FOR OVERLAY PROCESS
    SEGMENT: ?PR?_SENDSTRING?UART1

*** WARNING L16: UNCALLED SEGMENT, IGNORED FOR OVERLAY PROCESS
    SEGMENT: ?PR?_TEN?UART1

*** WARNING L16: UNCALLED SEGMENT, IGNORED FOR OVERLAY PROCESS
    SEGMENT: ?PR?_UNIT?UART1

*** WARNING L16: UNCALLED SEGMENT, IGNORED FOR OVERLAY PROCESS
    SEGMENT: ?PR?_DECTOBCD?UART1

BL51 BANKED LINKER/LOCATER V6.22                                                      01/11/2019  12:56:06  PAGE 41


*** WARNING L16: UNCALLED SEGMENT, IGNORED FOR OVERLAY PROCESS
    SEGMENT: ?PR?_ASCII_LETTER?UART1

*** WARNING L16: UNCALLED SEGMENT, IGNORED FOR OVERLAY PROCESS
    SEGMENT: ?PR?NOP?VCNL4035

*** WARNING L16: UNCALLED SEGMENT, IGNORED FOR OVERLAY PROCESS
    SEGMENT: ?PR?_READ_VCNL4035?VCNL4035

*** WARNING L16: UNCALLED SEGMENT, IGNORED FOR OVERLAY PROCESS
    SEGMENT: ?PR?_DISPLAYLCD_VCNL4035?VCNL4035

*** WARNING L16: UNCALLED SEGMENT, IGNORED FOR OVERLAY PROCESS
    SEGMENT: ?PR?_FINDDET4X4?BIPOLARMOTOR

*** WARNING L1: UNRESOLVED EXTERNAL SYMBOL
    SYMBOL:  AUTO_MODE
    MODULE:  .\Obj\main.obj (MAIN)

*** WARNING L2: REFERENCE MADE TO UNRESOLVED EXTERNAL
    SYMBOL:  AUTO_MODE
    MODULE:  .\Obj\main.obj (MAIN)
    ADDRESS: 215EH

*** WARNING L2: REFERENCE MADE TO UNRESOLVED EXTERNAL
    SYMBOL:  AUTO_MODE
    MODULE:  .\Obj\main.obj (MAIN)
    ADDRESS: 2226H

*** WARNING L2: REFERENCE MADE TO UNRESOLVED EXTERNAL
    SYMBOL:  AUTO_MODE
    MODULE:  .\Obj\main.obj (MAIN)
    ADDRESS: 2234H

*** WARNING L2: REFERENCE MADE TO UNRESOLVED EXTERNAL
    SYMBOL:  AUTO_MODE
    MODULE:  .\Obj\main.obj (MAIN)
    ADDRESS: 2246H

*** WARNING L2: REFERENCE MADE TO UNRESOLVED EXTERNAL
    SYMBOL:  AUTO_MODE
    MODULE:  .\Obj\main.obj (MAIN)
    ADDRESS: 2287H

*** WARNING L2: REFERENCE MADE TO UNRESOLVED EXTERNAL
    SYMBOL:  AUTO_MODE
    MODULE:  .\Obj\main.obj (MAIN)
    ADDRESS: 235DH

*** WARNING L1: UNRESOLVED EXTERNAL SYMBOL
    SYMBOL:  AUTO_MODE
    MODULE:  .\Obj\KeyPad.obj (KEYPAD)

*** WARNING L2: REFERENCE MADE TO UNRESOLVED EXTERNAL
    SYMBOL:  AUTO_MODE
    MODULE:  .\Obj\KeyPad.obj (KEYPAD)
    ADDRESS: 1EEEH
BL51 BANKED LINKER/LOCATER V6.22                                                      01/11/2019  12:56:06  PAGE 42



*** WARNING L2: REFERENCE MADE TO UNRESOLVED EXTERNAL
    SYMBOL:  AUTO_MODE
    MODULE:  .\Obj\KeyPad.obj (KEYPAD)
    ADDRESS: 1EF9H

*** WARNING L2: REFERENCE MADE TO UNRESOLVED EXTERNAL
    SYMBOL:  AUTO_MODE
    MODULE:  .\Obj\KeyPad.obj (KEYPAD)
    ADDRESS: 1F00H

Program Size: data=18.0 xdata=1419 code=14124
LINK/LOCATE RUN COMPLETE.  23 WARNING(S),  0 ERROR(S)
