BL51 BANKED LINKER/LOCATER V6.22                                                        11/05/2018  12:30:16  PAGE 1


BL51 BANKED LINKER/LOCATER V6.22, INVOKED BY:
C:\KEIL_V5\C51\BIN\BL51.EXE .\Obj\main.obj, .\Obj\PCF85063BTL.obj, .\Obj\UART1.obj, .\Obj\LCd_Driver_SPLC780D.obj, .\Obj
>> \KeyPad.obj, .\Obj\VCNL4035.obj, .\Obj\BipolarMotor.obj, .\Obj\SunPos.obj, .\Obj\ADC.obj, .\Obj\Calibration.obj, .\Ob
>> j\STARTUP.obj TO .\Obj\GPIO_RTC_Test PRINT (.\Lis\GPIO_RTC_Test.m51) RAMSIZE (256)


MEMORY MODEL: LARGE WITH FLOATING POINT ARITHMETIC


INPUT MODULES INCLUDED:
  .\Obj\main.obj (MAIN)
  .\Obj\PCF85063BTL.obj (PCF85063BTL)
  .\Obj\UART1.obj (UART1)
  .\Obj\LCd_Driver_SPLC780D.obj (LCD_DRIVER_SPLC780D)
  .\Obj\KeyPad.obj (KEYPAD)
  .\Obj\VCNL4035.obj (VCNL4035)
  .\Obj\BipolarMotor.obj (BIPOLARMOTOR)
  .\Obj\SunPos.obj (SUNPOS)
  .\Obj\ADC.obj (ADC)
  .\Obj\Calibration.obj (CALIBRATION)
  .\Obj\STARTUP.obj (?C_STARTUP)
  C:\KEIL_V5\C51\LIB\C51FPL.LIB (?C?FPADD)
  C:\KEIL_V5\C51\LIB\C51FPL.LIB (?C?FPMUL)
  C:\KEIL_V5\C51\LIB\C51FPL.LIB (?C?FPDIV)
  C:\KEIL_V5\C51\LIB\C51FPL.LIB (?C?FPCMP)
  C:\KEIL_V5\C51\LIB\C51FPL.LIB (?C?FPNEG)
  C:\KEIL_V5\C51\LIB\C51FPL.LIB (?C?FCAST)
  C:\KEIL_V5\C51\LIB\C51FPL.LIB (?C?CASTF)
  C:\KEIL_V5\C51\LIB\C51FPL.LIB (ATAN2)
  C:\KEIL_V5\C51\LIB\C51FPL.LIB (SIN)
  C:\KEIL_V5\C51\LIB\C51FPL.LIB (ACOS)
  C:\KEIL_V5\C51\LIB\C51FPL.LIB (ASIN)
  C:\KEIL_V5\C51\LIB\C51FPL.LIB (?C?FPGETOPN)
  C:\KEIL_V5\C51\LIB\C51FPL.LIB (?C?FPSERIES)
  C:\KEIL_V5\C51\LIB\C51FPL.LIB (SQRT)
  C:\KEIL_V5\C51\LIB\C51FPL.LIB (ATAN)
  C:\KEIL_V5\C51\LIB\C51L.LIB (?C_INIT)
  C:\KEIL_V5\C51\LIB\C51L.LIB (?C?COPY)
  C:\KEIL_V5\C51\LIB\C51L.LIB (?C?CLDPTR)
  C:\KEIL_V5\C51\LIB\C51L.LIB (?C?CSTPTR)
  C:\KEIL_V5\C51\LIB\C51L.LIB (?C?IMUL)
  C:\KEIL_V5\C51\LIB\C51L.LIB (?C?UIDIV)
  C:\KEIL_V5\C51\LIB\C51L.LIB (?C?SIDIV)
  C:\KEIL_V5\C51\LIB\C51L.LIB (?C?ILDIX)
  C:\KEIL_V5\C51\LIB\C51L.LIB (?C?ILDOPTR)
  C:\KEIL_V5\C51\LIB\C51L.LIB (?C?LMUL)
  C:\KEIL_V5\C51\LIB\C51L.LIB (?C?ULDIV)
  C:\KEIL_V5\C51\LIB\C51L.LIB (?C?SLDIV)
  C:\KEIL_V5\C51\LIB\C51L.LIB (?C?LNEG)
  C:\KEIL_V5\C51\LIB\C51L.LIB (?C?ULCMP)
  C:\KEIL_V5\C51\LIB\C51L.LIB (?C?LLDPTR)
  C:\KEIL_V5\C51\LIB\C51L.LIB (?C?LLDOPTR)
  C:\KEIL_V5\C51\LIB\C51L.LIB (?C?LSTPTR)
  C:\KEIL_V5\C51\LIB\C51L.LIB (?C?LSTOPTR)
  C:\KEIL_V5\C51\LIB\C51L.LIB (?C?LLDXDATA)
  C:\KEIL_V5\C51\LIB\C51L.LIB (?C?LLDCODE)
  C:\KEIL_V5\C51\LIB\C51L.LIB (?C?LLDXDATA0)
  C:\KEIL_V5\C51\LIB\C51L.LIB (?C?LLDCODE0)
BL51 BANKED LINKER/LOCATER V6.22                                                      11/05/2018  12:30:16  PAGE 2


  C:\KEIL_V5\C51\LIB\C51L.LIB (?C?LLDPTR0)
  C:\KEIL_V5\C51\LIB\C51L.LIB (?C?LSTXDATA)
  C:\KEIL_V5\C51\LIB\C51L.LIB (?C?LSTKXDATA)
  C:\KEIL_V5\C51\LIB\C51L.LIB (?C?OFFXADD)
  C:\KEIL_V5\C51\LIB\C51L.LIB (ABS)
  C:\KEIL_V5\C51\LIB\C51L.LIB (ATOI)
  C:\KEIL_V5\C51\LIB\C51L.LIB (?C?IILDX)
  C:\KEIL_V5\C51\LIB\C51L.LIB (?C?LLDIDATA)
  C:\KEIL_V5\C51\LIB\C51L.LIB (?C?LLDPDATA)
  C:\KEIL_V5\C51\LIB\C51L.LIB (?C?LLDIDATA0)
  C:\KEIL_V5\C51\LIB\C51L.LIB (?C?LLDPDATA0)
  C:\KEIL_V5\C51\LIB\C51L.LIB (?C?LSTIDATA)
  C:\KEIL_V5\C51\LIB\C51L.LIB (?C?LSTPDATA)
  C:\KEIL_V5\C51\LIB\C51L.LIB (ISDIGIT)
  C:\KEIL_V5\C51\LIB\C51L.LIB (ISSPACE)


LINK MAP OF MODULE:  .\Obj\GPIO_RTC_Test (MAIN)


            TYPE    BASE      LENGTH    RELOCATION   SEGMENT NAME
            -----------------------------------------------------

            * * * * * * *   D A T A   M E M O R Y   * * * * * * *
            REG     0000H     0008H     ABSOLUTE     "REG BANK 0"
                    0008H     0018H                  *** GAP ***
            BIT     0020H.0   0000H.6   UNIT         ?BI?KEYPAD
            BIT     0020H.6   0000H.2   UNIT         ?BI?MAIN
            BIT     0021H.0   0000H.2   UNIT         _BIT_GROUP_
            BIT     0021H.2   0000H.1   UNIT         ?BI?_ATOI?ATOI
                    0021H.3   0000H.5                *** GAP ***
            IDATA   0022H     0001H     UNIT         ?STACK

            * * * * * * *  X D A T A   M E M O R Y  * * * * * * *
            XDATA   0000H     03CBH     UNIT         ?XD?BIPOLARMOTOR
            XDATA   03CBH     014BH     UNIT         _XDATA_GROUP_
            XDATA   0516H     00EFH     UNIT         ?XD?MAIN
            XDATA   0605H     0040H     UNIT         ?XD?_FINDDET4X4?BIPOLARMOTOR
            XDATA   0645H     0024H     UNIT         ?XD?_FINDDET3X3?BIPOLARMOTOR
            XDATA   0669H     001EH     UNIT         ?XD?_CALIB_INTERPOLATE?MAIN
            XDATA   0687H     0009H     UNIT         ?XD?KEYPAD
            XDATA   0690H     0008H     UNIT         ?XD?_READ_VCNL4035?VCNL4035
            XDATA   0698H     0005H     UNIT         ?XD?_ATOI?ATOI
            XDATA   069DH     0003H     UNIT         ?XD?_SENDSTRING?UART1
            XDATA   06A0H     0001H     UNIT         ?XD?UC_ACK?VCNL4035
            XDATA   06A1H     0001H     UNIT         ?XD?UC_NACK?VCNL4035
            XDATA   06A2H     0001H     UNIT         ?XD?_DISPLAYLCD_VCNL4035?VCNL4035

            * * * * * * *   C O D E   M E M O R Y   * * * * * * *
            CODE    0000H     0003H     ABSOLUTE     
            CODE    0003H     0006H     UNIT         ?PR?_TEN?UART1
            CODE    0009H     0001H     UNIT         ?PR?UART?MAIN
            CODE    000AH     0001H     UNIT         ?PR?_DECTOBCD?UART1
            CODE    000BH     0003H     ABSOLUTE     
            CODE    000EH     0015H     UNIT         ?PR?_DISPLAY_LINE?LCD_DRIVER_SPLC780D
            CODE    0023H     0003H     ABSOLUTE     
            CODE    0026H     0E08H     UNIT         ?PR?_UPDATE_POSITION?BIPOLARMOTOR
BL51 BANKED LINKER/LOCATER V6.22                                                      11/05/2018  12:30:16  PAGE 3


            CODE    0E2EH     090BH     UNIT         ?C?LIB_CODE
            CODE    1739H     07A2H     UNIT         ?PR?SUNPOS?SUNPOS
            CODE    1EDBH     04EEH     UNIT         ?PR?MAIN?MAIN
            CODE    23C9H     043CH     UNIT         ?C_INITSEG
            CODE    2805H     02C0H     UNIT         ?PR?_FINDDET4X4?BIPOLARMOTOR
            CODE    2AC5H     02B2H     UNIT         ?PR?KEY_PROCESS?KEYPAD
            CODE    2D77H     025FH     UNIT         ?PR?_FIND_REAL_MAX?CALIBRATION
            CODE    2FD6H     01D9H     UNIT         ?PR?_DISPLAY_POS?BIPOLARMOTOR
            CODE    31AFH     01D1H     UNIT         ?PR?_FINDDET3X3?BIPOLARMOTOR
            CODE    3380H     01A1H     UNIT         ?PR?_CALIB_INTERPOLATE?MAIN
            CODE    3521H     018DH     UNIT         ?PR?KEY_SCAN?KEYPAD
            CODE    36AEH     0188H     UNIT         ?PR?SIN?SIN
            CODE    3836H     0145H     UNIT         ?PR?LINEAR_INTERPOLATE?BIPOLARMOTOR
            CODE    397BH     0122H     UNIT         ?PR?ATAN?ATAN
            CODE    3A9DH     0106H     UNIT         ?PR?_CALIBRATION?CALIBRATION
            CODE    3BA3H     00EBH     UNIT         ?PR?_MOVE?BIPOLARMOTOR
            CODE    3C8EH     00DBH     UNIT         ?PR?_ATOI?ATOI
            CODE    3D69H     00BBH     UNIT         ?PR?VOLTAGE_IS_STABLE?CALIBRATION
            CODE    3E24H     00ACH     UNIT         ?PR?SQRT?SQRT
            CODE    3ED0H     009DH     UNIT         ?PR?_ATAN2?ATAN2
            CODE    3F6DH     009AH     UNIT         ?PR?_READ_VCNL4035?VCNL4035
            CODE    4007H     0094H     UNIT         ?PR?_MOVE_2NDMOTOR?BIPOLARMOTOR
            CODE    409BH     0093H     UNIT         ?PR?_MAX_VALUE?CALIBRATION
            CODE    412EH     008CH     UNIT         ?C_C51STARTUP
            CODE    41BAH     0084H     UNIT         ?PR?_DAY_OF_YEAR?PCF85063BTL
            CODE    423EH     0075H     UNIT         ?PR?_WRITEDATA?LCD_DRIVER_SPLC780D
            CODE    42B3H     006FH     UNIT         ?PR?_READ_TIME?PCF85063BTL
            CODE    4322H     0059H     UNIT         ?PR?LCD_INIT?LCD_DRIVER_SPLC780D
            CODE    437BH     004AH     UNIT         ?PR?ACOS?ACOS
            CODE    43C5H     0049H     UNIT         ?PR?_WRITE_VCNL4035X?VCNL4035
            CODE    440EH     0044H     UNIT         ?C?LDIV
            CODE    4452H     0040H     UNIT         ?PR?_COMMAND?LCD_DRIVER_SPLC780D
            CODE    4492H     003BH     UNIT         ?PR?ASIN?ASIN
            CODE    44CDH     0034H     UNIT         ?PR?TM0_ISR?MAIN
            CODE    4501H     0033H     UNIT         ?PR?_SENDSTRING?UART1
            CODE    4534H     002EH     UNIT         ?PR?_ADC_GETRESULT?ADC
            CODE    4562H     002CH     UNIT         ?PR?I2C_RECEIVEBYTE?VCNL4035
            CODE    458EH     002CH     UNIT         ?PR?_STEP_MOVE?BIPOLARMOTOR
            CODE    45BAH     002CH     UNIT         ?PR?_STEP_MOVE_2NDMOTOR?BIPOLARMOTOR
            CODE    45E6H     002BH     UNIT         ?PR?_WAIT_MS_I2C?VCNL4035
            CODE    4611H     0024H     UNIT         ?PR?_WAIT_MS?LCD_DRIVER_SPLC780D
            CODE    4635H     0022H     UNIT         ?PR?_I2C_SENDBYTE?VCNL4035
            CODE    4657H     0020H     UNIT         ?PR?_SPI_SENDBYTE?PCF85063BTL
            CODE    4677H     0020H     UNIT         ?PR?SPI_RECEIVEBYTE?PCF85063BTL
            CODE    4697H     001EH     UNIT         ?PR?_DELAY_MS?KEYPAD
            CODE    46B5H     001EH     UNIT         ?PR?_WAIT_MS_IIC?VCNL4035
            CODE    46D3H     001DH     UNIT         ?PR?_DISPLAYLCD?LCD_DRIVER_SPLC780D
            CODE    46F0H     001BH     UNIT         ?PR?I2C_ACK?VCNL4035
            CODE    470BH     001BH     UNIT         ?PR?_BCDTODEC1?BIPOLARMOTOR
            CODE    4726H     0018H     UNIT         ?PR?_SPI_WRITETIME?PCF85063BTL
            CODE    473EH     0017H     UNIT         ?PR?_ASCIITOBCD?UART1
            CODE    4755H     0017H     UNIT         ?PR?I2C_INIT?VCNL4035
            CODE    476CH     0015H     UNIT         ?PR?I2C_STOP?VCNL4035
            CODE    4781H     0014H     UNIT         ?PR?_PCF85063BTL_DELAY?PCF85063BTL
            CODE    4795H     0014H     UNIT         ?PR?_ISSPACE?ISSPACE
            CODE    47A9H     0013H     UNIT         ?PR?I2C_START?VCNL4035
            CODE    47BCH     0011H     UNIT         ?PR?_SPI_READTIME?PCF85063BTL
BL51 BANKED LINKER/LOCATER V6.22                                                      11/05/2018  12:30:16  PAGE 4


            CODE    47CDH     0011H     UNIT         ?PR?_BCDTODEC?PCF85063BTL
            CODE    47DEH     0011H     UNIT         ?PR?INITUART1?UART1
            CODE    47EFH     0010H     UNIT         ?PR?ADC_INIT?ADC
            CODE    47FFH     000FH     UNIT         ?PR?UC_NACK?VCNL4035
            CODE    480EH     000FH     UNIT         ?PR?_ISDIGIT?ISDIGIT
            CODE    481DH     000DH     UNIT         ?PR?SPI_INIT?PCF85063BTL
            CODE    482AH     000CH     UNIT         ?PR?KEYPAD_IO_INIT?KEYPAD
            CODE    4836H     000CH     UNIT         ?PR?_ABS?ABS
            CODE    4842H     000AH     UNIT         ?PR?LCD_RETURN_HOME?LCD_DRIVER_SPLC780D
            CODE    484CH     000AH     UNIT         ?PR?LCD_CLEAR?LCD_DRIVER_SPLC780D
            CODE    4856H     0009H     UNIT         ?PR?_SENDUART1?MAIN
            CODE    485FH     0006H     UNIT         ?PR?UC_ACK?VCNL4035
            CODE    4865H     0006H     UNIT         ?PR?_DISPLAYLCD_VCNL4035?VCNL4035
            CODE    486BH     0005H     UNIT         ?PR?_UNIT?UART1
            CODE    4870H     0005H     UNIT         ?PR?_ASCII_LETTER?UART1
            CODE    4875H     0001H     UNIT         ?PR?NOP?VCNL4035



OVERLAY MAP OF MODULE:   .\Obj\GPIO_RTC_Test (MAIN)


SEGMENT                                            BIT_GROUP          XDATA_GROUP
  +--> CALLED SEGMENT                           START    LENGTH     START    LENGTH
-----------------------------------------------------------------------------------
?C_C51STARTUP                                   -----    -----      -----    -----
  +--> ?PR?MAIN?MAIN
  +--> ?C_INITSEG

?PR?MAIN?MAIN                                   -----    -----      03CBH    0009H
  +--> ?PR?LCD_INIT?LCD_DRIVER_SPLC780D
  +--> ?PR?SPI_INIT?PCF85063BTL
  +--> ?PR?KEYPAD_IO_INIT?KEYPAD
  +--> ?PR?I2C_INIT?VCNL4035
  +--> ?PR?ADC_INIT?ADC
  +--> ?PR?_DELAY_MS?KEYPAD
  +--> ?PR?_DISPLAY_LINE?LCD_DRIVER_SPLC780D
  +--> ?PR?_WRITEDATA?LCD_DRIVER_SPLC780D
  +--> ?PR?KEY_PROCESS?KEYPAD
  +--> ?PR?_COMMAND?LCD_DRIVER_SPLC780D
  +--> ?PR?_DISPLAY_POS?BIPOLARMOTOR
  +--> ?PR?_DISPLAYLCD?LCD_DRIVER_SPLC780D
  +--> ?PR?_STEP_MOVE?BIPOLARMOTOR
  +--> ?PR?_STEP_MOVE_2NDMOTOR?BIPOLARMOTOR
  +--> ?PR?LCD_RETURN_HOME?LCD_DRIVER_SPLC780D
  +--> ?PR?_READ_TIME?PCF85063BTL
  +--> ?PR?_UPDATE_POSITION?BIPOLARMOTOR
  +--> ?PR?_DAY_OF_YEAR?PCF85063BTL
  +--> ?PR?_BCDTODEC1?BIPOLARMOTOR
  +--> ?PR?_CALIBRATION?CALIBRATION

?PR?LCD_INIT?LCD_DRIVER_SPLC780D                -----    -----      -----    -----
  +--> ?PR?_WAIT_MS?LCD_DRIVER_SPLC780D
  +--> ?PR?_COMMAND?LCD_DRIVER_SPLC780D

?PR?_COMMAND?LCD_DRIVER_SPLC780D                -----    -----      -----    -----
  +--> ?PR?_WAIT_MS?LCD_DRIVER_SPLC780D
BL51 BANKED LINKER/LOCATER V6.22                                                      11/05/2018  12:30:16  PAGE 5



?PR?I2C_INIT?VCNL4035                           -----    -----      -----    -----
  +--> ?PR?_WRITE_VCNL4035X?VCNL4035

?PR?_WRITE_VCNL4035X?VCNL4035                   -----    -----      03D4H    0003H
  +--> ?PR?I2C_START?VCNL4035
  +--> ?PR?_WAIT_MS_I2C?VCNL4035
  +--> ?PR?I2C_ACK?VCNL4035
  +--> ?PR?_I2C_SENDBYTE?VCNL4035
  +--> ?PR?I2C_STOP?VCNL4035

?PR?I2C_START?VCNL4035                          -----    -----      -----    -----
  +--> ?PR?_WAIT_MS_IIC?VCNL4035
  +--> ?PR?_WAIT_MS_I2C?VCNL4035

?PR?I2C_ACK?VCNL4035                            -----    -----      03D7H    0001H
  +--> ?PR?_I2C_SENDBYTE?VCNL4035
  +--> ?PR?_WAIT_MS_I2C?VCNL4035

?PR?_I2C_SENDBYTE?VCNL4035                      -----    -----      -----    -----
  +--> ?PR?_WAIT_MS_I2C?VCNL4035

?PR?I2C_STOP?VCNL4035                           -----    -----      -----    -----
  +--> ?PR?_WAIT_MS_I2C?VCNL4035

?PR?_DISPLAY_LINE?LCD_DRIVER_SPLC780D           -----    -----      -----    -----
  +--> ?PR?_COMMAND?LCD_DRIVER_SPLC780D

?PR?_WRITEDATA?LCD_DRIVER_SPLC780D              -----    -----      04C8H    0001H
  +--> ?PR?_WAIT_MS?LCD_DRIVER_SPLC780D

?PR?KEY_PROCESS?KEYPAD                          -----    -----      03D4H    0006H
  +--> ?PR?KEY_SCAN?KEYPAD
  +--> ?PR?_SPI_WRITETIME?PCF85063BTL
  +--> ?PR?LCD_CLEAR?LCD_DRIVER_SPLC780D
  +--> ?PR?_COMMAND?LCD_DRIVER_SPLC780D
  +--> ?PR?_WRITEDATA?LCD_DRIVER_SPLC780D

?PR?KEY_SCAN?KEYPAD                             -----    -----      03DAH    0003H

?PR?_SPI_WRITETIME?PCF85063BTL                  -----    -----      -----    -----
  +--> ?PR?_SPI_SENDBYTE?PCF85063BTL

?PR?_SPI_SENDBYTE?PCF85063BTL                   -----    -----      -----    -----
  +--> ?PR?_PCF85063BTL_DELAY?PCF85063BTL

?PR?LCD_CLEAR?LCD_DRIVER_SPLC780D               -----    -----      -----    -----
  +--> ?PR?_COMMAND?LCD_DRIVER_SPLC780D

?PR?_DISPLAY_POS?BIPOLARMOTOR                   -----    -----      04BDH    000BH
  +--> ?PR?_ABS?ABS
  +--> ?PR?_WRITEDATA?LCD_DRIVER_SPLC780D

?PR?_DISPLAYLCD?LCD_DRIVER_SPLC780D             -----    -----      03D4H    0001H
  +--> ?PR?_WRITEDATA?LCD_DRIVER_SPLC780D

?PR?_STEP_MOVE?BIPOLARMOTOR                     0021H.1  0000H.1    04BDH    0004H
BL51 BANKED LINKER/LOCATER V6.22                                                      11/05/2018  12:30:16  PAGE 6


  +--> ?PR?_WAIT_MS?LCD_DRIVER_SPLC780D

?PR?_STEP_MOVE_2NDMOTOR?BIPOLARMOTOR            0021H.1  0000H.1    04B9H    0004H
  +--> ?PR?_WAIT_MS?LCD_DRIVER_SPLC780D

?PR?LCD_RETURN_HOME?LCD_DRIVER_SPLC780D         -----    -----      -----    -----
  +--> ?PR?_COMMAND?LCD_DRIVER_SPLC780D

?PR?_READ_TIME?PCF85063BTL                      -----    -----      03D4H    000FH
  +--> ?PR?_SPI_READTIME?PCF85063BTL

?PR?_SPI_READTIME?PCF85063BTL                   -----    -----      -----    -----
  +--> ?PR?_SPI_SENDBYTE?PCF85063BTL
  +--> ?PR?SPI_RECEIVEBYTE?PCF85063BTL

?PR?SPI_RECEIVEBYTE?PCF85063BTL                 -----    -----      -----    -----
  +--> ?PR?_PCF85063BTL_DELAY?PCF85063BTL

?PR?_UPDATE_POSITION?BIPOLARMOTOR               -----    -----      03EBH    00C2H
  +--> ?PR?_BCDTODEC1?BIPOLARMOTOR
  +--> ?PR?SUNPOS?SUNPOS
  +--> ?PR?SIN?SIN
  +--> ?PR?ASIN?ASIN
  +--> ?PR?LINEAR_INTERPOLATE?BIPOLARMOTOR
  +--> ?PR?_ABS?ABS
  +--> ?PR?_MOVE?BIPOLARMOTOR
  +--> ?PR?_MOVE_2NDMOTOR?BIPOLARMOTOR

?PR?SUNPOS?SUNPOS                               -----    -----      04ADH    005DH
  +--> ?PR?SIN?SIN
  +--> ?PR?_ATAN2?ATAN2
  +--> ?PR?ASIN?ASIN
  +--> ?PR?ACOS?ACOS

?PR?SIN?SIN                                     0021H.0  0000H.1    050AH    0004H

?PR?_ATAN2?ATAN2                                -----    -----      050AH    0008H
  +--> ?PR?ATAN?ATAN

?PR?ATAN?ATAN                                   0021H.0  0000H.2    0512H    0004H

?PR?ASIN?ASIN                                   -----    -----      -----    -----
  +--> ?PR?SQRT?SQRT
  +--> ?PR?ATAN?ATAN

?PR?SQRT?SQRT                                   -----    -----      050AH    0004H

?PR?ACOS?ACOS                                   -----    -----      -----    -----
  +--> ?PR?SQRT?SQRT
  +--> ?PR?ATAN?ATAN

?PR?LINEAR_INTERPOLATE?BIPOLARMOTOR             -----    -----      04ADH    0014H

?PR?_MOVE?BIPOLARMOTOR                          0021H.0  0000H.1    04ADH    0010H
  +--> ?PR?_STEP_MOVE?BIPOLARMOTOR
  +--> ?PR?_COMMAND?LCD_DRIVER_SPLC780D
  +--> ?PR?_DISPLAY_POS?BIPOLARMOTOR
BL51 BANKED LINKER/LOCATER V6.22                                                      11/05/2018  12:30:16  PAGE 7



?PR?_MOVE_2NDMOTOR?BIPOLARMOTOR                 0021H.0  0000H.1    04ADH    000CH
  +--> ?PR?_STEP_MOVE_2NDMOTOR?BIPOLARMOTOR
  +--> ?PR?_COMMAND?LCD_DRIVER_SPLC780D
  +--> ?PR?_DISPLAY_POS?BIPOLARMOTOR

?PR?_DAY_OF_YEAR?PCF85063BTL                    -----    -----      -----    -----
  +--> ?PR?_BCDTODEC?PCF85063BTL

?PR?_CALIBRATION?CALIBRATION                    -----    -----      03D4H    0017H
  +--> ?PR?VOLTAGE_IS_STABLE?CALIBRATION
  +--> ?PR?_UPDATE_POSITION?BIPOLARMOTOR
  +--> ?PR?_FIND_REAL_MAX?CALIBRATION

?PR?VOLTAGE_IS_STABLE?CALIBRATION               -----    -----      03EBH    0018H
  +--> ?PR?_ADC_GETRESULT?ADC
  +--> ?PR?_ABS?ABS

?PR?_FIND_REAL_MAX?CALIBRATION                  -----    -----      03EBH    005CH
  +--> ?PR?_MOVE?BIPOLARMOTOR
  +--> ?PR?_ADC_GETRESULT?ADC
  +--> ?PR?_WAIT_MS?LCD_DRIVER_SPLC780D
  +--> ?PR?_MAX_VALUE?CALIBRATION

?PR?_MAX_VALUE?CALIBRATION                      -----    -----      0447H    0004H



UNRESOLVED EXTERNAL SYMBOLS:
   AUTO_MODE
   DIRECTION_ROTATION



SYMBOL TABLE OF MODULE:  .\Obj\GPIO_RTC_Test (MAIN)

  VALUE           TYPE          NAME
  ----------------------------------

  -------         MODULE        MAIN
  C:0000H         SYMBOL        _ICE_DUMMY_
  X:051EH         PUBLIC        calib_value
  D:0080H         PUBLIC        P0
  D:0090H         PUBLIC        P1
  D:00A0H         PUBLIC        P2
  D:00B0H         PUBLIC        P3
  D:00C0H         PUBLIC        P4
  D:00C8H         PUBLIC        P5
  X:057EH         SYMBOL        PressedKey
  B:00A8H.7       PUBLIC        EA
  D:00E8H         PUBLIC        P6
  D:00F8H         PUBLIC        P7
  X:0582H         PUBLIC        RX_Data_Uart_Cnt
  C:3380H         PUBLIC        _calib_interpolate
  D:00A8H         PUBLIC        IE
  X:0584H         PUBLIC        calib_time
  D:00B8H         PUBLIC        IP
BL51 BANKED LINKER/LOCATER V6.22                                                      11/05/2018  12:30:16  PAGE 8


  B:0020H.6       PUBLIC        pos_angle_display
  X:05E4H         PUBLIC        months
  C:0009H         PUBLIC        Uart
  D:00D8H         PUBLIC        CCON
  C:1EDBH         PUBLIC        main
  X:05E5H         PUBLIC        count
  D:0099H         PUBLIC        SBUF
  X:05E7H         PUBLIC        days
  X:05E8H         PUBLIC        hours
  D:0098H         PUBLIC        SCON
  D:0089H         PUBLIC        TMOD
  D:0088H         PUBLIC        TCON
  B:00B0H.2       PUBLIC        P32
  B:00B0H.3       PUBLIC        P33
  X:05E9H         SYMBOL        KeyCount
  X:05EBH         PUBLIC        mins
  X:05ECH         PUBLIC        Rec_data_hour
  X:05EFH         PUBLIC        Rec_data_min
  D:008EH         PUBLIC        AUXR
  C:44CDH         PUBLIC        tm0_isr
  B:0020H.7       PUBLIC        busy
  D:00E0H         PUBLIC        ACC
  B:00A8H.1       PUBLIC        ET0
  D:008CH         PUBLIC        TH0
  X:05F2H         PUBLIC        hour_count
  D:008AH         PUBLIC        TL0
  X:05F3H         PUBLIC        min_count
  B:0088H.4       PUBLIC        TR0
  X:05F4H         SYMBOL        KeyNum
  X:05F5H         SYMBOL        KeyNum_Old
  X:05F6H         PUBLIC        current_position
  X:05FAH         PUBLIC        hours1
  X:05FBH         PUBLIC        hours2
  X:05FCH         PUBLIC        mins1
  X:05FDH         PUBLIC        mins2
  X:05FEH         PUBLIC        current_angle
  X:0602H         PUBLIC        seconds
  X:0603H         PUBLIC        st_time
  D:00D0H         PUBLIC        PSW
  C:4856H         PUBLIC        _SendUART1
  -------         PROC          TM0_ISR
  C:44CDH         LINE#         76
  C:44D5H         LINE#         78
  C:44E3H         LINE#         79
  C:44EFH         LINE#         80
  C:44EFH         LINE#         81
  C:44F6H         LINE#         82
  C:44F8H         LINE#         83
  C:44F8H         LINE#         84
  -------         ENDPROC       TM0_ISR
  -------         PROC          MAIN
  -------         DO            
  X:0516H         SYMBOL        KeyCount
  X:0518H         SYMBOL        KeyNum_Old
  X:0519H         SYMBOL        KeyNum
  X:051AH         SYMBOL        PressedKey
  X:03CBH         SYMBOL        prox_flag
BL51 BANKED LINKER/LOCATER V6.22                                                      11/05/2018  12:30:16  PAGE 9


  X:03CCH         SYMBOL        prox_flag_rotation
  X:03CDH         SYMBOL        calib_day
  X:03CFH         SYMBOL        numStr
  -------         ENDDO         
  C:1EDBH         LINE#         86
  C:1EDBH         LINE#         87
  C:1EDBH         LINE#         92
  C:1EE3H         LINE#         94
  C:1EE8H         LINE#         98
  C:1EEAH         LINE#         101
  C:1EECH         LINE#         104
  C:1EEEH         LINE#         106
  C:1EF4H         LINE#         107
  C:1EF6H         LINE#         108
  C:1EF8H         LINE#         120
  C:1EFBH         LINE#         121
  C:1EFEH         LINE#         122
  C:1F01H         LINE#         124
  C:1F04H         LINE#         125
  C:1F07H         LINE#         127
  C:1F0AH         LINE#         128
  C:1F0DH         LINE#         129
  C:1F10H         LINE#         130
  C:1F12H         LINE#         131
  C:1F14H         LINE#         132
  C:1F16H         LINE#         134
  C:1F18H         LINE#         136
  C:1F1FH         LINE#         138
  C:1F26H         LINE#         142
  C:1F2DH         LINE#         143
  C:1F32H         LINE#         144
  C:1F37H         LINE#         145
  C:1F3CH         LINE#         146
  C:1F41H         LINE#         147
  C:1F46H         LINE#         150
  C:1F46H         LINE#         151
  C:1F46H         LINE#         152
  C:1F49H         LINE#         155
  C:1F49H         LINE#         160
  C:1F53H         LINE#         161
  C:1F53H         LINE#         162
  C:1F56H         LINE#         163
  C:1F56H         LINE#         164
  C:1F5BH         LINE#         165
  C:1F60H         LINE#         166
  C:1F65H         LINE#         167
  C:1F6AH         LINE#         168
  C:1F6FH         LINE#         169
  C:1F74H         LINE#         170
  C:1F85H         LINE#         171
  C:1F85H         LINE#         172
  C:1F88H         LINE#         173
  C:1F88H         LINE#         174
  C:1F88H         LINE#         175
  C:1F88H         LINE#         176
  C:1F88H         LINE#         177
  C:1F88H         LINE#         178
BL51 BANKED LINKER/LOCATER V6.22                                                      11/05/2018  12:30:16  PAGE 10


  C:1F88H         LINE#         179
  C:1F88H         LINE#         180
  C:1F88H         LINE#         181
  C:1F88H         LINE#         182
  C:1F8AH         LINE#         184
  C:1F8AH         LINE#         185
  C:1F8DH         LINE#         186
  C:1F8DH         LINE#         187
  C:1F92H         LINE#         188
  C:1F97H         LINE#         189
  C:1F9CH         LINE#         190
  C:1FA1H         LINE#         191
  C:1FA6H         LINE#         192
  C:1FABH         LINE#         193
  C:1FBCH         LINE#         194
  C:1FBCH         LINE#         195
  C:1FBFH         LINE#         196
  C:1FBFH         LINE#         197
  C:1FC4H         LINE#         198
  C:1FC9H         LINE#         199
  C:1FCEH         LINE#         200
  C:1FD3H         LINE#         201
  C:1FD8H         LINE#         202
  C:1FDDH         LINE#         203
  C:1FEEH         LINE#         204
  C:1FEEH         LINE#         205
  C:1FEEH         LINE#         209
  C:1FF5H         LINE#         210
  C:1FFDH         LINE#         211
  C:2002H         LINE#         212
  C:200AH         LINE#         213
  C:200FH         LINE#         214
  C:2019H         LINE#         215
  C:201EH         LINE#         216
  C:2026H         LINE#         218
  C:202EH         LINE#         219
  C:2033H         LINE#         220
  C:203DH         LINE#         221
  C:203DH         LINE#         222
  C:203FH         LINE#         223
  C:2041H         LINE#         224
  C:204BH         LINE#         225
  C:204BH         LINE#         226
  C:2050H         LINE#         227
  C:2050H         LINE#         239
  C:2056H         LINE#         240
  C:2056H         LINE#         241
  C:2063H         LINE#         242
  C:2063H         LINE#         243
  C:206DH         LINE#         244
  C:2084H         LINE#         245
  C:2084H         LINE#         246
  C:2086H         LINE#         247
  C:2088H         LINE#         249
  C:2088H         LINE#         250
  C:2093H         LINE#         251
  C:2093H         LINE#         252
BL51 BANKED LINKER/LOCATER V6.22                                                      11/05/2018  12:30:16  PAGE 11


  C:2098H         LINE#         253
  C:2098H         LINE#         254
  C:20ABH         LINE#         255
  C:20ABH         LINE#         258
  C:20B5H         LINE#         259
  C:20CCH         LINE#         260
  C:20CCH         LINE#         261
  C:20CEH         LINE#         262
  C:20D0H         LINE#         264
  C:20D0H         LINE#         265
  C:20DBH         LINE#         266
  C:20DBH         LINE#         267
  C:20DFH         LINE#         268
  C:20DFH         LINE#         269
  C:20DFH         LINE#         270
  C:20E2H         LINE#         271
  C:20E8H         LINE#         272
  C:20E8H         LINE#         273
  C:20F5H         LINE#         274
  C:20F5H         LINE#         275
  C:20FFH         LINE#         276
  C:2116H         LINE#         277
  C:2116H         LINE#         278
  C:2118H         LINE#         279
  C:211AH         LINE#         281
  C:211AH         LINE#         282
  C:2125H         LINE#         283
  C:2125H         LINE#         284
  C:212AH         LINE#         285
  C:212AH         LINE#         286
  C:2137H         LINE#         287
  C:2137H         LINE#         290
  C:2141H         LINE#         291
  C:2158H         LINE#         292
  C:2158H         LINE#         293
  C:215AH         LINE#         294
  C:215CH         LINE#         296
  C:215CH         LINE#         297
  C:2167H         LINE#         298
  C:2167H         LINE#         299
  C:216CH         LINE#         300
  C:216EH         LINE#         301
  C:216EH         LINE#         302
  C:216EH         LINE#         305
  C:2190H         LINE#         306
  C:2190H         LINE#         307
  C:219AH         LINE#         308
  C:21A0H         LINE#         309
  C:21A2H         LINE#         310
  C:21A4H         LINE#         311
  C:21A6H         LINE#         312
  C:21A6H         LINE#         315
  C:21C8H         LINE#         316
  C:21C8H         LINE#         317
  C:21D2H         LINE#         318
  C:21D8H         LINE#         319
  C:21DAH         LINE#         320
BL51 BANKED LINKER/LOCATER V6.22                                                      11/05/2018  12:30:16  PAGE 12


  C:21DCH         LINE#         321
  C:21DEH         LINE#         322
  C:21DEH         LINE#         323
  C:21E1H         LINE#         325
  C:21E1H         LINE#         326
  C:21E7H         LINE#         327
  C:21EFH         LINE#         328
  C:21F5H         LINE#         329
  C:21FDH         LINE#         330
  C:2238H         LINE#         334
  C:2242H         LINE#         335
  C:2242H         LINE#         337
  C:2242H         LINE#         339
  C:2242H         LINE#         342
  C:2242H         LINE#         343
  C:2286H         LINE#         344
  C:2286H         LINE#         345
  C:22A9H         LINE#         346
  C:22A9H         LINE#         347
  C:22ABH         LINE#         348
  C:22B2H         LINE#         349
  C:22B2H         LINE#         351
  C:22DCH         LINE#         352
  C:22DCH         LINE#         353
  C:2342H         LINE#         354
  C:2393H         LINE#         355
  C:23A1H         LINE#         356
  C:23A1H         LINE#         357
  C:23B6H         LINE#         358
  C:23B8H         LINE#         359
  C:23B8H         LINE#         360
  C:23C6H         LINE#         361
  C:23C6H         LINE#         363
  -------         ENDPROC       MAIN
  -------         PROC          UART
  C:0009H         LINE#         370
  C:0009H         LINE#         403
  -------         ENDPROC       UART
  -------         PROC          _CALIB_INTERPOLATE
  X:0669H         SYMBOL        hours
  X:066DH         SYMBOL        mins
  -------         DO            
  X:0671H         SYMBOL        p_calib1
  X:0679H         SYMBOL        p_calib2
  X:0681H         SYMBOL        i
  X:0683H         SYMBOL        current_time
  -------         ENDDO         
  C:3380H         LINE#         406
  C:3386H         LINE#         407
  C:3386H         LINE#         411
  C:33DDH         LINE#         413
  C:3403H         LINE#         414
  C:3403H         LINE#         415
  C:3475H         LINE#         416
  C:3475H         LINE#         417
  C:34A2H         LINE#         418
  C:34BDH         LINE#         420
BL51 BANKED LINKER/LOCATER V6.22                                                      11/05/2018  12:30:16  PAGE 13


  C:34EAH         LINE#         421
  C:3505H         LINE#         423
  C:3507H         LINE#         424
  C:3507H         LINE#         425
  C:351BH         LINE#         426
  C:3520H         LINE#         428
  -------         ENDPROC       _CALIB_INTERPOLATE
  -------         PROC          _SENDUART1
  D:0007H         SYMBOL        dat
  C:4856H         LINE#         431
  C:4856H         LINE#         432
  C:4856H         LINE#         433
  C:4859H         LINE#         434
  C:485BH         LINE#         435
  C:485CH         LINE#         436
  C:485EH         LINE#         437
  -------         ENDPROC       _SENDUART1
  -------         ENDMOD        MAIN

  -------         MODULE        PCF85063BTL
  C:0000H         SYMBOL        _ICE_DUMMY_
  D:0096H         PUBLIC        P2M0
  D:0080H         PUBLIC        P0
  D:0095H         PUBLIC        P2M1
  D:0090H         PUBLIC        P1
  D:00A0H         PUBLIC        P2
  D:00B0H         PUBLIC        P3
  D:00C0H         PUBLIC        P4
  D:00C8H         PUBLIC        P5
  D:00E8H         PUBLIC        P6
  B:00A0H.2       PUBLIC        PCF85063BTL_SDI
  D:00F8H         PUBLIC        P7
  B:00A0H.1       PUBLIC        PCF85063BTL_SCK
  B:00A0H.2       PUBLIC        PCF85063BTL_SDO
  D:00A8H         PUBLIC        IE
  C:42B3H         PUBLIC        _Read_time
  C:4787H         PUBLIC        _PCF85063BTL_Delay
  D:00B8H         PUBLIC        IP
  D:00D8H         PUBLIC        CCON
  C:41BAH         PUBLIC        _Day_Of_Year
  C:4677H         PUBLIC        SPI_ReceiveByte
  D:0098H         PUBLIC        SCON
  D:0088H         PUBLIC        TCON
  C:47CDH         PUBLIC        _BCDtoDec
  B:00A0H.0       PUBLIC        PCF85063BTL_CS
  C:47BCH         PUBLIC        _SPI_ReadTime
  C:481DH         PUBLIC        SPI_Init
  C:4726H         PUBLIC        _SPI_WriteTime
  C:4657H         PUBLIC        _SPI_SendByte
  D:00D0H         PUBLIC        PSW
  C:4783H         SYMBOL        L?0047
  -------         PROC          L?0046
  -------         ENDPROC       L?0046
  C:4783H         SYMBOL        L?0047
  -------         PROC          _PCF85063BTL_DELAY
  D:0006H         SYMBOL        us
  C:4787H         LINE#         8
BL51 BANKED LINKER/LOCATER V6.22                                                      11/05/2018  12:30:16  PAGE 14


  C:4787H         LINE#         9
  C:4787H         LINE#         10
  C:4791H         LINE#         11
  C:4791H         LINE#         12
  C:4792H         LINE#         13
  C:4794H         LINE#         14
  -------         ENDPROC       _PCF85063BTL_DELAY
  -------         PROC          _SPI_SENDBYTE
  D:0005H         SYMBOL        dat
  -------         DO            
  D:0003H         SYMBOL        i
  -------         ENDDO         
  C:4657H         LINE#         17
  C:4659H         LINE#         18
  C:4659H         LINE#         20
  C:465BH         LINE#         21
  C:465BH         LINE#         22
  C:465DH         LINE#         23
  C:4661H         LINE#         24
  C:4661H         LINE#         25
  C:4663H         LINE#         26
  C:4665H         LINE#         28
  C:4665H         LINE#         29
  C:4667H         LINE#         30
  C:4667H         LINE#         31
  C:466AH         LINE#         32
  C:466AH         LINE#         33
  C:466DH         LINE#         34
  C:4671H         LINE#         35
  C:4676H         LINE#         36
  -------         ENDPROC       _SPI_SENDBYTE
  -------         PROC          SPI_RECEIVEBYTE
  -------         DO            
  D:0003H         SYMBOL        i
  D:0005H         SYMBOL        dat
  -------         ENDDO         
  C:4677H         LINE#         39
  C:4677H         LINE#         40
  C:4677H         LINE#         42
  C:4679H         LINE#         44
  C:467BH         LINE#         45
  C:467CH         LINE#         46
  C:467CH         LINE#         47
  C:4680H         LINE#         48
  C:4682H         LINE#         49
  C:4685H         LINE#         51
  C:4688H         LINE#         52
  C:4688H         LINE#         53
  C:468CH         LINE#         54
  C:468CH         LINE#         55
  C:468CH         LINE#         56
  C:468FH         LINE#         57
  C:4694H         LINE#         58
  C:4696H         LINE#         59
  -------         ENDPROC       SPI_RECEIVEBYTE
  -------         PROC          _SPI_READTIME
  D:0007H         SYMBOL        addr
BL51 BANKED LINKER/LOCATER V6.22                                                      11/05/2018  12:30:16  PAGE 15


  -------         DO            
  D:0006H         SYMBOL        dat
  -------         ENDDO         
  C:47BCH         LINE#         61
  C:47BCH         LINE#         62
  C:47BCH         LINE#         64
  C:47BEH         LINE#         65
  C:47C0H         LINE#         66
  C:47C7H         LINE#         67
  C:47CAH         LINE#         68
  C:47CCH         LINE#         69
  C:47CCH         LINE#         70
  -------         ENDPROC       _SPI_READTIME
  -------         PROC          _SPI_WRITETIME
  D:0002H         SYMBOL        val
  D:0005H         SYMBOL        addr
  C:4726H         LINE#         71
  C:4728H         LINE#         72
  C:4728H         LINE#         74
  C:472AH         LINE#         75
  C:4731H         LINE#         76
  C:4736H         LINE#         77
  C:473BH         LINE#         78
  C:473DH         LINE#         79
  -------         ENDPROC       _SPI_WRITETIME
  -------         PROC          SPI_INIT
  C:481DH         LINE#         83
  C:481DH         LINE#         84
  C:481DH         LINE#         89
  C:4820H         LINE#         90
  C:4823H         LINE#         91
  C:4825H         LINE#         92
  C:4827H         LINE#         93
  C:4829H         LINE#         94
  -------         ENDPROC       SPI_INIT
  -------         PROC          _READ_TIME
  X:03D4H         SYMBOL        months
  X:03D7H         SYMBOL        days
  X:03DAH         SYMBOL        hours
  X:03DDH         SYMBOL        mins
  X:03E0H         SYMBOL        seconds
  C:42B3H         LINE#         96
  C:42BEH         LINE#         97
  C:42BEH         LINE#         99
  C:42D2H         LINE#         101
  C:42E6H         LINE#         103
  C:42FAH         LINE#         108
  C:430EH         LINE#         113
  -------         ENDPROC       _READ_TIME
  -------         PROC          _BCDTODEC
  D:0007H         SYMBOL        bcd
  -------         DO            
  D:0006H         SYMBOL        hi
  D:0007H         SYMBOL        lo
  -------         ENDDO         
  C:47CDH         LINE#         119
  C:47CDH         LINE#         120
BL51 BANKED LINKER/LOCATER V6.22                                                      11/05/2018  12:30:16  PAGE 16


  C:47CDH         LINE#         122
  C:47D2H         LINE#         123
  C:47D6H         LINE#         124
  C:47DDH         LINE#         125
  -------         ENDPROC       _BCDTODEC
  -------         PROC          _DAY_OF_YEAR
  D:0007H         SYMBOL        months_bcd
  D:0005H         SYMBOL        days_bcd
  -------         DO            
  D:0004H         SYMBOL        months
  D:0007H         SYMBOL        days
  -------         ENDDO         
  C:41BAH         LINE#         126
  C:41BAH         LINE#         127
  C:41BAH         LINE#         130
  C:41BFH         LINE#         132
  C:41C4H         LINE#         134
  C:41FDH         LINE#         135
  C:41FDH         LINE#         136
  C:41FDH         LINE#         137
  C:4200H         LINE#         138
  C:4200H         LINE#         139
  C:4200H         LINE#         140
  C:4205H         LINE#         141
  C:4205H         LINE#         142
  C:4205H         LINE#         143
  C:420AH         LINE#         144
  C:420AH         LINE#         145
  C:420AH         LINE#         146
  C:420FH         LINE#         147
  C:420FH         LINE#         148
  C:420FH         LINE#         149
  C:4214H         LINE#         150
  C:4214H         LINE#         151
  C:4214H         LINE#         152
  C:4219H         LINE#         153
  C:4219H         LINE#         154
  C:4219H         LINE#         155
  C:421EH         LINE#         156
  C:421EH         LINE#         157
  C:421EH         LINE#         158
  C:4223H         LINE#         159
  C:4223H         LINE#         160
  C:4223H         LINE#         161
  C:422BH         LINE#         162
  C:422BH         LINE#         163
  C:422BH         LINE#         164
  C:4230H         LINE#         165
  C:4230H         LINE#         166
  C:4230H         LINE#         167
  C:4235H         LINE#         168
  C:4235H         LINE#         169
  C:4235H         LINE#         170
  C:423DH         LINE#         171
  C:423DH         LINE#         172
  C:423DH         LINE#         173
  -------         ENDPROC       _DAY_OF_YEAR
BL51 BANKED LINKER/LOCATER V6.22                                                      11/05/2018  12:30:16  PAGE 17


  -------         ENDMOD        PCF85063BTL

  -------         MODULE        UART1
  C:0000H         SYMBOL        _ICE_DUMMY_
  D:0080H         PUBLIC        P0
  D:0090H         PUBLIC        P1
  D:00A0H         PUBLIC        P2
  D:00B0H         PUBLIC        P3
  D:00C0H         PUBLIC        P4
  D:00C8H         PUBLIC        P5
  B:00A8H.7       PUBLIC        EA
  D:00E8H         PUBLIC        P6
  D:00F8H         PUBLIC        P7
  C:4501H         PUBLIC        _SendString
  D:00A8H         PUBLIC        IE
  B:00A8H.4       PUBLIC        ES
  D:00B8H         PUBLIC        IP
  C:473EH         PUBLIC        _ASCIItoBCD
  D:00D8H         PUBLIC        CCON
  C:47DEH         PUBLIC        initUART1
  D:0098H         PUBLIC        SCON
  D:0088H         PUBLIC        TCON
  C:000AH         PUBLIC        _DectoBCD
  C:4870H         PUBLIC        _ASCII_Letter
  D:008EH         PUBLIC        AUXR
  C:486BH         PUBLIC        _unit
  C:0003H         PUBLIC        _ten
  D:00D6H         PUBLIC        T2H
  D:00D7H         PUBLIC        T2L
  D:00D0H         PUBLIC        PSW
  -------         PROC          INITUART1
  C:47DEH         LINE#         21
  C:47DEH         LINE#         22
  C:47DEH         LINE#         23
  C:47E1H         LINE#         24
  C:47E4H         LINE#         25
  C:47E7H         LINE#         26
  C:47EAH         LINE#         27
  C:47ECH         LINE#         28
  C:47EEH         LINE#         30
  -------         ENDPROC       INITUART1
  -------         PROC          _SENDSTRING
  X:069DH         SYMBOL        s
  C:4501H         LINE#         35
  C:450CH         LINE#         36
  C:450CH         LINE#         37
  C:451CH         LINE#         38
  C:451CH         LINE#         39
  C:4531H         LINE#         40
  C:4533H         LINE#         41
  -------         ENDPROC       _SENDSTRING
  -------         PROC          _TEN
  D:0007H         SYMBOL        BCD
  C:0003H         LINE#         43
  C:0003H         LINE#         44
  C:0003H         LINE#         45
  C:0008H         LINE#         46
BL51 BANKED LINKER/LOCATER V6.22                                                      11/05/2018  12:30:16  PAGE 18


  -------         ENDPROC       _TEN
  -------         PROC          _UNIT
  D:0007H         SYMBOL        BCD
  C:486BH         LINE#         47
  C:486BH         LINE#         48
  C:486BH         LINE#         52
  C:486FH         LINE#         53
  -------         ENDPROC       _UNIT
  -------         PROC          _DECTOBCD
  D:0007H         SYMBOL        dec
  C:000AH         LINE#         54
  C:000AH         LINE#         55
  C:000AH         LINE#         57
  C:000AH         LINE#         58
  -------         ENDPROC       _DECTOBCD
  -------         PROC          _ASCII_LETTER
  D:0007H         SYMBOL        dat
  C:4870H         LINE#         60
  C:4870H         LINE#         61
  C:4870H         LINE#         63
  C:4874H         LINE#         64
  -------         ENDPROC       _ASCII_LETTER
  -------         PROC          _ASCIITOBCD
  D:0001H         SYMBOL        ascii
  -------         DO            
  D:0007H         SYMBOL        dec_val
  D:0006H         SYMBOL        ten
  D:0007H         SYMBOL        unit
  -------         ENDDO         
  C:473EH         LINE#         66
  C:473EH         LINE#         67
  C:473EH         LINE#         69
  C:4741H         LINE#         70
  C:4747H         LINE#         71
  C:474EH         LINE#         72
  C:4754H         LINE#         74
  -------         ENDPROC       _ASCIITOBCD
  -------         ENDMOD        UART1

  -------         MODULE        LCD_DRIVER_SPLC780D
  C:0000H         SYMBOL        _ICE_DUMMY_
  D:0092H         PUBLIC        P1M0
  D:0091H         PUBLIC        P1M1
  D:0080H         PUBLIC        P0
  D:0090H         PUBLIC        P1
  D:00A0H         PUBLIC        P2
  D:00B0H         PUBLIC        P3
  D:00C0H         PUBLIC        P4
  D:00C8H         PUBLIC        P5
  D:00E8H         PUBLIC        P6
  D:00F8H         PUBLIC        P7
  C:423EH         PUBLIC        _WriteData
  D:00A8H         PUBLIC        IE
  D:00B8H         PUBLIC        IP
  D:00D8H         PUBLIC        CCON
  B:0090H.4       PUBLIC        LCD_D4
  B:0090H.5       PUBLIC        LCD_D5
BL51 BANKED LINKER/LOCATER V6.22                                                      11/05/2018  12:30:16  PAGE 19


  B:0090H.6       PUBLIC        LCD_D6
  C:46D3H         PUBLIC        _DisplayLCD
  B:0090H.7       PUBLIC        LCD_D7
  D:0098H         PUBLIC        SCON
  D:0088H         PUBLIC        TCON
  C:484CH         PUBLIC        LCD_clear
  C:4452H         PUBLIC        _Command
  C:000EH         PUBLIC        _Display_Line
  C:4322H         PUBLIC        LCD_Init
  C:4617H         PUBLIC        _Wait_ms
  B:0090H.1       PUBLIC        LCD_RS
  B:0090H.2       PUBLIC        LCD_RW
  C:4842H         PUBLIC        LCD_return_home
  B:0090H.3       PUBLIC        LCD_E
  D:00D0H         PUBLIC        PSW
  -------         PROC          LCD_INIT
  C:4322H         LINE#         9
  C:4322H         LINE#         10
  C:4322H         LINE#         11
  C:4325H         LINE#         12
  C:4328H         LINE#         14
  C:432EH         LINE#         15
  C:4333H         LINE#         17
  C:433AH         LINE#         18
  C:433FH         LINE#         20
  C:4342H         LINE#         21
  C:4347H         LINE#         23
  C:434AH         LINE#         24
  C:434FH         LINE#         26
  C:4356H         LINE#         29
  C:435BH         LINE#         30
  C:4360H         LINE#         32
  C:4365H         LINE#         33
  C:436AH         LINE#         35
  C:436FH         LINE#         36
  C:4374H         LINE#         37
  -------         ENDPROC       LCD_INIT
  -------         PROC          _WRITEDATA
  X:04C8H         SYMBOL        dat
  C:423EH         LINE#         40
  C:4243H         LINE#         41
  C:4243H         LINE#         46
  C:4245H         LINE#         47
  C:4247H         LINE#         49
  C:4255H         LINE#         50
  C:4261H         LINE#         51
  C:426DH         LINE#         52
  C:4277H         LINE#         53
  C:4279H         LINE#         54
  C:4280H         LINE#         55
  C:4282H         LINE#         57
  C:4292H         LINE#         58
  C:429DH         LINE#         59
  C:42A7H         LINE#         60
  C:42ABH         LINE#         62
  C:42ABH         LINE#         63
  C:42AEH         LINE#         64
BL51 BANKED LINKER/LOCATER V6.22                                                      11/05/2018  12:30:16  PAGE 20


  C:42B0H         LINE#         65
  C:42B2H         LINE#         67
  -------         ENDPROC       _WRITEDATA
  -------         PROC          _COMMAND
  D:0007H         SYMBOL        dat
  C:4452H         LINE#         69
  C:4452H         LINE#         70
  C:4452H         LINE#         71
  C:4454H         LINE#         72
  C:4456H         LINE#         74
  C:4460H         LINE#         75
  C:4464H         LINE#         77
  C:4466H         LINE#         78
  C:446FH         LINE#         79
  C:4473H         LINE#         81
  C:4475H         LINE#         82
  C:447CH         LINE#         83
  C:4480H         LINE#         85
  C:4482H         LINE#         86
  C:4486H         LINE#         87
  C:448AH         LINE#         89
  C:448CH         LINE#         90
  C:448CH         LINE#         91
  C:448FH         LINE#         92
  C:4491H         LINE#         93
  -------         ENDPROC       _COMMAND
  C:4613H         SYMBOL        L?0028
  -------         PROC          L?0027
  -------         ENDPROC       L?0027
  C:4613H         SYMBOL        L?0028
  -------         PROC          _WAIT_MS
  D:0006H         SYMBOL        ms
  -------         DO            
  D:0004H         SYMBOL        De_Cnt
  -------         ENDDO         
  C:4617H         LINE#         95
  C:4617H         LINE#         96
  C:4617H         LINE#         98
  C:4621H         LINE#         99
  C:4621H         LINE#         100
  C:4634H         LINE#         101
  C:4634H         LINE#         102
  -------         ENDPROC       _WAIT_MS
  -------         PROC          _DISPLAYLCD
  D:0007H         SYMBOL        BCD
  -------         DO            
  D:0006H         SYMBOL        first_digit
  X:03D4H         SYMBOL        second_digit
  -------         ENDDO         
  C:46D3H         LINE#         103
  C:46D3H         LINE#         104
  C:46D3H         LINE#         106
  C:46DAH         LINE#         107
  C:46E3H         LINE#         109
  C:46E8H         LINE#         111
  -------         ENDPROC       _DISPLAYLCD
  -------         PROC          LCD_RETURN_HOME
BL51 BANKED LINKER/LOCATER V6.22                                                      11/05/2018  12:30:16  PAGE 21


  C:4842H         LINE#         115
  C:4842H         LINE#         116
  C:4842H         LINE#         117
  C:4847H         LINE#         118
  -------         ENDPROC       LCD_RETURN_HOME
  -------         PROC          LCD_CLEAR
  C:484CH         LINE#         121
  C:484CH         LINE#         122
  C:484CH         LINE#         123
  C:4851H         LINE#         124
  -------         ENDPROC       LCD_CLEAR
  -------         PROC          _DISPLAY_LINE
  D:0006H         SYMBOL        line
  C:000EH         LINE#         128
  C:000EH         LINE#         129
  C:000EH         LINE#         130
  C:0014H         LINE#         131
  C:0014H         LINE#         132
  C:0016H         LINE#         133
  C:0016H         LINE#         134
  C:0018H         LINE#         136
  C:0018H         LINE#         137
  C:001DH         LINE#         138
  C:0022H         LINE#         139
  C:0022H         LINE#         140
  -------         ENDPROC       _DISPLAY_LINE
  -------         ENDMOD        LCD_DRIVER_SPLC780D

  -------         MODULE        KEYPAD
  C:0000H         SYMBOL        _ICE_DUMMY_
  D:0093H         PUBLIC        P0M1
  D:0080H         PUBLIC        P0
  D:0090H         PUBLIC        P1
  D:00A0H         PUBLIC        P2
  D:00B0H         PUBLIC        P3
  D:00C0H         PUBLIC        P4
  D:00C8H         PUBLIC        P5
  B:0020H.0       PUBLIC        calib_mode
  D:00E8H         PUBLIC        P6
  D:00F8H         PUBLIC        P7
  D:00A8H         PUBLIC        IE
  C:3521H         PUBLIC        Key_Scan
  D:00B8H         PUBLIC        IP
  D:00D8H         PUBLIC        CCON
  C:482AH         PUBLIC        KeyPad_IO_Init
  C:4697H         PUBLIC        _Delay_ms
  D:0098H         PUBLIC        SCON
  D:0088H         PUBLIC        TCON
  B:0020H.1       PUBLIC        small_move
  B:0020H.2       PUBLIC        move
  B:0020H.3       PUBLIC        direction
  B:0020H.4       PUBLIC        auto_move
  B:0020H.5       PUBLIC        selected_motor
  C:2AC5H         PUBLIC        Key_Process
  D:00D0H         PUBLIC        PSW
  D:0094H         PUBLIC        P0M0
  -------         PROC          _DELAY_MS
BL51 BANKED LINKER/LOCATER V6.22                                                      11/05/2018  12:30:16  PAGE 22


  D:0006H         SYMBOL        ms
  -------         DO            
  D:0004H         SYMBOL        De_Cnt
  -------         ENDDO         
  C:4697H         LINE#         21
  C:4697H         LINE#         22
  C:4697H         LINE#         24
  C:46A1H         LINE#         25
  C:46A1H         LINE#         26
  C:46B4H         LINE#         27
  C:46B4H         LINE#         28
  -------         ENDPROC       _DELAY_MS
  -------         PROC          KEY_SCAN
  -------         DO            
  X:03DAH         SYMBOL        KeyTemp1
  X:03DBH         SYMBOL        KeyTemp2
  X:03DCH         SYMBOL        KeyValue
  -------         ENDDO         
  C:3521H         LINE#         29
  C:3521H         LINE#         30
  C:3521H         LINE#         35
  C:3524H         LINE#         38
  C:3527H         LINE#         40
  C:352FH         LINE#         41
  C:3536H         LINE#         42
  C:3536H         LINE#         44
  C:353BH         LINE#         45
  C:3542H         LINE#         46
  C:3542H         LINE#         49
  C:3545H         LINE#         50
  C:3548H         LINE#         51
  C:354DH         LINE#         52
  C:3551H         LINE#         53
  C:3551H         LINE#         54
  C:3559H         LINE#         55
  C:3559H         LINE#         56
  C:355CH         LINE#         57
  C:3564H         LINE#         58
  C:3566H         LINE#         60
  C:357AH         LINE#         61
  C:357AH         LINE#         62
  C:357AH         LINE#         63
  C:357AH         LINE#         64
  C:3580H         LINE#         66
  C:3582H         LINE#         67
  C:3582H         LINE#         68
  C:3582H         LINE#         69
  C:3588H         LINE#         71
  C:358AH         LINE#         72
  C:358AH         LINE#         73
  C:358AH         LINE#         74
  C:3590H         LINE#         76
  C:3592H         LINE#         77
  C:3592H         LINE#         78
  C:3592H         LINE#         79
  C:3598H         LINE#         81
  C:3598H         LINE#         82
BL51 BANKED LINKER/LOCATER V6.22                                                      11/05/2018  12:30:16  PAGE 23


  C:3598H         LINE#         83
  C:3598H         LINE#         86
  C:359BH         LINE#         87
  C:359EH         LINE#         88
  C:35A6H         LINE#         89
  C:35AAH         LINE#         90
  C:35AAH         LINE#         91
  C:35B2H         LINE#         92
  C:35B2H         LINE#         93
  C:35B5H         LINE#         94
  C:35BDH         LINE#         95
  C:35BFH         LINE#         96
  C:35D3H         LINE#         97
  C:35D3H         LINE#         98
  C:35D3H         LINE#         99
  C:35D3H         LINE#         100
  C:35D9H         LINE#         102
  C:35DBH         LINE#         103
  C:35DBH         LINE#         104
  C:35DBH         LINE#         105
  C:35E1H         LINE#         107
  C:35E3H         LINE#         108
  C:35E3H         LINE#         109
  C:35E3H         LINE#         110
  C:35E9H         LINE#         112
  C:35EBH         LINE#         113
  C:35EBH         LINE#         114
  C:35EBH         LINE#         115
  C:35F0H         LINE#         117
  C:35F0H         LINE#         118
  C:35F0H         LINE#         119
  C:35F0H         LINE#         122
  C:35F3H         LINE#         123
  C:35F6H         LINE#         124
  C:35FEH         LINE#         125
  C:3602H         LINE#         126
  C:3602H         LINE#         127
  C:360AH         LINE#         128
  C:360AH         LINE#         129
  C:360DH         LINE#         130
  C:3615H         LINE#         131
  C:3617H         LINE#         132
  C:362BH         LINE#         133
  C:362BH         LINE#         134
  C:362BH         LINE#         135
  C:362BH         LINE#         136
  C:3631H         LINE#         138
  C:3633H         LINE#         139
  C:3633H         LINE#         140
  C:3633H         LINE#         141
  C:3639H         LINE#         143
  C:363BH         LINE#         144
  C:363BH         LINE#         145
  C:363BH         LINE#         146
  C:3641H         LINE#         148
  C:3643H         LINE#         149
  C:3643H         LINE#         150
BL51 BANKED LINKER/LOCATER V6.22                                                      11/05/2018  12:30:16  PAGE 24


  C:3643H         LINE#         151
  C:3649H         LINE#         153
  C:3649H         LINE#         154
  C:3649H         LINE#         155
  C:3649H         LINE#         159
  C:364CH         LINE#         160
  C:364FH         LINE#         161
  C:3657H         LINE#         162
  C:365BH         LINE#         163
  C:365BH         LINE#         164
  C:3663H         LINE#         165
  C:3663H         LINE#         166
  C:3666H         LINE#         167
  C:366EH         LINE#         168
  C:3670H         LINE#         169
  C:3684H         LINE#         170
  C:3684H         LINE#         171
  C:3684H         LINE#         172
  C:3684H         LINE#         173
  C:368AH         LINE#         175
  C:368CH         LINE#         176
  C:368CH         LINE#         177
  C:368CH         LINE#         178
  C:3692H         LINE#         180
  C:3694H         LINE#         181
  C:3694H         LINE#         182
  C:3694H         LINE#         183
  C:369AH         LINE#         185
  C:369CH         LINE#         186
  C:369CH         LINE#         187
  C:369CH         LINE#         188
  C:36A2H         LINE#         190
  C:36A2H         LINE#         191
  C:36A2H         LINE#         192
  C:36A2H         LINE#         194
  C:36A8H         LINE#         195
  C:36A8H         LINE#         197
  C:36A8H         LINE#         198
  C:36ABH         LINE#         199
  C:36ABH         LINE#         200
  C:36ABH         LINE#         202
  C:36ABH         LINE#         203
  C:36ADH         LINE#         204
  C:36ADH         LINE#         205
  -------         ENDPROC       KEY_SCAN
  -------         PROC          KEY_PROCESS
  -------         DO            
  X:0687H         SYMBOL        KeyCount
  X:0689H         SYMBOL        KeyNum_Old
  X:068AH         SYMBOL        KeyNum
  X:068BH         SYMBOL        PressedKey
  X:03D4H         SYMBOL        d
  D:0004H         SYMBOL        hours
  D:0006H         SYMBOL        mins
  X:03D6H         SYMBOL        months
  X:03D8H         SYMBOL        days
  -------         ENDDO         
BL51 BANKED LINKER/LOCATER V6.22                                                      11/05/2018  12:30:16  PAGE 25


  C:2AC5H         LINE#         206
  C:2AC5H         LINE#         207
  C:2AC5H         LINE#         211
  C:2ACDH         LINE#         212
  C:2AD5H         LINE#         214
  C:2AD8H         LINE#         215
  C:2AD8H         LINE#         216
  C:2ADBH         LINE#         218
  C:2ADBH         LINE#         219
  C:2AE8H         LINE#         220
  C:2AE8H         LINE#         221
  C:2AEBH         LINE#         222
  C:2AEEH         LINE#         224
  C:2AF1H         LINE#         226
  C:2AF1H         LINE#         227
  C:2AFCH         LINE#         228
  C:2AFCH         LINE#         229
  C:2AFFH         LINE#         231
  C:2AFFH         LINE#         232
  C:2B06H         LINE#         233
  C:2B06H         LINE#         234
  C:2B09H         LINE#         236
  C:2B09H         LINE#         237
  C:2B11H         LINE#         238
  C:2B11H         LINE#         239
  C:2B1BH         LINE#         240
  C:2B23H         LINE#         242
  C:2B2CH         LINE#         244
  C:2B2CH         LINE#         253
  C:2B41H         LINE#         254
  C:2B41H         LINE#         255
  C:2B53H         LINE#         256
  C:2B61H         LINE#         257
  C:2B70H         LINE#         258
  C:2B70H         LINE#         260
  C:2B76H         LINE#         264
  C:2B8CH         LINE#         265
  C:2B9DH         LINE#         266
  C:2BB8H         LINE#         267
  C:2BB8H         LINE#         268
  C:2BC8H         LINE#         269
  C:2BD9H         LINE#         270
  C:2BD9H         LINE#         271
  C:2BE1H         LINE#         272
  C:2BE1H         LINE#         273
  C:2BE3H         LINE#         274
  C:2BE5H         LINE#         275
  C:2BE9H         LINE#         276
  C:2BE9H         LINE#         277
  C:2BEBH         LINE#         278
  C:2BEBH         LINE#         282
  C:2C04H         LINE#         283
  C:2C1BH         LINE#         284
  C:2C3BH         LINE#         285
  C:2C3BH         LINE#         286
  C:2C45H         LINE#         287
  C:2C45H         LINE#         288
BL51 BANKED LINKER/LOCATER V6.22                                                      11/05/2018  12:30:16  PAGE 26


  C:2C4EH         LINE#         289
  C:2C4EH         LINE#         290
  C:2C62H         LINE#         291
  C:2C62H         LINE#         292
  C:2C62H         LINE#         293
  C:2C62H         LINE#         294
  C:2C62H         LINE#         295
  C:2C64H         LINE#         297
  C:2C64H         LINE#         298
  C:2C70H         LINE#         299
  C:2C70H         LINE#         300
  C:2C81H         LINE#         301
  C:2C81H         LINE#         302
  C:2C81H         LINE#         303
  C:2C81H         LINE#         304
  C:2C81H         LINE#         306
  C:2C83H         LINE#         308
  C:2C83H         LINE#         309
  C:2C94H         LINE#         310
  C:2C94H         LINE#         311
  C:2C94H         LINE#         312
  C:2C94H         LINE#         313
  C:2C94H         LINE#         315
  C:2C94H         LINE#         317
  C:2C94H         LINE#         318
  C:2C96H         LINE#         320
  C:2C96H         LINE#         321
  C:2CA9H         LINE#         322
  C:2CA9H         LINE#         323
  C:2CBAH         LINE#         324
  C:2CBAH         LINE#         325
  C:2CBAH         LINE#         326
  C:2CBAH         LINE#         327
  C:2CBAH         LINE#         328
  C:2CBCH         LINE#         330
  C:2CBCH         LINE#         331
  C:2CCDH         LINE#         332
  C:2CCDH         LINE#         333
  C:2CDEH         LINE#         334
  C:2CEFH         LINE#         335
  C:2CEFH         LINE#         336
  C:2CEFH         LINE#         337
  C:2CEFH         LINE#         338
  C:2CEFH         LINE#         339
  C:2CF2H         LINE#         340
  C:2CF7H         LINE#         341
  C:2CFCH         LINE#         342
  C:2D01H         LINE#         343
  C:2D06H         LINE#         344
  C:2D0BH         LINE#         345
  C:2D10H         LINE#         346
  C:2D15H         LINE#         347
  C:2D15H         LINE#         349
  C:2D37H         LINE#         350
  C:2D37H         LINE#         351
  C:2D41H         LINE#         352
  C:2D41H         LINE#         353
BL51 BANKED LINKER/LOCATER V6.22                                                      11/05/2018  12:30:16  PAGE 27


  C:2D46H         LINE#         354
  C:2D4FH         LINE#         355
  C:2D66H         LINE#         356
  C:2D66H         LINE#         357
  C:2D76H         LINE#         359
  C:2D76H         LINE#         363
  -------         ENDPROC       KEY_PROCESS
  -------         PROC          KEYPAD_IO_INIT
  C:482AH         LINE#         366
  C:482AH         LINE#         367
  C:482AH         LINE#         368
  C:482DH         LINE#         369
  C:4830H         LINE#         370
  C:4833H         LINE#         371
  C:4835H         LINE#         372
  -------         ENDPROC       KEYPAD_IO_INIT
  -------         ENDMOD        KEYPAD

  -------         MODULE        VCNL4035
  C:0000H         SYMBOL        _ICE_DUMMY_
  D:0080H         PUBLIC        P0
  B:00B0H.2       PUBLIC        I2C_SCK
  D:00B2H         PUBLIC        P3M0
  D:0090H         PUBLIC        P1
  D:00B1H         PUBLIC        P3M1
  D:00A0H         PUBLIC        P2
  D:00B0H         PUBLIC        P3
  D:00C0H         PUBLIC        P4
  D:00C8H         PUBLIC        P5
  D:00E8H         PUBLIC        P6
  D:00F8H         PUBLIC        P7
  D:00A8H         PUBLIC        IE
  C:4865H         PUBLIC        _DisplayLCD_VCNL4035
  D:00B8H         PUBLIC        IP
  D:00D8H         PUBLIC        CCON
  C:47A9H         PUBLIC        I2C_Start
  D:0098H         PUBLIC        SCON
  C:4755H         PUBLIC        I2C_Init
  D:0088H         PUBLIC        TCON
  C:47FFH         PUBLIC        uC_NACK
  C:45F3H         PUBLIC        _Wait_ms_i2c
  C:4635H         PUBLIC        _I2C_SendByte
  C:476CH         PUBLIC        I2C_Stop
  C:43C5H         PUBLIC        _Write_VCNL4035X
  C:4875H         PUBLIC        nop
  C:3F6DH         PUBLIC        _Read_VCNL4035
  C:485FH         PUBLIC        uC_ACK
  C:46F5H         PUBLIC        I2C_ACK
  C:46B5H         PUBLIC        _Wait_ms_iic
  B:00B0H.1       PUBLIC        I2C_SDA
  D:00D0H         PUBLIC        PSW
  C:4568H         PUBLIC        I2C_ReceiveByte
  -------         PROC          _WAIT_MS_IIC
  D:0006H         SYMBOL        ms
  -------         DO            
  D:0004H         SYMBOL        De_Cnt
  -------         ENDDO         
BL51 BANKED LINKER/LOCATER V6.22                                                      11/05/2018  12:30:16  PAGE 28


  C:46B5H         LINE#         5
  C:46B5H         LINE#         6
  C:46B5H         LINE#         8
  C:46BFH         LINE#         9
  C:46BFH         LINE#         10
  C:46D2H         LINE#         11
  C:46D2H         LINE#         12
  -------         ENDPROC       _WAIT_MS_IIC
  C:45EDH         SYMBOL        L?0048
  C:45EFH         SYMBOL        L?0049
  -------         PROC          L?0047
  -------         ENDPROC       L?0047
  C:45EDH         SYMBOL        L?0048
  C:45EFH         SYMBOL        L?0049
  -------         PROC          _WAIT_MS_I2C
  D:0006H         SYMBOL        ms
  -------         DO            
  D:0004H         SYMBOL        De_Cnt
  -------         ENDDO         
  C:45F3H         LINE#         14
  C:45F3H         LINE#         15
  C:45F3H         LINE#         17
  C:45FDH         LINE#         18
  C:45FDH         LINE#         19
  C:4610H         LINE#         20
  C:4610H         LINE#         21
  -------         ENDPROC       _WAIT_MS_I2C
  -------         PROC          NOP
  C:4875H         LINE#         22
  C:4875H         LINE#         23
  C:4875H         LINE#         25
  -------         ENDPROC       NOP
  -------         PROC          I2C_START
  C:47A9H         LINE#         26
  C:47A9H         LINE#         27
  C:47A9H         LINE#         29
  C:47ABH         LINE#         30
  C:47ADH         LINE#         31
  C:47B4H         LINE#         32
  C:47B6H         LINE#         33
  C:47B9H         LINE#         34
  C:47BBH         LINE#         37
  -------         ENDPROC       I2C_START
  -------         PROC          I2C_STOP
  C:476CH         LINE#         39
  C:476CH         LINE#         40
  C:476CH         LINE#         41
  C:476EH         LINE#         42
  C:4770H         LINE#         43
  C:4773H         LINE#         44
  C:4775H         LINE#         45
  C:4777H         LINE#         46
  C:477EH         LINE#         47
  C:4780H         LINE#         50
  -------         ENDPROC       I2C_STOP
  -------         PROC          L?0050
  -------         ENDPROC       L?0050
BL51 BANKED LINKER/LOCATER V6.22                                                      11/05/2018  12:30:16  PAGE 29


  -------         PROC          I2C_ACK
  -------         DO            
  X:03D7H         SYMBOL        i
  D:0003H         SYMBOL        dat
  -------         ENDDO         
  C:46F5H         LINE#         52
  C:46F5H         LINE#         53
  C:46F5H         LINE#         55
  C:46F6H         LINE#         60
  C:46F9H         LINE#         61
  C:46FBH         LINE#         62
  C:46FEH         LINE#         64
  C:4701H         LINE#         65
  C:4701H         LINE#         66
  C:4705H         LINE#         67
  C:4705H         LINE#         70
  C:4705H         LINE#         71
  C:4708H         LINE#         72
  C:4708H         LINE#         73
  C:470AH         LINE#         74
  -------         ENDPROC       I2C_ACK
  -------         PROC          UC_ACK
  -------         DO            
  X:06A0H         SYMBOL        i
  -------         ENDDO         
  C:485FH         LINE#         75
  C:485FH         LINE#         76
  C:485FH         LINE#         78
  C:485FH         LINE#         85
  C:485FH         LINE#         87
  C:485FH         LINE#         89
  C:485FH         LINE#         90
  C:485FH         LINE#         93
  C:4862H         LINE#         94
  C:4864H         LINE#         95
  C:4864H         LINE#         99
  -------         ENDPROC       UC_ACK
  -------         PROC          UC_NACK
  -------         DO            
  X:06A1H         SYMBOL        i
  -------         ENDDO         
  C:47FFH         LINE#         101
  C:47FFH         LINE#         102
  C:47FFH         LINE#         104
  C:47FFH         LINE#         108
  C:4801H         LINE#         111
  C:4801H         LINE#         112
  C:4803H         LINE#         113
  C:4803H         LINE#         115
  C:4803H         LINE#         116
  C:4803H         LINE#         119
  C:4806H         LINE#         120
  C:4808H         LINE#         121
  C:480BH         LINE#         122
  C:480DH         LINE#         123
  C:480DH         LINE#         127
  -------         ENDPROC       UC_NACK
BL51 BANKED LINKER/LOCATER V6.22                                                      11/05/2018  12:30:16  PAGE 30


  -------         PROC          I2C_INIT
  C:4755H         LINE#         129
  C:4755H         LINE#         130
  C:4755H         LINE#         133
  C:4758H         LINE#         134
  C:475BH         LINE#         139
  C:4763H         LINE#         141
  -------         ENDPROC       I2C_INIT
  -------         PROC          _I2C_SENDBYTE
  D:0001H         SYMBOL        dat
  -------         DO            
  D:0003H         SYMBOL        i
  -------         ENDDO         
  C:4635H         LINE#         145
  C:4637H         LINE#         146
  C:4637H         LINE#         149
  C:4639H         LINE#         150
  C:4639H         LINE#         151
  C:463BH         LINE#         153
  C:463FH         LINE#         154
  C:463FH         LINE#         155
  C:4641H         LINE#         156
  C:4643H         LINE#         158
  C:4643H         LINE#         159
  C:4645H         LINE#         160
  C:4645H         LINE#         161
  C:4648H         LINE#         162
  C:464AH         LINE#         164
  C:464EH         LINE#         165
  C:4651H         LINE#         166
  C:4656H         LINE#         167
  -------         ENDPROC       _I2C_SENDBYTE
  -------         PROC          L?0051
  -------         ENDPROC       L?0051
  -------         PROC          I2C_RECEIVEBYTE
  -------         DO            
  D:0003H         SYMBOL        i
  D:0001H         SYMBOL        dat
  -------         ENDDO         
  C:4568H         LINE#         171
  C:4568H         LINE#         172
  C:4568H         LINE#         174
  C:456AH         LINE#         178
  C:456BH         LINE#         179
  C:456BH         LINE#         180
  C:456FH         LINE#         181
  C:4571H         LINE#         182
  C:4574H         LINE#         184
  C:4577H         LINE#         185
  C:4577H         LINE#         186
  C:457BH         LINE#         187
  C:457BH         LINE#         188
  C:457BH         LINE#         189
  C:457EH         LINE#         190
  C:4582H         LINE#         191
  C:4582H         LINE#         192
  C:4584H         LINE#         193
BL51 BANKED LINKER/LOCATER V6.22                                                      11/05/2018  12:30:16  PAGE 31


  C:4586H         LINE#         194
  C:4586H         LINE#         196
  C:458BH         LINE#         197
  C:458DH         LINE#         198
  -------         ENDPROC       I2C_RECEIVEBYTE
  -------         PROC          _WRITE_VCNL4035X
  X:03D4H         SYMBOL        command_code
  X:03D5H         SYMBOL        dat_h
  X:03D6H         SYMBOL        dat_l
  C:43C5H         LINE#         199
  C:43D0H         LINE#         200
  C:43D0H         LINE#         201
  C:43D3H         LINE#         202
  C:43DAH         LINE#         203
  C:43DAH         LINE#         204
  C:43E0H         LINE#         205
  C:43E0H         LINE#         206
  C:43E8H         LINE#         207
  C:43E8H         LINE#         208
  C:43EEH         LINE#         209
  C:43F6H         LINE#         211
  C:43FCH         LINE#         212
  C:4404H         LINE#         214
  C:440AH         LINE#         215
  C:440DH         LINE#         216
  -------         ENDPROC       _WRITE_VCNL4035X
  -------         PROC          _READ_VCNL4035
  X:0690H         SYMBOL        command_code
  -------         DO            
  X:0692H         SYMBOL        temp_dat
  X:0694H         SYMBOL        temp_dat_l
  X:0696H         SYMBOL        temp_dat_h
  -------         ENDDO         
  C:3F6DH         LINE#         218
  C:3F75H         LINE#         219
  C:3F75H         LINE#         220
  C:3F82H         LINE#         222
  C:3F85H         LINE#         223
  C:3F88H         LINE#         224
  C:3F8DH         LINE#         226
  C:3F93H         LINE#         227
  C:3F93H         LINE#         228
  C:3F93H         LINE#         229
  C:3F93H         LINE#         230
  C:3F9EH         LINE#         231
  C:3FA1H         LINE#         232
  C:3FA4H         LINE#         233
  C:3FA4H         LINE#         236
  C:3FA7H         LINE#         238
  C:3FAEH         LINE#         239
  C:3FAEH         LINE#         240
  C:3FAEH         LINE#         241
  C:3FB9H         LINE#         242
  C:3FBCH         LINE#         243
  C:3FBFH         LINE#         244
  C:3FC2H         LINE#         245
  C:3FC5H         LINE#         246
BL51 BANKED LINKER/LOCATER V6.22                                                      11/05/2018  12:30:16  PAGE 32


  C:3FC8H         LINE#         247
  C:3FCBH         LINE#         248
  C:3FCEH         LINE#         249
  C:3FD1H         LINE#         250
  C:3FD1H         LINE#         251
  C:3FD7H         LINE#         252
  C:3FD7H         LINE#         253
  C:3FE0H         LINE#         255
  C:3FE0H         LINE#         256
  C:3FE6H         LINE#         257
  C:3FE6H         LINE#         259
  C:3FE8H         LINE#         260
  C:3FEEH         LINE#         261
  C:3FF1H         LINE#         262
  C:3FF8H         LINE#         263
  C:3FF8H         LINE#         264
  C:4006H         LINE#         265
  -------         ENDPROC       _READ_VCNL4035
  -------         PROC          _DISPLAYLCD_VCNL4035
  X:06A2H         SYMBOL        dat
  C:4865H         LINE#         267
  C:486AH         LINE#         268
  C:486AH         LINE#         270
  -------         ENDPROC       _DISPLAYLCD_VCNL4035
  -------         ENDMOD        VCNL4035

  -------         MODULE        BIPOLARMOTOR
  C:0000H         SYMBOL        _ICE_DUMMY_
  D:0080H         PUBLIC        P0
  D:0090H         PUBLIC        P1
  D:00A0H         PUBLIC        P2
  D:00B0H         PUBLIC        P3
  D:00C0H         PUBLIC        P4
  D:00C8H         PUBLIC        P5
  D:00E8H         PUBLIC        P6
  D:00F8H         PUBLIC        P7
  D:00A8H         PUBLIC        IE
  C:38DBH         PUBLIC        linear_interpolate
  C:4007H         PUBLIC        _Move_2ndMotor
  X:0000H         PUBLIC        RX_angle
  C:3BA3H         PUBLIC        _Move
  D:00B8H         PUBLIC        IP
  C:31E2H         PUBLIC        _findDet3x3
  C:2805H         PUBLIC        _findDet4x4
  D:00D8H         PUBLIC        CCON
  X:01B8H         PUBLIC        previous_move_time
  C:45BAH         PUBLIC        _Step_move_2ndMotor
  X:01B9H         PUBLIC        lcd
  D:0098H         PUBLIC        SCON
  D:0088H         PUBLIC        TCON
  C:458EH         PUBLIC        _Step_move
  C:0026H         PUBLIC        _Update_position
  X:01BBH         PUBLIC        date_azimuth_mapping_symmetry_side
  X:01CFH         PUBLIC        elevation_stamp
  X:01FBH         PUBLIC        date_azimuth_mapping
  X:020FH         PUBLIC        RX_pos
  C:4715H         PUBLIC        _BCDtoDec1
BL51 BANKED LINKER/LOCATER V6.22                                                      11/05/2018  12:30:16  PAGE 33


  C:2FE1H         PUBLIC        _Display_Pos
  X:03C7H         PUBLIC        degree
  D:00D0H         PUBLIC        PSW
  C:470BH         SYMBOL        L?0124
  C:470EH         SYMBOL        L?0125
  -------         PROC          L?0123
  -------         ENDPROC       L?0123
  C:470BH         SYMBOL        L?0124
  C:470EH         SYMBOL        L?0125
  -------         PROC          _BCDTODEC1
  D:0007H         SYMBOL        bcd
  -------         DO            
  D:0006H         SYMBOL        hi
  D:0007H         SYMBOL        lo
  -------         ENDDO         
  C:4715H         LINE#         31
  C:4715H         LINE#         32
  C:4715H         LINE#         34
  C:471AH         LINE#         35
  C:471EH         LINE#         36
  C:4725H         LINE#         37
  -------         ENDPROC       _BCDTODEC1
  -------         PROC          _STEP_MOVE
  X:04BDH         SYMBOL        step
  B:0021H.1       SYMBOL        dir
  -------         DO            
  X:04BFH         SYMBOL        i
  -------         ENDDO         
  C:458EH         LINE#         43
  C:4596H         LINE#         44
  C:4596H         LINE#         45
  C:459BH         LINE#         46
  C:459EH         LINE#         47
  C:45A3H         LINE#         49
  C:45A6H         LINE#         52
  C:45A6H         LINE#         53
  C:45A9H         LINE#         54
  C:45B0H         LINE#         55
  C:45B3H         LINE#         56
  -------         ENDPROC       _STEP_MOVE
  -------         PROC          _STEP_MOVE_2NDMOTOR
  X:04B9H         SYMBOL        step
  B:0021H.1       SYMBOL        dir
  -------         DO            
  X:04BBH         SYMBOL        i
  -------         ENDDO         
  C:45BAH         LINE#         62
  C:45C2H         LINE#         63
  C:45C2H         LINE#         64
  C:45C7H         LINE#         65
  C:45CAH         LINE#         66
  C:45CFH         LINE#         68
  C:45D2H         LINE#         71
  C:45D2H         LINE#         72
  C:45D5H         LINE#         73
  C:45DCH         LINE#         74
  C:45DFH         LINE#         75
BL51 BANKED LINKER/LOCATER V6.22                                                      11/05/2018  12:30:16  PAGE 34


  -------         ENDPROC       _STEP_MOVE_2NDMOTOR
  -------         PROC          _MOVE_2NDMOTOR
  D:0004H         SYMBOL        angle_distance
  B:0021H.0       SYMBOL        direction
  X:04B1H         SYMBOL        current_angle
  -------         DO            
  X:04B5H         SYMBOL        step
  X:04B7H         SYMBOL        i
  -------         ENDDO         
  C:4007H         LINE#         79
  C:4007H         LINE#         80
  C:4007H         LINE#         82
  C:401DH         LINE#         85
  C:4037H         LINE#         86
  C:4037H         LINE#         87
  C:403EH         LINE#         88
  C:4055H         LINE#         89
  C:4059H         LINE#         91
  C:4064H         LINE#         92
  C:4077H         LINE#         93
  C:4077H         LINE#         94
  C:407CH         LINE#         95
  C:4081H         LINE#         96
  C:4083H         LINE#         97
  C:4089H         LINE#         98
  C:4089H         LINE#         99
  C:409AH         LINE#         100
  -------         ENDPROC       _MOVE_2NDMOTOR
  -------         PROC          _MOVE
  X:04ADH         SYMBOL        distance
  B:0021H.0       SYMBOL        direction
  X:04B1H         SYMBOL        current_position
  -------         DO            
  X:04B5H         SYMBOL        step
  X:04B9H         SYMBOL        i
  -------         ENDDO         
  C:3BA3H         LINE#         102
  C:3BA9H         LINE#         103
  C:3BA9H         LINE#         106
  C:3BCBH         LINE#         107
  C:3BF8H         LINE#         108
  C:3BF8H         LINE#         109
  C:3C09H         LINE#         110
  C:3C20H         LINE#         111
  C:3C24H         LINE#         113
  C:3C2FH         LINE#         114
  C:3C59H         LINE#         115
  C:3C59H         LINE#         116
  C:3C5EH         LINE#         117
  C:3C63H         LINE#         118
  C:3C65H         LINE#         119
  C:3C6BH         LINE#         120
  C:3C6BH         LINE#         121
  C:3C8DH         LINE#         122
  -------         ENDPROC       _MOVE
  C:31C3H         SYMBOL        L?0121
  C:31D7H         SYMBOL        L?0122
BL51 BANKED LINKER/LOCATER V6.22                                                      11/05/2018  12:30:16  PAGE 35


  -------         PROC          L?0120
  -------         ENDPROC       L?0120
  C:31C3H         SYMBOL        L?0121
  C:31D7H         SYMBOL        L?0122
  -------         PROC          _FINDDET3X3
  X:0645H         SYMBOL        a11
  X:0649H         SYMBOL        a12
  X:064DH         SYMBOL        a13
  X:0651H         SYMBOL        a21
  X:0655H         SYMBOL        a22
  X:0659H         SYMBOL        a23
  X:065DH         SYMBOL        a31
[...]
  C:1C67H         LINE#         85
  C:1C86H         LINE#         86
  C:1C9DH         LINE#         87
  C:1CB4H         LINE#         88
  C:1CCBH         LINE#         89
  C:1D54H         LINE#         91
  C:1D6EH         LINE#         92
  C:1DD0H         LINE#         93
  C:1E06H         LINE#         94
  C:1E18H         LINE#         95
  C:1E45H         LINE#         96
  C:1E72H         LINE#         98
  C:1E94H         LINE#         100
  C:1ECCH         LINE#         103
  C:1ECCH         LINE#         104
  C:1EDAH         LINE#         105
  -------         ENDPROC       SUNPOS
  -------         ENDMOD        SUNPOS

  -------         MODULE        ADC
  C:0000H         SYMBOL        _ICE_DUMMY_
  D:0092H         PUBLIC        P1M0
  D:0091H         PUBLIC        P1M1
  D:0080H         PUBLIC        P0
  D:0090H         PUBLIC        P1
  D:00A0H         PUBLIC        P2
BL51 BANKED LINKER/LOCATER V6.22                                                      11/05/2018  12:30:16  PAGE 42


  D:00B0H         PUBLIC        P3
  D:00C0H         PUBLIC        P4
  D:00C8H         PUBLIC        P5
  D:00E8H         PUBLIC        P6
  D:00F8H         PUBLIC        P7
  D:00A8H         PUBLIC        IE
  D:00BDH         PUBLIC        ADC_RES
  D:00B8H         PUBLIC        IP
  D:00D8H         PUBLIC        CCON
  D:00BCH         PUBLIC        ADC_CONTR
  D:0098H         PUBLIC        SCON
  D:0088H         PUBLIC        TCON
  C:47EFH         PUBLIC        ADC_Init
  C:4534H         PUBLIC        _ADC_GetResult
  D:009DH         PUBLIC        P1ASF
  D:00BEH         PUBLIC        ADC_RESL
  D:00D0H         PUBLIC        PSW
  -------         PROC          ADC_INIT
  C:47EFH         LINE#         5
  C:47EFH         LINE#         6
  C:47EFH         LINE#         8
  C:47F2H         LINE#         9
  C:47F5H         LINE#         11
  C:47F8H         LINE#         13
  C:47FBH         LINE#         15
  C:47FEH         LINE#         17
  -------         ENDPROC       ADC_INIT
  -------         PROC          _ADC_GETRESULT
  D:0007H         SYMBOL        ch
  -------         DO            
  D:0006H         SYMBOL        ADC_Value
  -------         ENDDO         
  C:4534H         LINE#         20
  C:4534H         LINE#         21
  C:4534H         LINE#         23
  C:4539H         LINE#         24
  C:453AH         LINE#         25
  C:453BH         LINE#         26
  C:453CH         LINE#         27
  C:453DH         LINE#         28
  C:4542H         LINE#         29
  C:4545H         LINE#         30
  C:4549H         LINE#         31
  C:4559H         LINE#         32
  C:455AH         LINE#         33
  C:455BH         LINE#         34
  C:455CH         LINE#         35
  C:455DH         LINE#         36
  C:455EH         LINE#         37
  C:455FH         LINE#         38
  C:4560H         LINE#         39
  C:4561H         LINE#         40
  C:4561H         LINE#         41
  -------         ENDPROC       _ADC_GETRESULT
  -------         ENDMOD        ADC

  -------         MODULE        CALIBRATION
BL51 BANKED LINKER/LOCATER V6.22                                                      11/05/2018  12:30:16  PAGE 43


  C:0000H         SYMBOL        _ICE_DUMMY_
  D:0080H         PUBLIC        P0
  D:0090H         PUBLIC        P1
  D:00A0H         PUBLIC        P2
  D:00B0H         PUBLIC        P3
  D:00C0H         PUBLIC        P4
  D:00C8H         PUBLIC        P5
  D:00E8H         PUBLIC        P6
  D:00F8H         PUBLIC        P7
  C:409BH         PUBLIC        _Max_Value
  D:00A8H         PUBLIC        IE
  C:3A9DH         PUBLIC        _calibration
  C:3D69H         PUBLIC        voltage_is_stable
  D:00B8H         PUBLIC        IP
  D:00D8H         PUBLIC        CCON
  D:0098H         PUBLIC        SCON
  D:0088H         PUBLIC        TCON
  C:2D77H         PUBLIC        _Find_Real_Max
  D:00D0H         PUBLIC        PSW
  -------         PROC          VOLTAGE_IS_STABLE
  -------         DO            
  X:03EBH         SYMBOL        sample_voltage
  X:03FFH         SYMBOL        i
  X:0401H         SYMBOL        ch
  -------         ENDDO         
  C:3D69H         LINE#         17
  C:3D69H         LINE#         18
  C:3D69H         LINE#         20
  C:3D70H         LINE#         21
  C:3D76H         LINE#         22
  C:3D76H         LINE#         23
  C:3D9FH         LINE#         24
  C:3DBEH         LINE#         26
  C:3DD8H         LINE#         27
  C:3DD8H         LINE#         28
  C:3E0BH         LINE#         29
  C:3E0FH         LINE#         30
  C:3E1FH         LINE#         31
  C:3E23H         LINE#         32
  -------         ENDPROC       VOLTAGE_IS_STABLE
  -------         PROC          _FIND_REAL_MAX
  X:03EBH         SYMBOL        current_position
  -------         DO            
  X:03EEH         SYMBOL        ch
  X:03EFH         SYMBOL        calib_step_move
  X:03F3H         SYMBOL        voltage_at_scanned_pos
  X:0443H         SYMBOL        max_location
  X:0445H         SYMBOL        i
  -------         ENDDO         
  C:2D77H         LINE#         33
  C:2D82H         LINE#         34
  C:2D82H         LINE#         35
  C:2D85H         LINE#         36
  C:2D8DH         LINE#         41
  C:2D95H         LINE#         42
  C:2D95H         LINE#         43
  C:2DBCH         LINE#         44
BL51 BANKED LINKER/LOCATER V6.22                                                      11/05/2018  12:30:16  PAGE 44


  C:2DE2H         LINE#         45
  C:2E0AH         LINE#         46
  C:2E11H         LINE#         47
  C:2E33H         LINE#         49
  C:2E54H         LINE#         50
  C:2E7BH         LINE#         51
  C:2E82H         LINE#         53
  C:2E8AH         LINE#         54
  C:2E8AH         LINE#         56
  C:2EB1H         LINE#         57
  C:2ED7H         LINE#         58
  C:2EFFH         LINE#         59
  C:2F06H         LINE#         60
  C:2F28H         LINE#         62
  C:2F39H         LINE#         64
  C:2F7AH         LINE#         65
  C:2FCFH         LINE#         66
  -------         ENDPROC       _FIND_REAL_MAX
  -------         PROC          _MAX_VALUE
  D:0001H         SYMBOL        input
  -------         DO            
  D:0004H         SYMBOL        max
  X:0447H         SYMBOL        max_location
  X:0449H         SYMBOL        i
  -------         ENDDO         
  C:409BH         LINE#         71
  C:409BH         LINE#         72
  C:409BH         LINE#         73
  C:40A2H         LINE#         75
  C:40B6H         LINE#         76
  C:40B6H         LINE#         77
  C:40ECH         LINE#         78
  C:4106H         LINE#         79
  C:4115H         LINE#         80
  C:4125H         LINE#         81
  C:412DH         LINE#         83
  -------         ENDPROC       _MAX_VALUE
  -------         PROC          _CALIBRATION
  X:03D4H         SYMBOL        mnths
  X:03D5H         SYMBOL        dys
  X:03D6H         SYMBOL        hurs
  X:03D7H         SYMBOL        mns
  X:03D8H         SYMBOL        sconds
  X:03D9H         SYMBOL        currnt_pos
  X:03DCH         SYMBOL        current_angle
  -------         DO            
  X:03DFH         SYMBOL        calib_value
  X:03E3H         SYMBOL        JP_max_pos
  X:03E7H         SYMBOL        JP_max_angle
  -------         ENDDO         
  C:3A9DH         LINE#         85
  C:3AA8H         LINE#         88
  C:3AA8H         LINE#         89
  C:3AB2H         LINE#         90
  C:3ADAH         LINE#         92
  C:3AE4H         LINE#         93
  C:3AE4H         LINE#         95
BL51 BANKED LINKER/LOCATER V6.22                                                      11/05/2018  12:30:16  PAGE 45


  C:3B28H         LINE#         97
  C:3B44H         LINE#         98
  C:3B4DH         LINE#         99
  C:3B72H         LINE#         100
  C:3B8EH         LINE#         101
  C:3B9DH         LINE#         102
  C:3B9DH         LINE#         104
  C:3BA2H         LINE#         105
  -------         ENDPROC       _CALIBRATION
  -------         ENDMOD        CALIBRATION

  -------         MODULE        ?C_STARTUP
  C:412EH         SEGMENT       ?C_C51STARTUP
  I:0022H         SEGMENT       ?STACK
  C:0000H         PUBLIC        ?C_STARTUP
  D:00E0H         SYMBOL        ACC
  D:00F0H         SYMBOL        B
  D:0083H         SYMBOL        DPH
  D:0082H         SYMBOL        DPL
  N:0000H         SYMBOL        IBPSTACK
  N:0100H         SYMBOL        IBPSTACKTOP
  N:0080H         SYMBOL        IDATALEN
  C:4131H         SYMBOL        IDATALOOP
  N:0000H         SYMBOL        PBPSTACK
  N:0100H         SYMBOL        PBPSTACKTOP
  N:0000H         SYMBOL        PDATALEN
  N:0000H         SYMBOL        PDATASTART
  N:0000H         SYMBOL        PPAGE
  N:0000H         SYMBOL        PPAGEENABLE
  D:00A0H         SYMBOL        PPAGE_SFR
  D:0081H         SYMBOL        SP
  C:412EH         SYMBOL        STARTUP1
  N:0000H         SYMBOL        XBPSTACK
  N:0000H         SYMBOL        XBPSTACKTOP
  N:0000H         SYMBOL        XDATALEN
  N:0000H         SYMBOL        XDATASTART
  C:0000H         LINE#         126
  C:412EH         LINE#         133
  C:4130H         LINE#         134
  C:4131H         LINE#         135
  C:4132H         LINE#         136
  C:4134H         LINE#         185
  C:4137H         LINE#         196
  -------         ENDMOD        ?C_STARTUP

  -------         MODULE        ?C?FPADD
  C:0E35H         PUBLIC        ?C?FPADD
  C:0E31H         PUBLIC        ?C?FPSUB
  -------         ENDMOD        ?C?FPADD

  -------         MODULE        ?C?FPMUL
  C:0F26H         PUBLIC        ?C?FPMUL
  -------         ENDMOD        ?C?FPMUL

  -------         MODULE        ?C?FPDIV
  C:102FH         PUBLIC        ?C?FPDIV
  -------         ENDMOD        ?C?FPDIV
BL51 BANKED LINKER/LOCATER V6.22                                                      11/05/2018  12:30:16  PAGE 46



  -------         MODULE        ?C?FPCMP
  C:10CEH         PUBLIC        ?C?FPCMP
  C:10CCH         PUBLIC        ?C?FPCMP3
  -------         ENDMOD        ?C?FPCMP

  -------         MODULE        ?C?FPNEG
  C:1145H         PUBLIC        ?C?FPNEG
  -------         ENDMOD        ?C?FPNEG

  -------         MODULE        ?C?FCAST
  C:1160H         PUBLIC        ?C?FCASTC
  C:115BH         PUBLIC        ?C?FCASTI
  C:1156H         PUBLIC        ?C?FCASTL
  -------         ENDMOD        ?C?FCAST

  -------         MODULE        ?C?CASTF
  C:1194H         PUBLIC        ?C?CASTF
  -------         ENDMOD        ?C?CASTF

  -------         MODULE        ATAN2
  X:050AH         PUBLIC        ?_atan2?BYTE
  C:3ED0H         PUBLIC        _atan2
  -------         ENDMOD        ATAN2

  -------         MODULE        SIN
  C:36F6H         PUBLIC        _COS
  C:370CH         PUBLIC        _SIN
  C:3748H         PUBLIC        _TAN
  -------         ENDMOD        SIN

  -------         MODULE        ACOS
  C:437BH         PUBLIC        _ACOS
  -------         ENDMOD        ACOS

  -------         MODULE        ASIN
  C:4492H         PUBLIC        _ASIN
  -------         ENDMOD        ASIN

  -------         MODULE        SQRT
  C:3E28H         PUBLIC        _SQRT
  -------         ENDMOD        SQRT

  -------         MODULE        ATAN
  C:399BH         PUBLIC        _ATAN
  -------         ENDMOD        ATAN

  -------         MODULE        ?C?COPY
  C:1332H         PUBLIC        ?C?COPY
  -------         ENDMOD        ?C?COPY

  -------         MODULE        ?C?CLDPTR
  C:1358H         PUBLIC        ?C?CLDPTR
  -------         ENDMOD        ?C?CLDPTR

  -------         MODULE        ?C?CSTPTR
  C:1371H         PUBLIC        ?C?CSTPTR
BL51 BANKED LINKER/LOCATER V6.22                                                      11/05/2018  12:30:16  PAGE 47


  -------         ENDMOD        ?C?CSTPTR

  -------         MODULE        ?C?IMUL
  C:1383H         PUBLIC        ?C?IMUL
  -------         ENDMOD        ?C?IMUL

  -------         MODULE        ?C?UIDIV
  C:1395H         PUBLIC        ?C?UIDIV
  -------         ENDMOD        ?C?UIDIV

  -------         MODULE        ?C?SIDIV
  C:13EAH         PUBLIC        ?C?SIDIV
  -------         ENDMOD        ?C?SIDIV

  -------         MODULE        ?C?ILDIX
  C:1420H         PUBLIC        ?C?ILDIX
  -------         ENDMOD        ?C?ILDIX

  -------         MODULE        ?C?ILDOPTR
  C:1436H         PUBLIC        ?C?ILDOPTR
  -------         ENDMOD        ?C?ILDOPTR

  -------         MODULE        ?C?LMUL
  C:146EH         PUBLIC        ?C?LMUL
  -------         ENDMOD        ?C?LMUL

  -------         MODULE        ?C?ULDIV
  C:14F9H         PUBLIC        ?C?ULDIV
  -------         ENDMOD        ?C?ULDIV

  -------         MODULE        ?C?SLDIV
  C:440EH         PUBLIC        ?C?SLDIV
  -------         ENDMOD        ?C?SLDIV

  -------         MODULE        ?C?LNEG
  C:158BH         PUBLIC        ?C?LNEG
  -------         ENDMOD        ?C?LNEG

  -------         MODULE        ?C?ULCMP
  C:1599H         PUBLIC        ?C?ULCMP
  -------         ENDMOD        ?C?ULCMP

  -------         MODULE        ?C?LLDPTR
  C:15AAH         PUBLIC        ?C?LLDPTR
  -------         ENDMOD        ?C?LLDPTR

  -------         MODULE        ?C?LLDOPTR
  C:15CAH         PUBLIC        ?C?LLDOPTR
  -------         ENDMOD        ?C?LLDOPTR

  -------         MODULE        ?C?LSTPTR
  C:15FAH         PUBLIC        ?C?LSTPTR
  -------         ENDMOD        ?C?LSTPTR

  -------         MODULE        ?C?LSTOPTR
  C:1614H         PUBLIC        ?C?LSTOPTR
  -------         ENDMOD        ?C?LSTOPTR
BL51 BANKED LINKER/LOCATER V6.22                                                      11/05/2018  12:30:16  PAGE 48



  -------         MODULE        ?C?LLDXDATA
  C:1638H         PUBLIC        ?C?LLDXDATA
  -------         ENDMOD        ?C?LLDXDATA

  -------         MODULE        ?C?LLDCODE
  C:1644H         PUBLIC        ?C?LLDCODE
  -------         ENDMOD        ?C?LLDCODE

  -------         MODULE        ?C?LLDXDATA0
  C:1654H         PUBLIC        ?C?LLDXDATA0
  -------         ENDMOD        ?C?LLDXDATA0

  -------         MODULE        ?C?LLDCODE0
  C:1660H         PUBLIC        ?C?LLDCODE0
  -------         ENDMOD        ?C?LLDCODE0

  -------         MODULE        ?C?LLDPTR0
  C:1670H         PUBLIC        ?C?LLDPTR0
  -------         ENDMOD        ?C?LLDPTR0

  -------         MODULE        ?C?LSTXDATA
  C:1690H         PUBLIC        ?C?LSTXDATA
  -------         ENDMOD        ?C?LSTXDATA

  -------         MODULE        ?C?LSTKXDATA
  C:169CH         PUBLIC        ?C?LSTKXDATA
  -------         ENDMOD        ?C?LSTKXDATA

  -------         MODULE        ?C?OFFXADD
  C:16CDH         PUBLIC        ?C?OFFXADD
  -------         ENDMOD        ?C?OFFXADD

  -------         MODULE        ABS
  C:4836H         PUBLIC        _ABS
  -------         ENDMOD        ABS

  -------         MODULE        ATOI
  C:3C8EH         PUBLIC        _atoi
  -------         ENDMOD        ATOI

  -------         MODULE        ?C?IILDX
  C:16D9H         PUBLIC        ?C?IILDX
  -------         ENDMOD        ?C?IILDX

  -------         MODULE        ?C?LLDIDATA
  C:16EFH         PUBLIC        ?C?LLDIDATA
  -------         ENDMOD        ?C?LLDIDATA

  -------         MODULE        ?C?LLDPDATA
  C:16FBH         PUBLIC        ?C?LLDPDATA
  -------         ENDMOD        ?C?LLDPDATA

  -------         MODULE        ?C?LLDIDATA0
  C:1707H         PUBLIC        ?C?LLDIDATA0
  -------         ENDMOD        ?C?LLDIDATA0

BL51 BANKED LINKER/LOCATER V6.22                                                      11/05/2018  12:30:16  PAGE 49


  -------         MODULE        ?C?LLDPDATA0
  C:1714H         PUBLIC        ?C?LLDPDATA0
  -------         ENDMOD        ?C?LLDPDATA0

  -------         MODULE        ?C?LSTIDATA
  C:1721H         PUBLIC        ?C?LSTIDATA
  -------         ENDMOD        ?C?LSTIDATA

  -------         MODULE        ?C?LSTPDATA
  C:172DH         PUBLIC        ?C?LSTPDATA
  -------         ENDMOD        ?C?LSTPDATA

  -------         MODULE        ISDIGIT
  C:480EH         PUBLIC        _isdigit
  -------         ENDMOD        ISDIGIT

  -------         MODULE        ISSPACE
  C:4795H         PUBLIC        _isspace
  -------         ENDMOD        ISSPACE

*** WARNING L16: UNCALLED SEGMENT, IGNORED FOR OVERLAY PROCESS
    SEGMENT: ?PR?_CALIB_INTERPOLATE?MAIN

*** WARNING L16: UNCALLED SEGMENT, IGNORED FOR OVERLAY PROCESS
    SEGMENT: ?PR?INITUART1?UART1

*** WARNING L16: UNCALLED SEGMENT, IGNORED FOR OVERLAY PROCESS
    SEGMENT: ?PR?_SENDSTRING?UART1

*** WARNING L16: UNCALLED SEGMENT, IGNORED FOR OVERLAY PROCESS
    SEGMENT: ?PR?_TEN?UART1

*** WARNING L16: UNCALLED SEGMENT, IGNORED FOR OVERLAY PROCESS
    SEGMENT: ?PR?_UNIT?UART1

*** WARNING L16: UNCALLED SEGMENT, IGNORED FOR OVERLAY PROCESS
    SEGMENT: ?PR?_DECTOBCD?UART1

*** WARNING L16: UNCALLED SEGMENT, IGNORED FOR OVERLAY PROCESS
    SEGMENT: ?PR?_ASCII_LETTER?UART1

*** WARNING L16: UNCALLED SEGMENT, IGNORED FOR OVERLAY PROCESS
    SEGMENT: ?PR?_ASCIITOBCD?UART1

*** WARNING L16: UNCALLED SEGMENT, IGNORED FOR OVERLAY PROCESS
    SEGMENT: ?PR?NOP?VCNL4035

*** WARNING L16: UNCALLED SEGMENT, IGNORED FOR OVERLAY PROCESS
    SEGMENT: ?PR?_READ_VCNL4035?VCNL4035

*** WARNING L16: UNCALLED SEGMENT, IGNORED FOR OVERLAY PROCESS
    SEGMENT: ?PR?_DISPLAYLCD_VCNL4035?VCNL4035

*** WARNING L16: UNCALLED SEGMENT, IGNORED FOR OVERLAY PROCESS
    SEGMENT: ?PR?_FINDDET4X4?BIPOLARMOTOR

*** WARNING L1: UNRESOLVED EXTERNAL SYMBOL
BL51 BANKED LINKER/LOCATER V6.22                                                      11/05/2018  12:30:16  PAGE 50


    SYMBOL:  DIRECTION_ROTATION
    MODULE:  .\Obj\main.obj (MAIN)

*** WARNING L1: UNRESOLVED EXTERNAL SYMBOL
    SYMBOL:  AUTO_MODE
    MODULE:  .\Obj\main.obj (MAIN)

*** WARNING L2: REFERENCE MADE TO UNRESOLVED EXTERNAL
    SYMBOL:  AUTO_MODE
    MODULE:  .\Obj\main.obj (MAIN)
    ADDRESS: 1EEFH

*** WARNING L2: REFERENCE MADE TO UNRESOLVED EXTERNAL
    SYMBOL:  AUTO_MODE
    MODULE:  .\Obj\main.obj (MAIN)
    ADDRESS: 1F4AH

*** WARNING L2: REFERENCE MADE TO UNRESOLVED EXTERNAL
    SYMBOL:  AUTO_MODE
    MODULE:  .\Obj\main.obj (MAIN)
    ADDRESS: 2034H

*** WARNING L2: REFERENCE MADE TO UNRESOLVED EXTERNAL
    SYMBOL:  AUTO_MODE
    MODULE:  .\Obj\main.obj (MAIN)
    ADDRESS: 2042H

*** WARNING L2: REFERENCE MADE TO UNRESOLVED EXTERNAL
    SYMBOL:  AUTO_MODE
    MODULE:  .\Obj\main.obj (MAIN)
    ADDRESS: 205AH

*** WARNING L2: REFERENCE MADE TO UNRESOLVED EXTERNAL
    SYMBOL:  AUTO_MODE
    MODULE:  .\Obj\main.obj (MAIN)
    ADDRESS: 209FH

*** WARNING L2: REFERENCE MADE TO UNRESOLVED EXTERNAL
    SYMBOL:  AUTO_MODE
    MODULE:  .\Obj\main.obj (MAIN)
    ADDRESS: 20ECH

*** WARNING L2: REFERENCE MADE TO UNRESOLVED EXTERNAL
    SYMBOL:  DIRECTION_ROTATION
    MODULE:  .\Obj\main.obj (MAIN)
    ADDRESS: 20F6H

*** WARNING L2: REFERENCE MADE TO UNRESOLVED EXTERNAL
    SYMBOL:  AUTO_MODE
    MODULE:  .\Obj\main.obj (MAIN)
    ADDRESS: 212EH

*** WARNING L2: REFERENCE MADE TO UNRESOLVED EXTERNAL
    SYMBOL:  DIRECTION_ROTATION
    MODULE:  .\Obj\main.obj (MAIN)
    ADDRESS: 2138H

BL51 BANKED LINKER/LOCATER V6.22                                                      11/05/2018  12:30:16  PAGE 51


*** WARNING L2: REFERENCE MADE TO UNRESOLVED EXTERNAL
    SYMBOL:  AUTO_MODE
    MODULE:  .\Obj\main.obj (MAIN)
    ADDRESS: 2239H

*** WARNING L1: UNRESOLVED EXTERNAL SYMBOL
    SYMBOL:  AUTO_MODE
    MODULE:  .\Obj\KeyPad.obj (KEYPAD)

*** WARNING L2: REFERENCE MADE TO UNRESOLVED EXTERNAL
    SYMBOL:  AUTO_MODE
    MODULE:  .\Obj\KeyPad.obj (KEYPAD)
    ADDRESS: 2B12H

*** WARNING L2: REFERENCE MADE TO UNRESOLVED EXTERNAL
    SYMBOL:  AUTO_MODE
    MODULE:  .\Obj\KeyPad.obj (KEYPAD)
    ADDRESS: 2B1DH

*** WARNING L2: REFERENCE MADE TO UNRESOLVED EXTERNAL
    SYMBOL:  AUTO_MODE
    MODULE:  .\Obj\KeyPad.obj (KEYPAD)
    ADDRESS: 2B24H

Program Size: data=10.3 xdata=1699 code=18550
LINK/LOCATE RUN COMPLETE.  29 WARNING(S),  0 ERROR(S)
