BL51 BANKED LINKER/LOCATER V6.22                                                        08/21/2019  09:46:03  PAGE 1


BL51 BANKED LINKER/LOCATER V6.22, INVOKED BY:
C:\KEIL_V5\C51\BIN\BL51.EXE .\Obj\main.obj, .\Obj\PCF85063BTL.obj, .\Obj\LCd_Driver_SPLC780D.obj, .\Obj\KeyPad.obj, .\Ob
>> j\BipolarMotor.obj, .\Obj\SunPos.obj, .\Obj\ADC.obj, .\Obj\Calibration.obj, .\Obj\IOExpander_PI4IOE5V96248.obj, .\Obj
>> \AT25SF041.obj, .\Obj\SI1120.obj, .\Obj\UART1.obj, .\Obj\STARTUP.obj TO .\Obj\GPIO_RTC_Test RTX51TINY PRINT (.\Lis\GP
>> IO_RTC_Test.m51) RAMSIZE (256)


MEMORY MODEL: LARGE WITH FLOATING POINT ARITHMETIC


INPUT MODULES INCLUDED:
  .\Obj\main.obj (MAIN)
  .\Obj\PCF85063BTL.obj (PCF85063BTL)
  .\Obj\LCd_Driver_SPLC780D.obj (LCD_DRIVER_SPLC780D)
  .\Obj\KeyPad.obj (KEYPAD)
  .\Obj\BipolarMotor.obj (BIPOLARMOTOR)
  .\Obj\SunPos.obj (SUNPOS)
  .\Obj\ADC.obj (ADC)
  .\Obj\Calibration.obj (CALIBRATION)
  .\Obj\IOExpander_PI4IOE5V96248.obj (IOEXPANDER_PI4IOE5V96248)
  .\Obj\AT25SF041.obj (AT25SF041)
  .\Obj\SI1120.obj (SI1120)
  .\Obj\UART1.obj (UART1)
  .\Obj\STARTUP.obj (?C_STARTUP)
  C:\KEIL_V5\C51\LIB\C51FPL.LIB (?C?FPADD)
  C:\KEIL_V5\C51\LIB\C51FPL.LIB (?C?FPMUL)
  C:\KEIL_V5\C51\LIB\C51FPL.LIB (?C?FPDIV)
  C:\KEIL_V5\C51\LIB\C51FPL.LIB (?C?FPCMP)
  C:\KEIL_V5\C51\LIB\C51FPL.LIB (?C?FPNEG)
  C:\KEIL_V5\C51\LIB\C51FPL.LIB (?C?FCAST)
  C:\KEIL_V5\C51\LIB\C51FPL.LIB (?C?CASTF)
  C:\KEIL_V5\C51\LIB\C51FPL.LIB (PRINTF)
  C:\KEIL_V5\C51\LIB\C51FPL.LIB (FABS)
  C:\KEIL_V5\C51\LIB\C51FPL.LIB (ATAN2)
  C:\KEIL_V5\C51\LIB\C51FPL.LIB (SIN)
  C:\KEIL_V5\C51\LIB\C51FPL.LIB (ACOS)
  C:\KEIL_V5\C51\LIB\C51FPL.LIB (ASIN)
  C:\KEIL_V5\C51\LIB\C51FPL.LIB (POW)
  C:\KEIL_V5\C51\LIB\C51FPL.LIB (?C?FPGETOPN)
  C:\KEIL_V5\C51\LIB\C51FPL.LIB (?C?CHKFLOAT)
  C:\KEIL_V5\C51\LIB\C51FPL.LIB (?C?FPROUND)
  C:\KEIL_V5\C51\LIB\C51FPL.LIB (?C?FPCONVERT)
  C:\KEIL_V5\C51\LIB\C51FPL.LIB (?C?FPSERIES)
  C:\KEIL_V5\C51\LIB\C51FPL.LIB (EXP)
  C:\KEIL_V5\C51\LIB\C51FPL.LIB (LOG)
  C:\KEIL_V5\C51\LIB\C51FPL.LIB (SQRT)
  C:\KEIL_V5\C51\LIB\C51FPL.LIB (ATAN)
  C:\KEIL_V5\C51\LIB\C51FPL.LIB (?C?FTNPWR)
  C:\KEIL_V5\C51\LIB\C51L.LIB (?C_INIT)
  C:\KEIL_V5\C51\LIB\C51L.LIB (?C?COPY)
  C:\KEIL_V5\C51\LIB\C51L.LIB (?C?CLDPTR)
  C:\KEIL_V5\C51\LIB\C51L.LIB (?C?CLDOPTR)
  C:\KEIL_V5\C51\LIB\C51L.LIB (?C?CSTPTR)
  C:\KEIL_V5\C51\LIB\C51L.LIB (?C?IMUL)
  C:\KEIL_V5\C51\LIB\C51L.LIB (?C?UIDIV)
  C:\KEIL_V5\C51\LIB\C51L.LIB (?C?SIDIV)
  C:\KEIL_V5\C51\LIB\C51L.LIB (?C?ILDIX)
  C:\KEIL_V5\C51\LIB\C51L.LIB (?C?ILDOPTR)
BL51 BANKED LINKER/LOCATER V6.22                                                      08/21/2019  09:46:03  PAGE 2


  C:\KEIL_V5\C51\LIB\C51L.LIB (?C?ISTPTR)
  C:\KEIL_V5\C51\LIB\C51L.LIB (?C?LMUL)
  C:\KEIL_V5\C51\LIB\C51L.LIB (?C?SLDIV)
  C:\KEIL_V5\C51\LIB\C51L.LIB (?C?LNEG)
  C:\KEIL_V5\C51\LIB\C51L.LIB (?C?ULCMP)
  C:\KEIL_V5\C51\LIB\C51L.LIB (?C?LSHL)
  C:\KEIL_V5\C51\LIB\C51L.LIB (?C?LLDPTR)
  C:\KEIL_V5\C51\LIB\C51L.LIB (?C?LLDOPTR)
  C:\KEIL_V5\C51\LIB\C51L.LIB (?C?LSTPTR)
  C:\KEIL_V5\C51\LIB\C51L.LIB (?C?LSTOPTR)
  C:\KEIL_V5\C51\LIB\C51L.LIB (?C?LLDXDATA)
  C:\KEIL_V5\C51\LIB\C51L.LIB (?C?LLDCODE)
  C:\KEIL_V5\C51\LIB\C51L.LIB (?C?LLDXDATA0)
  C:\KEIL_V5\C51\LIB\C51L.LIB (?C?LLDCODE0)
  C:\KEIL_V5\C51\LIB\C51L.LIB (?C?LLDPTR0)
  C:\KEIL_V5\C51\LIB\C51L.LIB (?C?LSTXDATA)
  C:\KEIL_V5\C51\LIB\C51L.LIB (?C?LSTKXDATA)
  C:\KEIL_V5\C51\LIB\C51L.LIB (?C?LSTKPTR)
  C:\KEIL_V5\C51\LIB\C51L.LIB (?C?OFFXADD)
  C:\KEIL_V5\C51\LIB\C51L.LIB (?C?PLDIXDATA)
  C:\KEIL_V5\C51\LIB\C51L.LIB (?C?PSTXDATA)
  C:\KEIL_V5\C51\LIB\C51L.LIB (?C?CCASE)
  C:\KEIL_V5\C51\LIB\C51L.LIB (PUTCHAR)
  C:\KEIL_V5\C51\LIB\C51L.LIB (ABS)
  C:\KEIL_V5\C51\LIB\C51L.LIB (ATOI)
  C:\KEIL_V5\C51\LIB\C51L.LIB (?C?IILDX)
  C:\KEIL_V5\C51\LIB\C51L.LIB (?C?ULDIV)
  C:\KEIL_V5\C51\LIB\C51L.LIB (?C?LLDIDATA)
  C:\KEIL_V5\C51\LIB\C51L.LIB (?C?LLDPDATA)
  C:\KEIL_V5\C51\LIB\C51L.LIB (?C?LLDIDATA0)
  C:\KEIL_V5\C51\LIB\C51L.LIB (?C?LLDPDATA0)
  C:\KEIL_V5\C51\LIB\C51L.LIB (?C?LSTIDATA)
  C:\KEIL_V5\C51\LIB\C51L.LIB (?C?LSTPDATA)
  C:\KEIL_V5\C51\LIB\C51L.LIB (?C?LSTKIDATA)
  C:\KEIL_V5\C51\LIB\C51L.LIB (?C?LSTKPDATA)
  C:\KEIL_V5\C51\LIB\C51L.LIB (ISDIGIT)
  C:\KEIL_V5\C51\LIB\C51L.LIB (ISSPACE)


LINK MAP OF MODULE:  .\Obj\GPIO_RTC_Test (MAIN)


            TYPE    BASE      LENGTH    RELOCATION   SEGMENT NAME
            -----------------------------------------------------

            * * * * * * *   D A T A   M E M O R Y   * * * * * * *
            REG     0000H     0008H     ABSOLUTE     "REG BANK 0"
            DATA    0008H     0005H     UNIT         _DATA_GROUP_
                    000DH     0013H                  *** GAP ***
            BIT     0020H.0   0001H.2   UNIT         _BIT_GROUP_
            BIT     0021H.2   0000H.1   UNIT         ?BI?MAIN
            BIT     0021H.3   0000H.1   UNIT         ?BI?_ATOI?ATOI
                    0021H.4   0000H.4                *** GAP ***
            IDATA   0022H     0001H     UNIT         ?STACK

            * * * * * * *  X D A T A   M E M O R Y  * * * * * * *
            XDATA   0000H     03BCH     UNIT         ?XD?BIPOLARMOTOR
BL51 BANKED LINKER/LOCATER V6.22                                                      08/21/2019  09:46:03  PAGE 3


            XDATA   03BCH     015DH     UNIT         _XDATA_GROUP_
            XDATA   0519H     0121H     UNIT         ?XD?MAIN
            XDATA   063AH     0019H     UNIT         ?XD?KEYPAD
            XDATA   0653H     0005H     UNIT         ?XD?_ATOI?ATOI
            XDATA   0658H     0002H     UNIT         ?XD?AT25SF041_CHIPERASE?AT25SF041
            XDATA   065AH     0001H     UNIT         ?XD?UC_ACK?IOEXPANDER_PI4IOE5V96248
            XDATA   065BH     0001H     UNIT         ?XD?UC_NACK?IOEXPANDER_PI4IOE5V96248

            * * * * * * *   C O D E   M E M O R Y   * * * * * * *
            CODE    0000H     0003H     ABSOLUTE     
            CODE    0003H     0003H     ABSOLUTE     
            CODE    0006H     0005H     UNIT         ?PR?_UNIT?UART1
            CODE    000BH     0003H     ABSOLUTE     
            CODE    000EH     000DH     UNIT         ?PR?UART?MAIN
            CODE    001BH     0003H     ABSOLUTE     
            CODE    001EH     0005H     UNIT         ?PR?_ASCII_LETTER?UART1
            CODE    0023H     0003H     ABSOLUTE     
            CODE    0026H     1402H     UNIT         ?PR?MAIN?MAIN
            CODE    1428H     0BC8H     UNIT         ?C?LIB_CODE
            CODE    1FF0H     07A2H     UNIT         ?PR?SUNPOS?SUNPOS
            CODE    2792H     06F4H     UNIT         ?PR?_FIND_REAL_MAX?CALIBRATION
            CODE    2E86H     05D1H     UNIT         ?PR?_UPDATE_POSITION?BIPOLARMOTOR
            CODE    3457H     04FBH     UNIT         ?PR?_THEORICALJP_POSITION?BIPOLARMOTOR
            CODE    3952H     0483H     UNIT         ?PR?PRINTF?PRINTF
            CODE    3DD5H     041AH     UNIT         ?C_INITSEG
            CODE    41EFH     038CH     UNIT         ?PR?KEY_PROCESS?KEYPAD
            CODE    457BH     0380H     UNIT         ?PR?_ELEVATION_CALCULATION?BIPOLARMOTOR
            CODE    48FBH     01C7H     UNIT         ?PR?_CALIBRATION?CALIBRATION
            CODE    4AC2H     018DH     UNIT         ?PR?KEY_SCAN?KEYPAD
            CODE    4C4FH     0189H     UNIT         ?PR?SPI_NOR_WRITE_DATA?AT25SF041
            CODE    4DD8H     0188H     UNIT         ?PR?SIN?SIN
            CODE    4F60H     0166H     UNIT         ?PR?_POW?POW
            CODE    50C6H     0155H     UNIT         ?PR?_DISPLAY_POS?LCD_DRIVER_SPLC780D
            CODE    521BH     0129H     UNIT         ?PR?LOG?LOG
            CODE    5344H     0122H     UNIT         ?PR?ATAN?ATAN
            CODE    5466H     0110H     UNIT         ?PR?_AT25SF041_READ?AT25SF041
            CODE    5576H     0102H     UNIT         ?PR?_AT25SF041_WRITE?AT25SF041
            CODE    5678H     00F5H     UNIT         ?PR?EXINT0?MAIN
            CODE    576DH     00DBH     UNIT         ?PR?_ATOI?ATOI
            CODE    5848H     00C3H     UNIT         ?PR?LINEAR_INTERPOLATE?BIPOLARMOTOR
            CODE    590BH     00BBH     UNIT         ?PR?VOLTAGE_IS_STABLE?CALIBRATION
            CODE    59C6H     00ADH     UNIT         ?PR?_WRITE_PI4IOE5V96248?IOEXPANDER_PI4IOE5V96248
            CODE    5A73H     00ACH     UNIT         ?PR?SQRT?SQRT
            CODE    5B1FH     00A1H     UNIT         ?PR?UCREAD_STATUS_REGISTER_BYTE1?AT25SF041
            CODE    5BC0H     009DH     UNIT         ?PR?_ATAN2?ATAN2
            CODE    5C5DH     009CH     UNIT         ?PR?_MAX_VALUE?CALIBRATION
            CODE    5CF9H     009AH     UNIT         ?PR?EXP?EXP
            CODE    5D93H     008CH     UNIT         ?C_C51STARTUP
            CODE    5E1FH     0088H     UNIT         ?PR?_DAY_OF_YEAR?PCF85063BTL
            CODE    5EA7H     0079H     UNIT         ?PR?_WRITEDATA?LCD_DRIVER_SPLC780D
            CODE    5F20H     0072H     UNIT         ?PR?AT25SF041_WRITEENABLE?AT25SF041
            CODE    5F92H     006FH     UNIT         ?PR?_READ_TIME?PCF85063BTL
            CODE    6001H     005AH     UNIT         ?PR?AT25SF041_CHIPERASE?AT25SF041
            CODE    605BH     0059H     UNIT         ?PR?LCD_INIT?LCD_DRIVER_SPLC780D
            CODE    60B4H     0056H     UNIT         ?CO?MAIN
            CODE    610AH     004BH     UNIT         ?CO?UART1
            CODE    6155H     004AH     UNIT         ?PR?VONESTEPMOVE?BIPOLARMOTOR
BL51 BANKED LINKER/LOCATER V6.22                                                      08/21/2019  09:46:03  PAGE 4


            CODE    619FH     004AH     UNIT         ?PR?ACOS?ACOS
            CODE    61E9H     0044H     UNIT         ?C?LDIV
            CODE    622DH     0040H     UNIT         ?PR?_COMMAND?LCD_DRIVER_SPLC780D
            CODE    626DH     0040H     UNIT         ?PR?_STEP_MOVE?BIPOLARMOTOR
            CODE    62ADH     003BH     UNIT         ?PR?ASIN?ASIN
            CODE    62E8H     0033H     UNIT         ?PR?_SENDSTRING?UART1
            CODE    631BH     0031H     UNIT         ?PR?SI1120_CONFIG_MODE_VIRH?SI1120
            CODE    634CH     002BH     UNIT         ?PR?_WAIT_MS_I2C?IOEXPANDER_PI4IOE5V96248
            CODE    6377H     002BH     UNIT         ?PR?_WAIT_MS_SPINOR?AT25SF041
            CODE    63A2H     002AH     UNIT         ?PR?_ADC_GETRESULT?ADC
            CODE    63CCH     0028H     UNIT         ?PR?_MOVE?BIPOLARMOTOR
            CODE    63F4H     0028H     UNIT         ?CO?CALIBRATION
            CODE    641CH     0027H     UNIT         ?PR?_I2C_SENDBYTE?IOEXPANDER_PI4IOE5V96248
            CODE    6443H     0027H     UNIT         ?PR?PUTCHAR?PUTCHAR
            CODE    646AH     0025H     UNIT         ?PR?_FINDCLOSESTSAMEDAYCALIBTIME?CALIBRATION
            CODE    648FH     0024H     UNIT         ?PR?_WAIT_MS?LCD_DRIVER_SPLC780D
            CODE    64B3H     0024H     UNIT         ?PR?_UART1_SENDTOTCPSERVER?UART1
            CODE    64D7H     0021H     UNIT         ?PR?TM0_ISR?MAIN
            CODE    64F8H     0020H     UNIT         ?PR?_SPI_SENDBYTE?PCF85063BTL
            CODE    6518H     0020H     UNIT         ?PR?SPI_RECEIVEBYTE?PCF85063BTL
            CODE    6538H     001EH     UNIT         ?PR?_DELAY_MS?KEYPAD
            CODE    6556H     001DH     UNIT         ?PR?_DISPLAYLCD?LCD_DRIVER_SPLC780D
            CODE    6573H     001BH     UNIT         ?PR?_BCDTODEC1?BIPOLARMOTOR
            CODE    658EH     001AH     UNIT         ?PR?ADC_INIT?ADC
            CODE    65A8H     0018H     UNIT         ?PR?_SPI_WRITETIME?PCF85063BTL
            CODE    65C0H     0017H     UNIT         ?PR?_ASCIITOBCD?UART1
            CODE    65D7H     0016H     UNIT         ?PR?I2C_ACK?IOEXPANDER_PI4IOE5V96248
            CODE    65EDH     0015H     UNIT         ?PR?_DISPLAY_LINE?LCD_DRIVER_SPLC780D
            CODE    6602H     0015H     UNIT         ?PR?VSETLOCATION?BIPOLARMOTOR
            CODE    6617H     0015H     UNIT         ?PR?I2C_STOP?IOEXPANDER_PI4IOE5V96248
            CODE    662CH     0014H     UNIT         ?PR?_PCF85063BTL_DELAY?PCF85063BTL
            CODE    6640H     0014H     UNIT         ?PR?_ISSPACE?ISSPACE
            CODE    6654H     0011H     UNIT         ?PR?_SPI_READTIME?PCF85063BTL
            CODE    6665H     0011H     UNIT         ?PR?_BCDTODEC?PCF85063BTL
            CODE    6676H     0011H     UNIT         ?PR?INITUART1?UART1
            CODE    6687H     000FH     UNIT         ?PR?I2C_START?IOEXPANDER_PI4IOE5V96248
            CODE    6696H     000FH     UNIT         ?PR?UC_NACK?IOEXPANDER_PI4IOE5V96248
            CODE    66A5H     000FH     UNIT         ?PR?_ISDIGIT?ISDIGIT
            CODE    66B4H     000DH     UNIT         ?PR?SPI_INIT?PCF85063BTL
            CODE    66C1H     000DH     UNIT         ?PR?ENABLE_EXTINT0?SI1120
            CODE    66CEH     000DH     UNIT         ?PR?_FABS?FABS
            CODE    66DBH     000CH     UNIT         ?PR?KEYPAD_IO_INIT?KEYPAD
            CODE    66E7H     000CH     UNIT         ?PR?_ABS?ABS
            CODE    66F3H     000AH     UNIT         ?PR?LCD_RETURN_HOME?LCD_DRIVER_SPLC780D
            CODE    66FDH     000AH     UNIT         ?PR?LCD_CLEAR?LCD_DRIVER_SPLC780D
            CODE    6707H     0009H     UNIT         ?PR?TM1_ISR?MAIN
            CODE    6710H     0009H     UNIT         ?PR?_SENDUART1?MAIN
            CODE    6719H     0009H     UNIT         ?PR?UART1_INITTCPCONN?UART1
            CODE    6722H     0006H     UNIT         ?PR?UC_ACK?IOEXPANDER_PI4IOE5V96248
            CODE    6728H     0006H     UNIT         ?PR?_TEN?UART1
            CODE    672EH     0001H     UNIT         ?PR?NOP?IOEXPANDER_PI4IOE5V96248
            CODE    672FH     0001H     UNIT         ?PR?_DECTOBCD?UART1



OVERLAY MAP OF MODULE:   .\Obj\GPIO_RTC_Test (MAIN)

BL51 BANKED LINKER/LOCATER V6.22                                                      08/21/2019  09:46:03  PAGE 5



SEGMENT                                             BIT_GROUP          DATA_GROUP          XDATA_GROUP
  +--> CALLED SEGMENT                            START    LENGTH     START    LENGTH     START    LENGTH
--------------------------------------------------------------------------------------------------------
?PR?EXINT0?MAIN                                  -----    -----      -----    -----      -----    -----
  +--> ?PR?_POW?POW

?PR?_POW?POW                                     -----    -----      -----    -----      03BCH    000AH
  +--> ?PR?LOG?LOG
  +--> ?PR?EXP?EXP

?PR?LOG?LOG                                      0020H.0  0000H.1    -----    -----      03C6H    0004H

*** NEW ROOT ***************************************************

?C_C51STARTUP                                    -----    -----      -----    -----      -----    -----
  +--> ?PR?MAIN?MAIN
  +--> ?C_INITSEG

?PR?MAIN?MAIN                                    -----    -----      -----    -----      03CAH    002EH
  +--> ?PR?LCD_INIT?LCD_DRIVER_SPLC780D
  +--> ?PR?SPI_INIT?PCF85063BTL
  +--> ?PR?KEYPAD_IO_INIT?KEYPAD
  +--> ?PR?ADC_INIT?ADC
  +--> ?PR?SI1120_CONFIG_MODE_VIRH?SI1120
  +--> ?PR?ENABLE_EXTINT0?SI1120
  +--> ?PR?VSETLOCATION?BIPOLARMOTOR
  +--> ?PR?_SPI_WRITETIME?PCF85063BTL
  +--> ?PR?_DELAY_MS?KEYPAD
  +--> ?PR?_DISPLAY_LINE?LCD_DRIVER_SPLC780D
  +--> ?PR?_WRITEDATA?LCD_DRIVER_SPLC780D
  +--> ?PR?INITUART1?UART1
  +--> ?PR?UART1_INITTCPCONN?UART1
  +--> ?CO?MAIN
  +--> ?PR?_UART1_SENDTOTCPSERVER?UART1
  +--> ?PR?KEY_PROCESS?KEYPAD
  +--> ?PR?_COMMAND?LCD_DRIVER_SPLC780D
  +--> ?PR?_DISPLAY_POS?LCD_DRIVER_SPLC780D
  +--> ?PR?_DISPLAYLCD?LCD_DRIVER_SPLC780D
  +--> ?PR?_STEP_MOVE?BIPOLARMOTOR
  +--> ?PR?LCD_RETURN_HOME?LCD_DRIVER_SPLC780D
  +--> ?PR?_READ_TIME?PCF85063BTL
  +--> ?PR?_BCDTODEC1?BIPOLARMOTOR
  +--> ?PR?_SENDSTRING?UART1
  +--> ?PR?_AT25SF041_READ?AT25SF041
  +--> ?PR?_ELEVATION_CALCULATION?BIPOLARMOTOR
  +--> ?PR?PRINTF?PRINTF
  +--> ?PR?_CALIBRATION?CALIBRATION
  +--> ?PR?_UPDATE_POSITION?BIPOLARMOTOR
  +--> ?PR?_WAIT_MS_SPINOR?AT25SF041
  +--> ?PR?AT25SF041_WRITEENABLE?AT25SF041
  +--> ?PR?_AT25SF041_WRITE?AT25SF041
  +--> ?PR?_ABS?ABS
  +--> ?PR?_FABS?FABS
  +--> ?PR?SPI_NOR_WRITE_DATA?AT25SF041
  +--> ?PR?_WAIT_MS?LCD_DRIVER_SPLC780D
  +--> ?PR?LINEAR_INTERPOLATE?BIPOLARMOTOR
BL51 BANKED LINKER/LOCATER V6.22                                                      08/21/2019  09:46:03  PAGE 6


  +--> ?PR?_FINDCLOSESTSAMEDAYCALIBTIME?CALI...
  +--> ?PR?_ADC_GETRESULT?ADC

?PR?LCD_INIT?LCD_DRIVER_SPLC780D                 -----    -----      -----    -----      -----    -----
  +--> ?PR?_WAIT_MS?LCD_DRIVER_SPLC780D
  +--> ?PR?_COMMAND?LCD_DRIVER_SPLC780D

?PR?_COMMAND?LCD_DRIVER_SPLC780D                 -----    -----      -----    -----      -----    -----
  +--> ?PR?_WAIT_MS?LCD_DRIVER_SPLC780D

?PR?SI1120_CONFIG_MODE_VIRH?SI1120               -----    -----      -----    -----      -----    -----
  +--> ?PR?_WAIT_MS?LCD_DRIVER_SPLC780D

?PR?_SPI_WRITETIME?PCF85063BTL                   -----    -----      -----    -----      -----    -----
  +--> ?PR?_SPI_SENDBYTE?PCF85063BTL

?PR?_SPI_SENDBYTE?PCF85063BTL                    -----    -----      -----    -----      -----    -----
  +--> ?PR?_PCF85063BTL_DELAY?PCF85063BTL

?PR?_DISPLAY_LINE?LCD_DRIVER_SPLC780D            -----    -----      -----    -----      -----    -----
  +--> ?PR?_COMMAND?LCD_DRIVER_SPLC780D

?PR?_WRITEDATA?LCD_DRIVER_SPLC780D               -----    -----      -----    -----      04F4H    0001H
  +--> ?PR?_WAIT_MS?LCD_DRIVER_SPLC780D

?PR?UART1_INITTCPCONN?UART1                      -----    -----      -----    -----      -----    -----
  +--> ?CO?UART1
  +--> ?PR?_SENDSTRING?UART1

?PR?_SENDSTRING?UART1                            -----    -----      -----    -----      04E9H    0003H
  +--> ?PR?_SENDUART1?MAIN

?PR?_UART1_SENDTOTCPSERVER?UART1                 -----    -----      -----    -----      03F8H    0003H
  +--> ?CO?UART1
  +--> ?PR?_SENDSTRING?UART1
  +--> ?PR?_DELAY_MS?KEYPAD

?PR?KEY_PROCESS?KEYPAD                           -----    -----      -----    -----      03F8H    0006H
  +--> ?PR?KEY_SCAN?KEYPAD
  +--> ?PR?_SPI_WRITETIME?PCF85063BTL
  +--> ?PR?LCD_CLEAR?LCD_DRIVER_SPLC780D
  +--> ?PR?_COMMAND?LCD_DRIVER_SPLC780D
  +--> ?PR?_WRITEDATA?LCD_DRIVER_SPLC780D

?PR?KEY_SCAN?KEYPAD                              -----    -----      -----    -----      03FEH    0003H

?PR?LCD_CLEAR?LCD_DRIVER_SPLC780D                -----    -----      -----    -----      -----    -----
  +--> ?PR?_COMMAND?LCD_DRIVER_SPLC780D

?PR?_DISPLAY_POS?LCD_DRIVER_SPLC780D             -----    -----      -----    -----      04E9H    000BH
  +--> ?PR?_ABS?ABS
  +--> ?PR?_WRITEDATA?LCD_DRIVER_SPLC780D

?PR?_DISPLAYLCD?LCD_DRIVER_SPLC780D              -----    -----      -----    -----      03F8H    0001H
  +--> ?PR?_WRITEDATA?LCD_DRIVER_SPLC780D

?PR?_STEP_MOVE?BIPOLARMOTOR                      0020H.2  0000H.1    -----    -----      04EDH    0004H
BL51 BANKED LINKER/LOCATER V6.22                                                      08/21/2019  09:46:03  PAGE 7


  +--> ?PR?VONESTEPMOVE?BIPOLARMOTOR

?PR?VONESTEPMOVE?BIPOLARMOTOR                    0020H.3  0000H.1    -----    -----      -----    -----
  +--> ?PR?_WRITE_PI4IOE5V96248?IOEXPANDER_P...
  +--> ?PR?_DELAY_MS?KEYPAD

?PR?_WRITE_PI4IOE5V96248?IOEXPANDER_P...         -----    -----      -----    -----      04F1H    0003H
  +--> ?PR?I2C_START?IOEXPANDER_PI4IOE5V96248
  +--> ?PR?_WAIT_MS_I2C?IOEXPANDER_PI4IOE5V9...
  +--> ?PR?_I2C_SENDBYTE?IOEXPANDER_PI4IOE5V...
  +--> ?PR?I2C_ACK?IOEXPANDER_PI4IOE5V96248
  +--> ?PR?I2C_STOP?IOEXPANDER_PI4IOE5V96248

?PR?I2C_START?IOEXPANDER_PI4IOE5V96248           -----    -----      -----    -----      -----    -----
  +--> ?PR?_WAIT_MS_I2C?IOEXPANDER_PI4IOE5V9...

?PR?_I2C_SENDBYTE?IOEXPANDER_PI4IOE5V...         -----    -----      -----    -----      -----    -----
  +--> ?PR?_WAIT_MS_I2C?IOEXPANDER_PI4IOE5V9...

?PR?I2C_ACK?IOEXPANDER_PI4IOE5V96248             -----    -----      -----    -----      04F4H    0001H
  +--> ?PR?_WAIT_MS_I2C?IOEXPANDER_PI4IOE5V9...

?PR?I2C_STOP?IOEXPANDER_PI4IOE5V96248            -----    -----      -----    -----      -----    -----
  +--> ?PR?_WAIT_MS_I2C?IOEXPANDER_PI4IOE5V9...

?PR?LCD_RETURN_HOME?LCD_DRIVER_SPLC780D          -----    -----      -----    -----      -----    -----
  +--> ?PR?_COMMAND?LCD_DRIVER_SPLC780D

?PR?_READ_TIME?PCF85063BTL                       -----    -----      -----    -----      04E9H    000FH
  +--> ?PR?_SPI_READTIME?PCF85063BTL

?PR?_SPI_READTIME?PCF85063BTL                    -----    -----      -----    -----      -----    -----
  +--> ?PR?_SPI_SENDBYTE?PCF85063BTL
  +--> ?PR?SPI_RECEIVEBYTE?PCF85063BTL

?PR?SPI_RECEIVEBYTE?PCF85063BTL                  -----    -----      -----    -----      -----    -----
  +--> ?PR?_PCF85063BTL_DELAY?PCF85063BTL

?PR?_AT25SF041_READ?AT25SF041                    -----    -----      -----    -----      03F8H    0008H
  +--> ?PR?_WAIT_MS_SPINOR?AT25SF041
  +--> ?PR?UCREAD_STATUS_REGISTER_BYTE1?AT25...

?PR?UCREAD_STATUS_REGISTER_BYTE1?AT25...         -----    -----      -----    -----      040EH    0003H
  +--> ?PR?_WAIT_MS_SPINOR?AT25SF041

?PR?_ELEVATION_CALCULATION?BIPOLARMOTOR          -----    -----      -----    -----      03F8H    0005H
  +--> ?PR?_BCDTODEC1?BIPOLARMOTOR
  +--> ?PR?SUNPOS?SUNPOS
  +--> ?PR?SIN?SIN
  +--> ?PR?ASIN?ASIN

?PR?SUNPOS?SUNPOS                                -----    -----      -----    -----      0442H    005DH
  +--> ?PR?SIN?SIN
  +--> ?PR?_ATAN2?ATAN2
  +--> ?PR?ASIN?ASIN
  +--> ?PR?ACOS?ACOS

BL51 BANKED LINKER/LOCATER V6.22                                                      08/21/2019  09:46:03  PAGE 8


?PR?SIN?SIN                                      0020H.1  0000H.1    -----    -----      049FH    0004H

?PR?_ATAN2?ATAN2                                 -----    -----      -----    -----      049FH    0008H
  +--> ?PR?ATAN?ATAN

?PR?ATAN?ATAN                                    0020H.1  0000H.2    -----    -----      04A7H    0004H

?PR?ASIN?ASIN                                    -----    -----      -----    -----      -----    -----
  +--> ?PR?SQRT?SQRT
  +--> ?PR?ATAN?ATAN

?PR?SQRT?SQRT                                    -----    -----      -----    -----      049FH    0004H

?PR?ACOS?ACOS                                    -----    -----      -----    -----      -----    -----
  +--> ?PR?SQRT?SQRT
  +--> ?PR?ATAN?ATAN

?PR?PRINTF?PRINTF                                0020H.1  0001H.1    0008H    0005H      04E9H    0030H
  +--> ?PR?PUTCHAR?PUTCHAR

?PR?_CALIBRATION?CALIBRATION                     -----    -----      -----    -----      03F8H    0024H
  +--> ?PR?VOLTAGE_IS_STABLE?CALIBRATION
  +--> ?PR?_UPDATE_POSITION?BIPOLARMOTOR
  +--> ?PR?_FIND_REAL_MAX?CALIBRATION

?PR?VOLTAGE_IS_STABLE?CALIBRATION                -----    -----      -----    -----      041CH    0018H
  +--> ?PR?_ADC_GETRESULT?ADC
  +--> ?PR?_ABS?ABS

?PR?_UPDATE_POSITION?BIPOLARMOTOR                -----    -----      -----    -----      041CH    0026H
  +--> ?PR?_BCDTODEC1?BIPOLARMOTOR
  +--> ?PR?SUNPOS?SUNPOS
  +--> ?PR?SIN?SIN
  +--> ?PR?ASIN?ASIN
  +--> ?PR?_THEORICALJP_POSITION?BIPOLARMOTOR
  +--> ?PR?_FABS?FABS

?PR?_THEORICALJP_POSITION?BIPOLARMOTOR           -----    -----      -----    -----      0442H    005CH
  +--> ?PR?LINEAR_INTERPOLATE?BIPOLARMOTOR

?PR?LINEAR_INTERPOLATE?BIPOLARMOTOR              -----    -----      -----    -----      049EH    0014H

?PR?_FIND_REAL_MAX?CALIBRATION                   -----    -----      -----    -----      041CH    00CDH
  +--> ?PR?_ADC_GETRESULT?ADC
  +--> ?PR?_WAIT_MS?LCD_DRIVER_SPLC780D
  +--> ?CO?CALIBRATION
  +--> ?PR?PRINTF?PRINTF
  +--> ?PR?_SENDSTRING?UART1
  +--> ?PR?_COMMAND?LCD_DRIVER_SPLC780D
  +--> ?PR?_WRITEDATA?LCD_DRIVER_SPLC780D
  +--> ?PR?_DISPLAY_POS?LCD_DRIVER_SPLC780D
  +--> ?PR?_MOVE?BIPOLARMOTOR
  +--> ?PR?_READ_TIME?PCF85063BTL
  +--> ?PR?_BCDTODEC1?BIPOLARMOTOR
  +--> ?PR?_MAX_VALUE?CALIBRATION

?PR?_MOVE?BIPOLARMOTOR                           0020H.1  0000H.1    -----    -----      04E9H    0004H
BL51 BANKED LINKER/LOCATER V6.22                                                      08/21/2019  09:46:03  PAGE 9


  +--> ?PR?_STEP_MOVE?BIPOLARMOTOR

?PR?_MAX_VALUE?CALIBRATION                       -----    -----      -----    -----      04E9H    0004H

?PR?AT25SF041_WRITEENABLE?AT25SF041              -----    -----      -----    -----      0406H    0002H
  +--> ?PR?_WAIT_MS_SPINOR?AT25SF041
  +--> ?PR?UCREAD_STATUS_REGISTER_BYTE1?AT25...

?PR?_AT25SF041_WRITE?AT25SF041                   -----    -----      -----    -----      0406H    0008H
  +--> ?PR?_WAIT_MS_SPINOR?AT25SF041
  +--> ?PR?UCREAD_STATUS_REGISTER_BYTE1?AT25...

?PR?SPI_NOR_WRITE_DATA?AT25SF041                 -----    -----      -----    -----      03F8H    000EH
  +--> ?PR?AT25SF041_WRITEENABLE?AT25SF041
  +--> ?PR?_AT25SF041_WRITE?AT25SF041
  +--> ?PR?_WAIT_MS_SPINOR?AT25SF041



SYMBOL TABLE OF MODULE:  .\Obj\GPIO_RTC_Test (MAIN)

  VALUE           TYPE          NAME
  ----------------------------------

  -------         MODULE        MAIN
  C:0000H         SYMBOL        _ICE_DUMMY_
  X:0521H         PUBLIC        calib_value
  D:0080H         PUBLIC        P0
  D:0090H         PUBLIC        P1
  D:00A0H         PUBLIC        P2
  D:00B0H         PUBLIC        P3
  D:00C0H         PUBLIC        P4
  D:00C8H         PUBLIC        P5
  X:0575H         SYMBOL        PressedKey
  B:00A8H.7       PUBLIC        EA
  D:00E8H         PUBLIC        P6
  X:0579H         PUBLIC        calib_stamp
  D:00F8H         PUBLIC        P7
  X:057AH         PUBLIC        sTempString
  X:0583H         PUBLIC        calib_bool
  X:05ADH         PUBLIC        pwm_time_min
  D:00A8H         PUBLIC        IE
  X:05B1H         PUBLIC        calib_time
  X:0605H         PUBLIC        pwm_time_max
  B:0090H.7       PUBLIC        Connect_Electronics_Load
  D:00B8H         PUBLIC        IP
  B:0098H.0       PUBLIC        RI
  B:00B0H.2       PUBLIC        INT0
  X:0609H         PUBLIC        months
  B:0098H.1       PUBLIC        TI
  C:000EH         PUBLIC        Uart
  D:00D8H         PUBLIC        CCON
  C:0026H         PUBLIC        main
  X:060AH         PUBLIC        found_1st_point
  X:060CH         PUBLIC        i_point1
  X:060EH         PUBLIC        i_point2
  X:0610H         PUBLIC        count
BL51 BANKED LINKER/LOCATER V6.22                                                      08/21/2019  09:46:03  PAGE 10


  B:0090H.2       PUBLIC        Connect_IV_Load
  D:0099H         PUBLIC        SBUF
  X:0612H         PUBLIC        days
  X:0613H         PUBLIC        hours
  D:0098H         PUBLIC        SCON
  D:0089H         PUBLIC        TMOD
  D:0088H         PUBLIC        TCON
  B:00A0H.3       PUBLIC        P23
  X:0614H         PUBLIC        fTest_read_spi
  X:0618H         SYMBOL        KeyCount
  X:061AH         PUBLIC        mins
  X:061BH         PUBLIC        diff_of_offset
  D:008EH         PUBLIC        AUXR
  C:64D7H         PUBLIC        tm0_isr
  B:0090H.5       PUBLIC        SI1120_STX
  C:6707H         PUBLIC        tm1_isr
  B:0021H.2       PUBLIC        busy
  D:00E0H         PUBLIC        ACC
  B:00A8H.1       PUBLIC        ET0
  B:00A8H.3       PUBLIC        ET1
  X:061FH         PUBLIC        SPI_NOR_INTERNAL_FLASH_ADDR
  D:008CH         PUBLIC        TH0
  D:008DH         PUBLIC        TH1
  D:008AH         PUBLIC        TL0
  D:008BH         PUBLIC        TL1
  X:0623H         PUBLIC        ii
  X:0625H         PUBLIC        jj
  B:0088H.4       PUBLIC        TR0
  B:0088H.6       PUBLIC        TR1
  X:0627H         PUBLIC        old_mins
  C:5678H         PUBLIC        exint0
  X:0628H         SYMBOL        KeyNum
  X:0629H         SYMBOL        KeyNum_Old
  X:062AH         PUBLIC        timer0_count
  X:062CH         PUBLIC        current_position
  X:0630H         PUBLIC        pwm_time
  X:0634H         PUBLIC        i
  X:0636H         PUBLIC        j
  X:0638H         PUBLIC        start_timer0_count
  X:0639H         PUBLIC        seconds
  D:00D0H         PUBLIC        PSW
  C:6710H         PUBLIC        _SendUART1
  -------         PROC          TM0_ISR
  C:64D7H         LINE#         106
  C:64DDH         LINE#         110
  C:64E0H         LINE#         111
  C:64E3H         LINE#         112
  C:64F1H         LINE#         113
  -------         ENDPROC       TM0_ISR
  -------         PROC          TM1_ISR
  C:6707H         LINE#         114
  C:6707H         LINE#         116
  C:6709H         LINE#         118
  C:670CH         LINE#         119
  C:670FH         LINE#         120
  -------         ENDPROC       TM1_ISR
  -------         PROC          EXINT0
BL51 BANKED LINKER/LOCATER V6.22                                                      08/21/2019  09:46:03  PAGE 11


  C:5678H         LINE#         121
  C:5695H         LINE#         125
  C:5698H         LINE#         126
  C:5698H         LINE#         127
  C:569BH         LINE#         128
  C:569EH         LINE#         129
  C:56A0H         LINE#         130
  C:56A2H         LINE#         134
  C:56A5H         LINE#         137
  C:56A5H         LINE#         138
  C:56A7H         LINE#         140
  C:56B3H         LINE#         141
  C:570DH         LINE#         142
  C:574BH         LINE#         143
  C:5752H         LINE#         148
  C:5752H         LINE#         150
  -------         ENDPROC       EXINT0
  -------         PROC          MAIN
  -------         DO            
  X:0519H         SYMBOL        KeyCount
  X:051BH         SYMBOL        KeyNum_Old
  X:051CH         SYMBOL        KeyNum
  X:051DH         SYMBOL        PressedKey
  X:03CAH         SYMBOL        prox_flag
  X:03CBH         SYMBOL        iUse_prevday_calib_value
  X:03CDH         SYMBOL        max_ADC_Val_JP
  X:03CFH         SYMBOL        max_ADC_Val
  X:03D1H         SYMBOL        calib_point1
  X:03D9H         SYMBOL        calib_point2
  X:03E1H         SYMBOL        dat_to_store
  X:03ECH         SYMBOL        calib_day
  X:03EEH         SYMBOL        calib_count
  X:03F0H         SYMBOL        theorical_JP_max_pos
  X:03F4H         SYMBOL        elevation
  -------         ENDDO         
  C:0026H         LINE#         152
  C:0026H         LINE#         153
  C:0026H         LINE#         158
  C:002CH         LINE#         159
  C:0031H         LINE#         161
  C:0039H         LINE#         165
  C:003FH         LINE#         166
  C:0049H         LINE#         177
  C:0051H         LINE#         178
  C:0058H         LINE#         179
  C:005EH         LINE#         181
  C:0064H         LINE#         193
  C:0067H         LINE#         194
  C:006AH         LINE#         195
  C:006DH         LINE#         197
  C:0070H         LINE#         200
  C:0073H         LINE#         201
  C:0076H         LINE#         203
  C:0079H         LINE#         205
  C:007CH         LINE#         206
  C:007FH         LINE#         207
  C:0082H         LINE#         208
BL51 BANKED LINKER/LOCATER V6.22                                                      08/21/2019  09:46:03  PAGE 12


  C:0084H         LINE#         209
  C:0086H         LINE#         210
  C:0089H         LINE#         211
  C:008BH         LINE#         212
  C:008DH         LINE#         214
  C:008FH         LINE#         215
  C:0096H         LINE#         216
  C:009DH         LINE#         217
  C:00A4H         LINE#         218
  C:00ABH         LINE#         222
  C:00B2H         LINE#         223
  C:00B7H         LINE#         224
  C:00BCH         LINE#         225
  C:00C1H         LINE#         226
  C:00C6H         LINE#         227
  C:00CBH         LINE#         230
  C:00D2H         LINE#         231
  C:00D2H         LINE#         232
  C:00F5H         LINE#         233
  C:013FH         LINE#         234
  C:0154H         LINE#         235
  C:0171H         LINE#         236
  C:0174H         LINE#         238
  C:017BH         LINE#         241
  C:017EH         LINE#         243
  C:0185H         LINE#         244
  C:018EH         LINE#         247
  C:018EH         LINE#         248
  C:018EH         LINE#         249
  C:0191H         LINE#         252
  C:0191H         LINE#         256
  C:0196H         LINE#         257
  C:019BH         LINE#         259
  C:01A0H         LINE#         261
  C:01A5H         LINE#         262
  C:01AAH         LINE#         265
  C:01BBH         LINE#         267
  C:01C0H         LINE#         268
  C:01C5H         LINE#         270
  C:01CCH         LINE#         271
  C:01D4H         LINE#         272
  C:01D9H         LINE#         273
  C:01E1H         LINE#         274
  C:01E6H         LINE#         275
  C:01F0H         LINE#         276
  C:01F5H         LINE#         277
  C:01FDH         LINE#         279
  C:0205H         LINE#         280
  C:020AH         LINE#         281
  C:0214H         LINE#         282
  C:0214H         LINE#         283
  C:0216H         LINE#         284
  C:0218H         LINE#         285
  C:0222H         LINE#         286
  C:0222H         LINE#         287
  C:0227H         LINE#         288
  C:0227H         LINE#         290
BL51 BANKED LINKER/LOCATER V6.22                                                      08/21/2019  09:46:03  PAGE 13


  C:023BH         LINE#         291
  C:023BH         LINE#         292
  C:0250H         LINE#         293
  C:025FH         LINE#         294
  C:025FH         LINE#         295
  C:0272H         LINE#         296
  C:0274H         LINE#         298
  C:0274H         LINE#         299
  C:0290H         LINE#         300
  C:0290H         LINE#         301
  C:0295H         LINE#         302
  C:0295H         LINE#         303
  C:02A9H         LINE#         304
  C:02A9H         LINE#         307
  C:02BEH         LINE#         308
  C:02CDH         LINE#         309
  C:02CDH         LINE#         310
  C:02E0H         LINE#         311
  C:02E2H         LINE#         313
  C:02E2H         LINE#         314
  C:02FEH         LINE#         315
  C:02FEH         LINE#         316
  C:0303H         LINE#         317
  C:0309H         LINE#         318
  C:0309H         LINE#         320
  C:032BH         LINE#         321
  C:032BH         LINE#         322
  C:0335H         LINE#         323
  C:033BH         LINE#         324
  C:0342H         LINE#         325
  C:0348H         LINE#         326
  C:034FH         LINE#         327
  C:034FH         LINE#         328
  C:0352H         LINE#         330
  C:0352H         LINE#         335
  C:035AH         LINE#         336
  C:0395H         LINE#         337
  C:03B3H         LINE#         338
  C:03B3H         LINE#         340
  C:03BCH         LINE#         341
  C:03C3H         LINE#         342
  C:03CCH         LINE#         343
  C:03D3H         LINE#         345
  C:03D3H         LINE#         349
  C:0431H         LINE#         350
  C:0438H         LINE#         351
  C:0449H         LINE#         358
  C:0449H         LINE#         359
  C:0471H         LINE#         360
  C:0471H         LINE#         361
  C:0493H         LINE#         362
  C:0493H         LINE#         364
  C:04B9H         LINE#         365
  C:050FH         LINE#         366
  C:0518H         LINE#         367
  C:051FH         LINE#         368
  C:0528H         LINE#         369
BL51 BANKED LINKER/LOCATER V6.22                                                      08/21/2019  09:46:03  PAGE 14


  C:0531H         LINE#         370
  C:0538H         LINE#         376
  C:0538H         LINE#         382
  C:0538H         LINE#         384
  C:05B4H         LINE#         385
  C:05CDH         LINE#         386
  C:05CFH         LINE#         387
  C:05D1H         LINE#         389
  C:065BH         LINE#         394
  C:0689H         LINE#         395
  C:0689H         LINE#         397
  C:06BFH         LINE#         398
  C:06E2H         LINE#         399
  C:06F7H         LINE#         400
  C:0701H         LINE#         402
  C:0704H         LINE#         404
  C:0704H         LINE#         405
  C:072AH         LINE#         406
  C:072AH         LINE#         407
  C:0752H         LINE#         408
  C:0801H         LINE#         409
  C:0827H         LINE#         410
  C:08D9H         LINE#         413
  C:08D9H         LINE#         415
  C:08E0H         LINE#         416
  C:08E3H         LINE#         419
  C:0918H         LINE#         420
  C:091FH         LINE#         421
  C:0922H         LINE#         423
  C:095CH         LINE#         424
  C:0988H         LINE#         426
  C:09B7H         LINE#         428
  C:09BEH         LINE#         429
  C:09C5H         LINE#         430
  C:09C8H         LINE#         433
  C:0A30H         LINE#         435
  C:0A37H         LINE#         437
  C:0A3EH         LINE#         438
  C:0A41H         LINE#         441
  C:0B00H         LINE#         443
  C:0B07H         LINE#         444
  C:0B07H         LINE#         446
  C:0B07H         LINE#         448
  C:0B07H         LINE#         450
  C:0B07H         LINE#         451
  C:0B07H         LINE#         452
  C:0B07H         LINE#         469
  C:0B0FH         LINE#         470
  C:0B17H         LINE#         471
  C:0B1FH         LINE#         472
  C:0B27H         LINE#         474
  C:0B3BH         LINE#         475
  C:0B51H         LINE#         476
  C:0B81H         LINE#         477
  C:0BA1H         LINE#         479
  C:0BB5H         LINE#         480
  C:0BCBH         LINE#         481
BL51 BANKED LINKER/LOCATER V6.22                                                      08/21/2019  09:46:03  PAGE 15


  C:0BFBH         LINE#         482
  C:0C02H         LINE#         484
  C:0C26H         LINE#         487
  C:0C51H         LINE#         489
  C:0C5AH         LINE#         490
  C:0C61H         LINE#         491
  C:0C6AH         LINE#         492
  C:0C73H         LINE#         493
  C:0C7AH         LINE#         495
  C:0CB7H         LINE#         497
  C:0CC0H         LINE#         498
  C:0CC7H         LINE#         499
  C:0CD0H         LINE#         500
  C:0CD9H         LINE#         501
  C:0CE0H         LINE#         503
  C:0D0BH         LINE#         505
  C:0D14H         LINE#         506
  C:0D1BH         LINE#         507
  C:0D24H         LINE#         508
  C:0D2DH         LINE#         509
  C:0D34H         LINE#         511
  C:0D5FH         LINE#         513
  C:0D68H         LINE#         514
  C:0D6FH         LINE#         515
  C:0D78H         LINE#         516
  C:0D7FH         LINE#         517
  C:0D88H         LINE#         518
  C:0D8FH         LINE#         520
  C:0D91H         LINE#         522
  C:0D9FH         LINE#         523
  C:0D9FH         LINE#         524
  C:0DA7H         LINE#         527
  C:0DA7H         LINE#         528
  C:0DA7H         LINE#         530
  C:0DCCH         LINE#         531
  C:0DCCH         LINE#         532
  C:0DEEH         LINE#         533
  C:0DEEH         LINE#         534
  C:0E6AH         LINE#         535
  C:0E6CH         LINE#         536
  C:0E6EH         LINE#         538
  C:0EC6H         LINE#         541
  C:0ED5H         LINE#         542
  C:0ED5H         LINE#         543
  C:0ED5H         LINE#         544
  C:0ED5H         LINE#         545
  C:0ED5H         LINE#         546
  C:0ED5H         LINE#         547
  C:0ED5H         LINE#         548
  C:0ED5H         LINE#         551
  C:0ED5H         LINE#         553
  C:0ED5H         LINE#         554
  C:0ED5H         LINE#         555
  C:0ED5H         LINE#         556
  C:0ED5H         LINE#         560
  C:0ED5H         LINE#         562
  C:0ED5H         LINE#         564
BL51 BANKED LINKER/LOCATER V6.22                                                      08/21/2019  09:46:03  PAGE 16


  C:0ED5H         LINE#         565
  C:0ED5H         LINE#         566
  C:0ED5H         LINE#         567
  C:0ED5H         LINE#         568
  C:0ED5H         LINE#         569
  C:0ED5H         LINE#         572
  C:0ED5H         LINE#         574
  C:0ED5H         LINE#         575
  C:0ED5H         LINE#         576
  C:0ED5H         LINE#         577
  C:0ED5H         LINE#         578
  C:0ED5H         LINE#         579
  C:0ED5H         LINE#         580
  C:0ED5H         LINE#         582
  C:0ED8H         LINE#         585
  C:0EFFH         LINE#         586
  C:0EFFH         LINE#         589
  C:0F21H         LINE#         590
  C:0F21H         LINE#         592
  C:0F9DH         LINE#         594
  C:0FCAH         LINE#         595
  C:0FE5H         LINE#         601
  C:0FE7H         LINE#         602
  C:0FE9H         LINE#         604
  C:100DH         LINE#         605
  C:100DH         LINE#         611
  C:1033H         LINE#         613
  C:105CH         LINE#         614
  C:1060H         LINE#         615
  C:10D8H         LINE#         616
  C:10E5H         LINE#         617
  C:1174H         LINE#         618
  C:117BH         LINE#         619
  C:118CH         LINE#         621
  C:11F4H         LINE#         622
  C:11F6H         LINE#         624
  C:11F6H         LINE#         625
  C:1259H         LINE#         626
  C:1259H         LINE#         629
  C:1268H         LINE#         630
  C:1268H         LINE#         631
  C:12E6H         LINE#         632
  C:12EFH         LINE#         633
  C:12F6H         LINE#         634
  C:12FFH         LINE#         635
  C:1308H         LINE#         636
  C:130FH         LINE#         639
  C:133AH         LINE#         641
  C:1343H         LINE#         642
  C:134AH         LINE#         643
  C:1353H         LINE#         644
  C:135CH         LINE#         648
  C:1363H         LINE#         650
  C:138EH         LINE#         652
  C:1397H         LINE#         653
  C:139EH         LINE#         654
  C:13A7H         LINE#         655
BL51 BANKED LINKER/LOCATER V6.22                                                      08/21/2019  09:46:03  PAGE 17


  C:13AEH         LINE#         657
  C:13B7H         LINE#         658
  C:13BEH         LINE#         661
  C:13FCH         LINE#         663
  C:1405H         LINE#         664
  C:140CH         LINE#         665
  C:1415H         LINE#         666
  C:141EH         LINE#         667
  C:1425H         LINE#         668
  C:1425H         LINE#         670
  C:1425H         LINE#         672
  C:1425H         LINE#         673
  C:1425H         LINE#         675
  -------         ENDPROC       MAIN
  -------         PROC          UART
  C:000EH         LINE#         729
  C:000EH         LINE#         731
  C:0011H         LINE#         732
  C:0011H         LINE#         733
  C:0013H         LINE#         735
  C:0013H         LINE#         736
  C:0016H         LINE#         737
  C:0016H         LINE#         738
  C:0018H         LINE#         739
  C:001AH         LINE#         740
  C:001AH         LINE#         741
  -------         ENDPROC       UART
  -------         PROC          _SENDUART1
  D:0007H         SYMBOL        dat
  C:6710H         LINE#         743
  C:6710H         LINE#         744
  C:6710H         LINE#         745
  C:6713H         LINE#         746
  C:6715H         LINE#         747
  C:6716H         LINE#         748
  C:6718H         LINE#         749
  -------         ENDPROC       _SENDUART1
  -------         ENDMOD        MAIN

  -------         MODULE        PCF85063BTL
  C:0000H         SYMBOL        _ICE_DUMMY_
  D:0096H         PUBLIC        P2M0
  D:0080H         PUBLIC        P0
  D:0095H         PUBLIC        P2M1
  D:0090H         PUBLIC        P1
  D:00A0H         PUBLIC        P2
  D:00B0H         PUBLIC        P3
  D:00C0H         PUBLIC        P4
  D:00C8H         PUBLIC        P5
  D:00E8H         PUBLIC        P6
  B:00A0H.1       PUBLIC        PCF85063BTL_SDI
  D:00F8H         PUBLIC        P7
  B:00A0H.2       PUBLIC        PCF85063BTL_SCK
  B:00A0H.1       PUBLIC        PCF85063BTL_SDO
  D:00A8H         PUBLIC        IE
  C:5F92H         PUBLIC        _Read_time
  C:6632H         PUBLIC        _PCF85063BTL_Delay
BL51 BANKED LINKER/LOCATER V6.22                                                      08/21/2019  09:46:03  PAGE 18


  D:00B8H         PUBLIC        IP
  D:00D8H         PUBLIC        CCON
  C:5E1FH         PUBLIC        _Day_Of_Year
  C:6518H         PUBLIC        SPI_ReceiveByte
  D:0098H         PUBLIC        SCON
  D:0088H         PUBLIC        TCON
  C:6665H         PUBLIC        _BCDtoDec
  B:00A0H.0       PUBLIC        PCF85063BTL_CS
  C:6654H         PUBLIC        _SPI_ReadTime
  C:66B4H         PUBLIC        SPI_Init
  C:65A8H         PUBLIC        _SPI_WriteTime
  C:64F8H         PUBLIC        _SPI_SendByte
  D:00D0H         PUBLIC        PSW
  C:662EH         SYMBOL        L?0048
  -------         PROC          L?0047
  -------         ENDPROC       L?0047
  C:662EH         SYMBOL        L?0048
  -------         PROC          _PCF85063BTL_DELAY
  D:0006H         SYMBOL        us
  C:6632H         LINE#         8
  C:6632H         LINE#         9
  C:6632H         LINE#         10
  C:663CH         LINE#         11
  C:663CH         LINE#         12
  C:663DH         LINE#         13
  C:663FH         LINE#         14
  -------         ENDPROC       _PCF85063BTL_DELAY
  -------         PROC          _SPI_SENDBYTE
  D:0005H         SYMBOL        dat
  -------         DO            
  D:0003H         SYMBOL        i
  -------         ENDDO         
  C:64F8H         LINE#         17
  C:64FAH         LINE#         18
  C:64FAH         LINE#         20
  C:64FCH         LINE#         21
  C:64FCH         LINE#         22
  C:64FEH         LINE#         23
  C:6502H         LINE#         24
  C:6502H         LINE#         25
  C:6504H         LINE#         26
  C:6506H         LINE#         28
  C:6506H         LINE#         29
  C:6508H         LINE#         30
  C:6508H         LINE#         31
  C:650BH         LINE#         32
  C:650BH         LINE#         33
  C:650EH         LINE#         34
  C:6512H         LINE#         35
  C:6517H         LINE#         36
  -------         ENDPROC       _SPI_SENDBYTE
  -------         PROC          SPI_RECEIVEBYTE
  -------         DO            
  D:0003H         SYMBOL        i
  D:0005H         SYMBOL        dat
  -------         ENDDO         
  C:6518H         LINE#         39
BL51 BANKED LINKER/LOCATER V6.22                                                      08/21/2019  09:46:03  PAGE 19


  C:6518H         LINE#         40
  C:6518H         LINE#         42
  C:651AH         LINE#         44
  C:651CH         LINE#         45
  C:651DH         LINE#         46
  C:651DH         LINE#         47
  C:6521H         LINE#         48
  C:6523H         LINE#         49
  C:6526H         LINE#         51
  C:6529H         LINE#         52
  C:6529H         LINE#         53
  C:652DH         LINE#         54
  C:652DH         LINE#         55
  C:652DH         LINE#         56
  C:6530H         LINE#         57
  C:6535H         LINE#         58
  C:6537H         LINE#         59
  -------         ENDPROC       SPI_RECEIVEBYTE
  -------         PROC          _SPI_READTIME
  D:0007H         SYMBOL        addr
  -------         DO            
  D:0006H         SYMBOL        dat
  -------         ENDDO         
  C:6654H         LINE#         61
  C:6654H         LINE#         62
  C:6654H         LINE#         64
  C:6656H         LINE#         65
  C:6658H         LINE#         66
  C:665FH         LINE#         67
  C:6662H         LINE#         68
  C:6664H         LINE#         69
  C:6664H         LINE#         70
  -------         ENDPROC       _SPI_READTIME
  -------         PROC          _SPI_WRITETIME
  D:0002H         SYMBOL        val
  D:0005H         SYMBOL        addr
  C:65A8H         LINE#         71
  C:65AAH         LINE#         72
  C:65AAH         LINE#         74
  C:65ACH         LINE#         75
  C:65B3H         LINE#         76
  C:65B8H         LINE#         77
  C:65BDH         LINE#         78
  C:65BFH         LINE#         79
  -------         ENDPROC       _SPI_WRITETIME
  -------         PROC          SPI_INIT
  C:66B4H         LINE#         83
  C:66B4H         LINE#         84
  C:66B4H         LINE#         89
  C:66B7H         LINE#         90
  C:66BAH         LINE#         91
  C:66BCH         LINE#         92
  C:66BEH         LINE#         93
  C:66C0H         LINE#         94
  -------         ENDPROC       SPI_INIT
  -------         PROC          _READ_TIME
  X:04E9H         SYMBOL        months
BL51 BANKED LINKER/LOCATER V6.22                                                      08/21/2019  09:46:03  PAGE 20


  X:04ECH         SYMBOL        days
  X:04EFH         SYMBOL        hours
  X:04F2H         SYMBOL        mins
  X:04F5H         SYMBOL        seconds
  C:5F92H         LINE#         96
  C:5F9DH         LINE#         97
  C:5F9DH         LINE#         99
  C:5FB1H         LINE#         101
  C:5FC5H         LINE#         103
  C:5FD9H         LINE#         108
  C:5FEDH         LINE#         113
  -------         ENDPROC       _READ_TIME
  -------         PROC          _BCDTODEC
  D:0007H         SYMBOL        bcd
  -------         DO            
  D:0006H         SYMBOL        hi
  D:0007H         SYMBOL        lo
  -------         ENDDO         
  C:6665H         LINE#         119
  C:6665H         LINE#         120
  C:6665H         LINE#         122
  C:666AH         LINE#         123
  C:666EH         LINE#         124
  C:6675H         LINE#         125
  -------         ENDPROC       _BCDTODEC
  -------         PROC          _DAY_OF_YEAR
  D:0007H         SYMBOL        months_bcd
  D:0005H         SYMBOL        days_bcd
  -------         DO            
  D:0004H         SYMBOL        months
  D:0007H         SYMBOL        days
  -------         ENDDO         
  C:5E1FH         LINE#         126
  C:5E1FH         LINE#         127
  C:5E1FH         LINE#         130
  C:5E24H         LINE#         132
  C:5E29H         LINE#         134
  C:5E62H         LINE#         135
  C:5E62H         LINE#         136
  C:5E62H         LINE#         137
  C:5E65H         LINE#         138
  C:5E65H         LINE#         139
  C:5E65H         LINE#         140
  C:5E6AH         LINE#         141
  C:5E6AH         LINE#         142
  C:5E6AH         LINE#         143
  C:5E6FH         LINE#         144
  C:5E6FH         LINE#         145
  C:5E6FH         LINE#         146
  C:5E74H         LINE#         147
  C:5E74H         LINE#         148
  C:5E74H         LINE#         149
  C:5E79H         LINE#         150
  C:5E79H         LINE#         151
  C:5E79H         LINE#         152
  C:5E7EH         LINE#         153
  C:5E7EH         LINE#         154
BL51 BANKED LINKER/LOCATER V6.22                                                      08/21/2019  09:46:03  PAGE 21


  C:5E7EH         LINE#         155
  C:5E83H         LINE#         156
  C:5E83H         LINE#         157
  C:5E83H         LINE#         158
  C:5E88H         LINE#         159
  C:5E88H         LINE#         160
  C:5E88H         LINE#         161
  C:5E90H         LINE#         162
  C:5E90H         LINE#         163
  C:5E90H         LINE#         164
  C:5E95H         LINE#         165
  C:5E95H         LINE#         166
  C:5E95H         LINE#         167
  C:5E9AH         LINE#         168
  C:5E9AH         LINE#         169
  C:5E9AH         LINE#         170
  C:5EA3H         LINE#         171
  C:5EA3H         LINE#         172
  C:5EA3H         LINE#         173
  C:5EA6H         LINE#         174
  C:5EA6H         LINE#         175
  -------         ENDPROC       _DAY_OF_YEAR
  -------         ENDMOD        PCF85063BTL

  -------         MODULE        LCD_DRIVER_SPLC780D
  C:0000H         SYMBOL        _ICE_DUMMY_
  D:0092H         PUBLIC        P1M0
  D:0091H         PUBLIC        P1M1
  D:0080H         PUBLIC        P0
  D:0090H         PUBLIC        P1
  D:00A0H         PUBLIC        P2
  D:00B0H         PUBLIC        P3
  D:00C0H         PUBLIC        P4
  D:00C8H         PUBLIC        P5
  D:00E8H         PUBLIC        P6
  D:00F8H         PUBLIC        P7
  C:5EABH         PUBLIC        _WriteData
  D:00A8H         PUBLIC        IE
  D:00B8H         PUBLIC        IP
  D:00D8H         PUBLIC        CCON
  B:00B0H.4       PUBLIC        LCD_D4
  B:00B0H.5       PUBLIC        LCD_D5
  B:00B0H.6       PUBLIC        LCD_D6
  C:6556H         PUBLIC        _DisplayLCD
  B:00B0H.7       PUBLIC        LCD_D7
  D:0098H         PUBLIC        SCON
  D:0088H         PUBLIC        TCON
  C:66FDH         PUBLIC        LCD_clear
  C:622DH         PUBLIC        _Command
  C:65EDH         PUBLIC        _Display_Line
  C:605BH         PUBLIC        LCD_Init
  C:6495H         PUBLIC        _Wait_ms
  B:00C0H.0       PUBLIC        LCD_RS
  B:0090H.3       PUBLIC        LCD_RW
  C:66F3H         PUBLIC        LCD_return_home
  C:50C6H         PUBLIC        _Display_Pos
  B:00B0H.3       PUBLIC        LCD_E
BL51 BANKED LINKER/LOCATER V6.22                                                      08/21/2019  09:46:03  PAGE 22


  D:00D0H         PUBLIC        PSW
  -------         PROC          LCD_INIT
  C:605BH         LINE#         9
  C:605BH         LINE#         10
  C:605BH         LINE#         11
  C:605EH         LINE#         12
  C:6061H         LINE#         14
  C:6067H         LINE#         15
  C:606CH         LINE#         17
  C:6073H         LINE#         18
  C:6078H         LINE#         20
  C:607BH         LINE#         21
  C:6080H         LINE#         23
  C:6083H         LINE#         24
  C:6088H         LINE#         26
  C:608FH         LINE#         29
  C:6094H         LINE#         30
  C:6099H         LINE#         32
  C:609EH         LINE#         33
  C:60A3H         LINE#         35
  C:60A8H         LINE#         36
  C:60ADH         LINE#         37
  -------         ENDPROC       LCD_INIT
  C:5EA7H         SYMBOL        L?0035
  -------         PROC          L?0034
  -------         ENDPROC       L?0034
  C:5EA7H         SYMBOL        L?0035
  -------         PROC          _WRITEDATA
  X:04F4H         SYMBOL        dat
  C:5EABH         LINE#         40
  C:5EB0H         LINE#         41
  C:5EB0H         LINE#         46
  C:5EB2H         LINE#         47
  C:5EB4H         LINE#         49
  C:5EC2H         LINE#         50
  C:5ECEH         LINE#         51
  C:5EDAH         LINE#         52
  C:5EE4H         LINE#         53
  C:5EE6H         LINE#         54
  C:5EEDH         LINE#         55
  C:5EEFH         LINE#         57
  C:5EFFH         LINE#         58
  C:5F0AH         LINE#         59
  C:5F14H         LINE#         60
  C:5F18H         LINE#         62
  C:5F18H         LINE#         63
  C:5F1BH         LINE#         64
  C:5F1DH         LINE#         65
  C:5F1FH         LINE#         67
  -------         ENDPROC       _WRITEDATA
  -------         PROC          _COMMAND
  D:0007H         SYMBOL        dat
  C:622DH         LINE#         69
  C:622DH         LINE#         70
  C:622DH         LINE#         71
  C:622FH         LINE#         72
  C:6231H         LINE#         74
BL51 BANKED LINKER/LOCATER V6.22                                                      08/21/2019  09:46:03  PAGE 23


  C:623BH         LINE#         75
  C:623FH         LINE#         77
  C:6241H         LINE#         78
  C:624AH         LINE#         79
  C:624EH         LINE#         81
  C:6250H         LINE#         82
  C:6257H         LINE#         83
  C:625BH         LINE#         85
  C:625DH         LINE#         86
  C:6261H         LINE#         87
  C:6265H         LINE#         89
  C:6267H         LINE#         90
  C:6267H         LINE#         91
  C:626AH         LINE#         92
  C:626CH         LINE#         93
  -------         ENDPROC       _COMMAND
  C:6491H         SYMBOL        L?0037
  -------         PROC          L?0036
  -------         ENDPROC       L?0036
  C:6491H         SYMBOL        L?0037
  -------         PROC          _WAIT_MS
  D:0006H         SYMBOL        ms
  -------         DO            
  D:0004H         SYMBOL        De_Cnt
  -------         ENDDO         
  C:6495H         LINE#         95
  C:6495H         LINE#         96
  C:6495H         LINE#         98
  C:649FH         LINE#         99
  C:649FH         LINE#         100
  C:64B2H         LINE#         101
  C:64B2H         LINE#         102
  -------         ENDPROC       _WAIT_MS
  -------         PROC          _DISPLAYLCD
  D:0007H         SYMBOL        BCD
  -------         DO            
  D:0006H         SYMBOL        first_digit
  X:03F8H         SYMBOL        second_digit
  -------         ENDDO         
  C:6556H         LINE#         103
  C:6556H         LINE#         104
  C:6556H         LINE#         106
  C:655DH         LINE#         107
  C:6566H         LINE#         109
  C:656BH         LINE#         111
  -------         ENDPROC       _DISPLAYLCD
  -------         PROC          LCD_RETURN_HOME
  C:66F3H         LINE#         115
  C:66F3H         LINE#         116
  C:66F3H         LINE#         117
  C:66F8H         LINE#         118
  -------         ENDPROC       LCD_RETURN_HOME
  -------         PROC          LCD_CLEAR
  C:66FDH         LINE#         121
  C:66FDH         LINE#         122
  C:66FDH         LINE#         123
  C:6702H         LINE#         124
BL51 BANKED LINKER/LOCATER V6.22                                                      08/21/2019  09:46:03  PAGE 24


  -------         ENDPROC       LCD_CLEAR
  -------         PROC          _DISPLAY_LINE
  D:0006H         SYMBOL        line
  C:65EDH         LINE#         128
  C:65EDH         LINE#         129
  C:65EDH         LINE#         130
  C:65F3H         LINE#         131
  C:65F3H         LINE#         132
  C:65F5H         LINE#         133
  C:65F5H         LINE#         134
  C:65F7H         LINE#         136
  C:65F7H         LINE#         137
  C:65FCH         LINE#         138
  C:6601H         LINE#         139
  C:6601H         LINE#         140
  -------         ENDPROC       _DISPLAY_LINE
  -------         PROC          _DISPLAY_POS
  X:04E9H         SYMBOL        sign_dat
  -------         DO            
  X:04EDH         SYMBOL        unit
  X:04EEH         SYMBOL        ten
  X:04EFH         SYMBOL        hundred
  X:04F0H         SYMBOL        thousand
  X:04F1H         SYMBOL        after_dot
  X:04F2H         SYMBOL        dat
  -------         ENDDO         
  C:50C6H         LINE#         142
  C:50CCH         LINE#         143
  C:50CCH         LINE#         147
  C:50E8H         LINE#         148
  C:5102H         LINE#         149
  C:5126H         LINE#         151
  C:5170H         LINE#         153
  C:5187H         LINE#         154
  C:5199H         LINE#         155
  C:51BEH         LINE#         156
  C:51D8H         LINE#         157
  C:51F0H         LINE#         158
  C:51F0H         LINE#         159
  C:51F0H         LINE#         160
  C:51F0H         LINE#         161
  C:51F0H         LINE#         162
  C:51F0H         LINE#         163
  C:51F0H         LINE#         164
  C:51F0H         LINE#         168
  C:51F2H         LINE#         170
  C:51F2H         LINE#         172
  C:51F7H         LINE#         173
  C:51FDH         LINE#         174
  C:5203H         LINE#         175
  C:5209H         LINE#         176
  C:520FH         LINE#         177
  C:5214H         LINE#         178
  C:521AH         LINE#         182
  C:521AH         LINE#         184
  -------         ENDPROC       _DISPLAY_POS
  -------         ENDMOD        LCD_DRIVER_SPLC780D
BL51 BANKED LINKER/LOCATER V6.22                                                      08/21/2019  09:46:03  PAGE 25



  -------         MODULE        KEYPAD
  C:0000H         SYMBOL        _ICE_DUMMY_
  D:0093H         PUBLIC        P0M1
  D:0080H         PUBLIC        P0
  D:0090H         PUBLIC        P1
  D:00A0H         PUBLIC        P2
  D:00B0H         PUBLIC        P3
  D:00C0H         PUBLIC        P4
  D:00C8H         PUBLIC        P5
  D:00E8H         PUBLIC        P6
  D:00F8H         PUBLIC        P7
  D:00A8H         PUBLIC        IE
  C:4AC2H         PUBLIC        Key_Scan
  D:00B8H         PUBLIC        IP
  D:00D8H         PUBLIC        CCON
  C:66DBH         PUBLIC        KeyPad_IO_Init
  C:6538H         PUBLIC        _Delay_ms
  D:0098H         PUBLIC        SCON
  D:0088H         PUBLIC        TCON
  X:0649H         PUBLIC        small_move
  X:064BH         PUBLIC        move
  X:064DH         PUBLIC        auto_mode
  X:064FH         PUBLIC        direction
  X:0651H         PUBLIC        SPI_NOR_ClearEnable
  C:41EFH         PUBLIC        Key_Process
  D:00D0H         PUBLIC        PSW
  D:0094H         PUBLIC        P0M0
  -------         PROC          _DELAY_MS
  D:0006H         SYMBOL        ms
  -------         DO            
  D:0004H         SYMBOL        De_Cnt
  -------         ENDDO         
  C:6538H         LINE#         20
  C:6538H         LINE#         21
  C:6538H         LINE#         23
  C:6542H         LINE#         24
  C:6542H         LINE#         25
  C:6555H         LINE#         26
  C:6555H         LINE#         27
  -------         ENDPROC       _DELAY_MS
  -------         PROC          KEY_SCAN
  -------         DO            
  X:03FEH         SYMBOL        KeyTemp1
  X:03FFH         SYMBOL        KeyTemp2
  X:0400H         SYMBOL        KeyValue
  -------         ENDDO         
  C:4AC2H         LINE#         28
  C:4AC2H         LINE#         29
  C:4AC2H         LINE#         34
  C:4AC5H         LINE#         37
  C:4AC8H         LINE#         39
  C:4AD0H         LINE#         40
  C:4AD7H         LINE#         41
  C:4AD7H         LINE#         43
  C:4ADCH         LINE#         44
  C:4AE3H         LINE#         45
BL51 BANKED LINKER/LOCATER V6.22                                                      08/21/2019  09:46:03  PAGE 26


  C:4AE3H         LINE#         48
  C:4AE6H         LINE#         49
  C:4AE9H         LINE#         50
  C:4AEEH         LINE#         51
  C:4AF2H         LINE#         52
  C:4AF2H         LINE#         53
  C:4AFAH         LINE#         54
  C:4AFAH         LINE#         55
  C:4AFDH         LINE#         56
  C:4B05H         LINE#         57
  C:4B07H         LINE#         59
  C:4B1BH         LINE#         60
  C:4B1BH         LINE#         61
  C:4B1BH         LINE#         62
  C:4B1BH         LINE#         63
  C:4B21H         LINE#         65
  C:4B23H         LINE#         66
  C:4B23H         LINE#         67
  C:4B23H         LINE#         68
  C:4B29H         LINE#         70
  C:4B2BH         LINE#         71
  C:4B2BH         LINE#         72
  C:4B2BH         LINE#         73
  C:4B31H         LINE#         75
  C:4B33H         LINE#         76
  C:4B33H         LINE#         77
  C:4B33H         LINE#         78
  C:4B39H         LINE#         80
  C:4B39H         LINE#         81
  C:4B39H         LINE#         82
  C:4B39H         LINE#         85
  C:4B3CH         LINE#         86
  C:4B3FH         LINE#         87
  C:4B47H         LINE#         88
  C:4B4BH         LINE#         89
  C:4B4BH         LINE#         90
  C:4B53H         LINE#         91
  C:4B53H         LINE#         92
  C:4B56H         LINE#         93
  C:4B5EH         LINE#         94
  C:4B60H         LINE#         95
  C:4B74H         LINE#         96
  C:4B74H         LINE#         97
  C:4B74H         LINE#         98
  C:4B74H         LINE#         99
  C:4B7AH         LINE#         101
  C:4B7CH         LINE#         102
  C:4B7CH         LINE#         103
  C:4B7CH         LINE#         104
  C:4B82H         LINE#         106
  C:4B84H         LINE#         107
  C:4B84H         LINE#         108
  C:4B84H         LINE#         109
  C:4B8AH         LINE#         111
  C:4B8CH         LINE#         112
  C:4B8CH         LINE#         113
  C:4B8CH         LINE#         114
BL51 BANKED LINKER/LOCATER V6.22                                                      08/21/2019  09:46:03  PAGE 27


  C:4B91H         LINE#         116
  C:4B91H         LINE#         117
  C:4B91H         LINE#         118
  C:4B91H         LINE#         121
  C:4B94H         LINE#         122
  C:4B97H         LINE#         123
  C:4B9FH         LINE#         124
  C:4BA3H         LINE#         125
  C:4BA3H         LINE#         126
  C:4BABH         LINE#         127
  C:4BABH         LINE#         128
  C:4BAEH         LINE#         129
  C:4BB6H         LINE#         130
  C:4BB8H         LINE#         131
  C:4BCCH         LINE#         132
  C:4BCCH         LINE#         133
  C:4BCCH         LINE#         134
  C:4BCCH         LINE#         135
  C:4BD2H         LINE#         137
  C:4BD4H         LINE#         138
  C:4BD4H         LINE#         139
  C:4BD4H         LINE#         140
  C:4BDAH         LINE#         142
  C:4BDCH         LINE#         143
  C:4BDCH         LINE#         144
  C:4BDCH         LINE#         145
  C:4BE2H         LINE#         147
  C:4BE4H         LINE#         148
  C:4BE4H         LINE#         149
  C:4BE4H         LINE#         150
  C:4BEAH         LINE#         152
  C:4BEAH         LINE#         153
  C:4BEAH         LINE#         154
  C:4BEAH         LINE#         158
  C:4BEDH         LINE#         159
  C:4BF0H         LINE#         160
  C:4BF8H         LINE#         161
  C:4BFCH         LINE#         162
  C:4BFCH         LINE#         163
  C:4C04H         LINE#         164
  C:4C04H         LINE#         165
  C:4C07H         LINE#         166
  C:4C0FH         LINE#         167
  C:4C11H         LINE#         168
  C:4C25H         LINE#         169
  C:4C25H         LINE#         170
  C:4C25H         LINE#         171
  C:4C25H         LINE#         172
  C:4C2BH         LINE#         174
  C:4C2DH         LINE#         175
  C:4C2DH         LINE#         176
  C:4C2DH         LINE#         177
  C:4C33H         LINE#         179
  C:4C35H         LINE#         180
  C:4C35H         LINE#         181
  C:4C35H         LINE#         182
  C:4C3BH         LINE#         184
BL51 BANKED LINKER/LOCATER V6.22                                                      08/21/2019  09:46:03  PAGE 28


  C:4C3DH         LINE#         185
  C:4C3DH         LINE#         186
  C:4C3DH         LINE#         187
  C:4C43H         LINE#         189
  C:4C43H         LINE#         190
  C:4C43H         LINE#         191
  C:4C43H         LINE#         193
  C:4C49H         LINE#         194
  C:4C49H         LINE#         196
  C:4C49H         LINE#         197
  C:4C4CH         LINE#         198
  C:4C4CH         LINE#         199
  C:4C4CH         LINE#         201
  C:4C4CH         LINE#         202
  C:4C4EH         LINE#         203
  C:4C4EH         LINE#         204
  -------         ENDPROC       KEY_SCAN
  -------         PROC          KEY_PROCESS
  -------         DO            
  X:063AH         SYMBOL        KeyCount
  X:063BH         SYMBOL        KeyNum_Old
  X:063DH         SYMBOL        KeyNum
  X:063FH         SYMBOL        PressedKey
  X:03F8H         SYMBOL        d
  D:0002H         SYMBOL        hours
  D:0006H         SYMBOL        mins
  X:03FAH         SYMBOL        months
  X:03FCH         SYMBOL        days
  -------         ENDDO         
  C:41EFH         LINE#         205
  C:41EFH         LINE#         206
  C:41EFH         LINE#         210
  C:41FEH         LINE#         211
  C:420BH         LINE#         213
  C:420FH         LINE#         214
  C:420FH         LINE#         215
  C:4215H         LINE#         217
  C:4215H         LINE#         218
  C:422CH         LINE#         219
  C:422CH         LINE#         220
  C:4236H         LINE#         221
  C:423CH         LINE#         223
  C:4242H         LINE#         225
  C:4242H         LINE#         226
  C:4259H         LINE#         227
  C:4259H         LINE#         228
  C:425EH         LINE#         230
  C:425EH         LINE#         231
  C:426EH         LINE#         232
  C:426EH         LINE#         233
  C:4274H         LINE#         235
  C:4274H         LINE#         236
  C:4286H         LINE#         237
  C:4286H         LINE#         238
  C:4290H         LINE#         239
  C:4298H         LINE#         241
  C:42A1H         LINE#         243
BL51 BANKED LINKER/LOCATER V6.22                                                      08/21/2019  09:46:03  PAGE 29


  C:42A1H         LINE#         252
  C:42C0H         LINE#         253
  C:42C0H         LINE#         254
  C:42DFH         LINE#         255
  C:42E5H         LINE#         256
  C:42EDH         LINE#         257
  C:42EDH         LINE#         259
  C:42EEH         LINE#         265
  C:42FAH         LINE#         266
  C:42FAH         LINE#         267
  C:4317H         LINE#         268
  C:432EH         LINE#         269
  C:4345H         LINE#         270
  C:4345H         LINE#         271
  C:4358H         LINE#         272
  C:436BH         LINE#         273
  C:436BH         LINE#         274
  C:436BH         LINE#         275
  C:436EH         LINE#         280
  C:437DH         LINE#         281
  C:437DH         LINE#         282
  C:43A0H         LINE#         283
  C:43BDH         LINE#         284
  C:43C6H         LINE#         285
  C:43C6H         LINE#         286
  C:43CDH         LINE#         287
  C:43CDH         LINE#         288
  C:43DEH         LINE#         289
  C:43DEH         LINE#         290
  C:43EDH         LINE#         291
  C:43EDH         LINE#         292
  C:43EDH         LINE#         293
  C:43F0H         LINE#         295
  C:43F0H         LINE#         296
  C:43FCH         LINE#         297
  C:43FCH         LINE#         298
  C:440EH         LINE#         299
  C:440EH         LINE#         300
  C:441EH         LINE#         301
  C:441EH         LINE#         302
  C:441EH         LINE#         304
  C:4420H         LINE#         306
  C:4420H         LINE#         307
  C:442FH         LINE#         308
  C:442FH         LINE#         309
  C:443FH         LINE#         310
  C:443FH         LINE#         311
  C:443FH         LINE#         313
  C:443FH         LINE#         315
  C:443FH         LINE#         316
  C:4441H         LINE#         318
  C:4441H         LINE#         319
  C:4448H         LINE#         320
  C:4448H         LINE#         321
  C:4457H         LINE#         322
  C:4457H         LINE#         323
  C:4467H         LINE#         324
BL51 BANKED LINKER/LOCATER V6.22                                                      08/21/2019  09:46:03  PAGE 30


  C:4467H         LINE#         325
  C:4467H         LINE#         326
  C:4469H         LINE#         328
  C:4469H         LINE#         329
  C:4478H         LINE#         330
  C:4478H         LINE#         331
  C:448BH         LINE#         332
  C:449EH         LINE#         333
  C:449EH         LINE#         334
  C:449EH         LINE#         335
  C:449EH         LINE#         336
  C:44A7H         LINE#         338
  C:44A7H         LINE#         340
  C:44E1H         LINE#         341
  C:44E1H         LINE#         342
  C:44E8H         LINE#         343
  C:44E8H         LINE#         344
  C:44F2H         LINE#         345
  C:44F2H         LINE#         346
  C:44F5H         LINE#         347
  C:44FAH         LINE#         348
  C:44FFH         LINE#         349
  C:4504H         LINE#         350
  C:4509H         LINE#         351
  C:450EH         LINE#         352
  C:4513H         LINE#         353
  C:4518H         LINE#         354
  C:4518H         LINE#         355
  C:4518H         LINE#         357
  C:4536H         LINE#         358
  C:4536H         LINE#         359
  C:453DH         LINE#         360
  C:453DH         LINE#         361
  C:4542H         LINE#         362
  C:454BH         LINE#         363
  C:456AH         LINE#         364
  C:456AH         LINE#         365
  C:457AH         LINE#         367
  C:457AH         LINE#         371
  -------         ENDPROC       KEY_PROCESS
  -------         PROC          KEYPAD_IO_INIT
  C:66DBH         LINE#         374
  C:66DBH         LINE#         375
  C:66DBH         LINE#         376
  C:66DEH         LINE#         377
  C:66E1H         LINE#         378
  C:66E4H         LINE#         379
  C:66E6H         LINE#         380
  -------         ENDPROC       KEYPAD_IO_INIT
  -------         ENDMOD        KEYPAD

  -------         MODULE        BIPOLARMOTOR
  C:0000H         SYMBOL        _ICE_DUMMY_
  X:0000H         PUBLIC        UTC_time
  D:0080H         PUBLIC        P0
  D:0090H         PUBLIC        P1
  X:0004H         PUBLIC        RX_pos_test
BL51 BANKED LINKER/LOCATER V6.22                                                      08/21/2019  09:46:03  PAGE 31


  D:00A0H         PUBLIC        P2
  D:00B0H         PUBLIC        P3
  D:00C0H         PUBLIC        P4
  D:00C8H         PUBLIC        P5
  D:00E8H         PUBLIC        P6
  D:00F8H         PUBLIC        P7
  X:00A4H         PUBLIC        low_date_azimuth_mapping
  D:00A8H         PUBLIC        IE
  C:586BH         PUBLIC        linear_interpolate
  X:00CCH         PUBLIC        declination
  C:63CCH         PUBLIC        _Move
  D:00B8H         PUBLIC        IP
  X:00D0H         PUBLIC        time_offset
  D:00D8H         PUBLIC        CCON
  X:00D4H         PUBLIC        previous_move_time
  X:00D5H         PUBLIC        time
  D:0098H         PUBLIC        SCON
  D:0088H         PUBLIC        TCON
  C:626DH         PUBLIC        _Step_move
  X:00E7H         PUBLIC        dat
  X:00EDH         PUBLIC        current_local_sun_time
  C:2E86H         PUBLIC        _Update_position
  C:457BH         PUBLIC        _elevation_calculation
  X:00F1H         PUBLIC        sunCoord
  C:6155H         PUBLIC        vOneStepMove
  X:00F4H         PUBLIC        elevation_stamp
  X:0130H         PUBLIC        date_azimuth_mapping
  X:0158H         PUBLIC        location
  X:0160H         PUBLIC        RX_pos
  C:6602H         PUBLIC        vSetLocation
  C:657DH         PUBLIC        _BCDtoDec1
  X:03B8H         PUBLIC        degree
  C:3457H         PUBLIC        _TheoricalJP_Position
  D:00D0H         PUBLIC        PSW
  -------         PROC          VSETLOCATION
  C:6602H         LINE#         44
  C:6602H         LINE#         45
  C:6602H         LINE#         46
  C:660CH         LINE#         47
  C:6616H         LINE#         48
  -------         ENDPROC       VSETLOCATION
  C:6579H         SYMBOL        L?0056
  -------         PROC          L?0055
  -------         ENDPROC       L?0055
  C:6579H         SYMBOL        L?0056
  -------         PROC          _BCDTODEC1
  D:0007H         SYMBOL        bcd
  -------         DO            
  D:0006H         SYMBOL        hi
  D:0007H         SYMBOL        lo
  -------         ENDDO         
  C:657DH         LINE#         49
  C:657DH         LINE#         50
  C:657DH         LINE#         52
  C:6582H         LINE#         53
  C:6586H         LINE#         54
  C:658DH         LINE#         55
BL51 BANKED LINKER/LOCATER V6.22                                                      08/21/2019  09:46:03  PAGE 32


  -------         ENDPROC       _BCDTODEC1
  -------         PROC          VONESTEPMOVE
  B:0020H.3       SYMBOL        bDir
  C:6155H         LINE#         59
  C:6155H         LINE#         60
  C:6155H         LINE#         62
  C:615BH         LINE#         63
  C:615BH         LINE#         64
  C:615EH         LINE#         65
  C:6167H         LINE#         66
  C:616EH         LINE#         67
  C:6173H         LINE#         68
  C:6173H         LINE#         69
  C:6173H         LINE#         71
  C:6175H         LINE#         74
  C:6175H         LINE#         75
  C:6178H         LINE#         76
  C:6181H         LINE#         77
  C:6188H         LINE#         78
  C:618EH         LINE#         79
  C:6197H         LINE#         80
  C:619EH         LINE#         81
  C:619EH         LINE#         85
  -------         ENDPROC       VONESTEPMOVE
  -------         PROC          _STEP_MOVE
  X:04EDH         SYMBOL        step
  B:0020H.2       SYMBOL        dir
  -------         DO            
  X:04EFH         SYMBOL        i
  -------         ENDDO         
  C:626DH         LINE#         87
  C:6275H         LINE#         88
  C:6275H         LINE#         90
  C:627AH         LINE#         93
  C:6295H         LINE#         94
  C:6295H         LINE#         95
  C:629CH         LINE#         97
  C:62ACH         LINE#         99
  -------         ENDPROC       _STEP_MOVE
  -------         PROC          _MOVE
  X:04E9H         SYMBOL        distance
  B:0020H.1       SYMBOL        direction
  -------         DO            
  D:0006H         SYMBOL        step
  -------         ENDDO         
  C:63CCH         LINE#         101
  C:63D2H         LINE#         102
  C:63D2H         LINE#         105
  C:63EDH         LINE#         108
  -------         ENDPROC       _MOVE
  C:585AH         SYMBOL        L?0054
  -------         PROC          L?0053
  -------         ENDPROC       L?0053
  C:585AH         SYMBOL        L?0054
  -------         PROC          LINEAR_INTERPOLATE
  X:049EH         SYMBOL        p1
  X:04A6H         SYMBOL        p2
BL51 BANKED LINKER/LOCATER V6.22                                                      08/21/2019  09:46:03  PAGE 33


  X:04AEH         SYMBOL        x
  -------         DO            
  D:0004H         SYMBOL        fx
  -------         ENDDO         
  C:586BH         LINE#         141
  C:586BH         LINE#         142
  C:586BH         LINE#         145
  C:590AH         LINE#         147
  C:590AH         LINE#         148
  -------         ENDPROC       LINEAR_INTERPOLATE
  -------         PROC          _THEORICALJP_POSITION
  X:0442H         SYMBOL        azimuth
  X:0446H         SYMBOL        elevation
  -------         DO            
  X:044AH         SYMBOL        pos_interpolate_azimuth
  X:0486H         SYMBOL        JP_pos
  X:048AH         SYMBOL        i
  X:048CH         SYMBOL        yy
  X:048EH         SYMBOL        p1
  X:0496H         SYMBOL        p2
  -------         ENDDO         
  C:3457H         LINE#         151
  C:345DH         LINE#         152
  C:345DH         LINE#         154
  C:3467H         LINE#         157
  C:3483H         LINE#         158
  C:3483H         LINE#         159
  C:34F3H         LINE#         160
  C:34F3H         LINE#         161
  C:34FAH         LINE#         162
  C:34FAH         LINE#         163
  C:3527H         LINE#         164
  C:3542H         LINE#         166
  C:3589H         LINE#         167
  C:35BDH         LINE#         169
  C:3603H         LINE#         170
  C:3628H         LINE#         172
  C:3628H         LINE#         174
  C:369EH         LINE#         175
  C:369EH         LINE#         176
  C:36A5H         LINE#         177
  C:36A5H         LINE#         178
  C:36D2H         LINE#         179
  C:36EDH         LINE#         181
  C:3734H         LINE#         182
  C:3768H         LINE#         184
  C:37AEH         LINE#         185
  C:37D0H         LINE#         187
  C:37D0H         LINE#         188
  C:37E4H         LINE#         191
  C:3800H         LINE#         192
  C:3800H         LINE#         193
  C:3870H         LINE#         194
  C:3870H         LINE#         195
  C:389DH         LINE#         196
  C:38B8H         LINE#         198
  C:38E5H         LINE#         199
BL51 BANKED LINKER/LOCATER V6.22                                                      08/21/2019  09:46:03  PAGE 34


  C:3900H         LINE#         201
  C:3932H         LINE#         204
  C:3932H         LINE#         206
  C:3943H         LINE#         207
  C:3951H         LINE#         209
  -------         ENDPROC       _THEORICALJP_POSITION
  -------         PROC          _UPDATE_POSITION
  D:0001H         SYMBOL        mnths
  D:0002H         SYMBOL        dys
[...]
  C:4CE8H         LINE#         332
  C:4CE8H         LINE#         334
  C:4CEBH         LINE#         336
  C:4D05H         LINE#         337
  C:4D05H         LINE#         338
  C:4D05H         LINE#         340
  C:4D08H         LINE#         342
BL51 BANKED LINKER/LOCATER V6.22                                                      08/21/2019  09:46:03  PAGE 52


  C:4D22H         LINE#         343
  C:4D22H         LINE#         344
  C:4D22H         LINE#         346
  C:4D25H         LINE#         348
  C:4D3FH         LINE#         349
  C:4D3FH         LINE#         350
  C:4D3FH         LINE#         352
  C:4D42H         LINE#         354
  C:4D5CH         LINE#         355
  C:4D5CH         LINE#         356
  C:4D5CH         LINE#         358
  C:4D5FH         LINE#         360
  C:4D79H         LINE#         361
  C:4D79H         LINE#         362
  C:4D79H         LINE#         364
  C:4D7CH         LINE#         366
  C:4D96H         LINE#         367
  C:4D96H         LINE#         368
  C:4D96H         LINE#         370
  C:4D99H         LINE#         372
  C:4DB3H         LINE#         373
  C:4DBAH         LINE#         374
  -------         ENDPROC       SPI_NOR_WRITE_DATA
  -------         ENDMOD        AT25SF041

  -------         MODULE        SI1120
  C:0000H         SYMBOL        _ICE_DUMMY_
  D:0080H         PUBLIC        P0
  D:00B2H         PUBLIC        P3M0
  D:0090H         PUBLIC        P1
  D:00B1H         PUBLIC        P3M1
  D:00A0H         PUBLIC        P2
  D:00B0H         PUBLIC        P3
  D:00C0H         PUBLIC        P4
  D:00C8H         PUBLIC        P5
  B:00A8H.7       PUBLIC        EA
  D:00E8H         PUBLIC        P6
  D:00F8H         PUBLIC        P7
  D:00A8H         PUBLIC        IE
  D:00B8H         PUBLIC        IP
  C:631BH         PUBLIC        SI1120_CONFIG_MODE_VIRH
  D:00D8H         PUBLIC        CCON
  D:0098H         PUBLIC        SCON
  D:0088H         PUBLIC        TCON
  C:66C1H         PUBLIC        Enable_EXTINT0
  B:0090H.5       PUBLIC        SI1120_STX
  B:0088H.0       PUBLIC        IT0
  B:00A8H.0       PUBLIC        EX0
  B:0090H.4       PUBLIC        SI1120_MD
  B:0090H.6       PUBLIC        SI1120_SC
  D:00D0H         PUBLIC        PSW
  -------         PROC          SI1120_CONFIG_MODE_VIRH
  C:631BH         LINE#         4
  C:631BH         LINE#         5
  C:631BH         LINE#         6
  C:631DH         LINE#         7
  C:631FH         LINE#         8
BL51 BANKED LINKER/LOCATER V6.22                                                      08/21/2019  09:46:03  PAGE 53


  C:6321H         LINE#         10
  C:6328H         LINE#         11
  C:632AH         LINE#         13
  C:632CH         LINE#         14
  C:632EH         LINE#         16
  C:6335H         LINE#         18
  C:6337H         LINE#         20
  C:633EH         LINE#         23
  C:6340H         LINE#         25
  C:6342H         LINE#         27
  C:6349H         LINE#         29
  C:634BH         LINE#         31
  -------         ENDPROC       SI1120_CONFIG_MODE_VIRH
  -------         PROC          ENABLE_EXTINT0
  C:66C1H         LINE#         33
  C:66C1H         LINE#         34
  C:66C1H         LINE#         35
  C:66C4H         LINE#         36
  C:66C7H         LINE#         37
  C:66C9H         LINE#         38
  C:66CBH         LINE#         39
  C:66CDH         LINE#         40
  -------         ENDPROC       ENABLE_EXTINT0
  -------         ENDMOD        SI1120

  -------         MODULE        UART1
  C:0000H         SYMBOL        _ICE_DUMMY_
  D:0080H         PUBLIC        P0
  D:0090H         PUBLIC        P1
  D:00A0H         PUBLIC        P2
  D:00B0H         PUBLIC        P3
  D:00C0H         PUBLIC        P4
  D:00C8H         PUBLIC        P5
  C:64B3H         PUBLIC        _uart1_SendToTCPServer
  B:00A8H.7       PUBLIC        EA
  D:00E8H         PUBLIC        P6
  D:00F8H         PUBLIC        P7
  C:62E8H         PUBLIC        _SendString
  D:00A8H         PUBLIC        IE
  B:00A8H.4       PUBLIC        ES
  D:00B8H         PUBLIC        IP
  C:65C0H         PUBLIC        _ASCIItoBCD
  D:00D8H         PUBLIC        CCON
  C:6676H         PUBLIC        initUART1
  D:0098H         PUBLIC        SCON
  D:0088H         PUBLIC        TCON
  C:672FH         PUBLIC        _DectoBCD
  C:001EH         PUBLIC        _ASCII_Letter
  D:008EH         PUBLIC        AUXR
  C:0006H         PUBLIC        _unit
  C:6728H         PUBLIC        _ten
  D:00D6H         PUBLIC        T2H
  D:00D7H         PUBLIC        T2L
  C:6719H         PUBLIC        uart1_InitTCPConn
  D:00D0H         PUBLIC        PSW
  -------         PROC          INITUART1
  C:6676H         LINE#         24
BL51 BANKED LINKER/LOCATER V6.22                                                      08/21/2019  09:46:03  PAGE 54


  C:6676H         LINE#         25
  C:6676H         LINE#         26
  C:6679H         LINE#         27
  C:667CH         LINE#         28
  C:667FH         LINE#         29
  C:6682H         LINE#         30
  C:6684H         LINE#         31
  C:6686H         LINE#         33
  -------         ENDPROC       INITUART1
  -------         PROC          _SENDSTRING
  X:04E9H         SYMBOL        s
  C:62E8H         LINE#         36
  C:62F3H         LINE#         37
  C:62F3H         LINE#         38
  C:6303H         LINE#         39
  C:6303H         LINE#         40
  C:6318H         LINE#         41
  C:631AH         LINE#         42
  -------         ENDPROC       _SENDSTRING
  -------         PROC          _TEN
  D:0007H         SYMBOL        BCD
  C:6728H         LINE#         44
  C:6728H         LINE#         45
  C:6728H         LINE#         46
  C:672DH         LINE#         47
  -------         ENDPROC       _TEN
  -------         PROC          _UNIT
  D:0007H         SYMBOL        BCD
  C:0006H         LINE#         48
  C:0006H         LINE#         49
  C:0006H         LINE#         53
  C:000AH         LINE#         54
  -------         ENDPROC       _UNIT
  -------         PROC          _DECTOBCD
  D:0007H         SYMBOL        dec
  C:672FH         LINE#         55
  C:672FH         LINE#         56
  C:672FH         LINE#         58
  C:672FH         LINE#         59
  -------         ENDPROC       _DECTOBCD
  -------         PROC          _ASCII_LETTER
  D:0007H         SYMBOL        dat
  C:001EH         LINE#         61
  C:001EH         LINE#         62
  C:001EH         LINE#         64
  C:0022H         LINE#         65
  -------         ENDPROC       _ASCII_LETTER
  -------         PROC          _ASCIITOBCD
  D:0001H         SYMBOL        ascii
  -------         DO            
  D:0007H         SYMBOL        dec_val
  D:0006H         SYMBOL        ten
  D:0007H         SYMBOL        unit
  -------         ENDDO         
  C:65C0H         LINE#         67
  C:65C0H         LINE#         68
  C:65C0H         LINE#         70
BL51 BANKED LINKER/LOCATER V6.22                                                      08/21/2019  09:46:03  PAGE 55


  C:65C3H         LINE#         71
  C:65C9H         LINE#         72
  C:65D0H         LINE#         73
  C:65D6H         LINE#         75
  -------         ENDPROC       _ASCIITOBCD
  -------         PROC          UART1_INITTCPCONN
  C:6719H         LINE#         77
  C:6719H         LINE#         78
  C:6719H         LINE#         82
  -------         ENDPROC       UART1_INITTCPCONN
  -------         PROC          _UART1_SENDTOTCPSERVER
  X:03F8H         SYMBOL        str
  C:64B3H         LINE#         85
  C:64BEH         LINE#         86
  C:64BEH         LINE#         87
  C:64C7H         LINE#         88
  C:64CEH         LINE#         89
  -------         ENDPROC       _UART1_SENDTOTCPSERVER
  -------         ENDMOD        UART1

  -------         MODULE        ?C_STARTUP
  C:5D93H         SEGMENT       ?C_C51STARTUP
  I:0022H         SEGMENT       ?STACK
  C:0000H         PUBLIC        ?C_STARTUP
  D:00E0H         SYMBOL        ACC
  D:00F0H         SYMBOL        B
  D:0083H         SYMBOL        DPH
  D:0082H         SYMBOL        DPL
  N:0000H         SYMBOL        IBPSTACK
  N:0100H         SYMBOL        IBPSTACKTOP
  N:0080H         SYMBOL        IDATALEN
  C:5D96H         SYMBOL        IDATALOOP
  N:0000H         SYMBOL        PBPSTACK
  N:0100H         SYMBOL        PBPSTACKTOP
  N:0000H         SYMBOL        PDATALEN
  N:0000H         SYMBOL        PDATASTART
  N:0000H         SYMBOL        PPAGE
  N:0000H         SYMBOL        PPAGEENABLE
  D:00A0H         SYMBOL        PPAGE_SFR
  D:0081H         SYMBOL        SP
  C:5D93H         SYMBOL        STARTUP1
  N:0000H         SYMBOL        XBPSTACK
  N:0000H         SYMBOL        XBPSTACKTOP
  N:0000H         SYMBOL        XDATALEN
  N:0000H         SYMBOL        XDATASTART
  C:0000H         LINE#         126
  C:5D93H         LINE#         133
  C:5D95H         LINE#         134
  C:5D96H         LINE#         135
  C:5D97H         LINE#         136
  C:5D99H         LINE#         185
  C:5D9CH         LINE#         196
  -------         ENDMOD        ?C_STARTUP

  -------         MODULE        ?C?FPADD
  C:142FH         PUBLIC        ?C?FPADD
  C:142BH         PUBLIC        ?C?FPSUB
BL51 BANKED LINKER/LOCATER V6.22                                                      08/21/2019  09:46:03  PAGE 56


  -------         ENDMOD        ?C?FPADD

  -------         MODULE        ?C?FPMUL
  C:1520H         PUBLIC        ?C?FPMUL
  -------         ENDMOD        ?C?FPMUL

  -------         MODULE        ?C?FPDIV
  C:1629H         PUBLIC        ?C?FPDIV
  -------         ENDMOD        ?C?FPDIV

  -------         MODULE        ?C?FPCMP
  C:16C8H         PUBLIC        ?C?FPCMP
  C:16C6H         PUBLIC        ?C?FPCMP3
  -------         ENDMOD        ?C?FPCMP

  -------         MODULE        ?C?FPNEG
  C:173FH         PUBLIC        ?C?FPNEG
  -------         ENDMOD        ?C?FPNEG

  -------         MODULE        ?C?FCAST
  C:175AH         PUBLIC        ?C?FCASTC
  C:1755H         PUBLIC        ?C?FCASTI
  C:1750H         PUBLIC        ?C?FCASTL
  -------         ENDMOD        ?C?FCAST

  -------         MODULE        ?C?CASTF
  C:178EH         PUBLIC        ?C?CASTF
  -------         ENDMOD        ?C?CASTF

  -------         MODULE        PRINTF
  X:04E9H         PUBLIC        ?_PRINTF?BYTE
  X:04E9H         PUBLIC        ?_SPRINTF?BYTE
  C:39BDH         PUBLIC        _PRINTF
  C:39B7H         PUBLIC        _SPRINTF
  -------         ENDMOD        PRINTF

  -------         MODULE        FABS
  C:66CEH         PUBLIC        _FABS
  -------         ENDMOD        FABS

  -------         MODULE        ATAN2
  X:049FH         PUBLIC        ?_atan2?BYTE
  C:5BC0H         PUBLIC        _atan2
  -------         ENDMOD        ATAN2

  -------         MODULE        SIN
  C:4E20H         PUBLIC        _COS
  C:4E36H         PUBLIC        _SIN
  C:4E72H         PUBLIC        _TAN
  -------         ENDMOD        SIN

  -------         MODULE        ACOS
  C:619FH         PUBLIC        _ACOS
  -------         ENDMOD        ACOS

  -------         MODULE        ASIN
  C:62ADH         PUBLIC        _ASIN
BL51 BANKED LINKER/LOCATER V6.22                                                      08/21/2019  09:46:03  PAGE 57


  -------         ENDMOD        ASIN

  -------         MODULE        POW
  X:03BCH         PUBLIC        ?_pow?BYTE
  C:4F60H         PUBLIC        _pow
  -------         ENDMOD        POW

  -------         MODULE        ?C?CHKFLOAT
  C:180FH         PUBLIC        ?C?CHKFLOAT
  -------         ENDMOD        ?C?CHKFLOAT

  -------         MODULE        ?C?FPROUND
  C:1829H         PUBLIC        ?C?FPROUND
  -------         ENDMOD        ?C?FPROUND

  -------         MODULE        ?C?FPCONVERT
  C:1866H         PUBLIC        ?C?FPCONVERT
  -------         ENDMOD        ?C?FPCONVERT

  -------         MODULE        EXP
  C:5D31H         PUBLIC        _EXP
  -------         ENDMOD        EXP

  -------         MODULE        LOG
  C:524FH         PUBLIC        _LOG
  C:524BH         PUBLIC        _LOG10
  -------         ENDMOD        LOG

  -------         MODULE        SQRT
  C:5A77H         PUBLIC        _SQRT
  -------         ENDMOD        SQRT

  -------         MODULE        ATAN
  C:5364H         PUBLIC        _ATAN
  -------         ENDMOD        ATAN

  -------         MODULE        ?C?FTNPWR
  C:19E8H         PUBLIC        ?C?FTNPWR
  -------         ENDMOD        ?C?FTNPWR

  -------         MODULE        ?C?COPY
  C:1AF8H         PUBLIC        ?C?COPY
  -------         ENDMOD        ?C?COPY

  -------         MODULE        ?C?CLDPTR
  C:1B1EH         PUBLIC        ?C?CLDPTR
  -------         ENDMOD        ?C?CLDPTR

  -------         MODULE        ?C?CLDOPTR
  C:1B37H         PUBLIC        ?C?CLDOPTR
  -------         ENDMOD        ?C?CLDOPTR

  -------         MODULE        ?C?CSTPTR
  C:1B64H         PUBLIC        ?C?CSTPTR
  -------         ENDMOD        ?C?CSTPTR

  -------         MODULE        ?C?IMUL
BL51 BANKED LINKER/LOCATER V6.22                                                      08/21/2019  09:46:03  PAGE 58


  C:1B76H         PUBLIC        ?C?IMUL
  -------         ENDMOD        ?C?IMUL

  -------         MODULE        ?C?UIDIV
  C:1B88H         PUBLIC        ?C?UIDIV
  -------         ENDMOD        ?C?UIDIV

  -------         MODULE        ?C?SIDIV
  C:1BDDH         PUBLIC        ?C?SIDIV
  -------         ENDMOD        ?C?SIDIV

  -------         MODULE        ?C?ILDIX
  C:1C13H         PUBLIC        ?C?ILDIX
  -------         ENDMOD        ?C?ILDIX

  -------         MODULE        ?C?ILDOPTR
  C:1C29H         PUBLIC        ?C?ILDOPTR
  -------         ENDMOD        ?C?ILDOPTR

  -------         MODULE        ?C?ISTPTR
  C:1C61H         PUBLIC        ?C?ISTPTR
  -------         ENDMOD        ?C?ISTPTR

  -------         MODULE        ?C?LMUL
  C:1C80H         PUBLIC        ?C?LMUL
  -------         ENDMOD        ?C?LMUL

  -------         MODULE        ?C?SLDIV
  C:61E9H         PUBLIC        ?C?SLDIV
  -------         ENDMOD        ?C?SLDIV

  -------         MODULE        ?C?LNEG
  C:1CCFH         PUBLIC        ?C?LNEG
  -------         ENDMOD        ?C?LNEG

  -------         MODULE        ?C?ULCMP
  C:1CDDH         PUBLIC        ?C?ULCMP
  -------         ENDMOD        ?C?ULCMP

  -------         MODULE        ?C?LSHL
  C:1CEEH         PUBLIC        ?C?LSHL
  -------         ENDMOD        ?C?LSHL

  -------         MODULE        ?C?LLDPTR
  C:1D01H         PUBLIC        ?C?LLDPTR
  -------         ENDMOD        ?C?LLDPTR

  -------         MODULE        ?C?LLDOPTR
  C:1D21H         PUBLIC        ?C?LLDOPTR
  -------         ENDMOD        ?C?LLDOPTR

  -------         MODULE        ?C?LSTPTR
  C:1D51H         PUBLIC        ?C?LSTPTR
  -------         ENDMOD        ?C?LSTPTR

  -------         MODULE        ?C?LSTOPTR
  C:1D6BH         PUBLIC        ?C?LSTOPTR
BL51 BANKED LINKER/LOCATER V6.22                                                      08/21/2019  09:46:03  PAGE 59


  -------         ENDMOD        ?C?LSTOPTR

  -------         MODULE        ?C?LLDXDATA
  C:1D8FH         PUBLIC        ?C?LLDXDATA
  -------         ENDMOD        ?C?LLDXDATA

  -------         MODULE        ?C?LLDCODE
  C:1D9BH         PUBLIC        ?C?LLDCODE
  -------         ENDMOD        ?C?LLDCODE

  -------         MODULE        ?C?LLDXDATA0
  C:1DABH         PUBLIC        ?C?LLDXDATA0
  -------         ENDMOD        ?C?LLDXDATA0

  -------         MODULE        ?C?LLDCODE0
  C:1DB7H         PUBLIC        ?C?LLDCODE0
  -------         ENDMOD        ?C?LLDCODE0

  -------         MODULE        ?C?LLDPTR0
  C:1DC7H         PUBLIC        ?C?LLDPTR0
  -------         ENDMOD        ?C?LLDPTR0

  -------         MODULE        ?C?LSTXDATA
  C:1DE7H         PUBLIC        ?C?LSTXDATA
  -------         ENDMOD        ?C?LSTXDATA

  -------         MODULE        ?C?LSTKXDATA
  C:1DF3H         PUBLIC        ?C?LSTKXDATA
  -------         ENDMOD        ?C?LSTKXDATA

  -------         MODULE        ?C?LSTKPTR
  C:1E24H         PUBLIC        ?C?LSTKPTR
  -------         ENDMOD        ?C?LSTKPTR

  -------         MODULE        ?C?OFFXADD
  C:1E3EH         PUBLIC        ?C?OFFXADD
  -------         ENDMOD        ?C?OFFXADD

  -------         MODULE        ?C?PLDIXDATA
  C:1E4AH         PUBLIC        ?C?PLDIXDATA
  -------         ENDMOD        ?C?PLDIXDATA

  -------         MODULE        ?C?PSTXDATA
  C:1E61H         PUBLIC        ?C?PSTXDATA
  -------         ENDMOD        ?C?PSTXDATA

  -------         MODULE        ?C?CCASE
  C:1E6AH         PUBLIC        ?C?CCASE
  -------         ENDMOD        ?C?CCASE

  -------         MODULE        PUTCHAR
  C:6443H         PUBLIC        _PUTCHAR
  -------         ENDMOD        PUTCHAR

  -------         MODULE        ABS
  C:66E7H         PUBLIC        _ABS
  -------         ENDMOD        ABS
BL51 BANKED LINKER/LOCATER V6.22                                                      08/21/2019  09:46:03  PAGE 60



  -------         MODULE        ATOI
  C:576DH         PUBLIC        _atoi
  -------         ENDMOD        ATOI

  -------         MODULE        ?C?IILDX
  C:1E90H         PUBLIC        ?C?IILDX
  -------         ENDMOD        ?C?IILDX

  -------         MODULE        ?C?ULDIV
  C:1EE2H         PUBLIC        ?C?ULDIV
  -------         ENDMOD        ?C?ULDIV

  -------         MODULE        ?C?LLDIDATA
  C:1F74H         PUBLIC        ?C?LLDIDATA
  -------         ENDMOD        ?C?LLDIDATA

  -------         MODULE        ?C?LLDPDATA
  C:1F80H         PUBLIC        ?C?LLDPDATA
  -------         ENDMOD        ?C?LLDPDATA

  -------         MODULE        ?C?LLDIDATA0
  C:1F8CH         PUBLIC        ?C?LLDIDATA0
  -------         ENDMOD        ?C?LLDIDATA0

  -------         MODULE        ?C?LLDPDATA0
  C:1F99H         PUBLIC        ?C?LLDPDATA0
  -------         ENDMOD        ?C?LLDPDATA0

  -------         MODULE        ?C?LSTIDATA
  C:1FA6H         PUBLIC        ?C?LSTIDATA
  -------         ENDMOD        ?C?LSTIDATA

  -------         MODULE        ?C?LSTPDATA
  C:1FB2H         PUBLIC        ?C?LSTPDATA
  -------         ENDMOD        ?C?LSTPDATA

  -------         MODULE        ?C?LSTKIDATA
  C:1FBEH         PUBLIC        ?C?LSTKIDATA
  -------         ENDMOD        ?C?LSTKIDATA

  -------         MODULE        ?C?LSTKPDATA
  C:1FD7H         PUBLIC        ?C?LSTKPDATA
  -------         ENDMOD        ?C?LSTKPDATA

  -------         MODULE        ISDIGIT
  C:66A5H         PUBLIC        _isdigit
  -------         ENDMOD        ISDIGIT

  -------         MODULE        ISSPACE
  C:6640H         PUBLIC        _isspace
  -------         ENDMOD        ISSPACE

*** WARNING L16: UNCALLED SEGMENT, IGNORED FOR OVERLAY PROCESS
    SEGMENT: ?PR?_DAY_OF_YEAR?PCF85063BTL

*** WARNING L16: UNCALLED SEGMENT, IGNORED FOR OVERLAY PROCESS
BL51 BANKED LINKER/LOCATER V6.22                                                      08/21/2019  09:46:03  PAGE 61


    SEGMENT: ?PR?NOP?IOEXPANDER_PI4IOE5V96248

*** WARNING L16: UNCALLED SEGMENT, IGNORED FOR OVERLAY PROCESS
    SEGMENT: ?PR?UC_ACK?IOEXPANDER_PI4IOE5V96248

*** WARNING L16: UNCALLED SEGMENT, IGNORED FOR OVERLAY PROCESS
    SEGMENT: ?PR?UC_NACK?IOEXPANDER_PI4IOE5V96248

*** WARNING L16: UNCALLED SEGMENT, IGNORED FOR OVERLAY PROCESS
    SEGMENT: ?PR?AT25SF041_CHIPERASE?AT25SF041

*** WARNING L16: UNCALLED SEGMENT, IGNORED FOR OVERLAY PROCESS
    SEGMENT: ?PR?_TEN?UART1

*** WARNING L16: UNCALLED SEGMENT, IGNORED FOR OVERLAY PROCESS
    SEGMENT: ?PR?_UNIT?UART1

*** WARNING L16: UNCALLED SEGMENT, IGNORED FOR OVERLAY PROCESS
    SEGMENT: ?PR?_DECTOBCD?UART1

*** WARNING L16: UNCALLED SEGMENT, IGNORED FOR OVERLAY PROCESS
    SEGMENT: ?PR?_ASCII_LETTER?UART1

*** WARNING L16: UNCALLED SEGMENT, IGNORED FOR OVERLAY PROCESS
    SEGMENT: ?PR?_ASCIITOBCD?UART1

Program Size: data=15.4 xdata=1628 code=26416
LINK/LOCATE RUN COMPLETE.  10 WARNING(S),  0 ERROR(S)
