BL51 BANKED LINKER/LOCATER V6.22                                                        08/08/2019  13:53:13  PAGE 1


BL51 BANKED LINKER/LOCATER V6.22, INVOKED BY:
C:\KEIL_V5\C51\BIN\BL51.EXE .\Obj\main.obj, .\Obj\PCF85063BTL.obj, .\Obj\LCd_Driver_SPLC780D.obj, .\Obj\KeyPad.obj, .\Ob
>> j\BipolarMotor.obj, .\Obj\SunPos.obj, .\Obj\ADC.obj, .\Obj\Calibration.obj, .\Obj\IOExpander_PI4IOE5V96248.obj, .\Obj
>> \AT25SF041.obj, .\Obj\SI1120.obj, .\Obj\UART1.obj, .\Obj\STARTUP.obj TO .\Obj\GPIO_RTC_Test RTX51TINY PRINT (.\Lis\GP
>> IO_RTC_Test.m51) RAMSIZE (256)


MEMORY MODEL: LARGE WITH FLOATING POINT ARITHMETIC


INPUT MODULES INCLUDED:
  .\Obj\main.obj (MAIN)
  .\Obj\PCF85063BTL.obj (PCF85063BTL)
  .\Obj\LCd_Driver_SPLC780D.obj (LCD_DRIVER_SPLC780D)
  .\Obj\KeyPad.obj (KEYPAD)
  .\Obj\BipolarMotor.obj (BIPOLARMOTOR)
  .\Obj\SunPos.obj (SUNPOS)
  .\Obj\ADC.obj (ADC)
  .\Obj\Calibration.obj (CALIBRATION)
  .\Obj\IOExpander_PI4IOE5V96248.obj (IOEXPANDER_PI4IOE5V96248)
  .\Obj\AT25SF041.obj (AT25SF041)
  .\Obj\SI1120.obj (SI1120)
  .\Obj\UART1.obj (UART1)
  .\Obj\STARTUP.obj (?C_STARTUP)
  C:\KEIL_V5\C51\LIB\C51FPL.LIB (?C?FPADD)
  C:\KEIL_V5\C51\LIB\C51FPL.LIB (?C?FPMUL)
  C:\KEIL_V5\C51\LIB\C51FPL.LIB (?C?FPDIV)
  C:\KEIL_V5\C51\LIB\C51FPL.LIB (?C?FPCMP)
  C:\KEIL_V5\C51\LIB\C51FPL.LIB (?C?FPNEG)
  C:\KEIL_V5\C51\LIB\C51FPL.LIB (?C?FCAST)
  C:\KEIL_V5\C51\LIB\C51FPL.LIB (?C?CASTF)
  C:\KEIL_V5\C51\LIB\C51FPL.LIB (PRINTF)
  C:\KEIL_V5\C51\LIB\C51FPL.LIB (FABS)
  C:\KEIL_V5\C51\LIB\C51FPL.LIB (ATAN2)
  C:\KEIL_V5\C51\LIB\C51FPL.LIB (SIN)
  C:\KEIL_V5\C51\LIB\C51FPL.LIB (ACOS)
  C:\KEIL_V5\C51\LIB\C51FPL.LIB (ASIN)
  C:\KEIL_V5\C51\LIB\C51FPL.LIB (POW)
  C:\KEIL_V5\C51\LIB\C51FPL.LIB (?C?FPGETOPN)
  C:\KEIL_V5\C51\LIB\C51FPL.LIB (?C?CHKFLOAT)
  C:\KEIL_V5\C51\LIB\C51FPL.LIB (?C?FPROUND)
  C:\KEIL_V5\C51\LIB\C51FPL.LIB (?C?FPCONVERT)
  C:\KEIL_V5\C51\LIB\C51FPL.LIB (?C?FPSERIES)
  C:\KEIL_V5\C51\LIB\C51FPL.LIB (EXP)
  C:\KEIL_V5\C51\LIB\C51FPL.LIB (LOG)
  C:\KEIL_V5\C51\LIB\C51FPL.LIB (SQRT)
  C:\KEIL_V5\C51\LIB\C51FPL.LIB (ATAN)
  C:\KEIL_V5\C51\LIB\C51FPL.LIB (?C?FTNPWR)
  C:\KEIL_V5\C51\LIB\C51L.LIB (?C_INIT)
  C:\KEIL_V5\C51\LIB\C51L.LIB (?C?COPY)
  C:\KEIL_V5\C51\LIB\C51L.LIB (?C?CLDPTR)
  C:\KEIL_V5\C51\LIB\C51L.LIB (?C?CLDOPTR)
  C:\KEIL_V5\C51\LIB\C51L.LIB (?C?CSTPTR)
  C:\KEIL_V5\C51\LIB\C51L.LIB (?C?IMUL)
  C:\KEIL_V5\C51\LIB\C51L.LIB (?C?UIDIV)
  C:\KEIL_V5\C51\LIB\C51L.LIB (?C?SIDIV)
  C:\KEIL_V5\C51\LIB\C51L.LIB (?C?ILDIX)
  C:\KEIL_V5\C51\LIB\C51L.LIB (?C?ILDOPTR)
BL51 BANKED LINKER/LOCATER V6.22                                                      08/08/2019  13:53:13  PAGE 2


  C:\KEIL_V5\C51\LIB\C51L.LIB (?C?ISTPTR)
  C:\KEIL_V5\C51\LIB\C51L.LIB (?C?LMUL)
  C:\KEIL_V5\C51\LIB\C51L.LIB (?C?SLDIV)
  C:\KEIL_V5\C51\LIB\C51L.LIB (?C?LNEG)
  C:\KEIL_V5\C51\LIB\C51L.LIB (?C?ULCMP)
  C:\KEIL_V5\C51\LIB\C51L.LIB (?C?LSHL)
  C:\KEIL_V5\C51\LIB\C51L.LIB (?C?LLDPTR)
  C:\KEIL_V5\C51\LIB\C51L.LIB (?C?LLDOPTR)
  C:\KEIL_V5\C51\LIB\C51L.LIB (?C?LSTPTR)
  C:\KEIL_V5\C51\LIB\C51L.LIB (?C?LSTOPTR)
  C:\KEIL_V5\C51\LIB\C51L.LIB (?C?LLDXDATA)
  C:\KEIL_V5\C51\LIB\C51L.LIB (?C?LLDCODE)
  C:\KEIL_V5\C51\LIB\C51L.LIB (?C?LLDXDATA0)
  C:\KEIL_V5\C51\LIB\C51L.LIB (?C?LLDCODE0)
  C:\KEIL_V5\C51\LIB\C51L.LIB (?C?LLDPTR0)
  C:\KEIL_V5\C51\LIB\C51L.LIB (?C?LSTXDATA)
  C:\KEIL_V5\C51\LIB\C51L.LIB (?C?LSTKXDATA)
  C:\KEIL_V5\C51\LIB\C51L.LIB (?C?LSTKPTR)
  C:\KEIL_V5\C51\LIB\C51L.LIB (?C?OFFXADD)
  C:\KEIL_V5\C51\LIB\C51L.LIB (?C?PLDIXDATA)
  C:\KEIL_V5\C51\LIB\C51L.LIB (?C?PSTXDATA)
  C:\KEIL_V5\C51\LIB\C51L.LIB (?C?CCASE)
  C:\KEIL_V5\C51\LIB\C51L.LIB (PUTCHAR)
  C:\KEIL_V5\C51\LIB\C51L.LIB (ABS)
  C:\KEIL_V5\C51\LIB\C51L.LIB (ATOI)
  C:\KEIL_V5\C51\LIB\C51L.LIB (?C?IILDX)
  C:\KEIL_V5\C51\LIB\C51L.LIB (?C?ULDIV)
  C:\KEIL_V5\C51\LIB\C51L.LIB (?C?LLDIDATA)
  C:\KEIL_V5\C51\LIB\C51L.LIB (?C?LLDPDATA)
  C:\KEIL_V5\C51\LIB\C51L.LIB (?C?LLDIDATA0)
  C:\KEIL_V5\C51\LIB\C51L.LIB (?C?LLDPDATA0)
  C:\KEIL_V5\C51\LIB\C51L.LIB (?C?LSTIDATA)
  C:\KEIL_V5\C51\LIB\C51L.LIB (?C?LSTPDATA)
  C:\KEIL_V5\C51\LIB\C51L.LIB (?C?LSTKIDATA)
  C:\KEIL_V5\C51\LIB\C51L.LIB (?C?LSTKPDATA)
  C:\KEIL_V5\C51\LIB\C51L.LIB (ISDIGIT)
  C:\KEIL_V5\C51\LIB\C51L.LIB (ISSPACE)


LINK MAP OF MODULE:  .\Obj\GPIO_RTC_Test (MAIN)


            TYPE    BASE      LENGTH    RELOCATION   SEGMENT NAME
            -----------------------------------------------------

            * * * * * * *   D A T A   M E M O R Y   * * * * * * *
            REG     0000H     0008H     ABSOLUTE     "REG BANK 0"
            DATA    0008H     0005H     UNIT         _DATA_GROUP_
                    000DH     0013H                  *** GAP ***
            BIT     0020H.0   0001H.2   UNIT         _BIT_GROUP_
            BIT     0021H.2   0000H.1   UNIT         ?BI?MAIN
            BIT     0021H.3   0000H.1   UNIT         ?BI?_ATOI?ATOI
                    0021H.4   0000H.4                *** GAP ***
            IDATA   0022H     0001H     UNIT         ?STACK

            * * * * * * *  X D A T A   M E M O R Y  * * * * * * *
            XDATA   0000H     03BCH     UNIT         ?XD?BIPOLARMOTOR
BL51 BANKED LINKER/LOCATER V6.22                                                      08/08/2019  13:53:13  PAGE 3


            XDATA   03BCH     015DH     UNIT         _XDATA_GROUP_
            XDATA   0519H     011DH     UNIT         ?XD?MAIN
            XDATA   0636H     0019H     UNIT         ?XD?KEYPAD
            XDATA   064FH     0005H     UNIT         ?XD?_ATOI?ATOI
            XDATA   0654H     0001H     UNIT         ?XD?UC_ACK?IOEXPANDER_PI4IOE5V96248
            XDATA   0655H     0001H     UNIT         ?XD?UC_NACK?IOEXPANDER_PI4IOE5V96248

            * * * * * * *   C O D E   M E M O R Y   * * * * * * *
            CODE    0000H     0003H     ABSOLUTE     
            CODE    0003H     0003H     ABSOLUTE     
            CODE    0006H     0005H     UNIT         ?PR?_UNIT?UART1
            CODE    000BH     0003H     ABSOLUTE     
            CODE    000EH     000DH     UNIT         ?PR?UART?MAIN
            CODE    001BH     0003H     ABSOLUTE     
            CODE    001EH     0005H     UNIT         ?PR?_ASCII_LETTER?UART1
            CODE    0023H     0003H     ABSOLUTE     
            CODE    0026H     1DF6H     UNIT         ?PR?MAIN?MAIN
            CODE    1E1CH     0BC8H     UNIT         ?C?LIB_CODE
            CODE    29E4H     07A2H     UNIT         ?PR?SUNPOS?SUNPOS
            CODE    3186H     06F4H     UNIT         ?PR?_FIND_REAL_MAX?CALIBRATION
            CODE    387AH     0631H     UNIT         ?PR?_UPDATE_POSITION?BIPOLARMOTOR
            CODE    3EABH     04FBH     UNIT         ?PR?_THEORICALJP_POSITION?BIPOLARMOTOR
            CODE    43A6H     0483H     UNIT         ?PR?PRINTF?PRINTF
            CODE    4829H     041AH     UNIT         ?C_INITSEG
            CODE    4C43H     038CH     UNIT         ?PR?KEY_PROCESS?KEYPAD
            CODE    4FCFH     0380H     UNIT         ?PR?_ELEVATION_CALCULATION?BIPOLARMOTOR
            CODE    534FH     01C7H     UNIT         ?PR?_CALIBRATION?CALIBRATION
            CODE    5516H     018DH     UNIT         ?PR?KEY_SCAN?KEYPAD
            CODE    56A3H     0189H     UNIT         ?PR?SPI_NOR_WRITE_DATA?AT25SF041
            CODE    582CH     0188H     UNIT         ?PR?SIN?SIN
            CODE    59B4H     0166H     UNIT         ?PR?_POW?POW
            CODE    5B1AH     0155H     UNIT         ?PR?_DISPLAY_POS?LCD_DRIVER_SPLC780D
            CODE    5C6FH     0129H     UNIT         ?PR?LOG?LOG
            CODE    5D98H     0122H     UNIT         ?PR?ATAN?ATAN
            CODE    5EBAH     0110H     UNIT         ?PR?_AT25SF041_READ?AT25SF041
            CODE    5FCAH     0102H     UNIT         ?PR?_AT25SF041_WRITE?AT25SF041
            CODE    60CCH     00F5H     UNIT         ?PR?EXINT0?MAIN
            CODE    61C1H     00DBH     UNIT         ?PR?_ATOI?ATOI
            CODE    629CH     00C3H     UNIT         ?PR?LINEAR_INTERPOLATE?BIPOLARMOTOR
            CODE    635FH     00BBH     UNIT         ?PR?VOLTAGE_IS_STABLE?CALIBRATION
            CODE    641AH     00ADH     UNIT         ?PR?_WRITE_PI4IOE5V96248?IOEXPANDER_PI4IOE5V96248
            CODE    64C7H     00ACH     UNIT         ?PR?SQRT?SQRT
            CODE    6573H     00A1H     UNIT         ?PR?UCREAD_STATUS_REGISTER_BYTE1?AT25SF041
            CODE    6614H     009DH     UNIT         ?PR?_ATAN2?ATAN2
            CODE    66B1H     009CH     UNIT         ?PR?_MAX_VALUE?CALIBRATION
            CODE    674DH     009AH     UNIT         ?PR?EXP?EXP
            CODE    67E7H     008CH     UNIT         ?C_C51STARTUP
            CODE    6873H     0088H     UNIT         ?PR?_DAY_OF_YEAR?PCF85063BTL
            CODE    68FBH     0079H     UNIT         ?PR?_WRITEDATA?LCD_DRIVER_SPLC780D
            CODE    6974H     0072H     UNIT         ?PR?AT25SF041_WRITEENABLE?AT25SF041
            CODE    69E6H     006FH     UNIT         ?PR?_READ_TIME?PCF85063BTL
            CODE    6A55H     005AH     UNIT         ?PR?AT25SF041_CHIPERASE?AT25SF041
            CODE    6AAFH     0059H     UNIT         ?PR?LCD_INIT?LCD_DRIVER_SPLC780D
            CODE    6B08H     0056H     UNIT         ?CO?MAIN
            CODE    6B5EH     004BH     UNIT         ?CO?UART1
            CODE    6BA9H     004AH     UNIT         ?PR?VONESTEPMOVE?BIPOLARMOTOR
            CODE    6BF3H     004AH     UNIT         ?PR?ACOS?ACOS
BL51 BANKED LINKER/LOCATER V6.22                                                      08/08/2019  13:53:13  PAGE 4


            CODE    6C3DH     0044H     UNIT         ?C?LDIV
            CODE    6C81H     0040H     UNIT         ?PR?_COMMAND?LCD_DRIVER_SPLC780D
            CODE    6CC1H     0040H     UNIT         ?PR?_STEP_MOVE?BIPOLARMOTOR
            CODE    6D01H     003BH     UNIT         ?PR?ASIN?ASIN
            CODE    6D3CH     0033H     UNIT         ?PR?_SENDSTRING?UART1
            CODE    6D6FH     0031H     UNIT         ?PR?SI1120_CONFIG_MODE_VIRH?SI1120
            CODE    6DA0H     002BH     UNIT         ?PR?_WAIT_MS_I2C?IOEXPANDER_PI4IOE5V96248
            CODE    6DCBH     002BH     UNIT         ?PR?_WAIT_MS_SPINOR?AT25SF041
            CODE    6DF6H     002AH     UNIT         ?PR?_ADC_GETRESULT?ADC
            CODE    6E20H     0028H     UNIT         ?PR?_MOVE?BIPOLARMOTOR
            CODE    6E48H     0028H     UNIT         ?CO?CALIBRATION
            CODE    6E70H     0027H     UNIT         ?PR?_I2C_SENDBYTE?IOEXPANDER_PI4IOE5V96248
            CODE    6E97H     0027H     UNIT         ?PR?PUTCHAR?PUTCHAR
            CODE    6EBEH     0025H     UNIT         ?PR?_FINDCLOSESTSAMEDAYCALIBTIME?CALIBRATION
            CODE    6EE3H     0024H     UNIT         ?PR?_WAIT_MS?LCD_DRIVER_SPLC780D
            CODE    6F07H     0024H     UNIT         ?PR?_UART1_SENDTOTCPSERVER?UART1
            CODE    6F2BH     0021H     UNIT         ?PR?TM0_ISR?MAIN
            CODE    6F4CH     0020H     UNIT         ?PR?_SPI_SENDBYTE?PCF85063BTL
            CODE    6F6CH     0020H     UNIT         ?PR?SPI_RECEIVEBYTE?PCF85063BTL
            CODE    6F8CH     001EH     UNIT         ?PR?_DELAY_MS?KEYPAD
            CODE    6FAAH     001DH     UNIT         ?PR?_DISPLAYLCD?LCD_DRIVER_SPLC780D
            CODE    6FC7H     001BH     UNIT         ?PR?_BCDTODEC1?BIPOLARMOTOR
            CODE    6FE2H     001AH     UNIT         ?PR?ADC_INIT?ADC
            CODE    6FFCH     0018H     UNIT         ?PR?_SPI_WRITETIME?PCF85063BTL
            CODE    7014H     0017H     UNIT         ?PR?_ASCIITOBCD?UART1
            CODE    702BH     0016H     UNIT         ?PR?I2C_ACK?IOEXPANDER_PI4IOE5V96248
            CODE    7041H     0015H     UNIT         ?PR?_DISPLAY_LINE?LCD_DRIVER_SPLC780D
            CODE    7056H     0015H     UNIT         ?PR?VSETLOCATION?BIPOLARMOTOR
            CODE    706BH     0015H     UNIT         ?PR?I2C_STOP?IOEXPANDER_PI4IOE5V96248
            CODE    7080H     0014H     UNIT         ?PR?_PCF85063BTL_DELAY?PCF85063BTL
            CODE    7094H     0014H     UNIT         ?PR?_ISSPACE?ISSPACE
            CODE    70A8H     0011H     UNIT         ?PR?_SPI_READTIME?PCF85063BTL
            CODE    70B9H     0011H     UNIT         ?PR?_BCDTODEC?PCF85063BTL
            CODE    70CAH     0011H     UNIT         ?PR?INITUART1?UART1
            CODE    70DBH     000FH     UNIT         ?PR?I2C_START?IOEXPANDER_PI4IOE5V96248
            CODE    70EAH     000FH     UNIT         ?PR?UC_NACK?IOEXPANDER_PI4IOE5V96248
            CODE    70F9H     000FH     UNIT         ?PR?_ISDIGIT?ISDIGIT
            CODE    7108H     000DH     UNIT         ?PR?SPI_INIT?PCF85063BTL
            CODE    7115H     000DH     UNIT         ?PR?ENABLE_EXTINT0?SI1120
            CODE    7122H     000DH     UNIT         ?PR?_FABS?FABS
            CODE    712FH     000CH     UNIT         ?PR?KEYPAD_IO_INIT?KEYPAD
            CODE    713BH     000CH     UNIT         ?PR?_ABS?ABS
            CODE    7147H     000AH     UNIT         ?PR?LCD_RETURN_HOME?LCD_DRIVER_SPLC780D
            CODE    7151H     000AH     UNIT         ?PR?LCD_CLEAR?LCD_DRIVER_SPLC780D
            CODE    715BH     0009H     UNIT         ?PR?TM1_ISR?MAIN
            CODE    7164H     0009H     UNIT         ?PR?_SENDUART1?MAIN
            CODE    716DH     0009H     UNIT         ?PR?UART1_INITTCPCONN?UART1
            CODE    7176H     0006H     UNIT         ?PR?UC_ACK?IOEXPANDER_PI4IOE5V96248
            CODE    717CH     0006H     UNIT         ?PR?_TEN?UART1
            CODE    7182H     0001H     UNIT         ?PR?NOP?IOEXPANDER_PI4IOE5V96248
            CODE    7183H     0001H     UNIT         ?PR?_DECTOBCD?UART1



OVERLAY MAP OF MODULE:   .\Obj\GPIO_RTC_Test (MAIN)


BL51 BANKED LINKER/LOCATER V6.22                                                      08/08/2019  13:53:13  PAGE 5


SEGMENT                                             BIT_GROUP          DATA_GROUP          XDATA_GROUP
  +--> CALLED SEGMENT                            START    LENGTH     START    LENGTH     START    LENGTH
--------------------------------------------------------------------------------------------------------
?PR?EXINT0?MAIN                                  -----    -----      -----    -----      -----    -----
  +--> ?PR?_POW?POW

?PR?_POW?POW                                     -----    -----      -----    -----      03BCH    000AH
  +--> ?PR?LOG?LOG
  +--> ?PR?EXP?EXP

?PR?LOG?LOG                                      0020H.0  0000H.1    -----    -----      03C6H    0004H

*** NEW ROOT ***************************************************

?C_C51STARTUP                                    -----    -----      -----    -----      -----    -----
  +--> ?PR?MAIN?MAIN
  +--> ?C_INITSEG

?PR?MAIN?MAIN                                    -----    -----      -----    -----      03CAH    002EH
  +--> ?PR?LCD_INIT?LCD_DRIVER_SPLC780D
  +--> ?PR?SPI_INIT?PCF85063BTL
  +--> ?PR?KEYPAD_IO_INIT?KEYPAD
  +--> ?PR?ADC_INIT?ADC
  +--> ?PR?SI1120_CONFIG_MODE_VIRH?SI1120
  +--> ?PR?ENABLE_EXTINT0?SI1120
  +--> ?PR?VSETLOCATION?BIPOLARMOTOR
  +--> ?PR?_SPI_WRITETIME?PCF85063BTL
  +--> ?PR?_DELAY_MS?KEYPAD
  +--> ?PR?_DISPLAY_LINE?LCD_DRIVER_SPLC780D
  +--> ?PR?_WRITEDATA?LCD_DRIVER_SPLC780D
  +--> ?PR?INITUART1?UART1
  +--> ?PR?UART1_INITTCPCONN?UART1
  +--> ?CO?MAIN
  +--> ?PR?_UART1_SENDTOTCPSERVER?UART1
  +--> ?PR?KEY_PROCESS?KEYPAD
  +--> ?PR?_COMMAND?LCD_DRIVER_SPLC780D
  +--> ?PR?_DISPLAY_POS?LCD_DRIVER_SPLC780D
  +--> ?PR?_DISPLAYLCD?LCD_DRIVER_SPLC780D
  +--> ?PR?_STEP_MOVE?BIPOLARMOTOR
  +--> ?PR?LCD_RETURN_HOME?LCD_DRIVER_SPLC780D
  +--> ?PR?_READ_TIME?PCF85063BTL
  +--> ?PR?_BCDTODEC1?BIPOLARMOTOR
  +--> ?PR?_SENDSTRING?UART1
  +--> ?PR?_ELEVATION_CALCULATION?BIPOLARMOTOR
  +--> ?PR?PRINTF?PRINTF
  +--> ?PR?_CALIBRATION?CALIBRATION
  +--> ?PR?_UPDATE_POSITION?BIPOLARMOTOR
  +--> ?PR?_AT25SF041_READ?AT25SF041
  +--> ?PR?_WAIT_MS_SPINOR?AT25SF041
  +--> ?PR?AT25SF041_WRITEENABLE?AT25SF041
  +--> ?PR?_AT25SF041_WRITE?AT25SF041
  +--> ?PR?_FABS?FABS
  +--> ?PR?SPI_NOR_WRITE_DATA?AT25SF041
  +--> ?PR?_WAIT_MS?LCD_DRIVER_SPLC780D
  +--> ?PR?LINEAR_INTERPOLATE?BIPOLARMOTOR
  +--> ?PR?_FINDCLOSESTSAMEDAYCALIBTIME?CALI...
  +--> ?PR?_ADC_GETRESULT?ADC
BL51 BANKED LINKER/LOCATER V6.22                                                      08/08/2019  13:53:13  PAGE 6


  +--> ?PR?LCD_CLEAR?LCD_DRIVER_SPLC780D
  +--> ?PR?AT25SF041_CHIPERASE?AT25SF041

?PR?LCD_INIT?LCD_DRIVER_SPLC780D                 -----    -----      -----    -----      -----    -----
  +--> ?PR?_WAIT_MS?LCD_DRIVER_SPLC780D
  +--> ?PR?_COMMAND?LCD_DRIVER_SPLC780D

?PR?_COMMAND?LCD_DRIVER_SPLC780D                 -----    -----      -----    -----      -----    -----
  +--> ?PR?_WAIT_MS?LCD_DRIVER_SPLC780D

?PR?SI1120_CONFIG_MODE_VIRH?SI1120               -----    -----      -----    -----      -----    -----
  +--> ?PR?_WAIT_MS?LCD_DRIVER_SPLC780D

?PR?_SPI_WRITETIME?PCF85063BTL                   -----    -----      -----    -----      -----    -----
  +--> ?PR?_SPI_SENDBYTE?PCF85063BTL

?PR?_SPI_SENDBYTE?PCF85063BTL                    -----    -----      -----    -----      -----    -----
  +--> ?PR?_PCF85063BTL_DELAY?PCF85063BTL

?PR?_DISPLAY_LINE?LCD_DRIVER_SPLC780D            -----    -----      -----    -----      -----    -----
  +--> ?PR?_COMMAND?LCD_DRIVER_SPLC780D

?PR?_WRITEDATA?LCD_DRIVER_SPLC780D               -----    -----      -----    -----      04F4H    0001H
  +--> ?PR?_WAIT_MS?LCD_DRIVER_SPLC780D

?PR?UART1_INITTCPCONN?UART1                      -----    -----      -----    -----      -----    -----
  +--> ?CO?UART1
  +--> ?PR?_SENDSTRING?UART1

?PR?_SENDSTRING?UART1                            -----    -----      -----    -----      04E9H    0003H
  +--> ?PR?_SENDUART1?MAIN

?PR?_UART1_SENDTOTCPSERVER?UART1                 -----    -----      -----    -----      03F8H    0003H
  +--> ?CO?UART1
  +--> ?PR?_SENDSTRING?UART1
  +--> ?PR?_DELAY_MS?KEYPAD

?PR?KEY_PROCESS?KEYPAD                           -----    -----      -----    -----      03F8H    0006H
  +--> ?PR?KEY_SCAN?KEYPAD
  +--> ?PR?_SPI_WRITETIME?PCF85063BTL
  +--> ?PR?LCD_CLEAR?LCD_DRIVER_SPLC780D
  +--> ?PR?_COMMAND?LCD_DRIVER_SPLC780D
  +--> ?PR?_WRITEDATA?LCD_DRIVER_SPLC780D

?PR?KEY_SCAN?KEYPAD                              -----    -----      -----    -----      03FEH    0003H

?PR?LCD_CLEAR?LCD_DRIVER_SPLC780D                -----    -----      -----    -----      -----    -----
  +--> ?PR?_COMMAND?LCD_DRIVER_SPLC780D

?PR?_DISPLAY_POS?LCD_DRIVER_SPLC780D             -----    -----      -----    -----      04E9H    000BH
  +--> ?PR?_ABS?ABS
  +--> ?PR?_WRITEDATA?LCD_DRIVER_SPLC780D

?PR?_DISPLAYLCD?LCD_DRIVER_SPLC780D              -----    -----      -----    -----      03F8H    0001H
  +--> ?PR?_WRITEDATA?LCD_DRIVER_SPLC780D

?PR?_STEP_MOVE?BIPOLARMOTOR                      0020H.2  0000H.1    -----    -----      04EDH    0004H
BL51 BANKED LINKER/LOCATER V6.22                                                      08/08/2019  13:53:13  PAGE 7


  +--> ?PR?VONESTEPMOVE?BIPOLARMOTOR

?PR?VONESTEPMOVE?BIPOLARMOTOR                    0020H.3  0000H.1    -----    -----      -----    -----
  +--> ?PR?_WRITE_PI4IOE5V96248?IOEXPANDER_P...
  +--> ?PR?_DELAY_MS?KEYPAD

?PR?_WRITE_PI4IOE5V96248?IOEXPANDER_P...         -----    -----      -----    -----      04F1H    0003H
  +--> ?PR?I2C_START?IOEXPANDER_PI4IOE5V96248
  +--> ?PR?_WAIT_MS_I2C?IOEXPANDER_PI4IOE5V9...
  +--> ?PR?_I2C_SENDBYTE?IOEXPANDER_PI4IOE5V...
  +--> ?PR?I2C_ACK?IOEXPANDER_PI4IOE5V96248
  +--> ?PR?I2C_STOP?IOEXPANDER_PI4IOE5V96248

?PR?I2C_START?IOEXPANDER_PI4IOE5V96248           -----    -----      -----    -----      -----    -----
  +--> ?PR?_WAIT_MS_I2C?IOEXPANDER_PI4IOE5V9...

?PR?_I2C_SENDBYTE?IOEXPANDER_PI4IOE5V...         -----    -----      -----    -----      -----    -----
  +--> ?PR?_WAIT_MS_I2C?IOEXPANDER_PI4IOE5V9...

?PR?I2C_ACK?IOEXPANDER_PI4IOE5V96248             -----    -----      -----    -----      04F4H    0001H
  +--> ?PR?_WAIT_MS_I2C?IOEXPANDER_PI4IOE5V9...

?PR?I2C_STOP?IOEXPANDER_PI4IOE5V96248            -----    -----      -----    -----      -----    -----
  +--> ?PR?_WAIT_MS_I2C?IOEXPANDER_PI4IOE5V9...

?PR?LCD_RETURN_HOME?LCD_DRIVER_SPLC780D          -----    -----      -----    -----      -----    -----
  +--> ?PR?_COMMAND?LCD_DRIVER_SPLC780D

?PR?_READ_TIME?PCF85063BTL                       -----    -----      -----    -----      04E9H    000FH
  +--> ?PR?_SPI_READTIME?PCF85063BTL

?PR?_SPI_READTIME?PCF85063BTL                    -----    -----      -----    -----      -----    -----
  +--> ?PR?_SPI_SENDBYTE?PCF85063BTL
  +--> ?PR?SPI_RECEIVEBYTE?PCF85063BTL

?PR?SPI_RECEIVEBYTE?PCF85063BTL                  -----    -----      -----    -----      -----    -----
  +--> ?PR?_PCF85063BTL_DELAY?PCF85063BTL

?PR?_ELEVATION_CALCULATION?BIPOLARMOTOR          -----    -----      -----    -----      03F8H    0005H
  +--> ?PR?_BCDTODEC1?BIPOLARMOTOR
  +--> ?PR?SUNPOS?SUNPOS
  +--> ?PR?SIN?SIN
  +--> ?PR?ASIN?ASIN

?PR?SUNPOS?SUNPOS                                -----    -----      -----    -----      0442H    005DH
  +--> ?PR?SIN?SIN
  +--> ?PR?_ATAN2?ATAN2
  +--> ?PR?ASIN?ASIN
  +--> ?PR?ACOS?ACOS

?PR?SIN?SIN                                      0020H.1  0000H.1    -----    -----      049FH    0004H

?PR?_ATAN2?ATAN2                                 -----    -----      -----    -----      049FH    0008H
  +--> ?PR?ATAN?ATAN

?PR?ATAN?ATAN                                    0020H.1  0000H.2    -----    -----      04A7H    0004H

BL51 BANKED LINKER/LOCATER V6.22                                                      08/08/2019  13:53:13  PAGE 8


?PR?ASIN?ASIN                                    -----    -----      -----    -----      -----    -----
  +--> ?PR?SQRT?SQRT
  +--> ?PR?ATAN?ATAN

?PR?SQRT?SQRT                                    -----    -----      -----    -----      049FH    0004H

?PR?ACOS?ACOS                                    -----    -----      -----    -----      -----    -----
  +--> ?PR?SQRT?SQRT
  +--> ?PR?ATAN?ATAN

?PR?PRINTF?PRINTF                                0020H.1  0001H.1    0008H    0005H      04E9H    0030H
  +--> ?PR?PUTCHAR?PUTCHAR

?PR?_CALIBRATION?CALIBRATION                     -----    -----      -----    -----      03F8H    0024H
  +--> ?PR?VOLTAGE_IS_STABLE?CALIBRATION
  +--> ?PR?_UPDATE_POSITION?BIPOLARMOTOR
  +--> ?PR?_FIND_REAL_MAX?CALIBRATION

?PR?VOLTAGE_IS_STABLE?CALIBRATION                -----    -----      -----    -----      041CH    0018H
  +--> ?PR?_ADC_GETRESULT?ADC
  +--> ?PR?_ABS?ABS

?PR?_UPDATE_POSITION?BIPOLARMOTOR                -----    -----      -----    -----      041CH    0026H
  +--> ?PR?_BCDTODEC1?BIPOLARMOTOR
  +--> ?PR?SUNPOS?SUNPOS
  +--> ?PR?SIN?SIN
  +--> ?PR?ASIN?ASIN
  +--> ?PR?_THEORICALJP_POSITION?BIPOLARMOTOR
  +--> ?PR?_FABS?FABS
  +--> ?PR?_MOVE?BIPOLARMOTOR

?PR?_THEORICALJP_POSITION?BIPOLARMOTOR           -----    -----      -----    -----      0442H    005CH
  +--> ?PR?LINEAR_INTERPOLATE?BIPOLARMOTOR

?PR?LINEAR_INTERPOLATE?BIPOLARMOTOR              -----    -----      -----    -----      049EH    0014H

?PR?_MOVE?BIPOLARMOTOR                           0020H.1  0000H.1    -----    -----      04E9H    0004H
  +--> ?PR?_STEP_MOVE?BIPOLARMOTOR

?PR?_FIND_REAL_MAX?CALIBRATION                   -----    -----      -----    -----      041CH    00CDH
  +--> ?PR?_ADC_GETRESULT?ADC
  +--> ?PR?_WAIT_MS?LCD_DRIVER_SPLC780D
  +--> ?CO?CALIBRATION
  +--> ?PR?PRINTF?PRINTF
  +--> ?PR?_SENDSTRING?UART1
  +--> ?PR?_COMMAND?LCD_DRIVER_SPLC780D
  +--> ?PR?_WRITEDATA?LCD_DRIVER_SPLC780D
  +--> ?PR?_DISPLAY_POS?LCD_DRIVER_SPLC780D
  +--> ?PR?_MOVE?BIPOLARMOTOR
  +--> ?PR?_READ_TIME?PCF85063BTL
  +--> ?PR?_BCDTODEC1?BIPOLARMOTOR
  +--> ?PR?_MAX_VALUE?CALIBRATION

?PR?_MAX_VALUE?CALIBRATION                       -----    -----      -----    -----      04E9H    0004H

?PR?_AT25SF041_READ?AT25SF041                    -----    -----      -----    -----      03F8H    0008H
  +--> ?PR?_WAIT_MS_SPINOR?AT25SF041
BL51 BANKED LINKER/LOCATER V6.22                                                      08/08/2019  13:53:13  PAGE 9


  +--> ?PR?UCREAD_STATUS_REGISTER_BYTE1?AT25...

?PR?UCREAD_STATUS_REGISTER_BYTE1?AT25...         -----    -----      -----    -----      040EH    0003H
  +--> ?PR?_WAIT_MS_SPINOR?AT25SF041

?PR?AT25SF041_WRITEENABLE?AT25SF041              -----    -----      -----    -----      0406H    0002H
  +--> ?PR?_WAIT_MS_SPINOR?AT25SF041
  +--> ?PR?UCREAD_STATUS_REGISTER_BYTE1?AT25...

?PR?_AT25SF041_WRITE?AT25SF041                   -----    -----      -----    -----      0406H    0008H
  +--> ?PR?_WAIT_MS_SPINOR?AT25SF041
  +--> ?PR?UCREAD_STATUS_REGISTER_BYTE1?AT25...

?PR?SPI_NOR_WRITE_DATA?AT25SF041                 -----    -----      -----    -----      03F8H    000EH
  +--> ?PR?AT25SF041_WRITEENABLE?AT25SF041
  +--> ?PR?_AT25SF041_WRITE?AT25SF041
  +--> ?PR?_WAIT_MS_SPINOR?AT25SF041

?PR?AT25SF041_CHIPERASE?AT25SF041                -----    -----      -----    -----      03F8H    0002H
  +--> ?PR?_WAIT_MS_SPINOR?AT25SF041
  +--> ?PR?UCREAD_STATUS_REGISTER_BYTE1?AT25...



SYMBOL TABLE OF MODULE:  .\Obj\GPIO_RTC_Test (MAIN)

  VALUE           TYPE          NAME
  ----------------------------------

  -------         MODULE        MAIN
  C:0000H         SYMBOL        _ICE_DUMMY_
  X:0521H         PUBLIC        calib_value
  D:0080H         PUBLIC        P0
  D:0090H         PUBLIC        P1
  D:00A0H         PUBLIC        P2
  D:00B0H         PUBLIC        P3
  D:00C0H         PUBLIC        P4
  D:00C8H         PUBLIC        P5
  X:0575H         SYMBOL        PressedKey
  B:00A8H.7       PUBLIC        EA
  D:00E8H         PUBLIC        P6
  X:0579H         PUBLIC        calib_stamp
  D:00F8H         PUBLIC        P7
  X:057AH         PUBLIC        sTempString
  X:0583H         PUBLIC        calib_bool
  X:05ADH         PUBLIC        pwm_time_min
  D:00A8H         PUBLIC        IE
  X:05B1H         PUBLIC        calib_time
  X:0605H         PUBLIC        pwm_time_max
  B:0090H.7       PUBLIC        Connect_Electronics_Load
  D:00B8H         PUBLIC        IP
  B:0098H.0       PUBLIC        RI
  B:00B0H.2       PUBLIC        INT0
  X:0609H         PUBLIC        months
  B:0098H.1       PUBLIC        TI
  C:000EH         PUBLIC        Uart
  D:00D8H         PUBLIC        CCON
BL51 BANKED LINKER/LOCATER V6.22                                                      08/08/2019  13:53:13  PAGE 10


  C:0026H         PUBLIC        main
  X:060AH         PUBLIC        found_1st_point
  X:060CH         PUBLIC        i_point1
  X:060EH         PUBLIC        i_point2
  X:0610H         PUBLIC        count
  B:0090H.2       PUBLIC        Connect_IV_Load
  D:0099H         PUBLIC        SBUF
  X:0612H         PUBLIC        days
  X:0613H         PUBLIC        hours
  D:0098H         PUBLIC        SCON
  D:0089H         PUBLIC        TMOD
  D:0088H         PUBLIC        TCON
  B:00A0H.3       PUBLIC        P23
  X:0614H         SYMBOL        KeyCount
  X:0616H         PUBLIC        mins
  B:00C8H.5       PUBLIC        P55
  X:0617H         PUBLIC        diff_of_offset
  D:008EH         PUBLIC        AUXR
  C:6F2BH         PUBLIC        tm0_isr
  B:0090H.5       PUBLIC        SI1120_STX
  C:715BH         PUBLIC        tm1_isr
  B:0021H.2       PUBLIC        busy
  D:00E0H         PUBLIC        ACC
  B:00A8H.1       PUBLIC        ET0
  B:00A8H.3       PUBLIC        ET1
  X:061BH         PUBLIC        SPI_NOR_INTERNAL_FLASH_ADDR
  D:008CH         PUBLIC        TH0
  D:008DH         PUBLIC        TH1
  D:008AH         PUBLIC        TL0
  D:008BH         PUBLIC        TL1
  X:061FH         PUBLIC        ii
  X:0621H         PUBLIC        jj
  B:0088H.4       PUBLIC        TR0
  B:0088H.6       PUBLIC        TR1
  X:0623H         PUBLIC        old_mins
  C:60CCH         PUBLIC        exint0
  X:0624H         SYMBOL        KeyNum
  X:0625H         SYMBOL        KeyNum_Old
  X:0626H         PUBLIC        timer0_count
  X:0628H         PUBLIC        current_position
  X:062CH         PUBLIC        pwm_time
  X:0630H         PUBLIC        i
  X:0632H         PUBLIC        j
  X:0634H         PUBLIC        start_timer0_count
  X:0635H         PUBLIC        seconds
  D:00D0H         PUBLIC        PSW
  C:7164H         PUBLIC        _SendUART1
  -------         PROC          TM0_ISR
  C:6F2BH         LINE#         106
  C:6F31H         LINE#         110
  C:6F34H         LINE#         111
  C:6F37H         LINE#         112
  C:6F45H         LINE#         113
  -------         ENDPROC       TM0_ISR
  -------         PROC          TM1_ISR
  C:715BH         LINE#         114
  C:715BH         LINE#         116
BL51 BANKED LINKER/LOCATER V6.22                                                      08/08/2019  13:53:13  PAGE 11


  C:715DH         LINE#         118
  C:7160H         LINE#         119
  C:7163H         LINE#         120
  -------         ENDPROC       TM1_ISR
  -------         PROC          EXINT0
  C:60CCH         LINE#         121
  C:60E9H         LINE#         125
  C:60ECH         LINE#         126
  C:60ECH         LINE#         127
  C:60EFH         LINE#         128
  C:60F2H         LINE#         129
  C:60F4H         LINE#         130
  C:60F6H         LINE#         134
  C:60F9H         LINE#         137
  C:60F9H         LINE#         138
  C:60FBH         LINE#         140
  C:6107H         LINE#         141
  C:6161H         LINE#         142
  C:619FH         LINE#         143
  C:61A6H         LINE#         148
  C:61A6H         LINE#         150
  -------         ENDPROC       EXINT0
  -------         PROC          MAIN
  -------         DO            
  X:0519H         SYMBOL        KeyCount
  X:051BH         SYMBOL        KeyNum_Old
  X:051CH         SYMBOL        KeyNum
  X:051DH         SYMBOL        PressedKey
  X:03CAH         SYMBOL        prox_flag
  X:03CBH         SYMBOL        iUse_prevday_calib_value
  X:03CDH         SYMBOL        max_ADC_Val_JP
  X:03CFH         SYMBOL        max_ADC_Val
  X:03D1H         SYMBOL        calib_point1
  X:03D9H         SYMBOL        calib_point2
  X:03E1H         SYMBOL        dat_to_store
  X:03ECH         SYMBOL        calib_day
  X:03EEH         SYMBOL        calib_count
  X:03F0H         SYMBOL        theorical_JP_max_pos
  X:03F4H         SYMBOL        elevation
  -------         ENDDO         
  C:0026H         LINE#         152
  C:0026H         LINE#         153
  C:0026H         LINE#         158
  C:002CH         LINE#         159
  C:0031H         LINE#         161
  C:0039H         LINE#         165
  C:003FH         LINE#         166
  C:0049H         LINE#         177
  C:0051H         LINE#         178
  C:0058H         LINE#         179
  C:005EH         LINE#         181
  C:0064H         LINE#         193
  C:0067H         LINE#         194
  C:006AH         LINE#         195
  C:006DH         LINE#         197
  C:0070H         LINE#         200
  C:0073H         LINE#         201
BL51 BANKED LINKER/LOCATER V6.22                                                      08/08/2019  13:53:13  PAGE 12


  C:0076H         LINE#         203
  C:0079H         LINE#         205
  C:007CH         LINE#         206
  C:007FH         LINE#         207
  C:0082H         LINE#         208
  C:0084H         LINE#         209
  C:0086H         LINE#         210
  C:0089H         LINE#         211
  C:008BH         LINE#         212
  C:008DH         LINE#         214
  C:008FH         LINE#         215
  C:0096H         LINE#         216
  C:009DH         LINE#         217
  C:00A4H         LINE#         218
  C:00ABH         LINE#         222
  C:00B2H         LINE#         223
  C:00B7H         LINE#         224
  C:00BCH         LINE#         225
  C:00C1H         LINE#         226
  C:00C6H         LINE#         227
  C:00CBH         LINE#         230
  C:00E4H         LINE#         231
  C:00E4H         LINE#         232
  C:0100H         LINE#         233
  C:0147H         LINE#         234
  C:0158H         LINE#         235
  C:015BH         LINE#         238
  C:0162H         LINE#         241
  C:0165H         LINE#         243
  C:016CH         LINE#         244
  C:0175H         LINE#         247
  C:0175H         LINE#         248
  C:0175H         LINE#         249
  C:0178H         LINE#         259
  C:0178H         LINE#         263
  C:017DH         LINE#         264
  C:0182H         LINE#         266
  C:0187H         LINE#         268
  C:018CH         LINE#         269
  C:0191H         LINE#         272
  C:01A2H         LINE#         274
  C:01A7H         LINE#         275
  C:01ACH         LINE#         277
  C:01B3H         LINE#         278
  C:01BBH         LINE#         279
  C:01C0H         LINE#         280
  C:01C8H         LINE#         281
  C:01CDH         LINE#         282
  C:01D7H         LINE#         283
  C:01DCH         LINE#         284
  C:01E4H         LINE#         286
  C:01ECH         LINE#         287
  C:01F1H         LINE#         288
  C:01FBH         LINE#         289
  C:01FBH         LINE#         290
  C:01FDH         LINE#         291
  C:01FFH         LINE#         292
BL51 BANKED LINKER/LOCATER V6.22                                                      08/08/2019  13:53:13  PAGE 13


  C:0209H         LINE#         293
  C:0209H         LINE#         294
  C:020EH         LINE#         295
  C:020EH         LINE#         307
  C:0222H         LINE#         308
  C:0222H         LINE#         309
  C:0237H         LINE#         310
  C:0246H         LINE#         311
  C:0246H         LINE#         312
  C:0259H         LINE#         313
  C:025BH         LINE#         315
  C:025BH         LINE#         316
  C:0277H         LINE#         317
  C:0277H         LINE#         318
  C:027CH         LINE#         319
  C:027CH         LINE#         320
  C:0290H         LINE#         321
  C:0290H         LINE#         324
  C:02A5H         LINE#         325
  C:02B4H         LINE#         326
  C:02B4H         LINE#         327
  C:02C7H         LINE#         328
  C:02C9H         LINE#         330
  C:02C9H         LINE#         331
  C:02E5H         LINE#         332
  C:02E5H         LINE#         333
  C:02EAH         LINE#         334
  C:02F0H         LINE#         335
  C:02F0H         LINE#         337
  C:0312H         LINE#         338
  C:0312H         LINE#         339
  C:031CH         LINE#         340
  C:0322H         LINE#         341
  C:0329H         LINE#         342
  C:032FH         LINE#         343
  C:0336H         LINE#         344
  C:0336H         LINE#         345
  C:0339H         LINE#         347
  C:0339H         LINE#         352
  C:0341H         LINE#         353
  C:037CH         LINE#         354
  C:039AH         LINE#         355
  C:039AH         LINE#         357
  C:03A3H         LINE#         358
  C:03AAH         LINE#         359
  C:03B3H         LINE#         360
  C:03BAH         LINE#         362
  C:03BAH         LINE#         366
  C:03C7H         LINE#         367
  C:03C7H         LINE#         370
  C:03CEH         LINE#         371
  C:03DFH         LINE#         374
  C:03DFH         LINE#         375
  C:0407H         LINE#         376
  C:0407H         LINE#         377
  C:0429H         LINE#         378
  C:0429H         LINE#         380
BL51 BANKED LINKER/LOCATER V6.22                                                      08/08/2019  13:53:13  PAGE 14


  C:044FH         LINE#         381
  C:04A5H         LINE#         382
  C:04AEH         LINE#         383
  C:04B5H         LINE#         384
  C:04BEH         LINE#         385
  C:04C7H         LINE#         386
  C:04CEH         LINE#         392
  C:04CEH         LINE#         398
  C:04CEH         LINE#         400
  C:054AH         LINE#         401
  C:0563H         LINE#         402
  C:0565H         LINE#         403
  C:0567H         LINE#         405
  C:05F1H         LINE#         410
  C:061FH         LINE#         411
  C:061FH         LINE#         413
  C:0655H         LINE#         414
  C:0678H         LINE#         415
  C:068DH         LINE#         416
  C:0697H         LINE#         418
  C:069AH         LINE#         420
  C:069AH         LINE#         421
  C:06C0H         LINE#         422
  C:06C0H         LINE#         423
  C:06E5H         LINE#         424
  C:074BH         LINE#         425
  C:0771H         LINE#         426
  C:0819H         LINE#         429
  C:0819H         LINE#         431
  C:0820H         LINE#         432
  C:0823H         LINE#         435
  C:0858H         LINE#         436
  C:085FH         LINE#         437
  C:0862H         LINE#         439
  C:089CH         LINE#         440
  C:08B2H         LINE#         442
  C:08CBH         LINE#         444
  C:08D2H         LINE#         445
  C:08D9H         LINE#         446
  C:08DCH         LINE#         448
  C:0931H         LINE#         449
  C:0938H         LINE#         451
  C:093FH         LINE#         452
  C:0942H         LINE#         454
  C:09E4H         LINE#         455
  C:09EBH         LINE#         456
  C:09EBH         LINE#         458
  C:09EDH         LINE#         460
  C:09EDH         LINE#         462
  C:09EDH         LINE#         463
  C:09EDH         LINE#         464
  C:09EDH         LINE#         481
  C:09F5H         LINE#         482
  C:09FDH         LINE#         483
  C:0A05H         LINE#         484
  C:0A0DH         LINE#         486
  C:0A21H         LINE#         487
BL51 BANKED LINKER/LOCATER V6.22                                                      08/08/2019  13:53:13  PAGE 15


  C:0A37H         LINE#         488
  C:0A67H         LINE#         489
  C:0A87H         LINE#         491
  C:0A9BH         LINE#         492
  C:0AB1H         LINE#         493
  C:0AE1H         LINE#         494
  C:0AE8H         LINE#         496
  C:0B0CH         LINE#         499
  C:0B37H         LINE#         501
  C:0B40H         LINE#         502
  C:0B47H         LINE#         503
  C:0B50H         LINE#         504
  C:0B59H         LINE#         505
  C:0B60H         LINE#         507
  C:0B9DH         LINE#         509
  C:0BA6H         LINE#         510
  C:0BADH         LINE#         511
  C:0BB6H         LINE#         512
  C:0BBFH         LINE#         513
  C:0BC6H         LINE#         515
  C:0BF1H         LINE#         517
  C:0BFAH         LINE#         518
  C:0C01H         LINE#         519
  C:0C0AH         LINE#         520
  C:0C13H         LINE#         521
  C:0C1AH         LINE#         523
  C:0C45H         LINE#         525
  C:0C4EH         LINE#         526
  C:0C55H         LINE#         527
  C:0C5EH         LINE#         528
  C:0C65H         LINE#         529
  C:0C6EH         LINE#         530
  C:0C75H         LINE#         532
  C:0C77H         LINE#         534
  C:0C85H         LINE#         535
  C:0C85H         LINE#         536
  C:0C8DH         LINE#         539
  C:0C8DH         LINE#         540
  C:0C8DH         LINE#         542
  C:0CB2H         LINE#         543
  C:0CB2H         LINE#         544
  C:0CD4H         LINE#         545
  C:0CD4H         LINE#         546
  C:0D50H         LINE#         547
  C:0D52H         LINE#         548
  C:0D54H         LINE#         550
  C:0DACH         LINE#         553
  C:0DBBH         LINE#         554
  C:0DBBH         LINE#         555
  C:0DBBH         LINE#         556
  C:0DBBH         LINE#         557
  C:0DBBH         LINE#         558
  C:0DBBH         LINE#         559
  C:0DBBH         LINE#         560
  C:0DBBH         LINE#         563
  C:0DBBH         LINE#         565
  C:0DBBH         LINE#         566
BL51 BANKED LINKER/LOCATER V6.22                                                      08/08/2019  13:53:13  PAGE 16


  C:0DBBH         LINE#         567
  C:0DBBH         LINE#         568
  C:0DBBH         LINE#         572
  C:0DBBH         LINE#         574
  C:0DBBH         LINE#         576
  C:0DBBH         LINE#         577
  C:0DBBH         LINE#         578
  C:0DBBH         LINE#         579
  C:0DBBH         LINE#         580
  C:0DBBH         LINE#         581
  C:0DBBH         LINE#         584
  C:0DBBH         LINE#         586
  C:0DBBH         LINE#         587
  C:0DBBH         LINE#         588
  C:0DBBH         LINE#         589
  C:0DBBH         LINE#         590
  C:0DBBH         LINE#         591
  C:0DBBH         LINE#         592
  C:0DBBH         LINE#         594
  C:0DBEH         LINE#         597
  C:0DE5H         LINE#         598
  C:0DE5H         LINE#         601
  C:0E07H         LINE#         602
  C:0E07H         LINE#         603
  C:0E83H         LINE#         605
  C:0EB0H         LINE#         608
  C:0ED1H         LINE#         609
  C:0F38H         LINE#         610
  C:0F5BH         LINE#         611
  C:0FC8H         LINE#         612
  C:0FCAH         LINE#         613
  C:0FCCH         LINE#         615
  C:1005H         LINE#         616
  C:1005H         LINE#         618
  C:1030H         LINE#         619
  C:1070H         LINE#         620
  C:109CH         LINE#         621
  C:111AH         LINE#         624
  C:1182H         LINE#         625
  C:1184H         LINE#         627
  C:1184H         LINE#         628
  C:11E7H         LINE#         629
  C:11E7H         LINE#         632
  C:11F6H         LINE#         633
  C:11F6H         LINE#         634
  C:1274H         LINE#         635
  C:127DH         LINE#         636
  C:1284H         LINE#         637
  C:128DH         LINE#         638
  C:1296H         LINE#         639
  C:129DH         LINE#         642
  C:12C8H         LINE#         644
  C:12D1H         LINE#         645
  C:12D8H         LINE#         646
  C:12E1H         LINE#         647
  C:12EAH         LINE#         651
  C:12F1H         LINE#         653
BL51 BANKED LINKER/LOCATER V6.22                                                      08/08/2019  13:53:13  PAGE 17


  C:131CH         LINE#         655
  C:1325H         LINE#         656
  C:132CH         LINE#         657
  C:1335H         LINE#         658
  C:133CH         LINE#         660
  C:1345H         LINE#         661
  C:134CH         LINE#         664
  C:138AH         LINE#         666
  C:1393H         LINE#         667
  C:139AH         LINE#         668
  C:13A3H         LINE#         669
  C:13ACH         LINE#         670
  C:13B3H         LINE#         671
  C:13B3H         LINE#         673
  C:13B3H         LINE#         675
  C:13B3H         LINE#         676
  C:13B3H         LINE#         678
  C:13B3H         LINE#         682
  C:13CFH         LINE#         683
  C:13CFH         LINE#         684
  C:13D1H         LINE#         687
  C:13D4H         LINE#         690
  C:13D4H         LINE#         691
  C:13D6H         LINE#         695
  C:13F2H         LINE#         696
  C:13F2H         LINE#         697
  C:141CH         LINE#         698
  C:141CH         LINE#         700
  C:142EH         LINE#         702
  C:1454H         LINE#         703
  C:14BCH         LINE#         705
  C:1526H         LINE#         707
  C:1536H         LINE#         708
  C:153CH         LINE#         709
  C:1550H         LINE#         710
  C:1564H         LINE#         711
  C:156CH         LINE#         712
  C:1579H         LINE#         713
  C:1579H         LINE#         714
  C:159DH         LINE#         715
  C:159DH         LINE#         716
  C:15E7H         LINE#         717
  C:15EEH         LINE#         718
  C:15F1H         LINE#         721
  C:1615H         LINE#         723
  C:161CH         LINE#         724
  C:161FH         LINE#         726
  C:1652H         LINE#         727
  C:1671H         LINE#         729
  C:1693H         LINE#         731
  C:169AH         LINE#         733
  C:16A1H         LINE#         734
  C:16A4H         LINE#         736
  C:16F9H         LINE#         737
  C:1700H         LINE#         739
  C:1707H         LINE#         740
  C:170AH         LINE#         742
BL51 BANKED LINKER/LOCATER V6.22                                                      08/08/2019  13:53:13  PAGE 18


  C:17A9H         LINE#         743
  C:17B0H         LINE#         744
  C:17C1H         LINE#         745
  C:17C1H         LINE#         747
  C:17F4H         LINE#         748
  C:17F4H         LINE#         749
  C:17FEH         LINE#         751
  C:1824H         LINE#         752
  C:1886H         LINE#         754
  C:18EAH         LINE#         756
  C:18F9H         LINE#         757
  C:18F9H         LINE#         762
  C:1908H         LINE#         763
  C:1908H         LINE#         764
  C:1935H         LINE#         765
  C:1935H         LINE#         766
  C:19B4H         LINE#         768
  C:19BBH         LINE#         769
  C:19BEH         LINE#         771
  C:19F8H         LINE#         772
  C:1A0EH         LINE#         774
  C:1A27H         LINE#         776
  C:1A2EH         LINE#         777
  C:1A35H         LINE#         778
  C:1A38H         LINE#         780
  C:1A8DH         LINE#         781
  C:1A94H         LINE#         783
  C:1A9BH         LINE#         784
  C:1A9EH         LINE#         786
  C:1B3DH         LINE#         787
  C:1B44H         LINE#         788
  C:1B55H         LINE#         791
  C:1B69H         LINE#         792
  C:1B7DH         LINE#         793
  C:1B8CH         LINE#         794
  C:1B8CH         LINE#         796
  C:1B8CH         LINE#         797
  C:1B9DH         LINE#         798
  C:1BAAH         LINE#         799
  C:1BAAH         LINE#         800
  C:1BCDH         LINE#         801
  C:1BCDH         LINE#         802
  C:1C1DH         LINE#         803
  C:1C1DH         LINE#         804
  C:1C24H         LINE#         805
  C:1C27H         LINE#         807
  C:1C61H         LINE#         808
  C:1C77H         LINE#         810
  C:1C90H         LINE#         812
  C:1C97H         LINE#         813
  C:1C9EH         LINE#         814
  C:1CA1H         LINE#         816
  C:1CF6H         LINE#         817
  C:1CFDH         LINE#         819
  C:1D04H         LINE#         820
  C:1D07H         LINE#         822
  C:1DAEH         LINE#         823
BL51 BANKED LINKER/LOCATER V6.22                                                      08/08/2019  13:53:13  PAGE 19


  C:1DB5H         LINE#         824
  C:1DB5H         LINE#         825
  C:1DC6H         LINE#         826
  C:1DC6H         LINE#         827
  C:1DC6H         LINE#         829
  C:1DD5H         LINE#         830
  C:1DD5H         LINE#         831
  C:1DD8H         LINE#         832
  C:1DDFH         LINE#         833
  C:1DE4H         LINE#         834
  C:1DE9H         LINE#         835
  C:1DEEH         LINE#         836
  C:1DF3H         LINE#         837
  C:1DF8H         LINE#         847
  C:1DFBH         LINE#         849
  C:1DFEH         LINE#         850
  C:1E05H         LINE#         851
  C:1E0FH         LINE#         852
  C:1E16H         LINE#         854
  C:1E19H         LINE#         863
  C:1E19H         LINE#         864
  -------         ENDPROC       MAIN
  -------         PROC          UART
  C:000EH         LINE#         878
  C:000EH         LINE#         880
  C:0011H         LINE#         881
  C:0011H         LINE#         882
  C:0013H         LINE#         884
  C:0013H         LINE#         885
  C:0016H         LINE#         886
  C:0016H         LINE#         887
  C:0018H         LINE#         888
  C:001AH         LINE#         889
  C:001AH         LINE#         890
  -------         ENDPROC       UART
  -------         PROC          _SENDUART1
  D:0007H         SYMBOL        dat
  C:7164H         LINE#         892
  C:7164H         LINE#         893
  C:7164H         LINE#         894
  C:7167H         LINE#         895
  C:7169H         LINE#         896
  C:716AH         LINE#         897
  C:716CH         LINE#         898
  -------         ENDPROC       _SENDUART1
  -------         ENDMOD        MAIN

  -------         MODULE        PCF85063BTL
  C:0000H         SYMBOL        _ICE_DUMMY_
  D:0096H         PUBLIC        P2M0
  D:0080H         PUBLIC        P0
  D:0095H         PUBLIC        P2M1
  D:0090H         PUBLIC        P1
  D:00A0H         PUBLIC        P2
  D:00B0H         PUBLIC        P3
  D:00C0H         PUBLIC        P4
  D:00C8H         PUBLIC        P5
BL51 BANKED LINKER/LOCATER V6.22                                                      08/08/2019  13:53:13  PAGE 20


  D:00E8H         PUBLIC        P6
  B:00A0H.1       PUBLIC        PCF85063BTL_SDI
  D:00F8H         PUBLIC        P7
  B:00A0H.2       PUBLIC        PCF85063BTL_SCK
  B:00A0H.1       PUBLIC        PCF85063BTL_SDO
  D:00A8H         PUBLIC        IE
  C:69E6H         PUBLIC        _Read_time
  C:7086H         PUBLIC        _PCF85063BTL_Delay
  D:00B8H         PUBLIC        IP
  D:00D8H         PUBLIC        CCON
  C:6873H         PUBLIC        _Day_Of_Year
  C:6F6CH         PUBLIC        SPI_ReceiveByte
  D:0098H         PUBLIC        SCON
  D:0088H         PUBLIC        TCON
  C:70B9H         PUBLIC        _BCDtoDec
  B:00A0H.0       PUBLIC        PCF85063BTL_CS
  C:70A8H         PUBLIC        _SPI_ReadTime
  C:7108H         PUBLIC        SPI_Init
  C:6FFCH         PUBLIC        _SPI_WriteTime
  C:6F4CH         PUBLIC        _SPI_SendByte
  D:00D0H         PUBLIC        PSW
  C:7082H         SYMBOL        L?0048
  -------         PROC          L?0047
  -------         ENDPROC       L?0047
  C:7082H         SYMBOL        L?0048
  -------         PROC          _PCF85063BTL_DELAY
  D:0006H         SYMBOL        us
  C:7086H         LINE#         8
  C:7086H         LINE#         9
  C:7086H         LINE#         10
  C:7090H         LINE#         11
  C:7090H         LINE#         12
  C:7091H         LINE#         13
  C:7093H         LINE#         14
  -------         ENDPROC       _PCF85063BTL_DELAY
  -------         PROC          _SPI_SENDBYTE
  D:0005H         SYMBOL        dat
  -------         DO            
  D:0003H         SYMBOL        i
  -------         ENDDO         
  C:6F4CH         LINE#         17
  C:6F4EH         LINE#         18
  C:6F4EH         LINE#         20
  C:6F50H         LINE#         21
  C:6F50H         LINE#         22
  C:6F52H         LINE#         23
  C:6F56H         LINE#         24
  C:6F56H         LINE#         25
  C:6F58H         LINE#         26
  C:6F5AH         LINE#         28
  C:6F5AH         LINE#         29
  C:6F5CH         LINE#         30
  C:6F5CH         LINE#         31
  C:6F5FH         LINE#         32
  C:6F5FH         LINE#         33
  C:6F62H         LINE#         34
  C:6F66H         LINE#         35
BL51 BANKED LINKER/LOCATER V6.22                                                      08/08/2019  13:53:13  PAGE 21


  C:6F6BH         LINE#         36
  -------         ENDPROC       _SPI_SENDBYTE
  -------         PROC          SPI_RECEIVEBYTE
  -------         DO            
  D:0003H         SYMBOL        i
  D:0005H         SYMBOL        dat
  -------         ENDDO         
  C:6F6CH         LINE#         39
  C:6F6CH         LINE#         40
  C:6F6CH         LINE#         42
  C:6F6EH         LINE#         44
  C:6F70H         LINE#         45
  C:6F71H         LINE#         46
  C:6F71H         LINE#         47
  C:6F75H         LINE#         48
  C:6F77H         LINE#         49
  C:6F7AH         LINE#         51
  C:6F7DH         LINE#         52
  C:6F7DH         LINE#         53
  C:6F81H         LINE#         54
  C:6F81H         LINE#         55
  C:6F81H         LINE#         56
  C:6F84H         LINE#         57
  C:6F89H         LINE#         58
  C:6F8BH         LINE#         59
  -------         ENDPROC       SPI_RECEIVEBYTE
  -------         PROC          _SPI_READTIME
  D:0007H         SYMBOL        addr
  -------         DO            
  D:0006H         SYMBOL        dat
  -------         ENDDO         
  C:70A8H         LINE#         61
  C:70A8H         LINE#         62
  C:70A8H         LINE#         64
  C:70AAH         LINE#         65
  C:70ACH         LINE#         66
  C:70B3H         LINE#         67
  C:70B6H         LINE#         68
  C:70B8H         LINE#         69
  C:70B8H         LINE#         70
  -------         ENDPROC       _SPI_READTIME
  -------         PROC          _SPI_WRITETIME
  D:0002H         SYMBOL        val
  D:0005H         SYMBOL        addr
  C:6FFCH         LINE#         71
  C:6FFEH         LINE#         72
  C:6FFEH         LINE#         74
  C:7000H         LINE#         75
  C:7007H         LINE#         76
  C:700CH         LINE#         77
  C:7011H         LINE#         78
  C:7013H         LINE#         79
  -------         ENDPROC       _SPI_WRITETIME
  -------         PROC          SPI_INIT
  C:7108H         LINE#         83
  C:7108H         LINE#         84
  C:7108H         LINE#         89
BL51 BANKED LINKER/LOCATER V6.22                                                      08/08/2019  13:53:13  PAGE 22


  C:710BH         LINE#         90
  C:710EH         LINE#         91
  C:7110H         LINE#         92
  C:7112H         LINE#         93
  C:7114H         LINE#         94
  -------         ENDPROC       SPI_INIT
  -------         PROC          _READ_TIME
  X:04E9H         SYMBOL        months
  X:04ECH         SYMBOL        days
  X:04EFH         SYMBOL        hours
  X:04F2H         SYMBOL        mins
  X:04F5H         SYMBOL        seconds
  C:69E6H         LINE#         96
  C:69F1H         LINE#         97
  C:69F1H         LINE#         99
  C:6A05H         LINE#         101
  C:6A19H         LINE#         103
  C:6A2DH         LINE#         108
  C:6A41H         LINE#         113
  -------         ENDPROC       _READ_TIME
  -------         PROC          _BCDTODEC
  D:0007H         SYMBOL        bcd
  -------         DO            
  D:0006H         SYMBOL        hi
  D:0007H         SYMBOL        lo
  -------         ENDDO         
  C:70B9H         LINE#         119
  C:70B9H         LINE#         120
  C:70B9H         LINE#         122
  C:70BEH         LINE#         123
  C:70C2H         LINE#         124
  C:70C9H         LINE#         125
  -------         ENDPROC       _BCDTODEC
  -------         PROC          _DAY_OF_YEAR
  D:0007H         SYMBOL        months_bcd
  D:0005H         SYMBOL        days_bcd
  -------         DO            
  D:0004H         SYMBOL        months
  D:0007H         SYMBOL        days
  -------         ENDDO         
  C:6873H         LINE#         126
  C:6873H         LINE#         127
  C:6873H         LINE#         130
  C:6878H         LINE#         132
  C:687DH         LINE#         134
  C:68B6H         LINE#         135
  C:68B6H         LINE#         136
  C:68B6H         LINE#         137
  C:68B9H         LINE#         138
  C:68B9H         LINE#         139
  C:68B9H         LINE#         140
  C:68BEH         LINE#         141
  C:68BEH         LINE#         142
  C:68BEH         LINE#         143
  C:68C3H         LINE#         144
  C:68C3H         LINE#         145
  C:68C3H         LINE#         146
BL51 BANKED LINKER/LOCATER V6.22                                                      08/08/2019  13:53:13  PAGE 23


  C:68C8H         LINE#         147
  C:68C8H         LINE#         148
  C:68C8H         LINE#         149
  C:68CDH         LINE#         150
  C:68CDH         LINE#         151
  C:68CDH         LINE#         152
  C:68D2H         LINE#         153
  C:68D2H         LINE#         154
  C:68D2H         LINE#         155
  C:68D7H         LINE#         156
  C:68D7H         LINE#         157
  C:68D7H         LINE#         158
  C:68DCH         LINE#         159
  C:68DCH         LINE#         160
  C:68DCH         LINE#         161
  C:68E4H         LINE#         162
  C:68E4H         LINE#         163
  C:68E4H         LINE#         164
  C:68E9H         LINE#         165
  C:68E9H         LINE#         166
  C:68E9H         LINE#         167
  C:68EEH         LINE#         168
  C:68EEH         LINE#         169
  C:68EEH         LINE#         170
  C:68F7H         LINE#         171
  C:68F7H         LINE#         172
  C:68F7H         LINE#         173
  C:68FAH         LINE#         174
  C:68FAH         LINE#         175
  -------         ENDPROC       _DAY_OF_YEAR
  -------         ENDMOD        PCF85063BTL

  -------         MODULE        LCD_DRIVER_SPLC780D
  C:0000H         SYMBOL        _ICE_DUMMY_
  D:0092H         PUBLIC        P1M0
  D:0091H         PUBLIC        P1M1
  D:0080H         PUBLIC        P0
  D:0090H         PUBLIC        P1
  D:00A0H         PUBLIC        P2
  D:00B0H         PUBLIC        P3
  D:00C0H         PUBLIC        P4
  D:00C8H         PUBLIC        P5
  D:00E8H         PUBLIC        P6
  D:00F8H         PUBLIC        P7
  C:68FFH         PUBLIC        _WriteData
  D:00A8H         PUBLIC        IE
  D:00B8H         PUBLIC        IP
  D:00D8H         PUBLIC        CCON
  B:00B0H.4       PUBLIC        LCD_D4
  B:00B0H.5       PUBLIC        LCD_D5
  B:00B0H.6       PUBLIC        LCD_D6
  C:6FAAH         PUBLIC        _DisplayLCD
  B:00B0H.7       PUBLIC        LCD_D7
  D:0098H         PUBLIC        SCON
  D:0088H         PUBLIC        TCON
  C:7151H         PUBLIC        LCD_clear
  C:6C81H         PUBLIC        _Command
BL51 BANKED LINKER/LOCATER V6.22                                                      08/08/2019  13:53:13  PAGE 24


  C:7041H         PUBLIC        _Display_Line
  C:6AAFH         PUBLIC        LCD_Init
  C:6EE9H         PUBLIC        _Wait_ms
  B:00C0H.0       PUBLIC        LCD_RS
  B:0090H.3       PUBLIC        LCD_RW
  C:7147H         PUBLIC        LCD_return_home
  C:5B1AH         PUBLIC        _Display_Pos
  B:00B0H.3       PUBLIC        LCD_E
  D:00D0H         PUBLIC        PSW
  -------         PROC          LCD_INIT
  C:6AAFH         LINE#         9
  C:6AAFH         LINE#         10
  C:6AAFH         LINE#         11
  C:6AB2H         LINE#         12
  C:6AB5H         LINE#         14
  C:6ABBH         LINE#         15
  C:6AC0H         LINE#         17
  C:6AC7H         LINE#         18
  C:6ACCH         LINE#         20
  C:6ACFH         LINE#         21
  C:6AD4H         LINE#         23
  C:6AD7H         LINE#         24
  C:6ADCH         LINE#         26
  C:6AE3H         LINE#         29
  C:6AE8H         LINE#         30
  C:6AEDH         LINE#         32
  C:6AF2H         LINE#         33
  C:6AF7H         LINE#         35
  C:6AFCH         LINE#         36
  C:6B01H         LINE#         37
  -------         ENDPROC       LCD_INIT
  C:68FBH         SYMBOL        L?0035
  -------         PROC          L?0034
  -------         ENDPROC       L?0034
  C:68FBH         SYMBOL        L?0035
  -------         PROC          _WRITEDATA
  X:04F4H         SYMBOL        dat
  C:68FFH         LINE#         40
  C:6904H         LINE#         41
  C:6904H         LINE#         46
  C:6906H         LINE#         47
  C:6908H         LINE#         49
  C:6916H         LINE#         50
  C:6922H         LINE#         51
  C:692EH         LINE#         52
  C:6938H         LINE#         53
  C:693AH         LINE#         54
  C:6941H         LINE#         55
  C:6943H         LINE#         57
  C:6953H         LINE#         58
  C:695EH         LINE#         59
  C:6968H         LINE#         60
  C:696CH         LINE#         62
  C:696CH         LINE#         63
  C:696FH         LINE#         64
  C:6971H         LINE#         65
  C:6973H         LINE#         67
BL51 BANKED LINKER/LOCATER V6.22                                                      08/08/2019  13:53:13  PAGE 25


  -------         ENDPROC       _WRITEDATA
  -------         PROC          _COMMAND
  D:0007H         SYMBOL        dat
  C:6C81H         LINE#         69
  C:6C81H         LINE#         70
  C:6C81H         LINE#         71
  C:6C83H         LINE#         72
  C:6C85H         LINE#         74
  C:6C8FH         LINE#         75
  C:6C93H         LINE#         77
  C:6C95H         LINE#         78
  C:6C9EH         LINE#         79
  C:6CA2H         LINE#         81
  C:6CA4H         LINE#         82
  C:6CABH         LINE#         83
  C:6CAFH         LINE#         85
  C:6CB1H         LINE#         86
  C:6CB5H         LINE#         87
  C:6CB9H         LINE#         89
  C:6CBBH         LINE#         90
  C:6CBBH         LINE#         91
  C:6CBEH         LINE#         92
  C:6CC0H         LINE#         93
  -------         ENDPROC       _COMMAND
  C:6EE5H         SYMBOL        L?0037
  -------         PROC          L?0036
  -------         ENDPROC       L?0036
  C:6EE5H         SYMBOL        L?0037
  -------         PROC          _WAIT_MS
  D:0006H         SYMBOL        ms
  -------         DO            
  D:0004H         SYMBOL        De_Cnt
  -------         ENDDO         
  C:6EE9H         LINE#         95
  C:6EE9H         LINE#         96
  C:6EE9H         LINE#         98
  C:6EF3H         LINE#         99
  C:6EF3H         LINE#         100
  C:6F06H         LINE#         101
  C:6F06H         LINE#         102
  -------         ENDPROC       _WAIT_MS
  -------         PROC          _DISPLAYLCD
  D:0007H         SYMBOL        BCD
  -------         DO            
  D:0006H         SYMBOL        first_digit
  X:03F8H         SYMBOL        second_digit
  -------         ENDDO         
  C:6FAAH         LINE#         103
  C:6FAAH         LINE#         104
  C:6FAAH         LINE#         106
  C:6FB1H         LINE#         107
  C:6FBAH         LINE#         109
  C:6FBFH         LINE#         111
  -------         ENDPROC       _DISPLAYLCD
  -------         PROC          LCD_RETURN_HOME
  C:7147H         LINE#         115
  C:7147H         LINE#         116
BL51 BANKED LINKER/LOCATER V6.22                                                      08/08/2019  13:53:13  PAGE 26


  C:7147H         LINE#         117
  C:714CH         LINE#         118
  -------         ENDPROC       LCD_RETURN_HOME
  -------         PROC          LCD_CLEAR
  C:7151H         LINE#         121
  C:7151H         LINE#         122
  C:7151H         LINE#         123
  C:7156H         LINE#         124
  -------         ENDPROC       LCD_CLEAR
  -------         PROC          _DISPLAY_LINE
  D:0006H         SYMBOL        line
  C:7041H         LINE#         128
  C:7041H         LINE#         129
  C:7041H         LINE#         130
  C:7047H         LINE#         131
  C:7047H         LINE#         132
  C:7049H         LINE#         133
  C:7049H         LINE#         134
  C:704BH         LINE#         136
  C:704BH         LINE#         137
  C:7050H         LINE#         138
  C:7055H         LINE#         139
  C:7055H         LINE#         140
  -------         ENDPROC       _DISPLAY_LINE
  -------         PROC          _DISPLAY_POS
  X:04E9H         SYMBOL        sign_dat
  -------         DO            
  X:04EDH         SYMBOL        unit
  X:04EEH         SYMBOL        ten
  X:04EFH         SYMBOL        hundred
  X:04F0H         SYMBOL        thousand
  X:04F1H         SYMBOL        after_dot
  X:04F2H         SYMBOL        dat
  -------         ENDDO         
  C:5B1AH         LINE#         142
  C:5B20H         LINE#         143
  C:5B20H         LINE#         147
  C:5B3CH         LINE#         148
  C:5B56H         LINE#         149
  C:5B7AH         LINE#         151
  C:5BC4H         LINE#         153
  C:5BDBH         LINE#         154
  C:5BEDH         LINE#         155
  C:5C12H         LINE#         156
  C:5C2CH         LINE#         157
  C:5C44H         LINE#         158
  C:5C44H         LINE#         159
  C:5C44H         LINE#         160
  C:5C44H         LINE#         161
  C:5C44H         LINE#         162
  C:5C44H         LINE#         163
  C:5C44H         LINE#         164
  C:5C44H         LINE#         168
  C:5C46H         LINE#         170
  C:5C46H         LINE#         172
  C:5C4BH         LINE#         173
  C:5C51H         LINE#         174
BL51 BANKED LINKER/LOCATER V6.22                                                      08/08/2019  13:53:13  PAGE 27


  C:5C57H         LINE#         175
  C:5C5DH         LINE#         176
  C:5C63H         LINE#         177
  C:5C68H         LINE#         178
  C:5C6EH         LINE#         182
  C:5C6EH         LINE#         184
  -------         ENDPROC       _DISPLAY_POS
  -------         ENDMOD        LCD_DRIVER_SPLC780D

  -------         MODULE        KEYPAD
  C:0000H         SYMBOL        _ICE_DUMMY_
  D:0093H         PUBLIC        P0M1
  D:0080H         PUBLIC        P0
  D:0090H         PUBLIC        P1
  D:00A0H         PUBLIC        P2
  D:00B0H         PUBLIC        P3
  D:00C0H         PUBLIC        P4
  D:00C8H         PUBLIC        P5
  D:00E8H         PUBLIC        P6
  D:00F8H         PUBLIC        P7
  D:00A8H         PUBLIC        IE
  C:5516H         PUBLIC        Key_Scan
  D:00B8H         PUBLIC        IP
  D:00D8H         PUBLIC        CCON
  C:712FH         PUBLIC        KeyPad_IO_Init
  C:6F8CH         PUBLIC        _Delay_ms
  D:0098H         PUBLIC        SCON
  D:0088H         PUBLIC        TCON
  X:0645H         PUBLIC        small_move
  X:0647H         PUBLIC        move
  X:0649H         PUBLIC        auto_mode
  X:064BH         PUBLIC        direction
  X:064DH         PUBLIC        SPI_NOR_ClearEnable
  C:4C43H         PUBLIC        Key_Process
  D:00D0H         PUBLIC        PSW
  D:0094H         PUBLIC        P0M0
  -------         PROC          _DELAY_MS
  D:0006H         SYMBOL        ms
  -------         DO            
  D:0004H         SYMBOL        De_Cnt
  -------         ENDDO         
  C:6F8CH         LINE#         20
  C:6F8CH         LINE#         21
  C:6F8CH         LINE#         23
  C:6F96H         LINE#         24
  C:6F96H         LINE#         25
  C:6FA9H         LINE#         26
  C:6FA9H         LINE#         27
  -------         ENDPROC       _DELAY_MS
  -------         PROC          KEY_SCAN
  -------         DO            
  X:03FEH         SYMBOL        KeyTemp1
  X:03FFH         SYMBOL        KeyTemp2
  X:0400H         SYMBOL        KeyValue
  -------         ENDDO         
  C:5516H         LINE#         28
  C:5516H         LINE#         29
BL51 BANKED LINKER/LOCATER V6.22                                                      08/08/2019  13:53:13  PAGE 28


  C:5516H         LINE#         34
  C:5519H         LINE#         37
  C:551CH         LINE#         39
  C:5524H         LINE#         40
  C:552BH         LINE#         41
  C:552BH         LINE#         43
  C:5530H         LINE#         44
  C:5537H         LINE#         45
  C:5537H         LINE#         48
  C:553AH         LINE#         49
  C:553DH         LINE#         50
  C:5542H         LINE#         51
  C:5546H         LINE#         52
  C:5546H         LINE#         53
  C:554EH         LINE#         54
  C:554EH         LINE#         55
  C:5551H         LINE#         56
  C:5559H         LINE#         57
  C:555BH         LINE#         59
  C:556FH         LINE#         60
  C:556FH         LINE#         61
  C:556FH         LINE#         62
  C:556FH         LINE#         63
  C:5575H         LINE#         65
  C:5577H         LINE#         66
  C:5577H         LINE#         67
  C:5577H         LINE#         68
  C:557DH         LINE#         70
  C:557FH         LINE#         71
  C:557FH         LINE#         72
  C:557FH         LINE#         73
  C:5585H         LINE#         75
  C:5587H         LINE#         76
  C:5587H         LINE#         77
  C:5587H         LINE#         78
  C:558DH         LINE#         80
  C:558DH         LINE#         81
  C:558DH         LINE#         82
  C:558DH         LINE#         85
  C:5590H         LINE#         86
  C:5593H         LINE#         87
  C:559BH         LINE#         88
  C:559FH         LINE#         89
  C:559FH         LINE#         90
  C:55A7H         LINE#         91
  C:55A7H         LINE#         92
  C:55AAH         LINE#         93
  C:55B2H         LINE#         94
  C:55B4H         LINE#         95
  C:55C8H         LINE#         96
  C:55C8H         LINE#         97
  C:55C8H         LINE#         98
  C:55C8H         LINE#         99
  C:55CEH         LINE#         101
  C:55D0H         LINE#         102
  C:55D0H         LINE#         103
  C:55D0H         LINE#         104
BL51 BANKED LINKER/LOCATER V6.22                                                      08/08/2019  13:53:13  PAGE 29


  C:55D6H         LINE#         106
  C:55D8H         LINE#         107
  C:55D8H         LINE#         108
  C:55D8H         LINE#         109
  C:55DEH         LINE#         111
  C:55E0H         LINE#         112
  C:55E0H         LINE#         113
  C:55E0H         LINE#         114
  C:55E5H         LINE#         116
  C:55E5H         LINE#         117
  C:55E5H         LINE#         118
  C:55E5H         LINE#         121
  C:55E8H         LINE#         122
  C:55EBH         LINE#         123
  C:55F3H         LINE#         124
  C:55F7H         LINE#         125
  C:55F7H         LINE#         126
  C:55FFH         LINE#         127
  C:55FFH         LINE#         128
  C:5602H         LINE#         129
  C:560AH         LINE#         130
  C:560CH         LINE#         131
  C:5620H         LINE#         132
  C:5620H         LINE#         133
  C:5620H         LINE#         134
  C:5620H         LINE#         135
  C:5626H         LINE#         137
  C:5628H         LINE#         138
  C:5628H         LINE#         139
  C:5628H         LINE#         140
  C:562EH         LINE#         142
  C:5630H         LINE#         143
  C:5630H         LINE#         144
  C:5630H         LINE#         145
  C:5636H         LINE#         147
  C:5638H         LINE#         148
  C:5638H         LINE#         149
  C:5638H         LINE#         150
  C:563EH         LINE#         152
  C:563EH         LINE#         153
  C:563EH         LINE#         154
  C:563EH         LINE#         158
  C:5641H         LINE#         159
  C:5644H         LINE#         160
  C:564CH         LINE#         161
  C:5650H         LINE#         162
  C:5650H         LINE#         163
  C:5658H         LINE#         164
  C:5658H         LINE#         165
  C:565BH         LINE#         166
  C:5663H         LINE#         167
  C:5665H         LINE#         168
  C:5679H         LINE#         169
  C:5679H         LINE#         170
  C:5679H         LINE#         171
  C:5679H         LINE#         172
  C:567FH         LINE#         174
BL51 BANKED LINKER/LOCATER V6.22                                                      08/08/2019  13:53:13  PAGE 30


  C:5681H         LINE#         175
  C:5681H         LINE#         176
  C:5681H         LINE#         177
  C:5687H         LINE#         179
  C:5689H         LINE#         180
  C:5689H         LINE#         181
  C:5689H         LINE#         182
  C:568FH         LINE#         184
  C:5691H         LINE#         185
  C:5691H         LINE#         186
  C:5691H         LINE#         187
  C:5697H         LINE#         189
  C:5697H         LINE#         190
  C:5697H         LINE#         191
  C:5697H         LINE#         193
  C:569DH         LINE#         194
  C:569DH         LINE#         196
  C:569DH         LINE#         197
  C:56A0H         LINE#         198
  C:56A0H         LINE#         199
  C:56A0H         LINE#         201
  C:56A0H         LINE#         202
  C:56A2H         LINE#         203
  C:56A2H         LINE#         204
  -------         ENDPROC       KEY_SCAN
  -------         PROC          KEY_PROCESS
  -------         DO            
  X:0636H         SYMBOL        KeyCount
  X:0637H         SYMBOL        KeyNum_Old
  X:0639H         SYMBOL        KeyNum
  X:063BH         SYMBOL        PressedKey
  X:03F8H         SYMBOL        d
  D:0002H         SYMBOL        hours
  D:0006H         SYMBOL        mins
  X:03FAH         SYMBOL        months
  X:03FCH         SYMBOL        days
  -------         ENDDO         
  C:4C43H         LINE#         205
  C:4C43H         LINE#         206
  C:4C43H         LINE#         210
  C:4C52H         LINE#         211
  C:4C5FH         LINE#         213
  C:4C63H         LINE#         214
  C:4C63H         LINE#         215
  C:4C69H         LINE#         217
  C:4C69H         LINE#         218
  C:4C80H         LINE#         219
  C:4C80H         LINE#         220
  C:4C8AH         LINE#         221
  C:4C90H         LINE#         223
  C:4C96H         LINE#         225
  C:4C96H         LINE#         226
  C:4CADH         LINE#         227
  C:4CADH         LINE#         228
  C:4CB2H         LINE#         230
  C:4CB2H         LINE#         231
  C:4CC2H         LINE#         232
BL51 BANKED LINKER/LOCATER V6.22                                                      08/08/2019  13:53:13  PAGE 31


  C:4CC2H         LINE#         233
  C:4CC8H         LINE#         235
  C:4CC8H         LINE#         236
  C:4CDAH         LINE#         237
  C:4CDAH         LINE#         238
  C:4CE4H         LINE#         239
  C:4CECH         LINE#         241
  C:4CF5H         LINE#         243
  C:4CF5H         LINE#         252
  C:4D14H         LINE#         253
  C:4D14H         LINE#         254
  C:4D33H         LINE#         255
  C:4D39H         LINE#         256
  C:4D41H         LINE#         257
  C:4D41H         LINE#         259
  C:4D42H         LINE#         265
  C:4D4EH         LINE#         266
  C:4D4EH         LINE#         267
  C:4D6BH         LINE#         268
  C:4D82H         LINE#         269
  C:4D99H         LINE#         270
  C:4D99H         LINE#         271
  C:4DACH         LINE#         272
  C:4DBFH         LINE#         273
  C:4DBFH         LINE#         274
  C:4DBFH         LINE#         275
  C:4DC2H         LINE#         280
  C:4DD1H         LINE#         281
  C:4DD1H         LINE#         282
  C:4DF4H         LINE#         283
  C:4E11H         LINE#         284
  C:4E1AH         LINE#         285
  C:4E1AH         LINE#         286
  C:4E21H         LINE#         287
  C:4E21H         LINE#         288
  C:4E32H         LINE#         289
  C:4E32H         LINE#         290
  C:4E41H         LINE#         291
  C:4E41H         LINE#         292
  C:4E41H         LINE#         293
  C:4E44H         LINE#         295
  C:4E44H         LINE#         296
  C:4E50H         LINE#         297
  C:4E50H         LINE#         298
  C:4E62H         LINE#         299
  C:4E62H         LINE#         300
  C:4E72H         LINE#         301
  C:4E72H         LINE#         302
  C:4E72H         LINE#         304
  C:4E74H         LINE#         306
  C:4E74H         LINE#         307
  C:4E83H         LINE#         308
  C:4E83H         LINE#         309
  C:4E93H         LINE#         310
  C:4E93H         LINE#         311
  C:4E93H         LINE#         313
  C:4E93H         LINE#         315
BL51 BANKED LINKER/LOCATER V6.22                                                      08/08/2019  13:53:13  PAGE 32


  C:4E93H         LINE#         316
  C:4E95H         LINE#         318
  C:4E95H         LINE#         319
  C:4E9CH         LINE#         320
  C:4E9CH         LINE#         321
  C:4EABH         LINE#         322
  C:4EABH         LINE#         323
  C:4EBBH         LINE#         324
  C:4EBBH         LINE#         325
  C:4EBBH         LINE#         326
  C:4EBDH         LINE#         328
  C:4EBDH         LINE#         329
  C:4ECCH         LINE#         330
  C:4ECCH         LINE#         331
  C:4EDFH         LINE#         332
  C:4EF2H         LINE#         333
  C:4EF2H         LINE#         334
  C:4EF2H         LINE#         335
  C:4EF2H         LINE#         336
  C:4EFBH         LINE#         338
  C:4EFBH         LINE#         340
  C:4F35H         LINE#         341
  C:4F35H         LINE#         342
  C:4F3CH         LINE#         343
  C:4F3CH         LINE#         344
  C:4F46H         LINE#         345
  C:4F46H         LINE#         346
  C:4F49H         LINE#         347
  C:4F4EH         LINE#         348
  C:4F53H         LINE#         349
  C:4F58H         LINE#         350
  C:4F5DH         LINE#         351
  C:4F62H         LINE#         352
  C:4F67H         LINE#         353
  C:4F6CH         LINE#         354
  C:4F6CH         LINE#         355
  C:4F6CH         LINE#         357
  C:4F8AH         LINE#         358
  C:4F8AH         LINE#         359
  C:4F91H         LINE#         360
  C:4F91H         LINE#         361
  C:4F96H         LINE#         362
  C:4F9FH         LINE#         363
  C:4FBEH         LINE#         364
  C:4FBEH         LINE#         365
  C:4FCEH         LINE#         367
  C:4FCEH         LINE#         371
  -------         ENDPROC       KEY_PROCESS
  -------         PROC          KEYPAD_IO_INIT
  C:712FH         LINE#         374
  C:712FH         LINE#         375
  C:712FH         LINE#         376
  C:7132H         LINE#         377
  C:7135H         LINE#         378
  C:7138H         LINE#         379
  C:713AH         LINE#         380
  -------         ENDPROC       KEYPAD_IO_INIT
BL51 BANKED LINKER/LOCATER V6.22                                                      08/08/2019  13:53:13  PAGE 33


  -------         ENDMOD        KEYPAD

  -------         MODULE        BIPOLARMOTOR
  C:0000H         SYMBOL        _ICE_DUMMY_
  X:0000H         PUBLIC        UTC_time
  D:0080H         PUBLIC        P0
  D:0090H         PUBLIC        P1
  X:0004H         PUBLIC        RX_pos_test
  D:00A0H         PUBLIC        P2
  D:00B0H         PUBLIC        P3
  D:00C0H         PUBLIC        P4
  D:00C8H         PUBLIC        P5
  D:00E8H         PUBLIC        P6
  D:00F8H         PUBLIC        P7
  X:00A4H         PUBLIC        low_date_azimuth_mapping
  D:00A8H         PUBLIC        IE
  C:62BFH         PUBLIC        linear_interpolate
  X:00CCH         PUBLIC        declination
  C:6E20H         PUBLIC        _Move
  D:00B8H         PUBLIC        IP
  X:00D0H         PUBLIC        time_offset
  D:00D8H         PUBLIC        CCON
  X:00D4H         PUBLIC        previous_move_time
  X:00D5H         PUBLIC        time
  D:0098H         PUBLIC        SCON
  D:0088H         PUBLIC        TCON
  C:6CC1H         PUBLIC        _Step_move
  X:00E7H         PUBLIC        dat
  X:00EDH         PUBLIC        current_local_sun_time
  C:387AH         PUBLIC        _Update_position
  C:4FCFH         PUBLIC        _elevation_calculation
  X:00F1H         PUBLIC        sunCoord
  C:6BA9H         PUBLIC        vOneStepMove
  X:00F4H         PUBLIC        elevation_stamp
  X:0130H         PUBLIC        date_azimuth_mapping
  X:0158H         PUBLIC        location
  X:0160H         PUBLIC        RX_pos
  C:7056H         PUBLIC        vSetLocation
  C:6FD1H         PUBLIC        _BCDtoDec1
  X:03B8H         PUBLIC        degree
  C:3EABH         PUBLIC        _TheoricalJP_Position
  D:00D0H         PUBLIC        PSW
  -------         PROC          VSETLOCATION
  C:7056H         LINE#         44
  C:7056H         LINE#         45
  C:7056H         LINE#         46
  C:7060H         LINE#         47
  C:706AH         LINE#         48
  -------         ENDPROC       VSETLOCATION
  C:6FCDH         SYMBOL        L?0060
  -------         PROC          L?0059
  -------         ENDPROC       L?0059
  C:6FCDH         SYMBOL        L?0060
  -------         PROC          _BCDTODEC1
  D:0007H         SYMBOL        bcd
  -------         DO            
  D:0006H         SYMBOL        hi
BL51 BANKED LINKER/LOCATER V6.22                                                      08/08/2019  13:53:13  PAGE 34


  D:0007H         SYMBOL        lo
  -------         ENDDO         
  C:6FD1H         LINE#         49
  C:6FD1H         LINE#         50
  C:6FD1H         LINE#         52
  C:6FD6H         LINE#         53
  C:6FDAH         LINE#         54
  C:6FE1H         LINE#         55
  -------         ENDPROC       _BCDTODEC1
  -------         PROC          VONESTEPMOVE
  B:0020H.3       SYMBOL        bDir
  C:6BA9H         LINE#         59
[...]


  C:571FH         LINE#         325
  C:571FH         LINE#         326
  C:571FH         LINE#         328
  C:5722H         LINE#         330
  C:573CH         LINE#         331
  C:573CH         LINE#         332
  C:573CH         LINE#         334
  C:573FH         LINE#         336
  C:5759H         LINE#         337
  C:5759H         LINE#         338
  C:5759H         LINE#         340
  C:575CH         LINE#         342
  C:5776H         LINE#         343
  C:5776H         LINE#         344
  C:5776H         LINE#         346
  C:5779H         LINE#         348
  C:5793H         LINE#         349
  C:5793H         LINE#         350
  C:5793H         LINE#         352
  C:5796H         LINE#         354
  C:57B0H         LINE#         355
  C:57B0H         LINE#         356
  C:57B0H         LINE#         358
  C:57B3H         LINE#         360
  C:57CDH         LINE#         361
  C:57CDH         LINE#         362
  C:57CDH         LINE#         364
  C:57D0H         LINE#         366
  C:57EAH         LINE#         367
  C:57EAH         LINE#         368
  C:57EAH         LINE#         370
  C:57EDH         LINE#         372
  C:5807H         LINE#         373
  C:580EH         LINE#         374
  -------         ENDPROC       SPI_NOR_WRITE_DATA
  -------         ENDMOD        AT25SF041

  -------         MODULE        SI1120
  C:0000H         SYMBOL        _ICE_DUMMY_
  D:0080H         PUBLIC        P0
  D:00B2H         PUBLIC        P3M0
  D:0090H         PUBLIC        P1
  D:00B1H         PUBLIC        P3M1
  D:00A0H         PUBLIC        P2
  D:00B0H         PUBLIC        P3
  D:00C0H         PUBLIC        P4
  D:00C8H         PUBLIC        P5
  B:00A8H.7       PUBLIC        EA
  D:00E8H         PUBLIC        P6
  D:00F8H         PUBLIC        P7
  D:00A8H         PUBLIC        IE
  D:00B8H         PUBLIC        IP
  C:6D6FH         PUBLIC        SI1120_CONFIG_MODE_VIRH
  D:00D8H         PUBLIC        CCON
  D:0098H         PUBLIC        SCON
  D:0088H         PUBLIC        TCON
  C:7115H         PUBLIC        Enable_EXTINT0
BL51 BANKED LINKER/LOCATER V6.22                                                      08/08/2019  13:53:13  PAGE 55


  B:0090H.5       PUBLIC        SI1120_STX
  B:0088H.0       PUBLIC        IT0
  B:00A8H.0       PUBLIC        EX0
  B:0090H.4       PUBLIC        SI1120_MD
  B:0090H.6       PUBLIC        SI1120_SC
  D:00D0H         PUBLIC        PSW
  -------         PROC          SI1120_CONFIG_MODE_VIRH
  C:6D6FH         LINE#         4
  C:6D6FH         LINE#         5
  C:6D6FH         LINE#         6
  C:6D71H         LINE#         7
  C:6D73H         LINE#         8
  C:6D75H         LINE#         10
  C:6D7CH         LINE#         11
  C:6D7EH         LINE#         13
  C:6D80H         LINE#         14
  C:6D82H         LINE#         16
  C:6D89H         LINE#         18
  C:6D8BH         LINE#         20
  C:6D92H         LINE#         23
  C:6D94H         LINE#         25
  C:6D96H         LINE#         27
  C:6D9DH         LINE#         29
  C:6D9FH         LINE#         31
  -------         ENDPROC       SI1120_CONFIG_MODE_VIRH
  -------         PROC          ENABLE_EXTINT0
  C:7115H         LINE#         33
  C:7115H         LINE#         34
  C:7115H         LINE#         35
  C:7118H         LINE#         36
  C:711BH         LINE#         37
  C:711DH         LINE#         38
  C:711FH         LINE#         39
  C:7121H         LINE#         40
  -------         ENDPROC       ENABLE_EXTINT0
  -------         ENDMOD        SI1120

  -------         MODULE        UART1
  C:0000H         SYMBOL        _ICE_DUMMY_
  D:0080H         PUBLIC        P0
  D:0090H         PUBLIC        P1
  D:00A0H         PUBLIC        P2
  D:00B0H         PUBLIC        P3
  D:00C0H         PUBLIC        P4
  D:00C8H         PUBLIC        P5
  C:6F07H         PUBLIC        _uart1_SendToTCPServer
  B:00A8H.7       PUBLIC        EA
  D:00E8H         PUBLIC        P6
  D:00F8H         PUBLIC        P7
  C:6D3CH         PUBLIC        _SendString
  D:00A8H         PUBLIC        IE
  B:00A8H.4       PUBLIC        ES
  D:00B8H         PUBLIC        IP
  C:7014H         PUBLIC        _ASCIItoBCD
  D:00D8H         PUBLIC        CCON
  C:70CAH         PUBLIC        initUART1
  D:0098H         PUBLIC        SCON
BL51 BANKED LINKER/LOCATER V6.22                                                      08/08/2019  13:53:13  PAGE 56


  D:0088H         PUBLIC        TCON
  C:7183H         PUBLIC        _DectoBCD
  C:001EH         PUBLIC        _ASCII_Letter
  D:008EH         PUBLIC        AUXR
  C:0006H         PUBLIC        _unit
  C:717CH         PUBLIC        _ten
  D:00D6H         PUBLIC        T2H
  D:00D7H         PUBLIC        T2L
  C:716DH         PUBLIC        uart1_InitTCPConn
  D:00D0H         PUBLIC        PSW
  -------         PROC          INITUART1
  C:70CAH         LINE#         24
  C:70CAH         LINE#         25
  C:70CAH         LINE#         26
  C:70CDH         LINE#         27
  C:70D0H         LINE#         28
  C:70D3H         LINE#         29
  C:70D6H         LINE#         30
  C:70D8H         LINE#         31
  C:70DAH         LINE#         33
  -------         ENDPROC       INITUART1
  -------         PROC          _SENDSTRING
  X:04E9H         SYMBOL        s
  C:6D3CH         LINE#         36
  C:6D47H         LINE#         37
  C:6D47H         LINE#         38
  C:6D57H         LINE#         39
  C:6D57H         LINE#         40
  C:6D6CH         LINE#         41
  C:6D6EH         LINE#         42
  -------         ENDPROC       _SENDSTRING
  -------         PROC          _TEN
  D:0007H         SYMBOL        BCD
  C:717CH         LINE#         44
  C:717CH         LINE#         45
  C:717CH         LINE#         46
  C:7181H         LINE#         47
  -------         ENDPROC       _TEN
  -------         PROC          _UNIT
  D:0007H         SYMBOL        BCD
  C:0006H         LINE#         48
  C:0006H         LINE#         49
  C:0006H         LINE#         53
  C:000AH         LINE#         54
  -------         ENDPROC       _UNIT
  -------         PROC          _DECTOBCD
  D:0007H         SYMBOL        dec
  C:7183H         LINE#         55
  C:7183H         LINE#         56
  C:7183H         LINE#         58
  C:7183H         LINE#         59
  -------         ENDPROC       _DECTOBCD
  -------         PROC          _ASCII_LETTER
  D:0007H         SYMBOL        dat
  C:001EH         LINE#         61
  C:001EH         LINE#         62
  C:001EH         LINE#         64
BL51 BANKED LINKER/LOCATER V6.22                                                      08/08/2019  13:53:13  PAGE 57


  C:0022H         LINE#         65
  -------         ENDPROC       _ASCII_LETTER
  -------         PROC          _ASCIITOBCD
  D:0001H         SYMBOL        ascii
  -------         DO            
  D:0007H         SYMBOL        dec_val
  D:0006H         SYMBOL        ten
  D:0007H         SYMBOL        unit
  -------         ENDDO         
  C:7014H         LINE#         67
  C:7014H         LINE#         68
  C:7014H         LINE#         70
  C:7017H         LINE#         71
  C:701DH         LINE#         72
  C:7024H         LINE#         73
  C:702AH         LINE#         75
  -------         ENDPROC       _ASCIITOBCD
  -------         PROC          UART1_INITTCPCONN
  C:716DH         LINE#         77
  C:716DH         LINE#         78
  C:716DH         LINE#         82
  -------         ENDPROC       UART1_INITTCPCONN
  -------         PROC          _UART1_SENDTOTCPSERVER
  X:03F8H         SYMBOL        str
  C:6F07H         LINE#         85
  C:6F12H         LINE#         86
  C:6F12H         LINE#         87
  C:6F1BH         LINE#         88
  C:6F22H         LINE#         89
  -------         ENDPROC       _UART1_SENDTOTCPSERVER
  -------         ENDMOD        UART1

  -------         MODULE        ?C_STARTUP
  C:67E7H         SEGMENT       ?C_C51STARTUP
  I:0022H         SEGMENT       ?STACK
  C:0000H         PUBLIC        ?C_STARTUP
  D:00E0H         SYMBOL        ACC
  D:00F0H         SYMBOL        B
  D:0083H         SYMBOL        DPH
  D:0082H         SYMBOL        DPL
  N:0000H         SYMBOL        IBPSTACK
  N:0100H         SYMBOL        IBPSTACKTOP
  N:0080H         SYMBOL        IDATALEN
  C:67EAH         SYMBOL        IDATALOOP
  N:0000H         SYMBOL        PBPSTACK
  N:0100H         SYMBOL        PBPSTACKTOP
  N:0000H         SYMBOL        PDATALEN
  N:0000H         SYMBOL        PDATASTART
  N:0000H         SYMBOL        PPAGE
  N:0000H         SYMBOL        PPAGEENABLE
  D:00A0H         SYMBOL        PPAGE_SFR
  D:0081H         SYMBOL        SP
  C:67E7H         SYMBOL        STARTUP1
  N:0000H         SYMBOL        XBPSTACK
  N:0000H         SYMBOL        XBPSTACKTOP
  N:0000H         SYMBOL        XDATALEN
  N:0000H         SYMBOL        XDATASTART
BL51 BANKED LINKER/LOCATER V6.22                                                      08/08/2019  13:53:13  PAGE 58


  C:0000H         LINE#         126
  C:67E7H         LINE#         133
  C:67E9H         LINE#         134
  C:67EAH         LINE#         135
  C:67EBH         LINE#         136
  C:67EDH         LINE#         185
  C:67F0H         LINE#         196
  -------         ENDMOD        ?C_STARTUP

  -------         MODULE        ?C?FPADD
  C:1E23H         PUBLIC        ?C?FPADD
  C:1E1FH         PUBLIC        ?C?FPSUB
  -------         ENDMOD        ?C?FPADD

  -------         MODULE        ?C?FPMUL
  C:1F14H         PUBLIC        ?C?FPMUL
  -------         ENDMOD        ?C?FPMUL

  -------         MODULE        ?C?FPDIV
  C:201DH         PUBLIC        ?C?FPDIV
  -------         ENDMOD        ?C?FPDIV

  -------         MODULE        ?C?FPCMP
  C:20BCH         PUBLIC        ?C?FPCMP
  C:20BAH         PUBLIC        ?C?FPCMP3
  -------         ENDMOD        ?C?FPCMP

  -------         MODULE        ?C?FPNEG
  C:2133H         PUBLIC        ?C?FPNEG
  -------         ENDMOD        ?C?FPNEG

  -------         MODULE        ?C?FCAST
  C:214EH         PUBLIC        ?C?FCASTC
  C:2149H         PUBLIC        ?C?FCASTI
  C:2144H         PUBLIC        ?C?FCASTL
  -------         ENDMOD        ?C?FCAST

  -------         MODULE        ?C?CASTF
  C:2182H         PUBLIC        ?C?CASTF
  -------         ENDMOD        ?C?CASTF

  -------         MODULE        PRINTF
  X:04E9H         PUBLIC        ?_PRINTF?BYTE
  X:04E9H         PUBLIC        ?_SPRINTF?BYTE
  C:4411H         PUBLIC        _PRINTF
  C:440BH         PUBLIC        _SPRINTF
  -------         ENDMOD        PRINTF

  -------         MODULE        FABS
  C:7122H         PUBLIC        _FABS
  -------         ENDMOD        FABS

  -------         MODULE        ATAN2
  X:049FH         PUBLIC        ?_atan2?BYTE
  C:6614H         PUBLIC        _atan2
  -------         ENDMOD        ATAN2

BL51 BANKED LINKER/LOCATER V6.22                                                      08/08/2019  13:53:13  PAGE 59


  -------         MODULE        SIN
  C:5874H         PUBLIC        _COS
  C:588AH         PUBLIC        _SIN
  C:58C6H         PUBLIC        _TAN
  -------         ENDMOD        SIN

  -------         MODULE        ACOS
  C:6BF3H         PUBLIC        _ACOS
  -------         ENDMOD        ACOS

  -------         MODULE        ASIN
  C:6D01H         PUBLIC        _ASIN
  -------         ENDMOD        ASIN

  -------         MODULE        POW
  X:03BCH         PUBLIC        ?_pow?BYTE
  C:59B4H         PUBLIC        _pow
  -------         ENDMOD        POW

  -------         MODULE        ?C?CHKFLOAT
  C:2203H         PUBLIC        ?C?CHKFLOAT
  -------         ENDMOD        ?C?CHKFLOAT

  -------         MODULE        ?C?FPROUND
  C:221DH         PUBLIC        ?C?FPROUND
  -------         ENDMOD        ?C?FPROUND

  -------         MODULE        ?C?FPCONVERT
  C:225AH         PUBLIC        ?C?FPCONVERT
  -------         ENDMOD        ?C?FPCONVERT

  -------         MODULE        EXP
  C:6785H         PUBLIC        _EXP
  -------         ENDMOD        EXP

  -------         MODULE        LOG
  C:5CA3H         PUBLIC        _LOG
  C:5C9FH         PUBLIC        _LOG10
  -------         ENDMOD        LOG

  -------         MODULE        SQRT
  C:64CBH         PUBLIC        _SQRT
  -------         ENDMOD        SQRT

  -------         MODULE        ATAN
  C:5DB8H         PUBLIC        _ATAN
  -------         ENDMOD        ATAN

  -------         MODULE        ?C?FTNPWR
  C:23DCH         PUBLIC        ?C?FTNPWR
  -------         ENDMOD        ?C?FTNPWR

  -------         MODULE        ?C?COPY
  C:24ECH         PUBLIC        ?C?COPY
  -------         ENDMOD        ?C?COPY

  -------         MODULE        ?C?CLDPTR
BL51 BANKED LINKER/LOCATER V6.22                                                      08/08/2019  13:53:13  PAGE 60


  C:2512H         PUBLIC        ?C?CLDPTR
  -------         ENDMOD        ?C?CLDPTR

  -------         MODULE        ?C?CLDOPTR
  C:252BH         PUBLIC        ?C?CLDOPTR
  -------         ENDMOD        ?C?CLDOPTR

  -------         MODULE        ?C?CSTPTR
  C:2558H         PUBLIC        ?C?CSTPTR
  -------         ENDMOD        ?C?CSTPTR

  -------         MODULE        ?C?IMUL
  C:256AH         PUBLIC        ?C?IMUL
  -------         ENDMOD        ?C?IMUL

  -------         MODULE        ?C?UIDIV
  C:257CH         PUBLIC        ?C?UIDIV
  -------         ENDMOD        ?C?UIDIV

  -------         MODULE        ?C?SIDIV
  C:25D1H         PUBLIC        ?C?SIDIV
  -------         ENDMOD        ?C?SIDIV

  -------         MODULE        ?C?ILDIX
  C:2607H         PUBLIC        ?C?ILDIX
  -------         ENDMOD        ?C?ILDIX

  -------         MODULE        ?C?ILDOPTR
  C:261DH         PUBLIC        ?C?ILDOPTR
  -------         ENDMOD        ?C?ILDOPTR

  -------         MODULE        ?C?ISTPTR
  C:2655H         PUBLIC        ?C?ISTPTR
  -------         ENDMOD        ?C?ISTPTR

  -------         MODULE        ?C?LMUL
  C:2674H         PUBLIC        ?C?LMUL
  -------         ENDMOD        ?C?LMUL

  -------         MODULE        ?C?SLDIV
  C:6C3DH         PUBLIC        ?C?SLDIV
  -------         ENDMOD        ?C?SLDIV

  -------         MODULE        ?C?LNEG
  C:26C3H         PUBLIC        ?C?LNEG
  -------         ENDMOD        ?C?LNEG

  -------         MODULE        ?C?ULCMP
  C:26D1H         PUBLIC        ?C?ULCMP
  -------         ENDMOD        ?C?ULCMP

  -------         MODULE        ?C?LSHL
  C:26E2H         PUBLIC        ?C?LSHL
  -------         ENDMOD        ?C?LSHL

  -------         MODULE        ?C?LLDPTR
  C:26F5H         PUBLIC        ?C?LLDPTR
BL51 BANKED LINKER/LOCATER V6.22                                                      08/08/2019  13:53:13  PAGE 61


  -------         ENDMOD        ?C?LLDPTR

  -------         MODULE        ?C?LLDOPTR
  C:2715H         PUBLIC        ?C?LLDOPTR
  -------         ENDMOD        ?C?LLDOPTR

  -------         MODULE        ?C?LSTPTR
  C:2745H         PUBLIC        ?C?LSTPTR
  -------         ENDMOD        ?C?LSTPTR

  -------         MODULE        ?C?LSTOPTR
  C:275FH         PUBLIC        ?C?LSTOPTR
  -------         ENDMOD        ?C?LSTOPTR

  -------         MODULE        ?C?LLDXDATA
  C:2783H         PUBLIC        ?C?LLDXDATA
  -------         ENDMOD        ?C?LLDXDATA

  -------         MODULE        ?C?LLDCODE
  C:278FH         PUBLIC        ?C?LLDCODE
  -------         ENDMOD        ?C?LLDCODE

  -------         MODULE        ?C?LLDXDATA0
  C:279FH         PUBLIC        ?C?LLDXDATA0
  -------         ENDMOD        ?C?LLDXDATA0

  -------         MODULE        ?C?LLDCODE0
  C:27ABH         PUBLIC        ?C?LLDCODE0
  -------         ENDMOD        ?C?LLDCODE0

  -------         MODULE        ?C?LLDPTR0
  C:27BBH         PUBLIC        ?C?LLDPTR0
  -------         ENDMOD        ?C?LLDPTR0

  -------         MODULE        ?C?LSTXDATA
  C:27DBH         PUBLIC        ?C?LSTXDATA
  -------         ENDMOD        ?C?LSTXDATA

  -------         MODULE        ?C?LSTKXDATA
  C:27E7H         PUBLIC        ?C?LSTKXDATA
  -------         ENDMOD        ?C?LSTKXDATA

  -------         MODULE        ?C?LSTKPTR
  C:2818H         PUBLIC        ?C?LSTKPTR
  -------         ENDMOD        ?C?LSTKPTR

  -------         MODULE        ?C?OFFXADD
  C:2832H         PUBLIC        ?C?OFFXADD
  -------         ENDMOD        ?C?OFFXADD

  -------         MODULE        ?C?PLDIXDATA
  C:283EH         PUBLIC        ?C?PLDIXDATA
  -------         ENDMOD        ?C?PLDIXDATA

  -------         MODULE        ?C?PSTXDATA
  C:2855H         PUBLIC        ?C?PSTXDATA
  -------         ENDMOD        ?C?PSTXDATA
BL51 BANKED LINKER/LOCATER V6.22                                                      08/08/2019  13:53:13  PAGE 62



  -------         MODULE        ?C?CCASE
  C:285EH         PUBLIC        ?C?CCASE
  -------         ENDMOD        ?C?CCASE

  -------         MODULE        PUTCHAR
  C:6E97H         PUBLIC        _PUTCHAR
  -------         ENDMOD        PUTCHAR

  -------         MODULE        ABS
  C:713BH         PUBLIC        _ABS
  -------         ENDMOD        ABS

  -------         MODULE        ATOI
  C:61C1H         PUBLIC        _atoi
  -------         ENDMOD        ATOI

  -------         MODULE        ?C?IILDX
  C:2884H         PUBLIC        ?C?IILDX
  -------         ENDMOD        ?C?IILDX

  -------         MODULE        ?C?ULDIV
  C:28D6H         PUBLIC        ?C?ULDIV
  -------         ENDMOD        ?C?ULDIV

  -------         MODULE        ?C?LLDIDATA
  C:2968H         PUBLIC        ?C?LLDIDATA
  -------         ENDMOD        ?C?LLDIDATA

  -------         MODULE        ?C?LLDPDATA
  C:2974H         PUBLIC        ?C?LLDPDATA
  -------         ENDMOD        ?C?LLDPDATA

  -------         MODULE        ?C?LLDIDATA0
  C:2980H         PUBLIC        ?C?LLDIDATA0
  -------         ENDMOD        ?C?LLDIDATA0

  -------         MODULE        ?C?LLDPDATA0
  C:298DH         PUBLIC        ?C?LLDPDATA0
  -------         ENDMOD        ?C?LLDPDATA0

  -------         MODULE        ?C?LSTIDATA
  C:299AH         PUBLIC        ?C?LSTIDATA
  -------         ENDMOD        ?C?LSTIDATA

  -------         MODULE        ?C?LSTPDATA
  C:29A6H         PUBLIC        ?C?LSTPDATA
  -------         ENDMOD        ?C?LSTPDATA

  -------         MODULE        ?C?LSTKIDATA
  C:29B2H         PUBLIC        ?C?LSTKIDATA
  -------         ENDMOD        ?C?LSTKIDATA

  -------         MODULE        ?C?LSTKPDATA
  C:29CBH         PUBLIC        ?C?LSTKPDATA
  -------         ENDMOD        ?C?LSTKPDATA

BL51 BANKED LINKER/LOCATER V6.22                                                      08/08/2019  13:53:13  PAGE 63


  -------         MODULE        ISDIGIT
  C:70F9H         PUBLIC        _isdigit
  -------         ENDMOD        ISDIGIT

  -------         MODULE        ISSPACE
  C:7094H         PUBLIC        _isspace
  -------         ENDMOD        ISSPACE

*** WARNING L16: UNCALLED SEGMENT, IGNORED FOR OVERLAY PROCESS
    SEGMENT: ?PR?_DAY_OF_YEAR?PCF85063BTL

*** WARNING L16: UNCALLED SEGMENT, IGNORED FOR OVERLAY PROCESS
    SEGMENT: ?PR?NOP?IOEXPANDER_PI4IOE5V96248

*** WARNING L16: UNCALLED SEGMENT, IGNORED FOR OVERLAY PROCESS
    SEGMENT: ?PR?UC_ACK?IOEXPANDER_PI4IOE5V96248

*** WARNING L16: UNCALLED SEGMENT, IGNORED FOR OVERLAY PROCESS
    SEGMENT: ?PR?UC_NACK?IOEXPANDER_PI4IOE5V96248

*** WARNING L16: UNCALLED SEGMENT, IGNORED FOR OVERLAY PROCESS
    SEGMENT: ?PR?_TEN?UART1

*** WARNING L16: UNCALLED SEGMENT, IGNORED FOR OVERLAY PROCESS
    SEGMENT: ?PR?_UNIT?UART1

*** WARNING L16: UNCALLED SEGMENT, IGNORED FOR OVERLAY PROCESS
    SEGMENT: ?PR?_DECTOBCD?UART1

*** WARNING L16: UNCALLED SEGMENT, IGNORED FOR OVERLAY PROCESS
    SEGMENT: ?PR?_ASCII_LETTER?UART1

*** WARNING L16: UNCALLED SEGMENT, IGNORED FOR OVERLAY PROCESS
    SEGMENT: ?PR?_ASCIITOBCD?UART1

Program Size: data=15.4 xdata=1622 code=29060
LINK/LOCATE RUN COMPLETE.  9 WARNING(S),  0 ERROR(S)
