BL51 BANKED LINKER/LOCATER V6.22                                                        03/22/2019  10:29:58  PAGE 1


BL51 BANKED LINKER/LOCATER V6.22, INVOKED BY:
C:\KEIL\C51\BIN\BL51.EXE .\Obj\main.obj, .\Obj\PCF85063BTL.obj, .\Obj\UART1.obj, .\Obj\LCd_Driver_SPLC780D.obj, .\Obj\Ke
>> yPad.obj, .\Obj\VCNL4035.obj, .\Obj\BipolarMotor.obj, .\Obj\SunPos.obj, .\Obj\STARTUP.obj TO .\Obj\GPIO_RTC_Test PRIN
>> T (.\Lis\GPIO_RTC_Test.m51) RAMSIZE (256)


MEMORY MODEL: LARGE WITH FLOATING POINT ARITHMETIC


INPUT MODULES INCLUDED:
  .\Obj\main.obj (MAIN)
  .\Obj\PCF85063BTL.obj (PCF85063BTL)
  .\Obj\UART1.obj (UART1)
  .\Obj\LCd_Driver_SPLC780D.obj (LCD_DRIVER_SPLC780D)
  .\Obj\KeyPad.obj (KEYPAD)
  .\Obj\VCNL4035.obj (VCNL4035)
  .\Obj\BipolarMotor.obj (BIPOLARMOTOR)
  .\Obj\SunPos.obj (SUNPOS)
  .\Obj\STARTUP.obj (?C_STARTUP)
  C:\KEIL\C51\LIB\C51FPL.LIB (?C?FPADD)
  C:\KEIL\C51\LIB\C51FPL.LIB (?C?FPMUL)
  C:\KEIL\C51\LIB\C51FPL.LIB (?C?FPDIV)
  C:\KEIL\C51\LIB\C51FPL.LIB (?C?FPCMP)
  C:\KEIL\C51\LIB\C51FPL.LIB (?C?FPNEG)
  C:\KEIL\C51\LIB\C51FPL.LIB (?C?FCAST)
  C:\KEIL\C51\LIB\C51FPL.LIB (?C?CASTF)
  C:\KEIL\C51\LIB\C51FPL.LIB (ATAN2)
  C:\KEIL\C51\LIB\C51FPL.LIB (SIN)
  C:\KEIL\C51\LIB\C51FPL.LIB (ACOS)
  C:\KEIL\C51\LIB\C51FPL.LIB (ASIN)
  C:\KEIL\C51\LIB\C51FPL.LIB (?C?FPGETOPN)
  C:\KEIL\C51\LIB\C51FPL.LIB (?C?FPSERIES)
  C:\KEIL\C51\LIB\C51FPL.LIB (SQRT)
  C:\KEIL\C51\LIB\C51FPL.LIB (ATAN)
  C:\KEIL\C51\LIB\C51L.LIB (?C_INIT)
  C:\KEIL\C51\LIB\C51L.LIB (?C?COPY)
  C:\KEIL\C51\LIB\C51L.LIB (?C?CLDPTR)
  C:\KEIL\C51\LIB\C51L.LIB (?C?CSTPTR)
  C:\KEIL\C51\LIB\C51L.LIB (?C?IMUL)
  C:\KEIL\C51\LIB\C51L.LIB (?C?UIDIV)
  C:\KEIL\C51\LIB\C51L.LIB (?C?SIDIV)
  C:\KEIL\C51\LIB\C51L.LIB (?C?ILDIX)
  C:\KEIL\C51\LIB\C51L.LIB (?C?LMUL)
  C:\KEIL\C51\LIB\C51L.LIB (?C?ULDIV)
  C:\KEIL\C51\LIB\C51L.LIB (?C?SLDIV)
  C:\KEIL\C51\LIB\C51L.LIB (?C?LNEG)
  C:\KEIL\C51\LIB\C51L.LIB (?C?ULCMP)
  C:\KEIL\C51\LIB\C51L.LIB (?C?LLDPTR)
  C:\KEIL\C51\LIB\C51L.LIB (?C?LLDOPTR)
  C:\KEIL\C51\LIB\C51L.LIB (?C?LSTPTR)
  C:\KEIL\C51\LIB\C51L.LIB (?C?LSTOPTR)
  C:\KEIL\C51\LIB\C51L.LIB (?C?LLDXDATA)
  C:\KEIL\C51\LIB\C51L.LIB (?C?LLDCODE)
  C:\KEIL\C51\LIB\C51L.LIB (?C?LLDXDATA0)
  C:\KEIL\C51\LIB\C51L.LIB (?C?LLDCODE0)
  C:\KEIL\C51\LIB\C51L.LIB (?C?LLDPTR0)
  C:\KEIL\C51\LIB\C51L.LIB (?C?LSTXDATA)
  C:\KEIL\C51\LIB\C51L.LIB (?C?LSTKXDATA)
BL51 BANKED LINKER/LOCATER V6.22                                                      03/22/2019  10:29:58  PAGE 2


  C:\KEIL\C51\LIB\C51L.LIB (?C?OFFXADD)
  C:\KEIL\C51\LIB\C51L.LIB (ABS)
  C:\KEIL\C51\LIB\C51L.LIB (ATOI)
  C:\KEIL\C51\LIB\C51L.LIB (?C?IILDX)
  C:\KEIL\C51\LIB\C51L.LIB (?C?LLDIDATA)
  C:\KEIL\C51\LIB\C51L.LIB (?C?LLDPDATA)
  C:\KEIL\C51\LIB\C51L.LIB (?C?LLDIDATA0)
  C:\KEIL\C51\LIB\C51L.LIB (?C?LLDPDATA0)
  C:\KEIL\C51\LIB\C51L.LIB (?C?LSTIDATA)
  C:\KEIL\C51\LIB\C51L.LIB (?C?LSTPDATA)
  C:\KEIL\C51\LIB\C51L.LIB (ISDIGIT)
  C:\KEIL\C51\LIB\C51L.LIB (ISSPACE)


LINK MAP OF MODULE:  .\Obj\GPIO_RTC_Test (MAIN)


            TYPE    BASE      LENGTH    RELOCATION   SEGMENT NAME
            -----------------------------------------------------

            * * * * * * *   D A T A   M E M O R Y   * * * * * * *
            REG     0000H     0008H     ABSOLUTE     "REG BANK 0"
                    0008H     0018H                  *** GAP ***
            BIT     0020H.0   0000H.6   UNIT         ?BI?KEYPAD
            BIT     0020H.6   0000H.2   UNIT         ?BI?MAIN
            BIT     0021H.0   0000H.2   UNIT         _BIT_GROUP_
            BIT     0021H.2   0000H.1   UNIT         ?BI?_ATOI?ATOI
                    0021H.3   0000H.5                *** GAP ***
            IDATA   0022H     0001H     UNIT         ?STACK

            * * * * * * *  X D A T A   M E M O R Y  * * * * * * *
            XDATA   0000H     03CBH     UNIT         ?XD?BIPOLARMOTOR
            XDATA   03CBH     0134H     UNIT         _XDATA_GROUP_
            XDATA   04FFH     00EFH     UNIT         ?XD?MAIN
            XDATA   05EEH     0040H     UNIT         ?XD?_FINDDET4X4?BIPOLARMOTOR
            XDATA   062EH     0024H     UNIT         ?XD?_FINDDET3X3?BIPOLARMOTOR
            XDATA   0652H     001EH     UNIT         ?XD?_CALIB_INTERPOLATE?MAIN
            XDATA   0670H     0009H     UNIT         ?XD?KEYPAD
            XDATA   0679H     0008H     UNIT         ?XD?_READ_VCNL4035?VCNL4035
            XDATA   0681H     0005H     UNIT         ?XD?_ATOI?ATOI
            XDATA   0686H     0003H     UNIT         ?XD?_SENDSTRING?UART1
            XDATA   0689H     0001H     UNIT         ?XD?UC_ACK?VCNL4035
            XDATA   068AH     0001H     UNIT         ?XD?UC_NACK?VCNL4035
            XDATA   068BH     0001H     UNIT         ?XD?_DISPLAYLCD_VCNL4035?VCNL4035

            * * * * * * *   C O D E   M E M O R Y   * * * * * * *
            CODE    0000H     0003H     ABSOLUTE     
            CODE    0003H     0006H     UNIT         ?PR?_TEN?UART1
            CODE    0009H     0001H     UNIT         ?PR?UART?MAIN
            CODE    000AH     0001H     UNIT         ?PR?_DECTOBCD?UART1
            CODE    000BH     0003H     ABSOLUTE     
            CODE    000EH     0015H     UNIT         ?PR?_DISPLAY_LINE?LCD_DRIVER_SPLC780D
            CODE    0023H     0003H     ABSOLUTE     
            CODE    0026H     0E08H     UNIT         ?PR?_UPDATE_POSITION?BIPOLARMOTOR
            CODE    0E2EH     08D3H     UNIT         ?C?LIB_CODE
            CODE    1701H     07A2H     UNIT         ?PR?SUNPOS?SUNPOS
            CODE    1EA3H     04EFH     UNIT         ?PR?MAIN?MAIN
BL51 BANKED LINKER/LOCATER V6.22                                                      03/22/2019  10:29:58  PAGE 3


            CODE    2392H     043CH     UNIT         ?C_INITSEG
            CODE    27CEH     02C0H     UNIT         ?PR?_FINDDET4X4?BIPOLARMOTOR
            CODE    2A8EH     02B2H     UNIT         ?PR?KEY_PROCESS?KEYPAD
            CODE    2D40H     01D9H     UNIT         ?PR?_DISPLAY_POS?BIPOLARMOTOR
            CODE    2F19H     01D1H     UNIT         ?PR?_FINDDET3X3?BIPOLARMOTOR
            CODE    30EAH     01A1H     UNIT         ?PR?_CALIB_INTERPOLATE?MAIN
            CODE    328BH     018DH     UNIT         ?PR?KEY_SCAN?KEYPAD
            CODE    3418H     0188H     UNIT         ?PR?SIN?SIN
            CODE    35A0H     0145H     UNIT         ?PR?LINEAR_INTERPOLATE?BIPOLARMOTOR
            CODE    36E5H     0122H     UNIT         ?PR?ATAN?ATAN
            CODE    3807H     00EBH     UNIT         ?PR?_MOVE?BIPOLARMOTOR
            CODE    38F2H     00DBH     UNIT         ?PR?_ATOI?ATOI
            CODE    39CDH     00ACH     UNIT         ?PR?SQRT?SQRT
            CODE    3A79H     009DH     UNIT         ?PR?_ATAN2?ATAN2
            CODE    3B16H     009AH     UNIT         ?PR?_READ_VCNL4035?VCNL4035
            CODE    3BB0H     0094H     UNIT         ?PR?_MOVE_2NDMOTOR?BIPOLARMOTOR
            CODE    3C44H     008CH     UNIT         ?C_C51STARTUP
            CODE    3CD0H     0084H     UNIT         ?PR?_DAY_OF_YEAR?PCF85063BTL
            CODE    3D54H     0075H     UNIT         ?PR?_WRITEDATA?LCD_DRIVER_SPLC780D
            CODE    3DC9H     006FH     UNIT         ?PR?_READ_TIME?PCF85063BTL
            CODE    3E38H     0059H     UNIT         ?PR?LCD_INIT?LCD_DRIVER_SPLC780D
            CODE    3E91H     004AH     UNIT         ?PR?ACOS?ACOS
            CODE    3EDBH     0049H     UNIT         ?PR?_WRITE_VCNL4035X?VCNL4035
            CODE    3F24H     0044H     UNIT         ?C?LDIV
            CODE    3F68H     0040H     UNIT         ?PR?_COMMAND?LCD_DRIVER_SPLC780D
            CODE    3FA8H     003BH     UNIT         ?PR?ASIN?ASIN
            CODE    3FE3H     0034H     UNIT         ?PR?TM0_ISR?MAIN
            CODE    4017H     0033H     UNIT         ?PR?_SENDSTRING?UART1
            CODE    404AH     002CH     UNIT         ?PR?I2C_RECEIVEBYTE?VCNL4035
            CODE    4076H     002CH     UNIT         ?PR?_STEP_MOVE?BIPOLARMOTOR
            CODE    40A2H     002CH     UNIT         ?PR?_STEP_MOVE_2NDMOTOR?BIPOLARMOTOR
            CODE    40CEH     002BH     UNIT         ?PR?_WAIT_MS_I2C?VCNL4035
            CODE    40F9H     0024H     UNIT         ?PR?_WAIT_MS?LCD_DRIVER_SPLC780D
            CODE    411DH     0022H     UNIT         ?PR?_I2C_SENDBYTE?VCNL4035
            CODE    413FH     0020H     UNIT         ?PR?_SPI_SENDBYTE?PCF85063BTL
            CODE    415FH     0020H     UNIT         ?PR?SPI_RECEIVEBYTE?PCF85063BTL
            CODE    417FH     001EH     UNIT         ?PR?_DELAY_MS?KEYPAD
            CODE    419DH     001EH     UNIT         ?PR?_WAIT_MS_IIC?VCNL4035
            CODE    41BBH     001DH     UNIT         ?PR?_DISPLAYLCD?LCD_DRIVER_SPLC780D
            CODE    41D8H     001BH     UNIT         ?PR?I2C_ACK?VCNL4035
            CODE    41F3H     001BH     UNIT         ?PR?_BCDTODEC1?BIPOLARMOTOR
            CODE    420EH     0018H     UNIT         ?PR?_SPI_WRITETIME?PCF85063BTL
            CODE    4226H     0017H     UNIT         ?PR?_ASCIITOBCD?UART1
            CODE    423DH     0017H     UNIT         ?PR?I2C_INIT?VCNL4035
            CODE    4254H     0015H     UNIT         ?PR?I2C_STOP?VCNL4035
            CODE    4269H     0014H     UNIT         ?PR?_PCF85063BTL_DELAY?PCF85063BTL
            CODE    427DH     0014H     UNIT         ?PR?_ISSPACE?ISSPACE
            CODE    4291H     0013H     UNIT         ?PR?I2C_START?VCNL4035
            CODE    42A4H     0011H     UNIT         ?PR?_SPI_READTIME?PCF85063BTL
            CODE    42B5H     0011H     UNIT         ?PR?_BCDTODEC?PCF85063BTL
            CODE    42C6H     0011H     UNIT         ?PR?INITUART1?UART1
            CODE    42D7H     000FH     UNIT         ?PR?UC_NACK?VCNL4035
            CODE    42E6H     000FH     UNIT         ?PR?_ISDIGIT?ISDIGIT
            CODE    42F5H     000DH     UNIT         ?PR?SPI_INIT?PCF85063BTL
            CODE    4302H     000CH     UNIT         ?PR?KEYPAD_IO_INIT?KEYPAD
            CODE    430EH     000CH     UNIT         ?PR?_ABS?ABS
            CODE    431AH     000AH     UNIT         ?PR?LCD_RETURN_HOME?LCD_DRIVER_SPLC780D
BL51 BANKED LINKER/LOCATER V6.22                                                      03/22/2019  10:29:58  PAGE 4


            CODE    4324H     000AH     UNIT         ?PR?LCD_CLEAR?LCD_DRIVER_SPLC780D
            CODE    432EH     0009H     UNIT         ?PR?_SENDUART1?MAIN
            CODE    4337H     0006H     UNIT         ?PR?UC_ACK?VCNL4035
            CODE    433DH     0006H     UNIT         ?PR?_DISPLAYLCD_VCNL4035?VCNL4035
            CODE    4343H     0005H     UNIT         ?PR?_UNIT?UART1
            CODE    4348H     0005H     UNIT         ?PR?_ASCII_LETTER?UART1
            CODE    434DH     0001H     UNIT         ?PR?NOP?VCNL4035



OVERLAY MAP OF MODULE:   .\Obj\GPIO_RTC_Test (MAIN)


SEGMENT                                            BIT_GROUP          XDATA_GROUP
  +--> CALLED SEGMENT                           START    LENGTH     START    LENGTH
-----------------------------------------------------------------------------------
?C_C51STARTUP                                   -----    -----      -----    -----
  +--> ?PR?MAIN?MAIN
  +--> ?C_INITSEG

?PR?MAIN?MAIN                                   -----    -----      03CBH    0009H
  +--> ?PR?LCD_INIT?LCD_DRIVER_SPLC780D
  +--> ?PR?SPI_INIT?PCF85063BTL
  +--> ?PR?KEYPAD_IO_INIT?KEYPAD
  +--> ?PR?I2C_INIT?VCNL4035
  +--> ?PR?_DELAY_MS?KEYPAD
  +--> ?PR?_DISPLAY_LINE?LCD_DRIVER_SPLC780D
  +--> ?PR?_WRITEDATA?LCD_DRIVER_SPLC780D
  +--> ?PR?KEY_PROCESS?KEYPAD
  +--> ?PR?_COMMAND?LCD_DRIVER_SPLC780D
  +--> ?PR?_DISPLAY_POS?BIPOLARMOTOR
  +--> ?PR?_DISPLAYLCD?LCD_DRIVER_SPLC780D
  +--> ?PR?_STEP_MOVE?BIPOLARMOTOR
  +--> ?PR?_STEP_MOVE_2NDMOTOR?BIPOLARMOTOR
  +--> ?PR?LCD_RETURN_HOME?LCD_DRIVER_SPLC780D
  +--> ?PR?_READ_TIME?PCF85063BTL
  +--> ?PR?_UPDATE_POSITION?BIPOLARMOTOR
  +--> ?PR?_DAY_OF_YEAR?PCF85063BTL
  +--> ?PR?_BCDTODEC1?BIPOLARMOTOR

?PR?LCD_INIT?LCD_DRIVER_SPLC780D                -----    -----      -----    -----
  +--> ?PR?_WAIT_MS?LCD_DRIVER_SPLC780D
  +--> ?PR?_COMMAND?LCD_DRIVER_SPLC780D

?PR?_COMMAND?LCD_DRIVER_SPLC780D                -----    -----      -----    -----
  +--> ?PR?_WAIT_MS?LCD_DRIVER_SPLC780D

?PR?I2C_INIT?VCNL4035                           -----    -----      -----    -----
  +--> ?PR?_WRITE_VCNL4035X?VCNL4035

?PR?_WRITE_VCNL4035X?VCNL4035                   -----    -----      03D4H    0003H
  +--> ?PR?I2C_START?VCNL4035
  +--> ?PR?_WAIT_MS_I2C?VCNL4035
  +--> ?PR?I2C_ACK?VCNL4035
  +--> ?PR?_I2C_SENDBYTE?VCNL4035
  +--> ?PR?I2C_STOP?VCNL4035

BL51 BANKED LINKER/LOCATER V6.22                                                      03/22/2019  10:29:58  PAGE 5


?PR?I2C_START?VCNL4035                          -----    -----      -----    -----
  +--> ?PR?_WAIT_MS_IIC?VCNL4035
  +--> ?PR?_WAIT_MS_I2C?VCNL4035

?PR?I2C_ACK?VCNL4035                            -----    -----      03D7H    0001H
  +--> ?PR?_I2C_SENDBYTE?VCNL4035
  +--> ?PR?_WAIT_MS_I2C?VCNL4035

?PR?_I2C_SENDBYTE?VCNL4035                      -----    -----      -----    -----
  +--> ?PR?_WAIT_MS_I2C?VCNL4035

?PR?I2C_STOP?VCNL4035                           -----    -----      -----    -----
  +--> ?PR?_WAIT_MS_I2C?VCNL4035

?PR?_DISPLAY_LINE?LCD_DRIVER_SPLC780D           -----    -----      -----    -----
  +--> ?PR?_COMMAND?LCD_DRIVER_SPLC780D

?PR?_WRITEDATA?LCD_DRIVER_SPLC780D              -----    -----      04B1H    0001H
  +--> ?PR?_WAIT_MS?LCD_DRIVER_SPLC780D

?PR?KEY_PROCESS?KEYPAD                          -----    -----      03D4H    0006H
  +--> ?PR?KEY_SCAN?KEYPAD
  +--> ?PR?_SPI_WRITETIME?PCF85063BTL
  +--> ?PR?LCD_CLEAR?LCD_DRIVER_SPLC780D
  +--> ?PR?_COMMAND?LCD_DRIVER_SPLC780D
  +--> ?PR?_WRITEDATA?LCD_DRIVER_SPLC780D

?PR?KEY_SCAN?KEYPAD                             -----    -----      03DAH    0003H

?PR?_SPI_WRITETIME?PCF85063BTL                  -----    -----      -----    -----
  +--> ?PR?_SPI_SENDBYTE?PCF85063BTL

?PR?_SPI_SENDBYTE?PCF85063BTL                   -----    -----      -----    -----
  +--> ?PR?_PCF85063BTL_DELAY?PCF85063BTL

?PR?LCD_CLEAR?LCD_DRIVER_SPLC780D               -----    -----      -----    -----
  +--> ?PR?_COMMAND?LCD_DRIVER_SPLC780D

?PR?_DISPLAY_POS?BIPOLARMOTOR                   -----    -----      04A6H    000BH
  +--> ?PR?_ABS?ABS
  +--> ?PR?_WRITEDATA?LCD_DRIVER_SPLC780D

?PR?_DISPLAYLCD?LCD_DRIVER_SPLC780D             -----    -----      03D4H    0001H
  +--> ?PR?_WRITEDATA?LCD_DRIVER_SPLC780D

?PR?_STEP_MOVE?BIPOLARMOTOR                     0021H.1  0000H.1    04A6H    0004H
  +--> ?PR?_WAIT_MS?LCD_DRIVER_SPLC780D

?PR?_STEP_MOVE_2NDMOTOR?BIPOLARMOTOR            0021H.1  0000H.1    04A2H    0004H
  +--> ?PR?_WAIT_MS?LCD_DRIVER_SPLC780D

?PR?LCD_RETURN_HOME?LCD_DRIVER_SPLC780D         -----    -----      -----    -----
  +--> ?PR?_COMMAND?LCD_DRIVER_SPLC780D

?PR?_READ_TIME?PCF85063BTL                      -----    -----      03D4H    000FH
  +--> ?PR?_SPI_READTIME?PCF85063BTL

BL51 BANKED LINKER/LOCATER V6.22                                                      03/22/2019  10:29:58  PAGE 6


?PR?_SPI_READTIME?PCF85063BTL                   -----    -----      -----    -----
  +--> ?PR?_SPI_SENDBYTE?PCF85063BTL
  +--> ?PR?SPI_RECEIVEBYTE?PCF85063BTL

?PR?SPI_RECEIVEBYTE?PCF85063BTL                 -----    -----      -----    -----
  +--> ?PR?_PCF85063BTL_DELAY?PCF85063BTL

?PR?_UPDATE_POSITION?BIPOLARMOTOR               -----    -----      03D4H    00C2H
  +--> ?PR?_BCDTODEC1?BIPOLARMOTOR
  +--> ?PR?SUNPOS?SUNPOS
  +--> ?PR?SIN?SIN
  +--> ?PR?ASIN?ASIN
  +--> ?PR?LINEAR_INTERPOLATE?BIPOLARMOTOR
  +--> ?PR?_ABS?ABS
  +--> ?PR?_MOVE?BIPOLARMOTOR
  +--> ?PR?_MOVE_2NDMOTOR?BIPOLARMOTOR

?PR?SUNPOS?SUNPOS                               -----    -----      0496H    005DH
  +--> ?PR?SIN?SIN
  +--> ?PR?_ATAN2?ATAN2
  +--> ?PR?ASIN?ASIN
  +--> ?PR?ACOS?ACOS

?PR?SIN?SIN                                     0021H.0  0000H.1    04F3H    0004H

?PR?_ATAN2?ATAN2                                -----    -----      04F3H    0008H
  +--> ?PR?ATAN?ATAN

?PR?ATAN?ATAN                                   0021H.0  0000H.2    04FBH    0004H

?PR?ASIN?ASIN                                   -----    -----      -----    -----
  +--> ?PR?SQRT?SQRT
  +--> ?PR?ATAN?ATAN

?PR?SQRT?SQRT                                   -----    -----      04F3H    0004H

?PR?ACOS?ACOS                                   -----    -----      -----    -----
  +--> ?PR?SQRT?SQRT
  +--> ?PR?ATAN?ATAN

?PR?LINEAR_INTERPOLATE?BIPOLARMOTOR             -----    -----      0496H    0014H

?PR?_MOVE?BIPOLARMOTOR                          0021H.0  0000H.1    0496H    0010H
  +--> ?PR?_STEP_MOVE?BIPOLARMOTOR
  +--> ?PR?_COMMAND?LCD_DRIVER_SPLC780D
  +--> ?PR?_DISPLAY_POS?BIPOLARMOTOR

?PR?_MOVE_2NDMOTOR?BIPOLARMOTOR                 0021H.0  0000H.1    0496H    000CH
  +--> ?PR?_STEP_MOVE_2NDMOTOR?BIPOLARMOTOR
  +--> ?PR?_COMMAND?LCD_DRIVER_SPLC780D
  +--> ?PR?_DISPLAY_POS?BIPOLARMOTOR

?PR?_DAY_OF_YEAR?PCF85063BTL                    -----    -----      -----    -----
  +--> ?PR?_BCDTODEC?PCF85063BTL



BL51 BANKED LINKER/LOCATER V6.22                                                      03/22/2019  10:29:58  PAGE 7


UNRESOLVED EXTERNAL SYMBOLS:
   ?_CALIBRATION?BYTE
   ADC_INIT
   AUTO_MODE
   DIRECTION_ROTATION
   _CALIBRATION



SYMBOL TABLE OF MODULE:  .\Obj\GPIO_RTC_Test (MAIN)

  VALUE           TYPE          NAME
  ----------------------------------

  -------         MODULE        MAIN
  C:0000H         SYMBOL        _ICE_DUMMY_
  X:0507H         PUBLIC        calib_value
  D:0080H         PUBLIC        P0
  D:0090H         PUBLIC        P1
  D:00A0H         PUBLIC        P2
  D:00B0H         PUBLIC        P3
  D:00C0H         PUBLIC        P4
  D:00C8H         PUBLIC        P5
  X:0567H         SYMBOL        PressedKey
  B:00A8H.7       PUBLIC        EA
  D:00E8H         PUBLIC        P6
  D:00F8H         PUBLIC        P7
  X:056BH         PUBLIC        RX_Data_Uart_Cnt
  C:30EAH         PUBLIC        _calib_interpolate
  D:00A8H         PUBLIC        IE
  X:056DH         PUBLIC        calib_time
  D:00B8H         PUBLIC        IP
  B:0020H.6       PUBLIC        pos_angle_display
  X:05CDH         PUBLIC        months
  C:0009H         PUBLIC        Uart
  D:00D8H         PUBLIC        CCON
  C:1EA3H         PUBLIC        main
  X:05CEH         PUBLIC        count
  D:0099H         PUBLIC        SBUF
  X:05D0H         PUBLIC        days
  X:05D1H         PUBLIC        hours
  D:0098H         PUBLIC        SCON
  D:0089H         PUBLIC        TMOD
  D:0088H         PUBLIC        TCON
  B:00B0H.2       PUBLIC        P32
  B:00B0H.3       PUBLIC        P33
  X:05D2H         SYMBOL        KeyCount
  X:05D4H         PUBLIC        mins
  X:05D5H         PUBLIC        Rec_data_hour
  X:05D8H         PUBLIC        Rec_data_min
  D:008EH         PUBLIC        AUXR
  C:3FE3H         PUBLIC        tm0_isr
  B:0020H.7       PUBLIC        busy
  D:00E0H         PUBLIC        ACC
  B:00A8H.1       PUBLIC        ET0
  D:008CH         PUBLIC        TH0
  X:05DBH         PUBLIC        hour_count
BL51 BANKED LINKER/LOCATER V6.22                                                      03/22/2019  10:29:58  PAGE 8


  D:008AH         PUBLIC        TL0
  X:05DCH         PUBLIC        min_count
  B:0088H.4       PUBLIC        TR0
  X:05DDH         SYMBOL        KeyNum
  X:05DEH         SYMBOL        KeyNum_Old
  X:05DFH         PUBLIC        current_position
  X:05E3H         PUBLIC        hours1
  X:05E4H         PUBLIC        hours2
  X:05E5H         PUBLIC        mins1
  X:05E6H         PUBLIC        mins2
  X:05E7H         PUBLIC        current_angle
  X:05EBH         PUBLIC        seconds
  X:05ECH         PUBLIC        st_time
  D:00D0H         PUBLIC        PSW
  C:432EH         PUBLIC        _SendUART1
  -------         PROC          TM0_ISR
  C:3FE3H         LINE#         76
  C:3FEBH         LINE#         78
  C:3FF9H         LINE#         79
  C:4005H         LINE#         80
  C:4005H         LINE#         81
  C:400CH         LINE#         82
  C:400EH         LINE#         83
  C:400EH         LINE#         84
  -------         ENDPROC       TM0_ISR
  -------         PROC          MAIN
  -------         DO            
  X:04FFH         SYMBOL        KeyCount
  X:0501H         SYMBOL        KeyNum_Old
  X:0502H         SYMBOL        KeyNum
  X:0503H         SYMBOL        PressedKey
  X:03CBH         SYMBOL        prox_flag
  X:03CCH         SYMBOL        prox_flag_rotation
  X:03CDH         SYMBOL        calib_day
  X:03CFH         SYMBOL        numStr
  -------         ENDDO         
  C:1EA3H         LINE#         86
  C:1EA3H         LINE#         87
  C:1EA3H         LINE#         92
  C:1EABH         LINE#         94
  C:1EB0H         LINE#         98
  C:1EB2H         LINE#         101
  C:1EB4H         LINE#         104
  C:1EB6H         LINE#         106
  C:1EBDH         LINE#         107
  C:1EBFH         LINE#         108
  C:1EC1H         LINE#         120
  C:1EC4H         LINE#         121
  C:1EC7H         LINE#         122
  C:1ECAH         LINE#         124
  C:1ECDH         LINE#         125
  C:1ED0H         LINE#         127
  C:1ED3H         LINE#         128
  C:1ED6H         LINE#         129
  C:1ED9H         LINE#         130
  C:1EDBH         LINE#         131
  C:1EDDH         LINE#         132
BL51 BANKED LINKER/LOCATER V6.22                                                      03/22/2019  10:29:58  PAGE 9


  C:1EDFH         LINE#         134
  C:1EE1H         LINE#         136
  C:1EE8H         LINE#         138
  C:1EEFH         LINE#         142
  C:1EF6H         LINE#         143
  C:1EFBH         LINE#         144
  C:1F00H         LINE#         145
  C:1F05H         LINE#         146
  C:1F0AH         LINE#         147
  C:1F0FH         LINE#         150
  C:1F0FH         LINE#         151
  C:1F0FH         LINE#         152
  C:1F12H         LINE#         155
  C:1F12H         LINE#         160
  C:1F1CH         LINE#         161
  C:1F1CH         LINE#         162
  C:1F1FH         LINE#         163
  C:1F1FH         LINE#         164
  C:1F24H         LINE#         165
  C:1F29H         LINE#         166
  C:1F2EH         LINE#         167
  C:1F33H         LINE#         168
  C:1F38H         LINE#         169
  C:1F3DH         LINE#         170
  C:1F4EH         LINE#         171
  C:1F4EH         LINE#         172
  C:1F51H         LINE#         173
  C:1F51H         LINE#         174
  C:1F51H         LINE#         175
  C:1F51H         LINE#         176
  C:1F51H         LINE#         177
  C:1F51H         LINE#         178
  C:1F51H         LINE#         179
  C:1F51H         LINE#         180
  C:1F51H         LINE#         181
  C:1F51H         LINE#         182
  C:1F53H         LINE#         184
  C:1F53H         LINE#         185
  C:1F56H         LINE#         186
  C:1F56H         LINE#         187
  C:1F5BH         LINE#         188
  C:1F60H         LINE#         189
  C:1F65H         LINE#         190
  C:1F6AH         LINE#         191
  C:1F6FH         LINE#         192
  C:1F74H         LINE#         193
  C:1F85H         LINE#         194
  C:1F85H         LINE#         195
  C:1F88H         LINE#         196
  C:1F88H         LINE#         197
  C:1F8DH         LINE#         198
  C:1F92H         LINE#         199
  C:1F97H         LINE#         200
  C:1F9CH         LINE#         201
  C:1FA1H         LINE#         202
  C:1FA6H         LINE#         203
  C:1FB7H         LINE#         204
BL51 BANKED LINKER/LOCATER V6.22                                                      03/22/2019  10:29:58  PAGE 10


  C:1FB7H         LINE#         205
  C:1FB7H         LINE#         209
  C:1FBEH         LINE#         210
  C:1FC6H         LINE#         211
  C:1FCBH         LINE#         212
  C:1FD3H         LINE#         213
  C:1FD8H         LINE#         214
  C:1FE2H         LINE#         215
  C:1FE7H         LINE#         216
  C:1FEFH         LINE#         218
  C:1FF7H         LINE#         219
  C:1FFCH         LINE#         220
  C:2006H         LINE#         221
  C:2006H         LINE#         222
  C:2008H         LINE#         223
  C:200AH         LINE#         224
  C:2014H         LINE#         225
  C:2014H         LINE#         226
  C:2019H         LINE#         227
  C:2019H         LINE#         239
  C:201FH         LINE#         240
  C:201FH         LINE#         241
  C:202CH         LINE#         242
  C:202CH         LINE#         243
  C:2036H         LINE#         244
  C:204DH         LINE#         245
  C:204DH         LINE#         246
  C:204FH         LINE#         247
  C:2051H         LINE#         249
  C:2051H         LINE#         250
  C:205CH         LINE#         251
  C:205CH         LINE#         252
  C:2061H         LINE#         253
  C:2061H         LINE#         254
  C:2074H         LINE#         255
  C:2074H         LINE#         258
  C:207EH         LINE#         259
  C:2095H         LINE#         260
  C:2095H         LINE#         261
  C:2097H         LINE#         262
  C:2099H         LINE#         264
  C:2099H         LINE#         265
  C:20A4H         LINE#         266
  C:20A4H         LINE#         267
  C:20A8H         LINE#         268
  C:20A8H         LINE#         269
  C:20A8H         LINE#         270
  C:20ABH         LINE#         271
  C:20B1H         LINE#         272
  C:20B1H         LINE#         273
  C:20BEH         LINE#         274
  C:20BEH         LINE#         275
  C:20C8H         LINE#         276
  C:20DFH         LINE#         277
  C:20DFH         LINE#         278
  C:20E1H         LINE#         279
  C:20E3H         LINE#         281
BL51 BANKED LINKER/LOCATER V6.22                                                      03/22/2019  10:29:58  PAGE 11


  C:20E3H         LINE#         282
  C:20EEH         LINE#         283
  C:20EEH         LINE#         284
  C:20F3H         LINE#         285
  C:20F3H         LINE#         286
  C:2100H         LINE#         287
  C:2100H         LINE#         290
  C:210AH         LINE#         291
  C:2121H         LINE#         292
  C:2121H         LINE#         293
  C:2123H         LINE#         294
  C:2125H         LINE#         296
  C:2125H         LINE#         297
  C:2130H         LINE#         298
  C:2130H         LINE#         299
  C:2135H         LINE#         300
  C:2137H         LINE#         301
  C:2137H         LINE#         302
  C:2137H         LINE#         305
  C:2159H         LINE#         306
  C:2159H         LINE#         307
  C:2163H         LINE#         308
  C:2169H         LINE#         309
  C:216BH         LINE#         310
  C:216DH         LINE#         311
  C:216FH         LINE#         312
  C:216FH         LINE#         315
  C:2191H         LINE#         316
  C:2191H         LINE#         317
  C:219BH         LINE#         318
  C:21A1H         LINE#         319
  C:21A3H         LINE#         320
  C:21A5H         LINE#         321
  C:21A7H         LINE#         322
  C:21A7H         LINE#         323
  C:21AAH         LINE#         325
  C:21AAH         LINE#         326
  C:21B0H         LINE#         327
  C:21B8H         LINE#         328
  C:21BEH         LINE#         329
  C:21C6H         LINE#         330
  C:2201H         LINE#         334
  C:220BH         LINE#         335
  C:220BH         LINE#         337
  C:220BH         LINE#         339
  C:220BH         LINE#         342
  C:220BH         LINE#         343
  C:224FH         LINE#         344
  C:224FH         LINE#         345
  C:2272H         LINE#         346
  C:2272H         LINE#         347
  C:2274H         LINE#         348
  C:227BH         LINE#         349
  C:227BH         LINE#         351
  C:22A5H         LINE#         352
  C:22A5H         LINE#         353
  C:230BH         LINE#         354
BL51 BANKED LINKER/LOCATER V6.22                                                      03/22/2019  10:29:58  PAGE 12


  C:235CH         LINE#         355
  C:236AH         LINE#         356
  C:236AH         LINE#         357
  C:237FH         LINE#         358
  C:2381H         LINE#         359
  C:2381H         LINE#         360
  C:238FH         LINE#         361
  C:238FH         LINE#         363
  -------         ENDPROC       MAIN
  -------         PROC          UART
  C:0009H         LINE#         370
  C:0009H         LINE#         403
  -------         ENDPROC       UART
  -------         PROC          _CALIB_INTERPOLATE
  X:0652H         SYMBOL        hours
  X:0656H         SYMBOL        mins
  -------         DO            
  X:065AH         SYMBOL        p_calib1
  X:0662H         SYMBOL        p_calib2
  X:066AH         SYMBOL        i
  X:066CH         SYMBOL        current_time
  -------         ENDDO         
  C:30EAH         LINE#         406
  C:30F0H         LINE#         407
  C:30F0H         LINE#         411
  C:3147H         LINE#         413
  C:316DH         LINE#         414
  C:316DH         LINE#         415
  C:31DFH         LINE#         416
  C:31DFH         LINE#         417
  C:320CH         LINE#         418
  C:3227H         LINE#         420
  C:3254H         LINE#         421
  C:326FH         LINE#         423
  C:3271H         LINE#         424
  C:3271H         LINE#         425
  C:3285H         LINE#         426
  C:328AH         LINE#         428
  -------         ENDPROC       _CALIB_INTERPOLATE
  -------         PROC          _SENDUART1
  D:0007H         SYMBOL        dat
  C:432EH         LINE#         431
  C:432EH         LINE#         432
  C:432EH         LINE#         433
  C:4331H         LINE#         434
  C:4333H         LINE#         435
  C:4334H         LINE#         436
  C:4336H         LINE#         437
  -------         ENDPROC       _SENDUART1
  -------         ENDMOD        MAIN

  -------         MODULE        PCF85063BTL
  C:0000H         SYMBOL        _ICE_DUMMY_
  D:0096H         PUBLIC        P2M0
  D:0080H         PUBLIC        P0
  D:0095H         PUBLIC        P2M1
  D:0090H         PUBLIC        P1
BL51 BANKED LINKER/LOCATER V6.22                                                      03/22/2019  10:29:58  PAGE 13


  D:00A0H         PUBLIC        P2
  D:00B0H         PUBLIC        P3
  D:00C0H         PUBLIC        P4
  D:00C8H         PUBLIC        P5
  D:00E8H         PUBLIC        P6
  B:00A0H.2       PUBLIC        PCF85063BTL_SDI
  D:00F8H         PUBLIC        P7
  B:00A0H.1       PUBLIC        PCF85063BTL_SCK
  B:00A0H.2       PUBLIC        PCF85063BTL_SDO
  D:00A8H         PUBLIC        IE
  C:3DC9H         PUBLIC        _Read_time
  C:426FH         PUBLIC        _PCF85063BTL_Delay
  D:00B8H         PUBLIC        IP
  D:00D8H         PUBLIC        CCON
  C:3CD0H         PUBLIC        _Day_Of_Year
  C:415FH         PUBLIC        SPI_ReceiveByte
  D:0098H         PUBLIC        SCON
  D:0088H         PUBLIC        TCON
  C:42B5H         PUBLIC        _BCDtoDec
  B:00A0H.0       PUBLIC        PCF85063BTL_CS
  C:42A4H         PUBLIC        _SPI_ReadTime
  C:42F5H         PUBLIC        SPI_Init
  C:420EH         PUBLIC        _SPI_WriteTime
  C:413FH         PUBLIC        _SPI_SendByte
  D:00D0H         PUBLIC        PSW
  C:426BH         SYMBOL        L?0047
  -------         PROC          L?0046
  -------         ENDPROC       L?0046
  C:426BH         SYMBOL        L?0047
  -------         PROC          _PCF85063BTL_DELAY
  D:0006H         SYMBOL        us
  C:426FH         LINE#         8
  C:426FH         LINE#         9
  C:426FH         LINE#         10
  C:4279H         LINE#         11
  C:4279H         LINE#         12
  C:427AH         LINE#         13
  C:427CH         LINE#         14
  -------         ENDPROC       _PCF85063BTL_DELAY
  -------         PROC          _SPI_SENDBYTE
  D:0005H         SYMBOL        dat
  -------         DO            
  D:0003H         SYMBOL        i
  -------         ENDDO         
  C:413FH         LINE#         17
  C:4141H         LINE#         18
  C:4141H         LINE#         20
  C:4143H         LINE#         21
  C:4143H         LINE#         22
  C:4145H         LINE#         23
  C:4149H         LINE#         24
  C:4149H         LINE#         25
  C:414BH         LINE#         26
  C:414DH         LINE#         28
  C:414DH         LINE#         29
  C:414FH         LINE#         30
  C:414FH         LINE#         31
BL51 BANKED LINKER/LOCATER V6.22                                                      03/22/2019  10:29:58  PAGE 14


  C:4152H         LINE#         32
  C:4152H         LINE#         33
  C:4155H         LINE#         34
  C:4159H         LINE#         35
  C:415EH         LINE#         36
  -------         ENDPROC       _SPI_SENDBYTE
  -------         PROC          SPI_RECEIVEBYTE
  -------         DO            
  D:0003H         SYMBOL        i
  D:0005H         SYMBOL        dat
  -------         ENDDO         
  C:415FH         LINE#         39
  C:415FH         LINE#         40
  C:415FH         LINE#         42
  C:4161H         LINE#         44
  C:4163H         LINE#         45
  C:4164H         LINE#         46
  C:4164H         LINE#         47
  C:4168H         LINE#         48
  C:416AH         LINE#         49
  C:416DH         LINE#         51
  C:4170H         LINE#         52
  C:4170H         LINE#         53
  C:4174H         LINE#         54
  C:4174H         LINE#         55
  C:4174H         LINE#         56
  C:4177H         LINE#         57
  C:417CH         LINE#         58
  C:417EH         LINE#         59
  -------         ENDPROC       SPI_RECEIVEBYTE
  -------         PROC          _SPI_READTIME
  D:0007H         SYMBOL        addr
  -------         DO            
  D:0006H         SYMBOL        dat
  -------         ENDDO         
  C:42A4H         LINE#         61
  C:42A4H         LINE#         62
  C:42A4H         LINE#         64
  C:42A6H         LINE#         65
  C:42A8H         LINE#         66
  C:42AFH         LINE#         67
  C:42B2H         LINE#         68
  C:42B4H         LINE#         69
  C:42B4H         LINE#         70
  -------         ENDPROC       _SPI_READTIME
  -------         PROC          _SPI_WRITETIME
  D:0002H         SYMBOL        val
  D:0005H         SYMBOL        addr
  C:420EH         LINE#         71
  C:4210H         LINE#         72
  C:4210H         LINE#         74
  C:4212H         LINE#         75
  C:4219H         LINE#         76
  C:421EH         LINE#         77
  C:4223H         LINE#         78
  C:4225H         LINE#         79
  -------         ENDPROC       _SPI_WRITETIME
BL51 BANKED LINKER/LOCATER V6.22                                                      03/22/2019  10:29:58  PAGE 15


  -------         PROC          SPI_INIT
  C:42F5H         LINE#         83
  C:42F5H         LINE#         84
  C:42F5H         LINE#         89
  C:42F8H         LINE#         90
  C:42FBH         LINE#         91
  C:42FDH         LINE#         92
  C:42FFH         LINE#         93
  C:4301H         LINE#         94
  -------         ENDPROC       SPI_INIT
  -------         PROC          _READ_TIME
  X:03D4H         SYMBOL        months
  X:03D7H         SYMBOL        days
  X:03DAH         SYMBOL        hours
  X:03DDH         SYMBOL        mins
  X:03E0H         SYMBOL        seconds
  C:3DC9H         LINE#         96
  C:3DD4H         LINE#         97
  C:3DD4H         LINE#         99
  C:3DE8H         LINE#         101
  C:3DFCH         LINE#         103
  C:3E10H         LINE#         108
  C:3E24H         LINE#         113
  -------         ENDPROC       _READ_TIME
  -------         PROC          _BCDTODEC
  D:0007H         SYMBOL        bcd
  -------         DO            
  D:0006H         SYMBOL        hi
  D:0007H         SYMBOL        lo
  -------         ENDDO         
  C:42B5H         LINE#         119
  C:42B5H         LINE#         120
  C:42B5H         LINE#         122
  C:42BAH         LINE#         123
  C:42BEH         LINE#         124
  C:42C5H         LINE#         125
  -------         ENDPROC       _BCDTODEC
  -------         PROC          _DAY_OF_YEAR
  D:0007H         SYMBOL        months_bcd
  D:0005H         SYMBOL        days_bcd
  -------         DO            
  D:0004H         SYMBOL        months
  D:0007H         SYMBOL        days
  -------         ENDDO         
  C:3CD0H         LINE#         126
  C:3CD0H         LINE#         127
  C:3CD0H         LINE#         130
  C:3CD5H         LINE#         132
  C:3CDAH         LINE#         134
  C:3D13H         LINE#         135
  C:3D13H         LINE#         136
  C:3D13H         LINE#         137
  C:3D16H         LINE#         138
  C:3D16H         LINE#         139
  C:3D16H         LINE#         140
  C:3D1BH         LINE#         141
  C:3D1BH         LINE#         142
BL51 BANKED LINKER/LOCATER V6.22                                                      03/22/2019  10:29:58  PAGE 16


  C:3D1BH         LINE#         143
  C:3D20H         LINE#         144
  C:3D20H         LINE#         145
  C:3D20H         LINE#         146
  C:3D25H         LINE#         147
  C:3D25H         LINE#         148
  C:3D25H         LINE#         149
  C:3D2AH         LINE#         150
  C:3D2AH         LINE#         151
  C:3D2AH         LINE#         152
  C:3D2FH         LINE#         153
  C:3D2FH         LINE#         154
  C:3D2FH         LINE#         155
  C:3D34H         LINE#         156
  C:3D34H         LINE#         157
  C:3D34H         LINE#         158
  C:3D39H         LINE#         159
  C:3D39H         LINE#         160
  C:3D39H         LINE#         161
  C:3D41H         LINE#         162
  C:3D41H         LINE#         163
  C:3D41H         LINE#         164
  C:3D46H         LINE#         165
  C:3D46H         LINE#         166
  C:3D46H         LINE#         167
  C:3D4BH         LINE#         168
  C:3D4BH         LINE#         169
  C:3D4BH         LINE#         170
  C:3D53H         LINE#         171
  C:3D53H         LINE#         172
  C:3D53H         LINE#         173
  -------         ENDPROC       _DAY_OF_YEAR
  -------         ENDMOD        PCF85063BTL

  -------         MODULE        UART1
  C:0000H         SYMBOL        _ICE_DUMMY_
  D:0080H         PUBLIC        P0
  D:0090H         PUBLIC        P1
  D:00A0H         PUBLIC        P2
  D:00B0H         PUBLIC        P3
  D:00C0H         PUBLIC        P4
  D:00C8H         PUBLIC        P5
  B:00A8H.7       PUBLIC        EA
  D:00E8H         PUBLIC        P6
  D:00F8H         PUBLIC        P7
  C:4017H         PUBLIC        _SendString
  D:00A8H         PUBLIC        IE
  B:00A8H.4       PUBLIC        ES
  D:00B8H         PUBLIC        IP
  C:4226H         PUBLIC        _ASCIItoBCD
  D:00D8H         PUBLIC        CCON
  C:42C6H         PUBLIC        initUART1
  D:0098H         PUBLIC        SCON
  D:0088H         PUBLIC        TCON
  C:000AH         PUBLIC        _DectoBCD
  C:4348H         PUBLIC        _ASCII_Letter
  D:008EH         PUBLIC        AUXR
BL51 BANKED LINKER/LOCATER V6.22                                                      03/22/2019  10:29:58  PAGE 17


  C:4343H         PUBLIC        _unit
  C:0003H         PUBLIC        _ten
  D:00D6H         PUBLIC        T2H
  D:00D7H         PUBLIC        T2L
  D:00D0H         PUBLIC        PSW
  -------         PROC          INITUART1
  C:42C6H         LINE#         21
  C:42C6H         LINE#         22
  C:42C6H         LINE#         23
  C:42C9H         LINE#         24
  C:42CCH         LINE#         25
  C:42CFH         LINE#         26
  C:42D2H         LINE#         27
  C:42D4H         LINE#         28
  C:42D6H         LINE#         30
  -------         ENDPROC       INITUART1
  -------         PROC          _SENDSTRING
  X:0686H         SYMBOL        s
  C:4017H         LINE#         35
  C:4022H         LINE#         36
  C:4022H         LINE#         37
  C:4032H         LINE#         38
  C:4032H         LINE#         39
  C:4047H         LINE#         40
  C:4049H         LINE#         41
  -------         ENDPROC       _SENDSTRING
  -------         PROC          _TEN
  D:0007H         SYMBOL        BCD
  C:0003H         LINE#         43
  C:0003H         LINE#         44
  C:0003H         LINE#         45
  C:0008H         LINE#         46
  -------         ENDPROC       _TEN
  -------         PROC          _UNIT
  D:0007H         SYMBOL        BCD
  C:4343H         LINE#         47
  C:4343H         LINE#         48
  C:4343H         LINE#         52
  C:4347H         LINE#         53
  -------         ENDPROC       _UNIT
  -------         PROC          _DECTOBCD
  D:0007H         SYMBOL        dec
  C:000AH         LINE#         54
  C:000AH         LINE#         55
  C:000AH         LINE#         57
  C:000AH         LINE#         58
  -------         ENDPROC       _DECTOBCD
  -------         PROC          _ASCII_LETTER
  D:0007H         SYMBOL        dat
  C:4348H         LINE#         60
  C:4348H         LINE#         61
  C:4348H         LINE#         63
  C:434CH         LINE#         64
  -------         ENDPROC       _ASCII_LETTER
  -------         PROC          _ASCIITOBCD
  D:0001H         SYMBOL        ascii
  -------         DO            
BL51 BANKED LINKER/LOCATER V6.22                                                      03/22/2019  10:29:58  PAGE 18


  D:0007H         SYMBOL        dec_val
  D:0006H         SYMBOL        ten
  D:0007H         SYMBOL        unit
  -------         ENDDO         
  C:4226H         LINE#         66
  C:4226H         LINE#         67
  C:4226H         LINE#         69
  C:4229H         LINE#         70
  C:422FH         LINE#         71
  C:4236H         LINE#         72
  C:423CH         LINE#         74
  -------         ENDPROC       _ASCIITOBCD
  -------         ENDMOD        UART1

  -------         MODULE        LCD_DRIVER_SPLC780D
  C:0000H         SYMBOL        _ICE_DUMMY_
  D:0092H         PUBLIC        P1M0
  D:0091H         PUBLIC        P1M1
  D:0080H         PUBLIC        P0
  D:0090H         PUBLIC        P1
  D:00A0H         PUBLIC        P2
  D:00B0H         PUBLIC        P3
  D:00C0H         PUBLIC        P4
  D:00C8H         PUBLIC        P5
  D:00E8H         PUBLIC        P6
  D:00F8H         PUBLIC        P7
  C:3D54H         PUBLIC        _WriteData
  D:00A8H         PUBLIC        IE
  D:00B8H         PUBLIC        IP
  D:00D8H         PUBLIC        CCON
  B:0090H.4       PUBLIC        LCD_D4
  B:0090H.5       PUBLIC        LCD_D5
  B:0090H.6       PUBLIC        LCD_D6
  C:41BBH         PUBLIC        _DisplayLCD
  B:0090H.7       PUBLIC        LCD_D7
  D:0098H         PUBLIC        SCON
  D:0088H         PUBLIC        TCON
  C:4324H         PUBLIC        LCD_clear
  C:3F68H         PUBLIC        _Command
  C:000EH         PUBLIC        _Display_Line
  C:3E38H         PUBLIC        LCD_Init
  C:40FFH         PUBLIC        _Wait_ms
  B:0090H.1       PUBLIC        LCD_RS
  B:0090H.2       PUBLIC        LCD_RW
  C:431AH         PUBLIC        LCD_return_home
  B:0090H.3       PUBLIC        LCD_E
  D:00D0H         PUBLIC        PSW
  -------         PROC          LCD_INIT
  C:3E38H         LINE#         9
  C:3E38H         LINE#         10
  C:3E38H         LINE#         11
  C:3E3BH         LINE#         12
  C:3E3EH         LINE#         14
  C:3E44H         LINE#         15
  C:3E49H         LINE#         17
  C:3E50H         LINE#         18
  C:3E55H         LINE#         20
BL51 BANKED LINKER/LOCATER V6.22                                                      03/22/2019  10:29:58  PAGE 19


  C:3E58H         LINE#         21
  C:3E5DH         LINE#         23
  C:3E60H         LINE#         24
  C:3E65H         LINE#         26
  C:3E6CH         LINE#         29
  C:3E71H         LINE#         30
  C:3E76H         LINE#         32
  C:3E7BH         LINE#         33
  C:3E80H         LINE#         35
  C:3E85H         LINE#         36
  C:3E8AH         LINE#         37
  -------         ENDPROC       LCD_INIT
  -------         PROC          _WRITEDATA
  X:04B1H         SYMBOL        dat
  C:3D54H         LINE#         40
  C:3D59H         LINE#         41
  C:3D59H         LINE#         46
  C:3D5BH         LINE#         47
  C:3D5DH         LINE#         49
  C:3D6BH         LINE#         50
  C:3D77H         LINE#         51
  C:3D83H         LINE#         52
  C:3D8DH         LINE#         53
  C:3D8FH         LINE#         54
  C:3D96H         LINE#         55
  C:3D98H         LINE#         57
  C:3DA8H         LINE#         58
  C:3DB3H         LINE#         59
  C:3DBDH         LINE#         60
  C:3DC1H         LINE#         62
  C:3DC1H         LINE#         63
  C:3DC4H         LINE#         64
  C:3DC6H         LINE#         65
  C:3DC8H         LINE#         67
  -------         ENDPROC       _WRITEDATA
  -------         PROC          _COMMAND
  D:0007H         SYMBOL        dat
  C:3F68H         LINE#         69
  C:3F68H         LINE#         70
  C:3F68H         LINE#         71
  C:3F6AH         LINE#         72
  C:3F6CH         LINE#         74
  C:3F76H         LINE#         75
  C:3F7AH         LINE#         77
  C:3F7CH         LINE#         78
  C:3F85H         LINE#         79
  C:3F89H         LINE#         81
  C:3F8BH         LINE#         82
  C:3F92H         LINE#         83
  C:3F96H         LINE#         85
  C:3F98H         LINE#         86
  C:3F9CH         LINE#         87
  C:3FA0H         LINE#         89
  C:3FA2H         LINE#         90
  C:3FA2H         LINE#         91
  C:3FA5H         LINE#         92
  C:3FA7H         LINE#         93
BL51 BANKED LINKER/LOCATER V6.22                                                      03/22/2019  10:29:58  PAGE 20


  -------         ENDPROC       _COMMAND
  C:40FBH         SYMBOL        L?0028
  -------         PROC          L?0027
  -------         ENDPROC       L?0027
  C:40FBH         SYMBOL        L?0028
  -------         PROC          _WAIT_MS
  D:0006H         SYMBOL        ms
  -------         DO            
  D:0004H         SYMBOL        De_Cnt
  -------         ENDDO         
  C:40FFH         LINE#         95
  C:40FFH         LINE#         96
  C:40FFH         LINE#         98
  C:4109H         LINE#         99
  C:4109H         LINE#         100
  C:411CH         LINE#         101
  C:411CH         LINE#         102
  -------         ENDPROC       _WAIT_MS
  -------         PROC          _DISPLAYLCD
  D:0007H         SYMBOL        BCD
  -------         DO            
  D:0006H         SYMBOL        first_digit
  X:03D4H         SYMBOL        second_digit
  -------         ENDDO         
  C:41BBH         LINE#         103
  C:41BBH         LINE#         104
  C:41BBH         LINE#         106
  C:41C2H         LINE#         107
  C:41CBH         LINE#         109
  C:41D0H         LINE#         111
  -------         ENDPROC       _DISPLAYLCD
  -------         PROC          LCD_RETURN_HOME
  C:431AH         LINE#         115
  C:431AH         LINE#         116
  C:431AH         LINE#         117
  C:431FH         LINE#         118
  -------         ENDPROC       LCD_RETURN_HOME
  -------         PROC          LCD_CLEAR
  C:4324H         LINE#         121
  C:4324H         LINE#         122
  C:4324H         LINE#         123
  C:4329H         LINE#         124
  -------         ENDPROC       LCD_CLEAR
  -------         PROC          _DISPLAY_LINE
  D:0006H         SYMBOL        line
  C:000EH         LINE#         128
  C:000EH         LINE#         129
  C:000EH         LINE#         130
  C:0014H         LINE#         131
  C:0014H         LINE#         132
  C:0016H         LINE#         133
  C:0016H         LINE#         134
  C:0018H         LINE#         136
  C:0018H         LINE#         137
  C:001DH         LINE#         138
  C:0022H         LINE#         139
  C:0022H         LINE#         140
BL51 BANKED LINKER/LOCATER V6.22                                                      03/22/2019  10:29:58  PAGE 21


  -------         ENDPROC       _DISPLAY_LINE
  -------         ENDMOD        LCD_DRIVER_SPLC780D

  -------         MODULE        KEYPAD
  C:0000H         SYMBOL        _ICE_DUMMY_
  D:0093H         PUBLIC        P0M1
  D:0080H         PUBLIC        P0
  D:0090H         PUBLIC        P1
  D:00A0H         PUBLIC        P2
  D:00B0H         PUBLIC        P3
  D:00C0H         PUBLIC        P4
  D:00C8H         PUBLIC        P5
  B:0020H.0       PUBLIC        calib_mode
  D:00E8H         PUBLIC        P6
  D:00F8H         PUBLIC        P7
  D:00A8H         PUBLIC        IE
  C:328BH         PUBLIC        Key_Scan
  D:00B8H         PUBLIC        IP
  D:00D8H         PUBLIC        CCON
  C:4302H         PUBLIC        KeyPad_IO_Init
  C:417FH         PUBLIC        _Delay_ms
  D:0098H         PUBLIC        SCON
  D:0088H         PUBLIC        TCON
  B:0020H.1       PUBLIC        small_move
  B:0020H.2       PUBLIC        move
  B:0020H.3       PUBLIC        direction
  B:0020H.4       PUBLIC        auto_move
  B:0020H.5       PUBLIC        selected_motor
  C:2A8EH         PUBLIC        Key_Process
  D:00D0H         PUBLIC        PSW
  D:0094H         PUBLIC        P0M0
  -------         PROC          _DELAY_MS
  D:0006H         SYMBOL        ms
  -------         DO            
  D:0004H         SYMBOL        De_Cnt
  -------         ENDDO         
  C:417FH         LINE#         22
  C:417FH         LINE#         23
  C:417FH         LINE#         25
  C:4189H         LINE#         26
  C:4189H         LINE#         27
  C:419CH         LINE#         28
  C:419CH         LINE#         29
  -------         ENDPROC       _DELAY_MS
  -------         PROC          KEY_SCAN
  -------         DO            
  X:03DAH         SYMBOL        KeyTemp1
  X:03DBH         SYMBOL        KeyTemp2
  X:03DCH         SYMBOL        KeyValue
  -------         ENDDO         
  C:328BH         LINE#         30
  C:328BH         LINE#         31
  C:328BH         LINE#         36
  C:328EH         LINE#         39
  C:3291H         LINE#         41
  C:3299H         LINE#         42
  C:32A0H         LINE#         43
BL51 BANKED LINKER/LOCATER V6.22                                                      03/22/2019  10:29:58  PAGE 22


  C:32A0H         LINE#         45
  C:32A5H         LINE#         46
  C:32ACH         LINE#         47
  C:32ACH         LINE#         50
  C:32AFH         LINE#         51
  C:32B2H         LINE#         52
  C:32B7H         LINE#         53
  C:32BBH         LINE#         54
  C:32BBH         LINE#         55
  C:32C3H         LINE#         56
  C:32C3H         LINE#         57
  C:32C6H         LINE#         58
  C:32CEH         LINE#         59
  C:32D0H         LINE#         61
  C:32E4H         LINE#         62
  C:32E4H         LINE#         63
  C:32E4H         LINE#         64
  C:32E4H         LINE#         65
  C:32EAH         LINE#         67
  C:32ECH         LINE#         68
  C:32ECH         LINE#         69
  C:32ECH         LINE#         70
  C:32F2H         LINE#         72
  C:32F4H         LINE#         73
  C:32F4H         LINE#         74
  C:32F4H         LINE#         75
  C:32FAH         LINE#         77
  C:32FCH         LINE#         78
  C:32FCH         LINE#         79
  C:32FCH         LINE#         80
  C:3302H         LINE#         82
  C:3302H         LINE#         83
  C:3302H         LINE#         84
  C:3302H         LINE#         87
  C:3305H         LINE#         88
  C:3308H         LINE#         89
  C:3310H         LINE#         90
  C:3314H         LINE#         91
  C:3314H         LINE#         92
  C:331CH         LINE#         93
  C:331CH         LINE#         94
  C:331FH         LINE#         95
  C:3327H         LINE#         96
  C:3329H         LINE#         97
  C:333DH         LINE#         98
  C:333DH         LINE#         99
  C:333DH         LINE#         100
  C:333DH         LINE#         101
  C:3343H         LINE#         103
  C:3345H         LINE#         104
  C:3345H         LINE#         105
  C:3345H         LINE#         106
  C:334BH         LINE#         108
  C:334DH         LINE#         109
  C:334DH         LINE#         110
  C:334DH         LINE#         111
  C:3353H         LINE#         113
BL51 BANKED LINKER/LOCATER V6.22                                                      03/22/2019  10:29:58  PAGE 23


  C:3355H         LINE#         114
  C:3355H         LINE#         115
  C:3355H         LINE#         116
  C:335AH         LINE#         118
  C:335AH         LINE#         119
  C:335AH         LINE#         120
  C:335AH         LINE#         123
  C:335DH         LINE#         124
  C:3360H         LINE#         125
  C:3368H         LINE#         126
  C:336CH         LINE#         127
  C:336CH         LINE#         128
  C:3374H         LINE#         129
  C:3374H         LINE#         130
  C:3377H         LINE#         131
  C:337FH         LINE#         132
  C:3381H         LINE#         133
  C:3395H         LINE#         134
  C:3395H         LINE#         135
  C:3395H         LINE#         136
  C:3395H         LINE#         137
  C:339BH         LINE#         139
  C:339DH         LINE#         140
  C:339DH         LINE#         141
  C:339DH         LINE#         142
  C:33A3H         LINE#         144
  C:33A5H         LINE#         145
  C:33A5H         LINE#         146
  C:33A5H         LINE#         147
  C:33ABH         LINE#         149
  C:33ADH         LINE#         150
  C:33ADH         LINE#         151
  C:33ADH         LINE#         152
  C:33B3H         LINE#         154
  C:33B3H         LINE#         155
  C:33B3H         LINE#         156
  C:33B3H         LINE#         160
  C:33B6H         LINE#         161
  C:33B9H         LINE#         162
  C:33C1H         LINE#         163
  C:33C5H         LINE#         164
  C:33C5H         LINE#         165
  C:33CDH         LINE#         166
  C:33CDH         LINE#         167
  C:33D0H         LINE#         168
  C:33D8H         LINE#         169
  C:33DAH         LINE#         170
  C:33EEH         LINE#         171
  C:33EEH         LINE#         172
  C:33EEH         LINE#         173
  C:33EEH         LINE#         174
  C:33F4H         LINE#         176
  C:33F6H         LINE#         177
  C:33F6H         LINE#         178
  C:33F6H         LINE#         179
  C:33FCH         LINE#         181
  C:33FEH         LINE#         182
BL51 BANKED LINKER/LOCATER V6.22                                                      03/22/2019  10:29:58  PAGE 24


  C:33FEH         LINE#         183
  C:33FEH         LINE#         184
  C:3404H         LINE#         186
  C:3406H         LINE#         187
  C:3406H         LINE#         188
  C:3406H         LINE#         189
  C:340CH         LINE#         191
  C:340CH         LINE#         192
  C:340CH         LINE#         193
  C:340CH         LINE#         195
  C:3412H         LINE#         196
  C:3412H         LINE#         198
  C:3412H         LINE#         199
  C:3415H         LINE#         200
  C:3415H         LINE#         201
  C:3415H         LINE#         203
  C:3415H         LINE#         204
  C:3417H         LINE#         205
  C:3417H         LINE#         206
  -------         ENDPROC       KEY_SCAN
  -------         PROC          KEY_PROCESS
  -------         DO            
  X:0670H         SYMBOL        KeyCount
  X:0672H         SYMBOL        KeyNum_Old
  X:0673H         SYMBOL        KeyNum
  X:0674H         SYMBOL        PressedKey
  X:03D4H         SYMBOL        d
  D:0004H         SYMBOL        hours
  D:0006H         SYMBOL        mins
  X:03D6H         SYMBOL        months
  X:03D8H         SYMBOL        days
  -------         ENDDO         
  C:2A8EH         LINE#         207
  C:2A8EH         LINE#         208
  C:2A8EH         LINE#         212
  C:2A96H         LINE#         213
  C:2A9EH         LINE#         215
  C:2AA1H         LINE#         216
  C:2AA1H         LINE#         217
  C:2AA4H         LINE#         219
  C:2AA4H         LINE#         220
  C:2AB1H         LINE#         221
  C:2AB1H         LINE#         222
  C:2AB4H         LINE#         223
  C:2AB7H         LINE#         225
  C:2ABAH         LINE#         227
  C:2ABAH         LINE#         228
  C:2AC5H         LINE#         229
  C:2AC5H         LINE#         230
  C:2AC8H         LINE#         232
  C:2AC8H         LINE#         233
  C:2ACFH         LINE#         234
  C:2ACFH         LINE#         235
  C:2AD2H         LINE#         237
  C:2AD2H         LINE#         238
  C:2ADAH         LINE#         239
  C:2ADAH         LINE#         240
BL51 BANKED LINKER/LOCATER V6.22                                                      03/22/2019  10:29:58  PAGE 25


  C:2AE4H         LINE#         241
  C:2AECH         LINE#         243
  C:2AF5H         LINE#         245
  C:2AF5H         LINE#         254
  C:2B0AH         LINE#         255
  C:2B0AH         LINE#         256
  C:2B1CH         LINE#         257
  C:2B2AH         LINE#         258
  C:2B39H         LINE#         259
  C:2B39H         LINE#         261
  C:2B3FH         LINE#         265
  C:2B55H         LINE#         266
  C:2B66H         LINE#         267
  C:2B81H         LINE#         268
  C:2B81H         LINE#         269
  C:2B91H         LINE#         270
  C:2BA2H         LINE#         271
  C:2BA2H         LINE#         272
  C:2BAAH         LINE#         273
  C:2BAAH         LINE#         274
  C:2BACH         LINE#         275
  C:2BAEH         LINE#         276
  C:2BB2H         LINE#         277
  C:2BB2H         LINE#         278
  C:2BB4H         LINE#         279
  C:2BB4H         LINE#         283
  C:2BCDH         LINE#         284
  C:2BE4H         LINE#         285
  C:2C04H         LINE#         286
  C:2C04H         LINE#         287
  C:2C0EH         LINE#         288
  C:2C0EH         LINE#         289
  C:2C17H         LINE#         290
  C:2C17H         LINE#         291
  C:2C2BH         LINE#         292
  C:2C2BH         LINE#         293
  C:2C2BH         LINE#         294
  C:2C2BH         LINE#         295
  C:2C2BH         LINE#         296
  C:2C2DH         LINE#         298
  C:2C2DH         LINE#         299
  C:2C39H         LINE#         300
  C:2C39H         LINE#         301
  C:2C4AH         LINE#         302
  C:2C4AH         LINE#         303
  C:2C4AH         LINE#         304
  C:2C4AH         LINE#         305
  C:2C4AH         LINE#         307
  C:2C4CH         LINE#         309
  C:2C4CH         LINE#         310
  C:2C5DH         LINE#         311
  C:2C5DH         LINE#         312
  C:2C5DH         LINE#         313
  C:2C5DH         LINE#         314
  C:2C5DH         LINE#         316
  C:2C5DH         LINE#         318
  C:2C5DH         LINE#         319
BL51 BANKED LINKER/LOCATER V6.22                                                      03/22/2019  10:29:58  PAGE 26


  C:2C5FH         LINE#         321
  C:2C5FH         LINE#         322
  C:2C72H         LINE#         323
  C:2C72H         LINE#         324
  C:2C83H         LINE#         325
  C:2C83H         LINE#         326
  C:2C83H         LINE#         327
  C:2C83H         LINE#         328
  C:2C83H         LINE#         329
  C:2C85H         LINE#         331
  C:2C85H         LINE#         332
  C:2C96H         LINE#         333
  C:2C96H         LINE#         334
  C:2CA7H         LINE#         335
  C:2CB8H         LINE#         336
  C:2CB8H         LINE#         337
  C:2CB8H         LINE#         338
  C:2CB8H         LINE#         339
  C:2CB8H         LINE#         340
  C:2CBBH         LINE#         341
  C:2CC0H         LINE#         342
  C:2CC5H         LINE#         343
  C:2CCAH         LINE#         344
  C:2CCFH         LINE#         345
  C:2CD4H         LINE#         346
  C:2CD9H         LINE#         347
  C:2CDEH         LINE#         348
  C:2CDEH         LINE#         350
  C:2D00H         LINE#         351
  C:2D00H         LINE#         352
  C:2D0AH         LINE#         353
  C:2D0AH         LINE#         354
  C:2D0FH         LINE#         355
  C:2D18H         LINE#         356
  C:2D2FH         LINE#         357
  C:2D2FH         LINE#         358
  C:2D3FH         LINE#         360
  C:2D3FH         LINE#         364
  -------         ENDPROC       KEY_PROCESS
  -------         PROC          KEYPAD_IO_INIT
  C:4302H         LINE#         367
  C:4302H         LINE#         368
  C:4302H         LINE#         369
  C:4305H         LINE#         370
  C:4308H         LINE#         371
  C:430BH         LINE#         372
  C:430DH         LINE#         373
  -------         ENDPROC       KEYPAD_IO_INIT
  -------         ENDMOD        KEYPAD

  -------         MODULE        VCNL4035
  C:0000H         SYMBOL        _ICE_DUMMY_
  D:0080H         PUBLIC        P0
  B:00B0H.2       PUBLIC        I2C_SCK
  D:00B2H         PUBLIC        P3M0
  D:0090H         PUBLIC        P1
  D:00B1H         PUBLIC        P3M1
BL51 BANKED LINKER/LOCATER V6.22                                                      03/22/2019  10:29:58  PAGE 27


  D:00A0H         PUBLIC        P2
  D:00B0H         PUBLIC        P3
  D:00C0H         PUBLIC        P4
  D:00C8H         PUBLIC        P5
  D:00E8H         PUBLIC        P6
  D:00F8H         PUBLIC        P7
  D:00A8H         PUBLIC        IE
  C:433DH         PUBLIC        _DisplayLCD_VCNL4035
  D:00B8H         PUBLIC        IP
  D:00D8H         PUBLIC        CCON
  C:4291H         PUBLIC        I2C_Start
  D:0098H         PUBLIC        SCON
  C:423DH         PUBLIC        I2C_Init
  D:0088H         PUBLIC        TCON
  C:42D7H         PUBLIC        uC_NACK
  C:40DBH         PUBLIC        _Wait_ms_i2c
  C:411DH         PUBLIC        _I2C_SendByte
  C:4254H         PUBLIC        I2C_Stop
  C:3EDBH         PUBLIC        _Write_VCNL4035X
  C:434DH         PUBLIC        nop
  C:3B16H         PUBLIC        _Read_VCNL4035
  C:4337H         PUBLIC        uC_ACK
  C:41DDH         PUBLIC        I2C_ACK
  C:419DH         PUBLIC        _Wait_ms_iic
  B:00B0H.1       PUBLIC        I2C_SDA
  D:00D0H         PUBLIC        PSW
  C:4050H         PUBLIC        I2C_ReceiveByte
  -------         PROC          _WAIT_MS_IIC
  D:0006H         SYMBOL        ms
  -------         DO            
  D:0004H         SYMBOL        De_Cnt
  -------         ENDDO         
  C:419DH         LINE#         5
  C:419DH         LINE#         6
  C:419DH         LINE#         8
  C:41A7H         LINE#         9
  C:41A7H         LINE#         10
  C:41BAH         LINE#         11
  C:41BAH         LINE#         12
  -------         ENDPROC       _WAIT_MS_IIC
  C:40D5H         SYMBOL        L?0048
  C:40D7H         SYMBOL        L?0049
  -------         PROC          L?0047
  -------         ENDPROC       L?0047
  C:40D5H         SYMBOL        L?0048
  C:40D7H         SYMBOL        L?0049
  -------         PROC          _WAIT_MS_I2C
  D:0006H         SYMBOL        ms
  -------         DO            
  D:0004H         SYMBOL        De_Cnt
  -------         ENDDO         
  C:40DBH         LINE#         14
  C:40DBH         LINE#         15
  C:40DBH         LINE#         17
  C:40E5H         LINE#         18
  C:40E5H         LINE#         19
  C:40F8H         LINE#         20
BL51 BANKED LINKER/LOCATER V6.22                                                      03/22/2019  10:29:58  PAGE 28


  C:40F8H         LINE#         21
  -------         ENDPROC       _WAIT_MS_I2C
  -------         PROC          NOP
  C:434DH         LINE#         22
  C:434DH         LINE#         23
  C:434DH         LINE#         25
  -------         ENDPROC       NOP
  -------         PROC          I2C_START
  C:4291H         LINE#         26
  C:4291H         LINE#         27
  C:4291H         LINE#         29
  C:4293H         LINE#         30
  C:4295H         LINE#         31
  C:429CH         LINE#         32
  C:429EH         LINE#         33
  C:42A1H         LINE#         34
  C:42A3H         LINE#         37
  -------         ENDPROC       I2C_START
  -------         PROC          I2C_STOP
  C:4254H         LINE#         39
  C:4254H         LINE#         40
  C:4254H         LINE#         41
  C:4256H         LINE#         42
  C:4258H         LINE#         43
  C:425BH         LINE#         44
  C:425DH         LINE#         45
  C:425FH         LINE#         46
  C:4266H         LINE#         47
  C:4268H         LINE#         50
  -------         ENDPROC       I2C_STOP
  -------         PROC          L?0050
  -------         ENDPROC       L?0050
  -------         PROC          I2C_ACK
  -------         DO            
  X:03D7H         SYMBOL        i
  D:0003H         SYMBOL        dat
  -------         ENDDO         
  C:41DDH         LINE#         52
  C:41DDH         LINE#         53
  C:41DDH         LINE#         55
  C:41DEH         LINE#         60
  C:41E1H         LINE#         61
  C:41E3H         LINE#         62
  C:41E6H         LINE#         64
  C:41E9H         LINE#         65
  C:41E9H         LINE#         66
  C:41EDH         LINE#         67
  C:41EDH         LINE#         70
  C:41EDH         LINE#         71
  C:41F0H         LINE#         72
  C:41F0H         LINE#         73
  C:41F2H         LINE#         74
  -------         ENDPROC       I2C_ACK
  -------         PROC          UC_ACK
  -------         DO            
  X:0689H         SYMBOL        i
  -------         ENDDO         
BL51 BANKED LINKER/LOCATER V6.22                                                      03/22/2019  10:29:58  PAGE 29


  C:4337H         LINE#         75
  C:4337H         LINE#         76
  C:4337H         LINE#         78
  C:4337H         LINE#         85
  C:4337H         LINE#         87
  C:4337H         LINE#         89
  C:4337H         LINE#         90
  C:4337H         LINE#         93
  C:433AH         LINE#         94
  C:433CH         LINE#         95
  C:433CH         LINE#         99
  -------         ENDPROC       UC_ACK
  -------         PROC          UC_NACK
  -------         DO            
  X:068AH         SYMBOL        i
  -------         ENDDO         
  C:42D7H         LINE#         101
  C:42D7H         LINE#         102
  C:42D7H         LINE#         104
  C:42D7H         LINE#         108
  C:42D9H         LINE#         111
  C:42D9H         LINE#         112
  C:42DBH         LINE#         113
  C:42DBH         LINE#         115
  C:42DBH         LINE#         116
  C:42DBH         LINE#         119
  C:42DEH         LINE#         120
  C:42E0H         LINE#         121
  C:42E3H         LINE#         122
  C:42E5H         LINE#         123
  C:42E5H         LINE#         127
  -------         ENDPROC       UC_NACK
  -------         PROC          I2C_INIT
  C:423DH         LINE#         129
  C:423DH         LINE#         130
  C:423DH         LINE#         133
  C:4240H         LINE#         134
  C:4243H         LINE#         139
  C:424BH         LINE#         141
  -------         ENDPROC       I2C_INIT
  -------         PROC          _I2C_SENDBYTE
  D:0001H         SYMBOL        dat
  -------         DO            
  D:0003H         SYMBOL        i
  -------         ENDDO         
  C:411DH         LINE#         145
  C:411FH         LINE#         146
  C:411FH         LINE#         149
  C:4121H         LINE#         150
  C:4121H         LINE#         151
  C:4123H         LINE#         153
  C:4127H         LINE#         154
  C:4127H         LINE#         155
  C:4129H         LINE#         156
  C:412BH         LINE#         158
  C:412BH         LINE#         159
  C:412DH         LINE#         160
BL51 BANKED LINKER/LOCATER V6.22                                                      03/22/2019  10:29:58  PAGE 30


  C:412DH         LINE#         161
  C:4130H         LINE#         162
  C:4132H         LINE#         164
  C:4136H         LINE#         165
  C:4139H         LINE#         166
  C:413EH         LINE#         167
  -------         ENDPROC       _I2C_SENDBYTE
  -------         PROC          L?0051
  -------         ENDPROC       L?0051
  -------         PROC          I2C_RECEIVEBYTE
  -------         DO            
  D:0003H         SYMBOL        i
  D:0001H         SYMBOL        dat
  -------         ENDDO         
  C:4050H         LINE#         171
  C:4050H         LINE#         172
  C:4050H         LINE#         174
  C:4052H         LINE#         178
  C:4053H         LINE#         179
  C:4053H         LINE#         180
  C:4057H         LINE#         181
  C:4059H         LINE#         182
  C:405CH         LINE#         184
  C:405FH         LINE#         185
  C:405FH         LINE#         186
  C:4063H         LINE#         187
  C:4063H         LINE#         188
  C:4063H         LINE#         189
  C:4066H         LINE#         190
  C:406AH         LINE#         191
  C:406AH         LINE#         192
  C:406CH         LINE#         193
  C:406EH         LINE#         194
  C:406EH         LINE#         196
  C:4073H         LINE#         197
  C:4075H         LINE#         198
  -------         ENDPROC       I2C_RECEIVEBYTE
  -------         PROC          _WRITE_VCNL4035X
  X:03D4H         SYMBOL        command_code
  X:03D5H         SYMBOL        dat_h
  X:03D6H         SYMBOL        dat_l
  C:3EDBH         LINE#         199
  C:3EE6H         LINE#         200
  C:3EE6H         LINE#         201
  C:3EE9H         LINE#         202
  C:3EF0H         LINE#         203
  C:3EF0H         LINE#         204
  C:3EF6H         LINE#         205
  C:3EF6H         LINE#         206
  C:3EFEH         LINE#         207
  C:3EFEH         LINE#         208
  C:3F04H         LINE#         209
  C:3F0CH         LINE#         211
  C:3F12H         LINE#         212
  C:3F1AH         LINE#         214
  C:3F20H         LINE#         215
  C:3F23H         LINE#         216
BL51 BANKED LINKER/LOCATER V6.22                                                      03/22/2019  10:29:58  PAGE 31


  -------         ENDPROC       _WRITE_VCNL4035X
  -------         PROC          _READ_VCNL4035
  X:0679H         SYMBOL        command_code
  -------         DO            
  X:067BH         SYMBOL        temp_dat
  X:067DH         SYMBOL        temp_dat_l
  X:067FH         SYMBOL        temp_dat_h
  -------         ENDDO         
  C:3B16H         LINE#         218
  C:3B1EH         LINE#         219
  C:3B1EH         LINE#         220
  C:3B2BH         LINE#         222
  C:3B2EH         LINE#         223
  C:3B31H         LINE#         224
  C:3B36H         LINE#         226
  C:3B3CH         LINE#         227
  C:3B3CH         LINE#         228
  C:3B3CH         LINE#         229
  C:3B3CH         LINE#         230
  C:3B47H         LINE#         231
  C:3B4AH         LINE#         232
  C:3B4DH         LINE#         233
  C:3B4DH         LINE#         236
  C:3B50H         LINE#         238
  C:3B57H         LINE#         239
  C:3B57H         LINE#         240
  C:3B57H         LINE#         241
  C:3B62H         LINE#         242
  C:3B65H         LINE#         243
  C:3B68H         LINE#         244
  C:3B6BH         LINE#         245
  C:3B6EH         LINE#         246
  C:3B71H         LINE#         247
  C:3B74H         LINE#         248
  C:3B77H         LINE#         249
  C:3B7AH         LINE#         250
  C:3B7AH         LINE#         251
  C:3B80H         LINE#         252
  C:3B80H         LINE#         253
  C:3B89H         LINE#         255
  C:3B89H         LINE#         256
  C:3B8FH         LINE#         257
  C:3B8FH         LINE#         259
  C:3B91H         LINE#         260
  C:3B97H         LINE#         261
  C:3B9AH         LINE#         262
  C:3BA1H         LINE#         263
  C:3BA1H         LINE#         264
  C:3BAFH         LINE#         265
  -------         ENDPROC       _READ_VCNL4035
  -------         PROC          _DISPLAYLCD_VCNL4035
  X:068BH         SYMBOL        dat
  C:433DH         LINE#         267
  C:4342H         LINE#         268
  C:4342H         LINE#         270
  -------         ENDPROC       _DISPLAYLCD_VCNL4035
  -------         ENDMOD        VCNL4035
BL51 BANKED LINKER/LOCATER V6.22                                                      03/22/2019  10:29:58  PAGE 32



  -------         MODULE        BIPOLARMOTOR
  C:0000H         SYMBOL        _ICE_DUMMY_
  D:0080H         PUBLIC        P0
  D:0090H         PUBLIC        P1
  D:00A0H         PUBLIC        P2
  D:00B0H         PUBLIC        P3
  D:00C0H         PUBLIC        P4
  D:00C8H         PUBLIC        P5
  D:00E8H         PUBLIC        P6
  D:00F8H         PUBLIC        P7
  D:00A8H         PUBLIC        IE
  C:3645H         PUBLIC        linear_interpolate
  C:3BB0H         PUBLIC        _Move_2ndMotor
  X:0000H         PUBLIC        RX_angle
  C:3807H         PUBLIC        _Move
  D:00B8H         PUBLIC        IP
  C:2F4CH         PUBLIC        _findDet3x3
  C:27CEH         PUBLIC        _findDet4x4
  D:00D8H         PUBLIC        CCON
  X:01B8H         PUBLIC        previous_move_time
  C:40A2H         PUBLIC        _Step_move_2ndMotor
  X:01B9H         PUBLIC        lcd
  D:0098H         PUBLIC        SCON
  D:0088H         PUBLIC        TCON
  C:4076H         PUBLIC        _Step_move
  C:0026H         PUBLIC        _Update_position
  X:01BBH         PUBLIC        date_azimuth_mapping_symmetry_side
  X:01CFH         PUBLIC        elevation_stamp
  X:01FBH         PUBLIC        date_azimuth_mapping
  X:020FH         PUBLIC        RX_pos
  C:41FDH         PUBLIC        _BCDtoDec1
  C:2D4BH         PUBLIC        _Display_Pos
  X:03C7H         PUBLIC        degree
  D:00D0H         PUBLIC        PSW
  C:41F3H         SYMBOL        L?0124
  C:41F6H         SYMBOL        L?0125
  -------         PROC          L?0123
  -------         ENDPROC       L?0123
  C:41F3H         SYMBOL        L?0124
  C:41F6H         SYMBOL        L?0125
  -------         PROC          _BCDTODEC1
  D:0007H         SYMBOL        bcd
  -------         DO            
  D:0006H         SYMBOL        hi
  D:0007H         SYMBOL        lo
  -------         ENDDO         
  C:41FDH         LINE#         31
  C:41FDH         LINE#         32
  C:41FDH         LINE#         34
  C:4202H         LINE#         35
  C:4206H         LINE#         36
  C:420DH         LINE#         37
  -------         ENDPROC       _BCDTODEC1
  -------         PROC          _STEP_MOVE
  X:04A6H         SYMBOL        step
  B:0021H.1       SYMBOL        dir
BL51 BANKED LINKER/LOCATER V6.22                                                      03/22/2019  10:29:58  PAGE 33


  -------         DO            
  X:04A8H         SYMBOL        i
  -------         ENDDO         
  C:4076H         LINE#         43
  C:407EH         LINE#         44
  C:407EH         LINE#         45
  C:4083H         LINE#         46
  C:4086H         LINE#         47
  C:408BH         LINE#         49
  C:408EH         LINE#         52
  C:408EH         LINE#         53
  C:4091H         LINE#         54
  C:4098H         LINE#         55
  C:409BH         LINE#         56
  -------         ENDPROC       _STEP_MOVE
  -------         PROC          _STEP_MOVE_2NDMOTOR
  X:04A2H         SYMBOL        step
  B:0021H.1       SYMBOL        dir
  -------         DO            
  X:04A4H         SYMBOL        i
  -------         ENDDO         
  C:40A2H         LINE#         62
  C:40AAH         LINE#         63
  C:40AAH         LINE#         64
  C:40AFH         LINE#         65
  C:40B2H         LINE#         66
  C:40B7H         LINE#         68
  C:40BAH         LINE#         71
  C:40BAH         LINE#         72
  C:40BDH         LINE#         73
  C:40C4H         LINE#         74
  C:40C7H         LINE#         75
  -------         ENDPROC       _STEP_MOVE_2NDMOTOR
  -------         PROC          _MOVE_2NDMOTOR
  D:0004H         SYMBOL        angle_distance
  B:0021H.0       SYMBOL        direction
  X:049AH         SYMBOL        current_angle
  -------         DO            
  X:049EH         SYMBOL        step
  X:04A0H         SYMBOL        i
  -------         ENDDO         
  C:3BB0H         LINE#         79
  C:3BB0H         LINE#         80
  C:3BB0H         LINE#         82
  C:3BC6H         LINE#         85
  C:3BE0H         LINE#         86
  C:3BE0H         LINE#         87
  C:3BE7H         LINE#         88
  C:3BFEH         LINE#         89
  C:3C02H         LINE#         91
  C:3C0DH         LINE#         92
  C:3C20H         LINE#         93
  C:3C20H         LINE#         94
  C:3C25H         LINE#         95
  C:3C2AH         LINE#         96
  C:3C2CH         LINE#         97
  C:3C32H         LINE#         98
BL51 BANKED LINKER/LOCATER V6.22                                                      03/22/2019  10:29:58  PAGE 34


  C:3C32H         LINE#         99
  C:3C43H         LINE#         100
  -------         ENDPROC       _MOVE_2NDMOTOR
  -------         PROC          _MOVE
  X:0496H         SYMBOL        distance
  B:0021H.0       SYMBOL        direction
  X:049AH         SYMBOL        current_position
  -------         DO            
  X:049EH         SYMBOL        step
  X:04A2H         SYMBOL        i
  -------         ENDDO         
  C:3807H         LINE#         102
  C:380DH         LINE#         103
  C:380DH         LINE#         106
  C:382FH         LINE#         107
  C:385CH         LINE#         108
  C:385CH         LINE#         109
  C:386DH         LINE#         110
  C:3884H         LINE#         111
  C:3888H         LINE#         113
  C:3893H         LINE#         114
  C:38BDH         LINE#         115
  C:38BDH         LINE#         116
  C:38C2H         LINE#         117
  C:38C7H         LINE#         118
  C:38C9H         LINE#         119
  C:38CFH         LINE#         120
  C:38CFH         LINE#         121
  C:38F1H         LINE#         122
  -------         ENDPROC       _MOVE
  C:2F2DH         SYMBOL        L?0121
  C:2F41H         SYMBOL        L?0122
  -------         PROC          L?0120
  -------         ENDPROC       L?0120
  C:2F2DH         SYMBOL        L?0121
  C:2F41H         SYMBOL        L?0122
  -------         PROC          _FINDDET3X3
  X:062EH         SYMBOL        a11
  X:0632H         SYMBOL        a12
  X:0636H         SYMBOL        a13
  X:063AH         SYMBOL        a21
  X:063EH         SYMBOL        a22
  X:0642H         SYMBOL        a23
  X:0646H         SYMBOL        a31
  X:064AH         SYMBOL        a32
  X:064EH         SYMBOL        a33
  C:2F4CH         LINE#         125
  C:2F52H         LINE#         129
  C:2F52H         LINE#         130
  C:30E9H         LINE#         132
  -------         ENDPROC       _FINDDET3X3
  -------         PROC          _FINDDET4X4
  X:05EEH         SYMBOL        a11
  X:05F2H         SYMBOL        a12
  X:05F6H         SYMBOL        a13
  X:05FAH         SYMBOL        a14
  X:05FEH         SYMBOL        a21
BL51 BANKED LINKER/LOCATER V6.22                                                      03/22/2019  10:29:58  PAGE 35


  X:0602H         SYMBOL        a22
  X:0606H         SYMBOL        a23
  X:060AH         SYMBOL        a24
  X:060EH         SYMBOL        a31
  X:0612H         SYMBOL        a32
  X:0616H         SYMBOL        a33
  X:061AH         SYMBOL        a34
  X:061EH         SYMBOL        a41
  X:0622H         SYMBOL        a42
  X:0626H         SYMBOL        a43
  X:062AH         SYMBOL        a44
  C:27CEH         LINE#         133
  C:27D4H         LINE#         137
  C:27D4H         LINE#         144
  C:2A8DH         LINE#         148
  -------         ENDPROC       _FINDDET4X4
  C:35E1H         SYMBOL        L?0118
  C:3634H         SYMBOL        L?0119
  -------         PROC          L?0117
  -------         ENDPROC       L?0117
  C:35E1H         SYMBOL        L?0118
  C:3634H         SYMBOL        L?0119
  -------         PROC          LINEAR_INTERPOLATE
  X:0496H         SYMBOL        p1
  X:049EH         SYMBOL        p2
[...]
  X:04ACH         SYMBOL        hundred
  X:04ADH         SYMBOL        thousand
  X:04AEH         SYMBOL        after_dot
  X:04AFH         SYMBOL        dat
  -------         ENDDO         
  C:2D4BH         LINE#         346
  C:2D51H         LINE#         347
  C:2D51H         LINE#         351
  C:2D6DH         LINE#         352
  C:2D87H         LINE#         353
  C:2DABH         LINE#         355
  C:2DF5H         LINE#         357
  C:2E0CH         LINE#         358
  C:2E1EH         LINE#         359
  C:2E43H         LINE#         360
  C:2E5DH         LINE#         361
  C:2E75H         LINE#         362
  C:2E75H         LINE#         363
  C:2E7FH         LINE#         364
  C:2E89H         LINE#         365
  C:2E93H         LINE#         366
  C:2E9DH         LINE#         367
  C:2EA2H         LINE#         368
  C:2EACH         LINE#         369
  C:2EAFH         LINE#         370
  C:2EAFH         LINE#         371
  C:2EB4H         LINE#         372
  C:2EB6H         LINE#         373
  C:2EB6H         LINE#         376
  C:2EB8H         LINE#         378
  C:2EB8H         LINE#         379
  C:2EBDH         LINE#         380
  C:2EBFH         LINE#         381
  C:2EBFH         LINE#         382
  C:2EBFH         LINE#         383
  C:2EC1H         LINE#         385
BL51 BANKED LINKER/LOCATER V6.22                                                      03/22/2019  10:29:58  PAGE 39


  C:2EC1H         LINE#         387
  C:2EC6H         LINE#         388
  C:2ED0H         LINE#         389
  C:2EDAH         LINE#         390
  C:2EE4H         LINE#         391
  C:2EEEH         LINE#         392
  C:2EF3H         LINE#         393
  C:2EFDH         LINE#         394
  C:2F00H         LINE#         395
  C:2F00H         LINE#         396
  C:2F05H         LINE#         397
  C:2F07H         LINE#         398
  C:2F07H         LINE#         401
  C:2F09H         LINE#         403
  C:2F09H         LINE#         404
  C:2F0EH         LINE#         405
  C:2F13H         LINE#         406
  C:2F18H         LINE#         407
  C:2F18H         LINE#         411
  C:2F18H         LINE#         413
  -------         ENDPROC       _DISPLAY_POS
  -------         ENDMOD        BIPOLARMOTOR

  -------         MODULE        SUNPOS
  C:0000H         SYMBOL        _ICE_DUMMY_
  C:1701H         PUBLIC        sunpos
  -------         PROC          SUNPOS
  X:0496H         SYMBOL        udtTime
  X:04A8H         SYMBOL        udtLocation
  X:04B0H         SYMBOL        udtSunCoordinates
  -------         DO            
  X:04B3H         SYMBOL        dElapsedJulianDays
  X:04B7H         SYMBOL        dDecimalHours
  X:04BBH         SYMBOL        dEclipticLongitude
  X:04BFH         SYMBOL        dEclipticObliquity
  X:04C3H         SYMBOL        dRightAscension
  X:04C7H         SYMBOL        dDeclination
  X:04CBH         SYMBOL        dY
  X:04CFH         SYMBOL        dX
  -------         DO            
  X:04D3H         SYMBOL        dJulianDate
  X:04D7H         SYMBOL        liAux1
  X:04DBH         SYMBOL        liAux2
  X:04D3H         SYMBOL        dMeanLongitude
  X:04D7H         SYMBOL        dMeanAnomaly
  X:04DBH         SYMBOL        dOmega
  X:04D3H         SYMBOL        dSin_EclipticLongitude
  X:04D3H         SYMBOL        dGreenwichMeanSiderealTime
  X:04D7H         SYMBOL        dLocalMeanSiderealTime
  X:04DBH         SYMBOL        dLatitudeInRadians
  X:04DFH         SYMBOL        dHourAngle
  X:04E3H         SYMBOL        dCos_Latitude
  X:04E7H         SYMBOL        dSin_Latitude
  X:04EBH         SYMBOL        dCos_HourAngle
  X:04EFH         SYMBOL        dParallax
  -------         ENDDO         
  -------         DO            
BL51 BANKED LINKER/LOCATER V6.22                                                      03/22/2019  10:29:58  PAGE 40


  X:04D3H         SYMBOL        dMeanLongitude
  X:04D7H         SYMBOL        dMeanAnomaly
  X:04DBH         SYMBOL        dOmega
  X:04D3H         SYMBOL        dSin_EclipticLongitude
  X:04D3H         SYMBOL        dGreenwichMeanSiderealTime
  X:04D7H         SYMBOL        dLocalMeanSiderealTime
  X:04DBH         SYMBOL        dLatitudeInRadians
  X:04DFH         SYMBOL        dHourAngle
  X:04E3H         SYMBOL        dCos_Latitude
  X:04E7H         SYMBOL        dSin_Latitude
  X:04EBH         SYMBOL        dCos_HourAngle
  X:04EFH         SYMBOL        dParallax
  -------         ENDDO         
  -------         DO            
  X:04D3H         SYMBOL        dSin_EclipticLongitude
  X:04D3H         SYMBOL        dGreenwichMeanSiderealTime
  X:04D7H         SYMBOL        dLocalMeanSiderealTime
  X:04DBH         SYMBOL        dLatitudeInRadians
  X:04DFH         SYMBOL        dHourAngle
  X:04E3H         SYMBOL        dCos_Latitude
  X:04E7H         SYMBOL        dSin_Latitude
  X:04EBH         SYMBOL        dCos_HourAngle
  X:04EFH         SYMBOL        dParallax
  -------         ENDDO         
  -------         DO            
  X:04D3H         SYMBOL        dGreenwichMeanSiderealTime
  X:04D7H         SYMBOL        dLocalMeanSiderealTime
  X:04DBH         SYMBOL        dLatitudeInRadians
  X:04DFH         SYMBOL        dHourAngle
  X:04E3H         SYMBOL        dCos_Latitude
  X:04E7H         SYMBOL        dSin_Latitude
  X:04EBH         SYMBOL        dCos_HourAngle
  X:04EFH         SYMBOL        dParallax
  -------         ENDDO         
  -------         ENDDO         
  C:1701H         LINE#         6
  C:1701H         LINE#         7
  C:1701H         LINE#         9
  C:1701H         LINE#         27
  C:174BH         LINE#         30
  C:176CH         LINE#         31
  C:18B3H         LINE#         34
  C:18FFH         LINE#         36
  C:191EH         LINE#         37
  C:191EH         LINE#         42
  C:191EH         LINE#         46
  C:1950H         LINE#         47
  C:197AH         LINE#         48
  C:19A4H         LINE#         49
  C:1A51H         LINE#         52
  C:1AB2H         LINE#         54
  C:1AB2H         LINE#         59
  C:1AB2H         LINE#         61
  C:1AC9H         LINE#         62
  C:1AF1H         LINE#         63
  C:1B08H         LINE#         64
  C:1B33H         LINE#         65
BL51 BANKED LINKER/LOCATER V6.22                                                      03/22/2019  10:29:58  PAGE 41


  C:1B6AH         LINE#         66
  C:1B95H         LINE#         67
  C:1B95H         LINE#         70
  C:1B95H         LINE#         79
  C:1BD0H         LINE#         82
  C:1C0AH         LINE#         84
  C:1C2FH         LINE#         85
  C:1C4EH         LINE#         86
  C:1C65H         LINE#         87
  C:1C7CH         LINE#         88
  C:1C93H         LINE#         89
  C:1D1CH         LINE#         91
  C:1D36H         LINE#         92
  C:1D98H         LINE#         93
  C:1DCEH         LINE#         94
  C:1DE0H         LINE#         95
  C:1E0DH         LINE#         96
  C:1E3AH         LINE#         98
  C:1E5CH         LINE#         100
  C:1E94H         LINE#         103
  C:1E94H         LINE#         104
  C:1EA2H         LINE#         105
  -------         ENDPROC       SUNPOS
  -------         ENDMOD        SUNPOS

  -------         MODULE        ?C_STARTUP
  C:3C44H         SEGMENT       ?C_C51STARTUP
  I:0022H         SEGMENT       ?STACK
  C:0000H         PUBLIC        ?C_STARTUP
  D:00E0H         SYMBOL        ACC
  D:00F0H         SYMBOL        B
  D:0083H         SYMBOL        DPH
  D:0082H         SYMBOL        DPL
  N:0000H         SYMBOL        IBPSTACK
  N:0100H         SYMBOL        IBPSTACKTOP
  N:0080H         SYMBOL        IDATALEN
  C:3C47H         SYMBOL        IDATALOOP
  N:0000H         SYMBOL        PBPSTACK
  N:0100H         SYMBOL        PBPSTACKTOP
  N:0000H         SYMBOL        PDATALEN
  N:0000H         SYMBOL        PDATASTART
  N:0000H         SYMBOL        PPAGE
  N:0000H         SYMBOL        PPAGEENABLE
  D:00A0H         SYMBOL        PPAGE_SFR
  D:0081H         SYMBOL        SP
  C:3C44H         SYMBOL        STARTUP1
  N:0000H         SYMBOL        XBPSTACK
  N:0000H         SYMBOL        XBPSTACKTOP
  N:0000H         SYMBOL        XDATALEN
  N:0000H         SYMBOL        XDATASTART
  C:0000H         LINE#         126
  C:3C44H         LINE#         133
  C:3C46H         LINE#         134
  C:3C47H         LINE#         135
  C:3C48H         LINE#         136
  C:3C4AH         LINE#         185
  C:3C4DH         LINE#         196
BL51 BANKED LINKER/LOCATER V6.22                                                      03/22/2019  10:29:58  PAGE 42


  -------         ENDMOD        ?C_STARTUP

  -------         MODULE        ?C?FPADD
  C:0E35H         PUBLIC        ?C?FPADD
  C:0E31H         PUBLIC        ?C?FPSUB
  -------         ENDMOD        ?C?FPADD

  -------         MODULE        ?C?FPMUL
  C:0F26H         PUBLIC        ?C?FPMUL
  -------         ENDMOD        ?C?FPMUL

  -------         MODULE        ?C?FPDIV
  C:102FH         PUBLIC        ?C?FPDIV
  -------         ENDMOD        ?C?FPDIV

  -------         MODULE        ?C?FPCMP
  C:10CEH         PUBLIC        ?C?FPCMP
  C:10CCH         PUBLIC        ?C?FPCMP3
  -------         ENDMOD        ?C?FPCMP

  -------         MODULE        ?C?FPNEG
  C:1145H         PUBLIC        ?C?FPNEG
  -------         ENDMOD        ?C?FPNEG

  -------         MODULE        ?C?FCAST
  C:1160H         PUBLIC        ?C?FCASTC
  C:115BH         PUBLIC        ?C?FCASTI
  C:1156H         PUBLIC        ?C?FCASTL
  -------         ENDMOD        ?C?FCAST

  -------         MODULE        ?C?CASTF
  C:1194H         PUBLIC        ?C?CASTF
  -------         ENDMOD        ?C?CASTF

  -------         MODULE        ATAN2
  X:04F3H         PUBLIC        ?_atan2?BYTE
  C:3A79H         PUBLIC        _atan2
  -------         ENDMOD        ATAN2

  -------         MODULE        SIN
  C:3460H         PUBLIC        _COS
  C:3476H         PUBLIC        _SIN
  C:34B2H         PUBLIC        _TAN
  -------         ENDMOD        SIN

  -------         MODULE        ACOS
  C:3E91H         PUBLIC        _ACOS
  -------         ENDMOD        ACOS

  -------         MODULE        ASIN
  C:3FA8H         PUBLIC        _ASIN
  -------         ENDMOD        ASIN

  -------         MODULE        SQRT
  C:39D1H         PUBLIC        _SQRT
  -------         ENDMOD        SQRT

BL51 BANKED LINKER/LOCATER V6.22                                                      03/22/2019  10:29:58  PAGE 43


  -------         MODULE        ATAN
  C:3705H         PUBLIC        _ATAN
  -------         ENDMOD        ATAN

  -------         MODULE        ?C?COPY
  C:1332H         PUBLIC        ?C?COPY
  -------         ENDMOD        ?C?COPY

  -------         MODULE        ?C?CLDPTR
  C:1358H         PUBLIC        ?C?CLDPTR
  -------         ENDMOD        ?C?CLDPTR

  -------         MODULE        ?C?CSTPTR
  C:1371H         PUBLIC        ?C?CSTPTR
  -------         ENDMOD        ?C?CSTPTR

  -------         MODULE        ?C?IMUL
  C:1383H         PUBLIC        ?C?IMUL
  -------         ENDMOD        ?C?IMUL

  -------         MODULE        ?C?UIDIV
  C:1395H         PUBLIC        ?C?UIDIV
  -------         ENDMOD        ?C?UIDIV

  -------         MODULE        ?C?SIDIV
  C:13EAH         PUBLIC        ?C?SIDIV
  -------         ENDMOD        ?C?SIDIV

  -------         MODULE        ?C?ILDIX
  C:1420H         PUBLIC        ?C?ILDIX
  -------         ENDMOD        ?C?ILDIX

  -------         MODULE        ?C?LMUL
  C:1436H         PUBLIC        ?C?LMUL
  -------         ENDMOD        ?C?LMUL

  -------         MODULE        ?C?ULDIV
  C:14C1H         PUBLIC        ?C?ULDIV
  -------         ENDMOD        ?C?ULDIV

  -------         MODULE        ?C?SLDIV
  C:3F24H         PUBLIC        ?C?SLDIV
  -------         ENDMOD        ?C?SLDIV

  -------         MODULE        ?C?LNEG
  C:1553H         PUBLIC        ?C?LNEG
  -------         ENDMOD        ?C?LNEG

  -------         MODULE        ?C?ULCMP
  C:1561H         PUBLIC        ?C?ULCMP
  -------         ENDMOD        ?C?ULCMP

  -------         MODULE        ?C?LLDPTR
  C:1572H         PUBLIC        ?C?LLDPTR
  -------         ENDMOD        ?C?LLDPTR

  -------         MODULE        ?C?LLDOPTR
BL51 BANKED LINKER/LOCATER V6.22                                                      03/22/2019  10:29:58  PAGE 44


  C:1592H         PUBLIC        ?C?LLDOPTR
  -------         ENDMOD        ?C?LLDOPTR

  -------         MODULE        ?C?LSTPTR
  C:15C2H         PUBLIC        ?C?LSTPTR
  -------         ENDMOD        ?C?LSTPTR

  -------         MODULE        ?C?LSTOPTR
  C:15DCH         PUBLIC        ?C?LSTOPTR
  -------         ENDMOD        ?C?LSTOPTR

  -------         MODULE        ?C?LLDXDATA
  C:1600H         PUBLIC        ?C?LLDXDATA
  -------         ENDMOD        ?C?LLDXDATA

  -------         MODULE        ?C?LLDCODE
  C:160CH         PUBLIC        ?C?LLDCODE
  -------         ENDMOD        ?C?LLDCODE

  -------         MODULE        ?C?LLDXDATA0
  C:161CH         PUBLIC        ?C?LLDXDATA0
  -------         ENDMOD        ?C?LLDXDATA0

  -------         MODULE        ?C?LLDCODE0
  C:1628H         PUBLIC        ?C?LLDCODE0
  -------         ENDMOD        ?C?LLDCODE0

  -------         MODULE        ?C?LLDPTR0
  C:1638H         PUBLIC        ?C?LLDPTR0
  -------         ENDMOD        ?C?LLDPTR0

  -------         MODULE        ?C?LSTXDATA
  C:1658H         PUBLIC        ?C?LSTXDATA
  -------         ENDMOD        ?C?LSTXDATA

  -------         MODULE        ?C?LSTKXDATA
  C:1664H         PUBLIC        ?C?LSTKXDATA
  -------         ENDMOD        ?C?LSTKXDATA

  -------         MODULE        ?C?OFFXADD
  C:1695H         PUBLIC        ?C?OFFXADD
  -------         ENDMOD        ?C?OFFXADD

  -------         MODULE        ABS
  C:430EH         PUBLIC        _ABS
  -------         ENDMOD        ABS

  -------         MODULE        ATOI
  C:38F2H         PUBLIC        _atoi
  -------         ENDMOD        ATOI

  -------         MODULE        ?C?IILDX
  C:16A1H         PUBLIC        ?C?IILDX
  -------         ENDMOD        ?C?IILDX

  -------         MODULE        ?C?LLDIDATA
  C:16B7H         PUBLIC        ?C?LLDIDATA
BL51 BANKED LINKER/LOCATER V6.22                                                      03/22/2019  10:29:58  PAGE 45


  -------         ENDMOD        ?C?LLDIDATA

  -------         MODULE        ?C?LLDPDATA
  C:16C3H         PUBLIC        ?C?LLDPDATA
  -------         ENDMOD        ?C?LLDPDATA

  -------         MODULE        ?C?LLDIDATA0
  C:16CFH         PUBLIC        ?C?LLDIDATA0
  -------         ENDMOD        ?C?LLDIDATA0

  -------         MODULE        ?C?LLDPDATA0
  C:16DCH         PUBLIC        ?C?LLDPDATA0
  -------         ENDMOD        ?C?LLDPDATA0

  -------         MODULE        ?C?LSTIDATA
  C:16E9H         PUBLIC        ?C?LSTIDATA
  -------         ENDMOD        ?C?LSTIDATA

  -------         MODULE        ?C?LSTPDATA
  C:16F5H         PUBLIC        ?C?LSTPDATA
  -------         ENDMOD        ?C?LSTPDATA

  -------         MODULE        ISDIGIT
  C:42E6H         PUBLIC        _isdigit
  -------         ENDMOD        ISDIGIT

  -------         MODULE        ISSPACE
  C:427DH         PUBLIC        _isspace
  -------         ENDMOD        ISSPACE

*** WARNING L16: UNCALLED SEGMENT, IGNORED FOR OVERLAY PROCESS
    SEGMENT: ?PR?_CALIB_INTERPOLATE?MAIN

*** WARNING L16: UNCALLED SEGMENT, IGNORED FOR OVERLAY PROCESS
    SEGMENT: ?PR?INITUART1?UART1

*** WARNING L16: UNCALLED SEGMENT, IGNORED FOR OVERLAY PROCESS
    SEGMENT: ?PR?_SENDSTRING?UART1

*** WARNING L16: UNCALLED SEGMENT, IGNORED FOR OVERLAY PROCESS
    SEGMENT: ?PR?_TEN?UART1

*** WARNING L16: UNCALLED SEGMENT, IGNORED FOR OVERLAY PROCESS
    SEGMENT: ?PR?_UNIT?UART1

*** WARNING L16: UNCALLED SEGMENT, IGNORED FOR OVERLAY PROCESS
    SEGMENT: ?PR?_DECTOBCD?UART1

*** WARNING L16: UNCALLED SEGMENT, IGNORED FOR OVERLAY PROCESS
    SEGMENT: ?PR?_ASCII_LETTER?UART1

*** WARNING L16: UNCALLED SEGMENT, IGNORED FOR OVERLAY PROCESS
    SEGMENT: ?PR?_ASCIITOBCD?UART1

*** WARNING L16: UNCALLED SEGMENT, IGNORED FOR OVERLAY PROCESS
    SEGMENT: ?PR?NOP?VCNL4035

BL51 BANKED LINKER/LOCATER V6.22                                                      03/22/2019  10:29:58  PAGE 46


*** WARNING L16: UNCALLED SEGMENT, IGNORED FOR OVERLAY PROCESS
    SEGMENT: ?PR?_READ_VCNL4035?VCNL4035

*** WARNING L16: UNCALLED SEGMENT, IGNORED FOR OVERLAY PROCESS
    SEGMENT: ?PR?_DISPLAYLCD_VCNL4035?VCNL4035

*** WARNING L16: UNCALLED SEGMENT, IGNORED FOR OVERLAY PROCESS
    SEGMENT: ?PR?_FINDDET4X4?BIPOLARMOTOR

*** WARNING L1: UNRESOLVED EXTERNAL SYMBOL
    SYMBOL:  _CALIBRATION
    MODULE:  .\Obj\main.obj (MAIN)

*** WARNING L1: UNRESOLVED EXTERNAL SYMBOL
    SYMBOL:  ?_CALIBRATION?BYTE
    MODULE:  .\Obj\main.obj (MAIN)

*** WARNING L1: UNRESOLVED EXTERNAL SYMBOL
    SYMBOL:  DIRECTION_ROTATION
    MODULE:  .\Obj\main.obj (MAIN)

*** WARNING L1: UNRESOLVED EXTERNAL SYMBOL
    SYMBOL:  ADC_INIT
    MODULE:  .\Obj\main.obj (MAIN)

*** WARNING L1: UNRESOLVED EXTERNAL SYMBOL
    SYMBOL:  AUTO_MODE
    MODULE:  .\Obj\main.obj (MAIN)

*** WARNING L2: REFERENCE MADE TO UNRESOLVED EXTERNAL
    SYMBOL:  AUTO_MODE
    MODULE:  .\Obj\main.obj (MAIN)
    ADDRESS: 1EB7H

*** WARNING L2: REFERENCE MADE TO UNRESOLVED EXTERNAL
    SYMBOL:  ADC_INIT
    MODULE:  .\Obj\main.obj (MAIN)
    ADDRESS: 1ECEH

*** WARNING L2: REFERENCE MADE TO UNRESOLVED EXTERNAL
    SYMBOL:  AUTO_MODE
    MODULE:  .\Obj\main.obj (MAIN)
    ADDRESS: 1F13H

*** WARNING L2: REFERENCE MADE TO UNRESOLVED EXTERNAL
    SYMBOL:  AUTO_MODE
    MODULE:  .\Obj\main.obj (MAIN)
    ADDRESS: 1FFDH

*** WARNING L2: REFERENCE MADE TO UNRESOLVED EXTERNAL
    SYMBOL:  AUTO_MODE
    MODULE:  .\Obj\main.obj (MAIN)
    ADDRESS: 200BH

*** WARNING L2: REFERENCE MADE TO UNRESOLVED EXTERNAL
    SYMBOL:  AUTO_MODE
    MODULE:  .\Obj\main.obj (MAIN)
BL51 BANKED LINKER/LOCATER V6.22                                                      03/22/2019  10:29:58  PAGE 47


    ADDRESS: 2023H

*** WARNING L2: REFERENCE MADE TO UNRESOLVED EXTERNAL
    SYMBOL:  AUTO_MODE
    MODULE:  .\Obj\main.obj (MAIN)
    ADDRESS: 2068H

*** WARNING L2: REFERENCE MADE TO UNRESOLVED EXTERNAL
    SYMBOL:  AUTO_MODE
    MODULE:  .\Obj\main.obj (MAIN)
    ADDRESS: 20B5H

*** WARNING L2: REFERENCE MADE TO UNRESOLVED EXTERNAL
    SYMBOL:  DIRECTION_ROTATION
    MODULE:  .\Obj\main.obj (MAIN)
    ADDRESS: 20BFH

*** WARNING L2: REFERENCE MADE TO UNRESOLVED EXTERNAL
    SYMBOL:  AUTO_MODE
    MODULE:  .\Obj\main.obj (MAIN)
    ADDRESS: 20F7H

*** WARNING L2: REFERENCE MADE TO UNRESOLVED EXTERNAL
    SYMBOL:  DIRECTION_ROTATION
    MODULE:  .\Obj\main.obj (MAIN)
    ADDRESS: 2101H

*** WARNING L2: REFERENCE MADE TO UNRESOLVED EXTERNAL
    SYMBOL:  AUTO_MODE
    MODULE:  .\Obj\main.obj (MAIN)
    ADDRESS: 2202H

*** WARNING L2: REFERENCE MADE TO UNRESOLVED EXTERNAL
    SYMBOL:  ?_CALIBRATION?BYTE
    MODULE:  .\Obj\main.obj (MAIN)
    ADDRESS: 22B4H

*** WARNING L2: REFERENCE MADE TO UNRESOLVED EXTERNAL
    SYMBOL:  ?_CALIBRATION?BYTE
    MODULE:  .\Obj\main.obj (MAIN)
    ADDRESS: 22BCH

*** WARNING L2: REFERENCE MADE TO UNRESOLVED EXTERNAL
    SYMBOL:  _CALIBRATION
    MODULE:  .\Obj\main.obj (MAIN)
    ADDRESS: 22DDH

*** WARNING L1: UNRESOLVED EXTERNAL SYMBOL
    SYMBOL:  AUTO_MODE
    MODULE:  .\Obj\KeyPad.obj (KEYPAD)

*** WARNING L2: REFERENCE MADE TO UNRESOLVED EXTERNAL
    SYMBOL:  AUTO_MODE
    MODULE:  .\Obj\KeyPad.obj (KEYPAD)
    ADDRESS: 2ADBH

*** WARNING L2: REFERENCE MADE TO UNRESOLVED EXTERNAL
BL51 BANKED LINKER/LOCATER V6.22                                                      03/22/2019  10:29:58  PAGE 48


    SYMBOL:  AUTO_MODE
    MODULE:  .\Obj\KeyPad.obj (KEYPAD)
    ADDRESS: 2AE6H

*** WARNING L2: REFERENCE MADE TO UNRESOLVED EXTERNAL
    SYMBOL:  AUTO_MODE
    MODULE:  .\Obj\KeyPad.obj (KEYPAD)
    ADDRESS: 2AEDH

Program Size: data=10.3 xdata=1676 code=17230
LINK/LOCATE RUN COMPLETE.  36 WARNING(S),  0 ERROR(S)
