BL51 BANKED LINKER/LOCATER V6.22                                                        08/20/2019  16:44:47  PAGE 1


BL51 BANKED LINKER/LOCATER V6.22, INVOKED BY:
C:\KEIL_V5\C51\BIN\BL51.EXE .\Obj\main.obj, .\Obj\PCF85063BTL.obj, .\Obj\LCd_Driver_SPLC780D.obj, .\Obj\KeyPad.obj, .\Ob
>> j\BipolarMotor.obj, .\Obj\SunPos.obj, .\Obj\ADC.obj, .\Obj\Calibration.obj, .\Obj\IOExpander_PI4IOE5V96248.obj, .\Obj
>> \AT25SF041.obj, .\Obj\SI1120.obj, .\Obj\UART1.obj, .\Obj\STARTUP.obj TO .\Obj\GPIO_RTC_Test RTX51TINY PRINT (.\Lis\GP
>> IO_RTC_Test.m51) RAMSIZE (256)


MEMORY MODEL: LARGE WITH FLOATING POINT ARITHMETIC


INPUT MODULES INCLUDED:
  .\Obj\main.obj (MAIN)
  .\Obj\PCF85063BTL.obj (PCF85063BTL)
  .\Obj\LCd_Driver_SPLC780D.obj (LCD_DRIVER_SPLC780D)
  .\Obj\KeyPad.obj (KEYPAD)
  .\Obj\BipolarMotor.obj (BIPOLARMOTOR)
  .\Obj\SunPos.obj (SUNPOS)
  .\Obj\ADC.obj (ADC)
  .\Obj\Calibration.obj (CALIBRATION)
  .\Obj\IOExpander_PI4IOE5V96248.obj (IOEXPANDER_PI4IOE5V96248)
  .\Obj\AT25SF041.obj (AT25SF041)
  .\Obj\SI1120.obj (SI1120)
  .\Obj\UART1.obj (UART1)
  .\Obj\STARTUP.obj (?C_STARTUP)
  C:\KEIL_V5\C51\LIB\C51FPL.LIB (?C?FPADD)
  C:\KEIL_V5\C51\LIB\C51FPL.LIB (?C?FPMUL)
  C:\KEIL_V5\C51\LIB\C51FPL.LIB (?C?FPDIV)
  C:\KEIL_V5\C51\LIB\C51FPL.LIB (?C?FPCMP)
  C:\KEIL_V5\C51\LIB\C51FPL.LIB (?C?FPNEG)
  C:\KEIL_V5\C51\LIB\C51FPL.LIB (?C?FCAST)
  C:\KEIL_V5\C51\LIB\C51FPL.LIB (?C?CASTF)
  C:\KEIL_V5\C51\LIB\C51FPL.LIB (PRINTF)
  C:\KEIL_V5\C51\LIB\C51FPL.LIB (FABS)
  C:\KEIL_V5\C51\LIB\C51FPL.LIB (ATAN2)
  C:\KEIL_V5\C51\LIB\C51FPL.LIB (SIN)
  C:\KEIL_V5\C51\LIB\C51FPL.LIB (ACOS)
  C:\KEIL_V5\C51\LIB\C51FPL.LIB (ASIN)
  C:\KEIL_V5\C51\LIB\C51FPL.LIB (POW)
  C:\KEIL_V5\C51\LIB\C51FPL.LIB (?C?FPGETOPN)
  C:\KEIL_V5\C51\LIB\C51FPL.LIB (?C?CHKFLOAT)
  C:\KEIL_V5\C51\LIB\C51FPL.LIB (?C?FPROUND)
  C:\KEIL_V5\C51\LIB\C51FPL.LIB (?C?FPCONVERT)
  C:\KEIL_V5\C51\LIB\C51FPL.LIB (?C?FPSERIES)
  C:\KEIL_V5\C51\LIB\C51FPL.LIB (EXP)
  C:\KEIL_V5\C51\LIB\C51FPL.LIB (LOG)
  C:\KEIL_V5\C51\LIB\C51FPL.LIB (SQRT)
  C:\KEIL_V5\C51\LIB\C51FPL.LIB (ATAN)
  C:\KEIL_V5\C51\LIB\C51FPL.LIB (?C?FTNPWR)
  C:\KEIL_V5\C51\LIB\C51L.LIB (?C_INIT)
  C:\KEIL_V5\C51\LIB\C51L.LIB (?C?COPY)
  C:\KEIL_V5\C51\LIB\C51L.LIB (?C?CLDPTR)
  C:\KEIL_V5\C51\LIB\C51L.LIB (?C?CLDOPTR)
  C:\KEIL_V5\C51\LIB\C51L.LIB (?C?CSTPTR)
  C:\KEIL_V5\C51\LIB\C51L.LIB (?C?IMUL)
  C:\KEIL_V5\C51\LIB\C51L.LIB (?C?UIDIV)
  C:\KEIL_V5\C51\LIB\C51L.LIB (?C?SIDIV)
  C:\KEIL_V5\C51\LIB\C51L.LIB (?C?ILDIX)
  C:\KEIL_V5\C51\LIB\C51L.LIB (?C?ILDOPTR)
BL51 BANKED LINKER/LOCATER V6.22                                                      08/20/2019  16:44:47  PAGE 2


  C:\KEIL_V5\C51\LIB\C51L.LIB (?C?ISTPTR)
  C:\KEIL_V5\C51\LIB\C51L.LIB (?C?LMUL)
  C:\KEIL_V5\C51\LIB\C51L.LIB (?C?SLDIV)
  C:\KEIL_V5\C51\LIB\C51L.LIB (?C?LNEG)
  C:\KEIL_V5\C51\LIB\C51L.LIB (?C?ULCMP)
  C:\KEIL_V5\C51\LIB\C51L.LIB (?C?LSHL)
  C:\KEIL_V5\C51\LIB\C51L.LIB (?C?LLDPTR)
  C:\KEIL_V5\C51\LIB\C51L.LIB (?C?LLDOPTR)
  C:\KEIL_V5\C51\LIB\C51L.LIB (?C?LSTPTR)
  C:\KEIL_V5\C51\LIB\C51L.LIB (?C?LSTOPTR)
  C:\KEIL_V5\C51\LIB\C51L.LIB (?C?LLDXDATA)
  C:\KEIL_V5\C51\LIB\C51L.LIB (?C?LLDCODE)
  C:\KEIL_V5\C51\LIB\C51L.LIB (?C?LLDXDATA0)
  C:\KEIL_V5\C51\LIB\C51L.LIB (?C?LLDCODE0)
  C:\KEIL_V5\C51\LIB\C51L.LIB (?C?LLDPTR0)
  C:\KEIL_V5\C51\LIB\C51L.LIB (?C?LSTXDATA)
  C:\KEIL_V5\C51\LIB\C51L.LIB (?C?LSTKXDATA)
  C:\KEIL_V5\C51\LIB\C51L.LIB (?C?LSTKPTR)
  C:\KEIL_V5\C51\LIB\C51L.LIB (?C?OFFXADD)
  C:\KEIL_V5\C51\LIB\C51L.LIB (?C?PLDIXDATA)
  C:\KEIL_V5\C51\LIB\C51L.LIB (?C?PSTXDATA)
  C:\KEIL_V5\C51\LIB\C51L.LIB (?C?CCASE)
  C:\KEIL_V5\C51\LIB\C51L.LIB (PUTCHAR)
  C:\KEIL_V5\C51\LIB\C51L.LIB (ABS)
  C:\KEIL_V5\C51\LIB\C51L.LIB (ATOI)
  C:\KEIL_V5\C51\LIB\C51L.LIB (?C?IILDX)
  C:\KEIL_V5\C51\LIB\C51L.LIB (?C?ULDIV)
  C:\KEIL_V5\C51\LIB\C51L.LIB (?C?LLDIDATA)
  C:\KEIL_V5\C51\LIB\C51L.LIB (?C?LLDPDATA)
  C:\KEIL_V5\C51\LIB\C51L.LIB (?C?LLDIDATA0)
  C:\KEIL_V5\C51\LIB\C51L.LIB (?C?LLDPDATA0)
  C:\KEIL_V5\C51\LIB\C51L.LIB (?C?LSTIDATA)
  C:\KEIL_V5\C51\LIB\C51L.LIB (?C?LSTPDATA)
  C:\KEIL_V5\C51\LIB\C51L.LIB (?C?LSTKIDATA)
  C:\KEIL_V5\C51\LIB\C51L.LIB (?C?LSTKPDATA)
  C:\KEIL_V5\C51\LIB\C51L.LIB (ISDIGIT)
  C:\KEIL_V5\C51\LIB\C51L.LIB (ISSPACE)


LINK MAP OF MODULE:  .\Obj\GPIO_RTC_Test (MAIN)


            TYPE    BASE      LENGTH    RELOCATION   SEGMENT NAME
            -----------------------------------------------------

            * * * * * * *   D A T A   M E M O R Y   * * * * * * *
            REG     0000H     0008H     ABSOLUTE     "REG BANK 0"
            DATA    0008H     0005H     UNIT         _DATA_GROUP_
                    000DH     0013H                  *** GAP ***
            BIT     0020H.0   0001H.2   UNIT         _BIT_GROUP_
            BIT     0021H.2   0000H.1   UNIT         ?BI?MAIN
            BIT     0021H.3   0000H.1   UNIT         ?BI?_ATOI?ATOI
                    0021H.4   0000H.4                *** GAP ***
            IDATA   0022H     0001H     UNIT         ?STACK

            * * * * * * *  X D A T A   M E M O R Y  * * * * * * *
            XDATA   0000H     03BCH     UNIT         ?XD?BIPOLARMOTOR
BL51 BANKED LINKER/LOCATER V6.22                                                      08/20/2019  16:44:47  PAGE 3


            XDATA   03BCH     015DH     UNIT         _XDATA_GROUP_
            XDATA   0519H     011DH     UNIT         ?XD?MAIN
            XDATA   0636H     0019H     UNIT         ?XD?KEYPAD
            XDATA   064FH     0005H     UNIT         ?XD?_ATOI?ATOI
            XDATA   0654H     0001H     UNIT         ?XD?UC_ACK?IOEXPANDER_PI4IOE5V96248
            XDATA   0655H     0001H     UNIT         ?XD?UC_NACK?IOEXPANDER_PI4IOE5V96248

            * * * * * * *   C O D E   M E M O R Y   * * * * * * *
            CODE    0000H     0003H     ABSOLUTE     
            CODE    0003H     0003H     ABSOLUTE     
            CODE    0006H     0005H     UNIT         ?PR?_UNIT?UART1
            CODE    000BH     0003H     ABSOLUTE     
            CODE    000EH     000DH     UNIT         ?PR?UART?MAIN
            CODE    001BH     0003H     ABSOLUTE     
            CODE    001EH     0005H     UNIT         ?PR?_ASCII_LETTER?UART1
            CODE    0023H     0003H     ABSOLUTE     
            CODE    0026H     21C9H     UNIT         ?PR?MAIN?MAIN
            CODE    21EFH     0BC8H     UNIT         ?C?LIB_CODE
            CODE    2DB7H     07A2H     UNIT         ?PR?SUNPOS?SUNPOS
            CODE    3559H     06F4H     UNIT         ?PR?_FIND_REAL_MAX?CALIBRATION
            CODE    3C4DH     05D1H     UNIT         ?PR?_UPDATE_POSITION?BIPOLARMOTOR
            CODE    421EH     04FBH     UNIT         ?PR?_THEORICALJP_POSITION?BIPOLARMOTOR
            CODE    4719H     0483H     UNIT         ?PR?PRINTF?PRINTF
            CODE    4B9CH     041AH     UNIT         ?C_INITSEG
            CODE    4FB6H     038CH     UNIT         ?PR?KEY_PROCESS?KEYPAD
            CODE    5342H     0380H     UNIT         ?PR?_ELEVATION_CALCULATION?BIPOLARMOTOR
            CODE    56C2H     01C7H     UNIT         ?PR?_CALIBRATION?CALIBRATION
            CODE    5889H     018DH     UNIT         ?PR?KEY_SCAN?KEYPAD
            CODE    5A16H     0189H     UNIT         ?PR?SPI_NOR_WRITE_DATA?AT25SF041
            CODE    5B9FH     0188H     UNIT         ?PR?SIN?SIN
            CODE    5D27H     0166H     UNIT         ?PR?_POW?POW
            CODE    5E8DH     0155H     UNIT         ?PR?_DISPLAY_POS?LCD_DRIVER_SPLC780D
            CODE    5FE2H     0129H     UNIT         ?PR?LOG?LOG
            CODE    610BH     0122H     UNIT         ?PR?ATAN?ATAN
            CODE    622DH     0110H     UNIT         ?PR?_AT25SF041_READ?AT25SF041
            CODE    633DH     0102H     UNIT         ?PR?_AT25SF041_WRITE?AT25SF041
            CODE    643FH     00F5H     UNIT         ?PR?EXINT0?MAIN
            CODE    6534H     00DBH     UNIT         ?PR?_ATOI?ATOI
            CODE    660FH     00C3H     UNIT         ?PR?LINEAR_INTERPOLATE?BIPOLARMOTOR
            CODE    66D2H     00BBH     UNIT         ?PR?VOLTAGE_IS_STABLE?CALIBRATION
            CODE    678DH     00ADH     UNIT         ?PR?_WRITE_PI4IOE5V96248?IOEXPANDER_PI4IOE5V96248
            CODE    683AH     00ACH     UNIT         ?PR?SQRT?SQRT
            CODE    68E6H     00A1H     UNIT         ?PR?UCREAD_STATUS_REGISTER_BYTE1?AT25SF041
            CODE    6987H     009DH     UNIT         ?PR?_ATAN2?ATAN2
            CODE    6A24H     009CH     UNIT         ?PR?_MAX_VALUE?CALIBRATION
            CODE    6AC0H     009AH     UNIT         ?PR?EXP?EXP
            CODE    6B5AH     008CH     UNIT         ?C_C51STARTUP
            CODE    6BE6H     0088H     UNIT         ?PR?_DAY_OF_YEAR?PCF85063BTL
            CODE    6C6EH     0079H     UNIT         ?PR?_WRITEDATA?LCD_DRIVER_SPLC780D
            CODE    6CE7H     0072H     UNIT         ?PR?AT25SF041_WRITEENABLE?AT25SF041
            CODE    6D59H     006FH     UNIT         ?PR?_READ_TIME?PCF85063BTL
            CODE    6DC8H     005AH     UNIT         ?PR?AT25SF041_CHIPERASE?AT25SF041
            CODE    6E22H     0059H     UNIT         ?PR?LCD_INIT?LCD_DRIVER_SPLC780D
            CODE    6E7BH     0056H     UNIT         ?CO?MAIN
            CODE    6ED1H     004BH     UNIT         ?CO?UART1
            CODE    6F1CH     004AH     UNIT         ?PR?VONESTEPMOVE?BIPOLARMOTOR
            CODE    6F66H     004AH     UNIT         ?PR?ACOS?ACOS
BL51 BANKED LINKER/LOCATER V6.22                                                      08/20/2019  16:44:47  PAGE 4


            CODE    6FB0H     0044H     UNIT         ?C?LDIV
            CODE    6FF4H     0040H     UNIT         ?PR?_COMMAND?LCD_DRIVER_SPLC780D
            CODE    7034H     0040H     UNIT         ?PR?_STEP_MOVE?BIPOLARMOTOR
            CODE    7074H     003BH     UNIT         ?PR?ASIN?ASIN
            CODE    70AFH     0033H     UNIT         ?PR?_SENDSTRING?UART1
            CODE    70E2H     0031H     UNIT         ?PR?SI1120_CONFIG_MODE_VIRH?SI1120
            CODE    7113H     002BH     UNIT         ?PR?_WAIT_MS_I2C?IOEXPANDER_PI4IOE5V96248
            CODE    713EH     002BH     UNIT         ?PR?_WAIT_MS_SPINOR?AT25SF041
            CODE    7169H     002AH     UNIT         ?PR?_ADC_GETRESULT?ADC
            CODE    7193H     0028H     UNIT         ?PR?_MOVE?BIPOLARMOTOR
            CODE    71BBH     0028H     UNIT         ?CO?CALIBRATION
            CODE    71E3H     0027H     UNIT         ?PR?_I2C_SENDBYTE?IOEXPANDER_PI4IOE5V96248
            CODE    720AH     0027H     UNIT         ?PR?PUTCHAR?PUTCHAR
            CODE    7231H     0025H     UNIT         ?PR?_FINDCLOSESTSAMEDAYCALIBTIME?CALIBRATION
            CODE    7256H     0024H     UNIT         ?PR?_WAIT_MS?LCD_DRIVER_SPLC780D
            CODE    727AH     0024H     UNIT         ?PR?_UART1_SENDTOTCPSERVER?UART1
            CODE    729EH     0021H     UNIT         ?PR?TM0_ISR?MAIN
            CODE    72BFH     0020H     UNIT         ?PR?_SPI_SENDBYTE?PCF85063BTL
            CODE    72DFH     0020H     UNIT         ?PR?SPI_RECEIVEBYTE?PCF85063BTL
            CODE    72FFH     001EH     UNIT         ?PR?_DELAY_MS?KEYPAD
            CODE    731DH     001DH     UNIT         ?PR?_DISPLAYLCD?LCD_DRIVER_SPLC780D
            CODE    733AH     001BH     UNIT         ?PR?_BCDTODEC1?BIPOLARMOTOR
            CODE    7355H     001AH     UNIT         ?PR?ADC_INIT?ADC
            CODE    736FH     0018H     UNIT         ?PR?_SPI_WRITETIME?PCF85063BTL
            CODE    7387H     0017H     UNIT         ?PR?_ASCIITOBCD?UART1
            CODE    739EH     0016H     UNIT         ?PR?I2C_ACK?IOEXPANDER_PI4IOE5V96248
            CODE    73B4H     0015H     UNIT         ?PR?_DISPLAY_LINE?LCD_DRIVER_SPLC780D
            CODE    73C9H     0015H     UNIT         ?PR?VSETLOCATION?BIPOLARMOTOR
            CODE    73DEH     0015H     UNIT         ?PR?I2C_STOP?IOEXPANDER_PI4IOE5V96248
            CODE    73F3H     0014H     UNIT         ?PR?_PCF85063BTL_DELAY?PCF85063BTL
            CODE    7407H     0014H     UNIT         ?PR?_ISSPACE?ISSPACE
            CODE    741BH     0011H     UNIT         ?PR?_SPI_READTIME?PCF85063BTL
            CODE    742CH     0011H     UNIT         ?PR?_BCDTODEC?PCF85063BTL
            CODE    743DH     0011H     UNIT         ?PR?INITUART1?UART1
            CODE    744EH     000FH     UNIT         ?PR?I2C_START?IOEXPANDER_PI4IOE5V96248
            CODE    745DH     000FH     UNIT         ?PR?UC_NACK?IOEXPANDER_PI4IOE5V96248
            CODE    746CH     000FH     UNIT         ?PR?_ISDIGIT?ISDIGIT
            CODE    747BH     000DH     UNIT         ?PR?SPI_INIT?PCF85063BTL
            CODE    7488H     000DH     UNIT         ?PR?ENABLE_EXTINT0?SI1120
            CODE    7495H     000DH     UNIT         ?PR?_FABS?FABS
            CODE    74A2H     000CH     UNIT         ?PR?KEYPAD_IO_INIT?KEYPAD
            CODE    74AEH     000CH     UNIT         ?PR?_ABS?ABS
            CODE    74BAH     000AH     UNIT         ?PR?LCD_RETURN_HOME?LCD_DRIVER_SPLC780D
            CODE    74C4H     000AH     UNIT         ?PR?LCD_CLEAR?LCD_DRIVER_SPLC780D
            CODE    74CEH     0009H     UNIT         ?PR?TM1_ISR?MAIN
            CODE    74D7H     0009H     UNIT         ?PR?_SENDUART1?MAIN
            CODE    74E0H     0009H     UNIT         ?PR?UART1_INITTCPCONN?UART1
            CODE    74E9H     0006H     UNIT         ?PR?UC_ACK?IOEXPANDER_PI4IOE5V96248
            CODE    74EFH     0006H     UNIT         ?PR?_TEN?UART1
            CODE    74F5H     0001H     UNIT         ?PR?NOP?IOEXPANDER_PI4IOE5V96248
            CODE    74F6H     0001H     UNIT         ?PR?_DECTOBCD?UART1



OVERLAY MAP OF MODULE:   .\Obj\GPIO_RTC_Test (MAIN)


BL51 BANKED LINKER/LOCATER V6.22                                                      08/20/2019  16:44:47  PAGE 5


SEGMENT                                             BIT_GROUP          DATA_GROUP          XDATA_GROUP
  +--> CALLED SEGMENT                            START    LENGTH     START    LENGTH     START    LENGTH
--------------------------------------------------------------------------------------------------------
?PR?EXINT0?MAIN                                  -----    -----      -----    -----      -----    -----
  +--> ?PR?_POW?POW

?PR?_POW?POW                                     -----    -----      -----    -----      03BCH    000AH
  +--> ?PR?LOG?LOG
  +--> ?PR?EXP?EXP

?PR?LOG?LOG                                      0020H.0  0000H.1    -----    -----      03C6H    0004H

*** NEW ROOT ***************************************************

?C_C51STARTUP                                    -----    -----      -----    -----      -----    -----
  +--> ?PR?MAIN?MAIN
  +--> ?C_INITSEG

?PR?MAIN?MAIN                                    -----    -----      -----    -----      03CAH    002EH
  +--> ?PR?LCD_INIT?LCD_DRIVER_SPLC780D
  +--> ?PR?SPI_INIT?PCF85063BTL
  +--> ?PR?KEYPAD_IO_INIT?KEYPAD
  +--> ?PR?ADC_INIT?ADC
  +--> ?PR?SI1120_CONFIG_MODE_VIRH?SI1120
  +--> ?PR?ENABLE_EXTINT0?SI1120
  +--> ?PR?VSETLOCATION?BIPOLARMOTOR
  +--> ?PR?_SPI_WRITETIME?PCF85063BTL
  +--> ?PR?_DELAY_MS?KEYPAD
  +--> ?PR?_DISPLAY_LINE?LCD_DRIVER_SPLC780D
  +--> ?PR?_WRITEDATA?LCD_DRIVER_SPLC780D
  +--> ?PR?INITUART1?UART1
  +--> ?PR?UART1_INITTCPCONN?UART1
  +--> ?CO?MAIN
  +--> ?PR?_UART1_SENDTOTCPSERVER?UART1
  +--> ?PR?KEY_PROCESS?KEYPAD
  +--> ?PR?_COMMAND?LCD_DRIVER_SPLC780D
  +--> ?PR?_DISPLAY_POS?LCD_DRIVER_SPLC780D
  +--> ?PR?_DISPLAYLCD?LCD_DRIVER_SPLC780D
  +--> ?PR?_STEP_MOVE?BIPOLARMOTOR
  +--> ?PR?LCD_RETURN_HOME?LCD_DRIVER_SPLC780D
  +--> ?PR?_READ_TIME?PCF85063BTL
  +--> ?PR?_BCDTODEC1?BIPOLARMOTOR
  +--> ?PR?_SENDSTRING?UART1
  +--> ?PR?_ELEVATION_CALCULATION?BIPOLARMOTOR
  +--> ?PR?PRINTF?PRINTF
  +--> ?PR?_CALIBRATION?CALIBRATION
  +--> ?PR?_UPDATE_POSITION?BIPOLARMOTOR
  +--> ?PR?_AT25SF041_READ?AT25SF041
  +--> ?PR?_WAIT_MS_SPINOR?AT25SF041
  +--> ?PR?AT25SF041_WRITEENABLE?AT25SF041
  +--> ?PR?_AT25SF041_WRITE?AT25SF041
  +--> ?PR?_ABS?ABS
  +--> ?PR?_FABS?FABS
  +--> ?PR?SPI_NOR_WRITE_DATA?AT25SF041
  +--> ?PR?_WAIT_MS?LCD_DRIVER_SPLC780D
  +--> ?PR?LINEAR_INTERPOLATE?BIPOLARMOTOR
  +--> ?PR?_FINDCLOSESTSAMEDAYCALIBTIME?CALI...
BL51 BANKED LINKER/LOCATER V6.22                                                      08/20/2019  16:44:47  PAGE 6


  +--> ?PR?_ADC_GETRESULT?ADC
  +--> ?PR?AT25SF041_CHIPERASE?AT25SF041
  +--> ?PR?LCD_CLEAR?LCD_DRIVER_SPLC780D

?PR?LCD_INIT?LCD_DRIVER_SPLC780D                 -----    -----      -----    -----      -----    -----
  +--> ?PR?_WAIT_MS?LCD_DRIVER_SPLC780D
  +--> ?PR?_COMMAND?LCD_DRIVER_SPLC780D

?PR?_COMMAND?LCD_DRIVER_SPLC780D                 -----    -----      -----    -----      -----    -----
  +--> ?PR?_WAIT_MS?LCD_DRIVER_SPLC780D

?PR?SI1120_CONFIG_MODE_VIRH?SI1120               -----    -----      -----    -----      -----    -----
  +--> ?PR?_WAIT_MS?LCD_DRIVER_SPLC780D

?PR?_SPI_WRITETIME?PCF85063BTL                   -----    -----      -----    -----      -----    -----
  +--> ?PR?_SPI_SENDBYTE?PCF85063BTL

?PR?_SPI_SENDBYTE?PCF85063BTL                    -----    -----      -----    -----      -----    -----
  +--> ?PR?_PCF85063BTL_DELAY?PCF85063BTL

?PR?_DISPLAY_LINE?LCD_DRIVER_SPLC780D            -----    -----      -----    -----      -----    -----
  +--> ?PR?_COMMAND?LCD_DRIVER_SPLC780D

?PR?_WRITEDATA?LCD_DRIVER_SPLC780D               -----    -----      -----    -----      04F4H    0001H
  +--> ?PR?_WAIT_MS?LCD_DRIVER_SPLC780D

?PR?UART1_INITTCPCONN?UART1                      -----    -----      -----    -----      -----    -----
  +--> ?CO?UART1
  +--> ?PR?_SENDSTRING?UART1

?PR?_SENDSTRING?UART1                            -----    -----      -----    -----      04E9H    0003H
  +--> ?PR?_SENDUART1?MAIN

?PR?_UART1_SENDTOTCPSERVER?UART1                 -----    -----      -----    -----      03F8H    0003H
  +--> ?CO?UART1
  +--> ?PR?_SENDSTRING?UART1
  +--> ?PR?_DELAY_MS?KEYPAD

?PR?KEY_PROCESS?KEYPAD                           -----    -----      -----    -----      03F8H    0006H
  +--> ?PR?KEY_SCAN?KEYPAD
  +--> ?PR?_SPI_WRITETIME?PCF85063BTL
  +--> ?PR?LCD_CLEAR?LCD_DRIVER_SPLC780D
  +--> ?PR?_COMMAND?LCD_DRIVER_SPLC780D
  +--> ?PR?_WRITEDATA?LCD_DRIVER_SPLC780D

?PR?KEY_SCAN?KEYPAD                              -----    -----      -----    -----      03FEH    0003H

?PR?LCD_CLEAR?LCD_DRIVER_SPLC780D                -----    -----      -----    -----      -----    -----
  +--> ?PR?_COMMAND?LCD_DRIVER_SPLC780D

?PR?_DISPLAY_POS?LCD_DRIVER_SPLC780D             -----    -----      -----    -----      04E9H    000BH
  +--> ?PR?_ABS?ABS
  +--> ?PR?_WRITEDATA?LCD_DRIVER_SPLC780D

?PR?_DISPLAYLCD?LCD_DRIVER_SPLC780D              -----    -----      -----    -----      03F8H    0001H
  +--> ?PR?_WRITEDATA?LCD_DRIVER_SPLC780D

BL51 BANKED LINKER/LOCATER V6.22                                                      08/20/2019  16:44:47  PAGE 7


?PR?_STEP_MOVE?BIPOLARMOTOR                      0020H.2  0000H.1    -----    -----      04EDH    0004H
  +--> ?PR?VONESTEPMOVE?BIPOLARMOTOR

?PR?VONESTEPMOVE?BIPOLARMOTOR                    0020H.3  0000H.1    -----    -----      -----    -----
  +--> ?PR?_WRITE_PI4IOE5V96248?IOEXPANDER_P...
  +--> ?PR?_DELAY_MS?KEYPAD

?PR?_WRITE_PI4IOE5V96248?IOEXPANDER_P...         -----    -----      -----    -----      04F1H    0003H
  +--> ?PR?I2C_START?IOEXPANDER_PI4IOE5V96248
  +--> ?PR?_WAIT_MS_I2C?IOEXPANDER_PI4IOE5V9...
  +--> ?PR?_I2C_SENDBYTE?IOEXPANDER_PI4IOE5V...
  +--> ?PR?I2C_ACK?IOEXPANDER_PI4IOE5V96248
  +--> ?PR?I2C_STOP?IOEXPANDER_PI4IOE5V96248

?PR?I2C_START?IOEXPANDER_PI4IOE5V96248           -----    -----      -----    -----      -----    -----
  +--> ?PR?_WAIT_MS_I2C?IOEXPANDER_PI4IOE5V9...

?PR?_I2C_SENDBYTE?IOEXPANDER_PI4IOE5V...         -----    -----      -----    -----      -----    -----
  +--> ?PR?_WAIT_MS_I2C?IOEXPANDER_PI4IOE5V9...

?PR?I2C_ACK?IOEXPANDER_PI4IOE5V96248             -----    -----      -----    -----      04F4H    0001H
  +--> ?PR?_WAIT_MS_I2C?IOEXPANDER_PI4IOE5V9...

?PR?I2C_STOP?IOEXPANDER_PI4IOE5V96248            -----    -----      -----    -----      -----    -----
  +--> ?PR?_WAIT_MS_I2C?IOEXPANDER_PI4IOE5V9...

?PR?LCD_RETURN_HOME?LCD_DRIVER_SPLC780D          -----    -----      -----    -----      -----    -----
  +--> ?PR?_COMMAND?LCD_DRIVER_SPLC780D

?PR?_READ_TIME?PCF85063BTL                       -----    -----      -----    -----      04E9H    000FH
  +--> ?PR?_SPI_READTIME?PCF85063BTL

?PR?_SPI_READTIME?PCF85063BTL                    -----    -----      -----    -----      -----    -----
  +--> ?PR?_SPI_SENDBYTE?PCF85063BTL
  +--> ?PR?SPI_RECEIVEBYTE?PCF85063BTL

?PR?SPI_RECEIVEBYTE?PCF85063BTL                  -----    -----      -----    -----      -----    -----
  +--> ?PR?_PCF85063BTL_DELAY?PCF85063BTL

?PR?_ELEVATION_CALCULATION?BIPOLARMOTOR          -----    -----      -----    -----      03F8H    0005H
  +--> ?PR?_BCDTODEC1?BIPOLARMOTOR
  +--> ?PR?SUNPOS?SUNPOS
  +--> ?PR?SIN?SIN
  +--> ?PR?ASIN?ASIN

?PR?SUNPOS?SUNPOS                                -----    -----      -----    -----      0442H    005DH
  +--> ?PR?SIN?SIN
  +--> ?PR?_ATAN2?ATAN2
  +--> ?PR?ASIN?ASIN
  +--> ?PR?ACOS?ACOS

?PR?SIN?SIN                                      0020H.1  0000H.1    -----    -----      049FH    0004H

?PR?_ATAN2?ATAN2                                 -----    -----      -----    -----      049FH    0008H
  +--> ?PR?ATAN?ATAN

?PR?ATAN?ATAN                                    0020H.1  0000H.2    -----    -----      04A7H    0004H
BL51 BANKED LINKER/LOCATER V6.22                                                      08/20/2019  16:44:47  PAGE 8



?PR?ASIN?ASIN                                    -----    -----      -----    -----      -----    -----
  +--> ?PR?SQRT?SQRT
  +--> ?PR?ATAN?ATAN

?PR?SQRT?SQRT                                    -----    -----      -----    -----      049FH    0004H

?PR?ACOS?ACOS                                    -----    -----      -----    -----      -----    -----
  +--> ?PR?SQRT?SQRT
  +--> ?PR?ATAN?ATAN

?PR?PRINTF?PRINTF                                0020H.1  0001H.1    0008H    0005H      04E9H    0030H
  +--> ?PR?PUTCHAR?PUTCHAR

?PR?_CALIBRATION?CALIBRATION                     -----    -----      -----    -----      03F8H    0024H
  +--> ?PR?VOLTAGE_IS_STABLE?CALIBRATION
  +--> ?PR?_UPDATE_POSITION?BIPOLARMOTOR
  +--> ?PR?_FIND_REAL_MAX?CALIBRATION

?PR?VOLTAGE_IS_STABLE?CALIBRATION                -----    -----      -----    -----      041CH    0018H
  +--> ?PR?_ADC_GETRESULT?ADC
  +--> ?PR?_ABS?ABS

?PR?_UPDATE_POSITION?BIPOLARMOTOR                -----    -----      -----    -----      041CH    0026H
  +--> ?PR?_BCDTODEC1?BIPOLARMOTOR
  +--> ?PR?SUNPOS?SUNPOS
  +--> ?PR?SIN?SIN
  +--> ?PR?ASIN?ASIN
  +--> ?PR?_THEORICALJP_POSITION?BIPOLARMOTOR
  +--> ?PR?_FABS?FABS

?PR?_THEORICALJP_POSITION?BIPOLARMOTOR           -----    -----      -----    -----      0442H    005CH
  +--> ?PR?LINEAR_INTERPOLATE?BIPOLARMOTOR

?PR?LINEAR_INTERPOLATE?BIPOLARMOTOR              -----    -----      -----    -----      049EH    0014H

?PR?_FIND_REAL_MAX?CALIBRATION                   -----    -----      -----    -----      041CH    00CDH
  +--> ?PR?_ADC_GETRESULT?ADC
  +--> ?PR?_WAIT_MS?LCD_DRIVER_SPLC780D
  +--> ?CO?CALIBRATION
  +--> ?PR?PRINTF?PRINTF
  +--> ?PR?_SENDSTRING?UART1
  +--> ?PR?_COMMAND?LCD_DRIVER_SPLC780D
  +--> ?PR?_WRITEDATA?LCD_DRIVER_SPLC780D
  +--> ?PR?_DISPLAY_POS?LCD_DRIVER_SPLC780D
  +--> ?PR?_MOVE?BIPOLARMOTOR
  +--> ?PR?_READ_TIME?PCF85063BTL
  +--> ?PR?_BCDTODEC1?BIPOLARMOTOR
  +--> ?PR?_MAX_VALUE?CALIBRATION

?PR?_MOVE?BIPOLARMOTOR                           0020H.1  0000H.1    -----    -----      04E9H    0004H
  +--> ?PR?_STEP_MOVE?BIPOLARMOTOR

?PR?_MAX_VALUE?CALIBRATION                       -----    -----      -----    -----      04E9H    0004H

?PR?_AT25SF041_READ?AT25SF041                    -----    -----      -----    -----      03F8H    0008H
  +--> ?PR?_WAIT_MS_SPINOR?AT25SF041
BL51 BANKED LINKER/LOCATER V6.22                                                      08/20/2019  16:44:47  PAGE 9


  +--> ?PR?UCREAD_STATUS_REGISTER_BYTE1?AT25...

?PR?UCREAD_STATUS_REGISTER_BYTE1?AT25...         -----    -----      -----    -----      040EH    0003H
  +--> ?PR?_WAIT_MS_SPINOR?AT25SF041

?PR?AT25SF041_WRITEENABLE?AT25SF041              -----    -----      -----    -----      0406H    0002H
  +--> ?PR?_WAIT_MS_SPINOR?AT25SF041
  +--> ?PR?UCREAD_STATUS_REGISTER_BYTE1?AT25...

?PR?_AT25SF041_WRITE?AT25SF041                   -----    -----      -----    -----      0406H    0008H
  +--> ?PR?_WAIT_MS_SPINOR?AT25SF041
  +--> ?PR?UCREAD_STATUS_REGISTER_BYTE1?AT25...

?PR?SPI_NOR_WRITE_DATA?AT25SF041                 -----    -----      -----    -----      03F8H    000EH
  +--> ?PR?AT25SF041_WRITEENABLE?AT25SF041
  +--> ?PR?_AT25SF041_WRITE?AT25SF041
  +--> ?PR?_WAIT_MS_SPINOR?AT25SF041

?PR?AT25SF041_CHIPERASE?AT25SF041                -----    -----      -----    -----      03F8H    0002H
  +--> ?PR?_WAIT_MS_SPINOR?AT25SF041
  +--> ?PR?UCREAD_STATUS_REGISTER_BYTE1?AT25...



SYMBOL TABLE OF MODULE:  .\Obj\GPIO_RTC_Test (MAIN)

  VALUE           TYPE          NAME
  ----------------------------------

  -------         MODULE        MAIN
  C:0000H         SYMBOL        _ICE_DUMMY_
  X:0521H         PUBLIC        calib_value
  D:0080H         PUBLIC        P0
  D:0090H         PUBLIC        P1
  D:00A0H         PUBLIC        P2
  D:00B0H         PUBLIC        P3
  D:00C0H         PUBLIC        P4
  D:00C8H         PUBLIC        P5
  X:0575H         SYMBOL        PressedKey
  B:00A8H.7       PUBLIC        EA
  D:00E8H         PUBLIC        P6
  X:0579H         PUBLIC        calib_stamp
  D:00F8H         PUBLIC        P7
  X:057AH         PUBLIC        sTempString
  X:0583H         PUBLIC        calib_bool
  X:05ADH         PUBLIC        pwm_time_min
  D:00A8H         PUBLIC        IE
  X:05B1H         PUBLIC        calib_time
  X:0605H         PUBLIC        pwm_time_max
  B:0090H.7       PUBLIC        Connect_Electronics_Load
  D:00B8H         PUBLIC        IP
  B:0098H.0       PUBLIC        RI
  B:00B0H.2       PUBLIC        INT0
  X:0609H         PUBLIC        months
  B:0098H.1       PUBLIC        TI
  C:000EH         PUBLIC        Uart
  D:00D8H         PUBLIC        CCON
BL51 BANKED LINKER/LOCATER V6.22                                                      08/20/2019  16:44:47  PAGE 10


  C:0026H         PUBLIC        main
  X:060AH         PUBLIC        found_1st_point
  X:060CH         PUBLIC        i_point1
  X:060EH         PUBLIC        i_point2
  X:0610H         PUBLIC        count
  B:0090H.2       PUBLIC        Connect_IV_Load
  D:0099H         PUBLIC        SBUF
  X:0612H         PUBLIC        days
  X:0613H         PUBLIC        hours
  D:0098H         PUBLIC        SCON
  D:0089H         PUBLIC        TMOD
  D:0088H         PUBLIC        TCON
  B:00A0H.3       PUBLIC        P23
  X:0614H         SYMBOL        KeyCount
  X:0616H         PUBLIC        mins
  B:00C8H.5       PUBLIC        P55
  X:0617H         PUBLIC        diff_of_offset
  D:008EH         PUBLIC        AUXR
  C:729EH         PUBLIC        tm0_isr
  B:0090H.5       PUBLIC        SI1120_STX
  C:74CEH         PUBLIC        tm1_isr
  B:0021H.2       PUBLIC        busy
  D:00E0H         PUBLIC        ACC
  B:00A8H.1       PUBLIC        ET0
  B:00A8H.3       PUBLIC        ET1
  X:061BH         PUBLIC        SPI_NOR_INTERNAL_FLASH_ADDR
  D:008CH         PUBLIC        TH0
  D:008DH         PUBLIC        TH1
  D:008AH         PUBLIC        TL0
  D:008BH         PUBLIC        TL1
  X:061FH         PUBLIC        ii
  X:0621H         PUBLIC        jj
  B:0088H.4       PUBLIC        TR0
  B:0088H.6       PUBLIC        TR1
  X:0623H         PUBLIC        old_mins
  C:643FH         PUBLIC        exint0
  X:0624H         SYMBOL        KeyNum
  X:0625H         SYMBOL        KeyNum_Old
  X:0626H         PUBLIC        timer0_count
  X:0628H         PUBLIC        current_position
  X:062CH         PUBLIC        pwm_time
  X:0630H         PUBLIC        i
  X:0632H         PUBLIC        j
  X:0634H         PUBLIC        start_timer0_count
  X:0635H         PUBLIC        seconds
  D:00D0H         PUBLIC        PSW
  C:74D7H         PUBLIC        _SendUART1
  -------         PROC          TM0_ISR
  C:729EH         LINE#         106
  C:72A4H         LINE#         110
  C:72A7H         LINE#         111
  C:72AAH         LINE#         112
  C:72B8H         LINE#         113
  -------         ENDPROC       TM0_ISR
  -------         PROC          TM1_ISR
  C:74CEH         LINE#         114
  C:74CEH         LINE#         116
BL51 BANKED LINKER/LOCATER V6.22                                                      08/20/2019  16:44:47  PAGE 11


  C:74D0H         LINE#         118
  C:74D3H         LINE#         119
  C:74D6H         LINE#         120
  -------         ENDPROC       TM1_ISR
  -------         PROC          EXINT0
  C:643FH         LINE#         121
  C:645CH         LINE#         125
  C:645FH         LINE#         126
  C:645FH         LINE#         127
  C:6462H         LINE#         128
  C:6465H         LINE#         129
  C:6467H         LINE#         130
  C:6469H         LINE#         134
  C:646CH         LINE#         137
  C:646CH         LINE#         138
  C:646EH         LINE#         140
  C:647AH         LINE#         141
  C:64D4H         LINE#         142
  C:6512H         LINE#         143
  C:6519H         LINE#         148
  C:6519H         LINE#         150
  -------         ENDPROC       EXINT0
  -------         PROC          MAIN
  -------         DO            
  X:0519H         SYMBOL        KeyCount
  X:051BH         SYMBOL        KeyNum_Old
  X:051CH         SYMBOL        KeyNum
  X:051DH         SYMBOL        PressedKey
  X:03CAH         SYMBOL        prox_flag
  X:03CBH         SYMBOL        iUse_prevday_calib_value
  X:03CDH         SYMBOL        max_ADC_Val_JP
  X:03CFH         SYMBOL        max_ADC_Val
  X:03D1H         SYMBOL        calib_point1
  X:03D9H         SYMBOL        calib_point2
  X:03E1H         SYMBOL        dat_to_store
  X:03ECH         SYMBOL        calib_day
  X:03EEH         SYMBOL        calib_count
  X:03F0H         SYMBOL        theorical_JP_max_pos
  X:03F4H         SYMBOL        elevation
  -------         ENDDO         
  C:0026H         LINE#         152
  C:0026H         LINE#         153
  C:0026H         LINE#         158
  C:002CH         LINE#         159
  C:0031H         LINE#         161
  C:0039H         LINE#         165
  C:003FH         LINE#         166
  C:0049H         LINE#         177
  C:0051H         LINE#         178
  C:0058H         LINE#         179
  C:005EH         LINE#         181
  C:0064H         LINE#         193
  C:0067H         LINE#         194
  C:006AH         LINE#         195
  C:006DH         LINE#         197
  C:0070H         LINE#         200
  C:0073H         LINE#         201
BL51 BANKED LINKER/LOCATER V6.22                                                      08/20/2019  16:44:47  PAGE 12


  C:0076H         LINE#         203
  C:0079H         LINE#         205
  C:007CH         LINE#         206
  C:007FH         LINE#         207
  C:0082H         LINE#         208
  C:0084H         LINE#         209
  C:0086H         LINE#         210
  C:0089H         LINE#         211
  C:008BH         LINE#         212
  C:008DH         LINE#         214
  C:008FH         LINE#         215
  C:0096H         LINE#         216
  C:009DH         LINE#         217
  C:00A4H         LINE#         218
  C:00ABH         LINE#         222
  C:00B2H         LINE#         223
  C:00B7H         LINE#         224
  C:00BCH         LINE#         225
  C:00C1H         LINE#         226
  C:00C6H         LINE#         227
  C:00CBH         LINE#         230
  C:00D2H         LINE#         231
  C:00D2H         LINE#         232
  C:00F5H         LINE#         233
  C:013FH         LINE#         234
  C:0154H         LINE#         235
  C:0171H         LINE#         236
  C:0174H         LINE#         239
  C:017BH         LINE#         242
  C:017EH         LINE#         244
  C:0185H         LINE#         245
  C:018EH         LINE#         248
  C:018EH         LINE#         249
  C:018EH         LINE#         250
  C:0191H         LINE#         260
  C:0191H         LINE#         264
  C:0196H         LINE#         265
  C:019BH         LINE#         267
  C:01A0H         LINE#         269
  C:01A5H         LINE#         270
  C:01AAH         LINE#         273
  C:01BBH         LINE#         275
  C:01C0H         LINE#         276
  C:01C5H         LINE#         278
  C:01CCH         LINE#         279
  C:01D4H         LINE#         280
  C:01D9H         LINE#         281
  C:01E1H         LINE#         282
  C:01E6H         LINE#         283
  C:01F0H         LINE#         284
  C:01F5H         LINE#         285
  C:01FDH         LINE#         287
  C:0205H         LINE#         288
  C:020AH         LINE#         289
  C:0214H         LINE#         290
  C:0214H         LINE#         291
  C:0216H         LINE#         292
BL51 BANKED LINKER/LOCATER V6.22                                                      08/20/2019  16:44:47  PAGE 13


  C:0218H         LINE#         293
  C:0222H         LINE#         294
  C:0222H         LINE#         295
  C:0227H         LINE#         296
  C:0227H         LINE#         308
  C:023BH         LINE#         309
  C:023BH         LINE#         310
  C:0250H         LINE#         311
  C:025FH         LINE#         312
  C:025FH         LINE#         313
  C:0272H         LINE#         314
  C:0274H         LINE#         316
  C:0274H         LINE#         317
  C:0290H         LINE#         318
  C:0290H         LINE#         319
  C:0295H         LINE#         320
  C:0295H         LINE#         321
  C:02A9H         LINE#         322
  C:02A9H         LINE#         325
  C:02BEH         LINE#         326
  C:02CDH         LINE#         327
  C:02CDH         LINE#         328
  C:02E0H         LINE#         329
  C:02E2H         LINE#         331
  C:02E2H         LINE#         332
  C:02FEH         LINE#         333
  C:02FEH         LINE#         334
  C:0303H         LINE#         335
  C:0309H         LINE#         336
  C:0309H         LINE#         338
  C:032BH         LINE#         339
  C:032BH         LINE#         340
  C:0335H         LINE#         341
  C:033BH         LINE#         342
  C:0342H         LINE#         343
  C:0348H         LINE#         344
  C:034FH         LINE#         345
  C:034FH         LINE#         346
  C:0352H         LINE#         348
  C:0352H         LINE#         353
  C:035AH         LINE#         354
  C:0395H         LINE#         355
  C:03B3H         LINE#         356
  C:03B3H         LINE#         358
  C:03BCH         LINE#         359
  C:03C3H         LINE#         360
  C:03CCH         LINE#         361
  C:03D3H         LINE#         363
  C:03D3H         LINE#         367
  C:03E0H         LINE#         368
  C:03E0H         LINE#         375
  C:03E0H         LINE#         376
  C:0408H         LINE#         377
  C:0408H         LINE#         378
  C:042AH         LINE#         379
  C:042AH         LINE#         381
  C:0450H         LINE#         382
BL51 BANKED LINKER/LOCATER V6.22                                                      08/20/2019  16:44:47  PAGE 14


  C:04A6H         LINE#         383
  C:04AFH         LINE#         384
  C:04B6H         LINE#         385
  C:04BFH         LINE#         386
  C:04C8H         LINE#         387
  C:04CFH         LINE#         393
  C:04CFH         LINE#         399
  C:04CFH         LINE#         401
  C:054BH         LINE#         402
  C:0564H         LINE#         403
  C:0566H         LINE#         404
  C:0568H         LINE#         406
  C:05F2H         LINE#         411
  C:0620H         LINE#         412
  C:0620H         LINE#         414
  C:0656H         LINE#         415
  C:0679H         LINE#         416
  C:068EH         LINE#         417
  C:0698H         LINE#         419
  C:069BH         LINE#         421
  C:069BH         LINE#         422
  C:06C1H         LINE#         423
  C:06C1H         LINE#         424
  C:06E9H         LINE#         425
  C:0798H         LINE#         426
  C:07BEH         LINE#         427
  C:0870H         LINE#         430
  C:0870H         LINE#         432
  C:0877H         LINE#         433
  C:087AH         LINE#         436
  C:08AFH         LINE#         437
  C:08B6H         LINE#         438
  C:08B9H         LINE#         440
  C:08F3H         LINE#         441
  C:091FH         LINE#         443
  C:094EH         LINE#         445
  C:0955H         LINE#         446
  C:095CH         LINE#         447
  C:095FH         LINE#         450
  C:09C7H         LINE#         452
  C:09CEH         LINE#         454
  C:09D5H         LINE#         455
  C:09D8H         LINE#         458
  C:0A97H         LINE#         460
  C:0A9EH         LINE#         461
  C:0A9EH         LINE#         463
  C:0AA0H         LINE#         465
  C:0AA0H         LINE#         467
  C:0AA0H         LINE#         468
  C:0AA0H         LINE#         469
  C:0AA0H         LINE#         486
  C:0AA8H         LINE#         487
  C:0AB0H         LINE#         488
  C:0AB8H         LINE#         489
  C:0AC0H         LINE#         491
  C:0AD4H         LINE#         492
  C:0AEAH         LINE#         493
BL51 BANKED LINKER/LOCATER V6.22                                                      08/20/2019  16:44:47  PAGE 15


  C:0B1AH         LINE#         494
  C:0B3AH         LINE#         496
  C:0B4EH         LINE#         497
  C:0B64H         LINE#         498
  C:0B94H         LINE#         499
  C:0B9BH         LINE#         501
  C:0BBFH         LINE#         504
  C:0BEAH         LINE#         506
  C:0BF3H         LINE#         507
  C:0BFAH         LINE#         508
  C:0C03H         LINE#         509
  C:0C0CH         LINE#         510
  C:0C13H         LINE#         512
  C:0C50H         LINE#         514
  C:0C59H         LINE#         515
  C:0C60H         LINE#         516
  C:0C69H         LINE#         517
  C:0C72H         LINE#         518
  C:0C79H         LINE#         520
  C:0CA4H         LINE#         522
  C:0CADH         LINE#         523
  C:0CB4H         LINE#         524
  C:0CBDH         LINE#         525
  C:0CC6H         LINE#         526
  C:0CCDH         LINE#         528
  C:0CF8H         LINE#         530
  C:0D01H         LINE#         531
  C:0D08H         LINE#         532
  C:0D11H         LINE#         533
  C:0D18H         LINE#         534
  C:0D21H         LINE#         535
  C:0D28H         LINE#         537
  C:0D2AH         LINE#         539
  C:0D38H         LINE#         540
  C:0D38H         LINE#         541
  C:0D40H         LINE#         544
  C:0D40H         LINE#         545
  C:0D40H         LINE#         547
  C:0D65H         LINE#         548
  C:0D65H         LINE#         549
  C:0D87H         LINE#         550
  C:0D87H         LINE#         551
  C:0E03H         LINE#         552
  C:0E05H         LINE#         553
  C:0E07H         LINE#         555
  C:0E5FH         LINE#         558
  C:0E6EH         LINE#         559
  C:0E6EH         LINE#         560
  C:0E6EH         LINE#         561
  C:0E6EH         LINE#         562
  C:0E6EH         LINE#         563
  C:0E6EH         LINE#         564
  C:0E6EH         LINE#         565
  C:0E6EH         LINE#         568
  C:0E6EH         LINE#         570
  C:0E6EH         LINE#         571
  C:0E6EH         LINE#         572
BL51 BANKED LINKER/LOCATER V6.22                                                      08/20/2019  16:44:47  PAGE 16


  C:0E6EH         LINE#         573
  C:0E6EH         LINE#         577
  C:0E6EH         LINE#         579
  C:0E6EH         LINE#         581
  C:0E6EH         LINE#         582
  C:0E6EH         LINE#         583
  C:0E6EH         LINE#         584
  C:0E6EH         LINE#         585
  C:0E6EH         LINE#         586
  C:0E6EH         LINE#         589
  C:0E6EH         LINE#         591
  C:0E6EH         LINE#         592
  C:0E6EH         LINE#         593
  C:0E6EH         LINE#         594
  C:0E6EH         LINE#         595
  C:0E6EH         LINE#         596
  C:0E6EH         LINE#         597
  C:0E6EH         LINE#         599
  C:0E71H         LINE#         602
  C:0E98H         LINE#         603
  C:0E98H         LINE#         606
  C:0EBAH         LINE#         607
  C:0EBAH         LINE#         609
  C:0F36H         LINE#         611
  C:0F63H         LINE#         614
  C:0F8AH         LINE#         615
  C:1002H         LINE#         616
  C:102EH         LINE#         617
  C:10ACH         LINE#         618
  C:10AEH         LINE#         619
  C:10B0H         LINE#         621
  C:10D4H         LINE#         622
  C:10D4H         LINE#         627
  C:10FAH         LINE#         629
  C:111EH         LINE#         630
  C:1196H         LINE#         631
  C:11C2H         LINE#         632
  C:1251H         LINE#         633
  C:1258H         LINE#         634
  C:1269H         LINE#         636
  C:12D1H         LINE#         637
  C:12D3H         LINE#         639
  C:12D3H         LINE#         640
  C:1336H         LINE#         641
  C:1336H         LINE#         644
  C:1345H         LINE#         645
  C:1345H         LINE#         646
  C:13C3H         LINE#         647
  C:13CCH         LINE#         648
  C:13D3H         LINE#         649
  C:13DCH         LINE#         650
  C:13E5H         LINE#         651
  C:13ECH         LINE#         654
  C:1417H         LINE#         656
  C:1420H         LINE#         657
  C:1427H         LINE#         658
  C:1430H         LINE#         659
BL51 BANKED LINKER/LOCATER V6.22                                                      08/20/2019  16:44:47  PAGE 17


  C:1439H         LINE#         663
  C:1440H         LINE#         665
  C:146BH         LINE#         667
  C:1474H         LINE#         668
  C:147BH         LINE#         669
  C:1484H         LINE#         670
  C:148BH         LINE#         672
  C:1494H         LINE#         673
  C:149BH         LINE#         676
  C:14D9H         LINE#         678
  C:14E2H         LINE#         679
  C:14E9H         LINE#         680
  C:14F2H         LINE#         681
  C:14FBH         LINE#         682
  C:1502H         LINE#         683
  C:1502H         LINE#         685
  C:1502H         LINE#         687
  C:1502H         LINE#         688
  C:1502H         LINE#         690
  C:1502H         LINE#         694
  C:151EH         LINE#         695
  C:151EH         LINE#         696
  C:1520H         LINE#         699
  C:1523H         LINE#         701
  C:1553H         LINE#         702
  C:1553H         LINE#         703
  C:1555H         LINE#         705
  C:1564H         LINE#         706
  C:1564H         LINE#         708
  C:1567H         LINE#         710
  C:156AH         LINE#         711
  C:1571H         LINE#         713
  C:158DH         LINE#         714
  C:158DH         LINE#         715
  C:15AAH         LINE#         716
  C:15AAH         LINE#         717
  C:15B0H         LINE#         718
  C:15B3H         LINE#         721
  C:15E8H         LINE#         722
  C:15EFH         LINE#         723
  C:15F2H         LINE#         725
  C:162CH         LINE#         726
  C:1642H         LINE#         728
  C:165BH         LINE#         730
  C:1662H         LINE#         731
  C:1669H         LINE#         732
  C:166CH         LINE#         735
  C:16C1H         LINE#         737
  C:16C8H         LINE#         739
  C:16CFH         LINE#         740
  C:16D2H         LINE#         743
  C:177EH         LINE#         745
  C:1785H         LINE#         746
  C:1785H         LINE#         747
  C:1796H         LINE#         749
  C:1796H         LINE#         753
  C:179DH         LINE#         754
BL51 BANKED LINKER/LOCATER V6.22                                                      08/20/2019  16:44:47  PAGE 18


  C:179DH         LINE#         757
  C:17ACH         LINE#         758
  C:17ACH         LINE#         759
  C:17DEH         LINE#         760
  C:17DEH         LINE#         761
  C:185DH         LINE#         763
  C:1864H         LINE#         764
  C:1867H         LINE#         766
  C:18A1H         LINE#         767
  C:18B7H         LINE#         769
  C:18D0H         LINE#         771
  C:18D7H         LINE#         772
  C:18DEH         LINE#         773
  C:18E1H         LINE#         775
  C:1936H         LINE#         776
  C:193DH         LINE#         778
  C:1944H         LINE#         779
  C:1947H         LINE#         781
  C:19F3H         LINE#         782
  C:19FAH         LINE#         784
  C:1A01H         LINE#         785
  C:1A04H         LINE#         787
  C:1A28H         LINE#         788
  C:1A2FH         LINE#         789
  C:1A40H         LINE#         792
  C:1A54H         LINE#         793
  C:1A68H         LINE#         794
  C:1A77H         LINE#         795
  C:1A77H         LINE#         797
  C:1AAAH         LINE#         798
  C:1AAAH         LINE#         799
  C:1AD0H         LINE#         801
  C:1AEFH         LINE#         803
  C:1B01H         LINE#         806
  C:1B2BH         LINE#         809
  C:1B3AH         LINE#         810
  C:1B3DH         LINE#         813
  C:1B6EH         LINE#         814
  C:1B6EH         LINE#         816
  C:1B94H         LINE#         818
  C:1BB3H         LINE#         819
  C:1BC5H         LINE#         822
  C:1BEFH         LINE#         825
  C:1BFFH         LINE#         826
  C:1C05H         LINE#         827
  C:1C19H         LINE#         828
  C:1C2DH         LINE#         829
  C:1C35H         LINE#         830
  C:1C42H         LINE#         831
  C:1C42H         LINE#         832
  C:1C66H         LINE#         833
  C:1C66H         LINE#         834
  C:1CB0H         LINE#         835
  C:1CB7H         LINE#         836
  C:1CBAH         LINE#         839
  C:1CDEH         LINE#         841
  C:1CE5H         LINE#         842
BL51 BANKED LINKER/LOCATER V6.22                                                      08/20/2019  16:44:47  PAGE 19


  C:1CE8H         LINE#         844
  C:1D1BH         LINE#         845
  C:1D3AH         LINE#         847
  C:1D5CH         LINE#         849
  C:1D63H         LINE#         851
  C:1D6AH         LINE#         852
  C:1D6DH         LINE#         854
  C:1DC2H         LINE#         855
  C:1DC9H         LINE#         857
  C:1DD0H         LINE#         858
  C:1DD3H         LINE#         860
  C:1E7FH         LINE#         861
  C:1E86H         LINE#         862
  C:1E97H         LINE#         863
  C:1E97H         LINE#         864
  C:1E97H         LINE#         868
  C:1EB9H         LINE#         869
  C:1EC6H         LINE#         870
  C:1EC6H         LINE#         871
  C:1EE9H         LINE#         872
  C:1EE9H         LINE#         873
  C:1F39H         LINE#         874
  C:1F39H         LINE#         875
  C:1F40H         LINE#         876
  C:1F43H         LINE#         878
  C:1F7DH         LINE#         879
  C:1F93H         LINE#         881
  C:1FACH         LINE#         883
  C:1FB3H         LINE#         884
  C:1FBAH         LINE#         885
  C:1FBDH         LINE#         887
  C:2012H         LINE#         888
  C:2019H         LINE#         890
  C:2020H         LINE#         891
  C:2023H         LINE#         893
  C:20CFH         LINE#         894
  C:20D6H         LINE#         896
  C:20DDH         LINE#         897
  C:20E0H         LINE#         899
  C:2104H         LINE#         900
  C:210BH         LINE#         901
  C:210BH         LINE#         902
  C:211CH         LINE#         903
  C:211CH         LINE#         904
  C:211CH         LINE#         905
  C:2141H         LINE#         906
  C:2141H         LINE#         907
  C:2159H         LINE#         908
  C:2159H         LINE#         909
  C:2173H         LINE#         910
  C:2183H         LINE#         912
  C:2183H         LINE#         913
  C:2191H         LINE#         914
  C:2191H         LINE#         915
  C:2199H         LINE#         916
  C:2199H         LINE#         918
  C:21A8H         LINE#         919
BL51 BANKED LINKER/LOCATER V6.22                                                      08/20/2019  16:44:47  PAGE 20


  C:21A8H         LINE#         920
  C:21ABH         LINE#         921
  C:21B2H         LINE#         922
  C:21B7H         LINE#         923
  C:21BCH         LINE#         924
  C:21C1H         LINE#         925
  C:21C6H         LINE#         926
  C:21CBH         LINE#         936
  C:21CEH         LINE#         938
  C:21D1H         LINE#         939
  C:21D8H         LINE#         940
  C:21E2H         LINE#         941
  C:21E9H         LINE#         943
  C:21ECH         LINE#         952
  C:21ECH         LINE#         953
  -------         ENDPROC       MAIN
  -------         PROC          UART
  C:000EH         LINE#         967
  C:000EH         LINE#         969
  C:0011H         LINE#         970
  C:0011H         LINE#         971
  C:0013H         LINE#         973
  C:0013H         LINE#         974
  C:0016H         LINE#         975
  C:0016H         LINE#         976
  C:0018H         LINE#         977
  C:001AH         LINE#         978
  C:001AH         LINE#         979
  -------         ENDPROC       UART
  -------         PROC          _SENDUART1
  D:0007H         SYMBOL        dat
  C:74D7H         LINE#         981
  C:74D7H         LINE#         982
  C:74D7H         LINE#         983
  C:74DAH         LINE#         984
  C:74DCH         LINE#         985
  C:74DDH         LINE#         986
  C:74DFH         LINE#         987
  -------         ENDPROC       _SENDUART1
  -------         ENDMOD        MAIN

  -------         MODULE        PCF85063BTL
  C:0000H         SYMBOL        _ICE_DUMMY_
  D:0096H         PUBLIC        P2M0
  D:0080H         PUBLIC        P0
  D:0095H         PUBLIC        P2M1
  D:0090H         PUBLIC        P1
  D:00A0H         PUBLIC        P2
  D:00B0H         PUBLIC        P3
  D:00C0H         PUBLIC        P4
  D:00C8H         PUBLIC        P5
  D:00E8H         PUBLIC        P6
  B:00A0H.1       PUBLIC        PCF85063BTL_SDI
  D:00F8H         PUBLIC        P7
  B:00A0H.2       PUBLIC        PCF85063BTL_SCK
  B:00A0H.1       PUBLIC        PCF85063BTL_SDO
  D:00A8H         PUBLIC        IE
BL51 BANKED LINKER/LOCATER V6.22                                                      08/20/2019  16:44:47  PAGE 21


  C:6D59H         PUBLIC        _Read_time
  C:73F9H         PUBLIC        _PCF85063BTL_Delay
  D:00B8H         PUBLIC        IP
  D:00D8H         PUBLIC        CCON
  C:6BE6H         PUBLIC        _Day_Of_Year
  C:72DFH         PUBLIC        SPI_ReceiveByte
  D:0098H         PUBLIC        SCON
  D:0088H         PUBLIC        TCON
  C:742CH         PUBLIC        _BCDtoDec
  B:00A0H.0       PUBLIC        PCF85063BTL_CS
  C:741BH         PUBLIC        _SPI_ReadTime
  C:747BH         PUBLIC        SPI_Init
  C:736FH         PUBLIC        _SPI_WriteTime
  C:72BFH         PUBLIC        _SPI_SendByte
  D:00D0H         PUBLIC        PSW
  C:73F5H         SYMBOL        L?0048
  -------         PROC          L?0047
  -------         ENDPROC       L?0047
  C:73F5H         SYMBOL        L?0048
  -------         PROC          _PCF85063BTL_DELAY
  D:0006H         SYMBOL        us
  C:73F9H         LINE#         8
  C:73F9H         LINE#         9
  C:73F9H         LINE#         10
  C:7403H         LINE#         11
  C:7403H         LINE#         12
  C:7404H         LINE#         13
  C:7406H         LINE#         14
  -------         ENDPROC       _PCF85063BTL_DELAY
  -------         PROC          _SPI_SENDBYTE
  D:0005H         SYMBOL        dat
  -------         DO            
  D:0003H         SYMBOL        i
  -------         ENDDO         
  C:72BFH         LINE#         17
  C:72C1H         LINE#         18
  C:72C1H         LINE#         20
  C:72C3H         LINE#         21
  C:72C3H         LINE#         22
  C:72C5H         LINE#         23
  C:72C9H         LINE#         24
  C:72C9H         LINE#         25
  C:72CBH         LINE#         26
  C:72CDH         LINE#         28
  C:72CDH         LINE#         29
  C:72CFH         LINE#         30
  C:72CFH         LINE#         31
  C:72D2H         LINE#         32
  C:72D2H         LINE#         33
  C:72D5H         LINE#         34
  C:72D9H         LINE#         35
  C:72DEH         LINE#         36
  -------         ENDPROC       _SPI_SENDBYTE
  -------         PROC          SPI_RECEIVEBYTE
  -------         DO            
  D:0003H         SYMBOL        i
  D:0005H         SYMBOL        dat
BL51 BANKED LINKER/LOCATER V6.22                                                      08/20/2019  16:44:47  PAGE 22


  -------         ENDDO         
  C:72DFH         LINE#         39
  C:72DFH         LINE#         40
  C:72DFH         LINE#         42
  C:72E1H         LINE#         44
  C:72E3H         LINE#         45
  C:72E4H         LINE#         46
  C:72E4H         LINE#         47
  C:72E8H         LINE#         48
  C:72EAH         LINE#         49
  C:72EDH         LINE#         51
  C:72F0H         LINE#         52
  C:72F0H         LINE#         53
  C:72F4H         LINE#         54
  C:72F4H         LINE#         55
  C:72F4H         LINE#         56
  C:72F7H         LINE#         57
  C:72FCH         LINE#         58
  C:72FEH         LINE#         59
  -------         ENDPROC       SPI_RECEIVEBYTE
  -------         PROC          _SPI_READTIME
  D:0007H         SYMBOL        addr
  -------         DO            
  D:0006H         SYMBOL        dat
  -------         ENDDO         
  C:741BH         LINE#         61
  C:741BH         LINE#         62
  C:741BH         LINE#         64
  C:741DH         LINE#         65
  C:741FH         LINE#         66
  C:7426H         LINE#         67
  C:7429H         LINE#         68
  C:742BH         LINE#         69
  C:742BH         LINE#         70
  -------         ENDPROC       _SPI_READTIME
  -------         PROC          _SPI_WRITETIME
  D:0002H         SYMBOL        val
  D:0005H         SYMBOL        addr
  C:736FH         LINE#         71
  C:7371H         LINE#         72
  C:7371H         LINE#         74
  C:7373H         LINE#         75
  C:737AH         LINE#         76
  C:737FH         LINE#         77
  C:7384H         LINE#         78
  C:7386H         LINE#         79
  -------         ENDPROC       _SPI_WRITETIME
  -------         PROC          SPI_INIT
  C:747BH         LINE#         83
  C:747BH         LINE#         84
  C:747BH         LINE#         89
  C:747EH         LINE#         90
  C:7481H         LINE#         91
  C:7483H         LINE#         92
  C:7485H         LINE#         93
  C:7487H         LINE#         94
  -------         ENDPROC       SPI_INIT
BL51 BANKED LINKER/LOCATER V6.22                                                      08/20/2019  16:44:47  PAGE 23


  -------         PROC          _READ_TIME
  X:04E9H         SYMBOL        months
  X:04ECH         SYMBOL        days
  X:04EFH         SYMBOL        hours
  X:04F2H         SYMBOL        mins
  X:04F5H         SYMBOL        seconds
  C:6D59H         LINE#         96
  C:6D64H         LINE#         97
  C:6D64H         LINE#         99
  C:6D78H         LINE#         101
  C:6D8CH         LINE#         103
  C:6DA0H         LINE#         108
  C:6DB4H         LINE#         113
  -------         ENDPROC       _READ_TIME
  -------         PROC          _BCDTODEC
  D:0007H         SYMBOL        bcd
  -------         DO            
  D:0006H         SYMBOL        hi
  D:0007H         SYMBOL        lo
  -------         ENDDO         
  C:742CH         LINE#         119
  C:742CH         LINE#         120
  C:742CH         LINE#         122
  C:7431H         LINE#         123
  C:7435H         LINE#         124
  C:743CH         LINE#         125
  -------         ENDPROC       _BCDTODEC
  -------         PROC          _DAY_OF_YEAR
  D:0007H         SYMBOL        months_bcd
  D:0005H         SYMBOL        days_bcd
  -------         DO            
  D:0004H         SYMBOL        months
  D:0007H         SYMBOL        days
  -------         ENDDO         
  C:6BE6H         LINE#         126
  C:6BE6H         LINE#         127
  C:6BE6H         LINE#         130
  C:6BEBH         LINE#         132
  C:6BF0H         LINE#         134
  C:6C29H         LINE#         135
  C:6C29H         LINE#         136
  C:6C29H         LINE#         137
  C:6C2CH         LINE#         138
  C:6C2CH         LINE#         139
  C:6C2CH         LINE#         140
  C:6C31H         LINE#         141
  C:6C31H         LINE#         142
  C:6C31H         LINE#         143
  C:6C36H         LINE#         144
  C:6C36H         LINE#         145
  C:6C36H         LINE#         146
  C:6C3BH         LINE#         147
  C:6C3BH         LINE#         148
  C:6C3BH         LINE#         149
  C:6C40H         LINE#         150
  C:6C40H         LINE#         151
  C:6C40H         LINE#         152
BL51 BANKED LINKER/LOCATER V6.22                                                      08/20/2019  16:44:47  PAGE 24


  C:6C45H         LINE#         153
  C:6C45H         LINE#         154
  C:6C45H         LINE#         155
  C:6C4AH         LINE#         156
  C:6C4AH         LINE#         157
  C:6C4AH         LINE#         158
  C:6C4FH         LINE#         159
  C:6C4FH         LINE#         160
  C:6C4FH         LINE#         161
  C:6C57H         LINE#         162
  C:6C57H         LINE#         163
  C:6C57H         LINE#         164
  C:6C5CH         LINE#         165
  C:6C5CH         LINE#         166
  C:6C5CH         LINE#         167
  C:6C61H         LINE#         168
  C:6C61H         LINE#         169
  C:6C61H         LINE#         170
  C:6C6AH         LINE#         171
  C:6C6AH         LINE#         172
  C:6C6AH         LINE#         173
  C:6C6DH         LINE#         174
  C:6C6DH         LINE#         175
  -------         ENDPROC       _DAY_OF_YEAR
  -------         ENDMOD        PCF85063BTL

  -------         MODULE        LCD_DRIVER_SPLC780D
  C:0000H         SYMBOL        _ICE_DUMMY_
  D:0092H         PUBLIC        P1M0
  D:0091H         PUBLIC        P1M1
  D:0080H         PUBLIC        P0
  D:0090H         PUBLIC        P1
  D:00A0H         PUBLIC        P2
  D:00B0H         PUBLIC        P3
  D:00C0H         PUBLIC        P4
  D:00C8H         PUBLIC        P5
  D:00E8H         PUBLIC        P6
  D:00F8H         PUBLIC        P7
  C:6C72H         PUBLIC        _WriteData
  D:00A8H         PUBLIC        IE
  D:00B8H         PUBLIC        IP
  D:00D8H         PUBLIC        CCON
  B:00B0H.4       PUBLIC        LCD_D4
  B:00B0H.5       PUBLIC        LCD_D5
  B:00B0H.6       PUBLIC        LCD_D6
  C:731DH         PUBLIC        _DisplayLCD
  B:00B0H.7       PUBLIC        LCD_D7
  D:0098H         PUBLIC        SCON
  D:0088H         PUBLIC        TCON
  C:74C4H         PUBLIC        LCD_clear
  C:6FF4H         PUBLIC        _Command
  C:73B4H         PUBLIC        _Display_Line
  C:6E22H         PUBLIC        LCD_Init
  C:725CH         PUBLIC        _Wait_ms
  B:00C0H.0       PUBLIC        LCD_RS
  B:0090H.3       PUBLIC        LCD_RW
  C:74BAH         PUBLIC        LCD_return_home
BL51 BANKED LINKER/LOCATER V6.22                                                      08/20/2019  16:44:47  PAGE 25


  C:5E8DH         PUBLIC        _Display_Pos
  B:00B0H.3       PUBLIC        LCD_E
  D:00D0H         PUBLIC        PSW
  -------         PROC          LCD_INIT
  C:6E22H         LINE#         9
  C:6E22H         LINE#         10
  C:6E22H         LINE#         11
  C:6E25H         LINE#         12
  C:6E28H         LINE#         14
  C:6E2EH         LINE#         15
  C:6E33H         LINE#         17
  C:6E3AH         LINE#         18
  C:6E3FH         LINE#         20
  C:6E42H         LINE#         21
  C:6E47H         LINE#         23
  C:6E4AH         LINE#         24
  C:6E4FH         LINE#         26
  C:6E56H         LINE#         29
  C:6E5BH         LINE#         30
  C:6E60H         LINE#         32
  C:6E65H         LINE#         33
  C:6E6AH         LINE#         35
  C:6E6FH         LINE#         36
  C:6E74H         LINE#         37
  -------         ENDPROC       LCD_INIT
  C:6C6EH         SYMBOL        L?0035
  -------         PROC          L?0034
  -------         ENDPROC       L?0034
  C:6C6EH         SYMBOL        L?0035
  -------         PROC          _WRITEDATA
  X:04F4H         SYMBOL        dat
  C:6C72H         LINE#         40
  C:6C77H         LINE#         41
  C:6C77H         LINE#         46
  C:6C79H         LINE#         47
  C:6C7BH         LINE#         49
  C:6C89H         LINE#         50
  C:6C95H         LINE#         51
  C:6CA1H         LINE#         52
  C:6CABH         LINE#         53
  C:6CADH         LINE#         54
  C:6CB4H         LINE#         55
  C:6CB6H         LINE#         57
  C:6CC6H         LINE#         58
  C:6CD1H         LINE#         59
  C:6CDBH         LINE#         60
  C:6CDFH         LINE#         62
  C:6CDFH         LINE#         63
  C:6CE2H         LINE#         64
  C:6CE4H         LINE#         65
  C:6CE6H         LINE#         67
  -------         ENDPROC       _WRITEDATA
  -------         PROC          _COMMAND
  D:0007H         SYMBOL        dat
  C:6FF4H         LINE#         69
  C:6FF4H         LINE#         70
  C:6FF4H         LINE#         71
BL51 BANKED LINKER/LOCATER V6.22                                                      08/20/2019  16:44:47  PAGE 26


  C:6FF6H         LINE#         72
  C:6FF8H         LINE#         74
  C:7002H         LINE#         75
  C:7006H         LINE#         77
  C:7008H         LINE#         78
  C:7011H         LINE#         79
  C:7015H         LINE#         81
  C:7017H         LINE#         82
  C:701EH         LINE#         83
  C:7022H         LINE#         85
  C:7024H         LINE#         86
  C:7028H         LINE#         87
  C:702CH         LINE#         89
  C:702EH         LINE#         90
  C:702EH         LINE#         91
  C:7031H         LINE#         92
  C:7033H         LINE#         93
  -------         ENDPROC       _COMMAND
  C:7258H         SYMBOL        L?0037
  -------         PROC          L?0036
  -------         ENDPROC       L?0036
  C:7258H         SYMBOL        L?0037
  -------         PROC          _WAIT_MS
  D:0006H         SYMBOL        ms
  -------         DO            
  D:0004H         SYMBOL        De_Cnt
  -------         ENDDO         
  C:725CH         LINE#         95
  C:725CH         LINE#         96
  C:725CH         LINE#         98
  C:7266H         LINE#         99
  C:7266H         LINE#         100
  C:7279H         LINE#         101
  C:7279H         LINE#         102
  -------         ENDPROC       _WAIT_MS
  -------         PROC          _DISPLAYLCD
  D:0007H         SYMBOL        BCD
  -------         DO            
  D:0006H         SYMBOL        first_digit
  X:03F8H         SYMBOL        second_digit
  -------         ENDDO         
  C:731DH         LINE#         103
  C:731DH         LINE#         104
  C:731DH         LINE#         106
  C:7324H         LINE#         107
  C:732DH         LINE#         109
  C:7332H         LINE#         111
  -------         ENDPROC       _DISPLAYLCD
  -------         PROC          LCD_RETURN_HOME
  C:74BAH         LINE#         115
  C:74BAH         LINE#         116
  C:74BAH         LINE#         117
  C:74BFH         LINE#         118
  -------         ENDPROC       LCD_RETURN_HOME
  -------         PROC          LCD_CLEAR
  C:74C4H         LINE#         121
  C:74C4H         LINE#         122
BL51 BANKED LINKER/LOCATER V6.22                                                      08/20/2019  16:44:47  PAGE 27


  C:74C4H         LINE#         123
  C:74C9H         LINE#         124
  -------         ENDPROC       LCD_CLEAR
  -------         PROC          _DISPLAY_LINE
  D:0006H         SYMBOL        line
  C:73B4H         LINE#         128
  C:73B4H         LINE#         129
  C:73B4H         LINE#         130
  C:73BAH         LINE#         131
  C:73BAH         LINE#         132
  C:73BCH         LINE#         133
  C:73BCH         LINE#         134
  C:73BEH         LINE#         136
  C:73BEH         LINE#         137
  C:73C3H         LINE#         138
  C:73C8H         LINE#         139
  C:73C8H         LINE#         140
  -------         ENDPROC       _DISPLAY_LINE
  -------         PROC          _DISPLAY_POS
  X:04E9H         SYMBOL        sign_dat
  -------         DO            
  X:04EDH         SYMBOL        unit
  X:04EEH         SYMBOL        ten
  X:04EFH         SYMBOL        hundred
  X:04F0H         SYMBOL        thousand
  X:04F1H         SYMBOL        after_dot
  X:04F2H         SYMBOL        dat
  -------         ENDDO         
  C:5E8DH         LINE#         142
  C:5E93H         LINE#         143
  C:5E93H         LINE#         147
  C:5EAFH         LINE#         148
  C:5EC9H         LINE#         149
  C:5EEDH         LINE#         151
  C:5F37H         LINE#         153
  C:5F4EH         LINE#         154
  C:5F60H         LINE#         155
  C:5F85H         LINE#         156
  C:5F9FH         LINE#         157
  C:5FB7H         LINE#         158
  C:5FB7H         LINE#         159
  C:5FB7H         LINE#         160
  C:5FB7H         LINE#         161
  C:5FB7H         LINE#         162
  C:5FB7H         LINE#         163
  C:5FB7H         LINE#         164
  C:5FB7H         LINE#         168
  C:5FB9H         LINE#         170
  C:5FB9H         LINE#         172
  C:5FBEH         LINE#         173
  C:5FC4H         LINE#         174
  C:5FCAH         LINE#         175
  C:5FD0H         LINE#         176
  C:5FD6H         LINE#         177
  C:5FDBH         LINE#         178
  C:5FE1H         LINE#         182
  C:5FE1H         LINE#         184
BL51 BANKED LINKER/LOCATER V6.22                                                      08/20/2019  16:44:47  PAGE 28


  -------         ENDPROC       _DISPLAY_POS
  -------         ENDMOD        LCD_DRIVER_SPLC780D

  -------         MODULE        KEYPAD
  C:0000H         SYMBOL        _ICE_DUMMY_
  D:0093H         PUBLIC        P0M1
  D:0080H         PUBLIC        P0
  D:0090H         PUBLIC        P1
  D:00A0H         PUBLIC        P2
  D:00B0H         PUBLIC        P3
  D:00C0H         PUBLIC        P4
  D:00C8H         PUBLIC        P5
  D:00E8H         PUBLIC        P6
  D:00F8H         PUBLIC        P7
  D:00A8H         PUBLIC        IE
  C:5889H         PUBLIC        Key_Scan
  D:00B8H         PUBLIC        IP
  D:00D8H         PUBLIC        CCON
  C:74A2H         PUBLIC        KeyPad_IO_Init
  C:72FFH         PUBLIC        _Delay_ms
  D:0098H         PUBLIC        SCON
  D:0088H         PUBLIC        TCON
  X:0645H         PUBLIC        small_move
  X:0647H         PUBLIC        move
  X:0649H         PUBLIC        auto_mode
  X:064BH         PUBLIC        direction
  X:064DH         PUBLIC        SPI_NOR_ClearEnable
  C:4FB6H         PUBLIC        Key_Process
  D:00D0H         PUBLIC        PSW
  D:0094H         PUBLIC        P0M0
  -------         PROC          _DELAY_MS
  D:0006H         SYMBOL        ms
  -------         DO            
  D:0004H         SYMBOL        De_Cnt
  -------         ENDDO         
  C:72FFH         LINE#         20
  C:72FFH         LINE#         21
  C:72FFH         LINE#         23
  C:7309H         LINE#         24
  C:7309H         LINE#         25
  C:731CH         LINE#         26
  C:731CH         LINE#         27
  -------         ENDPROC       _DELAY_MS
  -------         PROC          KEY_SCAN
  -------         DO            
  X:03FEH         SYMBOL        KeyTemp1
  X:03FFH         SYMBOL        KeyTemp2
  X:0400H         SYMBOL        KeyValue
  -------         ENDDO         
  C:5889H         LINE#         28
  C:5889H         LINE#         29
  C:5889H         LINE#         34
  C:588CH         LINE#         37
  C:588FH         LINE#         39
  C:5897H         LINE#         40
  C:589EH         LINE#         41
  C:589EH         LINE#         43
BL51 BANKED LINKER/LOCATER V6.22                                                      08/20/2019  16:44:47  PAGE 29


  C:58A3H         LINE#         44
  C:58AAH         LINE#         45
  C:58AAH         LINE#         48
  C:58ADH         LINE#         49
  C:58B0H         LINE#         50
  C:58B5H         LINE#         51
  C:58B9H         LINE#         52
  C:58B9H         LINE#         53
  C:58C1H         LINE#         54
  C:58C1H         LINE#         55
  C:58C4H         LINE#         56
  C:58CCH         LINE#         57
  C:58CEH         LINE#         59
  C:58E2H         LINE#         60
  C:58E2H         LINE#         61
  C:58E2H         LINE#         62
  C:58E2H         LINE#         63
  C:58E8H         LINE#         65
  C:58EAH         LINE#         66
  C:58EAH         LINE#         67
  C:58EAH         LINE#         68
  C:58F0H         LINE#         70
  C:58F2H         LINE#         71
  C:58F2H         LINE#         72
  C:58F2H         LINE#         73
  C:58F8H         LINE#         75
  C:58FAH         LINE#         76
  C:58FAH         LINE#         77
  C:58FAH         LINE#         78
  C:5900H         LINE#         80
  C:5900H         LINE#         81
  C:5900H         LINE#         82
  C:5900H         LINE#         85
  C:5903H         LINE#         86
  C:5906H         LINE#         87
  C:590EH         LINE#         88
  C:5912H         LINE#         89
  C:5912H         LINE#         90
  C:591AH         LINE#         91
  C:591AH         LINE#         92
  C:591DH         LINE#         93
  C:5925H         LINE#         94
  C:5927H         LINE#         95
  C:593BH         LINE#         96
  C:593BH         LINE#         97
  C:593BH         LINE#         98
  C:593BH         LINE#         99
  C:5941H         LINE#         101
  C:5943H         LINE#         102
  C:5943H         LINE#         103
  C:5943H         LINE#         104
  C:5949H         LINE#         106
  C:594BH         LINE#         107
  C:594BH         LINE#         108
  C:594BH         LINE#         109
  C:5951H         LINE#         111
  C:5953H         LINE#         112
BL51 BANKED LINKER/LOCATER V6.22                                                      08/20/2019  16:44:47  PAGE 30


  C:5953H         LINE#         113
  C:5953H         LINE#         114
  C:5958H         LINE#         116
  C:5958H         LINE#         117
  C:5958H         LINE#         118
  C:5958H         LINE#         121
  C:595BH         LINE#         122
  C:595EH         LINE#         123
  C:5966H         LINE#         124
  C:596AH         LINE#         125
  C:596AH         LINE#         126
  C:5972H         LINE#         127
  C:5972H         LINE#         128
  C:5975H         LINE#         129
  C:597DH         LINE#         130
  C:597FH         LINE#         131
  C:5993H         LINE#         132
  C:5993H         LINE#         133
  C:5993H         LINE#         134
  C:5993H         LINE#         135
  C:5999H         LINE#         137
  C:599BH         LINE#         138
  C:599BH         LINE#         139
  C:599BH         LINE#         140
  C:59A1H         LINE#         142
  C:59A3H         LINE#         143
  C:59A3H         LINE#         144
  C:59A3H         LINE#         145
  C:59A9H         LINE#         147
  C:59ABH         LINE#         148
  C:59ABH         LINE#         149
  C:59ABH         LINE#         150
  C:59B1H         LINE#         152
  C:59B1H         LINE#         153
  C:59B1H         LINE#         154
  C:59B1H         LINE#         158
  C:59B4H         LINE#         159
  C:59B7H         LINE#         160
  C:59BFH         LINE#         161
  C:59C3H         LINE#         162
  C:59C3H         LINE#         163
  C:59CBH         LINE#         164
  C:59CBH         LINE#         165
  C:59CEH         LINE#         166
  C:59D6H         LINE#         167
  C:59D8H         LINE#         168
  C:59ECH         LINE#         169
  C:59ECH         LINE#         170
  C:59ECH         LINE#         171
  C:59ECH         LINE#         172
  C:59F2H         LINE#         174
  C:59F4H         LINE#         175
  C:59F4H         LINE#         176
  C:59F4H         LINE#         177
  C:59FAH         LINE#         179
  C:59FCH         LINE#         180
  C:59FCH         LINE#         181
BL51 BANKED LINKER/LOCATER V6.22                                                      08/20/2019  16:44:47  PAGE 31


  C:59FCH         LINE#         182
  C:5A02H         LINE#         184
  C:5A04H         LINE#         185
  C:5A04H         LINE#         186
  C:5A04H         LINE#         187
  C:5A0AH         LINE#         189
  C:5A0AH         LINE#         190
  C:5A0AH         LINE#         191
  C:5A0AH         LINE#         193
  C:5A10H         LINE#         194
  C:5A10H         LINE#         196
  C:5A10H         LINE#         197
  C:5A13H         LINE#         198
  C:5A13H         LINE#         199
  C:5A13H         LINE#         201
  C:5A13H         LINE#         202
  C:5A15H         LINE#         203
  C:5A15H         LINE#         204
  -------         ENDPROC       KEY_SCAN
  -------         PROC          KEY_PROCESS
  -------         DO            
  X:0636H         SYMBOL        KeyCount
  X:0637H         SYMBOL        KeyNum_Old
  X:0639H         SYMBOL        KeyNum
  X:063BH         SYMBOL        PressedKey
  X:03F8H         SYMBOL        d
  D:0002H         SYMBOL        hours
  D:0006H         SYMBOL        mins
  X:03FAH         SYMBOL        months
  X:03FCH         SYMBOL        days
  -------         ENDDO         
  C:4FB6H         LINE#         205
  C:4FB6H         LINE#         206
  C:4FB6H         LINE#         210
  C:4FC5H         LINE#         211
  C:4FD2H         LINE#         213
  C:4FD6H         LINE#         214
  C:4FD6H         LINE#         215
  C:4FDCH         LINE#         217
  C:4FDCH         LINE#         218
  C:4FF3H         LINE#         219
  C:4FF3H         LINE#         220
  C:4FFDH         LINE#         221
  C:5003H         LINE#         223
  C:5009H         LINE#         225
  C:5009H         LINE#         226
  C:5020H         LINE#         227
  C:5020H         LINE#         228
  C:5025H         LINE#         230
  C:5025H         LINE#         231
  C:5035H         LINE#         232
  C:5035H         LINE#         233
  C:503BH         LINE#         235
  C:503BH         LINE#         236
  C:504DH         LINE#         237
  C:504DH         LINE#         238
  C:5057H         LINE#         239
BL51 BANKED LINKER/LOCATER V6.22                                                      08/20/2019  16:44:47  PAGE 32


  C:505FH         LINE#         241
  C:5068H         LINE#         243
  C:5068H         LINE#         252
  C:5087H         LINE#         253
  C:5087H         LINE#         254
  C:50A6H         LINE#         255
  C:50ACH         LINE#         256
  C:50B4H         LINE#         257
  C:50B4H         LINE#         259
  C:50B5H         LINE#         265
  C:50C1H         LINE#         266
  C:50C1H         LINE#         267
  C:50DEH         LINE#         268
  C:50F5H         LINE#         269
  C:510CH         LINE#         270
  C:510CH         LINE#         271
  C:511FH         LINE#         272
  C:5132H         LINE#         273
  C:5132H         LINE#         274
  C:5132H         LINE#         275
  C:5135H         LINE#         280
  C:5144H         LINE#         281
  C:5144H         LINE#         282
  C:5167H         LINE#         283
  C:5184H         LINE#         284
  C:518DH         LINE#         285
  C:518DH         LINE#         286
  C:5194H         LINE#         287
  C:5194H         LINE#         288
  C:51A5H         LINE#         289
  C:51A5H         LINE#         290
  C:51B4H         LINE#         291
  C:51B4H         LINE#         292
  C:51B4H         LINE#         293
  C:51B7H         LINE#         295
  C:51B7H         LINE#         296
  C:51C3H         LINE#         297
  C:51C3H         LINE#         298
  C:51D5H         LINE#         299
  C:51D5H         LINE#         300
  C:51E5H         LINE#         301
  C:51E5H         LINE#         302
  C:51E5H         LINE#         304
  C:51E7H         LINE#         306
  C:51E7H         LINE#         307
  C:51F6H         LINE#         308
  C:51F6H         LINE#         309
  C:5206H         LINE#         310
  C:5206H         LINE#         311
  C:5206H         LINE#         313
  C:5206H         LINE#         315
  C:5206H         LINE#         316
  C:5208H         LINE#         318
  C:5208H         LINE#         319
  C:520FH         LINE#         320
  C:520FH         LINE#         321
  C:521EH         LINE#         322
BL51 BANKED LINKER/LOCATER V6.22                                                      08/20/2019  16:44:47  PAGE 33


  C:521EH         LINE#         323
  C:522EH         LINE#         324
  C:522EH         LINE#         325
  C:522EH         LINE#         326
  C:5230H         LINE#         328
  C:5230H         LINE#         329
  C:523FH         LINE#         330
  C:523FH         LINE#         331
  C:5252H         LINE#         332
  C:5265H         LINE#         333
  C:5265H         LINE#         334
  C:5265H         LINE#         335
  C:5265H         LINE#         336
  C:526EH         LINE#         338
  C:526EH         LINE#         340
  C:52A8H         LINE#         341
  C:52A8H         LINE#         342
  C:52AFH         LINE#         343
  C:52AFH         LINE#         344
  C:52B9H         LINE#         345
  C:52B9H         LINE#         346
  C:52BCH         LINE#         347
  C:52C1H         LINE#         348
  C:52C6H         LINE#         349
  C:52CBH         LINE#         350
  C:52D0H         LINE#         351
  C:52D5H         LINE#         352
  C:52DAH         LINE#         353
  C:52DFH         LINE#         354
  C:52DFH         LINE#         355
  C:52DFH         LINE#         357
  C:52FDH         LINE#         358
  C:52FDH         LINE#         359
  C:5304H         LINE#         360
  C:5304H         LINE#         361
  C:5309H         LINE#         362
  C:5312H         LINE#         363
  C:5331H         LINE#         364
  C:5331H         LINE#         365
  C:5341H         LINE#         367
  C:5341H         LINE#         371
  -------         ENDPROC       KEY_PROCESS
  -------         PROC          KEYPAD_IO_INIT
  C:74A2H         LINE#         374
  C:74A2H         LINE#         375
  C:74A2H         LINE#         376
  C:74A5H         LINE#         377
  C:74A8H         LINE#         378
  C:74ABH         LINE#         379
  C:74ADH         LINE#         380
  -------         ENDPROC       KEYPAD_IO_INIT
  -------         ENDMOD        KEYPAD

  -------         MODULE        BIPOLARMOTOR
  C:0000H         SYMBOL        _ICE_DUMMY_
  X:0000H         PUBLIC        UTC_time
  D:0080H         PUBLIC        P0
BL51 BANKED LINKER/LOCATER V6.22                                                      08/20/2019  16:44:47  PAGE 34


  D:0090H         PUBLIC        P1
  X:0004H         PUBLIC        RX_pos_test
  D:00A0H         PUBLIC        P2
  D:00B0H         PUBLIC        P3
  D:00C0H         PUBLIC        P4
  D:00C8H         PUBLIC        P5
  D:00E8H         PUBLIC        P6
  D:00F8H         PUBLIC        P7
  X:00A4H         PUBLIC        low_date_azimuth_mapping
  D:00A8H         PUBLIC        IE
  C:6632H         PUBLIC        linear_interpolate
  X:00CCH         PUBLIC        declination
  C:7193H         PUBLIC        _Move
  D:00B8H         PUBLIC        IP
  X:00D0H         PUBLIC        time_offset
  D:00D8H         PUBLIC        CCON
  X:00D4H         PUBLIC        previous_move_time
[...]
  C:5A92H         LINE#         326
  C:5A92H         LINE#         328
  C:5A95H         LINE#         330
  C:5AAFH         LINE#         331
  C:5AAFH         LINE#         332
  C:5AAFH         LINE#         334
  C:5AB2H         LINE#         336
  C:5ACCH         LINE#         337
  C:5ACCH         LINE#         338
BL51 BANKED LINKER/LOCATER V6.22                                                      08/20/2019  16:44:47  PAGE 55


  C:5ACCH         LINE#         340
  C:5ACFH         LINE#         342
  C:5AE9H         LINE#         343
  C:5AE9H         LINE#         344
  C:5AE9H         LINE#         346
  C:5AECH         LINE#         348
  C:5B06H         LINE#         349
  C:5B06H         LINE#         350
  C:5B06H         LINE#         352
  C:5B09H         LINE#         354
  C:5B23H         LINE#         355
  C:5B23H         LINE#         356
  C:5B23H         LINE#         358
  C:5B26H         LINE#         360
  C:5B40H         LINE#         361
  C:5B40H         LINE#         362
  C:5B40H         LINE#         364
  C:5B43H         LINE#         366
  C:5B5DH         LINE#         367
  C:5B5DH         LINE#         368
  C:5B5DH         LINE#         370
  C:5B60H         LINE#         372
  C:5B7AH         LINE#         373
  C:5B81H         LINE#         374
  -------         ENDPROC       SPI_NOR_WRITE_DATA
  -------         ENDMOD        AT25SF041

  -------         MODULE        SI1120
  C:0000H         SYMBOL        _ICE_DUMMY_
  D:0080H         PUBLIC        P0
  D:00B2H         PUBLIC        P3M0
  D:0090H         PUBLIC        P1
  D:00B1H         PUBLIC        P3M1
  D:00A0H         PUBLIC        P2
  D:00B0H         PUBLIC        P3
  D:00C0H         PUBLIC        P4
  D:00C8H         PUBLIC        P5
  B:00A8H.7       PUBLIC        EA
  D:00E8H         PUBLIC        P6
  D:00F8H         PUBLIC        P7
  D:00A8H         PUBLIC        IE
  D:00B8H         PUBLIC        IP
  C:70E2H         PUBLIC        SI1120_CONFIG_MODE_VIRH
  D:00D8H         PUBLIC        CCON
  D:0098H         PUBLIC        SCON
  D:0088H         PUBLIC        TCON
  C:7488H         PUBLIC        Enable_EXTINT0
  B:0090H.5       PUBLIC        SI1120_STX
  B:0088H.0       PUBLIC        IT0
  B:00A8H.0       PUBLIC        EX0
  B:0090H.4       PUBLIC        SI1120_MD
  B:0090H.6       PUBLIC        SI1120_SC
  D:00D0H         PUBLIC        PSW
  -------         PROC          SI1120_CONFIG_MODE_VIRH
  C:70E2H         LINE#         4
  C:70E2H         LINE#         5
  C:70E2H         LINE#         6
BL51 BANKED LINKER/LOCATER V6.22                                                      08/20/2019  16:44:47  PAGE 56


  C:70E4H         LINE#         7
  C:70E6H         LINE#         8
  C:70E8H         LINE#         10
  C:70EFH         LINE#         11
  C:70F1H         LINE#         13
  C:70F3H         LINE#         14
  C:70F5H         LINE#         16
  C:70FCH         LINE#         18
  C:70FEH         LINE#         20
  C:7105H         LINE#         23
  C:7107H         LINE#         25
  C:7109H         LINE#         27
  C:7110H         LINE#         29
  C:7112H         LINE#         31
  -------         ENDPROC       SI1120_CONFIG_MODE_VIRH
  -------         PROC          ENABLE_EXTINT0
  C:7488H         LINE#         33
  C:7488H         LINE#         34
  C:7488H         LINE#         35
  C:748BH         LINE#         36
  C:748EH         LINE#         37
  C:7490H         LINE#         38
  C:7492H         LINE#         39
  C:7494H         LINE#         40
  -------         ENDPROC       ENABLE_EXTINT0
  -------         ENDMOD        SI1120

  -------         MODULE        UART1
  C:0000H         SYMBOL        _ICE_DUMMY_
  D:0080H         PUBLIC        P0
  D:0090H         PUBLIC        P1
  D:00A0H         PUBLIC        P2
  D:00B0H         PUBLIC        P3
  D:00C0H         PUBLIC        P4
  D:00C8H         PUBLIC        P5
  C:727AH         PUBLIC        _uart1_SendToTCPServer
  B:00A8H.7       PUBLIC        EA
  D:00E8H         PUBLIC        P6
  D:00F8H         PUBLIC        P7
  C:70AFH         PUBLIC        _SendString
  D:00A8H         PUBLIC        IE
  B:00A8H.4       PUBLIC        ES
  D:00B8H         PUBLIC        IP
  C:7387H         PUBLIC        _ASCIItoBCD
  D:00D8H         PUBLIC        CCON
  C:743DH         PUBLIC        initUART1
  D:0098H         PUBLIC        SCON
  D:0088H         PUBLIC        TCON
  C:74F6H         PUBLIC        _DectoBCD
  C:001EH         PUBLIC        _ASCII_Letter
  D:008EH         PUBLIC        AUXR
  C:0006H         PUBLIC        _unit
  C:74EFH         PUBLIC        _ten
  D:00D6H         PUBLIC        T2H
  D:00D7H         PUBLIC        T2L
  C:74E0H         PUBLIC        uart1_InitTCPConn
  D:00D0H         PUBLIC        PSW
BL51 BANKED LINKER/LOCATER V6.22                                                      08/20/2019  16:44:47  PAGE 57


  -------         PROC          INITUART1
  C:743DH         LINE#         24
  C:743DH         LINE#         25
  C:743DH         LINE#         26
  C:7440H         LINE#         27
  C:7443H         LINE#         28
  C:7446H         LINE#         29
  C:7449H         LINE#         30
  C:744BH         LINE#         31
  C:744DH         LINE#         33
  -------         ENDPROC       INITUART1
  -------         PROC          _SENDSTRING
  X:04E9H         SYMBOL        s
  C:70AFH         LINE#         36
  C:70BAH         LINE#         37
  C:70BAH         LINE#         38
  C:70CAH         LINE#         39
  C:70CAH         LINE#         40
  C:70DFH         LINE#         41
  C:70E1H         LINE#         42
  -------         ENDPROC       _SENDSTRING
  -------         PROC          _TEN
  D:0007H         SYMBOL        BCD
  C:74EFH         LINE#         44
  C:74EFH         LINE#         45
  C:74EFH         LINE#         46
  C:74F4H         LINE#         47
  -------         ENDPROC       _TEN
  -------         PROC          _UNIT
  D:0007H         SYMBOL        BCD
  C:0006H         LINE#         48
  C:0006H         LINE#         49
  C:0006H         LINE#         53
  C:000AH         LINE#         54
  -------         ENDPROC       _UNIT
  -------         PROC          _DECTOBCD
  D:0007H         SYMBOL        dec
  C:74F6H         LINE#         55
  C:74F6H         LINE#         56
  C:74F6H         LINE#         58
  C:74F6H         LINE#         59
  -------         ENDPROC       _DECTOBCD
  -------         PROC          _ASCII_LETTER
  D:0007H         SYMBOL        dat
  C:001EH         LINE#         61
  C:001EH         LINE#         62
  C:001EH         LINE#         64
  C:0022H         LINE#         65
  -------         ENDPROC       _ASCII_LETTER
  -------         PROC          _ASCIITOBCD
  D:0001H         SYMBOL        ascii
  -------         DO            
  D:0007H         SYMBOL        dec_val
  D:0006H         SYMBOL        ten
  D:0007H         SYMBOL        unit
  -------         ENDDO         
  C:7387H         LINE#         67
BL51 BANKED LINKER/LOCATER V6.22                                                      08/20/2019  16:44:47  PAGE 58


  C:7387H         LINE#         68
  C:7387H         LINE#         70
  C:738AH         LINE#         71
  C:7390H         LINE#         72
  C:7397H         LINE#         73
  C:739DH         LINE#         75
  -------         ENDPROC       _ASCIITOBCD
  -------         PROC          UART1_INITTCPCONN
  C:74E0H         LINE#         77
  C:74E0H         LINE#         78
  C:74E0H         LINE#         82
  -------         ENDPROC       UART1_INITTCPCONN
  -------         PROC          _UART1_SENDTOTCPSERVER
  X:03F8H         SYMBOL        str
  C:727AH         LINE#         85
  C:7285H         LINE#         86
  C:7285H         LINE#         87
  C:728EH         LINE#         88
  C:7295H         LINE#         89
  -------         ENDPROC       _UART1_SENDTOTCPSERVER
  -------         ENDMOD        UART1

  -------         MODULE        ?C_STARTUP
  C:6B5AH         SEGMENT       ?C_C51STARTUP
  I:0022H         SEGMENT       ?STACK
  C:0000H         PUBLIC        ?C_STARTUP
  D:00E0H         SYMBOL        ACC
  D:00F0H         SYMBOL        B
  D:0083H         SYMBOL        DPH
  D:0082H         SYMBOL        DPL
  N:0000H         SYMBOL        IBPSTACK
  N:0100H         SYMBOL        IBPSTACKTOP
  N:0080H         SYMBOL        IDATALEN
  C:6B5DH         SYMBOL        IDATALOOP
  N:0000H         SYMBOL        PBPSTACK
  N:0100H         SYMBOL        PBPSTACKTOP
  N:0000H         SYMBOL        PDATALEN
  N:0000H         SYMBOL        PDATASTART
  N:0000H         SYMBOL        PPAGE
  N:0000H         SYMBOL        PPAGEENABLE
  D:00A0H         SYMBOL        PPAGE_SFR
  D:0081H         SYMBOL        SP
  C:6B5AH         SYMBOL        STARTUP1
  N:0000H         SYMBOL        XBPSTACK
  N:0000H         SYMBOL        XBPSTACKTOP
  N:0000H         SYMBOL        XDATALEN
  N:0000H         SYMBOL        XDATASTART
  C:0000H         LINE#         126
  C:6B5AH         LINE#         133
  C:6B5CH         LINE#         134
  C:6B5DH         LINE#         135
  C:6B5EH         LINE#         136
  C:6B60H         LINE#         185
  C:6B63H         LINE#         196
  -------         ENDMOD        ?C_STARTUP

  -------         MODULE        ?C?FPADD
BL51 BANKED LINKER/LOCATER V6.22                                                      08/20/2019  16:44:47  PAGE 59


  C:21F6H         PUBLIC        ?C?FPADD
  C:21F2H         PUBLIC        ?C?FPSUB
  -------         ENDMOD        ?C?FPADD

  -------         MODULE        ?C?FPMUL
  C:22E7H         PUBLIC        ?C?FPMUL
  -------         ENDMOD        ?C?FPMUL

  -------         MODULE        ?C?FPDIV
  C:23F0H         PUBLIC        ?C?FPDIV
  -------         ENDMOD        ?C?FPDIV

  -------         MODULE        ?C?FPCMP
  C:248FH         PUBLIC        ?C?FPCMP
  C:248DH         PUBLIC        ?C?FPCMP3
  -------         ENDMOD        ?C?FPCMP

  -------         MODULE        ?C?FPNEG
  C:2506H         PUBLIC        ?C?FPNEG
  -------         ENDMOD        ?C?FPNEG

  -------         MODULE        ?C?FCAST
  C:2521H         PUBLIC        ?C?FCASTC
  C:251CH         PUBLIC        ?C?FCASTI
  C:2517H         PUBLIC        ?C?FCASTL
  -------         ENDMOD        ?C?FCAST

  -------         MODULE        ?C?CASTF
  C:2555H         PUBLIC        ?C?CASTF
  -------         ENDMOD        ?C?CASTF

  -------         MODULE        PRINTF
  X:04E9H         PUBLIC        ?_PRINTF?BYTE
  X:04E9H         PUBLIC        ?_SPRINTF?BYTE
  C:4784H         PUBLIC        _PRINTF
  C:477EH         PUBLIC        _SPRINTF
  -------         ENDMOD        PRINTF

  -------         MODULE        FABS
  C:7495H         PUBLIC        _FABS
  -------         ENDMOD        FABS

  -------         MODULE        ATAN2
  X:049FH         PUBLIC        ?_atan2?BYTE
  C:6987H         PUBLIC        _atan2
  -------         ENDMOD        ATAN2

  -------         MODULE        SIN
  C:5BE7H         PUBLIC        _COS
  C:5BFDH         PUBLIC        _SIN
  C:5C39H         PUBLIC        _TAN
  -------         ENDMOD        SIN

  -------         MODULE        ACOS
  C:6F66H         PUBLIC        _ACOS
  -------         ENDMOD        ACOS

BL51 BANKED LINKER/LOCATER V6.22                                                      08/20/2019  16:44:47  PAGE 60


  -------         MODULE        ASIN
  C:7074H         PUBLIC        _ASIN
  -------         ENDMOD        ASIN

  -------         MODULE        POW
  X:03BCH         PUBLIC        ?_pow?BYTE
  C:5D27H         PUBLIC        _pow
  -------         ENDMOD        POW

  -------         MODULE        ?C?CHKFLOAT
  C:25D6H         PUBLIC        ?C?CHKFLOAT
  -------         ENDMOD        ?C?CHKFLOAT

  -------         MODULE        ?C?FPROUND
  C:25F0H         PUBLIC        ?C?FPROUND
  -------         ENDMOD        ?C?FPROUND

  -------         MODULE        ?C?FPCONVERT
  C:262DH         PUBLIC        ?C?FPCONVERT
  -------         ENDMOD        ?C?FPCONVERT

  -------         MODULE        EXP
  C:6AF8H         PUBLIC        _EXP
  -------         ENDMOD        EXP

  -------         MODULE        LOG
  C:6016H         PUBLIC        _LOG
  C:6012H         PUBLIC        _LOG10
  -------         ENDMOD        LOG

  -------         MODULE        SQRT
  C:683EH         PUBLIC        _SQRT
  -------         ENDMOD        SQRT

  -------         MODULE        ATAN
  C:612BH         PUBLIC        _ATAN
  -------         ENDMOD        ATAN

  -------         MODULE        ?C?FTNPWR
  C:27AFH         PUBLIC        ?C?FTNPWR
  -------         ENDMOD        ?C?FTNPWR

  -------         MODULE        ?C?COPY
  C:28BFH         PUBLIC        ?C?COPY
  -------         ENDMOD        ?C?COPY

  -------         MODULE        ?C?CLDPTR
  C:28E5H         PUBLIC        ?C?CLDPTR
  -------         ENDMOD        ?C?CLDPTR

  -------         MODULE        ?C?CLDOPTR
  C:28FEH         PUBLIC        ?C?CLDOPTR
  -------         ENDMOD        ?C?CLDOPTR

  -------         MODULE        ?C?CSTPTR
  C:292BH         PUBLIC        ?C?CSTPTR
  -------         ENDMOD        ?C?CSTPTR
BL51 BANKED LINKER/LOCATER V6.22                                                      08/20/2019  16:44:47  PAGE 61



  -------         MODULE        ?C?IMUL
  C:293DH         PUBLIC        ?C?IMUL
  -------         ENDMOD        ?C?IMUL

  -------         MODULE        ?C?UIDIV
  C:294FH         PUBLIC        ?C?UIDIV
  -------         ENDMOD        ?C?UIDIV

  -------         MODULE        ?C?SIDIV
  C:29A4H         PUBLIC        ?C?SIDIV
  -------         ENDMOD        ?C?SIDIV

  -------         MODULE        ?C?ILDIX
  C:29DAH         PUBLIC        ?C?ILDIX
  -------         ENDMOD        ?C?ILDIX

  -------         MODULE        ?C?ILDOPTR
  C:29F0H         PUBLIC        ?C?ILDOPTR
  -------         ENDMOD        ?C?ILDOPTR

  -------         MODULE        ?C?ISTPTR
  C:2A28H         PUBLIC        ?C?ISTPTR
  -------         ENDMOD        ?C?ISTPTR

  -------         MODULE        ?C?LMUL
  C:2A47H         PUBLIC        ?C?LMUL
  -------         ENDMOD        ?C?LMUL

  -------         MODULE        ?C?SLDIV
  C:6FB0H         PUBLIC        ?C?SLDIV
  -------         ENDMOD        ?C?SLDIV

  -------         MODULE        ?C?LNEG
  C:2A96H         PUBLIC        ?C?LNEG
  -------         ENDMOD        ?C?LNEG

  -------         MODULE        ?C?ULCMP
  C:2AA4H         PUBLIC        ?C?ULCMP
  -------         ENDMOD        ?C?ULCMP

  -------         MODULE        ?C?LSHL
  C:2AB5H         PUBLIC        ?C?LSHL
  -------         ENDMOD        ?C?LSHL

  -------         MODULE        ?C?LLDPTR
  C:2AC8H         PUBLIC        ?C?LLDPTR
  -------         ENDMOD        ?C?LLDPTR

  -------         MODULE        ?C?LLDOPTR
  C:2AE8H         PUBLIC        ?C?LLDOPTR
  -------         ENDMOD        ?C?LLDOPTR

  -------         MODULE        ?C?LSTPTR
  C:2B18H         PUBLIC        ?C?LSTPTR
  -------         ENDMOD        ?C?LSTPTR

BL51 BANKED LINKER/LOCATER V6.22                                                      08/20/2019  16:44:47  PAGE 62


  -------         MODULE        ?C?LSTOPTR
  C:2B32H         PUBLIC        ?C?LSTOPTR
  -------         ENDMOD        ?C?LSTOPTR

  -------         MODULE        ?C?LLDXDATA
  C:2B56H         PUBLIC        ?C?LLDXDATA
  -------         ENDMOD        ?C?LLDXDATA

  -------         MODULE        ?C?LLDCODE
  C:2B62H         PUBLIC        ?C?LLDCODE
  -------         ENDMOD        ?C?LLDCODE

  -------         MODULE        ?C?LLDXDATA0
  C:2B72H         PUBLIC        ?C?LLDXDATA0
  -------         ENDMOD        ?C?LLDXDATA0

  -------         MODULE        ?C?LLDCODE0
  C:2B7EH         PUBLIC        ?C?LLDCODE0
  -------         ENDMOD        ?C?LLDCODE0

  -------         MODULE        ?C?LLDPTR0
  C:2B8EH         PUBLIC        ?C?LLDPTR0
  -------         ENDMOD        ?C?LLDPTR0

  -------         MODULE        ?C?LSTXDATA
  C:2BAEH         PUBLIC        ?C?LSTXDATA
  -------         ENDMOD        ?C?LSTXDATA

  -------         MODULE        ?C?LSTKXDATA
  C:2BBAH         PUBLIC        ?C?LSTKXDATA
  -------         ENDMOD        ?C?LSTKXDATA

  -------         MODULE        ?C?LSTKPTR
  C:2BEBH         PUBLIC        ?C?LSTKPTR
  -------         ENDMOD        ?C?LSTKPTR

  -------         MODULE        ?C?OFFXADD
  C:2C05H         PUBLIC        ?C?OFFXADD
  -------         ENDMOD        ?C?OFFXADD

  -------         MODULE        ?C?PLDIXDATA
  C:2C11H         PUBLIC        ?C?PLDIXDATA
  -------         ENDMOD        ?C?PLDIXDATA

  -------         MODULE        ?C?PSTXDATA
  C:2C28H         PUBLIC        ?C?PSTXDATA
  -------         ENDMOD        ?C?PSTXDATA

  -------         MODULE        ?C?CCASE
  C:2C31H         PUBLIC        ?C?CCASE
  -------         ENDMOD        ?C?CCASE

  -------         MODULE        PUTCHAR
  C:720AH         PUBLIC        _PUTCHAR
  -------         ENDMOD        PUTCHAR

  -------         MODULE        ABS
BL51 BANKED LINKER/LOCATER V6.22                                                      08/20/2019  16:44:47  PAGE 63


  C:74AEH         PUBLIC        _ABS
  -------         ENDMOD        ABS

  -------         MODULE        ATOI
  C:6534H         PUBLIC        _atoi
  -------         ENDMOD        ATOI

  -------         MODULE        ?C?IILDX
  C:2C57H         PUBLIC        ?C?IILDX
  -------         ENDMOD        ?C?IILDX

  -------         MODULE        ?C?ULDIV
  C:2CA9H         PUBLIC        ?C?ULDIV
  -------         ENDMOD        ?C?ULDIV

  -------         MODULE        ?C?LLDIDATA
  C:2D3BH         PUBLIC        ?C?LLDIDATA
  -------         ENDMOD        ?C?LLDIDATA

  -------         MODULE        ?C?LLDPDATA
  C:2D47H         PUBLIC        ?C?LLDPDATA
  -------         ENDMOD        ?C?LLDPDATA

  -------         MODULE        ?C?LLDIDATA0
  C:2D53H         PUBLIC        ?C?LLDIDATA0
  -------         ENDMOD        ?C?LLDIDATA0

  -------         MODULE        ?C?LLDPDATA0
  C:2D60H         PUBLIC        ?C?LLDPDATA0
  -------         ENDMOD        ?C?LLDPDATA0

  -------         MODULE        ?C?LSTIDATA
  C:2D6DH         PUBLIC        ?C?LSTIDATA
  -------         ENDMOD        ?C?LSTIDATA

  -------         MODULE        ?C?LSTPDATA
  C:2D79H         PUBLIC        ?C?LSTPDATA
  -------         ENDMOD        ?C?LSTPDATA

  -------         MODULE        ?C?LSTKIDATA
  C:2D85H         PUBLIC        ?C?LSTKIDATA
  -------         ENDMOD        ?C?LSTKIDATA

  -------         MODULE        ?C?LSTKPDATA
  C:2D9EH         PUBLIC        ?C?LSTKPDATA
  -------         ENDMOD        ?C?LSTKPDATA

  -------         MODULE        ISDIGIT
  C:746CH         PUBLIC        _isdigit
  -------         ENDMOD        ISDIGIT

  -------         MODULE        ISSPACE
  C:7407H         PUBLIC        _isspace
  -------         ENDMOD        ISSPACE

*** WARNING L16: UNCALLED SEGMENT, IGNORED FOR OVERLAY PROCESS
    SEGMENT: ?PR?_DAY_OF_YEAR?PCF85063BTL
BL51 BANKED LINKER/LOCATER V6.22                                                      08/20/2019  16:44:47  PAGE 64



*** WARNING L16: UNCALLED SEGMENT, IGNORED FOR OVERLAY PROCESS
    SEGMENT: ?PR?NOP?IOEXPANDER_PI4IOE5V96248

*** WARNING L16: UNCALLED SEGMENT, IGNORED FOR OVERLAY PROCESS
    SEGMENT: ?PR?UC_ACK?IOEXPANDER_PI4IOE5V96248

*** WARNING L16: UNCALLED SEGMENT, IGNORED FOR OVERLAY PROCESS
    SEGMENT: ?PR?UC_NACK?IOEXPANDER_PI4IOE5V96248

*** WARNING L16: UNCALLED SEGMENT, IGNORED FOR OVERLAY PROCESS
    SEGMENT: ?PR?_TEN?UART1

*** WARNING L16: UNCALLED SEGMENT, IGNORED FOR OVERLAY PROCESS
    SEGMENT: ?PR?_UNIT?UART1

*** WARNING L16: UNCALLED SEGMENT, IGNORED FOR OVERLAY PROCESS
    SEGMENT: ?PR?_DECTOBCD?UART1

*** WARNING L16: UNCALLED SEGMENT, IGNORED FOR OVERLAY PROCESS
    SEGMENT: ?PR?_ASCII_LETTER?UART1

*** WARNING L16: UNCALLED SEGMENT, IGNORED FOR OVERLAY PROCESS
    SEGMENT: ?PR?_ASCIITOBCD?UART1

Program Size: data=15.4 xdata=1622 code=29943
LINK/LOCATE RUN COMPLETE.  9 WARNING(S),  0 ERROR(S)
